02-20 19:36:32.671  1917  1917 D SubscriptionInfoUpdater: Action: android.intent.action.SIM_STATE_CHANGED
02-20 19:36:32.671  1917  1917 D SubscriptionInfoUpdater: slotId: 0
02-20 19:36:32.671  1917  1917 D SubscriptionInfoUpdater: simStatus: READY
02-20 19:36:32.671  1917  1917 D SubscriptionInfoUpdater: Ignoring simStatus: READY
02-20 19:36:32.671  1917  1917 D SubscriptionInfoUpdater: [Receiver]-
02-20 19:36:32.671  1917  1917 E SST     : error parsing GprsRegistrationState: java.lang.NumberFormatException: null
02-20 19:36:32.671  1917  1917 D SST     : handlPollStateResultMessage: GsmSST setDataRegState=0 regState=1 dataRadioTechnology=14
02-20 19:36:32.672  1917  1917 D SST     : EVENT_POLL_STATE_NETWORK_SELECTION_MODE
02-20 19:36:32.672  1917  2020 D RILJ    : [3729]< SIM_IO IccIoResponse sw1:0x90 sw2:0x0 [SUB0]
02-20 19:36:32.672  1376  1482 D RIL     : onRequest: SIM_IO
02-20 19:36:32.672  1376  1482 D AT      : AT> AT+CRSM=176,28438,0,0,2
02-20 19:36:32.672  1376  1486 D AT      : AT< +CRSM: 144,0,0233
02-20 19:36:32.672  1376  1486 D AT      : AT< OK
02-20 19:36:32.672  1917  2020 D RILJ    : [3730]< SIM_IO IccIoResponse sw1:0x90 sw2:0x0 [SUB0]
02-20 19:36:32.672  1917  1917 D SST     : Poll ServiceState done:  oldSS=[0 0 voice home data home Android Android 310260 Android Android 310260  Unknown LTE CSS not supported -1 -1 RoamInd=-1 DefRoamInd=-1 EmergOnly=false IsDataRoamingFromRegistration=false IsUsingCarrierAggregation=false] newSS=[0 0 voice home data home Android Android 310260 Android Android 310260  Unknown LTE CSS not supported -1 -1 RoamInd=-1 DefRoamInd=-1 EmergOnly=false IsDataRoamingFromRegistration=false IsUsingCarrierAggregation=false] oldMaxDataCalls=1 mNewMaxDataCalls=1 oldReasonDataDenied=-1 mNewReasonDataDenied=-1
02-20 19:36:32.673  1917  1917 D RuimRecords: [RuimRecords] NO update mccmnc=310260
02-20 19:36:32.673  1917  1917 D RuimRecords: [RuimRecords] onRecordLoaded 9 requested: true
02-20 19:36:32.673  1917  1917 D RILJ    : [3731]> iccIO: SIM_IO 0xb0 0x2fe2  path: 3F00,0,0,10 aid: null [SUB0]
02-20 19:36:32.674  1376  1482 D RIL     : onRequest: SIM_IO
02-20 19:36:32.674  1376  1482 D AT      : AT> AT+CRSM=176,12258,0,0,10
02-20 19:36:32.674  1376  1486 D AT      : AT< +CRSM: 144,0,98101430121181157002
02-20 19:36:32.674  1376  1486 D AT      : AT< OK
02-20 19:36:32.674  1917  2020 D RILJ    : [3731]< SIM_IO IccIoResponse sw1:0x90 sw2:0x0 [SUB0]
02-20 19:36:32.675  1917  1917 D IccCardProxy: broadcastIccStateChangedIntent intent ACTION_SIM_STATE_CHANGED value=IMSI reason=null for mPhoneId=0
02-20 19:36:32.676  1917  1917 D SIMRecords: [SIMRecords] onRecordLoaded 15 requested: true
02-20 19:36:32.676  1917  1917 D RILJ    : [3732]> iccIO: SIM_IO 0xc0 0x6f14  path: 3F007F20,0,0,15 aid: null [SUB0]
02-20 19:36:32.677  1376  1482 D RIL     : onRequest: SIM_IO
02-20 19:36:32.677  1376  1482 D AT      : AT> AT+CRSM=192,28436,0,0,15
02-20 19:36:32.677  1917  1917 D SIMRecords: [SIMRecords] onRecordLoaded 15 requested: true
02-20 19:36:32.677  1917  1917 D SIMRecords: [SIMRecords] onRecordLoaded 14 requested: true
02-20 19:36:32.677  1917  1917 E SIMRecords: [SIMRecords] Exception in fetching EF_CSP data com.android.internal.telephony.CommandException: GENERIC_FAILURE
02-20 19:36:32.677  1917  1917 D SIMRecords: [SIMRecords] onRecordLoaded 13 requested: true
02-20 19:36:32.677  1917  1917 E SIMRecords: [SIMRecords] Exception in get GID1 com.android.internal.telephony.CommandException: GENERIC_FAILURE
02-20 19:36:32.677  1917  1917 D SIMRecords: [SIMRecords] onRecordLoaded 12 requested: true
02-20 19:36:32.677  1917  1917 E SIMRecords: [SIMRecords] Exception in get GID2 com.android.internal.telephony.CommandException: GENERIC_FAILURE
02-20 19:36:32.677  1917  1917 D SIMRecords: [SIMRecords] onRecordLoaded 11 requested: true
02-20 19:36:32.677  1917  1917 D RuimRecords: [RuimRecords] EF_PL LOADED
02-20 19:36:32.677  1917  1917 E RuimRecords: [RuimRecords] Record Load Exception: com.android.internal.telephony.CommandException: GENERIC_FAILURE
02-20 19:36:32.677  1917  1917 D RuimRecords: [RuimRecords] onRecordLoaded 8 requested: true
02-20 19:36:32.677  1376  1486 D AT      : AT< +CRSM: 144,0,000000146f1404001aa0aa01020000
02-20 19:36:32.677  1376  1486 D AT      : AT< OK
02-20 19:36:32.677  1917  2020 D RILJ    : [3732]< SIM_IO IccIoResponse sw1:0x90 sw2:0x0 [SUB0]
02-20 19:36:32.678  1917  1917 D RuimRecords: [RuimRecords] EF_CSIM_LI LOADED
02-20 19:36:32.678  1917  1917 E RuimRecords: [RuimRecords] Record Load Exception: com.android.internal.telephony.CommandException: GENERIC_FAILURE
02-20 19:36:32.678  1917  1917 D RuimRecords: [RuimRecords] onRecordLoaded 7 requested: true
02-20 19:36:32.678  1917  1917 D RuimRecords: [RuimRecords] EF_CSIM_SPN LOADED
02-20 19:36:32.678  1917  1917 E RuimRecords: [RuimRecords] Record Load Exception: com.android.internal.telephony.CommandException: GENERIC_FAILURE
02-20 19:36:32.678  1917  1917 D RuimRecords: [RuimRecords] onRecordLoaded 6 requested: true
02-20 19:36:32.678  1917  1917 D RuimRecords: [RuimRecords] EF_CSIM_MDN LOADED
02-20 19:36:32.678  1917  1917 E RuimRecords: [RuimRecords] Record Load Exception: com.android.internal.telephony.CommandException: GENERIC_FAILURE
02-20 19:36:32.678  1917  1917 D RuimRecords: [RuimRecords] onRecordLoaded 5 requested: true
02-20 19:36:32.678  1917  1917 D RuimRecords: [RuimRecords] EF_CSIM_IMSIM LOADED
02-20 19:36:32.678  1917  1917 E RuimRecords: [RuimRecords] Record Load Exception: com.android.internal.telephony.CommandException: GENERIC_FAILURE
02-20 19:36:32.678  1917  1917 D RuimRecords: [RuimRecords] onRecordLoaded 4 requested: true
02-20 19:36:32.678  1917  1917 D RuimRecords: [RuimRecords] EF_CSIM_CDMAHOME LOADED
02-20 19:36:32.678  1917  1917 E RuimRecords: [RuimRecords] Record Load Exception: com.android.internal.telephony.CommandException: GENERIC_FAILURE
02-20 19:36:32.678  1917  1917 D RuimRecords: [RuimRecords] onRecordLoaded 3 requested: true
02-20 19:36:32.678  1917  1917 D RuimRecords: [RuimRecords] EF_CSIM_EPRL LOADED
02-20 19:36:32.678  1917  1917 E RuimRecords: [RuimRecords] Record Load Exception: com.android.internal.telephony.CommandException: GENERIC_FAILURE
02-20 19:36:32.678  1917  1917 D RuimRecords: [RuimRecords] onRecordLoaded 2 requested: true
02-20 19:36:32.678  1917  1917 D RuimRecords: [RuimRecords] EF_CSIM_MIPUPP LOADED
02-20 19:36:32.678  1917  1917 E RuimRecords: [RuimRecords] Record Load Exception: com.android.internal.telephony.CommandException: GENERIC_FAILURE
02-20 19:36:32.678  1917  1917 D RuimRecords: [RuimRecords] onRecordLoaded 1 requested: true
02-20 19:36:32.678  1917  1917 D SubscriptionInfoUpdater: [Receiver]+
02-20 19:36:32.678  1917  1917 D SubscriptionInfoUpdater: Action: android.intent.action.SIM_STATE_CHANGED
02-20 19:36:32.678  1917  1917 D SubscriptionInfoUpdater: slotId: 0
02-20 19:36:32.678  1917  1917 D SubscriptionInfoUpdater: simStatus: IMSI
02-20 19:36:32.678  1917  1917 D SubscriptionInfoUpdater: Ignoring simStatus: IMSI
02-20 19:36:32.678  1917  1917 D SubscriptionInfoUpdater: [Receiver]-
02-20 19:36:32.678  1917  1917 D SIMRecords: [SIMRecords] iccid: 89014103211118510720
02-20 19:36:32.678  1917  1917 D SIMRecords: [SIMRecords] onRecordLoaded 10 requested: true
02-20 19:36:32.684  1917  1917 D SIMRecords: [SIMRecords] EF_MBI: 01000000
02-20 19:36:32.684  1917  1917 D SIMRecords: [SIMRecords] Got valid mailbox number for MBDN
02-20 19:36:32.684  1917  1917 D RILJ    : [3733]> iccIO: SIM_IO 0xc0 0x6fc7  path: 3F007F20,0,0,15 aid: null [SUB0]
02-20 19:36:32.686  1376  1482 D RIL     : onRequest: SIM_IO
02-20 19:36:32.686  1376  1482 D AT      : AT> AT+CRSM=192,28615,0,0,15
02-20 19:36:32.686  1376  1486 D AT      : AT< +CRSM: 144,0,000000406fc7040011a0aa01020120
02-20 19:36:32.686  1376  1486 D AT      : AT< OK
02-20 19:36:32.686  1917  2020 D RILJ    : [3733]< SIM_IO IccIoResponse sw1:0x90 sw2:0x0 [SUB0]
02-20 19:36:32.687  1917  1917 D SIMRecords: [SIMRecords] onRecordLoaded 10 requested: true
02-20 19:36:32.687  1917  1917 D SIMRecords: [SIMRecords] EF_AD: 00000003
02-20 19:36:32.687  1917  1917 D SIMRecords: [SIMRecords] setting4 mMncLength=3
02-20 19:36:32.687  1917  1917 D SIMRecords: [SIMRecords] update mccmnc=310260
02-20 19:36:32.687  1917  1917 D MccTable: updateMccMncConfiguration mccmnc='310260' fromServiceState=false
02-20 19:36:32.687  1917  1917 D SubscriptionController: [getPhoneId]- no sims, returning default phoneId=2147483647
02-20 19:36:32.687  1917  1917 D MccTable: updateMccMncConfiguration defaultMccMnc=
02-20 19:36:32.687  1917  1917 D MccTable: updateMccMncConfiguration: mcc=310, mnc=260
02-20 19:36:32.687  1917  1917 D MccTable: updateMccMncConfiguration updateConfig config={1.0 310mcc260mnc ?localeList ?layoutDir ?swdp ?wdp ?hdp ?density ?lsize ?long ?orien ?uimode ?night ?touch ?keyb/?/? ?nav/?}
02-20 19:36:32.688  2065  2065 W System  : ClassLoader referenced unknown path: /system/app/PrebuiltDeskClockGoogle/lib/x86_64
02-20 19:36:32.688  1679  1690 I configuration_changed: 3
02-20 19:36:32.688  1679  1690 I ActivityManager: Config changes=3 {1.0 310mcc260mnc [en_US] ldltr sw360dp w360dp h668dp 640dpi nrml long port finger -keyb/v/h -nav/h s.6}
02-20 19:36:32.694  1679  1690 I am_relaunch_resume_activity: [0,18546096,1,com.android.settings/.FallbackHome]
02-20 19:36:32.694  1937  1937 I am_on_paused_called: [0,com.android.settings.FallbackHome,handleRelaunchActivity]
02-20 19:36:32.695  1917  1917 D SIMRecords: [SIMRecords] onRecordLoaded 9 requested: true
02-20 19:36:32.695  1917  1917 D SIMRecords: [SIMRecords] EF_MWIS : 0000000000
02-20 19:36:32.695  1917  1917 D SIMRecords: [SIMRecords] onRecordLoaded 8 requested: true
02-20 19:36:32.695  1917  1917 D SIMRecords: [SIMRecords] EF_CPHS_MWI: 55
02-20 19:36:32.695  1917  1917 D SIMRecords: [SIMRecords] onRecordLoaded 7 requested: true
02-20 19:36:32.695  1917  1917 D SIMRecords: [SIMRecords] EF_CFF_CPHS: 55
02-20 19:36:32.695  1917  1917 D SIMRecords: [SIMRecords] onRecordLoaded 6 requested: true
02-20 19:36:32.695  1917  1917 D SIMRecords: [SIMRecords] onRecordLoaded 5 requested: true
02-20 19:36:32.696  1917  1917 D SIMRecords: [SIMRecords] SST: UsimServiceTable[120]={ PHONEBOOK, FDN, FDN_EXTENSION, SDN, SDN_EXTENSION, BDN, BDN_EXTENSION, OUTGOING_CALL_INFO, ADVICE_OF_CHARGE, CAP_CONFIG_PARAMS_2, GROUP_ID_LEVEL_1, GROUP_ID_LEVEL_2, SPN, USER_PLMN_SELECT, MSISDN, IMAGE, LOCALISED_SERVICE_AREAS, EMLPP, EMLPP_AUTO_ANSWER, RFU, GSM_ACCESS, DATA_DL_VIA_SMS_PP, DATA_DL_VIA_SMS_CB, CALL_CONTROL_BY_USIM, MO_SMS_CONTROL_BY_USIM, RUN_AT_COMMAND, APN_CONTROL_LIST, DEPERSONALISATION_CONTROL_KEYS, COOPERATIVE_NETWORK_LIST, GSM_SECURITY_CONTEXT, SERVICE_PROVIDER_DISPLAY_INFO, MMS_NOTIFICATION, MMS_NOTIFICATION_EXTENSION, GPRS_CALL_CONTROL_BY_USIM, VGCS_GROUP_ID_LIST, VBS_GROUP_ID_LIST, OMA_BCAST_PROFILE, GBA_LOCAL_KEY_ESTABLISHMENT, #101, #102, #103, #104, #105, #106, #107, #108, #109, #110 }
02-20 19:36:32.696  1917  1917 D SIMRecords: [SIMRecords] onRecordLoaded 4 requested: true
02-20 19:36:32.696  1917  1917 D SIMRecords: [SIMRecords] iCPHS: 0233
02-20 19:36:32.696  1917  1917 D SIMRecords: [SIMRecords] onRecordLoaded 3 requested: true
02-20 19:36:32.696  1917  1917 D RILJ    : [3734]> iccIO: SIM_IO 0xb0 0x6f14  path: 3F007F20,0,0,20 aid: null [SUB0]
02-20 19:36:32.697  1917  1917 D RuimRecords: [RuimRecords] iccid: 89014103211118510720
02-20 19:36:32.697  1917  1917 D RuimRecords: [RuimRecords] onRecordLoaded 0 requested: true
02-20 19:36:32.697  1917  1917 D RuimRecords: [RuimRecords] record load complete
02-20 19:36:32.697  1917  1917 D SIMRecords: [SIMRecords] MSISDN: [t-WgLegCyIMgfHgPkOdM6pkZbpA]
02-20 19:36:32.697  1917  1917 D SIMRecords: [SIMRecords] onRecordLoaded 2 requested: true
02-20 19:36:32.697  1917  1917 D RILJ    : [3735]> iccIO: SIM_IO 0xb2 0x6fc7  path: 3F007F20,1,4,32 aid: null [SUB0]
02-20 19:36:32.697  1376  1482 D RIL     : onRequest: SIM_IO
02-20 19:36:32.697  1376  1482 D AT      : AT> AT+CRSM=176,28436,0,0,20
02-20 19:36:32.697  1376  1486 D AT      : AT< +CRSM: 144,0,416e64726f6964ffffffffffffffffffffffffff
02-20 19:36:32.697  1376  1486 D AT      : AT< OK
02-20 19:36:32.697  1917  2020 D RILJ    : [3734]< SIM_IO IccIoResponse sw1:0x90 sw2:0x0 [SUB0]
02-20 19:36:32.698  1376  1482 D RIL     : onRequest: SIM_IO
02-20 19:36:32.698  1376  1482 D AT      : AT> AT+CRSM=178,28615,1,4,32
02-20 19:36:32.705  1937  1994 D EGL_emulation: eglMakeCurrent: 0x77691ea3a320: ver 3 0 (tinfo 0x77691ea0c340)
02-20 19:36:32.707  1937  1937 I am_on_stop_called: [0,com.android.settings.FallbackHome,destroy]
02-20 19:36:32.708  1917  2060 D DCT     : [0]hasMatchedTetherApnSetting: APN=null
02-20 19:36:32.708  1917  1917 D SIMRecords: [SIMRecords] getServiceProviderName: no brandOverride, providerName=Android
02-20 19:36:32.708  1917  1917 D SIMRecords: [SIMRecords] Load EF_SPN_CPHS: Android
02-20 19:36:32.708  1917  1917 D TelephonyManager: setTelephonyProperty: success phoneId=0 property=gsm.sim.operator.alpha value: Android propVal=Android
02-20 19:36:32.710  1917  1917 D SIMRecords: [SIMRecords] onRecordLoaded 1 requested: true
02-20 19:36:32.713  1376  1486 D AT      : AT< +CRSM: 144,0,566f6963656d61696cffffffffffffffffff07915155125740f9ffffffffffff
02-20 19:36:32.713  1376  1486 D AT      : AT< OK
02-20 19:36:32.714  1917  2020 D RILJ    : [3735]< SIM_IO IccIoResponse sw1:0x90 sw2:0x0 [SUB0]
02-20 19:36:32.715  1917  1917 D SIMRecords: [SIMRecords] VM: ADN Record 'Voicemail' '[-MWU1cAlDrkXUZ8dpHi_wU_YOpU] null' EF[MBDN]
02-20 19:36:32.715  1917  1917 D SIMRecords: [SIMRecords] onRecordLoaded 0 requested: true
02-20 19:36:32.715  1917  1917 D SIMRecords: [SIMRecords] record load complete
02-20 19:36:32.715  1917  1917 D SIMRecords: [SIMRecords] Not using EF LI/EF PL
02-20 19:36:32.715  1917  1917 D SIMRecords: [SIMRecords] EF_CFF: callForwardingEnabled=0
02-20 19:36:32.715  1917  1917 D SIMRecords: [SIMRecords] onAllRecordsLoaded set 'gsm.sim.operator.numeric' to operator='310260'
02-20 19:36:32.715  1917  1917 D SIMRecords: [SIMRecords] update icc_operator_numeric=310260
02-20 19:36:32.715  1917  1917 D TelephonyManager: setTelephonyProperty: success phoneId=0 property=gsm.sim.operator.numeric value: 310260 propVal=310260
02-20 19:36:32.717  1917  1917 D SubscriptionController: [setMccMnc]+ mcc/mnc:310/260 subId:-1
02-20 19:36:32.722  1917  1917 D SubscriptionController: notifySubscriptionInfoChanged:
02-20 19:36:32.722  1679  1679 I GnssLocationProvider: WakeLock acquired by sendMessage(12, 0, null)
02-20 19:36:32.722  1917  1933 D SubscriptionController: [getActiveSubInfoList] Sub Controller not ready
02-20 19:36:32.723  1917  1917 D SIMRecords: [SIMRecords] onAllRecordsLoaded set mcc imsi
02-20 19:36:32.723  1917  1917 D TelephonyManager: setTelephonyProperty: success phoneId=0 property=gsm.sim.operator.iso-country value: us propVal=us
02-20 19:36:32.726  1917  1917 D SST     : SubscriptionListener.onSubscriptionInfoChanged
02-20 19:36:32.726  1917  1917 D SIMRecords: [SIMRecords]  VoiceMessageCount from SIM MWIS = 0
02-20 19:36:32.726  1917  1917 E Phone   : getStoredVoiceMessageCount: invalid subId -2
02-20 19:36:32.726  1917  1917 D GsmCdmaPhone: [GsmCdmaPhone] updateVoiceMail countVoiceMessages = 0 subId -2
02-20 19:36:32.726  1917  1917 E Phone   : setVoiceMessageCount in sharedPreference: invalid subId -2
02-20 19:36:32.726  1917  1917 D DCT     : [0]SubscriptionListener.onSubscriptionInfoChanged
02-20 19:36:32.726  1917  1917 D SubscriptionController: [getActiveSubInfoList] Sub Controller not ready
02-20 19:36:32.727  1917  1917 D SubscriptionController: [getActiveSubInfoList] Sub Controller not ready
02-20 19:36:32.727  1917  1917 I Telephony: PstnIncomingCallNotifier: Unregistering: Handler (com.android.internal.telephony.GsmCdmaPhone) {f42d6e7}
02-20 19:36:32.727  1917  1917 E PhoneInterfaceManager: [PhoneIntfMgr] getIccId: No UICC
02-20 19:36:32.746  1679  1690 I Telecom : PhoneAccountRegistrar: [ComponentInfo{com.android.phone/com.android.services.telephony.TelephonyConnectionService}, [e0184adedf913b076626646d3f52c3b49c39ad6d], UserHandle{0}(addr: tel:*********** -> tel:)(icon: Icon(typ=BITMAP size=76x96) -> Icon(typ=BITMAP size=76x96))(subAddr: tel:*********** -> tel:)]: TSI.rPA@AAo
02-20 19:36:32.749  1679  1690 I Telecom : : Sending phone-account registered intent as user: TSI.rPA@AAo
02-20 19:36:32.750  1917  1917 I Telephony: AccountEntry: Registered phoneAccount: [[ ] PhoneAccount: ComponentInfo{com.android.phone/com.android.services.telephony.TelephonyConnectionService}, [e0184adedf913b076626646d3f52c3b49c39ad6d], UserHandle{0} Capabilities: CallProvider MultiUser PlaceEmerg SimSub  Schemes: tel voicemail  Extras: null GroupId: [da39a3ee5e6b4b0d3255bfef95601890afd80709]] with handle: ComponentInfo{com.android.phone/com.android.services.telephony.TelephonyConnectionService}, [e0184adedf913b076626646d3f52c3b49c39ad6d], UserHandle{0}
02-20 19:36:32.750  1917  1917 I Telephony: PstnIncomingCallNotifier: Registering: Handler (com.android.internal.telephony.GsmCdmaPhone) {f42d6e7}
02-20 19:36:32.754  1917  1917 D CAT     : CatService: handleMessage[20]
02-20 19:36:32.755  1917  1917 D GsmCdmaPhone: [GsmCdmaPhone] updateCurrentCarrierInProvider: mSubId = -2 currentDds = 1 operatorNumeric = 310260
02-20 19:36:32.755  1917  1917 D IccCardProxy: operator=310260 mPhoneId=0
02-20 19:36:32.755  1917  1917 D TelephonyManager: setTelephonyProperty: success phoneId=0 property=gsm.sim.operator.numeric value: 310260 propVal=310260
02-20 19:36:32.755  1917  1917 D TelephonyManager: setTelephonyProperty: success phoneId=0 property=gsm.sim.operator.iso-country value: us propVal=us
02-20 19:36:32.756  1917  1917 D IccCardProxy: Sending intent ACTION_INTERNAL_SIM_STATE_CHANGED for mPhoneId : 0
02-20 19:36:32.759  1917  1917 D SST     : EVENT_SIM_RECORDS_LOADED: what=16
02-20 19:36:32.759  1917  1917 D GsmCdmaPhone: [GsmCdmaPhone] updatePhoneObject: radioTechnology=0
02-20 19:36:32.760  1917  1917 D SST     : getOtasp: otasp not needed for GSM
02-20 19:36:32.760  1917  1917 D SST     : updateOtaspState: call notifyOtaspChanged old otaspMode=0 new otaspMode=3
02-20 19:36:32.760  1917  1917 D SIMRecords: [SIMRecords] getServiceProviderName: no brandOverride, providerName=Android
02-20 19:36:32.760  1917  1917 D SIMRecords: [SIMRecords] getServiceProviderName: no brandOverride, providerName=Android
02-20 19:36:32.760  1917  1917 D SST     : updateSpnDisplay: changed sending intent rule=1 showPlmn='false' plmn='Android' showSpn='true' spn='Android' dataSpn='Android' subId='-2'
02-20 19:36:32.761  1917  1917 D SubscriptionController: [setPlmnSpn] No valid subscription to store info
02-20 19:36:32.762  1917  1917 D SubscriptionController: notifySubscriptionInfoChanged:
02-20 19:36:32.762  1679  1679 I GnssLocationProvider: WakeLock acquired by sendMessage(12, 0, null)
02-20 19:36:32.762  1917  1932 D SubscriptionController: [getActiveSubInfoList] Sub Controller not ready
02-20 19:36:32.763  1917  1917 E PhoneInterfaceManager: [PhoneIntfMgr] getIccId: No UICC
02-20 19:36:32.766  1679  1979 I Telecom : PhoneAccountRegistrar: [ComponentInfo{com.android.phone/com.android.services.telephony.TelephonyConnectionService}, [e0184adedf913b076626646d3f52c3b49c39ad6d], UserHandle{0}(icon: Icon(typ=BITMAP size=76x96) -> Icon(typ=BITMAP size=76x96))]: TSI.rPA@AA0
02-20 19:36:32.768  1679  1979 I Telecom : : Sending phone-account registered intent as user: TSI.rPA@AA0
02-20 19:36:32.768  1917  1917 D SubscriptionInfoUpdater: [Receiver]+
02-20 19:36:32.768  1917  1917 D SubscriptionInfoUpdater: Action: android.intent.action.internal_sim_state_changed
02-20 19:36:32.768  1917  1917 D SubscriptionInfoUpdater: slotId: 0
02-20 19:36:32.768  1917  1917 D SubscriptionInfoUpdater: simStatus: LOADED
02-20 19:36:32.768  1917  1917 D SubscriptionInfoUpdater: [Receiver]-
02-20 19:36:32.768  1917  1917 D GsmCdmaPhone: [GsmCdmaPhone] phoneObjectUpdater: newVoiceRadioTech=0
02-20 19:36:32.771  1917  1917 D GsmCdmaPhone: [GsmCdmaPhone] phoneObjectUpdater: volteReplacementRat=0
02-20 19:36:32.771  1917  1917 E GsmCdmaPhone: [GsmCdmaPhone] phoneObjectUpdater: newVoiceRadioTech=0 doesn't match either CDMA or GSM - error! No phone change
02-20 19:36:32.771  1917  1917 D SST     : SubscriptionListener.onSubscriptionInfoChanged
02-20 19:36:32.771  1917  1917 D DCT     : [0]SubscriptionListener.onSubscriptionInfoChanged
02-20 19:36:32.772  1917  1917 D SubscriptionController: [getActiveSubInfoList] Sub Controller not ready
02-20 19:36:32.773  1917  1917 D SubscriptionController: [getActiveSubInfoList] Sub Controller not ready
02-20 19:36:32.773  1917  1917 I Telephony: PstnIncomingCallNotifier: Unregistering: Handler (com.android.internal.telephony.GsmCdmaPhone) {f42d6e7}
02-20 19:36:32.792  1917  1917 E PhoneInterfaceManager: [PhoneIntfMgr] getIccId: No UICC
02-20 19:36:32.792  1312  1326 D gralloc_ranchu: gralloc_alloc: Creating ashmem region of size 15945728
02-20 19:36:32.806  1937  1937 I am_on_resume_called: [0,com.android.settings.FallbackHome,handleRelaunchActivity]
02-20 19:36:32.806  1767  1767 D PhoneStatusBar: heads up is enabled
02-20 19:36:32.807  1679  1961 I Telecom : PhoneAccountRegistrar: [ComponentInfo{com.android.phone/com.android.services.telephony.TelephonyConnectionService}, [e0184adedf913b076626646d3f52c3b49c39ad6d], UserHandle{0}(icon: Icon(typ=BITMAP size=76x96) -> Icon(typ=BITMAP size=76x96))]: TSI.rPA@AA4
02-20 19:36:32.809  1679  1961 I Telecom : : Sending phone-account registered intent as user: TSI.rPA@AA4
02-20 19:36:32.820  1917  1917 I Telephony: AccountEntry: Registered phoneAccount: [[ ] PhoneAccount: ComponentInfo{com.android.phone/com.android.services.telephony.TelephonyConnectionService}, [e0184adedf913b076626646d3f52c3b49c39ad6d], UserHandle{0} Capabilities: CallProvider MultiUser PlaceEmerg SimSub  Schemes: tel voicemail  Extras: null GroupId: [da39a3ee5e6b4b0d3255bfef95601890afd80709]] with handle: ComponentInfo{com.android.phone/com.android.services.telephony.TelephonyConnectionService}, [e0184adedf913b076626646d3f52c3b49c39ad6d], UserHandle{0}
02-20 19:36:32.820  1917  1917 I Telephony: PstnIncomingCallNotifier: Registering: Handler (com.android.internal.telephony.GsmCdmaPhone) {f42d6e7}
02-20 19:36:32.822  1917  1917 D SubscriptionInfoUpdater: handleSimStateLoadedInternal: slotId: 0
02-20 19:36:32.822  1917  1917 D SubscriptionInfoUpdater: All IccIds query complete
02-20 19:36:32.822  1917  1917 D SubscriptionInfoUpdater: updateSubscriptionInfoByIccId:+ Start
02-20 19:36:32.822  1917  1917 D SubscriptionController: [clearSubInfo]- no simInfo size=0
02-20 19:36:32.822  1917  1917 D SubscriptionInfoUpdater: insertedSimCount = 1
02-20 19:36:32.822  1917  1917 D SubscriptionController: [getSubInfoUsingSlotIdWithCheck]+ slotId:0
02-20 19:36:32.825  1917  1917 D SubscriptionController: [getPhoneId]- no sims, returning default phoneId=2147483647
02-20 19:36:32.826  1917  1917 D SubscriptionController: [getPhoneId]- no sims, returning default phoneId=2147483647
02-20 19:36:32.826  1917  1917 D SubscriptionController: [getPhoneId]- no sims, returning default phoneId=2147483647
02-20 19:36:32.827  1917  1917 D SubscriptionController: [getSubInfoUsingSlotId]- null info return
02-20 19:36:32.827  1917  1917 D SubscriptionInfoUpdater: updateSubscriptionInfoByIccId: oldSubId = 1
02-20 19:36:32.827  1917  1917 D SubscriptionInfoUpdater: updateSubscriptionInfoByIccId: oldIccId[0] = 89014103211118510720, sIccId[0] = 89014103211118510720
02-20 19:36:32.827  1917  1917 D SubscriptionController: [addSubInfoRecord]+ iccId:89014103211118510720 slotId:0
02-20 19:36:32.842  1917  1917 D SubscriptionController: [getActiveSubInfoList] Sub Controller not ready
02-20 19:36:32.843  1917  1917 D SubscriptionController: [addSubInfoRecord] Record already exists
02-20 19:36:32.848  1917  2060 D SubscriptionController: [getActiveSubInfoList] Sub Controller not ready
02-20 19:36:32.852  1917  1917 D SubscriptionController: [addSubInfoRecord] sSlotIdxToSubId.size=1 slotId=0 subId=1 defaultSubId=1 simCount=1
02-20 19:36:32.856  1917  1917 D SubscriptionController: [setDefaultFallbackSubId] subId=1
02-20 19:36:32.857  1917  1917 D SubscriptionController: [setDefaultFallbackSubId] set mDefaultFallbackSubId=1
02-20 19:36:32.857  1917  1917 D MccTable: updateMccMncConfiguration mccmnc='310260' fromServiceState=false
02-20 19:36:32.863  1917  1917 D MccTable: updateMccMncConfiguration defaultMccMnc=310260
02-20 19:36:32.863  1917  1917 D MccTable: updateMccMncConfiguration: mcc=310, mnc=260
02-20 19:36:32.863  1917  1917 D MccTable: updateMccMncConfiguration updateConfig config={1.0 310mcc260mnc ?localeList ?layoutDir ?swdp ?wdp ?hdp ?density ?lsize ?long ?orien ?uimode ?night ?touch ?keyb/?/? ?nav/?}
02-20 19:36:32.908  1679  1692 W GnssLocationProvider: Could not open GPS configuration file /etc/gps.conf
02-20 19:36:32.908  1679  1692 E GnssLocationProvider: no AGPS interface in set_agps_server
02-20 19:36:32.925  1679  1700 I dvm_lock_sample: [system_server,1,android.display,88,WindowManagerService.java,6036,-,2857,17]
02-20 19:36:32.926  1917  1917 D SubscriptionController: [setDefaultFallbackSubId] broadcast default subId changed phoneId=0 subId=1
02-20 19:36:32.927  1917  1917 D SubscriptionController: [addSubInfoRecord] one sim set defaults to subId=1
02-20 19:36:32.958  1917  1917 D SubscriptionController: [setDefaultDataSubId] num phones=1, subId=1
02-20 19:36:32.958  1917  1917 D SubscriptionController: [setDefaultDataSubId] phoneId=0 subId=1 RAF=1
02-20 19:36:32.958  1917  1917 D ProxyController: setRadioCapability: Already in requested configuration, nothing to do.
02-20 19:36:32.958  1917  1917 D SubscriptionController: [updateAllDataConnectionTrackers] sPhones.length=1
02-20 19:36:32.958  1917  1917 D SubscriptionController: [updateAllDataConnectionTrackers] phoneId=0
02-20 19:36:32.959  1917  1917 D DCT     : [0]update sub = 1
02-20 19:36:32.959  1917  1917 D DCT     : [0]update(): Active DDS, register for all events now!
02-20 19:36:32.959  1917  1917 D DCT     : [0]New records found.
02-20 19:36:32.959  1917  1917 D SST     : mDeviceShuttingDown=false, mDesiredPowerState=true, getRadioState=RADIO_ON, mPowerOffDelayNeed=true, mAlarmSwitch=false, mRadioDisabledByCarrier=false
02-20 19:36:32.959  1917  1917 D GsmCdmaPhone: [GsmCdmaPhone] updateCurrentCarrierInProvider: mSubId = 1 currentDds = 1 operatorNumeric = 310260
02-20 19:36:32.976  1917  1932 D RILJ    : [3736]> RIL_REQUEST_GET_CELL_INFO_LIST [SUB0]
02-20 19:36:32.977  1376  1482 D RIL     : onRequest: GET_CELL_INFO_LIST
02-20 19:36:32.977  1376  1482 D RILC    : responseCellInfoList: v12
02-20 19:36:32.977  1917  2020 D RILJ    : [3736]< RIL_REQUEST_GET_CELL_INFO_LIST [CellInfoGsm:{mRegistered=YES mTimeStampType=modem mTimeStamp=13182250830ns CellIdentityGsm:{ mMcc=310 mMnc=260 mLac=3 mCid=91 mArfcn=10 mBsic=0x0} CellSignalStrengthGsm: ss=729805240 ber=29816 mTa=735267964}] [SUB0]
02-20 19:36:33.010  1679  1692 W GnssLocationProvider: Could not open GPS configuration file /etc/gps.conf
02-20 19:36:33.026  1679  1692 E GnssLocationProvider: no AGPS interface in set_agps_server
02-20 19:36:33.026  1679  1692 I GnssLocationProvider: WakeLock released by handleMessage(12, 0, null)
02-20 19:36:33.028  1917  1917 D SubscriptionController: [broadcastDefaultDataSubIdChanged] subId=1
02-20 19:36:33.030  1917  1917 D SubscriptionController: [setDefaultSmsSubId] subId=1
02-20 19:36:33.030  1917  1917 D SubscriptionController: [broadcastDefaultSmsSubIdChanged] subId=1
02-20 19:36:33.032  1917  1917 D SubscriptionController: [setDefaultVoiceSubId] subId=1
02-20 19:36:33.033  1917  1917 D SubscriptionController: [broadcastDefaultVoiceSubIdChanged] subId=1
02-20 19:36:33.033  1917  1917 D SubscriptionController: [addSubInfoRecord] hashmap(0,1)
02-20 19:36:33.059  1679  1692 W GnssLocationProvider: Could not open GPS configuration file /etc/gps.conf
02-20 19:36:33.059  1679  1692 E GnssLocationProvider: no AGPS interface in set_agps_server
02-20 19:36:33.060  1679  1692 I GnssLocationProvider: WakeLock released by handleMessage(12, 0, null)
02-20 19:36:33.077  1917  1917 D SubscriptionController: [addSubInfoRecord] sim name = Android
02-20 19:36:33.077  1917  1917 D DCT     : [0]update sub = 1
02-20 19:36:33.077  1917  1917 D DCT     : [0]update(): Active DDS, register for all events now!
02-20 19:36:33.077  1917  1917 D GsmCdmaPhone: [GsmCdmaPhone] updateCurrentCarrierInProvider: mSubId = 1 currentDds = 1 operatorNumeric = 310260
02-20 19:36:33.081  1937  1994 D EGL_emulation: eglMakeCurrent: 0x77691ea3a320: ver 3 0 (tinfo 0x77691ea0c340)
02-20 19:36:33.162  1917  1917 D SubscriptionController: [addSubInfoRecord]- info size=1
02-20 19:36:33.162  1917  1917 D SubscriptionInfoUpdater: newSim = false
02-20 19:36:33.162  1917  1917 D SubscriptionInfoUpdater: updateSubscriptionInfoByIccId: sInsertSimState[0] = 0
02-20 19:36:33.163  1679  1694 W WindowManager: Keyguard drawn timeout. Setting mKeyguardDrawComplete
02-20 19:36:33.163  1679  1700 I dvm_lock_sample: [system_server,1,android.display,81,WindowManagerService.java,8857,-,2857,16]
02-20 19:36:33.179  1767  1767 I Choreographer: Skipped 55 frames!  The application may be doing too much work on its main thread.
02-20 19:36:33.180  1679  1694 V KeyguardServiceDelegate: *** Keyguard connected (yay!)
02-20 19:36:33.182  1312  1326 I SurfaceFlinger: Boot is finished (11498 ms)
02-20 19:36:33.183  1312  1326 I sf_stop_bootanim: 13388
02-20 19:36:33.183  1917  1917 D SubscriptionInfoUpdater: updateSubscriptionInfoByIccId: nSubCount = 1
02-20 19:36:33.184  1917  1917 D SubscriptionController: [setDefaultDataSubId] num phones=1, subId=1
02-20 19:36:33.184  1917  1917 D SubscriptionController: [setDefaultDataSubId] phoneId=0 subId=1 RAF=1
02-20 19:36:33.184  1917  1917 D ProxyController: setRadioCapability: Already in requested configuration, nothing to do.
02-20 19:36:33.184  1917  1917 D SubscriptionController: [updateAllDataConnectionTrackers] sPhones.length=1
02-20 19:36:33.184  1917  1917 D SubscriptionController: [updateAllDataConnectionTrackers] phoneId=0
02-20 19:36:33.184  1917  1917 D DCT     : [0]update sub = 1
02-20 19:36:33.184  1917  1917 D DCT     : [0]update(): Active DDS, register for all events now!
02-20 19:36:33.184  1917  1917 D GsmCdmaPhone: [GsmCdmaPhone] updateCurrentCarrierInProvider: mSubId = 1 currentDds = 1 operatorNumeric = 310260
02-20 19:36:33.185  1767  1767 D ViewRootImpl[StatusBar]: changeCanvasOpacity: opaque=true
02-20 19:36:33.193  2065  2065 I GAv4    : Google Analytics 9.2.56 is starting up. To enable debug logging on a device run:
02-20 19:36:33.193  2065  2065 I GAv4    :   adb shell setprop log.tag.GAv4 DEBUG
02-20 19:36:33.193  2065  2065 I GAv4    :   adb logcat -s GAv4
02-20 19:36:33.205  1917  1917 D SubscriptionController: [broadcastDefaultDataSubIdChanged] subId=1
02-20 19:36:33.206  1917  1917 D SubscriptionController: notifySubscriptionInfoChanged:
02-20 19:36:33.206  1917  2098 D SubscriptionMonitor: Phone[0] subId changed -2->1, 1 registrants
02-20 19:36:33.206  1679  1679 I GnssLocationProvider: WakeLock acquired by sendMessage(12, 0, null)
02-20 19:36:33.206  1917  2098 D SubscriptionMonitor: mDefaultDataSubId = 1, 1 registrants
02-20 19:36:33.207  1917  1917 D SubscriptionInfoUpdater: updateSubscriptionInfoByIccId:- SsubscriptionInfo update complete
02-20 19:36:33.207  1917  1917 D MccTable: updateMccMncConfiguration mccmnc='310260' fromServiceState=false
02-20 19:36:33.207  1917  1917 D MccTable: updateMccMncConfiguration defaultMccMnc=310260
02-20 19:36:33.207  1917  1917 D MccTable: updateMccMncConfiguration: mcc=310, mnc=260
02-20 19:36:33.207  1917  1917 D MccTable: updateMccMncConfiguration updateConfig config={1.0 310mcc260mnc ?localeList ?layoutDir ?swdp ?wdp ?hdp ?density ?lsize ?long ?orien ?uimode ?night ?touch ?keyb/?/? ?nav/?}
02-20 19:36:33.211  2065  2103 W GAv4    : AnalyticsReceiver is not registered or is disabled. Register the receiver for reliable dispatching on non-Google Play devices. See http://goo.gl/8Rd3yj for instructions.
02-20 19:36:33.214  2065  2103 W GAv4    : CampaignTrackingReceiver is not registered, not exported or is disabled. Installation campaign tracking is not possible. See http://goo.gl/8Rd3yj for instructions.
02-20 19:36:33.215  2065  2103 W GAv4    : AnalyticsService not registered in the app manifest. Hits might not be delivered reliably. See http://goo.gl/8Rd3yj for instructions.
02-20 19:36:33.224  1917  1917 D SubscriptionController: [setMccMnc]+ mcc/mnc:310/260 subId:1
02-20 19:36:33.231  1679  1692 W GnssLocationProvider: Could not open GPS configuration file /etc/gps.conf
02-20 19:36:33.231  1679  1692 E GnssLocationProvider: no AGPS interface in set_agps_server
02-20 19:36:33.239  1679  1692 I GnssLocationProvider: WakeLock released by handleMessage(12, 0, null)
02-20 19:36:33.251  1917  1917 D SubscriptionController: notifySubscriptionInfoChanged:
02-20 19:36:33.251  1679  1679 I GnssLocationProvider: WakeLock acquired by sendMessage(12, 0, null)
02-20 19:36:33.258  2065  2065 I AlarmClock: AlarmInitReceiver android.intent.action.TIME_SET
02-20 19:36:33.262  1917  1917 D SubscriptionController: [getActiveSubscriptionInfo]+ subId=1 subInfo={id=1, iccId=89014103211118510720 simSlotIndex=0 displayName=Android carrierName=Android nameSource=0 iconTint=-16746133 dataRoaming=0 iconBitmap=android.graphics.Bitmap@68eb4a8 mcc 310 mnc 260}
02-20 19:36:33.262  1917  1917 D SubscriptionInfoUpdater: sim name = Android
02-20 19:36:32.503     0     0 I init    : Service 'bootanim' (pid 1335) exited with status 0
02-20 19:36:32.505     0     0 I init    : Starting service 'exec 6 (/system/bin/bootstat)'...
02-20 19:36:33.306  2108  2108 I auditd  : type=1400 audit(0.0:11): avc: denied { getattr } for comm="bootstat" path="/vendor" dev="rootfs" ino=4006 scontext=u:r:bootstat:s0 tcontext=u:object_r:rootfs:s0 tclass=lnk_file permissive=0
02-20 19:36:33.306  2108  2108 W bootstat: type=1400 audit(0.0:11): avc: denied { getattr } for path="/vendor" dev="rootfs" ino=4006 scontext=u:r:bootstat:s0 tcontext=u:object_r:rootfs:s0 tclass=lnk_file permissive=0
02-20 19:36:33.298  1917  1917 D SubscriptionInfoUpdater: Broadcasting intent ACTION_SIM_STATE_CHANGED LOADED reason null for mCardIndex: 0
02-20 19:36:33.299  1679  1679 D WifiService: resetting networks because SIM was loaded
02-20 19:36:33.299  1679  1737 D WifiStateMachine: resetting EAP-SIM/AKA/AKA' networks since SIM was changed
02-20 19:36:33.303  1917  1917 D CarrierConfigLoader: update config for phoneId: 0 simState: LOADED
02-20 19:36:33.303  1917  1917 D CarrierSvcBindHelper: update binding for phoneId: 0 simState: LOADED
02-20 19:36:33.310  1917  1917 D SubscriptionController: [getActiveSubscriptionInfo]+ subId=1 subInfo={id=1, iccId=89014103211118510720 simSlotIndex=0 displayName=Android carrierName=Android nameSource=0 iconTint=-16746133 dataRoaming=0 iconBitmap=android.graphics.Bitmap@d6e7354 mcc 310 mnc 260}
02-20 19:36:33.314  1679  2094 I Telecom : PhoneAccountRegistrar: [ComponentInfo{com.android.phone/com.android.services.telephony.TelephonyConnectionService}, [e0184adedf913b076626646d3f52c3b49c39ad6d], UserHandle{0}(icon: Icon(typ=BITMAP size=76x96) -> Icon(typ=BITMAP size=76x96))]: TSI.rPA@ABE
02-20 19:36:33.315  1679  2094 I Telecom : : Sending phone-account registered intent as user: TSI.rPA@ABE
02-20 19:36:33.318  1917  1917 D DCT     : [0]onRecordsLoadedOrSubIdChanged: createAllApnList
02-20 19:36:33.319  1917  1917 D DCT     : [0]createAllApnList: selection=numeric = '310260'
02-20 19:36:33.323  1312  1312 I sf_frame_dur: [BootAnimation,0,12,222,16,0,0,0]
02-20 19:36:33.325  1917  1917 D DCT     : [0]createApnList: X result=[[ApnSettingV3] T-Mobile US, 1, 310260, epc.tmobile.com, , http://mms.msg.eng.t-mobile.com/mms/wapenc, , , , -1, *, IP, IP, true, 0, 0, 0, false, 0, 0, 0, 0, , , false]
02-20 19:36:33.326  1917  1917 D TelephonyProvider: subIdString = 1 subId = 1
02-20 19:36:33.328  2108  2108 I bootstat: Service started: /system/bin/bootstat --record_boot_complete 
02-20 19:36:33.329  2108  2108 I bootstat: Logging histogram: bootstat_mtime_matches_content 1
02-20 19:36:33.329  2108  2108 I sysui_histogram: [bootstat_mtime_matches_content,1]
02-20 19:36:33.331  1679  1692 W GnssLocationProvider: Could not open GPS configuration file /etc/gps.conf
02-20 19:36:33.331  1679  1692 E GnssLocationProvider: no AGPS interface in set_agps_server
02-20 19:36:33.331  2108  2108 I bootstat: Logging histogram: bootstat_mtime_matches_content 1
02-20 19:36:33.331  2108  2108 I sysui_histogram: [bootstat_mtime_matches_content,1]
02-20 19:36:33.331  2108  2108 I bootstat: Logging histogram: bootstat_mtime_matches_content 1
02-20 19:36:33.331  2108  2108 I sysui_histogram: [bootstat_mtime_matches_content,1]
02-20 19:36:33.333  1679  1692 I GnssLocationProvider: WakeLock released by handleMessage(12, 0, null)
02-20 19:36:33.346  1917  1917 D DCT     : [0]getPreferredApn: mRequestedApnType=default cursor=android.content.ContentResolver$CursorWrapperInner@d9ddf9f cursor.count=1
02-20 19:36:33.346  1917  1917 D DCT     : [0]getPreferredApn: apnSetting=[ApnSettingV3] T-Mobile US, 1, 310260, epc.tmobile.com, , http://mms.msg.eng.t-mobile.com/mms/wapenc, , , , -1, *, IP, IP, true, 0, 0, 0, false, 0, 0, 0, 0, , , false
02-20 19:36:33.346  1917  1917 D DCT     : [0]getPreferredApn: X found apnSetting[ApnSettingV3] T-Mobile US, 1, 310260, epc.tmobile.com, , http://mms.msg.eng.t-mobile.com/mms/wapenc, , , , -1, *, IP, IP, true, 0, 0, 0, false, 0, 0, 0, 0, , , false
02-20 19:36:33.346  1917  1917 D DCT     : [0]createAllApnList: mPreferredApn=[ApnSettingV3] T-Mobile US, 1, 310260, epc.tmobile.com, , http://mms.msg.eng.t-mobile.com/mms/wapenc, , , , -1, *, IP, IP, true, 0, 0, 0, false, 0, 0, 0, 0, , , false
02-20 19:36:33.346  1917  1917 D DCT     : [0]createAllApnList: X mAllApnSettings=[[ApnSettingV3] T-Mobile US, 1, 310260, epc.tmobile.com, , http://mms.msg.eng.t-mobile.com/mms/wapenc, , , , -1, *, IP, IP, true, 0, 0, 0, false, 0, 0, 0, 0, , , false]
02-20 19:36:33.346  1917  1917 D DCT     : [0]setDataProfilesAsNeeded
02-20 19:36:33.346  1917  1917 D DCT     : [0]setInitialApn: E mPreferredApn=[ApnSettingV3] T-Mobile US, 1, 310260, epc.tmobile.com, , http://mms.msg.eng.t-mobile.com/mms/wapenc, , , , -1, *, IP, IP, true, 0, 0, 0, false, 0, 0, 0, 0, , , false
02-20 19:36:33.346  1917  1917 D DCT     : [0]setInitialApn: firstApnSetting=[ApnSettingV3] T-Mobile US, 1, 310260, epc.tmobile.com, , http://mms.msg.eng.t-mobile.com/mms/wapenc, , , , -1, *, IP, IP, true, 0, 0, 0, false, 0, 0, 0, 0, , , false
02-20 19:36:33.346  1917  1917 D DCT     : [0]setInitialApn: defaultApnSetting=[ApnSettingV3] T-Mobile US, 1, 310260, epc.tmobile.com, , http://mms.msg.eng.t-mobile.com/mms/wapenc, , , , -1, *, IP, IP, true, 0, 0, 0, false, 0, 0, 0, 0, , , false
02-20 19:36:33.346  1917  1917 D DCT     : [0]setInitialAttachApn: using mPreferredApn
02-20 19:36:33.346  1917  1917 D DCT     : [0]setInitialAttachApn: X selected Apn=[ApnSettingV3] T-Mobile US, 1, 310260, epc.tmobile.com, , http://mms.msg.eng.t-mobile.com/mms/wapenc, , , , -1, *, IP, IP, true, 0, 0, 0, false, 0, 0, 0, 0, , , false
02-20 19:36:33.346  1917  1917 D RILJ    : Set RIL_REQUEST_SET_INITIAL_ATTACH_APN [SUB0]
02-20 19:36:33.346  1917  1917 D RILJ    : [3737]> RIL_REQUEST_SET_INITIAL_ATTACH_APN, apn:epc.tmobile.com, protocol:IP, authType:-1, username:none, password:none [SUB0]
02-20 19:36:33.346  1917  1917 D DCT     : [0]onRecordsLoadedOrSubIdChanged: notifying data availability
02-20 19:36:33.347  1376  1482 D RIL     : onRequest: RIL_REQUEST_SET_INITIAL_ATTACH_APN
02-20 19:36:33.347  1376  1482 D RIL     : Request not supported. Tech: 1
02-20 19:36:33.347  1917  2020 D RilRequest: [3737]< RIL_REQUEST_SET_INITIAL_ATTACH_APN error: com.android.internal.telephony.CommandException: REQUEST_NOT_SUPPORTED ret=
02-20 19:36:33.348  1679  1856 D TelephonyRegistry: Notify data connection state changed on sub: 1
02-20 19:36:33.348  1679  1856 D TelephonyRegistry: Notify data connection state changed on sub: 1
02-20 19:36:33.358  1679  1692 W GnssLocationProvider: Could not open GPS configuration file /etc/gps.conf
02-20 19:36:33.358  1679  1692 E GnssLocationProvider: no AGPS interface in set_agps_server
02-20 19:36:33.376  1917  1917 D DCT     : [0]setupDataOnConnectableApns: simLoaded hipri:[state=IDLE,enabled=false] mms:[state=IDLE,enabled=false] supl:[state=IDLE,enabled=false] ia:[state=IDLE,enabled=false] fota:[state=IDLE,enabled=false] ims:[state=IDLE,enabled=false] cbs:[state=IDLE,enabled=false] default:[state=IDLE,enabled=false] emergency:[state=IDLE,enabled=false] 
02-20 19:36:33.377  1917  1917 I Telephony: PstnIncomingCallNotifier: Unregistering: Handler (com.android.internal.telephony.GsmCdmaPhone) {f42d6e7}
02-20 19:36:32.558     0     0 I init    : Service 'exec 6 (/system/bin/bootstat)' (pid 2108) exited with status 0
02-20 19:36:32.568     0     0 I init    : Starting service 'exec 7 (/system/bin/bootstat)'...
02-20 19:36:32.585     0     0 I init    : Service 'exec 7 (/system/bin/bootstat)' (pid 2111) exited with status 0
02-20 19:36:32.592     0     0 I init    : Starting service 'exec 8 (/system/bin/bootstat)'...
02-20 19:36:32.597     0     0 I init    : Service 'exec 8 (/system/bin/bootstat)' (pid 2112) exited with status 0
02-20 19:36:33.379  2111  2111 I bootstat: Service started: /system/bin/bootstat --record_boot_reason 
02-20 19:36:33.379  2111  2111 I bootstat: Unknown boot reason: 
02-20 19:36:33.391  2112  2112 I bootstat: Service started: /system/bin/bootstat --record_time_since_factory_reset 
02-20 19:36:33.391  2112  2112 I bootstat: Logging histogram: factory_reset_current_time 1519155393
02-20 19:36:33.391  2112  2112 I sysui_histogram: [factory_reset_current_time,1519155393]
02-20 19:36:33.391  2112  2112 I bootstat: Logging histogram: bootstat_mtime_matches_content 1
02-20 19:36:33.391  2112  2112 I sysui_histogram: [bootstat_mtime_matches_content,1]
02-20 19:36:33.391  2112  2112 I bootstat: Logging histogram: factory_reset_record_value 1519154248
02-20 19:36:33.391  2112  2112 I sysui_histogram: [factory_reset_record_value,1519154248]
02-20 19:36:32.621     0     0 I init    : Starting service 'exec 9 (/system/bin/bootstat)'...
02-20 19:36:33.447  1917  1917 D SubscriptionController: [getActiveSubscriptionInfo]+ subId=1 subInfo={id=1, iccId=89014103211118510720 simSlotIndex=0 displayName=Android carrierName=Android nameSource=0 iconTint=-16746133 dataRoaming=0 iconBitmap=android.graphics.Bitmap@87f074a mcc 310 mnc 260}
02-20 19:36:33.449  1767  1992 D         : HostConnection::get() New Host Connection established 0x77691a240b40, tid 1992
02-20 19:36:33.450  1767  1992 I OpenGLRenderer: Initialized EGL, version 1.4
02-20 19:36:33.450  1767  1992 D OpenGLRenderer: Swap behavior 1
02-20 19:36:33.452  1679  1979 I Telecom : PhoneAccountRegistrar: New phone account registered: [[ ] PhoneAccount: ComponentInfo{com.android.phone/com.android.services.telephony.TelephonyConnectionService}, [e2f7d48dd2b5ca523e7313cf4ba0f6ea830b6281], UserHandle{0} Capabilities: CallProvider MultiUser PlaceEmerg SimSub  Schemes: tel voicemail  Extras: null GroupId: [da39a3ee5e6b4b0d3255bfef95601890afd80709]]: TSI.rPA@ABI
02-20 19:36:33.453  2113  2113 I bootstat: Service started: /system/bin/bootstat -l 
02-20 19:36:33.453  2113  2113 I bootstat: Logging histogram: bootstat_mtime_matches_content 1
02-20 19:36:33.453  2113  2113 I sysui_histogram: [bootstat_mtime_matches_content,1]
02-20 19:36:33.453  2113  2113 I bootstat: Logging histogram: bootstat_mtime_matches_content 1
02-20 19:36:33.453  2113  2113 I sysui_histogram: [bootstat_mtime_matches_content,1]
02-20 19:36:33.453  2113  2113 I bootstat: Logging histogram: bootstat_mtime_matches_content 1
02-20 19:36:33.453  2113  2113 I sysui_histogram: [bootstat_mtime_matches_content,1]
02-20 19:36:33.453  2113  2113 I bootstat: Logging histogram: bootstat_mtime_matches_content 1
02-20 19:36:33.453  2113  2113 I sysui_histogram: [bootstat_mtime_matches_content,1]
02-20 19:36:33.456  1679  1979 I Telecom : : Sending phone-account registered intent as user: TSI.rPA@ABI
02-20 19:36:33.456  2113  2113 I bootstat: Logging histogram: bootstat_mtime_matches_content 1
02-20 19:36:33.456  2113  2113 I sysui_histogram: [bootstat_mtime_matches_content,1]
02-20 19:36:33.456  1917  1917 I Telephony: AccountEntry: Registered phoneAccount: [[ ] PhoneAccount: ComponentInfo{com.android.phone/com.android.services.telephony.TelephonyConnectionService}, [e2f7d48dd2b5ca523e7313cf4ba0f6ea830b6281], UserHandle{0} Capabilities: CallProvider MultiUser PlaceEmerg SimSub  Schemes: tel voicemail  Extras: null GroupId: [da39a3ee5e6b4b0d3255bfef95601890afd80709]] with handle: ComponentInfo{com.android.phone/com.android.services.telephony.TelephonyConnectionService}, [e2f7d48dd2b5ca523e7313cf4ba0f6ea830b6281], UserHandle{0}
02-20 19:36:33.456  1917  1917 I Telephony: PstnIncomingCallNotifier: Registering: Handler (com.android.internal.telephony.GsmCdmaPhone) {f42d6e7}
02-20 19:36:33.457  2113  2113 I bootstat: Logging histogram: bootstat_mtime_matches_content 1
02-20 19:36:33.457  2113  2113 I sysui_histogram: [bootstat_mtime_matches_content,1]
02-20 19:36:33.457  2113  2113 I bootstat: Logging histogram: bootstat_mtime_matches_content 1
02-20 19:36:33.457  2113  2113 I sysui_histogram: [bootstat_mtime_matches_content,1]
02-20 19:36:33.457  2113  2113 I bootstat: Logging histogram: bootstat_mtime_matches_content 1
02-20 19:36:33.457  2113  2113 I sysui_histogram: [bootstat_mtime_matches_content,1]
02-20 19:36:33.457  2113  2113 I bootstat: Logging histogram: bootstat_mtime_matches_content 1
02-20 19:36:33.457  2113  2113 I sysui_histogram: [bootstat_mtime_matches_content,1]
02-20 19:36:32.665     0     0 I init    : Service 'exec 9 (/system/bin/bootstat)' (pid 2113) exited with status 0
02-20 19:36:33.457  2113  2113 I bootstat: Logging histogram: bootstat_mtime_matches_content 1
02-20 19:36:33.457  2113  2113 I sysui_histogram: [bootstat_mtime_matches_content,1]
02-20 19:36:33.457  2113  2113 I bootstat: Logging histogram: bootstat_mtime_matches_content 1
02-20 19:36:33.457  2113  2113 I sysui_histogram: [bootstat_mtime_matches_content,1]
02-20 19:36:33.457  2113  2113 I bootstat: Logging histogram: bootstat_mtime_matches_content 1
02-20 19:36:33.457  2113  2113 I sysui_histogram: [bootstat_mtime_matches_content,1]
02-20 19:36:33.457  2113  2113 I bootstat: Logging histogram: bootstat_mtime_matches_content 1
02-20 19:36:33.457  2113  2113 I sysui_histogram: [bootstat_mtime_matches_content,1]
02-20 19:36:33.457  2113  2113 I bootstat: Logging histogram: bootstat_mtime_matches_content 1
02-20 19:36:33.457  2113  2113 I sysui_histogram: [bootstat_mtime_matches_content,1]
02-20 19:36:33.457  2113  2113 I bootstat: Logging histogram: post_decrypt_time_elapsed 2
02-20 19:36:33.457  2113  2113 I sysui_histogram: [post_decrypt_time_elapsed,2]
02-20 19:36:33.457  2113  2113 I bootstat: Logging histogram: last_boot_time_utc 1519155393
02-20 19:36:33.457  2113  2113 I sysui_histogram: [last_boot_time_utc,1519155393]
02-20 19:36:33.457  2113  2113 I bootstat: Logging histogram: build_date 1513095943
02-20 19:36:33.457  2113  2113 I sysui_histogram: [build_date,1513095943]
02-20 19:36:33.457  2113  2113 I bootstat: Logging histogram: boot_decryption_complete 13
02-20 19:36:33.457  2113  2113 I sysui_histogram: [boot_decryption_complete,13]
02-20 19:36:33.457  2113  2113 I bootstat: Logging histogram: ota_boot_complete_post_decrypt 7
02-20 19:36:33.457  2113  2113 I sysui_histogram: [ota_boot_complete_post_decrypt,7]
02-20 19:36:33.457  2113  2113 I bootstat: Logging histogram: ota_boot_complete 9
02-20 19:36:33.457  2113  2113 I sysui_histogram: [ota_boot_complete,9]
02-20 19:36:33.457  2113  2113 I bootstat: Logging histogram: boot_reason 1
02-20 19:36:33.457  2113  2113 I sysui_histogram: [boot_reason,1]
02-20 19:36:33.457  2113  2113 I bootstat: Logging histogram: factory_reset_current_time 1519155393
02-20 19:36:33.457  2113  2113 I sysui_histogram: [factory_reset_current_time,1519155393]
02-20 19:36:33.457  2113  2113 I bootstat: Logging histogram: factory_reset 1519154248
02-20 19:36:33.457  2113  2113 I sysui_histogram: [factory_reset,1519154248]
02-20 19:36:33.457  2113  2113 I bootstat: Logging histogram: time_since_last_boot 75
02-20 19:36:33.457  2113  2113 I sysui_histogram: [time_since_last_boot,75]
02-20 19:36:33.457  2113  2113 I bootstat: Logging histogram: boot_complete_post_decrypt 11
02-20 19:36:33.457  2113  2113 I sysui_histogram: [boot_complete_post_decrypt,11]
02-20 19:36:33.457  2113  2113 I bootstat: Logging histogram: boot_complete 13
02-20 19:36:33.457  2113  2113 I sysui_histogram: [boot_complete,13]
02-20 19:36:33.457  2113  2113 I bootstat: Logging histogram: factory_reset_record_value 1519154248
02-20 19:36:33.457  2113  2113 I sysui_histogram: [factory_reset_record_value,1519154248]
02-20 19:36:33.457  2113  2113 I bootstat: Logging histogram: time_since_factory_reset 1145
02-20 19:36:33.457  2113  2113 I sysui_histogram: [time_since_factory_reset,1145]
02-20 19:36:33.465  1767  1992 D EGL_emulation: eglCreateContext: 0x77691a287660: maj 3 min 0 rcv 3
02-20 19:36:33.468  1917  1917 I Telephony: TelecomAccountRegistry: Unregistering phone account ComponentInfo{com.android.phone/com.android.services.telephony.TelephonyConnectionService}, [e0184adedf913b076626646d3f52c3b49c39ad6d], UserHandle{0}.
02-20 19:36:33.471  1679  1961 I Telecom : : Sending phone-account unregistered intent as user: TSI.uPA@ABQ
02-20 19:36:33.472  1917  1917 D SST     : SubscriptionListener.onSubscriptionInfoChanged
02-20 19:36:33.473  1917  1932 D SST     : SST.getAllCellInfo(): return last, back to back calls
02-20 19:36:33.473  1917  1917 D PhoneFactory: calculatePreferredNetworkType: phoneSubId = 1 networkType = 0
