02-20 19:36:29.237  1267  1302 W vold    : disk:253,64 has unknown partition table; trying entire device
02-20 19:36:29.237  1267  1302 V vold    : /system/bin/blkid
02-20 19:36:29.237  1267  1302 V vold    :     -c
02-20 19:36:29.237  1267  1302 V vold    :     /dev/null
02-20 19:36:29.237  1267  1302 V vold    :     -s
02-20 19:36:29.237  1267  1302 V vold    :     TYPE
02-20 19:36:29.237  1267  1302 V vold    :     -s
02-20 19:36:29.237  1267  1302 V vold    :     UUID
02-20 19:36:29.237  1267  1302 V vold    :     -s
02-20 19:36:29.237  1267  1302 V vold    :     LABEL
02-20 19:36:29.237  1267  1302 V vold    :     /dev/block/vold/disk:253,64
02-20 19:36:29.246  1767  1767 W System  : ClassLoader referenced unknown path: /system/priv-app/SystemUIGoogle/lib/x86_64
02-20 19:36:29.271     0     0 D ieee80211 phy1: hw scan 2452 MHz
02-20 19:36:29.283  1267  1302 V vold    : /dev/block/vold/disk:253,64: LABEL="SDCARD" UUID="1E12-0B12" TYPE="vfat" 
02-20 19:36:29.283  1267  1302 V vold    : 
02-20 19:36:29.286  1679  1729 D VoldConnector: RCV <- {650 public:253,64 0 "disk:253,64" ""}
02-20 19:36:29.286  1679  1729 D VoldConnector: RCV <- {651 public:253,64 0}
02-20 19:36:29.286  1679  1729 D VoldConnector: RCV <- {643 disk:253,64}
02-20 19:36:29.291  1679  1729 D VoldConnector: RCV <- {200 3 Command succeeded}
02-20 19:36:29.291  1679  1728 D VoldConnector: SND -> {4 volume user_added 0 0}
02-20 19:36:29.291  1679  1729 D VoldConnector: RCV <- {200 4 Command succeeded}
02-20 19:36:29.301  1679  1679 W ActivityManager: Slow operation: 94ms so far, now at startProcess: returned from zygote!
02-20 19:36:29.301  1679  1679 W ActivityManager: Slow operation: 94ms so far, now at startProcess: done updating battery stats
02-20 19:36:29.301  1679  1679 I am_proc_start: [0,1794,1037,WebViewLoader-x86,,]
02-20 19:36:29.301  1679  1679 W ActivityManager: Slow operation: 94ms so far, now at startProcess: building log message
02-20 19:36:29.301  1679  1679 I ActivityManager: Start proc 1794:WebViewLoader-x86/1037 [android.webkit.WebViewFactory$RelroFileCreator] for 
02-20 19:36:29.301  1679  1679 W ActivityManager: Slow operation: 94ms so far, now at startProcess: starting to update pids map
02-20 19:36:29.301  1679  1679 W ActivityManager: Slow operation: 94ms so far, now at startProcess: done updating pids map
02-20 19:36:29.301  1679  1679 W ActivityManager: Slow operation: 94ms so far, now at startProcess: done starting proc!
02-20 19:36:29.302  1679  1791 E WVMExtractor: Failed to open libwvm.so: dlopen failed: library "libwvm.so" not found
02-20 19:36:29.319  1679  1679 I am_proc_start: [0,1799,1037,WebViewLoader-x86_64,,]
02-20 19:36:29.319  1679  1679 I ActivityManager: Start proc 1799:WebViewLoader-x86_64/1037 [android.webkit.WebViewFactory$RelroFileCreator] for 
02-20 19:36:29.321  1679  1679 D NetworkManagement: enabling bandwidth control
02-20 19:36:29.322  1679  1728 D VoldConnector: SND -> {5 volume mount emulated 3 -1}
02-20 19:36:29.325  1267  1302 V vold    : Waiting for FUSE to spin up...
02-20 19:36:29.325  1679  1729 D VoldConnector: RCV <- {651 emulated 1}
02-20 19:36:29.325  1679  1729 D VoldConnector: RCV <- {656 emulated /data/media}
02-20 19:36:29.325  1679  1729 D VoldConnector: RCV <- {655 emulated /storage/emulated}
02-20 19:36:29.330  1799  1799 W art     : Unexpected CPU variant for X86 using defaults: x86_64
02-20 19:36:29.332  1374  1374 I MediaPlayerService: MediaPlayerService::getOMX
02-20 19:36:29.334  1374  1374 I OMXClient: MuxOMX ctor
02-20 19:36:29.341  1374  1374 I MediaPlayerService: MediaPlayerService::getOMX
02-20 19:36:29.341  1374  1374 I OMXClient: MuxOMX ctor
02-20 19:36:29.341  1371  1371 I OMXMaster: makeComponentInstance(OMX.google.mp3.decoder) in mediacodec process
02-20 19:36:29.358  1799  1799 V WebViewFactory: RelroFileCreator (64bit = true),  32-bit lib: /system/app/Chrome/Chrome.apk!/lib/x86/libmonochrome.so, 64-bit lib: /system/app/Chrome/Chrome.apk!/lib/x86_64/libmonochrome.so
02-20 19:36:29.376  1267  1302 V vold    : Waiting for FUSE to spin up...
02-20 19:36:29.380     0     0 D ieee80211 phy1: hw scan 2457 MHz
02-20 19:36:29.398  1805  1805 W sdcard  : Device explicitly disabled sdcardfs
02-20 19:36:29.408  1794  1794 W art     : Unexpected CPU variant for X86 using defaults: x86
02-20 19:36:29.426  1679  1729 D VoldConnector: RCV <- {651 emulated 2}
02-20 19:36:29.427  1679  1729 D VoldConnector: RCV <- {200 5 Command succeeded}
02-20 19:36:29.427  1679  1728 D VoldConnector: SND -> {6 volume mount public:253,64 2 0}
02-20 19:36:29.428  1267  1302 V vold    : /system/bin/blkid
02-20 19:36:29.428  1267  1302 V vold    :     -c
02-20 19:36:29.428  1267  1302 V vold    :     /dev/null
02-20 19:36:29.428  1267  1302 V vold    :     -s
02-20 19:36:29.428  1267  1302 V vold    :     TYPE
02-20 19:36:29.428  1267  1302 V vold    :     -s
02-20 19:36:29.428  1267  1302 V vold    :     UUID
02-20 19:36:29.428  1267  1302 V vold    :     -s
02-20 19:36:29.428  1267  1302 V vold    :     LABEL
02-20 19:36:29.428  1267  1302 V vold    :     /dev/block/vold/public:253,64
02-20 19:36:29.428  1679  1729 D VoldConnector: RCV <- {651 public:253,64 1}
02-20 19:36:29.422     0     0 D SELinux : initialized (dev fuse, type fuse), uses genfs_contexts
02-20 19:36:29.423     0     0 D SELinux : initialized (dev fuse, type fuse), uses genfs_contexts
02-20 19:36:29.423     0     0 D SELinux : initialized (dev fuse, type fuse), uses genfs_contexts
02-20 19:36:29.452  1758  1758 I LatinIME: Hardware accelerated drawing: true
02-20 19:36:29.454  1767  1767 V SystemUIService: Starting SystemUI services for user 0.
02-20 19:36:29.465  1374  1374 I MediaPlayerService: MediaPlayerService::getOMX
02-20 19:36:29.465  1374  1374 I OMXClient: MuxOMX ctor
02-20 19:36:29.465  1371  1833 I OMXMaster: makeComponentInstance(OMX.google.amrnb.decoder) in mediacodec process
02-20 19:36:29.480  1374  1374 I MediaPlayerService: MediaPlayerService::getOMX
02-20 19:36:29.481  1374  1374 I OMXClient: MuxOMX ctor
02-20 19:36:29.481  1371  1833 I OMXMaster: makeComponentInstance(OMX.google.amrwb.decoder) in mediacodec process
02-20 19:36:29.483  1267  1302 V vold    : /dev/block/vold/public:253,64: LABEL="SDCARD" UUID="1E12-0B12" TYPE="vfat" 
02-20 19:36:29.483  1267  1302 V vold    : 
02-20 19:36:29.483  1267  1302 V vold    : /system/bin/fsck_msdos
02-20 19:36:29.483  1267  1302 V vold    :     -p
02-20 19:36:29.483  1267  1302 V vold    :     -f
02-20 19:36:29.483  1267  1302 V vold    :     /dev/block/vold/public:253,64
02-20 19:36:29.484  1679  1729 D VoldConnector: RCV <- {652 public:253,64 vfat}
02-20 19:36:29.484  1679  1729 D VoldConnector: RCV <- {653 public:253,64 1E12-0B12}
02-20 19:36:29.484  1679  1729 D VoldConnector: RCV <- {654 public:253,64 SDCARD}
02-20 19:36:29.500     0     0 D ieee80211 phy1: hw scan 2462 MHz
02-20 19:36:29.485  1794  1794 V WebViewFactory: RelroFileCreator (64bit = false),  32-bit lib: /system/app/Chrome/Chrome.apk!/lib/x86/libmonochrome.so, 64-bit lib: /system/app/Chrome/Chrome.apk!/lib/x86_64/libmonochrome.so
02-20 19:36:29.496  1374  1374 I MediaPlayerService: MediaPlayerService::getOMX
02-20 19:36:29.496  1374  1374 I OMXClient: MuxOMX ctor
02-20 19:36:29.496  1371  1833 I OMXMaster: makeComponentInstance(OMX.google.aac.decoder) in mediacodec process
02-20 19:36:29.512  1374  1374 I MediaPlayerService: MediaPlayerService::getOMX
02-20 19:36:29.512  1374  1374 I OMXClient: MuxOMX ctor
02-20 19:36:29.512  1371  1831 I OMXMaster: makeComponentInstance(OMX.google.g711.alaw.decoder) in mediacodec process
02-20 19:36:29.519  1679  1736 D WifiController: DEFERRED_TOGGLE handled
02-20 19:36:29.527  1267  1302 I fsck_msdos: ** /dev/block/vold/public:253,64
02-20 19:36:29.528  1267  1302 I fsck_msdos: ** Phase 1 - Read and Compare FATs
02-20 19:36:29.528  1267  1302 I fsck_msdos: Attempting to allocate 1022 KB for FAT
02-20 19:36:29.601  1767  1767 V MediaRouter: Adding route: RouteInfo{ name=Phone, description=null, status=null, category=RouteCategory{ name=null types=ROUTE_TYPE_LIVE_AUDIO ROUTE_TYPE_LIVE_VIDEO  groupable=false }, supportedTypes=ROUTE_TYPE_LIVE_AUDIO ROUTE_TYPE_LIVE_VIDEO , presentationDisplay=null }
02-20 19:36:29.605  1767  1767 V MediaRouter: Updating audio routes: AudioRoutesInfo{ type=SPEAKER }
02-20 19:36:29.606  1767  1767 V MediaRouter: Selecting route: RouteInfo{ name=Phone, description=null, status=null, category=RouteCategory{ name=null types=ROUTE_TYPE_LIVE_AUDIO ROUTE_TYPE_LIVE_VIDEO  groupable=false }, supportedTypes=ROUTE_TYPE_LIVE_AUDIO ROUTE_TYPE_LIVE_VIDEO , presentationDisplay=null }
02-20 19:36:29.622  1374  1374 I MediaPlayerService: MediaPlayerService::getOMX
02-20 19:36:29.623  1374  1374 I OMXClient: MuxOMX ctor
02-20 19:36:29.623  1371  1371 I OMXMaster: makeComponentInstance(OMX.google.g711.mlaw.decoder) in mediacodec process
02-20 19:36:29.634  1679  1690 D TelephonyRegistry: listen oscl: hasNotifySubscriptionInfoChangedOccurred==false no callback
02-20 19:36:29.632     0     0 D ieee80211 phy1: hw scan complete
02-20 19:36:29.632     0     0 D ieee80211 phy1: mac80211_hwsim_get_survey (idx=0)
02-20 19:36:29.666  1267  1302 I fsck_msdos: Attempting to allocate 1022 KB for FAT
02-20 19:36:29.671  1505  1505 E hostapd : Using interface wlan1 with hwaddr 02:00:00:00:01:00 and ssid "AndroidWifi"
02-20 19:36:29.672  1505  1505 I hostapd : wlan1: interface state HT_SCAN->ENABLED
02-20 19:36:29.672  1505  1505 I hostapd : wlan1: AP-ENABLED 
02-20 19:36:29.672     0     0 D ieee80211 phy1: mac80211_hwsim_config (freq=0 idle=0 ps=0 smps=auto)
02-20 19:36:29.672     0     0 D ieee80211 phy1: add channel context control: 2447 MHz/width: 2/cfreqs:2437/0 MHz
02-20 19:36:29.672     0     0 D ieee80211 phy1: mac80211_hwsim_bss_info_changed(changed=0x40000)
02-20 19:36:29.672     0     0 D ieee80211 phy1: TX Power: 20 dBm
02-20 19:36:29.672     0     0 D ieee80211 phy1: mac80211_hwsim_bss_info_changed(changed=0x4000)
02-20 19:36:29.672     0     0 D ieee80211 phy1: change channel context control: 2447 MHz/width: 2/cfreqs:2437/0 MHz
02-20 19:36:29.672     0     0 D ieee80211 phy1: mac80211_hwsim_bss_info_changed(changed=0x88340)
02-20 19:36:29.672     0     0 D ieee80211 phy1: BCNINT: 100
02-20 19:36:29.672     0     0 D ieee80211 phy1: BCN EN: 1
02-20 19:36:29.672     0     0 D ieee80211 phy1: mac80211_hwsim_bss_info_changed(changed=0x3e)
02-20 19:36:29.672     0     0 D ieee80211 phy1: ERP_CTS_PROT: 0
02-20 19:36:29.672     0     0 D ieee80211 phy1: ERP_PREAMBLE: 0
02-20 19:36:29.672     0     0 D ieee80211 phy1: ERP_SLOT: 1
02-20 19:36:29.672     0     0 D ieee80211 phy1: HT: op_mode=0x0
02-20 19:36:29.672     0     0 D ieee80211 phy1: BASIC_RATES: 0xf
02-20 19:36:29.672     0     0 D ieee80211 phy1: mac80211_hwsim_conf_tx (queue=0 txop=47 cw_min=3 cw_max=7 aifs=1)
02-20 19:36:29.672     0     0 D ieee80211 phy1: mac80211_hwsim_bss_info_changed(changed=0x2000)
02-20 19:36:29.672     0     0 D ieee80211 phy1: mac80211_hwsim_conf_tx (queue=1 txop=94 cw_min=7 cw_max=15 aifs=1)
02-20 19:36:29.672     0     0 D ieee80211 phy1: mac80211_hwsim_bss_info_changed(changed=0x2000)
02-20 19:36:29.672     0     0 D ieee80211 phy1: mac80211_hwsim_conf_tx (queue=2 txop=0 cw_min=15 cw_max=63 aifs=3)
02-20 19:36:29.672     0     0 D ieee80211 phy1: mac80211_hwsim_bss_info_changed(changed=0x2000)
02-20 19:36:29.672     0     0 D ieee80211 phy1: mac80211_hwsim_conf_tx (queue=3 txop=0 cw_min=15 cw_max=1023 aifs=7)
02-20 19:36:29.672     0     0 D ieee80211 phy1: mac80211_hwsim_bss_info_changed(changed=0x2000)
02-20 19:36:29.672     0     0 I IPv6    : ADDRCONF(NETDEV_CHANGE): wlan1: link becomes ready
02-20 19:36:29.675     0     0 D ieee80211 phy1: mac80211_hwsim_configure_filter
02-20 19:36:29.689  1758  1758 W InputAttributes: No editor info for this field. Bug?
02-20 19:36:29.696  1679  1679 W NetworkManagement: setDataSaverMode(): already false
02-20 19:36:29.705  1375  1678 D SoftapController: Softap fwReload - Ok
02-20 19:36:29.708  1375  1678 D CommandListener: Setting iface cfg
02-20 19:36:29.708  1375  1678 D CommandListener: Trying to bring down wlan0
02-20 19:36:29.708  1375  1678 D CommandListener: Clearing all IP addresses on wlan0
02-20 19:36:29.717     0     0 I init    : Starting service 'wpa_supplicant'...
02-20 19:36:29.710  1679  1737 E WifiMonitor: killSupplicant p2pfalse init.svc.wpa_supplicant=unknown init.svc.p2p_supplicant=unknown
02-20 19:36:29.711  1679  1737 E wifi    : Can not initialize the vendor function pointer table
02-20 19:36:29.711  1679  1737 E WifiNative-HAL: Could not start hal
02-20 19:36:29.711  1679  1737 E WifiStateMachine: Failed to start HAL
02-20 19:36:29.719  1679  1737 D WifiMonitor: startMonitoring(wlan0) with mConnected = false
02-20 19:36:29.719  1679  1737 E WifiHW  : Unable to open connection to supplicant on "@android:wpa_wlan0": No such file or directory
02-20 19:36:29.760  1374  1374 I MediaPlayerService: MediaPlayerService::getOMX
02-20 19:36:29.760  1374  1374 I OMXClient: MuxOMX ctor
02-20 19:36:29.761  1371  1831 I OMXMaster: makeComponentInstance(OMX.google.vorbis.decoder) in mediacodec process
02-20 19:36:29.803     0     0 W FAT-fs (vde): Volume was not properly unmounted. Some data may be corrupt. Please run fsck.
02-20 19:36:29.804     0     0 D SELinux : initialized (dev vde, type vfat), uses genfs_contexts
02-20 19:36:29.813     0     0 D SELinux : initialized (dev fuse, type fuse), uses genfs_contexts
02-20 19:36:29.814     0     0 D SELinux : initialized (dev fuse, type fuse), uses genfs_contexts
02-20 19:36:29.827     0     0 D SELinux : initialized (dev fuse, type fuse), uses genfs_contexts
02-20 19:36:29.783  1267  1302 I fsck_msdos: ** Phase 2 - Check Cluster Chains
02-20 19:36:29.784  1267  1302 I fsck_msdos: ** Phase 3 - Checking Directories
02-20 19:36:29.784  1267  1302 I fsck_msdos: ** Phase 4 - Checking for Lost Files
02-20 19:36:29.785  1267  1302 I fsck_msdos: 27 files, 522176 free (261088 clusters)
02-20 19:36:29.797  1767  1865 E WVMExtractor: Failed to open libwvm.so: dlopen failed: library "libwvm.so" not found
02-20 19:36:29.801  1267  1302 I Vold    : Filesystem check completed OK
02-20 19:36:29.801  1679  1729 D VoldConnector: RCV <- {656 public:253,64 /mnt/media_rw/1E12-0B12}
02-20 19:36:29.802  1679  1729 D VoldConnector: RCV <- {655 public:253,64 /storage/1E12-0B12}
02-20 19:36:29.805  1267  1302 V vold    : Waiting for FUSE to spin up...
02-20 19:36:29.811  1867  1867 W sdcard  : Device explicitly disabled sdcardfs
02-20 19:36:29.813  1799  1799 I art     : System.exit called, status: 0
02-20 19:36:29.813  1799  1799 I AndroidRuntime: VM exiting with result code 0, cleanup skipped.
02-20 19:36:29.831  1374  1374 I MediaPlayerService: MediaPlayerService::getOMX
02-20 19:36:29.832  1374  1374 I OMXClient: MuxOMX ctor
02-20 19:36:29.832  1371  1831 I OMXMaster: makeComponentInstance(OMX.google.opus.decoder) in mediacodec process
02-20 19:36:29.857  1679  1729 D VoldConnector: RCV <- {651 public:253,64 2}
02-20 19:36:29.857  1679  1729 D VoldConnector: RCV <- {200 6 Command succeeded}
02-20 19:36:29.861  1794  1794 I art     : System.exit called, status: 0
02-20 19:36:29.861  1794  1794 I AndroidRuntime: VM exiting with result code 0, cleanup skipped.
02-20 19:36:29.865  1758  1859 I LatinIME:LogUtils: Dictionary info: dictionary = userunigram.en_US ; version = 1519155389 ; date = ?
02-20 19:36:29.871  1858  1858 I wpa_supplicant: Successfully initialized wpa_supplicant
02-20 19:36:29.872  1858  1858 I wpa_supplicant: rfkill: Cannot open RFKILL control device
02-20 19:36:29.873  1858  1858 I wpa_supplicant: nl80211: Could not re-add multicast membership for vendor events: -2 (No such file or directory)
02-20 19:36:29.877  1374  1374 I MediaPlayerService: MediaPlayerService::getOMX
02-20 19:36:29.877  1374  1374 I OMXClient: MuxOMX ctor
02-20 19:36:29.877  1371  1833 I OMXMaster: makeComponentInstance(OMX.google.raw.decoder) in mediacodec process
02-20 19:36:29.878  1758  1859 E ActivityThread: Failed to find provider info for user_dictionary
02-20 19:36:29.879  1758  1859 I LatinIME:LogUtils: Dictionary info: dictionary = UserHistoryDictionary.en_US ; version = 1519155389 ; date = ?
02-20 19:36:29.873     0     0 D ieee80211 phy0: mac80211_hwsim_start
02-20 19:36:29.873     0     0 D ieee80211 phy0: mac80211_hwsim_add_interface (type=2 mac_addr=02:00:00:44:55:66)
02-20 19:36:29.873     0     0 D ieee80211 phy0: mac80211_hwsim_bss_info_changed(changed=0xe)
02-20 19:36:29.873     0     0 D ieee80211 phy0: ERP_CTS_PROT: 0
02-20 19:36:29.873     0     0 D ieee80211 phy0: ERP_PREAMBLE: 0
02-20 19:36:29.873     0     0 D ieee80211 phy0: ERP_SLOT: 0
02-20 19:36:29.873     0     0 D ieee80211 phy0: mac80211_hwsim_conf_tx (queue=0 txop=0 cw_min=15 cw_max=1023 aifs=2)
02-20 19:36:29.873     0     0 D ieee80211 phy0: mac80211_hwsim_conf_tx (queue=1 txop=0 cw_min=15 cw_max=1023 aifs=2)
02-20 19:36:29.873     0     0 D ieee80211 phy0: mac80211_hwsim_conf_tx (queue=2 txop=0 cw_min=15 cw_max=1023 aifs=2)
02-20 19:36:29.873     0     0 D ieee80211 phy0: mac80211_hwsim_conf_tx (queue=3 txop=0 cw_min=15 cw_max=1023 aifs=2)
02-20 19:36:29.873     0     0 D ieee80211 phy0: mac80211_hwsim_bss_info_changed(changed=0x2000)
02-20 19:36:29.873     0     0 D ieee80211 phy0: mac80211_hwsim_config (freq=0 idle=0 ps=0 smps=auto)
02-20 19:36:29.873     0     0 I IPv6    : ADDRCONF(NETDEV_UP): wlan0: link is not ready
02-20 19:36:29.873     0     0 D ieee80211 phy0: mac80211_hwsim_configure_filter
02-20 19:36:29.881  1374  1374 I MediaPlayerService: MediaPlayerService::getOMX
02-20 19:36:29.881  1374  1374 I OMXClient: MuxOMX ctor
02-20 19:36:29.881  1371  1833 I OMXMaster: makeComponentInstance(OMX.google.aac.encoder) in mediacodec process
02-20 19:36:29.886  1679  1679 D NetworkPolicy: setRestrictBackgroundUL(): false
02-20 19:36:29.886  1679  1679 W NetworkManagement: setDataSaverMode(): already false
02-20 19:36:29.888  1374  1374 I MediaPlayerService: MediaPlayerService::getOMX
02-20 19:36:29.888  1374  1374 I OMXClient: MuxOMX ctor
02-20 19:36:29.888  1371  1382 I OMXMaster: makeComponentInstance(OMX.google.amrnb.encoder) in mediacodec process
02-20 19:36:29.894  1374  1374 I MediaPlayerService: MediaPlayerService::getOMX
02-20 19:36:29.894  1374  1374 I OMXClient: MuxOMX ctor
02-20 19:36:29.894  1371  1382 I OMXMaster: makeComponentInstance(OMX.google.amrwb.encoder) in mediacodec process
02-20 19:36:29.897  1374  1374 I MediaPlayerService: MediaPlayerService::getOMX
02-20 19:36:29.897  1374  1374 I OMXClient: MuxOMX ctor
02-20 19:36:29.897  1371  1382 I OMXMaster: makeComponentInstance(OMX.google.flac.encoder) in mediacodec process
02-20 19:36:29.921  1858  1858 E wpa_supplicant: global ctrl interface @android:wpa_wlan0 matches ctrl interface wlan0 - do not open per-interface ctrl interface
02-20 19:36:29.935  1374  1374 I MediaPlayerService: MediaPlayerService::getOMX
02-20 19:36:29.935  1374  1374 I OMXClient: MuxOMX ctor
02-20 19:36:29.935  1371  1371 I OMXMaster: makeComponentInstance(OMX.google.gsm.decoder) in mediacodec process
02-20 19:36:29.975  1374  1374 I MediaPlayerService: MediaPlayerService::getOMX
02-20 19:36:29.975  1374  1374 I OMXClient: MuxOMX ctor
02-20 19:36:29.976  1371  1382 I OMXMaster: makeComponentInstance(OMX.google.mpeg4.decoder) in mediacodec process
02-20 19:36:29.978  1679  1679 I SystemServiceManager: Starting phase 600
02-20 19:36:29.989  1679  1679 D SensorNotificationService: Cannot obtain dynamic meta sensor, not supported.
02-20 19:36:30.004  1679  1679 D TelephonyRegistry: listen oscl: hasNotifySubscriptionInfoChangedOccurred==false no callback
02-20 19:36:30.011  1679  1733 I netstats_mobile_sample: [0,0,0,0,0,0,0,0,0,0,0,0,-1]
02-20 19:36:30.011  1679  1733 I netstats_wifi_sample: [0,0,0,0,0,0,0,0,0,0,0,0,-1]
02-20 19:36:30.030  1371  1831 E OMXNodeInstance: getExtensionIndex(55b000f:google.mpeg4.decoder, OMX.google.android.index.configureVideoTunnelMode) ERROR: UnsupportedIndex(0x8000101a)
02-20 19:36:30.030  1371  1371 W OMXNodeInstance: [55b000f:google.mpeg4.decoder] component does not support metadata mode; using fallback
02-20 19:36:30.031  1767  1767 I vol.Events: writeEvent collection_started
02-20 19:36:30.031  1679  1679 I GnssLocationProvider: WakeLock acquired by sendMessage(13, 0, null)
02-20 19:36:30.031  1374  1374 I MediaPlayerService: MediaPlayerService::getOMX
02-20 19:36:30.031  1374  1374 I OMXClient: MuxOMX ctor
02-20 19:36:30.031  1371  1833 I OMXMaster: makeComponentInstance(OMX.google.h263.decoder) in mediacodec process
02-20 19:36:30.032  1679  1679 W LocationProviderProxy-network: Odd, no component found for service com.android.location.service.v3.NetworkLocationProvider
02-20 19:36:30.033  1679  1679 W GeocoderProxy: Odd, no component found for service com.android.location.service.GeocodeProvider
02-20 19:36:30.034  1679  1679 E FlpHardwareProvider: Error hw_get_module 'flp': -2
02-20 19:36:30.034  1679  1679 D LocationManagerService: FLP HAL not supported
02-20 19:36:30.034  1679  1694 W WindowManager: Keyguard drawn timeout. Setting mKeyguardDrawComplete
02-20 19:36:30.035  1679  1679 W GeofenceProxy: Odd, no component found for service com.android.location.service.GeofenceProvider
02-20 19:36:30.036  1679  1679 E ActivityRecognitionHardware: Error hw_get_module: -2
02-20 19:36:30.036  1679  1679 D LocationManagerService: Hardware Activity-Recognition not supported.
02-20 19:36:30.036  1679  1679 W ActivityRecognitionProxy: Odd, no component found for service com.android.location.service.ActivityRecognitionProvider
02-20 19:36:30.037  1679  1679 I GnssLocationProvider: WakeLock acquired by sendMessage(2, 1, null)
02-20 19:36:30.040  1679  1689 I art     : Background sticky concurrent mark sweep GC freed 46452(2MB) AllocSpace objects, 13(272KB) LOS objects, 12% free, 21MB/24MB, paused 10.570ms total 62.480ms
02-20 19:36:30.045  1767  1911 I sysui_action: [213,2]
02-20 19:36:30.045  1767  1911 I vol.Events: writeEvent external_ringer_mode_changed normal
02-20 19:36:30.046  1758  1859 I LatinIME:LogUtils: Dictionary info: dictionary = main:en ; version = 54 ; date = 1414726273
02-20 19:36:30.046  1767  1911 I vol.Events: writeEvent internal_ringer_mode_changed normal
02-20 19:36:30.047  1679  1679 I CommonTimeManagementService: No common time service detected on this platform.  Common time services will be unavailable.
02-20 19:36:30.047  1371  1371 E OMXNodeInstance: getExtensionIndex(55b0010:google.h263.decoder, OMX.google.android.index.configureVideoTunnelMode) ERROR: UnsupportedIndex(0x8000101a)
02-20 19:36:30.047  1371  1382 W OMXNodeInstance: [55b0010:google.h263.decoder] component does not support metadata mode; using fallback
02-20 19:36:30.049  1679  1727 I InputReader: Reconfiguring input devices.  changes=0x00000020
02-20 19:36:30.049  1679  1679 D TelephonyRegistry: systemRunning register for intents
02-20 19:36:30.050  1679  1679 I MmsServiceBroker: Delay connecting to MmsService until an API is called
02-20 19:36:30.051  1679  1727 I InputReader: Reconfiguring input devices.  changes=0x00000010
02-20 19:36:30.063  1374  1374 I MediaPlayerService: MediaPlayerService::getOMX
02-20 19:36:30.063  1374  1374 I OMXClient: MuxOMX ctor
02-20 19:36:30.063  1371  1831 I OMXMaster: makeComponentInstance(OMX.google.h264.decoder) in mediacodec process
02-20 19:36:30.065  1679  1692 W GnssLocationProvider: Could not open GPS configuration file /etc/gps.conf
02-20 19:36:30.065  1679  1692 E GnssLocationProvider: no AGPS interface in set_agps_server
02-20 19:36:30.066  1679  1692 D TelephonyRegistry: listen oscl: hasNotifySubscriptionInfoChangedOccurred==false no callback
02-20 19:36:30.083  1679  1692 I GnssLocationProvider: WakeLock released by handleMessage(13, 0, null)
02-20 19:36:30.084  1679  1692 E GnssLocationProvider: no AGPS interface in set_agps_server
02-20 19:36:30.106  1679  1692 I GnssLocationProvider: WakeLock released by handleMessage(2, 1, null)
02-20 19:36:30.112  1679  1679 I am_proc_start: [0,1917,1001,com.android.phone,added application,com.android.phone]
02-20 19:36:30.112  1679  1679 I ActivityManager: Start proc 1917:com.android.phone/1001 for added application com.android.phone
02-20 19:36:30.113  1679  1679 I ActivityManager: START u0 {act=android.intent.action.MAIN cat=[android.intent.category.HOME] flg=0x10000100 cmp=com.android.settings/.FallbackHome} from uid 0 on display 0
02-20 19:36:30.114  1679  1679 W System  : ClassLoader referenced unknown path: 
02-20 19:36:30.114  1679  1679 W System  : ClassLoader referenced unknown path: /system/priv-app/Settings/lib/x86_64
02-20 19:36:30.115  1679  1679 D ApplicationLoaders: ignored Vulkan layer search path /system/priv-app/Settings/lib/x86_64:/system/priv-app/Settings/Settings.apk!/lib/x86_64:/system/lib64:/vendor/lib64 for namespace 0x77692ae02160
02-20 19:36:30.131  1679  1679 I ActivityManager: Loaded persisted task ids for user 0
02-20 19:36:30.132  1679  1679 I am_create_task: [0,1]
02-20 19:36:30.132  1679  1679 I am_create_activity: [0,18546096,1,com.android.settings/.FallbackHome,android.intent.action.MAIN,NULL,NULL,276824320]
02-20 19:36:30.133  1679  1679 I wm_task_created: [1,0]
02-20 19:36:30.133  1374  1374 W ACodec  : [OMX.google.h264.decoder] stopping checking profiles after 32: 2/8000
02-20 19:36:30.133  1679  1679 I wm_task_moved: [1,1,0]
02-20 19:36:30.133  1371  1371 E OMXNodeInstance: getExtensionIndex(55b0011:google.h264.decoder, OMX.google.android.index.configureVideoTunnelMode) ERROR: UnsupportedIndex(0x8000101a)
02-20 19:36:30.133  1371  1382 W OMXNodeInstance: [55b0011:google.h264.decoder] component does not support metadata mode; using fallback
02-20 19:36:30.134  1374  1374 I MediaPlayerService: MediaPlayerService::getOMX
02-20 19:36:30.135  1374  1374 I OMXClient: MuxOMX ctor
02-20 19:36:30.135  1371  1833 I OMXMaster: makeComponentInstance(OMX.google.hevc.decoder) in mediacodec process
02-20 19:36:30.145  1917  1917 W art     : Unexpected CPU variant for X86 using defaults: x86_64
02-20 19:36:30.190  1371  1833 E OMXNodeInstance: getExtensionIndex(55b0012:google.hevc.decoder, OMX.google.android.index.configureVideoTunnelMode) ERROR: UnsupportedIndex(0x8000101a)
02-20 19:36:30.192  1371  1371 W OMXNodeInstance: [55b0012:google.hevc.decoder] component does not support metadata mode; using fallback
02-20 19:36:30.192  1679  1679 I wm_task_moved: [1,1,0]
02-20 19:36:30.193  1679  1679 I am_focused_activity: [0,com.android.settings/.FallbackHome,startedActivity]
02-20 19:36:30.204  1374  1374 I MediaPlayerService: MediaPlayerService::getOMX
02-20 19:36:30.204  1374  1374 I OMXClient: MuxOMX ctor
02-20 19:36:30.204  1371  1371 I OMXMaster: makeComponentInstance(OMX.google.vp8.decoder) in mediacodec process
02-20 19:36:30.209  1679  1679 I am_proc_start: [0,1937,1000,com.android.settings,activity,com.android.settings/.FallbackHome]
02-20 19:36:30.209  1679  1679 I ActivityManager: Start proc 1937:com.android.settings/1000 for activity com.android.settings/.FallbackHome
02-20 19:36:30.211  1679  1691 I am_proc_bound: [0,1917,com.android.phone]
02-20 19:36:30.218  1679  1679 I SystemServer: Enabled StrictMode for system server main thread.
02-20 19:36:30.219  1679  1679 D ConditionProviders.SCP: onConnected
02-20 19:36:30.219  1679  1679 D ZenLog  : set_zen_mode: off,readXml
02-20 19:36:30.221  1679  1679 D ConditionProviders: Subscribing to condition://android/schedule?days=6.7&start=23.30&end=10.0&exitAtAlarm=false with ComponentInfo{android/com.android.server.notification.ScheduleConditionProvider}
02-20 19:36:30.222  1679  1679 D ZenLog  : subscribe: condition://android/schedule?days=6.7&start=23.30&end=10.0&exitAtAlarm=false,ok
02-20 19:36:30.222  1679  1679 D ConditionProviders: Subscribing to condition://android/event?userId=-10000&calendar=&reply=1 with ComponentInfo{android/com.android.server.notification.EventConditionProvider}
02-20 19:36:30.222  1679  1679 D ZenLog  : subscribe: condition://android/event?userId=-10000&calendar=&reply=1,ok
02-20 19:36:30.222  1679  1679 D ConditionProviders: Subscribing to condition://android/schedule?days=1.2.3.4.5&start=22.0&end=7.0&exitAtAlarm=false with ComponentInfo{android/com.android.server.notification.ScheduleConditionProvider}
02-20 19:36:30.222  1679  1679 D ZenLog  : subscribe: condition://android/schedule?days=1.2.3.4.5&start=22.0&end=7.0&exitAtAlarm=false,ok
02-20 19:36:30.231  1937  1937 W art     : Unexpected CPU variant for X86 using defaults: x86_64
02-20 19:36:30.234  1917  1917 W System  : ClassLoader referenced unknown path: /system/priv-app/TeleService/lib/x86_64
02-20 19:36:30.240  1679  1690 I am_proc_bound: [0,1937,com.android.settings]
02-20 19:36:30.245  1679  1692 W LocationProviderProxy-network: Odd, no component found for service com.android.location.service.v3.NetworkLocationProvider
02-20 19:36:30.245  1679  1692 W GeocoderProxy: Odd, no component found for service com.android.location.service.GeocodeProvider
02-20 19:36:30.245  1679  1692 W GeofenceProxy: Odd, no component found for service com.android.location.service.GeofenceProvider
02-20 19:36:30.245  1679  1692 W ActivityRecognitionProxy: Odd, no component found for service com.android.location.service.ActivityRecognitionProvider
02-20 19:36:30.294  1371  1833 E OMXNodeInstance: getExtensionIndex(55b0013:google.vp8.decoder, OMX.google.android.index.configureVideoTunnelMode) ERROR: UnsupportedIndex(0x8000101a)
02-20 19:36:30.294  1371  1371 W OMXNodeInstance: [55b0013:google.vp8.decoder] component does not support metadata mode; using fallback
02-20 19:36:30.297  1374  1374 I MediaPlayerService: MediaPlayerService::getOMX
02-20 19:36:30.298  1374  1374 I OMXClient: MuxOMX ctor
02-20 19:36:30.298  1371  1371 I OMXMaster: makeComponentInstance(OMX.google.vp9.decoder) in mediacodec process
02-20 19:36:30.312  1312  1369 D PermissionCache: checking android.permission.READ_FRAME_BUFFER for uid=1000 => granted (367 us)
02-20 19:36:30.314  1371  1831 E OMXNodeInstance: getExtensionIndex(55b0014:google.vp9.decoder, OMX.google.android.index.configureVideoTunnelMode) ERROR: UnsupportedIndex(0x8000101a)
02-20 19:36:30.314  1371  1833 W OMXNodeInstance: [55b0014:google.vp9.decoder] component does not support metadata mode; using fallback
02-20 19:36:30.321  1374  1374 I MediaPlayerService: MediaPlayerService::getOMX
02-20 19:36:30.321  1374  1374 I OMXClient: MuxOMX ctor
02-20 19:36:30.321  1371  1382 I OMXMaster: makeComponentInstance(OMX.google.h263.encoder) in mediacodec process
02-20 19:36:30.342  1371  1382 I SoftMPEG4Encoder: Construct SoftMPEG4Encoder
02-20 19:36:30.344  1374  1374 W ACodec  : do not know color format 0x7f000789 = 2130708361
02-20 19:36:30.344  1371  1371 E OMXNodeInstance: getConfig(55b0015:google.h263.encoder, ConfigAndroidIntraRefresh(0x6f60000a)) ERROR: Undefined(0x80001001)
02-20 19:36:30.347  1374  1374 I MediaPlayerService: MediaPlayerService::getOMX
02-20 19:36:30.347  1374  1374 I OMXClient: MuxOMX ctor
02-20 19:36:30.347  1371  1382 I OMXMaster: makeComponentInstance(OMX.google.h264.encoder) in mediacodec process
02-20 19:36:30.372  1312  1369 D gralloc_ranchu: gralloc_alloc: Creating ashmem region of size 17051648
02-20 19:36:30.385  1374  1374 W ACodec  : do not know color format 0x7f000789 = 2130708361
02-20 19:36:30.387  1374  1374 I MediaPlayerService: MediaPlayerService::getOMX
02-20 19:36:30.387  1374  1374 I OMXClient: MuxOMX ctor
02-20 19:36:30.387  1371  1833 I OMXMaster: makeComponentInstance(OMX.google.mpeg4.encoder) in mediacodec process
02-20 19:36:30.405  1371  1833 I SoftMPEG4Encoder: Construct SoftMPEG4Encoder
02-20 19:36:30.408  1374  1374 W ACodec  : do not know color format 0x7f000789 = 2130708361
02-20 19:36:30.408  1371  1831 E OMXNodeInstance: getConfig(55b0017:google.mpeg4.encoder, ConfigAndroidIntraRefresh(0x6f60000a)) ERROR: Undefined(0x80001001)
02-20 19:36:30.410  1374  1374 I MediaPlayerService: MediaPlayerService::getOMX
02-20 19:36:30.410  1374  1374 I OMXClient: MuxOMX ctor
02-20 19:36:30.410  1371  1833 I OMXMaster: makeComponentInstance(OMX.google.vp8.encoder) in mediacodec process
02-20 19:36:30.442  1374  1374 W ACodec  : do not know color format 0x7f000789 = 2130708361
02-20 19:36:30.442  1371  1831 E OMXNodeInstance: getConfig(55b0018:google.vp8.encoder, ConfigAndroidIntraRefresh(0x6f60000a)) ERROR: Undefined(0x80001001)
02-20 19:36:30.443  1374  1374 I MediaPlayerService: MediaPlayerService::getOMX
02-20 19:36:30.444  1374  1374 I OMXClient: MuxOMX ctor
02-20 19:36:30.452  1374  1374 I MediaPlayerService: MediaPlayerService::getOMX
02-20 19:36:30.452  1374  1374 I OMXClient: MuxOMX ctor
02-20 19:36:30.453  1374  1374 W MediaCodecList: unable to open media codecs configuration xml file: /data/misc/media/media_codecs_profiling_results.xml
02-20 19:36:30.453  1374  1880 I MediaPlayerService: MediaPlayerService::getOMX
02-20 19:36:30.453  1374  1836 I MediaPlayerService: MediaPlayerService::getOMX
02-20 19:36:30.454  1767  1866 I OMXClient: MuxOMX ctor
02-20 19:36:30.454  1679  1807 I OMXClient: MuxOMX ctor
02-20 19:36:30.454  1371  1382 I OMXMaster: makeComponentInstance(OMX.google.vorbis.decoder) in mediacodec process
02-20 19:36:30.471  1371  1833 I OMXMaster: makeComponentInstance(OMX.google.vorbis.decoder) in mediacodec process
02-20 19:36:30.495  1374  1880 I MediaPlayerService: MediaPlayerService::getOMX
02-20 19:36:30.496  1679  1980 I OMXClient: MuxOMX ctor
02-20 19:36:30.497  1371  1371 I OMXMaster: makeComponentInstance(OMX.google.vorbis.decoder) in mediacodec process
02-20 19:36:30.522  1679  1700 W art     : Long monitor contention with owner Binder:1679_1 (1690) at void com.android.server.wm.WindowManagerService.startAppFreezingScreen(android.os.IBinder, int)(WindowManagerService.java:4812) waiters=1 in void com.android.server.wm.WindowAnimator$1.doFrame(long) for 250ms
02-20 19:36:30.522  1679  1679 D RttService: SCAN_AVAILABLE : 1
02-20 19:36:30.522  1679  1700 I dvm_lock_sample: [system_server,1,android.display,250,WindowAnimator.java,144,WindowManagerService.java,4812,50]
02-20 19:36:30.522  1679  1679 D ZenLog  : set_zen_mode: off,cleanUpZenRules
02-20 19:36:30.523  1679  1740 I WifiScanningService: wifi driver unloaded
02-20 19:36:30.523  1679  1741 D RttService: DefaultState got{ when=-1ms what=160513 target=com.android.internal.util.StateMachine$SmHandler }
02-20 19:36:30.528  1679  1690 I am_restart_activity: [0,18546096,1,com.android.settings/.FallbackHome]
02-20 19:36:30.529  1374  1374 I MediaPlayerService: MediaPlayerService::getOMX
02-20 19:36:30.529  1767  1982 I OMXClient: MuxOMX ctor
02-20 19:36:30.529  1679  1691 W art     : Long monitor contention with owner Binder:1679_1 (1690) at void com.android.server.am.ActivityManagerService.attachApplication(android.app.IApplicationThread)(ActivityManagerService.java:6669) waiters=1 in void com.android.server.am.ActivityManagerService.addPackageDependency(java.lang.String) for 236ms
02-20 19:36:30.529  1679  1691 I dvm_lock_sample: [system_server,1,Binder:1679_2,236,ActivityManagerService.java,5765,-,6669,47]
02-20 19:36:30.533  1917  1917 W System  : ClassLoader referenced unknown path: /system/priv-app/TelephonyProvider/lib/x86_64
02-20 19:36:30.534  1917  1917 D ApplicationLoaders: ignored Vulkan layer search path /system/priv-app/TelephonyProvider/lib/x86_64:/system/lib64:/vendor/lib64 for namespace 0x77692ad970f0
02-20 19:36:30.535  1679  1679 W System  : ClassLoader referenced unknown path: /system/priv-app/Telecom/lib/x86_64
02-20 19:36:30.555  1371  1833 I OMXMaster: makeComponentInstance(OMX.google.vorbis.decoder) in mediacodec process
02-20 19:36:30.561  1679  1679 D ApplicationLoaders: ignored Vulkan layer search path /system/priv-app/Telecom/lib/x86_64:/system/priv-app/Telecom/Telecom.apk!/lib/x86_64:/system/lib64:/vendor/lib64 for namespace 0x77692ae021d0
02-20 19:36:30.573  1937  1937 W System  : ClassLoader referenced unknown path: /system/priv-app/Settings/lib/x86_64
02-20 19:36:30.592  1679  1979 I stream_devices_changed: [0,0,2]
02-20 19:36:30.593  1679  1979 I stream_devices_changed: [2,0,2]
02-20 19:36:30.593  1679  1979 I stream_devices_changed: [3,0,2]
02-20 19:36:30.596  1679  1979 I stream_devices_changed: [6,0,2]
02-20 19:36:30.597  1679  1979 I stream_devices_changed: [4,0,2]
02-20 19:36:30.603  1767  1911 I vol.Events: writeEvent level_changed STREAM_ALARM 6
02-20 19:36:30.609  1767  1911 I vol.Events: writeEvent level_changed STREAM_BLUETOOTH_SCO 7
02-20 19:36:30.610  1767  1911 I vol.Events: writeEvent level_changed STREAM_MUSIC 11
02-20 19:36:30.617  1767  1911 I vol.Events: writeEvent level_changed STREAM_RING 5
02-20 19:36:30.628  1767  1911 I vol.Events: writeEvent level_changed STREAM_SYSTEM 5
02-20 19:36:30.652  1767  1911 I vol.Events: writeEvent level_changed STREAM_VOICE_CALL 4
02-20 19:36:30.670  1374  1836 I MediaPlayerService: MediaPlayerService::getOMX
02-20 19:36:30.671  1679  1988 I OMXClient: MuxOMX ctor
02-20 19:36:30.671  1371  1977 I OMXMaster: makeComponentInstance(OMX.google.vorbis.decoder) in mediacodec process
02-20 19:36:30.692  1679  1679 E BluetoothAdapter: Bluetooth binder is null
02-20 19:36:30.694  1937  1937 I am_on_resume_called: [0,com.android.settings.FallbackHome,LAUNCH_ACTIVITY]
02-20 19:36:30.696  1917  1917 D TelephonyProvider: dbh.onOpen: ok, queried table=siminfo
02-20 19:36:30.697  1917  1917 D TelephonyProvider: dbh.onOpen: ok, queried table=carriers
02-20 19:36:30.698  1312  1324 E SurfaceFlinger: ro.sf.lcd_density must be defined as a build property
02-20 19:36:30.698  1679  1679 I Telecom : SystemStateProvider: Registering car mode receiver: android.content.IntentFilter@586bd27: TS.init@AAA
02-20 19:36:30.701  1312  1966 E SurfaceFlinger: ro.sf.lcd_density must be defined as a build property
02-20 19:36:30.712  1679  1995 I Telecom : Telecom: Non-call EVENT: AUDIO_ROUTE, Entering state QuiescentEarpieceRoute
02-20 19:36:30.715  1937  1937 D         : HostConnection::get() New Host Connection established 0x77691c1c8ee0, tid 1937
02-20 19:36:30.715  1767  1767 D         : HostConnection::get() New Host Connection established 0x77691a240a80, tid 1767
02-20 19:36:30.720  1679  1997 I Telecom : CallAudioModeStateMachine: Message received: null.: TS.init->CAMSM.pM_1@AAA_0
02-20 19:36:30.732  1679  1737 D WifiConfigManager: Loading config and enabling all networks 
02-20 19:36:30.760  1374  1880 I MediaPlayerService: MediaPlayerService::getOMX
02-20 19:36:30.760  1767  2000 I OMXClient: MuxOMX ctor
02-20 19:36:30.765  1374  1412 I MediaPlayerService: MediaPlayerService::getOMX
02-20 19:36:30.765  1679  1999 I OMXClient: MuxOMX ctor
02-20 19:36:30.766  1371  1382 I OMXMaster: makeComponentInstance(OMX.google.vorbis.decoder) in mediacodec process
02-20 19:36:30.771  1679  1737 W WifiNetworkHistory: Upgrading network 0 to android.uid.system:1000
02-20 19:36:30.772  1679  1737 D WifiConfigManager: loaded 0 passpoint configs
02-20 19:36:30.772  1679  1737 E IpConfigStore: Error parsing configuration: java.io.FileNotFoundException: /data/misc/wifi/ipconfig.txt (No such file or directory)
02-20 19:36:30.776  1767  1767 D StorageNotification: Notifying about private volume: VolumeInfo{private}:
02-20 19:36:30.776  1767  1767 D StorageNotification:     type=PRIVATE diskId=null partGuid=null mountFlags=0 mountUserId=-1 
02-20 19:36:30.776  1767  1767 D StorageNotification:     state=MOUNTED 
02-20 19:36:30.776  1767  1767 D StorageNotification:     fsType=null fsUuid=null fsLabel=null 
02-20 19:36:30.776  1767  1767 D StorageNotification:     path=/data internalPath=null 
02-20 19:36:30.779  1767  1767 D StorageNotification: Notifying about public volume: VolumeInfo{public:253,64}:
02-20 19:36:30.779  1767  1767 D StorageNotification:     type=PUBLIC diskId=disk:253,64 partGuid=null mountFlags=VISIBLE 
02-20 19:36:30.779  1767  1767 D StorageNotification:     mountUserId=0 state=MOUNTED 
02-20 19:36:30.779  1767  1767 D StorageNotification:     fsType=vfat fsUuid=1E12-0B12 fsLabel=SDCARD 
02-20 19:36:30.779  1767  1767 D StorageNotification:     path=/storage/1E12-0B12 internalPath=/mnt/media_rw/1E12-0B12 
02-20 19:36:30.783  1679  1737 D WifiNative-HAL: Setting external_sim to 1
02-20 19:36:30.784  1371  1977 I OMXMaster: makeComponentInstance(OMX.google.vorbis.decoder) in mediacodec process
02-20 19:36:30.787  1679  1737 D WifiStateMachine: Setting OUI to DA-A1-19
02-20 19:36:30.789  1679  1737 I WifiConnectivityManager: PNO settings: min5GHzRssi -82 min24GHzRssi -85 currentConnectionBonus 16 sameNetworkBonus 24 secureNetworkBonus 80 initialScoreMax 100
02-20 19:36:30.789  1679  1737 I WifiConnectivityManager: ConnectivityScanManager initialized and disabled
02-20 19:36:30.789  1679  1737 I WifiConnectivityManager: setUntrustedConnectionAllowed: allowed=false
02-20 19:36:30.789  1679  1737 E WifiLogger: no ring buffers found
02-20 19:36:30.789  1679  1737 E WifiLogger: Failed to start packet fate monitoring
02-20 19:36:30.791  1917  1917 D TDC     : updateOrInsert: inserting: Modem { uuid=modem, state=0, rilModel=0, rat={}, maxActiveVoiceCall=1, maxActiveDataCall=1, maxStandby=1 }
02-20 19:36:30.791  1917  1917 D TDC     : updateOrInsert: inserting: Sim { uuid=sim, modemUuid=modem, state=0 }
02-20 19:36:30.791  1679  2001 E ActivityThread: Failed to find provider info for call_log
02-20 19:36:30.792  1679  1679 E BluetoothAdapter: Bluetooth binder is null
02-20 19:36:30.813  1679  1679 I Telecom : Class: TelecomSystem.INSTANCE being set
02-20 19:36:30.813  1679  1679 E BluetoothAdapter: Bluetooth binder is null
02-20 19:36:30.815  1679  1679 W ContextImpl: Calling a method in the system process without a qualified user: android.app.ContextImpl.startService:1357 com.android.server.content.SyncManager$13.run:658 android.os.Handler.handleCallback:751 android.os.Handler.dispatchMessage:95 android.os.Looper.loop:154 
02-20 19:36:30.825  1679  1737 I WifiConnectivityManager: Set WiFi enabled
02-20 19:36:30.827  1917  1917 D CdmaSSM : subscriptionSource from settings: 0
02-20 19:36:30.827  1917  1917 I PhoneFactory: Cdma Subscription set to 0
02-20 19:36:30.827  1679  1737 I WifiConnectivityManager: scheduleWatchdogTimer
02-20 19:36:30.834  1679  1737 D WifiNative-HAL: Failing getSupportedFeatureset because HAL isn't started
02-20 19:36:30.834  1679  1696 E BatteryStatsService: no controller energy info supplied
02-20 19:36:30.835  1679  1696 E KernelCpuSpeedReader: Failed to read cpu-freq: /sys/devices/system/cpu/cpu0/cpufreq/stats/time_in_state (No such file or directory)
02-20 19:36:30.835  1679  1696 E KernelUidCpuTimeReader: Failed to read uid_cputime: /proc/uid_cputime/show_uid_stat (No such file or directory)
02-20 19:36:30.837  1679  1737 D WifiNative-HAL: Failing getSupportedFeatureset because HAL isn't started
02-20 19:36:30.849  1937  1994 D         : HostConnection::get() New Host Connection established 0x77691ea1d4e0, tid 1994
02-20 19:36:30.856  1917  1917 I PhoneFactory: Network Mode set to 0
02-20 19:36:30.857  1937  1994 I OpenGLRenderer: Initialized EGL, version 1.4
02-20 19:36:30.857  1937  1994 D OpenGLRenderer: Swap behavior 1
02-20 19:36:30.858  1312  1966 D         : HostConnection::get() New Host Connection established 0x7d571ee1bae0, tid 1966
02-20 19:36:30.873  1937  1994 D EGL_emulation: eglCreateContext: 0x77691ea3a320: maj 3 min 0 rcv 3
02-20 19:36:30.877  1679  1700 I dvm_lock_sample: [system_server,1,android.display,75,WindowManagerService.java,8857,-,2857,15]
02-20 19:36:30.878  1679  1696 E BatteryStatsService: no controller energy info supplied
02-20 19:36:30.878  1679  1696 E KernelCpuSpeedReader: Failed to read cpu-freq: /sys/devices/system/cpu/cpu0/cpufreq/stats/time_in_state (No such file or directory)
02-20 19:36:30.878  1679  1696 E KernelUidCpuTimeReader: Failed to read uid_cputime: /proc/uid_cputime/show_uid_stat (No such file or directory)
02-20 19:36:30.878  1917  1917 D RILJ    : RIL(context, preferredNetworkType=0 cdmaSubscription=0)
02-20 19:36:30.885  1917  1917 D RILJ    : Starting RILReceiver0 [SUB0]
02-20 19:36:30.886  1917  2020 I RILJ    : (0) Connected to 'rild' socket
02-20 19:36:30.887  1376  1482 I RILC    : libril: new connection to RIL_SOCKET_1
02-20 19:36:30.887  1376  1482 I RILC    : RIL Daemon version: android reference-ril 1.0
02-20 19:36:30.888  1679  1679 W System  : ClassLoader referenced unknown path: /system/priv-app/FusedLocation/lib/x86_64
02-20 19:36:30.888  1917  2020 D RILJ    : [UNSL]< UNSOL_RIL_CONNECTED {12} [SUB0]
02-20 19:36:30.888  1679  1679 D ApplicationLoaders: ignored Vulkan layer search path /system/priv-app/FusedLocation/lib/x86_64:/system/priv-app/FusedLocation/FusedLocation.apk!/lib/x86_64:/system/lib64:/vendor/lib64 for namespace 0x77692ae02240
02-20 19:36:30.891  1917  2020 D RILJ    : [3648]> RADIO_POWER off [SUB0]
02-20 19:36:30.891  1917  1917 D RILJ    : [3649]> GET_HARDWARE_CONFIG [SUB0]
02-20 19:36:30.892  1917  2020 D RILJ    : [3650]> RIL_REQUEST_CDMA_SET_SUBSCRIPTION_SOURCE : 0 [SUB0]
02-20 19:36:30.892  1917  1917 I PhoneFactory: Creating SubscriptionController
02-20 19:36:30.892  1917  2020 D RILJ    : setCellInfoListRate: 2147483647 [SUB0]
02-20 19:36:30.892  1917  2020 D RILJ    : [3651]> RIL_REQUEST_SET_CELL_INFO_LIST_RATE [SUB0]
02-20 19:36:30.893  1376  1482 D RIL     : onRequest: RADIO_POWER
02-20 19:36:30.893  1917  2020 D RILJ    : [UNSL]< UNSOL_RESPONSE_RADIO_STATE_CHANGED RADIO_OFF [SUB0]
02-20 19:36:30.893  1917  2020 D RILJ    : [3652]> SCREEN_STATE: true [SUB0]
02-20 19:36:30.894  1376  1482 D RIL     : onRequest: GET_HARDWARE_CONFIG
02-20 19:36:30.894  1376  1482 D RIL     : onRequest: CDMA_SET_SUBSCRIPTION_SOURCE
02-20 19:36:30.894  1376  1482 D RIL     : onRequest: SET_UNSOL_CELL_INFO_LIST_RATE
02-20 19:36:30.902  1917  2020 D RILJ    : [UNSL]< UNSOL_NITZ_TIME_RECEIVED 18/02/20:19:36:24+0:0:Unknown!Unknown [SUB0]
02-20 19:36:30.903  1917  2020 D RILJ    : [3648]< RADIO_POWER  [SUB0]
02-20 19:36:30.908  1376  1482 D RIL     : onRequest: SCREEN_STATE
02-20 19:36:30.909  1917  2020 D RilRequest: [3649]< GET_HARDWARE_CONFIG error: com.android.internal.telephony.CommandException: RADIO_NOT_AVAILABLE ret=
02-20 19:36:30.909  1917  2020 D RilRequest: [3650]< RIL_REQUEST_CDMA_SET_SUBSCRIPTION_SOURCE error: com.android.internal.telephony.CommandException: RADIO_NOT_AVAILABLE ret=
02-20 19:36:30.909  1917  2020 D RilRequest: [3651]< RIL_REQUEST_SET_CELL_INFO_LIST_RATE error: com.android.internal.telephony.CommandException: RADIO_NOT_AVAILABLE ret=
02-20 19:36:30.909  1917  2020 D RilRequest: [3652]< SCREEN_STATE error: com.android.internal.telephony.CommandException: RADIO_NOT_AVAILABLE ret=
02-20 19:36:30.911  1917  1917 D SubscriptionController: [SubscriptionController] init by Context
02-20 19:36:30.917  1374  1836 I MediaPlayerService: MediaPlayerService::getOMX
02-20 19:36:30.917  1679  2019 I OMXClient: MuxOMX ctor
02-20 19:36:30.918  1371  1382 I OMXMaster: makeComponentInstance(OMX.google.vorbis.decoder) in mediacodec process
02-20 19:36:30.919  1917  1917 D UiccController: Creating UiccController
02-20 19:36:30.925  1679  1679 D GpsNetInitiatedHandler: location enabled :true
02-20 19:36:30.925  1679  1679 V WiredAccessoryManager: notifyWiredAccessoryChanged: when=0 bits= mask=54
02-20 19:36:30.925  1679  1679 V WiredAccessoryManager: newName=h2w newState=0 headsetState=0 prev headsetState=0
02-20 19:36:30.925  1679  1679 E WiredAccessoryManager: No state change.
02-20 19:36:30.925  1679  1679 V WiredAccessoryManager: init()
02-20 19:36:30.926  1917  1917 D TelephonyTester: register for intent action=com.android.internal.telephony.action_detached
02-20 19:36:30.926  1917  1917 D TelephonyTester: register for intent action=com.android.internal.telephony.action_attached
02-20 19:36:30.934  1917  1917 D Phone   : mDoesRilSendMultipleCallRing=true
02-20 19:36:30.934  1917  1917 D Phone   : mCallRingDelay=3000
02-20 19:36:30.938  1917  1917 D RILJ    : [3653]> RIL_REQUEST_START_LCE [SUB0]
02-20 19:36:30.939  1376  1482 D RIL     : onRequest: <unknown request>
02-20 19:36:30.939  1917  2020 D RilRequest: [3653]< RIL_REQUEST_START_LCE error: com.android.internal.telephony.CommandException: RADIO_NOT_AVAILABLE ret=
02-20 19:36:30.961  1917  1917 E RIL_ImsSms: getFormat should never be called from here!
02-20 19:36:30.961  1917  1917 D SMSDispatcher: SMSDispatcher: ctor mSmsCapable=true format=unknown mSmsSendDisabled=false
02-20 19:36:30.961  1917  1917 D RIL_ImsSms: ImsSMSDispatcher created
02-20 19:36:30.962  1917  1917 D SMSDispatcher: SMSDispatcher: ctor mSmsCapable=true format=3gpp2 mSmsSendDisabled=false
02-20 19:36:30.962  1917  1917 D CdmaSMSDispatcher: CdmaSMSDispatcher created
02-20 19:36:30.972  1679  1856 I StatusBarManagerService: registerStatusBar bar=com.android.internal.statusbar.IStatusBar$Stub$Proxy@6a40dc1
02-20 19:36:30.981  1937  1994 D EGL_emulation: eglMakeCurrent: 0x77691ea3a320: ver 3 0 (tinfo 0x77691ea0c340)
02-20 19:36:30.996  1679  1689 I art     : Background sticky concurrent mark sweep GC freed 24934(2028KB) AllocSpace objects, 9(212KB) LOS objects, 10% free, 21MB/24MB, paused 6.377ms total 56.501ms
02-20 19:36:30.999  1917  1917 D GsmInboundSmsHandler: created InboundSmsHandler
02-20 19:36:31.003  1917  1917 D CdmaInboundSmsHandler: created InboundSmsHandler
02-20 19:36:31.005  1917  1917 D SMSDispatcher: SMSDispatcher: ctor mSmsCapable=true format=3gpp mSmsSendDisabled=false
02-20 19:36:31.005  1917  1917 D GsmSMSDispatcher: GsmSMSDispatcher created
02-20 19:36:31.006  1917  2030 D GsmInboundSmsHandler: StartupState.processMessage:6
02-20 19:36:31.006  1917  2030 D GsmInboundSmsHandler: entering Idle state
02-20 19:36:31.006  1917  2032 D CdmaInboundSmsHandler: StartupState.processMessage:6
02-20 19:36:31.006  1917  2032 D CdmaInboundSmsHandler: entering Idle state
02-20 19:36:31.021  1917  1917 D IccCardProxy: ctor: ci=com.android.internal.telephony.RIL@80bd8b8 phoneId=0
