02-20 19:36:31.021  1917  1917 D CdmaSSM : subscriptionSource from settings: 0
02-20 19:36:31.021  1917  1917 D CdmaSSM : cdmaSSM constructor: 0
02-20 19:36:31.022  1917  1917 D IccCardProxy: update icc_operator_numeric=
02-20 19:36:31.022  1917  1917 D TelephonyManager: setTelephonyProperty: success phoneId=0 property=gsm.sim.operator.numeric value:  propVal=
02-20 19:36:31.022  1917  1917 D TelephonyManager: setTelephonyProperty: success phoneId=0 property=gsm.sim.operator.iso-country value:  propVal=
02-20 19:36:31.022  1917  1917 D TelephonyManager: setTelephonyProperty: success phoneId=0 property=gsm.sim.operator.alpha value:  propVal=
02-20 19:36:31.022  1917  1917 E IccCardProxy: setExternalState: set mPhoneId=0 mExternalState=NOT_READY
02-20 19:36:31.022  1917  1917 D TelephonyManager: setTelephonyProperty: success phoneId=0 property=gsm.sim.state value: NOT_READY propVal=NOT_READY
02-20 19:36:31.025  1917  1917 D IccCardProxy: broadcastIccStateChangedIntent intent ACTION_SIM_STATE_CHANGED value=NOT_READY reason=null for mPhoneId=0
02-20 19:36:31.030  1937  1994 D EGL_emulation: eglMakeCurrent: 0x77691ea3a320: ver 3 0 (tinfo 0x77691ea0c340)
02-20 19:36:31.039  1917  1917 D RILJ    : setPhoneType=1 old value=0 [SUB0]
02-20 19:36:31.039  1917  1917 D TelephonyManager: setTelephonyProperty: success phoneId=0 property=gsm.current.phone-type value: 1 propVal=1
02-20 19:36:31.043  1917  1917 D IccCardProxy: Setting radio tech UMTS
02-20 19:36:31.043  1917  1917 D IccCardProxy: updateQuietMode: 3GPP subscription -> newQuietMode=false
02-20 19:36:31.043  1917  1917 D IccCardProxy: updateQuietMode: no changes don't setExternalState
02-20 19:36:31.043  1917  1917 D IccCardProxy: updateQuietMode: QuietMode is false (app_type=1 cdmaSource=-1)
02-20 19:36:31.043  1679  1679 W VibratorService: Tried to stop vibrating but there is no vibrator device.
02-20 19:36:31.092     0     0 D ieee80211 phy1: mac80211_hwsim_configure_filter
02-20 19:36:31.053  1374  1836 I MediaPlayerService: MediaPlayerService::getOMX
02-20 19:36:31.053  1679  2034 I OMXClient: MuxOMX ctor
02-20 19:36:31.053  1371  1382 I OMXMaster: makeComponentInstance(OMX.google.vorbis.decoder) in mediacodec process
02-20 19:36:31.054  1679  1679 I am_proc_start: [0,2035,10004,com.android.cellbroadcastreceiver,broadcast,com.android.cellbroadcastreceiver/.CellBroadcastReceiver]
02-20 19:36:31.054  1679  1679 I ActivityManager: Start proc 2035:com.android.cellbroadcastreceiver/u0a4 for broadcast com.android.cellbroadcastreceiver/.CellBroadcastReceiver
02-20 19:36:31.054  1679  1679 D ConditionProviders.SCP: onSubscribe condition://android/schedule?days=6.7&start=23.30&end=10.0&exitAtAlarm=false
02-20 19:36:31.055  1679  1679 D ConditionProviders.SCP: setRegistered true
02-20 19:36:31.055  1679  1679 D ConditionProviders.SCP: notifyCondition condition://android/schedule?days=6.7&start=23.30&end=10.0&exitAtAlarm=false STATE_FALSE reason=!meetsSchedule
02-20 19:36:31.060  1679  1679 D ConditionProviders.SCP: Scheduling evaluate for Tue Feb 20 23:30:00 GMT+00:00 2018 (1519169400000), in +3h53m28s945ms, now=Tue Feb 20 19:36:31 GMT+00:00 2018 (1519155391055)
02-20 19:36:31.060  1679  1679 D ConditionProviders.SCP: onSubscribe condition://android/schedule?days=1.2.3.4.5&start=22.0&end=7.0&exitAtAlarm=false
02-20 19:36:31.060  1679  1679 D ConditionProviders.SCP: notifyCondition condition://android/schedule?days=6.7&start=23.30&end=10.0&exitAtAlarm=false STATE_FALSE reason=!meetsSchedule
02-20 19:36:31.060  1679  1679 D ConditionProviders.SCP: notifyCondition condition://android/schedule?days=1.2.3.4.5&start=22.0&end=7.0&exitAtAlarm=false STATE_FALSE reason=!meetsSchedule
02-20 19:36:31.060  1679  1679 D ConditionProviders.SCP: Scheduling evaluate for Tue Feb 20 22:00:00 GMT+00:00 2018 (1519164000000), in +2h23m28s940ms, now=Tue Feb 20 19:36:31 GMT+00:00 2018 (1519155391060)
02-20 19:36:31.069  1679  1679 I Telecom : WiredHeadsetManager: ACTION_HEADSET_PLUG event, plugged in: false, : WHC.oADA@AAE
02-20 19:36:31.072  1917  1917 W CarrierConfigManager: Error getting config for subId -1 ICarrierConfigLoader is null
02-20 19:36:31.073  2035  2035 W art     : Unexpected CPU variant for X86 using defaults: x86_64
02-20 19:36:31.075  1679  1679 I ActivityManager: user 0 is still locked. Cannot load recents
02-20 19:36:31.075  1679  1679 I notification_enqueue: [10028,1767,com.android.systemui,1397773634,public:253,64,-1,Notification(pri=0 contentView=null vibrate=null sound=null defaults=0x0 flags=0x100 color=0xff607d8b category=sys actions=2 vis=PUBLIC),0]
02-20 19:36:31.078  1679  1979 D TelephonyRegistry: listen oscl: hasNotifySubscriptionInfoChangedOccurred==false no callback
02-20 19:36:31.096  1917  1917 D TelephonyManager: setTelephonyProperty: success phoneId=0 property=gsm.network.type value: Unknown propVal=Unknown
02-20 19:36:31.098  1679  1740 I WifiScanningService: wifi driver loaded with scan capabilities: max buckets=16
02-20 19:36:31.098  1679  1679 D RttService: SCAN_AVAILABLE : 3
02-20 19:36:31.098  1679  1741 D RttService: DefaultState got{ when=0 what=160512 target=com.android.internal.util.StateMachine$SmHandler }
02-20 19:36:31.099  1917  1917 D RILJ    : [3654]> SIGNAL_STRENGTH [SUB0]
02-20 19:36:31.100  1376  1482 D RIL     : onRequest: SIGNAL_STRENGTH
02-20 19:36:31.101  1917  2020 D RilRequest: [3654]< SIGNAL_STRENGTH error: com.android.internal.telephony.CommandException: RADIO_NOT_AVAILABLE ret=
02-20 19:36:31.101  1917  1917 D SST     : notifyDataRegStateRilRadioTechnologyChanged: drs=1 rat=0
02-20 19:36:31.101  1917  1917 D TelephonyManager: setTelephonyProperty: success phoneId=0 property=gsm.network.type value: Unknown propVal=Unknown
02-20 19:36:31.102  1679  1856 I am_proc_bound: [0,2035,com.android.cellbroadcastreceiver]
02-20 19:36:31.106  1679  1679 D TelephonyRegistry: notifyCellLocationForSubscriber: subId=0 cellLocation=Bundle[{}]
02-20 19:36:31.115  1679  1693 I boot_progress_enable_screen: 12115
02-20 19:36:31.116  1917  1917 D DCT     : [0]DCT.constructor
02-20 19:36:31.117  1679  1700 I am_activity_launch_time: [0,18546096,com.android.settings/.FallbackHome,924,924]
02-20 19:36:31.117  1679  1700 I ActivityManager: Displayed com.android.settings/.FallbackHome: +924ms
02-20 19:36:31.120  1917  1932 D SubscriptionController: [getPhoneId]- no sims, returning default phoneId=2147483647
02-20 19:36:31.129  1679  1856 D TelephonyRegistry: listen oscl: hasNotifySubscriptionInfoChangedOccurred==false no callback
02-20 19:36:31.133  1917  1917 D Dcc     : E ctor
02-20 19:36:31.133  1917  1917 D Dcc     : X ctor
02-20 19:36:31.134  1917  1917 D SubscriptionController: [getPhoneId] asked for default subId=-1
02-20 19:36:31.137  1917  1917 D DcTesterFailBrinupAll: register for intent action=com.android.internal.telephony.dataconnection.action_fail_bringup
02-20 19:36:31.137  1917  1917 D DcTesterFailBrinupAll: register for intent action=com.android.internal.telephony.action_detached
02-20 19:36:31.137  1917  1917 D DcTesterFailBrinupAll: register for intent action=com.android.internal.telephony.action_attached
02-20 19:36:31.138  1917  1917 D SST     : notifyDataRegStateRilRadioTechnologyChanged: drs=1 rat=0
02-20 19:36:31.138  1917  1917 D TelephonyManager: setTelephonyProperty: success phoneId=0 property=gsm.network.type value: Unknown propVal=Unknown
02-20 19:36:31.138  1917  1917 D DCT     : [0]update sub = -2
02-20 19:36:31.138  1917  1917 D DCT     : [0]update(): Active DDS, register for all events now!
02-20 19:36:31.138  1917  1917 D GsmCdmaPhone: [GsmCdmaPhone] updateCurrentCarrierInProvider: mSubId = -2 currentDds = 1 operatorNumeric = null
02-20 19:36:31.139  1917  1917 D DCT     : [0]initApnContexts: E
02-20 19:36:31.139  1917  1917 D DCT     : [0]initApnContexts: skipping unknown type=1
02-20 19:36:31.140  1917  1917 D DCT     : [0]initApnContexts: apnContext={mApnType=default mState=IDLE mWaitingApns={null} mApnSetting={null} mReason=dataEnabled mDataEnabled=false mDependencyMet=true}
02-20 19:36:31.140  1917  1917 D DCT     : [0]initApnContexts: apnContext={mApnType=mms mState=IDLE mWaitingApns={null} mApnSetting={null} mReason=dataEnabled mDataEnabled=false mDependencyMet=true}
02-20 19:36:31.140  1917  1917 D DCT     : [0]initApnContexts: apnContext={mApnType=supl mState=IDLE mWaitingApns={null} mApnSetting={null} mReason=dataEnabled mDataEnabled=false mDependencyMet=true}
02-20 19:36:31.140  1917  1917 D DCT     : [0]initApnContexts: apnContext={mApnType=hipri mState=IDLE mWaitingApns={null} mApnSetting={null} mReason=dataEnabled mDataEnabled=false mDependencyMet=true}
02-20 19:36:31.140  1917  1917 D DCT     : [0]initApnContexts: apnContext={mApnType=fota mState=IDLE mWaitingApns={null} mApnSetting={null} mReason=dataEnabled mDataEnabled=false mDependencyMet=true}
02-20 19:36:31.140  1917  1917 D DCT     : [0]initApnContexts: apnContext={mApnType=ims mState=IDLE mWaitingApns={null} mApnSetting={null} mReason=dataEnabled mDataEnabled=false mDependencyMet=true}
02-20 19:36:31.140  1917  1917 D DCT     : [0]initApnContexts: apnContext={mApnType=cbs mState=IDLE mWaitingApns={null} mApnSetting={null} mReason=dataEnabled mDataEnabled=false mDependencyMet=true}
02-20 19:36:31.140  1917  1917 D DCT     : [0]initApnContexts: skipping unknown type=13
02-20 19:36:31.140  1917  1917 D DCT     : [0]initApnContexts: apnContext={mApnType=ia mState=IDLE mWaitingApns={null} mApnSetting={null} mReason=dataEnabled mDataEnabled=false mDependencyMet=true}
02-20 19:36:31.140  1917  1917 D DCT     : [0]initApnContexts: apnContext={mApnType=emergency mState=IDLE mWaitingApns={null} mApnSetting={null} mReason=dataEnabled mDataEnabled=false mDependencyMet=true}
02-20 19:36:31.138  1917  2052 D DcTesterDeacativateAll: register for intent action=com.android.internal.telephony.dataconnection.action_deactivate_all
02-20 19:36:31.143  1917  2052 D DcTesterDeacativateAll: register for intent action=com.android.internal.telephony.action_detached
02-20 19:36:31.144  1917  2052 D Dcc     : DccDefaultState: msg.what=EVENT_RIL_CONNECTED mRilVersion=12
02-20 19:36:31.146  1917  1917 D GsmCdmaPhone: [GsmCdmaPhone] GsmCdmaPhone: constructor: sub = 0
02-20 19:36:31.146  1917  1917 I PhoneFactory: Creating Phone with type = 1 sub = 0
02-20 19:36:31.147  1917  1917 I PhoneFactory: defaultSmsApplication: NONE
02-20 19:36:31.148  1917  1917 I PhoneFactory: Creating SubInfoRecordUpdater 
02-20 19:36:31.148  1917  1917 D SubscriptionInfoUpdater: Constructor invoked
02-20 19:36:31.156  1679  1700 I WindowManager: Screen frozen for +885ms due to AppWindowToken{56c54f token=Token{7e9d429 ActivityRecord{11afdb0 u0 com.android.settings/.FallbackHome t1}}}
02-20 19:36:31.183  1679  1856 D TelephonyRegistry: listen oscl: hasNotifySubscriptionInfoChangedOccurred==false no callback
02-20 19:36:31.184  1917  1917 D SubscriptionController: [getPhoneId]- no sims, returning default phoneId=2147483647
02-20 19:36:31.184  1679  1979 D TelephonyRegistry: listen oscl: hasNotifySubscriptionInfoChangedOccurred==false no callback
02-20 19:36:31.185  1917  1917 D PhoneSwitcherNetworkRequstListener: Registering NetworkFactory
02-20 19:36:31.185  1679  1742 D ConnectivityService: Got NetworkFactory Messenger for PhoneSwitcherNetworkRequstListener
02-20 19:36:31.187  1917  1917 D PhoneSwitcher: PhoneSwitcher started
02-20 19:36:31.188  1917  1917 D ProxyController: Constructor - Enter
02-20 19:36:31.190  1917  1917 D ProxyController: clearTransaction
02-20 19:36:31.190  1917  1917 D ProxyController: clearTransaction: phoneId=0 status=IDLE
02-20 19:36:31.190  1917  1917 D ProxyController: Constructor - Exit
02-20 19:36:31.190  1917  1917 D TelephonyNetworkFactory[0]: Registering NetworkFactory
02-20 19:36:31.191  1679  1742 D ConnectivityService: Got NetworkFactory Messenger for TelephonyNetworkFactory[0]
02-20 19:36:31.199  1917  1917 D CallManager: registerPhone(GSM Handler (com.android.internal.telephony.GsmCdmaPhone) {f42d6e7})
02-20 19:36:31.201  1679  1979 D TelephonyRegistry: listen oscl: hasNotifySubscriptionInfoChangedOccurred==false no callback
02-20 19:36:31.209  1679  1748 E ActivityThread: Failed to find provider info for com.android.calendar
02-20 19:36:31.210  1679  1748 E ActivityThread: Failed to find provider info for com.android.calendar
02-20 19:36:31.231  1679  1747 D NotificationSQLiteLog: Pruned event entries: 0
02-20 19:36:31.233  2035  2035 W System  : ClassLoader referenced unknown path: /system/priv-app/CellBroadcastReceiver/lib/x86_64
02-20 19:36:31.271  1679  1693 V KeyguardServiceDelegate: *** Keyguard started
02-20 19:36:31.271  1679  1693 I screen_toggled: 1
02-20 19:36:31.288  1679  1693 W KeyguardServiceDelegate: onScreenTurningOn(): no keyguard service!
02-20 19:36:31.291  1917  1917 D CarrierConfigLoader: CarrierConfigLoader has started
02-20 19:36:31.292  1917  1917 E BluetoothAdapter: Bluetooth binder is null
02-20 19:36:31.292  1679  1690 D TelephonyRegistry: listen oscl: hasNotifySubscriptionInfoChangedOccurred==false no callback
02-20 19:36:31.309  1917  2057 E ActivityThread: Failed to find provider info for com.android.contacts
02-20 19:36:31.309  1917  2057 W CallerInfoCache: cursor is null
02-20 19:36:31.354  1917  1917 D RILJ    : [3655]> RIL_REQUEST_SET_TTY_MODE : 0 [SUB0]
02-20 19:36:31.356  1376  1482 D RIL     : onRequest: SET_TTY_MODE
02-20 19:36:31.356  1917  2020 D RilRequest: [3655]< RIL_REQUEST_SET_TTY_MODE error: com.android.internal.telephony.CommandException: RADIO_NOT_AVAILABLE ret=
02-20 19:36:31.356  1917  1917 I Telephony: TtyManager: updateUiTtyMode -1 -> 0
02-20 19:36:31.363  1679  1856 D TelephonyRegistry: listen oscl: hasNotifySubscriptionInfoChangedOccurred==false no callback
02-20 19:36:31.372  1917  1917 D SubscriptionController: [getPhoneId] asked for default subId=-1
02-20 19:36:31.375  1917  1917 D UiccController: Received EVENT_ICC_STATUS_CHANGED, calling getIccCardStatus
02-20 19:36:31.375  1917  1917 D RILJ    : [3656]> GET_SIM_STATUS [SUB0]
02-20 19:36:31.376  1376  1482 D RIL     : onRequest: GET_SIM_STATUS
02-20 19:36:31.376  1376  1482 D RIL     : getSIMStatus(). sState: 0
02-20 19:36:31.377  1917  2020 D RILJ    : [3656]< GET_SIM_STATUS IccCardState {CARDSTATE_PRESENT,PINSTATE_UNKNOWN,num_apps=2,gsm_id=0{APPTYPE_SIM,APPSTATE_DETECTED},cdma_id=1{APPTYPE_RUIM,APPSTATE_DETECTED},ims_id=8} [SUB0]
02-20 19:36:31.386  1917  1917 D Phone   : config LCE service failed: com.android.internal.telephony.CommandException: RADIO_NOT_AVAILABLE
02-20 19:36:31.386  1917  1917 D GsmSMSDispatcher: GsmSMSDispatcher: subId = -2 slotId = 0
02-20 19:36:31.387  1917  1917 E IccCardProxy: setExternalState: !override and newstate unchanged from NOT_READY
02-20 19:36:31.387  1917  1917 D RILJ    : [3657]> BASEBAND_VERSION [SUB0]
02-20 19:36:31.387  1376  1482 D RIL     : onRequest: BASEBAND_VERSION
02-20 19:36:31.387  1917  2020 D RilRequest: [3657]< BASEBAND_VERSION error: com.android.internal.telephony.CommandException: RADIO_NOT_AVAILABLE ret=
02-20 19:36:31.387  1917  1917 D RILJ    : [3658]> GET_IMEI [SUB0]
02-20 19:36:31.387  1376  1482 D RIL     : onRequest: GET_IMEI
02-20 19:36:31.387  1376  1482 D AT      : AT> AT+CGSN
02-20 19:36:31.388  1917  1917 D RILJ    : [3659]> GET_IMEISV [SUB0]
02-20 19:36:31.388  1376  1486 D AT      : AT< 000000000000000
02-20 19:36:31.388  1376  1486 D AT      : AT< OK
02-20 19:36:31.388  1917  2020 D RILJ    : [3658]< GET_IMEI  [SUB0]
02-20 19:36:31.388  1376  1482 D RIL     : onRequest: GET_IMEISV
02-20 19:36:31.388  1917  2020 D RilRequest: [3659]< GET_IMEISV error: com.android.internal.telephony.CommandException: RADIO_NOT_AVAILABLE ret=
02-20 19:36:31.391  1917  1917 D RILJ    : [3660]> RIL_REQUEST_GET_RADIO_CAPABILITY [SUB0]
02-20 19:36:31.392  1376  1482 D RIL     : onRequest: RIL_REQUEST_GET_RADIO_CAPABILITY
02-20 19:36:31.392  1917  2020 D RilRequest: [3660]< RIL_REQUEST_GET_RADIO_CAPABILITY error: com.android.internal.telephony.CommandException: RADIO_NOT_AVAILABLE ret=
02-20 19:36:31.392  1917  1917 D RILJ    : [3661]> RIL_REQUEST_START_LCE [SUB0]
02-20 19:36:31.393  1376  1482 D RIL     : onRequest: <unknown request>
02-20 19:36:31.393  1917  2020 D RilRequest: [3661]< RIL_REQUEST_START_LCE error: com.android.internal.telephony.CommandException: RADIO_NOT_AVAILABLE ret=
02-20 19:36:31.393  1917  1917 D GsmCdmaPhone: [GsmCdmaPhone] Event EVENT_RADIO_OFF_OR_NOT_AVAILABLE Received
02-20 19:36:31.393  1917  1917 E IccCardProxy: setExternalState: !override and newstate unchanged from NOT_READY
02-20 19:36:31.397  1767  1767 I OpaLayout: Setting opa enabled to false
02-20 19:36:31.398  1767  1767 I OpaLayout: Setting opa enabled to false
02-20 19:36:31.394  1917  1917 D SST     : mDeviceShuttingDown=false, mDesiredPowerState=true, getRadioState=RADIO_OFF, mPowerOffDelayNeed=true, mAlarmSwitch=false, mRadioDisabledByCarrier=false
02-20 19:36:31.405  1917  1917 D RILJ    : [3662]> RADIO_POWER on [SUB0]
02-20 19:36:31.406  1376  1482 D RIL     : onRequest: RADIO_POWER
02-20 19:36:31.406  1376  1482 D AT      : AT> AT+CFUN=1
02-20 19:36:31.406  1917  1917 D RILJ    : [3663]> OPERATOR [SUB0]
02-20 19:36:31.406  1917  1917 D RILJ    : [3664]> DATA_REGISTRATION_STATE [SUB0]
02-20 19:36:31.407  1917  1917 D RILJ    : [3665]> VOICE_REGISTRATION_STATE [SUB0]
02-20 19:36:31.407  1917  1917 D RILJ    : [3666]> QUERY_NETWORK_SELECTION_MODE [SUB0]
02-20 19:36:31.408  1917  1917 D SST     : NITZ: 18/02/20:19:36:24+0:0:Unknown!Unknown,4199 start=12408 delay=8209
02-20 19:36:31.408  1376  1486 D AT      : AT< OK
02-20 19:36:31.408  1376  1482 D RIL     : setRadioState(10)
02-20 19:36:31.408  1376  1482 D RIL     : onRequest: OPERATOR
02-20 19:36:31.408  1376  1482 D AT      : AT> AT+COPS=3,0;+COPS?;+COPS=3,1;+COPS?;+COPS=3,2;+COPS?
02-20 19:36:31.408  1376  1486 D AT      : AT< +COPS: 0,0,"Android"
02-20 19:36:31.408  1376  1486 D AT      : AT< +COPS: 0,1,"Android"
02-20 19:36:31.408  1917  2020 D RILJ    : [UNSL]< UNSOL_RESPONSE_RADIO_STATE_CHANGED RADIO_ON [SUB0]
02-20 19:36:31.408  1376  1486 D AT      : AT< +COPS: 0,2,"310260"
02-20 19:36:31.408  1376  1486 D AT      : AT< OK
02-20 19:36:31.408  1917  2020 D RILJ    : [UNSL]< UNSOL_RESPONSE_SIM_STATUS_CHANGED [SUB0]
02-20 19:36:31.408  1917  2020 D RILJ    : [3662]< RADIO_POWER  [SUB0]
02-20 19:36:31.408  1376  1482 D RIL     : onRequest: DATA_REGISTRATION_STATE
02-20 19:36:31.408  1376  1482 D RIL     : requestRegistrationState
02-20 19:36:31.408  1376  1482 D AT      : AT> AT+CGREG?
02-20 19:36:31.409  1376  1486 D AT      : AT< +CGREG: 1,1,"0003","005b","000e"
02-20 19:36:31.409  1376  1486 D AT      : AT< OK
02-20 19:36:31.409  1917  2020 D RILJ    : [3663]< OPERATOR {Android, Android, 310260} [SUB0]
02-20 19:36:31.409  1376  1482 D RIL     : parseRegistrationState. Parsing: +CGREG: 1,1,"0003","005b","000e"
02-20 19:36:31.409  1376  1482 D RIL     : registration state type: 3GPP
02-20 19:36:31.409  1376  1482 D RIL     : onRequest: VOICE_REGISTRATION_STATE
02-20 19:36:31.409  1376  1482 D RIL     : requestRegistrationState
02-20 19:36:31.409  1376  1482 D AT      : AT> AT+CREG?
02-20 19:36:31.409  1917  2020 D RILJ    : [3664]< DATA_REGISTRATION_STATE {1, 3, 5b, 14, null, null} [SUB0]
02-20 19:36:31.409  1376  1486 D AT      : AT< +CREG: 2,1, "0003", "005b"
02-20 19:36:31.409  1376  1486 D AT      : AT< OK
02-20 19:36:31.409  1376  1482 D RIL     : parseRegistrationState. Parsing: +CREG: 2,1, "0003", "005b"
02-20 19:36:31.409  1376  1482 D RIL     : registration state type: 3GPP
02-20 19:36:31.409  1376  1482 D RIL     : onRequest: QUERY_NETWORK_SELECTION_MODE
02-20 19:36:31.409  1376  1482 D AT      : AT> AT+COPS?
02-20 19:36:31.409  1376  1486 D AT      : AT< +COPS: 0,2,310260
02-20 19:36:31.409  1376  1486 D AT      : AT< OK
02-20 19:36:31.409  1917  2020 D RILJ    : [3665]< VOICE_REGISTRATION_STATE {1, 3, 5b, 0, null, null, null, null, null, null, null, null, null, null, null} [SUB0]
02-20 19:36:31.409  1917  2020 D RILJ    : [3666]< QUERY_NETWORK_SELECTION_MODE {0} [SUB0]
02-20 19:36:31.410  1917  1917 D SST     : NITZ: tzOffset=0 dst=0 zone=GMT iso= mGotCountryCode=false mNeedFixZoneAfterNitz=false
02-20 19:36:31.410  1917  1917 D SST     : setAndBroadcastNetworkSetTimeZone: setTimeZone=GMT
02-20 19:36:31.410  1679  1856 D AlarmManagerService: Kernel timezone updated to 0 minutes west of GMT
02-20 19:36:31.411  1917  1917 D SST     : setAndBroadcastNetworkSetTimeZone: call alarm.setTimeZone and broadcast zoneId=GMT
02-20 19:36:31.421  1917  1917 D SST     : NITZ: Setting time of day to Tue Feb 20 19:36:32 GMT+00:00 2018 NITZ receive delay(ms): 8217 gained(ms): 796 from 18/02/20:19:36:24+0:0:Unknown!Unknown
02-20 19:36:31.421  1917  1917 D SST     : setAndBroadcastNetworkSetTime: time=1519155392217ms
02-20 19:36:31.422  1679  1856 D AlarmManagerService: Setting time of day to sec=1519155392
02-20 19:36:32.218  1679  1856 W AlarmManagerService: Unable to set rtc to 1519155392: No such device
02-20 19:36:32.221  1679  1679 D ConditionProviders.SCP: onReceive android.intent.action.TIME_SET
02-20 19:36:32.221  1917  1917 I SST     : NITZ: after Setting time of day
02-20 19:36:32.222  1679  1679 D ConditionProviders.SCP: notifyCondition condition://android/schedule?days=6.7&start=23.30&end=10.0&exitAtAlarm=false STATE_FALSE reason=!meetsSchedule
02-20 19:36:32.222  1679  1679 D ConditionProviders.SCP: notifyCondition condition://android/schedule?days=1.2.3.4.5&start=22.0&end=7.0&exitAtAlarm=false STATE_FALSE reason=!meetsSchedule
02-20 19:36:32.222  1679  1679 D ConditionProviders.SCP: Scheduling evaluate for Tue Feb 20 22:00:00 GMT+00:00 2018 (1519164000000), in +2h23m27s779ms, now=Tue Feb 20 19:36:32 GMT+00:00 2018 (1519155392221)
02-20 19:36:32.223  1917  1917 D SST     : NITZ: end=12428 dur=20
02-20 19:36:32.224  1917  1917 D SST     : mDeviceShuttingDown=false, mDesiredPowerState=true, getRadioState=RADIO_ON, mPowerOffDelayNeed=true, mAlarmSwitch=false, mRadioDisabledByCarrier=false
02-20 19:36:32.224  1917  1917 D RILJ    : [3667]> OPERATOR [SUB0]
02-20 19:36:32.234  1376  1482 D RIL     : onRequest: OPERATOR
02-20 19:36:32.234  1376  1482 D AT      : AT> AT+COPS=3,0;+COPS?;+COPS=3,1;+COPS?;+COPS=3,2;+COPS?
02-20 19:36:32.234  1679  1748 E ActivityThread: Failed to find provider info for com.android.calendar
02-20 19:36:32.234  1917  1917 D RILJ    : [3668]> DATA_REGISTRATION_STATE [SUB0]
02-20 19:36:32.234  1376  1486 D AT      : AT< +COPS: 0,0,"Android"
02-20 19:36:32.234  1376  1486 D AT      : AT< +COPS: 0,1,"Android"
02-20 19:36:32.234  1376  1486 D AT      : AT< +COPS: 0,2,"310260"
02-20 19:36:32.234  1376  1486 D AT      : AT< OK
02-20 19:36:32.234  1917  2020 D RILJ    : [3667]< OPERATOR {Android, Android, 310260} [SUB0]
02-20 19:36:32.234  1376  1482 D RIL     : onRequest: DATA_REGISTRATION_STATE
02-20 19:36:32.234  1376  1482 D RIL     : requestRegistrationState
02-20 19:36:32.234  1376  1482 D AT      : AT> AT+CGREG?
02-20 19:36:32.235  1917  1917 D RILJ    : [3669]> VOICE_REGISTRATION_STATE [SUB0]
02-20 19:36:32.235  1376  1486 D AT      : AT< +CGREG: 1,1,"0003","005b","000e"
02-20 19:36:32.235  1376  1486 D AT      : AT< OK
02-20 19:36:32.235  1376  1482 D RIL     : parseRegistrationState. Parsing: +CGREG: 1,1,"0003","005b","000e"
02-20 19:36:32.235  1376  1482 D RIL     : registration state type: 3GPP
02-20 19:36:32.235  1917  2020 D RILJ    : [3668]< DATA_REGISTRATION_STATE {1, 3, 5b, 14, null, null} [SUB0]
02-20 19:36:32.235  1376  1482 D RIL     : onRequest: VOICE_REGISTRATION_STATE
02-20 19:36:32.235  1376  1482 D RIL     : requestRegistrationState
02-20 19:36:32.235  1376  1482 D AT      : AT> AT+CREG?
02-20 19:36:32.238  1917  1917 D RILJ    : [3670]> QUERY_NETWORK_SELECTION_MODE [SUB0]
02-20 19:36:32.238  1376  1486 D AT      : AT< +CREG: 2,1, "0003", "005b"
02-20 19:36:32.238  1917  1917 D SST     : onSignalStrengthResult() Exception from RIL : com.android.internal.telephony.CommandException: RADIO_NOT_AVAILABLE
02-20 19:36:32.238  1376  1486 D AT      : AT< OK
02-20 19:36:32.239  1376  1482 D RIL     : parseRegistrationState. Parsing: +CREG: 2,1, "0003", "005b"
02-20 19:36:32.239  1376  1482 D RIL     : registration state type: 3GPP
02-20 19:36:32.239  1376  1482 D RIL     : onRequest: QUERY_NETWORK_SELECTION_MODE
02-20 19:36:32.239  1376  1482 D AT      : AT> AT+COPS?
02-20 19:36:32.239  1376  1486 D AT      : AT< +COPS: 0,2,310260
02-20 19:36:32.239  1376  1486 D AT      : AT< OK
02-20 19:36:32.239  1917  1917 D DCT     : [0]onRadioAvailable
02-20 19:36:32.239  1917  1917 D DCT     : [0]onRadioOffOrNotAvailable: is off and clean up all connections
02-20 19:36:32.239  1917  2020 D RILJ    : [3669]< VOICE_REGISTRATION_STATE {1, 3, 5b, 0, null, null, null, null, null, null, null, null, null, null, null} [SUB0]
02-20 19:36:32.239  1917  1917 D DCT     : [0]cleanUpAllConnections: tearDown=false reason=radioTurnedOff
02-20 19:36:32.239  1917  1917 D GsmCdmaPhone: [GsmCdmaPhone] getDataConnectionState apnType=default ret=DISCONNECTED
02-20 19:36:32.239  1917  2020 D RILJ    : [3670]< QUERY_NETWORK_SELECTION_MODE {0} [SUB0]
02-20 19:36:32.241  1917  1917 D DCT     : [0]cleanUpConnection: X tearDown=false reason=radioTurnedOff apnContext={mApnType=default mState=IDLE mWaitingApns={null} mApnSetting={null} mReason=radioTurnedOff mDataEnabled=false mDependencyMet=true} dcac=null
02-20 19:36:32.241  1917  1917 D GsmCdmaPhone: [GsmCdmaPhone] getDataConnectionState apnType=mms ret=DISCONNECTED
02-20 19:36:32.244  1917  1917 D DCT     : [0]cleanUpConnection: X tearDown=false reason=radioTurnedOff apnContext={mApnType=mms mState=IDLE mWaitingApns={null} mApnSetting={null} mReason=radioTurnedOff mDataEnabled=false mDependencyMet=true} dcac=null
02-20 19:36:32.244  1917  1917 D GsmCdmaPhone: [GsmCdmaPhone] getDataConnectionState apnType=cbs ret=DISCONNECTED
02-20 19:36:32.245  1917  1917 D DCT     : [0]cleanUpConnection: X tearDown=false reason=radioTurnedOff apnContext={mApnType=cbs mState=IDLE mWaitingApns={null} mApnSetting={null} mReason=radioTurnedOff mDataEnabled=false mDependencyMet=true} dcac=null
02-20 19:36:32.245  1917  1917 D GsmCdmaPhone: [GsmCdmaPhone] getDataConnectionState apnType=fota ret=DISCONNECTED
02-20 19:36:32.247  1917  1917 D DCT     : [0]cleanUpConnection: X tearDown=false reason=radioTurnedOff apnContext={mApnType=fota mState=IDLE mWaitingApns={null} mApnSetting={null} mReason=radioTurnedOff mDataEnabled=false mDependencyMet=true} dcac=null
02-20 19:36:32.247  1917  1917 D GsmCdmaPhone: [GsmCdmaPhone] getDataConnectionState apnType=supl ret=DISCONNECTED
02-20 19:36:32.247  1767  1767 W System  : ClassLoader referenced unknown path: 
02-20 19:36:32.247  1767  1767 W System  : ClassLoader referenced unknown path: /system/priv-app/Dialer/lib/x86_64
02-20 19:36:32.248  1679  1748 E ActivityThread: Failed to find provider info for com.android.calendar
02-20 19:36:32.248  1917  1917 D DCT     : [0]cleanUpConnection: X tearDown=false reason=radioTurnedOff apnContext={mApnType=supl mState=IDLE mWaitingApns={null} mApnSetting={null} mReason=radioTurnedOff mDataEnabled=false mDependencyMet=true} dcac=null
02-20 19:36:32.248  1917  1917 D GsmCdmaPhone: [GsmCdmaPhone] getDataConnectionState apnType=ia ret=DISCONNECTED
02-20 19:36:32.248  1767  1767 D ApplicationLoaders: ignored Vulkan layer search path /system/priv-app/Dialer/lib/x86_64:/system/lib64:/vendor/lib64 for namespace 0x77692ae030f0
02-20 19:36:32.248  1917  1917 D DCT     : [0]cleanUpConnection: X tearDown=false reason=radioTurnedOff apnContext={mApnType=ia mState=IDLE mWaitingApns={null} mApnSetting={null} mReason=radioTurnedOff mDataEnabled=false mDependencyMet=true} dcac=null
02-20 19:36:32.248  1917  1917 D GsmCdmaPhone: [GsmCdmaPhone] getDataConnectionState apnType=emergency ret=DISCONNECTED
02-20 19:36:32.250  1917  1917 D DCT     : [0]cleanUpConnection: X tearDown=false reason=radioTurnedOff apnContext={mApnType=emergency mState=IDLE mWaitingApns={null} mApnSetting={null} mReason=radioTurnedOff mDataEnabled=false mDependencyMet=true} dcac=null
02-20 19:36:32.250  1917  1917 D GsmCdmaPhone: [GsmCdmaPhone] getDataConnectionState apnType=hipri ret=DISCONNECTED
02-20 19:36:32.254  1917  1917 D DCT     : [0]cleanUpConnection: X tearDown=false reason=radioTurnedOff apnContext={mApnType=hipri mState=IDLE mWaitingApns={null} mApnSetting={null} mReason=radioTurnedOff mDataEnabled=false mDependencyMet=true} dcac=null
02-20 19:36:32.254  1917  1917 D GsmCdmaPhone: [GsmCdmaPhone] getDataConnectionState apnType=ims ret=DISCONNECTED
02-20 19:36:32.256  1917  1917 D DCT     : [0]cleanUpConnection: X tearDown=false reason=radioTurnedOff apnContext={mApnType=ims mState=IDLE mWaitingApns={null} mApnSetting={null} mReason=radioTurnedOff mDataEnabled=false mDependencyMet=true} dcac=null
02-20 19:36:32.256  1917  1917 D DCT     : [0]stopNetStatPoll
02-20 19:36:32.256  1917  1917 D DCT     : [0]cleanUpConnection: mDisconnectPendingCount = 0
02-20 19:36:32.257  1917  1917 D DCT     : [0]isDataAllowed: No - SIM not loaded - Not attached
02-20 19:36:32.267  1917  1917 D DCT     : [0]onDataConnectionDetached: stop polling and notify detached
02-20 19:36:32.267  1917  1917 D DCT     : [0]stopNetStatPoll
02-20 19:36:32.267  1917  1917 D DCT     : [0]notifyDataConnection: reason=dataDetached
02-20 19:36:32.267  1917  1917 D DCT     : [0]isDataAllowed: No - SIM not loaded - Not attached
02-20 19:36:32.288  1917  1917 D DCT     : [0]onRoamingOff
02-20 19:36:32.289  1917  1917 D DCT     : [0]isDataAllowed: No - SIM not loaded - Not attached
02-20 19:36:32.304  1917  1917 D DCT     : [0]setupDataOnConnectableApns: roamingOff hipri:[state=IDLE,enabled=false] mms:[state=IDLE,enabled=false] supl:[state=IDLE,enabled=false] ia:[state=IDLE,enabled=false] fota:[state=IDLE,enabled=false] ims:[state=IDLE,enabled=false] cbs:[state=IDLE,enabled=false] default:[state=IDLE,enabled=false] emergency:[state=IDLE,enabled=false] 
02-20 19:36:32.304  1917  1917 D DCT     : [0]setupDataOnConnectableApns: nwTypeChanged hipri:[state=IDLE,enabled=false] mms:[state=IDLE,enabled=false] supl:[state=IDLE,enabled=false] ia:[state=IDLE,enabled=false] fota:[state=IDLE,enabled=false] ims:[state=IDLE,enabled=false] cbs:[state=IDLE,enabled=false] default:[state=IDLE,enabled=false] emergency:[state=IDLE,enabled=false] 
02-20 19:36:32.304  1917  1917 D PhoneSwitcherNetworkRequstListener: got request NetworkRequest [ REQUEST id=1, [ Capabilities: INTERNET&NOT_RESTRICTED&TRUSTED&NOT_VPN] ] with score 0
02-20 19:36:32.305  1917  1917 D TelephonyNetworkFactory[0]: onSubIdChange -1->-2
02-20 19:36:32.306  1917  1917 D TelephonyNetworkFactory[0]: got request NetworkRequest [ REQUEST id=1, [ Capabilities: INTERNET&NOT_RESTRICTED&TRUSTED&NOT_VPN] ] with score 0
02-20 19:36:32.307  1917  2060 D SubscriptionController: [getPhoneId]- no sims, returning default phoneId=2147483647
02-20 19:36:32.308  1917  1917 D DebugService: DebugService DebugService:
02-20 19:36:32.308  1917  1917 D TelephonyDebugService: TelephonyDebugService()
02-20 19:36:32.308  1917  1917 D DCT     : [0]NETWORK_STATE_CHANGED_ACTION: mIsWifiConnected=false
02-20 19:36:32.308  1917  1917 D DCT     : [0]Wifi state changed
02-20 19:36:32.308  1917  1917 D DCT     : [0]WIFI_STATE_CHANGED_ACTION: enabled=true mIsWifiConnected=false
02-20 19:36:32.308  1917  1917 D SubscriptionInfoUpdater: [Receiver]+
02-20 19:36:32.308  1917  1917 D SubscriptionInfoUpdater: Action: android.intent.action.SIM_STATE_CHANGED
02-20 19:36:32.308  1917  1917 D SubscriptionInfoUpdater: slotId: 0
02-20 19:36:32.308  1917  1917 D SubscriptionInfoUpdater: simStatus: NOT_READY
02-20 19:36:32.308  1917  1917 D SubscriptionInfoUpdater: Ignoring simStatus: NOT_READY
02-20 19:36:32.308  1917  1917 D SubscriptionInfoUpdater: [Receiver]-
02-20 19:36:32.308  1917  1917 D CarrierConfigLoader: mHandler: 12 phoneId: 0
02-20 19:36:32.310  1767  1767 E BluetoothAdapter: Bluetooth binder is null
02-20 19:36:32.310  1679  1690 D TelephonyRegistry: listen oscl: hasNotifySubscriptionInfoChangedOccurred==false no callback
02-20 19:36:32.311  1917  1917 D RILJ    : [3671]> RIL_REQUEST_QUERY_TTY_MODE [SUB0]
02-20 19:36:32.311  1917  1917 D UiccController: Received EVENT_GET_ICC_STATUS_DONE
02-20 19:36:32.311  1917  1917 D UiccCard: 2 applications
02-20 19:36:32.311  1917  1917 D UiccCardApplication: Creating UiccApp: {APPTYPE_SIM,APPSTATE_DETECTED}
02-20 19:36:32.312  1376  1482 D RIL     : onRequest: QUERY_TTY_MODE
02-20 19:36:32.312  1376  1482 D RIL     : Request not supported. Tech: 1
02-20 19:36:32.312  1917  2020 D RilRequest: [3671]< RIL_REQUEST_QUERY_TTY_MODE error: com.android.internal.telephony.CommandException: REQUEST_NOT_SUPPORTED ret=
02-20 19:36:32.314  1917  1917 W VoiceMailConstants: Can't open /system/etc/voicemail-conf.xml
02-20 19:36:32.315  1917  1917 D SpnOverride: No SPN in OEM image = /oem/telephony/spn-conf.xml Load SPN from system image
02-20 19:36:32.316  1917  1917 W SpnOverride: Can not open /system/etc/spn-conf.xml
02-20 19:36:32.316  1917  1917 D SIMRecords: [SIMRecords] setting0 mMncLength-1
02-20 19:36:32.316  1917  1917 D SIMRecords: [SIMRecords] SIMRecords: onRadioOffOrNotAvailable set 'gsm.sim.operator.numeric' to operator=null
02-20 19:36:32.316  1917  1917 D SIMRecords: [SIMRecords] update icc_operator_numeric=null
02-20 19:36:32.316  1917  1917 D TelephonyManager: setTelephonyProperty: success phoneId=0 property=gsm.sim.operator.numeric value:  propVal=
02-20 19:36:32.316  1917  1917 D TelephonyManager: setTelephonyProperty: success phoneId=0 property=gsm.sim.operator.alpha value:  propVal=
02-20 19:36:32.316  1917  1917 D TelephonyManager: setTelephonyProperty: success phoneId=0 property=gsm.sim.operator.iso-country value:  propVal=
02-20 19:36:32.319  1917  1917 D SIMRecords: [SIMRecords] getOperatorNumeric: IMSI == null
02-20 19:36:32.319  1917  1917 D SIMRecords: [SIMRecords] SIMRecords X ctor this=SimRecords: mDestroyed=false mContext=com.android.phone.PhoneGlobals@e825b56 mCi=com.android.internal.telephony.RIL@80bd8b8 mFh=Handler (com.android.internal.telephony.uicc.SIMFileHandler) {fd947d7} mParentApp=com.android.internal.telephony.uicc.UiccCardApplication@ab148c4 recordsLoadedRegistrants=android.os.RegistrantList@d3fe3ad mImsiReadyRegistrants=android.os.RegistrantList@60d6e2 mRecordsEventsRegistrants=android.os.RegistrantList@f808a73 mNewSmsRegistrants=android.os.RegistrantList@bdc2d30 mNetworkSelectionModeAutomaticRegistrants=android.os.RegistrantList@5a40da9 recordsToLoad=0 adnCache=Handler (com.android.internal.telephony.uicc.AdnRecordCache) {cb97f2e} recordsRequested=false iccid=null msisdnTag=null voiceMailNum=null voiceMailTag=null voiceMailNum=null newVoiceMailTag=null isVoiceMailFixed=false mImsi=null mncLength=-1 mailboxIndex=0 spn=null mVmConfigcom.android.internal.telephony.uicc.VoiceMailConstants@b4f5acf mSpnOverride=mSpnOverride callForwardingEnabled=0 spnState=null mCphsInfo=null mCspPlmnEnabled=true efMWIS=null efCPHS_MWI=null mEfCff=null mEfCfis=null getOperatorNumeric=null
02-20 19:36:32.322  1917  1933 D SubscriptionController: [getActiveSubInfoList] Sub Controller not ready
02-20 19:36:32.325  2065  2065 W art     : Unexpected CPU variant for X86 using defaults: x86_64
02-20 19:36:32.328  1679  1979 I am_proc_start: [0,2065,10067,com.google.android.deskclock,broadcast,com.google.android.deskclock/com.android.deskclock.AlarmInitReceiver]
02-20 19:36:32.328  1679  1979 I ActivityManager: Start proc 2065:com.google.android.deskclock/u0a67 for broadcast com.google.android.deskclock/com.android.deskclock.AlarmInitReceiver
02-20 19:36:32.331  1917  1917 D UiccCardApplication: Creating UiccApp: {APPTYPE_RUIM,APPSTATE_DETECTED}
02-20 19:36:32.331  1917  1917 D RuimRecords: [RuimRecords] setting0 mMncLength-1
02-20 19:36:32.332  1917  1917 D RuimRecords: [RuimRecords] RuimRecords X ctor this=RuimRecords: mDestroyed=false mContext=com.android.phone.PhoneGlobals@e825b56 mCi=com.android.internal.telephony.RIL@80bd8b8 mFh=Handler (com.android.internal.telephony.uicc.RuimFileHandler) {906db65} mParentApp=com.android.internal.telephony.uicc.UiccCardApplication@3e2603a recordsLoadedRegistrants=android.os.RegistrantList@790d4eb mImsiReadyRegistrants=android.os.RegistrantList@24c7248 mRecordsEventsRegistrants=android.os.RegistrantList@10ec8e1 mNewSmsRegistrants=android.os.RegistrantList@3864606 mNetworkSelectionModeAutomaticRegistrants=android.os.RegistrantList@825d4c7 recordsToLoad=0 adnCache=Handler (com.android.internal.telephony.uicc.AdnRecordCache) {7da6af4} recordsRequested=false iccid=null msisdnTag=null voiceMailNum=null voiceMailTag=null voiceMailNum=null newVoiceMailTag=null isVoiceMailFixed=false mImsi=null mncLength=-1 mailboxIndex=0 spn=null m_ota_commitedfalse mMyMobileNumber=xxxx mMin2Min1=null mPrlVersion=null mEFpl=null mEFli=null mCsimSpnDisplayCondition=false mMdn=null mMin=null mHomeSystemId=null mHomeNetworkId=null
02-20 19:36:32.334  1679  1692 I SyncManager: Got SyncJobService instance.
02-20 19:36:32.334  1679  1679 I FusedLocation: engine started (com.android.location.fused)
02-20 19:36:32.336  1917  1917 D CAT     : CatService: registerForRecordsLoaded slotid=0 instance:Handler (com.android.internal.telephony.cat.CatService) {a3eb319}
02-20 19:36:32.336  1767  1767 I CameraManagerGlobal: Connecting to camera service
02-20 19:36:32.337  1917  1917 D CAT     : CatService: Running CAT service on Slotid: 0. STK app installed:false
02-20 19:36:32.337  1917  1917 D UiccCard: Before privilege rules: null : CARDSTATE_PRESENT
02-20 19:36:32.338  1917  1917 D RILJ    : [3672]> RIL_REQUEST_SIM_OPEN_CHANNEL [SUB0]
02-20 19:36:32.349  1366  1366 V EmulatedCamera_Camera: getCameraInfo
02-20 19:36:32.349  1366  1366 V EmulatedCamera_BaseCamera: getCameraInfo
02-20 19:36:32.349  1366  1366 I CameraService: getCameraCharacteristics: Switching to HAL1 shim implementation...
02-20 19:36:32.349  1366  1366 V EmulatedCamera_Camera: getCameraInfo
02-20 19:36:32.349  1366  1366 V EmulatedCamera_BaseCamera: getCameraInfo
02-20 19:36:32.349  1366  1366 I CameraService: CameraService::connect call (PID -1 "cameraserver", camera ID 0) for HAL version default and Camera API version 1
02-20 19:36:32.350  1917  1917 E UiccCard: App index 8 is invalid since there are no applications
02-20 19:36:32.350  1917  1917 D UiccCard: update: radioState=RADIO_ON mLastRadioState=RADIO_UNAVAILABLE
02-20 19:36:32.350  1917  1917 D UiccController: Notifying IccChangedRegistrants
02-20 19:36:32.350  1376  1482 D RIL     : onRequest: SIM_OPEN_CHANNEL
02-20 19:36:32.350  1376  1482 D AT      : AT> AT+CCHO=A00000015141434C00
02-20 19:36:32.352  1366  1366 E CameraService: getCameraPriorityFromProcState: Received invalid process state -1 from ActivityManagerService!
02-20 19:36:32.352  1376  1486 D AT      : AT< 1
02-20 19:36:32.352  1366  1366 V EmulatedCamera_Camera: getCameraInfo
02-20 19:36:32.352  1376  1486 D AT      : AT< OK
02-20 19:36:32.352  1366  1366 V EmulatedCamera_BaseCamera: getCameraInfo
02-20 19:36:32.352  1917  2020 D RILJ    : [3672]< RIL_REQUEST_SIM_OPEN_CHANNEL  [SUB0]
02-20 19:36:32.354  1917  1917 D GsmCdmaPhone: get phone radio capability fail, no need to change mRadioCapability
02-20 19:36:32.354  1917  1917 D GsmCdmaPhone: EVENT_GET_RADIO_CAPABILITY: phone rc: null
02-20 19:36:32.354  1917  1917 D Phone   : config LCE service failed: com.android.internal.telephony.CommandException: RADIO_NOT_AVAILABLE
02-20 19:36:32.354  1917  1917 D SST     : mDeviceShuttingDown=false, mDesiredPowerState=true, getRadioState=RADIO_ON, mPowerOffDelayNeed=true, mAlarmSwitch=false, mRadioDisabledByCarrier=false
02-20 19:36:32.354  1917  1917 D RILJ    : [3673]> OPERATOR [SUB0]
02-20 19:36:32.359  1917  1917 D RILJ    : [3674]> DATA_REGISTRATION_STATE [SUB0]
02-20 19:36:32.361  1917  1917 D RILJ    : [3675]> VOICE_REGISTRATION_STATE [SUB0]
02-20 19:36:32.361  1376  1482 D RIL     : onRequest: OPERATOR
02-20 19:36:32.361  1376  1482 D AT      : AT> AT+COPS=3,0;+COPS?;+COPS=3,1;+COPS?;+COPS=3,2;+COPS?
02-20 19:36:32.362  1917  1917 D RILJ    : [3676]> QUERY_NETWORK_SELECTION_MODE [SUB0]
02-20 19:36:32.362  1376  1486 D AT      : AT< +COPS: 0,0,"Android"
02-20 19:36:32.363  1917  1917 D RILJ    : [3677]> GET_CURRENT_CALLS [SUB0]
02-20 19:36:32.362  1376  1486 D AT      : AT< +COPS: 0,1,"Android"
02-20 19:36:32.364  1376  1486 D AT      : AT< +COPS: 0,2,"310260"
02-20 19:36:32.364  1376  1486 D AT      : AT< OK
02-20 19:36:32.364  1917  1917 D RILJ    : [3678]> RIL_REQUEST_IMS_REGISTRATION_STATE [SUB0]
02-20 19:36:32.364  1917  1917 D RILJ    : [3679]> RIL_REQUEST_CDMA_GET_SUBSCRIPTION_SOURCE [SUB0]
02-20 19:36:32.364  1917  1917 D GsmCdmaPhone: [GsmCdmaPhone] Event EVENT_RADIO_ON Received
02-20 19:36:32.364  1917  1917 D RILJ    : [3680]> RIL_REQUEST_VOICE_RADIO_TECH [SUB0]
02-20 19:36:32.364  1376  1482 D RIL     : onRequest: DATA_REGISTRATION_STATE
02-20 19:36:32.364  1376  1482 D RIL     : requestRegistrationState
02-20 19:36:32.364  1376  1482 D AT      : AT> AT+CGREG?
02-20 19:36:32.364  1917  2020 D RILJ    : [3673]< OPERATOR {Android, Android, 310260} [SUB0]
02-20 19:36:32.364  1376  1486 D AT      : AT< +CGREG: 1,1,"0003","005b","000e"
02-20 19:36:32.364  1376  1486 D AT      : AT< OK
02-20 19:36:32.364  1376  1482 D RIL     : parseRegistrationState. Parsing: +CGREG: 1,1,"0003","005b","000e"
02-20 19:36:32.364  1376  1482 D RIL     : registration state type: 3GPP
02-20 19:36:32.364  1376  1482 D RIL     : onRequest: VOICE_REGISTRATION_STATE
02-20 19:36:32.364  1376  1482 D RIL     : requestRegistrationState
02-20 19:36:32.364  1376  1482 D AT      : AT> AT+CREG?
02-20 19:36:32.364  1376  1486 D AT      : AT< +CREG: 2,1, "0003", "005b"
02-20 19:36:32.364  1376  1486 D AT      : AT< OK
02-20 19:36:32.364  1376  1482 D RIL     : parseRegistrationState. Parsing: +CREG: 2,1, "0003", "005b"
02-20 19:36:32.364  1376  1482 D RIL     : registration state type: 3GPP
02-20 19:36:32.364  1376  1482 D RIL     : onRequest: QUERY_NETWORK_SELECTION_MODE
02-20 19:36:32.364  1376  1482 D AT      : AT> AT+COPS?
02-20 19:36:32.364  1376  1486 D AT      : AT< +COPS: 0,2,310260
02-20 19:36:32.364  1376  1486 D AT      : AT< OK
02-20 19:36:32.364  1376  1482 D RIL     : onRequest: GET_CURRENT_CALLS
02-20 19:36:32.364  1376  1482 D AT      : AT> AT+CLCC
02-20 19:36:32.365  1376  1486 D AT      : AT< OK
02-20 19:36:32.365  1376  1482 D RIL     : onRequest: IMS_REGISTRATION_STATE
02-20 19:36:32.365  1376  1482 D RIL     : IMS_REGISTRATION=0, format=1 
02-20 19:36:32.365  1917  2020 D RILJ    : [3674]< DATA_REGISTRATION_STATE {1, 3, 5b, 14, null, null} [SUB0]
02-20 19:36:32.365  1376  1482 D RIL     : onRequest: CDMA_GET_SUBSCRIPTION_SOURCE
02-20 19:36:32.366  1376  1482 D RIL     : Request not supported. Tech: 1
02-20 19:36:32.366  1917  2020 D RILJ    : [3675]< VOICE_REGISTRATION_STATE {1, 3, 5b, 0, null, null, null, null, null, null, null, null, null, null, null} [SUB0]
02-20 19:36:32.366  1917  2020 D RILJ    : [3676]< QUERY_NETWORK_SELECTION_MODE {0} [SUB0]
02-20 19:36:32.367  1917  2020 D RILJ    : [3677]< GET_CURRENT_CALLS {} [SUB0]
02-20 19:36:32.367  1917  2020 D RILJ    : [3678]< RIL_REQUEST_IMS_REGISTRATION_STATE {0, 1} [SUB0]
02-20 19:36:32.367  1917  2020 D RilRequest: [3679]< RIL_REQUEST_CDMA_GET_SUBSCRIPTION_SOURCE error: com.android.internal.telephony.CommandException: REQUEST_NOT_SUPPORTED ret=
02-20 19:36:32.367  1917  1917 D UiccController: Received EVENT_ICC_STATUS_CHANGED, calling getIccCardStatus
02-20 19:36:32.367  1917  1917 D RILJ    : [3681]> GET_SIM_STATUS [SUB0]
02-20 19:36:32.368  1917  1917 D SST     : EVENT_POLL_STATE_NETWORK_SELECTION_MODE
02-20 19:36:32.368  1917  1917 D SST     : EVENT_POLL_STATE_NETWORK_SELECTION_MODE
02-20 19:36:32.368  1376  1482 D RIL     : onRequest: VOICE_RADIO_TECH
02-20 19:36:32.368  1376  1482 D RIL     : onRequest: GET_SIM_STATUS
02-20 19:36:32.368  1376  1482 D RIL     : getSIMStatus(). sState: 10
02-20 19:36:32.368  1376  1482 D AT      : AT> AT+CPIN?
02-20 19:36:32.368  1917  2020 D RILJ    : [3680]< RIL_REQUEST_VOICE_RADIO_TECH {11} [SUB0]
02-20 19:36:32.369  1917  1917 D PhoneSwitcher: evaluating due to netRequest default 0->1 phone[0] 0->-2
02-20 19:36:32.370  1917  1917 D TelephonyNetworkFactory[0]: not acting - isApp=false, isAct=false NetworkRequest [ REQUEST id=1, [ Capabilities: INTERNET&NOT_RESTRICTED&TRUSTED&NOT_VPN] ]
02-20 19:36:32.370  1917  1917 D CAT     : CatService: handleMessage[8]
02-20 19:36:32.370  1917  1917 D CAT     : CatService: MSG_ID_ICC_CHANGED
02-20 19:36:32.370  1917  1917 D CAT     : CatService: New Card State = CARDSTATE_PRESENT Old Card State = CARDSTATE_ABSENT
02-20 19:36:32.370  1917  1917 D RILJ    : [3682]> RIL_REQUEST_REPORT_STK_SERVICE_IS_RUNNING [SUB0]
02-20 19:36:32.370  1917  1917 D GsmCdmaPhone: [GsmCdmaPhone] New Uicc application found. type = APPTYPE_SIM
02-20 19:36:32.370  1917  1917 D GsmSMSDispatcher: GsmSMSDispatcher: subId = -2 slotId = 0
02-20 19:36:32.371  1917  1917 D GsmSMSDispatcher: New Uicc application found
02-20 19:36:32.371  1917  1917 D IccCardProxy: Icc changed. Reregestering.
02-20 19:36:32.371  1917  1917 D SST     : New card found
02-20 19:36:32.371  1917  1917 D CAT     : CatService: handleMessage[8]
02-20 19:36:32.371  1917  1917 D CAT     : CatService: MSG_ID_ICC_CHANGED
02-20 19:36:32.371  1917  1917 D CAT     : CatService: New Card State = CARDSTATE_PRESENT Old Card State = CARDSTATE_PRESENT
02-20 19:36:32.371  1917  1917 E SST     : error parsing GprsRegistrationState: java.lang.NumberFormatException: null
02-20 19:36:32.371  1917  1917 D SST     : handlPollStateResultMessage: GsmSST setDataRegState=0 regState=1 dataRadioTechnology=14
02-20 19:36:32.371  1917  1917 D SST     : EVENT_POLL_STATE_NETWORK_SELECTION_MODE
02-20 19:36:32.371  1917  1933 D SubscriptionController: [getActiveSubInfoList] Sub Controller not ready
02-20 19:36:32.373  1917  1917 D SST     : Poll ServiceState done:  oldSS=[1 1 voice home data home null null null null null null  Unknown Unknown CSS not supported 0 0 RoamInd=0 DefRoamInd=0 EmergOnly=false IsDataRoamingFromRegistration=false IsUsingCarrierAggregation=false] newSS=[0 0 voice home data home Android Android 310260 Android Android 310260  Unknown LTE CSS not supported -1 -1 RoamInd=-1 DefRoamInd=-1 EmergOnly=false IsDataRoamingFromRegistration=false IsUsingCarrierAggregation=false] oldMaxDataCalls=1 mNewMaxDataCalls=1 oldReasonDataDenied=-1 mNewReasonDataDenied=-1
02-20 19:36:32.374  1917  1917 I gsm_service_state_change: [1,1,0,0]
02-20 19:36:32.374  1917  1917 D TelephonyManager: setTelephonyProperty: success phoneId=0 property=gsm.network.type value: LTE propVal=LTE
02-20 19:36:32.374  1376  1486 D AT      : AT< +CPIN: READY
02-20 19:36:32.374  1376  1486 D AT      : AT< OK
02-20 19:36:32.374  1376  1482 D RIL     : onRequest: REPORT_STK_SERVICE_IS_RUNNING
02-20 19:36:32.374  1376  1482 D RIL     : Request not supported. Tech: 1
02-20 19:36:32.374  1917  2020 D RILJ    : [3681]< GET_SIM_STATUS IccCardState {CARDSTATE_PRESENT,PINSTATE_UNKNOWN,num_apps=2,gsm_id=0{APPTYPE_SIM,APPSTATE_READY},cdma_id=1{APPTYPE_RUIM,APPSTATE_READY},ims_id=8} [SUB0]
02-20 19:36:32.375  1917  2020 D RilRequest: [3682]< RIL_REQUEST_REPORT_STK_SERVICE_IS_RUNNING error: com.android.internal.telephony.CommandException: REQUEST_NOT_SUPPORTED ret=
02-20 19:36:32.376  1917  1917 D SST     : pollStateDone: registering current mNitzUpdatedTime=true changing to false
02-20 19:36:32.376  1917  1917 D SIMRecords: [SIMRecords] getServiceProviderName: no brandOverride, providerName=null
02-20 19:36:32.376  1917  1917 D SIMRecords: [SIMRecords] getServiceProviderName: no brandOverride, providerName=null
02-20 19:36:32.376  1374  2084 E WVMExtractor: Failed to open libwvm.so: dlopen failed: library "libwvm.so" not found
02-20 19:36:32.377  1679  1751 I am_proc_bound: [0,2065,com.google.android.deskclock]
02-20 19:36:32.377  1917  1917 D SST     : updateSpnDisplay: changed sending intent rule=2 showPlmn='true' plmn='Android' showSpn='false' spn='null' dataSpn='null' subId='-2'
02-20 19:36:32.388  1374  2081 D NuPlayerDriver: notifyListener_l(0xee728e40), (1, 0, 0), loop setting(0, 0)
02-20 19:36:32.388  1917  1917 D SubscriptionController: [setPlmnSpn] No valid subscription to store info
02-20 19:36:32.390  1917  1917 D SubscriptionController: notifySubscriptionInfoChanged:
02-20 19:36:32.390  1679  1961 D TelephonyRegistry: notifySubscriptionInfoChanged: first invocation mRecords.size=17
02-20 19:36:32.391  1679  1679 I GnssLocationProvider: WakeLock acquired by sendMessage(12, 0, null)
02-20 19:36:32.393  1917  2060 D SubscriptionController: [getActiveSubInfoList] Sub Controller not ready
02-20 19:36:32.393  1917  1917 D TelephonyManager: setTelephonyProperty: success phoneId=0 property=gsm.operator.alpha value: Android propVal=Android
02-20 19:36:32.393  1917  1917 D TelephonyManager: setTelephonyProperty: success phoneId=0 property=gsm.operator.numeric value: 310260 propVal=310260
02-20 19:36:32.393  1917  1917 D SST     : update mccmnc=310260 fromServiceState=true
02-20 19:36:32.394  1917  1917 D MccTable: updateMccMncConfiguration mccmnc='310260' fromServiceState=true
02-20 19:36:32.394  1917  1917 D SubscriptionController: [getPhoneId]- no sims, returning default phoneId=2147483647
02-20 19:36:32.394  1917  1917 D MccTable: updateMccMncConfiguration defaultMccMnc=
02-20 19:36:32.394  1917  1917 D MccTable: updateMccMncConfiguration: mcc=310, mnc=260
02-20 19:36:32.394  1917  1917 D MccTable: WIFI_COUNTRY_CODE set to us
02-20 19:36:32.394  1374  2085 D NuPlayerDriver: notifyListener_l(0xee728f00), (1, 0, 0), loop setting(0, 0)
02-20 19:36:32.405  1917  2060 D SubscriptionController: [getPhoneId]- no sims, returning default phoneId=2147483647
02-20 19:36:32.406  1679  1979 I WifiService: WifiService trying to set country code to us with persist set to false
02-20 19:36:32.407  1679  1979 D WifiCountryCode: Succeeded to set country code to: US
