02-20 19:37:52.500  1916  1916 D SIMRecords: [SIMRecords] SST: UsimServiceTable[120]={ PHONEBOOK, FDN, FDN_EXTENSION, SDN, SDN_EXTENSION, BDN, BDN_EXTENSION, OUTGOING_CALL_INFO, ADVICE_OF_CHARGE, CAP_CONFIG_PARAMS_2, GROUP_ID_LEVEL_1, GROUP_ID_LEVEL_2, SPN, USER_PLMN_SELECT, MSISDN, IMAGE, LOCALISED_SERVICE_AREAS, EMLPP, EMLPP_AUTO_ANSWER, RFU, GSM_ACCESS, DATA_DL_VIA_SMS_PP, DATA_DL_VIA_SMS_CB, CALL_CONTROL_BY_USIM, MO_SMS_CONTROL_BY_USIM, RUN_AT_COMMAND, APN_CONTROL_LIST, DEPERSONALISATION_CONTROL_KEYS, COOPERATIVE_NETWORK_LIST, GSM_SECURITY_CONTEXT, SERVICE_PROVIDER_DISPLAY_INFO, MMS_NOTIFICATION, MMS_NOTIFICATION_EXTENSION, GPRS_CALL_CONTROL_BY_USIM, VGCS_GROUP_ID_LIST, VBS_GROUP_ID_LIST, OMA_BCAST_PROFILE, GBA_LOCAL_KEY_ESTABLISHMENT, #101, #102, #103, #104, #105, #106, #107, #108, #109, #110 }
02-20 19:37:52.500  1916  1916 D SIMRecords: [SIMRecords] onRecordLoaded 4 requested: true
02-20 19:37:52.500  1916  1916 D RILJ    : [3734]> iccIO: SIM_IO 0xb0 0x6f14  path: 3F007F20,0,0,20 aid: null [SUB0]
02-20 19:37:52.501  1916  1916 D SIMRecords: [SIMRecords] MSISDN: [t-WgLegCyIMgfHgPkOdM6pkZbpA]
02-20 19:37:52.501  1916  1916 D SIMRecords: [SIMRecords] onRecordLoaded 3 requested: true
02-20 19:37:52.502  1916  1916 D RILJ    : [3735]> iccIO: SIM_IO 0xb2 0x6fc7  path: 3F007F20,1,4,32 aid: null [SUB0]
02-20 19:37:52.503  1375  1481 D RIL     : onRequest: SIM_IO
02-20 19:37:52.503  1375  1481 D AT      : AT> AT+CRSM=176,28436,0,0,20
02-20 19:37:52.511  1932  1975 D EGL_emulation: eglMakeCurrent: 0x7c4207b79480: ver 3 0 (tinfo 0x7c42121edaa0)
02-20 19:37:52.513  1932  1932 I am_on_stop_called: [0,com.android.settings.FallbackHome,destroy]
02-20 19:37:52.513  1375  1486 D AT      : AT< +CRSM: 144,0,416e64726f6964ffffffffffffffffffffffffff
02-20 19:37:52.513  1375  1486 D AT      : AT< OK
02-20 19:37:52.514  1916  1998 D RILJ    : [3734]< SIM_IO IccIoResponse sw1:0x90 sw2:0x0 [SUB0]
02-20 19:37:52.519  1375  1481 D RIL     : onRequest: SIM_IO
02-20 19:37:52.519  1375  1481 D AT      : AT> AT+CRSM=178,28615,1,4,32
02-20 19:37:52.519  1375  1486 D AT      : AT< +CRSM: 144,0,566f6963656d61696cffffffffffffffffff07915155125740f9ffffffffffff
02-20 19:37:52.519  1375  1486 D AT      : AT< OK
02-20 19:37:52.519  1916  1998 D RILJ    : [3735]< SIM_IO IccIoResponse sw1:0x90 sw2:0x0 [SUB0]
02-20 19:37:52.521  1916  1916 D SIMRecords: [SIMRecords] iCPHS: 0233
02-20 19:37:52.521  1916  1916 D SIMRecords: [SIMRecords] onRecordLoaded 2 requested: true
02-20 19:37:52.521  1916  1916 D RuimRecords: [RuimRecords] iccid: 89014103211118510720
02-20 19:37:52.521  1916  1916 D RuimRecords: [RuimRecords] onRecordLoaded 0 requested: true
02-20 19:37:52.521  1916  1916 D RuimRecords: [RuimRecords] record load complete
02-20 19:37:52.521  1916  1916 D SIMRecords: [SIMRecords] getServiceProviderName: no brandOverride, providerName=Android
02-20 19:37:52.521  1916  1916 D SIMRecords: [SIMRecords] Load EF_SPN_CPHS: Android
02-20 19:37:52.521  1916  1916 D TelephonyManager: setTelephonyProperty: success phoneId=0 property=gsm.sim.operator.alpha value: Android propVal=Android
02-20 19:37:52.521  1916  1916 D SIMRecords: [SIMRecords] onRecordLoaded 1 requested: true
02-20 19:37:52.523  1916  1916 D SIMRecords: [SIMRecords] VM: ADN Record 'Voicemail' '[-MWU1cAlDrkXUZ8dpHi_wU_YOpU] null' EF[MBDN]
02-20 19:37:52.523  1916  1916 D SIMRecords: [SIMRecords] onRecordLoaded 0 requested: true
02-20 19:37:52.523  1916  1916 D SIMRecords: [SIMRecords] record load complete
02-20 19:37:52.523  1916  1916 D SIMRecords: [SIMRecords] Not using EF LI/EF PL
02-20 19:37:52.524  1916  1916 D SIMRecords: [SIMRecords] EF_CFF: callForwardingEnabled=0
02-20 19:37:52.524  1916  1916 D SIMRecords: [SIMRecords] onAllRecordsLoaded set 'gsm.sim.operator.numeric' to operator='310260'
02-20 19:37:52.524  1916  1916 D SIMRecords: [SIMRecords] update icc_operator_numeric=310260
02-20 19:37:52.524  1916  1916 D TelephonyManager: setTelephonyProperty: success phoneId=0 property=gsm.sim.operator.numeric value: 310260 propVal=310260
02-20 19:37:52.524  1916  1916 D SubscriptionController: [setMccMnc]+ mcc/mnc:310/260 subId:-1
02-20 19:37:52.529  1916  1916 D SubscriptionController: notifySubscriptionInfoChanged:
02-20 19:37:52.529  1668  1668 I GnssLocationProvider: WakeLock acquired by sendMessage(12, 0, null)
02-20 19:37:52.529  1916  1929 D SubscriptionController: [getActiveSubInfoList] Sub Controller not ready
02-20 19:37:52.530  1766  1766 I StatusBar: isKeyguardShowing() called before startKeyguard(), returning true
02-20 19:37:52.530  1916  1916 D SIMRecords: [SIMRecords] onAllRecordsLoaded set mcc imsi
02-20 19:37:52.530  1916  1916 D TelephonyManager: setTelephonyProperty: success phoneId=0 property=gsm.sim.operator.iso-country value: us propVal=us
02-20 19:37:52.530  1766  1766 W StatusBar: isKeyguardSecure() called before startKeyguard(), returning false
02-20 19:37:52.530  1766  1766 W StatusBar: java.lang.Throwable
02-20 19:37:52.530  1766  1766 W StatusBar: 	at com.android.systemui.statusbar.BaseStatusBar.isKeyguardSecure(BaseStatusBar.java:2647)
02-20 19:37:52.530  1766  1766 W StatusBar: 	at com.android.systemui.statusbar.BaseStatusBar.isCameraAllowedByAdmin(BaseStatusBar.java:2670)
02-20 19:37:52.530  1766  1766 W StatusBar: 	at com.android.systemui.statusbar.phone.KeyguardBottomAreaView.updateCameraVisibility(KeyguardBottomAreaView.java:309)
02-20 19:37:52.530  1766  1766 W StatusBar: 	at com.android.systemui.statusbar.phone.KeyguardBottomAreaView.setPhoneStatusBar(KeyguardBottomAreaView.java:272)
02-20 19:37:52.530  1766  1766 W StatusBar: 	at com.android.systemui.statusbar.phone.PhoneStatusBar.makeStatusBarView(PhoneStatusBar.java:904)
02-20 19:37:52.530  1766  1766 W StatusBar: 	at com.android.systemui.statusbar.phone.PhoneStatusBar.addStatusBarWindow(PhoneStatusBar.java:3432)
02-20 19:37:52.530  1766  1766 W StatusBar: 	at com.android.systemui.statusbar.phone.PhoneStatusBar.createAndAddWindows(PhoneStatusBar.java:3428)
02-20 19:37:52.530  1766  1766 W StatusBar: 	at com.android.systemui.statusbar.BaseStatusBar.start(BaseStatusBar.java:765)
02-20 19:37:52.530  1766  1766 W StatusBar: 	at com.android.systemui.statusbar.phone.PhoneStatusBar.start(PhoneStatusBar.java:686)
02-20 19:37:52.530  1766  1766 W StatusBar: 	at com.android.systemui.statusbar.SystemBars.createStatusBarFromConfig(SystemBars.java:106)
02-20 19:37:52.530  1766  1766 W StatusBar: 	at com.android.systemui.statusbar.SystemBars.onNoService(SystemBars.java:58)
02-20 19:37:52.530  1766  1766 W StatusBar: 	at com.android.systemui.statusbar.ServiceMonitor.startService(ServiceMonitor.java:230)
02-20 19:37:52.530  1766  1766 W StatusBar: 	at com.android.systemui.statusbar.ServiceMonitor.-wrap5(ServiceMonitor.java)
02-20 19:37:52.530  1766  1766 W StatusBar: 	at com.android.systemui.statusbar.ServiceMonitor$1.handleMessage(ServiceMonitor.java:73)
02-20 19:37:52.530  1766  1766 W StatusBar: 	at android.os.Handler.dispatchMessage(Handler.java:102)
02-20 19:37:52.530  1766  1766 W StatusBar: 	at android.os.Looper.loop(Looper.java:154)
02-20 19:37:52.530  1766  1766 W StatusBar: 	at android.app.ActivityThread.main(ActivityThread.java:6119)
02-20 19:37:52.530  1766  1766 W StatusBar: 	at java.lang.reflect.Method.invoke(Native Method)
02-20 19:37:52.530  1766  1766 W StatusBar: 	at com.android.internal.os.ZygoteInit$MethodAndArgsCaller.run(ZygoteInit.java:886)
02-20 19:37:52.530  1766  1766 W StatusBar: 	at com.android.internal.os.ZygoteInit.main(ZygoteInit.java:776)
02-20 19:37:52.530  1766  1766 I StatusBar: isKeyguardShowing() called before startKeyguard(), returning true
02-20 19:37:52.531  1766  1766 W StatusBar: isKeyguardSecure() called before startKeyguard(), returning false
02-20 19:37:52.531  1766  1766 W StatusBar: java.lang.Throwable
02-20 19:37:52.531  1766  1766 W StatusBar: 	at com.android.systemui.statusbar.BaseStatusBar.isKeyguardSecure(BaseStatusBar.java:2647)
02-20 19:37:52.531  1766  1766 W StatusBar: 	at com.android.systemui.statusbar.BaseStatusBar.isCameraAllowedByAdmin(BaseStatusBar.java:2670)
02-20 19:37:52.531  1766  1766 W StatusBar: 	at com.android.systemui.statusbar.phone.KeyguardBottomAreaView.updateCameraVisibility(KeyguardBottomAreaView.java:309)
02-20 19:37:52.531  1766  1766 W StatusBar: 	at com.android.systemui.statusbar.phone.KeyguardBottomAreaView.setUserSetupComplete(KeyguardBottomAreaView.java:281)
02-20 19:37:52.531  1766  1766 W StatusBar: 	at com.android.systemui.statusbar.phone.PhoneStatusBar.makeStatusBarView(PhoneStatusBar.java:905)
02-20 19:37:52.531  1766  1766 W StatusBar: 	at com.android.systemui.statusbar.phone.PhoneStatusBar.addStatusBarWindow(PhoneStatusBar.java:3432)
02-20 19:37:52.531  1766  1766 W StatusBar: 	at com.android.systemui.statusbar.phone.PhoneStatusBar.createAndAddWindows(PhoneStatusBar.java:3428)
02-20 19:37:52.531  1766  1766 W StatusBar: 	at com.android.systemui.statusbar.BaseStatusBar.start(BaseStatusBar.java:765)
02-20 19:37:52.531  1766  1766 W StatusBar: 	at com.android.systemui.statusbar.phone.PhoneStatusBar.start(PhoneStatusBar.java:686)
02-20 19:37:52.531  1766  1766 W StatusBar: 	at com.android.systemui.statusbar.SystemBars.createStatusBarFromConfig(SystemBars.java:106)
02-20 19:37:52.531  1766  1766 W StatusBar: 	at com.android.systemui.statusbar.SystemBars.onNoService(SystemBars.java:58)
02-20 19:37:52.531  1766  1766 W StatusBar: 	at com.android.systemui.statusbar.ServiceMonitor.startService(ServiceMonitor.java:230)
02-20 19:37:52.531  1766  1766 W StatusBar: 	at com.android.systemui.statusbar.ServiceMonitor.-wrap5(ServiceMonitor.java)
02-20 19:37:52.531  1766  1766 W StatusBar: 	at com.android.systemui.statusbar.ServiceMonitor$1.handleMessage(ServiceMonitor.java:73)
02-20 19:37:52.531  1766  1766 W StatusBar: 	at android.os.Handler.dispatchMessage(Handler.java:102)
02-20 19:37:52.531  1766  1766 W StatusBar: 	at android.os.Looper.loop(Looper.java:154)
02-20 19:37:52.531  1766  1766 W StatusBar: 	at android.app.ActivityThread.main(ActivityThread.java:6119)
02-20 19:37:52.531  1766  1766 W StatusBar: 	at java.lang.reflect.Method.invoke(Native Method)
02-20 19:37:52.531  1766  1766 W StatusBar: 	at com.android.internal.os.ZygoteInit$MethodAndArgsCaller.run(ZygoteInit.java:886)
02-20 19:37:52.531  1766  1766 W StatusBar: 	at com.android.internal.os.ZygoteInit.main(ZygoteInit.java:776)
02-20 19:37:52.531  1916  1916 D SST     : SubscriptionListener.onSubscriptionInfoChanged
02-20 19:37:52.531  1916  1916 D SIMRecords: [SIMRecords]  VoiceMessageCount from SIM MWIS = 0
02-20 19:37:52.531  1916  1916 E Phone   : getStoredVoiceMessageCount: invalid subId -2
02-20 19:37:52.531  1916  1916 D GsmCdmaPhone: [GsmCdmaPhone] updateVoiceMail countVoiceMessages = 0 subId -2
02-20 19:37:52.531  1916  1916 E Phone   : setVoiceMessageCount in sharedPreference: invalid subId -2
02-20 19:37:52.531  1916  1916 D DCT     : [0]SubscriptionListener.onSubscriptionInfoChanged
02-20 19:37:52.533  1916  1916 D SubscriptionController: [getActiveSubInfoList] Sub Controller not ready
02-20 19:37:52.533  1916  1916 D SubscriptionController: [getActiveSubInfoList] Sub Controller not ready
02-20 19:37:52.533  1916  1916 I Telephony: PstnIncomingCallNotifier: Unregistering: Handler (com.android.internal.telephony.GsmCdmaPhone) {999dd36}
02-20 19:37:52.534  1916  1916 E PhoneInterfaceManager: [PhoneIntfMgr] getIccId: No UICC
02-20 19:37:52.536  1668  1792 I Telecom : PhoneAccountRegistrar: [ComponentInfo{com.android.phone/com.android.services.telephony.TelephonyConnectionService}, [e0184adedf913b076626646d3f52c3b49c39ad6d], UserHandle{0}(addr: tel:*********** -> tel:)(icon: Icon(typ=BITMAP size=76x96) -> Icon(typ=BITMAP size=76x96))(subAddr: tel:*********** -> tel:)]: TSI.rPA@AAg
02-20 19:37:52.538  1668  1792 I Telecom : : Sending phone-account registered intent as user: TSI.rPA@AAg
02-20 19:37:52.539  1916  1928 D SubscriptionController: [getPhoneId] asked for default subId=-1
02-20 19:37:52.541  1916  1916 I Telephony: AccountEntry: Registered phoneAccount: [[ ] PhoneAccount: ComponentInfo{com.android.phone/com.android.services.telephony.TelephonyConnectionService}, [e0184adedf913b076626646d3f52c3b49c39ad6d], UserHandle{0} Capabilities: CallProvider MultiUser PlaceEmerg SimSub  Schemes: tel voicemail  Extras: null GroupId: [da39a3ee5e6b4b0d3255bfef95601890afd80709]] with handle: ComponentInfo{com.android.phone/com.android.services.telephony.TelephonyConnectionService}, [e0184adedf913b076626646d3f52c3b49c39ad6d], UserHandle{0}
02-20 19:37:52.541  1916  1916 I Telephony: PstnIncomingCallNotifier: Registering: Handler (com.android.internal.telephony.GsmCdmaPhone) {999dd36}
02-20 19:37:52.544  1916  1916 D CAT     : CatService: handleMessage[20]
02-20 19:37:52.544  1916  1916 D GsmCdmaPhone: [GsmCdmaPhone] updateCurrentCarrierInProvider: mSubId = -2 currentDds = 1 operatorNumeric = 310260
02-20 19:37:52.544  1916  1916 D IccCardProxy: operator=310260 mPhoneId=0
02-20 19:37:52.544  1916  1916 D TelephonyManager: setTelephonyProperty: success phoneId=0 property=gsm.sim.operator.numeric value: 310260 propVal=310260
02-20 19:37:52.565  1668  1668 I GnssLocationProvider: WakeLock acquired by sendMessage(12, 0, null)
02-20 19:37:52.583  1932  1932 I am_on_resume_called: [0,com.android.settings.FallbackHome,handleRelaunchActivity]
02-20 19:37:52.586  1366  1708 V EmulatedCamera_Camera: getCameraInfo
02-20 19:37:52.586  1366  1708 V EmulatedCamera_BaseCamera: getCameraInfo
02-20 19:37:52.586  1366  1366 V EmulatedCamera_Camera: getCameraInfo
02-20 19:37:52.586  1366  1366 V EmulatedCamera_BaseCamera: getCameraInfo
02-20 19:37:52.587  1668  1792 I Telecom : PhoneAccountRegistrar: [ComponentInfo{com.android.phone/com.android.services.telephony.TelephonyConnectionService}, [e0184adedf913b076626646d3f52c3b49c39ad6d], UserHandle{0}(icon: Icon(typ=BITMAP size=76x96) -> Icon(typ=BITMAP size=76x96))]: TSI.rPA@AAs
02-20 19:37:52.588  1668  1792 I Telecom : : Sending phone-account registered intent as user: TSI.rPA@AAs
02-20 19:37:52.594  1668  1690 I Telecom : PhoneAccountRegistrar: [ComponentInfo{com.android.phone/com.android.services.telephony.TelephonyConnectionService}, [e0184adedf913b076626646d3f52c3b49c39ad6d], UserHandle{0}(icon: Icon(typ=BITMAP size=76x96) -> Icon(typ=BITMAP size=76x96))]: TSI.rPA@AAw
02-20 19:37:52.595  1668  1690 I Telecom : : Sending phone-account registered intent as user: TSI.rPA@AAw
02-20 19:37:52.624  1916  1916 I liblog  : 36
02-20 19:37:52.624  1916  1916 D SubscriptionController: [getPhoneId]- no sims, returning default phoneId=2147483647
02-20 19:37:52.625  1916  1916 D SubscriptionController: [getPhoneId]- no sims, returning default phoneId=2147483647
02-20 19:37:52.626  1916  1916 D SubscriptionController: [getSubInfoUsingSlotId]- null info return
02-20 19:37:52.626  1916  1916 D SubscriptionInfoUpdater: updateSubscriptionInfoByIccId: oldSubId = 1
02-20 19:37:52.626  1916  1916 D SubscriptionInfoUpdater: updateSubscriptionInfoByIccId: oldIccId[0] = 89014103211118510720, sIccId[0] = 89014103211118510720
02-20 19:37:52.626  1916  1916 D SubscriptionController: [addSubInfoRecord]+ iccId:89014103211118510720 slotId:0
02-20 19:37:52.632  1766  1766 I StatusBar: isKeyguardShowing() called before startKeyguard(), returning true
02-20 19:37:52.632  1766  1766 W StatusBar: isKeyguardSecure() called before startKeyguard(), returning false
02-20 19:37:52.632  1766  1766 W StatusBar: java.lang.Throwable
02-20 19:37:52.632  1766  1766 W StatusBar: 	at com.android.systemui.statusbar.BaseStatusBar.isKeyguardSecure(BaseStatusBar.java:2647)
02-20 19:37:52.632  1766  1766 W StatusBar: 	at com.android.systemui.statusbar.BaseStatusBar.isCameraAllowedByAdmin(BaseStatusBar.java:2670)
02-20 19:37:52.632  1766  1766 W StatusBar: 	at com.android.systemui.statusbar.phone.KeyguardBottomAreaView.updateCameraVisibility(KeyguardBottomAreaView.java:309)
02-20 19:37:52.632  1766  1766 W StatusBar: 	at com.android.systemui.statusbar.phone.KeyguardBottomAreaView.setUserSetupComplete(KeyguardBottomAreaView.java:281)
02-20 19:37:52.632  1766  1766 W StatusBar: 	at com.android.systemui.statusbar.phone.PhoneStatusBar$1.onChange(PhoneStatusBar.java:441)
02-20 19:37:52.632  1766  1766 W StatusBar: 	at com.android.systemui.statusbar.phone.PhoneStatusBar.resetUserSetupObserver(PhoneStatusBar.java:3676)
02-20 19:37:52.632  1766  1766 W StatusBar: 	at com.android.systemui.statusbar.phone.PhoneStatusBar.makeStatusBarView(PhoneStatusBar.java:1008)
02-20 19:37:52.632  1766  1766 W StatusBar: 	at com.android.systemui.statusbar.phone.PhoneStatusBar.addStatusBarWindow(PhoneStatusBar.java:3432)
02-20 19:37:52.632  1766  1766 W StatusBar: 	at com.android.systemui.statusbar.phone.PhoneStatusBar.createAndAddWindows(PhoneStatusBar.java:3428)
02-20 19:37:52.632  1766  1766 W StatusBar: 	at com.android.systemui.statusbar.BaseStatusBar.start(BaseStatusBar.java:765)
02-20 19:37:52.632  1766  1766 W StatusBar: 	at com.android.systemui.statusbar.phone.PhoneStatusBar.start(PhoneStatusBar.java:686)
02-20 19:37:52.632  1766  1766 W StatusBar: 	at com.android.systemui.statusbar.SystemBars.createStatusBarFromConfig(SystemBars.java:106)
02-20 19:37:52.632  1766  1766 W StatusBar: 	at com.android.systemui.statusbar.SystemBars.onNoService(SystemBars.java:58)
02-20 19:37:52.632  1766  1766 W StatusBar: 	at com.android.systemui.statusbar.ServiceMonitor.startService(ServiceMonitor.java:230)
02-20 19:37:52.632  1766  1766 W StatusBar: 	at com.android.systemui.statusbar.ServiceMonitor.-wrap5(ServiceMonitor.java)
02-20 19:37:52.632  1766  1766 W StatusBar: 	at com.android.systemui.statusbar.ServiceMonitor$1.handleMessage(ServiceMonitor.java:73)
02-20 19:37:52.632  1766  1766 W StatusBar: 	at android.os.Handler.dispatchMessage(Handler.java:102)
02-20 19:37:52.632  1766  1766 W StatusBar: 	at android.os.Looper.loop(Looper.java:154)
02-20 19:37:52.632  1766  1766 W StatusBar: 	at android.app.ActivityThread.main(ActivityThread.java:6119)
02-20 19:37:52.632  1766  1766 W StatusBar: 	at java.lang.reflect.Method.invoke(Native Method)
02-20 19:37:52.632  1766  1766 W StatusBar: 	at com.android.internal.os.ZygoteInit$MethodAndArgsCaller.run(ZygoteInit.java:886)
02-20 19:37:52.632  1766  1766 W StatusBar: 	at com.android.internal.os.ZygoteInit.main(ZygoteInit.java:776)
02-20 19:37:52.632  1916  1916 D SubscriptionController: [getActiveSubInfoList] Sub Controller not ready
02-20 19:37:52.632  1916  1916 D SubscriptionController: [addSubInfoRecord] Record already exists
02-20 19:37:52.647  1766  1972 D OpenGLRenderer: profile bars disabled
02-20 19:37:52.648  1916  1916 D SubscriptionController: [addSubInfoRecord] sSlotIdxToSubId.size=1 slotId=0 subId=1 defaultSubId=1 simCount=1
02-20 19:37:52.648  1916  1916 D SubscriptionController: [setDefaultFallbackSubId] subId=1
02-20 19:37:52.649  1916  1916 D SubscriptionController: [setDefaultFallbackSubId] set mDefaultFallbackSubId=1
02-20 19:37:52.650  1916  1916 D MccTable: updateMccMncConfiguration mccmnc='310260' fromServiceState=false
02-20 19:37:52.651  1766  1972 D OpenGLRenderer: ambientRatio = 1.50
02-20 19:37:52.666  1916  1916 D MccTable: updateMccMncConfiguration defaultMccMnc=310260
02-20 19:37:52.666  1916  1916 D MccTable: updateMccMncConfiguration: mcc=310, mnc=260
02-20 19:37:52.667  1916  1916 D MccTable: updateMccMncConfiguration updateConfig config={1.0 310mcc260mnc ?localeList ?layoutDir ?swdp ?wdp ?hdp ?density ?lsize ?long ?orien ?uimode ?night ?touch ?keyb/?/? ?nav/?}
02-20 19:37:52.669  1916  1916 D SubscriptionController: [setDefaultFallbackSubId] broadcast default subId changed phoneId=0 subId=1
02-20 19:37:52.683  1916  1916 D SubscriptionController: [addSubInfoRecord] one sim set defaults to subId=1
02-20 19:37:52.685  1916  1929 D RILJ    : [3736]> RIL_REQUEST_GET_CELL_INFO_LIST [SUB0]
02-20 19:37:52.686  1375  1481 D RIL     : onRequest: GET_CELL_INFO_LIST
02-20 19:37:52.686  1375  1481 D RILC    : responseCellInfoList: v12
02-20 19:37:52.688  1916  1916 D SubscriptionController: [setDefaultDataSubId] num phones=1, subId=1
02-20 19:37:52.688  1916  1916 D SubscriptionController: [setDefaultDataSubId] phoneId=0 subId=1 RAF=1
02-20 19:37:52.688  1916  1998 D RILJ    : [3736]< RIL_REQUEST_GET_CELL_INFO_LIST [CellInfoGsm:{mRegistered=YES mTimeStampType=modem mTimeStamp=13979823717ns CellIdentityGsm:{ mMcc=310 mMnc=260 mLac=3 mCid=91 mArfcn=10 mBsic=0x0} CellSignalStrengthGsm: ss=230683064 ber=31761 mTa=236883068}] [SUB0]
02-20 19:37:52.688  1916  1916 D ProxyController: setRadioCapability: Already in requested configuration, nothing to do.
02-20 19:37:52.689  1916  1916 D SubscriptionController: [updateAllDataConnectionTrackers] sPhones.length=1
02-20 19:37:52.689  1916  1916 D SubscriptionController: [updateAllDataConnectionTrackers] phoneId=0
02-20 19:37:52.689  1916  1916 D DCT     : [0]update sub = 1
02-20 19:37:52.689  1916  1916 D DCT     : [0]update(): Active DDS, register for all events now!
02-20 19:37:52.689  1916  1916 D DCT     : [0]New records found.
02-20 19:37:52.689  1916  1916 D SST     : mDeviceShuttingDown=false, mDesiredPowerState=true, getRadioState=RADIO_ON, mPowerOffDelayNeed=true, mAlarmSwitch=false, mRadioDisabledByCarrier=false
02-20 19:37:52.689  1916  1916 D GsmCdmaPhone: [GsmCdmaPhone] updateCurrentCarrierInProvider: mSubId = 1 currentDds = 1 operatorNumeric = 310260
02-20 19:37:52.735  1766  1766 D PhoneStatusBar: disable: < EXPAND* icons alerts system_info BACK* HOME* RECENT* clock SEARCH* quick_settings >
02-20 19:37:52.748  1916  1916 D SubscriptionController: [broadcastDefaultDataSubIdChanged] subId=1
02-20 19:37:52.749  1916  1916 D SubscriptionController: [setDefaultSmsSubId] subId=1
02-20 19:37:52.749  1668  1694 W WindowManager: Keyguard drawn timeout. Setting mKeyguardDrawComplete
02-20 19:37:52.750  1916  1916 D SubscriptionController: [broadcastDefaultSmsSubIdChanged] subId=1
02-20 19:37:52.751  1916  1916 D SubscriptionController: [setDefaultVoiceSubId] subId=1
02-20 19:37:52.751  1916  1916 D SubscriptionController: [broadcastDefaultVoiceSubIdChanged] subId=1
02-20 19:37:52.752  1916  1916 D SubscriptionController: [addSubInfoRecord] hashmap(0,1)
02-20 19:37:52.772  1916  1916 D SubscriptionController: [addSubInfoRecord] sim name = Android
02-20 19:37:52.772  1766  2097 E ActivityThread: Failed to find provider info for com.android.contacts
02-20 19:37:52.772  1916  1916 D DCT     : [0]update sub = 1
02-20 19:37:52.772  1916  1916 D DCT     : [0]update(): Active DDS, register for all events now!
02-20 19:37:52.772  1916  1916 D GsmCdmaPhone: [GsmCdmaPhone] updateCurrentCarrierInProvider: mSubId = 1 currentDds = 1 operatorNumeric = 310260
02-20 19:37:52.808  1932  1975 D EGL_emulation: eglMakeCurrent: 0x7c4207b79480: ver 3 0 (tinfo 0x7c42121edaa0)
02-20 19:37:52.818  1916  1916 D SubscriptionController: [addSubInfoRecord]- info size=1
02-20 19:37:52.819  1916  1916 D SubscriptionInfoUpdater: newSim = false
02-20 19:37:52.819  1916  1916 D SubscriptionInfoUpdater: updateSubscriptionInfoByIccId: sInsertSimState[0] = 0
02-20 19:37:52.835  1916  1916 D SubscriptionInfoUpdater: updateSubscriptionInfoByIccId: nSubCount = 1
02-20 19:37:52.854  1916  1916 D SubscriptionController: [setDefaultDataSubId] num phones=1, subId=1
02-20 19:37:52.855  1916  1916 D SubscriptionController: [setDefaultDataSubId] phoneId=0 subId=1 RAF=1
02-20 19:37:52.855  1916  1916 D ProxyController: setRadioCapability: Already in requested configuration, nothing to do.
02-20 19:37:52.855  1916  1916 D SubscriptionController: [updateAllDataConnectionTrackers] sPhones.length=1
02-20 19:37:52.855  1916  1916 D SubscriptionController: [updateAllDataConnectionTrackers] phoneId=0
02-20 19:37:52.855  1916  1916 D DCT     : [0]update sub = 1
02-20 19:37:52.855  1916  1916 D DCT     : [0]update(): Active DDS, register for all events now!
02-20 19:37:52.855  1916  1916 D GsmCdmaPhone: [GsmCdmaPhone] updateCurrentCarrierInProvider: mSubId = 1 currentDds = 1 operatorNumeric = 310260
02-20 19:37:52.871  1916  1916 D SubscriptionController: [broadcastDefaultDataSubIdChanged] subId=1
02-20 19:37:52.872  1916  1916 D SubscriptionController: notifySubscriptionInfoChanged:
02-20 19:37:52.873  1916  2095 D SubscriptionMonitor: Phone[0] subId changed -2->1, 1 registrants
02-20 19:37:52.873  1916  2095 D SubscriptionMonitor: mDefaultDataSubId = 1, 1 registrants
02-20 19:37:52.873  1668  1668 I GnssLocationProvider: WakeLock acquired by sendMessage(12, 0, null)
02-20 19:37:52.875  1916  1916 D SubscriptionInfoUpdater: updateSubscriptionInfoByIccId:- SsubscriptionInfo update complete
02-20 19:37:52.875  1916  1916 D MccTable: updateMccMncConfiguration mccmnc='310260' fromServiceState=false
02-20 19:37:52.875  1916  1916 D MccTable: updateMccMncConfiguration defaultMccMnc=310260
02-20 19:37:52.875  1916  1916 D MccTable: updateMccMncConfiguration: mcc=310, mnc=260
02-20 19:37:52.875  1916  1916 D MccTable: updateMccMncConfiguration updateConfig config={1.0 310mcc260mnc ?localeList ?layoutDir ?swdp ?wdp ?hdp ?density ?lsize ?long ?orien ?uimode ?night ?touch ?keyb/?/? ?nav/?}
02-20 19:37:52.885  1668  1959 I dvm_lock_sample: [system_server,1,Binder:1668_6,60,WindowManagerService.java,9051,WindowAnimator.java,144,12]
02-20 19:37:52.888  1916  1916 D SubscriptionController: [setMccMnc]+ mcc/mnc:310/260 subId:1
02-20 19:37:52.893  1916  1916 D SubscriptionController: notifySubscriptionInfoChanged:
02-20 19:37:52.893  1668  1668 I GnssLocationProvider: WakeLock acquired by sendMessage(12, 0, null)
02-20 19:37:52.907  2062  2062 I GAv4    : Google Analytics 9.2.56 is starting up. To enable debug logging on a device run:
02-20 19:37:52.907  2062  2062 I GAv4    :   adb shell setprop log.tag.GAv4 DEBUG
02-20 19:37:52.907  2062  2062 I GAv4    :   adb logcat -s GAv4
02-20 19:37:52.927  1916  1916 D SubscriptionController: [getActiveSubscriptionInfo]+ subId=1 subInfo={id=1, iccId=89014103211118510720 simSlotIndex=0 displayName=Android carrierName=Android nameSource=0 iconTint=-16746133 dataRoaming=0 iconBitmap=android.graphics.Bitmap@b6abd1b mcc 310 mnc 260}
02-20 19:37:52.927  1916  1916 D SubscriptionInfoUpdater: sim name = Android
02-20 19:37:52.947  1916  1916 D SubscriptionInfoUpdater: Broadcasting intent ACTION_SIM_STATE_CHANGED LOADED reason null for mCardIndex: 0
02-20 19:37:52.947  1312  1757 D gralloc_ranchu: gralloc_alloc: Creating ashmem region of size 15945728
02-20 19:37:52.948  1668  1668 D WifiService: resetting networks because SIM was loaded
02-20 19:37:52.949  1668  1738 D WifiStateMachine: resetting EAP-SIM/AKA/AKA' networks since SIM was changed
02-20 19:37:52.949  1916  1916 D CarrierConfigLoader: update config for phoneId: 0 simState: LOADED
02-20 19:37:52.949  1916  1916 D CarrierSvcBindHelper: update binding for phoneId: 0 simState: LOADED
02-20 19:37:52.980  1766  1766 D PhoneStatusBar: heads up is enabled
02-20 19:37:52.984  1916  1916 D SubscriptionController: [getActiveSubscriptionInfo]+ subId=1 subInfo={id=1, iccId=89014103211118510720 simSlotIndex=0 displayName=Android carrierName=Android nameSource=0 iconTint=-16746133 dataRoaming=0 iconBitmap=android.graphics.Bitmap@28aaff6 mcc 310 mnc 260}
02-20 19:37:52.988  1668  1794 I Telecom : PhoneAccountRegistrar: [ComponentInfo{com.android.phone/com.android.services.telephony.TelephonyConnectionService}, [e0184adedf913b076626646d3f52c3b49c39ad6d], UserHandle{0}(icon: Icon(typ=BITMAP size=76x96) -> Icon(typ=BITMAP size=76x96))]: TSI.rPA@ABE
02-20 19:37:52.990  1668  1794 I Telecom : : Sending phone-account registered intent as user: TSI.rPA@ABE
02-20 19:37:52.992  1916  1916 I Telephony: PstnIncomingCallNotifier: Unregistering: Handler (com.android.internal.telephony.GsmCdmaPhone) {999dd36}
02-20 19:37:53.004  1916  1916 D SubscriptionController: [getActiveSubscriptionInfo]+ subId=1 subInfo={id=1, iccId=89014103211118510720 simSlotIndex=0 displayName=Android carrierName=Android nameSource=0 iconTint=-16746133 dataRoaming=0 iconBitmap=android.graphics.Bitmap@5e9b493 mcc 310 mnc 260}
02-20 19:37:53.020  1668  1958 I Telecom : PhoneAccountRegistrar: New phone account registered: [[ ] PhoneAccount: ComponentInfo{com.android.phone/com.android.services.telephony.TelephonyConnectionService}, [e2f7d48dd2b5ca523e7313cf4ba0f6ea830b6281], UserHandle{0} Capabilities: CallProvider MultiUser PlaceEmerg SimSub  Schemes: tel voicemail  Extras: null GroupId: [da39a3ee5e6b4b0d3255bfef95601890afd80709]]: TSI.rPA@ABI
02-20 19:37:53.021  1668  1692 W GnssLocationProvider: Could not open GPS configuration file /etc/gps.conf
02-20 19:37:53.021  1668  1692 E GnssLocationProvider: no AGPS interface in set_agps_server
02-20 19:37:53.021  1668  1958 I Telecom : : Sending phone-account registered intent as user: TSI.rPA@ABI
02-20 19:37:53.022  1916  1916 I Telephony: AccountEntry: Registered phoneAccount: [[ ] PhoneAccount: ComponentInfo{com.android.phone/com.android.services.telephony.TelephonyConnectionService}, [e2f7d48dd2b5ca523e7313cf4ba0f6ea830b6281], UserHandle{0} Capabilities: CallProvider MultiUser PlaceEmerg SimSub  Schemes: tel voicemail  Extras: null GroupId: [da39a3ee5e6b4b0d3255bfef95601890afd80709]] with handle: ComponentInfo{com.android.phone/com.android.services.telephony.TelephonyConnectionService}, [e2f7d48dd2b5ca523e7313cf4ba0f6ea830b6281], UserHandle{0}
02-20 19:37:53.022  1916  1916 I Telephony: PstnIncomingCallNotifier: Registering: Handler (com.android.internal.telephony.GsmCdmaPhone) {999dd36}
02-20 19:37:53.024  1916  1916 I Telephony: TelecomAccountRegistry: Unregistering phone account ComponentInfo{com.android.phone/com.android.services.telephony.TelephonyConnectionService}, [e0184adedf913b076626646d3f52c3b49c39ad6d], UserHandle{0}.
02-20 19:37:53.026  1668  1794 I Telecom : : Sending phone-account unregistered intent as user: TSI.uPA@ABQ
02-20 19:37:53.028  1916  1916 D DCT     : [0]onRecordsLoadedOrSubIdChanged: createAllApnList
02-20 19:37:53.028  1916  1916 D DCT     : [0]createAllApnList: selection=numeric = '310260'
02-20 19:37:53.029  1916  1929 D SST     : SST.getAllCellInfo(): return last, back to back calls
02-20 19:37:53.032  1916  1928 D SST     : SST.getAllCellInfo(): return last, back to back calls
02-20 19:37:53.032  1916  1928 D SST     : SST.getAllCellInfo(): return last, back to back calls
02-20 19:37:53.032  1916  1916 D DCT     : [0]createApnList: X result=[[ApnSettingV3] T-Mobile US, 1, 310260, epc.tmobile.com, , http://mms.msg.eng.t-mobile.com/mms/wapenc, , , , -1, *, IP, IP, true, 0, 0, 0, false, 0, 0, 0, 0, , , false]
02-20 19:37:53.035  1916  1916 D TelephonyProvider: subIdString = 1 subId = 1
02-20 19:37:53.039  1668  1692 I SyncManager: Got SyncJobService instance.
02-20 19:37:53.050  1916  1916 D DCT     : [0]getPreferredApn: mRequestedApnType=default cursor=android.content.ContentResolver$CursorWrapperInner@53892da cursor.count=1
02-20 19:37:53.051  1916  1916 D DCT     : [0]getPreferredApn: apnSetting=[ApnSettingV3] T-Mobile US, 1, 310260, epc.tmobile.com, , http://mms.msg.eng.t-mobile.com/mms/wapenc, , , , -1, *, IP, IP, true, 0, 0, 0, false, 0, 0, 0, 0, , , false
02-20 19:37:53.051  1916  1916 D DCT     : [0]getPreferredApn: X found apnSetting[ApnSettingV3] T-Mobile US, 1, 310260, epc.tmobile.com, , http://mms.msg.eng.t-mobile.com/mms/wapenc, , , , -1, *, IP, IP, true, 0, 0, 0, false, 0, 0, 0, 0, , , false
02-20 19:37:53.051  1916  1916 D DCT     : [0]createAllApnList: mPreferredApn=[ApnSettingV3] T-Mobile US, 1, 310260, epc.tmobile.com, , http://mms.msg.eng.t-mobile.com/mms/wapenc, , , , -1, *, IP, IP, true, 0, 0, 0, false, 0, 0, 0, 0, , , false
02-20 19:37:53.051  1916  1916 D DCT     : [0]createAllApnList: X mAllApnSettings=[[ApnSettingV3] T-Mobile US, 1, 310260, epc.tmobile.com, , http://mms.msg.eng.t-mobile.com/mms/wapenc, , , , -1, *, IP, IP, true, 0, 0, 0, false, 0, 0, 0, 0, , , false]
02-20 19:37:53.051  1916  1916 D DCT     : [0]setDataProfilesAsNeeded
02-20 19:37:53.051  1916  1916 D DCT     : [0]setInitialApn: E mPreferredApn=[ApnSettingV3] T-Mobile US, 1, 310260, epc.tmobile.com, , http://mms.msg.eng.t-mobile.com/mms/wapenc, , , , -1, *, IP, IP, true, 0, 0, 0, false, 0, 0, 0, 0, , , false
02-20 19:37:53.051  1916  1916 D DCT     : [0]setInitialApn: firstApnSetting=[ApnSettingV3] T-Mobile US, 1, 310260, epc.tmobile.com, , http://mms.msg.eng.t-mobile.com/mms/wapenc, , , , -1, *, IP, IP, true, 0, 0, 0, false, 0, 0, 0, 0, , , false
02-20 19:37:53.051  1916  1916 D DCT     : [0]setInitialApn: defaultApnSetting=[ApnSettingV3] T-Mobile US, 1, 310260, epc.tmobile.com, , http://mms.msg.eng.t-mobile.com/mms/wapenc, , , , -1, *, IP, IP, true, 0, 0, 0, false, 0, 0, 0, 0, , , false
02-20 19:37:53.051  1916  1916 D DCT     : [0]setInitialAttachApn: using mPreferredApn
02-20 19:37:53.051  1916  1916 D DCT     : [0]setInitialAttachApn: X selected Apn=[ApnSettingV3] T-Mobile US, 1, 310260, epc.tmobile.com, , http://mms.msg.eng.t-mobile.com/mms/wapenc, , , , -1, *, IP, IP, true, 0, 0, 0, false, 0, 0, 0, 0, , , false
02-20 19:37:53.051  1916  1916 D RILJ    : Set RIL_REQUEST_SET_INITIAL_ATTACH_APN [SUB0]
02-20 19:37:53.051  1916  1916 D RILJ    : [3737]> RIL_REQUEST_SET_INITIAL_ATTACH_APN, apn:epc.tmobile.com, protocol:IP, authType:-1, username:none, password:none [SUB0]
02-20 19:37:53.083  1916  1916 D DCT     : [0]onRecordsLoadedOrSubIdChanged: notifying data availability
02-20 19:37:53.083  1375  1481 D RIL     : onRequest: RIL_REQUEST_SET_INITIAL_ATTACH_APN
02-20 19:37:53.083  1375  1481 D RIL     : Request not supported. Tech: 1
02-20 19:37:53.084  1916  1998 D RilRequest: [3737]< RIL_REQUEST_SET_INITIAL_ATTACH_APN error: com.android.internal.telephony.CommandException: REQUEST_NOT_SUPPORTED ret=
02-20 19:37:53.086  1668  1958 D TelephonyRegistry: Notify data connection state changed on sub: 1
02-20 19:37:53.088  1668  1668 I FusedLocation: engine started (com.android.location.fused)
02-20 19:37:53.088  1668  1958 D TelephonyRegistry: Notify data connection state changed on sub: 1
02-20 19:37:53.128  2062  2106 W GAv4    : AnalyticsReceiver is not registered or is disabled. Register the receiver for reliable dispatching on non-Google Play devices. See http://goo.gl/8Rd3yj for instructions.
02-20 19:37:53.150  1916  1916 D DCT     : [0]setupDataOnConnectableApns: simLoaded hipri:[state=IDLE,enabled=false] mms:[state=IDLE,enabled=false] supl:[state=IDLE,enabled=false] ia:[state=IDLE,enabled=false] fota:[state=IDLE,enabled=false] ims:[state=IDLE,enabled=false] cbs:[state=IDLE,enabled=false] default:[state=IDLE,enabled=false] emergency:[state=IDLE,enabled=false] 
02-20 19:37:53.154  2062  2106 W GAv4    : CampaignTrackingReceiver is not registered, not exported or is disabled. Installation campaign tracking is not possible. See http://goo.gl/8Rd3yj for instructions.
02-20 19:37:53.163  2062  2106 W GAv4    : AnalyticsService not registered in the app manifest. Hits might not be delivered reliably. See http://goo.gl/8Rd3yj for instructions.
02-20 19:37:53.188  1916  1916 D SST     : SubscriptionListener.onSubscriptionInfoChanged
02-20 19:37:53.189  1312  1325 I SurfaceFlinger: Boot is finished (12630 ms)
02-20 19:37:53.190  1312  1325 I sf_stop_bootanim: 14484
02-20 19:37:53.193  1916  1916 D PhoneFactory: calculatePreferredNetworkType: phoneSubId = 1 networkType = 0
02-20 19:37:53.193  1916  1916 D Phone   : setPreferredNetworkType: Abort, unknown RAF: 1 101902
02-20 19:37:53.193  1916  1916 D Phone   : setNetworkSelectionModeAutomatic, querying current mode
02-20 19:37:53.193  1916  1916 D RILJ    : [3738]> QUERY_NETWORK_SELECTION_MODE [SUB0]
02-20 19:37:53.194  1916  1916 D TelephonyManager: setTelephonyProperty: success phoneId=0 property=gsm.network.type value: LTE propVal=LTE
02-20 19:37:53.194  1375  1481 D RIL     : onRequest: QUERY_NETWORK_SELECTION_MODE
02-20 19:37:53.194  1375  1481 D AT      : AT> AT+COPS?
02-20 19:37:53.194  1375  1486 D AT      : AT< +COPS: 0,2,310260
02-20 19:37:53.194  1375  1486 D AT      : AT< OK
02-20 19:37:53.194  1916  1998 D RILJ    : [3738]< QUERY_NETWORK_SELECTION_MODE {0} [SUB0]
02-20 19:37:53.194  1916  1916 D SubscriptionController: [setCarrierText]+ text:Android subId:1
02-20 19:37:53.198  1766  1766 I Choreographer: Skipped 52 frames!  The application may be doing too much work on its main thread.
02-20 19:37:53.198  1668  1694 V KeyguardServiceDelegate: *** Keyguard connected (yay!)
02-20 19:37:53.213  1766  1766 D ViewRootImpl[StatusBar]: changeCanvasOpacity: opaque=true
02-20 19:37:53.217  1916  1916 D SubscriptionController: notifySubscriptionInfoChanged:
02-20 19:37:53.218  1668  1668 I GnssLocationProvider: WakeLock acquired by sendMessage(12, 0, null)
02-20 19:37:53.220  1916  1916 D SIMRecords: [SIMRecords] getServiceProviderName: no brandOverride, providerName=Android
02-20 19:37:53.221  1916  1916 D SIMRecords: [SIMRecords] getServiceProviderName: no brandOverride, providerName=Android
02-20 19:37:53.221  1916  1916 D SST     : updateSpnDisplay: changed sending intent rule=1 showPlmn='false' plmn='Android' showSpn='true' spn='Android' dataSpn='Android' subId='1'
02-20 19:37:52.514     0     0 I init    : Service 'bootanim' (pid 1332) exited with status 0
02-20 19:37:52.515     0     0 I init    : Starting service 'exec 6 (/system/bin/bootstat)'...
02-20 19:37:53.226  1916  1916 D SubscriptionController: [setCarrierText]+ text:Android subId:1
02-20 19:37:53.235  2110  2110 I auditd  : type=1400 audit(0.0:11): avc: denied { getattr } for comm="bootstat" path="/vendor" dev="rootfs" ino=4006 scontext=u:r:bootstat:s0 tcontext=u:object_r:rootfs:s0 tclass=lnk_file permissive=0
02-20 19:37:53.235  2110  2110 W bootstat: type=1400 audit(0.0:11): avc: denied { getattr } for path="/vendor" dev="rootfs" ino=4006 scontext=u:r:bootstat:s0 tcontext=u:object_r:rootfs:s0 tclass=lnk_file permissive=0
02-20 19:37:53.245  2110  2110 I bootstat: Service started: /system/bin/bootstat --record_boot_complete 
02-20 19:37:53.250  2110  2110 I bootstat: Logging histogram: bootstat_mtime_matches_content 1
02-20 19:37:53.250  2110  2110 I sysui_histogram: [bootstat_mtime_matches_content,1]
02-20 19:37:53.262  1916  1916 D SubscriptionController: notifySubscriptionInfoChanged:
02-20 19:37:53.262  1668  1668 I GnssLocationProvider: WakeLock acquired by sendMessage(12, 0, null)
02-20 19:37:53.263  1916  1916 D SIMRecords: [SIMRecords]  VoiceMessageCount from SIM MWIS = 0
02-20 19:37:53.263  1916  1916 D Phone   : getStoredVoiceMessageCount: from preference for subId 1= 0
02-20 19:37:53.263  1916  1916 D GsmCdmaPhone: [GsmCdmaPhone] updateVoiceMail countVoiceMessages = 0 subId 1
02-20 19:37:53.263  1916  1916 D Phone   : setVoiceMessageCount: Storing Voice Mail Count = 0 for mVmCountKey = vm_count_key1 in preferences.
02-20 19:37:53.263  1916  1916 D DCT     : [0]SubscriptionListener.onSubscriptionInfoChanged
02-20 19:37:53.264  1916  1916 D DCT     : [0]onRecordsLoadedOrSubIdChanged: createAllApnList
02-20 19:37:53.264  1916  1916 D DCT     : [0]createAllApnList: selection=numeric = '310260'
02-20 19:37:53.266  1916  1916 D DCT     : [0]createApnList: X result=[[ApnSettingV3] T-Mobile US, 1, 310260, epc.tmobile.com, , http://mms.msg.eng.t-mobile.com/mms/wapenc, , , , -1, *, IP, IP, true, 0, 0, 0, false, 0, 0, 0, 0, , , false]
02-20 19:37:53.266  1916  1916 D TelephonyProvider: subIdString = 1 subId = 1
02-20 19:37:53.267  1916  1916 D DCT     : [0]getPreferredApn: mRequestedApnType=default cursor=android.content.ContentResolver$CursorWrapperInner@d86a332 cursor.count=1
02-20 19:37:53.267  1916  1916 D DCT     : [0]getPreferredApn: apnSetting=[ApnSettingV3] T-Mobile US, 1, 310260, epc.tmobile.com, , http://mms.msg.eng.t-mobile.com/mms/wapenc, , , , -1, *, IP, IP, true, 0, 0, 0, false, 0, 0, 0, 0, , , false
02-20 19:37:53.267  1916  1916 D DCT     : [0]getPreferredApn: X found apnSetting[ApnSettingV3] T-Mobile US, 1, 310260, epc.tmobile.com, , http://mms.msg.eng.t-mobile.com/mms/wapenc, , , , -1, *, IP, IP, true, 0, 0, 0, false, 0, 0, 0, 0, , , false
02-20 19:37:53.267  2110  2110 I bootstat: Logging histogram: bootstat_mtime_matches_content 1
02-20 19:37:53.267  2110  2110 I sysui_histogram: [bootstat_mtime_matches_content,1]
02-20 19:37:53.268  2110  2110 I bootstat: Logging histogram: bootstat_mtime_matches_content 1
02-20 19:37:53.268  2110  2110 I sysui_histogram: [bootstat_mtime_matches_content,1]
02-20 19:37:53.268  1916  1916 D DCT     : [0]createAllApnList: mPreferredApn=[ApnSettingV3] T-Mobile US, 1, 310260, epc.tmobile.com, , http://mms.msg.eng.t-mobile.com/mms/wapenc, , , , -1, *, IP, IP, true, 0, 0, 0, false, 0, 0, 0, 0, , , false
02-20 19:37:53.268  1916  1916 D DCT     : [0]createAllApnList: X mAllApnSettings=[[ApnSettingV3] T-Mobile US, 1, 310260, epc.tmobile.com, , http://mms.msg.eng.t-mobile.com/mms/wapenc, , , , -1, *, IP, IP, true, 0, 0, 0, false, 0, 0, 0, 0, , , false]
02-20 19:37:53.268  1916  1916 D DCT     : [0]setDataProfilesAsNeeded
02-20 19:37:53.268  1916  1916 D DCT     : [0]setInitialApn: E mPreferredApn=[ApnSettingV3] T-Mobile US, 1, 310260, epc.tmobile.com, , http://mms.msg.eng.t-mobile.com/mms/wapenc, , , , -1, *, IP, IP, true, 0, 0, 0, false, 0, 0, 0, 0, , , false
02-20 19:37:53.268  1916  1916 D DCT     : [0]setInitialApn: firstApnSetting=[ApnSettingV3] T-Mobile US, 1, 310260, epc.tmobile.com, , http://mms.msg.eng.t-mobile.com/mms/wapenc, , , , -1, *, IP, IP, true, 0, 0, 0, false, 0, 0, 0, 0, , , false
02-20 19:37:53.268  1916  1916 D DCT     : [0]setInitialApn: defaultApnSetting=[ApnSettingV3] T-Mobile US, 1, 310260, epc.tmobile.com, , http://mms.msg.eng.t-mobile.com/mms/wapenc, , , , -1, *, IP, IP, true, 0, 0, 0, false, 0, 0, 0, 0, , , false
02-20 19:37:53.268  1916  1916 D DCT     : [0]setInitialAttachApn: using mPreferredApn
02-20 19:37:53.268  1916  1916 D DCT     : [0]setInitialAttachApn: X selected Apn=[ApnSettingV3] T-Mobile US, 1, 310260, epc.tmobile.com, , http://mms.msg.eng.t-mobile.com/mms/wapenc, , , , -1, *, IP, IP, true, 0, 0, 0, false, 0, 0, 0, 0, , , false
02-20 19:37:53.268  1916  1916 D RILJ    : Set RIL_REQUEST_SET_INITIAL_ATTACH_APN [SUB0]
02-20 19:37:53.268  1916  1916 D RILJ    : [3739]> RIL_REQUEST_SET_INITIAL_ATTACH_APN, apn:epc.tmobile.com, protocol:IP, authType:-1, username:none, password:none [SUB0]
02-20 19:37:53.268  1375  1481 D RIL     : onRequest: RIL_REQUEST_SET_INITIAL_ATTACH_APN
02-20 19:37:53.268  1375  1481 D RIL     : Request not supported. Tech: 1
02-20 19:37:53.268  1916  1998 D RilRequest: [3739]< RIL_REQUEST_SET_INITIAL_ATTACH_APN error: com.android.internal.telephony.CommandException: REQUEST_NOT_SUPPORTED ret=
02-20 19:37:53.268  1916  1916 D DCT     : [0]onRecordsLoadedOrSubIdChanged: notifying data availability
02-20 19:37:53.271  1312  1312 I sf_frame_dur: [BootAnimation,0,36,216,22,2,0,0]
02-20 19:37:53.272  1668  1700 I wm_boot_animation_done: 14566
02-20 19:37:53.276  1668  1700 I SystemServiceManager: Starting phase 1000
02-20 19:37:52.564     0     0 I init    : Service 'exec 6 (/system/bin/bootstat)' (pid 2110) exited with status 0
02-20 19:37:52.570     0     0 I init    : Starting service 'exec 7 (/system/bin/bootstat)'...
02-20 19:37:52.607     0     0 I init    : Service 'exec 7 (/system/bin/bootstat)' (pid 2112) exited with status 0
02-20 19:37:52.608     0     0 I init    : Starting service 'exec 8 (/system/bin/bootstat)'...
02-20 19:37:53.295  2112  2112 I auditd  : type=1400 audit(0.0:12): avc: denied { getattr } for comm="bootstat" path="/vendor" dev="rootfs" ino=4006 scontext=u:r:bootstat:s0 tcontext=u:object_r:rootfs:s0 tclass=lnk_file permissive=0
02-20 19:37:53.295  2112  2112 W bootstat: type=1400 audit(0.0:12): avc: denied { getattr } for path="/vendor" dev="rootfs" ino=4006 scontext=u:r:bootstat:s0 tcontext=u:object_r:rootfs:s0 tclass=lnk_file permissive=0
02-20 19:37:53.315  2121  2121 I auditd  : type=1400 audit(0.0:13): avc: denied { getattr } for comm="bootstat" path="/vendor" dev="rootfs" ino=4006 scontext=u:r:bootstat:s0 tcontext=u:object_r:rootfs:s0 tclass=lnk_file permissive=0
02-20 19:37:53.315  2121  2121 W bootstat: type=1400 audit(0.0:13): avc: denied { getattr } for path="/vendor" dev="rootfs" ino=4006 scontext=u:r:bootstat:s0 tcontext=u:object_r:rootfs:s0 tclass=lnk_file permissive=0
02-20 19:37:52.651     0     0 I init    : Service 'exec 8 (/system/bin/bootstat)' (pid 2121) exited with status 0
02-20 19:37:52.653     0     0 I init    : Starting service 'exec 9 (/system/bin/bootstat)'...
02-20 19:37:52.687     0     0 I init    : Service 'exec 9 (/system/bin/bootstat)' (pid 2128) exited with status 0
02-20 19:37:52.688     0     0 I init    : write_file: Unable to open '/sys/class/android_usb/android0/enable': No such file or directory
02-20 19:37:52.689     0     0 I init    : write_file: Unable to open '/sys/class/android_usb/android0/idVendor': No such file or directory
02-20 19:37:52.690     0     0 I init    : write_file: Unable to open '/sys/class/android_usb/android0/idProduct': No such file or directory
02-20 19:37:52.690     0     0 I init    : write_file: Unable to open '/sys/class/android_usb/android0/functions': No such file or directory
02-20 19:37:52.691     0     0 I init    : write_file: Unable to open '/sys/class/android_usb/android0/enable': No such file or directory
02-20 19:37:53.288  1668  1700 I am_proc_start: [0,2113,10015,com.google.android.ext.services,on-hold,]
02-20 19:37:53.288  1668  1700 I ActivityManager: Start proc 2113:com.google.android.ext.services/u0a15 for on-hold
02-20 19:37:53.289  1668  1700 D ActivityManager: Finishing user boot 0
02-20 19:37:53.290  1668  1700 I sysui_histogram: [framework_locked_boot_completed,14]
02-20 19:37:53.290  1668  1700 D CryptdConnector: SND -> {3 cryptfs prepare_user_storage ! 0 0 2}
02-20 19:37:53.291  1267  1304 D vold    : e4crypt_prepare_user_storage for volume null, user 0, serial 0, flags 2
02-20 19:37:53.291  1267  1304 D vold    : Preparing: /data/system_ce/0
02-20 19:37:53.291  1267  1304 D vold    : Preparing: /data/misc_ce/0
02-20 19:37:53.291  1267  1304 D vold    : Preparing: /data/media/0
02-20 19:37:53.291  1267  1304 D vold    : Preparing: /data/data
02-20 19:37:53.291  1668  1731 D CryptdConnector: RCV <- {200 3 Command succeeded}
02-20 19:37:53.292  1668  1700 V UserManagerService: Found /data/user/0 with serial number 0
02-20 19:37:53.292  1668  1700 V UserManagerService: Found /data/system_ce/0 with serial number 0
02-20 19:37:53.292  1668  1700 V PackageManager: reconcileAppsData for null u0 0x2
02-20 19:37:53.305  2113  2113 W art     : Unexpected CPU variant for X86 using defaults: x86_64
02-20 19:37:53.310  1668  1692 W GnssLocationProvider: Could not open GPS configuration file /etc/gps.conf
02-20 19:37:53.310  1668  1692 E GnssLocationProvider: no AGPS interface in set_agps_server
02-20 19:37:53.310  1668  1692 I GnssLocationProvider: WakeLock released by handleMessage(12, 0, null)
02-20 19:37:53.313  2112  2112 I bootstat: Service started: /system/bin/bootstat --record_boot_reason 
02-20 19:37:53.313  2112  2112 I bootstat: Unknown boot reason: 
02-20 19:37:53.347  2121  2121 I bootstat: Service started: /system/bin/bootstat --record_time_since_factory_reset 
02-20 19:37:53.348  2121  2121 I bootstat: Logging histogram: factory_reset_current_time 1519155473
02-20 19:37:53.348  2121  2121 I sysui_histogram: [factory_reset_current_time,1519155473]
02-20 19:37:53.357  2121  2121 I bootstat: Logging histogram: bootstat_mtime_matches_content 1
02-20 19:37:53.357  2121  2121 I sysui_histogram: [bootstat_mtime_matches_content,1]
02-20 19:37:53.357  2121  2121 I bootstat: Logging histogram: factory_reset_record_value 1519154248
02-20 19:37:53.357  2121  2121 I sysui_histogram: [factory_reset_record_value,1519154248]
02-20 19:37:53.373  2128  2128 I bootstat: Service started: /system/bin/bootstat -l 
02-20 19:37:53.373  2128  2128 I bootstat: Logging histogram: bootstat_mtime_matches_content 1
02-20 19:37:53.373  2128  2128 I sysui_histogram: [bootstat_mtime_matches_content,1]
02-20 19:37:53.373  2128  2128 I bootstat: Logging histogram: bootstat_mtime_matches_content 1
02-20 19:37:53.373  2128  2128 I sysui_histogram: [bootstat_mtime_matches_content,1]
02-20 19:37:53.373  2128  2128 I bootstat: Logging histogram: bootstat_mtime_matches_content 1
02-20 19:37:53.373  2128  2128 I sysui_histogram: [bootstat_mtime_matches_content,1]
02-20 19:37:53.373  2128  2128 I bootstat: Logging histogram: bootstat_mtime_matches_content 1
02-20 19:37:53.373  2128  2128 I sysui_histogram: [bootstat_mtime_matches_content,1]
02-20 19:37:53.392  2128  2128 I bootstat: Logging histogram: bootstat_mtime_matches_content 1
02-20 19:37:53.392  2128  2128 I sysui_histogram: [bootstat_mtime_matches_content,1]
02-20 19:37:53.393  2128  2128 I bootstat: Logging histogram: bootstat_mtime_matches_content 1
02-20 19:37:53.393  2128  2128 I sysui_histogram: [bootstat_mtime_matches_content,1]
02-20 19:37:53.393  2128  2128 I bootstat: Logging histogram: bootstat_mtime_matches_content 1
02-20 19:37:53.393  2128  2128 I sysui_histogram: [bootstat_mtime_matches_content,1]
02-20 19:37:53.393  2128  2128 I bootstat: Logging histogram: bootstat_mtime_matches_content 1
02-20 19:37:53.393  2128  2128 I sysui_histogram: [bootstat_mtime_matches_content,1]
02-20 19:37:53.393  2128  2128 I bootstat: Logging histogram: bootstat_mtime_matches_content 1
02-20 19:37:53.393  2128  2128 I sysui_histogram: [bootstat_mtime_matches_content,1]
02-20 19:37:53.393  2128  2128 I bootstat: Logging histogram: bootstat_mtime_matches_content 1
02-20 19:37:53.393  2128  2128 I sysui_histogram: [bootstat_mtime_matches_content,1]
02-20 19:37:53.393  2128  2128 I bootstat: Logging histogram: bootstat_mtime_matches_content 1
02-20 19:37:53.393  2128  2128 I sysui_histogram: [bootstat_mtime_matches_content,1]
02-20 19:37:53.393  2128  2128 I bootstat: Logging histogram: bootstat_mtime_matches_content 1
02-20 19:37:53.393  2128  2128 I sysui_histogram: [bootstat_mtime_matches_content,1]
