02-20 19:37:47.001  1668  1668 W PackageManager: Unknown permission com.android.launcher.permission.READ_SETTINGS in package com.google.android.apps.nexuslauncher
02-20 19:37:47.001  1668  1668 W PackageManager: Unknown permission android.permission.RUN_INSTRUMENTATION in package org.chromium.webview_shell
02-20 19:37:47.001  1668  1668 W PackageManager: Unknown permission com.google.android.gallery3d.permission.PICASA_STORE in package com.google.android.apps.photos
02-20 19:37:47.001  1668  1668 W PackageManager: Not granting permission android.permission.WRITE_MEDIA_STORAGE to package com.google.android.apps.photos (protectionLevel=18 flags=0x3858be45)
02-20 19:37:47.001  1668  1668 W PackageManager: Unknown permission com.google.android.gm.exchange.BIND in package com.google.android.calendar
02-20 19:37:47.001  1668  1668 W PackageManager: Not granting permission android.permission.CONTROL_KEYGUARD to package com.google.android.gsf.login (protectionLevel=2 flags=0x3048be45)
02-20 19:37:47.001  1668  1668 W PackageManager: Unknown permission com.android.vending.billing.BILLING_ACCOUNT_SERVICE in package com.google.android.gsf.login
02-20 19:37:47.001  1668  1668 W PackageManager: Unknown permission com.android.vending.billing.ADD_CREDIT_CARD in package com.google.android.gsf.login
02-20 19:37:47.001  1668  1668 W PackageManager: Unknown permission com.android.vending.billing.IBillingAccountService.BIND2 in package com.google.android.gsf.login
02-20 19:37:47.001  1668  1668 W PackageManager: Unknown permission com.android.vending.TOS_ACKED in package com.google.android.gsf.login
02-20 19:37:47.001  1668  1668 W PackageManager: Unknown permission com.android.launcher.permission.READ_SETTINGS in package com.android.settings
02-20 19:37:47.001  1668  1668 W PackageManager: Unknown permission com.android.launcher.permission.WRITE_SETTINGS in package com.android.settings
02-20 19:37:47.001  1668  1668 W PackageManager: Not granting permission android.permission.REGISTER_CONNECTION_MANAGER to package com.google.android.talk (protectionLevel=18 flags=0x3059be45)
02-20 19:37:47.001  1668  1668 W PackageManager: Unknown permission com.android.smspush.WAPPUSH_MANAGER_BIND in package com.android.phone
02-20 19:37:47.002  1668  1668 V PackageManager: reconcileAppsData for null u0 0x3
02-20 19:37:47.008  1368  1368 I SELinux : SELinux: Loaded file_contexts contexts from /file_contexts.bin.
02-20 19:37:47.161  1487  1487 E ipv6proxy: Failed to forward Router Advertisement from eth0 to wlan1: Network is unreachable
02-20 19:37:47.267  1494  1494 I hostapd : wlan1: interface state COUNTRY_UPDATE->HT_SCAN
02-20 19:37:47.275     0     0 D ieee80211 phy1: mac80211_hwsim_config (freq=0 idle=1 ps=0 smps=auto)
02-20 19:37:47.275     0     0 D ieee80211 phy1: hwsim hw_scan request
02-20 19:37:47.276     0     0 D ieee80211 phy1: hw scan 2412 MHz
02-20 19:37:47.298  1368  1368 D installd: Detected label change from u:object_r:app_data_file:s0 to u:object_r:app_data_file:s0:c512,c768 at /data/data/com.example.android.contactmanager/code_cache; running recursive restorecon
02-20 19:37:47.299  1368  1368 W installd: Mismatched inode value; found 57941 on disk but marked value was 58785; overwriting: Success
02-20 19:37:47.374  1668  1668 V PackageManager: reconcileAppsData finished 100 packages
02-20 19:37:47.391     0     0 D ieee80211 phy1: hw scan 2417 MHz
02-20 19:37:47.404  1668  1668 I boot_progress_pms_ready: 9404
02-20 19:37:47.405  1668  1668 E PackageManager: There should probably be a verifier, but, none were found
02-20 19:37:47.408  1668  1668 D PackageManager: Ephemeral resolver NOT found; no matching intent filters
02-20 19:37:47.408  1668  1668 I PackageManager: Ephemeral deactivated; missing resolver and installer
02-20 19:37:47.408  1668  1668 I art     : Starting a blocking GC Explicit
02-20 19:37:47.421  1668  1668 I art     : Explicit concurrent mark sweep GC freed 43834(2MB) AllocSpace objects, 4(80KB) LOS objects, 24% free, 12MB/16MB, paused 296us total 12.309ms
02-20 19:37:47.421  1668  1668 I SystemServer: StartOtaDexOptService
02-20 19:37:47.424  1668  1668 I SystemServer: StartUserManagerService
02-20 19:37:47.424  1668  1668 I SystemServiceManager: Starting com.android.server.pm.UserManagerService$LifeCycle
02-20 19:37:47.431  1310  1310 I lowmemorykiller: ActivityManager connected
02-20 19:37:47.432  1668  1668 D SensorService: nuSensorService starting...
02-20 19:37:47.435  1668  1668 W SensorService: Unable to read HMAC key; generating new one.
02-20 19:37:47.435  1668  1668 W SensorService: Unable to write HMAC key; dynamic sensor getId() will change after reboot.
02-20 19:37:47.437  1668  1668 I SystemServiceManager: Starting com.android.server.BatteryService
02-20 19:37:47.437  1668  1716 D SensorService: new thread SensorEventAckReceiver
02-20 19:37:47.438  1668  1717 D SensorService: nuSensorService thread starting...
02-20 19:37:47.445  1668  1691 I battery_status: [2,2,1,1,Li-ion]
02-20 19:37:47.445  1668  1691 I battery_level: [100,0,0]
02-20 19:37:47.446  1668  1668 I SystemServiceManager: Starting com.android.server.usage.UsageStatsService
02-20 19:37:47.442     0     0 W healthd : battery l=100 v=0 t=0.0 h=2 st=2 chg=a
02-20 19:37:47.462  1668  1668 I SystemServiceManager: Starting com.android.server.webkit.WebViewUpdateService
02-20 19:37:47.465  1668  1668 I SystemServer: Reading configuration...
02-20 19:37:47.465  1668  1668 I SystemServer: StartSchedulingPolicyService
02-20 19:37:47.472  1668  1668 I SystemServiceManager: Starting com.android.server.telecom.TelecomLoaderService
02-20 19:37:47.473  1668  1668 I SystemServer: StartTelephonyRegistry
02-20 19:37:47.478  1668  1668 I SystemServer: StartEntropyMixer
02-20 19:37:47.480  1668  1668 I EntropyMixer: Writing entropy...
02-20 19:37:47.487  1668  1668 I SystemServer: Camera Service
02-20 19:37:47.488  1668  1668 I SystemServiceManager: Starting com.android.server.camera.CameraService
02-20 19:37:47.491  1668  1718 I ServiceThread: Enabled StrictMode logging for CameraService_proxy looper.
02-20 19:37:47.491  1668  1668 I SystemServer: StartAccountManagerService
02-20 19:37:47.492  1668  1668 I SystemServiceManager: Starting com.android.server.accounts.AccountManagerService$Lifecycle
02-20 19:37:47.503  1668  1668 I SystemServer: StartContentService
02-20 19:37:47.503  1668  1668 I SystemServiceManager: Starting com.android.server.content.ContentService$Lifecycle
02-20 19:37:47.505  1668  1668 I SystemServer: InstallSystemProviders
02-20 19:37:47.510  1668  1668 W System  : ClassLoader referenced unknown path: /system/priv-app/SettingsProvider/lib/x86_64
02-20 19:37:47.510     0     0 D ieee80211 phy1: hw scan 2422 MHz
02-20 19:37:47.529  1668  1668 I SystemServer: StartVibratorService
02-20 19:37:47.529  1668  1668 E VibratorService: Couldn't load vibrator module (No such file or directory)
02-20 19:37:47.529  1668  1668 W VibratorService: Tried to stop vibrating but there is no vibrator device.
02-20 19:37:47.530  1668  1668 I SystemServer: StartConsumerIrService
02-20 19:37:47.531  1668  1668 E ConsumerIrService: Can't open consumer IR HW Module, error: -2
02-20 19:37:47.532  1668  1668 I SystemServer: StartAlarmManagerService
02-20 19:37:47.532  1668  1668 I SystemServiceManager: Starting com.android.server.AlarmManagerService
02-20 19:37:47.535  1668  1668 W AlarmManagerService: no wall clock RTC found
02-20 19:37:47.535  1668  1668 D AlarmManagerService: Kernel timezone updated to 0 minutes west of GMT
02-20 19:37:47.541  1668  1668 I SystemServer: InitWatchdog
02-20 19:37:47.542  1668  1668 I SystemServer: StartInputManagerService
02-20 19:37:47.544  1668  1668 I InputManager: Initializing input manager, mUseDevInputEventForAudioJack=true
02-20 19:37:47.545  1668  1668 I SystemServer: StartWindowManagerService
02-20 19:37:47.584  1668  1700 I WindowManager: No existing display settings /data/system/display_settings.xml; starting empty
02-20 19:37:47.615  1668  1668 I SystemServer: StartVrManagerService
02-20 19:37:47.615  1668  1668 I SystemServiceManager: Starting com.android.server.vr.VrManagerService
02-20 19:37:47.627  1668  1668 W VrManagerService: init_native: Could not open VR hardware module, error No such file or directory (-2).
02-20 19:37:47.629  1668  1668 I wm_stack_created: 0
02-20 19:37:47.631  1668  1668 I InputManager: Starting input manager
02-20 19:37:47.643  1668  1726 D EventHub: No input device configuration file found for device 'Power Button'.
02-20 19:37:47.630     0     0 D ieee80211 phy1: hw scan 2427 MHz
02-20 19:37:47.650  1668  1726 W EventHub: Unable to disable kernel key repeat for /dev/input/event0: Function not implemented
02-20 19:37:47.650  1668  1726 I EventHub: New device: id=1, fd=91, path='/dev/input/event0', name='Power Button', classes=0x1, configuration='', keyLayout='/system/usr/keylayout/Generic.kl', keyCharacterMap='/system/usr/keychars/Generic.kcm', builtinKeyboard=false, wakeMechanism=EPOLLWAKEUP, usingClockIoctl=true
02-20 19:37:47.653  1668  1726 W EventHub: Unable to disable kernel key repeat for /dev/input/event1: Function not implemented
02-20 19:37:47.653  1668  1726 I EventHub: New device: id=2, fd=93, path='/dev/input/event1', name='qwerty2', classes=0x95, configuration='/system/usr/idc/qwerty2.idc', keyLayout='/system/usr/keylayout/qwerty.kl', keyCharacterMap='/system/usr/keychars/qwerty2.kcm', builtinKeyboard=true, wakeMechanism=EPOLLWAKEUP, usingClockIoctl=true
02-20 19:37:47.653  1668  1726 E EventHub: could not get driver version for /dev/input/mice, Not a typewriter
02-20 19:37:47.661  1668  1668 I SystemServer: No Bluetooth Service (emulator)
02-20 19:37:47.662  1668  1668 I SystemServer: ConnectivityMetricsLoggerService
02-20 19:37:47.663  1668  1668 I SystemServiceManager: Starting com.android.server.connectivity.MetricsLoggerService
02-20 19:37:47.666  1668  1668 I SystemServer: IpConnectivityMetrics
02-20 19:37:47.666  1668  1668 I SystemServiceManager: Starting com.android.server.connectivity.IpConnectivityMetrics
02-20 19:37:47.667  1668  1668 I SystemServer: PinnerService
02-20 19:37:47.667  1668  1668 I SystemServiceManager: Starting com.android.server.PinnerService
02-20 19:37:47.668  1668  1668 I SystemServiceManager: Starting com.android.server.InputMethodManagerService$Lifecycle
02-20 19:37:47.683  1668  1726 I InputReader: Device added: id=-1, name='Virtual', sources=0x00000301
02-20 19:37:47.684  1668  1726 I InputReader:   Touch device 'qwerty2' could not query the properties of its associated display.  The device will be inoperable until the display size becomes available.
02-20 19:37:47.684  1668  1726 I InputReader: Device added: id=0, name='qwerty2', sources=0x80001103
02-20 19:37:47.684  1668  1726 I InputReader: Device added: id=1, name='Power Button', sources=0x00000101
02-20 19:37:47.719  1668  1668 I SystemServer: StartAccessibilityManagerService
02-20 19:37:47.729  1668  1668 I configuration_changed: 7672
02-20 19:37:47.729  1668  1668 I ActivityManager: Config changes=1df8 {1.0 ?mcc?mnc [en_US] ldltr sw360dp w360dp h740dp 640dpi nrml long port ?uimode ?night -touch -keyb/v/h -nav/h s.2}
02-20 19:37:47.736  1668  1700 I configuration_changed: 1032
02-20 19:37:47.737  1668  1700 I ActivityManager: Config changes=408 {1.0 ?mcc?mnc [en_US] ldltr sw360dp w360dp h668dp 640dpi nrml long port ?uimode ?night finger -keyb/v/h -nav/h s.3}
02-20 19:37:47.738  1668  1692 I UsageStatsService: User[0] Rollover scheduled @ 2018-02-21 19:37:47(1519241867731)
02-20 19:37:47.738  1668  1692 E AppIdleHistory: Unable to read app idle file for user 0
02-20 19:37:47.753  1668  1726 I InputReader: Reconfiguring input devices.  changes=0x00000004
02-20 19:37:47.753  1668  1726 I InputReader: Device reconfigured: id=0, name='qwerty2', size 1440x2960, orientation 0, mode 1, display id 0
02-20 19:37:47.756  1668  1668 I SystemServiceManager: Starting com.android.server.MountService$Lifecycle
02-20 19:37:47.751     0     0 D ieee80211 phy1: hw scan 2432 MHz
02-20 19:37:47.776  1668  1668 I SystemServiceManager: Starting com.android.server.UiModeManagerService
02-20 19:37:47.777  1668  1668 I configuration_changed: 512
02-20 19:37:47.778  1668  1668 I ActivityManager: Config changes=200 {1.0 ?mcc?mnc [en_US] ldltr sw360dp w360dp h668dp 640dpi nrml long port finger -keyb/v/h -nav/h s.4}
02-20 19:37:47.783  1668  1729 D MountService: Thinking about init, mSystemReady=false, mDaemonConnected=true
02-20 19:37:47.783  1668  1729 D MountService: Thinking about reset, mSystemReady=false, mDaemonConnected=true
02-20 19:37:47.784  1668  1729 D MountService: Thinking about init, mSystemReady=false, mDaemonConnected=true
02-20 19:37:47.784  1668  1729 D MountService: Thinking about reset, mSystemReady=false, mDaemonConnected=true
02-20 19:37:47.784  1668  1729 D CryptdConnector: SND -> {1 cryptfs getfield SystemLocale}
02-20 19:37:47.803  1668  1731 D CryptdConnector: RCV <- {200 1 -1}
02-20 19:37:47.803  1668  1729 W MountService: No primary storage mounted!
02-20 19:37:47.803  1668  1729 D VoldConnector: SND -> {1 asec list}
02-20 19:37:47.806  1668  1730 D VoldConnector: RCV <- {200 1 asec operation succeeded}
02-20 19:37:47.807  1668  1729 I PackageManager: No secure containers found
02-20 19:37:47.808  1668  1729 W PackageManager: Not granting permission android.permission.MANAGE_DOCUMENTS to package com.google.android.youtube (protectionLevel=2 flags=0x3c59be45)
02-20 19:37:47.808  1668  1729 W PackageManager: Not granting permission android.permission.READ_PHONE_STATE to package io.appium.settings because it was previously installed without
02-20 19:37:47.808  1668  1729 W PackageManager: Not granting permission android.permission.ACCESS_FINE_LOCATION to package io.appium.settings because it was previously installed without
02-20 19:37:47.808  1668  1729 W PackageManager: Not granting permission android.permission.ACCESS_COARSE_LOCATION to package io.appium.settings because it was previously installed without
02-20 19:37:47.808  1668  1729 W PackageManager: Not granting permission android.permission.ACCESS_MOCK_LOCATION to package io.appium.settings (protectionLevel=2 flags=0x3808be46)
02-20 19:37:47.808  1668  1729 W PackageManager: Unknown permission com.google.android.launcher.permission.CONTENT_REDIRECT in package com.google.android.googlequicksearchbox
02-20 19:37:47.808  1668  1729 W PackageManager: Unknown permission com.google.android.voicesearch.SHORTCUTS_ACCESS in package com.google.android.googlequicksearchbox
02-20 19:37:47.808  1668  1729 W PackageManager: Unknown permission com.google.android.voicesearch.ACCESS_SETTINGS in package com.google.android.googlequicksearchbox
02-20 19:37:47.808  1668  1729 W PackageManager: Unknown permission com.android.browser.permission.PRELOAD in package com.google.android.googlequicksearchbox
02-20 19:37:47.808  1668  1729 W PackageManager: Unknown permission com.google.android.ears.permission.WRITE in package com.google.android.googlequicksearchbox
02-20 19:37:47.808  1668  1729 W PackageManager: Unknown permission com.google.android.apps.googlevoice.permission.AUTO_SEND in package com.google.android.googlequicksearchbox
02-20 19:37:47.808  1668  1729 W PackageManager: Unknown permission com.android.chrome.PRERENDER_URL in package com.google.android.googlequicksearchbox
02-20 19:37:47.808  1668  1729 W PackageManager: Not granting permission com.google.android.googleapps.permission.GOOGLE_AUTH to package com.android.providers.calendar (protectionLevel=2 flags=0x30083e45)
02-20 19:37:47.808  1668  1729 W PackageManager: Not granting permission com.google.android.googleapps.permission.GOOGLE_AUTH.cl to package com.android.providers.calendar (protectionLevel=2 flags=0x30083e45)
02-20 19:37:47.808  1668  1729 W PackageManager: Unknown permission com.google.android.email.permission.ACCESS_PROVIDER in package com.google.android.gm
02-20 19:37:47.808  1668  1729 W PackageManager: Unknown permission com.google.android.gm.exchange.BIND in package com.google.android.gm
02-20 19:37:47.808  1668  1729 W PackageManager: Unknown permission com.android.email.partnerprovider.PARTNER_PROVIDER in package com.google.android.gm
02-20 19:37:47.808  1668  1729 W PackageManager: Unknown permission com.android.vending.TOS_ACKED in package com.google.android.setupwizard
02-20 19:37:47.808  1668  1729 W PackageManager: Unknown permission com.android.vending.setup.PLAY_SETUP_SERVICE in package com.google.android.setupwizard
02-20 19:37:47.808  1668  1729 W PackageManager: Unknown permission com.samsung.android.providers.context.permission.WRITE_USE_APP_FEATURE_SURVEY in package com.google.android.music
02-20 19:37:47.808  1668  1729 W PackageManager: Unknown permission com.android.vending.BILLING in package com.google.android.apps.docs
02-20 19:37:47.808  1668  1729 W PackageManager: Unknown permission android.permission.WRITE_SYNC_STATS in package com.google.android.apps.docs
02-20 19:37:47.808  1668  1729 W PackageManager: Not granting permission android.permission.INTERACT_ACROSS_USERS to package com.google.android.syncadapters.contacts (protectionLevel=50 flags=0x38083e45)
02-20 19:37:47.808  1668  1729 W PackageManager: Unknown permission com.google.android.syncadapters.contacts.permission.GAL_SEARCH in package com.google.android.syncadapters.contacts
02-20 19:37:47.808  1668  1729 W PackageManager: Unknown permission com.chrome.permission.DEVICE_EXTRAS in package com.android.chrome
02-20 19:37:47.808  1668  1729 W PackageManager: Unknown permission com.sec.enterprise.knox.MDM_CONTENT_PROVIDER in package com.android.chrome
02-20 19:37:47.808  1668  1729 W PackageManager: Unknown permission com.google.android.permission.INSTALL_WEARABLE_PACKAGES in package com.google.android.packageinstaller
02-20 19:37:47.808  1668  1729 W PackageManager: Unknown permission com.google.android.apps.enterprise.dmagent.permission.AutoSyncPermission in package com.google.android.gms
02-20 19:37:47.808  1668  1729 W PackageManager: Not granting permission android.permission.BIND_NOTIFICATION_LISTENER_SERVICE to package com.google.android.gms (protectionLevel=2 flags=0xb8483e45)
02-20 19:37:47.808  1668  1729 W PackageManager: Unknown permission com.google.android.finsky.permission.INSTANT_APP_STATE in package com.google.android.gms
02-20 19:37:47.808  1668  1729 W PackageManager: Unknown permission com.google.android.finsky.permission.GEARHEAD_SERVICE in package com.google.android.gms
02-20 19:37:47.808  1668  1729 W PackageManager: Unknown permission com.google.android.permission.ACCESSIBILITY_SCAN_SERVICE in package com.google.android.gms
02-20 19:37:47.808  1668  1729 W PackageManager: Unknown permission android.permission.ACTIVITY_EMBEDDING in package com.google.android.gms
02-20 19:37:47.808  1668  1729 W PackageManager: Unknown permission android.permission.PROVIDE_RESOLVER_RANKER_SERVICE in package com.google.android.gms
02-20 19:37:47.808  1668  1729 W PackageManager: Unknown permission com.google.android.wearable.READ_SETTINGS in package com.google.android.gms
02-20 19:37:47.808  1668  1729 W PackageManager: Unknown permission android.permission.MANAGE_SUBSCRIPTION_PLANS in package com.google.android.gms
02-20 19:37:47.808  1668  1729 W PackageManager: Unknown permission com.android.vending.setup.PLAY_SETUP_SERVICE in package com.google.android.gms
02-20 19:37:47.808  1668  1729 W PackageManager: Unknown permission com.google.android.gms.game.notifications.permission.WRITE in package com.google.android.gms
02-20 19:37:47.808  1668  1729 W PackageManager: Unknown permission com.google.android.vending.verifier.ACCESS_VERIFIER in package com.google.android.gms
02-20 19:37:47.808  1668  1729 W PackageManager: Unknown permission com.android.launcher.permission.PRELOAD_WORKSPACE in package com.google.android.partnersetup
02-20 19:37:47.808  1668  1729 W PackageManager: Not granting permission com.google.android.googleapps.permission.GOOGLE_AUTH to package com.google.android.videos (protectionLevel=2 flags=0x385bbe45)
02-20 19:37:47.808  1668  1729 W PackageManager: Unknown permission com.android.launcher.permission.READ_SETTINGS in package com.google.android.apps.nexuslauncher
02-20 19:37:47.808  1668  1729 W PackageManager: Unknown permission android.permission.RUN_INSTRUMENTATION in package org.chromium.webview_shell
02-20 19:37:47.808  1668  1729 W PackageManager: Unknown permission com.google.android.gallery3d.permission.PICASA_STORE in package com.google.android.apps.photos
02-20 19:37:47.809  1668  1729 W PackageManager: Not granting permission android.permission.WRITE_MEDIA_STORAGE to package com.google.android.apps.photos (protectionLevel=18 flags=0x3858be45)
02-20 19:37:47.809  1668  1729 W PackageManager: Unknown permission com.google.android.gm.exchange.BIND in package com.google.android.calendar
02-20 19:37:47.809  1668  1729 W PackageManager: Not granting permission android.permission.CONTROL_KEYGUARD to package com.google.android.gsf.login (protectionLevel=2 flags=0x3048be45)
02-20 19:37:47.809  1668  1729 W PackageManager: Unknown permission com.android.vending.billing.BILLING_ACCOUNT_SERVICE in package com.google.android.gsf.login
02-20 19:37:47.809  1668  1729 W PackageManager: Unknown permission com.android.vending.billing.ADD_CREDIT_CARD in package com.google.android.gsf.login
02-20 19:37:47.809  1668  1729 W PackageManager: Unknown permission com.android.vending.billing.IBillingAccountService.BIND2 in package com.google.android.gsf.login
02-20 19:37:47.809  1668  1729 W PackageManager: Unknown permission com.android.vending.TOS_ACKED in package com.google.android.gsf.login
02-20 19:37:47.809  1668  1729 W PackageManager: Unknown permission com.android.launcher.permission.READ_SETTINGS in package com.android.settings
02-20 19:37:47.809  1668  1729 W PackageManager: Unknown permission com.android.launcher.permission.WRITE_SETTINGS in package com.android.settings
02-20 19:37:47.809  1668  1729 W PackageManager: Not granting permission android.permission.REGISTER_CONNECTION_MANAGER to package com.google.android.talk (protectionLevel=18 flags=0x3059be45)
02-20 19:37:47.809  1668  1729 W PackageManager: Unknown permission com.android.smspush.WAPPUSH_MANAGER_BIND in package com.android.phone
02-20 19:37:47.814  1668  1668 I SystemServer: StartLockSettingsService
02-20 19:37:47.815  1668  1668 I SystemServiceManager: Starting com.android.server.LockSettingsService$Lifecycle
02-20 19:37:47.822  1668  1668 I SystemServiceManager: Starting com.android.server.DeviceIdleController
02-20 19:37:47.859  1668  1668 E DeviceIdleController: Bad device idle settings
02-20 19:37:47.859  1668  1668 E DeviceIdleController: java.lang.IllegalArgumentException: 'null' in 'null' is not a valid key-value pair
02-20 19:37:47.859  1668  1668 E DeviceIdleController: 	at android.util.KeyValueListParser.setString(KeyValueListParser.java:57)
02-20 19:37:47.859  1668  1668 E DeviceIdleController: 	at com.android.server.DeviceIdleController$Constants.updateConstants(DeviceIdleController.java:788)
02-20 19:37:47.859  1668  1668 E DeviceIdleController: 	at com.android.server.DeviceIdleController$Constants.<init>(DeviceIdleController.java:777)
02-20 19:37:47.859  1668  1668 E DeviceIdleController: 	at com.android.server.DeviceIdleController.onStart(DeviceIdleController.java:1328)
02-20 19:37:47.859  1668  1668 E DeviceIdleController: 	at com.android.server.SystemServiceManager.startService(SystemServiceManager.java:112)
02-20 19:37:47.859  1668  1668 E DeviceIdleController: 	at com.android.server.SystemServer.startOtherServices(SystemServer.java:752)
02-20 19:37:47.859  1668  1668 E DeviceIdleController: 	at com.android.server.SystemServer.run(SystemServer.java:334)
02-20 19:37:47.859  1668  1668 E DeviceIdleController: 	at com.android.server.SystemServer.main(SystemServer.java:219)
02-20 19:37:47.859  1668  1668 E DeviceIdleController: 	at java.lang.reflect.Method.invoke(Native Method)
02-20 19:37:47.859  1668  1668 E DeviceIdleController: 	at com.android.internal.os.ZygoteInit$MethodAndArgsCaller.run(ZygoteInit.java:886)
02-20 19:37:47.859  1668  1668 E DeviceIdleController: 	at com.android.internal.os.ZygoteInit.main(ZygoteInit.java:776)
02-20 19:37:47.861  1668  1729 W MountService: No primary storage defined yet; hacking together a stub
02-20 19:37:47.861  1668  1729 W MountService: No primary storage defined yet; hacking together a stub
02-20 19:37:47.862  1668  1729 W MountService: No primary storage mounted!
02-20 19:37:47.862  1668  1729 D VoldConnector: SND -> {2 asec list}
02-20 19:37:47.863  1668  1730 D VoldConnector: RCV <- {200 2 asec operation succeeded}
02-20 19:37:47.876  1668  1668 I SystemServiceManager: Starting com.android.server.devicepolicy.DevicePolicyManagerService$Lifecycle
02-20 19:37:47.874     0     0 D ieee80211 phy1: hw scan 2437 MHz
02-20 19:37:47.882  1668  1668 I SystemServer: StartStatusBarManagerService
02-20 19:37:47.893  1668  1668 I SystemServer: StartClipboardService
02-20 19:37:47.895  1668  1668 I SystemServer: StartNetworkManagementService
02-20 19:37:47.898  1668  1733 I NetworkManagement: onDaemonConnected()
02-20 19:37:47.905  1668  1668 I SystemServiceManager: Starting com.android.server.TextServicesManagerService$Lifecycle
02-20 19:37:47.908  1668  1668 I SystemServer: StartNetworkScoreService
02-20 19:37:47.910  1668  1668 I SystemServer: StartNetworkStatsService
02-20 19:37:47.921  1668  1668 I SystemServer: StartNetworkPolicyManagerService
02-20 19:37:47.926  1668  1668 I SystemServer: No Wi-Fi NAN Service (NAN support Not Present)
02-20 19:37:47.943  1668  1668 I SystemServiceManager: Starting com.android.server.wifi.p2p.WifiP2pService
02-20 19:37:47.972  1668  1668 I WifiP2pService: Registering wifip2p
02-20 19:37:47.973  1668  1668 I SystemServiceManager: Starting com.android.server.wifi.WifiService
02-20 19:37:48.000     0     0 D ieee80211 phy1: hw scan 2442 MHz
02-20 19:37:48.024  1668  1668 D HS20    : Passpoint is disabled
02-20 19:37:48.056  1374  1685 D CommandListener: Clearing all IP addresses on wlan0
02-20 19:37:48.121     0     0 D ieee80211 phy1: hw scan 2447 MHz
02-20 19:37:48.240     0     0 D ieee80211 phy1: hw scan 2452 MHz
02-20 19:37:48.256  1668  1668 W art     : Long monitor contention with owner WifiStateMachine (1738) at boolean com.android.server.wifi.WifiNative.unloadDriverNative()(WifiNative.java:-2) waiters=0 in java.lang.String com.android.server.wifi.WifiNative.doStringCommand(java.lang.String) for 196ms
02-20 19:37:48.256  1668  1668 I dvm_lock_sample: [system_server,0,main,196,WifiNative.java,295,-,-2,39]
02-20 19:37:48.256  1668  1738 D WifiApConfigStore: 2G band allowed channels are:1,6,11
02-20 19:37:48.256  1668  1668 E WifiLogger: no ring buffers found
02-20 19:37:48.257  1668  1668 E WifiLogger: Failed to start packet fate monitoring
02-20 19:37:48.259  1668  1668 D WifiController: isAirplaneModeOn = false, isWifiEnabled = true, isScanningAvailable = false
02-20 19:37:48.261  1668  1668 I WifiService: Registering wifi
02-20 19:37:48.263  1668  1668 I SystemServiceManager: Starting com.android.server.wifi.scanner.WifiScanningService
02-20 19:37:48.264  1668  1668 I WifiScanningService: Creating wifiscanner
02-20 19:37:48.266  1668  1668 I WifiScanningService: Publishing wifiscanner
02-20 19:37:48.266  1668  1668 I SystemServiceManager: Starting com.android.server.wifi.RttService
02-20 19:37:48.267  1668  1668 I RttService: Creating rttmanager
02-20 19:37:48.268  1668  1668 I RttService: Starting rttmanager
02-20 19:37:48.269  1668  1668 I SystemServer: StartConnectivityService
02-20 19:37:48.274  1668  1668 D ConnectivityService: ConnectivityService starting up
02-20 19:37:48.276  1668  1668 D ConnectivityService: wifiOnly=false
02-20 19:37:48.289  1668  1668 I SystemServer: StartNsdService
02-20 19:37:48.294  1668  1668 I SystemServer: StartUpdateLockService
02-20 19:37:48.295  1668  1668 I SystemServiceManager: Starting com.android.server.RecoverySystemService
02-20 19:37:48.298  1668  1668 I SystemServiceManager: Starting com.android.server.notification.NotificationManagerService
02-20 19:37:48.315  1668  1668 D ConditionProviders.SCP: new ScheduleConditionProvider()
02-20 19:37:48.319  1668  1668 D ZenLog  : config: readXml,ZenModeConfig[user=0,allowCalls=true,allowRepeatCallers=false,allowMessages=false,allowCallsFrom=contacts,allowMessagesFrom=contacts,allowReminders=true,allowEvents=true,allowWhenScreenOff=true,allowWhenScreenOn=true,automaticRules={9f9ced8d68674a989f37868f95d93ac7=ZenRule[enabled=false,snoozing=false,name=Weekend,zenMode=ZEN_MODE_ALARMS,conditionId=condition://android/schedule?days=6.7&start=23.30&end=10.0&exitAtAlarm=false,condition=Condition[id=condition://android/schedule?days=6.7&start=23.30&end=10.0&exitAtAlarm=false,summary=...,line1=...,line2=...,icon=0,state=STATE_FALSE,flags=2],component=ComponentInfo{android/com.android.server.notification.ScheduleConditionProvider},id=9f9ced8d68674a989f37868f95d93ac7,creationTime=1519154245406,enabler=null], 98612bb55a4646f5ba486d308ab94423=ZenRule[enabled=false,snoozing=false,name=Event,zenMode=ZEN_MODE_ALARMS,conditionId=condition://android/event?userId=-10000&calendar=&reply=1,condition=Condition[id=condition://android/event?userId=-10000&calendar=&reply=1,summary=...,line1=...,line2=...,icon=0,state=STATE_FALSE,flags=2],component=ComponentInfo{android/com.android.server.notification.EventConditionProvider},id=98612bb55a4646f5ba486d308ab94423,creationTime=1519154245406,enabler=null], 6f641ae47b9a4c289d295be5997fac22=ZenRule[enabled=false,snoozing=false,name=Weeknight,zenMode=ZEN_MODE_ALARMS,conditionId=condition://android/schedule?days=1.2.3.4.5&start=22.0&end=7.0&exitAtAlarm=false,condition=Condition[id=condition://android/schedule?days=1.2.3.4.5&start=22.0&end=7.0&exitAtAlarm=false,summary=...,line1=...,line2=...,icon=0,state=STATE_FALSE,flags=2],component=ComponentInfo{android/com.android.server.notification.ScheduleConditionProvider},id=6f641ae47b9a4c289d295be5997fac22,creationTime=1519154245406,enabler=null]},manualRule=null],Diff[automaticRule[0fa60b80b31647a39094a90e50491e0b]:delete,automaticRule[9f9ced8d68674a989f37868f95d93ac7]:insert,automaticRule[98612bb55a4646f5ba486d308ab94423]:insert,automaticRule[79c71a78240348db89e869a9c3639ed4]:delete,automaticRule[b2b8d5cd16234c278eff4268f1a6ee31]:delete,automaticRule[6f641ae47b9a4c289d295be5997fac22]:insert]
02-20 19:37:48.324  1668  1668 D ZenLog  : set_zen_mode: off,init
02-20 19:37:48.326  1668  1668 I SystemServiceManager: Starting com.android.server.storage.DeviceStorageMonitorService
02-20 19:37:48.327  1668  1668 I free_storage_left: [847740928,168488960,847740928]
02-20 19:37:48.327  1668  1668 I free_storage_changed: 847740928
02-20 19:37:48.327  1668  1668 I SystemServer: StartLocationManagerService
02-20 19:37:48.331  1668  1668 I SystemServer: StartCountryDetectorService
02-20 19:37:48.332  1668  1668 I SystemServer: StartSearchManagerService
02-20 19:37:48.332  1668  1668 I SystemServiceManager: Starting com.android.server.search.SearchManagerService$Lifecycle
02-20 19:37:48.336  1668  1668 I SystemServiceManager: Starting com.android.server.DropBoxManagerService
02-20 19:37:48.338  1668  1668 I SystemServer: StartWallpaperManagerService
02-20 19:37:48.338  1668  1668 I SystemServiceManager: Starting com.android.server.wallpaper.WallpaperManagerService$Lifecycle
02-20 19:37:48.340  1668  1668 E BitmapFactory: Unable to decode stream: java.io.FileNotFoundException: /data/system/users/0/wallpaper_orig (No such file or directory)
02-20 19:37:48.340  1668  1668 E WallpaperManagerService: Invalid wallpaper data
02-20 19:37:48.340  1668  1668 E WallpaperManagerService: Unable to apply new wallpaper
02-20 19:37:48.341  1668  1668 I SystemServer: StartAudioService
02-20 19:37:48.341  1668  1668 I SystemServiceManager: Starting com.android.server.audio.AudioService$Lifecycle
02-20 19:37:48.347  1365  1422 D PermissionCache: checking android.permission.MODIFY_AUDIO_SETTINGS for uid=1000 => granted (431 us)
02-20 19:37:48.349  1668  1668 W TelecomManager: Telecom Service not found.
02-20 19:37:48.353  1365  1418 W AudioFlinger: no wake lock to update, system not ready yet
02-20 19:37:48.361  1668  1668 I SystemServiceManager: Starting com.android.server.DockObserver
02-20 19:37:48.361  1668  1668 W DockObserver: This kernel does not have dock station support
02-20 19:37:48.362  1668  1668 I SystemServer: StartWiredAccessoryManager
02-20 19:37:48.363  1668  1668 W WiredAccessoryManager: This kernel does not have usb audio support
02-20 19:37:48.363  1668  1668 W WiredAccessoryManager: This kernel does not have HDMI audio support
02-20 19:37:48.363  1668  1668 I SystemServiceManager: Starting com.android.server.midi.MidiService$Lifecycle
02-20 19:37:48.362     0     0 D ieee80211 phy1: hw scan 2457 MHz
02-20 19:37:48.373  1668  1668 I SystemServiceManager: Starting com.android.server.usb.UsbService$Lifecycle
02-20 19:37:48.378  1668  1668 I SystemServer: StartSerialService
02-20 19:37:48.379  1668  1668 E HardwarePropertiesManagerService-JNI: Couldn't load thermal module (No such file or directory)
02-20 19:37:48.379  1668  1668 I SystemServiceManager: Starting com.android.server.twilight.TwilightService
02-20 19:37:48.380  1668  1668 I SystemServiceManager: Starting com.android.server.job.JobSchedulerService
02-20 19:37:48.382  1668  1668 D JobStore: Start tag: job-info
02-20 19:37:48.388  1668  1668 I SystemServiceManager: Starting com.android.server.soundtrigger.SoundTriggerService
02-20 19:37:48.391  1668  1668 I SystemServiceManager: Starting com.android.server.backup.BackupManagerService$Lifecycle
02-20 19:37:48.393  1668  1668 I SystemServiceManager: Starting com.android.server.appwidget.AppWidgetService
02-20 19:37:48.399  1668  1668 I SystemServiceManager: Starting com.android.server.voiceinteraction.VoiceInteractionManagerService
02-20 19:37:48.408  1668  1668 I SystemServer: Gesture Launcher Service
02-20 19:37:48.409  1668  1668 I SystemServiceManager: Starting com.android.server.GestureLauncherService
02-20 19:37:48.409  1668  1668 I SystemServiceManager: Starting com.android.server.SensorNotificationService
02-20 19:37:48.409  1668  1668 I SystemServiceManager: Starting com.android.server.ContextHubSystemService
02-20 19:37:48.411  1668  1668 E ContextHubService: ** Could not load context_hub module : err No such file or directory
02-20 19:37:48.411  1668  1668 W ContextHubService: No Context Hub Module present
02-20 19:37:48.411  1668  1668 I SystemServer: StartDiskStatsService
02-20 19:37:48.411  1668  1668 I SystemServer: StartSamplingProfilerService
02-20 19:37:48.416  1668  1668 I SystemServer: StartNetworkTimeUpdateService
02-20 19:37:48.418  1668  1668 I SystemServer: StartCommonTimeManagementService
02-20 19:37:48.419  1668  1668 I SystemServer: CertBlacklister
02-20 19:37:48.420  1668  1668 I SystemServiceManager: Starting com.android.server.emergency.EmergencyAffordanceService
02-20 19:37:48.421  1668  1668 I SystemServiceManager: Starting com.android.server.dreams.DreamManagerService
02-20 19:37:48.422  1668  1668 I SystemServer: StartAssetAtlasService
02-20 19:37:48.424  1668  1668 I SystemServiceManager: Starting com.android.server.print.PrintManagerService
02-20 19:37:48.428  1668  1668 I SystemServiceManager: Starting com.android.server.restrictions.RestrictionsManagerService
02-20 19:37:48.428  1668  1752 D AssetAtlas: Loaded configuration: SliceMinArea (1280x1536) flags=0x2 count=91
02-20 19:37:48.429  1312  1356 D         : HostConnection::get() New Host Connection established 0x789b98ee81e0, tid 1356
02-20 19:37:48.429  1668  1668 I SystemServiceManager: Starting com.android.server.media.MediaSessionService
02-20 19:37:48.433  1668  1668 I SystemServer: StartMediaRouterService
02-20 19:37:48.435  1668  1668 I SystemServiceManager: Starting com.android.server.trust.TrustManagerService
02-20 19:37:48.438  1668  1668 I SystemServiceManager: Starting com.android.server.fingerprint.FingerprintService
02-20 19:37:48.441  1377  1377 D PermissionCache: checking android.permission.MANAGE_FINGERPRINT for uid=1000 => granted (923 us)
02-20 19:37:48.442  1377  1377 V fingerprintd: nativeOpenHal()
02-20 19:37:48.443  1377  1377 D FingerprintHal: ----------------> fingerprint_open ----------------->
02-20 19:37:48.444  1377  1377 E fingerprintd: Wrong fp version. Expected 512, got 513
02-20 19:37:48.444  1377  1377 D FingerprintHal: ----------------> set_notify_callback ----------------->
02-20 19:37:48.444  1377  1377 D FingerprintHal: fingerprint callback notification set
02-20 19:37:48.444  1377  1377 V fingerprintd: fingerprint HAL successfully initialized
02-20 19:37:48.444  1377  1753 D FingerprintHal: ----------------> listenerFunction ----------------->
02-20 19:37:48.445  1668  1752 D         : HostConnection::get() New Host Connection established 0x7c420a412540, tid 1752
02-20 19:37:48.446  1377  1377 V fingerprintd: setActiveGroup(0, /data/system/users/0/fpdata, 27)
02-20 19:37:48.446  1377  1377 D FingerprintHal: ----------------> fingerprint_set_active_group -----------------> path /data/system/users/0/fpdata
02-20 19:37:48.446  1377  1377 D FingerprintHal: ----------------> loadFingerprints ----------------->
02-20 19:37:48.446  1377  1377 E FingerprintHal: Could not load fingerprints from storage at /data/system/users/0/fpdata/emufp.bin; it has not yet been created.
02-20 19:37:48.446  1377  1377 D FingerprintHal: ----------------> loadAuthenticatorId ----------------->
02-20 19:37:48.447  1377  1377 D FingerprintHal: Read authenticator id (0x6b8b4567327b23c6)
02-20 19:37:48.447  1377  1377 D FingerprintHal: ----------------> fingerprint_get_auth_id ----------------->
02-20 19:37:48.447  1377  1377 D FingerprintHal: ----------------> fingerprint_get_auth_id auth id 6b8b4567327b23c6----------------->
02-20 19:37:48.448  1668  1668 V FingerprintService: Fingerprint HAL id: 131970017574912
02-20 19:37:48.448  1668  1668 I SystemServer: StartBackgroundDexOptService
02-20 19:37:48.449  1668  1668 I SystemServiceManager: Starting com.android.server.pm.ShortcutService$Lifecycle
02-20 19:37:48.452  1668  1668 I SystemServiceManager: Starting com.android.server.pm.LauncherAppsService
02-20 19:37:48.453  1668  1668 I SystemServiceManager: Starting com.android.server.media.projection.MediaProjectionManagerService
02-20 19:37:48.455  1668  1668 V MediaRouter: Adding route: RouteInfo{ name=Phone, description=null, status=null, category=RouteCategory{ name=null types=ROUTE_TYPE_LIVE_AUDIO ROUTE_TYPE_LIVE_VIDEO  groupable=false }, supportedTypes=ROUTE_TYPE_LIVE_AUDIO ROUTE_TYPE_LIVE_VIDEO , presentationDisplay=null }
02-20 19:37:48.462  1668  1668 V MediaRouter: Updating audio routes: AudioRoutesInfo{ type=SPEAKER }
02-20 19:37:48.463  1668  1668 V MediaRouter: Selecting route: RouteInfo{ name=Phone, description=null, status=null, category=RouteCategory{ name=null types=ROUTE_TYPE_LIVE_AUDIO ROUTE_TYPE_LIVE_VIDEO  groupable=false }, supportedTypes=ROUTE_TYPE_LIVE_AUDIO ROUTE_TYPE_LIVE_VIDEO , presentationDisplay=null }
02-20 19:37:48.465  1668  1668 I WindowManager: SAFE MODE not enabled
02-20 19:37:48.465  1668  1668 I SystemServiceManager: Starting com.android.server.MmsServiceBroker
02-20 19:37:48.482     0     0 D ieee80211 phy1: hw scan 2462 MHz
02-20 19:37:48.484  1668  1668 W VibratorService: Tried to stop vibrating but there is no vibrator device.
02-20 19:37:48.606  1668  1668 E LockSettingsStorage: Cannot read file java.io.FileNotFoundException: /data/system/gatekeeper.password.key: open failed: ENOENT (No such file or directory)
02-20 19:37:48.607  1668  1668 E LockSettingsStorage: Cannot read file java.io.FileNotFoundException: /data/system/password.key: open failed: ENOENT (No such file or directory)
02-20 19:37:48.607  1668  1668 E LockSettingsStorage: Cannot read file java.io.FileNotFoundException: /data/system/gatekeeper.pattern.key: open failed: ENOENT (No such file or directory)
02-20 19:37:48.607  1668  1668 E LockSettingsStorage: Cannot read file java.io.FileNotFoundException: /data/system/gatekeeper.gesture.key: open failed: ENOENT (No such file or directory)
02-20 19:37:48.607  1668  1668 E LockSettingsStorage: Cannot read file java.io.FileNotFoundException: /data/system/gesture.key: open failed: ENOENT (No such file or directory)
02-20 19:37:48.607  1668  1668 I SystemServiceManager: Starting phase 480
02-20 19:37:48.600     0     0 D ieee80211 phy1: hw scan complete
02-20 19:37:48.600     0     0 D ieee80211 phy1: mac80211_hwsim_get_survey (idx=0)
02-20 19:37:48.632  1668  1668 I DevicePolicyManagerService: Set ro.device_owner property to false
02-20 19:37:48.643  1668  1668 I SystemServiceManager: Starting phase 500
02-20 19:37:48.655     0     0 D ieee80211 phy1: mac80211_hwsim_config (freq=0 idle=0 ps=0 smps=auto)
02-20 19:37:48.655     0     0 D ieee80211 phy1: add channel context control: 2447 MHz/width: 2/cfreqs:2437/0 MHz
02-20 19:37:48.655     0     0 D ieee80211 phy1: mac80211_hwsim_bss_info_changed(changed=0x40000)
02-20 19:37:48.655     0     0 D ieee80211 phy1: TX Power: 20 dBm
02-20 19:37:48.655     0     0 D ieee80211 phy1: mac80211_hwsim_bss_info_changed(changed=0x4000)
02-20 19:37:48.655     0     0 D ieee80211 phy1: change channel context control: 2447 MHz/width: 2/cfreqs:2437/0 MHz
02-20 19:37:48.655     0     0 D ieee80211 phy1: mac80211_hwsim_bss_info_changed(changed=0x88340)
02-20 19:37:48.655     0     0 D ieee80211 phy1: BCNINT: 100
02-20 19:37:48.655     0     0 D ieee80211 phy1: BCN EN: 1
02-20 19:37:48.655     0     0 I IPv6    : ADDRCONF(NETDEV_CHANGE): wlan1: link becomes ready
02-20 19:37:48.660     0     0 D ieee80211 phy1: mac80211_hwsim_configure_filter
02-20 19:37:48.661     0     0 D ieee80211 phy1: mac80211_hwsim_bss_info_changed(changed=0x3e)
02-20 19:37:48.661     0     0 D ieee80211 phy1: ERP_CTS_PROT: 0
02-20 19:37:48.661     0     0 D ieee80211 phy1: ERP_PREAMBLE: 0
02-20 19:37:48.661     0     0 D ieee80211 phy1: ERP_SLOT: 1
02-20 19:37:48.661     0     0 D ieee80211 phy1: HT: op_mode=0x0
02-20 19:37:48.661     0     0 D ieee80211 phy1: BASIC_RATES: 0xf
02-20 19:37:48.661     0     0 D ieee80211 phy1: mac80211_hwsim_conf_tx (queue=0 txop=47 cw_min=3 cw_max=7 aifs=1)
02-20 19:37:48.661     0     0 D ieee80211 phy1: mac80211_hwsim_bss_info_changed(changed=0x2000)
02-20 19:37:48.661     0     0 D ieee80211 phy1: mac80211_hwsim_conf_tx (queue=1 txop=94 cw_min=7 cw_max=15 aifs=1)
02-20 19:37:48.661     0     0 D ieee80211 phy1: mac80211_hwsim_bss_info_changed(changed=0x2000)
02-20 19:37:48.661     0     0 D ieee80211 phy1: mac80211_hwsim_conf_tx (queue=2 txop=0 cw_min=15 cw_max=63 aifs=3)
02-20 19:37:48.661     0     0 D ieee80211 phy1: mac80211_hwsim_bss_info_changed(changed=0x2000)
02-20 19:37:48.661     0     0 D ieee80211 phy1: mac80211_hwsim_conf_tx (queue=3 txop=0 cw_min=15 cw_max=1023 aifs=7)
02-20 19:37:48.661     0     0 D ieee80211 phy1: mac80211_hwsim_bss_info_changed(changed=0x2000)
02-20 19:37:48.649  1668  1668 D ConnectivityMetricsLoggerService: onBootPhase: PHASE_SYSTEM_SERVICES_READY
02-20 19:37:48.655  1494  1494 E hostapd : Using interface wlan1 with hwaddr 02:00:00:00:01:00 and ssid "AndroidWifi"
02-20 19:37:48.661  1494  1494 I hostapd : wlan1: interface state HT_SCAN->ENABLED
02-20 19:37:48.661  1494  1494 I hostapd : wlan1: AP-ENABLED 
02-20 19:37:48.693  1668  1668 I WifiService: WifiService starting up with Wi-Fi enabled
02-20 19:37:48.695  1668  1668 D WifiService: setWifiEnabled: true pid=1668, uid=1000
02-20 19:37:48.697  1668  1668 I WifiScanningService: Starting wifiscanner
02-20 19:37:48.698  1668  1737 D WifiController: WifiController msg { when=-1ms what=155656 target=com.android.internal.util.StateMachine$SmHandler } deferred for 498ms
02-20 19:37:48.705  1668  1668 I RttService: Registering rttmanager
02-20 19:37:48.708  1668  1668 D ZenLog  : config: cleanUpZenRules,ZenModeConfig[user=0,allowCalls=true,allowRepeatCallers=false,allowMessages=false,allowCallsFrom=contacts,allowMessagesFrom=contacts,allowReminders=true,allowEvents=true,allowWhenScreenOff=true,allowWhenScreenOn=true,automaticRules={9f9ced8d68674a989f37868f95d93ac7=ZenRule[enabled=false,snoozing=false,name=Weekend,zenMode=ZEN_MODE_ALARMS,conditionId=condition://android/schedule?days=6.7&start=23.30&end=10.0&exitAtAlarm=false,condition=Condition[id=condition://android/schedule?days=6.7&start=23.30&end=10.0&exitAtAlarm=false,summary=...,line1=...,line2=...,icon=0,state=STATE_FALSE,flags=2],component=ComponentInfo{android/com.android.server.notification.ScheduleConditionProvider},id=9f9ced8d68674a989f37868f95d93ac7,creationTime=1519154245406,enabler=null], 98612bb55a4646f5ba486d308ab94423=ZenRule[enabled=false,snoozing=false,name=Event,zenMode=ZEN_MODE_ALARMS,conditionId=condition://android/event?userId=-10000&calendar=&reply=1,condition=Condition[id=condition://android/event?userId=-10000&calendar=&reply=1,summary=...,line1=...,line2=...,icon=0,state=STATE_FALSE,flags=2],component=ComponentInfo{android/com.android.server.notification.EventConditionProvider},id=98612bb55a4646f5ba486d308ab94423,creationTime=1519154245406,enabler=null], 6f641ae47b9a4c289d295be5997fac22=ZenRule[enabled=false,snoozing=false,name=Weeknight,zenMode=ZEN_MODE_ALARMS,conditionId=condition://android/schedule?days=1.2.3.4.5&start=22.0&end=7.0&exitAtAlarm=false,condition=Condition[id=condition://android/schedule?days=1.2.3.4.5&start=22.0&end=7.0&exitAtAlarm=false,summary=...,line1=...,line2=...,icon=0,state=STATE_FALSE,flags=2],component=ComponentInfo{android/com.android.server.notification.ScheduleConditionProvider},id=6f641ae47b9a4c289d295be5997fac22,creationTime=1519154245406,enabler=null]},manualRule=null],Diff[]
02-20 19:37:48.708  1668  1668 D ZenLog  : set_zen_mode: off,onSystemReady
02-20 19:37:48.709  1365  1422 D PermissionCache: checking android.permission.CAPTURE_AUDIO_HOTWORD for uid=1000 => granted (201 us)
02-20 19:37:48.710  1668  1668 W SoundTriggerHelper: listModules status=0, # of modules=0
02-20 19:37:48.710  1668  1668 D ContextHubSystemService: onBootPhase: PHASE_SYSTEM_SERVICES_READY
02-20 19:37:48.721  1668  1752 D EGL_emulation: eglCreateContext: 0x7c420a464d20: maj 3 min 0 rcv 3
02-20 19:37:48.736  1668  1752 D EGL_emulation: eglMakeCurrent: 0x7c420a464d20: ver 3 0 (tinfo 0x7c420a56e280)
02-20 19:37:48.809  1668  1752 D AssetAtlas: Rendered atlas in 338.75ms (229.18+109.57ms)
02-20 19:37:48.825  1668  1668 V UserManagerService: Found /data/user_de/0 with serial number 0
02-20 19:37:48.825  1668  1668 V UserManagerService: Found /data/user/0 with serial number 0
02-20 19:37:48.826  1668  1668 V UserManagerService: Found /data/system_de/0 with serial number 0
02-20 19:37:48.826  1668  1668 V UserManagerService: Found /data/system_ce/0 with serial number 0
02-20 19:37:48.829  1668  1668 I ActivityManager: System now ready
02-20 19:37:48.829  1668  1668 I boot_progress_ams_ready: 10829
02-20 19:37:48.831  1668  1702 W KeyguardServiceDelegate: onScreenTurningOn(): no keyguard service!
02-20 19:37:48.832  1668  1668 I SystemServer: Making services ready
02-20 19:37:48.832  1668  1668 I SystemServiceManager: Starting phase 550
02-20 19:37:48.839  1312  1356 D gralloc_ranchu: gralloc_alloc: Creating ashmem region of size 17051648
02-20 19:37:48.856  1668  1668 E InputMethodManagerService: Ignoring updateSystemUiLocked due to an invalid token. uid:1000 token:null
02-20 19:37:48.886  1668  1668 I Zygote  : Process: zygote socket opened, supported ABIS: x86_64
02-20 19:37:48.887  1363  1672 I art     : Starting a blocking GC HeapTrim
02-20 19:37:48.891  1668  1668 I am_proc_start: [0,1760,10053,com.android.inputmethod.latin,service,com.android.inputmethod.latin/.LatinIME]
02-20 19:37:48.891  1668  1668 I ActivityManager: Start proc 1760:com.android.inputmethod.latin/u0a53 for service com.android.inputmethod.latin/.LatinIME
02-20 19:37:48.891  1668  1668 V InputMethodManagerService: Adding window token: android.os.Binder@461e519
02-20 19:37:48.892  1668  1729 D MountService: Thinking about init, mSystemReady=true, mDaemonConnected=true
02-20 19:37:48.892  1668  1729 D MountService: Setting up emulation state, initlocked=false
02-20 19:37:48.892  1668  1729 D CryptdConnector: SND -> {2 cryptfs unlock_user_key 0 0 ! !}
02-20 19:37:48.892  1267  1304 D vold    : e4crypt_unlock_user_key 0 serial=0 token_present=0
02-20 19:37:48.892  1668  1731 D CryptdConnector: RCV <- {200 2 Command succeeded}
02-20 19:37:48.892  1668  1729 D MountService: Thinking about reset, mSystemReady=true, mDaemonConnected=true
02-20 19:37:48.893  1668  1729 D VoldConnector: SND -> {3 volume reset}
02-20 19:37:48.893  1668  1668 E BitmapFactory: Unable to decode stream: java.io.FileNotFoundException: /data/system/users/0/wallpaper_orig (No such file or directory)
02-20 19:37:48.893  1668  1668 E WallpaperManagerService: Invalid wallpaper data
02-20 19:37:48.893  1668  1668 E WallpaperManagerService: Unable to apply new wallpaper
02-20 19:37:48.893  1668  1693 I ActivityManager: Force stopping com.android.providers.media appid=10011 user=-1: vold reset
02-20 19:37:48.893  1267  1302 D vold    : Recognized experimental block major ID 253 as virtio-blk (emulator's virtual SD card device)
02-20 19:37:48.893  1267  1302 V vold    : /system/bin/sgdisk
02-20 19:37:48.893  1267  1302 V vold    :     --android-dump
02-20 19:37:48.893  1267  1302 V vold    :     /dev/block/vold/disk:253,64
02-20 19:37:48.895  1668  1730 D VoldConnector: RCV <- {651 emulated 7}
02-20 19:37:48.895  1668  1730 D VoldConnector: RCV <- {659 emulated}
02-20 19:37:48.895  1668  1730 D VoldConnector: RCV <- {650 emulated 2 "" ""}
02-20 19:37:48.895  1668  1730 D VoldConnector: RCV <- {651 emulated 0}
02-20 19:37:48.895  1668  1730 D VoldConnector: RCV <- {651 public:253,64 7}
02-20 19:37:48.895  1668  1730 D VoldConnector: RCV <- {659 public:253,64}
