02-20 19:37:50.953  1916  1916 D IccCardProxy: updateQuietMode: QuietMode is false (app_type=1 cdmaSource=-1)
02-20 19:37:50.955  1370  1968 I OMXMaster: makeComponentInstance(OMX.google.vorbis.decoder) in mediacodec process
02-20 19:37:50.958  1932  1975 D EGL_emulation: eglMakeCurrent: 0x7c4207b79480: ver 3 0 (tinfo 0x7c42121edaa0)
02-20 19:37:50.963  1916  1916 W CarrierConfigManager: Error getting config for subId -1 ICarrierConfigLoader is null
02-20 19:37:50.964  1668  1690 D TelephonyRegistry: listen oscl: hasNotifySubscriptionInfoChangedOccurred==false no callback
02-20 19:37:51.020  1668  1668 D GpsNetInitiatedHandler: location enabled :true
02-20 19:37:51.020  1668  1668 V WiredAccessoryManager: notifyWiredAccessoryChanged: when=0 bits= mask=54
02-20 19:37:51.020  1668  1668 V WiredAccessoryManager: newName=h2w newState=0 headsetState=0 prev headsetState=0
02-20 19:37:51.020  1668  1668 E WiredAccessoryManager: No state change.
02-20 19:37:51.020  1668  1668 V WiredAccessoryManager: init()
02-20 19:37:51.037  1668  1700 I am_activity_launch_time: [0,130081603,com.android.settings/.FallbackHome,833,833]
02-20 19:37:51.037  1668  1700 I ActivityManager: Displayed com.android.settings/.FallbackHome: +833ms
02-20 19:37:51.040  1668  1693 I boot_progress_enable_screen: 13040
02-20 19:37:51.041  1668  1693 V KeyguardServiceDelegate: *** Keyguard started
02-20 19:37:51.041  1668  1693 I screen_toggled: 1
02-20 19:37:51.042  1668  1693 W KeyguardServiceDelegate: onScreenTurningOn(): no keyguard service!
02-20 19:37:51.045  1916  1916 D TelephonyManager: setTelephonyProperty: success phoneId=0 property=gsm.network.type value: Unknown propVal=Unknown
02-20 19:37:51.045  1916  1916 D RILJ    : [3654]> SIGNAL_STRENGTH [SUB0]
02-20 19:37:51.046  1916  1916 D SST     : notifyDataRegStateRilRadioTechnologyChanged: drs=1 rat=0
02-20 19:37:51.046  1916  1916 D TelephonyManager: setTelephonyProperty: success phoneId=0 property=gsm.network.type value: Unknown propVal=Unknown
02-20 19:37:51.046  1375  1481 D RIL     : onRequest: SIGNAL_STRENGTH
02-20 19:37:51.046  1916  1998 D RilRequest: [3654]< SIGNAL_STRENGTH error: com.android.internal.telephony.CommandException: RADIO_NOT_AVAILABLE ret=
02-20 19:37:51.052  1668  1700 I WindowManager: Screen frozen for +818ms due to AppWindowToken{1010a3e token=Token{b315dc0 ActivityRecord{7c0e343 u0 com.android.settings/.FallbackHome t1}}}
02-20 19:37:51.054  1373  1373 I MediaPlayerService: MediaPlayerService::getOMX
02-20 19:37:51.054  1668  2028 I OMXClient: MuxOMX ctor
02-20 19:37:51.054  1668  1668 W VibratorService: Tried to stop vibrating but there is no vibrator device.
02-20 19:37:51.055  1370  1392 I OMXMaster: makeComponentInstance(OMX.google.vorbis.decoder) in mediacodec process
02-20 19:37:51.069  1916  1916 D DCT     : [0]DCT.constructor
02-20 19:37:51.071  1668  1668 I am_proc_start: [0,2029,10004,com.android.cellbroadcastreceiver,broadcast,com.android.cellbroadcastreceiver/.CellBroadcastReceiver]
02-20 19:37:51.071  1668  1668 I ActivityManager: Start proc 2029:com.android.cellbroadcastreceiver/u0a4 for broadcast com.android.cellbroadcastreceiver/.CellBroadcastReceiver
02-20 19:37:51.074  1668  1792 D TelephonyRegistry: listen oscl: hasNotifySubscriptionInfoChangedOccurred==false no callback
02-20 19:37:51.074  1668  1668 D ConditionProviders.SCP: onSubscribe condition://android/schedule?days=6.7&start=23.30&end=10.0&exitAtAlarm=false
02-20 19:37:51.075  1668  1668 D ConditionProviders.SCP: setRegistered true
02-20 19:37:51.075  1668  1668 D ConditionProviders.SCP: notifyCondition condition://android/schedule?days=6.7&start=23.30&end=10.0&exitAtAlarm=false STATE_FALSE reason=!meetsSchedule
02-20 19:37:51.075  1668  1668 D ConditionProviders.SCP: Scheduling evaluate for Tue Feb 20 23:30:00 GMT+00:00 2018 (1519169400000), in +3h52m8s925ms, now=Tue Feb 20 19:37:51 GMT+00:00 2018 (1519155471075)
02-20 19:37:51.076  1668  1668 D ConditionProviders.SCP: onSubscribe condition://android/schedule?days=1.2.3.4.5&start=22.0&end=7.0&exitAtAlarm=false
02-20 19:37:51.076  1668  1668 D ConditionProviders.SCP: notifyCondition condition://android/schedule?days=6.7&start=23.30&end=10.0&exitAtAlarm=false STATE_FALSE reason=!meetsSchedule
02-20 19:37:51.076  1668  1668 D ConditionProviders.SCP: notifyCondition condition://android/schedule?days=1.2.3.4.5&start=22.0&end=7.0&exitAtAlarm=false STATE_FALSE reason=!meetsSchedule
02-20 19:37:51.076  1668  1668 D ConditionProviders.SCP: Scheduling evaluate for Tue Feb 20 22:00:00 GMT+00:00 2018 (1519164000000), in +2h22m8s924ms, now=Tue Feb 20 19:37:51 GMT+00:00 2018 (1519155471076)
02-20 19:37:51.076  1668  1668 I Telecom : WiredHeadsetManager: ACTION_HEADSET_PLUG event, plugged in: false, : WHC.oADA@AAE
02-20 19:37:51.077  1668  1668 I notification_enqueue: [10028,1766,com.android.systemui,1397773634,public:253,64,-1,Notification(pri=0 contentView=null vibrate=null sound=null defaults=0x0 flags=0x100 color=0xff607d8b category=sys actions=2 vis=PUBLIC),0]
02-20 19:37:51.077  1668  1668 D RttService: SCAN_AVAILABLE : 3
02-20 19:37:51.078  1668  1740 I WifiScanningService: wifi driver loaded with scan capabilities: max buckets=16
02-20 19:37:51.078  1668  1741 D RttService: DefaultState got{ when=-1ms what=160512 target=com.android.internal.util.StateMachine$SmHandler }
02-20 19:37:51.081  1668  1668 I ActivityManager: user 0 is still locked. Cannot load recents
02-20 19:37:51.109  1916  1916 D Dcc     : E ctor
02-20 19:37:51.109  1916  1916 D Dcc     : X ctor
02-20 19:37:51.119  2029  2029 W art     : Unexpected CPU variant for X86 using defaults: x86_64
02-20 19:37:51.128  1668  1792 I am_proc_bound: [0,2029,com.android.cellbroadcastreceiver]
02-20 19:37:51.151  1668  1689 I art     : Background sticky concurrent mark sweep GC freed 27740(2MB) AllocSpace objects, 10(232KB) LOS objects, 10% free, 22MB/24MB, paused 1.741ms total 123.150ms
02-20 19:37:51.154  1668  1668 D TelephonyRegistry: notifyCellLocationForSubscriber: subId=0 cellLocation=Bundle[{}]
02-20 19:37:51.154  1916  1916 D SubscriptionController: [getPhoneId] asked for default subId=-1
02-20 19:37:51.157  1916  1928 D SubscriptionController: [getPhoneId]- no sims, returning default phoneId=2147483647
02-20 19:37:51.168  1916  2034 D DcTesterDeacativateAll: register for intent action=com.android.internal.telephony.dataconnection.action_deactivate_all
02-20 19:37:51.168  1916  2034 D DcTesterDeacativateAll: register for intent action=com.android.internal.telephony.action_detached
02-20 19:37:51.168  1916  2034 D Dcc     : DccDefaultState: msg.what=EVENT_RIL_CONNECTED mRilVersion=12
02-20 19:37:51.170  1916  1916 D DcTesterFailBrinupAll: register for intent action=com.android.internal.telephony.dataconnection.action_fail_bringup
02-20 19:37:51.170  1916  1916 D DcTesterFailBrinupAll: register for intent action=com.android.internal.telephony.action_detached
02-20 19:37:51.170  1916  1916 D DcTesterFailBrinupAll: register for intent action=com.android.internal.telephony.action_attached
02-20 19:37:51.173  1916  1916 D SST     : notifyDataRegStateRilRadioTechnologyChanged: drs=1 rat=0
02-20 19:37:51.173  1916  1916 D TelephonyManager: setTelephonyProperty: success phoneId=0 property=gsm.network.type value: Unknown propVal=Unknown
02-20 19:37:51.190  1916  1916 D DCT     : [0]update sub = -2
02-20 19:37:51.190  1916  1916 D DCT     : [0]update(): Active DDS, register for all events now!
02-20 19:37:51.192  1916  1916 D GsmCdmaPhone: [GsmCdmaPhone] updateCurrentCarrierInProvider: mSubId = -2 currentDds = 1 operatorNumeric = null
02-20 19:37:51.193  1916  1916 D DCT     : [0]initApnContexts: E
02-20 19:37:51.194  1916  1916 D DCT     : [0]initApnContexts: skipping unknown type=1
02-20 19:37:51.194  1916  1916 D DCT     : [0]initApnContexts: apnContext={mApnType=default mState=IDLE mWaitingApns={null} mApnSetting={null} mReason=dataEnabled mDataEnabled=false mDependencyMet=true}
02-20 19:37:51.194  1916  1916 D DCT     : [0]initApnContexts: apnContext={mApnType=mms mState=IDLE mWaitingApns={null} mApnSetting={null} mReason=dataEnabled mDataEnabled=false mDependencyMet=true}
02-20 19:37:51.194  1916  1916 D DCT     : [0]initApnContexts: apnContext={mApnType=supl mState=IDLE mWaitingApns={null} mApnSetting={null} mReason=dataEnabled mDataEnabled=false mDependencyMet=true}
02-20 19:37:51.194  1916  1916 D DCT     : [0]initApnContexts: apnContext={mApnType=hipri mState=IDLE mWaitingApns={null} mApnSetting={null} mReason=dataEnabled mDataEnabled=false mDependencyMet=true}
02-20 19:37:51.194  1916  1916 D DCT     : [0]initApnContexts: apnContext={mApnType=fota mState=IDLE mWaitingApns={null} mApnSetting={null} mReason=dataEnabled mDataEnabled=false mDependencyMet=true}
02-20 19:37:51.194  1916  1916 D DCT     : [0]initApnContexts: apnContext={mApnType=ims mState=IDLE mWaitingApns={null} mApnSetting={null} mReason=dataEnabled mDataEnabled=false mDependencyMet=true}
02-20 19:37:51.194  1916  1916 D DCT     : [0]initApnContexts: apnContext={mApnType=cbs mState=IDLE mWaitingApns={null} mApnSetting={null} mReason=dataEnabled mDataEnabled=false mDependencyMet=true}
02-20 19:37:51.194  1916  1916 D DCT     : [0]initApnContexts: skipping unknown type=13
02-20 19:37:51.194  1916  1916 D DCT     : [0]initApnContexts: apnContext={mApnType=ia mState=IDLE mWaitingApns={null} mApnSetting={null} mReason=dataEnabled mDataEnabled=false mDependencyMet=true}
02-20 19:37:51.194  1916  1916 D DCT     : [0]initApnContexts: apnContext={mApnType=emergency mState=IDLE mWaitingApns={null} mApnSetting={null} mReason=dataEnabled mDataEnabled=false mDependencyMet=true}
02-20 19:37:51.194  1373  1373 I MediaPlayerService: MediaPlayerService::getOMX
02-20 19:37:51.194  1668  2048 I OMXClient: MuxOMX ctor
02-20 19:37:51.194  1370  1847 I OMXMaster: makeComponentInstance(OMX.google.vorbis.decoder) in mediacodec process
02-20 19:37:51.212  1916  1916 D GsmCdmaPhone: [GsmCdmaPhone] GsmCdmaPhone: constructor: sub = 0
02-20 19:37:51.212  1916  1916 I PhoneFactory: Creating Phone with type = 1 sub = 0
02-20 19:37:51.213  1916  1916 I PhoneFactory: defaultSmsApplication: NONE
02-20 19:37:51.213  1916  1916 I PhoneFactory: Creating SubInfoRecordUpdater 
02-20 19:37:51.214  1916  1916 D SubscriptionInfoUpdater: Constructor invoked
02-20 19:37:51.248  1668  1794 D TelephonyRegistry: listen oscl: hasNotifySubscriptionInfoChangedOccurred==false no callback
02-20 19:37:51.248  1916  1916 D SubscriptionController: [getPhoneId]- no sims, returning default phoneId=2147483647
02-20 19:37:51.248  1668  1691 D TelephonyRegistry: listen oscl: hasNotifySubscriptionInfoChangedOccurred==false no callback
02-20 19:37:51.254  1916  1916 D PhoneSwitcherNetworkRequstListener: Registering NetworkFactory
02-20 19:37:51.254  1916  1916 D PhoneSwitcher: PhoneSwitcher started
02-20 19:37:51.254  1668  1742 D ConnectivityService: Got NetworkFactory Messenger for PhoneSwitcherNetworkRequstListener
02-20 19:37:51.255  1916  1916 D ProxyController: Constructor - Enter
02-20 19:37:51.263  1916  1916 D ProxyController: clearTransaction
02-20 19:37:51.263  1916  1916 D ProxyController: clearTransaction: phoneId=0 status=IDLE
02-20 19:37:51.263  1916  1916 D ProxyController: Constructor - Exit
02-20 19:37:51.263  1916  1916 D TelephonyNetworkFactory[0]: Registering NetworkFactory
02-20 19:37:51.265  1668  1742 D ConnectivityService: Got NetworkFactory Messenger for TelephonyNetworkFactory[0]
02-20 19:37:51.267  1916  1916 D CallManager: registerPhone(GSM Handler (com.android.internal.telephony.GsmCdmaPhone) {999dd36})
02-20 19:37:51.274  1668  1690 D TelephonyRegistry: listen oscl: hasNotifySubscriptionInfoChangedOccurred==false no callback
02-20 19:37:51.281  1373  1373 I MediaPlayerService: MediaPlayerService::getOMX
02-20 19:37:51.281  1668  2052 I OMXClient: MuxOMX ctor
02-20 19:37:51.281  1370  1968 I OMXMaster: makeComponentInstance(OMX.google.vorbis.decoder) in mediacodec process
02-20 19:37:51.315  1668  1748 E ActivityThread: Failed to find provider info for com.android.calendar
02-20 19:37:51.316  1668  1748 E ActivityThread: Failed to find provider info for com.android.calendar
02-20 19:37:51.326  2029  2029 W System  : ClassLoader referenced unknown path: /system/priv-app/CellBroadcastReceiver/lib/x86_64
02-20 19:37:51.368  1916  2055 E ActivityThread: Failed to find provider info for com.android.contacts
02-20 19:37:51.368  1916  2055 W CallerInfoCache: cursor is null
02-20 19:37:51.369  1373  1373 I MediaPlayerService: MediaPlayerService::getOMX
02-20 19:37:51.369  1668  2056 I OMXClient: MuxOMX ctor
02-20 19:37:51.371  1370  1370 I OMXMaster: makeComponentInstance(OMX.google.vorbis.decoder) in mediacodec process
02-20 19:37:51.371  1916  1916 D CarrierConfigLoader: CarrierConfigLoader has started
02-20 19:37:51.371  1916  1916 E BluetoothAdapter: Bluetooth binder is null
02-20 19:37:51.372  1668  1794 D TelephonyRegistry: listen oscl: hasNotifySubscriptionInfoChangedOccurred==false no callback
02-20 19:37:51.392  1916  1916 D RILJ    : [3655]> RIL_REQUEST_SET_TTY_MODE : 0 [SUB0]
02-20 19:37:51.393  1375  1481 D RIL     : onRequest: SET_TTY_MODE
02-20 19:37:51.393  1916  1998 D RilRequest: [3655]< RIL_REQUEST_SET_TTY_MODE error: com.android.internal.telephony.CommandException: RADIO_NOT_AVAILABLE ret=
02-20 19:37:51.394  1916  1916 I Telephony: TtyManager: updateUiTtyMode -1 -> 0
02-20 19:37:51.405  1668  1958 D TelephonyRegistry: listen oscl: hasNotifySubscriptionInfoChangedOccurred==false no callback
02-20 19:37:51.406  1916  1916 D SubscriptionController: [getPhoneId] asked for default subId=-1
02-20 19:37:51.408  1916  1916 D UiccController: EVENT_RADIO_UNAVAILABLE, dispose card
02-20 19:37:51.408  1916  1916 D UiccController: Received EVENT_ICC_STATUS_CHANGED, calling getIccCardStatus
02-20 19:37:51.408  1916  1916 D RILJ    : [3656]> GET_SIM_STATUS [SUB0]
02-20 19:37:51.408  1916  1916 D Phone   : config LCE service failed: com.android.internal.telephony.CommandException: RADIO_NOT_AVAILABLE
02-20 19:37:51.408  1916  1916 D GsmSMSDispatcher: GsmSMSDispatcher: subId = -2 slotId = 0
02-20 19:37:51.408  1916  1916 E IccCardProxy: setExternalState: !override and newstate unchanged from NOT_READY
02-20 19:37:51.408  1916  1916 D RILJ    : [3657]> BASEBAND_VERSION [SUB0]
02-20 19:37:51.409  1375  1481 D RIL     : onRequest: GET_SIM_STATUS
02-20 19:37:51.409  1375  1481 D RIL     : getSIMStatus(). sState: 0
02-20 19:37:51.409  1916  1998 D RILJ    : [3656]< GET_SIM_STATUS IccCardState {CARDSTATE_PRESENT,PINSTATE_UNKNOWN,num_apps=2,gsm_id=0{APPTYPE_SIM,APPSTATE_DETECTED},cdma_id=1{APPTYPE_RUIM,APPSTATE_DETECTED},ims_id=8} [SUB0]
02-20 19:37:51.409  1375  1481 D RIL     : onRequest: BASEBAND_VERSION
02-20 19:37:51.409  1916  1916 D RILJ    : [3658]> GET_IMEI [SUB0]
02-20 19:37:51.409  1916  1998 D RilRequest: [3657]< BASEBAND_VERSION error: com.android.internal.telephony.CommandException: RADIO_NOT_AVAILABLE ret=
02-20 19:37:51.410  1375  1481 D RIL     : onRequest: GET_IMEI
02-20 19:37:51.410  1375  1481 D AT      : AT> AT+CGSN
02-20 19:37:51.410  1916  1916 D RILJ    : [3659]> GET_IMEISV [SUB0]
02-20 19:37:51.410  1375  1486 D AT      : AT< 000000000000000
02-20 19:37:51.410  1375  1486 D AT      : AT< OK
02-20 19:37:51.410  1916  1998 D RILJ    : [3658]< GET_IMEI  [SUB0]
02-20 19:37:51.410  1375  1481 D RIL     : onRequest: GET_IMEISV
02-20 19:37:51.410  1916  1916 D RILJ    : [3660]> RIL_REQUEST_GET_RADIO_CAPABILITY [SUB0]
02-20 19:37:51.411  1375  1481 D RIL     : onRequest: RIL_REQUEST_GET_RADIO_CAPABILITY
02-20 19:37:51.411  1916  1916 D RILJ    : [3661]> RIL_REQUEST_START_LCE [SUB0]
02-20 19:37:51.411  1916  1998 D RilRequest: [3659]< GET_IMEISV error: com.android.internal.telephony.CommandException: RADIO_NOT_AVAILABLE ret=
02-20 19:37:51.411  1916  1998 D RilRequest: [3660]< RIL_REQUEST_GET_RADIO_CAPABILITY error: com.android.internal.telephony.CommandException: RADIO_NOT_AVAILABLE ret=
02-20 19:37:51.411  1375  1481 D RIL     : onRequest: <unknown request>
02-20 19:37:51.411  1916  1998 D RilRequest: [3661]< RIL_REQUEST_START_LCE error: com.android.internal.telephony.CommandException: RADIO_NOT_AVAILABLE ret=
02-20 19:37:51.411  1916  1916 D GsmCdmaPhone: [GsmCdmaPhone] Event EVENT_RADIO_OFF_OR_NOT_AVAILABLE Received
02-20 19:37:51.412  1916  1916 E IccCardProxy: setExternalState: !override and newstate unchanged from NOT_READY
02-20 19:37:51.412  1916  1916 D SST     : mDeviceShuttingDown=false, mDesiredPowerState=true, getRadioState=RADIO_OFF, mPowerOffDelayNeed=true, mAlarmSwitch=false, mRadioDisabledByCarrier=false
02-20 19:37:51.412  1916  1916 D RILJ    : [3662]> RADIO_POWER on [SUB0]
02-20 19:37:51.412  1375  1481 D RIL     : onRequest: RADIO_POWER
02-20 19:37:51.412  1375  1481 D AT      : AT> AT+CFUN=1
02-20 19:37:51.412  1375  1486 D AT      : AT< OK
02-20 19:37:51.412  1375  1481 D RIL     : setRadioState(10)
02-20 19:37:51.412  1916  1998 D RILJ    : [UNSL]< UNSOL_RESPONSE_RADIO_STATE_CHANGED RADIO_ON [SUB0]
02-20 19:37:51.412  1916  1998 D RILJ    : [UNSL]< UNSOL_RESPONSE_SIM_STATUS_CHANGED [SUB0]
02-20 19:37:51.412  1916  1998 D RILJ    : [3662]< RADIO_POWER  [SUB0]
02-20 19:37:51.413  1916  1916 D RILJ    : [3663]> OPERATOR [SUB0]
02-20 19:37:51.413  1375  1481 D RIL     : onRequest: OPERATOR
02-20 19:37:51.413  1375  1481 D AT      : AT> AT+COPS=3,0;+COPS?;+COPS=3,1;+COPS?;+COPS=3,2;+COPS?
02-20 19:37:51.413  1916  1916 D RILJ    : [3664]> DATA_REGISTRATION_STATE [SUB0]
02-20 19:37:51.413  1375  1486 D AT      : AT< +COPS: 0,0,"Android"
02-20 19:37:51.413  1375  1486 D AT      : AT< +COPS: 0,1,"Android"
02-20 19:37:51.413  1375  1486 D AT      : AT< +COPS: 0,2,"310260"
02-20 19:37:51.413  1375  1486 D AT      : AT< OK
02-20 19:37:51.413  1916  1998 D RILJ    : [3663]< OPERATOR {Android, Android, 310260} [SUB0]
02-20 19:37:51.431  1916  1916 D RILJ    : [3665]> VOICE_REGISTRATION_STATE [SUB0]
02-20 19:37:51.431  1375  1481 D RIL     : onRequest: DATA_REGISTRATION_STATE
02-20 19:37:51.431  1375  1481 D RIL     : requestRegistrationState
02-20 19:37:51.431  1375  1481 D AT      : AT> AT+CGREG?
02-20 19:37:51.431  1916  1916 D RILJ    : [3666]> QUERY_NETWORK_SELECTION_MODE [SUB0]
02-20 19:37:51.431  1375  1486 D AT      : AT< +CGREG: 1,1,"0003","005b","000e"
02-20 19:37:51.431  1375  1486 D AT      : AT< OK
02-20 19:37:51.431  1375  1481 D RIL     : parseRegistrationState. Parsing: +CGREG: 1,1,"0003","005b","000e"
02-20 19:37:51.431  1375  1481 D RIL     : registration state type: 3GPP
02-20 19:37:51.432  1916  1998 D RILJ    : [3664]< DATA_REGISTRATION_STATE {1, 3, 5b, 14, null, null} [SUB0]
02-20 19:37:51.432  1916  1916 D SST     : NITZ: 18/02/20:19:37:43+0:0:Unknown!Unknown,4291 start=13432 delay=9141
02-20 19:37:51.432  1375  1481 D RIL     : onRequest: VOICE_REGISTRATION_STATE
02-20 19:37:51.432  1375  1481 D RIL     : requestRegistrationState
02-20 19:37:51.432  1375  1481 D AT      : AT> AT+CREG?
02-20 19:37:51.432  1375  1486 D AT      : AT< +CREG: 2,1, "0003", "005b"
02-20 19:37:51.432  1375  1486 D AT      : AT< OK
02-20 19:37:51.432  1375  1481 D RIL     : parseRegistrationState. Parsing: +CREG: 2,1, "0003", "005b"
02-20 19:37:51.432  1375  1481 D RIL     : registration state type: 3GPP
02-20 19:37:51.432  1916  1998 D RILJ    : [3665]< VOICE_REGISTRATION_STATE {1, 3, 5b, 0, null, null, null, null, null, null, null, null, null, null, null} [SUB0]
02-20 19:37:51.432  1916  1916 D SST     : NITZ: tzOffset=0 dst=0 zone=GMT iso= mGotCountryCode=false mNeedFixZoneAfterNitz=false
02-20 19:37:51.432  1916  1916 D SST     : setAndBroadcastNetworkSetTimeZone: setTimeZone=GMT
02-20 19:37:51.432  1375  1481 D RIL     : onRequest: QUERY_NETWORK_SELECTION_MODE
02-20 19:37:51.432  1375  1481 D AT      : AT> AT+COPS?
02-20 19:37:51.432  1375  1486 D AT      : AT< +COPS: 0,2,310260
02-20 19:37:51.432  1375  1486 D AT      : AT< OK
02-20 19:37:51.432  1916  1998 D RILJ    : [3666]< QUERY_NETWORK_SELECTION_MODE {0} [SUB0]
02-20 19:37:51.433  1668  1690 D AlarmManagerService: Kernel timezone updated to 0 minutes west of GMT
02-20 19:37:51.435  1916  1916 D SST     : setAndBroadcastNetworkSetTimeZone: call alarm.setTimeZone and broadcast zoneId=GMT
02-20 19:37:51.437  1916  1916 D SST     : NITZ: Setting time of day to Tue Feb 20 19:37:52 GMT+00:00 2018 NITZ receive delay(ms): 9145 gained(ms): 708 from 18/02/20:19:37:43+0:0:Unknown!Unknown
02-20 19:37:51.437  1916  1916 D SST     : setAndBroadcastNetworkSetTime: time=1519155472145ms
02-20 19:37:51.438  1668  1690 D AlarmManagerService: Setting time of day to sec=1519155472
02-20 19:37:52.145  1668  1690 W AlarmManagerService: Unable to set rtc to 1519155472: No such device
02-20 19:37:52.152  1668  1668 D ConditionProviders.SCP: onReceive android.intent.action.TIME_SET
02-20 19:37:52.153  1668  1668 D ConditionProviders.SCP: notifyCondition condition://android/schedule?days=6.7&start=23.30&end=10.0&exitAtAlarm=false STATE_FALSE reason=!meetsSchedule
02-20 19:37:52.153  1668  1668 D ConditionProviders.SCP: notifyCondition condition://android/schedule?days=1.2.3.4.5&start=22.0&end=7.0&exitAtAlarm=false STATE_FALSE reason=!meetsSchedule
02-20 19:37:52.153  1668  1668 D ConditionProviders.SCP: Scheduling evaluate for Tue Feb 20 22:00:00 GMT+00:00 2018 (1519164000000), in +2h22m7s848ms, now=Tue Feb 20 19:37:52 GMT+00:00 2018 (1519155472152)
02-20 19:37:52.154  1668  1748 E ActivityThread: Failed to find provider info for com.android.calendar
02-20 19:37:52.154  1668  1748 E ActivityThread: Failed to find provider info for com.android.calendar
02-20 19:37:52.155  1916  1916 I SST     : NITZ: after Setting time of day
02-20 19:37:52.156  1916  1916 D SST     : NITZ: end=13449 dur=17
02-20 19:37:52.158  1916  1916 D SST     : mDeviceShuttingDown=false, mDesiredPowerState=true, getRadioState=RADIO_ON, mPowerOffDelayNeed=true, mAlarmSwitch=false, mRadioDisabledByCarrier=false
02-20 19:37:52.158  1916  1916 D RILJ    : [3667]> OPERATOR [SUB0]
02-20 19:37:52.159  1916  1916 D RILJ    : [3668]> DATA_REGISTRATION_STATE [SUB0]
02-20 19:37:52.160  1375  1481 D RIL     : onRequest: OPERATOR
02-20 19:37:52.160  1375  1481 D AT      : AT> AT+COPS=3,0;+COPS?;+COPS=3,1;+COPS?;+COPS=3,2;+COPS?
02-20 19:37:52.160  1916  1916 D RILJ    : [3669]> VOICE_REGISTRATION_STATE [SUB0]
02-20 19:37:52.160  1916  1916 D RILJ    : [3670]> QUERY_NETWORK_SELECTION_MODE [SUB0]
02-20 19:37:52.160  1916  1916 D SST     : onSignalStrengthResult() Exception from RIL : com.android.internal.telephony.CommandException: RADIO_NOT_AVAILABLE
02-20 19:37:52.161  1916  1916 D DCT     : [0]NETWORK_STATE_CHANGED_ACTION: mIsWifiConnected=false
02-20 19:37:52.161  1916  1916 D DCT     : [0]Wifi state changed
02-20 19:37:52.161  1916  1916 D DCT     : [0]WIFI_STATE_CHANGED_ACTION: enabled=true mIsWifiConnected=false
02-20 19:37:52.162  1916  1916 D DCT     : [0]onRadioAvailable
02-20 19:37:52.162  1916  1916 D DCT     : [0]onRadioOffOrNotAvailable: is off and clean up all connections
02-20 19:37:52.162  1375  1486 D AT      : AT< +COPS: 0,0,"Android"
02-20 19:37:52.162  1375  1486 D AT      : AT< +COPS: 0,1,"Android"
02-20 19:37:52.162  1375  1486 D AT      : AT< +COPS: 0,2,"310260"
02-20 19:37:52.162  1375  1486 D AT      : AT< OK
02-20 19:37:52.162  1916  1916 D DCT     : [0]cleanUpAllConnections: tearDown=false reason=radioTurnedOff
02-20 19:37:52.165  1916  1916 D GsmCdmaPhone: [GsmCdmaPhone] getDataConnectionState apnType=default ret=DISCONNECTED
02-20 19:37:52.166  1375  1481 D RIL     : onRequest: DATA_REGISTRATION_STATE
02-20 19:37:52.166  1375  1481 D RIL     : requestRegistrationState
02-20 19:37:52.166  1375  1481 D AT      : AT> AT+CGREG?
02-20 19:37:52.166  1375  1486 D AT      : AT< +CGREG: 1,1,"0003","005b","000e"
02-20 19:37:52.166  1375  1486 D AT      : AT< OK
02-20 19:37:52.166  1916  1998 D RILJ    : [3667]< OPERATOR {Android, Android, 310260} [SUB0]
02-20 19:37:52.166  1375  1481 D RIL     : parseRegistrationState. Parsing: +CGREG: 1,1,"0003","005b","000e"
02-20 19:37:52.166  1375  1481 D RIL     : registration state type: 3GPP
02-20 19:37:52.166  1375  1481 D RIL     : onRequest: VOICE_REGISTRATION_STATE
02-20 19:37:52.166  1375  1481 D RIL     : requestRegistrationState
02-20 19:37:52.166  1375  1481 D AT      : AT> AT+CREG?
02-20 19:37:52.166  1375  1486 D AT      : AT< +CREG: 2,1, "0003", "005b"
02-20 19:37:52.166  1375  1486 D AT      : AT< OK
02-20 19:37:52.166  1916  1998 D RILJ    : [3668]< DATA_REGISTRATION_STATE {1, 3, 5b, 14, null, null} [SUB0]
02-20 19:37:52.166  1375  1481 D RIL     : parseRegistrationState. Parsing: +CREG: 2,1, "0003", "005b"
02-20 19:37:52.166  1375  1481 D RIL     : registration state type: 3GPP
02-20 19:37:52.166  1375  1481 D RIL     : onRequest: QUERY_NETWORK_SELECTION_MODE
02-20 19:37:52.166  1375  1481 D AT      : AT> AT+COPS?
02-20 19:37:52.166  1916  1998 D RILJ    : [3669]< VOICE_REGISTRATION_STATE {1, 3, 5b, 0, null, null, null, null, null, null, null, null, null, null, null} [SUB0]
02-20 19:37:52.166  1375  1486 D AT      : AT< +COPS: 0,2,310260
02-20 19:37:52.166  1375  1486 D AT      : AT< OK
02-20 19:37:52.166  1916  1998 D RILJ    : [3670]< QUERY_NETWORK_SELECTION_MODE {0} [SUB0]
02-20 19:37:52.170  1916  1916 D DCT     : [0]cleanUpConnection: X tearDown=false reason=radioTurnedOff apnContext={mApnType=default mState=IDLE mWaitingApns={null} mApnSetting={null} mReason=radioTurnedOff mDataEnabled=false mDependencyMet=true} dcac=null
02-20 19:37:52.182  1916  1916 D GsmCdmaPhone: [GsmCdmaPhone] getDataConnectionState apnType=mms ret=DISCONNECTED
02-20 19:37:52.183  1916  1916 D DCT     : [0]cleanUpConnection: X tearDown=false reason=radioTurnedOff apnContext={mApnType=mms mState=IDLE mWaitingApns={null} mApnSetting={null} mReason=radioTurnedOff mDataEnabled=false mDependencyMet=true} dcac=null
02-20 19:37:52.183  1916  1916 D GsmCdmaPhone: [GsmCdmaPhone] getDataConnectionState apnType=cbs ret=DISCONNECTED
02-20 19:37:52.184  1916  1916 D DCT     : [0]cleanUpConnection: X tearDown=false reason=radioTurnedOff apnContext={mApnType=cbs mState=IDLE mWaitingApns={null} mApnSetting={null} mReason=radioTurnedOff mDataEnabled=false mDependencyMet=true} dcac=null
02-20 19:37:52.184  1916  1916 D GsmCdmaPhone: [GsmCdmaPhone] getDataConnectionState apnType=fota ret=DISCONNECTED
02-20 19:37:52.184  1916  1916 D DCT     : [0]cleanUpConnection: X tearDown=false reason=radioTurnedOff apnContext={mApnType=fota mState=IDLE mWaitingApns={null} mApnSetting={null} mReason=radioTurnedOff mDataEnabled=false mDependencyMet=true} dcac=null
02-20 19:37:52.184  1916  1916 D GsmCdmaPhone: [GsmCdmaPhone] getDataConnectionState apnType=supl ret=DISCONNECTED
02-20 19:37:52.185  1916  1916 D DCT     : [0]cleanUpConnection: X tearDown=false reason=radioTurnedOff apnContext={mApnType=supl mState=IDLE mWaitingApns={null} mApnSetting={null} mReason=radioTurnedOff mDataEnabled=false mDependencyMet=true} dcac=null
02-20 19:37:52.185  1916  1916 D GsmCdmaPhone: [GsmCdmaPhone] getDataConnectionState apnType=ia ret=DISCONNECTED
02-20 19:37:52.190  1916  1916 D DCT     : [0]cleanUpConnection: X tearDown=false reason=radioTurnedOff apnContext={mApnType=ia mState=IDLE mWaitingApns={null} mApnSetting={null} mReason=radioTurnedOff mDataEnabled=false mDependencyMet=true} dcac=null
02-20 19:37:52.190  1916  1916 D GsmCdmaPhone: [GsmCdmaPhone] getDataConnectionState apnType=emergency ret=DISCONNECTED
02-20 19:37:52.192  1916  1916 D DCT     : [0]cleanUpConnection: X tearDown=false reason=radioTurnedOff apnContext={mApnType=emergency mState=IDLE mWaitingApns={null} mApnSetting={null} mReason=radioTurnedOff mDataEnabled=false mDependencyMet=true} dcac=null
02-20 19:37:52.192  1916  1916 D GsmCdmaPhone: [GsmCdmaPhone] getDataConnectionState apnType=hipri ret=DISCONNECTED
02-20 19:37:52.192  1916  1916 D DCT     : [0]cleanUpConnection: X tearDown=false reason=radioTurnedOff apnContext={mApnType=hipri mState=IDLE mWaitingApns={null} mApnSetting={null} mReason=radioTurnedOff mDataEnabled=false mDependencyMet=true} dcac=null
02-20 19:37:52.192  1916  1916 D GsmCdmaPhone: [GsmCdmaPhone] getDataConnectionState apnType=ims ret=DISCONNECTED
02-20 19:37:52.193  1916  1916 D DCT     : [0]cleanUpConnection: X tearDown=false reason=radioTurnedOff apnContext={mApnType=ims mState=IDLE mWaitingApns={null} mApnSetting={null} mReason=radioTurnedOff mDataEnabled=false mDependencyMet=true} dcac=null
02-20 19:37:52.193  1916  1916 D DCT     : [0]stopNetStatPoll
02-20 19:37:52.193  1916  1916 D DCT     : [0]cleanUpConnection: mDisconnectPendingCount = 0
02-20 19:37:52.193  1916  1916 D DCT     : [0]isDataAllowed: No - SIM not loaded - Not attached
02-20 19:37:52.198  1916  1916 D DCT     : [0]onDataConnectionDetached: stop polling and notify detached
02-20 19:37:52.198  1916  1916 D DCT     : [0]stopNetStatPoll
02-20 19:37:52.198  1916  1916 D DCT     : [0]notifyDataConnection: reason=dataDetached
02-20 19:37:52.198  1916  1916 D DCT     : [0]isDataAllowed: No - SIM not loaded - Not attached
02-20 19:37:52.230  1766  1766 I OpaLayout: Setting opa enabled to false
02-20 19:37:52.232  1916  1916 D DCT     : [0]onRoamingOff
02-20 19:37:52.233  1916  1916 D DCT     : [0]isDataAllowed: No - SIM not loaded - Not attached
02-20 19:37:52.233  1766  1766 I OpaLayout: Setting opa enabled to false
02-20 19:37:52.244  1916  1916 D DCT     : [0]setupDataOnConnectableApns: roamingOff hipri:[state=IDLE,enabled=false] mms:[state=IDLE,enabled=false] supl:[state=IDLE,enabled=false] ia:[state=IDLE,enabled=false] fota:[state=IDLE,enabled=false] ims:[state=IDLE,enabled=false] cbs:[state=IDLE,enabled=false] default:[state=IDLE,enabled=false] emergency:[state=IDLE,enabled=false] 
02-20 19:37:52.245  1916  1916 D DCT     : [0]setupDataOnConnectableApns: nwTypeChanged hipri:[state=IDLE,enabled=false] mms:[state=IDLE,enabled=false] supl:[state=IDLE,enabled=false] ia:[state=IDLE,enabled=false] fota:[state=IDLE,enabled=false] ims:[state=IDLE,enabled=false] cbs:[state=IDLE,enabled=false] default:[state=IDLE,enabled=false] emergency:[state=IDLE,enabled=false] 
02-20 19:37:52.245  1916  1916 D SubscriptionInfoUpdater: [Receiver]+
02-20 19:37:52.245  1916  1916 D SubscriptionInfoUpdater: Action: android.intent.action.SIM_STATE_CHANGED
02-20 19:37:52.245  1916  1916 D SubscriptionInfoUpdater: slotId: 0
02-20 19:37:52.245  1916  1916 D SubscriptionInfoUpdater: simStatus: NOT_READY
02-20 19:37:52.245  1916  1916 D SubscriptionInfoUpdater: Ignoring simStatus: NOT_READY
02-20 19:37:52.245  1916  1916 D SubscriptionInfoUpdater: [Receiver]-
02-20 19:37:52.245  1916  1916 D PhoneSwitcherNetworkRequstListener: got request NetworkRequest [ REQUEST id=1, [ Capabilities: INTERNET&NOT_RESTRICTED&TRUSTED&NOT_VPN] ] with score 0
02-20 19:37:52.245  1916  1916 D TelephonyNetworkFactory[0]: onSubIdChange -1->-2
02-20 19:37:52.245  1916  1916 D TelephonyNetworkFactory[0]: got request NetworkRequest [ REQUEST id=1, [ Capabilities: INTERNET&NOT_RESTRICTED&TRUSTED&NOT_VPN] ] with score 0
02-20 19:37:52.246  1916  1916 D DebugService: DebugService DebugService:
02-20 19:37:52.246  1916  1916 D TelephonyDebugService: TelephonyDebugService()
02-20 19:37:52.247  1916  1916 D CarrierConfigLoader: mHandler: 12 phoneId: 0
02-20 19:37:52.247  1916  1916 D RILJ    : [3671]> RIL_REQUEST_QUERY_TTY_MODE [SUB0]
02-20 19:37:52.248  1375  1481 D RIL     : onRequest: QUERY_TTY_MODE
02-20 19:37:52.248  1375  1481 D RIL     : Request not supported. Tech: 1
02-20 19:37:52.248  1916  1998 D RilRequest: [3671]< RIL_REQUEST_QUERY_TTY_MODE error: com.android.internal.telephony.CommandException: REQUEST_NOT_SUPPORTED ret=
02-20 19:37:52.249  1916  1916 D GsmSMSDispatcher: GsmSMSDispatcher: subId = -2 slotId = 0
02-20 19:37:52.249  1916  1916 E IccCardProxy: setExternalState: !override and newstate unchanged from NOT_READY
02-20 19:37:52.249  1916  1916 D UiccController: Received EVENT_GET_ICC_STATUS_DONE
02-20 19:37:52.249  1916  1916 D UiccCard: 2 applications
02-20 19:37:52.249  1916  1916 D UiccCardApplication: Creating UiccApp: {APPTYPE_SIM,APPSTATE_DETECTED}
02-20 19:37:52.253  1916  1916 W VoiceMailConstants: Can't open /system/etc/voicemail-conf.xml
02-20 19:37:52.253  1916  1916 D SpnOverride: No SPN in OEM image = /oem/telephony/spn-conf.xml Load SPN from system image
02-20 19:37:52.253  1916  1916 W SpnOverride: Can not open /system/etc/spn-conf.xml
02-20 19:37:52.253  1916  1916 D SIMRecords: [SIMRecords] setting0 mMncLength-1
02-20 19:37:52.254  1916  1916 D SIMRecords: [SIMRecords] SIMRecords: onRadioOffOrNotAvailable set 'gsm.sim.operator.numeric' to operator=null
02-20 19:37:52.254  1916  1916 D SIMRecords: [SIMRecords] update icc_operator_numeric=null
02-20 19:37:52.254  1916  1916 D TelephonyManager: setTelephonyProperty: success phoneId=0 property=gsm.sim.operator.numeric value:  propVal=
02-20 19:37:52.254  1916  1916 D TelephonyManager: setTelephonyProperty: success phoneId=0 property=gsm.sim.operator.alpha value:  propVal=
02-20 19:37:52.254  1916  1916 D TelephonyManager: setTelephonyProperty: success phoneId=0 property=gsm.sim.operator.iso-country value:  propVal=
02-20 19:37:52.256  1916  1916 D SIMRecords: [SIMRecords] getOperatorNumeric: IMSI == null
02-20 19:37:52.256  1916  1916 D SIMRecords: [SIMRecords] SIMRecords X ctor this=SimRecords: mDestroyed=false mContext=com.android.phone.PhoneGlobals@40fbe41 mCi=com.android.internal.telephony.RIL@676236b mFh=Handler (com.android.internal.telephony.uicc.SIMFileHandler) {df1ffe6} mParentApp=com.android.internal.telephony.uicc.UiccCardApplication@de63927 recordsLoadedRegistrants=android.os.RegistrantList@b9a67d4 mImsiReadyRegistrants=android.os.RegistrantList@e58fd7d mRecordsEventsRegistrants=android.os.RegistrantList@4ce3472 mNewSmsRegistrants=android.os.RegistrantList@1f340c3 mNetworkSelectionModeAutomaticRegistrants=android.os.RegistrantList@c202d40 recordsToLoad=0 adnCache=Handler (com.android.internal.telephony.uicc.AdnRecordCache) {6fcf479} recordsRequested=false iccid=null msisdnTag=null voiceMailNum=null voiceMailTag=null voiceMailNum=null newVoiceMailTag=null isVoiceMailFixed=false mImsi=null mncLength=-1 mailboxIndex=0 spn=null mVmConfigcom.android.internal.telephony.uicc.VoiceMailConstants@ac725be mSpnOverride=mSpnOverride callForwardingEnabled=0 spnState=null mCphsInfo=null mCspPlmnEnabled=true efMWIS=null efCPHS_MWI=null mEfCff=null mEfCfis=null getOperatorNumeric=null
02-20 19:37:52.268  1668  1958 I am_proc_start: [0,2062,10067,com.google.android.deskclock,broadcast,com.google.android.deskclock/com.android.deskclock.AlarmInitReceiver]
02-20 19:37:52.268  1668  1958 I ActivityManager: Start proc 2062:com.google.android.deskclock/u0a67 for broadcast com.google.android.deskclock/com.android.deskclock.AlarmInitReceiver
02-20 19:37:52.268  1668  1694 I dvm_lock_sample: [system_server,1,android.ui,15,ActivityManagerService.java,4219,BroadcastQueue.java,760,3]
02-20 19:37:52.269  1916  1916 D UiccCardApplication: Creating UiccApp: {APPTYPE_RUIM,APPSTATE_DETECTED}
02-20 19:37:52.269  1916  1916 D RuimRecords: [RuimRecords] setting0 mMncLength-1
02-20 19:37:52.270  1916  1916 D RuimRecords: [RuimRecords] RuimRecords X ctor this=RuimRecords: mDestroyed=false mContext=com.android.phone.PhoneGlobals@40fbe41 mCi=com.android.internal.telephony.RIL@676236b mFh=Handler (com.android.internal.telephony.uicc.RuimFileHandler) {a7add6c} mParentApp=com.android.internal.telephony.uicc.UiccCardApplication@34f5f35 recordsLoadedRegistrants=android.os.RegistrantList@fcbdfca mImsiReadyRegistrants=android.os.RegistrantList@83a053b mRecordsEventsRegistrants=android.os.RegistrantList@4ee6458 mNewSmsRegistrants=android.os.RegistrantList@23b9b1 mNetworkSelectionModeAutomaticRegistrants=android.os.RegistrantList@1b02e96 recordsToLoad=0 adnCache=Handler (com.android.internal.telephony.uicc.AdnRecordCache) {439ba17} recordsRequested=false iccid=null msisdnTag=null voiceMailNum=null voiceMailTag=null voiceMailNum=null newVoiceMailTag=null isVoiceMailFixed=false mImsi=null mncLength=-1 mailboxIndex=0 spn=null m_ota_commitedfalse mMyMobileNumber=xxxx mMin2Min1=null mPrlVersion=null mEFpl=null mEFli=null mCsimSpnDisplayCondition=false mMdn=null mMin=null mHomeSystemId=null mHomeNetworkId=null
02-20 19:37:52.279  1766  1766 W System  : ClassLoader referenced unknown path: 
02-20 19:37:52.280  1916  1916 D CAT     : CatService: registerForRecordsLoaded slotid=0 instance:Handler (com.android.internal.telephony.cat.CatService) {1396670}
02-20 19:37:52.280  1766  1766 W System  : ClassLoader referenced unknown path: /system/priv-app/Dialer/lib/x86_64
02-20 19:37:52.280  1916  1916 D CAT     : CatService: Running CAT service on Slotid: 0. STK app installed:false
02-20 19:37:52.280  1916  1916 D UiccCard: Before privilege rules: null : CARDSTATE_PRESENT
02-20 19:37:52.280  1916  1916 D RILJ    : [3672]> RIL_REQUEST_SIM_OPEN_CHANNEL [SUB0]
02-20 19:37:52.281  1916  1916 E UiccCard: App index 8 is invalid since there are no applications
02-20 19:37:52.281  1916  1916 D UiccCard: update: radioState=RADIO_ON mLastRadioState=RADIO_UNAVAILABLE
02-20 19:37:52.281  1916  1916 D UiccController: Notifying IccChangedRegistrants
02-20 19:37:52.281  1766  1766 D ApplicationLoaders: ignored Vulkan layer search path /system/priv-app/Dialer/lib/x86_64:/system/lib64:/vendor/lib64 for namespace 0x7c42167cb0f0
02-20 19:37:52.281  1375  1481 D RIL     : onRequest: SIM_OPEN_CHANNEL
02-20 19:37:52.281  1375  1481 D AT      : AT> AT+CCHO=A00000015141434C00
02-20 19:37:52.281  1375  1486 D AT      : AT< 1
02-20 19:37:52.281  1375  1486 D AT      : AT< OK
02-20 19:37:52.281  1916  1998 D RILJ    : [3672]< RIL_REQUEST_SIM_OPEN_CHANNEL  [SUB0]
02-20 19:37:52.282  2062  2062 W art     : Unexpected CPU variant for X86 using defaults: x86_64
02-20 19:37:52.283  1916  1916 D GsmCdmaPhone: get phone radio capability fail, no need to change mRadioCapability
02-20 19:37:52.283  1916  1916 D GsmCdmaPhone: EVENT_GET_RADIO_CAPABILITY: phone rc: null
02-20 19:37:52.283  1916  1916 D Phone   : config LCE service failed: com.android.internal.telephony.CommandException: RADIO_NOT_AVAILABLE
02-20 19:37:52.283  1916  1916 D SST     : mDeviceShuttingDown=false, mDesiredPowerState=true, getRadioState=RADIO_ON, mPowerOffDelayNeed=true, mAlarmSwitch=false, mRadioDisabledByCarrier=false
02-20 19:37:52.283  1916  1916 D RILJ    : [3673]> OPERATOR [SUB0]
02-20 19:37:52.284  1916  1916 D RILJ    : [3674]> DATA_REGISTRATION_STATE [SUB0]
02-20 19:37:52.284  1375  1481 D RIL     : onRequest: OPERATOR
02-20 19:37:52.284  1375  1481 D AT      : AT> AT+COPS=3,0;+COPS?;+COPS=3,1;+COPS?;+COPS=3,2;+COPS?
02-20 19:37:52.287  1375  1486 D AT      : AT< +COPS: 0,0,"Android"
02-20 19:37:52.287  1375  1486 D AT      : AT< +COPS: 0,1,"Android"
02-20 19:37:52.287  1375  1486 D AT      : AT< +COPS: 0,2,"310260"
02-20 19:37:52.287  1375  1486 D AT      : AT< OK
02-20 19:37:52.287  1916  1916 D RILJ    : [3675]> VOICE_REGISTRATION_STATE [SUB0]
02-20 19:37:52.288  1916  1916 D RILJ    : [3676]> QUERY_NETWORK_SELECTION_MODE [SUB0]
02-20 19:37:52.288  1916  1916 D RILJ    : [3677]> GET_CURRENT_CALLS [SUB0]
02-20 19:37:52.288  1916  1916 D RILJ    : [3678]> RIL_REQUEST_IMS_REGISTRATION_STATE [SUB0]
02-20 19:37:52.290  1916  1916 D RILJ    : [3679]> RIL_REQUEST_CDMA_GET_SUBSCRIPTION_SOURCE [SUB0]
02-20 19:37:52.290  1668  1958 I am_proc_bound: [0,2062,com.google.android.deskclock]
02-20 19:37:52.290  1916  1916 D GsmCdmaPhone: [GsmCdmaPhone] Event EVENT_RADIO_ON Received
02-20 19:37:52.290  1916  1916 D RILJ    : [3680]> RIL_REQUEST_VOICE_RADIO_TECH [SUB0]
02-20 19:37:52.290  1916  1916 D UiccController: Received EVENT_ICC_STATUS_CHANGED, calling getIccCardStatus
02-20 19:37:52.290  1916  1916 D RILJ    : [3681]> GET_SIM_STATUS [SUB0]
02-20 19:37:52.290  1375  1481 D RIL     : onRequest: DATA_REGISTRATION_STATE
02-20 19:37:52.290  1375  1481 D RIL     : requestRegistrationState
02-20 19:37:52.290  1375  1481 D AT      : AT> AT+CGREG?
02-20 19:37:52.291  1916  1998 D RILJ    : [3673]< OPERATOR {Android, Android, 310260} [SUB0]
02-20 19:37:52.291  1375  1486 D AT      : AT< +CGREG: 1,1,"0003","005b","000e"
02-20 19:37:52.291  1375  1486 D AT      : AT< OK
02-20 19:37:52.291  1375  1481 D RIL     : parseRegistrationState. Parsing: +CGREG: 1,1,"0003","005b","000e"
02-20 19:37:52.291  1375  1481 D RIL     : registration state type: 3GPP
02-20 19:37:52.291  1375  1481 D RIL     : onRequest: VOICE_REGISTRATION_STATE
02-20 19:37:52.291  1375  1481 D RIL     : requestRegistrationState
02-20 19:37:52.291  1375  1481 D AT      : AT> AT+CREG?
02-20 19:37:52.291  1916  1998 D RILJ    : [3674]< DATA_REGISTRATION_STATE {1, 3, 5b, 14, null, null} [SUB0]
02-20 19:37:52.291  1375  1486 D AT      : AT< +CREG: 2,1, "0003", "005b"
02-20 19:37:52.291  1375  1486 D AT      : AT< OK
02-20 19:37:52.291  1375  1481 D RIL     : parseRegistrationState. Parsing: +CREG: 2,1, "0003", "005b"
02-20 19:37:52.291  1375  1481 D RIL     : registration state type: 3GPP
02-20 19:37:52.291  1375  1481 D RIL     : onRequest: QUERY_NETWORK_SELECTION_MODE
02-20 19:37:52.291  1375  1481 D AT      : AT> AT+COPS?
02-20 19:37:52.291  1916  1998 D RILJ    : [3675]< VOICE_REGISTRATION_STATE {1, 3, 5b, 0, null, null, null, null, null, null, null, null, null, null, null} [SUB0]
02-20 19:37:52.292  1375  1486 D AT      : AT< +COPS: 0,2,310260
02-20 19:37:52.292  1375  1486 D AT      : AT< OK
02-20 19:37:52.292  1375  1481 D RIL     : onRequest: GET_CURRENT_CALLS
02-20 19:37:52.292  1375  1481 D AT      : AT> AT+CLCC
02-20 19:37:52.292  1916  1998 D RILJ    : [3676]< QUERY_NETWORK_SELECTION_MODE {0} [SUB0]
02-20 19:37:52.293  1916  1916 D SST     : EVENT_POLL_STATE_NETWORK_SELECTION_MODE
02-20 19:37:52.293  1916  1916 D SST     : EVENT_POLL_STATE_NETWORK_SELECTION_MODE
02-20 19:37:52.294  1375  1486 D AT      : AT< OK
02-20 19:37:52.294  1375  1481 D RIL     : onRequest: IMS_REGISTRATION_STATE
02-20 19:37:52.294  1375  1481 D RIL     : IMS_REGISTRATION=0, format=1 
02-20 19:37:52.294  1375  1481 D RIL     : onRequest: CDMA_GET_SUBSCRIPTION_SOURCE
02-20 19:37:52.294  1375  1481 D RIL     : Request not supported. Tech: 1
02-20 19:37:52.294  1375  1481 D RIL     : onRequest: VOICE_RADIO_TECH
02-20 19:37:52.294  1375  1481 D RIL     : onRequest: GET_SIM_STATUS
02-20 19:37:52.294  1375  1481 D RIL     : getSIMStatus(). sState: 10
02-20 19:37:52.294  1375  1481 D AT      : AT> AT+CPIN?
02-20 19:37:52.295  1916  1998 D RILJ    : [3677]< GET_CURRENT_CALLS {} [SUB0]
02-20 19:37:52.295  1916  1998 D RILJ    : [3678]< RIL_REQUEST_IMS_REGISTRATION_STATE {0, 1} [SUB0]
02-20 19:37:52.295  1916  1998 D RilRequest: [3679]< RIL_REQUEST_CDMA_GET_SUBSCRIPTION_SOURCE error: com.android.internal.telephony.CommandException: REQUEST_NOT_SUPPORTED ret=
02-20 19:37:52.295  1916  1998 D RILJ    : [3680]< RIL_REQUEST_VOICE_RADIO_TECH {11} [SUB0]
02-20 19:37:52.296  1375  1486 D AT      : AT< +CPIN: READY
02-20 19:37:52.296  1375  1486 D AT      : AT< OK
02-20 19:37:52.296  1916  1998 D RILJ    : [3681]< GET_SIM_STATUS IccCardState {CARDSTATE_PRESENT,PINSTATE_UNKNOWN,num_apps=2,gsm_id=0{APPTYPE_SIM,APPSTATE_READY},cdma_id=1{APPTYPE_RUIM,APPSTATE_READY},ims_id=8} [SUB0]
02-20 19:37:52.297  1916  1916 D PhoneSwitcher: evaluating due to netRequest default 0->1 phone[0] 0->-2
02-20 19:37:52.297  1668  1747 D NotificationSQLiteLog: Pruned event entries: 0
02-20 19:37:52.297  1916  1916 D TelephonyNetworkFactory[0]: not acting - isApp=false, isAct=false NetworkRequest [ REQUEST id=1, [ Capabilities: INTERNET&NOT_RESTRICTED&TRUSTED&NOT_VPN] ]
02-20 19:37:52.297  1916  1916 D CAT     : CatService: handleMessage[8]
02-20 19:37:52.297  1916  1916 D CAT     : CatService: MSG_ID_ICC_CHANGED
02-20 19:37:52.297  1916  1916 D CAT     : CatService: New Card State = CARDSTATE_PRESENT Old Card State = CARDSTATE_ABSENT
02-20 19:37:52.297  1916  1916 D RILJ    : [3682]> RIL_REQUEST_REPORT_STK_SERVICE_IS_RUNNING [SUB0]
02-20 19:37:52.298  1916  1916 D GsmCdmaPhone: [GsmCdmaPhone] New Uicc application found. type = APPTYPE_SIM
02-20 19:37:52.298  1916  1916 D GsmSMSDispatcher: GsmSMSDispatcher: subId = -2 slotId = 0
02-20 19:37:52.298  1916  1916 D GsmSMSDispatcher: New Uicc application found
02-20 19:37:52.298  1916  1916 D IccCardProxy: Icc changed. Reregestering.
02-20 19:37:52.298  1916  1916 D SST     : New card found
02-20 19:37:52.298  1375  1481 D RIL     : onRequest: REPORT_STK_SERVICE_IS_RUNNING
02-20 19:37:52.298  1916  1916 D CAT     : CatService: handleMessage[8]
02-20 19:37:52.298  1375  1481 D RIL     : Request not supported. Tech: 1
02-20 19:37:52.298  1916  1916 D CAT     : CatService: MSG_ID_ICC_CHANGED
02-20 19:37:52.298  1916  1916 D CAT     : CatService: New Card State = CARDSTATE_PRESENT Old Card State = CARDSTATE_PRESENT
02-20 19:37:52.298  1916  1916 E SST     : error parsing GprsRegistrationState: java.lang.NumberFormatException: null
02-20 19:37:52.298  1916  1916 D SST     : handlPollStateResultMessage: GsmSST setDataRegState=0 regState=1 dataRadioTechnology=14
02-20 19:37:52.298  1916  1998 D RilRequest: [3682]< RIL_REQUEST_REPORT_STK_SERVICE_IS_RUNNING error: com.android.internal.telephony.CommandException: REQUEST_NOT_SUPPORTED ret=
02-20 19:37:52.298  1916  1916 D SST     : EVENT_POLL_STATE_NETWORK_SELECTION_MODE
02-20 19:37:52.298  1916  1916 D SST     : Poll ServiceState done:  oldSS=[1 1 voice home data home null null null null null null  Unknown Unknown CSS not supported 0 0 RoamInd=0 DefRoamInd=0 EmergOnly=false IsDataRoamingFromRegistration=false IsUsingCarrierAggregation=false] newSS=[0 0 voice home data home Android Android 310260 Android Android 310260  Unknown LTE CSS not supported -1 -1 RoamInd=-1 DefRoamInd=-1 EmergOnly=false IsDataRoamingFromRegistration=false IsUsingCarrierAggregation=false] oldMaxDataCalls=1 mNewMaxDataCalls=1 oldReasonDataDenied=-1 mNewReasonDataDenied=-1
02-20 19:37:52.299  1916  1916 I gsm_service_state_change: [1,1,0,0]
02-20 19:37:52.299  1916  1916 D TelephonyManager: setTelephonyProperty: success phoneId=0 property=gsm.network.type value: LTE propVal=LTE
02-20 19:37:52.299  1916  1916 D SST     : pollStateDone: registering current mNitzUpdatedTime=true changing to false
02-20 19:37:52.299  1916  1916 D SIMRecords: [SIMRecords] getServiceProviderName: no brandOverride, providerName=null
02-20 19:37:52.299  1916  1916 D SIMRecords: [SIMRecords] getServiceProviderName: no brandOverride, providerName=null
02-20 19:37:52.299  1916  1916 D SST     : updateSpnDisplay: changed sending intent rule=2 showPlmn='true' plmn='Android' showSpn='false' spn='null' dataSpn='null' subId='-2'
02-20 19:37:52.300  1916  1916 D SubscriptionController: [setPlmnSpn] No valid subscription to store info
02-20 19:37:52.300  1916  1916 D SubscriptionController: notifySubscriptionInfoChanged:
02-20 19:37:52.300  1668  1691 D TelephonyRegistry: notifySubscriptionInfoChanged: first invocation mRecords.size=16
02-20 19:37:52.301  1668  1668 I GnssLocationProvider: WakeLock acquired by sendMessage(12, 0, null)
02-20 19:37:52.302  1916  1929 D SubscriptionController: [getActiveSubInfoList] Sub Controller not ready
02-20 19:37:52.302  1916  1916 D TelephonyManager: setTelephonyProperty: success phoneId=0 property=gsm.operator.alpha value: Android propVal=Android
02-20 19:37:52.303  1916  1916 D TelephonyManager: setTelephonyProperty: success phoneId=0 property=gsm.operator.numeric value: 310260 propVal=310260
02-20 19:37:52.303  1916  1916 D SST     : update mccmnc=310260 fromServiceState=true
02-20 19:37:52.303  1916  1916 D MccTable: updateMccMncConfiguration mccmnc='310260' fromServiceState=true
02-20 19:37:52.303  1916  1916 D SubscriptionController: [getPhoneId]- no sims, returning default phoneId=2147483647
02-20 19:37:52.304  1916  1916 D MccTable: updateMccMncConfiguration defaultMccMnc=
02-20 19:37:52.304  1916  1916 D MccTable: updateMccMncConfiguration: mcc=310, mnc=260
02-20 19:37:52.304  1916  1916 D MccTable: WIFI_COUNTRY_CODE set to us
02-20 19:37:52.305  1668  1958 I WifiService: WifiService trying to set country code to us with persist set to false
02-20 19:37:52.305  1668  1958 D WifiCountryCode: Succeeded to set country code to: US
02-20 19:37:52.305  1916  1916 D TelephonyManager: setTelephonyProperty: success phoneId=0 property=gsm.operator.iso-country value: us propVal=us
02-20 19:37:52.309  1916  1916 D SST     : pollStateDone: there are 6 unique offsets for iso-cc='us testOneUniqueOffsetPath=false', do nothing
02-20 19:37:52.310  1916  1916 D SST     : shouldFixTimeZoneNow: retVal=true iccCardExist=true operatorNumeric=310260 mcc=310 prevOperatorNumeric= prevMcc=311 needToFixTimeZone=false ltod=02-20 19:37:52.310
02-20 19:37:52.310  1916  1916 D SST     : fixTimeZone zoneName='GMT' mZoneOffset=0 mZoneDst=false iso-cc='us' iso-cc-idx=-21
02-20 19:37:52.310  1916  1916 D SST     : fixTimeZone: using default TimeZone
02-20 19:37:52.310  1916  1916 D SST     : fixTimeZone: zone != null zone.getID=GMT
02-20 19:37:52.310  1916  1916 D SST     : setAndBroadcastNetworkSetTimeZone: setTimeZone=GMT
02-20 19:37:52.310  1668  1691 D AlarmManagerService: Kernel timezone updated to 0 minutes west of GMT
02-20 19:37:52.310  1916  1916 D SST     : setAndBroadcastNetworkSetTimeZone: call alarm.setTimeZone and broadcast zoneId=GMT
02-20 19:37:52.310  1916  1916 D TelephonyManager: setTelephonyProperty: success phoneId=0 property=gsm.operator.isroaming value: false propVal=false
02-20 19:37:52.311  1916  1916 D SST     : Broadcasting ServiceState : 0 0 voice home data home Android Android 310260 Android Android 310260  Unknown LTE CSS not supported -1 -1 RoamInd=-1 DefRoamInd=-1 EmergOnly=false IsDataRoamingFromRegistration=false IsUsingCarrierAggregation=false
