02-20 19:37:48.895  1668  1730 D VoldConnector: RCV <- {649 disk:253,64}
02-20 19:37:48.895  1668  1730 D VoldConnector: RCV <- {640 disk:253,64 5}
02-20 19:37:48.895  1668  1730 D VoldConnector: RCV <- {641 disk:253,64 536870912}
02-20 19:37:48.895  1668  1730 D VoldConnector: RCV <- {642 disk:253,64 Virtual}
02-20 19:37:48.896  1668  1730 D VoldConnector: RCV <- {644 disk:253,64 /sys//devices/pci0000:00/0000:00:07.0/virtio4/block/vde}
02-20 19:37:48.896  1668  1698 V MountService: Found primary storage at VolumeInfo{emulated}:
02-20 19:37:48.896  1668  1698 V MountService:     type=EMULATED diskId=null partGuid=null mountFlags=0 mountUserId=-1 
02-20 19:37:48.896  1668  1698 V MountService:     state=UNMOUNTED 
02-20 19:37:48.896  1668  1698 V MountService:     fsType=null fsUuid=null fsLabel=null 
02-20 19:37:48.896  1668  1698 V MountService:     path=null internalPath=null 
02-20 19:37:48.896  1668  1694 D         : HostConnection::get() New Host Connection established 0x7c420a413620, tid 1694
02-20 19:37:48.922  1668  1668 I am_proc_start: [0,1766,10028,com.android.systemui,service,com.android.systemui/.ImageWallpaper]
02-20 19:37:48.923  1760  1760 W art     : Unexpected CPU variant for X86 using defaults: x86_64
02-20 19:37:48.924  1766  1766 W art     : Unexpected CPU variant for X86 using defaults: x86_64
02-20 19:37:48.925  1668  1668 I ActivityManager: Start proc 1766:com.android.systemui/u0a28 for service com.android.systemui/.ImageWallpaper
02-20 19:37:48.928  1267  1302 V vold    : DISK mbr
02-20 19:37:48.928  1267  1302 V vold    : 
02-20 19:37:48.929  1668  1668 D UsbAlsaManager: Adding ALSA device AlsaDevice: [card: 0, device: 0, type: 1]
02-20 19:37:48.929  1668  1668 D UsbAlsaManager: Adding ALSA device AlsaDevice: [card: 0, device: 0, type: 2]
02-20 19:37:48.930  1668  1749 E BluetoothAdapter: Bluetooth binder is null
02-20 19:37:48.930  1668  1668 I SystemServer: WebViewFactory preparation
02-20 19:37:48.931  1267  1302 W vold    : disk:253,64 has unknown partition table; trying entire device
02-20 19:37:48.931  1267  1302 V vold    : /system/bin/blkid
02-20 19:37:48.931  1267  1302 V vold    :     -c
02-20 19:37:48.931  1267  1302 V vold    :     /dev/null
02-20 19:37:48.931  1267  1302 V vold    :     -s
02-20 19:37:48.931  1267  1302 V vold    :     TYPE
02-20 19:37:48.931  1267  1302 V vold    :     -s
02-20 19:37:48.931  1267  1302 V vold    :     UUID
02-20 19:37:48.931  1267  1302 V vold    :     -s
02-20 19:37:48.931  1267  1302 V vold    :     LABEL
02-20 19:37:48.931  1267  1302 V vold    :     /dev/block/vold/disk:253,64
02-20 19:37:48.938  1668  1749 E BluetoothAdapter: Bluetooth binder is null
02-20 19:37:48.940  1365  1422 I AudioFlinger: systemReady
02-20 19:37:48.943  1668  1668 D WebViewFactory: Setting new address space to 137955392
02-20 19:37:48.998  1267  1302 V vold    : /dev/block/vold/disk:253,64: LABEL="SDCARD" UUID="1E12-0B12" TYPE="vfat" 
02-20 19:37:48.998  1267  1302 V vold    : 
02-20 19:37:48.998  1668  1730 D VoldConnector: RCV <- {650 public:253,64 0 "disk:253,64" ""}
02-20 19:37:48.998  1668  1730 D VoldConnector: RCV <- {651 public:253,64 0}
02-20 19:37:49.004  1668  1730 D VoldConnector: RCV <- {643 disk:253,64}
02-20 19:37:49.004  1668  1730 D VoldConnector: RCV <- {200 3 Command succeeded}
02-20 19:37:49.004  1668  1668 I Zygote  : Process: zygote socket opened, supported ABIS: x86
02-20 19:37:49.005  1668  1729 D VoldConnector: SND -> {4 volume user_added 0 0}
02-20 19:37:49.009  1668  1730 D VoldConnector: RCV <- {200 4 Command succeeded}
02-20 19:37:49.011  1364  1364 I art     : Starting a blocking GC Background
02-20 19:37:49.050  1668  1668 W ActivityManager: Slow operation: 61ms so far, now at startProcess: returned from zygote!
02-20 19:37:49.050  1668  1668 W ActivityManager: Slow operation: 61ms so far, now at startProcess: done updating battery stats
02-20 19:37:49.051  1668  1668 I am_proc_start: [0,1796,1037,WebViewLoader-x86,,]
02-20 19:37:49.051  1668  1668 W ActivityManager: Slow operation: 62ms so far, now at startProcess: building log message
02-20 19:37:49.051  1668  1668 I ActivityManager: Start proc 1796:WebViewLoader-x86/1037 [android.webkit.WebViewFactory$RelroFileCreator] for 
02-20 19:37:49.051  1668  1668 W ActivityManager: Slow operation: 62ms so far, now at startProcess: starting to update pids map
02-20 19:37:49.051  1668  1668 W ActivityManager: Slow operation: 62ms so far, now at startProcess: done updating pids map
02-20 19:37:49.051  1668  1668 W ActivityManager: Slow operation: 62ms so far, now at startProcess: done starting proc!
02-20 19:37:49.073  1801  1801 W art     : Unexpected CPU variant for X86 using defaults: x86_64
02-20 19:37:49.074  1668  1668 I am_proc_start: [0,1801,1037,WebViewLoader-x86_64,,]
02-20 19:37:49.074  1668  1668 I ActivityManager: Start proc 1801:WebViewLoader-x86_64/1037 [android.webkit.WebViewFactory$RelroFileCreator] for 
02-20 19:37:49.084  1668  1691 I am_proc_bound: [0,1766,com.android.systemui]
02-20 19:37:49.085  1796  1796 W art     : Unexpected CPU variant for X86 using defaults: x86
02-20 19:37:49.085  1668  1729 D VoldConnector: SND -> {5 volume mount emulated 3 -1}
02-20 19:37:49.087  1267  1302 V vold    : Waiting for FUSE to spin up...
02-20 19:37:49.087  1668  1730 D VoldConnector: RCV <- {651 emulated 1}
02-20 19:37:49.087  1668  1730 D VoldConnector: RCV <- {656 emulated /data/media}
02-20 19:37:49.087  1668  1730 D VoldConnector: RCV <- {655 emulated /storage/emulated}
02-20 19:37:49.089  1668  1690 I am_proc_bound: [0,1760,com.android.inputmethod.latin]
02-20 19:37:49.099  1668  1668 D NetworkManagement: enabling bandwidth control
02-20 19:37:49.106  1801  1801 V WebViewFactory: RelroFileCreator (64bit = true),  32-bit lib: /system/app/Chrome/Chrome.apk!/lib/x86/libmonochrome.so, 64-bit lib: /system/app/Chrome/Chrome.apk!/lib/x86_64/libmonochrome.so
02-20 19:37:49.110  1807  1807 W sdcard  : Device explicitly disabled sdcardfs
02-20 19:37:49.155  1267  1302 V vold    : Waiting for FUSE to spin up...
02-20 19:37:49.182  1766  1766 W System  : ClassLoader referenced unknown path: /system/priv-app/SystemUIGoogle/lib/x86_64
02-20 19:37:49.188     0     0 D SELinux : initialized (dev fuse, type fuse), uses genfs_contexts
02-20 19:37:49.191     0     0 D SELinux : initialized (dev fuse, type fuse), uses genfs_contexts
02-20 19:37:49.193     0     0 D SELinux : initialized (dev fuse, type fuse), uses genfs_contexts
02-20 19:37:49.203  1668  1737 D WifiController: DEFERRED_TOGGLE handled
02-20 19:37:49.206  1668  1730 D VoldConnector: RCV <- {651 emulated 2}
02-20 19:37:49.206  1668  1730 D VoldConnector: RCV <- {200 5 Command succeeded}
02-20 19:37:49.207  1668  1729 D VoldConnector: SND -> {6 volume mount public:253,64 2 0}
02-20 19:37:49.207  1267  1302 V vold    : /system/bin/blkid
02-20 19:37:49.207  1267  1302 V vold    :     -c
02-20 19:37:49.207  1267  1302 V vold    :     /dev/null
02-20 19:37:49.207  1267  1302 V vold    :     -s
02-20 19:37:49.207  1267  1302 V vold    :     TYPE
02-20 19:37:49.207  1267  1302 V vold    :     -s
02-20 19:37:49.207  1267  1302 V vold    :     UUID
02-20 19:37:49.207  1267  1302 V vold    :     -s
02-20 19:37:49.207  1267  1302 V vold    :     LABEL
02-20 19:37:49.207  1267  1302 V vold    :     /dev/block/vold/public:253,64
02-20 19:37:49.208  1668  1730 D VoldConnector: RCV <- {651 public:253,64 1}
02-20 19:37:49.208  1668  1793 E WVMExtractor: Failed to open libwvm.so: dlopen failed: library "libwvm.so" not found
02-20 19:37:49.225  1267  1302 V vold    : /dev/block/vold/public:253,64: LABEL="SDCARD" UUID="1E12-0B12" TYPE="vfat" 
02-20 19:37:49.225  1267  1302 V vold    : 
02-20 19:37:49.226  1267  1302 V vold    : /system/bin/fsck_msdos
02-20 19:37:49.226  1267  1302 V vold    :     -p
02-20 19:37:49.226  1267  1302 V vold    :     -f
02-20 19:37:49.226  1267  1302 V vold    :     /dev/block/vold/public:253,64
02-20 19:37:49.226  1668  1730 D VoldConnector: RCV <- {652 public:253,64 vfat}
02-20 19:37:49.226  1668  1730 D VoldConnector: RCV <- {653 public:253,64 1E12-0B12}
02-20 19:37:49.226  1668  1730 D VoldConnector: RCV <- {654 public:253,64 SDCARD}
02-20 19:37:49.309  1374  1685 D SoftapController: Softap fwReload - Ok
02-20 19:37:49.323  1760  1760 I LatinIME: Hardware accelerated drawing: true
02-20 19:37:49.358  1267  1302 I fsck_msdos: ** /dev/block/vold/public:253,64
02-20 19:37:49.361  1373  1373 I MediaPlayerService: MediaPlayerService::getOMX
02-20 19:37:49.363  1766  1766 V SystemUIService: Starting SystemUI services for user 0.
02-20 19:37:49.365  1796  1796 V WebViewFactory: RelroFileCreator (64bit = false),  32-bit lib: /system/app/Chrome/Chrome.apk!/lib/x86/libmonochrome.so, 64-bit lib: /system/app/Chrome/Chrome.apk!/lib/x86_64/libmonochrome.so
02-20 19:37:49.368  1373  1373 I OMXClient: MuxOMX ctor
02-20 19:37:49.369  1267  1302 I fsck_msdos: ** Phase 1 - Read and Compare FATs
02-20 19:37:49.369  1267  1302 I fsck_msdos: Attempting to allocate 1022 KB for FAT
02-20 19:37:49.370  1373  1373 I MediaPlayerService: MediaPlayerService::getOMX
02-20 19:37:49.372  1373  1373 I OMXClient: MuxOMX ctor
02-20 19:37:49.372  1370  1370 I OMXMaster: makeComponentInstance(OMX.google.mp3.decoder) in mediacodec process
02-20 19:37:49.493  1766  1766 V MediaRouter: Adding route: RouteInfo{ name=Phone, description=null, status=null, category=RouteCategory{ name=null types=ROUTE_TYPE_LIVE_AUDIO ROUTE_TYPE_LIVE_VIDEO  groupable=false }, supportedTypes=ROUTE_TYPE_LIVE_AUDIO ROUTE_TYPE_LIVE_VIDEO , presentationDisplay=null }
02-20 19:37:49.495  1766  1766 V MediaRouter: Updating audio routes: AudioRoutesInfo{ type=SPEAKER }
02-20 19:37:49.501  1766  1766 V MediaRouter: Selecting route: RouteInfo{ name=Phone, description=null, status=null, category=RouteCategory{ name=null types=ROUTE_TYPE_LIVE_AUDIO ROUTE_TYPE_LIVE_VIDEO  groupable=false }, supportedTypes=ROUTE_TYPE_LIVE_AUDIO ROUTE_TYPE_LIVE_VIDEO , presentationDisplay=null }
02-20 19:37:49.514  1267  1302 I fsck_msdos: Attempting to allocate 1022 KB for FAT
02-20 19:37:49.524  1373  1373 I MediaPlayerService: MediaPlayerService::getOMX
02-20 19:37:49.524  1373  1373 I OMXClient: MuxOMX ctor
02-20 19:37:49.524  1370  1392 I OMXMaster: makeComponentInstance(OMX.google.amrnb.decoder) in mediacodec process
02-20 19:37:49.553  1668  1690 D TelephonyRegistry: listen oscl: hasNotifySubscriptionInfoChangedOccurred==false no callback
02-20 19:37:49.571  1373  1373 I MediaPlayerService: MediaPlayerService::getOMX
02-20 19:37:49.571  1373  1373 I OMXClient: MuxOMX ctor
02-20 19:37:49.571  1370  1392 I OMXMaster: makeComponentInstance(OMX.google.amrwb.decoder) in mediacodec process
02-20 19:37:49.592  1668  1668 W NetworkManagement: setDataSaverMode(): already false
02-20 19:37:49.597  1373  1373 I MediaPlayerService: MediaPlayerService::getOMX
02-20 19:37:49.597  1373  1373 I OMXClient: MuxOMX ctor
02-20 19:37:49.597  1370  1392 I OMXMaster: makeComponentInstance(OMX.google.aac.decoder) in mediacodec process
02-20 19:37:49.610  1374  1685 D CommandListener: Setting iface cfg
02-20 19:37:49.610  1374  1685 D CommandListener: Trying to bring down wlan0
02-20 19:37:49.612  1374  1685 D CommandListener: Clearing all IP addresses on wlan0
02-20 19:37:49.613  1668  1738 E WifiMonitor: killSupplicant p2pfalse init.svc.wpa_supplicant=unknown init.svc.p2p_supplicant=unknown
02-20 19:37:49.614  1668  1738 E wifi    : Can not initialize the vendor function pointer table
02-20 19:37:49.614  1668  1738 E WifiNative-HAL: Could not start hal
02-20 19:37:49.614  1668  1738 E WifiStateMachine: Failed to start HAL
02-20 19:37:49.615  1373  1373 I MediaPlayerService: MediaPlayerService::getOMX
02-20 19:37:49.616  1373  1373 I OMXClient: MuxOMX ctor
02-20 19:37:49.616  1370  1392 I OMXMaster: makeComponentInstance(OMX.google.g711.alaw.decoder) in mediacodec process
02-20 19:37:49.622     0     0 I init    : Starting service 'wpa_supplicant'...
02-20 19:37:49.617  1801  1801 I art     : System.exit called, status: 0
02-20 19:37:49.617  1801  1801 I AndroidRuntime: VM exiting with result code 0, cleanup skipped.
02-20 19:37:49.625  1668  1738 D WifiMonitor: startMonitoring(wlan0) with mConnected = false
02-20 19:37:49.625  1668  1738 E WifiHW  : Unable to open connection to supplicant on "@android:wpa_wlan0": No such file or directory
02-20 19:37:49.631  1267  1302 I fsck_msdos: ** Phase 2 - Check Cluster Chains
02-20 19:37:49.657  1766  1862 E WVMExtractor: Failed to open libwvm.so: dlopen failed: library "libwvm.so" not found
02-20 19:37:49.665  1373  1373 I MediaPlayerService: MediaPlayerService::getOMX
02-20 19:37:49.666  1373  1373 I OMXClient: MuxOMX ctor
02-20 19:37:49.666  1370  1392 I OMXMaster: makeComponentInstance(OMX.google.g711.mlaw.decoder) in mediacodec process
02-20 19:37:49.667  1267  1302 I fsck_msdos: ** Phase 3 - Checking Directories
02-20 19:37:49.678  1267  1302 I fsck_msdos: ** Phase 4 - Checking for Lost Files
02-20 19:37:49.682  1267  1302 I fsck_msdos: 27 files, 522176 free (261088 clusters)
02-20 19:37:49.691  1760  1760 W InputAttributes: No editor info for this field. Bug?
02-20 19:37:49.709  1267  1302 I Vold    : Filesystem check completed OK
02-20 19:37:49.709  1668  1730 D VoldConnector: RCV <- {656 public:253,64 /mnt/media_rw/1E12-0B12}
02-20 19:37:49.710  1668  1730 D VoldConnector: RCV <- {655 public:253,64 /storage/1E12-0B12}
02-20 19:37:49.718  1267  1302 V vold    : Waiting for FUSE to spin up...
02-20 19:37:49.712     0     0 W FAT-fs (vde): Volume was not properly unmounted. Some data may be corrupt. Please run fsck.
02-20 19:37:49.714     0     0 D SELinux : initialized (dev vde, type vfat), uses genfs_contexts
02-20 19:37:49.729  1867  1867 W sdcard  : Device explicitly disabled sdcardfs
02-20 19:37:49.732  1796  1796 I art     : System.exit called, status: 0
02-20 19:37:49.732  1796  1796 I AndroidRuntime: VM exiting with result code 0, cleanup skipped.
02-20 19:37:49.732     0     0 D SELinux : initialized (dev fuse, type fuse), uses genfs_contexts
02-20 19:37:49.732     0     0 D SELinux : initialized (dev fuse, type fuse), uses genfs_contexts
02-20 19:37:49.735     0     0 D SELinux : initialized (dev fuse, type fuse), uses genfs_contexts
02-20 19:37:49.748     0     0 D ieee80211 phy0: mac80211_hwsim_start
02-20 19:37:49.748     0     0 D ieee80211 phy0: mac80211_hwsim_add_interface (type=2 mac_addr=02:00:00:44:55:66)
02-20 19:37:49.748     0     0 D ieee80211 phy0: mac80211_hwsim_bss_info_changed(changed=0xe)
02-20 19:37:49.748     0     0 D ieee80211 phy0: ERP_CTS_PROT: 0
02-20 19:37:49.748     0     0 D ieee80211 phy0: ERP_PREAMBLE: 0
02-20 19:37:49.748     0     0 D ieee80211 phy0: ERP_SLOT: 0
02-20 19:37:49.748     0     0 D ieee80211 phy0: mac80211_hwsim_conf_tx (queue=0 txop=0 cw_min=15 cw_max=1023 aifs=2)
02-20 19:37:49.748     0     0 D ieee80211 phy0: mac80211_hwsim_conf_tx (queue=1 txop=0 cw_min=15 cw_max=1023 aifs=2)
02-20 19:37:49.748     0     0 D ieee80211 phy0: mac80211_hwsim_conf_tx (queue=2 txop=0 cw_min=15 cw_max=1023 aifs=2)
02-20 19:37:49.748     0     0 D ieee80211 phy0: mac80211_hwsim_conf_tx (queue=3 txop=0 cw_min=15 cw_max=1023 aifs=2)
02-20 19:37:49.748     0     0 D ieee80211 phy0: mac80211_hwsim_bss_info_changed(changed=0x2000)
02-20 19:37:49.748     0     0 D ieee80211 phy0: mac80211_hwsim_config (freq=0 idle=0 ps=0 smps=auto)
02-20 19:37:49.749     0     0 D ieee80211 phy0: mac80211_hwsim_configure_filter
02-20 19:37:49.749     0     0 I IPv6    : ADDRCONF(NETDEV_UP): wlan0: link is not ready
02-20 19:37:49.749     0     0 D ieee80211 phy0: mac80211_hwsim_configure_filter
02-20 19:37:49.746  1859  1859 I wpa_supplicant: Successfully initialized wpa_supplicant
02-20 19:37:49.748  1859  1859 I wpa_supplicant: rfkill: Cannot open RFKILL control device
02-20 19:37:49.764  1760  1879 I LatinIME:LogUtils: Dictionary info: dictionary = userunigram.en_US ; version = 1519155469 ; date = ?
02-20 19:37:49.764  1760  1879 E ActivityThread: Failed to find provider info for user_dictionary
02-20 19:37:49.765  1760  1879 I LatinIME:LogUtils: Dictionary info: dictionary = UserHistoryDictionary.en_US ; version = 1519155469 ; date = ?
02-20 19:37:49.767  1373  1373 I MediaPlayerService: MediaPlayerService::getOMX
02-20 19:37:49.768  1373  1373 I OMXClient: MuxOMX ctor
02-20 19:37:49.768  1370  1392 I OMXMaster: makeComponentInstance(OMX.google.vorbis.decoder) in mediacodec process
02-20 19:37:49.770  1668  1730 D VoldConnector: RCV <- {651 public:253,64 2}
02-20 19:37:49.773  1668  1730 D VoldConnector: RCV <- {200 6 Command succeeded}
02-20 19:37:49.774  1668  1729 E VoldConnector: NDC Command {6 volume mount public:253,64 2 0} took too long (567ms)
02-20 19:37:49.804  1859  1859 I wpa_supplicant: nl80211: Could not re-add multicast membership for vendor events: -2 (No such file or directory)
02-20 19:37:49.833  1668  1694 W WindowManager: Keyguard drawn timeout. Setting mKeyguardDrawComplete
02-20 19:37:49.842  1373  1373 I MediaPlayerService: MediaPlayerService::getOMX
02-20 19:37:49.842  1373  1373 I OMXClient: MuxOMX ctor
02-20 19:37:49.842  1370  1847 I OMXMaster: makeComponentInstance(OMX.google.opus.decoder) in mediacodec process
02-20 19:37:49.846  1668  1668 D NetworkPolicy: setRestrictBackgroundUL(): false
02-20 19:37:49.846  1668  1668 W NetworkManagement: setDataSaverMode(): already false
02-20 19:37:49.892  1859  1859 E wpa_supplicant: global ctrl interface @android:wpa_wlan0 matches ctrl interface wlan0 - do not open per-interface ctrl interface
02-20 19:37:49.909  1373  1373 I MediaPlayerService: MediaPlayerService::getOMX
02-20 19:37:49.909  1373  1373 I OMXClient: MuxOMX ctor
02-20 19:37:49.909  1370  1847 I OMXMaster: makeComponentInstance(OMX.google.raw.decoder) in mediacodec process
02-20 19:37:49.942  1373  1373 I MediaPlayerService: MediaPlayerService::getOMX
02-20 19:37:49.942  1373  1373 I OMXClient: MuxOMX ctor
02-20 19:37:49.942  1370  1370 I OMXMaster: makeComponentInstance(OMX.google.aac.encoder) in mediacodec process
02-20 19:37:49.950  1373  1373 I MediaPlayerService: MediaPlayerService::getOMX
02-20 19:37:49.950  1373  1373 I OMXClient: MuxOMX ctor
02-20 19:37:49.950  1370  1370 I OMXMaster: makeComponentInstance(OMX.google.amrnb.encoder) in mediacodec process
02-20 19:37:49.955  1373  1373 I MediaPlayerService: MediaPlayerService::getOMX
02-20 19:37:49.956  1373  1373 I OMXClient: MuxOMX ctor
02-20 19:37:49.956  1370  1847 I OMXMaster: makeComponentInstance(OMX.google.amrwb.encoder) in mediacodec process
02-20 19:37:49.964  1373  1373 I MediaPlayerService: MediaPlayerService::getOMX
02-20 19:37:49.964  1373  1373 I OMXClient: MuxOMX ctor
02-20 19:37:49.964  1370  1392 I OMXMaster: makeComponentInstance(OMX.google.flac.encoder) in mediacodec process
02-20 19:37:49.965  1760  1879 I LatinIME:LogUtils: Dictionary info: dictionary = main:en ; version = 54 ; date = 1414726273
02-20 19:37:49.973  1766  1766 I vol.Events: writeEvent collection_started
02-20 19:37:50.013  1766  1905 I sysui_action: [213,2]
02-20 19:37:50.013  1766  1905 I vol.Events: writeEvent external_ringer_mode_changed normal
02-20 19:37:50.013  1766  1905 I vol.Events: writeEvent internal_ringer_mode_changed normal
02-20 19:37:50.047  1668  1668 I SystemServiceManager: Starting phase 600
02-20 19:37:50.067  1668  1734 I netstats_mobile_sample: [0,0,0,0,0,0,0,0,0,0,0,0,-1]
02-20 19:37:50.068  1668  1734 I netstats_wifi_sample: [0,0,0,0,0,0,0,0,0,0,0,0,-1]
02-20 19:37:50.087  1373  1373 I MediaPlayerService: MediaPlayerService::getOMX
02-20 19:37:50.087  1373  1373 I OMXClient: MuxOMX ctor
02-20 19:37:50.089  1370  1392 I OMXMaster: makeComponentInstance(OMX.google.gsm.decoder) in mediacodec process
02-20 19:37:50.094  1668  1668 D SensorNotificationService: Cannot obtain dynamic meta sensor, not supported.
02-20 19:37:50.105  1668  1668 D TelephonyRegistry: listen oscl: hasNotifySubscriptionInfoChangedOccurred==false no callback
02-20 19:37:50.128  1668  1668 I GnssLocationProvider: WakeLock acquired by sendMessage(13, 0, null)
02-20 19:37:50.130  1668  1668 W LocationProviderProxy-network: Odd, no component found for service com.android.location.service.v3.NetworkLocationProvider
02-20 19:37:50.134  1373  1373 I MediaPlayerService: MediaPlayerService::getOMX
02-20 19:37:50.134  1373  1373 I OMXClient: MuxOMX ctor
02-20 19:37:50.134  1370  1392 I OMXMaster: makeComponentInstance(OMX.google.mpeg4.decoder) in mediacodec process
02-20 19:37:50.134  1668  1668 W GeocoderProxy: Odd, no component found for service com.android.location.service.GeocodeProvider
02-20 19:37:50.135  1668  1668 E FlpHardwareProvider: Error hw_get_module 'flp': -2
02-20 19:37:50.135  1668  1668 D LocationManagerService: FLP HAL not supported
02-20 19:37:50.135  1668  1668 W GeofenceProxy: Odd, no component found for service com.android.location.service.GeofenceProvider
02-20 19:37:50.136  1668  1668 E ActivityRecognitionHardware: Error hw_get_module: -2
02-20 19:37:50.136  1668  1668 D LocationManagerService: Hardware Activity-Recognition not supported.
02-20 19:37:50.136  1668  1668 W ActivityRecognitionProxy: Odd, no component found for service com.android.location.service.ActivityRecognitionProvider
02-20 19:37:50.138  1668  1668 I GnssLocationProvider: WakeLock acquired by sendMessage(2, 1, null)
02-20 19:37:50.139  1668  1692 W GnssLocationProvider: Could not open GPS configuration file /etc/gps.conf
02-20 19:37:50.139  1668  1692 E GnssLocationProvider: no AGPS interface in set_agps_server
02-20 19:37:50.140  1668  1692 D TelephonyRegistry: listen oscl: hasNotifySubscriptionInfoChangedOccurred==false no callback
02-20 19:37:50.146  1668  1668 I CommonTimeManagementService: No common time service detected on this platform.  Common time services will be unavailable.
02-20 19:37:50.148  1668  1726 I InputReader: Reconfiguring input devices.  changes=0x00000030
02-20 19:37:50.148  1668  1668 D TelephonyRegistry: systemRunning register for intents
02-20 19:37:50.148  1668  1668 I MmsServiceBroker: Delay connecting to MmsService until an API is called
02-20 19:37:50.176  1668  1668 I am_proc_start: [0,1916,1001,com.android.phone,added application,com.android.phone]
02-20 19:37:50.177  1668  1668 I ActivityManager: Start proc 1916:com.android.phone/1001 for added application com.android.phone
02-20 19:37:50.177  1668  1668 I ActivityManager: START u0 {act=android.intent.action.MAIN cat=[android.intent.category.HOME] flg=0x10000100 cmp=com.android.settings/.FallbackHome} from uid 0 on display 0
02-20 19:37:50.178  1668  1668 W System  : ClassLoader referenced unknown path: 
02-20 19:37:50.178  1668  1668 W System  : ClassLoader referenced unknown path: /system/priv-app/Settings/lib/x86_64
02-20 19:37:50.181  1916  1916 W art     : Unexpected CPU variant for X86 using defaults: x86_64
02-20 19:37:50.191  1668  1668 D ApplicationLoaders: ignored Vulkan layer search path /system/priv-app/Settings/lib/x86_64:/system/priv-app/Settings/Settings.apk!/lib/x86_64:/system/lib64:/vendor/lib64 for namespace 0x7c4216836160
02-20 19:37:50.202  1668  1668 I ActivityManager: Loaded persisted task ids for user 0
02-20 19:37:50.203  1668  1668 I am_create_task: [0,1]
02-20 19:37:50.203  1668  1668 I am_create_activity: [0,130081603,1,com.android.settings/.FallbackHome,android.intent.action.MAIN,NULL,NULL,276824320]
02-20 19:37:50.203  1668  1668 I wm_task_created: [1,0]
02-20 19:37:50.203  1370  1847 E OMXNodeInstance: getExtensionIndex(55a000f:google.mpeg4.decoder, OMX.google.android.index.configureVideoTunnelMode) ERROR: UnsupportedIndex(0x8000101a)
02-20 19:37:50.203  1668  1668 I wm_task_moved: [1,1,0]
02-20 19:37:50.203  1370  1370 W OMXNodeInstance: [55a000f:google.mpeg4.decoder] component does not support metadata mode; using fallback
02-20 19:37:50.203  1668  1668 I wm_task_moved: [1,1,0]
02-20 19:37:50.204  1668  1668 I am_focused_activity: [0,com.android.settings/.FallbackHome,startedActivity]
02-20 19:37:50.208  1373  1373 I MediaPlayerService: MediaPlayerService::getOMX
02-20 19:37:50.208  1373  1373 I OMXClient: MuxOMX ctor
02-20 19:37:50.208  1370  1392 I OMXMaster: makeComponentInstance(OMX.google.h263.decoder) in mediacodec process
02-20 19:37:50.214  1932  1932 W art     : Unexpected CPU variant for X86 using defaults: x86_64
02-20 19:37:50.215  1668  1668 I am_proc_start: [0,1932,1000,com.android.settings,activity,com.android.settings/.FallbackHome]
02-20 19:37:50.215  1668  1668 I ActivityManager: Start proc 1932:com.android.settings/1000 for activity com.android.settings/.FallbackHome
02-20 19:37:50.217  1668  1794 I am_proc_bound: [0,1916,com.android.phone]
02-20 19:37:50.220  1668  1668 I SystemServer: Enabled StrictMode for system server main thread.
02-20 19:37:50.223  1668  1668 D ConditionProviders.SCP: onConnected
02-20 19:37:50.223  1668  1668 D ZenLog  : set_zen_mode: off,readXml
02-20 19:37:50.225  1668  1668 D ConditionProviders: Subscribing to condition://android/schedule?days=6.7&start=23.30&end=10.0&exitAtAlarm=false with ComponentInfo{android/com.android.server.notification.ScheduleConditionProvider}
02-20 19:37:50.225  1668  1668 D ZenLog  : subscribe: condition://android/schedule?days=6.7&start=23.30&end=10.0&exitAtAlarm=false,ok
02-20 19:37:50.225  1668  1668 D ConditionProviders: Subscribing to condition://android/event?userId=-10000&calendar=&reply=1 with ComponentInfo{android/com.android.server.notification.EventConditionProvider}
02-20 19:37:50.225  1668  1668 D ZenLog  : subscribe: condition://android/event?userId=-10000&calendar=&reply=1,ok
02-20 19:37:50.225  1668  1668 D ConditionProviders: Subscribing to condition://android/schedule?days=1.2.3.4.5&start=22.0&end=7.0&exitAtAlarm=false with ComponentInfo{android/com.android.server.notification.ScheduleConditionProvider}
02-20 19:37:50.225  1668  1668 D ZenLog  : subscribe: condition://android/schedule?days=1.2.3.4.5&start=22.0&end=7.0&exitAtAlarm=false,ok
02-20 19:37:50.234  1668  1691 I am_proc_bound: [0,1932,com.android.settings]
02-20 19:37:50.220     0     0 D ieee80211 phy1: mac80211_hwsim_configure_filter
02-20 19:37:50.251  1668  1692 I GnssLocationProvider: WakeLock released by handleMessage(13, 0, null)
02-20 19:37:50.252  1668  1692 E GnssLocationProvider: no AGPS interface in set_agps_server
02-20 19:37:50.258  1370  1370 E OMXNodeInstance: getExtensionIndex(55a0010:google.h263.decoder, OMX.google.android.index.configureVideoTunnelMode) ERROR: UnsupportedIndex(0x8000101a)
02-20 19:37:50.258  1370  1847 W OMXNodeInstance: [55a0010:google.h263.decoder] component does not support metadata mode; using fallback
02-20 19:37:50.261  1373  1373 I MediaPlayerService: MediaPlayerService::getOMX
02-20 19:37:50.261  1373  1373 I OMXClient: MuxOMX ctor
02-20 19:37:50.261  1370  1392 I OMXMaster: makeComponentInstance(OMX.google.h264.decoder) in mediacodec process
02-20 19:37:50.261  1916  1916 W System  : ClassLoader referenced unknown path: /system/priv-app/TeleService/lib/x86_64
02-20 19:37:50.263  1668  1692 I GnssLocationProvider: WakeLock released by handleMessage(2, 1, null)
02-20 19:37:50.263  1668  1692 W LocationProviderProxy-network: Odd, no component found for service com.android.location.service.v3.NetworkLocationProvider
02-20 19:37:50.263  1668  1692 W GeocoderProxy: Odd, no component found for service com.android.location.service.GeocodeProvider
02-20 19:37:50.263  1668  1692 W GeofenceProxy: Odd, no component found for service com.android.location.service.GeofenceProvider
02-20 19:37:50.263  1668  1692 W ActivityRecognitionProxy: Odd, no component found for service com.android.location.service.ActivityRecognitionProvider
02-20 19:37:50.286  1373  1373 W ACodec  : [OMX.google.h264.decoder] stopping checking profiles after 32: 2/8000
02-20 19:37:50.288  1370  1847 E OMXNodeInstance: getExtensionIndex(55a0011:google.h264.decoder, OMX.google.android.index.configureVideoTunnelMode) ERROR: UnsupportedIndex(0x8000101a)
02-20 19:37:50.289  1312  1323 D PermissionCache: checking android.permission.READ_FRAME_BUFFER for uid=1000 => granted (4099 us)
02-20 19:37:50.290  1370  1392 W OMXNodeInstance: [55a0011:google.h264.decoder] component does not support metadata mode; using fallback
02-20 19:37:50.296  1668  1690 I stream_devices_changed: [0,0,2]
02-20 19:37:50.297  1373  1373 I MediaPlayerService: MediaPlayerService::getOMX
02-20 19:37:50.297  1373  1373 I OMXClient: MuxOMX ctor
02-20 19:37:50.297  1370  1370 I OMXMaster: makeComponentInstance(OMX.google.hevc.decoder) in mediacodec process
02-20 19:37:50.334  1312  1323 D gralloc_ranchu: gralloc_alloc: Creating ashmem region of size 17051648
02-20 19:37:50.347  1370  1392 E OMXNodeInstance: getExtensionIndex(55a0012:google.hevc.decoder, OMX.google.android.index.configureVideoTunnelMode) ERROR: UnsupportedIndex(0x8000101a)
02-20 19:37:50.347  1370  1847 W OMXNodeInstance: [55a0012:google.hevc.decoder] component does not support metadata mode; using fallback
02-20 19:37:50.348  1373  1373 I MediaPlayerService: MediaPlayerService::getOMX
02-20 19:37:50.348  1373  1373 I OMXClient: MuxOMX ctor
02-20 19:37:50.348  1370  1370 I OMXMaster: makeComponentInstance(OMX.google.vp8.decoder) in mediacodec process
02-20 19:37:50.369  1370  1392 E OMXNodeInstance: getExtensionIndex(55a0013:google.vp8.decoder, OMX.google.android.index.configureVideoTunnelMode) ERROR: UnsupportedIndex(0x8000101a)
02-20 19:37:50.369  1370  1847 W OMXNodeInstance: [55a0013:google.vp8.decoder] component does not support metadata mode; using fallback
02-20 19:37:50.371  1373  1373 I MediaPlayerService: MediaPlayerService::getOMX
02-20 19:37:50.371  1373  1373 I OMXClient: MuxOMX ctor
02-20 19:37:50.371  1370  1370 I OMXMaster: makeComponentInstance(OMX.google.vp9.decoder) in mediacodec process
02-20 19:37:50.385  1370  1847 E OMXNodeInstance: getExtensionIndex(55a0014:google.vp9.decoder, OMX.google.android.index.configureVideoTunnelMode) ERROR: UnsupportedIndex(0x8000101a)
02-20 19:37:50.385  1370  1370 W OMXNodeInstance: [55a0014:google.vp9.decoder] component does not support metadata mode; using fallback
02-20 19:37:50.388  1373  1373 I MediaPlayerService: MediaPlayerService::getOMX
02-20 19:37:50.388  1373  1373 I OMXClient: MuxOMX ctor
02-20 19:37:50.388  1370  1370 I OMXMaster: makeComponentInstance(OMX.google.h263.encoder) in mediacodec process
02-20 19:37:50.406  1370  1370 I SoftMPEG4Encoder: Construct SoftMPEG4Encoder
02-20 19:37:50.407  1373  1373 W ACodec  : do not know color format 0x7f000789 = 2130708361
02-20 19:37:50.408  1370  1968 E OMXNodeInstance: getConfig(55a0015:google.h263.encoder, ConfigAndroidIntraRefresh(0x6f60000a)) ERROR: Undefined(0x80001001)
02-20 19:37:50.409  1373  1373 I MediaPlayerService: MediaPlayerService::getOMX
02-20 19:37:50.410  1373  1373 I OMXClient: MuxOMX ctor
02-20 19:37:50.410  1370  1370 I OMXMaster: makeComponentInstance(OMX.google.h264.encoder) in mediacodec process
02-20 19:37:50.440  1373  1373 W ACodec  : do not know color format 0x7f000789 = 2130708361
02-20 19:37:50.444  1373  1373 I MediaPlayerService: MediaPlayerService::getOMX
02-20 19:37:50.444  1373  1373 I OMXClient: MuxOMX ctor
02-20 19:37:50.444  1370  1392 I OMXMaster: makeComponentInstance(OMX.google.mpeg4.encoder) in mediacodec process
02-20 19:37:50.452  1668  1691 I am_restart_activity: [0,130081603,1,com.android.settings/.FallbackHome]
02-20 19:37:50.459  1668  1700 W art     : Long monitor contention with owner Binder:1668_2 (1691) at void com.android.server.am.ActivityManagerService.attachApplication(android.app.IApplicationThread)(ActivityManagerService.java:6669) waiters=0 in void com.android.server.am.ActivityManagerService$LocalService.notifyAppTransitionCancelled() for 222ms
02-20 19:37:50.459  1668  1700 I dvm_lock_sample: [system_server,1,android.display,222,ActivityManagerService.java,21995,-,6669,44]
02-20 19:37:50.459  1668  1668 W art     : Long monitor contention with owner Binder:1668_2 (1691) at void com.android.server.am.ActivityManagerService.attachApplication(android.app.IApplicationThread)(ActivityManagerService.java:6669) waiters=1 in int com.android.server.am.ActivityManagerService.getMemoryTrimLevel() for 216ms
02-20 19:37:50.459  1668  1668 I dvm_lock_sample: [system_server,1,main,216,ActivityManagerService.java,14091,-,6669,43]
02-20 19:37:50.459  1668  1792 W art     : Long monitor contention with owner Binder:1668_2 (1691) at void com.android.server.am.ActivityManagerService.attachApplication(android.app.IApplicationThread)(ActivityManagerService.java:6669) waiters=4 in void com.android.server.am.ActivityManagerService.addPackageDependency(java.lang.String) for 130ms
02-20 19:37:50.459  1668  1792 I dvm_lock_sample: [system_server,1,Binder:1668_3,130,ActivityManagerService.java,5765,-,6669,26]
02-20 19:37:50.462  1668  1668 D RttService: SCAN_AVAILABLE : 1
02-20 19:37:50.463  1668  1668 D ZenLog  : set_zen_mode: off,cleanUpZenRules
02-20 19:37:50.464  1668  1740 I WifiScanningService: wifi driver unloaded
02-20 19:37:50.464  1668  1741 D RttService: DefaultState got{ when=-2ms what=160513 target=com.android.internal.util.StateMachine$SmHandler }
02-20 19:37:50.472  1668  1690 I stream_devices_changed: [2,0,2]
02-20 19:37:50.473  1668  1690 I stream_devices_changed: [3,0,2]
02-20 19:37:50.474  1668  1690 I stream_devices_changed: [6,0,2]
02-20 19:37:50.475  1932  1932 W System  : ClassLoader referenced unknown path: /system/priv-app/Settings/lib/x86_64
02-20 19:37:50.479  1668  1668 W System  : ClassLoader referenced unknown path: /system/priv-app/Telecom/lib/x86_64
02-20 19:37:50.479  1668  1668 D ApplicationLoaders: ignored Vulkan layer search path /system/priv-app/Telecom/lib/x86_64:/system/priv-app/Telecom/Telecom.apk!/lib/x86_64:/system/lib64:/vendor/lib64 for namespace 0x7c42168361d0
02-20 19:37:50.481  1668  1690 I stream_devices_changed: [4,0,2]
02-20 19:37:50.490  1916  1916 W System  : ClassLoader referenced unknown path: /system/priv-app/TelephonyProvider/lib/x86_64
02-20 19:37:50.490  1916  1916 D ApplicationLoaders: ignored Vulkan layer search path /system/priv-app/TelephonyProvider/lib/x86_64:/system/lib64:/vendor/lib64 for namespace 0x7c42167cb0f0
02-20 19:37:50.507  1766  1905 I vol.Events: writeEvent level_changed STREAM_ALARM 6
02-20 19:37:50.534  1766  1905 I vol.Events: writeEvent level_changed STREAM_BLUETOOTH_SCO 7
02-20 19:37:50.538  1766  1905 I vol.Events: writeEvent level_changed STREAM_MUSIC 11
02-20 19:37:50.539  1766  1905 I vol.Events: writeEvent level_changed STREAM_RING 5
02-20 19:37:50.539  1766  1905 I vol.Events: writeEvent level_changed STREAM_SYSTEM 5
02-20 19:37:50.544  1766  1905 I vol.Events: writeEvent level_changed STREAM_VOICE_CALL 4
02-20 19:37:50.561  1370  1392 I SoftMPEG4Encoder: Construct SoftMPEG4Encoder
02-20 19:37:50.562  1373  1373 W ACodec  : do not know color format 0x7f000789 = 2130708361
02-20 19:37:50.562  1370  1847 E OMXNodeInstance: getConfig(55a0017:google.mpeg4.encoder, ConfigAndroidIntraRefresh(0x6f60000a)) ERROR: Undefined(0x80001001)
02-20 19:37:50.562  1932  1932 I am_on_resume_called: [0,com.android.settings.FallbackHome,LAUNCH_ACTIVITY]
02-20 19:37:50.563  1312  1323 E SurfaceFlinger: ro.sf.lcd_density must be defined as a build property
02-20 19:37:50.582  1373  1373 I MediaPlayerService: MediaPlayerService::getOMX
02-20 19:37:50.582  1373  1373 I OMXClient: MuxOMX ctor
02-20 19:37:50.582  1370  1847 I OMXMaster: makeComponentInstance(OMX.google.vp8.encoder) in mediacodec process
02-20 19:37:50.585  1312  1323 E SurfaceFlinger: ro.sf.lcd_density must be defined as a build property
02-20 19:37:50.594  1932  1932 D         : HostConnection::get() New Host Connection established 0x7c4207bf8e20, tid 1932
02-20 19:37:50.598  1766  1766 D         : HostConnection::get() New Host Connection established 0x7c41f76458a0, tid 1766
02-20 19:37:50.622  1916  1916 D TelephonyProvider: dbh.onOpen: ok, queried table=siminfo
02-20 19:37:50.622  1916  1916 D TelephonyProvider: dbh.onOpen: ok, queried table=carriers
02-20 19:37:50.623  1668  1668 E BluetoothAdapter: Bluetooth binder is null
02-20 19:37:50.643  1668  1738 D WifiConfigManager: Loading config and enabling all networks 
02-20 19:37:50.651  1668  1668 I Telecom : SystemStateProvider: Registering car mode receiver: android.content.IntentFilter@6182305: TS.init@AAA
02-20 19:37:50.651  1373  1373 W ACodec  : do not know color format 0x7f000789 = 2130708361
02-20 19:37:50.651  1370  1392 E OMXNodeInstance: getConfig(55a0018:google.vp8.encoder, ConfigAndroidIntraRefresh(0x6f60000a)) ERROR: Undefined(0x80001001)
02-20 19:37:50.652  1668  1738 W WifiNetworkHistory: Upgrading network 0 to android.uid.system:1000
02-20 19:37:50.653  1668  1738 D WifiConfigManager: loaded 0 passpoint configs
02-20 19:37:50.654  1668  1738 E IpConfigStore: Error parsing configuration: java.io.FileNotFoundException: /data/misc/wifi/ipconfig.txt (No such file or directory)
02-20 19:37:50.655  1766  1766 D StorageNotification: Notifying about private volume: VolumeInfo{private}:
02-20 19:37:50.655  1766  1766 D StorageNotification:     type=PRIVATE diskId=null partGuid=null mountFlags=0 mountUserId=-1 
02-20 19:37:50.655  1766  1766 D StorageNotification:     state=MOUNTED 
02-20 19:37:50.655  1766  1766 D StorageNotification:     fsType=null fsUuid=null fsLabel=null 
02-20 19:37:50.655  1766  1766 D StorageNotification:     path=/data internalPath=null 
02-20 19:37:50.655  1668  1738 D WifiNative-HAL: Setting external_sim to 1
02-20 19:37:50.656  1668  1738 D WifiStateMachine: Setting OUI to DA-A1-19
02-20 19:37:50.656  1766  1766 D StorageNotification: Notifying about public volume: VolumeInfo{public:253,64}:
02-20 19:37:50.656  1766  1766 D StorageNotification:     type=PUBLIC diskId=disk:253,64 partGuid=null mountFlags=VISIBLE 
02-20 19:37:50.656  1766  1766 D StorageNotification:     mountUserId=0 state=MOUNTED 
02-20 19:37:50.656  1766  1766 D StorageNotification:     fsType=vfat fsUuid=1E12-0B12 fsLabel=SDCARD 
02-20 19:37:50.656  1766  1766 D StorageNotification:     path=/storage/1E12-0B12 internalPath=/mnt/media_rw/1E12-0B12 
02-20 19:37:50.656  1668  1738 I WifiConnectivityManager: PNO settings: min5GHzRssi -82 min24GHzRssi -85 currentConnectionBonus 16 sameNetworkBonus 24 secureNetworkBonus 80 initialScoreMax 100
02-20 19:37:50.659  1668  1738 I WifiConnectivityManager: ConnectivityScanManager initialized and disabled
02-20 19:37:50.659  1668  1738 I WifiConnectivityManager: setUntrustedConnectionAllowed: allowed=false
02-20 19:37:50.659  1668  1738 E WifiLogger: no ring buffers found
02-20 19:37:50.659  1668  1738 E WifiLogger: Failed to start packet fate monitoring
02-20 19:37:50.666  1373  1373 I MediaPlayerService: MediaPlayerService::getOMX
02-20 19:37:50.667  1373  1373 I OMXClient: MuxOMX ctor
02-20 19:37:50.667  1373  1373 I MediaPlayerService: MediaPlayerService::getOMX
02-20 19:37:50.668  1373  1373 I OMXClient: MuxOMX ctor
02-20 19:37:50.668  1373  1373 W MediaCodecList: unable to open media codecs configuration xml file: /data/misc/media/media_codecs_profiling_results.xml
02-20 19:37:50.669  1668  1738 I WifiConnectivityManager: Set WiFi enabled
02-20 19:37:50.669  1373  1884 I MediaPlayerService: MediaPlayerService::getOMX
02-20 19:37:50.669  1373  1848 I MediaPlayerService: MediaPlayerService::getOMX
02-20 19:37:50.669  1668  1738 I WifiConnectivityManager: scheduleWatchdogTimer
02-20 19:37:50.669  1766  1865 I OMXClient: MuxOMX ctor
02-20 19:37:50.670  1370  1847 I OMXMaster: makeComponentInstance(OMX.google.vorbis.decoder) in mediacodec process
02-20 19:37:50.678  1668  1841 I OMXClient: MuxOMX ctor
02-20 19:37:50.693  1916  1916 D TDC     : updateOrInsert: inserting: Modem { uuid=modem, state=0, rilModel=0, rat={}, maxActiveVoiceCall=1, maxActiveDataCall=1, maxStandby=1 }
02-20 19:37:50.693  1916  1916 D TDC     : updateOrInsert: inserting: Sim { uuid=sim, modemUuid=modem, state=0 }
02-20 19:37:50.686  1668  1982 I Telecom : Telecom: Non-call EVENT: AUDIO_ROUTE, Entering state QuiescentEarpieceRoute
02-20 19:37:50.694  1932  1975 D         : HostConnection::get() New Host Connection established 0x7c4207bf8ee0, tid 1975
02-20 19:37:50.704  1312  1757 D         : HostConnection::get() New Host Connection established 0x789b9881b300, tid 1757
02-20 19:37:50.708  1932  1975 I OpenGLRenderer: Initialized EGL, version 1.4
02-20 19:37:50.708  1932  1975 D OpenGLRenderer: Swap behavior 1
02-20 19:37:50.714  1668  1738 D WifiNative-HAL: Failing getSupportedFeatureset because HAL isn't started
02-20 19:37:50.715  1668  1984 I Telecom : CallAudioModeStateMachine: Message received: null.: TS.init->CAMSM.pM_1@AAA_0
02-20 19:37:50.716  1668  1696 E BatteryStatsService: no controller energy info supplied
02-20 19:37:50.716  1668  1696 E KernelCpuSpeedReader: Failed to read cpu-freq: /sys/devices/system/cpu/cpu0/cpufreq/stats/time_in_state (No such file or directory)
02-20 19:37:50.717  1668  1696 E KernelUidCpuTimeReader: Failed to read uid_cputime: /proc/uid_cputime/show_uid_stat (No such file or directory)
02-20 19:37:50.717  1668  1738 D WifiNative-HAL: Failing getSupportedFeatureset because HAL isn't started
02-20 19:37:50.717  1668  1696 E BatteryStatsService: no controller energy info supplied
02-20 19:37:50.717  1668  1696 E KernelCpuSpeedReader: Failed to read cpu-freq: /sys/devices/system/cpu/cpu0/cpufreq/stats/time_in_state (No such file or directory)
02-20 19:37:50.717  1668  1696 E KernelUidCpuTimeReader: Failed to read uid_cputime: /proc/uid_cputime/show_uid_stat (No such file or directory)
02-20 19:37:50.722  1916  1916 D CdmaSSM : subscriptionSource from settings: 0
02-20 19:37:50.722  1916  1916 I PhoneFactory: Cdma Subscription set to 0
02-20 19:37:50.727  1668  1668 E BluetoothAdapter: Bluetooth binder is null
02-20 19:37:50.731  1668  1668 I Telecom : Class: TelecomSystem.INSTANCE being set
02-20 19:37:50.732  1668  1668 E BluetoothAdapter: Bluetooth binder is null
02-20 19:37:50.733  1668  1668 W ContextImpl: Calling a method in the system process without a qualified user: android.app.ContextImpl.startService:1357 com.android.server.content.SyncManager$13.run:658 android.os.Handler.handleCallback:751 android.os.Handler.dispatchMessage:95 android.os.Looper.loop:154 
02-20 19:37:50.735  1668  1986 E ActivityThread: Failed to find provider info for call_log
02-20 19:37:50.736  1916  1916 I PhoneFactory: Network Mode set to 0
02-20 19:37:50.739  1916  1916 D RILJ    : RIL(context, preferredNetworkType=0 cdmaSubscription=0)
02-20 19:37:50.742  1932  1975 D EGL_emulation: eglCreateContext: 0x7c4207b79480: maj 3 min 0 rcv 3
02-20 19:37:50.744  1370  1968 I OMXMaster: makeComponentInstance(OMX.google.vorbis.decoder) in mediacodec process
02-20 19:37:50.748  1916  1916 D RILJ    : Starting RILReceiver0 [SUB0]
02-20 19:37:50.753  1916  1916 D RILJ    : [3648]> GET_HARDWARE_CONFIG [SUB0]
02-20 19:37:50.753  1916  1916 D RilRequest: [3648]< GET_HARDWARE_CONFIG error: com.android.internal.telephony.CommandException: RADIO_NOT_AVAILABLE ret=
02-20 19:37:50.753  1916  1916 I PhoneFactory: Creating SubscriptionController
02-20 19:37:50.765  1916  1916 D SubscriptionController: [SubscriptionController] init by Context
02-20 19:37:50.769  1916  1916 D UiccController: Creating UiccController
02-20 19:37:50.771  1916  1916 D TelephonyTester: register for intent action=com.android.internal.telephony.action_detached
02-20 19:37:50.771  1916  1916 D TelephonyTester: register for intent action=com.android.internal.telephony.action_attached
02-20 19:37:50.772  1375  1481 I RILC    : libril: new connection to RIL_SOCKET_1
02-20 19:37:50.772  1375  1481 I RILC    : RIL Daemon version: android reference-ril 1.0
02-20 19:37:50.772  1916  1998 I RILJ    : (0) Connected to 'rild' socket
02-20 19:37:50.772  1916  1998 D RILJ    : [UNSL]< UNSOL_RIL_CONNECTED {12} [SUB0]
02-20 19:37:50.772  1916  1998 D RILJ    : [3649]> RADIO_POWER off [SUB0]
02-20 19:37:50.789  1916  1998 D RILJ    : [3650]> RIL_REQUEST_CDMA_SET_SUBSCRIPTION_SOURCE : 0 [SUB0]
02-20 19:37:50.790  1375  1481 D RIL     : onRequest: RADIO_POWER
02-20 19:37:50.791  1916  1998 D RILJ    : setCellInfoListRate: 2147483647 [SUB0]
02-20 19:37:50.791  1916  1998 D RILJ    : [3651]> RIL_REQUEST_SET_CELL_INFO_LIST_RATE [SUB0]
02-20 19:37:50.792  1916  1998 D RILJ    : [UNSL]< UNSOL_RESPONSE_RADIO_STATE_CHANGED RADIO_OFF [SUB0]
02-20 19:37:50.792  1916  1998 D RILJ    : [3652]> SCREEN_STATE: true [SUB0]
02-20 19:37:50.793  1916  1998 D RILJ    : [UNSL]< UNSOL_NITZ_TIME_RECEIVED 18/02/20:19:37:43+0:0:Unknown!Unknown [SUB0]
02-20 19:37:50.793  1916  1998 D RILJ    : [3649]< RADIO_POWER  [SUB0]
02-20 19:37:50.794  1375  1481 D RIL     : onRequest: CDMA_SET_SUBSCRIPTION_SOURCE
02-20 19:37:50.794  1375  1481 D RIL     : onRequest: SET_UNSOL_CELL_INFO_LIST_RATE
02-20 19:37:50.794  1375  1481 D RIL     : onRequest: SCREEN_STATE
02-20 19:37:50.794  1916  1998 D RilRequest: [3650]< RIL_REQUEST_CDMA_SET_SUBSCRIPTION_SOURCE error: com.android.internal.telephony.CommandException: RADIO_NOT_AVAILABLE ret=
02-20 19:37:50.794  1916  1998 D RilRequest: [3651]< RIL_REQUEST_SET_CELL_INFO_LIST_RATE error: com.android.internal.telephony.CommandException: RADIO_NOT_AVAILABLE ret=
02-20 19:37:50.794  1916  1998 D RilRequest: [3652]< SCREEN_STATE error: com.android.internal.telephony.CommandException: RADIO_NOT_AVAILABLE ret=
02-20 19:37:50.809  1916  1916 D Phone   : mDoesRilSendMultipleCallRing=true
02-20 19:37:50.809  1916  1916 D Phone   : mCallRingDelay=3000
02-20 19:37:50.827  1916  1916 D RILJ    : [3653]> RIL_REQUEST_START_LCE [SUB0]
02-20 19:37:50.827  1375  1481 D RIL     : onRequest: <unknown request>
02-20 19:37:50.827  1916  1998 D RilRequest: [3653]< RIL_REQUEST_START_LCE error: com.android.internal.telephony.CommandException: RADIO_NOT_AVAILABLE ret=
02-20 19:37:50.829  1373  1884 I MediaPlayerService: MediaPlayerService::getOMX
02-20 19:37:50.829  1766  2005 I OMXClient: MuxOMX ctor
02-20 19:37:50.829  1370  1847 I OMXMaster: makeComponentInstance(OMX.google.vorbis.decoder) in mediacodec process
02-20 19:37:50.832  1668  1668 W System  : ClassLoader referenced unknown path: /system/priv-app/FusedLocation/lib/x86_64
02-20 19:37:50.846  1932  1975 D EGL_emulation: eglMakeCurrent: 0x7c4207b79480: ver 3 0 (tinfo 0x7c42121edaa0)
02-20 19:37:50.861  1668  1668 D ApplicationLoaders: ignored Vulkan layer search path /system/priv-app/FusedLocation/lib/x86_64:/system/priv-app/FusedLocation/FusedLocation.apk!/lib/x86_64:/system/lib64:/vendor/lib64 for namespace 0x7c4216836240
02-20 19:37:50.876  1916  1916 E RIL_ImsSms: getFormat should never be called from here!
02-20 19:37:50.876  1916  1916 D SMSDispatcher: SMSDispatcher: ctor mSmsCapable=true format=unknown mSmsSendDisabled=false
02-20 19:37:50.876  1916  1916 D RIL_ImsSms: ImsSMSDispatcher created
02-20 19:37:50.876  1916  1916 D SMSDispatcher: SMSDispatcher: ctor mSmsCapable=true format=3gpp2 mSmsSendDisabled=false
02-20 19:37:50.876  1916  1916 D CdmaSMSDispatcher: CdmaSMSDispatcher created
02-20 19:37:50.895  1916  1916 D GsmInboundSmsHandler: created InboundSmsHandler
02-20 19:37:50.897  1373  1413 I MediaPlayerService: MediaPlayerService::getOMX
02-20 19:37:50.897  1766  2012 I OMXClient: MuxOMX ctor
02-20 19:37:50.897  1370  1370 I OMXMaster: makeComponentInstance(OMX.google.vorbis.decoder) in mediacodec process
02-20 19:37:50.899  1668  1958 I StatusBarManagerService: registerStatusBar bar=com.android.internal.statusbar.IStatusBar$Stub$Proxy@d0be05d
02-20 19:37:50.928  1916  1916 D CdmaInboundSmsHandler: created InboundSmsHandler
02-20 19:37:50.939  1916  1916 D SMSDispatcher: SMSDispatcher: ctor mSmsCapable=true format=3gpp mSmsSendDisabled=false
02-20 19:37:50.939  1916  1916 D GsmSMSDispatcher: GsmSMSDispatcher created
02-20 19:37:50.940  1916  2011 D GsmInboundSmsHandler: StartupState.processMessage:6
02-20 19:37:50.940  1916  2011 D GsmInboundSmsHandler: entering Idle state
02-20 19:37:50.940  1916  2014 D CdmaInboundSmsHandler: StartupState.processMessage:6
02-20 19:37:50.940  1916  2014 D CdmaInboundSmsHandler: entering Idle state
02-20 19:37:50.943  1373  1848 I MediaPlayerService: MediaPlayerService::getOMX
02-20 19:37:50.943  1668  2016 I OMXClient: MuxOMX ctor
02-20 19:37:50.945  1916  1916 D IccCardProxy: ctor: ci=com.android.internal.telephony.RIL@676236b phoneId=0
02-20 19:37:50.945  1916  1916 D CdmaSSM : subscriptionSource from settings: 0
02-20 19:37:50.945  1916  1916 D CdmaSSM : cdmaSSM constructor: 0
02-20 19:37:50.945  1916  1916 D IccCardProxy: update icc_operator_numeric=
02-20 19:37:50.945  1916  1916 D TelephonyManager: setTelephonyProperty: success phoneId=0 property=gsm.sim.operator.numeric value:  propVal=
02-20 19:37:50.950  1916  1916 D TelephonyManager: setTelephonyProperty: success phoneId=0 property=gsm.sim.operator.iso-country value:  propVal=
02-20 19:37:50.951  1916  1916 D TelephonyManager: setTelephonyProperty: success phoneId=0 property=gsm.sim.operator.alpha value:  propVal=
02-20 19:37:50.951  1916  1916 E IccCardProxy: setExternalState: set mPhoneId=0 mExternalState=NOT_READY
02-20 19:37:50.951  1916  1916 D TelephonyManager: setTelephonyProperty: success phoneId=0 property=gsm.sim.state value: NOT_READY propVal=NOT_READY
02-20 19:37:50.951  1916  1916 D IccCardProxy: broadcastIccStateChangedIntent intent ACTION_SIM_STATE_CHANGED value=NOT_READY reason=null for mPhoneId=0
02-20 19:37:50.953  1916  1916 D RILJ    : setPhoneType=1 old value=0 [SUB0]
02-20 19:37:50.953  1916  1916 D TelephonyManager: setTelephonyProperty: success phoneId=0 property=gsm.current.phone-type value: 1 propVal=1
02-20 19:37:50.953  1916  1916 D IccCardProxy: Setting radio tech UMTS
02-20 19:37:50.953  1916  1916 D IccCardProxy: updateQuietMode: 3GPP subscription -> newQuietMode=false
02-20 19:37:50.953  1916  1916 D IccCardProxy: updateQuietMode: no changes don't setExternalState
