02-20 19:39:10.624  1664  1664 D ConditionProviders.SCP: onSubscribe condition://android/schedule?days=1.2.3.4.5&start=22.0&end=7.0&exitAtAlarm=false
02-20 19:39:10.625  1664  1664 D ConditionProviders.SCP: notifyCondition condition://android/schedule?days=6.7&start=23.30&end=10.0&exitAtAlarm=false STATE_FALSE reason=!meetsSchedule
02-20 19:39:10.625  1664  1664 D ConditionProviders.SCP: notifyCondition condition://android/schedule?days=1.2.3.4.5&start=22.0&end=7.0&exitAtAlarm=false STATE_FALSE reason=!meetsSchedule
02-20 19:39:10.630  1664  1734 I netstats_mobile_sample: [0,0,0,0,0,0,0,0,0,0,0,0,-1]
02-20 19:39:10.630  1664  1734 I netstats_wifi_sample: [0,0,0,0,0,0,0,0,0,0,0,0,-1]
02-20 19:39:10.632  1664  1664 D ConditionProviders.SCP: Scheduling evaluate for Tue Feb 20 22:00:00 GMT+00:00 2018 (1519164000000), in +2h20m49s376ms, now=Tue Feb 20 19:39:10 GMT+00:00 2018 (1519155550624)
02-20 19:39:10.633  1664  1741 I WifiScanningService: wifi driver loaded with scan capabilities: max buckets=16
02-20 19:39:10.633  1664  1664 D RttService: SCAN_AVAILABLE : 3
02-20 19:39:10.633  1664  1742 D RttService: DefaultState got{ when=0 what=160512 target=com.android.internal.util.StateMachine$SmHandler }
02-20 19:39:10.637  1664  1664 I Telecom : WiredHeadsetManager: ACTION_HEADSET_PLUG event, plugged in: false, : WHC.oADA@AAE
02-20 19:39:10.639  1664  1664 I ActivityManager: user 0 is still locked. Cannot load recents
02-20 19:39:10.642  1664  1664 I notification_enqueue: [10028,1771,com.android.systemui,1397773634,public:253,64,-1,Notification(pri=0 contentView=null vibrate=null sound=null defaults=0x0 flags=0x100 color=0xff607d8b category=sys actions=2 vis=PUBLIC),0]
02-20 19:39:10.643  1664  1803 I StatusBarManagerService: registerStatusBar bar=com.android.internal.statusbar.IStatusBar$Stub$Proxy@a7d801c
02-20 19:39:10.646  1922  1922 D GsmInboundSmsHandler: created InboundSmsHandler
02-20 19:39:10.648  1664  1664 D TelephonyRegistry: notifyCellLocationForSubscriber: subId=0 cellLocation=Bundle[{}]
02-20 19:39:10.664  1922  1938 D SubscriptionController: [getPhoneId]- no sims, returning default phoneId=2147483647
02-20 19:39:10.694  1664  1693 I boot_progress_enable_screen: 12694
02-20 19:39:10.695  1922  1922 D CdmaInboundSmsHandler: created InboundSmsHandler
02-20 19:39:10.697  1664  1700 I am_activity_launch_time: [0,241617110,com.android.settings/.FallbackHome,978,978]
02-20 19:39:10.697  1664  1700 I ActivityManager: Displayed com.android.settings/.FallbackHome: +978ms
02-20 19:39:10.698  1664  1693 V KeyguardServiceDelegate: *** Keyguard started
02-20 19:39:10.698  1664  1693 I screen_toggled: 1
02-20 19:39:10.701  1922  1922 D SMSDispatcher: SMSDispatcher: ctor mSmsCapable=true format=3gpp mSmsSendDisabled=false
02-20 19:39:10.701  1922  1922 D GsmSMSDispatcher: GsmSMSDispatcher created
02-20 19:39:10.703  1922  2027 D GsmInboundSmsHandler: StartupState.processMessage:6
02-20 19:39:10.704  1922  2027 D GsmInboundSmsHandler: entering Idle state
02-20 19:39:10.704  1922  2032 D CdmaInboundSmsHandler: StartupState.processMessage:6
02-20 19:39:10.704  1922  2032 D CdmaInboundSmsHandler: entering Idle state
02-20 19:39:10.706  1664  1693 W KeyguardServiceDelegate: onScreenTurningOn(): no keyguard service!
02-20 19:39:10.711  1922  1922 D IccCardProxy: ctor: ci=com.android.internal.telephony.RIL@4e06e1e phoneId=0
02-20 19:39:10.711  1922  1922 D CdmaSSM : subscriptionSource from settings: 0
02-20 19:39:10.711  1922  1922 D CdmaSSM : cdmaSSM constructor: 0
02-20 19:39:10.711  1922  1922 D IccCardProxy: update icc_operator_numeric=
02-20 19:39:10.711  1922  1922 D TelephonyManager: setTelephonyProperty: success phoneId=0 property=gsm.sim.operator.numeric value:  propVal=
02-20 19:39:10.711  1922  1922 D TelephonyManager: setTelephonyProperty: success phoneId=0 property=gsm.sim.operator.iso-country value:  propVal=
02-20 19:39:10.712  1922  1922 D TelephonyManager: setTelephonyProperty: success phoneId=0 property=gsm.sim.operator.alpha value:  propVal=
02-20 19:39:10.712  1922  1922 E IccCardProxy: setExternalState: set mPhoneId=0 mExternalState=NOT_READY
02-20 19:39:10.712  1922  1922 D TelephonyManager: setTelephonyProperty: success phoneId=0 property=gsm.sim.state value: NOT_READY propVal=NOT_READY
02-20 19:39:10.712  1922  1922 D IccCardProxy: broadcastIccStateChangedIntent intent ACTION_SIM_STATE_CHANGED value=NOT_READY reason=null for mPhoneId=0
02-20 19:39:10.718  1922  1922 D RILJ    : setPhoneType=1 old value=0 [SUB0]
02-20 19:39:10.718  1922  1922 D TelephonyManager: setTelephonyProperty: success phoneId=0 property=gsm.current.phone-type value: 1 propVal=1
02-20 19:39:10.719  1922  1922 D IccCardProxy: Setting radio tech UMTS
02-20 19:39:10.719  1922  1922 D IccCardProxy: updateQuietMode: 3GPP subscription -> newQuietMode=false
02-20 19:39:10.719  1922  1922 D IccCardProxy: updateQuietMode: no changes don't setExternalState
02-20 19:39:10.719  1922  1922 D IccCardProxy: updateQuietMode: QuietMode is false (app_type=1 cdmaSource=-1)
02-20 19:39:10.725  1922  1922 W CarrierConfigManager: Error getting config for subId -1 ICarrierConfigLoader is null
02-20 19:39:10.726  1664  1965 D TelephonyRegistry: listen oscl: hasNotifySubscriptionInfoChangedOccurred==false no callback
02-20 19:39:10.743  1664  1700 I WindowManager: Screen frozen for +969ms due to AppWindowToken{1ab4f2d token=Token{e78e757 ActivityRecord{e66c8d6 u0 com.android.settings/.FallbackHome t1}}}
02-20 19:39:10.746  1372  1893 I MediaPlayerService: MediaPlayerService::getOMX
02-20 19:39:10.746  1664  2036 I OMXClient: MuxOMX ctor
02-20 19:39:10.749  1369  1836 I OMXMaster: makeComponentInstance(OMX.google.vorbis.decoder) in mediacodec process
02-20 19:39:10.752  1922  1922 D TelephonyManager: setTelephonyProperty: success phoneId=0 property=gsm.network.type value: Unknown propVal=Unknown
02-20 19:39:10.752  1922  1922 D RILJ    : [3654]> SIGNAL_STRENGTH [SUB0]
02-20 19:39:10.753  1374  1456 D RIL     : onRequest: SIGNAL_STRENGTH
02-20 19:39:10.753  1922  1922 D SST     : notifyDataRegStateRilRadioTechnologyChanged: drs=1 rat=0
02-20 19:39:10.753  1922  2012 D RilRequest: [3654]< SIGNAL_STRENGTH error: com.android.internal.telephony.CommandException: RADIO_NOT_AVAILABLE ret=
02-20 19:39:10.753  1922  1922 D TelephonyManager: setTelephonyProperty: success phoneId=0 property=gsm.network.type value: Unknown propVal=Unknown
02-20 19:39:10.762  1922  1922 D DCT     : [0]DCT.constructor
02-20 19:39:10.763  1664  1965 D TelephonyRegistry: listen oscl: hasNotifySubscriptionInfoChangedOccurred==false no callback
02-20 19:39:10.771  1922  1922 D Dcc     : E ctor
02-20 19:39:10.771  1922  1922 D Dcc     : X ctor
02-20 19:39:10.771  1922  1922 D SubscriptionController: [getPhoneId] asked for default subId=-1
02-20 19:39:10.772  1922  2037 D DcTesterDeacativateAll: register for intent action=com.android.internal.telephony.dataconnection.action_deactivate_all
02-20 19:39:10.772  1922  2037 D DcTesterDeacativateAll: register for intent action=com.android.internal.telephony.action_detached
02-20 19:39:10.773  1922  1922 D DcTesterFailBrinupAll: register for intent action=com.android.internal.telephony.dataconnection.action_fail_bringup
02-20 19:39:10.773  1922  1922 D DcTesterFailBrinupAll: register for intent action=com.android.internal.telephony.action_detached
02-20 19:39:10.773  1922  1922 D DcTesterFailBrinupAll: register for intent action=com.android.internal.telephony.action_attached
02-20 19:39:10.774  1922  1922 D SST     : notifyDataRegStateRilRadioTechnologyChanged: drs=1 rat=0
02-20 19:39:10.774  1922  1922 D TelephonyManager: setTelephonyProperty: success phoneId=0 property=gsm.network.type value: Unknown propVal=Unknown
02-20 19:39:10.774  1922  1922 D DCT     : [0]update sub = -2
02-20 19:39:10.774  1922  1922 D DCT     : [0]update(): Active DDS, register for all events now!
02-20 19:39:10.774  1922  1922 D GsmCdmaPhone: [GsmCdmaPhone] updateCurrentCarrierInProvider: mSubId = -2 currentDds = 1 operatorNumeric = null
02-20 19:39:10.775  1922  1922 D DCT     : [0]initApnContexts: E
02-20 19:39:10.775  1922  1922 D DCT     : [0]initApnContexts: skipping unknown type=1
02-20 19:39:10.775  1922  1922 D DCT     : [0]initApnContexts: apnContext={mApnType=default mState=IDLE mWaitingApns={null} mApnSetting={null} mReason=dataEnabled mDataEnabled=false mDependencyMet=true}
02-20 19:39:10.775  1922  1922 D DCT     : [0]initApnContexts: apnContext={mApnType=mms mState=IDLE mWaitingApns={null} mApnSetting={null} mReason=dataEnabled mDataEnabled=false mDependencyMet=true}
02-20 19:39:10.775  1922  1922 D DCT     : [0]initApnContexts: apnContext={mApnType=supl mState=IDLE mWaitingApns={null} mApnSetting={null} mReason=dataEnabled mDataEnabled=false mDependencyMet=true}
02-20 19:39:10.775  1922  1922 D DCT     : [0]initApnContexts: apnContext={mApnType=hipri mState=IDLE mWaitingApns={null} mApnSetting={null} mReason=dataEnabled mDataEnabled=false mDependencyMet=true}
02-20 19:39:10.775  1922  1922 D DCT     : [0]initApnContexts: apnContext={mApnType=fota mState=IDLE mWaitingApns={null} mApnSetting={null} mReason=dataEnabled mDataEnabled=false mDependencyMet=true}
02-20 19:39:10.775  1922  1922 D DCT     : [0]initApnContexts: apnContext={mApnType=ims mState=IDLE mWaitingApns={null} mApnSetting={null} mReason=dataEnabled mDataEnabled=false mDependencyMet=true}
02-20 19:39:10.776  1922  1922 D DCT     : [0]initApnContexts: apnContext={mApnType=cbs mState=IDLE mWaitingApns={null} mApnSetting={null} mReason=dataEnabled mDataEnabled=false mDependencyMet=true}
02-20 19:39:10.776  1922  1922 D DCT     : [0]initApnContexts: skipping unknown type=13
02-20 19:39:10.776  1922  1922 D DCT     : [0]initApnContexts: apnContext={mApnType=ia mState=IDLE mWaitingApns={null} mApnSetting={null} mReason=dataEnabled mDataEnabled=false mDependencyMet=true}
02-20 19:39:10.776  1922  1922 D DCT     : [0]initApnContexts: apnContext={mApnType=emergency mState=IDLE mWaitingApns={null} mApnSetting={null} mReason=dataEnabled mDataEnabled=false mDependencyMet=true}
02-20 19:39:10.779  1922  2037 D Dcc     : DccDefaultState: msg.what=EVENT_RIL_CONNECTED mRilVersion=12
02-20 19:39:10.783  1922  1922 D GsmCdmaPhone: [GsmCdmaPhone] GsmCdmaPhone: constructor: sub = 0
02-20 19:39:10.783  1922  1922 I PhoneFactory: Creating Phone with type = 1 sub = 0
02-20 19:39:10.790     0     0 D ieee80211 phy1: mac80211_hwsim_configure_filter
02-20 19:39:10.793  1922  1922 I PhoneFactory: defaultSmsApplication: NONE
02-20 19:39:10.794  1922  1922 I PhoneFactory: Creating SubInfoRecordUpdater 
02-20 19:39:10.795  1922  1922 D SubscriptionInfoUpdater: Constructor invoked
02-20 19:39:10.813  1664  1691 D TelephonyRegistry: listen oscl: hasNotifySubscriptionInfoChangedOccurred==false no callback
02-20 19:39:10.813  1922  1922 D SubscriptionController: [getPhoneId]- no sims, returning default phoneId=2147483647
02-20 19:39:10.814  1664  1803 D TelephonyRegistry: listen oscl: hasNotifySubscriptionInfoChangedOccurred==false no callback
02-20 19:39:10.814  1922  1922 D PhoneSwitcherNetworkRequstListener: Registering NetworkFactory
02-20 19:39:10.815  1664  1743 D ConnectivityService: Got NetworkFactory Messenger for PhoneSwitcherNetworkRequstListener
02-20 19:39:10.815  1922  1922 D PhoneSwitcher: PhoneSwitcher started
02-20 19:39:10.815  1922  1922 D ProxyController: Constructor - Enter
02-20 19:39:10.817  1922  1922 D ProxyController: clearTransaction
02-20 19:39:10.817  1922  1922 D ProxyController: clearTransaction: phoneId=0 status=IDLE
02-20 19:39:10.817  1922  1922 D ProxyController: Constructor - Exit
02-20 19:39:10.818  1922  1922 D TelephonyNetworkFactory[0]: Registering NetworkFactory
02-20 19:39:10.818  1664  1743 D ConnectivityService: Got NetworkFactory Messenger for TelephonyNetworkFactory[0]
02-20 19:39:10.819  1922  1922 D CallManager: registerPhone(GSM Handler (com.android.internal.telephony.GsmCdmaPhone) {3f0e385})
02-20 19:39:10.825  1664  1753 D TelephonyRegistry: listen oscl: hasNotifySubscriptionInfoChangedOccurred==false no callback
02-20 19:39:10.827  1664  1749 E ActivityThread: Failed to find provider info for com.android.calendar
02-20 19:39:10.828  1664  1749 E ActivityThread: Failed to find provider info for com.android.calendar
02-20 19:39:10.843  1372  1893 I MediaPlayerService: MediaPlayerService::getOMX
02-20 19:39:10.843  1664  2041 I OMXClient: MuxOMX ctor
02-20 19:39:10.843  1369  1984 I OMXMaster: makeComponentInstance(OMX.google.vorbis.decoder) in mediacodec process
02-20 19:39:10.910  1664  1692 I SyncManager: Got SyncJobService instance.
02-20 19:39:10.911  1664  1664 I FusedLocation: engine started (com.android.location.fused)
02-20 19:39:10.913  1664  1748 D NotificationSQLiteLog: Pruned event entries: 0
02-20 19:39:10.989  1664  1693 W art     : Long monitor contention with owner android.display (1700) at void com.android.server.wm.WindowManagerService$H.handleMessage(android.os.Message)(WindowManagerService.java:8368) waiters=0 in void com.android.server.wm.WindowManagerService.performEnableScreen() for 247ms
02-20 19:39:10.989  1664  1693 I dvm_lock_sample: [system_server,1,ActivityManager,247,WindowManagerService.java,6036,-,8368,49]
02-20 19:39:10.992  1664  1694 W art     : Long monitor contention with owner android.display (1700) at void com.android.server.wm.WindowManagerService$H.handleMessage(android.os.Message)(WindowManagerService.java:8368) waiters=1 in void com.android.server.wm.WindowManagerService.updateRotationUnchecked(boolean, boolean) for 222ms
02-20 19:39:10.992  1664  1694 I dvm_lock_sample: [system_server,1,android.ui,222,WindowManagerService.java,6783,-,8368,44]
02-20 19:39:11.003  2045  2045 W art     : Unexpected CPU variant for X86 using defaults: x86_64
02-20 19:39:11.010  1664  1693 I am_proc_start: [0,2045,10004,com.android.cellbroadcastreceiver,broadcast,com.android.cellbroadcastreceiver/.CellBroadcastReceiver]
02-20 19:39:11.010  1664  1693 I ActivityManager: Start proc 2045:com.android.cellbroadcastreceiver/u0a4 for broadcast com.android.cellbroadcastreceiver/.CellBroadcastReceiver
02-20 19:39:11.011  1922  1937 D SubscriptionController: [getPhoneId]- no sims, returning default phoneId=2147483647
02-20 19:39:11.012  1922  1922 D CarrierConfigLoader: CarrierConfigLoader has started
02-20 19:39:11.012  1922  1922 E BluetoothAdapter: Bluetooth binder is null
02-20 19:39:11.012  1664  1690 D TelephonyRegistry: listen oscl: hasNotifySubscriptionInfoChangedOccurred==false no callback
02-20 19:39:11.013  1771  1771 I OpaLayout: Setting opa enabled to false
02-20 19:39:11.016  1771  1771 I OpaLayout: Setting opa enabled to false
02-20 19:39:11.047  1922  1922 D RILJ    : [3655]> RIL_REQUEST_SET_TTY_MODE : 0 [SUB0]
02-20 19:39:11.047  1771  1771 W System  : ClassLoader referenced unknown path: 
02-20 19:39:11.048  1374  1456 D RIL     : onRequest: SET_TTY_MODE
02-20 19:39:11.048  1922  1922 I Telephony: TtyManager: updateUiTtyMode -1 -> 0
02-20 19:39:11.048  1922  2012 D RilRequest: [3655]< RIL_REQUEST_SET_TTY_MODE error: com.android.internal.telephony.CommandException: RADIO_NOT_AVAILABLE ret=
02-20 19:39:11.048  1771  1771 W System  : ClassLoader referenced unknown path: /system/priv-app/Dialer/lib/x86_64
02-20 19:39:11.048  1771  1771 D ApplicationLoaders: ignored Vulkan layer search path /system/priv-app/Dialer/lib/x86_64:/system/lib64:/vendor/lib64 for namespace 0x718eea9c80f0
02-20 19:39:11.060  1664  1753 D TelephonyRegistry: listen oscl: hasNotifySubscriptionInfoChangedOccurred==false no callback
02-20 19:39:11.061  1664  1803 I am_proc_bound: [0,2045,com.android.cellbroadcastreceiver]
02-20 19:39:11.062  1922  1922 D SubscriptionController: [getPhoneId] asked for default subId=-1
02-20 19:39:11.080  1922  1922 D UiccController: EVENT_RADIO_UNAVAILABLE, dispose card
02-20 19:39:11.080  1922  1922 D UiccController: Received EVENT_ICC_STATUS_CHANGED, calling getIccCardStatus
02-20 19:39:11.080  1922  1922 D RILJ    : [3656]> GET_SIM_STATUS [SUB0]
02-20 19:39:11.080  1922  1922 D Phone   : config LCE service failed: com.android.internal.telephony.CommandException: RADIO_NOT_AVAILABLE
02-20 19:39:11.080  1922  1922 D GsmSMSDispatcher: GsmSMSDispatcher: subId = -2 slotId = 0
02-20 19:39:11.080  1922  1922 E IccCardProxy: setExternalState: !override and newstate unchanged from NOT_READY
02-20 19:39:11.081  1922  1922 D RILJ    : [3657]> BASEBAND_VERSION [SUB0]
02-20 19:39:11.081  1374  1456 D RIL     : onRequest: GET_SIM_STATUS
02-20 19:39:11.081  1374  1456 D RIL     : getSIMStatus(). sState: 0
02-20 19:39:11.081  1922  2012 D RILJ    : [3656]< GET_SIM_STATUS IccCardState {CARDSTATE_PRESENT,PINSTATE_UNKNOWN,num_apps=2,gsm_id=0{APPTYPE_SIM,APPSTATE_DETECTED},cdma_id=1{APPTYPE_RUIM,APPSTATE_DETECTED},ims_id=8} [SUB0]
02-20 19:39:11.083  1922  1922 D RILJ    : [3658]> GET_IMEI [SUB0]
02-20 19:39:11.083  1374  1456 D RIL     : onRequest: BASEBAND_VERSION
02-20 19:39:11.083  1922  2012 D RilRequest: [3657]< BASEBAND_VERSION error: com.android.internal.telephony.CommandException: RADIO_NOT_AVAILABLE ret=
02-20 19:39:11.084  1922  2049 E ActivityThread: Failed to find provider info for com.android.contacts
02-20 19:39:11.084  1922  2049 W CallerInfoCache: cursor is null
02-20 19:39:11.084  1922  1922 D RILJ    : [3659]> GET_IMEISV [SUB0]
02-20 19:39:11.084  1374  1456 D RIL     : onRequest: GET_IMEI
02-20 19:39:11.084  1374  1456 D AT      : AT> AT+CGSN
02-20 19:39:11.084  1922  1922 D RILJ    : [3660]> RIL_REQUEST_GET_RADIO_CAPABILITY [SUB0]
02-20 19:39:11.084  1374  1458 D AT      : AT< 000000000000000
02-20 19:39:11.084  1374  1458 D AT      : AT< OK
02-20 19:39:11.084  1374  1456 D RIL     : onRequest: GET_IMEISV
02-20 19:39:11.084  1922  1922 D RILJ    : [3661]> RIL_REQUEST_START_LCE [SUB0]
02-20 19:39:11.084  1922  2012 D RILJ    : [3658]< GET_IMEI  [SUB0]
02-20 19:39:11.084  1374  1456 D RIL     : onRequest: RIL_REQUEST_GET_RADIO_CAPABILITY
02-20 19:39:11.086  1922  1922 D GsmCdmaPhone: [GsmCdmaPhone] Event EVENT_RADIO_OFF_OR_NOT_AVAILABLE Received
02-20 19:39:11.086  1922  1922 E IccCardProxy: setExternalState: !override and newstate unchanged from NOT_READY
02-20 19:39:11.086  1922  1922 D SST     : mDeviceShuttingDown=false, mDesiredPowerState=true, getRadioState=RADIO_OFF, mPowerOffDelayNeed=true, mAlarmSwitch=false, mRadioDisabledByCarrier=false
02-20 19:39:11.086  1922  1922 D RILJ    : [3662]> RADIO_POWER on [SUB0]
02-20 19:39:11.086  1374  1456 D RIL     : onRequest: <unknown request>
02-20 19:39:11.087  1922  1922 D RILJ    : [3663]> OPERATOR [SUB0]
02-20 19:39:11.087  1374  1456 D RIL     : onRequest: RADIO_POWER
02-20 19:39:11.087  1374  1456 D AT      : AT> AT+CFUN=1
02-20 19:39:11.087  1922  1922 D RILJ    : [3664]> DATA_REGISTRATION_STATE [SUB0]
02-20 19:39:11.088  1922  1922 D RILJ    : [3665]> VOICE_REGISTRATION_STATE [SUB0]
02-20 19:39:11.088  1374  1458 D AT      : AT< OK
02-20 19:39:11.088  1374  1456 D RIL     : setRadioState(10)
02-20 19:39:11.088  1374  1456 D RIL     : onRequest: OPERATOR
02-20 19:39:11.088  1374  1456 D AT      : AT> AT+COPS=3,0;+COPS?;+COPS=3,1;+COPS?;+COPS=3,2;+COPS?
02-20 19:39:11.088  1374  1458 D AT      : AT< +COPS: 0,0,"Android"
02-20 19:39:11.088  1374  1458 D AT      : AT< +COPS: 0,1,"Android"
02-20 19:39:11.088  1374  1458 D AT      : AT< +COPS: 0,2,"310260"
02-20 19:39:11.088  1374  1458 D AT      : AT< OK
02-20 19:39:11.088  1922  2012 D RilRequest: [3659]< GET_IMEISV error: com.android.internal.telephony.CommandException: RADIO_NOT_AVAILABLE ret=
02-20 19:39:11.089  1922  2012 D RilRequest: [3660]< RIL_REQUEST_GET_RADIO_CAPABILITY error: com.android.internal.telephony.CommandException: RADIO_NOT_AVAILABLE ret=
02-20 19:39:11.089  1922  2012 D RilRequest: [3661]< RIL_REQUEST_START_LCE error: com.android.internal.telephony.CommandException: RADIO_NOT_AVAILABLE ret=
02-20 19:39:11.089  1922  2012 D RILJ    : [UNSL]< UNSOL_RESPONSE_RADIO_STATE_CHANGED RADIO_ON [SUB0]
02-20 19:39:11.089  1922  2012 D RILJ    : [UNSL]< UNSOL_RESPONSE_SIM_STATUS_CHANGED [SUB0]
02-20 19:39:11.089  1922  2012 D RILJ    : [3662]< RADIO_POWER  [SUB0]
02-20 19:39:11.091  1374  1456 D RIL     : onRequest: DATA_REGISTRATION_STATE
02-20 19:39:11.091  1374  1456 D RIL     : requestRegistrationState
02-20 19:39:11.091  1374  1456 D AT      : AT> AT+CGREG?
02-20 19:39:11.091  1922  2012 D RILJ    : [3663]< OPERATOR {Android, Android, 310260} [SUB0]
02-20 19:39:11.091  1922  1922 D RILJ    : [3666]> QUERY_NETWORK_SELECTION_MODE [SUB0]
02-20 19:39:11.091  1922  1922 D SST     : NITZ: 18/02/20:19:39:03+0:0:Unknown!Unknown,4068 start=13091 delay=9023
02-20 19:39:11.091  1922  1922 D SST     : NITZ: tzOffset=0 dst=0 zone=GMT iso= mGotCountryCode=false mNeedFixZoneAfterNitz=false
02-20 19:39:11.092  1922  1922 D SST     : setAndBroadcastNetworkSetTimeZone: setTimeZone=GMT
02-20 19:39:11.092  1664  1691 D AlarmManagerService: Kernel timezone updated to 0 minutes west of GMT
02-20 19:39:11.093  1922  1922 D SST     : setAndBroadcastNetworkSetTimeZone: call alarm.setTimeZone and broadcast zoneId=GMT
02-20 19:39:11.094  1922  1922 D SST     : NITZ: Setting time of day to Tue Feb 20 19:39:12 GMT+00:00 2018 NITZ receive delay(ms): 9025 gained(ms): 932 from 18/02/20:19:39:03+0:0:Unknown!Unknown
02-20 19:39:11.094  1922  1922 D SST     : setAndBroadcastNetworkSetTime: time=1519155552025ms
02-20 19:39:11.094  1664  1691 D AlarmManagerService: Setting time of day to sec=1519155552
02-20 19:39:12.028  1374  1458 D AT      : AT< +CGREG: 1,1,"0003","005b","000e"
02-20 19:39:12.028  1374  1458 D AT      : AT< OK
02-20 19:39:12.028  1374  1456 D RIL     : parseRegistrationState. Parsing: +CGREG: 1,1,"0003","005b","000e"
02-20 19:39:12.028  1374  1456 D RIL     : registration state type: 3GPP
02-20 19:39:12.028  1374  1456 D RIL     : onRequest: VOICE_REGISTRATION_STATE
02-20 19:39:12.028  1374  1456 D RIL     : requestRegistrationState
02-20 19:39:12.028  1374  1456 D AT      : AT> AT+CREG?
02-20 19:39:12.028  1374  1458 D AT      : AT< +CREG: 2,1, "0003", "005b"
02-20 19:39:12.028  1374  1458 D AT      : AT< OK
02-20 19:39:12.028  1374  1456 D RIL     : parseRegistrationState. Parsing: +CREG: 2,1, "0003", "005b"
02-20 19:39:12.028  1374  1456 D RIL     : registration state type: 3GPP
02-20 19:39:12.028  1374  1456 D RIL     : onRequest: QUERY_NETWORK_SELECTION_MODE
02-20 19:39:12.028  1374  1456 D AT      : AT> AT+COPS?
02-20 19:39:12.028  1922  2012 D RILJ    : [3664]< DATA_REGISTRATION_STATE {1, 3, 5b, 14, null, null} [SUB0]
02-20 19:39:12.029  1374  1458 D AT      : AT< +COPS: 0,2,310260
02-20 19:39:12.029  1374  1458 D AT      : AT< OK
02-20 19:39:12.029  1922  2012 D RILJ    : [3665]< VOICE_REGISTRATION_STATE {1, 3, 5b, 0, null, null, null, null, null, null, null, null, null, null, null} [SUB0]
02-20 19:39:12.029  1922  2012 D RILJ    : [3666]< QUERY_NETWORK_SELECTION_MODE {0} [SUB0]
02-20 19:39:12.031  1664  1691 W AlarmManagerService: Unable to set rtc to 1519155552: No such device
02-20 19:39:12.031  1664  1664 D ConditionProviders.SCP: onReceive android.intent.action.TIME_SET
02-20 19:39:12.031  1664  1664 D ConditionProviders.SCP: notifyCondition condition://android/schedule?days=6.7&start=23.30&end=10.0&exitAtAlarm=false STATE_FALSE reason=!meetsSchedule
02-20 19:39:12.032  1664  1664 D ConditionProviders.SCP: notifyCondition condition://android/schedule?days=1.2.3.4.5&start=22.0&end=7.0&exitAtAlarm=false STATE_FALSE reason=!meetsSchedule
02-20 19:39:12.032  1664  1664 D ConditionProviders.SCP: Scheduling evaluate for Tue Feb 20 22:00:00 GMT+00:00 2018 (1519164000000), in +2h20m47s969ms, now=Tue Feb 20 19:39:12 GMT+00:00 2018 (1519155552031)
02-20 19:39:12.034  1664  1749 E ActivityThread: Failed to find provider info for com.android.calendar
02-20 19:39:12.034  1664  1749 E ActivityThread: Failed to find provider info for com.android.calendar
02-20 19:39:12.035  1771  1771 E BluetoothAdapter: Bluetooth binder is null
02-20 19:39:12.043  2045  2045 W System  : ClassLoader referenced unknown path: /system/priv-app/CellBroadcastReceiver/lib/x86_64
02-20 19:39:12.048  1664  1690 D TelephonyRegistry: listen oscl: hasNotifySubscriptionInfoChangedOccurred==false no callback
02-20 19:39:12.055  1922  1937 D SubscriptionController: [getActiveSubInfoList] Sub Controller not ready
02-20 19:39:12.058  1922  1938 D SubscriptionController: [getActiveSubInfoList] Sub Controller not ready
02-20 19:39:12.065  1922  1922 I SST     : NITZ: after Setting time of day
02-20 19:39:12.065  1922  1922 D SST     : NITZ: end=13135 dur=44
02-20 19:39:12.066  1922  1922 D SST     : mDeviceShuttingDown=false, mDesiredPowerState=true, getRadioState=RADIO_ON, mPowerOffDelayNeed=true, mAlarmSwitch=false, mRadioDisabledByCarrier=false
02-20 19:39:12.066  1922  1922 D RILJ    : [3667]> OPERATOR [SUB0]
02-20 19:39:12.066  1771  1771 I CameraManagerGlobal: Connecting to camera service
02-20 19:39:12.066  1374  1456 D RIL     : onRequest: OPERATOR
02-20 19:39:12.066  1374  1456 D AT      : AT> AT+COPS=3,0;+COPS?;+COPS=3,1;+COPS?;+COPS=3,2;+COPS?
02-20 19:39:12.066  1374  1458 D AT      : AT< +COPS: 0,0,"Android"
02-20 19:39:12.066  1374  1458 D AT      : AT< +COPS: 0,1,"Android"
02-20 19:39:12.066  1374  1458 D AT      : AT< +COPS: 0,2,"310260"
02-20 19:39:12.066  1374  1458 D AT      : AT< OK
02-20 19:39:12.066  1922  2012 D RILJ    : [3667]< OPERATOR {Android, Android, 310260} [SUB0]
02-20 19:39:12.066  1922  1922 D RILJ    : [3668]> DATA_REGISTRATION_STATE [SUB0]
02-20 19:39:12.067  1922  1922 D RILJ    : [3669]> VOICE_REGISTRATION_STATE [SUB0]
02-20 19:39:12.067  1374  1456 D RIL     : onRequest: DATA_REGISTRATION_STATE
02-20 19:39:12.067  1374  1456 D RIL     : requestRegistrationState
02-20 19:39:12.067  1374  1456 D AT      : AT> AT+CGREG?
02-20 19:39:12.067  1374  1458 D AT      : AT< +CGREG: 1,1,"0003","005b","000e"
02-20 19:39:12.067  1374  1458 D AT      : AT< OK
02-20 19:39:12.067  1374  1456 D RIL     : parseRegistrationState. Parsing: +CGREG: 1,1,"0003","005b","000e"
02-20 19:39:12.067  1374  1456 D RIL     : registration state type: 3GPP
02-20 19:39:12.067  1365  1711 V EmulatedCamera_Camera: getCameraInfo
02-20 19:39:12.067  1922  2012 D RILJ    : [3668]< DATA_REGISTRATION_STATE {1, 3, 5b, 14, null, null} [SUB0]
02-20 19:39:12.067  1365  1711 V EmulatedCamera_BaseCamera: getCameraInfo
02-20 19:39:12.067  1365  1711 I CameraService: getCameraCharacteristics: Switching to HAL1 shim implementation...
02-20 19:39:12.067  1365  1711 V EmulatedCamera_Camera: getCameraInfo
02-20 19:39:12.067  1365  1711 V EmulatedCamera_BaseCamera: getCameraInfo
02-20 19:39:12.067  1922  1922 D RILJ    : [3670]> QUERY_NETWORK_SELECTION_MODE [SUB0]
02-20 19:39:12.068  1922  1922 D SST     : onSignalStrengthResult() Exception from RIL : com.android.internal.telephony.CommandException: RADIO_NOT_AVAILABLE
02-20 19:39:12.068  1365  1711 I CameraService: CameraService::connect call (PID -1 "cameraserver", camera ID 0) for HAL version default and Camera API version 1
02-20 19:39:12.068  1374  1456 D RIL     : onRequest: VOICE_REGISTRATION_STATE
02-20 19:39:12.068  1374  1456 D RIL     : requestRegistrationState
02-20 19:39:12.068  1374  1456 D AT      : AT> AT+CREG?
02-20 19:39:12.068  1374  1458 D AT      : AT< +CREG: 2,1, "0003", "005b"
02-20 19:39:12.068  1374  1458 D AT      : AT< OK
02-20 19:39:12.068  1365  1711 E CameraService: getCameraPriorityFromProcState: Received invalid process state -1 from ActivityManagerService!
02-20 19:39:12.068  1374  1456 D RIL     : parseRegistrationState. Parsing: +CREG: 2,1, "0003", "005b"
02-20 19:39:12.068  1365  1711 V EmulatedCamera_Camera: getCameraInfo
02-20 19:39:12.068  1374  1456 D RIL     : registration state type: 3GPP
02-20 19:39:12.068  1365  1711 V EmulatedCamera_BaseCamera: getCameraInfo
02-20 19:39:12.068  1374  1456 D RIL     : onRequest: QUERY_NETWORK_SELECTION_MODE
02-20 19:39:12.068  1374  1456 D AT      : AT> AT+COPS?
02-20 19:39:12.068  1374  1458 D AT      : AT< +COPS: 0,2,310260
02-20 19:39:12.068  1374  1458 D AT      : AT< OK
02-20 19:39:12.068  1922  2012 D RILJ    : [3669]< VOICE_REGISTRATION_STATE {1, 3, 5b, 0, null, null, null, null, null, null, null, null, null, null, null} [SUB0]
02-20 19:39:12.068  1922  2012 D RILJ    : [3670]< QUERY_NETWORK_SELECTION_MODE {0} [SUB0]
02-20 19:39:12.071  1922  1922 D DCT     : [0]onRadioAvailable
02-20 19:39:12.071  1922  1922 D DCT     : [0]onRadioOffOrNotAvailable: is off and clean up all connections
02-20 19:39:12.071  1922  1922 D DCT     : [0]cleanUpAllConnections: tearDown=false reason=radioTurnedOff
02-20 19:39:12.073  1922  1922 D GsmCdmaPhone: [GsmCdmaPhone] getDataConnectionState apnType=default ret=DISCONNECTED
02-20 19:39:12.073  1372  2065 E WVMExtractor: Failed to open libwvm.so: dlopen failed: library "libwvm.so" not found
02-20 19:39:12.074  1922  1922 D DCT     : [0]cleanUpConnection: X tearDown=false reason=radioTurnedOff apnContext={mApnType=default mState=IDLE mWaitingApns={null} mApnSetting={null} mReason=radioTurnedOff mDataEnabled=false mDependencyMet=true} dcac=null
02-20 19:39:12.074  1922  1922 D GsmCdmaPhone: [GsmCdmaPhone] getDataConnectionState apnType=mms ret=DISCONNECTED
02-20 19:39:12.076  1922  1922 D DCT     : [0]cleanUpConnection: X tearDown=false reason=radioTurnedOff apnContext={mApnType=mms mState=IDLE mWaitingApns={null} mApnSetting={null} mReason=radioTurnedOff mDataEnabled=false mDependencyMet=true} dcac=null
02-20 19:39:12.076  1922  1922 D GsmCdmaPhone: [GsmCdmaPhone] getDataConnectionState apnType=cbs ret=DISCONNECTED
02-20 19:39:12.077  1922  1922 D DCT     : [0]cleanUpConnection: X tearDown=false reason=radioTurnedOff apnContext={mApnType=cbs mState=IDLE mWaitingApns={null} mApnSetting={null} mReason=radioTurnedOff mDataEnabled=false mDependencyMet=true} dcac=null
02-20 19:39:12.078  1922  1922 D GsmCdmaPhone: [GsmCdmaPhone] getDataConnectionState apnType=fota ret=DISCONNECTED
02-20 19:39:12.081  1922  1922 D DCT     : [0]cleanUpConnection: X tearDown=false reason=radioTurnedOff apnContext={mApnType=fota mState=IDLE mWaitingApns={null} mApnSetting={null} mReason=radioTurnedOff mDataEnabled=false mDependencyMet=true} dcac=null
02-20 19:39:12.081  1922  1922 D GsmCdmaPhone: [GsmCdmaPhone] getDataConnectionState apnType=supl ret=DISCONNECTED
02-20 19:39:12.081  1922  1922 D DCT     : [0]cleanUpConnection: X tearDown=false reason=radioTurnedOff apnContext={mApnType=supl mState=IDLE mWaitingApns={null} mApnSetting={null} mReason=radioTurnedOff mDataEnabled=false mDependencyMet=true} dcac=null
02-20 19:39:12.081  1922  1922 D GsmCdmaPhone: [GsmCdmaPhone] getDataConnectionState apnType=ia ret=DISCONNECTED
02-20 19:39:12.082  1922  1922 D DCT     : [0]cleanUpConnection: X tearDown=false reason=radioTurnedOff apnContext={mApnType=ia mState=IDLE mWaitingApns={null} mApnSetting={null} mReason=radioTurnedOff mDataEnabled=false mDependencyMet=true} dcac=null
02-20 19:39:12.082  1922  1922 D GsmCdmaPhone: [GsmCdmaPhone] getDataConnectionState apnType=emergency ret=DISCONNECTED
02-20 19:39:12.082  1922  1922 D DCT     : [0]cleanUpConnection: X tearDown=false reason=radioTurnedOff apnContext={mApnType=emergency mState=IDLE mWaitingApns={null} mApnSetting={null} mReason=radioTurnedOff mDataEnabled=false mDependencyMet=true} dcac=null
02-20 19:39:12.082  1922  1922 D GsmCdmaPhone: [GsmCdmaPhone] getDataConnectionState apnType=hipri ret=DISCONNECTED
02-20 19:39:12.082  1922  1922 D DCT     : [0]cleanUpConnection: X tearDown=false reason=radioTurnedOff apnContext={mApnType=hipri mState=IDLE mWaitingApns={null} mApnSetting={null} mReason=radioTurnedOff mDataEnabled=false mDependencyMet=true} dcac=null
02-20 19:39:12.082  1922  1922 D GsmCdmaPhone: [GsmCdmaPhone] getDataConnectionState apnType=ims ret=DISCONNECTED
02-20 19:39:12.083  1922  1922 D DCT     : [0]cleanUpConnection: X tearDown=false reason=radioTurnedOff apnContext={mApnType=ims mState=IDLE mWaitingApns={null} mApnSetting={null} mReason=radioTurnedOff mDataEnabled=false mDependencyMet=true} dcac=null
02-20 19:39:12.083  1922  1922 D DCT     : [0]stopNetStatPoll
02-20 19:39:12.083  1922  1922 D DCT     : [0]cleanUpConnection: mDisconnectPendingCount = 0
02-20 19:39:12.084  1922  1922 D DCT     : [0]isDataAllowed: No - SIM not loaded - Not attached
02-20 19:39:12.099  1922  1922 D DCT     : [0]onDataConnectionDetached: stop polling and notify detached
02-20 19:39:12.099  1922  1922 D DCT     : [0]stopNetStatPoll
02-20 19:39:12.099  1922  1922 D DCT     : [0]notifyDataConnection: reason=dataDetached
02-20 19:39:12.099  1922  1922 D DCT     : [0]isDataAllowed: No - SIM not loaded - Not attached
02-20 19:39:12.100  1372  2064 D NuPlayerDriver: notifyListener_l(0xf3a12120), (1, 0, 0), loop setting(0, 0)
02-20 19:39:12.104  1372  2066 D NuPlayerDriver: notifyListener_l(0xf3a12660), (1, 0, 0), loop setting(0, 0)
02-20 19:39:12.117  1922  1922 D DCT     : [0]onRoamingOff
02-20 19:39:12.117  1922  1922 D DCT     : [0]isDataAllowed: No - SIM not loaded - Not attached
02-20 19:39:12.118  1372  2068 D NuPlayerDriver: notifyListener_l(0xf3a126c0), (1, 0, 0), loop setting(0, 0)
02-20 19:39:12.124  1365  1711 I CameraFlashlight: Opening camera 0
02-20 19:39:12.124  1365  1711 V EmulatedCamera_Camera: getCameraInfo
02-20 19:39:12.124  1365  1711 V EmulatedCamera_BaseCamera: getCameraInfo
02-20 19:39:12.124  1365  1711 V EmulatedCamera_Camera: connectCamera
02-20 19:39:12.124  1365  1711 V EmulatedCamera_FakeDevice: connectDevice
02-20 19:39:12.124  1365  1711 V EmulatedCamera_CallbackNotifier: setCallbacks: 0xf6936e80, 0xf6936ed0, 0xf6936ff0, 0xf6937110 (0xf6443460)
02-20 19:39:12.124  1365  1711 V EmulatedCamera_CallbackNotifier: enableMessage: msg_type = 0xc0d
02-20 19:39:12.124  1365  1711 V EmulatedCamera_CallbackNotifier:     CAMERA_MSG_ERROR
02-20 19:39:12.124  1365  1711 V EmulatedCamera_CallbackNotifier:     CAMERA_MSG_FOCUS
02-20 19:39:12.124  1365  1711 V EmulatedCamera_CallbackNotifier:     CAMERA_MSG_ZOOM
02-20 19:39:12.124  1365  1711 V EmulatedCamera_CallbackNotifier:     CAMERA_MSG_PREVIEW_METADATA
02-20 19:39:12.124  1365  1711 V EmulatedCamera_CallbackNotifier: **** Currently enabled messages:
02-20 19:39:12.124  1365  1711 V EmulatedCamera_CallbackNotifier:     CAMERA_MSG_ERROR
02-20 19:39:12.124  1365  1711 V EmulatedCamera_CallbackNotifier:     CAMERA_MSG_FOCUS
02-20 19:39:12.124  1365  1711 V EmulatedCamera_CallbackNotifier:     CAMERA_MSG_ZOOM
02-20 19:39:12.124  1365  1711 V EmulatedCamera_CallbackNotifier:     CAMERA_MSG_PREVIEW_METADATA
02-20 19:39:12.124  1365  1711 V EmulatedCamera_CallbackNotifier: disableMessage: msg_type = 0xffff
02-20 19:39:12.124  1365  1711 V EmulatedCamera_CallbackNotifier:     CAMERA_MSG_ERROR
02-20 19:39:12.124  1365  1711 V EmulatedCamera_CallbackNotifier:     CAMERA_MSG_SHUTTER
02-20 19:39:12.124  1365  1711 V EmulatedCamera_CallbackNotifier:     CAMERA_MSG_FOCUS
02-20 19:39:12.124  1365  1711 V EmulatedCamera_CallbackNotifier:     CAMERA_MSG_ZOOM
02-20 19:39:12.124  1365  1711 V EmulatedCamera_CallbackNotifier:     CAMERA_MSG_PREVIEW_FRAME
02-20 19:39:12.124  1365  1711 V EmulatedCamera_CallbackNotifier:     CAMERA_MSG_VIDEO_FRAME
02-20 19:39:12.124  1365  1711 V EmulatedCamera_CallbackNotifier:     CAMERA_MSG_POSTVIEW_FRAME
02-20 19:39:12.124  1365  1711 V EmulatedCamera_CallbackNotifier:     CAMERA_MSG_RAW_IMAGE
02-20 19:39:12.124  1365  1711 V EmulatedCamera_CallbackNotifier:     CAMERA_MSG_COMPRESSED_IMAGE
02-20 19:39:12.124  1365  1711 V EmulatedCamera_CallbackNotifier:     CAMERA_MSG_RAW_IMAGE_NOTIFY
02-20 19:39:12.124  1365  1711 V EmulatedCamera_CallbackNotifier:     CAMERA_MSG_PREVIEW_METADATA
02-20 19:39:12.124  1365  1711 V EmulatedCamera_CallbackNotifier: **** Currently enabled messages:
02-20 19:39:12.124  1365  1711 V EmulatedCamera_Preview: setPreviewWindow: current: 0x0 -> new: 0x0
02-20 19:39:12.124  1365  1711 V EmulatedCamera_Camera: doStopPreview
02-20 19:39:12.124  1365  1711 V EmulatedCamera_Camera: cancelPicture
02-20 19:39:12.124  1365  1711 V EmulatedCamera_Camera: releaseCamera
02-20 19:39:12.124  1365  1711 V EmulatedCamera_Camera: doStopPreview
02-20 19:39:12.124  1365  1711 V EmulatedCamera_FakeDevice: disconnectDevice
02-20 19:39:12.124  1365  1711 W EmulatedCamera_Device: Initialize: Emulated camera device is already initialized: mState = 1
02-20 19:39:12.124  1365  1711 D EmulatedCamera_FakeCamera: Initialize: Fake camera is facing back
02-20 19:39:12.125  1365  1711 V EmulatedCamera_Device: initializeWhiteBalanceModes with auto, 1.000000, 1.000000
02-20 19:39:12.125  1365  1711 V EmulatedCamera_Device: initializeWhiteBalanceModes with incandescent, 1.380000, 0.600000
02-20 19:39:12.125  1365  1711 V EmulatedCamera_Device: initializeWhiteBalanceModes with daylight, 1.090000, 0.920000
02-20 19:39:12.125  1365  1711 V EmulatedCamera_Device: initializeWhiteBalanceModes with twilight, 0.920000, 1.220000
02-20 19:39:12.125  1365  1711 V EmulatedCamera_Device: setWhiteBalanceMode with white balance auto
02-20 19:39:12.125  1365  1711 I CameraFlashlight: Destroying camera 0
02-20 19:39:12.125  1365  1711 V EmulatedCamera_Camera: closeCamera
02-20 19:39:12.125  1365  1711 V EmulatedCamera_Camera: doStopPreview
02-20 19:39:12.125  1365  1711 W EmulatedCamera_Device: Initialize: Emulated camera device is already initialized: mState = 1
02-20 19:39:12.125  1365  1711 D EmulatedCamera_FakeCamera: Initialize: Fake camera is facing back
02-20 19:39:12.125  1365  1711 V EmulatedCamera_Device: initializeWhiteBalanceModes with auto, 1.000000, 1.000000
02-20 19:39:12.125  1365  1711 V EmulatedCamera_Device: initializeWhiteBalanceModes with incandescent, 1.380000, 0.600000
02-20 19:39:12.125  1365  1711 V EmulatedCamera_Device: initializeWhiteBalanceModes with daylight, 1.090000, 0.920000
02-20 19:39:12.125  1365  1711 V EmulatedCamera_Device: initializeWhiteBalanceModes with twilight, 0.920000, 1.220000
02-20 19:39:12.125  1365  1711 V EmulatedCamera_Device: setWhiteBalanceMode with white balance auto
02-20 19:39:12.126  1365  1711 I CameraService: disconnect: Disconnected client for camera 0 for PID 1365
02-20 19:39:12.126  1372  1439 D NuPlayerDriver: reset(0xf3a12120) at state 4
02-20 19:39:12.126  1372  1439 D NuPlayerDriver: notifyListener_l(0xf3a12120), (8, 0, 0), loop setting(0, 0)
02-20 19:39:12.126  1372  2064 D NuPlayerDriver: notifyResetComplete(0xf3a12120)
02-20 19:39:12.128  1372  1844 D NuPlayerDriver: reset(0xf3a12660) at state 4
02-20 19:39:12.128  1372  1844 D NuPlayerDriver: notifyListener_l(0xf3a12660), (8, 0, 0), loop setting(0, 0)
02-20 19:39:12.128  1372  2066 D NuPlayerDriver: notifyResetComplete(0xf3a12660)
02-20 19:39:12.128  1372  1844 D NuPlayerDriver: reset(0xf3a126c0) at state 4
02-20 19:39:12.128  1372  1844 D NuPlayerDriver: notifyListener_l(0xf3a126c0), (8, 0, 0), loop setting(0, 0)
02-20 19:39:12.128  1372  2068 D NuPlayerDriver: notifyResetComplete(0xf3a126c0)
02-20 19:39:12.128  1365  1710 V EmulatedCamera_Camera: getCameraInfo
02-20 19:39:12.128  1365  1710 V EmulatedCamera_BaseCamera: getCameraInfo
02-20 19:39:12.129  1365  1710 V EmulatedCamera_Camera: getCameraInfo
02-20 19:39:12.129  1365  1710 V EmulatedCamera_BaseCamera: getCameraInfo
02-20 19:39:12.129  1922  1922 D DCT     : [0]setupDataOnConnectableApns: roamingOff hipri:[state=IDLE,enabled=false] mms:[state=IDLE,enabled=false] supl:[state=IDLE,enabled=false] ia:[state=IDLE,enabled=false] fota:[state=IDLE,enabled=false] ims:[state=IDLE,enabled=false] cbs:[state=IDLE,enabled=false] default:[state=IDLE,enabled=false] emergency:[state=IDLE,enabled=false] 
02-20 19:39:12.129  1922  1922 D DCT     : [0]setupDataOnConnectableApns: nwTypeChanged hipri:[state=IDLE,enabled=false] mms:[state=IDLE,enabled=false] supl:[state=IDLE,enabled=false] ia:[state=IDLE,enabled=false] fota:[state=IDLE,enabled=false] ims:[state=IDLE,enabled=false] cbs:[state=IDLE,enabled=false] default:[state=IDLE,enabled=false] emergency:[state=IDLE,enabled=false] 
02-20 19:39:12.129  1922  1922 D PhoneSwitcherNetworkRequstListener: got request NetworkRequest [ REQUEST id=1, [ Capabilities: INTERNET&NOT_RESTRICTED&TRUSTED&NOT_VPN] ] with score 0
02-20 19:39:12.129  1922  1922 D TelephonyNetworkFactory[0]: onSubIdChange -1->-2
02-20 19:39:12.130  1922  1922 D TelephonyNetworkFactory[0]: got request NetworkRequest [ REQUEST id=1, [ Capabilities: INTERNET&NOT_RESTRICTED&TRUSTED&NOT_VPN] ] with score 0
02-20 19:39:12.131  1922  1922 D DebugService: DebugService DebugService:
02-20 19:39:12.131  1922  1922 D TelephonyDebugService: TelephonyDebugService()
02-20 19:39:12.131  1922  1922 D DCT     : [0]NETWORK_STATE_CHANGED_ACTION: mIsWifiConnected=false
02-20 19:39:12.131  1922  1922 D DCT     : [0]Wifi state changed
02-20 19:39:12.131  1922  1922 D DCT     : [0]WIFI_STATE_CHANGED_ACTION: enabled=true mIsWifiConnected=false
02-20 19:39:12.131  1922  1922 D SubscriptionInfoUpdater: [Receiver]+
02-20 19:39:12.131  1922  1922 D SubscriptionInfoUpdater: Action: android.intent.action.SIM_STATE_CHANGED
02-20 19:39:12.131  1922  1922 D SubscriptionInfoUpdater: slotId: 0
02-20 19:39:12.131  1922  1922 D SubscriptionInfoUpdater: simStatus: NOT_READY
02-20 19:39:12.131  1922  1922 D SubscriptionInfoUpdater: Ignoring simStatus: NOT_READY
02-20 19:39:12.131  1922  1922 D SubscriptionInfoUpdater: [Receiver]-
02-20 19:39:12.132  1922  1922 D CarrierConfigLoader: mHandler: 12 phoneId: 0
02-20 19:39:12.132  1922  1922 D RILJ    : [3671]> RIL_REQUEST_QUERY_TTY_MODE [SUB0]
02-20 19:39:12.134  1374  1456 D RIL     : onRequest: QUERY_TTY_MODE
02-20 19:39:12.134  1374  1456 D RIL     : Request not supported. Tech: 1
02-20 19:39:12.134  1922  2012 D RilRequest: [3671]< RIL_REQUEST_QUERY_TTY_MODE error: com.android.internal.telephony.CommandException: REQUEST_NOT_SUPPORTED ret=
02-20 19:39:12.135  1922  1922 D GsmSMSDispatcher: GsmSMSDispatcher: subId = -2 slotId = 0
02-20 19:39:12.135  1922  1922 E IccCardProxy: setExternalState: !override and newstate unchanged from NOT_READY
02-20 19:39:12.135  1922  1922 D UiccController: Received EVENT_GET_ICC_STATUS_DONE
02-20 19:39:12.135  1922  1922 D UiccCard: 2 applications
02-20 19:39:12.136  1922  1922 D UiccCardApplication: Creating UiccApp: {APPTYPE_SIM,APPSTATE_DETECTED}
02-20 19:39:12.137  1771  1771 I StatusBar: isKeyguardShowing() called before startKeyguard(), returning true
02-20 19:39:12.137  1771  1771 W StatusBar: isKeyguardSecure() called before startKeyguard(), returning false
02-20 19:39:12.137  1771  1771 W StatusBar: java.lang.Throwable
02-20 19:39:12.137  1771  1771 W StatusBar: 	at com.android.systemui.statusbar.BaseStatusBar.isKeyguardSecure(BaseStatusBar.java:2647)
02-20 19:39:12.137  1771  1771 W StatusBar: 	at com.android.systemui.statusbar.BaseStatusBar.isCameraAllowedByAdmin(BaseStatusBar.java:2670)
02-20 19:39:12.137  1771  1771 W StatusBar: 	at com.android.systemui.statusbar.phone.KeyguardBottomAreaView.updateCameraVisibility(KeyguardBottomAreaView.java:309)
02-20 19:39:12.137  1771  1771 W StatusBar: 	at com.android.systemui.statusbar.phone.KeyguardBottomAreaView.setPhoneStatusBar(KeyguardBottomAreaView.java:272)
02-20 19:39:12.137  1771  1771 W StatusBar: 	at com.android.systemui.statusbar.phone.PhoneStatusBar.makeStatusBarView(PhoneStatusBar.java:904)
02-20 19:39:12.137  1771  1771 W StatusBar: 	at com.android.systemui.statusbar.phone.PhoneStatusBar.addStatusBarWindow(PhoneStatusBar.java:3432)
02-20 19:39:12.137  1771  1771 W StatusBar: 	at com.android.systemui.statusbar.phone.PhoneStatusBar.createAndAddWindows(PhoneStatusBar.java:3428)
02-20 19:39:12.137  1771  1771 W StatusBar: 	at com.android.systemui.statusbar.BaseStatusBar.start(BaseStatusBar.java:765)
02-20 19:39:12.137  1771  1771 W StatusBar: 	at com.android.systemui.statusbar.phone.PhoneStatusBar.start(PhoneStatusBar.java:686)
02-20 19:39:12.137  1771  1771 W StatusBar: 	at com.android.systemui.statusbar.SystemBars.createStatusBarFromConfig(SystemBars.java:106)
02-20 19:39:12.137  1771  1771 W StatusBar: 	at com.android.systemui.statusbar.SystemBars.onNoService(SystemBars.java:58)
02-20 19:39:12.137  1771  1771 W StatusBar: 	at com.android.systemui.statusbar.ServiceMonitor.startService(ServiceMonitor.java:230)
02-20 19:39:12.137  1771  1771 W StatusBar: 	at com.android.systemui.statusbar.ServiceMonitor.-wrap5(ServiceMonitor.java)
02-20 19:39:12.137  1771  1771 W StatusBar: 	at com.android.systemui.statusbar.ServiceMonitor$1.handleMessage(ServiceMonitor.java:73)
02-20 19:39:12.137  1771  1771 W StatusBar: 	at android.os.Handler.dispatchMessage(Handler.java:102)
02-20 19:39:12.137  1771  1771 W StatusBar: 	at android.os.Looper.loop(Looper.java:154)
02-20 19:39:12.137  1771  1771 W StatusBar: 	at android.app.ActivityThread.main(ActivityThread.java:6119)
02-20 19:39:12.137  1771  1771 W StatusBar: 	at java.lang.reflect.Method.invoke(Native Method)
02-20 19:39:12.137  1771  1771 W StatusBar: 	at com.android.internal.os.ZygoteInit$MethodAndArgsCaller.run(ZygoteInit.java:886)
02-20 19:39:12.137  1771  1771 W StatusBar: 	at com.android.internal.os.ZygoteInit.main(ZygoteInit.java:776)
02-20 19:39:12.138  1771  1771 I StatusBar: isKeyguardShowing() called before startKeyguard(), returning true
02-20 19:39:12.138  1771  1771 W StatusBar: isKeyguardSecure() called before startKeyguard(), returning false
02-20 19:39:12.138  1771  1771 W StatusBar: java.lang.Throwable
02-20 19:39:12.138  1771  1771 W StatusBar: 	at com.android.systemui.statusbar.BaseStatusBar.isKeyguardSecure(BaseStatusBar.java:2647)
02-20 19:39:12.138  1771  1771 W StatusBar: 	at com.android.systemui.statusbar.BaseStatusBar.isCameraAllowedByAdmin(BaseStatusBar.java:2670)
02-20 19:39:12.138  1771  1771 W StatusBar: 	at com.android.systemui.statusbar.phone.KeyguardBottomAreaView.updateCameraVisibility(KeyguardBottomAreaView.java:309)
02-20 19:39:12.138  1771  1771 W StatusBar: 	at com.android.systemui.statusbar.phone.KeyguardBottomAreaView.setUserSetupComplete(KeyguardBottomAreaView.java:281)
02-20 19:39:12.138  1771  1771 W StatusBar: 	at com.android.systemui.statusbar.phone.PhoneStatusBar.makeStatusBarView(PhoneStatusBar.java:905)
02-20 19:39:12.138  1771  1771 W StatusBar: 	at com.android.systemui.statusbar.phone.PhoneStatusBar.addStatusBarWindow(PhoneStatusBar.java:3432)
02-20 19:39:12.138  1771  1771 W StatusBar: 	at com.android.systemui.statusbar.phone.PhoneStatusBar.createAndAddWindows(PhoneStatusBar.java:3428)
02-20 19:39:12.138  1771  1771 W StatusBar: 	at com.android.systemui.statusbar.BaseStatusBar.start(BaseStatusBar.java:765)
02-20 19:39:12.138  1771  1771 W StatusBar: 	at com.android.systemui.statusbar.phone.PhoneStatusBar.start(PhoneStatusBar.java:686)
02-20 19:39:12.138  1771  1771 W StatusBar: 	at com.android.systemui.statusbar.SystemBars.createStatusBarFromConfig(SystemBars.java:106)
02-20 19:39:12.138  1771  1771 W StatusBar: 	at com.android.systemui.statusbar.SystemBars.onNoService(SystemBars.java:58)
02-20 19:39:12.138  1771  1771 W StatusBar: 	at com.android.systemui.statusbar.ServiceMonitor.startService(ServiceMonitor.java:230)
02-20 19:39:12.138  1771  1771 W StatusBar: 	at com.android.systemui.statusbar.ServiceMonitor.-wrap5(ServiceMonitor.java)
02-20 19:39:12.138  1771  1771 W StatusBar: 	at com.android.systemui.statusbar.ServiceMonitor$1.handleMessage(ServiceMonitor.java:73)
02-20 19:39:12.138  1771  1771 W StatusBar: 	at android.os.Handler.dispatchMessage(Handler.java:102)
02-20 19:39:12.138  1771  1771 W StatusBar: 	at android.os.Looper.loop(Looper.java:154)
02-20 19:39:12.138  1771  1771 W StatusBar: 	at android.app.ActivityThread.main(ActivityThread.java:6119)
02-20 19:39:12.138  1771  1771 W StatusBar: 	at java.lang.reflect.Method.invoke(Native Method)
02-20 19:39:12.138  1771  1771 W StatusBar: 	at com.android.internal.os.ZygoteInit$MethodAndArgsCaller.run(ZygoteInit.java:886)
02-20 19:39:12.138  1771  1771 W StatusBar: 	at com.android.internal.os.ZygoteInit.main(ZygoteInit.java:776)
02-20 19:39:12.142  1922  1922 W VoiceMailConstants: Can't open /system/etc/voicemail-conf.xml
02-20 19:39:12.142  1922  1922 D SpnOverride: No SPN in OEM image = /oem/telephony/spn-conf.xml Load SPN from system image
02-20 19:39:12.143  1922  1938 D SubscriptionController: [getPhoneId] asked for default subId=-1
02-20 19:39:12.144  1922  1922 W SpnOverride: Can not open /system/etc/spn-conf.xml
02-20 19:39:12.144  1922  1922 D SIMRecords: [SIMRecords] setting0 mMncLength-1
02-20 19:39:12.144  1922  1922 D SIMRecords: [SIMRecords] SIMRecords: onRadioOffOrNotAvailable set 'gsm.sim.operator.numeric' to operator=null
02-20 19:39:12.144  1922  1922 D SIMRecords: [SIMRecords] update icc_operator_numeric=null
02-20 19:39:12.144  1922  1922 D TelephonyManager: setTelephonyProperty: success phoneId=0 property=gsm.sim.operator.numeric value:  propVal=
02-20 19:39:12.145  1922  1922 D TelephonyManager: setTelephonyProperty: success phoneId=0 property=gsm.sim.operator.alpha value:  propVal=
02-20 19:39:12.145  1922  1922 D TelephonyManager: setTelephonyProperty: success phoneId=0 property=gsm.sim.operator.iso-country value:  propVal=
02-20 19:39:12.145  1922  1922 D SIMRecords: [SIMRecords] getOperatorNumeric: IMSI == null
