02-20 19:40:27.667  1377  1482 D AT      : AT< OK
02-20 19:40:27.668  1925  1925 E SST     : error parsing GprsRegistrationState: java.lang.NumberFormatException: null
02-20 19:40:27.668  1925  1925 D SST     : handlPollStateResultMessage: GsmSST setDataRegState=0 regState=1 dataRadioTechnology=14
02-20 19:40:27.668  1925  1925 D SST     : EVENT_POLL_STATE_NETWORK_SELECTION_MODE
02-20 19:40:27.668  1925  2022 D RILJ    : [3729]< SIM_IO IccIoResponse sw1:0x90 sw2:0x0 [SUB0]
02-20 19:40:27.668  1925  1925 D SST     : Poll ServiceState done:  oldSS=[0 0 voice home data home Android Android 310260 Android Android 310260  Unknown LTE CSS not supported -1 -1 RoamInd=-1 DefRoamInd=-1 EmergOnly=false IsDataRoamingFromRegistration=false IsUsingCarrierAggregation=false] newSS=[0 0 voice home data home Android Android 310260 Android Android 310260  Unknown LTE CSS not supported -1 -1 RoamInd=-1 DefRoamInd=-1 EmergOnly=false IsDataRoamingFromRegistration=false IsUsingCarrierAggregation=false] oldMaxDataCalls=1 mNewMaxDataCalls=1 oldReasonDataDenied=-1 mNewReasonDataDenied=-1
02-20 19:40:27.668  1377  1476 D RIL     : onRequest: SIM_IO
02-20 19:40:27.668  1377  1476 D AT      : AT> AT+CRSM=176,28438,0,0,2
02-20 19:40:27.669  1377  1482 D AT      : AT< +CRSM: 144,0,0233
02-20 19:40:27.669  1377  1482 D AT      : AT< OK
02-20 19:40:27.669  1925  1925 D RuimRecords: [RuimRecords] NO update mccmnc=310260
02-20 19:40:27.669  1925  1925 D RuimRecords: [RuimRecords] onRecordLoaded 9 requested: true
02-20 19:40:27.669  1925  2022 D RILJ    : [3730]< SIM_IO IccIoResponse sw1:0x90 sw2:0x0 [SUB0]
02-20 19:40:27.684  1774  1774 I Choreographer: Skipped 33 frames!  The application may be doing too much work on its main thread.
02-20 19:40:27.686  2079  2079 W System  : ClassLoader referenced unknown path: /system/app/PrebuiltDeskClockGoogle/lib/x86_64
02-20 19:40:27.703  1925  1925 D RILJ    : [3731]> RIL_REQUEST_SIM_CLOSE_CHANNEL [SUB0]
02-20 19:40:27.704  1925  1925 D RILJ    : [3732]> iccIO: SIM_IO 0xb0 0x2fe2  path: 3F00,0,0,10 aid: null [SUB0]
02-20 19:40:27.704  1377  1476 D RIL     : onRequest: SIM_CLOSE_CHANNEL
02-20 19:40:27.704  1377  1476 D AT      : AT> AT+CCHC=1
02-20 19:40:27.704  1377  1482 D AT      : AT< +CCHC
02-20 19:40:27.704  1377  1482 D AT      : AT< OK
02-20 19:40:27.704  1925  2022 D RILJ    : [3731]< RIL_REQUEST_SIM_CLOSE_CHANNEL  [SUB0]
02-20 19:40:27.705  1377  1476 D RIL     : onRequest: SIM_IO
02-20 19:40:27.705  1377  1476 D AT      : AT> AT+CRSM=176,12258,0,0,10
02-20 19:40:27.705  1925  1925 D IccCardProxy: broadcastIccStateChangedIntent intent ACTION_SIM_STATE_CHANGED value=IMSI reason=null for mPhoneId=0
02-20 19:40:27.705  1377  1482 D AT      : AT< +CRSM: 144,0,98101430121181157002
02-20 19:40:27.705  1377  1482 D AT      : AT< OK
02-20 19:40:27.706  1925  2022 D RILJ    : [3732]< SIM_IO IccIoResponse sw1:0x90 sw2:0x0 [SUB0]
02-20 19:40:27.723  1925  1925 D SIMRecords: [SIMRecords] onRecordLoaded 15 requested: true
02-20 19:40:27.723  1925  1925 D RILJ    : [3733]> iccIO: SIM_IO 0xc0 0x6f14  path: 3F007F20,0,0,15 aid: null [SUB0]
02-20 19:40:27.724  1925  1925 D SIMRecords: [SIMRecords] onRecordLoaded 15 requested: true
02-20 19:40:27.724  1925  1925 D SIMRecords: [SIMRecords] onRecordLoaded 14 requested: true
02-20 19:40:27.724  1925  1925 E SIMRecords: [SIMRecords] Exception in fetching EF_CSP data com.android.internal.telephony.CommandException: GENERIC_FAILURE
02-20 19:40:27.724  1925  1925 D SIMRecords: [SIMRecords] onRecordLoaded 13 requested: true
02-20 19:40:27.724  1925  1925 E SIMRecords: [SIMRecords] Exception in get GID1 com.android.internal.telephony.CommandException: GENERIC_FAILURE
02-20 19:40:27.724  1925  1925 D SIMRecords: [SIMRecords] onRecordLoaded 12 requested: true
02-20 19:40:27.724  1925  1925 E SIMRecords: [SIMRecords] Exception in get GID2 com.android.internal.telephony.CommandException: GENERIC_FAILURE
02-20 19:40:27.724  1925  1925 D SIMRecords: [SIMRecords] onRecordLoaded 11 requested: true
02-20 19:40:27.725  1377  1476 D RIL     : onRequest: SIM_IO
02-20 19:40:27.725  1377  1476 D AT      : AT> AT+CRSM=192,28436,0,0,15
02-20 19:40:27.725  1377  1482 D AT      : AT< +CRSM: 144,0,000000146f1404001aa0aa01020000
02-20 19:40:27.725  1377  1482 D AT      : AT< OK
02-20 19:40:27.726  1925  2022 D RILJ    : [3733]< SIM_IO IccIoResponse sw1:0x90 sw2:0x0 [SUB0]
02-20 19:40:27.727  1925  1925 D RuimRecords: [RuimRecords] EF_PL LOADED
02-20 19:40:27.727  1925  1925 E RuimRecords: [RuimRecords] Record Load Exception: com.android.internal.telephony.CommandException: GENERIC_FAILURE
02-20 19:40:27.727  1925  1925 D RuimRecords: [RuimRecords] onRecordLoaded 8 requested: true
02-20 19:40:27.727  1925  1925 D RuimRecords: [RuimRecords] EF_CSIM_LI LOADED
02-20 19:40:27.727  1925  1925 E RuimRecords: [RuimRecords] Record Load Exception: com.android.internal.telephony.CommandException: GENERIC_FAILURE
02-20 19:40:27.727  1925  1925 D RuimRecords: [RuimRecords] onRecordLoaded 7 requested: true
02-20 19:40:27.727  1925  1925 D RuimRecords: [RuimRecords] EF_CSIM_SPN LOADED
02-20 19:40:27.727  1925  1925 E RuimRecords: [RuimRecords] Record Load Exception: com.android.internal.telephony.CommandException: GENERIC_FAILURE
02-20 19:40:27.727  1925  1925 D RuimRecords: [RuimRecords] onRecordLoaded 6 requested: true
02-20 19:40:27.727  1925  1925 D RuimRecords: [RuimRecords] EF_CSIM_MDN LOADED
02-20 19:40:27.727  1925  1925 E RuimRecords: [RuimRecords] Record Load Exception: com.android.internal.telephony.CommandException: GENERIC_FAILURE
02-20 19:40:27.727  1925  1925 D RuimRecords: [RuimRecords] onRecordLoaded 5 requested: true
02-20 19:40:27.727  1925  1925 D RuimRecords: [RuimRecords] EF_CSIM_IMSIM LOADED
02-20 19:40:27.727  1925  1925 E RuimRecords: [RuimRecords] Record Load Exception: com.android.internal.telephony.CommandException: GENERIC_FAILURE
02-20 19:40:27.727  1925  1925 D RuimRecords: [RuimRecords] onRecordLoaded 4 requested: true
02-20 19:40:27.727  1925  1925 D RuimRecords: [RuimRecords] EF_CSIM_CDMAHOME LOADED
02-20 19:40:27.727  1925  1925 E RuimRecords: [RuimRecords] Record Load Exception: com.android.internal.telephony.CommandException: GENERIC_FAILURE
02-20 19:40:27.727  1925  1925 D RuimRecords: [RuimRecords] onRecordLoaded 3 requested: true
02-20 19:40:27.727  1925  1925 D RuimRecords: [RuimRecords] EF_CSIM_EPRL LOADED
02-20 19:40:27.727  1925  1925 E RuimRecords: [RuimRecords] Record Load Exception: com.android.internal.telephony.CommandException: GENERIC_FAILURE
02-20 19:40:27.727  1925  1925 D RuimRecords: [RuimRecords] onRecordLoaded 2 requested: true
02-20 19:40:27.727  1925  1925 D RuimRecords: [RuimRecords] EF_CSIM_MIPUPP LOADED
02-20 19:40:27.727  1925  1925 E RuimRecords: [RuimRecords] Record Load Exception: com.android.internal.telephony.CommandException: GENERIC_FAILURE
02-20 19:40:27.727  1925  1925 D RuimRecords: [RuimRecords] onRecordLoaded 1 requested: true
02-20 19:40:27.727  1925  1925 D SubscriptionInfoUpdater: [Receiver]+
02-20 19:40:27.727  1925  1925 D SubscriptionInfoUpdater: Action: android.intent.action.SIM_STATE_CHANGED
02-20 19:40:27.727  1925  1925 D SubscriptionInfoUpdater: slotId: 0
02-20 19:40:27.727  1925  1925 D SubscriptionInfoUpdater: simStatus: IMSI
02-20 19:40:27.727  1925  1925 D SubscriptionInfoUpdater: Ignoring simStatus: IMSI
02-20 19:40:27.727  1925  1925 D SubscriptionInfoUpdater: [Receiver]-
02-20 19:40:27.727  1925  1925 D SIMRecords: [SIMRecords] iccid: 89014103211118510720
02-20 19:40:27.727  1925  1925 D SIMRecords: [SIMRecords] onRecordLoaded 10 requested: true
02-20 19:40:27.728  1774  1774 D ViewRootImpl[StatusBar]: changeCanvasOpacity: opaque=true
02-20 19:40:27.730  1925  1925 D SIMRecords: [SIMRecords] EF_MBI: 01000000
02-20 19:40:27.730  1925  1925 D SIMRecords: [SIMRecords] Got valid mailbox number for MBDN
02-20 19:40:27.730  1925  1925 D RILJ    : [3734]> iccIO: SIM_IO 0xc0 0x6fc7  path: 3F007F20,0,0,15 aid: null [SUB0]
02-20 19:40:27.730  1925  1925 D SIMRecords: [SIMRecords] onRecordLoaded 10 requested: true
02-20 19:40:27.730  1925  1925 D SIMRecords: [SIMRecords] EF_AD: 00000003
02-20 19:40:27.730  1925  1925 D SIMRecords: [SIMRecords] setting4 mMncLength=3
02-20 19:40:27.730  1925  1925 D SIMRecords: [SIMRecords] update mccmnc=310260
02-20 19:40:27.730  1925  1925 D MccTable: updateMccMncConfiguration mccmnc='310260' fromServiceState=false
02-20 19:40:27.731  1925  1925 D SubscriptionController: [getPhoneId]- no sims, returning default phoneId=2147483647
02-20 19:40:27.731  1925  1925 D MccTable: updateMccMncConfiguration defaultMccMnc=
02-20 19:40:27.731  1925  1925 D MccTable: updateMccMncConfiguration: mcc=310, mnc=260
02-20 19:40:27.731  1925  1925 D MccTable: updateMccMncConfiguration updateConfig config={1.0 310mcc260mnc ?localeList ?layoutDir ?swdp ?wdp ?hdp ?density ?lsize ?long ?orien ?uimode ?night ?touch ?keyb/?/? ?nav/?}
02-20 19:40:27.731  1377  1476 D RIL     : onRequest: SIM_IO
02-20 19:40:27.731  1377  1476 D AT      : AT> AT+CRSM=192,28615,0,0,15
02-20 19:40:27.731  1377  1482 D AT      : AT< +CRSM: 144,0,000000406fc7040011a0aa01020120
02-20 19:40:27.731  1377  1482 D AT      : AT< OK
02-20 19:40:27.732  1925  2022 D RILJ    : [3734]< SIM_IO IccIoResponse sw1:0x90 sw2:0x0 [SUB0]
02-20 19:40:27.753  1677  1688 I configuration_changed: 3
02-20 19:40:27.753  1313  1356 D gralloc_ranchu: gralloc_alloc: Creating ashmem region of size 15945728
02-20 19:40:27.753  1677  1688 I ActivityManager: Config changes=3 {1.0 310mcc260mnc [en_US] ldltr sw360dp w360dp h668dp 640dpi nrml long port finger -keyb/v/h -nav/h s.6}
02-20 19:40:27.765  1774  2075 E ActivityThread: Failed to find provider info for com.android.contacts
02-20 19:40:27.786  1677  1688 I am_relaunch_resume_activity: [0,9948380,1,com.android.settings/.FallbackHome]
02-20 19:40:27.788  1934  1934 I am_on_paused_called: [0,com.android.settings.FallbackHome,handleRelaunchActivity]
02-20 19:40:27.791  1925  1945 D DCT     : [0]hasMatchedTetherApnSetting: APN=null
02-20 19:40:27.791  1925  1925 D SIMRecords: [SIMRecords] onRecordLoaded 9 requested: true
02-20 19:40:27.791  1925  1925 D SIMRecords: [SIMRecords] EF_MWIS : 0000000000
02-20 19:40:27.791  1925  1925 D SIMRecords: [SIMRecords] onRecordLoaded 8 requested: true
02-20 19:40:27.791  1925  1925 D SIMRecords: [SIMRecords] EF_CPHS_MWI: 55
02-20 19:40:27.791  1925  1925 D SIMRecords: [SIMRecords] onRecordLoaded 7 requested: true
02-20 19:40:27.791  1925  1925 D SIMRecords: [SIMRecords] EF_CFF_CPHS: 55
02-20 19:40:27.791  1925  1925 D SIMRecords: [SIMRecords] onRecordLoaded 6 requested: true
02-20 19:40:27.791  1925  1925 D SIMRecords: [SIMRecords] onRecordLoaded 5 requested: true
02-20 19:40:27.792  1925  1925 D SIMRecords: [SIMRecords] SST: UsimServiceTable[120]={ PHONEBOOK, FDN, FDN_EXTENSION, SDN, SDN_EXTENSION, BDN, BDN_EXTENSION, OUTGOING_CALL_INFO, ADVICE_OF_CHARGE, CAP_CONFIG_PARAMS_2, GROUP_ID_LEVEL_1, GROUP_ID_LEVEL_2, SPN, USER_PLMN_SELECT, MSISDN, IMAGE, LOCALISED_SERVICE_AREAS, EMLPP, EMLPP_AUTO_ANSWER, RFU, GSM_ACCESS, DATA_DL_VIA_SMS_PP, DATA_DL_VIA_SMS_CB, CALL_CONTROL_BY_USIM, MO_SMS_CONTROL_BY_USIM, RUN_AT_COMMAND, APN_CONTROL_LIST, DEPERSONALISATION_CONTROL_KEYS, COOPERATIVE_NETWORK_LIST, GSM_SECURITY_CONTEXT, SERVICE_PROVIDER_DISPLAY_INFO, MMS_NOTIFICATION, MMS_NOTIFICATION_EXTENSION, GPRS_CALL_CONTROL_BY_USIM, VGCS_GROUP_ID_LIST, VBS_GROUP_ID_LIST, OMA_BCAST_PROFILE, GBA_LOCAL_KEY_ESTABLISHMENT, #101, #102, #103, #104, #105, #106, #107, #108, #109, #110 }
02-20 19:40:27.792  1925  1925 D SIMRecords: [SIMRecords] onRecordLoaded 4 requested: true
02-20 19:40:27.792  1925  1925 D SIMRecords: [SIMRecords] iCPHS: 0233
02-20 19:40:27.792  1925  1925 D SIMRecords: [SIMRecords] onRecordLoaded 3 requested: true
02-20 19:40:27.792  1925  1925 D RILJ    : [3735]> iccIO: SIM_IO 0xb0 0x6f14  path: 3F007F20,0,0,20 aid: null [SUB0]
02-20 19:40:27.792  1925  1925 D RuimRecords: [RuimRecords] iccid: 89014103211118510720
02-20 19:40:27.792  1925  1925 D RuimRecords: [RuimRecords] onRecordLoaded 0 requested: true
02-20 19:40:27.792  1925  1925 D RuimRecords: [RuimRecords] record load complete
02-20 19:40:27.793  1925  1925 D SIMRecords: [SIMRecords] MSISDN: [t-WgLegCyIMgfHgPkOdM6pkZbpA]
02-20 19:40:27.793  1925  1925 D SIMRecords: [SIMRecords] onRecordLoaded 2 requested: true
02-20 19:40:27.793  1925  1925 D RILJ    : [3736]> iccIO: SIM_IO 0xb2 0x6fc7  path: 3F007F20,1,4,32 aid: null [SUB0]
02-20 19:40:27.793  1377  1476 D RIL     : onRequest: SIM_IO
02-20 19:40:27.793  1377  1476 D AT      : AT> AT+CRSM=176,28436,0,0,20
02-20 19:40:27.793  1377  1482 D AT      : AT< +CRSM: 144,0,416e64726f6964ffffffffffffffffffffffffff
02-20 19:40:27.793  1377  1482 D AT      : AT< OK
02-20 19:40:27.793  1377  1476 D RIL     : onRequest: SIM_IO
02-20 19:40:27.793  1377  1476 D AT      : AT> AT+CRSM=178,28615,1,4,32
02-20 19:40:27.793  1925  2022 D RILJ    : [3735]< SIM_IO IccIoResponse sw1:0x90 sw2:0x0 [SUB0]
02-20 19:40:27.793  1377  1482 D AT      : AT< +CRSM: 144,0,566f6963656d61696cffffffffffffffffff07915155125740f9ffffffffffff
02-20 19:40:27.793  1377  1482 D AT      : AT< OK
02-20 19:40:27.793  1925  2022 D RILJ    : [3736]< SIM_IO IccIoResponse sw1:0x90 sw2:0x0 [SUB0]
02-20 19:40:27.794  1925  1925 D SIMRecords: [SIMRecords] getServiceProviderName: no brandOverride, providerName=Android
02-20 19:40:27.794  1925  1925 D SIMRecords: [SIMRecords] Load EF_SPN_CPHS: Android
02-20 19:40:27.794  1925  1925 D TelephonyManager: setTelephonyProperty: success phoneId=0 property=gsm.sim.operator.alpha value: Android propVal=Android
02-20 19:40:27.795  1677  1982 I force_gc: Binder
02-20 19:40:27.795  1925  1925 D SIMRecords: [SIMRecords] onRecordLoaded 1 requested: true
02-20 19:40:27.795  1925  1925 D SIMRecords: [SIMRecords] VM: ADN Record 'Voicemail' '[-MWU1cAlDrkXUZ8dpHi_wU_YOpU] null' EF[MBDN]
02-20 19:40:27.795  1925  1925 D SIMRecords: [SIMRecords] onRecordLoaded 0 requested: true
02-20 19:40:27.795  1925  1925 D SIMRecords: [SIMRecords] record load complete
02-20 19:40:27.795  1925  1925 D SIMRecords: [SIMRecords] Not using EF LI/EF PL
02-20 19:40:27.795  1925  1925 D SIMRecords: [SIMRecords] EF_CFF: callForwardingEnabled=0
02-20 19:40:27.795  1925  1925 D SIMRecords: [SIMRecords] onAllRecordsLoaded set 'gsm.sim.operator.numeric' to operator='310260'
02-20 19:40:27.795  1925  1925 D SIMRecords: [SIMRecords] update icc_operator_numeric=310260
02-20 19:40:27.795  1925  1925 D TelephonyManager: setTelephonyProperty: success phoneId=0 property=gsm.sim.operator.numeric value: 310260 propVal=310260
02-20 19:40:27.795  1925  1925 D SubscriptionController: [setMccMnc]+ mcc/mnc:310/260 subId:-1
02-20 19:40:27.826  1934  1993 D EGL_emulation: eglMakeCurrent: 0x7b0eb99f4c00: ver 3 0 (tinfo 0x7b0ec3c9c520)
02-20 19:40:27.835  1925  1925 D SubscriptionController: notifySubscriptionInfoChanged:
02-20 19:40:27.837  1934  1934 I am_on_stop_called: [0,com.android.settings.FallbackHome,destroy]
02-20 19:40:27.837  1677  1677 I GnssLocationProvider: WakeLock acquired by sendMessage(12, 0, null)
02-20 19:40:27.838  1925  1946 D SubscriptionController: [getActiveSubInfoList] Sub Controller not ready
02-20 19:40:27.863  1925  2063 D SubscriptionController: [getActiveSubInfoList] Sub Controller not ready
02-20 19:40:27.864  1925  1946 D SubscriptionController: [getActiveSubInfoList] Sub Controller not ready
02-20 19:40:27.864  1774  2074 D TelephonyManager: getSimState: default sim:-1, sim state for slotIdx=0 is 5, return state as unknown
02-20 19:40:27.869  1925  1946 D SubscriptionController: [getSlotId]- subId invalid
02-20 19:40:27.872  1925  1925 D SIMRecords: [SIMRecords] onAllRecordsLoaded set mcc imsi
02-20 19:40:27.872  1925  1925 D TelephonyManager: setTelephonyProperty: success phoneId=0 property=gsm.sim.operator.iso-country value: us propVal=us
02-20 19:40:27.878  1925  1925 D SST     : SubscriptionListener.onSubscriptionInfoChanged
02-20 19:40:27.878  1925  1925 D SIMRecords: [SIMRecords]  VoiceMessageCount from SIM MWIS = 0
02-20 19:40:27.878  1925  1925 E Phone   : getStoredVoiceMessageCount: invalid subId -2
02-20 19:40:27.878  1925  1925 D GsmCdmaPhone: [GsmCdmaPhone] updateVoiceMail countVoiceMessages = 0 subId -2
02-20 19:40:27.879  1925  1925 E Phone   : setVoiceMessageCount in sharedPreference: invalid subId -2
02-20 19:40:27.882  1925  1925 D DCT     : [0]SubscriptionListener.onSubscriptionInfoChanged
02-20 19:40:27.883  1925  1925 D SubscriptionController: [getActiveSubInfoList] Sub Controller not ready
02-20 19:40:27.883  1925  1925 I Telephony: PstnIncomingCallNotifier: Unregistering: Handler (com.android.internal.telephony.GsmCdmaPhone) {245b5d2}
02-20 19:40:27.883  1925  1925 E PhoneInterfaceManager: [PhoneIntfMgr] getIccId: No UICC
02-20 19:40:27.888  1774  2074 D TelephonyManager: getSimState: default sim:-1, sim state for slotIdx=0 is 5, return state as unknown
02-20 19:40:27.929  1677  1688 I Telecom : PhoneAccountRegistrar: [ComponentInfo{com.android.phone/com.android.services.telephony.TelephonyConnectionService}, [e0184adedf913b076626646d3f52c3b49c39ad6d], UserHandle{0}(addr: tel:*********** -> tel:)(icon: Icon(typ=BITMAP size=76x96) -> Icon(typ=BITMAP size=76x96))(subAddr: tel:*********** -> tel:)]: TSI.rPA@AAo
02-20 19:40:27.939  1677  1688 I Telecom : : Sending phone-account registered intent as user: TSI.rPA@AAo
02-20 19:40:27.941  1925  1925 I Telephony: AccountEntry: Registered phoneAccount: [[ ] PhoneAccount: ComponentInfo{com.android.phone/com.android.services.telephony.TelephonyConnectionService}, [e0184adedf913b076626646d3f52c3b49c39ad6d], UserHandle{0} Capabilities: CallProvider MultiUser PlaceEmerg SimSub  Schemes: tel voicemail  Extras: null GroupId: [da39a3ee5e6b4b0d3255bfef95601890afd80709]] with handle: ComponentInfo{com.android.phone/com.android.services.telephony.TelephonyConnectionService}, [e0184adedf913b076626646d3f52c3b49c39ad6d], UserHandle{0}
02-20 19:40:27.941  1925  1925 I Telephony: PstnIncomingCallNotifier: Registering: Handler (com.android.internal.telephony.GsmCdmaPhone) {245b5d2}
02-20 19:40:27.943  1925  1925 D SubscriptionController: [getActiveSubInfoList] Sub Controller not ready
02-20 19:40:27.943  1925  1925 D CAT     : CatService: handleMessage[20]
02-20 19:40:27.943  1925  1925 D GsmCdmaPhone: [GsmCdmaPhone] updateCurrentCarrierInProvider: mSubId = -2 currentDds = 1 operatorNumeric = 310260
02-20 19:40:27.943  1925  1925 D IccCardProxy: operator=310260 mPhoneId=0
02-20 19:40:27.943  1925  1925 D TelephonyManager: setTelephonyProperty: success phoneId=0 property=gsm.sim.operator.numeric value: 310260 propVal=310260
02-20 19:40:27.945  1925  1925 D TelephonyManager: setTelephonyProperty: success phoneId=0 property=gsm.sim.operator.iso-country value: us propVal=us
02-20 19:40:27.946  1925  1925 D IccCardProxy: Sending intent ACTION_INTERNAL_SIM_STATE_CHANGED for mPhoneId : 0
02-20 19:40:27.947  1925  1925 D SST     : EVENT_SIM_RECORDS_LOADED: what=16
02-20 19:40:27.947  1925  1925 D GsmCdmaPhone: [GsmCdmaPhone] updatePhoneObject: radioTechnology=0
02-20 19:40:27.947  1925  1925 D SST     : getOtasp: otasp not needed for GSM
02-20 19:40:27.947  1925  1925 D SST     : updateOtaspState: call notifyOtaspChanged old otaspMode=0 new otaspMode=3
02-20 19:40:27.947  1925  1925 D SIMRecords: [SIMRecords] getServiceProviderName: no brandOverride, providerName=Android
02-20 19:40:27.947  1925  1925 D SIMRecords: [SIMRecords] getServiceProviderName: no brandOverride, providerName=Android
02-20 19:40:27.948  1925  1925 D SST     : updateSpnDisplay: changed sending intent rule=1 showPlmn='false' plmn='Android' showSpn='true' spn='Android' dataSpn='Android' subId='-2'
02-20 19:40:27.948  1934  1934 I am_on_resume_called: [0,com.android.settings.FallbackHome,handleRelaunchActivity]
02-20 19:40:27.951  1925  1925 D SubscriptionController: [setPlmnSpn] No valid subscription to store info
02-20 19:40:27.954  1925  1925 D SubscriptionController: notifySubscriptionInfoChanged:
02-20 19:40:27.954  1677  1677 I GnssLocationProvider: WakeLock acquired by sendMessage(12, 0, null)
02-20 19:40:27.954  1925  2101 D SubscriptionController: [getActiveSubInfoList] Sub Controller not ready
02-20 19:40:27.957  1925  1925 E PhoneInterfaceManager: [PhoneIntfMgr] getIccId: No UICC
02-20 19:40:27.983  1925  1946 D SubscriptionController: [getActiveSubInfoList] Sub Controller not ready
02-20 19:40:27.987  1677  1687 I art     : Background partial concurrent mark sweep GC freed 27952(1986KB) AllocSpace objects, 14(8MB) LOS objects, 21% free, 14MB/18MB, paused 782us total 386.727ms
02-20 19:40:27.996  1677  1688 I Telecom : PhoneAccountRegistrar: [ComponentInfo{com.android.phone/com.android.services.telephony.TelephonyConnectionService}, [e0184adedf913b076626646d3f52c3b49c39ad6d], UserHandle{0}(icon: Icon(typ=BITMAP size=76x96) -> Icon(typ=BITMAP size=76x96))]: TSI.rPA@AA0
02-20 19:40:27.998  1677  1688 I Telecom : : Sending phone-account registered intent as user: TSI.rPA@AA0
02-20 19:40:27.998  1925  1925 D SubscriptionInfoUpdater: [Receiver]+
02-20 19:40:27.998  1925  1925 D SubscriptionInfoUpdater: Action: android.intent.action.internal_sim_state_changed
02-20 19:40:27.998  1925  1925 D SubscriptionInfoUpdater: slotId: 0
02-20 19:40:27.998  1925  1925 D SubscriptionInfoUpdater: simStatus: LOADED
02-20 19:40:27.998  1925  1925 D SubscriptionInfoUpdater: [Receiver]-
02-20 19:40:27.998  1925  1925 D GsmCdmaPhone: [GsmCdmaPhone] phoneObjectUpdater: newVoiceRadioTech=0
02-20 19:40:27.999  1925  1925 D GsmCdmaPhone: [GsmCdmaPhone] phoneObjectUpdater: volteReplacementRat=0
02-20 19:40:27.999  1925  1925 E GsmCdmaPhone: [GsmCdmaPhone] phoneObjectUpdater: newVoiceRadioTech=0 doesn't match either CDMA or GSM - error! No phone change
02-20 19:40:27.999  1925  1925 D SST     : SubscriptionListener.onSubscriptionInfoChanged
02-20 19:40:27.999  1925  1925 D DCT     : [0]SubscriptionListener.onSubscriptionInfoChanged
02-20 19:40:27.999  1925  1925 D SubscriptionController: [getActiveSubInfoList] Sub Controller not ready
02-20 19:40:28.000  1925  1925 D SubscriptionController: [getActiveSubInfoList] Sub Controller not ready
02-20 19:40:28.000  1925  1925 I Telephony: PstnIncomingCallNotifier: Unregistering: Handler (com.android.internal.telephony.GsmCdmaPhone) {245b5d2}
02-20 19:40:28.000  1925  1925 E PhoneInterfaceManager: [PhoneIntfMgr] getIccId: No UICC
02-20 19:40:28.004  1677  1688 I Telecom : PhoneAccountRegistrar: [ComponentInfo{com.android.phone/com.android.services.telephony.TelephonyConnectionService}, [e0184adedf913b076626646d3f52c3b49c39ad6d], UserHandle{0}(icon: Icon(typ=BITMAP size=76x96) -> Icon(typ=BITMAP size=76x96))]: TSI.rPA@AA4
02-20 19:40:28.007  1677  1688 I Telecom : : Sending phone-account registered intent as user: TSI.rPA@AA4
02-20 19:40:28.009  1925  1925 I Telephony: AccountEntry: Registered phoneAccount: [[ ] PhoneAccount: ComponentInfo{com.android.phone/com.android.services.telephony.TelephonyConnectionService}, [e0184adedf913b076626646d3f52c3b49c39ad6d], UserHandle{0} Capabilities: CallProvider MultiUser PlaceEmerg SimSub  Schemes: tel voicemail  Extras: null GroupId: [da39a3ee5e6b4b0d3255bfef95601890afd80709]] with handle: ComponentInfo{com.android.phone/com.android.services.telephony.TelephonyConnectionService}, [e0184adedf913b076626646d3f52c3b49c39ad6d], UserHandle{0}
02-20 19:40:28.009  1925  1925 I Telephony: PstnIncomingCallNotifier: Registering: Handler (com.android.internal.telephony.GsmCdmaPhone) {245b5d2}
02-20 19:40:28.010  1925  1925 D SubscriptionInfoUpdater: handleSimStateLoadedInternal: slotId: 0
02-20 19:40:28.010  1925  1925 D SubscriptionInfoUpdater: All IccIds query complete
02-20 19:40:28.010  1925  1925 D SubscriptionInfoUpdater: updateSubscriptionInfoByIccId:+ Start
02-20 19:40:28.010  1925  1925 D SubscriptionController: [clearSubInfo]- no simInfo size=0
02-20 19:40:28.010  1925  1925 D SubscriptionInfoUpdater: insertedSimCount = 1
02-20 19:40:28.010  1925  1925 D SubscriptionController: [getSubInfoUsingSlotIdWithCheck]+ slotId:0
02-20 19:40:28.012  1925  1925 D SubscriptionController: [getPhoneId]- no sims, returning default phoneId=2147483647
02-20 19:40:28.012  1925  1925 D SubscriptionController: [getPhoneId]- no sims, returning default phoneId=2147483647
02-20 19:40:28.013  1925  1925 D SubscriptionController: [getPhoneId]- no sims, returning default phoneId=2147483647
02-20 19:40:28.014  1925  1925 D SubscriptionController: [getSubInfoUsingSlotId]- null info return
02-20 19:40:28.014  1925  1925 D SubscriptionInfoUpdater: updateSubscriptionInfoByIccId: oldSubId = 1
02-20 19:40:28.014  1925  1925 D SubscriptionInfoUpdater: updateSubscriptionInfoByIccId: oldIccId[0] = 89014103211118510720, sIccId[0] = 89014103211118510720
02-20 19:40:28.014  1925  1925 D SubscriptionController: [addSubInfoRecord]+ iccId:89014103211118510720 slotId:0
02-20 19:40:28.019  1925  1925 D SubscriptionController: [getActiveSubInfoList] Sub Controller not ready
02-20 19:40:28.019  1925  1925 D SubscriptionController: [addSubInfoRecord] Record already exists
02-20 19:40:28.022  1925  1925 D SubscriptionController: [addSubInfoRecord] sSlotIdxToSubId.size=1 slotId=0 subId=1 defaultSubId=1 simCount=1
02-20 19:40:28.023  1925  1925 D SubscriptionController: [setDefaultFallbackSubId] subId=1
02-20 19:40:28.023  1925  1925 D SubscriptionController: [setDefaultFallbackSubId] set mDefaultFallbackSubId=1
02-20 19:40:28.023  1925  1925 D MccTable: updateMccMncConfiguration mccmnc='310260' fromServiceState=false
02-20 19:40:28.023  1925  1925 D MccTable: updateMccMncConfiguration defaultMccMnc=310260
02-20 19:40:28.023  1925  1925 D MccTable: updateMccMncConfiguration: mcc=310, mnc=260
02-20 19:40:28.023  1925  1925 D MccTable: updateMccMncConfiguration updateConfig config={1.0 310mcc260mnc ?localeList ?layoutDir ?swdp ?wdp ?hdp ?density ?lsize ?long ?orien ?uimode ?night ?touch ?keyb/?/? ?nav/?}
02-20 19:40:28.073  1677  1692 I dvm_lock_sample: [system_server,1,android.ui,91,WindowManagerService.java,3255,-,2857,18]
02-20 19:40:28.099  1677  1690 I SyncManager: Got SyncJobService instance.
02-20 19:40:28.099  1677  1677 I FusedLocation: engine started (com.android.location.fused)
02-20 19:40:28.105  1677  1690 W GnssLocationProvider: Could not open GPS configuration file /etc/gps.conf
02-20 19:40:28.105  1677  1690 E GnssLocationProvider: no AGPS interface in set_agps_server
02-20 19:40:28.116  1677  1690 W GnssLocationProvider: Could not open GPS configuration file /etc/gps.conf
02-20 19:40:28.116  1677  1690 E GnssLocationProvider: no AGPS interface in set_agps_server
02-20 19:40:28.116  1677  1690 I GnssLocationProvider: WakeLock released by handleMessage(12, 0, null)
02-20 19:40:28.122  1677  1690 W GnssLocationProvider: Could not open GPS configuration file /etc/gps.conf
02-20 19:40:28.122  1677  1690 E GnssLocationProvider: no AGPS interface in set_agps_server
02-20 19:40:28.130  1677  1690 W GnssLocationProvider: Could not open GPS configuration file /etc/gps.conf
02-20 19:40:28.130  1677  1690 E GnssLocationProvider: no AGPS interface in set_agps_server
02-20 19:40:28.136  1677  1690 W GnssLocationProvider: Could not open GPS configuration file /etc/gps.conf
02-20 19:40:28.136  1677  1690 E GnssLocationProvider: no AGPS interface in set_agps_server
02-20 19:40:28.136  1677  1690 I GnssLocationProvider: WakeLock released by handleMessage(12, 0, null)
02-20 19:40:28.146  1677  1690 W GnssLocationProvider: Could not open GPS configuration file /etc/gps.conf
02-20 19:40:28.146  1677  1690 E GnssLocationProvider: no AGPS interface in set_agps_server
02-20 19:40:28.147  1677  1690 I GnssLocationProvider: WakeLock released by handleMessage(12, 0, null)
02-20 19:40:28.216  1934  1993 D EGL_emulation: eglMakeCurrent: 0x7b0eb99f4c00: ver 3 0 (tinfo 0x7b0ec3c9c520)
02-20 19:40:28.234  1677  1982 W art     : Long monitor contention with owner Binder:1677_5 (1971) at int com.android.server.wm.WindowManagerService.relayoutWindow(com.android.server.wm.Session, android.view.IWindow, int, android.view.WindowManager$LayoutParams, int, int, int, int, android.graphics.Rect, android.graphics.Rect, android.graphics.Rect, android.graphics.Rect, android.graphics.Rect, android.graphics.Rect, android.graphics.Rect, android.content.res.Configuration, android.view.Surface)(WindowManagerService.java:2857) waiters=4 in void com.android.server.wm.WindowManagerService.getInitialDisplaySize(int, android.graphics.Point) for 202ms
02-20 19:40:28.234  1677  1982 I dvm_lock_sample: [system_server,1,Binder:1677_6,202,WindowManagerService.java,9051,-,2857,40]
02-20 19:40:28.234  1677  1688 W art     : Long monitor contention with owner Binder:1677_3 (1749) at int com.android.server.wm.WindowManagerService.relayoutWindow(com.android.server.wm.Session, android.view.IWindow, int, android.view.WindowManager$LayoutParams, int, int, int, int, android.graphics.Rect, android.graphics.Rect, android.graphics.Rect, android.graphics.Rect, android.graphics.Rect, android.graphics.Rect, android.graphics.Rect, android.content.res.Configuration, android.view.Surface)(WindowManagerService.java:2857) waiters=2 in void com.android.server.wm.WindowManagerService.deferSurfaceLayout() for 161ms
02-20 19:40:28.236  1677  1688 I dvm_lock_sample: [system_server,1,Binder:1677_1,161,WindowManagerService.java,5445,-,2857,32]
02-20 19:40:28.237  1677  1692 W WindowManager: Keyguard drawn timeout. Setting mKeyguardDrawComplete
02-20 19:40:28.238  1925  1925 D SubscriptionController: [setDefaultFallbackSubId] broadcast default subId changed phoneId=0 subId=1
02-20 19:40:28.261  1925  1925 D SubscriptionController: [addSubInfoRecord] one sim set defaults to subId=1
02-20 19:40:28.262  1925  1925 D SubscriptionController: [setDefaultDataSubId] num phones=1, subId=1
02-20 19:40:28.263  1925  1925 D SubscriptionController: [setDefaultDataSubId] phoneId=0 subId=1 RAF=1
02-20 19:40:28.263  1925  1925 D ProxyController: setRadioCapability: Already in requested configuration, nothing to do.
02-20 19:40:28.263  1925  1925 D SubscriptionController: [updateAllDataConnectionTrackers] sPhones.length=1
02-20 19:40:28.263  1925  1925 D SubscriptionController: [updateAllDataConnectionTrackers] phoneId=0
02-20 19:40:28.263  1925  1925 D DCT     : [0]update sub = 1
02-20 19:40:28.263  1925  1925 D DCT     : [0]update(): Active DDS, register for all events now!
02-20 19:40:28.263  1925  1925 D DCT     : [0]New records found.
02-20 19:40:28.263  1925  1925 D SST     : mDeviceShuttingDown=false, mDesiredPowerState=true, getRadioState=RADIO_ON, mPowerOffDelayNeed=true, mAlarmSwitch=false, mRadioDisabledByCarrier=false
02-20 19:40:28.263  1925  1925 D GsmCdmaPhone: [GsmCdmaPhone] updateCurrentCarrierInProvider: mSubId = 1 currentDds = 1 operatorNumeric = 310260
02-20 19:40:28.270  1925  2063 D RILJ    : [3737]> RIL_REQUEST_GET_CELL_INFO_LIST [SUB0]
02-20 19:40:28.271  1377  1476 D RIL     : onRequest: GET_CELL_INFO_LIST
02-20 19:40:28.271  1377  1476 D RILC    : responseCellInfoList: v12
02-20 19:40:28.272  1925  2022 D RILJ    : [3737]< RIL_REQUEST_GET_CELL_INFO_LIST [CellInfoGsm:{mRegistered=YES mTimeStampType=modem mTimeStamp=13723729354ns CellIdentityGsm:{ mMcc=310 mMnc=260 mLac=3 mCid=91 mArfcn=10 mBsic=0x0} CellSignalStrengthGsm: ss=-837402184 ber=31144 mTa=-833540996}] [SUB0]
02-20 19:40:28.280  1774  1912 D         : HostConnection::get() New Host Connection established 0x7b0ebc212840, tid 1912
02-20 19:40:28.287  1774  1912 I OpenGLRenderer: Initialized EGL, version 1.4
02-20 19:40:28.287  1774  1912 D OpenGLRenderer: Swap behavior 1
02-20 19:40:28.291  1925  1925 D SubscriptionController: [broadcastDefaultDataSubIdChanged] subId=1
02-20 19:40:28.291  1925  1925 D SubscriptionController: [setDefaultSmsSubId] subId=1
02-20 19:40:28.292  1925  1925 D SubscriptionController: [broadcastDefaultSmsSubIdChanged] subId=1
02-20 19:40:28.299  1925  1925 D SubscriptionController: [setDefaultVoiceSubId] subId=1
02-20 19:40:28.300  1925  1925 D SubscriptionController: [broadcastDefaultVoiceSubIdChanged] subId=1
02-20 19:40:28.306  1925  1925 D SubscriptionController: [addSubInfoRecord] hashmap(0,1)
02-20 19:40:28.310  1774  1912 D EGL_emulation: eglCreateContext: 0x7b0ebc264320: maj 3 min 0 rcv 3
02-20 19:40:28.314  1925  1925 D SubscriptionController: [addSubInfoRecord] sim name = Android
02-20 19:40:28.315  1925  1925 D DCT     : [0]update sub = 1
02-20 19:40:28.315  1925  1925 D DCT     : [0]update(): Active DDS, register for all events now!
02-20 19:40:28.315  1925  1925 D GsmCdmaPhone: [GsmCdmaPhone] updateCurrentCarrierInProvider: mSubId = 1 currentDds = 1 operatorNumeric = 310260
02-20 19:40:28.342  1925  1925 D SubscriptionController: [addSubInfoRecord]- info size=1
02-20 19:40:28.342  1925  1925 D SubscriptionInfoUpdater: newSim = false
02-20 19:40:28.342  1925  1925 D SubscriptionInfoUpdater: updateSubscriptionInfoByIccId: sInsertSimState[0] = 0
02-20 19:40:28.347  1774  1912 D EGL_emulation: eglMakeCurrent: 0x7b0ebc264320: ver 3 0 (tinfo 0x7b0ebc20ca20)
02-20 19:40:28.352  1925  1925 D SubscriptionInfoUpdater: updateSubscriptionInfoByIccId: nSubCount = 1
02-20 19:40:28.362  1925  1925 D SubscriptionController: [setDefaultDataSubId] num phones=1, subId=1
02-20 19:40:28.362  1925  1925 D SubscriptionController: [setDefaultDataSubId] phoneId=0 subId=1 RAF=1
02-20 19:40:28.362  1925  1925 D ProxyController: setRadioCapability: Already in requested configuration, nothing to do.
02-20 19:40:28.362  1925  1925 D SubscriptionController: [updateAllDataConnectionTrackers] sPhones.length=1
02-20 19:40:28.362  1925  1925 D SubscriptionController: [updateAllDataConnectionTrackers] phoneId=0
02-20 19:40:28.362  1925  1925 D DCT     : [0]update sub = 1
02-20 19:40:28.362  1925  1925 D DCT     : [0]update(): Active DDS, register for all events now!
02-20 19:40:28.370  1925  1925 D GsmCdmaPhone: [GsmCdmaPhone] updateCurrentCarrierInProvider: mSubId = 1 currentDds = 1 operatorNumeric = 310260
02-20 19:40:28.392  1925  1925 D SubscriptionController: [broadcastDefaultDataSubIdChanged] subId=1
02-20 19:40:28.392  1925  1925 D SubscriptionController: notifySubscriptionInfoChanged:
02-20 19:40:28.393  1677  1677 I GnssLocationProvider: WakeLock acquired by sendMessage(12, 0, null)
02-20 19:40:28.393  1925  2101 D SubscriptionMonitor: Phone[0] subId changed -2->1, 1 registrants
02-20 19:40:28.393  1925  2101 D SubscriptionMonitor: mDefaultDataSubId = 1, 1 registrants
02-20 19:40:28.395  1925  1925 D SubscriptionInfoUpdater: updateSubscriptionInfoByIccId:- SsubscriptionInfo update complete
02-20 19:40:28.403  1925  1925 D MccTable: updateMccMncConfiguration mccmnc='310260' fromServiceState=false
02-20 19:40:28.404  1925  1925 D MccTable: updateMccMncConfiguration defaultMccMnc=310260
02-20 19:40:28.404  1925  1925 D MccTable: updateMccMncConfiguration: mcc=310, mnc=260
02-20 19:40:28.404  1925  1925 D MccTable: updateMccMncConfiguration updateConfig config={1.0 310mcc260mnc ?localeList ?layoutDir ?swdp ?wdp ?hdp ?density ?lsize ?long ?orien ?uimode ?night ?touch ?keyb/?/? ?nav/?}
02-20 19:40:28.406  1925  1925 D SubscriptionController: [setMccMnc]+ mcc/mnc:310/260 subId:1
02-20 19:40:28.407  2079  2079 I GAv4    : Google Analytics 9.2.56 is starting up. To enable debug logging on a device run:
02-20 19:40:28.407  2079  2079 I GAv4    :   adb shell setprop log.tag.GAv4 DEBUG
02-20 19:40:28.407  2079  2079 I GAv4    :   adb logcat -s GAv4
02-20 19:40:28.409  1774  1774 I OpaLayout: Setting opa enabled to false
02-20 19:40:28.410  1774  1774 I OpaLayout: Setting opa enabled to false
02-20 19:40:28.422  1677  1690 W GnssLocationProvider: Could not open GPS configuration file /etc/gps.conf
02-20 19:40:28.422  1677  1690 E GnssLocationProvider: no AGPS interface in set_agps_server
02-20 19:40:28.423  1677  1690 I GnssLocationProvider: WakeLock released by handleMessage(12, 0, null)
02-20 19:40:28.430  2079  2108 W GAv4    : AnalyticsReceiver is not registered or is disabled. Register the receiver for reliable dispatching on non-Google Play devices. See http://goo.gl/8Rd3yj for instructions.
02-20 19:40:28.431  1925  1925 D SubscriptionController: notifySubscriptionInfoChanged:
02-20 19:40:28.431  1677  1677 I GnssLocationProvider: WakeLock acquired by sendMessage(12, 0, null)
02-20 19:40:28.436  2079  2108 W GAv4    : CampaignTrackingReceiver is not registered, not exported or is disabled. Installation campaign tracking is not possible. See http://goo.gl/8Rd3yj for instructions.
02-20 19:40:28.437  1677  1690 W GnssLocationProvider: Could not open GPS configuration file /etc/gps.conf
02-20 19:40:28.437  1677  1690 E GnssLocationProvider: no AGPS interface in set_agps_server
02-20 19:40:28.438  1677  1690 I GnssLocationProvider: WakeLock released by handleMessage(12, 0, null)
02-20 19:40:28.438  2079  2108 W GAv4    : AnalyticsService not registered in the app manifest. Hits might not be delivered reliably. See http://goo.gl/8Rd3yj for instructions.
02-20 19:40:28.453  1925  1925 D SubscriptionController: [getActiveSubscriptionInfo]+ subId=1 subInfo={id=1, iccId=89014103211118510720 simSlotIndex=0 displayName=Android carrierName=Android nameSource=0 iconTint=-16746133 dataRoaming=0 iconBitmap=android.graphics.Bitmap@7978e06 mcc 310 mnc 260}
02-20 19:40:28.453  1925  1925 D SubscriptionInfoUpdater: sim name = Android
02-20 19:40:28.465  1925  1925 D SubscriptionInfoUpdater: Broadcasting intent ACTION_SIM_STATE_CHANGED LOADED reason null for mCardIndex: 0
02-20 19:40:28.466  1677  1677 D WifiService: resetting networks because SIM was loaded
02-20 19:40:28.466  1677  1736 D WifiStateMachine: resetting EAP-SIM/AKA/AKA' networks since SIM was changed
02-20 19:40:28.467  1925  1925 D CarrierConfigLoader: update config for phoneId: 0 simState: LOADED
02-20 19:40:28.467  1925  1925 D CarrierSvcBindHelper: update binding for phoneId: 0 simState: LOADED
02-20 19:40:28.492  1925  1925 D SubscriptionController: [getActiveSubscriptionInfo]+ subId=1 subInfo={id=1, iccId=89014103211118510720 simSlotIndex=0 displayName=Android carrierName=Android nameSource=0 iconTint=-16746133 dataRoaming=0 iconBitmap=android.graphics.Bitmap@f0e8492 mcc 310 mnc 260}
02-20 19:40:28.495  2079  2079 I AlarmClock: AlarmInitReceiver android.intent.action.TIME_SET
02-20 19:40:28.498  1677  1971 I Telecom : PhoneAccountRegistrar: [ComponentInfo{com.android.phone/com.android.services.telephony.TelephonyConnectionService}, [e0184adedf913b076626646d3f52c3b49c39ad6d], UserHandle{0}(icon: Icon(typ=BITMAP size=76x96) -> Icon(typ=BITMAP size=76x96))]: TSI.rPA@ABE
02-20 19:40:28.503  1677  1971 I Telecom : : Sending phone-account registered intent as user: TSI.rPA@ABE
02-20 19:40:28.511  1677  1735 D WifiService: New client listening to asynchronous messages
02-20 19:40:28.514  1925  1925 D DCT     : [0]onRecordsLoadedOrSubIdChanged: createAllApnList
02-20 19:40:28.514  1925  1925 D DCT     : [0]createAllApnList: selection=numeric = '310260'
02-20 19:40:28.514  1677  1692 V KeyguardServiceDelegate: *** Keyguard connected (yay!)
02-20 19:40:28.520  1925  1925 D DCT     : [0]createApnList: X result=[[ApnSettingV3] T-Mobile US, 1, 310260, epc.tmobile.com, , http://mms.msg.eng.t-mobile.com/mms/wapenc, , , , -1, *, IP, IP, true, 0, 0, 0, false, 0, 0, 0, 0, , , false]
02-20 19:40:28.520  1925  1925 D TelephonyProvider: subIdString = 1 subId = 1
02-20 19:40:28.537  1925  1925 D DCT     : [0]getPreferredApn: mRequestedApnType=default cursor=android.content.ContentResolver$CursorWrapperInner@72b4fd5 cursor.count=1
02-20 19:40:28.537  1925  1925 D DCT     : [0]getPreferredApn: apnSetting=[ApnSettingV3] T-Mobile US, 1, 310260, epc.tmobile.com, , http://mms.msg.eng.t-mobile.com/mms/wapenc, , , , -1, *, IP, IP, true, 0, 0, 0, false, 0, 0, 0, 0, , , false
02-20 19:40:28.537  1925  1925 D DCT     : [0]getPreferredApn: X found apnSetting[ApnSettingV3] T-Mobile US, 1, 310260, epc.tmobile.com, , http://mms.msg.eng.t-mobile.com/mms/wapenc, , , , -1, *, IP, IP, true, 0, 0, 0, false, 0, 0, 0, 0, , , false
02-20 19:40:28.539  1925  1925 D DCT     : [0]createAllApnList: mPreferredApn=[ApnSettingV3] T-Mobile US, 1, 310260, epc.tmobile.com, , http://mms.msg.eng.t-mobile.com/mms/wapenc, , , , -1, *, IP, IP, true, 0, 0, 0, false, 0, 0, 0, 0, , , false
02-20 19:40:28.539  1925  1925 D DCT     : [0]createAllApnList: X mAllApnSettings=[[ApnSettingV3] T-Mobile US, 1, 310260, epc.tmobile.com, , http://mms.msg.eng.t-mobile.com/mms/wapenc, , , , -1, *, IP, IP, true, 0, 0, 0, false, 0, 0, 0, 0, , , false]
02-20 19:40:28.539  1925  1925 D DCT     : [0]setDataProfilesAsNeeded
02-20 19:40:28.539  1925  1925 D DCT     : [0]setInitialApn: E mPreferredApn=[ApnSettingV3] T-Mobile US, 1, 310260, epc.tmobile.com, , http://mms.msg.eng.t-mobile.com/mms/wapenc, , , , -1, *, IP, IP, true, 0, 0, 0, false, 0, 0, 0, 0, , , false
02-20 19:40:28.539  1925  1925 D DCT     : [0]setInitialApn: firstApnSetting=[ApnSettingV3] T-Mobile US, 1, 310260, epc.tmobile.com, , http://mms.msg.eng.t-mobile.com/mms/wapenc, , , , -1, *, IP, IP, true, 0, 0, 0, false, 0, 0, 0, 0, , , false
02-20 19:40:28.539  1925  1925 D DCT     : [0]setInitialApn: defaultApnSetting=[ApnSettingV3] T-Mobile US, 1, 310260, epc.tmobile.com, , http://mms.msg.eng.t-mobile.com/mms/wapenc, , , , -1, *, IP, IP, true, 0, 0, 0, false, 0, 0, 0, 0, , , false
02-20 19:40:28.539  1925  1925 D DCT     : [0]setInitialAttachApn: using mPreferredApn
02-20 19:40:28.539  1925  1925 D DCT     : [0]setInitialAttachApn: X selected Apn=[ApnSettingV3] T-Mobile US, 1, 310260, epc.tmobile.com, , http://mms.msg.eng.t-mobile.com/mms/wapenc, , , , -1, *, IP, IP, true, 0, 0, 0, false, 0, 0, 0, 0, , , false
02-20 19:40:28.539  1925  1925 D RILJ    : Set RIL_REQUEST_SET_INITIAL_ATTACH_APN [SUB0]
02-20 19:40:28.539  1925  1925 D RILJ    : [3738]> RIL_REQUEST_SET_INITIAL_ATTACH_APN, apn:epc.tmobile.com, protocol:IP, authType:-1, username:none, password:none [SUB0]
02-20 19:40:28.539  1925  1925 D DCT     : [0]onRecordsLoadedOrSubIdChanged: notifying data availability
02-20 19:40:28.539  1377  1476 D RIL     : onRequest: RIL_REQUEST_SET_INITIAL_ATTACH_APN
02-20 19:40:28.539  1377  1476 D RIL     : Request not supported. Tech: 1
02-20 19:40:28.539  1925  2022 D RilRequest: [3738]< RIL_REQUEST_SET_INITIAL_ATTACH_APN error: com.android.internal.telephony.CommandException: REQUEST_NOT_SUPPORTED ret=
02-20 19:40:28.540  1677  1959 D TelephonyRegistry: Notify data connection state changed on sub: 1
02-20 19:40:28.540  1677  1959 D TelephonyRegistry: Notify data connection state changed on sub: 1
02-20 19:40:28.549  1925  1925 D DCT     : [0]setupDataOnConnectableApns: simLoaded hipri:[state=IDLE,enabled=false] mms:[state=IDLE,enabled=false] supl:[state=IDLE,enabled=false] ia:[state=IDLE,enabled=false] fota:[state=IDLE,enabled=false] ims:[state=IDLE,enabled=false] cbs:[state=IDLE,enabled=false] default:[state=IDLE,enabled=false] emergency:[state=IDLE,enabled=false] 
02-20 19:40:28.554  1925  1925 I Telephony: PstnIncomingCallNotifier: Unregistering: Handler (com.android.internal.telephony.GsmCdmaPhone) {245b5d2}
02-20 19:40:28.560  1925  1925 D SubscriptionController: [getActiveSubscriptionInfo]+ subId=1 subInfo={id=1, iccId=89014103211118510720 simSlotIndex=0 displayName=Android carrierName=Android nameSource=0 iconTint=-16746133 dataRoaming=0 iconBitmap=android.graphics.Bitmap@1de1451 mcc 310 mnc 260}
02-20 19:40:28.563  1677  1690 W GnssLocationProvider: Could not open GPS configuration file /etc/gps.conf
02-20 19:40:28.563  1677  1690 E GnssLocationProvider: no AGPS interface in set_agps_server
02-20 19:40:28.586  1774  1774 W KeyguardUpdateMonitor: invalid subId in handleSimStateChange()
02-20 19:40:28.586  1774  1774 I Choreographer: Skipped 53 frames!  The application may be doing too much work on its main thread.
02-20 19:40:28.600  1677  1688 I Telecom : PhoneAccountRegistrar: New phone account registered: [[ ] PhoneAccount: ComponentInfo{com.android.phone/com.android.services.telephony.TelephonyConnectionService}, [e2f7d48dd2b5ca523e7313cf4ba0f6ea830b6281], UserHandle{0} Capabilities: CallProvider MultiUser PlaceEmerg SimSub  Schemes: tel voicemail  Extras: null GroupId: [da39a3ee5e6b4b0d3255bfef95601890afd80709]]: TSI.rPA@ABI
02-20 19:40:28.603  1677  1688 I Telecom : : Sending phone-account registered intent as user: TSI.rPA@ABI
02-20 19:40:28.603  1925  1925 I Telephony: AccountEntry: Registered phoneAccount: [[ ] PhoneAccount: ComponentInfo{com.android.phone/com.android.services.telephony.TelephonyConnectionService}, [e2f7d48dd2b5ca523e7313cf4ba0f6ea830b6281], UserHandle{0} Capabilities: CallProvider MultiUser PlaceEmerg SimSub  Schemes: tel voicemail  Extras: null GroupId: [da39a3ee5e6b4b0d3255bfef95601890afd80709]] with handle: ComponentInfo{com.android.phone/com.android.services.telephony.TelephonyConnectionService}, [e2f7d48dd2b5ca523e7313cf4ba0f6ea830b6281], UserHandle{0}
02-20 19:40:28.604  1677  1982 W ActivityManager: Unable to start service Intent { act=com.google.android.gms.icing.LIGHTWEIGHT_INDEX_SERVICE pkg=com.google.android.gms } U=0: not found
02-20 19:40:28.603  1925  1925 I Telephony: PstnIncomingCallNotifier: Registering: Handler (com.android.internal.telephony.GsmCdmaPhone) {245b5d2}
02-20 19:40:28.606  1677  1689 W ActivityManager: Unbind failed: could not find connection for android.os.BinderProxy@f7869b6
02-20 19:40:28.607  2079  2113 E GmsClient: unable to connect to service: com.google.android.gms.icing.LIGHTWEIGHT_INDEX_SERVICE on com.google.android.gms
02-20 19:40:28.607  1925  1925 I Telephony: TelecomAccountRegistry: Unregistering phone account ComponentInfo{com.android.phone/com.android.services.telephony.TelephonyConnectionService}, [e0184adedf913b076626646d3f52c3b49c39ad6d], UserHandle{0}.
02-20 19:40:28.609  1677  1971 I Telecom : : Sending phone-account unregistered intent as user: TSI.uPA@ABQ
02-20 19:40:28.611  1925  1925 D SST     : SubscriptionListener.onSubscriptionInfoChanged
02-20 19:40:28.612  1925  2063 D SST     : SST.getAllCellInfo(): return last, back to back calls
02-20 19:40:28.612  1925  1925 D PhoneFactory: calculatePreferredNetworkType: phoneSubId = 1 networkType = 0
02-20 19:40:28.612  1925  1925 D Phone   : setPreferredNetworkType: Abort, unknown RAF: 1 101902
02-20 19:40:28.613  1925  1925 D Phone   : setNetworkSelectionModeAutomatic, querying current mode
02-20 19:40:28.613  1925  1925 D RILJ    : [3739]> QUERY_NETWORK_SELECTION_MODE [SUB0]
02-20 19:40:28.613  1377  1476 D RIL     : onRequest: QUERY_NETWORK_SELECTION_MODE
02-20 19:40:28.613  1377  1476 D AT      : AT> AT+COPS?
02-20 19:40:28.613  1925  2101 D SST     : SST.getAllCellInfo(): return last, back to back calls
02-20 19:40:28.613  1925  2101 D SST     : SST.getAllCellInfo(): return last, back to back calls
02-20 19:40:28.614  1377  1482 D AT      : AT< +COPS: 0,2,310260
02-20 19:40:28.614  1377  1482 D AT      : AT< OK
02-20 19:40:28.613  1925  1925 D TelephonyManager: setTelephonyProperty: success phoneId=0 property=gsm.network.type value: LTE propVal=LTE
02-20 19:40:28.614  1925  2022 D RILJ    : [3739]< QUERY_NETWORK_SELECTION_MODE {0} [SUB0]
02-20 19:40:28.614  1925  1925 D SubscriptionController: [setCarrierText]+ text:Android subId:1
02-20 19:40:28.620  1774  1912 D EGL_emulation: eglMakeCurrent: 0x7b0ebc264320: ver 3 0 (tinfo 0x7b0ebc20ca20)
02-20 19:40:28.627  1925  1925 D SubscriptionController: notifySubscriptionInfoChanged:
02-20 19:40:28.627  1677  1677 I GnssLocationProvider: WakeLock acquired by sendMessage(12, 0, null)
02-20 19:40:28.630  1925  1925 D SIMRecords: [SIMRecords] getServiceProviderName: no brandOverride, providerName=Android
02-20 19:40:28.630  1925  1925 D SIMRecords: [SIMRecords] getServiceProviderName: no brandOverride, providerName=Android
02-20 19:40:28.630  1925  1925 D SST     : updateSpnDisplay: changed sending intent rule=1 showPlmn='false' plmn='Android' showSpn='true' spn='Android' dataSpn='Android' subId='1'
02-20 19:40:28.631  1925  1925 D SubscriptionController: [setCarrierText]+ text:Android subId:1
02-20 19:40:28.656  1925  1925 D SubscriptionController: notifySubscriptionInfoChanged:
02-20 19:40:28.660  1677  1677 I GnssLocationProvider: WakeLock acquired by sendMessage(12, 0, null)
02-20 19:40:28.661  1925  1925 D SIMRecords: [SIMRecords]  VoiceMessageCount from SIM MWIS = 0
02-20 19:40:28.661  1925  1925 D Phone   : getStoredVoiceMessageCount: from preference for subId 1= 0
02-20 19:40:28.661  1925  1925 D GsmCdmaPhone: [GsmCdmaPhone] updateVoiceMail countVoiceMessages = 0 subId 1
02-20 19:40:28.661  1925  1925 D Phone   : setVoiceMessageCount: Storing Voice Mail Count = 0 for mVmCountKey = vm_count_key1 in preferences.
02-20 19:40:28.673  1925  1925 D DCT     : [0]SubscriptionListener.onSubscriptionInfoChanged
02-20 19:40:28.676  1925  1925 D DCT     : [0]onRecordsLoadedOrSubIdChanged: createAllApnList
02-20 19:40:28.676  1925  1925 D DCT     : [0]createAllApnList: selection=numeric = '310260'
02-20 19:40:28.683  1925  1925 D DCT     : [0]createApnList: X result=[[ApnSettingV3] T-Mobile US, 1, 310260, epc.tmobile.com, , http://mms.msg.eng.t-mobile.com/mms/wapenc, , , , -1, *, IP, IP, true, 0, 0, 0, false, 0, 0, 0, 0, , , false]
02-20 19:40:28.685  1925  1925 D TelephonyProvider: subIdString = 1 subId = 1
02-20 19:40:28.687  2079  2110 E AlarmClock: Error initializing index: ConnectionResult{statusCode=API_UNAVAILABLE, resolution=null, message=null}
02-20 19:40:28.690  1925  1925 D DCT     : [0]getPreferredApn: mRequestedApnType=default cursor=android.content.ContentResolver$CursorWrapperInner@ec748e cursor.count=1
02-20 19:40:28.690  1925  1925 D DCT     : [0]getPreferredApn: apnSetting=[ApnSettingV3] T-Mobile US, 1, 310260, epc.tmobile.com, , http://mms.msg.eng.t-mobile.com/mms/wapenc, , , , -1, *, IP, IP, true, 0, 0, 0, false, 0, 0, 0, 0, , , false
