02-20 19:41:35.796  1677  1724 D VoldConnector: SND -> {5 volume mount emulated 3 -1}
02-20 19:41:35.798  1267  1302 V vold    : Waiting for FUSE to spin up...
02-20 19:41:35.799  1677  1725 D VoldConnector: RCV <- {651 emulated 1}
02-20 19:41:35.799  1677  1725 D VoldConnector: RCV <- {656 emulated /data/media}
02-20 19:41:35.799  1677  1725 D VoldConnector: RCV <- {655 emulated /storage/emulated}
02-20 19:41:35.799  1677  1677 D UsbAlsaManager: Adding ALSA device AlsaDevice: [card: 0, device: 0, type: 1]
02-20 19:41:35.799  1677  1677 D UsbAlsaManager: Adding ALSA device AlsaDevice: [card: 0, device: 0, type: 2]
02-20 19:41:35.800  1677  1677 I SystemServer: WebViewFactory preparation
02-20 19:41:35.806  1677  1677 D WebViewFactory: Setting new address space to 137955392
02-20 19:41:35.808  1364  1392 I AudioFlinger: systemReady
02-20 19:41:35.816  1677  1689 I am_proc_bound: [0,1773,com.android.systemui]
02-20 19:41:35.810     0     0 D ieee80211 phy1: hw scan 2437 MHz
02-20 19:41:35.842  1781  1781 W sdcard  : Device explicitly disabled sdcardfs
02-20 19:41:35.850  1267  1302 V vold    : Waiting for FUSE to spin up...
02-20 19:41:35.855     0     0 D SELinux : initialized (dev fuse, type fuse), uses genfs_contexts
02-20 19:41:35.856     0     0 D SELinux : initialized (dev fuse, type fuse), uses genfs_contexts
02-20 19:41:35.857     0     0 D SELinux : initialized (dev fuse, type fuse), uses genfs_contexts
02-20 19:41:35.868  1773  1773 W System  : ClassLoader referenced unknown path: /system/priv-app/SystemUIGoogle/lib/x86_64
02-20 19:41:35.875  1677  1677 I Zygote  : Process: zygote socket opened, supported ABIS: x86
02-20 19:41:35.877  1363  1568 I art     : Starting a blocking GC HeapTrim
02-20 19:41:35.881  1363  1363 I art     : Starting a blocking GC Background
02-20 19:41:35.904  1677  1725 D VoldConnector: RCV <- {651 emulated 2}
02-20 19:41:35.907  1677  1725 D VoldConnector: RCV <- {200 5 Command succeeded}
02-20 19:41:35.907  1677  1798 E WVMExtractor: Failed to open libwvm.so: dlopen failed: library "libwvm.so" not found
02-20 19:41:35.908  1677  1724 D VoldConnector: SND -> {6 volume mount public:253,64 2 0}
02-20 19:41:35.908  1267  1302 V vold    : /system/bin/blkid
02-20 19:41:35.908  1267  1302 V vold    :     -c
02-20 19:41:35.908  1267  1302 V vold    :     /dev/null
02-20 19:41:35.908  1267  1302 V vold    :     -s
02-20 19:41:35.908  1267  1302 V vold    :     TYPE
02-20 19:41:35.908  1267  1302 V vold    :     -s
02-20 19:41:35.908  1267  1302 V vold    :     UUID
02-20 19:41:35.908  1267  1302 V vold    :     -s
02-20 19:41:35.908  1267  1302 V vold    :     LABEL
02-20 19:41:35.908  1267  1302 V vold    :     /dev/block/vold/public:253,64
02-20 19:41:35.909  1677  1725 D VoldConnector: RCV <- {651 public:253,64 1}
02-20 19:41:35.933  1372  1372 I MediaPlayerService: MediaPlayerService::getOMX
02-20 19:41:35.934  1372  1372 I OMXClient: MuxOMX ctor
02-20 19:41:35.937  1372  1372 I MediaPlayerService: MediaPlayerService::getOMX
02-20 19:41:35.937  1372  1372 I OMXClient: MuxOMX ctor
02-20 19:41:35.937  1369  1369 I OMXMaster: makeComponentInstance(OMX.google.mp3.decoder) in mediacodec process
02-20 19:41:35.943  1677  1677 W ActivityManager: Slow operation: 79ms so far, now at startProcess: returned from zygote!
02-20 19:41:35.943  1677  1677 W ActivityManager: Slow operation: 79ms so far, now at startProcess: done updating battery stats
02-20 19:41:35.943  1677  1677 I am_proc_start: [0,1801,1037,WebViewLoader-x86,,]
02-20 19:41:35.943  1677  1677 W ActivityManager: Slow operation: 79ms so far, now at startProcess: building log message
02-20 19:41:35.943  1677  1677 I ActivityManager: Start proc 1801:WebViewLoader-x86/1037 [android.webkit.WebViewFactory$RelroFileCreator] for 
02-20 19:41:35.943  1677  1677 W ActivityManager: Slow operation: 79ms so far, now at startProcess: starting to update pids map
02-20 19:41:35.943  1677  1677 W ActivityManager: Slow operation: 79ms so far, now at startProcess: done updating pids map
02-20 19:41:35.943  1677  1677 W ActivityManager: Slow operation: 79ms so far, now at startProcess: done starting proc!
02-20 19:41:35.956  1677  1677 I am_proc_start: [0,1808,1037,WebViewLoader-x86_64,,]
02-20 19:41:35.957  1677  1677 I ActivityManager: Start proc 1808:WebViewLoader-x86_64/1037 [android.webkit.WebViewFactory$RelroFileCreator] for 
02-20 19:41:35.957  1267  1302 V vold    : /dev/block/vold/public:253,64: LABEL="SDCARD" UUID="1E12-0B12" TYPE="vfat" 
02-20 19:41:35.957  1267  1302 V vold    : 
02-20 19:41:35.958  1267  1302 V vold    : /system/bin/fsck_msdos
02-20 19:41:35.958  1267  1302 V vold    :     -p
02-20 19:41:35.958  1267  1302 V vold    :     -f
02-20 19:41:35.958  1267  1302 V vold    :     /dev/block/vold/public:253,64
02-20 19:41:35.967  1677  1725 D VoldConnector: RCV <- {652 public:253,64 vfat}
02-20 19:41:35.967  1677  1725 D VoldConnector: RCV <- {653 public:253,64 1E12-0B12}
02-20 19:41:35.967  1677  1725 D VoldConnector: RCV <- {654 public:253,64 SDCARD}
02-20 19:41:35.974  1808  1808 W art     : Unexpected CPU variant for X86 using defaults: x86_64
02-20 19:41:35.975  1677  1677 D NetworkManagement: enabling bandwidth control
02-20 19:41:35.992  1677  1734 D WifiController: DEFERRED_TOGGLE handled
02-20 19:41:35.996  1801  1801 W art     : Unexpected CPU variant for X86 using defaults: x86
02-20 19:41:36.002  1808  1808 V WebViewFactory: RelroFileCreator (64bit = true),  32-bit lib: /system/app/Chrome/Chrome.apk!/lib/x86/libmonochrome.so, 64-bit lib: /system/app/Chrome/Chrome.apk!/lib/x86_64/libmonochrome.so
02-20 19:41:36.045  1801  1801 V WebViewFactory: RelroFileCreator (64bit = false),  32-bit lib: /system/app/Chrome/Chrome.apk!/lib/x86/libmonochrome.so, 64-bit lib: /system/app/Chrome/Chrome.apk!/lib/x86_64/libmonochrome.so
02-20 19:41:36.118  1372  1372 I MediaPlayerService: MediaPlayerService::getOMX
02-20 19:41:36.118  1372  1372 I OMXClient: MuxOMX ctor
02-20 19:41:36.118  1369  1839 I OMXMaster: makeComponentInstance(OMX.google.amrnb.decoder) in mediacodec process
02-20 19:41:36.133  1267  1302 I fsck_msdos: ** /dev/block/vold/public:253,64
02-20 19:41:36.133  1267  1302 I fsck_msdos: ** Phase 1 - Read and Compare FATs
02-20 19:41:36.133  1267  1302 I fsck_msdos: Attempting to allocate 1022 KB for FAT
02-20 19:41:36.134  1372  1372 I MediaPlayerService: MediaPlayerService::getOMX
02-20 19:41:36.134  1372  1372 I OMXClient: MuxOMX ctor
02-20 19:41:36.134  1369  1369 I OMXMaster: makeComponentInstance(OMX.google.amrwb.decoder) in mediacodec process
02-20 19:41:36.139  1372  1372 I MediaPlayerService: MediaPlayerService::getOMX
02-20 19:41:36.139  1372  1372 I OMXClient: MuxOMX ctor
02-20 19:41:36.139  1369  1382 I OMXMaster: makeComponentInstance(OMX.google.aac.decoder) in mediacodec process
02-20 19:41:36.185  1372  1372 I MediaPlayerService: MediaPlayerService::getOMX
02-20 19:41:36.185  1372  1372 I OMXClient: MuxOMX ctor
02-20 19:41:36.185  1369  1382 I OMXMaster: makeComponentInstance(OMX.google.g711.alaw.decoder) in mediacodec process
02-20 19:41:36.192  1757  1757 I LatinIME: Hardware accelerated drawing: true
02-20 19:41:36.198  1773  1773 V SystemUIService: Starting SystemUI services for user 0.
02-20 19:41:36.254  1267  1302 I fsck_msdos: Attempting to allocate 1022 KB for FAT
02-20 19:41:35.930     0     0 D ieee80211 phy1: hw scan 2442 MHz
02-20 19:41:36.051     0     0 D ieee80211 phy1: hw scan 2447 MHz
02-20 19:41:36.181     0     0 D ieee80211 phy1: hw scan 2452 MHz
02-20 19:41:36.290     0     0 D ieee80211 phy1: hw scan 2457 MHz
02-20 19:41:36.268  1773  1773 V MediaRouter: Adding route: RouteInfo{ name=Phone, description=null, status=null, category=RouteCategory{ name=null types=ROUTE_TYPE_LIVE_AUDIO ROUTE_TYPE_LIVE_VIDEO  groupable=false }, supportedTypes=ROUTE_TYPE_LIVE_AUDIO ROUTE_TYPE_LIVE_VIDEO , presentationDisplay=null }
02-20 19:41:36.272  1372  1372 I MediaPlayerService: MediaPlayerService::getOMX
02-20 19:41:36.272  1372  1372 I OMXClient: MuxOMX ctor
02-20 19:41:36.272  1369  1382 I OMXMaster: makeComponentInstance(OMX.google.g711.mlaw.decoder) in mediacodec process
02-20 19:41:36.278  1773  1773 V MediaRouter: Updating audio routes: AudioRoutesInfo{ type=SPEAKER }
02-20 19:41:36.279  1773  1773 V MediaRouter: Selecting route: RouteInfo{ name=Phone, description=null, status=null, category=RouteCategory{ name=null types=ROUTE_TYPE_LIVE_AUDIO ROUTE_TYPE_LIVE_VIDEO  groupable=false }, supportedTypes=ROUTE_TYPE_LIVE_AUDIO ROUTE_TYPE_LIVE_VIDEO , presentationDisplay=null }
02-20 19:41:36.300  1677  1796 D TelephonyRegistry: listen oscl: hasNotifySubscriptionInfoChangedOccurred==false no callback
02-20 19:41:36.333  1808  1808 I art     : System.exit called, status: 0
02-20 19:41:36.333  1808  1808 I AndroidRuntime: VM exiting with result code 0, cleanup skipped.
02-20 19:41:36.334  1373  1674 D SoftapController: Softap fwReload - Ok
02-20 19:41:36.336  1267  1302 I fsck_msdos: ** Phase 2 - Check Cluster Chains
02-20 19:41:36.337  1801  1801 I art     : System.exit called, status: 0
02-20 19:41:36.337  1801  1801 I AndroidRuntime: VM exiting with result code 0, cleanup skipped.
02-20 19:41:36.388     0     0 W FAT-fs (vde): Volume was not properly unmounted. Some data may be corrupt. Please run fsck.
02-20 19:41:36.397     0     0 D SELinux : initialized (dev vde, type vfat), uses genfs_contexts
02-20 19:41:36.411     0     0 D ieee80211 phy1: hw scan 2462 MHz
02-20 19:41:36.338  1267  1302 I fsck_msdos: ** Phase 3 - Checking Directories
02-20 19:41:36.339  1267  1302 I fsck_msdos: ** Phase 4 - Checking for Lost Files
02-20 19:41:36.339  1267  1302 I fsck_msdos: 27 files, 522176 free (261088 clusters)
02-20 19:41:36.362  1372  1372 I MediaPlayerService: MediaPlayerService::getOMX
02-20 19:41:36.363  1372  1372 I OMXClient: MuxOMX ctor
02-20 19:41:36.363  1369  1382 I OMXMaster: makeComponentInstance(OMX.google.vorbis.decoder) in mediacodec process
02-20 19:41:36.377  1267  1302 I Vold    : Filesystem check completed OK
02-20 19:41:36.377  1677  1725 D VoldConnector: RCV <- {656 public:253,64 /mnt/media_rw/1E12-0B12}
02-20 19:41:36.378  1677  1725 D VoldConnector: RCV <- {655 public:253,64 /storage/1E12-0B12}
02-20 19:41:36.400  1773  1862 E WVMExtractor: Failed to open libwvm.so: dlopen failed: library "libwvm.so" not found
02-20 19:41:36.410  1267  1302 V vold    : Waiting for FUSE to spin up...
02-20 19:41:36.423  1757  1757 W InputAttributes: No editor info for this field. Bug?
02-20 19:41:36.430  1372  1372 I MediaPlayerService: MediaPlayerService::getOMX
02-20 19:41:36.430  1372  1372 I OMXClient: MuxOMX ctor
02-20 19:41:36.430  1369  1369 I OMXMaster: makeComponentInstance(OMX.google.opus.decoder) in mediacodec process
02-20 19:41:36.450  1863  1863 W sdcard  : Device explicitly disabled sdcardfs
02-20 19:41:36.461  1267  1302 V vold    : Waiting for FUSE to spin up...
02-20 19:41:36.486     0     0 D SELinux : initialized (dev fuse, type fuse), uses genfs_contexts
02-20 19:41:36.504     0     0 D SELinux : initialized (dev fuse, type fuse), uses genfs_contexts
02-20 19:41:36.506     0     0 D SELinux : initialized (dev fuse, type fuse), uses genfs_contexts
02-20 19:41:36.511  1677  1725 D VoldConnector: RCV <- {651 public:253,64 2}
02-20 19:41:36.512  1757  1870 I LatinIME:LogUtils: Dictionary info: dictionary = userunigram.en_US ; version = 1519155696 ; date = ?
02-20 19:41:36.512  1677  1725 D VoldConnector: RCV <- {200 6 Command succeeded}
02-20 19:41:36.512  1677  1724 E VoldConnector: NDC Command {6 volume mount public:253,64 2 0} took too long (604ms)
02-20 19:41:36.515  1372  1372 I MediaPlayerService: MediaPlayerService::getOMX
02-20 19:41:36.515  1372  1372 I OMXClient: MuxOMX ctor
02-20 19:41:36.515  1369  1369 I OMXMaster: makeComponentInstance(OMX.google.raw.decoder) in mediacodec process
02-20 19:41:36.519  1757  1870 E ActivityThread: Failed to find provider info for user_dictionary
02-20 19:41:36.519  1757  1870 I LatinIME:LogUtils: Dictionary info: dictionary = UserHistoryDictionary.en_US ; version = 1519155696 ; date = ?
02-20 19:41:36.523  1372  1372 I MediaPlayerService: MediaPlayerService::getOMX
02-20 19:41:36.523  1372  1372 I OMXClient: MuxOMX ctor
02-20 19:41:36.523  1369  1382 I OMXMaster: makeComponentInstance(OMX.google.aac.encoder) in mediacodec process
02-20 19:41:36.528  1677  1677 W NetworkManagement: setDataSaverMode(): already false
02-20 19:41:36.529  1373  1674 D CommandListener: Setting iface cfg
02-20 19:41:36.529  1373  1674 D CommandListener: Trying to bring down wlan0
02-20 19:41:36.529  1372  1372 I MediaPlayerService: MediaPlayerService::getOMX
02-20 19:41:36.529  1373  1674 D CommandListener: Clearing all IP addresses on wlan0
02-20 19:41:36.530  1372  1372 I OMXClient: MuxOMX ctor
02-20 19:41:36.530  1677  1735 E WifiMonitor: killSupplicant p2pfalse init.svc.wpa_supplicant=unknown init.svc.p2p_supplicant=unknown
02-20 19:41:36.530  1369  1839 I OMXMaster: makeComponentInstance(OMX.google.amrnb.encoder) in mediacodec process
02-20 19:41:36.531  1677  1735 E wifi    : Can not initialize the vendor function pointer table
02-20 19:41:36.531  1677  1735 E WifiNative-HAL: Could not start hal
02-20 19:41:36.531  1677  1735 E WifiStateMachine: Failed to start HAL
02-20 19:41:36.533  1677  1692 W WindowManager: Keyguard drawn timeout. Setting mKeyguardDrawComplete
02-20 19:41:36.535  1677  1735 D WifiMonitor: startMonitoring(wlan0) with mConnected = false
02-20 19:41:36.535  1677  1735 E WifiHW  : Unable to open connection to supplicant on "@android:wpa_wlan0": No such file or directory
02-20 19:41:36.536  1372  1372 I MediaPlayerService: MediaPlayerService::getOMX
02-20 19:41:36.536  1372  1372 I OMXClient: MuxOMX ctor
02-20 19:41:36.536  1369  1369 I OMXMaster: makeComponentInstance(OMX.google.amrwb.encoder) in mediacodec process
02-20 19:41:36.531     0     0 D ieee80211 phy1: hw scan complete
02-20 19:41:36.531     0     0 D ieee80211 phy1: mac80211_hwsim_get_survey (idx=0)
02-20 19:41:36.532     0     0 I init    : Starting service 'wpa_supplicant'...
02-20 19:41:36.541  1372  1372 I MediaPlayerService: MediaPlayerService::getOMX
02-20 19:41:36.541  1372  1372 I OMXClient: MuxOMX ctor
02-20 19:41:36.541  1369  1382 I OMXMaster: makeComponentInstance(OMX.google.flac.encoder) in mediacodec process
02-20 19:41:36.561  1372  1372 I MediaPlayerService: MediaPlayerService::getOMX
02-20 19:41:36.561  1372  1372 I OMXClient: MuxOMX ctor
02-20 19:41:36.561  1369  1839 I OMXMaster: makeComponentInstance(OMX.google.gsm.decoder) in mediacodec process
02-20 19:41:36.572  1509  1509 E hostapd : Using interface wlan1 with hwaddr 02:00:00:00:01:00 and ssid "AndroidWifi"
02-20 19:41:36.573     0     0 D ieee80211 phy1: mac80211_hwsim_config (freq=0 idle=0 ps=0 smps=auto)
02-20 19:41:36.573     0     0 D ieee80211 phy1: add channel context control: 2447 MHz/width: 2/cfreqs:2437/0 MHz
02-20 19:41:36.573     0     0 D ieee80211 phy1: mac80211_hwsim_bss_info_changed(changed=0x40000)
02-20 19:41:36.573     0     0 D ieee80211 phy1: TX Power: 20 dBm
02-20 19:41:36.573     0     0 D ieee80211 phy1: mac80211_hwsim_bss_info_changed(changed=0x4000)
02-20 19:41:36.573     0     0 D ieee80211 phy1: change channel context control: 2447 MHz/width: 2/cfreqs:2437/0 MHz
02-20 19:41:36.573     0     0 D ieee80211 phy1: mac80211_hwsim_bss_info_changed(changed=0x88340)
02-20 19:41:36.573     0     0 D ieee80211 phy1: BCNINT: 100
02-20 19:41:36.573     0     0 D ieee80211 phy1: BCN EN: 1
02-20 19:41:36.576     0     0 D ieee80211 phy1: mac80211_hwsim_bss_info_changed(changed=0x3e)
02-20 19:41:36.576     0     0 D ieee80211 phy1: ERP_CTS_PROT: 0
02-20 19:41:36.576     0     0 D ieee80211 phy1: ERP_PREAMBLE: 0
02-20 19:41:36.576     0     0 D ieee80211 phy1: ERP_SLOT: 1
02-20 19:41:36.576     0     0 D ieee80211 phy1: HT: op_mode=0x0
02-20 19:41:36.576     0     0 D ieee80211 phy1: BASIC_RATES: 0xf
02-20 19:41:36.576     0     0 D ieee80211 phy1: mac80211_hwsim_conf_tx (queue=0 txop=47 cw_min=3 cw_max=7 aifs=1)
02-20 19:41:36.576     0     0 D ieee80211 phy1: mac80211_hwsim_bss_info_changed(changed=0x2000)
02-20 19:41:36.576     0     0 D ieee80211 phy1: mac80211_hwsim_conf_tx (queue=1 txop=94 cw_min=7 cw_max=15 aifs=1)
02-20 19:41:36.576     0     0 D ieee80211 phy1: mac80211_hwsim_bss_info_changed(changed=0x2000)
02-20 19:41:36.576     0     0 D ieee80211 phy1: mac80211_hwsim_conf_tx (queue=2 txop=0 cw_min=15 cw_max=63 aifs=3)
02-20 19:41:36.576     0     0 D ieee80211 phy1: mac80211_hwsim_bss_info_changed(changed=0x2000)
02-20 19:41:36.576     0     0 D ieee80211 phy1: mac80211_hwsim_conf_tx (queue=3 txop=0 cw_min=15 cw_max=1023 aifs=7)
02-20 19:41:36.576     0     0 D ieee80211 phy1: mac80211_hwsim_bss_info_changed(changed=0x2000)
02-20 19:41:36.576     0     0 I IPv6    : ADDRCONF(NETDEV_CHANGE): wlan1: link becomes ready
02-20 19:41:36.581     0     0 D ieee80211 phy1: mac80211_hwsim_configure_filter
02-20 19:41:36.576  1509  1509 I hostapd : wlan1: interface state HT_SCAN->ENABLED
02-20 19:41:36.576  1509  1509 I hostapd : wlan1: AP-ENABLED 
02-20 19:41:36.607  1757  1870 I LatinIME:LogUtils: Dictionary info: dictionary = main:en ; version = 54 ; date = 1414726273
02-20 19:41:36.620  1677  1677 D NetworkPolicy: setRestrictBackgroundUL(): false
02-20 19:41:36.620  1677  1677 W NetworkManagement: setDataSaverMode(): already false
02-20 19:41:36.641  1372  1372 I MediaPlayerService: MediaPlayerService::getOMX
02-20 19:41:36.641  1372  1372 I OMXClient: MuxOMX ctor
02-20 19:41:36.641  1369  1382 I OMXMaster: makeComponentInstance(OMX.google.mpeg4.decoder) in mediacodec process
02-20 19:41:36.680  1369  1839 E OMXNodeInstance: getExtensionIndex(559000f:google.mpeg4.decoder, OMX.google.android.index.configureVideoTunnelMode) ERROR: UnsupportedIndex(0x8000101a)
02-20 19:41:36.681  1369  1369 W OMXNodeInstance: [559000f:google.mpeg4.decoder] component does not support metadata mode; using fallback
02-20 19:41:36.695  1372  1372 I MediaPlayerService: MediaPlayerService::getOMX
02-20 19:41:36.696  1372  1372 I OMXClient: MuxOMX ctor
02-20 19:41:36.696  1369  1382 I OMXMaster: makeComponentInstance(OMX.google.h263.decoder) in mediacodec process
02-20 19:41:36.710  1890  1890 I wpa_supplicant: Successfully initialized wpa_supplicant
02-20 19:41:36.713  1890  1890 I wpa_supplicant: rfkill: Cannot open RFKILL control device
02-20 19:41:36.719  1890  1890 I wpa_supplicant: nl80211: Could not re-add multicast membership for vendor events: -2 (No such file or directory)
02-20 19:41:36.713     0     0 D ieee80211 phy0: mac80211_hwsim_start
02-20 19:41:36.713     0     0 D ieee80211 phy0: mac80211_hwsim_add_interface (type=2 mac_addr=02:00:00:44:55:66)
02-20 19:41:36.713     0     0 D ieee80211 phy0: mac80211_hwsim_bss_info_changed(changed=0xe)
02-20 19:41:36.713     0     0 D ieee80211 phy0: ERP_CTS_PROT: 0
02-20 19:41:36.713     0     0 D ieee80211 phy0: ERP_PREAMBLE: 0
02-20 19:41:36.713     0     0 D ieee80211 phy0: ERP_SLOT: 0
02-20 19:41:36.713     0     0 D ieee80211 phy0: mac80211_hwsim_conf_tx (queue=0 txop=0 cw_min=15 cw_max=1023 aifs=2)
02-20 19:41:36.713     0     0 D ieee80211 phy0: mac80211_hwsim_conf_tx (queue=1 txop=0 cw_min=15 cw_max=1023 aifs=2)
02-20 19:41:36.713     0     0 D ieee80211 phy0: mac80211_hwsim_conf_tx (queue=2 txop=0 cw_min=15 cw_max=1023 aifs=2)
02-20 19:41:36.713     0     0 D ieee80211 phy0: mac80211_hwsim_conf_tx (queue=3 txop=0 cw_min=15 cw_max=1023 aifs=2)
02-20 19:41:36.713     0     0 D ieee80211 phy0: mac80211_hwsim_bss_info_changed(changed=0x2000)
02-20 19:41:36.713     0     0 D ieee80211 phy0: mac80211_hwsim_config (freq=0 idle=0 ps=0 smps=auto)
02-20 19:41:36.713     0     0 D ieee80211 phy0: mac80211_hwsim_configure_filter
02-20 19:41:36.713     0     0 D ieee80211 phy0: mac80211_hwsim_configure_filter
02-20 19:41:36.713     0     0 I IPv6    : ADDRCONF(NETDEV_UP): wlan0: link is not ready
02-20 19:41:36.753  1773  1773 I vol.Events: writeEvent collection_started
02-20 19:41:36.754  1369  1839 E OMXNodeInstance: getExtensionIndex(5590010:google.h263.decoder, OMX.google.android.index.configureVideoTunnelMode) ERROR: UnsupportedIndex(0x8000101a)
02-20 19:41:36.754  1369  1369 W OMXNodeInstance: [5590010:google.h263.decoder] component does not support metadata mode; using fallback
02-20 19:41:36.768  1773  1912 I sysui_action: [213,2]
02-20 19:41:36.768  1773  1912 I vol.Events: writeEvent external_ringer_mode_changed normal
02-20 19:41:36.769  1773  1912 I vol.Events: writeEvent internal_ringer_mode_changed normal
02-20 19:41:36.771  1372  1372 I MediaPlayerService: MediaPlayerService::getOMX
02-20 19:41:36.771  1372  1372 I OMXClient: MuxOMX ctor
02-20 19:41:36.771  1369  1382 I OMXMaster: makeComponentInstance(OMX.google.h264.decoder) in mediacodec process
02-20 19:41:36.801  1677  1677 I SystemServiceManager: Starting phase 600
02-20 19:41:36.813  1677  1677 D SensorNotificationService: Cannot obtain dynamic meta sensor, not supported.
02-20 19:41:36.815  1677  1729 I netstats_mobile_sample: [0,0,0,0,0,0,0,0,0,0,0,0,-1]
02-20 19:41:36.815  1677  1729 I netstats_wifi_sample: [0,0,0,0,0,0,0,0,0,0,0,0,-1]
02-20 19:41:36.821  1890  1890 E wpa_supplicant: global ctrl interface @android:wpa_wlan0 matches ctrl interface wlan0 - do not open per-interface ctrl interface
02-20 19:41:36.841  1677  1677 D TelephonyRegistry: listen oscl: hasNotifySubscriptionInfoChangedOccurred==false no callback
02-20 19:41:36.856  1372  1372 W ACodec  : [OMX.google.h264.decoder] stopping checking profiles after 32: 2/8000
02-20 19:41:36.857  1369  1839 E OMXNodeInstance: getExtensionIndex(5590011:google.h264.decoder, OMX.google.android.index.configureVideoTunnelMode) ERROR: UnsupportedIndex(0x8000101a)
02-20 19:41:36.857  1369  1369 W OMXNodeInstance: [5590011:google.h264.decoder] component does not support metadata mode; using fallback
02-20 19:41:36.858  1372  1372 I MediaPlayerService: MediaPlayerService::getOMX
02-20 19:41:36.858  1372  1372 I OMXClient: MuxOMX ctor
02-20 19:41:36.858  1369  1369 I OMXMaster: makeComponentInstance(OMX.google.hevc.decoder) in mediacodec process
02-20 19:41:36.874  1677  1677 I GnssLocationProvider: WakeLock acquired by sendMessage(13, 0, null)
02-20 19:41:36.874  1677  1690 W GnssLocationProvider: Could not open GPS configuration file /etc/gps.conf
02-20 19:41:36.875  1677  1690 E GnssLocationProvider: no AGPS interface in set_agps_server
02-20 19:41:36.875  1677  1690 D TelephonyRegistry: listen oscl: hasNotifySubscriptionInfoChangedOccurred==false no callback
02-20 19:41:36.880  1677  1677 W LocationProviderProxy-network: Odd, no component found for service com.android.location.service.v3.NetworkLocationProvider
02-20 19:41:36.883  1677  1677 W GeocoderProxy: Odd, no component found for service com.android.location.service.GeocodeProvider
02-20 19:41:36.883  1677  1677 E FlpHardwareProvider: Error hw_get_module 'flp': -2
02-20 19:41:36.883  1677  1677 D LocationManagerService: FLP HAL not supported
02-20 19:41:36.886  1677  1677 W GeofenceProxy: Odd, no component found for service com.android.location.service.GeofenceProvider
02-20 19:41:36.893  1677  1677 E ActivityRecognitionHardware: Error hw_get_module: -2
02-20 19:41:36.893  1677  1677 D LocationManagerService: Hardware Activity-Recognition not supported.
02-20 19:41:36.893  1677  1677 W ActivityRecognitionProxy: Odd, no component found for service com.android.location.service.ActivityRecognitionProvider
02-20 19:41:36.899  1677  1677 I GnssLocationProvider: WakeLock acquired by sendMessage(2, 1, null)
02-20 19:41:36.902  1677  1677 I CommonTimeManagementService: No common time service detected on this platform.  Common time services will be unavailable.
02-20 19:41:36.903  1677  1677 D TelephonyRegistry: systemRunning register for intents
02-20 19:41:36.903  1677  1677 I MmsServiceBroker: Delay connecting to MmsService until an API is called
02-20 19:41:36.913  1677  1723 I InputReader: Reconfiguring input devices.  changes=0x00000020
02-20 19:41:36.914  1677  1723 I InputReader: Reconfiguring input devices.  changes=0x00000010
02-20 19:41:36.933  1677  1690 I GnssLocationProvider: WakeLock released by handleMessage(13, 0, null)
02-20 19:41:36.937  1677  1677 I am_proc_start: [0,1921,1001,com.android.phone,added application,com.android.phone]
02-20 19:41:36.937  1677  1677 I ActivityManager: Start proc 1921:com.android.phone/1001 for added application com.android.phone
02-20 19:41:36.937  1677  1677 I ActivityManager: START u0 {act=android.intent.action.MAIN cat=[android.intent.category.HOME] flg=0x10000100 cmp=com.android.settings/.FallbackHome} from uid 0 on display 0
02-20 19:41:36.938  1677  1677 W System  : ClassLoader referenced unknown path: 
02-20 19:41:36.938  1677  1677 W System  : ClassLoader referenced unknown path: /system/priv-app/Settings/lib/x86_64
02-20 19:41:36.940  1677  1677 D ApplicationLoaders: ignored Vulkan layer search path /system/priv-app/Settings/lib/x86_64:/system/priv-app/Settings/Settings.apk!/lib/x86_64:/system/lib64:/vendor/lib64 for namespace 0x7def86af7160
02-20 19:41:36.942  1921  1921 W art     : Unexpected CPU variant for X86 using defaults: x86_64
02-20 19:41:36.943  1677  1677 I ActivityManager: Loaded persisted task ids for user 0
02-20 19:41:36.947  1677  1677 I am_create_task: [0,1]
02-20 19:41:36.947  1677  1677 I am_create_activity: [0,54425239,1,com.android.settings/.FallbackHome,android.intent.action.MAIN,NULL,NULL,276824320]
02-20 19:41:36.948  1677  1677 I wm_task_created: [1,0]
02-20 19:41:36.950  1369  1839 E OMXNodeInstance: getExtensionIndex(5590012:google.hevc.decoder, OMX.google.android.index.configureVideoTunnelMode) ERROR: UnsupportedIndex(0x8000101a)
02-20 19:41:36.950  1369  1382 W OMXNodeInstance: [5590012:google.hevc.decoder] component does not support metadata mode; using fallback
02-20 19:41:36.952  1677  1677 I wm_task_moved: [1,1,0]
02-20 19:41:36.953  1677  1677 I wm_task_moved: [1,1,0]
02-20 19:41:36.955  1677  1690 E GnssLocationProvider: no AGPS interface in set_agps_server
02-20 19:41:36.961  1677  1690 I GnssLocationProvider: WakeLock released by handleMessage(2, 1, null)
02-20 19:41:36.961  1677  1677 I am_focused_activity: [0,com.android.settings/.FallbackHome,startedActivity]
02-20 19:41:36.962  1372  1372 I MediaPlayerService: MediaPlayerService::getOMX
02-20 19:41:36.962  1372  1372 I OMXClient: MuxOMX ctor
02-20 19:41:36.962  1369  1369 I OMXMaster: makeComponentInstance(OMX.google.vp8.decoder) in mediacodec process
02-20 19:41:36.967  1677  1677 I am_proc_start: [0,1937,1000,com.android.settings,activity,com.android.settings/.FallbackHome]
02-20 19:41:36.967  1677  1677 I ActivityManager: Start proc 1937:com.android.settings/1000 for activity com.android.settings/.FallbackHome
02-20 19:41:36.971  1937  1937 W art     : Unexpected CPU variant for X86 using defaults: x86_64
02-20 19:41:36.975  1677  1689 I am_proc_bound: [0,1921,com.android.phone]
02-20 19:41:36.975  1677  1677 I SystemServer: Enabled StrictMode for system server main thread.
02-20 19:41:36.980  1677  1688 I am_proc_bound: [0,1937,com.android.settings]
02-20 19:41:36.980  1677  1690 W LocationProviderProxy-network: Odd, no component found for service com.android.location.service.v3.NetworkLocationProvider
02-20 19:41:36.981  1677  1690 W GeocoderProxy: Odd, no component found for service com.android.location.service.GeocodeProvider
02-20 19:41:36.981  1677  1690 W GeofenceProxy: Odd, no component found for service com.android.location.service.GeofenceProvider
02-20 19:41:36.981  1677  1690 W ActivityRecognitionProxy: Odd, no component found for service com.android.location.service.ActivityRecognitionProvider
02-20 19:41:37.003  1921  1921 W System  : ClassLoader referenced unknown path: /system/priv-app/TeleService/lib/x86_64
02-20 19:41:37.026  1369  1382 E OMXNodeInstance: getExtensionIndex(5590013:google.vp8.decoder, OMX.google.android.index.configureVideoTunnelMode) ERROR: UnsupportedIndex(0x8000101a)
02-20 19:41:37.027  1369  1839 W OMXNodeInstance: [5590013:google.vp8.decoder] component does not support metadata mode; using fallback
02-20 19:41:37.028  1372  1372 I MediaPlayerService: MediaPlayerService::getOMX
02-20 19:41:37.028  1372  1372 I OMXClient: MuxOMX ctor
02-20 19:41:37.028  1369  1369 I OMXMaster: makeComponentInstance(OMX.google.vp9.decoder) in mediacodec process
02-20 19:41:37.039  1313  1325 D PermissionCache: checking android.permission.READ_FRAME_BUFFER for uid=1000 => granted (416 us)
02-20 19:41:37.092  1369  1382 E OMXNodeInstance: getExtensionIndex(5590014:google.vp9.decoder, OMX.google.android.index.configureVideoTunnelMode) ERROR: UnsupportedIndex(0x8000101a)
02-20 19:41:37.093  1369  1369 W OMXNodeInstance: [5590014:google.vp9.decoder] component does not support metadata mode; using fallback
02-20 19:41:37.094  1313  1325 D gralloc_ranchu: gralloc_alloc: Creating ashmem region of size 17051648
02-20 19:41:37.096  1372  1372 I MediaPlayerService: MediaPlayerService::getOMX
02-20 19:41:37.097  1372  1372 I OMXClient: MuxOMX ctor
02-20 19:41:37.097  1369  1369 I OMXMaster: makeComponentInstance(OMX.google.h263.encoder) in mediacodec process
02-20 19:41:37.113  1369  1369 I SoftMPEG4Encoder: Construct SoftMPEG4Encoder
02-20 19:41:37.117  1372  1372 W ACodec  : do not know color format 0x7f000789 = 2130708361
02-20 19:41:37.117  1369  1839 E OMXNodeInstance: getConfig(5590015:google.h263.encoder, ConfigAndroidIntraRefresh(0x6f60000a)) ERROR: Undefined(0x80001001)
02-20 19:41:37.118  1372  1372 I MediaPlayerService: MediaPlayerService::getOMX
02-20 19:41:37.119  1372  1372 I OMXClient: MuxOMX ctor
02-20 19:41:37.119  1369  1382 I OMXMaster: makeComponentInstance(OMX.google.h264.encoder) in mediacodec process
02-20 19:41:37.141  1372  1372 W ACodec  : do not know color format 0x7f000789 = 2130708361
02-20 19:41:37.142  1372  1372 I MediaPlayerService: MediaPlayerService::getOMX
02-20 19:41:37.142  1372  1372 I OMXClient: MuxOMX ctor
02-20 19:41:37.142  1369  1839 I OMXMaster: makeComponentInstance(OMX.google.mpeg4.encoder) in mediacodec process
02-20 19:41:37.157  1369  1839 I SoftMPEG4Encoder: Construct SoftMPEG4Encoder
02-20 19:41:37.159  1372  1372 W ACodec  : do not know color format 0x7f000789 = 2130708361
02-20 19:41:37.159  1369  1369 E OMXNodeInstance: getConfig(5590017:google.mpeg4.encoder, ConfigAndroidIntraRefresh(0x6f60000a)) ERROR: Undefined(0x80001001)
02-20 19:41:37.160  1372  1372 I MediaPlayerService: MediaPlayerService::getOMX
02-20 19:41:37.161  1372  1372 I OMXClient: MuxOMX ctor
02-20 19:41:37.161  1369  1369 I OMXMaster: makeComponentInstance(OMX.google.vp8.encoder) in mediacodec process
02-20 19:41:37.176  1372  1372 W ACodec  : do not know color format 0x7f000789 = 2130708361
02-20 19:41:37.176  1369  1382 E OMXNodeInstance: getConfig(5590018:google.vp8.encoder, ConfigAndroidIntraRefresh(0x6f60000a)) ERROR: Undefined(0x80001001)
02-20 19:41:37.177  1372  1372 I MediaPlayerService: MediaPlayerService::getOMX
02-20 19:41:37.178  1372  1372 I OMXClient: MuxOMX ctor
02-20 19:41:37.182  1372  1372 I MediaPlayerService: MediaPlayerService::getOMX
02-20 19:41:37.182  1372  1372 I OMXClient: MuxOMX ctor
02-20 19:41:37.182  1372  1372 W MediaCodecList: unable to open media codecs configuration xml file: /data/misc/media/media_codecs_profiling_results.xml
02-20 19:41:37.182  1372  1840 I MediaPlayerService: MediaPlayerService::getOMX
02-20 19:41:37.182  1372  1868 I MediaPlayerService: MediaPlayerService::getOMX
02-20 19:41:37.183  1773  1864 I OMXClient: MuxOMX ctor
02-20 19:41:37.183  1677  1803 I OMXClient: MuxOMX ctor
02-20 19:41:37.183  1369  1382 I OMXMaster: makeComponentInstance(OMX.google.vorbis.decoder) in mediacodec process
02-20 19:41:37.197  1369  1839 I OMXMaster: makeComponentInstance(OMX.google.vorbis.decoder) in mediacodec process
02-20 19:41:37.240  1677  1688 I am_restart_activity: [0,54425239,1,com.android.settings/.FallbackHome]
02-20 19:41:37.244  1677  1677 W art     : Long monitor contention with owner Binder:1677_1 (1688) at void com.android.server.am.ActivityManagerService.attachApplication(android.app.IApplicationThread)(ActivityManagerService.java:6669) waiters=0 in int com.android.server.am.ActivityManagerService.broadcastIntent(android.app.IApplicationThread, android.content.Intent, java.lang.String, android.content.IIntentReceiver, int, java.lang.String, android.os.Bundle, java.lang.String[], int, android.os.Bundle, boolean, boolean, int) for 264ms
02-20 19:41:37.244  1677  1677 I dvm_lock_sample: [system_server,1,main,264,ActivityManagerService.java,18551,-,6669,52]
02-20 19:41:37.244  1677  1796 W art     : Long monitor contention with owner Binder:1677_1 (1688) at void com.android.server.am.ActivityManagerService.attachApplication(android.app.IApplicationThread)(ActivityManagerService.java:6669) waiters=1 in android.content.pm.UserInfo com.android.server.am.UserController.getCurrentUser() for 218ms
02-20 19:41:37.244  1677  1796 I dvm_lock_sample: [system_server,1,Binder:1677_4,218,UserController.java,1438,ActivityManagerService.java,6669,43]
02-20 19:41:37.245  1677  1677 D ConditionProviders.SCP: onConnected
02-20 19:41:37.256  1677  1882 W art     : Long monitor contention with owner Binder:1677_1 (1688) at void com.android.server.am.ActivityManagerService.attachApplication(android.app.IApplicationThread)(ActivityManagerService.java:6669) waiters=2 in void com.android.server.am.ActivityManagerService.addPackageDependency(java.lang.String) for 219ms
02-20 19:41:37.257  1677  1882 I dvm_lock_sample: [system_server,1,Binder:1677_5,219,ActivityManagerService.java,5765,-,6669,43]
02-20 19:41:37.246  1677  1677 D ZenLog  : set_zen_mode: off,readXml
02-20 19:41:37.278  1372  1840 I MediaPlayerService: MediaPlayerService::getOMX
02-20 19:41:37.285  1773  1973 I OMXClient: MuxOMX ctor
02-20 19:41:37.286  1921  1921 W System  : ClassLoader referenced unknown path: /system/priv-app/TelephonyProvider/lib/x86_64
02-20 19:41:37.286  1921  1921 D ApplicationLoaders: ignored Vulkan layer search path /system/priv-app/TelephonyProvider/lib/x86_64:/system/lib64:/vendor/lib64 for namespace 0x7def86a8c0f0
02-20 19:41:37.287  1369  1839 I OMXMaster: makeComponentInstance(OMX.google.vorbis.decoder) in mediacodec process
02-20 19:41:37.292  1677  1677 D ConditionProviders: Subscribing to condition://android/schedule?days=6.7&start=23.30&end=10.0&exitAtAlarm=false with ComponentInfo{android/com.android.server.notification.ScheduleConditionProvider}
02-20 19:41:37.292  1677  1677 D ZenLog  : subscribe: condition://android/schedule?days=6.7&start=23.30&end=10.0&exitAtAlarm=false,ok
02-20 19:41:37.292  1677  1677 D ConditionProviders: Subscribing to condition://android/event?userId=-10000&calendar=&reply=1 with ComponentInfo{android/com.android.server.notification.EventConditionProvider}
02-20 19:41:37.292  1677  1677 D ZenLog  : subscribe: condition://android/event?userId=-10000&calendar=&reply=1,ok
02-20 19:41:37.292  1677  1677 D ConditionProviders: Subscribing to condition://android/schedule?days=1.2.3.4.5&start=22.0&end=7.0&exitAtAlarm=false with ComponentInfo{android/com.android.server.notification.ScheduleConditionProvider}
02-20 19:41:37.292  1677  1677 D ZenLog  : subscribe: condition://android/schedule?days=1.2.3.4.5&start=22.0&end=7.0&exitAtAlarm=false,ok
02-20 19:41:37.295  1937  1937 W System  : ClassLoader referenced unknown path: /system/priv-app/Settings/lib/x86_64
02-20 19:41:37.303  1372  1372 I MediaPlayerService: MediaPlayerService::getOMX
02-20 19:41:37.303  1677  1972 I OMXClient: MuxOMX ctor
02-20 19:41:37.316  1677  1677 D RttService: SCAN_AVAILABLE : 1
02-20 19:41:37.316  1677  1737 I WifiScanningService: wifi driver unloaded
02-20 19:41:37.316  1677  1738 D RttService: DefaultState got{ when=0 what=160513 target=com.android.internal.util.StateMachine$SmHandler }
02-20 19:41:37.316  1677  1677 D ZenLog  : set_zen_mode: off,cleanUpZenRules
02-20 19:41:37.351  1369  1369 I OMXMaster: makeComponentInstance(OMX.google.vorbis.decoder) in mediacodec process
02-20 19:41:37.361  1677  1796 I stream_devices_changed: [0,0,2]
02-20 19:41:37.363  1677  1796 I stream_devices_changed: [2,0,2]
02-20 19:41:37.363  1677  1796 I stream_devices_changed: [3,0,2]
02-20 19:41:37.363  1677  1796 I stream_devices_changed: [6,0,2]
02-20 19:41:37.364  1677  1796 I stream_devices_changed: [4,0,2]
02-20 19:41:37.364  1773  1912 I vol.Events: writeEvent level_changed STREAM_ALARM 6
02-20 19:41:37.375  1677  1677 W System  : ClassLoader referenced unknown path: /system/priv-app/Telecom/lib/x86_64
02-20 19:41:37.375  1773  1912 I vol.Events: writeEvent level_changed STREAM_BLUETOOTH_SCO 7
02-20 19:41:37.375  1677  1677 D ApplicationLoaders: ignored Vulkan layer search path /system/priv-app/Telecom/lib/x86_64:/system/priv-app/Telecom/Telecom.apk!/lib/x86_64:/system/lib64:/vendor/lib64 for namespace 0x7def86af71d0
02-20 19:41:37.377  1773  1912 I vol.Events: writeEvent level_changed STREAM_MUSIC 11
02-20 19:41:37.378  1773  1912 I vol.Events: writeEvent level_changed STREAM_RING 5
02-20 19:41:37.379  1773  1912 I vol.Events: writeEvent level_changed STREAM_SYSTEM 5
02-20 19:41:37.383  1773  1912 I vol.Events: writeEvent level_changed STREAM_VOICE_CALL 4
02-20 19:41:37.397  1937  1937 I am_on_resume_called: [0,com.android.settings.FallbackHome,LAUNCH_ACTIVITY]
02-20 19:41:37.414  1313  1969 E SurfaceFlinger: ro.sf.lcd_density must be defined as a build property
02-20 19:41:37.418  1937  1937 D         : HostConnection::get() New Host Connection established 0x7def77fa0ee0, tid 1937
02-20 19:41:37.420  1372  1840 I MediaPlayerService: MediaPlayerService::getOMX
02-20 19:41:37.420  1773  1989 I OMXClient: MuxOMX ctor
02-20 19:41:37.421  1369  1968 I OMXMaster: makeComponentInstance(OMX.google.vorbis.decoder) in mediacodec process
02-20 19:41:37.451  1921  1921 D TelephonyProvider: dbh.onOpen: ok, queried table=siminfo
02-20 19:41:37.451  1921  1921 D TelephonyProvider: dbh.onOpen: ok, queried table=carriers
02-20 19:41:37.460  1372  1394 I MediaPlayerService: MediaPlayerService::getOMX
02-20 19:41:37.461  1677  1990 I OMXClient: MuxOMX ctor
02-20 19:41:37.461  1677  1677 E BluetoothAdapter: Bluetooth binder is null
02-20 19:41:37.472  1369  1839 I OMXMaster: makeComponentInstance(OMX.google.vorbis.decoder) in mediacodec process
02-20 19:41:37.474  1677  1677 I Telecom : SystemStateProvider: Registering car mode receiver: android.content.IntentFilter@6d27068: TS.init@AAA
02-20 19:41:37.486  1677  1997 I Telecom : Telecom: Non-call EVENT: AUDIO_ROUTE, Entering state QuiescentEarpieceRoute
02-20 19:41:37.507  1372  1372 I MediaPlayerService: MediaPlayerService::getOMX
02-20 19:41:37.507  1677  1999 I OMXClient: MuxOMX ctor
02-20 19:41:37.507  1369  1970 I OMXMaster: makeComponentInstance(OMX.google.vorbis.decoder) in mediacodec process
02-20 19:41:37.508  1677  1998 I Telecom : CallAudioModeStateMachine: Message received: null.: TS.init->CAMSM.pM_1@AAA_0
02-20 19:41:37.509  1677  1677 E BluetoothAdapter: Bluetooth binder is null
02-20 19:41:37.509  1677  2000 E ActivityThread: Failed to find provider info for call_log
02-20 19:41:37.522  1677  1677 I Telecom : Class: TelecomSystem.INSTANCE being set
02-20 19:41:37.522  1921  1921 D TDC     : updateOrInsert: inserting: Modem { uuid=modem, state=0, rilModel=0, rat={}, maxActiveVoiceCall=1, maxActiveDataCall=1, maxStandby=1 }
02-20 19:41:37.522  1921  1921 D TDC     : updateOrInsert: inserting: Sim { uuid=sim, modemUuid=modem, state=0 }
02-20 19:41:37.523  1677  1677 E BluetoothAdapter: Bluetooth binder is null
02-20 19:41:37.524  1677  1677 W ContextImpl: Calling a method in the system process without a qualified user: android.app.ContextImpl.startService:1357 com.android.server.content.SyncManager$13.run:658 android.os.Handler.handleCallback:751 android.os.Handler.dispatchMessage:95 android.os.Looper.loop:154 
02-20 19:41:37.541  1921  1921 D CdmaSSM : subscriptionSource from settings: 0
02-20 19:41:37.541  1921  1921 I PhoneFactory: Cdma Subscription set to 0
02-20 19:41:37.546  1677  1735 D WifiConfigManager: Loading config and enabling all networks 
02-20 19:41:37.563  1937  1986 D         : HostConnection::get() New Host Connection established 0x7def77fa0fa0, tid 1986
02-20 19:41:37.564  1937  1986 I OpenGLRenderer: Initialized EGL, version 1.4
02-20 19:41:37.564  1937  1986 D OpenGLRenderer: Swap behavior 1
02-20 19:41:37.565  1921  1921 I PhoneFactory: Network Mode set to 0
02-20 19:41:37.567  1677  1735 W WifiNetworkHistory: Upgrading network 0 to android.uid.system:1000
02-20 19:41:37.568  1677  1735 D WifiConfigManager: loaded 0 passpoint configs
02-20 19:41:37.569  1677  1735 E IpConfigStore: Error parsing configuration: java.io.FileNotFoundException: /data/misc/wifi/ipconfig.txt (No such file or directory)
02-20 19:41:37.581  1937  1986 D EGL_emulation: eglCreateContext: 0x7def77fec6c0: maj 3 min 0 rcv 3
02-20 19:41:37.582  1313  1324 E SurfaceFlinger: ro.sf.lcd_density must be defined as a build property
02-20 19:41:37.588  1773  1773 D         : HostConnection::get() New Host Connection established 0x7def77fcf9c0, tid 1773
02-20 19:41:37.591  1677  1735 D WifiNative-HAL: Setting external_sim to 1
02-20 19:41:37.592  1677  1735 D WifiStateMachine: Setting OUI to DA-A1-19
02-20 19:41:37.594  1921  1921 D RILJ    : RIL(context, preferredNetworkType=0 cdmaSubscription=0)
02-20 19:41:37.596  1921  1921 D RILJ    : Starting RILReceiver0 [SUB0]
02-20 19:41:37.597  1374  1493 I RILC    : libril: new connection to RIL_SOCKET_1
02-20 19:41:37.597  1374  1493 I RILC    : RIL Daemon version: android reference-ril 1.0
02-20 19:41:37.598  1921  2016 I RILJ    : (0) Connected to 'rild' socket
02-20 19:41:37.601  1921  1921 D RILJ    : [3648]> GET_HARDWARE_CONFIG [SUB0]
02-20 19:41:37.601  1921  2016 D RILJ    : [UNSL]< UNSOL_RIL_CONNECTED {12} [SUB0]
02-20 19:41:37.601  1921  2016 D RILJ    : [3649]> RADIO_POWER off [SUB0]
02-20 19:41:37.601  1374  1493 D RIL     : onRequest: GET_HARDWARE_CONFIG
02-20 19:41:37.601  1921  1921 I PhoneFactory: Creating SubscriptionController
02-20 19:41:37.602  1921  2016 D RILJ    : [3650]> RIL_REQUEST_CDMA_SET_SUBSCRIPTION_SOURCE : 0 [SUB0]
02-20 19:41:37.602  1374  1493 D RIL     : onRequest: RADIO_POWER
02-20 19:41:37.602  1921  2016 D RILJ    : setCellInfoListRate: 2147483647 [SUB0]
02-20 19:41:37.602  1921  2016 D RILJ    : [3651]> RIL_REQUEST_SET_CELL_INFO_LIST_RATE [SUB0]
02-20 19:41:37.602  1374  1493 D RIL     : onRequest: CDMA_SET_SUBSCRIPTION_SOURCE
02-20 19:41:37.603  1921  2016 D RILJ    : [UNSL]< UNSOL_RESPONSE_RADIO_STATE_CHANGED RADIO_OFF [SUB0]
02-20 19:41:37.603  1921  2016 D RILJ    : [3652]> SCREEN_STATE: true [SUB0]
02-20 19:41:37.603  1374  1493 D RIL     : onRequest: SET_UNSOL_CELL_INFO_LIST_RATE
02-20 19:41:37.604  1921  2016 D RILJ    : [UNSL]< UNSOL_NITZ_TIME_RECEIVED 18/02/20:19:41:31+0:0:Unknown!Unknown [SUB0]
02-20 19:41:37.611  1374  1493 D RIL     : onRequest: SCREEN_STATE
02-20 19:41:37.612  1921  2016 D RilRequest: [3648]< GET_HARDWARE_CONFIG error: com.android.internal.telephony.CommandException: RADIO_NOT_AVAILABLE ret=
02-20 19:41:37.612  1921  2016 D RILJ    : [3649]< RADIO_POWER  [SUB0]
02-20 19:41:37.612  1921  2016 D RilRequest: [3650]< RIL_REQUEST_CDMA_SET_SUBSCRIPTION_SOURCE error: com.android.internal.telephony.CommandException: RADIO_NOT_AVAILABLE ret=
02-20 19:41:37.612  1921  2016 D RilRequest: [3651]< RIL_REQUEST_SET_CELL_INFO_LIST_RATE error: com.android.internal.telephony.CommandException: RADIO_NOT_AVAILABLE ret=
02-20 19:41:37.613  1921  2016 D RilRequest: [3652]< SCREEN_STATE error: com.android.internal.telephony.CommandException: RADIO_NOT_AVAILABLE ret=
02-20 19:41:37.617  1677  1735 I WifiConnectivityManager: PNO settings: min5GHzRssi -82 min24GHzRssi -85 currentConnectionBonus 16 sameNetworkBonus 24 secureNetworkBonus 80 initialScoreMax 100
02-20 19:41:37.619  1677  1735 I WifiConnectivityManager: ConnectivityScanManager initialized and disabled
02-20 19:41:37.619  1677  1735 I WifiConnectivityManager: setUntrustedConnectionAllowed: allowed=false
02-20 19:41:37.619  1677  1735 E WifiLogger: no ring buffers found
02-20 19:41:37.619  1677  1735 E WifiLogger: Failed to start packet fate monitoring
02-20 19:41:37.620  1921  1921 D SubscriptionController: [SubscriptionController] init by Context
02-20 19:41:37.627  1921  1921 D UiccController: Creating UiccController
02-20 19:41:37.629  1921  1921 D TelephonyTester: register for intent action=com.android.internal.telephony.action_detached
02-20 19:41:37.629  1921  1921 D TelephonyTester: register for intent action=com.android.internal.telephony.action_attached
02-20 19:41:37.634  1677  1735 I WifiConnectivityManager: Set WiFi enabled
02-20 19:41:37.634  1677  1735 I WifiConnectivityManager: scheduleWatchdogTimer
02-20 19:41:37.634  1677  1735 D WifiNative-HAL: Failing getSupportedFeatureset because HAL isn't started
02-20 19:41:37.635  1677  1694 E BatteryStatsService: no controller energy info supplied
02-20 19:41:37.635  1677  1694 E KernelCpuSpeedReader: Failed to read cpu-freq: /sys/devices/system/cpu/cpu0/cpufreq/stats/time_in_state (No such file or directory)
02-20 19:41:37.635  1677  1694 E KernelUidCpuTimeReader: Failed to read uid_cputime: /proc/uid_cputime/show_uid_stat (No such file or directory)
02-20 19:41:37.636  1677  1735 D WifiNative-HAL: Failing getSupportedFeatureset because HAL isn't started
02-20 19:41:37.637  1677  1694 E BatteryStatsService: no controller energy info supplied
02-20 19:41:37.637  1677  1694 E KernelCpuSpeedReader: Failed to read cpu-freq: /sys/devices/system/cpu/cpu0/cpufreq/stats/time_in_state (No such file or directory)
02-20 19:41:37.637  1372  1955 I MediaPlayerService: MediaPlayerService::getOMX
02-20 19:41:37.637  1677  1694 E KernelUidCpuTimeReader: Failed to read uid_cputime: /proc/uid_cputime/show_uid_stat (No such file or directory)
02-20 19:41:37.637  1677  2018 I OMXClient: MuxOMX ctor
02-20 19:41:37.637  1369  1970 I OMXMaster: makeComponentInstance(OMX.google.vorbis.decoder) in mediacodec process
02-20 19:41:37.637  1921  1921 D Phone   : mDoesRilSendMultipleCallRing=true
02-20 19:41:37.638  1921  1921 D Phone   : mCallRingDelay=3000
02-20 19:41:37.642  1921  1921 D RILJ    : [3653]> RIL_REQUEST_START_LCE [SUB0]
02-20 19:41:37.643  1374  1493 D RIL     : onRequest: <unknown request>
02-20 19:41:37.644  1921  2016 D RilRequest: [3653]< RIL_REQUEST_START_LCE error: com.android.internal.telephony.CommandException: RADIO_NOT_AVAILABLE ret=
02-20 19:41:37.653  1921  1921 E RIL_ImsSms: getFormat should never be called from here!
02-20 19:41:37.653  1921  1921 D SMSDispatcher: SMSDispatcher: ctor mSmsCapable=true format=unknown mSmsSendDisabled=false
02-20 19:41:37.653  1921  1921 D RIL_ImsSms: ImsSMSDispatcher created
02-20 19:41:37.654  1921  1921 D SMSDispatcher: SMSDispatcher: ctor mSmsCapable=true format=3gpp2 mSmsSendDisabled=false
02-20 19:41:37.654  1921  1921 D CdmaSMSDispatcher: CdmaSMSDispatcher created
02-20 19:41:37.656  1677  1677 W System  : ClassLoader referenced unknown path: /system/priv-app/FusedLocation/lib/x86_64
02-20 19:41:37.656  1677  1677 D ApplicationLoaders: ignored Vulkan layer search path /system/priv-app/FusedLocation/lib/x86_64:/system/priv-app/FusedLocation/FusedLocation.apk!/lib/x86_64:/system/lib64:/vendor/lib64 for namespace 0x7def86af7240
02-20 19:41:37.666  1773  1773 D StorageNotification: Notifying about private volume: VolumeInfo{private}:
02-20 19:41:37.666  1773  1773 D StorageNotification:     type=PRIVATE diskId=null partGuid=null mountFlags=0 mountUserId=-1 
02-20 19:41:37.666  1773  1773 D StorageNotification:     state=MOUNTED 
02-20 19:41:37.666  1773  1773 D StorageNotification:     fsType=null fsUuid=null fsLabel=null 
02-20 19:41:37.666  1773  1773 D StorageNotification:     path=/data internalPath=null 
02-20 19:41:37.667  1773  1773 D StorageNotification: Notifying about public volume: VolumeInfo{public:253,64}:
02-20 19:41:37.667  1773  1773 D StorageNotification:     type=PUBLIC diskId=disk:253,64 partGuid=null mountFlags=VISIBLE 
02-20 19:41:37.667  1773  1773 D StorageNotification:     mountUserId=0 state=MOUNTED 
02-20 19:41:37.667  1773  1773 D StorageNotification:     fsType=vfat fsUuid=1E12-0B12 fsLabel=SDCARD 
02-20 19:41:37.667  1773  1773 D StorageNotification:     path=/storage/1E12-0B12 internalPath=/mnt/media_rw/1E12-0B12 
02-20 19:41:37.673  1921  1921 D GsmInboundSmsHandler: created InboundSmsHandler
02-20 19:41:37.685  1937  1986 D EGL_emulation: eglMakeCurrent: 0x7def77fec6c0: ver 3 0 (tinfo 0x7def8241f280)
02-20 19:41:37.701  1921  1921 D CdmaInboundSmsHandler: created InboundSmsHandler
02-20 19:41:37.715  1372  1868 I MediaPlayerService: MediaPlayerService::getOMX
02-20 19:41:37.715  1677  2026 I OMXClient: MuxOMX ctor
02-20 19:41:37.716  1921  1921 D SMSDispatcher: SMSDispatcher: ctor mSmsCapable=true format=3gpp mSmsSendDisabled=false
02-20 19:41:37.716  1921  1921 D GsmSMSDispatcher: GsmSMSDispatcher created
02-20 19:41:37.717  1369  1382 I OMXMaster: makeComponentInstance(OMX.google.vorbis.decoder) in mediacodec process
02-20 19:41:37.718  1921  2023 D GsmInboundSmsHandler: StartupState.processMessage:6
02-20 19:41:37.719  1921  2023 D GsmInboundSmsHandler: entering Idle state
02-20 19:41:37.720  1921  2025 D CdmaInboundSmsHandler: StartupState.processMessage:6
02-20 19:41:37.720  1921  2025 D CdmaInboundSmsHandler: entering Idle state
02-20 19:41:37.722  1921  1921 D IccCardProxy: ctor: ci=com.android.internal.telephony.RIL@dffe3f phoneId=0
02-20 19:41:37.722  1921  1921 D CdmaSSM : subscriptionSource from settings: 0
02-20 19:41:37.723  1921  1921 D CdmaSSM : cdmaSSM constructor: 0
02-20 19:41:37.723  1921  1921 D IccCardProxy: update icc_operator_numeric=
02-20 19:41:37.723  1921  1921 D TelephonyManager: setTelephonyProperty: success phoneId=0 property=gsm.sim.operator.numeric value:  propVal=
