02-20 19:41:39.854  1677  1745 I am_proc_start: [0,2184,10002,com.android.providers.calendar,content provider,com.android.providers.calendar/.CalendarProvider2]
02-20 19:41:39.854  1677  1745 I ActivityManager: Start proc 2184:com.android.providers.calendar/u0a2 for content provider com.android.providers.calendar/.CalendarProvider2
02-20 19:41:39.854  1677  1688 W art     : Long monitor contention with owner Binder:1677_6 (2055) at boolean com.android.server.am.ActivityManagerService.finishActivity(android.os.IBinder, int, android.content.Intent, int)(ActivityManagerService.java:4839) waiters=3 in void com.android.server.am.ActivityManagerService.attachApplication(android.app.IApplicationThread) for 278ms
02-20 19:41:39.854  1677  1688 I dvm_lock_sample: [system_server,1,Binder:1677_1,278,ActivityManagerService.java,6669,-,4839,55]
02-20 19:41:39.854  1677  1688 I am_proc_bound: [0,2127,com.google.android.googlequicksearchbox:interactor]
02-20 19:41:39.858  1677  1691 W art     : Long monitor contention with owner Binder:1677_6 (2055) at boolean com.android.server.am.ActivityManagerService.finishActivity(android.os.IBinder, int, android.content.Intent, int)(ActivityManagerService.java:4839) waiters=5 in void com.android.server.am.ActivityManagerService$MainHandler.handleMessage(android.os.Message) for 259ms
02-20 19:41:39.858  1677  1691 I dvm_lock_sample: [system_server,1,ActivityManager,259,ActivityManagerService.java,2294,-,4839,51]
02-20 19:41:39.858  1677  1691 I sysui_count: [window_time_0,7]
02-20 19:41:39.858  2184  2184 W art     : Unexpected CPU variant for X86 using defaults: x86_64
02-20 19:41:39.859  1677  2055 W art     : Long monitor contention with owner Binder:1677_4 (1796) at void com.android.server.am.ActivityManagerService.activityPaused(android.os.IBinder)(ActivityManagerService.java:6916) waiters=8 in boolean com.android.server.am.ActivityManagerService.isUserRunning(int, int) for 153ms
02-20 19:41:39.859  1677  2055 I dvm_lock_sample: [system_server,1,Binder:1677_6,153,ActivityManagerService.java,21741,-,6916,30]
02-20 19:41:39.862  1677  2166 I am_proc_bound: [0,2167,com.google.android.apps.nexuslauncher]
02-20 19:41:39.870  1937  1986 D EGL_emulation: eglMakeCurrent: 0x7def77fec6c0: ver 3 0 (tinfo 0x7def8241f280)
02-20 19:41:39.874  1313  1969 D         : HostConnection::get() New Host Connection established 0x75a5c6e1b960, tid 1969
02-20 19:41:39.907  1677  2166 I am_restart_activity: [0,89887693,53,com.google.android.apps.nexuslauncher/.NexusLauncherActivity]
02-20 19:41:39.913  1677  2182 I am_proc_bound: [0,2184,com.android.providers.calendar]
02-20 19:41:39.932  2167  2167 W System  : ClassLoader referenced unknown path: /system/priv-app/NexusLauncherPrebuilt/lib/x86_64
02-20 19:41:39.935  1921  1921 D DCT     : [0]onDataConnectionDetached: stop polling and notify detached
02-20 19:41:39.935  1921  1921 D DCT     : [0]stopNetStatPoll
02-20 19:41:39.936  1921  1921 D DCT     : [0]notifyDataConnection: reason=dataDetached
02-20 19:41:39.936  1921  1921 D DCT     : [0]isDataAllowed: No - Not attached - SIM not loaded
02-20 19:41:39.958  1921  1921 D DCT     : [0]onRoamingOff
02-20 19:41:39.958  1921  1921 D DCT     : [0]isDataAllowed: No - Not attached - SIM not loaded
02-20 19:41:39.990  2184  2184 W System  : ClassLoader referenced unknown path: /system/priv-app/CalendarProvider/lib/x86_64
02-20 19:41:39.998  1921  1921 D DCT     : [0]setupDataOnConnectableApns: roamingOff hipri:[state=IDLE,enabled=false] mms:[state=IDLE,enabled=false] supl:[state=IDLE,enabled=false] ia:[state=IDLE,enabled=false] fota:[state=IDLE,enabled=false] ims:[state=IDLE,enabled=false] cbs:[state=IDLE,enabled=false] default:[state=IDLE,enabled=false] emergency:[state=IDLE,enabled=false] 
02-20 19:41:39.998  1921  1921 D DCT     : [0]setupDataOnConnectableApns: nwTypeChanged hipri:[state=IDLE,enabled=false] mms:[state=IDLE,enabled=false] supl:[state=IDLE,enabled=false] ia:[state=IDLE,enabled=false] fota:[state=IDLE,enabled=false] ims:[state=IDLE,enabled=false] cbs:[state=IDLE,enabled=false] default:[state=IDLE,enabled=false] emergency:[state=IDLE,enabled=false] 
02-20 19:41:39.998  1921  1921 D SubscriptionInfoUpdater: [Receiver]+
02-20 19:41:39.998  1921  1921 D SubscriptionInfoUpdater: Action: android.intent.action.SIM_STATE_CHANGED
02-20 19:41:39.998  1921  1921 D SubscriptionInfoUpdater: slotId: 0
02-20 19:41:39.998  1921  1921 D SubscriptionInfoUpdater: simStatus: NOT_READY
02-20 19:41:39.999  1921  1921 D SubscriptionInfoUpdater: Ignoring simStatus: NOT_READY
02-20 19:41:39.999  1921  1921 D SubscriptionInfoUpdater: [Receiver]-
02-20 19:41:40.005  1921  1921 D TelephonyNetworkFactory[0]: onSubIdChange -1->-2
02-20 19:41:40.006  1921  1921 D PhoneSwitcherNetworkRequstListener: got request NetworkRequest [ REQUEST id=1, [ Capabilities: INTERNET&NOT_RESTRICTED&TRUSTED&NOT_VPN] ] with score 0
02-20 19:41:40.006  1921  1921 D TelephonyNetworkFactory[0]: got request NetworkRequest [ REQUEST id=1, [ Capabilities: INTERNET&NOT_RESTRICTED&TRUSTED&NOT_VPN] ] with score 0
02-20 19:41:40.016  2167  2167 V Launcher: LauncherAppState inited
02-20 19:41:40.017  1921  1921 D DebugService: DebugService DebugService:
02-20 19:41:40.017  1921  1921 D TelephonyDebugService: TelephonyDebugService()
02-20 19:41:40.022  1773  1773 I OpaLayout: Setting opa enabled to false
02-20 19:41:40.038  1773  1773 I OpaLayout: Setting opa enabled to false
02-20 19:41:40.060  1677  1690 I am_proc_start: [0,2199,10069,com.android.printspooler,service,com.android.printspooler/.model.PrintSpoolerService]
02-20 19:41:40.060  1677  1690 I ActivityManager: Start proc 2199:com.android.printspooler/u0a69 for service com.android.printspooler/.model.PrintSpoolerService
02-20 19:41:40.062  2105  2105 I LoadedApk: No resource references to update in package FFFFFFFFFFFFFFFFFFFFFF
02-20 19:41:40.074  2199  2199 W art     : Unexpected CPU variant for X86 using defaults: x86_64
02-20 19:41:40.087  1677  1747 I am_proc_start: [0,2209,1000,com.android.keychain,service,com.android.keychain/.KeyChainService]
02-20 19:41:40.087  1677  1747 I ActivityManager: Start proc 2209:com.android.keychain/1000 for service com.android.keychain/.KeyChainService
02-20 19:41:40.092  1921  1921 D CarrierConfigLoader: mHandler: 12 phoneId: 0
02-20 19:41:40.093  1921  1921 D RILJ    : [3671]> RIL_REQUEST_QUERY_TTY_MODE [SUB0]
02-20 19:41:40.093  1677  2055 I am_proc_bound: [0,2199,com.android.printspooler]
02-20 19:41:40.098  2209  2209 W art     : Unexpected CPU variant for X86 using defaults: x86_64
02-20 19:41:40.102  1921  1921 D UiccController: Received EVENT_GET_ICC_STATUS_DONE
02-20 19:41:40.102  1921  1921 D UiccCard: 2 applications
02-20 19:41:40.102  1921  1921 D UiccCardApplication: Creating UiccApp: {APPTYPE_SIM,APPSTATE_DETECTED}
02-20 19:41:40.104  1374  1493 D RIL     : onRequest: QUERY_TTY_MODE
02-20 19:41:40.104  1374  1493 D RIL     : Request not supported. Tech: 1
02-20 19:41:40.104  1921  2016 D RilRequest: [3671]< RIL_REQUEST_QUERY_TTY_MODE error: com.android.internal.telephony.CommandException: REQUEST_NOT_SUPPORTED ret=
02-20 19:41:40.106  1677  1796 I am_proc_bound: [0,2209,com.android.keychain]
02-20 19:41:40.121  2209  2209 W System  : ClassLoader referenced unknown path: /system/app/KeyChain/lib/x86_64
02-20 19:41:40.127  1921  1921 W VoiceMailConstants: Can't open /system/etc/voicemail-conf.xml
02-20 19:41:40.127  1921  1921 D SpnOverride: No SPN in OEM image = /oem/telephony/spn-conf.xml Load SPN from system image
02-20 19:41:40.127  1921  1921 W SpnOverride: Can not open /system/etc/spn-conf.xml
02-20 19:41:40.127  1921  1921 D SIMRecords: [SIMRecords] setting0 mMncLength-1
02-20 19:41:40.128  1921  1921 D SIMRecords: [SIMRecords] SIMRecords: onRadioOffOrNotAvailable set 'gsm.sim.operator.numeric' to operator=null
02-20 19:41:39.307     0     0 D ieee80211 phy0: mac80211_hwsim_config (freq=0 idle=1 ps=0 smps=auto)
02-20 19:41:39.307     0     0 D ieee80211 phy0: hwsim hw_scan request
02-20 19:41:39.308     0     0 D ieee80211 phy0: hw scan 2412 MHz
02-20 19:41:39.330     0     0 D ieee80211 phy0: hw scan 2417 MHz
02-20 19:41:39.360     0     0 D ieee80211 phy0: hw scan 2422 MHz
02-20 19:41:39.390     0     0 D ieee80211 phy0: hw scan 2427 MHz
02-20 19:41:39.421     0     0 D ieee80211 phy0: hw scan 2432 MHz
02-20 19:41:39.450     0     0 D ieee80211 phy0: hw scan 2437 MHz
02-20 19:41:40.128  1921  1921 D SIMRecords: [SIMRecords] update icc_operator_numeric=null
02-20 19:41:40.128  1921  1921 D TelephonyManager: setTelephonyProperty: success phoneId=0 property=gsm.sim.operator.numeric value:  propVal=
02-20 19:41:40.129  1677  1735 D WIFI    : Registering NetworkFactory
02-20 19:41:40.129  1677  1735 D WIFI_UT : Registering NetworkFactory
02-20 19:41:40.129  1677  1739 D ConnectivityService: Got NetworkFactory Messenger for WIFI
02-20 19:41:40.129  1677  1739 D ConnectivityService: Got NetworkFactory Messenger for WIFI_UT
02-20 19:41:40.129  1677  1735 D WIFI    : got request NetworkRequest [ REQUEST id=1, [ Capabilities: INTERNET&NOT_RESTRICTED&TRUSTED&NOT_VPN] ] with score 0
02-20 19:41:40.129  1677  1735 I WifiConnectivityManager: Set WiFiConnectivityManager enabled
02-20 19:41:40.132  1921  1921 D TelephonyManager: setTelephonyProperty: success phoneId=0 property=gsm.sim.operator.alpha value:  propVal=
02-20 19:41:40.133  1921  1921 D TelephonyManager: setTelephonyProperty: success phoneId=0 property=gsm.sim.operator.iso-country value:  propVal=
02-20 19:41:40.141  1921  1921 D SIMRecords: [SIMRecords] getOperatorNumeric: IMSI == null
02-20 19:41:40.141  1921  1921 D SIMRecords: [SIMRecords] SIMRecords X ctor this=SimRecords: mDestroyed=false mContext=com.android.phone.PhoneGlobals@a040070 mCi=com.android.internal.telephony.RIL@dffe3f mFh=Handler (com.android.internal.telephony.uicc.SIMFileHandler) {2767fe9} mParentApp=com.android.internal.telephony.uicc.UiccCardApplication@ea3a46e recordsLoadedRegistrants=android.os.RegistrantList@2dab70f mImsiReadyRegistrants=android.os.RegistrantList@f80b39c mRecordsEventsRegistrants=android.os.RegistrantList@72e31a5 mNewSmsRegistrants=android.os.RegistrantList@c69997a mNetworkSelectionModeAutomaticRegistrants=android.os.RegistrantList@415b52b recordsToLoad=0 adnCache=Handler (com.android.internal.telephony.uicc.AdnRecordCache) {4b36d88} recordsRequested=false iccid=null msisdnTag=null voiceMailNum=null voiceMailTag=null voiceMailNum=null newVoiceMailTag=null isVoiceMailFixed=false mImsi=null mncLength=-1 mailboxIndex=0 spn=null mVmConfigcom.android.internal.telephony.uicc.VoiceMailConstants@af54321 mSpnOverride=mSpnOverride callForwardingEnabled=0 spnState=null mCphsInfo=null mCspPlmnEnabled=true efMWIS=null efCPHS_MWI=null mEfCff=null mEfCfis=null getOperatorNumeric=null
02-20 19:41:40.164  1677  1677 I am_proc_start: [0,2232,10067,com.google.android.deskclock,broadcast,com.google.android.deskclock/com.android.deskclock.AlarmInitReceiver]
02-20 19:41:40.164  1677  1677 I ActivityManager: Start proc 2232:com.google.android.deskclock/u0a67 for broadcast com.google.android.deskclock/com.android.deskclock.AlarmInitReceiver
02-20 19:41:40.165  1677  1692 I dvm_lock_sample: [system_server,1,android.ui,36,ActivityManagerService.java,4219,BroadcastQueue.java,760,7]
02-20 19:41:40.165  1677  1735 D WIFI_UT : got request NetworkRequest [ REQUEST id=1, [ Capabilities: INTERNET&NOT_RESTRICTED&TRUSTED&NOT_VPN] ] with score 0
02-20 19:41:40.166  1921  1921 D UiccCardApplication: Creating UiccApp: {APPTYPE_RUIM,APPSTATE_DETECTED}
02-20 19:41:40.166  1921  1921 D RuimRecords: [RuimRecords] setting0 mMncLength-1
02-20 19:41:40.167  1921  1921 D RuimRecords: [RuimRecords] RuimRecords X ctor this=RuimRecords: mDestroyed=false mContext=com.android.phone.PhoneGlobals@a040070 mCi=com.android.internal.telephony.RIL@dffe3f mFh=Handler (com.android.internal.telephony.uicc.RuimFileHandler) {9b87907} mParentApp=com.android.internal.telephony.uicc.UiccCardApplication@ad5da34 recordsLoadedRegistrants=android.os.RegistrantList@dc1f05d mImsiReadyRegistrants=android.os.RegistrantList@7bdddd2 mRecordsEventsRegistrants=android.os.RegistrantList@7d99ea3 mNewSmsRegistrants=android.os.RegistrantList@b1065a0 mNetworkSelectionModeAutomaticRegistrants=android.os.RegistrantList@eb23559 recordsToLoad=0 adnCache=Handler (com.android.internal.telephony.uicc.AdnRecordCache) {9f8051e} recordsRequested=false iccid=null msisdnTag=null voiceMailNum=null voiceMailTag=null voiceMailNum=null newVoiceMailTag=null isVoiceMailFixed=false mImsi=null mncLength=-1 mailboxIndex=0 spn=null m_ota_commitedfalse mMyMobileNumber=xxxx mMin2Min1=null mPrlVersion=null mEFpl=null mEFli=null mCsimSpnDisplayCondition=false mMdn=null mMin=null mHomeSystemId=null mHomeNetworkId=null
02-20 19:41:40.176  1921  1921 D CAT     : CatService: registerForRecordsLoaded slotid=0 instance:Handler (com.android.internal.telephony.cat.CatService) {1123f1b}
02-20 19:41:40.176  1921  1921 D CAT     : CatService: Running CAT service on Slotid: 0. STK app installed:false
02-20 19:41:40.176  1921  1921 D UiccCard: Before privilege rules: null : CARDSTATE_PRESENT
02-20 19:41:40.177  1921  1921 D RILJ    : [3672]> RIL_REQUEST_SIM_OPEN_CHANNEL [SUB0]
02-20 19:41:40.178  1921  1921 E UiccCard: App index 8 is invalid since there are no applications
02-20 19:41:40.178  1921  1921 D UiccCard: update: radioState=RADIO_ON mLastRadioState=RADIO_UNAVAILABLE
02-20 19:41:40.178  1921  1921 D UiccController: Notifying IccChangedRegistrants
02-20 19:41:40.178  1374  1493 D RIL     : onRequest: SIM_OPEN_CHANNEL
02-20 19:41:40.178  1374  1493 D AT      : AT> AT+CCHO=A00000015141434C00
02-20 19:41:40.178  1374  1496 D AT      : AT< 1
02-20 19:41:40.178  1374  1496 D AT      : AT< OK
02-20 19:41:40.178  1921  2016 D RILJ    : [3672]< RIL_REQUEST_SIM_OPEN_CHANNEL  [SUB0]
02-20 19:41:40.199  2232  2232 W art     : Unexpected CPU variant for X86 using defaults: x86_64
02-20 19:41:40.209  1677  1688 I am_proc_start: [0,2241,10014,com.google.process.gapps,content provider,com.google.android.gsf/.gservices.GservicesProvider]
02-20 19:41:40.209  1677  1688 I ActivityManager: Start proc 2241:com.google.process.gapps/u0a14 for content provider com.google.android.gsf/.gservices.GservicesProvider
02-20 19:41:40.216  1921  1921 D GsmCdmaPhone: get phone radio capability fail, no need to change mRadioCapability
02-20 19:41:40.216  1921  1921 D GsmCdmaPhone: EVENT_GET_RADIO_CAPABILITY: phone rc: null
02-20 19:41:40.216  1921  1921 D Phone   : config LCE service failed: com.android.internal.telephony.CommandException: RADIO_NOT_AVAILABLE
02-20 19:41:40.216  1921  1921 D SST     : mDeviceShuttingDown=false, mDesiredPowerState=true, getRadioState=RADIO_ON, mPowerOffDelayNeed=true, mAlarmSwitch=false, mRadioDisabledByCarrier=false
02-20 19:41:40.216  1921  1921 D RILJ    : [3673]> OPERATOR [SUB0]
02-20 19:41:40.217  2184  2184 I CalendarProvider2: Created com.android.providers.calendar.CalendarAlarmManager@20ec16f(com.android.providers.calendar.CalendarProvider2@a125e7c)
02-20 19:41:40.224  1921  1921 D RILJ    : [3674]> DATA_REGISTRATION_STATE [SUB0]
02-20 19:41:40.225  1374  1493 D RIL     : onRequest: OPERATOR
02-20 19:41:40.225  1374  1493 D AT      : AT> AT+COPS=3,0;+COPS?;+COPS=3,1;+COPS?;+COPS=3,2;+COPS?
02-20 19:41:40.225  1374  1496 D AT      : AT< +COPS: 0,0,"Android"
02-20 19:41:40.225  1374  1496 D AT      : AT< +COPS: 0,1,"Android"
02-20 19:41:40.225  1374  1496 D AT      : AT< +COPS: 0,2,"310260"
02-20 19:41:40.225  1374  1496 D AT      : AT< OK
02-20 19:41:40.225  1921  2016 D RILJ    : [3673]< OPERATOR {Android, Android, 310260} [SUB0]
02-20 19:41:40.227  1921  1921 D RILJ    : [3675]> VOICE_REGISTRATION_STATE [SUB0]
02-20 19:41:40.227  1921  1921 D RILJ    : [3676]> QUERY_NETWORK_SELECTION_MODE [SUB0]
02-20 19:41:40.227  1374  1493 D RIL     : onRequest: DATA_REGISTRATION_STATE
02-20 19:41:40.227  1374  1493 D RIL     : requestRegistrationState
02-20 19:41:40.227  1374  1493 D AT      : AT> AT+CGREG?
02-20 19:41:40.228  1374  1496 D AT      : AT< +CGREG: 1,1,"0003","005b","000e"
02-20 19:41:40.228  1374  1496 D AT      : AT< OK
02-20 19:41:40.228  1374  1493 D RIL     : parseRegistrationState. Parsing: +CGREG: 1,1,"0003","005b","000e"
02-20 19:41:40.228  1374  1493 D RIL     : registration state type: 3GPP
02-20 19:41:40.228  1374  1493 D RIL     : onRequest: VOICE_REGISTRATION_STATE
02-20 19:41:40.228  1374  1493 D RIL     : requestRegistrationState
02-20 19:41:40.228  1374  1493 D AT      : AT> AT+CREG?
02-20 19:41:40.228  1374  1496 D AT      : AT< +CREG: 2,1, "0003", "005b"
02-20 19:41:40.228  1374  1496 D AT      : AT< OK
02-20 19:41:40.228  1374  1493 D RIL     : parseRegistrationState. Parsing: +CREG: 2,1, "0003", "005b"
02-20 19:41:40.228  1374  1493 D RIL     : registration state type: 3GPP
02-20 19:41:40.231  1921  1921 D RILJ    : [3677]> GET_CURRENT_CALLS [SUB0]
02-20 19:41:40.231  1374  1493 D RIL     : onRequest: QUERY_NETWORK_SELECTION_MODE
02-20 19:41:40.231  1374  1493 D AT      : AT> AT+COPS?
02-20 19:41:40.231  1374  1496 D AT      : AT< +COPS: 0,2,310260
02-20 19:41:40.231  1374  1496 D AT      : AT< OK
02-20 19:41:40.231  1921  1921 D RILJ    : [3678]> RIL_REQUEST_IMS_REGISTRATION_STATE [SUB0]
02-20 19:41:40.232  1374  1493 D RIL     : onRequest: GET_CURRENT_CALLS
02-20 19:41:40.232  1374  1493 D AT      : AT> AT+CLCC
02-20 19:41:40.232  1374  1496 D AT      : AT< OK
02-20 19:41:40.233  1921  1921 D RILJ    : [3679]> RIL_REQUEST_CDMA_GET_SUBSCRIPTION_SOURCE [SUB0]
02-20 19:41:40.233  1921  2016 D RILJ    : [3674]< DATA_REGISTRATION_STATE {1, 3, 5b, 14, null, null} [SUB0]
02-20 19:41:40.233  1374  1493 D RIL     : onRequest: IMS_REGISTRATION_STATE
02-20 19:41:40.233  1374  1493 D RIL     : IMS_REGISTRATION=0, format=1 
02-20 19:41:40.234  1921  1921 D GsmCdmaPhone: [GsmCdmaPhone] Event EVENT_RADIO_ON Received
02-20 19:41:40.234  1921  1921 D RILJ    : [3680]> RIL_REQUEST_VOICE_RADIO_TECH [SUB0]
02-20 19:41:40.234  1921  2016 D RILJ    : [3675]< VOICE_REGISTRATION_STATE {1, 3, 5b, 0, null, null, null, null, null, null, null, null, null, null, null} [SUB0]
02-20 19:41:40.234  1374  1493 D RIL     : onRequest: CDMA_GET_SUBSCRIPTION_SOURCE
02-20 19:41:40.234  1374  1493 D RIL     : Request not supported. Tech: 1
02-20 19:41:40.234  1921  2016 D RILJ    : [3676]< QUERY_NETWORK_SELECTION_MODE {0} [SUB0]
02-20 19:41:40.234  1921  1921 D UiccController: Received EVENT_ICC_STATUS_CHANGED, calling getIccCardStatus
02-20 19:41:40.234  1921  1921 D RILJ    : [3681]> GET_SIM_STATUS [SUB0]
02-20 19:41:40.234  1921  2016 D RILJ    : [3677]< GET_CURRENT_CALLS {} [SUB0]
02-20 19:41:40.234  1374  1493 D RIL     : onRequest: VOICE_RADIO_TECH
02-20 19:41:40.236  1374  1493 D RIL     : onRequest: GET_SIM_STATUS
02-20 19:41:40.236  1374  1493 D RIL     : getSIMStatus(). sState: 10
02-20 19:41:40.236  1374  1493 D AT      : AT> AT+CPIN?
02-20 19:41:40.236  1374  1496 D AT      : AT< +CPIN: READY
02-20 19:41:40.236  1374  1496 D AT      : AT< OK
02-20 19:41:40.236  1921  1921 D SST     : EVENT_POLL_STATE_NETWORK_SELECTION_MODE
02-20 19:41:40.236  1921  1921 D SST     : EVENT_POLL_STATE_NETWORK_SELECTION_MODE
02-20 19:41:40.237  1677  2182 I am_proc_start: [0,2249,10029,com.google.android.googlequicksearchbox:search,service,com.google.android.googlequicksearchbox/com.google.android.apps.gsa.nowoverlayservice.DrawerOverlayService]
02-20 19:41:40.237  1677  2182 I ActivityManager: Start proc 2249:com.google.android.googlequicksearchbox:search/u0a29 for service com.google.android.googlequicksearchbox/com.google.android.apps.gsa.nowoverlayservice.DrawerOverlayService
02-20 19:41:40.237  1921  2016 D RILJ    : [3678]< RIL_REQUEST_IMS_REGISTRATION_STATE {0, 1} [SUB0]
02-20 19:41:40.237  1921  2016 D RilRequest: [3679]< RIL_REQUEST_CDMA_GET_SUBSCRIPTION_SOURCE error: com.android.internal.telephony.CommandException: REQUEST_NOT_SUPPORTED ret=
02-20 19:41:40.237  1921  2016 D RILJ    : [3680]< RIL_REQUEST_VOICE_RADIO_TECH {11} [SUB0]
02-20 19:41:40.238  1921  2016 D RILJ    : [3681]< GET_SIM_STATUS IccCardState {CARDSTATE_PRESENT,PINSTATE_UNKNOWN,num_apps=2,gsm_id=0{APPTYPE_SIM,APPSTATE_READY},cdma_id=1{APPTYPE_RUIM,APPSTATE_READY},ims_id=8} [SUB0]
02-20 19:41:40.242  1921  1921 D WAP PUSH: Received broadcast android.intent.action.USER_UNLOCKED
02-20 19:41:40.242  1921  1921 D WAP PUSH: Received broadcast android.intent.action.USER_UNLOCKED
02-20 19:41:40.242  1921  1921 D SmsBroadcastUndelivered: Received broadcast android.intent.action.USER_UNLOCKED
02-20 19:41:40.242  1921  1921 D SubscriptionInfoUpdater: [Receiver]+
02-20 19:41:40.242  1921  1921 D SubscriptionInfoUpdater: Action: android.intent.action.USER_UNLOCKED
02-20 19:41:40.242  1921  1921 D SubscriptionInfoUpdater: Broadcasting intent ACTION_SIM_STATE_CHANGED for mCardIndex: 0
02-20 19:41:40.243  1921  1921 D SubscriptionInfoUpdater: [Receiver]-
02-20 19:41:40.243  1921  1921 D CarrierSvcBindHelper: Received android.intent.action.USER_UNLOCKED
02-20 19:41:40.248  2241  2241 W art     : Unexpected CPU variant for X86 using defaults: x86_64
02-20 19:41:40.248  1921  1921 D CarrierSvcBindHelper: No carrier app for: 0
02-20 19:41:40.253  2167  2198 V GridSizeMigrationTask: Workspace migration completed in 37
02-20 19:41:40.254  2249  2249 W art     : Unexpected CPU variant for X86 using defaults: x86
02-20 19:41:40.257  2167  2198 D Launcher.Model: loadWorkspace: loading default favorites
02-20 19:41:40.257  1921  1921 D PhoneSwitcher: evaluating due to netRequest default 0->1 phone[0] 0->-2
02-20 19:41:40.258  1921  1921 D TelephonyNetworkFactory[0]: not acting - isApp=false, isAct=false NetworkRequest [ REQUEST id=1, [ Capabilities: INTERNET&NOT_RESTRICTED&TRUSTED&NOT_VPN] ]
02-20 19:41:40.258  1921  1921 D DCT     : [0]NETWORK_STATE_CHANGED_ACTION: mIsWifiConnected=false
02-20 19:41:40.258  1921  1921 D CAT     : CatService: handleMessage[8]
02-20 19:41:40.258  1921  1921 D CAT     : CatService: MSG_ID_ICC_CHANGED
02-20 19:41:40.258  1921  1921 D CAT     : CatService: New Card State = CARDSTATE_PRESENT Old Card State = CARDSTATE_ABSENT
02-20 19:41:40.258  1921  1921 D RILJ    : [3682]> RIL_REQUEST_REPORT_STK_SERVICE_IS_RUNNING [SUB0]
02-20 19:41:40.258  1921  1921 D GsmCdmaPhone: [GsmCdmaPhone] New Uicc application found. type = APPTYPE_SIM
02-20 19:41:40.259  1921  1921 D GsmSMSDispatcher: GsmSMSDispatcher: subId = -2 slotId = 0
02-20 19:41:40.259  1374  1493 D RIL     : onRequest: REPORT_STK_SERVICE_IS_RUNNING
02-20 19:41:40.259  1374  1493 D RIL     : Request not supported. Tech: 1
02-20 19:41:40.259  1921  1921 D GsmSMSDispatcher: New Uicc application found
02-20 19:41:40.259  1921  1921 D IccCardProxy: Icc changed. Reregestering.
02-20 19:41:40.259  1921  1921 D SST     : New card found
02-20 19:41:40.259  1921  1921 D CAT     : CatService: handleMessage[8]
02-20 19:41:40.259  1921  1921 D CAT     : CatService: MSG_ID_ICC_CHANGED
02-20 19:41:40.259  1921  1921 D CAT     : CatService: New Card State = CARDSTATE_PRESENT Old Card State = CARDSTATE_PRESENT
02-20 19:41:40.259  1921  2016 D RilRequest: [3682]< RIL_REQUEST_REPORT_STK_SERVICE_IS_RUNNING error: com.android.internal.telephony.CommandException: REQUEST_NOT_SUPPORTED ret=
02-20 19:41:40.259  1921  1921 E SST     : error parsing GprsRegistrationState: java.lang.NumberFormatException: null
02-20 19:41:40.259  1921  1921 D SST     : handlPollStateResultMessage: GsmSST setDataRegState=0 regState=1 dataRadioTechnology=14
02-20 19:41:40.259  1921  1921 D SST     : EVENT_POLL_STATE_NETWORK_SELECTION_MODE
02-20 19:41:40.260  1921  1921 D SST     : Poll ServiceState done:  oldSS=[1 1 voice home data home null null null null null null  Unknown Unknown CSS not supported 0 0 RoamInd=0 DefRoamInd=0 EmergOnly=false IsDataRoamingFromRegistration=false IsUsingCarrierAggregation=false] newSS=[0 0 voice home data home Android Android 310260 Android Android 310260  Unknown LTE CSS not supported -1 -1 RoamInd=-1 DefRoamInd=-1 EmergOnly=false IsDataRoamingFromRegistration=false IsUsingCarrierAggregation=false] oldMaxDataCalls=1 mNewMaxDataCalls=1 oldReasonDataDenied=-1 mNewReasonDataDenied=-1
02-20 19:41:40.260  1921  1921 I gsm_service_state_change: [1,1,0,0]
02-20 19:41:40.260  1921  1921 D TelephonyManager: setTelephonyProperty: success phoneId=0 property=gsm.network.type value: LTE propVal=LTE
02-20 19:41:40.262  1921  2257 E WAP PUSH: bindService() for wappush manager failed
02-20 19:41:40.263  2167  2167 I am_on_resume_called: [0,com.google.android.apps.nexuslauncher.NexusLauncherActivity,LAUNCH_ACTIVITY]
02-20 19:41:40.263  1921  1921 D SST     : pollStateDone: registering current mNitzUpdatedTime=true changing to false
02-20 19:41:40.263  1921  1921 D SIMRecords: [SIMRecords] getServiceProviderName: no brandOverride, providerName=null
02-20 19:41:40.263  1921  1921 D SIMRecords: [SIMRecords] getServiceProviderName: no brandOverride, providerName=null
02-20 19:41:40.265  1921  1921 D SST     : updateSpnDisplay: changed sending intent rule=2 showPlmn='true' plmn='Android' showSpn='false' spn='null' dataSpn='null' subId='-2'
02-20 19:41:40.266  1921  2259 E WAP PUSH: bindService() for wappush manager failed
02-20 19:41:40.266  1313  1361 E SurfaceFlinger: ro.sf.lcd_density must be defined as a build property
02-20 19:41:40.266  1921  2261 D SmsBroadcastUndelivered: scanning raw table for undelivered messages
02-20 19:41:40.268  1921  1921 D SubscriptionController: [setPlmnSpn] No valid subscription to store info
02-20 19:41:40.271  1921  1921 D SubscriptionController: notifySubscriptionInfoChanged:
02-20 19:41:40.271  1677  2181 D TelephonyRegistry: notifySubscriptionInfoChanged: first invocation mRecords.size=16
02-20 19:41:40.272  1677  1677 I GnssLocationProvider: WakeLock acquired by sendMessage(12, 0, null)
02-20 19:41:40.273  1921  1933 D SubscriptionController: [getActiveSubInfoList] Sub Controller not ready
02-20 19:41:40.274  2167  2167 D         : HostConnection::get() New Host Connection established 0x7def75e4d7e0, tid 2167
02-20 19:41:40.276  1677  1882 I am_proc_bound: [0,2232,com.google.android.deskclock]
02-20 19:41:40.277  1921  1921 D TelephonyManager: setTelephonyProperty: success phoneId=0 property=gsm.operator.alpha value: Android propVal=Android
02-20 19:41:40.277  1921  1921 D TelephonyManager: setTelephonyProperty: success phoneId=0 property=gsm.operator.numeric value: 310260 propVal=310260
02-20 19:41:40.277  1921  1921 D SST     : update mccmnc=310260 fromServiceState=true
02-20 19:41:40.278  1921  1921 D MccTable: updateMccMncConfiguration mccmnc='310260' fromServiceState=true
02-20 19:41:40.280  1773  1773 E BluetoothAdapter: Bluetooth binder is null
02-20 19:41:40.280  1921  1921 D SubscriptionController: [getPhoneId]- no sims, returning default phoneId=2147483647
02-20 19:41:40.283  1921  1921 D MccTable: updateMccMncConfiguration defaultMccMnc=
02-20 19:41:40.283  1921  1921 D MccTable: updateMccMncConfiguration: mcc=310, mnc=260
02-20 19:41:40.283  1921  1921 D MccTable: WIFI_COUNTRY_CODE set to us
02-20 19:41:40.286  1677  1689 I am_proc_bound: [0,2249,com.google.android.googlequicksearchbox:search]
02-20 19:41:40.293  1773  1773 I CameraManagerGlobal: Connecting to camera service
02-20 19:41:40.294  1365  1365 V EmulatedCamera_Camera: getCameraInfo
02-20 19:41:40.294  1365  1365 V EmulatedCamera_BaseCamera: getCameraInfo
02-20 19:41:40.294  1365  1365 I CameraService: getCameraCharacteristics: Switching to HAL1 shim implementation...
02-20 19:41:40.294  1365  1365 V EmulatedCamera_Camera: getCameraInfo
02-20 19:41:40.294  1365  1365 V EmulatedCamera_BaseCamera: getCameraInfo
02-20 19:41:40.294  1365  1365 I CameraService: CameraService::connect call (PID -1 "cameraserver", camera ID 0) for HAL version default and Camera API version 1
02-20 19:41:40.295  1365  1365 E CameraService: getCameraPriorityFromProcState: Received invalid process state -1 from ActivityManagerService!
02-20 19:41:40.295  1365  1365 V EmulatedCamera_Camera: getCameraInfo
02-20 19:41:40.295  1365  1365 V EmulatedCamera_BaseCamera: getCameraInfo
02-20 19:41:39.481     0     0 D ieee80211 phy0: hw scan 2442 MHz
02-20 19:41:39.510     0     0 D ieee80211 phy0: hw scan 2447 MHz
02-20 19:41:39.542     0     0 D ieee80211 phy0: hw scan 2452 MHz
02-20 19:41:39.570     0     0 D ieee80211 phy0: hw scan 2457 MHz
02-20 19:41:40.315  1677  2055 I am_proc_bound: [0,2241,com.google.process.gapps]
02-20 19:41:40.319  1677  2055 I WifiService: WifiService trying to set country code to us with persist set to false
02-20 19:41:40.320  1677  2055 D WifiCountryCode: Succeeded to set country code to: US
02-20 19:41:40.320  1921  1921 D TelephonyManager: setTelephonyProperty: success phoneId=0 property=gsm.operator.iso-country value: us propVal=us
02-20 19:41:40.341  1921  1921 D SST     : pollStateDone: there are 6 unique offsets for iso-cc='us testOneUniqueOffsetPath=false', do nothing
02-20 19:41:40.343  1372  2290 E WVMExtractor: Failed to open libwvm.so: dlopen failed: library "libwvm.so" not found
02-20 19:41:40.345  1921  1921 D SST     : shouldFixTimeZoneNow: retVal=true iccCardExist=true operatorNumeric=310260 mcc=310 prevOperatorNumeric= prevMcc=311 needToFixTimeZone=false ltod=02-20 19:41:40.342
02-20 19:41:40.345  1921  1921 D SST     : fixTimeZone zoneName='GMT' mZoneOffset=0 mZoneDst=false iso-cc='us' iso-cc-idx=-21
02-20 19:41:40.345  1921  1921 D SST     : fixTimeZone: using default TimeZone
02-20 19:41:40.345  1921  1921 D SST     : fixTimeZone: zone != null zone.getID=GMT
02-20 19:41:40.345  1921  1921 D SST     : setAndBroadcastNetworkSetTimeZone: setTimeZone=GMT
02-20 19:41:40.346  1677  2166 D AlarmManagerService: Kernel timezone updated to 0 minutes west of GMT
02-20 19:41:40.353  1921  1921 D SST     : setAndBroadcastNetworkSetTimeZone: call alarm.setTimeZone and broadcast zoneId=GMT
02-20 19:41:40.353  1921  1921 D TelephonyManager: setTelephonyProperty: success phoneId=0 property=gsm.operator.isroaming value: false propVal=false
02-20 19:41:40.357  1921  1921 D SST     : Broadcasting ServiceState : 0 0 voice home data home Android Android 310260 Android Android 310260  Unknown LTE CSS not supported -1 -1 RoamInd=-1 DefRoamInd=-1 EmergOnly=false IsDataRoamingFromRegistration=false IsUsingCarrierAggregation=false
02-20 19:41:40.357  1921  1921 D DefaultPhoneNotifier: nofityServiceState: mRegistry=com.android.internal.telephony.ITelephonyRegistry$Stub$Proxy@f7199f6 ss=0 0 voice home data home Android Android 310260 Android Android 310260  Unknown LTE CSS not supported -1 -1 RoamInd=-1 DefRoamInd=-1 EmergOnly=false IsDataRoamingFromRegistration=false IsUsingCarrierAggregation=false sender=Handler (com.android.internal.telephony.GsmCdmaPhone) {295061a} phondId=0 subId=-2
02-20 19:41:40.363  1921  1921 D SubscriptionController: [getSlotId]- subId invalid
02-20 19:41:40.365  1677  2182 D TelephonyManager: getSimState: default sim:-1, sim state for slotIdx=0 is 6, return state as unknown
02-20 19:41:40.368  1372  2284 D NuPlayerDriver: notifyListener_l(0xf36291a0), (1, 0, 0), loop setting(0, 0)
02-20 19:41:40.369  1921  1921 D SST     : notifyDataRegStateRilRadioTechnologyChanged: drs=0 rat=14
02-20 19:41:40.369  1921  1921 D TelephonyManager: setTelephonyProperty: success phoneId=0 property=gsm.network.type value: LTE propVal=LTE
02-20 19:41:40.369  1921  1921 D DCT     : [0]get all active apn types
02-20 19:41:40.369  1921  1921 D SST     : getCellLocation(): X good mCellLoc=[3,91,-1]
02-20 19:41:40.370  1677  1778 D TelephonyRegistry: notifyCellLocationForSubscriber: subId=-2 cellLocation=Bundle[mParcelledData.dataSize=64]
02-20 19:41:40.370  1921  1921 D GsmCdmaCallTracker: Event EVENT_POLL_CALLS_RESULT Received
02-20 19:41:40.370  1921  1921 D GsmCdmaCallTracker: [GsmCdmaCallTracker] update phone state, old=IDLE new=IDLE
02-20 19:41:40.370  1921  1921 D RIL_ImsSms: IMS is NOT registered!
02-20 19:41:40.370  1921  1921 D CdmaSSM : CDMA_SUBSCRIPTION_SOURCE event = 2
02-20 19:41:40.370  1921  1921 W CdmaSSM : Unable to get CDMA Subscription Source, Exception: com.android.internal.telephony.CommandException: REQUEST_NOT_SUPPORTED, result: null
02-20 19:41:40.370  1921  1921 D GsmCdmaPhone: [GsmCdmaPhone] EVENT_REQUEST_VOICE_RADIO_TECH_DONE: newVoiceTech=11
02-20 19:41:40.370  1921  1921 D GsmCdmaPhone: [GsmCdmaPhone] phoneObjectUpdater: newVoiceRadioTech=11
02-20 19:41:40.370  1921  1921 D GsmCdmaPhone: [GsmCdmaPhone] phoneObjectUpdater: No change ignore, newVoiceRadioTech=11 mActivePhone=GSM
02-20 19:41:40.370  1921  1921 D UiccController: Received EVENT_GET_ICC_STATUS_DONE
02-20 19:41:40.370  1921  1921 D UiccCard: 2 applications
02-20 19:41:40.370  1921  1921 D UiccCardApplication: APPTYPE_SIM update. New {APPTYPE_SIM,APPSTATE_READY}
02-20 19:41:40.370  1921  1921 D UiccCardApplication: APPTYPE_SIM changed state: APPSTATE_DETECTED -> APPSTATE_READY
02-20 19:41:40.370  1921  1921 D RILJ    : [3683]> QUERY_FACILITY_LOCK [FD 7 null] [SUB0]
02-20 19:41:40.370  1374  1493 D RIL     : onRequest: QUERY_FACILITY_LOCK
02-20 19:41:40.370  1374  1493 D RIL     : Request not supported. Tech: 1
02-20 19:41:40.371  1921  2016 D RilRequest: [3683]< QUERY_FACILITY_LOCK error: com.android.internal.telephony.CommandException: REQUEST_NOT_SUPPORTED ret=
02-20 19:41:40.371  1921  1921 D RILJ    : [3684]> QUERY_FACILITY_LOCK [SC 7 null] [SUB0]
02-20 19:41:40.371  1374  1493 D RIL     : onRequest: QUERY_FACILITY_LOCK
02-20 19:41:40.371  1374  1493 D RIL     : Request not supported. Tech: 1
02-20 19:41:40.371  1921  2016 D RilRequest: [3684]< QUERY_FACILITY_LOCK error: com.android.internal.telephony.CommandException: REQUEST_NOT_SUPPORTED ret=
02-20 19:41:40.371  1921  1921 D UiccCardApplication: Notifying registrants: READY
02-20 19:41:40.371  1921  1921 D UiccCardApplication: APPTYPE_RUIM update. New {APPTYPE_RUIM,APPSTATE_READY}
02-20 19:41:40.371  1921  1921 D UiccCardApplication: APPTYPE_RUIM changed state: APPSTATE_DETECTED -> APPSTATE_READY
02-20 19:41:40.372  1921  1921 D RILJ    : [3685]> QUERY_FACILITY_LOCK [FD 7 null] [SUB0]
02-20 19:41:40.372  1374  1493 D RIL     : onRequest: QUERY_FACILITY_LOCK
02-20 19:41:40.372  1374  1493 D RIL     : Request not supported. Tech: 1
02-20 19:41:40.372  1921  2016 D RilRequest: [3685]< QUERY_FACILITY_LOCK error: com.android.internal.telephony.CommandException: REQUEST_NOT_SUPPORTED ret=
02-20 19:41:40.372  1921  1921 D RILJ    : [3686]> QUERY_FACILITY_LOCK [SC 7 null] [SUB0]
02-20 19:41:40.373  1374  1493 D RIL     : onRequest: QUERY_FACILITY_LOCK
02-20 19:41:40.373  1374  1493 D RIL     : Request not supported. Tech: 1
02-20 19:41:40.373  1921  2016 D RilRequest: [3686]< QUERY_FACILITY_LOCK error: com.android.internal.telephony.CommandException: REQUEST_NOT_SUPPORTED ret=
02-20 19:41:40.373  1921  1921 D UiccCardApplication: Notifying registrants: READY
02-20 19:41:40.373  1921  1921 D UiccCard: Before privilege rules: Handler (com.android.internal.telephony.uicc.UiccCarrierPrivilegeRules) {a8bb1f7} : CARDSTATE_PRESENT
02-20 19:41:40.373  1921  1921 E UiccCard: App index 8 is invalid since there are no applications
02-20 19:41:40.373  1921  1921 D UiccCard: update: radioState=RADIO_ON mLastRadioState=RADIO_ON
02-20 19:41:40.373  1921  1921 D UiccController: Notifying IccChangedRegistrants
02-20 19:41:40.373  1921  1921 D SubscriptionInfoUpdater: [Receiver]+
02-20 19:41:40.373  1921  1921 D SubscriptionInfoUpdater: Action: android.intent.action.SIM_STATE_CHANGED
02-20 19:41:40.373  1921  1921 D SubscriptionInfoUpdater: slotId: 0
02-20 19:41:40.373  1921  1921 D SubscriptionInfoUpdater: simStatus: NOT_READY
02-20 19:41:40.373  1921  1921 D SubscriptionInfoUpdater: Ignoring simStatus: NOT_READY
02-20 19:41:40.373  1921  1921 D SubscriptionInfoUpdater: [Receiver]-
02-20 19:41:40.379  2241  2241 I art     : Starting a blocking GC AddRemoveAppImageSpace
02-20 19:41:40.380  2241  2241 W System  : ClassLoader referenced unknown path: /system/priv-app/GoogleServicesFramework/lib/x86_64
02-20 19:41:40.385  1372  2294 D NuPlayerDriver: notifyListener_l(0xf1e124e0), (1, 0, 0), loop setting(0, 0)
02-20 19:41:40.385  1921  1921 D RILJ    : [3687]> RIL_REQUEST_SIM_TRANSMIT_APDU_CHANNEL [SUB0]
02-20 19:41:40.387  1374  1493 D RIL     : onRequest: SIM_TRANSMIT_APDU_CHANNEL
02-20 19:41:40.387  1374  1493 D AT      : AT> AT+CGLA=1,10,80caff4000
02-20 19:41:40.388  1374  1496 D AT      : AT< +CGLA: 144,0,FF403eE23cE12eC11461ed377e85d386a8dfee6b864bd85b0bfaa5af81CA16616e64726f69642e636172726965726170692e637473E30aDB080000000000000000
02-20 19:41:40.388  1374  1496 D AT      : AT< OK
02-20 19:41:40.388  1921  2016 D RILJ    : [3687]< RIL_REQUEST_SIM_TRANSMIT_APDU_CHANNEL  [SUB0]
02-20 19:41:40.390  1921  1921 D GsmCdmaPhone: [GsmCdmaPhone] Event EVENT_REGISTERED_TO_NETWORK Received
02-20 19:41:40.394  1921  1921 D SST     : SubscriptionListener.onSubscriptionInfoChanged
02-20 19:41:40.394  1921  1921 E Phone   : getStoredVoiceMessageCount: invalid subId -2
02-20 19:41:40.394  1921  1921 D GsmCdmaPhone: [GsmCdmaPhone] updateVoiceMail countVoiceMessages = 0 subId -2
02-20 19:41:40.394  1921  1921 E Phone   : setVoiceMessageCount in sharedPreference: invalid subId -2
02-20 19:41:40.397  1921  1921 D DCT     : [0]SubscriptionListener.onSubscriptionInfoChanged
02-20 19:41:40.398  1921  1921 D SubscriptionController: [getActiveSubInfoList] Sub Controller not ready
02-20 19:41:40.399  1921  1921 D SubscriptionController: [getActiveSubInfoList] Sub Controller not ready
02-20 19:41:40.400  1921  1921 E PhoneInterfaceManager: [PhoneIntfMgr] getIccId: No UICC
02-20 19:41:40.400  1921  2261 D SmsBroadcastUndelivered: finished scanning raw table in 134 ms
02-20 19:41:40.408  1677  2099 I BackupManagerService: Found stale backup journal, scheduling
02-20 19:41:40.413  1372  2298 D NuPlayerDriver: notifyListener_l(0xf3629020), (1, 0, 0), loop setting(0, 0)
02-20 19:41:40.420  2167  2265 D         : HostConnection::get() New Host Connection established 0x7def7aa1d840, tid 2265
02-20 19:41:40.421  2232  2232 W System  : ClassLoader referenced unknown path: /system/app/PrebuiltDeskClockGoogle/lib/x86_64
02-20 19:41:39.600     0     0 D ieee80211 phy0: hw scan 2462 MHz
02-20 19:41:40.467  1365  1365 I CameraFlashlight: Opening camera 0
02-20 19:41:40.467  1365  1365 V EmulatedCamera_Camera: getCameraInfo
02-20 19:41:40.467  1365  1365 V EmulatedCamera_BaseCamera: getCameraInfo
02-20 19:41:40.467  1365  1365 V EmulatedCamera_Camera: connectCamera
02-20 19:41:39.642     0     0 D ieee80211 phy0: hw scan 2467 MHz
02-20 19:41:40.467  1365  1365 V EmulatedCamera_FakeDevice: connectDevice
02-20 19:41:40.467  1365  1365 V EmulatedCamera_CallbackNotifier: setCallbacks: 0xed2ade80, 0xed2aded0, 0xed2adff0, 0xed2ae110 (0xecdc3320)
02-20 19:41:40.467  1365  1365 V EmulatedCamera_CallbackNotifier: enableMessage: msg_type = 0xc0d
02-20 19:41:40.467  1365  1365 V EmulatedCamera_CallbackNotifier:     CAMERA_MSG_ERROR
02-20 19:41:40.467  1365  1365 V EmulatedCamera_CallbackNotifier:     CAMERA_MSG_FOCUS
02-20 19:41:40.467  1365  1365 V EmulatedCamera_CallbackNotifier:     CAMERA_MSG_ZOOM
02-20 19:41:40.467  1365  1365 V EmulatedCamera_CallbackNotifier:     CAMERA_MSG_PREVIEW_METADATA
02-20 19:41:40.467  1365  1365 V EmulatedCamera_CallbackNotifier: **** Currently enabled messages:
02-20 19:41:40.467  1365  1365 V EmulatedCamera_CallbackNotifier:     CAMERA_MSG_ERROR
02-20 19:41:40.467  1365  1365 V EmulatedCamera_CallbackNotifier:     CAMERA_MSG_FOCUS
02-20 19:41:40.467  1365  1365 V EmulatedCamera_CallbackNotifier:     CAMERA_MSG_ZOOM
02-20 19:41:40.467  1365  1365 V EmulatedCamera_CallbackNotifier:     CAMERA_MSG_PREVIEW_METADATA
02-20 19:41:40.467  1365  1365 V EmulatedCamera_CallbackNotifier: disableMessage: msg_type = 0xffff
02-20 19:41:40.467  1365  1365 V EmulatedCamera_CallbackNotifier:     CAMERA_MSG_ERROR
02-20 19:41:40.467  1365  1365 V EmulatedCamera_CallbackNotifier:     CAMERA_MSG_SHUTTER
02-20 19:41:40.467  1365  1365 V EmulatedCamera_CallbackNotifier:     CAMERA_MSG_FOCUS
02-20 19:41:40.467  1365  1365 V EmulatedCamera_CallbackNotifier:     CAMERA_MSG_ZOOM
02-20 19:41:40.467  1365  1365 V EmulatedCamera_CallbackNotifier:     CAMERA_MSG_PREVIEW_FRAME
02-20 19:41:40.467  1365  1365 V EmulatedCamera_CallbackNotifier:     CAMERA_MSG_VIDEO_FRAME
02-20 19:41:40.467  1365  1365 V EmulatedCamera_CallbackNotifier:     CAMERA_MSG_POSTVIEW_FRAME
02-20 19:41:40.467  1365  1365 V EmulatedCamera_CallbackNotifier:     CAMERA_MSG_RAW_IMAGE
02-20 19:41:40.467  1365  1365 V EmulatedCamera_CallbackNotifier:     CAMERA_MSG_COMPRESSED_IMAGE
02-20 19:41:40.467  1365  1365 V EmulatedCamera_CallbackNotifier:     CAMERA_MSG_RAW_IMAGE_NOTIFY
02-20 19:41:40.467  1365  1365 V EmulatedCamera_CallbackNotifier:     CAMERA_MSG_PREVIEW_METADATA
02-20 19:41:40.467  1365  1365 V EmulatedCamera_CallbackNotifier: **** Currently enabled messages:
02-20 19:41:40.467  1365  1365 V EmulatedCamera_Preview: setPreviewWindow: current: 0x0 -> new: 0x0
02-20 19:41:40.467  1365  1365 V EmulatedCamera_Camera: doStopPreview
02-20 19:41:40.470  2167  2265 I OpenGLRenderer: Initialized EGL, version 1.4
02-20 19:41:40.470  2167  2265 D OpenGLRenderer: Swap behavior 1
02-20 19:41:40.472  1365  1365 V EmulatedCamera_Camera: cancelPicture
02-20 19:41:40.472  1365  1365 V EmulatedCamera_Camera: releaseCamera
02-20 19:41:40.472  1365  1365 V EmulatedCamera_Camera: doStopPreview
02-20 19:41:40.472  1365  1365 V EmulatedCamera_FakeDevice: disconnectDevice
02-20 19:41:40.472  1365  1365 W EmulatedCamera_Device: Initialize: Emulated camera device is already initialized: mState = 1
02-20 19:41:40.472  1365  1365 D EmulatedCamera_FakeCamera: Initialize: Fake camera is facing back
02-20 19:41:40.472  1365  1365 V EmulatedCamera_Device: initializeWhiteBalanceModes with auto, 1.000000, 1.000000
02-20 19:41:40.472  1365  1365 V EmulatedCamera_Device: initializeWhiteBalanceModes with incandescent, 1.380000, 0.600000
02-20 19:41:40.472  1365  1365 V EmulatedCamera_Device: initializeWhiteBalanceModes with daylight, 1.090000, 0.920000
02-20 19:41:40.472  1365  1365 V EmulatedCamera_Device: initializeWhiteBalanceModes with twilight, 0.920000, 1.220000
02-20 19:41:40.472  1365  1365 V EmulatedCamera_Device: setWhiteBalanceMode with white balance auto
02-20 19:41:40.472  1365  1365 I CameraFlashlight: Destroying camera 0
02-20 19:41:40.472  1365  1365 V EmulatedCamera_Camera: closeCamera
02-20 19:41:40.472  1365  1365 V EmulatedCamera_Camera: doStopPreview
02-20 19:41:40.472  1365  1365 W EmulatedCamera_Device: Initialize: Emulated camera device is already initialized: mState = 1
02-20 19:41:40.472  1365  1365 D EmulatedCamera_FakeCamera: Initialize: Fake camera is facing back
02-20 19:41:40.472  1365  1365 V EmulatedCamera_Device: initializeWhiteBalanceModes with auto, 1.000000, 1.000000
02-20 19:41:40.472  1365  1365 V EmulatedCamera_Device: initializeWhiteBalanceModes with incandescent, 1.380000, 0.600000
02-20 19:41:40.472  1365  1365 V EmulatedCamera_Device: initializeWhiteBalanceModes with daylight, 1.090000, 0.920000
02-20 19:41:40.472  1365  1365 V EmulatedCamera_Device: initializeWhiteBalanceModes with twilight, 0.920000, 1.220000
02-20 19:41:40.472  1365  1365 V EmulatedCamera_Device: setWhiteBalanceMode with white balance auto
02-20 19:41:40.478  1365  1365 I CameraService: disconnect: Disconnected client for camera 0 for PID 1365
02-20 19:41:40.478  1372  1394 D NuPlayerDriver: reset(0xf36291a0) at state 4
02-20 19:41:40.478  1372  1394 D NuPlayerDriver: notifyListener_l(0xf36291a0), (8, 0, 0), loop setting(0, 0)
02-20 19:41:40.478  1372  2284 D NuPlayerDriver: notifyResetComplete(0xf36291a0)
02-20 19:41:40.489  1677  1882 I Telecom : PhoneAccountRegistrar: New phone account registered: [[ ] PhoneAccount: ComponentInfo{com.android.phone/com.android.services.telephony.TelephonyConnectionService}, [e0184adedf913b076626646d3f52c3b49c39ad6d], UserHandle{0} Capabilities: CallProvider MultiUser PlaceEmerg SimSub  Schemes: tel voicemail  Extras: null GroupId: [da39a3ee5e6b4b0d3255bfef95601890afd80709]]: TSI.rPA@AAM
02-20 19:41:40.519  1677  1882 I Telecom : : Sending phone-account registered intent as user: TSI.rPA@AAM
02-20 19:41:40.522  2167  2265 D EGL_emulation: eglCreateContext: 0x7def7aa465a0: maj 3 min 0 rcv 3
02-20 19:41:40.534  1372  1372 D NuPlayerDriver: reset(0xf1e124e0) at state 4
02-20 19:41:40.534  1372  1372 D NuPlayerDriver: notifyListener_l(0xf1e124e0), (8, 0, 0), loop setting(0, 0)
02-20 19:41:40.536  1372  2294 D NuPlayerDriver: notifyResetComplete(0xf1e124e0)
02-20 19:41:40.536  1372  1372 D NuPlayerDriver: reset(0xf3629020) at state 4
02-20 19:41:40.536  1372  1372 D NuPlayerDriver: notifyListener_l(0xf3629020), (8, 0, 0), loop setting(0, 0)
02-20 19:41:40.536  1372  2298 D NuPlayerDriver: notifyResetComplete(0xf3629020)
02-20 19:41:40.537  1365  1708 V EmulatedCamera_Camera: getCameraInfo
02-20 19:41:40.541  1365  1708 V EmulatedCamera_BaseCamera: getCameraInfo
02-20 19:41:40.559  1365  1365 V EmulatedCamera_Camera: getCameraInfo
02-20 19:41:40.571  1365  1365 V EmulatedCamera_BaseCamera: getCameraInfo
02-20 19:41:40.571  1921  1921 I Telephony: AccountEntry: Registered phoneAccount: [[ ] PhoneAccount: ComponentInfo{com.android.phone/com.android.services.telephony.TelephonyConnectionService}, [e0184adedf913b076626646d3f52c3b49c39ad6d], UserHandle{0} Capabilities: CallProvider MultiUser PlaceEmerg SimSub  Schemes: tel voicemail  Extras: null GroupId: [da39a3ee5e6b4b0d3255bfef95601890afd80709]] with handle: ComponentInfo{com.android.phone/com.android.services.telephony.TelephonyConnectionService}, [e0184adedf913b076626646d3f52c3b49c39ad6d], UserHandle{0}
02-20 19:41:40.572  2167  2265 D EGL_emulation: eglMakeCurrent: 0x7def7aa465a0: ver 3 0 (tinfo 0x7def7aa0c600)
02-20 19:41:40.573  1921  1921 I Telephony: PstnIncomingCallNotifier: Registering: Handler (com.android.internal.telephony.GsmCdmaPhone) {295061a}
02-20 19:41:40.590  1921  1921 I Telephony: TelecomAccountRegistry: Unregistering phone account ComponentInfo{com.android.phone/com.android.services.telephony.TelephonyConnectionService}, [e2f7d48dd2b5ca523e7313cf4ba0f6ea830b6281], UserHandle{0}.
02-20 19:41:40.598  1677  1796 I Telecom : : Sending phone-account unregistered intent as user: TSI.uPA@AAU
02-20 19:41:40.601  1921  1921 D DCT     : [0]onDataConnectionAttached
02-20 19:41:40.601  1921  1921 D DCT     : [0]isDataAllowed: No - SIM not loaded
02-20 19:41:39.771     0     0 D ieee80211 phy0: hw scan 2472 MHz
02-20 19:41:40.612  2167  2265 D EGL_emulation: eglMakeCurrent: 0x7def7aa465a0: ver 3 0 (tinfo 0x7def7aa0c600)
02-20 19:41:40.615  2241  2241 I GservicesProvider: Gservices pushing to system: true; secure/global: true
02-20 19:41:40.665  1677  1698 I dvm_lock_sample: [system_server,1,android.display,25,ActivityManagerService.java,3136,-,18551,5]
02-20 19:41:40.666  1677  1698 I am_activity_launch_time: [0,89887693,com.google.android.apps.nexuslauncher/.NexusLauncherActivity,926,926]
02-20 19:41:40.667  1677  1698 I ActivityManager: Displayed com.google.android.apps.nexuslauncher/.NexusLauncherActivity: +926ms
02-20 19:41:40.680  1921  1921 D DCT     : [0]setupDataOnConnectableApns: dataAttached hipri:[state=IDLE,enabled=false] mms:[state=IDLE,enabled=false] supl:[state=IDLE,enabled=false] ia:[state=IDLE,enabled=false] fota:[state=IDLE,enabled=false] ims:[state=IDLE,enabled=false] cbs:[state=IDLE,enabled=false] default:[state=IDLE,enabled=false] emergency:[state=IDLE,enabled=false] 
02-20 19:41:40.680  1921  1921 D DCT     : [0]setupDataOnConnectableApns: nwTypeChanged hipri:[state=IDLE,enabled=false] mms:[state=IDLE,enabled=false] supl:[state=IDLE,enabled=false] ia:[state=IDLE,enabled=false] fota:[state=IDLE,enabled=false] ims:[state=IDLE,enabled=false] cbs:[state=IDLE,enabled=false] default:[state=IDLE,enabled=false] emergency:[state=IDLE,enabled=false] 
02-20 19:41:40.680  1921  1921 D UiccCardApplication: Error in querying facility lock:com.android.internal.telephony.CommandException: REQUEST_NOT_SUPPORTED
02-20 19:41:40.680  1921  1921 D UiccCardApplication: Error in querying facility lock:com.android.internal.telephony.CommandException: REQUEST_NOT_SUPPORTED
02-20 19:41:40.680  1921  1921 D SIMRecords: [SIMRecords] fetchSimRecords 0
02-20 19:41:40.680  1921  1921 D RILJ    : [3688]> getIMSI: GET_IMSI aid: null [SUB0]
02-20 19:41:40.681  1921  1921 D RILJ    : [3689]> iccIO: SIM_IO 0xc0 0x2fe2  path: 3F00,0,0,15 aid: null [SUB0]
02-20 19:41:40.681  1374  1493 D RIL     : onRequest: GET_IMSI
02-20 19:41:40.681  1374  1493 D AT      : AT> AT+CIMI
02-20 19:41:40.682  1374  1496 D AT      : AT< 310260000000000
02-20 19:41:40.682  1374  1496 D AT      : AT< OK
02-20 19:41:40.682  1921  1921 D RILJ    : [3690]> iccIO: SIM_IO 0xc0 0x6f40  path: 3F007F10,0,0,15 aid: null [SUB0]
02-20 19:41:40.682  1374  1493 D RIL     : onRequest: SIM_IO
02-20 19:41:40.682  1374  1493 D AT      : AT> AT+CRSM=192,12258,0,0,15
02-20 19:41:40.682  1921  2016 D RILJ    : [3688]< GET_IMSI  [SUB0]
02-20 19:41:40.682  1374  1496 D AT      : AT< +CRSM: 144,0,0000000a2fe204000fa0aa01020000
02-20 19:41:40.682  1374  1496 D AT      : AT< OK
02-20 19:41:40.682  1921  1921 D RILJ    : [3691]> iccIO: SIM_IO 0xc0 0x6fc9  path: 3F007F20,0,0,15 aid: null [SUB0]
02-20 19:41:40.683  1374  1493 D RIL     : onRequest: SIM_IO
02-20 19:41:40.683  1374  1493 D AT      : AT> AT+CRSM=192,28480,0,0,15
02-20 19:41:40.683  1677  2183 I am_destroy_activity: [0,54425239,1,com.android.settings/.FallbackHome,finish-idle]
02-20 19:41:40.683  1374  1496 D AT      : AT< +CRSM: 144,0,000000806f40040011a0aa01020120
02-20 19:41:40.683  1374  1496 D AT      : AT< OK
02-20 19:41:40.683  1921  1921 D RILJ    : [3692]> iccIO: SIM_IO 0xc0 0x6fad  path: 3F007F20,0,0,15 aid: null [SUB0]
02-20 19:41:40.684  1374  1493 D RIL     : onRequest: SIM_IO
02-20 19:41:40.684  1374  1493 D AT      : AT> AT+CRSM=192,28617,0,0,15
