02-20 19:42:53.075  1678  1727 D VoldConnector: RCV <- {651 public:253,64 7}
02-20 19:42:53.075  1678  1727 D VoldConnector: RCV <- {659 public:253,64}
02-20 19:42:53.075  1678  1727 D VoldConnector: RCV <- {649 disk:253,64}
02-20 19:42:53.075  1678  1727 D VoldConnector: RCV <- {640 disk:253,64 5}
02-20 19:42:53.075  1678  1727 D VoldConnector: RCV <- {641 disk:253,64 536870912}
02-20 19:42:53.075  1678  1727 D VoldConnector: RCV <- {642 disk:253,64 Virtual}
02-20 19:42:53.075  1678  1727 D VoldConnector: RCV <- {644 disk:253,64 /sys//devices/pci0000:00/0000:00:07.0/virtio4/block/vde}
02-20 19:42:53.075  1678  1697 V MountService: Found primary storage at VolumeInfo{emulated}:
02-20 19:42:53.075  1678  1697 V MountService:     type=EMULATED diskId=null partGuid=null mountFlags=0 mountUserId=-1 
02-20 19:42:53.075  1678  1697 V MountService:     state=UNMOUNTED 
02-20 19:42:53.075  1678  1697 V MountService:     fsType=null fsUuid=null fsLabel=null 
02-20 19:42:53.075  1678  1697 V MountService:     path=null internalPath=null 
02-20 19:42:53.112  1678  1752 D AssetAtlas: Rendered atlas in 362.62ms (183.16+179.46ms)
02-20 19:42:53.114  1678  1678 I am_proc_start: [0,1765,10028,com.android.systemui,service,com.android.systemui/.ImageWallpaper]
02-20 19:42:53.114  1678  1678 I ActivityManager: Start proc 1765:com.android.systemui/u0a28 for service com.android.systemui/.ImageWallpaper
02-20 19:42:53.117  1678  1678 D UsbAlsaManager: Adding ALSA device AlsaDevice: [card: 0, device: 0, type: 1]
02-20 19:42:53.117  1678  1678 D UsbAlsaManager: Adding ALSA device AlsaDevice: [card: 0, device: 0, type: 2]
02-20 19:42:53.118  1678  1748 E BluetoothAdapter: Bluetooth binder is null
02-20 19:42:53.124  1765  1765 W art     : Unexpected CPU variant for X86 using defaults: x86_64
02-20 19:42:53.126  1267  1302 V vold    : DISK mbr
02-20 19:42:53.126  1267  1302 V vold    : 
02-20 19:42:53.130  1267  1302 W vold    : disk:253,64 has unknown partition table; trying entire device
02-20 19:42:53.130  1267  1302 V vold    : /system/bin/blkid
02-20 19:42:53.130  1267  1302 V vold    :     -c
02-20 19:42:53.130  1267  1302 V vold    :     /dev/null
02-20 19:42:53.130  1267  1302 V vold    :     -s
02-20 19:42:53.130  1267  1302 V vold    :     TYPE
02-20 19:42:53.130  1267  1302 V vold    :     -s
02-20 19:42:53.130  1267  1302 V vold    :     UUID
02-20 19:42:53.130  1267  1302 V vold    :     -s
02-20 19:42:53.130  1267  1302 V vold    :     LABEL
02-20 19:42:53.130  1267  1302 V vold    :     /dev/block/vold/disk:253,64
02-20 19:42:53.142  1678  1678 I SystemServer: WebViewFactory preparation
02-20 19:42:53.142  1678  1748 E BluetoothAdapter: Bluetooth binder is null
02-20 19:42:53.146  1362  1750 I AudioFlinger: systemReady
02-20 19:42:53.187  1267  1302 V vold    : /dev/block/vold/disk:253,64: LABEL="SDCARD" UUID="1E12-0B12" TYPE="vfat" 
02-20 19:42:53.187  1267  1302 V vold    : 
02-20 19:42:53.187  1678  1727 D VoldConnector: RCV <- {650 public:253,64 0 "disk:253,64" ""}
02-20 19:42:53.187  1678  1727 D VoldConnector: RCV <- {651 public:253,64 0}
02-20 19:42:53.188  1678  1727 D VoldConnector: RCV <- {643 disk:253,64}
02-20 19:42:53.191  1678  1689 I am_proc_bound: [0,1765,com.android.systemui]
02-20 19:42:53.191  1678  1727 D VoldConnector: RCV <- {200 3 Command succeeded}
02-20 19:42:53.191  1678  1726 D VoldConnector: SND -> {4 volume user_added 0 0}
02-20 19:42:53.192  1678  1727 D VoldConnector: RCV <- {200 4 Command succeeded}
02-20 19:42:53.252  1678  1678 D WebViewFactory: Setting new address space to 137955392
02-20 19:42:53.252  1678  1690 I am_proc_bound: [0,1757,com.android.inputmethod.latin]
02-20 19:42:53.254  1678  1726 D VoldConnector: SND -> {5 volume mount emulated 3 -1}
02-20 19:42:53.254  1267  1302 V vold    : Waiting for FUSE to spin up...
02-20 19:42:53.254  1678  1727 D VoldConnector: RCV <- {651 emulated 1}
02-20 19:42:53.256  1678  1727 D VoldConnector: RCV <- {656 emulated /data/media}
02-20 19:42:53.256  1678  1727 D VoldConnector: RCV <- {655 emulated /storage/emulated}
02-20 19:42:53.266  1678  1678 I Zygote  : Process: zygote socket opened, supported ABIS: x86
02-20 19:42:53.322     0     0 D SELinux : initialized (dev fuse, type fuse), uses genfs_contexts
02-20 19:42:53.327     0     0 D SELinux : initialized (dev fuse, type fuse), uses genfs_contexts
02-20 19:42:53.328     0     0 D SELinux : initialized (dev fuse, type fuse), uses genfs_contexts
02-20 19:42:53.269  1361  1361 I art     : Starting a blocking GC Background
02-20 19:42:53.279  1789  1789 W sdcard  : Device explicitly disabled sdcardfs
02-20 19:42:53.305  1267  1302 V vold    : Waiting for FUSE to spin up...
02-20 19:42:53.308  1765  1765 W System  : ClassLoader referenced unknown path: /system/priv-app/SystemUIGoogle/lib/x86_64
02-20 19:42:53.318  1678  1792 E WVMExtractor: Failed to open libwvm.so: dlopen failed: library "libwvm.so" not found
02-20 19:42:53.355  1370  1370 I MediaPlayerService: MediaPlayerService::getOMX
02-20 19:42:53.356  1370  1370 I OMXClient: MuxOMX ctor
02-20 19:42:53.357  1678  1727 D VoldConnector: RCV <- {651 emulated 2}
02-20 19:42:53.357  1678  1727 D VoldConnector: RCV <- {200 5 Command succeeded}
02-20 19:42:53.357  1678  1726 D VoldConnector: SND -> {6 volume mount public:253,64 2 0}
02-20 19:42:53.357  1267  1302 V vold    : /system/bin/blkid
02-20 19:42:53.357  1267  1302 V vold    :     -c
02-20 19:42:53.357  1267  1302 V vold    :     /dev/null
02-20 19:42:53.357  1267  1302 V vold    :     -s
02-20 19:42:53.357  1267  1302 V vold    :     TYPE
02-20 19:42:53.357  1267  1302 V vold    :     -s
02-20 19:42:53.357  1267  1302 V vold    :     UUID
02-20 19:42:53.357  1267  1302 V vold    :     -s
02-20 19:42:53.357  1267  1302 V vold    :     LABEL
02-20 19:42:53.357  1267  1302 V vold    :     /dev/block/vold/public:253,64
02-20 19:42:53.358  1678  1727 D VoldConnector: RCV <- {651 public:253,64 1}
02-20 19:42:53.359  1370  1370 I MediaPlayerService: MediaPlayerService::getOMX
02-20 19:42:53.360  1370  1370 I OMXClient: MuxOMX ctor
02-20 19:42:53.360  1367  1367 I OMXMaster: makeComponentInstance(OMX.google.mp3.decoder) in mediacodec process
02-20 19:42:53.383  1267  1302 V vold    : /dev/block/vold/public:253,64: LABEL="SDCARD" UUID="1E12-0B12" TYPE="vfat" 
02-20 19:42:53.383  1267  1302 V vold    : 
02-20 19:42:53.384  1267  1302 V vold    : /system/bin/fsck_msdos
02-20 19:42:53.384  1267  1302 V vold    :     -p
02-20 19:42:53.384  1267  1302 V vold    :     -f
02-20 19:42:53.384  1267  1302 V vold    :     /dev/block/vold/public:253,64
02-20 19:42:53.384  1678  1727 D VoldConnector: RCV <- {652 public:253,64 vfat}
02-20 19:42:53.384  1678  1727 D VoldConnector: RCV <- {653 public:253,64 1E12-0B12}
02-20 19:42:53.385  1678  1727 D VoldConnector: RCV <- {654 public:253,64 SDCARD}
02-20 19:42:53.385  1678  1678 W ActivityManager: Slow operation: 120ms so far, now at startProcess: returned from zygote!
02-20 19:42:53.385  1678  1678 W ActivityManager: Slow operation: 120ms so far, now at startProcess: done updating battery stats
02-20 19:42:53.385  1678  1678 I am_proc_start: [0,1803,1037,WebViewLoader-x86,,]
02-20 19:42:53.385  1678  1678 W ActivityManager: Slow operation: 120ms so far, now at startProcess: building log message
02-20 19:42:53.385  1678  1678 I ActivityManager: Start proc 1803:WebViewLoader-x86/1037 [android.webkit.WebViewFactory$RelroFileCreator] for 
02-20 19:42:53.385  1678  1678 W ActivityManager: Slow operation: 120ms so far, now at startProcess: starting to update pids map
02-20 19:42:53.385  1678  1678 W ActivityManager: Slow operation: 120ms so far, now at startProcess: done updating pids map
02-20 19:42:53.385  1678  1678 W ActivityManager: Slow operation: 120ms so far, now at startProcess: done starting proc!
02-20 19:42:53.399  1267  1302 I fsck_msdos: ** /dev/block/vold/public:253,64
02-20 19:42:53.399  1370  1370 I MediaPlayerService: MediaPlayerService::getOMX
02-20 19:42:53.399  1267  1302 I fsck_msdos: ** Phase 1 - Read and Compare FATs
02-20 19:42:53.399  1267  1302 I fsck_msdos: Attempting to allocate 1022 KB for FAT
02-20 19:42:53.407  1370  1370 I OMXClient: MuxOMX ctor
02-20 19:42:53.408  1367  1367 I OMXMaster: makeComponentInstance(OMX.google.amrnb.decoder) in mediacodec process
02-20 19:42:53.412  1678  1734 D WifiController: DEFERRED_TOGGLE handled
02-20 19:42:53.413  1371  1675 D SoftapController: Softap fwReload - Ok
02-20 19:42:53.416  1371  1675 D CommandListener: Setting iface cfg
02-20 19:42:53.416  1371  1675 D CommandListener: Trying to bring down wlan0
02-20 19:42:53.417  1678  1678 I am_proc_start: [0,1812,1037,WebViewLoader-x86_64,,]
02-20 19:42:53.417  1678  1678 I ActivityManager: Start proc 1812:WebViewLoader-x86_64/1037 [android.webkit.WebViewFactory$RelroFileCreator] for 
02-20 19:42:53.418  1371  1675 D CommandListener: Clearing all IP addresses on wlan0
02-20 19:42:53.418  1678  1678 D NetworkManagement: enabling bandwidth control
02-20 19:42:53.421  1812  1812 W art     : Unexpected CPU variant for X86 using defaults: x86_64
02-20 19:42:53.435  1803  1803 W art     : Unexpected CPU variant for X86 using defaults: x86
02-20 19:42:53.441  1370  1370 I MediaPlayerService: MediaPlayerService::getOMX
02-20 19:42:53.442  1370  1370 I OMXClient: MuxOMX ctor
02-20 19:42:53.442  1367  1367 I OMXMaster: makeComponentInstance(OMX.google.amrwb.decoder) in mediacodec process
02-20 19:42:53.448  1812  1812 V WebViewFactory: RelroFileCreator (64bit = true),  32-bit lib: /system/app/Chrome/Chrome.apk!/lib/x86/libmonochrome.so, 64-bit lib: /system/app/Chrome/Chrome.apk!/lib/x86_64/libmonochrome.so
02-20 19:42:53.451  1370  1370 I MediaPlayerService: MediaPlayerService::getOMX
02-20 19:42:53.451  1370  1370 I OMXClient: MuxOMX ctor
02-20 19:42:53.452  1367  1367 I OMXMaster: makeComponentInstance(OMX.google.aac.decoder) in mediacodec process
02-20 19:42:53.505  1370  1370 I MediaPlayerService: MediaPlayerService::getOMX
02-20 19:42:53.505  1370  1370 I OMXClient: MuxOMX ctor
02-20 19:42:53.505  1367  1389 I OMXMaster: makeComponentInstance(OMX.google.g711.alaw.decoder) in mediacodec process
02-20 19:42:53.527  1803  1803 V WebViewFactory: RelroFileCreator (64bit = false),  32-bit lib: /system/app/Chrome/Chrome.apk!/lib/x86/libmonochrome.so, 64-bit lib: /system/app/Chrome/Chrome.apk!/lib/x86_64/libmonochrome.so
02-20 19:42:53.543  1267  1302 I fsck_msdos: Attempting to allocate 1022 KB for FAT
02-20 19:42:53.561  1370  1370 I MediaPlayerService: MediaPlayerService::getOMX
02-20 19:42:53.561  1370  1370 I OMXClient: MuxOMX ctor
02-20 19:42:53.561  1367  1841 I OMXMaster: makeComponentInstance(OMX.google.g711.mlaw.decoder) in mediacodec process
02-20 19:42:53.633  1765  1765 V SystemUIService: Starting SystemUI services for user 0.
02-20 19:42:53.639  1757  1757 I LatinIME: Hardware accelerated drawing: true
02-20 19:42:53.641  1370  1370 I MediaPlayerService: MediaPlayerService::getOMX
02-20 19:42:53.641  1370  1370 I OMXClient: MuxOMX ctor
02-20 19:42:53.642  1367  1389 I OMXMaster: makeComponentInstance(OMX.google.vorbis.decoder) in mediacodec process
02-20 19:42:53.652  1267  1302 I fsck_msdos: ** Phase 2 - Check Cluster Chains
02-20 19:42:53.657  1267  1302 I fsck_msdos: ** Phase 3 - Checking Directories
02-20 19:42:53.657  1267  1302 I fsck_msdos: ** Phase 4 - Checking for Lost Files
02-20 19:42:53.657  1267  1302 I fsck_msdos: 27 files, 522176 free (261088 clusters)
02-20 19:42:53.667  1267  1302 I Vold    : Filesystem check completed OK
02-20 19:42:53.667  1678  1727 D VoldConnector: RCV <- {656 public:253,64 /mnt/media_rw/1E12-0B12}
02-20 19:42:53.668  1678  1727 D VoldConnector: RCV <- {655 public:253,64 /storage/1E12-0B12}
02-20 19:42:53.674  1370  1370 I MediaPlayerService: MediaPlayerService::getOMX
02-20 19:42:53.674  1370  1370 I OMXClient: MuxOMX ctor
02-20 19:42:53.674  1367  1367 I OMXMaster: makeComponentInstance(OMX.google.opus.decoder) in mediacodec process
02-20 19:42:53.678     0     0 W FAT-fs (vde): Volume was not properly unmounted. Some data may be corrupt. Please run fsck.
02-20 19:42:53.680     0     0 D SELinux : initialized (dev vde, type vfat), uses genfs_contexts
02-20 19:42:53.682  1267  1302 V vold    : Waiting for FUSE to spin up...
02-20 19:42:53.709  1765  1765 V MediaRouter: Adding route: RouteInfo{ name=Phone, description=null, status=null, category=RouteCategory{ name=null types=ROUTE_TYPE_LIVE_AUDIO ROUTE_TYPE_LIVE_VIDEO  groupable=false }, supportedTypes=ROUTE_TYPE_LIVE_AUDIO ROUTE_TYPE_LIVE_VIDEO , presentationDisplay=null }
02-20 19:42:53.715  1765  1765 V MediaRouter: Updating audio routes: AudioRoutesInfo{ type=SPEAKER }
02-20 19:42:53.715  1765  1765 V MediaRouter: Selecting route: RouteInfo{ name=Phone, description=null, status=null, category=RouteCategory{ name=null types=ROUTE_TYPE_LIVE_AUDIO ROUTE_TYPE_LIVE_VIDEO  groupable=false }, supportedTypes=ROUTE_TYPE_LIVE_AUDIO ROUTE_TYPE_LIVE_VIDEO , presentationDisplay=null }
02-20 19:42:53.728     0     0 D SELinux : initialized (dev fuse, type fuse), uses genfs_contexts
02-20 19:42:53.731     0     0 D SELinux : initialized (dev fuse, type fuse), uses genfs_contexts
02-20 19:42:53.741     0     0 I init    : Starting service 'wpa_supplicant'...
02-20 19:42:53.721  1859  1859 W sdcard  : Device explicitly disabled sdcardfs
02-20 19:42:53.724  1803  1803 I art     : System.exit called, status: 0
02-20 19:42:53.724  1803  1803 I AndroidRuntime: VM exiting with result code 0, cleanup skipped.
02-20 19:42:53.726  1678  1790 D TelephonyRegistry: listen oscl: hasNotifySubscriptionInfoChangedOccurred==false no callback
02-20 19:42:53.729  1678  1735 E WifiMonitor: killSupplicant p2pfalse init.svc.wpa_supplicant=unknown init.svc.p2p_supplicant=unknown
02-20 19:42:53.732  1678  1735 E wifi    : Can not initialize the vendor function pointer table
02-20 19:42:53.732  1678  1735 E WifiNative-HAL: Could not start hal
02-20 19:42:53.732  1678  1735 E WifiStateMachine: Failed to start HAL
02-20 19:42:53.739  1267  1302 V vold    : Waiting for FUSE to spin up...
02-20 19:42:53.743  1678  1735 D WifiMonitor: startMonitoring(wlan0) with mConnected = false
02-20 19:42:53.743  1678  1735 E WifiHW  : Unable to open connection to supplicant on "@android:wpa_wlan0": No such file or directory
02-20 19:42:53.746     0     0 D SELinux : initialized (dev fuse, type fuse), uses genfs_contexts
02-20 19:42:53.790  1678  1727 D VoldConnector: RCV <- {651 public:253,64 2}
02-20 19:42:53.790  1678  1727 D VoldConnector: RCV <- {200 6 Command succeeded}
02-20 19:42:53.798  1370  1370 I MediaPlayerService: MediaPlayerService::getOMX
02-20 19:42:53.799  1370  1370 I OMXClient: MuxOMX ctor
02-20 19:42:53.799  1367  1389 I OMXMaster: makeComponentInstance(OMX.google.raw.decoder) in mediacodec process
02-20 19:42:53.811  1370  1370 I MediaPlayerService: MediaPlayerService::getOMX
02-20 19:42:53.812  1370  1370 I OMXClient: MuxOMX ctor
02-20 19:42:53.812  1367  1389 I OMXMaster: makeComponentInstance(OMX.google.aac.encoder) in mediacodec process
02-20 19:42:53.827  1370  1370 I MediaPlayerService: MediaPlayerService::getOMX
02-20 19:42:53.827  1370  1370 I OMXClient: MuxOMX ctor
02-20 19:42:53.828  1367  1843 I OMXMaster: makeComponentInstance(OMX.google.amrnb.encoder) in mediacodec process
02-20 19:42:53.831  1370  1370 I MediaPlayerService: MediaPlayerService::getOMX
02-20 19:42:53.831  1370  1370 I OMXClient: MuxOMX ctor
02-20 19:42:53.831  1367  1843 I OMXMaster: makeComponentInstance(OMX.google.amrwb.encoder) in mediacodec process
02-20 19:42:53.854  1370  1370 I MediaPlayerService: MediaPlayerService::getOMX
02-20 19:42:53.855  1370  1370 I OMXClient: MuxOMX ctor
02-20 19:42:53.855  1367  1843 I OMXMaster: makeComponentInstance(OMX.google.flac.encoder) in mediacodec process
02-20 19:42:53.860  1757  1757 W InputAttributes: No editor info for this field. Bug?
02-20 19:42:53.865  1812  1812 I art     : System.exit called, status: 0
02-20 19:42:53.865  1812  1812 I AndroidRuntime: VM exiting with result code 0, cleanup skipped.
02-20 19:42:53.881  1868  1868 I wpa_supplicant: Successfully initialized wpa_supplicant
02-20 19:42:53.886  1868  1868 I wpa_supplicant: rfkill: Cannot open RFKILL control device
02-20 19:42:53.888  1678  1678 W NetworkManagement: setDataSaverMode(): already false
02-20 19:42:53.886     0     0 D ieee80211 phy0: mac80211_hwsim_start
02-20 19:42:53.886     0     0 D ieee80211 phy0: mac80211_hwsim_add_interface (type=2 mac_addr=02:00:00:44:55:66)
02-20 19:42:53.886     0     0 D ieee80211 phy0: mac80211_hwsim_bss_info_changed(changed=0xe)
02-20 19:42:53.886     0     0 D ieee80211 phy0: ERP_CTS_PROT: 0
02-20 19:42:53.886     0     0 D ieee80211 phy0: ERP_PREAMBLE: 0
02-20 19:42:53.886     0     0 D ieee80211 phy0: ERP_SLOT: 0
02-20 19:42:53.886     0     0 D ieee80211 phy0: mac80211_hwsim_conf_tx (queue=0 txop=0 cw_min=15 cw_max=1023 aifs=2)
02-20 19:42:53.886     0     0 D ieee80211 phy0: mac80211_hwsim_conf_tx (queue=1 txop=0 cw_min=15 cw_max=1023 aifs=2)
02-20 19:42:53.886     0     0 D ieee80211 phy0: mac80211_hwsim_conf_tx (queue=2 txop=0 cw_min=15 cw_max=1023 aifs=2)
02-20 19:42:53.886     0     0 D ieee80211 phy0: mac80211_hwsim_conf_tx (queue=3 txop=0 cw_min=15 cw_max=1023 aifs=2)
02-20 19:42:53.886     0     0 D ieee80211 phy0: mac80211_hwsim_bss_info_changed(changed=0x2000)
02-20 19:42:53.886     0     0 D ieee80211 phy0: mac80211_hwsim_config (freq=0 idle=0 ps=0 smps=auto)
02-20 19:42:53.886     0     0 D ieee80211 phy0: mac80211_hwsim_configure_filter
02-20 19:42:53.886     0     0 D ieee80211 phy0: mac80211_hwsim_configure_filter
02-20 19:42:53.887     0     0 D ieee80211 phy0: mac80211_hwsim_configure_filter
02-20 19:42:53.887     0     0 I IPv6    : ADDRCONF(NETDEV_UP): wlan0: link is not ready
02-20 19:42:53.889  1868  1868 I wpa_supplicant: nl80211: Could not re-add multicast membership for vendor events: -2 (No such file or directory)
02-20 19:42:53.908  1757  1886 I LatinIME:LogUtils: Dictionary info: dictionary = userunigram.en_US ; version = 1519155773 ; date = ?
02-20 19:42:53.912  1765  1888 E WVMExtractor: Failed to open libwvm.so: dlopen failed: library "libwvm.so" not found
02-20 19:42:53.917  1757  1886 E ActivityThread: Failed to find provider info for user_dictionary
02-20 19:42:53.918  1757  1886 I LatinIME:LogUtils: Dictionary info: dictionary = UserHistoryDictionary.en_US ; version = 1519155773 ; date = ?
02-20 19:42:53.942  1370  1370 I MediaPlayerService: MediaPlayerService::getOMX
02-20 19:42:53.942  1370  1370 I OMXClient: MuxOMX ctor
02-20 19:42:53.942  1367  1843 I OMXMaster: makeComponentInstance(OMX.google.gsm.decoder) in mediacodec process
02-20 19:42:53.961  1868  1868 E wpa_supplicant: global ctrl interface @android:wpa_wlan0 matches ctrl interface wlan0 - do not open per-interface ctrl interface
02-20 19:42:53.963  1678  1693 W WindowManager: Keyguard drawn timeout. Setting mKeyguardDrawComplete
02-20 19:42:53.981  1370  1370 I MediaPlayerService: MediaPlayerService::getOMX
02-20 19:42:53.981  1370  1370 I OMXClient: MuxOMX ctor
02-20 19:42:53.981  1367  1841 I OMXMaster: makeComponentInstance(OMX.google.mpeg4.decoder) in mediacodec process
02-20 19:42:54.040  1678  1678 D NetworkPolicy: setRestrictBackgroundUL(): false
02-20 19:42:54.050  1678  1678 W NetworkManagement: setDataSaverMode(): already false
02-20 19:42:54.054  1367  1367 E OMXNodeInstance: getExtensionIndex(557000f:google.mpeg4.decoder, OMX.google.android.index.configureVideoTunnelMode) ERROR: UnsupportedIndex(0x8000101a)
02-20 19:42:54.054  1367  1843 W OMXNodeInstance: [557000f:google.mpeg4.decoder] component does not support metadata mode; using fallback
02-20 19:42:54.056  1370  1370 I MediaPlayerService: MediaPlayerService::getOMX
02-20 19:42:54.056  1370  1370 I OMXClient: MuxOMX ctor
02-20 19:42:54.056  1367  1389 I OMXMaster: makeComponentInstance(OMX.google.h263.decoder) in mediacodec process
02-20 19:42:54.082  1367  1843 E OMXNodeInstance: getExtensionIndex(5570010:google.h263.decoder, OMX.google.android.index.configureVideoTunnelMode) ERROR: UnsupportedIndex(0x8000101a)
02-20 19:42:54.082  1367  1841 W OMXNodeInstance: [5570010:google.h263.decoder] component does not support metadata mode; using fallback
02-20 19:42:54.082  1370  1370 I MediaPlayerService: MediaPlayerService::getOMX
02-20 19:42:54.082  1370  1370 I OMXClient: MuxOMX ctor
02-20 19:42:54.082  1367  1367 I OMXMaster: makeComponentInstance(OMX.google.h264.decoder) in mediacodec process
02-20 19:42:54.141     0     0 D ieee80211 phy1: mac80211_hwsim_configure_filter
02-20 19:42:54.153  1757  1886 I LatinIME:LogUtils: Dictionary info: dictionary = main:en ; version = 54 ; date = 1414726273
02-20 19:42:54.153  1765  1765 I vol.Events: writeEvent collection_started
02-20 19:42:54.174  1765  1912 I sysui_action: [213,2]
02-20 19:42:54.174  1765  1912 I vol.Events: writeEvent external_ringer_mode_changed normal
02-20 19:42:54.174  1765  1912 I vol.Events: writeEvent internal_ringer_mode_changed normal
02-20 19:42:54.192  1370  1370 W ACodec  : [OMX.google.h264.decoder] stopping checking profiles after 32: 2/8000
02-20 19:42:54.192  1367  1367 E OMXNodeInstance: getExtensionIndex(5570011:google.h264.decoder, OMX.google.android.index.configureVideoTunnelMode) ERROR: UnsupportedIndex(0x8000101a)
02-20 19:42:54.193  1367  1389 W OMXNodeInstance: [5570011:google.h264.decoder] component does not support metadata mode; using fallback
02-20 19:42:54.197  1370  1370 I MediaPlayerService: MediaPlayerService::getOMX
02-20 19:42:54.197  1370  1370 I OMXClient: MuxOMX ctor
02-20 19:42:54.197  1367  1389 I OMXMaster: makeComponentInstance(OMX.google.hevc.decoder) in mediacodec process
02-20 19:42:54.201  1678  1678 I SystemServiceManager: Starting phase 600
02-20 19:42:54.210  1678  1678 D SensorNotificationService: Cannot obtain dynamic meta sensor, not supported.
02-20 19:42:54.213  1678  1678 D TelephonyRegistry: listen oscl: hasNotifySubscriptionInfoChangedOccurred==false no callback
02-20 19:42:54.239  1678  1678 I GnssLocationProvider: WakeLock acquired by sendMessage(13, 0, null)
02-20 19:42:54.240  1678  1691 W GnssLocationProvider: Could not open GPS configuration file /etc/gps.conf
02-20 19:42:54.240  1678  1691 E GnssLocationProvider: no AGPS interface in set_agps_server
02-20 19:42:54.242  1678  1678 W LocationProviderProxy-network: Odd, no component found for service com.android.location.service.v3.NetworkLocationProvider
02-20 19:42:54.248  1678  1691 D TelephonyRegistry: listen oscl: hasNotifySubscriptionInfoChangedOccurred==false no callback
02-20 19:42:54.249  1678  1678 W GeocoderProxy: Odd, no component found for service com.android.location.service.GeocodeProvider
02-20 19:42:54.249  1678  1678 E FlpHardwareProvider: Error hw_get_module 'flp': -2
02-20 19:42:54.249  1678  1678 D LocationManagerService: FLP HAL not supported
02-20 19:42:54.250  1678  1678 W GeofenceProxy: Odd, no component found for service com.android.location.service.GeofenceProvider
02-20 19:42:54.251  1678  1678 E ActivityRecognitionHardware: Error hw_get_module: -2
02-20 19:42:54.251  1678  1678 D LocationManagerService: Hardware Activity-Recognition not supported.
02-20 19:42:54.251  1678  1678 W ActivityRecognitionProxy: Odd, no component found for service com.android.location.service.ActivityRecognitionProvider
02-20 19:42:54.252  1678  1678 I GnssLocationProvider: WakeLock acquired by sendMessage(2, 1, null)
02-20 19:42:54.268  1678  1691 I GnssLocationProvider: WakeLock released by handleMessage(13, 0, null)
02-20 19:42:54.269  1678  1678 I CommonTimeManagementService: No common time service detected on this platform.  Common time services will be unavailable.
02-20 19:42:54.270  1678  1678 D TelephonyRegistry: systemRunning register for intents
02-20 19:42:54.270  1678  1678 I MmsServiceBroker: Delay connecting to MmsService until an API is called
02-20 19:42:54.271  1678  1725 I InputReader: Reconfiguring input devices.  changes=0x00000020
02-20 19:42:54.275  1678  1725 I InputReader: Reconfiguring input devices.  changes=0x00000010
02-20 19:42:54.276  1678  1691 E GnssLocationProvider: no AGPS interface in set_agps_server
02-20 19:42:54.276  1678  1691 I GnssLocationProvider: WakeLock released by handleMessage(2, 1, null)
02-20 19:42:54.283  1367  1367 E OMXNodeInstance: getExtensionIndex(5570012:google.hevc.decoder, OMX.google.android.index.configureVideoTunnelMode) ERROR: UnsupportedIndex(0x8000101a)
02-20 19:42:54.283  1367  1843 W OMXNodeInstance: [5570012:google.hevc.decoder] component does not support metadata mode; using fallback
02-20 19:42:54.292  1370  1370 I MediaPlayerService: MediaPlayerService::getOMX
02-20 19:42:54.293  1370  1370 I OMXClient: MuxOMX ctor
02-20 19:42:54.293  1367  1841 I OMXMaster: makeComponentInstance(OMX.google.vp8.decoder) in mediacodec process
02-20 19:42:54.297  1678  1678 I am_proc_start: [0,1922,1001,com.android.phone,added application,com.android.phone]
02-20 19:42:54.297  1678  1678 I ActivityManager: Start proc 1922:com.android.phone/1001 for added application com.android.phone
02-20 19:42:54.297  1678  1678 I ActivityManager: START u0 {act=android.intent.action.MAIN cat=[android.intent.category.HOME] flg=0x10000100 cmp=com.android.settings/.FallbackHome} from uid 0 on display 0
02-20 19:42:54.298  1678  1678 W System  : ClassLoader referenced unknown path: 
02-20 19:42:54.298  1678  1678 W System  : ClassLoader referenced unknown path: /system/priv-app/Settings/lib/x86_64
02-20 19:42:54.299  1678  1678 D ApplicationLoaders: ignored Vulkan layer search path /system/priv-app/Settings/lib/x86_64:/system/priv-app/Settings/Settings.apk!/lib/x86_64:/system/lib64:/vendor/lib64 for namespace 0x79146ccd6160
02-20 19:42:54.304  1678  1678 I ActivityManager: Loaded persisted task ids for user 0
02-20 19:42:54.305  1678  1678 I am_create_task: [0,1]
02-20 19:42:54.305  1678  1678 I am_create_activity: [0,29206451,1,com.android.settings/.FallbackHome,android.intent.action.MAIN,NULL,NULL,276824320]
02-20 19:42:54.306  1678  1678 I wm_task_created: [1,0]
02-20 19:42:54.307  1678  1678 I wm_task_moved: [1,1,0]
02-20 19:42:54.307  1678  1678 I wm_task_moved: [1,1,0]
02-20 19:42:54.308  1678  1678 I am_focused_activity: [0,com.android.settings/.FallbackHome,startedActivity]
02-20 19:42:54.308  1922  1922 W art     : Unexpected CPU variant for X86 using defaults: x86_64
02-20 19:42:54.320  1678  1678 I am_proc_start: [0,1929,1000,com.android.settings,activity,com.android.settings/.FallbackHome]
02-20 19:42:54.320  1678  1678 I ActivityManager: Start proc 1929:com.android.settings/1000 for activity com.android.settings/.FallbackHome
02-20 19:42:54.322  1678  1678 I SystemServer: Enabled StrictMode for system server main thread.
02-20 19:42:54.324  1678  1678 D ConditionProviders.SCP: onConnected
02-20 19:42:54.324  1678  1678 D ZenLog  : set_zen_mode: off,readXml
02-20 19:42:54.346  1678  1678 D ConditionProviders: Subscribing to condition://android/schedule?days=6.7&start=23.30&end=10.0&exitAtAlarm=false with ComponentInfo{android/com.android.server.notification.ScheduleConditionProvider}
02-20 19:42:54.346  1678  1678 D ZenLog  : subscribe: condition://android/schedule?days=6.7&start=23.30&end=10.0&exitAtAlarm=false,ok
02-20 19:42:54.346  1678  1678 D ConditionProviders: Subscribing to condition://android/event?userId=-10000&calendar=&reply=1 with ComponentInfo{android/com.android.server.notification.EventConditionProvider}
02-20 19:42:54.346  1678  1678 D ZenLog  : subscribe: condition://android/event?userId=-10000&calendar=&reply=1,ok
02-20 19:42:54.346  1678  1678 D ConditionProviders: Subscribing to condition://android/schedule?days=1.2.3.4.5&start=22.0&end=7.0&exitAtAlarm=false with ComponentInfo{android/com.android.server.notification.ScheduleConditionProvider}
02-20 19:42:54.346  1678  1678 D ZenLog  : subscribe: condition://android/schedule?days=1.2.3.4.5&start=22.0&end=7.0&exitAtAlarm=false,ok
02-20 19:42:54.359  1929  1929 W art     : Unexpected CPU variant for X86 using defaults: x86_64
02-20 19:42:54.366  1678  1739 I WifiScanningService: wifi driver unloaded
02-20 19:42:54.366  1678  1678 D RttService: SCAN_AVAILABLE : 1
02-20 19:42:54.366  1678  1740 D RttService: DefaultState got{ when=0 what=160513 target=com.android.internal.util.StateMachine$SmHandler }
02-20 19:42:54.367  1678  1678 D ZenLog  : set_zen_mode: off,cleanUpZenRules
02-20 19:42:54.370  1678  1788 I am_proc_bound: [0,1922,com.android.phone]
02-20 19:42:54.392  1678  1678 W System  : ClassLoader referenced unknown path: /system/priv-app/Telecom/lib/x86_64
02-20 19:42:54.392  1367  1367 E OMXNodeInstance: getExtensionIndex(5570013:google.vp8.decoder, OMX.google.android.index.configureVideoTunnelMode) ERROR: UnsupportedIndex(0x8000101a)
02-20 19:42:54.392  1367  1843 W OMXNodeInstance: [5570013:google.vp8.decoder] component does not support metadata mode; using fallback
02-20 19:42:54.392  1678  1678 D ApplicationLoaders: ignored Vulkan layer search path /system/priv-app/Telecom/lib/x86_64:/system/priv-app/Telecom/Telecom.apk!/lib/x86_64:/system/lib64:/vendor/lib64 for namespace 0x79146ccd61d0
02-20 19:42:54.395  1370  1370 I MediaPlayerService: MediaPlayerService::getOMX
02-20 19:42:54.395  1370  1370 I OMXClient: MuxOMX ctor
02-20 19:42:54.395  1367  1841 I OMXMaster: makeComponentInstance(OMX.google.vp9.decoder) in mediacodec process
02-20 19:42:54.398  1678  1691 W LocationProviderProxy-network: Odd, no component found for service com.android.location.service.v3.NetworkLocationProvider
02-20 19:42:54.398  1678  1691 W GeocoderProxy: Odd, no component found for service com.android.location.service.GeocodeProvider
02-20 19:42:54.398  1678  1691 W GeofenceProxy: Odd, no component found for service com.android.location.service.GeofenceProvider
02-20 19:42:54.398  1678  1691 W ActivityRecognitionProxy: Odd, no component found for service com.android.location.service.ActivityRecognitionProvider
02-20 19:42:54.405  1678  1790 I am_proc_bound: [0,1929,com.android.settings]
02-20 19:42:54.425  1922  1922 W System  : ClassLoader referenced unknown path: /system/priv-app/TeleService/lib/x86_64
02-20 19:42:54.439  1367  1389 E OMXNodeInstance: getExtensionIndex(5570014:google.vp9.decoder, OMX.google.android.index.configureVideoTunnelMode) ERROR: UnsupportedIndex(0x8000101a)
02-20 19:42:54.439  1367  1367 W OMXNodeInstance: [5570014:google.vp9.decoder] component does not support metadata mode; using fallback
02-20 19:42:54.449  1313  1324 D PermissionCache: checking android.permission.READ_FRAME_BUFFER for uid=1000 => granted (185 us)
02-20 19:42:54.449  1313  1324 D gralloc_ranchu: gralloc_alloc: Creating ashmem region of size 17051648
02-20 19:42:54.452  1370  1370 I MediaPlayerService: MediaPlayerService::getOMX
02-20 19:42:54.452  1370  1370 I OMXClient: MuxOMX ctor
02-20 19:42:54.452  1367  1843 I OMXMaster: makeComponentInstance(OMX.google.h263.encoder) in mediacodec process
02-20 19:42:54.478  1367  1843 I SoftMPEG4Encoder: Construct SoftMPEG4Encoder
02-20 19:42:54.479  1370  1370 W ACodec  : do not know color format 0x7f000789 = 2130708361
02-20 19:42:54.480  1367  1367 E OMXNodeInstance: getConfig(5570015:google.h263.encoder, ConfigAndroidIntraRefresh(0x6f60000a)) ERROR: Undefined(0x80001001)
02-20 19:42:54.481  1370  1370 I MediaPlayerService: MediaPlayerService::getOMX
02-20 19:42:54.482  1370  1370 I OMXClient: MuxOMX ctor
02-20 19:42:54.482  1367  1841 I OMXMaster: makeComponentInstance(OMX.google.h264.encoder) in mediacodec process
02-20 19:42:54.520  1370  1370 W ACodec  : do not know color format 0x7f000789 = 2130708361
02-20 19:42:54.522  1370  1370 I MediaPlayerService: MediaPlayerService::getOMX
02-20 19:42:54.522  1370  1370 I OMXClient: MuxOMX ctor
02-20 19:42:54.523  1367  1843 I OMXMaster: makeComponentInstance(OMX.google.mpeg4.encoder) in mediacodec process
02-20 19:42:54.539  1367  1843 I SoftMPEG4Encoder: Construct SoftMPEG4Encoder
02-20 19:42:54.543  1370  1370 W ACodec  : do not know color format 0x7f000789 = 2130708361
02-20 19:42:54.544  1367  1843 E OMXNodeInstance: getConfig(5570017:google.mpeg4.encoder, ConfigAndroidIntraRefresh(0x6f60000a)) ERROR: Undefined(0x80001001)
02-20 19:42:54.553  1678  1790 I am_restart_activity: [0,29206451,1,com.android.settings/.FallbackHome]
02-20 19:42:54.583  1370  1370 I MediaPlayerService: MediaPlayerService::getOMX
02-20 19:42:54.592  1370  1370 I OMXClient: MuxOMX ctor
02-20 19:42:54.593  1367  1841 I OMXMaster: makeComponentInstance(OMX.google.vp8.encoder) in mediacodec process
02-20 19:42:54.603  1922  1922 W System  : ClassLoader referenced unknown path: /system/priv-app/TelephonyProvider/lib/x86_64
02-20 19:42:54.603  1922  1922 D ApplicationLoaders: ignored Vulkan layer search path /system/priv-app/TelephonyProvider/lib/x86_64:/system/lib64:/vendor/lib64 for namespace 0x79146cc6b0f0
02-20 19:42:54.620  1678  1678 E BluetoothAdapter: Bluetooth binder is null
02-20 19:42:54.623  1929  1929 W System  : ClassLoader referenced unknown path: /system/priv-app/Settings/lib/x86_64
02-20 19:42:54.646  1678  1678 I Telecom : SystemStateProvider: Registering car mode receiver: android.content.IntentFilter@805d882: TS.init@AAA
02-20 19:42:54.670  1370  1370 W ACodec  : do not know color format 0x7f000789 = 2130708361
02-20 19:42:54.673  1678  1972 I Telecom : Telecom: Non-call EVENT: AUDIO_ROUTE, Entering state QuiescentEarpieceRoute
02-20 19:42:54.673  1367  1367 E OMXNodeInstance: getConfig(5570018:google.vp8.encoder, ConfigAndroidIntraRefresh(0x6f60000a)) ERROR: Undefined(0x80001001)
02-20 19:42:54.681  1678  1689 I stream_devices_changed: [0,0,2]
02-20 19:42:54.682  1678  1689 I stream_devices_changed: [2,0,2]
02-20 19:42:54.682  1678  1689 I stream_devices_changed: [3,0,2]
02-20 19:42:54.683  1678  1689 I stream_devices_changed: [6,0,2]
02-20 19:42:54.683  1678  1689 I stream_devices_changed: [4,0,2]
02-20 19:42:54.684  1765  1912 I vol.Events: writeEvent level_changed STREAM_ALARM 6
02-20 19:42:54.684  1765  1912 I vol.Events: writeEvent level_changed STREAM_BLUETOOTH_SCO 7
02-20 19:42:54.685  1765  1912 I vol.Events: writeEvent level_changed STREAM_MUSIC 11
02-20 19:42:54.685  1922  1922 D TelephonyProvider: dbh.onOpen: ok, queried table=siminfo
02-20 19:42:54.686  1922  1922 D TelephonyProvider: dbh.onOpen: ok, queried table=carriers
02-20 19:42:54.686  1765  1912 I vol.Events: writeEvent level_changed STREAM_RING 5
02-20 19:42:54.686  1765  1912 I vol.Events: writeEvent level_changed STREAM_SYSTEM 5
02-20 19:42:54.687  1765  1912 I vol.Events: writeEvent level_changed STREAM_VOICE_CALL 4
02-20 19:42:54.690  1370  1370 I MediaPlayerService: MediaPlayerService::getOMX
02-20 19:42:54.690  1370  1370 I OMXClient: MuxOMX ctor
02-20 19:42:54.697  1678  1975 I Telecom : CallAudioModeStateMachine: Message received: null.: TS.init->CAMSM.pM_1@AAA_0
02-20 19:42:54.706  1370  1370 I MediaPlayerService: MediaPlayerService::getOMX
02-20 19:42:54.706  1370  1370 I OMXClient: MuxOMX ctor
02-20 19:42:54.707  1370  1370 W MediaCodecList: unable to open media codecs configuration xml file: /data/misc/media/media_codecs_profiling_results.xml
02-20 19:42:54.708  1370  1894 I MediaPlayerService: MediaPlayerService::getOMX
02-20 19:42:54.708  1370  1894 I MediaPlayerService: MediaPlayerService::getOMX
02-20 19:42:54.709  1678  1801 I OMXClient: MuxOMX ctor
02-20 19:42:54.709  1367  1367 I OMXMaster: makeComponentInstance(OMX.google.vorbis.decoder) in mediacodec process
02-20 19:42:54.720  1765  1890 I OMXClient: MuxOMX ctor
02-20 19:42:54.725  1929  1929 I am_on_resume_called: [0,com.android.settings.FallbackHome,LAUNCH_ACTIVITY]
02-20 19:42:54.748  1678  1735 D WifiConfigManager: Loading config and enabling all networks 
02-20 19:42:54.751  1313  1324 E SurfaceFlinger: ro.sf.lcd_density must be defined as a build property
02-20 19:42:54.752  1678  1735 W WifiNetworkHistory: Upgrading network 0 to android.uid.system:1000
02-20 19:42:54.753  1678  1735 D WifiConfigManager: loaded 0 passpoint configs
02-20 19:42:54.754  1678  1735 E IpConfigStore: Error parsing configuration: java.io.FileNotFoundException: /data/misc/wifi/ipconfig.txt (No such file or directory)
02-20 19:42:54.754  1678  1678 E BluetoothAdapter: Bluetooth binder is null
02-20 19:42:54.754  1678  1980 E ActivityThread: Failed to find provider info for call_log
02-20 19:42:54.775  1678  1735 D WifiNative-HAL: Setting external_sim to 1
02-20 19:42:54.776  1313  1324 E SurfaceFlinger: ro.sf.lcd_density must be defined as a build property
02-20 19:42:54.776  1678  1735 D WifiStateMachine: Setting OUI to DA-A1-19
02-20 19:42:54.783  1367  1389 I OMXMaster: makeComponentInstance(OMX.google.vorbis.decoder) in mediacodec process
02-20 19:42:54.793  1929  1929 D         : HostConnection::get() New Host Connection established 0x79145e1fdc40, tid 1929
02-20 19:42:54.794  1678  1735 I WifiConnectivityManager: PNO settings: min5GHzRssi -82 min24GHzRssi -85 currentConnectionBonus 16 sameNetworkBonus 24 secureNetworkBonus 80 initialScoreMax 100
02-20 19:42:54.794  1678  1735 I WifiConnectivityManager: ConnectivityScanManager initialized and disabled
02-20 19:42:54.794  1678  1735 I WifiConnectivityManager: setUntrustedConnectionAllowed: allowed=false
02-20 19:42:54.794  1678  1735 E WifiLogger: no ring buffers found
02-20 19:42:54.794  1678  1735 E WifiLogger: Failed to start packet fate monitoring
02-20 19:42:54.796  1678  1678 I Telecom : Class: TelecomSystem.INSTANCE being set
02-20 19:42:54.797  1678  1678 E BluetoothAdapter: Bluetooth binder is null
02-20 19:42:54.799  1922  1922 D TDC     : updateOrInsert: inserting: Modem { uuid=modem, state=0, rilModel=0, rat={}, maxActiveVoiceCall=1, maxActiveDataCall=1, maxStandby=1 }
02-20 19:42:54.799  1922  1922 D TDC     : updateOrInsert: inserting: Sim { uuid=sim, modemUuid=modem, state=0 }
02-20 19:42:54.801  1765  1765 D         : HostConnection::get() New Host Connection established 0x79144da5d6c0, tid 1765
02-20 19:42:54.804  1678  1678 W ContextImpl: Calling a method in the system process without a qualified user: android.app.ContextImpl.startService:1357 com.android.server.content.SyncManager$13.run:658 android.os.Handler.handleCallback:751 android.os.Handler.dispatchMessage:95 android.os.Looper.loop:154 
02-20 19:42:54.809  1678  1735 I WifiConnectivityManager: Set WiFi enabled
02-20 19:42:54.809  1678  1735 I WifiConnectivityManager: scheduleWatchdogTimer
02-20 19:42:54.812  1678  1735 D WifiNative-HAL: Failing getSupportedFeatureset because HAL isn't started
02-20 19:42:54.843  1678  1695 E BatteryStatsService: no controller energy info supplied
02-20 19:42:54.845  1678  1695 E KernelCpuSpeedReader: Failed to read cpu-freq: /sys/devices/system/cpu/cpu0/cpufreq/stats/time_in_state (No such file or directory)
02-20 19:42:54.845  1678  1695 E KernelUidCpuTimeReader: Failed to read uid_cputime: /proc/uid_cputime/show_uid_stat (No such file or directory)
02-20 19:42:54.874  1678  1735 D WifiNative-HAL: Failing getSupportedFeatureset because HAL isn't started
02-20 19:42:54.876  1678  1695 E BatteryStatsService: no controller energy info supplied
02-20 19:42:54.877  1678  1695 E KernelCpuSpeedReader: Failed to read cpu-freq: /sys/devices/system/cpu/cpu0/cpufreq/stats/time_in_state (No such file or directory)
02-20 19:42:54.877  1678  1695 E KernelUidCpuTimeReader: Failed to read uid_cputime: /proc/uid_cputime/show_uid_stat (No such file or directory)
02-20 19:42:54.882  1922  1922 D CdmaSSM : subscriptionSource from settings: 0
02-20 19:42:54.882  1922  1922 I PhoneFactory: Cdma Subscription set to 0
02-20 19:42:54.894  1370  1370 I MediaPlayerService: MediaPlayerService::getOMX
02-20 19:42:54.895  1678  1999 I OMXClient: MuxOMX ctor
02-20 19:42:54.896  1367  1389 I OMXMaster: makeComponentInstance(OMX.google.vorbis.decoder) in mediacodec process
02-20 19:42:54.904  1922  1922 I PhoneFactory: Network Mode set to 0
02-20 19:42:54.908  1678  1678 W System  : ClassLoader referenced unknown path: /system/priv-app/FusedLocation/lib/x86_64
02-20 19:42:54.909  1678  1678 D ApplicationLoaders: ignored Vulkan layer search path /system/priv-app/FusedLocation/lib/x86_64:/system/priv-app/FusedLocation/FusedLocation.apk!/lib/x86_64:/system/lib64:/vendor/lib64 for namespace 0x79146ccd6240
02-20 19:42:54.913  1922  1922 D RILJ    : RIL(context, preferredNetworkType=0 cdmaSubscription=0)
02-20 19:42:54.914  1922  1922 D RILJ    : Starting RILReceiver0 [SUB0]
02-20 19:42:54.915  1678  1678 D GpsNetInitiatedHandler: location enabled :true
02-20 19:42:54.915  1678  1678 V WiredAccessoryManager: notifyWiredAccessoryChanged: when=0 bits= mask=54
02-20 19:42:54.915  1678  1678 V WiredAccessoryManager: newName=h2w newState=0 headsetState=0 prev headsetState=0
02-20 19:42:54.915  1678  1678 E WiredAccessoryManager: No state change.
02-20 19:42:54.915  1678  1678 V WiredAccessoryManager: init()
02-20 19:42:54.917  1922  1922 D RILJ    : [3648]> GET_HARDWARE_CONFIG [SUB0]
02-20 19:42:54.917  1765  1765 D StorageNotification: Notifying about private volume: VolumeInfo{private}:
02-20 19:42:54.917  1765  1765 D StorageNotification:     type=PRIVATE diskId=null partGuid=null mountFlags=0 mountUserId=-1 
02-20 19:42:54.917  1765  1765 D StorageNotification:     state=MOUNTED 
02-20 19:42:54.917  1765  1765 D StorageNotification:     fsType=null fsUuid=null fsLabel=null 
02-20 19:42:54.917  1765  1765 D StorageNotification:     path=/data internalPath=null 
02-20 19:42:54.918  1922  1922 D RilRequest: [3648]< GET_HARDWARE_CONFIG error: com.android.internal.telephony.CommandException: RADIO_NOT_AVAILABLE ret=
02-20 19:42:54.918  1922  1922 I PhoneFactory: Creating SubscriptionController
02-20 19:42:54.918  1370  1977 I MediaPlayerService: MediaPlayerService::getOMX
02-20 19:42:54.918  1765  2000 I OMXClient: MuxOMX ctor
02-20 19:42:54.920  1922  1922 D SubscriptionController: [SubscriptionController] init by Context
02-20 19:42:54.920  1372  1467 I RILC    : libril: new connection to RIL_SOCKET_1
02-20 19:42:54.920  1372  1467 I RILC    : RIL Daemon version: android reference-ril 1.0
02-20 19:42:54.921  1922  2002 I RILJ    : (0) Connected to 'rild' socket
02-20 19:42:54.921  1765  1765 D StorageNotification: Notifying about public volume: VolumeInfo{public:253,64}:
02-20 19:42:54.921  1765  1765 D StorageNotification:     type=PUBLIC diskId=disk:253,64 partGuid=null mountFlags=VISIBLE 
02-20 19:42:54.921  1765  1765 D StorageNotification:     mountUserId=0 state=MOUNTED 
02-20 19:42:54.921  1765  1765 D StorageNotification:     fsType=vfat fsUuid=1E12-0B12 fsLabel=SDCARD 
02-20 19:42:54.921  1765  1765 D StorageNotification:     path=/storage/1E12-0B12 internalPath=/mnt/media_rw/1E12-0B12 
02-20 19:42:54.921  1922  2002 D RILJ    : [UNSL]< UNSOL_RIL_CONNECTED {12} [SUB0]
02-20 19:42:54.921  1922  2002 D RILJ    : [3649]> RADIO_POWER off [SUB0]
02-20 19:42:54.922  1372  1467 D RIL     : onRequest: RADIO_POWER
02-20 19:42:54.922  1922  2002 D RILJ    : [3650]> RIL_REQUEST_CDMA_SET_SUBSCRIPTION_SOURCE : 0 [SUB0]
02-20 19:42:54.923  1372  1467 D RIL     : onRequest: CDMA_SET_SUBSCRIPTION_SOURCE
02-20 19:42:54.923  1922  2002 D RILJ    : setCellInfoListRate: 2147483647 [SUB0]
02-20 19:42:54.923  1922  2002 D RILJ    : [3651]> RIL_REQUEST_SET_CELL_INFO_LIST_RATE [SUB0]
02-20 19:42:54.923  1372  1467 D RIL     : onRequest: SET_UNSOL_CELL_INFO_LIST_RATE
02-20 19:42:54.923  1922  2002 D RILJ    : [UNSL]< UNSOL_RESPONSE_RADIO_STATE_CHANGED RADIO_OFF [SUB0]
02-20 19:42:54.924  1922  2002 D RILJ    : [3652]> SCREEN_STATE: true [SUB0]
02-20 19:42:54.924  1372  1467 D RIL     : onRequest: SCREEN_STATE
02-20 19:42:54.925  1922  1922 D UiccController: Creating UiccController
02-20 19:42:54.927  1922  1922 D TelephonyTester: register for intent action=com.android.internal.telephony.action_detached
02-20 19:42:54.927  1922  1922 D TelephonyTester: register for intent action=com.android.internal.telephony.action_attached
02-20 19:42:54.928  1922  2002 D RILJ    : [UNSL]< UNSOL_NITZ_TIME_RECEIVED 18/02/20:19:42:48+0:0:Unknown!Unknown [SUB0]
02-20 19:42:54.928  1922  2002 D RILJ    : [3649]< RADIO_POWER  [SUB0]
02-20 19:42:54.928  1922  2002 D RilRequest: [3650]< RIL_REQUEST_CDMA_SET_SUBSCRIPTION_SOURCE error: com.android.internal.telephony.CommandException: RADIO_NOT_AVAILABLE ret=
02-20 19:42:54.928  1922  2002 D RilRequest: [3651]< RIL_REQUEST_SET_CELL_INFO_LIST_RATE error: com.android.internal.telephony.CommandException: RADIO_NOT_AVAILABLE ret=
02-20 19:42:54.928  1922  2002 D RilRequest: [3652]< SCREEN_STATE error: com.android.internal.telephony.CommandException: RADIO_NOT_AVAILABLE ret=
02-20 19:42:54.942  1367  1843 I OMXMaster: makeComponentInstance(OMX.google.vorbis.decoder) in mediacodec process
02-20 19:42:54.945  1922  1922 D Phone   : mDoesRilSendMultipleCallRing=true
02-20 19:42:54.945  1922  1922 D Phone   : mCallRingDelay=3000
02-20 19:42:54.948  1922  1922 D RILJ    : [3653]> RIL_REQUEST_START_LCE [SUB0]
02-20 19:42:54.949  1372  1467 D RIL     : onRequest: <unknown request>
02-20 19:42:54.949  1922  2002 D RilRequest: [3653]< RIL_REQUEST_START_LCE error: com.android.internal.telephony.CommandException: RADIO_NOT_AVAILABLE ret=
02-20 19:42:54.956  1929  1979 D         : HostConnection::get() New Host Connection established 0x79145e1fdd60, tid 1979
02-20 19:42:54.960  1929  1979 I OpenGLRenderer: Initialized EGL, version 1.4
02-20 19:42:54.960  1929  1979 D OpenGLRenderer: Swap behavior 1
02-20 19:42:54.986  1929  1979 D EGL_emulation: eglCreateContext: 0x79145e1f43e0: maj 3 min 0 rcv 3
02-20 19:42:54.989  1922  1922 E RIL_ImsSms: getFormat should never be called from here!
02-20 19:42:54.989  1922  1922 D SMSDispatcher: SMSDispatcher: ctor mSmsCapable=true format=unknown mSmsSendDisabled=false
02-20 19:42:54.989  1922  1922 D RIL_ImsSms: ImsSMSDispatcher created
02-20 19:42:54.996  1922  1922 D SMSDispatcher: SMSDispatcher: ctor mSmsCapable=true format=3gpp2 mSmsSendDisabled=false
02-20 19:42:54.996  1922  1922 D CdmaSMSDispatcher: CdmaSMSDispatcher created
02-20 19:42:55.026  1922  1922 D GsmInboundSmsHandler: created InboundSmsHandler
02-20 19:42:55.028  1370  1977 I MediaPlayerService: MediaPlayerService::getOMX
02-20 19:42:55.028  1765  2017 I OMXClient: MuxOMX ctor
02-20 19:42:55.028  1367  2007 I OMXMaster: makeComponentInstance(OMX.google.vorbis.decoder) in mediacodec process
02-20 19:42:55.048  1922  1922 D CdmaInboundSmsHandler: created InboundSmsHandler
02-20 19:42:55.048  1370  1398 I MediaPlayerService: MediaPlayerService::getOMX
02-20 19:42:55.048  1678  2018 I OMXClient: MuxOMX ctor
02-20 19:42:55.051  1922  1922 D SMSDispatcher: SMSDispatcher: ctor mSmsCapable=true format=3gpp mSmsSendDisabled=false
02-20 19:42:55.052  1922  1922 D GsmSMSDispatcher: GsmSMSDispatcher created
02-20 19:42:55.052  1929  1979 D EGL_emulation: eglMakeCurrent: 0x79145e1f43e0: ver 3 0 (tinfo 0x79145e1e6c20)
02-20 19:42:55.053  1678  1678 I dvm_lock_sample: [system_server,1,main,36,PhoneWindowManager.java,2002,WindowAnimator.java,144,7]
02-20 19:42:55.056  1922  2016 D GsmInboundSmsHandler: StartupState.processMessage:6
02-20 19:42:55.056  1922  2016 D GsmInboundSmsHandler: entering Idle state
02-20 19:42:55.056  1922  2020 D CdmaInboundSmsHandler: StartupState.processMessage:6
02-20 19:42:55.056  1922  2020 D CdmaInboundSmsHandler: entering Idle state
02-20 19:42:55.060  1678  1678 W VibratorService: Tried to stop vibrating but there is no vibrator device.
02-20 19:42:55.071  1678  1678 D ConditionProviders.SCP: onSubscribe condition://android/schedule?days=6.7&start=23.30&end=10.0&exitAtAlarm=false
02-20 19:42:55.072  1678  1678 D ConditionProviders.SCP: setRegistered true
02-20 19:42:55.082  1922  1922 D IccCardProxy: ctor: ci=com.android.internal.telephony.RIL@9adf1db phoneId=0
02-20 19:42:55.082  1922  1922 D CdmaSSM : subscriptionSource from settings: 0
02-20 19:42:55.083  1922  1922 D CdmaSSM : cdmaSSM constructor: 0
02-20 19:42:55.083  1922  1922 D IccCardProxy: update icc_operator_numeric=
02-20 19:42:55.083  1922  1922 D TelephonyManager: setTelephonyProperty: success phoneId=0 property=gsm.sim.operator.numeric value:  propVal=
02-20 19:42:55.084  1922  1922 D TelephonyManager: setTelephonyProperty: success phoneId=0 property=gsm.sim.operator.iso-country value:  propVal=
02-20 19:42:55.084  1922  1922 D TelephonyManager: setTelephonyProperty: success phoneId=0 property=gsm.sim.operator.alpha value:  propVal=
02-20 19:42:55.084  1922  1922 E IccCardProxy: setExternalState: set mPhoneId=0 mExternalState=NOT_READY
02-20 19:42:55.084  1922  1922 D TelephonyManager: setTelephonyProperty: success phoneId=0 property=gsm.sim.state value: NOT_READY propVal=NOT_READY
02-20 19:42:55.085  1922  1922 D IccCardProxy: broadcastIccStateChangedIntent intent ACTION_SIM_STATE_CHANGED value=NOT_READY reason=null for mPhoneId=0
02-20 19:42:55.085  1678  1678 D ConditionProviders.SCP: notifyCondition condition://android/schedule?days=6.7&start=23.30&end=10.0&exitAtAlarm=false STATE_FALSE reason=!meetsSchedule
02-20 19:42:55.086  1678  1678 D ConditionProviders.SCP: Scheduling evaluate for Tue Feb 20 23:30:00 GMT+00:00 2018 (1519169400000), in +3h47m4s928ms, now=Tue Feb 20 19:42:55 GMT+00:00 2018 (1519155775072)
02-20 19:42:55.086  1678  1678 D ConditionProviders.SCP: onSubscribe condition://android/schedule?days=1.2.3.4.5&start=22.0&end=7.0&exitAtAlarm=false
02-20 19:42:55.086  1678  1678 D ConditionProviders.SCP: notifyCondition condition://android/schedule?days=6.7&start=23.30&end=10.0&exitAtAlarm=false STATE_FALSE reason=!meetsSchedule
02-20 19:42:55.086  1678  1678 D ConditionProviders.SCP: notifyCondition condition://android/schedule?days=1.2.3.4.5&start=22.0&end=7.0&exitAtAlarm=false STATE_FALSE reason=!meetsSchedule
02-20 19:42:55.086  1678  1678 D ConditionProviders.SCP: Scheduling evaluate for Tue Feb 20 22:00:00 GMT+00:00 2018 (1519164000000), in +2h17m4s914ms, now=Tue Feb 20 19:42:55 GMT+00:00 2018 (1519155775086)
