02-20 19:44:13.607  1923  2021 D RILJ    : [3722]< SIM_IO IccIoResponse sw1:0x90 sw2:0x0 [SUB0]
02-20 19:44:13.607  1923  2021 D RILJ    : [3723]< SIM_IO IccIoResponse sw1:0x90 sw2:0x0 [SUB0]
02-20 19:44:13.607  1923  2021 D RILJ    : [3724]< SIM_IO IccIoResponse sw1:0x90 sw2:0x0 [SUB0]
02-20 19:44:13.607  1923  2021 D RILJ    : [3725]< SIM_IO IccIoResponse sw1:0x90 sw2:0x0 [SUB0]
02-20 19:44:13.607  1923  2021 D RILJ    : [3726]< SIM_IO IccIoResponse sw1:0x90 sw2:0x0 [SUB0]
02-20 19:44:13.607  1923  2021 D RILJ    : [3727]< SIM_IO IccIoResponse sw1:0x90 sw2:0x0 [SUB0]
02-20 19:44:13.607  1923  2021 D RILJ    : [3728]< SIM_IO IccIoResponse sw1:0x90 sw2:0x0 [SUB0]
02-20 19:44:13.607  1376  1465 D RIL     : onRequest: SIM_IO
02-20 19:44:13.607  1376  1465 D AT      : AT> AT+CRSM=176,28438,0,0,2
02-20 19:44:13.607  1376  1467 D AT      : AT< +CRSM: 144,0,0233
02-20 19:44:13.607  1376  1467 D AT      : AT< OK
02-20 19:44:13.607  1923  2021 D RILJ    : [3729]< SIM_IO IccIoResponse sw1:0x90 sw2:0x0 [SUB0]
02-20 19:44:13.607  1923  1923 D SST     : Poll ServiceState done:  oldSS=[0 0 voice home data home Android Android 310260 Android Android 310260  Unknown LTE CSS not supported 0 0 RoamInd=0 DefRoamInd=0 EmergOnly=false IsDataRoamingFromRegistration=false IsUsingCarrierAggregation=false] newSS=[0 0 voice home data home Android Android 310260 Android Android 310260  Unknown LTE CSS not supported -1 -1 RoamInd=-1 DefRoamInd=-1 EmergOnly=false IsDataRoamingFromRegistration=false IsUsingCarrierAggregation=false] oldMaxDataCalls=1 mNewMaxDataCalls=1 oldReasonDataDenied=-1 mNewReasonDataDenied=-1
02-20 19:44:13.607  1923  1923 D SIMRecords: [SIMRecords] getServiceProviderName: no brandOverride, providerName=null
02-20 19:44:13.607  1923  1923 D SIMRecords: [SIMRecords] getServiceProviderName: no brandOverride, providerName=null
02-20 19:44:13.607  1923  1923 D TelephonyManager: setTelephonyProperty: success phoneId=0 property=gsm.operator.alpha value: Android propVal=Android
02-20 19:44:13.607  1923  1923 D TelephonyManager: setTelephonyProperty: success phoneId=0 property=gsm.operator.numeric value: 310260 propVal=310260
02-20 19:44:13.608  1923  1923 D TelephonyManager: setTelephonyProperty: success phoneId=0 property=gsm.operator.iso-country value: us propVal=us
02-20 19:44:13.608  1923  1923 D SST     : pollStateDone: there are 6 unique offsets for iso-cc='us testOneUniqueOffsetPath=false', do nothing
02-20 19:44:13.608  1923  1923 D SST     : shouldFixTimeZoneNow: retVal=false iccCardExist=true operatorNumeric=310260 mcc=310 prevOperatorNumeric=310260 prevMcc=310 needToFixTimeZone=false ltod=02-20 19:44:13.608
02-20 19:44:13.608  1923  1923 D TelephonyManager: setTelephonyProperty: success phoneId=0 property=gsm.operator.isroaming value: false propVal=false
02-20 19:44:13.608  1923  1923 D SST     : Broadcasting ServiceState : 0 0 voice home data home Android Android 310260 Android Android 310260  Unknown LTE CSS not supported -1 -1 RoamInd=-1 DefRoamInd=-1 EmergOnly=false IsDataRoamingFromRegistration=false IsUsingCarrierAggregation=false
02-20 19:44:13.608  1923  1923 D DefaultPhoneNotifier: nofityServiceState: mRegistry=com.android.internal.telephony.ITelephonyRegistry$Stub$Proxy@e115175 ss=0 0 voice home data home Android Android 310260 Android Android 310260  Unknown LTE CSS not supported -1 -1 RoamInd=-1 DefRoamInd=-1 EmergOnly=false IsDataRoamingFromRegistration=false IsUsingCarrierAggregation=false sender=Handler (com.android.internal.telephony.GsmCdmaPhone) {f3eaab4} phondId=0 subId=-2
02-20 19:44:13.609  1923  1923 D SubscriptionController: [getSlotId]- subId invalid
02-20 19:44:13.609  1683  1791 D TelephonyManager: getSimState: default sim:-1, sim state for slotIdx=0 is 5, return state as unknown
02-20 19:44:13.610  1923  1923 D RuimRecords: [RuimRecords] NO update mccmnc=310260
02-20 19:44:13.610  1923  1923 D RuimRecords: [RuimRecords] onRecordLoaded 9 requested: true
02-20 19:44:13.610  1923  1923 D RILJ    : [3730]> iccIO: SIM_IO 0xb0 0x2fe2  path: 3F00,0,0,10 aid: null [SUB0]
02-20 19:44:13.610  1376  1465 D RIL     : onRequest: SIM_IO
02-20 19:44:13.610  1376  1465 D AT      : AT> AT+CRSM=176,12258,0,0,10
02-20 19:44:13.611  1376  1467 D AT      : AT< +CRSM: 144,0,98101430121181157002
02-20 19:44:13.611  1376  1467 D AT      : AT< OK
02-20 19:44:13.611  1923  2021 D RILJ    : [3730]< SIM_IO IccIoResponse sw1:0x90 sw2:0x0 [SUB0]
02-20 19:44:13.612  1923  1923 D RILJ    : [3731]> RIL_REQUEST_SIM_CLOSE_CHANNEL [SUB0]
02-20 19:44:13.613  1376  1465 D RIL     : onRequest: SIM_CLOSE_CHANNEL
02-20 19:44:13.613  1376  1465 D AT      : AT> AT+CCHC=1
02-20 19:44:13.613  1923  1923 D IccCardProxy: broadcastIccStateChangedIntent intent ACTION_SIM_STATE_CHANGED value=IMSI reason=null for mPhoneId=0
02-20 19:44:13.613  1376  1467 D AT      : AT< +CCHC
02-20 19:44:13.613  1376  1467 D AT      : AT< OK
02-20 19:44:13.613  1923  2021 D RILJ    : [3731]< RIL_REQUEST_SIM_CLOSE_CHANNEL  [SUB0]
02-20 19:44:13.614  1923  1923 D SIMRecords: [SIMRecords] onRecordLoaded 15 requested: true
02-20 19:44:13.614  1923  1923 D RILJ    : [3732]> iccIO: SIM_IO 0xc0 0x6f14  path: 3F007F20,0,0,15 aid: null [SUB0]
02-20 19:44:13.615  1923  1935 D SubscriptionController: [getActiveSubInfoList] Sub Controller not ready
02-20 19:44:13.622  1683  1693 W art     : Suspending all threads took: 6.908ms
02-20 19:44:13.627  1683  1693 I art     : Background sticky concurrent mark sweep GC freed 22867(1547KB) AllocSpace objects, 6(152KB) LOS objects, 9% free, 22MB/24MB, paused 7.490ms total 29.780ms
02-20 19:44:13.627  1923  1936 D SubscriptionController: [getActiveSubInfoList] Sub Controller not ready
02-20 19:44:13.627  1923  1923 D SIMRecords: [SIMRecords] onRecordLoaded 15 requested: true
02-20 19:44:13.627  1923  1923 D SIMRecords: [SIMRecords] onRecordLoaded 14 requested: true
02-20 19:44:13.627  1923  1923 E SIMRecords: [SIMRecords] Exception in fetching EF_CSP data com.android.internal.telephony.CommandException: GENERIC_FAILURE
02-20 19:44:13.627  1923  1923 D SIMRecords: [SIMRecords] onRecordLoaded 13 requested: true
02-20 19:44:13.627  1923  1923 E SIMRecords: [SIMRecords] Exception in get GID1 com.android.internal.telephony.CommandException: GENERIC_FAILURE
02-20 19:44:13.627  1923  1923 D SIMRecords: [SIMRecords] onRecordLoaded 12 requested: true
02-20 19:44:13.627  1923  1923 E SIMRecords: [SIMRecords] Exception in get GID2 com.android.internal.telephony.CommandException: GENERIC_FAILURE
02-20 19:44:13.627  1923  1923 D SIMRecords: [SIMRecords] onRecordLoaded 11 requested: true
02-20 19:44:13.627  1923  1923 D RuimRecords: [RuimRecords] EF_PL LOADED
02-20 19:44:13.627  1923  1923 E RuimRecords: [RuimRecords] Record Load Exception: com.android.internal.telephony.CommandException: GENERIC_FAILURE
02-20 19:44:13.627  1923  1923 D RuimRecords: [RuimRecords] onRecordLoaded 8 requested: true
02-20 19:44:13.627  1923  1923 D RuimRecords: [RuimRecords] EF_CSIM_LI LOADED
02-20 19:44:13.627  1923  1923 E RuimRecords: [RuimRecords] Record Load Exception: com.android.internal.telephony.CommandException: GENERIC_FAILURE
02-20 19:44:13.627  1923  1923 D RuimRecords: [RuimRecords] onRecordLoaded 7 requested: true
02-20 19:44:13.627  1923  1923 D RuimRecords: [RuimRecords] EF_CSIM_SPN LOADED
02-20 19:44:13.627  1923  1923 E RuimRecords: [RuimRecords] Record Load Exception: com.android.internal.telephony.CommandException: GENERIC_FAILURE
02-20 19:44:13.627  1923  1923 D RuimRecords: [RuimRecords] onRecordLoaded 6 requested: true
02-20 19:44:13.627  1923  1923 D RuimRecords: [RuimRecords] EF_CSIM_MDN LOADED
02-20 19:44:13.627  1923  1923 E RuimRecords: [RuimRecords] Record Load Exception: com.android.internal.telephony.CommandException: GENERIC_FAILURE
02-20 19:44:13.627  1923  1923 D RuimRecords: [RuimRecords] onRecordLoaded 5 requested: true
02-20 19:44:13.627  1923  1923 D RuimRecords: [RuimRecords] EF_CSIM_IMSIM LOADED
02-20 19:44:13.627  1923  1923 E RuimRecords: [RuimRecords] Record Load Exception: com.android.internal.telephony.CommandException: GENERIC_FAILURE
02-20 19:44:13.627  1923  1923 D RuimRecords: [RuimRecords] onRecordLoaded 4 requested: true
02-20 19:44:13.628  1923  1923 D RuimRecords: [RuimRecords] EF_CSIM_CDMAHOME LOADED
02-20 19:44:13.628  1923  1923 E RuimRecords: [RuimRecords] Record Load Exception: com.android.internal.telephony.CommandException: GENERIC_FAILURE
02-20 19:44:13.628  1923  1923 D RuimRecords: [RuimRecords] onRecordLoaded 3 requested: true
02-20 19:44:13.628  1923  1923 D RuimRecords: [RuimRecords] EF_CSIM_EPRL LOADED
02-20 19:44:13.628  1923  1923 E RuimRecords: [RuimRecords] Record Load Exception: com.android.internal.telephony.CommandException: GENERIC_FAILURE
02-20 19:44:13.628  1923  1923 D RuimRecords: [RuimRecords] onRecordLoaded 2 requested: true
02-20 19:44:13.628  1923  1923 D RuimRecords: [RuimRecords] EF_CSIM_MIPUPP LOADED
02-20 19:44:13.628  1923  1923 E RuimRecords: [RuimRecords] Record Load Exception: com.android.internal.telephony.CommandException: GENERIC_FAILURE
02-20 19:44:13.628  1923  1923 D RuimRecords: [RuimRecords] onRecordLoaded 1 requested: true
02-20 19:44:13.629  1923  1923 D SubscriptionInfoUpdater: [Receiver]+
02-20 19:44:13.629  1376  1465 D RIL     : onRequest: SIM_IO
02-20 19:44:13.629  1923  1923 D SubscriptionInfoUpdater: Action: android.intent.action.SIM_STATE_CHANGED
02-20 19:44:13.629  1923  1923 D SubscriptionInfoUpdater: slotId: 0
02-20 19:44:13.629  1923  1923 D SubscriptionInfoUpdater: simStatus: IMSI
02-20 19:44:13.629  1923  1923 D SubscriptionInfoUpdater: Ignoring simStatus: IMSI
02-20 19:44:13.629  1923  1923 D SubscriptionInfoUpdater: [Receiver]-
02-20 19:44:13.629  1376  1465 D AT      : AT> AT+CRSM=192,28436,0,0,15
02-20 19:44:13.629  1923  1923 D SIMRecords: [SIMRecords] iccid: 89014103211118510720
02-20 19:44:13.629  1923  1923 D SIMRecords: [SIMRecords] onRecordLoaded 10 requested: true
02-20 19:44:13.629  1376  1467 D AT      : AT< +CRSM: 144,0,000000146f1404001aa0aa01020000
02-20 19:44:13.629  1376  1467 D AT      : AT< OK
02-20 19:44:13.631  1923  1923 D SIMRecords: [SIMRecords] EF_MBI: 01000000
02-20 19:44:13.631  1923  1923 D SIMRecords: [SIMRecords] Got valid mailbox number for MBDN
02-20 19:44:13.631  1923  1923 D RILJ    : [3733]> iccIO: SIM_IO 0xc0 0x6fc7  path: 3F007F20,0,0,15 aid: null [SUB0]
02-20 19:44:13.631  1923  2021 D RILJ    : [3732]< SIM_IO IccIoResponse sw1:0x90 sw2:0x0 [SUB0]
02-20 19:44:13.632  1923  1923 D SIMRecords: [SIMRecords] onRecordLoaded 10 requested: true
02-20 19:44:13.632  1923  1923 D SIMRecords: [SIMRecords] EF_AD: 00000003
02-20 19:44:13.632  1923  1923 D SIMRecords: [SIMRecords] setting4 mMncLength=3
02-20 19:44:13.632  1923  1923 D SIMRecords: [SIMRecords] update mccmnc=310260
02-20 19:44:13.632  1923  1923 D MccTable: updateMccMncConfiguration mccmnc='310260' fromServiceState=false
02-20 19:44:13.632  1376  1465 D RIL     : onRequest: SIM_IO
02-20 19:44:13.632  1376  1465 D AT      : AT> AT+CRSM=192,28615,0,0,15
02-20 19:44:13.632  1923  1923 D SubscriptionController: [getPhoneId]- no sims, returning default phoneId=2147483647
02-20 19:44:13.632  1376  1467 D AT      : AT< +CRSM: 144,0,000000406fc7040011a0aa01020120
02-20 19:44:13.632  1376  1467 D AT      : AT< OK
02-20 19:44:13.632  1923  2021 D RILJ    : [3733]< SIM_IO IccIoResponse sw1:0x90 sw2:0x0 [SUB0]
02-20 19:44:13.632  1923  1923 D MccTable: updateMccMncConfiguration defaultMccMnc=
02-20 19:44:13.632  1923  1923 D MccTable: updateMccMncConfiguration: mcc=310, mnc=260
02-20 19:44:13.632  1923  1923 D MccTable: updateMccMncConfiguration updateConfig config={1.0 310mcc260mnc ?localeList ?layoutDir ?swdp ?wdp ?hdp ?density ?lsize ?long ?orien ?uimode ?night ?touch ?keyb/?/? ?nav/?}
02-20 19:44:13.635  1683  1694 I configuration_changed: 3
02-20 19:44:13.635  1683  1694 I ActivityManager: Config changes=3 {1.0 310mcc260mnc [en_US] ldltr sw360dp w360dp h668dp 640dpi nrml long port finger -keyb/v/h -nav/h s.5}
02-20 19:44:13.640  1767  1767 D PhoneStatusBar: disable: < EXPAND* icons alerts system_info BACK* HOME* RECENT* clock SEARCH* quick_settings >
02-20 19:44:13.633  1923  1935 D SubscriptionController: [getPhoneId]- no sims, returning default phoneId=2147483647
02-20 19:44:13.643  1923  2090 D SubscriptionController: [getSlotId]- subId invalid
02-20 19:44:13.644  1767  2077 D TelephonyManager: getSimState: default sim:-1, sim state for slotIdx=0 is 5, return state as unknown
02-20 19:44:13.644  1923  1936 D SubscriptionController: [getPhoneId]- no sims, returning default phoneId=2147483647
02-20 19:44:13.679  1683  1694 I am_relaunch_resume_activity: [0,39190658,1,com.android.settings/.FallbackHome]
02-20 19:44:13.679  1939  1939 I am_on_paused_called: [0,com.android.settings.FallbackHome,handleRelaunchActivity]
02-20 19:44:13.682  1923  1935 D DCT     : [0]hasMatchedTetherApnSetting: APN=null
02-20 19:44:13.682  1923  1923 D SIMRecords: [SIMRecords] onRecordLoaded 9 requested: true
02-20 19:44:13.682  1923  1923 D SIMRecords: [SIMRecords] EF_MWIS : 0000000000
02-20 19:44:13.682  1923  1923 D SIMRecords: [SIMRecords] onRecordLoaded 8 requested: true
02-20 19:44:13.682  1923  1923 D SIMRecords: [SIMRecords] EF_CPHS_MWI: 55
02-20 19:44:13.682  1923  1923 D SIMRecords: [SIMRecords] onRecordLoaded 7 requested: true
02-20 19:44:13.682  1923  1923 D SIMRecords: [SIMRecords] EF_CFF_CPHS: 55
02-20 19:44:13.682  1923  1923 D SIMRecords: [SIMRecords] onRecordLoaded 6 requested: true
02-20 19:44:13.682  1923  1923 D SIMRecords: [SIMRecords] onRecordLoaded 5 requested: true
02-20 19:44:13.682  1923  1923 D SIMRecords: [SIMRecords] SST: UsimServiceTable[120]={ PHONEBOOK, FDN, FDN_EXTENSION, SDN, SDN_EXTENSION, BDN, BDN_EXTENSION, OUTGOING_CALL_INFO, ADVICE_OF_CHARGE, CAP_CONFIG_PARAMS_2, GROUP_ID_LEVEL_1, GROUP_ID_LEVEL_2, SPN, USER_PLMN_SELECT, MSISDN, IMAGE, LOCALISED_SERVICE_AREAS, EMLPP, EMLPP_AUTO_ANSWER, RFU, GSM_ACCESS, DATA_DL_VIA_SMS_PP, DATA_DL_VIA_SMS_CB, CALL_CONTROL_BY_USIM, MO_SMS_CONTROL_BY_USIM, RUN_AT_COMMAND, APN_CONTROL_LIST, DEPERSONALISATION_CONTROL_KEYS, COOPERATIVE_NETWORK_LIST, GSM_SECURITY_CONTEXT, SERVICE_PROVIDER_DISPLAY_INFO, MMS_NOTIFICATION, MMS_NOTIFICATION_EXTENSION, GPRS_CALL_CONTROL_BY_USIM, VGCS_GROUP_ID_LIST, VBS_GROUP_ID_LIST, OMA_BCAST_PROFILE, GBA_LOCAL_KEY_ESTABLISHMENT, #101, #102, #103, #104, #105, #106, #107, #108, #109, #110 }
02-20 19:44:13.682  1923  1923 D SIMRecords: [SIMRecords] onRecordLoaded 4 requested: true
02-20 19:44:13.682  1923  1923 D SIMRecords: [SIMRecords] iCPHS: 0233
02-20 19:44:13.682  1923  1923 D SIMRecords: [SIMRecords] onRecordLoaded 3 requested: true
02-20 19:44:13.682  1923  1923 D RuimRecords: [RuimRecords] iccid: 89014103211118510720
02-20 19:44:13.683  1923  1923 D RuimRecords: [RuimRecords] onRecordLoaded 0 requested: true
02-20 19:44:13.683  1923  1923 D RuimRecords: [RuimRecords] record load complete
02-20 19:44:13.683  1923  1923 D SIMRecords: [SIMRecords] MSISDN: [t-WgLegCyIMgfHgPkOdM6pkZbpA]
02-20 19:44:13.683  1923  1923 D SIMRecords: [SIMRecords] onRecordLoaded 2 requested: true
02-20 19:44:13.683  1923  1923 D RILJ    : [3734]> iccIO: SIM_IO 0xb0 0x6f14  path: 3F007F20,0,0,20 aid: null [SUB0]
02-20 19:44:13.683  1923  1923 D RILJ    : [3735]> iccIO: SIM_IO 0xb2 0x6fc7  path: 3F007F20,1,4,32 aid: null [SUB0]
02-20 19:44:13.683  1376  1465 D RIL     : onRequest: SIM_IO
02-20 19:44:13.683  1376  1465 D AT      : AT> AT+CRSM=176,28436,0,0,20
02-20 19:44:13.684  1376  1467 D AT      : AT< +CRSM: 144,0,416e64726f6964ffffffffffffffffffffffffff
02-20 19:44:13.684  1376  1467 D AT      : AT< OK
02-20 19:44:13.684  1376  1465 D RIL     : onRequest: SIM_IO
02-20 19:44:13.684  1376  1465 D AT      : AT> AT+CRSM=178,28615,1,4,32
02-20 19:44:13.684  1923  2021 D RILJ    : [3734]< SIM_IO IccIoResponse sw1:0x90 sw2:0x0 [SUB0]
02-20 19:44:13.684  1376  1467 D AT      : AT< +CRSM: 144,0,566f6963656d61696cffffffffffffffffff07915155125740f9ffffffffffff
02-20 19:44:13.684  1376  1467 D AT      : AT< OK
02-20 19:44:13.684  1923  2021 D RILJ    : [3735]< SIM_IO IccIoResponse sw1:0x90 sw2:0x0 [SUB0]
02-20 19:44:13.685  1923  1923 D SIMRecords: [SIMRecords] getServiceProviderName: no brandOverride, providerName=Android
02-20 19:44:13.685  1923  1923 D SIMRecords: [SIMRecords] Load EF_SPN_CPHS: Android
02-20 19:44:13.685  1923  1923 D TelephonyManager: setTelephonyProperty: success phoneId=0 property=gsm.sim.operator.alpha value: Android propVal=Android
02-20 19:44:13.685  1923  1923 D SIMRecords: [SIMRecords] onRecordLoaded 1 requested: true
02-20 19:44:13.686  1923  1923 D SIMRecords: [SIMRecords] VM: ADN Record 'Voicemail' '[-MWU1cAlDrkXUZ8dpHi_wU_YOpU] null' EF[MBDN]
02-20 19:44:13.686  1923  1923 D SIMRecords: [SIMRecords] onRecordLoaded 0 requested: true
02-20 19:44:13.686  1923  1923 D SIMRecords: [SIMRecords] record load complete
02-20 19:44:13.686  1923  1923 D SIMRecords: [SIMRecords] Not using EF LI/EF PL
02-20 19:44:13.686  1923  1923 D SIMRecords: [SIMRecords] EF_CFF: callForwardingEnabled=0
02-20 19:44:13.686  1923  1923 D SIMRecords: [SIMRecords] onAllRecordsLoaded set 'gsm.sim.operator.numeric' to operator='310260'
02-20 19:44:13.686  1923  1923 D SIMRecords: [SIMRecords] update icc_operator_numeric=310260
02-20 19:44:13.686  1923  1923 D TelephonyManager: setTelephonyProperty: success phoneId=0 property=gsm.sim.operator.numeric value: 310260 propVal=310260
02-20 19:44:13.686  1923  1923 D SubscriptionController: [setMccMnc]+ mcc/mnc:310/260 subId:-1
02-20 19:44:13.688  1923  1923 D SubscriptionController: notifySubscriptionInfoChanged:
02-20 19:44:13.689  1683  1683 I GnssLocationProvider: WakeLock acquired by sendMessage(12, 0, null)
02-20 19:44:13.689  1923  2090 D SubscriptionController: [getActiveSubInfoList] Sub Controller not ready
02-20 19:44:13.690  1923  1923 D SIMRecords: [SIMRecords] onAllRecordsLoaded set mcc imsi
02-20 19:44:13.690  1923  1923 D TelephonyManager: setTelephonyProperty: success phoneId=0 property=gsm.sim.operator.iso-country value: us propVal=us
02-20 19:44:13.691  1923  1935 D SubscriptionController: [getPhoneId]- no sims, returning default phoneId=2147483647
02-20 19:44:13.691  1923  1923 D SST     : SubscriptionListener.onSubscriptionInfoChanged
02-20 19:44:13.691  1923  1923 D SIMRecords: [SIMRecords]  VoiceMessageCount from SIM MWIS = 0
02-20 19:44:13.691  1923  1923 E Phone   : getStoredVoiceMessageCount: invalid subId -2
02-20 19:44:13.691  1923  1923 D GsmCdmaPhone: [GsmCdmaPhone] updateVoiceMail countVoiceMessages = 0 subId -2
02-20 19:44:13.691  1923  1923 E Phone   : setVoiceMessageCount in sharedPreference: invalid subId -2
02-20 19:44:13.692  1923  1923 D DCT     : [0]SubscriptionListener.onSubscriptionInfoChanged
02-20 19:44:13.692  1939  1993 D EGL_emulation: eglMakeCurrent: 0x7dcda8bf0200: ver 3 0 (tinfo 0x7dcdb31edb80)
02-20 19:44:13.692  1923  1923 D SubscriptionController: [getActiveSubInfoList] Sub Controller not ready
02-20 19:44:13.693  1939  1939 I am_on_stop_called: [0,com.android.settings.FallbackHome,destroy]
02-20 19:44:13.694  1923  2090 D SubscriptionController: [getActiveSubInfoList] Sub Controller not ready
02-20 19:44:13.696  1923  1923 I Telephony: PstnIncomingCallNotifier: Unregistering: Handler (com.android.internal.telephony.GsmCdmaPhone) {f3eaab4}
02-20 19:44:13.697  1923  1923 E PhoneInterfaceManager: [PhoneIntfMgr] getIccId: No UICC
02-20 19:44:13.699  1683  1696 I GnssLocationProvider: WakeLock released by handleMessage(12, 0, null)
02-20 19:44:13.700  1683  1790 I Telecom : PhoneAccountRegistrar: [ComponentInfo{com.android.phone/com.android.services.telephony.TelephonyConnectionService}, [e0184adedf913b076626646d3f52c3b49c39ad6d], UserHandle{0}(addr: tel:*********** -> tel:)(icon: Icon(typ=BITMAP size=76x96) -> Icon(typ=BITMAP size=76x96))(subAddr: tel:*********** -> tel:)]: TSI.rPA@AAo
02-20 19:44:13.701  1683  1790 I Telecom : : Sending phone-account registered intent as user: TSI.rPA@AAo
02-20 19:44:13.701  1923  1923 I Telephony: AccountEntry: Registered phoneAccount: [[ ] PhoneAccount: ComponentInfo{com.android.phone/com.android.services.telephony.TelephonyConnectionService}, [e0184adedf913b076626646d3f52c3b49c39ad6d], UserHandle{0} Capabilities: CallProvider MultiUser PlaceEmerg SimSub  Schemes: tel voicemail  Extras: null GroupId: [da39a3ee5e6b4b0d3255bfef95601890afd80709]] with handle: ComponentInfo{com.android.phone/com.android.services.telephony.TelephonyConnectionService}, [e0184adedf913b076626646d3f52c3b49c39ad6d], UserHandle{0}
02-20 19:44:13.701  1923  1923 I Telephony: PstnIncomingCallNotifier: Registering: Handler (com.android.internal.telephony.GsmCdmaPhone) {f3eaab4}
02-20 19:44:13.703  1923  1923 D SubscriptionController: [getActiveSubInfoList] Sub Controller not ready
02-20 19:44:13.703  1923  1923 D CAT     : CatService: handleMessage[20]
02-20 19:44:13.703  1923  1923 D GsmCdmaPhone: [GsmCdmaPhone] updateCurrentCarrierInProvider: mSubId = -2 currentDds = 1 operatorNumeric = 310260
02-20 19:44:13.703  1923  1923 D IccCardProxy: operator=310260 mPhoneId=0
02-20 19:44:13.704  1923  1923 D TelephonyManager: setTelephonyProperty: success phoneId=0 property=gsm.sim.operator.numeric value: 310260 propVal=310260
02-20 19:44:13.704  1923  1923 D TelephonyManager: setTelephonyProperty: success phoneId=0 property=gsm.sim.operator.iso-country value: us propVal=us
02-20 19:44:13.704  1923  1923 D IccCardProxy: Sending intent ACTION_INTERNAL_SIM_STATE_CHANGED for mPhoneId : 0
02-20 19:44:13.704  1923  1923 D SST     : EVENT_SIM_RECORDS_LOADED: what=16
02-20 19:44:13.704  1923  1923 D GsmCdmaPhone: [GsmCdmaPhone] updatePhoneObject: radioTechnology=0
02-20 19:44:13.705  1923  1923 D SST     : getOtasp: otasp not needed for GSM
02-20 19:44:13.705  1923  1923 D SST     : updateOtaspState: call notifyOtaspChanged old otaspMode=0 new otaspMode=3
02-20 19:44:13.705  1923  1923 D SIMRecords: [SIMRecords] getServiceProviderName: no brandOverride, providerName=Android
02-20 19:44:13.705  1923  1923 D SIMRecords: [SIMRecords] getServiceProviderName: no brandOverride, providerName=Android
02-20 19:44:13.705  1923  1923 D SST     : updateSpnDisplay: changed sending intent rule=1 showPlmn='false' plmn='Android' showSpn='true' spn='Android' dataSpn='Android' subId='-2'
02-20 19:44:13.705  1923  1923 D SubscriptionController: [setPlmnSpn] No valid subscription to store info
02-20 19:44:13.705  1923  1923 D SubscriptionController: notifySubscriptionInfoChanged:
02-20 19:44:13.706  1683  1683 I GnssLocationProvider: WakeLock acquired by sendMessage(12, 0, null)
02-20 19:44:13.706  1923  2090 D SubscriptionController: [getActiveSubInfoList] Sub Controller not ready
02-20 19:44:13.706  1923  1935 D SubscriptionController: [getActiveSubInfoList] Sub Controller not ready
02-20 19:44:13.707  1923  1923 E PhoneInterfaceManager: [PhoneIntfMgr] getIccId: No UICC
02-20 19:44:13.720  1683  1963 I Telecom : PhoneAccountRegistrar: [ComponentInfo{com.android.phone/com.android.services.telephony.TelephonyConnectionService}, [e0184adedf913b076626646d3f52c3b49c39ad6d], UserHandle{0}(icon: Icon(typ=BITMAP size=76x96) -> Icon(typ=BITMAP size=76x96))]: TSI.rPA@AA0
02-20 19:44:13.722  1683  1963 I Telecom : : Sending phone-account registered intent as user: TSI.rPA@AA0
02-20 19:44:13.722  1923  1923 D SubscriptionInfoUpdater: [Receiver]+
02-20 19:44:13.722  1923  1923 D SubscriptionInfoUpdater: Action: android.intent.action.internal_sim_state_changed
02-20 19:44:13.722  1923  1923 D SubscriptionInfoUpdater: slotId: 0
02-20 19:44:13.722  1923  1923 D SubscriptionInfoUpdater: simStatus: LOADED
02-20 19:44:13.722  1923  1923 D SubscriptionInfoUpdater: [Receiver]-
02-20 19:44:13.722  1923  1923 D GsmCdmaPhone: [GsmCdmaPhone] phoneObjectUpdater: newVoiceRadioTech=0
02-20 19:44:13.723  1923  1923 D GsmCdmaPhone: [GsmCdmaPhone] phoneObjectUpdater: volteReplacementRat=0
02-20 19:44:13.723  1923  1923 E GsmCdmaPhone: [GsmCdmaPhone] phoneObjectUpdater: newVoiceRadioTech=0 doesn't match either CDMA or GSM - error! No phone change
02-20 19:44:13.723  1923  1923 D SST     : SubscriptionListener.onSubscriptionInfoChanged
02-20 19:44:13.723  1923  1923 D DCT     : [0]SubscriptionListener.onSubscriptionInfoChanged
02-20 19:44:13.723  1923  1923 D SubscriptionController: [getActiveSubInfoList] Sub Controller not ready
02-20 19:44:13.723  1923  1923 D SubscriptionController: [getActiveSubInfoList] Sub Controller not ready
02-20 19:44:13.723  1923  1923 I Telephony: PstnIncomingCallNotifier: Unregistering: Handler (com.android.internal.telephony.GsmCdmaPhone) {f3eaab4}
02-20 19:44:13.724  1923  1923 E PhoneInterfaceManager: [PhoneIntfMgr] getIccId: No UICC
02-20 19:44:13.724  1923  2093 D SubscriptionController: [getPhoneId]- no sims, returning default phoneId=2147483647
02-20 19:44:13.725  1683  1696 I GnssLocationProvider: WakeLock released by handleMessage(12, 0, null)
02-20 19:44:13.726  1683  2091 I Telecom : PhoneAccountRegistrar: [ComponentInfo{com.android.phone/com.android.services.telephony.TelephonyConnectionService}, [e0184adedf913b076626646d3f52c3b49c39ad6d], UserHandle{0}(icon: Icon(typ=BITMAP size=76x96) -> Icon(typ=BITMAP size=76x96))]: TSI.rPA@AA4
02-20 19:44:13.735  1939  1939 I am_on_resume_called: [0,com.android.settings.FallbackHome,handleRelaunchActivity]
02-20 19:44:13.736  1683  2091 I Telecom : : Sending phone-account registered intent as user: TSI.rPA@AA4
02-20 19:44:13.737  1923  1923 I Telephony: AccountEntry: Registered phoneAccount: [[ ] PhoneAccount: ComponentInfo{com.android.phone/com.android.services.telephony.TelephonyConnectionService}, [e0184adedf913b076626646d3f52c3b49c39ad6d], UserHandle{0} Capabilities: CallProvider MultiUser PlaceEmerg SimSub  Schemes: tel voicemail  Extras: null GroupId: [da39a3ee5e6b4b0d3255bfef95601890afd80709]] with handle: ComponentInfo{com.android.phone/com.android.services.telephony.TelephonyConnectionService}, [e0184adedf913b076626646d3f52c3b49c39ad6d], UserHandle{0}
02-20 19:44:13.737  1923  1923 I Telephony: PstnIncomingCallNotifier: Registering: Handler (com.android.internal.telephony.GsmCdmaPhone) {f3eaab4}
02-20 19:44:13.738  1923  1923 D SubscriptionInfoUpdater: handleSimStateLoadedInternal: slotId: 0
02-20 19:44:13.738  1923  1923 D SubscriptionInfoUpdater: All IccIds query complete
02-20 19:44:13.738  1923  1923 D SubscriptionInfoUpdater: updateSubscriptionInfoByIccId:+ Start
02-20 19:44:13.738  1923  1923 D SubscriptionController: [clearSubInfo]- no simInfo size=0
02-20 19:44:13.738  1923  1923 D SubscriptionInfoUpdater: insertedSimCount = 1
02-20 19:44:13.738  1923  1923 D SubscriptionController: [getSubInfoUsingSlotIdWithCheck]+ slotId:0
02-20 19:44:13.740  1923  1923 D SubscriptionController: [getPhoneId]- no sims, returning default phoneId=2147483647
02-20 19:44:13.740  1923  1923 D SubscriptionController: [getPhoneId]- no sims, returning default phoneId=2147483647
02-20 19:44:13.744  1923  1923 D SubscriptionController: [getPhoneId]- no sims, returning default phoneId=2147483647
02-20 19:44:13.745  1767  1767 D PhoneStatusBar: heads up is enabled
02-20 19:44:13.751  1923  1923 D SubscriptionController: [getSubInfoUsingSlotId]- null info return
02-20 19:44:13.751  1923  1923 D SubscriptionInfoUpdater: updateSubscriptionInfoByIccId: oldSubId = 1
02-20 19:44:13.751  1923  1923 D SubscriptionInfoUpdater: updateSubscriptionInfoByIccId: oldIccId[0] = 89014103211118510720, sIccId[0] = 89014103211118510720
02-20 19:44:13.751  1923  1923 D SubscriptionController: [addSubInfoRecord]+ iccId:89014103211118510720 slotId:0
02-20 19:44:13.754  1923  1923 D SubscriptionController: [getActiveSubInfoList] Sub Controller not ready
02-20 19:44:13.754  1923  1923 D SubscriptionController: [addSubInfoRecord] Record already exists
02-20 19:44:13.757  1923  1923 D SubscriptionController: [addSubInfoRecord] sSlotIdxToSubId.size=1 slotId=0 subId=1 defaultSubId=1 simCount=1
02-20 19:44:13.757  1923  1923 D SubscriptionController: [setDefaultFallbackSubId] subId=1
02-20 19:44:13.757  1923  1923 D SubscriptionController: [setDefaultFallbackSubId] set mDefaultFallbackSubId=1
02-20 19:44:13.757  1923  1923 D MccTable: updateMccMncConfiguration mccmnc='310260' fromServiceState=false
02-20 19:44:13.758  1923  1923 D MccTable: updateMccMncConfiguration defaultMccMnc=310260
02-20 19:44:13.758  1923  1923 D MccTable: updateMccMncConfiguration: mcc=310, mnc=260
02-20 19:44:13.758  1923  1923 D MccTable: updateMccMncConfiguration updateConfig config={1.0 310mcc260mnc ?localeList ?layoutDir ?swdp ?wdp ?hdp ?density ?lsize ?long ?orien ?uimode ?night ?touch ?keyb/?/? ?nav/?}
02-20 19:44:13.763  2069  2069 I GAv4    : Google Analytics 9.2.56 is starting up. To enable debug logging on a device run:
02-20 19:44:13.763  2069  2069 I GAv4    :   adb shell setprop log.tag.GAv4 DEBUG
02-20 19:44:13.763  2069  2069 I GAv4    :   adb logcat -s GAv4
02-20 19:44:13.786  1683  1963 I dvm_lock_sample: [system_server,1,Binder:1683_5,49,WindowManagerService.java,1887,WindowAnimator.java,144,9]
02-20 19:44:13.788  1923  1923 D SubscriptionController: [setDefaultFallbackSubId] broadcast default subId changed phoneId=0 subId=1
02-20 19:44:13.800  2069  2102 W GAv4    : AnalyticsReceiver is not registered or is disabled. Register the receiver for reliable dispatching on non-Google Play devices. See http://goo.gl/8Rd3yj for instructions.
02-20 19:44:13.803  2069  2102 W GAv4    : CampaignTrackingReceiver is not registered, not exported or is disabled. Installation campaign tracking is not possible. See http://goo.gl/8Rd3yj for instructions.
02-20 19:44:13.805  2069  2102 W GAv4    : AnalyticsService not registered in the app manifest. Hits might not be delivered reliably. See http://goo.gl/8Rd3yj for instructions.
02-20 19:44:13.931  1312  1915 D gralloc_ranchu: gralloc_alloc: Creating ashmem region of size 15945728
02-20 19:44:13.932  1683  1694 I dvm_lock_sample: [system_server,1,Binder:1683_1,43,WindowManagerService.java,10499,-,2857,8]
02-20 19:44:13.934  1767  1767 I Choreographer: Skipped 32 frames!  The application may be doing too much work on its main thread.
02-20 19:44:13.936  1923  1923 D SubscriptionController: [addSubInfoRecord] one sim set defaults to subId=1
02-20 19:44:13.937  1923  1923 D SubscriptionController: [setDefaultDataSubId] num phones=1, subId=1
02-20 19:44:13.937  1923  1923 D SubscriptionController: [setDefaultDataSubId] phoneId=0 subId=1 RAF=1
02-20 19:44:13.938  1923  1923 D ProxyController: setRadioCapability: Already in requested configuration, nothing to do.
02-20 19:44:13.938  1923  1923 D SubscriptionController: [updateAllDataConnectionTrackers] sPhones.length=1
02-20 19:44:13.938  1923  1923 D SubscriptionController: [updateAllDataConnectionTrackers] phoneId=0
02-20 19:44:13.938  1923  1923 D DCT     : [0]update sub = 1
02-20 19:44:13.938  1923  1923 D DCT     : [0]update(): Active DDS, register for all events now!
02-20 19:44:13.938  1923  1923 D DCT     : [0]New records found.
02-20 19:44:13.938  1923  1923 D SST     : mDeviceShuttingDown=false, mDesiredPowerState=true, getRadioState=RADIO_ON, mPowerOffDelayNeed=true, mAlarmSwitch=false, mRadioDisabledByCarrier=false
02-20 19:44:13.939  1767  1767 D ViewRootImpl[StatusBar]: changeCanvasOpacity: opaque=true
02-20 19:44:13.939  1923  1935 D RILJ    : [3736]> RIL_REQUEST_GET_CELL_INFO_LIST [SUB0]
02-20 19:44:13.940  1923  1923 D GsmCdmaPhone: [GsmCdmaPhone] updateCurrentCarrierInProvider: mSubId = 1 currentDds = 1 operatorNumeric = 310260
02-20 19:44:13.940  1376  1465 D RIL     : onRequest: GET_CELL_INFO_LIST
02-20 19:44:13.940  1376  1465 D RILC    : responseCellInfoList: v12
02-20 19:44:13.941  1923  2021 D RILJ    : [3736]< RIL_REQUEST_GET_CELL_INFO_LIST [CellInfoGsm:{mRegistered=YES mTimeStampType=modem mTimeStamp=14021300974ns CellIdentityGsm:{ mMcc=310 mMnc=260 mLac=3 mCid=91 mArfcn=10 mBsic=0x0} CellSignalStrengthGsm: ss=-956968520 ber=30471 mTa=-954774404}] [SUB0]
02-20 19:44:13.961  1923  1923 D SubscriptionController: [broadcastDefaultDataSubIdChanged] subId=1
02-20 19:44:13.961  1923  1923 D SubscriptionController: [setDefaultSmsSubId] subId=1
02-20 19:44:13.962  1923  1923 D SubscriptionController: [broadcastDefaultSmsSubIdChanged] subId=1
02-20 19:44:13.962  1923  1923 D SubscriptionController: [setDefaultVoiceSubId] subId=1
02-20 19:44:13.962  1923  1923 D SubscriptionController: [broadcastDefaultVoiceSubIdChanged] subId=1
02-20 19:44:13.963  1923  1923 D SubscriptionController: [addSubInfoRecord] hashmap(0,1)
02-20 19:44:13.966  1923  1923 D SubscriptionController: [addSubInfoRecord] sim name = Android
02-20 19:44:13.966  1923  1923 D DCT     : [0]update sub = 1
02-20 19:44:13.966  1923  1923 D DCT     : [0]update(): Active DDS, register for all events now!
02-20 19:44:13.966  1923  1923 D GsmCdmaPhone: [GsmCdmaPhone] updateCurrentCarrierInProvider: mSubId = 1 currentDds = 1 operatorNumeric = 310260
02-20 19:44:13.990  2069  2069 I AlarmClock: AlarmInitReceiver android.intent.action.TIME_SET
02-20 19:44:14.005  1923  1923 D SubscriptionController: [addSubInfoRecord]- info size=1
02-20 19:44:14.005  1923  1923 D SubscriptionInfoUpdater: newSim = false
02-20 19:44:14.005  1923  1923 D SubscriptionInfoUpdater: updateSubscriptionInfoByIccId: sInsertSimState[0] = 0
02-20 19:44:14.008  1923  1923 D SubscriptionInfoUpdater: updateSubscriptionInfoByIccId: nSubCount = 1
02-20 19:44:14.009  1923  1923 D SubscriptionController: [setDefaultDataSubId] num phones=1, subId=1
02-20 19:44:14.009  1923  1923 D SubscriptionController: [setDefaultDataSubId] phoneId=0 subId=1 RAF=1
02-20 19:44:14.009  1923  1923 D ProxyController: setRadioCapability: Already in requested configuration, nothing to do.
02-20 19:44:14.009  1923  1923 D SubscriptionController: [updateAllDataConnectionTrackers] sPhones.length=1
02-20 19:44:14.009  1923  1923 D SubscriptionController: [updateAllDataConnectionTrackers] phoneId=0
02-20 19:44:14.009  1923  1923 D DCT     : [0]update sub = 1
02-20 19:44:14.009  1923  1923 D DCT     : [0]update(): Active DDS, register for all events now!
02-20 19:44:14.009  1923  1923 D GsmCdmaPhone: [GsmCdmaPhone] updateCurrentCarrierInProvider: mSubId = 1 currentDds = 1 operatorNumeric = 310260
02-20 19:44:14.031  1923  1923 D SubscriptionController: [broadcastDefaultDataSubIdChanged] subId=1
02-20 19:44:14.032  1923  1923 D SubscriptionController: notifySubscriptionInfoChanged:
02-20 19:44:14.032  1683  1683 I GnssLocationProvider: WakeLock acquired by sendMessage(12, 0, null)
02-20 19:44:14.032  1923  1936 D SubscriptionMonitor: Phone[0] subId changed -2->1, 1 registrants
02-20 19:44:14.032  1923  1936 D SubscriptionMonitor: mDefaultDataSubId = 1, 1 registrants
02-20 19:44:14.033  1923  1923 D SubscriptionInfoUpdater: updateSubscriptionInfoByIccId:- SsubscriptionInfo update complete
02-20 19:44:14.033  1923  1923 D MccTable: updateMccMncConfiguration mccmnc='310260' fromServiceState=false
02-20 19:44:14.033  1923  1923 D MccTable: updateMccMncConfiguration defaultMccMnc=310260
02-20 19:44:14.033  1923  1923 D MccTable: updateMccMncConfiguration: mcc=310, mnc=260
02-20 19:44:14.033  1923  1923 D MccTable: updateMccMncConfiguration updateConfig config={1.0 310mcc260mnc ?localeList ?layoutDir ?swdp ?wdp ?hdp ?density ?lsize ?long ?orien ?uimode ?night ?touch ?keyb/?/? ?nav/?}
02-20 19:44:14.064  1923  1923 D SubscriptionController: [setMccMnc]+ mcc/mnc:310/260 subId:1
02-20 19:44:14.076  1923  1923 D SubscriptionController: notifySubscriptionInfoChanged:
02-20 19:44:14.087  1683  1683 I GnssLocationProvider: WakeLock acquired by sendMessage(12, 0, null)
02-20 19:44:14.091  1683  1696 W GnssLocationProvider: Could not open GPS configuration file /etc/gps.conf
02-20 19:44:14.091  1683  1696 E GnssLocationProvider: no AGPS interface in set_agps_server
02-20 19:44:14.091  1683  1696 I GnssLocationProvider: WakeLock released by handleMessage(12, 0, null)
02-20 19:44:14.110  1923  1923 D SubscriptionController: [getActiveSubscriptionInfo]+ subId=1 subInfo={id=1, iccId=89014103211118510720 simSlotIndex=0 displayName=Android carrierName=Android nameSource=0 iconTint=-16746133 dataRoaming=0 iconBitmap=android.graphics.Bitmap@3b72ac8 mcc 310 mnc 260}
02-20 19:44:14.110  1923  1923 D SubscriptionInfoUpdater: sim name = Android
02-20 19:44:14.117  1923  1923 D SubscriptionInfoUpdater: Broadcasting intent ACTION_SIM_STATE_CHANGED LOADED reason null for mCardIndex: 0
02-20 19:44:14.118  1683  1683 D WifiService: resetting networks because SIM was loaded
02-20 19:44:14.118  1683  1737 D WifiStateMachine: resetting EAP-SIM/AKA/AKA' networks since SIM was changed
02-20 19:44:14.119  1923  1923 D CarrierConfigLoader: update config for phoneId: 0 simState: LOADED
02-20 19:44:14.119  1923  1923 D CarrierSvcBindHelper: update binding for phoneId: 0 simState: LOADED
02-20 19:44:14.136  2069  2105 V AlarmClock: AlarmInitReceiver finished
02-20 19:44:14.149  1683  1696 W GnssLocationProvider: Could not open GPS configuration file /etc/gps.conf
02-20 19:44:14.149  1683  1696 E GnssLocationProvider: no AGPS interface in set_agps_server
02-20 19:44:14.149  1683  1696 I GnssLocationProvider: WakeLock released by handleMessage(12, 0, null)
02-20 19:44:14.150  1923  1923 D SubscriptionController: [getActiveSubscriptionInfo]+ subId=1 subInfo={id=1, iccId=89014103211118510720 simSlotIndex=0 displayName=Android carrierName=Android nameSource=0 iconTint=-16746133 dataRoaming=0 iconBitmap=android.graphics.Bitmap@e984747 mcc 310 mnc 260}
02-20 19:44:14.152  2036  2036 D CellBroadcastReceiver: Service state changed! 0 Full: 0 0 voice home data home Android Android 310260 Android Android 310260  Unknown LTE CSS not supported 0 0 RoamInd=0 DefRoamInd=0 EmergOnly=false IsDataRoamingFromRegistration=false IsUsingCarrierAggregation=false Current state=-1
02-20 19:44:14.154  2036  2036 D CellBroadcastReceiver: Start Cell Broadcast configuration.
02-20 19:44:14.156  1683  1963 I Telecom : PhoneAccountRegistrar: [ComponentInfo{com.android.phone/com.android.services.telephony.TelephonyConnectionService}, [e0184adedf913b076626646d3f52c3b49c39ad6d], UserHandle{0}(icon: Icon(typ=BITMAP size=76x96) -> Icon(typ=BITMAP size=76x96))]: TSI.rPA@ABE
02-20 19:44:14.157  1683  1963 I Telecom : : Sending phone-account registered intent as user: TSI.rPA@ABE
02-20 19:44:14.166  1923  1923 D DCT     : [0]onRecordsLoadedOrSubIdChanged: createAllApnList
02-20 19:44:14.166  1923  1923 D DCT     : [0]createAllApnList: selection=numeric = '310260'
02-20 19:44:14.171  1923  1923 D DCT     : [0]createApnList: X result=[[ApnSettingV3] T-Mobile US, 1, 310260, epc.tmobile.com, , http://mms.msg.eng.t-mobile.com/mms/wapenc, , , , -1, *, IP, IP, true, 0, 0, 0, false, 0, 0, 0, 0, , , false]
02-20 19:44:14.172  1923  1923 D TelephonyProvider: subIdString = 1 subId = 1
02-20 19:44:14.181  1939  1993 D EGL_emulation: eglMakeCurrent: 0x7dcda8bf0200: ver 3 0 (tinfo 0x7dcdb31edb80)
02-20 19:44:14.183  1683  1696 W GnssLocationProvider: Could not open GPS configuration file /etc/gps.conf
02-20 19:44:14.183  1683  1696 E GnssLocationProvider: no AGPS interface in set_agps_server
02-20 19:44:14.192  1923  1923 D DCT     : [0]getPreferredApn: mRequestedApnType=default cursor=android.content.ContentResolver$CursorWrapperInner@575cc5e cursor.count=1
02-20 19:44:14.192  1923  1923 D DCT     : [0]getPreferredApn: apnSetting=[ApnSettingV3] T-Mobile US, 1, 310260, epc.tmobile.com, , http://mms.msg.eng.t-mobile.com/mms/wapenc, , , , -1, *, IP, IP, true, 0, 0, 0, false, 0, 0, 0, 0, , , false
02-20 19:44:14.192  1923  1923 D DCT     : [0]getPreferredApn: X found apnSetting[ApnSettingV3] T-Mobile US, 1, 310260, epc.tmobile.com, , http://mms.msg.eng.t-mobile.com/mms/wapenc, , , , -1, *, IP, IP, true, 0, 0, 0, false, 0, 0, 0, 0, , , false
02-20 19:44:14.192  1923  1923 D DCT     : [0]createAllApnList: mPreferredApn=[ApnSettingV3] T-Mobile US, 1, 310260, epc.tmobile.com, , http://mms.msg.eng.t-mobile.com/mms/wapenc, , , , -1, *, IP, IP, true, 0, 0, 0, false, 0, 0, 0, 0, , , false
02-20 19:44:14.192  1923  1923 D DCT     : [0]createAllApnList: X mAllApnSettings=[[ApnSettingV3] T-Mobile US, 1, 310260, epc.tmobile.com, , http://mms.msg.eng.t-mobile.com/mms/wapenc, , , , -1, *, IP, IP, true, 0, 0, 0, false, 0, 0, 0, 0, , , false]
02-20 19:44:14.192  1923  1923 D DCT     : [0]setDataProfilesAsNeeded
02-20 19:44:14.192  1923  1923 D DCT     : [0]setInitialApn: E mPreferredApn=[ApnSettingV3] T-Mobile US, 1, 310260, epc.tmobile.com, , http://mms.msg.eng.t-mobile.com/mms/wapenc, , , , -1, *, IP, IP, true, 0, 0, 0, false, 0, 0, 0, 0, , , false
02-20 19:44:14.192  1923  1923 D DCT     : [0]setInitialApn: firstApnSetting=[ApnSettingV3] T-Mobile US, 1, 310260, epc.tmobile.com, , http://mms.msg.eng.t-mobile.com/mms/wapenc, , , , -1, *, IP, IP, true, 0, 0, 0, false, 0, 0, 0, 0, , , false
02-20 19:44:14.192  1923  1923 D DCT     : [0]setInitialApn: defaultApnSetting=[ApnSettingV3] T-Mobile US, 1, 310260, epc.tmobile.com, , http://mms.msg.eng.t-mobile.com/mms/wapenc, , , , -1, *, IP, IP, true, 0, 0, 0, false, 0, 0, 0, 0, , , false
02-20 19:44:14.192  1923  1923 D DCT     : [0]setInitialAttachApn: using mPreferredApn
02-20 19:44:14.192  1923  1923 D DCT     : [0]setInitialAttachApn: X selected Apn=[ApnSettingV3] T-Mobile US, 1, 310260, epc.tmobile.com, , http://mms.msg.eng.t-mobile.com/mms/wapenc, , , , -1, *, IP, IP, true, 0, 0, 0, false, 0, 0, 0, 0, , , false
02-20 19:44:14.192  1923  1923 D RILJ    : Set RIL_REQUEST_SET_INITIAL_ATTACH_APN [SUB0]
02-20 19:44:14.192  1923  1923 D RILJ    : [3737]> RIL_REQUEST_SET_INITIAL_ATTACH_APN, apn:epc.tmobile.com, protocol:IP, authType:-1, username:none, password:none [SUB0]
02-20 19:44:14.193  1923  1923 D DCT     : [0]onRecordsLoadedOrSubIdChanged: notifying data availability
02-20 19:44:14.193  1376  1465 D RIL     : onRequest: RIL_REQUEST_SET_INITIAL_ATTACH_APN
02-20 19:44:14.193  1376  1465 D RIL     : Request not supported. Tech: 1
02-20 19:44:14.193  1923  2021 D RilRequest: [3737]< RIL_REQUEST_SET_INITIAL_ATTACH_APN error: com.android.internal.telephony.CommandException: REQUEST_NOT_SUPPORTED ret=
02-20 19:44:14.194  1683  1963 D TelephonyRegistry: Notify data connection state changed on sub: 1
02-20 19:44:14.194  1683  1963 D TelephonyRegistry: Notify data connection state changed on sub: 1
02-20 19:44:14.206  1923  1923 D DCT     : [0]setupDataOnConnectableApns: simLoaded hipri:[state=IDLE,enabled=false] mms:[state=IDLE,enabled=false] supl:[state=IDLE,enabled=false] ia:[state=IDLE,enabled=false] fota:[state=IDLE,enabled=false] ims:[state=IDLE,enabled=false] cbs:[state=IDLE,enabled=false] default:[state=IDLE,enabled=false] emergency:[state=IDLE,enabled=false] 
02-20 19:44:14.208  1923  1923 I Telephony: PstnIncomingCallNotifier: Unregistering: Handler (com.android.internal.telephony.GsmCdmaPhone) {f3eaab4}
02-20 19:44:14.211  1923  1923 D SubscriptionController: [getActiveSubscriptionInfo]+ subId=1 subInfo={id=1, iccId=89014103211118510720 simSlotIndex=0 displayName=Android carrierName=Android nameSource=0 iconTint=-16746133 dataRoaming=0 iconBitmap=android.graphics.Bitmap@1ce506a mcc 310 mnc 260}
02-20 19:44:14.238  1683  1698 V KeyguardServiceDelegate: *** Keyguard connected (yay!)
02-20 19:44:14.249  1312  2109 D         : HostConnection::get() New Host Connection established 0x75ecb942fca0, tid 2109
02-20 19:44:14.253  1767  1997 D         : HostConnection::get() New Host Connection established 0x7dcdab412d20, tid 1997
02-20 19:44:14.254  1767  1997 I OpenGLRenderer: Initialized EGL, version 1.4
02-20 19:44:14.254  1767  1997 D OpenGLRenderer: Swap behavior 1
02-20 19:44:14.255  2036  2110 D CellBroadcastConfigService: Enable CellBroadcast on sub 1
02-20 19:44:14.258  1683  1694 I Telecom : PhoneAccountRegistrar: New phone account registered: [[ ] PhoneAccount: ComponentInfo{com.android.phone/com.android.services.telephony.TelephonyConnectionService}, [e2f7d48dd2b5ca523e7313cf4ba0f6ea830b6281], UserHandle{0} Capabilities: CallProvider MultiUser PlaceEmerg SimSub  Schemes: tel voicemail  Extras: null GroupId: [da39a3ee5e6b4b0d3255bfef95601890afd80709]]: TSI.rPA@ABI
02-20 19:44:14.260  1683  1694 I Telecom : : Sending phone-account registered intent as user: TSI.rPA@ABI
02-20 19:44:14.260  1923  1923 I Telephony: AccountEntry: Registered phoneAccount: [[ ] PhoneAccount: ComponentInfo{com.android.phone/com.android.services.telephony.TelephonyConnectionService}, [e2f7d48dd2b5ca523e7313cf4ba0f6ea830b6281], UserHandle{0} Capabilities: CallProvider MultiUser PlaceEmerg SimSub  Schemes: tel voicemail  Extras: null GroupId: [da39a3ee5e6b4b0d3255bfef95601890afd80709]] with handle: ComponentInfo{com.android.phone/com.android.services.telephony.TelephonyConnectionService}, [e2f7d48dd2b5ca523e7313cf4ba0f6ea830b6281], UserHandle{0}
02-20 19:44:14.260  1923  1923 I Telephony: PstnIncomingCallNotifier: Registering: Handler (com.android.internal.telephony.GsmCdmaPhone) {f3eaab4}
02-20 19:44:14.261  1923  1923 I Telephony: TelecomAccountRegistry: Unregistering phone account ComponentInfo{com.android.phone/com.android.services.telephony.TelephonyConnectionService}, [e0184adedf913b076626646d3f52c3b49c39ad6d], UserHandle{0}.
02-20 19:44:14.263  1683  1790 I Telecom : : Sending phone-account unregistered intent as user: TSI.uPA@ABQ
02-20 19:44:14.264  1923  1923 D SST     : SubscriptionListener.onSubscriptionInfoChanged
02-20 19:44:14.265  1923  1935 D SST     : SST.getAllCellInfo(): return last, back to back calls
02-20 19:44:14.266  1767  1997 D EGL_emulation: eglCreateContext: 0x7dcdab465540: maj 3 min 0 rcv 3
02-20 19:44:14.267  1923  1923 D PhoneFactory: calculatePreferredNetworkType: phoneSubId = 1 networkType = 0
02-20 19:44:14.267  1923  1923 D Phone   : setPreferredNetworkType: Abort, unknown RAF: 1 101902
02-20 19:44:14.268  1923  1923 D Phone   : setNetworkSelectionModeAutomatic, querying current mode
02-20 19:44:14.268  1923  1923 D RILJ    : [3738]> QUERY_NETWORK_SELECTION_MODE [SUB0]
02-20 19:44:14.269  1923  1923 D TelephonyManager: setTelephonyProperty: success phoneId=0 property=gsm.network.type value: LTE propVal=LTE
02-20 19:44:14.269  1376  1465 D RIL     : onRequest: QUERY_NETWORK_SELECTION_MODE
02-20 19:44:14.269  1376  1465 D AT      : AT> AT+COPS?
02-20 19:44:14.269  1376  1467 D AT      : AT< +COPS: 0,2,310260
02-20 19:44:14.269  1376  1467 D AT      : AT< OK
02-20 19:44:14.269  1923  2021 D RILJ    : [3738]< QUERY_NETWORK_SELECTION_MODE {0} [SUB0]
02-20 19:44:14.270  1923  1923 D SubscriptionController: [setCarrierText]+ text:Android subId:1
02-20 19:44:14.272  1923  1936 D SST     : SST.getAllCellInfo(): return last, back to back calls
02-20 19:44:14.272  1923  1936 D SST     : SST.getAllCellInfo(): return last, back to back calls
02-20 19:44:14.278  1923  1923 D SubscriptionController: notifySubscriptionInfoChanged:
02-20 19:44:14.278  1683  1683 I GnssLocationProvider: WakeLock acquired by sendMessage(12, 0, null)
02-20 19:44:14.279  1923  1923 D SIMRecords: [SIMRecords] getServiceProviderName: no brandOverride, providerName=Android
02-20 19:44:14.279  1923  1923 D SIMRecords: [SIMRecords] getServiceProviderName: no brandOverride, providerName=Android
02-20 19:44:14.279  1923  1923 D SST     : updateSpnDisplay: changed sending intent rule=1 showPlmn='false' plmn='Android' showSpn='true' spn='Android' dataSpn='Android' subId='1'
02-20 19:44:14.280  1923  1923 D SubscriptionController: [setCarrierText]+ text:Android subId:1
02-20 19:44:14.286  1923  1923 D SubscriptionController: notifySubscriptionInfoChanged:
02-20 19:44:14.286  1683  1683 I GnssLocationProvider: WakeLock acquired by sendMessage(12, 0, null)
02-20 19:44:14.287  1923  1923 D SIMRecords: [SIMRecords]  VoiceMessageCount from SIM MWIS = 0
02-20 19:44:14.287  1923  1923 D Phone   : getStoredVoiceMessageCount: from preference for subId 1= 0
02-20 19:44:14.287  1923  1923 D GsmCdmaPhone: [GsmCdmaPhone] updateVoiceMail countVoiceMessages = 0 subId 1
02-20 19:44:14.287  1923  1923 D Phone   : setVoiceMessageCount: Storing Voice Mail Count = 0 for mVmCountKey = vm_count_key1 in preferences.
02-20 19:44:14.288  1923  1923 D DCT     : [0]SubscriptionListener.onSubscriptionInfoChanged
02-20 19:44:14.290  1923  1923 D DCT     : [0]onRecordsLoadedOrSubIdChanged: createAllApnList
02-20 19:44:14.290  1923  1923 D DCT     : [0]createAllApnList: selection=numeric = '310260'
02-20 19:44:14.293  1923  1923 D DCT     : [0]createApnList: X result=[[ApnSettingV3] T-Mobile US, 1, 310260, epc.tmobile.com, , http://mms.msg.eng.t-mobile.com/mms/wapenc, , , , -1, *, IP, IP, true, 0, 0, 0, false, 0, 0, 0, 0, , , false]
02-20 19:44:14.293  1923  1923 D TelephonyProvider: subIdString = 1 subId = 1
02-20 19:44:14.295  1923  1923 D DCT     : [0]getPreferredApn: mRequestedApnType=default cursor=android.content.ContentResolver$CursorWrapperInner@24482c2 cursor.count=1
02-20 19:44:14.295  1923  1923 D DCT     : [0]getPreferredApn: apnSetting=[ApnSettingV3] T-Mobile US, 1, 310260, epc.tmobile.com, , http://mms.msg.eng.t-mobile.com/mms/wapenc, , , , -1, *, IP, IP, true, 0, 0, 0, false, 0, 0, 0, 0, , , false
02-20 19:44:14.295  1923  1923 D DCT     : [0]getPreferredApn: X found apnSetting[ApnSettingV3] T-Mobile US, 1, 310260, epc.tmobile.com, , http://mms.msg.eng.t-mobile.com/mms/wapenc, , , , -1, *, IP, IP, true, 0, 0, 0, false, 0, 0, 0, 0, , , false
02-20 19:44:14.295  1923  1923 D DCT     : [0]createAllApnList: mPreferredApn=[ApnSettingV3] T-Mobile US, 1, 310260, epc.tmobile.com, , http://mms.msg.eng.t-mobile.com/mms/wapenc, , , , -1, *, IP, IP, true, 0, 0, 0, false, 0, 0, 0, 0, , , false
02-20 19:44:14.295  1923  1923 D DCT     : [0]createAllApnList: X mAllApnSettings=[[ApnSettingV3] T-Mobile US, 1, 310260, epc.tmobile.com, , http://mms.msg.eng.t-mobile.com/mms/wapenc, , , , -1, *, IP, IP, true, 0, 0, 0, false, 0, 0, 0, 0, , , false]
02-20 19:44:14.295  1923  1923 D DCT     : [0]setDataProfilesAsNeeded
