02-20 19:45:19.480  1646  1692 D         : HostConnection::get() New Host Connection established 0x70b5f2a1d880, tid 1692
02-20 19:45:19.487  1646  1646 I Zygote  : Process: zygote socket opened, supported ABIS: x86
02-20 19:45:19.488  1364  1558 I art     : Starting a blocking GC HeapTrim
02-20 19:45:19.489  1364  1364 I art     : Starting a blocking GC Background
02-20 19:45:19.503  1646  1779 E WVMExtractor: Failed to open libwvm.so: dlopen failed: library "libwvm.so" not found
02-20 19:45:19.508  1267  1302 V vold    : /dev/block/vold/disk:253,64: LABEL="SDCARD" UUID="1E12-0B12" TYPE="vfat" 
02-20 19:45:19.508  1267  1302 V vold    : 
02-20 19:45:19.508  1646  1728 D VoldConnector: RCV <- {650 public:253,64 0 "disk:253,64" ""}
02-20 19:45:19.508  1646  1728 D VoldConnector: RCV <- {651 public:253,64 0}
02-20 19:45:19.508  1646  1728 D VoldConnector: RCV <- {643 disk:253,64}
02-20 19:45:19.509  1646  1728 D VoldConnector: RCV <- {200 3 Command succeeded}
02-20 19:45:19.509  1646  1727 D VoldConnector: SND -> {4 volume user_added 0 0}
02-20 19:45:19.509  1646  1728 D VoldConnector: RCV <- {200 4 Command succeeded}
02-20 19:45:19.510     0     0 D ieee80211 phy1: hw scan 2457 MHz
02-20 19:45:19.532  1646  1646 W ActivityManager: Slow operation: 56ms so far, now at startProcess: returned from zygote!
02-20 19:45:19.532  1646  1646 W ActivityManager: Slow operation: 56ms so far, now at startProcess: done updating battery stats
02-20 19:45:19.532  1646  1646 I am_proc_start: [0,1795,1037,WebViewLoader-x86,,]
02-20 19:45:19.532  1646  1646 W ActivityManager: Slow operation: 56ms so far, now at startProcess: building log message
02-20 19:45:19.532  1646  1646 I ActivityManager: Start proc 1795:WebViewLoader-x86/1037 [android.webkit.WebViewFactory$RelroFileCreator] for 
02-20 19:45:19.532  1646  1646 W ActivityManager: Slow operation: 56ms so far, now at startProcess: starting to update pids map
02-20 19:45:19.532  1646  1646 W ActivityManager: Slow operation: 56ms so far, now at startProcess: done updating pids map
02-20 19:45:19.532  1646  1646 W ActivityManager: Slow operation: 56ms so far, now at startProcess: done starting proc!
02-20 19:45:19.538  1373  1373 I MediaPlayerService: MediaPlayerService::getOMX
02-20 19:45:19.540  1373  1373 I OMXClient: MuxOMX ctor
02-20 19:45:19.544  1373  1373 I MediaPlayerService: MediaPlayerService::getOMX
02-20 19:45:19.544  1373  1373 I OMXClient: MuxOMX ctor
02-20 19:45:19.544  1370  1370 I OMXMaster: makeComponentInstance(OMX.google.mp3.decoder) in mediacodec process
02-20 19:45:19.545  1646  1646 I am_proc_start: [0,1802,1037,WebViewLoader-x86_64,,]
02-20 19:45:19.545  1646  1646 I ActivityManager: Start proc 1802:WebViewLoader-x86_64/1037 [android.webkit.WebViewFactory$RelroFileCreator] for 
02-20 19:45:19.545  1646  1688 I am_proc_bound: [0,1766,com.android.systemui]
02-20 19:45:19.549  1646  1751 I am_proc_bound: [0,1760,com.android.inputmethod.latin]
02-20 19:45:19.554  1646  1646 D NetworkManagement: enabling bandwidth control
02-20 19:45:19.555  1646  1727 D VoldConnector: SND -> {5 volume mount emulated 3 -1}
02-20 19:45:19.565  1646  1728 D VoldConnector: RCV <- {651 emulated 1}
02-20 19:45:19.565  1646  1728 D VoldConnector: RCV <- {656 emulated /data/media}
02-20 19:45:19.565  1646  1728 D VoldConnector: RCV <- {655 emulated /storage/emulated}
02-20 19:45:19.579  1795  1795 W art     : Unexpected CPU variant for X86 using defaults: x86
02-20 19:45:19.586  1802  1802 W art     : Unexpected CPU variant for X86 using defaults: x86_64
02-20 19:45:19.591  1267  1302 V vold    : Waiting for FUSE to spin up...
02-20 19:45:19.598  1802  1802 V WebViewFactory: RelroFileCreator (64bit = true),  32-bit lib: /system/app/Chrome/Chrome.apk!/lib/x86/libmonochrome.so, 64-bit lib: /system/app/Chrome/Chrome.apk!/lib/x86_64/libmonochrome.so
02-20 19:45:19.603  1808  1808 W sdcard  : Device explicitly disabled sdcardfs
02-20 19:45:19.617     0     0 D SELinux : initialized (dev fuse, type fuse), uses genfs_contexts
02-20 19:45:19.605  1766  1766 W System  : ClassLoader referenced unknown path: /system/priv-app/SystemUIGoogle/lib/x86_64
02-20 19:45:19.621     0     0 D SELinux : initialized (dev fuse, type fuse), uses genfs_contexts
02-20 19:45:19.631     0     0 D ieee80211 phy1: hw scan 2462 MHz
02-20 19:45:19.635  1795  1795 V WebViewFactory: RelroFileCreator (64bit = false),  32-bit lib: /system/app/Chrome/Chrome.apk!/lib/x86/libmonochrome.so, 64-bit lib: /system/app/Chrome/Chrome.apk!/lib/x86_64/libmonochrome.so
02-20 19:45:19.632     0     0 D SELinux : initialized (dev fuse, type fuse), uses genfs_contexts
02-20 19:45:19.656  1646  1728 D VoldConnector: RCV <- {651 emulated 2}
02-20 19:45:19.656  1646  1728 D VoldConnector: RCV <- {200 5 Command succeeded}
02-20 19:45:19.659  1646  1727 D VoldConnector: SND -> {6 volume mount public:253,64 2 0}
02-20 19:45:19.660  1267  1302 V vold    : /system/bin/blkid
02-20 19:45:19.660  1267  1302 V vold    :     -c
02-20 19:45:19.660  1267  1302 V vold    :     /dev/null
02-20 19:45:19.660  1267  1302 V vold    :     -s
02-20 19:45:19.660  1267  1302 V vold    :     TYPE
02-20 19:45:19.660  1267  1302 V vold    :     -s
02-20 19:45:19.660  1267  1302 V vold    :     UUID
02-20 19:45:19.660  1267  1302 V vold    :     -s
02-20 19:45:19.660  1267  1302 V vold    :     LABEL
02-20 19:45:19.660  1267  1302 V vold    :     /dev/block/vold/public:253,64
02-20 19:45:19.660  1646  1728 D VoldConnector: RCV <- {651 public:253,64 1}
02-20 19:45:19.664  1373  1373 I MediaPlayerService: MediaPlayerService::getOMX
02-20 19:45:19.664  1373  1373 I OMXClient: MuxOMX ctor
02-20 19:45:19.664  1370  1415 I OMXMaster: makeComponentInstance(OMX.google.amrnb.decoder) in mediacodec process
02-20 19:45:19.675  1373  1373 I MediaPlayerService: MediaPlayerService::getOMX
02-20 19:45:19.675  1373  1373 I OMXClient: MuxOMX ctor
02-20 19:45:19.675  1370  1839 I OMXMaster: makeComponentInstance(OMX.google.amrwb.decoder) in mediacodec process
02-20 19:45:19.694  1373  1373 I MediaPlayerService: MediaPlayerService::getOMX
02-20 19:45:19.695  1373  1373 I OMXClient: MuxOMX ctor
02-20 19:45:19.695  1370  1415 I OMXMaster: makeComponentInstance(OMX.google.aac.decoder) in mediacodec process
02-20 19:45:19.710  1373  1373 I MediaPlayerService: MediaPlayerService::getOMX
02-20 19:45:19.710  1373  1373 I OMXClient: MuxOMX ctor
02-20 19:45:19.710  1370  1370 I OMXMaster: makeComponentInstance(OMX.google.g711.alaw.decoder) in mediacodec process
02-20 19:45:19.735  1267  1302 V vold    : /dev/block/vold/public:253,64: LABEL="SDCARD" UUID="1E12-0B12" TYPE="vfat" 
02-20 19:45:19.735  1267  1302 V vold    : 
02-20 19:45:19.736  1267  1302 V vold    : /system/bin/fsck_msdos
02-20 19:45:19.736  1267  1302 V vold    :     -p
02-20 19:45:19.736  1267  1302 V vold    :     -f
02-20 19:45:19.736  1267  1302 V vold    :     /dev/block/vold/public:253,64
02-20 19:45:19.736  1646  1728 D VoldConnector: RCV <- {652 public:253,64 vfat}
02-20 19:45:19.737  1646  1728 D VoldConnector: RCV <- {653 public:253,64 1E12-0B12}
02-20 19:45:19.737  1646  1728 D VoldConnector: RCV <- {654 public:253,64 SDCARD}
02-20 19:45:19.750     0     0 D ieee80211 phy1: hw scan complete
02-20 19:45:19.750     0     0 D ieee80211 phy1: mac80211_hwsim_get_survey (idx=0)
02-20 19:45:19.781  1646  1736 D WifiController: DEFERRED_TOGGLE handled
02-20 19:45:19.786  1267  1302 I fsck_msdos: ** /dev/block/vold/public:253,64
02-20 19:45:19.786  1267  1302 I fsck_msdos: ** Phase 1 - Read and Compare FATs
02-20 19:45:19.786  1267  1302 I fsck_msdos: Attempting to allocate 1022 KB for FAT
02-20 19:45:19.795     0     0 D ieee80211 phy1: mac80211_hwsim_config (freq=0 idle=0 ps=0 smps=auto)
02-20 19:45:19.795     0     0 D ieee80211 phy1: add channel context control: 2447 MHz/width: 2/cfreqs:2437/0 MHz
02-20 19:45:19.795     0     0 D ieee80211 phy1: mac80211_hwsim_bss_info_changed(changed=0x40000)
02-20 19:45:19.795     0     0 D ieee80211 phy1: TX Power: 20 dBm
02-20 19:45:19.795     0     0 D ieee80211 phy1: mac80211_hwsim_bss_info_changed(changed=0x4000)
02-20 19:45:19.795     0     0 D ieee80211 phy1: change channel context control: 2447 MHz/width: 2/cfreqs:2437/0 MHz
02-20 19:45:19.795     0     0 D ieee80211 phy1: mac80211_hwsim_bss_info_changed(changed=0x88340)
02-20 19:45:19.795     0     0 D ieee80211 phy1: BCNINT: 100
02-20 19:45:19.795     0     0 D ieee80211 phy1: BCN EN: 1
02-20 19:45:19.795     0     0 D ieee80211 phy1: mac80211_hwsim_bss_info_changed(changed=0x3e)
02-20 19:45:19.795     0     0 D ieee80211 phy1: ERP_CTS_PROT: 0
02-20 19:45:19.795     0     0 D ieee80211 phy1: ERP_PREAMBLE: 0
02-20 19:45:19.795     0     0 D ieee80211 phy1: ERP_SLOT: 1
02-20 19:45:19.795     0     0 D ieee80211 phy1: HT: op_mode=0x0
02-20 19:45:19.795     0     0 D ieee80211 phy1: BASIC_RATES: 0xf
02-20 19:45:19.795     0     0 D ieee80211 phy1: mac80211_hwsim_conf_tx (queue=0 txop=47 cw_min=3 cw_max=7 aifs=1)
02-20 19:45:19.795     0     0 D ieee80211 phy1: mac80211_hwsim_bss_info_changed(changed=0x2000)
02-20 19:45:19.795     0     0 D ieee80211 phy1: mac80211_hwsim_conf_tx (queue=1 txop=94 cw_min=7 cw_max=15 aifs=1)
02-20 19:45:19.795     0     0 D ieee80211 phy1: mac80211_hwsim_bss_info_changed(changed=0x2000)
02-20 19:45:19.795     0     0 D ieee80211 phy1: mac80211_hwsim_conf_tx (queue=2 txop=0 cw_min=15 cw_max=63 aifs=3)
02-20 19:45:19.795     0     0 D ieee80211 phy1: mac80211_hwsim_bss_info_changed(changed=0x2000)
02-20 19:45:19.795     0     0 D ieee80211 phy1: mac80211_hwsim_conf_tx (queue=3 txop=0 cw_min=15 cw_max=1023 aifs=7)
02-20 19:45:19.795     0     0 D ieee80211 phy1: mac80211_hwsim_bss_info_changed(changed=0x2000)
02-20 19:45:19.795     0     0 I IPv6    : ADDRCONF(NETDEV_CHANGE): wlan1: link becomes ready
02-20 19:45:19.797     0     0 D ieee80211 phy1: mac80211_hwsim_configure_filter
02-20 19:45:19.794  1492  1492 E hostapd : Using interface wlan1 with hwaddr 02:00:00:00:01:00 and ssid "AndroidWifi"
02-20 19:45:19.795  1492  1492 I hostapd : wlan1: interface state HT_SCAN->ENABLED
02-20 19:45:19.795  1492  1492 I hostapd : wlan1: AP-ENABLED 
02-20 19:45:19.811  1374  1687 D SoftapController: Softap fwReload - Ok
02-20 19:45:19.816  1373  1373 I MediaPlayerService: MediaPlayerService::getOMX
02-20 19:45:19.816  1373  1373 I OMXClient: MuxOMX ctor
02-20 19:45:19.816  1370  1370 I OMXMaster: makeComponentInstance(OMX.google.g711.mlaw.decoder) in mediacodec process
02-20 19:45:19.855  1373  1373 I MediaPlayerService: MediaPlayerService::getOMX
02-20 19:45:19.855  1373  1373 I OMXClient: MuxOMX ctor
02-20 19:45:19.855  1370  1370 I OMXMaster: makeComponentInstance(OMX.google.vorbis.decoder) in mediacodec process
02-20 19:45:19.857  1760  1760 I LatinIME: Hardware accelerated drawing: true
02-20 19:45:19.919  1795  1795 I art     : System.exit called, status: 0
02-20 19:45:19.919  1795  1795 I AndroidRuntime: VM exiting with result code 0, cleanup skipped.
02-20 19:45:19.924  1373  1373 I MediaPlayerService: MediaPlayerService::getOMX
02-20 19:45:19.924  1373  1373 I OMXClient: MuxOMX ctor
02-20 19:45:19.925  1370  1370 I OMXMaster: makeComponentInstance(OMX.google.opus.decoder) in mediacodec process
02-20 19:45:19.942  1766  1766 V SystemUIService: Starting SystemUI services for user 0.
02-20 19:45:19.945  1267  1302 I fsck_msdos: Attempting to allocate 1022 KB for FAT
02-20 19:45:19.980  1802  1802 I art     : System.exit called, status: 0
02-20 19:45:19.980  1802  1802 I AndroidRuntime: VM exiting with result code 0, cleanup skipped.
02-20 19:45:19.982  1646  1646 W NetworkManagement: setDataSaverMode(): already false
02-20 19:45:19.986  1374  1687 D CommandListener: Setting iface cfg
02-20 19:45:19.986  1374  1687 D CommandListener: Trying to bring down wlan0
02-20 19:45:19.987  1374  1687 D CommandListener: Clearing all IP addresses on wlan0
02-20 19:45:19.999  1646  1737 E WifiMonitor: killSupplicant p2pfalse init.svc.wpa_supplicant=unknown init.svc.p2p_supplicant=unknown
02-20 19:45:19.999  1646  1737 E wifi    : Can not initialize the vendor function pointer table
02-20 19:45:19.999  1646  1737 E WifiNative-HAL: Could not start hal
02-20 19:45:19.999  1646  1737 E WifiStateMachine: Failed to start HAL
02-20 19:45:20.002     0     0 I init    : Starting service 'wpa_supplicant'...
02-20 19:45:20.003  1646  1737 D WifiMonitor: startMonitoring(wlan0) with mConnected = false
02-20 19:45:20.003  1766  1766 V MediaRouter: Adding route: RouteInfo{ name=Phone, description=null, status=null, category=RouteCategory{ name=null types=ROUTE_TYPE_LIVE_AUDIO ROUTE_TYPE_LIVE_VIDEO  groupable=false }, supportedTypes=ROUTE_TYPE_LIVE_AUDIO ROUTE_TYPE_LIVE_VIDEO , presentationDisplay=null }
02-20 19:45:20.004  1646  1737 E WifiHW  : Unable to open connection to supplicant on "@android:wpa_wlan0": No such file or directory
02-20 19:45:20.005  1766  1766 V MediaRouter: Updating audio routes: AudioRoutesInfo{ type=SPEAKER }
02-20 19:45:20.006  1766  1766 V MediaRouter: Selecting route: RouteInfo{ name=Phone, description=null, status=null, category=RouteCategory{ name=null types=ROUTE_TYPE_LIVE_AUDIO ROUTE_TYPE_LIVE_VIDEO  groupable=false }, supportedTypes=ROUTE_TYPE_LIVE_AUDIO ROUTE_TYPE_LIVE_VIDEO , presentationDisplay=null }
02-20 19:45:20.026  1646  1688 D TelephonyRegistry: listen oscl: hasNotifySubscriptionInfoChangedOccurred==false no callback
02-20 19:45:20.034  1267  1302 I fsck_msdos: ** Phase 2 - Check Cluster Chains
02-20 19:45:20.041  1267  1302 I fsck_msdos: ** Phase 3 - Checking Directories
02-20 19:45:20.041  1267  1302 I fsck_msdos: ** Phase 4 - Checking for Lost Files
02-20 19:45:20.057  1267  1302 I fsck_msdos: 27 files, 522176 free (261088 clusters)
02-20 19:45:20.065  1373  1373 I MediaPlayerService: MediaPlayerService::getOMX
02-20 19:45:20.065  1373  1373 I OMXClient: MuxOMX ctor
02-20 19:45:20.065  1370  1370 I OMXMaster: makeComponentInstance(OMX.google.raw.decoder) in mediacodec process
02-20 19:45:20.068  1267  1302 I Vold    : Filesystem check completed OK
02-20 19:45:20.069  1646  1728 D VoldConnector: RCV <- {656 public:253,64 /mnt/media_rw/1E12-0B12}
02-20 19:45:20.069  1646  1728 D VoldConnector: RCV <- {655 public:253,64 /storage/1E12-0B12}
02-20 19:45:20.070  1373  1373 I MediaPlayerService: MediaPlayerService::getOMX
02-20 19:45:20.070  1373  1373 I OMXClient: MuxOMX ctor
02-20 19:45:20.070  1370  1370 I OMXMaster: makeComponentInstance(OMX.google.aac.encoder) in mediacodec process
02-20 19:45:20.070     0     0 W FAT-fs (vde): Volume was not properly unmounted. Some data may be corrupt. Please run fsck.
02-20 19:45:20.072     0     0 D SELinux : initialized (dev vde, type vfat), uses genfs_contexts
02-20 19:45:20.078     0     0 D SELinux : initialized (dev fuse, type fuse), uses genfs_contexts
02-20 19:45:20.078     0     0 D SELinux : initialized (dev fuse, type fuse), uses genfs_contexts
02-20 19:45:20.078     0     0 D SELinux : initialized (dev fuse, type fuse), uses genfs_contexts
02-20 19:45:20.072  1267  1302 V vold    : Waiting for FUSE to spin up...
02-20 19:45:20.077  1873  1873 W sdcard  : Device explicitly disabled sdcardfs
02-20 19:45:20.080  1373  1373 I MediaPlayerService: MediaPlayerService::getOMX
02-20 19:45:20.080  1373  1373 I OMXClient: MuxOMX ctor
02-20 19:45:20.080  1370  1839 I OMXMaster: makeComponentInstance(OMX.google.amrnb.encoder) in mediacodec process
02-20 19:45:20.091  1373  1373 I MediaPlayerService: MediaPlayerService::getOMX
02-20 19:45:20.091  1373  1373 I OMXClient: MuxOMX ctor
02-20 19:45:20.091  1370  1415 I OMXMaster: makeComponentInstance(OMX.google.amrwb.encoder) in mediacodec process
02-20 19:45:20.097  1373  1373 I MediaPlayerService: MediaPlayerService::getOMX
02-20 19:45:20.098  1373  1373 I OMXClient: MuxOMX ctor
02-20 19:45:20.098  1370  1370 I OMXMaster: makeComponentInstance(OMX.google.flac.encoder) in mediacodec process
02-20 19:45:20.123  1646  1646 D NetworkPolicy: setRestrictBackgroundUL(): false
02-20 19:45:20.123  1646  1646 W NetworkManagement: setDataSaverMode(): already false
02-20 19:45:20.124  1646  1728 D VoldConnector: RCV <- {651 public:253,64 2}
02-20 19:45:20.124  1646  1728 D VoldConnector: RCV <- {200 6 Command succeeded}
02-20 19:45:20.144  1866  1866 I wpa_supplicant: Successfully initialized wpa_supplicant
02-20 19:45:20.153  1866  1866 I wpa_supplicant: rfkill: Cannot open RFKILL control device
02-20 19:45:20.154  1866  1866 I wpa_supplicant: nl80211: Could not re-add multicast membership for vendor events: -2 (No such file or directory)
02-20 19:45:20.155  1760  1760 W InputAttributes: No editor info for this field. Bug?
02-20 19:45:20.153     0     0 D ieee80211 phy0: mac80211_hwsim_start
02-20 19:45:20.153     0     0 D ieee80211 phy0: mac80211_hwsim_add_interface (type=2 mac_addr=02:00:00:44:55:66)
02-20 19:45:20.153     0     0 D ieee80211 phy0: mac80211_hwsim_bss_info_changed(changed=0xe)
02-20 19:45:20.153     0     0 D ieee80211 phy0: ERP_CTS_PROT: 0
02-20 19:45:20.153     0     0 D ieee80211 phy0: ERP_PREAMBLE: 0
02-20 19:45:20.153     0     0 D ieee80211 phy0: ERP_SLOT: 0
02-20 19:45:20.153     0     0 D ieee80211 phy0: mac80211_hwsim_conf_tx (queue=0 txop=0 cw_min=15 cw_max=1023 aifs=2)
02-20 19:45:20.153     0     0 D ieee80211 phy0: mac80211_hwsim_conf_tx (queue=1 txop=0 cw_min=15 cw_max=1023 aifs=2)
02-20 19:45:20.153     0     0 D ieee80211 phy0: mac80211_hwsim_conf_tx (queue=2 txop=0 cw_min=15 cw_max=1023 aifs=2)
02-20 19:45:20.153     0     0 D ieee80211 phy0: mac80211_hwsim_conf_tx (queue=3 txop=0 cw_min=15 cw_max=1023 aifs=2)
02-20 19:45:20.153     0     0 D ieee80211 phy0: mac80211_hwsim_bss_info_changed(changed=0x2000)
02-20 19:45:20.153     0     0 D ieee80211 phy0: mac80211_hwsim_config (freq=0 idle=0 ps=0 smps=auto)
02-20 19:45:20.153     0     0 I IPv6    : ADDRCONF(NETDEV_UP): wlan0: link is not ready
02-20 19:45:20.154     0     0 D ieee80211 phy0: mac80211_hwsim_configure_filter
02-20 19:45:20.204  1766  1891 E WVMExtractor: Failed to open libwvm.so: dlopen failed: library "libwvm.so" not found
02-20 19:45:20.230  1866  1866 E wpa_supplicant: global ctrl interface @android:wpa_wlan0 matches ctrl interface wlan0 - do not open per-interface ctrl interface
02-20 19:45:20.232  1373  1373 I MediaPlayerService: MediaPlayerService::getOMX
02-20 19:45:20.232  1373  1373 I OMXClient: MuxOMX ctor
02-20 19:45:20.233  1760  1894 I LatinIME:LogUtils: Dictionary info: dictionary = userunigram.en_US ; version = 1519155920 ; date = ?
02-20 19:45:20.233  1370  1839 I OMXMaster: makeComponentInstance(OMX.google.gsm.decoder) in mediacodec process
02-20 19:45:20.234  1760  1894 E ActivityThread: Failed to find provider info for user_dictionary
02-20 19:45:20.235  1760  1894 I LatinIME:LogUtils: Dictionary info: dictionary = UserHistoryDictionary.en_US ; version = 1519155920 ; date = ?
02-20 19:45:20.280  1646  1646 I SystemServiceManager: Starting phase 600
02-20 19:45:20.291  1646  1646 D SensorNotificationService: Cannot obtain dynamic meta sensor, not supported.
02-20 19:45:20.292  1646  1646 D TelephonyRegistry: listen oscl: hasNotifySubscriptionInfoChangedOccurred==false no callback
02-20 19:45:20.295  1373  1373 I MediaPlayerService: MediaPlayerService::getOMX
02-20 19:45:20.296  1373  1373 I OMXClient: MuxOMX ctor
02-20 19:45:20.296  1370  1839 I OMXMaster: makeComponentInstance(OMX.google.mpeg4.decoder) in mediacodec process
02-20 19:45:20.308  1646  1733 I netstats_mobile_sample: [0,0,0,0,0,0,0,0,0,0,0,0,-1]
02-20 19:45:20.308  1646  1733 I netstats_wifi_sample: [0,0,0,0,0,0,0,0,0,0,0,0,-1]
02-20 19:45:20.328  1646  1692 W WindowManager: Keyguard drawn timeout. Setting mKeyguardDrawComplete
02-20 19:45:20.329  1646  1646 I GnssLocationProvider: WakeLock acquired by sendMessage(13, 0, null)
02-20 19:45:20.335  1646  1646 W LocationProviderProxy-network: Odd, no component found for service com.android.location.service.v3.NetworkLocationProvider
02-20 19:45:20.343  1646  1690 W GnssLocationProvider: Could not open GPS configuration file /etc/gps.conf
02-20 19:45:20.343  1646  1690 E GnssLocationProvider: no AGPS interface in set_agps_server
02-20 19:45:20.345  1646  1646 W GeocoderProxy: Odd, no component found for service com.android.location.service.GeocodeProvider
02-20 19:45:20.346  1646  1646 E FlpHardwareProvider: Error hw_get_module 'flp': -2
02-20 19:45:20.346  1646  1646 D LocationManagerService: FLP HAL not supported
02-20 19:45:20.350  1646  1646 W GeofenceProxy: Odd, no component found for service com.android.location.service.GeofenceProvider
02-20 19:45:20.350  1646  1646 E ActivityRecognitionHardware: Error hw_get_module: -2
02-20 19:45:20.351  1646  1646 D LocationManagerService: Hardware Activity-Recognition not supported.
02-20 19:45:20.351  1646  1646 W ActivityRecognitionProxy: Odd, no component found for service com.android.location.service.ActivityRecognitionProvider
02-20 19:45:20.352  1646  1646 I GnssLocationProvider: WakeLock acquired by sendMessage(2, 1, null)
02-20 19:45:20.373  1646  1646 I CommonTimeManagementService: No common time service detected on this platform.  Common time services will be unavailable.
02-20 19:45:20.375  1646  1646 D TelephonyRegistry: systemRunning register for intents
02-20 19:45:20.376  1646  1646 I MmsServiceBroker: Delay connecting to MmsService until an API is called
02-20 19:45:20.393  1646  1646 I am_proc_start: [0,1912,1001,com.android.phone,added application,com.android.phone]
02-20 19:45:20.393  1646  1646 I ActivityManager: Start proc 1912:com.android.phone/1001 for added application com.android.phone
02-20 19:45:20.394  1646  1646 I ActivityManager: START u0 {act=android.intent.action.MAIN cat=[android.intent.category.HOME] flg=0x10000100 cmp=com.android.settings/.FallbackHome} from uid 0 on display 0
02-20 19:45:20.395  1646  1690 D TelephonyRegistry: listen oscl: hasNotifySubscriptionInfoChangedOccurred==false no callback
02-20 19:45:20.398  1646  1726 I InputReader: Reconfiguring input devices.  changes=0x00000020
02-20 19:45:20.398  1646  1646 W System  : ClassLoader referenced unknown path: 
02-20 19:45:20.398  1646  1646 W System  : ClassLoader referenced unknown path: /system/priv-app/Settings/lib/x86_64
02-20 19:45:20.399  1370  1415 E OMXNodeInstance: getExtensionIndex(55a000f:google.mpeg4.decoder, OMX.google.android.index.configureVideoTunnelMode) ERROR: UnsupportedIndex(0x8000101a)
02-20 19:45:20.399  1370  1370 W OMXNodeInstance: [55a000f:google.mpeg4.decoder] component does not support metadata mode; using fallback
02-20 19:45:20.399  1646  1726 I InputReader: Reconfiguring input devices.  changes=0x00000010
02-20 19:45:20.401  1373  1373 I MediaPlayerService: MediaPlayerService::getOMX
02-20 19:45:20.402  1373  1373 I OMXClient: MuxOMX ctor
02-20 19:45:20.402  1370  1839 I OMXMaster: makeComponentInstance(OMX.google.h263.decoder) in mediacodec process
02-20 19:45:20.403  1646  1646 D ApplicationLoaders: ignored Vulkan layer search path /system/priv-app/Settings/lib/x86_64:/system/priv-app/Settings/Settings.apk!/lib/x86_64:/system/lib64:/vendor/lib64 for namespace 0x70b5fec0f160
02-20 19:45:20.411  1912  1912 W art     : Unexpected CPU variant for X86 using defaults: x86_64
02-20 19:45:20.411  1646  1646 I ActivityManager: Loaded persisted task ids for user 0
02-20 19:45:20.412  1646  1646 I am_create_task: [0,1]
02-20 19:45:20.412  1646  1646 I am_create_activity: [0,144548130,1,com.android.settings/.FallbackHome,android.intent.action.MAIN,NULL,NULL,276824320]
02-20 19:45:20.413  1646  1646 I wm_task_created: [1,0]
02-20 19:45:20.415  1646  1646 I wm_task_moved: [1,1,0]
02-20 19:45:20.415  1646  1646 I wm_task_moved: [1,1,0]
02-20 19:45:20.416  1646  1646 I am_focused_activity: [0,com.android.settings/.FallbackHome,startedActivity]
02-20 19:45:20.423  1646  1646 I am_proc_start: [0,1919,1000,com.android.settings,activity,com.android.settings/.FallbackHome]
02-20 19:45:20.423  1646  1646 I ActivityManager: Start proc 1919:com.android.settings/1000 for activity com.android.settings/.FallbackHome
02-20 19:45:20.436  1919  1919 W art     : Unexpected CPU variant for X86 using defaults: x86_64
02-20 19:45:20.471  1370  1415 E OMXNodeInstance: getExtensionIndex(55a0010:google.h263.decoder, OMX.google.android.index.configureVideoTunnelMode) ERROR: UnsupportedIndex(0x8000101a)
02-20 19:45:20.472  1370  1370 W OMXNodeInstance: [55a0010:google.h263.decoder] component does not support metadata mode; using fallback
02-20 19:45:20.472  1646  1646 I SystemServer: Enabled StrictMode for system server main thread.
02-20 19:45:20.473  1646  1689 I am_proc_bound: [0,1912,com.android.phone]
02-20 19:45:20.476  1373  1373 I MediaPlayerService: MediaPlayerService::getOMX
02-20 19:45:20.480  1373  1373 I OMXClient: MuxOMX ctor
02-20 19:45:20.480  1370  1839 I OMXMaster: makeComponentInstance(OMX.google.h264.decoder) in mediacodec process
02-20 19:45:20.486  1646  1646 D ConditionProviders.SCP: onConnected
02-20 19:45:20.486  1646  1646 D ZenLog  : set_zen_mode: off,readXml
02-20 19:45:20.489  1646  1646 D ConditionProviders: Subscribing to condition://android/schedule?days=6.7&start=23.30&end=10.0&exitAtAlarm=false with ComponentInfo{android/com.android.server.notification.ScheduleConditionProvider}
02-20 19:45:20.489  1646  1646 D ZenLog  : subscribe: condition://android/schedule?days=6.7&start=23.30&end=10.0&exitAtAlarm=false,ok
02-20 19:45:20.489  1646  1646 D ConditionProviders: Subscribing to condition://android/event?userId=-10000&calendar=&reply=1 with ComponentInfo{android/com.android.server.notification.EventConditionProvider}
02-20 19:45:20.489  1646  1646 D ZenLog  : subscribe: condition://android/event?userId=-10000&calendar=&reply=1,ok
02-20 19:45:20.489  1646  1646 D ConditionProviders: Subscribing to condition://android/schedule?days=1.2.3.4.5&start=22.0&end=7.0&exitAtAlarm=false with ComponentInfo{android/com.android.server.notification.ScheduleConditionProvider}
02-20 19:45:20.489  1646  1646 D ZenLog  : subscribe: condition://android/schedule?days=1.2.3.4.5&start=22.0&end=7.0&exitAtAlarm=false,ok
02-20 19:45:20.495  1766  1766 I vol.Events: writeEvent collection_started
02-20 19:45:20.500  1760  1894 I LatinIME:LogUtils: Dictionary info: dictionary = main:en ; version = 54 ; date = 1414726273
02-20 19:45:20.504  1646  1689 I am_proc_bound: [0,1919,com.android.settings]
02-20 19:45:20.522  1912  1912 W System  : ClassLoader referenced unknown path: /system/priv-app/TeleService/lib/x86_64
02-20 19:45:20.523  1646  1690 I dvm_lock_sample: [system_server,0,android.bg,15,ActivityManagerService.java,17547,-,6669,3]
02-20 19:45:20.541  1373  1373 W ACodec  : [OMX.google.h264.decoder] stopping checking profiles after 32: 2/8000
02-20 19:45:20.544  1370  1945 E OMXNodeInstance: getExtensionIndex(55a0011:google.h264.decoder, OMX.google.android.index.configureVideoTunnelMode) ERROR: UnsupportedIndex(0x8000101a)
02-20 19:45:20.544  1370  1839 W OMXNodeInstance: [55a0011:google.h264.decoder] component does not support metadata mode; using fallback
02-20 19:45:20.545  1373  1373 I MediaPlayerService: MediaPlayerService::getOMX
02-20 19:45:20.553  1373  1373 I OMXClient: MuxOMX ctor
02-20 19:45:20.553  1370  1839 I OMXMaster: makeComponentInstance(OMX.google.hevc.decoder) in mediacodec process
02-20 19:45:20.563  1314  1356 D PermissionCache: checking android.permission.READ_FRAME_BUFFER for uid=1000 => granted (1941 us)
02-20 19:45:20.586  1370  1415 E OMXNodeInstance: getExtensionIndex(55a0012:google.hevc.decoder, OMX.google.android.index.configureVideoTunnelMode) ERROR: UnsupportedIndex(0x8000101a)
02-20 19:45:20.586  1370  1839 W OMXNodeInstance: [55a0012:google.hevc.decoder] component does not support metadata mode; using fallback
02-20 19:45:20.586  1373  1373 I MediaPlayerService: MediaPlayerService::getOMX
02-20 19:45:20.586  1373  1373 I OMXClient: MuxOMX ctor
02-20 19:45:20.586  1370  1370 I OMXMaster: makeComponentInstance(OMX.google.vp8.decoder) in mediacodec process
02-20 19:45:20.591  1314  1356 D gralloc_ranchu: gralloc_alloc: Creating ashmem region of size 17051648
02-20 19:45:20.610  1370  1839 E OMXNodeInstance: getExtensionIndex(55a0013:google.vp8.decoder, OMX.google.android.index.configureVideoTunnelMode) ERROR: UnsupportedIndex(0x8000101a)
02-20 19:45:20.610  1370  1945 W OMXNodeInstance: [55a0013:google.vp8.decoder] component does not support metadata mode; using fallback
02-20 19:45:20.612  1373  1373 I MediaPlayerService: MediaPlayerService::getOMX
02-20 19:45:20.612  1373  1373 I OMXClient: MuxOMX ctor
02-20 19:45:20.612  1370  1945 I OMXMaster: makeComponentInstance(OMX.google.vp9.decoder) in mediacodec process
02-20 19:45:20.634  1370  1370 E OMXNodeInstance: getExtensionIndex(55a0014:google.vp9.decoder, OMX.google.android.index.configureVideoTunnelMode) ERROR: UnsupportedIndex(0x8000101a)
02-20 19:45:20.634  1370  1945 W OMXNodeInstance: [55a0014:google.vp9.decoder] component does not support metadata mode; using fallback
02-20 19:45:20.636  1373  1373 I MediaPlayerService: MediaPlayerService::getOMX
02-20 19:45:20.636  1373  1373 I OMXClient: MuxOMX ctor
02-20 19:45:20.636  1370  1945 I OMXMaster: makeComponentInstance(OMX.google.h263.encoder) in mediacodec process
02-20 19:45:20.651  1370  1945 I SoftMPEG4Encoder: Construct SoftMPEG4Encoder
02-20 19:45:20.652  1373  1373 W ACodec  : do not know color format 0x7f000789 = 2130708361
02-20 19:45:20.653  1370  1945 E OMXNodeInstance: getConfig(55a0015:google.h263.encoder, ConfigAndroidIntraRefresh(0x6f60000a)) ERROR: Undefined(0x80001001)
02-20 19:45:20.655  1373  1373 I MediaPlayerService: MediaPlayerService::getOMX
02-20 19:45:20.655  1373  1373 I OMXClient: MuxOMX ctor
02-20 19:45:20.655  1370  1839 I OMXMaster: makeComponentInstance(OMX.google.h264.encoder) in mediacodec process
02-20 19:45:20.680  1373  1373 W ACodec  : do not know color format 0x7f000789 = 2130708361
02-20 19:45:20.682  1373  1373 I MediaPlayerService: MediaPlayerService::getOMX
02-20 19:45:20.682  1373  1373 I OMXClient: MuxOMX ctor
02-20 19:45:20.682  1370  1839 I OMXMaster: makeComponentInstance(OMX.google.mpeg4.encoder) in mediacodec process
02-20 19:45:20.717  1646  1689 I am_restart_activity: [0,144548130,1,com.android.settings/.FallbackHome]
02-20 19:45:20.718  1646  1751 W art     : Long monitor contention with owner Binder:1646_2 (1689) at void com.android.server.am.ActivityManagerService.attachApplication(android.app.IApplicationThread)(ActivityManagerService.java:6669) waiters=1 in android.content.Intent com.android.server.am.ActivityManagerService.registerReceiver(android.app.IApplicationThread, java.lang.String, android.content.IIntentReceiver, android.content.IntentFilter, java.lang.String, int) for 213ms
02-20 19:45:20.718  1646  1751 I dvm_lock_sample: [system_server,1,Binder:1646_3,213,ActivityManagerService.java,17547,-,6669,42]
02-20 19:45:20.718  1646  1646 D RttService: SCAN_AVAILABLE : 1
02-20 19:45:20.718  1646  1646 D ZenLog  : set_zen_mode: off,cleanUpZenRules
02-20 19:45:20.719  1646  1739 I WifiScanningService: wifi driver unloaded
02-20 19:45:20.719  1646  1740 D RttService: DefaultState got{ when=-1ms what=160513 target=com.android.internal.util.StateMachine$SmHandler }
02-20 19:45:20.723  1766  1947 I sysui_action: [213,2]
02-20 19:45:20.723  1766  1947 I vol.Events: writeEvent external_ringer_mode_changed normal
02-20 19:45:20.724  1766  1947 I vol.Events: writeEvent internal_ringer_mode_changed normal
02-20 19:45:20.737  1646  1646 W System  : ClassLoader referenced unknown path: /system/priv-app/Telecom/lib/x86_64
02-20 19:45:20.739  1646  1646 D ApplicationLoaders: ignored Vulkan layer search path /system/priv-app/Telecom/lib/x86_64:/system/priv-app/Telecom/Telecom.apk!/lib/x86_64:/system/lib64:/vendor/lib64 for namespace 0x70b5fec0f1d0
02-20 19:45:20.743  1370  1839 I SoftMPEG4Encoder: Construct SoftMPEG4Encoder
02-20 19:45:20.743  1373  1373 W ACodec  : do not know color format 0x7f000789 = 2130708361
02-20 19:45:20.743  1370  1370 E OMXNodeInstance: getConfig(55a0017:google.mpeg4.encoder, ConfigAndroidIntraRefresh(0x6f60000a)) ERROR: Undefined(0x80001001)
02-20 19:45:20.744  1919  1919 W System  : ClassLoader referenced unknown path: /system/priv-app/Settings/lib/x86_64
02-20 19:45:20.745  1373  1373 I MediaPlayerService: MediaPlayerService::getOMX
02-20 19:45:20.745  1373  1373 I OMXClient: MuxOMX ctor
02-20 19:45:20.745  1370  1370 I OMXMaster: makeComponentInstance(OMX.google.vp8.encoder) in mediacodec process
02-20 19:45:20.747  1646  1690 I GnssLocationProvider: WakeLock released by handleMessage(13, 0, null)
02-20 19:45:20.747  1646  1690 E GnssLocationProvider: no AGPS interface in set_agps_server
02-20 19:45:20.748  1646  1690 I GnssLocationProvider: WakeLock released by handleMessage(2, 1, null)
02-20 19:45:20.750  1646  1690 W LocationProviderProxy-network: Odd, no component found for service com.android.location.service.v3.NetworkLocationProvider
02-20 19:45:20.750  1646  1690 W GeocoderProxy: Odd, no component found for service com.android.location.service.GeocodeProvider
02-20 19:45:20.750  1646  1690 W GeofenceProxy: Odd, no component found for service com.android.location.service.GeofenceProvider
02-20 19:45:20.750  1646  1690 W ActivityRecognitionProxy: Odd, no component found for service com.android.location.service.ActivityRecognitionProvider
02-20 19:45:20.767  1912  1912 W System  : ClassLoader referenced unknown path: /system/priv-app/TelephonyProvider/lib/x86_64
02-20 19:45:20.767  1912  1912 D ApplicationLoaders: ignored Vulkan layer search path /system/priv-app/TelephonyProvider/lib/x86_64:/system/lib64:/vendor/lib64 for namespace 0x70b5fec0f0f0
02-20 19:45:20.814  1646  1646 E BluetoothAdapter: Bluetooth binder is null
02-20 19:45:20.821  1373  1373 W ACodec  : do not know color format 0x7f000789 = 2130708361
02-20 19:45:20.821  1370  1839 E OMXNodeInstance: getConfig(55a0018:google.vp8.encoder, ConfigAndroidIntraRefresh(0x6f60000a)) ERROR: Undefined(0x80001001)
02-20 19:45:20.822  1373  1373 I MediaPlayerService: MediaPlayerService::getOMX
02-20 19:45:20.822  1373  1373 I OMXClient: MuxOMX ctor
02-20 19:45:20.838  1373  1373 I MediaPlayerService: MediaPlayerService::getOMX
02-20 19:45:20.839  1373  1373 I OMXClient: MuxOMX ctor
02-20 19:45:20.839  1373  1373 W MediaCodecList: unable to open media codecs configuration xml file: /data/misc/media/media_codecs_profiling_results.xml
02-20 19:45:20.841  1373  1838 I MediaPlayerService: MediaPlayerService::getOMX
02-20 19:45:20.842  1766  1899 I OMXClient: MuxOMX ctor
02-20 19:45:20.842  1373  1900 I MediaPlayerService: MediaPlayerService::getOMX
02-20 19:45:20.842  1646  1801 I OMXClient: MuxOMX ctor
02-20 19:45:20.843  1370  1945 I OMXMaster: makeComponentInstance(OMX.google.vorbis.decoder) in mediacodec process
02-20 19:45:20.864  1370  1415 I OMXMaster: makeComponentInstance(OMX.google.vorbis.decoder) in mediacodec process
02-20 19:45:20.876  1646  1646 I Telecom : SystemStateProvider: Registering car mode receiver: android.content.IntentFilter@7c74385: TS.init@AAA
02-20 19:45:20.882  1919  1919 I am_on_resume_called: [0,com.android.settings.FallbackHome,LAUNCH_ACTIVITY]
02-20 19:45:20.885  1912  1912 D TelephonyProvider: dbh.onOpen: ok, queried table=siminfo
02-20 19:45:20.894  1646  1980 I Telecom : Telecom: Non-call EVENT: AUDIO_ROUTE, Entering state QuiescentEarpieceRoute
02-20 19:45:20.905  1314  1356 E SurfaceFlinger: ro.sf.lcd_density must be defined as a build property
02-20 19:45:20.905  1912  1912 D TelephonyProvider: dbh.onOpen: ok, queried table=carriers
02-20 19:45:20.914  1646  1981 I Telecom : CallAudioModeStateMachine: Message received: null.: TS.init->CAMSM.pM_1@AAA_0
02-20 19:45:20.919  1919  1919 D         : HostConnection::get() New Host Connection established 0x70b5eff9cee0, tid 1919
02-20 19:45:20.928  1646  1646 E BluetoothAdapter: Bluetooth binder is null
02-20 19:45:20.928  1646  1984 E ActivityThread: Failed to find provider info for call_log
02-20 19:45:20.933  1646  1646 I Telecom : Class: TelecomSystem.INSTANCE being set
02-20 19:45:20.933  1646  1646 E BluetoothAdapter: Bluetooth binder is null
02-20 19:45:20.934  1646  1646 W ContextImpl: Calling a method in the system process without a qualified user: android.app.ContextImpl.startService:1357 com.android.server.content.SyncManager$13.run:658 android.os.Handler.handleCallback:751 android.os.Handler.dispatchMessage:95 android.os.Looper.loop:154 
02-20 19:45:20.954  1919  1979 D         : HostConnection::get() New Host Connection established 0x70b5eff9cfa0, tid 1979
02-20 19:45:20.955  1919  1979 I OpenGLRenderer: Initialized EGL, version 1.4
02-20 19:45:20.955  1919  1979 D OpenGLRenderer: Swap behavior 1
02-20 19:45:20.956  1373  1438 I MediaPlayerService: MediaPlayerService::getOMX
02-20 19:45:20.956  1646  1993 I OMXClient: MuxOMX ctor
02-20 19:45:20.956  1370  1839 I OMXMaster: makeComponentInstance(OMX.google.vorbis.decoder) in mediacodec process
02-20 19:45:20.973  1919  1979 D EGL_emulation: eglCreateContext: 0x70b5efea3e40: maj 3 min 0 rcv 3
02-20 19:45:20.993  1646  1646 W System  : ClassLoader referenced unknown path: /system/priv-app/FusedLocation/lib/x86_64
02-20 19:45:20.993  1646  1646 D ApplicationLoaders: ignored Vulkan layer search path /system/priv-app/FusedLocation/lib/x86_64:/system/priv-app/FusedLocation/FusedLocation.apk!/lib/x86_64:/system/lib64:/vendor/lib64 for namespace 0x70b5fec0f240
02-20 19:45:21.000  1646  1646 D GpsNetInitiatedHandler: location enabled :true
02-20 19:45:21.001  1646  1646 V WiredAccessoryManager: notifyWiredAccessoryChanged: when=0 bits= mask=54
02-20 19:45:21.001  1646  1646 V WiredAccessoryManager: newName=h2w newState=0 headsetState=0 prev headsetState=0
02-20 19:45:21.001  1646  1646 E WiredAccessoryManager: No state change.
02-20 19:45:21.001  1646  1646 V WiredAccessoryManager: init()
02-20 19:45:21.004  1373  1373 I MediaPlayerService: MediaPlayerService::getOMX
02-20 19:45:21.004  1766  1999 I OMXClient: MuxOMX ctor
02-20 19:45:21.016  1646  1737 D WifiConfigManager: Loading config and enabling all networks 
02-20 19:45:21.021  1912  1912 D TDC     : updateOrInsert: inserting: Modem { uuid=modem, state=0, rilModel=0, rat={}, maxActiveVoiceCall=1, maxActiveDataCall=1, maxStandby=1 }
02-20 19:45:21.021  1912  1912 D TDC     : updateOrInsert: inserting: Sim { uuid=sim, modemUuid=modem, state=0 }
02-20 19:45:21.025  1370  1415 I OMXMaster: makeComponentInstance(OMX.google.vorbis.decoder) in mediacodec process
02-20 19:45:21.028  1912  1912 D CdmaSSM : subscriptionSource from settings: 0
02-20 19:45:21.028  1912  1912 I PhoneFactory: Cdma Subscription set to 0
02-20 19:45:21.035  1646  1737 W WifiNetworkHistory: Upgrading network 0 to android.uid.system:1000
02-20 19:45:21.035  1646  1737 D WifiConfigManager: loaded 0 passpoint configs
02-20 19:45:21.035  1646  1737 E IpConfigStore: Error parsing configuration: java.io.FileNotFoundException: /data/misc/wifi/ipconfig.txt (No such file or directory)
02-20 19:45:21.040  1646  1737 D WifiNative-HAL: Setting external_sim to 1
02-20 19:45:21.059  1919  1979 D EGL_emulation: eglMakeCurrent: 0x70b5efea3e40: ver 3 0 (tinfo 0x70b5fa41f2e0)
02-20 19:45:21.061  1912  1912 I PhoneFactory: Network Mode set to 0
02-20 19:45:21.072  1646  1737 D WifiStateMachine: Setting OUI to DA-A1-19
02-20 19:45:21.073  1912  1912 D RILJ    : RIL(context, preferredNetworkType=0 cdmaSubscription=0)
02-20 19:45:21.101  1912  1912 D RILJ    : Starting RILReceiver0 [SUB0]
02-20 19:45:21.113  1646  1737 I WifiConnectivityManager: PNO settings: min5GHzRssi -82 min24GHzRssi -85 currentConnectionBonus 16 sameNetworkBonus 24 secureNetworkBonus 80 initialScoreMax 100
02-20 19:45:21.113  1646  1737 I WifiConnectivityManager: ConnectivityScanManager initialized and disabled
02-20 19:45:21.113  1646  1737 I WifiConnectivityManager: setUntrustedConnectionAllowed: allowed=false
02-20 19:45:21.113  1646  1737 E WifiLogger: no ring buffers found
02-20 19:45:21.113  1646  1737 E WifiLogger: Failed to start packet fate monitoring
02-20 19:45:21.113  1912  1912 D RILJ    : [3648]> GET_HARDWARE_CONFIG [SUB0]
02-20 19:45:21.114  1912  1912 D RilRequest: [3648]< GET_HARDWARE_CONFIG error: com.android.internal.telephony.CommandException: RADIO_NOT_AVAILABLE ret=
02-20 19:45:21.114  1912  1912 I PhoneFactory: Creating SubscriptionController
02-20 19:45:21.116  1912  1912 D SubscriptionController: [SubscriptionController] init by Context
02-20 19:45:21.117  1646  1646 W VibratorService: Tried to stop vibrating but there is no vibrator device.
02-20 19:45:21.131  1646  1737 I WifiConnectivityManager: Set WiFi enabled
02-20 19:45:21.131  1646  1737 I WifiConnectivityManager: scheduleWatchdogTimer
02-20 19:45:21.132  1912  1912 D UiccController: Creating UiccController
02-20 19:45:21.133  1375  1467 I RILC    : libril: new connection to RIL_SOCKET_1
02-20 19:45:21.133  1375  1467 I RILC    : RIL Daemon version: android reference-ril 1.0
02-20 19:45:21.133  1912  2012 I RILJ    : (0) Connected to 'rild' socket
02-20 19:45:21.134  1912  2012 D RILJ    : [UNSL]< UNSOL_RIL_CONNECTED {12} [SUB0]
02-20 19:45:21.134  1912  2012 D RILJ    : [3649]> RADIO_POWER off [SUB0]
02-20 19:45:21.134  1912  1912 D TelephonyTester: register for intent action=com.android.internal.telephony.action_detached
02-20 19:45:21.134  1912  1912 D TelephonyTester: register for intent action=com.android.internal.telephony.action_attached
02-20 19:45:21.134  1912  2012 D RILJ    : [3650]> RIL_REQUEST_CDMA_SET_SUBSCRIPTION_SOURCE : 0 [SUB0]
02-20 19:45:21.135  1375  1467 D RIL     : onRequest: RADIO_POWER
02-20 19:45:21.135  1912  2012 D RILJ    : setCellInfoListRate: 2147483647 [SUB0]
02-20 19:45:21.135  1912  2012 D RILJ    : [3651]> RIL_REQUEST_SET_CELL_INFO_LIST_RATE [SUB0]
02-20 19:45:21.135  1375  1467 D RIL     : onRequest: CDMA_SET_SUBSCRIPTION_SOURCE
02-20 19:45:21.135  1912  2012 D RILJ    : [UNSL]< UNSOL_RESPONSE_RADIO_STATE_CHANGED RADIO_OFF [SUB0]
02-20 19:45:21.135  1912  2012 D RILJ    : [3652]> SCREEN_STATE: true [SUB0]
02-20 19:45:21.135  1375  1467 D RIL     : onRequest: SET_UNSOL_CELL_INFO_LIST_RATE
02-20 19:45:21.138  1912  2012 D RILJ    : [UNSL]< UNSOL_NITZ_TIME_RECEIVED 18/02/20:19:45:14+0:0:Unknown!Unknown [SUB0]
02-20 19:45:21.138  1375  1467 D RIL     : onRequest: SCREEN_STATE
02-20 19:45:21.139  1646  1737 D WifiNative-HAL: Failing getSupportedFeatureset because HAL isn't started
02-20 19:45:21.140  1919  1979 D EGL_emulation: eglMakeCurrent: 0x70b5efea3e40: ver 3 0 (tinfo 0x70b5fa41f2e0)
02-20 19:45:21.141  1912  2012 D RILJ    : [3649]< RADIO_POWER  [SUB0]
02-20 19:45:21.149  1912  2012 D RilRequest: [3650]< RIL_REQUEST_CDMA_SET_SUBSCRIPTION_SOURCE error: com.android.internal.telephony.CommandException: RADIO_NOT_AVAILABLE ret=
02-20 19:45:21.149  1912  2012 D RilRequest: [3651]< RIL_REQUEST_SET_CELL_INFO_LIST_RATE error: com.android.internal.telephony.CommandException: RADIO_NOT_AVAILABLE ret=
02-20 19:45:21.149  1912  2012 D RilRequest: [3652]< SCREEN_STATE error: com.android.internal.telephony.CommandException: RADIO_NOT_AVAILABLE ret=
02-20 19:45:21.149  1912  1912 D Phone   : mDoesRilSendMultipleCallRing=true
02-20 19:45:21.149  1912  1912 D Phone   : mCallRingDelay=3000
02-20 19:45:21.154  1912  1912 D RILJ    : [3653]> RIL_REQUEST_START_LCE [SUB0]
02-20 19:45:21.155  1375  1467 D RIL     : onRequest: <unknown request>
02-20 19:45:21.156  1912  2012 D RilRequest: [3653]< RIL_REQUEST_START_LCE error: com.android.internal.telephony.CommandException: RADIO_NOT_AVAILABLE ret=
02-20 19:45:21.156  1646  1694 E BatteryStatsService: no controller energy info supplied
02-20 19:45:21.157  1646  1646 D ConditionProviders.SCP: onSubscribe condition://android/schedule?days=6.7&start=23.30&end=10.0&exitAtAlarm=false
02-20 19:45:21.158  1646  1646 D ConditionProviders.SCP: setRegistered true
02-20 19:45:21.160  1912  1912 E RIL_ImsSms: getFormat should never be called from here!
02-20 19:45:21.160  1912  1912 D SMSDispatcher: SMSDispatcher: ctor mSmsCapable=true format=unknown mSmsSendDisabled=false
02-20 19:45:21.160  1912  1912 D RIL_ImsSms: ImsSMSDispatcher created
02-20 19:45:21.160  1912  1912 D SMSDispatcher: SMSDispatcher: ctor mSmsCapable=true format=3gpp2 mSmsSendDisabled=false
02-20 19:45:21.160  1912  1912 D CdmaSMSDispatcher: CdmaSMSDispatcher created
02-20 19:45:21.162  1646  1646 D ConditionProviders.SCP: notifyCondition condition://android/schedule?days=6.7&start=23.30&end=10.0&exitAtAlarm=false STATE_FALSE reason=!meetsSchedule
02-20 19:45:21.163  1646  1694 E KernelCpuSpeedReader: Failed to read cpu-freq: /sys/devices/system/cpu/cpu0/cpufreq/stats/time_in_state (No such file or directory)
02-20 19:45:21.166  1373  1373 I MediaPlayerService: MediaPlayerService::getOMX
02-20 19:45:21.166  1646  2015 I OMXClient: MuxOMX ctor
02-20 19:45:21.168  1646  1694 E KernelUidCpuTimeReader: Failed to read uid_cputime: /proc/uid_cputime/show_uid_stat (No such file or directory)
02-20 19:45:21.169  1370  1839 I OMXMaster: makeComponentInstance(OMX.google.vorbis.decoder) in mediacodec process
02-20 19:45:21.169  1646  1737 D WifiNative-HAL: Failing getSupportedFeatureset because HAL isn't started
02-20 19:45:21.169  1646  1694 E BatteryStatsService: no controller energy info supplied
02-20 19:45:21.170  1646  1694 E KernelCpuSpeedReader: Failed to read cpu-freq: /sys/devices/system/cpu/cpu0/cpufreq/stats/time_in_state (No such file or directory)
02-20 19:45:21.170  1646  1694 E KernelUidCpuTimeReader: Failed to read uid_cputime: /proc/uid_cputime/show_uid_stat (No such file or directory)
02-20 19:45:21.170  1373  1967 I MediaPlayerService: MediaPlayerService::getOMX
02-20 19:45:21.170  1766  2016 I OMXClient: MuxOMX ctor
02-20 19:45:21.179  1646  1646 D ConditionProviders.SCP: Scheduling evaluate for Tue Feb 20 23:30:00 GMT+00:00 2018 (1519169400000), in +3h44m38s841ms, now=Tue Feb 20 19:45:21 GMT+00:00 2018 (1519155921159)
02-20 19:45:21.180  1646  1646 D ConditionProviders.SCP: onSubscribe condition://android/schedule?days=1.2.3.4.5&start=22.0&end=7.0&exitAtAlarm=false
02-20 19:45:21.180  1646  1646 D ConditionProviders.SCP: notifyCondition condition://android/schedule?days=6.7&start=23.30&end=10.0&exitAtAlarm=false STATE_FALSE reason=!meetsSchedule
02-20 19:45:21.181  1646  1646 D ConditionProviders.SCP: notifyCondition condition://android/schedule?days=1.2.3.4.5&start=22.0&end=7.0&exitAtAlarm=false STATE_FALSE reason=!meetsSchedule
02-20 19:45:21.181  1646  1646 D ConditionProviders.SCP: Scheduling evaluate for Tue Feb 20 22:00:00 GMT+00:00 2018 (1519164000000), in +2h14m38s820ms, now=Tue Feb 20 19:45:21 GMT+00:00 2018 (1519155921180)
02-20 19:45:21.181  1646  1646 I Telecom : WiredHeadsetManager: ACTION_HEADSET_PLUG event, plugged in: false, : WHC.oADA@AAE
02-20 19:45:21.182  1646  1794 I stream_devices_changed: [0,0,2]
02-20 19:45:21.185  1646  1794 I stream_devices_changed: [2,0,2]
02-20 19:45:21.185  1646  1794 I stream_devices_changed: [3,0,2]
02-20 19:45:21.186  1646  1794 I stream_devices_changed: [6,0,2]
02-20 19:45:21.187  1646  1794 I stream_devices_changed: [4,0,2]
02-20 19:45:21.187  1766  1947 I vol.Events: writeEvent level_changed STREAM_ALARM 6
02-20 19:45:21.188  1766  1947 I vol.Events: writeEvent level_changed STREAM_BLUETOOTH_SCO 7
02-20 19:45:21.188  1766  1947 I vol.Events: writeEvent level_changed STREAM_MUSIC 11
02-20 19:45:21.190  1766  1947 I vol.Events: writeEvent level_changed STREAM_RING 5
02-20 19:45:21.193  1766  1947 I vol.Events: writeEvent level_changed STREAM_SYSTEM 5
02-20 19:45:21.194  1766  1947 I vol.Events: writeEvent level_changed STREAM_VOICE_CALL 4
02-20 19:45:21.199  1646  1691 I boot_progress_enable_screen: 12199
02-20 19:45:21.199  1646  1698 I am_activity_launch_time: [0,144548130,com.android.settings/.FallbackHome,783,783]
02-20 19:45:21.200  1646  1698 I ActivityManager: Displayed com.android.settings/.FallbackHome: +783ms
02-20 19:45:21.201  1646  1691 V KeyguardServiceDelegate: *** Keyguard started
02-20 19:45:21.201  1646  1691 I screen_toggled: 1
02-20 19:45:21.202  1646  1698 I WindowManager: Screen frozen for +695ms due to AppWindowToken{e660ce9 token=Token{48227b3 ActivityRecord{89da122 u0 com.android.settings/.FallbackHome t1}}}
02-20 19:45:21.203  1646  1691 W KeyguardServiceDelegate: onScreenTurningOn(): no keyguard service!
02-20 19:45:21.205  1646  1646 I ActivityManager: user 0 is still locked. Cannot load recents
02-20 19:45:21.231  1646  1646 D TelephonyRegistry: notifyCellLocationForSubscriber: subId=0 cellLocation=Bundle[{}]
02-20 19:45:21.250  1370  2005 I OMXMaster: makeComponentInstance(OMX.google.vorbis.decoder) in mediacodec process
02-20 19:45:21.252  1912  1934 D SubscriptionController: [getPhoneId]- no sims, returning default phoneId=2147483647
02-20 19:45:21.252  1646  1646 D RttService: SCAN_AVAILABLE : 3
02-20 19:45:21.256  1912  1912 D GsmInboundSmsHandler: created InboundSmsHandler
02-20 19:45:21.257  1646  1740 D RttService: DefaultState got{ when=-5ms what=160512 target=com.android.internal.util.StateMachine$SmHandler }
02-20 19:45:21.258  1646  1739 I WifiScanningService: wifi driver loaded with scan capabilities: max buckets=16
02-20 19:45:21.266  1646  1661 W art     : Suspending all threads took: 6.032ms
02-20 19:45:21.314  1912  1912 D CdmaInboundSmsHandler: created InboundSmsHandler
02-20 19:45:21.316  1646  1661 I art     : Background sticky concurrent mark sweep GC freed 27100(2MB) AllocSpace objects, 10(232KB) LOS objects, 10% free, 22MB/24MB, paused 17.145ms total 116.203ms
02-20 19:45:21.326  1314  1356 E SurfaceFlinger: ro.sf.lcd_density must be defined as a build property
02-20 19:45:21.326  1912  1912 D SMSDispatcher: SMSDispatcher: ctor mSmsCapable=true format=3gpp mSmsSendDisabled=false
02-20 19:45:21.326  1912  1912 D GsmSMSDispatcher: GsmSMSDispatcher created
02-20 19:45:21.327  1912  2020 D GsmInboundSmsHandler: StartupState.processMessage:6
