02-20 19:45:22.696  1646  1688 I ActivityManager: Config changes=3 {1.0 310mcc260mnc [en_US] ldltr sw360dp w360dp h668dp 640dpi nrml long port finger -keyb/v/h -nav/h s.5}
02-20 19:45:22.703  1646  1698 I wm_boot_animation_done: 13075
02-20 19:45:22.704  1646  1688 I am_relaunch_resume_activity: [0,144548130,1,com.android.settings/.FallbackHome]
02-20 19:45:22.705  1919  1919 I am_on_paused_called: [0,com.android.settings.FallbackHome,handleRelaunchActivity]
02-20 19:45:22.706  1919  1979 D EGL_emulation: eglMakeCurrent: 0x70b5efea3e40: ver 3 0 (tinfo 0x70b5fa41f2e0)
02-20 19:45:22.706  1912  1934 D DCT     : [0]hasMatchedTetherApnSetting: APN=null
02-20 19:45:22.707  1919  1919 I am_on_stop_called: [0,com.android.settings.FallbackHome,destroy]
02-20 19:45:22.707  1646  1698 I SystemServiceManager: Starting phase 1000
02-20 19:45:22.710  1912  1912 D SIMRecords: [SIMRecords] onRecordLoaded 9 requested: true
02-20 19:45:22.710  1912  1912 D SIMRecords: [SIMRecords] EF_MWIS : 0000000000
02-20 19:45:22.710  1912  1912 D SIMRecords: [SIMRecords] onRecordLoaded 8 requested: true
02-20 19:45:22.710  1912  1912 D SIMRecords: [SIMRecords] EF_CPHS_MWI: 55
02-20 19:45:22.710  1912  1912 D SIMRecords: [SIMRecords] onRecordLoaded 7 requested: true
02-20 19:45:22.710  1912  1912 D SIMRecords: [SIMRecords] EF_CFF_CPHS: 55
02-20 19:45:22.710  1912  1912 D SIMRecords: [SIMRecords] onRecordLoaded 6 requested: true
02-20 19:45:22.710  1912  1912 D SIMRecords: [SIMRecords] onRecordLoaded 5 requested: true
02-20 19:45:22.710  1912  1912 D SIMRecords: [SIMRecords] SST: UsimServiceTable[120]={ PHONEBOOK, FDN, FDN_EXTENSION, SDN, SDN_EXTENSION, BDN, BDN_EXTENSION, OUTGOING_CALL_INFO, ADVICE_OF_CHARGE, CAP_CONFIG_PARAMS_2, GROUP_ID_LEVEL_1, GROUP_ID_LEVEL_2, SPN, USER_PLMN_SELECT, MSISDN, IMAGE, LOCALISED_SERVICE_AREAS, EMLPP, EMLPP_AUTO_ANSWER, RFU, GSM_ACCESS, DATA_DL_VIA_SMS_PP, DATA_DL_VIA_SMS_CB, CALL_CONTROL_BY_USIM, MO_SMS_CONTROL_BY_USIM, RUN_AT_COMMAND, APN_CONTROL_LIST, DEPERSONALISATION_CONTROL_KEYS, COOPERATIVE_NETWORK_LIST, GSM_SECURITY_CONTEXT, SERVICE_PROVIDER_DISPLAY_INFO, MMS_NOTIFICATION, MMS_NOTIFICATION_EXTENSION, GPRS_CALL_CONTROL_BY_USIM, VGCS_GROUP_ID_LIST, VBS_GROUP_ID_LIST, OMA_BCAST_PROFILE, GBA_LOCAL_KEY_ESTABLISHMENT, #101, #102, #103, #104, #105, #106, #107, #108, #109, #110 }
02-20 19:45:22.710  1912  1912 D SIMRecords: [SIMRecords] onRecordLoaded 4 requested: true
02-20 19:45:22.710  1912  1912 D SIMRecords: [SIMRecords] iCPHS: 0233
02-20 19:45:22.710  1912  1912 D SIMRecords: [SIMRecords] onRecordLoaded 3 requested: true
02-20 19:45:22.710  1912  1912 D RILJ    : [3734]> iccIO: SIM_IO 0xb0 0x6f14  path: 3F007F20,0,0,20 aid: null [SUB0]
02-20 19:45:22.710  1912  1912 D RuimRecords: [RuimRecords] iccid: 89014103211118510720
02-20 19:45:22.710  1912  1912 D RuimRecords: [RuimRecords] onRecordLoaded 0 requested: true
02-20 19:45:22.710  1912  1912 D RuimRecords: [RuimRecords] record load complete
02-20 19:45:22.710  1912  1912 D SIMRecords: [SIMRecords] MSISDN: [t-WgLegCyIMgfHgPkOdM6pkZbpA]
02-20 19:45:22.710  1912  1912 D SIMRecords: [SIMRecords] onRecordLoaded 2 requested: true
02-20 19:45:22.710  1912  1912 D RILJ    : [3735]> iccIO: SIM_IO 0xb2 0x6fc7  path: 3F007F20,1,4,32 aid: null [SUB0]
02-20 19:45:22.711  1375  1467 D RIL     : onRequest: SIM_IO
02-20 19:45:22.711  1375  1467 D AT      : AT> AT+CRSM=176,28436,0,0,20
02-20 19:45:22.711  1375  1470 D AT      : AT< +CRSM: 144,0,416e64726f6964ffffffffffffffffffffffffff
02-20 19:45:22.711  1375  1470 D AT      : AT< OK
02-20 19:45:22.711  1912  2012 D RILJ    : [3734]< SIM_IO IccIoResponse sw1:0x90 sw2:0x0 [SUB0]
02-20 19:45:22.711  1375  1467 D RIL     : onRequest: SIM_IO
02-20 19:45:22.711  1375  1467 D AT      : AT> AT+CRSM=178,28615,1,4,32
02-20 19:45:22.711  1375  1470 D AT      : AT< +CRSM: 144,0,566f6963656d61696cffffffffffffffffff07915155125740f9ffffffffffff
02-20 19:45:22.711  1375  1470 D AT      : AT< OK
02-20 19:45:22.711  1912  2012 D RILJ    : [3735]< SIM_IO IccIoResponse sw1:0x90 sw2:0x0 [SUB0]
02-20 19:45:22.713  1912  1912 D SIMRecords: [SIMRecords] getServiceProviderName: no brandOverride, providerName=Android
02-20 19:45:22.713  1912  1912 D SIMRecords: [SIMRecords] Load EF_SPN_CPHS: Android
02-20 19:45:22.713  1912  1912 D TelephonyManager: setTelephonyProperty: success phoneId=0 property=gsm.sim.operator.alpha value: Android propVal=Android
02-20 19:45:22.714  1912  1912 D SIMRecords: [SIMRecords] onRecordLoaded 1 requested: true
02-20 19:45:22.714  1912  1912 D SIMRecords: [SIMRecords] VM: ADN Record 'Voicemail' '[-MWU1cAlDrkXUZ8dpHi_wU_YOpU] null' EF[MBDN]
02-20 19:45:22.714  1912  1912 D SIMRecords: [SIMRecords] onRecordLoaded 0 requested: true
02-20 19:45:22.714  1912  1912 D SIMRecords: [SIMRecords] record load complete
02-20 19:45:22.714  1912  1912 D SIMRecords: [SIMRecords] Not using EF LI/EF PL
02-20 19:45:22.714  1912  1912 D SIMRecords: [SIMRecords] EF_CFF: callForwardingEnabled=0
02-20 19:45:22.714  1912  1912 D SIMRecords: [SIMRecords] onAllRecordsLoaded set 'gsm.sim.operator.numeric' to operator='310260'
02-20 19:45:22.714  1912  1912 D SIMRecords: [SIMRecords] update icc_operator_numeric=310260
02-20 19:45:22.714  1912  1912 D TelephonyManager: setTelephonyProperty: success phoneId=0 property=gsm.sim.operator.numeric value: 310260 propVal=310260
02-20 19:45:22.714  1912  1912 D SubscriptionController: [setMccMnc]+ mcc/mnc:310/260 subId:-1
02-20 19:45:22.730  1646  1698 I am_proc_start: [0,2086,10015,com.google.android.ext.services,on-hold,]
02-20 19:45:22.730  1646  1698 I ActivityManager: Start proc 2086:com.google.android.ext.services/u0a15 for on-hold
02-20 19:45:22.734  2086  2086 W art     : Unexpected CPU variant for X86 using defaults: x86_64
02-20 19:45:22.740  1646  1698 D ActivityManager: Finishing user boot 0
02-20 19:45:22.740  1646  1698 I sysui_histogram: [framework_locked_boot_completed,13]
02-20 19:45:22.741  1646  1698 D CryptdConnector: SND -> {3 cryptfs prepare_user_storage ! 0 0 2}
02-20 19:45:22.742  1267  1303 D vold    : e4crypt_prepare_user_storage for volume null, user 0, serial 0, flags 2
02-20 19:45:22.742  1267  1303 D vold    : Preparing: /data/system_ce/0
02-20 19:45:22.742  1267  1303 D vold    : Preparing: /data/misc_ce/0
02-20 19:45:22.742  1267  1303 D vold    : Preparing: /data/media/0
02-20 19:45:22.742  1267  1303 D vold    : Preparing: /data/data
02-20 19:45:22.742  1646  1729 D CryptdConnector: RCV <- {200 3 Command succeeded}
02-20 19:45:22.742  1646  1698 V UserManagerService: Found /data/user/0 with serial number 0
02-20 19:45:22.742  1646  1698 V UserManagerService: Found /data/system_ce/0 with serial number 0
02-20 19:45:22.743  1646  1698 V PackageManager: reconcileAppsData for null u0 0x2
02-20 19:45:22.750  1912  1912 D SubscriptionController: notifySubscriptionInfoChanged:
02-20 19:45:22.750  1646  1646 I GnssLocationProvider: WakeLock acquired by sendMessage(12, 0, null)
02-20 19:45:22.752  1912  1932 D SubscriptionController: [getActiveSubInfoList] Sub Controller not ready
02-20 19:45:22.760  2062  2062 W System  : ClassLoader referenced unknown path: /system/app/PrebuiltDeskClockGoogle/lib/x86_64
02-20 19:45:22.765  1646  1746 D NotificationSQLiteLog: Pruned event entries: 0
02-20 19:45:22.768  1912  1932 D SubscriptionController: [getPhoneId]- no sims, returning default phoneId=2147483647
02-20 19:45:22.805  1912  1934 D SubscriptionController: [getPhoneId]- no sims, returning default phoneId=2147483647
02-20 19:45:22.826  1646  1698 V PackageManager: reconcileAppsData finished 100 packages
02-20 19:45:22.827  1646  1691 D MountService: onUnlockUser 0
02-20 19:45:22.827  1646  1691 D VoldConnector: SND -> {7 volume user_started 0}
02-20 19:45:22.827  1646  1751 I dvm_lock_sample: [system_server,1,Binder:1646_3,76,ActivityManagerService.java,18551,-,6823,15]
02-20 19:45:22.827  1646  1794 I am_proc_bound: [0,2086,com.google.android.ext.services]
02-20 19:45:22.828  1267  1302 D vold    : Linking /storage/emulated/0 to /mnt/user/0/primary
02-20 19:45:22.828  1646  1728 D VoldConnector: RCV <- {200 7 Command succeeded}
02-20 19:45:22.830  1646  1727 D MountService: Volume public:253,64 broadcasting mounted to UserHandle{0}
02-20 19:45:22.831  1912  1912 D SIMRecords: [SIMRecords] onAllRecordsLoaded set mcc imsi
02-20 19:45:22.831  1912  1912 D TelephonyManager: setTelephonyProperty: success phoneId=0 property=gsm.sim.operator.iso-country value: us propVal=us
02-20 19:45:22.853  1646  1727 D MountService: Volume emulated broadcasting mounted to UserHandle{0}
02-20 19:45:22.859  1912  1912 D SST     : SubscriptionListener.onSubscriptionInfoChanged
02-20 19:45:22.859  1912  1912 D SIMRecords: [SIMRecords]  VoiceMessageCount from SIM MWIS = 0
02-20 19:45:22.859  1912  1912 E Phone   : getStoredVoiceMessageCount: invalid subId -2
02-20 19:45:22.860  1912  1912 D GsmCdmaPhone: [GsmCdmaPhone] updateVoiceMail countVoiceMessages = 0 subId -2
02-20 19:45:22.860  1912  1912 E Phone   : setVoiceMessageCount in sharedPreference: invalid subId -2
02-20 19:45:22.860  1912  1912 D DCT     : [0]SubscriptionListener.onSubscriptionInfoChanged
02-20 19:45:22.861  1912  1912 D SubscriptionController: [getActiveSubInfoList] Sub Controller not ready
02-20 19:45:22.862  1912  1912 D SubscriptionController: [getActiveSubInfoList] Sub Controller not ready
02-20 19:45:22.862  1912  1912 I Telephony: PstnIncomingCallNotifier: Unregistering: Handler (com.android.internal.telephony.GsmCdmaPhone) {d8aacf9}
02-20 19:45:22.862  1912  1912 E PhoneInterfaceManager: [PhoneIntfMgr] getIccId: No UICC
02-20 19:45:22.891  1646  2101 I Telecom : PhoneAccountRegistrar: [ComponentInfo{com.android.phone/com.android.services.telephony.TelephonyConnectionService}, [e0184adedf913b076626646d3f52c3b49c39ad6d], UserHandle{0}(addr: tel:*********** -> tel:)(icon: Icon(typ=BITMAP size=76x96) -> Icon(typ=BITMAP size=76x96))(subAddr: tel:*********** -> tel:)]: TSI.rPA@AAg
02-20 19:45:22.896  1646  2101 I Telecom : : Sending phone-account registered intent as user: TSI.rPA@AAg
02-20 19:45:22.897  1919  1919 I am_on_resume_called: [0,com.android.settings.FallbackHome,handleRelaunchActivity]
02-20 19:45:22.898  1912  1912 I Telephony: AccountEntry: Registered phoneAccount: [[ ] PhoneAccount: ComponentInfo{com.android.phone/com.android.services.telephony.TelephonyConnectionService}, [e0184adedf913b076626646d3f52c3b49c39ad6d], UserHandle{0} Capabilities: CallProvider MultiUser PlaceEmerg SimSub  Schemes: tel voicemail  Extras: null GroupId: [da39a3ee5e6b4b0d3255bfef95601890afd80709]] with handle: ComponentInfo{com.android.phone/com.android.services.telephony.TelephonyConnectionService}, [e0184adedf913b076626646d3f52c3b49c39ad6d], UserHandle{0}
02-20 19:45:22.898  1912  1912 I Telephony: PstnIncomingCallNotifier: Registering: Handler (com.android.internal.telephony.GsmCdmaPhone) {d8aacf9}
02-20 19:45:22.905  1646  1691 V BackupManagerService: No ancestral data
02-20 19:45:22.908  1912  1912 D CAT     : CatService: handleMessage[20]
02-20 19:45:22.910  1912  1912 D GsmCdmaPhone: [GsmCdmaPhone] updateCurrentCarrierInProvider: mSubId = -2 currentDds = 1 operatorNumeric = 310260
02-20 19:45:22.910  1912  1912 D IccCardProxy: operator=310260 mPhoneId=0
02-20 19:45:22.910  1912  1912 D TelephonyManager: setTelephonyProperty: success phoneId=0 property=gsm.sim.operator.numeric value: 310260 propVal=310260
02-20 19:45:22.914  1912  1912 D TelephonyManager: setTelephonyProperty: success phoneId=0 property=gsm.sim.operator.iso-country value: us propVal=us
02-20 19:45:22.914  1912  1912 D IccCardProxy: Sending intent ACTION_INTERNAL_SIM_STATE_CHANGED for mPhoneId : 0
02-20 19:45:22.915  1912  1912 D SST     : EVENT_SIM_RECORDS_LOADED: what=16
02-20 19:45:22.915  1912  1912 D GsmCdmaPhone: [GsmCdmaPhone] updatePhoneObject: radioTechnology=0
02-20 19:45:22.915  1912  1912 D SST     : getOtasp: otasp not needed for GSM
02-20 19:45:22.915  1912  1912 D SST     : updateOtaspState: call notifyOtaspChanged old otaspMode=0 new otaspMode=3
02-20 19:45:22.915  1912  1912 D SIMRecords: [SIMRecords] getServiceProviderName: no brandOverride, providerName=Android
02-20 19:45:22.915  1912  1912 D SIMRecords: [SIMRecords] getServiceProviderName: no brandOverride, providerName=Android
02-20 19:45:22.915  1912  1912 D SST     : updateSpnDisplay: changed sending intent rule=1 showPlmn='false' plmn='Android' showSpn='true' spn='Android' dataSpn='Android' subId='-2'
02-20 19:45:22.916  1912  1912 D SubscriptionController: [setPlmnSpn] No valid subscription to store info
02-20 19:45:22.916  1912  1912 D SubscriptionController: notifySubscriptionInfoChanged:
02-20 19:45:22.920  1912  1912 E PhoneInterfaceManager: [PhoneIntfMgr] getIccId: No UICC
02-20 19:45:22.920  1646  1691 V BackupManagerService: Starting with transport android/com.android.internal.backup.LocalTransport
02-20 19:45:22.920  1646  1691 V BackupManagerService: Found transports: 2
02-20 19:45:22.935  1646  2101 I Telecom : PhoneAccountRegistrar: [ComponentInfo{com.android.phone/com.android.services.telephony.TelephonyConnectionService}, [e0184adedf913b076626646d3f52c3b49c39ad6d], UserHandle{0}(icon: Icon(typ=BITMAP size=76x96) -> Icon(typ=BITMAP size=76x96))]: TSI.rPA@AAs
02-20 19:45:22.936  1646  2101 I Telecom : : Sending phone-account registered intent as user: TSI.rPA@AAs
02-20 19:45:22.938  1646  1691 I am_proc_start: [0,2107,10014,com.google.android.gms.persistent,service,com.google.android.gms/.backup.BackupTransportService]
02-20 19:45:22.938  1646  1691 I ActivityManager: Start proc 2107:com.google.android.gms.persistent/u0a14 for service com.google.android.gms/.backup.BackupTransportService
02-20 19:45:22.939  1912  1912 D GsmCdmaPhone: [GsmCdmaPhone] phoneObjectUpdater: newVoiceRadioTech=0
02-20 19:45:22.939  1646  1691 I BackupManagerService: Backup enabled => false
02-20 19:45:22.939  1912  1912 D GsmCdmaPhone: [GsmCdmaPhone] phoneObjectUpdater: volteReplacementRat=0
02-20 19:45:22.939  1912  1912 E GsmCdmaPhone: [GsmCdmaPhone] phoneObjectUpdater: newVoiceRadioTech=0 doesn't match either CDMA or GSM - error! No phone change
02-20 19:45:22.939  1912  1912 D SST     : SubscriptionListener.onSubscriptionInfoChanged
02-20 19:45:22.939  1912  1912 D DCT     : [0]SubscriptionListener.onSubscriptionInfoChanged
02-20 19:45:22.940  1912  1912 D SubscriptionController: [getActiveSubInfoList] Sub Controller not ready
02-20 19:45:22.941  1912  1912 D SubscriptionController: [getActiveSubInfoList] Sub Controller not ready
02-20 19:45:22.941  1912  1912 I Telephony: PstnIncomingCallNotifier: Unregistering: Handler (com.android.internal.telephony.GsmCdmaPhone) {d8aacf9}
02-20 19:45:22.941  1912  1912 E PhoneInterfaceManager: [PhoneIntfMgr] getIccId: No UICC
02-20 19:45:22.945  1646  1689 I Telecom : PhoneAccountRegistrar: [ComponentInfo{com.android.phone/com.android.services.telephony.TelephonyConnectionService}, [e0184adedf913b076626646d3f52c3b49c39ad6d], UserHandle{0}(icon: Icon(typ=BITMAP size=76x96) -> Icon(typ=BITMAP size=76x96))]: TSI.rPA@AAw
02-20 19:45:22.946  1912  1934 D SubscriptionController: [getActiveSubInfoList] Sub Controller not ready
02-20 19:45:22.946  1646  1646 I GnssLocationProvider: WakeLock acquired by sendMessage(12, 0, null)
02-20 19:45:22.946  1646  1689 I Telecom : : Sending phone-account registered intent as user: TSI.rPA@AAw
02-20 19:45:22.950  1912  1912 I Telephony: AccountEntry: Registered phoneAccount: [[ ] PhoneAccount: ComponentInfo{com.android.phone/com.android.services.telephony.TelephonyConnectionService}, [e0184adedf913b076626646d3f52c3b49c39ad6d], UserHandle{0} Capabilities: CallProvider MultiUser PlaceEmerg SimSub  Schemes: tel voicemail  Extras: null GroupId: [da39a3ee5e6b4b0d3255bfef95601890afd80709]] with handle: ComponentInfo{com.android.phone/com.android.services.telephony.TelephonyConnectionService}, [e0184adedf913b076626646d3f52c3b49c39ad6d], UserHandle{0}
02-20 19:45:22.950  1912  1912 I Telephony: PstnIncomingCallNotifier: Registering: Handler (com.android.internal.telephony.GsmCdmaPhone) {d8aacf9}
02-20 19:45:22.959  2107  2107 W art     : Unexpected CPU variant for X86 using defaults: x86_64
02-20 19:45:22.960  1646  1646 V BackupManagerService: Connected to transport ComponentInfo{android/com.android.internal.backup.LocalTransportService}
02-20 19:45:22.960  1646  1646 V BackupManagerService: Registering transport android/com.android.internal.backup.LocalTransportService::android/com.android.internal.backup.LocalTransport = android.app.backup.BackupTransport$TransportImpl@2aa7797
02-20 19:45:22.962  1646  1646 I backup_transport_lifecycle: [android/com.android.internal.backup.LocalTransportService,1]
02-20 19:45:22.990  1912  1912 E PhoneInterfaceManager: [PhoneIntfMgr] getIccId: No UICC
02-20 19:45:22.991  1364  1799 I art     : Starting a blocking GC HeapTrim
02-20 19:45:23.002  1646  1691 I am_proc_start: [0,2126,10029,com.google.android.googlequicksearchbox:interactor,service,com.google.android.googlequicksearchbox/com.google.android.voiceinteraction.GsaVoiceInteractionService]
02-20 19:45:23.003  1646  1691 I ActivityManager: Start proc 2126:com.google.android.googlequicksearchbox:interactor/u0a29 for service com.google.android.googlequicksearchbox/com.google.android.voiceinteraction.GsaVoiceInteractionService
02-20 19:45:23.003  1646  1688 I am_proc_bound: [0,2107,com.google.android.gms.persistent]
02-20 19:45:23.013  1646  1794 I Telecom : PhoneAccountRegistrar: [ComponentInfo{com.android.phone/com.android.services.telephony.TelephonyConnectionService}, [e0184adedf913b076626646d3f52c3b49c39ad6d], UserHandle{0}(icon: Icon(typ=BITMAP size=76x96) -> Icon(typ=BITMAP size=76x96))]: TSI.rPA@AA8
02-20 19:45:23.015  1646  1794 I Telecom : : Sending phone-account registered intent as user: TSI.rPA@AA8
02-20 19:45:23.015  1646  1691 I ActivityManager: Loading recents for user 0 into memory.
02-20 19:45:23.020  2126  2126 W art     : Unexpected CPU variant for X86 using defaults: x86
02-20 19:45:23.024  1646  1691 D ActivityManager: Sending BOOT_COMPLETE user #0
02-20 19:45:23.024  1646  1691 I sysui_histogram: [framework_boot_completed,13]
02-20 19:45:23.036  1912  1912 D SubscriptionInfoUpdater: [Receiver]+
02-20 19:45:23.036  1912  1912 D SubscriptionInfoUpdater: Action: android.intent.action.internal_sim_state_changed
02-20 19:45:23.036  1912  1912 D SubscriptionInfoUpdater: slotId: 0
02-20 19:45:23.036  1912  1912 D SubscriptionInfoUpdater: simStatus: LOADED
02-20 19:45:23.036  1912  1912 D SubscriptionInfoUpdater: [Receiver]-
02-20 19:45:23.036  1912  1912 D WAP PUSH: Received broadcast android.intent.action.USER_UNLOCKED
02-20 19:45:23.036  1912  1912 D WAP PUSH: Received broadcast android.intent.action.USER_UNLOCKED
02-20 19:45:23.036  1912  1912 D SmsBroadcastUndelivered: Received broadcast android.intent.action.USER_UNLOCKED
02-20 19:45:23.036  1912  1912 D SubscriptionInfoUpdater: [Receiver]+
02-20 19:45:23.036  1912  1912 D SubscriptionInfoUpdater: Action: android.intent.action.USER_UNLOCKED
02-20 19:45:23.036  1912  1912 D SubscriptionInfoUpdater: Broadcasting intent ACTION_SIM_STATE_CHANGED for mCardIndex: 0
02-20 19:45:23.038  1912  1912 D SubscriptionInfoUpdater: [Receiver]-
02-20 19:45:23.038  1912  1912 D CarrierSvcBindHelper: Received android.intent.action.USER_UNLOCKED
02-20 19:45:23.041  1912  1912 D CarrierSvcBindHelper: No carrier app for: 0
02-20 19:45:23.041  1912  1912 D SubscriptionInfoUpdater: handleSimStateLoadedInternal: slotId: 0
02-20 19:45:23.041  1912  1912 D SubscriptionInfoUpdater: All IccIds query complete
02-20 19:45:23.041  1912  1912 D SubscriptionInfoUpdater: updateSubscriptionInfoByIccId:+ Start
02-20 19:45:23.041  1912  1912 D SubscriptionController: [clearSubInfo]- no simInfo size=0
02-20 19:45:23.041  1912  1912 D SubscriptionInfoUpdater: insertedSimCount = 1
02-20 19:45:23.041  1912  1912 D SubscriptionController: [getSubInfoUsingSlotIdWithCheck]+ slotId:0
02-20 19:45:23.046  1912  1912 D SubscriptionController: [getPhoneId]- no sims, returning default phoneId=2147483647
02-20 19:45:23.048  1912  1912 D SubscriptionController: [getPhoneId]- no sims, returning default phoneId=2147483647
02-20 19:45:23.048  1912  1912 D SubscriptionController: [getPhoneId]- no sims, returning default phoneId=2147483647
02-20 19:45:23.048  1912  1912 D SubscriptionController: [getSubInfoUsingSlotId]- null info return
02-20 19:45:23.048  1912  1912 D SubscriptionInfoUpdater: updateSubscriptionInfoByIccId: oldSubId = 1
02-20 19:45:23.048  1912  1912 D SubscriptionInfoUpdater: updateSubscriptionInfoByIccId: oldIccId[0] = 89014103211118510720, sIccId[0] = 89014103211118510720
02-20 19:45:23.049  1912  1912 D SubscriptionController: [addSubInfoRecord]+ iccId:89014103211118510720 slotId:0
02-20 19:45:23.056  1912  2151 E WAP PUSH: bindService() for wappush manager failed
02-20 19:45:23.056  1912  2152 E WAP PUSH: bindService() for wappush manager failed
02-20 19:45:23.056  1912  2153 D SmsBroadcastUndelivered: scanning raw table for undelivered messages
02-20 19:45:23.092  2086  2086 W System  : ClassLoader referenced unknown path: /system/priv-app/GoogleExtServices/lib/x86_64
02-20 19:45:23.106  1646  2101 I am_proc_bound: [0,2126,com.google.android.googlequicksearchbox:interactor]
02-20 19:45:23.107  1646  2104 V KeyValueBackupJob: Scheduling k/v pass in 245 minutes
02-20 19:45:23.107  1912  1934 D SubscriptionController: [getPhoneId]- no sims, returning default phoneId=2147483647
02-20 19:45:23.110  2107  2107 W System  : ClassLoader referenced unknown path: /system/priv-app/PrebuiltGmsCore/lib/x86_64
02-20 19:45:23.118  1646  1692 W WindowManager: Keyguard drawn timeout. Setting mKeyguardDrawComplete
02-20 19:45:23.125  1912  1912 D SubscriptionController: [getActiveSubInfoList] Sub Controller not ready
02-20 19:45:23.125  1912  1912 D SubscriptionController: [addSubInfoRecord] Record already exists
02-20 19:45:23.125  1919  1919 D FallbackHome: User unlocked and real home found; let's go!
02-20 19:45:23.126  1646  1751 I am_finish_activity: [0,144548130,1,com.android.settings/.FallbackHome,app-request]
02-20 19:45:23.126  1646  1751 I am_pause_activity: [0,144548130,com.android.settings/.FallbackHome]
02-20 19:45:23.129  1919  1979 D EGL_emulation: eglMakeCurrent: 0x70b5efea3e40: ver 3 0 (tinfo 0x70b5fa41f2e0)
02-20 19:45:23.145  1912  2153 D SmsBroadcastUndelivered: finished scanning raw table in 88 ms
02-20 19:45:23.148  1912  1912 D SubscriptionController: [addSubInfoRecord] sSlotIdxToSubId.size=1 slotId=0 subId=1 defaultSubId=1 simCount=1
02-20 19:45:23.148  1912  1912 D SubscriptionController: [setDefaultFallbackSubId] subId=1
02-20 19:45:23.172  1912  1912 D SubscriptionController: [setDefaultFallbackSubId] set mDefaultFallbackSubId=1
02-20 19:45:23.173  1912  1912 D MccTable: updateMccMncConfiguration mccmnc='310260' fromServiceState=false
02-20 19:45:23.173  1912  1912 D MccTable: updateMccMncConfiguration defaultMccMnc=310260
02-20 19:45:23.173  1912  1912 D MccTable: updateMccMncConfiguration: mcc=310, mnc=260
02-20 19:45:23.173  1912  1912 D MccTable: updateMccMncConfiguration updateConfig config={1.0 310mcc260mnc ?localeList ?layoutDir ?swdp ?wdp ?hdp ?density ?lsize ?long ?orien ?uimode ?night ?touch ?keyb/?/? ?nav/?}
02-20 19:45:23.187  1646  1646 I AccountManagerService: User 0 is unlocked - opening CE database
02-20 19:45:23.200  1919  1919 I am_on_paused_called: [0,com.android.settings.FallbackHome,handlePauseActivity]
02-20 19:45:23.200  1912  1912 D SubscriptionController: [setDefaultFallbackSubId] broadcast default subId changed phoneId=0 subId=1
02-20 19:45:23.200  1646  2158 I ActivityManager: START u0 {act=android.intent.action.MAIN cat=[android.intent.category.HOME] flg=0x10000100 cmp=com.google.android.apps.nexuslauncher/.NexusLauncherActivity} from uid 0 on display 0
02-20 19:45:23.201  1646  2158 I am_create_task: [0,62]
02-20 19:45:23.201  1646  2158 I am_create_activity: [0,252753007,62,com.google.android.apps.nexuslauncher/.NexusLauncherActivity,android.intent.action.MAIN,NULL,NULL,268435712]
02-20 19:45:23.201  1646  2158 I wm_task_created: [62,0]
02-20 19:45:23.206  1646  2158 I wm_task_moved: [62,1,1]
02-20 19:45:23.207  1646  2158 I wm_task_moved: [62,1,1]
02-20 19:45:23.207  1646  2158 I am_focused_activity: [0,com.google.android.apps.nexuslauncher/.NexusLauncherActivity,startedActivity]
02-20 19:45:23.232  1646  2158 I am_proc_start: [0,2160,10021,com.google.android.apps.nexuslauncher,activity,com.google.android.apps.nexuslauncher/.NexusLauncherActivity]
02-20 19:45:23.232  1646  2158 I ActivityManager: Start proc 2160:com.google.android.apps.nexuslauncher/u0a21 for activity com.google.android.apps.nexuslauncher/.NexusLauncherActivity
02-20 19:45:23.233  1646  1691 I sysui_count: [window_time_0,7]
02-20 19:45:23.235  1912  1912 D SubscriptionController: [addSubInfoRecord] one sim set defaults to subId=1
02-20 19:45:23.235  1912  1912 D SubscriptionController: [setDefaultDataSubId] num phones=1, subId=1
02-20 19:45:23.236  1919  1979 D EGL_emulation: eglMakeCurrent: 0x70b5efea3e40: ver 3 0 (tinfo 0x70b5fa41f2e0)
02-20 19:45:23.236  1912  1912 D SubscriptionController: [setDefaultDataSubId] phoneId=0 subId=1 RAF=1
02-20 19:45:23.250  2160  2160 W art     : Unexpected CPU variant for X86 using defaults: x86_64
02-20 19:45:23.266  1646  2158 I am_proc_bound: [0,2160,com.google.android.apps.nexuslauncher]
02-20 19:45:23.270  1912  1912 D ProxyController: setRadioCapability: Already in requested configuration, nothing to do.
02-20 19:45:23.270  1912  1912 D SubscriptionController: [updateAllDataConnectionTrackers] sPhones.length=1
02-20 19:45:23.271  1912  1912 D SubscriptionController: [updateAllDataConnectionTrackers] phoneId=0
02-20 19:45:23.271  1912  1912 D DCT     : [0]update sub = 1
02-20 19:45:23.271  1912  1912 D DCT     : [0]update(): Active DDS, register for all events now!
02-20 19:45:23.271  1912  1912 D DCT     : [0]New records found.
02-20 19:45:23.271  1912  1912 D SST     : mDeviceShuttingDown=false, mDesiredPowerState=true, getRadioState=RADIO_ON, mPowerOffDelayNeed=true, mAlarmSwitch=false, mRadioDisabledByCarrier=false
02-20 19:45:23.272  1912  1912 D GsmCdmaPhone: [GsmCdmaPhone] updateCurrentCarrierInProvider: mSubId = 1 currentDds = 1 operatorNumeric = 310260
02-20 19:45:23.274  1646  1690 I GnssLocationProvider: WakeLock released by handleMessage(12, 0, null)
02-20 19:45:23.308  1646  1661 W art     : Suspending all threads took: 56.427ms
02-20 19:45:23.315  1646  1661 I art     : Background sticky concurrent mark sweep GC freed 48214(2MB) AllocSpace objects, 12(276KB) LOS objects, 18% free, 14MB/18MB, paused 57.816ms total 111.841ms
02-20 19:45:23.316  1766  1766 I OpaLayout: Setting opa enabled to false
02-20 19:45:23.321  1766  1766 I OpaLayout: Setting opa enabled to false
02-20 19:45:23.364  1912  1912 D SubscriptionController: [broadcastDefaultDataSubIdChanged] subId=1
02-20 19:45:23.375  1760  1760 W RichInputConnection: Slow InputConnection: GET_TEXT_BEFORE_CURSOR took 316 ms.
02-20 19:45:23.387  1646  2158 I am_restart_activity: [0,252753007,62,com.google.android.apps.nexuslauncher/.NexusLauncherActivity]
02-20 19:45:23.397  1646  2104 I dvm_lock_sample: [system_server,0,backup,76,ActivityManagerService.java,7896,-,6669,15]
02-20 19:45:23.419  2160  2160 W System  : ClassLoader referenced unknown path: /system/priv-app/NexusLauncherPrebuilt/lib/x86_64
02-20 19:45:23.422  1646  1972 I am_proc_start: [0,2185,1000,com.android.keychain,service,com.android.keychain/.KeyChainService]
02-20 19:45:23.422  1646  1972 I ActivityManager: Start proc 2185:com.android.keychain/1000 for service com.android.keychain/.KeyChainService
02-20 19:45:23.425  1912  1912 D SubscriptionController: [setDefaultSmsSubId] subId=1
02-20 19:45:23.429  1646  2104 I dvm_lock_sample: [system_server,0,backup,32,ActivityManagerService.java,7896,-,17301,6]
02-20 19:45:23.439  1912  1912 D SubscriptionController: [broadcastDefaultSmsSubIdChanged] subId=1
02-20 19:45:23.456  1912  1934 D RILJ    : [3736]> RIL_REQUEST_GET_CELL_INFO_LIST [SUB0]
02-20 19:45:23.471  1375  1467 D RIL     : onRequest: GET_CELL_INFO_LIST
02-20 19:45:23.472  1375  1467 D RILC    : responseCellInfoList: v12
02-20 19:45:23.473  2185  2185 W art     : Unexpected CPU variant for X86 using defaults: x86_64
02-20 19:45:23.473  1912  2012 D RILJ    : [3736]< RIL_REQUEST_GET_CELL_INFO_LIST [CellInfoGsm:{mRegistered=YES mTimeStampType=modem mTimeStamp=13843627704ns CellIdentityGsm:{ mMcc=310 mMnc=260 mLac=3 mCid=91 mArfcn=10 mBsic=0x0} CellSignalStrengthGsm: ss=486535608 ber=31184 mTa=493952124}] [SUB0]
02-20 19:45:23.477  1760  1760 I InputAttributes: InputType.TYPE_NULL is specified
02-20 19:45:23.489  1646  1968 I dvm_lock_sample: [system_server,1,Binder:1646_6,25,PackageManagerService.java,3732,-,5338,5]
02-20 19:45:23.489  1912  1912 D SubscriptionController: [setDefaultVoiceSubId] subId=1
02-20 19:45:23.490  1912  1912 D SubscriptionController: [broadcastDefaultVoiceSubIdChanged] subId=1
02-20 19:45:23.495  1646  1751 I am_proc_bound: [0,2185,com.android.keychain]
02-20 19:45:23.507  1912  1912 D SubscriptionController: [addSubInfoRecord] hashmap(0,1)
02-20 19:45:23.523  2185  2185 W System  : ClassLoader referenced unknown path: /system/app/KeyChain/lib/x86_64
02-20 19:45:23.547  2160  2160 V Launcher: LauncherAppState inited
02-20 19:45:23.568  1912  1912 D SubscriptionController: [addSubInfoRecord] sim name = Android
02-20 19:45:23.568  1912  1912 D DCT     : [0]update sub = 1
02-20 19:45:23.568  1912  1912 D DCT     : [0]update(): Active DDS, register for all events now!
02-20 19:45:23.569  1912  1912 D GsmCdmaPhone: [GsmCdmaPhone] updateCurrentCarrierInProvider: mSubId = 1 currentDds = 1 operatorNumeric = 310260
02-20 19:45:23.617  1912  1912 D SubscriptionController: [addSubInfoRecord]- info size=1
02-20 19:45:23.618  1912  1912 D SubscriptionInfoUpdater: newSim = false
02-20 19:45:23.618  1912  1912 D SubscriptionInfoUpdater: updateSubscriptionInfoByIccId: sInsertSimState[0] = 0
02-20 19:45:23.629  1912  1912 D SubscriptionInfoUpdater: updateSubscriptionInfoByIccId: nSubCount = 1
02-20 19:45:23.635  1766  1766 E BluetoothAdapter: Bluetooth binder is null
02-20 19:45:23.653  1766  1766 I CameraManagerGlobal: Connecting to camera service
02-20 19:45:23.656  1366  1366 V EmulatedCamera_Camera: getCameraInfo
02-20 19:45:23.656  1366  1366 V EmulatedCamera_BaseCamera: getCameraInfo
02-20 19:45:23.656  1366  1366 I CameraService: getCameraCharacteristics: Switching to HAL1 shim implementation...
02-20 19:45:23.656  1366  1366 V EmulatedCamera_Camera: getCameraInfo
02-20 19:45:23.656  1366  1366 V EmulatedCamera_BaseCamera: getCameraInfo
02-20 19:45:23.656  1366  1366 I CameraService: CameraService::connect call (PID -1 "cameraserver", camera ID 0) for HAL version default and Camera API version 1
02-20 19:45:23.657  1366  1366 E CameraService: getCameraPriorityFromProcState: Received invalid process state -1 from ActivityManagerService!
02-20 19:45:23.657  1366  1366 V EmulatedCamera_Camera: getCameraInfo
02-20 19:45:23.657  1366  1366 V EmulatedCamera_BaseCamera: getCameraInfo
02-20 19:45:23.665  1912  1912 D SubscriptionController: [setDefaultDataSubId] num phones=1, subId=1
02-20 19:45:23.665  1912  1912 D SubscriptionController: [setDefaultDataSubId] phoneId=0 subId=1 RAF=1
02-20 19:45:23.665  1912  1912 D ProxyController: setRadioCapability: Already in requested configuration, nothing to do.
02-20 19:45:23.665  1912  1912 D SubscriptionController: [updateAllDataConnectionTrackers] sPhones.length=1
02-20 19:45:23.665  1912  1912 D SubscriptionController: [updateAllDataConnectionTrackers] phoneId=0
02-20 19:45:23.665  1912  1912 D DCT     : [0]update sub = 1
02-20 19:45:23.665  1912  1912 D DCT     : [0]update(): Active DDS, register for all events now!
02-20 19:45:23.666  1373  2206 E WVMExtractor: Failed to open libwvm.so: dlopen failed: library "libwvm.so" not found
02-20 19:45:23.669  1912  1912 D GsmCdmaPhone: [GsmCdmaPhone] updateCurrentCarrierInProvider: mSubId = 1 currentDds = 1 operatorNumeric = 310260
02-20 19:45:23.682  1373  2205 D NuPlayerDriver: notifyListener_l(0xe4e8c4e0), (1, 0, 0), loop setting(0, 0)
02-20 19:45:23.703  1912  1912 D SubscriptionController: [broadcastDefaultDataSubIdChanged] subId=1
02-20 19:45:23.704  1373  2208 D NuPlayerDriver: notifyListener_l(0xe4e8c360), (1, 0, 0), loop setting(0, 0)
02-20 19:45:23.704  1912  1912 D SubscriptionController: notifySubscriptionInfoChanged:
02-20 19:45:23.707  1646  1646 I GnssLocationProvider: WakeLock acquired by sendMessage(12, 0, null)
02-20 19:45:23.707  1912  2210 D SubscriptionMonitor: Phone[0] subId changed -2->1, 1 registrants
02-20 19:45:23.707  1912  2210 D SubscriptionMonitor: mDefaultDataSubId = 1, 1 registrants
02-20 19:45:23.708  1912  1912 D SubscriptionInfoUpdater: updateSubscriptionInfoByIccId:- SsubscriptionInfo update complete
02-20 19:45:23.708  1912  1912 D MccTable: updateMccMncConfiguration mccmnc='310260' fromServiceState=false
02-20 19:45:23.708  1912  1912 D MccTable: updateMccMncConfiguration defaultMccMnc=310260
02-20 19:45:23.708  1912  1912 D MccTable: updateMccMncConfiguration: mcc=310, mnc=260
02-20 19:45:23.708  1912  1912 D MccTable: updateMccMncConfiguration updateConfig config={1.0 310mcc260mnc ?localeList ?layoutDir ?swdp ?wdp ?hdp ?density ?lsize ?long ?orien ?uimode ?night ?touch ?keyb/?/? ?nav/?}
02-20 19:45:23.709  1373  2211 D NuPlayerDriver: notifyListener_l(0xe66a9140), (1, 0, 0), loop setting(0, 0)
02-20 19:45:23.732  1366  1366 I CameraFlashlight: Opening camera 0
02-20 19:45:23.732  1366  1366 V EmulatedCamera_Camera: getCameraInfo
02-20 19:45:23.732  1366  1366 V EmulatedCamera_BaseCamera: getCameraInfo
02-20 19:45:23.732  1366  1366 V EmulatedCamera_Camera: connectCamera
02-20 19:45:23.732  1366  1366 V EmulatedCamera_FakeDevice: connectDevice
02-20 19:45:23.732  1366  1366 V EmulatedCamera_CallbackNotifier: setCallbacks: 0xf53b2e80, 0xf53b2ed0, 0xf53b2ff0, 0xf53b3110 (0xf51c3320)
02-20 19:45:23.732  1366  1366 V EmulatedCamera_CallbackNotifier: enableMessage: msg_type = 0xc0d
02-20 19:45:23.732  1366  1366 V EmulatedCamera_CallbackNotifier:     CAMERA_MSG_ERROR
02-20 19:45:23.732  1366  1366 V EmulatedCamera_CallbackNotifier:     CAMERA_MSG_FOCUS
02-20 19:45:23.732  1366  1366 V EmulatedCamera_CallbackNotifier:     CAMERA_MSG_ZOOM
02-20 19:45:23.732  1366  1366 V EmulatedCamera_CallbackNotifier:     CAMERA_MSG_PREVIEW_METADATA
02-20 19:45:23.732  1366  1366 V EmulatedCamera_CallbackNotifier: **** Currently enabled messages:
02-20 19:45:23.732  1366  1366 V EmulatedCamera_CallbackNotifier:     CAMERA_MSG_ERROR
02-20 19:45:23.732  1366  1366 V EmulatedCamera_CallbackNotifier:     CAMERA_MSG_FOCUS
02-20 19:45:23.732  1366  1366 V EmulatedCamera_CallbackNotifier:     CAMERA_MSG_ZOOM
02-20 19:45:23.732  1366  1366 V EmulatedCamera_CallbackNotifier:     CAMERA_MSG_PREVIEW_METADATA
02-20 19:45:23.732  1366  1366 V EmulatedCamera_CallbackNotifier: disableMessage: msg_type = 0xffff
02-20 19:45:23.732  1366  1366 V EmulatedCamera_CallbackNotifier:     CAMERA_MSG_ERROR
02-20 19:45:23.732  1366  1366 V EmulatedCamera_CallbackNotifier:     CAMERA_MSG_SHUTTER
02-20 19:45:23.732  1366  1366 V EmulatedCamera_CallbackNotifier:     CAMERA_MSG_FOCUS
02-20 19:45:23.732  1366  1366 V EmulatedCamera_CallbackNotifier:     CAMERA_MSG_ZOOM
02-20 19:45:23.732  1366  1366 V EmulatedCamera_CallbackNotifier:     CAMERA_MSG_PREVIEW_FRAME
02-20 19:45:23.732  1366  1366 V EmulatedCamera_CallbackNotifier:     CAMERA_MSG_VIDEO_FRAME
02-20 19:45:23.732  1366  1366 V EmulatedCamera_CallbackNotifier:     CAMERA_MSG_POSTVIEW_FRAME
02-20 19:45:23.732  1366  1366 V EmulatedCamera_CallbackNotifier:     CAMERA_MSG_RAW_IMAGE
02-20 19:45:23.732  1366  1366 V EmulatedCamera_CallbackNotifier:     CAMERA_MSG_COMPRESSED_IMAGE
02-20 19:45:23.732  1366  1366 V EmulatedCamera_CallbackNotifier:     CAMERA_MSG_RAW_IMAGE_NOTIFY
02-20 19:45:23.732  1366  1366 V EmulatedCamera_CallbackNotifier:     CAMERA_MSG_PREVIEW_METADATA
02-20 19:45:23.732  1366  1366 V EmulatedCamera_CallbackNotifier: **** Currently enabled messages:
02-20 19:45:23.732  1366  1366 V EmulatedCamera_Preview: setPreviewWindow: current: 0x0 -> new: 0x0
02-20 19:45:23.732  1366  1366 V EmulatedCamera_Camera: doStopPreview
02-20 19:45:23.735  1366  1366 V EmulatedCamera_Camera: cancelPicture
02-20 19:45:23.735  1366  1366 V EmulatedCamera_Camera: releaseCamera
02-20 19:45:23.735  1366  1366 V EmulatedCamera_Camera: doStopPreview
02-20 19:45:23.735  1366  1366 V EmulatedCamera_FakeDevice: disconnectDevice
02-20 19:45:23.735  1366  1366 W EmulatedCamera_Device: Initialize: Emulated camera device is already initialized: mState = 1
02-20 19:45:23.735  1366  1366 D EmulatedCamera_FakeCamera: Initialize: Fake camera is facing back
02-20 19:45:23.735  1366  1366 V EmulatedCamera_Device: initializeWhiteBalanceModes with auto, 1.000000, 1.000000
02-20 19:45:23.735  1366  1366 V EmulatedCamera_Device: initializeWhiteBalanceModes with incandescent, 1.380000, 0.600000
02-20 19:45:23.735  1366  1366 V EmulatedCamera_Device: initializeWhiteBalanceModes with daylight, 1.090000, 0.920000
02-20 19:45:23.735  1366  1366 V EmulatedCamera_Device: initializeWhiteBalanceModes with twilight, 0.920000, 1.220000
02-20 19:45:23.735  1366  1366 V EmulatedCamera_Device: setWhiteBalanceMode with white balance auto
02-20 19:45:23.735  1366  1366 I CameraFlashlight: Destroying camera 0
02-20 19:45:23.735  1366  1366 V EmulatedCamera_Camera: closeCamera
02-20 19:45:23.735  1366  1366 V EmulatedCamera_Camera: doStopPreview
02-20 19:45:23.735  1366  1366 W EmulatedCamera_Device: Initialize: Emulated camera device is already initialized: mState = 1
02-20 19:45:23.735  1366  1366 D EmulatedCamera_FakeCamera: Initialize: Fake camera is facing back
02-20 19:45:23.735  1366  1366 V EmulatedCamera_Device: initializeWhiteBalanceModes with auto, 1.000000, 1.000000
02-20 19:45:23.735  1366  1366 V EmulatedCamera_Device: initializeWhiteBalanceModes with incandescent, 1.380000, 0.600000
02-20 19:45:23.735  1366  1366 V EmulatedCamera_Device: initializeWhiteBalanceModes with daylight, 1.090000, 0.920000
02-20 19:45:23.735  1366  1366 V EmulatedCamera_Device: initializeWhiteBalanceModes with twilight, 0.920000, 1.220000
02-20 19:45:23.735  1366  1366 V EmulatedCamera_Device: setWhiteBalanceMode with white balance auto
02-20 19:45:23.737  1366  1366 I CameraService: disconnect: Disconnected client for camera 0 for PID 1366
02-20 19:45:23.738  1373  1373 D NuPlayerDriver: reset(0xe4e8c4e0) at state 4
02-20 19:45:23.738  1373  1373 D NuPlayerDriver: notifyListener_l(0xe4e8c4e0), (8, 0, 0), loop setting(0, 0)
02-20 19:45:23.738  1373  2205 D NuPlayerDriver: notifyResetComplete(0xe4e8c4e0)
02-20 19:45:23.739  1373  1838 D NuPlayerDriver: reset(0xe4e8c360) at state 4
02-20 19:45:23.739  1373  1838 D NuPlayerDriver: notifyListener_l(0xe4e8c360), (8, 0, 0), loop setting(0, 0)
02-20 19:45:23.739  1373  2208 D NuPlayerDriver: notifyResetComplete(0xe4e8c360)
02-20 19:45:23.739  1373  1438 D NuPlayerDriver: reset(0xe66a9140) at state 4
02-20 19:45:23.739  1373  1438 D NuPlayerDriver: notifyListener_l(0xe66a9140), (8, 0, 0), loop setting(0, 0)
02-20 19:45:23.739  1373  2211 D NuPlayerDriver: notifyResetComplete(0xe66a9140)
02-20 19:45:23.742  1366  1712 V EmulatedCamera_Camera: getCameraInfo
02-20 19:45:23.742  1366  1712 V EmulatedCamera_BaseCamera: getCameraInfo
02-20 19:45:23.743  1366  1712 V EmulatedCamera_Camera: getCameraInfo
02-20 19:45:23.743  1366  1712 V EmulatedCamera_BaseCamera: getCameraInfo
02-20 19:45:23.744  2107  2107 I LoadedApk: No resource references to update in package FFFFFFFFFFFFFFFFFFFFFF
02-20 19:45:23.796  1766  1766 I StatusBar: isKeyguardShowing() called before startKeyguard(), returning true
02-20 19:45:23.797  1766  1766 W StatusBar: isKeyguardSecure() called before startKeyguard(), returning false
02-20 19:45:23.797  1766  1766 W StatusBar: java.lang.Throwable
02-20 19:45:23.797  1766  1766 W StatusBar: 	at com.android.systemui.statusbar.BaseStatusBar.isKeyguardSecure(BaseStatusBar.java:2647)
02-20 19:45:23.797  1766  1766 W StatusBar: 	at com.android.systemui.statusbar.BaseStatusBar.isCameraAllowedByAdmin(BaseStatusBar.java:2670)
02-20 19:45:23.797  1766  1766 W StatusBar: 	at com.android.systemui.statusbar.phone.KeyguardBottomAreaView.updateCameraVisibility(KeyguardBottomAreaView.java:309)
02-20 19:45:23.797  1766  1766 W StatusBar: 	at com.android.systemui.statusbar.phone.KeyguardBottomAreaView.setPhoneStatusBar(KeyguardBottomAreaView.java:272)
02-20 19:45:23.797  1766  1766 W StatusBar: 	at com.android.systemui.statusbar.phone.PhoneStatusBar.makeStatusBarView(PhoneStatusBar.java:904)
02-20 19:45:23.797  1766  1766 W StatusBar: 	at com.android.systemui.statusbar.phone.PhoneStatusBar.addStatusBarWindow(PhoneStatusBar.java:3432)
02-20 19:45:23.797  1766  1766 W StatusBar: 	at com.android.systemui.statusbar.phone.PhoneStatusBar.createAndAddWindows(PhoneStatusBar.java:3428)
02-20 19:45:23.797  1766  1766 W StatusBar: 	at com.android.systemui.statusbar.BaseStatusBar.start(BaseStatusBar.java:765)
02-20 19:45:23.797  1766  1766 W StatusBar: 	at com.android.systemui.statusbar.phone.PhoneStatusBar.start(PhoneStatusBar.java:686)
02-20 19:45:23.797  1766  1766 W StatusBar: 	at com.android.systemui.statusbar.SystemBars.createStatusBarFromConfig(SystemBars.java:106)
02-20 19:45:23.797  1766  1766 W StatusBar: 	at com.android.systemui.statusbar.SystemBars.onNoService(SystemBars.java:58)
02-20 19:45:23.797  1766  1766 W StatusBar: 	at com.android.systemui.statusbar.ServiceMonitor.startService(ServiceMonitor.java:230)
02-20 19:45:23.797  1766  1766 W StatusBar: 	at com.android.systemui.statusbar.ServiceMonitor.-wrap5(ServiceMonitor.java)
02-20 19:45:23.797  1766  1766 W StatusBar: 	at com.android.systemui.statusbar.ServiceMonitor$1.handleMessage(ServiceMonitor.java:73)
02-20 19:45:23.797  1766  1766 W StatusBar: 	at android.os.Handler.dispatchMessage(Handler.java:102)
02-20 19:45:23.797  1766  1766 W StatusBar: 	at android.os.Looper.loop(Looper.java:154)
02-20 19:45:23.797  1766  1766 W StatusBar: 	at android.app.ActivityThread.main(ActivityThread.java:6119)
02-20 19:45:23.797  1766  1766 W StatusBar: 	at java.lang.reflect.Method.invoke(Native Method)
02-20 19:45:23.797  1766  1766 W StatusBar: 	at com.android.internal.os.ZygoteInit$MethodAndArgsCaller.run(ZygoteInit.java:886)
02-20 19:45:23.797  1766  1766 W StatusBar: 	at com.android.internal.os.ZygoteInit.main(ZygoteInit.java:776)
02-20 19:45:23.798  1766  1766 I StatusBar: isKeyguardShowing() called before startKeyguard(), returning true
02-20 19:45:23.799  1766  1766 W StatusBar: isKeyguardSecure() called before startKeyguard(), returning false
02-20 19:45:23.799  1766  1766 W StatusBar: java.lang.Throwable
02-20 19:45:23.799  1766  1766 W StatusBar: 	at com.android.systemui.statusbar.BaseStatusBar.isKeyguardSecure(BaseStatusBar.java:2647)
02-20 19:45:23.799  1766  1766 W StatusBar: 	at com.android.systemui.statusbar.BaseStatusBar.isCameraAllowedByAdmin(BaseStatusBar.java:2670)
02-20 19:45:23.799  1766  1766 W StatusBar: 	at com.android.systemui.statusbar.phone.KeyguardBottomAreaView.updateCameraVisibility(KeyguardBottomAreaView.java:309)
02-20 19:45:23.799  1766  1766 W StatusBar: 	at com.android.systemui.statusbar.phone.KeyguardBottomAreaView.setUserSetupComplete(KeyguardBottomAreaView.java:281)
02-20 19:45:23.799  1766  1766 W StatusBar: 	at com.android.systemui.statusbar.phone.PhoneStatusBar.makeStatusBarView(PhoneStatusBar.java:905)
02-20 19:45:23.799  1766  1766 W StatusBar: 	at com.android.systemui.statusbar.phone.PhoneStatusBar.addStatusBarWindow(PhoneStatusBar.java:3432)
02-20 19:45:23.799  1766  1766 W StatusBar: 	at com.android.systemui.statusbar.phone.PhoneStatusBar.createAndAddWindows(PhoneStatusBar.java:3428)
02-20 19:45:23.799  1766  1766 W StatusBar: 	at com.android.systemui.statusbar.BaseStatusBar.start(BaseStatusBar.java:765)
02-20 19:45:23.799  1766  1766 W StatusBar: 	at com.android.systemui.statusbar.phone.PhoneStatusBar.start(PhoneStatusBar.java:686)
02-20 19:45:23.799  1766  1766 W StatusBar: 	at com.android.systemui.statusbar.SystemBars.createStatusBarFromConfig(SystemBars.java:106)
02-20 19:45:23.799  1766  1766 W StatusBar: 	at com.android.systemui.statusbar.SystemBars.onNoService(SystemBars.java:58)
02-20 19:45:23.799  1766  1766 W StatusBar: 	at com.android.systemui.statusbar.ServiceMonitor.startService(ServiceMonitor.java:230)
02-20 19:45:23.799  1766  1766 W StatusBar: 	at com.android.systemui.statusbar.ServiceMonitor.-wrap5(ServiceMonitor.java)
02-20 19:45:23.799  1766  1766 W StatusBar: 	at com.android.systemui.statusbar.ServiceMonitor$1.handleMessage(ServiceMonitor.java:73)
02-20 19:45:23.799  1766  1766 W StatusBar: 	at android.os.Handler.dispatchMessage(Handler.java:102)
02-20 19:45:23.799  1766  1766 W StatusBar: 	at android.os.Looper.loop(Looper.java:154)
02-20 19:45:23.799  1766  1766 W StatusBar: 	at android.app.ActivityThread.main(ActivityThread.java:6119)
02-20 19:45:23.799  1766  1766 W StatusBar: 	at java.lang.reflect.Method.invoke(Native Method)
02-20 19:45:23.799  1766  1766 W StatusBar: 	at com.android.internal.os.ZygoteInit$MethodAndArgsCaller.run(ZygoteInit.java:886)
02-20 19:45:23.799  1766  1766 W StatusBar: 	at com.android.internal.os.ZygoteInit.main(ZygoteInit.java:776)
02-20 19:45:23.802  1646  1689 I dvm_lock_sample: [system_server,1,Binder:1646_2,49,WindowManagerService.java,5445,WindowAnimator.java,144,9]
02-20 19:45:23.834  1646  2104 I BackupManagerService: Found stale backup journal, scheduling
02-20 19:45:23.842  1646  1690 W GnssLocationProvider: Could not open GPS configuration file /etc/gps.conf
02-20 19:45:23.842  1646  1690 E GnssLocationProvider: no AGPS interface in set_agps_server
02-20 19:45:23.842  1646  1690 I GnssLocationProvider: WakeLock released by handleMessage(12, 0, null)
02-20 19:45:23.956  1646  1957 W art     : Long monitor contention with owner Binder:1646_2 (1689) at void com.android.server.am.ActivityManagerService.updateConfiguration(android.content.res.Configuration)(ActivityManagerService.java:18937) waiters=3 in void com.android.server.am.ActivityManagerService.publishService(android.os.IBinder, android.content.Intent, android.os.IBinder) for 166ms
02-20 19:45:23.956  1646  1957 I dvm_lock_sample: [system_server,1,Binder:1646_5,166,ActivityManagerService.java,17319,-,18937,33]
02-20 19:45:23.957  1646  2222 W art     : Long monitor contention with owner Binder:1646_2 (1689) at void com.android.server.am.ActivityManagerService.updateConfiguration(android.content.res.Configuration)(ActivityManagerService.java:18937) waiters=5 in android.content.Intent com.android.server.am.ActivityManagerService.registerReceiver(android.app.IApplicationThread, java.lang.String, android.content.IIntentReceiver, android.content.IntentFilter, java.lang.String, int) for 156ms
02-20 19:45:23.957  1646  2222 I dvm_lock_sample: [system_server,1,Binder:1646_9,156,ActivityManagerService.java,17547,-,18937,31]
02-20 19:45:23.958  1646  1968 W art     : Long monitor contention with owner Binder:1646_2 (1689) at void com.android.server.am.ActivityManagerService.updateConfiguration(android.content.res.Configuration)(ActivityManagerService.java:18937) waiters=6 in java.lang.String com.android.server.am.ActivityManagerService.checkContentProviderAccess(java.lang.String, int) for 140ms
02-20 19:45:23.958  1646  1968 I dvm_lock_sample: [system_server,1,Binder:1646_6,140,ActivityManagerService.java,10435,-,18937,28]
02-20 19:45:23.969  1912  1912 D SubscriptionController: [setMccMnc]+ mcc/mnc:310/260 subId:1
02-20 19:45:23.974  1646  1688 I am_proc_start: [0,2224,10014,com.google.process.gapps,content provider,com.google.android.gsf/.gservices.GservicesProvider]
02-20 19:45:23.974  1646  1688 I ActivityManager: Start proc 2224:com.google.process.gapps/u0a14 for content provider com.google.android.gsf/.gservices.GservicesProvider
02-20 19:45:23.992  1912  2210 D SubscriptionController: [getPhoneId] asked for default subId=1
02-20 19:45:23.993  1912  1912 D SubscriptionController: notifySubscriptionInfoChanged:
02-20 19:45:23.993  1646  1646 I GnssLocationProvider: WakeLock acquired by sendMessage(12, 0, null)
02-20 19:45:24.019  2224  2224 W art     : Unexpected CPU variant for X86 using defaults: x86_64
02-20 19:45:24.048  2233  2233 W art     : Unexpected CPU variant for X86 using defaults: x86
02-20 19:45:24.067  1646  1689 W ActivityManager: Slow operation: 67ms so far, now at startProcess: returned from zygote!
02-20 19:45:24.067  1646  1689 W ActivityManager: Slow operation: 67ms so far, now at startProcess: done updating battery stats
02-20 19:45:24.067  1646  1689 I am_proc_start: [0,2233,10029,com.google.android.googlequicksearchbox:search,service,com.google.android.googlequicksearchbox/com.google.android.hotword.service.HotwordService]
02-20 19:45:24.067  1646  1689 W ActivityManager: Slow operation: 67ms so far, now at startProcess: building log message
02-20 19:45:24.067  1646  1689 I ActivityManager: Start proc 2233:com.google.android.googlequicksearchbox:search/u0a29 for service com.google.android.googlequicksearchbox/com.google.android.hotword.service.HotwordService
02-20 19:45:24.067  1646  1689 W ActivityManager: Slow operation: 67ms so far, now at startProcess: starting to update pids map
02-20 19:45:24.067  1646  1689 W ActivityManager: Slow operation: 67ms so far, now at startProcess: done updating pids map
02-20 19:45:24.067  1646  1689 W ActivityManager: Slow operation: 67ms so far, now at startProcess: done starting proc!
02-20 19:45:24.067  1646  1794 I am_proc_bound: [0,2224,com.google.process.gapps]
02-20 19:45:24.074  1366  1366 V EmulatedCamera_Camera: getCameraInfo
02-20 19:45:24.074  1366  1366 V EmulatedCamera_BaseCamera: getCameraInfo
02-20 19:45:24.074  1366  1712 V EmulatedCamera_Camera: getCameraInfo
