02-20 19:46:39.194  1923  1923 D IccCardProxy: ctor: ci=com.android.internal.telephony.RIL@e7b7598 phoneId=0
02-20 19:46:39.194  1923  1923 D CdmaSSM : subscriptionSource from settings: 0
02-20 19:46:39.194  1923  1923 D CdmaSSM : cdmaSSM constructor: 0
02-20 19:46:39.194  1923  1923 D IccCardProxy: update icc_operator_numeric=
02-20 19:46:39.194  1923  1923 D TelephonyManager: setTelephonyProperty: success phoneId=0 property=gsm.sim.operator.numeric value:  propVal=
02-20 19:46:39.206  1923  1923 D TelephonyManager: setTelephonyProperty: success phoneId=0 property=gsm.sim.operator.iso-country value:  propVal=
02-20 19:46:39.208  1923  1923 D TelephonyManager: setTelephonyProperty: success phoneId=0 property=gsm.sim.operator.alpha value:  propVal=
02-20 19:46:39.208  1923  2023 D CdmaInboundSmsHandler: StartupState.processMessage:6
02-20 19:46:39.208  1923  2023 D CdmaInboundSmsHandler: entering Idle state
02-20 19:46:39.208  1923  1923 E IccCardProxy: setExternalState: set mPhoneId=0 mExternalState=NOT_READY
02-20 19:46:39.208  1923  1923 D TelephonyManager: setTelephonyProperty: success phoneId=0 property=gsm.sim.state value: NOT_READY propVal=NOT_READY
02-20 19:46:39.210  1923  1923 D IccCardProxy: broadcastIccStateChangedIntent intent ACTION_SIM_STATE_CHANGED value=NOT_READY reason=null for mPhoneId=0
02-20 19:46:39.226  1665  1692 I am_proc_start: [0,2025,10004,com.android.cellbroadcastreceiver,broadcast,com.android.cellbroadcastreceiver/.CellBroadcastReceiver]
02-20 19:46:39.226  1665  1692 I ActivityManager: Start proc 2025:com.android.cellbroadcastreceiver/u0a4 for broadcast com.android.cellbroadcastreceiver/.CellBroadcastReceiver
02-20 19:46:39.230  1373  1412 I MediaPlayerService: MediaPlayerService::getOMX
02-20 19:46:39.230  1765  2030 I OMXClient: MuxOMX ctor
02-20 19:46:39.231  1370  2012 I OMXMaster: makeComponentInstance(OMX.google.vorbis.decoder) in mediacodec process
02-20 19:46:39.232  2025  2025 W art     : Unexpected CPU variant for X86 using defaults: x86_64
02-20 19:46:39.241  1665  1748 E ActivityThread: Failed to find provider info for com.android.calendar
02-20 19:46:39.248  1923  1923 D RILJ    : setPhoneType=1 old value=0 [SUB0]
02-20 19:46:39.248  1923  1923 D TelephonyManager: setTelephonyProperty: success phoneId=0 property=gsm.current.phone-type value: 1 propVal=1
02-20 19:46:39.253  1923  1923 D IccCardProxy: Setting radio tech UMTS
02-20 19:46:39.253  1923  1923 D IccCardProxy: updateQuietMode: 3GPP subscription -> newQuietMode=false
02-20 19:46:39.253  1923  1923 D IccCardProxy: updateQuietMode: no changes don't setExternalState
02-20 19:46:39.253  1923  1923 D IccCardProxy: updateQuietMode: QuietMode is false (app_type=1 cdmaSource=-1)
02-20 19:46:39.269  1665  1689 I am_proc_bound: [0,2025,com.android.cellbroadcastreceiver]
02-20 19:46:39.271  1665  1748 E ActivityThread: Failed to find provider info for com.android.calendar
02-20 19:46:39.276  1923  1923 W CarrierConfigManager: Error getting config for subId -1 ICarrierConfigLoader is null
02-20 19:46:39.292  1665  1675 W art     : Suspending all threads took: 15.122ms
02-20 19:46:39.297  1665  1689 D TelephonyRegistry: listen oscl: hasNotifySubscriptionInfoChangedOccurred==false no callback
02-20 19:46:39.304  1373  1373 I MediaPlayerService: MediaPlayerService::getOMX
02-20 19:46:39.304  1665  2041 I OMXClient: MuxOMX ctor
02-20 19:46:39.304  1370  1370 I OMXMaster: makeComponentInstance(OMX.google.vorbis.decoder) in mediacodec process
02-20 19:46:39.308  1665  1699 I dvm_lock_sample: [system_server,1,android.display,59,WindowManagerService.java,8857,-,2857,11]
02-20 19:46:39.309  1313  1323 I SurfaceFlinger: Boot is finished (10392 ms)
02-20 19:46:39.310  1313  1323 I sf_stop_bootanim: 12310
02-20 19:46:39.321  1665  1675 I art     : Background sticky concurrent mark sweep GC freed 39856(2MB) AllocSpace objects, 10(232KB) LOS objects, 8% free, 22MB/24MB, paused 20.337ms total 358.932ms
02-20 19:46:39.323  1923  1923 D TelephonyManager: setTelephonyProperty: success phoneId=0 property=gsm.network.type value: Unknown propVal=Unknown
02-20 19:46:39.324  1923  1923 D RILJ    : [3654]> SIGNAL_STRENGTH [SUB0]
02-20 19:46:39.327  1375  1470 D RIL     : onRequest: SIGNAL_STRENGTH
02-20 19:46:39.327  1923  2002 D RilRequest: [3654]< SIGNAL_STRENGTH error: com.android.internal.telephony.CommandException: RADIO_NOT_AVAILABLE ret=
02-20 19:46:39.327  1923  1923 D SST     : notifyDataRegStateRilRadioTechnologyChanged: drs=1 rat=0
02-20 19:46:39.327  1923  1923 D TelephonyManager: setTelephonyProperty: success phoneId=0 property=gsm.network.type value: Unknown propVal=Unknown
02-20 19:46:39.335  1923  1923 D DCT     : [0]DCT.constructor
02-20 19:46:39.339  1665  1861 D TelephonyRegistry: listen oscl: hasNotifySubscriptionInfoChangedOccurred==false no callback
02-20 19:46:39.342  1923  1923 D Dcc     : E ctor
02-20 19:46:39.342  1923  1923 D Dcc     : X ctor
02-20 19:46:39.353  1923  1923 D SubscriptionController: [getPhoneId] asked for default subId=-1
02-20 19:46:39.356  1923  2046 D DcTesterDeacativateAll: register for intent action=com.android.internal.telephony.dataconnection.action_deactivate_all
02-20 19:46:39.356  1923  2046 D DcTesterDeacativateAll: register for intent action=com.android.internal.telephony.action_detached
02-20 19:46:39.357  1923  2046 D Dcc     : DccDefaultState: msg.what=EVENT_RIL_CONNECTED mRilVersion=12
02-20 19:46:39.372  1923  1923 D DcTesterFailBrinupAll: register for intent action=com.android.internal.telephony.dataconnection.action_fail_bringup
02-20 19:46:39.372  1923  1923 D DcTesterFailBrinupAll: register for intent action=com.android.internal.telephony.action_detached
02-20 19:46:39.372  1923  1923 D DcTesterFailBrinupAll: register for intent action=com.android.internal.telephony.action_attached
02-20 19:46:39.372  1923  1923 D SST     : notifyDataRegStateRilRadioTechnologyChanged: drs=1 rat=0
02-20 19:46:39.372  1923  1923 D TelephonyManager: setTelephonyProperty: success phoneId=0 property=gsm.network.type value: Unknown propVal=Unknown
02-20 19:46:39.373  1923  1923 D DCT     : [0]update sub = -2
02-20 19:46:39.373  1923  1923 D DCT     : [0]update(): Active DDS, register for all events now!
02-20 19:46:39.378  1923  1923 D GsmCdmaPhone: [GsmCdmaPhone] updateCurrentCarrierInProvider: mSubId = -2 currentDds = 1 operatorNumeric = null
02-20 19:46:39.380  1923  1923 D DCT     : [0]initApnContexts: E
02-20 19:46:39.380  1923  1923 D DCT     : [0]initApnContexts: skipping unknown type=1
02-20 19:46:39.381  1923  1923 D DCT     : [0]initApnContexts: apnContext={mApnType=default mState=IDLE mWaitingApns={null} mApnSetting={null} mReason=dataEnabled mDataEnabled=false mDependencyMet=true}
02-20 19:46:39.381  1923  1923 D DCT     : [0]initApnContexts: apnContext={mApnType=mms mState=IDLE mWaitingApns={null} mApnSetting={null} mReason=dataEnabled mDataEnabled=false mDependencyMet=true}
02-20 19:46:39.381  1923  1923 D DCT     : [0]initApnContexts: apnContext={mApnType=supl mState=IDLE mWaitingApns={null} mApnSetting={null} mReason=dataEnabled mDataEnabled=false mDependencyMet=true}
02-20 19:46:39.381  1923  1923 D DCT     : [0]initApnContexts: apnContext={mApnType=hipri mState=IDLE mWaitingApns={null} mApnSetting={null} mReason=dataEnabled mDataEnabled=false mDependencyMet=true}
02-20 19:46:39.381  1923  1923 D DCT     : [0]initApnContexts: apnContext={mApnType=fota mState=IDLE mWaitingApns={null} mApnSetting={null} mReason=dataEnabled mDataEnabled=false mDependencyMet=true}
02-20 19:46:39.381  1923  1923 D DCT     : [0]initApnContexts: apnContext={mApnType=ims mState=IDLE mWaitingApns={null} mApnSetting={null} mReason=dataEnabled mDataEnabled=false mDependencyMet=true}
02-20 19:46:39.381  1923  1923 D DCT     : [0]initApnContexts: apnContext={mApnType=cbs mState=IDLE mWaitingApns={null} mApnSetting={null} mReason=dataEnabled mDataEnabled=false mDependencyMet=true}
02-20 19:46:39.381  1923  1923 D DCT     : [0]initApnContexts: skipping unknown type=13
02-20 19:46:39.383     0     0 I init    : Service 'bootanim' (pid 1347) exited with status 0
02-20 19:46:39.384     0     0 I init    : Starting service 'exec 6 (/system/bin/bootstat)'...
02-20 19:46:39.438     0     0 I init    : Service 'exec 6 (/system/bin/bootstat)' (pid 2047) exited with status 0
02-20 19:46:39.439     0     0 I init    : Starting service 'exec 7 (/system/bin/bootstat)'...
02-20 19:46:39.450     0     0 I init    : Service 'exec 7 (/system/bin/bootstat)' (pid 2052) exited with status 0
02-20 19:46:39.450     0     0 I init    : Starting service 'exec 8 (/system/bin/bootstat)'...
02-20 19:46:39.488     0     0 I init    : Service 'exec 8 (/system/bin/bootstat)' (pid 2053) exited with status 0
02-20 19:46:39.489     0     0 I init    : Starting service 'exec 9 (/system/bin/bootstat)'...
02-20 19:46:39.402  2047  2047 I auditd  : type=1400 audit(0.0:11): avc: denied { getattr } for comm="bootstat" path="/vendor" dev="rootfs" ino=3993 scontext=u:r:bootstat:s0 tcontext=u:object_r:rootfs:s0 tclass=lnk_file permissive=0
02-20 19:46:39.402  2047  2047 W bootstat: type=1400 audit(0.0:11): avc: denied { getattr } for path="/vendor" dev="rootfs" ino=3993 scontext=u:r:bootstat:s0 tcontext=u:object_r:rootfs:s0 tclass=lnk_file permissive=0
02-20 19:46:39.442  2052  2052 I auditd  : type=1400 audit(0.0:12): avc: denied { getattr } for comm="bootstat" path="/vendor" dev="rootfs" ino=3993 scontext=u:r:bootstat:s0 tcontext=u:object_r:rootfs:s0 tclass=lnk_file permissive=0
02-20 19:46:39.442  2052  2052 W bootstat: type=1400 audit(0.0:12): avc: denied { getattr } for path="/vendor" dev="rootfs" ino=3993 scontext=u:r:bootstat:s0 tcontext=u:object_r:rootfs:s0 tclass=lnk_file permissive=0
02-20 19:46:39.452  2053  2053 I auditd  : type=1400 audit(0.0:13): avc: denied { getattr } for comm="bootstat" path="/vendor" dev="rootfs" ino=3993 scontext=u:r:bootstat:s0 tcontext=u:object_r:rootfs:s0 tclass=lnk_file permissive=0
02-20 19:46:39.452  2053  2053 W bootstat: type=1400 audit(0.0:13): avc: denied { getattr } for path="/vendor" dev="rootfs" ino=3993 scontext=u:r:bootstat:s0 tcontext=u:object_r:rootfs:s0 tclass=lnk_file permissive=0
02-20 19:46:39.381  1923  1923 D DCT     : [0]initApnContexts: apnContext={mApnType=ia mState=IDLE mWaitingApns={null} mApnSetting={null} mReason=dataEnabled mDataEnabled=false mDependencyMet=true}
02-20 19:46:39.381  1923  1923 D DCT     : [0]initApnContexts: apnContext={mApnType=emergency mState=IDLE mWaitingApns={null} mApnSetting={null} mReason=dataEnabled mDataEnabled=false mDependencyMet=true}
02-20 19:46:39.398  1665  1861 I StatusBarManagerService: registerStatusBar bar=com.android.internal.statusbar.IStatusBar$Stub$Proxy@aac2848
02-20 19:46:39.402  1373  1373 I MediaPlayerService: MediaPlayerService::getOMX
02-20 19:46:39.402  1665  2048 I OMXClient: MuxOMX ctor
02-20 19:46:39.402  1370  1829 I OMXMaster: makeComponentInstance(OMX.google.vorbis.decoder) in mediacodec process
02-20 19:46:39.406  1923  1923 D GsmCdmaPhone: [GsmCdmaPhone] GsmCdmaPhone: constructor: sub = 0
02-20 19:46:39.406  1923  1923 I PhoneFactory: Creating Phone with type = 1 sub = 0
02-20 19:46:39.407  1313  1313 I sf_frame_dur: [BootAnimation,0,26,182,14,0,0,0]
02-20 19:46:39.408  1923  1923 I PhoneFactory: defaultSmsApplication: NONE
02-20 19:46:39.408  1923  1923 I PhoneFactory: Creating SubInfoRecordUpdater 
02-20 19:46:39.409  1923  1923 D SubscriptionInfoUpdater: Constructor invoked
02-20 19:46:39.426  2047  2047 I bootstat: Service started: /system/bin/bootstat --record_boot_complete 
02-20 19:46:39.436  2047  2047 I bootstat: Logging histogram: bootstat_mtime_matches_content 1
02-20 19:46:39.436  2047  2047 I sysui_histogram: [bootstat_mtime_matches_content,1]
02-20 19:46:39.437  2047  2047 I bootstat: Logging histogram: bootstat_mtime_matches_content 1
02-20 19:46:39.437  2047  2047 I sysui_histogram: [bootstat_mtime_matches_content,1]
02-20 19:46:39.437  2047  2047 I bootstat: Logging histogram: bootstat_mtime_matches_content 1
02-20 19:46:39.437  2047  2047 I sysui_histogram: [bootstat_mtime_matches_content,1]
02-20 19:46:39.441  1665  1790 D TelephonyRegistry: listen oscl: hasNotifySubscriptionInfoChangedOccurred==false no callback
02-20 19:46:39.444  1923  1923 D SubscriptionController: [getPhoneId]- no sims, returning default phoneId=2147483647
02-20 19:46:39.446  1665  1790 D TelephonyRegistry: listen oscl: hasNotifySubscriptionInfoChangedOccurred==false no callback
02-20 19:46:39.446  1923  1923 D PhoneSwitcherNetworkRequstListener: Registering NetworkFactory
02-20 19:46:39.447  1665  1742 D ConnectivityService: Got NetworkFactory Messenger for PhoneSwitcherNetworkRequstListener
02-20 19:46:39.450  2052  2052 I bootstat: Service started: /system/bin/bootstat --record_boot_reason 
02-20 19:46:39.450  2052  2052 I bootstat: Unknown boot reason: 
02-20 19:46:39.452  1923  1923 D PhoneSwitcher: PhoneSwitcher started
02-20 19:46:39.452  1923  1923 D ProxyController: Constructor - Enter
02-20 19:46:39.465  1373  1373 I MediaPlayerService: MediaPlayerService::getOMX
02-20 19:46:39.465  1665  2054 I OMXClient: MuxOMX ctor
02-20 19:46:39.465  1370  1400 I OMXMaster: makeComponentInstance(OMX.google.vorbis.decoder) in mediacodec process
02-20 19:46:39.473  2053  2053 I bootstat: Service started: /system/bin/bootstat --record_time_since_factory_reset 
02-20 19:46:39.473  2053  2053 I bootstat: Logging histogram: factory_reset_current_time 1519155999
02-20 19:46:39.502     0     0 I init    : Service 'exec 9 (/system/bin/bootstat)' (pid 2055) exited with status 0
02-20 19:46:39.472  2055  2055 I auditd  : type=1400 audit(0.0:14): avc: denied { getattr } for comm="bootstat" path="/vendor" dev="rootfs" ino=3993 scontext=u:r:bootstat:s0 tcontext=u:object_r:rootfs:s0 tclass=lnk_file permissive=0
02-20 19:46:39.472  2055  2055 W bootstat: type=1400 audit(0.0:14): avc: denied { getattr } for path="/vendor" dev="rootfs" ino=3993 scontext=u:r:bootstat:s0 tcontext=u:object_r:rootfs:s0 tclass=lnk_file permissive=0
02-20 19:46:39.473  2053  2053 I sysui_histogram: [factory_reset_current_time,1519155999]
02-20 19:46:39.476  2053  2053 I bootstat: Logging histogram: bootstat_mtime_matches_content 1
02-20 19:46:39.476  2053  2053 I sysui_histogram: [bootstat_mtime_matches_content,1]
02-20 19:46:39.476  2053  2053 I bootstat: Logging histogram: factory_reset_record_value 1519154248
02-20 19:46:39.476  2053  2053 I sysui_histogram: [factory_reset_record_value,1519154248]
02-20 19:46:39.493  2055  2055 I bootstat: Service started: /system/bin/bootstat -l 
02-20 19:46:39.493  2055  2055 I bootstat: Logging histogram: bootstat_mtime_matches_content 1
02-20 19:46:39.493  2055  2055 I sysui_histogram: [bootstat_mtime_matches_content,1]
02-20 19:46:39.493  2055  2055 I bootstat: Logging histogram: bootstat_mtime_matches_content 1
02-20 19:46:39.493  2055  2055 I sysui_histogram: [bootstat_mtime_matches_content,1]
02-20 19:46:39.493  2055  2055 I bootstat: Logging histogram: bootstat_mtime_matches_content 1
02-20 19:46:39.493  2055  2055 I sysui_histogram: [bootstat_mtime_matches_content,1]
02-20 19:46:39.493  2055  2055 I bootstat: Logging histogram: bootstat_mtime_matches_content 1
02-20 19:46:39.493  2055  2055 I sysui_histogram: [bootstat_mtime_matches_content,1]
02-20 19:46:39.500  2055  2055 I bootstat: Logging histogram: bootstat_mtime_matches_content 1
02-20 19:46:39.500  2055  2055 I sysui_histogram: [bootstat_mtime_matches_content,1]
02-20 19:46:39.501  2055  2055 I bootstat: Logging histogram: bootstat_mtime_matches_content 1
02-20 19:46:39.501  2055  2055 I sysui_histogram: [bootstat_mtime_matches_content,1]
02-20 19:46:39.501  2055  2055 I bootstat: Logging histogram: bootstat_mtime_matches_content 1
02-20 19:46:39.501  2055  2055 I sysui_histogram: [bootstat_mtime_matches_content,1]
02-20 19:46:39.501  2055  2055 I bootstat: Logging histogram: bootstat_mtime_matches_content 1
02-20 19:46:39.501  2055  2055 I sysui_histogram: [bootstat_mtime_matches_content,1]
02-20 19:46:39.501  2055  2055 I bootstat: Logging histogram: bootstat_mtime_matches_content 1
02-20 19:46:39.501  2055  2055 I sysui_histogram: [bootstat_mtime_matches_content,1]
02-20 19:46:39.501  2055  2055 I bootstat: Logging histogram: bootstat_mtime_matches_content 1
02-20 19:46:39.501  2055  2055 I sysui_histogram: [bootstat_mtime_matches_content,1]
02-20 19:46:39.501  2055  2055 I bootstat: Logging histogram: bootstat_mtime_matches_content 1
02-20 19:46:39.501  2055  2055 I sysui_histogram: [bootstat_mtime_matches_content,1]
02-20 19:46:39.501  2055  2055 I bootstat: Logging histogram: bootstat_mtime_matches_content 1
02-20 19:46:39.501  2055  2055 I sysui_histogram: [bootstat_mtime_matches_content,1]
02-20 19:46:39.501  2055  2055 I bootstat: Logging histogram: bootstat_mtime_matches_content 1
02-20 19:46:39.501  2055  2055 I sysui_histogram: [bootstat_mtime_matches_content,1]
02-20 19:46:39.501  2055  2055 I bootstat: Logging histogram: bootstat_mtime_matches_content 1
02-20 19:46:39.501  2055  2055 I sysui_histogram: [bootstat_mtime_matches_content,1]
02-20 19:46:39.501  2055  2055 I bootstat: Logging histogram: post_decrypt_time_elapsed 2
02-20 19:46:39.501  2055  2055 I sysui_histogram: [post_decrypt_time_elapsed,2]
02-20 19:46:39.501  2055  2055 I bootstat: Logging histogram: last_boot_time_utc 1519155999
02-20 19:46:39.501  2055  2055 I sysui_histogram: [last_boot_time_utc,1519155999]
02-20 19:46:39.501  2055  2055 I bootstat: Logging histogram: build_date 1513095943
02-20 19:46:39.501  2055  2055 I sysui_histogram: [build_date,1513095943]
02-20 19:46:39.501  2055  2055 I bootstat: Logging histogram: boot_decryption_complete 12
02-20 19:46:39.501  2055  2055 I sysui_histogram: [boot_decryption_complete,12]
02-20 19:46:39.501  2055  2055 I bootstat: Logging histogram: ota_boot_complete_post_decrypt 7
02-20 19:46:39.501  2055  2055 I sysui_histogram: [ota_boot_complete_post_decrypt,7]
02-20 19:46:39.501  2055  2055 I bootstat: Logging histogram: ota_boot_complete 9
02-20 19:46:39.501  2055  2055 I sysui_histogram: [ota_boot_complete,9]
02-20 19:46:39.501  2055  2055 I bootstat: Logging histogram: boot_reason 1
02-20 19:46:39.501  2055  2055 I sysui_histogram: [boot_reason,1]
02-20 19:46:39.501  2055  2055 I bootstat: Logging histogram: factory_reset_current_time 1519155999
02-20 19:46:39.501  2055  2055 I sysui_histogram: [factory_reset_current_time,1519155999]
02-20 19:46:39.501  2055  2055 I bootstat: Logging histogram: factory_reset 1519154248
02-20 19:46:39.501  2055  2055 I sysui_histogram: [factory_reset,1519154248]
02-20 19:46:39.501  2055  2055 I bootstat: Logging histogram: time_since_last_boot 77
02-20 19:46:39.501  2055  2055 I sysui_histogram: [time_since_last_boot,77]
02-20 19:46:39.501  2055  2055 I bootstat: Logging histogram: boot_complete_post_decrypt 10
02-20 19:46:39.501  2055  2055 I sysui_histogram: [boot_complete_post_decrypt,10]
02-20 19:46:39.501  2055  2055 I bootstat: Logging histogram: boot_complete 12
02-20 19:46:39.501  2055  2055 I sysui_histogram: [boot_complete,12]
02-20 19:46:39.501  2055  2055 I bootstat: Logging histogram: factory_reset_record_value 1519154248
02-20 19:46:39.501  2055  2055 I sysui_histogram: [factory_reset_record_value,1519154248]
02-20 19:46:39.501  2055  2055 I bootstat: Logging histogram: time_since_factory_reset 1751
02-20 19:46:39.501  2055  2055 I sysui_histogram: [time_since_factory_reset,1751]
02-20 19:46:39.505  1923  1923 D ProxyController: clearTransaction
02-20 19:46:39.505  1923  1923 D ProxyController: clearTransaction: phoneId=0 status=IDLE
02-20 19:46:39.505  1923  1923 D ProxyController: Constructor - Exit
02-20 19:46:39.505  1923  1923 D TelephonyNetworkFactory[0]: Registering NetworkFactory
02-20 19:46:39.519  1665  1742 D ConnectivityService: Got NetworkFactory Messenger for TelephonyNetworkFactory[0]
02-20 19:46:39.523  1923  1923 D CallManager: registerPhone(GSM Handler (com.android.internal.telephony.GsmCdmaPhone) {1e09947})
02-20 19:46:39.527  1665  1690 D TelephonyRegistry: listen oscl: hasNotifySubscriptionInfoChangedOccurred==false no callback
02-20 19:46:39.563  1665  1699 I wm_boot_animation_done: 12563
02-20 19:46:39.566  1665  1699 I SystemServiceManager: Starting phase 1000
02-20 19:46:39.589  1665  1699 I am_proc_start: [0,2061,10015,com.google.android.ext.services,on-hold,]
02-20 19:46:39.589  1665  1699 I ActivityManager: Start proc 2061:com.google.android.ext.services/u0a15 for on-hold
02-20 19:46:39.608  1665  1699 D ActivityManager: Finishing user boot 0
02-20 19:46:39.610  1665  1699 I sysui_histogram: [framework_locked_boot_completed,12]
02-20 19:46:39.611  1665  1699 D CryptdConnector: SND -> {3 cryptfs prepare_user_storage ! 0 0 2}
02-20 19:46:39.611  1267  1304 D vold    : e4crypt_prepare_user_storage for volume null, user 0, serial 0, flags 2
02-20 19:46:39.611  1267  1304 D vold    : Preparing: /data/system_ce/0
02-20 19:46:39.612  1267  1304 D vold    : Preparing: /data/misc_ce/0
02-20 19:46:39.612  1267  1304 D vold    : Preparing: /data/media/0
02-20 19:46:39.612  1267  1304 D vold    : Preparing: /data/data
02-20 19:46:39.612  1665  1731 D CryptdConnector: RCV <- {200 3 Command succeeded}
02-20 19:46:39.612  1665  1699 V UserManagerService: Found /data/user/0 with serial number 0
02-20 19:46:39.612  1665  1699 V UserManagerService: Found /data/system_ce/0 with serial number 0
02-20 19:46:39.612  1665  1699 V PackageManager: reconcileAppsData for null u0 0x2
02-20 19:46:39.619  2061  2061 W art     : Unexpected CPU variant for X86 using defaults: x86_64
02-20 19:46:39.626  1373  1373 I MediaPlayerService: MediaPlayerService::getOMX
02-20 19:46:39.627  1665  2067 I OMXClient: MuxOMX ctor
02-20 19:46:39.627  1370  1370 I OMXMaster: makeComponentInstance(OMX.google.vorbis.decoder) in mediacodec process
02-20 19:46:39.647  2025  2025 W System  : ClassLoader referenced unknown path: /system/priv-app/CellBroadcastReceiver/lib/x86_64
02-20 19:46:39.591     0     0 I init    : write_file: Unable to open '/sys/class/android_usb/android0/enable': No such file or directory
02-20 19:46:39.592     0     0 I init    : write_file: Unable to open '/sys/class/android_usb/android0/idVendor': No such file or directory
02-20 19:46:39.593     0     0 I init    : write_file: Unable to open '/sys/class/android_usb/android0/idProduct': No such file or directory
02-20 19:46:39.596     0     0 I init    : write_file: Unable to open '/sys/class/android_usb/android0/functions': No such file or directory
02-20 19:46:39.613     0     0 I init    : write_file: Unable to open '/sys/class/android_usb/android0/enable': No such file or directory
02-20 19:46:39.671  1665  1747 D NotificationSQLiteLog: Pruned event entries: 0
02-20 19:46:39.699  1665  1699 V PackageManager: reconcileAppsData finished 100 packages
02-20 19:46:39.702  1665  1861 I am_proc_bound: [0,2061,com.google.android.ext.services]
02-20 19:46:39.703  1665  1692 D MountService: onUnlockUser 0
02-20 19:46:39.703  1665  1692 D VoldConnector: SND -> {7 volume user_started 0}
02-20 19:46:39.710  1267  1303 D vold    : Linking /storage/emulated/0 to /mnt/user/0/primary
02-20 19:46:39.710  1665  1730 D VoldConnector: RCV <- {200 7 Command succeeded}
02-20 19:46:39.711  1665  1729 D MountService: Volume public:253,64 broadcasting mounted to UserHandle{0}
02-20 19:46:39.718  1665  1729 D MountService: Volume emulated broadcasting mounted to UserHandle{0}
02-20 19:46:39.719  1665  1691 I SyncManager: Got SyncJobService instance.
02-20 19:46:39.732  2081  2081 W art     : Unexpected CPU variant for X86 using defaults: x86_64
02-20 19:46:39.739  1665  1790 I am_proc_start: [0,2081,10001,android.process.acore,content provider,com.android.providers.contacts/.ContactsProvider2]
02-20 19:46:39.739  1665  1790 I ActivityManager: Start proc 2081:android.process.acore/u0a1 for content provider com.android.providers.contacts/.ContactsProvider2
02-20 19:46:39.745  1923  1923 D CarrierConfigLoader: CarrierConfigLoader has started
02-20 19:46:39.746  1923  1923 E BluetoothAdapter: Bluetooth binder is null
02-20 19:46:39.746  1665  1690 D TelephonyRegistry: listen oscl: hasNotifySubscriptionInfoChangedOccurred==false no callback
02-20 19:46:39.747  1923  1957 D SubscriptionController: [getPhoneId]- no sims, returning default phoneId=2147483647
02-20 19:46:39.753  2061  2061 W System  : ClassLoader referenced unknown path: /system/priv-app/GoogleExtServices/lib/x86_64
02-20 19:46:39.756  1665  1692 V BackupManagerService: No ancestral data
02-20 19:46:39.765  1665  1978 I am_proc_bound: [0,2081,android.process.acore]
02-20 19:46:39.783  2081  2081 W System  : ClassLoader referenced unknown path: /system/priv-app/ContactsProvider/lib/x86_64
02-20 19:46:39.785  1665  1665 I FusedLocation: engine started (com.android.location.fused)
02-20 19:46:39.805  1665  1692 V BackupManagerService: Starting with transport android/com.android.internal.backup.LocalTransport
02-20 19:46:39.805  1665  1692 V BackupManagerService: Found transports: 2
02-20 19:46:39.811  1665  1692 I am_proc_start: [0,2100,10014,com.google.android.gms.persistent,service,com.google.android.gms/.backup.BackupTransportService]
02-20 19:46:39.811  1665  1692 I ActivityManager: Start proc 2100:com.google.android.gms.persistent/u0a14 for service com.google.android.gms/.backup.BackupTransportService
02-20 19:46:39.816  1665  1692 I BackupManagerService: Backup enabled => false
02-20 19:46:39.827  2100  2100 W art     : Unexpected CPU variant for X86 using defaults: x86_64
02-20 19:46:39.833  1665  1665 V BackupManagerService: Connected to transport ComponentInfo{android/com.android.internal.backup.LocalTransportService}
02-20 19:46:39.833  1665  1665 V BackupManagerService: Registering transport android/com.android.internal.backup.LocalTransportService::android/com.android.internal.backup.LocalTransport = android.app.backup.BackupTransport$TransportImpl@f10d3dc
02-20 19:46:39.833  1665  1665 I backup_transport_lifecycle: [android/com.android.internal.backup.LocalTransportService,1]
02-20 19:46:39.853  1665  1675 W art     : Suspending all threads took: 16.435ms
02-20 19:46:39.866  1665  1675 I art     : Background partial concurrent mark sweep GC freed 46091(2MB) AllocSpace objects, 3(7MB) LOS objects, 21% free, 14MB/18MB, paused 18.015ms total 88.393ms
02-20 19:46:39.873  1665  1689 I am_proc_bound: [0,2100,com.google.android.gms.persistent]
02-20 19:46:39.883  1923  1923 D RILJ    : [3655]> RIL_REQUEST_SET_TTY_MODE : 0 [SUB0]
02-20 19:46:39.885  1364  1810 I art     : Starting a blocking GC HeapTrim
02-20 19:46:39.885  1375  1470 D RIL     : onRequest: SET_TTY_MODE
02-20 19:46:39.885  1923  2002 D RilRequest: [3655]< RIL_REQUEST_SET_TTY_MODE error: com.android.internal.telephony.CommandException: RADIO_NOT_AVAILABLE ret=
02-20 19:46:39.885  1923  1923 I Telephony: TtyManager: updateUiTtyMode -1 -> 0
02-20 19:46:39.888  2081  2081 I ContactsPerf: VoicemailContentProvider.onCreate start
02-20 19:46:39.888  1665  2080 D TelephonyRegistry: listen oscl: hasNotifySubscriptionInfoChangedOccurred==false no callback
02-20 19:46:39.890  1923  1923 D SubscriptionController: [getPhoneId] asked for default subId=-1
02-20 19:46:39.896  2081  2081 I ContactsPerf: VoicemailContentProvider.onCreate finish
02-20 19:46:39.897  2128  2128 W art     : Unexpected CPU variant for X86 using defaults: x86
02-20 19:46:39.903  1759  1759 I InputAttributes: InputType.TYPE_NULL is specified
02-20 19:46:39.911  1665  1692 I am_proc_start: [0,2128,10029,com.google.android.googlequicksearchbox:interactor,service,com.google.android.googlequicksearchbox/com.google.android.voiceinteraction.GsaVoiceInteractionService]
02-20 19:46:39.911  1665  1692 I ActivityManager: Start proc 2128:com.google.android.googlequicksearchbox:interactor/u0a29 for service com.google.android.googlequicksearchbox/com.google.android.voiceinteraction.GsaVoiceInteractionService
02-20 19:46:39.912  1665  1692 I ActivityManager: Loading recents for user 0 into memory.
02-20 19:46:39.916  1665  1692 D ActivityManager: Sending BOOT_COMPLETE user #0
02-20 19:46:39.916  1665  1692 I sysui_histogram: [framework_boot_completed,12]
02-20 19:46:39.920  1928  1928 D FallbackHome: User unlocked and real home found; let's go!
02-20 19:46:39.921  1923  1923 D UiccController: Received EVENT_ICC_STATUS_CHANGED, calling getIccCardStatus
02-20 19:46:39.921  1923  1923 D RILJ    : [3656]> GET_SIM_STATUS [SUB0]
02-20 19:46:39.922  1665  2079 I am_finish_activity: [0,85231248,1,com.android.settings/.FallbackHome,app-request]
02-20 19:46:39.922  1665  2079 I am_pause_activity: [0,85231248,com.android.settings/.FallbackHome]
02-20 19:46:39.923  1375  1470 D RIL     : onRequest: GET_SIM_STATUS
02-20 19:46:39.923  1375  1470 D RIL     : getSIMStatus(). sState: 0
02-20 19:46:39.923  1928  1928 I am_on_paused_called: [0,com.android.settings.FallbackHome,handlePauseActivity]
02-20 19:46:39.923  1923  2002 D RILJ    : [3656]< GET_SIM_STATUS IccCardState {CARDSTATE_PRESENT,PINSTATE_UNKNOWN,num_apps=2,gsm_id=0{APPTYPE_SIM,APPSTATE_DETECTED},cdma_id=1{APPTYPE_RUIM,APPSTATE_DETECTED},ims_id=8} [SUB0]
02-20 19:46:39.923  1923  1923 D Phone   : config LCE service failed: com.android.internal.telephony.CommandException: RADIO_NOT_AVAILABLE
02-20 19:46:39.923  1923  1923 D GsmSMSDispatcher: GsmSMSDispatcher: subId = -2 slotId = 0
02-20 19:46:39.923  1923  1923 E IccCardProxy: setExternalState: !override and newstate unchanged from NOT_READY
02-20 19:46:39.924  1923  1923 D RILJ    : [3657]> BASEBAND_VERSION [SUB0]
02-20 19:46:39.926  1665  1690 I ActivityManager: START u0 {act=android.intent.action.MAIN cat=[android.intent.category.HOME] flg=0x10000100 cmp=com.google.android.apps.nexuslauncher/.NexusLauncherActivity} from uid 0 on display 0
02-20 19:46:39.927  1923  1923 D RILJ    : [3658]> GET_IMEI [SUB0]
02-20 19:46:39.927  1375  1470 D RIL     : onRequest: BASEBAND_VERSION
02-20 19:46:39.928  1923  2002 D RilRequest: [3657]< BASEBAND_VERSION error: com.android.internal.telephony.CommandException: RADIO_NOT_AVAILABLE ret=
02-20 19:46:39.928  1923  1923 D RILJ    : [3659]> GET_IMEISV [SUB0]
02-20 19:46:39.928  1375  1470 D RIL     : onRequest: GET_IMEI
02-20 19:46:39.928  1375  1470 D AT      : AT> AT+CGSN
02-20 19:46:39.928  1375  1473 D AT      : AT< 000000000000000
02-20 19:46:39.928  1375  1473 D AT      : AT< OK
02-20 19:46:39.928  1665  1690 I am_create_task: [0,65]
02-20 19:46:39.928  1923  1923 D RILJ    : [3660]> RIL_REQUEST_GET_RADIO_CAPABILITY [SUB0]
02-20 19:46:39.928  1665  1690 I am_create_activity: [0,95856654,65,com.google.android.apps.nexuslauncher/.NexusLauncherActivity,android.intent.action.MAIN,NULL,NULL,268435712]
02-20 19:46:39.928  1665  1690 I wm_task_created: [65,0]
02-20 19:46:39.928  1375  1470 D RIL     : onRequest: GET_IMEISV
02-20 19:46:39.928  1923  1923 D RILJ    : [3661]> RIL_REQUEST_START_LCE [SUB0]
02-20 19:46:39.928  1665  1690 I wm_task_moved: [65,1,1]
02-20 19:46:39.928  1375  1470 D RIL     : onRequest: RIL_REQUEST_GET_RADIO_CAPABILITY
02-20 19:46:39.928  1665  1690 I wm_task_moved: [65,1,1]
02-20 19:46:39.929  1665  1690 I am_focused_activity: [0,com.google.android.apps.nexuslauncher/.NexusLauncherActivity,startedActivity]
02-20 19:46:39.929  1923  1923 D GsmCdmaPhone: [GsmCdmaPhone] Event EVENT_RADIO_OFF_OR_NOT_AVAILABLE Received
02-20 19:46:39.929  1923  1923 E IccCardProxy: setExternalState: !override and newstate unchanged from NOT_READY
02-20 19:46:39.929  1923  1923 D SST     : mDeviceShuttingDown=false, mDesiredPowerState=true, getRadioState=RADIO_OFF, mPowerOffDelayNeed=true, mAlarmSwitch=false, mRadioDisabledByCarrier=false
02-20 19:46:39.929  1923  1923 D RILJ    : [3662]> RADIO_POWER on [SUB0]
02-20 19:46:39.929  1375  1470 D RIL     : onRequest: <unknown request>
02-20 19:46:39.930  1375  1470 D RIL     : onRequest: RADIO_POWER
02-20 19:46:39.930  1375  1470 D AT      : AT> AT+CFUN=1
02-20 19:46:39.930  1375  1473 D AT      : AT< OK
02-20 19:46:39.930  1375  1470 D RIL     : setRadioState(10)
02-20 19:46:39.930  1923  2002 D RILJ    : [3658]< GET_IMEI  [SUB0]
02-20 19:46:39.930  1923  2002 D RilRequest: [3659]< GET_IMEISV error: com.android.internal.telephony.CommandException: RADIO_NOT_AVAILABLE ret=
02-20 19:46:39.930  1923  2002 D RilRequest: [3660]< RIL_REQUEST_GET_RADIO_CAPABILITY error: com.android.internal.telephony.CommandException: RADIO_NOT_AVAILABLE ret=
02-20 19:46:39.930  1923  2002 D RilRequest: [3661]< RIL_REQUEST_START_LCE error: com.android.internal.telephony.CommandException: RADIO_NOT_AVAILABLE ret=
02-20 19:46:39.930  1923  2002 D RILJ    : [UNSL]< UNSOL_RESPONSE_RADIO_STATE_CHANGED RADIO_ON [SUB0]
02-20 19:46:39.930  1923  2002 D RILJ    : [UNSL]< UNSOL_RESPONSE_SIM_STATUS_CHANGED [SUB0]
02-20 19:46:39.930  1923  2002 D RILJ    : [3662]< RADIO_POWER  [SUB0]
02-20 19:46:39.949  1923  1923 D RILJ    : [3663]> OPERATOR [SUB0]
02-20 19:46:39.950  1923  1923 D RILJ    : [3664]> DATA_REGISTRATION_STATE [SUB0]
02-20 19:46:39.950  1665  1690 I am_proc_start: [0,2154,10021,com.google.android.apps.nexuslauncher,activity,com.google.android.apps.nexuslauncher/.NexusLauncherActivity]
02-20 19:46:39.950  1665  1690 I ActivityManager: Start proc 2154:com.google.android.apps.nexuslauncher/u0a21 for activity com.google.android.apps.nexuslauncher/.NexusLauncherActivity
02-20 19:46:39.950  1375  1470 D RIL     : onRequest: OPERATOR
02-20 19:46:39.950  1375  1470 D AT      : AT> AT+COPS=3,0;+COPS?;+COPS=3,1;+COPS?;+COPS=3,2;+COPS?
02-20 19:46:39.950  1375  1473 D AT      : AT< +COPS: 0,0,"Android"
02-20 19:46:39.950  1375  1473 D AT      : AT< +COPS: 0,1,"Android"
02-20 19:46:39.950  1375  1473 D AT      : AT< +COPS: 0,2,"310260"
02-20 19:46:39.950  1375  1473 D AT      : AT< OK
02-20 19:46:39.951  1665  1692 I sysui_count: [window_time_0,6]
02-20 19:46:39.951  1923  2002 D RILJ    : [3663]< OPERATOR {Android, Android, 310260} [SUB0]
02-20 19:46:39.952  2081  2081 W System  : ClassLoader referenced unknown path: /system/priv-app/BlockedNumberProvider/lib/x86_64
02-20 19:46:39.953  2081  2081 D ApplicationLoaders: ignored Vulkan layer search path /system/priv-app/BlockedNumberProvider/lib/x86_64:/system/lib64:/vendor/lib64 for namespace 0x73f15f7700f0
02-20 19:46:39.954  1923  1923 D RILJ    : [3665]> VOICE_REGISTRATION_STATE [SUB0]
02-20 19:46:39.955  1375  1470 D RIL     : onRequest: DATA_REGISTRATION_STATE
02-20 19:46:39.955  1375  1470 D RIL     : requestRegistrationState
02-20 19:46:39.955  1375  1470 D AT      : AT> AT+CGREG?
02-20 19:46:39.955  1375  1473 D AT      : AT< +CGREG: 1,1,"0003","005b","000e"
02-20 19:46:39.955  1375  1473 D AT      : AT< OK
02-20 19:46:39.955  1375  1470 D RIL     : parseRegistrationState. Parsing: +CGREG: 1,1,"0003","005b","000e"
02-20 19:46:39.955  1375  1470 D RIL     : registration state type: 3GPP
02-20 19:46:39.955  1928  1974 D EGL_emulation: eglMakeCurrent: 0x73f153664aa0: ver 3 0 (tinfo 0x73f15360caa0)
02-20 19:46:39.956  1923  2002 D RILJ    : [3664]< DATA_REGISTRATION_STATE {1, 3, 5b, 14, null, null} [SUB0]
02-20 19:46:39.956  1375  1470 D RIL     : onRequest: VOICE_REGISTRATION_STATE
02-20 19:46:39.956  1375  1470 D RIL     : requestRegistrationState
02-20 19:46:39.956  1375  1470 D AT      : AT> AT+CREG?
02-20 19:46:39.962  1375  1473 D AT      : AT< +CREG: 2,1, "0003", "005b"
02-20 19:46:39.962  1375  1473 D AT      : AT< OK
02-20 19:46:39.962  1375  1470 D RIL     : parseRegistrationState. Parsing: +CREG: 2,1, "0003", "005b"
02-20 19:46:39.962  1375  1470 D RIL     : registration state type: 3GPP
02-20 19:46:39.965  1923  2002 D RILJ    : [3665]< VOICE_REGISTRATION_STATE {1, 3, 5b, 0, null, null, null, null, null, null, null, null, null, null, null} [SUB0]
02-20 19:46:39.965  1923  1923 D RILJ    : [3666]> QUERY_NETWORK_SELECTION_MODE [SUB0]
02-20 19:46:39.966  1923  1923 D SST     : NITZ: 18/02/20:19:46:32+0:0:Unknown!Unknown,4226 start=12966 delay=8740
02-20 19:46:39.966  1375  1470 D RIL     : onRequest: QUERY_NETWORK_SELECTION_MODE
02-20 19:46:39.966  1375  1470 D AT      : AT> AT+COPS?
02-20 19:46:39.966  1923  1923 D SST     : NITZ: tzOffset=0 dst=0 zone=GMT iso= mGotCountryCode=false mNeedFixZoneAfterNitz=false
02-20 19:46:39.966  1375  1473 D AT      : AT< +COPS: 0,2,310260
02-20 19:46:39.966  1375  1473 D AT      : AT< OK
02-20 19:46:39.966  1923  1923 D SST     : setAndBroadcastNetworkSetTimeZone: setTimeZone=GMT
02-20 19:46:39.967  1665  1861 D AlarmManagerService: Kernel timezone updated to 0 minutes west of GMT
02-20 19:46:39.967  1923  2002 D RILJ    : [3666]< QUERY_NETWORK_SELECTION_MODE {0} [SUB0]
02-20 19:46:39.967  1923  1923 D SST     : setAndBroadcastNetworkSetTimeZone: call alarm.setTimeZone and broadcast zoneId=GMT
02-20 19:46:39.967  1923  1923 D SST     : NITZ: Setting time of day to Tue Feb 20 19:46:40 GMT+00:00 2018 NITZ receive delay(ms): 8741 gained(ms): 774 from 18/02/20:19:46:32+0:0:Unknown!Unknown
02-20 19:46:39.968  1923  1923 D SST     : setAndBroadcastNetworkSetTime: time=1519156000741ms
02-20 19:46:39.968  1665  1861 D AlarmManagerService: Setting time of day to sec=1519156000
02-20 19:46:40.741  1665  1861 W AlarmManagerService: Unable to set rtc to 1519156000: No such device
02-20 19:46:40.746  1665  1690 I am_proc_bound: [0,2128,com.google.android.googlequicksearchbox:interactor]
02-20 19:46:40.751  1665  1665 I AccountManagerService: User 0 is unlocked - opening CE database
02-20 19:46:40.762  1923  1923 I SST     : NITZ: after Setting time of day
02-20 19:46:40.763  1923  1923 D SST     : NITZ: end=12990 dur=24
02-20 19:46:40.766  1923  1923 D SST     : mDeviceShuttingDown=false, mDesiredPowerState=true, getRadioState=RADIO_ON, mPowerOffDelayNeed=true, mAlarmSwitch=false, mRadioDisabledByCarrier=false
02-20 19:46:40.766  1923  1923 D RILJ    : [3667]> OPERATOR [SUB0]
02-20 19:46:40.774  1923  1923 D RILJ    : [3668]> DATA_REGISTRATION_STATE [SUB0]
02-20 19:46:40.775  1375  1470 D RIL     : onRequest: OPERATOR
02-20 19:46:40.775  1375  1470 D AT      : AT> AT+COPS=3,0;+COPS?;+COPS=3,1;+COPS?;+COPS=3,2;+COPS?
02-20 19:46:40.775  1375  1473 D AT      : AT< +COPS: 0,0,"Android"
02-20 19:46:40.775  1375  1473 D AT      : AT< +COPS: 0,1,"Android"
02-20 19:46:40.775  1375  1473 D AT      : AT< +COPS: 0,2,"310260"
02-20 19:46:40.775  1375  1473 D AT      : AT< OK
02-20 19:46:40.775  1375  1470 D RIL     : onRequest: DATA_REGISTRATION_STATE
02-20 19:46:40.775  1375  1470 D RIL     : requestRegistrationState
02-20 19:46:40.775  1375  1470 D AT      : AT> AT+CGREG?
02-20 19:46:40.775  1923  1923 D RILJ    : [3669]> VOICE_REGISTRATION_STATE [SUB0]
02-20 19:46:40.775  1923  2002 D RILJ    : [3667]< OPERATOR {Android, Android, 310260} [SUB0]
02-20 19:46:40.775  1375  1473 D AT      : AT< +CGREG: 1,1,"0003","005b","000e"
02-20 19:46:40.775  1375  1473 D AT      : AT< OK
02-20 19:46:40.775  1923  1923 D RILJ    : [3670]> QUERY_NETWORK_SELECTION_MODE [SUB0]
02-20 19:46:40.775  1375  1470 D RIL     : parseRegistrationState. Parsing: +CGREG: 1,1,"0003","005b","000e"
02-20 19:46:40.775  1375  1470 D RIL     : registration state type: 3GPP
02-20 19:46:40.775  1375  1470 D RIL     : onRequest: VOICE_REGISTRATION_STATE
02-20 19:46:40.775  1375  1470 D RIL     : requestRegistrationState
02-20 19:46:40.775  1375  1470 D AT      : AT> AT+CREG?
02-20 19:46:40.775  1375  1473 D AT      : AT< +CREG: 2,1, "0003", "005b"
02-20 19:46:40.775  1375  1473 D AT      : AT< OK
02-20 19:46:40.775  1923  1923 D SST     : onSignalStrengthResult() Exception from RIL : com.android.internal.telephony.CommandException: RADIO_NOT_AVAILABLE
02-20 19:46:40.775  1923  2002 D RILJ    : [3668]< DATA_REGISTRATION_STATE {1, 3, 5b, 14, null, null} [SUB0]
02-20 19:46:40.775  1375  1470 D RIL     : parseRegistrationState. Parsing: +CREG: 2,1, "0003", "005b"
02-20 19:46:40.775  1375  1470 D RIL     : registration state type: 3GPP
02-20 19:46:40.775  1375  1470 D RIL     : onRequest: QUERY_NETWORK_SELECTION_MODE
02-20 19:46:40.775  1375  1470 D AT      : AT> AT+COPS?
02-20 19:46:40.775  1375  1473 D AT      : AT< +COPS: 0,2,310260
02-20 19:46:40.775  1375  1473 D AT      : AT< OK
02-20 19:46:40.775  1923  2002 D RILJ    : [3669]< VOICE_REGISTRATION_STATE {1, 3, 5b, 0, null, null, null, null, null, null, null, null, null, null, null} [SUB0]
02-20 19:46:40.775  1923  2002 D RILJ    : [3670]< QUERY_NETWORK_SELECTION_MODE {0} [SUB0]
02-20 19:46:40.776  1923  1923 D DCT     : [0]NETWORK_STATE_CHANGED_ACTION: mIsWifiConnected=false
02-20 19:46:40.776  1923  1923 D DCT     : [0]Wifi state changed
02-20 19:46:40.776  1923  1923 D DCT     : [0]WIFI_STATE_CHANGED_ACTION: enabled=true mIsWifiConnected=false
02-20 19:46:40.776  1923  1923 D DCT     : [0]onRadioAvailable
02-20 19:46:40.776  1923  1923 D DCT     : [0]onRadioOffOrNotAvailable: is off and clean up all connections
02-20 19:46:40.776  1923  1923 D DCT     : [0]cleanUpAllConnections: tearDown=false reason=radioTurnedOff
02-20 19:46:40.776  1923  1923 D GsmCdmaPhone: [GsmCdmaPhone] getDataConnectionState apnType=default ret=DISCONNECTED
02-20 19:46:40.778  1923  1923 D DCT     : [0]cleanUpConnection: X tearDown=false reason=radioTurnedOff apnContext={mApnType=default mState=IDLE mWaitingApns={null} mApnSetting={null} mReason=radioTurnedOff mDataEnabled=false mDependencyMet=true} dcac=null
02-20 19:46:40.778  1923  1923 D GsmCdmaPhone: [GsmCdmaPhone] getDataConnectionState apnType=mms ret=DISCONNECTED
02-20 19:46:40.779  1923  1923 D DCT     : [0]cleanUpConnection: X tearDown=false reason=radioTurnedOff apnContext={mApnType=mms mState=IDLE mWaitingApns={null} mApnSetting={null} mReason=radioTurnedOff mDataEnabled=false mDependencyMet=true} dcac=null
02-20 19:46:40.779  1923  1923 D GsmCdmaPhone: [GsmCdmaPhone] getDataConnectionState apnType=cbs ret=DISCONNECTED
02-20 19:46:40.779  1923  1923 D DCT     : [0]cleanUpConnection: X tearDown=false reason=radioTurnedOff apnContext={mApnType=cbs mState=IDLE mWaitingApns={null} mApnSetting={null} mReason=radioTurnedOff mDataEnabled=false mDependencyMet=true} dcac=null
02-20 19:46:40.779  1923  1923 D GsmCdmaPhone: [GsmCdmaPhone] getDataConnectionState apnType=fota ret=DISCONNECTED
02-20 19:46:40.780  1923  1923 D DCT     : [0]cleanUpConnection: X tearDown=false reason=radioTurnedOff apnContext={mApnType=fota mState=IDLE mWaitingApns={null} mApnSetting={null} mReason=radioTurnedOff mDataEnabled=false mDependencyMet=true} dcac=null
02-20 19:46:40.780  1923  1923 D GsmCdmaPhone: [GsmCdmaPhone] getDataConnectionState apnType=supl ret=DISCONNECTED
02-20 19:46:40.781  2100  2100 W System  : ClassLoader referenced unknown path: /system/priv-app/PrebuiltGmsCore/lib/x86_64
02-20 19:46:40.781  1923  1923 D DCT     : [0]cleanUpConnection: X tearDown=false reason=radioTurnedOff apnContext={mApnType=supl mState=IDLE mWaitingApns={null} mApnSetting={null} mReason=radioTurnedOff mDataEnabled=false mDependencyMet=true} dcac=null
02-20 19:46:40.781  1923  1923 D GsmCdmaPhone: [GsmCdmaPhone] getDataConnectionState apnType=ia ret=DISCONNECTED
02-20 19:46:40.782  1923  1923 D DCT     : [0]cleanUpConnection: X tearDown=false reason=radioTurnedOff apnContext={mApnType=ia mState=IDLE mWaitingApns={null} mApnSetting={null} mReason=radioTurnedOff mDataEnabled=false mDependencyMet=true} dcac=null
02-20 19:46:40.782  1923  1923 D GsmCdmaPhone: [GsmCdmaPhone] getDataConnectionState apnType=emergency ret=DISCONNECTED
02-20 19:46:40.792  2154  2154 W art     : Unexpected CPU variant for X86 using defaults: x86_64
02-20 19:46:40.794  1923  1923 D DCT     : [0]cleanUpConnection: X tearDown=false reason=radioTurnedOff apnContext={mApnType=emergency mState=IDLE mWaitingApns={null} mApnSetting={null} mReason=radioTurnedOff mDataEnabled=false mDependencyMet=true} dcac=null
02-20 19:46:40.794  1923  1923 D GsmCdmaPhone: [GsmCdmaPhone] getDataConnectionState apnType=hipri ret=DISCONNECTED
02-20 19:46:40.795  2081  2081 W System  : ClassLoader referenced unknown path: /system/app/UserDictionaryProvider/lib/x86_64
02-20 19:46:40.795  1923  1923 D DCT     : [0]cleanUpConnection: X tearDown=false reason=radioTurnedOff apnContext={mApnType=hipri mState=IDLE mWaitingApns={null} mApnSetting={null} mReason=radioTurnedOff mDataEnabled=false mDependencyMet=true} dcac=null
02-20 19:46:40.795  1923  1923 D GsmCdmaPhone: [GsmCdmaPhone] getDataConnectionState apnType=ims ret=DISCONNECTED
02-20 19:46:40.796  2081  2081 D ApplicationLoaders: ignored Vulkan layer search path /system/app/UserDictionaryProvider/lib/x86_64:/system/lib64:/vendor/lib64 for namespace 0x73f15f770160
02-20 19:46:40.796  1923  1923 D DCT     : [0]cleanUpConnection: X tearDown=false reason=radioTurnedOff apnContext={mApnType=ims mState=IDLE mWaitingApns={null} mApnSetting={null} mReason=radioTurnedOff mDataEnabled=false mDependencyMet=true} dcac=null
02-20 19:46:40.796  1923  1923 D DCT     : [0]stopNetStatPoll
02-20 19:46:40.798  1923  1923 D DCT     : [0]cleanUpConnection: mDisconnectPendingCount = 0
02-20 19:46:40.798  1923  1923 D DCT     : [0]isDataAllowed: No - SIM not loaded - Not attached
02-20 19:46:40.815  1665  1978 I am_proc_bound: [0,2154,com.google.android.apps.nexuslauncher]
02-20 19:46:40.834  1665  2089 V KeyValueBackupJob: Scheduling k/v pass in 242 minutes
02-20 19:46:40.851  1665  1978 I am_restart_activity: [0,95856654,65,com.google.android.apps.nexuslauncher/.NexusLauncherActivity]
02-20 19:46:40.863  1665  1692 I dvm_lock_sample: [system_server,1,ActivityManager,36,ActivityManagerService.java,2083,-,6669,7]
02-20 19:46:40.912  1923  1923 D DCT     : [0]onDataConnectionDetached: stop polling and notify detached
02-20 19:46:40.912  1923  1923 D DCT     : [0]stopNetStatPoll
02-20 19:46:40.912  1923  1923 D DCT     : [0]notifyDataConnection: reason=dataDetached
02-20 19:46:40.912  1923  1923 D DCT     : [0]isDataAllowed: No - SIM not loaded - Not attached
02-20 19:46:40.918  1665  1693 W WindowManager: Keyguard drawn timeout. Setting mKeyguardDrawComplete
02-20 19:46:40.922  2154  2154 W System  : ClassLoader referenced unknown path: /system/priv-app/NexusLauncherPrebuilt/lib/x86_64
02-20 19:46:40.970  1665  1665 D ConditionProviders.SCP: onReceive android.intent.action.TIME_SET
02-20 19:46:40.996  2181  2181 W art     : Unexpected CPU variant for X86 using defaults: x86_64
02-20 19:46:40.998  1665  1750 I am_proc_start: [0,2181,1000,com.android.keychain,service,com.android.keychain/.KeyChainService]
02-20 19:46:40.998  1665  1750 I ActivityManager: Start proc 2181:com.android.keychain/1000 for service com.android.keychain/.KeyChainService
02-20 19:46:41.002  1665  1665 D ConditionProviders.SCP: notifyCondition condition://android/schedule?days=6.7&start=23.30&end=10.0&exitAtAlarm=false STATE_FALSE reason=!meetsSchedule
02-20 19:46:41.002  1665  1665 D ConditionProviders.SCP: notifyCondition condition://android/schedule?days=1.2.3.4.5&start=22.0&end=7.0&exitAtAlarm=false STATE_FALSE reason=!meetsSchedule
02-20 19:46:41.002  1665  1665 D ConditionProviders.SCP: Scheduling evaluate for Tue Feb 20 22:00:00 GMT+00:00 2018 (1519164000000), in +2h13m19s30ms, now=Tue Feb 20 19:46:40 GMT+00:00 2018 (1519156000970)
02-20 19:46:41.016  1923  1923 D DCT     : [0]onRoamingOff
02-20 19:46:41.016  1923  1923 D DCT     : [0]isDataAllowed: No - SIM not loaded - Not attached
02-20 19:46:41.019  1665  1861 I am_proc_bound: [0,2181,com.android.keychain]
02-20 19:46:41.066  1923  1923 D DCT     : [0]setupDataOnConnectableApns: roamingOff hipri:[state=IDLE,enabled=false] mms:[state=IDLE,enabled=false] supl:[state=IDLE,enabled=false] ia:[state=IDLE,enabled=false] fota:[state=IDLE,enabled=false] ims:[state=IDLE,enabled=false] cbs:[state=IDLE,enabled=false] default:[state=IDLE,enabled=false] emergency:[state=IDLE,enabled=false] 
02-20 19:46:41.066  1923  1923 D DCT     : [0]setupDataOnConnectableApns: nwTypeChanged hipri:[state=IDLE,enabled=false] mms:[state=IDLE,enabled=false] supl:[state=IDLE,enabled=false] ia:[state=IDLE,enabled=false] fota:[state=IDLE,enabled=false] ims:[state=IDLE,enabled=false] cbs:[state=IDLE,enabled=false] default:[state=IDLE,enabled=false] emergency:[state=IDLE,enabled=false] 
02-20 19:46:41.066  1923  1923 D SubscriptionInfoUpdater: [Receiver]+
02-20 19:46:41.066  1923  1923 D SubscriptionInfoUpdater: Action: android.intent.action.SIM_STATE_CHANGED
02-20 19:46:41.066  1923  1923 D SubscriptionInfoUpdater: slotId: 0
02-20 19:46:41.066  1923  1923 D SubscriptionInfoUpdater: simStatus: NOT_READY
02-20 19:46:41.067  1923  1923 D SubscriptionInfoUpdater: Ignoring simStatus: NOT_READY
02-20 19:46:41.067  1923  1923 D SubscriptionInfoUpdater: [Receiver]-
02-20 19:46:41.067  1923  1923 D PhoneSwitcherNetworkRequstListener: got request NetworkRequest [ REQUEST id=1, [ Capabilities: INTERNET&NOT_RESTRICTED&TRUSTED&NOT_VPN] ] with score 0
02-20 19:46:41.067  1923  1923 D TelephonyNetworkFactory[0]: onSubIdChange -1->-2
02-20 19:46:41.067  1923  1923 D TelephonyNetworkFactory[0]: got request NetworkRequest [ REQUEST id=1, [ Capabilities: INTERNET&NOT_RESTRICTED&TRUSTED&NOT_VPN] ] with score 0
02-20 19:46:41.070  1923  1923 D DebugService: DebugService DebugService:
02-20 19:46:41.070  1923  1923 D TelephonyDebugService: TelephonyDebugService()
02-20 19:46:41.075  1665  1748 I am_proc_start: [0,2195,10002,com.android.providers.calendar,content provider,com.android.providers.calendar/.CalendarProvider2]
02-20 19:46:41.075  1665  1748 I ActivityManager: Start proc 2195:com.android.providers.calendar/u0a2 for content provider com.android.providers.calendar/.CalendarProvider2
02-20 19:46:41.078  2195  2195 W art     : Unexpected CPU variant for X86 using defaults: x86_64
02-20 19:46:41.105  2181  2181 W System  : ClassLoader referenced unknown path: /system/app/KeyChain/lib/x86_64
02-20 19:46:41.126  1765  1765 I OpaLayout: Setting opa enabled to false
02-20 19:46:41.128  1765  1765 I OpaLayout: Setting opa enabled to false
02-20 19:46:41.132  1665  1978 I am_proc_bound: [0,2195,com.android.providers.calendar]
