02-20 19:46:37.383  1665  1689 I am_proc_bound: [0,1765,com.android.systemui]
02-20 19:46:37.384  1267  1303 V vold    : /dev/block/vold/disk:253,64: LABEL="SDCARD" UUID="1E12-0B12" TYPE="vfat" 
02-20 19:46:37.384  1267  1303 V vold    : 
02-20 19:46:37.385  1665  1730 D VoldConnector: RCV <- {650 public:253,64 0 "disk:253,64" ""}
02-20 19:46:37.391  1665  1730 D VoldConnector: RCV <- {651 public:253,64 0}
02-20 19:46:37.391  1665  1730 D VoldConnector: RCV <- {643 disk:253,64}
02-20 19:46:37.391  1665  1730 D VoldConnector: RCV <- {200 3 Command succeeded}
02-20 19:46:37.391  1665  1729 D VoldConnector: SND -> {4 volume user_added 0 0}
02-20 19:46:37.395  1665  1730 D VoldConnector: RCV <- {200 4 Command succeeded}
02-20 19:46:37.413  1665  1690 I am_proc_bound: [0,1759,com.android.inputmethod.latin]
02-20 19:46:37.413  1665  1665 D WebViewFactory: Setting new address space to 137955392
02-20 19:46:37.431  1665  1729 D VoldConnector: SND -> {5 volume mount emulated 3 -1}
02-20 19:46:37.432  1267  1303 V vold    : Waiting for FUSE to spin up...
02-20 19:46:37.432  1665  1730 D VoldConnector: RCV <- {651 emulated 1}
02-20 19:46:37.432  1665  1730 D VoldConnector: RCV <- {656 emulated /data/media}
02-20 19:46:37.433  1665  1730 D VoldConnector: RCV <- {655 emulated /storage/emulated}
02-20 19:46:37.453     0     0 D ieee80211 phy1: hw scan 2452 MHz
02-20 19:46:37.461  1793  1793 W sdcard  : Device explicitly disabled sdcardfs
02-20 19:46:37.464  1765  1765 W System  : ClassLoader referenced unknown path: /system/priv-app/SystemUIGoogle/lib/x86_64
02-20 19:46:37.468  1665  1665 I Zygote  : Process: zygote socket opened, supported ABIS: x86
02-20 19:46:37.469  1364  1568 I art     : Starting a blocking GC HeapTrim
02-20 19:46:37.475  1364  1364 I art     : Starting a blocking GC Background
02-20 19:46:37.500     0     0 D SELinux : initialized (dev fuse, type fuse), uses genfs_contexts
02-20 19:46:37.484  1267  1303 V vold    : Waiting for FUSE to spin up...
02-20 19:46:37.485  1665  1795 E WVMExtractor: Failed to open libwvm.so: dlopen failed: library "libwvm.so" not found
02-20 19:46:37.512     0     0 D SELinux : initialized (dev fuse, type fuse), uses genfs_contexts
02-20 19:46:37.512     0     0 D SELinux : initialized (dev fuse, type fuse), uses genfs_contexts
02-20 19:46:37.533  1373  1373 I MediaPlayerService: MediaPlayerService::getOMX
02-20 19:46:37.535  1373  1373 I OMXClient: MuxOMX ctor
02-20 19:46:37.535  1665  1730 D VoldConnector: RCV <- {651 emulated 2}
02-20 19:46:37.536  1665  1730 D VoldConnector: RCV <- {200 5 Command succeeded}
02-20 19:46:37.537  1665  1729 D VoldConnector: SND -> {6 volume mount public:253,64 2 0}
02-20 19:46:37.537  1267  1303 V vold    : /system/bin/blkid
02-20 19:46:37.537  1267  1303 V vold    :     -c
02-20 19:46:37.537  1267  1303 V vold    :     /dev/null
02-20 19:46:37.537  1267  1303 V vold    :     -s
02-20 19:46:37.537  1267  1303 V vold    :     TYPE
02-20 19:46:37.537  1267  1303 V vold    :     -s
02-20 19:46:37.537  1267  1303 V vold    :     UUID
02-20 19:46:37.537  1267  1303 V vold    :     -s
02-20 19:46:37.537  1267  1303 V vold    :     LABEL
02-20 19:46:37.537  1267  1303 V vold    :     /dev/block/vold/public:253,64
02-20 19:46:37.537  1665  1730 D VoldConnector: RCV <- {651 public:253,64 1}
02-20 19:46:37.547  1373  1373 I MediaPlayerService: MediaPlayerService::getOMX
02-20 19:46:37.547  1373  1373 I OMXClient: MuxOMX ctor
02-20 19:46:37.549  1370  1370 I OMXMaster: makeComponentInstance(OMX.google.mp3.decoder) in mediacodec process
02-20 19:46:37.573  1665  1665 W ActivityManager: Slow operation: 117ms so far, now at startProcess: returned from zygote!
02-20 19:46:37.573  1665  1665 W ActivityManager: Slow operation: 117ms so far, now at startProcess: done updating battery stats
02-20 19:46:37.573  1665  1665 I am_proc_start: [0,1806,1037,WebViewLoader-x86,,]
02-20 19:46:37.573  1665  1665 W ActivityManager: Slow operation: 117ms so far, now at startProcess: building log message
02-20 19:46:37.573  1665  1665 I ActivityManager: Start proc 1806:WebViewLoader-x86/1037 [android.webkit.WebViewFactory$RelroFileCreator] for 
02-20 19:46:37.573  1665  1665 W ActivityManager: Slow operation: 117ms so far, now at startProcess: starting to update pids map
02-20 19:46:37.573  1665  1665 W ActivityManager: Slow operation: 117ms so far, now at startProcess: done updating pids map
02-20 19:46:37.573  1665  1665 W ActivityManager: Slow operation: 118ms so far, now at startProcess: done starting proc!
02-20 19:46:37.577  1665  1737 D WifiController: DEFERRED_TOGGLE handled
02-20 19:46:37.578  1374  1688 D SoftapController: Softap fwReload - Ok
02-20 19:46:37.579  1374  1688 D CommandListener: Setting iface cfg
02-20 19:46:37.579  1374  1688 D CommandListener: Trying to bring down wlan0
02-20 19:46:37.579  1374  1688 D CommandListener: Clearing all IP addresses on wlan0
02-20 19:46:37.581  1665  1738 E WifiMonitor: killSupplicant p2pfalse init.svc.wpa_supplicant=unknown init.svc.p2p_supplicant=unknown
02-20 19:46:37.570     0     0 D ieee80211 phy1: hw scan 2457 MHz
02-20 19:46:37.606     0     0 I init    : Starting service 'wpa_supplicant'...
02-20 19:46:37.587  1665  1665 I am_proc_start: [0,1811,1037,WebViewLoader-x86_64,,]
02-20 19:46:37.587  1665  1665 I ActivityManager: Start proc 1811:WebViewLoader-x86_64/1037 [android.webkit.WebViewFactory$RelroFileCreator] for 
02-20 19:46:37.590  1665  1665 D NetworkManagement: enabling bandwidth control
02-20 19:46:37.605  1665  1738 E wifi    : Can not initialize the vendor function pointer table
02-20 19:46:37.605  1665  1738 E WifiNative-HAL: Could not start hal
02-20 19:46:37.605  1665  1738 E WifiStateMachine: Failed to start HAL
02-20 19:46:37.612  1811  1811 W art     : Unexpected CPU variant for X86 using defaults: x86_64
02-20 19:46:37.626  1665  1738 D WifiMonitor: startMonitoring(wlan0) with mConnected = false
02-20 19:46:37.626  1665  1738 E WifiHW  : Unable to open connection to supplicant on "@android:wpa_wlan0": No such file or directory
02-20 19:46:37.628  1806  1806 W art     : Unexpected CPU variant for X86 using defaults: x86
02-20 19:46:37.632  1267  1303 V vold    : /dev/block/vold/public:253,64: LABEL="SDCARD" UUID="1E12-0B12" TYPE="vfat" 
02-20 19:46:37.632  1267  1303 V vold    : 
02-20 19:46:37.632  1267  1303 V vold    : /system/bin/fsck_msdos
02-20 19:46:37.632  1267  1303 V vold    :     -p
02-20 19:46:37.632  1267  1303 V vold    :     -f
02-20 19:46:37.632  1267  1303 V vold    :     /dev/block/vold/public:253,64
02-20 19:46:37.632  1665  1730 D VoldConnector: RCV <- {652 public:253,64 vfat}
02-20 19:46:37.633  1665  1730 D VoldConnector: RCV <- {653 public:253,64 1E12-0B12}
02-20 19:46:37.633  1665  1730 D VoldConnector: RCV <- {654 public:253,64 SDCARD}
02-20 19:46:37.636  1373  1373 I MediaPlayerService: MediaPlayerService::getOMX
02-20 19:46:37.637  1373  1373 I OMXClient: MuxOMX ctor
02-20 19:46:37.637  1370  1829 I OMXMaster: makeComponentInstance(OMX.google.amrnb.decoder) in mediacodec process
02-20 19:46:37.638  1811  1811 V WebViewFactory: RelroFileCreator (64bit = true),  32-bit lib: /system/app/Chrome/Chrome.apk!/lib/x86/libmonochrome.so, 64-bit lib: /system/app/Chrome/Chrome.apk!/lib/x86_64/libmonochrome.so
02-20 19:46:37.645  1373  1373 I MediaPlayerService: MediaPlayerService::getOMX
02-20 19:46:37.645  1373  1373 I OMXClient: MuxOMX ctor
02-20 19:46:37.645  1370  1400 I OMXMaster: makeComponentInstance(OMX.google.amrwb.decoder) in mediacodec process
02-20 19:46:37.648  1373  1373 I MediaPlayerService: MediaPlayerService::getOMX
02-20 19:46:37.649  1373  1373 I OMXClient: MuxOMX ctor
02-20 19:46:37.649  1370  1370 I OMXMaster: makeComponentInstance(OMX.google.aac.decoder) in mediacodec process
02-20 19:46:37.660  1373  1373 I MediaPlayerService: MediaPlayerService::getOMX
02-20 19:46:37.672  1373  1373 I OMXClient: MuxOMX ctor
02-20 19:46:37.672  1370  1829 I OMXMaster: makeComponentInstance(OMX.google.g711.alaw.decoder) in mediacodec process
02-20 19:46:37.691     0     0 D ieee80211 phy1: hw scan 2462 MHz
02-20 19:46:37.720  1267  1303 I fsck_msdos: ** /dev/block/vold/public:253,64
02-20 19:46:37.721  1267  1303 I fsck_msdos: ** Phase 1 - Read and Compare FATs
02-20 19:46:37.721  1267  1303 I fsck_msdos: Attempting to allocate 1022 KB for FAT
02-20 19:46:37.733  1806  1806 V WebViewFactory: RelroFileCreator (64bit = false),  32-bit lib: /system/app/Chrome/Chrome.apk!/lib/x86/libmonochrome.so, 64-bit lib: /system/app/Chrome/Chrome.apk!/lib/x86_64/libmonochrome.so
02-20 19:46:37.781     0     0 D ieee80211 phy0: mac80211_hwsim_start
02-20 19:46:37.781     0     0 D ieee80211 phy0: mac80211_hwsim_add_interface (type=2 mac_addr=02:00:00:44:55:66)
02-20 19:46:37.781     0     0 D ieee80211 phy0: mac80211_hwsim_bss_info_changed(changed=0xe)
02-20 19:46:37.781     0     0 D ieee80211 phy0: ERP_CTS_PROT: 0
02-20 19:46:37.781     0     0 D ieee80211 phy0: ERP_PREAMBLE: 0
02-20 19:46:37.781     0     0 D ieee80211 phy0: ERP_SLOT: 0
02-20 19:46:37.781     0     0 D ieee80211 phy0: mac80211_hwsim_conf_tx (queue=0 txop=0 cw_min=15 cw_max=1023 aifs=2)
02-20 19:46:37.781     0     0 D ieee80211 phy0: mac80211_hwsim_conf_tx (queue=1 txop=0 cw_min=15 cw_max=1023 aifs=2)
02-20 19:46:37.781     0     0 D ieee80211 phy0: mac80211_hwsim_conf_tx (queue=2 txop=0 cw_min=15 cw_max=1023 aifs=2)
02-20 19:46:37.781     0     0 D ieee80211 phy0: mac80211_hwsim_conf_tx (queue=3 txop=0 cw_min=15 cw_max=1023 aifs=2)
02-20 19:46:37.781     0     0 D ieee80211 phy0: mac80211_hwsim_bss_info_changed(changed=0x2000)
02-20 19:46:37.781     0     0 D ieee80211 phy0: mac80211_hwsim_config (freq=0 idle=0 ps=0 smps=auto)
02-20 19:46:37.781     0     0 I IPv6    : ADDRCONF(NETDEV_UP): wlan0: link is not ready
02-20 19:46:37.781     0     0 D ieee80211 phy0: mac80211_hwsim_configure_filter
02-20 19:46:37.811     0     0 D ieee80211 phy1: hw scan complete
02-20 19:46:37.811     0     0 D ieee80211 phy1: mac80211_hwsim_get_survey (idx=0)
02-20 19:46:37.861     0     0 D ieee80211 phy1: mac80211_hwsim_config (freq=0 idle=0 ps=0 smps=auto)
02-20 19:46:37.861     0     0 D ieee80211 phy1: add channel context control: 2447 MHz/width: 2/cfreqs:2437/0 MHz
02-20 19:46:37.861     0     0 D ieee80211 phy1: mac80211_hwsim_bss_info_changed(changed=0x40000)
02-20 19:46:37.861     0     0 D ieee80211 phy1: TX Power: 20 dBm
02-20 19:46:37.861     0     0 D ieee80211 phy1: mac80211_hwsim_bss_info_changed(changed=0x4000)
02-20 19:46:37.861     0     0 D ieee80211 phy1: change channel context control: 2447 MHz/width: 2/cfreqs:2437/0 MHz
02-20 19:46:37.861     0     0 D ieee80211 phy1: mac80211_hwsim_bss_info_changed(changed=0x88340)
02-20 19:46:37.861     0     0 D ieee80211 phy1: BCNINT: 100
02-20 19:46:37.861     0     0 D ieee80211 phy1: BCN EN: 1
02-20 19:46:37.861     0     0 D ieee80211 phy1: mac80211_hwsim_bss_info_changed(changed=0x3e)
02-20 19:46:37.861     0     0 D ieee80211 phy1: ERP_CTS_PROT: 0
02-20 19:46:37.861     0     0 D ieee80211 phy1: ERP_PREAMBLE: 0
02-20 19:46:37.861     0     0 D ieee80211 phy1: ERP_SLOT: 1
02-20 19:46:37.861     0     0 D ieee80211 phy1: HT: op_mode=0x0
02-20 19:46:37.861     0     0 D ieee80211 phy1: BASIC_RATES: 0xf
02-20 19:46:37.861     0     0 D ieee80211 phy1: mac80211_hwsim_conf_tx (queue=0 txop=47 cw_min=3 cw_max=7 aifs=1)
02-20 19:46:37.861     0     0 D ieee80211 phy1: mac80211_hwsim_bss_info_changed(changed=0x2000)
02-20 19:46:37.861     0     0 D ieee80211 phy1: mac80211_hwsim_conf_tx (queue=1 txop=94 cw_min=7 cw_max=15 aifs=1)
02-20 19:46:37.861     0     0 D ieee80211 phy1: mac80211_hwsim_bss_info_changed(changed=0x2000)
02-20 19:46:37.861     0     0 D ieee80211 phy1: mac80211_hwsim_conf_tx (queue=2 txop=0 cw_min=15 cw_max=63 aifs=3)
02-20 19:46:37.861     0     0 D ieee80211 phy1: mac80211_hwsim_bss_info_changed(changed=0x2000)
02-20 19:46:37.861     0     0 D ieee80211 phy1: mac80211_hwsim_conf_tx (queue=3 txop=0 cw_min=15 cw_max=1023 aifs=7)
02-20 19:46:37.861     0     0 D ieee80211 phy1: mac80211_hwsim_bss_info_changed(changed=0x2000)
02-20 19:46:37.861     0     0 I IPv6    : ADDRCONF(NETDEV_CHANGE): wlan1: link becomes ready
02-20 19:46:37.861     0     0 D ieee80211 phy1: mac80211_hwsim_configure_filter
02-20 19:46:37.744  1373  1373 I MediaPlayerService: MediaPlayerService::getOMX
02-20 19:46:37.744  1373  1373 I OMXClient: MuxOMX ctor
02-20 19:46:37.745  1370  1829 I OMXMaster: makeComponentInstance(OMX.google.g711.mlaw.decoder) in mediacodec process
02-20 19:46:37.763  1818  1818 I wpa_supplicant: Successfully initialized wpa_supplicant
02-20 19:46:37.781  1818  1818 I wpa_supplicant: rfkill: Cannot open RFKILL control device
02-20 19:46:37.782  1818  1818 I wpa_supplicant: nl80211: Could not re-add multicast membership for vendor events: -2 (No such file or directory)
02-20 19:46:37.801  1765  1765 V SystemUIService: Starting SystemUI services for user 0.
02-20 19:46:37.814  1267  1303 I fsck_msdos: Attempting to allocate 1022 KB for FAT
02-20 19:46:37.825  1759  1759 I LatinIME: Hardware accelerated drawing: true
02-20 19:46:37.860  1504  1504 E hostapd : Using interface wlan1 with hwaddr 02:00:00:00:01:00 and ssid "AndroidWifi"
02-20 19:46:37.861  1504  1504 I hostapd : wlan1: interface state HT_SCAN->ENABLED
02-20 19:46:37.861  1504  1504 I hostapd : wlan1: AP-ENABLED 
02-20 19:46:37.861  1818  1818 E wpa_supplicant: global ctrl interface @android:wpa_wlan0 matches ctrl interface wlan0 - do not open per-interface ctrl interface
02-20 19:46:37.897  1765  1765 V MediaRouter: Adding route: RouteInfo{ name=Phone, description=null, status=null, category=RouteCategory{ name=null types=ROUTE_TYPE_LIVE_AUDIO ROUTE_TYPE_LIVE_VIDEO  groupable=false }, supportedTypes=ROUTE_TYPE_LIVE_AUDIO ROUTE_TYPE_LIVE_VIDEO , presentationDisplay=null }
02-20 19:46:37.908  1765  1765 V MediaRouter: Updating audio routes: AudioRoutesInfo{ type=SPEAKER }
02-20 19:46:37.909  1373  1373 I MediaPlayerService: MediaPlayerService::getOMX
02-20 19:46:37.910  1373  1373 I OMXClient: MuxOMX ctor
02-20 19:46:37.910  1370  1370 I OMXMaster: makeComponentInstance(OMX.google.vorbis.decoder) in mediacodec process
02-20 19:46:37.923  1765  1765 V MediaRouter: Selecting route: RouteInfo{ name=Phone, description=null, status=null, category=RouteCategory{ name=null types=ROUTE_TYPE_LIVE_AUDIO ROUTE_TYPE_LIVE_VIDEO  groupable=false }, supportedTypes=ROUTE_TYPE_LIVE_AUDIO ROUTE_TYPE_LIVE_VIDEO , presentationDisplay=null }
02-20 19:46:37.924  1267  1303 I fsck_msdos: ** Phase 2 - Check Cluster Chains
02-20 19:46:37.928  1267  1303 I fsck_msdos: ** Phase 3 - Checking Directories
02-20 19:46:37.930  1267  1303 I fsck_msdos: ** Phase 4 - Checking for Lost Files
02-20 19:46:37.930  1267  1303 I fsck_msdos: 27 files, 522176 free (261088 clusters)
02-20 19:46:37.942  1665  1690 D TelephonyRegistry: listen oscl: hasNotifySubscriptionInfoChangedOccurred==false no callback
02-20 19:46:37.964  1759  1759 W InputAttributes: No editor info for this field. Bug?
02-20 19:46:37.966  1665  1665 W NetworkManagement: setDataSaverMode(): already false
02-20 19:46:37.973  1806  1806 I art     : System.exit called, status: 0
02-20 19:46:37.973  1806  1806 I AndroidRuntime: VM exiting with result code 0, cleanup skipped.
02-20 19:46:37.981  1267  1303 I Vold    : Filesystem check completed OK
02-20 19:46:37.981  1665  1730 D VoldConnector: RCV <- {656 public:253,64 /mnt/media_rw/1E12-0B12}
02-20 19:46:37.981  1665  1730 D VoldConnector: RCV <- {655 public:253,64 /storage/1E12-0B12}
02-20 19:46:37.986  1267  1303 V vold    : Waiting for FUSE to spin up...
02-20 19:46:37.982     0     0 W FAT-fs (vde): Volume was not properly unmounted. Some data may be corrupt. Please run fsck.
02-20 19:46:37.983     0     0 D SELinux : initialized (dev vde, type vfat), uses genfs_contexts
02-20 19:46:38.014     0     0 D SELinux : initialized (dev fuse, type fuse), uses genfs_contexts
02-20 19:46:38.014     0     0 D SELinux : initialized (dev fuse, type fuse), uses genfs_contexts
02-20 19:46:38.014     0     0 D SELinux : initialized (dev fuse, type fuse), uses genfs_contexts
02-20 19:46:37.994  1373  1373 I MediaPlayerService: MediaPlayerService::getOMX
02-20 19:46:37.994  1373  1373 I OMXClient: MuxOMX ctor
02-20 19:46:37.994  1370  1370 I OMXMaster: makeComponentInstance(OMX.google.opus.decoder) in mediacodec process
02-20 19:46:37.995  1759  1871 I LatinIME:LogUtils: Dictionary info: dictionary = userunigram.en_US ; version = 1519155997 ; date = ?
02-20 19:46:38.010  1868  1868 W sdcard  : Device explicitly disabled sdcardfs
02-20 19:46:38.015  1811  1811 I art     : System.exit called, status: 0
02-20 19:46:38.015  1811  1811 I AndroidRuntime: VM exiting with result code 0, cleanup skipped.
02-20 19:46:38.028  1759  1871 E ActivityThread: Failed to find provider info for user_dictionary
02-20 19:46:38.037  1373  1373 I MediaPlayerService: MediaPlayerService::getOMX
02-20 19:46:38.037  1373  1373 I OMXClient: MuxOMX ctor
02-20 19:46:38.037  1370  1370 I OMXMaster: makeComponentInstance(OMX.google.raw.decoder) in mediacodec process
02-20 19:46:38.044  1665  1730 D VoldConnector: RCV <- {651 public:253,64 2}
02-20 19:46:38.045  1665  1730 D VoldConnector: RCV <- {200 6 Command succeeded}
02-20 19:46:38.046  1373  1373 I MediaPlayerService: MediaPlayerService::getOMX
02-20 19:46:38.046  1373  1373 I OMXClient: MuxOMX ctor
02-20 19:46:38.046  1370  1400 I OMXMaster: makeComponentInstance(OMX.google.aac.encoder) in mediacodec process
02-20 19:46:38.048  1665  1729 E VoldConnector: NDC Command {6 volume mount public:253,64 2 0} took too long (510ms)
02-20 19:46:38.055  1373  1373 I MediaPlayerService: MediaPlayerService::getOMX
02-20 19:46:38.055  1373  1373 I OMXClient: MuxOMX ctor
02-20 19:46:38.055  1370  1829 I OMXMaster: makeComponentInstance(OMX.google.amrnb.encoder) in mediacodec process
02-20 19:46:38.057  1765  1886 E WVMExtractor: Failed to open libwvm.so: dlopen failed: library "libwvm.so" not found
02-20 19:46:38.058  1373  1373 I MediaPlayerService: MediaPlayerService::getOMX
02-20 19:46:38.058  1373  1373 I OMXClient: MuxOMX ctor
02-20 19:46:38.058  1370  1370 I OMXMaster: makeComponentInstance(OMX.google.amrwb.encoder) in mediacodec process
02-20 19:46:38.058  1759  1871 I LatinIME:LogUtils: Dictionary info: dictionary = UserHistoryDictionary.en_US ; version = 1519155998 ; date = ?
02-20 19:46:38.066  1373  1373 I MediaPlayerService: MediaPlayerService::getOMX
02-20 19:46:38.066  1373  1373 I OMXClient: MuxOMX ctor
02-20 19:46:38.066  1370  1400 I OMXMaster: makeComponentInstance(OMX.google.flac.encoder) in mediacodec process
02-20 19:46:38.110  1665  1665 D NetworkPolicy: setRestrictBackgroundUL(): false
02-20 19:46:38.110  1665  1665 W NetworkManagement: setDataSaverMode(): already false
02-20 19:46:38.112  1373  1373 I MediaPlayerService: MediaPlayerService::getOMX
02-20 19:46:38.112  1373  1373 I OMXClient: MuxOMX ctor
02-20 19:46:38.112  1370  1400 I OMXMaster: makeComponentInstance(OMX.google.gsm.decoder) in mediacodec process
02-20 19:46:38.116  1759  1871 I LatinIME:LogUtils: Dictionary info: dictionary = main:en ; version = 54 ; date = 1414726273
02-20 19:46:38.125  1665  1693 W WindowManager: Keyguard drawn timeout. Setting mKeyguardDrawComplete
02-20 19:46:38.176  1373  1373 I MediaPlayerService: MediaPlayerService::getOMX
02-20 19:46:38.176  1373  1373 I OMXClient: MuxOMX ctor
02-20 19:46:38.176  1370  1400 I OMXMaster: makeComponentInstance(OMX.google.mpeg4.decoder) in mediacodec process
02-20 19:46:38.218  1370  1370 E OMXNodeInstance: getExtensionIndex(55a000f:google.mpeg4.decoder, OMX.google.android.index.configureVideoTunnelMode) ERROR: UnsupportedIndex(0x8000101a)
02-20 19:46:38.218  1370  1829 W OMXNodeInstance: [55a000f:google.mpeg4.decoder] component does not support metadata mode; using fallback
02-20 19:46:38.219  1373  1373 I MediaPlayerService: MediaPlayerService::getOMX
02-20 19:46:38.219  1373  1373 I OMXClient: MuxOMX ctor
02-20 19:46:38.220  1370  1400 I OMXMaster: makeComponentInstance(OMX.google.h263.decoder) in mediacodec process
02-20 19:46:38.237  1370  1829 E OMXNodeInstance: getExtensionIndex(55a0010:google.h263.decoder, OMX.google.android.index.configureVideoTunnelMode) ERROR: UnsupportedIndex(0x8000101a)
02-20 19:46:38.238  1370  1370 W OMXNodeInstance: [55a0010:google.h263.decoder] component does not support metadata mode; using fallback
02-20 19:46:38.244  1373  1373 I MediaPlayerService: MediaPlayerService::getOMX
02-20 19:46:38.245  1373  1373 I OMXClient: MuxOMX ctor
02-20 19:46:38.245  1370  1400 I OMXMaster: makeComponentInstance(OMX.google.h264.decoder) in mediacodec process
02-20 19:46:38.299  1665  1665 I SystemServiceManager: Starting phase 600
02-20 19:46:38.306  1665  1665 D SensorNotificationService: Cannot obtain dynamic meta sensor, not supported.
02-20 19:46:38.308  1665  1665 D TelephonyRegistry: listen oscl: hasNotifySubscriptionInfoChangedOccurred==false no callback
02-20 19:46:38.316  1665  1665 I GnssLocationProvider: WakeLock acquired by sendMessage(13, 0, null)
02-20 19:46:38.318  1665  1665 W LocationProviderProxy-network: Odd, no component found for service com.android.location.service.v3.NetworkLocationProvider
02-20 19:46:38.320  1665  1665 W GeocoderProxy: Odd, no component found for service com.android.location.service.GeocodeProvider
02-20 19:46:38.322  1665  1665 E FlpHardwareProvider: Error hw_get_module 'flp': -2
02-20 19:46:38.322  1665  1665 D LocationManagerService: FLP HAL not supported
02-20 19:46:38.327  1665  1665 W GeofenceProxy: Odd, no component found for service com.android.location.service.GeofenceProvider
02-20 19:46:38.328  1665  1665 E ActivityRecognitionHardware: Error hw_get_module: -2
02-20 19:46:38.328  1665  1665 D LocationManagerService: Hardware Activity-Recognition not supported.
02-20 19:46:38.328  1665  1665 W ActivityRecognitionProxy: Odd, no component found for service com.android.location.service.ActivityRecognitionProvider
02-20 19:46:38.329  1665  1665 I GnssLocationProvider: WakeLock acquired by sendMessage(2, 1, null)
02-20 19:46:38.331  1765  1765 I vol.Events: writeEvent collection_started
02-20 19:46:38.335  1373  1373 W ACodec  : [OMX.google.h264.decoder] stopping checking profiles after 32: 2/8000
02-20 19:46:38.335  1370  1400 E OMXNodeInstance: getExtensionIndex(55a0011:google.h264.decoder, OMX.google.android.index.configureVideoTunnelMode) ERROR: UnsupportedIndex(0x8000101a)
02-20 19:46:38.335  1370  1370 W OMXNodeInstance: [55a0011:google.h264.decoder] component does not support metadata mode; using fallback
02-20 19:46:38.335  1765  1916 I sysui_action: [213,2]
02-20 19:46:38.335  1765  1916 I vol.Events: writeEvent external_ringer_mode_changed normal
02-20 19:46:38.335  1765  1916 I vol.Events: writeEvent internal_ringer_mode_changed normal
02-20 19:46:38.335  1665  1691 W GnssLocationProvider: Could not open GPS configuration file /etc/gps.conf
02-20 19:46:38.336  1665  1691 E GnssLocationProvider: no AGPS interface in set_agps_server
02-20 19:46:38.336  1665  1665 I CommonTimeManagementService: No common time service detected on this platform.  Common time services will be unavailable.
02-20 19:46:38.337  1665  1726 I InputReader: Reconfiguring input devices.  changes=0x00000020
02-20 19:46:38.337  1665  1665 D TelephonyRegistry: systemRunning register for intents
02-20 19:46:38.338  1665  1665 I MmsServiceBroker: Delay connecting to MmsService until an API is called
02-20 19:46:38.350  1665  1726 I InputReader: Reconfiguring input devices.  changes=0x00000010
02-20 19:46:38.351  1373  1373 I MediaPlayerService: MediaPlayerService::getOMX
02-20 19:46:38.351  1373  1373 I OMXClient: MuxOMX ctor
02-20 19:46:38.352  1370  1829 I OMXMaster: makeComponentInstance(OMX.google.hevc.decoder) in mediacodec process
02-20 19:46:38.368  1665  1691 D TelephonyRegistry: listen oscl: hasNotifySubscriptionInfoChangedOccurred==false no callback
02-20 19:46:38.369  1665  1691 I GnssLocationProvider: WakeLock released by handleMessage(13, 0, null)
02-20 19:46:38.369  1665  1691 E GnssLocationProvider: no AGPS interface in set_agps_server
02-20 19:46:38.370  1665  1691 I GnssLocationProvider: WakeLock released by handleMessage(2, 1, null)
02-20 19:46:38.385  1370  1400 E OMXNodeInstance: getExtensionIndex(55a0012:google.hevc.decoder, OMX.google.android.index.configureVideoTunnelMode) ERROR: UnsupportedIndex(0x8000101a)
02-20 19:46:38.386  1370  1370 W OMXNodeInstance: [55a0012:google.hevc.decoder] component does not support metadata mode; using fallback
02-20 19:46:38.387  1373  1373 I MediaPlayerService: MediaPlayerService::getOMX
02-20 19:46:38.387  1373  1373 I OMXClient: MuxOMX ctor
02-20 19:46:38.387  1370  1829 I OMXMaster: makeComponentInstance(OMX.google.vp8.decoder) in mediacodec process
02-20 19:46:38.389  1665  1665 I am_proc_start: [0,1923,1001,com.android.phone,added application,com.android.phone]
02-20 19:46:38.390  1665  1665 I ActivityManager: Start proc 1923:com.android.phone/1001 for added application com.android.phone
02-20 19:46:38.391  1665  1665 I ActivityManager: START u0 {act=android.intent.action.MAIN cat=[android.intent.category.HOME] flg=0x10000100 cmp=com.android.settings/.FallbackHome} from uid 0 on display 0
02-20 19:46:38.392  1665  1665 W System  : ClassLoader referenced unknown path: 
02-20 19:46:38.392  1665  1665 W System  : ClassLoader referenced unknown path: /system/priv-app/Settings/lib/x86_64
02-20 19:46:38.392  1665  1665 D ApplicationLoaders: ignored Vulkan layer search path /system/priv-app/Settings/lib/x86_64:/system/priv-app/Settings/Settings.apk!/lib/x86_64:/system/lib64:/vendor/lib64 for namespace 0x73f15f89c160
02-20 19:46:38.403  1665  1665 I ActivityManager: Loaded persisted task ids for user 0
02-20 19:46:38.404  1665  1665 I am_create_task: [0,1]
02-20 19:46:38.404  1665  1665 I am_create_activity: [0,85231248,1,com.android.settings/.FallbackHome,android.intent.action.MAIN,NULL,NULL,276824320]
02-20 19:46:38.406  1665  1665 I wm_task_created: [1,0]
02-20 19:46:38.406  1665  1665 I wm_task_moved: [1,1,0]
02-20 19:46:38.406  1665  1665 I wm_task_moved: [1,1,0]
02-20 19:46:38.407  1665  1665 I am_focused_activity: [0,com.android.settings/.FallbackHome,startedActivity]
02-20 19:46:38.415  1923  1923 W art     : Unexpected CPU variant for X86 using defaults: x86_64
02-20 19:46:38.418  1665  1665 I am_proc_start: [0,1928,1000,com.android.settings,activity,com.android.settings/.FallbackHome]
02-20 19:46:38.418  1665  1665 I ActivityManager: Start proc 1928:com.android.settings/1000 for activity com.android.settings/.FallbackHome
02-20 19:46:38.420  1370  1400 E OMXNodeInstance: getExtensionIndex(55a0013:google.vp8.decoder, OMX.google.android.index.configureVideoTunnelMode) ERROR: UnsupportedIndex(0x8000101a)
02-20 19:46:38.420  1370  1370 W OMXNodeInstance: [55a0013:google.vp8.decoder] component does not support metadata mode; using fallback
02-20 19:46:38.421  1373  1373 I MediaPlayerService: MediaPlayerService::getOMX
02-20 19:46:38.421  1373  1373 I OMXClient: MuxOMX ctor
02-20 19:46:38.421  1370  1829 I OMXMaster: makeComponentInstance(OMX.google.vp9.decoder) in mediacodec process
02-20 19:46:38.423  1665  1665 I SystemServer: Enabled StrictMode for system server main thread.
02-20 19:46:38.424  1665  1665 D ConditionProviders.SCP: onConnected
02-20 19:46:38.424  1665  1665 D ZenLog  : set_zen_mode: off,readXml
02-20 19:46:38.425  1665  1665 D ConditionProviders: Subscribing to condition://android/schedule?days=6.7&start=23.30&end=10.0&exitAtAlarm=false with ComponentInfo{android/com.android.server.notification.ScheduleConditionProvider}
02-20 19:46:38.425  1665  1665 D ZenLog  : subscribe: condition://android/schedule?days=6.7&start=23.30&end=10.0&exitAtAlarm=false,ok
02-20 19:46:38.425  1665  1665 D ConditionProviders: Subscribing to condition://android/event?userId=-10000&calendar=&reply=1 with ComponentInfo{android/com.android.server.notification.EventConditionProvider}
02-20 19:46:38.425  1665  1665 D ZenLog  : subscribe: condition://android/event?userId=-10000&calendar=&reply=1,ok
02-20 19:46:38.425  1665  1665 D ConditionProviders: Subscribing to condition://android/schedule?days=1.2.3.4.5&start=22.0&end=7.0&exitAtAlarm=false with ComponentInfo{android/com.android.server.notification.ScheduleConditionProvider}
02-20 19:46:38.425  1665  1665 D ZenLog  : subscribe: condition://android/schedule?days=1.2.3.4.5&start=22.0&end=7.0&exitAtAlarm=false,ok
02-20 19:46:38.429  1665  1691 W LocationProviderProxy-network: Odd, no component found for service com.android.location.service.v3.NetworkLocationProvider
02-20 19:46:38.429  1665  1691 W GeocoderProxy: Odd, no component found for service com.android.location.service.GeocodeProvider
02-20 19:46:38.429  1665  1691 W GeofenceProxy: Odd, no component found for service com.android.location.service.GeofenceProvider
02-20 19:46:38.429  1665  1691 W ActivityRecognitionProxy: Odd, no component found for service com.android.location.service.ActivityRecognitionProvider
02-20 19:46:38.430  1928  1928 W art     : Unexpected CPU variant for X86 using defaults: x86_64
02-20 19:46:38.452  1665  1740 I WifiScanningService: wifi driver unloaded
02-20 19:46:38.453  1665  1665 D ZenLog  : set_zen_mode: off,cleanUpZenRules
02-20 19:46:38.482  1665  1689 I am_proc_bound: [0,1928,com.android.settings]
02-20 19:46:38.482  1665  1665 D RttService: SCAN_AVAILABLE : 1
02-20 19:46:38.482  1665  1741 D RttService: DefaultState got{ when=0 what=160513 target=com.android.internal.util.StateMachine$SmHandler }
02-20 19:46:38.484  1665  1689 I am_restart_activity: [0,85231248,1,com.android.settings/.FallbackHome]
02-20 19:46:38.503  1665  1665 W System  : ClassLoader referenced unknown path: /system/priv-app/Telecom/lib/x86_64
02-20 19:46:38.504  1665  1665 D ApplicationLoaders: ignored Vulkan layer search path /system/priv-app/Telecom/lib/x86_64:/system/priv-app/Telecom/Telecom.apk!/lib/x86_64:/system/lib64:/vendor/lib64 for namespace 0x73f15f89c1d0
02-20 19:46:38.519  1665  1861 I am_proc_bound: [0,1923,com.android.phone]
02-20 19:46:38.554  1928  1928 W System  : ClassLoader referenced unknown path: /system/priv-app/Settings/lib/x86_64
02-20 19:46:38.565  1370  1400 E OMXNodeInstance: getExtensionIndex(55a0014:google.vp9.decoder, OMX.google.android.index.configureVideoTunnelMode) ERROR: UnsupportedIndex(0x8000101a)
02-20 19:46:38.565  1370  1370 W OMXNodeInstance: [55a0014:google.vp9.decoder] component does not support metadata mode; using fallback
02-20 19:46:38.574  1373  1373 I MediaPlayerService: MediaPlayerService::getOMX
02-20 19:46:38.575  1373  1373 I OMXClient: MuxOMX ctor
02-20 19:46:38.575  1370  1400 I OMXMaster: makeComponentInstance(OMX.google.h263.encoder) in mediacodec process
02-20 19:46:38.593  1923  1923 W System  : ClassLoader referenced unknown path: /system/priv-app/TeleService/lib/x86_64
02-20 19:46:38.639  1665  1738 D WifiConfigManager: Loading config and enabling all networks 
02-20 19:46:38.640  1370  1400 I SoftMPEG4Encoder: Construct SoftMPEG4Encoder
02-20 19:46:38.643  1665  1665 E BluetoothAdapter: Bluetooth binder is null
02-20 19:46:38.645  1373  1373 W ACodec  : do not know color format 0x7f000789 = 2130708361
02-20 19:46:38.645  1370  1370 E OMXNodeInstance: getConfig(55a0015:google.h263.encoder, ConfigAndroidIntraRefresh(0x6f60000a)) ERROR: Undefined(0x80001001)
02-20 19:46:38.652  1665  1665 I Telecom : SystemStateProvider: Registering car mode receiver: android.content.IntentFilter@b3d9133: TS.init@AAA
02-20 19:46:38.655  1923  1923 W System  : ClassLoader referenced unknown path: /system/priv-app/TelephonyProvider/lib/x86_64
02-20 19:46:38.655  1923  1923 D ApplicationLoaders: ignored Vulkan layer search path /system/priv-app/TelephonyProvider/lib/x86_64:/system/lib64:/vendor/lib64 for namespace 0x73f15f8310f0
02-20 19:46:38.663  1665  1738 W WifiNetworkHistory: Upgrading network 0 to android.uid.system:1000
02-20 19:46:38.663  1665  1738 D WifiConfigManager: loaded 0 passpoint configs
02-20 19:46:38.664  1373  1373 I MediaPlayerService: MediaPlayerService::getOMX
02-20 19:46:38.664  1665  1738 E IpConfigStore: Error parsing configuration: java.io.FileNotFoundException: /data/misc/wifi/ipconfig.txt (No such file or directory)
02-20 19:46:38.665  1373  1373 I OMXClient: MuxOMX ctor
02-20 19:46:38.665  1370  1370 I OMXMaster: makeComponentInstance(OMX.google.h264.encoder) in mediacodec process
02-20 19:46:38.671  1665  1738 D WifiNative-HAL: Setting external_sim to 1
02-20 19:46:38.672  1665  1738 D WifiStateMachine: Setting OUI to DA-A1-19
02-20 19:46:38.677  1665  1738 I WifiConnectivityManager: PNO settings: min5GHzRssi -82 min24GHzRssi -85 currentConnectionBonus 16 sameNetworkBonus 24 secureNetworkBonus 80 initialScoreMax 100
02-20 19:46:38.684  1665  1738 I WifiConnectivityManager: ConnectivityScanManager initialized and disabled
02-20 19:46:38.684  1665  1738 I WifiConnectivityManager: setUntrustedConnectionAllowed: allowed=false
02-20 19:46:38.684  1665  1738 E WifiLogger: no ring buffers found
02-20 19:46:38.684  1665  1738 E WifiLogger: Failed to start packet fate monitoring
02-20 19:46:38.708  1665  1972 I Telecom : Telecom: Non-call EVENT: AUDIO_ROUTE, Entering state QuiescentEarpieceRoute
02-20 19:46:38.708  1928  1928 I am_on_resume_called: [0,com.android.settings.FallbackHome,LAUNCH_ACTIVITY]
02-20 19:46:38.713  1665  1973 I Telecom : CallAudioModeStateMachine: Message received: null.: TS.init->CAMSM.pM_1@AAA_0
02-20 19:46:38.724  1665  1738 I WifiConnectivityManager: Set WiFi enabled
02-20 19:46:38.725  1665  1738 I WifiConnectivityManager: scheduleWatchdogTimer
02-20 19:46:38.725  1665  1738 D WifiNative-HAL: Failing getSupportedFeatureset because HAL isn't started
02-20 19:46:38.725  1313  1758 E SurfaceFlinger: ro.sf.lcd_density must be defined as a build property
02-20 19:46:38.726  1665  1695 E BatteryStatsService: no controller energy info supplied
02-20 19:46:38.726  1665  1695 E KernelCpuSpeedReader: Failed to read cpu-freq: /sys/devices/system/cpu/cpu0/cpufreq/stats/time_in_state (No such file or directory)
02-20 19:46:38.726  1665  1695 E KernelUidCpuTimeReader: Failed to read uid_cputime: /proc/uid_cputime/show_uid_stat (No such file or directory)
02-20 19:46:38.728  1665  1738 D WifiNative-HAL: Failing getSupportedFeatureset because HAL isn't started
02-20 19:46:38.728  1665  1695 E BatteryStatsService: no controller energy info supplied
02-20 19:46:38.729  1665  1695 E KernelCpuSpeedReader: Failed to read cpu-freq: /sys/devices/system/cpu/cpu0/cpufreq/stats/time_in_state (No such file or directory)
02-20 19:46:38.729  1665  1695 E KernelUidCpuTimeReader: Failed to read uid_cputime: /proc/uid_cputime/show_uid_stat (No such file or directory)
02-20 19:46:38.732  1373  1373 W ACodec  : do not know color format 0x7f000789 = 2130708361
02-20 19:46:38.737  1928  1928 D         : HostConnection::get() New Host Connection established 0x73f150df5e20, tid 1928
02-20 19:46:38.739  1373  1373 I MediaPlayerService: MediaPlayerService::getOMX
02-20 19:46:38.739  1373  1373 I OMXClient: MuxOMX ctor
02-20 19:46:38.739  1665  1976 E ActivityThread: Failed to find provider info for call_log
02-20 19:46:38.739  1370  1964 I OMXMaster: makeComponentInstance(OMX.google.mpeg4.encoder) in mediacodec process
02-20 19:46:38.739  1665  1689 I stream_devices_changed: [0,0,2]
02-20 19:46:38.740  1665  1689 I stream_devices_changed: [2,0,2]
02-20 19:46:38.740  1665  1665 E BluetoothAdapter: Bluetooth binder is null
02-20 19:46:38.740  1665  1689 I stream_devices_changed: [3,0,2]
02-20 19:46:38.744  1665  1689 I stream_devices_changed: [6,0,2]
02-20 19:46:38.749  1665  1689 I stream_devices_changed: [4,0,2]
02-20 19:46:38.750  1765  1916 I vol.Events: writeEvent level_changed STREAM_ALARM 6
02-20 19:46:38.750  1765  1916 I vol.Events: writeEvent level_changed STREAM_BLUETOOTH_SCO 7
02-20 19:46:38.752  1665  1665 I Telecom : Class: TelecomSystem.INSTANCE being set
02-20 19:46:38.752  1665  1665 E BluetoothAdapter: Bluetooth binder is null
02-20 19:46:38.753  1765  1916 I vol.Events: writeEvent level_changed STREAM_MUSIC 11
02-20 19:46:38.753  1665  1665 W ContextImpl: Calling a method in the system process without a qualified user: android.app.ContextImpl.startService:1357 com.android.server.content.SyncManager$13.run:658 android.os.Handler.handleCallback:751 android.os.Handler.dispatchMessage:95 android.os.Looper.loop:154 
02-20 19:46:38.754  1765  1916 I vol.Events: writeEvent level_changed STREAM_RING 5
02-20 19:46:38.754  1765  1916 I vol.Events: writeEvent level_changed STREAM_SYSTEM 5
02-20 19:46:38.755  1765  1916 I vol.Events: writeEvent level_changed STREAM_VOICE_CALL 4
02-20 19:46:38.756  1923  1923 D TelephonyProvider: dbh.onOpen: ok, queried table=siminfo
02-20 19:46:38.756  1923  1923 D TelephonyProvider: dbh.onOpen: ok, queried table=carriers
02-20 19:46:38.779  1313  1356 D         : HostConnection::get() New Host Connection established 0x7f221782fbe0, tid 1356
02-20 19:46:38.780  1928  1974 D         : HostConnection::get() New Host Connection established 0x73f153612840, tid 1974
02-20 19:46:38.781  1928  1974 I OpenGLRenderer: Initialized EGL, version 1.4
02-20 19:46:38.781  1928  1974 D OpenGLRenderer: Swap behavior 1
02-20 19:46:38.804  1928  1974 D EGL_emulation: eglCreateContext: 0x73f153664aa0: maj 3 min 0 rcv 3
02-20 19:46:38.821  1370  1964 I SoftMPEG4Encoder: Construct SoftMPEG4Encoder
02-20 19:46:38.823  1373  1373 W ACodec  : do not know color format 0x7f000789 = 2130708361
02-20 19:46:38.823  1370  1370 E OMXNodeInstance: getConfig(55a0017:google.mpeg4.encoder, ConfigAndroidIntraRefresh(0x6f60000a)) ERROR: Undefined(0x80001001)
02-20 19:46:38.824  1373  1373 I MediaPlayerService: MediaPlayerService::getOMX
02-20 19:46:38.824  1373  1373 I OMXClient: MuxOMX ctor
02-20 19:46:38.824  1370  1829 I OMXMaster: makeComponentInstance(OMX.google.vp8.encoder) in mediacodec process
02-20 19:46:38.826  1923  1923 D TDC     : updateOrInsert: inserting: Modem { uuid=modem, state=0, rilModel=0, rat={}, maxActiveVoiceCall=1, maxActiveDataCall=1, maxStandby=1 }
02-20 19:46:38.826  1923  1923 D TDC     : updateOrInsert: inserting: Sim { uuid=sim, modemUuid=modem, state=0 }
02-20 19:46:38.826  1665  1665 W System  : ClassLoader referenced unknown path: /system/priv-app/FusedLocation/lib/x86_64
02-20 19:46:38.827  1665  1665 D ApplicationLoaders: ignored Vulkan layer search path /system/priv-app/FusedLocation/lib/x86_64:/system/priv-app/FusedLocation/FusedLocation.apk!/lib/x86_64:/system/lib64:/vendor/lib64 for namespace 0x73f15f89c240
02-20 19:46:38.834  1665  1665 D GpsNetInitiatedHandler: location enabled :true
02-20 19:46:38.834  1665  1665 V WiredAccessoryManager: notifyWiredAccessoryChanged: when=0 bits= mask=54
02-20 19:46:38.834  1665  1665 V WiredAccessoryManager: newName=h2w newState=0 headsetState=0 prev headsetState=0
02-20 19:46:38.834  1665  1665 E WiredAccessoryManager: No state change.
02-20 19:46:38.834  1665  1665 V WiredAccessoryManager: init()
02-20 19:46:38.848  1313  1323 E SurfaceFlinger: ro.sf.lcd_density must be defined as a build property
02-20 19:46:38.849  1923  1923 D CdmaSSM : subscriptionSource from settings: 0
02-20 19:46:38.849  1923  1923 I PhoneFactory: Cdma Subscription set to 0
02-20 19:46:38.852  1765  1765 D         : HostConnection::get() New Host Connection established 0x73f150d6c720, tid 1765
02-20 19:46:38.880  1923  1923 I PhoneFactory: Network Mode set to 0
02-20 19:46:38.893  1928  1974 D EGL_emulation: eglMakeCurrent: 0x73f153664aa0: ver 3 0 (tinfo 0x73f15360caa0)
02-20 19:46:38.896  1923  1923 D RILJ    : RIL(context, preferredNetworkType=0 cdmaSubscription=0)
02-20 19:46:38.897  1373  1373 W ACodec  : do not know color format 0x7f000789 = 2130708361
02-20 19:46:38.897  1370  1370 E OMXNodeInstance: getConfig(55a0018:google.vp8.encoder, ConfigAndroidIntraRefresh(0x6f60000a)) ERROR: Undefined(0x80001001)
02-20 19:46:38.898  1373  1373 I MediaPlayerService: MediaPlayerService::getOMX
02-20 19:46:38.898  1373  1373 I OMXClient: MuxOMX ctor
02-20 19:46:38.992     0     0 D ieee80211 phy1: mac80211_hwsim_configure_filter
02-20 19:46:38.901  1373  1373 I MediaPlayerService: MediaPlayerService::getOMX
02-20 19:46:38.901  1373  1373 I OMXClient: MuxOMX ctor
02-20 19:46:38.901  1373  1373 W MediaCodecList: unable to open media codecs configuration xml file: /data/misc/media/media_codecs_profiling_results.xml
02-20 19:46:38.901  1373  1412 I MediaPlayerService: MediaPlayerService::getOMX
02-20 19:46:38.902  1765  1895 I OMXClient: MuxOMX ctor
02-20 19:46:38.902  1373  1830 I MediaPlayerService: MediaPlayerService::getOMX
02-20 19:46:38.903  1370  1370 I OMXMaster: makeComponentInstance(OMX.google.vorbis.decoder) in mediacodec process
02-20 19:46:38.903  1665  1804 I OMXClient: MuxOMX ctor
02-20 19:46:38.922  1923  1923 D RILJ    : Starting RILReceiver0 [SUB0]
02-20 19:46:38.930  1765  1765 D StorageNotification: Notifying about private volume: VolumeInfo{private}:
02-20 19:46:38.930  1765  1765 D StorageNotification:     type=PRIVATE diskId=null partGuid=null mountFlags=0 mountUserId=-1 
02-20 19:46:38.930  1765  1765 D StorageNotification:     state=MOUNTED 
02-20 19:46:38.930  1765  1765 D StorageNotification:     fsType=null fsUuid=null fsLabel=null 
02-20 19:46:38.930  1765  1765 D StorageNotification:     path=/data internalPath=null 
02-20 19:46:38.942  1923  1923 D RILJ    : [3648]> GET_HARDWARE_CONFIG [SUB0]
02-20 19:46:38.942  1923  1923 D RilRequest: [3648]< GET_HARDWARE_CONFIG error: com.android.internal.telephony.CommandException: RADIO_NOT_AVAILABLE ret=
02-20 19:46:38.942  1923  1923 I PhoneFactory: Creating SubscriptionController
02-20 19:46:38.942  1375  1470 I RILC    : libril: new connection to RIL_SOCKET_1
02-20 19:46:38.942  1375  1470 I RILC    : RIL Daemon version: android reference-ril 1.0
02-20 19:46:38.943  1923  2002 I RILJ    : (0) Connected to 'rild' socket
02-20 19:46:38.944  1665  1665 W VibratorService: Tried to stop vibrating but there is no vibrator device.
02-20 19:46:38.945  1923  1923 D SubscriptionController: [SubscriptionController] init by Context
02-20 19:46:38.946  1923  2002 D RILJ    : [UNSL]< UNSOL_RIL_CONNECTED {12} [SUB0]
02-20 19:46:38.946  1923  2002 D RILJ    : [3649]> RADIO_POWER off [SUB0]
02-20 19:46:38.946  1665  1665 D ConditionProviders.SCP: onSubscribe condition://android/schedule?days=6.7&start=23.30&end=10.0&exitAtAlarm=false
02-20 19:46:38.958  1765  1765 D StorageNotification: Notifying about public volume: VolumeInfo{public:253,64}:
02-20 19:46:38.958  1765  1765 D StorageNotification:     type=PUBLIC diskId=disk:253,64 partGuid=null mountFlags=VISIBLE 
02-20 19:46:38.958  1765  1765 D StorageNotification:     mountUserId=0 state=MOUNTED 
02-20 19:46:38.958  1765  1765 D StorageNotification:     fsType=vfat fsUuid=1E12-0B12 fsLabel=SDCARD 
02-20 19:46:38.958  1765  1765 D StorageNotification:     path=/storage/1E12-0B12 internalPath=/mnt/media_rw/1E12-0B12 
02-20 19:46:38.960  1375  1470 D RIL     : onRequest: RADIO_POWER
02-20 19:46:38.960  1923  2002 D RILJ    : [3650]> RIL_REQUEST_CDMA_SET_SUBSCRIPTION_SOURCE : 0 [SUB0]
02-20 19:46:38.960  1375  1470 D RIL     : onRequest: CDMA_SET_SUBSCRIPTION_SOURCE
02-20 19:46:38.960  1923  2002 D RILJ    : setCellInfoListRate: 2147483647 [SUB0]
02-20 19:46:38.960  1923  2002 D RILJ    : [3651]> RIL_REQUEST_SET_CELL_INFO_LIST_RATE [SUB0]
02-20 19:46:38.960  1375  1470 D RIL     : onRequest: SET_UNSOL_CELL_INFO_LIST_RATE
02-20 19:46:38.960  1923  2002 D RILJ    : [UNSL]< UNSOL_RESPONSE_RADIO_STATE_CHANGED RADIO_OFF [SUB0]
02-20 19:46:38.960  1923  2002 D RILJ    : [3652]> SCREEN_STATE: true [SUB0]
02-20 19:46:38.961  1375  1470 D RIL     : onRequest: SCREEN_STATE
02-20 19:46:38.961  1923  2002 D RILJ    : [UNSL]< UNSOL_NITZ_TIME_RECEIVED 18/02/20:19:46:32+0:0:Unknown!Unknown [SUB0]
02-20 19:46:38.962  1923  2002 D RILJ    : [3649]< RADIO_POWER  [SUB0]
02-20 19:46:38.962  1923  2002 D RilRequest: [3650]< RIL_REQUEST_CDMA_SET_SUBSCRIPTION_SOURCE error: com.android.internal.telephony.CommandException: RADIO_NOT_AVAILABLE ret=
02-20 19:46:38.963  1923  2002 D RilRequest: [3651]< RIL_REQUEST_SET_CELL_INFO_LIST_RATE error: com.android.internal.telephony.CommandException: RADIO_NOT_AVAILABLE ret=
02-20 19:46:38.964  1923  2002 D RilRequest: [3652]< SCREEN_STATE error: com.android.internal.telephony.CommandException: RADIO_NOT_AVAILABLE ret=
02-20 19:46:38.967  1665  1665 D ConditionProviders.SCP: setRegistered true
02-20 19:46:38.968  1928  1974 D EGL_emulation: eglMakeCurrent: 0x73f153664aa0: ver 3 0 (tinfo 0x73f15360caa0)
02-20 19:46:38.974  1665  1665 D ConditionProviders.SCP: notifyCondition condition://android/schedule?days=6.7&start=23.30&end=10.0&exitAtAlarm=false STATE_FALSE reason=!meetsSchedule
02-20 19:46:38.976  1665  1665 D ConditionProviders.SCP: Scheduling evaluate for Tue Feb 20 23:30:00 GMT+00:00 2018 (1519169400000), in +3h43m21s33ms, now=Tue Feb 20 19:46:38 GMT+00:00 2018 (1519155998967)
02-20 19:46:38.977  1665  1665 D ConditionProviders.SCP: onSubscribe condition://android/schedule?days=1.2.3.4.5&start=22.0&end=7.0&exitAtAlarm=false
02-20 19:46:38.977  1665  1665 D ConditionProviders.SCP: notifyCondition condition://android/schedule?days=6.7&start=23.30&end=10.0&exitAtAlarm=false STATE_FALSE reason=!meetsSchedule
02-20 19:46:38.977  1665  1665 D ConditionProviders.SCP: notifyCondition condition://android/schedule?days=1.2.3.4.5&start=22.0&end=7.0&exitAtAlarm=false STATE_FALSE reason=!meetsSchedule
02-20 19:46:38.977  1665  1665 D ConditionProviders.SCP: Scheduling evaluate for Tue Feb 20 22:00:00 GMT+00:00 2018 (1519164000000), in +2h13m21s23ms, now=Tue Feb 20 19:46:38 GMT+00:00 2018 (1519155998977)
02-20 19:46:38.978  1665  1665 I Telecom : WiredHeadsetManager: ACTION_HEADSET_PLUG event, plugged in: false, : WHC.oADA@AAE
02-20 19:46:39.008  1370  1964 I OMXMaster: makeComponentInstance(OMX.google.vorbis.decoder) in mediacodec process
02-20 19:46:39.017  1923  1923 D UiccController: Creating UiccController
02-20 19:46:39.017  1665  1665 I ActivityManager: user 0 is still locked. Cannot load recents
02-20 19:46:39.018  1665  1665 D RttService: SCAN_AVAILABLE : 3
02-20 19:46:39.019  1923  1923 D TelephonyTester: register for intent action=com.android.internal.telephony.action_detached
02-20 19:46:39.019  1923  1923 D TelephonyTester: register for intent action=com.android.internal.telephony.action_attached
02-20 19:46:39.021  1665  1741 D RttService: DefaultState got{ when=-3ms what=160512 target=com.android.internal.util.StateMachine$SmHandler }
02-20 19:46:39.025  1665  1740 I WifiScanningService: wifi driver loaded with scan capabilities: max buckets=16
02-20 19:46:39.029  1665  1665 D TelephonyRegistry: notifyCellLocationForSubscriber: subId=0 cellLocation=Bundle[{}]
02-20 19:46:39.030  1923  1957 D SubscriptionController: [getPhoneId]- no sims, returning default phoneId=2147483647
02-20 19:46:39.030  1665  1665 I notification_enqueue: [10028,1765,com.android.systemui,1397773634,public:253,64,-1,Notification(pri=0 contentView=null vibrate=null sound=null defaults=0x0 flags=0x100 color=0xff607d8b category=sys actions=2 vis=PUBLIC),0]
02-20 19:46:39.048  1665  1692 I boot_progress_enable_screen: 12048
02-20 19:46:39.048  1665  1699 I am_activity_launch_time: [0,85231248,com.android.settings/.FallbackHome,641,641]
02-20 19:46:39.048  1665  1699 I ActivityManager: Displayed com.android.settings/.FallbackHome: +641ms
02-20 19:46:39.049  1665  1692 V KeyguardServiceDelegate: *** Keyguard started
02-20 19:46:39.049  1665  1692 I screen_toggled: 1
02-20 19:46:39.052  1665  1692 W KeyguardServiceDelegate: onScreenTurningOn(): no keyguard service!
02-20 19:46:39.071  1923  1923 D Phone   : mDoesRilSendMultipleCallRing=true
02-20 19:46:39.071  1923  1923 D Phone   : mCallRingDelay=3000
02-20 19:46:39.074  1923  1923 D RILJ    : [3653]> RIL_REQUEST_START_LCE [SUB0]
02-20 19:46:39.075  1375  1470 D RIL     : onRequest: <unknown request>
02-20 19:46:39.075  1923  2002 D RilRequest: [3653]< RIL_REQUEST_START_LCE error: com.android.internal.telephony.CommandException: RADIO_NOT_AVAILABLE ret=
02-20 19:46:39.078  1665  1734 I netstats_mobile_sample: [0,0,0,0,0,0,0,0,0,0,0,0,-1]
02-20 19:46:39.078  1665  1734 I netstats_wifi_sample: [0,0,0,0,0,0,0,0,0,0,0,0,-1]
02-20 19:46:39.092  1923  1923 E RIL_ImsSms: getFormat should never be called from here!
02-20 19:46:39.092  1923  1923 D SMSDispatcher: SMSDispatcher: ctor mSmsCapable=true format=unknown mSmsSendDisabled=false
02-20 19:46:39.092  1923  1923 D RIL_ImsSms: ImsSMSDispatcher created
02-20 19:46:39.093  1923  1923 D SMSDispatcher: SMSDispatcher: ctor mSmsCapable=true format=3gpp2 mSmsSendDisabled=false
02-20 19:46:39.093  1923  1923 D CdmaSMSDispatcher: CdmaSMSDispatcher created
02-20 19:46:39.109  1373  1830 I MediaPlayerService: MediaPlayerService::getOMX
02-20 19:46:39.110  1765  2013 I OMXClient: MuxOMX ctor
02-20 19:46:39.113  1370  1370 I OMXMaster: makeComponentInstance(OMX.google.vorbis.decoder) in mediacodec process
02-20 19:46:39.158  1373  1373 I MediaPlayerService: MediaPlayerService::getOMX
02-20 19:46:39.159  1665  2014 I OMXClient: MuxOMX ctor
02-20 19:46:39.171  1370  1829 I OMXMaster: makeComponentInstance(OMX.google.vorbis.decoder) in mediacodec process
02-20 19:46:39.179  1923  1923 D GsmInboundSmsHandler: created InboundSmsHandler
02-20 19:46:39.190  1923  1923 D CdmaInboundSmsHandler: created InboundSmsHandler
02-20 19:46:39.192  1923  1923 D SMSDispatcher: SMSDispatcher: ctor mSmsCapable=true format=3gpp mSmsSendDisabled=false
02-20 19:46:39.192  1923  1923 D GsmSMSDispatcher: GsmSMSDispatcher created
02-20 19:46:39.192  1923  2016 D GsmInboundSmsHandler: StartupState.processMessage:6
02-20 19:46:39.192  1923  2016 D GsmInboundSmsHandler: entering Idle state
