02-20 19:46:41.156  2154  2154 V Launcher: LauncherAppState inited
02-20 19:46:41.158  2100  2100 I LoadedApk: No resource references to update in package FFFFFFFFFFFFFFFFFFFFFF
02-20 19:46:41.165  2195  2195 W System  : ClassLoader referenced unknown path: /system/priv-app/CalendarProvider/lib/x86_64
02-20 19:46:41.201  1923  1923 D CarrierConfigLoader: mHandler: 12 phoneId: 0
02-20 19:46:41.205  1923  1923 D RILJ    : [3671]> RIL_REQUEST_QUERY_TTY_MODE [SUB0]
02-20 19:46:41.209  1923  1923 D WAP PUSH: Received broadcast android.intent.action.USER_UNLOCKED
02-20 19:46:41.209  1375  1470 D RIL     : onRequest: QUERY_TTY_MODE
02-20 19:46:41.209  1375  1470 D RIL     : Request not supported. Tech: 1
02-20 19:46:41.209  1923  2002 D RilRequest: [3671]< RIL_REQUEST_QUERY_TTY_MODE error: com.android.internal.telephony.CommandException: REQUEST_NOT_SUPPORTED ret=
02-20 19:46:41.224  1923  1923 D WAP PUSH: Received broadcast android.intent.action.USER_UNLOCKED
02-20 19:46:41.224  1923  1923 D SmsBroadcastUndelivered: Received broadcast android.intent.action.USER_UNLOCKED
02-20 19:46:41.225  1923  1923 D SubscriptionInfoUpdater: [Receiver]+
02-20 19:46:41.225  1923  1923 D SubscriptionInfoUpdater: Action: android.intent.action.USER_UNLOCKED
02-20 19:46:41.225  1923  1923 D SubscriptionInfoUpdater: Broadcasting intent ACTION_SIM_STATE_CHANGED for mCardIndex: 0
02-20 19:46:41.225  1923  2214 D SmsBroadcastUndelivered: scanning raw table for undelivered messages
02-20 19:46:41.236  1923  1923 D SubscriptionInfoUpdater: [Receiver]-
02-20 19:46:41.237  1923  1923 D CarrierSvcBindHelper: Received android.intent.action.USER_UNLOCKED
02-20 19:46:41.238  1923  1923 E PhoneInterfaceManager: [PhoneIntfMgr] getCarrierPackageNamesForIntent: No UICC
02-20 19:46:41.238  1923  1923 D CarrierSvcBindHelper: No carrier app for: 0
02-20 19:46:41.238  1923  1923 D UiccController: Received EVENT_GET_ICC_STATUS_DONE
02-20 19:46:41.238  1923  1923 D UiccCard: 2 applications
02-20 19:46:41.238  1923  1923 D UiccCardApplication: Creating UiccApp: {APPTYPE_SIM,APPSTATE_DETECTED}
02-20 19:46:41.240  1923  2212 E WAP PUSH: bindService() for wappush manager failed
02-20 19:46:41.240  1923  2213 E WAP PUSH: bindService() for wappush manager failed
02-20 19:46:41.246  1923  1923 W VoiceMailConstants: Can't open /system/etc/voicemail-conf.xml
02-20 19:46:41.246  1665  1738 D WIFI    : Registering NetworkFactory
02-20 19:46:41.246  1665  1738 D WIFI_UT : Registering NetworkFactory
02-20 19:46:41.246  1923  1923 D SpnOverride: No SPN in OEM image = /oem/telephony/spn-conf.xml Load SPN from system image
02-20 19:46:41.247  1665  1742 D ConnectivityService: Got NetworkFactory Messenger for WIFI
02-20 19:46:41.247  1665  1742 D ConnectivityService: Got NetworkFactory Messenger for WIFI_UT
02-20 19:46:41.247  1923  1923 W SpnOverride: Can not open /system/etc/spn-conf.xml
02-20 19:46:41.247  1923  1923 D SIMRecords: [SIMRecords] setting0 mMncLength-1
02-20 19:46:41.247  1923  1923 D SIMRecords: [SIMRecords] SIMRecords: onRadioOffOrNotAvailable set 'gsm.sim.operator.numeric' to operator=null
02-20 19:46:41.247  1923  1923 D SIMRecords: [SIMRecords] update icc_operator_numeric=null
02-20 19:46:41.247  1923  1923 D TelephonyManager: setTelephonyProperty: success phoneId=0 property=gsm.sim.operator.numeric value:  propVal=
02-20 19:46:40.475     0     0 D ieee80211 phy0: mac80211_hwsim_config (freq=0 idle=1 ps=0 smps=auto)
02-20 19:46:40.475     0     0 D ieee80211 phy0: hwsim hw_scan request
02-20 19:46:40.476     0     0 D ieee80211 phy0: hw scan 2412 MHz
02-20 19:46:40.500     0     0 D ieee80211 phy0: hw scan 2417 MHz
02-20 19:46:41.247  1665  1738 I WifiConnectivityManager: Set WiFiConnectivityManager enabled
02-20 19:46:41.255  1923  1923 D TelephonyManager: setTelephonyProperty: success phoneId=0 property=gsm.sim.operator.alpha value:  propVal=
02-20 19:46:41.256  1923  1923 D TelephonyManager: setTelephonyProperty: success phoneId=0 property=gsm.sim.operator.iso-country value:  propVal=
02-20 19:46:41.256  1923  1923 D SIMRecords: [SIMRecords] getOperatorNumeric: IMSI == null
02-20 19:46:41.256  1923  1923 D SIMRecords: [SIMRecords] SIMRecords X ctor this=SimRecords: mDestroyed=false mContext=com.android.phone.PhoneGlobals@47ae14b mCi=com.android.internal.telephony.RIL@e7b7598 mFh=Handler (com.android.internal.telephony.uicc.SIMFileHandler) {3f8f728} mParentApp=com.android.internal.telephony.uicc.UiccCardApplication@d3f9c41 recordsLoadedRegistrants=android.os.RegistrantList@f785e6 mImsiReadyRegistrants=android.os.RegistrantList@a144727 mRecordsEventsRegistrants=android.os.RegistrantList@77a5dd4 mNewSmsRegistrants=android.os.RegistrantList@da8bb7d mNetworkSelectionModeAutomaticRegistrants=android.os.RegistrantList@9a61a72 recordsToLoad=0 adnCache=Handler (com.android.internal.telephony.uicc.AdnRecordCache) {df42ec3} recordsRequested=false iccid=null msisdnTag=null voiceMailNum=null voiceMailTag=null voiceMailNum=null newVoiceMailTag=null isVoiceMailFixed=false mImsi=null mncLength=-1 mailboxIndex=0 spn=null mVmConfigcom.android.internal.telephony.uicc.VoiceMailConstants@5098340 mSpnOverride=mSpnOverride callForwardingEnabled=0 spnState=null mCphsInfo=null mCspPlmnEnabled=true efMWIS=null efCPHS_MWI=null mEfCff=null mEfCfis=null getOperatorNumeric=null
02-20 19:46:41.261  1665  1665 I am_proc_start: [0,2219,10067,com.google.android.deskclock,broadcast,com.google.android.deskclock/com.android.deskclock.AlarmInitReceiver]
02-20 19:46:41.261  1665  1665 I ActivityManager: Start proc 2219:com.google.android.deskclock/u0a67 for broadcast com.google.android.deskclock/com.android.deskclock.AlarmInitReceiver
02-20 19:46:41.261  1665  1738 D WIFI_UT : got request NetworkRequest [ REQUEST id=1, [ Capabilities: INTERNET&NOT_RESTRICTED&TRUSTED&NOT_VPN] ] with score 0
02-20 19:46:41.262  1923  1923 D UiccCardApplication: Creating UiccApp: {APPTYPE_RUIM,APPSTATE_DETECTED}
02-20 19:46:41.262  1923  1923 D RuimRecords: [RuimRecords] setting0 mMncLength-1
02-20 19:46:41.263  1923  1923 D RuimRecords: [RuimRecords] RuimRecords X ctor this=RuimRecords: mDestroyed=false mContext=com.android.phone.PhoneGlobals@47ae14b mCi=com.android.internal.telephony.RIL@e7b7598 mFh=Handler (com.android.internal.telephony.uicc.RuimFileHandler) {c376bbe} mParentApp=com.android.internal.telephony.uicc.UiccCardApplication@960f41f recordsLoadedRegistrants=android.os.RegistrantList@7a3936c mImsiReadyRegistrants=android.os.RegistrantList@918dd35 mRecordsEventsRegistrants=android.os.RegistrantList@efa85ca mNewSmsRegistrants=android.os.RegistrantList@9aab33b mNetworkSelectionModeAutomaticRegistrants=android.os.RegistrantList@aec7a58 recordsToLoad=0 adnCache=Handler (com.android.internal.telephony.uicc.AdnRecordCache) {c0717b1} recordsRequested=false iccid=null msisdnTag=null voiceMailNum=null voiceMailTag=null voiceMailNum=null newVoiceMailTag=null isVoiceMailFixed=false mImsi=null mncLength=-1 mailboxIndex=0 spn=null m_ota_commitedfalse mMyMobileNumber=xxxx mMin2Min1=null mPrlVersion=null mEFpl=null mEFli=null mCsimSpnDisplayCondition=false mMdn=null mMin=null mHomeSystemId=null mHomeNetworkId=null
02-20 19:46:41.263  1923  2214 D SmsBroadcastUndelivered: finished scanning raw table in 38 ms
02-20 19:46:41.266  2195  2195 I CalendarProvider2: Created com.android.providers.calendar.CalendarAlarmManager@d4a8008(com.android.providers.calendar.CalendarProvider2@9eb23a1)
02-20 19:46:41.268  1765  1765 E BluetoothAdapter: Bluetooth binder is null
02-20 19:46:41.277  1765  1765 I CameraManagerGlobal: Connecting to camera service
02-20 19:46:41.279  1366  1366 V EmulatedCamera_Camera: getCameraInfo
02-20 19:46:41.279  1366  1366 V EmulatedCamera_BaseCamera: getCameraInfo
02-20 19:46:41.279  1366  1366 I CameraService: getCameraCharacteristics: Switching to HAL1 shim implementation...
02-20 19:46:41.279  1366  1366 V EmulatedCamera_Camera: getCameraInfo
02-20 19:46:41.279  1366  1366 V EmulatedCamera_BaseCamera: getCameraInfo
02-20 19:46:41.279  1366  1366 I CameraService: CameraService::connect call (PID -1 "cameraserver", camera ID 0) for HAL version default and Camera API version 1
02-20 19:46:41.279  1366  1366 E CameraService: getCameraPriorityFromProcState: Received invalid process state -1 from ActivityManagerService!
02-20 19:46:41.279  1366  1366 V EmulatedCamera_Camera: getCameraInfo
02-20 19:46:41.279  1366  1366 V EmulatedCamera_BaseCamera: getCameraInfo
02-20 19:46:41.285  1923  1923 D CAT     : CatService: registerForRecordsLoaded slotid=0 instance:Handler (com.android.internal.telephony.cat.CatService) {b560422}
02-20 19:46:41.285  1923  1923 D CAT     : CatService: Running CAT service on Slotid: 0. STK app installed:false
02-20 19:46:41.285  1923  1923 D UiccCard: Before privilege rules: null : CARDSTATE_PRESENT
02-20 19:46:41.285  1923  1923 D RILJ    : [3672]> RIL_REQUEST_SIM_OPEN_CHANNEL [SUB0]
02-20 19:46:41.285  1923  1923 E UiccCard: App index 8 is invalid since there are no applications
02-20 19:46:41.285  1923  1923 D UiccCard: update: radioState=RADIO_ON mLastRadioState=RADIO_UNAVAILABLE
02-20 19:46:41.285  1923  1923 D UiccController: Notifying IccChangedRegistrants
02-20 19:46:41.286  1375  1470 D RIL     : onRequest: SIM_OPEN_CHANNEL
02-20 19:46:41.286  1375  1470 D AT      : AT> AT+CCHO=A00000015141434C00
02-20 19:46:41.286  1375  1473 D AT      : AT< 1
02-20 19:46:41.286  1375  1473 D AT      : AT< OK
02-20 19:46:41.286  1923  2002 D RILJ    : [3672]< RIL_REQUEST_SIM_OPEN_CHANNEL  [SUB0]
02-20 19:46:41.288  1373  2232 E WVMExtractor: Failed to open libwvm.so: dlopen failed: library "libwvm.so" not found
02-20 19:46:41.289  1923  1923 D GsmCdmaPhone: get phone radio capability fail, no need to change mRadioCapability
02-20 19:46:41.289  1923  1923 D GsmCdmaPhone: EVENT_GET_RADIO_CAPABILITY: phone rc: null
02-20 19:46:41.289  1923  1923 D Phone   : config LCE service failed: com.android.internal.telephony.CommandException: RADIO_NOT_AVAILABLE
02-20 19:46:41.289  1923  1923 D SST     : mDeviceShuttingDown=false, mDesiredPowerState=true, getRadioState=RADIO_ON, mPowerOffDelayNeed=true, mAlarmSwitch=false, mRadioDisabledByCarrier=false
02-20 19:46:41.289  1923  1923 D RILJ    : [3673]> OPERATOR [SUB0]
02-20 19:46:41.289  1923  1923 D RILJ    : [3674]> DATA_REGISTRATION_STATE [SUB0]
02-20 19:46:41.289  1375  1470 D RIL     : onRequest: OPERATOR
02-20 19:46:41.289  1375  1470 D AT      : AT> AT+COPS=3,0;+COPS?;+COPS=3,1;+COPS?;+COPS=3,2;+COPS?
02-20 19:46:41.290  1923  1923 D RILJ    : [3675]> VOICE_REGISTRATION_STATE [SUB0]
02-20 19:46:41.290  1375  1473 D AT      : AT< +COPS: 0,0,"Android"
02-20 19:46:41.290  1375  1473 D AT      : AT< +COPS: 0,1,"Android"
02-20 19:46:41.290  1375  1473 D AT      : AT< +COPS: 0,2,"310260"
02-20 19:46:41.290  1375  1473 D AT      : AT< OK
02-20 19:46:41.290  1375  1470 D RIL     : onRequest: DATA_REGISTRATION_STATE
02-20 19:46:41.290  1375  1470 D RIL     : requestRegistrationState
02-20 19:46:41.290  1375  1470 D AT      : AT> AT+CGREG?
02-20 19:46:41.290  1375  1473 D AT      : AT< +CGREG: 1,1,"0003","005b","000e"
02-20 19:46:41.290  1923  2002 D RILJ    : [3673]< OPERATOR {Android, Android, 310260} [SUB0]
02-20 19:46:41.290  1375  1473 D AT      : AT< OK
02-20 19:46:41.290  1375  1470 D RIL     : parseRegistrationState. Parsing: +CGREG: 1,1,"0003","005b","000e"
02-20 19:46:41.290  1375  1470 D RIL     : registration state type: 3GPP
02-20 19:46:41.290  1923  1923 D RILJ    : [3676]> QUERY_NETWORK_SELECTION_MODE [SUB0]
02-20 19:46:41.290  1375  1470 D RIL     : onRequest: VOICE_REGISTRATION_STATE
02-20 19:46:41.290  1375  1470 D RIL     : requestRegistrationState
02-20 19:46:41.290  1375  1470 D AT      : AT> AT+CREG?
02-20 19:46:41.290  1375  1473 D AT      : AT< +CREG: 2,1, "0003", "005b"
02-20 19:46:41.291  1375  1473 D AT      : AT< OK
02-20 19:46:41.291  1923  1923 D RILJ    : [3677]> GET_CURRENT_CALLS [SUB0]
02-20 19:46:41.291  1375  1470 D RIL     : parseRegistrationState. Parsing: +CREG: 2,1, "0003", "005b"
02-20 19:46:41.291  1375  1470 D RIL     : registration state type: 3GPP
02-20 19:46:41.291  1375  1470 D RIL     : onRequest: QUERY_NETWORK_SELECTION_MODE
02-20 19:46:41.291  1375  1470 D AT      : AT> AT+COPS?
02-20 19:46:41.291  1375  1473 D AT      : AT< +COPS: 0,2,310260
02-20 19:46:41.291  1375  1473 D AT      : AT< OK
02-20 19:46:41.291  1923  1923 D RILJ    : [3678]> RIL_REQUEST_IMS_REGISTRATION_STATE [SUB0]
02-20 19:46:41.291  2219  2219 W art     : Unexpected CPU variant for X86 using defaults: x86_64
02-20 19:46:41.291  1375  1470 D RIL     : onRequest: GET_CURRENT_CALLS
02-20 19:46:41.291  1375  1470 D AT      : AT> AT+CLCC
02-20 19:46:41.292  1923  1923 D RILJ    : [3679]> RIL_REQUEST_CDMA_GET_SUBSCRIPTION_SOURCE [SUB0]
02-20 19:46:41.292  1375  1473 D AT      : AT< OK
02-20 19:46:41.292  1375  1470 D RIL     : onRequest: IMS_REGISTRATION_STATE
02-20 19:46:41.292  1375  1470 D RIL     : IMS_REGISTRATION=0, format=1 
02-20 19:46:41.292  1923  1923 D GsmCdmaPhone: [GsmCdmaPhone] Event EVENT_RADIO_ON Received
02-20 19:46:41.292  1923  1923 D RILJ    : [3680]> RIL_REQUEST_VOICE_RADIO_TECH [SUB0]
02-20 19:46:41.292  1923  1923 D UiccController: Received EVENT_ICC_STATUS_CHANGED, calling getIccCardStatus
02-20 19:46:41.292  1375  1470 D RIL     : onRequest: CDMA_GET_SUBSCRIPTION_SOURCE
02-20 19:46:41.292  1375  1470 D RIL     : Request not supported. Tech: 1
02-20 19:46:41.292  1923  1923 D RILJ    : [3681]> GET_SIM_STATUS [SUB0]
02-20 19:46:41.293  1375  1470 D RIL     : onRequest: VOICE_RADIO_TECH
02-20 19:46:41.293  1923  1923 D SST     : EVENT_POLL_STATE_NETWORK_SELECTION_MODE
02-20 19:46:41.293  1923  1923 D SST     : EVENT_POLL_STATE_NETWORK_SELECTION_MODE
02-20 19:46:41.294  1923  1923 D PhoneSwitcher: evaluating due to netRequest default 0->1 phone[0] 0->-2
02-20 19:46:41.294  1923  1923 D TelephonyNetworkFactory[0]: not acting - isApp=false, isAct=false NetworkRequest [ REQUEST id=1, [ Capabilities: INTERNET&NOT_RESTRICTED&TRUSTED&NOT_VPN] ]
02-20 19:46:41.294  1923  1923 D SubscriptionInfoUpdater: [Receiver]+
02-20 19:46:41.294  1923  1923 D SubscriptionInfoUpdater: Action: android.intent.action.SIM_STATE_CHANGED
02-20 19:46:41.294  1923  1923 D SubscriptionInfoUpdater: slotId: 0
02-20 19:46:41.294  1923  1923 D SubscriptionInfoUpdater: simStatus: NOT_READY
02-20 19:46:41.294  1923  1923 D SubscriptionInfoUpdater: Ignoring simStatus: NOT_READY
02-20 19:46:41.294  1923  1923 D SubscriptionInfoUpdater: [Receiver]-
02-20 19:46:41.295  1923  1923 D DCT     : [0]NETWORK_STATE_CHANGED_ACTION: mIsWifiConnected=false
02-20 19:46:41.295  1923  1923 D CAT     : CatService: handleMessage[8]
02-20 19:46:41.295  1923  1923 D CAT     : CatService: MSG_ID_ICC_CHANGED
02-20 19:46:41.295  1923  1923 D CAT     : CatService: New Card State = CARDSTATE_PRESENT Old Card State = CARDSTATE_ABSENT
02-20 19:46:41.295  1373  2231 D NuPlayerDriver: notifyListener_l(0xeda28b40), (1, 0, 0), loop setting(0, 0)
02-20 19:46:41.295  1923  2002 D RILJ    : [3674]< DATA_REGISTRATION_STATE {1, 3, 5b, 14, null, null} [SUB0]
02-20 19:46:41.296  1923  2002 D RILJ    : [3675]< VOICE_REGISTRATION_STATE {1, 3, 5b, 0, null, null, null, null, null, null, null, null, null, null, null} [SUB0]
02-20 19:46:41.296  1923  2002 D RILJ    : [3676]< QUERY_NETWORK_SELECTION_MODE {0} [SUB0]
02-20 19:46:41.296  1923  2002 D RILJ    : [3677]< GET_CURRENT_CALLS {} [SUB0]
02-20 19:46:41.296  1923  2002 D RILJ    : [3678]< RIL_REQUEST_IMS_REGISTRATION_STATE {0, 1} [SUB0]
02-20 19:46:41.296  1923  2002 D RilRequest: [3679]< RIL_REQUEST_CDMA_GET_SUBSCRIPTION_SOURCE error: com.android.internal.telephony.CommandException: REQUEST_NOT_SUPPORTED ret=
02-20 19:46:41.296  1923  2002 D RILJ    : [3680]< RIL_REQUEST_VOICE_RADIO_TECH {11} [SUB0]
02-20 19:46:41.296  1375  1470 D RIL     : onRequest: GET_SIM_STATUS
02-20 19:46:41.296  1375  1470 D RIL     : getSIMStatus(). sState: 10
02-20 19:46:41.296  1375  1470 D AT      : AT> AT+CPIN?
02-20 19:46:41.297  1923  1923 D RILJ    : [3682]> RIL_REQUEST_REPORT_STK_SERVICE_IS_RUNNING [SUB0]
02-20 19:46:41.297  1923  1923 D GsmCdmaPhone: [GsmCdmaPhone] New Uicc application found. type = APPTYPE_SIM
02-20 19:46:41.297  1923  1923 D GsmSMSDispatcher: GsmSMSDispatcher: subId = -2 slotId = 0
02-20 19:46:41.297  1923  1923 D GsmSMSDispatcher: New Uicc application found
02-20 19:46:41.297  1923  1923 D IccCardProxy: Icc changed. Reregestering.
02-20 19:46:41.297  1923  1923 D SST     : New card found
02-20 19:46:41.297  1923  1923 D CAT     : CatService: handleMessage[8]
02-20 19:46:41.297  1923  1923 D CAT     : CatService: MSG_ID_ICC_CHANGED
02-20 19:46:41.297  1923  1923 D CAT     : CatService: New Card State = CARDSTATE_PRESENT Old Card State = CARDSTATE_PRESENT
02-20 19:46:41.297  1923  1923 E SST     : error parsing GprsRegistrationState: java.lang.NumberFormatException: null
02-20 19:46:41.297  1923  1923 D SST     : handlPollStateResultMessage: GsmSST setDataRegState=0 regState=1 dataRadioTechnology=14
02-20 19:46:41.297  1923  1923 D SST     : EVENT_POLL_STATE_NETWORK_SELECTION_MODE
02-20 19:46:41.298  1923  1923 D SST     : Poll ServiceState done:  oldSS=[1 1 voice home data home null null null null null null  Unknown Unknown CSS not supported 0 0 RoamInd=0 DefRoamInd=0 EmergOnly=false IsDataRoamingFromRegistration=false IsUsingCarrierAggregation=false] newSS=[0 0 voice home data home Android Android 310260 Android Android 310260  Unknown LTE CSS not supported 0 0 RoamInd=0 DefRoamInd=0 EmergOnly=false IsDataRoamingFromRegistration=false IsUsingCarrierAggregation=false] oldMaxDataCalls=1 mNewMaxDataCalls=1 oldReasonDataDenied=-1 mNewReasonDataDenied=-1
02-20 19:46:41.298  1923  1923 I gsm_service_state_change: [1,1,0,0]
02-20 19:46:41.298  1923  1923 D TelephonyManager: setTelephonyProperty: success phoneId=0 property=gsm.network.type value: LTE propVal=LTE
02-20 19:46:41.298  1923  1923 D SST     : pollStateDone: registering current mNitzUpdatedTime=true changing to false
02-20 19:46:41.298  1923  1923 D SIMRecords: [SIMRecords] getServiceProviderName: no brandOverride, providerName=null
02-20 19:46:41.298  1923  1923 D SIMRecords: [SIMRecords] getServiceProviderName: no brandOverride, providerName=null
02-20 19:46:41.298  1923  1923 D SST     : updateSpnDisplay: changed sending intent rule=2 showPlmn='true' plmn='Android' showSpn='false' spn='null' dataSpn='null' subId='-2'
02-20 19:46:41.299  1923  1923 D SubscriptionController: [setPlmnSpn] No valid subscription to store info
02-20 19:46:41.299  1923  1923 D SubscriptionController: notifySubscriptionInfoChanged:
02-20 19:46:41.299  1665  1861 D TelephonyRegistry: notifySubscriptionInfoChanged: first invocation mRecords.size=16
02-20 19:46:41.299  1665  1665 I GnssLocationProvider: WakeLock acquired by sendMessage(12, 0, null)
02-20 19:46:41.299  1375  1473 D AT      : AT< +CPIN: READY
02-20 19:46:41.299  1375  1473 D AT      : AT< OK
02-20 19:46:41.299  1375  1470 D RIL     : onRequest: REPORT_STK_SERVICE_IS_RUNNING
02-20 19:46:41.299  1375  1470 D RIL     : Request not supported. Tech: 1
02-20 19:46:41.299  1923  1957 D SubscriptionController: [getActiveSubInfoList] Sub Controller not ready
02-20 19:46:41.300  1923  2002 D RILJ    : [3681]< GET_SIM_STATUS IccCardState {CARDSTATE_PRESENT,PINSTATE_UNKNOWN,num_apps=2,gsm_id=0{APPTYPE_SIM,APPSTATE_READY},cdma_id=1{APPTYPE_RUIM,APPSTATE_READY},ims_id=8} [SUB0]
02-20 19:46:41.300  1923  2002 D RilRequest: [3682]< RIL_REQUEST_REPORT_STK_SERVICE_IS_RUNNING error: com.android.internal.telephony.CommandException: REQUEST_NOT_SUPPORTED ret=
02-20 19:46:41.301  1665  1690 I am_proc_bound: [0,2219,com.google.android.deskclock]
02-20 19:46:41.302  1923  1923 D TelephonyManager: setTelephonyProperty: success phoneId=0 property=gsm.operator.alpha value: Android propVal=Android
02-20 19:46:41.302  1923  1923 D TelephonyManager: setTelephonyProperty: success phoneId=0 property=gsm.operator.numeric value: 310260 propVal=310260
02-20 19:46:41.302  1923  1923 D SST     : update mccmnc=310260 fromServiceState=true
02-20 19:46:41.303  1923  1923 D MccTable: updateMccMncConfiguration mccmnc='310260' fromServiceState=true
02-20 19:46:41.303  1923  1923 D SubscriptionController: [getPhoneId]- no sims, returning default phoneId=2147483647
02-20 19:46:41.304  1923  1923 D MccTable: updateMccMncConfiguration defaultMccMnc=
02-20 19:46:41.304  1923  1923 D MccTable: updateMccMncConfiguration: mcc=310, mnc=260
02-20 19:46:41.304  1923  1923 D MccTable: WIFI_COUNTRY_CODE set to us
02-20 19:46:41.305  1665  1861 I WifiService: WifiService trying to set country code to us with persist set to false
02-20 19:46:41.305  1373  2236 D NuPlayerDriver: notifyListener_l(0xeda28f00), (1, 0, 0), loop setting(0, 0)
02-20 19:46:41.305  1665  1861 D WifiCountryCode: Succeeded to set country code to: US
02-20 19:46:41.305  1923  1923 D TelephonyManager: setTelephonyProperty: success phoneId=0 property=gsm.operator.iso-country value: us propVal=us
02-20 19:46:41.308  1923  1961 D SubscriptionController: [getActiveSubInfoList] Sub Controller not ready
02-20 19:46:41.311  1373  2245 D NuPlayerDriver: notifyListener_l(0xeda28f60), (1, 0, 0), loop setting(0, 0)
02-20 19:46:41.311  1366  1366 I CameraFlashlight: Opening camera 0
02-20 19:46:41.311  1366  1366 V EmulatedCamera_Camera: getCameraInfo
02-20 19:46:41.311  1366  1366 V EmulatedCamera_BaseCamera: getCameraInfo
02-20 19:46:41.311  1366  1366 V EmulatedCamera_Camera: connectCamera
02-20 19:46:41.311  1366  1366 V EmulatedCamera_FakeDevice: connectDevice
02-20 19:46:41.311  1366  1366 V EmulatedCamera_CallbackNotifier: setCallbacks: 0xecc50e80, 0xecc50ed0, 0xecc50ff0, 0xecc51110 (0xec343320)
02-20 19:46:41.311  1366  1366 V EmulatedCamera_CallbackNotifier: enableMessage: msg_type = 0xc0d
02-20 19:46:41.311  1366  1366 V EmulatedCamera_CallbackNotifier:     CAMERA_MSG_ERROR
02-20 19:46:41.311  1366  1366 V EmulatedCamera_CallbackNotifier:     CAMERA_MSG_FOCUS
02-20 19:46:41.311  1366  1366 V EmulatedCamera_CallbackNotifier:     CAMERA_MSG_ZOOM
02-20 19:46:41.311  1366  1366 V EmulatedCamera_CallbackNotifier:     CAMERA_MSG_PREVIEW_METADATA
02-20 19:46:41.311  1366  1366 V EmulatedCamera_CallbackNotifier: **** Currently enabled messages:
02-20 19:46:41.311  1366  1366 V EmulatedCamera_CallbackNotifier:     CAMERA_MSG_ERROR
02-20 19:46:41.311  1366  1366 V EmulatedCamera_CallbackNotifier:     CAMERA_MSG_FOCUS
02-20 19:46:41.311  1366  1366 V EmulatedCamera_CallbackNotifier:     CAMERA_MSG_ZOOM
02-20 19:46:41.311  1366  1366 V EmulatedCamera_CallbackNotifier:     CAMERA_MSG_PREVIEW_METADATA
02-20 19:46:41.312  1366  1366 V EmulatedCamera_CallbackNotifier: disableMessage: msg_type = 0xffff
02-20 19:46:41.312  1366  1366 V EmulatedCamera_CallbackNotifier:     CAMERA_MSG_ERROR
02-20 19:46:41.312  1366  1366 V EmulatedCamera_CallbackNotifier:     CAMERA_MSG_SHUTTER
02-20 19:46:41.312  1366  1366 V EmulatedCamera_CallbackNotifier:     CAMERA_MSG_FOCUS
02-20 19:46:41.312  1366  1366 V EmulatedCamera_CallbackNotifier:     CAMERA_MSG_ZOOM
02-20 19:46:41.312  1366  1366 V EmulatedCamera_CallbackNotifier:     CAMERA_MSG_PREVIEW_FRAME
02-20 19:46:41.312  1366  1366 V EmulatedCamera_CallbackNotifier:     CAMERA_MSG_VIDEO_FRAME
02-20 19:46:41.312  1366  1366 V EmulatedCamera_CallbackNotifier:     CAMERA_MSG_POSTVIEW_FRAME
02-20 19:46:41.312  1366  1366 V EmulatedCamera_CallbackNotifier:     CAMERA_MSG_RAW_IMAGE
02-20 19:46:41.312  1366  1366 V EmulatedCamera_CallbackNotifier:     CAMERA_MSG_COMPRESSED_IMAGE
02-20 19:46:41.312  1366  1366 V EmulatedCamera_CallbackNotifier:     CAMERA_MSG_RAW_IMAGE_NOTIFY
02-20 19:46:41.312  1366  1366 V EmulatedCamera_CallbackNotifier:     CAMERA_MSG_PREVIEW_METADATA
02-20 19:46:41.312  1366  1366 V EmulatedCamera_CallbackNotifier: **** Currently enabled messages:
02-20 19:46:41.312  1366  1366 V EmulatedCamera_Preview: setPreviewWindow: current: 0x0 -> new: 0x0
02-20 19:46:41.312  1366  1366 V EmulatedCamera_Camera: doStopPreview
02-20 19:46:41.312  1366  1366 V EmulatedCamera_Camera: cancelPicture
02-20 19:46:41.312  1366  1366 V EmulatedCamera_Camera: releaseCamera
02-20 19:46:41.312  1366  1366 V EmulatedCamera_Camera: doStopPreview
02-20 19:46:41.312  1366  1366 V EmulatedCamera_FakeDevice: disconnectDevice
02-20 19:46:41.312  1366  1366 W EmulatedCamera_Device: Initialize: Emulated camera device is already initialized: mState = 1
02-20 19:46:41.312  1366  1366 D EmulatedCamera_FakeCamera: Initialize: Fake camera is facing back
02-20 19:46:41.312  1366  1366 V EmulatedCamera_Device: initializeWhiteBalanceModes with auto, 1.000000, 1.000000
02-20 19:46:41.312  1366  1366 V EmulatedCamera_Device: initializeWhiteBalanceModes with incandescent, 1.380000, 0.600000
02-20 19:46:41.312  1366  1366 V EmulatedCamera_Device: initializeWhiteBalanceModes with daylight, 1.090000, 0.920000
02-20 19:46:41.312  1366  1366 V EmulatedCamera_Device: initializeWhiteBalanceModes with twilight, 0.920000, 1.220000
02-20 19:46:41.312  1366  1366 V EmulatedCamera_Device: setWhiteBalanceMode with white balance auto
02-20 19:46:41.312  1366  1366 I CameraFlashlight: Destroying camera 0
02-20 19:46:41.312  1366  1366 V EmulatedCamera_Camera: closeCamera
02-20 19:46:41.312  1366  1366 V EmulatedCamera_Camera: doStopPreview
02-20 19:46:41.312  1366  1366 W EmulatedCamera_Device: Initialize: Emulated camera device is already initialized: mState = 1
02-20 19:46:41.312  1366  1366 D EmulatedCamera_FakeCamera: Initialize: Fake camera is facing back
02-20 19:46:41.312  1366  1366 V EmulatedCamera_Device: initializeWhiteBalanceModes with auto, 1.000000, 1.000000
02-20 19:46:41.312  1366  1366 V EmulatedCamera_Device: initializeWhiteBalanceModes with incandescent, 1.380000, 0.600000
02-20 19:46:41.312  1366  1366 V EmulatedCamera_Device: initializeWhiteBalanceModes with daylight, 1.090000, 0.920000
02-20 19:46:41.312  1366  1366 V EmulatedCamera_Device: initializeWhiteBalanceModes with twilight, 0.920000, 1.220000
02-20 19:46:41.312  1366  1366 V EmulatedCamera_Device: setWhiteBalanceMode with white balance auto
02-20 19:46:41.315  1923  1923 D SST     : pollStateDone: there are 6 unique offsets for iso-cc='us testOneUniqueOffsetPath=false', do nothing
02-20 19:46:41.315  1923  1923 D SST     : shouldFixTimeZoneNow: retVal=true iccCardExist=true operatorNumeric=310260 mcc=310 prevOperatorNumeric= prevMcc=311 needToFixTimeZone=false ltod=02-20 19:46:41.315
02-20 19:46:41.315  1923  1923 D SST     : fixTimeZone zoneName='GMT' mZoneOffset=0 mZoneDst=false iso-cc='us' iso-cc-idx=-21
02-20 19:46:41.315  1923  1923 D SST     : fixTimeZone: using default TimeZone
02-20 19:46:41.315  1923  1923 D SST     : fixTimeZone: zone != null zone.getID=GMT
02-20 19:46:41.315  1923  1923 D SST     : setAndBroadcastNetworkSetTimeZone: setTimeZone=GMT
02-20 19:46:41.316  1665  1790 D AlarmManagerService: Kernel timezone updated to 0 minutes west of GMT
02-20 19:46:41.316  1366  1366 I CameraService: disconnect: Disconnected client for camera 0 for PID 1366
02-20 19:46:41.316  1373  1412 D NuPlayerDriver: reset(0xeda28b40) at state 4
02-20 19:46:41.316  1373  1412 D NuPlayerDriver: notifyListener_l(0xeda28b40), (8, 0, 0), loop setting(0, 0)
02-20 19:46:41.316  1373  2231 D NuPlayerDriver: notifyResetComplete(0xeda28b40)
02-20 19:46:41.317  1373  1830 D NuPlayerDriver: reset(0xeda28f00) at state 4
02-20 19:46:41.317  1373  1830 D NuPlayerDriver: notifyListener_l(0xeda28f00), (8, 0, 0), loop setting(0, 0)
02-20 19:46:41.317  1923  1923 D SST     : setAndBroadcastNetworkSetTimeZone: call alarm.setTimeZone and broadcast zoneId=GMT
02-20 19:46:41.317  1923  1923 D TelephonyManager: setTelephonyProperty: success phoneId=0 property=gsm.operator.isroaming value: false propVal=false
02-20 19:46:41.317  1923  1923 D SST     : Broadcasting ServiceState : 0 0 voice home data home Android Android 310260 Android Android 310260  Unknown LTE CSS not supported 0 0 RoamInd=0 DefRoamInd=0 EmergOnly=false IsDataRoamingFromRegistration=false IsUsingCarrierAggregation=false
02-20 19:46:41.318  1923  1923 D DefaultPhoneNotifier: nofityServiceState: mRegistry=com.android.internal.telephony.ITelephonyRegistry$Stub$Proxy@a780be9 ss=0 0 voice home data home Android Android 310260 Android Android 310260  Unknown LTE CSS not supported 0 0 RoamInd=0 DefRoamInd=0 EmergOnly=false IsDataRoamingFromRegistration=false IsUsingCarrierAggregation=false sender=Handler (com.android.internal.telephony.GsmCdmaPhone) {1e09947} phondId=0 subId=-2
02-20 19:46:41.319  1923  1923 D SubscriptionController: [getSlotId]- subId invalid
02-20 19:46:41.319  1665  2079 D TelephonyManager: getSimState: default sim:-1, sim state for slotIdx=0 is 6, return state as unknown
02-20 19:46:41.321  1923  1923 D SST     : notifyDataRegStateRilRadioTechnologyChanged: drs=0 rat=14
02-20 19:46:41.321  1923  1923 D TelephonyManager: setTelephonyProperty: success phoneId=0 property=gsm.network.type value: LTE propVal=LTE
02-20 19:46:41.321  1923  1923 D DCT     : [0]get all active apn types
02-20 19:46:41.321  1923  1923 D SST     : getCellLocation(): X good mCellLoc=[3,91,-1]
02-20 19:46:41.321  1665  1690 D TelephonyRegistry: notifyCellLocationForSubscriber: subId=-2 cellLocation=Bundle[mParcelledData.dataSize=64]
02-20 19:46:41.321  1923  1923 D GsmCdmaCallTracker: Event EVENT_POLL_CALLS_RESULT Received
02-20 19:46:41.321  1923  1923 D GsmCdmaCallTracker: [GsmCdmaCallTracker] update phone state, old=IDLE new=IDLE
02-20 19:46:41.321  1923  1923 D RIL_ImsSms: IMS is NOT registered!
02-20 19:46:41.321  1923  1923 D CdmaSSM : CDMA_SUBSCRIPTION_SOURCE event = 2
02-20 19:46:41.321  1923  1923 W CdmaSSM : Unable to get CDMA Subscription Source, Exception: com.android.internal.telephony.CommandException: REQUEST_NOT_SUPPORTED, result: null
02-20 19:46:41.321  1923  1923 D GsmCdmaPhone: [GsmCdmaPhone] EVENT_REQUEST_VOICE_RADIO_TECH_DONE: newVoiceTech=11
02-20 19:46:41.321  1923  1923 D GsmCdmaPhone: [GsmCdmaPhone] phoneObjectUpdater: newVoiceRadioTech=11
02-20 19:46:41.321  1923  1923 D GsmCdmaPhone: [GsmCdmaPhone] phoneObjectUpdater: No change ignore, newVoiceRadioTech=11 mActivePhone=GSM
02-20 19:46:41.321  1923  1923 D RILJ    : [3683]> RIL_REQUEST_SIM_TRANSMIT_APDU_CHANNEL [SUB0]
02-20 19:46:41.322  1373  2236 D NuPlayerDriver: notifyResetComplete(0xeda28f00)
02-20 19:46:41.322  1373  1830 D NuPlayerDriver: reset(0xeda28f60) at state 4
02-20 19:46:41.322  1373  1830 D NuPlayerDriver: notifyListener_l(0xeda28f60), (8, 0, 0), loop setting(0, 0)
02-20 19:46:41.323  1373  2245 D NuPlayerDriver: notifyResetComplete(0xeda28f60)
02-20 19:46:41.324  1366  1709 V EmulatedCamera_Camera: getCameraInfo
02-20 19:46:41.324  1366  1709 V EmulatedCamera_BaseCamera: getCameraInfo
02-20 19:46:41.324  1366  1366 V EmulatedCamera_Camera: getCameraInfo
02-20 19:46:41.324  1366  1366 V EmulatedCamera_BaseCamera: getCameraInfo
02-20 19:46:41.329  1375  1470 D RIL     : onRequest: SIM_TRANSMIT_APDU_CHANNEL
02-20 19:46:41.330  1375  1470 D AT      : AT> AT+CGLA=1,10,80caff4000
02-20 19:46:41.330  1923  1923 D GsmCdmaPhone: [GsmCdmaPhone] Event EVENT_REGISTERED_TO_NETWORK Received
02-20 19:46:41.330  1923  1923 D SST     : SubscriptionListener.onSubscriptionInfoChanged
02-20 19:46:41.330  1923  1923 E Phone   : getStoredVoiceMessageCount: invalid subId -2
02-20 19:46:41.330  1923  1923 D GsmCdmaPhone: [GsmCdmaPhone] updateVoiceMail countVoiceMessages = 0 subId -2
02-20 19:46:41.330  1923  1923 E Phone   : setVoiceMessageCount in sharedPreference: invalid subId -2
02-20 19:46:41.330  1375  1473 D AT      : AT< +CGLA: 144,0,FF403eE23cE12eC11461ed377e85d386a8dfee6b864bd85b0bfaa5af81CA16616e64726f69642e636172726965726170692e637473E30aDB080000000000000000
02-20 19:46:41.330  1375  1473 D AT      : AT< OK
02-20 19:46:41.330  1923  1923 D DCT     : [0]SubscriptionListener.onSubscriptionInfoChanged
02-20 19:46:41.330  1923  2002 D RILJ    : [3683]< RIL_REQUEST_SIM_TRANSMIT_APDU_CHANNEL  [SUB0]
02-20 19:46:41.330  1923  1923 D SubscriptionController: [getActiveSubInfoList] Sub Controller not ready
02-20 19:46:41.331  1923  1923 D SubscriptionController: [getActiveSubInfoList] Sub Controller not ready
02-20 19:46:41.332  1765  1765 I StatusBar: isKeyguardShowing() called before startKeyguard(), returning true
02-20 19:46:41.333  1923  1923 E PhoneInterfaceManager: [PhoneIntfMgr] getIccId: No UICC
02-20 19:46:41.334  1765  1765 W StatusBar: isKeyguardSecure() called before startKeyguard(), returning false
02-20 19:46:41.334  1765  1765 W StatusBar: java.lang.Throwable
02-20 19:46:41.334  1765  1765 W StatusBar: 	at com.android.systemui.statusbar.BaseStatusBar.isKeyguardSecure(BaseStatusBar.java:2647)
02-20 19:46:41.334  1765  1765 W StatusBar: 	at com.android.systemui.statusbar.BaseStatusBar.isCameraAllowedByAdmin(BaseStatusBar.java:2670)
02-20 19:46:41.334  1765  1765 W StatusBar: 	at com.android.systemui.statusbar.phone.KeyguardBottomAreaView.updateCameraVisibility(KeyguardBottomAreaView.java:309)
02-20 19:46:41.334  1765  1765 W StatusBar: 	at com.android.systemui.statusbar.phone.KeyguardBottomAreaView.setPhoneStatusBar(KeyguardBottomAreaView.java:272)
02-20 19:46:41.334  1765  1765 W StatusBar: 	at com.android.systemui.statusbar.phone.PhoneStatusBar.makeStatusBarView(PhoneStatusBar.java:904)
02-20 19:46:41.334  1765  1765 W StatusBar: 	at com.android.systemui.statusbar.phone.PhoneStatusBar.addStatusBarWindow(PhoneStatusBar.java:3432)
02-20 19:46:41.334  1765  1765 W StatusBar: 	at com.android.systemui.statusbar.phone.PhoneStatusBar.createAndAddWindows(PhoneStatusBar.java:3428)
02-20 19:46:41.334  1765  1765 W StatusBar: 	at com.android.systemui.statusbar.BaseStatusBar.start(BaseStatusBar.java:765)
02-20 19:46:41.334  1765  1765 W StatusBar: 	at com.android.systemui.statusbar.phone.PhoneStatusBar.start(PhoneStatusBar.java:686)
02-20 19:46:41.334  1765  1765 W StatusBar: 	at com.android.systemui.statusbar.SystemBars.createStatusBarFromConfig(SystemBars.java:106)
02-20 19:46:41.334  1765  1765 W StatusBar: 	at com.android.systemui.statusbar.SystemBars.onNoService(SystemBars.java:58)
02-20 19:46:41.334  1765  1765 W StatusBar: 	at com.android.systemui.statusbar.ServiceMonitor.startService(ServiceMonitor.java:230)
02-20 19:46:41.334  1765  1765 W StatusBar: 	at com.android.systemui.statusbar.ServiceMonitor.-wrap5(ServiceMonitor.java)
02-20 19:46:41.334  1765  1765 W StatusBar: 	at com.android.systemui.statusbar.ServiceMonitor$1.handleMessage(ServiceMonitor.java:73)
02-20 19:46:41.334  1765  1765 W StatusBar: 	at android.os.Handler.dispatchMessage(Handler.java:102)
02-20 19:46:41.334  1765  1765 W StatusBar: 	at android.os.Looper.loop(Looper.java:154)
02-20 19:46:41.334  1765  1765 W StatusBar: 	at android.app.ActivityThread.main(ActivityThread.java:6119)
02-20 19:46:41.334  1765  1765 W StatusBar: 	at java.lang.reflect.Method.invoke(Native Method)
02-20 19:46:41.334  1765  1765 W StatusBar: 	at com.android.internal.os.ZygoteInit$MethodAndArgsCaller.run(ZygoteInit.java:886)
02-20 19:46:41.334  1765  1765 W StatusBar: 	at com.android.internal.os.ZygoteInit.main(ZygoteInit.java:776)
02-20 19:46:41.335  1765  1765 I StatusBar: isKeyguardShowing() called before startKeyguard(), returning true
02-20 19:46:41.336  1765  1765 W StatusBar: isKeyguardSecure() called before startKeyguard(), returning false
02-20 19:46:41.336  1765  1765 W StatusBar: java.lang.Throwable
02-20 19:46:41.336  1765  1765 W StatusBar: 	at com.android.systemui.statusbar.BaseStatusBar.isKeyguardSecure(BaseStatusBar.java:2647)
02-20 19:46:41.336  1765  1765 W StatusBar: 	at com.android.systemui.statusbar.BaseStatusBar.isCameraAllowedByAdmin(BaseStatusBar.java:2670)
02-20 19:46:41.336  1765  1765 W StatusBar: 	at com.android.systemui.statusbar.phone.KeyguardBottomAreaView.updateCameraVisibility(KeyguardBottomAreaView.java:309)
02-20 19:46:41.336  1765  1765 W StatusBar: 	at com.android.systemui.statusbar.phone.KeyguardBottomAreaView.setUserSetupComplete(KeyguardBottomAreaView.java:281)
02-20 19:46:41.336  1765  1765 W StatusBar: 	at com.android.systemui.statusbar.phone.PhoneStatusBar.makeStatusBarView(PhoneStatusBar.java:905)
02-20 19:46:41.336  1765  1765 W StatusBar: 	at com.android.systemui.statusbar.phone.PhoneStatusBar.addStatusBarWindow(PhoneStatusBar.java:3432)
02-20 19:46:41.336  1765  1765 W StatusBar: 	at com.android.systemui.statusbar.phone.PhoneStatusBar.createAndAddWindows(PhoneStatusBar.java:3428)
02-20 19:46:41.336  1765  1765 W StatusBar: 	at com.android.systemui.statusbar.BaseStatusBar.start(BaseStatusBar.java:765)
02-20 19:46:41.336  1765  1765 W StatusBar: 	at com.android.systemui.statusbar.phone.PhoneStatusBar.start(PhoneStatusBar.java:686)
02-20 19:46:41.336  1765  1765 W StatusBar: 	at com.android.systemui.statusbar.SystemBars.createStatusBarFromConfig(SystemBars.java:106)
02-20 19:46:41.336  1765  1765 W StatusBar: 	at com.android.systemui.statusbar.SystemBars.onNoService(SystemBars.java:58)
02-20 19:46:41.336  1765  1765 W StatusBar: 	at com.android.systemui.statusbar.ServiceMonitor.startService(ServiceMonitor.java:230)
02-20 19:46:41.336  1765  1765 W StatusBar: 	at com.android.systemui.statusbar.ServiceMonitor.-wrap5(ServiceMonitor.java)
02-20 19:46:41.336  1765  1765 W StatusBar: 	at com.android.systemui.statusbar.ServiceMonitor$1.handleMessage(ServiceMonitor.java:73)
02-20 19:46:41.336  1765  1765 W StatusBar: 	at android.os.Handler.dispatchMessage(Handler.java:102)
02-20 19:46:41.336  1765  1765 W StatusBar: 	at android.os.Looper.loop(Looper.java:154)
02-20 19:46:41.336  1765  1765 W StatusBar: 	at android.app.ActivityThread.main(ActivityThread.java:6119)
02-20 19:46:41.336  1765  1765 W StatusBar: 	at java.lang.reflect.Method.invoke(Native Method)
02-20 19:46:41.336  1765  1765 W StatusBar: 	at com.android.internal.os.ZygoteInit$MethodAndArgsCaller.run(ZygoteInit.java:886)
02-20 19:46:41.336  1765  1765 W StatusBar: 	at com.android.internal.os.ZygoteInit.main(ZygoteInit.java:776)
02-20 19:46:41.343  1923  1961 D SubscriptionController: [getPhoneId] asked for default subId=-1
02-20 19:46:41.348  1366  1709 V EmulatedCamera_Camera: getCameraInfo
02-20 19:46:41.348  1366  1709 V EmulatedCamera_BaseCamera: getCameraInfo
02-20 19:46:41.348  1366  1366 V EmulatedCamera_Camera: getCameraInfo
02-20 19:46:41.348  1366  1366 V EmulatedCamera_BaseCamera: getCameraInfo
02-20 19:46:41.369  1665  1861 I am_proc_start: [0,2251,10014,com.google.process.gapps,content provider,com.google.android.gsf/.gservices.GservicesProvider]
02-20 19:46:41.370  1665  1861 I ActivityManager: Start proc 2251:com.google.process.gapps/u0a14 for content provider com.google.android.gsf/.gservices.GservicesProvider
02-20 19:46:41.371  2251  2251 W art     : Unexpected CPU variant for X86 using defaults: x86_64
02-20 19:46:41.374  1765  1765 I StatusBar: isKeyguardShowing() called before startKeyguard(), returning true
02-20 19:46:41.375  1765  1765 W StatusBar: isKeyguardSecure() called before startKeyguard(), returning false
02-20 19:46:41.375  1765  1765 W StatusBar: java.lang.Throwable
02-20 19:46:41.375  1765  1765 W StatusBar: 	at com.android.systemui.statusbar.BaseStatusBar.isKeyguardSecure(BaseStatusBar.java:2647)
02-20 19:46:41.375  1765  1765 W StatusBar: 	at com.android.systemui.statusbar.BaseStatusBar.isCameraAllowedByAdmin(BaseStatusBar.java:2670)
02-20 19:46:41.375  1765  1765 W StatusBar: 	at com.android.systemui.statusbar.phone.KeyguardBottomAreaView.updateCameraVisibility(KeyguardBottomAreaView.java:309)
02-20 19:46:41.375  1765  1765 W StatusBar: 	at com.android.systemui.statusbar.phone.KeyguardBottomAreaView.setUserSetupComplete(KeyguardBottomAreaView.java:281)
02-20 19:46:41.375  1765  1765 W StatusBar: 	at com.android.systemui.statusbar.phone.PhoneStatusBar$1.onChange(PhoneStatusBar.java:441)
02-20 19:46:41.375  1765  1765 W StatusBar: 	at com.android.systemui.statusbar.phone.PhoneStatusBar.resetUserSetupObserver(PhoneStatusBar.java:3676)
02-20 19:46:41.375  1765  1765 W StatusBar: 	at com.android.systemui.statusbar.phone.PhoneStatusBar.makeStatusBarView(PhoneStatusBar.java:1008)
02-20 19:46:41.375  1765  1765 W StatusBar: 	at com.android.systemui.statusbar.phone.PhoneStatusBar.addStatusBarWindow(PhoneStatusBar.java:3432)
02-20 19:46:41.375  1765  1765 W StatusBar: 	at com.android.systemui.statusbar.phone.PhoneStatusBar.createAndAddWindows(PhoneStatusBar.java:3428)
02-20 19:46:41.375  1765  1765 W StatusBar: 	at com.android.systemui.statusbar.BaseStatusBar.start(BaseStatusBar.java:765)
02-20 19:46:41.375  1765  1765 W StatusBar: 	at com.android.systemui.statusbar.phone.PhoneStatusBar.start(PhoneStatusBar.java:686)
02-20 19:46:41.375  1765  1765 W StatusBar: 	at com.android.systemui.statusbar.SystemBars.createStatusBarFromConfig(SystemBars.java:106)
02-20 19:46:41.375  1765  1765 W StatusBar: 	at com.android.systemui.statusbar.SystemBars.onNoService(SystemBars.java:58)
02-20 19:46:41.375  1765  1765 W StatusBar: 	at com.android.systemui.statusbar.ServiceMonitor.startService(ServiceMonitor.java:230)
02-20 19:46:41.375  1765  1765 W StatusBar: 	at com.android.systemui.statusbar.ServiceMonitor.-wrap5(ServiceMonitor.java)
02-20 19:46:41.375  1765  1765 W StatusBar: 	at com.android.systemui.statusbar.ServiceMonitor$1.handleMessage(ServiceMonitor.java:73)
02-20 19:46:41.375  1765  1765 W StatusBar: 	at android.os.Handler.dispatchMessage(Handler.java:102)
02-20 19:46:41.375  1765  1765 W StatusBar: 	at android.os.Looper.loop(Looper.java:154)
02-20 19:46:41.375  1765  1765 W StatusBar: 	at android.app.ActivityThread.main(ActivityThread.java:6119)
02-20 19:46:41.375  1765  1765 W StatusBar: 	at java.lang.reflect.Method.invoke(Native Method)
02-20 19:46:41.375  1765  1765 W StatusBar: 	at com.android.internal.os.ZygoteInit$MethodAndArgsCaller.run(ZygoteInit.java:886)
02-20 19:46:41.375  1765  1765 W StatusBar: 	at com.android.internal.os.ZygoteInit.main(ZygoteInit.java:776)
02-20 19:46:41.376  1765  1994 D OpenGLRenderer: profile bars disabled
02-20 19:46:41.376  1765  1994 D OpenGLRenderer: ambientRatio = 1.50
02-20 19:46:41.379  1765  1765 D PhoneStatusBar: disable: < EXPAND* icons alerts system_info BACK* HOME* RECENT* clock SEARCH* quick_settings >
02-20 19:46:41.393  1665  1690 I am_proc_bound: [0,2251,com.google.process.gapps]
02-20 19:46:41.405  1665  1978 I am_proc_start: [0,2265,10029,com.google.android.googlequicksearchbox:search,service,com.google.android.googlequicksearchbox/com.google.android.apps.gsa.nowoverlayservice.DrawerOverlayService]
02-20 19:46:41.405  1665  1978 I ActivityManager: Start proc 2265:com.google.android.googlequicksearchbox:search/u0a29 for service com.google.android.googlequicksearchbox/com.google.android.apps.gsa.nowoverlayservice.DrawerOverlayService
02-20 19:46:41.417  2265  2265 W art     : Unexpected CPU variant for X86 using defaults: x86
02-20 19:46:41.420  2154  2154 I am_on_resume_called: [0,com.google.android.apps.nexuslauncher.NexusLauncherActivity,LAUNCH_ACTIVITY]
02-20 19:46:41.424  1313  1758 E SurfaceFlinger: ro.sf.lcd_density must be defined as a build property
02-20 19:46:41.436  2154  2154 D         : HostConnection::get() New Host Connection established 0x73f1410a32a0, tid 2154
02-20 19:46:40.530     0     0 D ieee80211 phy0: hw scan 2422 MHz
02-20 19:46:40.560     0     0 D ieee80211 phy0: hw scan 2427 MHz
02-20 19:46:40.590     0     0 D ieee80211 phy0: hw scan 2432 MHz
02-20 19:46:40.622     0     0 D ieee80211 phy0: hw scan 2437 MHz
02-20 19:46:40.651     0     0 D ieee80211 phy0: hw scan 2442 MHz
02-20 19:46:40.682     0     0 D ieee80211 phy0: hw scan 2447 MHz
02-20 19:46:40.710     0     0 D ieee80211 phy0: hw scan 2452 MHz
02-20 19:46:40.748     0     0 D ieee80211 phy0: hw scan 2457 MHz
02-20 19:46:40.770     0     0 D ieee80211 phy0: hw scan 2462 MHz
02-20 19:46:40.800     0     0 D ieee80211 phy0: hw scan 2467 MHz
02-20 19:46:40.920     0     0 D ieee80211 phy0: hw scan 2472 MHz
02-20 19:46:41.040     0     0 D ieee80211 phy0: hw scan 2484 MHz
02-20 19:46:41.162     0     0 D ieee80211 phy0: hw scan complete
02-20 19:46:41.162     0     0 D ieee80211 phy0: hwsim hw_scan request
02-20 19:46:41.162     0     0 D ieee80211 phy0: hw scan 5180 MHz
02-20 19:46:41.445  2251  2251 I art     : Starting a blocking GC AddRemoveAppImageSpace
02-20 19:46:41.446  2251  2251 W System  : ClassLoader referenced unknown path: /system/priv-app/GoogleServicesFramework/lib/x86_64
02-20 19:46:41.452  1665  2080 I am_proc_bound: [0,2265,com.google.android.googlequicksearchbox:search]
02-20 19:46:41.452  1665  1689 I Telecom : PhoneAccountRegistrar: New phone account registered: [[ ] PhoneAccount: ComponentInfo{com.android.phone/com.android.services.telephony.TelephonyConnectionService}, [e0184adedf913b076626646d3f52c3b49c39ad6d], UserHandle{0} Capabilities: CallProvider MultiUser PlaceEmerg SimSub  Schemes: tel voicemail  Extras: null GroupId: [da39a3ee5e6b4b0d3255bfef95601890afd80709]]: TSI.rPA@AAM
02-20 19:46:41.466  1665  1689 I Telecom : : Sending phone-account registered intent as user: TSI.rPA@AAM
02-20 19:46:41.467  1923  1923 I Telephony: AccountEntry: Registered phoneAccount: [[ ] PhoneAccount: ComponentInfo{com.android.phone/com.android.services.telephony.TelephonyConnectionService}, [e0184adedf913b076626646d3f52c3b49c39ad6d], UserHandle{0} Capabilities: CallProvider MultiUser PlaceEmerg SimSub  Schemes: tel voicemail  Extras: null GroupId: [da39a3ee5e6b4b0d3255bfef95601890afd80709]] with handle: ComponentInfo{com.android.phone/com.android.services.telephony.TelephonyConnectionService}, [e0184adedf913b076626646d3f52c3b49c39ad6d], UserHandle{0}
02-20 19:46:41.468  1923  1923 I Telephony: PstnIncomingCallNotifier: Registering: Handler (com.android.internal.telephony.GsmCdmaPhone) {1e09947}
02-20 19:46:41.482  1923  1923 I Telephony: TelecomAccountRegistry: Unregistering phone account ComponentInfo{com.android.phone/com.android.services.telephony.TelephonyConnectionService}, [e2f7d48dd2b5ca523e7313cf4ba0f6ea830b6281], UserHandle{0}.
02-20 19:46:41.472  1923  1961 D SubscriptionController: [getSlotId]- subId invalid
02-20 19:46:41.494  2154  2272 D         : HostConnection::get() New Host Connection established 0x73f1410a3180, tid 2272
02-20 19:46:41.504  2154  2272 I OpenGLRenderer: Initialized EGL, version 1.4
02-20 19:46:41.504  2154  2272 D OpenGLRenderer: Swap behavior 1
02-20 19:46:41.509  1765  1765 D PhoneStatusBar: heads up is enabled
02-20 19:46:41.511  1665  2283 I Telecom : : Sending phone-account unregistered intent as user: TSI.uPA@AAU
02-20 19:46:41.521  2154  2209 V GridSizeMigrationTask: Workspace migration completed in 133
02-20 19:46:41.522  2154  2209 D Launcher.Model: loadWorkspace: loading default favorites
02-20 19:46:41.522  1923  1923 D UiccController: Received EVENT_GET_ICC_STATUS_DONE
02-20 19:46:41.522  1923  1923 D UiccCard: 2 applications
02-20 19:46:41.522  1923  1923 D UiccCardApplication: APPTYPE_SIM update. New {APPTYPE_SIM,APPSTATE_READY}
02-20 19:46:41.522  1923  1923 D UiccCardApplication: APPTYPE_SIM changed state: APPSTATE_DETECTED -> APPSTATE_READY
02-20 19:46:41.522  1923  1923 D RILJ    : [3684]> QUERY_FACILITY_LOCK [FD 7 null] [SUB0]
02-20 19:46:41.523  1923  1923 D RILJ    : [3685]> QUERY_FACILITY_LOCK [SC 7 null] [SUB0]
02-20 19:46:41.523  1375  1470 D RIL     : onRequest: QUERY_FACILITY_LOCK
02-20 19:46:41.523  1375  1470 D RIL     : Request not supported. Tech: 1
02-20 19:46:41.524  1923  2002 D RilRequest: [3684]< QUERY_FACILITY_LOCK error: com.android.internal.telephony.CommandException: REQUEST_NOT_SUPPORTED ret=
02-20 19:46:41.524  1923  1923 D UiccCardApplication: Notifying registrants: READY
02-20 19:46:41.524  1923  1923 D UiccCardApplication: APPTYPE_RUIM update. New {APPTYPE_RUIM,APPSTATE_READY}
02-20 19:46:41.524  1923  1923 D UiccCardApplication: APPTYPE_RUIM changed state: APPSTATE_DETECTED -> APPSTATE_READY
02-20 19:46:41.524  1923  1923 D RILJ    : [3686]> QUERY_FACILITY_LOCK [FD 7 null] [SUB0]
02-20 19:46:41.524  1375  1470 D RIL     : onRequest: QUERY_FACILITY_LOCK
02-20 19:46:41.524  1375  1470 D RIL     : Request not supported. Tech: 1
02-20 19:46:41.524  1923  1923 D RILJ    : [3687]> QUERY_FACILITY_LOCK [SC 7 null] [SUB0]
02-20 19:46:41.524  1375  1470 D RIL     : onRequest: QUERY_FACILITY_LOCK
02-20 19:46:41.524  1375  1470 D RIL     : Request not supported. Tech: 1
02-20 19:46:41.525  1923  1923 D UiccCardApplication: Notifying registrants: READY
02-20 19:46:41.525  1923  1923 D UiccCard: Before privilege rules: Handler (com.android.internal.telephony.uicc.UiccCarrierPrivilegeRules) {768af9c} : CARDSTATE_PRESENT
02-20 19:46:41.525  1923  1923 E UiccCard: App index 8 is invalid since there are no applications
02-20 19:46:41.525  1923  1923 D UiccCard: update: radioState=RADIO_ON mLastRadioState=RADIO_ON
02-20 19:46:41.525  1923  1923 D UiccController: Notifying IccChangedRegistrants
02-20 19:46:41.525  1923  1923 D DCT     : [0]onDataConnectionAttached
02-20 19:46:41.525  1923  2002 D RilRequest: [3685]< QUERY_FACILITY_LOCK error: com.android.internal.telephony.CommandException: REQUEST_NOT_SUPPORTED ret=
02-20 19:46:41.525  1923  1923 D DCT     : [0]isDataAllowed: No - SIM not loaded
02-20 19:46:41.525  1923  2002 D RilRequest: [3686]< QUERY_FACILITY_LOCK error: com.android.internal.telephony.CommandException: REQUEST_NOT_SUPPORTED ret=
02-20 19:46:41.525  1375  1470 D RIL     : onRequest: QUERY_FACILITY_LOCK
02-20 19:46:41.525  1375  1470 D RIL     : Request not supported. Tech: 1
02-20 19:46:41.526  1923  2002 D RilRequest: [3687]< QUERY_FACILITY_LOCK error: com.android.internal.telephony.CommandException: REQUEST_NOT_SUPPORTED ret=
02-20 19:46:41.537  2154  2272 D EGL_emulation: eglCreateContext: 0x73f141084720: maj 3 min 0 rcv 3
