02-20 19:46:41.546  1923  1923 D DCT     : [0]setupDataOnConnectableApns: dataAttached hipri:[state=IDLE,enabled=false] mms:[state=IDLE,enabled=false] supl:[state=IDLE,enabled=false] ia:[state=IDLE,enabled=false] fota:[state=IDLE,enabled=false] ims:[state=IDLE,enabled=false] cbs:[state=IDLE,enabled=false] default:[state=IDLE,enabled=false] emergency:[state=IDLE,enabled=false] 
02-20 19:46:41.546  1923  1923 D DCT     : [0]setupDataOnConnectableApns: nwTypeChanged hipri:[state=IDLE,enabled=false] mms:[state=IDLE,enabled=false] supl:[state=IDLE,enabled=false] ia:[state=IDLE,enabled=false] fota:[state=IDLE,enabled=false] ims:[state=IDLE,enabled=false] cbs:[state=IDLE,enabled=false] default:[state=IDLE,enabled=false] emergency:[state=IDLE,enabled=false] 
02-20 19:46:41.546  1923  1923 E PhoneInterfaceManager: [PhoneIntfMgr] getIccId: No UICC
02-20 19:46:41.546  1665  1689 I force_gc: Binder
02-20 19:46:41.554  2251  2251 I GservicesProvider: Gservices pushing to system: true; secure/global: true
02-20 19:46:41.554  1665  1690 I Telecom : PhoneAccountRegistrar: [ComponentInfo{com.android.phone/com.android.services.telephony.TelephonyConnectionService}, [e0184adedf913b076626646d3f52c3b49c39ad6d], UserHandle{0}(icon: Icon(typ=BITMAP size=76x96) -> Icon(typ=BITMAP size=76x96))]: TSI.rPA@AAc
02-20 19:46:41.563  1665  1690 I Telecom : : Sending phone-account registered intent as user: TSI.rPA@AAc
02-20 19:46:41.564  1923  1923 D UiccCardApplication: Error in querying facility lock:com.android.internal.telephony.CommandException: REQUEST_NOT_SUPPORTED
02-20 19:46:41.564  1923  1923 D SIMRecords: [SIMRecords] fetchSimRecords 0
02-20 19:46:41.564  1923  1923 D RILJ    : [3688]> getIMSI: GET_IMSI aid: null [SUB0]
02-20 19:46:41.569  1923  1923 D RILJ    : [3689]> iccIO: SIM_IO 0xc0 0x2fe2  path: 3F00,0,0,15 aid: null [SUB0]
02-20 19:46:41.569  1375  1470 D RIL     : onRequest: GET_IMSI
02-20 19:46:41.569  1375  1470 D AT      : AT> AT+CIMI
02-20 19:46:41.570  1923  1923 D RILJ    : [3690]> iccIO: SIM_IO 0xc0 0x6f40  path: 3F007F10,0,0,15 aid: null [SUB0]
02-20 19:46:41.570  1375  1473 D AT      : AT< 310260000000000
02-20 19:46:41.570  1375  1473 D AT      : AT< OK
02-20 19:46:41.570  1375  1470 D RIL     : onRequest: SIM_IO
02-20 19:46:41.570  1375  1470 D AT      : AT> AT+CRSM=192,12258,0,0,15
02-20 19:46:41.571  1923  2002 D RILJ    : [3688]< GET_IMSI  [SUB0]
02-20 19:46:41.571  1375  1473 D AT      : AT< +CRSM: 144,0,0000000a2fe204000fa0aa01020000
02-20 19:46:41.571  1375  1473 D AT      : AT< OK
02-20 19:46:41.572  1313  1356 D gralloc_ranchu: gralloc_alloc: Creating ashmem region of size 15945728
02-20 19:46:41.573  1923  1923 D RILJ    : [3691]> iccIO: SIM_IO 0xc0 0x6fc9  path: 3F007F20,0,0,15 aid: null [SUB0]
02-20 19:46:41.574  1375  1470 D RIL     : onRequest: SIM_IO
02-20 19:46:41.574  1375  1470 D AT      : AT> AT+CRSM=192,28480,0,0,15
02-20 19:46:41.574  1375  1473 D AT      : AT< +CRSM: 144,0,000000806f40040011a0aa01020120
02-20 19:46:41.574  1375  1473 D AT      : AT< OK
02-20 19:46:41.578  1923  1923 D RILJ    : [3692]> iccIO: SIM_IO 0xc0 0x6fad  path: 3F007F20,0,0,15 aid: null [SUB0]
02-20 19:46:41.579  1375  1470 D RIL     : onRequest: SIM_IO
02-20 19:46:41.579  1375  1470 D AT      : AT> AT+CRSM=192,28617,0,0,15
02-20 19:46:41.579  1375  1473 D AT      : AT< +CRSM: 144,0,000000086fc9040011a0aa01020104
02-20 19:46:41.579  1375  1473 D AT      : AT< OK
02-20 19:46:41.587  1923  1923 D RILJ    : [3693]> iccIO: SIM_IO 0xc0 0x6fca  path: 3F007F20,0,0,15 aid: null [SUB0]
02-20 19:46:41.588  1375  1470 D RIL     : onRequest: SIM_IO
02-20 19:46:41.588  1375  1470 D AT      : AT> AT+CRSM=192,28589,0,0,15
02-20 19:46:41.588  1375  1473 D AT      : AT< +CRSM: 144,0,000000046fad04000aa0aa01020000
02-20 19:46:41.588  1375  1473 D AT      : AT< OK
02-20 19:46:41.589  1923  1923 D RILJ    : [3694]> iccIO: SIM_IO 0xc0 0x6f11  path: 3F007F20,0,0,15 aid: null [SUB0]
02-20 19:46:41.590  1375  1470 D RIL     : onRequest: SIM_IO
02-20 19:46:41.590  1375  1470 D AT      : AT> AT+CRSM=192,28618,0,0,15
02-20 19:46:41.590  1375  1473 D AT      : AT< +CRSM: 144,0,0000000a6fca040011a0aa01020105
02-20 19:46:41.590  1375  1473 D AT      : AT< OK
02-20 19:46:41.595  1923  1923 D RILJ    : [3695]> iccIO: SIM_IO 0xc0 0x6fcb  path: 3F007F20,0,0,15 aid: null [SUB0]
02-20 19:46:41.596  1375  1470 D RIL     : onRequest: SIM_IO
02-20 19:46:41.596  1375  1470 D AT      : AT> AT+CRSM=192,28433,0,0,15
02-20 19:46:41.596  1923  1923 D RILJ    : [3696]> iccIO: SIM_IO 0xc0 0x6f13  path: 3F007F20,0,0,15 aid: null [SUB0]
02-20 19:46:41.596  1375  1473 D AT      : AT< +CRSM: 144,0,000000016f11040011a0aa01020000
02-20 19:46:41.596  1375  1473 D AT      : AT< OK
02-20 19:46:41.597  1375  1470 D RIL     : onRequest: SIM_IO
02-20 19:46:41.597  1375  1470 D AT      : AT> AT+CRSM=192,28619,0,0,15
02-20 19:46:41.597  1375  1473 D AT      : AT< ERROR: BAD COMMAND
02-20 19:46:41.598  1923  2002 D RILJ    : [3689]< SIM_IO IccIoResponse sw1:0x90 sw2:0x0 [SUB0]
02-20 19:46:41.598  1923  2002 D RILJ    : [3690]< SIM_IO IccIoResponse sw1:0x90 sw2:0x0 [SUB0]
02-20 19:46:41.598  1923  2002 D RILJ    : [3691]< SIM_IO IccIoResponse sw1:0x90 sw2:0x0 [SUB0]
02-20 19:46:41.598  1923  2002 D RILJ    : [3692]< SIM_IO IccIoResponse sw1:0x90 sw2:0x0 [SUB0]
02-20 19:46:41.598  1923  2002 D RILJ    : [3693]< SIM_IO IccIoResponse sw1:0x90 sw2:0x0 [SUB0]
02-20 19:46:41.598  1923  2002 D RILJ    : [3694]< SIM_IO IccIoResponse sw1:0x90 sw2:0x0 [SUB0]
02-20 19:46:41.599  1375  1470 D RIL     : onRequest: SIM_IO
02-20 19:46:41.599  1375  1470 D AT      : AT> AT+CRSM=192,28435,0,0,15
02-20 19:46:41.599  1375  1473 D AT      : AT< +CRSM: 144,0,000000016f13040011a0aa01020000
02-20 19:46:41.599  1375  1473 D AT      : AT< OK
02-20 19:46:41.599  1923  2002 D RilRequest: [3695]< SIM_IO error: com.android.internal.telephony.CommandException: GENERIC_FAILURE ret=
02-20 19:46:41.600  1923  2002 D RILJ    : [3696]< SIM_IO IccIoResponse sw1:0x90 sw2:0x0 [SUB0]
02-20 19:46:41.607  1923  1923 D RILJ    : [3697]> iccIO: SIM_IO 0xc0 0x6f46  path: 3F007F20,0,0,15 aid: null [SUB0]
02-20 19:46:41.608  2154  2272 D EGL_emulation: eglMakeCurrent: 0x73f141084720: ver 3 0 (tinfo 0x73f1410ad480)
02-20 19:46:41.633  1375  1470 D RIL     : onRequest: SIM_IO
02-20 19:46:41.633  1375  1470 D AT      : AT> AT+CRSM=192,28486,0,0,15
02-20 19:46:41.633  1375  1473 D AT      : AT< +CRSM: 148,4
02-20 19:46:41.633  1375  1473 D AT      : AT< OK
02-20 19:46:41.633  1923  1923 D RILJ    : [3698]> iccIO: SIM_IO 0xc0 0x6fcd  path: 3F007F20,0,0,15 aid: null [SUB0]
02-20 19:46:41.634  1375  1470 D RIL     : onRequest: SIM_IO
02-20 19:46:41.634  1375  1470 D AT      : AT> AT+CRSM=192,28621,0,0,15
02-20 19:46:41.635  1375  1473 D AT      : AT< +CRSM: 148,4
02-20 19:46:41.635  1375  1473 D AT      : AT< OK
02-20 19:46:41.635  1923  1923 D RILJ    : [3699]> iccIO: SIM_IO 0xc0 0x6fc5  path: 3F007F20,0,0,15 aid: null [SUB0]
02-20 19:46:41.636  1375  1470 D RIL     : onRequest: SIM_IO
02-20 19:46:41.636  1375  1470 D AT      : AT> AT+CRSM=192,28613,0,0,15
02-20 19:46:41.636  1375  1473 D AT      : AT< +CRSM: 144,0,000000f06fc504000aa0aa01020118
02-20 19:46:41.636  1375  1473 D AT      : AT< OK
02-20 19:46:41.636  1923  1923 D RILJ    : [3700]> iccIO: SIM_IO 0xc0 0x6f38  path: 3F007F20,0,0,15 aid: null [SUB0]
02-20 19:46:41.637  1375  1470 D RIL     : onRequest: SIM_IO
02-20 19:46:41.637  1375  1470 D AT      : AT> AT+CRSM=192,28472,0,0,15
02-20 19:46:41.637  1375  1473 D AT      : AT< +CRSM: 144,0,0000000f6f3804001aa0aa01020000
02-20 19:46:41.637  1375  1473 D AT      : AT< OK
02-20 19:46:41.637  1923  1923 D RILJ    : [3701]> iccIO: SIM_IO 0xc0 0x6f16  path: 3F007F20,0,0,15 aid: null [SUB0]
02-20 19:46:41.639  1375  1470 D RIL     : onRequest: SIM_IO
02-20 19:46:41.639  1375  1470 D AT      : AT> AT+CRSM=192,28438,0,0,15
02-20 19:46:41.639  1375  1473 D AT      : AT< +CRSM: 144,0,000000026f1604001aa0aa01020000
02-20 19:46:41.639  1375  1473 D AT      : AT< OK
02-20 19:46:41.640  1923  1923 D RILJ    : [3702]> iccIO: SIM_IO 0xc0 0x6f15  path: 3F007F20,0,0,15 aid: null [SUB0]
02-20 19:46:41.641  1375  1470 D RIL     : onRequest: SIM_IO
02-20 19:46:41.641  1375  1470 D AT      : AT> AT+CRSM=192,28437,0,0,15
02-20 19:46:41.641  1375  1473 D AT      : AT< ERROR: BAD COMMAND
02-20 19:46:41.642  1923  1923 D RILJ    : [3703]> iccIO: SIM_IO 0xc0 0x6f3e  path: 3F007F20,0,0,15 aid: null [SUB0]
02-20 19:46:41.670  1375  1470 D RIL     : onRequest: SIM_IO
02-20 19:46:41.670  1375  1470 D AT      : AT> AT+CRSM=192,28478,0,0,15
02-20 19:46:41.670  1375  1473 D AT      : AT< ERROR: BAD COMMAND
02-20 19:46:41.670  1923  1923 D RILJ    : [3704]> iccIO: SIM_IO 0xc0 0x6f3f  path: 3F007F20,0,0,15 aid: null [SUB0]
02-20 19:46:41.670  1375  1470 D RIL     : onRequest: SIM_IO
02-20 19:46:41.670  1375  1470 D AT      : AT> AT+CRSM=192,28479,0,0,15
02-20 19:46:41.670  1375  1473 D AT      : AT< ERROR: BAD COMMAND
02-20 19:46:41.671  1923  1923 D SIMRecords: [SIMRecords] fetchSimRecords 17 requested: true
02-20 19:46:41.671  1923  1923 E IccCardProxy: setExternalState: set mPhoneId=0 mExternalState=READY
02-20 19:46:41.671  1923  1923 D TelephonyManager: setTelephonyProperty: success phoneId=0 property=gsm.sim.state value: READY propVal=READY
02-20 19:46:41.671  1923  2002 D RILJ    : [3697]< SIM_IO IccIoResponse sw1:0x94 sw2:0x4 [SUB0]
02-20 19:46:41.671  1923  2002 D RILJ    : [3698]< SIM_IO IccIoResponse sw1:0x94 sw2:0x4 [SUB0]
02-20 19:46:41.671  1923  2002 D RILJ    : [3699]< SIM_IO IccIoResponse sw1:0x90 sw2:0x0 [SUB0]
02-20 19:46:41.671  1923  2002 D RILJ    : [3700]< SIM_IO IccIoResponse sw1:0x90 sw2:0x0 [SUB0]
02-20 19:46:41.671  1923  2002 D RILJ    : [3701]< SIM_IO IccIoResponse sw1:0x90 sw2:0x0 [SUB0]
02-20 19:46:41.671  1923  2002 D RilRequest: [3702]< SIM_IO error: com.android.internal.telephony.CommandException: GENERIC_FAILURE ret=
02-20 19:46:41.671  1923  2002 D RilRequest: [3703]< SIM_IO error: com.android.internal.telephony.CommandException: GENERIC_FAILURE ret=
02-20 19:46:41.671  1923  2002 D RilRequest: [3704]< SIM_IO error: com.android.internal.telephony.CommandException: GENERIC_FAILURE ret=
02-20 19:46:41.671  1923  1923 D IccCardProxy: broadcastIccStateChangedIntent intent ACTION_SIM_STATE_CHANGED value=READY reason=null for mPhoneId=0
02-20 19:46:41.676  1923  1923 D RILJ    : [3705]> OPERATOR [SUB0]
02-20 19:46:41.679  1923  1923 D RILJ    : [3706]> DATA_REGISTRATION_STATE [SUB0]
02-20 19:46:41.679  1375  1470 D RIL     : onRequest: OPERATOR
02-20 19:46:41.679  1375  1470 D AT      : AT> AT+COPS=3,0;+COPS?;+COPS=3,1;+COPS?;+COPS=3,2;+COPS?
02-20 19:46:41.680  1375  1473 D AT      : AT< +COPS: 0,0,"Android"
02-20 19:46:41.680  1375  1473 D AT      : AT< +COPS: 0,1,"Android"
02-20 19:46:41.680  1375  1473 D AT      : AT< +COPS: 0,2,"310260"
02-20 19:46:41.680  1375  1473 D AT      : AT< OK
02-20 19:46:41.680  1923  2002 D RILJ    : [3705]< OPERATOR {Android, Android, 310260} [SUB0]
02-20 19:46:41.680  1375  1470 D RIL     : onRequest: DATA_REGISTRATION_STATE
02-20 19:46:41.680  1375  1470 D RIL     : requestRegistrationState
02-20 19:46:41.680  1375  1470 D AT      : AT> AT+CGREG?
02-20 19:46:41.680  1375  1473 D AT      : AT< +CGREG: 1,1,"0003","005b","000e"
02-20 19:46:41.680  1375  1473 D AT      : AT< OK
02-20 19:46:41.680  1375  1470 D RIL     : parseRegistrationState. Parsing: +CGREG: 1,1,"0003","005b","000e"
02-20 19:46:41.680  1375  1470 D RIL     : registration state type: 3GPP
02-20 19:46:41.680  1923  2002 D RILJ    : [3706]< DATA_REGISTRATION_STATE {1, 3, 5b, 14, null, null} [SUB0]
02-20 19:46:41.680  1923  1923 D RILJ    : [3707]> VOICE_REGISTRATION_STATE [SUB0]
02-20 19:46:41.682  1375  1470 D RIL     : onRequest: VOICE_REGISTRATION_STATE
02-20 19:46:41.682  1375  1470 D RIL     : requestRegistrationState
02-20 19:46:41.682  1375  1470 D AT      : AT> AT+CREG?
02-20 19:46:41.682  1923  1923 D RILJ    : [3708]> QUERY_NETWORK_SELECTION_MODE [SUB0]
02-20 19:46:41.682  1375  1473 D AT      : AT< +CREG: 2,1, "0003", "005b"
02-20 19:46:41.682  1375  1473 D AT      : AT< OK
02-20 19:46:41.682  1375  1470 D RIL     : parseRegistrationState. Parsing: +CREG: 2,1, "0003", "005b"
02-20 19:46:41.682  1375  1470 D RIL     : registration state type: 3GPP
02-20 19:46:41.682  1375  1470 D RIL     : onRequest: QUERY_NETWORK_SELECTION_MODE
02-20 19:46:41.682  1375  1470 D AT      : AT> AT+COPS?
02-20 19:46:41.682  1923  1923 D RuimRecords: [RuimRecords] fetchRuimRecords 0
02-20 19:46:41.682  1375  1473 D AT      : AT< +COPS: 0,2,310260
02-20 19:46:41.682  1375  1473 D AT      : AT< OK
02-20 19:46:41.682  1923  1923 D RILJ    : [3709]> getIMSI: GET_IMSI aid: null [SUB0]
02-20 19:46:41.682  1923  1923 D RILJ    : [3710]> iccIO: SIM_IO 0xc0 0x2fe2  path: 3F00,0,0,15 aid: null [SUB0]
02-20 19:46:41.682  1923  2002 D RILJ    : [3707]< VOICE_REGISTRATION_STATE {1, 3, 5b, 0, null, null, null, null, null, null, null, null, null, null, null} [SUB0]
02-20 19:46:41.682  1375  1470 D RIL     : onRequest: GET_IMSI
02-20 19:46:41.682  1375  1470 D AT      : AT> AT+CIMI
02-20 19:46:41.682  1375  1473 D AT      : AT< 310260000000000
02-20 19:46:41.682  1923  2002 D RILJ    : [3708]< QUERY_NETWORK_SELECTION_MODE {0} [SUB0]
02-20 19:46:41.682  1375  1473 D AT      : AT< OK
02-20 19:46:41.682  1375  1470 D RIL     : onRequest: SIM_IO
02-20 19:46:41.682  1375  1470 D AT      : AT> AT+CRSM=192,12258,0,0,15
02-20 19:46:41.682  1923  1923 D RILJ    : [3711]> iccIO: SIM_IO 0xc0 0x2f05  path: 3F00,0,0,15 aid: null [SUB0]
02-20 19:46:41.682  1375  1473 D AT      : AT< +CRSM: 144,0,0000000a2fe204000fa0aa01020000
02-20 19:46:41.682  1375  1473 D AT      : AT< OK
02-20 19:46:41.682  1923  2002 D RILJ    : [3709]< GET_IMSI  [SUB0]
02-20 19:46:41.682  1923  1923 D RILJ    : [3712]> iccIO: SIM_IO 0xc0 0x6f3a  path: 3F007F25,0,0,15 aid: null [SUB0]
02-20 19:46:41.682  1923  2002 D RILJ    : [3710]< SIM_IO IccIoResponse sw1:0x90 sw2:0x0 [SUB0]
02-20 19:46:41.682  1375  1470 D RIL     : onRequest: SIM_IO
02-20 19:46:41.682  1375  1470 D AT      : AT> AT+CRSM=192,12037,0,0,15
02-20 19:46:41.683  1375  1473 D AT      : AT< ERROR: BAD COMMAND
02-20 19:46:41.683  1375  1470 D RIL     : onRequest: SIM_IO
02-20 19:46:41.683  1375  1470 D AT      : AT> AT+CRSM=192,28474,0,0,15
02-20 19:46:41.683  1923  1923 D RILJ    : [3713]> iccIO: SIM_IO 0xc0 0x6f41  path: 3F007F25,0,0,15 aid: null [SUB0]
02-20 19:46:41.683  1375  1473 D AT      : AT< ERROR: BAD COMMAND
02-20 19:46:41.683  1375  1470 D RIL     : onRequest: SIM_IO
02-20 19:46:41.683  1375  1470 D AT      : AT> AT+CRSM=192,28481,0,0,15
02-20 19:46:41.683  1375  1473 D AT      : AT< ERROR: BAD COMMAND
02-20 19:46:41.683  1923  1923 D RILJ    : [3714]> iccIO: SIM_IO 0xc0 0x6f44  path: 3F007F25,0,0,15 aid: null [SUB0]
02-20 19:46:41.683  1923  2002 D RilRequest: [3711]< SIM_IO error: com.android.internal.telephony.CommandException: GENERIC_FAILURE ret=
02-20 19:46:41.683  1923  2002 D RilRequest: [3712]< SIM_IO error: com.android.internal.telephony.CommandException: GENERIC_FAILURE ret=
02-20 19:46:41.683  1923  1923 D RILJ    : [3715]> iccIO: SIM_IO 0xc0 0x6f22  path: 3F007F25,0,0,15 aid: null [SUB0]
02-20 19:46:41.683  1923  2002 D RilRequest: [3713]< SIM_IO error: com.android.internal.telephony.CommandException: GENERIC_FAILURE ret=
02-20 19:46:41.683  1375  1470 D RIL     : onRequest: SIM_IO
02-20 19:46:41.683  1375  1470 D AT      : AT> AT+CRSM=192,28484,0,0,15
02-20 19:46:41.683  1923  1923 D RILJ    : [3716]> iccIO: SIM_IO 0xc0 0x6f28  path: 3F007F25,0,0,15 aid: null [SUB0]
02-20 19:46:41.684  1923  1923 D RILJ    : [3717]> iccIO: SIM_IO 0xb0 0x6f5a  path: 3F007F25,0,0,4 aid: null [SUB0]
02-20 19:46:41.684  1375  1473 D AT      : AT< ERROR: BAD COMMAND
02-20 19:46:41.684  1375  1470 D RIL     : onRequest: SIM_IO
02-20 19:46:41.684  1375  1470 D AT      : AT> AT+CRSM=192,28450,0,0,15
02-20 19:46:41.684  1923  1923 D RILJ    : [3718]> iccIO: SIM_IO 0xc0 0x6f4d  path: 3F007F25,0,0,15 aid: null [SUB0]
02-20 19:46:41.684  1375  1473 D AT      : AT< ERROR: BAD COMMAND
02-20 19:46:41.684  1375  1470 D RIL     : onRequest: SIM_IO
02-20 19:46:41.684  1375  1470 D AT      : AT> AT+CRSM=192,28456,0,0,15
02-20 19:46:41.684  1375  1473 D AT      : AT< ERROR: BAD COMMAND
02-20 19:46:41.684  1375  1470 D RIL     : onRequest: SIM_IO
02-20 19:46:41.684  1375  1470 D AT      : AT> AT+CRSM=176,28506,0,0,4
02-20 19:46:41.684  1923  1923 D RuimRecords: [RuimRecords] fetchRuimRecords 10 requested: true
02-20 19:46:41.684  1923  1923 D RILJ    : [3719]> RIL_REQUEST_CDMA_SUBSCRIPTION [SUB0]
02-20 19:46:41.684  1923  1923 D GsmSMSDispatcher: GsmSMSDispatcher: subId = -2 slotId = 0
02-20 19:46:41.684  1923  1923 E IccCardProxy: setExternalState: !override and newstate unchanged from READY
02-20 19:46:41.684  1923  1923 D CAT     : CatService: handleMessage[8]
02-20 19:46:41.684  1923  1923 D CAT     : CatService: MSG_ID_ICC_CHANGED
02-20 19:46:41.684  1923  1923 D CAT     : CatService: New Card State = CARDSTATE_PRESENT Old Card State = CARDSTATE_PRESENT
02-20 19:46:41.684  1923  1923 D UiccCardApplication: Error in querying facility lock:com.android.internal.telephony.CommandException: REQUEST_NOT_SUPPORTED
02-20 19:46:41.684  1923  1923 D UiccCardApplication: Error in querying facility lock:com.android.internal.telephony.CommandException: REQUEST_NOT_SUPPORTED
02-20 19:46:41.684  1923  1923 D UiccCardApplication: Error in querying facility lock:com.android.internal.telephony.CommandException: REQUEST_NOT_SUPPORTED
02-20 19:46:41.685  1375  1473 D AT      : AT< ERROR: BAD COMMAND
02-20 19:46:41.685  1375  1470 D RIL     : onRequest: SIM_IO
02-20 19:46:41.685  1375  1470 D AT      : AT> AT+CRSM=192,28493,0,0,15
02-20 19:46:41.685  1375  1473 D AT      : AT< ERROR: BAD COMMAND
02-20 19:46:41.685  1375  1470 D RIL     : onRequest: CDMA_SUBSCRIPTION
02-20 19:46:41.685  1375  1470 D RIL     : Request not supported. Tech: 1
02-20 19:46:41.686  1923  1923 D RILJ    : [3720]> RIL_REQUEST_SIM_CLOSE_CHANNEL [SUB0]
02-20 19:46:41.686  1923  2002 D RilRequest: [3714]< SIM_IO error: com.android.internal.telephony.CommandException: GENERIC_FAILURE ret=
02-20 19:46:41.710  1375  1470 D RIL     : onRequest: SIM_CLOSE_CHANNEL
02-20 19:46:41.710  1375  1470 D AT      : AT> AT+CCHC=1
02-20 19:46:41.711  1923  1923 D SIMRecords: [SIMRecords] IMSI: mMncLength=-1
02-20 19:46:41.711  1923  2002 D RilRequest: [3715]< SIM_IO error: com.android.internal.telephony.CommandException: GENERIC_FAILURE ret=
02-20 19:46:41.711  1923  1923 D SIMRecords: [SIMRecords] IMSI: 310260[D1jVpVFfGoqdF5qliFi2ey-KM4g]
02-20 19:46:41.711  1923  1923 D SIMRecords: [SIMRecords] onRecordLoaded 16 requested: true
02-20 19:46:41.711  1923  1923 D RILJ    : [3721]> iccIO: SIM_IO 0xb0 0x2fe2  path: 3F00,0,0,10 aid: null [SUB0]
02-20 19:46:41.711  1375  1473 D AT      : AT< +CCHC
02-20 19:46:41.711  1375  1473 D AT      : AT< OK
02-20 19:46:41.711  1923  2002 D RilRequest: [3716]< SIM_IO error: com.android.internal.telephony.CommandException: GENERIC_FAILURE ret=
02-20 19:46:41.719  2154  2272 D EGL_emulation: eglMakeCurrent: 0x73f141084720: ver 3 0 (tinfo 0x73f1410ad480)
02-20 19:46:41.753  1923  1923 D RILJ    : [3722]> iccIO: SIM_IO 0xb2 0x6f40  path: 3F007F10,1,4,32 aid: null [SUB0]
02-20 19:46:41.753  1923  2002 D RilRequest: [3717]< SIM_IO error: com.android.internal.telephony.CommandException: GENERIC_FAILURE ret=
02-20 19:46:41.753  1375  1470 D RIL     : onRequest: SIM_IO
02-20 19:46:41.753  1375  1470 D AT      : AT> AT+CRSM=176,12258,0,0,10
02-20 19:46:41.754  1375  1473 D AT      : AT< +CRSM: 144,0,98101430121181157002
02-20 19:46:41.754  1375  1473 D AT      : AT< OK
02-20 19:46:41.755  1923  1923 D RILJ    : [3723]> iccIO: SIM_IO 0xb2 0x6fc9  path: 3F007F20,1,4,4 aid: null [SUB0]
02-20 19:46:41.755  1375  1470 D RIL     : onRequest: SIM_IO
02-20 19:46:41.755  1375  1470 D AT      : AT> AT+CRSM=178,28480,1,4,32
02-20 19:46:41.756  1375  1473 D AT      : AT< +CRSM: 144,0,ffffffffffffffffffffffffffffffffffff07815155255155f4ffffffffffff
02-20 19:46:41.756  1375  1473 D AT      : AT< OK
02-20 19:46:41.756  1923  1923 D RILJ    : [3724]> iccIO: SIM_IO 0xb0 0x6fad  path: 3F007F20,0,0,4 aid: null [SUB0]
02-20 19:46:41.757  1375  1470 D RIL     : onRequest: SIM_IO
02-20 19:46:41.757  1375  1470 D AT      : AT> AT+CRSM=178,28617,1,4,4
02-20 19:46:41.758  1923  1923 D RILJ    : [3725]> iccIO: SIM_IO 0xb2 0x6fca  path: 3F007F20,1,4,5 aid: null [SUB0]
02-20 19:46:41.758  1375  1473 D AT      : AT< +CRSM: 144,0,01000000
02-20 19:46:41.758  1375  1473 D AT      : AT< OK
02-20 19:46:41.758  1923  2002 D RilRequest: [3718]< SIM_IO error: com.android.internal.telephony.CommandException: GENERIC_FAILURE ret=
02-20 19:46:41.758  1923  1957 D SubscriptionController: [getActiveSubInfoList] Sub Controller not ready
02-20 19:46:41.781  1375  1470 D RIL     : onRequest: SIM_IO
02-20 19:46:41.781  1375  1470 D AT      : AT> AT+CRSM=176,28589,0,0,4
02-20 19:46:41.781  1375  1473 D AT      : AT< +CRSM: 144,0,00000003
02-20 19:46:41.781  1375  1473 D AT      : AT< OK
02-20 19:46:41.790  1923  2002 D RilRequest: [3719]< RIL_REQUEST_CDMA_SUBSCRIPTION error: com.android.internal.telephony.CommandException: REQUEST_NOT_SUPPORTED ret=
02-20 19:46:41.791  1923  2002 D RILJ    : [3720]< RIL_REQUEST_SIM_CLOSE_CHANNEL  [SUB0]
02-20 19:46:41.791  1923  2002 D RILJ    : [3721]< SIM_IO IccIoResponse sw1:0x90 sw2:0x0 [SUB0]
02-20 19:46:41.792  1375  1470 D RIL     : onRequest: SIM_IO
02-20 19:46:41.792  1375  1470 D AT      : AT> AT+CRSM=178,28618,1,4,5
02-20 19:46:41.793  1375  1473 D AT      : AT< +CRSM: 144,0,0000000000
02-20 19:46:41.793  1375  1473 D AT      : AT< OK
02-20 19:46:41.793  1923  1923 D RILJ    : [3726]> iccIO: SIM_IO 0xb0 0x6f11  path: 3F007F20,0,0,1 aid: null [SUB0]
02-20 19:46:41.794  1923  1923 D RILJ    : [3727]> iccIO: SIM_IO 0xb0 0x6f13  path: 3F007F20,0,0,1 aid: null [SUB0]
02-20 19:46:41.795  1923  2002 D RILJ    : [3722]< SIM_IO IccIoResponse sw1:0x90 sw2:0x0 [SUB0]
02-20 19:46:41.795  1375  1470 D RIL     : onRequest: SIM_IO
02-20 19:46:41.795  1375  1470 D AT      : AT> AT+CRSM=176,28433,0,0,1
02-20 19:46:41.796  1375  1473 D AT      : AT< +CRSM: 144,0,55
02-20 19:46:41.796  1375  1473 D AT      : AT< OK
02-20 19:46:41.796  1923  1923 D RILJ    : [3728]> iccIO: SIM_IO 0xb2 0x6fc5  path: 3F007F20,1,4,24 aid: null [SUB0]
02-20 19:46:41.797  1375  1470 D RIL     : onRequest: SIM_IO
02-20 19:46:41.797  1375  1470 D AT      : AT> AT+CRSM=176,28435,0,0,1
02-20 19:46:41.797  1375  1473 D AT      : AT< +CRSM: 144,0,55
02-20 19:46:41.797  1375  1473 D AT      : AT< OK
02-20 19:46:41.797  1923  1923 D RILJ    : [3729]> iccIO: SIM_IO 0xb0 0x6f38  path: 3F007F20,0,0,15 aid: null [SUB0]
02-20 19:46:41.798  1375  1470 D RIL     : onRequest: SIM_IO
02-20 19:46:41.798  1375  1470 D AT      : AT> AT+CRSM=178,28613,1,4,24
02-20 19:46:41.799  1375  1473 D AT      : AT< +CRSM: 144,0,43058441aa890affffffffffffffffffffffffffffffffff
02-20 19:46:41.799  1375  1473 D AT      : AT< OK
02-20 19:46:41.800  1923  1923 D RILJ    : [3730]> iccIO: SIM_IO 0xb0 0x6f16  path: 3F007F20,0,0,2 aid: null [SUB0]
02-20 19:46:41.803  1375  1470 D RIL     : onRequest: SIM_IO
02-20 19:46:41.803  1375  1470 D AT      : AT> AT+CRSM=176,28472,0,0,15
02-20 19:46:41.804  1923  1923 D SubscriptionInfoUpdater: [Receiver]+
02-20 19:46:41.804  1923  1923 D SubscriptionInfoUpdater: Action: android.intent.action.SIM_STATE_CHANGED
02-20 19:46:41.804  1923  1923 D SubscriptionInfoUpdater: slotId: 0
02-20 19:46:41.804  1923  1923 D SubscriptionInfoUpdater: simStatus: READY
02-20 19:46:41.804  1923  1923 D SubscriptionInfoUpdater: Ignoring simStatus: READY
02-20 19:46:41.804  1923  1923 D SubscriptionInfoUpdater: [Receiver]-
02-20 19:46:41.804  1923  1923 E SST     : error parsing GprsRegistrationState: java.lang.NumberFormatException: null
02-20 19:46:41.804  1923  1923 D SST     : handlPollStateResultMessage: GsmSST setDataRegState=0 regState=1 dataRadioTechnology=14
02-20 19:46:41.804  1923  1923 D SST     : EVENT_POLL_STATE_NETWORK_SELECTION_MODE
02-20 19:46:41.804  1923  1923 D SST     : Poll ServiceState done:  oldSS=[0 0 voice home data home Android Android 310260 Android Android 310260  Unknown LTE CSS not supported 0 0 RoamInd=0 DefRoamInd=0 EmergOnly=false IsDataRoamingFromRegistration=false IsUsingCarrierAggregation=false] newSS=[0 0 voice home data home Android Android 310260 Android Android 310260  Unknown LTE CSS not supported -1 -1 RoamInd=-1 DefRoamInd=-1 EmergOnly=false IsDataRoamingFromRegistration=false IsUsingCarrierAggregation=false] oldMaxDataCalls=1 mNewMaxDataCalls=1 oldReasonDataDenied=-1 mNewReasonDataDenied=-1
02-20 19:46:41.804  1923  1923 D SIMRecords: [SIMRecords] getServiceProviderName: no brandOverride, providerName=null
02-20 19:46:41.804  1923  1923 D SIMRecords: [SIMRecords] getServiceProviderName: no brandOverride, providerName=null
02-20 19:46:41.804  1923  1923 D TelephonyManager: setTelephonyProperty: success phoneId=0 property=gsm.operator.alpha value: Android propVal=Android
02-20 19:46:41.804  1923  1923 D TelephonyManager: setTelephonyProperty: success phoneId=0 property=gsm.operator.numeric value: 310260 propVal=310260
02-20 19:46:41.805  1923  2002 D RILJ    : [3723]< SIM_IO IccIoResponse sw1:0x90 sw2:0x0 [SUB0]
02-20 19:46:41.805  1923  2002 D RILJ    : [3724]< SIM_IO IccIoResponse sw1:0x90 sw2:0x0 [SUB0]
02-20 19:46:41.805  1923  2002 D RILJ    : [3725]< SIM_IO IccIoResponse sw1:0x90 sw2:0x0 [SUB0]
02-20 19:46:41.805  1923  2002 D RILJ    : [3726]< SIM_IO IccIoResponse sw1:0x90 sw2:0x0 [SUB0]
02-20 19:46:41.805  1923  2002 D RILJ    : [3727]< SIM_IO IccIoResponse sw1:0x90 sw2:0x0 [SUB0]
02-20 19:46:41.805  1923  2002 D RILJ    : [3728]< SIM_IO IccIoResponse sw1:0x90 sw2:0x0 [SUB0]
02-20 19:46:41.805  1923  1923 D TelephonyManager: setTelephonyProperty: success phoneId=0 property=gsm.operator.iso-country value: us propVal=us
02-20 19:46:41.805  1923  1923 D SST     : pollStateDone: there are 6 unique offsets for iso-cc='us testOneUniqueOffsetPath=false', do nothing
02-20 19:46:41.805  1375  1473 D AT      : AT< +CRSM: 144,0,ff30ffff3c003c03000c0000f03f00
02-20 19:46:41.805  1375  1473 D AT      : AT< OK
02-20 19:46:41.806  1375  1470 D RIL     : onRequest: SIM_IO
02-20 19:46:41.806  1375  1470 D AT      : AT> AT+CRSM=176,28438,0,0,2
02-20 19:46:41.806  1375  1473 D AT      : AT< +CRSM: 144,0,0233
02-20 19:46:41.806  1375  1473 D AT      : AT< OK
02-20 19:46:41.806  1923  2002 D RILJ    : [3729]< SIM_IO IccIoResponse sw1:0x90 sw2:0x0 [SUB0]
02-20 19:46:41.807  1923  2002 D RILJ    : [3730]< SIM_IO IccIoResponse sw1:0x90 sw2:0x0 [SUB0]
02-20 19:46:41.807  1923  1923 D SST     : shouldFixTimeZoneNow: retVal=false iccCardExist=true operatorNumeric=310260 mcc=310 prevOperatorNumeric=310260 prevMcc=310 needToFixTimeZone=false ltod=02-20 19:46:41.805
02-20 19:46:41.808  1923  1923 D TelephonyManager: setTelephonyProperty: success phoneId=0 property=gsm.operator.isroaming value: false propVal=false
02-20 19:46:41.808  1923  1923 D SST     : Broadcasting ServiceState : 0 0 voice home data home Android Android 310260 Android Android 310260  Unknown LTE CSS not supported -1 -1 RoamInd=-1 DefRoamInd=-1 EmergOnly=false IsDataRoamingFromRegistration=false IsUsingCarrierAggregation=false
02-20 19:46:41.808  1923  1923 D DefaultPhoneNotifier: nofityServiceState: mRegistry=com.android.internal.telephony.ITelephonyRegistry$Stub$Proxy@a780be9 ss=0 0 voice home data home Android Android 310260 Android Android 310260  Unknown LTE CSS not supported -1 -1 RoamInd=-1 DefRoamInd=-1 EmergOnly=false IsDataRoamingFromRegistration=false IsUsingCarrierAggregation=false sender=Handler (com.android.internal.telephony.GsmCdmaPhone) {1e09947} phondId=0 subId=-2
02-20 19:46:41.809  1923  1923 D SubscriptionController: [getSlotId]- subId invalid
02-20 19:46:41.809  1665  2281 D TelephonyManager: getSimState: default sim:-1, sim state for slotIdx=0 is 5, return state as unknown
02-20 19:46:41.822  1923  1923 D RuimRecords: [RuimRecords] NO update mccmnc=310260
02-20 19:46:41.822  1923  1923 D RuimRecords: [RuimRecords] onRecordLoaded 9 requested: true
02-20 19:46:41.822  1923  1923 D RILJ    : [3731]> iccIO: SIM_IO 0xb0 0x2fe2  path: 3F00,0,0,10 aid: null [SUB0]
02-20 19:46:41.842  1375  1470 D RIL     : onRequest: SIM_IO
02-20 19:46:41.842  1375  1470 D AT      : AT> AT+CRSM=176,12258,0,0,10
02-20 19:46:41.842  1375  1473 D AT      : AT< +CRSM: 144,0,98101430121181157002
02-20 19:46:41.842  1375  1473 D AT      : AT< OK
02-20 19:46:41.843  1923  2002 D RILJ    : [3731]< SIM_IO IccIoResponse sw1:0x90 sw2:0x0 [SUB0]
02-20 19:46:41.843  1923  1923 D IccCardProxy: broadcastIccStateChangedIntent intent ACTION_SIM_STATE_CHANGED value=IMSI reason=null for mPhoneId=0
02-20 19:46:41.894  1665  1699 I am_activity_launch_time: [0,95856654,com.google.android.apps.nexuslauncher/.NexusLauncherActivity,1192,1192]
02-20 19:46:41.894  1665  1699 I ActivityManager: Displayed com.google.android.apps.nexuslauncher/.NexusLauncherActivity: +1s192ms
02-20 19:46:41.899  1665  1790 I am_destroy_activity: [0,85231248,1,com.android.settings/.FallbackHome,finish-idle]
02-20 19:46:41.986  1765  2250 D TelephonyManager: getSimState: default sim:-1, sim state for slotIdx=0 is 5, return state as unknown
02-20 19:46:42.023  1665  1693 V KeyguardServiceDelegate: *** Keyguard connected (yay!)
02-20 19:46:42.023  1923  1923 D SIMRecords: [SIMRecords] onRecordLoaded 15 requested: true
02-20 19:46:42.024  1923  1923 D RILJ    : [3732]> iccIO: SIM_IO 0xc0 0x6f14  path: 3F007F20,0,0,15 aid: null [SUB0]
02-20 19:46:42.025  1923  1923 D SIMRecords: [SIMRecords] onRecordLoaded 15 requested: true
02-20 19:46:42.025  1923  1923 D SIMRecords: [SIMRecords] onRecordLoaded 14 requested: true
02-20 19:46:42.025  1923  1923 E SIMRecords: [SIMRecords] Exception in fetching EF_CSP data com.android.internal.telephony.CommandException: GENERIC_FAILURE
02-20 19:46:42.025  1923  1923 D SIMRecords: [SIMRecords] onRecordLoaded 13 requested: true
02-20 19:46:42.025  1923  1923 E SIMRecords: [SIMRecords] Exception in get GID1 com.android.internal.telephony.CommandException: GENERIC_FAILURE
02-20 19:46:42.025  1923  1923 D SIMRecords: [SIMRecords] onRecordLoaded 12 requested: true
02-20 19:46:42.025  1923  1923 E SIMRecords: [SIMRecords] Exception in get GID2 com.android.internal.telephony.CommandException: GENERIC_FAILURE
02-20 19:46:42.025  1923  1923 D SIMRecords: [SIMRecords] onRecordLoaded 11 requested: true
02-20 19:46:42.025  1923  1923 D RuimRecords: [RuimRecords] EF_PL LOADED
02-20 19:46:42.025  1923  1923 E RuimRecords: [RuimRecords] Record Load Exception: com.android.internal.telephony.CommandException: GENERIC_FAILURE
02-20 19:46:42.025  1923  1923 D RuimRecords: [RuimRecords] onRecordLoaded 8 requested: true
02-20 19:46:42.025  1923  1923 D RuimRecords: [RuimRecords] EF_CSIM_LI LOADED
02-20 19:46:42.025  1923  1923 E RuimRecords: [RuimRecords] Record Load Exception: com.android.internal.telephony.CommandException: GENERIC_FAILURE
02-20 19:46:42.025  1923  1923 D RuimRecords: [RuimRecords] onRecordLoaded 7 requested: true
02-20 19:46:42.025  1923  1923 D RuimRecords: [RuimRecords] EF_CSIM_SPN LOADED
02-20 19:46:42.025  1923  1923 E RuimRecords: [RuimRecords] Record Load Exception: com.android.internal.telephony.CommandException: GENERIC_FAILURE
02-20 19:46:42.025  1923  1923 D RuimRecords: [RuimRecords] onRecordLoaded 6 requested: true
02-20 19:46:42.025  1923  1923 D RuimRecords: [RuimRecords] EF_CSIM_MDN LOADED
02-20 19:46:42.025  1923  1923 E RuimRecords: [RuimRecords] Record Load Exception: com.android.internal.telephony.CommandException: GENERIC_FAILURE
02-20 19:46:42.034  1375  1470 D RIL     : onRequest: SIM_IO
02-20 19:46:42.034  1375  1470 D AT      : AT> AT+CRSM=192,28436,0,0,15
02-20 19:46:42.034  1375  1473 D AT      : AT< +CRSM: 144,0,000000146f1404001aa0aa01020000
02-20 19:46:42.034  1375  1473 D AT      : AT< OK
02-20 19:46:42.035  1923  2002 D RILJ    : [3732]< SIM_IO IccIoResponse sw1:0x90 sw2:0x0 [SUB0]
02-20 19:46:42.042  1923  1923 D RuimRecords: [RuimRecords] onRecordLoaded 5 requested: true
02-20 19:46:42.042  1923  1923 D RuimRecords: [RuimRecords] EF_CSIM_IMSIM LOADED
02-20 19:46:42.042  1923  1923 E RuimRecords: [RuimRecords] Record Load Exception: com.android.internal.telephony.CommandException: GENERIC_FAILURE
02-20 19:46:42.042  1923  1923 D RuimRecords: [RuimRecords] onRecordLoaded 4 requested: true
02-20 19:46:42.042  1923  1923 D SubscriptionInfoUpdater: [Receiver]+
02-20 19:46:42.042  1923  1923 D SubscriptionInfoUpdater: Action: android.intent.action.SIM_STATE_CHANGED
02-20 19:46:42.042  1923  1923 D SubscriptionInfoUpdater: slotId: 0
02-20 19:46:42.042  1923  1923 D SubscriptionInfoUpdater: simStatus: IMSI
02-20 19:46:42.042  1923  1923 D SubscriptionInfoUpdater: Ignoring simStatus: IMSI
02-20 19:46:42.042  1923  1923 D SubscriptionInfoUpdater: [Receiver]-
02-20 19:46:42.042  1923  1923 D RuimRecords: [RuimRecords] EF_CSIM_CDMAHOME LOADED
02-20 19:46:42.042  1923  1923 E RuimRecords: [RuimRecords] Record Load Exception: com.android.internal.telephony.CommandException: GENERIC_FAILURE
02-20 19:46:42.042  1923  1923 D RuimRecords: [RuimRecords] onRecordLoaded 3 requested: true
02-20 19:46:42.049  1923  1923 D RuimRecords: [RuimRecords] EF_CSIM_EPRL LOADED
02-20 19:46:42.049  1923  1923 E RuimRecords: [RuimRecords] Record Load Exception: com.android.internal.telephony.CommandException: GENERIC_FAILURE
02-20 19:46:42.049  1923  1923 D RuimRecords: [RuimRecords] onRecordLoaded 2 requested: true
02-20 19:46:42.049  1923  1923 D RuimRecords: [RuimRecords] EF_CSIM_MIPUPP LOADED
02-20 19:46:42.049  1923  1923 E RuimRecords: [RuimRecords] Record Load Exception: com.android.internal.telephony.CommandException: GENERIC_FAILURE
02-20 19:46:42.049  1923  1923 D RuimRecords: [RuimRecords] onRecordLoaded 1 requested: true
02-20 19:46:42.049  1923  1923 D SIMRecords: [SIMRecords] iccid: 89014103211118510720
02-20 19:46:42.049  1923  1923 D SIMRecords: [SIMRecords] onRecordLoaded 10 requested: true
02-20 19:46:42.058  1923  1923 D SIMRecords: [SIMRecords] EF_MBI: 01000000
02-20 19:46:42.058  1923  1923 D SIMRecords: [SIMRecords] Got valid mailbox number for MBDN
02-20 19:46:41.281     0     0 D ieee80211 phy0: hw scan 5200 MHz
02-20 19:46:42.058  1923  1923 D RILJ    : [3733]> iccIO: SIM_IO 0xc0 0x6fc7  path: 3F007F20,0,0,15 aid: null [SUB0]
02-20 19:46:42.082  2251  2251 I GoogleHttpClient: GMS http client unavailable, use old client
02-20 19:46:42.083  1923  1923 D SIMRecords: [SIMRecords] onRecordLoaded 10 requested: true
02-20 19:46:42.084  1375  1470 D RIL     : onRequest: SIM_IO
02-20 19:46:42.084  1375  1470 D AT      : AT> AT+CRSM=192,28615,0,0,15
02-20 19:46:42.085  1375  1473 D AT      : AT< +CRSM: 144,0,000000406fc7040011a0aa01020120
02-20 19:46:42.085  1375  1473 D AT      : AT< OK
02-20 19:46:42.085  1923  2002 D RILJ    : [3733]< SIM_IO IccIoResponse sw1:0x90 sw2:0x0 [SUB0]
02-20 19:46:42.085  1923  1923 D SIMRecords: [SIMRecords] EF_AD: 00000003
02-20 19:46:42.085  1923  1923 D SIMRecords: [SIMRecords] setting4 mMncLength=3
02-20 19:46:42.085  1923  1923 D SIMRecords: [SIMRecords] update mccmnc=310260
02-20 19:46:42.085  1923  1923 D MccTable: updateMccMncConfiguration mccmnc='310260' fromServiceState=false
02-20 19:46:42.085  1923  1923 D SubscriptionController: [getPhoneId]- no sims, returning default phoneId=2147483647
02-20 19:46:42.088  1923  1923 D MccTable: updateMccMncConfiguration defaultMccMnc=
02-20 19:46:42.088  1923  1923 D MccTable: updateMccMncConfiguration: mcc=310, mnc=260
02-20 19:46:42.088  1923  1923 D MccTable: updateMccMncConfiguration updateConfig config={1.0 310mcc260mnc ?localeList ?layoutDir ?swdp ?wdp ?hdp ?density ?lsize ?long ?orien ?uimode ?night ?touch ?keyb/?/? ?nav/?}
02-20 19:46:42.088  1665  2079 I configuration_changed: 3
02-20 19:46:42.088  1665  2079 I ActivityManager: Config changes=3 {1.0 310mcc260mnc [en_US] ldltr sw360dp w360dp h668dp 640dpi nrml long port finger -keyb/v/h -nav/h s.6}
02-20 19:46:42.169  1928  1928 I am_on_stop_called: [0,com.android.settings.FallbackHome,destroy]
02-20 19:46:41.401     0     0 D ieee80211 phy0: hw scan 5220 MHz
02-20 19:46:42.231  1313  1758 D PermissionCache: checking android.permission.READ_FRAME_BUFFER for uid=1000 => granted (322 us)
02-20 19:46:42.232  1313  1758 D gralloc_ranchu: gralloc_alloc: Creating ashmem region of size 17051648
02-20 19:46:42.233  1313  1758 D         : HostConnection::get() New Host Connection established 0x7f221741b960, tid 1758
02-20 19:46:42.248  2219  2219 W System  : ClassLoader referenced unknown path: /system/app/PrebuiltDeskClockGoogle/lib/x86_64
02-20 19:46:42.255  1923  1957 D SubscriptionController: [getActiveSubInfoList] Sub Controller not ready
02-20 19:46:42.284  1665  2079 I am_relaunch_resume_activity: [0,95856654,65,com.google.android.apps.nexuslauncher/.NexusLauncherActivity]
02-20 19:46:42.287  1923  1923 D SIMRecords: [SIMRecords] onRecordLoaded 9 requested: true
02-20 19:46:41.521     0     0 D ieee80211 phy0: hw scan 5240 MHz
02-20 19:46:42.287  1923  1923 D SIMRecords: [SIMRecords] EF_MWIS : 0000000000
02-20 19:46:41.640     0     0 D ieee80211 phy0: hw scan 5745 MHz
02-20 19:46:41.784     0     0 D ieee80211 phy0: hw scan 5765 MHz
02-20 19:46:41.900     0     0 D ieee80211 phy0: hw scan 5785 MHz
02-20 19:46:42.287  1923  1923 D SIMRecords: [SIMRecords] onRecordLoaded 8 requested: true
02-20 19:46:42.287  1923  1923 D SIMRecords: [SIMRecords] EF_CPHS_MWI: 55
02-20 19:46:42.287  1923  1923 D SIMRecords: [SIMRecords] onRecordLoaded 7 requested: true
02-20 19:46:42.287  1923  1923 D SIMRecords: [SIMRecords] EF_CFF_CPHS: 55
02-20 19:46:42.287  1923  1923 D SIMRecords: [SIMRecords] onRecordLoaded 6 requested: true
02-20 19:46:42.287  1923  1923 D SIMRecords: [SIMRecords] onRecordLoaded 5 requested: true
02-20 19:46:42.288  1923  1923 D SIMRecords: [SIMRecords] SST: UsimServiceTable[120]={ PHONEBOOK, FDN, FDN_EXTENSION, SDN, SDN_EXTENSION, BDN, BDN_EXTENSION, OUTGOING_CALL_INFO, ADVICE_OF_CHARGE, CAP_CONFIG_PARAMS_2, GROUP_ID_LEVEL_1, GROUP_ID_LEVEL_2, SPN, USER_PLMN_SELECT, MSISDN, IMAGE, LOCALISED_SERVICE_AREAS, EMLPP, EMLPP_AUTO_ANSWER, RFU, GSM_ACCESS, DATA_DL_VIA_SMS_PP, DATA_DL_VIA_SMS_CB, CALL_CONTROL_BY_USIM, MO_SMS_CONTROL_BY_USIM, RUN_AT_COMMAND, APN_CONTROL_LIST, DEPERSONALISATION_CONTROL_KEYS, COOPERATIVE_NETWORK_LIST, GSM_SECURITY_CONTEXT, SERVICE_PROVIDER_DISPLAY_INFO, MMS_NOTIFICATION, MMS_NOTIFICATION_EXTENSION, GPRS_CALL_CONTROL_BY_USIM, VGCS_GROUP_ID_LIST, VBS_GROUP_ID_LIST, OMA_BCAST_PROFILE, GBA_LOCAL_KEY_ESTABLISHMENT, #101, #102, #103, #104, #105, #106, #107, #108, #109, #110 }
02-20 19:46:42.288  1923  1923 D SIMRecords: [SIMRecords] onRecordLoaded 4 requested: true
02-20 19:46:42.289  1923  1923 D SIMRecords: [SIMRecords] iCPHS: 0233
02-20 19:46:42.289  1923  1923 D SIMRecords: [SIMRecords] onRecordLoaded 3 requested: true
02-20 19:46:42.289  1923  1923 D RuimRecords: [RuimRecords] iccid: 89014103211118510720
02-20 19:46:42.289  1923  1923 D RuimRecords: [RuimRecords] onRecordLoaded 0 requested: true
02-20 19:46:42.289  1923  1923 D RuimRecords: [RuimRecords] record load complete
02-20 19:46:42.289  1923  1923 D RILJ    : [3734]> iccIO: SIM_IO 0xb0 0x6f14  path: 3F007F20,0,0,20 aid: null [SUB0]
02-20 19:46:42.290  1375  1470 D RIL     : onRequest: SIM_IO
02-20 19:46:42.290  1375  1470 D AT      : AT> AT+CRSM=176,28436,0,0,20
02-20 19:46:42.290  1923  1923 D SIMRecords: [SIMRecords] MSISDN: [t-WgLegCyIMgfHgPkOdM6pkZbpA]
02-20 19:46:42.290  1923  1923 D SIMRecords: [SIMRecords] onRecordLoaded 2 requested: true
02-20 19:46:42.290  1923  1923 D RILJ    : [3735]> iccIO: SIM_IO 0xb2 0x6fc7  path: 3F007F20,1,4,32 aid: null [SUB0]
02-20 19:46:42.290  1375  1473 D AT      : AT< +CRSM: 144,0,416e64726f6964ffffffffffffffffffffffffff
02-20 19:46:42.290  1375  1473 D AT      : AT< OK
02-20 19:46:42.295  1665  1690 W art     : Long monitor contention with owner Binder:1665_6 (2079) at void com.android.server.am.ActivityManagerService.updateConfiguration(android.content.res.Configuration)(ActivityManagerService.java:18937) waiters=1 in com.android.server.am.ProcessRecord com.android.server.am.ActivityManagerService.findAppProcess(android.os.IBinder, java.lang.String) for 119ms
02-20 19:46:42.295  1665  1692 W art     : Long monitor contention with owner Binder:1665_6 (2079) at void com.android.server.am.ActivityManagerService.updateConfiguration(android.content.res.Configuration)(ActivityManagerService.java:18937) waiters=3 in void com.android.server.am.ActivityManagerService$MainHandler.handleMessage(android.os.Message) for 113ms
02-20 19:46:42.295  1665  1690 I dvm_lock_sample: [system_server,1,Binder:1665_2,119,ActivityManagerService.java,13717,-,18937,23]
02-20 19:46:42.295  1665  1692 I dvm_lock_sample: [system_server,1,ActivityManager,113,ActivityManagerService.java,2294,-,18937,22]
02-20 19:46:42.296  1375  1470 D RIL     : onRequest: SIM_IO
02-20 19:46:42.296  1375  1470 D AT      : AT> AT+CRSM=178,28615,1,4,32
02-20 19:46:42.297  1923  2002 D RILJ    : [3734]< SIM_IO IccIoResponse sw1:0x90 sw2:0x0 [SUB0]
02-20 19:46:42.297  1375  1473 D AT      : AT< +CRSM: 144,0,566f6963656d61696cffffffffffffffffff07915155125740f9ffffffffffff
02-20 19:46:42.297  1375  1473 D AT      : AT< OK
02-20 19:46:42.298  1923  1923 D SIMRecords: [SIMRecords] getServiceProviderName: no brandOverride, providerName=Android
02-20 19:46:42.298  1923  1923 D SIMRecords: [SIMRecords] Load EF_SPN_CPHS: Android
02-20 19:46:42.298  1923  1923 D TelephonyManager: setTelephonyProperty: success phoneId=0 property=gsm.sim.operator.alpha value: Android propVal=Android
02-20 19:46:42.298  1923  2002 D RILJ    : [3735]< SIM_IO IccIoResponse sw1:0x90 sw2:0x0 [SUB0]
02-20 19:46:42.298  1923  1923 D SIMRecords: [SIMRecords] onRecordLoaded 1 requested: true
02-20 19:46:42.299  1923  1923 D SIMRecords: [SIMRecords] VM: ADN Record 'Voicemail' '[-MWU1cAlDrkXUZ8dpHi_wU_YOpU] null' EF[MBDN]
02-20 19:46:42.299  1923  1923 D SIMRecords: [SIMRecords] onRecordLoaded 0 requested: true
02-20 19:46:42.299  1923  1923 D SIMRecords: [SIMRecords] record load complete
02-20 19:46:42.299  1923  1923 D SIMRecords: [SIMRecords] Not using EF LI/EF PL
02-20 19:46:42.299  1923  1923 D SIMRecords: [SIMRecords] EF_CFF: callForwardingEnabled=0
02-20 19:46:42.299  1923  1923 D SIMRecords: [SIMRecords] onAllRecordsLoaded set 'gsm.sim.operator.numeric' to operator='310260'
02-20 19:46:42.299  1923  1923 D SIMRecords: [SIMRecords] update icc_operator_numeric=310260
02-20 19:46:42.299  1923  1923 D TelephonyManager: setTelephonyProperty: success phoneId=0 property=gsm.sim.operator.numeric value: 310260 propVal=310260
02-20 19:46:42.299  1923  1923 D SubscriptionController: [setMccMnc]+ mcc/mnc:310/260 subId:-1
02-20 19:46:42.301  1923  1923 D SubscriptionController: notifySubscriptionInfoChanged:
02-20 19:46:42.309  1665  2283 I dvm_lock_sample: [system_server,1,Binder:1665_9,72,UserController.java,1438,ActivityManagerService.java,18937,14]
02-20 19:46:42.328  1665  2281 I wm_task_removed: [1,removeAppToken: last token]
02-20 19:46:42.328  1665  2281 I wm_task_removed: [1,removeTask]
02-20 19:46:42.346  1665  2089 I BackupManagerService: Found stale backup journal, scheduling
02-20 19:46:42.347  1665  1665 I GnssLocationProvider: WakeLock acquired by sendMessage(12, 0, null)
02-20 19:46:42.348  1665  1675 I art     : Background partial concurrent mark sweep GC freed 31547(2MB) AllocSpace objects, 18(724KB) LOS objects, 20% free, 15MB/19MB, paused 2.953ms total 801.144ms
02-20 19:46:42.349  1923  1923 D SIMRecords: [SIMRecords] onAllRecordsLoaded set mcc imsi
02-20 19:46:42.349  1923  1923 D TelephonyManager: setTelephonyProperty: success phoneId=0 property=gsm.sim.operator.iso-country value: us propVal=us
02-20 19:46:42.351  2265  2265 E OverlaySController: Calling with an invalid UID, the interface will not work
02-20 19:46:42.353  1923  2294 D SubscriptionController: [getActiveSubInfoList] Sub Controller not ready
02-20 19:46:42.353  1313  1323 D gralloc_ranchu: gralloc_alloc: Creating ashmem region of size 17051648
02-20 19:46:42.353  1923  1957 D DCT     : [0]hasMatchedTetherApnSetting: APN=null
02-20 19:46:42.359  1923  1923 D SST     : SubscriptionListener.onSubscriptionInfoChanged
02-20 19:46:42.359  1923  1923 D SIMRecords: [SIMRecords]  VoiceMessageCount from SIM MWIS = 0
02-20 19:46:42.359  1923  1923 E Phone   : getStoredVoiceMessageCount: invalid subId -2
02-20 19:46:42.359  1923  1923 D GsmCdmaPhone: [GsmCdmaPhone] updateVoiceMail countVoiceMessages = 0 subId -2
02-20 19:46:42.359  1923  1923 E Phone   : setVoiceMessageCount in sharedPreference: invalid subId -2
02-20 19:46:42.360  1923  1923 D DCT     : [0]SubscriptionListener.onSubscriptionInfoChanged
02-20 19:46:42.361  1923  1923 D SubscriptionController: [getActiveSubInfoList] Sub Controller not ready
02-20 19:46:42.361  1923  1923 D SubscriptionController: [getActiveSubInfoList] Sub Controller not ready
02-20 19:46:42.361  1923  1923 I Telephony: PstnIncomingCallNotifier: Unregistering: Handler (com.android.internal.telephony.GsmCdmaPhone) {1e09947}
02-20 19:46:42.361  1923  1923 E PhoneInterfaceManager: [PhoneIntfMgr] getIccId: No UICC
02-20 19:46:42.365  1665  1689 I Telecom : PhoneAccountRegistrar: [ComponentInfo{com.android.phone/com.android.services.telephony.TelephonyConnectionService}, [e0184adedf913b076626646d3f52c3b49c39ad6d], UserHandle{0}(addr: tel:*********** -> tel:)(icon: Icon(typ=BITMAP size=76x96) -> Icon(typ=BITMAP size=76x96))(subAddr: tel:*********** -> tel:)]: TSI.rPA@AAk
02-20 19:46:42.367  1665  1689 I Telecom : : Sending phone-account registered intent as user: TSI.rPA@AAk
02-20 19:46:42.368  1923  1923 I Telephony: AccountEntry: Registered phoneAccount: [[ ] PhoneAccount: ComponentInfo{com.android.phone/com.android.services.telephony.TelephonyConnectionService}, [e0184adedf913b076626646d3f52c3b49c39ad6d], UserHandle{0} Capabilities: CallProvider MultiUser PlaceEmerg SimSub  Schemes: tel voicemail  Extras: null GroupId: [da39a3ee5e6b4b0d3255bfef95601890afd80709]] with handle: ComponentInfo{com.android.phone/com.android.services.telephony.TelephonyConnectionService}, [e0184adedf913b076626646d3f52c3b49c39ad6d], UserHandle{0}
02-20 19:46:42.369  1923  1923 I Telephony: PstnIncomingCallNotifier: Registering: Handler (com.android.internal.telephony.GsmCdmaPhone) {1e09947}
02-20 19:46:42.370  1923  1923 D CAT     : CatService: handleMessage[20]
02-20 19:46:42.370  1923  1923 D GsmCdmaPhone: [GsmCdmaPhone] updateCurrentCarrierInProvider: mSubId = -2 currentDds = 1 operatorNumeric = 310260
02-20 19:46:42.370  1923  1923 D IccCardProxy: operator=310260 mPhoneId=0
02-20 19:46:42.370  1923  1923 D TelephonyManager: setTelephonyProperty: success phoneId=0 property=gsm.sim.operator.numeric value: 310260 propVal=310260
02-20 19:46:42.371  1923  1923 D TelephonyManager: setTelephonyProperty: success phoneId=0 property=gsm.sim.operator.iso-country value: us propVal=us
02-20 19:46:42.372  1923  1923 D IccCardProxy: Sending intent ACTION_INTERNAL_SIM_STATE_CHANGED for mPhoneId : 0
02-20 19:46:42.381  1923  1923 D SST     : EVENT_SIM_RECORDS_LOADED: what=16
02-20 19:46:42.381  1923  1923 D GsmCdmaPhone: [GsmCdmaPhone] updatePhoneObject: radioTechnology=0
02-20 19:46:42.381  1923  1923 D SST     : getOtasp: otasp not needed for GSM
02-20 19:46:42.381  1923  1923 D SST     : updateOtaspState: call notifyOtaspChanged old otaspMode=0 new otaspMode=3
02-20 19:46:42.382  1923  1923 D SIMRecords: [SIMRecords] getServiceProviderName: no brandOverride, providerName=Android
02-20 19:46:42.382  1923  1923 D SIMRecords: [SIMRecords] getServiceProviderName: no brandOverride, providerName=Android
02-20 19:46:42.383  1923  1923 D SST     : updateSpnDisplay: changed sending intent rule=1 showPlmn='false' plmn='Android' showSpn='true' spn='Android' dataSpn='Android' subId='-2'
02-20 19:46:42.384  1923  1923 D SubscriptionController: [setPlmnSpn] No valid subscription to store info
02-20 19:46:42.384  1923  1923 D SubscriptionController: notifySubscriptionInfoChanged:
02-20 19:46:42.388  1923  1923 E PhoneInterfaceManager: [PhoneIntfMgr] getIccId: No UICC
02-20 19:46:42.395  1665  2079 I Telecom : PhoneAccountRegistrar: [ComponentInfo{com.android.phone/com.android.services.telephony.TelephonyConnectionService}, [e0184adedf913b076626646d3f52c3b49c39ad6d], UserHandle{0}(icon: Icon(typ=BITMAP size=76x96) -> Icon(typ=BITMAP size=76x96))]: TSI.rPA@AAw
02-20 19:46:42.399  1665  2079 I Telecom : : Sending phone-account registered intent as user: TSI.rPA@AAw
02-20 19:46:42.400  1923  1923 D SubscriptionInfoUpdater: [Receiver]+
02-20 19:46:42.400  1923  1923 D SubscriptionInfoUpdater: Action: android.intent.action.internal_sim_state_changed
02-20 19:46:42.400  1923  1923 D SubscriptionInfoUpdater: slotId: 0
02-20 19:46:42.400  1923  1923 D SubscriptionInfoUpdater: simStatus: LOADED
02-20 19:46:42.400  1923  1923 D SubscriptionInfoUpdater: [Receiver]-
02-20 19:46:42.400  1923  1923 D GsmCdmaPhone: [GsmCdmaPhone] phoneObjectUpdater: newVoiceRadioTech=0
02-20 19:46:42.400  1923  1923 D GsmCdmaPhone: [GsmCdmaPhone] phoneObjectUpdater: volteReplacementRat=0
02-20 19:46:42.400  1923  1923 E GsmCdmaPhone: [GsmCdmaPhone] phoneObjectUpdater: newVoiceRadioTech=0 doesn't match either CDMA or GSM - error! No phone change
02-20 19:46:42.400  1923  1923 D SST     : SubscriptionListener.onSubscriptionInfoChanged
02-20 19:46:42.400  1923  1923 D DCT     : [0]SubscriptionListener.onSubscriptionInfoChanged
02-20 19:46:42.401  1923  1923 D SubscriptionController: [getActiveSubInfoList] Sub Controller not ready
02-20 19:46:42.401  1923  1923 D SubscriptionController: [getActiveSubInfoList] Sub Controller not ready
02-20 19:46:42.401  1923  1923 I Telephony: PstnIncomingCallNotifier: Unregistering: Handler (com.android.internal.telephony.GsmCdmaPhone) {1e09947}
