02-20 19:47:52.648  1928  1928 E SIMRecords: [SIMRecords] Exception in get GID2 com.android.internal.telephony.CommandException: GENERIC_FAILURE
02-20 19:47:52.648  1928  1928 D SIMRecords: [SIMRecords] onRecordLoaded 11 requested: true
02-20 19:47:52.650  1928  1928 D RuimRecords: [RuimRecords] EF_PL LOADED
02-20 19:47:52.650  1928  1928 E RuimRecords: [RuimRecords] Record Load Exception: com.android.internal.telephony.CommandException: GENERIC_FAILURE
02-20 19:47:52.650  1928  1928 D RuimRecords: [RuimRecords] onRecordLoaded 8 requested: true
02-20 19:47:52.650  1928  1928 D RuimRecords: [RuimRecords] EF_CSIM_LI LOADED
02-20 19:47:52.650  1928  1928 E RuimRecords: [RuimRecords] Record Load Exception: com.android.internal.telephony.CommandException: GENERIC_FAILURE
02-20 19:47:52.650  1928  1928 D RuimRecords: [RuimRecords] onRecordLoaded 7 requested: true
02-20 19:47:52.650  1928  1928 D RuimRecords: [RuimRecords] EF_CSIM_SPN LOADED
02-20 19:47:52.651  1928  1928 E RuimRecords: [RuimRecords] Record Load Exception: com.android.internal.telephony.CommandException: GENERIC_FAILURE
02-20 19:47:52.651  1679  1679 V BackupManagerService: Connected to transport ComponentInfo{android/com.android.internal.backup.LocalTransportService}
02-20 19:47:52.651  1679  1679 V BackupManagerService: Registering transport android/com.android.internal.backup.LocalTransportService::android/com.android.internal.backup.LocalTransport = android.app.backup.BackupTransport$TransportImpl@26daccb
02-20 19:47:52.659  1679  1679 I backup_transport_lifecycle: [android/com.android.internal.backup.LocalTransportService,1]
02-20 19:47:52.668  1679  1691 I am_proc_bound: [0,2108,com.google.android.gms.persistent]
02-20 19:47:52.680  1928  1928 D RuimRecords: [RuimRecords] onRecordLoaded 6 requested: true
02-20 19:47:52.681  1928  1928 D RuimRecords: [RuimRecords] EF_CSIM_MDN LOADED
02-20 19:47:52.681  1928  1928 E RuimRecords: [RuimRecords] Record Load Exception: com.android.internal.telephony.CommandException: GENERIC_FAILURE
02-20 19:47:52.681  1928  1928 D RuimRecords: [RuimRecords] onRecordLoaded 5 requested: true
02-20 19:47:52.681  1928  1928 D RuimRecords: [RuimRecords] EF_CSIM_IMSIM LOADED
02-20 19:47:52.681  1928  1928 E RuimRecords: [RuimRecords] Record Load Exception: com.android.internal.telephony.CommandException: GENERIC_FAILURE
02-20 19:47:52.681  1928  1928 D RuimRecords: [RuimRecords] onRecordLoaded 4 requested: true
02-20 19:47:52.681  1928  1928 D RuimRecords: [RuimRecords] EF_CSIM_CDMAHOME LOADED
02-20 19:47:52.681  1928  1928 E RuimRecords: [RuimRecords] Record Load Exception: com.android.internal.telephony.CommandException: GENERIC_FAILURE
02-20 19:47:52.681  1928  1928 D RuimRecords: [RuimRecords] onRecordLoaded 3 requested: true
02-20 19:47:52.681  1928  1928 D RuimRecords: [RuimRecords] EF_CSIM_EPRL LOADED
02-20 19:47:52.681  1928  1928 E RuimRecords: [RuimRecords] Record Load Exception: com.android.internal.telephony.CommandException: GENERIC_FAILURE
02-20 19:47:52.681  1928  1928 D RuimRecords: [RuimRecords] onRecordLoaded 2 requested: true
02-20 19:47:52.681  1928  1928 D RuimRecords: [RuimRecords] EF_CSIM_MIPUPP LOADED
02-20 19:47:52.681  1928  1928 E RuimRecords: [RuimRecords] Record Load Exception: com.android.internal.telephony.CommandException: GENERIC_FAILURE
02-20 19:47:52.681  1928  1928 D RuimRecords: [RuimRecords] onRecordLoaded 1 requested: true
02-20 19:47:52.681  1928  1928 D SIMRecords: [SIMRecords] iccid: 89014103211118510720
02-20 19:47:52.681  1928  1928 D SIMRecords: [SIMRecords] onRecordLoaded 10 requested: true
02-20 19:47:52.685  1928  1928 D SIMRecords: [SIMRecords] EF_MBI: 01000000
02-20 19:47:52.685  1928  1928 D SIMRecords: [SIMRecords] Got valid mailbox number for MBDN
02-20 19:47:52.685  1928  1928 D RILJ    : [3733]> iccIO: SIM_IO 0xc0 0x6fc7  path: 3F007F20,0,0,15 aid: null [SUB0]
02-20 19:47:52.700  1679  1689 I art     : Background partial concurrent mark sweep GC freed 50640(2MB) AllocSpace objects, 9(7MB) LOS objects, 21% free, 14MB/18MB, paused 2.129ms total 124.109ms
02-20 19:47:52.705  1375  1475 D RIL     : onRequest: SIM_IO
02-20 19:47:52.705  1375  1475 D AT      : AT> AT+CRSM=192,28615,0,0,15
02-20 19:47:52.705  1375  1477 D AT      : AT< +CRSM: 144,0,000000406fc7040011a0aa01020120
02-20 19:47:52.705  1375  1477 D AT      : AT< OK
02-20 19:47:52.705  1928  2017 D RILJ    : [3733]< SIM_IO IccIoResponse sw1:0x90 sw2:0x0 [SUB0]
02-20 19:47:52.705  1928  1928 D SIMRecords: [SIMRecords] onRecordLoaded 10 requested: true
02-20 19:47:52.705  1928  1928 D SIMRecords: [SIMRecords] EF_AD: 00000003
02-20 19:47:52.705  1928  1928 D SIMRecords: [SIMRecords] setting4 mMncLength=3
02-20 19:47:52.705  1928  1928 D SIMRecords: [SIMRecords] update mccmnc=310260
02-20 19:47:52.705  1928  1928 D MccTable: updateMccMncConfiguration mccmnc='310260' fromServiceState=false
02-20 19:47:52.705  1928  1928 D SubscriptionController: [getPhoneId]- no sims, returning default phoneId=2147483647
02-20 19:47:52.705  1928  1928 D MccTable: updateMccMncConfiguration defaultMccMnc=
02-20 19:47:52.705  1928  1928 D MccTable: updateMccMncConfiguration: mcc=310, mnc=260
02-20 19:47:52.705  1928  1928 D MccTable: updateMccMncConfiguration updateConfig config={1.0 310mcc260mnc ?localeList ?layoutDir ?swdp ?wdp ?hdp ?density ?lsize ?long ?orien ?uimode ?night ?touch ?keyb/?/? ?nav/?}
02-20 19:47:52.707  1679  1690 I configuration_changed: 3
02-20 19:47:52.708  1679  1690 I ActivityManager: Config changes=3 {1.0 310mcc260mnc [en_US] ldltr sw360dp w360dp h668dp 640dpi nrml long port finger -keyb/v/h -nav/h s.6}
02-20 19:47:52.711  1679  1690 I am_relaunch_resume_activity: [0,100524091,1,com.android.settings/.FallbackHome]
02-20 19:47:52.712  1928  1928 D SIMRecords: [SIMRecords] onRecordLoaded 9 requested: true
02-20 19:47:52.712  1928  1928 D SIMRecords: [SIMRecords] EF_MWIS : 0000000000
02-20 19:47:52.712  1928  1928 D SIMRecords: [SIMRecords] onRecordLoaded 8 requested: true
02-20 19:47:52.713  1941  1941 I am_on_paused_called: [0,com.android.settings.FallbackHome,handleRelaunchActivity]
02-20 19:47:52.717  1928  1928 D SIMRecords: [SIMRecords] EF_CPHS_MWI: 55
02-20 19:47:52.717  1928  1928 D SIMRecords: [SIMRecords] onRecordLoaded 7 requested: true
02-20 19:47:52.717  1928  1928 D SIMRecords: [SIMRecords] EF_CFF_CPHS: 55
02-20 19:47:52.717  1928  1928 D SIMRecords: [SIMRecords] onRecordLoaded 6 requested: true
02-20 19:47:52.717  1928  1928 D RILJ    : [3734]> iccIO: SIM_IO 0xb0 0x6f14  path: 3F007F20,0,0,20 aid: null [SUB0]
02-20 19:47:52.726  1375  1475 D RIL     : onRequest: SIM_IO
02-20 19:47:52.726  1375  1475 D AT      : AT> AT+CRSM=176,28436,0,0,20
02-20 19:47:52.728  1375  1477 D AT      : AT< +CRSM: 144,0,416e64726f6964ffffffffffffffffffffffffff
02-20 19:47:52.728  1928  1928 D SIMRecords: [SIMRecords] onRecordLoaded 5 requested: true
02-20 19:47:52.728  1375  1477 D AT      : AT< OK
02-20 19:47:52.729  1928  2017 D RILJ    : [3734]< SIM_IO IccIoResponse sw1:0x90 sw2:0x0 [SUB0]
02-20 19:47:52.729  1941  1981 D EGL_emulation: eglMakeCurrent: 0x7cc8fc2a3e40: ver 3 0 (tinfo 0x7cc8fc39e6a0)
02-20 19:47:52.729  1761  1761 I InputAttributes: InputType.TYPE_NULL is specified
02-20 19:47:52.730  1928  1928 D SIMRecords: [SIMRecords] SST: UsimServiceTable[120]={ PHONEBOOK, FDN, FDN_EXTENSION, SDN, SDN_EXTENSION, BDN, BDN_EXTENSION, OUTGOING_CALL_INFO, ADVICE_OF_CHARGE, CAP_CONFIG_PARAMS_2, GROUP_ID_LEVEL_1, GROUP_ID_LEVEL_2, SPN, USER_PLMN_SELECT, MSISDN, IMAGE, LOCALISED_SERVICE_AREAS, EMLPP, EMLPP_AUTO_ANSWER, RFU, GSM_ACCESS, DATA_DL_VIA_SMS_PP, DATA_DL_VIA_SMS_CB, CALL_CONTROL_BY_USIM, MO_SMS_CONTROL_BY_USIM, RUN_AT_COMMAND, APN_CONTROL_LIST, DEPERSONALISATION_CONTROL_KEYS, COOPERATIVE_NETWORK_LIST, GSM_SECURITY_CONTEXT, SERVICE_PROVIDER_DISPLAY_INFO, MMS_NOTIFICATION, MMS_NOTIFICATION_EXTENSION, GPRS_CALL_CONTROL_BY_USIM, VGCS_GROUP_ID_LIST, VBS_GROUP_ID_LIST, OMA_BCAST_PROFILE, GBA_LOCAL_KEY_ESTABLISHMENT, #101, #102, #103, #104, #105, #106, #107, #108, #109, #110 }
02-20 19:47:52.730  1928  1928 D SIMRecords: [SIMRecords] onRecordLoaded 4 requested: true
02-20 19:47:52.730  1928  1928 D SIMRecords: [SIMRecords] iCPHS: 0233
02-20 19:47:52.730  1928  1928 D SIMRecords: [SIMRecords] onRecordLoaded 3 requested: true
02-20 19:47:52.730  1928  1928 D RuimRecords: [RuimRecords] iccid: 89014103211118510720
02-20 19:47:52.730  1928  1928 D RuimRecords: [RuimRecords] onRecordLoaded 0 requested: true
02-20 19:47:52.730  1928  1928 D RuimRecords: [RuimRecords] record load complete
02-20 19:47:52.730  1941  1941 I am_on_stop_called: [0,com.android.settings.FallbackHome,destroy]
02-20 19:47:52.732  1928  1928 D SIMRecords: [SIMRecords] MSISDN: [t-WgLegCyIMgfHgPkOdM6pkZbpA]
02-20 19:47:52.732  1928  1928 D SIMRecords: [SIMRecords] onRecordLoaded 2 requested: true
02-20 19:47:52.732  1928  1928 D RILJ    : [3735]> iccIO: SIM_IO 0xb2 0x6fc7  path: 3F007F20,1,4,32 aid: null [SUB0]
02-20 19:47:52.732  1375  1475 D RIL     : onRequest: SIM_IO
02-20 19:47:52.732  1375  1475 D AT      : AT> AT+CRSM=178,28615,1,4,32
02-20 19:47:52.734  1375  1477 D AT      : AT< +CRSM: 144,0,566f6963656d61696cffffffffffffffffff07915155125740f9ffffffffffff
02-20 19:47:52.734  1375  1477 D AT      : AT< OK
02-20 19:47:52.734  1928  2017 D RILJ    : [3735]< SIM_IO IccIoResponse sw1:0x90 sw2:0x0 [SUB0]
02-20 19:47:52.742  1928  1928 D SIMRecords: [SIMRecords] getServiceProviderName: no brandOverride, providerName=Android
02-20 19:47:52.742  1928  1928 D SIMRecords: [SIMRecords] Load EF_SPN_CPHS: Android
02-20 19:47:52.742  1928  1928 D TelephonyManager: setTelephonyProperty: success phoneId=0 property=gsm.sim.operator.alpha value: Android propVal=Android
02-20 19:47:52.742  1928  1928 D SIMRecords: [SIMRecords] onRecordLoaded 1 requested: true
02-20 19:47:52.742  1928  1928 D SIMRecords: [SIMRecords] VM: ADN Record 'Voicemail' '[-MWU1cAlDrkXUZ8dpHi_wU_YOpU] null' EF[MBDN]
02-20 19:47:52.742  1928  1928 D SIMRecords: [SIMRecords] onRecordLoaded 0 requested: true
02-20 19:47:52.742  1928  1928 D SIMRecords: [SIMRecords] record load complete
02-20 19:47:52.742  1928  1928 D SIMRecords: [SIMRecords] Not using EF LI/EF PL
02-20 19:47:52.742  1928  1928 D SIMRecords: [SIMRecords] EF_CFF: callForwardingEnabled=0
02-20 19:47:52.742  1928  1928 D SIMRecords: [SIMRecords] onAllRecordsLoaded set 'gsm.sim.operator.numeric' to operator='310260'
02-20 19:47:52.742  1928  1928 D SIMRecords: [SIMRecords] update icc_operator_numeric=310260
02-20 19:47:52.742  1928  1928 D TelephonyManager: setTelephonyProperty: success phoneId=0 property=gsm.sim.operator.numeric value: 310260 propVal=310260
02-20 19:47:52.742  1928  1928 D SubscriptionController: [setMccMnc]+ mcc/mnc:310/260 subId:-1
02-20 19:47:52.745  1928  1928 D SubscriptionController: notifySubscriptionInfoChanged:
02-20 19:47:52.745  1679  1679 I GnssLocationProvider: WakeLock acquired by sendMessage(12, 0, null)
02-20 19:47:52.746  1928  1940 D SubscriptionController: [getActiveSubInfoList] Sub Controller not ready
02-20 19:47:52.746  1928  1928 D SIMRecords: [SIMRecords] onAllRecordsLoaded set mcc imsi
02-20 19:47:52.747  1928  1928 D TelephonyManager: setTelephonyProperty: success phoneId=0 property=gsm.sim.operator.iso-country value: us propVal=us
02-20 19:47:52.747  1928  1928 D SST     : SubscriptionListener.onSubscriptionInfoChanged
02-20 19:47:52.747  1928  1928 D SIMRecords: [SIMRecords]  VoiceMessageCount from SIM MWIS = 0
02-20 19:47:52.747  1928  1928 E Phone   : getStoredVoiceMessageCount: invalid subId -2
02-20 19:47:52.747  1928  1928 D GsmCdmaPhone: [GsmCdmaPhone] updateVoiceMail countVoiceMessages = 0 subId -2
02-20 19:47:52.747  1928  1928 E Phone   : setVoiceMessageCount in sharedPreference: invalid subId -2
02-20 19:47:52.747  1928  1928 D DCT     : [0]SubscriptionListener.onSubscriptionInfoChanged
02-20 19:47:52.748  1928  1928 D SubscriptionController: [getActiveSubInfoList] Sub Controller not ready
02-20 19:47:52.748  1928  1928 D SubscriptionController: [getActiveSubInfoList] Sub Controller not ready
02-20 19:47:52.748  1928  1928 I Telephony: PstnIncomingCallNotifier: Unregistering: Handler (com.android.internal.telephony.GsmCdmaPhone) {c2ecf8e}
02-20 19:47:52.748  1928  1928 E PhoneInterfaceManager: [PhoneIntfMgr] getIccId: No UICC
02-20 19:47:52.760  1679  1967 I dvm_lock_sample: [system_server,1,Binder:1679_5,33,NetworkManagementService.java,1886,-,1811,6]
02-20 19:47:52.764  1679  1690 I Telecom : PhoneAccountRegistrar: [ComponentInfo{com.android.phone/com.android.services.telephony.TelephonyConnectionService}, [e0184adedf913b076626646d3f52c3b49c39ad6d], UserHandle{0}(addr: tel:*********** -> tel:)(icon: Icon(typ=BITMAP size=76x96) -> Icon(typ=BITMAP size=76x96))(subAddr: tel:*********** -> tel:)]: TSI.rPA@AAg
02-20 19:47:52.767  1941  1941 I am_on_resume_called: [0,com.android.settings.FallbackHome,handleRelaunchActivity]
02-20 19:47:52.769  1679  1690 I Telecom : : Sending phone-account registered intent as user: TSI.rPA@AAg
02-20 19:47:52.771  1928  1928 I Telephony: AccountEntry: Registered phoneAccount: [[ ] PhoneAccount: ComponentInfo{com.android.phone/com.android.services.telephony.TelephonyConnectionService}, [e0184adedf913b076626646d3f52c3b49c39ad6d], UserHandle{0} Capabilities: CallProvider MultiUser PlaceEmerg SimSub  Schemes: tel voicemail  Extras: null GroupId: [da39a3ee5e6b4b0d3255bfef95601890afd80709]] with handle: ComponentInfo{com.android.phone/com.android.services.telephony.TelephonyConnectionService}, [e0184adedf913b076626646d3f52c3b49c39ad6d], UserHandle{0}
02-20 19:47:52.771  1928  1928 I Telephony: PstnIncomingCallNotifier: Registering: Handler (com.android.internal.telephony.GsmCdmaPhone) {c2ecf8e}
02-20 19:47:52.779  1928  1928 D CAT     : CatService: handleMessage[20]
02-20 19:47:52.779  1928  1928 D GsmCdmaPhone: [GsmCdmaPhone] updateCurrentCarrierInProvider: mSubId = -2 currentDds = 1 operatorNumeric = 310260
02-20 19:47:52.780  1928  1928 D IccCardProxy: operator=310260 mPhoneId=0
02-20 19:47:52.780  1928  1928 D TelephonyManager: setTelephonyProperty: success phoneId=0 property=gsm.sim.operator.numeric value: 310260 propVal=310260
02-20 19:47:52.780  1928  1928 D TelephonyManager: setTelephonyProperty: success phoneId=0 property=gsm.sim.operator.iso-country value: us propVal=us
02-20 19:47:52.780  1928  1928 D IccCardProxy: Sending intent ACTION_INTERNAL_SIM_STATE_CHANGED for mPhoneId : 0
02-20 19:47:52.781  1928  1928 D SST     : EVENT_SIM_RECORDS_LOADED: what=16
02-20 19:47:52.781  1928  1928 D GsmCdmaPhone: [GsmCdmaPhone] updatePhoneObject: radioTechnology=0
02-20 19:47:52.781  1928  1928 D SST     : getOtasp: otasp not needed for GSM
02-20 19:47:52.781  1928  1928 D SST     : updateOtaspState: call notifyOtaspChanged old otaspMode=0 new otaspMode=3
02-20 19:47:52.781  1928  1928 D SIMRecords: [SIMRecords] getServiceProviderName: no brandOverride, providerName=Android
02-20 19:47:52.781  1928  1928 D SIMRecords: [SIMRecords] getServiceProviderName: no brandOverride, providerName=Android
02-20 19:47:52.781  1928  1928 D SST     : updateSpnDisplay: changed sending intent rule=1 showPlmn='false' plmn='Android' showSpn='true' spn='Android' dataSpn='Android' subId='-2'
02-20 19:47:52.781  2108  2108 W System  : ClassLoader referenced unknown path: /system/priv-app/PrebuiltGmsCore/lib/x86_64
02-20 19:47:52.781  1928  1928 D SubscriptionController: [setPlmnSpn] No valid subscription to store info
02-20 19:47:52.781  1928  1928 D SubscriptionController: notifySubscriptionInfoChanged:
02-20 19:47:52.782  1679  1679 I GnssLocationProvider: WakeLock acquired by sendMessage(12, 0, null)
02-20 19:47:52.782  1928  1948 D SubscriptionController: [getActiveSubInfoList] Sub Controller not ready
02-20 19:47:52.783  1928  1928 E PhoneInterfaceManager: [PhoneIntfMgr] getIccId: No UICC
02-20 19:47:52.794  1679  2107 V KeyValueBackupJob: Scheduling k/v pass in 240 minutes
02-20 19:47:52.795  1679  1793 I Telecom : PhoneAccountRegistrar: [ComponentInfo{com.android.phone/com.android.services.telephony.TelephonyConnectionService}, [e0184adedf913b076626646d3f52c3b49c39ad6d], UserHandle{0}(icon: Icon(typ=BITMAP size=76x96) -> Icon(typ=BITMAP size=76x96))]: TSI.rPA@AAs
02-20 19:47:52.800  1679  1793 I Telecom : : Sending phone-account registered intent as user: TSI.rPA@AAs
02-20 19:47:52.801  1928  1928 D GsmCdmaPhone: [GsmCdmaPhone] phoneObjectUpdater: newVoiceRadioTech=0
02-20 19:47:52.801  1928  1928 D GsmCdmaPhone: [GsmCdmaPhone] phoneObjectUpdater: volteReplacementRat=0
02-20 19:47:52.801  1928  1928 E GsmCdmaPhone: [GsmCdmaPhone] phoneObjectUpdater: newVoiceRadioTech=0 doesn't match either CDMA or GSM - error! No phone change
02-20 19:47:52.801  1928  1928 D SST     : SubscriptionListener.onSubscriptionInfoChanged
02-20 19:47:52.801  1928  1928 D DCT     : [0]SubscriptionListener.onSubscriptionInfoChanged
02-20 19:47:52.802  1928  1928 D SubscriptionController: [getActiveSubInfoList] Sub Controller not ready
02-20 19:47:52.802  1928  1928 D SubscriptionController: [getActiveSubInfoList] Sub Controller not ready
02-20 19:47:52.809  1928  1928 I Telephony: PstnIncomingCallNotifier: Unregistering: Handler (com.android.internal.telephony.GsmCdmaPhone) {c2ecf8e}
02-20 19:47:52.809  1928  1928 E PhoneInterfaceManager: [PhoneIntfMgr] getIccId: No UICC
02-20 19:47:52.813  1679  1976 I Telecom : PhoneAccountRegistrar: [ComponentInfo{com.android.phone/com.android.services.telephony.TelephonyConnectionService}, [e0184adedf913b076626646d3f52c3b49c39ad6d], UserHandle{0}(icon: Icon(typ=BITMAP size=76x96) -> Icon(typ=BITMAP size=76x96))]: TSI.rPA@AAw
02-20 19:47:52.820  1679  1976 I Telecom : : Sending phone-account registered intent as user: TSI.rPA@AAw
02-20 19:47:52.821  1928  1928 I Telephony: AccountEntry: Registered phoneAccount: [[ ] PhoneAccount: ComponentInfo{com.android.phone/com.android.services.telephony.TelephonyConnectionService}, [e0184adedf913b076626646d3f52c3b49c39ad6d], UserHandle{0} Capabilities: CallProvider MultiUser PlaceEmerg SimSub  Schemes: tel voicemail  Extras: null GroupId: [da39a3ee5e6b4b0d3255bfef95601890afd80709]] with handle: ComponentInfo{com.android.phone/com.android.services.telephony.TelephonyConnectionService}, [e0184adedf913b076626646d3f52c3b49c39ad6d], UserHandle{0}
02-20 19:47:52.821  1928  1928 I Telephony: PstnIncomingCallNotifier: Registering: Handler (com.android.internal.telephony.GsmCdmaPhone) {c2ecf8e}
02-20 19:47:52.824  1928  1928 E PhoneInterfaceManager: [PhoneIntfMgr] getIccId: No UICC
02-20 19:47:52.857  1679  1691 I Telecom : PhoneAccountRegistrar: [ComponentInfo{com.android.phone/com.android.services.telephony.TelephonyConnectionService}, [e0184adedf913b076626646d3f52c3b49c39ad6d], UserHandle{0}(icon: Icon(typ=BITMAP size=76x96) -> Icon(typ=BITMAP size=76x96))]: TSI.rPA@AA8
02-20 19:47:52.862  1679  1691 I Telecom : : Sending phone-account registered intent as user: TSI.rPA@AA8
02-20 19:47:52.875  1364  1808 I art     : Starting a blocking GC HeapTrim
02-20 19:47:52.915  2132  2132 W art     : Unexpected CPU variant for X86 using defaults: x86
02-20 19:47:52.922  1679  1693 I am_proc_start: [0,2132,10029,com.google.android.googlequicksearchbox:interactor,service,com.google.android.googlequicksearchbox/com.google.android.voiceinteraction.GsaVoiceInteractionService]
02-20 19:47:52.922  1679  1693 I ActivityManager: Start proc 2132:com.google.android.googlequicksearchbox:interactor/u0a29 for service com.google.android.googlequicksearchbox/com.google.android.voiceinteraction.GsaVoiceInteractionService
02-20 19:47:52.922  1679  1693 W ActivityManager: Slow operation: 51ms so far, now at startProcess: starting to update pids map
02-20 19:47:52.922  1679  1693 W ActivityManager: Slow operation: 51ms so far, now at startProcess: done updating pids map
02-20 19:47:52.922  1679  1693 W ActivityManager: Slow operation: 51ms so far, now at startProcess: done starting proc!
02-20 19:47:52.932  1679  1691 I am_proc_bound: [0,2132,com.google.android.googlequicksearchbox:interactor]
02-20 19:47:52.947  1679  1693 I ActivityManager: Loading recents for user 0 into memory.
02-20 19:47:52.955  1941  1981 D EGL_emulation: eglMakeCurrent: 0x7cc8fc2a3e40: ver 3 0 (tinfo 0x7cc8fc39e6a0)
02-20 19:47:52.957  1679  2107 I BackupManagerService: Found stale backup journal, scheduling
02-20 19:47:52.959  1679  1693 D ActivityManager: Sending BOOT_COMPLETE user #0
02-20 19:47:52.959  1679  1693 I sysui_histogram: [framework_boot_completed,14]
02-20 19:47:52.981  1928  1928 D SubscriptionInfoUpdater: [Receiver]+
02-20 19:47:52.981  1928  1928 D SubscriptionInfoUpdater: Action: android.intent.action.SIM_STATE_CHANGED
02-20 19:47:52.981  1928  1928 D SubscriptionInfoUpdater: slotId: 0
02-20 19:47:52.981  1928  1928 D SubscriptionInfoUpdater: simStatus: READY
02-20 19:47:52.981  1928  1928 D SubscriptionInfoUpdater: Ignoring simStatus: READY
02-20 19:47:52.981  1928  1928 D SubscriptionInfoUpdater: [Receiver]-
02-20 19:47:52.981  1928  1928 D SubscriptionInfoUpdater: [Receiver]+
02-20 19:47:52.981  1928  1928 D SubscriptionInfoUpdater: Action: android.intent.action.SIM_STATE_CHANGED
02-20 19:47:52.981  1928  1928 D SubscriptionInfoUpdater: slotId: 0
02-20 19:47:52.981  1928  1928 D SubscriptionInfoUpdater: simStatus: IMSI
02-20 19:47:52.981  1928  1928 D SubscriptionInfoUpdater: Ignoring simStatus: IMSI
02-20 19:47:52.981  1928  1928 D SubscriptionInfoUpdater: [Receiver]-
02-20 19:47:52.981  1928  1928 D SubscriptionInfoUpdater: [Receiver]+
02-20 19:47:52.981  1928  1928 D SubscriptionInfoUpdater: Action: android.intent.action.internal_sim_state_changed
02-20 19:47:52.981  1928  1928 D SubscriptionInfoUpdater: slotId: 0
02-20 19:47:52.981  1928  1928 D SubscriptionInfoUpdater: simStatus: LOADED
02-20 19:47:52.981  1928  1928 D SubscriptionInfoUpdater: [Receiver]-
02-20 19:47:52.981  1928  1928 D WAP PUSH: Received broadcast android.intent.action.USER_UNLOCKED
02-20 19:47:52.981  1928  1928 D WAP PUSH: Received broadcast android.intent.action.USER_UNLOCKED
02-20 19:47:52.982  1928  1928 D SmsBroadcastUndelivered: Received broadcast android.intent.action.USER_UNLOCKED
02-20 19:47:52.982  1928  1928 D SubscriptionInfoUpdater: [Receiver]+
02-20 19:47:52.982  1928  1928 D SubscriptionInfoUpdater: Action: android.intent.action.USER_UNLOCKED
02-20 19:47:52.982  1928  1928 D SubscriptionInfoUpdater: Broadcasting intent ACTION_SIM_STATE_CHANGED for mCardIndex: 0
02-20 19:47:52.983  1928  2158 E WAP PUSH: bindService() for wappush manager failed
02-20 19:47:52.983  1941  1941 D FallbackHome: User unlocked and real home found; let's go!
02-20 19:47:52.985  1679  1691 I am_finish_activity: [0,100524091,1,com.android.settings/.FallbackHome,app-request]
02-20 19:47:52.986  1679  1691 I am_pause_activity: [0,100524091,com.android.settings/.FallbackHome]
02-20 19:47:52.986  1941  1941 I am_on_paused_called: [0,com.android.settings.FallbackHome,handlePauseActivity]
02-20 19:47:52.986  1928  1928 D SubscriptionInfoUpdater: [Receiver]-
02-20 19:47:52.987  1928  1928 D CarrierSvcBindHelper: Received android.intent.action.USER_UNLOCKED
02-20 19:47:52.987  1679  1967 I ActivityManager: START u0 {act=android.intent.action.MAIN cat=[android.intent.category.HOME] flg=0x10000100 cmp=com.google.android.apps.nexuslauncher/.NexusLauncherActivity} from uid 0 on display 0
02-20 19:47:52.988  1928  1948 D DCT     : [0]hasMatchedTetherApnSetting: APN=null
02-20 19:47:52.988  1679  1967 I am_create_task: [0,68]
02-20 19:47:52.988  1679  1967 I am_create_activity: [0,251316792,68,com.google.android.apps.nexuslauncher/.NexusLauncherActivity,android.intent.action.MAIN,NULL,NULL,268435712]
02-20 19:47:52.988  1679  1967 I wm_task_created: [68,0]
02-20 19:47:52.988  1679  1967 I wm_task_moved: [68,1,1]
02-20 19:47:52.988  1679  1967 I wm_task_moved: [68,1,1]
02-20 19:47:52.988  1679  1967 I am_focused_activity: [0,com.google.android.apps.nexuslauncher/.NexusLauncherActivity,startedActivity]
02-20 19:47:52.990  1928  1928 D CarrierSvcBindHelper: No carrier app for: 0
02-20 19:47:52.990  1928  1928 D SubscriptionInfoUpdater: handleSimStateLoadedInternal: slotId: 0
02-20 19:47:52.990  1928  1928 D SubscriptionInfoUpdater: All IccIds query complete
02-20 19:47:52.990  1928  1928 D SubscriptionInfoUpdater: updateSubscriptionInfoByIccId:+ Start
02-20 19:47:52.995  1928  1928 D SubscriptionController: [clearSubInfo]- no simInfo size=0
02-20 19:47:52.995  1928  1928 D SubscriptionInfoUpdater: insertedSimCount = 1
02-20 19:47:52.995  1928  1928 D SubscriptionController: [getSubInfoUsingSlotIdWithCheck]+ slotId:0
02-20 19:47:53.005  1928  2157 E WAP PUSH: bindService() for wappush manager failed
02-20 19:47:53.006  1679  1967 I am_proc_start: [0,2160,10021,com.google.android.apps.nexuslauncher,activity,com.google.android.apps.nexuslauncher/.NexusLauncherActivity]
02-20 19:47:53.007  1679  1967 I ActivityManager: Start proc 2160:com.google.android.apps.nexuslauncher/u0a21 for activity com.google.android.apps.nexuslauncher/.NexusLauncherActivity
02-20 19:47:53.010  2160  2160 W art     : Unexpected CPU variant for X86 using defaults: x86_64
02-20 19:47:53.015  1941  1981 D EGL_emulation: eglMakeCurrent: 0x7cc8fc2a3e40: ver 3 0 (tinfo 0x7cc8fc39e6a0)
02-20 19:47:53.020  1928  2159 D SmsBroadcastUndelivered: scanning raw table for undelivered messages
02-20 19:47:53.030  2068  2068 I GAv4    : Google Analytics 9.2.56 is starting up. To enable debug logging on a device run:
02-20 19:47:53.030  2068  2068 I GAv4    :   adb shell setprop log.tag.GAv4 DEBUG
02-20 19:47:53.030  2068  2068 I GAv4    :   adb logcat -s GAv4
02-20 19:47:53.044  1679  1693 I sysui_count: [window_time_0,7]
02-20 19:47:53.055  1679  1791 I am_proc_bound: [0,2160,com.google.android.apps.nexuslauncher]
02-20 19:47:53.057  1679  1791 I am_restart_activity: [0,251316792,68,com.google.android.apps.nexuslauncher/.NexusLauncherActivity]
02-20 19:47:53.098  1679  1967 I dvm_lock_sample: [system_server,1,Binder:1679_5,26,WindowManagerService.java,2857,WindowAnimator.java,144,5]
02-20 19:47:53.099  1679  1694 W WindowManager: Keyguard drawn timeout. Setting mKeyguardDrawComplete
02-20 19:47:53.116  1928  1928 D SubscriptionController: [getPhoneId]- no sims, returning default phoneId=2147483647
02-20 19:47:53.117  1928  2159 D SmsBroadcastUndelivered: finished scanning raw table in 97 ms
02-20 19:47:53.118  1928  1928 D SubscriptionController: [getPhoneId]- no sims, returning default phoneId=2147483647
02-20 19:47:53.118  1928  1928 D SubscriptionController: [getPhoneId]- no sims, returning default phoneId=2147483647
02-20 19:47:53.119  1928  1928 D SubscriptionController: [getSubInfoUsingSlotId]- null info return
02-20 19:47:53.119  1928  1928 D SubscriptionInfoUpdater: updateSubscriptionInfoByIccId: oldSubId = 1
02-20 19:47:53.119  1928  1928 D SubscriptionInfoUpdater: updateSubscriptionInfoByIccId: oldIccId[0] = 89014103211118510720, sIccId[0] = 89014103211118510720
02-20 19:47:53.119  1928  1928 D SubscriptionController: [addSubInfoRecord]+ iccId:89014103211118510720 slotId:0
02-20 19:47:53.119  2160  2160 W System  : ClassLoader referenced unknown path: /system/priv-app/NexusLauncherPrebuilt/lib/x86_64
02-20 19:47:53.120  1928  1928 D SubscriptionController: [getActiveSubInfoList] Sub Controller not ready
02-20 19:47:53.120  1928  1928 D SubscriptionController: [addSubInfoRecord] Record already exists
02-20 19:47:53.122  1928  1928 D SubscriptionController: [addSubInfoRecord] sSlotIdxToSubId.size=1 slotId=0 subId=1 defaultSubId=1 simCount=1
02-20 19:47:53.122  1928  1928 D SubscriptionController: [setDefaultFallbackSubId] subId=1
02-20 19:47:53.122  1928  1928 D SubscriptionController: [setDefaultFallbackSubId] set mDefaultFallbackSubId=1
02-20 19:47:53.122  1928  1928 D MccTable: updateMccMncConfiguration mccmnc='310260' fromServiceState=false
02-20 19:47:53.122  1928  1928 D MccTable: updateMccMncConfiguration defaultMccMnc=310260
02-20 19:47:53.122  1928  1928 D MccTable: updateMccMncConfiguration: mcc=310, mnc=260
02-20 19:47:53.122  1928  1928 D MccTable: updateMccMncConfiguration updateConfig config={1.0 310mcc260mnc ?localeList ?layoutDir ?swdp ?wdp ?hdp ?density ?lsize ?long ?orien ?uimode ?night ?touch ?keyb/?/? ?nav/?}
02-20 19:47:53.129  1679  1692 W GnssLocationProvider: Could not open GPS configuration file /etc/gps.conf
02-20 19:47:53.129  1679  1692 E GnssLocationProvider: no AGPS interface in set_agps_server
02-20 19:47:53.129  1679  1692 I GnssLocationProvider: WakeLock released by handleMessage(12, 0, null)
02-20 19:47:53.135  1679  1692 W GnssLocationProvider: Could not open GPS configuration file /etc/gps.conf
02-20 19:47:53.135  1679  1692 E GnssLocationProvider: no AGPS interface in set_agps_server
02-20 19:47:53.136  1679  1692 I GnssLocationProvider: WakeLock released by handleMessage(12, 0, null)
02-20 19:47:53.149  1928  1928 D SubscriptionController: [setDefaultFallbackSubId] broadcast default subId changed phoneId=0 subId=1
02-20 19:47:53.150  1928  1928 D SubscriptionController: [addSubInfoRecord] one sim set defaults to subId=1
02-20 19:47:53.152  1928  1928 D SubscriptionController: [setDefaultDataSubId] num phones=1, subId=1
02-20 19:47:53.152  1928  1928 D SubscriptionController: [setDefaultDataSubId] phoneId=0 subId=1 RAF=1
02-20 19:47:53.156  1928  1928 D ProxyController: setRadioCapability: Already in requested configuration, nothing to do.
02-20 19:47:53.156  1928  1928 D SubscriptionController: [updateAllDataConnectionTrackers] sPhones.length=1
02-20 19:47:53.157  1928  1928 D SubscriptionController: [updateAllDataConnectionTrackers] phoneId=0
02-20 19:47:53.157  1928  1928 D DCT     : [0]update sub = 1
02-20 19:47:53.157  1928  1928 D DCT     : [0]update(): Active DDS, register for all events now!
02-20 19:47:53.157  1928  1928 D DCT     : [0]New records found.
02-20 19:47:53.157  1928  1928 D SST     : mDeviceShuttingDown=false, mDesiredPowerState=true, getRadioState=RADIO_ON, mPowerOffDelayNeed=true, mAlarmSwitch=false, mRadioDisabledByCarrier=false
02-20 19:47:53.157  1928  1928 D GsmCdmaPhone: [GsmCdmaPhone] updateCurrentCarrierInProvider: mSubId = 1 currentDds = 1 operatorNumeric = 310260
02-20 19:47:53.180  2175  2175 W art     : Unexpected CPU variant for X86 using defaults: x86_64
02-20 19:47:53.181  1679  1752 I am_proc_start: [0,2175,1000,com.android.keychain,service,com.android.keychain/.KeyChainService]
02-20 19:47:53.181  1679  1752 I ActivityManager: Start proc 2175:com.android.keychain/1000 for service com.android.keychain/.KeyChainService
02-20 19:47:53.195  1679  1679 I AccountManagerService: User 0 is unlocked - opening CE database
02-20 19:47:53.197  1679  1692 I am_proc_start: [0,2182,10069,com.android.printspooler,service,com.android.printspooler/.model.PrintSpoolerService]
02-20 19:47:53.197  1679  1692 I ActivityManager: Start proc 2182:com.android.printspooler/u0a69 for service com.android.printspooler/.model.PrintSpoolerService
02-20 19:47:53.226  2182  2182 W art     : Unexpected CPU variant for X86 using defaults: x86_64
02-20 19:47:53.241  2160  2160 V Launcher: LauncherAppState inited
02-20 19:47:53.301  1928  1928 D SubscriptionController: [broadcastDefaultDataSubIdChanged] subId=1
02-20 19:47:53.302  1679  1690 I am_proc_bound: [0,2175,com.android.keychain]
02-20 19:47:53.308  1679  1967 I am_proc_bound: [0,2182,com.android.printspooler]
02-20 19:47:53.343  1928  1928 D SubscriptionController: [setDefaultSmsSubId] subId=1
02-20 19:47:53.347  1928  1948 D RILJ    : [3736]> RIL_REQUEST_GET_CELL_INFO_LIST [SUB0]
02-20 19:47:53.348  1375  1475 D RIL     : onRequest: GET_CELL_INFO_LIST
02-20 19:47:53.348  1375  1475 D RILC    : responseCellInfoList: v12
02-20 19:47:53.348  1928  2017 D RILJ    : [3736]< RIL_REQUEST_GET_CELL_INFO_LIST [CellInfoGsm:{mRegistered=YES mTimeStampType=modem mTimeStamp=14657802439ns CellIdentityGsm:{ mMcc=310 mMnc=260 mLac=3 mCid=91 mArfcn=10 mBsic=0x0} CellSignalStrengthGsm: ss=-161484360 ber=30321 mTa=-151946116}] [SUB0]
02-20 19:47:53.349  1928  1928 D SubscriptionController: [broadcastDefaultSmsSubIdChanged] subId=1
02-20 19:47:53.350  1928  1928 D SubscriptionController: [setDefaultVoiceSubId] subId=1
02-20 19:47:53.354  2175  2175 W System  : ClassLoader referenced unknown path: /system/app/KeyChain/lib/x86_64
02-20 19:47:53.357  1928  1928 D SubscriptionController: [broadcastDefaultVoiceSubIdChanged] subId=1
02-20 19:47:53.358  1928  1928 D SubscriptionController: [addSubInfoRecord] hashmap(0,1)
02-20 19:47:53.382  2108  2108 I LoadedApk: No resource references to update in package FFFFFFFFFFFFFFFFFFFFFF
02-20 19:47:53.412  1928  1928 D SubscriptionController: [addSubInfoRecord] sim name = Android
02-20 19:47:53.412  1928  1928 D DCT     : [0]update sub = 1
02-20 19:47:53.412  1928  1928 D DCT     : [0]update(): Active DDS, register for all events now!
02-20 19:47:53.414  1928  1928 D GsmCdmaPhone: [GsmCdmaPhone] updateCurrentCarrierInProvider: mSubId = 1 currentDds = 1 operatorNumeric = 310260
02-20 19:47:53.440  1928  1928 D SubscriptionController: [addSubInfoRecord]- info size=1
02-20 19:47:53.440  1928  1928 D SubscriptionInfoUpdater: newSim = false
02-20 19:47:53.440  1928  1928 D SubscriptionInfoUpdater: updateSubscriptionInfoByIccId: sInsertSimState[0] = 0
02-20 19:47:53.451  1928  1928 D SubscriptionInfoUpdater: updateSubscriptionInfoByIccId: nSubCount = 1
02-20 19:47:53.451  1928  1928 D SubscriptionController: [setDefaultDataSubId] num phones=1, subId=1
02-20 19:47:53.451  1928  1928 D SubscriptionController: [setDefaultDataSubId] phoneId=0 subId=1 RAF=1
02-20 19:47:53.451  1928  1928 D ProxyController: setRadioCapability: Already in requested configuration, nothing to do.
02-20 19:47:53.451  1928  1928 D SubscriptionController: [updateAllDataConnectionTrackers] sPhones.length=1
02-20 19:47:53.451  1928  1928 D SubscriptionController: [updateAllDataConnectionTrackers] phoneId=0
02-20 19:47:53.452  1928  1928 D DCT     : [0]update sub = 1
02-20 19:47:53.452  1928  1928 D DCT     : [0]update(): Active DDS, register for all events now!
02-20 19:47:53.452  1928  1928 D GsmCdmaPhone: [GsmCdmaPhone] updateCurrentCarrierInProvider: mSubId = 1 currentDds = 1 operatorNumeric = 310260
02-20 19:47:53.465  2068  2223 W GAv4    : AnalyticsReceiver is not registered or is disabled. Register the receiver for reliable dispatching on non-Google Play devices. See http://goo.gl/8Rd3yj for instructions.
02-20 19:47:53.467  2068  2223 W GAv4    : CampaignTrackingReceiver is not registered, not exported or is disabled. Installation campaign tracking is not possible. See http://goo.gl/8Rd3yj for instructions.
02-20 19:47:53.468  2068  2223 W GAv4    : AnalyticsService not registered in the app manifest. Hits might not be delivered reliably. See http://goo.gl/8Rd3yj for instructions.
02-20 19:47:53.473  1928  1928 D SubscriptionController: [broadcastDefaultDataSubIdChanged] subId=1
02-20 19:47:53.477  1928  1928 D SubscriptionController: notifySubscriptionInfoChanged:
02-20 19:47:53.478  1679  1679 I GnssLocationProvider: WakeLock acquired by sendMessage(12, 0, null)
02-20 19:47:53.478  1928  1940 D SubscriptionMonitor: Phone[0] subId changed -2->1, 1 registrants
02-20 19:47:53.478  1928  1940 D SubscriptionMonitor: mDefaultDataSubId = 1, 1 registrants
02-20 19:47:53.479  1928  1928 D SubscriptionInfoUpdater: updateSubscriptionInfoByIccId:- SsubscriptionInfo update complete
02-20 19:47:53.479  1928  1928 D MccTable: updateMccMncConfiguration mccmnc='310260' fromServiceState=false
02-20 19:47:53.479  1928  1928 D MccTable: updateMccMncConfiguration defaultMccMnc=310260
02-20 19:47:53.479  1928  1928 D MccTable: updateMccMncConfiguration: mcc=310, mnc=260
02-20 19:47:53.479  1928  1928 D MccTable: updateMccMncConfiguration updateConfig config={1.0 310mcc260mnc ?localeList ?layoutDir ?swdp ?wdp ?hdp ?density ?lsize ?long ?orien ?uimode ?night ?touch ?keyb/?/? ?nav/?}
02-20 19:47:53.480  1928  1928 D SubscriptionController: [setMccMnc]+ mcc/mnc:310/260 subId:1
02-20 19:47:53.534  1679  1793 I am_proc_start: [0,2227,10014,com.google.process.gapps,content provider,com.google.android.gsf/.gservices.GservicesProvider]
02-20 19:47:53.534  1679  1793 I ActivityManager: Start proc 2227:com.google.process.gapps/u0a14 for content provider com.google.android.gsf/.gservices.GservicesProvider
02-20 19:47:53.535  1928  1928 D SubscriptionController: notifySubscriptionInfoChanged:
02-20 19:47:53.535  1679  1679 I GnssLocationProvider: WakeLock acquired by sendMessage(12, 0, null)
02-20 19:47:53.546  1928  1928 D SubscriptionController: [getActiveSubscriptionInfo]+ subId=1 subInfo={id=1, iccId=89014103211118510720 simSlotIndex=0 displayName=Android carrierName=Android nameSource=0 iconTint=-16746133 dataRoaming=0 iconBitmap=android.graphics.Bitmap@735ed13 mcc 310 mnc 260}
02-20 19:47:53.546  1928  1928 D SubscriptionInfoUpdater: sim name = Android
02-20 19:47:53.578  2227  2227 W art     : Unexpected CPU variant for X86 using defaults: x86_64
02-20 19:47:53.591  1928  1928 D SubscriptionInfoUpdater: Broadcasting intent ACTION_SIM_STATE_CHANGED LOADED reason null for mCardIndex: 0
02-20 19:47:53.592  1928  1928 D CarrierConfigLoader: update config for phoneId: 0 simState: LOADED
02-20 19:47:53.592  1928  1928 D CarrierSvcBindHelper: update binding for phoneId: 0 simState: LOADED
02-20 19:47:53.605  2241  2241 W art     : Unexpected CPU variant for X86 using defaults: x86
02-20 19:47:53.607  1679  1976 I am_proc_start: [0,2241,10029,com.google.android.googlequicksearchbox:search,service,com.google.android.googlequicksearchbox/com.google.android.apps.gsa.nowoverlayservice.DrawerOverlayService]
02-20 19:47:53.607  1679  1976 I ActivityManager: Start proc 2241:com.google.android.googlequicksearchbox:search/u0a29 for service com.google.android.googlequicksearchbox/com.google.android.apps.gsa.nowoverlayservice.DrawerOverlayService
02-20 19:47:53.613  1928  1928 D SubscriptionInfoUpdater: [Receiver]+
02-20 19:47:53.613  1928  1928 D SubscriptionInfoUpdater: Action: android.intent.action.SIM_STATE_CHANGED
02-20 19:47:53.613  1928  1928 D SubscriptionInfoUpdater: slotId: 0
02-20 19:47:53.613  1928  1928 D SubscriptionInfoUpdater: simStatus: IMSI
02-20 19:47:53.613  1928  1928 D SubscriptionInfoUpdater: Ignoring simStatus: IMSI
02-20 19:47:53.613  1928  1928 D SubscriptionInfoUpdater: [Receiver]-
02-20 19:47:53.613  1928  1928 D DCT     : [0]onRecordsLoadedOrSubIdChanged: createAllApnList
02-20 19:47:53.613  1928  1928 D DCT     : [0]createAllApnList: selection=numeric = '310260'
02-20 19:47:53.616  1928  1928 D DCT     : [0]createApnList: X result=[[ApnSettingV3] T-Mobile US, 1, 310260, epc.tmobile.com, , http://mms.msg.eng.t-mobile.com/mms/wapenc, , , , -1, *, IP, IP, true, 0, 0, 0, false, 0, 0, 0, 0, , , false]
02-20 19:47:53.619  1679  1679 D WifiService: resetting networks because SIM was loaded
02-20 19:47:53.619  1679  1738 D WifiStateMachine: resetting EAP-SIM/AKA/AKA' networks since SIM was changed
02-20 19:47:53.623  1928  1928 D TelephonyProvider: subIdString = 1 subId = 1
02-20 19:47:53.627  2160  2160 I am_on_resume_called: [0,com.google.android.apps.nexuslauncher.NexusLauncherActivity,LAUNCH_ACTIVITY]
02-20 19:47:53.631  2160  2197 V GridSizeMigrationTask: Workspace migration completed in 33
02-20 19:47:53.633  2160  2197 D Launcher.Model: loadWorkspace: loading default favorites
02-20 19:47:53.634  1312  1442 E SurfaceFlinger: ro.sf.lcd_density must be defined as a build property
02-20 19:47:53.634  1928  1928 D DCT     : [0]getPreferredApn: mRequestedApnType=default cursor=android.content.ContentResolver$CursorWrapperInner@a246c7c cursor.count=1
02-20 19:47:53.634  1928  1928 D DCT     : [0]getPreferredApn: apnSetting=[ApnSettingV3] T-Mobile US, 1, 310260, epc.tmobile.com, , http://mms.msg.eng.t-mobile.com/mms/wapenc, , , , -1, *, IP, IP, true, 0, 0, 0, false, 0, 0, 0, 0, , , false
02-20 19:47:53.635  1928  1928 D DCT     : [0]getPreferredApn: X found apnSetting[ApnSettingV3] T-Mobile US, 1, 310260, epc.tmobile.com, , http://mms.msg.eng.t-mobile.com/mms/wapenc, , , , -1, *, IP, IP, true, 0, 0, 0, false, 0, 0, 0, 0, , , false
02-20 19:47:53.636  1928  1928 D DCT     : [0]createAllApnList: mPreferredApn=[ApnSettingV3] T-Mobile US, 1, 310260, epc.tmobile.com, , http://mms.msg.eng.t-mobile.com/mms/wapenc, , , , -1, *, IP, IP, true, 0, 0, 0, false, 0, 0, 0, 0, , , false
02-20 19:47:53.636  1928  1928 D DCT     : [0]createAllApnList: X mAllApnSettings=[[ApnSettingV3] T-Mobile US, 1, 310260, epc.tmobile.com, , http://mms.msg.eng.t-mobile.com/mms/wapenc, , , , -1, *, IP, IP, true, 0, 0, 0, false, 0, 0, 0, 0, , , false]
02-20 19:47:53.636  1928  1928 D DCT     : [0]setDataProfilesAsNeeded
02-20 19:47:53.636  1928  1928 D DCT     : [0]setInitialApn: E mPreferredApn=[ApnSettingV3] T-Mobile US, 1, 310260, epc.tmobile.com, , http://mms.msg.eng.t-mobile.com/mms/wapenc, , , , -1, *, IP, IP, true, 0, 0, 0, false, 0, 0, 0, 0, , , false
02-20 19:47:53.636  1928  1928 D DCT     : [0]setInitialApn: firstApnSetting=[ApnSettingV3] T-Mobile US, 1, 310260, epc.tmobile.com, , http://mms.msg.eng.t-mobile.com/mms/wapenc, , , , -1, *, IP, IP, true, 0, 0, 0, false, 0, 0, 0, 0, , , false
02-20 19:47:53.636  1928  1928 D DCT     : [0]setInitialApn: defaultApnSetting=[ApnSettingV3] T-Mobile US, 1, 310260, epc.tmobile.com, , http://mms.msg.eng.t-mobile.com/mms/wapenc, , , , -1, *, IP, IP, true, 0, 0, 0, false, 0, 0, 0, 0, , , false
02-20 19:47:53.636  1928  1928 D DCT     : [0]setInitialAttachApn: using mPreferredApn
02-20 19:47:53.636  1928  1928 D DCT     : [0]setInitialAttachApn: X selected Apn=[ApnSettingV3] T-Mobile US, 1, 310260, epc.tmobile.com, , http://mms.msg.eng.t-mobile.com/mms/wapenc, , , , -1, *, IP, IP, true, 0, 0, 0, false, 0, 0, 0, 0, , , false
02-20 19:47:53.638  1928  1928 D RILJ    : Set RIL_REQUEST_SET_INITIAL_ATTACH_APN [SUB0]
02-20 19:47:53.638  1928  1928 D RILJ    : [3737]> RIL_REQUEST_SET_INITIAL_ATTACH_APN, apn:epc.tmobile.com, protocol:IP, authType:-1, username:none, password:none [SUB0]
02-20 19:47:53.640  1776  1776 I OpaLayout: Setting opa enabled to false
02-20 19:47:53.645  1375  1475 D RIL     : onRequest: RIL_REQUEST_SET_INITIAL_ATTACH_APN
02-20 19:47:53.645  1375  1475 D RIL     : Request not supported. Tech: 1
02-20 19:47:53.645  1928  2017 D RilRequest: [3737]< RIL_REQUEST_SET_INITIAL_ATTACH_APN error: com.android.internal.telephony.CommandException: REQUEST_NOT_SUPPORTED ret=
02-20 19:47:53.645  1928  1928 D DCT     : [0]onRecordsLoadedOrSubIdChanged: notifying data availability
02-20 19:47:53.647  1679  1791 D TelephonyRegistry: Notify data connection state changed on sub: 1
02-20 19:47:53.647  1679  1691 I am_proc_bound: [0,2241,com.google.android.googlequicksearchbox:search]
02-20 19:47:53.651  2160  2160 D         : HostConnection::get() New Host Connection established 0x7cc8fc3e1240, tid 2160
02-20 19:47:53.655  1776  1776 I OpaLayout: Setting opa enabled to false
02-20 19:47:53.665  1928  1928 D DCT     : [0]setupDataOnConnectableApns: simLoaded hipri:[state=IDLE,enabled=false] mms:[state=IDLE,enabled=false] supl:[state=IDLE,enabled=false] ia:[state=IDLE,enabled=false] fota:[state=IDLE,enabled=false] ims:[state=IDLE,enabled=false] cbs:[state=IDLE,enabled=false] default:[state=IDLE,enabled=false] emergency:[state=IDLE,enabled=false] 
02-20 19:47:53.666  1928  1928 I Telephony: PstnIncomingCallNotifier: Unregistering: Handler (com.android.internal.telephony.GsmCdmaPhone) {c2ecf8e}
02-20 19:47:53.669  1928  1928 D SubscriptionController: [getActiveSubscriptionInfo]+ subId=1 subInfo={id=1, iccId=89014103211118510720 simSlotIndex=0 displayName=Android carrierName=Android nameSource=0 iconTint=-16746133 dataRoaming=0 iconBitmap=android.graphics.Bitmap@afbeb8b mcc 310 mnc 260}
02-20 19:47:53.677  1679  1967 I Telecom : PhoneAccountRegistrar: New phone account registered: [[ ] PhoneAccount: ComponentInfo{com.android.phone/com.android.services.telephony.TelephonyConnectionService}, [e2f7d48dd2b5ca523e7313cf4ba0f6ea830b6281], UserHandle{0} Capabilities: CallProvider MultiUser PlaceEmerg SimSub  Schemes: tel voicemail  Extras: null GroupId: [da39a3ee5e6b4b0d3255bfef95601890afd80709]]: TSI.rPA@ABA
02-20 19:47:53.680  1679  1967 I Telecom : : Sending phone-account registered intent as user: TSI.rPA@ABA
02-20 19:47:53.682  1928  1928 I Telephony: AccountEntry: Registered phoneAccount: [[ ] PhoneAccount: ComponentInfo{com.android.phone/com.android.services.telephony.TelephonyConnectionService}, [e2f7d48dd2b5ca523e7313cf4ba0f6ea830b6281], UserHandle{0} Capabilities: CallProvider MultiUser PlaceEmerg SimSub  Schemes: tel voicemail  Extras: null GroupId: [da39a3ee5e6b4b0d3255bfef95601890afd80709]] with handle: ComponentInfo{com.android.phone/com.android.services.telephony.TelephonyConnectionService}, [e2f7d48dd2b5ca523e7313cf4ba0f6ea830b6281], UserHandle{0}
02-20 19:47:53.683  1928  1928 I Telephony: PstnIncomingCallNotifier: Registering: Handler (com.android.internal.telephony.GsmCdmaPhone) {c2ecf8e}
02-20 19:47:53.685  1928  1928 I Telephony: TelecomAccountRegistry: Unregistering phone account ComponentInfo{com.android.phone/com.android.services.telephony.TelephonyConnectionService}, [e0184adedf913b076626646d3f52c3b49c39ad6d], UserHandle{0}.
02-20 19:47:53.686  1679  1976 I am_proc_bound: [0,2227,com.google.process.gapps]
02-20 19:47:53.705  1679  1690 I Telecom : : Sending phone-account unregistered intent as user: TSI.uPA@ABI
02-20 19:47:53.717  1928  1928 D SST     : SubscriptionListener.onSubscriptionInfoChanged
02-20 19:47:53.721  1928  1948 D SST     : SST.getAllCellInfo(): return last, back to back calls
02-20 19:47:53.723  1928  1928 D PhoneFactory: calculatePreferredNetworkType: phoneSubId = 1 networkType = 0
02-20 19:47:53.723  1928  1928 D Phone   : setPreferredNetworkType: Abort, unknown RAF: 1 101902
02-20 19:47:53.724  1928  1928 D Phone   : setNetworkSelectionModeAutomatic, querying current mode
02-20 19:47:53.724  1928  1928 D RILJ    : [3738]> QUERY_NETWORK_SELECTION_MODE [SUB0]
02-20 19:47:53.729  1928  1928 D TelephonyManager: setTelephonyProperty: success phoneId=0 property=gsm.network.type value: LTE propVal=LTE
02-20 19:47:53.729  1375  1475 D RIL     : onRequest: QUERY_NETWORK_SELECTION_MODE
02-20 19:47:53.729  1375  1475 D AT      : AT> AT+COPS?
02-20 19:47:53.730  1375  1477 D AT      : AT< +COPS: 0,2,310260
02-20 19:47:53.730  1375  1477 D AT      : AT< OK
02-20 19:47:53.730  1928  2017 D RILJ    : [3738]< QUERY_NETWORK_SELECTION_MODE {0} [SUB0]
02-20 19:47:53.731  1928  1928 D SubscriptionController: [setCarrierText]+ text:Android subId:1
02-20 19:47:53.733  2227  2227 I art     : Starting a blocking GC AddRemoveAppImageSpace
02-20 19:47:53.734  2227  2227 W System  : ClassLoader referenced unknown path: /system/priv-app/GoogleServicesFramework/lib/x86_64
02-20 19:47:53.738  1928  2226 D SST     : SST.getAllCellInfo(): return last, back to back calls
02-20 19:47:53.738  1928  2226 D SST     : SST.getAllCellInfo(): return last, back to back calls
02-20 19:47:53.750  2068  2068 I AlarmClock: AlarmInitReceiver android.intent.action.TIME_SET
02-20 19:47:53.754  1928  1928 D SubscriptionController: notifySubscriptionInfoChanged:
02-20 19:47:53.755  1928  1928 D SIMRecords: [SIMRecords] getServiceProviderName: no brandOverride, providerName=Android
02-20 19:47:53.755  1928  1928 D SIMRecords: [SIMRecords] getServiceProviderName: no brandOverride, providerName=Android
02-20 19:47:53.755  1928  1928 D SST     : updateSpnDisplay: changed sending intent rule=1 showPlmn='false' plmn='Android' showSpn='true' spn='Android' dataSpn='Android' subId='1'
02-20 19:47:53.755  1679  1679 I GnssLocationProvider: WakeLock acquired by sendMessage(12, 0, null)
02-20 19:47:53.758  1928  1928 D SubscriptionController: [setCarrierText]+ text:Android subId:1
02-20 19:47:53.766  1928  1928 D SubscriptionController: notifySubscriptionInfoChanged:
02-20 19:47:53.766  1679  1679 I GnssLocationProvider: WakeLock acquired by sendMessage(12, 0, null)
02-20 19:47:53.768  1928  1928 D SIMRecords: [SIMRecords]  VoiceMessageCount from SIM MWIS = 0
02-20 19:47:53.768  1928  1928 D Phone   : getStoredVoiceMessageCount: from preference for subId 1= 0
02-20 19:47:53.768  1928  1928 D GsmCdmaPhone: [GsmCdmaPhone] updateVoiceMail countVoiceMessages = 0 subId 1
02-20 19:47:53.768  1928  1928 D Phone   : setVoiceMessageCount: Storing Voice Mail Count = 0 for mVmCountKey = vm_count_key1 in preferences.
02-20 19:47:53.771  1928  1928 D DCT     : [0]SubscriptionListener.onSubscriptionInfoChanged
02-20 19:47:53.773  1928  1928 D DCT     : [0]onRecordsLoadedOrSubIdChanged: createAllApnList
02-20 19:47:53.788  2160  2256 D         : HostConnection::get() New Host Connection established 0x7cc8fc3e1660, tid 2256
02-20 19:47:53.774  1928  1928 D DCT     : [0]createAllApnList: selection=numeric = '310260'
02-20 19:47:53.792  2160  2256 I OpenGLRenderer: Initialized EGL, version 1.4
02-20 19:47:53.792  2160  2256 D OpenGLRenderer: Swap behavior 1
02-20 19:47:53.797  1928  1928 D DCT     : [0]createApnList: X result=[[ApnSettingV3] T-Mobile US, 1, 310260, epc.tmobile.com, , http://mms.msg.eng.t-mobile.com/mms/wapenc, , , , -1, *, IP, IP, true, 0, 0, 0, false, 0, 0, 0, 0, , , false]
02-20 19:47:53.799  1928  1928 D TelephonyProvider: subIdString = 1 subId = 1
02-20 19:47:53.803  1928  1928 D DCT     : [0]getPreferredApn: mRequestedApnType=default cursor=android.content.ContentResolver$CursorWrapperInner@5c44103 cursor.count=1
02-20 19:47:53.803  1928  1928 D DCT     : [0]getPreferredApn: apnSetting=[ApnSettingV3] T-Mobile US, 1, 310260, epc.tmobile.com, , http://mms.msg.eng.t-mobile.com/mms/wapenc, , , , -1, *, IP, IP, true, 0, 0, 0, false, 0, 0, 0, 0, , , false
02-20 19:47:53.803  1928  1928 D DCT     : [0]getPreferredApn: X found apnSetting[ApnSettingV3] T-Mobile US, 1, 310260, epc.tmobile.com, , http://mms.msg.eng.t-mobile.com/mms/wapenc, , , , -1, *, IP, IP, true, 0, 0, 0, false, 0, 0, 0, 0, , , false
