02-20 19:25:00.441  1930  1930 D SST     : Poll ServiceState done:  oldSS=[0 0 voice home data home Android Android 310260 Android Android 310260  Unknown LTE CSS not supported -1 -1 RoamInd=-1 DefRoamInd=-1 EmergOnly=false IsDataRoamingFromRegistration=false IsUsingCarrierAggregation=false] newSS=[0 0 voice home data home Android Android 310260 Android Android 310260  Unknown LTE CSS not supported -1 -1 RoamInd=-1 DefRoamInd=-1 EmergOnly=false IsDataRoamingFromRegistration=false IsUsingCarrierAggregation=false] oldMaxDataCalls=1 mNewMaxDataCalls=1 oldReasonDataDenied=-1 mNewReasonDataDenied=-1
02-20 19:25:00.441  1930  1930 D RuimRecords: [RuimRecords] NO update mccmnc=310260
02-20 19:25:00.441  1930  1930 D RuimRecords: [RuimRecords] onRecordLoaded 9 requested: true
02-20 19:25:00.442  1930  1930 D RILJ    : [3730]> iccIO: SIM_IO 0xb0 0x2fe2  path: 3F00,0,0,10 aid: null [SUB0]
02-20 19:25:00.442  1377  1462 D AT      : AT< +CRSM: 144,0,55
02-20 19:25:00.442  1377  1462 D AT      : AT< OK
02-20 19:25:00.442  1377  1460 D RIL     : onRequest: SIM_IO
02-20 19:25:00.442  1377  1460 D AT      : AT> AT+CRSM=176,28435,0,0,1
02-20 19:25:00.442  1377  1462 D AT      : AT< +CRSM: 144,0,55
02-20 19:25:00.442  1377  1462 D AT      : AT< OK
02-20 19:25:00.442  1377  1460 D RIL     : onRequest: SIM_IO
02-20 19:25:00.442  1377  1460 D AT      : AT> AT+CRSM=178,28613,1,4,24
02-20 19:25:00.442  1377  1462 D AT      : AT< +CRSM: 144,0,43058441aa890affffffffffffffffffffffffffffffffff
02-20 19:25:00.442  1377  1462 D AT      : AT< OK
02-20 19:25:00.442  1377  1460 D RIL     : onRequest: SIM_IO
02-20 19:25:00.442  1377  1460 D AT      : AT> AT+CRSM=176,28472,0,0,15
02-20 19:25:00.442  1377  1462 D AT      : AT< +CRSM: 144,0,ff30ffff3c003c03000c0000f03f00
02-20 19:25:00.442  1377  1462 D AT      : AT< OK
02-20 19:25:00.442  1377  1460 D RIL     : onRequest: SIM_IO
02-20 19:25:00.442  1377  1460 D AT      : AT> AT+CRSM=176,28438,0,0,2
02-20 19:25:00.442  1377  1462 D AT      : AT< +CRSM: 144,0,0233
02-20 19:25:00.442  1377  1462 D AT      : AT< OK
02-20 19:25:00.444  1930  2028 D RILJ    : [3725]< SIM_IO IccIoResponse sw1:0x90 sw2:0x0 [SUB0]
02-20 19:25:00.444  1930  2028 D RILJ    : [3726]< SIM_IO IccIoResponse sw1:0x90 sw2:0x0 [SUB0]
02-20 19:25:00.444  1930  2028 D RILJ    : [3727]< SIM_IO IccIoResponse sw1:0x90 sw2:0x0 [SUB0]
02-20 19:25:00.444  1930  2028 D RILJ    : [3728]< SIM_IO IccIoResponse sw1:0x90 sw2:0x0 [SUB0]
02-20 19:25:00.444  1930  2028 D RILJ    : [3729]< SIM_IO IccIoResponse sw1:0x90 sw2:0x0 [SUB0]
02-20 19:25:00.444  1930  1930 D SubscriptionInfoUpdater: [Receiver]+
02-20 19:25:00.444  1930  1930 D SubscriptionInfoUpdater: Action: android.intent.action.SIM_STATE_CHANGED
02-20 19:25:00.444  1377  1460 D RIL     : onRequest: SIM_IO
02-20 19:25:00.444  1377  1460 D AT      : AT> AT+CRSM=176,12258,0,0,10
02-20 19:25:00.444  1377  1462 D AT      : AT< +CRSM: 144,0,98101430121181157002
02-20 19:25:00.444  1377  1462 D AT      : AT< OK
02-20 19:25:00.445  1930  2028 D RILJ    : [3730]< SIM_IO IccIoResponse sw1:0x90 sw2:0x0 [SUB0]
02-20 19:25:00.444  1930  1930 D SubscriptionInfoUpdater: slotId: 0
02-20 19:25:00.447  1930  1930 D SubscriptionInfoUpdater: simStatus: READY
02-20 19:25:00.447  1930  1930 D SubscriptionInfoUpdater: Ignoring simStatus: READY
02-20 19:25:00.447  1930  1930 D SubscriptionInfoUpdater: [Receiver]-
02-20 19:25:00.449  1930  1930 D RILJ    : [3731]> RIL_REQUEST_SIM_CLOSE_CHANNEL [SUB0]
02-20 19:25:00.450  1377  1460 D RIL     : onRequest: SIM_CLOSE_CHANNEL
02-20 19:25:00.450  1377  1460 D AT      : AT> AT+CCHC=1
02-20 19:25:00.450  1930  1930 D IccCardProxy: broadcastIccStateChangedIntent intent ACTION_SIM_STATE_CHANGED value=IMSI reason=null for mPhoneId=0
02-20 19:25:00.450  1377  1462 D AT      : AT< +CCHC
02-20 19:25:00.450  1377  1462 D AT      : AT< OK
02-20 19:25:00.450  1930  2028 D RILJ    : [3731]< RIL_REQUEST_SIM_CLOSE_CHANNEL  [SUB0]
02-20 19:25:00.451  1930  1930 D SIMRecords: [SIMRecords] onRecordLoaded 15 requested: true
02-20 19:25:00.451  1930  1930 D RILJ    : [3732]> iccIO: SIM_IO 0xc0 0x6f14  path: 3F007F20,0,0,15 aid: null [SUB0]
02-20 19:25:00.460  1930  1930 D SIMRecords: [SIMRecords] onRecordLoaded 15 requested: true
02-20 19:25:00.460  1930  1930 D SIMRecords: [SIMRecords] onRecordLoaded 14 requested: true
02-20 19:25:00.460  1930  1930 E SIMRecords: [SIMRecords] Exception in fetching EF_CSP data com.android.internal.telephony.CommandException: GENERIC_FAILURE
02-20 19:25:00.460  1930  1930 D SIMRecords: [SIMRecords] onRecordLoaded 13 requested: true
02-20 19:25:00.460  1930  1930 E SIMRecords: [SIMRecords] Exception in get GID1 com.android.internal.telephony.CommandException: GENERIC_FAILURE
02-20 19:25:00.460  1930  1930 D SIMRecords: [SIMRecords] onRecordLoaded 12 requested: true
02-20 19:25:00.460  1930  1930 E SIMRecords: [SIMRecords] Exception in get GID2 com.android.internal.telephony.CommandException: GENERIC_FAILURE
02-20 19:25:00.460  1930  1930 D SIMRecords: [SIMRecords] onRecordLoaded 11 requested: true
02-20 19:25:00.460  1930  1930 D RuimRecords: [RuimRecords] EF_PL LOADED
02-20 19:25:00.460  1930  1930 E RuimRecords: [RuimRecords] Record Load Exception: com.android.internal.telephony.CommandException: GENERIC_FAILURE
02-20 19:25:00.460  1930  1930 D RuimRecords: [RuimRecords] onRecordLoaded 8 requested: true
02-20 19:25:00.460  1930  1930 D RuimRecords: [RuimRecords] EF_CSIM_LI LOADED
02-20 19:25:00.460  1930  1930 E RuimRecords: [RuimRecords] Record Load Exception: com.android.internal.telephony.CommandException: GENERIC_FAILURE
02-20 19:25:00.460  1930  1930 D RuimRecords: [RuimRecords] onRecordLoaded 7 requested: true
02-20 19:25:00.460  1930  1930 D RuimRecords: [RuimRecords] EF_CSIM_SPN LOADED
02-20 19:25:00.460  1930  1930 E RuimRecords: [RuimRecords] Record Load Exception: com.android.internal.telephony.CommandException: GENERIC_FAILURE
02-20 19:25:00.460  1930  1930 D RuimRecords: [RuimRecords] onRecordLoaded 6 requested: true
02-20 19:25:00.460  1930  1930 D RuimRecords: [RuimRecords] EF_CSIM_MDN LOADED
02-20 19:25:00.460  1930  1930 E RuimRecords: [RuimRecords] Record Load Exception: com.android.internal.telephony.CommandException: GENERIC_FAILURE
02-20 19:25:00.460  1930  1930 D RuimRecords: [RuimRecords] onRecordLoaded 5 requested: true
02-20 19:25:00.460  1930  1930 D RuimRecords: [RuimRecords] EF_CSIM_IMSIM LOADED
02-20 19:25:00.460  1930  1930 E RuimRecords: [RuimRecords] Record Load Exception: com.android.internal.telephony.CommandException: GENERIC_FAILURE
02-20 19:25:00.460  1930  1930 D RuimRecords: [RuimRecords] onRecordLoaded 4 requested: true
02-20 19:25:00.460  1930  1930 D RuimRecords: [RuimRecords] EF_CSIM_CDMAHOME LOADED
02-20 19:25:00.460  1930  1930 E RuimRecords: [RuimRecords] Record Load Exception: com.android.internal.telephony.CommandException: GENERIC_FAILURE
02-20 19:25:00.460  1930  1930 D RuimRecords: [RuimRecords] onRecordLoaded 3 requested: true
02-20 19:25:00.461  1377  1460 D RIL     : onRequest: SIM_IO
02-20 19:25:00.461  1377  1460 D AT      : AT> AT+CRSM=192,28436,0,0,15
02-20 19:25:00.463  1377  1462 D AT      : AT< +CRSM: 144,0,000000146f1404001aa0aa01020000
02-20 19:25:00.463  1377  1462 D AT      : AT< OK
02-20 19:25:00.464  1930  1930 D RuimRecords: [RuimRecords] EF_CSIM_EPRL LOADED
02-20 19:25:00.464  1930  1930 E RuimRecords: [RuimRecords] Record Load Exception: com.android.internal.telephony.CommandException: GENERIC_FAILURE
02-20 19:25:00.464  1930  1930 D RuimRecords: [RuimRecords] onRecordLoaded 2 requested: true
02-20 19:25:00.464  1930  1930 D RuimRecords: [RuimRecords] EF_CSIM_MIPUPP LOADED
02-20 19:25:00.464  1930  1930 E RuimRecords: [RuimRecords] Record Load Exception: com.android.internal.telephony.CommandException: GENERIC_FAILURE
02-20 19:25:00.464  1930  1930 D RuimRecords: [RuimRecords] onRecordLoaded 1 requested: true
02-20 19:25:00.464  1930  1930 D SIMRecords: [SIMRecords] iccid: 89014103211118510720
02-20 19:25:00.464  1930  1930 D SIMRecords: [SIMRecords] onRecordLoaded 10 requested: true
02-20 19:25:00.466  1930  1930 D SIMRecords: [SIMRecords] EF_MBI: 01000000
02-20 19:25:00.467  1930  1930 D SIMRecords: [SIMRecords] Got valid mailbox number for MBDN
02-20 19:25:00.467  1930  1930 D RILJ    : [3733]> iccIO: SIM_IO 0xc0 0x6fc7  path: 3F007F20,0,0,15 aid: null [SUB0]
02-20 19:25:00.467  1930  2028 D RILJ    : [3732]< SIM_IO IccIoResponse sw1:0x90 sw2:0x0 [SUB0]
02-20 19:25:00.467  1377  1460 D RIL     : onRequest: SIM_IO
02-20 19:25:00.467  1377  1460 D AT      : AT> AT+CRSM=192,28615,0,0,15
02-20 19:25:00.468  1930  1930 D SIMRecords: [SIMRecords] onRecordLoaded 10 requested: true
02-20 19:25:00.468  1377  1462 D AT      : AT< +CRSM: 144,0,000000406fc7040011a0aa01020120
02-20 19:25:00.468  1377  1462 D AT      : AT< OK
02-20 19:25:00.468  1930  1930 D SIMRecords: [SIMRecords] EF_AD: 00000003
02-20 19:25:00.468  1930  2028 D RILJ    : [3733]< SIM_IO IccIoResponse sw1:0x90 sw2:0x0 [SUB0]
02-20 19:25:00.468  1930  1930 D SIMRecords: [SIMRecords] setting4 mMncLength=3
02-20 19:25:00.468  1930  1930 D SIMRecords: [SIMRecords] update mccmnc=310260
02-20 19:25:00.468  1930  1930 D MccTable: updateMccMncConfiguration mccmnc='310260' fromServiceState=false
02-20 19:25:00.469  1930  1930 D SubscriptionController: [getPhoneId]- no sims, returning default phoneId=2147483647
02-20 19:25:00.469  1930  1930 D MccTable: updateMccMncConfiguration defaultMccMnc=
02-20 19:25:00.469  1930  1930 D MccTable: updateMccMncConfiguration: mcc=310, mnc=260
02-20 19:25:00.469  1930  1930 D MccTable: updateMccMncConfiguration updateConfig config={1.0 310mcc260mnc ?localeList ?layoutDir ?swdp ?wdp ?hdp ?density ?lsize ?long ?orien ?uimode ?night ?touch ?keyb/?/? ?nav/?}
02-20 19:25:00.469  1687  1987 I configuration_changed: 3
02-20 19:25:00.469  1687  1987 I ActivityManager: Config changes=3 {1.0 310mcc260mnc [en_US] ldltr sw360dp w360dp h668dp 640dpi nrml long port finger -keyb/v/h -nav/h s.5}
02-20 19:25:00.473  1687  1987 I am_relaunch_resume_activity: [0,58102994,1,com.android.settings/.FallbackHome]
02-20 19:25:00.475  1930  2095 D DCT     : [0]hasMatchedTetherApnSetting: APN=null
02-20 19:25:00.476  1930  1930 D SIMRecords: [SIMRecords] onRecordLoaded 9 requested: true
02-20 19:25:00.476  1930  1930 D SIMRecords: [SIMRecords] EF_MWIS : 0000000000
02-20 19:25:00.476  1930  1930 D SIMRecords: [SIMRecords] onRecordLoaded 8 requested: true
02-20 19:25:00.476  1930  1930 D SubscriptionInfoUpdater: [Receiver]+
02-20 19:25:00.476  1930  1930 D SubscriptionInfoUpdater: Action: android.intent.action.SIM_STATE_CHANGED
02-20 19:25:00.476  1930  1930 D SubscriptionInfoUpdater: slotId: 0
02-20 19:25:00.476  1930  1930 D SubscriptionInfoUpdater: simStatus: IMSI
02-20 19:25:00.476  1930  1930 D SubscriptionInfoUpdater: Ignoring simStatus: IMSI
02-20 19:25:00.476  1930  1930 D SubscriptionInfoUpdater: [Receiver]-
02-20 19:25:00.476  1930  1930 D SIMRecords: [SIMRecords] EF_CPHS_MWI: 55
02-20 19:25:00.476  1930  1930 D SIMRecords: [SIMRecords] onRecordLoaded 7 requested: true
02-20 19:25:00.476  1930  1930 D SIMRecords: [SIMRecords] EF_CFF_CPHS: 55
02-20 19:25:00.476  1930  1930 D SIMRecords: [SIMRecords] onRecordLoaded 6 requested: true
02-20 19:25:00.476  1930  1930 D SIMRecords: [SIMRecords] onRecordLoaded 5 requested: true
02-20 19:25:00.476  1930  1930 D SIMRecords: [SIMRecords] SST: UsimServiceTable[120]={ PHONEBOOK, FDN, FDN_EXTENSION, SDN, SDN_EXTENSION, BDN, BDN_EXTENSION, OUTGOING_CALL_INFO, ADVICE_OF_CHARGE, CAP_CONFIG_PARAMS_2, GROUP_ID_LEVEL_1, GROUP_ID_LEVEL_2, SPN, USER_PLMN_SELECT, MSISDN, IMAGE, LOCALISED_SERVICE_AREAS, EMLPP, EMLPP_AUTO_ANSWER, RFU, GSM_ACCESS, DATA_DL_VIA_SMS_PP, DATA_DL_VIA_SMS_CB, CALL_CONTROL_BY_USIM, MO_SMS_CONTROL_BY_USIM, RUN_AT_COMMAND, APN_CONTROL_LIST, DEPERSONALISATION_CONTROL_KEYS, COOPERATIVE_NETWORK_LIST, GSM_SECURITY_CONTEXT, SERVICE_PROVIDER_DISPLAY_INFO, MMS_NOTIFICATION, MMS_NOTIFICATION_EXTENSION, GPRS_CALL_CONTROL_BY_USIM, VGCS_GROUP_ID_LIST, VBS_GROUP_ID_LIST, OMA_BCAST_PROFILE, GBA_LOCAL_KEY_ESTABLISHMENT, #101, #102, #103, #104, #105, #106, #107, #108, #109, #110 }
02-20 19:25:00.476  1930  1930 D SIMRecords: [SIMRecords] onRecordLoaded 4 requested: true
02-20 19:25:00.476  1930  1930 D SIMRecords: [SIMRecords] iCPHS: 0233
02-20 19:25:00.476  1930  1930 D SIMRecords: [SIMRecords] onRecordLoaded 3 requested: true
02-20 19:25:00.476  1930  1930 D RuimRecords: [RuimRecords] iccid: 89014103211118510720
02-20 19:25:00.476  1930  1930 D RuimRecords: [RuimRecords] onRecordLoaded 0 requested: true
02-20 19:25:00.477  1930  1930 D RuimRecords: [RuimRecords] record load complete
02-20 19:25:00.477  1930  1930 D SIMRecords: [SIMRecords] MSISDN: [t-WgLegCyIMgfHgPkOdM6pkZbpA]
02-20 19:25:00.477  1930  1930 D SIMRecords: [SIMRecords] onRecordLoaded 2 requested: true
02-20 19:25:00.477  1930  1930 D RILJ    : [3734]> iccIO: SIM_IO 0xb0 0x6f14  path: 3F007F20,0,0,20 aid: null [SUB0]
02-20 19:25:00.477  1377  1460 D RIL     : onRequest: SIM_IO
02-20 19:25:00.477  1377  1460 D AT      : AT> AT+CRSM=176,28436,0,0,20
02-20 19:25:00.477  1930  1930 D RILJ    : [3735]> iccIO: SIM_IO 0xb2 0x6fc7  path: 3F007F20,1,4,32 aid: null [SUB0]
02-20 19:25:00.481  1377  1462 D AT      : AT< +CRSM: 144,0,416e64726f6964ffffffffffffffffffffffffff
02-20 19:25:00.481  1377  1462 D AT      : AT< OK
02-20 19:25:00.481  1377  1460 D RIL     : onRequest: SIM_IO
02-20 19:25:00.481  1377  1460 D AT      : AT> AT+CRSM=178,28615,1,4,32
02-20 19:25:00.481  1945  1945 I am_on_paused_called: [0,com.android.settings.FallbackHome,handleRelaunchActivity]
02-20 19:25:00.481  1930  2028 D RILJ    : [3734]< SIM_IO IccIoResponse sw1:0x90 sw2:0x0 [SUB0]
02-20 19:25:00.482  1377  1462 D AT      : AT< +CRSM: 144,0,566f6963656d61696cffffffffffffffffff07915155125740f9ffffffffffff
02-20 19:25:00.482  1377  1462 D AT      : AT< OK
02-20 19:25:00.482  1930  1930 D SIMRecords: [SIMRecords] getServiceProviderName: no brandOverride, providerName=Android
02-20 19:25:00.482  1930  1930 D SIMRecords: [SIMRecords] Load EF_SPN_CPHS: Android
02-20 19:25:00.482  1930  2028 D RILJ    : [3735]< SIM_IO IccIoResponse sw1:0x90 sw2:0x0 [SUB0]
02-20 19:25:00.482  1930  1930 D TelephonyManager: setTelephonyProperty: success phoneId=0 property=gsm.sim.operator.alpha value: Android propVal=Android
02-20 19:25:00.483  1930  1930 D SIMRecords: [SIMRecords] onRecordLoaded 1 requested: true
02-20 19:25:00.483  1930  1930 D SIMRecords: [SIMRecords] VM: ADN Record 'Voicemail' '[-MWU1cAlDrkXUZ8dpHi_wU_YOpU] null' EF[MBDN]
02-20 19:25:00.483  1930  1930 D SIMRecords: [SIMRecords] onRecordLoaded 0 requested: true
02-20 19:25:00.483  1930  1930 D SIMRecords: [SIMRecords] record load complete
02-20 19:25:00.483  1930  1930 D SIMRecords: [SIMRecords] Not using EF LI/EF PL
02-20 19:25:00.483  1930  1930 D SIMRecords: [SIMRecords] EF_CFF: callForwardingEnabled=0
02-20 19:25:00.483  1930  1930 D SIMRecords: [SIMRecords] onAllRecordsLoaded set 'gsm.sim.operator.numeric' to operator='310260'
02-20 19:25:00.483  1930  1930 D SIMRecords: [SIMRecords] update icc_operator_numeric=310260
02-20 19:25:00.483  1930  1930 D TelephonyManager: setTelephonyProperty: success phoneId=0 property=gsm.sim.operator.numeric value: 310260 propVal=310260
02-20 19:25:00.485  1930  1930 D SubscriptionController: [setMccMnc]+ mcc/mnc:310/260 subId:-1
02-20 19:25:00.488  1771  1771 D PhoneStatusBar: heads up is enabled
02-20 19:25:00.493  1945  2005 D EGL_emulation: eglMakeCurrent: 0x74f531179a20: ver 3 0 (tinfo 0x74f53b6e0e60)
02-20 19:25:00.495  1945  1945 I am_on_stop_called: [0,com.android.settings.FallbackHome,destroy]
02-20 19:25:00.498  1930  1930 D SubscriptionController: notifySubscriptionInfoChanged:
02-20 19:25:00.499  1687  1687 I GnssLocationProvider: WakeLock acquired by sendMessage(12, 0, null)
02-20 19:25:00.499  1930  1944 D SubscriptionController: [getActiveSubInfoList] Sub Controller not ready
02-20 19:25:00.500  1930  1930 D SIMRecords: [SIMRecords] onAllRecordsLoaded set mcc imsi
02-20 19:25:00.500  1930  1930 D TelephonyManager: setTelephonyProperty: success phoneId=0 property=gsm.sim.operator.iso-country value: us propVal=us
02-20 19:25:00.501  1930  1930 D SST     : SubscriptionListener.onSubscriptionInfoChanged
02-20 19:25:00.501  1930  1930 D SIMRecords: [SIMRecords]  VoiceMessageCount from SIM MWIS = 0
02-20 19:25:00.501  1930  1930 E Phone   : getStoredVoiceMessageCount: invalid subId -2
02-20 19:25:00.501  1930  1930 D GsmCdmaPhone: [GsmCdmaPhone] updateVoiceMail countVoiceMessages = 0 subId -2
02-20 19:25:00.501  1930  1930 E Phone   : setVoiceMessageCount in sharedPreference: invalid subId -2
02-20 19:25:00.502  1930  1930 D DCT     : [0]SubscriptionListener.onSubscriptionInfoChanged
02-20 19:25:00.502  1930  1930 D SubscriptionController: [getActiveSubInfoList] Sub Controller not ready
02-20 19:25:00.503  1930  1930 D SubscriptionController: [getActiveSubInfoList] Sub Controller not ready
02-20 19:25:00.504  1930  1930 I Telephony: PstnIncomingCallNotifier: Unregistering: Handler (com.android.internal.telephony.GsmCdmaPhone) {8465831}
02-20 19:25:00.505  1930  1930 E PhoneInterfaceManager: [PhoneIntfMgr] getIccId: No UICC
02-20 19:25:00.517  1687  1876 I Telecom : PhoneAccountRegistrar: [ComponentInfo{com.android.phone/com.android.services.telephony.TelephonyConnectionService}, [e0184adedf913b076626646d3f52c3b49c39ad6d], UserHandle{0}(addr: tel:*********** -> tel:)(icon: Icon(typ=BITMAP size=76x96) -> Icon(typ=BITMAP size=76x96))(subAddr: tel:*********** -> tel:)]: TSI.rPA@AAk
02-20 19:25:00.520  1687  1876 I Telecom : : Sending phone-account registered intent as user: TSI.rPA@AAk
02-20 19:25:00.527  1930  1930 I Telephony: AccountEntry: Registered phoneAccount: [[ ] PhoneAccount: ComponentInfo{com.android.phone/com.android.services.telephony.TelephonyConnectionService}, [e0184adedf913b076626646d3f52c3b49c39ad6d], UserHandle{0} Capabilities: CallProvider MultiUser PlaceEmerg SimSub  Schemes: tel voicemail  Extras: null GroupId: [da39a3ee5e6b4b0d3255bfef95601890afd80709]] with handle: ComponentInfo{com.android.phone/com.android.services.telephony.TelephonyConnectionService}, [e0184adedf913b076626646d3f52c3b49c39ad6d], UserHandle{0}
02-20 19:25:00.527  1930  1930 I Telephony: PstnIncomingCallNotifier: Registering: Handler (com.android.internal.telephony.GsmCdmaPhone) {8465831}
02-20 19:25:00.529  1930  1930 D CAT     : CatService: handleMessage[20]
02-20 19:25:00.529  1930  1930 D GsmCdmaPhone: [GsmCdmaPhone] updateCurrentCarrierInProvider: mSubId = -2 currentDds = 1 operatorNumeric = 310260
02-20 19:25:00.529  1930  1930 D IccCardProxy: operator=310260 mPhoneId=0
02-20 19:25:00.529  1930  1930 D TelephonyManager: setTelephonyProperty: success phoneId=0 property=gsm.sim.operator.numeric value: 310260 propVal=310260
02-20 19:25:00.531  1930  1930 D TelephonyManager: setTelephonyProperty: success phoneId=0 property=gsm.sim.operator.iso-country value: us propVal=us
02-20 19:25:00.532  1930  1930 D IccCardProxy: Sending intent ACTION_INTERNAL_SIM_STATE_CHANGED for mPhoneId : 0
02-20 19:25:00.534  1313  1324 D gralloc_ranchu: gralloc_alloc: Creating ashmem region of size 15945728
02-20 19:25:00.551  1930  1930 D SST     : EVENT_SIM_RECORDS_LOADED: what=16
02-20 19:25:00.551  1930  1930 D GsmCdmaPhone: [GsmCdmaPhone] updatePhoneObject: radioTechnology=0
02-20 19:25:00.552  1930  1930 D SST     : getOtasp: otasp not needed for GSM
02-20 19:25:00.552  1930  1930 D SST     : updateOtaspState: call notifyOtaspChanged old otaspMode=0 new otaspMode=3
02-20 19:25:00.552  1930  1930 D SIMRecords: [SIMRecords] getServiceProviderName: no brandOverride, providerName=Android
02-20 19:25:00.552  1930  1930 D SIMRecords: [SIMRecords] getServiceProviderName: no brandOverride, providerName=Android
02-20 19:25:00.552  1930  1930 D SST     : updateSpnDisplay: changed sending intent rule=1 showPlmn='false' plmn='Android' showSpn='true' spn='Android' dataSpn='Android' subId='-2'
02-20 19:25:00.553  1930  1930 D SubscriptionController: [setPlmnSpn] No valid subscription to store info
02-20 19:25:00.553  1930  1930 D SubscriptionController: notifySubscriptionInfoChanged:
02-20 19:25:00.554  1687  1687 I GnssLocationProvider: WakeLock acquired by sendMessage(12, 0, null)
02-20 19:25:00.562  1930  1930 E PhoneInterfaceManager: [PhoneIntfMgr] getIccId: No UICC
02-20 19:25:00.565  1930  1944 D SubscriptionController: [getActiveSubInfoList] Sub Controller not ready
02-20 19:25:00.573  1687  1960 I Telecom : PhoneAccountRegistrar: [ComponentInfo{com.android.phone/com.android.services.telephony.TelephonyConnectionService}, [e0184adedf913b076626646d3f52c3b49c39ad6d], UserHandle{0}(icon: Icon(typ=BITMAP size=76x96) -> Icon(typ=BITMAP size=76x96))]: TSI.rPA@AAw
02-20 19:25:00.574  1687  1960 I Telecom : : Sending phone-account registered intent as user: TSI.rPA@AAw
02-20 19:25:00.575  1945  1945 I am_on_resume_called: [0,com.android.settings.FallbackHome,handleRelaunchActivity]
02-20 19:25:00.576  1930  1930 D SubscriptionInfoUpdater: [Receiver]+
02-20 19:25:00.576  1930  1930 D SubscriptionInfoUpdater: Action: android.intent.action.internal_sim_state_changed
02-20 19:25:00.576  1930  1930 D SubscriptionInfoUpdater: slotId: 0
02-20 19:25:00.576  1930  1930 D SubscriptionInfoUpdater: simStatus: LOADED
02-20 19:25:00.576  1930  1930 D SubscriptionInfoUpdater: [Receiver]-
02-20 19:25:00.576  1930  1930 D GsmCdmaPhone: [GsmCdmaPhone] phoneObjectUpdater: newVoiceRadioTech=0
02-20 19:25:00.576  1930  1930 D GsmCdmaPhone: [GsmCdmaPhone] phoneObjectUpdater: volteReplacementRat=0
02-20 19:25:00.576  1930  1930 E GsmCdmaPhone: [GsmCdmaPhone] phoneObjectUpdater: newVoiceRadioTech=0 doesn't match either CDMA or GSM - error! No phone change
02-20 19:25:00.576  1930  1930 D SST     : SubscriptionListener.onSubscriptionInfoChanged
02-20 19:25:00.576  1930  1930 D DCT     : [0]SubscriptionListener.onSubscriptionInfoChanged
02-20 19:25:00.577  1930  1930 D SubscriptionController: [getActiveSubInfoList] Sub Controller not ready
02-20 19:25:00.577  1930  1930 D SubscriptionController: [getActiveSubInfoList] Sub Controller not ready
02-20 19:25:00.577  1930  1930 I Telephony: PstnIncomingCallNotifier: Unregistering: Handler (com.android.internal.telephony.GsmCdmaPhone) {8465831}
02-20 19:25:00.577  1930  1930 E PhoneInterfaceManager: [PhoneIntfMgr] getIccId: No UICC
02-20 19:25:00.585  1687  1700 I Telecom : PhoneAccountRegistrar: [ComponentInfo{com.android.phone/com.android.services.telephony.TelephonyConnectionService}, [e0184adedf913b076626646d3f52c3b49c39ad6d], UserHandle{0}(icon: Icon(typ=BITMAP size=76x96) -> Icon(typ=BITMAP size=76x96))]: TSI.rPA@AA0
02-20 19:25:00.588  1687  1700 I Telecom : : Sending phone-account registered intent as user: TSI.rPA@AA0
02-20 19:25:00.589  1930  1930 I Telephony: AccountEntry: Registered phoneAccount: [[ ] PhoneAccount: ComponentInfo{com.android.phone/com.android.services.telephony.TelephonyConnectionService}, [e0184adedf913b076626646d3f52c3b49c39ad6d], UserHandle{0} Capabilities: CallProvider MultiUser PlaceEmerg SimSub  Schemes: tel voicemail  Extras: null GroupId: [da39a3ee5e6b4b0d3255bfef95601890afd80709]] with handle: ComponentInfo{com.android.phone/com.android.services.telephony.TelephonyConnectionService}, [e0184adedf913b076626646d3f52c3b49c39ad6d], UserHandle{0}
02-20 19:25:00.589  1930  1930 I Telephony: PstnIncomingCallNotifier: Registering: Handler (com.android.internal.telephony.GsmCdmaPhone) {8465831}
02-20 19:25:00.590  1930  1930 D SubscriptionInfoUpdater: handleSimStateLoadedInternal: slotId: 0
02-20 19:25:00.590  1930  1930 D SubscriptionInfoUpdater: All IccIds query complete
02-20 19:25:00.590  1930  1930 D SubscriptionInfoUpdater: updateSubscriptionInfoByIccId:+ Start
02-20 19:25:00.590  1930  1930 D SubscriptionController: [clearSubInfo]- no simInfo size=0
02-20 19:25:00.590  1930  1930 D SubscriptionInfoUpdater: insertedSimCount = 1
02-20 19:25:00.590  1930  1930 D SubscriptionController: [getSubInfoUsingSlotIdWithCheck]+ slotId:0
02-20 19:25:00.593  1930  1930 D SubscriptionController: [getPhoneId]- no sims, returning default phoneId=2147483647
02-20 19:25:00.593  1930  1930 D SubscriptionController: [getPhoneId]- no sims, returning default phoneId=2147483647
02-20 19:25:00.593  1930  1930 D SubscriptionController: [getPhoneId]- no sims, returning default phoneId=2147483647
02-20 19:25:00.594  1930  1930 D SubscriptionController: [getSubInfoUsingSlotId]- null info return
02-20 19:25:00.594  1930  1930 D SubscriptionInfoUpdater: updateSubscriptionInfoByIccId: oldSubId = 1
02-20 19:25:00.594  1930  1930 D SubscriptionInfoUpdater: updateSubscriptionInfoByIccId: oldIccId[0] = 89014103211118510720, sIccId[0] = 89014103211118510720
02-20 19:25:00.594  1930  1930 D SubscriptionController: [addSubInfoRecord]+ iccId:89014103211118510720 slotId:0
02-20 19:25:00.595  1930  1946 D SubscriptionController: [getActiveSubInfoList] Sub Controller not ready
02-20 19:25:00.595  1930  2095 D SubscriptionController: [getPhoneId]- no sims, returning default phoneId=2147483647
02-20 19:25:00.597  1930  1930 D SubscriptionController: [getActiveSubInfoList] Sub Controller not ready
02-20 19:25:00.597  1930  1930 D SubscriptionController: [addSubInfoRecord] Record already exists
02-20 19:25:00.607  1930  1930 D SubscriptionController: [addSubInfoRecord] sSlotIdxToSubId.size=1 slotId=0 subId=1 defaultSubId=1 simCount=1
02-20 19:25:00.607  1930  1930 D SubscriptionController: [setDefaultFallbackSubId] subId=1
02-20 19:25:00.607  1930  1930 D SubscriptionController: [setDefaultFallbackSubId] set mDefaultFallbackSubId=1
02-20 19:25:00.607  1930  1930 D MccTable: updateMccMncConfiguration mccmnc='310260' fromServiceState=false
02-20 19:25:00.608  1930  1930 D MccTable: updateMccMncConfiguration defaultMccMnc=310260
02-20 19:25:00.672  1771  2093 D TelephonyManager: getSimState: default sim:-1, sim state for slotIdx=0 is 5, return state as unknown
02-20 19:25:00.690  1687  1701 W GnssLocationProvider: Could not open GPS configuration file /etc/gps.conf
02-20 19:25:00.690  1687  1701 E GnssLocationProvider: no AGPS interface in set_agps_server
02-20 19:25:00.690  1687  1701 I GnssLocationProvider: WakeLock released by handleMessage(12, 0, null)
02-20 19:25:00.698  1687  1709 W art     : Long monitor contention with owner Binder:1687_1 (1699) at int com.android.server.wm.WindowManagerService.relayoutWindow(com.android.server.wm.Session, android.view.IWindow, int, android.view.WindowManager$LayoutParams, int, int, int, int, android.graphics.Rect, android.graphics.Rect, android.graphics.Rect, android.graphics.Rect, android.graphics.Rect, android.graphics.Rect, android.graphics.Rect, android.content.res.Configuration, android.view.Surface)(WindowManagerService.java:2857) waiters=0 in void com.android.server.wm.WindowAnimator$1.doFrame(long) for 112ms
02-20 19:25:00.699  1687  1709 I dvm_lock_sample: [system_server,1,android.display,112,WindowAnimator.java,144,WindowManagerService.java,2857,22]
02-20 19:25:00.703  1930  1930 I liblog  : 2
02-20 19:25:00.703  1930  1930 D SubscriptionController: [setDefaultFallbackSubId] broadcast default subId changed phoneId=0 subId=1
02-20 19:25:00.704  1930  1930 D SubscriptionController: [addSubInfoRecord] one sim set defaults to subId=1
02-20 19:25:00.704  1930  1930 D SubscriptionController: [setDefaultDataSubId] num phones=1, subId=1
02-20 19:25:00.704  1930  1930 D SubscriptionController: [setDefaultDataSubId] phoneId=0 subId=1 RAF=1
02-20 19:25:00.705  1930  1930 D ProxyController: setRadioCapability: Already in requested configuration, nothing to do.
02-20 19:25:00.705  1930  1930 D SubscriptionController: [updateAllDataConnectionTrackers] sPhones.length=1
02-20 19:25:00.705  1930  1930 D SubscriptionController: [updateAllDataConnectionTrackers] phoneId=0
02-20 19:25:00.705  1930  1930 D DCT     : [0]update sub = 1
02-20 19:25:00.705  1930  1930 D DCT     : [0]update(): Active DDS, register for all events now!
02-20 19:25:00.705  1930  1930 D DCT     : [0]New records found.
02-20 19:25:00.705  1930  1930 D SST     : mDeviceShuttingDown=false, mDesiredPowerState=true, getRadioState=RADIO_ON, mPowerOffDelayNeed=true, mAlarmSwitch=false, mRadioDisabledByCarrier=false
02-20 19:25:00.705  1930  1930 D GsmCdmaPhone: [GsmCdmaPhone] updateCurrentCarrierInProvider: mSubId = 1 currentDds = 1 operatorNumeric = 310260
02-20 19:25:00.706  1930  2062 D RILJ    : [3736]> RIL_REQUEST_GET_CELL_INFO_LIST [SUB0]
02-20 19:25:00.721  1377  1460 D RIL     : onRequest: GET_CELL_INFO_LIST
02-20 19:25:00.721  1377  1460 D RILC    : responseCellInfoList: v12
02-20 19:25:00.722  1930  2028 D RILJ    : [3736]< RIL_REQUEST_GET_CELL_INFO_LIST [CellInfoGsm:{mRegistered=YES mTimeStampType=modem mTimeStamp=16583687645ns CellIdentityGsm:{ mMcc=310 mMnc=260 mLac=3 mCid=91 mArfcn=10 mBsic=0x0} CellSignalStrengthGsm: ss=1623191992 ber=30264 mTa=1632263292}] [SUB0]
02-20 19:25:00.745  1687  1701 W GnssLocationProvider: Could not open GPS configuration file /etc/gps.conf
02-20 19:25:00.745  1687  1701 E GnssLocationProvider: no AGPS interface in set_agps_server
02-20 19:25:00.745  1687  1701 I GnssLocationProvider: WakeLock released by handleMessage(12, 0, null)
02-20 19:25:00.758  1771  2103 E ActivityThread: Failed to find provider info for com.android.contacts
02-20 19:25:00.767  1930  1930 D SubscriptionController: [broadcastDefaultDataSubIdChanged] subId=1
02-20 19:25:00.768  1930  1930 D SubscriptionController: [setDefaultSmsSubId] subId=1
02-20 19:25:00.769  1930  1930 D SubscriptionController: [broadcastDefaultSmsSubIdChanged] subId=1
02-20 19:25:00.770  1930  1930 D SubscriptionController: [setDefaultVoiceSubId] subId=1
02-20 19:25:00.771  1930  1930 D SubscriptionController: [broadcastDefaultVoiceSubIdChanged] subId=1
02-20 19:25:00.771  1930  1930 D SubscriptionController: [addSubInfoRecord] hashmap(0,1)
02-20 19:25:00.785  1930  1930 D SubscriptionController: [addSubInfoRecord] sim name = Android
02-20 19:25:00.786  1930  1930 D DCT     : [0]update sub = 1
02-20 19:25:00.786  1930  1930 D DCT     : [0]update(): Active DDS, register for all events now!
02-20 19:25:00.788  1930  1930 D GsmCdmaPhone: [GsmCdmaPhone] updateCurrentCarrierInProvider: mSubId = 1 currentDds = 1 operatorNumeric = 310260
02-20 19:25:00.805  1930  1930 D SubscriptionController: [addSubInfoRecord]- info size=1
02-20 19:25:00.805  1930  1930 D SubscriptionInfoUpdater: newSim = false
02-20 19:25:00.805  1930  1930 D SubscriptionInfoUpdater: updateSubscriptionInfoByIccId: sInsertSimState[0] = 0
02-20 19:25:00.827  1930  1930 D SubscriptionInfoUpdater: updateSubscriptionInfoByIccId: nSubCount = 1
02-20 19:25:00.828  1930  1930 D SubscriptionController: [setDefaultDataSubId] num phones=1, subId=1
02-20 19:25:00.828  1930  1930 D SubscriptionController: [setDefaultDataSubId] phoneId=0 subId=1 RAF=1
02-20 19:25:00.828  1930  1930 D ProxyController: setRadioCapability: Already in requested configuration, nothing to do.
02-20 19:25:00.829  1930  1930 D SubscriptionController: [updateAllDataConnectionTrackers] sPhones.length=1
02-20 19:25:00.829  1930  1930 D SubscriptionController: [updateAllDataConnectionTrackers] phoneId=0
02-20 19:25:00.829  1930  1930 D DCT     : [0]update sub = 1
02-20 19:25:00.829  1930  1930 D DCT     : [0]update(): Active DDS, register for all events now!
02-20 19:25:00.830  1930  1930 D GsmCdmaPhone: [GsmCdmaPhone] updateCurrentCarrierInProvider: mSubId = 1 currentDds = 1 operatorNumeric = 310260
02-20 19:25:00.839  1930  1930 D SubscriptionController: [broadcastDefaultDataSubIdChanged] subId=1
02-20 19:25:00.840  1930  1930 D SubscriptionController: notifySubscriptionInfoChanged:
02-20 19:25:00.841  1687  1687 I GnssLocationProvider: WakeLock acquired by sendMessage(12, 0, null)
02-20 19:25:00.841  1930  1944 D SubscriptionMonitor: Phone[0] subId changed -2->1, 1 registrants
02-20 19:25:00.841  1930  1944 D SubscriptionMonitor: mDefaultDataSubId = 1, 1 registrants
02-20 19:25:00.842  1930  1930 D SubscriptionInfoUpdater: updateSubscriptionInfoByIccId:- SsubscriptionInfo update complete
02-20 19:25:00.842  1930  1930 D MccTable: updateMccMncConfiguration mccmnc='310260' fromServiceState=false
02-20 19:25:00.843  1945  2005 D EGL_emulation: eglMakeCurrent: 0x74f531179a20: ver 3 0 (tinfo 0x74f53b6e0e60)
02-20 19:25:00.844  1930  1930 D MccTable: updateMccMncConfiguration defaultMccMnc=310260
02-20 19:25:00.844  1930  1930 D MccTable: updateMccMncConfiguration: mcc=310, mnc=260
02-20 19:25:00.844  1930  1930 D MccTable: updateMccMncConfiguration updateConfig config={1.0 310mcc260mnc ?localeList ?layoutDir ?swdp ?wdp ?hdp ?density ?lsize ?long ?orien ?uimode ?night ?touch ?keyb/?/? ?nav/?}
02-20 19:25:00.855  1687  1709 W art     : Long monitor contention with owner Binder:1687_8 (2107) at int com.android.server.wm.WindowManagerService.relayoutWindow(com.android.server.wm.Session, android.view.IWindow, int, android.view.WindowManager$LayoutParams, int, int, int, int, android.graphics.Rect, android.graphics.Rect, android.graphics.Rect, android.graphics.Rect, android.graphics.Rect, android.graphics.Rect, android.graphics.Rect, android.content.res.Configuration, android.view.Surface)(WindowManagerService.java:2857) waiters=0 in void com.android.server.wm.WindowManagerService$H.handleMessage(android.os.Message) for 151ms
02-20 19:25:00.855  1687  1709 I dvm_lock_sample: [system_server,1,android.display,151,WindowManagerService.java,8857,-,2857,30]
02-20 19:25:00.855  1687  1703 W art     : Long monitor contention with owner Binder:1687_8 (2107) at int com.android.server.wm.WindowManagerService.relayoutWindow(com.android.server.wm.Session, android.view.IWindow, int, android.view.WindowManager$LayoutParams, int, int, int, int, android.graphics.Rect, android.graphics.Rect, android.graphics.Rect, android.graphics.Rect, android.graphics.Rect, android.graphics.Rect, android.graphics.Rect, android.content.res.Configuration, android.view.Surface)(WindowManagerService.java:2857) waiters=1 in void com.android.server.wm.WindowManagerService.finishDrawingWindow(com.android.server.wm.Session, android.view.IWindow) for 150ms
02-20 19:25:00.855  1687  1703 I dvm_lock_sample: [system_server,1,android.ui,150,WindowManagerService.java,3255,-,2857,30]
02-20 19:25:00.857  1930  1930 D SubscriptionController: [setMccMnc]+ mcc/mnc:310/260 subId:1
02-20 19:25:00.857  1687  1703 W WindowManager: Keyguard drawn timeout. Setting mKeyguardDrawComplete
02-20 19:25:00.860  1771  1771 I Choreographer: Skipped 47 frames!  The application may be doing too much work on its main thread.
02-20 19:25:00.863  1771  1771 D ViewRootImpl[StatusBar]: changeCanvasOpacity: opaque=true
02-20 19:25:00.857  1687  1701 W GnssLocationProvider: Could not open GPS configuration file /etc/gps.conf
02-20 19:25:00.864  1687  1701 E GnssLocationProvider: no AGPS interface in set_agps_server
02-20 19:25:00.865  1687  1701 I GnssLocationProvider: WakeLock released by handleMessage(12, 0, null)
02-20 19:25:00.886  1930  1930 D SubscriptionController: notifySubscriptionInfoChanged:
02-20 19:25:00.887  1687  1687 I GnssLocationProvider: WakeLock acquired by sendMessage(12, 0, null)
02-20 19:25:00.890  1930  1930 D SubscriptionController: [getActiveSubscriptionInfo]+ subId=1 subInfo={id=1, iccId=89014103211118510720 simSlotIndex=0 displayName=Android carrierName=Android nameSource=0 iconTint=-16746133 dataRoaming=0 iconBitmap=android.graphics.Bitmap@7359b0a mcc 310 mnc 260}
02-20 19:25:00.890  1930  1930 D SubscriptionInfoUpdater: sim name = Android
02-20 19:25:00.906  2071  2071 I GAv4    : Google Analytics 9.2.56 is starting up. To enable debug logging on a device run:
02-20 19:25:00.906  2071  2071 I GAv4    :   adb shell setprop log.tag.GAv4 DEBUG
02-20 19:25:00.906  2071  2071 I GAv4    :   adb logcat -s GAv4
02-20 19:25:00.920  1313  1364 I SurfaceFlinger: Boot is finished (14037 ms)
02-20 19:25:00.920  1313  1364 I sf_stop_bootanim: 16782
02-20 19:25:00.923  1930  1930 D SubscriptionInfoUpdater: Broadcasting intent ACTION_SIM_STATE_CHANGED LOADED reason null for mCardIndex: 0
02-20 19:25:00.923  1687  1687 D WifiService: resetting networks because SIM was loaded
02-20 19:25:00.930  1687  1743 D WifiStateMachine: resetting EAP-SIM/AKA/AKA' networks since SIM was changed
02-20 19:25:00.931  1930  1930 D CarrierConfigLoader: update config for phoneId: 0 simState: LOADED
02-20 19:25:00.931  1930  1930 D CarrierSvcBindHelper: update binding for phoneId: 0 simState: LOADED
02-20 19:25:00.936  1687  1703 V KeyguardServiceDelegate: *** Keyguard connected (yay!)
02-20 19:25:00.962  1313  2108 D         : HostConnection::get() New Host Connection established 0x78c0128ec420, tid 2108
02-20 19:24:59.843     0     0 I init    : Service 'bootanim' (pid 1335) exited with status 0
02-20 19:24:59.845     0     0 I init    : Starting service 'exec 6 (/system/bin/bootstat)'...
02-20 19:25:00.986  1930  1930 D SubscriptionController: [getActiveSubscriptionInfo]+ subId=1 subInfo={id=1, iccId=89014103211118510720 simSlotIndex=0 displayName=Android carrierName=Android nameSource=0 iconTint=-16746133 dataRoaming=0 iconBitmap=android.graphics.Bitmap@1a81df1 mcc 310 mnc 260}
02-20 19:25:00.988  1687  2106 I Telecom : PhoneAccountRegistrar: [ComponentInfo{com.android.phone/com.android.services.telephony.TelephonyConnectionService}, [e0184adedf913b076626646d3f52c3b49c39ad6d], UserHandle{0}(icon: Icon(typ=BITMAP size=76x96) -> Icon(typ=BITMAP size=76x96))]: TSI.rPA@ABE
02-20 19:25:00.988  1687  2106 I Telecom : : Sending phone-account registered intent as user: TSI.rPA@ABE
02-20 19:25:00.989  1930  1930 D DCT     : [0]onRecordsLoadedOrSubIdChanged: createAllApnList
02-20 19:25:00.989  1930  1930 D DCT     : [0]createAllApnList: selection=numeric = '310260'
02-20 19:25:00.991  1930  1930 D DCT     : [0]createApnList: X result=[[ApnSettingV3] T-Mobile US, 1, 310260, epc.tmobile.com, , http://mms.msg.eng.t-mobile.com/mms/wapenc, , , , -1, *, IP, IP, true, 0, 0, 0, false, 0, 0, 0, 0, , , false]
02-20 19:25:00.994  2112  2112 I bootstat: Service started: /system/bin/bootstat --record_boot_complete 
02-20 19:25:00.995  1930  1930 D TelephonyProvider: subIdString = 1 subId = 1
02-20 19:25:00.996  2112  2112 I bootstat: Logging histogram: bootstat_mtime_matches_content 1
02-20 19:25:00.996  2112  2112 I sysui_histogram: [bootstat_mtime_matches_content,1]
02-20 19:25:00.996  1313  1313 I sf_frame_dur: [BootAnimation,0,38,226,28,0,0,0]
02-20 19:25:00.997  1687  1709 I wm_boot_animation_done: 16860
02-20 19:25:01.002  1687  1709 I SystemServiceManager: Starting phase 1000
02-20 19:25:01.011  1930  1930 D DCT     : [0]getPreferredApn: mRequestedApnType=default cursor=android.content.ContentResolver$CursorWrapperInner@6901bb0 cursor.count=1
02-20 19:25:01.011  1930  1930 D DCT     : [0]getPreferredApn: apnSetting=[ApnSettingV3] T-Mobile US, 1, 310260, epc.tmobile.com, , http://mms.msg.eng.t-mobile.com/mms/wapenc, , , , -1, *, IP, IP, true, 0, 0, 0, false, 0, 0, 0, 0, , , false
02-20 19:25:01.011  1930  1930 D DCT     : [0]getPreferredApn: X found apnSetting[ApnSettingV3] T-Mobile US, 1, 310260, epc.tmobile.com, , http://mms.msg.eng.t-mobile.com/mms/wapenc, , , , -1, *, IP, IP, true, 0, 0, 0, false, 0, 0, 0, 0, , , false
02-20 19:25:01.012  1930  1930 D DCT     : [0]createAllApnList: mPreferredApn=[ApnSettingV3] T-Mobile US, 1, 310260, epc.tmobile.com, , http://mms.msg.eng.t-mobile.com/mms/wapenc, , , , -1, *, IP, IP, true, 0, 0, 0, false, 0, 0, 0, 0, , , false
02-20 19:25:01.012  1930  1930 D DCT     : [0]createAllApnList: X mAllApnSettings=[[ApnSettingV3] T-Mobile US, 1, 310260, epc.tmobile.com, , http://mms.msg.eng.t-mobile.com/mms/wapenc, , , , -1, *, IP, IP, true, 0, 0, 0, false, 0, 0, 0, 0, , , false]
02-20 19:25:01.012  1930  1930 D DCT     : [0]setDataProfilesAsNeeded
02-20 19:25:01.012  1930  1930 D DCT     : [0]setInitialApn: E mPreferredApn=[ApnSettingV3] T-Mobile US, 1, 310260, epc.tmobile.com, , http://mms.msg.eng.t-mobile.com/mms/wapenc, , , , -1, *, IP, IP, true, 0, 0, 0, false, 0, 0, 0, 0, , , false
02-20 19:25:01.012  1930  1930 D DCT     : [0]setInitialApn: firstApnSetting=[ApnSettingV3] T-Mobile US, 1, 310260, epc.tmobile.com, , http://mms.msg.eng.t-mobile.com/mms/wapenc, , , , -1, *, IP, IP, true, 0, 0, 0, false, 0, 0, 0, 0, , , false
02-20 19:25:01.013  1930  1930 D DCT     : [0]setInitialApn: defaultApnSetting=[ApnSettingV3] T-Mobile US, 1, 310260, epc.tmobile.com, , http://mms.msg.eng.t-mobile.com/mms/wapenc, , , , -1, *, IP, IP, true, 0, 0, 0, false, 0, 0, 0, 0, , , false
02-20 19:25:01.013  1930  1930 D DCT     : [0]setInitialAttachApn: using mPreferredApn
02-20 19:25:01.013  1930  1930 D DCT     : [0]setInitialAttachApn: X selected Apn=[ApnSettingV3] T-Mobile US, 1, 310260, epc.tmobile.com, , http://mms.msg.eng.t-mobile.com/mms/wapenc, , , , -1, *, IP, IP, true, 0, 0, 0, false, 0, 0, 0, 0, , , false
02-20 19:25:01.013  1930  1930 D RILJ    : Set RIL_REQUEST_SET_INITIAL_ATTACH_APN [SUB0]
02-20 19:25:01.013  1930  1930 D RILJ    : [3737]> RIL_REQUEST_SET_INITIAL_ATTACH_APN, apn:epc.tmobile.com, protocol:IP, authType:-1, username:none, password:none [SUB0]
02-20 19:25:01.017  1930  1930 D DCT     : [0]onRecordsLoadedOrSubIdChanged: notifying data availability
02-20 19:25:01.017  1377  1460 D RIL     : onRequest: RIL_REQUEST_SET_INITIAL_ATTACH_APN
02-20 19:25:01.017  1377  1460 D RIL     : Request not supported. Tech: 1
02-20 19:25:01.018  1930  2028 D RilRequest: [3737]< RIL_REQUEST_SET_INITIAL_ATTACH_APN error: com.android.internal.telephony.CommandException: REQUEST_NOT_SUPPORTED ret=
02-20 19:25:01.019  1687  1987 D TelephonyRegistry: Notify data connection state changed on sub: 1
02-20 19:25:01.019  1687  1987 D TelephonyRegistry: Notify data connection state changed on sub: 1
02-20 19:25:01.021  1687  1709 I am_proc_start: [0,2114,10015,com.google.android.ext.services,on-hold,]
02-20 19:25:01.021  1687  1709 I ActivityManager: Start proc 2114:com.google.android.ext.services/u0a15 for on-hold
02-20 19:25:01.021  2114  2114 W art     : Unexpected CPU variant for X86 using defaults: x86_64
02-20 19:25:01.027  1687  1709 D ActivityManager: Finishing user boot 0
02-20 19:25:01.027  1687  1709 I sysui_histogram: [framework_locked_boot_completed,16]
02-20 19:25:01.029  1687  1709 D CryptdConnector: SND -> {3 cryptfs prepare_user_storage ! 0 0 2}
02-20 19:25:01.031  1267  1303 D vold    : e4crypt_prepare_user_storage for volume null, user 0, serial 0, flags 2
02-20 19:25:01.031  1267  1303 D vold    : Preparing: /data/system_ce/0
02-20 19:25:01.031  1267  1303 D vold    : Preparing: /data/misc_ce/0
02-20 19:25:01.031  1267  1303 D vold    : Preparing: /data/media/0
02-20 19:25:01.031  1267  1303 D vold    : Preparing: /data/data
02-20 19:25:01.031  1687  1736 D CryptdConnector: RCV <- {200 3 Command succeeded}
02-20 19:25:01.032  1687  1709 V UserManagerService: Found /data/user/0 with serial number 0
02-20 19:25:01.032  1687  1709 V UserManagerService: Found /data/system_ce/0 with serial number 0
02-20 19:25:01.032  1687  1709 V PackageManager: reconcileAppsData for null u0 0x2
02-20 19:25:01.039  2112  2112 I bootstat: Logging histogram: bootstat_mtime_matches_content 1
02-20 19:25:01.039  2112  2112 I sysui_histogram: [bootstat_mtime_matches_content,1]
02-20 19:25:01.039  2112  2112 I bootstat: Logging histogram: bootstat_mtime_matches_content 1
02-20 19:25:01.039  2112  2112 I sysui_histogram: [bootstat_mtime_matches_content,1]
02-20 19:24:59.902     0     0 I init    : Service 'exec 6 (/system/bin/bootstat)' (pid 2112) exited with status 0
02-20 19:24:59.903     0     0 I init    : Starting service 'exec 7 (/system/bin/bootstat)'...
02-20 19:25:01.082  2128  2128 I bootstat: Service started: /system/bin/bootstat --record_boot_reason 
02-20 19:25:01.082  2128  2128 I bootstat: Unknown boot reason: 
02-20 19:24:59.945     0     0 I init    : Service 'exec 7 (/system/bin/bootstat)' (pid 2128) exited with status 0
02-20 19:24:59.947     0     0 I init    : Starting service 'exec 8 (/system/bin/bootstat)'...
02-20 19:25:01.095  2129  2129 I bootstat: Service started: /system/bin/bootstat --record_time_since_factory_reset 
02-20 19:25:01.095  2129  2129 I bootstat: Logging histogram: factory_reset_current_time 1519154701
02-20 19:25:01.095  2129  2129 I sysui_histogram: [factory_reset_current_time,1519154701]
02-20 19:25:01.104  2129  2129 I bootstat: Logging histogram: bootstat_mtime_matches_content 1
02-20 19:25:01.104  2129  2129 I sysui_histogram: [bootstat_mtime_matches_content,1]
02-20 19:25:01.104  2129  2129 I bootstat: Logging histogram: factory_reset_record_value 1519154248
02-20 19:25:01.104  2129  2129 I sysui_histogram: [factory_reset_record_value,1519154248]
02-20 19:24:59.967     0     0 I init    : Service 'exec 8 (/system/bin/bootstat)' (pid 2129) exited with status 0
02-20 19:24:59.967     0     0 I init    : Starting service 'exec 9 (/system/bin/bootstat)'...
02-20 19:25:01.120  1687  1701 W GnssLocationProvider: Could not open GPS configuration file /etc/gps.conf
02-20 19:25:01.120  1687  1701 E GnssLocationProvider: no AGPS interface in set_agps_server
02-20 19:25:01.120  1687  1701 I GnssLocationProvider: WakeLock released by handleMessage(12, 0, null)
02-20 19:25:01.122  2130  2130 I bootstat: Service started: /system/bin/bootstat -l 
02-20 19:25:01.122  2130  2130 I bootstat: Logging histogram: bootstat_mtime_matches_content 1
02-20 19:25:01.123  2130  2130 I sysui_histogram: [bootstat_mtime_matches_content,1]
02-20 19:25:01.123  2130  2130 I bootstat: Logging histogram: bootstat_mtime_matches_content 1
02-20 19:25:01.123  2130  2130 I sysui_histogram: [bootstat_mtime_matches_content,1]
02-20 19:25:01.123  2130  2130 I bootstat: Logging histogram: bootstat_mtime_matches_content 1
02-20 19:25:01.123  2130  2130 I sysui_histogram: [bootstat_mtime_matches_content,1]
02-20 19:25:01.123  2130  2130 I bootstat: Logging histogram: bootstat_mtime_matches_content 1
02-20 19:25:01.123  2130  2130 I sysui_histogram: [bootstat_mtime_matches_content,1]
02-20 19:25:01.124  1687  1709 V PackageManager: reconcileAppsData finished 100 packages
02-20 19:25:01.125  1687  1702 D MountService: onUnlockUser 0
02-20 19:25:01.125  1687  1702 D VoldConnector: SND -> {7 volume user_started 0}
02-20 19:25:01.125  1687  2107 I dvm_lock_sample: [system_server,1,Binder:1687_8,85,ActivityManagerService.java,6669,-,6823,17]
02-20 19:25:01.125  1687  2107 I am_proc_bound: [0,2114,com.google.android.ext.services]
02-20 19:25:01.126  1267  1302 D vold    : Linking /storage/emulated/0 to /mnt/user/0/primary
02-20 19:25:01.126  1687  1735 D VoldConnector: RCV <- {200 7 Command succeeded}
02-20 19:25:01.126  1687  1734 D MountService: Volume public:253,64 broadcasting mounted to UserHandle{0}
02-20 19:25:01.131  1687  1734 D MountService: Volume emulated broadcasting mounted to UserHandle{0}
02-20 19:25:01.138  1930  1930 D DCT     : [0]setupDataOnConnectableApns: simLoaded hipri:[state=IDLE,enabled=false] mms:[state=IDLE,enabled=false] supl:[state=IDLE,enabled=false] ia:[state=IDLE,enabled=false] fota:[state=IDLE,enabled=false] ims:[state=IDLE,enabled=false] cbs:[state=IDLE,enabled=false] default:[state=IDLE,enabled=false] emergency:[state=IDLE,enabled=false] 
02-20 19:25:01.157  2114  2114 W System  : ClassLoader referenced unknown path: /system/priv-app/GoogleExtServices/lib/x86_64
02-20 19:25:01.164  2130  2130 I bootstat: Logging histogram: bootstat_mtime_matches_content 1
02-20 19:25:01.164  2130  2130 I sysui_histogram: [bootstat_mtime_matches_content,1]
02-20 19:25:01.166  2130  2130 I bootstat: Logging histogram: bootstat_mtime_matches_content 1
02-20 19:25:01.166  2130  2130 I sysui_histogram: [bootstat_mtime_matches_content,1]
02-20 19:25:01.166  2130  2130 I bootstat: Logging histogram: bootstat_mtime_matches_content 1
02-20 19:25:01.166  2130  2130 I sysui_histogram: [bootstat_mtime_matches_content,1]
02-20 19:25:01.166  2130  2130 I bootstat: Logging histogram: bootstat_mtime_matches_content 1
02-20 19:25:01.166  2130  2130 I sysui_histogram: [bootstat_mtime_matches_content,1]
02-20 19:25:01.166  2130  2130 I bootstat: Logging histogram: bootstat_mtime_matches_content 1
02-20 19:25:01.166  2130  2130 I sysui_histogram: [bootstat_mtime_matches_content,1]
02-20 19:25:01.166  2130  2130 I bootstat: Logging histogram: bootstat_mtime_matches_content 1
02-20 19:25:01.166  2130  2130 I sysui_histogram: [bootstat_mtime_matches_content,1]
02-20 19:25:01.166  2130  2130 I bootstat: Logging histogram: bootstat_mtime_matches_content 1
02-20 19:25:01.166  2130  2130 I sysui_histogram: [bootstat_mtime_matches_content,1]
02-20 19:25:01.166  2130  2130 I bootstat: Logging histogram: bootstat_mtime_matches_content 1
02-20 19:25:01.166  2130  2130 I sysui_histogram: [bootstat_mtime_matches_content,1]
02-20 19:25:01.166  2130  2130 I bootstat: Logging histogram: bootstat_mtime_matches_content 1
02-20 19:25:01.166  2130  2130 I sysui_histogram: [bootstat_mtime_matches_content,1]
02-20 19:25:01.166  2130  2130 I bootstat: Logging histogram: bootstat_mtime_matches_content 1
02-20 19:25:01.166  2130  2130 I sysui_histogram: [bootstat_mtime_matches_content,1]
02-20 19:25:01.166  2130  2130 I bootstat: Logging histogram: post_decrypt_time_elapsed 4
02-20 19:25:01.166  2130  2130 I sysui_histogram: [post_decrypt_time_elapsed,4]
02-20 19:25:01.166  2130  2130 I bootstat: Logging histogram: last_boot_time_utc 1519154700
02-20 19:25:01.166  2130  2130 I sysui_histogram: [last_boot_time_utc,1519154700]
02-20 19:25:01.166  2130  2130 I bootstat: Logging histogram: build_date 1513095943
02-20 19:25:01.166  2130  2130 I sysui_histogram: [build_date,1513095943]
02-20 19:25:01.166  2130  2130 I bootstat: Logging histogram: boot_decryption_complete 16
02-20 19:25:01.166  2130  2130 I sysui_histogram: [boot_decryption_complete,16]
02-20 19:25:01.166  2130  2130 I bootstat: Logging histogram: ota_boot_complete_post_decrypt 7
