02-20 19:24:56.359  1267  1302 V vold    : /system/bin/sgdisk
02-20 19:24:56.359  1267  1302 V vold    :     --android-dump
02-20 19:24:56.359  1267  1302 V vold    :     /dev/block/vold/disk:253,64
02-20 19:24:56.360  1687  1735 D VoldConnector: RCV <- {651 emulated 7}
02-20 19:24:56.360  1687  1735 D VoldConnector: RCV <- {659 emulated}
02-20 19:24:56.360  1687  1735 D VoldConnector: RCV <- {650 emulated 2 "" ""}
02-20 19:24:56.360  1687  1735 D VoldConnector: RCV <- {651 emulated 0}
02-20 19:24:56.360  1687  1735 D VoldConnector: RCV <- {651 public:253,64 7}
02-20 19:24:56.360  1687  1735 D VoldConnector: RCV <- {659 public:253,64}
02-20 19:24:56.360  1687  1735 D VoldConnector: RCV <- {649 disk:253,64}
02-20 19:24:56.361  1687  1735 D VoldConnector: RCV <- {640 disk:253,64 5}
02-20 19:24:56.361  1687  1735 D VoldConnector: RCV <- {641 disk:253,64 536870912}
02-20 19:24:56.361  1687  1735 D VoldConnector: RCV <- {642 disk:253,64 Virtual}
02-20 19:24:56.361  1687  1735 D VoldConnector: RCV <- {644 disk:253,64 /sys//devices/pci0000:00/0000:00:07.0/virtio4/block/vde}
02-20 19:24:56.362  1687  1707 V MountService: Found primary storage at VolumeInfo{emulated}:
02-20 19:24:56.362  1687  1707 V MountService:     type=EMULATED diskId=null partGuid=null mountFlags=0 mountUserId=-1 
02-20 19:24:56.362  1687  1707 V MountService:     state=UNMOUNTED 
02-20 19:24:56.362  1687  1707 V MountService:     fsType=null fsUuid=null fsLabel=null 
02-20 19:24:56.362  1687  1707 V MountService:     path=null internalPath=null 
02-20 19:24:56.370  1687  1687 I am_proc_start: [0,1771,10028,com.android.systemui,service,com.android.systemui/.ImageWallpaper]
02-20 19:24:56.371  1687  1687 I ActivityManager: Start proc 1771:com.android.systemui/u0a28 for service com.android.systemui/.ImageWallpaper
02-20 19:24:56.371  1687  1702 I ActivityManager: Force stopping com.android.providers.media appid=10011 user=-1: vold reset
02-20 19:24:56.372  1687  1754 E BluetoothAdapter: Bluetooth binder is null
02-20 19:24:56.372  1687  1754 E BluetoothAdapter: Bluetooth binder is null
02-20 19:24:56.373  1687  1687 D UsbAlsaManager: Adding ALSA device AlsaDevice: [card: 0, device: 0, type: 1]
02-20 19:24:56.373  1687  1687 D UsbAlsaManager: Adding ALSA device AlsaDevice: [card: 0, device: 0, type: 2]
02-20 19:24:56.373  1687  1687 I SystemServer: WebViewFactory preparation
02-20 19:24:56.375  1765  1765 W art     : Unexpected CPU variant for X86 using defaults: x86_64
02-20 19:24:56.379  1367  1397 I AudioFlinger: systemReady
02-20 19:24:56.381  1267  1302 V vold    : DISK mbr
02-20 19:24:56.381  1267  1302 V vold    : 
02-20 19:24:56.382  1267  1302 W vold    : disk:253,64 has unknown partition table; trying entire device
02-20 19:24:56.382  1267  1302 V vold    : /system/bin/blkid
02-20 19:24:56.382  1267  1302 V vold    :     -c
02-20 19:24:56.382  1267  1302 V vold    :     /dev/null
02-20 19:24:56.382  1267  1302 V vold    :     -s
02-20 19:24:56.382  1267  1302 V vold    :     TYPE
02-20 19:24:56.382  1267  1302 V vold    :     -s
02-20 19:24:56.382  1267  1302 V vold    :     UUID
02-20 19:24:56.382  1267  1302 V vold    :     -s
02-20 19:24:56.382  1267  1302 V vold    :     LABEL
02-20 19:24:56.382  1267  1302 V vold    :     /dev/block/vold/disk:253,64
02-20 19:24:56.405  1771  1771 W art     : Unexpected CPU variant for X86 using defaults: x86_64
02-20 19:24:56.415  1687  1687 D WebViewFactory: Setting new address space to 137955392
02-20 19:24:56.441  1267  1302 V vold    : /dev/block/vold/disk:253,64: LABEL="SDCARD" UUID="1E12-0B12" TYPE="vfat" 
02-20 19:24:56.441  1267  1302 V vold    : 
02-20 19:24:56.444  1687  1735 D VoldConnector: RCV <- {650 public:253,64 0 "disk:253,64" ""}
02-20 19:24:56.444  1687  1735 D VoldConnector: RCV <- {651 public:253,64 0}
02-20 19:24:56.444  1687  1735 D VoldConnector: RCV <- {643 disk:253,64}
02-20 19:24:56.454  1687  1735 D VoldConnector: RCV <- {200 3 Command succeeded}
02-20 19:24:56.455  1687  1734 D VoldConnector: SND -> {4 volume user_added 0 0}
02-20 19:24:56.456  1687  1735 D VoldConnector: RCV <- {200 4 Command succeeded}
02-20 19:24:56.456  1687  1734 D VoldConnector: SND -> {5 volume mount emulated 3 -1}
02-20 19:24:56.457  1687  1700 I am_proc_bound: [0,1771,com.android.systemui]
02-20 19:24:56.458  1267  1302 V vold    : Waiting for FUSE to spin up...
02-20 19:24:56.458  1687  1735 D VoldConnector: RCV <- {651 emulated 1}
02-20 19:24:56.458  1687  1735 D VoldConnector: RCV <- {656 emulated /data/media}
02-20 19:24:56.458  1687  1735 D VoldConnector: RCV <- {655 emulated /storage/emulated}
02-20 19:24:56.476  1687  1699 I am_proc_bound: [0,1765,com.android.inputmethod.latin]
02-20 19:24:56.492  1795  1795 W sdcard  : Device explicitly disabled sdcardfs
02-20 19:24:56.517  1771  1771 W System  : ClassLoader referenced unknown path: /system/priv-app/SystemUIGoogle/lib/x86_64
02-20 19:24:56.521  1687  1735 D VoldConnector: RCV <- {651 emulated 2}
02-20 19:24:56.521  1687  1735 D VoldConnector: RCV <- {200 5 Command succeeded}
02-20 19:24:56.498     0     0 D SELinux : initialized (dev fuse, type fuse), uses genfs_contexts
02-20 19:24:56.498     0     0 D SELinux : initialized (dev fuse, type fuse), uses genfs_contexts
02-20 19:24:56.498     0     0 D SELinux : initialized (dev fuse, type fuse), uses genfs_contexts
02-20 19:24:56.545  1687  1734 D VoldConnector: SND -> {6 volume mount public:253,64 2 0}
02-20 19:24:56.546  1267  1302 V vold    : /system/bin/blkid
02-20 19:24:56.546  1267  1302 V vold    :     -c
02-20 19:24:56.546  1267  1302 V vold    :     /dev/null
02-20 19:24:56.546  1267  1302 V vold    :     -s
02-20 19:24:56.546  1267  1302 V vold    :     TYPE
02-20 19:24:56.546  1267  1302 V vold    :     -s
02-20 19:24:56.546  1267  1302 V vold    :     UUID
02-20 19:24:56.546  1267  1302 V vold    :     -s
02-20 19:24:56.546  1267  1302 V vold    :     LABEL
02-20 19:24:56.546  1267  1302 V vold    :     /dev/block/vold/public:253,64
02-20 19:24:56.546  1687  1735 D VoldConnector: RCV <- {651 public:253,64 1}
02-20 19:24:56.549  1687  1758 D AssetAtlas: Rendered atlas in 629.64ms (291.65+338.00ms)
02-20 19:24:56.563  1687  1687 I Zygote  : Process: zygote socket opened, supported ABIS: x86
02-20 19:24:56.568  1366  1366 I art     : Starting a blocking GC Background
02-20 19:24:56.601  1687  1742 D WifiController: DEFERRED_TOGGLE handled
02-20 19:24:56.603  1376  1684 D SoftapController: Softap fwReload - Ok
02-20 19:24:56.604  1376  1684 D CommandListener: Setting iface cfg
02-20 19:24:56.605  1376  1684 D CommandListener: Trying to bring down wlan0
02-20 19:24:56.607  1376  1684 D CommandListener: Clearing all IP addresses on wlan0
02-20 19:24:56.607  1687  1806 E WVMExtractor: Failed to open libwvm.so: dlopen failed: library "libwvm.so" not found
02-20 19:24:56.609  1687  1743 E WifiMonitor: killSupplicant p2pfalse init.svc.wpa_supplicant=unknown init.svc.p2p_supplicant=unknown
02-20 19:24:56.620  1267  1302 V vold    : /dev/block/vold/public:253,64: LABEL="SDCARD" UUID="1E12-0B12" TYPE="vfat" 
02-20 19:24:56.620  1267  1302 V vold    : 
02-20 19:24:56.620  1267  1302 V vold    : /system/bin/fsck_msdos
02-20 19:24:56.620  1267  1302 V vold    :     -p
02-20 19:24:56.620  1267  1302 V vold    :     -f
02-20 19:24:56.620  1267  1302 V vold    :     /dev/block/vold/public:253,64
02-20 19:24:56.620  1687  1735 D VoldConnector: RCV <- {652 public:253,64 vfat}
02-20 19:24:56.621  1687  1735 D VoldConnector: RCV <- {653 public:253,64 1E12-0B12}
02-20 19:24:56.621  1687  1735 D VoldConnector: RCV <- {654 public:253,64 SDCARD}
02-20 19:24:56.632  1687  1687 W ActivityManager: Slow operation: 83ms so far, now at startProcess: returned from zygote!
02-20 19:24:56.632  1687  1687 W ActivityManager: Slow operation: 83ms so far, now at startProcess: done updating battery stats
02-20 19:24:56.632  1687  1687 I am_proc_start: [0,1809,1037,WebViewLoader-x86,,]
02-20 19:24:56.632  1687  1687 W ActivityManager: Slow operation: 83ms so far, now at startProcess: building log message
02-20 19:24:56.632  1687  1687 I ActivityManager: Start proc 1809:WebViewLoader-x86/1037 [android.webkit.WebViewFactory$RelroFileCreator] for 
02-20 19:24:56.632  1687  1687 W ActivityManager: Slow operation: 83ms so far, now at startProcess: starting to update pids map
02-20 19:24:56.632  1687  1687 W ActivityManager: Slow operation: 83ms so far, now at startProcess: done updating pids map
02-20 19:24:56.632  1687  1687 W ActivityManager: Slow operation: 83ms so far, now at startProcess: done starting proc!
02-20 19:24:56.646  1687  1687 I am_proc_start: [0,1814,1037,WebViewLoader-x86_64,,]
02-20 19:24:56.646  1687  1687 I ActivityManager: Start proc 1814:WebViewLoader-x86_64/1037 [android.webkit.WebViewFactory$RelroFileCreator] for 
02-20 19:24:56.647  1687  1687 D NetworkManagement: enabling bandwidth control
02-20 19:24:56.651  1687  1743 E wifi    : Can not initialize the vendor function pointer table
02-20 19:24:56.652  1687  1743 E WifiNative-HAL: Could not start hal
02-20 19:24:56.652  1687  1743 E WifiStateMachine: Failed to start HAL
02-20 19:24:56.655  1375  1375 I MediaPlayerService: MediaPlayerService::getOMX
02-20 19:24:56.656  1375  1375 I OMXClient: MuxOMX ctor
02-20 19:24:56.656  1814  1814 W art     : Unexpected CPU variant for X86 using defaults: x86_64
02-20 19:24:56.657  1687  1743 D WifiMonitor: startMonitoring(wlan0) with mConnected = false
02-20 19:24:56.657  1687  1743 E WifiHW  : Unable to open connection to supplicant on "@android:wpa_wlan0": No such file or directory
02-20 19:24:56.657  1375  1375 I MediaPlayerService: MediaPlayerService::getOMX
02-20 19:24:56.657  1375  1375 I OMXClient: MuxOMX ctor
02-20 19:24:56.658  1372  1372 I OMXMaster: makeComponentInstance(OMX.google.mp3.decoder) in mediacodec process
02-20 19:24:56.666  1814  1814 V WebViewFactory: RelroFileCreator (64bit = true),  32-bit lib: /system/app/Chrome/Chrome.apk!/lib/x86/libmonochrome.so, 64-bit lib: /system/app/Chrome/Chrome.apk!/lib/x86_64/libmonochrome.so
02-20 19:24:56.669  1267  1302 I fsck_msdos: ** /dev/block/vold/public:253,64
02-20 19:24:56.670  1267  1302 I fsck_msdos: ** Phase 1 - Read and Compare FATs
02-20 19:24:56.670  1267  1302 I fsck_msdos: Attempting to allocate 1022 KB for FAT
02-20 19:24:56.675  1809  1809 W art     : Unexpected CPU variant for X86 using defaults: x86
02-20 19:24:56.743  1809  1809 V WebViewFactory: RelroFileCreator (64bit = false),  32-bit lib: /system/app/Chrome/Chrome.apk!/lib/x86/libmonochrome.so, 64-bit lib: /system/app/Chrome/Chrome.apk!/lib/x86_64/libmonochrome.so
02-20 19:24:56.814  1771  1771 V SystemUIService: Starting SystemUI services for user 0.
02-20 19:24:56.835  1375  1375 I MediaPlayerService: MediaPlayerService::getOMX
02-20 19:24:56.653     0     0 I init    : Starting service 'wpa_supplicant'...
02-20 19:24:56.890     0     0 D ieee80211 phy0: mac80211_hwsim_start
02-20 19:24:56.890     0     0 D ieee80211 phy0: mac80211_hwsim_add_interface (type=2 mac_addr=02:00:00:44:55:66)
02-20 19:24:56.890     0     0 D ieee80211 phy0: mac80211_hwsim_bss_info_changed(changed=0xe)
02-20 19:24:56.890     0     0 D ieee80211 phy0: ERP_CTS_PROT: 0
02-20 19:24:56.890     0     0 D ieee80211 phy0: ERP_PREAMBLE: 0
02-20 19:24:56.890     0     0 D ieee80211 phy0: ERP_SLOT: 0
02-20 19:24:56.890     0     0 D ieee80211 phy0: mac80211_hwsim_conf_tx (queue=0 txop=0 cw_min=15 cw_max=1023 aifs=2)
02-20 19:24:56.890     0     0 D ieee80211 phy0: mac80211_hwsim_conf_tx (queue=1 txop=0 cw_min=15 cw_max=1023 aifs=2)
02-20 19:24:56.890     0     0 D ieee80211 phy0: mac80211_hwsim_conf_tx (queue=2 txop=0 cw_min=15 cw_max=1023 aifs=2)
02-20 19:24:56.890     0     0 D ieee80211 phy0: mac80211_hwsim_conf_tx (queue=3 txop=0 cw_min=15 cw_max=1023 aifs=2)
02-20 19:24:56.890     0     0 D ieee80211 phy0: mac80211_hwsim_bss_info_changed(changed=0x2000)
02-20 19:24:56.890     0     0 D ieee80211 phy0: mac80211_hwsim_config (freq=0 idle=0 ps=0 smps=auto)
02-20 19:24:56.890     0     0 D ieee80211 phy0: mac80211_hwsim_configure_filter
02-20 19:24:56.891     0     0 D ieee80211 phy0: mac80211_hwsim_configure_filter
02-20 19:24:56.891     0     0 I IPv6    : ADDRCONF(NETDEV_UP): wlan0: link is not ready
02-20 19:24:56.835  1375  1375 I OMXClient: MuxOMX ctor
02-20 19:24:56.835  1372  1845 I OMXMaster: makeComponentInstance(OMX.google.amrnb.decoder) in mediacodec process
02-20 19:24:56.864  1765  1765 I LatinIME: Hardware accelerated drawing: true
02-20 19:24:56.865  1375  1375 I MediaPlayerService: MediaPlayerService::getOMX
02-20 19:24:56.865  1375  1375 I OMXClient: MuxOMX ctor
02-20 19:24:56.866  1372  1372 I OMXMaster: makeComponentInstance(OMX.google.amrwb.decoder) in mediacodec process
02-20 19:24:56.881  1267  1302 I fsck_msdos: Attempting to allocate 1022 KB for FAT
02-20 19:24:56.888  1823  1823 I wpa_supplicant: Successfully initialized wpa_supplicant
02-20 19:24:56.890  1823  1823 I wpa_supplicant: rfkill: Cannot open RFKILL control device
02-20 19:24:56.902  1771  1771 V MediaRouter: Adding route: RouteInfo{ name=Phone, description=null, status=null, category=RouteCategory{ name=null types=ROUTE_TYPE_LIVE_AUDIO ROUTE_TYPE_LIVE_VIDEO  groupable=false }, supportedTypes=ROUTE_TYPE_LIVE_AUDIO ROUTE_TYPE_LIVE_VIDEO , presentationDisplay=null }
02-20 19:24:56.903  1771  1771 V MediaRouter: Updating audio routes: AudioRoutesInfo{ type=SPEAKER }
02-20 19:24:56.904  1771  1771 V MediaRouter: Selecting route: RouteInfo{ name=Phone, description=null, status=null, category=RouteCategory{ name=null types=ROUTE_TYPE_LIVE_AUDIO ROUTE_TYPE_LIVE_VIDEO  groupable=false }, supportedTypes=ROUTE_TYPE_LIVE_AUDIO ROUTE_TYPE_LIVE_VIDEO , presentationDisplay=null }
02-20 19:24:56.906  1375  1375 I MediaPlayerService: MediaPlayerService::getOMX
02-20 19:24:56.906  1375  1375 I OMXClient: MuxOMX ctor
02-20 19:24:56.906  1372  1384 I OMXMaster: makeComponentInstance(OMX.google.aac.decoder) in mediacodec process
02-20 19:24:56.908  1823  1823 I wpa_supplicant: nl80211: Could not re-add multicast membership for vendor events: -2 (No such file or directory)
02-20 19:24:56.931  1375  1375 I MediaPlayerService: MediaPlayerService::getOMX
02-20 19:24:56.948  1687  1797 D TelephonyRegistry: listen oscl: hasNotifySubscriptionInfoChangedOccurred==false no callback
02-20 19:24:56.950  1375  1375 I OMXClient: MuxOMX ctor
02-20 19:24:56.950  1372  1845 I OMXMaster: makeComponentInstance(OMX.google.g711.alaw.decoder) in mediacodec process
02-20 19:24:57.011  1823  1823 E wpa_supplicant: global ctrl interface @android:wpa_wlan0 matches ctrl interface wlan0 - do not open per-interface ctrl interface
02-20 19:24:57.034  1267  1302 I fsck_msdos: ** Phase 2 - Check Cluster Chains
02-20 19:24:57.036  1375  1375 I MediaPlayerService: MediaPlayerService::getOMX
02-20 19:24:57.036  1375  1375 I OMXClient: MuxOMX ctor
02-20 19:24:57.036  1372  1845 I OMXMaster: makeComponentInstance(OMX.google.g711.mlaw.decoder) in mediacodec process
02-20 19:24:57.040  1267  1302 I fsck_msdos: ** Phase 3 - Checking Directories
02-20 19:24:57.040  1267  1302 I fsck_msdos: ** Phase 4 - Checking for Lost Files
02-20 19:24:57.041  1267  1302 I fsck_msdos: 27 files, 522176 free (261088 clusters)
02-20 19:24:57.050  1814  1814 I art     : System.exit called, status: 0
02-20 19:24:57.050  1814  1814 I AndroidRuntime: VM exiting with result code 0, cleanup skipped.
02-20 19:24:57.061  1771  1862 E WVMExtractor: Failed to open libwvm.so: dlopen failed: library "libwvm.so" not found
02-20 19:24:57.063  1809  1809 I art     : System.exit called, status: 0
02-20 19:24:57.063  1809  1809 I AndroidRuntime: VM exiting with result code 0, cleanup skipped.
02-20 19:24:57.064  1765  1765 W InputAttributes: No editor info for this field. Bug?
02-20 19:24:57.081  1267  1302 I Vold    : Filesystem check completed OK
02-20 19:24:57.081  1687  1735 D VoldConnector: RCV <- {656 public:253,64 /mnt/media_rw/1E12-0B12}
02-20 19:24:57.082  1687  1735 D VoldConnector: RCV <- {655 public:253,64 /storage/1E12-0B12}
02-20 19:24:57.091  1267  1302 V vold    : Waiting for FUSE to spin up...
02-20 19:24:57.104  1375  1375 I MediaPlayerService: MediaPlayerService::getOMX
02-20 19:24:57.104  1375  1375 I OMXClient: MuxOMX ctor
02-20 19:24:57.105  1372  1845 I OMXMaster: makeComponentInstance(OMX.google.vorbis.decoder) in mediacodec process
02-20 19:24:57.106  1867  1867 W sdcard  : Device explicitly disabled sdcardfs
02-20 19:24:57.072     0     0 D ieee80211 phy1: mac80211_hwsim_configure_filter
02-20 19:24:57.087     0     0 W FAT-fs (vde): Volume was not properly unmounted. Some data may be corrupt. Please run fsck.
02-20 19:24:57.088     0     0 D SELinux : initialized (dev vde, type vfat), uses genfs_contexts
02-20 19:24:57.132  1687  1703 W WindowManager: Keyguard drawn timeout. Setting mKeyguardDrawComplete
02-20 19:24:57.141  1267  1302 V vold    : Waiting for FUSE to spin up...
02-20 19:24:57.129     0     0 D SELinux : initialized (dev fuse, type fuse), uses genfs_contexts
02-20 19:24:57.145     0     0 D SELinux : initialized (dev fuse, type fuse), uses genfs_contexts
02-20 19:24:57.148     0     0 D SELinux : initialized (dev fuse, type fuse), uses genfs_contexts
02-20 19:24:57.152  1765  1873 I LatinIME:LogUtils: Dictionary info: dictionary = userunigram.en_US ; version = 1519154697 ; date = ?
02-20 19:24:57.152  1765  1873 E ActivityThread: Failed to find provider info for user_dictionary
02-20 19:24:57.153  1765  1873 I LatinIME:LogUtils: Dictionary info: dictionary = UserHistoryDictionary.en_US ; version = 1519154697 ; date = ?
02-20 19:24:57.163  1375  1375 I MediaPlayerService: MediaPlayerService::getOMX
02-20 19:24:57.163  1375  1375 I OMXClient: MuxOMX ctor
02-20 19:24:57.163  1372  1845 I OMXMaster: makeComponentInstance(OMX.google.opus.decoder) in mediacodec process
02-20 19:24:57.183  1375  1375 I MediaPlayerService: MediaPlayerService::getOMX
02-20 19:24:57.183  1375  1375 I OMXClient: MuxOMX ctor
02-20 19:24:57.183  1372  1845 I OMXMaster: makeComponentInstance(OMX.google.raw.decoder) in mediacodec process
02-20 19:24:57.196  1687  1735 D VoldConnector: RCV <- {651 public:253,64 2}
02-20 19:24:57.197  1687  1735 D VoldConnector: RCV <- {200 6 Command succeeded}
02-20 19:24:57.198  1687  1734 E VoldConnector: NDC Command {6 volume mount public:253,64 2 0} took too long (653ms)
02-20 19:24:57.207  1375  1375 I MediaPlayerService: MediaPlayerService::getOMX
02-20 19:24:57.212  1375  1375 I OMXClient: MuxOMX ctor
02-20 19:24:57.212  1372  1372 I OMXMaster: makeComponentInstance(OMX.google.aac.encoder) in mediacodec process
02-20 19:24:57.214  1687  1687 W NetworkManagement: setDataSaverMode(): already false
02-20 19:24:57.220  1375  1375 I MediaPlayerService: MediaPlayerService::getOMX
02-20 19:24:57.220  1375  1375 I OMXClient: MuxOMX ctor
02-20 19:24:57.220  1372  1384 I OMXMaster: makeComponentInstance(OMX.google.amrnb.encoder) in mediacodec process
02-20 19:24:57.226  1375  1375 I MediaPlayerService: MediaPlayerService::getOMX
02-20 19:24:57.226  1375  1375 I OMXClient: MuxOMX ctor
02-20 19:24:57.226  1372  1384 I OMXMaster: makeComponentInstance(OMX.google.amrwb.encoder) in mediacodec process
02-20 19:24:57.236  1375  1375 I MediaPlayerService: MediaPlayerService::getOMX
02-20 19:24:57.236  1375  1375 I OMXClient: MuxOMX ctor
02-20 19:24:57.236  1372  1372 I OMXMaster: makeComponentInstance(OMX.google.flac.encoder) in mediacodec process
02-20 19:24:57.290  1375  1375 I MediaPlayerService: MediaPlayerService::getOMX
02-20 19:24:57.291  1375  1375 I OMXClient: MuxOMX ctor
02-20 19:24:57.291  1372  1372 I OMXMaster: makeComponentInstance(OMX.google.gsm.decoder) in mediacodec process
02-20 19:24:57.323  1375  1375 I MediaPlayerService: MediaPlayerService::getOMX
02-20 19:24:57.323  1375  1375 I OMXClient: MuxOMX ctor
02-20 19:24:57.323  1372  1384 I OMXMaster: makeComponentInstance(OMX.google.mpeg4.decoder) in mediacodec process
02-20 19:24:57.343  1687  1687 D NetworkPolicy: setRestrictBackgroundUL(): false
02-20 19:24:57.344  1687  1687 W NetworkManagement: setDataSaverMode(): already false
02-20 19:24:57.353  1765  1873 I LatinIME:LogUtils: Dictionary info: dictionary = main:en ; version = 54 ; date = 1414726273
02-20 19:24:57.364  1372  1845 E OMXNodeInstance: getExtensionIndex(55c000f:google.mpeg4.decoder, OMX.google.android.index.configureVideoTunnelMode) ERROR: UnsupportedIndex(0x8000101a)
02-20 19:24:57.365  1372  1372 W OMXNodeInstance: [55c000f:google.mpeg4.decoder] component does not support metadata mode; using fallback
02-20 19:24:57.368  1771  1771 I vol.Events: writeEvent collection_started
02-20 19:24:57.368  1375  1375 I MediaPlayerService: MediaPlayerService::getOMX
02-20 19:24:57.368  1375  1375 I OMXClient: MuxOMX ctor
02-20 19:24:57.368  1372  1384 I OMXMaster: makeComponentInstance(OMX.google.h263.decoder) in mediacodec process
02-20 19:24:57.382  1771  1913 I sysui_action: [213,2]
02-20 19:24:57.382  1771  1913 I vol.Events: writeEvent external_ringer_mode_changed normal
02-20 19:24:57.382  1771  1913 I vol.Events: writeEvent internal_ringer_mode_changed normal
02-20 19:24:57.422  1372  1384 E OMXNodeInstance: getExtensionIndex(55c0010:google.h263.decoder, OMX.google.android.index.configureVideoTunnelMode) ERROR: UnsupportedIndex(0x8000101a)
02-20 19:24:57.423  1372  1845 W OMXNodeInstance: [55c0010:google.h263.decoder] component does not support metadata mode; using fallback
02-20 19:24:57.424  1375  1375 I MediaPlayerService: MediaPlayerService::getOMX
02-20 19:24:57.424  1375  1375 I OMXClient: MuxOMX ctor
02-20 19:24:57.424  1372  1372 I OMXMaster: makeComponentInstance(OMX.google.h264.decoder) in mediacodec process
02-20 19:24:57.465  1375  1375 W ACodec  : [OMX.google.h264.decoder] stopping checking profiles after 32: 2/8000
02-20 19:24:57.465  1372  1372 E OMXNodeInstance: getExtensionIndex(55c0011:google.h264.decoder, OMX.google.android.index.configureVideoTunnelMode) ERROR: UnsupportedIndex(0x8000101a)
02-20 19:24:57.465  1372  1845 W OMXNodeInstance: [55c0011:google.h264.decoder] component does not support metadata mode; using fallback
02-20 19:24:57.491  1375  1375 I MediaPlayerService: MediaPlayerService::getOMX
02-20 19:24:57.492  1375  1375 I OMXClient: MuxOMX ctor
02-20 19:24:57.492  1372  1384 I OMXMaster: makeComponentInstance(OMX.google.hevc.decoder) in mediacodec process
02-20 19:24:57.493  1687  1687 I SystemServiceManager: Starting phase 600
02-20 19:24:57.517  1687  1739 I netstats_mobile_sample: [0,0,0,0,0,0,0,0,0,0,0,0,-1]
02-20 19:24:57.517  1687  1739 I netstats_wifi_sample: [0,0,0,0,0,0,0,0,0,0,0,0,-1]
02-20 19:24:57.517  1687  1687 D SensorNotificationService: Cannot obtain dynamic meta sensor, not supported.
02-20 19:24:57.532  1687  1687 D TelephonyRegistry: listen oscl: hasNotifySubscriptionInfoChangedOccurred==false no callback
02-20 19:24:57.543  1687  1687 I GnssLocationProvider: WakeLock acquired by sendMessage(13, 0, null)
02-20 19:24:57.548  1687  1687 W LocationProviderProxy-network: Odd, no component found for service com.android.location.service.v3.NetworkLocationProvider
02-20 19:24:57.559  1687  1701 W GnssLocationProvider: Could not open GPS configuration file /etc/gps.conf
02-20 19:24:57.559  1687  1701 E GnssLocationProvider: no AGPS interface in set_agps_server
02-20 19:24:57.559  1687  1687 W GeocoderProxy: Odd, no component found for service com.android.location.service.GeocodeProvider
02-20 19:24:57.566  1687  1687 E FlpHardwareProvider: Error hw_get_module 'flp': -2
02-20 19:24:57.566  1687  1687 D LocationManagerService: FLP HAL not supported
02-20 19:24:57.567  1687  1687 W GeofenceProxy: Odd, no component found for service com.android.location.service.GeofenceProvider
02-20 19:24:57.568  1687  1687 E ActivityRecognitionHardware: Error hw_get_module: -2
02-20 19:24:57.568  1687  1687 D LocationManagerService: Hardware Activity-Recognition not supported.
02-20 19:24:57.568  1372  1372 E OMXNodeInstance: getExtensionIndex(55c0012:google.hevc.decoder, OMX.google.android.index.configureVideoTunnelMode) ERROR: UnsupportedIndex(0x8000101a)
02-20 19:24:57.568  1372  1845 W OMXNodeInstance: [55c0012:google.hevc.decoder] component does not support metadata mode; using fallback
02-20 19:24:57.568  1687  1687 W ActivityRecognitionProxy: Odd, no component found for service com.android.location.service.ActivityRecognitionProvider
02-20 19:24:57.569  1687  1687 I GnssLocationProvider: WakeLock acquired by sendMessage(2, 1, null)
02-20 19:24:57.570  1687  1701 D TelephonyRegistry: listen oscl: hasNotifySubscriptionInfoChangedOccurred==false no callback
02-20 19:24:57.571  1375  1375 I MediaPlayerService: MediaPlayerService::getOMX
02-20 19:24:57.571  1375  1375 I OMXClient: MuxOMX ctor
02-20 19:24:57.571  1372  1384 I OMXMaster: makeComponentInstance(OMX.google.vp8.decoder) in mediacodec process
02-20 19:24:57.573  1687  1687 I CommonTimeManagementService: No common time service detected on this platform.  Common time services will be unavailable.
02-20 19:24:57.574  1687  1687 D TelephonyRegistry: systemRunning register for intents
02-20 19:24:57.574  1687  1687 I MmsServiceBroker: Delay connecting to MmsService until an API is called
02-20 19:24:57.582  1687  1730 I InputReader: Reconfiguring input devices.  changes=0x00000020
02-20 19:24:57.574  1687  1701 I GnssLocationProvider: WakeLock released by handleMessage(13, 0, null)
02-20 19:24:57.583  1687  1701 E GnssLocationProvider: no AGPS interface in set_agps_server
02-20 19:24:57.590  1687  1730 I InputReader: Reconfiguring input devices.  changes=0x00000010
02-20 19:24:57.600  1687  1700 I stream_devices_changed: [0,0,2]
02-20 19:24:57.608  1687  1687 I am_proc_start: [0,1930,1001,com.android.phone,added application,com.android.phone]
02-20 19:24:57.608  1687  1687 I ActivityManager: Start proc 1930:com.android.phone/1001 for added application com.android.phone
02-20 19:24:57.609  1687  1687 I ActivityManager: START u0 {act=android.intent.action.MAIN cat=[android.intent.category.HOME] flg=0x10000100 cmp=com.android.settings/.FallbackHome} from uid 0 on display 0
02-20 19:24:57.611  1372  1845 E OMXNodeInstance: getExtensionIndex(55c0013:google.vp8.decoder, OMX.google.android.index.configureVideoTunnelMode) ERROR: UnsupportedIndex(0x8000101a)
02-20 19:24:57.611  1372  1372 W OMXNodeInstance: [55c0013:google.vp8.decoder] component does not support metadata mode; using fallback
02-20 19:24:57.611  1687  1687 W System  : ClassLoader referenced unknown path: 
02-20 19:24:57.611  1687  1687 W System  : ClassLoader referenced unknown path: /system/priv-app/Settings/lib/x86_64
02-20 19:24:57.611  1687  1687 D ApplicationLoaders: ignored Vulkan layer search path /system/priv-app/Settings/lib/x86_64:/system/priv-app/Settings/Settings.apk!/lib/x86_64:/system/lib64:/vendor/lib64 for namespace 0x74f53fe20160
02-20 19:24:57.612  1930  1930 W art     : Unexpected CPU variant for X86 using defaults: x86_64
02-20 19:24:57.615  1375  1375 I MediaPlayerService: MediaPlayerService::getOMX
02-20 19:24:57.615  1375  1375 I OMXClient: MuxOMX ctor
02-20 19:24:57.615  1372  1384 I OMXMaster: makeComponentInstance(OMX.google.vp9.decoder) in mediacodec process
02-20 19:24:57.624  1687  1687 I ActivityManager: Loaded persisted task ids for user 0
02-20 19:24:57.624  1687  1687 I am_create_task: [0,1]
02-20 19:24:57.624  1687  1687 I am_create_activity: [0,58102994,1,com.android.settings/.FallbackHome,android.intent.action.MAIN,NULL,NULL,276824320]
02-20 19:24:57.625  1687  1687 I wm_task_created: [1,0]
02-20 19:24:57.625  1687  1687 I wm_task_moved: [1,1,0]
02-20 19:24:57.625  1687  1687 I wm_task_moved: [1,1,0]
02-20 19:24:57.625  1687  1687 I am_focused_activity: [0,com.android.settings/.FallbackHome,startedActivity]
02-20 19:24:57.631  1687  1687 I am_proc_start: [0,1945,1000,com.android.settings,activity,com.android.settings/.FallbackHome]
02-20 19:24:57.632  1687  1687 I ActivityManager: Start proc 1945:com.android.settings/1000 for activity com.android.settings/.FallbackHome
02-20 19:24:57.642  1945  1945 W art     : Unexpected CPU variant for X86 using defaults: x86_64
02-20 19:24:57.651  1372  1845 E OMXNodeInstance: getExtensionIndex(55c0014:google.vp9.decoder, OMX.google.android.index.configureVideoTunnelMode) ERROR: UnsupportedIndex(0x8000101a)
02-20 19:24:57.651  1372  1372 W OMXNodeInstance: [55c0014:google.vp9.decoder] component does not support metadata mode; using fallback
02-20 19:24:57.657  1687  1797 I am_proc_bound: [0,1930,com.android.phone]
02-20 19:24:57.661  1687  1701 I GnssLocationProvider: WakeLock released by handleMessage(2, 1, null)
02-20 19:24:57.663  1375  1375 I MediaPlayerService: MediaPlayerService::getOMX
02-20 19:24:57.663  1687  1687 I SystemServer: Enabled StrictMode for system server main thread.
02-20 19:24:57.663  1375  1375 I OMXClient: MuxOMX ctor
02-20 19:24:57.663  1372  1384 I OMXMaster: makeComponentInstance(OMX.google.h263.encoder) in mediacodec process
02-20 19:24:57.677  1687  1687 D ConditionProviders.SCP: onConnected
02-20 19:24:57.677  1687  1687 D ZenLog  : set_zen_mode: off,readXml
02-20 19:24:57.677  1687  1700 I stream_devices_changed: [2,0,2]
02-20 19:24:57.678  1687  1700 I stream_devices_changed: [3,0,2]
02-20 19:24:57.687  1687  1700 I stream_devices_changed: [6,0,2]
02-20 19:24:57.690  1687  1687 D ConditionProviders: Subscribing to condition://android/schedule?days=6.7&start=23.30&end=10.0&exitAtAlarm=false with ComponentInfo{android/com.android.server.notification.ScheduleConditionProvider}
02-20 19:24:57.690  1687  1687 D ZenLog  : subscribe: condition://android/schedule?days=6.7&start=23.30&end=10.0&exitAtAlarm=false,ok
02-20 19:24:57.691  1687  1687 D ConditionProviders: Subscribing to condition://android/event?userId=-10000&calendar=&reply=1 with ComponentInfo{android/com.android.server.notification.EventConditionProvider}
02-20 19:24:57.691  1687  1687 D ZenLog  : subscribe: condition://android/event?userId=-10000&calendar=&reply=1,ok
02-20 19:24:57.707  1687  1701 W LocationProviderProxy-network: Odd, no component found for service com.android.location.service.v3.NetworkLocationProvider
02-20 19:24:57.708  1687  1701 W GeocoderProxy: Odd, no component found for service com.android.location.service.GeocodeProvider
02-20 19:24:57.708  1687  1701 W GeofenceProxy: Odd, no component found for service com.android.location.service.GeofenceProvider
02-20 19:24:57.708  1687  1701 W ActivityRecognitionProxy: Odd, no component found for service com.android.location.service.ActivityRecognitionProvider
02-20 19:24:57.716  1687  1700 I stream_devices_changed: [4,0,2]
02-20 19:24:57.716  1771  1913 I vol.Events: writeEvent level_changed STREAM_ALARM 6
02-20 19:24:57.718  1687  1687 D ConditionProviders: Subscribing to condition://android/schedule?days=1.2.3.4.5&start=22.0&end=7.0&exitAtAlarm=false with ComponentInfo{android/com.android.server.notification.ScheduleConditionProvider}
02-20 19:24:57.722  1687  1743 D WifiConfigManager: Loading config and enabling all networks 
02-20 19:24:57.723  1930  1930 W System  : ClassLoader referenced unknown path: /system/priv-app/TeleService/lib/x86_64
02-20 19:24:57.724  1771  1913 I vol.Events: writeEvent level_changed STREAM_BLUETOOTH_SCO 7
02-20 19:24:57.724  1771  1913 I vol.Events: writeEvent level_changed STREAM_MUSIC 11
02-20 19:24:57.725  1771  1913 I vol.Events: writeEvent level_changed STREAM_RING 5
02-20 19:24:57.726  1771  1913 I vol.Events: writeEvent level_changed STREAM_SYSTEM 5
02-20 19:24:57.726  1687  1687 D ZenLog  : subscribe: condition://android/schedule?days=1.2.3.4.5&start=22.0&end=7.0&exitAtAlarm=false,ok
02-20 19:24:57.727  1771  1913 I vol.Events: writeEvent level_changed STREAM_VOICE_CALL 4
02-20 19:24:57.736  1687  1960 I am_proc_bound: [0,1945,com.android.settings]
02-20 19:24:57.737  1687  1743 W WifiNetworkHistory: Upgrading network 0 to android.uid.system:1000
02-20 19:24:57.737  1687  1743 D WifiConfigManager: loaded 0 passpoint configs
02-20 19:24:57.737  1687  1743 E IpConfigStore: Error parsing configuration: java.io.FileNotFoundException: /data/misc/wifi/ipconfig.txt (No such file or directory)
02-20 19:24:57.755  1372  1384 I SoftMPEG4Encoder: Construct SoftMPEG4Encoder
02-20 19:24:57.755  1375  1375 W ACodec  : do not know color format 0x7f000789 = 2130708361
02-20 19:24:57.755  1372  1845 E OMXNodeInstance: getConfig(55c0015:google.h263.encoder, ConfigAndroidIntraRefresh(0x6f60000a)) ERROR: Undefined(0x80001001)
02-20 19:24:57.763  1375  1375 I MediaPlayerService: MediaPlayerService::getOMX
02-20 19:24:57.764  1375  1375 I OMXClient: MuxOMX ctor
02-20 19:24:57.764  1372  1384 I OMXMaster: makeComponentInstance(OMX.google.h264.encoder) in mediacodec process
02-20 19:24:57.804  1375  1375 W ACodec  : do not know color format 0x7f000789 = 2130708361
02-20 19:24:57.807  1375  1375 I MediaPlayerService: MediaPlayerService::getOMX
02-20 19:24:57.807  1313  1324 D PermissionCache: checking android.permission.READ_FRAME_BUFFER for uid=1000 => granted (670 us)
02-20 19:24:57.807  1375  1375 I OMXClient: MuxOMX ctor
02-20 19:24:57.815  1372  1384 I OMXMaster: makeComponentInstance(OMX.google.mpeg4.encoder) in mediacodec process
02-20 19:24:57.838  1372  1384 I SoftMPEG4Encoder: Construct SoftMPEG4Encoder
02-20 19:24:57.838  1375  1375 W ACodec  : do not know color format 0x7f000789 = 2130708361
02-20 19:24:57.838  1372  1372 E OMXNodeInstance: getConfig(55c0017:google.mpeg4.encoder, ConfigAndroidIntraRefresh(0x6f60000a)) ERROR: Undefined(0x80001001)
02-20 19:24:57.840  1375  1375 I MediaPlayerService: MediaPlayerService::getOMX
02-20 19:24:57.840  1375  1375 I OMXClient: MuxOMX ctor
02-20 19:24:57.841  1372  1384 I OMXMaster: makeComponentInstance(OMX.google.vp8.encoder) in mediacodec process
02-20 19:24:57.867  1375  1375 W ACodec  : do not know color format 0x7f000789 = 2130708361
02-20 19:24:57.868  1313  1324 D gralloc_ranchu: gralloc_alloc: Creating ashmem region of size 17051648
02-20 19:24:57.868  1372  1372 E OMXNodeInstance: getConfig(55c0018:google.vp8.encoder, ConfigAndroidIntraRefresh(0x6f60000a)) ERROR: Undefined(0x80001001)
02-20 19:24:57.869  1375  1375 I MediaPlayerService: MediaPlayerService::getOMX
02-20 19:24:57.869  1375  1375 I OMXClient: MuxOMX ctor
02-20 19:24:57.871  1375  1375 I MediaPlayerService: MediaPlayerService::getOMX
02-20 19:24:57.871  1375  1375 I OMXClient: MuxOMX ctor
02-20 19:24:57.871  1375  1375 W MediaCodecList: unable to open media codecs configuration xml file: /data/misc/media/media_codecs_profiling_results.xml
02-20 19:24:57.872  1375  1424 I MediaPlayerService: MediaPlayerService::getOMX
02-20 19:24:57.872  1375  1870 I MediaPlayerService: MediaPlayerService::getOMX
02-20 19:24:57.872  1771  1866 I OMXClient: MuxOMX ctor
02-20 19:24:57.872  1687  1822 I OMXClient: MuxOMX ctor
02-20 19:24:57.872  1372  1372 I OMXMaster: makeComponentInstance(OMX.google.vorbis.decoder) in mediacodec process
02-20 19:24:57.887  1372  1384 I OMXMaster: makeComponentInstance(OMX.google.vorbis.decoder) in mediacodec process
02-20 19:24:57.913  1375  1424 I MediaPlayerService: MediaPlayerService::getOMX
02-20 19:24:57.914  1687  1988 I OMXClient: MuxOMX ctor
02-20 19:24:57.916  1372  1372 I OMXMaster: makeComponentInstance(OMX.google.vorbis.decoder) in mediacodec process
02-20 19:24:57.931  1375  1375 I MediaPlayerService: MediaPlayerService::getOMX
02-20 19:24:57.931  1771  1991 I OMXClient: MuxOMX ctor
02-20 19:24:57.932  1372  1845 I OMXMaster: makeComponentInstance(OMX.google.vorbis.decoder) in mediacodec process
02-20 19:24:57.946  1375  1424 I MediaPlayerService: MediaPlayerService::getOMX
02-20 19:24:57.946  1687  1994 I OMXClient: MuxOMX ctor
02-20 19:24:57.947  1372  1372 I OMXMaster: makeComponentInstance(OMX.google.vorbis.decoder) in mediacodec process
02-20 19:24:57.974  1687  1960 I am_restart_activity: [0,58102994,1,com.android.settings/.FallbackHome]
02-20 19:24:57.974  1687  1743 W art     : Long monitor contention with owner Binder:1687_5 (1960) at void com.android.server.am.ActivityManagerService.attachApplication(android.app.IApplicationThread)(ActivityManagerService.java:6669) waiters=0 in int com.android.server.am.ActivityManagerService.broadcastIntent(android.app.IApplicationThread, android.content.Intent, java.lang.String, android.content.IIntentReceiver, int, java.lang.String, android.os.Bundle, java.lang.String[], int, android.os.Bundle, boolean, boolean, int) for 237ms
02-20 19:24:57.974  1687  1743 I dvm_lock_sample: [system_server,0,WifiStateMachine,237,ActivityManagerService.java,18551,-,6669,47]
02-20 19:24:57.975  1687  1709 W art     : Long monitor contention with owner Binder:1687_5 (1960) at void com.android.server.am.ActivityManagerService.attachApplication(android.app.IApplicationThread)(ActivityManagerService.java:6669) waiters=1 in void com.android.server.am.ActivityManagerService$LocalService.notifyAppTransitionCancelled() for 224ms
02-20 19:24:57.975  1687  1709 I dvm_lock_sample: [system_server,1,android.display,224,ActivityManagerService.java,21995,-,6669,44]
02-20 19:24:57.975  1687  1687 W art     : Long monitor contention with owner Binder:1687_5 (1960) at void com.android.server.am.ActivityManagerService.attachApplication(android.app.IApplicationThread)(ActivityManagerService.java:6669) waiters=3 in int com.android.server.am.ActivityManagerService.getMemoryTrimLevel() for 202ms
02-20 19:24:57.975  1687  1687 I dvm_lock_sample: [system_server,1,main,202,ActivityManagerService.java,14091,-,6669,40]
02-20 19:24:57.975  1687  1687 D RttService: SCAN_AVAILABLE : 1
02-20 19:24:57.975  1687  1687 D ZenLog  : set_zen_mode: off,cleanUpZenRules
02-20 19:24:57.977  1687  1745 I WifiScanningService: wifi driver unloaded
02-20 19:24:57.977  1687  1746 D RttService: DefaultState got{ when=-2ms what=160513 target=com.android.internal.util.StateMachine$SmHandler }
02-20 19:24:57.998  1687  1743 D WifiNative-HAL: Setting external_sim to 1
02-20 19:24:57.998  1687  1743 D WifiStateMachine: Setting OUI to DA-A1-19
02-20 19:24:58.016  1687  1687 W System  : ClassLoader referenced unknown path: /system/priv-app/Telecom/lib/x86_64
02-20 19:24:58.017  1687  1687 D ApplicationLoaders: ignored Vulkan layer search path /system/priv-app/Telecom/lib/x86_64:/system/priv-app/Telecom/Telecom.apk!/lib/x86_64:/system/lib64:/vendor/lib64 for namespace 0x74f53fe201d0
02-20 19:24:58.019  1945  1945 W System  : ClassLoader referenced unknown path: /system/priv-app/Settings/lib/x86_64
02-20 19:24:58.025  1687  1743 I WifiConnectivityManager: PNO settings: min5GHzRssi -82 min24GHzRssi -85 currentConnectionBonus 16 sameNetworkBonus 24 secureNetworkBonus 80 initialScoreMax 100
02-20 19:24:58.025  1687  1743 I WifiConnectivityManager: ConnectivityScanManager initialized and disabled
02-20 19:24:58.025  1687  1743 I WifiConnectivityManager: setUntrustedConnectionAllowed: allowed=false
02-20 19:24:58.025  1687  1743 E WifiLogger: no ring buffers found
02-20 19:24:58.025  1687  1743 E WifiLogger: Failed to start packet fate monitoring
02-20 19:24:58.028  1313  1733 E SurfaceFlinger: ro.sf.lcd_density must be defined as a build property
02-20 19:24:58.033  1375  1375 I MediaPlayerService: MediaPlayerService::getOMX
02-20 19:24:58.033  1687  1998 I OMXClient: MuxOMX ctor
02-20 19:24:58.033  1372  1845 I OMXMaster: makeComponentInstance(OMX.google.vorbis.decoder) in mediacodec process
02-20 19:24:58.034  1375  1847 I MediaPlayerService: MediaPlayerService::getOMX
02-20 19:24:58.034  1771  1999 I OMXClient: MuxOMX ctor
02-20 19:24:58.043  1687  1743 I WifiConnectivityManager: Set WiFi enabled
02-20 19:24:58.044  1687  1743 I WifiConnectivityManager: scheduleWatchdogTimer
02-20 19:24:58.044  1687  1743 D WifiNative-HAL: Failing getSupportedFeatureset because HAL isn't started
02-20 19:24:58.046  1771  1771 D         : HostConnection::get() New Host Connection established 0x74f5311d8600, tid 1771
02-20 19:24:58.074  1930  1930 W System  : ClassLoader referenced unknown path: /system/priv-app/TelephonyProvider/lib/x86_64
02-20 19:24:58.075  1930  1930 D ApplicationLoaders: ignored Vulkan layer search path /system/priv-app/TelephonyProvider/lib/x86_64:/system/lib64:/vendor/lib64 for namespace 0x74f53fdb50f0
02-20 19:24:58.082  1687  1705 E BatteryStatsService: no controller energy info supplied
02-20 19:24:58.082  1687  1705 E KernelCpuSpeedReader: Failed to read cpu-freq: /sys/devices/system/cpu/cpu0/cpufreq/stats/time_in_state (No such file or directory)
02-20 19:24:58.082  1687  1705 E KernelUidCpuTimeReader: Failed to read uid_cputime: /proc/uid_cputime/show_uid_stat (No such file or directory)
02-20 19:24:58.104  1372  1372 I OMXMaster: makeComponentInstance(OMX.google.vorbis.decoder) in mediacodec process
02-20 19:24:58.155  1687  1743 D WifiNative-HAL: Failing getSupportedFeatureset because HAL isn't started
02-20 19:24:58.156  1687  1705 E BatteryStatsService: no controller energy info supplied
02-20 19:24:58.157  1687  1705 E KernelCpuSpeedReader: Failed to read cpu-freq: /sys/devices/system/cpu/cpu0/cpufreq/stats/time_in_state (No such file or directory)
02-20 19:24:58.157  1687  1705 E KernelUidCpuTimeReader: Failed to read uid_cputime: /proc/uid_cputime/show_uid_stat (No such file or directory)
02-20 19:24:58.174  1945  1945 I am_on_resume_called: [0,com.android.settings.FallbackHome,LAUNCH_ACTIVITY]
02-20 19:24:58.202  1313  1325 E SurfaceFlinger: ro.sf.lcd_density must be defined as a build property
02-20 19:24:58.219  1687  1687 E BluetoothAdapter: Bluetooth binder is null
02-20 19:24:58.222  1945  1945 D         : HostConnection::get() New Host Connection established 0x74f5311f8e20, tid 1945
02-20 19:24:58.240  1687  1687 I Telecom : SystemStateProvider: Registering car mode receiver: android.content.IntentFilter@5b5ec30: TS.init@AAA
02-20 19:24:58.276  1930  1930 D TelephonyProvider: dbh.onOpen: ok, queried table=siminfo
02-20 19:24:58.276  1930  1930 D TelephonyProvider: dbh.onOpen: ok, queried table=carriers
02-20 19:24:58.279  1771  1771 D StorageNotification: Notifying about private volume: VolumeInfo{private}:
02-20 19:24:58.279  1771  1771 D StorageNotification:     type=PRIVATE diskId=null partGuid=null mountFlags=0 mountUserId=-1 
02-20 19:24:58.279  1771  1771 D StorageNotification:     state=MOUNTED 
02-20 19:24:58.279  1771  1771 D StorageNotification:     fsType=null fsUuid=null fsLabel=null 
02-20 19:24:58.279  1771  1771 D StorageNotification:     path=/data internalPath=null 
02-20 19:24:58.285  1771  1771 D StorageNotification: Notifying about public volume: VolumeInfo{public:253,64}:
02-20 19:24:58.285  1771  1771 D StorageNotification:     type=PUBLIC diskId=disk:253,64 partGuid=null mountFlags=VISIBLE 
02-20 19:24:58.285  1771  1771 D StorageNotification:     mountUserId=0 state=MOUNTED 
02-20 19:24:58.285  1771  1771 D StorageNotification:     fsType=vfat fsUuid=1E12-0B12 fsLabel=SDCARD 
02-20 19:24:58.285  1771  1771 D StorageNotification:     path=/storage/1E12-0B12 internalPath=/mnt/media_rw/1E12-0B12 
02-20 19:24:58.297  1687  2010 I Telecom : Telecom: Non-call EVENT: AUDIO_ROUTE, Entering state QuiescentEarpieceRoute
02-20 19:24:58.299  1375  1375 I MediaPlayerService: MediaPlayerService::getOMX
02-20 19:24:58.299  1687  2009 I OMXClient: MuxOMX ctor
02-20 19:24:58.303  1372  1983 I OMXMaster: makeComponentInstance(OMX.google.vorbis.decoder) in mediacodec process
02-20 19:24:58.325  1687  2011 I Telecom : CallAudioModeStateMachine: Message received: null.: TS.init->CAMSM.pM_1@AAA_0
02-20 19:24:58.329  1687  1687 E BluetoothAdapter: Bluetooth binder is null
02-20 19:24:58.329  1687  2013 E ActivityThread: Failed to find provider info for call_log
02-20 19:24:58.333  1687  1687 I Telecom : Class: TelecomSystem.INSTANCE being set
02-20 19:24:58.333  1687  1687 E BluetoothAdapter: Bluetooth binder is null
02-20 19:24:58.334  1687  1687 W ContextImpl: Calling a method in the system process without a qualified user: android.app.ContextImpl.startService:1357 com.android.server.content.SyncManager$13.run:658 android.os.Handler.handleCallback:751 android.os.Handler.dispatchMessage:95 android.os.Looper.loop:154 
02-20 19:24:58.339  1945  2005 D         : HostConnection::get() New Host Connection established 0x74f5311f8ee0, tid 2005
02-20 19:24:58.342  1945  2005 I OpenGLRenderer: Initialized EGL, version 1.4
02-20 19:24:58.342  1945  2005 D OpenGLRenderer: Swap behavior 1
02-20 19:24:58.343  1930  1930 D TDC     : updateOrInsert: inserting: Modem { uuid=modem, state=0, rilModel=0, rat={}, maxActiveVoiceCall=1, maxActiveDataCall=1, maxStandby=1 }
02-20 19:24:58.343  1930  1930 D TDC     : updateOrInsert: inserting: Sim { uuid=sim, modemUuid=modem, state=0 }
02-20 19:24:58.355  1930  1930 D CdmaSSM : subscriptionSource from settings: 0
02-20 19:24:58.355  1930  1930 I PhoneFactory: Cdma Subscription set to 0
02-20 19:24:58.365  1930  1930 I PhoneFactory: Network Mode set to 0
02-20 19:24:58.371  1930  1930 D RILJ    : RIL(context, preferredNetworkType=0 cdmaSubscription=0)
02-20 19:24:58.373  1945  2005 D EGL_emulation: eglCreateContext: 0x74f531179a20: maj 3 min 0 rcv 3
02-20 19:24:58.379  1930  1930 D RILJ    : Starting RILReceiver0 [SUB0]
02-20 19:24:58.384  1377  1460 I RILC    : libril: new connection to RIL_SOCKET_1
02-20 19:24:58.384  1377  1460 I RILC    : RIL Daemon version: android reference-ril 1.0
02-20 19:24:58.384  1930  2028 I RILJ    : (0) Connected to 'rild' socket
02-20 19:24:58.384  1930  2028 D RILJ    : [UNSL]< UNSOL_RIL_CONNECTED {12} [SUB0]
02-20 19:24:58.388  1930  1930 D RILJ    : [3648]> GET_HARDWARE_CONFIG [SUB0]
02-20 19:24:58.388  1930  2028 D RILJ    : [3649]> RADIO_POWER off [SUB0]
02-20 19:24:58.389  1930  1930 I PhoneFactory: Creating SubscriptionController
02-20 19:24:58.390  1377  1460 D RIL     : onRequest: GET_HARDWARE_CONFIG
02-20 19:24:58.390  1930  2028 D RILJ    : [3650]> RIL_REQUEST_CDMA_SET_SUBSCRIPTION_SOURCE : 0 [SUB0]
02-20 19:24:58.390  1930  2028 D RILJ    : setCellInfoListRate: 2147483647 [SUB0]
02-20 19:24:58.391  1930  2028 D RILJ    : [3651]> RIL_REQUEST_SET_CELL_INFO_LIST_RATE [SUB0]
02-20 19:24:58.391  1930  2028 D RILJ    : [UNSL]< UNSOL_RESPONSE_RADIO_STATE_CHANGED RADIO_OFF [SUB0]
02-20 19:24:58.391  1930  2028 D RILJ    : [3652]> SCREEN_STATE: true [SUB0]
02-20 19:24:58.391  1377  1460 D RIL     : onRequest: RADIO_POWER
02-20 19:24:58.391  1377  1460 D RIL     : onRequest: CDMA_SET_SUBSCRIPTION_SOURCE
02-20 19:24:58.391  1377  1460 D RIL     : onRequest: SET_UNSOL_CELL_INFO_LIST_RATE
02-20 19:24:58.391  1930  1930 D SubscriptionController: [SubscriptionController] init by Context
02-20 19:24:58.391  1930  2028 D RILJ    : [UNSL]< UNSOL_NITZ_TIME_RECEIVED 18/02/20:19:24:50+0:0:Unknown!Unknown [SUB0]
02-20 19:24:58.393  1930  2028 D RilRequest: [3648]< GET_HARDWARE_CONFIG error: com.android.internal.telephony.CommandException: RADIO_NOT_AVAILABLE ret=
02-20 19:24:58.393  1930  2028 D RILJ    : [3649]< RADIO_POWER  [SUB0]
02-20 19:24:58.393  1930  2028 D RilRequest: [3650]< RIL_REQUEST_CDMA_SET_SUBSCRIPTION_SOURCE error: com.android.internal.telephony.CommandException: RADIO_NOT_AVAILABLE ret=
02-20 19:24:58.393  1930  2028 D RilRequest: [3651]< RIL_REQUEST_SET_CELL_INFO_LIST_RATE error: com.android.internal.telephony.CommandException: RADIO_NOT_AVAILABLE ret=
02-20 19:24:58.393  1377  1460 D RIL     : onRequest: SCREEN_STATE
02-20 19:24:58.393  1930  2028 D RilRequest: [3652]< SCREEN_STATE error: com.android.internal.telephony.CommandException: RADIO_NOT_AVAILABLE ret=
02-20 19:24:58.395  1930  1930 D UiccController: Creating UiccController
02-20 19:24:58.397  1930  1930 D TelephonyTester: register for intent action=com.android.internal.telephony.action_detached
02-20 19:24:58.397  1930  1930 D TelephonyTester: register for intent action=com.android.internal.telephony.action_attached
02-20 19:24:58.399  1687  1687 W System  : ClassLoader referenced unknown path: /system/priv-app/FusedLocation/lib/x86_64
02-20 19:24:58.399  1687  1687 D ApplicationLoaders: ignored Vulkan layer search path /system/priv-app/FusedLocation/lib/x86_64:/system/priv-app/FusedLocation/FusedLocation.apk!/lib/x86_64:/system/lib64:/vendor/lib64 for namespace 0x74f53fe20240
02-20 19:24:58.400  1930  1930 D Phone   : mDoesRilSendMultipleCallRing=true
02-20 19:24:58.400  1930  1930 D Phone   : mCallRingDelay=3000
02-20 19:24:58.403  1687  1687 D GpsNetInitiatedHandler: location enabled :true
02-20 19:24:58.403  1687  1687 V WiredAccessoryManager: notifyWiredAccessoryChanged: when=0 bits= mask=54
02-20 19:24:58.403  1687  1687 V WiredAccessoryManager: newName=h2w newState=0 headsetState=0 prev headsetState=0
02-20 19:24:58.403  1687  1687 E WiredAccessoryManager: No state change.
02-20 19:24:58.403  1687  1687 V WiredAccessoryManager: init()
02-20 19:24:58.408  1930  1930 D RILJ    : [3653]> RIL_REQUEST_START_LCE [SUB0]
02-20 19:24:58.419  1377  1460 D RIL     : onRequest: <unknown request>
02-20 19:24:58.419  1930  2028 D RilRequest: [3653]< RIL_REQUEST_START_LCE error: com.android.internal.telephony.CommandException: RADIO_NOT_AVAILABLE ret=
02-20 19:24:58.420  1945  2005 D EGL_emulation: eglMakeCurrent: 0x74f531179a20: ver 3 0 (tinfo 0x74f53b6e0e60)
02-20 19:24:58.427  1930  1930 E RIL_ImsSms: getFormat should never be called from here!
02-20 19:24:58.427  1930  1930 D SMSDispatcher: SMSDispatcher: ctor mSmsCapable=true format=unknown mSmsSendDisabled=false
02-20 19:24:58.427  1930  1930 D RIL_ImsSms: ImsSMSDispatcher created
02-20 19:24:58.435  1930  1930 D SMSDispatcher: SMSDispatcher: ctor mSmsCapable=true format=3gpp2 mSmsSendDisabled=false
02-20 19:24:58.435  1930  1930 D CdmaSMSDispatcher: CdmaSMSDispatcher created
02-20 19:24:58.451  1687  1876 I StatusBarManagerService: registerStatusBar bar=com.android.internal.statusbar.IStatusBar$Stub$Proxy@d94bb98
02-20 19:24:58.451  1375  1375 I MediaPlayerService: MediaPlayerService::getOMX
02-20 19:24:58.452  1687  2035 I OMXClient: MuxOMX ctor
