02-20 19:49:05.408  1267  1303 V vold    : 
02-20 19:49:05.408  1666  1730 D VoldConnector: RCV <- {650 public:253,64 0 "disk:253,64" ""}
02-20 19:49:05.409  1666  1730 D VoldConnector: RCV <- {651 public:253,64 0}
02-20 19:49:05.411  1666  1666 I SystemServer: WebViewFactory preparation
02-20 19:49:05.412  1666  1730 D VoldConnector: RCV <- {643 disk:253,64}
02-20 19:49:05.412  1666  1730 D VoldConnector: RCV <- {200 3 Command succeeded}
02-20 19:49:05.412  1666  1729 D VoldConnector: SND -> {4 volume user_added 0 0}
02-20 19:49:05.413  1666  1730 D VoldConnector: RCV <- {200 4 Command succeeded}
02-20 19:49:05.420     0     0 D ieee80211 phy1: hw scan complete
02-20 19:49:05.421     0     0 D ieee80211 phy1: mac80211_hwsim_get_survey (idx=0)
02-20 19:49:05.434  1666  1690 I am_proc_bound: [0,1757,com.android.inputmethod.latin]
02-20 19:49:05.472  1496  1496 E hostapd : Using interface wlan1 with hwaddr 02:00:00:00:01:00 and ssid "AndroidWifi"
02-20 19:49:05.472  1496  1496 I hostapd : wlan1: interface state HT_SCAN->ENABLED
02-20 19:49:05.472  1496  1496 I hostapd : wlan1: AP-ENABLED 
02-20 19:49:05.479  1666  1729 D VoldConnector: SND -> {5 volume mount emulated 3 -1}
02-20 19:49:05.472     0     0 D ieee80211 phy1: mac80211_hwsim_config (freq=0 idle=0 ps=0 smps=auto)
02-20 19:49:05.472     0     0 D ieee80211 phy1: add channel context control: 2447 MHz/width: 2/cfreqs:2437/0 MHz
02-20 19:49:05.472     0     0 D ieee80211 phy1: mac80211_hwsim_bss_info_changed(changed=0x40000)
02-20 19:49:05.472     0     0 D ieee80211 phy1: TX Power: 20 dBm
02-20 19:49:05.472     0     0 D ieee80211 phy1: mac80211_hwsim_bss_info_changed(changed=0x4000)
02-20 19:49:05.472     0     0 D ieee80211 phy1: change channel context control: 2447 MHz/width: 2/cfreqs:2437/0 MHz
02-20 19:49:05.472     0     0 D ieee80211 phy1: mac80211_hwsim_bss_info_changed(changed=0x88340)
02-20 19:49:05.472     0     0 D ieee80211 phy1: BCNINT: 100
02-20 19:49:05.472     0     0 D ieee80211 phy1: BCN EN: 1
02-20 19:49:05.472     0     0 D ieee80211 phy1: mac80211_hwsim_bss_info_changed(changed=0x3e)
02-20 19:49:05.472     0     0 D ieee80211 phy1: ERP_CTS_PROT: 0
02-20 19:49:05.472     0     0 D ieee80211 phy1: ERP_PREAMBLE: 0
02-20 19:49:05.472     0     0 D ieee80211 phy1: ERP_SLOT: 1
02-20 19:49:05.472     0     0 D ieee80211 phy1: HT: op_mode=0x0
02-20 19:49:05.472     0     0 D ieee80211 phy1: BASIC_RATES: 0xf
02-20 19:49:05.482  1666  1691 I am_proc_bound: [0,1764,com.android.systemui]
02-20 19:49:05.483  1666  1730 D VoldConnector: RCV <- {651 emulated 1}
02-20 19:49:05.484  1666  1730 D VoldConnector: RCV <- {656 emulated /data/media}
02-20 19:49:05.484  1666  1730 D VoldConnector: RCV <- {655 emulated /storage/emulated}
02-20 19:49:05.488  1366  1437 I AudioFlinger: systemReady
02-20 19:49:05.492  1267  1303 V vold    : Waiting for FUSE to spin up...
02-20 19:49:05.472     0     0 D ieee80211 phy1: mac80211_hwsim_bss_info_changed(changed=0x2000)
02-20 19:49:05.472     0     0 D ieee80211 phy1: mac80211_hwsim_conf_tx (queue=1 txop=94 cw_min=7 cw_max=15 aifs=1)
02-20 19:49:05.472     0     0 D ieee80211 phy1: mac80211_hwsim_bss_info_changed(changed=0x2000)
02-20 19:49:05.472     0     0 D ieee80211 phy1: mac80211_hwsim_conf_tx (queue=2 txop=0 cw_min=15 cw_max=63 aifs=3)
02-20 19:49:05.472     0     0 D ieee80211 phy1: mac80211_hwsim_bss_info_changed(changed=0x2000)
02-20 19:49:05.472     0     0 D ieee80211 phy1: mac80211_hwsim_conf_tx (queue=3 txop=0 cw_min=15 cw_max=1023 aifs=7)
02-20 19:49:05.472     0     0 D ieee80211 phy1: mac80211_hwsim_bss_info_changed(changed=0x2000)
02-20 19:49:05.472     0     0 I IPv6    : ADDRCONF(NETDEV_CHANGE): wlan1: link becomes ready
02-20 19:49:05.475     0     0 D ieee80211 phy1: mac80211_hwsim_configure_filter
02-20 19:49:05.502  1666  1666 D WebViewFactory: Setting new address space to 137955392
02-20 19:49:05.525  1666  1666 I Zygote  : Process: zygote socket opened, supported ABIS: x86
02-20 19:49:05.528  1365  1365 I art     : Starting a blocking GC Background
02-20 19:49:05.536  1764  1764 W System  : ClassLoader referenced unknown path: /system/priv-app/SystemUIGoogle/lib/x86_64
02-20 19:49:05.548  1267  1303 V vold    : Waiting for FUSE to spin up...
02-20 19:49:05.555  1790  1790 W sdcard  : Device explicitly disabled sdcardfs
02-20 19:49:05.567  1666  1793 E WVMExtractor: Failed to open libwvm.so: dlopen failed: library "libwvm.so" not found
02-20 19:49:05.573     0     0 D SELinux : initialized (dev fuse, type fuse), uses genfs_contexts
02-20 19:49:05.594     0     0 D SELinux : initialized (dev fuse, type fuse), uses genfs_contexts
02-20 19:49:05.595     0     0 D SELinux : initialized (dev fuse, type fuse), uses genfs_contexts
02-20 19:49:05.600  1666  1730 D VoldConnector: RCV <- {651 emulated 2}
02-20 19:49:05.601  1666  1730 D VoldConnector: RCV <- {200 5 Command succeeded}
02-20 19:49:05.608  1666  1729 D VoldConnector: SND -> {6 volume mount public:253,64 2 0}
02-20 19:49:05.611  1267  1303 V vold    : /system/bin/blkid
02-20 19:49:05.611  1267  1303 V vold    :     -c
02-20 19:49:05.611  1267  1303 V vold    :     /dev/null
02-20 19:49:05.611  1267  1303 V vold    :     -s
02-20 19:49:05.611  1267  1303 V vold    :     TYPE
02-20 19:49:05.611  1267  1303 V vold    :     -s
02-20 19:49:05.611  1267  1303 V vold    :     UUID
02-20 19:49:05.611  1267  1303 V vold    :     -s
02-20 19:49:05.611  1267  1303 V vold    :     LABEL
02-20 19:49:05.611  1267  1303 V vold    :     /dev/block/vold/public:253,64
02-20 19:49:05.611  1666  1730 D VoldConnector: RCV <- {651 public:253,64 1}
02-20 19:49:05.620  1666  1737 D WifiController: DEFERRED_TOGGLE handled
02-20 19:49:05.622  1375  1689 D SoftapController: Softap fwReload - Ok
02-20 19:49:05.622  1374  1374 I MediaPlayerService: MediaPlayerService::getOMX
02-20 19:49:05.625  1375  1689 D CommandListener: Setting iface cfg
02-20 19:49:05.625  1375  1689 D CommandListener: Trying to bring down wlan0
02-20 19:49:05.625  1375  1689 D CommandListener: Clearing all IP addresses on wlan0
02-20 19:49:05.625  1374  1374 I OMXClient: MuxOMX ctor
02-20 19:49:05.627  1666  1738 E WifiMonitor: killSupplicant p2pfalse init.svc.wpa_supplicant=unknown init.svc.p2p_supplicant=unknown
02-20 19:49:05.628  1374  1374 I MediaPlayerService: MediaPlayerService::getOMX
02-20 19:49:05.628  1374  1374 I OMXClient: MuxOMX ctor
02-20 19:49:05.628  1371  1371 I OMXMaster: makeComponentInstance(OMX.google.mp3.decoder) in mediacodec process
02-20 19:49:05.633  1666  1666 W ActivityManager: Slow operation: 120ms so far, now at startProcess: returned from zygote!
02-20 19:49:05.633  1666  1666 W ActivityManager: Slow operation: 120ms so far, now at startProcess: done updating battery stats
02-20 19:49:05.633  1666  1666 I am_proc_start: [0,1805,1037,WebViewLoader-x86,,]
02-20 19:49:05.633  1666  1666 W ActivityManager: Slow operation: 120ms so far, now at startProcess: building log message
02-20 19:49:05.633  1666  1666 I ActivityManager: Start proc 1805:WebViewLoader-x86/1037 [android.webkit.WebViewFactory$RelroFileCreator] for 
02-20 19:49:05.633  1666  1666 W ActivityManager: Slow operation: 120ms so far, now at startProcess: starting to update pids map
02-20 19:49:05.633  1666  1666 W ActivityManager: Slow operation: 120ms so far, now at startProcess: done updating pids map
02-20 19:49:05.633  1666  1666 W ActivityManager: Slow operation: 120ms so far, now at startProcess: done starting proc!
02-20 19:49:05.662     0     0 I init    : Starting service 'wpa_supplicant'...
02-20 19:49:05.648  1666  1666 I am_proc_start: [0,1810,1037,WebViewLoader-x86_64,,]
02-20 19:49:05.649  1666  1666 I ActivityManager: Start proc 1810:WebViewLoader-x86_64/1037 [android.webkit.WebViewFactory$RelroFileCreator] for 
02-20 19:49:05.649  1666  1666 D NetworkManagement: enabling bandwidth control
02-20 19:49:05.658  1810  1810 W art     : Unexpected CPU variant for X86 using defaults: x86_64
02-20 19:49:05.661  1666  1738 E wifi    : Can not initialize the vendor function pointer table
02-20 19:49:05.661  1666  1738 E WifiNative-HAL: Could not start hal
02-20 19:49:05.661  1666  1738 E WifiStateMachine: Failed to start HAL
02-20 19:49:05.663  1267  1303 V vold    : /dev/block/vold/public:253,64: LABEL="SDCARD" UUID="1E12-0B12" TYPE="vfat" 
02-20 19:49:05.663  1267  1303 V vold    : 
02-20 19:49:05.665  1666  1738 D WifiMonitor: startMonitoring(wlan0) with mConnected = false
02-20 19:49:05.665  1666  1738 E WifiHW  : Unable to open connection to supplicant on "@android:wpa_wlan0": No such file or directory
02-20 19:49:05.670  1267  1303 V vold    : /system/bin/fsck_msdos
02-20 19:49:05.670  1267  1303 V vold    :     -p
02-20 19:49:05.670  1267  1303 V vold    :     -f
02-20 19:49:05.670  1267  1303 V vold    :     /dev/block/vold/public:253,64
02-20 19:49:05.671  1666  1730 D VoldConnector: RCV <- {652 public:253,64 vfat}
02-20 19:49:05.672  1666  1730 D VoldConnector: RCV <- {653 public:253,64 1E12-0B12}
02-20 19:49:05.672  1666  1730 D VoldConnector: RCV <- {654 public:253,64 SDCARD}
02-20 19:49:05.703  1810  1810 V WebViewFactory: RelroFileCreator (64bit = true),  32-bit lib: /system/app/Chrome/Chrome.apk!/lib/x86/libmonochrome.so, 64-bit lib: /system/app/Chrome/Chrome.apk!/lib/x86_64/libmonochrome.so
02-20 19:49:05.715  1374  1374 I MediaPlayerService: MediaPlayerService::getOMX
02-20 19:49:05.715  1374  1374 I OMXClient: MuxOMX ctor
02-20 19:49:05.715  1371  1824 I OMXMaster: makeComponentInstance(OMX.google.amrnb.decoder) in mediacodec process
02-20 19:49:05.729  1374  1374 I MediaPlayerService: MediaPlayerService::getOMX
02-20 19:49:05.729  1374  1374 I OMXClient: MuxOMX ctor
02-20 19:49:05.729  1371  1420 I OMXMaster: makeComponentInstance(OMX.google.amrwb.decoder) in mediacodec process
02-20 19:49:05.747  1374  1374 I MediaPlayerService: MediaPlayerService::getOMX
02-20 19:49:05.747  1805  1805 W art     : Unexpected CPU variant for X86 using defaults: x86
02-20 19:49:05.754  1374  1374 I OMXClient: MuxOMX ctor
02-20 19:49:05.754  1371  1371 I OMXMaster: makeComponentInstance(OMX.google.aac.decoder) in mediacodec process
02-20 19:49:05.834  1267  1303 I fsck_msdos: ** /dev/block/vold/public:253,64
02-20 19:49:05.835  1267  1303 I fsck_msdos: ** Phase 1 - Read and Compare FATs
02-20 19:49:05.835  1267  1303 I fsck_msdos: Attempting to allocate 1022 KB for FAT
02-20 19:49:05.851  1374  1374 I MediaPlayerService: MediaPlayerService::getOMX
02-20 19:49:05.853  1374  1374 I OMXClient: MuxOMX ctor
02-20 19:49:05.853  1371  1420 I OMXMaster: makeComponentInstance(OMX.google.g711.alaw.decoder) in mediacodec process
02-20 19:49:05.923  1757  1757 I LatinIME: Hardware accelerated drawing: true
02-20 19:49:05.923  1805  1805 V WebViewFactory: RelroFileCreator (64bit = false),  32-bit lib: /system/app/Chrome/Chrome.apk!/lib/x86/libmonochrome.so, 64-bit lib: /system/app/Chrome/Chrome.apk!/lib/x86_64/libmonochrome.so
02-20 19:49:05.932  1764  1764 V SystemUIService: Starting SystemUI services for user 0.
02-20 19:49:05.982  1374  1374 I MediaPlayerService: MediaPlayerService::getOMX
02-20 19:49:05.983  1374  1374 I OMXClient: MuxOMX ctor
02-20 19:49:05.983  1371  1371 I OMXMaster: makeComponentInstance(OMX.google.g711.mlaw.decoder) in mediacodec process
02-20 19:49:06.028  1817  1817 I wpa_supplicant: Successfully initialized wpa_supplicant
02-20 19:49:06.042  1764  1764 V MediaRouter: Adding route: RouteInfo{ name=Phone, description=null, status=null, category=RouteCategory{ name=null types=ROUTE_TYPE_LIVE_AUDIO ROUTE_TYPE_LIVE_VIDEO  groupable=false }, supportedTypes=ROUTE_TYPE_LIVE_AUDIO ROUTE_TYPE_LIVE_VIDEO , presentationDisplay=null }
02-20 19:49:06.042  1817  1817 I wpa_supplicant: rfkill: Cannot open RFKILL control device
02-20 19:49:06.047  1764  1764 V MediaRouter: Updating audio routes: AudioRoutesInfo{ type=SPEAKER }
02-20 19:49:06.046  1817  1817 I wpa_supplicant: nl80211: Could not re-add multicast membership for vendor events: -2 (No such file or directory)
02-20 19:49:06.048  1764  1764 V MediaRouter: Selecting route: RouteInfo{ name=Phone, description=null, status=null, category=RouteCategory{ name=null types=ROUTE_TYPE_LIVE_AUDIO ROUTE_TYPE_LIVE_VIDEO  groupable=false }, supportedTypes=ROUTE_TYPE_LIVE_AUDIO ROUTE_TYPE_LIVE_VIDEO , presentationDisplay=null }
02-20 19:49:06.042     0     0 D ieee80211 phy0: mac80211_hwsim_start
02-20 19:49:06.042     0     0 D ieee80211 phy0: mac80211_hwsim_add_interface (type=2 mac_addr=02:00:00:44:55:66)
02-20 19:49:06.042     0     0 D ieee80211 phy0: mac80211_hwsim_bss_info_changed(changed=0xe)
02-20 19:49:06.042     0     0 D ieee80211 phy0: ERP_CTS_PROT: 0
02-20 19:49:06.042     0     0 D ieee80211 phy0: ERP_PREAMBLE: 0
02-20 19:49:06.042     0     0 D ieee80211 phy0: ERP_SLOT: 0
02-20 19:49:06.042     0     0 D ieee80211 phy0: mac80211_hwsim_conf_tx (queue=0 txop=0 cw_min=15 cw_max=1023 aifs=2)
02-20 19:49:06.042     0     0 D ieee80211 phy0: mac80211_hwsim_conf_tx (queue=1 txop=0 cw_min=15 cw_max=1023 aifs=2)
02-20 19:49:06.042     0     0 D ieee80211 phy0: mac80211_hwsim_conf_tx (queue=2 txop=0 cw_min=15 cw_max=1023 aifs=2)
02-20 19:49:06.042     0     0 D ieee80211 phy0: mac80211_hwsim_conf_tx (queue=3 txop=0 cw_min=15 cw_max=1023 aifs=2)
02-20 19:49:06.042     0     0 D ieee80211 phy0: mac80211_hwsim_bss_info_changed(changed=0x2000)
02-20 19:49:06.042     0     0 D ieee80211 phy0: mac80211_hwsim_config (freq=0 idle=0 ps=0 smps=auto)
02-20 19:49:06.042     0     0 D ieee80211 phy0: mac80211_hwsim_configure_filter
02-20 19:49:06.043     0     0 D ieee80211 phy0: mac80211_hwsim_configure_filter
02-20 19:49:06.043     0     0 D ieee80211 phy0: mac80211_hwsim_configure_filter
02-20 19:49:06.043     0     0 I IPv6    : ADDRCONF(NETDEV_UP): wlan0: link is not ready
02-20 19:49:06.063  1666  1691 D TelephonyRegistry: listen oscl: hasNotifySubscriptionInfoChangedOccurred==false no callback
02-20 19:49:06.068  1267  1303 I fsck_msdos: Attempting to allocate 1022 KB for FAT
02-20 19:49:06.084  1374  1374 I MediaPlayerService: MediaPlayerService::getOMX
02-20 19:49:06.087  1374  1374 I OMXClient: MuxOMX ctor
02-20 19:49:06.087  1371  1371 I OMXMaster: makeComponentInstance(OMX.google.vorbis.decoder) in mediacodec process
02-20 19:49:06.173  1817  1817 E wpa_supplicant: global ctrl interface @android:wpa_wlan0 matches ctrl interface wlan0 - do not open per-interface ctrl interface
02-20 19:49:06.173  1374  1374 I MediaPlayerService: MediaPlayerService::getOMX
02-20 19:49:06.173  1374  1374 I OMXClient: MuxOMX ctor
02-20 19:49:06.173  1371  1420 I OMXMaster: makeComponentInstance(OMX.google.opus.decoder) in mediacodec process
02-20 19:49:06.205  1267  1303 I fsck_msdos: ** Phase 2 - Check Cluster Chains
02-20 19:49:06.213  1666  1694 W WindowManager: Keyguard drawn timeout. Setting mKeyguardDrawComplete
02-20 19:49:06.235  1267  1303 I fsck_msdos: ** Phase 3 - Checking Directories
02-20 19:49:06.235  1267  1303 I fsck_msdos: ** Phase 4 - Checking for Lost Files
02-20 19:49:06.237  1267  1303 I fsck_msdos: 27 files, 522176 free (261088 clusters)
02-20 19:49:06.268  1666  1666 W NetworkManagement: setDataSaverMode(): already false
02-20 19:49:06.280     0     0 W FAT-fs (vde): Volume was not properly unmounted. Some data may be corrupt. Please run fsck.
02-20 19:49:06.282     0     0 D SELinux : initialized (dev vde, type vfat), uses genfs_contexts
02-20 19:49:06.270  1374  1374 I MediaPlayerService: MediaPlayerService::getOMX
02-20 19:49:06.270  1374  1374 I OMXClient: MuxOMX ctor
02-20 19:49:06.270  1371  1371 I OMXMaster: makeComponentInstance(OMX.google.raw.decoder) in mediacodec process
02-20 19:49:06.273  1757  1757 W InputAttributes: No editor info for this field. Bug?
02-20 19:49:06.273  1267  1303 I Vold    : Filesystem check completed OK
02-20 19:49:06.273  1666  1730 D VoldConnector: RCV <- {656 public:253,64 /mnt/media_rw/1E12-0B12}
02-20 19:49:06.273  1666  1730 D VoldConnector: RCV <- {655 public:253,64 /storage/1E12-0B12}
02-20 19:49:06.277  1374  1374 I MediaPlayerService: MediaPlayerService::getOMX
02-20 19:49:06.278  1374  1374 I OMXClient: MuxOMX ctor
02-20 19:49:06.278  1371  1371 I OMXMaster: makeComponentInstance(OMX.google.aac.encoder) in mediacodec process
02-20 19:49:06.286  1267  1303 V vold    : Waiting for FUSE to spin up...
02-20 19:49:06.292  1374  1374 I MediaPlayerService: MediaPlayerService::getOMX
02-20 19:49:06.293  1374  1374 I OMXClient: MuxOMX ctor
02-20 19:49:06.293  1371  1824 I OMXMaster: makeComponentInstance(OMX.google.amrnb.encoder) in mediacodec process
02-20 19:49:06.297  1872  1872 W sdcard  : Device explicitly disabled sdcardfs
02-20 19:49:06.304  1757  1873 I LatinIME:LogUtils: Dictionary info: dictionary = userunigram.en_US ; version = 1519156146 ; date = ?
02-20 19:49:06.304  1805  1805 I art     : System.exit called, status: 0
02-20 19:49:06.304  1805  1805 I AndroidRuntime: VM exiting with result code 0, cleanup skipped.
02-20 19:49:06.305  1757  1873 E ActivityThread: Failed to find provider info for user_dictionary
02-20 19:49:06.305  1757  1873 I LatinIME:LogUtils: Dictionary info: dictionary = UserHistoryDictionary.en_US ; version = 1519156146 ; date = ?
02-20 19:49:06.305  1764  1878 E WVMExtractor: Failed to open libwvm.so: dlopen failed: library "libwvm.so" not found
02-20 19:49:06.313  1374  1374 I MediaPlayerService: MediaPlayerService::getOMX
02-20 19:49:06.313  1374  1374 I OMXClient: MuxOMX ctor
02-20 19:49:06.313  1371  1824 I OMXMaster: makeComponentInstance(OMX.google.amrwb.encoder) in mediacodec process
02-20 19:49:06.311     0     0 D SELinux : initialized (dev fuse, type fuse), uses genfs_contexts
02-20 19:49:06.312     0     0 D SELinux : initialized (dev fuse, type fuse), uses genfs_contexts
02-20 19:49:06.312     0     0 D SELinux : initialized (dev fuse, type fuse), uses genfs_contexts
02-20 19:49:06.331  1374  1374 I MediaPlayerService: MediaPlayerService::getOMX
02-20 19:49:06.332  1374  1374 I OMXClient: MuxOMX ctor
02-20 19:49:06.332  1371  1824 I OMXMaster: makeComponentInstance(OMX.google.flac.encoder) in mediacodec process
02-20 19:49:06.338  1666  1730 D VoldConnector: RCV <- {651 public:253,64 2}
02-20 19:49:06.339  1666  1666 D NetworkPolicy: setRestrictBackgroundUL(): false
02-20 19:49:06.339  1666  1730 D VoldConnector: RCV <- {200 6 Command succeeded}
02-20 19:49:06.339  1666  1666 W NetworkManagement: setDataSaverMode(): already false
02-20 19:49:06.339  1666  1729 E VoldConnector: NDC Command {6 volume mount public:253,64 2 0} took too long (731ms)
02-20 19:49:06.352  1810  1810 I art     : System.exit called, status: 0
02-20 19:49:06.352  1810  1810 I AndroidRuntime: VM exiting with result code 0, cleanup skipped.
02-20 19:49:06.386  1374  1374 I MediaPlayerService: MediaPlayerService::getOMX
02-20 19:49:06.387  1374  1374 I OMXClient: MuxOMX ctor
02-20 19:49:06.387  1371  1838 I OMXMaster: makeComponentInstance(OMX.google.gsm.decoder) in mediacodec process
02-20 19:49:06.416  1374  1374 I MediaPlayerService: MediaPlayerService::getOMX
02-20 19:49:06.416  1374  1374 I OMXClient: MuxOMX ctor
02-20 19:49:06.416  1371  1824 I OMXMaster: makeComponentInstance(OMX.google.mpeg4.decoder) in mediacodec process
02-20 19:49:06.462  1757  1873 I LatinIME:LogUtils: Dictionary info: dictionary = main:en ; version = 54 ; date = 1414726273
02-20 19:49:06.499  1371  1420 E OMXNodeInstance: getExtensionIndex(55b000f:google.mpeg4.decoder, OMX.google.android.index.configureVideoTunnelMode) ERROR: UnsupportedIndex(0x8000101a)
02-20 19:49:06.501  1371  1838 W OMXNodeInstance: [55b000f:google.mpeg4.decoder] component does not support metadata mode; using fallback
02-20 19:49:06.514  1374  1374 I MediaPlayerService: MediaPlayerService::getOMX
02-20 19:49:06.515  1374  1374 I OMXClient: MuxOMX ctor
02-20 19:49:06.515  1371  1838 I OMXMaster: makeComponentInstance(OMX.google.h263.decoder) in mediacodec process
02-20 19:49:06.519  1666  1666 I SystemServiceManager: Starting phase 600
02-20 19:49:06.534  1371  1824 E OMXNodeInstance: getExtensionIndex(55b0010:google.h263.decoder, OMX.google.android.index.configureVideoTunnelMode) ERROR: UnsupportedIndex(0x8000101a)
02-20 19:49:06.535  1371  1371 W OMXNodeInstance: [55b0010:google.h263.decoder] component does not support metadata mode; using fallback
02-20 19:49:06.537  1374  1374 I MediaPlayerService: MediaPlayerService::getOMX
02-20 19:49:06.537  1374  1374 I OMXClient: MuxOMX ctor
02-20 19:49:06.537  1371  1420 I OMXMaster: makeComponentInstance(OMX.google.h264.decoder) in mediacodec process
02-20 19:49:06.571  1666  1666 D SensorNotificationService: Cannot obtain dynamic meta sensor, not supported.
02-20 19:49:06.576  1666  1666 D TelephonyRegistry: listen oscl: hasNotifySubscriptionInfoChangedOccurred==false no callback
02-20 19:49:06.579  1764  1764 I vol.Events: writeEvent collection_started
02-20 19:49:06.587  1764  1918 I sysui_action: [213,2]
02-20 19:49:06.587  1764  1918 I vol.Events: writeEvent external_ringer_mode_changed normal
02-20 19:49:06.587  1764  1918 I vol.Events: writeEvent internal_ringer_mode_changed normal
02-20 19:49:06.588  1666  1666 I GnssLocationProvider: WakeLock acquired by sendMessage(13, 0, null)
02-20 19:49:06.591  1666  1666 W LocationProviderProxy-network: Odd, no component found for service com.android.location.service.v3.NetworkLocationProvider
02-20 19:49:06.594  1666  1666 W GeocoderProxy: Odd, no component found for service com.android.location.service.GeocodeProvider
02-20 19:49:06.594  1666  1666 E FlpHardwareProvider: Error hw_get_module 'flp': -2
02-20 19:49:06.594  1666  1666 D LocationManagerService: FLP HAL not supported
02-20 19:49:06.595  1666  1666 W GeofenceProxy: Odd, no component found for service com.android.location.service.GeofenceProvider
02-20 19:49:06.596  1666  1666 E ActivityRecognitionHardware: Error hw_get_module: -2
02-20 19:49:06.596  1666  1666 D LocationManagerService: Hardware Activity-Recognition not supported.
02-20 19:49:06.596  1666  1666 W ActivityRecognitionProxy: Odd, no component found for service com.android.location.service.ActivityRecognitionProvider
02-20 19:49:06.597  1666  1666 I GnssLocationProvider: WakeLock acquired by sendMessage(2, 1, null)
02-20 19:49:06.597  1666  1692 W GnssLocationProvider: Could not open GPS configuration file /etc/gps.conf
02-20 19:49:06.597  1666  1692 E GnssLocationProvider: no AGPS interface in set_agps_server
02-20 19:49:06.599  1666  1666 I CommonTimeManagementService: No common time service detected on this platform.  Common time services will be unavailable.
02-20 19:49:06.599  1666  1726 I InputReader: Reconfiguring input devices.  changes=0x00000020
02-20 19:49:06.609  1666  1666 D TelephonyRegistry: systemRunning register for intents
02-20 19:49:06.610  1666  1666 I MmsServiceBroker: Delay connecting to MmsService until an API is called
02-20 19:49:06.615  1666  1726 I InputReader: Reconfiguring input devices.  changes=0x00000010
02-20 19:49:06.616  1666  1692 D TelephonyRegistry: listen oscl: hasNotifySubscriptionInfoChangedOccurred==false no callback
02-20 19:49:06.619  1374  1374 W ACodec  : [OMX.google.h264.decoder] stopping checking profiles after 32: 2/8000
02-20 19:49:06.619  1371  1371 E OMXNodeInstance: getExtensionIndex(55b0011:google.h264.decoder, OMX.google.android.index.configureVideoTunnelMode) ERROR: UnsupportedIndex(0x8000101a)
02-20 19:49:06.624  1371  1838 W OMXNodeInstance: [55b0011:google.h264.decoder] component does not support metadata mode; using fallback
02-20 19:49:06.625  1666  1692 I GnssLocationProvider: WakeLock released by handleMessage(13, 0, null)
02-20 19:49:06.626  1666  1692 E GnssLocationProvider: no AGPS interface in set_agps_server
02-20 19:49:06.626  1666  1692 I GnssLocationProvider: WakeLock released by handleMessage(2, 1, null)
02-20 19:49:06.627  1374  1374 I MediaPlayerService: MediaPlayerService::getOMX
02-20 19:49:06.627  1374  1374 I OMXClient: MuxOMX ctor
02-20 19:49:06.627  1371  1824 I OMXMaster: makeComponentInstance(OMX.google.hevc.decoder) in mediacodec process
02-20 19:49:06.633  1666  1666 I am_proc_start: [0,1923,1001,com.android.phone,added application,com.android.phone]
02-20 19:49:06.633  1666  1666 I ActivityManager: Start proc 1923:com.android.phone/1001 for added application com.android.phone
02-20 19:49:06.634  1666  1666 I ActivityManager: START u0 {act=android.intent.action.MAIN cat=[android.intent.category.HOME] flg=0x10000100 cmp=com.android.settings/.FallbackHome} from uid 0 on display 0
02-20 19:49:06.635  1666  1666 W System  : ClassLoader referenced unknown path: 
02-20 19:49:06.635  1666  1666 W System  : ClassLoader referenced unknown path: /system/priv-app/Settings/lib/x86_64
02-20 19:49:06.635  1666  1666 D ApplicationLoaders: ignored Vulkan layer search path /system/priv-app/Settings/lib/x86_64:/system/priv-app/Settings/Settings.apk!/lib/x86_64:/system/lib64:/vendor/lib64 for namespace 0x7856518f6160
02-20 19:49:06.642  1923  1923 W art     : Unexpected CPU variant for X86 using defaults: x86_64
02-20 19:49:06.650  1666  1666 I ActivityManager: Loaded persisted task ids for user 0
02-20 19:49:06.650  1666  1666 I am_create_task: [0,1]
02-20 19:49:06.650  1666  1666 I am_create_activity: [0,75305303,1,com.android.settings/.FallbackHome,android.intent.action.MAIN,NULL,NULL,276824320]
02-20 19:49:06.651  1666  1666 I wm_task_created: [1,0]
02-20 19:49:06.651  1666  1666 I wm_task_moved: [1,1,0]
02-20 19:49:06.651  1666  1666 I wm_task_moved: [1,1,0]
02-20 19:49:06.652  1666  1666 I am_focused_activity: [0,com.android.settings/.FallbackHome,startedActivity]
02-20 19:49:06.664  1666  1666 I am_proc_start: [0,1937,1000,com.android.settings,activity,com.android.settings/.FallbackHome]
02-20 19:49:06.665  1666  1666 I ActivityManager: Start proc 1937:com.android.settings/1000 for activity com.android.settings/.FallbackHome
02-20 19:49:06.669  1666  1691 I am_proc_bound: [0,1923,com.android.phone]
02-20 19:49:06.669  1666  1666 I SystemServer: Enabled StrictMode for system server main thread.
02-20 19:49:06.670  1666  1692 W LocationProviderProxy-network: Odd, no component found for service com.android.location.service.v3.NetworkLocationProvider
02-20 19:49:06.670  1666  1692 W GeocoderProxy: Odd, no component found for service com.android.location.service.GeocodeProvider
02-20 19:49:06.670  1666  1692 W GeofenceProxy: Odd, no component found for service com.android.location.service.GeofenceProvider
02-20 19:49:06.670  1666  1692 W ActivityRecognitionProxy: Odd, no component found for service com.android.location.service.ActivityRecognitionProvider
02-20 19:49:06.678  1666  1666 D ConditionProviders.SCP: onConnected
02-20 19:49:06.678  1666  1666 D ZenLog  : set_zen_mode: off,readXml
02-20 19:49:06.686  1937  1937 W art     : Unexpected CPU variant for X86 using defaults: x86_64
02-20 19:49:06.690  1666  1738 D WifiConfigManager: Loading config and enabling all networks 
02-20 19:49:06.700  1666  1666 D ConditionProviders: Subscribing to condition://android/schedule?days=6.7&start=23.30&end=10.0&exitAtAlarm=false with ComponentInfo{android/com.android.server.notification.ScheduleConditionProvider}
02-20 19:49:06.700  1666  1666 D ZenLog  : subscribe: condition://android/schedule?days=6.7&start=23.30&end=10.0&exitAtAlarm=false,ok
02-20 19:49:06.700  1666  1666 D ConditionProviders: Subscribing to condition://android/event?userId=-10000&calendar=&reply=1 with ComponentInfo{android/com.android.server.notification.EventConditionProvider}
02-20 19:49:06.700  1666  1666 D ZenLog  : subscribe: condition://android/event?userId=-10000&calendar=&reply=1,ok
02-20 19:49:06.700  1666  1666 D ConditionProviders: Subscribing to condition://android/schedule?days=1.2.3.4.5&start=22.0&end=7.0&exitAtAlarm=false with ComponentInfo{android/com.android.server.notification.ScheduleConditionProvider}
02-20 19:49:06.700  1666  1666 D ZenLog  : subscribe: condition://android/schedule?days=1.2.3.4.5&start=22.0&end=7.0&exitAtAlarm=false,ok
02-20 19:49:06.717  1666  1738 W WifiNetworkHistory: Upgrading network 0 to android.uid.system:1000
02-20 19:49:06.717  1666  1738 D WifiConfigManager: loaded 0 passpoint configs
02-20 19:49:06.717  1666  1738 E IpConfigStore: Error parsing configuration: java.io.FileNotFoundException: /data/misc/wifi/ipconfig.txt (No such file or directory)
02-20 19:49:06.719  1666  1738 D WifiNative-HAL: Setting external_sim to 1
02-20 19:49:06.719  1666  1738 D WifiStateMachine: Setting OUI to DA-A1-19
02-20 19:49:06.719  1923  1923 W System  : ClassLoader referenced unknown path: /system/priv-app/TeleService/lib/x86_64
02-20 19:49:06.721  1666  1738 I WifiConnectivityManager: PNO settings: min5GHzRssi -82 min24GHzRssi -85 currentConnectionBonus 16 sameNetworkBonus 24 secureNetworkBonus 80 initialScoreMax 100
02-20 19:49:06.722  1666  1738 I WifiConnectivityManager: ConnectivityScanManager initialized and disabled
02-20 19:49:06.722  1666  1738 I WifiConnectivityManager: setUntrustedConnectionAllowed: allowed=false
02-20 19:49:06.722  1666  1738 E WifiLogger: no ring buffers found
02-20 19:49:06.722  1666  1738 E WifiLogger: Failed to start packet fate monitoring
02-20 19:49:06.725  1666  1738 I WifiConnectivityManager: Set WiFi enabled
02-20 19:49:06.725  1666  1738 I WifiConnectivityManager: scheduleWatchdogTimer
02-20 19:49:06.725  1666  1738 D WifiNative-HAL: Failing getSupportedFeatureset because HAL isn't started
02-20 19:49:06.725  1666  1696 E BatteryStatsService: no controller energy info supplied
02-20 19:49:06.726  1666  1696 E KernelCpuSpeedReader: Failed to read cpu-freq: /sys/devices/system/cpu/cpu0/cpufreq/stats/time_in_state (No such file or directory)
02-20 19:49:06.726  1666  1696 E KernelUidCpuTimeReader: Failed to read uid_cputime: /proc/uid_cputime/show_uid_stat (No such file or directory)
02-20 19:49:06.727  1666  1738 D WifiNative-HAL: Failing getSupportedFeatureset because HAL isn't started
02-20 19:49:06.727  1666  1696 E BatteryStatsService: no controller energy info supplied
02-20 19:49:06.728  1666  1696 E KernelCpuSpeedReader: Failed to read cpu-freq: /sys/devices/system/cpu/cpu0/cpufreq/stats/time_in_state (No such file or directory)
02-20 19:49:06.730  1666  1696 E KernelUidCpuTimeReader: Failed to read uid_cputime: /proc/uid_cputime/show_uid_stat (No such file or directory)
02-20 19:49:06.732  1666  1666 D ZenLog  : set_zen_mode: off,cleanUpZenRules
02-20 19:49:06.733  1666  1666 D RttService: SCAN_AVAILABLE : 1
02-20 19:49:06.733  1666  1740 I WifiScanningService: wifi driver unloaded
02-20 19:49:06.734  1666  1741 D RttService: DefaultState got{ when=0 what=160513 target=com.android.internal.util.StateMachine$SmHandler }
02-20 19:49:06.737  1666  1691 I am_proc_bound: [0,1937,com.android.settings]
02-20 19:49:06.744  1666  1666 W System  : ClassLoader referenced unknown path: /system/priv-app/Telecom/lib/x86_64
02-20 19:49:06.745  1666  1666 D ApplicationLoaders: ignored Vulkan layer search path /system/priv-app/Telecom/lib/x86_64:/system/priv-app/Telecom/Telecom.apk!/lib/x86_64:/system/lib64:/vendor/lib64 for namespace 0x7856518f61d0
02-20 19:49:06.755  1371  1420 E OMXNodeInstance: getExtensionIndex(55b0012:google.hevc.decoder, OMX.google.android.index.configureVideoTunnelMode) ERROR: UnsupportedIndex(0x8000101a)
02-20 19:49:06.755  1371  1838 W OMXNodeInstance: [55b0012:google.hevc.decoder] component does not support metadata mode; using fallback
02-20 19:49:06.757  1374  1374 I MediaPlayerService: MediaPlayerService::getOMX
02-20 19:49:06.757  1374  1374 I OMXClient: MuxOMX ctor
02-20 19:49:06.757  1371  1371 I OMXMaster: makeComponentInstance(OMX.google.vp8.decoder) in mediacodec process
02-20 19:49:06.777  1371  1371 E OMXNodeInstance: getExtensionIndex(55b0013:google.vp8.decoder, OMX.google.android.index.configureVideoTunnelMode) ERROR: UnsupportedIndex(0x8000101a)
02-20 19:49:06.777  1371  1824 W OMXNodeInstance: [55b0013:google.vp8.decoder] component does not support metadata mode; using fallback
02-20 19:49:06.778  1374  1374 I MediaPlayerService: MediaPlayerService::getOMX
02-20 19:49:06.778  1374  1374 I OMXClient: MuxOMX ctor
02-20 19:49:06.778  1371  1420 I OMXMaster: makeComponentInstance(OMX.google.vp9.decoder) in mediacodec process
02-20 19:49:06.785  1312  1357 D PermissionCache: checking android.permission.READ_FRAME_BUFFER for uid=1000 => granted (402 us)
02-20 19:49:06.794  1371  1371 E OMXNodeInstance: getExtensionIndex(55b0014:google.vp9.decoder, OMX.google.android.index.configureVideoTunnelMode) ERROR: UnsupportedIndex(0x8000101a)
02-20 19:49:06.794  1371  1420 W OMXNodeInstance: [55b0014:google.vp9.decoder] component does not support metadata mode; using fallback
02-20 19:49:06.795  1374  1374 I MediaPlayerService: MediaPlayerService::getOMX
02-20 19:49:06.796  1374  1374 I OMXClient: MuxOMX ctor
02-20 19:49:06.796  1371  1824 I OMXMaster: makeComponentInstance(OMX.google.h263.encoder) in mediacodec process
02-20 19:49:06.820  1371  1824 I SoftMPEG4Encoder: Construct SoftMPEG4Encoder
02-20 19:49:06.822  1374  1374 W ACodec  : do not know color format 0x7f000789 = 2130708361
02-20 19:49:06.822  1371  1838 E OMXNodeInstance: getConfig(55b0015:google.h263.encoder, ConfigAndroidIntraRefresh(0x6f60000a)) ERROR: Undefined(0x80001001)
02-20 19:49:06.825  1374  1374 I MediaPlayerService: MediaPlayerService::getOMX
02-20 19:49:06.825  1374  1374 I OMXClient: MuxOMX ctor
02-20 19:49:06.825  1371  1838 I OMXMaster: makeComponentInstance(OMX.google.h264.encoder) in mediacodec process
02-20 19:49:06.849  1312  1357 D gralloc_ranchu: gralloc_alloc: Creating ashmem region of size 17051648
02-20 19:49:06.861  1374  1374 W ACodec  : do not know color format 0x7f000789 = 2130708361
02-20 19:49:06.862  1374  1374 I MediaPlayerService: MediaPlayerService::getOMX
02-20 19:49:06.862  1374  1374 I OMXClient: MuxOMX ctor
02-20 19:49:06.862  1371  1371 I OMXMaster: makeComponentInstance(OMX.google.mpeg4.encoder) in mediacodec process
02-20 19:49:06.877  1371  1371 I SoftMPEG4Encoder: Construct SoftMPEG4Encoder
02-20 19:49:06.878  1374  1374 W ACodec  : do not know color format 0x7f000789 = 2130708361
02-20 19:49:06.879  1371  1838 E OMXNodeInstance: getConfig(55b0017:google.mpeg4.encoder, ConfigAndroidIntraRefresh(0x6f60000a)) ERROR: Undefined(0x80001001)
02-20 19:49:06.880  1374  1374 I MediaPlayerService: MediaPlayerService::getOMX
02-20 19:49:06.880  1374  1374 I OMXClient: MuxOMX ctor
02-20 19:49:06.880  1371  1420 I OMXMaster: makeComponentInstance(OMX.google.vp8.encoder) in mediacodec process
02-20 19:49:06.903  1374  1374 W ACodec  : do not know color format 0x7f000789 = 2130708361
02-20 19:49:06.903  1371  1838 E OMXNodeInstance: getConfig(55b0018:google.vp8.encoder, ConfigAndroidIntraRefresh(0x6f60000a)) ERROR: Undefined(0x80001001)
02-20 19:49:06.904  1374  1374 I MediaPlayerService: MediaPlayerService::getOMX
02-20 19:49:06.905  1374  1374 I OMXClient: MuxOMX ctor
02-20 19:49:06.912  1374  1374 I MediaPlayerService: MediaPlayerService::getOMX
02-20 19:49:06.913  1374  1374 I OMXClient: MuxOMX ctor
02-20 19:49:06.913  1374  1374 W MediaCodecList: unable to open media codecs configuration xml file: /data/misc/media/media_codecs_profiling_results.xml
02-20 19:49:06.915  1374  1898 I MediaPlayerService: MediaPlayerService::getOMX
02-20 19:49:06.915  1374  1832 I MediaPlayerService: MediaPlayerService::getOMX
02-20 19:49:06.915  1666  1803 I OMXClient: MuxOMX ctor
02-20 19:49:06.915  1764  1893 I OMXClient: MuxOMX ctor
02-20 19:49:06.916  1371  1824 I OMXMaster: makeComponentInstance(OMX.google.vorbis.decoder) in mediacodec process
02-20 19:49:06.938  1371  1371 I OMXMaster: makeComponentInstance(OMX.google.vorbis.decoder) in mediacodec process
02-20 19:49:06.951  1666  1691 I am_restart_activity: [0,75305303,1,com.android.settings/.FallbackHome]
02-20 19:49:06.953  1666  1700 W art     : Long monitor contention with owner Binder:1666_2 (1691) at void com.android.server.am.ActivityManagerService.attachApplication(android.app.IApplicationThread)(ActivityManagerService.java:6669) waiters=0 in void com.android.server.am.ActivityManagerService$LocalService.notifyAppTransitionCancelled() for 170ms
02-20 19:49:06.953  1666  1700 I dvm_lock_sample: [system_server,1,android.display,170,ActivityManagerService.java,21995,-,6669,34]
02-20 19:49:06.977  1937  1937 W System  : ClassLoader referenced unknown path: /system/priv-app/Settings/lib/x86_64
02-20 19:49:06.982  1923  1923 W System  : ClassLoader referenced unknown path: /system/priv-app/TelephonyProvider/lib/x86_64
02-20 19:49:06.983  1923  1923 D ApplicationLoaders: ignored Vulkan layer search path /system/priv-app/TelephonyProvider/lib/x86_64:/system/lib64:/vendor/lib64 for namespace 0x78565188b0f0
02-20 19:49:06.999  1666  1666 E BluetoothAdapter: Bluetooth binder is null
02-20 19:49:07.009  1666  1666 I Telecom : SystemStateProvider: Registering car mode receiver: android.content.IntentFilter@5604a4: TS.init@AAA
02-20 19:49:07.128  1374  1374 I MediaPlayerService: MediaPlayerService::getOMX
02-20 19:49:07.129  1666  1983 I OMXClient: MuxOMX ctor
02-20 19:49:07.130  1371  1420 I OMXMaster: makeComponentInstance(OMX.google.vorbis.decoder) in mediacodec process
02-20 19:49:07.130     0     0 D ieee80211 phy1: mac80211_hwsim_configure_filter
02-20 19:49:07.135  1666  1984 I Telecom : Telecom: Non-call EVENT: AUDIO_ROUTE, Entering state QuiescentEarpieceRoute
02-20 19:49:07.180  1666  1987 I Telecom : CallAudioModeStateMachine: Message received: null.: TS.init->CAMSM.pM_1@AAA_0
02-20 19:49:07.192  1937  1937 I am_on_resume_called: [0,com.android.settings.FallbackHome,LAUNCH_ACTIVITY]
02-20 19:49:07.193  1666  1789 I stream_devices_changed: [0,0,2]
02-20 19:49:07.195  1666  1789 I stream_devices_changed: [2,0,2]
02-20 19:49:07.203  1666  1789 I stream_devices_changed: [3,0,2]
02-20 19:49:07.204  1666  1789 I stream_devices_changed: [6,0,2]
02-20 19:49:07.207  1666  1666 E BluetoothAdapter: Bluetooth binder is null
02-20 19:49:07.207  1312  1323 E SurfaceFlinger: ro.sf.lcd_density must be defined as a build property
02-20 19:49:07.207  1666  1988 E ActivityThread: Failed to find provider info for call_log
02-20 19:49:07.208  1374  1374 I MediaPlayerService: MediaPlayerService::getOMX
02-20 19:49:07.208  1666  1991 I OMXClient: MuxOMX ctor
02-20 19:49:07.208  1371  1981 I OMXMaster: makeComponentInstance(OMX.google.vorbis.decoder) in mediacodec process
02-20 19:49:07.209  1666  1789 I stream_devices_changed: [4,0,2]
02-20 19:49:07.210  1764  1918 I vol.Events: writeEvent level_changed STREAM_ALARM 6
02-20 19:49:07.211  1764  1918 I vol.Events: writeEvent level_changed STREAM_BLUETOOTH_SCO 7
02-20 19:49:07.212  1764  1918 I vol.Events: writeEvent level_changed STREAM_MUSIC 11
02-20 19:49:07.212  1764  1918 I vol.Events: writeEvent level_changed STREAM_RING 5
02-20 19:49:07.213  1764  1918 I vol.Events: writeEvent level_changed STREAM_SYSTEM 5
02-20 19:49:07.214  1764  1918 I vol.Events: writeEvent level_changed STREAM_VOICE_CALL 4
02-20 19:49:07.217  1666  1666 I Telecom : Class: TelecomSystem.INSTANCE being set
02-20 19:49:07.217  1666  1666 E BluetoothAdapter: Bluetooth binder is null
02-20 19:49:07.222  1374  1832 I MediaPlayerService: MediaPlayerService::getOMX
02-20 19:49:07.223  1764  1989 I OMXClient: MuxOMX ctor
02-20 19:49:07.230  1666  1666 W ContextImpl: Calling a method in the system process without a qualified user: android.app.ContextImpl.startService:1357 com.android.server.content.SyncManager$13.run:658 android.os.Handler.handleCallback:751 android.os.Handler.dispatchMessage:95 android.os.Looper.loop:154 
02-20 19:49:07.232  1371  1371 I OMXMaster: makeComponentInstance(OMX.google.vorbis.decoder) in mediacodec process
02-20 19:49:07.239  1937  1937 D         : HostConnection::get() New Host Connection established 0x785642dfdd60, tid 1937
02-20 19:49:07.251  1923  1923 D TelephonyProvider: dbh.onOpen: ok, queried table=siminfo
02-20 19:49:07.251  1923  1923 D TelephonyProvider: dbh.onOpen: ok, queried table=carriers
02-20 19:49:07.287  1312  1971 E SurfaceFlinger: ro.sf.lcd_density must be defined as a build property
02-20 19:49:07.292  1764  1764 D         : HostConnection::get() New Host Connection established 0x785640c40ba0, tid 1764
02-20 19:49:07.296  1374  1374 I MediaPlayerService: MediaPlayerService::getOMX
02-20 19:49:07.297  1374  1832 I MediaPlayerService: MediaPlayerService::getOMX
02-20 19:49:07.297  1666  2006 I OMXClient: MuxOMX ctor
02-20 19:49:07.297  1371  1824 I OMXMaster: makeComponentInstance(OMX.google.vorbis.decoder) in mediacodec process
02-20 19:49:07.297  1764  2007 I OMXClient: MuxOMX ctor
02-20 19:49:07.340  1371  1981 I OMXMaster: makeComponentInstance(OMX.google.vorbis.decoder) in mediacodec process
02-20 19:49:07.344  1923  1923 D TDC     : updateOrInsert: inserting: Modem { uuid=modem, state=0, rilModel=0, rat={}, maxActiveVoiceCall=1, maxActiveDataCall=1, maxStandby=1 }
02-20 19:49:07.344  1923  1923 D TDC     : updateOrInsert: inserting: Sim { uuid=sim, modemUuid=modem, state=0 }
02-20 19:49:07.349  1666  1666 W System  : ClassLoader referenced unknown path: /system/priv-app/FusedLocation/lib/x86_64
02-20 19:49:07.349  1666  1666 D ApplicationLoaders: ignored Vulkan layer search path /system/priv-app/FusedLocation/lib/x86_64:/system/priv-app/FusedLocation/FusedLocation.apk!/lib/x86_64:/system/lib64:/vendor/lib64 for namespace 0x7856518f6240
02-20 19:49:07.372  1312  1323 D         : HostConnection::get() New Host Connection established 0x7e72f101b540, tid 1323
02-20 19:49:07.381  1937  1990 D         : HostConnection::get() New Host Connection established 0x785642dfde20, tid 1990
02-20 19:49:07.382  1937  1990 I OpenGLRenderer: Initialized EGL, version 1.4
02-20 19:49:07.382  1937  1990 D OpenGLRenderer: Swap behavior 1
02-20 19:49:07.385  1666  1666 D GpsNetInitiatedHandler: location enabled :true
02-20 19:49:07.385  1666  1666 V WiredAccessoryManager: notifyWiredAccessoryChanged: when=0 bits= mask=54
02-20 19:49:07.385  1666  1666 V WiredAccessoryManager: newName=h2w newState=0 headsetState=0 prev headsetState=0
02-20 19:49:07.385  1666  1666 E WiredAccessoryManager: No state change.
02-20 19:49:07.385  1666  1666 V WiredAccessoryManager: init()
02-20 19:49:07.391  1923  1923 D CdmaSSM : subscriptionSource from settings: 0
02-20 19:49:07.391  1923  1923 I PhoneFactory: Cdma Subscription set to 0
02-20 19:49:07.406  1937  1990 D EGL_emulation: eglCreateContext: 0x785642def960: maj 3 min 0 rcv 3
02-20 19:49:07.407  1764  1764 D StorageNotification: Notifying about private volume: VolumeInfo{private}:
02-20 19:49:07.407  1764  1764 D StorageNotification:     type=PRIVATE diskId=null partGuid=null mountFlags=0 mountUserId=-1 
02-20 19:49:07.407  1764  1764 D StorageNotification:     state=MOUNTED 
02-20 19:49:07.407  1764  1764 D StorageNotification:     fsType=null fsUuid=null fsLabel=null 
02-20 19:49:07.407  1764  1764 D StorageNotification:     path=/data internalPath=null 
02-20 19:49:07.408  1764  1764 D StorageNotification: Notifying about public volume: VolumeInfo{public:253,64}:
02-20 19:49:07.408  1764  1764 D StorageNotification:     type=PUBLIC diskId=disk:253,64 partGuid=null mountFlags=VISIBLE 
02-20 19:49:07.408  1764  1764 D StorageNotification:     mountUserId=0 state=MOUNTED 
02-20 19:49:07.408  1764  1764 D StorageNotification:     fsType=vfat fsUuid=1E12-0B12 fsLabel=SDCARD 
02-20 19:49:07.408  1764  1764 D StorageNotification:     path=/storage/1E12-0B12 internalPath=/mnt/media_rw/1E12-0B12 
02-20 19:49:07.416  1666  1666 W VibratorService: Tried to stop vibrating but there is no vibrator device.
02-20 19:49:07.427  1666  1666 D ConditionProviders.SCP: onSubscribe condition://android/schedule?days=6.7&start=23.30&end=10.0&exitAtAlarm=false
02-20 19:49:07.430  1666  1666 D ConditionProviders.SCP: setRegistered true
02-20 19:49:07.431  1666  1666 D ConditionProviders.SCP: notifyCondition condition://android/schedule?days=6.7&start=23.30&end=10.0&exitAtAlarm=false STATE_FALSE reason=!meetsSchedule
02-20 19:49:07.437  1666  1666 D ConditionProviders.SCP: Scheduling evaluate for Tue Feb 20 23:30:00 GMT+00:00 2018 (1519169400000), in +3h40m52s570ms, now=Tue Feb 20 19:49:07 GMT+00:00 2018 (1519156147430)
02-20 19:49:07.437  1666  1666 D ConditionProviders.SCP: onSubscribe condition://android/schedule?days=1.2.3.4.5&start=22.0&end=7.0&exitAtAlarm=false
02-20 19:49:07.438  1666  1666 D ConditionProviders.SCP: notifyCondition condition://android/schedule?days=6.7&start=23.30&end=10.0&exitAtAlarm=false STATE_FALSE reason=!meetsSchedule
02-20 19:49:07.438  1666  1666 D ConditionProviders.SCP: notifyCondition condition://android/schedule?days=1.2.3.4.5&start=22.0&end=7.0&exitAtAlarm=false STATE_FALSE reason=!meetsSchedule
02-20 19:49:07.445  1666  1734 I netstats_mobile_sample: [0,0,0,0,0,0,0,0,0,0,0,0,-1]
02-20 19:49:07.445  1666  1734 I netstats_wifi_sample: [0,0,0,0,0,0,0,0,0,0,0,0,-1]
02-20 19:49:07.447  1374  1374 I MediaPlayerService: MediaPlayerService::getOMX
02-20 19:49:07.447  1666  2023 I OMXClient: MuxOMX ctor
02-20 19:49:07.447  1371  1824 I OMXMaster: makeComponentInstance(OMX.google.vorbis.decoder) in mediacodec process
02-20 19:49:07.451  1666  1666 D ConditionProviders.SCP: Scheduling evaluate for Tue Feb 20 22:00:00 GMT+00:00 2018 (1519164000000), in +2h10m52s562ms, now=Tue Feb 20 19:49:07 GMT+00:00 2018 (1519156147438)
02-20 19:49:07.463  1666  1666 D RttService: SCAN_AVAILABLE : 3
02-20 19:49:07.466  1666  1741 D RttService: DefaultState got{ when=-3ms what=160512 target=com.android.internal.util.StateMachine$SmHandler }
02-20 19:49:07.468  1666  1666 I Telecom : WiredHeadsetManager: ACTION_HEADSET_PLUG event, plugged in: false, : WHC.oADA@AAE
02-20 19:49:07.475  1923  1923 I PhoneFactory: Network Mode set to 0
02-20 19:49:07.479  1666  1676 I art     : Background sticky concurrent mark sweep GC freed 27222(2MB) AllocSpace objects, 10(232KB) LOS objects, 11% free, 21MB/24MB, paused 10.330ms total 36.707ms
02-20 19:49:07.482  1666  1740 I WifiScanningService: wifi driver loaded with scan capabilities: max buckets=16
02-20 19:49:07.482  1923  1923 D RILJ    : RIL(context, preferredNetworkType=0 cdmaSubscription=0)
02-20 19:49:07.487  1666  1666 I ActivityManager: user 0 is still locked. Cannot load recents
02-20 19:49:07.499  1937  1990 D EGL_emulation: eglMakeCurrent: 0x785642def960: ver 3 0 (tinfo 0x78564d21f020)
02-20 19:49:07.520  1923  1923 D RILJ    : Starting RILReceiver0 [SUB0]
02-20 19:49:07.531  1666  1666 D TelephonyRegistry: notifyCellLocationForSubscriber: subId=0 cellLocation=Bundle[{}]
02-20 19:49:07.534  1923  1923 D RILJ    : [3648]> GET_HARDWARE_CONFIG [SUB0]
02-20 19:49:07.534  1923  1923 D RilRequest: [3648]< GET_HARDWARE_CONFIG error: com.android.internal.telephony.CommandException: RADIO_NOT_AVAILABLE ret=
02-20 19:49:07.535  1923  1923 I PhoneFactory: Creating SubscriptionController
02-20 19:49:07.539  1376  1454 I RILC    : libril: new connection to RIL_SOCKET_1
02-20 19:49:07.539  1376  1454 I RILC    : RIL Daemon version: android reference-ril 1.0
02-20 19:49:07.545  1666  1666 I notification_enqueue: [10028,1764,com.android.systemui,1397773634,public:253,64,-1,Notification(pri=0 contentView=null vibrate=null sound=null defaults=0x0 flags=0x100 color=0xff607d8b category=sys actions=2 vis=PUBLIC),0]
02-20 19:49:07.547  1923  1923 D SubscriptionController: [SubscriptionController] init by Context
02-20 19:49:07.553  1923  2029 I RILJ    : (0) Connected to 'rild' socket
02-20 19:49:07.556  1923  2029 D RILJ    : [UNSL]< UNSOL_RIL_CONNECTED {12} [SUB0]
02-20 19:49:07.556  1923  2029 D RILJ    : [3649]> RADIO_POWER off [SUB0]
02-20 19:49:07.567  1937  1990 D EGL_emulation: eglMakeCurrent: 0x785642def960: ver 3 0 (tinfo 0x78564d21f020)
02-20 19:49:07.579  1376  1454 D RIL     : onRequest: RADIO_POWER
02-20 19:49:07.579  1923  2029 D RILJ    : [3650]> RIL_REQUEST_CDMA_SET_SUBSCRIPTION_SOURCE : 0 [SUB0]
02-20 19:49:07.580  1923  1923 D UiccController: Creating UiccController
02-20 19:49:07.581  1376  1454 D RIL     : onRequest: CDMA_SET_SUBSCRIPTION_SOURCE
02-20 19:49:07.583  1923  2029 D RILJ    : setCellInfoListRate: 2147483647 [SUB0]
02-20 19:49:07.583  1923  2029 D RILJ    : [3651]> RIL_REQUEST_SET_CELL_INFO_LIST_RATE [SUB0]
02-20 19:49:07.586  1376  1454 D RIL     : onRequest: SET_UNSOL_CELL_INFO_LIST_RATE
02-20 19:49:07.589  1923  2029 D RILJ    : [UNSL]< UNSOL_RESPONSE_RADIO_STATE_CHANGED RADIO_OFF [SUB0]
02-20 19:49:07.589  1923  2029 D RILJ    : [3652]> SCREEN_STATE: true [SUB0]
02-20 19:49:07.595  1376  1454 D RIL     : onRequest: SCREEN_STATE
02-20 19:49:07.595  1923  2029 D RILJ    : [UNSL]< UNSOL_NITZ_TIME_RECEIVED 18/02/20:19:49:00+0:0:Unknown!Unknown [SUB0]
02-20 19:49:07.598  1923  2029 D RILJ    : [3649]< RADIO_POWER  [SUB0]
02-20 19:49:07.598  1923  2029 D RilRequest: [3650]< RIL_REQUEST_CDMA_SET_SUBSCRIPTION_SOURCE error: com.android.internal.telephony.CommandException: RADIO_NOT_AVAILABLE ret=
02-20 19:49:07.598  1923  2029 D RilRequest: [3651]< RIL_REQUEST_SET_CELL_INFO_LIST_RATE error: com.android.internal.telephony.CommandException: RADIO_NOT_AVAILABLE ret=
02-20 19:49:07.598  1923  2029 D RilRequest: [3652]< SCREEN_STATE error: com.android.internal.telephony.CommandException: RADIO_NOT_AVAILABLE ret=
02-20 19:49:07.599  1923  1923 D TelephonyTester: register for intent action=com.android.internal.telephony.action_detached
02-20 19:49:07.599  1923  1923 D TelephonyTester: register for intent action=com.android.internal.telephony.action_attached
02-20 19:49:07.619  1374  1898 I MediaPlayerService: MediaPlayerService::getOMX
02-20 19:49:07.620  1923  1923 D Phone   : mDoesRilSendMultipleCallRing=true
02-20 19:49:07.620  1923  1923 D Phone   : mCallRingDelay=3000
02-20 19:49:07.639  1923  1923 D RILJ    : [3653]> RIL_REQUEST_START_LCE [SUB0]
02-20 19:49:07.620  1666  2033 I OMXClient: MuxOMX ctor
02-20 19:49:07.640  1376  1454 D RIL     : onRequest: <unknown request>
