02-20 19:49:10.176  1376  1456 D AT      : AT< OK
02-20 19:49:10.176  1923  2029 D RILJ    : [3731]< RIL_REQUEST_SIM_CLOSE_CHANNEL  [SUB0]
02-20 19:49:10.186  1923  1923 D SIMRecords: [SIMRecords] onRecordLoaded 15 requested: true
02-20 19:49:10.186  1923  1923 D RILJ    : [3732]> iccIO: SIM_IO 0xc0 0x6f14  path: 3F007F20,0,0,15 aid: null [SUB0]
02-20 19:49:10.186  1923  1923 D SIMRecords: [SIMRecords] onRecordLoaded 15 requested: true
02-20 19:49:10.186  1923  1923 D SIMRecords: [SIMRecords] onRecordLoaded 14 requested: true
02-20 19:49:10.186  1923  1923 E SIMRecords: [SIMRecords] Exception in fetching EF_CSP data com.android.internal.telephony.CommandException: GENERIC_FAILURE
02-20 19:49:10.186  1923  1923 D SIMRecords: [SIMRecords] onRecordLoaded 13 requested: true
02-20 19:49:10.186  1923  1923 E SIMRecords: [SIMRecords] Exception in get GID1 com.android.internal.telephony.CommandException: GENERIC_FAILURE
02-20 19:49:10.186  1923  1923 D SIMRecords: [SIMRecords] onRecordLoaded 12 requested: true
02-20 19:49:10.186  1923  1923 E SIMRecords: [SIMRecords] Exception in get GID2 com.android.internal.telephony.CommandException: GENERIC_FAILURE
02-20 19:49:10.186  1923  1923 D SIMRecords: [SIMRecords] onRecordLoaded 11 requested: true
02-20 19:49:10.186  1923  1923 D RuimRecords: [RuimRecords] EF_PL LOADED
02-20 19:49:10.186  1923  1923 E RuimRecords: [RuimRecords] Record Load Exception: com.android.internal.telephony.CommandException: GENERIC_FAILURE
02-20 19:49:10.186  1923  1923 D RuimRecords: [RuimRecords] onRecordLoaded 8 requested: true
02-20 19:49:10.186  1923  1923 D RuimRecords: [RuimRecords] EF_CSIM_LI LOADED
02-20 19:49:10.186  1923  1923 E RuimRecords: [RuimRecords] Record Load Exception: com.android.internal.telephony.CommandException: GENERIC_FAILURE
02-20 19:49:10.186  1923  1923 D RuimRecords: [RuimRecords] onRecordLoaded 7 requested: true
02-20 19:49:10.186  1923  1923 D RuimRecords: [RuimRecords] EF_CSIM_SPN LOADED
02-20 19:49:10.186  1923  1923 E RuimRecords: [RuimRecords] Record Load Exception: com.android.internal.telephony.CommandException: GENERIC_FAILURE
02-20 19:49:10.186  1923  1923 D RuimRecords: [RuimRecords] onRecordLoaded 6 requested: true
02-20 19:49:10.186  1923  1923 D RuimRecords: [RuimRecords] EF_CSIM_MDN LOADED
02-20 19:49:10.186  1923  1923 E RuimRecords: [RuimRecords] Record Load Exception: com.android.internal.telephony.CommandException: GENERIC_FAILURE
02-20 19:49:10.186  1923  1923 D RuimRecords: [RuimRecords] onRecordLoaded 5 requested: true
02-20 19:49:10.186  1923  1923 D RuimRecords: [RuimRecords] EF_CSIM_IMSIM LOADED
02-20 19:49:10.186  1923  1923 E RuimRecords: [RuimRecords] Record Load Exception: com.android.internal.telephony.CommandException: GENERIC_FAILURE
02-20 19:49:10.187  1923  1923 D RuimRecords: [RuimRecords] onRecordLoaded 4 requested: true
02-20 19:49:10.187  1376  1454 D RIL     : onRequest: SIM_IO
02-20 19:49:10.187  1376  1454 D AT      : AT> AT+CRSM=192,28436,0,0,15
02-20 19:49:10.187  1376  1456 D AT      : AT< +CRSM: 144,0,000000146f1404001aa0aa01020000
02-20 19:49:10.187  1376  1456 D AT      : AT< OK
02-20 19:49:10.187  1923  2029 D RILJ    : [3732]< SIM_IO IccIoResponse sw1:0x90 sw2:0x0 [SUB0]
02-20 19:49:10.195  1923  1923 D RuimRecords: [RuimRecords] EF_CSIM_CDMAHOME LOADED
02-20 19:49:10.195  1923  1923 E RuimRecords: [RuimRecords] Record Load Exception: com.android.internal.telephony.CommandException: GENERIC_FAILURE
02-20 19:49:10.195  1923  1923 D RuimRecords: [RuimRecords] onRecordLoaded 3 requested: true
02-20 19:49:10.195  1923  1923 D RuimRecords: [RuimRecords] EF_CSIM_EPRL LOADED
02-20 19:49:10.195  1923  1923 E RuimRecords: [RuimRecords] Record Load Exception: com.android.internal.telephony.CommandException: GENERIC_FAILURE
02-20 19:49:10.195  1923  1923 D RuimRecords: [RuimRecords] onRecordLoaded 2 requested: true
02-20 19:49:10.195  1923  1923 D RuimRecords: [RuimRecords] EF_CSIM_MIPUPP LOADED
02-20 19:49:10.195  1923  1923 E RuimRecords: [RuimRecords] Record Load Exception: com.android.internal.telephony.CommandException: GENERIC_FAILURE
02-20 19:49:10.195  1923  1923 D RuimRecords: [RuimRecords] onRecordLoaded 1 requested: true
02-20 19:49:10.195  1923  1923 D SIMRecords: [SIMRecords] iccid: 89014103211118510720
02-20 19:49:10.195  1923  1923 D SIMRecords: [SIMRecords] onRecordLoaded 10 requested: true
02-20 19:49:10.198  1923  1923 D SIMRecords: [SIMRecords] EF_MBI: 01000000
02-20 19:49:10.198  1923  1923 D SIMRecords: [SIMRecords] Got valid mailbox number for MBDN
02-20 19:49:10.198  1923  1923 D RILJ    : [3733]> iccIO: SIM_IO 0xc0 0x6fc7  path: 3F007F20,0,0,15 aid: null [SUB0]
02-20 19:49:10.199  1376  1454 D RIL     : onRequest: SIM_IO
02-20 19:49:10.199  1376  1454 D AT      : AT> AT+CRSM=192,28615,0,0,15
02-20 19:49:10.199  1923  1923 D SIMRecords: [SIMRecords] onRecordLoaded 10 requested: true
02-20 19:49:10.199  1923  1923 D SIMRecords: [SIMRecords] EF_AD: 00000003
02-20 19:49:10.199  1923  1923 D SIMRecords: [SIMRecords] setting4 mMncLength=3
02-20 19:49:10.199  1923  1923 D SIMRecords: [SIMRecords] update mccmnc=310260
02-20 19:49:10.199  1923  1923 D MccTable: updateMccMncConfiguration mccmnc='310260' fromServiceState=false
02-20 19:49:10.200  1376  1456 D AT      : AT< +CRSM: 144,0,000000406fc7040011a0aa01020120
02-20 19:49:10.200  1376  1456 D AT      : AT< OK
02-20 19:49:10.200  1923  2029 D RILJ    : [3733]< SIM_IO IccIoResponse sw1:0x90 sw2:0x0 [SUB0]
02-20 19:49:10.201  1923  1923 D SubscriptionController: [getPhoneId]- no sims, returning default phoneId=2147483647
02-20 19:49:10.202  1764  1764 E BluetoothAdapter: Bluetooth binder is null
02-20 19:49:10.204  1365  1809 I art     : Starting a blocking GC HeapTrim
02-20 19:49:10.207  1666  1693 I am_proc_start: [0,2132,10029,com.google.android.googlequicksearchbox:interactor,service,com.google.android.googlequicksearchbox/com.google.android.voiceinteraction.GsaVoiceInteractionService]
02-20 19:49:10.207  1666  1693 I ActivityManager: Start proc 2132:com.google.android.googlequicksearchbox:interactor/u0a29 for service com.google.android.googlequicksearchbox/com.google.android.voiceinteraction.GsaVoiceInteractionService
02-20 19:49:10.207  1666  1693 I ActivityManager: Loading recents for user 0 into memory.
02-20 19:49:10.208  1923  1923 D MccTable: updateMccMncConfiguration defaultMccMnc=
02-20 19:49:10.208  1923  1923 D MccTable: updateMccMncConfiguration: mcc=310, mnc=260
02-20 19:49:10.208  1923  1923 D MccTable: updateMccMncConfiguration updateConfig config={1.0 310mcc260mnc ?localeList ?layoutDir ?swdp ?wdp ?hdp ?density ?lsize ?long ?orien ?uimode ?night ?touch ?keyb/?/? ?nav/?}
02-20 19:49:10.212  1666  1693 D ActivityManager: Sending BOOT_COMPLETE user #0
02-20 19:49:10.212  1666  1693 I sysui_histogram: [framework_boot_completed,14]
02-20 19:49:10.212  1666  1787 I configuration_changed: 3
02-20 19:49:10.212  1666  1787 I ActivityManager: Config changes=3 {1.0 310mcc260mnc [en_US] ldltr sw360dp w360dp h668dp 640dpi nrml long port finger -keyb/v/h -nav/h s.5}
02-20 19:49:10.218  1666  1787 I am_relaunch_resume_activity: [0,75305303,1,com.android.settings/.FallbackHome]
02-20 19:49:10.218  1923  1923 D SIMRecords: [SIMRecords] onRecordLoaded 9 requested: true
02-20 19:49:10.218  1923  1923 D SIMRecords: [SIMRecords] EF_MWIS : 0000000000
02-20 19:49:10.219  1923  1923 D SIMRecords: [SIMRecords] onRecordLoaded 8 requested: true
02-20 19:49:10.219  1937  1937 I am_on_paused_called: [0,com.android.settings.FallbackHome,handleRelaunchActivity]
02-20 19:49:10.219  1923  1923 D SIMRecords: [SIMRecords] EF_CPHS_MWI: 55
02-20 19:49:10.219  1923  1923 D SIMRecords: [SIMRecords] onRecordLoaded 7 requested: true
02-20 19:49:10.219  1923  1923 D SIMRecords: [SIMRecords] EF_CFF_CPHS: 55
02-20 19:49:10.219  1923  1923 D SIMRecords: [SIMRecords] onRecordLoaded 6 requested: true
02-20 19:49:10.219  1923  1923 D SIMRecords: [SIMRecords] onRecordLoaded 5 requested: true
02-20 19:49:10.219  1937  1990 D EGL_emulation: eglMakeCurrent: 0x785642def960: ver 3 0 (tinfo 0x78564d21f020)
02-20 19:49:10.219  1923  1923 D SIMRecords: [SIMRecords] SST: UsimServiceTable[120]={ PHONEBOOK, FDN, FDN_EXTENSION, SDN, SDN_EXTENSION, BDN, BDN_EXTENSION, OUTGOING_CALL_INFO, ADVICE_OF_CHARGE, CAP_CONFIG_PARAMS_2, GROUP_ID_LEVEL_1, GROUP_ID_LEVEL_2, SPN, USER_PLMN_SELECT, MSISDN, IMAGE, LOCALISED_SERVICE_AREAS, EMLPP, EMLPP_AUTO_ANSWER, RFU, GSM_ACCESS, DATA_DL_VIA_SMS_PP, DATA_DL_VIA_SMS_CB, CALL_CONTROL_BY_USIM, MO_SMS_CONTROL_BY_USIM, RUN_AT_COMMAND, APN_CONTROL_LIST, DEPERSONALISATION_CONTROL_KEYS, COOPERATIVE_NETWORK_LIST, GSM_SECURITY_CONTEXT, SERVICE_PROVIDER_DISPLAY_INFO, MMS_NOTIFICATION, MMS_NOTIFICATION_EXTENSION, GPRS_CALL_CONTROL_BY_USIM, VGCS_GROUP_ID_LIST, VBS_GROUP_ID_LIST, OMA_BCAST_PROFILE, GBA_LOCAL_KEY_ESTABLISHMENT, #101, #102, #103, #104, #105, #106, #107, #108, #109, #110 }
02-20 19:49:10.219  1923  1923 D SIMRecords: [SIMRecords] onRecordLoaded 4 requested: true
02-20 19:49:10.219  1923  1923 D SIMRecords: [SIMRecords] iCPHS: 0233
02-20 19:49:10.219  1923  1923 D SIMRecords: [SIMRecords] onRecordLoaded 3 requested: true
02-20 19:49:10.219  1923  1923 D RuimRecords: [RuimRecords] iccid: 89014103211118510720
02-20 19:49:10.219  1923  1923 D RuimRecords: [RuimRecords] onRecordLoaded 0 requested: true
02-20 19:49:10.219  1923  1923 D RuimRecords: [RuimRecords] record load complete
02-20 19:49:10.220  1937  1937 I am_on_stop_called: [0,com.android.settings.FallbackHome,destroy]
02-20 19:49:10.220  1923  1923 D RILJ    : [3734]> iccIO: SIM_IO 0xb0 0x6f14  path: 3F007F20,0,0,20 aid: null [SUB0]
02-20 19:49:10.220  1923  1923 D SIMRecords: [SIMRecords] MSISDN: [t-WgLegCyIMgfHgPkOdM6pkZbpA]
02-20 19:49:10.220  1923  1923 D SIMRecords: [SIMRecords] onRecordLoaded 2 requested: true
02-20 19:49:10.220  1923  1923 D RILJ    : [3735]> iccIO: SIM_IO 0xb2 0x6fc7  path: 3F007F20,1,4,32 aid: null [SUB0]
02-20 19:49:10.220  1376  1454 D RIL     : onRequest: SIM_IO
02-20 19:49:10.220  1376  1454 D AT      : AT> AT+CRSM=176,28436,0,0,20
02-20 19:49:10.220  1376  1456 D AT      : AT< +CRSM: 144,0,416e64726f6964ffffffffffffffffffffffffff
02-20 19:49:10.220  1376  1456 D AT      : AT< OK
02-20 19:49:10.221  1923  2029 D RILJ    : [3734]< SIM_IO IccIoResponse sw1:0x90 sw2:0x0 [SUB0]
02-20 19:49:10.224  1376  1454 D RIL     : onRequest: SIM_IO
02-20 19:49:10.224  1376  1454 D AT      : AT> AT+CRSM=178,28615,1,4,32
02-20 19:49:10.225  1376  1456 D AT      : AT< +CRSM: 144,0,566f6963656d61696cffffffffffffffffff07915155125740f9ffffffffffff
02-20 19:49:10.225  1376  1456 D AT      : AT< OK
02-20 19:49:10.225  1923  2029 D RILJ    : [3735]< SIM_IO IccIoResponse sw1:0x90 sw2:0x0 [SUB0]
02-20 19:49:10.226  1666  1694 W WindowManager: Keyguard drawn timeout. Setting mKeyguardDrawComplete
02-20 19:49:10.227  1923  1923 D SubscriptionInfoUpdater: [Receiver]+
02-20 19:49:10.227  1923  1923 D SubscriptionInfoUpdater: Action: android.intent.action.SIM_STATE_CHANGED
02-20 19:49:10.227  1923  1923 D SubscriptionInfoUpdater: slotId: 0
02-20 19:49:10.227  1923  1923 D SubscriptionInfoUpdater: simStatus: READY
02-20 19:49:10.227  1923  1923 D SubscriptionInfoUpdater: Ignoring simStatus: READY
02-20 19:49:10.227  1923  1923 D SubscriptionInfoUpdater: [Receiver]-
02-20 19:49:10.227  1923  1923 D SubscriptionInfoUpdater: [Receiver]+
02-20 19:49:10.227  1923  1923 D SubscriptionInfoUpdater: Action: android.intent.action.SIM_STATE_CHANGED
02-20 19:49:10.227  1923  1923 D SubscriptionInfoUpdater: slotId: 0
02-20 19:49:10.227  1923  1923 D SubscriptionInfoUpdater: simStatus: IMSI
02-20 19:49:10.227  1923  1923 D SubscriptionInfoUpdater: Ignoring simStatus: IMSI
02-20 19:49:10.227  1923  1923 D SubscriptionInfoUpdater: [Receiver]-
02-20 19:49:10.227  1923  1923 D WAP PUSH: Received broadcast android.intent.action.USER_UNLOCKED
02-20 19:49:10.234  1923  1923 D WAP PUSH: Received broadcast android.intent.action.USER_UNLOCKED
02-20 19:49:10.234  1923  1923 D SmsBroadcastUndelivered: Received broadcast android.intent.action.USER_UNLOCKED
02-20 19:49:10.235  1923  1923 D SubscriptionInfoUpdater: [Receiver]+
02-20 19:49:10.235  1923  1923 D SubscriptionInfoUpdater: Action: android.intent.action.USER_UNLOCKED
02-20 19:49:10.235  1923  1923 D SubscriptionInfoUpdater: Broadcasting intent ACTION_SIM_STATE_CHANGED for mCardIndex: 0
02-20 19:49:10.245  1937  1937 D FallbackHome: User unlocked and real home found; let's go!
02-20 19:49:10.246  1764  1764 I CameraManagerGlobal: Connecting to camera service
02-20 19:49:10.246  1666  1789 I am_finish_activity: [0,75305303,1,com.android.settings/.FallbackHome,app-request]
02-20 19:49:10.247  1923  1923 D SubscriptionInfoUpdater: [Receiver]-
02-20 19:49:10.247  1923  1923 D CarrierSvcBindHelper: Received android.intent.action.USER_UNLOCKED
02-20 19:49:10.249  1367  1367 V EmulatedCamera_Camera: getCameraInfo
02-20 19:49:10.249  1367  1367 V EmulatedCamera_BaseCamera: getCameraInfo
02-20 19:49:10.249  1367  1367 I CameraService: getCameraCharacteristics: Switching to HAL1 shim implementation...
02-20 19:49:10.249  1367  1367 V EmulatedCamera_Camera: getCameraInfo
02-20 19:49:10.249  1367  1367 V EmulatedCamera_BaseCamera: getCameraInfo
02-20 19:49:10.249  1367  1367 I CameraService: CameraService::connect call (PID -1 "cameraserver", camera ID 0) for HAL version default and Camera API version 1
02-20 19:49:10.249  1367  1367 E CameraService: getCameraPriorityFromProcState: Received invalid process state -1 from ActivityManagerService!
02-20 19:49:10.249  1367  1367 V EmulatedCamera_Camera: getCameraInfo
02-20 19:49:10.249  1367  1367 V EmulatedCamera_BaseCamera: getCameraInfo
02-20 19:49:10.264  1923  2150 D SmsBroadcastUndelivered: scanning raw table for undelivered messages
02-20 19:49:10.270  1923  1923 D CarrierSvcBindHelper: No carrier app for: 0
02-20 19:49:10.270  1923  1923 D SIMRecords: [SIMRecords] getServiceProviderName: no brandOverride, providerName=Android
02-20 19:49:10.270  1923  1923 D SIMRecords: [SIMRecords] Load EF_SPN_CPHS: Android
02-20 19:49:10.270  1923  1923 D TelephonyManager: setTelephonyProperty: success phoneId=0 property=gsm.sim.operator.alpha value: Android propVal=Android
02-20 19:49:10.271  1923  1923 D SIMRecords: [SIMRecords] onRecordLoaded 1 requested: true
02-20 19:49:10.271  1923  1923 D SubscriptionInfoUpdater: [Receiver]+
02-20 19:49:10.271  1923  1923 D SubscriptionInfoUpdater: Action: android.intent.action.SIM_STATE_CHANGED
02-20 19:49:10.271  1923  1923 D SubscriptionInfoUpdater: slotId: 0
02-20 19:49:10.271  1923  1923 D SubscriptionInfoUpdater: simStatus: IMSI
02-20 19:49:10.271  1923  1923 D SubscriptionInfoUpdater: Ignoring simStatus: IMSI
02-20 19:49:10.271  1923  1923 D SubscriptionInfoUpdater: [Receiver]-
02-20 19:49:10.272  1666  1666 I AccountManagerService: User 0 is unlocked - opening CE database
02-20 19:49:10.274  1923  1923 D SIMRecords: [SIMRecords] VM: ADN Record 'Voicemail' '[-MWU1cAlDrkXUZ8dpHi_wU_YOpU] null' EF[MBDN]
02-20 19:49:10.274  1923  1923 D SIMRecords: [SIMRecords] onRecordLoaded 0 requested: true
02-20 19:49:10.274  1923  1923 D SIMRecords: [SIMRecords] record load complete
02-20 19:49:10.274  1923  1923 D SIMRecords: [SIMRecords] Not using EF LI/EF PL
02-20 19:49:10.274  1923  1923 D SIMRecords: [SIMRecords] EF_CFF: callForwardingEnabled=0
02-20 19:49:10.274  1923  1923 D SIMRecords: [SIMRecords] onAllRecordsLoaded set 'gsm.sim.operator.numeric' to operator='310260'
02-20 19:49:10.274  1923  1923 D SIMRecords: [SIMRecords] update icc_operator_numeric=310260
02-20 19:49:10.274  1923  1923 D TelephonyManager: setTelephonyProperty: success phoneId=0 property=gsm.sim.operator.numeric value: 310260 propVal=310260
02-20 19:49:10.275  1923  1923 D SubscriptionController: [setMccMnc]+ mcc/mnc:310/260 subId:-1
02-20 19:49:10.280  1923  1923 D SubscriptionController: notifySubscriptionInfoChanged:
02-20 19:49:10.281  1923  2148 E WAP PUSH: bindService() for wappush manager failed
02-20 19:49:10.281  1923  2149 E WAP PUSH: bindService() for wappush manager failed
02-20 19:49:10.284  1374  2153 E WVMExtractor: Failed to open libwvm.so: dlopen failed: library "libwvm.so" not found
02-20 19:49:10.288  1666  1789 I am_pause_activity: [0,75305303,com.android.settings/.FallbackHome]
02-20 19:49:10.297  2132  2132 W art     : Unexpected CPU variant for X86 using defaults: x86
02-20 19:49:10.298  1374  2152 D NuPlayerDriver: notifyListener_l(0xee692480), (1, 0, 0), loop setting(0, 0)
02-20 19:49:10.310  1923  1923 D SIMRecords: [SIMRecords] onAllRecordsLoaded set mcc imsi
02-20 19:49:10.310  1923  1923 D TelephonyManager: setTelephonyProperty: success phoneId=0 property=gsm.sim.operator.iso-country value: us propVal=us
02-20 19:49:10.312  1923  2150 D SmsBroadcastUndelivered: finished scanning raw table in 48 ms
02-20 19:49:10.315  2109  2109 W System  : ClassLoader referenced unknown path: /system/priv-app/PrebuiltGmsCore/lib/x86_64
02-20 19:49:10.316  1374  2155 D NuPlayerDriver: notifyListener_l(0xee692540), (1, 0, 0), loop setting(0, 0)
02-20 19:49:10.334  1374  2159 D NuPlayerDriver: notifyListener_l(0xee6925a0), (1, 0, 0), loop setting(0, 0)
02-20 19:49:10.338  1367  1367 I CameraFlashlight: Opening camera 0
02-20 19:49:10.338  1367  1367 V EmulatedCamera_Camera: getCameraInfo
02-20 19:49:10.338  1367  1367 V EmulatedCamera_BaseCamera: getCameraInfo
02-20 19:49:10.338  1367  1367 V EmulatedCamera_Camera: connectCamera
02-20 19:49:10.338  1367  1367 V EmulatedCamera_FakeDevice: connectDevice
02-20 19:49:10.338  1367  1367 V EmulatedCamera_CallbackNotifier: setCallbacks: 0xf2e93e80, 0xf2e93ed0, 0xf2e93ff0, 0xf2e94110 (0xf2c43320)
02-20 19:49:10.338  1367  1367 V EmulatedCamera_CallbackNotifier: enableMessage: msg_type = 0xc0d
02-20 19:49:10.338  1367  1367 V EmulatedCamera_CallbackNotifier:     CAMERA_MSG_ERROR
02-20 19:49:10.338  1367  1367 V EmulatedCamera_CallbackNotifier:     CAMERA_MSG_FOCUS
02-20 19:49:10.338  1367  1367 V EmulatedCamera_CallbackNotifier:     CAMERA_MSG_ZOOM
02-20 19:49:10.338  1367  1367 V EmulatedCamera_CallbackNotifier:     CAMERA_MSG_PREVIEW_METADATA
02-20 19:49:10.338  1367  1367 V EmulatedCamera_CallbackNotifier: **** Currently enabled messages:
02-20 19:49:10.338  1367  1367 V EmulatedCamera_CallbackNotifier:     CAMERA_MSG_ERROR
02-20 19:49:10.338  1367  1367 V EmulatedCamera_CallbackNotifier:     CAMERA_MSG_FOCUS
02-20 19:49:10.338  1367  1367 V EmulatedCamera_CallbackNotifier:     CAMERA_MSG_ZOOM
02-20 19:49:10.338  1367  1367 V EmulatedCamera_CallbackNotifier:     CAMERA_MSG_PREVIEW_METADATA
02-20 19:49:10.338  1367  1367 V EmulatedCamera_CallbackNotifier: disableMessage: msg_type = 0xffff
02-20 19:49:10.338  1367  1367 V EmulatedCamera_CallbackNotifier:     CAMERA_MSG_ERROR
02-20 19:49:10.338  1367  1367 V EmulatedCamera_CallbackNotifier:     CAMERA_MSG_SHUTTER
02-20 19:49:10.338  1367  1367 V EmulatedCamera_CallbackNotifier:     CAMERA_MSG_FOCUS
02-20 19:49:10.338  1367  1367 V EmulatedCamera_CallbackNotifier:     CAMERA_MSG_ZOOM
02-20 19:49:10.338  1367  1367 V EmulatedCamera_CallbackNotifier:     CAMERA_MSG_PREVIEW_FRAME
02-20 19:49:10.338  1367  1367 V EmulatedCamera_CallbackNotifier:     CAMERA_MSG_VIDEO_FRAME
02-20 19:49:10.338  1367  1367 V EmulatedCamera_CallbackNotifier:     CAMERA_MSG_POSTVIEW_FRAME
02-20 19:49:10.338  1367  1367 V EmulatedCamera_CallbackNotifier:     CAMERA_MSG_RAW_IMAGE
02-20 19:49:10.338  1367  1367 V EmulatedCamera_CallbackNotifier:     CAMERA_MSG_COMPRESSED_IMAGE
02-20 19:49:10.338  1367  1367 V EmulatedCamera_CallbackNotifier:     CAMERA_MSG_RAW_IMAGE_NOTIFY
02-20 19:49:10.338  1367  1367 V EmulatedCamera_CallbackNotifier:     CAMERA_MSG_PREVIEW_METADATA
02-20 19:49:10.338  1367  1367 V EmulatedCamera_CallbackNotifier: **** Currently enabled messages:
02-20 19:49:10.338  1367  1367 V EmulatedCamera_Preview: setPreviewWindow: current: 0x0 -> new: 0x0
02-20 19:49:10.338  1367  1367 V EmulatedCamera_Camera: doStopPreview
02-20 19:49:10.339  1367  1367 V EmulatedCamera_Camera: cancelPicture
02-20 19:49:10.339  1367  1367 V EmulatedCamera_Camera: releaseCamera
02-20 19:49:10.339  1367  1367 V EmulatedCamera_Camera: doStopPreview
02-20 19:49:10.339  1367  1367 V EmulatedCamera_FakeDevice: disconnectDevice
02-20 19:49:10.339  1367  1367 W EmulatedCamera_Device: Initialize: Emulated camera device is already initialized: mState = 1
02-20 19:49:10.339  1367  1367 D EmulatedCamera_FakeCamera: Initialize: Fake camera is facing back
02-20 19:49:10.339  1367  1367 V EmulatedCamera_Device: initializeWhiteBalanceModes with auto, 1.000000, 1.000000
02-20 19:49:10.339  1367  1367 V EmulatedCamera_Device: initializeWhiteBalanceModes with incandescent, 1.380000, 0.600000
02-20 19:49:10.339  1367  1367 V EmulatedCamera_Device: initializeWhiteBalanceModes with daylight, 1.090000, 0.920000
02-20 19:49:10.339  1367  1367 V EmulatedCamera_Device: initializeWhiteBalanceModes with twilight, 0.920000, 1.220000
02-20 19:49:10.339  1367  1367 V EmulatedCamera_Device: setWhiteBalanceMode with white balance auto
02-20 19:49:10.339  1367  1367 I CameraFlashlight: Destroying camera 0
02-20 19:49:10.339  1367  1367 V EmulatedCamera_Camera: closeCamera
02-20 19:49:10.339  1367  1367 V EmulatedCamera_Camera: doStopPreview
02-20 19:49:10.339  1367  1367 W EmulatedCamera_Device: Initialize: Emulated camera device is already initialized: mState = 1
02-20 19:49:10.339  1367  1367 D EmulatedCamera_FakeCamera: Initialize: Fake camera is facing back
02-20 19:49:10.339  1367  1367 V EmulatedCamera_Device: initializeWhiteBalanceModes with auto, 1.000000, 1.000000
02-20 19:49:10.339  1367  1367 V EmulatedCamera_Device: initializeWhiteBalanceModes with incandescent, 1.380000, 0.600000
02-20 19:49:10.339  1367  1367 V EmulatedCamera_Device: initializeWhiteBalanceModes with daylight, 1.090000, 0.920000
02-20 19:49:10.339  1367  1367 V EmulatedCamera_Device: initializeWhiteBalanceModes with twilight, 0.920000, 1.220000
02-20 19:49:10.339  1367  1367 V EmulatedCamera_Device: setWhiteBalanceMode with white balance auto
02-20 19:49:10.340  1367  1367 I CameraService: disconnect: Disconnected client for camera 0 for PID 1367
02-20 19:49:10.340  1374  1832 D NuPlayerDriver: reset(0xee692480) at state 4
02-20 19:49:10.340  1374  1832 D NuPlayerDriver: notifyListener_l(0xee692480), (8, 0, 0), loop setting(0, 0)
02-20 19:49:10.340  1374  2152 D NuPlayerDriver: notifyResetComplete(0xee692480)
02-20 19:49:10.341  1374  1898 D NuPlayerDriver: reset(0xee692540) at state 4
02-20 19:49:10.341  1374  1898 D NuPlayerDriver: notifyListener_l(0xee692540), (8, 0, 0), loop setting(0, 0)
02-20 19:49:10.341  1374  2155 D NuPlayerDriver: notifyResetComplete(0xee692540)
02-20 19:49:10.341  1374  1374 D NuPlayerDriver: reset(0xee6925a0) at state 4
02-20 19:49:10.341  1374  1374 D NuPlayerDriver: notifyListener_l(0xee6925a0), (8, 0, 0), loop setting(0, 0)
02-20 19:49:10.341  1374  2159 D NuPlayerDriver: notifyResetComplete(0xee6925a0)
02-20 19:49:10.342  1367  2151 V EmulatedCamera_Camera: getCameraInfo
02-20 19:49:10.342  1367  2151 V EmulatedCamera_BaseCamera: getCameraInfo
02-20 19:49:10.342  1367  1711 V EmulatedCamera_Camera: getCameraInfo
02-20 19:49:10.342  1367  1711 V EmulatedCamera_BaseCamera: getCameraInfo
02-20 19:49:10.358  1666  1690 I ActivityManager: START u0 {act=android.intent.action.MAIN cat=[android.intent.category.HOME] flg=0x10000100 cmp=com.google.android.apps.nexuslauncher/.NexusLauncherActivity} from uid 0 on display 0
02-20 19:49:10.360  1666  1690 I am_create_task: [0,71]
02-20 19:49:10.360  1666  1690 I am_create_activity: [0,231036721,71,com.google.android.apps.nexuslauncher/.NexusLauncherActivity,android.intent.action.MAIN,NULL,NULL,268435712]
02-20 19:49:10.361  1666  1690 I wm_task_created: [71,0]
02-20 19:49:10.361  1666  1690 I wm_task_moved: [71,1,1]
02-20 19:49:10.388  1923  1935 D DCT     : [0]hasMatchedTetherApnSetting: APN=null
02-20 19:49:10.384  1764  1764 I StatusBar: isKeyguardShowing() called before startKeyguard(), returning true
02-20 19:49:10.389  1764  1764 W StatusBar: isKeyguardSecure() called before startKeyguard(), returning false
02-20 19:49:10.389  1764  1764 W StatusBar: java.lang.Throwable
02-20 19:49:10.389  1764  1764 W StatusBar: 	at com.android.systemui.statusbar.BaseStatusBar.isKeyguardSecure(BaseStatusBar.java:2647)
02-20 19:49:10.389  1764  1764 W StatusBar: 	at com.android.systemui.statusbar.BaseStatusBar.isCameraAllowedByAdmin(BaseStatusBar.java:2670)
02-20 19:49:10.389  1764  1764 W StatusBar: 	at com.android.systemui.statusbar.phone.KeyguardBottomAreaView.updateCameraVisibility(KeyguardBottomAreaView.java:309)
02-20 19:49:10.389  1764  1764 W StatusBar: 	at com.android.systemui.statusbar.phone.KeyguardBottomAreaView.setPhoneStatusBar(KeyguardBottomAreaView.java:272)
02-20 19:49:10.389  1764  1764 W StatusBar: 	at com.android.systemui.statusbar.phone.PhoneStatusBar.makeStatusBarView(PhoneStatusBar.java:904)
02-20 19:49:10.389  1764  1764 W StatusBar: 	at com.android.systemui.statusbar.phone.PhoneStatusBar.addStatusBarWindow(PhoneStatusBar.java:3432)
02-20 19:49:10.389  1764  1764 W StatusBar: 	at com.android.systemui.statusbar.phone.PhoneStatusBar.createAndAddWindows(PhoneStatusBar.java:3428)
02-20 19:49:10.389  1764  1764 W StatusBar: 	at com.android.systemui.statusbar.BaseStatusBar.start(BaseStatusBar.java:765)
02-20 19:49:10.389  1764  1764 W StatusBar: 	at com.android.systemui.statusbar.phone.PhoneStatusBar.start(PhoneStatusBar.java:686)
02-20 19:49:10.389  1764  1764 W StatusBar: 	at com.android.systemui.statusbar.SystemBars.createStatusBarFromConfig(SystemBars.java:106)
02-20 19:49:10.389  1764  1764 W StatusBar: 	at com.android.systemui.statusbar.SystemBars.onNoService(SystemBars.java:58)
02-20 19:49:10.389  1764  1764 W StatusBar: 	at com.android.systemui.statusbar.ServiceMonitor.startService(ServiceMonitor.java:230)
02-20 19:49:10.389  1764  1764 W StatusBar: 	at com.android.systemui.statusbar.ServiceMonitor.-wrap5(ServiceMonitor.java)
02-20 19:49:10.389  1764  1764 W StatusBar: 	at com.android.systemui.statusbar.ServiceMonitor$1.handleMessage(ServiceMonitor.java:73)
02-20 19:49:10.389  1764  1764 W StatusBar: 	at android.os.Handler.dispatchMessage(Handler.java:102)
02-20 19:49:10.389  1764  1764 W StatusBar: 	at android.os.Looper.loop(Looper.java:154)
02-20 19:49:10.389  1764  1764 W StatusBar: 	at android.app.ActivityThread.main(ActivityThread.java:6119)
02-20 19:49:10.389  1764  1764 W StatusBar: 	at java.lang.reflect.Method.invoke(Native Method)
02-20 19:49:10.389  1764  1764 W StatusBar: 	at com.android.internal.os.ZygoteInit$MethodAndArgsCaller.run(ZygoteInit.java:886)
02-20 19:49:10.389  1764  1764 W StatusBar: 	at com.android.internal.os.ZygoteInit.main(ZygoteInit.java:776)
02-20 19:49:10.392  1764  1764 I StatusBar: isKeyguardShowing() called before startKeyguard(), returning true
02-20 19:49:10.393  1764  1764 W StatusBar: isKeyguardSecure() called before startKeyguard(), returning false
02-20 19:49:10.393  1764  1764 W StatusBar: java.lang.Throwable
02-20 19:49:10.393  1764  1764 W StatusBar: 	at com.android.systemui.statusbar.BaseStatusBar.isKeyguardSecure(BaseStatusBar.java:2647)
02-20 19:49:10.393  1764  1764 W StatusBar: 	at com.android.systemui.statusbar.BaseStatusBar.isCameraAllowedByAdmin(BaseStatusBar.java:2670)
02-20 19:49:10.393  1764  1764 W StatusBar: 	at com.android.systemui.statusbar.phone.KeyguardBottomAreaView.updateCameraVisibility(KeyguardBottomAreaView.java:309)
02-20 19:49:10.393  1764  1764 W StatusBar: 	at com.android.systemui.statusbar.phone.KeyguardBottomAreaView.setUserSetupComplete(KeyguardBottomAreaView.java:281)
02-20 19:49:10.393  1764  1764 W StatusBar: 	at com.android.systemui.statusbar.phone.PhoneStatusBar.makeStatusBarView(PhoneStatusBar.java:905)
02-20 19:49:10.393  1764  1764 W StatusBar: 	at com.android.systemui.statusbar.phone.PhoneStatusBar.addStatusBarWindow(PhoneStatusBar.java:3432)
02-20 19:49:10.393  1764  1764 W StatusBar: 	at com.android.systemui.statusbar.phone.PhoneStatusBar.createAndAddWindows(PhoneStatusBar.java:3428)
02-20 19:49:10.393  1764  1764 W StatusBar: 	at com.android.systemui.statusbar.BaseStatusBar.start(BaseStatusBar.java:765)
02-20 19:49:10.393  1764  1764 W StatusBar: 	at com.android.systemui.statusbar.phone.PhoneStatusBar.start(PhoneStatusBar.java:686)
02-20 19:49:10.393  1764  1764 W StatusBar: 	at com.android.systemui.statusbar.SystemBars.createStatusBarFromConfig(SystemBars.java:106)
02-20 19:49:10.393  1764  1764 W StatusBar: 	at com.android.systemui.statusbar.SystemBars.onNoService(SystemBars.java:58)
02-20 19:49:10.393  1764  1764 W StatusBar: 	at com.android.systemui.statusbar.ServiceMonitor.startService(ServiceMonitor.java:230)
02-20 19:49:10.393  1764  1764 W StatusBar: 	at com.android.systemui.statusbar.ServiceMonitor.-wrap5(ServiceMonitor.java)
02-20 19:49:10.393  1764  1764 W StatusBar: 	at com.android.systemui.statusbar.ServiceMonitor$1.handleMessage(ServiceMonitor.java:73)
02-20 19:49:10.393  1764  1764 W StatusBar: 	at android.os.Handler.dispatchMessage(Handler.java:102)
02-20 19:49:10.393  1764  1764 W StatusBar: 	at android.os.Looper.loop(Looper.java:154)
02-20 19:49:10.393  1764  1764 W StatusBar: 	at android.app.ActivityThread.main(ActivityThread.java:6119)
02-20 19:49:10.393  1764  1764 W StatusBar: 	at java.lang.reflect.Method.invoke(Native Method)
02-20 19:49:10.393  1764  1764 W StatusBar: 	at com.android.internal.os.ZygoteInit$MethodAndArgsCaller.run(ZygoteInit.java:886)
02-20 19:49:10.393  1764  1764 W StatusBar: 	at com.android.internal.os.ZygoteInit.main(ZygoteInit.java:776)
02-20 19:49:10.400  1666  1690 I wm_task_moved: [71,1,1]
02-20 19:49:10.401  1666  1690 I am_focused_activity: [0,com.google.android.apps.nexuslauncher/.NexusLauncherActivity,startedActivity]
02-20 19:49:10.416  1666  2108 V KeyValueBackupJob: Scheduling k/v pass in 244 minutes
02-20 19:49:10.427  1666  1690 I am_proc_start: [0,2178,10021,com.google.android.apps.nexuslauncher,activity,com.google.android.apps.nexuslauncher/.NexusLauncherActivity]
02-20 19:49:10.427  1666  1690 I ActivityManager: Start proc 2178:com.google.android.apps.nexuslauncher/u0a21 for activity com.google.android.apps.nexuslauncher/.NexusLauncherActivity
02-20 19:49:10.430  2178  2178 W art     : Unexpected CPU variant for X86 using defaults: x86_64
02-20 19:49:10.452  1666  1969 I am_proc_bound: [0,2132,com.google.android.googlequicksearchbox:interactor]
02-20 19:49:10.458  1923  1923 D SST     : SubscriptionListener.onSubscriptionInfoChanged
02-20 19:49:10.458  1923  1923 D SIMRecords: [SIMRecords]  VoiceMessageCount from SIM MWIS = 0
02-20 19:49:10.458  1923  1923 E Phone   : getStoredVoiceMessageCount: invalid subId -2
02-20 19:49:10.458  1923  1923 D GsmCdmaPhone: [GsmCdmaPhone] updateVoiceMail countVoiceMessages = 0 subId -2
02-20 19:49:10.458  1923  1923 E Phone   : setVoiceMessageCount in sharedPreference: invalid subId -2
02-20 19:49:10.458  1923  1923 D DCT     : [0]SubscriptionListener.onSubscriptionInfoChanged
02-20 19:49:10.462  1923  1923 D SubscriptionController: [getActiveSubInfoList] Sub Controller not ready
02-20 19:49:10.462  1923  1923 D SubscriptionController: [getActiveSubInfoList] Sub Controller not ready
02-20 19:49:10.463  1923  1923 I Telephony: PstnIncomingCallNotifier: Unregistering: Handler (com.android.internal.telephony.GsmCdmaPhone) {48287da}
02-20 19:49:10.463  1923  1923 E PhoneInterfaceManager: [PhoneIntfMgr] getIccId: No UICC
02-20 19:49:10.465  1666  1694 I dvm_lock_sample: [system_server,1,android.ui,60,ActivityManagerService.java,4219,-,6916,12]
02-20 19:49:10.465  1666  2184 I am_proc_bound: [0,2178,com.google.android.apps.nexuslauncher]
02-20 19:49:10.467  1666  2184 I am_restart_activity: [0,231036721,71,com.google.android.apps.nexuslauncher/.NexusLauncherActivity]
02-20 19:49:10.481  1666  2108 I dvm_lock_sample: [system_server,0,backup,66,ActivityManagerService.java,7896,-,6916,13]
02-20 19:49:10.483  1666  1693 I sysui_count: [window_time_0,8]
02-20 19:49:10.488  2178  2178 W System  : ClassLoader referenced unknown path: /system/priv-app/NexusLauncherPrebuilt/lib/x86_64
02-20 19:49:10.493  1923  2062 D SubscriptionController: [getPhoneId] asked for default subId=-1
02-20 19:49:10.509  1666  2042 I Telecom : PhoneAccountRegistrar: [ComponentInfo{com.android.phone/com.android.services.telephony.TelephonyConnectionService}, [e0184adedf913b076626646d3f52c3b49c39ad6d], UserHandle{0}(addr: tel:*********** -> tel:)(icon: Icon(typ=BITMAP size=76x96) -> Icon(typ=BITMAP size=76x96))(subAddr: tel:*********** -> tel:)]: TSI.rPA@AAg
02-20 19:49:10.514  1666  2042 I Telecom : : Sending phone-account registered intent as user: TSI.rPA@AAg
02-20 19:49:10.519  1666  1982 I am_proc_start: [0,2196,1000,com.android.keychain,service,com.android.keychain/.KeyChainService]
02-20 19:49:10.519  1666  1982 I ActivityManager: Start proc 2196:com.android.keychain/1000 for service com.android.keychain/.KeyChainService
02-20 19:49:10.528  1923  1923 I Telephony: AccountEntry: Registered phoneAccount: [[ ] PhoneAccount: ComponentInfo{com.android.phone/com.android.services.telephony.TelephonyConnectionService}, [e0184adedf913b076626646d3f52c3b49c39ad6d], UserHandle{0} Capabilities: CallProvider MultiUser PlaceEmerg SimSub  Schemes: tel voicemail  Extras: null GroupId: [da39a3ee5e6b4b0d3255bfef95601890afd80709]] with handle: ComponentInfo{com.android.phone/com.android.services.telephony.TelephonyConnectionService}, [e0184adedf913b076626646d3f52c3b49c39ad6d], UserHandle{0}
02-20 19:49:10.529  1923  1923 I Telephony: PstnIncomingCallNotifier: Registering: Handler (com.android.internal.telephony.GsmCdmaPhone) {48287da}
02-20 19:49:10.533  1923  1923 D CAT     : CatService: handleMessage[20]
02-20 19:49:10.534  1923  1923 D GsmCdmaPhone: [GsmCdmaPhone] updateCurrentCarrierInProvider: mSubId = -2 currentDds = 1 operatorNumeric = 310260
02-20 19:49:10.534  1923  1923 D IccCardProxy: operator=310260 mPhoneId=0
02-20 19:49:10.534  1923  1923 D TelephonyManager: setTelephonyProperty: success phoneId=0 property=gsm.sim.operator.numeric value: 310260 propVal=310260
02-20 19:49:10.534  1923  1923 D TelephonyManager: setTelephonyProperty: success phoneId=0 property=gsm.sim.operator.iso-country value: us propVal=us
02-20 19:49:10.534  1923  1923 D IccCardProxy: Sending intent ACTION_INTERNAL_SIM_STATE_CHANGED for mPhoneId : 0
02-20 19:49:10.534  1923  1923 D SST     : EVENT_SIM_RECORDS_LOADED: what=16
02-20 19:49:10.534  1923  1923 D GsmCdmaPhone: [GsmCdmaPhone] updatePhoneObject: radioTechnology=0
02-20 19:49:10.534  1923  1923 D SST     : getOtasp: otasp not needed for GSM
02-20 19:49:10.534  1923  1923 D SST     : updateOtaspState: call notifyOtaspChanged old otaspMode=0 new otaspMode=3
02-20 19:49:10.535  1923  1923 D SIMRecords: [SIMRecords] getServiceProviderName: no brandOverride, providerName=Android
02-20 19:49:10.535  1923  1923 D SIMRecords: [SIMRecords] getServiceProviderName: no brandOverride, providerName=Android
02-20 19:49:10.535  1923  1923 D SST     : updateSpnDisplay: changed sending intent rule=1 showPlmn='false' plmn='Android' showSpn='true' spn='Android' dataSpn='Android' subId='-2'
02-20 19:49:10.536  1923  1923 D SubscriptionController: [setPlmnSpn] No valid subscription to store info
02-20 19:49:10.536  1923  1923 D SubscriptionController: notifySubscriptionInfoChanged:
02-20 19:49:10.537  2196  2196 W art     : Unexpected CPU variant for X86 using defaults: x86_64
02-20 19:49:10.538  1923  1923 E PhoneInterfaceManager: [PhoneIntfMgr] getIccId: No UICC
02-20 19:49:10.541  1666  1690 I Telecom : PhoneAccountRegistrar: [ComponentInfo{com.android.phone/com.android.services.telephony.TelephonyConnectionService}, [e0184adedf913b076626646d3f52c3b49c39ad6d], UserHandle{0}(icon: Icon(typ=BITMAP size=76x96) -> Icon(typ=BITMAP size=76x96))]: TSI.rPA@AAs
02-20 19:49:10.541  1367  2151 V EmulatedCamera_Camera: getCameraInfo
02-20 19:49:10.541  1367  2151 V EmulatedCamera_BaseCamera: getCameraInfo
02-20 19:49:10.541  1367  1711 V EmulatedCamera_Camera: getCameraInfo
02-20 19:49:10.541  1367  1711 V EmulatedCamera_BaseCamera: getCameraInfo
02-20 19:49:10.542  1666  1690 I Telecom : : Sending phone-account registered intent as user: TSI.rPA@AAs
02-20 19:49:10.543  1923  1923 D SubscriptionInfoUpdater: [Receiver]+
02-20 19:49:10.543  1923  1923 D SubscriptionInfoUpdater: Action: android.intent.action.internal_sim_state_changed
02-20 19:49:10.543  1923  1923 D SubscriptionInfoUpdater: slotId: 0
02-20 19:49:10.543  1923  1923 D SubscriptionInfoUpdater: simStatus: LOADED
02-20 19:49:10.543  1923  1923 D SubscriptionInfoUpdater: [Receiver]-
02-20 19:49:10.543  1923  1923 D GsmCdmaPhone: [GsmCdmaPhone] phoneObjectUpdater: newVoiceRadioTech=0
02-20 19:49:10.543  1923  1923 D GsmCdmaPhone: [GsmCdmaPhone] phoneObjectUpdater: volteReplacementRat=0
02-20 19:49:10.543  1923  1923 E GsmCdmaPhone: [GsmCdmaPhone] phoneObjectUpdater: newVoiceRadioTech=0 doesn't match either CDMA or GSM - error! No phone change
02-20 19:49:10.543  1923  1923 D SST     : SubscriptionListener.onSubscriptionInfoChanged
02-20 19:49:10.543  1923  1923 D DCT     : [0]SubscriptionListener.onSubscriptionInfoChanged
02-20 19:49:10.544  1923  1923 D SubscriptionController: [getActiveSubInfoList] Sub Controller not ready
02-20 19:49:10.544  1923  1923 D SubscriptionController: [getActiveSubInfoList] Sub Controller not ready
02-20 19:49:10.544  1923  1923 I Telephony: PstnIncomingCallNotifier: Unregistering: Handler (com.android.internal.telephony.GsmCdmaPhone) {48287da}
02-20 19:49:10.544  1923  1923 E PhoneInterfaceManager: [PhoneIntfMgr] getIccId: No UICC
02-20 19:49:10.546  1666  1969 I Telecom : PhoneAccountRegistrar: [ComponentInfo{com.android.phone/com.android.services.telephony.TelephonyConnectionService}, [e0184adedf913b076626646d3f52c3b49c39ad6d], UserHandle{0}(icon: Icon(typ=BITMAP size=76x96) -> Icon(typ=BITMAP size=76x96))]: TSI.rPA@AAw
02-20 19:49:10.547  2178  2178 V Launcher: LauncherAppState inited
02-20 19:49:10.549  1666  1969 I Telecom : : Sending phone-account registered intent as user: TSI.rPA@AAw
02-20 19:49:10.550  1923  1923 I Telephony: AccountEntry: Registered phoneAccount: [[ ] PhoneAccount: ComponentInfo{com.android.phone/com.android.services.telephony.TelephonyConnectionService}, [e0184adedf913b076626646d3f52c3b49c39ad6d], UserHandle{0} Capabilities: CallProvider MultiUser PlaceEmerg SimSub  Schemes: tel voicemail  Extras: null GroupId: [da39a3ee5e6b4b0d3255bfef95601890afd80709]] with handle: ComponentInfo{com.android.phone/com.android.services.telephony.TelephonyConnectionService}, [e0184adedf913b076626646d3f52c3b49c39ad6d], UserHandle{0}
02-20 19:49:10.551  1923  1923 I Telephony: PstnIncomingCallNotifier: Registering: Handler (com.android.internal.telephony.GsmCdmaPhone) {48287da}
02-20 19:49:10.552  1923  1923 D SubscriptionInfoUpdater: handleSimStateLoadedInternal: slotId: 0
02-20 19:49:10.552  1923  1923 D SubscriptionInfoUpdater: All IccIds query complete
02-20 19:49:10.552  1923  1923 D SubscriptionInfoUpdater: updateSubscriptionInfoByIccId:+ Start
02-20 19:49:10.552  1923  1923 D SubscriptionController: [clearSubInfo]- no simInfo size=0
02-20 19:49:10.553  1923  1923 D SubscriptionInfoUpdater: insertedSimCount = 1
02-20 19:49:10.553  1923  1923 D SubscriptionController: [getSubInfoUsingSlotIdWithCheck]+ slotId:0
02-20 19:49:10.565  1923  1923 D SubscriptionController: [getPhoneId]- no sims, returning default phoneId=2147483647
02-20 19:49:10.577  1923  1923 D SubscriptionController: [getPhoneId]- no sims, returning default phoneId=2147483647
02-20 19:49:10.579  1923  1923 D SubscriptionController: [getPhoneId]- no sims, returning default phoneId=2147483647
02-20 19:49:10.582  1923  1923 D SubscriptionController: [getSubInfoUsingSlotId]- null info return
02-20 19:49:10.582  1923  1923 D SubscriptionInfoUpdater: updateSubscriptionInfoByIccId: oldSubId = 1
02-20 19:49:10.582  1923  1923 D SubscriptionInfoUpdater: updateSubscriptionInfoByIccId: oldIccId[0] = 89014103211118510720, sIccId[0] = 89014103211118510720
02-20 19:49:10.582  1923  1923 D SubscriptionController: [addSubInfoRecord]+ iccId:89014103211118510720 slotId:0
02-20 19:49:10.582  1666  2042 I am_proc_bound: [0,2196,com.android.keychain]
02-20 19:49:10.599  1923  1923 D SubscriptionController: [getActiveSubInfoList] Sub Controller not ready
02-20 19:49:10.599  1923  1923 D SubscriptionController: [addSubInfoRecord] Record already exists
02-20 19:49:10.603  1923  1923 D SubscriptionController: [addSubInfoRecord] sSlotIdxToSubId.size=1 slotId=0 subId=1 defaultSubId=1 simCount=1
02-20 19:49:10.603  1923  1923 D SubscriptionController: [setDefaultFallbackSubId] subId=1
02-20 19:49:10.603  1923  1923 D SubscriptionController: [setDefaultFallbackSubId] set mDefaultFallbackSubId=1
02-20 19:49:10.604  1923  1923 D MccTable: updateMccMncConfiguration mccmnc='310260' fromServiceState=false
02-20 19:49:10.605  1923  1923 D MccTable: updateMccMncConfiguration defaultMccMnc=310260
02-20 19:49:10.605  1923  1923 D MccTable: updateMccMncConfiguration: mcc=310, mnc=260
02-20 19:49:10.605  1923  1923 D MccTable: updateMccMncConfiguration updateConfig config={1.0 310mcc260mnc ?localeList ?layoutDir ?swdp ?wdp ?hdp ?density ?lsize ?long ?orien ?uimode ?night ?touch ?keyb/?/? ?nav/?}
02-20 19:49:10.606  1923  1923 D SubscriptionController: [setDefaultFallbackSubId] broadcast default subId changed phoneId=0 subId=1
02-20 19:49:10.606  1923  1923 D SubscriptionController: [addSubInfoRecord] one sim set defaults to subId=1
02-20 19:49:10.606  1923  1923 D SubscriptionController: [setDefaultDataSubId] num phones=1, subId=1
02-20 19:49:10.606  1923  1923 D SubscriptionController: [setDefaultDataSubId] phoneId=0 subId=1 RAF=1
02-20 19:49:10.607  2196  2196 W System  : ClassLoader referenced unknown path: /system/app/KeyChain/lib/x86_64
02-20 19:49:10.607  1923  1923 D ProxyController: setRadioCapability: Already in requested configuration, nothing to do.
02-20 19:49:10.607  1923  1923 D SubscriptionController: [updateAllDataConnectionTrackers] sPhones.length=1
02-20 19:49:10.607  1923  1923 D SubscriptionController: [updateAllDataConnectionTrackers] phoneId=0
02-20 19:49:10.607  1923  1923 D DCT     : [0]update sub = 1
02-20 19:49:10.607  1923  1923 D DCT     : [0]update(): Active DDS, register for all events now!
02-20 19:49:10.607  1923  1923 D DCT     : [0]New records found.
02-20 19:49:10.607  1923  1923 D SST     : mDeviceShuttingDown=false, mDesiredPowerState=true, getRadioState=RADIO_ON, mPowerOffDelayNeed=true, mAlarmSwitch=false, mRadioDisabledByCarrier=false
02-20 19:49:10.607  1923  1923 D GsmCdmaPhone: [GsmCdmaPhone] updateCurrentCarrierInProvider: mSubId = 1 currentDds = 1 operatorNumeric = 310260
02-20 19:49:10.627  1764  1764 I StatusBar: isKeyguardShowing() called before startKeyguard(), returning true
02-20 19:49:10.627  1764  1764 W StatusBar: isKeyguardSecure() called before startKeyguard(), returning false
02-20 19:49:10.627  1764  1764 W StatusBar: java.lang.Throwable
02-20 19:49:10.627  1764  1764 W StatusBar: 	at com.android.systemui.statusbar.BaseStatusBar.isKeyguardSecure(BaseStatusBar.java:2647)
02-20 19:49:10.627  1764  1764 W StatusBar: 	at com.android.systemui.statusbar.BaseStatusBar.isCameraAllowedByAdmin(BaseStatusBar.java:2670)
02-20 19:49:10.627  1764  1764 W StatusBar: 	at com.android.systemui.statusbar.phone.KeyguardBottomAreaView.updateCameraVisibility(KeyguardBottomAreaView.java:309)
02-20 19:49:10.627  1764  1764 W StatusBar: 	at com.android.systemui.statusbar.phone.KeyguardBottomAreaView.setUserSetupComplete(KeyguardBottomAreaView.java:281)
02-20 19:49:10.627  1764  1764 W StatusBar: 	at com.android.systemui.statusbar.phone.PhoneStatusBar$1.onChange(PhoneStatusBar.java:441)
02-20 19:49:10.627  1764  1764 W StatusBar: 	at com.android.systemui.statusbar.phone.PhoneStatusBar.resetUserSetupObserver(PhoneStatusBar.java:3676)
02-20 19:49:10.627  1764  1764 W StatusBar: 	at com.android.systemui.statusbar.phone.PhoneStatusBar.makeStatusBarView(PhoneStatusBar.java:1008)
02-20 19:49:10.627  1764  1764 W StatusBar: 	at com.android.systemui.statusbar.phone.PhoneStatusBar.addStatusBarWindow(PhoneStatusBar.java:3432)
02-20 19:49:10.627  1764  1764 W StatusBar: 	at com.android.systemui.statusbar.phone.PhoneStatusBar.createAndAddWindows(PhoneStatusBar.java:3428)
02-20 19:49:10.627  1764  1764 W StatusBar: 	at com.android.systemui.statusbar.BaseStatusBar.start(BaseStatusBar.java:765)
02-20 19:49:10.627  1764  1764 W StatusBar: 	at com.android.systemui.statusbar.phone.PhoneStatusBar.start(PhoneStatusBar.java:686)
02-20 19:49:10.627  1764  1764 W StatusBar: 	at com.android.systemui.statusbar.SystemBars.createStatusBarFromConfig(SystemBars.java:106)
02-20 19:49:10.627  1764  1764 W StatusBar: 	at com.android.systemui.statusbar.SystemBars.onNoService(SystemBars.java:58)
02-20 19:49:10.627  1764  1764 W StatusBar: 	at com.android.systemui.statusbar.ServiceMonitor.startService(ServiceMonitor.java:230)
02-20 19:49:10.627  1764  1764 W StatusBar: 	at com.android.systemui.statusbar.ServiceMonitor.-wrap5(ServiceMonitor.java)
02-20 19:49:10.627  1764  1764 W StatusBar: 	at com.android.systemui.statusbar.ServiceMonitor$1.handleMessage(ServiceMonitor.java:73)
02-20 19:49:10.627  1764  1764 W StatusBar: 	at android.os.Handler.dispatchMessage(Handler.java:102)
02-20 19:49:10.627  1764  1764 W StatusBar: 	at android.os.Looper.loop(Looper.java:154)
02-20 19:49:10.627  1764  1764 W StatusBar: 	at android.app.ActivityThread.main(ActivityThread.java:6119)
02-20 19:49:10.627  1764  1764 W StatusBar: 	at java.lang.reflect.Method.invoke(Native Method)
02-20 19:49:10.627  1764  1764 W StatusBar: 	at com.android.internal.os.ZygoteInit$MethodAndArgsCaller.run(ZygoteInit.java:886)
02-20 19:49:10.627  1764  1764 W StatusBar: 	at com.android.internal.os.ZygoteInit.main(ZygoteInit.java:776)
02-20 19:49:10.628  1764  2004 D OpenGLRenderer: profile bars disabled
02-20 19:49:10.630  1666  1666 I GnssLocationProvider: WakeLock acquired by sendMessage(12, 0, null)
02-20 19:49:10.630  1666  1666 I GnssLocationProvider: WakeLock acquired by sendMessage(12, 0, null)
02-20 19:49:10.631  1764  2004 D OpenGLRenderer: ambientRatio = 1.50
02-20 19:49:10.640  1764  1764 D PhoneStatusBar: disable: < EXPAND* icons alerts system_info BACK* HOME* RECENT* clock SEARCH* quick_settings >
02-20 19:49:10.647  1757  1757 I InputAttributes: InputType.TYPE_NULL is specified
02-20 19:49:10.661  1923  1923 D SubscriptionController: [broadcastDefaultDataSubIdChanged] subId=1
02-20 19:49:10.674  1923  1923 D SubscriptionController: [setDefaultSmsSubId] subId=1
02-20 19:49:10.675  1923  1923 D SubscriptionController: [broadcastDefaultSmsSubIdChanged] subId=1
02-20 19:49:10.690  1923  1923 D SubscriptionController: [setDefaultVoiceSubId] subId=1
02-20 19:49:10.690  1923  1923 D SubscriptionController: [broadcastDefaultVoiceSubIdChanged] subId=1
02-20 19:49:10.691  1923  1923 D SubscriptionController: [addSubInfoRecord] hashmap(0,1)
02-20 19:49:10.702  1923  1935 D RILJ    : [3736]> RIL_REQUEST_GET_CELL_INFO_LIST [SUB0]
02-20 19:49:10.702  1376  1454 D RIL     : onRequest: GET_CELL_INFO_LIST
02-20 19:49:10.702  1376  1454 D RILC    : responseCellInfoList: v12
02-20 19:49:10.703  1923  2029 D RILJ    : [3736]< RIL_REQUEST_GET_CELL_INFO_LIST [CellInfoGsm:{mRegistered=YES mTimeStampType=modem mTimeStamp=15325108051ns CellIdentityGsm:{ mMcc=310 mMnc=260 mLac=3 mCid=91 mArfcn=10 mBsic=0x0} CellSignalStrengthGsm: ss=-88505928 ber=32388 mTa=-85668740}] [SUB0]
02-20 19:49:10.729  1923  1923 D SubscriptionController: [addSubInfoRecord] sim name = Android
02-20 19:49:10.732  1923  1923 D DCT     : [0]update sub = 1
02-20 19:49:10.732  1923  1923 D DCT     : [0]update(): Active DDS, register for all events now!
02-20 19:49:10.732  1923  1923 D GsmCdmaPhone: [GsmCdmaPhone] updateCurrentCarrierInProvider: mSubId = 1 currentDds = 1 operatorNumeric = 310260
02-20 19:49:10.742  1764  1764 D PhoneStatusBar: heads up is enabled
02-20 19:49:10.790  2109  2109 I LoadedApk: No resource references to update in package FFFFFFFFFFFFFFFFFFFFFF
02-20 19:49:10.795  1666  1676 I art     : Background sticky concurrent mark sweep GC freed 19799(1695KB) AllocSpace objects, 11(272KB) LOS objects, 5% free, 23MB/24MB, paused 529us total 252.527ms
02-20 19:49:10.804  1923  1923 D SubscriptionController: [addSubInfoRecord]- info size=1
02-20 19:49:10.808  1923  1923 D SubscriptionInfoUpdater: newSim = false
02-20 19:49:10.808  1923  1923 D SubscriptionInfoUpdater: updateSubscriptionInfoByIccId: sInsertSimState[0] = 0
02-20 19:49:10.813  1666  2217 I dvm_lock_sample: [system_server,0,Error dump: system_app_strictmod,36,ActivityManagerService.java,13611,PackageManagerService.java,3132,7]
02-20 19:49:10.821  1312  1357 D gralloc_ranchu: gralloc_alloc: Creating ashmem region of size 17051648
02-20 19:49:10.824  1923  1923 D SubscriptionInfoUpdater: updateSubscriptionInfoByIccId: nSubCount = 1
02-20 19:49:10.825  1923  1923 D SubscriptionController: [setDefaultDataSubId] num phones=1, subId=1
02-20 19:49:10.825  1923  1923 D SubscriptionController: [setDefaultDataSubId] phoneId=0 subId=1 RAF=1
02-20 19:49:10.825  1923  1923 D ProxyController: setRadioCapability: Already in requested configuration, nothing to do.
02-20 19:49:10.825  1923  1923 D SubscriptionController: [updateAllDataConnectionTrackers] sPhones.length=1
02-20 19:49:10.825  1923  1923 D SubscriptionController: [updateAllDataConnectionTrackers] phoneId=0
02-20 19:49:10.825  1923  1923 D DCT     : [0]update sub = 1
02-20 19:49:10.825  1923  1923 D DCT     : [0]update(): Active DDS, register for all events now!
02-20 19:49:10.825  1923  1923 D GsmCdmaPhone: [GsmCdmaPhone] updateCurrentCarrierInProvider: mSubId = 1 currentDds = 1 operatorNumeric = 310260
02-20 19:49:10.865  1923  1923 D SubscriptionController: [broadcastDefaultDataSubIdChanged] subId=1
