02-20 19:51:32.097  1662  1662 W PackageManager: Unknown permission android.permission.RUN_INSTRUMENTATION in package org.chromium.webview_shell
02-20 19:51:32.097  1662  1662 W PackageManager: Unknown permission com.google.android.gallery3d.permission.PICASA_STORE in package com.google.android.apps.photos
02-20 19:51:32.097  1662  1662 W PackageManager: Not granting permission android.permission.WRITE_MEDIA_STORAGE to package com.google.android.apps.photos (protectionLevel=18 flags=0x3858be45)
02-20 19:51:32.097  1662  1662 W PackageManager: Unknown permission com.google.android.gm.exchange.BIND in package com.google.android.calendar
02-20 19:51:32.097  1662  1662 W PackageManager: Not granting permission android.permission.CONTROL_KEYGUARD to package com.google.android.gsf.login (protectionLevel=2 flags=0x3048be45)
02-20 19:51:32.097  1662  1662 W PackageManager: Unknown permission com.android.vending.billing.BILLING_ACCOUNT_SERVICE in package com.google.android.gsf.login
02-20 19:51:32.097  1662  1662 W PackageManager: Unknown permission com.android.vending.billing.ADD_CREDIT_CARD in package com.google.android.gsf.login
02-20 19:51:32.097  1662  1662 W PackageManager: Unknown permission com.android.vending.billing.IBillingAccountService.BIND2 in package com.google.android.gsf.login
02-20 19:51:32.097  1662  1662 W PackageManager: Unknown permission com.android.vending.TOS_ACKED in package com.google.android.gsf.login
02-20 19:51:32.097  1662  1662 W PackageManager: Unknown permission com.android.launcher.permission.READ_SETTINGS in package com.android.settings
02-20 19:51:32.097  1662  1662 W PackageManager: Unknown permission com.android.launcher.permission.WRITE_SETTINGS in package com.android.settings
02-20 19:51:32.097  1662  1662 W PackageManager: Not granting permission android.permission.REGISTER_CONNECTION_MANAGER to package com.google.android.talk (protectionLevel=18 flags=0x3059be45)
02-20 19:51:32.097  1662  1662 W PackageManager: Unknown permission com.android.smspush.WAPPUSH_MANAGER_BIND in package com.android.phone
02-20 19:51:32.097  1662  1662 V PackageManager: reconcileAppsData for null u0 0x3
02-20 19:51:32.103  1370  1370 I SELinux : SELinux: Loaded file_contexts contexts from /file_contexts.bin.
02-20 19:51:32.479  1662  1662 V PackageManager: reconcileAppsData finished 100 packages
02-20 19:51:32.505  1662  1662 I boot_progress_pms_ready: 9505
02-20 19:51:32.505  1662  1662 E PackageManager: There should probably be a verifier, but, none were found
02-20 19:51:32.508  1662  1662 D PackageManager: Ephemeral resolver NOT found; no matching intent filters
02-20 19:51:32.509  1662  1662 I PackageManager: Ephemeral deactivated; missing resolver and installer
02-20 19:51:32.509  1662  1662 I art     : Starting a blocking GC Explicit
02-20 19:51:32.520  1662  1662 I art     : Explicit concurrent mark sweep GC freed 42577(2MB) AllocSpace objects, 4(80KB) LOS objects, 24% free, 12MB/16MB, paused 328us total 10.277ms
02-20 19:51:32.524  1662  1662 I SystemServer: StartOtaDexOptService
02-20 19:51:32.525  1662  1662 I SystemServer: StartUserManagerService
02-20 19:51:32.525  1662  1662 I SystemServiceManager: Starting com.android.server.pm.UserManagerService$LifeCycle
02-20 19:51:32.538  1311  1311 I lowmemorykiller: ActivityManager connected
02-20 19:51:32.541  1662  1662 D SensorService: nuSensorService starting...
02-20 19:51:32.544  1662  1662 W SensorService: Unable to read HMAC key; generating new one.
02-20 19:51:32.544  1662  1662 W SensorService: Unable to write HMAC key; dynamic sensor getId() will change after reboot.
02-20 19:51:32.545  1662  1720 D SensorService: nuSensorService thread starting...
02-20 19:51:32.546  1662  1662 I SystemServiceManager: Starting com.android.server.BatteryService
02-20 19:51:32.546  1662  1719 D SensorService: new thread SensorEventAckReceiver
02-20 19:51:32.554  1662  1693 I battery_status: [2,2,1,1,Li-ion]
02-20 19:51:32.554  1662  1693 I battery_level: [100,0,0]
02-20 19:51:32.556  1662  1662 I SystemServiceManager: Starting com.android.server.usage.UsageStatsService
02-20 19:51:32.553     0     0 W healthd : battery l=100 v=0 t=0.0 h=2 st=2 chg=a
02-20 19:51:32.567  1662  1662 I SystemServiceManager: Starting com.android.server.webkit.WebViewUpdateService
02-20 19:51:32.572  1662  1662 I SystemServer: Reading configuration...
02-20 19:51:32.572  1662  1662 I SystemServer: StartSchedulingPolicyService
02-20 19:51:32.572  1662  1662 I SystemServiceManager: Starting com.android.server.telecom.TelecomLoaderService
02-20 19:51:32.572  1662  1662 I SystemServer: StartTelephonyRegistry
02-20 19:51:32.580  1662  1662 I SystemServer: StartEntropyMixer
02-20 19:51:32.582  1662  1662 I EntropyMixer: Writing entropy...
02-20 19:51:32.587  1662  1662 I SystemServer: Camera Service
02-20 19:51:32.588  1662  1662 I SystemServiceManager: Starting com.android.server.camera.CameraService
02-20 19:51:32.590  1662  1721 I ServiceThread: Enabled StrictMode logging for CameraService_proxy looper.
02-20 19:51:32.591  1662  1662 I SystemServer: StartAccountManagerService
02-20 19:51:32.593  1662  1662 I SystemServiceManager: Starting com.android.server.accounts.AccountManagerService$Lifecycle
02-20 19:51:32.602  1662  1662 I SystemServer: StartContentService
02-20 19:51:32.603  1662  1662 I SystemServiceManager: Starting com.android.server.content.ContentService$Lifecycle
02-20 19:51:32.606  1662  1662 I SystemServer: InstallSystemProviders
02-20 19:51:32.616  1662  1662 W System  : ClassLoader referenced unknown path: /system/priv-app/SettingsProvider/lib/x86_64
02-20 19:51:32.644  1662  1662 I SystemServer: StartVibratorService
02-20 19:51:32.644  1662  1662 E VibratorService: Couldn't load vibrator module (No such file or directory)
02-20 19:51:32.644  1662  1662 W VibratorService: Tried to stop vibrating but there is no vibrator device.
02-20 19:51:32.647  1662  1662 I SystemServer: StartConsumerIrService
02-20 19:51:32.647  1662  1662 E ConsumerIrService: Can't open consumer IR HW Module, error: -2
02-20 19:51:32.653  1662  1662 I SystemServer: StartAlarmManagerService
02-20 19:51:32.653  1662  1662 I SystemServiceManager: Starting com.android.server.AlarmManagerService
02-20 19:51:32.655  1662  1662 W AlarmManagerService: no wall clock RTC found
02-20 19:51:32.655  1662  1662 D AlarmManagerService: Kernel timezone updated to 0 minutes west of GMT
02-20 19:51:32.659  1662  1662 I SystemServer: InitWatchdog
02-20 19:51:32.659  1662  1662 I SystemServer: StartInputManagerService
02-20 19:51:32.661  1662  1662 I InputManager: Initializing input manager, mUseDevInputEventForAudioJack=true
02-20 19:51:32.662  1662  1662 I SystemServer: StartWindowManagerService
02-20 19:51:32.704  1662  1703 I WindowManager: No existing display settings /data/system/display_settings.xml; starting empty
02-20 19:51:32.734  1662  1662 I SystemServer: StartVrManagerService
02-20 19:51:32.735  1662  1662 I SystemServiceManager: Starting com.android.server.vr.VrManagerService
02-20 19:51:32.740  1662  1662 W VrManagerService: init_native: Could not open VR hardware module, error No such file or directory (-2).
02-20 19:51:32.742  1662  1662 I wm_stack_created: 0
02-20 19:51:32.743  1662  1662 I InputManager: Starting input manager
02-20 19:51:32.745  1662  1729 D EventHub: No input device configuration file found for device 'Power Button'.
02-20 19:51:32.751  1662  1729 W EventHub: Unable to disable kernel key repeat for /dev/input/event0: Function not implemented
02-20 19:51:32.751  1662  1729 I EventHub: New device: id=1, fd=92, path='/dev/input/event0', name='Power Button', classes=0x1, configuration='', keyLayout='/system/usr/keylayout/Generic.kl', keyCharacterMap='/system/usr/keychars/Generic.kcm', builtinKeyboard=false, wakeMechanism=EPOLLWAKEUP, usingClockIoctl=true
02-20 19:51:32.753  1662  1729 W EventHub: Unable to disable kernel key repeat for /dev/input/event1: Function not implemented
02-20 19:51:32.753  1662  1729 I EventHub: New device: id=2, fd=90, path='/dev/input/event1', name='qwerty2', classes=0x95, configuration='/system/usr/idc/qwerty2.idc', keyLayout='/system/usr/keylayout/qwerty.kl', keyCharacterMap='/system/usr/keychars/qwerty2.kcm', builtinKeyboard=true, wakeMechanism=EPOLLWAKEUP, usingClockIoctl=true
02-20 19:51:32.753  1662  1729 E EventHub: could not get driver version for /dev/input/mice, Not a typewriter
02-20 19:51:32.764  1662  1662 I SystemServer: No Bluetooth Service (emulator)
02-20 19:51:32.764  1662  1662 I SystemServer: ConnectivityMetricsLoggerService
02-20 19:51:32.764  1662  1662 I SystemServiceManager: Starting com.android.server.connectivity.MetricsLoggerService
02-20 19:51:32.766  1662  1662 I SystemServer: IpConnectivityMetrics
02-20 19:51:32.766  1662  1662 I SystemServiceManager: Starting com.android.server.connectivity.IpConnectivityMetrics
02-20 19:51:32.767  1662  1662 I SystemServer: PinnerService
02-20 19:51:32.767  1662  1662 I SystemServiceManager: Starting com.android.server.PinnerService
02-20 19:51:32.768  1662  1662 I SystemServiceManager: Starting com.android.server.InputMethodManagerService$Lifecycle
02-20 19:51:32.798  1662  1729 I InputReader: Device added: id=-1, name='Virtual', sources=0x00000301
02-20 19:51:32.800  1662  1729 I InputReader:   Touch device 'qwerty2' could not query the properties of its associated display.  The device will be inoperable until the display size becomes available.
02-20 19:51:32.800  1662  1729 I InputReader: Device added: id=0, name='qwerty2', sources=0x80001103
02-20 19:51:32.800  1662  1729 I InputReader: Device added: id=1, name='Power Button', sources=0x00000101
02-20 19:51:32.822  1492  1492 E ipv6proxy: Failed to forward Router Advertisement from eth0 to wlan1: Network is unreachable
02-20 19:51:32.823  1662  1662 I SystemServer: StartAccessibilityManagerService
02-20 19:51:32.829  1662  1662 I configuration_changed: 7672
02-20 19:51:32.829  1662  1662 I ActivityManager: Config changes=1df8 {1.0 ?mcc?mnc [en_US] ldltr sw360dp w360dp h740dp 640dpi nrml long port ?uimode ?night -touch -keyb/v/h -nav/h s.2}
02-20 19:51:32.836  1662  1695 I UsageStatsService: User[0] Rollover scheduled @ 2018-02-21 19:51:32(1519242692831)
02-20 19:51:32.837  1662  1695 E AppIdleHistory: Unable to read app idle file for user 0
02-20 19:51:32.840  1662  1703 I configuration_changed: 1032
02-20 19:51:32.840  1662  1703 I ActivityManager: Config changes=408 {1.0 ?mcc?mnc [en_US] ldltr sw360dp w360dp h668dp 640dpi nrml long port ?uimode ?night finger -keyb/v/h -nav/h s.3}
02-20 19:51:32.852  1662  1662 I SystemServiceManager: Starting com.android.server.MountService$Lifecycle
02-20 19:51:32.852  1662  1729 I InputReader: Reconfiguring input devices.  changes=0x00000004
02-20 19:51:32.852  1662  1729 I InputReader: Device reconfigured: id=0, name='qwerty2', size 1440x2960, orientation 0, mode 1, display id 0
02-20 19:51:32.852  1662  1729 I InputReader: Reconfiguring input devices.  changes=0x00000004
02-20 19:51:32.875  1662  1662 I SystemServiceManager: Starting com.android.server.UiModeManagerService
02-20 19:51:32.876  1662  1662 I configuration_changed: 512
02-20 19:51:32.876  1662  1662 I ActivityManager: Config changes=200 {1.0 ?mcc?mnc [en_US] ldltr sw360dp w360dp h668dp 640dpi nrml long port finger -keyb/v/h -nav/h s.4}
02-20 19:51:32.878  1662  1730 D MountService: Thinking about init, mSystemReady=false, mDaemonConnected=true
02-20 19:51:32.878  1662  1730 D MountService: Thinking about reset, mSystemReady=false, mDaemonConnected=true
02-20 19:51:32.880  1662  1662 I SystemServer: StartLockSettingsService
02-20 19:51:32.892  1662  1730 D MountService: Thinking about init, mSystemReady=false, mDaemonConnected=true
02-20 19:51:32.892  1662  1730 D MountService: Thinking about reset, mSystemReady=false, mDaemonConnected=true
02-20 19:51:32.893  1662  1662 I SystemServiceManager: Starting com.android.server.LockSettingsService$Lifecycle
02-20 19:51:32.894  1662  1730 D CryptdConnector: SND -> {1 cryptfs getfield SystemLocale}
02-20 19:51:32.899  1662  1732 D CryptdConnector: RCV <- {200 1 -1}
02-20 19:51:32.902  1662  1730 W MountService: No primary storage mounted!
02-20 19:51:32.902  1662  1730 D VoldConnector: SND -> {1 asec list}
02-20 19:51:32.903  1662  1731 D VoldConnector: RCV <- {200 1 asec operation succeeded}
02-20 19:51:32.904  1662  1730 I PackageManager: No secure containers found
02-20 19:51:32.904  1662  1730 W PackageManager: Not granting permission android.permission.MANAGE_DOCUMENTS to package com.google.android.youtube (protectionLevel=2 flags=0x3c59be45)
02-20 19:51:32.904  1662  1730 W PackageManager: Not granting permission android.permission.READ_PHONE_STATE to package io.appium.settings because it was previously installed without
02-20 19:51:32.904  1662  1730 W PackageManager: Not granting permission android.permission.ACCESS_FINE_LOCATION to package io.appium.settings because it was previously installed without
02-20 19:51:32.904  1662  1730 W PackageManager: Not granting permission android.permission.ACCESS_COARSE_LOCATION to package io.appium.settings because it was previously installed without
02-20 19:51:32.904  1662  1730 W PackageManager: Not granting permission android.permission.ACCESS_MOCK_LOCATION to package io.appium.settings (protectionLevel=2 flags=0x3808be46)
02-20 19:51:32.904  1662  1730 W PackageManager: Unknown permission com.google.android.launcher.permission.CONTENT_REDIRECT in package com.google.android.googlequicksearchbox
02-20 19:51:32.904  1662  1730 W PackageManager: Unknown permission com.google.android.voicesearch.SHORTCUTS_ACCESS in package com.google.android.googlequicksearchbox
02-20 19:51:32.904  1662  1730 W PackageManager: Unknown permission com.google.android.voicesearch.ACCESS_SETTINGS in package com.google.android.googlequicksearchbox
02-20 19:51:32.904  1662  1730 W PackageManager: Unknown permission com.android.browser.permission.PRELOAD in package com.google.android.googlequicksearchbox
02-20 19:51:32.904  1662  1730 W PackageManager: Unknown permission com.google.android.ears.permission.WRITE in package com.google.android.googlequicksearchbox
02-20 19:51:32.904  1662  1730 W PackageManager: Unknown permission com.google.android.apps.googlevoice.permission.AUTO_SEND in package com.google.android.googlequicksearchbox
02-20 19:51:32.904  1662  1730 W PackageManager: Unknown permission com.android.chrome.PRERENDER_URL in package com.google.android.googlequicksearchbox
02-20 19:51:32.905  1662  1730 W PackageManager: Not granting permission com.google.android.googleapps.permission.GOOGLE_AUTH to package com.android.providers.calendar (protectionLevel=2 flags=0x30083e45)
02-20 19:51:32.905  1662  1730 W PackageManager: Not granting permission com.google.android.googleapps.permission.GOOGLE_AUTH.cl to package com.android.providers.calendar (protectionLevel=2 flags=0x30083e45)
02-20 19:51:32.905  1662  1730 W PackageManager: Unknown permission com.google.android.email.permission.ACCESS_PROVIDER in package com.google.android.gm
02-20 19:51:32.905  1662  1730 W PackageManager: Unknown permission com.google.android.gm.exchange.BIND in package com.google.android.gm
02-20 19:51:32.905  1662  1730 W PackageManager: Unknown permission com.android.email.partnerprovider.PARTNER_PROVIDER in package com.google.android.gm
02-20 19:51:32.905  1662  1730 W PackageManager: Unknown permission com.android.vending.TOS_ACKED in package com.google.android.setupwizard
02-20 19:51:32.905  1662  1730 W PackageManager: Unknown permission com.android.vending.setup.PLAY_SETUP_SERVICE in package com.google.android.setupwizard
02-20 19:51:32.905  1662  1730 W PackageManager: Unknown permission com.samsung.android.providers.context.permission.WRITE_USE_APP_FEATURE_SURVEY in package com.google.android.music
02-20 19:51:32.905  1662  1730 W PackageManager: Unknown permission com.android.vending.BILLING in package com.google.android.apps.docs
02-20 19:51:32.905  1662  1730 W PackageManager: Unknown permission android.permission.WRITE_SYNC_STATS in package com.google.android.apps.docs
02-20 19:51:32.905  1662  1730 W PackageManager: Not granting permission android.permission.INTERACT_ACROSS_USERS to package com.google.android.syncadapters.contacts (protectionLevel=50 flags=0x38083e45)
02-20 19:51:32.905  1662  1730 W PackageManager: Unknown permission com.google.android.syncadapters.contacts.permission.GAL_SEARCH in package com.google.android.syncadapters.contacts
02-20 19:51:32.906  1662  1730 W PackageManager: Unknown permission com.chrome.permission.DEVICE_EXTRAS in package com.android.chrome
02-20 19:51:32.906  1662  1730 W PackageManager: Unknown permission com.sec.enterprise.knox.MDM_CONTENT_PROVIDER in package com.android.chrome
02-20 19:51:32.906  1662  1730 W PackageManager: Unknown permission com.google.android.permission.INSTALL_WEARABLE_PACKAGES in package com.google.android.packageinstaller
02-20 19:51:32.906  1662  1730 W PackageManager: Unknown permission com.google.android.apps.enterprise.dmagent.permission.AutoSyncPermission in package com.google.android.gms
02-20 19:51:32.906  1662  1730 W PackageManager: Not granting permission android.permission.BIND_NOTIFICATION_LISTENER_SERVICE to package com.google.android.gms (protectionLevel=2 flags=0xb8483e45)
02-20 19:51:32.906  1662  1730 W PackageManager: Unknown permission com.google.android.finsky.permission.INSTANT_APP_STATE in package com.google.android.gms
02-20 19:51:32.906  1662  1730 W PackageManager: Unknown permission com.google.android.finsky.permission.GEARHEAD_SERVICE in package com.google.android.gms
02-20 19:51:32.906  1662  1730 W PackageManager: Unknown permission com.google.android.permission.ACCESSIBILITY_SCAN_SERVICE in package com.google.android.gms
02-20 19:51:32.906  1662  1730 W PackageManager: Unknown permission android.permission.ACTIVITY_EMBEDDING in package com.google.android.gms
02-20 19:51:32.906  1662  1730 W PackageManager: Unknown permission android.permission.PROVIDE_RESOLVER_RANKER_SERVICE in package com.google.android.gms
02-20 19:51:32.906  1662  1730 W PackageManager: Unknown permission com.google.android.wearable.READ_SETTINGS in package com.google.android.gms
02-20 19:51:32.906  1662  1730 W PackageManager: Unknown permission android.permission.MANAGE_SUBSCRIPTION_PLANS in package com.google.android.gms
02-20 19:51:32.906  1662  1730 W PackageManager: Unknown permission com.android.vending.setup.PLAY_SETUP_SERVICE in package com.google.android.gms
02-20 19:51:32.906  1662  1730 W PackageManager: Unknown permission com.google.android.gms.game.notifications.permission.WRITE in package com.google.android.gms
02-20 19:51:32.906  1662  1730 W PackageManager: Unknown permission com.google.android.vending.verifier.ACCESS_VERIFIER in package com.google.android.gms
02-20 19:51:32.906  1662  1730 W PackageManager: Unknown permission com.android.launcher.permission.PRELOAD_WORKSPACE in package com.google.android.partnersetup
02-20 19:51:32.906  1662  1730 W PackageManager: Not granting permission com.google.android.googleapps.permission.GOOGLE_AUTH to package com.google.android.videos (protectionLevel=2 flags=0x385bbe45)
02-20 19:51:32.906  1662  1730 W PackageManager: Unknown permission com.android.launcher.permission.READ_SETTINGS in package com.google.android.apps.nexuslauncher
02-20 19:51:32.906  1662  1730 W PackageManager: Unknown permission android.permission.RUN_INSTRUMENTATION in package org.chromium.webview_shell
02-20 19:51:32.906  1662  1730 W PackageManager: Unknown permission com.google.android.gallery3d.permission.PICASA_STORE in package com.google.android.apps.photos
02-20 19:51:32.906  1662  1730 W PackageManager: Not granting permission android.permission.WRITE_MEDIA_STORAGE to package com.google.android.apps.photos (protectionLevel=18 flags=0x3858be45)
02-20 19:51:32.906  1662  1730 W PackageManager: Unknown permission com.google.android.gm.exchange.BIND in package com.google.android.calendar
02-20 19:51:32.906  1662  1730 W PackageManager: Not granting permission android.permission.CONTROL_KEYGUARD to package com.google.android.gsf.login (protectionLevel=2 flags=0x3048be45)
02-20 19:51:32.906  1662  1730 W PackageManager: Unknown permission com.android.vending.billing.BILLING_ACCOUNT_SERVICE in package com.google.android.gsf.login
02-20 19:51:32.906  1662  1730 W PackageManager: Unknown permission com.android.vending.billing.ADD_CREDIT_CARD in package com.google.android.gsf.login
02-20 19:51:32.906  1662  1730 W PackageManager: Unknown permission com.android.vending.billing.IBillingAccountService.BIND2 in package com.google.android.gsf.login
02-20 19:51:32.906  1662  1730 W PackageManager: Unknown permission com.android.vending.TOS_ACKED in package com.google.android.gsf.login
02-20 19:51:32.906  1662  1730 W PackageManager: Unknown permission com.android.launcher.permission.READ_SETTINGS in package com.android.settings
02-20 19:51:32.906  1662  1730 W PackageManager: Unknown permission com.android.launcher.permission.WRITE_SETTINGS in package com.android.settings
02-20 19:51:32.906  1662  1730 W PackageManager: Not granting permission android.permission.REGISTER_CONNECTION_MANAGER to package com.google.android.talk (protectionLevel=18 flags=0x3059be45)
02-20 19:51:32.907  1662  1730 W PackageManager: Unknown permission com.android.smspush.WAPPUSH_MANAGER_BIND in package com.android.phone
02-20 19:51:32.924  1662  1662 I SystemServiceManager: Starting com.android.server.DeviceIdleController
02-20 19:51:32.954  1662  1662 E DeviceIdleController: Bad device idle settings
02-20 19:51:32.954  1662  1662 E DeviceIdleController: java.lang.IllegalArgumentException: 'null' in 'null' is not a valid key-value pair
02-20 19:51:32.954  1662  1662 E DeviceIdleController: 	at android.util.KeyValueListParser.setString(KeyValueListParser.java:57)
02-20 19:51:32.954  1662  1662 E DeviceIdleController: 	at com.android.server.DeviceIdleController$Constants.updateConstants(DeviceIdleController.java:788)
02-20 19:51:32.954  1662  1662 E DeviceIdleController: 	at com.android.server.DeviceIdleController$Constants.<init>(DeviceIdleController.java:777)
02-20 19:51:32.954  1662  1662 E DeviceIdleController: 	at com.android.server.DeviceIdleController.onStart(DeviceIdleController.java:1328)
02-20 19:51:32.954  1662  1662 E DeviceIdleController: 	at com.android.server.SystemServiceManager.startService(SystemServiceManager.java:112)
02-20 19:51:32.954  1662  1662 E DeviceIdleController: 	at com.android.server.SystemServer.startOtherServices(SystemServer.java:752)
02-20 19:51:32.954  1662  1662 E DeviceIdleController: 	at com.android.server.SystemServer.run(SystemServer.java:334)
02-20 19:51:32.954  1662  1662 E DeviceIdleController: 	at com.android.server.SystemServer.main(SystemServer.java:219)
02-20 19:51:32.954  1662  1662 E DeviceIdleController: 	at java.lang.reflect.Method.invoke(Native Method)
02-20 19:51:32.954  1662  1662 E DeviceIdleController: 	at com.android.internal.os.ZygoteInit$MethodAndArgsCaller.run(ZygoteInit.java:886)
02-20 19:51:32.954  1662  1662 E DeviceIdleController: 	at com.android.internal.os.ZygoteInit.main(ZygoteInit.java:776)
02-20 19:51:32.966  1502  1502 I hostapd : wlan1: interface state COUNTRY_UPDATE->HT_SCAN
02-20 19:51:32.966  1662  1730 W MountService: No primary storage defined yet; hacking together a stub
02-20 19:51:32.967  1662  1730 W MountService: No primary storage defined yet; hacking together a stub
02-20 19:51:32.967  1662  1730 W MountService: No primary storage mounted!
02-20 19:51:32.968  1662  1730 D VoldConnector: SND -> {2 asec list}
02-20 19:51:32.968  1662  1731 D VoldConnector: RCV <- {200 2 asec operation succeeded}
02-20 19:51:32.966     0     0 D ieee80211 phy1: mac80211_hwsim_config (freq=0 idle=1 ps=0 smps=auto)
02-20 19:51:32.966     0     0 D ieee80211 phy1: hwsim hw_scan request
02-20 19:51:32.966     0     0 D ieee80211 phy1: hw scan 2412 MHz
02-20 19:51:32.982  1662  1662 I SystemServiceManager: Starting com.android.server.devicepolicy.DevicePolicyManagerService$Lifecycle
02-20 19:51:32.990  1662  1662 I SystemServer: StartStatusBarManagerService
02-20 19:51:32.991  1662  1662 I SystemServer: StartClipboardService
02-20 19:51:32.993  1662  1662 I SystemServer: StartNetworkManagementService
02-20 19:51:33.000  1662  1734 I NetworkManagement: onDaemonConnected()
02-20 19:51:33.005  1662  1662 I SystemServiceManager: Starting com.android.server.TextServicesManagerService$Lifecycle
02-20 19:51:33.009  1662  1662 I SystemServer: StartNetworkScoreService
02-20 19:51:33.011  1662  1662 I SystemServer: StartNetworkStatsService
02-20 19:51:33.016  1662  1662 I SystemServer: StartNetworkPolicyManagerService
02-20 19:51:33.022  1662  1662 I SystemServer: No Wi-Fi NAN Service (NAN support Not Present)
02-20 19:51:33.037  1662  1662 I SystemServiceManager: Starting com.android.server.wifi.p2p.WifiP2pService
02-20 19:51:33.060  1662  1662 I WifiP2pService: Registering wifip2p
02-20 19:51:33.060  1662  1662 I SystemServiceManager: Starting com.android.server.wifi.WifiService
02-20 19:51:33.080     0     0 D ieee80211 phy1: hw scan 2417 MHz
02-20 19:51:33.111  1662  1662 D HS20    : Passpoint is disabled
02-20 19:51:33.127  1376  1690 D CommandListener: Clearing all IP addresses on wlan0
02-20 19:51:33.200     0     0 D ieee80211 phy1: hw scan 2422 MHz
02-20 19:51:33.327  1662  1662 W art     : Long monitor contention with owner WifiStateMachine (1739) at boolean com.android.server.wifi.WifiNative.unloadDriverNative()(WifiNative.java:-2) waiters=0 in java.lang.String com.android.server.wifi.WifiNative.doStringCommand(java.lang.String) for 200ms
02-20 19:51:33.327  1662  1662 I dvm_lock_sample: [system_server,0,main,200,WifiNative.java,295,-,-2,40]
02-20 19:51:33.327  1662  1662 E WifiLogger: no ring buffers found
02-20 19:51:33.327  1662  1662 E WifiLogger: Failed to start packet fate monitoring
02-20 19:51:33.328  1662  1739 D WifiApConfigStore: 2G band allowed channels are:1,6,11
02-20 19:51:33.325     0     0 D ieee80211 phy1: hw scan 2427 MHz
02-20 19:51:33.331  1662  1662 D WifiController: isAirplaneModeOn = false, isWifiEnabled = true, isScanningAvailable = false
02-20 19:51:33.337  1662  1662 I WifiService: Registering wifi
02-20 19:51:33.345  1662  1662 I SystemServiceManager: Starting com.android.server.wifi.scanner.WifiScanningService
02-20 19:51:33.345  1662  1662 I WifiScanningService: Creating wifiscanner
02-20 19:51:33.346  1662  1662 I WifiScanningService: Publishing wifiscanner
02-20 19:51:33.347  1662  1662 I SystemServiceManager: Starting com.android.server.wifi.RttService
02-20 19:51:33.347  1662  1662 I RttService: Creating rttmanager
02-20 19:51:33.350  1662  1662 I RttService: Starting rttmanager
02-20 19:51:33.351  1662  1662 I SystemServer: StartConnectivityService
02-20 19:51:33.356  1662  1662 D ConnectivityService: ConnectivityService starting up
02-20 19:51:33.360  1662  1662 D ConnectivityService: wifiOnly=false
02-20 19:51:33.376  1662  1662 I SystemServer: StartNsdService
02-20 19:51:33.379  1662  1662 I SystemServer: StartUpdateLockService
02-20 19:51:33.379  1662  1662 I SystemServiceManager: Starting com.android.server.RecoverySystemService
02-20 19:51:33.381  1662  1662 I SystemServiceManager: Starting com.android.server.notification.NotificationManagerService
02-20 19:51:33.399  1662  1662 D ConditionProviders.SCP: new ScheduleConditionProvider()
02-20 19:51:33.410  1662  1662 D ZenLog  : config: readXml,ZenModeConfig[user=0,allowCalls=true,allowRepeatCallers=false,allowMessages=false,allowCallsFrom=contacts,allowMessagesFrom=contacts,allowReminders=true,allowEvents=true,allowWhenScreenOff=true,allowWhenScreenOn=true,automaticRules={9f9ced8d68674a989f37868f95d93ac7=ZenRule[enabled=false,snoozing=false,name=Weekend,zenMode=ZEN_MODE_ALARMS,conditionId=condition://android/schedule?days=6.7&start=23.30&end=10.0&exitAtAlarm=false,condition=Condition[id=condition://android/schedule?days=6.7&start=23.30&end=10.0&exitAtAlarm=false,summary=...,line1=...,line2=...,icon=0,state=STATE_FALSE,flags=2],component=ComponentInfo{android/com.android.server.notification.ScheduleConditionProvider},id=9f9ced8d68674a989f37868f95d93ac7,creationTime=1519154245406,enabler=null], 98612bb55a4646f5ba486d308ab94423=ZenRule[enabled=false,snoozing=false,name=Event,zenMode=ZEN_MODE_ALARMS,conditionId=condition://android/event?userId=-10000&calendar=&reply=1,condition=Condition[id=condition://android/event?userId=-10000&calendar=&reply=1,summary=...,line1=...,line2=...,icon=0,state=STATE_FALSE,flags=2],component=ComponentInfo{android/com.android.server.notification.EventConditionProvider},id=98612bb55a4646f5ba486d308ab94423,creationTime=1519154245406,enabler=null], 6f641ae47b9a4c289d295be5997fac22=ZenRule[enabled=false,snoozing=false,name=Weeknight,zenMode=ZEN_MODE_ALARMS,conditionId=condition://android/schedule?days=1.2.3.4.5&start=22.0&end=7.0&exitAtAlarm=false,condition=Condition[id=condition://android/schedule?days=1.2.3.4.5&start=22.0&end=7.0&exitAtAlarm=false,summary=...,line1=...,line2=...,icon=0,state=STATE_FALSE,flags=2],component=ComponentInfo{android/com.android.server.notification.ScheduleConditionProvider},id=6f641ae47b9a4c289d295be5997fac22,creationTime=1519154245406,enabler=null]},manualRule=null],Diff[automaticRule[49e963bf521e400ab21fcc8a99c4f261]:delete,automaticRule[9f9ced8d68674a989f37868f95d93ac7]:insert,automaticRule[98612bb55a4646f5ba486d308ab94423]:insert,automaticRule[666fe9d153d5450385127ec735fce5f8]:delete,automaticRule[6f641ae47b9a4c289d295be5997fac22]:insert,automaticRule[a0e9b09f349b4b3ba1f25eabeb9823f6]:delete]
02-20 19:51:33.415  1662  1662 D ZenLog  : set_zen_mode: off,init
02-20 19:51:33.418  1662  1662 I SystemServiceManager: Starting com.android.server.storage.DeviceStorageMonitorService
02-20 19:51:33.421  1662  1662 I free_storage_left: [846180352,168488960,846180352]
02-20 19:51:33.421  1662  1662 I free_storage_changed: 846180352
02-20 19:51:33.421  1662  1662 I SystemServer: StartLocationManagerService
02-20 19:51:33.424  1662  1662 I SystemServer: StartCountryDetectorService
02-20 19:51:33.425  1662  1662 I SystemServer: StartSearchManagerService
02-20 19:51:33.427  1662  1662 I SystemServiceManager: Starting com.android.server.search.SearchManagerService$Lifecycle
02-20 19:51:33.428  1662  1662 I SystemServiceManager: Starting com.android.server.DropBoxManagerService
02-20 19:51:33.430  1662  1662 I SystemServer: StartWallpaperManagerService
02-20 19:51:33.431  1662  1662 I SystemServiceManager: Starting com.android.server.wallpaper.WallpaperManagerService$Lifecycle
02-20 19:51:33.432  1662  1662 E BitmapFactory: Unable to decode stream: java.io.FileNotFoundException: /data/system/users/0/wallpaper_orig (No such file or directory)
02-20 19:51:33.432  1662  1662 E WallpaperManagerService: Invalid wallpaper data
02-20 19:51:33.432  1662  1662 E WallpaperManagerService: Unable to apply new wallpaper
02-20 19:51:33.434  1662  1662 I SystemServer: StartAudioService
02-20 19:51:33.434  1662  1662 I SystemServiceManager: Starting com.android.server.audio.AudioService$Lifecycle
02-20 19:51:33.444  1367  1426 D PermissionCache: checking android.permission.MODIFY_AUDIO_SETTINGS for uid=1000 => granted (2240 us)
02-20 19:51:33.445  1662  1662 W TelecomManager: Telecom Service not found.
02-20 19:51:33.448  1367  1418 W AudioFlinger: no wake lock to update, system not ready yet
02-20 19:51:33.441     0     0 D ieee80211 phy1: hw scan 2432 MHz
02-20 19:51:33.461  1662  1662 I SystemServiceManager: Starting com.android.server.DockObserver
02-20 19:51:33.461  1662  1662 W DockObserver: This kernel does not have dock station support
02-20 19:51:33.461  1662  1662 I SystemServer: StartWiredAccessoryManager
02-20 19:51:33.462  1662  1662 W WiredAccessoryManager: This kernel does not have usb audio support
02-20 19:51:33.462  1662  1662 W WiredAccessoryManager: This kernel does not have HDMI audio support
02-20 19:51:33.463  1662  1662 I SystemServiceManager: Starting com.android.server.midi.MidiService$Lifecycle
02-20 19:51:33.464  1662  1662 I SystemServiceManager: Starting com.android.server.usb.UsbService$Lifecycle
02-20 19:51:33.473  1662  1662 I SystemServer: StartSerialService
02-20 19:51:33.474  1662  1662 E HardwarePropertiesManagerService-JNI: Couldn't load thermal module (No such file or directory)
02-20 19:51:33.474  1662  1662 I SystemServiceManager: Starting com.android.server.twilight.TwilightService
02-20 19:51:33.475  1662  1662 I SystemServiceManager: Starting com.android.server.job.JobSchedulerService
02-20 19:51:33.477  1662  1662 D JobStore: Start tag: job-info
02-20 19:51:33.483  1662  1662 I SystemServiceManager: Starting com.android.server.soundtrigger.SoundTriggerService
02-20 19:51:33.488  1662  1662 I SystemServiceManager: Starting com.android.server.backup.BackupManagerService$Lifecycle
02-20 19:51:33.490  1662  1662 I SystemServiceManager: Starting com.android.server.appwidget.AppWidgetService
02-20 19:51:33.495  1662  1662 I SystemServiceManager: Starting com.android.server.voiceinteraction.VoiceInteractionManagerService
02-20 19:51:33.499  1662  1662 I SystemServer: Gesture Launcher Service
02-20 19:51:33.499  1662  1662 I SystemServiceManager: Starting com.android.server.GestureLauncherService
02-20 19:51:33.499  1662  1662 I SystemServiceManager: Starting com.android.server.SensorNotificationService
02-20 19:51:33.500  1662  1662 I SystemServiceManager: Starting com.android.server.ContextHubSystemService
02-20 19:51:33.502  1662  1662 E ContextHubService: ** Could not load context_hub module : err No such file or directory
02-20 19:51:33.502  1662  1662 W ContextHubService: No Context Hub Module present
02-20 19:51:33.502  1662  1662 I SystemServer: StartDiskStatsService
02-20 19:51:33.504  1662  1662 I SystemServer: StartSamplingProfilerService
02-20 19:51:33.507  1662  1662 I SystemServer: StartNetworkTimeUpdateService
02-20 19:51:33.507  1662  1662 I SystemServer: StartCommonTimeManagementService
02-20 19:51:33.509  1662  1662 I SystemServer: CertBlacklister
02-20 19:51:33.511  1662  1662 I SystemServiceManager: Starting com.android.server.emergency.EmergencyAffordanceService
02-20 19:51:33.513  1662  1662 I SystemServiceManager: Starting com.android.server.dreams.DreamManagerService
02-20 19:51:33.514  1662  1662 I SystemServer: StartAssetAtlasService
02-20 19:51:33.515  1662  1662 I SystemServiceManager: Starting com.android.server.print.PrintManagerService
02-20 19:51:33.518  1662  1755 D AssetAtlas: Loaded configuration: SliceMinArea (1280x1536) flags=0x2 count=91
02-20 19:51:33.521  1662  1662 I SystemServiceManager: Starting com.android.server.restrictions.RestrictionsManagerService
02-20 19:51:33.521  1313  1355 D         : HostConnection::get() New Host Connection established 0x733e0422fdc0, tid 1355
02-20 19:51:33.523  1662  1662 I SystemServiceManager: Starting com.android.server.media.MediaSessionService
02-20 19:51:33.527  1662  1662 I SystemServer: StartMediaRouterService
02-20 19:51:33.528  1662  1662 I SystemServiceManager: Starting com.android.server.trust.TrustManagerService
02-20 19:51:33.530  1662  1662 I SystemServiceManager: Starting com.android.server.fingerprint.FingerprintService
02-20 19:51:33.535  1379  1379 D PermissionCache: checking android.permission.MANAGE_FINGERPRINT for uid=1000 => granted (450 us)
02-20 19:51:33.535  1379  1379 V fingerprintd: nativeOpenHal()
02-20 19:51:33.536  1662  1755 D         : HostConnection::get() New Host Connection established 0x7596e9a12540, tid 1755
02-20 19:51:33.541  1379  1379 D FingerprintHal: ----------------> fingerprint_open ----------------->
02-20 19:51:33.541  1379  1379 E fingerprintd: Wrong fp version. Expected 512, got 513
02-20 19:51:33.541  1379  1379 D FingerprintHal: ----------------> set_notify_callback ----------------->
02-20 19:51:33.541  1379  1379 D FingerprintHal: fingerprint callback notification set
02-20 19:51:33.541  1379  1379 V fingerprintd: fingerprint HAL successfully initialized
02-20 19:51:33.542  1379  1756 D FingerprintHal: ----------------> listenerFunction ----------------->
02-20 19:51:33.543  1379  1379 V fingerprintd: setActiveGroup(0, /data/system/users/0/fpdata, 27)
02-20 19:51:33.543  1379  1379 D FingerprintHal: ----------------> fingerprint_set_active_group -----------------> path /data/system/users/0/fpdata
02-20 19:51:33.543  1379  1379 D FingerprintHal: ----------------> loadFingerprints ----------------->
02-20 19:51:33.543  1379  1379 E FingerprintHal: Could not load fingerprints from storage at /data/system/users/0/fpdata/emufp.bin; it has not yet been created.
02-20 19:51:33.544  1379  1379 D FingerprintHal: ----------------> loadAuthenticatorId ----------------->
02-20 19:51:33.544  1379  1379 D FingerprintHal: Read authenticator id (0x6b8b4567327b23c6)
02-20 19:51:33.545  1379  1379 D FingerprintHal: ----------------> fingerprint_get_auth_id ----------------->
02-20 19:51:33.545  1379  1379 D FingerprintHal: ----------------> fingerprint_get_auth_id auth id 6b8b4567327b23c6----------------->
02-20 19:51:33.545  1662  1662 V FingerprintService: Fingerprint HAL id: 123491324313600
02-20 19:51:33.546  1662  1662 I SystemServer: StartBackgroundDexOptService
02-20 19:51:33.547  1662  1662 I SystemServiceManager: Starting com.android.server.pm.ShortcutService$Lifecycle
02-20 19:51:33.556  1662  1662 I SystemServiceManager: Starting com.android.server.pm.LauncherAppsService
02-20 19:51:33.558  1662  1662 I SystemServiceManager: Starting com.android.server.media.projection.MediaProjectionManagerService
02-20 19:51:33.562     0     0 D ieee80211 phy1: hw scan 2437 MHz
02-20 19:51:33.597  1662  1662 V MediaRouter: Adding route: RouteInfo{ name=Phone, description=null, status=null, category=RouteCategory{ name=null types=ROUTE_TYPE_LIVE_AUDIO ROUTE_TYPE_LIVE_VIDEO  groupable=false }, supportedTypes=ROUTE_TYPE_LIVE_AUDIO ROUTE_TYPE_LIVE_VIDEO , presentationDisplay=null }
02-20 19:51:33.604  1662  1662 V MediaRouter: Updating audio routes: AudioRoutesInfo{ type=SPEAKER }
02-20 19:51:33.608  1662  1662 V MediaRouter: Selecting route: RouteInfo{ name=Phone, description=null, status=null, category=RouteCategory{ name=null types=ROUTE_TYPE_LIVE_AUDIO ROUTE_TYPE_LIVE_VIDEO  groupable=false }, supportedTypes=ROUTE_TYPE_LIVE_AUDIO ROUTE_TYPE_LIVE_VIDEO , presentationDisplay=null }
02-20 19:51:33.616  1662  1662 I WindowManager: SAFE MODE not enabled
02-20 19:51:33.617  1662  1662 I SystemServiceManager: Starting com.android.server.MmsServiceBroker
02-20 19:51:33.627  1662  1662 W VibratorService: Tried to stop vibrating but there is no vibrator device.
02-20 19:51:33.681     0     0 D ieee80211 phy1: hw scan 2442 MHz
02-20 19:51:33.697  1662  1662 E LockSettingsStorage: Cannot read file java.io.FileNotFoundException: /data/system/gatekeeper.password.key: open failed: ENOENT (No such file or directory)
02-20 19:51:33.697  1662  1662 E LockSettingsStorage: Cannot read file java.io.FileNotFoundException: /data/system/password.key: open failed: ENOENT (No such file or directory)
02-20 19:51:33.698  1662  1662 E LockSettingsStorage: Cannot read file java.io.FileNotFoundException: /data/system/gatekeeper.pattern.key: open failed: ENOENT (No such file or directory)
02-20 19:51:33.698  1662  1662 E LockSettingsStorage: Cannot read file java.io.FileNotFoundException: /data/system/gatekeeper.gesture.key: open failed: ENOENT (No such file or directory)
02-20 19:51:33.699  1662  1662 E LockSettingsStorage: Cannot read file java.io.FileNotFoundException: /data/system/gesture.key: open failed: ENOENT (No such file or directory)
02-20 19:51:33.699  1662  1662 I SystemServiceManager: Starting phase 480
02-20 19:51:33.730  1662  1662 I DevicePolicyManagerService: Set ro.device_owner property to false
02-20 19:51:33.739  1662  1662 I SystemServiceManager: Starting phase 500
02-20 19:51:33.742  1662  1662 D ConnectivityMetricsLoggerService: onBootPhase: PHASE_SYSTEM_SERVICES_READY
02-20 19:51:33.752  1662  1662 I WifiService: WifiService starting up with Wi-Fi enabled
02-20 19:51:33.753  1662  1662 D WifiService: setWifiEnabled: true pid=1662, uid=1000
02-20 19:51:33.753  1662  1662 I WifiScanningService: Starting wifiscanner
02-20 19:51:33.754  1662  1738 D WifiController: WifiController msg { when=-1ms what=155656 target=com.android.internal.util.StateMachine$SmHandler } deferred for 499ms
02-20 19:51:33.755  1662  1662 I RttService: Registering rttmanager
02-20 19:51:33.757  1662  1662 D ZenLog  : config: cleanUpZenRules,ZenModeConfig[user=0,allowCalls=true,allowRepeatCallers=false,allowMessages=false,allowCallsFrom=contacts,allowMessagesFrom=contacts,allowReminders=true,allowEvents=true,allowWhenScreenOff=true,allowWhenScreenOn=true,automaticRules={9f9ced8d68674a989f37868f95d93ac7=ZenRule[enabled=false,snoozing=false,name=Weekend,zenMode=ZEN_MODE_ALARMS,conditionId=condition://android/schedule?days=6.7&start=23.30&end=10.0&exitAtAlarm=false,condition=Condition[id=condition://android/schedule?days=6.7&start=23.30&end=10.0&exitAtAlarm=false,summary=...,line1=...,line2=...,icon=0,state=STATE_FALSE,flags=2],component=ComponentInfo{android/com.android.server.notification.ScheduleConditionProvider},id=9f9ced8d68674a989f37868f95d93ac7,creationTime=1519154245406,enabler=null], 98612bb55a4646f5ba486d308ab94423=ZenRule[enabled=false,snoozing=false,name=Event,zenMode=ZEN_MODE_ALARMS,conditionId=condition://android/event?userId=-10000&calendar=&reply=1,condition=Condition[id=condition://android/event?userId=-10000&calendar=&reply=1,summary=...,line1=...,line2=...,icon=0,state=STATE_FALSE,flags=2],component=ComponentInfo{android/com.android.server.notification.EventConditionProvider},id=98612bb55a4646f5ba486d308ab94423,creationTime=1519154245406,enabler=null], 6f641ae47b9a4c289d295be5997fac22=ZenRule[enabled=false,snoozing=false,name=Weeknight,zenMode=ZEN_MODE_ALARMS,conditionId=condition://android/schedule?days=1.2.3.4.5&start=22.0&end=7.0&exitAtAlarm=false,condition=Condition[id=condition://android/schedule?days=1.2.3.4.5&start=22.0&end=7.0&exitAtAlarm=false,summary=...,line1=...,line2=...,icon=0,state=STATE_FALSE,flags=2],component=ComponentInfo{android/com.android.server.notification.ScheduleConditionProvider},id=6f641ae47b9a4c289d295be5997fac22,creationTime=1519154245406,enabler=null]},manualRule=null],Diff[]
02-20 19:51:33.757  1662  1662 D ZenLog  : set_zen_mode: off,onSystemReady
02-20 19:51:33.762  1367  1426 D PermissionCache: checking android.permission.CAPTURE_AUDIO_HOTWORD for uid=1000 => granted (2259 us)
02-20 19:51:33.762  1662  1662 W SoundTriggerHelper: listModules status=0, # of modules=0
02-20 19:51:33.762  1662  1662 D ContextHubSystemService: onBootPhase: PHASE_SYSTEM_SERVICES_READY
02-20 19:51:33.763  1662  1755 D EGL_emulation: eglCreateContext: 0x7596e9a68240: maj 3 min 0 rcv 3
02-20 19:51:33.765  1662  1755 D EGL_emulation: eglMakeCurrent: 0x7596e9a68240: ver 3 0 (tinfo 0x7596e9b05be0)
02-20 19:51:33.791  1662  1662 V UserManagerService: Found /data/user_de/0 with serial number 0
02-20 19:51:33.792  1662  1662 V UserManagerService: Found /data/user/0 with serial number 0
02-20 19:51:33.792  1662  1662 V UserManagerService: Found /data/system_de/0 with serial number 0
02-20 19:51:33.792  1662  1662 V UserManagerService: Found /data/system_ce/0 with serial number 0
02-20 19:51:33.797  1662  1755 D AssetAtlas: Rendered atlas in 238.99ms (174.97+64.02ms)
02-20 19:51:33.802  1662  1705 W KeyguardServiceDelegate: onScreenTurningOn(): no keyguard service!
02-20 19:51:33.804     0     0 D ieee80211 phy1: hw scan 2447 MHz
02-20 19:51:33.812  1662  1662 I ActivityManager: System now ready
02-20 19:51:33.812  1662  1662 I boot_progress_ams_ready: 10812
02-20 19:51:33.818  1662  1662 I SystemServer: Making services ready
02-20 19:51:33.818  1662  1662 I SystemServiceManager: Starting phase 550
02-20 19:51:33.846  1662  1662 E InputMethodManagerService: Ignoring updateSystemUiLocked due to an invalid token. uid:1000 token:null
02-20 19:51:33.891  1662  1662 I Zygote  : Process: zygote socket opened, supported ABIS: x86_64
02-20 19:51:33.891  1365  1666 I art     : Starting a blocking GC HeapTrim
02-20 19:51:33.897  1662  1662 I am_proc_start: [0,1760,10053,com.android.inputmethod.latin,service,com.android.inputmethod.latin/.LatinIME]
02-20 19:51:33.897  1662  1662 I ActivityManager: Start proc 1760:com.android.inputmethod.latin/u0a53 for service com.android.inputmethod.latin/.LatinIME
02-20 19:51:33.897  1662  1662 V InputMethodManagerService: Adding window token: android.os.Binder@e1a6af6
02-20 19:51:33.899  1662  1662 E BitmapFactory: Unable to decode stream: java.io.FileNotFoundException: /data/system/users/0/wallpaper_orig (No such file or directory)
02-20 19:51:33.899  1662  1662 E WallpaperManagerService: Invalid wallpaper data
02-20 19:51:33.899  1662  1662 E WallpaperManagerService: Unable to apply new wallpaper
02-20 19:51:33.902  1662  1730 D MountService: Thinking about init, mSystemReady=true, mDaemonConnected=true
02-20 19:51:33.902  1662  1730 D MountService: Setting up emulation state, initlocked=false
02-20 19:51:33.902  1662  1730 D CryptdConnector: SND -> {2 cryptfs unlock_user_key 0 0 ! !}
02-20 19:51:33.902  1267  1303 D vold    : e4crypt_unlock_user_key 0 serial=0 token_present=0
02-20 19:51:33.902  1662  1732 D CryptdConnector: RCV <- {200 2 Command succeeded}
02-20 19:51:33.902  1662  1730 D MountService: Thinking about reset, mSystemReady=true, mDaemonConnected=true
02-20 19:51:33.902  1662  1730 D VoldConnector: SND -> {3 volume reset}
02-20 19:51:33.903  1267  1302 D vold    : Recognized experimental block major ID 253 as virtio-blk (emulator's virtual SD card device)
02-20 19:51:33.904  1267  1302 V vold    : /system/bin/sgdisk
02-20 19:51:33.904  1267  1302 V vold    :     --android-dump
02-20 19:51:33.904  1267  1302 V vold    :     /dev/block/vold/disk:253,64
02-20 19:51:33.908  1662  1731 D VoldConnector: RCV <- {651 emulated 7}
02-20 19:51:33.908  1662  1731 D VoldConnector: RCV <- {659 emulated}
02-20 19:51:33.908  1662  1731 D VoldConnector: RCV <- {650 emulated 2 "" ""}
02-20 19:51:33.908  1662  1731 D VoldConnector: RCV <- {651 emulated 0}
02-20 19:51:33.908  1662  1731 D VoldConnector: RCV <- {651 public:253,64 7}
02-20 19:51:33.908  1662  1731 D VoldConnector: RCV <- {659 public:253,64}
02-20 19:51:33.908  1662  1731 D VoldConnector: RCV <- {649 disk:253,64}
02-20 19:51:33.908  1662  1731 D VoldConnector: RCV <- {640 disk:253,64 5}
02-20 19:51:33.908  1662  1731 D VoldConnector: RCV <- {641 disk:253,64 536870912}
02-20 19:51:33.909  1662  1731 D VoldConnector: RCV <- {642 disk:253,64 Virtual}
02-20 19:51:33.909  1662  1731 D VoldConnector: RCV <- {644 disk:253,64 /sys//devices/pci0000:00/0000:00:07.0/virtio4/block/vde}
02-20 19:51:33.909  1662  1701 V MountService: Found primary storage at VolumeInfo{emulated}:
02-20 19:51:33.909  1662  1701 V MountService:     type=EMULATED diskId=null partGuid=null mountFlags=0 mountUserId=-1 
02-20 19:51:33.909  1662  1701 V MountService:     state=UNMOUNTED 
02-20 19:51:33.909  1662  1701 V MountService:     fsType=null fsUuid=null fsLabel=null 
02-20 19:51:33.909  1662  1701 V MountService:     path=null internalPath=null 
02-20 19:51:33.920     0     0 D ieee80211 phy1: hw scan 2452 MHz
02-20 19:51:33.921  1760  1760 W art     : Unexpected CPU variant for X86 using defaults: x86_64
02-20 19:51:33.925  1662  1662 I am_proc_start: [0,1766,10028,com.android.systemui,service,com.android.systemui/.ImageWallpaper]
02-20 19:51:33.925  1662  1662 I ActivityManager: Start proc 1766:com.android.systemui/u0a28 for service com.android.systemui/.ImageWallpaper
02-20 19:51:33.925  1662  1696 I ActivityManager: Force stopping com.android.providers.media appid=10011 user=-1: vold reset
02-20 19:51:33.926  1662  1662 D UsbAlsaManager: Adding ALSA device AlsaDevice: [card: 0, device: 0, type: 1]
02-20 19:51:33.926  1662  1662 D UsbAlsaManager: Adding ALSA device AlsaDevice: [card: 0, device: 0, type: 2]
02-20 19:51:33.926  1662  1662 I SystemServer: WebViewFactory preparation
02-20 19:51:33.926  1662  1752 E BluetoothAdapter: Bluetooth binder is null
02-20 19:51:33.926  1313  1326 D gralloc_ranchu: gralloc_alloc: Creating ashmem region of size 17051648
02-20 19:51:33.927  1662  1752 E BluetoothAdapter: Bluetooth binder is null
02-20 19:51:33.929  1367  1426 I AudioFlinger: systemReady
02-20 19:51:33.934  1662  1662 D WebViewFactory: Setting new address space to 137955392
02-20 19:51:33.938  1662  1662 I Zygote  : Process: zygote socket opened, supported ABIS: x86
02-20 19:51:33.939  1267  1302 V vold    : DISK mbr
02-20 19:51:33.939  1267  1302 V vold    : 
02-20 19:51:33.939  1267  1302 W vold    : disk:253,64 has unknown partition table; trying entire device
02-20 19:51:33.939  1267  1302 V vold    : /system/bin/blkid
02-20 19:51:33.939  1267  1302 V vold    :     -c
02-20 19:51:33.939  1267  1302 V vold    :     /dev/null
02-20 19:51:33.939  1267  1302 V vold    :     -s
02-20 19:51:33.939  1267  1302 V vold    :     TYPE
02-20 19:51:33.939  1267  1302 V vold    :     -s
02-20 19:51:33.939  1267  1302 V vold    :     UUID
02-20 19:51:33.939  1267  1302 V vold    :     -s
02-20 19:51:33.939  1267  1302 V vold    :     LABEL
02-20 19:51:33.939  1267  1302 V vold    :     /dev/block/vold/disk:253,64
02-20 19:51:33.939  1366  1366 I art     : Starting a blocking GC Background
02-20 19:51:33.951  1766  1766 W art     : Unexpected CPU variant for X86 using defaults: x86_64
02-20 19:51:33.960  1267  1302 V vold    : /dev/block/vold/disk:253,64: LABEL="SDCARD" UUID="1E12-0B12" TYPE="vfat" 
02-20 19:51:33.960  1267  1302 V vold    : 
02-20 19:51:33.960  1662  1731 D VoldConnector: RCV <- {650 public:253,64 0 "disk:253,64" ""}
02-20 19:51:33.960  1662  1731 D VoldConnector: RCV <- {651 public:253,64 0}
02-20 19:51:33.960  1662  1731 D VoldConnector: RCV <- {643 disk:253,64}
