02-20 19:51:35.964  1924  1924 D TelephonyManager: setTelephonyProperty: success phoneId=0 property=gsm.sim.operator.alpha value:  propVal=
02-20 19:51:35.964  1924  1924 E IccCardProxy: setExternalState: set mPhoneId=0 mExternalState=NOT_READY
02-20 19:51:35.964  1924  1924 D TelephonyManager: setTelephonyProperty: success phoneId=0 property=gsm.sim.state value: NOT_READY propVal=NOT_READY
02-20 19:51:35.967  1924  1924 D IccCardProxy: broadcastIccStateChangedIntent intent ACTION_SIM_STATE_CHANGED value=NOT_READY reason=null for mPhoneId=0
02-20 19:51:35.992  1662  1696 I am_proc_start: [0,2034,10004,com.android.cellbroadcastreceiver,broadcast,com.android.cellbroadcastreceiver/.CellBroadcastReceiver]
02-20 19:51:35.992  1662  1696 I ActivityManager: Start proc 2034:com.android.cellbroadcastreceiver/u0a4 for broadcast com.android.cellbroadcastreceiver/.CellBroadcastReceiver
02-20 19:51:35.992  1662  1697 I dvm_lock_sample: [system_server,1,android.ui,24,ActivityManagerService.java,4219,BroadcastQueue.java,760,4]
02-20 19:51:35.993  1662  1696 I boot_progress_enable_screen: 12993
02-20 19:51:35.993  1662  1696 V KeyguardServiceDelegate: *** Keyguard started
02-20 19:51:35.994  1662  1696 I screen_toggled: 1
02-20 19:51:35.994  1662  1703 I am_activity_launch_time: [0,135072812,com.android.settings/.FallbackHome,884,884]
02-20 19:51:35.994  1662  1703 I ActivityManager: Displayed com.android.settings/.FallbackHome: +884ms
02-20 19:51:35.994  1662  1662 I ActivityManager: user 0 is still locked. Cannot load recents
02-20 19:51:35.994  1924  1924 D RILJ    : setPhoneType=1 old value=0 [SUB0]
02-20 19:51:35.994  1924  1924 D TelephonyManager: setTelephonyProperty: success phoneId=0 property=gsm.current.phone-type value: 1 propVal=1
02-20 19:51:35.995  1924  1924 D IccCardProxy: Setting radio tech UMTS
02-20 19:51:35.995  1924  1924 D IccCardProxy: updateQuietMode: 3GPP subscription -> newQuietMode=false
02-20 19:51:35.995  1924  1924 D IccCardProxy: updateQuietMode: no changes don't setExternalState
02-20 19:51:35.995  1924  1924 D IccCardProxy: updateQuietMode: QuietMode is false (app_type=1 cdmaSource=-1)
02-20 19:51:35.997  1662  1703 I WindowManager: Screen frozen for +816ms due to AppWindowToken{eaa12fb token=Token{d4bc6f5 ActivityRecord{80d0c2c u0 com.android.settings/.FallbackHome t1}}}
02-20 19:51:36.001  1662  1696 W KeyguardServiceDelegate: onScreenTurningOn(): no keyguard service!
02-20 19:51:36.002  1662  1662 I notification_enqueue: [10028,1766,com.android.systemui,1397773634,public:253,64,-1,Notification(pri=0 contentView=null vibrate=null sound=null defaults=0x0 flags=0x100 color=0xff607d8b category=sys actions=2 vis=PUBLIC),0]
02-20 19:51:36.004  1924  1924 W CarrierConfigManager: Error getting config for subId -1 ICarrierConfigLoader is null
02-20 19:51:36.004  1662  1662 D TelephonyRegistry: notifyCellLocationForSubscriber: subId=0 cellLocation=Bundle[{}]
02-20 19:51:36.005  1924  1952 D SubscriptionController: [getPhoneId]- no sims, returning default phoneId=2147483647
02-20 19:51:36.007  1662  1976 D TelephonyRegistry: listen oscl: hasNotifySubscriptionInfoChangedOccurred==false no callback
02-20 19:51:36.011  1924  1924 D TelephonyManager: setTelephonyProperty: success phoneId=0 property=gsm.network.type value: Unknown propVal=Unknown
02-20 19:51:36.016  2034  2034 W art     : Unexpected CPU variant for X86 using defaults: x86_64
02-20 19:51:36.034  1924  1924 D RILJ    : [3654]> SIGNAL_STRENGTH [SUB0]
02-20 19:51:36.035  1662  1976 I am_proc_bound: [0,2034,com.android.cellbroadcastreceiver]
02-20 19:51:36.037  1377  1446 D RIL     : onRequest: SIGNAL_STRENGTH
02-20 19:51:36.043  1924  2010 D RilRequest: [3654]< SIGNAL_STRENGTH error: com.android.internal.telephony.CommandException: RADIO_NOT_AVAILABLE ret=
02-20 19:51:36.068  1924  1924 D SST     : notifyDataRegStateRilRadioTechnologyChanged: drs=1 rat=0
02-20 19:51:36.068  1924  1924 D TelephonyManager: setTelephonyProperty: success phoneId=0 property=gsm.network.type value: Unknown propVal=Unknown
02-20 19:51:36.118  1375  1838 I MediaPlayerService: MediaPlayerService::getOMX
02-20 19:51:36.118  2034  2034 W System  : ClassLoader referenced unknown path: /system/priv-app/CellBroadcastReceiver/lib/x86_64
02-20 19:51:36.118  1662  2052 I OMXClient: MuxOMX ctor
02-20 19:51:36.118  1372  1984 I OMXMaster: makeComponentInstance(OMX.google.vorbis.decoder) in mediacodec process
02-20 19:51:36.124  1924  1924 D DCT     : [0]DCT.constructor
02-20 19:51:36.125  1662  1795 D TelephonyRegistry: listen oscl: hasNotifySubscriptionInfoChangedOccurred==false no callback
02-20 19:51:36.135  1924  1924 D Dcc     : E ctor
02-20 19:51:36.135  1924  1924 D Dcc     : X ctor
02-20 19:51:36.135  1924  1924 D SubscriptionController: [getPhoneId] asked for default subId=-1
02-20 19:51:36.136  1924  2053 D DcTesterDeacativateAll: register for intent action=com.android.internal.telephony.dataconnection.action_deactivate_all
02-20 19:51:36.136  1924  2053 D DcTesterDeacativateAll: register for intent action=com.android.internal.telephony.action_detached
02-20 19:51:36.136  1924  2053 D Dcc     : DccDefaultState: msg.what=EVENT_RIL_CONNECTED mRilVersion=12
02-20 19:51:36.138  1924  1924 D DcTesterFailBrinupAll: register for intent action=com.android.internal.telephony.dataconnection.action_fail_bringup
02-20 19:51:36.141  1924  1924 D DcTesterFailBrinupAll: register for intent action=com.android.internal.telephony.action_detached
02-20 19:51:36.142  1924  1924 D DcTesterFailBrinupAll: register for intent action=com.android.internal.telephony.action_attached
02-20 19:51:36.144  1924  1924 D SST     : notifyDataRegStateRilRadioTechnologyChanged: drs=1 rat=0
02-20 19:51:36.144  1924  1924 D TelephonyManager: setTelephonyProperty: success phoneId=0 property=gsm.network.type value: Unknown propVal=Unknown
02-20 19:51:36.144  1924  1924 D DCT     : [0]update sub = -2
02-20 19:51:36.144  1924  1924 D DCT     : [0]update(): Active DDS, register for all events now!
02-20 19:51:36.145  1924  1924 D GsmCdmaPhone: [GsmCdmaPhone] updateCurrentCarrierInProvider: mSubId = -2 currentDds = 1 operatorNumeric = null
02-20 19:51:36.146  1924  1924 D DCT     : [0]initApnContexts: E
02-20 19:51:36.146  1924  1924 D DCT     : [0]initApnContexts: skipping unknown type=1
02-20 19:51:36.147  1924  1924 D DCT     : [0]initApnContexts: apnContext={mApnType=default mState=IDLE mWaitingApns={null} mApnSetting={null} mReason=dataEnabled mDataEnabled=false mDependencyMet=true}
02-20 19:51:36.147  1924  1924 D DCT     : [0]initApnContexts: apnContext={mApnType=mms mState=IDLE mWaitingApns={null} mApnSetting={null} mReason=dataEnabled mDataEnabled=false mDependencyMet=true}
02-20 19:51:36.147  1924  1924 D DCT     : [0]initApnContexts: apnContext={mApnType=supl mState=IDLE mWaitingApns={null} mApnSetting={null} mReason=dataEnabled mDataEnabled=false mDependencyMet=true}
02-20 19:51:36.147  1924  1924 D DCT     : [0]initApnContexts: apnContext={mApnType=hipri mState=IDLE mWaitingApns={null} mApnSetting={null} mReason=dataEnabled mDataEnabled=false mDependencyMet=true}
02-20 19:51:36.147  1924  1924 D DCT     : [0]initApnContexts: apnContext={mApnType=fota mState=IDLE mWaitingApns={null} mApnSetting={null} mReason=dataEnabled mDataEnabled=false mDependencyMet=true}
02-20 19:51:36.147  1924  1924 D DCT     : [0]initApnContexts: apnContext={mApnType=ims mState=IDLE mWaitingApns={null} mApnSetting={null} mReason=dataEnabled mDataEnabled=false mDependencyMet=true}
02-20 19:51:36.147  1924  1924 D DCT     : [0]initApnContexts: apnContext={mApnType=cbs mState=IDLE mWaitingApns={null} mApnSetting={null} mReason=dataEnabled mDataEnabled=false mDependencyMet=true}
02-20 19:51:36.147  1924  1924 D DCT     : [0]initApnContexts: skipping unknown type=13
02-20 19:51:36.147  1924  1924 D DCT     : [0]initApnContexts: apnContext={mApnType=ia mState=IDLE mWaitingApns={null} mApnSetting={null} mReason=dataEnabled mDataEnabled=false mDependencyMet=true}
02-20 19:51:36.147  1924  1924 D DCT     : [0]initApnContexts: apnContext={mApnType=emergency mState=IDLE mWaitingApns={null} mApnSetting={null} mReason=dataEnabled mDataEnabled=false mDependencyMet=true}
02-20 19:51:36.166  1924  1924 D GsmCdmaPhone: [GsmCdmaPhone] GsmCdmaPhone: constructor: sub = 0
02-20 19:51:36.166  1924  1924 I PhoneFactory: Creating Phone with type = 1 sub = 0
02-20 19:51:36.171  1924  1924 I PhoneFactory: defaultSmsApplication: NONE
02-20 19:51:36.175  1924  1924 I PhoneFactory: Creating SubInfoRecordUpdater 
02-20 19:51:36.175  1924  1924 D SubscriptionInfoUpdater: Constructor invoked
02-20 19:51:36.209  1662  1696 W art     : Long monitor contention with owner android.display (1703) at void com.android.server.wm.WindowManagerService$H.handleMessage(android.os.Message)(WindowManagerService.java:8368) waiters=0 in void com.android.server.wm.WindowManagerService.performEnableScreen() for 208ms
02-20 19:51:36.209  1662  1696 I dvm_lock_sample: [system_server,1,ActivityManager,208,WindowManagerService.java,6036,-,8368,41]
02-20 19:51:36.223  1662  1673 I art     : Background sticky concurrent mark sweep GC freed 33989(2MB) AllocSpace objects, 8(160KB) LOS objects, 9% free, 22MB/24MB, paused 5.224ms total 208.974ms
02-20 19:51:36.307  1375  1375 I MediaPlayerService: MediaPlayerService::getOMX
02-20 19:51:36.309  1662  2058 I OMXClient: MuxOMX ctor
02-20 19:51:36.309  1372  2020 I OMXMaster: makeComponentInstance(OMX.google.vorbis.decoder) in mediacodec process
02-20 19:51:36.331  1662  1696 W art     : Long monitor contention with owner Binder:1662_4 (1795) at int com.android.server.wm.WindowManagerService.relayoutWindow(com.android.server.wm.Session, android.view.IWindow, int, android.view.WindowManager$LayoutParams, int, int, int, int, android.graphics.Rect, android.graphics.Rect, android.graphics.Rect, android.graphics.Rect, android.graphics.Rect, android.graphics.Rect, android.graphics.Rect, android.content.res.Configuration, android.view.Surface)(WindowManagerService.java:2857) waiters=1 in void com.android.server.wm.WindowManagerService.setEventDispatching(boolean) for 119ms
02-20 19:51:36.331  1662  1696 I dvm_lock_sample: [system_server,1,ActivityManager,119,WindowManagerService.java,8060,-,2857,23]
02-20 19:51:36.333  1662  1966 W art     : Long monitor contention with owner ActivityManager (1696) at void com.android.server.am.ActivityManagerService.enableScreenAfterBoot()(ActivityManagerService.java:6709) waiters=1 in android.content.Intent com.android.server.am.ActivityManagerService.registerReceiver(android.app.IApplicationThread, java.lang.String, android.content.IIntentReceiver, android.content.IntentFilter, java.lang.String, int) for 120ms
02-20 19:51:36.333  1662  1966 I dvm_lock_sample: [system_server,1,Binder:1662_5,120,ActivityManagerService.java,17547,-,6709,24]
02-20 19:51:36.376  1766  1766 I Choreographer: Skipped 34 frames!  The application may be doing too much work on its main thread.
02-20 19:51:36.402  1662  1793 D TelephonyRegistry: listen oscl: hasNotifySubscriptionInfoChangedOccurred==false no callback
02-20 19:51:36.402  1924  1924 D SubscriptionController: [getPhoneId]- no sims, returning default phoneId=2147483647
02-20 19:51:36.403  1662  1750 D NotificationSQLiteLog: Pruned event entries: 0
02-20 19:51:36.405  1662  1976 D TelephonyRegistry: listen oscl: hasNotifySubscriptionInfoChangedOccurred==false no callback
02-20 19:51:36.406  1924  1924 D PhoneSwitcherNetworkRequstListener: Registering NetworkFactory
02-20 19:51:36.406  1662  1745 D ConnectivityService: Got NetworkFactory Messenger for PhoneSwitcherNetworkRequstListener
02-20 19:51:36.407  1924  1924 D PhoneSwitcher: PhoneSwitcher started
02-20 19:51:36.407  1924  1924 D ProxyController: Constructor - Enter
02-20 19:51:36.415  1924  1924 D ProxyController: clearTransaction
02-20 19:51:36.415  1924  1924 D ProxyController: clearTransaction: phoneId=0 status=IDLE
02-20 19:51:36.415  1924  1924 D ProxyController: Constructor - Exit
02-20 19:51:36.416  1924  1924 D TelephonyNetworkFactory[0]: Registering NetworkFactory
02-20 19:51:36.416  1662  1745 D ConnectivityService: Got NetworkFactory Messenger for TelephonyNetworkFactory[0]
02-20 19:51:36.418  1662  1751 E ActivityThread: Failed to find provider info for com.android.calendar
02-20 19:51:36.420  1924  1924 D CallManager: registerPhone(GSM Handler (com.android.internal.telephony.GsmCdmaPhone) {326aa6f})
02-20 19:51:36.420  1662  1751 E ActivityThread: Failed to find provider info for com.android.calendar
02-20 19:51:36.420  1924  1955 D SubscriptionController: [getPhoneId]- no sims, returning default phoneId=2147483647
02-20 19:51:36.422  1662  1966 D TelephonyRegistry: listen oscl: hasNotifySubscriptionInfoChangedOccurred==false no callback
02-20 19:51:36.425  1662  1695 I SyncManager: Got SyncJobService instance.
02-20 19:51:36.426  1662  1662 I FusedLocation: engine started (com.android.location.fused)
02-20 19:51:36.500  1313  1323 I SurfaceFlinger: Boot is finished (11629 ms)
02-20 19:51:36.501  1313  1323 I sf_stop_bootanim: 13501
02-20 19:51:36.507  1924  2064 E ActivityThread: Failed to find provider info for com.android.contacts
02-20 19:51:36.507  1924  2064 W CallerInfoCache: cursor is null
02-20 19:51:36.526  1924  1924 D CarrierConfigLoader: CarrierConfigLoader has started
02-20 19:51:36.529  1924  1924 E BluetoothAdapter: Bluetooth binder is null
02-20 19:51:36.529  1662  2057 D TelephonyRegistry: listen oscl: hasNotifySubscriptionInfoChangedOccurred==false no callback
02-20 19:51:36.553  1924  1924 D RILJ    : [3655]> RIL_REQUEST_SET_TTY_MODE : 0 [SUB0]
02-20 19:51:36.554  1377  1446 D RIL     : onRequest: SET_TTY_MODE
02-20 19:51:36.554  1924  2010 D RilRequest: [3655]< RIL_REQUEST_SET_TTY_MODE error: com.android.internal.telephony.CommandException: RADIO_NOT_AVAILABLE ret=
02-20 19:51:36.554  1924  1924 I Telephony: TtyManager: updateUiTtyMode -1 -> 0
02-20 19:51:36.557  1662  1693 D TelephonyRegistry: listen oscl: hasNotifySubscriptionInfoChangedOccurred==false no callback
02-20 19:51:36.558  1924  1924 D SubscriptionController: [getPhoneId] asked for default subId=-1
02-20 19:51:36.563  1924  1924 D UiccController: EVENT_RADIO_UNAVAILABLE, dispose card
02-20 19:51:36.563  1924  1924 D UiccController: Received EVENT_ICC_STATUS_CHANGED, calling getIccCardStatus
02-20 19:51:36.564  1924  1924 D RILJ    : [3656]> GET_SIM_STATUS [SUB0]
02-20 19:51:36.567  1377  1446 D RIL     : onRequest: GET_SIM_STATUS
02-20 19:51:36.567  1377  1446 D RIL     : getSIMStatus(). sState: 0
02-20 19:51:36.568  1924  2010 D RILJ    : [3656]< GET_SIM_STATUS IccCardState {CARDSTATE_PRESENT,PINSTATE_UNKNOWN,num_apps=2,gsm_id=0{APPTYPE_SIM,APPSTATE_DETECTED},cdma_id=1{APPTYPE_RUIM,APPSTATE_DETECTED},ims_id=8} [SUB0]
02-20 19:51:36.570  1924  1924 D Phone   : config LCE service failed: com.android.internal.telephony.CommandException: RADIO_NOT_AVAILABLE
02-20 19:51:36.570  1924  1924 D GsmSMSDispatcher: GsmSMSDispatcher: subId = -2 slotId = 0
02-20 19:51:36.570  1924  1924 E IccCardProxy: setExternalState: !override and newstate unchanged from NOT_READY
02-20 19:51:36.570  1924  1924 D RILJ    : [3657]> BASEBAND_VERSION [SUB0]
02-20 19:51:36.571  1377  1446 D RIL     : onRequest: BASEBAND_VERSION
02-20 19:51:36.571  1924  1924 D RILJ    : [3658]> GET_IMEI [SUB0]
02-20 19:51:36.571  1924  2010 D RilRequest: [3657]< BASEBAND_VERSION error: com.android.internal.telephony.CommandException: RADIO_NOT_AVAILABLE ret=
02-20 19:51:36.574  1924  1924 D RILJ    : [3659]> GET_IMEISV [SUB0]
02-20 19:51:36.574  1377  1446 D RIL     : onRequest: GET_IMEI
02-20 19:51:36.574  1377  1446 D AT      : AT> AT+CGSN
02-20 19:51:36.574  1377  1448 D AT      : AT< 000000000000000
02-20 19:51:36.574  1377  1448 D AT      : AT< OK
02-20 19:51:36.574  1924  2010 D RILJ    : [3658]< GET_IMEI  [SUB0]
02-20 19:51:36.576  1924  1924 D RILJ    : [3660]> RIL_REQUEST_GET_RADIO_CAPABILITY [SUB0]
02-20 19:51:36.577  1377  1446 D RIL     : onRequest: GET_IMEISV
02-20 19:51:36.577  1924  1924 D RILJ    : [3661]> RIL_REQUEST_START_LCE [SUB0]
02-20 19:51:36.577  1377  1446 D RIL     : onRequest: RIL_REQUEST_GET_RADIO_CAPABILITY
02-20 19:51:36.577  1924  2010 D RilRequest: [3659]< GET_IMEISV error: com.android.internal.telephony.CommandException: RADIO_NOT_AVAILABLE ret=
02-20 19:51:36.577  1924  2010 D RilRequest: [3660]< RIL_REQUEST_GET_RADIO_CAPABILITY error: com.android.internal.telephony.CommandException: RADIO_NOT_AVAILABLE ret=
02-20 19:51:36.577  1377  1446 D RIL     : onRequest: <unknown request>
02-20 19:51:36.577  1924  2010 D RilRequest: [3661]< RIL_REQUEST_START_LCE error: com.android.internal.telephony.CommandException: RADIO_NOT_AVAILABLE ret=
02-20 19:51:36.578  1924  1924 D GsmCdmaPhone: [GsmCdmaPhone] Event EVENT_RADIO_OFF_OR_NOT_AVAILABLE Received
02-20 19:51:36.578  1924  1924 E IccCardProxy: setExternalState: !override and newstate unchanged from NOT_READY
02-20 19:51:36.578  1924  1924 D SST     : mDeviceShuttingDown=false, mDesiredPowerState=true, getRadioState=RADIO_OFF, mPowerOffDelayNeed=true, mAlarmSwitch=false, mRadioDisabledByCarrier=false
02-20 19:51:36.578  1924  1924 D RILJ    : [3662]> RADIO_POWER on [SUB0]
02-20 19:51:36.578  1377  1446 D RIL     : onRequest: RADIO_POWER
02-20 19:51:36.598     0     0 I init    : Service 'bootanim' (pid 1333) exited with status 0
02-20 19:51:36.603     0     0 I init    : Starting service 'exec 6 (/system/bin/bootstat)'...
02-20 19:51:36.645     0     0 I init    : Service 'exec 6 (/system/bin/bootstat)' (pid 2067) exited with status 0
02-20 19:51:36.647     0     0 I init    : Starting service 'exec 7 (/system/bin/bootstat)'...
02-20 19:51:36.578  1377  1446 D AT      : AT> AT+CFUN=1
02-20 19:51:36.578  1377  1448 D AT      : AT< OK
02-20 19:51:36.578  1377  1446 D RIL     : setRadioState(10)
02-20 19:51:36.578  1924  2010 D RILJ    : [UNSL]< UNSOL_RESPONSE_RADIO_STATE_CHANGED RADIO_ON [SUB0]
02-20 19:51:36.578  1924  2010 D RILJ    : [UNSL]< UNSOL_RESPONSE_SIM_STATUS_CHANGED [SUB0]
02-20 19:51:36.579  1924  2010 D RILJ    : [3662]< RADIO_POWER  [SUB0]
02-20 19:51:36.579  1924  1924 D RILJ    : [3663]> OPERATOR [SUB0]
02-20 19:51:36.582  1377  1446 D RIL     : onRequest: OPERATOR
02-20 19:51:36.582  1377  1446 D AT      : AT> AT+COPS=3,0;+COPS?;+COPS=3,1;+COPS?;+COPS=3,2;+COPS?
02-20 19:51:36.582  1924  1924 D RILJ    : [3664]> DATA_REGISTRATION_STATE [SUB0]
02-20 19:51:36.583  1924  1924 D RILJ    : [3665]> VOICE_REGISTRATION_STATE [SUB0]
02-20 19:51:36.583  1924  1924 D RILJ    : [3666]> QUERY_NETWORK_SELECTION_MODE [SUB0]
02-20 19:51:36.583  1924  1924 D SST     : NITZ: 18/02/20:19:51:28+0:0:Unknown!Unknown,4231 start=13583 delay=9352
02-20 19:51:36.584  1924  1924 D SST     : NITZ: tzOffset=0 dst=0 zone=GMT iso= mGotCountryCode=false mNeedFixZoneAfterNitz=false
02-20 19:51:36.584  1924  1924 D SST     : setAndBroadcastNetworkSetTimeZone: setTimeZone=GMT
02-20 19:51:36.584  1662  1693 D AlarmManagerService: Kernel timezone updated to 0 minutes west of GMT
02-20 19:51:36.584  1924  1924 D SST     : setAndBroadcastNetworkSetTimeZone: call alarm.setTimeZone and broadcast zoneId=GMT
02-20 19:51:36.585  1924  1924 D SST     : NITZ: Setting time of day to Tue Feb 20 19:51:37 GMT+00:00 2018 NITZ receive delay(ms): 9354 gained(ms): 769 from 18/02/20:19:51:28+0:0:Unknown!Unknown
02-20 19:51:36.585  1924  1924 D SST     : setAndBroadcastNetworkSetTime: time=1519156297354ms
02-20 19:51:36.585  1662  2057 D AlarmManagerService: Setting time of day to sec=1519156297
02-20 19:51:37.355  1662  2057 W AlarmManagerService: Unable to set rtc to 1519156297: No such device
02-20 19:51:37.355  1377  1448 D AT      : AT< +COPS: 0,0,"Android"
02-20 19:51:37.355  1377  1448 D AT      : AT< +COPS: 0,1,"Android"
02-20 19:51:37.355  1377  1448 D AT      : AT< +COPS: 0,2,"310260"
02-20 19:51:37.355  1377  1448 D AT      : AT< OK
02-20 19:51:37.356  1662  1662 D ConditionProviders.SCP: onReceive android.intent.action.TIME_SET
02-20 19:51:37.356  1662  1662 D ConditionProviders.SCP: notifyCondition condition://android/schedule?days=6.7&start=23.30&end=10.0&exitAtAlarm=false STATE_FALSE reason=!meetsSchedule
02-20 19:51:37.356  1377  1446 D RIL     : onRequest: DATA_REGISTRATION_STATE
02-20 19:51:37.356  1377  1446 D RIL     : requestRegistrationState
02-20 19:51:37.356  1377  1446 D AT      : AT> AT+CGREG?
02-20 19:51:37.356  1662  1662 D ConditionProviders.SCP: notifyCondition condition://android/schedule?days=1.2.3.4.5&start=22.0&end=7.0&exitAtAlarm=false STATE_FALSE reason=!meetsSchedule
02-20 19:51:37.356  1924  2010 D RILJ    : [3663]< OPERATOR {Android, Android, 310260} [SUB0]
02-20 19:51:37.356  1662  1662 D ConditionProviders.SCP: Scheduling evaluate for Tue Feb 20 22:00:00 GMT+00:00 2018 (1519164000000), in +2h8m22s644ms, now=Tue Feb 20 19:51:37 GMT+00:00 2018 (1519156297356)
02-20 19:51:37.356  1377  1448 D AT      : AT< +CGREG: 1,1,"0003","005b","000e"
02-20 19:51:37.356  1377  1448 D AT      : AT< OK
02-20 19:51:37.356  1377  1446 D RIL     : parseRegistrationState. Parsing: +CGREG: 1,1,"0003","005b","000e"
02-20 19:51:37.356  1377  1446 D RIL     : registration state type: 3GPP
02-20 19:51:37.356  1377  1446 D RIL     : onRequest: VOICE_REGISTRATION_STATE
02-20 19:51:37.356  1377  1446 D RIL     : requestRegistrationState
02-20 19:51:37.356  1377  1446 D AT      : AT> AT+CREG?
02-20 19:51:37.357  1924  2010 D RILJ    : [3664]< DATA_REGISTRATION_STATE {1, 3, 5b, 14, null, null} [SUB0]
02-20 19:51:37.357  1377  1448 D AT      : AT< +CREG: 2,1, "0003", "005b"
02-20 19:51:37.357  1377  1448 D AT      : AT< OK
02-20 19:51:37.357  1377  1446 D RIL     : parseRegistrationState. Parsing: +CREG: 2,1, "0003", "005b"
02-20 19:51:37.357  1377  1446 D RIL     : registration state type: 3GPP
02-20 19:51:37.357  1377  1446 D RIL     : onRequest: QUERY_NETWORK_SELECTION_MODE
02-20 19:51:37.357  1924  2010 D RILJ    : [3665]< VOICE_REGISTRATION_STATE {1, 3, 5b, 0, null, null, null, null, null, null, null, null, null, null, null} [SUB0]
02-20 19:51:37.357  1377  1446 D AT      : AT> AT+COPS?
02-20 19:51:37.357  1662  1694 I StatusBarManagerService: registerStatusBar bar=com.android.internal.statusbar.IStatusBar$Stub$Proxy@b0b2a9a
02-20 19:51:37.357  1377  1448 D AT      : AT< +COPS: 0,2,310260
02-20 19:51:37.357  1377  1448 D AT      : AT< OK
02-20 19:51:37.357  1924  2010 D RILJ    : [3666]< QUERY_NETWORK_SELECTION_MODE {0} [SUB0]
02-20 19:51:37.372  1924  1924 I SST     : NITZ: after Setting time of day
02-20 19:51:37.373  1924  1924 D SST     : NITZ: end=13604 dur=21
02-20 19:51:37.373  1924  1924 D SST     : mDeviceShuttingDown=false, mDesiredPowerState=true, getRadioState=RADIO_ON, mPowerOffDelayNeed=true, mAlarmSwitch=false, mRadioDisabledByCarrier=false
02-20 19:51:37.373  1924  1924 D RILJ    : [3667]> OPERATOR [SUB0]
02-20 19:51:37.373  1924  1924 D RILJ    : [3668]> DATA_REGISTRATION_STATE [SUB0]
02-20 19:51:37.373  1377  1446 D RIL     : onRequest: OPERATOR
02-20 19:51:37.373  1377  1446 D AT      : AT> AT+COPS=3,0;+COPS?;+COPS=3,1;+COPS?;+COPS=3,2;+COPS?
02-20 19:51:37.373  1924  1924 D RILJ    : [3669]> VOICE_REGISTRATION_STATE [SUB0]
02-20 19:51:37.373  1377  1448 D AT      : AT< +COPS: 0,0,"Android"
02-20 19:51:37.373  1377  1448 D AT      : AT< +COPS: 0,1,"Android"
02-20 19:51:37.373  1377  1448 D AT      : AT< +COPS: 0,2,"310260"
02-20 19:51:37.373  1377  1448 D AT      : AT< OK
02-20 19:51:37.373  1924  1924 D RILJ    : [3670]> QUERY_NETWORK_SELECTION_MODE [SUB0]
02-20 19:51:37.373  1377  1446 D RIL     : onRequest: DATA_REGISTRATION_STATE
02-20 19:51:37.373  1377  1446 D RIL     : requestRegistrationState
02-20 19:51:37.373  1377  1446 D AT      : AT> AT+CGREG?
02-20 19:51:37.374  1924  1924 D SST     : onSignalStrengthResult() Exception from RIL : com.android.internal.telephony.CommandException: RADIO_NOT_AVAILABLE
02-20 19:51:37.374  1924  2010 D RILJ    : [3667]< OPERATOR {Android, Android, 310260} [SUB0]
02-20 19:51:37.374  1377  1448 D AT      : AT< +CGREG: 1,1,"0003","005b","000e"
02-20 19:51:37.374  1377  1448 D AT      : AT< OK
02-20 19:51:37.374  1377  1446 D RIL     : parseRegistrationState. Parsing: +CGREG: 1,1,"0003","005b","000e"
02-20 19:51:37.374  1377  1446 D RIL     : registration state type: 3GPP
02-20 19:51:37.374  1924  2010 D RILJ    : [3668]< DATA_REGISTRATION_STATE {1, 3, 5b, 14, null, null} [SUB0]
02-20 19:51:37.374  1924  1924 D DCT     : [0]onRadioAvailable
02-20 19:51:37.374  1924  1924 D DCT     : [0]onRadioOffOrNotAvailable: is off and clean up all connections
02-20 19:51:37.374  1924  1924 D DCT     : [0]cleanUpAllConnections: tearDown=false reason=radioTurnedOff
02-20 19:51:37.374  1924  1924 D GsmCdmaPhone: [GsmCdmaPhone] getDataConnectionState apnType=default ret=DISCONNECTED
02-20 19:51:37.374  1377  1446 D RIL     : onRequest: VOICE_REGISTRATION_STATE
02-20 19:51:37.374  1377  1446 D RIL     : requestRegistrationState
02-20 19:51:37.374  1377  1446 D AT      : AT> AT+CREG?
02-20 19:51:37.374  1377  1448 D AT      : AT< +CREG: 2,1, "0003", "005b"
02-20 19:51:37.374  1377  1448 D AT      : AT< OK
02-20 19:51:37.375  1377  1446 D RIL     : parseRegistrationState. Parsing: +CREG: 2,1, "0003", "005b"
02-20 19:51:37.375  1377  1446 D RIL     : registration state type: 3GPP
02-20 19:51:37.375  1377  1446 D RIL     : onRequest: QUERY_NETWORK_SELECTION_MODE
02-20 19:51:37.375  1377  1446 D AT      : AT> AT+COPS?
02-20 19:51:37.375  1924  2010 D RILJ    : [3669]< VOICE_REGISTRATION_STATE {1, 3, 5b, 0, null, null, null, null, null, null, null, null, null, null, null} [SUB0]
02-20 19:51:37.375  1377  1448 D AT      : AT< +COPS: 0,2,310260
02-20 19:51:37.375  1377  1448 D AT      : AT< OK
02-20 19:51:37.376  1924  2010 D RILJ    : [3670]< QUERY_NETWORK_SELECTION_MODE {0} [SUB0]
02-20 19:51:37.381  1924  1924 D DCT     : [0]cleanUpConnection: X tearDown=false reason=radioTurnedOff apnContext={mApnType=default mState=IDLE mWaitingApns={null} mApnSetting={null} mReason=radioTurnedOff mDataEnabled=false mDependencyMet=true} dcac=null
02-20 19:51:37.381  1924  1924 D GsmCdmaPhone: [GsmCdmaPhone] getDataConnectionState apnType=mms ret=DISCONNECTED
02-20 19:51:37.381  1924  1924 D DCT     : [0]cleanUpConnection: X tearDown=false reason=radioTurnedOff apnContext={mApnType=mms mState=IDLE mWaitingApns={null} mApnSetting={null} mReason=radioTurnedOff mDataEnabled=false mDependencyMet=true} dcac=null
02-20 19:51:37.381  1924  1924 D GsmCdmaPhone: [GsmCdmaPhone] getDataConnectionState apnType=cbs ret=DISCONNECTED
02-20 19:51:37.385  1924  1924 D DCT     : [0]cleanUpConnection: X tearDown=false reason=radioTurnedOff apnContext={mApnType=cbs mState=IDLE mWaitingApns={null} mApnSetting={null} mReason=radioTurnedOff mDataEnabled=false mDependencyMet=true} dcac=null
02-20 19:51:37.385  1924  1924 D GsmCdmaPhone: [GsmCdmaPhone] getDataConnectionState apnType=fota ret=DISCONNECTED
02-20 19:51:37.387  1924  1924 D DCT     : [0]cleanUpConnection: X tearDown=false reason=radioTurnedOff apnContext={mApnType=fota mState=IDLE mWaitingApns={null} mApnSetting={null} mReason=radioTurnedOff mDataEnabled=false mDependencyMet=true} dcac=null
02-20 19:51:37.387  1924  1924 D GsmCdmaPhone: [GsmCdmaPhone] getDataConnectionState apnType=supl ret=DISCONNECTED
02-20 19:51:37.388  1924  1924 D DCT     : [0]cleanUpConnection: X tearDown=false reason=radioTurnedOff apnContext={mApnType=supl mState=IDLE mWaitingApns={null} mApnSetting={null} mReason=radioTurnedOff mDataEnabled=false mDependencyMet=true} dcac=null
02-20 19:51:37.388  1924  1924 D GsmCdmaPhone: [GsmCdmaPhone] getDataConnectionState apnType=ia ret=DISCONNECTED
02-20 19:51:37.388  1924  1924 D DCT     : [0]cleanUpConnection: X tearDown=false reason=radioTurnedOff apnContext={mApnType=ia mState=IDLE mWaitingApns={null} mApnSetting={null} mReason=radioTurnedOff mDataEnabled=false mDependencyMet=true} dcac=null
02-20 19:51:37.388  1924  1924 D GsmCdmaPhone: [GsmCdmaPhone] getDataConnectionState apnType=emergency ret=DISCONNECTED
02-20 19:51:37.390  1924  1924 D DCT     : [0]cleanUpConnection: X tearDown=false reason=radioTurnedOff apnContext={mApnType=emergency mState=IDLE mWaitingApns={null} mApnSetting={null} mReason=radioTurnedOff mDataEnabled=false mDependencyMet=true} dcac=null
02-20 19:51:37.390  1924  1924 D GsmCdmaPhone: [GsmCdmaPhone] getDataConnectionState apnType=hipri ret=DISCONNECTED
02-20 19:51:37.390  1924  1924 D DCT     : [0]cleanUpConnection: X tearDown=false reason=radioTurnedOff apnContext={mApnType=hipri mState=IDLE mWaitingApns={null} mApnSetting={null} mReason=radioTurnedOff mDataEnabled=false mDependencyMet=true} dcac=null
02-20 19:51:37.390  1924  1924 D GsmCdmaPhone: [GsmCdmaPhone] getDataConnectionState apnType=ims ret=DISCONNECTED
02-20 19:51:37.391  2067  2067 I bootstat: Service started: /system/bin/bootstat --record_boot_complete 
02-20 19:51:37.392  1313  1313 I sf_frame_dur: [BootAnimation,0,28,206,12,2,0,0]
02-20 19:51:37.394  2067  2067 I bootstat: Logging histogram: bootstat_mtime_matches_content 1
02-20 19:51:37.394  2067  2067 I sysui_histogram: [bootstat_mtime_matches_content,1]
02-20 19:51:37.394  1662  1703 I wm_boot_animation_done: 13626
02-20 19:51:37.396  1662  1703 I SystemServiceManager: Starting phase 1000
02-20 19:51:37.397  1924  1924 D DCT     : [0]cleanUpConnection: X tearDown=false reason=radioTurnedOff apnContext={mApnType=ims mState=IDLE mWaitingApns={null} mApnSetting={null} mReason=radioTurnedOff mDataEnabled=false mDependencyMet=true} dcac=null
02-20 19:51:37.397  1924  1924 D DCT     : [0]stopNetStatPoll
02-20 19:51:37.397  2067  2067 I bootstat: Logging histogram: bootstat_mtime_matches_content 1
02-20 19:51:37.397  2067  2067 I sysui_histogram: [bootstat_mtime_matches_content,1]
02-20 19:51:37.397  2067  2067 I bootstat: Logging histogram: bootstat_mtime_matches_content 1
02-20 19:51:37.397  2067  2067 I sysui_histogram: [bootstat_mtime_matches_content,1]
02-20 19:51:37.401  1924  1924 D DCT     : [0]cleanUpConnection: mDisconnectPendingCount = 0
02-20 19:51:37.401  1924  1924 D DCT     : [0]isDataAllowed: No - Not attached - SIM not loaded
02-20 19:51:37.414  1662  1703 I am_proc_start: [0,2069,10015,com.google.android.ext.services,on-hold,]
02-20 19:51:37.414  1662  1703 I ActivityManager: Start proc 2069:com.google.android.ext.services/u0a15 for on-hold
02-20 19:51:37.417  1662  1703 D ActivityManager: Finishing user boot 0
02-20 19:51:37.417  1662  1703 I sysui_histogram: [framework_locked_boot_completed,13]
02-20 19:51:37.418  1662  1703 D CryptdConnector: SND -> {3 cryptfs prepare_user_storage ! 0 0 2}
02-20 19:51:37.426  1267  1303 D vold    : e4crypt_prepare_user_storage for volume null, user 0, serial 0, flags 2
02-20 19:51:37.426  1267  1303 D vold    : Preparing: /data/system_ce/0
02-20 19:51:37.426  1267  1303 D vold    : Preparing: /data/misc_ce/0
02-20 19:51:37.426  1267  1303 D vold    : Preparing: /data/media/0
02-20 19:51:37.426  1267  1303 D vold    : Preparing: /data/data
02-20 19:51:37.426  1662  1732 D CryptdConnector: RCV <- {200 3 Command succeeded}
02-20 19:51:37.426  1662  1703 V UserManagerService: Found /data/user/0 with serial number 0
02-20 19:51:37.426  1662  1703 V UserManagerService: Found /data/system_ce/0 with serial number 0
02-20 19:51:37.426  1662  1703 V PackageManager: reconcileAppsData for null u0 0x2
02-20 19:51:37.437  2069  2069 W art     : Unexpected CPU variant for X86 using defaults: x86_64
02-20 19:51:37.473  2074  2074 I bootstat: Service started: /system/bin/bootstat --record_boot_reason 
02-20 19:51:37.473  2074  2074 I bootstat: Unknown boot reason: 
02-20 19:51:36.714     0     0 I init    : Service 'exec 7 (/system/bin/bootstat)' (pid 2074) exited with status 0
02-20 19:51:36.715     0     0 I init    : Starting service 'exec 8 (/system/bin/bootstat)'...
02-20 19:51:36.742     0     0 I init    : Service 'exec 8 (/system/bin/bootstat)' (pid 2086) exited with status 0
02-20 19:51:36.742     0     0 I init    : Starting service 'exec 9 (/system/bin/bootstat)'...
02-20 19:51:37.502  2086  2086 I bootstat: Service started: /system/bin/bootstat --record_time_since_factory_reset 
02-20 19:51:37.502  2086  2086 I bootstat: Logging histogram: factory_reset_current_time 1519156297
02-20 19:51:37.502  2086  2086 I sysui_histogram: [factory_reset_current_time,1519156297]
02-20 19:51:37.507  2086  2086 I bootstat: Logging histogram: bootstat_mtime_matches_content 1
02-20 19:51:37.507  2086  2086 I sysui_histogram: [bootstat_mtime_matches_content,1]
02-20 19:51:37.507  2086  2086 I bootstat: Logging histogram: factory_reset_record_value 1519154248
02-20 19:51:37.507  2086  2086 I sysui_histogram: [factory_reset_record_value,1519154248]
02-20 19:51:37.530  2088  2088 I bootstat: Service started: /system/bin/bootstat -l 
02-20 19:51:37.530  2088  2088 I bootstat: Logging histogram: bootstat_mtime_matches_content 1
02-20 19:51:37.530  2088  2088 I sysui_histogram: [bootstat_mtime_matches_content,1]
02-20 19:51:37.530  2088  2088 I bootstat: Logging histogram: bootstat_mtime_matches_content 1
02-20 19:51:37.530  2088  2088 I sysui_histogram: [bootstat_mtime_matches_content,1]
02-20 19:51:37.530  2088  2088 I bootstat: Logging histogram: bootstat_mtime_matches_content 1
02-20 19:51:37.530  2088  2088 I sysui_histogram: [bootstat_mtime_matches_content,1]
02-20 19:51:37.530  2088  2088 I bootstat: Logging histogram: bootstat_mtime_matches_content 1
02-20 19:51:37.530  2088  2088 I sysui_histogram: [bootstat_mtime_matches_content,1]
02-20 19:51:37.531  2088  2088 I bootstat: Logging histogram: bootstat_mtime_matches_content 1
02-20 19:51:37.531  2088  2088 I sysui_histogram: [bootstat_mtime_matches_content,1]
02-20 19:51:37.532  2088  2088 I bootstat: Logging histogram: bootstat_mtime_matches_content 1
02-20 19:51:37.532  2088  2088 I sysui_histogram: [bootstat_mtime_matches_content,1]
02-20 19:51:37.532  2088  2088 I bootstat: Logging histogram: bootstat_mtime_matches_content 1
02-20 19:51:37.532  2088  2088 I sysui_histogram: [bootstat_mtime_matches_content,1]
02-20 19:51:36.765     0     0 I init    : Service 'exec 9 (/system/bin/bootstat)' (pid 2088) exited with status 0
02-20 19:51:36.769     0     0 I init    : write_file: Unable to open '/sys/class/android_usb/android0/enable': No such file or directory
02-20 19:51:37.532  2088  2088 I bootstat: Logging histogram: bootstat_mtime_matches_content 1
02-20 19:51:37.532  2088  2088 I sysui_histogram: [bootstat_mtime_matches_content,1]
02-20 19:51:37.532  2088  2088 I bootstat: Logging histogram: bootstat_mtime_matches_content 1
02-20 19:51:37.532  2088  2088 I sysui_histogram: [bootstat_mtime_matches_content,1]
02-20 19:51:37.532  2088  2088 I bootstat: Logging histogram: bootstat_mtime_matches_content 1
02-20 19:51:37.532  2088  2088 I sysui_histogram: [bootstat_mtime_matches_content,1]
02-20 19:51:37.532  2088  2088 I bootstat: Logging histogram: bootstat_mtime_matches_content 1
02-20 19:51:37.532  2088  2088 I sysui_histogram: [bootstat_mtime_matches_content,1]
02-20 19:51:37.532  2088  2088 I bootstat: Logging histogram: bootstat_mtime_matches_content 1
02-20 19:51:37.532  2088  2088 I sysui_histogram: [bootstat_mtime_matches_content,1]
02-20 19:51:37.532  2088  2088 I bootstat: Logging histogram: bootstat_mtime_matches_content 1
02-20 19:51:37.532  2088  2088 I sysui_histogram: [bootstat_mtime_matches_content,1]
02-20 19:51:37.532  2088  2088 I bootstat: Logging histogram: bootstat_mtime_matches_content 1
02-20 19:51:37.532  2088  2088 I sysui_histogram: [bootstat_mtime_matches_content,1]
02-20 19:51:37.532  2088  2088 I bootstat: Logging histogram: post_decrypt_time_elapsed 2
02-20 19:51:37.532  2088  2088 I sysui_histogram: [post_decrypt_time_elapsed,2]
02-20 19:51:37.532  2088  2088 I bootstat: Logging histogram: last_boot_time_utc 1519156297
02-20 19:51:37.532  2088  2088 I sysui_histogram: [last_boot_time_utc,1519156297]
02-20 19:51:37.532  2088  2088 I bootstat: Logging histogram: build_date 1513095943
02-20 19:51:37.532  2088  2088 I sysui_histogram: [build_date,1513095943]
02-20 19:51:37.532  2088  2088 I bootstat: Logging histogram: boot_decryption_complete 13
02-20 19:51:37.532  2088  2088 I sysui_histogram: [boot_decryption_complete,13]
02-20 19:51:37.532  2088  2088 I bootstat: Logging histogram: ota_boot_complete_post_decrypt 7
02-20 19:51:37.532  2088  2088 I sysui_histogram: [ota_boot_complete_post_decrypt,7]
02-20 19:51:37.532  2088  2088 I bootstat: Logging histogram: ota_boot_complete 9
02-20 19:51:37.532  2088  2088 I sysui_histogram: [ota_boot_complete,9]
02-20 19:51:37.532  2088  2088 I bootstat: Logging histogram: boot_reason 1
02-20 19:51:37.532  2088  2088 I sysui_histogram: [boot_reason,1]
02-20 19:51:37.532  2088  2088 I bootstat: Logging histogram: factory_reset_current_time 1519156297
02-20 19:51:37.532  2088  2088 I sysui_histogram: [factory_reset_current_time,1519156297]
02-20 19:51:37.532  2088  2088 I bootstat: Logging histogram: factory_reset 1519154248
02-20 19:51:37.532  2088  2088 I sysui_histogram: [factory_reset,1519154248]
02-20 19:51:37.532  2088  2088 I bootstat: Logging histogram: time_since_last_boot 66
02-20 19:51:37.532  2088  2088 I sysui_histogram: [time_since_last_boot,66]
02-20 19:51:37.532  2088  2088 I bootstat: Logging histogram: boot_complete_post_decrypt 11
02-20 19:51:37.532  2088  2088 I sysui_histogram: [boot_complete_post_decrypt,11]
02-20 19:51:37.532  2088  2088 I bootstat: Logging histogram: boot_complete 13
02-20 19:51:37.532  2088  2088 I sysui_histogram: [boot_complete,13]
02-20 19:51:37.532  2088  2088 I bootstat: Logging histogram: factory_reset_record_value 1519154248
02-20 19:51:37.532  2088  2088 I sysui_histogram: [factory_reset_record_value,1519154248]
02-20 19:51:37.532  2088  2088 I bootstat: Logging histogram: time_since_factory_reset 2049
02-20 19:51:37.532  2088  2088 I sysui_histogram: [time_since_factory_reset,2049]
02-20 19:51:37.374  2067  2067 I auditd  : type=1400 audit(0.0:11): avc: denied { getattr } for comm="bootstat" path="/vendor" dev="rootfs" ino=3997 scontext=u:r:bootstat:s0 tcontext=u:object_r:rootfs:s0 tclass=lnk_file permissive=0
02-20 19:51:37.374  2067  2067 W bootstat: type=1400 audit(0.0:11): avc: denied { getattr } for path="/vendor" dev="rootfs" ino=3997 scontext=u:r:bootstat:s0 tcontext=u:object_r:rootfs:s0 tclass=lnk_file permissive=0
02-20 19:51:37.444  2074  2074 I auditd  : type=1400 audit(0.0:12): avc: denied { getattr } for comm="bootstat" path="/vendor" dev="rootfs" ino=3997 scontext=u:r:bootstat:s0 tcontext=u:object_r:rootfs:s0 tclass=lnk_file permissive=0
02-20 19:51:37.444  2074  2074 W bootstat: type=1400 audit(0.0:12): avc: denied { getattr } for path="/vendor" dev="rootfs" ino=3997 scontext=u:r:bootstat:s0 tcontext=u:object_r:rootfs:s0 tclass=lnk_file permissive=0
02-20 19:51:37.484  2086  2086 I auditd  : type=1400 audit(0.0:13): avc: denied { getattr } for comm="bootstat" path="/vendor" dev="rootfs" ino=3997 scontext=u:r:bootstat:s0 tcontext=u:object_r:rootfs:s0 tclass=lnk_file permissive=0
02-20 19:51:37.484  2086  2086 W bootstat: type=1400 audit(0.0:13): avc: denied { getattr } for path="/vendor" dev="rootfs" ino=3997 scontext=u:r:bootstat:s0 tcontext=u:object_r:rootfs:s0 tclass=lnk_file permissive=0
02-20 19:51:37.551  1662  1703 V PackageManager: reconcileAppsData finished 100 packages
02-20 19:51:37.553  1662  1795 I am_proc_bound: [0,2069,com.google.android.ext.services]
02-20 19:51:37.565  1662  1696 D MountService: onUnlockUser 0
02-20 19:51:37.565  1662  1696 D VoldConnector: SND -> {7 volume user_started 0}
02-20 19:51:37.567  1267  1302 D vold    : Linking /storage/emulated/0 to /mnt/user/0/primary
02-20 19:51:37.567  1662  1731 D VoldConnector: RCV <- {200 7 Command succeeded}
02-20 19:51:37.568  1662  1730 D MountService: Volume public:253,64 broadcasting mounted to UserHandle{0}
02-20 19:51:37.573  1924  1924 D DCT     : [0]onDataConnectionDetached: stop polling and notify detached
02-20 19:51:37.573  1924  1924 D DCT     : [0]stopNetStatPoll
02-20 19:51:37.574  1924  1924 D DCT     : [0]notifyDataConnection: reason=dataDetached
02-20 19:51:37.574  1924  1924 D DCT     : [0]isDataAllowed: No - Not attached - SIM not loaded
02-20 19:51:37.514  2088  2088 I auditd  : type=1400 audit(0.0:14): avc: denied { getattr } for comm="bootstat" path="/vendor" dev="rootfs" ino=3997 scontext=u:r:bootstat:s0 tcontext=u:object_r:rootfs:s0 tclass=lnk_file permissive=0
02-20 19:51:37.514  2088  2088 W bootstat: type=1400 audit(0.0:14): avc: denied { getattr } for path="/vendor" dev="rootfs" ino=3997 scontext=u:r:bootstat:s0 tcontext=u:object_r:rootfs:s0 tclass=lnk_file permissive=0
02-20 19:51:37.583  1924  1924 D DCT     : [0]onRoamingOff
02-20 19:51:37.583  1924  1924 D DCT     : [0]isDataAllowed: No - Not attached - SIM not loaded
02-20 19:51:37.586  1662  1730 D MountService: Volume emulated broadcasting mounted to UserHandle{0}
02-20 19:51:36.858     0     0 I init    : write_file: Unable to open '/sys/class/android_usb/android0/idVendor': No such file or directory
02-20 19:51:36.859     0     0 I init    : write_file: Unable to open '/sys/class/android_usb/android0/idProduct': No such file or directory
02-20 19:51:37.597  1662  1751 I am_proc_start: [0,2090,10002,com.android.providers.calendar,content provider,com.android.providers.calendar/.CalendarProvider2]
02-20 19:51:37.597  1662  1751 I ActivityManager: Start proc 2090:com.android.providers.calendar/u0a2 for content provider com.android.providers.calendar/.CalendarProvider2
02-20 19:51:37.608  1924  1924 D DCT     : [0]setupDataOnConnectableApns: roamingOff hipri:[state=IDLE,enabled=false] mms:[state=IDLE,enabled=false] supl:[state=IDLE,enabled=false] ia:[state=IDLE,enabled=false] fota:[state=IDLE,enabled=false] ims:[state=IDLE,enabled=false] cbs:[state=IDLE,enabled=false] default:[state=IDLE,enabled=false] emergency:[state=IDLE,enabled=false] 
02-20 19:51:37.608  1924  1924 D DCT     : [0]setupDataOnConnectableApns: nwTypeChanged hipri:[state=IDLE,enabled=false] mms:[state=IDLE,enabled=false] supl:[state=IDLE,enabled=false] ia:[state=IDLE,enabled=false] fota:[state=IDLE,enabled=false] ims:[state=IDLE,enabled=false] cbs:[state=IDLE,enabled=false] default:[state=IDLE,enabled=false] emergency:[state=IDLE,enabled=false] 
02-20 19:51:37.626  2090  2090 W art     : Unexpected CPU variant for X86 using defaults: x86_64
02-20 19:51:37.635  1924  1924 D DCT     : [0]NETWORK_STATE_CHANGED_ACTION: mIsWifiConnected=false
02-20 19:51:37.635  1924  1924 D DCT     : [0]Wifi state changed
02-20 19:51:37.635  1924  1924 D DCT     : [0]WIFI_STATE_CHANGED_ACTION: enabled=true mIsWifiConnected=false
02-20 19:51:37.635  1924  1924 D SubscriptionInfoUpdater: [Receiver]+
02-20 19:51:37.635  1924  1924 D SubscriptionInfoUpdater: Action: android.intent.action.SIM_STATE_CHANGED
02-20 19:51:37.635  1924  1924 D SubscriptionInfoUpdater: slotId: 0
02-20 19:51:37.635  1924  1924 D SubscriptionInfoUpdater: simStatus: NOT_READY
02-20 19:51:37.635  1924  1924 D SubscriptionInfoUpdater: Ignoring simStatus: NOT_READY
02-20 19:51:37.635  1924  1924 D SubscriptionInfoUpdater: [Receiver]-
02-20 19:51:37.636  1662  1696 V BackupManagerService: No ancestral data
02-20 19:51:36.865     0     0 I init    : write_file: Unable to open '/sys/class/android_usb/android0/functions': No such file or directory
02-20 19:51:36.867     0     0 I init    : write_file: Unable to open '/sys/class/android_usb/android0/enable': No such file or directory
02-20 19:51:37.654  2069  2069 W System  : ClassLoader referenced unknown path: /system/priv-app/GoogleExtServices/lib/x86_64
02-20 19:51:37.656  1662  1696 V BackupManagerService: Starting with transport android/com.android.internal.backup.LocalTransport
02-20 19:51:37.656  1662  1696 V BackupManagerService: Found transports: 2
02-20 19:51:37.678  2103  2103 W art     : Unexpected CPU variant for X86 using defaults: x86_64
02-20 19:51:37.687  1924  1924 D PhoneSwitcherNetworkRequstListener: got request NetworkRequest [ REQUEST id=1, [ Capabilities: INTERNET&NOT_RESTRICTED&TRUSTED&NOT_VPN] ] with score 0
02-20 19:51:37.687  1924  1924 D TelephonyNetworkFactory[0]: onSubIdChange -1->-2
02-20 19:51:37.687  1924  1924 D TelephonyNetworkFactory[0]: got request NetworkRequest [ REQUEST id=1, [ Capabilities: INTERNET&NOT_RESTRICTED&TRUSTED&NOT_VPN] ] with score 0
02-20 19:51:37.688  1924  1924 D DebugService: DebugService DebugService:
02-20 19:51:37.688  1924  1924 D TelephonyDebugService: TelephonyDebugService()
02-20 19:51:37.700  1662  1696 I am_proc_start: [0,2103,10014,com.google.android.gms.persistent,service,com.google.android.gms/.backup.BackupTransportService]
02-20 19:51:37.700  1662  1696 I ActivityManager: Start proc 2103:com.google.android.gms.persistent/u0a14 for service com.google.android.gms/.backup.BackupTransportService
02-20 19:51:37.701  1662  1697 I dvm_lock_sample: [system_server,1,android.ui,43,ActivityManagerService.java,4321,-,17301,8]
02-20 19:51:37.701  1662  1693 I am_proc_bound: [0,2090,com.android.providers.calendar]
02-20 19:51:37.702  1662  1696 I BackupManagerService: Backup enabled => false
02-20 19:51:37.702  1924  1924 D CarrierConfigLoader: mHandler: 12 phoneId: 0
02-20 19:51:37.702  1924  1924 D RILJ    : [3671]> RIL_REQUEST_QUERY_TTY_MODE [SUB0]
02-20 19:51:37.703  1924  1924 D GsmSMSDispatcher: GsmSMSDispatcher: subId = -2 slotId = 0
02-20 19:51:37.703  1924  1924 E IccCardProxy: setExternalState: !override and newstate unchanged from NOT_READY
02-20 19:51:37.703  1924  1924 D UiccController: Received EVENT_GET_ICC_STATUS_DONE
02-20 19:51:37.703  1924  1924 D UiccCard: 2 applications
02-20 19:51:37.703  1924  1924 D UiccCardApplication: Creating UiccApp: {APPTYPE_SIM,APPSTATE_DETECTED}
02-20 19:51:37.708  1377  1446 D RIL     : onRequest: QUERY_TTY_MODE
02-20 19:51:37.708  1377  1446 D RIL     : Request not supported. Tech: 1
02-20 19:51:37.708  1924  2010 D RilRequest: [3671]< RIL_REQUEST_QUERY_TTY_MODE error: com.android.internal.telephony.CommandException: REQUEST_NOT_SUPPORTED ret=
02-20 19:51:37.710  1924  1924 W VoiceMailConstants: Can't open /system/etc/voicemail-conf.xml
02-20 19:51:37.710  1924  1924 D SpnOverride: No SPN in OEM image = /oem/telephony/spn-conf.xml Load SPN from system image
02-20 19:51:37.711  1924  1924 W SpnOverride: Can not open /system/etc/spn-conf.xml
02-20 19:51:37.711  1924  1924 D SIMRecords: [SIMRecords] setting0 mMncLength-1
02-20 19:51:37.711  1924  1924 D SIMRecords: [SIMRecords] SIMRecords: onRadioOffOrNotAvailable set 'gsm.sim.operator.numeric' to operator=null
02-20 19:51:37.712  1924  1924 D SIMRecords: [SIMRecords] update icc_operator_numeric=null
02-20 19:51:37.712  1924  1924 D TelephonyManager: setTelephonyProperty: success phoneId=0 property=gsm.sim.operator.numeric value:  propVal=
02-20 19:51:37.719  1662  1662 V BackupManagerService: Connected to transport ComponentInfo{android/com.android.internal.backup.LocalTransportService}
02-20 19:51:37.719  1662  1662 V BackupManagerService: Registering transport android/com.android.internal.backup.LocalTransportService::android/com.android.internal.backup.LocalTransport = android.app.backup.BackupTransport$TransportImpl@195f402
02-20 19:51:37.720  1662  1662 I backup_transport_lifecycle: [android/com.android.internal.backup.LocalTransportService,1]
02-20 19:51:37.724  1924  1924 D TelephonyManager: setTelephonyProperty: success phoneId=0 property=gsm.sim.operator.alpha value:  propVal=
02-20 19:51:37.724  1924  1924 D TelephonyManager: setTelephonyProperty: success phoneId=0 property=gsm.sim.operator.iso-country value:  propVal=
02-20 19:51:37.725  1924  1924 D SIMRecords: [SIMRecords] getOperatorNumeric: IMSI == null
02-20 19:51:37.725  1924  1924 D SIMRecords: [SIMRecords] SIMRecords X ctor this=SimRecords: mDestroyed=false mContext=com.android.phone.PhoneGlobals@8fb21fe mCi=com.android.internal.telephony.RIL@d67b120 mFh=Handler (com.android.internal.telephony.uicc.SIMFileHandler) {fbd0d5f} mParentApp=com.android.internal.telephony.uicc.UiccCardApplication@40bd3ac recordsLoadedRegistrants=android.os.RegistrantList@68fb875 mImsiReadyRegistrants=android.os.RegistrantList@4e3600a mRecordsEventsRegistrants=android.os.RegistrantList@dcf207b mNewSmsRegistrants=android.os.RegistrantList@7387e98 mNetworkSelectionModeAutomaticRegistrants=android.os.RegistrantList@b3066f1 recordsToLoad=0 adnCache=Handler (com.android.internal.telephony.uicc.AdnRecordCache) {25f72d6} recordsRequested=false iccid=null msisdnTag=null voiceMailNum=null voiceMailTag=null voiceMailNum=null newVoiceMailTag=null isVoiceMailFixed=false mImsi=null mncLength=-1 mailboxIndex=0 spn=null mVmConfigcom.android.internal.telephony.uicc.VoiceMailConstants@f254957 mSpnOverride=mSpnOverride callForwardingEnabled=0 spnState=null mCphsInfo=null mCspPlmnEnabled=true efMWIS=null efCPHS_MWI=null mEfCff=null mEfCfis=null getOperatorNumeric=null
02-20 19:51:37.733  1662  2057 I am_proc_start: [0,2124,10067,com.google.android.deskclock,broadcast,com.google.android.deskclock/com.android.deskclock.AlarmInitReceiver]
02-20 19:51:37.733  1662  2057 I ActivityManager: Start proc 2124:com.google.android.deskclock/u0a67 for broadcast com.google.android.deskclock/com.android.deskclock.AlarmInitReceiver
02-20 19:51:37.733  1662  1976 I am_proc_bound: [0,2103,com.google.android.gms.persistent]
02-20 19:51:37.735  1924  1924 D UiccCardApplication: Creating UiccApp: {APPTYPE_RUIM,APPSTATE_DETECTED}
02-20 19:51:37.735  1924  1924 D RuimRecords: [RuimRecords] setting0 mMncLength-1
