02-20 19:52:53.381  1679  1727 D VoldConnector: SND -> {3 volume reset}
02-20 19:52:53.382  1267  1303 D vold    : Recognized experimental block major ID 253 as virtio-blk (emulator's virtual SD card device)
02-20 19:52:53.382  1267  1303 V vold    : /system/bin/sgdisk
02-20 19:52:53.382  1267  1303 V vold    :     --android-dump
02-20 19:52:53.382  1267  1303 V vold    :     /dev/block/vold/disk:253,64
02-20 19:52:53.382  1679  1728 D VoldConnector: RCV <- {651 emulated 7}
02-20 19:52:53.382  1679  1728 D VoldConnector: RCV <- {659 emulated}
02-20 19:52:53.382  1679  1728 D VoldConnector: RCV <- {650 emulated 2 "" ""}
02-20 19:52:53.382  1679  1728 D VoldConnector: RCV <- {651 emulated 0}
02-20 19:52:53.382  1679  1728 D VoldConnector: RCV <- {651 public:253,64 7}
02-20 19:52:53.382  1679  1728 D VoldConnector: RCV <- {659 public:253,64}
02-20 19:52:53.382  1679  1728 D VoldConnector: RCV <- {649 disk:253,64}
02-20 19:52:53.382  1679  1728 D VoldConnector: RCV <- {640 disk:253,64 5}
02-20 19:52:53.383  1679  1728 D VoldConnector: RCV <- {641 disk:253,64 536870912}
02-20 19:52:53.383  1679  1728 D VoldConnector: RCV <- {642 disk:253,64 Virtual}
02-20 19:52:53.383  1679  1728 D VoldConnector: RCV <- {644 disk:253,64 /sys//devices/pci0000:00/0000:00:07.0/virtio4/block/vde}
02-20 19:52:53.383  1679  1698 V MountService: Found primary storage at VolumeInfo{emulated}:
02-20 19:52:53.383  1679  1698 V MountService:     type=EMULATED diskId=null partGuid=null mountFlags=0 mountUserId=-1 
02-20 19:52:53.383  1679  1698 V MountService:     state=UNMOUNTED 
02-20 19:52:53.383  1679  1698 V MountService:     fsType=null fsUuid=null fsLabel=null 
02-20 19:52:53.383  1679  1698 V MountService:     path=null internalPath=null 
02-20 19:52:53.383  1679  1693 I ActivityManager: Force stopping com.android.providers.media appid=10011 user=-1: vold reset
02-20 19:52:53.384  1679  1749 E BluetoothAdapter: Bluetooth binder is null
02-20 19:52:53.384  1679  1679 D UsbAlsaManager: Adding ALSA device AlsaDevice: [card: 0, device: 0, type: 1]
02-20 19:52:53.384  1679  1679 D UsbAlsaManager: Adding ALSA device AlsaDevice: [card: 0, device: 0, type: 2]
02-20 19:52:53.385  1679  1749 E BluetoothAdapter: Bluetooth binder is null
02-20 19:52:53.407  1679  1679 I SystemServer: WebViewFactory preparation
02-20 19:52:53.407  1772  1772 W art     : Unexpected CPU variant for X86 using defaults: x86_64
02-20 19:52:53.430  1364  1364 I AudioFlinger: systemReady
02-20 19:52:53.443  1679  1690 I am_proc_bound: [0,1772,com.android.systemui]
02-20 19:52:53.446  1267  1303 V vold    : DISK mbr
02-20 19:52:53.446  1267  1303 V vold    : 
02-20 19:52:53.454  1267  1303 W vold    : disk:253,64 has unknown partition table; trying entire device
02-20 19:52:53.454  1267  1303 V vold    : /system/bin/blkid
02-20 19:52:53.454  1267  1303 V vold    :     -c
02-20 19:52:53.454  1267  1303 V vold    :     /dev/null
02-20 19:52:53.454  1267  1303 V vold    :     -s
02-20 19:52:53.454  1267  1303 V vold    :     TYPE
02-20 19:52:53.454  1267  1303 V vold    :     -s
02-20 19:52:53.454  1267  1303 V vold    :     UUID
02-20 19:52:53.454  1267  1303 V vold    :     -s
02-20 19:52:53.454  1267  1303 V vold    :     LABEL
02-20 19:52:53.454  1267  1303 V vold    :     /dev/block/vold/disk:253,64
02-20 19:52:53.496  1267  1303 V vold    : /dev/block/vold/disk:253,64: LABEL="SDCARD" UUID="1E12-0B12" TYPE="vfat" 
02-20 19:52:53.496  1267  1303 V vold    : 
02-20 19:52:53.497  1679  1728 D VoldConnector: RCV <- {650 public:253,64 0 "disk:253,64" ""}
02-20 19:52:53.503  1679  1728 D VoldConnector: RCV <- {651 public:253,64 0}
02-20 19:52:53.503  1679  1728 D VoldConnector: RCV <- {643 disk:253,64}
02-20 19:52:53.503  1679  1728 D VoldConnector: RCV <- {200 3 Command succeeded}
02-20 19:52:53.504  1679  1727 D VoldConnector: SND -> {4 volume user_added 0 0}
02-20 19:52:53.504  1679  1728 D VoldConnector: RCV <- {200 4 Command succeeded}
02-20 19:52:53.524  1679  1727 D VoldConnector: SND -> {5 volume mount emulated 3 -1}
02-20 19:52:53.525  1679  1753 D AssetAtlas: Rendered atlas in 565.24ms (255.70+309.54ms)
02-20 19:52:53.525  1267  1303 V vold    : Waiting for FUSE to spin up...
02-20 19:52:53.525  1679  1728 D VoldConnector: RCV <- {651 emulated 1}
02-20 19:52:53.527  1679  1679 D WebViewFactory: Setting new address space to 137955392
02-20 19:52:53.527  1313  1756 D         : HostConnection::get() New Host Connection established 0x7efe5f61b5a0, tid 1756
02-20 19:52:53.547  1679  1728 D VoldConnector: RCV <- {656 emulated /data/media}
02-20 19:52:53.548  1679  1728 D VoldConnector: RCV <- {655 emulated /storage/emulated}
02-20 19:52:53.576  1267  1303 V vold    : Waiting for FUSE to spin up...
02-20 19:52:53.577  1772  1772 W System  : ClassLoader referenced unknown path: /system/priv-app/SystemUIGoogle/lib/x86_64
02-20 19:52:53.586  1793  1793 W sdcard  : Device explicitly disabled sdcardfs
02-20 19:52:53.589     0     0 D SELinux : initialized (dev fuse, type fuse), uses genfs_contexts
02-20 19:52:53.589     0     0 D SELinux : initialized (dev fuse, type fuse), uses genfs_contexts
02-20 19:52:53.589     0     0 D SELinux : initialized (dev fuse, type fuse), uses genfs_contexts
02-20 19:52:53.598  1679  1679 I Zygote  : Process: zygote socket opened, supported ABIS: x86
02-20 19:52:53.633  1679  1737 D WifiController: DEFERRED_TOGGLE handled
02-20 19:52:53.634  1679  1728 D VoldConnector: RCV <- {651 emulated 2}
02-20 19:52:53.634  1679  1728 D VoldConnector: RCV <- {200 5 Command succeeded}
02-20 19:52:53.636  1679  1727 D VoldConnector: SND -> {6 volume mount public:253,64 2 0}
02-20 19:52:53.643  1679  1728 D VoldConnector: RCV <- {651 public:253,64 1}
02-20 19:52:53.643  1373  1678 D SoftapController: Softap fwReload - Ok
02-20 19:52:53.646  1267  1303 V vold    : /system/bin/blkid
02-20 19:52:53.646  1267  1303 V vold    :     -c
02-20 19:52:53.646  1267  1303 V vold    :     /dev/null
02-20 19:52:53.646  1267  1303 V vold    :     -s
02-20 19:52:53.646  1267  1303 V vold    :     TYPE
02-20 19:52:53.646  1267  1303 V vold    :     -s
02-20 19:52:53.646  1267  1303 V vold    :     UUID
02-20 19:52:53.646  1267  1303 V vold    :     -s
02-20 19:52:53.646  1267  1303 V vold    :     LABEL
02-20 19:52:53.646  1267  1303 V vold    :     /dev/block/vold/public:253,64
02-20 19:52:53.681  1363  1363 I art     : Starting a blocking GC Background
02-20 19:52:53.698  1373  1678 D CommandListener: Setting iface cfg
02-20 19:52:53.698  1373  1678 D CommandListener: Trying to bring down wlan0
02-20 19:52:53.698  1373  1678 D CommandListener: Clearing all IP addresses on wlan0
02-20 19:52:53.699  1679  1738 E WifiMonitor: killSupplicant p2pfalse init.svc.wpa_supplicant=unknown init.svc.p2p_supplicant=unknown
02-20 19:52:53.736     0     0 I init    : Starting service 'wpa_supplicant'...
02-20 19:52:53.734  1679  1738 E wifi    : Can not initialize the vendor function pointer table
02-20 19:52:53.734  1679  1738 E WifiNative-HAL: Could not start hal
02-20 19:52:53.734  1679  1738 E WifiStateMachine: Failed to start HAL
02-20 19:52:53.735  1679  1801 E WVMExtractor: Failed to open libwvm.so: dlopen failed: library "libwvm.so" not found
02-20 19:52:53.762  1267  1303 V vold    : /dev/block/vold/public:253,64: LABEL="SDCARD" UUID="1E12-0B12" TYPE="vfat" 
02-20 19:52:53.762  1267  1303 V vold    : 
02-20 19:52:53.762  1267  1303 V vold    : /system/bin/fsck_msdos
02-20 19:52:53.762  1267  1303 V vold    :     -p
02-20 19:52:53.762  1267  1303 V vold    :     -f
02-20 19:52:53.762  1267  1303 V vold    :     /dev/block/vold/public:253,64
02-20 19:52:53.763  1679  1728 D VoldConnector: RCV <- {652 public:253,64 vfat}
02-20 19:52:53.763  1679  1728 D VoldConnector: RCV <- {653 public:253,64 1E12-0B12}
02-20 19:52:53.763  1679  1728 D VoldConnector: RCV <- {654 public:253,64 SDCARD}
02-20 19:52:53.813  1679  1679 W ActivityManager: Slow operation: 216ms so far, now at startProcess: returned from zygote!
02-20 19:52:53.813  1679  1679 W ActivityManager: Slow operation: 216ms so far, now at startProcess: done updating battery stats
02-20 19:52:53.813  1679  1679 I am_proc_start: [0,1808,1037,WebViewLoader-x86,,]
02-20 19:52:53.813  1679  1679 W ActivityManager: Slow operation: 216ms so far, now at startProcess: building log message
02-20 19:52:53.813  1679  1679 I ActivityManager: Start proc 1808:WebViewLoader-x86/1037 [android.webkit.WebViewFactory$RelroFileCreator] for 
02-20 19:52:53.813  1679  1679 W ActivityManager: Slow operation: 216ms so far, now at startProcess: starting to update pids map
02-20 19:52:53.813  1679  1679 W ActivityManager: Slow operation: 216ms so far, now at startProcess: done updating pids map
02-20 19:52:53.813  1679  1679 W ActivityManager: Slow operation: 216ms so far, now at startProcess: done starting proc!
02-20 19:52:53.814  1372  1372 I MediaPlayerService: MediaPlayerService::getOMX
02-20 19:52:53.816  1372  1372 I OMXClient: MuxOMX ctor
02-20 19:52:53.818  1372  1372 I MediaPlayerService: MediaPlayerService::getOMX
02-20 19:52:53.818  1372  1372 I OMXClient: MuxOMX ctor
02-20 19:52:53.819  1369  1369 I OMXMaster: makeComponentInstance(OMX.google.mp3.decoder) in mediacodec process
02-20 19:52:53.823  1815  1815 W art     : Unexpected CPU variant for X86 using defaults: x86_64
02-20 19:52:53.827  1815  1815 V WebViewFactory: RelroFileCreator (64bit = true),  32-bit lib: /system/app/Chrome/Chrome.apk!/lib/x86/libmonochrome.so, 64-bit lib: /system/app/Chrome/Chrome.apk!/lib/x86_64/libmonochrome.so
02-20 19:52:53.828  1679  1679 I am_proc_start: [0,1815,1037,WebViewLoader-x86_64,,]
02-20 19:52:53.828  1679  1679 I ActivityManager: Start proc 1815:WebViewLoader-x86_64/1037 [android.webkit.WebViewFactory$RelroFileCreator] for 
02-20 19:52:53.836  1679  1679 D NetworkManagement: enabling bandwidth control
02-20 19:52:53.850  1679  1738 D WifiMonitor: startMonitoring(wlan0) with mConnected = false
02-20 19:52:53.875  1267  1303 I fsck_msdos: ** /dev/block/vold/public:253,64
02-20 19:52:53.878  1267  1303 I fsck_msdos: ** Phase 1 - Read and Compare FATs
02-20 19:52:53.878  1267  1303 I fsck_msdos: Attempting to allocate 1022 KB for FAT
02-20 19:52:53.882  1808  1808 W art     : Unexpected CPU variant for X86 using defaults: x86
02-20 19:52:53.913  1372  1372 I MediaPlayerService: MediaPlayerService::getOMX
02-20 19:52:53.914  1372  1372 I OMXClient: MuxOMX ctor
02-20 19:52:53.914  1369  1835 I OMXMaster: makeComponentInstance(OMX.google.amrnb.decoder) in mediacodec process
02-20 19:52:53.934  1372  1372 I MediaPlayerService: MediaPlayerService::getOMX
02-20 19:52:53.934  1372  1372 I OMXClient: MuxOMX ctor
02-20 19:52:53.934  1369  1835 I OMXMaster: makeComponentInstance(OMX.google.amrwb.decoder) in mediacodec process
02-20 19:52:53.965  1808  1808 V WebViewFactory: RelroFileCreator (64bit = false),  32-bit lib: /system/app/Chrome/Chrome.apk!/lib/x86/libmonochrome.so, 64-bit lib: /system/app/Chrome/Chrome.apk!/lib/x86_64/libmonochrome.so
02-20 19:52:53.968  1772  1772 V SystemUIService: Starting SystemUI services for user 0.
02-20 19:52:53.971  1372  1372 I MediaPlayerService: MediaPlayerService::getOMX
02-20 19:52:53.972  1372  1372 I OMXClient: MuxOMX ctor
02-20 19:52:53.972  1369  1369 I OMXMaster: makeComponentInstance(OMX.google.aac.decoder) in mediacodec process
02-20 19:52:54.002  1372  1372 I MediaPlayerService: MediaPlayerService::getOMX
02-20 19:52:54.037  1372  1372 I OMXClient: MuxOMX ctor
02-20 19:52:54.156     0     0 D ieee80211 phy0: mac80211_hwsim_start
02-20 19:52:54.156     0     0 D ieee80211 phy0: mac80211_hwsim_add_interface (type=2 mac_addr=02:00:00:44:55:66)
02-20 19:52:54.156     0     0 D ieee80211 phy0: mac80211_hwsim_bss_info_changed(changed=0xe)
02-20 19:52:54.156     0     0 D ieee80211 phy0: ERP_CTS_PROT: 0
02-20 19:52:54.156     0     0 D ieee80211 phy0: ERP_PREAMBLE: 0
02-20 19:52:54.156     0     0 D ieee80211 phy0: ERP_SLOT: 0
02-20 19:52:54.156     0     0 D ieee80211 phy0: mac80211_hwsim_conf_tx (queue=0 txop=0 cw_min=15 cw_max=1023 aifs=2)
02-20 19:52:54.156     0     0 D ieee80211 phy0: mac80211_hwsim_conf_tx (queue=1 txop=0 cw_min=15 cw_max=1023 aifs=2)
02-20 19:52:54.156     0     0 D ieee80211 phy0: mac80211_hwsim_conf_tx (queue=2 txop=0 cw_min=15 cw_max=1023 aifs=2)
02-20 19:52:54.156     0     0 D ieee80211 phy0: mac80211_hwsim_conf_tx (queue=3 txop=0 cw_min=15 cw_max=1023 aifs=2)
02-20 19:52:54.156     0     0 D ieee80211 phy0: mac80211_hwsim_bss_info_changed(changed=0x2000)
02-20 19:52:54.156     0     0 D ieee80211 phy0: mac80211_hwsim_config (freq=0 idle=0 ps=0 smps=auto)
02-20 19:52:54.156     0     0 D ieee80211 phy0: mac80211_hwsim_configure_filter
02-20 19:52:54.156     0     0 D ieee80211 phy0: mac80211_hwsim_configure_filter
02-20 19:52:54.159     0     0 D ieee80211 phy0: mac80211_hwsim_configure_filter
02-20 19:52:54.159     0     0 I IPv6    : ADDRCONF(NETDEV_UP): wlan0: link is not ready
02-20 19:52:54.270     0     0 W FAT-fs (vde): Volume was not properly unmounted. Some data may be corrupt. Please run fsck.
02-20 19:52:54.273     0     0 D SELinux : initialized (dev vde, type vfat), uses genfs_contexts
02-20 19:52:54.354     0     0 D SELinux : initialized (dev fuse, type fuse), uses genfs_contexts
02-20 19:52:54.356     0     0 D SELinux : initialized (dev fuse, type fuse), uses genfs_contexts
02-20 19:52:54.360     0     0 D SELinux : initialized (dev fuse, type fuse), uses genfs_contexts
02-20 19:52:54.042  1369  1369 I OMXMaster: makeComponentInstance(OMX.google.g711.alaw.decoder) in mediacodec process
02-20 19:52:54.080  1772  1772 V MediaRouter: Adding route: RouteInfo{ name=Phone, description=null, status=null, category=RouteCategory{ name=null types=ROUTE_TYPE_LIVE_AUDIO ROUTE_TYPE_LIVE_VIDEO  groupable=false }, supportedTypes=ROUTE_TYPE_LIVE_AUDIO ROUTE_TYPE_LIVE_VIDEO , presentationDisplay=null }
02-20 19:52:54.093  1267  1303 I fsck_msdos: Attempting to allocate 1022 KB for FAT
02-20 19:52:54.123  1807  1807 I wpa_supplicant: Successfully initialized wpa_supplicant
02-20 19:52:54.137  1772  1772 V MediaRouter: Updating audio routes: AudioRoutesInfo{ type=SPEAKER }
02-20 19:52:54.138  1772  1772 V MediaRouter: Selecting route: RouteInfo{ name=Phone, description=null, status=null, category=RouteCategory{ name=null types=ROUTE_TYPE_LIVE_AUDIO ROUTE_TYPE_LIVE_VIDEO  groupable=false }, supportedTypes=ROUTE_TYPE_LIVE_AUDIO ROUTE_TYPE_LIVE_VIDEO , presentationDisplay=null }
02-20 19:52:54.156  1807  1807 I wpa_supplicant: rfkill: Cannot open RFKILL control device
02-20 19:52:54.160  1807  1807 I wpa_supplicant: nl80211: Could not re-add multicast membership for vendor events: -2 (No such file or directory)
02-20 19:52:54.188  1372  1372 I MediaPlayerService: MediaPlayerService::getOMX
02-20 19:52:54.188  1372  1372 I OMXClient: MuxOMX ctor
02-20 19:52:54.188  1369  1369 I OMXMaster: makeComponentInstance(OMX.google.g711.mlaw.decoder) in mediacodec process
02-20 19:52:54.198  1267  1303 I fsck_msdos: ** Phase 2 - Check Cluster Chains
02-20 19:52:54.205  1679  1694 W WindowManager: Keyguard drawn timeout. Setting mKeyguardDrawComplete
02-20 19:52:54.214  1759  1759 I LatinIME: Hardware accelerated drawing: true
02-20 19:52:54.214  1679  1690 D TelephonyRegistry: listen oscl: hasNotifySubscriptionInfoChangedOccurred==false no callback
02-20 19:52:54.221  1807  1807 E wpa_supplicant: global ctrl interface @android:wpa_wlan0 matches ctrl interface wlan0 - do not open per-interface ctrl interface
02-20 19:52:54.224  1679  1738 D WifiConfigManager: Loading config and enabling all networks 
02-20 19:52:54.231  1267  1303 I fsck_msdos: ** Phase 3 - Checking Directories
02-20 19:52:54.231  1679  1738 W WifiNetworkHistory: Upgrading network 0 to android.uid.system:1000
02-20 19:52:54.232  1679  1738 D WifiConfigManager: loaded 0 passpoint configs
02-20 19:52:54.232  1679  1738 E IpConfigStore: Error parsing configuration: java.io.FileNotFoundException: /data/misc/wifi/ipconfig.txt (No such file or directory)
02-20 19:52:54.233  1267  1303 I fsck_msdos: ** Phase 4 - Checking for Lost Files
02-20 19:52:54.263  1267  1303 I fsck_msdos: 27 files, 522176 free (261088 clusters)
02-20 19:52:54.264  1267  1303 I Vold    : Filesystem check completed OK
02-20 19:52:54.265  1679  1738 D WifiNative-HAL: Setting external_sim to 1
02-20 19:52:54.265  1679  1728 D VoldConnector: RCV <- {656 public:253,64 /mnt/media_rw/1E12-0B12}
02-20 19:52:54.265  1679  1738 D WifiStateMachine: Setting OUI to DA-A1-19
02-20 19:52:54.271  1808  1808 I art     : System.exit called, status: 0
02-20 19:52:54.271  1808  1808 I AndroidRuntime: VM exiting with result code 0, cleanup skipped.
02-20 19:52:54.275  1267  1303 V vold    : Waiting for FUSE to spin up...
02-20 19:52:54.276  1679  1728 D VoldConnector: RCV <- {655 public:253,64 /storage/1E12-0B12}
02-20 19:52:54.285  1679  1738 I WifiConnectivityManager: PNO settings: min5GHzRssi -82 min24GHzRssi -85 currentConnectionBonus 16 sameNetworkBonus 24 secureNetworkBonus 80 initialScoreMax 100
02-20 19:52:54.285  1679  1738 I WifiConnectivityManager: ConnectivityScanManager initialized and disabled
02-20 19:52:54.285  1679  1738 I WifiConnectivityManager: setUntrustedConnectionAllowed: allowed=false
02-20 19:52:54.285  1679  1738 E WifiLogger: no ring buffers found
02-20 19:52:54.285  1679  1738 E WifiLogger: Failed to start packet fate monitoring
02-20 19:52:54.343  1267  1303 V vold    : Waiting for FUSE to spin up...
02-20 19:52:54.347  1861  1861 W sdcard  : Device explicitly disabled sdcardfs
02-20 19:52:54.363  1679  1738 I WifiConnectivityManager: Set WiFi enabled
02-20 19:52:54.364  1679  1738 I WifiConnectivityManager: scheduleWatchdogTimer
02-20 19:52:54.365  1772  1869 E WVMExtractor: Failed to open libwvm.so: dlopen failed: library "libwvm.so" not found
02-20 19:52:54.382  1679  1738 D WifiNative-HAL: Failing getSupportedFeatureset because HAL isn't started
02-20 19:52:54.382  1679  1696 E BatteryStatsService: no controller energy info supplied
02-20 19:52:54.382  1679  1696 E KernelCpuSpeedReader: Failed to read cpu-freq: /sys/devices/system/cpu/cpu0/cpufreq/stats/time_in_state (No such file or directory)
02-20 19:52:54.382  1679  1696 E KernelUidCpuTimeReader: Failed to read uid_cputime: /proc/uid_cputime/show_uid_stat (No such file or directory)
02-20 19:52:54.385  1679  1738 D WifiNative-HAL: Failing getSupportedFeatureset because HAL isn't started
02-20 19:52:54.385  1679  1696 E BatteryStatsService: no controller energy info supplied
02-20 19:52:54.385  1679  1696 E KernelCpuSpeedReader: Failed to read cpu-freq: /sys/devices/system/cpu/cpu0/cpufreq/stats/time_in_state (No such file or directory)
02-20 19:52:54.385  1679  1696 E KernelUidCpuTimeReader: Failed to read uid_cputime: /proc/uid_cputime/show_uid_stat (No such file or directory)
02-20 19:52:54.386  1372  1372 I MediaPlayerService: MediaPlayerService::getOMX
02-20 19:52:54.387  1372  1372 I OMXClient: MuxOMX ctor
02-20 19:52:54.387  1369  1369 I OMXMaster: makeComponentInstance(OMX.google.vorbis.decoder) in mediacodec process
02-20 19:52:54.390  1815  1815 I art     : System.exit called, status: 0
02-20 19:52:54.390  1815  1815 I AndroidRuntime: VM exiting with result code 0, cleanup skipped.
02-20 19:52:54.394  1679  1728 D VoldConnector: RCV <- {651 public:253,64 2}
02-20 19:52:54.394  1679  1728 D VoldConnector: RCV <- {200 6 Command succeeded}
02-20 19:52:54.395  1679  1727 E VoldConnector: NDC Command {6 volume mount public:253,64 2 0} took too long (759ms)
02-20 19:52:54.523  1679  1679 W NetworkManagement: setDataSaverMode(): already false
02-20 19:52:54.527  1372  1372 I MediaPlayerService: MediaPlayerService::getOMX
02-20 19:52:54.527  1372  1372 I OMXClient: MuxOMX ctor
02-20 19:52:54.527  1369  1369 I OMXMaster: makeComponentInstance(OMX.google.opus.decoder) in mediacodec process
02-20 19:52:54.575  1372  1372 I MediaPlayerService: MediaPlayerService::getOMX
02-20 19:52:54.576  1372  1372 I OMXClient: MuxOMX ctor
02-20 19:52:54.576  1369  1369 I OMXMaster: makeComponentInstance(OMX.google.raw.decoder) in mediacodec process
02-20 19:52:54.592  1372  1372 I MediaPlayerService: MediaPlayerService::getOMX
02-20 19:52:54.592  1372  1372 I OMXClient: MuxOMX ctor
02-20 19:52:54.592  1369  1835 I OMXMaster: makeComponentInstance(OMX.google.aac.encoder) in mediacodec process
02-20 19:52:54.597  1759  1759 W InputAttributes: No editor info for this field. Bug?
02-20 19:52:54.601  1372  1372 I MediaPlayerService: MediaPlayerService::getOMX
02-20 19:52:54.601  1372  1372 I OMXClient: MuxOMX ctor
02-20 19:52:54.601  1369  1410 I OMXMaster: makeComponentInstance(OMX.google.amrnb.encoder) in mediacodec process
02-20 19:52:54.630  1372  1372 I MediaPlayerService: MediaPlayerService::getOMX
02-20 19:52:54.630  1372  1372 I OMXClient: MuxOMX ctor
02-20 19:52:54.630  1369  1410 I OMXMaster: makeComponentInstance(OMX.google.amrwb.encoder) in mediacodec process
02-20 19:52:54.635  1372  1372 I MediaPlayerService: MediaPlayerService::getOMX
02-20 19:52:54.635  1372  1372 I OMXClient: MuxOMX ctor
02-20 19:52:54.635  1369  1835 I OMXMaster: makeComponentInstance(OMX.google.flac.encoder) in mediacodec process
02-20 19:52:54.715  1679  1679 D NetworkPolicy: setRestrictBackgroundUL(): false
02-20 19:52:54.715  1679  1679 W NetworkManagement: setDataSaverMode(): already false
02-20 19:52:54.716  1759  1899 I LatinIME:LogUtils: Dictionary info: dictionary = userunigram.en_US ; version = 1519156374 ; date = ?
02-20 19:52:54.717  1759  1899 E ActivityThread: Failed to find provider info for user_dictionary
02-20 19:52:54.717  1759  1899 I LatinIME:LogUtils: Dictionary info: dictionary = UserHistoryDictionary.en_US ; version = 1519156374 ; date = ?
02-20 19:52:54.753  1372  1372 I MediaPlayerService: MediaPlayerService::getOMX
02-20 19:52:54.763  1372  1372 I OMXClient: MuxOMX ctor
02-20 19:52:54.764  1369  1369 I OMXMaster: makeComponentInstance(OMX.google.gsm.decoder) in mediacodec process
02-20 19:52:54.780     0     0 D ieee80211 phy1: mac80211_hwsim_configure_filter
02-20 19:52:54.844  1372  1372 I MediaPlayerService: MediaPlayerService::getOMX
02-20 19:52:54.844  1372  1372 I OMXClient: MuxOMX ctor
02-20 19:52:54.845  1369  1369 I OMXMaster: makeComponentInstance(OMX.google.mpeg4.decoder) in mediacodec process
02-20 19:52:54.857  1772  1772 I vol.Events: writeEvent collection_started
02-20 19:52:54.857  1679  1679 I SystemServiceManager: Starting phase 600
02-20 19:52:54.866  1679  1679 D SensorNotificationService: Cannot obtain dynamic meta sensor, not supported.
02-20 19:52:54.870  1679  1734 I netstats_mobile_sample: [0,0,0,0,0,0,0,0,0,0,0,0,-1]
02-20 19:52:54.870  1679  1734 I netstats_wifi_sample: [0,0,0,0,0,0,0,0,0,0,0,0,-1]
02-20 19:52:54.872  1369  1410 E OMXNodeInstance: getExtensionIndex(559000f:google.mpeg4.decoder, OMX.google.android.index.configureVideoTunnelMode) ERROR: UnsupportedIndex(0x8000101a)
02-20 19:52:54.872  1369  1835 W OMXNodeInstance: [559000f:google.mpeg4.decoder] component does not support metadata mode; using fallback
02-20 19:52:54.873  1372  1372 I MediaPlayerService: MediaPlayerService::getOMX
02-20 19:52:54.873  1372  1372 I OMXClient: MuxOMX ctor
02-20 19:52:54.873  1369  1369 I OMXMaster: makeComponentInstance(OMX.google.h263.decoder) in mediacodec process
02-20 19:52:54.881  1679  1679 D TelephonyRegistry: listen oscl: hasNotifySubscriptionInfoChangedOccurred==false no callback
02-20 19:52:54.890  1369  1835 E OMXNodeInstance: getExtensionIndex(5590010:google.h263.decoder, OMX.google.android.index.configureVideoTunnelMode) ERROR: UnsupportedIndex(0x8000101a)
02-20 19:52:54.890  1369  1410 W OMXNodeInstance: [5590010:google.h263.decoder] component does not support metadata mode; using fallback
02-20 19:52:54.891  1372  1372 I MediaPlayerService: MediaPlayerService::getOMX
02-20 19:52:54.891  1372  1372 I OMXClient: MuxOMX ctor
02-20 19:52:54.891  1369  1369 I OMXMaster: makeComponentInstance(OMX.google.h264.decoder) in mediacodec process
02-20 19:52:54.901  1772  1915 I sysui_action: [213,2]
02-20 19:52:54.901  1772  1915 I vol.Events: writeEvent external_ringer_mode_changed normal
02-20 19:52:54.901  1772  1915 I vol.Events: writeEvent internal_ringer_mode_changed normal
02-20 19:52:54.902  1679  1679 I GnssLocationProvider: WakeLock acquired by sendMessage(13, 0, null)
02-20 19:52:54.909  1679  1679 W LocationProviderProxy-network: Odd, no component found for service com.android.location.service.v3.NetworkLocationProvider
02-20 19:52:54.910  1679  1692 W GnssLocationProvider: Could not open GPS configuration file /etc/gps.conf
02-20 19:52:54.910  1679  1692 E GnssLocationProvider: no AGPS interface in set_agps_server
02-20 19:52:54.912  1679  1679 W GeocoderProxy: Odd, no component found for service com.android.location.service.GeocodeProvider
02-20 19:52:54.912  1679  1679 E FlpHardwareProvider: Error hw_get_module 'flp': -2
02-20 19:52:54.912  1679  1679 D LocationManagerService: FLP HAL not supported
02-20 19:52:54.914  1679  1679 W GeofenceProxy: Odd, no component found for service com.android.location.service.GeofenceProvider
02-20 19:52:54.915  1679  1679 E ActivityRecognitionHardware: Error hw_get_module: -2
02-20 19:52:54.915  1679  1679 D LocationManagerService: Hardware Activity-Recognition not supported.
02-20 19:52:54.916  1679  1679 W ActivityRecognitionProxy: Odd, no component found for service com.android.location.service.ActivityRecognitionProvider
02-20 19:52:54.917  1679  1679 I GnssLocationProvider: WakeLock acquired by sendMessage(2, 1, null)
02-20 19:52:54.918  1679  1692 D TelephonyRegistry: listen oscl: hasNotifySubscriptionInfoChangedOccurred==false no callback
02-20 19:52:54.919  1679  1679 I CommonTimeManagementService: No common time service detected on this platform.  Common time services will be unavailable.
02-20 19:52:54.919  1679  1726 I InputReader: Reconfiguring input devices.  changes=0x00000020
02-20 19:52:54.932  1679  1726 I InputReader: Reconfiguring input devices.  changes=0x00000010
02-20 19:52:54.932  1679  1679 D TelephonyRegistry: systemRunning register for intents
02-20 19:52:54.932  1679  1679 I MmsServiceBroker: Delay connecting to MmsService until an API is called
02-20 19:52:54.935  1372  1372 W ACodec  : [OMX.google.h264.decoder] stopping checking profiles after 32: 2/8000
02-20 19:52:54.935  1369  1369 E OMXNodeInstance: getExtensionIndex(5590011:google.h264.decoder, OMX.google.android.index.configureVideoTunnelMode) ERROR: UnsupportedIndex(0x8000101a)
02-20 19:52:54.935  1369  1410 W OMXNodeInstance: [5590011:google.h264.decoder] component does not support metadata mode; using fallback
02-20 19:52:54.943  1372  1372 I MediaPlayerService: MediaPlayerService::getOMX
02-20 19:52:54.944  1372  1372 I OMXClient: MuxOMX ctor
02-20 19:52:54.944  1369  1835 I OMXMaster: makeComponentInstance(OMX.google.hevc.decoder) in mediacodec process
02-20 19:52:54.948  1679  1692 I GnssLocationProvider: WakeLock released by handleMessage(13, 0, null)
02-20 19:52:54.948  1679  1692 E GnssLocationProvider: no AGPS interface in set_agps_server
02-20 19:52:54.949  1679  1692 I GnssLocationProvider: WakeLock released by handleMessage(2, 1, null)
02-20 19:52:54.968  1925  1925 W art     : Unexpected CPU variant for X86 using defaults: x86_64
02-20 19:52:54.973  1679  1679 I am_proc_start: [0,1925,1001,com.android.phone,added application,com.android.phone]
02-20 19:52:54.973  1679  1679 I ActivityManager: Start proc 1925:com.android.phone/1001 for added application com.android.phone
02-20 19:52:54.974  1679  1679 I ActivityManager: START u0 {act=android.intent.action.MAIN cat=[android.intent.category.HOME] flg=0x10000100 cmp=com.android.settings/.FallbackHome} from uid 0 on display 0
02-20 19:52:54.975  1679  1679 W System  : ClassLoader referenced unknown path: 
02-20 19:52:54.975  1679  1679 W System  : ClassLoader referenced unknown path: /system/priv-app/Settings/lib/x86_64
02-20 19:52:54.976  1679  1679 D ApplicationLoaders: ignored Vulkan layer search path /system/priv-app/Settings/lib/x86_64:/system/priv-app/Settings/Settings.apk!/lib/x86_64:/system/lib64:/vendor/lib64 for namespace 0x7ac158ea1160
02-20 19:52:54.982  1679  1679 I ActivityManager: Loaded persisted task ids for user 0
02-20 19:52:54.985  1679  1679 I am_create_task: [0,1]
02-20 19:52:54.985  1679  1679 I am_create_activity: [0,49184417,1,com.android.settings/.FallbackHome,android.intent.action.MAIN,NULL,NULL,276824320]
02-20 19:52:54.985  1679  1679 I wm_task_created: [1,0]
02-20 19:52:54.987  1679  1679 I wm_task_moved: [1,1,0]
02-20 19:52:54.989  1679  1679 I wm_task_moved: [1,1,0]
02-20 19:52:54.992  1679  1679 I am_focused_activity: [0,com.android.settings/.FallbackHome,startedActivity]
02-20 19:52:55.006  1679  1679 I am_proc_start: [0,1940,1000,com.android.settings,activity,com.android.settings/.FallbackHome]
02-20 19:52:55.006  1679  1679 I ActivityManager: Start proc 1940:com.android.settings/1000 for activity com.android.settings/.FallbackHome
02-20 19:52:55.014  1679  1679 I SystemServer: Enabled StrictMode for system server main thread.
02-20 19:52:55.014  1679  1691 I am_proc_bound: [0,1925,com.android.phone]
02-20 19:52:55.019  1940  1940 W art     : Unexpected CPU variant for X86 using defaults: x86_64
02-20 19:52:55.032  1679  1679 D ConditionProviders.SCP: onConnected
02-20 19:52:55.032  1679  1679 D ZenLog  : set_zen_mode: off,readXml
02-20 19:52:55.033  1679  1692 W LocationProviderProxy-network: Odd, no component found for service com.android.location.service.v3.NetworkLocationProvider
02-20 19:52:55.039  1925  1925 W System  : ClassLoader referenced unknown path: /system/priv-app/TeleService/lib/x86_64
02-20 19:52:55.069  1679  1679 D ConditionProviders: Subscribing to condition://android/schedule?days=6.7&start=23.30&end=10.0&exitAtAlarm=false with ComponentInfo{android/com.android.server.notification.ScheduleConditionProvider}
02-20 19:52:55.069  1679  1679 D ZenLog  : subscribe: condition://android/schedule?days=6.7&start=23.30&end=10.0&exitAtAlarm=false,ok
02-20 19:52:55.069  1679  1679 D ConditionProviders: Subscribing to condition://android/event?userId=-10000&calendar=&reply=1 with ComponentInfo{android/com.android.server.notification.EventConditionProvider}
02-20 19:52:55.069  1679  1679 D ZenLog  : subscribe: condition://android/event?userId=-10000&calendar=&reply=1,ok
02-20 19:52:55.069  1679  1679 D ConditionProviders: Subscribing to condition://android/schedule?days=1.2.3.4.5&start=22.0&end=7.0&exitAtAlarm=false with ComponentInfo{android/com.android.server.notification.ScheduleConditionProvider}
02-20 19:52:55.069  1679  1679 D ZenLog  : subscribe: condition://android/schedule?days=1.2.3.4.5&start=22.0&end=7.0&exitAtAlarm=false,ok
02-20 19:52:55.072  1679  1790 I am_proc_bound: [0,1940,com.android.settings]
02-20 19:52:55.174  1679  1692 W GeocoderProxy: Odd, no component found for service com.android.location.service.GeocodeProvider
02-20 19:52:55.174  1679  1692 W GeofenceProxy: Odd, no component found for service com.android.location.service.GeofenceProvider
02-20 19:52:55.174  1679  1692 W ActivityRecognitionProxy: Odd, no component found for service com.android.location.service.ActivityRecognitionProvider
02-20 19:52:55.182  1369  1410 E OMXNodeInstance: getExtensionIndex(5590012:google.hevc.decoder, OMX.google.android.index.configureVideoTunnelMode) ERROR: UnsupportedIndex(0x8000101a)
02-20 19:52:55.183  1369  1835 W OMXNodeInstance: [5590012:google.hevc.decoder] component does not support metadata mode; using fallback
02-20 19:52:55.184  1372  1372 I MediaPlayerService: MediaPlayerService::getOMX
02-20 19:52:55.184  1372  1372 I OMXClient: MuxOMX ctor
02-20 19:52:55.184  1369  1369 I OMXMaster: makeComponentInstance(OMX.google.vp8.decoder) in mediacodec process
02-20 19:52:55.212  1759  1899 I LatinIME:LogUtils: Dictionary info: dictionary = main:en ; version = 54 ; date = 1414726273
02-20 19:52:55.237  1369  1410 E OMXNodeInstance: getExtensionIndex(5590013:google.vp8.decoder, OMX.google.android.index.configureVideoTunnelMode) ERROR: UnsupportedIndex(0x8000101a)
02-20 19:52:55.237  1369  1835 W OMXNodeInstance: [5590013:google.vp8.decoder] component does not support metadata mode; using fallback
02-20 19:52:55.238  1372  1372 I MediaPlayerService: MediaPlayerService::getOMX
02-20 19:52:55.238  1372  1372 I OMXClient: MuxOMX ctor
02-20 19:52:55.238  1369  1410 I OMXMaster: makeComponentInstance(OMX.google.vp9.decoder) in mediacodec process
02-20 19:52:55.238  1313  1326 D PermissionCache: checking android.permission.READ_FRAME_BUFFER for uid=1000 => granted (1073 us)
02-20 19:52:55.291  1313  1326 D gralloc_ranchu: gralloc_alloc: Creating ashmem region of size 17051648
02-20 19:52:55.292  1313  1326 D         : HostConnection::get() New Host Connection established 0x7efe5fa2fbe0, tid 1326
02-20 19:52:55.297  1369  1369 E OMXNodeInstance: getExtensionIndex(5590014:google.vp9.decoder, OMX.google.android.index.configureVideoTunnelMode) ERROR: UnsupportedIndex(0x8000101a)
02-20 19:52:55.297  1369  1410 W OMXNodeInstance: [5590014:google.vp9.decoder] component does not support metadata mode; using fallback
02-20 19:52:55.299  1372  1372 I MediaPlayerService: MediaPlayerService::getOMX
02-20 19:52:55.299  1372  1372 I OMXClient: MuxOMX ctor
02-20 19:52:55.299  1369  1966 I OMXMaster: makeComponentInstance(OMX.google.h263.encoder) in mediacodec process
02-20 19:52:55.349  1369  1966 I SoftMPEG4Encoder: Construct SoftMPEG4Encoder
02-20 19:52:55.350  1372  1372 W ACodec  : do not know color format 0x7f000789 = 2130708361
02-20 19:52:55.351  1369  1835 E OMXNodeInstance: getConfig(5590015:google.h263.encoder, ConfigAndroidIntraRefresh(0x6f60000a)) ERROR: Undefined(0x80001001)
02-20 19:52:55.352  1372  1372 I MediaPlayerService: MediaPlayerService::getOMX
02-20 19:52:55.353  1372  1372 I OMXClient: MuxOMX ctor
02-20 19:52:55.353  1369  1410 I OMXMaster: makeComponentInstance(OMX.google.h264.encoder) in mediacodec process
02-20 19:52:55.381  1372  1372 W ACodec  : do not know color format 0x7f000789 = 2130708361
02-20 19:52:55.383  1372  1372 I MediaPlayerService: MediaPlayerService::getOMX
02-20 19:52:55.383  1372  1372 I OMXClient: MuxOMX ctor
02-20 19:52:55.383  1369  1369 I OMXMaster: makeComponentInstance(OMX.google.mpeg4.encoder) in mediacodec process
02-20 19:52:55.412  1679  1790 I am_restart_activity: [0,49184417,1,com.android.settings/.FallbackHome]
02-20 19:52:55.413  1679  1691 W art     : Long monitor contention with owner Binder:1679_3 (1790) at void com.android.server.am.ActivityManagerService.attachApplication(android.app.IApplicationThread)(ActivityManagerService.java:6669) waiters=3 in void com.android.server.am.ActivityManagerService.addPackageDependency(java.lang.String) for 210ms
02-20 19:52:55.413  1679  1691 I dvm_lock_sample: [system_server,1,Binder:1679_2,210,ActivityManagerService.java,5765,-,6669,42]
02-20 19:52:55.422  1679  1690 W art     : Long monitor contention with owner Binder:1679_3 (1790) at void com.android.server.am.ActivityManagerService.attachApplication(android.app.IApplicationThread)(ActivityManagerService.java:6669) waiters=2 in android.content.pm.UserInfo com.android.server.am.UserController.getCurrentUser() for 237ms
02-20 19:52:55.422  1679  1690 I dvm_lock_sample: [system_server,1,Binder:1679_1,237,UserController.java,1438,ActivityManagerService.java,6669,47]
02-20 19:52:55.423  1679  1679 D RttService: SCAN_AVAILABLE : 1
02-20 19:52:55.425  1679  1679 D ZenLog  : set_zen_mode: off,cleanUpZenRules
02-20 19:52:55.427  1679  1740 I WifiScanningService: wifi driver unloaded
02-20 19:52:55.428  1679  1741 D RttService: DefaultState got{ when=-5ms what=160513 target=com.android.internal.util.StateMachine$SmHandler }
02-20 19:52:55.439  1940  1940 W System  : ClassLoader referenced unknown path: /system/priv-app/Settings/lib/x86_64
02-20 19:52:55.441  1925  1925 W System  : ClassLoader referenced unknown path: /system/priv-app/TelephonyProvider/lib/x86_64
02-20 19:52:55.442  1925  1925 D ApplicationLoaders: ignored Vulkan layer search path /system/priv-app/TelephonyProvider/lib/x86_64:/system/lib64:/vendor/lib64 for namespace 0x7ac158e360f0
02-20 19:52:55.468  1679  1679 W System  : ClassLoader referenced unknown path: /system/priv-app/Telecom/lib/x86_64
02-20 19:52:55.468  1679  1679 D ApplicationLoaders: ignored Vulkan layer search path /system/priv-app/Telecom/lib/x86_64:/system/priv-app/Telecom/Telecom.apk!/lib/x86_64:/system/lib64:/vendor/lib64 for namespace 0x7ac158ea11d0
02-20 19:52:55.508  1369  1369 I SoftMPEG4Encoder: Construct SoftMPEG4Encoder
02-20 19:52:55.509  1372  1372 W ACodec  : do not know color format 0x7f000789 = 2130708361
02-20 19:52:55.509  1369  1410 E OMXNodeInstance: getConfig(5590017:google.mpeg4.encoder, ConfigAndroidIntraRefresh(0x6f60000a)) ERROR: Undefined(0x80001001)
02-20 19:52:55.513  1925  1925 D TelephonyProvider: dbh.onOpen: ok, queried table=siminfo
02-20 19:52:55.513  1925  1925 D TelephonyProvider: dbh.onOpen: ok, queried table=carriers
02-20 19:52:55.514  1372  1372 I MediaPlayerService: MediaPlayerService::getOMX
02-20 19:52:55.514  1372  1372 I OMXClient: MuxOMX ctor
02-20 19:52:55.514  1369  1410 I OMXMaster: makeComponentInstance(OMX.google.vp8.encoder) in mediacodec process
02-20 19:52:55.515  1679  1792 I stream_devices_changed: [0,0,2]
02-20 19:52:55.522  1679  1792 I stream_devices_changed: [2,0,2]
02-20 19:52:55.523  1679  1792 I stream_devices_changed: [3,0,2]
02-20 19:52:55.524  1679  1792 I stream_devices_changed: [6,0,2]
02-20 19:52:55.531  1679  1792 I stream_devices_changed: [4,0,2]
02-20 19:52:55.533  1772  1915 I vol.Events: writeEvent level_changed STREAM_ALARM 6
02-20 19:52:55.558  1772  1915 I vol.Events: writeEvent level_changed STREAM_BLUETOOTH_SCO 7
02-20 19:52:55.597  1772  1915 I vol.Events: writeEvent level_changed STREAM_MUSIC 11
02-20 19:52:55.601  1772  1915 I vol.Events: writeEvent level_changed STREAM_RING 5
02-20 19:52:55.604  1772  1915 I vol.Events: writeEvent level_changed STREAM_SYSTEM 5
02-20 19:52:55.630  1679  1679 E BluetoothAdapter: Bluetooth binder is null
02-20 19:52:55.651  1679  1679 I Telecom : SystemStateProvider: Registering car mode receiver: android.content.IntentFilter@d252e67: TS.init@AAA
02-20 19:52:55.692  1679  1979 I Telecom : Telecom: Non-call EVENT: AUDIO_ROUTE, Entering state QuiescentEarpieceRoute
02-20 19:52:55.695  1940  1940 I am_on_resume_called: [0,com.android.settings.FallbackHome,LAUNCH_ACTIVITY]
02-20 19:52:55.700  1925  1925 D TDC     : updateOrInsert: inserting: Modem { uuid=modem, state=0, rilModel=0, rat={}, maxActiveVoiceCall=1, maxActiveDataCall=1, maxStandby=1 }
02-20 19:52:55.700  1925  1925 D TDC     : updateOrInsert: inserting: Sim { uuid=sim, modemUuid=modem, state=0 }
02-20 19:52:55.703  1679  1980 I Telecom : CallAudioModeStateMachine: Message received: null.: TS.init->CAMSM.pM_1@AAA_0
02-20 19:52:55.703  1372  1372 W ACodec  : do not know color format 0x7f000789 = 2130708361
02-20 19:52:55.704  1369  1835 E OMXNodeInstance: getConfig(5590018:google.vp8.encoder, ConfigAndroidIntraRefresh(0x6f60000a)) ERROR: Undefined(0x80001001)
02-20 19:52:55.704  1772  1915 I vol.Events: writeEvent level_changed STREAM_VOICE_CALL 4
02-20 19:52:55.704  1679  1679 E BluetoothAdapter: Bluetooth binder is null
02-20 19:52:55.705  1679  1985 E ActivityThread: Failed to find provider info for call_log
02-20 19:52:55.705  1313  1326 E SurfaceFlinger: ro.sf.lcd_density must be defined as a build property
02-20 19:52:55.707  1372  1372 I MediaPlayerService: MediaPlayerService::getOMX
02-20 19:52:55.707  1372  1372 I OMXClient: MuxOMX ctor
02-20 19:52:55.707  1313  1355 E SurfaceFlinger: ro.sf.lcd_density must be defined as a build property
02-20 19:52:55.708  1372  1372 I MediaPlayerService: MediaPlayerService::getOMX
02-20 19:52:55.708  1372  1372 I OMXClient: MuxOMX ctor
02-20 19:52:55.709  1372  1372 W MediaCodecList: unable to open media codecs configuration xml file: /data/misc/media/media_codecs_profiling_results.xml
02-20 19:52:55.710  1372  1429 I MediaPlayerService: MediaPlayerService::getOMX
02-20 19:52:55.711  1372  1837 I MediaPlayerService: MediaPlayerService::getOMX
02-20 19:52:55.711  1772  1878 I OMXClient: MuxOMX ctor
02-20 19:52:55.711  1679  1810 I OMXClient: MuxOMX ctor
02-20 19:52:55.712  1369  1835 I OMXMaster: makeComponentInstance(OMX.google.vorbis.decoder) in mediacodec process
02-20 19:52:55.715  1679  1679 I Telecom : Class: TelecomSystem.INSTANCE being set
02-20 19:52:55.715  1679  1679 E BluetoothAdapter: Bluetooth binder is null
02-20 19:52:55.717  1679  1679 W ContextImpl: Calling a method in the system process without a qualified user: android.app.ContextImpl.startService:1357 com.android.server.content.SyncManager$13.run:658 android.os.Handler.handleCallback:751 android.os.Handler.dispatchMessage:95 android.os.Looper.loop:154 
02-20 19:52:55.718  1679  1679 D RttService: SCAN_AVAILABLE : 3
02-20 19:52:55.723  1679  1741 D RttService: DefaultState got{ when=-5ms what=160512 target=com.android.internal.util.StateMachine$SmHandler }
02-20 19:52:55.731  1679  1740 I WifiScanningService: wifi driver loaded with scan capabilities: max buckets=16
02-20 19:52:55.734  1925  1925 D CdmaSSM : subscriptionSource from settings: 0
02-20 19:52:55.734  1925  1925 I PhoneFactory: Cdma Subscription set to 0
02-20 19:52:55.734  1940  1940 D         : HostConnection::get() New Host Connection established 0x7ac14a3fae20, tid 1940
02-20 19:52:55.777  1772  1772 D         : HostConnection::get() New Host Connection established 0x7ac139c3f720, tid 1772
02-20 19:52:55.782  1369  1410 I OMXMaster: makeComponentInstance(OMX.google.vorbis.decoder) in mediacodec process
02-20 19:52:55.816  1925  1925 I PhoneFactory: Network Mode set to 0
02-20 19:52:55.831  1925  1925 D RILJ    : RIL(context, preferredNetworkType=0 cdmaSubscription=0)
02-20 19:52:55.845  1679  1679 W System  : ClassLoader referenced unknown path: /system/priv-app/FusedLocation/lib/x86_64
02-20 19:52:55.845  1925  1925 D RILJ    : Starting RILReceiver0 [SUB0]
02-20 19:52:55.845  1679  1679 D ApplicationLoaders: ignored Vulkan layer search path /system/priv-app/FusedLocation/lib/x86_64:/system/priv-app/FusedLocation/FusedLocation.apk!/lib/x86_64:/system/lib64:/vendor/lib64 for namespace 0x7ac158ea1240
02-20 19:52:55.849  1925  1925 D RILJ    : [3648]> GET_HARDWARE_CONFIG [SUB0]
02-20 19:52:55.850  1925  1925 D RilRequest: [3648]< GET_HARDWARE_CONFIG error: com.android.internal.telephony.CommandException: RADIO_NOT_AVAILABLE ret=
02-20 19:52:55.850  1925  1925 I PhoneFactory: Creating SubscriptionController
02-20 19:52:55.855  1925  1925 D SubscriptionController: [SubscriptionController] init by Context
02-20 19:52:55.871  1374  1467 I RILC    : libril: new connection to RIL_SOCKET_1
02-20 19:52:55.871  1374  1467 I RILC    : RIL Daemon version: android reference-ril 1.0
02-20 19:52:55.872  1925  2004 I RILJ    : (0) Connected to 'rild' socket
02-20 19:52:55.872  1925  2004 D RILJ    : [UNSL]< UNSOL_RIL_CONNECTED {12} [SUB0]
02-20 19:52:55.872  1925  2004 D RILJ    : [3649]> RADIO_POWER off [SUB0]
02-20 19:52:55.874  1374  1467 D RIL     : onRequest: RADIO_POWER
02-20 19:52:55.874  1925  2004 D RILJ    : [3650]> RIL_REQUEST_CDMA_SET_SUBSCRIPTION_SOURCE : 0 [SUB0]
02-20 19:52:55.875  1374  1467 D RIL     : onRequest: CDMA_SET_SUBSCRIPTION_SOURCE
02-20 19:52:55.875  1925  2004 D RILJ    : setCellInfoListRate: 2147483647 [SUB0]
02-20 19:52:55.875  1925  2004 D RILJ    : [3651]> RIL_REQUEST_SET_CELL_INFO_LIST_RATE [SUB0]
02-20 19:52:55.876  1374  1467 D RIL     : onRequest: SET_UNSOL_CELL_INFO_LIST_RATE
02-20 19:52:55.876  1925  2004 D RILJ    : [UNSL]< UNSOL_RESPONSE_RADIO_STATE_CHANGED RADIO_OFF [SUB0]
02-20 19:52:55.876  1925  2004 D RILJ    : [3652]> SCREEN_STATE: true [SUB0]
02-20 19:52:55.877  1374  1467 D RIL     : onRequest: SCREEN_STATE
02-20 19:52:55.877  1925  2004 D RILJ    : [UNSL]< UNSOL_NITZ_TIME_RECEIVED 18/02/20:19:52:48+0:0:Unknown!Unknown [SUB0]
02-20 19:52:55.877  1925  2004 D RILJ    : [3649]< RADIO_POWER  [SUB0]
02-20 19:52:55.878  1925  2004 D RilRequest: [3650]< RIL_REQUEST_CDMA_SET_SUBSCRIPTION_SOURCE error: com.android.internal.telephony.CommandException: RADIO_NOT_AVAILABLE ret=
02-20 19:52:55.879  1925  2004 D RilRequest: [3651]< RIL_REQUEST_SET_CELL_INFO_LIST_RATE error: com.android.internal.telephony.CommandException: RADIO_NOT_AVAILABLE ret=
02-20 19:52:55.879  1925  2004 D RilRequest: [3652]< SCREEN_STATE error: com.android.internal.telephony.CommandException: RADIO_NOT_AVAILABLE ret=
02-20 19:52:55.899  1372  1372 I MediaPlayerService: MediaPlayerService::getOMX
02-20 19:52:55.899  1679  2005 I OMXClient: MuxOMX ctor
02-20 19:52:55.899  1369  1410 I OMXMaster: makeComponentInstance(OMX.google.vorbis.decoder) in mediacodec process
02-20 19:52:55.904  1940  1982 D         : HostConnection::get() New Host Connection established 0x7ac14a3faee0, tid 1982
02-20 19:52:55.906  1940  1982 I OpenGLRenderer: Initialized EGL, version 1.4
02-20 19:52:55.907  1940  1982 D OpenGLRenderer: Swap behavior 1
02-20 19:52:55.910  1372  1837 I MediaPlayerService: MediaPlayerService::getOMX
02-20 19:52:55.911  1772  2006 I OMXClient: MuxOMX ctor
02-20 19:52:55.915  1925  1925 D UiccController: Creating UiccController
02-20 19:52:55.917  1925  1925 D TelephonyTester: register for intent action=com.android.internal.telephony.action_detached
02-20 19:52:55.918  1925  1925 D TelephonyTester: register for intent action=com.android.internal.telephony.action_attached
02-20 19:52:55.919  1772  1772 D StorageNotification: Notifying about private volume: VolumeInfo{private}:
02-20 19:52:55.919  1772  1772 D StorageNotification:     type=PRIVATE diskId=null partGuid=null mountFlags=0 mountUserId=-1 
02-20 19:52:55.919  1772  1772 D StorageNotification:     state=MOUNTED 
02-20 19:52:55.919  1772  1772 D StorageNotification:     fsType=null fsUuid=null fsLabel=null 
02-20 19:52:55.919  1772  1772 D StorageNotification:     path=/data internalPath=null 
02-20 19:52:55.920  1772  1772 D StorageNotification: Notifying about public volume: VolumeInfo{public:253,64}:
02-20 19:52:55.920  1772  1772 D StorageNotification:     type=PUBLIC diskId=disk:253,64 partGuid=null mountFlags=VISIBLE 
02-20 19:52:55.920  1772  1772 D StorageNotification:     mountUserId=0 state=MOUNTED 
02-20 19:52:55.920  1772  1772 D StorageNotification:     fsType=vfat fsUuid=1E12-0B12 fsLabel=SDCARD 
02-20 19:52:55.920  1772  1772 D StorageNotification:     path=/storage/1E12-0B12 internalPath=/mnt/media_rw/1E12-0B12 
02-20 19:52:55.928  1940  1982 D EGL_emulation: eglCreateContext: 0x7ac14a3f1b60: maj 3 min 0 rcv 3
02-20 19:52:55.935  1679  1679 D GpsNetInitiatedHandler: location enabled :true
02-20 19:52:55.935  1679  1679 V WiredAccessoryManager: notifyWiredAccessoryChanged: when=0 bits= mask=54
02-20 19:52:55.935  1679  1679 V WiredAccessoryManager: newName=h2w newState=0 headsetState=0 prev headsetState=0
02-20 19:52:55.935  1679  1679 E WiredAccessoryManager: No state change.
02-20 19:52:55.935  1679  1679 V WiredAccessoryManager: init()
02-20 19:52:55.944  1925  1925 D Phone   : mDoesRilSendMultipleCallRing=true
02-20 19:52:55.944  1925  1925 D Phone   : mCallRingDelay=3000
02-20 19:52:55.950  1369  1369 I OMXMaster: makeComponentInstance(OMX.google.vorbis.decoder) in mediacodec process
02-20 19:52:55.963  1925  1925 D RILJ    : [3653]> RIL_REQUEST_START_LCE [SUB0]
02-20 19:52:55.965  1374  1467 D RIL     : onRequest: <unknown request>
02-20 19:52:55.965  1925  2004 D RilRequest: [3653]< RIL_REQUEST_START_LCE error: com.android.internal.telephony.CommandException: RADIO_NOT_AVAILABLE ret=
02-20 19:52:55.988  1679  1679 I dvm_lock_sample: [system_server,1,main,52,WindowManagerService.java,2363,WindowAnimator.java,144,10]
02-20 19:52:55.990  1925  1925 E RIL_ImsSms: getFormat should never be called from here!
02-20 19:52:55.990  1925  1925 D SMSDispatcher: SMSDispatcher: ctor mSmsCapable=true format=unknown mSmsSendDisabled=false
02-20 19:52:55.990  1925  1925 D RIL_ImsSms: ImsSMSDispatcher created
02-20 19:52:55.990  1925  1925 D SMSDispatcher: SMSDispatcher: ctor mSmsCapable=true format=3gpp2 mSmsSendDisabled=false
02-20 19:52:55.990  1925  1925 D CdmaSMSDispatcher: CdmaSMSDispatcher created
02-20 19:52:55.997  1925  1925 D GsmInboundSmsHandler: created InboundSmsHandler
02-20 19:52:56.007  1372  1884 I MediaPlayerService: MediaPlayerService::getOMX
02-20 19:52:56.011  1772  2021 I OMXClient: MuxOMX ctor
02-20 19:52:56.011  1369  1835 I OMXMaster: makeComponentInstance(OMX.google.vorbis.decoder) in mediacodec process
02-20 19:52:56.013  1940  1982 D EGL_emulation: eglMakeCurrent: 0x7ac14a3f1b60: ver 3 0 (tinfo 0x7ac1546a9c40)
02-20 19:52:56.018  1679  1679 W VibratorService: Tried to stop vibrating but there is no vibrator device.
02-20 19:52:56.019  1679  1679 D ConditionProviders.SCP: onSubscribe condition://android/schedule?days=6.7&start=23.30&end=10.0&exitAtAlarm=false
02-20 19:52:56.019  1679  1679 D ConditionProviders.SCP: setRegistered true
02-20 19:52:56.020  1679  1679 D ConditionProviders.SCP: notifyCondition condition://android/schedule?days=6.7&start=23.30&end=10.0&exitAtAlarm=false STATE_FALSE reason=!meetsSchedule
02-20 19:52:56.022  1925  1925 D CdmaInboundSmsHandler: created InboundSmsHandler
02-20 19:52:56.023  1679  1679 D ConditionProviders.SCP: Scheduling evaluate for Tue Feb 20 23:30:00 GMT+00:00 2018 (1519169400000), in +3h37m3s981ms, now=Tue Feb 20 19:52:56 GMT+00:00 2018 (1519156376019)
02-20 19:52:56.023  1679  1679 D ConditionProviders.SCP: onSubscribe condition://android/schedule?days=1.2.3.4.5&start=22.0&end=7.0&exitAtAlarm=false
02-20 19:52:56.023  1679  1679 D ConditionProviders.SCP: notifyCondition condition://android/schedule?days=6.7&start=23.30&end=10.0&exitAtAlarm=false STATE_FALSE reason=!meetsSchedule
