02-20 19:52:51.338  1679  1679 W PackageManager: Unknown permission com.android.launcher.permission.READ_SETTINGS in package com.google.android.apps.nexuslauncher
02-20 19:52:51.338  1679  1679 W PackageManager: Unknown permission android.permission.RUN_INSTRUMENTATION in package org.chromium.webview_shell
02-20 19:52:51.338  1679  1679 W PackageManager: Unknown permission com.google.android.gallery3d.permission.PICASA_STORE in package com.google.android.apps.photos
02-20 19:52:51.338  1679  1679 W PackageManager: Not granting permission android.permission.WRITE_MEDIA_STORAGE to package com.google.android.apps.photos (protectionLevel=18 flags=0x3858be45)
02-20 19:52:51.338  1679  1679 W PackageManager: Unknown permission com.google.android.gm.exchange.BIND in package com.google.android.calendar
02-20 19:52:51.338  1679  1679 W PackageManager: Not granting permission android.permission.CONTROL_KEYGUARD to package com.google.android.gsf.login (protectionLevel=2 flags=0x3048be45)
02-20 19:52:51.338  1679  1679 W PackageManager: Unknown permission com.android.vending.billing.BILLING_ACCOUNT_SERVICE in package com.google.android.gsf.login
02-20 19:52:51.338  1679  1679 W PackageManager: Unknown permission com.android.vending.billing.ADD_CREDIT_CARD in package com.google.android.gsf.login
02-20 19:52:51.338  1679  1679 W PackageManager: Unknown permission com.android.vending.billing.IBillingAccountService.BIND2 in package com.google.android.gsf.login
02-20 19:52:51.338  1679  1679 W PackageManager: Unknown permission com.android.vending.TOS_ACKED in package com.google.android.gsf.login
02-20 19:52:51.338  1679  1679 W PackageManager: Unknown permission com.android.launcher.permission.READ_SETTINGS in package com.android.settings
02-20 19:52:51.338  1679  1679 W PackageManager: Unknown permission com.android.launcher.permission.WRITE_SETTINGS in package com.android.settings
02-20 19:52:51.338  1679  1679 W PackageManager: Not granting permission android.permission.REGISTER_CONNECTION_MANAGER to package com.google.android.talk (protectionLevel=18 flags=0x3059be45)
02-20 19:52:51.338  1679  1679 W PackageManager: Unknown permission com.android.smspush.WAPPUSH_MANAGER_BIND in package com.android.phone
02-20 19:52:51.339  1679  1679 V PackageManager: reconcileAppsData for null u0 0x3
02-20 19:52:51.344  1367  1367 I SELinux : SELinux: Loaded file_contexts contexts from /file_contexts.bin.
02-20 19:52:51.794  1367  1367 D installd: Detected label change from u:object_r:app_data_file:s0 to u:object_r:app_data_file:s0:c512,c768 at /data/data/com.example.android.contactmanager/code_cache; running recursive restorecon
02-20 19:52:51.794  1367  1367 W installd: Mismatched inode value; found 58576 on disk but marked value was 58841; overwriting: Success
02-20 19:52:51.794  1367  1367 W installd: Mismatched inode value; found 58005 on disk but marked value was 57947; overwriting: Success
02-20 19:52:51.869  1679  1679 V PackageManager: reconcileAppsData finished 100 packages
02-20 19:52:51.897  1507  1507 I hostapd : wlan1: interface state COUNTRY_UPDATE->HT_SCAN
02-20 19:52:51.898     0     0 D ieee80211 phy1: mac80211_hwsim_config (freq=0 idle=1 ps=0 smps=auto)
02-20 19:52:51.898     0     0 D ieee80211 phy1: hwsim hw_scan request
02-20 19:52:51.898     0     0 D ieee80211 phy1: hw scan 2412 MHz
02-20 19:52:51.905  1679  1679 I boot_progress_pms_ready: 9905
02-20 19:52:51.905  1679  1679 E PackageManager: There should probably be a verifier, but, none were found
02-20 19:52:51.910  1679  1679 D PackageManager: Ephemeral resolver NOT found; no matching intent filters
02-20 19:52:51.910  1679  1679 I PackageManager: Ephemeral deactivated; missing resolver and installer
02-20 19:52:51.911  1679  1679 I art     : Starting a blocking GC Explicit
02-20 19:52:51.911  1679  1692 W art     : Long monitor contention with owner main (1679) at int android.net.LocalSocketImpl.readba_native(byte[], int, int, java.io.FileDescriptor)(LocalSocketImpl.java:-2) waiters=0 in void com.android.server.pm.Settings$RuntimePermissionPersistence.writePermissionsSync(int) for 341ms
02-20 19:52:51.912  1679  1692 I dvm_lock_sample: [system_server,0,android.bg,341,Settings.java,4990,LocalSocketImpl.java,-2,68]
02-20 19:52:51.926  1496  1496 E ipv6proxy: Failed to forward Router Advertisement from eth0 to wlan1: Network is unreachable
02-20 19:52:51.930  1679  1679 I art     : Explicit concurrent mark sweep GC freed 44008(2MB) AllocSpace objects, 4(80KB) LOS objects, 24% free, 12MB/16MB, paused 136us total 18.339ms
02-20 19:52:51.931  1679  1679 I SystemServer: StartOtaDexOptService
02-20 19:52:51.932  1679  1679 I SystemServer: StartUserManagerService
02-20 19:52:51.932  1679  1679 I SystemServiceManager: Starting com.android.server.pm.UserManagerService$LifeCycle
02-20 19:52:51.954  1310  1310 I lowmemorykiller: ActivityManager connected
02-20 19:52:51.955  1679  1679 D SensorService: nuSensorService starting...
02-20 19:52:51.957  1679  1679 W SensorService: Unable to read HMAC key; generating new one.
02-20 19:52:51.957  1679  1679 W SensorService: Unable to write HMAC key; dynamic sensor getId() will change after reboot.
02-20 19:52:51.958  1679  1717 D SensorService: nuSensorService thread starting...
02-20 19:52:51.958  1679  1679 I SystemServiceManager: Starting com.android.server.BatteryService
02-20 19:52:51.959  1679  1716 D SensorService: new thread SensorEventAckReceiver
02-20 19:52:51.963  1679  1690 I battery_status: [2,2,1,1,Li-ion]
02-20 19:52:51.963  1679  1690 I battery_level: [100,0,0]
02-20 19:52:51.964  1679  1679 I SystemServiceManager: Starting com.android.server.usage.UsageStatsService
02-20 19:52:51.962     0     0 W healthd : battery l=100 v=0 t=0.0 h=2 st=2 chg=a
02-20 19:52:51.975  1679  1679 I SystemServiceManager: Starting com.android.server.webkit.WebViewUpdateService
02-20 19:52:51.982  1679  1679 I SystemServer: Reading configuration...
02-20 19:52:51.983  1679  1679 I SystemServer: StartSchedulingPolicyService
02-20 19:52:51.983  1679  1679 I SystemServiceManager: Starting com.android.server.telecom.TelecomLoaderService
02-20 19:52:51.984  1679  1679 I SystemServer: StartTelephonyRegistry
02-20 19:52:51.990  1679  1679 I SystemServer: StartEntropyMixer
02-20 19:52:51.994  1679  1679 I EntropyMixer: Writing entropy...
02-20 19:52:51.999  1679  1679 I SystemServer: Camera Service
02-20 19:52:52.001  1679  1679 I SystemServiceManager: Starting com.android.server.camera.CameraService
02-20 19:52:52.003  1679  1718 I ServiceThread: Enabled StrictMode logging for CameraService_proxy looper.
02-20 19:52:52.004  1679  1679 I SystemServer: StartAccountManagerService
02-20 19:52:52.006  1679  1679 I SystemServiceManager: Starting com.android.server.accounts.AccountManagerService$Lifecycle
02-20 19:52:52.011     0     0 D ieee80211 phy1: hw scan 2417 MHz
02-20 19:52:52.049  1679  1679 I SystemServer: StartContentService
02-20 19:52:52.052  1679  1679 I SystemServiceManager: Starting com.android.server.content.ContentService$Lifecycle
02-20 19:52:52.055  1679  1679 I SystemServer: InstallSystemProviders
02-20 19:52:52.061  1679  1679 W System  : ClassLoader referenced unknown path: /system/priv-app/SettingsProvider/lib/x86_64
02-20 19:52:52.078  1679  1679 I SystemServer: StartVibratorService
02-20 19:52:52.079  1679  1679 E VibratorService: Couldn't load vibrator module (No such file or directory)
02-20 19:52:52.079  1679  1679 W VibratorService: Tried to stop vibrating but there is no vibrator device.
02-20 19:52:52.081  1679  1679 I SystemServer: StartConsumerIrService
02-20 19:52:52.081  1679  1679 E ConsumerIrService: Can't open consumer IR HW Module, error: -2
02-20 19:52:52.082  1679  1679 I SystemServer: StartAlarmManagerService
02-20 19:52:52.082  1679  1679 I SystemServiceManager: Starting com.android.server.AlarmManagerService
02-20 19:52:52.084  1679  1679 W AlarmManagerService: no wall clock RTC found
02-20 19:52:52.084  1679  1679 D AlarmManagerService: Kernel timezone updated to 0 minutes west of GMT
02-20 19:52:52.087  1679  1679 I SystemServer: InitWatchdog
02-20 19:52:52.089  1679  1679 I SystemServer: StartInputManagerService
02-20 19:52:52.091  1679  1679 I InputManager: Initializing input manager, mUseDevInputEventForAudioJack=true
02-20 19:52:52.093  1679  1679 I SystemServer: StartWindowManagerService
02-20 19:52:52.134  1679  1700 I WindowManager: No existing display settings /data/system/display_settings.xml; starting empty
02-20 19:52:52.130     0     0 D ieee80211 phy1: hw scan 2422 MHz
02-20 19:52:52.165  1679  1679 I SystemServer: StartVrManagerService
02-20 19:52:52.165  1679  1679 I SystemServiceManager: Starting com.android.server.vr.VrManagerService
02-20 19:52:52.172  1679  1679 W VrManagerService: init_native: Could not open VR hardware module, error No such file or directory (-2).
02-20 19:52:52.180  1679  1679 I wm_stack_created: 0
02-20 19:52:52.181  1679  1679 I InputManager: Starting input manager
02-20 19:52:52.185  1679  1726 D EventHub: No input device configuration file found for device 'Power Button'.
02-20 19:52:52.193  1679  1679 I SystemServer: No Bluetooth Service (emulator)
02-20 19:52:52.193  1679  1679 I SystemServer: ConnectivityMetricsLoggerService
02-20 19:52:52.194  1679  1679 I SystemServiceManager: Starting com.android.server.connectivity.MetricsLoggerService
02-20 19:52:52.196  1679  1726 W EventHub: Unable to disable kernel key repeat for /dev/input/event0: Function not implemented
02-20 19:52:52.196  1679  1726 I EventHub: New device: id=1, fd=91, path='/dev/input/event0', name='Power Button', classes=0x1, configuration='', keyLayout='/system/usr/keylayout/Generic.kl', keyCharacterMap='/system/usr/keychars/Generic.kcm', builtinKeyboard=false, wakeMechanism=EPOLLWAKEUP, usingClockIoctl=true
02-20 19:52:52.198  1679  1726 W EventHub: Unable to disable kernel key repeat for /dev/input/event1: Function not implemented
02-20 19:52:52.198  1679  1726 I EventHub: New device: id=2, fd=92, path='/dev/input/event1', name='qwerty2', classes=0x95, configuration='/system/usr/idc/qwerty2.idc', keyLayout='/system/usr/keylayout/qwerty.kl', keyCharacterMap='/system/usr/keychars/qwerty2.kcm', builtinKeyboard=true, wakeMechanism=EPOLLWAKEUP, usingClockIoctl=true
02-20 19:52:52.198  1679  1726 E EventHub: could not get driver version for /dev/input/mice, Not a typewriter
02-20 19:52:52.208  1679  1679 I SystemServer: IpConnectivityMetrics
02-20 19:52:52.210  1679  1679 I SystemServiceManager: Starting com.android.server.connectivity.IpConnectivityMetrics
02-20 19:52:52.211  1679  1679 I SystemServer: PinnerService
02-20 19:52:52.211  1679  1679 I SystemServiceManager: Starting com.android.server.PinnerService
02-20 19:52:52.212  1679  1679 I SystemServiceManager: Starting com.android.server.InputMethodManagerService$Lifecycle
02-20 19:52:52.245  1679  1726 I InputReader: Device added: id=-1, name='Virtual', sources=0x00000301
02-20 19:52:52.246  1679  1726 I InputReader:   Touch device 'qwerty2' could not query the properties of its associated display.  The device will be inoperable until the display size becomes available.
02-20 19:52:52.246  1679  1726 I InputReader: Device added: id=0, name='qwerty2', sources=0x80001103
02-20 19:52:52.246  1679  1726 I InputReader: Device added: id=1, name='Power Button', sources=0x00000101
02-20 19:52:52.251     0     0 D ieee80211 phy1: hw scan 2427 MHz
02-20 19:52:52.283  1679  1679 I SystemServer: StartAccessibilityManagerService
02-20 19:52:52.295  1679  1679 I configuration_changed: 7672
02-20 19:52:52.295  1679  1679 I ActivityManager: Config changes=1df8 {1.0 ?mcc?mnc [en_US] ldltr sw360dp w360dp h740dp 640dpi nrml long port ?uimode ?night -touch -keyb/v/h -nav/h s.2}
02-20 19:52:52.304  1679  1692 I UsageStatsService: User[0] Rollover scheduled @ 2018-02-21 19:52:52(1519242772299)
02-20 19:52:52.310  1679  1692 E AppIdleHistory: Unable to read app idle file for user 0
02-20 19:52:52.314  1679  1679 I configuration_changed: 1032
02-20 19:52:52.314  1679  1679 I ActivityManager: Config changes=408 {1.0 ?mcc?mnc [en_US] ldltr sw360dp w360dp h668dp 640dpi nrml long port ?uimode ?night finger -keyb/v/h -nav/h s.3}
02-20 19:52:52.357  1679  1679 I SystemServiceManager: Starting com.android.server.MountService$Lifecycle
02-20 19:52:52.359  1679  1726 I InputReader: Reconfiguring input devices.  changes=0x00000004
02-20 19:52:52.359  1679  1726 I InputReader: Device reconfigured: id=0, name='qwerty2', size 1440x2960, orientation 0, mode 1, display id 0
02-20 19:52:52.359  1679  1726 I InputReader: Reconfiguring input devices.  changes=0x00000004
02-20 19:52:52.371  1679  1727 D MountService: Thinking about init, mSystemReady=false, mDaemonConnected=true
02-20 19:52:52.371  1679  1727 D MountService: Thinking about reset, mSystemReady=false, mDaemonConnected=true
02-20 19:52:52.372  1679  1679 I SystemServiceManager: Starting com.android.server.UiModeManagerService
02-20 19:52:52.373  1679  1679 I configuration_changed: 512
02-20 19:52:52.373  1679  1679 I ActivityManager: Config changes=200 {1.0 ?mcc?mnc [en_US] ldltr sw360dp w360dp h668dp 640dpi nrml long port finger -keyb/v/h -nav/h s.4}
02-20 19:52:52.376  1679  1727 D MountService: Thinking about init, mSystemReady=false, mDaemonConnected=true
02-20 19:52:52.376  1679  1727 D MountService: Thinking about reset, mSystemReady=false, mDaemonConnected=true
02-20 19:52:52.376  1679  1679 I SystemServer: StartLockSettingsService
02-20 19:52:52.377  1679  1727 D CryptdConnector: SND -> {1 cryptfs getfield SystemLocale}
02-20 19:52:52.370     0     0 D ieee80211 phy1: hw scan 2432 MHz
02-20 19:52:52.387  1679  1679 I SystemServiceManager: Starting com.android.server.LockSettingsService$Lifecycle
02-20 19:52:52.387  1679  1729 D CryptdConnector: RCV <- {200 1 -1}
02-20 19:52:52.391  1679  1727 W MountService: No primary storage mounted!
02-20 19:52:52.391  1679  1727 D VoldConnector: SND -> {1 asec list}
02-20 19:52:52.392  1679  1728 D VoldConnector: RCV <- {200 1 asec operation succeeded}
02-20 19:52:52.392  1679  1727 I PackageManager: No secure containers found
02-20 19:52:52.392  1679  1727 W PackageManager: Not granting permission android.permission.MANAGE_DOCUMENTS to package com.google.android.youtube (protectionLevel=2 flags=0x3c59be45)
02-20 19:52:52.392  1679  1727 W PackageManager: Not granting permission android.permission.READ_PHONE_STATE to package io.appium.settings because it was previously installed without
02-20 19:52:52.393  1679  1727 W PackageManager: Not granting permission android.permission.ACCESS_FINE_LOCATION to package io.appium.settings because it was previously installed without
02-20 19:52:52.393  1679  1727 W PackageManager: Not granting permission android.permission.ACCESS_COARSE_LOCATION to package io.appium.settings because it was previously installed without
02-20 19:52:52.393  1679  1727 W PackageManager: Not granting permission android.permission.ACCESS_MOCK_LOCATION to package io.appium.settings (protectionLevel=2 flags=0x3808be46)
02-20 19:52:52.393  1679  1727 W PackageManager: Unknown permission com.google.android.launcher.permission.CONTENT_REDIRECT in package com.google.android.googlequicksearchbox
02-20 19:52:52.393  1679  1727 W PackageManager: Unknown permission com.google.android.voicesearch.SHORTCUTS_ACCESS in package com.google.android.googlequicksearchbox
02-20 19:52:52.393  1679  1727 W PackageManager: Unknown permission com.google.android.voicesearch.ACCESS_SETTINGS in package com.google.android.googlequicksearchbox
02-20 19:52:52.393  1679  1727 W PackageManager: Unknown permission com.android.browser.permission.PRELOAD in package com.google.android.googlequicksearchbox
02-20 19:52:52.393  1679  1727 W PackageManager: Unknown permission com.google.android.ears.permission.WRITE in package com.google.android.googlequicksearchbox
02-20 19:52:52.393  1679  1727 W PackageManager: Unknown permission com.google.android.apps.googlevoice.permission.AUTO_SEND in package com.google.android.googlequicksearchbox
02-20 19:52:52.393  1679  1727 W PackageManager: Unknown permission com.android.chrome.PRERENDER_URL in package com.google.android.googlequicksearchbox
02-20 19:52:52.393  1679  1727 W PackageManager: Not granting permission com.google.android.googleapps.permission.GOOGLE_AUTH to package com.android.providers.calendar (protectionLevel=2 flags=0x30083e45)
02-20 19:52:52.393  1679  1727 W PackageManager: Not granting permission com.google.android.googleapps.permission.GOOGLE_AUTH.cl to package com.android.providers.calendar (protectionLevel=2 flags=0x30083e45)
02-20 19:52:52.393  1679  1727 W PackageManager: Unknown permission com.google.android.email.permission.ACCESS_PROVIDER in package com.google.android.gm
02-20 19:52:52.393  1679  1727 W PackageManager: Unknown permission com.google.android.gm.exchange.BIND in package com.google.android.gm
02-20 19:52:52.393  1679  1727 W PackageManager: Unknown permission com.android.email.partnerprovider.PARTNER_PROVIDER in package com.google.android.gm
02-20 19:52:52.393  1679  1727 W PackageManager: Unknown permission com.android.vending.TOS_ACKED in package com.google.android.setupwizard
02-20 19:52:52.393  1679  1727 W PackageManager: Unknown permission com.android.vending.setup.PLAY_SETUP_SERVICE in package com.google.android.setupwizard
02-20 19:52:52.393  1679  1727 W PackageManager: Unknown permission com.samsung.android.providers.context.permission.WRITE_USE_APP_FEATURE_SURVEY in package com.google.android.music
02-20 19:52:52.393  1679  1727 W PackageManager: Unknown permission com.android.vending.BILLING in package com.google.android.apps.docs
02-20 19:52:52.393  1679  1727 W PackageManager: Unknown permission android.permission.WRITE_SYNC_STATS in package com.google.android.apps.docs
02-20 19:52:52.393  1679  1727 W PackageManager: Not granting permission android.permission.INTERACT_ACROSS_USERS to package com.google.android.syncadapters.contacts (protectionLevel=50 flags=0x38083e45)
02-20 19:52:52.393  1679  1727 W PackageManager: Unknown permission com.google.android.syncadapters.contacts.permission.GAL_SEARCH in package com.google.android.syncadapters.contacts
02-20 19:52:52.393  1679  1727 W PackageManager: Unknown permission com.chrome.permission.DEVICE_EXTRAS in package com.android.chrome
02-20 19:52:52.393  1679  1727 W PackageManager: Unknown permission com.sec.enterprise.knox.MDM_CONTENT_PROVIDER in package com.android.chrome
02-20 19:52:52.393  1679  1727 W PackageManager: Unknown permission com.google.android.permission.INSTALL_WEARABLE_PACKAGES in package com.google.android.packageinstaller
02-20 19:52:52.393  1679  1727 W PackageManager: Unknown permission com.google.android.apps.enterprise.dmagent.permission.AutoSyncPermission in package com.google.android.gms
02-20 19:52:52.394  1679  1727 W PackageManager: Not granting permission android.permission.BIND_NOTIFICATION_LISTENER_SERVICE to package com.google.android.gms (protectionLevel=2 flags=0xb8483e45)
02-20 19:52:52.394  1679  1727 W PackageManager: Unknown permission com.google.android.finsky.permission.INSTANT_APP_STATE in package com.google.android.gms
02-20 19:52:52.394  1679  1727 W PackageManager: Unknown permission com.google.android.finsky.permission.GEARHEAD_SERVICE in package com.google.android.gms
02-20 19:52:52.394  1679  1727 W PackageManager: Unknown permission com.google.android.permission.ACCESSIBILITY_SCAN_SERVICE in package com.google.android.gms
02-20 19:52:52.394  1679  1727 W PackageManager: Unknown permission android.permission.ACTIVITY_EMBEDDING in package com.google.android.gms
02-20 19:52:52.394  1679  1727 W PackageManager: Unknown permission android.permission.PROVIDE_RESOLVER_RANKER_SERVICE in package com.google.android.gms
02-20 19:52:52.394  1679  1727 W PackageManager: Unknown permission com.google.android.wearable.READ_SETTINGS in package com.google.android.gms
02-20 19:52:52.394  1679  1727 W PackageManager: Unknown permission android.permission.MANAGE_SUBSCRIPTION_PLANS in package com.google.android.gms
02-20 19:52:52.394  1679  1727 W PackageManager: Unknown permission com.android.vending.setup.PLAY_SETUP_SERVICE in package com.google.android.gms
02-20 19:52:52.394  1679  1727 W PackageManager: Unknown permission com.google.android.gms.game.notifications.permission.WRITE in package com.google.android.gms
02-20 19:52:52.394  1679  1727 W PackageManager: Unknown permission com.google.android.vending.verifier.ACCESS_VERIFIER in package com.google.android.gms
02-20 19:52:52.394  1679  1727 W PackageManager: Unknown permission com.android.launcher.permission.PRELOAD_WORKSPACE in package com.google.android.partnersetup
02-20 19:52:52.394  1679  1727 W PackageManager: Not granting permission com.google.android.googleapps.permission.GOOGLE_AUTH to package com.google.android.videos (protectionLevel=2 flags=0x385bbe45)
02-20 19:52:52.394  1679  1727 W PackageManager: Unknown permission com.android.launcher.permission.READ_SETTINGS in package com.google.android.apps.nexuslauncher
02-20 19:52:52.394  1679  1727 W PackageManager: Unknown permission android.permission.RUN_INSTRUMENTATION in package org.chromium.webview_shell
02-20 19:52:52.394  1679  1727 W PackageManager: Unknown permission com.google.android.gallery3d.permission.PICASA_STORE in package com.google.android.apps.photos
02-20 19:52:52.394  1679  1727 W PackageManager: Not granting permission android.permission.WRITE_MEDIA_STORAGE to package com.google.android.apps.photos (protectionLevel=18 flags=0x3858be45)
02-20 19:52:52.394  1679  1727 W PackageManager: Unknown permission com.google.android.gm.exchange.BIND in package com.google.android.calendar
02-20 19:52:52.394  1679  1727 W PackageManager: Not granting permission android.permission.CONTROL_KEYGUARD to package com.google.android.gsf.login (protectionLevel=2 flags=0x3048be45)
02-20 19:52:52.394  1679  1727 W PackageManager: Unknown permission com.android.vending.billing.BILLING_ACCOUNT_SERVICE in package com.google.android.gsf.login
02-20 19:52:52.394  1679  1727 W PackageManager: Unknown permission com.android.vending.billing.ADD_CREDIT_CARD in package com.google.android.gsf.login
02-20 19:52:52.394  1679  1727 W PackageManager: Unknown permission com.android.vending.billing.IBillingAccountService.BIND2 in package com.google.android.gsf.login
02-20 19:52:52.394  1679  1727 W PackageManager: Unknown permission com.android.vending.TOS_ACKED in package com.google.android.gsf.login
02-20 19:52:52.394  1679  1727 W PackageManager: Unknown permission com.android.launcher.permission.READ_SETTINGS in package com.android.settings
02-20 19:52:52.394  1679  1727 W PackageManager: Unknown permission com.android.launcher.permission.WRITE_SETTINGS in package com.android.settings
02-20 19:52:52.394  1679  1727 W PackageManager: Not granting permission android.permission.REGISTER_CONNECTION_MANAGER to package com.google.android.talk (protectionLevel=18 flags=0x3059be45)
02-20 19:52:52.394  1679  1727 W PackageManager: Unknown permission com.android.smspush.WAPPUSH_MANAGER_BIND in package com.android.phone
02-20 19:52:52.419  1679  1679 I SystemServiceManager: Starting com.android.server.DeviceIdleController
02-20 19:52:52.433  1679  1727 W MountService: No primary storage defined yet; hacking together a stub
02-20 19:52:52.434  1679  1727 W MountService: No primary storage defined yet; hacking together a stub
02-20 19:52:52.434  1679  1727 W MountService: No primary storage mounted!
02-20 19:52:52.434  1679  1727 D VoldConnector: SND -> {2 asec list}
02-20 19:52:52.434  1679  1728 D VoldConnector: RCV <- {200 2 asec operation succeeded}
02-20 19:52:52.443  1679  1679 E DeviceIdleController: Bad device idle settings
02-20 19:52:52.443  1679  1679 E DeviceIdleController: java.lang.IllegalArgumentException: 'null' in 'null' is not a valid key-value pair
02-20 19:52:52.443  1679  1679 E DeviceIdleController: 	at android.util.KeyValueListParser.setString(KeyValueListParser.java:57)
02-20 19:52:52.443  1679  1679 E DeviceIdleController: 	at com.android.server.DeviceIdleController$Constants.updateConstants(DeviceIdleController.java:788)
02-20 19:52:52.443  1679  1679 E DeviceIdleController: 	at com.android.server.DeviceIdleController$Constants.<init>(DeviceIdleController.java:777)
02-20 19:52:52.443  1679  1679 E DeviceIdleController: 	at com.android.server.DeviceIdleController.onStart(DeviceIdleController.java:1328)
02-20 19:52:52.443  1679  1679 E DeviceIdleController: 	at com.android.server.SystemServiceManager.startService(SystemServiceManager.java:112)
02-20 19:52:52.443  1679  1679 E DeviceIdleController: 	at com.android.server.SystemServer.startOtherServices(SystemServer.java:752)
02-20 19:52:52.443  1679  1679 E DeviceIdleController: 	at com.android.server.SystemServer.run(SystemServer.java:334)
02-20 19:52:52.443  1679  1679 E DeviceIdleController: 	at com.android.server.SystemServer.main(SystemServer.java:219)
02-20 19:52:52.443  1679  1679 E DeviceIdleController: 	at java.lang.reflect.Method.invoke(Native Method)
02-20 19:52:52.443  1679  1679 E DeviceIdleController: 	at com.android.internal.os.ZygoteInit$MethodAndArgsCaller.run(ZygoteInit.java:886)
02-20 19:52:52.443  1679  1679 E DeviceIdleController: 	at com.android.internal.os.ZygoteInit.main(ZygoteInit.java:776)
02-20 19:52:52.450  1679  1679 I SystemServiceManager: Starting com.android.server.devicepolicy.DevicePolicyManagerService$Lifecycle
02-20 19:52:52.465  1679  1679 I SystemServer: StartStatusBarManagerService
02-20 19:52:52.468  1679  1679 I SystemServer: StartClipboardService
02-20 19:52:52.477  1679  1679 I SystemServer: StartNetworkManagementService
02-20 19:52:52.482  1679  1733 I NetworkManagement: onDaemonConnected()
02-20 19:52:52.485  1679  1679 I SystemServiceManager: Starting com.android.server.TextServicesManagerService$Lifecycle
02-20 19:52:52.488  1679  1679 I SystemServer: StartNetworkScoreService
02-20 19:52:52.492  1679  1679 I SystemServer: StartNetworkStatsService
02-20 19:52:52.490     0     0 D ieee80211 phy1: hw scan 2437 MHz
02-20 19:52:52.501  1679  1679 I SystemServer: StartNetworkPolicyManagerService
02-20 19:52:52.506  1679  1679 I SystemServer: No Wi-Fi NAN Service (NAN support Not Present)
02-20 19:52:52.526  1679  1679 I SystemServiceManager: Starting com.android.server.wifi.p2p.WifiP2pService
02-20 19:52:52.561  1679  1679 I WifiP2pService: Registering wifip2p
02-20 19:52:52.568  1679  1679 I SystemServiceManager: Starting com.android.server.wifi.WifiService
02-20 19:52:52.611     0     0 D ieee80211 phy1: hw scan 2442 MHz
02-20 19:52:52.638  1679  1679 D HS20    : Passpoint is disabled
02-20 19:52:52.663  1679  1679 E WifiLogger: no ring buffers found
02-20 19:52:52.663  1679  1679 E WifiLogger: Failed to start packet fate monitoring
02-20 19:52:52.668  1679  1679 D WifiController: isAirplaneModeOn = false, isWifiEnabled = true, isScanningAvailable = false
02-20 19:52:52.669  1679  1679 I WifiService: Registering wifi
02-20 19:52:52.672  1373  1678 D CommandListener: Clearing all IP addresses on wlan0
02-20 19:52:52.675  1679  1679 I SystemServiceManager: Starting com.android.server.wifi.scanner.WifiScanningService
02-20 19:52:52.675  1679  1679 I WifiScanningService: Creating wifiscanner
02-20 19:52:52.677  1679  1679 I WifiScanningService: Publishing wifiscanner
02-20 19:52:52.679  1679  1679 I SystemServiceManager: Starting com.android.server.wifi.RttService
02-20 19:52:52.680  1679  1679 I RttService: Creating rttmanager
02-20 19:52:52.681  1679  1679 I RttService: Starting rttmanager
02-20 19:52:52.681  1679  1679 I SystemServer: StartConnectivityService
02-20 19:52:52.685  1679  1679 D ConnectivityService: ConnectivityService starting up
02-20 19:52:52.696  1679  1679 D ConnectivityService: wifiOnly=false
02-20 19:52:52.714  1679  1679 I SystemServer: StartNsdService
02-20 19:52:52.727  1679  1679 I SystemServer: StartUpdateLockService
02-20 19:52:52.728  1679  1679 I SystemServiceManager: Starting com.android.server.RecoverySystemService
02-20 19:52:52.729  1679  1679 I SystemServiceManager: Starting com.android.server.notification.NotificationManagerService
02-20 19:52:52.732     0     0 D ieee80211 phy1: hw scan 2447 MHz
02-20 19:52:52.746  1679  1679 D ConditionProviders.SCP: new ScheduleConditionProvider()
02-20 19:52:52.752  1679  1679 D ZenLog  : config: readXml,ZenModeConfig[user=0,allowCalls=true,allowRepeatCallers=false,allowMessages=false,allowCallsFrom=contacts,allowMessagesFrom=contacts,allowReminders=true,allowEvents=true,allowWhenScreenOff=true,allowWhenScreenOn=true,automaticRules={9f9ced8d68674a989f37868f95d93ac7=ZenRule[enabled=false,snoozing=false,name=Weekend,zenMode=ZEN_MODE_ALARMS,conditionId=condition://android/schedule?days=6.7&start=23.30&end=10.0&exitAtAlarm=false,condition=Condition[id=condition://android/schedule?days=6.7&start=23.30&end=10.0&exitAtAlarm=false,summary=...,line1=...,line2=...,icon=0,state=STATE_FALSE,flags=2],component=ComponentInfo{android/com.android.server.notification.ScheduleConditionProvider},id=9f9ced8d68674a989f37868f95d93ac7,creationTime=1519154245406,enabler=null], 98612bb55a4646f5ba486d308ab94423=ZenRule[enabled=false,snoozing=false,name=Event,zenMode=ZEN_MODE_ALARMS,conditionId=condition://android/event?userId=-10000&calendar=&reply=1,condition=Condition[id=condition://android/event?userId=-10000&calendar=&reply=1,summary=...,line1=...,line2=...,icon=0,state=STATE_FALSE,flags=2],component=ComponentInfo{android/com.android.server.notification.EventConditionProvider},id=98612bb55a4646f5ba486d308ab94423,creationTime=1519154245406,enabler=null], 6f641ae47b9a4c289d295be5997fac22=ZenRule[enabled=false,snoozing=false,name=Weeknight,zenMode=ZEN_MODE_ALARMS,conditionId=condition://android/schedule?days=1.2.3.4.5&start=22.0&end=7.0&exitAtAlarm=false,condition=Condition[id=condition://android/schedule?days=1.2.3.4.5&start=22.0&end=7.0&exitAtAlarm=false,summary=...,line1=...,line2=...,icon=0,state=STATE_FALSE,flags=2],component=ComponentInfo{android/com.android.server.notification.ScheduleConditionProvider},id=6f641ae47b9a4c289d295be5997fac22,creationTime=1519154245406,enabler=null]},manualRule=null],Diff[automaticRule[9f9ced8d68674a989f37868f95d93ac7]:insert,automaticRule[98612bb55a4646f5ba486d308ab94423]:insert,automaticRule[df01835b85524799944c3a6c63e666d2]:delete,automaticRule[0ec14bf742a944eb8630c0d9513ccb55]:delete,automaticRule[91658b6bc4d042b19aad688bc1841bbf]:delete,automaticRule[6f641ae47b9a4c289d295be5997fac22]:insert]
02-20 19:52:52.758  1679  1679 D ZenLog  : set_zen_mode: off,init
02-20 19:52:52.762  1679  1679 I SystemServiceManager: Starting com.android.server.storage.DeviceStorageMonitorService
02-20 19:52:52.763  1679  1679 I free_storage_left: [844914688,168488960,844914688]
02-20 19:52:52.763  1679  1679 I free_storage_changed: 844914688
02-20 19:52:52.764  1679  1679 I SystemServer: StartLocationManagerService
02-20 19:52:52.769  1679  1679 I SystemServer: StartCountryDetectorService
02-20 19:52:52.772  1679  1679 I SystemServer: StartSearchManagerService
02-20 19:52:52.773  1679  1679 I SystemServiceManager: Starting com.android.server.search.SearchManagerService$Lifecycle
02-20 19:52:52.774  1679  1679 I SystemServiceManager: Starting com.android.server.DropBoxManagerService
02-20 19:52:52.777  1679  1679 I SystemServer: StartWallpaperManagerService
02-20 19:52:52.777  1679  1679 I SystemServiceManager: Starting com.android.server.wallpaper.WallpaperManagerService$Lifecycle
02-20 19:52:52.779  1679  1679 E BitmapFactory: Unable to decode stream: java.io.FileNotFoundException: /data/system/users/0/wallpaper_orig (No such file or directory)
02-20 19:52:52.779  1679  1679 E WallpaperManagerService: Invalid wallpaper data
02-20 19:52:52.779  1679  1679 E WallpaperManagerService: Unable to apply new wallpaper
02-20 19:52:52.781  1679  1679 I SystemServer: StartAudioService
02-20 19:52:52.781  1679  1679 I SystemServiceManager: Starting com.android.server.audio.AudioService$Lifecycle
02-20 19:52:52.798  1364  1407 D PermissionCache: checking android.permission.MODIFY_AUDIO_SETTINGS for uid=1000 => granted (1379 us)
02-20 19:52:52.803  1679  1679 W TelecomManager: Telecom Service not found.
02-20 19:52:52.806  1364  1402 W AudioFlinger: no wake lock to update, system not ready yet
02-20 19:52:52.819  1679  1679 I SystemServiceManager: Starting com.android.server.DockObserver
02-20 19:52:52.819  1679  1679 W DockObserver: This kernel does not have dock station support
02-20 19:52:52.820  1679  1679 I SystemServer: StartWiredAccessoryManager
02-20 19:52:52.821  1679  1679 W WiredAccessoryManager: This kernel does not have usb audio support
02-20 19:52:52.821  1679  1679 W WiredAccessoryManager: This kernel does not have HDMI audio support
02-20 19:52:52.821  1679  1679 I SystemServiceManager: Starting com.android.server.midi.MidiService$Lifecycle
02-20 19:52:52.836  1679  1679 I SystemServiceManager: Starting com.android.server.usb.UsbService$Lifecycle
02-20 19:52:52.843  1679  1679 I SystemServer: StartSerialService
02-20 19:52:52.844  1679  1679 E HardwarePropertiesManagerService-JNI: Couldn't load thermal module (No such file or directory)
02-20 19:52:52.844  1679  1679 I SystemServiceManager: Starting com.android.server.twilight.TwilightService
02-20 19:52:52.845  1679  1679 I SystemServiceManager: Starting com.android.server.job.JobSchedulerService
02-20 19:52:52.847  1679  1679 D JobStore: Start tag: job-info
02-20 19:52:52.852  1679  1679 I SystemServiceManager: Starting com.android.server.soundtrigger.SoundTriggerService
02-20 19:52:52.855  1679  1679 I SystemServiceManager: Starting com.android.server.backup.BackupManagerService$Lifecycle
02-20 19:52:52.857  1679  1679 I SystemServiceManager: Starting com.android.server.appwidget.AppWidgetService
02-20 19:52:52.851     0     0 D ieee80211 phy1: hw scan 2452 MHz
02-20 19:52:52.862  1679  1679 I SystemServiceManager: Starting com.android.server.voiceinteraction.VoiceInteractionManagerService
02-20 19:52:52.864  1679  1679 I SystemServer: Gesture Launcher Service
02-20 19:52:52.864  1679  1679 I SystemServiceManager: Starting com.android.server.GestureLauncherService
02-20 19:52:52.864  1679  1679 I SystemServiceManager: Starting com.android.server.SensorNotificationService
02-20 19:52:52.864  1679  1679 I SystemServiceManager: Starting com.android.server.ContextHubSystemService
02-20 19:52:52.868  1679  1679 E ContextHubService: ** Could not load context_hub module : err No such file or directory
02-20 19:52:52.869  1679  1738 D WifiApConfigStore: 2G band allowed channels are:1,6,11
02-20 19:52:52.870  1679  1679 W ContextHubService: No Context Hub Module present
02-20 19:52:52.871  1679  1679 I SystemServer: StartDiskStatsService
02-20 19:52:52.871  1679  1679 I SystemServer: StartSamplingProfilerService
02-20 19:52:52.884  1679  1679 I SystemServer: StartNetworkTimeUpdateService
02-20 19:52:52.885  1679  1679 I SystemServer: StartCommonTimeManagementService
02-20 19:52:52.886  1679  1679 I SystemServer: CertBlacklister
02-20 19:52:52.890  1679  1679 I SystemServiceManager: Starting com.android.server.emergency.EmergencyAffordanceService
02-20 19:52:52.892  1679  1679 I SystemServiceManager: Starting com.android.server.dreams.DreamManagerService
02-20 19:52:52.893  1679  1679 I SystemServer: StartAssetAtlasService
02-20 19:52:52.897  1679  1679 I SystemServiceManager: Starting com.android.server.print.PrintManagerService
02-20 19:52:52.897  1679  1753 D AssetAtlas: Loaded configuration: SliceMinArea (1280x1536) flags=0x2 count=91
02-20 19:52:52.901  1679  1679 I SystemServiceManager: Starting com.android.server.restrictions.RestrictionsManagerService
02-20 19:52:52.902  1679  1679 I SystemServiceManager: Starting com.android.server.media.MediaSessionService
02-20 19:52:52.906  1679  1679 I SystemServer: StartMediaRouterService
02-20 19:52:52.908  1679  1679 I SystemServiceManager: Starting com.android.server.trust.TrustManagerService
02-20 19:52:52.911  1679  1679 I SystemServiceManager: Starting com.android.server.fingerprint.FingerprintService
02-20 19:52:52.915  1376  1376 D PermissionCache: checking android.permission.MANAGE_FINGERPRINT for uid=1000 => granted (387 us)
02-20 19:52:52.915  1376  1376 V fingerprintd: nativeOpenHal()
02-20 19:52:52.923  1376  1376 D FingerprintHal: ----------------> fingerprint_open ----------------->
02-20 19:52:52.923  1376  1376 E fingerprintd: Wrong fp version. Expected 512, got 513
02-20 19:52:52.923  1376  1376 D FingerprintHal: ----------------> set_notify_callback ----------------->
02-20 19:52:52.923  1376  1376 D FingerprintHal: fingerprint callback notification set
02-20 19:52:52.923  1376  1376 V fingerprintd: fingerprint HAL successfully initialized
02-20 19:52:52.924  1376  1754 D FingerprintHal: ----------------> listenerFunction ----------------->
02-20 19:52:52.925  1376  1376 V fingerprintd: setActiveGroup(0, /data/system/users/0/fpdata, 27)
02-20 19:52:52.925  1376  1376 D FingerprintHal: ----------------> fingerprint_set_active_group -----------------> path /data/system/users/0/fpdata
02-20 19:52:52.925  1376  1376 D FingerprintHal: ----------------> loadFingerprints ----------------->
02-20 19:52:52.925  1376  1376 E FingerprintHal: Could not load fingerprints from storage at /data/system/users/0/fpdata/emufp.bin; it has not yet been created.
02-20 19:52:52.925  1376  1376 D FingerprintHal: ----------------> loadAuthenticatorId ----------------->
02-20 19:52:52.926  1376  1376 D FingerprintHal: Read authenticator id (0x6b8b4567327b23c6)
02-20 19:52:52.930  1376  1376 D FingerprintHal: ----------------> fingerprint_get_auth_id ----------------->
02-20 19:52:52.930  1376  1376 D FingerprintHal: ----------------> fingerprint_get_auth_id auth id 6b8b4567327b23c6----------------->
02-20 19:52:52.930  1679  1679 V FingerprintService: Fingerprint HAL id: 131948863602688
02-20 19:52:52.931  1679  1679 I SystemServer: StartBackgroundDexOptService
02-20 19:52:52.932  1679  1679 I SystemServiceManager: Starting com.android.server.pm.ShortcutService$Lifecycle
02-20 19:52:52.936  1679  1679 I SystemServiceManager: Starting com.android.server.pm.LauncherAppsService
02-20 19:52:52.939  1679  1753 D         : HostConnection::get() New Host Connection established 0x7ac14cc12540, tid 1753
02-20 19:52:52.940  1679  1679 I SystemServiceManager: Starting com.android.server.media.projection.MediaProjectionManagerService
02-20 19:52:52.943  1679  1679 V MediaRouter: Adding route: RouteInfo{ name=Phone, description=null, status=null, category=RouteCategory{ name=null types=ROUTE_TYPE_LIVE_AUDIO ROUTE_TYPE_LIVE_VIDEO  groupable=false }, supportedTypes=ROUTE_TYPE_LIVE_AUDIO ROUTE_TYPE_LIVE_VIDEO , presentationDisplay=null }
02-20 19:52:52.945  1679  1679 V MediaRouter: Updating audio routes: AudioRoutesInfo{ type=SPEAKER }
02-20 19:52:52.946  1679  1679 V MediaRouter: Selecting route: RouteInfo{ name=Phone, description=null, status=null, category=RouteCategory{ name=null types=ROUTE_TYPE_LIVE_AUDIO ROUTE_TYPE_LIVE_VIDEO  groupable=false }, supportedTypes=ROUTE_TYPE_LIVE_AUDIO ROUTE_TYPE_LIVE_VIDEO , presentationDisplay=null }
02-20 19:52:52.948  1679  1679 I WindowManager: SAFE MODE not enabled
02-20 19:52:52.948  1679  1679 I SystemServiceManager: Starting com.android.server.MmsServiceBroker
02-20 19:52:52.950  1679  1679 W VibratorService: Tried to stop vibrating but there is no vibrator device.
02-20 19:52:52.971     0     0 D ieee80211 phy1: hw scan 2457 MHz
02-20 19:52:53.024  1679  1679 E LockSettingsStorage: Cannot read file java.io.FileNotFoundException: /data/system/gatekeeper.password.key: open failed: ENOENT (No such file or directory)
02-20 19:52:53.025  1679  1679 E LockSettingsStorage: Cannot read file java.io.FileNotFoundException: /data/system/password.key: open failed: ENOENT (No such file or directory)
02-20 19:52:53.025  1679  1679 E LockSettingsStorage: Cannot read file java.io.FileNotFoundException: /data/system/gatekeeper.pattern.key: open failed: ENOENT (No such file or directory)
02-20 19:52:53.026  1679  1679 E LockSettingsStorage: Cannot read file java.io.FileNotFoundException: /data/system/gatekeeper.gesture.key: open failed: ENOENT (No such file or directory)
02-20 19:52:53.026  1679  1679 E LockSettingsStorage: Cannot read file java.io.FileNotFoundException: /data/system/gesture.key: open failed: ENOENT (No such file or directory)
02-20 19:52:53.026  1679  1679 I SystemServiceManager: Starting phase 480
02-20 19:52:53.081  1679  1679 I DevicePolicyManagerService: Set ro.device_owner property to false
02-20 19:52:53.085  1679  1679 I SystemServiceManager: Starting phase 500
02-20 19:52:53.089  1679  1679 D ConnectivityMetricsLoggerService: onBootPhase: PHASE_SYSTEM_SERVICES_READY
02-20 19:52:53.092     0     0 D ieee80211 phy1: hw scan 2462 MHz
02-20 19:52:53.121  1679  1679 I WifiService: WifiService starting up with Wi-Fi enabled
02-20 19:52:53.122  1679  1679 D WifiService: setWifiEnabled: true pid=1679, uid=1000
02-20 19:52:53.123  1679  1679 I WifiScanningService: Starting wifiscanner
02-20 19:52:53.124  1679  1737 D WifiController: WifiController msg { when=-1ms what=155656 target=com.android.internal.util.StateMachine$SmHandler } deferred for 499ms
02-20 19:52:53.136  1679  1689 I art     : Background partial concurrent mark sweep GC freed 7835(641KB) AllocSpace objects, 3(60KB) LOS objects, 16% free, 20MB/24MB, paused 8.619ms total 108.185ms
02-20 19:52:53.136  1679  1679 I RttService: Registering rttmanager
02-20 19:52:53.155  1679  1679 D ZenLog  : config: cleanUpZenRules,ZenModeConfig[user=0,allowCalls=true,allowRepeatCallers=false,allowMessages=false,allowCallsFrom=contacts,allowMessagesFrom=contacts,allowReminders=true,allowEvents=true,allowWhenScreenOff=true,allowWhenScreenOn=true,automaticRules={9f9ced8d68674a989f37868f95d93ac7=ZenRule[enabled=false,snoozing=false,name=Weekend,zenMode=ZEN_MODE_ALARMS,conditionId=condition://android/schedule?days=6.7&start=23.30&end=10.0&exitAtAlarm=false,condition=Condition[id=condition://android/schedule?days=6.7&start=23.30&end=10.0&exitAtAlarm=false,summary=...,line1=...,line2=...,icon=0,state=STATE_FALSE,flags=2],component=ComponentInfo{android/com.android.server.notification.ScheduleConditionProvider},id=9f9ced8d68674a989f37868f95d93ac7,creationTime=1519154245406,enabler=null], 98612bb55a4646f5ba486d308ab94423=ZenRule[enabled=false,snoozing=false,name=Event,zenMode=ZEN_MODE_ALARMS,conditionId=condition://android/event?userId=-10000&calendar=&reply=1,condition=Condition[id=condition://android/event?userId=-10000&calendar=&reply=1,summary=...,line1=...,line2=...,icon=0,state=STATE_FALSE,flags=2],component=ComponentInfo{android/com.android.server.notification.EventConditionProvider},id=98612bb55a4646f5ba486d308ab94423,creationTime=1519154245406,enabler=null], 6f641ae47b9a4c289d295be5997fac22=ZenRule[enabled=false,snoozing=false,name=Weeknight,zenMode=ZEN_MODE_ALARMS,conditionId=condition://android/schedule?days=1.2.3.4.5&start=22.0&end=7.0&exitAtAlarm=false,condition=Condition[id=condition://android/schedule?days=1.2.3.4.5&start=22.0&end=7.0&exitAtAlarm=false,summary=...,line1=...,line2=...,icon=0,state=STATE_FALSE,flags=2],component=ComponentInfo{android/com.android.server.notification.ScheduleConditionProvider},id=6f641ae47b9a4c289d295be5997fac22,creationTime=1519154245406,enabler=null]},manualRule=null],Diff[]
02-20 19:52:53.158  1679  1679 D ZenLog  : set_zen_mode: off,onSystemReady
02-20 19:52:53.162  1364  1751 D PermissionCache: checking android.permission.CAPTURE_AUDIO_HOTWORD for uid=1000 => granted (255 us)
02-20 19:52:53.163  1679  1679 W SoundTriggerHelper: listModules status=0, # of modules=0
02-20 19:52:53.163  1679  1679 D ContextHubSystemService: onBootPhase: PHASE_SYSTEM_SERVICES_READY
02-20 19:52:53.203  1679  1702 W KeyguardServiceDelegate: onScreenTurningOn(): no keyguard service!
02-20 19:52:53.205  1679  1679 V UserManagerService: Found /data/user_de/0 with serial number 0
02-20 19:52:53.205  1679  1679 V UserManagerService: Found /data/user/0 with serial number 0
02-20 19:52:53.205  1679  1679 V UserManagerService: Found /data/system_de/0 with serial number 0
02-20 19:52:53.205  1679  1679 V UserManagerService: Found /data/system_ce/0 with serial number 0
02-20 19:52:53.211     0     0 D ieee80211 phy1: hw scan complete
02-20 19:52:53.211     0     0 D ieee80211 phy1: mac80211_hwsim_get_survey (idx=0)
02-20 19:52:53.226  1313  1355 D gralloc_ranchu: gralloc_alloc: Creating ashmem region of size 17051648
02-20 19:52:53.227  1313  1355 D         : HostConnection::get() New Host Connection established 0x7efe5fae8180, tid 1355
02-20 19:52:53.228  1679  1679 I ActivityManager: System now ready
02-20 19:52:53.228  1679  1679 I boot_progress_ams_ready: 11228
02-20 19:52:53.231  1679  1679 I SystemServer: Making services ready
02-20 19:52:53.231  1679  1679 I SystemServiceManager: Starting phase 550
02-20 19:52:53.253  1679  1679 E InputMethodManagerService: Ignoring updateSystemUiLocked due to an invalid token. uid:1000 token:null
02-20 19:52:53.261  1507  1507 E hostapd : Using interface wlan1 with hwaddr 02:00:00:00:01:00 and ssid "AndroidWifi"
02-20 19:52:53.262  1507  1507 I hostapd : wlan1: interface state HT_SCAN->ENABLED
02-20 19:52:53.262  1507  1507 I hostapd : wlan1: AP-ENABLED 
02-20 19:52:53.262     0     0 D ieee80211 phy1: mac80211_hwsim_config (freq=0 idle=0 ps=0 smps=auto)
02-20 19:52:53.262     0     0 D ieee80211 phy1: add channel context control: 2447 MHz/width: 2/cfreqs:2437/0 MHz
02-20 19:52:53.262     0     0 D ieee80211 phy1: mac80211_hwsim_bss_info_changed(changed=0x40000)
02-20 19:52:53.262     0     0 D ieee80211 phy1: TX Power: 20 dBm
02-20 19:52:53.262     0     0 D ieee80211 phy1: mac80211_hwsim_bss_info_changed(changed=0x4000)
02-20 19:52:53.262     0     0 D ieee80211 phy1: change channel context control: 2447 MHz/width: 2/cfreqs:2437/0 MHz
02-20 19:52:53.262     0     0 D ieee80211 phy1: mac80211_hwsim_bss_info_changed(changed=0x88340)
02-20 19:52:53.262     0     0 D ieee80211 phy1: BCNINT: 100
02-20 19:52:53.262     0     0 D ieee80211 phy1: BCN EN: 1
02-20 19:52:53.262     0     0 D ieee80211 phy1: mac80211_hwsim_bss_info_changed(changed=0x3e)
02-20 19:52:53.262     0     0 D ieee80211 phy1: ERP_CTS_PROT: 0
02-20 19:52:53.262     0     0 D ieee80211 phy1: ERP_PREAMBLE: 0
02-20 19:52:53.262     0     0 D ieee80211 phy1: ERP_SLOT: 1
02-20 19:52:53.262     0     0 D ieee80211 phy1: HT: op_mode=0x0
02-20 19:52:53.262     0     0 D ieee80211 phy1: BASIC_RATES: 0xf
02-20 19:52:53.262     0     0 D ieee80211 phy1: mac80211_hwsim_conf_tx (queue=0 txop=47 cw_min=3 cw_max=7 aifs=1)
02-20 19:52:53.262     0     0 D ieee80211 phy1: mac80211_hwsim_bss_info_changed(changed=0x2000)
02-20 19:52:53.262     0     0 D ieee80211 phy1: mac80211_hwsim_conf_tx (queue=1 txop=94 cw_min=7 cw_max=15 aifs=1)
02-20 19:52:53.262     0     0 D ieee80211 phy1: mac80211_hwsim_bss_info_changed(changed=0x2000)
02-20 19:52:53.262     0     0 D ieee80211 phy1: mac80211_hwsim_conf_tx (queue=2 txop=0 cw_min=15 cw_max=63 aifs=3)
02-20 19:52:53.262     0     0 D ieee80211 phy1: mac80211_hwsim_bss_info_changed(changed=0x2000)
02-20 19:52:53.262     0     0 D ieee80211 phy1: mac80211_hwsim_conf_tx (queue=3 txop=0 cw_min=15 cw_max=1023 aifs=7)
02-20 19:52:53.262     0     0 D ieee80211 phy1: mac80211_hwsim_bss_info_changed(changed=0x2000)
02-20 19:52:53.262     0     0 I IPv6    : ADDRCONF(NETDEV_CHANGE): wlan1: link becomes ready
02-20 19:52:53.263     0     0 D ieee80211 phy1: mac80211_hwsim_configure_filter
02-20 19:52:53.278  1679  1694 D         : HostConnection::get() New Host Connection established 0x7ac14cc137a0, tid 1694
02-20 19:52:53.278  1679  1753 D EGL_emulation: eglCreateContext: 0x7ac14cc64d20: maj 3 min 0 rcv 3
02-20 19:52:53.304  1679  1679 I Zygote  : Process: zygote socket opened, supported ABIS: x86_64
02-20 19:52:53.305  1362  1683 I art     : Starting a blocking GC HeapTrim
02-20 19:52:53.308  1679  1679 I am_proc_start: [0,1759,10053,com.android.inputmethod.latin,service,com.android.inputmethod.latin/.LatinIME]
02-20 19:52:53.308  1679  1679 I ActivityManager: Start proc 1759:com.android.inputmethod.latin/u0a53 for service com.android.inputmethod.latin/.LatinIME
02-20 19:52:53.308  1679  1679 V InputMethodManagerService: Adding window token: android.os.Binder@3ba34c1
02-20 19:52:53.311  1759  1759 W art     : Unexpected CPU variant for X86 using defaults: x86_64
02-20 19:52:53.325  1679  1727 D MountService: Thinking about init, mSystemReady=true, mDaemonConnected=true
02-20 19:52:53.325  1679  1727 D MountService: Setting up emulation state, initlocked=false
02-20 19:52:53.341  1679  1679 E BitmapFactory: Unable to decode stream: java.io.FileNotFoundException: /data/system/users/0/wallpaper_orig (No such file or directory)
02-20 19:52:53.341  1679  1679 E WallpaperManagerService: Invalid wallpaper data
02-20 19:52:53.341  1679  1679 E WallpaperManagerService: Unable to apply new wallpaper
02-20 19:52:53.347  1679  1753 D EGL_emulation: eglMakeCurrent: 0x7ac14cc64d20: ver 3 0 (tinfo 0x7ac14cd5c160)
02-20 19:52:53.364  1679  1727 D CryptdConnector: SND -> {2 cryptfs unlock_user_key 0 0 ! !}
02-20 19:52:53.364  1267  1304 D vold    : e4crypt_unlock_user_key 0 serial=0 token_present=0
02-20 19:52:53.365  1679  1729 D CryptdConnector: RCV <- {200 2 Command succeeded}
02-20 19:52:53.365  1679  1727 D MountService: Thinking about reset, mSystemReady=true, mDaemonConnected=true
02-20 19:52:53.379  1679  1679 I am_proc_start: [0,1772,10028,com.android.systemui,service,com.android.systemui/.ImageWallpaper]
02-20 19:52:53.379  1679  1679 I ActivityManager: Start proc 1772:com.android.systemui/u0a28 for service com.android.systemui/.ImageWallpaper
02-20 19:52:53.381  1679  1690 I am_proc_bound: [0,1759,com.android.inputmethod.latin]
