02-20 19:52:56.023  1679  1679 D ConditionProviders.SCP: notifyCondition condition://android/schedule?days=1.2.3.4.5&start=22.0&end=7.0&exitAtAlarm=false STATE_FALSE reason=!meetsSchedule
02-20 19:52:56.023  1679  1679 D ConditionProviders.SCP: Scheduling evaluate for Tue Feb 20 22:00:00 GMT+00:00 2018 (1519164000000), in +2h7m3s977ms, now=Tue Feb 20 19:52:56 GMT+00:00 2018 (1519156376023)
02-20 19:52:56.052  1679  1679 I Telecom : WiredHeadsetManager: ACTION_HEADSET_PLUG event, plugged in: false, : WHC.oADA@AAE
02-20 19:52:56.054  1925  1925 D SMSDispatcher: SMSDispatcher: ctor mSmsCapable=true format=3gpp mSmsSendDisabled=false
02-20 19:52:56.054  1925  1925 D GsmSMSDispatcher: GsmSMSDispatcher created
02-20 19:52:56.067  1925  2014 D GsmInboundSmsHandler: StartupState.processMessage:6
02-20 19:52:56.067  1925  2014 D GsmInboundSmsHandler: entering Idle state
02-20 19:52:56.067  1925  2022 D CdmaInboundSmsHandler: StartupState.processMessage:6
02-20 19:52:56.067  1925  2022 D CdmaInboundSmsHandler: entering Idle state
02-20 19:52:56.069  1925  1925 D IccCardProxy: ctor: ci=com.android.internal.telephony.RIL@bd1fbd3 phoneId=0
02-20 19:52:56.069  1925  1925 D CdmaSSM : subscriptionSource from settings: 0
02-20 19:52:56.069  1925  1925 D CdmaSSM : cdmaSSM constructor: 0
02-20 19:52:56.069  1925  1925 D IccCardProxy: update icc_operator_numeric=
02-20 19:52:56.069  1925  1925 D TelephonyManager: setTelephonyProperty: success phoneId=0 property=gsm.sim.operator.numeric value:  propVal=
02-20 19:52:56.073  1679  1679 I ActivityManager: user 0 is still locked. Cannot load recents
02-20 19:52:56.079  1925  1925 D TelephonyManager: setTelephonyProperty: success phoneId=0 property=gsm.sim.operator.iso-country value:  propVal=
02-20 19:52:56.085  1925  1925 D TelephonyManager: setTelephonyProperty: success phoneId=0 property=gsm.sim.operator.alpha value:  propVal=
02-20 19:52:56.104  1940  1982 D EGL_emulation: eglMakeCurrent: 0x7ac14a3f1b60: ver 3 0 (tinfo 0x7ac1546a9c40)
02-20 19:52:56.112  1679  1679 I notification_enqueue: [10028,1772,com.android.systemui,1397773634,public:253,64,-1,Notification(pri=0 contentView=null vibrate=null sound=null defaults=0x0 flags=0x100 color=0xff607d8b category=sys actions=2 vis=PUBLIC),0]
02-20 19:52:56.113  1679  1679 D TelephonyRegistry: notifyCellLocationForSubscriber: subId=0 cellLocation=Bundle[{}]
02-20 19:52:56.114  1925  1939 D SubscriptionController: [getPhoneId]- no sims, returning default phoneId=2147483647
02-20 19:52:56.157  1925  1925 E IccCardProxy: setExternalState: set mPhoneId=0 mExternalState=NOT_READY
02-20 19:52:56.157  1925  1925 D TelephonyManager: setTelephonyProperty: success phoneId=0 property=gsm.sim.state value: NOT_READY propVal=NOT_READY
02-20 19:52:56.168  1925  1925 D IccCardProxy: broadcastIccStateChangedIntent intent ACTION_SIM_STATE_CHANGED value=NOT_READY reason=null for mPhoneId=0
02-20 19:52:56.186  1679  1693 I am_proc_start: [0,2030,10004,com.android.cellbroadcastreceiver,broadcast,com.android.cellbroadcastreceiver/.CellBroadcastReceiver]
02-20 19:52:56.186  1679  1693 I ActivityManager: Start proc 2030:com.android.cellbroadcastreceiver/u0a4 for broadcast com.android.cellbroadcastreceiver/.CellBroadcastReceiver
02-20 19:52:56.188  1925  1925 D RILJ    : setPhoneType=1 old value=0 [SUB0]
02-20 19:52:56.188  1925  1925 D TelephonyManager: setTelephonyProperty: success phoneId=0 property=gsm.current.phone-type value: 1 propVal=1
02-20 19:52:56.192  1925  1925 D IccCardProxy: Setting radio tech UMTS
02-20 19:52:56.192  1925  1925 D IccCardProxy: updateQuietMode: 3GPP subscription -> newQuietMode=false
02-20 19:52:56.192  1925  1925 D IccCardProxy: updateQuietMode: no changes don't setExternalState
02-20 19:52:56.192  1925  1925 D IccCardProxy: updateQuietMode: QuietMode is false (app_type=1 cdmaSource=-1)
02-20 19:52:56.197  1925  1925 W CarrierConfigManager: Error getting config for subId -1 ICarrierConfigLoader is null
02-20 19:52:56.198  1679  1792 D TelephonyRegistry: listen oscl: hasNotifySubscriptionInfoChangedOccurred==false no callback
02-20 19:52:56.198  2030  2030 W art     : Unexpected CPU variant for X86 using defaults: x86_64
02-20 19:52:56.213  1679  1693 I boot_progress_enable_screen: 14213
02-20 19:52:56.217  1679  1700 I am_activity_launch_time: [0,49184417,com.android.settings/.FallbackHome,1224,1224]
02-20 19:52:56.217  1679  1700 I ActivityManager: Displayed com.android.settings/.FallbackHome: +1s224ms
02-20 19:52:56.218  1679  1693 V KeyguardServiceDelegate: *** Keyguard started
02-20 19:52:56.218  1679  1693 I screen_toggled: 1
02-20 19:52:56.231  1925  1925 D TelephonyManager: setTelephonyProperty: success phoneId=0 property=gsm.network.type value: Unknown propVal=Unknown
02-20 19:52:56.231  1925  1925 D RILJ    : [3654]> SIGNAL_STRENGTH [SUB0]
02-20 19:52:56.232  1925  1925 D SST     : notifyDataRegStateRilRadioTechnologyChanged: drs=1 rat=0
02-20 19:52:56.233  1925  1925 D TelephonyManager: setTelephonyProperty: success phoneId=0 property=gsm.network.type value: Unknown propVal=Unknown
02-20 19:52:56.233  1374  1467 D RIL     : onRequest: SIGNAL_STRENGTH
02-20 19:52:56.233  1925  2004 D RilRequest: [3654]< SIGNAL_STRENGTH error: com.android.internal.telephony.CommandException: RADIO_NOT_AVAILABLE ret=
02-20 19:52:56.234  1679  1792 I am_proc_bound: [0,2030,com.android.cellbroadcastreceiver]
02-20 19:52:56.235  1372  1884 I MediaPlayerService: MediaPlayerService::getOMX
02-20 19:52:56.235  1679  2039 I OMXClient: MuxOMX ctor
02-20 19:52:56.235  1369  1835 I OMXMaster: makeComponentInstance(OMX.google.vorbis.decoder) in mediacodec process
02-20 19:52:56.251  1679  1693 W KeyguardServiceDelegate: onScreenTurningOn(): no keyguard service!
02-20 19:52:56.256  1679  1700 I WindowManager: Screen frozen for +1s123ms due to AppWindowToken{33eebb4 token=Token{ba728c6 ActivityRecord{2ee7ea1 u0 com.android.settings/.FallbackHome t1}}}
02-20 19:52:56.264  1925  1925 D DCT     : [0]DCT.constructor
02-20 19:52:56.335  1679  1792 D TelephonyRegistry: listen oscl: hasNotifySubscriptionInfoChangedOccurred==false no callback
02-20 19:52:56.349  1925  1925 D Dcc     : E ctor
02-20 19:52:56.349  1925  1925 D Dcc     : X ctor
02-20 19:52:56.363  1925  1925 D SubscriptionController: [getPhoneId] asked for default subId=-1
02-20 19:52:56.364  1925  2048 D DcTesterDeacativateAll: register for intent action=com.android.internal.telephony.dataconnection.action_deactivate_all
02-20 19:52:56.364  1925  2048 D DcTesterDeacativateAll: register for intent action=com.android.internal.telephony.action_detached
02-20 19:52:56.365  1925  2048 D Dcc     : DccDefaultState: msg.what=EVENT_RIL_CONNECTED mRilVersion=12
02-20 19:52:56.367  1679  1790 I StatusBarManagerService: registerStatusBar bar=com.android.internal.statusbar.IStatusBar$Stub$Proxy@e93a942
02-20 19:52:56.658     0     0 I init    : Service 'bootanim' (pid 1334) exited with status 0
02-20 19:52:56.662     0     0 I init    : Starting service 'exec 6 (/system/bin/bootstat)'...
02-20 19:52:56.688     0     0 I init    : Service 'exec 6 (/system/bin/bootstat)' (pid 2056) exited with status 0
02-20 19:52:56.689     0     0 I init    : Starting service 'exec 7 (/system/bin/bootstat)'...
02-20 19:52:56.729     0     0 I init    : Service 'exec 7 (/system/bin/bootstat)' (pid 2057) exited with status 0
02-20 19:52:56.731     0     0 I init    : Starting service 'exec 8 (/system/bin/bootstat)'...
02-20 19:52:56.760     0     0 I init    : Service 'exec 8 (/system/bin/bootstat)' (pid 2060) exited with status 0
02-20 19:52:56.761     0     0 I init    : Starting service 'exec 9 (/system/bin/bootstat)'...
02-20 19:52:56.775     0     0 I init    : Service 'exec 9 (/system/bin/bootstat)' (pid 2062) exited with status 0
02-20 19:52:56.662  2056  2056 I auditd  : type=1400 audit(0.0:11): avc: denied { getattr } for comm="bootstat" path="/vendor" dev="rootfs" ino=3999 scontext=u:r:bootstat:s0 tcontext=u:object_r:rootfs:s0 tclass=lnk_file permissive=0
02-20 19:52:56.662  2056  2056 W bootstat: type=1400 audit(0.0:11): avc: denied { getattr } for path="/vendor" dev="rootfs" ino=3999 scontext=u:r:bootstat:s0 tcontext=u:object_r:rootfs:s0 tclass=lnk_file permissive=0
02-20 19:52:56.712  2057  2057 I auditd  : type=1400 audit(0.0:12): avc: denied { getattr } for comm="bootstat" path="/vendor" dev="rootfs" ino=3999 scontext=u:r:bootstat:s0 tcontext=u:object_r:rootfs:s0 tclass=lnk_file permissive=0
02-20 19:52:56.712  2057  2057 W bootstat: type=1400 audit(0.0:12): avc: denied { getattr } for path="/vendor" dev="rootfs" ino=3999 scontext=u:r:bootstat:s0 tcontext=u:object_r:rootfs:s0 tclass=lnk_file permissive=0
02-20 19:52:56.373  1925  1925 D DcTesterFailBrinupAll: register for intent action=com.android.internal.telephony.dataconnection.action_fail_bringup
02-20 19:52:56.373  1925  1925 D DcTesterFailBrinupAll: register for intent action=com.android.internal.telephony.action_detached
02-20 19:52:56.373  1925  1925 D DcTesterFailBrinupAll: register for intent action=com.android.internal.telephony.action_attached
02-20 19:52:56.374  1925  1925 D SST     : notifyDataRegStateRilRadioTechnologyChanged: drs=1 rat=0
02-20 19:52:56.374  1925  1925 D TelephonyManager: setTelephonyProperty: success phoneId=0 property=gsm.network.type value: Unknown propVal=Unknown
02-20 19:52:56.375  1925  1925 D DCT     : [0]update sub = -2
02-20 19:52:56.375  1925  1925 D DCT     : [0]update(): Active DDS, register for all events now!
02-20 19:52:56.375  1925  1925 D GsmCdmaPhone: [GsmCdmaPhone] updateCurrentCarrierInProvider: mSubId = -2 currentDds = 1 operatorNumeric = null
02-20 19:52:56.377  1925  1925 D DCT     : [0]initApnContexts: E
02-20 19:52:56.377  1925  1925 D DCT     : [0]initApnContexts: skipping unknown type=1
02-20 19:52:56.377  1925  1925 D DCT     : [0]initApnContexts: apnContext={mApnType=default mState=IDLE mWaitingApns={null} mApnSetting={null} mReason=dataEnabled mDataEnabled=false mDependencyMet=true}
02-20 19:52:56.378  1925  1925 D DCT     : [0]initApnContexts: apnContext={mApnType=mms mState=IDLE mWaitingApns={null} mApnSetting={null} mReason=dataEnabled mDataEnabled=false mDependencyMet=true}
02-20 19:52:56.378  1925  1925 D DCT     : [0]initApnContexts: apnContext={mApnType=supl mState=IDLE mWaitingApns={null} mApnSetting={null} mReason=dataEnabled mDataEnabled=false mDependencyMet=true}
02-20 19:52:56.378  1925  1925 D DCT     : [0]initApnContexts: apnContext={mApnType=hipri mState=IDLE mWaitingApns={null} mApnSetting={null} mReason=dataEnabled mDataEnabled=false mDependencyMet=true}
02-20 19:52:56.378  1925  1925 D DCT     : [0]initApnContexts: apnContext={mApnType=fota mState=IDLE mWaitingApns={null} mApnSetting={null} mReason=dataEnabled mDataEnabled=false mDependencyMet=true}
02-20 19:52:56.378  1925  1925 D DCT     : [0]initApnContexts: apnContext={mApnType=ims mState=IDLE mWaitingApns={null} mApnSetting={null} mReason=dataEnabled mDataEnabled=false mDependencyMet=true}
02-20 19:52:56.378  1925  1925 D DCT     : [0]initApnContexts: apnContext={mApnType=cbs mState=IDLE mWaitingApns={null} mApnSetting={null} mReason=dataEnabled mDataEnabled=false mDependencyMet=true}
02-20 19:52:56.378  1925  1925 D DCT     : [0]initApnContexts: skipping unknown type=13
02-20 19:52:56.378  1925  1925 D DCT     : [0]initApnContexts: apnContext={mApnType=ia mState=IDLE mWaitingApns={null} mApnSetting={null} mReason=dataEnabled mDataEnabled=false mDependencyMet=true}
02-20 19:52:56.378  1925  1925 D DCT     : [0]initApnContexts: apnContext={mApnType=emergency mState=IDLE mWaitingApns={null} mApnSetting={null} mReason=dataEnabled mDataEnabled=false mDependencyMet=true}
02-20 19:52:56.384  1925  1925 D GsmCdmaPhone: [GsmCdmaPhone] GsmCdmaPhone: constructor: sub = 0
02-20 19:52:56.384  1925  1925 I PhoneFactory: Creating Phone with type = 1 sub = 0
02-20 19:52:56.423  1372  1884 I MediaPlayerService: MediaPlayerService::getOMX
02-20 19:52:56.423  1679  2049 I OMXClient: MuxOMX ctor
02-20 19:52:56.424  1369  1966 I OMXMaster: makeComponentInstance(OMX.google.vorbis.decoder) in mediacodec process
02-20 19:52:56.458  1925  1925 I PhoneFactory: defaultSmsApplication: NONE
02-20 19:52:56.460  1925  1925 I PhoneFactory: Creating SubInfoRecordUpdater 
02-20 19:52:56.461  1925  1925 D SubscriptionInfoUpdater: Constructor invoked
02-20 19:52:56.540  1679  1693 W art     : Long monitor contention with owner android.display (1700) at void com.android.server.wm.WindowManagerService$H.handleMessage(android.os.Message)(WindowManagerService.java:8368) waiters=0 in void com.android.server.wm.WindowManagerService.performEnableScreen() for 284ms
02-20 19:52:56.540  1679  1693 I dvm_lock_sample: [system_server,1,ActivityManager,284,WindowManagerService.java,6036,-,8368,56]
02-20 19:52:56.542  1313  1355 I SurfaceFlinger: Boot is finished (12553 ms)
02-20 19:52:56.544  1313  1355 I sf_stop_bootanim: 14543
02-20 19:52:56.572  1679  1690 D TelephonyRegistry: listen oscl: hasNotifySubscriptionInfoChangedOccurred==false no callback
02-20 19:52:56.573  1925  1925 D SubscriptionController: [getPhoneId]- no sims, returning default phoneId=2147483647
02-20 19:52:56.583  1679  1790 D TelephonyRegistry: listen oscl: hasNotifySubscriptionInfoChangedOccurred==false no callback
02-20 19:52:56.584  1925  1925 D PhoneSwitcherNetworkRequstListener: Registering NetworkFactory
02-20 19:52:56.596  1679  1694 W art     : Long monitor contention with owner android.display (1700) at void com.android.server.wm.WindowManagerService$H.handleMessage(android.os.Message)(WindowManagerService.java:8368) waiters=1 in void com.android.server.wm.WindowManagerService.updateRotationUnchecked(boolean, boolean) for 257ms
02-20 19:52:56.597  1679  1742 D ConnectivityService: Got NetworkFactory Messenger for PhoneSwitcherNetworkRequstListener
02-20 19:52:56.597  1925  1925 D PhoneSwitcher: PhoneSwitcher started
02-20 19:52:56.598  1925  1925 D ProxyController: Constructor - Enter
02-20 19:52:56.601  1679  1694 I dvm_lock_sample: [system_server,1,android.ui,257,WindowManagerService.java,6783,-,8368,51]
02-20 19:52:56.608  1925  1925 D ProxyController: clearTransaction
02-20 19:52:56.608  1925  1925 D ProxyController: clearTransaction: phoneId=0 status=IDLE
02-20 19:52:56.608  1925  1925 D ProxyController: Constructor - Exit
02-20 19:52:56.609  1925  1925 D TelephonyNetworkFactory[0]: Registering NetworkFactory
02-20 19:52:56.612  1679  1742 D ConnectivityService: Got NetworkFactory Messenger for TelephonyNetworkFactory[0]
02-20 19:52:56.635  1925  1925 D CallManager: registerPhone(GSM Handler (com.android.internal.telephony.GsmCdmaPhone) {d7db0be})
02-20 19:52:56.668  1372  1884 I MediaPlayerService: MediaPlayerService::getOMX
02-20 19:52:56.668  1679  2052 I OMXClient: MuxOMX ctor
02-20 19:52:56.670  2056  2056 I bootstat: Service started: /system/bin/bootstat --record_boot_complete 
02-20 19:52:56.671  1679  1963 D TelephonyRegistry: listen oscl: hasNotifySubscriptionInfoChangedOccurred==false no callback
02-20 19:52:56.673  2056  2056 I bootstat: Logging histogram: bootstat_mtime_matches_content 1
02-20 19:52:56.674  2056  2056 I sysui_histogram: [bootstat_mtime_matches_content,1]
02-20 19:52:56.675  1369  1966 I OMXMaster: makeComponentInstance(OMX.google.vorbis.decoder) in mediacodec process
02-20 19:52:56.680  2030  2030 W System  : ClassLoader referenced unknown path: /system/priv-app/CellBroadcastReceiver/lib/x86_64
02-20 19:52:56.686  2056  2056 I bootstat: Logging histogram: bootstat_mtime_matches_content 1
02-20 19:52:56.687  2056  2056 I sysui_histogram: [bootstat_mtime_matches_content,1]
02-20 19:52:56.687  2056  2056 I bootstat: Logging histogram: bootstat_mtime_matches_content 1
02-20 19:52:56.687  2056  2056 I sysui_histogram: [bootstat_mtime_matches_content,1]
02-20 19:52:56.691  1313  1313 I sf_frame_dur: [BootAnimation,0,24,228,12,2,0,0]
02-20 19:52:56.724  2057  2057 I bootstat: Service started: /system/bin/bootstat --record_boot_reason 
02-20 19:52:56.724  2057  2057 I bootstat: Unknown boot reason: 
02-20 19:52:56.757  2060  2060 I bootstat: Service started: /system/bin/bootstat --record_time_since_factory_reset 
02-20 19:52:56.757  2060  2060 I bootstat: Logging histogram: factory_reset_current_time 1519156376
02-20 19:52:56.757  2060  2060 I sysui_histogram: [factory_reset_current_time,1519156376]
02-20 19:52:56.759  2060  2060 I bootstat: Logging histogram: bootstat_mtime_matches_content 1
02-20 19:52:56.759  2060  2060 I sysui_histogram: [bootstat_mtime_matches_content,1]
02-20 19:52:56.759  2060  2060 I bootstat: Logging histogram: factory_reset_record_value 1519154248
02-20 19:52:56.759  2060  2060 I sysui_histogram: [factory_reset_record_value,1519154248]
02-20 19:52:56.762  1372  1884 I MediaPlayerService: MediaPlayerService::getOMX
02-20 19:52:56.763  1679  2061 I OMXClient: MuxOMX ctor
02-20 19:52:56.763  1369  1997 I OMXMaster: makeComponentInstance(OMX.google.vorbis.decoder) in mediacodec process
02-20 19:52:56.772  2062  2062 I bootstat: Service started: /system/bin/bootstat -l 
02-20 19:52:56.773  2062  2062 I bootstat: Logging histogram: bootstat_mtime_matches_content 1
02-20 19:52:56.773  2062  2062 I sysui_histogram: [bootstat_mtime_matches_content,1]
02-20 19:52:56.773  2062  2062 I bootstat: Logging histogram: bootstat_mtime_matches_content 1
02-20 19:52:56.773  2062  2062 I sysui_histogram: [bootstat_mtime_matches_content,1]
02-20 19:52:56.773  2062  2062 I bootstat: Logging histogram: bootstat_mtime_matches_content 1
02-20 19:52:56.773  2062  2062 I sysui_histogram: [bootstat_mtime_matches_content,1]
02-20 19:52:56.773  2062  2062 I bootstat: Logging histogram: bootstat_mtime_matches_content 1
02-20 19:52:56.773  2062  2062 I sysui_histogram: [bootstat_mtime_matches_content,1]
02-20 19:52:56.774  2062  2062 I bootstat: Logging histogram: bootstat_mtime_matches_content 1
02-20 19:52:56.774  2062  2062 I sysui_histogram: [bootstat_mtime_matches_content,1]
02-20 19:52:56.775  2062  2062 I bootstat: Logging histogram: bootstat_mtime_matches_content 1
02-20 19:52:56.775  2062  2062 I sysui_histogram: [bootstat_mtime_matches_content,1]
02-20 19:52:56.775  2062  2062 I bootstat: Logging histogram: bootstat_mtime_matches_content 1
02-20 19:52:56.775  2062  2062 I sysui_histogram: [bootstat_mtime_matches_content,1]
02-20 19:52:56.775  2062  2062 I bootstat: Logging histogram: bootstat_mtime_matches_content 1
02-20 19:52:56.775  2062  2062 I sysui_histogram: [bootstat_mtime_matches_content,1]
02-20 19:52:56.775  2062  2062 I bootstat: Logging histogram: bootstat_mtime_matches_content 1
02-20 19:52:56.775  2062  2062 I sysui_histogram: [bootstat_mtime_matches_content,1]
02-20 19:52:56.775  2062  2062 I bootstat: Logging histogram: bootstat_mtime_matches_content 1
02-20 19:52:56.775  2062  2062 I sysui_histogram: [bootstat_mtime_matches_content,1]
02-20 19:52:56.775  2062  2062 I bootstat: Logging histogram: bootstat_mtime_matches_content 1
02-20 19:52:56.775  2062  2062 I sysui_histogram: [bootstat_mtime_matches_content,1]
02-20 19:52:56.775  2062  2062 I bootstat: Logging histogram: bootstat_mtime_matches_content 1
02-20 19:52:56.775  2062  2062 I sysui_histogram: [bootstat_mtime_matches_content,1]
02-20 19:52:56.775  2062  2062 I bootstat: Logging histogram: bootstat_mtime_matches_content 1
02-20 19:52:56.775  2062  2062 I sysui_histogram: [bootstat_mtime_matches_content,1]
02-20 19:52:56.775  2062  2062 I bootstat: Logging histogram: bootstat_mtime_matches_content 1
02-20 19:52:56.775  2062  2062 I sysui_histogram: [bootstat_mtime_matches_content,1]
02-20 19:52:56.775  2062  2062 I bootstat: Logging histogram: post_decrypt_time_elapsed 2
02-20 19:52:56.775  2062  2062 I sysui_histogram: [post_decrypt_time_elapsed,2]
02-20 19:52:56.775  2062  2062 I bootstat: Logging histogram: last_boot_time_utc 1519156376
02-20 19:52:56.775  2062  2062 I sysui_histogram: [last_boot_time_utc,1519156376]
02-20 19:52:56.775  2062  2062 I bootstat: Logging histogram: build_date 1513095943
02-20 19:52:56.775  2062  2062 I sysui_histogram: [build_date,1513095943]
02-20 19:52:56.775  2062  2062 I bootstat: Logging histogram: boot_decryption_complete 14
02-20 19:52:56.775  2062  2062 I sysui_histogram: [boot_decryption_complete,14]
02-20 19:52:56.775  2062  2062 I bootstat: Logging histogram: ota_boot_complete_post_decrypt 7
02-20 19:52:56.775  2062  2062 I sysui_histogram: [ota_boot_complete_post_decrypt,7]
02-20 19:52:56.775  2062  2062 I bootstat: Logging histogram: ota_boot_complete 9
02-20 19:52:56.775  2062  2062 I sysui_histogram: [ota_boot_complete,9]
02-20 19:52:56.775  2062  2062 I bootstat: Logging histogram: boot_reason 1
02-20 19:52:56.775  2062  2062 I sysui_histogram: [boot_reason,1]
02-20 19:52:56.775  2062  2062 I bootstat: Logging histogram: factory_reset_current_time 1519156376
02-20 19:52:56.775  2062  2062 I sysui_histogram: [factory_reset_current_time,1519156376]
02-20 19:52:56.775  2062  2062 I bootstat: Logging histogram: factory_reset 1519154248
02-20 19:52:56.775  2062  2062 I sysui_histogram: [factory_reset,1519154248]
02-20 19:52:56.775  2062  2062 I bootstat: Logging histogram: time_since_last_boot 79
02-20 19:52:56.775  2062  2062 I sysui_histogram: [time_since_last_boot,79]
02-20 19:52:56.775  2062  2062 I bootstat: Logging histogram: boot_complete_post_decrypt 12
02-20 19:52:56.775  2062  2062 I sysui_histogram: [boot_complete_post_decrypt,12]
02-20 19:52:56.775  2062  2062 I bootstat: Logging histogram: boot_complete 14
02-20 19:52:56.775  2062  2062 I sysui_histogram: [boot_complete,14]
02-20 19:52:56.775  2062  2062 I bootstat: Logging histogram: factory_reset_record_value 1519154248
02-20 19:52:56.775  2062  2062 I sysui_histogram: [factory_reset_record_value,1519154248]
02-20 19:52:56.775  2062  2062 I bootstat: Logging histogram: time_since_factory_reset 2128
02-20 19:52:56.775  2062  2062 I sysui_histogram: [time_since_factory_reset,2128]
02-20 19:52:56.812  1679  1748 E ActivityThread: Failed to find provider info for com.android.calendar
02-20 19:52:56.814  1679  1748 E ActivityThread: Failed to find provider info for com.android.calendar
02-20 19:52:56.732  2060  2060 I auditd  : type=1400 audit(0.0:13): avc: denied { getattr } for comm="bootstat" path="/vendor" dev="rootfs" ino=3999 scontext=u:r:bootstat:s0 tcontext=u:object_r:rootfs:s0 tclass=lnk_file permissive=0
02-20 19:52:56.732  2060  2060 W bootstat: type=1400 audit(0.0:13): avc: denied { getattr } for path="/vendor" dev="rootfs" ino=3999 scontext=u:r:bootstat:s0 tcontext=u:object_r:rootfs:s0 tclass=lnk_file permissive=0
02-20 19:52:56.752  2062  2062 I auditd  : type=1400 audit(0.0:14): avc: denied { getattr } for comm="bootstat" path="/vendor" dev="rootfs" ino=3999 scontext=u:r:bootstat:s0 tcontext=u:object_r:rootfs:s0 tclass=lnk_file permissive=0
02-20 19:52:56.752  2062  2062 W bootstat: type=1400 audit(0.0:14): avc: denied { getattr } for path="/vendor" dev="rootfs" ino=3999 scontext=u:r:bootstat:s0 tcontext=u:object_r:rootfs:s0 tclass=lnk_file permissive=0
02-20 19:52:56.872  1679  1747 D NotificationSQLiteLog: Pruned event entries: 0
02-20 19:52:56.941  1679  1790 W art     : Long monitor contention with owner android.display (1700) at void com.android.server.wm.WindowAnimator$1.doFrame(long)(WindowAnimator.java:144) waiters=0 in float com.android.server.wm.WindowManagerService.getCurrentAnimatorScale() for 250ms
02-20 19:52:56.942  1679  1790 I dvm_lock_sample: [system_server,1,Binder:1679_3,250,WindowManagerService.java,5760,WindowAnimator.java,144,50]
02-20 19:52:56.983  1679  1692 I SyncManager: Got SyncJobService instance.
02-20 19:52:56.984  1679  1679 I FusedLocation: engine started (com.android.location.fused)
02-20 19:52:56.984  1925  1937 D SubscriptionController: [getPhoneId]- no sims, returning default phoneId=2147483647
02-20 19:52:56.993  1772  1772 I OpaLayout: Setting opa enabled to false
02-20 19:52:56.995  1772  1772 I OpaLayout: Setting opa enabled to false
02-20 19:52:57.064     0     0 I init    : write_file: Unable to open '/sys/class/android_usb/android0/enable': No such file or directory
02-20 19:52:57.029  1679  1700 I wm_boot_animation_done: 15029
02-20 19:52:57.031  1679  1700 I SystemServiceManager: Starting phase 1000
02-20 19:52:57.064  1679  1700 I am_proc_start: [0,2068,10015,com.google.android.ext.services,on-hold,]
02-20 19:52:57.064  1679  1700 I ActivityManager: Start proc 2068:com.google.android.ext.services/u0a15 for on-hold
02-20 19:52:57.075  1679  1700 D ActivityManager: Finishing user boot 0
02-20 19:52:57.075  1679  1700 I sysui_histogram: [framework_locked_boot_completed,15]
02-20 19:52:57.076  1679  1700 D CryptdConnector: SND -> {3 cryptfs prepare_user_storage ! 0 0 2}
02-20 19:52:57.076  1267  1304 D vold    : e4crypt_prepare_user_storage for volume null, user 0, serial 0, flags 2
02-20 19:52:57.076  1267  1304 D vold    : Preparing: /data/system_ce/0
02-20 19:52:57.076  1267  1304 D vold    : Preparing: /data/misc_ce/0
02-20 19:52:57.076  1267  1304 D vold    : Preparing: /data/media/0
02-20 19:52:57.076  1267  1304 D vold    : Preparing: /data/data
02-20 19:52:57.077  1679  1729 D CryptdConnector: RCV <- {200 3 Command succeeded}
02-20 19:52:57.077  1679  1700 V UserManagerService: Found /data/user/0 with serial number 0
02-20 19:52:57.077  1679  1700 V UserManagerService: Found /data/system_ce/0 with serial number 0
02-20 19:52:57.077  1679  1700 V PackageManager: reconcileAppsData for null u0 0x2
02-20 19:52:57.112  2068  2068 W art     : Unexpected CPU variant for X86 using defaults: x86_64
02-20 19:52:57.101     0     0 I init    : write_file: Unable to open '/sys/class/android_usb/android0/idVendor': No such file or directory
02-20 19:52:57.104     0     0 I init    : write_file: Unable to open '/sys/class/android_usb/android0/idProduct': No such file or directory
02-20 19:52:57.106     0     0 I init    : write_file: Unable to open '/sys/class/android_usb/android0/functions': No such file or directory
02-20 19:52:57.109     0     0 I init    : write_file: Unable to open '/sys/class/android_usb/android0/enable': No such file or directory
02-20 19:52:57.209  1679  1700 V PackageManager: reconcileAppsData finished 100 packages
02-20 19:52:57.209  1679  1693 W art     : Long monitor contention with owner android.display (1700) at void com.android.server.am.ActivityManagerService.finishBooting()(ActivityManagerService.java:6823) waiters=0 in void com.android.server.am.BroadcastQueue.processNextBroadcast(boolean) for 133ms
02-20 19:52:57.209  1679  1693 I dvm_lock_sample: [system_server,1,ActivityManager,133,BroadcastQueue.java,760,ActivityManagerService.java,6823,26]
02-20 19:52:57.209  1679  1693 D MountService: onUnlockUser 0
02-20 19:52:57.211  1679  1693 D VoldConnector: SND -> {7 volume user_started 0}
02-20 19:52:57.222  1267  1303 D vold    : Linking /storage/emulated/0 to /mnt/user/0/primary
02-20 19:52:57.222  1679  1728 D VoldConnector: RCV <- {200 7 Command succeeded}
02-20 19:52:57.227  1679  1727 D MountService: Volume public:253,64 broadcasting mounted to UserHandle{0}
02-20 19:52:57.228  1679  1792 I am_proc_start: [0,2086,10001,android.process.acore,content provider,com.android.providers.contacts/.ContactsProvider2]
02-20 19:52:57.228  1679  1792 I ActivityManager: Start proc 2086:android.process.acore/u0a1 for content provider com.android.providers.contacts/.ContactsProvider2
02-20 19:52:57.230  1679  1790 I am_proc_bound: [0,2068,com.google.android.ext.services]
02-20 19:52:57.235  1679  1727 D MountService: Volume emulated broadcasting mounted to UserHandle{0}
02-20 19:52:57.235  1925  1925 D CarrierConfigLoader: CarrierConfigLoader has started
02-20 19:52:57.239  1925  1925 E BluetoothAdapter: Bluetooth binder is null
02-20 19:52:57.240  1679  1690 D TelephonyRegistry: listen oscl: hasNotifySubscriptionInfoChangedOccurred==false no callback
02-20 19:52:57.241  1772  1772 W System  : ClassLoader referenced unknown path: 
02-20 19:52:57.241  1772  1772 W System  : ClassLoader referenced unknown path: /system/priv-app/Dialer/lib/x86_64
02-20 19:52:57.242  1772  1772 D ApplicationLoaders: ignored Vulkan layer search path /system/priv-app/Dialer/lib/x86_64:/system/lib64:/vendor/lib64 for namespace 0x7ac158e360f0
02-20 19:52:57.252  1679  1694 W WindowManager: Keyguard drawn timeout. Setting mKeyguardDrawComplete
02-20 19:52:57.258  1679  1693 V BackupManagerService: No ancestral data
02-20 19:52:57.278  2086  2086 W art     : Unexpected CPU variant for X86 using defaults: x86_64
02-20 19:52:57.280  2068  2068 W System  : ClassLoader referenced unknown path: /system/priv-app/GoogleExtServices/lib/x86_64
02-20 19:52:57.287  1679  1693 V BackupManagerService: Starting with transport android/com.android.internal.backup.LocalTransport
02-20 19:52:57.287  1679  1693 V BackupManagerService: Found transports: 2
02-20 19:52:57.326  2104  2104 W art     : Unexpected CPU variant for X86 using defaults: x86_64
02-20 19:52:57.353  1679  1689 I art     : Background sticky concurrent mark sweep GC freed 38507(2MB) AllocSpace objects, 1(20KB) LOS objects, 7% free, 22MB/24MB, paused 979us total 107.787ms
02-20 19:52:57.353  1925  1925 D RILJ    : [3655]> RIL_REQUEST_SET_TTY_MODE : 0 [SUB0]
02-20 19:52:57.354  1679  1693 W ActivityManager: Slow operation: 58ms so far, now at startProcess: returned from zygote!
02-20 19:52:57.354  1679  1693 W ActivityManager: Slow operation: 58ms so far, now at startProcess: done updating battery stats
02-20 19:52:57.354  1679  1693 I am_proc_start: [0,2104,10014,com.google.android.gms.persistent,service,com.google.android.gms/.backup.BackupTransportService]
02-20 19:52:57.354  1679  1693 W ActivityManager: Slow operation: 58ms so far, now at startProcess: building log message
02-20 19:52:57.354  1679  1693 I ActivityManager: Start proc 2104:com.google.android.gms.persistent/u0a14 for service com.google.android.gms/.backup.BackupTransportService
02-20 19:52:57.354  1679  1693 W ActivityManager: Slow operation: 58ms so far, now at startProcess: starting to update pids map
02-20 19:52:57.354  1679  1693 W ActivityManager: Slow operation: 58ms so far, now at startProcess: done updating pids map
02-20 19:52:57.354  1679  1693 W ActivityManager: Slow operation: 59ms so far, now at startProcess: done starting proc!
02-20 19:52:57.355  1679  2091 I dvm_lock_sample: [system_server,1,Binder:1679_6,35,ActivityManagerService.java,6669,-,17301,7]
02-20 19:52:57.355  1679  2091 I am_proc_bound: [0,2086,android.process.acore]
02-20 19:52:57.356  1374  1467 D RIL     : onRequest: SET_TTY_MODE
02-20 19:52:57.356  1925  2004 D RilRequest: [3655]< RIL_REQUEST_SET_TTY_MODE error: com.android.internal.telephony.CommandException: RADIO_NOT_AVAILABLE ret=
02-20 19:52:57.356  1925  1925 I Telephony: TtyManager: updateUiTtyMode -1 -> 0
02-20 19:52:57.358  1679  1693 I BackupManagerService: Backup enabled => false
02-20 19:52:57.361  1679  1790 D TelephonyRegistry: listen oscl: hasNotifySubscriptionInfoChangedOccurred==false no callback
02-20 19:52:57.362  1925  1925 D SubscriptionController: [getPhoneId] asked for default subId=-1
02-20 19:52:57.384  1679  1963 I am_proc_bound: [0,2104,com.google.android.gms.persistent]
02-20 19:52:57.421  1925  1925 D UiccController: Received EVENT_ICC_STATUS_CHANGED, calling getIccCardStatus
02-20 19:52:57.421  1925  1925 D RILJ    : [3656]> GET_SIM_STATUS [SUB0]
02-20 19:52:57.422  1925  1925 D Phone   : config LCE service failed: com.android.internal.telephony.CommandException: RADIO_NOT_AVAILABLE
02-20 19:52:57.422  1925  1925 D GsmSMSDispatcher: GsmSMSDispatcher: subId = -2 slotId = 0
02-20 19:52:57.422  1925  1925 E IccCardProxy: setExternalState: !override and newstate unchanged from NOT_READY
02-20 19:52:57.422  1925  1925 D RILJ    : [3657]> BASEBAND_VERSION [SUB0]
02-20 19:52:57.422  1374  1467 D RIL     : onRequest: GET_SIM_STATUS
02-20 19:52:57.422  1374  1467 D RIL     : getSIMStatus(). sState: 0
02-20 19:52:57.423  1925  1925 D RILJ    : [3658]> GET_IMEI [SUB0]
02-20 19:52:57.423  1374  1467 D RIL     : onRequest: BASEBAND_VERSION
02-20 19:52:57.428  1925  2004 D RILJ    : [3656]< GET_SIM_STATUS IccCardState {CARDSTATE_PRESENT,PINSTATE_UNKNOWN,num_apps=2,gsm_id=0{APPTYPE_SIM,APPSTATE_DETECTED},cdma_id=1{APPTYPE_RUIM,APPSTATE_DETECTED},ims_id=8} [SUB0]
02-20 19:52:57.430  1374  1467 D RIL     : onRequest: GET_IMEI
02-20 19:52:57.430  1374  1467 D AT      : AT> AT+CGSN
02-20 19:52:57.430  1925  1925 D RILJ    : [3659]> GET_IMEISV [SUB0]
02-20 19:52:57.430  1925  1925 D RILJ    : [3660]> RIL_REQUEST_GET_RADIO_CAPABILITY [SUB0]
02-20 19:52:57.430  1925  1925 D RILJ    : [3661]> RIL_REQUEST_START_LCE [SUB0]
02-20 19:52:57.430  1925  1925 D GsmCdmaPhone: [GsmCdmaPhone] Event EVENT_RADIO_OFF_OR_NOT_AVAILABLE Received
02-20 19:52:57.430  1925  1925 E IccCardProxy: setExternalState: !override and newstate unchanged from NOT_READY
02-20 19:52:57.430  1925  1925 D SST     : mDeviceShuttingDown=false, mDesiredPowerState=true, getRadioState=RADIO_OFF, mPowerOffDelayNeed=true, mAlarmSwitch=false, mRadioDisabledByCarrier=false
02-20 19:52:57.431  1925  1925 D RILJ    : [3662]> RADIO_POWER on [SUB0]
02-20 19:52:57.431  1925  1925 D RILJ    : [3663]> OPERATOR [SUB0]
02-20 19:52:57.431  1925  1925 D RILJ    : [3664]> DATA_REGISTRATION_STATE [SUB0]
02-20 19:52:57.432  1374  1470 D AT      : AT< 000000000000000
02-20 19:52:57.432  1374  1470 D AT      : AT< OK
02-20 19:52:57.432  1374  1467 D RIL     : onRequest: GET_IMEISV
02-20 19:52:57.432  1374  1467 D RIL     : onRequest: RIL_REQUEST_GET_RADIO_CAPABILITY
02-20 19:52:57.432  1374  1467 D RIL     : onRequest: <unknown request>
02-20 19:52:57.432  1374  1467 D RIL     : onRequest: RADIO_POWER
02-20 19:52:57.432  1374  1467 D AT      : AT> AT+CFUN=1
02-20 19:52:57.432  1925  1925 D RILJ    : [3665]> VOICE_REGISTRATION_STATE [SUB0]
02-20 19:52:57.432  1374  1470 D AT      : AT< OK
02-20 19:52:57.432  1374  1467 D RIL     : setRadioState(10)
02-20 19:52:57.432  1374  1467 D RIL     : onRequest: OPERATOR
02-20 19:52:57.432  1374  1467 D AT      : AT> AT+COPS=3,0;+COPS?;+COPS=3,1;+COPS?;+COPS=3,2;+COPS?
02-20 19:52:57.432  1374  1470 D AT      : AT< +COPS: 0,0,"Android"
02-20 19:52:57.432  1374  1470 D AT      : AT< +COPS: 0,1,"Android"
02-20 19:52:57.432  1374  1470 D AT      : AT< +COPS: 0,2,"310260"
02-20 19:52:57.432  1374  1470 D AT      : AT< OK
02-20 19:52:57.432  1374  1467 D RIL     : onRequest: DATA_REGISTRATION_STATE
02-20 19:52:57.432  1374  1467 D RIL     : requestRegistrationState
02-20 19:52:57.432  1374  1467 D AT      : AT> AT+CGREG?
02-20 19:52:57.432  1374  1470 D AT      : AT< +CGREG: 1,1,"0003","005b","000e"
02-20 19:52:57.432  1374  1470 D AT      : AT< OK
02-20 19:52:57.441  1374  1467 D RIL     : parseRegistrationState. Parsing: +CGREG: 1,1,"0003","005b","000e"
02-20 19:52:57.441  1374  1467 D RIL     : registration state type: 3GPP
02-20 19:52:57.441  1925  1925 D RILJ    : [3666]> QUERY_NETWORK_SELECTION_MODE [SUB0]
02-20 19:52:57.442  1374  1467 D RIL     : onRequest: VOICE_REGISTRATION_STATE
02-20 19:52:57.442  1374  1467 D RIL     : requestRegistrationState
02-20 19:52:57.442  1374  1467 D AT      : AT> AT+CREG?
02-20 19:52:57.442  1925  1925 D SST     : NITZ: 18/02/20:19:52:48+0:0:Unknown!Unknown,4588 start=15442 delay=10854
02-20 19:52:57.442  1925  1925 D SST     : NITZ: tzOffset=0 dst=0 zone=GMT iso= mGotCountryCode=false mNeedFixZoneAfterNitz=false
02-20 19:52:57.443  1679  2093 V KeyValueBackupJob: Scheduling k/v pass in 243 minutes
02-20 19:52:57.443  1925  2004 D RilRequest: [3657]< BASEBAND_VERSION error: com.android.internal.telephony.CommandException: RADIO_NOT_AVAILABLE ret=
02-20 19:52:57.443  1925  2004 D RILJ    : [3658]< GET_IMEI  [SUB0]
02-20 19:52:57.444  1925  2004 D RilRequest: [3659]< GET_IMEISV error: com.android.internal.telephony.CommandException: RADIO_NOT_AVAILABLE ret=
02-20 19:52:57.444  1925  2004 D RilRequest: [3660]< RIL_REQUEST_GET_RADIO_CAPABILITY error: com.android.internal.telephony.CommandException: RADIO_NOT_AVAILABLE ret=
02-20 19:52:57.444  1925  2004 D RilRequest: [3661]< RIL_REQUEST_START_LCE error: com.android.internal.telephony.CommandException: RADIO_NOT_AVAILABLE ret=
02-20 19:52:57.444  1925  2004 D RILJ    : [UNSL]< UNSOL_RESPONSE_RADIO_STATE_CHANGED RADIO_ON [SUB0]
02-20 19:52:57.444  1925  2004 D RILJ    : [UNSL]< UNSOL_RESPONSE_SIM_STATUS_CHANGED [SUB0]
02-20 19:52:57.444  1925  2004 D RILJ    : [3662]< RADIO_POWER  [SUB0]
02-20 19:52:57.444  1925  2004 D RILJ    : [3663]< OPERATOR {Android, Android, 310260} [SUB0]
02-20 19:52:57.444  1925  2004 D RILJ    : [3664]< DATA_REGISTRATION_STATE {1, 3, 5b, 14, null, null} [SUB0]
02-20 19:52:57.449  1374  1470 D AT      : AT< +CREG: 2,1, "0003", "005b"
02-20 19:52:57.449  1374  1470 D AT      : AT< OK
02-20 19:52:57.449  1374  1467 D RIL     : parseRegistrationState. Parsing: +CREG: 2,1, "0003", "005b"
02-20 19:52:57.449  1374  1467 D RIL     : registration state type: 3GPP
02-20 19:52:57.449  1374  1467 D RIL     : onRequest: QUERY_NETWORK_SELECTION_MODE
02-20 19:52:57.449  1374  1467 D AT      : AT> AT+COPS?
02-20 19:52:57.449  1925  2004 D RILJ    : [3665]< VOICE_REGISTRATION_STATE {1, 3, 5b, 0, null, null, null, null, null, null, null, null, null, null, null} [SUB0]
02-20 19:52:57.449  1374  1470 D AT      : AT< +COPS: 0,2,310260
02-20 19:52:57.449  1374  1470 D AT      : AT< OK
02-20 19:52:57.454  1925  2004 D RILJ    : [3666]< QUERY_NETWORK_SELECTION_MODE {0} [SUB0]
02-20 19:52:57.476  1925  1925 D SST     : setAndBroadcastNetworkSetTimeZone: setTimeZone=GMT
02-20 19:52:57.491  1679  2098 D AlarmManagerService: Kernel timezone updated to 0 minutes west of GMT
02-20 19:52:57.500  1925  1925 D SST     : setAndBroadcastNetworkSetTimeZone: call alarm.setTimeZone and broadcast zoneId=GMT
02-20 19:52:57.501  1925  1925 D SST     : NITZ: Setting time of day to Tue Feb 20 19:52:58 GMT+00:00 2018 NITZ receive delay(ms): 10913 gained(ms): 1412 from 18/02/20:19:52:48+0:0:Unknown!Unknown
02-20 19:52:57.501  1925  1925 D SST     : setAndBroadcastNetworkSetTime: time=1519156378913ms
02-20 19:52:57.501  1679  1691 D AlarmManagerService: Setting time of day to sec=1519156378
02-20 19:52:58.913  1679  1691 W AlarmManagerService: Unable to set rtc to 1519156378: No such device
02-20 19:52:58.934  1679  1679 V BackupManagerService: Connected to transport ComponentInfo{android/com.android.internal.backup.LocalTransportService}
02-20 19:52:58.934  1679  1679 V BackupManagerService: Registering transport android/com.android.internal.backup.LocalTransportService::android/com.android.internal.backup.LocalTransport = android.app.backup.BackupTransport$TransportImpl@54bb946
02-20 19:52:58.942  2086  2086 W System  : ClassLoader referenced unknown path: /system/priv-app/ContactsProvider/lib/x86_64
02-20 19:52:58.942  1679  1679 I backup_transport_lifecycle: [android/com.android.internal.backup.LocalTransportService,1]
02-20 19:52:58.956  1759  1759 I InputAttributes: InputType.TYPE_NULL is specified
02-20 19:52:58.961  2104  2104 W System  : ClassLoader referenced unknown path: /system/priv-app/PrebuiltGmsCore/lib/x86_64
02-20 19:52:58.995  1925  1925 I SST     : NITZ: after Setting time of day
02-20 19:52:58.996  1925  1925 D SST     : NITZ: end=15585 dur=143
02-20 19:52:58.998  1925  1925 D SST     : mDeviceShuttingDown=false, mDesiredPowerState=true, getRadioState=RADIO_ON, mPowerOffDelayNeed=true, mAlarmSwitch=false, mRadioDisabledByCarrier=false
02-20 19:52:58.998  1925  1925 D RILJ    : [3667]> OPERATOR [SUB0]
02-20 19:52:58.999  1374  1467 D RIL     : onRequest: OPERATOR
02-20 19:52:58.999  1374  1467 D AT      : AT> AT+COPS=3,0;+COPS?;+COPS=3,1;+COPS?;+COPS=3,2;+COPS?
02-20 19:52:58.999  1925  1925 D RILJ    : [3668]> DATA_REGISTRATION_STATE [SUB0]
02-20 19:52:58.999  1374  1470 D AT      : AT< +COPS: 0,0,"Android"
02-20 19:52:58.999  1374  1470 D AT      : AT< +COPS: 0,1,"Android"
02-20 19:52:58.999  1374  1470 D AT      : AT< +COPS: 0,2,"310260"
02-20 19:52:58.999  1374  1470 D AT      : AT< OK
02-20 19:52:58.999  1374  1467 D RIL     : onRequest: DATA_REGISTRATION_STATE
02-20 19:52:58.999  1374  1467 D RIL     : requestRegistrationState
02-20 19:52:58.999  1374  1467 D AT      : AT> AT+CGREG?
02-20 19:52:58.999  1925  1925 D RILJ    : [3669]> VOICE_REGISTRATION_STATE [SUB0]
02-20 19:52:58.999  1925  2004 D RILJ    : [3667]< OPERATOR {Android, Android, 310260} [SUB0]
02-20 19:52:58.999  1374  1470 D AT      : AT< +CGREG: 1,1,"0003","005b","000e"
02-20 19:52:58.999  1374  1470 D AT      : AT< OK
02-20 19:52:58.999  1374  1467 D RIL     : parseRegistrationState. Parsing: +CGREG: 1,1,"0003","005b","000e"
02-20 19:52:58.999  1374  1467 D RIL     : registration state type: 3GPP
02-20 19:52:59.002  1772  1772 E BluetoothAdapter: Bluetooth binder is null
02-20 19:52:59.002  1925  2004 D RILJ    : [3668]< DATA_REGISTRATION_STATE {1, 3, 5b, 14, null, null} [SUB0]
02-20 19:52:59.003  1374  1467 D RIL     : onRequest: VOICE_REGISTRATION_STATE
02-20 19:52:59.003  1374  1467 D RIL     : requestRegistrationState
02-20 19:52:59.003  1374  1467 D AT      : AT> AT+CREG?
02-20 19:52:59.003  1374  1470 D AT      : AT< +CREG: 2,1, "0003", "005b"
02-20 19:52:59.003  1374  1470 D AT      : AT< OK
02-20 19:52:59.003  1374  1467 D RIL     : parseRegistrationState. Parsing: +CREG: 2,1, "0003", "005b"
02-20 19:52:59.003  1374  1467 D RIL     : registration state type: 3GPP
02-20 19:52:59.003  1925  2004 D RILJ    : [3669]< VOICE_REGISTRATION_STATE {1, 3, 5b, 0, null, null, null, null, null, null, null, null, null, null, null} [SUB0]
02-20 19:52:59.003  1925  1925 D RILJ    : [3670]> QUERY_NETWORK_SELECTION_MODE [SUB0]
02-20 19:52:59.004  1374  1467 D RIL     : onRequest: QUERY_NETWORK_SELECTION_MODE
02-20 19:52:59.004  1374  1467 D AT      : AT> AT+COPS?
02-20 19:52:59.004  1925  1925 D SST     : onSignalStrengthResult() Exception from RIL : com.android.internal.telephony.CommandException: RADIO_NOT_AVAILABLE
02-20 19:52:59.004  1374  1470 D AT      : AT< +COPS: 0,2,310260
02-20 19:52:59.004  1374  1470 D AT      : AT< OK
02-20 19:52:59.004  1925  2004 D RILJ    : [3670]< QUERY_NETWORK_SELECTION_MODE {0} [SUB0]
02-20 19:52:59.016  1925  1925 D DCT     : [0]onRadioAvailable
02-20 19:52:59.016  1925  1925 D DCT     : [0]onRadioOffOrNotAvailable: is off and clean up all connections
02-20 19:52:59.016  1925  1925 D DCT     : [0]cleanUpAllConnections: tearDown=false reason=radioTurnedOff
02-20 19:52:59.016  1925  1925 D GsmCdmaPhone: [GsmCdmaPhone] getDataConnectionState apnType=default ret=DISCONNECTED
02-20 19:52:59.017  1925  1925 D DCT     : [0]cleanUpConnection: X tearDown=false reason=radioTurnedOff apnContext={mApnType=default mState=IDLE mWaitingApns={null} mApnSetting={null} mReason=radioTurnedOff mDataEnabled=false mDependencyMet=true} dcac=null
02-20 19:52:59.017  1925  1925 D GsmCdmaPhone: [GsmCdmaPhone] getDataConnectionState apnType=mms ret=DISCONNECTED
02-20 19:52:59.018  1925  1925 D DCT     : [0]cleanUpConnection: X tearDown=false reason=radioTurnedOff apnContext={mApnType=mms mState=IDLE mWaitingApns={null} mApnSetting={null} mReason=radioTurnedOff mDataEnabled=false mDependencyMet=true} dcac=null
02-20 19:52:59.018  1925  1925 D GsmCdmaPhone: [GsmCdmaPhone] getDataConnectionState apnType=cbs ret=DISCONNECTED
02-20 19:52:59.019  1925  1925 D DCT     : [0]cleanUpConnection: X tearDown=false reason=radioTurnedOff apnContext={mApnType=cbs mState=IDLE mWaitingApns={null} mApnSetting={null} mReason=radioTurnedOff mDataEnabled=false mDependencyMet=true} dcac=null
02-20 19:52:59.019  1925  1925 D GsmCdmaPhone: [GsmCdmaPhone] getDataConnectionState apnType=fota ret=DISCONNECTED
02-20 19:52:59.019  1925  1925 D DCT     : [0]cleanUpConnection: X tearDown=false reason=radioTurnedOff apnContext={mApnType=fota mState=IDLE mWaitingApns={null} mApnSetting={null} mReason=radioTurnedOff mDataEnabled=false mDependencyMet=true} dcac=null
02-20 19:52:59.019  1925  1925 D GsmCdmaPhone: [GsmCdmaPhone] getDataConnectionState apnType=supl ret=DISCONNECTED
02-20 19:52:59.020  1925  1925 D DCT     : [0]cleanUpConnection: X tearDown=false reason=radioTurnedOff apnContext={mApnType=supl mState=IDLE mWaitingApns={null} mApnSetting={null} mReason=radioTurnedOff mDataEnabled=false mDependencyMet=true} dcac=null
02-20 19:52:59.020  1925  1925 D GsmCdmaPhone: [GsmCdmaPhone] getDataConnectionState apnType=ia ret=DISCONNECTED
02-20 19:52:59.033  1925  1925 D DCT     : [0]cleanUpConnection: X tearDown=false reason=radioTurnedOff apnContext={mApnType=ia mState=IDLE mWaitingApns={null} mApnSetting={null} mReason=radioTurnedOff mDataEnabled=false mDependencyMet=true} dcac=null
02-20 19:52:59.033  1925  1925 D GsmCdmaPhone: [GsmCdmaPhone] getDataConnectionState apnType=emergency ret=DISCONNECTED
02-20 19:52:59.036  1925  1925 D DCT     : [0]cleanUpConnection: X tearDown=false reason=radioTurnedOff apnContext={mApnType=emergency mState=IDLE mWaitingApns={null} mApnSetting={null} mReason=radioTurnedOff mDataEnabled=false mDependencyMet=true} dcac=null
02-20 19:52:59.037  1925  1925 D GsmCdmaPhone: [GsmCdmaPhone] getDataConnectionState apnType=hipri ret=DISCONNECTED
02-20 19:52:59.043  1772  1772 I CameraManagerGlobal: Connecting to camera service
02-20 19:52:59.052  1365  1365 V EmulatedCamera_Camera: getCameraInfo
02-20 19:52:59.052  1365  1365 V EmulatedCamera_BaseCamera: getCameraInfo
02-20 19:52:59.052  1365  1365 I CameraService: getCameraCharacteristics: Switching to HAL1 shim implementation...
02-20 19:52:59.052  1365  1365 V EmulatedCamera_Camera: getCameraInfo
02-20 19:52:59.052  1365  1365 V EmulatedCamera_BaseCamera: getCameraInfo
02-20 19:52:59.052  1365  1365 I CameraService: CameraService::connect call (PID -1 "cameraserver", camera ID 0) for HAL version default and Camera API version 1
02-20 19:52:59.054  1365  1365 E CameraService: getCameraPriorityFromProcState: Received invalid process state -1 from ActivityManagerService!
02-20 19:52:59.054  1365  1365 V EmulatedCamera_Camera: getCameraInfo
02-20 19:52:59.054  1365  1365 V EmulatedCamera_BaseCamera: getCameraInfo
02-20 19:52:59.055  1925  1925 D DCT     : [0]cleanUpConnection: X tearDown=false reason=radioTurnedOff apnContext={mApnType=hipri mState=IDLE mWaitingApns={null} mApnSetting={null} mReason=radioTurnedOff mDataEnabled=false mDependencyMet=true} dcac=null
02-20 19:52:59.055  1925  1925 D GsmCdmaPhone: [GsmCdmaPhone] getDataConnectionState apnType=ims ret=DISCONNECTED
02-20 19:52:59.061  1925  1925 D DCT     : [0]cleanUpConnection: X tearDown=false reason=radioTurnedOff apnContext={mApnType=ims mState=IDLE mWaitingApns={null} mApnSetting={null} mReason=radioTurnedOff mDataEnabled=false mDependencyMet=true} dcac=null
02-20 19:52:59.061  1925  1925 D DCT     : [0]stopNetStatPoll
02-20 19:52:59.063  1363  1814 I art     : Starting a blocking GC HeapTrim
02-20 19:52:59.064  1925  1925 D DCT     : [0]cleanUpConnection: mDisconnectPendingCount = 0
02-20 19:52:59.064  1925  1925 D DCT     : [0]isDataAllowed: No - SIM not loaded - Not attached
02-20 19:52:59.067  2086  2086 I ContactsPerf: VoicemailContentProvider.onCreate start
02-20 19:52:59.071  1372  2137 E WVMExtractor: Failed to open libwvm.so: dlopen failed: library "libwvm.so" not found
02-20 19:52:59.071  2138  2138 W art     : Unexpected CPU variant for X86 using defaults: x86
02-20 19:52:59.072  1679  2098 D TelephonyRegistry: listen oscl: hasNotifySubscriptionInfoChangedOccurred==false no callback
02-20 19:52:59.073  1679  1693 I am_proc_start: [0,2138,10029,com.google.android.googlequicksearchbox:interactor,service,com.google.android.googlequicksearchbox/com.google.android.voiceinteraction.GsaVoiceInteractionService]
02-20 19:52:59.073  1679  1693 I ActivityManager: Start proc 2138:com.google.android.googlequicksearchbox:interactor/u0a29 for service com.google.android.googlequicksearchbox/com.google.android.voiceinteraction.GsaVoiceInteractionService
02-20 19:52:59.077  1372  2135 D NuPlayerDriver: notifyListener_l(0xe650c480), (1, 0, 0), loop setting(0, 0)
02-20 19:52:59.091  1372  2146 D NuPlayerDriver: notifyListener_l(0xe650c540), (1, 0, 0), loop setting(0, 0)
02-20 19:52:59.095  2086  2086 I ContactsPerf: VoicemailContentProvider.onCreate finish
02-20 19:52:59.096  1925  1939 D SubscriptionController: [getActiveSubInfoList] Sub Controller not ready
02-20 19:52:59.097  1925  1925 D DCT     : [0]onDataConnectionDetached: stop polling and notify detached
02-20 19:52:59.097  1925  1925 D DCT     : [0]stopNetStatPoll
02-20 19:52:59.098  1925  1925 D DCT     : [0]notifyDataConnection: reason=dataDetached
02-20 19:52:59.098  1925  1925 D DCT     : [0]isDataAllowed: No - SIM not loaded - Not attached
02-20 19:52:59.102  2086  2086 W System  : ClassLoader referenced unknown path: /system/priv-app/BlockedNumberProvider/lib/x86_64
02-20 19:52:59.103  2086  2086 D ApplicationLoaders: ignored Vulkan layer search path /system/priv-app/BlockedNumberProvider/lib/x86_64:/system/lib64:/vendor/lib64 for namespace 0x7ac158d750f0
02-20 19:52:59.121  1372  2155 D NuPlayerDriver: notifyListener_l(0xe650c5a0), (1, 0, 0), loop setting(0, 0)
02-20 19:52:59.123  1679  1693 I ActivityManager: Loading recents for user 0 into memory.
02-20 19:52:59.125  1365  1365 I CameraFlashlight: Opening camera 0
02-20 19:52:59.126  1365  1365 V EmulatedCamera_Camera: getCameraInfo
02-20 19:52:59.126  1365  1365 V EmulatedCamera_BaseCamera: getCameraInfo
02-20 19:52:59.126  1365  1365 V EmulatedCamera_Camera: connectCamera
02-20 19:52:59.126  1365  1365 V EmulatedCamera_FakeDevice: connectDevice
02-20 19:52:59.126  1365  1365 V EmulatedCamera_CallbackNotifier: setCallbacks: 0xeb505e80, 0xeb505ed0, 0xeb505ff0, 0xeb506110 (0xeafc3320)
02-20 19:52:59.126  1365  1365 V EmulatedCamera_CallbackNotifier: enableMessage: msg_type = 0xc0d
02-20 19:52:59.126  1365  1365 V EmulatedCamera_CallbackNotifier:     CAMERA_MSG_ERROR
02-20 19:52:59.126  1365  1365 V EmulatedCamera_CallbackNotifier:     CAMERA_MSG_FOCUS
