02-20 19:54:22.570  1919  1919 D SubscriptionController: notifySubscriptionInfoChanged:
02-20 19:54:22.576  1680  1680 I GnssLocationProvider: WakeLock acquired by sendMessage(12, 0, null)
02-20 19:54:22.578  1919  1940 D SubscriptionController: [getActiveSubInfoList] Sub Controller not ready
02-20 19:54:22.580  1919  1919 D SIMRecords: [SIMRecords] onAllRecordsLoaded set mcc imsi
02-20 19:54:22.580  1919  1919 D TelephonyManager: setTelephonyProperty: success phoneId=0 property=gsm.sim.operator.iso-country value: us propVal=us
02-20 19:54:22.582  1919  1919 D SST     : SubscriptionListener.onSubscriptionInfoChanged
02-20 19:54:22.582  1919  1919 D SIMRecords: [SIMRecords]  VoiceMessageCount from SIM MWIS = 0
02-20 19:54:22.582  1919  1919 E Phone   : getStoredVoiceMessageCount: invalid subId -2
02-20 19:54:22.582  1919  1919 D GsmCdmaPhone: [GsmCdmaPhone] updateVoiceMail countVoiceMessages = 0 subId -2
02-20 19:54:22.582  1919  1919 E Phone   : setVoiceMessageCount in sharedPreference: invalid subId -2
02-20 19:54:22.582  1919  1919 D DCT     : [0]SubscriptionListener.onSubscriptionInfoChanged
02-20 19:54:22.582  1919  1919 D SubscriptionController: [getActiveSubInfoList] Sub Controller not ready
02-20 19:54:22.583  1919  1919 D SubscriptionController: [getActiveSubInfoList] Sub Controller not ready
02-20 19:54:22.583  1919  1919 I Telephony: PstnIncomingCallNotifier: Unregistering: Handler (com.android.internal.telephony.GsmCdmaPhone) {5da3912}
02-20 19:54:22.583  1919  1919 E PhoneInterfaceManager: [PhoneIntfMgr] getIccId: No UICC
02-20 19:54:22.590  1680  1803 I Telecom : PhoneAccountRegistrar: [ComponentInfo{com.android.phone/com.android.services.telephony.TelephonyConnectionService}, [e0184adedf913b076626646d3f52c3b49c39ad6d], UserHandle{0}(addr: tel:*********** -> tel:)(icon: Icon(typ=BITMAP size=76x96) -> Icon(typ=BITMAP size=76x96))(subAddr: tel:*********** -> tel:)]: TSI.rPA@AAg
02-20 19:54:22.593  1680  1803 I Telecom : : Sending phone-account registered intent as user: TSI.rPA@AAg
02-20 19:54:22.594  1919  1919 I Telephony: AccountEntry: Registered phoneAccount: [[ ] PhoneAccount: ComponentInfo{com.android.phone/com.android.services.telephony.TelephonyConnectionService}, [e0184adedf913b076626646d3f52c3b49c39ad6d], UserHandle{0} Capabilities: CallProvider MultiUser PlaceEmerg SimSub  Schemes: tel voicemail  Extras: null GroupId: [da39a3ee5e6b4b0d3255bfef95601890afd80709]] with handle: ComponentInfo{com.android.phone/com.android.services.telephony.TelephonyConnectionService}, [e0184adedf913b076626646d3f52c3b49c39ad6d], UserHandle{0}
02-20 19:54:22.594  1919  1919 I Telephony: PstnIncomingCallNotifier: Registering: Handler (com.android.internal.telephony.GsmCdmaPhone) {5da3912}
02-20 19:54:22.596  1925  1925 I am_on_resume_called: [0,com.android.settings.FallbackHome,handleRelaunchActivity]
02-20 19:54:22.602  1919  1953 D SubscriptionController: [getPhoneId]- no sims, returning default phoneId=2147483647
02-20 19:54:22.603  1680  1697 I GnssLocationProvider: WakeLock released by handleMessage(12, 0, null)
02-20 19:54:22.606  1919  1919 D CAT     : CatService: handleMessage[20]
02-20 19:54:22.606  1919  1919 D GsmCdmaPhone: [GsmCdmaPhone] updateCurrentCarrierInProvider: mSubId = -2 currentDds = 1 operatorNumeric = 310260
02-20 19:54:22.606  1919  1919 D IccCardProxy: operator=310260 mPhoneId=0
02-20 19:54:22.606  1919  1919 D TelephonyManager: setTelephonyProperty: success phoneId=0 property=gsm.sim.operator.numeric value: 310260 propVal=310260
02-20 19:54:22.610  1919  1919 D TelephonyManager: setTelephonyProperty: success phoneId=0 property=gsm.sim.operator.iso-country value: us propVal=us
02-20 19:54:22.610  1919  1919 D IccCardProxy: Sending intent ACTION_INTERNAL_SIM_STATE_CHANGED for mPhoneId : 0
02-20 19:54:22.611  1919  1919 D SST     : EVENT_SIM_RECORDS_LOADED: what=16
02-20 19:54:22.611  1919  1919 D GsmCdmaPhone: [GsmCdmaPhone] updatePhoneObject: radioTechnology=0
02-20 19:54:22.611  1919  1919 D SST     : getOtasp: otasp not needed for GSM
02-20 19:54:22.611  1919  1919 D SST     : updateOtaspState: call notifyOtaspChanged old otaspMode=0 new otaspMode=3
02-20 19:54:22.611  1919  1919 D SIMRecords: [SIMRecords] getServiceProviderName: no brandOverride, providerName=Android
02-20 19:54:22.611  1919  1919 D SIMRecords: [SIMRecords] getServiceProviderName: no brandOverride, providerName=Android
02-20 19:54:22.611  1919  1919 D SST     : updateSpnDisplay: changed sending intent rule=1 showPlmn='false' plmn='Android' showSpn='true' spn='Android' dataSpn='Android' subId='-2'
02-20 19:54:22.612  1919  1919 D SubscriptionController: [setPlmnSpn] No valid subscription to store info
02-20 19:54:22.612  1919  1919 D SubscriptionController: notifySubscriptionInfoChanged:
02-20 19:54:22.613  1680  1680 I GnssLocationProvider: WakeLock acquired by sendMessage(12, 0, null)
02-20 19:54:22.614  1919  1955 D SubscriptionController: [getActiveSubInfoList] Sub Controller not ready
02-20 19:54:22.617  1919  1919 E PhoneInterfaceManager: [PhoneIntfMgr] getIccId: No UICC
02-20 19:54:22.623  1680  1803 I Telecom : PhoneAccountRegistrar: [ComponentInfo{com.android.phone/com.android.services.telephony.TelephonyConnectionService}, [e0184adedf913b076626646d3f52c3b49c39ad6d], UserHandle{0}(icon: Icon(typ=BITMAP size=76x96) -> Icon(typ=BITMAP size=76x96))]: TSI.rPA@AAs
02-20 19:54:22.625  1680  1803 I Telecom : : Sending phone-account registered intent as user: TSI.rPA@AAs
02-20 19:54:22.626  1919  1919 D SubscriptionInfoUpdater: [Receiver]+
02-20 19:54:22.626  1919  1919 D SubscriptionInfoUpdater: Action: android.intent.action.internal_sim_state_changed
02-20 19:54:22.626  1919  1919 D SubscriptionInfoUpdater: slotId: 0
02-20 19:54:22.626  1919  1919 D SubscriptionInfoUpdater: simStatus: LOADED
02-20 19:54:22.626  1919  1919 D SubscriptionInfoUpdater: [Receiver]-
02-20 19:54:22.626  1919  1919 D GsmCdmaPhone: [GsmCdmaPhone] phoneObjectUpdater: newVoiceRadioTech=0
02-20 19:54:22.627  1919  1953 D SubscriptionController: [getPhoneId]- no sims, returning default phoneId=2147483647
02-20 19:54:22.627  1919  1919 D GsmCdmaPhone: [GsmCdmaPhone] phoneObjectUpdater: volteReplacementRat=0
02-20 19:54:22.628  1919  1919 E GsmCdmaPhone: [GsmCdmaPhone] phoneObjectUpdater: newVoiceRadioTech=0 doesn't match either CDMA or GSM - error! No phone change
02-20 19:54:22.628  1919  1919 D SST     : SubscriptionListener.onSubscriptionInfoChanged
02-20 19:54:22.628  1919  1919 D DCT     : [0]SubscriptionListener.onSubscriptionInfoChanged
02-20 19:54:22.628  1919  1919 D SubscriptionController: [getActiveSubInfoList] Sub Controller not ready
02-20 19:54:22.628  1919  1919 D SubscriptionController: [getActiveSubInfoList] Sub Controller not ready
02-20 19:54:22.628  1919  1919 I Telephony: PstnIncomingCallNotifier: Unregistering: Handler (com.android.internal.telephony.GsmCdmaPhone) {5da3912}
02-20 19:54:22.629  1919  1919 E PhoneInterfaceManager: [PhoneIntfMgr] getIccId: No UICC
02-20 19:54:22.632  1680  1793 I Telecom : PhoneAccountRegistrar: [ComponentInfo{com.android.phone/com.android.services.telephony.TelephonyConnectionService}, [e0184adedf913b076626646d3f52c3b49c39ad6d], UserHandle{0}(icon: Icon(typ=BITMAP size=76x96) -> Icon(typ=BITMAP size=76x96))]: TSI.rPA@AAw
02-20 19:54:22.632  1765  1765 E BluetoothAdapter: Bluetooth binder is null
02-20 19:54:22.635  1680  1793 I Telecom : : Sending phone-account registered intent as user: TSI.rPA@AAw
02-20 19:54:22.636  1919  1919 I Telephony: AccountEntry: Registered phoneAccount: [[ ] PhoneAccount: ComponentInfo{com.android.phone/com.android.services.telephony.TelephonyConnectionService}, [e0184adedf913b076626646d3f52c3b49c39ad6d], UserHandle{0} Capabilities: CallProvider MultiUser PlaceEmerg SimSub  Schemes: tel voicemail  Extras: null GroupId: [da39a3ee5e6b4b0d3255bfef95601890afd80709]] with handle: ComponentInfo{com.android.phone/com.android.services.telephony.TelephonyConnectionService}, [e0184adedf913b076626646d3f52c3b49c39ad6d], UserHandle{0}
02-20 19:54:22.636  1919  1919 I Telephony: PstnIncomingCallNotifier: Registering: Handler (com.android.internal.telephony.GsmCdmaPhone) {5da3912}
02-20 19:54:22.637  1919  1919 D SubscriptionInfoUpdater: handleSimStateLoadedInternal: slotId: 0
02-20 19:54:22.637  1919  1919 D SubscriptionInfoUpdater: All IccIds query complete
02-20 19:54:22.637  1919  1919 D SubscriptionInfoUpdater: updateSubscriptionInfoByIccId:+ Start
02-20 19:54:22.638  1919  1919 D SubscriptionController: [clearSubInfo]- no simInfo size=0
02-20 19:54:22.638  1919  1919 D SubscriptionInfoUpdater: insertedSimCount = 1
02-20 19:54:22.638  1919  1919 D SubscriptionController: [getSubInfoUsingSlotIdWithCheck]+ slotId:0
02-20 19:54:22.640  1765  1765 I CameraManagerGlobal: Connecting to camera service
02-20 19:54:22.640  1919  1919 D SubscriptionController: [getPhoneId]- no sims, returning default phoneId=2147483647
02-20 19:54:22.640  1919  1919 D SubscriptionController: [getPhoneId]- no sims, returning default phoneId=2147483647
02-20 19:54:22.641  1919  1919 D SubscriptionController: [getPhoneId]- no sims, returning default phoneId=2147483647
02-20 19:54:22.642  1919  1919 D SubscriptionController: [getSubInfoUsingSlotId]- null info return
02-20 19:54:22.642  1919  1919 D SubscriptionInfoUpdater: updateSubscriptionInfoByIccId: oldSubId = 1
02-20 19:54:22.642  1919  1919 D SubscriptionInfoUpdater: updateSubscriptionInfoByIccId: oldIccId[0] = 89014103211118510720, sIccId[0] = 89014103211118510720
02-20 19:54:22.643  1919  1919 D SubscriptionController: [addSubInfoRecord]+ iccId:89014103211118510720 slotId:0
02-20 19:54:22.647  1366  1366 V EmulatedCamera_Camera: getCameraInfo
02-20 19:54:22.662  1919  1919 D SubscriptionController: [getActiveSubInfoList] Sub Controller not ready
02-20 19:54:22.662  1919  1919 D SubscriptionController: [addSubInfoRecord] Record already exists
02-20 19:54:22.663  1366  1366 V EmulatedCamera_BaseCamera: getCameraInfo
02-20 19:54:22.663  1366  1366 I CameraService: getCameraCharacteristics: Switching to HAL1 shim implementation...
02-20 19:54:22.663  1366  1366 V EmulatedCamera_Camera: getCameraInfo
02-20 19:54:22.663  1366  1366 V EmulatedCamera_BaseCamera: getCameraInfo
02-20 19:54:22.663  1366  1366 I CameraService: CameraService::connect call (PID -1 "cameraserver", camera ID 0) for HAL version default and Camera API version 1
02-20 19:54:22.664  1366  1366 E CameraService: getCameraPriorityFromProcState: Received invalid process state -1 from ActivityManagerService!
02-20 19:54:22.664  1366  1366 V EmulatedCamera_Camera: getCameraInfo
02-20 19:54:22.664  1366  1366 V EmulatedCamera_BaseCamera: getCameraInfo
02-20 19:54:22.670  1919  1919 D SubscriptionController: [addSubInfoRecord] sSlotIdxToSubId.size=1 slotId=0 subId=1 defaultSubId=1 simCount=1
02-20 19:54:22.671  1919  1919 D SubscriptionController: [setDefaultFallbackSubId] subId=1
02-20 19:54:22.671  1919  1919 D SubscriptionController: [setDefaultFallbackSubId] set mDefaultFallbackSubId=1
02-20 19:54:22.671  1919  1919 D MccTable: updateMccMncConfiguration mccmnc='310260' fromServiceState=false
02-20 19:54:22.676  1919  1919 D MccTable: updateMccMncConfiguration defaultMccMnc=310260
02-20 19:54:22.677  1919  1919 D MccTable: updateMccMncConfiguration: mcc=310, mnc=260
02-20 19:54:22.677  1919  1919 D MccTable: updateMccMncConfiguration updateConfig config={1.0 310mcc260mnc ?localeList ?layoutDir ?swdp ?wdp ?hdp ?density ?lsize ?long ?orien ?uimode ?night ?touch ?keyb/?/? ?nav/?}
02-20 19:54:22.680  1373  2094 E WVMExtractor: Failed to open libwvm.so: dlopen failed: library "libwvm.so" not found
02-20 19:54:22.680  1680  1697 I GnssLocationProvider: WakeLock released by handleMessage(12, 0, null)
02-20 19:54:22.692  1373  2093 D NuPlayerDriver: notifyListener_l(0xf4da9200), (1, 0, 0), loop setting(0, 0)
02-20 19:54:22.711  1373  2095 D NuPlayerDriver: notifyListener_l(0xf358c300), (1, 0, 0), loop setting(0, 0)
02-20 19:54:22.730  1373  2097 D NuPlayerDriver: notifyListener_l(0xf358c480), (1, 0, 0), loop setting(0, 0)
02-20 19:54:22.744  1366  1366 I CameraFlashlight: Opening camera 0
02-20 19:54:22.744  1366  1366 V EmulatedCamera_Camera: getCameraInfo
02-20 19:54:22.744  1366  1366 V EmulatedCamera_BaseCamera: getCameraInfo
02-20 19:54:22.744  1366  1366 V EmulatedCamera_Camera: connectCamera
02-20 19:54:22.744  1366  1366 V EmulatedCamera_FakeDevice: connectDevice
02-20 19:54:22.744  1366  1366 V EmulatedCamera_CallbackNotifier: setCallbacks: 0xf557ae80, 0xf557aed0, 0xf557aff0, 0xf557b110 (0xf4a43320)
02-20 19:54:22.744  1366  1366 V EmulatedCamera_CallbackNotifier: enableMessage: msg_type = 0xc0d
02-20 19:54:22.744  1366  1366 V EmulatedCamera_CallbackNotifier:     CAMERA_MSG_ERROR
02-20 19:54:22.744  1366  1366 V EmulatedCamera_CallbackNotifier:     CAMERA_MSG_FOCUS
02-20 19:54:22.744  1366  1366 V EmulatedCamera_CallbackNotifier:     CAMERA_MSG_ZOOM
02-20 19:54:22.744  1366  1366 V EmulatedCamera_CallbackNotifier:     CAMERA_MSG_PREVIEW_METADATA
02-20 19:54:22.744  1366  1366 V EmulatedCamera_CallbackNotifier: **** Currently enabled messages:
02-20 19:54:22.744  1366  1366 V EmulatedCamera_CallbackNotifier:     CAMERA_MSG_ERROR
02-20 19:54:22.744  1366  1366 V EmulatedCamera_CallbackNotifier:     CAMERA_MSG_FOCUS
02-20 19:54:22.744  1366  1366 V EmulatedCamera_CallbackNotifier:     CAMERA_MSG_ZOOM
02-20 19:54:22.744  1366  1366 V EmulatedCamera_CallbackNotifier:     CAMERA_MSG_PREVIEW_METADATA
02-20 19:54:22.744  1366  1366 V EmulatedCamera_CallbackNotifier: disableMessage: msg_type = 0xffff
02-20 19:54:22.744  1366  1366 V EmulatedCamera_CallbackNotifier:     CAMERA_MSG_ERROR
02-20 19:54:22.744  1366  1366 V EmulatedCamera_CallbackNotifier:     CAMERA_MSG_SHUTTER
02-20 19:54:22.744  1366  1366 V EmulatedCamera_CallbackNotifier:     CAMERA_MSG_FOCUS
02-20 19:54:22.744  1366  1366 V EmulatedCamera_CallbackNotifier:     CAMERA_MSG_ZOOM
02-20 19:54:22.744  1366  1366 V EmulatedCamera_CallbackNotifier:     CAMERA_MSG_PREVIEW_FRAME
02-20 19:54:22.744  1366  1366 V EmulatedCamera_CallbackNotifier:     CAMERA_MSG_VIDEO_FRAME
02-20 19:54:22.744  1366  1366 V EmulatedCamera_CallbackNotifier:     CAMERA_MSG_POSTVIEW_FRAME
02-20 19:54:22.744  1366  1366 V EmulatedCamera_CallbackNotifier:     CAMERA_MSG_RAW_IMAGE
02-20 19:54:22.744  1366  1366 V EmulatedCamera_CallbackNotifier:     CAMERA_MSG_COMPRESSED_IMAGE
02-20 19:54:22.744  1366  1366 V EmulatedCamera_CallbackNotifier:     CAMERA_MSG_RAW_IMAGE_NOTIFY
02-20 19:54:22.744  1366  1366 V EmulatedCamera_CallbackNotifier:     CAMERA_MSG_PREVIEW_METADATA
02-20 19:54:22.744  1366  1366 V EmulatedCamera_CallbackNotifier: **** Currently enabled messages:
02-20 19:54:22.744  1366  1366 V EmulatedCamera_Preview: setPreviewWindow: current: 0x0 -> new: 0x0
02-20 19:54:22.744  1366  1366 V EmulatedCamera_Camera: doStopPreview
02-20 19:54:22.745  1366  1366 V EmulatedCamera_Camera: cancelPicture
02-20 19:54:22.745  1366  1366 V EmulatedCamera_Camera: releaseCamera
02-20 19:54:22.745  1366  1366 V EmulatedCamera_Camera: doStopPreview
02-20 19:54:22.745  1366  1366 V EmulatedCamera_FakeDevice: disconnectDevice
02-20 19:54:22.745  1366  1366 W EmulatedCamera_Device: Initialize: Emulated camera device is already initialized: mState = 1
02-20 19:54:22.745  1366  1366 D EmulatedCamera_FakeCamera: Initialize: Fake camera is facing back
02-20 19:54:22.745  1366  1366 V EmulatedCamera_Device: initializeWhiteBalanceModes with auto, 1.000000, 1.000000
02-20 19:54:22.745  1366  1366 V EmulatedCamera_Device: initializeWhiteBalanceModes with incandescent, 1.380000, 0.600000
02-20 19:54:22.745  1366  1366 V EmulatedCamera_Device: initializeWhiteBalanceModes with daylight, 1.090000, 0.920000
02-20 19:54:22.745  1366  1366 V EmulatedCamera_Device: initializeWhiteBalanceModes with twilight, 0.920000, 1.220000
02-20 19:54:22.745  1366  1366 V EmulatedCamera_Device: setWhiteBalanceMode with white balance auto
02-20 19:54:22.745  1366  1366 I CameraFlashlight: Destroying camera 0
02-20 19:54:22.745  1366  1366 V EmulatedCamera_Camera: closeCamera
02-20 19:54:22.745  1366  1366 V EmulatedCamera_Camera: doStopPreview
02-20 19:54:22.745  1366  1366 W EmulatedCamera_Device: Initialize: Emulated camera device is already initialized: mState = 1
02-20 19:54:22.745  1366  1366 D EmulatedCamera_FakeCamera: Initialize: Fake camera is facing back
02-20 19:54:22.745  1366  1366 V EmulatedCamera_Device: initializeWhiteBalanceModes with auto, 1.000000, 1.000000
02-20 19:54:22.745  1366  1366 V EmulatedCamera_Device: initializeWhiteBalanceModes with incandescent, 1.380000, 0.600000
02-20 19:54:22.745  1366  1366 V EmulatedCamera_Device: initializeWhiteBalanceModes with daylight, 1.090000, 0.920000
02-20 19:54:22.745  1366  1366 V EmulatedCamera_Device: initializeWhiteBalanceModes with twilight, 0.920000, 1.220000
02-20 19:54:22.745  1366  1366 V EmulatedCamera_Device: setWhiteBalanceMode with white balance auto
02-20 19:54:22.753  1366  1366 I CameraService: disconnect: Disconnected client for camera 0 for PID 1366
02-20 19:54:22.753  1373  1908 D NuPlayerDriver: reset(0xf4da9200) at state 4
02-20 19:54:22.753  1373  1908 D NuPlayerDriver: notifyListener_l(0xf4da9200), (8, 0, 0), loop setting(0, 0)
02-20 19:54:22.754  1373  2093 D NuPlayerDriver: notifyResetComplete(0xf4da9200)
02-20 19:54:22.755  1373  1399 D NuPlayerDriver: reset(0xf358c300) at state 4
02-20 19:54:22.755  1373  1399 D NuPlayerDriver: notifyListener_l(0xf358c300), (8, 0, 0), loop setting(0, 0)
02-20 19:54:22.755  1373  2095 D NuPlayerDriver: notifyResetComplete(0xf358c300)
02-20 19:54:22.755  1373  1844 D NuPlayerDriver: reset(0xf358c480) at state 4
02-20 19:54:22.755  1373  1844 D NuPlayerDriver: notifyListener_l(0xf358c480), (8, 0, 0), loop setting(0, 0)
02-20 19:54:22.756  1373  2097 D NuPlayerDriver: notifyResetComplete(0xf358c480)
02-20 19:54:22.759  1366  1711 V EmulatedCamera_Camera: getCameraInfo
02-20 19:54:22.759  1366  1711 V EmulatedCamera_BaseCamera: getCameraInfo
02-20 19:54:22.760  1366  1366 V EmulatedCamera_Camera: getCameraInfo
02-20 19:54:22.760  1366  1366 V EmulatedCamera_BaseCamera: getCameraInfo
02-20 19:54:22.772  1765  1765 I StatusBar: isKeyguardShowing() called before startKeyguard(), returning true
02-20 19:54:22.772  1765  1765 W StatusBar: isKeyguardSecure() called before startKeyguard(), returning false
02-20 19:54:22.772  1765  1765 W StatusBar: java.lang.Throwable
02-20 19:54:22.772  1765  1765 W StatusBar: 	at com.android.systemui.statusbar.BaseStatusBar.isKeyguardSecure(BaseStatusBar.java:2647)
02-20 19:54:22.772  1765  1765 W StatusBar: 	at com.android.systemui.statusbar.BaseStatusBar.isCameraAllowedByAdmin(BaseStatusBar.java:2670)
02-20 19:54:22.772  1765  1765 W StatusBar: 	at com.android.systemui.statusbar.phone.KeyguardBottomAreaView.updateCameraVisibility(KeyguardBottomAreaView.java:309)
02-20 19:54:22.772  1765  1765 W StatusBar: 	at com.android.systemui.statusbar.phone.KeyguardBottomAreaView.setPhoneStatusBar(KeyguardBottomAreaView.java:272)
02-20 19:54:22.772  1765  1765 W StatusBar: 	at com.android.systemui.statusbar.phone.PhoneStatusBar.makeStatusBarView(PhoneStatusBar.java:904)
02-20 19:54:22.772  1765  1765 W StatusBar: 	at com.android.systemui.statusbar.phone.PhoneStatusBar.addStatusBarWindow(PhoneStatusBar.java:3432)
02-20 19:54:22.772  1765  1765 W StatusBar: 	at com.android.systemui.statusbar.phone.PhoneStatusBar.createAndAddWindows(PhoneStatusBar.java:3428)
02-20 19:54:22.772  1765  1765 W StatusBar: 	at com.android.systemui.statusbar.BaseStatusBar.start(BaseStatusBar.java:765)
02-20 19:54:22.772  1765  1765 W StatusBar: 	at com.android.systemui.statusbar.phone.PhoneStatusBar.start(PhoneStatusBar.java:686)
02-20 19:54:22.772  1765  1765 W StatusBar: 	at com.android.systemui.statusbar.SystemBars.createStatusBarFromConfig(SystemBars.java:106)
02-20 19:54:22.772  1765  1765 W StatusBar: 	at com.android.systemui.statusbar.SystemBars.onNoService(SystemBars.java:58)
02-20 19:54:22.772  1765  1765 W StatusBar: 	at com.android.systemui.statusbar.ServiceMonitor.startService(ServiceMonitor.java:230)
02-20 19:54:22.772  1765  1765 W StatusBar: 	at com.android.systemui.statusbar.ServiceMonitor.-wrap5(ServiceMonitor.java)
02-20 19:54:22.772  1765  1765 W StatusBar: 	at com.android.systemui.statusbar.ServiceMonitor$1.handleMessage(ServiceMonitor.java:73)
02-20 19:54:22.772  1765  1765 W StatusBar: 	at android.os.Handler.dispatchMessage(Handler.java:102)
02-20 19:54:22.772  1765  1765 W StatusBar: 	at android.os.Looper.loop(Looper.java:154)
02-20 19:54:22.772  1765  1765 W StatusBar: 	at android.app.ActivityThread.main(ActivityThread.java:6119)
02-20 19:54:22.772  1765  1765 W StatusBar: 	at java.lang.reflect.Method.invoke(Native Method)
02-20 19:54:22.772  1765  1765 W StatusBar: 	at com.android.internal.os.ZygoteInit$MethodAndArgsCaller.run(ZygoteInit.java:886)
02-20 19:54:22.772  1765  1765 W StatusBar: 	at com.android.internal.os.ZygoteInit.main(ZygoteInit.java:776)
02-20 19:54:22.773  1765  1765 I StatusBar: isKeyguardShowing() called before startKeyguard(), returning true
02-20 19:54:22.773  1765  1765 W StatusBar: isKeyguardSecure() called before startKeyguard(), returning false
02-20 19:54:22.773  1765  1765 W StatusBar: java.lang.Throwable
02-20 19:54:22.773  1765  1765 W StatusBar: 	at com.android.systemui.statusbar.BaseStatusBar.isKeyguardSecure(BaseStatusBar.java:2647)
02-20 19:54:22.773  1765  1765 W StatusBar: 	at com.android.systemui.statusbar.BaseStatusBar.isCameraAllowedByAdmin(BaseStatusBar.java:2670)
02-20 19:54:22.773  1765  1765 W StatusBar: 	at com.android.systemui.statusbar.phone.KeyguardBottomAreaView.updateCameraVisibility(KeyguardBottomAreaView.java:309)
02-20 19:54:22.773  1765  1765 W StatusBar: 	at com.android.systemui.statusbar.phone.KeyguardBottomAreaView.setUserSetupComplete(KeyguardBottomAreaView.java:281)
02-20 19:54:22.773  1765  1765 W StatusBar: 	at com.android.systemui.statusbar.phone.PhoneStatusBar.makeStatusBarView(PhoneStatusBar.java:905)
02-20 19:54:22.773  1765  1765 W StatusBar: 	at com.android.systemui.statusbar.phone.PhoneStatusBar.addStatusBarWindow(PhoneStatusBar.java:3432)
02-20 19:54:22.773  1765  1765 W StatusBar: 	at com.android.systemui.statusbar.phone.PhoneStatusBar.createAndAddWindows(PhoneStatusBar.java:3428)
02-20 19:54:22.773  1765  1765 W StatusBar: 	at com.android.systemui.statusbar.BaseStatusBar.start(BaseStatusBar.java:765)
02-20 19:54:22.773  1765  1765 W StatusBar: 	at com.android.systemui.statusbar.phone.PhoneStatusBar.start(PhoneStatusBar.java:686)
02-20 19:54:22.773  1765  1765 W StatusBar: 	at com.android.systemui.statusbar.SystemBars.createStatusBarFromConfig(SystemBars.java:106)
02-20 19:54:22.773  1765  1765 W StatusBar: 	at com.android.systemui.statusbar.SystemBars.onNoService(SystemBars.java:58)
02-20 19:54:22.773  1765  1765 W StatusBar: 	at com.android.systemui.statusbar.ServiceMonitor.startService(ServiceMonitor.java:230)
02-20 19:54:22.773  1765  1765 W StatusBar: 	at com.android.systemui.statusbar.ServiceMonitor.-wrap5(ServiceMonitor.java)
02-20 19:54:22.773  1765  1765 W StatusBar: 	at com.android.systemui.statusbar.ServiceMonitor$1.handleMessage(ServiceMonitor.java:73)
02-20 19:54:22.773  1765  1765 W StatusBar: 	at android.os.Handler.dispatchMessage(Handler.java:102)
02-20 19:54:22.773  1765  1765 W StatusBar: 	at android.os.Looper.loop(Looper.java:154)
02-20 19:54:22.773  1765  1765 W StatusBar: 	at android.app.ActivityThread.main(ActivityThread.java:6119)
02-20 19:54:22.773  1765  1765 W StatusBar: 	at java.lang.reflect.Method.invoke(Native Method)
02-20 19:54:22.773  1765  1765 W StatusBar: 	at com.android.internal.os.ZygoteInit$MethodAndArgsCaller.run(ZygoteInit.java:886)
02-20 19:54:22.773  1765  1765 W StatusBar: 	at com.android.internal.os.ZygoteInit.main(ZygoteInit.java:776)
02-20 19:54:22.788  1919  1919 D SubscriptionController: [setDefaultFallbackSubId] broadcast default subId changed phoneId=0 subId=1
02-20 19:54:22.790  1919  1919 D SubscriptionController: [addSubInfoRecord] one sim set defaults to subId=1
02-20 19:54:22.791  1919  1919 D SubscriptionController: [setDefaultDataSubId] num phones=1, subId=1
02-20 19:54:22.792  1919  1919 D SubscriptionController: [setDefaultDataSubId] phoneId=0 subId=1 RAF=1
02-20 19:54:22.792  1919  1919 D ProxyController: setRadioCapability: Already in requested configuration, nothing to do.
02-20 19:54:22.793  1919  1919 D SubscriptionController: [updateAllDataConnectionTrackers] sPhones.length=1
02-20 19:54:22.793  1919  1919 D SubscriptionController: [updateAllDataConnectionTrackers] phoneId=0
02-20 19:54:22.793  1919  1919 D DCT     : [0]update sub = 1
02-20 19:54:22.793  1919  1919 D DCT     : [0]update(): Active DDS, register for all events now!
02-20 19:54:22.793  1919  1919 D DCT     : [0]New records found.
02-20 19:54:22.793  1919  1919 D SST     : mDeviceShuttingDown=false, mDesiredPowerState=true, getRadioState=RADIO_ON, mPowerOffDelayNeed=true, mAlarmSwitch=false, mRadioDisabledByCarrier=false
02-20 19:54:22.805  1919  1919 D GsmCdmaPhone: [GsmCdmaPhone] updateCurrentCarrierInProvider: mSubId = 1 currentDds = 1 operatorNumeric = 310260
02-20 19:54:22.805  1919  1940 D RILJ    : [3737]> RIL_REQUEST_GET_CELL_INFO_LIST [SUB0]
02-20 19:54:22.805  1375  1455 D RIL     : onRequest: GET_CELL_INFO_LIST
02-20 19:54:22.805  1375  1455 D RILC    : responseCellInfoList: v12
02-20 19:54:22.807  1919  2004 D RILJ    : [3737]< RIL_REQUEST_GET_CELL_INFO_LIST [CellInfoGsm:{mRegistered=YES mTimeStampType=modem mTimeStamp=16988981910ns CellIdentityGsm:{ mMcc=310 mMnc=260 mLac=3 mCid=91 mArfcn=10 mBsic=0x0} CellSignalStrengthGsm: ss=404746680 ber=32670 mTa=413322364}] [SUB0]
02-20 19:54:22.812  1919  1953 D SubscriptionController: [getPhoneId] asked for default subId=1
02-20 19:54:22.818  1919  1919 D SubscriptionController: [broadcastDefaultDataSubIdChanged] subId=1
02-20 19:54:22.819  1919  1919 D SubscriptionController: [setDefaultSmsSubId] subId=1
02-20 19:54:22.820  1919  1919 D SubscriptionController: [broadcastDefaultSmsSubIdChanged] subId=1
02-20 19:54:22.820  1919  1919 D SubscriptionController: [setDefaultVoiceSubId] subId=1
02-20 19:54:22.820  1919  1919 D SubscriptionController: [broadcastDefaultVoiceSubIdChanged] subId=1
02-20 19:54:22.821  1919  1919 D SubscriptionController: [addSubInfoRecord] hashmap(0,1)
02-20 19:54:22.847  1366  1711 V EmulatedCamera_Camera: getCameraInfo
02-20 19:54:22.847  1366  1711 V EmulatedCamera_BaseCamera: getCameraInfo
02-20 19:54:22.847  1366  1366 V EmulatedCamera_Camera: getCameraInfo
02-20 19:54:22.847  1366  1366 V EmulatedCamera_BaseCamera: getCameraInfo
02-20 19:54:22.865  1919  1919 D SubscriptionController: [addSubInfoRecord] sim name = Android
02-20 19:54:22.865  1919  1919 D DCT     : [0]update sub = 1
02-20 19:54:22.865  1919  1919 D DCT     : [0]update(): Active DDS, register for all events now!
02-20 19:54:22.866  1919  1919 D GsmCdmaPhone: [GsmCdmaPhone] updateCurrentCarrierInProvider: mSubId = 1 currentDds = 1 operatorNumeric = 310260
02-20 19:54:22.949  1765  1765 I StatusBar: isKeyguardShowing() called before startKeyguard(), returning true
02-20 19:54:22.949  1765  1765 W StatusBar: isKeyguardSecure() called before startKeyguard(), returning false
02-20 19:54:22.949  1765  1765 W StatusBar: java.lang.Throwable
02-20 19:54:22.949  1765  1765 W StatusBar: 	at com.android.systemui.statusbar.BaseStatusBar.isKeyguardSecure(BaseStatusBar.java:2647)
02-20 19:54:22.949  1765  1765 W StatusBar: 	at com.android.systemui.statusbar.BaseStatusBar.isCameraAllowedByAdmin(BaseStatusBar.java:2670)
02-20 19:54:22.949  1765  1765 W StatusBar: 	at com.android.systemui.statusbar.phone.KeyguardBottomAreaView.updateCameraVisibility(KeyguardBottomAreaView.java:309)
02-20 19:54:22.949  1765  1765 W StatusBar: 	at com.android.systemui.statusbar.phone.KeyguardBottomAreaView.setUserSetupComplete(KeyguardBottomAreaView.java:281)
02-20 19:54:22.949  1765  1765 W StatusBar: 	at com.android.systemui.statusbar.phone.PhoneStatusBar$1.onChange(PhoneStatusBar.java:441)
02-20 19:54:22.949  1765  1765 W StatusBar: 	at com.android.systemui.statusbar.phone.PhoneStatusBar.resetUserSetupObserver(PhoneStatusBar.java:3676)
02-20 19:54:22.949  1765  1765 W StatusBar: 	at com.android.systemui.statusbar.phone.PhoneStatusBar.makeStatusBarView(PhoneStatusBar.java:1008)
02-20 19:54:22.949  1765  1765 W StatusBar: 	at com.android.systemui.statusbar.phone.PhoneStatusBar.addStatusBarWindow(PhoneStatusBar.java:3432)
02-20 19:54:22.949  1765  1765 W StatusBar: 	at com.android.systemui.statusbar.phone.PhoneStatusBar.createAndAddWindows(PhoneStatusBar.java:3428)
02-20 19:54:22.949  1765  1765 W StatusBar: 	at com.android.systemui.statusbar.BaseStatusBar.start(BaseStatusBar.java:765)
02-20 19:54:22.949  1765  1765 W StatusBar: 	at com.android.systemui.statusbar.phone.PhoneStatusBar.start(PhoneStatusBar.java:686)
02-20 19:54:22.949  1765  1765 W StatusBar: 	at com.android.systemui.statusbar.SystemBars.createStatusBarFromConfig(SystemBars.java:106)
02-20 19:54:22.949  1765  1765 W StatusBar: 	at com.android.systemui.statusbar.SystemBars.onNoService(SystemBars.java:58)
02-20 19:54:22.949  1765  1765 W StatusBar: 	at com.android.systemui.statusbar.ServiceMonitor.startService(ServiceMonitor.java:230)
02-20 19:54:22.949  1765  1765 W StatusBar: 	at com.android.systemui.statusbar.ServiceMonitor.-wrap5(ServiceMonitor.java)
02-20 19:54:22.949  1765  1765 W StatusBar: 	at com.android.systemui.statusbar.ServiceMonitor$1.handleMessage(ServiceMonitor.java:73)
02-20 19:54:22.949  1765  1765 W StatusBar: 	at android.os.Handler.dispatchMessage(Handler.java:102)
02-20 19:54:22.949  1765  1765 W StatusBar: 	at android.os.Looper.loop(Looper.java:154)
02-20 19:54:22.949  1765  1765 W StatusBar: 	at android.app.ActivityThread.main(ActivityThread.java:6119)
02-20 19:54:22.949  1765  1765 W StatusBar: 	at java.lang.reflect.Method.invoke(Native Method)
02-20 19:54:22.949  1765  1765 W StatusBar: 	at com.android.internal.os.ZygoteInit$MethodAndArgsCaller.run(ZygoteInit.java:886)
02-20 19:54:22.949  1765  1765 W StatusBar: 	at com.android.internal.os.ZygoteInit.main(ZygoteInit.java:776)
02-20 19:54:22.952  1765  1979 D OpenGLRenderer: profile bars disabled
02-20 19:54:22.952  1765  1979 D OpenGLRenderer: ambientRatio = 1.50
02-20 19:54:22.964  1925  1978 D EGL_emulation: eglMakeCurrent: 0x7595b0264320: ver 3 0 (tinfo 0x7595b020c880)
02-20 19:54:22.979  1919  1919 D SubscriptionController: [addSubInfoRecord]- info size=1
02-20 19:54:22.979  1919  1919 D SubscriptionInfoUpdater: newSim = false
02-20 19:54:22.979  1919  1919 D SubscriptionInfoUpdater: updateSubscriptionInfoByIccId: sInsertSimState[0] = 0
02-20 19:54:22.986  1765  1765 D PhoneStatusBar: disable: < EXPAND* icons alerts system_info BACK* HOME* RECENT* clock SEARCH* quick_settings >
02-20 19:54:22.987  1919  1919 D SubscriptionInfoUpdater: updateSubscriptionInfoByIccId: nSubCount = 1
02-20 19:54:22.988  1919  1919 D SubscriptionController: [setDefaultDataSubId] num phones=1, subId=1
02-20 19:54:22.989  1919  1919 D SubscriptionController: [setDefaultDataSubId] phoneId=0 subId=1 RAF=1
02-20 19:54:22.989  1919  1919 D ProxyController: setRadioCapability: Already in requested configuration, nothing to do.
02-20 19:54:22.989  1919  1919 D SubscriptionController: [updateAllDataConnectionTrackers] sPhones.length=1
02-20 19:54:22.989  1919  1919 D SubscriptionController: [updateAllDataConnectionTrackers] phoneId=0
02-20 19:54:22.989  1919  1919 D DCT     : [0]update sub = 1
02-20 19:54:22.989  1919  1919 D DCT     : [0]update(): Active DDS, register for all events now!
02-20 19:54:22.990  1919  1919 D GsmCdmaPhone: [GsmCdmaPhone] updateCurrentCarrierInProvider: mSubId = 1 currentDds = 1 operatorNumeric = 310260
02-20 19:54:23.013  1919  1919 D SubscriptionController: [broadcastDefaultDataSubIdChanged] subId=1
02-20 19:54:23.022  1765  2099 E ActivityThread: Failed to find provider info for com.android.contacts
02-20 19:54:23.025  1919  1919 D SubscriptionController: notifySubscriptionInfoChanged:
02-20 19:54:23.026  1680  1680 I GnssLocationProvider: WakeLock acquired by sendMessage(12, 0, null)
02-20 19:54:23.026  1919  2089 D SubscriptionMonitor: Phone[0] subId changed -2->1, 1 registrants
02-20 19:54:23.026  1919  2089 D SubscriptionMonitor: mDefaultDataSubId = 1, 1 registrants
02-20 19:54:23.027  1919  1919 D SubscriptionInfoUpdater: updateSubscriptionInfoByIccId:- SsubscriptionInfo update complete
02-20 19:54:23.027  1919  1919 D MccTable: updateMccMncConfiguration mccmnc='310260' fromServiceState=false
02-20 19:54:23.027  1919  1919 D MccTable: updateMccMncConfiguration defaultMccMnc=310260
02-20 19:54:23.027  1919  1919 D MccTable: updateMccMncConfiguration: mcc=310, mnc=260
02-20 19:54:23.027  1919  1919 D MccTable: updateMccMncConfiguration updateConfig config={1.0 310mcc260mnc ?localeList ?layoutDir ?swdp ?wdp ?hdp ?density ?lsize ?long ?orien ?uimode ?night ?touch ?keyb/?/? ?nav/?}
02-20 19:54:23.028  1919  1919 D SubscriptionController: [setMccMnc]+ mcc/mnc:310/260 subId:1
02-20 19:54:23.062  1919  1919 D SubscriptionController: notifySubscriptionInfoChanged:
02-20 19:54:23.063  1680  1680 I GnssLocationProvider: WakeLock acquired by sendMessage(12, 0, null)
02-20 19:54:23.072  1765  1765 D PhoneStatusBar: heads up is enabled
02-20 19:54:23.080  1919  1919 D SubscriptionController: [getActiveSubscriptionInfo]+ subId=1 subInfo={id=1, iccId=89014103211118510720 simSlotIndex=0 displayName=Android carrierName=Android nameSource=0 iconTint=-16746133 dataRoaming=0 iconBitmap=android.graphics.Bitmap@7957b07 mcc 310 mnc 260}
02-20 19:54:23.080  1919  1919 D SubscriptionInfoUpdater: sim name = Android
02-20 19:54:23.125  1919  1919 D SubscriptionInfoUpdater: Broadcasting intent ACTION_SIM_STATE_CHANGED LOADED reason null for mCardIndex: 0
02-20 19:54:23.126  1919  1919 D CarrierConfigLoader: update config for phoneId: 0 simState: LOADED
02-20 19:54:23.126  1919  1919 D CarrierSvcBindHelper: update binding for phoneId: 0 simState: LOADED
02-20 19:54:23.130  1680  1680 D WifiService: resetting networks because SIM was loaded
02-20 19:54:23.130  1680  1739 D WifiStateMachine: resetting EAP-SIM/AKA/AKA' networks since SIM was changed
02-20 19:54:23.138  2068  2068 I GAv4    : Google Analytics 9.2.56 is starting up. To enable debug logging on a device run:
02-20 19:54:23.138  2068  2068 I GAv4    :   adb shell setprop log.tag.GAv4 DEBUG
02-20 19:54:23.138  2068  2068 I GAv4    :   adb logcat -s GAv4
02-20 19:54:23.146  1680  1697 W GnssLocationProvider: Could not open GPS configuration file /etc/gps.conf
02-20 19:54:23.146  1680  1697 E GnssLocationProvider: no AGPS interface in set_agps_server
02-20 19:54:23.146  1680  1697 I GnssLocationProvider: WakeLock released by handleMessage(12, 0, null)
02-20 19:54:23.155  1765  1788 W art     : Suspending all threads took: 14.728ms
02-20 19:54:23.157  1765  1788 I art     : Background partial concurrent mark sweep GC freed 9794(1493KB) AllocSpace objects, 3(96KB) LOS objects, 26% free, 11MB/15MB, paused 14.946ms total 76.209ms
02-20 19:54:23.158  1919  1919 D SubscriptionController: [getActiveSubscriptionInfo]+ subId=1 subInfo={id=1, iccId=89014103211118510720 simSlotIndex=0 displayName=Android carrierName=Android nameSource=0 iconTint=-16746133 dataRoaming=0 iconBitmap=android.graphics.Bitmap@c7847d2 mcc 310 mnc 260}
02-20 19:54:23.186  1680  1961 I Telecom : PhoneAccountRegistrar: [ComponentInfo{com.android.phone/com.android.services.telephony.TelephonyConnectionService}, [e0184adedf913b076626646d3f52c3b49c39ad6d], UserHandle{0}(icon: Icon(typ=BITMAP size=76x96) -> Icon(typ=BITMAP size=76x96))]: TSI.rPA@ABE
02-20 19:54:23.188  1680  1961 I Telecom : : Sending phone-account registered intent as user: TSI.rPA@ABE
02-20 19:54:23.193  1919  1919 D DCT     : [0]onRecordsLoadedOrSubIdChanged: createAllApnList
02-20 19:54:23.193  1919  1919 D DCT     : [0]createAllApnList: selection=numeric = '310260'
02-20 19:54:23.209  1680  1697 W GnssLocationProvider: Could not open GPS configuration file /etc/gps.conf
02-20 19:54:23.209  1680  1697 E GnssLocationProvider: no AGPS interface in set_agps_server
02-20 19:54:23.209  1680  1697 I GnssLocationProvider: WakeLock released by handleMessage(12, 0, null)
02-20 19:54:23.209  1919  1919 D DCT     : [0]createApnList: X result=[[ApnSettingV3] T-Mobile US, 1, 310260, epc.tmobile.com, , http://mms.msg.eng.t-mobile.com/mms/wapenc, , , , -1, *, IP, IP, true, 0, 0, 0, false, 0, 0, 0, 0, , , false]
02-20 19:54:23.212  1919  1919 D TelephonyProvider: subIdString = 1 subId = 1
02-20 19:54:23.225  1919  1919 D DCT     : [0]getPreferredApn: mRequestedApnType=default cursor=android.content.ContentResolver$CursorWrapperInner@c9e015 cursor.count=1
02-20 19:54:23.225  1919  1919 D DCT     : [0]getPreferredApn: apnSetting=[ApnSettingV3] T-Mobile US, 1, 310260, epc.tmobile.com, , http://mms.msg.eng.t-mobile.com/mms/wapenc, , , , -1, *, IP, IP, true, 0, 0, 0, false, 0, 0, 0, 0, , , false
02-20 19:54:23.225  1919  1919 D DCT     : [0]getPreferredApn: X found apnSetting[ApnSettingV3] T-Mobile US, 1, 310260, epc.tmobile.com, , http://mms.msg.eng.t-mobile.com/mms/wapenc, , , , -1, *, IP, IP, true, 0, 0, 0, false, 0, 0, 0, 0, , , false
02-20 19:54:23.225  2068  2117 W GAv4    : AnalyticsReceiver is not registered or is disabled. Register the receiver for reliable dispatching on non-Google Play devices. See http://goo.gl/8Rd3yj for instructions.
02-20 19:54:23.225  1919  1919 D DCT     : [0]createAllApnList: mPreferredApn=[ApnSettingV3] T-Mobile US, 1, 310260, epc.tmobile.com, , http://mms.msg.eng.t-mobile.com/mms/wapenc, , , , -1, *, IP, IP, true, 0, 0, 0, false, 0, 0, 0, 0, , , false
02-20 19:54:23.225  1919  1919 D DCT     : [0]createAllApnList: X mAllApnSettings=[[ApnSettingV3] T-Mobile US, 1, 310260, epc.tmobile.com, , http://mms.msg.eng.t-mobile.com/mms/wapenc, , , , -1, *, IP, IP, true, 0, 0, 0, false, 0, 0, 0, 0, , , false]
02-20 19:54:23.225  1919  1919 D DCT     : [0]setDataProfilesAsNeeded
02-20 19:54:23.225  1919  1919 D DCT     : [0]setInitialApn: E mPreferredApn=[ApnSettingV3] T-Mobile US, 1, 310260, epc.tmobile.com, , http://mms.msg.eng.t-mobile.com/mms/wapenc, , , , -1, *, IP, IP, true, 0, 0, 0, false, 0, 0, 0, 0, , , false
02-20 19:54:23.225  1919  1919 D DCT     : [0]setInitialApn: firstApnSetting=[ApnSettingV3] T-Mobile US, 1, 310260, epc.tmobile.com, , http://mms.msg.eng.t-mobile.com/mms/wapenc, , , , -1, *, IP, IP, true, 0, 0, 0, false, 0, 0, 0, 0, , , false
02-20 19:54:23.225  1919  1919 D DCT     : [0]setInitialApn: defaultApnSetting=[ApnSettingV3] T-Mobile US, 1, 310260, epc.tmobile.com, , http://mms.msg.eng.t-mobile.com/mms/wapenc, , , , -1, *, IP, IP, true, 0, 0, 0, false, 0, 0, 0, 0, , , false
02-20 19:54:23.225  1919  1919 D DCT     : [0]setInitialAttachApn: using mPreferredApn
02-20 19:54:23.225  1919  1919 D DCT     : [0]setInitialAttachApn: X selected Apn=[ApnSettingV3] T-Mobile US, 1, 310260, epc.tmobile.com, , http://mms.msg.eng.t-mobile.com/mms/wapenc, , , , -1, *, IP, IP, true, 0, 0, 0, false, 0, 0, 0, 0, , , false
02-20 19:54:23.225  1919  1919 D RILJ    : Set RIL_REQUEST_SET_INITIAL_ATTACH_APN [SUB0]
02-20 19:54:23.225  1919  1919 D RILJ    : [3738]> RIL_REQUEST_SET_INITIAL_ATTACH_APN, apn:epc.tmobile.com, protocol:IP, authType:-1, username:none, password:none [SUB0]
02-20 19:54:23.226  1919  1919 D DCT     : [0]onRecordsLoadedOrSubIdChanged: notifying data availability
02-20 19:54:23.226  1375  1455 D RIL     : onRequest: RIL_REQUEST_SET_INITIAL_ATTACH_APN
02-20 19:54:23.226  1375  1455 D RIL     : Request not supported. Tech: 1
02-20 19:54:23.226  1919  2004 D RilRequest: [3738]< RIL_REQUEST_SET_INITIAL_ATTACH_APN error: com.android.internal.telephony.CommandException: REQUEST_NOT_SUPPORTED ret=
02-20 19:54:23.228  1680  1692 D TelephonyRegistry: Notify data connection state changed on sub: 1
02-20 19:54:23.228  1680  1692 D TelephonyRegistry: Notify data connection state changed on sub: 1
02-20 19:54:23.238  1680  1697 W GnssLocationProvider: Could not open GPS configuration file /etc/gps.conf
02-20 19:54:23.238  1680  1697 E GnssLocationProvider: no AGPS interface in set_agps_server
02-20 19:54:23.241  1919  1919 D DCT     : [0]setupDataOnConnectableApns: simLoaded hipri:[state=IDLE,enabled=false] mms:[state=IDLE,enabled=false] supl:[state=IDLE,enabled=false] ia:[state=IDLE,enabled=false] fota:[state=IDLE,enabled=false] ims:[state=IDLE,enabled=false] cbs:[state=IDLE,enabled=false] default:[state=IDLE,enabled=false] emergency:[state=IDLE,enabled=false] 
02-20 19:54:23.241  2068  2068 I AlarmClock: AlarmInitReceiver android.intent.action.TIME_SET
02-20 19:54:23.243  1919  1919 I Telephony: PstnIncomingCallNotifier: Unregistering: Handler (com.android.internal.telephony.GsmCdmaPhone) {5da3912}
02-20 19:54:23.254  1919  1919 D SubscriptionController: [getActiveSubscriptionInfo]+ subId=1 subInfo={id=1, iccId=89014103211118510720 simSlotIndex=0 displayName=Android carrierName=Android nameSource=0 iconTint=-16746133 dataRoaming=0 iconBitmap=android.graphics.Bitmap@9002b8 mcc 310 mnc 260}
02-20 19:54:23.263  1680  1705 I dvm_lock_sample: [system_server,1,android.display,77,WindowManagerService.java,8857,-,2857,15]
02-20 19:54:23.285  2068  2117 W GAv4    : CampaignTrackingReceiver is not registered, not exported or is disabled. Installation campaign tracking is not possible. See http://goo.gl/8Rd3yj for instructions.
02-20 19:54:23.289  1680  1970 I Telecom : PhoneAccountRegistrar: New phone account registered: [[ ] PhoneAccount: ComponentInfo{com.android.phone/com.android.services.telephony.TelephonyConnectionService}, [e2f7d48dd2b5ca523e7313cf4ba0f6ea830b6281], UserHandle{0} Capabilities: CallProvider MultiUser PlaceEmerg SimSub  Schemes: tel voicemail  Extras: null GroupId: [da39a3ee5e6b4b0d3255bfef95601890afd80709]]: TSI.rPA@ABI
02-20 19:54:23.294  1680  1970 I Telecom : : Sending phone-account registered intent as user: TSI.rPA@ABI
02-20 19:54:23.295  1919  1919 I Telephony: AccountEntry: Registered phoneAccount: [[ ] PhoneAccount: ComponentInfo{com.android.phone/com.android.services.telephony.TelephonyConnectionService}, [e2f7d48dd2b5ca523e7313cf4ba0f6ea830b6281], UserHandle{0} Capabilities: CallProvider MultiUser PlaceEmerg SimSub  Schemes: tel voicemail  Extras: null GroupId: [da39a3ee5e6b4b0d3255bfef95601890afd80709]] with handle: ComponentInfo{com.android.phone/com.android.services.telephony.TelephonyConnectionService}, [e2f7d48dd2b5ca523e7313cf4ba0f6ea830b6281], UserHandle{0}
02-20 19:54:23.295  1919  1919 I Telephony: PstnIncomingCallNotifier: Registering: Handler (com.android.internal.telephony.GsmCdmaPhone) {5da3912}
02-20 19:54:23.303  1919  1919 I Telephony: TelecomAccountRegistry: Unregistering phone account ComponentInfo{com.android.phone/com.android.services.telephony.TelephonyConnectionService}, [e0184adedf913b076626646d3f52c3b49c39ad6d], UserHandle{0}.
02-20 19:54:23.309  1313  2051 D gralloc_ranchu: gralloc_alloc: Creating ashmem region of size 15945728
02-20 19:54:23.310  1313  2051 D         : HostConnection::get() New Host Connection established 0x75ba2922fe20, tid 2051
02-20 19:54:23.312  1680  1970 I Telecom : : Sending phone-account unregistered intent as user: TSI.uPA@ABQ
02-20 19:54:23.313  1765  1765 I Choreographer: Skipped 43 frames!  The application may be doing too much work on its main thread.
02-20 19:54:23.341  1919  1919 D SST     : SubscriptionListener.onSubscriptionInfoChanged
02-20 19:54:23.341  1919  1940 D SST     : SST.getAllCellInfo(): return last, back to back calls
02-20 19:54:23.343  1919  1919 D PhoneFactory: calculatePreferredNetworkType: phoneSubId = 1 networkType = 0
02-20 19:54:23.343  1919  1919 D Phone   : setPreferredNetworkType: Abort, unknown RAF: 1 101902
02-20 19:54:23.343  1919  1953 D SST     : SST.getAllCellInfo(): return last, back to back calls
02-20 19:54:23.343  1919  1953 D SST     : SST.getAllCellInfo(): return last, back to back calls
02-20 19:54:23.345  1919  1919 D Phone   : setNetworkSelectionModeAutomatic, querying current mode
02-20 19:54:23.345  1919  1919 D RILJ    : [3739]> QUERY_NETWORK_SELECTION_MODE [SUB0]
02-20 19:54:23.345  1919  1919 D TelephonyManager: setTelephonyProperty: success phoneId=0 property=gsm.network.type value: LTE propVal=LTE
02-20 19:54:23.346  1919  1919 D SubscriptionController: [setCarrierText]+ text:Android subId:1
02-20 19:54:23.346  1375  1455 D RIL     : onRequest: QUERY_NETWORK_SELECTION_MODE
02-20 19:54:23.346  1375  1455 D AT      : AT> AT+COPS?
02-20 19:54:23.346  1375  1457 D AT      : AT< +COPS: 0,2,310260
02-20 19:54:23.346  1375  1457 D AT      : AT< OK
02-20 19:54:23.346  1919  2004 D RILJ    : [3739]< QUERY_NETWORK_SELECTION_MODE {0} [SUB0]
02-20 19:54:23.360  1919  1919 D SubscriptionController: notifySubscriptionInfoChanged:
02-20 19:54:23.361  1680  1680 I GnssLocationProvider: WakeLock acquired by sendMessage(12, 0, null)
02-20 19:54:23.362  1765  1765 D ViewRootImpl[StatusBar]: changeCanvasOpacity: opaque=true
02-20 19:54:23.362  1919  1919 D SIMRecords: [SIMRecords] getServiceProviderName: no brandOverride, providerName=Android
02-20 19:54:23.362  1919  1919 D SIMRecords: [SIMRecords] getServiceProviderName: no brandOverride, providerName=Android
02-20 19:54:23.362  1919  1919 D SST     : updateSpnDisplay: changed sending intent rule=1 showPlmn='false' plmn='Android' showSpn='true' spn='Android' dataSpn='Android' subId='1'
02-20 19:54:23.383  1919  1919 D SubscriptionController: [setCarrierText]+ text:Android subId:1
02-20 19:54:23.414  1919  1919 D SubscriptionController: notifySubscriptionInfoChanged:
02-20 19:54:23.415  1680  1680 I GnssLocationProvider: WakeLock acquired by sendMessage(12, 0, null)
02-20 19:54:23.415  1919  1919 D SIMRecords: [SIMRecords]  VoiceMessageCount from SIM MWIS = 0
02-20 19:54:23.416  1919  1919 D Phone   : getStoredVoiceMessageCount: from preference for subId 1= 0
02-20 19:54:23.416  1919  1919 D GsmCdmaPhone: [GsmCdmaPhone] updateVoiceMail countVoiceMessages = 0 subId 1
02-20 19:54:23.416  1919  1919 D Phone   : setVoiceMessageCount: Storing Voice Mail Count = 0 for mVmCountKey = vm_count_key1 in preferences.
02-20 19:54:23.418  1919  1919 D DCT     : [0]SubscriptionListener.onSubscriptionInfoChanged
02-20 19:54:23.425  1919  1919 D DCT     : [0]onRecordsLoadedOrSubIdChanged: createAllApnList
02-20 19:54:23.425  1919  1919 D DCT     : [0]createAllApnList: selection=numeric = '310260'
02-20 19:54:23.427  1919  1919 D DCT     : [0]createApnList: X result=[[ApnSettingV3] T-Mobile US, 1, 310260, epc.tmobile.com, , http://mms.msg.eng.t-mobile.com/mms/wapenc, , , , -1, *, IP, IP, true, 0, 0, 0, false, 0, 0, 0, 0, , , false]
02-20 19:54:23.429  1919  1919 D TelephonyProvider: subIdString = 1 subId = 1
02-20 19:54:23.431  1919  1919 D DCT     : [0]getPreferredApn: mRequestedApnType=default cursor=android.content.ContentResolver$CursorWrapperInner@2e470d0 cursor.count=1
02-20 19:54:23.431  1919  1919 D DCT     : [0]getPreferredApn: apnSetting=[ApnSettingV3] T-Mobile US, 1, 310260, epc.tmobile.com, , http://mms.msg.eng.t-mobile.com/mms/wapenc, , , , -1, *, IP, IP, true, 0, 0, 0, false, 0, 0, 0, 0, , , false
02-20 19:54:23.431  1919  1919 D DCT     : [0]getPreferredApn: X found apnSetting[ApnSettingV3] T-Mobile US, 1, 310260, epc.tmobile.com, , http://mms.msg.eng.t-mobile.com/mms/wapenc, , , , -1, *, IP, IP, true, 0, 0, 0, false, 0, 0, 0, 0, , , false
02-20 19:54:23.432  1919  1919 D DCT     : [0]createAllApnList: mPreferredApn=[ApnSettingV3] T-Mobile US, 1, 310260, epc.tmobile.com, , http://mms.msg.eng.t-mobile.com/mms/wapenc, , , , -1, *, IP, IP, true, 0, 0, 0, false, 0, 0, 0, 0, , , false
02-20 19:54:23.432  1919  1919 D DCT     : [0]createAllApnList: X mAllApnSettings=[[ApnSettingV3] T-Mobile US, 1, 310260, epc.tmobile.com, , http://mms.msg.eng.t-mobile.com/mms/wapenc, , , , -1, *, IP, IP, true, 0, 0, 0, false, 0, 0, 0, 0, , , false]
02-20 19:54:23.432  1919  1919 D DCT     : [0]setDataProfilesAsNeeded
02-20 19:54:23.432  1919  1919 D DCT     : [0]setInitialApn: E mPreferredApn=[ApnSettingV3] T-Mobile US, 1, 310260, epc.tmobile.com, , http://mms.msg.eng.t-mobile.com/mms/wapenc, , , , -1, *, IP, IP, true, 0, 0, 0, false, 0, 0, 0, 0, , , false
02-20 19:54:23.432  1919  1919 D DCT     : [0]setInitialApn: firstApnSetting=[ApnSettingV3] T-Mobile US, 1, 310260, epc.tmobile.com, , http://mms.msg.eng.t-mobile.com/mms/wapenc, , , , -1, *, IP, IP, true, 0, 0, 0, false, 0, 0, 0, 0, , , false
02-20 19:54:23.432  1919  1919 D DCT     : [0]setInitialApn: defaultApnSetting=[ApnSettingV3] T-Mobile US, 1, 310260, epc.tmobile.com, , http://mms.msg.eng.t-mobile.com/mms/wapenc, , , , -1, *, IP, IP, true, 0, 0, 0, false, 0, 0, 0, 0, , , false
02-20 19:54:23.432  1919  1919 D DCT     : [0]setInitialAttachApn: using mPreferredApn
02-20 19:54:23.432  1919  1919 D DCT     : [0]setInitialAttachApn: X selected Apn=[ApnSettingV3] T-Mobile US, 1, 310260, epc.tmobile.com, , http://mms.msg.eng.t-mobile.com/mms/wapenc, , , , -1, *, IP, IP, true, 0, 0, 0, false, 0, 0, 0, 0, , , false
02-20 19:54:23.432  1919  1919 D RILJ    : Set RIL_REQUEST_SET_INITIAL_ATTACH_APN [SUB0]
02-20 19:54:23.432  1919  1919 D RILJ    : [3740]> RIL_REQUEST_SET_INITIAL_ATTACH_APN, apn:epc.tmobile.com, protocol:IP, authType:-1, username:none, password:none [SUB0]
02-20 19:54:23.433  1375  1455 D RIL     : onRequest: RIL_REQUEST_SET_INITIAL_ATTACH_APN
02-20 19:54:23.433  1375  1455 D RIL     : Request not supported. Tech: 1
02-20 19:54:23.433  1919  2004 D RilRequest: [3740]< RIL_REQUEST_SET_INITIAL_ATTACH_APN error: com.android.internal.telephony.CommandException: REQUEST_NOT_SUPPORTED ret=
02-20 19:54:23.433  1919  1919 D DCT     : [0]onRecordsLoadedOrSubIdChanged: notifying data availability
02-20 19:54:23.462  1680  1705 I art     : Waiting for a blocking GC Explicit
02-20 19:54:23.501  1680  1705 I art     : WaitForGcToComplete blocked for 38.843ms for cause Explicit
