02-20 19:54:22.188  1919  1919 D SIMRecords: [SIMRecords] getServiceProviderName: no brandOverride, providerName=null
02-20 19:54:22.188  1919  1919 D SIMRecords: [SIMRecords] getServiceProviderName: no brandOverride, providerName=null
02-20 19:54:22.188  1919  1919 D SST     : updateSpnDisplay: changed sending intent rule=2 showPlmn='true' plmn='Android' showSpn='false' spn='null' dataSpn='null' subId='-2'
02-20 19:54:22.189  1919  1919 D SubscriptionController: [setPlmnSpn] No valid subscription to store info
02-20 19:54:22.189  1919  1919 D SubscriptionController: notifySubscriptionInfoChanged:
02-20 19:54:22.189  1680  1793 D TelephonyRegistry: notifySubscriptionInfoChanged: first invocation mRecords.size=16
02-20 19:54:22.189  1680  1680 I GnssLocationProvider: WakeLock acquired by sendMessage(12, 0, null)
02-20 19:54:22.190  1919  1919 D TelephonyManager: setTelephonyProperty: success phoneId=0 property=gsm.operator.alpha value: Android propVal=Android
02-20 19:54:22.190  1919  1919 D TelephonyManager: setTelephonyProperty: success phoneId=0 property=gsm.operator.numeric value: 310260 propVal=310260
02-20 19:54:22.190  1919  1919 D SST     : update mccmnc=310260 fromServiceState=true
02-20 19:54:22.190  1919  1953 D SubscriptionController: [getActiveSubInfoList] Sub Controller not ready
02-20 19:54:22.191  1919  1919 D MccTable: updateMccMncConfiguration mccmnc='310260' fromServiceState=true
02-20 19:54:22.191  1919  1919 D SubscriptionController: [getPhoneId]- no sims, returning default phoneId=2147483647
02-20 19:54:22.191  1919  1919 D MccTable: updateMccMncConfiguration defaultMccMnc=
02-20 19:54:22.191  1919  1919 D MccTable: updateMccMncConfiguration: mcc=310, mnc=260
02-20 19:54:22.191  1919  1919 D MccTable: WIFI_COUNTRY_CODE set to us
02-20 19:54:22.193  1680  1691 I WifiService: WifiService trying to set country code to us with persist set to false
02-20 19:54:22.196  1680  1691 D WifiCountryCode: Succeeded to set country code to: US
02-20 19:54:22.196  1919  1919 D TelephonyManager: setTelephonyProperty: success phoneId=0 property=gsm.operator.iso-country value: us propVal=us
02-20 19:54:22.202  1919  1919 D SST     : pollStateDone: there are 6 unique offsets for iso-cc='us testOneUniqueOffsetPath=false', do nothing
02-20 19:54:22.202  1919  1919 D SST     : shouldFixTimeZoneNow: retVal=true iccCardExist=true operatorNumeric=310260 mcc=310 prevOperatorNumeric= prevMcc=311 needToFixTimeZone=false ltod=02-20 19:54:22.202
02-20 19:54:22.202  1919  1919 D SST     : fixTimeZone zoneName='GMT' mZoneOffset=0 mZoneDst=false iso-cc='us' iso-cc-idx=-21
02-20 19:54:22.202  1919  1919 D SST     : fixTimeZone: using default TimeZone
02-20 19:54:22.202  1919  1919 D SST     : fixTimeZone: zone != null zone.getID=GMT
02-20 19:54:22.202  1919  1919 D SST     : setAndBroadcastNetworkSetTimeZone: setTimeZone=GMT
02-20 19:54:22.203  1680  1970 D AlarmManagerService: Kernel timezone updated to 0 minutes west of GMT
02-20 19:54:22.205  1919  1919 D SST     : setAndBroadcastNetworkSetTimeZone: call alarm.setTimeZone and broadcast zoneId=GMT
02-20 19:54:22.205  1919  1919 D TelephonyManager: setTelephonyProperty: success phoneId=0 property=gsm.operator.isroaming value: false propVal=false
02-20 19:54:22.205  1919  1919 D SST     : Broadcasting ServiceState : 0 0 voice home data home Android Android 310260 Android Android 310260  Unknown LTE CSS not supported -1 -1 RoamInd=-1 DefRoamInd=-1 EmergOnly=false IsDataRoamingFromRegistration=false IsUsingCarrierAggregation=false
02-20 19:54:22.205  1919  1919 D DefaultPhoneNotifier: nofityServiceState: mRegistry=com.android.internal.telephony.ITelephonyRegistry$Stub$Proxy@4ce93b ss=0 0 voice home data home Android Android 310260 Android Android 310260  Unknown LTE CSS not supported -1 -1 RoamInd=-1 DefRoamInd=-1 EmergOnly=false IsDataRoamingFromRegistration=false IsUsingCarrierAggregation=false sender=Handler (com.android.internal.telephony.GsmCdmaPhone) {5da3912} phondId=0 subId=-2
02-20 19:54:22.206  1919  1919 D SubscriptionController: [getSlotId]- subId invalid
02-20 19:54:22.206  1680  1803 D TelephonyManager: getSimState: default sim:-1, sim state for slotIdx=0 is 6, return state as unknown
02-20 19:54:22.217  1919  1919 D SST     : notifyDataRegStateRilRadioTechnologyChanged: drs=0 rat=14
02-20 19:54:22.218  1919  1919 D TelephonyManager: setTelephonyProperty: success phoneId=0 property=gsm.network.type value: LTE propVal=LTE
02-20 19:54:22.224  1919  1919 D DCT     : [0]get all active apn types
02-20 19:54:22.224  1919  1919 D SST     : getCellLocation(): X good mCellLoc=[3,91,-1]
02-20 19:54:22.224  1680  1793 D TelephonyRegistry: notifyCellLocationForSubscriber: subId=-2 cellLocation=Bundle[mParcelledData.dataSize=64]
02-20 19:54:22.224  1919  1919 D GsmCdmaCallTracker: Event EVENT_POLL_CALLS_RESULT Received
02-20 19:54:22.225  1919  1919 D GsmCdmaCallTracker: [GsmCdmaCallTracker] update phone state, old=IDLE new=IDLE
02-20 19:54:22.225  1919  1919 D RIL_ImsSms: IMS is NOT registered!
02-20 19:54:22.225  1919  1919 D CdmaSSM : CDMA_SUBSCRIPTION_SOURCE event = 2
02-20 19:54:22.225  1919  1919 W CdmaSSM : Unable to get CDMA Subscription Source, Exception: com.android.internal.telephony.CommandException: REQUEST_NOT_SUPPORTED, result: null
02-20 19:54:22.225  1919  1919 D GsmCdmaPhone: [GsmCdmaPhone] EVENT_REQUEST_VOICE_RADIO_TECH_DONE: newVoiceTech=11
02-20 19:54:22.225  1919  1919 D GsmCdmaPhone: [GsmCdmaPhone] phoneObjectUpdater: newVoiceRadioTech=11
02-20 19:54:22.225  1919  1919 D GsmCdmaPhone: [GsmCdmaPhone] phoneObjectUpdater: No change ignore, newVoiceRadioTech=11 mActivePhone=GSM
02-20 19:54:22.225  1919  1919 D UiccController: Received EVENT_GET_ICC_STATUS_DONE
02-20 19:54:22.225  1919  1919 D UiccCard: 2 applications
02-20 19:54:22.225  1919  1919 D UiccCardApplication: APPTYPE_SIM update. New {APPTYPE_SIM,APPSTATE_READY}
02-20 19:54:22.225  1919  1919 D UiccCardApplication: APPTYPE_SIM changed state: APPSTATE_DETECTED -> APPSTATE_READY
02-20 19:54:22.225  1919  1919 D RILJ    : [3685]> QUERY_FACILITY_LOCK [FD 7 null] [SUB0]
02-20 19:54:22.225  1919  1919 D RILJ    : [3686]> QUERY_FACILITY_LOCK [SC 7 null] [SUB0]
02-20 19:54:22.226  1375  1455 D RIL     : onRequest: QUERY_FACILITY_LOCK
02-20 19:54:22.226  1375  1455 D RIL     : Request not supported. Tech: 1
02-20 19:54:22.226  1919  2004 D RilRequest: [3685]< QUERY_FACILITY_LOCK error: com.android.internal.telephony.CommandException: REQUEST_NOT_SUPPORTED ret=
02-20 19:54:22.226  1375  1455 D RIL     : onRequest: QUERY_FACILITY_LOCK
02-20 19:54:22.226  1375  1455 D RIL     : Request not supported. Tech: 1
02-20 19:54:22.226  1919  2004 D RilRequest: [3686]< QUERY_FACILITY_LOCK error: com.android.internal.telephony.CommandException: REQUEST_NOT_SUPPORTED ret=
02-20 19:54:22.226  1919  1919 D UiccCardApplication: Notifying registrants: READY
02-20 19:54:22.226  1919  1919 D UiccCardApplication: APPTYPE_RUIM update. New {APPTYPE_RUIM,APPSTATE_READY}
02-20 19:54:22.226  1919  1919 D UiccCardApplication: APPTYPE_RUIM changed state: APPSTATE_DETECTED -> APPSTATE_READY
02-20 19:54:22.226  1919  1919 D RILJ    : [3687]> QUERY_FACILITY_LOCK [FD 7 null] [SUB0]
02-20 19:54:22.251  1375  1455 D RIL     : onRequest: QUERY_FACILITY_LOCK
02-20 19:54:22.251  1375  1455 D RIL     : Request not supported. Tech: 1
02-20 19:54:22.251  1919  1919 D RILJ    : [3688]> QUERY_FACILITY_LOCK [SC 7 null] [SUB0]
02-20 19:54:22.252  1919  2004 D RilRequest: [3687]< QUERY_FACILITY_LOCK error: com.android.internal.telephony.CommandException: REQUEST_NOT_SUPPORTED ret=
02-20 19:54:22.252  1919  1953 D SubscriptionController: [getPhoneId]- no sims, returning default phoneId=2147483647
02-20 19:54:22.253  1375  1455 D RIL     : onRequest: QUERY_FACILITY_LOCK
02-20 19:54:22.253  1375  1455 D RIL     : Request not supported. Tech: 1
02-20 19:54:22.253  1919  1919 D UiccCardApplication: Notifying registrants: READY
02-20 19:54:22.253  1919  1919 D UiccCard: Before privilege rules: Handler (com.android.internal.telephony.uicc.UiccCarrierPrivilegeRules) {e717858} : CARDSTATE_PRESENT
02-20 19:54:22.253  1919  1919 E UiccCard: App index 8 is invalid since there are no applications
02-20 19:54:22.253  1919  1919 D UiccCard: update: radioState=RADIO_ON mLastRadioState=RADIO_ON
02-20 19:54:22.253  1919  1919 D UiccController: Notifying IccChangedRegistrants
02-20 19:54:22.253  1919  1919 D GsmCdmaPhone: [GsmCdmaPhone] Event EVENT_REGISTERED_TO_NETWORK Received
02-20 19:54:22.253  1919  1919 D SST     : SubscriptionListener.onSubscriptionInfoChanged
02-20 19:54:22.253  1919  2004 D RilRequest: [3688]< QUERY_FACILITY_LOCK error: com.android.internal.telephony.CommandException: REQUEST_NOT_SUPPORTED ret=
02-20 19:54:22.253  1919  1919 E Phone   : getStoredVoiceMessageCount: invalid subId -2
02-20 19:54:22.253  1919  1919 D GsmCdmaPhone: [GsmCdmaPhone] updateVoiceMail countVoiceMessages = 0 subId -2
02-20 19:54:22.253  1919  1919 E Phone   : setVoiceMessageCount in sharedPreference: invalid subId -2
02-20 19:54:22.253  1919  1919 D DCT     : [0]SubscriptionListener.onSubscriptionInfoChanged
02-20 19:54:22.254  1919  1919 D SubscriptionController: [getActiveSubInfoList] Sub Controller not ready
02-20 19:54:22.254  1919  1919 D SubscriptionController: [getActiveSubInfoList] Sub Controller not ready
02-20 19:54:22.255  1919  1919 E PhoneInterfaceManager: [PhoneIntfMgr] getIccId: No UICC
02-20 19:54:22.274  1680  1961 I Telecom : PhoneAccountRegistrar: New phone account registered: [[ ] PhoneAccount: ComponentInfo{com.android.phone/com.android.services.telephony.TelephonyConnectionService}, [e0184adedf913b076626646d3f52c3b49c39ad6d], UserHandle{0} Capabilities: CallProvider MultiUser PlaceEmerg SimSub  Schemes: tel voicemail  Extras: null GroupId: [da39a3ee5e6b4b0d3255bfef95601890afd80709]]: TSI.rPA@AAM
02-20 19:54:22.283  1680  1961 I Telecom : : Sending phone-account registered intent as user: TSI.rPA@AAM
02-20 19:54:22.284  1919  1919 I Telephony: AccountEntry: Registered phoneAccount: [[ ] PhoneAccount: ComponentInfo{com.android.phone/com.android.services.telephony.TelephonyConnectionService}, [e0184adedf913b076626646d3f52c3b49c39ad6d], UserHandle{0} Capabilities: CallProvider MultiUser PlaceEmerg SimSub  Schemes: tel voicemail  Extras: null GroupId: [da39a3ee5e6b4b0d3255bfef95601890afd80709]] with handle: ComponentInfo{com.android.phone/com.android.services.telephony.TelephonyConnectionService}, [e0184adedf913b076626646d3f52c3b49c39ad6d], UserHandle{0}
02-20 19:54:22.288  1919  1919 I Telephony: PstnIncomingCallNotifier: Registering: Handler (com.android.internal.telephony.GsmCdmaPhone) {5da3912}
02-20 19:54:22.290  1919  1919 I Telephony: TelecomAccountRegistry: Unregistering phone account ComponentInfo{com.android.phone/com.android.services.telephony.TelephonyConnectionService}, [e2f7d48dd2b5ca523e7313cf4ba0f6ea830b6281], UserHandle{0}.
02-20 19:54:22.293  1680  1956 I Telecom : : Sending phone-account unregistered intent as user: TSI.uPA@AAU
02-20 19:54:22.293  1919  1919 D DCT     : [0]onDataConnectionAttached
02-20 19:54:22.294  1919  1919 D DCT     : [0]isDataAllowed: No - SIM not loaded
02-20 19:54:22.302  1919  1919 D DCT     : [0]setupDataOnConnectableApns: dataAttached hipri:[state=IDLE,enabled=false] mms:[state=IDLE,enabled=false] supl:[state=IDLE,enabled=false] ia:[state=IDLE,enabled=false] fota:[state=IDLE,enabled=false] ims:[state=IDLE,enabled=false] cbs:[state=IDLE,enabled=false] default:[state=IDLE,enabled=false] emergency:[state=IDLE,enabled=false] 
02-20 19:54:22.302  1919  1919 D DCT     : [0]setupDataOnConnectableApns: nwTypeChanged hipri:[state=IDLE,enabled=false] mms:[state=IDLE,enabled=false] supl:[state=IDLE,enabled=false] ia:[state=IDLE,enabled=false] fota:[state=IDLE,enabled=false] ims:[state=IDLE,enabled=false] cbs:[state=IDLE,enabled=false] default:[state=IDLE,enabled=false] emergency:[state=IDLE,enabled=false] 
02-20 19:54:22.302  1919  1919 D UiccCardApplication: Error in querying facility lock:com.android.internal.telephony.CommandException: REQUEST_NOT_SUPPORTED
02-20 19:54:22.302  1919  1919 D UiccCardApplication: Error in querying facility lock:com.android.internal.telephony.CommandException: REQUEST_NOT_SUPPORTED
02-20 19:54:22.302  1919  1919 D SIMRecords: [SIMRecords] fetchSimRecords 0
02-20 19:54:22.302  1919  1919 D RILJ    : [3689]> getIMSI: GET_IMSI aid: null [SUB0]
02-20 19:54:22.302  1919  1919 D RILJ    : [3690]> iccIO: SIM_IO 0xc0 0x2fe2  path: 3F00,0,0,15 aid: null [SUB0]
02-20 19:54:22.303  1375  1455 D RIL     : onRequest: GET_IMSI
02-20 19:54:22.303  1375  1455 D AT      : AT> AT+CIMI
02-20 19:54:22.303  1375  1457 D AT      : AT< 310260000000000
02-20 19:54:22.303  1375  1457 D AT      : AT< OK
02-20 19:54:22.303  1919  1919 D RILJ    : [3691]> iccIO: SIM_IO 0xc0 0x6f40  path: 3F007F10,0,0,15 aid: null [SUB0]
02-20 19:54:22.303  1375  1455 D RIL     : onRequest: SIM_IO
02-20 19:54:22.303  1375  1455 D AT      : AT> AT+CRSM=192,12258,0,0,15
02-20 19:54:22.303  1919  1919 D RILJ    : [3692]> iccIO: SIM_IO 0xc0 0x6fc9  path: 3F007F20,0,0,15 aid: null [SUB0]
02-20 19:54:22.303  1919  2004 D RILJ    : [3689]< GET_IMSI  [SUB0]
02-20 19:54:22.303  1375  1457 D AT      : AT< +CRSM: 144,0,0000000a2fe204000fa0aa01020000
02-20 19:54:22.303  1375  1457 D AT      : AT< OK
02-20 19:54:22.304  1375  1455 D RIL     : onRequest: SIM_IO
02-20 19:54:22.304  1375  1455 D AT      : AT> AT+CRSM=192,28480,0,0,15
02-20 19:54:22.304  1919  1919 D RILJ    : [3693]> iccIO: SIM_IO 0xc0 0x6fad  path: 3F007F20,0,0,15 aid: null [SUB0]
02-20 19:54:22.304  1375  1457 D AT      : AT< +CRSM: 144,0,000000806f40040011a0aa01020120
02-20 19:54:22.304  1375  1457 D AT      : AT< OK
02-20 19:54:22.304  1375  1455 D RIL     : onRequest: SIM_IO
02-20 19:54:22.304  1375  1455 D AT      : AT> AT+CRSM=192,28617,0,0,15
02-20 19:54:22.304  1375  1457 D AT      : AT< +CRSM: 144,0,000000086fc9040011a0aa01020104
02-20 19:54:22.304  1375  1457 D AT      : AT< OK
02-20 19:54:22.304  1919  1919 D RILJ    : [3694]> iccIO: SIM_IO 0xc0 0x6fca  path: 3F007F20,0,0,15 aid: null [SUB0]
02-20 19:54:22.304  1375  1455 D RIL     : onRequest: SIM_IO
02-20 19:54:22.304  1375  1455 D AT      : AT> AT+CRSM=192,28589,0,0,15
02-20 19:54:22.304  1375  1457 D AT      : AT< +CRSM: 144,0,000000046fad04000aa0aa01020000
02-20 19:54:22.304  1375  1457 D AT      : AT< OK
02-20 19:54:22.305  1919  1919 D RILJ    : [3695]> iccIO: SIM_IO 0xc0 0x6f11  path: 3F007F20,0,0,15 aid: null [SUB0]
02-20 19:54:22.305  1375  1455 D RIL     : onRequest: SIM_IO
02-20 19:54:22.305  1375  1455 D AT      : AT> AT+CRSM=192,28618,0,0,15
02-20 19:54:22.305  1375  1457 D AT      : AT< +CRSM: 144,0,0000000a6fca040011a0aa01020105
02-20 19:54:22.305  1375  1457 D AT      : AT< OK
02-20 19:54:22.305  1919  1919 D RILJ    : [3696]> iccIO: SIM_IO 0xc0 0x6fcb  path: 3F007F20,0,0,15 aid: null [SUB0]
02-20 19:54:22.305  1375  1455 D RIL     : onRequest: SIM_IO
02-20 19:54:22.305  1375  1455 D AT      : AT> AT+CRSM=192,28433,0,0,15
02-20 19:54:22.305  1375  1457 D AT      : AT< +CRSM: 144,0,000000016f11040011a0aa01020000
02-20 19:54:22.305  1375  1457 D AT      : AT< OK
02-20 19:54:22.305  1919  1919 D RILJ    : [3697]> iccIO: SIM_IO 0xc0 0x6f13  path: 3F007F20,0,0,15 aid: null [SUB0]
02-20 19:54:22.306  1375  1455 D RIL     : onRequest: SIM_IO
02-20 19:54:22.306  1375  1455 D AT      : AT> AT+CRSM=192,28619,0,0,15
02-20 19:54:22.306  1375  1457 D AT      : AT< ERROR: BAD COMMAND
02-20 19:54:22.306  1919  2004 D RILJ    : [3690]< SIM_IO IccIoResponse sw1:0x90 sw2:0x0 [SUB0]
02-20 19:54:22.306  1919  2004 D RILJ    : [3691]< SIM_IO IccIoResponse sw1:0x90 sw2:0x0 [SUB0]
02-20 19:54:22.306  1919  2004 D RILJ    : [3692]< SIM_IO IccIoResponse sw1:0x90 sw2:0x0 [SUB0]
02-20 19:54:22.306  1919  2004 D RILJ    : [3693]< SIM_IO IccIoResponse sw1:0x90 sw2:0x0 [SUB0]
02-20 19:54:22.306  1919  2004 D RILJ    : [3694]< SIM_IO IccIoResponse sw1:0x90 sw2:0x0 [SUB0]
02-20 19:54:22.306  1919  2004 D RILJ    : [3695]< SIM_IO IccIoResponse sw1:0x90 sw2:0x0 [SUB0]
02-20 19:54:22.307  1919  2004 D RilRequest: [3696]< SIM_IO error: com.android.internal.telephony.CommandException: GENERIC_FAILURE ret=
02-20 19:54:22.307  1375  1455 D RIL     : onRequest: SIM_IO
02-20 19:54:22.307  1375  1455 D AT      : AT> AT+CRSM=192,28435,0,0,15
02-20 19:54:22.308  1375  1457 D AT      : AT< +CRSM: 144,0,000000016f13040011a0aa01020000
02-20 19:54:22.308  1375  1457 D AT      : AT< OK
02-20 19:54:22.308  1919  2004 D RILJ    : [3697]< SIM_IO IccIoResponse sw1:0x90 sw2:0x0 [SUB0]
02-20 19:54:22.310  1919  1919 D RILJ    : [3698]> iccIO: SIM_IO 0xc0 0x6f46  path: 3F007F20,0,0,15 aid: null [SUB0]
02-20 19:54:22.311  1919  1919 D RILJ    : [3699]> iccIO: SIM_IO 0xc0 0x6fcd  path: 3F007F20,0,0,15 aid: null [SUB0]
02-20 19:54:22.311  1375  1455 D RIL     : onRequest: SIM_IO
02-20 19:54:22.311  1375  1455 D AT      : AT> AT+CRSM=192,28486,0,0,15
02-20 19:54:22.311  1375  1457 D AT      : AT< +CRSM: 148,4
02-20 19:54:22.311  1375  1457 D AT      : AT< OK
02-20 19:54:22.311  1919  2004 D RILJ    : [3698]< SIM_IO IccIoResponse sw1:0x94 sw2:0x4 [SUB0]
02-20 19:54:22.311  1919  1919 D RILJ    : [3700]> iccIO: SIM_IO 0xc0 0x6fc5  path: 3F007F20,0,0,15 aid: null [SUB0]
02-20 19:54:22.311  1375  1455 D RIL     : onRequest: SIM_IO
02-20 19:54:22.311  1375  1455 D AT      : AT> AT+CRSM=192,28621,0,0,15
02-20 19:54:22.311  1375  1457 D AT      : AT< +CRSM: 148,4
02-20 19:54:22.311  1375  1457 D AT      : AT< OK
02-20 19:54:22.311  2068  2068 W System  : ClassLoader referenced unknown path: /system/app/PrebuiltDeskClockGoogle/lib/x86_64
02-20 19:54:22.311  1919  1919 D RILJ    : [3701]> iccIO: SIM_IO 0xc0 0x6f38  path: 3F007F20,0,0,15 aid: null [SUB0]
02-20 19:54:22.312  1375  1455 D RIL     : onRequest: SIM_IO
02-20 19:54:22.312  1375  1455 D AT      : AT> AT+CRSM=192,28613,0,0,15
02-20 19:54:22.312  1375  1457 D AT      : AT< +CRSM: 144,0,000000f06fc504000aa0aa01020118
02-20 19:54:22.312  1375  1457 D AT      : AT< OK
02-20 19:54:22.312  1919  1919 D RILJ    : [3702]> iccIO: SIM_IO 0xc0 0x6f16  path: 3F007F20,0,0,15 aid: null [SUB0]
02-20 19:54:22.312  1375  1455 D RIL     : onRequest: SIM_IO
02-20 19:54:22.312  1375  1455 D AT      : AT> AT+CRSM=192,28472,0,0,15
02-20 19:54:22.312  1375  1457 D AT      : AT< +CRSM: 144,0,0000000f6f3804001aa0aa01020000
02-20 19:54:22.312  1375  1457 D AT      : AT< OK
02-20 19:54:22.312  1919  2004 D RILJ    : [3699]< SIM_IO IccIoResponse sw1:0x94 sw2:0x4 [SUB0]
02-20 19:54:22.315  1919  2004 D RILJ    : [3700]< SIM_IO IccIoResponse sw1:0x90 sw2:0x0 [SUB0]
02-20 19:54:22.315  1919  2004 D RILJ    : [3701]< SIM_IO IccIoResponse sw1:0x90 sw2:0x0 [SUB0]
02-20 19:54:22.315  1375  1455 D RIL     : onRequest: SIM_IO
02-20 19:54:22.315  1375  1455 D AT      : AT> AT+CRSM=192,28438,0,0,15
02-20 19:54:22.315  1375  1457 D AT      : AT< +CRSM: 144,0,000000026f1604001aa0aa01020000
02-20 19:54:22.315  1375  1457 D AT      : AT< OK
02-20 19:54:22.315  1919  2004 D RILJ    : [3702]< SIM_IO IccIoResponse sw1:0x90 sw2:0x0 [SUB0]
02-20 19:54:22.316  1919  1919 D RILJ    : [3703]> iccIO: SIM_IO 0xc0 0x6f15  path: 3F007F20,0,0,15 aid: null [SUB0]
02-20 19:54:22.317  1919  1919 D RILJ    : [3704]> iccIO: SIM_IO 0xc0 0x6f3e  path: 3F007F20,0,0,15 aid: null [SUB0]
02-20 19:54:22.317  1375  1455 D RIL     : onRequest: SIM_IO
02-20 19:54:22.317  1375  1455 D AT      : AT> AT+CRSM=192,28437,0,0,15
02-20 19:54:22.317  1375  1457 D AT      : AT< ERROR: BAD COMMAND
02-20 19:54:22.318  1919  2004 D RilRequest: [3703]< SIM_IO error: com.android.internal.telephony.CommandException: GENERIC_FAILURE ret=
02-20 19:54:22.318  1375  1455 D RIL     : onRequest: SIM_IO
02-20 19:54:22.318  1375  1455 D AT      : AT> AT+CRSM=192,28478,0,0,15
02-20 19:54:22.318  1919  1919 D RILJ    : [3705]> iccIO: SIM_IO 0xc0 0x6f3f  path: 3F007F20,0,0,15 aid: null [SUB0]
02-20 19:54:22.318  1375  1457 D AT      : AT< ERROR: BAD COMMAND
02-20 19:54:22.318  1375  1455 D RIL     : onRequest: SIM_IO
02-20 19:54:22.318  1375  1455 D AT      : AT> AT+CRSM=192,28479,0,0,15
02-20 19:54:22.318  1919  2004 D RilRequest: [3704]< SIM_IO error: com.android.internal.telephony.CommandException: GENERIC_FAILURE ret=
02-20 19:54:22.318  1919  1919 D SIMRecords: [SIMRecords] fetchSimRecords 17 requested: true
02-20 19:54:22.318  1919  1919 E IccCardProxy: setExternalState: set mPhoneId=0 mExternalState=READY
02-20 19:54:22.318  1375  1457 D AT      : AT< ERROR: BAD COMMAND
02-20 19:54:22.318  1919  1919 D TelephonyManager: setTelephonyProperty: success phoneId=0 property=gsm.sim.state value: READY propVal=READY
02-20 19:54:22.318  1919  2004 D RilRequest: [3705]< SIM_IO error: com.android.internal.telephony.CommandException: GENERIC_FAILURE ret=
02-20 19:54:22.319  1919  1919 D IccCardProxy: broadcastIccStateChangedIntent intent ACTION_SIM_STATE_CHANGED value=READY reason=null for mPhoneId=0
02-20 19:54:22.319  1919  1919 D RILJ    : [3706]> OPERATOR [SUB0]
02-20 19:54:22.319  1375  1455 D RIL     : onRequest: OPERATOR
02-20 19:54:22.320  1375  1455 D AT      : AT> AT+COPS=3,0;+COPS?;+COPS=3,1;+COPS?;+COPS=3,2;+COPS?
02-20 19:54:22.320  1919  1919 D RILJ    : [3707]> DATA_REGISTRATION_STATE [SUB0]
02-20 19:54:22.320  1919  1919 D RILJ    : [3708]> VOICE_REGISTRATION_STATE [SUB0]
02-20 19:54:22.320  1919  1919 D RILJ    : [3709]> QUERY_NETWORK_SELECTION_MODE [SUB0]
02-20 19:54:22.320  1919  1919 D UiccCardApplication: Error in querying facility lock:com.android.internal.telephony.CommandException: REQUEST_NOT_SUPPORTED
02-20 19:54:22.320  1919  1919 D RuimRecords: [RuimRecords] fetchRuimRecords 0
02-20 19:54:22.320  1919  1919 D RILJ    : [3710]> getIMSI: GET_IMSI aid: null [SUB0]
02-20 19:54:22.320  1375  1457 D AT      : AT< +COPS: 0,0,"Android"
02-20 19:54:22.320  1375  1457 D AT      : AT< +COPS: 0,1,"Android"
02-20 19:54:22.320  1919  1919 D RILJ    : [3711]> iccIO: SIM_IO 0xc0 0x2fe2  path: 3F00,0,0,15 aid: null [SUB0]
02-20 19:54:22.320  1375  1457 D AT      : AT< +COPS: 0,2,"310260"
02-20 19:54:22.320  1375  1457 D AT      : AT< OK
02-20 19:54:22.321  1375  1455 D RIL     : onRequest: DATA_REGISTRATION_STATE
02-20 19:54:22.321  1375  1455 D RIL     : requestRegistrationState
02-20 19:54:22.321  1375  1455 D AT      : AT> AT+CGREG?
02-20 19:54:22.321  1375  1457 D AT      : AT< +CGREG: 1,1,"0003","005b","000e"
02-20 19:54:22.321  1375  1457 D AT      : AT< OK
02-20 19:54:22.321  1919  2004 D RILJ    : [3706]< OPERATOR {Android, Android, 310260} [SUB0]
02-20 19:54:22.321  1375  1455 D RIL     : parseRegistrationState. Parsing: +CGREG: 1,1,"0003","005b","000e"
02-20 19:54:22.321  1375  1455 D RIL     : registration state type: 3GPP
02-20 19:54:22.321  1375  1455 D RIL     : onRequest: VOICE_REGISTRATION_STATE
02-20 19:54:22.321  1375  1455 D RIL     : requestRegistrationState
02-20 19:54:22.321  1375  1455 D AT      : AT> AT+CREG?
02-20 19:54:22.321  1375  1457 D AT      : AT< +CREG: 2,1, "0003", "005b"
02-20 19:54:22.321  1375  1457 D AT      : AT< OK
02-20 19:54:22.321  1919  2004 D RILJ    : [3707]< DATA_REGISTRATION_STATE {1, 3, 5b, 14, null, null} [SUB0]
02-20 19:54:22.321  1375  1455 D RIL     : parseRegistrationState. Parsing: +CREG: 2,1, "0003", "005b"
02-20 19:54:22.321  1375  1455 D RIL     : registration state type: 3GPP
02-20 19:54:22.321  1375  1455 D RIL     : onRequest: QUERY_NETWORK_SELECTION_MODE
02-20 19:54:22.321  1375  1455 D AT      : AT> AT+COPS?
02-20 19:54:22.321  1375  1457 D AT      : AT< +COPS: 0,2,310260
02-20 19:54:22.321  1375  1457 D AT      : AT< OK
02-20 19:54:22.321  1919  2004 D RILJ    : [3708]< VOICE_REGISTRATION_STATE {1, 3, 5b, 0, null, null, null, null, null, null, null, null, null, null, null} [SUB0]
02-20 19:54:22.321  1375  1455 D RIL     : onRequest: GET_IMSI
02-20 19:54:22.321  1375  1455 D AT      : AT> AT+CIMI
02-20 19:54:22.321  1375  1457 D AT      : AT< 310260000000000
02-20 19:54:22.321  1375  1457 D AT      : AT< OK
02-20 19:54:22.321  1919  2004 D RILJ    : [3709]< QUERY_NETWORK_SELECTION_MODE {0} [SUB0]
02-20 19:54:22.321  1919  2004 D RILJ    : [3710]< GET_IMSI  [SUB0]
02-20 19:54:22.321  1375  1455 D RIL     : onRequest: SIM_IO
02-20 19:54:22.321  1375  1455 D AT      : AT> AT+CRSM=192,12258,0,0,15
02-20 19:54:22.321  1375  1457 D AT      : AT< +CRSM: 144,0,0000000a2fe204000fa0aa01020000
02-20 19:54:22.321  1375  1457 D AT      : AT< OK
02-20 19:54:22.321  1919  1919 D RILJ    : [3712]> iccIO: SIM_IO 0xc0 0x2f05  path: 3F00,0,0,15 aid: null [SUB0]
02-20 19:54:22.322  1919  2004 D RILJ    : [3711]< SIM_IO IccIoResponse sw1:0x90 sw2:0x0 [SUB0]
02-20 19:54:22.322  1375  1455 D RIL     : onRequest: SIM_IO
02-20 19:54:22.322  1375  1455 D AT      : AT> AT+CRSM=192,12037,0,0,15
02-20 19:54:22.322  1375  1457 D AT      : AT< ERROR: BAD COMMAND
02-20 19:54:22.322  1919  1919 D RILJ    : [3713]> iccIO: SIM_IO 0xc0 0x6f3a  path: 3F007F25,0,0,15 aid: null [SUB0]
02-20 19:54:22.322  1919  2004 D RilRequest: [3712]< SIM_IO error: com.android.internal.telephony.CommandException: GENERIC_FAILURE ret=
02-20 19:54:22.322  1375  1455 D RIL     : onRequest: SIM_IO
02-20 19:54:22.322  1375  1455 D AT      : AT> AT+CRSM=192,28474,0,0,15
02-20 19:54:22.322  1375  1457 D AT      : AT< ERROR: BAD COMMAND
02-20 19:54:22.322  1919  1919 D RILJ    : [3714]> iccIO: SIM_IO 0xc0 0x6f41  path: 3F007F25,0,0,15 aid: null [SUB0]
02-20 19:54:22.322  1765  1765 I OpaLayout: Setting opa enabled to false
02-20 19:54:22.322  1919  2004 D RilRequest: [3713]< SIM_IO error: com.android.internal.telephony.CommandException: GENERIC_FAILURE ret=
02-20 19:54:22.322  1375  1455 D RIL     : onRequest: SIM_IO
02-20 19:54:22.322  1375  1455 D AT      : AT> AT+CRSM=192,28481,0,0,15
02-20 19:54:22.323  1375  1457 D AT      : AT< ERROR: BAD COMMAND
02-20 19:54:22.323  1919  1919 D RILJ    : [3715]> iccIO: SIM_IO 0xc0 0x6f44  path: 3F007F25,0,0,15 aid: null [SUB0]
02-20 19:54:22.323  1919  2004 D RilRequest: [3714]< SIM_IO error: com.android.internal.telephony.CommandException: GENERIC_FAILURE ret=
02-20 19:54:22.323  1375  1455 D RIL     : onRequest: SIM_IO
02-20 19:54:22.323  1375  1455 D AT      : AT> AT+CRSM=192,28484,0,0,15
02-20 19:54:22.323  1375  1457 D AT      : AT< ERROR: BAD COMMAND
02-20 19:54:22.323  1919  1919 D RILJ    : [3716]> iccIO: SIM_IO 0xc0 0x6f22  path: 3F007F25,0,0,15 aid: null [SUB0]
02-20 19:54:22.323  1919  2004 D RilRequest: [3715]< SIM_IO error: com.android.internal.telephony.CommandException: GENERIC_FAILURE ret=
02-20 19:54:22.323  1375  1455 D RIL     : onRequest: SIM_IO
02-20 19:54:22.323  1375  1455 D AT      : AT> AT+CRSM=192,28450,0,0,15
02-20 19:54:22.323  1375  1457 D AT      : AT< ERROR: BAD COMMAND
02-20 19:54:22.323  1919  1919 D RILJ    : [3717]> iccIO: SIM_IO 0xc0 0x6f28  path: 3F007F25,0,0,15 aid: null [SUB0]
02-20 19:54:22.324  1919  2004 D RilRequest: [3716]< SIM_IO error: com.android.internal.telephony.CommandException: GENERIC_FAILURE ret=
02-20 19:54:22.344  1375  1455 D RIL     : onRequest: SIM_IO
02-20 19:54:22.344  1375  1455 D AT      : AT> AT+CRSM=192,28456,0,0,15
02-20 19:54:22.344  1375  1457 D AT      : AT< ERROR: BAD COMMAND
02-20 19:54:22.345  1919  2004 D RilRequest: [3717]< SIM_IO error: com.android.internal.telephony.CommandException: GENERIC_FAILURE ret=
02-20 19:54:22.352  1919  1919 D RILJ    : [3718]> iccIO: SIM_IO 0xb0 0x6f5a  path: 3F007F25,0,0,4 aid: null [SUB0]
02-20 19:54:22.353  1765  1765 I OpaLayout: Setting opa enabled to false
02-20 19:54:22.353  1919  1919 D RILJ    : [3719]> iccIO: SIM_IO 0xc0 0x6f4d  path: 3F007F25,0,0,15 aid: null [SUB0]
02-20 19:54:22.353  1919  1919 D RuimRecords: [RuimRecords] fetchRuimRecords 10 requested: true
02-20 19:54:22.353  1375  1455 D RIL     : onRequest: SIM_IO
02-20 19:54:22.353  1375  1455 D AT      : AT> AT+CRSM=176,28506,0,0,4
02-20 19:54:22.353  1919  1919 D RILJ    : [3720]> RIL_REQUEST_CDMA_SUBSCRIPTION [SUB0]
02-20 19:54:22.354  1375  1457 D AT      : AT< ERROR: BAD COMMAND
02-20 19:54:22.354  1375  1455 D RIL     : onRequest: SIM_IO
02-20 19:54:22.354  1375  1455 D AT      : AT> AT+CRSM=192,28493,0,0,15
02-20 19:54:22.354  1919  1919 D GsmSMSDispatcher: GsmSMSDispatcher: subId = -2 slotId = 0
02-20 19:54:22.354  1919  1919 E IccCardProxy: setExternalState: !override and newstate unchanged from READY
02-20 19:54:22.354  1919  1919 D CAT     : CatService: handleMessage[8]
02-20 19:54:22.354  1919  1919 D CAT     : CatService: MSG_ID_ICC_CHANGED
02-20 19:54:22.354  1919  2004 D RilRequest: [3718]< SIM_IO error: com.android.internal.telephony.CommandException: GENERIC_FAILURE ret=
02-20 19:54:22.354  1919  1919 D CAT     : CatService: New Card State = CARDSTATE_PRESENT Old Card State = CARDSTATE_PRESENT
02-20 19:54:22.355  1375  1457 D AT      : AT< ERROR: BAD COMMAND
02-20 19:54:22.355  1919  2004 D RilRequest: [3719]< SIM_IO error: com.android.internal.telephony.CommandException: GENERIC_FAILURE ret=
02-20 19:54:22.355  1375  1455 D RIL     : onRequest: CDMA_SUBSCRIPTION
02-20 19:54:22.355  1375  1455 D RIL     : Request not supported. Tech: 1
02-20 19:54:22.355  1919  2004 D RilRequest: [3720]< RIL_REQUEST_CDMA_SUBSCRIPTION error: com.android.internal.telephony.CommandException: REQUEST_NOT_SUPPORTED ret=
02-20 19:54:22.356  1919  1919 D RILJ    : [3721]> RIL_REQUEST_SIM_CLOSE_CHANNEL [SUB0]
02-20 19:54:22.357  1919  1919 D UiccCardApplication: Error in querying facility lock:com.android.internal.telephony.CommandException: REQUEST_NOT_SUPPORTED
02-20 19:54:22.358  1375  1455 D RIL     : onRequest: SIM_CLOSE_CHANNEL
02-20 19:54:22.358  1375  1455 D AT      : AT> AT+CCHC=1
02-20 19:54:22.359  1375  1457 D AT      : AT< +CCHC
02-20 19:54:22.359  1375  1457 D AT      : AT< OK
02-20 19:54:22.359  1919  2004 D RILJ    : [3721]< RIL_REQUEST_SIM_CLOSE_CHANNEL  [SUB0]
02-20 19:54:22.366  1919  1919 E PhoneInterfaceManager: [PhoneIntfMgr] getIccId: No UICC
02-20 19:54:22.374  1680  1691 I Telecom : PhoneAccountRegistrar: [ComponentInfo{com.android.phone/com.android.services.telephony.TelephonyConnectionService}, [e0184adedf913b076626646d3f52c3b49c39ad6d], UserHandle{0}(icon: Icon(typ=BITMAP size=76x96) -> Icon(typ=BITMAP size=76x96))]: TSI.rPA@AAc
02-20 19:54:22.407  1680  1691 I Telecom : : Sending phone-account registered intent as user: TSI.rPA@AAc
02-20 19:54:22.410  1919  1919 D SIMRecords: [SIMRecords] IMSI: mMncLength=-1
02-20 19:54:22.412  1919  1919 D SIMRecords: [SIMRecords] IMSI: 310260[D1jVpVFfGoqdF5qliFi2ey-KM4g]
02-20 19:54:22.412  1919  1919 D SIMRecords: [SIMRecords] onRecordLoaded 16 requested: true
02-20 19:54:22.413  1919  1919 D RILJ    : [3722]> iccIO: SIM_IO 0xb0 0x2fe2  path: 3F00,0,0,10 aid: null [SUB0]
02-20 19:54:22.433  1680  1699 W WindowManager: Keyguard drawn timeout. Setting mKeyguardDrawComplete
02-20 19:54:22.461  1680  1697 I GnssLocationProvider: WakeLock released by handleMessage(12, 0, null)
02-20 19:54:22.462  1919  1919 D RILJ    : [3723]> iccIO: SIM_IO 0xb2 0x6f40  path: 3F007F10,1,4,32 aid: null [SUB0]
02-20 19:54:22.462  1375  1455 D RIL     : onRequest: SIM_IO
02-20 19:54:22.462  1375  1455 D AT      : AT> AT+CRSM=176,12258,0,0,10
02-20 19:54:22.462  1375  1457 D AT      : AT< +CRSM: 144,0,98101430121181157002
02-20 19:54:22.462  1375  1457 D AT      : AT< OK
02-20 19:54:22.463  1919  2004 D RILJ    : [3722]< SIM_IO IccIoResponse sw1:0x90 sw2:0x0 [SUB0]
02-20 19:54:22.463  1919  1919 D RILJ    : [3724]> iccIO: SIM_IO 0xb2 0x6fc9  path: 3F007F20,1,4,4 aid: null [SUB0]
02-20 19:54:22.463  1375  1455 D RIL     : onRequest: SIM_IO
02-20 19:54:22.464  1375  1455 D AT      : AT> AT+CRSM=178,28480,1,4,32
02-20 19:54:22.464  1919  1919 D RILJ    : [3725]> iccIO: SIM_IO 0xb0 0x6fad  path: 3F007F20,0,0,4 aid: null [SUB0]
02-20 19:54:22.464  1375  1457 D AT      : AT< +CRSM: 144,0,ffffffffffffffffffffffffffffffffffff07815155255155f4ffffffffffff
02-20 19:54:22.464  1375  1457 D AT      : AT< OK
02-20 19:54:22.464  1919  2004 D RILJ    : [3723]< SIM_IO IccIoResponse sw1:0x90 sw2:0x0 [SUB0]
02-20 19:54:22.465  1919  1919 D RILJ    : [3726]> iccIO: SIM_IO 0xb2 0x6fca  path: 3F007F20,1,4,5 aid: null [SUB0]
02-20 19:54:22.465  1375  1455 D RIL     : onRequest: SIM_IO
02-20 19:54:22.465  1375  1455 D AT      : AT> AT+CRSM=178,28617,1,4,4
02-20 19:54:22.465  1375  1457 D AT      : AT< +CRSM: 144,0,01000000
02-20 19:54:22.465  1375  1457 D AT      : AT< OK
02-20 19:54:22.466  1919  1919 D RILJ    : [3727]> iccIO: SIM_IO 0xb0 0x6f11  path: 3F007F20,0,0,1 aid: null [SUB0]
02-20 19:54:22.466  1375  1455 D RIL     : onRequest: SIM_IO
02-20 19:54:22.466  1375  1455 D AT      : AT> AT+CRSM=176,28589,0,0,4
02-20 19:54:22.466  1375  1457 D AT      : AT< +CRSM: 144,0,00000003
02-20 19:54:22.466  1375  1457 D AT      : AT< OK
02-20 19:54:22.466  1375  1455 D RIL     : onRequest: SIM_IO
02-20 19:54:22.466  1375  1455 D AT      : AT> AT+CRSM=178,28618,1,4,5
02-20 19:54:22.466  1919  1919 D RILJ    : [3728]> iccIO: SIM_IO 0xb0 0x6f13  path: 3F007F20,0,0,1 aid: null [SUB0]
02-20 19:54:22.466  1375  1457 D AT      : AT< +CRSM: 144,0,0000000000
02-20 19:54:22.466  1375  1457 D AT      : AT< OK
02-20 19:54:22.466  1919  2004 D RILJ    : [3724]< SIM_IO IccIoResponse sw1:0x90 sw2:0x0 [SUB0]
02-20 19:54:22.469  1919  2004 D RILJ    : [3725]< SIM_IO IccIoResponse sw1:0x90 sw2:0x0 [SUB0]
02-20 19:54:22.469  1919  2004 D RILJ    : [3726]< SIM_IO IccIoResponse sw1:0x90 sw2:0x0 [SUB0]
02-20 19:54:22.469  1919  1919 D RILJ    : [3729]> iccIO: SIM_IO 0xb2 0x6fc5  path: 3F007F20,1,4,24 aid: null [SUB0]
02-20 19:54:22.469  1919  1919 D RILJ    : [3730]> iccIO: SIM_IO 0xb0 0x6f38  path: 3F007F20,0,0,15 aid: null [SUB0]
02-20 19:54:22.469  1919  1919 D RILJ    : [3731]> iccIO: SIM_IO 0xb0 0x6f16  path: 3F007F20,0,0,2 aid: null [SUB0]
02-20 19:54:22.469  1919  1919 D SubscriptionInfoUpdater: [Receiver]+
02-20 19:54:22.469  1919  1919 D SubscriptionInfoUpdater: Action: android.intent.action.SIM_STATE_CHANGED
02-20 19:54:22.469  1919  1919 D SubscriptionInfoUpdater: slotId: 0
02-20 19:54:22.469  1919  1919 D SubscriptionInfoUpdater: simStatus: READY
02-20 19:54:22.469  1919  1919 D SubscriptionInfoUpdater: Ignoring simStatus: READY
02-20 19:54:22.469  1919  1919 D SubscriptionInfoUpdater: [Receiver]-
02-20 19:54:22.469  1919  1919 E SST     : error parsing GprsRegistrationState: java.lang.NumberFormatException: null
02-20 19:54:22.469  1919  1919 D SST     : handlPollStateResultMessage: GsmSST setDataRegState=0 regState=1 dataRadioTechnology=14
02-20 19:54:22.469  1919  1919 D SST     : EVENT_POLL_STATE_NETWORK_SELECTION_MODE
02-20 19:54:22.470  1919  1919 D SST     : Poll ServiceState done:  oldSS=[0 0 voice home data home Android Android 310260 Android Android 310260  Unknown LTE CSS not supported -1 -1 RoamInd=-1 DefRoamInd=-1 EmergOnly=false IsDataRoamingFromRegistration=false IsUsingCarrierAggregation=false] newSS=[0 0 voice home data home Android Android 310260 Android Android 310260  Unknown LTE CSS not supported -1 -1 RoamInd=-1 DefRoamInd=-1 EmergOnly=false IsDataRoamingFromRegistration=false IsUsingCarrierAggregation=false] oldMaxDataCalls=1 mNewMaxDataCalls=1 oldReasonDataDenied=-1 mNewReasonDataDenied=-1
02-20 19:54:22.470  1919  1919 D RuimRecords: [RuimRecords] NO update mccmnc=310260
02-20 19:54:22.470  1919  1919 D RuimRecords: [RuimRecords] onRecordLoaded 9 requested: true
02-20 19:54:22.470  1919  1919 D RILJ    : [3732]> iccIO: SIM_IO 0xb0 0x2fe2  path: 3F00,0,0,10 aid: null [SUB0]
02-20 19:54:22.471  1919  1919 D IccCardProxy: broadcastIccStateChangedIntent intent ACTION_SIM_STATE_CHANGED value=IMSI reason=null for mPhoneId=0
02-20 19:54:22.472  1919  1919 D SIMRecords: [SIMRecords] onRecordLoaded 15 requested: true
02-20 19:54:22.472  1919  1919 D RILJ    : [3733]> iccIO: SIM_IO 0xc0 0x6f14  path: 3F007F20,0,0,15 aid: null [SUB0]
02-20 19:54:22.472  1919  1919 D SIMRecords: [SIMRecords] onRecordLoaded 15 requested: true
02-20 19:54:22.472  1919  1919 D SIMRecords: [SIMRecords] onRecordLoaded 14 requested: true
02-20 19:54:22.472  1919  1919 E SIMRecords: [SIMRecords] Exception in fetching EF_CSP data com.android.internal.telephony.CommandException: GENERIC_FAILURE
02-20 19:54:22.472  1919  1919 D SIMRecords: [SIMRecords] onRecordLoaded 13 requested: true
02-20 19:54:22.472  1919  1919 E SIMRecords: [SIMRecords] Exception in get GID1 com.android.internal.telephony.CommandException: GENERIC_FAILURE
02-20 19:54:22.472  1919  1919 D SIMRecords: [SIMRecords] onRecordLoaded 12 requested: true
02-20 19:54:22.472  1919  1919 E SIMRecords: [SIMRecords] Exception in get GID2 com.android.internal.telephony.CommandException: GENERIC_FAILURE
02-20 19:54:22.472  1919  1919 D SIMRecords: [SIMRecords] onRecordLoaded 11 requested: true
02-20 19:54:22.472  1919  1919 D RuimRecords: [RuimRecords] EF_PL LOADED
02-20 19:54:22.472  1919  1919 E RuimRecords: [RuimRecords] Record Load Exception: com.android.internal.telephony.CommandException: GENERIC_FAILURE
02-20 19:54:22.472  1919  1919 D RuimRecords: [RuimRecords] onRecordLoaded 8 requested: true
02-20 19:54:22.472  1919  1919 D RuimRecords: [RuimRecords] EF_CSIM_LI LOADED
02-20 19:54:22.472  1919  1919 E RuimRecords: [RuimRecords] Record Load Exception: com.android.internal.telephony.CommandException: GENERIC_FAILURE
02-20 19:54:22.472  1919  1919 D RuimRecords: [RuimRecords] onRecordLoaded 7 requested: true
02-20 19:54:22.472  1919  1919 D RuimRecords: [RuimRecords] EF_CSIM_SPN LOADED
02-20 19:54:22.472  1919  1919 E RuimRecords: [RuimRecords] Record Load Exception: com.android.internal.telephony.CommandException: GENERIC_FAILURE
02-20 19:54:22.472  1919  1919 D RuimRecords: [RuimRecords] onRecordLoaded 6 requested: true
02-20 19:54:22.472  1919  1919 D RuimRecords: [RuimRecords] EF_CSIM_MDN LOADED
02-20 19:54:22.472  1919  1919 E RuimRecords: [RuimRecords] Record Load Exception: com.android.internal.telephony.CommandException: GENERIC_FAILURE
02-20 19:54:22.472  1919  1919 D RuimRecords: [RuimRecords] onRecordLoaded 5 requested: true
02-20 19:54:22.472  1919  1919 D RuimRecords: [RuimRecords] EF_CSIM_IMSIM LOADED
02-20 19:54:22.472  1919  1919 E RuimRecords: [RuimRecords] Record Load Exception: com.android.internal.telephony.CommandException: GENERIC_FAILURE
02-20 19:54:22.472  1919  1919 D RuimRecords: [RuimRecords] onRecordLoaded 4 requested: true
02-20 19:54:22.472  1919  1919 D RuimRecords: [RuimRecords] EF_CSIM_CDMAHOME LOADED
02-20 19:54:22.472  1919  1919 E RuimRecords: [RuimRecords] Record Load Exception: com.android.internal.telephony.CommandException: GENERIC_FAILURE
02-20 19:54:22.472  1919  1919 D RuimRecords: [RuimRecords] onRecordLoaded 3 requested: true
02-20 19:54:22.472  1919  1919 D RuimRecords: [RuimRecords] EF_CSIM_EPRL LOADED
02-20 19:54:22.472  1919  1919 E RuimRecords: [RuimRecords] Record Load Exception: com.android.internal.telephony.CommandException: GENERIC_FAILURE
02-20 19:54:22.472  1919  1919 D RuimRecords: [RuimRecords] onRecordLoaded 2 requested: true
02-20 19:54:22.473  1919  1919 D RuimRecords: [RuimRecords] EF_CSIM_MIPUPP LOADED
02-20 19:54:22.473  1919  1919 E RuimRecords: [RuimRecords] Record Load Exception: com.android.internal.telephony.CommandException: GENERIC_FAILURE
02-20 19:54:22.473  1919  1919 D RuimRecords: [RuimRecords] onRecordLoaded 1 requested: true
02-20 19:54:22.473  1919  1919 D SubscriptionInfoUpdater: [Receiver]+
02-20 19:54:22.473  1919  1919 D SubscriptionInfoUpdater: Action: android.intent.action.SIM_STATE_CHANGED
02-20 19:54:22.473  1919  1919 D SubscriptionInfoUpdater: slotId: 0
02-20 19:54:22.473  1919  1919 D SubscriptionInfoUpdater: simStatus: IMSI
02-20 19:54:22.473  1919  1919 D SubscriptionInfoUpdater: Ignoring simStatus: IMSI
02-20 19:54:22.473  1919  1919 D SubscriptionInfoUpdater: [Receiver]-
02-20 19:54:22.473  1919  1919 D SIMRecords: [SIMRecords] iccid: 89014103211118510720
02-20 19:54:22.473  1919  1919 D SIMRecords: [SIMRecords] onRecordLoaded 10 requested: true
02-20 19:54:22.475  1919  1919 D SIMRecords: [SIMRecords] EF_MBI: 01000000
02-20 19:54:22.475  1919  1919 D SIMRecords: [SIMRecords] Got valid mailbox number for MBDN
02-20 19:54:22.475  1919  1919 D RILJ    : [3734]> iccIO: SIM_IO 0xc0 0x6fc7  path: 3F007F20,0,0,15 aid: null [SUB0]
02-20 19:54:22.479  1919  1919 D SIMRecords: [SIMRecords] onRecordLoaded 10 requested: true
02-20 19:54:22.479  1919  1919 D SIMRecords: [SIMRecords] EF_AD: 00000003
02-20 19:54:22.479  1919  1919 D SIMRecords: [SIMRecords] setting4 mMncLength=3
02-20 19:54:22.479  1919  1919 D SIMRecords: [SIMRecords] update mccmnc=310260
02-20 19:54:22.479  1919  1919 D MccTable: updateMccMncConfiguration mccmnc='310260' fromServiceState=false
02-20 19:54:22.479  1919  1919 D SubscriptionController: [getPhoneId]- no sims, returning default phoneId=2147483647
02-20 19:54:22.479  1919  1919 D MccTable: updateMccMncConfiguration defaultMccMnc=
02-20 19:54:22.479  1919  1919 D MccTable: updateMccMncConfiguration: mcc=310, mnc=260
02-20 19:54:22.479  1919  1919 D MccTable: updateMccMncConfiguration updateConfig config={1.0 310mcc260mnc ?localeList ?layoutDir ?swdp ?wdp ?hdp ?density ?lsize ?long ?orien ?uimode ?night ?touch ?keyb/?/? ?nav/?}
02-20 19:54:22.480  1680  1956 I configuration_changed: 3
02-20 19:54:22.480  1680  1956 I ActivityManager: Config changes=3 {1.0 310mcc260mnc [en_US] ldltr sw360dp w360dp h668dp 640dpi nrml long port finger -keyb/v/h -nav/h s.6}
02-20 19:54:22.492  1375  1455 D RIL     : onRequest: SIM_IO
02-20 19:54:22.492  1375  1455 D AT      : AT> AT+CRSM=176,28433,0,0,1
02-20 19:54:22.493  1375  1457 D AT      : AT< +CRSM: 144,0,55
02-20 19:54:22.493  1375  1457 D AT      : AT< OK
02-20 19:54:22.500  1375  1455 D RIL     : onRequest: SIM_IO
02-20 19:54:22.501  1919  2004 D RILJ    : [3727]< SIM_IO IccIoResponse sw1:0x90 sw2:0x0 [SUB0]
02-20 19:54:22.500  1375  1455 D AT      : AT> AT+CRSM=176,28435,0,0,1
02-20 19:54:22.501  1375  1457 D AT      : AT< +CRSM: 144,0,55
02-20 19:54:22.501  1375  1457 D AT      : AT< OK
02-20 19:54:22.501  1375  1455 D RIL     : onRequest: SIM_IO
02-20 19:54:22.501  1375  1455 D AT      : AT> AT+CRSM=178,28613,1,4,24
02-20 19:54:22.501  1375  1457 D AT      : AT< +CRSM: 144,0,43058441aa890affffffffffffffffffffffffffffffffff
02-20 19:54:22.501  1375  1457 D AT      : AT< OK
02-20 19:54:22.501  1919  2004 D RILJ    : [3728]< SIM_IO IccIoResponse sw1:0x90 sw2:0x0 [SUB0]
02-20 19:54:22.501  1375  1455 D RIL     : onRequest: SIM_IO
02-20 19:54:22.501  1375  1455 D AT      : AT> AT+CRSM=176,28472,0,0,15
02-20 19:54:22.501  1375  1457 D AT      : AT< +CRSM: 144,0,ff30ffff3c003c03000c0000f03f00
02-20 19:54:22.501  1375  1457 D AT      : AT< OK
02-20 19:54:22.501  1919  2004 D RILJ    : [3729]< SIM_IO IccIoResponse sw1:0x90 sw2:0x0 [SUB0]
02-20 19:54:22.501  1375  1455 D RIL     : onRequest: SIM_IO
02-20 19:54:22.501  1375  1455 D AT      : AT> AT+CRSM=176,28438,0,0,2
02-20 19:54:22.502  1375  1457 D AT      : AT< +CRSM: 144,0,0233
02-20 19:54:22.502  1375  1457 D AT      : AT< OK
02-20 19:54:22.502  1375  1455 D RIL     : onRequest: SIM_IO
02-20 19:54:22.502  1375  1455 D AT      : AT> AT+CRSM=176,12258,0,0,10
02-20 19:54:22.502  1375  1457 D AT      : AT< +CRSM: 144,0,98101430121181157002
02-20 19:54:22.502  1375  1457 D AT      : AT< OK
02-20 19:54:22.502  1375  1455 D RIL     : onRequest: SIM_IO
02-20 19:54:22.502  1375  1455 D AT      : AT> AT+CRSM=192,28436,0,0,15
02-20 19:54:22.502  1375  1457 D AT      : AT< +CRSM: 144,0,000000146f1404001aa0aa01020000
02-20 19:54:22.502  1375  1457 D AT      : AT< OK
02-20 19:54:22.502  1375  1455 D RIL     : onRequest: SIM_IO
02-20 19:54:22.502  1375  1455 D AT      : AT> AT+CRSM=192,28615,0,0,15
02-20 19:54:22.502  1375  1457 D AT      : AT< +CRSM: 144,0,000000406fc7040011a0aa01020120
02-20 19:54:22.502  1375  1457 D AT      : AT< OK
02-20 19:54:22.503  1919  2004 D RILJ    : [3730]< SIM_IO IccIoResponse sw1:0x90 sw2:0x0 [SUB0]
02-20 19:54:22.504  1919  2004 D RILJ    : [3731]< SIM_IO IccIoResponse sw1:0x90 sw2:0x0 [SUB0]
02-20 19:54:22.504  1919  2004 D RILJ    : [3732]< SIM_IO IccIoResponse sw1:0x90 sw2:0x0 [SUB0]
02-20 19:54:22.504  1919  2004 D RILJ    : [3733]< SIM_IO IccIoResponse sw1:0x90 sw2:0x0 [SUB0]
02-20 19:54:22.504  1919  2004 D RILJ    : [3734]< SIM_IO IccIoResponse sw1:0x90 sw2:0x0 [SUB0]
02-20 19:54:22.506  1680  1956 I am_relaunch_resume_activity: [0,4949826,1,com.android.settings/.FallbackHome]
02-20 19:54:22.506  1925  1925 I am_on_paused_called: [0,com.android.settings.FallbackHome,handleRelaunchActivity]
02-20 19:54:22.510  1919  1919 D SIMRecords: [SIMRecords] onRecordLoaded 9 requested: true
02-20 19:54:22.510  1919  1919 D SIMRecords: [SIMRecords] EF_MWIS : 0000000000
02-20 19:54:22.510  1919  1919 D SIMRecords: [SIMRecords] onRecordLoaded 8 requested: true
02-20 19:54:22.510  1919  1919 D SIMRecords: [SIMRecords] MSISDN: [t-WgLegCyIMgfHgPkOdM6pkZbpA]
02-20 19:54:22.510  1919  1919 D SIMRecords: [SIMRecords] onRecordLoaded 7 requested: true
02-20 19:54:22.514  1919  1955 D DCT     : [0]hasMatchedTetherApnSetting: APN=null
02-20 19:54:22.515  1765  1765 W System  : ClassLoader referenced unknown path: 
02-20 19:54:22.515  1765  1765 W System  : ClassLoader referenced unknown path: /system/priv-app/Dialer/lib/x86_64
02-20 19:54:22.516  1765  1765 D ApplicationLoaders: ignored Vulkan layer search path /system/priv-app/Dialer/lib/x86_64:/system/lib64:/vendor/lib64 for namespace 0x7595bc48b0f0
02-20 19:54:22.516  1919  1919 D RILJ    : [3735]> iccIO: SIM_IO 0xb0 0x6f14  path: 3F007F20,0,0,20 aid: null [SUB0]
02-20 19:54:22.518  1375  1455 D RIL     : onRequest: SIM_IO
02-20 19:54:22.518  1375  1455 D AT      : AT> AT+CRSM=176,28436,0,0,20
02-20 19:54:22.518  1919  1919 D RILJ    : [3736]> iccIO: SIM_IO 0xb2 0x6fc7  path: 3F007F20,1,4,32 aid: null [SUB0]
02-20 19:54:22.518  1375  1457 D AT      : AT< +CRSM: 144,0,416e64726f6964ffffffffffffffffffffffffff
02-20 19:54:22.518  1375  1457 D AT      : AT< OK
02-20 19:54:22.518  1919  2004 D RILJ    : [3735]< SIM_IO IccIoResponse sw1:0x90 sw2:0x0 [SUB0]
02-20 19:54:22.518  1375  1455 D RIL     : onRequest: SIM_IO
02-20 19:54:22.518  1375  1455 D AT      : AT> AT+CRSM=178,28615,1,4,32
02-20 19:54:22.518  1919  1919 D SIMRecords: [SIMRecords] EF_CPHS_MWI: 55
02-20 19:54:22.518  1919  1919 D SIMRecords: [SIMRecords] onRecordLoaded 6 requested: true
02-20 19:54:22.518  1919  1919 D SIMRecords: [SIMRecords] EF_CFF_CPHS: 55
02-20 19:54:22.518  1919  1919 D SIMRecords: [SIMRecords] onRecordLoaded 5 requested: true
02-20 19:54:22.518  1375  1457 D AT      : AT< +CRSM: 144,0,566f6963656d61696cffffffffffffffffff07915155125740f9ffffffffffff
02-20 19:54:22.518  1375  1457 D AT      : AT< OK
02-20 19:54:22.518  1919  1919 D SIMRecords: [SIMRecords] onRecordLoaded 4 requested: true
02-20 19:54:22.518  1919  2004 D RILJ    : [3736]< SIM_IO IccIoResponse sw1:0x90 sw2:0x0 [SUB0]
02-20 19:54:22.519  1919  1919 D SIMRecords: [SIMRecords] SST: UsimServiceTable[120]={ PHONEBOOK, FDN, FDN_EXTENSION, SDN, SDN_EXTENSION, BDN, BDN_EXTENSION, OUTGOING_CALL_INFO, ADVICE_OF_CHARGE, CAP_CONFIG_PARAMS_2, GROUP_ID_LEVEL_1, GROUP_ID_LEVEL_2, SPN, USER_PLMN_SELECT, MSISDN, IMAGE, LOCALISED_SERVICE_AREAS, EMLPP, EMLPP_AUTO_ANSWER, RFU, GSM_ACCESS, DATA_DL_VIA_SMS_PP, DATA_DL_VIA_SMS_CB, CALL_CONTROL_BY_USIM, MO_SMS_CONTROL_BY_USIM, RUN_AT_COMMAND, APN_CONTROL_LIST, DEPERSONALISATION_CONTROL_KEYS, COOPERATIVE_NETWORK_LIST, GSM_SECURITY_CONTEXT, SERVICE_PROVIDER_DISPLAY_INFO, MMS_NOTIFICATION, MMS_NOTIFICATION_EXTENSION, GPRS_CALL_CONTROL_BY_USIM, VGCS_GROUP_ID_LIST, VBS_GROUP_ID_LIST, OMA_BCAST_PROFILE, GBA_LOCAL_KEY_ESTABLISHMENT, #101, #102, #103, #104, #105, #106, #107, #108, #109, #110 }
02-20 19:54:22.519  1919  1919 D SIMRecords: [SIMRecords] onRecordLoaded 3 requested: true
02-20 19:54:22.519  1919  1919 D SIMRecords: [SIMRecords] iCPHS: 0233
02-20 19:54:22.519  1919  1919 D SIMRecords: [SIMRecords] onRecordLoaded 2 requested: true
02-20 19:54:22.519  1919  1919 D RuimRecords: [RuimRecords] iccid: 89014103211118510720
02-20 19:54:22.519  1919  1919 D RuimRecords: [RuimRecords] onRecordLoaded 0 requested: true
02-20 19:54:22.519  1919  1919 D RuimRecords: [RuimRecords] record load complete
02-20 19:54:22.519  1919  1919 D SIMRecords: [SIMRecords] getServiceProviderName: no brandOverride, providerName=Android
02-20 19:54:22.519  1919  1919 D SIMRecords: [SIMRecords] Load EF_SPN_CPHS: Android
02-20 19:54:22.519  1919  1919 D TelephonyManager: setTelephonyProperty: success phoneId=0 property=gsm.sim.operator.alpha value: Android propVal=Android
02-20 19:54:22.519  1919  1919 D SIMRecords: [SIMRecords] onRecordLoaded 1 requested: true
02-20 19:54:22.520  1919  1919 D SIMRecords: [SIMRecords] VM: ADN Record 'Voicemail' '[-MWU1cAlDrkXUZ8dpHi_wU_YOpU] null' EF[MBDN]
02-20 19:54:22.520  1919  1919 D SIMRecords: [SIMRecords] onRecordLoaded 0 requested: true
02-20 19:54:22.520  1919  1919 D SIMRecords: [SIMRecords] record load complete
02-20 19:54:22.520  1919  1919 D SIMRecords: [SIMRecords] Not using EF LI/EF PL
02-20 19:54:22.520  1919  1919 D SIMRecords: [SIMRecords] EF_CFF: callForwardingEnabled=0
02-20 19:54:22.520  1919  1919 D SIMRecords: [SIMRecords] onAllRecordsLoaded set 'gsm.sim.operator.numeric' to operator='310260'
02-20 19:54:22.520  1919  1919 D SIMRecords: [SIMRecords] update icc_operator_numeric=310260
02-20 19:54:22.520  1919  1919 D TelephonyManager: setTelephonyProperty: success phoneId=0 property=gsm.sim.operator.numeric value: 310260 propVal=310260
02-20 19:54:22.521  1919  1919 D SubscriptionController: [setMccMnc]+ mcc/mnc:310/260 subId:-1
02-20 19:54:22.521  1919  1953 D SubscriptionController: [getPhoneId]- no sims, returning default phoneId=2147483647
02-20 19:54:22.524  1925  1978 D EGL_emulation: eglMakeCurrent: 0x7595b0264320: ver 3 0 (tinfo 0x7595b020c880)
02-20 19:54:22.526  1925  1925 I am_on_stop_called: [0,com.android.settings.FallbackHome,destroy]
02-20 19:54:22.539  1919  1940 D SubscriptionController: [getPhoneId]- no sims, returning default phoneId=2147483647
