02-20 19:55:43.863  1267  1303 D vold    : Recognized experimental block major ID 253 as virtio-blk (emulator's virtual SD card device)
02-20 19:55:43.863  1267  1303 V vold    : /system/bin/sgdisk
02-20 19:55:43.863  1267  1303 V vold    :     --android-dump
02-20 19:55:43.863  1267  1303 V vold    :     /dev/block/vold/disk:253,64
02-20 19:55:43.863  1678  1729 D VoldConnector: RCV <- {651 emulated 7}
02-20 19:55:43.863  1678  1729 D VoldConnector: RCV <- {659 emulated}
02-20 19:55:43.863  1678  1729 D VoldConnector: RCV <- {650 emulated 2 "" ""}
02-20 19:55:43.863  1678  1729 D VoldConnector: RCV <- {651 emulated 0}
02-20 19:55:43.863  1678  1729 D VoldConnector: RCV <- {651 public:253,64 7}
02-20 19:55:43.863  1678  1729 D VoldConnector: RCV <- {659 public:253,64}
02-20 19:55:43.863  1678  1729 D VoldConnector: RCV <- {649 disk:253,64}
02-20 19:55:43.863  1678  1729 D VoldConnector: RCV <- {640 disk:253,64 5}
02-20 19:55:43.863  1678  1729 D VoldConnector: RCV <- {641 disk:253,64 536870912}
02-20 19:55:43.863  1678  1729 D VoldConnector: RCV <- {642 disk:253,64 Virtual}
02-20 19:55:43.863  1678  1729 D VoldConnector: RCV <- {644 disk:253,64 /sys//devices/pci0000:00/0000:00:07.0/virtio4/block/vde}
02-20 19:55:43.864  1678  1699 V MountService: Found primary storage at VolumeInfo{emulated}:
02-20 19:55:43.864  1678  1699 V MountService:     type=EMULATED diskId=null partGuid=null mountFlags=0 mountUserId=-1 
02-20 19:55:43.864  1678  1699 V MountService:     state=UNMOUNTED 
02-20 19:55:43.864  1678  1699 V MountService:     fsType=null fsUuid=null fsLabel=null 
02-20 19:55:43.864  1678  1699 V MountService:     path=null internalPath=null 
02-20 19:55:43.901  1678  1678 I am_proc_start: [0,1774,10028,com.android.systemui,service,com.android.systemui/.ImageWallpaper]
02-20 19:55:43.901  1678  1678 I ActivityManager: Start proc 1774:com.android.systemui/u0a28 for service com.android.systemui/.ImageWallpaper
02-20 19:55:43.901  1678  1694 I ActivityManager: Force stopping com.android.providers.media appid=10011 user=-1: vold reset
02-20 19:55:43.904  1678  1750 E BluetoothAdapter: Bluetooth binder is null
02-20 19:55:43.904  1678  1678 D UsbAlsaManager: Adding ALSA device AlsaDevice: [card: 0, device: 0, type: 1]
02-20 19:55:43.904  1678  1678 D UsbAlsaManager: Adding ALSA device AlsaDevice: [card: 0, device: 0, type: 2]
02-20 19:55:43.905  1678  1750 E BluetoothAdapter: Bluetooth binder is null
02-20 19:55:43.907  1678  1678 I SystemServer: WebViewFactory preparation
02-20 19:55:43.909  1774  1774 W art     : Unexpected CPU variant for X86 using defaults: x86_64
02-20 19:55:43.910  1267  1303 V vold    : DISK mbr
02-20 19:55:43.910  1267  1303 V vold    : 
02-20 19:55:43.911  1267  1303 W vold    : disk:253,64 has unknown partition table; trying entire device
02-20 19:55:43.911  1267  1303 V vold    : /system/bin/blkid
02-20 19:55:43.911  1267  1303 V vold    :     -c
02-20 19:55:43.911  1267  1303 V vold    :     /dev/null
02-20 19:55:43.911  1267  1303 V vold    :     -s
02-20 19:55:43.911  1267  1303 V vold    :     TYPE
02-20 19:55:43.911  1267  1303 V vold    :     -s
02-20 19:55:43.911  1267  1303 V vold    :     UUID
02-20 19:55:43.911  1267  1303 V vold    :     -s
02-20 19:55:43.911  1267  1303 V vold    :     LABEL
02-20 19:55:43.911  1267  1303 V vold    :     /dev/block/vold/disk:253,64
02-20 19:55:43.912  1678  1689 I am_proc_bound: [0,1760,com.android.inputmethod.latin]
02-20 19:55:43.938  1366  1366 I AudioFlinger: systemReady
02-20 19:55:43.974  1267  1303 V vold    : /dev/block/vold/disk:253,64: LABEL="SDCARD" UUID="1E12-0B12" TYPE="vfat" 
02-20 19:55:43.974  1267  1303 V vold    : 
02-20 19:55:43.975  1678  1729 D VoldConnector: RCV <- {650 public:253,64 0 "disk:253,64" ""}
02-20 19:55:43.975  1678  1729 D VoldConnector: RCV <- {651 public:253,64 0}
02-20 19:55:43.975  1678  1729 D VoldConnector: RCV <- {643 disk:253,64}
02-20 19:55:43.975  1678  1729 D VoldConnector: RCV <- {200 3 Command succeeded}
02-20 19:55:43.975  1678  1728 D VoldConnector: SND -> {4 volume user_added 0 0}
02-20 19:55:43.979  1678  1690 I am_proc_bound: [0,1774,com.android.systemui]
02-20 19:55:43.980  1678  1729 D VoldConnector: RCV <- {200 4 Command succeeded}
02-20 19:55:43.990  1678  1728 D VoldConnector: SND -> {5 volume mount emulated 3 -1}
02-20 19:55:43.991  1267  1303 V vold    : Waiting for FUSE to spin up...
02-20 19:55:43.991  1678  1729 D VoldConnector: RCV <- {651 emulated 1}
02-20 19:55:43.991  1678  1729 D VoldConnector: RCV <- {656 emulated /data/media}
02-20 19:55:44.000  1678  1729 D VoldConnector: RCV <- {655 emulated /storage/emulated}
02-20 19:55:44.017  1678  1678 D WebViewFactory: Setting new address space to 137955392
02-20 19:55:44.028  1774  1774 W System  : ClassLoader referenced unknown path: /system/priv-app/SystemUIGoogle/lib/x86_64
02-20 19:55:44.042  1267  1303 V vold    : Waiting for FUSE to spin up...
02-20 19:55:44.060  1791  1791 W sdcard  : Device explicitly disabled sdcardfs
02-20 19:55:44.061  1678  1678 I Zygote  : Process: zygote socket opened, supported ABIS: x86
02-20 19:55:44.066  1365  1365 I art     : Starting a blocking GC Background
02-20 19:55:44.094  1678  1729 D VoldConnector: RCV <- {651 emulated 2}
02-20 19:55:44.094  1678  1729 D VoldConnector: RCV <- {200 5 Command succeeded}
02-20 19:55:44.095  1678  1728 D VoldConnector: SND -> {6 volume mount public:253,64 2 0}
02-20 19:55:44.095  1267  1303 V vold    : /system/bin/blkid
02-20 19:55:44.095  1267  1303 V vold    :     -c
02-20 19:55:44.095  1267  1303 V vold    :     /dev/null
02-20 19:55:44.095  1267  1303 V vold    :     -s
02-20 19:55:44.095  1267  1303 V vold    :     TYPE
02-20 19:55:44.095  1267  1303 V vold    :     -s
02-20 19:55:44.095  1267  1303 V vold    :     UUID
02-20 19:55:44.095  1267  1303 V vold    :     -s
02-20 19:55:44.095  1267  1303 V vold    :     LABEL
02-20 19:55:44.095  1267  1303 V vold    :     /dev/block/vold/public:253,64
02-20 19:55:44.095  1678  1729 D VoldConnector: RCV <- {651 public:253,64 1}
02-20 19:55:44.107  1678  1736 D WifiController: DEFERRED_TOGGLE handled
02-20 19:55:44.064     0     0 D SELinux : initialized (dev fuse, type fuse), uses genfs_contexts
02-20 19:55:44.065     0     0 D SELinux : initialized (dev fuse, type fuse), uses genfs_contexts
02-20 19:55:44.066     0     0 D SELinux : initialized (dev fuse, type fuse), uses genfs_contexts
02-20 19:55:44.122  1375  1677 D SoftapController: Softap fwReload - Ok
02-20 19:55:44.131  1375  1677 D CommandListener: Setting iface cfg
02-20 19:55:44.131  1375  1677 D CommandListener: Trying to bring down wlan0
02-20 19:55:44.133  1375  1677 D CommandListener: Clearing all IP addresses on wlan0
02-20 19:55:44.138  1678  1737 E WifiMonitor: killSupplicant p2pfalse init.svc.wpa_supplicant=unknown init.svc.p2p_supplicant=unknown
02-20 19:55:44.146  1678  1799 E WVMExtractor: Failed to open libwvm.so: dlopen failed: library "libwvm.so" not found
02-20 19:55:44.190  1374  1374 I MediaPlayerService: MediaPlayerService::getOMX
02-20 19:55:44.192  1374  1374 I OMXClient: MuxOMX ctor
02-20 19:55:44.195  1374  1374 I MediaPlayerService: MediaPlayerService::getOMX
02-20 19:55:44.198  1374  1374 I OMXClient: MuxOMX ctor
02-20 19:55:44.198  1371  1371 I OMXMaster: makeComponentInstance(OMX.google.mp3.decoder) in mediacodec process
02-20 19:55:44.208  1678  1678 W ActivityManager: Slow operation: 158ms so far, now at startProcess: returned from zygote!
02-20 19:55:44.208  1678  1678 W ActivityManager: Slow operation: 158ms so far, now at startProcess: done updating battery stats
02-20 19:55:44.209  1678  1678 I am_proc_start: [0,1803,1037,WebViewLoader-x86,,]
02-20 19:55:44.209  1678  1678 W ActivityManager: Slow operation: 159ms so far, now at startProcess: building log message
02-20 19:55:44.209  1678  1678 I ActivityManager: Start proc 1803:WebViewLoader-x86/1037 [android.webkit.WebViewFactory$RelroFileCreator] for 
02-20 19:55:44.209  1678  1678 W ActivityManager: Slow operation: 159ms so far, now at startProcess: starting to update pids map
02-20 19:55:44.209  1678  1678 W ActivityManager: Slow operation: 159ms so far, now at startProcess: done updating pids map
02-20 19:55:44.209  1678  1678 W ActivityManager: Slow operation: 159ms so far, now at startProcess: done starting proc!
02-20 19:55:44.274     0     0 I init    : Starting service 'wpa_supplicant'...
02-20 19:55:44.213  1267  1303 V vold    : /dev/block/vold/public:253,64: LABEL="SDCARD" UUID="1E12-0B12" TYPE="vfat" 
02-20 19:55:44.213  1267  1303 V vold    : 
02-20 19:55:44.213  1267  1303 V vold    : /system/bin/fsck_msdos
02-20 19:55:44.213  1267  1303 V vold    :     -p
02-20 19:55:44.213  1267  1303 V vold    :     -f
02-20 19:55:44.473     0     0 D ieee80211 phy0: mac80211_hwsim_start
02-20 19:55:44.473     0     0 D ieee80211 phy0: mac80211_hwsim_add_interface (type=2 mac_addr=02:00:00:44:55:66)
02-20 19:55:44.473     0     0 D ieee80211 phy0: mac80211_hwsim_bss_info_changed(changed=0xe)
02-20 19:55:44.473     0     0 D ieee80211 phy0: ERP_CTS_PROT: 0
02-20 19:55:44.473     0     0 D ieee80211 phy0: ERP_PREAMBLE: 0
02-20 19:55:44.473     0     0 D ieee80211 phy0: ERP_SLOT: 0
02-20 19:55:44.473     0     0 D ieee80211 phy0: mac80211_hwsim_conf_tx (queue=0 txop=0 cw_min=15 cw_max=1023 aifs=2)
02-20 19:55:44.473     0     0 D ieee80211 phy0: mac80211_hwsim_conf_tx (queue=1 txop=0 cw_min=15 cw_max=1023 aifs=2)
02-20 19:55:44.473     0     0 D ieee80211 phy0: mac80211_hwsim_conf_tx (queue=2 txop=0 cw_min=15 cw_max=1023 aifs=2)
02-20 19:55:44.473     0     0 D ieee80211 phy0: mac80211_hwsim_conf_tx (queue=3 txop=0 cw_min=15 cw_max=1023 aifs=2)
02-20 19:55:44.473     0     0 D ieee80211 phy0: mac80211_hwsim_bss_info_changed(changed=0x2000)
02-20 19:55:44.213  1267  1303 V vold    :     /dev/block/vold/public:253,64
02-20 19:55:44.214  1678  1729 D VoldConnector: RCV <- {652 public:253,64 vfat}
02-20 19:55:44.214  1678  1729 D VoldConnector: RCV <- {653 public:253,64 1E12-0B12}
02-20 19:55:44.214  1678  1729 D VoldConnector: RCV <- {654 public:253,64 SDCARD}
02-20 19:55:44.227  1678  1678 I am_proc_start: [0,1810,1037,WebViewLoader-x86_64,,]
02-20 19:55:44.227  1678  1678 I ActivityManager: Start proc 1810:WebViewLoader-x86_64/1037 [android.webkit.WebViewFactory$RelroFileCreator] for 
02-20 19:55:44.228  1678  1678 D NetworkManagement: enabling bandwidth control
02-20 19:55:44.233  1774  1774 V SystemUIService: Starting SystemUI services for user 0.
02-20 19:55:44.234  1810  1810 W art     : Unexpected CPU variant for X86 using defaults: x86_64
02-20 19:55:44.256  1803  1803 W art     : Unexpected CPU variant for X86 using defaults: x86
02-20 19:55:44.262  1678  1737 E wifi    : Can not initialize the vendor function pointer table
02-20 19:55:44.262  1678  1737 E WifiNative-HAL: Could not start hal
02-20 19:55:44.262  1678  1737 E WifiStateMachine: Failed to start HAL
02-20 19:55:44.281  1267  1303 I fsck_msdos: ** /dev/block/vold/public:253,64
02-20 19:55:44.282  1267  1303 I fsck_msdos: ** Phase 1 - Read and Compare FATs
02-20 19:55:44.282  1267  1303 I fsck_msdos: Attempting to allocate 1022 KB for FAT
02-20 19:55:44.301  1810  1810 V WebViewFactory: RelroFileCreator (64bit = true),  32-bit lib: /system/app/Chrome/Chrome.apk!/lib/x86/libmonochrome.so, 64-bit lib: /system/app/Chrome/Chrome.apk!/lib/x86_64/libmonochrome.so
02-20 19:55:44.312  1374  1374 I MediaPlayerService: MediaPlayerService::getOMX
02-20 19:55:44.312  1374  1374 I OMXClient: MuxOMX ctor
02-20 19:55:44.313  1371  1371 I OMXMaster: makeComponentInstance(OMX.google.amrnb.decoder) in mediacodec process
02-20 19:55:44.343  1803  1803 V WebViewFactory: RelroFileCreator (64bit = false),  32-bit lib: /system/app/Chrome/Chrome.apk!/lib/x86/libmonochrome.so, 64-bit lib: /system/app/Chrome/Chrome.apk!/lib/x86_64/libmonochrome.so
02-20 19:55:44.346  1374  1374 I MediaPlayerService: MediaPlayerService::getOMX
02-20 19:55:44.346  1374  1374 I OMXClient: MuxOMX ctor
02-20 19:55:44.346  1371  1371 I OMXMaster: makeComponentInstance(OMX.google.amrwb.decoder) in mediacodec process
02-20 19:55:44.366  1678  1737 D WifiMonitor: startMonitoring(wlan0) with mConnected = false
02-20 19:55:44.368  1374  1374 I MediaPlayerService: MediaPlayerService::getOMX
02-20 19:55:44.368  1374  1374 I OMXClient: MuxOMX ctor
02-20 19:55:44.368  1371  1371 I OMXMaster: makeComponentInstance(OMX.google.aac.decoder) in mediacodec process
02-20 19:55:44.383  1760  1760 I LatinIME: Hardware accelerated drawing: true
02-20 19:55:44.393  1374  1374 I MediaPlayerService: MediaPlayerService::getOMX
02-20 19:55:44.393  1374  1374 I OMXClient: MuxOMX ctor
02-20 19:55:44.393  1371  1823 I OMXMaster: makeComponentInstance(OMX.google.g711.alaw.decoder) in mediacodec process
02-20 19:55:44.438  1267  1303 I fsck_msdos: Attempting to allocate 1022 KB for FAT
02-20 19:55:44.465  1774  1774 V MediaRouter: Adding route: RouteInfo{ name=Phone, description=null, status=null, category=RouteCategory{ name=null types=ROUTE_TYPE_LIVE_AUDIO ROUTE_TYPE_LIVE_VIDEO  groupable=false }, supportedTypes=ROUTE_TYPE_LIVE_AUDIO ROUTE_TYPE_LIVE_VIDEO , presentationDisplay=null }
02-20 19:55:44.470  1820  1820 I wpa_supplicant: Successfully initialized wpa_supplicant
02-20 19:55:44.472  1820  1820 I wpa_supplicant: rfkill: Cannot open RFKILL control device
02-20 19:55:44.474  1820  1820 I wpa_supplicant: nl80211: Could not re-add multicast membership for vendor events: -2 (No such file or directory)
02-20 19:55:44.488  1267  1303 I fsck_msdos: ** Phase 2 - Check Cluster Chains
02-20 19:55:44.490  1267  1303 I fsck_msdos: ** Phase 3 - Checking Directories
02-20 19:55:44.490  1267  1303 I fsck_msdos: ** Phase 4 - Checking for Lost Files
02-20 19:55:44.491  1267  1303 I fsck_msdos: 27 files, 522176 free (261088 clusters)
02-20 19:55:44.501  1374  1374 I MediaPlayerService: MediaPlayerService::getOMX
02-20 19:55:44.501  1374  1374 I OMXClient: MuxOMX ctor
02-20 19:55:44.501  1371  1823 I OMXMaster: makeComponentInstance(OMX.google.g711.mlaw.decoder) in mediacodec process
02-20 19:55:44.518  1774  1774 V MediaRouter: Updating audio routes: AudioRoutesInfo{ type=SPEAKER }
02-20 19:55:44.519  1774  1774 V MediaRouter: Selecting route: RouteInfo{ name=Phone, description=null, status=null, category=RouteCategory{ name=null types=ROUTE_TYPE_LIVE_AUDIO ROUTE_TYPE_LIVE_VIDEO  groupable=false }, supportedTypes=ROUTE_TYPE_LIVE_AUDIO ROUTE_TYPE_LIVE_VIDEO , presentationDisplay=null }
02-20 19:55:44.543  1678  1690 D TelephonyRegistry: listen oscl: hasNotifySubscriptionInfoChangedOccurred==false no callback
02-20 19:55:44.557  1267  1303 I Vold    : Filesystem check completed OK
02-20 19:55:44.557  1678  1729 D VoldConnector: RCV <- {656 public:253,64 /mnt/media_rw/1E12-0B12}
02-20 19:55:44.558  1678  1729 D VoldConnector: RCV <- {655 public:253,64 /storage/1E12-0B12}
02-20 19:55:44.585  1803  1803 I art     : System.exit called, status: 0
02-20 19:55:44.585  1803  1803 I AndroidRuntime: VM exiting with result code 0, cleanup skipped.
02-20 19:55:44.473     0     0 D ieee80211 phy0: mac80211_hwsim_config (freq=0 idle=0 ps=0 smps=auto)
02-20 19:55:44.473     0     0 D ieee80211 phy0: mac80211_hwsim_configure_filter
02-20 19:55:44.473     0     0 D ieee80211 phy0: mac80211_hwsim_configure_filter
02-20 19:55:44.473     0     0 D ieee80211 phy0: mac80211_hwsim_configure_filter
02-20 19:55:44.473     0     0 I IPv6    : ADDRCONF(NETDEV_UP): wlan0: link is not ready
02-20 19:55:44.570     0     0 W FAT-fs (vde): Volume was not properly unmounted. Some data may be corrupt. Please run fsck.
02-20 19:55:44.584     0     0 D SELinux : initialized (dev vde, type vfat), uses genfs_contexts
02-20 19:55:44.695     0     0 D SELinux : initialized (dev fuse, type fuse), uses genfs_contexts
02-20 19:55:44.697     0     0 D SELinux : initialized (dev fuse, type fuse), uses genfs_contexts
02-20 19:55:44.726     0     0 D ieee80211 phy1: mac80211_hwsim_configure_filter
02-20 19:55:44.739     0     0 D SELinux : initialized (dev fuse, type fuse), uses genfs_contexts
02-20 19:55:44.612  1820  1820 E wpa_supplicant: global ctrl interface @android:wpa_wlan0 matches ctrl interface wlan0 - do not open per-interface ctrl interface
02-20 19:55:44.613  1374  1374 I MediaPlayerService: MediaPlayerService::getOMX
02-20 19:55:44.613  1374  1374 I OMXClient: MuxOMX ctor
02-20 19:55:44.613  1371  1823 I OMXMaster: makeComponentInstance(OMX.google.vorbis.decoder) in mediacodec process
02-20 19:55:44.616  1678  1737 D WifiConfigManager: Loading config and enabling all networks 
02-20 19:55:44.622  1267  1303 V vold    : Waiting for FUSE to spin up...
02-20 19:55:44.624  1678  1737 W WifiNetworkHistory: Upgrading network 0 to android.uid.system:1000
02-20 19:55:44.625  1760  1760 W InputAttributes: No editor info for this field. Bug?
02-20 19:55:44.625  1678  1737 D WifiConfigManager: loaded 0 passpoint configs
02-20 19:55:44.626  1678  1737 E IpConfigStore: Error parsing configuration: java.io.FileNotFoundException: /data/misc/wifi/ipconfig.txt (No such file or directory)
02-20 19:55:44.634  1678  1737 D WifiNative-HAL: Setting external_sim to 1
02-20 19:55:44.635  1678  1737 D WifiStateMachine: Setting OUI to DA-A1-19
02-20 19:55:44.644  1678  1737 I WifiConnectivityManager: PNO settings: min5GHzRssi -82 min24GHzRssi -85 currentConnectionBonus 16 sameNetworkBonus 24 secureNetworkBonus 80 initialScoreMax 100
02-20 19:55:44.644  1678  1737 I WifiConnectivityManager: ConnectivityScanManager initialized and disabled
02-20 19:55:44.644  1678  1737 I WifiConnectivityManager: setUntrustedConnectionAllowed: allowed=false
02-20 19:55:44.644  1678  1737 E WifiLogger: no ring buffers found
02-20 19:55:44.644  1678  1737 E WifiLogger: Failed to start packet fate monitoring
02-20 19:55:44.652  1863  1863 W sdcard  : Device explicitly disabled sdcardfs
02-20 19:55:44.674  1267  1303 V vold    : Waiting for FUSE to spin up...
02-20 19:55:44.675  1774  1867 E WVMExtractor: Failed to open libwvm.so: dlopen failed: library "libwvm.so" not found
02-20 19:55:44.680  1760  1868 I LatinIME:LogUtils: Dictionary info: dictionary = userunigram.en_US ; version = 1519156544 ; date = ?
02-20 19:55:44.694  1678  1695 W WindowManager: Keyguard drawn timeout. Setting mKeyguardDrawComplete
02-20 19:55:44.706  1760  1868 E ActivityThread: Failed to find provider info for user_dictionary
02-20 19:55:44.717  1760  1868 I LatinIME:LogUtils: Dictionary info: dictionary = UserHistoryDictionary.en_US ; version = 1519156544 ; date = ?
02-20 19:55:44.724  1267  1303 V vold    : Waiting for FUSE to spin up...
02-20 19:55:44.735  1678  1737 I WifiConnectivityManager: Set WiFi enabled
02-20 19:55:44.735  1678  1737 I WifiConnectivityManager: scheduleWatchdogTimer
02-20 19:55:44.736  1678  1737 D WifiNative-HAL: Failing getSupportedFeatureset because HAL isn't started
02-20 19:55:44.737  1678  1697 E BatteryStatsService: no controller energy info supplied
02-20 19:55:44.738  1678  1697 E KernelCpuSpeedReader: Failed to read cpu-freq: /sys/devices/system/cpu/cpu0/cpufreq/stats/time_in_state (No such file or directory)
02-20 19:55:44.738  1678  1697 E KernelUidCpuTimeReader: Failed to read uid_cputime: /proc/uid_cputime/show_uid_stat (No such file or directory)
02-20 19:55:44.739  1810  1810 I art     : System.exit called, status: 0
02-20 19:55:44.739  1810  1810 I AndroidRuntime: VM exiting with result code 0, cleanup skipped.
02-20 19:55:44.749  1678  1737 D WifiNative-HAL: Failing getSupportedFeatureset because HAL isn't started
02-20 19:55:44.781  1678  1697 E BatteryStatsService: no controller energy info supplied
02-20 19:55:44.788  1678  1697 E KernelCpuSpeedReader: Failed to read cpu-freq: /sys/devices/system/cpu/cpu0/cpufreq/stats/time_in_state (No such file or directory)
02-20 19:55:44.788  1678  1697 E KernelUidCpuTimeReader: Failed to read uid_cputime: /proc/uid_cputime/show_uid_stat (No such file or directory)
02-20 19:55:44.790  1678  1729 D VoldConnector: RCV <- {651 public:253,64 2}
02-20 19:55:44.796  1678  1729 D VoldConnector: RCV <- {200 6 Command succeeded}
02-20 19:55:44.796  1678  1728 E VoldConnector: NDC Command {6 volume mount public:253,64 2 0} took too long (701ms)
02-20 19:55:44.818  1374  1374 I MediaPlayerService: MediaPlayerService::getOMX
02-20 19:55:44.819  1374  1374 I OMXClient: MuxOMX ctor
02-20 19:55:44.819  1371  1860 I OMXMaster: makeComponentInstance(OMX.google.opus.decoder) in mediacodec process
02-20 19:55:44.858  1678  1678 W NetworkManagement: setDataSaverMode(): already false
02-20 19:55:44.875  1678  1688 I art     : Background sticky concurrent mark sweep GC freed 45023(2MB) AllocSpace objects, 11(264KB) LOS objects, 13% free, 21MB/24MB, paused 32.719ms total 75.722ms
02-20 19:55:44.880  1374  1374 I MediaPlayerService: MediaPlayerService::getOMX
02-20 19:55:44.880  1374  1374 I OMXClient: MuxOMX ctor
02-20 19:55:44.880  1371  1823 I OMXMaster: makeComponentInstance(OMX.google.raw.decoder) in mediacodec process
02-20 19:55:44.892  1374  1374 I MediaPlayerService: MediaPlayerService::getOMX
02-20 19:55:44.892  1374  1374 I OMXClient: MuxOMX ctor
02-20 19:55:44.892  1371  1823 I OMXMaster: makeComponentInstance(OMX.google.aac.encoder) in mediacodec process
02-20 19:55:44.939  1374  1374 I MediaPlayerService: MediaPlayerService::getOMX
02-20 19:55:44.940  1374  1374 I OMXClient: MuxOMX ctor
02-20 19:55:44.940  1371  1823 I OMXMaster: makeComponentInstance(OMX.google.amrnb.encoder) in mediacodec process
02-20 19:55:44.945  1374  1374 I MediaPlayerService: MediaPlayerService::getOMX
02-20 19:55:44.946  1374  1374 I OMXClient: MuxOMX ctor
02-20 19:55:44.946  1371  1823 I OMXMaster: makeComponentInstance(OMX.google.amrwb.encoder) in mediacodec process
02-20 19:55:44.959  1374  1374 I MediaPlayerService: MediaPlayerService::getOMX
02-20 19:55:44.959  1374  1374 I OMXClient: MuxOMX ctor
02-20 19:55:44.959  1371  1823 I OMXMaster: makeComponentInstance(OMX.google.flac.encoder) in mediacodec process
02-20 19:55:44.992  1374  1374 I MediaPlayerService: MediaPlayerService::getOMX
02-20 19:55:44.992  1374  1374 I OMXClient: MuxOMX ctor
02-20 19:55:44.992  1371  1371 I OMXMaster: makeComponentInstance(OMX.google.gsm.decoder) in mediacodec process
02-20 19:55:45.014  1760  1868 I LatinIME:LogUtils: Dictionary info: dictionary = main:en ; version = 54 ; date = 1414726273
02-20 19:55:45.023  1678  1678 D NetworkPolicy: setRestrictBackgroundUL(): false
02-20 19:55:45.023  1678  1678 W NetworkManagement: setDataSaverMode(): already false
02-20 19:55:45.028  1374  1374 I MediaPlayerService: MediaPlayerService::getOMX
02-20 19:55:45.028  1374  1374 I OMXClient: MuxOMX ctor
02-20 19:55:45.028  1371  1371 I OMXMaster: makeComponentInstance(OMX.google.mpeg4.decoder) in mediacodec process
02-20 19:55:45.048  1774  1774 I vol.Events: writeEvent collection_started
02-20 19:55:45.055  1371  1386 E OMXNodeInstance: getExtensionIndex(55b000f:google.mpeg4.decoder, OMX.google.android.index.configureVideoTunnelMode) ERROR: UnsupportedIndex(0x8000101a)
02-20 19:55:45.055  1371  1823 W OMXNodeInstance: [55b000f:google.mpeg4.decoder] component does not support metadata mode; using fallback
02-20 19:55:45.057  1374  1374 I MediaPlayerService: MediaPlayerService::getOMX
02-20 19:55:45.057  1374  1374 I OMXClient: MuxOMX ctor
02-20 19:55:45.057  1371  1860 I OMXMaster: makeComponentInstance(OMX.google.h263.decoder) in mediacodec process
02-20 19:55:45.084  1774  1909 I sysui_action: [213,2]
02-20 19:55:45.084  1774  1909 I vol.Events: writeEvent external_ringer_mode_changed normal
02-20 19:55:45.085  1774  1909 I vol.Events: writeEvent internal_ringer_mode_changed normal
02-20 19:55:45.171  1371  1386 E OMXNodeInstance: getExtensionIndex(55b0010:google.h263.decoder, OMX.google.android.index.configureVideoTunnelMode) ERROR: UnsupportedIndex(0x8000101a)
02-20 19:55:45.171  1371  1823 W OMXNodeInstance: [55b0010:google.h263.decoder] component does not support metadata mode; using fallback
02-20 19:55:45.197  1374  1374 I MediaPlayerService: MediaPlayerService::getOMX
02-20 19:55:45.198  1374  1374 I OMXClient: MuxOMX ctor
02-20 19:55:45.198  1371  1823 I OMXMaster: makeComponentInstance(OMX.google.h264.decoder) in mediacodec process
02-20 19:55:45.281  1374  1374 W ACodec  : [OMX.google.h264.decoder] stopping checking profiles after 32: 2/8000
02-20 19:55:45.282  1371  1386 E OMXNodeInstance: getExtensionIndex(55b0011:google.h264.decoder, OMX.google.android.index.configureVideoTunnelMode) ERROR: UnsupportedIndex(0x8000101a)
02-20 19:55:45.282  1371  1823 W OMXNodeInstance: [55b0011:google.h264.decoder] component does not support metadata mode; using fallback
02-20 19:55:45.321  1374  1374 I MediaPlayerService: MediaPlayerService::getOMX
02-20 19:55:45.322  1374  1374 I OMXClient: MuxOMX ctor
02-20 19:55:45.322  1371  1823 I OMXMaster: makeComponentInstance(OMX.google.hevc.decoder) in mediacodec process
02-20 19:55:45.365  1678  1678 I SystemServiceManager: Starting phase 600
02-20 19:55:45.376  1678  1678 D SensorNotificationService: Cannot obtain dynamic meta sensor, not supported.
02-20 19:55:45.378  1678  1733 I netstats_mobile_sample: [0,0,0,0,0,0,0,0,0,0,0,0,-1]
02-20 19:55:45.378  1678  1733 I netstats_wifi_sample: [0,0,0,0,0,0,0,0,0,0,0,0,-1]
02-20 19:55:45.384  1678  1678 D TelephonyRegistry: listen oscl: hasNotifySubscriptionInfoChangedOccurred==false no callback
02-20 19:55:45.401  1678  1678 I GnssLocationProvider: WakeLock acquired by sendMessage(13, 0, null)
02-20 19:55:45.402  1678  1693 W GnssLocationProvider: Could not open GPS configuration file /etc/gps.conf
02-20 19:55:45.402  1678  1693 E GnssLocationProvider: no AGPS interface in set_agps_server
02-20 19:55:45.403  1678  1678 W LocationProviderProxy-network: Odd, no component found for service com.android.location.service.v3.NetworkLocationProvider
02-20 19:55:45.408  1678  1854 I stream_devices_changed: [0,0,2]
02-20 19:55:45.409  1678  1854 I stream_devices_changed: [2,0,2]
02-20 19:55:45.409  1678  1854 I stream_devices_changed: [3,0,2]
02-20 19:55:45.410  1678  1854 I stream_devices_changed: [6,0,2]
02-20 19:55:45.410  1678  1854 I stream_devices_changed: [4,0,2]
02-20 19:55:45.410  1371  1371 E OMXNodeInstance: getExtensionIndex(55b0012:google.hevc.decoder, OMX.google.android.index.configureVideoTunnelMode) ERROR: UnsupportedIndex(0x8000101a)
02-20 19:55:45.411  1371  1860 W OMXNodeInstance: [55b0012:google.hevc.decoder] component does not support metadata mode; using fallback
02-20 19:55:45.411  1774  1909 I vol.Events: writeEvent level_changed STREAM_ALARM 6
02-20 19:55:45.412  1678  1678 W GeocoderProxy: Odd, no component found for service com.android.location.service.GeocodeProvider
02-20 19:55:45.412  1678  1678 E FlpHardwareProvider: Error hw_get_module 'flp': -2
02-20 19:55:45.412  1678  1678 D LocationManagerService: FLP HAL not supported
02-20 19:55:45.414  1374  1374 I MediaPlayerService: MediaPlayerService::getOMX
02-20 19:55:45.414  1678  1678 W GeofenceProxy: Odd, no component found for service com.android.location.service.GeofenceProvider
02-20 19:55:45.414  1374  1374 I OMXClient: MuxOMX ctor
02-20 19:55:45.414  1371  1386 I OMXMaster: makeComponentInstance(OMX.google.vp8.decoder) in mediacodec process
02-20 19:55:45.415  1678  1678 E ActivityRecognitionHardware: Error hw_get_module: -2
02-20 19:55:45.415  1678  1678 D LocationManagerService: Hardware Activity-Recognition not supported.
02-20 19:55:45.415  1678  1693 D TelephonyRegistry: listen oscl: hasNotifySubscriptionInfoChangedOccurred==false no callback
02-20 19:55:45.415  1678  1678 W ActivityRecognitionProxy: Odd, no component found for service com.android.location.service.ActivityRecognitionProvider
02-20 19:55:45.423  1774  1909 I vol.Events: writeEvent level_changed STREAM_BLUETOOTH_SCO 7
02-20 19:55:45.424  1774  1909 I vol.Events: writeEvent level_changed STREAM_MUSIC 11
02-20 19:55:45.431  1774  1909 I vol.Events: writeEvent level_changed STREAM_RING 5
02-20 19:55:45.431  1774  1909 I vol.Events: writeEvent level_changed STREAM_SYSTEM 5
02-20 19:55:45.432  1774  1909 I vol.Events: writeEvent level_changed STREAM_VOICE_CALL 4
02-20 19:55:45.433  1678  1678 I GnssLocationProvider: WakeLock acquired by sendMessage(2, 1, null)
02-20 19:55:45.444  1678  1678 I CommonTimeManagementService: No common time service detected on this platform.  Common time services will be unavailable.
02-20 19:55:45.445  1678  1678 D TelephonyRegistry: systemRunning register for intents
02-20 19:55:45.446  1678  1678 I MmsServiceBroker: Delay connecting to MmsService until an API is called
02-20 19:55:45.446  1678  1727 I InputReader: Reconfiguring input devices.  changes=0x00000020
02-20 19:55:45.448  1678  1727 I InputReader: Reconfiguring input devices.  changes=0x00000010
02-20 19:55:45.465  1313  1323 E SurfaceFlinger: ro.sf.lcd_density must be defined as a build property
02-20 19:55:45.479  1371  1371 E OMXNodeInstance: getExtensionIndex(55b0013:google.vp8.decoder, OMX.google.android.index.configureVideoTunnelMode) ERROR: UnsupportedIndex(0x8000101a)
02-20 19:55:45.479  1371  1860 W OMXNodeInstance: [55b0013:google.vp8.decoder] component does not support metadata mode; using fallback
02-20 19:55:45.481  1931  1931 W art     : Unexpected CPU variant for X86 using defaults: x86_64
02-20 19:55:45.481  1374  1374 I MediaPlayerService: MediaPlayerService::getOMX
02-20 19:55:45.483  1374  1374 I OMXClient: MuxOMX ctor
02-20 19:55:45.483  1371  1386 I OMXMaster: makeComponentInstance(OMX.google.vp9.decoder) in mediacodec process
02-20 19:55:45.487  1678  1678 I am_proc_start: [0,1931,1001,com.android.phone,added application,com.android.phone]
02-20 19:55:45.487  1678  1678 I ActivityManager: Start proc 1931:com.android.phone/1001 for added application com.android.phone
02-20 19:55:45.488  1678  1678 I ActivityManager: START u0 {act=android.intent.action.MAIN cat=[android.intent.category.HOME] flg=0x10000100 cmp=com.android.settings/.FallbackHome} from uid 0 on display 0
02-20 19:55:45.489  1678  1678 W System  : ClassLoader referenced unknown path: 
02-20 19:55:45.489  1678  1678 W System  : ClassLoader referenced unknown path: /system/priv-app/Settings/lib/x86_64
02-20 19:55:45.492  1678  1678 D ApplicationLoaders: ignored Vulkan layer search path /system/priv-app/Settings/lib/x86_64:/system/priv-app/Settings/Settings.apk!/lib/x86_64:/system/lib64:/vendor/lib64 for namespace 0x732d3440f160
02-20 19:55:45.499  1678  1678 I ActivityManager: Loaded persisted task ids for user 0
02-20 19:55:45.500  1678  1678 I am_create_task: [0,1]
02-20 19:55:45.500  1678  1678 I am_create_activity: [0,108012267,1,com.android.settings/.FallbackHome,android.intent.action.MAIN,NULL,NULL,276824320]
02-20 19:55:45.501  1678  1678 I wm_task_created: [1,0]
02-20 19:55:45.505  1678  1678 I wm_task_moved: [1,1,0]
02-20 19:55:45.504  1678  1693 I GnssLocationProvider: WakeLock released by handleMessage(13, 0, null)
02-20 19:55:45.505  1678  1678 I wm_task_moved: [1,1,0]
02-20 19:55:45.505  1678  1693 E GnssLocationProvider: no AGPS interface in set_agps_server
02-20 19:55:45.506  1678  1693 I GnssLocationProvider: WakeLock released by handleMessage(2, 1, null)
02-20 19:55:45.509  1678  1678 I am_focused_activity: [0,com.android.settings/.FallbackHome,startedActivity]
02-20 19:55:45.522  1678  1678 I am_proc_start: [0,1946,1000,com.android.settings,activity,com.android.settings/.FallbackHome]
02-20 19:55:45.522  1678  1678 I ActivityManager: Start proc 1946:com.android.settings/1000 for activity com.android.settings/.FallbackHome
02-20 19:55:45.525  1678  1854 I am_proc_bound: [0,1931,com.android.phone]
02-20 19:55:45.528  1678  1693 W LocationProviderProxy-network: Odd, no component found for service com.android.location.service.v3.NetworkLocationProvider
02-20 19:55:45.528  1678  1693 W GeocoderProxy: Odd, no component found for service com.android.location.service.GeocodeProvider
02-20 19:55:45.529  1678  1693 W GeofenceProxy: Odd, no component found for service com.android.location.service.GeofenceProvider
02-20 19:55:45.529  1678  1693 W ActivityRecognitionProxy: Odd, no component found for service com.android.location.service.ActivityRecognitionProvider
02-20 19:55:45.529  1371  1860 E OMXNodeInstance: getExtensionIndex(55b0014:google.vp9.decoder, OMX.google.android.index.configureVideoTunnelMode) ERROR: UnsupportedIndex(0x8000101a)
02-20 19:55:45.529  1371  1371 W OMXNodeInstance: [55b0014:google.vp9.decoder] component does not support metadata mode; using fallback
02-20 19:55:45.535  1678  1678 I SystemServer: Enabled StrictMode for system server main thread.
02-20 19:55:45.536  1374  1374 I MediaPlayerService: MediaPlayerService::getOMX
02-20 19:55:45.536  1374  1374 I OMXClient: MuxOMX ctor
02-20 19:55:45.536  1371  1823 I OMXMaster: makeComponentInstance(OMX.google.h263.encoder) in mediacodec process
02-20 19:55:45.536  1678  1678 D ConditionProviders.SCP: onConnected
02-20 19:55:45.536  1678  1678 D ZenLog  : set_zen_mode: off,readXml
02-20 19:55:45.538  1678  1678 D ConditionProviders: Subscribing to condition://android/schedule?days=6.7&start=23.30&end=10.0&exitAtAlarm=false with ComponentInfo{android/com.android.server.notification.ScheduleConditionProvider}
02-20 19:55:45.538  1678  1678 D ZenLog  : subscribe: condition://android/schedule?days=6.7&start=23.30&end=10.0&exitAtAlarm=false,ok
02-20 19:55:45.538  1678  1678 D ConditionProviders: Subscribing to condition://android/event?userId=-10000&calendar=&reply=1 with ComponentInfo{android/com.android.server.notification.EventConditionProvider}
02-20 19:55:45.538  1678  1678 D ZenLog  : subscribe: condition://android/event?userId=-10000&calendar=&reply=1,ok
02-20 19:55:45.538  1678  1678 D ConditionProviders: Subscribing to condition://android/schedule?days=1.2.3.4.5&start=22.0&end=7.0&exitAtAlarm=false with ComponentInfo{android/com.android.server.notification.ScheduleConditionProvider}
02-20 19:55:45.538  1678  1678 D ZenLog  : subscribe: condition://android/schedule?days=1.2.3.4.5&start=22.0&end=7.0&exitAtAlarm=false,ok
02-20 19:55:45.546  1774  1774 D         : HostConnection::get() New Host Connection established 0x732d2385c420, tid 1774
02-20 19:55:45.550  1946  1946 W art     : Unexpected CPU variant for X86 using defaults: x86_64
02-20 19:55:45.568  1931  1931 W System  : ClassLoader referenced unknown path: /system/priv-app/TeleService/lib/x86_64
02-20 19:55:45.571  1678  1689 I am_proc_bound: [0,1946,com.android.settings]
02-20 19:55:45.586  1678  1678 D RttService: SCAN_AVAILABLE : 1
02-20 19:55:45.586  1678  1678 D ZenLog  : set_zen_mode: off,cleanUpZenRules
02-20 19:55:45.587  1678  1741 I WifiScanningService: wifi driver unloaded
02-20 19:55:45.588  1678  1742 D RttService: DefaultState got{ when=-2ms what=160513 target=com.android.internal.util.StateMachine$SmHandler }
02-20 19:55:45.599  1371  1823 I SoftMPEG4Encoder: Construct SoftMPEG4Encoder
02-20 19:55:45.601  1374  1374 W ACodec  : do not know color format 0x7f000789 = 2130708361
02-20 19:55:45.601  1371  1860 E OMXNodeInstance: getConfig(55b0015:google.h263.encoder, ConfigAndroidIntraRefresh(0x6f60000a)) ERROR: Undefined(0x80001001)
02-20 19:55:45.604  1374  1374 I MediaPlayerService: MediaPlayerService::getOMX
02-20 19:55:45.604  1374  1374 I OMXClient: MuxOMX ctor
02-20 19:55:45.604  1371  1860 I OMXMaster: makeComponentInstance(OMX.google.h264.encoder) in mediacodec process
02-20 19:55:45.635  1313  1324 D PermissionCache: checking android.permission.READ_FRAME_BUFFER for uid=1000 => granted (296 us)
02-20 19:55:45.675  1374  1374 W ACodec  : do not know color format 0x7f000789 = 2130708361
02-20 19:55:45.676  1374  1374 I MediaPlayerService: MediaPlayerService::getOMX
02-20 19:55:45.676  1374  1374 I OMXClient: MuxOMX ctor
02-20 19:55:45.676  1371  1371 I OMXMaster: makeComponentInstance(OMX.google.mpeg4.encoder) in mediacodec process
02-20 19:55:45.695  1313  1324 D gralloc_ranchu: gralloc_alloc: Creating ashmem region of size 17051648
02-20 19:55:45.696  1371  1371 I SoftMPEG4Encoder: Construct SoftMPEG4Encoder
02-20 19:55:45.699  1374  1374 W ACodec  : do not know color format 0x7f000789 = 2130708361
02-20 19:55:45.699  1371  1860 E OMXNodeInstance: getConfig(55b0017:google.mpeg4.encoder, ConfigAndroidIntraRefresh(0x6f60000a)) ERROR: Undefined(0x80001001)
02-20 19:55:45.700  1374  1374 I MediaPlayerService: MediaPlayerService::getOMX
02-20 19:55:45.700  1374  1374 I OMXClient: MuxOMX ctor
02-20 19:55:45.700  1371  1860 I OMXMaster: makeComponentInstance(OMX.google.vp8.encoder) in mediacodec process
02-20 19:55:45.729  1374  1374 W ACodec  : do not know color format 0x7f000789 = 2130708361
02-20 19:55:45.729  1371  1860 E OMXNodeInstance: getConfig(55b0018:google.vp8.encoder, ConfigAndroidIntraRefresh(0x6f60000a)) ERROR: Undefined(0x80001001)
02-20 19:55:45.731  1374  1374 I MediaPlayerService: MediaPlayerService::getOMX
02-20 19:55:45.732  1374  1374 I OMXClient: MuxOMX ctor
02-20 19:55:45.734  1374  1374 I MediaPlayerService: MediaPlayerService::getOMX
02-20 19:55:45.734  1374  1374 I OMXClient: MuxOMX ctor
02-20 19:55:45.734  1374  1374 W MediaCodecList: unable to open media codecs configuration xml file: /data/misc/media/media_codecs_profiling_results.xml
02-20 19:55:45.736  1374  1833 I MediaPlayerService: MediaPlayerService::getOMX
02-20 19:55:45.737  1374  1884 I MediaPlayerService: MediaPlayerService::getOMX
02-20 19:55:45.737  1678  1802 I OMXClient: MuxOMX ctor
02-20 19:55:45.737  1774  1871 I OMXClient: MuxOMX ctor
02-20 19:55:45.739  1371  1860 I OMXMaster: makeComponentInstance(OMX.google.vorbis.decoder) in mediacodec process
02-20 19:55:45.755  1371  1386 I OMXMaster: makeComponentInstance(OMX.google.vorbis.decoder) in mediacodec process
02-20 19:55:45.793  1374  1833 I MediaPlayerService: MediaPlayerService::getOMX
02-20 19:55:45.793  1374  1411 I MediaPlayerService: MediaPlayerService::getOMX
02-20 19:55:45.794  1774  1985 I OMXClient: MuxOMX ctor
02-20 19:55:45.794  1678  1984 I OMXClient: MuxOMX ctor
02-20 19:55:45.794  1371  1371 I OMXMaster: makeComponentInstance(OMX.google.vorbis.decoder) in mediacodec process
02-20 19:55:45.799  1678  1689 I am_restart_activity: [0,108012267,1,com.android.settings/.FallbackHome]
02-20 19:55:45.801  1678  1701 W art     : Long monitor contention with owner Binder:1678_1 (1689) at void com.android.server.am.ActivityManagerService.attachApplication(android.app.IApplicationThread)(ActivityManagerService.java:6669) waiters=1 in void com.android.server.am.ActivityManagerService$LocalService.notifyAppTransitionCancelled() for 173ms
02-20 19:55:45.801  1678  1701 I dvm_lock_sample: [system_server,1,android.display,173,ActivityManagerService.java,21995,-,6669,34]
02-20 19:55:45.808  1931  1931 W System  : ClassLoader referenced unknown path: /system/priv-app/TelephonyProvider/lib/x86_64
02-20 19:55:45.808  1931  1931 D ApplicationLoaders: ignored Vulkan layer search path /system/priv-app/TelephonyProvider/lib/x86_64:/system/lib64:/vendor/lib64 for namespace 0x732d343a40f0
02-20 19:55:45.826  1946  1946 W System  : ClassLoader referenced unknown path: /system/priv-app/Settings/lib/x86_64
02-20 19:55:45.835  1678  1678 W System  : ClassLoader referenced unknown path: /system/priv-app/Telecom/lib/x86_64
02-20 19:55:45.842  1678  1678 D ApplicationLoaders: ignored Vulkan layer search path /system/priv-app/Telecom/lib/x86_64:/system/priv-app/Telecom/Telecom.apk!/lib/x86_64:/system/lib64:/vendor/lib64 for namespace 0x732d3440f1d0
02-20 19:55:45.842  1774  1774 D StorageNotification: Notifying about private volume: VolumeInfo{private}:
02-20 19:55:45.842  1774  1774 D StorageNotification:     type=PRIVATE diskId=null partGuid=null mountFlags=0 mountUserId=-1 
02-20 19:55:45.842  1774  1774 D StorageNotification:     state=MOUNTED 
02-20 19:55:45.842  1774  1774 D StorageNotification:     fsType=null fsUuid=null fsLabel=null 
02-20 19:55:45.842  1774  1774 D StorageNotification:     path=/data internalPath=null 
02-20 19:55:45.842  1774  1774 D StorageNotification: Notifying about public volume: VolumeInfo{public:253,64}:
02-20 19:55:45.842  1774  1774 D StorageNotification:     type=PUBLIC diskId=disk:253,64 partGuid=null mountFlags=VISIBLE 
02-20 19:55:45.842  1774  1774 D StorageNotification:     mountUserId=0 state=MOUNTED 
02-20 19:55:45.842  1774  1774 D StorageNotification:     fsType=vfat fsUuid=1E12-0B12 fsLabel=SDCARD 
02-20 19:55:45.842  1774  1774 D StorageNotification:     path=/storage/1E12-0B12 internalPath=/mnt/media_rw/1E12-0B12 
02-20 19:55:45.854  1371  1981 I OMXMaster: makeComponentInstance(OMX.google.vorbis.decoder) in mediacodec process
02-20 19:55:45.916  1946  1946 I am_on_resume_called: [0,com.android.settings.FallbackHome,LAUNCH_ACTIVITY]
02-20 19:55:45.928  1313  1323 E SurfaceFlinger: ro.sf.lcd_density must be defined as a build property
02-20 19:55:45.934  1946  1946 D         : HostConnection::get() New Host Connection established 0x732d257feb20, tid 1946
02-20 19:55:45.966  1931  1931 D TelephonyProvider: dbh.onOpen: ok, queried table=siminfo
02-20 19:55:45.966  1931  1931 D TelephonyProvider: dbh.onOpen: ok, queried table=carriers
02-20 19:55:45.970  1374  1833 I MediaPlayerService: MediaPlayerService::getOMX
02-20 19:55:45.970  1774  1991 I OMXClient: MuxOMX ctor
02-20 19:55:45.971  1371  1823 I OMXMaster: makeComponentInstance(OMX.google.vorbis.decoder) in mediacodec process
02-20 19:55:46.060  1931  1931 D TDC     : updateOrInsert: inserting: Modem { uuid=modem, state=0, rilModel=0, rat={}, maxActiveVoiceCall=1, maxActiveDataCall=1, maxStandby=1 }
02-20 19:55:46.060  1931  1931 D TDC     : updateOrInsert: inserting: Sim { uuid=sim, modemUuid=modem, state=0 }
02-20 19:55:46.064  1946  1990 D         : HostConnection::get() New Host Connection established 0x732d257fec40, tid 1990
02-20 19:55:46.065  1946  1990 I OpenGLRenderer: Initialized EGL, version 1.4
02-20 19:55:46.065  1946  1990 D OpenGLRenderer: Swap behavior 1
02-20 19:55:46.089  1931  1931 D CdmaSSM : subscriptionSource from settings: 0
02-20 19:55:46.089  1931  1931 I PhoneFactory: Cdma Subscription set to 0
02-20 19:55:46.091  1946  1990 D EGL_emulation: eglCreateContext: 0x732d257a7340: maj 3 min 0 rcv 3
02-20 19:55:46.098  1374  1374 I MediaPlayerService: MediaPlayerService::getOMX
02-20 19:55:46.099  1678  1996 I OMXClient: MuxOMX ctor
02-20 19:55:46.108  1931  1931 I PhoneFactory: Network Mode set to 0
02-20 19:55:46.110  1678  1678 E BluetoothAdapter: Bluetooth binder is null
02-20 19:55:46.112  1371  1386 I OMXMaster: makeComponentInstance(OMX.google.vorbis.decoder) in mediacodec process
02-20 19:55:46.148  1931  1931 D RILJ    : RIL(context, preferredNetworkType=0 cdmaSubscription=0)
02-20 19:55:46.170  1946  1990 D EGL_emulation: eglMakeCurrent: 0x732d257a7340: ver 3 0 (tinfo 0x732d257ffe20)
02-20 19:55:46.226  1774  1774 I Choreographer: Skipped 37 frames!  The application may be doing too much work on its main thread.
02-20 19:55:46.250  1931  1931 D RILJ    : Starting RILReceiver0 [SUB0]
02-20 19:55:46.253  1678  1678 I Telecom : SystemStateProvider: Registering car mode receiver: android.content.IntentFilter@559bca1: TS.init@AAA
02-20 19:55:46.260  1376  1464 I RILC    : libril: new connection to RIL_SOCKET_1
02-20 19:55:46.260  1376  1464 I RILC    : RIL Daemon version: android reference-ril 1.0
02-20 19:55:46.260  1931  2004 I RILJ    : (0) Connected to 'rild' socket
02-20 19:55:46.261  1931  2004 D RILJ    : [UNSL]< UNSOL_RIL_CONNECTED {12} [SUB0]
02-20 19:55:46.266  1931  1931 D RILJ    : [3648]> GET_HARDWARE_CONFIG [SUB0]
02-20 19:55:46.267  1931  1931 I PhoneFactory: Creating SubscriptionController
02-20 19:55:46.267  1376  1464 D RIL     : onRequest: GET_HARDWARE_CONFIG
02-20 19:55:46.267  1931  2004 D RILJ    : [3649]> RADIO_POWER off [SUB0]
02-20 19:55:46.269  1931  2004 D RILJ    : [3650]> RIL_REQUEST_CDMA_SET_SUBSCRIPTION_SOURCE : 0 [SUB0]
02-20 19:55:46.269  1376  1464 D RIL     : onRequest: RADIO_POWER
02-20 19:55:46.270  1931  2004 D RILJ    : setCellInfoListRate: 2147483647 [SUB0]
02-20 19:55:46.270  1931  2004 D RILJ    : [3651]> RIL_REQUEST_SET_CELL_INFO_LIST_RATE [SUB0]
02-20 19:55:46.270  1376  1464 D RIL     : onRequest: CDMA_SET_SUBSCRIPTION_SOURCE
02-20 19:55:46.270  1376  1464 D RIL     : onRequest: SET_UNSOL_CELL_INFO_LIST_RATE
02-20 19:55:46.270  1931  1931 D SubscriptionController: [SubscriptionController] init by Context
02-20 19:55:46.272  1931  2004 D RILJ    : [UNSL]< UNSOL_RESPONSE_RADIO_STATE_CHANGED RADIO_OFF [SUB0]
02-20 19:55:46.274  1931  2004 D RILJ    : [3652]> SCREEN_STATE: true [SUB0]
02-20 19:55:46.276  1376  1464 D RIL     : onRequest: SCREEN_STATE
02-20 19:55:46.276  1931  2004 D RILJ    : [UNSL]< UNSOL_NITZ_TIME_RECEIVED 18/02/20:19:55:38+0:0:Unknown!Unknown [SUB0]
02-20 19:55:46.278  1931  1931 D UiccController: Creating UiccController
02-20 19:55:46.279  1678  2005 I Telecom : Telecom: Non-call EVENT: AUDIO_ROUTE, Entering state QuiescentEarpieceRoute
02-20 19:55:46.288  1946  1990 D EGL_emulation: eglMakeCurrent: 0x732d257a7340: ver 3 0 (tinfo 0x732d257ffe20)
02-20 19:55:46.333  1931  1931 D TelephonyTester: register for intent action=com.android.internal.telephony.action_detached
02-20 19:55:46.333  1931  1931 D TelephonyTester: register for intent action=com.android.internal.telephony.action_attached
02-20 19:55:46.334  1931  2004 D RilRequest: [3648]< GET_HARDWARE_CONFIG error: com.android.internal.telephony.CommandException: RADIO_NOT_AVAILABLE ret=
02-20 19:55:46.334  1931  2004 D RILJ    : [3649]< RADIO_POWER  [SUB0]
02-20 19:55:46.334  1931  2004 D RilRequest: [3650]< RIL_REQUEST_CDMA_SET_SUBSCRIPTION_SOURCE error: com.android.internal.telephony.CommandException: RADIO_NOT_AVAILABLE ret=
02-20 19:55:46.334  1931  2004 D RilRequest: [3651]< RIL_REQUEST_SET_CELL_INFO_LIST_RATE error: com.android.internal.telephony.CommandException: RADIO_NOT_AVAILABLE ret=
02-20 19:55:46.334  1931  2004 D RilRequest: [3652]< SCREEN_STATE error: com.android.internal.telephony.CommandException: RADIO_NOT_AVAILABLE ret=
02-20 19:55:46.336  1931  1931 D Phone   : mDoesRilSendMultipleCallRing=true
02-20 19:55:46.336  1931  1931 D Phone   : mCallRingDelay=3000
02-20 19:55:46.342  1678  2006 I Telecom : CallAudioModeStateMachine: Message received: null.: TS.init->CAMSM.pM_1@AAA_0
02-20 19:55:46.343  1678  1968 I StatusBarManagerService: registerStatusBar bar=com.android.internal.statusbar.IStatusBar$Stub$Proxy@dfd380
02-20 19:55:46.345  1931  1931 D RILJ    : [3653]> RIL_REQUEST_START_LCE [SUB0]
02-20 19:55:46.345  1376  1464 D RIL     : onRequest: <unknown request>
02-20 19:55:46.345  1931  2004 D RilRequest: [3653]< RIL_REQUEST_START_LCE error: com.android.internal.telephony.CommandException: RADIO_NOT_AVAILABLE ret=
02-20 19:55:46.348  1678  1694 I boot_progress_enable_screen: 14348
02-20 19:55:46.349  1678  1701 I am_activity_launch_time: [0,108012267,com.android.settings/.FallbackHome,840,840]
02-20 19:55:46.349  1678  1701 I ActivityManager: Displayed com.android.settings/.FallbackHome: +840ms
02-20 19:55:46.349  1678  1694 V KeyguardServiceDelegate: *** Keyguard started
02-20 19:55:46.349  1678  1694 I screen_toggled: 1
02-20 19:55:46.351  1678  1701 I WindowManager: Screen frozen for +744ms due to AppWindowToken{ab06c06 token=Token{524a848 ActivityRecord{67022eb u0 com.android.settings/.FallbackHome t1}}}
02-20 19:55:46.353  1678  1694 W KeyguardServiceDelegate: onScreenTurningOn(): no keyguard service!
02-20 19:55:46.387  1931  1931 E RIL_ImsSms: getFormat should never be called from here!
02-20 19:55:46.387  1931  1931 D SMSDispatcher: SMSDispatcher: ctor mSmsCapable=true format=unknown mSmsSendDisabled=false
02-20 19:55:46.387  1931  1931 D RIL_ImsSms: ImsSMSDispatcher created
02-20 19:55:46.388  1931  1931 D SMSDispatcher: SMSDispatcher: ctor mSmsCapable=true format=3gpp2 mSmsSendDisabled=false
02-20 19:55:46.388  1931  1931 D CdmaSMSDispatcher: CdmaSMSDispatcher created
02-20 19:55:46.389  1678  1678 E BluetoothAdapter: Bluetooth binder is null
02-20 19:55:46.415  1374  1884 I MediaPlayerService: MediaPlayerService::getOMX
02-20 19:55:46.415  1678  2011 I OMXClient: MuxOMX ctor
02-20 19:55:46.415  1371  1823 I OMXMaster: makeComponentInstance(OMX.google.vorbis.decoder) in mediacodec process
02-20 19:55:46.416  1678  1678 I Telecom : Class: TelecomSystem.INSTANCE being set
02-20 19:55:46.416  1678  1678 E BluetoothAdapter: Bluetooth binder is null
02-20 19:55:46.417  1678  1678 W ContextImpl: Calling a method in the system process without a qualified user: android.app.ContextImpl.startService:1357 com.android.server.content.SyncManager$13.run:658 android.os.Handler.handleCallback:751 android.os.Handler.dispatchMessage:95 android.os.Looper.loop:154 
02-20 19:55:46.436  1678  1741 I WifiScanningService: wifi driver loaded with scan capabilities: max buckets=16
02-20 19:55:46.449  1678  1678 D RttService: SCAN_AVAILABLE : 3
02-20 19:55:46.450  1678  1742 D RttService: DefaultState got{ when=-1ms what=160512 target=com.android.internal.util.StateMachine$SmHandler }
02-20 19:55:46.524  1678  1695 I dvm_lock_sample: [system_server,1,android.ui,100,WindowManagerService.java,6783,-,8368,20]
02-20 19:55:46.524  1678  1694 W art     : Long monitor contention with owner android.display (1701) at void com.android.server.wm.WindowManagerService$H.handleMessage(android.os.Message)(WindowManagerService.java:8368) waiters=0 in void com.android.server.wm.WindowManagerService.performEnableScreen() for 169ms
02-20 19:55:46.524  1678  1694 I dvm_lock_sample: [system_server,1,ActivityManager,169,WindowManagerService.java,6036,-,8368,33]
02-20 19:55:46.524  1678  2008 E ActivityThread: Failed to find provider info for call_log
02-20 19:55:46.528  1931  1931 D GsmInboundSmsHandler: created InboundSmsHandler
02-20 19:55:46.564  1678  1678 W System  : ClassLoader referenced unknown path: /system/priv-app/FusedLocation/lib/x86_64
