02-20 19:58:32.043  1681  1693 I ActivityManager: Start proc 2120:com.google.android.deskclock/u0a67 for broadcast com.google.android.deskclock/com.android.deskclock.AlarmInitReceiver
02-20 19:58:32.048  1920  1920 D RuimRecords: [RuimRecords] NO update mccmnc=310260
02-20 19:58:32.048  1920  1920 D RuimRecords: [RuimRecords] onRecordLoaded 9 requested: true
02-20 19:58:32.048  1920  1920 D RILJ    : [3730]> iccIO: SIM_IO 0xb0 0x2fe2  path: 3F00,0,0,10 aid: null [SUB0]
02-20 19:58:32.049  1920  1920 D RILJ    : [3731]> RIL_REQUEST_SIM_CLOSE_CHANNEL [SUB0]
02-20 19:58:32.049  1376  1466 D RIL     : onRequest: SIM_IO
02-20 19:58:32.049  1376  1466 D AT      : AT> AT+CRSM=176,12258,0,0,10
02-20 19:58:32.050  1920  1920 D SubscriptionInfoUpdater: [Receiver]+
02-20 19:58:32.050  1920  1920 D SubscriptionInfoUpdater: Action: android.intent.action.SIM_STATE_CHANGED
02-20 19:58:32.050  1920  1920 D SubscriptionInfoUpdater: slotId: 0
02-20 19:58:32.050  1920  1920 D SubscriptionInfoUpdater: simStatus: READY
02-20 19:58:32.050  1920  1920 D SubscriptionInfoUpdater: Ignoring simStatus: READY
02-20 19:58:32.050  1920  1920 D SubscriptionInfoUpdater: [Receiver]-
02-20 19:58:32.052  1920  1920 D IccCardProxy: broadcastIccStateChangedIntent intent ACTION_SIM_STATE_CHANGED value=IMSI reason=null for mPhoneId=0
02-20 19:58:32.054  1376  1469 D AT      : AT< +CRSM: 144,0,98101430121181157002
02-20 19:58:32.054  1376  1469 D AT      : AT< OK
02-20 19:58:32.054  1376  1466 D RIL     : onRequest: SIM_CLOSE_CHANNEL
02-20 19:58:32.054  1376  1466 D AT      : AT> AT+CCHC=1
02-20 19:58:32.054  1376  1469 D AT      : AT< +CCHC
02-20 19:58:32.054  1376  1469 D AT      : AT< OK
02-20 19:58:32.057  2120  2120 W art     : Unexpected CPU variant for X86 using defaults: x86_64
02-20 19:58:32.058  1920  2003 D RILJ    : [3730]< SIM_IO IccIoResponse sw1:0x90 sw2:0x0 [SUB0]
02-20 19:58:32.065  1920  2003 D RILJ    : [3731]< RIL_REQUEST_SIM_CLOSE_CHANNEL  [SUB0]
02-20 19:58:32.072  1920  1920 D SIMRecords: [SIMRecords] onRecordLoaded 15 requested: true
02-20 19:58:32.072  1920  1920 D RILJ    : [3732]> iccIO: SIM_IO 0xc0 0x6f14  path: 3F007F20,0,0,15 aid: null [SUB0]
02-20 19:58:32.073  1920  1920 D SIMRecords: [SIMRecords] onRecordLoaded 15 requested: true
02-20 19:58:32.073  1920  1920 D SIMRecords: [SIMRecords] onRecordLoaded 14 requested: true
02-20 19:58:32.073  1920  1920 E SIMRecords: [SIMRecords] Exception in fetching EF_CSP data com.android.internal.telephony.CommandException: GENERIC_FAILURE
02-20 19:58:32.073  1920  1920 D SIMRecords: [SIMRecords] onRecordLoaded 13 requested: true
02-20 19:58:32.073  1920  1920 E SIMRecords: [SIMRecords] Exception in get GID1 com.android.internal.telephony.CommandException: GENERIC_FAILURE
02-20 19:58:32.073  1920  1920 D SIMRecords: [SIMRecords] onRecordLoaded 12 requested: true
02-20 19:58:32.073  1920  1920 E SIMRecords: [SIMRecords] Exception in get GID2 com.android.internal.telephony.CommandException: GENERIC_FAILURE
02-20 19:58:32.073  1920  1920 D SIMRecords: [SIMRecords] onRecordLoaded 11 requested: true
02-20 19:58:32.073  1920  1920 D RuimRecords: [RuimRecords] EF_PL LOADED
02-20 19:58:32.073  1920  1920 E RuimRecords: [RuimRecords] Record Load Exception: com.android.internal.telephony.CommandException: GENERIC_FAILURE
02-20 19:58:32.073  1920  1920 D RuimRecords: [RuimRecords] onRecordLoaded 8 requested: true
02-20 19:58:32.073  1920  1920 D RuimRecords: [RuimRecords] EF_CSIM_LI LOADED
02-20 19:58:32.074  1920  1920 E RuimRecords: [RuimRecords] Record Load Exception: com.android.internal.telephony.CommandException: GENERIC_FAILURE
02-20 19:58:32.074  1920  1920 D RuimRecords: [RuimRecords] onRecordLoaded 7 requested: true
02-20 19:58:32.074  1920  1920 D RuimRecords: [RuimRecords] EF_CSIM_SPN LOADED
02-20 19:58:32.074  1920  1920 E RuimRecords: [RuimRecords] Record Load Exception: com.android.internal.telephony.CommandException: GENERIC_FAILURE
02-20 19:58:32.074  1920  1920 D RuimRecords: [RuimRecords] onRecordLoaded 6 requested: true
02-20 19:58:32.074  1920  1920 D RuimRecords: [RuimRecords] EF_CSIM_MDN LOADED
02-20 19:58:32.074  1920  1920 E RuimRecords: [RuimRecords] Record Load Exception: com.android.internal.telephony.CommandException: GENERIC_FAILURE
02-20 19:58:32.074  1920  1920 D RuimRecords: [RuimRecords] onRecordLoaded 5 requested: true
02-20 19:58:32.074  1920  1920 D RuimRecords: [RuimRecords] EF_CSIM_IMSIM LOADED
02-20 19:58:32.074  1920  1920 E RuimRecords: [RuimRecords] Record Load Exception: com.android.internal.telephony.CommandException: GENERIC_FAILURE
02-20 19:58:32.074  1920  1920 D RuimRecords: [RuimRecords] onRecordLoaded 4 requested: true
02-20 19:58:32.074  1920  1920 D RuimRecords: [RuimRecords] EF_CSIM_CDMAHOME LOADED
02-20 19:58:32.074  1920  1920 E RuimRecords: [RuimRecords] Record Load Exception: com.android.internal.telephony.CommandException: GENERIC_FAILURE
02-20 19:58:32.074  1920  1920 D RuimRecords: [RuimRecords] onRecordLoaded 3 requested: true
02-20 19:58:32.074  1920  1920 D RuimRecords: [RuimRecords] EF_CSIM_EPRL LOADED
02-20 19:58:32.075  1920  1920 E RuimRecords: [RuimRecords] Record Load Exception: com.android.internal.telephony.CommandException: GENERIC_FAILURE
02-20 19:58:32.075  1920  1920 D RuimRecords: [RuimRecords] onRecordLoaded 2 requested: true
02-20 19:58:32.075  1920  1920 D RuimRecords: [RuimRecords] EF_CSIM_MIPUPP LOADED
02-20 19:58:32.075  1920  1920 E RuimRecords: [RuimRecords] Record Load Exception: com.android.internal.telephony.CommandException: GENERIC_FAILURE
02-20 19:58:32.075  1920  1920 D RuimRecords: [RuimRecords] onRecordLoaded 1 requested: true
02-20 19:58:32.075  1376  1466 D RIL     : onRequest: SIM_IO
02-20 19:58:32.075  1376  1466 D AT      : AT> AT+CRSM=192,28436,0,0,15
02-20 19:58:32.076  1376  1469 D AT      : AT< +CRSM: 144,0,000000146f1404001aa0aa01020000
02-20 19:58:32.076  1376  1469 D AT      : AT< OK
02-20 19:58:32.085  1920  2003 D RILJ    : [3732]< SIM_IO IccIoResponse sw1:0x90 sw2:0x0 [SUB0]
02-20 19:58:32.091  1681  2061 I am_proc_bound: [0,2120,com.google.android.deskclock]
02-20 19:58:32.101  2099  2099 W System  : ClassLoader referenced unknown path: /system/priv-app/PrebuiltGmsCore/lib/x86_64
02-20 19:58:32.106  1920  1920 D SIMRecords: [SIMRecords] iccid: 89014103211118510720
02-20 19:58:32.106  1920  1920 D SIMRecords: [SIMRecords] onRecordLoaded 10 requested: true
02-20 19:58:32.183  1920  1920 D SIMRecords: [SIMRecords] EF_MBI: 01000000
02-20 19:58:32.183  1920  1920 D SIMRecords: [SIMRecords] Got valid mailbox number for MBDN
02-20 19:58:32.183  1920  1920 D RILJ    : [3733]> iccIO: SIM_IO 0xc0 0x6fc7  path: 3F007F20,0,0,15 aid: null [SUB0]
02-20 19:58:32.184  1376  1466 D RIL     : onRequest: SIM_IO
02-20 19:58:32.184  1376  1466 D AT      : AT> AT+CRSM=192,28615,0,0,15
02-20 19:58:32.184  1920  1920 D SIMRecords: [SIMRecords] onRecordLoaded 10 requested: true
02-20 19:58:32.184  1920  1920 D SIMRecords: [SIMRecords] EF_AD: 00000003
02-20 19:58:32.184  1920  1920 D SIMRecords: [SIMRecords] setting4 mMncLength=3
02-20 19:58:32.184  1920  1920 D SIMRecords: [SIMRecords] update mccmnc=310260
02-20 19:58:32.184  1920  1920 D MccTable: updateMccMncConfiguration mccmnc='310260' fromServiceState=false
02-20 19:58:32.185  1376  1469 D AT      : AT< +CRSM: 144,0,000000406fc7040011a0aa01020120
02-20 19:58:32.186  1376  1469 D AT      : AT< OK
02-20 19:58:32.187  1920  2003 D RILJ    : [3733]< SIM_IO IccIoResponse sw1:0x90 sw2:0x0 [SUB0]
02-20 19:58:32.188  1920  1920 D SubscriptionController: [getPhoneId]- no sims, returning default phoneId=2147483647
02-20 19:58:32.188  1920  1920 D MccTable: updateMccMncConfiguration defaultMccMnc=
02-20 19:58:32.188  1920  1920 D MccTable: updateMccMncConfiguration: mcc=310, mnc=260
02-20 19:58:32.188  1920  1920 D MccTable: updateMccMncConfiguration updateConfig config={1.0 310mcc260mnc ?localeList ?layoutDir ?swdp ?wdp ?hdp ?density ?lsize ?long ?orien ?uimode ?night ?touch ?keyb/?/? ?nav/?}
02-20 19:58:32.189  1681  2119 I configuration_changed: 3
02-20 19:58:32.189  1681  2119 I ActivityManager: Config changes=3 {1.0 310mcc260mnc [en_US] ldltr sw360dp w360dp h668dp 640dpi nrml long port finger -keyb/v/h -nav/h s.5}
02-20 19:58:32.306  1764  1764 I InputAttributes: InputType.TYPE_NULL is specified
02-20 19:58:32.307  1312  2063 D gralloc_ranchu: gralloc_alloc: Creating ashmem region of size 17051648
02-20 19:58:32.314  1312  2063 D         : HostConnection::get() New Host Connection established 0x7fd9d32ea9e0, tid 2063
02-20 19:58:32.356  1681  2119 I am_relaunch_resume_activity: [0,60192891,1,com.android.settings/.FallbackHome]
02-20 19:58:32.388  1920  1920 D SIMRecords: [SIMRecords] onRecordLoaded 9 requested: true
02-20 19:58:32.388  1920  1920 D SIMRecords: [SIMRecords] EF_MWIS : 0000000000
02-20 19:58:32.388  1920  1920 D SIMRecords: [SIMRecords] onRecordLoaded 8 requested: true
02-20 19:58:32.388  1920  1920 D SIMRecords: [SIMRecords] EF_CPHS_MWI: 55
02-20 19:58:32.388  1920  1920 D SIMRecords: [SIMRecords] onRecordLoaded 7 requested: true
02-20 19:58:32.388  1920  1920 D SIMRecords: [SIMRecords] EF_CFF_CPHS: 55
02-20 19:58:32.388  1920  1920 D SIMRecords: [SIMRecords] onRecordLoaded 6 requested: true
02-20 19:58:32.389  1920  1920 D SIMRecords: [SIMRecords] onRecordLoaded 5 requested: true
02-20 19:58:32.390  1920  1920 D SIMRecords: [SIMRecords] SST: UsimServiceTable[120]={ PHONEBOOK, FDN, FDN_EXTENSION, SDN, SDN_EXTENSION, BDN, BDN_EXTENSION, OUTGOING_CALL_INFO, ADVICE_OF_CHARGE, CAP_CONFIG_PARAMS_2, GROUP_ID_LEVEL_1, GROUP_ID_LEVEL_2, SPN, USER_PLMN_SELECT, MSISDN, IMAGE, LOCALISED_SERVICE_AREAS, EMLPP, EMLPP_AUTO_ANSWER, RFU, GSM_ACCESS, DATA_DL_VIA_SMS_PP, DATA_DL_VIA_SMS_CB, CALL_CONTROL_BY_USIM, MO_SMS_CONTROL_BY_USIM, RUN_AT_COMMAND, APN_CONTROL_LIST, DEPERSONALISATION_CONTROL_KEYS, COOPERATIVE_NETWORK_LIST, GSM_SECURITY_CONTEXT, SERVICE_PROVIDER_DISPLAY_INFO, MMS_NOTIFICATION, MMS_NOTIFICATION_EXTENSION, GPRS_CALL_CONTROL_BY_USIM, VGCS_GROUP_ID_LIST, VBS_GROUP_ID_LIST, OMA_BCAST_PROFILE, GBA_LOCAL_KEY_ESTABLISHMENT, #101, #102, #103, #104, #105, #106, #107, #108, #109, #110 }
02-20 19:58:32.390  1920  1920 D SIMRecords: [SIMRecords] onRecordLoaded 4 requested: true
02-20 19:58:32.390  1920  1920 D SIMRecords: [SIMRecords] iCPHS: 0233
02-20 19:58:32.390  1920  1920 D SIMRecords: [SIMRecords] onRecordLoaded 3 requested: true
02-20 19:58:32.390  1920  1920 D RILJ    : [3734]> iccIO: SIM_IO 0xb0 0x6f14  path: 3F007F20,0,0,20 aid: null [SUB0]
02-20 19:58:32.396  1920  1920 D RuimRecords: [RuimRecords] iccid: 89014103211118510720
02-20 19:58:32.396  1920  1920 D RuimRecords: [RuimRecords] onRecordLoaded 0 requested: true
02-20 19:58:32.396  1920  1920 D RuimRecords: [RuimRecords] record load complete
02-20 19:58:32.396  1920  1920 D SIMRecords: [SIMRecords] MSISDN: [t-WgLegCyIMgfHgPkOdM6pkZbpA]
02-20 19:58:32.396  1920  1920 D SIMRecords: [SIMRecords] onRecordLoaded 2 requested: true
02-20 19:58:32.396  1920  1920 D RILJ    : [3735]> iccIO: SIM_IO 0xb2 0x6fc7  path: 3F007F20,1,4,32 aid: null [SUB0]
02-20 19:58:32.397  1365  1806 I art     : Starting a blocking GC HeapTrim
02-20 19:58:32.397  1376  1466 D RIL     : onRequest: SIM_IO
02-20 19:58:32.397  1376  1466 D AT      : AT> AT+CRSM=176,28436,0,0,20
02-20 19:58:32.398  1376  1469 D AT      : AT< +CRSM: 144,0,416e64726f6964ffffffffffffffffffffffffff
02-20 19:58:32.398  1376  1469 D AT      : AT< OK
02-20 19:58:32.398  1920  2003 D RILJ    : [3734]< SIM_IO IccIoResponse sw1:0x90 sw2:0x0 [SUB0]
02-20 19:58:32.399  1376  1466 D RIL     : onRequest: SIM_IO
02-20 19:58:32.399  1376  1466 D AT      : AT> AT+CRSM=178,28615,1,4,32
02-20 19:58:32.399  1376  1469 D AT      : AT< +CRSM: 144,0,566f6963656d61696cffffffffffffffffff07915155125740f9ffffffffffff
02-20 19:58:32.399  1376  1469 D AT      : AT< OK
02-20 19:58:32.399  1920  2003 D RILJ    : [3735]< SIM_IO IccIoResponse sw1:0x90 sw2:0x0 [SUB0]
02-20 19:58:32.404  1920  1920 D SIMRecords: [SIMRecords] getServiceProviderName: no brandOverride, providerName=Android
02-20 19:58:32.404  1920  1920 D SIMRecords: [SIMRecords] Load EF_SPN_CPHS: Android
02-20 19:58:32.404  1920  1920 D TelephonyManager: setTelephonyProperty: success phoneId=0 property=gsm.sim.operator.alpha value: Android propVal=Android
02-20 19:58:32.404  1920  1920 D SIMRecords: [SIMRecords] onRecordLoaded 1 requested: true
02-20 19:58:32.405  1920  1920 D SIMRecords: [SIMRecords] VM: ADN Record 'Voicemail' '[-MWU1cAlDrkXUZ8dpHi_wU_YOpU] null' EF[MBDN]
02-20 19:58:32.405  1920  1920 D SIMRecords: [SIMRecords] onRecordLoaded 0 requested: true
02-20 19:58:32.405  1920  1920 D SIMRecords: [SIMRecords] record load complete
02-20 19:58:32.405  1920  1920 D SIMRecords: [SIMRecords] Not using EF LI/EF PL
02-20 19:58:32.405  1920  1920 D SIMRecords: [SIMRecords] EF_CFF: callForwardingEnabled=0
02-20 19:58:32.405  1920  1920 D SIMRecords: [SIMRecords] onAllRecordsLoaded set 'gsm.sim.operator.numeric' to operator='310260'
02-20 19:58:32.405  1920  1920 D SIMRecords: [SIMRecords] update icc_operator_numeric=310260
02-20 19:58:32.405  1920  1920 D TelephonyManager: setTelephonyProperty: success phoneId=0 property=gsm.sim.operator.numeric value: 310260 propVal=310260
02-20 19:58:32.405  1920  1920 D SubscriptionController: [setMccMnc]+ mcc/mnc:310/260 subId:-1
02-20 19:58:32.406  1681  1695 I am_proc_start: [0,2141,10029,com.google.android.googlequicksearchbox:interactor,service,com.google.android.googlequicksearchbox/com.google.android.voiceinteraction.GsaVoiceInteractionService]
02-20 19:58:32.406  1681  1695 I ActivityManager: Start proc 2141:com.google.android.googlequicksearchbox:interactor/u0a29 for service com.google.android.googlequicksearchbox/com.google.android.voiceinteraction.GsaVoiceInteractionService
02-20 19:58:32.406  1681  1695 I ActivityManager: Loading recents for user 0 into memory.
02-20 19:58:32.418  2141  2141 W art     : Unexpected CPU variant for X86 using defaults: x86
02-20 19:58:32.438  1920  1920 D SubscriptionController: notifySubscriptionInfoChanged:
02-20 19:58:32.449  1681  1695 D ActivityManager: Sending BOOT_COMPLETE user #0
02-20 19:58:32.449  1681  1695 I sysui_histogram: [framework_boot_completed,16]
02-20 19:58:32.452  1681  1692 I am_proc_bound: [0,2141,com.google.android.googlequicksearchbox:interactor]
02-20 19:58:32.458  1920  1920 D SIMRecords: [SIMRecords] onAllRecordsLoaded set mcc imsi
02-20 19:58:32.458  1920  1920 D TelephonyManager: setTelephonyProperty: success phoneId=0 property=gsm.sim.operator.iso-country value: us propVal=us
02-20 19:58:32.461  1681  1681 I GnssLocationProvider: WakeLock acquired by sendMessage(12, 0, null)
02-20 19:58:32.463  1771  1771 I OpaLayout: Setting opa enabled to false
02-20 19:58:32.467  1920  1943 D SubscriptionController: [getActiveSubInfoList] Sub Controller not ready
02-20 19:58:32.468  1920  1920 D SST     : SubscriptionListener.onSubscriptionInfoChanged
02-20 19:58:32.468  1920  1920 D SIMRecords: [SIMRecords]  VoiceMessageCount from SIM MWIS = 0
02-20 19:58:32.469  1920  1920 E Phone   : getStoredVoiceMessageCount: invalid subId -2
02-20 19:58:32.469  1920  1920 D GsmCdmaPhone: [GsmCdmaPhone] updateVoiceMail countVoiceMessages = 0 subId -2
02-20 19:58:32.469  1920  1920 E Phone   : setVoiceMessageCount in sharedPreference: invalid subId -2
02-20 19:58:32.469  1771  1771 I OpaLayout: Setting opa enabled to false
02-20 19:58:32.469  1920  1920 D DCT     : [0]SubscriptionListener.onSubscriptionInfoChanged
02-20 19:58:32.470  1920  1920 D SubscriptionController: [getActiveSubInfoList] Sub Controller not ready
02-20 19:58:32.471  1920  1920 D SubscriptionController: [getActiveSubInfoList] Sub Controller not ready
02-20 19:58:32.478  1920  1920 I Telephony: PstnIncomingCallNotifier: Unregistering: Handler (com.android.internal.telephony.GsmCdmaPhone) {cec840b}
02-20 19:58:32.478  1920  1920 E PhoneInterfaceManager: [PhoneIntfMgr] getIccId: No UICC
02-20 19:58:32.486  1920  1943 D DCT     : [0]hasMatchedTetherApnSetting: APN=null
02-20 19:58:32.505  1681  1692 I Telecom : PhoneAccountRegistrar: [ComponentInfo{com.android.phone/com.android.services.telephony.TelephonyConnectionService}, [e0184adedf913b076626646d3f52c3b49c39ad6d], UserHandle{0}(addr: tel:*********** -> tel:)(icon: Icon(typ=BITMAP size=76x96) -> Icon(typ=BITMAP size=76x96))(subAddr: tel:*********** -> tel:)]: TSI.rPA@AAc
02-20 19:58:32.510  1681  1692 I Telecom : : Sending phone-account registered intent as user: TSI.rPA@AAc
02-20 19:58:32.513  1920  1920 I Telephony: AccountEntry: Registered phoneAccount: [[ ] PhoneAccount: ComponentInfo{com.android.phone/com.android.services.telephony.TelephonyConnectionService}, [e0184adedf913b076626646d3f52c3b49c39ad6d], UserHandle{0} Capabilities: CallProvider MultiUser PlaceEmerg SimSub  Schemes: tel voicemail  Extras: null GroupId: [da39a3ee5e6b4b0d3255bfef95601890afd80709]] with handle: ComponentInfo{com.android.phone/com.android.services.telephony.TelephonyConnectionService}, [e0184adedf913b076626646d3f52c3b49c39ad6d], UserHandle{0}
02-20 19:58:32.513  1920  1920 I Telephony: PstnIncomingCallNotifier: Registering: Handler (com.android.internal.telephony.GsmCdmaPhone) {cec840b}
02-20 19:58:32.523  1920  1920 D CAT     : CatService: handleMessage[20]
02-20 19:58:32.525  1920  1920 D GsmCdmaPhone: [GsmCdmaPhone] updateCurrentCarrierInProvider: mSubId = -2 currentDds = 1 operatorNumeric = 310260
02-20 19:58:32.525  1920  1920 D IccCardProxy: operator=310260 mPhoneId=0
02-20 19:58:32.525  1920  1920 D TelephonyManager: setTelephonyProperty: success phoneId=0 property=gsm.sim.operator.numeric value: 310260 propVal=310260
02-20 19:58:32.527  1920  1920 D TelephonyManager: setTelephonyProperty: success phoneId=0 property=gsm.sim.operator.iso-country value: us propVal=us
02-20 19:58:32.527  1920  1920 D IccCardProxy: Sending intent ACTION_INTERNAL_SIM_STATE_CHANGED for mPhoneId : 0
02-20 19:58:32.528  1920  1920 D SST     : EVENT_SIM_RECORDS_LOADED: what=16
02-20 19:58:32.529  1920  1920 D GsmCdmaPhone: [GsmCdmaPhone] updatePhoneObject: radioTechnology=0
02-20 19:58:32.529  1920  1920 D SST     : getOtasp: otasp not needed for GSM
02-20 19:58:32.529  1920  1920 D SST     : updateOtaspState: call notifyOtaspChanged old otaspMode=0 new otaspMode=3
02-20 19:58:32.530  1920  1920 D SIMRecords: [SIMRecords] getServiceProviderName: no brandOverride, providerName=Android
02-20 19:58:32.530  1920  1920 D SIMRecords: [SIMRecords] getServiceProviderName: no brandOverride, providerName=Android
02-20 19:58:32.531  1920  1920 D SST     : updateSpnDisplay: changed sending intent rule=1 showPlmn='false' plmn='Android' showSpn='true' spn='Android' dataSpn='Android' subId='-2'
02-20 19:58:32.545  1920  1920 D SubscriptionController: [setPlmnSpn] No valid subscription to store info
02-20 19:58:32.546  1920  1920 D SubscriptionController: notifySubscriptionInfoChanged:
02-20 19:58:32.548  1920  1920 D SubscriptionInfoUpdater: [Receiver]+
02-20 19:58:32.548  1920  1920 D SubscriptionInfoUpdater: Action: android.intent.action.SIM_STATE_CHANGED
02-20 19:58:32.548  1920  1920 D SubscriptionInfoUpdater: slotId: 0
02-20 19:58:32.548  1920  1920 D SubscriptionInfoUpdater: simStatus: IMSI
02-20 19:58:32.549  1920  1920 D SubscriptionInfoUpdater: Ignoring simStatus: IMSI
02-20 19:58:32.549  1920  1920 D SubscriptionInfoUpdater: [Receiver]-
02-20 19:58:32.549  1920  1920 D WAP PUSH: Received broadcast android.intent.action.USER_UNLOCKED
02-20 19:58:32.549  1920  1920 D WAP PUSH: Received broadcast android.intent.action.USER_UNLOCKED
02-20 19:58:32.549  1920  1920 D SmsBroadcastUndelivered: Received broadcast android.intent.action.USER_UNLOCKED
02-20 19:58:32.549  1920  1920 D SubscriptionInfoUpdater: [Receiver]+
02-20 19:58:32.549  1920  1920 D SubscriptionInfoUpdater: Action: android.intent.action.USER_UNLOCKED
02-20 19:58:32.549  1920  1920 D SubscriptionInfoUpdater: Broadcasting intent ACTION_SIM_STATE_CHANGED for mCardIndex: 0
02-20 19:58:32.550  1920  1920 D SubscriptionInfoUpdater: [Receiver]-
02-20 19:58:32.550  1920  1920 D CarrierSvcBindHelper: Received android.intent.action.USER_UNLOCKED
02-20 19:58:32.552  1920  1920 D CarrierSvcBindHelper: No carrier app for: 0
02-20 19:58:32.553  1920  1920 E PhoneInterfaceManager: [PhoneIntfMgr] getIccId: No UICC
02-20 19:58:32.557  2099  2099 I LoadedApk: No resource references to update in package FFFFFFFFFFFFFFFFFFFFFF
02-20 19:58:32.569  1920  2168 D SmsBroadcastUndelivered: scanning raw table for undelivered messages
02-20 19:58:32.570  1920  2167 E WAP PUSH: bindService() for wappush manager failed
02-20 19:58:32.572  1920  2166 E WAP PUSH: bindService() for wappush manager failed
02-20 19:58:32.578  1681  2118 I Telecom : PhoneAccountRegistrar: [ComponentInfo{com.android.phone/com.android.services.telephony.TelephonyConnectionService}, [e0184adedf913b076626646d3f52c3b49c39ad6d], UserHandle{0}(icon: Icon(typ=BITMAP size=76x96) -> Icon(typ=BITMAP size=76x96))]: TSI.rPA@AAo
02-20 19:58:32.583  1681  2118 I Telecom : : Sending phone-account registered intent as user: TSI.rPA@AAo
02-20 19:58:32.586  1920  1920 D GsmCdmaPhone: [GsmCdmaPhone] phoneObjectUpdater: newVoiceRadioTech=0
02-20 19:58:32.588  1920  1920 D GsmCdmaPhone: [GsmCdmaPhone] phoneObjectUpdater: volteReplacementRat=0
02-20 19:58:32.588  1920  1920 E GsmCdmaPhone: [GsmCdmaPhone] phoneObjectUpdater: newVoiceRadioTech=0 doesn't match either CDMA or GSM - error! No phone change
02-20 19:58:32.588  1920  1920 D SubscriptionInfoUpdater: [Receiver]+
02-20 19:58:32.588  1920  1920 D SubscriptionInfoUpdater: Action: android.intent.action.internal_sim_state_changed
02-20 19:58:32.588  1920  1920 D SubscriptionInfoUpdater: slotId: 0
02-20 19:58:32.588  1920  1920 D SubscriptionInfoUpdater: simStatus: LOADED
02-20 19:58:32.588  1920  1920 D SubscriptionInfoUpdater: [Receiver]-
02-20 19:58:32.588  1920  1920 D DCT     : [0]SubscriptionListener.onSubscriptionInfoChanged
02-20 19:58:32.588  1920  1920 D SST     : SubscriptionListener.onSubscriptionInfoChanged
02-20 19:58:32.589  1920  1920 D SubscriptionController: [getActiveSubInfoList] Sub Controller not ready
02-20 19:58:32.590  1920  2168 D SmsBroadcastUndelivered: finished scanning raw table in 20 ms
02-20 19:58:32.603  1920  1920 D SubscriptionController: [getActiveSubInfoList] Sub Controller not ready
02-20 19:58:32.603  1920  1920 I Telephony: PstnIncomingCallNotifier: Unregistering: Handler (com.android.internal.telephony.GsmCdmaPhone) {cec840b}
02-20 19:58:32.606  1920  1920 E PhoneInterfaceManager: [PhoneIntfMgr] getIccId: No UICC
02-20 19:58:32.608  1681  1681 I AccountManagerService: User 0 is unlocked - opening CE database
02-20 19:58:32.633  1681  2119 I Telecom : PhoneAccountRegistrar: [ComponentInfo{com.android.phone/com.android.services.telephony.TelephonyConnectionService}, [e0184adedf913b076626646d3f52c3b49c39ad6d], UserHandle{0}(icon: Icon(typ=BITMAP size=76x96) -> Icon(typ=BITMAP size=76x96))]: TSI.rPA@AAs
02-20 19:58:32.637  1681  2119 I Telecom : : Sending phone-account registered intent as user: TSI.rPA@AAs
02-20 19:58:32.638  1920  1920 I Telephony: AccountEntry: Registered phoneAccount: [[ ] PhoneAccount: ComponentInfo{com.android.phone/com.android.services.telephony.TelephonyConnectionService}, [e0184adedf913b076626646d3f52c3b49c39ad6d], UserHandle{0} Capabilities: CallProvider MultiUser PlaceEmerg SimSub  Schemes: tel voicemail  Extras: null GroupId: [da39a3ee5e6b4b0d3255bfef95601890afd80709]] with handle: ComponentInfo{com.android.phone/com.android.services.telephony.TelephonyConnectionService}, [e0184adedf913b076626646d3f52c3b49c39ad6d], UserHandle{0}
02-20 19:58:32.638  1920  1920 I Telephony: PstnIncomingCallNotifier: Registering: Handler (com.android.internal.telephony.GsmCdmaPhone) {cec840b}
02-20 19:58:32.642  1920  1920 D SubscriptionInfoUpdater: [Receiver]+
02-20 19:58:32.642  1920  1920 D SubscriptionInfoUpdater: Action: android.intent.action.SIM_STATE_CHANGED
02-20 19:58:32.642  1920  1920 D SubscriptionInfoUpdater: slotId: 0
02-20 19:58:32.642  1920  1920 D SubscriptionInfoUpdater: simStatus: IMSI
02-20 19:58:32.642  1920  1920 D SubscriptionInfoUpdater: Ignoring simStatus: IMSI
02-20 19:58:32.642  1920  1920 D SubscriptionInfoUpdater: [Receiver]-
02-20 19:58:32.642  1920  1920 D SubscriptionInfoUpdater: handleSimStateLoadedInternal: slotId: 0
02-20 19:58:32.642  1920  1920 D SubscriptionInfoUpdater: All IccIds query complete
02-20 19:58:32.642  1920  1920 D SubscriptionInfoUpdater: updateSubscriptionInfoByIccId:+ Start
02-20 19:58:32.649  1920  1920 D SubscriptionController: [clearSubInfo]- no simInfo size=0
02-20 19:58:32.649  1920  1920 D SubscriptionInfoUpdater: insertedSimCount = 1
02-20 19:58:32.649  1920  1920 D SubscriptionController: [getSubInfoUsingSlotIdWithCheck]+ slotId:0
02-20 19:58:32.657  1920  1920 D SubscriptionController: [getPhoneId]- no sims, returning default phoneId=2147483647
02-20 19:58:32.661  1920  1920 D SubscriptionController: [getPhoneId]- no sims, returning default phoneId=2147483647
02-20 19:58:32.662  1920  1920 D SubscriptionController: [getPhoneId]- no sims, returning default phoneId=2147483647
02-20 19:58:32.668  1920  1920 D SubscriptionController: [getSubInfoUsingSlotId]- null info return
02-20 19:58:32.668  1920  1920 D SubscriptionInfoUpdater: updateSubscriptionInfoByIccId: oldSubId = 1
02-20 19:58:32.668  1920  1920 D SubscriptionInfoUpdater: updateSubscriptionInfoByIccId: oldIccId[0] = 89014103211118510720, sIccId[0] = 89014103211118510720
02-20 19:58:32.668  1920  1920 D SubscriptionController: [addSubInfoRecord]+ iccId:89014103211118510720 slotId:0
02-20 19:58:32.668  2120  2120 W System  : ClassLoader referenced unknown path: /system/app/PrebuiltDeskClockGoogle/lib/x86_64
02-20 19:58:32.677  1920  1920 D SubscriptionController: [getActiveSubInfoList] Sub Controller not ready
02-20 19:58:32.677  1920  1920 D SubscriptionController: [addSubInfoRecord] Record already exists
02-20 19:58:32.681  1920  1920 D SubscriptionController: [addSubInfoRecord] sSlotIdxToSubId.size=1 slotId=0 subId=1 defaultSubId=1 simCount=1
02-20 19:58:32.681  1920  1920 D SubscriptionController: [setDefaultFallbackSubId] subId=1
02-20 19:58:32.682  1920  1920 D SubscriptionController: [setDefaultFallbackSubId] set mDefaultFallbackSubId=1
02-20 19:58:32.682  1920  1920 D MccTable: updateMccMncConfiguration mccmnc='310260' fromServiceState=false
02-20 19:58:32.684  1920  1920 D MccTable: updateMccMncConfiguration defaultMccMnc=310260
02-20 19:58:32.684  1920  1920 D MccTable: updateMccMncConfiguration: mcc=310, mnc=260
02-20 19:58:32.684  1920  1920 D MccTable: updateMccMncConfiguration updateConfig config={1.0 310mcc260mnc ?localeList ?layoutDir ?swdp ?wdp ?hdp ?density ?lsize ?long ?orien ?uimode ?night ?touch ?keyb/?/? ?nav/?}
02-20 19:58:32.685  1920  1920 D SubscriptionController: [setDefaultFallbackSubId] broadcast default subId changed phoneId=0 subId=1
02-20 19:58:32.686  1920  1920 D SubscriptionController: [addSubInfoRecord] one sim set defaults to subId=1
02-20 19:58:32.687  1920  1920 D SubscriptionController: [setDefaultDataSubId] num phones=1, subId=1
02-20 19:58:32.687  1920  1920 D SubscriptionController: [setDefaultDataSubId] phoneId=0 subId=1 RAF=1
02-20 19:58:32.687  1920  1920 D ProxyController: setRadioCapability: Already in requested configuration, nothing to do.
02-20 19:58:32.687  1920  1920 D SubscriptionController: [updateAllDataConnectionTrackers] sPhones.length=1
02-20 19:58:32.687  1920  1920 D SubscriptionController: [updateAllDataConnectionTrackers] phoneId=0
02-20 19:58:32.687  1920  1920 D DCT     : [0]update sub = 1
02-20 19:58:32.688  1920  1920 D DCT     : [0]update(): Active DDS, register for all events now!
02-20 19:58:32.688  1920  1920 D DCT     : [0]New records found.
02-20 19:58:32.688  1920  1920 D SST     : mDeviceShuttingDown=false, mDesiredPowerState=true, getRadioState=RADIO_ON, mPowerOffDelayNeed=true, mAlarmSwitch=false, mRadioDisabledByCarrier=false
02-20 19:58:32.689  1920  1920 D GsmCdmaPhone: [GsmCdmaPhone] updateCurrentCarrierInProvider: mSubId = 1 currentDds = 1 operatorNumeric = 310260
02-20 19:58:32.753  1771  1771 E BluetoothAdapter: Bluetooth binder is null
02-20 19:58:32.816  2170  2170 W art     : Unexpected CPU variant for X86 using defaults: x86_64
02-20 19:58:32.821  1681  2119 W ActivityManager: Slow operation: 68ms so far, now at startProcess: returned from zygote!
02-20 19:58:32.821  1681  2119 W ActivityManager: Slow operation: 68ms so far, now at startProcess: done updating battery stats
02-20 19:58:32.821  1681  2119 I am_proc_start: [0,2170,10014,com.google.process.gapps,content provider,com.google.android.gsf/.gservices.GservicesProvider]
02-20 19:58:32.821  1681  2119 W ActivityManager: Slow operation: 68ms so far, now at startProcess: building log message
02-20 19:58:32.821  1681  2119 I ActivityManager: Start proc 2170:com.google.process.gapps/u0a14 for content provider com.google.android.gsf/.gservices.GservicesProvider
02-20 19:58:32.821  1681  2119 W ActivityManager: Slow operation: 68ms so far, now at startProcess: starting to update pids map
02-20 19:58:32.821  1681  2119 W ActivityManager: Slow operation: 68ms so far, now at startProcess: done updating pids map
02-20 19:58:32.821  1681  2119 W ActivityManager: Slow operation: 68ms so far, now at startProcess: done starting proc!
02-20 19:58:32.821  1681  2119 W ActivityManager: Slow operation: 69ms so far, now at getContentProviderImpl: after start process
02-20 19:58:32.821  1681  2119 W ActivityManager: Slow operation: 69ms so far, now at getContentProviderImpl: updating data structures
02-20 19:58:32.821  1681  2119 W ActivityManager: Slow operation: 69ms so far, now at getContentProviderImpl: done!
02-20 19:58:32.827  1681  1757 I am_proc_bound: [0,2170,com.google.process.gapps]
02-20 19:58:32.839  1681  1681 I GnssLocationProvider: WakeLock acquired by sendMessage(12, 0, null)
02-20 19:58:32.852  2170  2170 I art     : Starting a blocking GC AddRemoveAppImageSpace
02-20 19:58:32.852  2170  2170 W System  : ClassLoader referenced unknown path: /system/priv-app/GoogleServicesFramework/lib/x86_64
02-20 19:58:32.869  1681  1691 I art     : Background sticky concurrent mark sweep GC freed 58370(3MB) AllocSpace objects, 14(316KB) LOS objects, 16% free, 15MB/18MB, paused 1.695ms total 306.795ms
02-20 19:58:32.875  1920  1920 D SubscriptionController: [broadcastDefaultDataSubIdChanged] subId=1
02-20 19:58:32.881  1920  1920 D SubscriptionController: [setDefaultSmsSubId] subId=1
02-20 19:58:32.882  1920  1920 D SubscriptionController: [broadcastDefaultSmsSubIdChanged] subId=1
02-20 19:58:32.883  1920  1920 D SubscriptionController: [setDefaultVoiceSubId] subId=1
02-20 19:58:32.883  1920  1920 D SubscriptionController: [broadcastDefaultVoiceSubIdChanged] subId=1
02-20 19:58:32.885  1920  1920 D SubscriptionController: [addSubInfoRecord] hashmap(0,1)
02-20 19:58:32.896  1771  1771 I CameraManagerGlobal: Connecting to camera service
02-20 19:58:32.896  2170  2170 I GservicesProvider: Gservices pushing to system: true; secure/global: true
02-20 19:58:32.897  1367  1367 V EmulatedCamera_Camera: getCameraInfo
02-20 19:58:32.897  1367  1367 V EmulatedCamera_BaseCamera: getCameraInfo
02-20 19:58:32.897  1367  1367 I CameraService: getCameraCharacteristics: Switching to HAL1 shim implementation...
02-20 19:58:32.897  1367  1367 V EmulatedCamera_Camera: getCameraInfo
02-20 19:58:32.897  1367  1367 V EmulatedCamera_BaseCamera: getCameraInfo
02-20 19:58:32.897  1367  1367 I CameraService: CameraService::connect call (PID -1 "cameraserver", camera ID 0) for HAL version default and Camera API version 1
02-20 19:58:32.898  1367  1367 E CameraService: getCameraPriorityFromProcState: Received invalid process state -1 from ActivityManagerService!
02-20 19:58:32.898  1367  1367 V EmulatedCamera_Camera: getCameraInfo
02-20 19:58:32.898  1367  1367 V EmulatedCamera_BaseCamera: getCameraInfo
02-20 19:58:32.905  1920  2197 D RILJ    : [3736]> RIL_REQUEST_GET_CELL_INFO_LIST [SUB0]
02-20 19:58:32.907  1376  1466 D RIL     : onRequest: GET_CELL_INFO_LIST
02-20 19:58:32.907  1376  1466 D RILC    : responseCellInfoList: v12
02-20 19:58:32.908  1920  2003 D RILJ    : [3736]< RIL_REQUEST_GET_CELL_INFO_LIST [CellInfoGsm:{mRegistered=YES mTimeStampType=modem mTimeStamp=17163513903ns CellIdentityGsm:{ mMcc=310 mMnc=260 mLac=3 mCid=91 mArfcn=10 mBsic=0x0} CellSignalStrengthGsm: ss=-597691976 ber=32405 mTa=-588493700}] [SUB0]
02-20 19:58:32.908  1374  2205 E WVMExtractor: Failed to open libwvm.so: dlopen failed: library "libwvm.so" not found
02-20 19:58:32.914  1920  1920 D SubscriptionController: [addSubInfoRecord] sim name = Android
02-20 19:58:32.914  1920  1920 D DCT     : [0]update sub = 1
02-20 19:58:32.914  1920  1920 D DCT     : [0]update(): Active DDS, register for all events now!
02-20 19:58:32.915  1920  1920 D GsmCdmaPhone: [GsmCdmaPhone] updateCurrentCarrierInProvider: mSubId = 1 currentDds = 1 operatorNumeric = 310260
02-20 19:58:32.921  1374  2204 D NuPlayerDriver: notifyListener_l(0xec928f60), (1, 0, 0), loop setting(0, 0)
02-20 19:58:32.930  1681  2098 I BackupManagerService: Found stale backup journal, scheduling
02-20 19:58:32.949  1935  1935 I Choreographer: Skipped 42 frames!  The application may be doing too much work on its main thread.
02-20 19:58:32.959  2208  2208 W art     : Unexpected CPU variant for X86 using defaults: x86
02-20 19:58:32.973  1681  1757 I am_proc_start: [0,2208,10029,com.google.android.googlequicksearchbox:search,service,com.google.android.googlequicksearchbox/com.google.android.hotword.service.HotwordService]
02-20 19:58:32.973  1681  1757 I ActivityManager: Start proc 2208:com.google.android.googlequicksearchbox:search/u0a29 for service com.google.android.googlequicksearchbox/com.google.android.hotword.service.HotwordService
02-20 19:58:32.974  1681  1695 I dvm_lock_sample: [system_server,1,ActivityManager,12,ActivityManagerService.java,2294,-,17301,2]
02-20 19:58:33.038  1935  1935 I am_on_paused_called: [0,com.android.settings.FallbackHome,handleRelaunchActivity]
02-20 19:58:33.046  1920  1920 D SubscriptionController: [addSubInfoRecord]- info size=1
02-20 19:58:33.047  1920  1920 D SubscriptionInfoUpdater: newSim = false
02-20 19:58:33.047  1920  1920 D SubscriptionInfoUpdater: updateSubscriptionInfoByIccId: sInsertSimState[0] = 0
02-20 19:58:33.051  1920  1920 D SubscriptionInfoUpdater: updateSubscriptionInfoByIccId: nSubCount = 1
02-20 19:58:33.052  1920  1920 D SubscriptionController: [setDefaultDataSubId] num phones=1, subId=1
02-20 19:58:33.052  1920  1920 D SubscriptionController: [setDefaultDataSubId] phoneId=0 subId=1 RAF=1
02-20 19:58:33.052  1920  1920 D ProxyController: setRadioCapability: Already in requested configuration, nothing to do.
02-20 19:58:33.052  1920  1920 D SubscriptionController: [updateAllDataConnectionTrackers] sPhones.length=1
02-20 19:58:33.052  1920  1920 D SubscriptionController: [updateAllDataConnectionTrackers] phoneId=0
02-20 19:58:33.052  1920  1920 D DCT     : [0]update sub = 1
02-20 19:58:33.052  1920  1920 D DCT     : [0]update(): Active DDS, register for all events now!
02-20 19:58:33.052  1920  1920 D GsmCdmaPhone: [GsmCdmaPhone] updateCurrentCarrierInProvider: mSubId = 1 currentDds = 1 operatorNumeric = 310260
02-20 19:58:33.078  1374  2206 D NuPlayerDriver: notifyListener_l(0xeb1134e0), (1, 0, 0), loop setting(0, 0)
02-20 19:58:33.087  1374  2221 D NuPlayerDriver: notifyListener_l(0xeb113420), (1, 0, 0), loop setting(0, 0)
02-20 19:58:33.088  1367  1367 I CameraFlashlight: Opening camera 0
02-20 19:58:33.088  1367  1367 V EmulatedCamera_Camera: getCameraInfo
02-20 19:58:33.088  1367  1367 V EmulatedCamera_BaseCamera: getCameraInfo
02-20 19:58:33.088  1367  1367 V EmulatedCamera_Camera: connectCamera
02-20 19:58:33.088  1367  1367 V EmulatedCamera_FakeDevice: connectDevice
02-20 19:58:33.088  1367  1367 V EmulatedCamera_CallbackNotifier: setCallbacks: 0xf28d8e80, 0xf28d8ed0, 0xf28d8ff0, 0xf28d9110 (0xf2643320)
02-20 19:58:33.088  1367  1367 V EmulatedCamera_CallbackNotifier: enableMessage: msg_type = 0xc0d
02-20 19:58:33.088  1367  1367 V EmulatedCamera_CallbackNotifier:     CAMERA_MSG_ERROR
02-20 19:58:33.088  1367  1367 V EmulatedCamera_CallbackNotifier:     CAMERA_MSG_FOCUS
02-20 19:58:33.088  1367  1367 V EmulatedCamera_CallbackNotifier:     CAMERA_MSG_ZOOM
02-20 19:58:33.088  1367  1367 V EmulatedCamera_CallbackNotifier:     CAMERA_MSG_PREVIEW_METADATA
02-20 19:58:33.088  1367  1367 V EmulatedCamera_CallbackNotifier: **** Currently enabled messages:
02-20 19:58:33.088  1367  1367 V EmulatedCamera_CallbackNotifier:     CAMERA_MSG_ERROR
02-20 19:58:33.088  1367  1367 V EmulatedCamera_CallbackNotifier:     CAMERA_MSG_FOCUS
02-20 19:58:33.088  1367  1367 V EmulatedCamera_CallbackNotifier:     CAMERA_MSG_ZOOM
02-20 19:58:33.089  1367  1367 V EmulatedCamera_CallbackNotifier:     CAMERA_MSG_PREVIEW_METADATA
02-20 19:58:33.089  1367  1367 V EmulatedCamera_CallbackNotifier: disableMessage: msg_type = 0xffff
02-20 19:58:33.089  1367  1367 V EmulatedCamera_CallbackNotifier:     CAMERA_MSG_ERROR
02-20 19:58:33.089  1367  1367 V EmulatedCamera_CallbackNotifier:     CAMERA_MSG_SHUTTER
02-20 19:58:33.089  1367  1367 V EmulatedCamera_CallbackNotifier:     CAMERA_MSG_FOCUS
02-20 19:58:33.089  1367  1367 V EmulatedCamera_CallbackNotifier:     CAMERA_MSG_ZOOM
02-20 19:58:33.089  1367  1367 V EmulatedCamera_CallbackNotifier:     CAMERA_MSG_PREVIEW_FRAME
02-20 19:58:33.089  1367  1367 V EmulatedCamera_CallbackNotifier:     CAMERA_MSG_VIDEO_FRAME
02-20 19:58:33.089  1367  1367 V EmulatedCamera_CallbackNotifier:     CAMERA_MSG_POSTVIEW_FRAME
02-20 19:58:33.089  1367  1367 V EmulatedCamera_CallbackNotifier:     CAMERA_MSG_RAW_IMAGE
02-20 19:58:33.089  1367  1367 V EmulatedCamera_CallbackNotifier:     CAMERA_MSG_COMPRESSED_IMAGE
02-20 19:58:33.089  1367  1367 V EmulatedCamera_CallbackNotifier:     CAMERA_MSG_RAW_IMAGE_NOTIFY
02-20 19:58:33.089  1367  1367 V EmulatedCamera_CallbackNotifier:     CAMERA_MSG_PREVIEW_METADATA
02-20 19:58:33.089  1367  1367 V EmulatedCamera_CallbackNotifier: **** Currently enabled messages:
02-20 19:58:33.089  1367  1367 V EmulatedCamera_Preview: setPreviewWindow: current: 0x0 -> new: 0x0
02-20 19:58:33.089  1367  1367 V EmulatedCamera_Camera: doStopPreview
02-20 19:58:33.090  1367  1367 V EmulatedCamera_Camera: cancelPicture
02-20 19:58:33.090  1367  1367 V EmulatedCamera_Camera: releaseCamera
02-20 19:58:33.090  1367  1367 V EmulatedCamera_Camera: doStopPreview
02-20 19:58:33.090  1367  1367 V EmulatedCamera_FakeDevice: disconnectDevice
02-20 19:58:33.090  1367  1367 W EmulatedCamera_Device: Initialize: Emulated camera device is already initialized: mState = 1
02-20 19:58:33.090  1367  1367 D EmulatedCamera_FakeCamera: Initialize: Fake camera is facing back
02-20 19:58:33.090  1367  1367 V EmulatedCamera_Device: initializeWhiteBalanceModes with auto, 1.000000, 1.000000
02-20 19:58:33.090  1367  1367 V EmulatedCamera_Device: initializeWhiteBalanceModes with incandescent, 1.380000, 0.600000
02-20 19:58:33.090  1367  1367 V EmulatedCamera_Device: initializeWhiteBalanceModes with daylight, 1.090000, 0.920000
02-20 19:58:33.090  1367  1367 V EmulatedCamera_Device: initializeWhiteBalanceModes with twilight, 0.920000, 1.220000
02-20 19:58:33.090  1367  1367 V EmulatedCamera_Device: setWhiteBalanceMode with white balance auto
02-20 19:58:33.090  1367  1367 I CameraFlashlight: Destroying camera 0
02-20 19:58:33.090  1367  1367 V EmulatedCamera_Camera: closeCamera
02-20 19:58:33.090  1367  1367 V EmulatedCamera_Camera: doStopPreview
02-20 19:58:33.090  1367  1367 W EmulatedCamera_Device: Initialize: Emulated camera device is already initialized: mState = 1
02-20 19:58:33.090  1367  1367 D EmulatedCamera_FakeCamera: Initialize: Fake camera is facing back
02-20 19:58:33.090  1367  1367 V EmulatedCamera_Device: initializeWhiteBalanceModes with auto, 1.000000, 1.000000
02-20 19:58:33.090  1367  1367 V EmulatedCamera_Device: initializeWhiteBalanceModes with incandescent, 1.380000, 0.600000
02-20 19:58:33.090  1367  1367 V EmulatedCamera_Device: initializeWhiteBalanceModes with daylight, 1.090000, 0.920000
02-20 19:58:33.090  1367  1367 V EmulatedCamera_Device: initializeWhiteBalanceModes with twilight, 0.920000, 1.220000
02-20 19:58:33.090  1367  1367 V EmulatedCamera_Device: setWhiteBalanceMode with white balance auto
02-20 19:58:33.090  1367  1367 I CameraService: disconnect: Disconnected client for camera 0 for PID 1367
02-20 19:58:33.090  1374  1968 D NuPlayerDriver: reset(0xec928f60) at state 4
02-20 19:58:33.090  1374  1968 D NuPlayerDriver: notifyListener_l(0xec928f60), (8, 0, 0), loop setting(0, 0)
02-20 19:58:33.090  1374  2204 D NuPlayerDriver: notifyResetComplete(0xec928f60)
02-20 19:58:33.091  1374  1374 D NuPlayerDriver: reset(0xeb1134e0) at state 4
02-20 19:58:33.091  1374  1374 D NuPlayerDriver: notifyListener_l(0xeb1134e0), (8, 0, 0), loop setting(0, 0)
02-20 19:58:33.091  1374  2206 D NuPlayerDriver: notifyResetComplete(0xeb1134e0)
02-20 19:58:33.092  1374  1374 D NuPlayerDriver: reset(0xeb113420) at state 4
02-20 19:58:33.092  1374  1374 D NuPlayerDriver: notifyListener_l(0xeb113420), (8, 0, 0), loop setting(0, 0)
02-20 19:58:33.092  1374  2221 D NuPlayerDriver: notifyResetComplete(0xeb113420)
02-20 19:58:33.092  1367  1712 V EmulatedCamera_Camera: getCameraInfo
02-20 19:58:33.092  1367  1712 V EmulatedCamera_BaseCamera: getCameraInfo
02-20 19:58:33.093  1367  1712 V EmulatedCamera_Camera: getCameraInfo
02-20 19:58:33.093  1367  1712 V EmulatedCamera_BaseCamera: getCameraInfo
02-20 19:58:33.122  1920  1920 D SubscriptionController: [broadcastDefaultDataSubIdChanged] subId=1
02-20 19:58:33.131  2224  2224 W art     : Unexpected CPU variant for X86 using defaults: x86_64
02-20 19:58:33.133  1771  1771 I StatusBar: isKeyguardShowing() called before startKeyguard(), returning true
02-20 19:58:33.133  1771  1771 W StatusBar: isKeyguardSecure() called before startKeyguard(), returning false
02-20 19:58:33.133  1771  1771 W StatusBar: java.lang.Throwable
02-20 19:58:33.133  1771  1771 W StatusBar: 	at com.android.systemui.statusbar.BaseStatusBar.isKeyguardSecure(BaseStatusBar.java:2647)
02-20 19:58:33.133  1771  1771 W StatusBar: 	at com.android.systemui.statusbar.BaseStatusBar.isCameraAllowedByAdmin(BaseStatusBar.java:2670)
02-20 19:58:33.133  1771  1771 W StatusBar: 	at com.android.systemui.statusbar.phone.KeyguardBottomAreaView.updateCameraVisibility(KeyguardBottomAreaView.java:309)
02-20 19:58:33.133  1771  1771 W StatusBar: 	at com.android.systemui.statusbar.phone.KeyguardBottomAreaView.setPhoneStatusBar(KeyguardBottomAreaView.java:272)
02-20 19:58:33.133  1771  1771 W StatusBar: 	at com.android.systemui.statusbar.phone.PhoneStatusBar.makeStatusBarView(PhoneStatusBar.java:904)
02-20 19:58:33.133  1771  1771 W StatusBar: 	at com.android.systemui.statusbar.phone.PhoneStatusBar.addStatusBarWindow(PhoneStatusBar.java:3432)
02-20 19:58:33.133  1771  1771 W StatusBar: 	at com.android.systemui.statusbar.phone.PhoneStatusBar.createAndAddWindows(PhoneStatusBar.java:3428)
02-20 19:58:33.133  1771  1771 W StatusBar: 	at com.android.systemui.statusbar.BaseStatusBar.start(BaseStatusBar.java:765)
02-20 19:58:33.133  1771  1771 W StatusBar: 	at com.android.systemui.statusbar.phone.PhoneStatusBar.start(PhoneStatusBar.java:686)
02-20 19:58:33.133  1771  1771 W StatusBar: 	at com.android.systemui.statusbar.SystemBars.createStatusBarFromConfig(SystemBars.java:106)
02-20 19:58:33.133  1771  1771 W StatusBar: 	at com.android.systemui.statusbar.SystemBars.onNoService(SystemBars.java:58)
02-20 19:58:33.133  1771  1771 W StatusBar: 	at com.android.systemui.statusbar.ServiceMonitor.startService(ServiceMonitor.java:230)
02-20 19:58:33.133  1771  1771 W StatusBar: 	at com.android.systemui.statusbar.ServiceMonitor.-wrap5(ServiceMonitor.java)
02-20 19:58:33.133  1771  1771 W StatusBar: 	at com.android.systemui.statusbar.ServiceMonitor$1.handleMessage(ServiceMonitor.java:73)
02-20 19:58:33.133  1771  1771 W StatusBar: 	at android.os.Handler.dispatchMessage(Handler.java:102)
02-20 19:58:33.133  1771  1771 W StatusBar: 	at android.os.Looper.loop(Looper.java:154)
02-20 19:58:33.133  1771  1771 W StatusBar: 	at android.app.ActivityThread.main(ActivityThread.java:6119)
02-20 19:58:33.133  1771  1771 W StatusBar: 	at java.lang.reflect.Method.invoke(Native Method)
02-20 19:58:33.133  1771  1771 W StatusBar: 	at com.android.internal.os.ZygoteInit$MethodAndArgsCaller.run(ZygoteInit.java:886)
02-20 19:58:33.133  1771  1771 W StatusBar: 	at com.android.internal.os.ZygoteInit.main(ZygoteInit.java:776)
02-20 19:58:33.133  1771  1771 I StatusBar: isKeyguardShowing() called before startKeyguard(), returning true
02-20 19:58:33.134  1771  1771 W StatusBar: isKeyguardSecure() called before startKeyguard(), returning false
02-20 19:58:33.134  1771  1771 W StatusBar: java.lang.Throwable
02-20 19:58:33.134  1771  1771 W StatusBar: 	at com.android.systemui.statusbar.BaseStatusBar.isKeyguardSecure(BaseStatusBar.java:2647)
02-20 19:58:33.134  1771  1771 W StatusBar: 	at com.android.systemui.statusbar.BaseStatusBar.isCameraAllowedByAdmin(BaseStatusBar.java:2670)
02-20 19:58:33.134  1771  1771 W StatusBar: 	at com.android.systemui.statusbar.phone.KeyguardBottomAreaView.updateCameraVisibility(KeyguardBottomAreaView.java:309)
02-20 19:58:33.134  1771  1771 W StatusBar: 	at com.android.systemui.statusbar.phone.KeyguardBottomAreaView.setUserSetupComplete(KeyguardBottomAreaView.java:281)
02-20 19:58:33.134  1771  1771 W StatusBar: 	at com.android.systemui.statusbar.phone.PhoneStatusBar.makeStatusBarView(PhoneStatusBar.java:905)
02-20 19:58:33.134  1771  1771 W StatusBar: 	at com.android.systemui.statusbar.phone.PhoneStatusBar.addStatusBarWindow(PhoneStatusBar.java:3432)
02-20 19:58:33.134  1771  1771 W StatusBar: 	at com.android.systemui.statusbar.phone.PhoneStatusBar.createAndAddWindows(PhoneStatusBar.java:3428)
02-20 19:58:33.134  1771  1771 W StatusBar: 	at com.android.systemui.statusbar.BaseStatusBar.start(BaseStatusBar.java:765)
02-20 19:58:33.134  1771  1771 W StatusBar: 	at com.android.systemui.statusbar.phone.PhoneStatusBar.start(PhoneStatusBar.java:686)
02-20 19:58:33.134  1771  1771 W StatusBar: 	at com.android.systemui.statusbar.SystemBars.createStatusBarFromConfig(SystemBars.java:106)
02-20 19:58:33.134  1771  1771 W StatusBar: 	at com.android.systemui.statusbar.SystemBars.onNoService(SystemBars.java:58)
02-20 19:58:33.134  1771  1771 W StatusBar: 	at com.android.systemui.statusbar.ServiceMonitor.startService(ServiceMonitor.java:230)
02-20 19:58:33.134  1771  1771 W StatusBar: 	at com.android.systemui.statusbar.ServiceMonitor.-wrap5(ServiceMonitor.java)
02-20 19:58:33.134  1771  1771 W StatusBar: 	at com.android.systemui.statusbar.ServiceMonitor$1.handleMessage(ServiceMonitor.java:73)
02-20 19:58:33.134  1771  1771 W StatusBar: 	at android.os.Handler.dispatchMessage(Handler.java:102)
02-20 19:58:33.134  1771  1771 W StatusBar: 	at android.os.Looper.loop(Looper.java:154)
02-20 19:58:33.134  1771  1771 W StatusBar: 	at android.app.ActivityThread.main(ActivityThread.java:6119)
02-20 19:58:33.134  1771  1771 W StatusBar: 	at java.lang.reflect.Method.invoke(Native Method)
02-20 19:58:33.134  1771  1771 W StatusBar: 	at com.android.internal.os.ZygoteInit$MethodAndArgsCaller.run(ZygoteInit.java:886)
02-20 19:58:33.134  1771  1771 W StatusBar: 	at com.android.internal.os.ZygoteInit.main(ZygoteInit.java:776)
02-20 19:58:33.144  1681  1755 I am_proc_start: [0,2224,1000,com.android.keychain,service,com.android.keychain/.KeyChainService]
02-20 19:58:33.144  1681  1755 I ActivityManager: Start proc 2224:com.android.keychain/1000 for service com.android.keychain/.KeyChainService
02-20 19:58:33.145  1681  1801 I am_proc_bound: [0,2208,com.google.android.googlequicksearchbox:search]
02-20 19:58:33.146  1920  1920 D SubscriptionController: notifySubscriptionInfoChanged:
02-20 19:58:33.147  1920  1934 D SubscriptionMonitor: Phone[0] subId changed -2->1, 1 registrants
02-20 19:58:33.147  1920  1934 D SubscriptionMonitor: mDefaultDataSubId = 1, 1 registrants
02-20 19:58:33.149  1681  1681 I GnssLocationProvider: WakeLock acquired by sendMessage(12, 0, null)
02-20 19:58:33.159  1920  1920 D SubscriptionInfoUpdater: updateSubscriptionInfoByIccId:- SsubscriptionInfo update complete
02-20 19:58:33.160  1920  1920 D MccTable: updateMccMncConfiguration mccmnc='310260' fromServiceState=false
02-20 19:58:33.161  1920  1920 D MccTable: updateMccMncConfiguration defaultMccMnc=310260
02-20 19:58:33.161  1920  1920 D MccTable: updateMccMncConfiguration: mcc=310, mnc=260
02-20 19:58:33.161  1920  1920 D MccTable: updateMccMncConfiguration updateConfig config={1.0 310mcc260mnc ?localeList ?layoutDir ?swdp ?wdp ?hdp ?density ?lsize ?long ?orien ?uimode ?night ?touch ?keyb/?/? ?nav/?}
02-20 19:58:33.164  1920  1920 D SubscriptionController: [setMccMnc]+ mcc/mnc:310/260 subId:1
02-20 19:58:33.168  1920  1934 D SubscriptionController: [getPhoneId] asked for default subId=1
02-20 19:58:33.251  1367  2203 V EmulatedCamera_Camera: getCameraInfo
02-20 19:58:33.251  1367  2203 V EmulatedCamera_BaseCamera: getCameraInfo
02-20 19:58:33.251  1681  1692 I am_proc_bound: [0,2224,com.android.keychain]
02-20 19:58:33.252  1367  1367 V EmulatedCamera_Camera: getCameraInfo
02-20 19:58:33.252  1367  1367 V EmulatedCamera_BaseCamera: getCameraInfo
02-20 19:58:33.338  1935  1984 D EGL_emulation: eglMakeCurrent: 0x788ebcbf4520: ver 3 0 (tinfo 0x788ec70f6b00)
02-20 19:58:33.339  1935  1935 I am_on_stop_called: [0,com.android.settings.FallbackHome,destroy]
02-20 19:58:33.396  1920  2009 D GsmCellBroadcastHandler: mWakeLock released
02-20 19:58:33.401  2224  2224 W System  : ClassLoader referenced unknown path: /system/app/KeyChain/lib/x86_64
02-20 19:58:33.411  1935  1935 D FallbackHome: User unlocked and real home found; let's go!
