02-20 19:58:27.243  1681  1733 D VoldConnector: RCV <- {651 public:253,64 7}
02-20 19:58:27.243  1681  1733 D VoldConnector: RCV <- {659 public:253,64}
02-20 19:58:27.243  1681  1733 D VoldConnector: RCV <- {649 disk:253,64}
02-20 19:58:27.243  1681  1733 D VoldConnector: RCV <- {640 disk:253,64 5}
02-20 19:58:27.243  1681  1733 D VoldConnector: RCV <- {641 disk:253,64 536870912}
02-20 19:58:27.243  1681  1733 D VoldConnector: RCV <- {642 disk:253,64 Virtual}
02-20 19:58:27.243  1681  1733 D VoldConnector: RCV <- {644 disk:253,64 /sys//devices/pci0000:00/0000:00:07.0/virtio4/block/vde}
02-20 19:58:27.244  1681  1702 V MountService: Found primary storage at VolumeInfo{emulated}:
02-20 19:58:27.244  1681  1702 V MountService:     type=EMULATED diskId=null partGuid=null mountFlags=0 mountUserId=-1 
02-20 19:58:27.244  1681  1702 V MountService:     state=UNMOUNTED 
02-20 19:58:27.244  1681  1702 V MountService:     fsType=null fsUuid=null fsLabel=null 
02-20 19:58:27.244  1681  1702 V MountService:     path=null internalPath=null 
02-20 19:58:27.244  1312  1325 D gralloc_ranchu: gralloc_alloc: Creating ashmem region of size 17051648
02-20 19:58:27.255  1764  1764 W art     : Unexpected CPU variant for X86 using defaults: x86_64
02-20 19:58:27.265  1681  1681 I am_proc_start: [0,1771,10028,com.android.systemui,service,com.android.systemui/.ImageWallpaper]
02-20 19:58:27.265  1681  1681 I ActivityManager: Start proc 1771:com.android.systemui/u0a28 for service com.android.systemui/.ImageWallpaper
02-20 19:58:27.266  1681  1695 I ActivityManager: Force stopping com.android.providers.media appid=10011 user=-1: vold reset
02-20 19:58:27.268  1681  1754 E BluetoothAdapter: Bluetooth binder is null
02-20 19:58:27.268  1681  1681 D UsbAlsaManager: Adding ALSA device AlsaDevice: [card: 0, device: 0, type: 1]
02-20 19:58:27.268  1681  1681 D UsbAlsaManager: Adding ALSA device AlsaDevice: [card: 0, device: 0, type: 2]
02-20 19:58:27.268  1681  1681 I SystemServer: WebViewFactory preparation
02-20 19:58:27.268  1681  1754 E BluetoothAdapter: Bluetooth binder is null
02-20 19:58:27.272  1366  1366 I AudioFlinger: systemReady
02-20 19:58:27.274  1267  1302 V vold    : DISK mbr
02-20 19:58:27.274  1267  1302 V vold    : 
02-20 19:58:27.275  1771  1771 W art     : Unexpected CPU variant for X86 using defaults: x86_64
02-20 19:58:27.276  1681  1681 D WebViewFactory: Setting new address space to 137955392
02-20 19:58:27.276  1267  1302 W vold    : disk:253,64 has unknown partition table; trying entire device
02-20 19:58:27.276  1267  1302 V vold    : /system/bin/blkid
02-20 19:58:27.276  1267  1302 V vold    :     -c
02-20 19:58:27.276  1267  1302 V vold    :     /dev/null
02-20 19:58:27.276  1267  1302 V vold    :     -s
02-20 19:58:27.276  1267  1302 V vold    :     TYPE
02-20 19:58:27.276  1267  1302 V vold    :     -s
02-20 19:58:27.276  1267  1302 V vold    :     UUID
02-20 19:58:27.276  1267  1302 V vold    :     -s
02-20 19:58:27.276  1267  1302 V vold    :     LABEL
02-20 19:58:27.276  1267  1302 V vold    :     /dev/block/vold/disk:253,64
02-20 19:58:27.284  1681  1681 I Zygote  : Process: zygote socket opened, supported ABIS: x86
02-20 19:58:27.286  1365  1365 I art     : Starting a blocking GC Background
02-20 19:58:27.286  1681  1696 D         : HostConnection::get() New Host Connection established 0x788ebf413620, tid 1696
02-20 19:58:27.306  1681  1783 E WVMExtractor: Failed to open libwvm.so: dlopen failed: library "libwvm.so" not found
02-20 19:58:27.326  1267  1302 V vold    : /dev/block/vold/disk:253,64: LABEL="SDCARD" UUID="1E12-0B12" TYPE="vfat" 
02-20 19:58:27.326  1267  1302 V vold    : 
02-20 19:58:27.327  1681  1733 D VoldConnector: RCV <- {650 public:253,64 0 "disk:253,64" ""}
02-20 19:58:27.338  1681  1733 D VoldConnector: RCV <- {651 public:253,64 0}
02-20 19:58:27.339  1681  1733 D VoldConnector: RCV <- {643 disk:253,64}
02-20 19:58:27.339  1681  1733 D VoldConnector: RCV <- {200 3 Command succeeded}
02-20 19:58:27.339  1681  1732 D VoldConnector: SND -> {4 volume user_added 0 0}
02-20 19:58:27.341  1681  1733 D VoldConnector: RCV <- {200 4 Command succeeded}
02-20 19:58:27.341  1374  1374 I MediaPlayerService: MediaPlayerService::getOMX
02-20 19:58:27.342  1374  1374 I OMXClient: MuxOMX ctor
02-20 19:58:27.344  1681  1681 W ActivityManager: Slow operation: 61ms so far, now at startProcess: returned from zygote!
02-20 19:58:27.344  1681  1681 W ActivityManager: Slow operation: 61ms so far, now at startProcess: done updating battery stats
02-20 19:58:27.344  1681  1681 I am_proc_start: [0,1802,1037,WebViewLoader-x86,,]
02-20 19:58:27.344  1681  1681 W ActivityManager: Slow operation: 61ms so far, now at startProcess: building log message
02-20 19:58:27.344  1681  1681 I ActivityManager: Start proc 1802:WebViewLoader-x86/1037 [android.webkit.WebViewFactory$RelroFileCreator] for 
02-20 19:58:27.344  1681  1681 W ActivityManager: Slow operation: 61ms so far, now at startProcess: starting to update pids map
02-20 19:58:27.344  1681  1681 W ActivityManager: Slow operation: 61ms so far, now at startProcess: done updating pids map
02-20 19:58:27.344  1681  1681 W ActivityManager: Slow operation: 62ms so far, now at startProcess: done starting proc!
02-20 19:58:27.345  1374  1374 I MediaPlayerService: MediaPlayerService::getOMX
02-20 19:58:27.345  1374  1374 I OMXClient: MuxOMX ctor
02-20 19:58:27.345  1371  1371 I OMXMaster: makeComponentInstance(OMX.google.mp3.decoder) in mediacodec process
02-20 19:58:27.362  1681  1681 I am_proc_start: [0,1807,1037,WebViewLoader-x86_64,,]
02-20 19:58:27.362  1681  1681 I ActivityManager: Start proc 1807:WebViewLoader-x86_64/1037 [android.webkit.WebViewFactory$RelroFileCreator] for 
02-20 19:58:27.363  1681  1681 D NetworkManagement: enabling bandwidth control
02-20 19:58:27.373  1681  1692 I am_proc_bound: [0,1764,com.android.inputmethod.latin]
02-20 19:58:27.381  1681  1693 I am_proc_bound: [0,1771,com.android.systemui]
02-20 19:58:27.402  1802  1802 W art     : Unexpected CPU variant for X86 using defaults: x86
02-20 19:58:27.403  1807  1807 W art     : Unexpected CPU variant for X86 using defaults: x86_64
02-20 19:58:27.405  1681  1732 D VoldConnector: SND -> {5 volume mount emulated 3 -1}
02-20 19:58:27.406  1267  1302 V vold    : Waiting for FUSE to spin up...
02-20 19:58:27.406  1681  1733 D VoldConnector: RCV <- {651 emulated 1}
02-20 19:58:27.406  1681  1733 D VoldConnector: RCV <- {656 emulated /data/media}
02-20 19:58:27.407  1681  1733 D VoldConnector: RCV <- {655 emulated /storage/emulated}
02-20 19:58:27.441  1807  1807 V WebViewFactory: RelroFileCreator (64bit = true),  32-bit lib: /system/app/Chrome/Chrome.apk!/lib/x86/libmonochrome.so, 64-bit lib: /system/app/Chrome/Chrome.apk!/lib/x86_64/libmonochrome.so
02-20 19:58:27.472  1267  1302 V vold    : Waiting for FUSE to spin up...
02-20 19:58:27.525  1815  1815 W sdcard  : Device explicitly disabled sdcardfs
02-20 19:58:27.526  1771  1771 W System  : ClassLoader referenced unknown path: /system/priv-app/SystemUIGoogle/lib/x86_64
02-20 19:58:27.532  1267  1302 V vold    : Waiting for FUSE to spin up...
02-20 19:58:27.537  1374  1374 I MediaPlayerService: MediaPlayerService::getOMX
02-20 19:58:27.537  1374  1374 I OMXClient: MuxOMX ctor
02-20 19:58:27.537  1371  1394 I OMXMaster: makeComponentInstance(OMX.google.amrnb.decoder) in mediacodec process
02-20 19:58:27.585  1267  1302 V vold    : Waiting for FUSE to spin up...
02-20 19:58:27.539     0     0 D SELinux : initialized (dev fuse, type fuse), uses genfs_contexts
02-20 19:58:27.600  1681  1742 D WifiController: DEFERRED_TOGGLE handled
02-20 19:58:27.603  1374  1374 I MediaPlayerService: MediaPlayerService::getOMX
02-20 19:58:27.603  1374  1374 I OMXClient: MuxOMX ctor
02-20 19:58:27.603  1371  1394 I OMXMaster: makeComponentInstance(OMX.google.amrwb.decoder) in mediacodec process
02-20 19:58:27.628  1802  1802 V WebViewFactory: RelroFileCreator (64bit = false),  32-bit lib: /system/app/Chrome/Chrome.apk!/lib/x86/libmonochrome.so, 64-bit lib: /system/app/Chrome/Chrome.apk!/lib/x86_64/libmonochrome.so
02-20 19:58:27.645  1681  1733 D VoldConnector: RCV <- {651 emulated 2}
02-20 19:58:27.646  1681  1733 D VoldConnector: RCV <- {200 5 Command succeeded}
02-20 19:58:27.646  1681  1732 D VoldConnector: SND -> {6 volume mount public:253,64 2 0}
02-20 19:58:27.646  1267  1302 V vold    : /system/bin/blkid
02-20 19:58:27.646  1267  1302 V vold    :     -c
02-20 19:58:27.646  1267  1302 V vold    :     /dev/null
02-20 19:58:27.646  1267  1302 V vold    :     -s
02-20 19:58:27.646  1267  1302 V vold    :     TYPE
02-20 19:58:27.646  1267  1302 V vold    :     -s
02-20 19:58:27.646  1267  1302 V vold    :     UUID
02-20 19:58:27.646  1267  1302 V vold    :     -s
02-20 19:58:27.646  1267  1302 V vold    :     LABEL
02-20 19:58:27.646  1267  1302 V vold    :     /dev/block/vold/public:253,64
02-20 19:58:27.646  1681  1733 D VoldConnector: RCV <- {651 public:253,64 1}
02-20 19:58:27.649  1374  1374 I MediaPlayerService: MediaPlayerService::getOMX
02-20 19:58:27.649  1374  1374 I OMXClient: MuxOMX ctor
02-20 19:58:27.651  1371  1830 I OMXMaster: makeComponentInstance(OMX.google.aac.decoder) in mediacodec process
02-20 19:58:27.688  1374  1374 I MediaPlayerService: MediaPlayerService::getOMX
02-20 19:58:27.688  1374  1374 I OMXClient: MuxOMX ctor
02-20 19:58:27.688  1371  1394 I OMXMaster: makeComponentInstance(OMX.google.g711.alaw.decoder) in mediacodec process
02-20 19:58:27.786  1267  1302 V vold    : /dev/block/vold/public:253,64: LABEL="SDCARD" UUID="1E12-0B12" TYPE="vfat" 
02-20 19:58:27.786  1267  1302 V vold    : 
02-20 19:58:27.787  1267  1302 V vold    : /system/bin/fsck_msdos
02-20 19:58:27.787  1267  1302 V vold    :     -p
02-20 19:58:27.787  1267  1302 V vold    :     -f
02-20 19:58:27.787  1267  1302 V vold    :     /dev/block/vold/public:253,64
02-20 19:58:27.787  1681  1733 D VoldConnector: RCV <- {652 public:253,64 vfat}
02-20 19:58:27.787  1681  1733 D VoldConnector: RCV <- {653 public:253,64 1E12-0B12}
02-20 19:58:27.787  1681  1733 D VoldConnector: RCV <- {654 public:253,64 SDCARD}
02-20 19:58:27.865  1267  1302 I fsck_msdos: ** /dev/block/vold/public:253,64
02-20 19:58:27.866  1375  1680 D SoftapController: Softap fwReload - Ok
02-20 19:58:27.867  1681  1681 E NetdConnector: NDC Command {3 bandwidth enable} took too long (504ms)
02-20 19:58:27.865  1771  1771 V SystemUIService: Starting SystemUI services for user 0.
02-20 19:58:27.869  1267  1302 I fsck_msdos: ** Phase 1 - Read and Compare FATs
02-20 19:58:27.869  1267  1302 I fsck_msdos: Attempting to allocate 1022 KB for FAT
02-20 19:58:27.925  1764  1764 I LatinIME: Hardware accelerated drawing: true
02-20 19:58:27.938  1771  1771 V MediaRouter: Adding route: RouteInfo{ name=Phone, description=null, status=null, category=RouteCategory{ name=null types=ROUTE_TYPE_LIVE_AUDIO ROUTE_TYPE_LIVE_VIDEO  groupable=false }, supportedTypes=ROUTE_TYPE_LIVE_AUDIO ROUTE_TYPE_LIVE_VIDEO , presentationDisplay=null }
02-20 19:58:27.941  1771  1771 V MediaRouter: Updating audio routes: AudioRoutesInfo{ type=SPEAKER }
02-20 19:58:27.943  1771  1771 V MediaRouter: Selecting route: RouteInfo{ name=Phone, description=null, status=null, category=RouteCategory{ name=null types=ROUTE_TYPE_LIVE_AUDIO ROUTE_TYPE_LIVE_VIDEO  groupable=false }, supportedTypes=ROUTE_TYPE_LIVE_AUDIO ROUTE_TYPE_LIVE_VIDEO , presentationDisplay=null }
02-20 19:58:27.954  1374  1374 I MediaPlayerService: MediaPlayerService::getOMX
02-20 19:58:27.954  1374  1374 I OMXClient: MuxOMX ctor
02-20 19:58:27.954  1371  1831 I OMXMaster: makeComponentInstance(OMX.google.g711.mlaw.decoder) in mediacodec process
02-20 19:58:27.993  1267  1302 I fsck_msdos: Attempting to allocate 1022 KB for FAT
02-20 19:58:27.993  1681  1801 D TelephonyRegistry: listen oscl: hasNotifySubscriptionInfoChangedOccurred==false no callback
02-20 19:58:28.033  1807  1807 I art     : System.exit called, status: 0
02-20 19:58:28.033  1807  1807 I AndroidRuntime: VM exiting with result code 0, cleanup skipped.
02-20 19:58:28.037  1375  1680 D CommandListener: Setting iface cfg
02-20 19:58:28.037  1375  1680 D CommandListener: Trying to bring down wlan0
02-20 19:58:28.037  1681  1681 W NetworkManagement: setDataSaverMode(): already false
02-20 19:58:28.038  1375  1680 D CommandListener: Clearing all IP addresses on wlan0
02-20 19:58:28.085  1374  1374 I MediaPlayerService: MediaPlayerService::getOMX
02-20 19:58:28.085  1374  1374 I OMXClient: MuxOMX ctor
02-20 19:58:28.085  1371  1394 I OMXMaster: makeComponentInstance(OMX.google.vorbis.decoder) in mediacodec process
02-20 19:58:28.095  1267  1302 I fsck_msdos: ** Phase 2 - Check Cluster Chains
02-20 19:58:28.102  1681  1743 E WifiMonitor: killSupplicant p2pfalse init.svc.wpa_supplicant=unknown init.svc.p2p_supplicant=unknown
02-20 19:58:28.128  1681  1743 E wifi    : Can not initialize the vendor function pointer table
02-20 19:58:28.128  1681  1743 E WifiNative-HAL: Could not start hal
02-20 19:58:28.128  1681  1743 E WifiStateMachine: Failed to start HAL
02-20 19:58:28.130  1681  1743 D WifiMonitor: startMonitoring(wlan0) with mConnected = false
02-20 19:58:28.131  1681  1743 E WifiHW  : Unable to open connection to supplicant on "@android:wpa_wlan0": No such file or directory
02-20 19:58:28.131  1267  1302 I fsck_msdos: ** Phase 3 - Checking Directories
02-20 19:58:28.131  1267  1302 I fsck_msdos: ** Phase 4 - Checking for Lost Files
02-20 19:58:28.132  1267  1302 I fsck_msdos: 27 files, 522176 free (261088 clusters)
02-20 19:58:28.141  1267  1302 I Vold    : Filesystem check completed OK
02-20 19:58:28.141  1681  1733 D VoldConnector: RCV <- {656 public:253,64 /mnt/media_rw/1E12-0B12}
02-20 19:58:28.141  1681  1733 D VoldConnector: RCV <- {655 public:253,64 /storage/1E12-0B12}
02-20 19:58:28.158  1681  1696 W WindowManager: Keyguard drawn timeout. Setting mKeyguardDrawComplete
02-20 19:58:28.177  1267  1302 V vold    : Waiting for FUSE to spin up...
02-20 19:58:28.182  1764  1764 W InputAttributes: No editor info for this field. Bug?
02-20 19:58:28.206  1873  1873 W sdcard  : Device explicitly disabled sdcardfs
02-20 19:58:28.235  1267  1302 V vold    : Waiting for FUSE to spin up...
02-20 19:58:28.279  1764  1880 I LatinIME:LogUtils: Dictionary info: dictionary = userunigram.en_US ; version = 1519156708 ; date = ?
02-20 19:58:28.282  1764  1880 E ActivityThread: Failed to find provider info for user_dictionary
02-20 19:58:28.283  1681  1681 D NetworkPolicy: setRestrictBackgroundUL(): false
02-20 19:58:28.283  1764  1880 I LatinIME:LogUtils: Dictionary info: dictionary = UserHistoryDictionary.en_US ; version = 1519156708 ; date = ?
02-20 19:58:28.283  1681  1681 W NetworkManagement: setDataSaverMode(): already false
02-20 19:58:28.286  1267  1302 V vold    : Waiting for FUSE to spin up...
02-20 19:58:28.292  1771  1879 E WVMExtractor: Failed to open libwvm.so: dlopen failed: library "libwvm.so" not found
02-20 19:58:28.296  1374  1374 I MediaPlayerService: MediaPlayerService::getOMX
02-20 19:58:28.296  1374  1374 I OMXClient: MuxOMX ctor
02-20 19:58:28.296  1371  1831 I OMXMaster: makeComponentInstance(OMX.google.opus.decoder) in mediacodec process
02-20 19:58:28.338  1681  1733 D VoldConnector: RCV <- {651 public:253,64 2}
02-20 19:58:28.338  1681  1733 D VoldConnector: RCV <- {200 6 Command succeeded}
02-20 19:58:28.339  1681  1732 E VoldConnector: NDC Command {6 volume mount public:253,64 2 0} took too long (693ms)
02-20 19:58:28.393  1871  1871 I wpa_supplicant: Successfully initialized wpa_supplicant
02-20 19:58:28.425  1871  1871 I wpa_supplicant: rfkill: Cannot open RFKILL control device
02-20 19:58:28.502  1374  1374 I MediaPlayerService: MediaPlayerService::getOMX
02-20 19:58:28.503  1374  1374 I OMXClient: MuxOMX ctor
02-20 19:58:28.503  1371  1831 I OMXMaster: makeComponentInstance(OMX.google.raw.decoder) in mediacodec process
02-20 19:58:28.504  1871  1871 I wpa_supplicant: nl80211: Could not re-add multicast membership for vendor events: -2 (No such file or directory)
02-20 19:58:28.544  1764  1880 I LatinIME:LogUtils: Dictionary info: dictionary = main:en ; version = 54 ; date = 1414726273
02-20 19:58:28.560  1374  1374 I MediaPlayerService: MediaPlayerService::getOMX
02-20 19:58:28.561  1374  1374 I OMXClient: MuxOMX ctor
02-20 19:58:28.561  1371  1394 I OMXMaster: makeComponentInstance(OMX.google.aac.encoder) in mediacodec process
02-20 19:58:28.576  1374  1374 I MediaPlayerService: MediaPlayerService::getOMX
02-20 19:58:28.576  1374  1374 I OMXClient: MuxOMX ctor
02-20 19:58:28.576  1371  1830 I OMXMaster: makeComponentInstance(OMX.google.amrnb.encoder) in mediacodec process
02-20 19:58:28.579  1802  1802 I art     : System.exit called, status: 0
02-20 19:58:28.579  1802  1802 I AndroidRuntime: VM exiting with result code 0, cleanup skipped.
02-20 19:58:28.587  1374  1374 I MediaPlayerService: MediaPlayerService::getOMX
02-20 19:58:28.587  1374  1374 I OMXClient: MuxOMX ctor
02-20 19:58:28.587  1371  1830 I OMXMaster: makeComponentInstance(OMX.google.amrwb.encoder) in mediacodec process
02-20 19:58:28.591  1374  1374 I MediaPlayerService: MediaPlayerService::getOMX
02-20 19:58:28.591  1374  1374 I OMXClient: MuxOMX ctor
02-20 19:58:28.591  1371  1830 I OMXMaster: makeComponentInstance(OMX.google.flac.encoder) in mediacodec process
02-20 19:58:28.602  1871  1871 E wpa_supplicant: global ctrl interface @android:wpa_wlan0 matches ctrl interface wlan0 - do not open per-interface ctrl interface
02-20 19:58:27.540     0     0 D ieee80211 phy1: mac80211_hwsim_configure_filter
02-20 19:58:27.540     0     0 D SELinux : initialized (dev fuse, type fuse), uses genfs_contexts
02-20 19:58:27.613     0     0 D SELinux : initialized (dev fuse, type fuse), uses genfs_contexts
02-20 19:58:28.129     0     0 I init    : Starting service 'wpa_supplicant'...
02-20 19:58:28.168     0     0 W FAT-fs (vde): Volume was not properly unmounted. Some data may be corrupt. Please run fsck.
02-20 19:58:28.168     0     0 D SELinux : initialized (dev vde, type vfat), uses genfs_contexts
02-20 19:58:28.255     0     0 D SELinux : initialized (dev fuse, type fuse), uses genfs_contexts
02-20 19:58:28.293     0     0 D SELinux : initialized (dev fuse, type fuse), uses genfs_contexts
02-20 19:58:28.321     0     0 D SELinux : initialized (dev fuse, type fuse), uses genfs_contexts
02-20 19:58:28.426     0     0 D ieee80211 phy0: mac80211_hwsim_start
02-20 19:58:28.426     0     0 D ieee80211 phy0: mac80211_hwsim_add_interface (type=2 mac_addr=02:00:00:44:55:66)
02-20 19:58:28.426     0     0 D ieee80211 phy0: mac80211_hwsim_bss_info_changed(changed=0xe)
02-20 19:58:28.426     0     0 D ieee80211 phy0: ERP_CTS_PROT: 0
02-20 19:58:28.426     0     0 D ieee80211 phy0: ERP_PREAMBLE: 0
02-20 19:58:28.426     0     0 D ieee80211 phy0: ERP_SLOT: 0
02-20 19:58:28.426     0     0 D ieee80211 phy0: mac80211_hwsim_conf_tx (queue=0 txop=0 cw_min=15 cw_max=1023 aifs=2)
02-20 19:58:28.426     0     0 D ieee80211 phy0: mac80211_hwsim_conf_tx (queue=1 txop=0 cw_min=15 cw_max=1023 aifs=2)
02-20 19:58:28.426     0     0 D ieee80211 phy0: mac80211_hwsim_conf_tx (queue=2 txop=0 cw_min=15 cw_max=1023 aifs=2)
02-20 19:58:28.426     0     0 D ieee80211 phy0: mac80211_hwsim_conf_tx (queue=3 txop=0 cw_min=15 cw_max=1023 aifs=2)
02-20 19:58:28.426     0     0 D ieee80211 phy0: mac80211_hwsim_bss_info_changed(changed=0x2000)
02-20 19:58:28.426     0     0 D ieee80211 phy0: mac80211_hwsim_config (freq=0 idle=0 ps=0 smps=auto)
02-20 19:58:28.426     0     0 D ieee80211 phy0: mac80211_hwsim_configure_filter
02-20 19:58:28.426     0     0 D ieee80211 phy0: mac80211_hwsim_configure_filter
02-20 19:58:28.426     0     0 D ieee80211 phy0: mac80211_hwsim_configure_filter
02-20 19:58:28.426     0     0 I IPv6    : ADDRCONF(NETDEV_UP): wlan0: link is not ready
02-20 19:58:28.609  1681  1681 I SystemServiceManager: Starting phase 600
02-20 19:58:28.629  1681  1681 D SensorNotificationService: Cannot obtain dynamic meta sensor, not supported.
02-20 19:58:28.630  1681  1739 I netstats_mobile_sample: [0,0,0,0,0,0,0,0,0,0,0,0,-1]
02-20 19:58:28.630  1681  1739 I netstats_wifi_sample: [0,0,0,0,0,0,0,0,0,0,0,0,-1]
02-20 19:58:28.641  1681  1681 D TelephonyRegistry: listen oscl: hasNotifySubscriptionInfoChangedOccurred==false no callback
02-20 19:58:28.646  1681  1681 I GnssLocationProvider: WakeLock acquired by sendMessage(13, 0, null)
02-20 19:58:28.652  1681  1681 W LocationProviderProxy-network: Odd, no component found for service com.android.location.service.v3.NetworkLocationProvider
02-20 19:58:28.654  1681  1681 W GeocoderProxy: Odd, no component found for service com.android.location.service.GeocodeProvider
02-20 19:58:28.654  1681  1681 E FlpHardwareProvider: Error hw_get_module 'flp': -2
02-20 19:58:28.654  1681  1681 D LocationManagerService: FLP HAL not supported
02-20 19:58:28.655  1681  1681 W GeofenceProxy: Odd, no component found for service com.android.location.service.GeofenceProvider
02-20 19:58:28.656  1681  1681 E ActivityRecognitionHardware: Error hw_get_module: -2
02-20 19:58:28.656  1681  1681 D LocationManagerService: Hardware Activity-Recognition not supported.
02-20 19:58:28.656  1771  1771 I vol.Events: writeEvent collection_started
02-20 19:58:28.656  1681  1681 W ActivityRecognitionProxy: Odd, no component found for service com.android.location.service.ActivityRecognitionProvider
02-20 19:58:28.657  1681  1681 I GnssLocationProvider: WakeLock acquired by sendMessage(2, 1, null)
02-20 19:58:28.658  1681  1694 W GnssLocationProvider: Could not open GPS configuration file /etc/gps.conf
02-20 19:58:28.658  1681  1694 E GnssLocationProvider: no AGPS interface in set_agps_server
02-20 19:58:28.663  1681  1681 I CommonTimeManagementService: No common time service detected on this platform.  Common time services will be unavailable.
02-20 19:58:28.664  1681  1681 D TelephonyRegistry: systemRunning register for intents
02-20 19:58:28.664  1681  1731 I InputReader: Reconfiguring input devices.  changes=0x00000020
02-20 19:58:28.664  1681  1681 I MmsServiceBroker: Delay connecting to MmsService until an API is called
02-20 19:58:28.665  1771  1916 I sysui_action: [213,2]
02-20 19:58:28.665  1771  1916 I vol.Events: writeEvent external_ringer_mode_changed normal
02-20 19:58:28.665  1771  1916 I vol.Events: writeEvent internal_ringer_mode_changed normal
02-20 19:58:28.666  1681  1731 I InputReader: Reconfiguring input devices.  changes=0x00000010
02-20 19:58:28.668  1374  1374 I MediaPlayerService: MediaPlayerService::getOMX
02-20 19:58:28.668  1374  1374 I OMXClient: MuxOMX ctor
02-20 19:58:28.668  1371  1371 I OMXMaster: makeComponentInstance(OMX.google.gsm.decoder) in mediacodec process
02-20 19:58:28.671  1681  1694 D TelephonyRegistry: listen oscl: hasNotifySubscriptionInfoChangedOccurred==false no callback
02-20 19:58:28.706  1681  1681 I am_proc_start: [0,1920,1001,com.android.phone,added application,com.android.phone]
02-20 19:58:28.706  1681  1681 I ActivityManager: Start proc 1920:com.android.phone/1001 for added application com.android.phone
02-20 19:58:28.707  1681  1681 I ActivityManager: START u0 {act=android.intent.action.MAIN cat=[android.intent.category.HOME] flg=0x10000100 cmp=com.android.settings/.FallbackHome} from uid 0 on display 0
02-20 19:58:28.708  1681  1681 W System  : ClassLoader referenced unknown path: 
02-20 19:58:28.708  1681  1681 W System  : ClassLoader referenced unknown path: /system/priv-app/Settings/lib/x86_64
02-20 19:58:28.709  1681  1681 D ApplicationLoaders: ignored Vulkan layer search path /system/priv-app/Settings/lib/x86_64:/system/priv-app/Settings/Settings.apk!/lib/x86_64:/system/lib64:/vendor/lib64 for namespace 0x788ecb83e160
02-20 19:58:28.722  1920  1920 W art     : Unexpected CPU variant for X86 using defaults: x86_64
02-20 19:58:28.731  1681  1681 I ActivityManager: Loaded persisted task ids for user 0
02-20 19:58:28.733  1681  1681 I am_create_task: [0,1]
02-20 19:58:28.733  1681  1681 I am_create_activity: [0,60192891,1,com.android.settings/.FallbackHome,android.intent.action.MAIN,NULL,NULL,276824320]
02-20 19:58:28.736  1681  1681 I wm_task_created: [1,0]
02-20 19:58:28.737  1681  1681 I wm_task_moved: [1,1,0]
02-20 19:58:28.738  1681  1681 I wm_task_moved: [1,1,0]
02-20 19:58:28.743  1681  1681 I am_focused_activity: [0,com.android.settings/.FallbackHome,startedActivity]
02-20 19:58:28.746  1374  1374 I MediaPlayerService: MediaPlayerService::getOMX
02-20 19:58:28.746  1374  1374 I OMXClient: MuxOMX ctor
02-20 19:58:28.746  1371  1830 I OMXMaster: makeComponentInstance(OMX.google.mpeg4.decoder) in mediacodec process
02-20 19:58:28.749  1681  1681 I am_proc_start: [0,1935,1000,com.android.settings,activity,com.android.settings/.FallbackHome]
02-20 19:58:28.749  1681  1681 I ActivityManager: Start proc 1935:com.android.settings/1000 for activity com.android.settings/.FallbackHome
02-20 19:58:28.772  1681  1681 I SystemServer: Enabled StrictMode for system server main thread.
02-20 19:58:28.773  1681  1693 I am_proc_bound: [0,1920,com.android.phone]
02-20 19:58:28.784  1935  1935 W art     : Unexpected CPU variant for X86 using defaults: x86_64
02-20 19:58:28.791  1681  1681 D ConditionProviders.SCP: onConnected
02-20 19:58:28.791  1681  1681 D ZenLog  : set_zen_mode: off,readXml
02-20 19:58:28.792  1681  1681 D ConditionProviders: Subscribing to condition://android/schedule?days=6.7&start=23.30&end=10.0&exitAtAlarm=false with ComponentInfo{android/com.android.server.notification.ScheduleConditionProvider}
02-20 19:58:28.792  1681  1681 D ZenLog  : subscribe: condition://android/schedule?days=6.7&start=23.30&end=10.0&exitAtAlarm=false,ok
02-20 19:58:28.792  1681  1681 D ConditionProviders: Subscribing to condition://android/event?userId=-10000&calendar=&reply=1 with ComponentInfo{android/com.android.server.notification.EventConditionProvider}
02-20 19:58:28.792  1681  1681 D ZenLog  : subscribe: condition://android/event?userId=-10000&calendar=&reply=1,ok
02-20 19:58:28.792  1681  1681 D ConditionProviders: Subscribing to condition://android/schedule?days=1.2.3.4.5&start=22.0&end=7.0&exitAtAlarm=false with ComponentInfo{android/com.android.server.notification.ScheduleConditionProvider}
02-20 19:58:28.792  1681  1681 D ZenLog  : subscribe: condition://android/schedule?days=1.2.3.4.5&start=22.0&end=7.0&exitAtAlarm=false,ok
02-20 19:58:28.821  1681  1745 I WifiScanningService: wifi driver unloaded
02-20 19:58:28.821  1681  1681 D ZenLog  : set_zen_mode: off,cleanUpZenRules
02-20 19:58:28.824  1681  1681 D RttService: SCAN_AVAILABLE : 1
02-20 19:58:28.839  1681  1746 D RttService: DefaultState got{ when=-15ms what=160513 target=com.android.internal.util.StateMachine$SmHandler }
02-20 19:58:28.840  1681  1757 I am_proc_bound: [0,1935,com.android.settings]
02-20 19:58:28.868  1681  1694 I GnssLocationProvider: WakeLock released by handleMessage(13, 0, null)
02-20 19:58:28.869  1681  1694 E GnssLocationProvider: no AGPS interface in set_agps_server
02-20 19:58:28.869  1681  1694 I GnssLocationProvider: WakeLock released by handleMessage(2, 1, null)
02-20 19:58:28.873  1920  1920 W System  : ClassLoader referenced unknown path: /system/priv-app/TeleService/lib/x86_64
02-20 19:58:28.876  1371  1371 E OMXNodeInstance: getExtensionIndex(55b000f:google.mpeg4.decoder, OMX.google.android.index.configureVideoTunnelMode) ERROR: UnsupportedIndex(0x8000101a)
02-20 19:58:28.876  1371  1831 W OMXNodeInstance: [55b000f:google.mpeg4.decoder] component does not support metadata mode; using fallback
02-20 19:58:28.878  1374  1374 I MediaPlayerService: MediaPlayerService::getOMX
02-20 19:58:28.878  1374  1374 I OMXClient: MuxOMX ctor
02-20 19:58:28.878  1371  1394 I OMXMaster: makeComponentInstance(OMX.google.h263.decoder) in mediacodec process
02-20 19:58:28.914  1681  1694 W LocationProviderProxy-network: Odd, no component found for service com.android.location.service.v3.NetworkLocationProvider
02-20 19:58:28.917  1681  1694 W GeocoderProxy: Odd, no component found for service com.android.location.service.GeocodeProvider
02-20 19:58:28.917  1681  1694 W GeofenceProxy: Odd, no component found for service com.android.location.service.GeofenceProvider
02-20 19:58:28.917  1681  1694 W ActivityRecognitionProxy: Odd, no component found for service com.android.location.service.ActivityRecognitionProvider
02-20 19:58:28.922  1681  1681 W System  : ClassLoader referenced unknown path: /system/priv-app/Telecom/lib/x86_64
02-20 19:58:28.923  1681  1681 D ApplicationLoaders: ignored Vulkan layer search path /system/priv-app/Telecom/lib/x86_64:/system/priv-app/Telecom/Telecom.apk!/lib/x86_64:/system/lib64:/vendor/lib64 for namespace 0x788ecb83e1d0
02-20 19:58:28.945  1312  1325 D PermissionCache: checking android.permission.READ_FRAME_BUFFER for uid=1000 => granted (238 us)
02-20 19:58:28.950  1371  1371 E OMXNodeInstance: getExtensionIndex(55b0010:google.h263.decoder, OMX.google.android.index.configureVideoTunnelMode) ERROR: UnsupportedIndex(0x8000101a)
02-20 19:58:28.950  1371  1831 W OMXNodeInstance: [55b0010:google.h263.decoder] component does not support metadata mode; using fallback
02-20 19:58:28.960  1374  1374 I MediaPlayerService: MediaPlayerService::getOMX
02-20 19:58:28.960  1374  1374 I OMXClient: MuxOMX ctor
02-20 19:58:28.960  1371  1830 I OMXMaster: makeComponentInstance(OMX.google.h264.decoder) in mediacodec process
02-20 19:58:28.984  1312  1325 D gralloc_ranchu: gralloc_alloc: Creating ashmem region of size 17051648
02-20 19:58:28.996  1374  1374 W ACodec  : [OMX.google.h264.decoder] stopping checking profiles after 32: 2/8000
02-20 19:58:28.996  1371  1831 E OMXNodeInstance: getExtensionIndex(55b0011:google.h264.decoder, OMX.google.android.index.configureVideoTunnelMode) ERROR: UnsupportedIndex(0x8000101a)
02-20 19:58:28.996  1371  1830 W OMXNodeInstance: [55b0011:google.h264.decoder] component does not support metadata mode; using fallback
02-20 19:58:28.998  1374  1374 I MediaPlayerService: MediaPlayerService::getOMX
02-20 19:58:28.999  1374  1374 I OMXClient: MuxOMX ctor
02-20 19:58:28.999  1371  1830 I OMXMaster: makeComponentInstance(OMX.google.hevc.decoder) in mediacodec process
02-20 19:58:29.039  1371  1371 E OMXNodeInstance: getExtensionIndex(55b0012:google.hevc.decoder, OMX.google.android.index.configureVideoTunnelMode) ERROR: UnsupportedIndex(0x8000101a)
02-20 19:58:29.039  1371  1831 W OMXNodeInstance: [55b0012:google.hevc.decoder] component does not support metadata mode; using fallback
02-20 19:58:29.040  1374  1374 I MediaPlayerService: MediaPlayerService::getOMX
02-20 19:58:29.040  1374  1374 I OMXClient: MuxOMX ctor
02-20 19:58:29.040  1371  1831 I OMXMaster: makeComponentInstance(OMX.google.vp8.decoder) in mediacodec process
02-20 19:58:29.062  1371  1394 E OMXNodeInstance: getExtensionIndex(55b0013:google.vp8.decoder, OMX.google.android.index.configureVideoTunnelMode) ERROR: UnsupportedIndex(0x8000101a)
02-20 19:58:29.062  1371  1371 W OMXNodeInstance: [55b0013:google.vp8.decoder] component does not support metadata mode; using fallback
02-20 19:58:29.064  1374  1374 I MediaPlayerService: MediaPlayerService::getOMX
02-20 19:58:29.064  1374  1374 I OMXClient: MuxOMX ctor
02-20 19:58:29.064  1371  1371 I OMXMaster: makeComponentInstance(OMX.google.vp9.decoder) in mediacodec process
02-20 19:58:29.079  1371  1831 E OMXNodeInstance: getExtensionIndex(55b0014:google.vp9.decoder, OMX.google.android.index.configureVideoTunnelMode) ERROR: UnsupportedIndex(0x8000101a)
02-20 19:58:29.080  1371  1394 W OMXNodeInstance: [55b0014:google.vp9.decoder] component does not support metadata mode; using fallback
02-20 19:58:29.081  1374  1374 I MediaPlayerService: MediaPlayerService::getOMX
02-20 19:58:29.081  1374  1374 I OMXClient: MuxOMX ctor
02-20 19:58:29.082  1371  1830 I OMXMaster: makeComponentInstance(OMX.google.h263.encoder) in mediacodec process
02-20 19:58:29.103  1371  1830 I SoftMPEG4Encoder: Construct SoftMPEG4Encoder
02-20 19:58:29.105  1374  1374 W ACodec  : do not know color format 0x7f000789 = 2130708361
02-20 19:58:29.105  1371  1394 E OMXNodeInstance: getConfig(55b0015:google.h263.encoder, ConfigAndroidIntraRefresh(0x6f60000a)) ERROR: Undefined(0x80001001)
02-20 19:58:29.107  1374  1374 I MediaPlayerService: MediaPlayerService::getOMX
02-20 19:58:29.107  1374  1374 I OMXClient: MuxOMX ctor
02-20 19:58:29.107  1371  1394 I OMXMaster: makeComponentInstance(OMX.google.h264.encoder) in mediacodec process
02-20 19:58:29.121  1681  1757 I am_restart_activity: [0,60192891,1,com.android.settings/.FallbackHome]
02-20 19:58:29.123  1681  1692 W art     : Long monitor contention with owner Binder:1681_3 (1757) at void com.android.server.am.ActivityManagerService.attachApplication(android.app.IApplicationThread)(ActivityManagerService.java:6669) waiters=1 in void com.android.server.am.ActivityManagerService.addPackageDependency(java.lang.String) for 211ms
02-20 19:58:29.123  1681  1692 I dvm_lock_sample: [system_server,1,Binder:1681_1,211,ActivityManagerService.java,5765,-,6669,42]
02-20 19:58:29.123  1681  1681 W art     : Long monitor contention with owner Binder:1681_3 (1757) at void com.android.server.am.ActivityManagerService.attachApplication(android.app.IApplicationThread)(ActivityManagerService.java:6669) waiters=2 in void com.android.server.am.ActivityManagerService.serviceDoneExecuting(android.os.IBinder, int, int, int) for 193ms
02-20 19:58:29.123  1681  1681 I dvm_lock_sample: [system_server,1,main,193,ActivityManagerService.java,17339,-,6669,38]
02-20 19:58:29.123  1681  1693 W art     : Long monitor contention with owner Binder:1681_3 (1757) at void com.android.server.am.ActivityManagerService.attachApplication(android.app.IApplicationThread)(ActivityManagerService.java:6669) waiters=3 in android.content.pm.UserInfo com.android.server.am.UserController.getCurrentUser() for 147ms
02-20 19:58:29.123  1681  1693 I dvm_lock_sample: [system_server,1,Binder:1681_2,147,UserController.java,1438,ActivityManagerService.java,6669,29]
02-20 19:58:29.154  1920  1920 W System  : ClassLoader referenced unknown path: /system/priv-app/TelephonyProvider/lib/x86_64
02-20 19:58:29.154  1681  1743 D WifiConfigManager: Loading config and enabling all networks 
02-20 19:58:29.156  1920  1920 D ApplicationLoaders: ignored Vulkan layer search path /system/priv-app/TelephonyProvider/lib/x86_64:/system/lib64:/vendor/lib64 for namespace 0x788ecb7d30f0
02-20 19:58:29.174  1935  1935 W System  : ClassLoader referenced unknown path: /system/priv-app/Settings/lib/x86_64
02-20 19:58:29.179  1681  1743 W WifiNetworkHistory: Upgrading network 0 to android.uid.system:1000
02-20 19:58:29.182  1374  1374 W ACodec  : do not know color format 0x7f000789 = 2130708361
02-20 19:58:29.182  1374  1374 I MediaPlayerService: MediaPlayerService::getOMX
02-20 19:58:29.183  1374  1374 I OMXClient: MuxOMX ctor
02-20 19:58:29.183  1371  1830 I OMXMaster: makeComponentInstance(OMX.google.mpeg4.encoder) in mediacodec process
02-20 19:58:29.183  1681  1743 D WifiConfigManager: loaded 0 passpoint configs
02-20 19:58:29.183  1681  1743 E IpConfigStore: Error parsing configuration: java.io.FileNotFoundException: /data/misc/wifi/ipconfig.txt (No such file or directory)
02-20 19:58:29.187  1681  1743 D WifiNative-HAL: Setting external_sim to 1
02-20 19:58:29.187  1681  1743 D WifiStateMachine: Setting OUI to DA-A1-19
02-20 19:58:29.188  1681  1743 I WifiConnectivityManager: PNO settings: min5GHzRssi -82 min24GHzRssi -85 currentConnectionBonus 16 sameNetworkBonus 24 secureNetworkBonus 80 initialScoreMax 100
02-20 19:58:29.189  1681  1743 I WifiConnectivityManager: ConnectivityScanManager initialized and disabled
02-20 19:58:29.189  1681  1743 I WifiConnectivityManager: setUntrustedConnectionAllowed: allowed=false
02-20 19:58:29.189  1681  1743 E WifiLogger: no ring buffers found
02-20 19:58:29.189  1681  1743 E WifiLogger: Failed to start packet fate monitoring
02-20 19:58:29.206  1681  1743 I WifiConnectivityManager: Set WiFi enabled
02-20 19:58:29.206  1681  1743 I WifiConnectivityManager: scheduleWatchdogTimer
02-20 19:58:29.207  1681  1743 D WifiNative-HAL: Failing getSupportedFeatureset because HAL isn't started
02-20 19:58:29.207  1681  1698 E BatteryStatsService: no controller energy info supplied
02-20 19:58:29.207  1681  1698 E KernelCpuSpeedReader: Failed to read cpu-freq: /sys/devices/system/cpu/cpu0/cpufreq/stats/time_in_state (No such file or directory)
02-20 19:58:29.208  1681  1698 E KernelUidCpuTimeReader: Failed to read uid_cputime: /proc/uid_cputime/show_uid_stat (No such file or directory)
02-20 19:58:29.211  1681  1743 D WifiNative-HAL: Failing getSupportedFeatureset because HAL isn't started
02-20 19:58:29.211  1681  1698 E BatteryStatsService: no controller energy info supplied
02-20 19:58:29.212  1681  1698 E KernelCpuSpeedReader: Failed to read cpu-freq: /sys/devices/system/cpu/cpu0/cpufreq/stats/time_in_state (No such file or directory)
02-20 19:58:29.212  1681  1698 E KernelUidCpuTimeReader: Failed to read uid_cputime: /proc/uid_cputime/show_uid_stat (No such file or directory)
02-20 19:58:29.235  1371  1830 I SoftMPEG4Encoder: Construct SoftMPEG4Encoder
02-20 19:58:29.236  1374  1374 W ACodec  : do not know color format 0x7f000789 = 2130708361
02-20 19:58:29.236  1371  1394 E OMXNodeInstance: getConfig(55b0017:google.mpeg4.encoder, ConfigAndroidIntraRefresh(0x6f60000a)) ERROR: Undefined(0x80001001)
02-20 19:58:29.239  1374  1374 I MediaPlayerService: MediaPlayerService::getOMX
02-20 19:58:29.239  1374  1374 I OMXClient: MuxOMX ctor
02-20 19:58:29.239  1371  1394 I OMXMaster: makeComponentInstance(OMX.google.vp8.encoder) in mediacodec process
02-20 19:58:29.294  1681  1681 E BluetoothAdapter: Bluetooth binder is null
02-20 19:58:29.294  1681  1757 I stream_devices_changed: [0,0,2]
02-20 19:58:29.297  1681  1757 I stream_devices_changed: [2,0,2]
02-20 19:58:29.311  1681  1757 I stream_devices_changed: [3,0,2]
02-20 19:58:29.319  1920  1920 D TelephonyProvider: dbh.onOpen: ok, queried table=siminfo
02-20 19:58:29.319  1920  1920 D TelephonyProvider: dbh.onOpen: ok, queried table=carriers
02-20 19:58:29.314  1681  1757 I stream_devices_changed: [6,0,2]
02-20 19:58:29.325  1935  1935 I am_on_resume_called: [0,com.android.settings.FallbackHome,LAUNCH_ACTIVITY]
02-20 19:58:29.328  1681  1757 I stream_devices_changed: [4,0,2]
02-20 19:58:29.329  1771  1916 I vol.Events: writeEvent level_changed STREAM_ALARM 6
02-20 19:58:29.334  1771  1916 I vol.Events: writeEvent level_changed STREAM_BLUETOOTH_SCO 7
02-20 19:58:29.335  1771  1916 I vol.Events: writeEvent level_changed STREAM_MUSIC 11
02-20 19:58:29.336  1312  1356 E SurfaceFlinger: ro.sf.lcd_density must be defined as a build property
02-20 19:58:29.336  1771  1916 I vol.Events: writeEvent level_changed STREAM_RING 5
02-20 19:58:29.337  1771  1916 I vol.Events: writeEvent level_changed STREAM_SYSTEM 5
02-20 19:58:29.339  1681  1681 I Telecom : SystemStateProvider: Registering car mode receiver: android.content.IntentFilter@6b7b62f: TS.init@AAA
02-20 19:58:29.339  1771  1916 I vol.Events: writeEvent level_changed STREAM_VOICE_CALL 4
02-20 19:58:29.375  1935  1935 D         : HostConnection::get() New Host Connection established 0x788ebcbfde20, tid 1935
02-20 19:58:29.378  1681  1986 I Telecom : Telecom: Non-call EVENT: AUDIO_ROUTE, Entering state QuiescentEarpieceRoute
02-20 19:58:29.395  1681  1987 I Telecom : CallAudioModeStateMachine: Message received: null.: TS.init->CAMSM.pM_1@AAA_0
02-20 19:58:29.404  1681  1988 E ActivityThread: Failed to find provider info for call_log
02-20 19:58:29.405  1681  1681 E BluetoothAdapter: Bluetooth binder is null
02-20 19:58:29.411  1920  1920 D TDC     : updateOrInsert: inserting: Modem { uuid=modem, state=0, rilModel=0, rat={}, maxActiveVoiceCall=1, maxActiveDataCall=1, maxStandby=1 }
02-20 19:58:29.412  1920  1920 D TDC     : updateOrInsert: inserting: Sim { uuid=sim, modemUuid=modem, state=0 }
02-20 19:58:29.421  1681  1681 I Telecom : Class: TelecomSystem.INSTANCE being set
02-20 19:58:29.423  1920  1920 D CdmaSSM : subscriptionSource from settings: 0
02-20 19:58:29.427  1681  1681 E BluetoothAdapter: Bluetooth binder is null
02-20 19:58:29.426  1920  1920 I PhoneFactory: Cdma Subscription set to 0
02-20 19:58:29.445  1374  1374 W ACodec  : do not know color format 0x7f000789 = 2130708361
02-20 19:58:29.446  1371  1830 E OMXNodeInstance: getConfig(55b0018:google.vp8.encoder, ConfigAndroidIntraRefresh(0x6f60000a)) ERROR: Undefined(0x80001001)
02-20 19:58:29.464  1374  1374 I MediaPlayerService: MediaPlayerService::getOMX
02-20 19:58:29.465  1374  1374 I OMXClient: MuxOMX ctor
02-20 19:58:29.467  1374  1374 I MediaPlayerService: MediaPlayerService::getOMX
02-20 19:58:29.468  1374  1374 I OMXClient: MuxOMX ctor
02-20 19:58:29.468  1374  1374 W MediaCodecList: unable to open media codecs configuration xml file: /data/misc/media/media_codecs_profiling_results.xml
02-20 19:58:29.471  1681  1681 W ContextImpl: Calling a method in the system process without a qualified user: android.app.ContextImpl.startService:1357 com.android.server.content.SyncManager$13.run:658 android.os.Handler.handleCallback:751 android.os.Handler.dispatchMessage:95 android.os.Looper.loop:154 
02-20 19:58:29.471  1374  1968 I MediaPlayerService: MediaPlayerService::getOMX
02-20 19:58:29.471  1771  1896 I OMXClient: MuxOMX ctor
02-20 19:58:29.472  1371  1371 I OMXMaster: makeComponentInstance(OMX.google.vorbis.decoder) in mediacodec process
02-20 19:58:29.484  1935  1984 D         : HostConnection::get() New Host Connection established 0x788ebcbfdee0, tid 1984
02-20 19:58:29.488  1920  1920 I PhoneFactory: Network Mode set to 0
02-20 19:58:29.489  1374  1398 I MediaPlayerService: MediaPlayerService::getOMX
02-20 19:58:29.489  1935  1984 I OpenGLRenderer: Initialized EGL, version 1.4
02-20 19:58:29.489  1935  1984 D OpenGLRenderer: Swap behavior 1
02-20 19:58:29.489  1681  1800 I OMXClient: MuxOMX ctor
02-20 19:58:29.518  1920  1920 D RILJ    : RIL(context, preferredNetworkType=0 cdmaSubscription=0)
02-20 19:58:29.521  1935  1984 D EGL_emulation: eglCreateContext: 0x788ebcbf4520: maj 3 min 0 rcv 3
02-20 19:58:29.538  1920  1920 D RILJ    : Starting RILReceiver0 [SUB0]
02-20 19:58:29.545  1312  1325 E SurfaceFlinger: ro.sf.lcd_density must be defined as a build property
02-20 19:58:29.546  1920  1920 D RILJ    : [3648]> GET_HARDWARE_CONFIG [SUB0]
02-20 19:58:29.546  1920  1920 D RilRequest: [3648]< GET_HARDWARE_CONFIG error: com.android.internal.telephony.CommandException: RADIO_NOT_AVAILABLE ret=
02-20 19:58:29.547  1920  1920 I PhoneFactory: Creating SubscriptionController
02-20 19:58:29.549  1771  1771 D         : HostConnection::get() New Host Connection established 0x788ebcbcb480, tid 1771
02-20 19:58:29.552  1920  1920 D SubscriptionController: [SubscriptionController] init by Context
02-20 19:58:29.553  1376  1466 I RILC    : libril: new connection to RIL_SOCKET_1
02-20 19:58:29.553  1376  1466 I RILC    : RIL Daemon version: android reference-ril 1.0
02-20 19:58:29.553  1920  2003 I RILJ    : (0) Connected to 'rild' socket
02-20 19:58:29.554  1920  2003 D RILJ    : [UNSL]< UNSOL_RIL_CONNECTED {12} [SUB0]
02-20 19:58:29.554  1920  2003 D RILJ    : [3649]> RADIO_POWER off [SUB0]
02-20 19:58:29.561  1920  2003 D RILJ    : [3650]> RIL_REQUEST_CDMA_SET_SUBSCRIPTION_SOURCE : 0 [SUB0]
02-20 19:58:29.562  1376  1466 D RIL     : onRequest: RADIO_POWER
02-20 19:58:29.565  1920  1920 D UiccController: Creating UiccController
02-20 19:58:29.567  1920  1920 D TelephonyTester: register for intent action=com.android.internal.telephony.action_detached
02-20 19:58:29.567  1920  1920 D TelephonyTester: register for intent action=com.android.internal.telephony.action_attached
02-20 19:58:29.569  1920  2003 D RILJ    : setCellInfoListRate: 2147483647 [SUB0]
02-20 19:58:29.569  1920  2003 D RILJ    : [3651]> RIL_REQUEST_SET_CELL_INFO_LIST_RATE [SUB0]
02-20 19:58:29.569  1376  1466 D RIL     : onRequest: CDMA_SET_SUBSCRIPTION_SOURCE
02-20 19:58:29.572  1920  2003 D RILJ    : [UNSL]< UNSOL_RESPONSE_RADIO_STATE_CHANGED RADIO_OFF [SUB0]
02-20 19:58:29.573  1920  2003 D RILJ    : [3652]> SCREEN_STATE: true [SUB0]
02-20 19:58:29.573  1376  1466 D RIL     : onRequest: SET_UNSOL_CELL_INFO_LIST_RATE
02-20 19:58:29.575  1920  2003 D RILJ    : [UNSL]< UNSOL_NITZ_TIME_RECEIVED 18/02/20:19:58:20+0:0:Unknown!Unknown [SUB0]
02-20 19:58:29.576  1376  1466 D RIL     : onRequest: SCREEN_STATE
02-20 19:58:29.576  1920  2003 D RILJ    : [3649]< RADIO_POWER  [SUB0]
02-20 19:58:29.576  1920  2003 D RilRequest: [3650]< RIL_REQUEST_CDMA_SET_SUBSCRIPTION_SOURCE error: com.android.internal.telephony.CommandException: RADIO_NOT_AVAILABLE ret=
02-20 19:58:29.576  1920  2003 D RilRequest: [3651]< RIL_REQUEST_SET_CELL_INFO_LIST_RATE error: com.android.internal.telephony.CommandException: RADIO_NOT_AVAILABLE ret=
02-20 19:58:29.577  1920  2003 D RilRequest: [3652]< SCREEN_STATE error: com.android.internal.telephony.CommandException: RADIO_NOT_AVAILABLE ret=
02-20 19:58:29.584  1920  1920 D Phone   : mDoesRilSendMultipleCallRing=true
02-20 19:58:29.584  1920  1920 D Phone   : mCallRingDelay=3000
02-20 19:58:29.587  1920  1920 D RILJ    : [3653]> RIL_REQUEST_START_LCE [SUB0]
02-20 19:58:29.589  1376  1466 D RIL     : onRequest: <unknown request>
02-20 19:58:29.589  1920  2003 D RilRequest: [3653]< RIL_REQUEST_START_LCE error: com.android.internal.telephony.CommandException: RADIO_NOT_AVAILABLE ret=
02-20 19:58:29.605  1920  1920 E RIL_ImsSms: getFormat should never be called from here!
02-20 19:58:29.605  1920  1920 D SMSDispatcher: SMSDispatcher: ctor mSmsCapable=true format=unknown mSmsSendDisabled=false
02-20 19:58:29.605  1920  1920 D RIL_ImsSms: ImsSMSDispatcher created
02-20 19:58:29.606  1935  1984 D EGL_emulation: eglMakeCurrent: 0x788ebcbf4520: ver 3 0 (tinfo 0x788ec70f6b00)
02-20 19:58:29.638  1920  1920 D SMSDispatcher: SMSDispatcher: ctor mSmsCapable=true format=3gpp2 mSmsSendDisabled=false
02-20 19:58:29.639  1920  1920 D CdmaSMSDispatcher: CdmaSMSDispatcher created
02-20 19:58:29.645  1371  1831 I OMXMaster: makeComponentInstance(OMX.google.vorbis.decoder) in mediacodec process
02-20 19:58:29.655  1920  1920 D GsmInboundSmsHandler: created InboundSmsHandler
02-20 19:58:29.657  1681  1681 W System  : ClassLoader referenced unknown path: /system/priv-app/FusedLocation/lib/x86_64
02-20 19:58:29.658  1681  1681 D ApplicationLoaders: ignored Vulkan layer search path /system/priv-app/FusedLocation/lib/x86_64:/system/priv-app/FusedLocation/FusedLocation.apk!/lib/x86_64:/system/lib64:/vendor/lib64 for namespace 0x788ecb83e240
02-20 19:58:29.664  1681  1681 D GpsNetInitiatedHandler: location enabled :true
02-20 19:58:29.665  1681  1681 V WiredAccessoryManager: notifyWiredAccessoryChanged: when=0 bits= mask=54
02-20 19:58:29.665  1681  1681 V WiredAccessoryManager: newName=h2w newState=0 headsetState=0 prev headsetState=0
02-20 19:58:29.665  1681  1681 E WiredAccessoryManager: No state change.
02-20 19:58:29.665  1681  1681 V WiredAccessoryManager: init()
02-20 19:58:29.695  1920  1920 D CdmaInboundSmsHandler: created InboundSmsHandler
02-20 19:58:29.708  1771  1771 D StorageNotification: Notifying about private volume: VolumeInfo{private}:
02-20 19:58:29.708  1771  1771 D StorageNotification:     type=PRIVATE diskId=null partGuid=null mountFlags=0 mountUserId=-1 
02-20 19:58:29.708  1771  1771 D StorageNotification:     state=MOUNTED 
02-20 19:58:29.708  1771  1771 D StorageNotification:     fsType=null fsUuid=null fsLabel=null 
02-20 19:58:29.708  1771  1771 D StorageNotification:     path=/data internalPath=null 
02-20 19:58:29.708  1935  1984 D EGL_emulation: eglMakeCurrent: 0x788ebcbf4520: ver 3 0 (tinfo 0x788ec70f6b00)
02-20 19:58:29.712  1920  1920 D SMSDispatcher: SMSDispatcher: ctor mSmsCapable=true format=3gpp mSmsSendDisabled=false
02-20 19:58:29.713  1920  1920 D GsmSMSDispatcher: GsmSMSDispatcher created
02-20 19:58:29.719  1771  1771 D StorageNotification: Notifying about public volume: VolumeInfo{public:253,64}:
02-20 19:58:29.719  1771  1771 D StorageNotification:     type=PUBLIC diskId=disk:253,64 partGuid=null mountFlags=VISIBLE 
02-20 19:58:29.719  1771  1771 D StorageNotification:     mountUserId=0 state=MOUNTED 
02-20 19:58:29.719  1771  1771 D StorageNotification:     fsType=vfat fsUuid=1E12-0B12 fsLabel=SDCARD 
02-20 19:58:29.719  1771  1771 D StorageNotification:     path=/storage/1E12-0B12 internalPath=/mnt/media_rw/1E12-0B12 
02-20 19:58:29.728  1920  2012 D GsmInboundSmsHandler: StartupState.processMessage:6
02-20 19:58:29.729  1920  2012 D GsmInboundSmsHandler: entering Idle state
02-20 19:58:29.729  1920  2015 D CdmaInboundSmsHandler: StartupState.processMessage:6
02-20 19:58:29.729  1920  2015 D CdmaInboundSmsHandler: entering Idle state
02-20 19:58:29.734  1374  1374 I MediaPlayerService: MediaPlayerService::getOMX
02-20 19:58:29.735  1681  2017 I OMXClient: MuxOMX ctor
02-20 19:58:29.735  1371  1371 I OMXMaster: makeComponentInstance(OMX.google.vorbis.decoder) in mediacodec process
02-20 19:58:29.737  1920  1920 D IccCardProxy: ctor: ci=com.android.internal.telephony.RIL@a9bbecc phoneId=0
02-20 19:58:29.738  1920  1920 D CdmaSSM : subscriptionSource from settings: 0
02-20 19:58:29.738  1920  1920 D CdmaSSM : cdmaSSM constructor: 0
02-20 19:58:29.738  1920  1920 D IccCardProxy: update icc_operator_numeric=
02-20 19:58:29.738  1920  1920 D TelephonyManager: setTelephonyProperty: success phoneId=0 property=gsm.sim.operator.numeric value:  propVal=
02-20 19:58:29.738  1920  1920 D TelephonyManager: setTelephonyProperty: success phoneId=0 property=gsm.sim.operator.iso-country value:  propVal=
02-20 19:58:29.739  1920  1920 D TelephonyManager: setTelephonyProperty: success phoneId=0 property=gsm.sim.operator.alpha value:  propVal=
02-20 19:58:29.739  1920  1920 E IccCardProxy: setExternalState: set mPhoneId=0 mExternalState=NOT_READY
