02-20 19:58:29.739  1920  1920 D TelephonyManager: setTelephonyProperty: success phoneId=0 property=gsm.sim.state value: NOT_READY propVal=NOT_READY
02-20 19:58:29.739  1920  1920 D IccCardProxy: broadcastIccStateChangedIntent intent ACTION_SIM_STATE_CHANGED value=NOT_READY reason=null for mPhoneId=0
02-20 19:58:29.741  1920  1920 D RILJ    : setPhoneType=1 old value=0 [SUB0]
02-20 19:58:29.741  1920  1920 D TelephonyManager: setTelephonyProperty: success phoneId=0 property=gsm.current.phone-type value: 1 propVal=1
02-20 19:58:29.741  1920  1920 D IccCardProxy: Setting radio tech UMTS
02-20 19:58:29.741  1920  1920 D IccCardProxy: updateQuietMode: 3GPP subscription -> newQuietMode=false
02-20 19:58:29.741  1920  1920 D IccCardProxy: updateQuietMode: no changes don't setExternalState
02-20 19:58:29.741  1920  1920 D IccCardProxy: updateQuietMode: QuietMode is false (app_type=1 cdmaSource=-1)
02-20 19:58:29.756  1920  1920 W CarrierConfigManager: Error getting config for subId -1 ICarrierConfigLoader is null
02-20 19:58:29.757  1681  1693 D TelephonyRegistry: listen oscl: hasNotifySubscriptionInfoChangedOccurred==false no callback
02-20 19:58:29.783  1681  1695 I boot_progress_enable_screen: 14783
02-20 19:58:29.785  1681  1704 I am_activity_launch_time: [0,60192891,com.android.settings/.FallbackHome,1042,1042]
02-20 19:58:29.785  1681  1704 I ActivityManager: Displayed com.android.settings/.FallbackHome: +1s42ms
02-20 19:58:29.793  1681  1695 V KeyguardServiceDelegate: *** Keyguard started
02-20 19:58:29.793  1681  1695 I screen_toggled: 1
02-20 19:58:29.784  1920  1920 D TelephonyManager: setTelephonyProperty: success phoneId=0 property=gsm.network.type value: Unknown propVal=Unknown
02-20 19:58:29.795  1920  1920 D RILJ    : [3654]> SIGNAL_STRENGTH [SUB0]
02-20 19:58:29.805  1376  1466 D RIL     : onRequest: SIGNAL_STRENGTH
02-20 19:58:29.805  1920  2003 D RilRequest: [3654]< SIGNAL_STRENGTH error: com.android.internal.telephony.CommandException: RADIO_NOT_AVAILABLE ret=
02-20 19:58:29.805  1920  1920 D SST     : notifyDataRegStateRilRadioTechnologyChanged: drs=1 rat=0
02-20 19:58:29.805  1920  1920 D TelephonyManager: setTelephonyProperty: success phoneId=0 property=gsm.network.type value: Unknown propVal=Unknown
02-20 19:58:29.804  1681  1695 W KeyguardServiceDelegate: onScreenTurningOn(): no keyguard service!
02-20 19:58:29.810  1681  1704 I WindowManager: Screen frozen for +969ms due to AppWindowToken{4f0aad6 token=Token{9e8f698 ActivityRecord{396787b u0 com.android.settings/.FallbackHome t1}}}
02-20 19:58:29.841  1374  1832 I MediaPlayerService: MediaPlayerService::getOMX
02-20 19:58:29.841  1771  2024 I OMXClient: MuxOMX ctor
02-20 19:58:29.841  1371  1371 I OMXMaster: makeComponentInstance(OMX.google.vorbis.decoder) in mediacodec process
02-20 19:58:29.865  1920  1920 D DCT     : [0]DCT.constructor
02-20 19:58:29.881  1681  1963 D TelephonyRegistry: listen oscl: hasNotifySubscriptionInfoChangedOccurred==false no callback
02-20 19:58:29.893  1374  1374 I MediaPlayerService: MediaPlayerService::getOMX
02-20 19:58:29.894  1920  1920 D Dcc     : E ctor
02-20 19:58:29.894  1920  1920 D Dcc     : X ctor
02-20 19:58:29.894  1681  2027 I OMXClient: MuxOMX ctor
02-20 19:58:29.894  1920  1920 D SubscriptionController: [getPhoneId] asked for default subId=-1
02-20 19:58:29.895  1920  2026 D DcTesterDeacativateAll: register for intent action=com.android.internal.telephony.dataconnection.action_deactivate_all
02-20 19:58:29.895  1920  2026 D DcTesterDeacativateAll: register for intent action=com.android.internal.telephony.action_detached
02-20 19:58:29.897  1920  1920 D DcTesterFailBrinupAll: register for intent action=com.android.internal.telephony.dataconnection.action_fail_bringup
02-20 19:58:29.897  1920  1920 D DcTesterFailBrinupAll: register for intent action=com.android.internal.telephony.action_detached
02-20 19:58:29.897  1920  1920 D DcTesterFailBrinupAll: register for intent action=com.android.internal.telephony.action_attached
02-20 19:58:29.900  1681  1757 I force_gc: Binder
02-20 19:58:29.901  1920  2026 D Dcc     : DccDefaultState: msg.what=EVENT_RIL_CONNECTED mRilVersion=12
02-20 19:58:29.904  1920  1920 D SST     : notifyDataRegStateRilRadioTechnologyChanged: drs=1 rat=0
02-20 19:58:29.904  1920  1920 D TelephonyManager: setTelephonyProperty: success phoneId=0 property=gsm.network.type value: Unknown propVal=Unknown
02-20 19:58:29.904  1920  1920 D DCT     : [0]update sub = -2
02-20 19:58:29.904  1920  1920 D DCT     : [0]update(): Active DDS, register for all events now!
02-20 19:58:29.906  1920  1920 D GsmCdmaPhone: [GsmCdmaPhone] updateCurrentCarrierInProvider: mSubId = -2 currentDds = 1 operatorNumeric = null
02-20 19:58:29.907  1920  1920 D DCT     : [0]initApnContexts: E
02-20 19:58:29.907  1920  1920 D DCT     : [0]initApnContexts: skipping unknown type=1
02-20 19:58:29.907  1920  1920 D DCT     : [0]initApnContexts: apnContext={mApnType=default mState=IDLE mWaitingApns={null} mApnSetting={null} mReason=dataEnabled mDataEnabled=false mDependencyMet=true}
02-20 19:58:29.907  1920  1920 D DCT     : [0]initApnContexts: apnContext={mApnType=mms mState=IDLE mWaitingApns={null} mApnSetting={null} mReason=dataEnabled mDataEnabled=false mDependencyMet=true}
02-20 19:58:29.907  1920  1920 D DCT     : [0]initApnContexts: apnContext={mApnType=supl mState=IDLE mWaitingApns={null} mApnSetting={null} mReason=dataEnabled mDataEnabled=false mDependencyMet=true}
02-20 19:58:29.907  1920  1920 D DCT     : [0]initApnContexts: apnContext={mApnType=hipri mState=IDLE mWaitingApns={null} mApnSetting={null} mReason=dataEnabled mDataEnabled=false mDependencyMet=true}
02-20 19:58:29.907  1920  1920 D DCT     : [0]initApnContexts: apnContext={mApnType=fota mState=IDLE mWaitingApns={null} mApnSetting={null} mReason=dataEnabled mDataEnabled=false mDependencyMet=true}
02-20 19:58:29.907  1920  1920 D DCT     : [0]initApnContexts: apnContext={mApnType=ims mState=IDLE mWaitingApns={null} mApnSetting={null} mReason=dataEnabled mDataEnabled=false mDependencyMet=true}
02-20 19:58:29.907  1920  1920 D DCT     : [0]initApnContexts: apnContext={mApnType=cbs mState=IDLE mWaitingApns={null} mApnSetting={null} mReason=dataEnabled mDataEnabled=false mDependencyMet=true}
02-20 19:58:29.907  1920  1920 D DCT     : [0]initApnContexts: skipping unknown type=13
02-20 19:58:29.907  1920  1920 D DCT     : [0]initApnContexts: apnContext={mApnType=ia mState=IDLE mWaitingApns={null} mApnSetting={null} mReason=dataEnabled mDataEnabled=false mDependencyMet=true}
02-20 19:58:29.907  1920  1920 D DCT     : [0]initApnContexts: apnContext={mApnType=emergency mState=IDLE mWaitingApns={null} mApnSetting={null} mReason=dataEnabled mDataEnabled=false mDependencyMet=true}
02-20 19:58:29.912  1371  2014 I OMXMaster: makeComponentInstance(OMX.google.vorbis.decoder) in mediacodec process
02-20 19:58:29.956  1920  1920 D GsmCdmaPhone: [GsmCdmaPhone] GsmCdmaPhone: constructor: sub = 0
02-20 19:58:29.956  1920  1920 I PhoneFactory: Creating Phone with type = 1 sub = 0
02-20 19:58:29.972  1681  1691 I art     : Background sticky concurrent mark sweep GC freed 26171(2MB) AllocSpace objects, 9(212KB) LOS objects, 10% free, 21MB/24MB, paused 25.008ms total 185.988ms
02-20 19:58:29.973  1920  1920 I PhoneFactory: defaultSmsApplication: NONE
02-20 19:58:29.974  1920  1920 I PhoneFactory: Creating SubInfoRecordUpdater 
02-20 19:58:29.974  1920  1920 D SubscriptionInfoUpdater: Constructor invoked
02-20 19:58:29.976  1374  1968 I MediaPlayerService: MediaPlayerService::getOMX
02-20 19:58:29.977  1771  2033 I OMXClient: MuxOMX ctor
02-20 19:58:29.977  1371  1831 I OMXMaster: makeComponentInstance(OMX.google.vorbis.decoder) in mediacodec process
02-20 19:58:29.987  1681  1693 D TelephonyRegistry: listen oscl: hasNotifySubscriptionInfoChangedOccurred==false no callback
02-20 19:58:29.987  1920  1920 D SubscriptionController: [getPhoneId]- no sims, returning default phoneId=2147483647
02-20 19:58:29.988  1681  1693 D TelephonyRegistry: listen oscl: hasNotifySubscriptionInfoChangedOccurred==false no callback
02-20 19:58:29.989  1920  1920 D PhoneSwitcherNetworkRequstListener: Registering NetworkFactory
02-20 19:58:29.991  1920  1920 D PhoneSwitcher: PhoneSwitcher started
02-20 19:58:29.992  1920  1920 D ProxyController: Constructor - Enter
02-20 19:58:29.992  1681  1747 D ConnectivityService: Got NetworkFactory Messenger for PhoneSwitcherNetworkRequstListener
02-20 19:58:29.995  1920  1920 D ProxyController: clearTransaction
02-20 19:58:29.995  1920  1920 D ProxyController: clearTransaction: phoneId=0 status=IDLE
02-20 19:58:29.995  1920  1920 D ProxyController: Constructor - Exit
02-20 19:58:29.995  1920  1920 D TelephonyNetworkFactory[0]: Registering NetworkFactory
02-20 19:58:29.995  1681  1747 D ConnectivityService: Got NetworkFactory Messenger for TelephonyNetworkFactory[0]
02-20 19:58:29.996  1920  1920 D CallManager: registerPhone(GSM Handler (com.android.internal.telephony.GsmCdmaPhone) {cec840b})
02-20 19:58:29.998  1681  1693 D TelephonyRegistry: listen oscl: hasNotifySubscriptionInfoChangedOccurred==false no callback
02-20 19:58:30.001  1374  1374 I MediaPlayerService: MediaPlayerService::getOMX
02-20 19:58:30.001  1681  2034 I OMXClient: MuxOMX ctor
02-20 19:58:30.001  1371  1831 I OMXMaster: makeComponentInstance(OMX.google.vorbis.decoder) in mediacodec process
02-20 19:58:30.075  1681  1681 W art     : Long monitor contention with owner android.display (1704) at void com.android.server.wm.WindowManagerService$H.handleMessage(android.os.Message)(WindowManagerService.java:8368) waiters=0 in void com.android.server.policy.PhoneWindowManager.updateSettings() for 251ms
02-20 19:58:30.075  1681  1681 I dvm_lock_sample: [system_server,1,main,251,PhoneWindowManager.java,2002,WindowManagerService.java,8368,50]
02-20 19:58:30.076  1681  1696 W art     : Long monitor contention with owner android.display (1704) at void com.android.server.wm.WindowManagerService$H.handleMessage(android.os.Message)(WindowManagerService.java:8368) waiters=1 in void com.android.server.wm.WindowManagerService.updateRotationUnchecked(boolean, boolean) for 206ms
02-20 19:58:30.076  1681  1696 I dvm_lock_sample: [system_server,1,android.ui,206,WindowManagerService.java,6783,-,8368,41]
02-20 19:58:30.079  1374  1398 I MediaPlayerService: MediaPlayerService::getOMX
02-20 19:58:30.080  1681  2041 I OMXClient: MuxOMX ctor
02-20 19:58:30.080  1371  1830 I OMXMaster: makeComponentInstance(OMX.google.vorbis.decoder) in mediacodec process
02-20 19:58:30.102  1920  1920 D CarrierConfigLoader: CarrierConfigLoader has started
02-20 19:58:30.102  1920  1920 E BluetoothAdapter: Bluetooth binder is null
02-20 19:58:30.102  1681  1801 D TelephonyRegistry: listen oscl: hasNotifySubscriptionInfoChangedOccurred==false no callback
02-20 19:58:30.104  1681  1681 W VibratorService: Tried to stop vibrating but there is no vibrator device.
02-20 19:58:30.119  1681  1681 I am_proc_start: [0,2044,10004,com.android.cellbroadcastreceiver,broadcast,com.android.cellbroadcastreceiver/.CellBroadcastReceiver]
02-20 19:58:30.119  1681  1681 I ActivityManager: Start proc 2044:com.android.cellbroadcastreceiver/u0a4 for broadcast com.android.cellbroadcastreceiver/.CellBroadcastReceiver
02-20 19:58:30.119  1681  1681 D ConditionProviders.SCP: onSubscribe condition://android/schedule?days=6.7&start=23.30&end=10.0&exitAtAlarm=false
02-20 19:58:30.119  1681  1681 D ConditionProviders.SCP: setRegistered true
02-20 19:58:30.120  1681  1681 D ConditionProviders.SCP: notifyCondition condition://android/schedule?days=6.7&start=23.30&end=10.0&exitAtAlarm=false STATE_FALSE reason=!meetsSchedule
02-20 19:58:30.120  2044  2044 W art     : Unexpected CPU variant for X86 using defaults: x86_64
02-20 19:58:30.123  1681  1681 D ConditionProviders.SCP: Scheduling evaluate for Tue Feb 20 23:30:00 GMT+00:00 2018 (1519169400000), in +3h31m29s880ms, now=Tue Feb 20 19:58:30 GMT+00:00 2018 (1519156710120)
02-20 19:58:30.124  1681  1681 D ConditionProviders.SCP: onSubscribe condition://android/schedule?days=1.2.3.4.5&start=22.0&end=7.0&exitAtAlarm=false
02-20 19:58:30.124  1681  1681 D ConditionProviders.SCP: notifyCondition condition://android/schedule?days=6.7&start=23.30&end=10.0&exitAtAlarm=false STATE_FALSE reason=!meetsSchedule
02-20 19:58:30.124  1681  1681 D ConditionProviders.SCP: notifyCondition condition://android/schedule?days=1.2.3.4.5&start=22.0&end=7.0&exitAtAlarm=false STATE_FALSE reason=!meetsSchedule
02-20 19:58:30.124  1681  1681 D ConditionProviders.SCP: Scheduling evaluate for Tue Feb 20 22:00:00 GMT+00:00 2018 (1519164000000), in +2h1m29s876ms, now=Tue Feb 20 19:58:30 GMT+00:00 2018 (1519156710124)
02-20 19:58:30.125  1681  1681 D RttService: SCAN_AVAILABLE : 3
02-20 19:58:30.125  1681  1746 D RttService: DefaultState got{ when=0 what=160512 target=com.android.internal.util.StateMachine$SmHandler }
02-20 19:58:30.126  1920  1920 W TelecomManager: Telecom Service not found.
02-20 19:58:30.126  1681  1681 I Telecom : WiredHeadsetManager: ACTION_HEADSET_PLUG event, plugged in: false, : WHC.oADA@AAE
02-20 19:58:30.128  1920  1920 D RILJ    : [3655]> RIL_REQUEST_SET_TTY_MODE : 0 [SUB0]
02-20 19:58:30.129  1376  1466 D RIL     : onRequest: SET_TTY_MODE
02-20 19:58:30.129  1920  2003 D RilRequest: [3655]< RIL_REQUEST_SET_TTY_MODE error: com.android.internal.telephony.CommandException: RADIO_NOT_AVAILABLE ret=
02-20 19:58:30.129  1920  1920 I Telephony: TtyManager: updateUiTtyMode -1 -> 0
02-20 19:58:30.131  1920  2042 E ActivityThread: Failed to find provider info for com.android.contacts
02-20 19:58:30.131  1920  2042 W CallerInfoCache: cursor is null
02-20 19:58:30.133  1681  1693 D TelephonyRegistry: listen oscl: hasNotifySubscriptionInfoChangedOccurred==false no callback
02-20 19:58:30.133  1920  1920 D SubscriptionController: [getPhoneId] asked for default subId=-1
02-20 19:58:30.136  1920  1920 D UiccController: EVENT_RADIO_UNAVAILABLE, dispose card
02-20 19:58:30.136  1920  1920 D UiccController: Received EVENT_ICC_STATUS_CHANGED, calling getIccCardStatus
02-20 19:58:30.137  1920  1920 D RILJ    : [3656]> GET_SIM_STATUS [SUB0]
02-20 19:58:30.137  1376  1466 D RIL     : onRequest: GET_SIM_STATUS
02-20 19:58:30.137  1376  1466 D RIL     : getSIMStatus(). sState: 0
02-20 19:58:30.137  1681  1745 I WifiScanningService: wifi driver loaded with scan capabilities: max buckets=16
02-20 19:58:30.138  1920  2003 D RILJ    : [3656]< GET_SIM_STATUS IccCardState {CARDSTATE_PRESENT,PINSTATE_UNKNOWN,num_apps=2,gsm_id=0{APPTYPE_SIM,APPSTATE_DETECTED},cdma_id=1{APPTYPE_RUIM,APPSTATE_DETECTED},ims_id=8} [SUB0]
02-20 19:58:30.138  1920  1920 D Phone   : config LCE service failed: com.android.internal.telephony.CommandException: RADIO_NOT_AVAILABLE
02-20 19:58:30.138  1920  1920 D GsmSMSDispatcher: GsmSMSDispatcher: subId = -2 slotId = 0
02-20 19:58:30.138  1920  1920 E IccCardProxy: setExternalState: !override and newstate unchanged from NOT_READY
02-20 19:58:30.138  1920  1920 D RILJ    : [3657]> BASEBAND_VERSION [SUB0]
02-20 19:58:30.139  1376  1466 D RIL     : onRequest: BASEBAND_VERSION
02-20 19:58:30.139  1920  2003 D RilRequest: [3657]< BASEBAND_VERSION error: com.android.internal.telephony.CommandException: RADIO_NOT_AVAILABLE ret=
02-20 19:58:30.139  1920  1920 D RILJ    : [3658]> GET_IMEI [SUB0]
02-20 19:58:30.139  1376  1466 D RIL     : onRequest: GET_IMEI
02-20 19:58:30.139  1376  1466 D AT      : AT> AT+CGSN
02-20 19:58:30.139  1376  1469 D AT      : AT< 000000000000000
02-20 19:58:30.139  1376  1469 D AT      : AT< OK
02-20 19:58:30.140  1920  2003 D RILJ    : [3658]< GET_IMEI  [SUB0]
02-20 19:58:30.140  1920  1920 D RILJ    : [3659]> GET_IMEISV [SUB0]
02-20 19:58:30.140  1376  1466 D RIL     : onRequest: GET_IMEISV
02-20 19:58:30.141  1920  2003 D RilRequest: [3659]< GET_IMEISV error: com.android.internal.telephony.CommandException: RADIO_NOT_AVAILABLE ret=
02-20 19:58:30.141  1920  1920 D RILJ    : [3660]> RIL_REQUEST_GET_RADIO_CAPABILITY [SUB0]
02-20 19:58:30.141  1376  1466 D RIL     : onRequest: RIL_REQUEST_GET_RADIO_CAPABILITY
02-20 19:58:30.141  1920  2003 D RilRequest: [3660]< RIL_REQUEST_GET_RADIO_CAPABILITY error: com.android.internal.telephony.CommandException: RADIO_NOT_AVAILABLE ret=
02-20 19:58:30.141  1920  1920 D RILJ    : [3661]> RIL_REQUEST_START_LCE [SUB0]
02-20 19:58:30.142  1376  1466 D RIL     : onRequest: <unknown request>
02-20 19:58:30.142  1920  2003 D RilRequest: [3661]< RIL_REQUEST_START_LCE error: com.android.internal.telephony.CommandException: RADIO_NOT_AVAILABLE ret=
02-20 19:58:30.142  1920  1920 D GsmCdmaPhone: [GsmCdmaPhone] Event EVENT_RADIO_OFF_OR_NOT_AVAILABLE Received
02-20 19:58:30.142  1920  1920 E IccCardProxy: setExternalState: !override and newstate unchanged from NOT_READY
02-20 19:58:30.142  1920  1920 D SST     : mDeviceShuttingDown=false, mDesiredPowerState=true, getRadioState=RADIO_OFF, mPowerOffDelayNeed=true, mAlarmSwitch=false, mRadioDisabledByCarrier=false
02-20 19:58:30.142  1920  1920 D RILJ    : [3662]> RADIO_POWER on [SUB0]
02-20 19:58:30.142  1376  1466 D RIL     : onRequest: RADIO_POWER
02-20 19:58:30.143  1376  1466 D AT      : AT> AT+CFUN=1
02-20 19:58:30.143  1376  1469 D AT      : AT< OK
02-20 19:58:30.143  1376  1466 D RIL     : setRadioState(10)
02-20 19:58:30.143  1920  2003 D RILJ    : [UNSL]< UNSOL_RESPONSE_RADIO_STATE_CHANGED RADIO_ON [SUB0]
02-20 19:58:30.143  1920  2003 D RILJ    : [UNSL]< UNSOL_RESPONSE_SIM_STATUS_CHANGED [SUB0]
02-20 19:58:30.143  1920  2003 D RILJ    : [3662]< RADIO_POWER  [SUB0]
02-20 19:58:30.145  1920  1920 D RILJ    : [3663]> OPERATOR [SUB0]
02-20 19:58:30.157  1681  1681 I ActivityManager: user 0 is still locked. Cannot load recents
02-20 19:58:30.159  1920  1920 D RILJ    : [3664]> DATA_REGISTRATION_STATE [SUB0]
02-20 19:58:30.159  1376  1466 D RIL     : onRequest: OPERATOR
02-20 19:58:30.159  1376  1466 D AT      : AT> AT+COPS=3,0;+COPS?;+COPS=3,1;+COPS?;+COPS=3,2;+COPS?
02-20 19:58:30.159  1376  1469 D AT      : AT< +COPS: 0,0,"Android"
02-20 19:58:30.159  1376  1469 D AT      : AT< +COPS: 0,1,"Android"
02-20 19:58:30.159  1376  1469 D AT      : AT< +COPS: 0,2,"310260"
02-20 19:58:30.159  1376  1469 D AT      : AT< OK
02-20 19:58:30.190  1681  1693 I am_proc_bound: [0,2044,com.android.cellbroadcastreceiver]
02-20 19:58:30.195  1920  1920 D RILJ    : [3665]> VOICE_REGISTRATION_STATE [SUB0]
02-20 19:58:30.196  1376  1466 D RIL     : onRequest: DATA_REGISTRATION_STATE
02-20 19:58:30.196  1376  1466 D RIL     : requestRegistrationState
02-20 19:58:30.196  1376  1466 D AT      : AT> AT+CGREG?
02-20 19:58:30.196  1920  1920 D RILJ    : [3666]> QUERY_NETWORK_SELECTION_MODE [SUB0]
02-20 19:58:30.200  1376  1469 D AT      : AT< +CGREG: 1,1,"0003","005b","000e"
02-20 19:58:30.200  1376  1469 D AT      : AT< OK
02-20 19:58:30.200  1376  1466 D RIL     : parseRegistrationState. Parsing: +CGREG: 1,1,"0003","005b","000e"
02-20 19:58:30.200  1376  1466 D RIL     : registration state type: 3GPP
02-20 19:58:30.200  1376  1466 D RIL     : onRequest: VOICE_REGISTRATION_STATE
02-20 19:58:30.200  1376  1466 D RIL     : requestRegistrationState
02-20 19:58:30.200  1376  1466 D AT      : AT> AT+CREG?
02-20 19:58:30.200  1376  1469 D AT      : AT< +CREG: 2,1, "0003", "005b"
02-20 19:58:30.200  1376  1469 D AT      : AT< OK
02-20 19:58:30.200  1376  1466 D RIL     : parseRegistrationState. Parsing: +CREG: 2,1, "0003", "005b"
02-20 19:58:30.200  1376  1466 D RIL     : registration state type: 3GPP
02-20 19:58:30.200  1920  1920 D SST     : NITZ: 18/02/20:19:58:20+0:0:Unknown!Unknown,4255 start=15200 delay=10945
02-20 19:58:30.201  1920  2003 D RILJ    : [3663]< OPERATOR {Android, Android, 310260} [SUB0]
02-20 19:58:30.201  1920  1920 D SST     : NITZ: tzOffset=0 dst=0 zone=GMT iso= mGotCountryCode=false mNeedFixZoneAfterNitz=false
02-20 19:58:30.201  1920  2003 D RILJ    : [3664]< DATA_REGISTRATION_STATE {1, 3, 5b, 14, null, null} [SUB0]
02-20 19:58:30.201  1376  1466 D RIL     : onRequest: QUERY_NETWORK_SELECTION_MODE
02-20 19:58:30.201  1376  1466 D AT      : AT> AT+COPS?
02-20 19:58:30.201  1376  1469 D AT      : AT< +COPS: 0,2,310260
02-20 19:58:30.201  1376  1469 D AT      : AT< OK
02-20 19:58:30.201  1920  2003 D RILJ    : [3665]< VOICE_REGISTRATION_STATE {1, 3, 5b, 0, null, null, null, null, null, null, null, null, null, null, null} [SUB0]
02-20 19:58:30.202  1920  2003 D RILJ    : [3666]< QUERY_NETWORK_SELECTION_MODE {0} [SUB0]
02-20 19:58:30.202  1920  1920 D SST     : setAndBroadcastNetworkSetTimeZone: setTimeZone=GMT
02-20 19:58:30.202  1681  1692 D AlarmManagerService: Kernel timezone updated to 0 minutes west of GMT
02-20 19:58:30.205  1681  1681 I notification_enqueue: [10028,1771,com.android.systemui,1397773634,public:253,64,-1,Notification(pri=0 contentView=null vibrate=null sound=null defaults=0x0 flags=0x100 color=0xff607d8b category=sys actions=2 vis=PUBLIC),0]
02-20 19:58:30.205  1920  1920 D SST     : setAndBroadcastNetworkSetTimeZone: call alarm.setTimeZone and broadcast zoneId=GMT
02-20 19:58:30.206  1920  1920 D SST     : NITZ: Setting time of day to Tue Feb 20 19:58:30 GMT+00:00 2018 NITZ receive delay(ms): 10951 gained(ms): 745 from 18/02/20:19:58:20+0:0:Unknown!Unknown
02-20 19:58:30.206  1920  1920 D SST     : setAndBroadcastNetworkSetTime: time=1519156710951ms
02-20 19:58:30.206  1681  1681 D TelephonyRegistry: notifyCellLocationForSubscriber: subId=0 cellLocation=Bundle[{}]
02-20 19:58:30.206  1681  1963 D AlarmManagerService: Setting time of day to sec=1519156710
02-20 19:58:30.951  1920  1951 D SubscriptionController: [getPhoneId]- no sims, returning default phoneId=2147483647
02-20 19:58:30.951  1681  1963 W AlarmManagerService: Unable to set rtc to 1519156710: No such device
02-20 19:58:30.974  1681  1681 D ConditionProviders.SCP: onReceive android.intent.action.TIME_SET
02-20 19:58:30.999  1771  1771 I Choreographer: Skipped 36 frames!  The application may be doing too much work on its main thread.
02-20 19:58:31.000  1920  1920 I SST     : NITZ: after Setting time of day
02-20 19:58:31.001  1920  1920 D SST     : NITZ: end=15257 dur=57
02-20 19:58:31.002  1920  1920 D SST     : mDeviceShuttingDown=false, mDesiredPowerState=true, getRadioState=RADIO_ON, mPowerOffDelayNeed=true, mAlarmSwitch=false, mRadioDisabledByCarrier=false
02-20 19:58:31.002  1920  1920 D RILJ    : [3667]> OPERATOR [SUB0]
02-20 19:58:31.004  1376  1466 D RIL     : onRequest: OPERATOR
02-20 19:58:31.004  1376  1466 D AT      : AT> AT+COPS=3,0;+COPS?;+COPS=3,1;+COPS?;+COPS=3,2;+COPS?
02-20 19:58:31.004  1920  1920 D RILJ    : [3668]> DATA_REGISTRATION_STATE [SUB0]
02-20 19:58:31.005  1376  1469 D AT      : AT< +COPS: 0,0,"Android"
02-20 19:58:31.005  1376  1469 D AT      : AT< +COPS: 0,1,"Android"
02-20 19:58:31.005  1376  1469 D AT      : AT< +COPS: 0,2,"310260"
02-20 19:58:31.005  1376  1469 D AT      : AT< OK
02-20 19:58:31.005  1920  2003 D RILJ    : [3667]< OPERATOR {Android, Android, 310260} [SUB0]
02-20 19:58:31.013  1681  1681 D ConditionProviders.SCP: notifyCondition condition://android/schedule?days=6.7&start=23.30&end=10.0&exitAtAlarm=false STATE_FALSE reason=!meetsSchedule
02-20 19:58:31.013  1681  1681 D ConditionProviders.SCP: notifyCondition condition://android/schedule?days=1.2.3.4.5&start=22.0&end=7.0&exitAtAlarm=false STATE_FALSE reason=!meetsSchedule
02-20 19:58:31.014  1681  1681 D ConditionProviders.SCP: Scheduling evaluate for Tue Feb 20 22:00:00 GMT+00:00 2018 (1519164000000), in +2h1m29s11ms, now=Tue Feb 20 19:58:30 GMT+00:00 2018 (1519156710989)
02-20 19:58:31.016  1920  1920 D RILJ    : [3669]> VOICE_REGISTRATION_STATE [SUB0]
02-20 19:58:31.017  1376  1466 D RIL     : onRequest: DATA_REGISTRATION_STATE
02-20 19:58:31.017  1376  1466 D RIL     : requestRegistrationState
02-20 19:58:31.017  1376  1466 D AT      : AT> AT+CGREG?
02-20 19:58:31.018  1376  1469 D AT      : AT< +CGREG: 1,1,"0003","005b","000e"
02-20 19:58:31.018  1376  1469 D AT      : AT< OK
02-20 19:58:31.018  1376  1466 D RIL     : parseRegistrationState. Parsing: +CGREG: 1,1,"0003","005b","000e"
02-20 19:58:31.018  1376  1466 D RIL     : registration state type: 3GPP
02-20 19:58:31.018  1920  1920 D RILJ    : [3670]> QUERY_NETWORK_SELECTION_MODE [SUB0]
02-20 19:58:31.019  1920  1920 D SST     : onSignalStrengthResult() Exception from RIL : com.android.internal.telephony.CommandException: RADIO_NOT_AVAILABLE
02-20 19:58:31.019  1920  2003 D RILJ    : [3668]< DATA_REGISTRATION_STATE {1, 3, 5b, 14, null, null} [SUB0]
02-20 19:58:31.020  1376  1466 D RIL     : onRequest: VOICE_REGISTRATION_STATE
02-20 19:58:31.020  1376  1466 D RIL     : requestRegistrationState
02-20 19:58:31.020  1376  1466 D AT      : AT> AT+CREG?
02-20 19:58:31.020  1376  1469 D AT      : AT< +CREG: 2,1, "0003", "005b"
02-20 19:58:31.020  1376  1469 D AT      : AT< OK
02-20 19:58:31.021  1376  1466 D RIL     : parseRegistrationState. Parsing: +CREG: 2,1, "0003", "005b"
02-20 19:58:31.021  1376  1466 D RIL     : registration state type: 3GPP
02-20 19:58:31.021  1376  1466 D RIL     : onRequest: QUERY_NETWORK_SELECTION_MODE
02-20 19:58:31.021  1376  1466 D AT      : AT> AT+COPS?
02-20 19:58:31.021  1376  1469 D AT      : AT< +COPS: 0,2,310260
02-20 19:58:31.021  1376  1469 D AT      : AT< OK
02-20 19:58:31.021  1920  2003 D RILJ    : [3669]< VOICE_REGISTRATION_STATE {1, 3, 5b, 0, null, null, null, null, null, null, null, null, null, null, null} [SUB0]
02-20 19:58:31.021  1920  2003 D RILJ    : [3670]< QUERY_NETWORK_SELECTION_MODE {0} [SUB0]
02-20 19:58:31.067  1920  1920 D DCT     : [0]NETWORK_STATE_CHANGED_ACTION: mIsWifiConnected=false
02-20 19:58:31.067  1920  1920 D DCT     : [0]Wifi state changed
02-20 19:58:31.067  1920  1920 D DCT     : [0]WIFI_STATE_CHANGED_ACTION: enabled=true mIsWifiConnected=false
02-20 19:58:31.067  1920  1920 D DCT     : [0]onRadioAvailable
02-20 19:58:31.067  1920  1920 D DCT     : [0]onRadioOffOrNotAvailable: is off and clean up all connections
02-20 19:58:31.067  1920  1920 D DCT     : [0]cleanUpAllConnections: tearDown=false reason=radioTurnedOff
02-20 19:58:31.067  1920  1920 D GsmCdmaPhone: [GsmCdmaPhone] getDataConnectionState apnType=default ret=DISCONNECTED
02-20 19:58:31.068  1312  1357 I SurfaceFlinger: Boot is finished (13388 ms)
02-20 19:58:31.069  1312  1357 I sf_stop_bootanim: 15324
02-20 19:58:31.071  1374  1902 I MediaPlayerService: MediaPlayerService::getOMX
02-20 19:58:31.075  1681  2064 I OMXClient: MuxOMX ctor
02-20 19:58:31.075  1371  2014 I OMXMaster: makeComponentInstance(OMX.google.vorbis.decoder) in mediacodec process
02-20 19:58:31.078  1920  1920 D DCT     : [0]cleanUpConnection: X tearDown=false reason=radioTurnedOff apnContext={mApnType=default mState=IDLE mWaitingApns={null} mApnSetting={null} mReason=radioTurnedOff mDataEnabled=false mDependencyMet=true} dcac=null
02-20 19:58:31.078  1920  1920 D GsmCdmaPhone: [GsmCdmaPhone] getDataConnectionState apnType=mms ret=DISCONNECTED
02-20 19:58:31.082  1920  1920 D DCT     : [0]cleanUpConnection: X tearDown=false reason=radioTurnedOff apnContext={mApnType=mms mState=IDLE mWaitingApns={null} mApnSetting={null} mReason=radioTurnedOff mDataEnabled=false mDependencyMet=true} dcac=null
02-20 19:58:31.082  1920  1920 D GsmCdmaPhone: [GsmCdmaPhone] getDataConnectionState apnType=cbs ret=DISCONNECTED
02-20 19:58:31.083  1920  1920 D DCT     : [0]cleanUpConnection: X tearDown=false reason=radioTurnedOff apnContext={mApnType=cbs mState=IDLE mWaitingApns={null} mApnSetting={null} mReason=radioTurnedOff mDataEnabled=false mDependencyMet=true} dcac=null
02-20 19:58:31.083  1920  1920 D GsmCdmaPhone: [GsmCdmaPhone] getDataConnectionState apnType=fota ret=DISCONNECTED
02-20 19:58:31.083  1920  1920 D DCT     : [0]cleanUpConnection: X tearDown=false reason=radioTurnedOff apnContext={mApnType=fota mState=IDLE mWaitingApns={null} mApnSetting={null} mReason=radioTurnedOff mDataEnabled=false mDependencyMet=true} dcac=null
02-20 19:58:31.083  1920  1920 D GsmCdmaPhone: [GsmCdmaPhone] getDataConnectionState apnType=supl ret=DISCONNECTED
02-20 19:58:31.084  1920  1920 D DCT     : [0]cleanUpConnection: X tearDown=false reason=radioTurnedOff apnContext={mApnType=supl mState=IDLE mWaitingApns={null} mApnSetting={null} mReason=radioTurnedOff mDataEnabled=false mDependencyMet=true} dcac=null
02-20 19:58:31.084  1920  1920 D GsmCdmaPhone: [GsmCdmaPhone] getDataConnectionState apnType=ia ret=DISCONNECTED
02-20 19:58:31.084  1920  1920 D DCT     : [0]cleanUpConnection: X tearDown=false reason=radioTurnedOff apnContext={mApnType=ia mState=IDLE mWaitingApns={null} mApnSetting={null} mReason=radioTurnedOff mDataEnabled=false mDependencyMet=true} dcac=null
02-20 19:58:31.084  1920  1920 D GsmCdmaPhone: [GsmCdmaPhone] getDataConnectionState apnType=emergency ret=DISCONNECTED
02-20 19:58:31.085  1920  1920 D DCT     : [0]cleanUpConnection: X tearDown=false reason=radioTurnedOff apnContext={mApnType=emergency mState=IDLE mWaitingApns={null} mApnSetting={null} mReason=radioTurnedOff mDataEnabled=false mDependencyMet=true} dcac=null
02-20 19:58:31.085  1920  1920 D GsmCdmaPhone: [GsmCdmaPhone] getDataConnectionState apnType=hipri ret=DISCONNECTED
02-20 19:58:31.085  1920  1920 D DCT     : [0]cleanUpConnection: X tearDown=false reason=radioTurnedOff apnContext={mApnType=hipri mState=IDLE mWaitingApns={null} mApnSetting={null} mReason=radioTurnedOff mDataEnabled=false mDependencyMet=true} dcac=null
02-20 19:58:31.085  1920  1920 D GsmCdmaPhone: [GsmCdmaPhone] getDataConnectionState apnType=ims ret=DISCONNECTED
02-20 19:58:31.086  1920  1920 D DCT     : [0]cleanUpConnection: X tearDown=false reason=radioTurnedOff apnContext={mApnType=ims mState=IDLE mWaitingApns={null} mApnSetting={null} mReason=radioTurnedOff mDataEnabled=false mDependencyMet=true} dcac=null
02-20 19:58:31.086  1920  1920 D DCT     : [0]stopNetStatPoll
02-20 19:58:31.086  1920  1920 D DCT     : [0]cleanUpConnection: mDisconnectPendingCount = 0
02-20 19:58:31.086  1920  1920 D DCT     : [0]isDataAllowed: No - SIM not loaded - Not attached
02-20 19:58:31.096  1920  1920 D DCT     : [0]onDataConnectionDetached: stop polling and notify detached
02-20 19:58:31.096  1920  1920 D DCT     : [0]stopNetStatPoll
02-20 19:58:31.097  1920  1920 D DCT     : [0]notifyDataConnection: reason=dataDetached
02-20 19:58:31.097  1920  1920 D DCT     : [0]isDataAllowed: No - SIM not loaded - Not attached
02-20 19:58:31.130  1920  1920 D DCT     : [0]onRoamingOff
02-20 19:58:31.132  1920  1920 D DCT     : [0]isDataAllowed: No - SIM not loaded - Not attached
02-20 19:58:31.164  1681  2061 I StatusBarManagerService: registerStatusBar bar=com.android.internal.statusbar.IStatusBar$Stub$Proxy@a904f5b
02-20 19:58:31.188  1312  1312 I sf_frame_dur: [BootAnimation,0,20,254,10,4,0,0]
02-20 19:58:31.219  1920  1920 D DCT     : [0]setupDataOnConnectableApns: roamingOff hipri:[state=IDLE,enabled=false] mms:[state=IDLE,enabled=false] supl:[state=IDLE,enabled=false] ia:[state=IDLE,enabled=false] fota:[state=IDLE,enabled=false] ims:[state=IDLE,enabled=false] cbs:[state=IDLE,enabled=false] default:[state=IDLE,enabled=false] emergency:[state=IDLE,enabled=false] 
02-20 19:58:31.219  1920  1920 D DCT     : [0]setupDataOnConnectableApns: nwTypeChanged hipri:[state=IDLE,enabled=false] mms:[state=IDLE,enabled=false] supl:[state=IDLE,enabled=false] ia:[state=IDLE,enabled=false] fota:[state=IDLE,enabled=false] ims:[state=IDLE,enabled=false] cbs:[state=IDLE,enabled=false] default:[state=IDLE,enabled=false] emergency:[state=IDLE,enabled=false] 
02-20 19:58:31.219  1920  1920 D SubscriptionInfoUpdater: [Receiver]+
02-20 19:58:31.219  1920  1920 D SubscriptionInfoUpdater: Action: android.intent.action.SIM_STATE_CHANGED
02-20 19:58:31.219  1920  1920 D SubscriptionInfoUpdater: slotId: 0
02-20 19:58:31.219  1920  1920 D SubscriptionInfoUpdater: simStatus: NOT_READY
02-20 19:58:31.219  1920  1920 D SubscriptionInfoUpdater: Ignoring simStatus: NOT_READY
02-20 19:58:31.219  1920  1920 D SubscriptionInfoUpdater: [Receiver]-
02-20 19:58:31.219  1920  1920 D PhoneSwitcherNetworkRequstListener: got request NetworkRequest [ REQUEST id=1, [ Capabilities: INTERNET&NOT_RESTRICTED&TRUSTED&NOT_VPN] ] with score 0
02-20 19:58:31.219  1920  1920 D TelephonyNetworkFactory[0]: onSubIdChange -1->-2
02-20 19:58:31.219  1920  1920 D TelephonyNetworkFactory[0]: got request NetworkRequest [ REQUEST id=1, [ Capabilities: INTERNET&NOT_RESTRICTED&TRUSTED&NOT_VPN] ] with score 0
02-20 19:58:31.220  1920  1920 D DebugService: DebugService DebugService:
02-20 19:58:31.220  1920  1920 D TelephonyDebugService: TelephonyDebugService()
02-20 19:58:31.221  1920  1920 D CarrierConfigLoader: mHandler: 12 phoneId: 0
02-20 19:58:31.221  1920  1920 D RILJ    : [3671]> RIL_REQUEST_QUERY_TTY_MODE [SUB0]
02-20 19:58:31.222  1920  1920 D GsmSMSDispatcher: GsmSMSDispatcher: subId = -2 slotId = 0
02-20 19:58:31.222  1920  1920 E IccCardProxy: setExternalState: !override and newstate unchanged from NOT_READY
02-20 19:58:31.222  1920  1920 D UiccController: Received EVENT_GET_ICC_STATUS_DONE
02-20 19:58:31.222  1920  1920 D UiccCard: 2 applications
02-20 19:58:31.222  1920  1920 D UiccCardApplication: Creating UiccApp: {APPTYPE_SIM,APPSTATE_DETECTED}
02-20 19:58:31.222  1376  1466 D RIL     : onRequest: QUERY_TTY_MODE
02-20 19:58:31.222  1376  1466 D RIL     : Request not supported. Tech: 1
02-20 19:58:30.450     0     0 I init    : Service 'bootanim' (pid 1335) exited with status 0
02-20 19:58:30.451     0     0 I init    : Starting service 'exec 6 (/system/bin/bootstat)'...
02-20 19:58:31.223  1920  2003 D RilRequest: [3671]< RIL_REQUEST_QUERY_TTY_MODE error: com.android.internal.telephony.CommandException: REQUEST_NOT_SUPPORTED ret=
02-20 19:58:31.224  1920  1920 W VoiceMailConstants: Can't open /system/etc/voicemail-conf.xml
02-20 19:58:31.225  1920  1920 D SpnOverride: No SPN in OEM image = /oem/telephony/spn-conf.xml Load SPN from system image
02-20 19:58:31.225  1920  1920 W SpnOverride: Can not open /system/etc/spn-conf.xml
02-20 19:58:31.225  1920  1920 D SIMRecords: [SIMRecords] setting0 mMncLength-1
02-20 19:58:31.225  1920  1920 D SIMRecords: [SIMRecords] SIMRecords: onRadioOffOrNotAvailable set 'gsm.sim.operator.numeric' to operator=null
02-20 19:58:31.225  1920  1920 D SIMRecords: [SIMRecords] update icc_operator_numeric=null
02-20 19:58:31.225  1920  1920 D TelephonyManager: setTelephonyProperty: success phoneId=0 property=gsm.sim.operator.numeric value:  propVal=
02-20 19:58:31.231  1920  1920 D TelephonyManager: setTelephonyProperty: success phoneId=0 property=gsm.sim.operator.alpha value:  propVal=
02-20 19:58:31.231  1920  1920 D TelephonyManager: setTelephonyProperty: success phoneId=0 property=gsm.sim.operator.iso-country value:  propVal=
02-20 19:58:31.232  1920  1920 D SIMRecords: [SIMRecords] getOperatorNumeric: IMSI == null
02-20 19:58:31.232  1920  1920 D SIMRecords: [SIMRecords] SIMRecords X ctor this=SimRecords: mDestroyed=false mContext=com.android.phone.PhoneGlobals@c9eeb8a mCi=com.android.internal.telephony.RIL@a9bbecc mFh=Handler (com.android.internal.telephony.uicc.SIMFileHandler) {22a85fb} mParentApp=com.android.internal.telephony.uicc.UiccCardApplication@c0fb618 recordsLoadedRegistrants=android.os.RegistrantList@abc0871 mImsiReadyRegistrants=android.os.RegistrantList@5083656 mRecordsEventsRegistrants=android.os.RegistrantList@19186d7 mNewSmsRegistrants=android.os.RegistrantList@3561bc4 mNetworkSelectionModeAutomaticRegistrants=android.os.RegistrantList@5b7baad recordsToLoad=0 adnCache=Handler (com.android.internal.telephony.uicc.AdnRecordCache) {8e961e2} recordsRequested=false iccid=null msisdnTag=null voiceMailNum=null voiceMailTag=null voiceMailNum=null newVoiceMailTag=null isVoiceMailFixed=false mImsi=null mncLength=-1 mailboxIndex=0 spn=null mVmConfigcom.android.internal.telephony.uicc.VoiceMailConstants@dfdb973 mSpnOverride=mSpnOverride callForwardingEnabled=0 spnState=null mCphsInfo=null mCspPlmnEnabled=true efMWIS=null efCPHS_MWI=null mEfCff=null mEfCfis=null getOperatorNumeric=null
02-20 19:58:31.233  1920  1920 D UiccCardApplication: Creating UiccApp: {APPTYPE_RUIM,APPSTATE_DETECTED}
02-20 19:58:31.233  1920  1920 D RuimRecords: [RuimRecords] setting0 mMncLength-1
02-20 19:58:31.234  1920  1920 D RuimRecords: [RuimRecords] RuimRecords X ctor this=RuimRecords: mDestroyed=false mContext=com.android.phone.PhoneGlobals@c9eeb8a mCi=com.android.internal.telephony.RIL@a9bbecc mFh=Handler (com.android.internal.telephony.uicc.RuimFileHandler) {34254a9} mParentApp=com.android.internal.telephony.uicc.UiccCardApplication@cbfba2e recordsLoadedRegistrants=android.os.RegistrantList@5f079cf mImsiReadyRegistrants=android.os.RegistrantList@19b1f5c mRecordsEventsRegistrants=android.os.RegistrantList@fc29265 mNewSmsRegistrants=android.os.RegistrantList@d914b3a mNetworkSelectionModeAutomaticRegistrants=android.os.RegistrantList@4a4e3eb recordsToLoad=0 adnCache=Handler (com.android.internal.telephony.uicc.AdnRecordCache) {a68d548} recordsRequested=false iccid=null msisdnTag=null voiceMailNum=null voiceMailTag=null voiceMailNum=null newVoiceMailTag=null isVoiceMailFixed=false mImsi=null mncLength=-1 mailboxIndex=0 spn=null m_ota_commitedfalse mMyMobileNumber=xxxx mMin2Min1=null mPrlVersion=null mEFpl=null mEFli=null mCsimSpnDisplayCondition=false mMdn=null mMin=null mHomeSystemId=null mHomeNetworkId=null
02-20 19:58:31.243  2068  2068 I bootstat: Service started: /system/bin/bootstat --record_boot_complete 
02-20 19:58:31.246  2068  2068 I bootstat: Logging histogram: bootstat_mtime_matches_content 1
02-20 19:58:31.211  2068  2068 I auditd  : type=1400 audit(0.0:11): avc: denied { getattr } for comm="bootstat" path="/vendor" dev="rootfs" ino=3995 scontext=u:r:bootstat:s0 tcontext=u:object_r:rootfs:s0 tclass=lnk_file permissive=0
02-20 19:58:31.211  2068  2068 W bootstat: type=1400 audit(0.0:11): avc: denied { getattr } for path="/vendor" dev="rootfs" ino=3995 scontext=u:r:bootstat:s0 tcontext=u:object_r:rootfs:s0 tclass=lnk_file permissive=0
02-20 19:58:31.246  2068  2068 I sysui_histogram: [bootstat_mtime_matches_content,1]
02-20 19:58:31.268  1920  1920 D CAT     : CatService: registerForRecordsLoaded slotid=0 instance:Handler (com.android.internal.telephony.cat.CatService) {ee9a91d}
02-20 19:58:31.268  1920  1920 D CAT     : CatService: Running CAT service on Slotid: 0. STK app installed:false
02-20 19:58:31.268  1920  1920 D UiccCard: Before privilege rules: null : CARDSTATE_PRESENT
02-20 19:58:31.269  1920  1920 D RILJ    : [3672]> RIL_REQUEST_SIM_OPEN_CHANNEL [SUB0]
02-20 19:58:31.269  1376  1466 D RIL     : onRequest: SIM_OPEN_CHANNEL
02-20 19:58:31.269  1376  1466 D AT      : AT> AT+CCHO=A00000015141434C00
02-20 19:58:31.270  1376  1469 D AT      : AT< 1
02-20 19:58:31.270  1376  1469 D AT      : AT< OK
02-20 19:58:31.270  1920  2003 D RILJ    : [3672]< RIL_REQUEST_SIM_OPEN_CHANNEL  [SUB0]
02-20 19:58:31.270  1920  1920 E UiccCard: App index 8 is invalid since there are no applications
02-20 19:58:31.270  1920  1920 D UiccCard: update: radioState=RADIO_ON mLastRadioState=RADIO_UNAVAILABLE
02-20 19:58:31.270  1920  1920 D UiccController: Notifying IccChangedRegistrants
02-20 19:58:31.283  2068  2068 I bootstat: Logging histogram: bootstat_mtime_matches_content 1
02-20 19:58:31.283  2068  2068 I sysui_histogram: [bootstat_mtime_matches_content,1]
02-20 19:58:31.283  2068  2068 I bootstat: Logging histogram: bootstat_mtime_matches_content 1
02-20 19:58:31.283  2068  2068 I sysui_histogram: [bootstat_mtime_matches_content,1]
02-20 19:58:31.324  1681  1753 E ActivityThread: Failed to find provider info for com.android.calendar
02-20 19:58:31.325  1681  1753 E ActivityThread: Failed to find provider info for com.android.calendar
02-20 19:58:30.584     0     0 I init    : Service 'exec 6 (/system/bin/bootstat)' (pid 2068) exited with status 0
02-20 19:58:30.589     0     0 I init    : Starting service 'exec 7 (/system/bin/bootstat)'...
02-20 19:58:31.351  2074  2074 I auditd  : type=1400 audit(0.0:12): avc: denied { getattr } for comm="bootstat" path="/vendor" dev="rootfs" ino=3995 scontext=u:r:bootstat:s0 tcontext=u:object_r:rootfs:s0 tclass=lnk_file permissive=0
02-20 19:58:31.351  2074  2074 W bootstat: type=1400 audit(0.0:12): avc: denied { getattr } for path="/vendor" dev="rootfs" ino=3995 scontext=u:r:bootstat:s0 tcontext=u:object_r:rootfs:s0 tclass=lnk_file permissive=0
02-20 19:58:31.331  1920  1920 D GsmCdmaPhone: get phone radio capability fail, no need to change mRadioCapability
02-20 19:58:31.331  1920  1920 D GsmCdmaPhone: EVENT_GET_RADIO_CAPABILITY: phone rc: null
02-20 19:58:31.331  1920  1920 D Phone   : config LCE service failed: com.android.internal.telephony.CommandException: RADIO_NOT_AVAILABLE
02-20 19:58:31.331  1920  1920 D SST     : mDeviceShuttingDown=false, mDesiredPowerState=true, getRadioState=RADIO_ON, mPowerOffDelayNeed=true, mAlarmSwitch=false, mRadioDisabledByCarrier=false
02-20 19:58:31.331  1920  1920 D RILJ    : [3673]> OPERATOR [SUB0]
02-20 19:58:31.332  1920  1920 D RILJ    : [3674]> DATA_REGISTRATION_STATE [SUB0]
02-20 19:58:31.332  1376  1466 D RIL     : onRequest: OPERATOR
02-20 19:58:31.332  1376  1466 D AT      : AT> AT+COPS=3,0;+COPS?;+COPS=3,1;+COPS?;+COPS=3,2;+COPS?
02-20 19:58:31.332  1376  1469 D AT      : AT< +COPS: 0,0,"Android"
02-20 19:58:31.332  1376  1469 D AT      : AT< +COPS: 0,1,"Android"
02-20 19:58:31.332  1376  1469 D AT      : AT< +COPS: 0,2,"310260"
02-20 19:58:31.332  1376  1469 D AT      : AT< OK
02-20 19:58:31.332  1920  2003 D RILJ    : [3673]< OPERATOR {Android, Android, 310260} [SUB0]
02-20 19:58:31.332  1920  1920 D RILJ    : [3675]> VOICE_REGISTRATION_STATE [SUB0]
02-20 19:58:31.332  1376  1466 D RIL     : onRequest: DATA_REGISTRATION_STATE
02-20 19:58:31.332  1376  1466 D RIL     : requestRegistrationState
02-20 19:58:31.332  1376  1466 D AT      : AT> AT+CGREG?
02-20 19:58:31.332  1376  1469 D AT      : AT< +CGREG: 1,1,"0003","005b","000e"
02-20 19:58:31.332  1376  1469 D AT      : AT< OK
02-20 19:58:31.332  1376  1466 D RIL     : parseRegistrationState. Parsing: +CGREG: 1,1,"0003","005b","000e"
02-20 19:58:31.332  1376  1466 D RIL     : registration state type: 3GPP
02-20 19:58:31.333  1920  1920 D RILJ    : [3676]> QUERY_NETWORK_SELECTION_MODE [SUB0]
02-20 19:58:31.333  1376  1466 D RIL     : onRequest: VOICE_REGISTRATION_STATE
02-20 19:58:31.333  1376  1466 D RIL     : requestRegistrationState
02-20 19:58:31.333  1376  1466 D AT      : AT> AT+CREG?
02-20 19:58:31.333  1376  1469 D AT      : AT< +CREG: 2,1, "0003", "005b"
02-20 19:58:31.333  1376  1469 D AT      : AT< OK
02-20 19:58:31.333  1376  1466 D RIL     : parseRegistrationState. Parsing: +CREG: 2,1, "0003", "005b"
02-20 19:58:31.333  1376  1466 D RIL     : registration state type: 3GPP
02-20 19:58:31.334  1920  1920 D RILJ    : [3677]> GET_CURRENT_CALLS [SUB0]
02-20 19:58:31.334  1376  1466 D RIL     : onRequest: QUERY_NETWORK_SELECTION_MODE
02-20 19:58:31.334  1376  1466 D AT      : AT> AT+COPS?
02-20 19:58:31.334  1376  1469 D AT      : AT< +COPS: 0,2,310260
02-20 19:58:31.334  1376  1469 D AT      : AT< OK
02-20 19:58:31.337  1376  1466 D RIL     : onRequest: GET_CURRENT_CALLS
02-20 19:58:31.337  1376  1466 D AT      : AT> AT+CLCC
02-20 19:58:31.337  1376  1469 D AT      : AT< OK
02-20 19:58:31.338  1920  2003 D RILJ    : [3674]< DATA_REGISTRATION_STATE {1, 3, 5b, 14, null, null} [SUB0]
02-20 19:58:31.338  1920  2003 D RILJ    : [3675]< VOICE_REGISTRATION_STATE {1, 3, 5b, 0, null, null, null, null, null, null, null, null, null, null, null} [SUB0]
02-20 19:58:31.338  1920  2003 D RILJ    : [3676]< QUERY_NETWORK_SELECTION_MODE {0} [SUB0]
02-20 19:58:31.338  1920  2003 D RILJ    : [3677]< GET_CURRENT_CALLS {} [SUB0]
02-20 19:58:31.339  1920  1920 D RILJ    : [3678]> RIL_REQUEST_IMS_REGISTRATION_STATE [SUB0]
02-20 19:58:31.341  1920  1920 D RILJ    : [3679]> RIL_REQUEST_CDMA_GET_SUBSCRIPTION_SOURCE [SUB0]
02-20 19:58:31.341  1376  1466 D RIL     : onRequest: IMS_REGISTRATION_STATE
02-20 19:58:31.341  1376  1466 D RIL     : IMS_REGISTRATION=0, format=1 
02-20 19:58:31.341  1920  2003 D RILJ    : [3678]< RIL_REQUEST_IMS_REGISTRATION_STATE {0, 1} [SUB0]
02-20 19:58:31.343  1920  1920 D GsmCdmaPhone: [GsmCdmaPhone] Event EVENT_RADIO_ON Received
02-20 19:58:31.343  1920  1920 D RILJ    : [3680]> RIL_REQUEST_VOICE_RADIO_TECH [SUB0]
02-20 19:58:31.343  1376  1466 D RIL     : onRequest: CDMA_GET_SUBSCRIPTION_SOURCE
02-20 19:58:31.343  1376  1466 D RIL     : Request not supported. Tech: 1
02-20 19:58:31.343  1920  2003 D RilRequest: [3679]< RIL_REQUEST_CDMA_GET_SUBSCRIPTION_SOURCE error: com.android.internal.telephony.CommandException: REQUEST_NOT_SUPPORTED ret=
02-20 19:58:31.344  1920  1920 D UiccController: Received EVENT_ICC_STATUS_CHANGED, calling getIccCardStatus
02-20 19:58:31.344  1920  1920 D RILJ    : [3681]> GET_SIM_STATUS [SUB0]
02-20 19:58:31.345  1376  1466 D RIL     : onRequest: VOICE_RADIO_TECH
02-20 19:58:31.345  1920  2003 D RILJ    : [3680]< RIL_REQUEST_VOICE_RADIO_TECH {11} [SUB0]
02-20 19:58:31.346  1920  1920 D SST     : EVENT_POLL_STATE_NETWORK_SELECTION_MODE
02-20 19:58:31.346  1920  1920 D SST     : EVENT_POLL_STATE_NETWORK_SELECTION_MODE
02-20 19:58:31.346  1376  1466 D RIL     : onRequest: GET_SIM_STATUS
02-20 19:58:31.346  1376  1466 D RIL     : getSIMStatus(). sState: 10
02-20 19:58:31.346  1376  1466 D AT      : AT> AT+CPIN?
02-20 19:58:31.347  1376  1469 D AT      : AT< +CPIN: READY
02-20 19:58:31.347  1376  1469 D AT      : AT< OK
02-20 19:58:31.347  1920  2003 D RILJ    : [3681]< GET_SIM_STATUS IccCardState {CARDSTATE_PRESENT,PINSTATE_UNKNOWN,num_apps=2,gsm_id=0{APPTYPE_SIM,APPSTATE_READY},cdma_id=1{APPTYPE_RUIM,APPSTATE_READY},ims_id=8} [SUB0]
02-20 19:58:31.350  1920  1920 D PhoneSwitcher: evaluating due to netRequest default 0->1 phone[0] 0->-2
02-20 19:58:31.350  1920  1920 D TelephonyNetworkFactory[0]: not acting - isApp=false, isAct=false NetworkRequest [ REQUEST id=1, [ Capabilities: INTERNET&NOT_RESTRICTED&TRUSTED&NOT_VPN] ]
02-20 19:58:31.350  1920  1920 D CAT     : CatService: handleMessage[8]
02-20 19:58:31.350  1920  1920 D CAT     : CatService: MSG_ID_ICC_CHANGED
02-20 19:58:31.350  1920  1920 D CAT     : CatService: New Card State = CARDSTATE_PRESENT Old Card State = CARDSTATE_ABSENT
02-20 19:58:31.350  1920  1920 D RILJ    : [3682]> RIL_REQUEST_REPORT_STK_SERVICE_IS_RUNNING [SUB0]
02-20 19:58:31.351  1376  1466 D RIL     : onRequest: REPORT_STK_SERVICE_IS_RUNNING
02-20 19:58:31.351  1376  1466 D RIL     : Request not supported. Tech: 1
02-20 19:58:31.351  1920  2003 D RilRequest: [3682]< RIL_REQUEST_REPORT_STK_SERVICE_IS_RUNNING error: com.android.internal.telephony.CommandException: REQUEST_NOT_SUPPORTED ret=
02-20 19:58:31.351  1920  1920 D GsmCdmaPhone: [GsmCdmaPhone] New Uicc application found. type = APPTYPE_SIM
02-20 19:58:31.351  1920  1920 D GsmSMSDispatcher: GsmSMSDispatcher: subId = -2 slotId = 0
02-20 19:58:31.351  1920  1920 D GsmSMSDispatcher: New Uicc application found
02-20 19:58:31.351  1920  1920 D IccCardProxy: Icc changed. Reregestering.
02-20 19:58:31.351  1920  1920 D SST     : New card found
02-20 19:58:31.352  1920  1920 D CAT     : CatService: handleMessage[8]
02-20 19:58:31.352  1920  1920 D CAT     : CatService: MSG_ID_ICC_CHANGED
02-20 19:58:31.352  1920  1920 D CAT     : CatService: New Card State = CARDSTATE_PRESENT Old Card State = CARDSTATE_PRESENT
02-20 19:58:31.352  1920  1920 E SST     : error parsing GprsRegistrationState: java.lang.NumberFormatException: null
02-20 19:58:31.352  1920  1920 D SST     : handlPollStateResultMessage: GsmSST setDataRegState=0 regState=1 dataRadioTechnology=14
02-20 19:58:31.352  1920  1920 D SST     : EVENT_POLL_STATE_NETWORK_SELECTION_MODE
02-20 19:58:31.352  1920  1920 D SST     : Poll ServiceState done:  oldSS=[1 1 voice home data home null null null null null null  Unknown Unknown CSS not supported 0 0 RoamInd=0 DefRoamInd=0 EmergOnly=false IsDataRoamingFromRegistration=false IsUsingCarrierAggregation=false] newSS=[0 0 voice home data home Android Android 310260 Android Android 310260  Unknown LTE CSS not supported 0 0 RoamInd=0 DefRoamInd=0 EmergOnly=false IsDataRoamingFromRegistration=false IsUsingCarrierAggregation=false] oldMaxDataCalls=1 mNewMaxDataCalls=1 oldReasonDataDenied=-1 mNewReasonDataDenied=-1
02-20 19:58:31.352  1920  1920 I gsm_service_state_change: [1,1,0,0]
02-20 19:58:31.352  1920  1920 D TelephonyManager: setTelephonyProperty: success phoneId=0 property=gsm.network.type value: LTE propVal=LTE
02-20 19:58:31.363  2074  2074 I bootstat: Service started: /system/bin/bootstat --record_boot_reason 
02-20 19:58:31.363  2074  2074 I bootstat: Unknown boot reason: 
02-20 19:58:30.628     0     0 I init    : Service 'exec 7 (/system/bin/bootstat)' (pid 2074) exited with status 0
02-20 19:58:31.372  1920  1920 D SST     : pollStateDone: registering current mNitzUpdatedTime=true changing to false
02-20 19:58:31.372  1920  1920 D SIMRecords: [SIMRecords] getServiceProviderName: no brandOverride, providerName=null
02-20 19:58:31.372  1920  1920 D SIMRecords: [SIMRecords] getServiceProviderName: no brandOverride, providerName=null
02-20 19:58:31.372  1920  1920 D SST     : updateSpnDisplay: changed sending intent rule=2 showPlmn='true' plmn='Android' showSpn='false' spn='null' dataSpn='null' subId='-2'
02-20 19:58:31.373  1920  1920 D SubscriptionController: [setPlmnSpn] No valid subscription to store info
02-20 19:58:31.373  1920  1920 D SubscriptionController: notifySubscriptionInfoChanged:
02-20 19:58:31.373  1681  1963 D TelephonyRegistry: notifySubscriptionInfoChanged: first invocation mRecords.size=16
02-20 19:58:31.373  1681  1681 I GnssLocationProvider: WakeLock acquired by sendMessage(12, 0, null)
02-20 19:58:31.374  1920  1934 D SubscriptionController: [getActiveSubInfoList] Sub Controller not ready
