02-20 19:59:56.032  1773  1773 I CameraManagerGlobal: Connecting to camera service
02-20 19:59:56.036  1365  1365 V EmulatedCamera_Camera: getCameraInfo
02-20 19:59:56.036  1365  1365 V EmulatedCamera_BaseCamera: getCameraInfo
02-20 19:59:56.036  1365  1365 I CameraService: getCameraCharacteristics: Switching to HAL1 shim implementation...
02-20 19:59:56.036  1365  1365 V EmulatedCamera_Camera: getCameraInfo
02-20 19:59:56.036  1365  1365 V EmulatedCamera_BaseCamera: getCameraInfo
02-20 19:59:56.036  1365  1365 I CameraService: CameraService::connect call (PID -1 "cameraserver", camera ID 0) for HAL version default and Camera API version 1
02-20 19:59:56.036  1365  1365 E CameraService: getCameraPriorityFromProcState: Received invalid process state -1 from ActivityManagerService!
02-20 19:59:56.036  1365  1365 V EmulatedCamera_Camera: getCameraInfo
02-20 19:59:56.036  1365  1365 V EmulatedCamera_BaseCamera: getCameraInfo
02-20 19:59:56.039  1925  1945 D SubscriptionController: [getActiveSubInfoList] Sub Controller not ready
02-20 19:59:56.040  1940  1940 I am_on_resume_called: [0,com.android.settings.FallbackHome,handleRelaunchActivity]
02-20 19:59:56.042  1680  1692 I Telecom : : Sending phone-account registered intent as user: TSI.rPA@AAg
02-20 19:59:56.043  1373  2076 E WVMExtractor: Failed to open libwvm.so: dlopen failed: library "libwvm.so" not found
02-20 19:59:56.052  1925  1925 I Telephony: AccountEntry: Registered phoneAccount: [[ ] PhoneAccount: ComponentInfo{com.android.phone/com.android.services.telephony.TelephonyConnectionService}, [e0184adedf913b076626646d3f52c3b49c39ad6d], UserHandle{0} Capabilities: CallProvider MultiUser PlaceEmerg SimSub  Schemes: tel voicemail  Extras: null GroupId: [da39a3ee5e6b4b0d3255bfef95601890afd80709]] with handle: ComponentInfo{com.android.phone/com.android.services.telephony.TelephonyConnectionService}, [e0184adedf913b076626646d3f52c3b49c39ad6d], UserHandle{0}
02-20 19:59:56.053  1925  1925 I Telephony: PstnIncomingCallNotifier: Registering: Handler (com.android.internal.telephony.GsmCdmaPhone) {b4a2660}
02-20 19:59:56.054  1925  1925 D CAT     : CatService: handleMessage[20]
02-20 19:59:56.054  1925  1925 D GsmCdmaPhone: [GsmCdmaPhone] updateCurrentCarrierInProvider: mSubId = -2 currentDds = 1 operatorNumeric = 310260
02-20 19:59:56.054  1925  1925 D IccCardProxy: operator=310260 mPhoneId=0
02-20 19:59:56.054  1925  1925 D TelephonyManager: setTelephonyProperty: success phoneId=0 property=gsm.sim.operator.numeric value: 310260 propVal=310260
02-20 19:59:56.055  1925  1925 D TelephonyManager: setTelephonyProperty: success phoneId=0 property=gsm.sim.operator.iso-country value: us propVal=us
02-20 19:59:56.055  1925  1925 D IccCardProxy: Sending intent ACTION_INTERNAL_SIM_STATE_CHANGED for mPhoneId : 0
02-20 19:59:56.055  1925  1925 D SST     : EVENT_SIM_RECORDS_LOADED: what=16
02-20 19:59:56.055  1925  1925 D GsmCdmaPhone: [GsmCdmaPhone] updatePhoneObject: radioTechnology=0
02-20 19:59:56.055  1925  1925 D SST     : getOtasp: otasp not needed for GSM
02-20 19:59:56.055  1925  1925 D SST     : updateOtaspState: call notifyOtaspChanged old otaspMode=0 new otaspMode=3
02-20 19:59:56.055  1925  1925 D SIMRecords: [SIMRecords] getServiceProviderName: no brandOverride, providerName=Android
02-20 19:59:56.056  1925  1925 D SIMRecords: [SIMRecords] getServiceProviderName: no brandOverride, providerName=Android
02-20 19:59:56.056  1925  1925 D SST     : updateSpnDisplay: changed sending intent rule=1 showPlmn='false' plmn='Android' showSpn='true' spn='Android' dataSpn='Android' subId='-2'
02-20 19:59:56.057  1925  1925 D SubscriptionController: [setPlmnSpn] No valid subscription to store info
02-20 19:59:56.057  1925  1925 D SubscriptionController: notifySubscriptionInfoChanged:
02-20 19:59:56.057  1680  1680 I GnssLocationProvider: WakeLock acquired by sendMessage(12, 0, null)
02-20 19:59:56.058  1925  1945 D SubscriptionController: [getActiveSubInfoList] Sub Controller not ready
02-20 19:59:56.060  1680  1693 I GnssLocationProvider: WakeLock released by handleMessage(12, 0, null)
02-20 19:59:56.061  1373  2073 D NuPlayerDriver: notifyListener_l(0xe7892300), (1, 0, 0), loop setting(0, 0)
02-20 19:59:56.065  1925  1925 E PhoneInterfaceManager: [PhoneIntfMgr] getIccId: No UICC
02-20 19:59:56.066  1925  2075 D SubscriptionController: [getPhoneId]- no sims, returning default phoneId=2147483647
02-20 19:59:56.070  1373  2077 D NuPlayerDriver: notifyListener_l(0xe78923c0), (1, 0, 0), loop setting(0, 0)
02-20 19:59:56.070  1680  1693 I GnssLocationProvider: WakeLock released by handleMessage(12, 0, null)
02-20 19:59:56.071  1680  1691 I Telecom : PhoneAccountRegistrar: [ComponentInfo{com.android.phone/com.android.services.telephony.TelephonyConnectionService}, [e0184adedf913b076626646d3f52c3b49c39ad6d], UserHandle{0}(icon: Icon(typ=BITMAP size=76x96) -> Icon(typ=BITMAP size=76x96))]: TSI.rPA@AAs
02-20 19:59:56.072  1680  1691 I Telecom : : Sending phone-account registered intent as user: TSI.rPA@AAs
02-20 19:59:56.073  1925  1925 D GsmCdmaPhone: [GsmCdmaPhone] phoneObjectUpdater: newVoiceRadioTech=0
02-20 19:59:56.074  1925  1925 D GsmCdmaPhone: [GsmCdmaPhone] phoneObjectUpdater: volteReplacementRat=0
02-20 19:59:56.074  1925  1925 E GsmCdmaPhone: [GsmCdmaPhone] phoneObjectUpdater: newVoiceRadioTech=0 doesn't match either CDMA or GSM - error! No phone change
02-20 19:59:56.074  1925  1925 D SubscriptionInfoUpdater: [Receiver]+
02-20 19:59:56.074  1925  1925 D SubscriptionInfoUpdater: Action: android.intent.action.internal_sim_state_changed
02-20 19:59:56.074  1925  1925 D SubscriptionInfoUpdater: slotId: 0
02-20 19:59:56.074  1925  1925 D SubscriptionInfoUpdater: simStatus: LOADED
02-20 19:59:56.074  1925  1925 D SubscriptionInfoUpdater: [Receiver]-
02-20 19:59:56.074  1925  1925 D SST     : SubscriptionListener.onSubscriptionInfoChanged
02-20 19:59:56.074  1925  1925 D DCT     : [0]SubscriptionListener.onSubscriptionInfoChanged
02-20 19:59:56.078  1925  1925 D SubscriptionController: [getActiveSubInfoList] Sub Controller not ready
02-20 19:59:56.078  1925  1925 D SubscriptionController: [getActiveSubInfoList] Sub Controller not ready
02-20 19:59:56.079  1925  1925 I Telephony: PstnIncomingCallNotifier: Unregistering: Handler (com.android.internal.telephony.GsmCdmaPhone) {b4a2660}
02-20 19:59:56.079  1925  1925 E PhoneInterfaceManager: [PhoneIntfMgr] getIccId: No UICC
02-20 19:59:56.083  1680  1692 I Telecom : PhoneAccountRegistrar: [ComponentInfo{com.android.phone/com.android.services.telephony.TelephonyConnectionService}, [e0184adedf913b076626646d3f52c3b49c39ad6d], UserHandle{0}(icon: Icon(typ=BITMAP size=76x96) -> Icon(typ=BITMAP size=76x96))]: TSI.rPA@AAw
02-20 19:59:56.084  1373  2079 D NuPlayerDriver: notifyListener_l(0xe7892420), (1, 0, 0), loop setting(0, 0)
02-20 19:59:56.085  1365  1365 I CameraFlashlight: Opening camera 0
02-20 19:59:56.085  1365  1365 V EmulatedCamera_Camera: getCameraInfo
02-20 19:59:56.085  1365  1365 V EmulatedCamera_BaseCamera: getCameraInfo
02-20 19:59:56.085  1365  1365 V EmulatedCamera_Camera: connectCamera
02-20 19:59:56.085  1365  1365 V EmulatedCamera_FakeDevice: connectDevice
02-20 19:59:56.085  1365  1365 V EmulatedCamera_CallbackNotifier: setCallbacks: 0xeeb56e80, 0xeeb56ed0, 0xeeb56ff0, 0xeeb57110 (0xedfc3320)
02-20 19:59:56.085  1365  1365 V EmulatedCamera_CallbackNotifier: enableMessage: msg_type = 0xc0d
02-20 19:59:56.085  1365  1365 V EmulatedCamera_CallbackNotifier:     CAMERA_MSG_ERROR
02-20 19:59:56.085  1365  1365 V EmulatedCamera_CallbackNotifier:     CAMERA_MSG_FOCUS
02-20 19:59:56.085  1365  1365 V EmulatedCamera_CallbackNotifier:     CAMERA_MSG_ZOOM
02-20 19:59:56.085  1365  1365 V EmulatedCamera_CallbackNotifier:     CAMERA_MSG_PREVIEW_METADATA
02-20 19:59:56.085  1365  1365 V EmulatedCamera_CallbackNotifier: **** Currently enabled messages:
02-20 19:59:56.085  1365  1365 V EmulatedCamera_CallbackNotifier:     CAMERA_MSG_ERROR
02-20 19:59:56.085  1365  1365 V EmulatedCamera_CallbackNotifier:     CAMERA_MSG_FOCUS
02-20 19:59:56.085  1365  1365 V EmulatedCamera_CallbackNotifier:     CAMERA_MSG_ZOOM
02-20 19:59:56.085  1365  1365 V EmulatedCamera_CallbackNotifier:     CAMERA_MSG_PREVIEW_METADATA
02-20 19:59:56.085  1365  1365 V EmulatedCamera_CallbackNotifier: disableMessage: msg_type = 0xffff
02-20 19:59:56.085  1365  1365 V EmulatedCamera_CallbackNotifier:     CAMERA_MSG_ERROR
02-20 19:59:56.085  1365  1365 V EmulatedCamera_CallbackNotifier:     CAMERA_MSG_SHUTTER
02-20 19:59:56.085  1365  1365 V EmulatedCamera_CallbackNotifier:     CAMERA_MSG_FOCUS
02-20 19:59:56.085  1365  1365 V EmulatedCamera_CallbackNotifier:     CAMERA_MSG_ZOOM
02-20 19:59:56.085  1365  1365 V EmulatedCamera_CallbackNotifier:     CAMERA_MSG_PREVIEW_FRAME
02-20 19:59:56.085  1365  1365 V EmulatedCamera_CallbackNotifier:     CAMERA_MSG_VIDEO_FRAME
02-20 19:59:56.085  1365  1365 V EmulatedCamera_CallbackNotifier:     CAMERA_MSG_POSTVIEW_FRAME
02-20 19:59:56.085  1365  1365 V EmulatedCamera_CallbackNotifier:     CAMERA_MSG_RAW_IMAGE
02-20 19:59:56.085  1365  1365 V EmulatedCamera_CallbackNotifier:     CAMERA_MSG_COMPRESSED_IMAGE
02-20 19:59:56.085  1365  1365 V EmulatedCamera_CallbackNotifier:     CAMERA_MSG_RAW_IMAGE_NOTIFY
02-20 19:59:56.085  1365  1365 V EmulatedCamera_CallbackNotifier:     CAMERA_MSG_PREVIEW_METADATA
02-20 19:59:56.085  1365  1365 V EmulatedCamera_CallbackNotifier: **** Currently enabled messages:
02-20 19:59:56.085  1365  1365 V EmulatedCamera_Preview: setPreviewWindow: current: 0x0 -> new: 0x0
02-20 19:59:56.085  1365  1365 V EmulatedCamera_Camera: doStopPreview
02-20 19:59:56.085  1365  1365 V EmulatedCamera_Camera: cancelPicture
02-20 19:59:56.085  1365  1365 V EmulatedCamera_Camera: releaseCamera
02-20 19:59:56.085  1365  1365 V EmulatedCamera_Camera: doStopPreview
02-20 19:59:56.085  1365  1365 V EmulatedCamera_FakeDevice: disconnectDevice
02-20 19:59:56.085  1365  1365 W EmulatedCamera_Device: Initialize: Emulated camera device is already initialized: mState = 1
02-20 19:59:56.085  1365  1365 D EmulatedCamera_FakeCamera: Initialize: Fake camera is facing back
02-20 19:59:56.085  1365  1365 V EmulatedCamera_Device: initializeWhiteBalanceModes with auto, 1.000000, 1.000000
02-20 19:59:56.085  1365  1365 V EmulatedCamera_Device: initializeWhiteBalanceModes with incandescent, 1.380000, 0.600000
02-20 19:59:56.085  1365  1365 V EmulatedCamera_Device: initializeWhiteBalanceModes with daylight, 1.090000, 0.920000
02-20 19:59:56.085  1365  1365 V EmulatedCamera_Device: initializeWhiteBalanceModes with twilight, 0.920000, 1.220000
02-20 19:59:56.085  1365  1365 V EmulatedCamera_Device: setWhiteBalanceMode with white balance auto
02-20 19:59:56.085  1680  1692 I Telecom : : Sending phone-account registered intent as user: TSI.rPA@AAw
02-20 19:59:56.085  1365  1365 I CameraFlashlight: Destroying camera 0
02-20 19:59:56.085  1365  1365 V EmulatedCamera_Camera: closeCamera
02-20 19:59:56.085  1365  1365 V EmulatedCamera_Camera: doStopPreview
02-20 19:59:56.085  1365  1365 W EmulatedCamera_Device: Initialize: Emulated camera device is already initialized: mState = 1
02-20 19:59:56.085  1365  1365 D EmulatedCamera_FakeCamera: Initialize: Fake camera is facing back
02-20 19:59:56.085  1365  1365 V EmulatedCamera_Device: initializeWhiteBalanceModes with auto, 1.000000, 1.000000
02-20 19:59:56.085  1365  1365 V EmulatedCamera_Device: initializeWhiteBalanceModes with incandescent, 1.380000, 0.600000
02-20 19:59:56.085  1365  1365 V EmulatedCamera_Device: initializeWhiteBalanceModes with daylight, 1.090000, 0.920000
02-20 19:59:56.085  1365  1365 V EmulatedCamera_Device: initializeWhiteBalanceModes with twilight, 0.920000, 1.220000
02-20 19:59:56.085  1365  1365 V EmulatedCamera_Device: setWhiteBalanceMode with white balance auto
02-20 19:59:56.086  1365  1365 I CameraService: disconnect: Disconnected client for camera 0 for PID 1365
02-20 19:59:56.086  1373  1373 D NuPlayerDriver: reset(0xe7892300) at state 4
02-20 19:59:56.086  1373  1373 D NuPlayerDriver: notifyListener_l(0xe7892300), (8, 0, 0), loop setting(0, 0)
02-20 19:59:56.086  1925  1925 I Telephony: AccountEntry: Registered phoneAccount: [[ ] PhoneAccount: ComponentInfo{com.android.phone/com.android.services.telephony.TelephonyConnectionService}, [e0184adedf913b076626646d3f52c3b49c39ad6d], UserHandle{0} Capabilities: CallProvider MultiUser PlaceEmerg SimSub  Schemes: tel voicemail  Extras: null GroupId: [da39a3ee5e6b4b0d3255bfef95601890afd80709]] with handle: ComponentInfo{com.android.phone/com.android.services.telephony.TelephonyConnectionService}, [e0184adedf913b076626646d3f52c3b49c39ad6d], UserHandle{0}
02-20 19:59:56.086  1373  2073 D NuPlayerDriver: notifyResetComplete(0xe7892300)
02-20 19:59:56.086  1925  1945 D SubscriptionController: [getActiveSubInfoList] Sub Controller not ready
02-20 19:59:56.087  1925  1925 I Telephony: PstnIncomingCallNotifier: Registering: Handler (com.android.internal.telephony.GsmCdmaPhone) {b4a2660}
02-20 19:59:56.087  1373  1899 D NuPlayerDriver: reset(0xe78923c0) at state 4
02-20 19:59:56.087  1373  1899 D NuPlayerDriver: notifyListener_l(0xe78923c0), (8, 0, 0), loop setting(0, 0)
02-20 19:59:56.087  1373  2077 D NuPlayerDriver: notifyResetComplete(0xe78923c0)
02-20 19:59:56.088  1373  1373 D NuPlayerDriver: reset(0xe7892420) at state 4
02-20 19:59:56.088  1373  1373 D NuPlayerDriver: notifyListener_l(0xe7892420), (8, 0, 0), loop setting(0, 0)
02-20 19:59:56.088  1373  2079 D NuPlayerDriver: notifyResetComplete(0xe7892420)
02-20 19:59:56.089  1365  1712 V EmulatedCamera_Camera: getCameraInfo
02-20 19:59:56.089  1365  1712 V EmulatedCamera_BaseCamera: getCameraInfo
02-20 19:59:56.089  1365  1365 V EmulatedCamera_Camera: getCameraInfo
02-20 19:59:56.089  1365  1365 V EmulatedCamera_BaseCamera: getCameraInfo
02-20 19:59:56.089  1925  1925 D SubscriptionInfoUpdater: handleSimStateLoadedInternal: slotId: 0
02-20 19:59:56.090  1925  1925 D SubscriptionInfoUpdater: All IccIds query complete
02-20 19:59:56.090  1925  1925 D SubscriptionInfoUpdater: updateSubscriptionInfoByIccId:+ Start
02-20 19:59:56.090  1925  1925 D SubscriptionController: [clearSubInfo]- no simInfo size=0
02-20 19:59:56.090  1925  1925 D SubscriptionInfoUpdater: insertedSimCount = 1
02-20 19:59:56.090  1925  1925 D SubscriptionController: [getSubInfoUsingSlotIdWithCheck]+ slotId:0
02-20 19:59:56.092  1925  1925 D SubscriptionController: [getPhoneId]- no sims, returning default phoneId=2147483647
02-20 19:59:56.093  1925  1925 D SubscriptionController: [getPhoneId]- no sims, returning default phoneId=2147483647
02-20 19:59:56.093  1925  1925 D SubscriptionController: [getPhoneId]- no sims, returning default phoneId=2147483647
02-20 19:59:56.093  1925  1925 D SubscriptionController: [getSubInfoUsingSlotId]- null info return
02-20 19:59:56.093  1925  1925 D SubscriptionInfoUpdater: updateSubscriptionInfoByIccId: oldSubId = 1
02-20 19:59:56.093  1925  1925 D SubscriptionInfoUpdater: updateSubscriptionInfoByIccId: oldIccId[0] = 89014103211118510720, sIccId[0] = 89014103211118510720
02-20 19:59:56.093  1925  1925 D SubscriptionController: [addSubInfoRecord]+ iccId:89014103211118510720 slotId:0
02-20 19:59:56.096  1925  1925 D SubscriptionController: [getActiveSubInfoList] Sub Controller not ready
02-20 19:59:56.096  1925  1925 D SubscriptionController: [addSubInfoRecord] Record already exists
02-20 19:59:56.097  1925  1925 D SubscriptionController: [addSubInfoRecord] sSlotIdxToSubId.size=1 slotId=0 subId=1 defaultSubId=1 simCount=1
02-20 19:59:56.098  1925  1925 D SubscriptionController: [setDefaultFallbackSubId] subId=1
02-20 19:59:56.099  1925  1925 D SubscriptionController: [setDefaultFallbackSubId] set mDefaultFallbackSubId=1
02-20 19:59:56.099  1925  1925 D MccTable: updateMccMncConfiguration mccmnc='310260' fromServiceState=false
02-20 19:59:56.099  1925  1925 D MccTable: updateMccMncConfiguration defaultMccMnc=310260
02-20 19:59:56.099  1925  1925 D MccTable: updateMccMncConfiguration: mcc=310, mnc=260
02-20 19:59:56.099  1925  1925 D MccTable: updateMccMncConfiguration updateConfig config={1.0 310mcc260mnc ?localeList ?layoutDir ?swdp ?wdp ?hdp ?density ?lsize ?long ?orien ?uimode ?night ?touch ?keyb/?/? ?nav/?}
02-20 19:59:56.109  1925  1925 D SubscriptionController: [setDefaultFallbackSubId] broadcast default subId changed phoneId=0 subId=1
02-20 19:59:56.111  1925  2075 D RILJ    : [3736]> RIL_REQUEST_GET_CELL_INFO_LIST [SUB0]
02-20 19:59:56.111  1925  1925 D SubscriptionController: [addSubInfoRecord] one sim set defaults to subId=1
02-20 19:59:56.112  1375  1476 D RIL     : onRequest: GET_CELL_INFO_LIST
02-20 19:59:56.112  1375  1476 D RILC    : responseCellInfoList: v12
02-20 19:59:56.112  1925  2017 D RILJ    : [3736]< RIL_REQUEST_GET_CELL_INFO_LIST [CellInfoGsm:{mRegistered=YES mTimeStampType=modem mTimeStamp=16027977825ns CellIdentityGsm:{ mMcc=310 mMnc=260 mLac=3 mCid=91 mArfcn=10 mBsic=0x0} CellSignalStrengthGsm: ss=1556083128 ber=28794 mTa=1562045564}] [SUB0]
02-20 19:59:56.112  1925  1925 D SubscriptionController: [setDefaultDataSubId] num phones=1, subId=1
02-20 19:59:56.112  1925  1925 D SubscriptionController: [setDefaultDataSubId] phoneId=0 subId=1 RAF=1
02-20 19:59:56.113  1925  1925 D ProxyController: setRadioCapability: Already in requested configuration, nothing to do.
02-20 19:59:56.113  1925  1925 D SubscriptionController: [updateAllDataConnectionTrackers] sPhones.length=1
02-20 19:59:56.113  1925  1925 D SubscriptionController: [updateAllDataConnectionTrackers] phoneId=0
02-20 19:59:56.113  1925  1925 D DCT     : [0]update sub = 1
02-20 19:59:56.113  1925  1925 D DCT     : [0]update(): Active DDS, register for all events now!
02-20 19:59:56.113  1925  1925 D DCT     : [0]New records found.
02-20 19:59:56.113  1925  1925 D SST     : mDeviceShuttingDown=false, mDesiredPowerState=true, getRadioState=RADIO_ON, mPowerOffDelayNeed=true, mAlarmSwitch=false, mRadioDisabledByCarrier=false
02-20 19:59:56.113  1925  1925 D GsmCdmaPhone: [GsmCdmaPhone] updateCurrentCarrierInProvider: mSubId = 1 currentDds = 1 operatorNumeric = 310260
02-20 19:59:56.129  1773  1773 I StatusBar: isKeyguardShowing() called before startKeyguard(), returning true
02-20 19:59:56.130  1773  1773 W StatusBar: isKeyguardSecure() called before startKeyguard(), returning false
02-20 19:59:56.130  1773  1773 W StatusBar: java.lang.Throwable
02-20 19:59:56.130  1773  1773 W StatusBar: 	at com.android.systemui.statusbar.BaseStatusBar.isKeyguardSecure(BaseStatusBar.java:2647)
02-20 19:59:56.130  1773  1773 W StatusBar: 	at com.android.systemui.statusbar.BaseStatusBar.isCameraAllowedByAdmin(BaseStatusBar.java:2670)
02-20 19:59:56.130  1773  1773 W StatusBar: 	at com.android.systemui.statusbar.phone.KeyguardBottomAreaView.updateCameraVisibility(KeyguardBottomAreaView.java:309)
02-20 19:59:56.130  1773  1773 W StatusBar: 	at com.android.systemui.statusbar.phone.KeyguardBottomAreaView.setPhoneStatusBar(KeyguardBottomAreaView.java:272)
02-20 19:59:56.130  1773  1773 W StatusBar: 	at com.android.systemui.statusbar.phone.PhoneStatusBar.makeStatusBarView(PhoneStatusBar.java:904)
02-20 19:59:56.130  1773  1773 W StatusBar: 	at com.android.systemui.statusbar.phone.PhoneStatusBar.addStatusBarWindow(PhoneStatusBar.java:3432)
02-20 19:59:56.130  1773  1773 W StatusBar: 	at com.android.systemui.statusbar.phone.PhoneStatusBar.createAndAddWindows(PhoneStatusBar.java:3428)
02-20 19:59:56.130  1773  1773 W StatusBar: 	at com.android.systemui.statusbar.BaseStatusBar.start(BaseStatusBar.java:765)
02-20 19:59:56.130  1773  1773 W StatusBar: 	at com.android.systemui.statusbar.phone.PhoneStatusBar.start(PhoneStatusBar.java:686)
02-20 19:59:56.130  1773  1773 W StatusBar: 	at com.android.systemui.statusbar.SystemBars.createStatusBarFromConfig(SystemBars.java:106)
02-20 19:59:56.130  1773  1773 W StatusBar: 	at com.android.systemui.statusbar.SystemBars.onNoService(SystemBars.java:58)
02-20 19:59:56.130  1773  1773 W StatusBar: 	at com.android.systemui.statusbar.ServiceMonitor.startService(ServiceMonitor.java:230)
02-20 19:59:56.130  1773  1773 W StatusBar: 	at com.android.systemui.statusbar.ServiceMonitor.-wrap5(ServiceMonitor.java)
02-20 19:59:56.130  1773  1773 W StatusBar: 	at com.android.systemui.statusbar.ServiceMonitor$1.handleMessage(ServiceMonitor.java:73)
02-20 19:59:56.130  1773  1773 W StatusBar: 	at android.os.Handler.dispatchMessage(Handler.java:102)
02-20 19:59:56.130  1773  1773 W StatusBar: 	at android.os.Looper.loop(Looper.java:154)
02-20 19:59:56.130  1773  1773 W StatusBar: 	at android.app.ActivityThread.main(ActivityThread.java:6119)
02-20 19:59:56.130  1773  1773 W StatusBar: 	at java.lang.reflect.Method.invoke(Native Method)
02-20 19:59:56.130  1773  1773 W StatusBar: 	at com.android.internal.os.ZygoteInit$MethodAndArgsCaller.run(ZygoteInit.java:886)
02-20 19:59:56.130  1773  1773 W StatusBar: 	at com.android.internal.os.ZygoteInit.main(ZygoteInit.java:776)
02-20 19:59:56.130  1773  1773 I StatusBar: isKeyguardShowing() called before startKeyguard(), returning true
02-20 19:59:56.130  1773  1773 W StatusBar: isKeyguardSecure() called before startKeyguard(), returning false
02-20 19:59:56.130  1773  1773 W StatusBar: java.lang.Throwable
02-20 19:59:56.130  1773  1773 W StatusBar: 	at com.android.systemui.statusbar.BaseStatusBar.isKeyguardSecure(BaseStatusBar.java:2647)
02-20 19:59:56.130  1773  1773 W StatusBar: 	at com.android.systemui.statusbar.BaseStatusBar.isCameraAllowedByAdmin(BaseStatusBar.java:2670)
02-20 19:59:56.130  1773  1773 W StatusBar: 	at com.android.systemui.statusbar.phone.KeyguardBottomAreaView.updateCameraVisibility(KeyguardBottomAreaView.java:309)
02-20 19:59:56.130  1773  1773 W StatusBar: 	at com.android.systemui.statusbar.phone.KeyguardBottomAreaView.setUserSetupComplete(KeyguardBottomAreaView.java:281)
02-20 19:59:56.130  1773  1773 W StatusBar: 	at com.android.systemui.statusbar.phone.PhoneStatusBar.makeStatusBarView(PhoneStatusBar.java:905)
02-20 19:59:56.130  1773  1773 W StatusBar: 	at com.android.systemui.statusbar.phone.PhoneStatusBar.addStatusBarWindow(PhoneStatusBar.java:3432)
02-20 19:59:56.130  1773  1773 W StatusBar: 	at com.android.systemui.statusbar.phone.PhoneStatusBar.createAndAddWindows(PhoneStatusBar.java:3428)
02-20 19:59:56.130  1773  1773 W StatusBar: 	at com.android.systemui.statusbar.BaseStatusBar.start(BaseStatusBar.java:765)
02-20 19:59:56.130  1773  1773 W StatusBar: 	at com.android.systemui.statusbar.phone.PhoneStatusBar.start(PhoneStatusBar.java:686)
02-20 19:59:56.130  1773  1773 W StatusBar: 	at com.android.systemui.statusbar.SystemBars.createStatusBarFromConfig(SystemBars.java:106)
02-20 19:59:56.130  1773  1773 W StatusBar: 	at com.android.systemui.statusbar.SystemBars.onNoService(SystemBars.java:58)
02-20 19:59:56.130  1773  1773 W StatusBar: 	at com.android.systemui.statusbar.ServiceMonitor.startService(ServiceMonitor.java:230)
02-20 19:59:56.130  1773  1773 W StatusBar: 	at com.android.systemui.statusbar.ServiceMonitor.-wrap5(ServiceMonitor.java)
02-20 19:59:56.130  1773  1773 W StatusBar: 	at com.android.systemui.statusbar.ServiceMonitor$1.handleMessage(ServiceMonitor.java:73)
02-20 19:59:56.130  1773  1773 W StatusBar: 	at android.os.Handler.dispatchMessage(Handler.java:102)
02-20 19:59:56.130  1773  1773 W StatusBar: 	at android.os.Looper.loop(Looper.java:154)
02-20 19:59:56.130  1773  1773 W StatusBar: 	at android.app.ActivityThread.main(ActivityThread.java:6119)
02-20 19:59:56.130  1773  1773 W StatusBar: 	at java.lang.reflect.Method.invoke(Native Method)
02-20 19:59:56.130  1773  1773 W StatusBar: 	at com.android.internal.os.ZygoteInit$MethodAndArgsCaller.run(ZygoteInit.java:886)
02-20 19:59:56.130  1773  1773 W StatusBar: 	at com.android.internal.os.ZygoteInit.main(ZygoteInit.java:776)
02-20 19:59:56.130  1925  1925 D SubscriptionController: [broadcastDefaultDataSubIdChanged] subId=1
02-20 19:59:56.131  1925  1925 D SubscriptionController: [setDefaultSmsSubId] subId=1
02-20 19:59:56.132  1925  1925 D SubscriptionController: [broadcastDefaultSmsSubIdChanged] subId=1
02-20 19:59:56.132  1925  1925 D SubscriptionController: [setDefaultVoiceSubId] subId=1
02-20 19:59:56.134  1925  1925 D SubscriptionController: [broadcastDefaultVoiceSubIdChanged] subId=1
02-20 19:59:56.137  1925  1925 D SubscriptionController: [addSubInfoRecord] hashmap(0,1)
02-20 19:59:56.183  1925  1939 D SubscriptionController: [getPhoneId] asked for default subId=1
02-20 19:59:56.185  1925  1925 D SubscriptionController: [addSubInfoRecord] sim name = Android
02-20 19:59:56.186  1925  1925 D DCT     : [0]update sub = 1
02-20 19:59:56.186  1925  1925 D DCT     : [0]update(): Active DDS, register for all events now!
02-20 19:59:56.186  1925  1925 D GsmCdmaPhone: [GsmCdmaPhone] updateCurrentCarrierInProvider: mSubId = 1 currentDds = 1 operatorNumeric = 310260
02-20 19:59:56.196  1365  1712 V EmulatedCamera_Camera: getCameraInfo
02-20 19:59:56.196  1365  1712 V EmulatedCamera_BaseCamera: getCameraInfo
02-20 19:59:56.196  1365  1365 V EmulatedCamera_Camera: getCameraInfo
02-20 19:59:56.196  1365  1365 V EmulatedCamera_BaseCamera: getCameraInfo
02-20 19:59:56.235  1773  1773 I StatusBar: isKeyguardShowing() called before startKeyguard(), returning true
02-20 19:59:56.235  1773  1773 W StatusBar: isKeyguardSecure() called before startKeyguard(), returning false
02-20 19:59:56.235  1773  1773 W StatusBar: java.lang.Throwable
02-20 19:59:56.235  1773  1773 W StatusBar: 	at com.android.systemui.statusbar.BaseStatusBar.isKeyguardSecure(BaseStatusBar.java:2647)
02-20 19:59:56.235  1773  1773 W StatusBar: 	at com.android.systemui.statusbar.BaseStatusBar.isCameraAllowedByAdmin(BaseStatusBar.java:2670)
02-20 19:59:56.235  1773  1773 W StatusBar: 	at com.android.systemui.statusbar.phone.KeyguardBottomAreaView.updateCameraVisibility(KeyguardBottomAreaView.java:309)
02-20 19:59:56.235  1773  1773 W StatusBar: 	at com.android.systemui.statusbar.phone.KeyguardBottomAreaView.setUserSetupComplete(KeyguardBottomAreaView.java:281)
02-20 19:59:56.235  1773  1773 W StatusBar: 	at com.android.systemui.statusbar.phone.PhoneStatusBar$1.onChange(PhoneStatusBar.java:441)
02-20 19:59:56.235  1773  1773 W StatusBar: 	at com.android.systemui.statusbar.phone.PhoneStatusBar.resetUserSetupObserver(PhoneStatusBar.java:3676)
02-20 19:59:56.235  1773  1773 W StatusBar: 	at com.android.systemui.statusbar.phone.PhoneStatusBar.makeStatusBarView(PhoneStatusBar.java:1008)
02-20 19:59:56.235  1773  1773 W StatusBar: 	at com.android.systemui.statusbar.phone.PhoneStatusBar.addStatusBarWindow(PhoneStatusBar.java:3432)
02-20 19:59:56.235  1773  1773 W StatusBar: 	at com.android.systemui.statusbar.phone.PhoneStatusBar.createAndAddWindows(PhoneStatusBar.java:3428)
02-20 19:59:56.235  1773  1773 W StatusBar: 	at com.android.systemui.statusbar.BaseStatusBar.start(BaseStatusBar.java:765)
02-20 19:59:56.235  1773  1773 W StatusBar: 	at com.android.systemui.statusbar.phone.PhoneStatusBar.start(PhoneStatusBar.java:686)
02-20 19:59:56.235  1773  1773 W StatusBar: 	at com.android.systemui.statusbar.SystemBars.createStatusBarFromConfig(SystemBars.java:106)
02-20 19:59:56.235  1773  1773 W StatusBar: 	at com.android.systemui.statusbar.SystemBars.onNoService(SystemBars.java:58)
02-20 19:59:56.235  1773  1773 W StatusBar: 	at com.android.systemui.statusbar.ServiceMonitor.startService(ServiceMonitor.java:230)
02-20 19:59:56.235  1773  1773 W StatusBar: 	at com.android.systemui.statusbar.ServiceMonitor.-wrap5(ServiceMonitor.java)
02-20 19:59:56.235  1773  1773 W StatusBar: 	at com.android.systemui.statusbar.ServiceMonitor$1.handleMessage(ServiceMonitor.java:73)
02-20 19:59:56.235  1773  1773 W StatusBar: 	at android.os.Handler.dispatchMessage(Handler.java:102)
02-20 19:59:56.235  1773  1773 W StatusBar: 	at android.os.Looper.loop(Looper.java:154)
02-20 19:59:56.235  1773  1773 W StatusBar: 	at android.app.ActivityThread.main(ActivityThread.java:6119)
02-20 19:59:56.235  1773  1773 W StatusBar: 	at java.lang.reflect.Method.invoke(Native Method)
02-20 19:59:56.235  1773  1773 W StatusBar: 	at com.android.internal.os.ZygoteInit$MethodAndArgsCaller.run(ZygoteInit.java:886)
02-20 19:59:56.235  1773  1773 W StatusBar: 	at com.android.internal.os.ZygoteInit.main(ZygoteInit.java:776)
02-20 19:59:56.237  1773  1986 D OpenGLRenderer: profile bars disabled
02-20 19:59:56.237  1773  1986 D OpenGLRenderer: ambientRatio = 1.50
02-20 19:59:56.271  1680  1704 W art     : Long monitor contention with owner Binder:1680_3 (1785) at int com.android.server.wm.WindowManagerService.relayoutWindow(com.android.server.wm.Session, android.view.IWindow, int, android.view.WindowManager$LayoutParams, int, int, int, int, android.graphics.Rect, android.graphics.Rect, android.graphics.Rect, android.graphics.Rect, android.graphics.Rect, android.graphics.Rect, android.graphics.Rect, android.content.res.Configuration, android.view.Surface)(WindowManagerService.java:2857) waiters=0 in void com.android.server.wm.WindowAnimator$1.doFrame(long) for 146ms
02-20 19:59:56.271  1680  1704 I dvm_lock_sample: [system_server,1,android.display,146,WindowAnimator.java,144,WindowManagerService.java,2857,29]
02-20 19:59:56.308  1773  1773 D PhoneStatusBar: disable: < EXPAND* icons alerts system_info BACK* HOME* RECENT* clock SEARCH* quick_settings >
02-20 19:59:56.328  1925  1925 D SubscriptionController: [addSubInfoRecord]- info size=1
02-20 19:59:56.329  1925  1925 D SubscriptionInfoUpdater: newSim = false
02-20 19:59:56.332  1925  1925 D SubscriptionInfoUpdater: updateSubscriptionInfoByIccId: sInsertSimState[0] = 0
02-20 19:59:56.340  1925  1925 D SubscriptionInfoUpdater: updateSubscriptionInfoByIccId: nSubCount = 1
02-20 19:59:56.341  1925  1925 D SubscriptionController: [setDefaultDataSubId] num phones=1, subId=1
02-20 19:59:56.341  1925  1925 D SubscriptionController: [setDefaultDataSubId] phoneId=0 subId=1 RAF=1
02-20 19:59:56.341  1925  1925 D ProxyController: setRadioCapability: Already in requested configuration, nothing to do.
02-20 19:59:56.341  1925  1925 D SubscriptionController: [updateAllDataConnectionTrackers] sPhones.length=1
02-20 19:59:56.341  1925  1925 D SubscriptionController: [updateAllDataConnectionTrackers] phoneId=0
02-20 19:59:56.341  1925  1925 D DCT     : [0]update sub = 1
02-20 19:59:56.341  1925  1925 D DCT     : [0]update(): Active DDS, register for all events now!
02-20 19:59:56.341  1925  1925 D GsmCdmaPhone: [GsmCdmaPhone] updateCurrentCarrierInProvider: mSubId = 1 currentDds = 1 operatorNumeric = 310260
02-20 19:59:56.352  1773  2083 E ActivityThread: Failed to find provider info for com.android.contacts
02-20 19:59:56.415  1925  1925 D SubscriptionController: [broadcastDefaultDataSubIdChanged] subId=1
02-20 19:59:56.416  1925  1925 D SubscriptionController: notifySubscriptionInfoChanged:
02-20 19:59:56.416  1680  1680 I GnssLocationProvider: WakeLock acquired by sendMessage(12, 0, null)
02-20 19:59:56.416  1925  1939 D SubscriptionMonitor: Phone[0] subId changed -2->1, 1 registrants
02-20 19:59:56.417  1925  1939 D SubscriptionMonitor: mDefaultDataSubId = 1, 1 registrants
02-20 19:59:56.417  1925  1925 D SubscriptionInfoUpdater: updateSubscriptionInfoByIccId:- SsubscriptionInfo update complete
02-20 19:59:56.417  1925  1925 D MccTable: updateMccMncConfiguration mccmnc='310260' fromServiceState=false
02-20 19:59:56.418  1925  1925 D MccTable: updateMccMncConfiguration defaultMccMnc=310260
02-20 19:59:56.418  1925  1925 D MccTable: updateMccMncConfiguration: mcc=310, mnc=260
02-20 19:59:56.418  1925  1925 D MccTable: updateMccMncConfiguration updateConfig config={1.0 310mcc260mnc ?localeList ?layoutDir ?swdp ?wdp ?hdp ?density ?lsize ?long ?orien ?uimode ?night ?touch ?keyb/?/? ?nav/?}
02-20 19:59:56.423  1925  1925 D SubscriptionController: [setMccMnc]+ mcc/mnc:310/260 subId:1
02-20 19:59:56.435  1925  1925 D SubscriptionController: notifySubscriptionInfoChanged:
02-20 19:59:56.435  1680  1680 I GnssLocationProvider: WakeLock acquired by sendMessage(12, 0, null)
02-20 19:59:56.461  1925  1925 D SubscriptionController: [getActiveSubscriptionInfo]+ subId=1 subInfo={id=1, iccId=89014103211118510720 simSlotIndex=0 displayName=Android carrierName=Android nameSource=0 iconTint=-16746133 dataRoaming=0 iconBitmap=android.graphics.Bitmap@e538f52 mcc 310 mnc 260}
02-20 19:59:56.461  1925  1925 D SubscriptionInfoUpdater: sim name = Android
02-20 19:59:56.465  1940  1984 D EGL_emulation: eglMakeCurrent: 0x738d41c64320: ver 3 0 (tinfo 0x738d41c0c8e0)
02-20 19:59:56.526  1680  1693 W GnssLocationProvider: Could not open GPS configuration file /etc/gps.conf
02-20 19:59:56.529  1925  1925 D SubscriptionInfoUpdater: Broadcasting intent ACTION_SIM_STATE_CHANGED LOADED reason null for mCardIndex: 0
02-20 19:59:56.539  1680  1680 D WifiService: resetting networks because SIM was loaded
02-20 19:59:56.540  1680  1739 D WifiStateMachine: resetting EAP-SIM/AKA/AKA' networks since SIM was changed
02-20 19:59:56.526  1680  1693 E GnssLocationProvider: no AGPS interface in set_agps_server
02-20 19:59:56.541  1680  1693 I GnssLocationProvider: WakeLock released by handleMessage(12, 0, null)
02-20 19:59:56.542  1773  1789 W art     : Suspending all threads took: 9.303ms
02-20 19:59:56.542  1925  1925 D CarrierConfigLoader: update config for phoneId: 0 simState: LOADED
02-20 19:59:56.542  1925  1925 D CarrierSvcBindHelper: update binding for phoneId: 0 simState: LOADED
02-20 19:59:56.549  1773  1789 I art     : Background partial concurrent mark sweep GC freed 9902(1509KB) AllocSpace objects, 4(136KB) LOS objects, 26% free, 11MB/15MB, paused 9.975ms total 111.140ms
02-20 19:59:56.583  1312  1370 D gralloc_ranchu: gralloc_alloc: Creating ashmem region of size 15945728
02-20 19:59:56.607  1680  1964 I dvm_lock_sample: [system_server,1,Binder:1680_5,43,WindowManagerService.java,3255,-,2857,8]
02-20 19:59:56.630  1925  1925 D SubscriptionController: [getActiveSubscriptionInfo]+ subId=1 subInfo={id=1, iccId=89014103211118510720 simSlotIndex=0 displayName=Android carrierName=Android nameSource=0 iconTint=-16746133 dataRoaming=0 iconBitmap=android.graphics.Bitmap@62b4d9 mcc 310 mnc 260}
02-20 19:59:56.685  1680  1691 I Telecom : PhoneAccountRegistrar: [ComponentInfo{com.android.phone/com.android.services.telephony.TelephonyConnectionService}, [e0184adedf913b076626646d3f52c3b49c39ad6d], UserHandle{0}(icon: Icon(typ=BITMAP size=76x96) -> Icon(typ=BITMAP size=76x96))]: TSI.rPA@ABE
02-20 19:59:56.708  1773  1773 D PhoneStatusBar: heads up is enabled
02-20 19:59:56.723  1680  1691 I Telecom : : Sending phone-account registered intent as user: TSI.rPA@ABE
02-20 19:59:56.749  1925  1925 I Telephony: PstnIncomingCallNotifier: Unregistering: Handler (com.android.internal.telephony.GsmCdmaPhone) {b4a2660}
02-20 19:59:56.763  1680  1693 W GnssLocationProvider: Could not open GPS configuration file /etc/gps.conf
02-20 19:59:56.763  1680  1693 E GnssLocationProvider: no AGPS interface in set_agps_server
02-20 19:59:56.790  1680  1690 I art     : Background sticky concurrent mark sweep GC freed 9882(1013KB) AllocSpace objects, 12(584KB) LOS objects, 6% free, 22MB/24MB, paused 13.380ms total 141.057ms
02-20 19:59:56.801  1680  1693 I GnssLocationProvider: WakeLock released by handleMessage(12, 0, null)
02-20 19:59:56.810  1680  1693 W GnssLocationProvider: Could not open GPS configuration file /etc/gps.conf
02-20 19:59:56.810  1680  1693 E GnssLocationProvider: no AGPS interface in set_agps_server
02-20 19:59:56.845  1925  1925 D SubscriptionController: [getActiveSubscriptionInfo]+ subId=1 subInfo={id=1, iccId=89014103211118510720 simSlotIndex=0 displayName=Android carrierName=Android nameSource=0 iconTint=-16746133 dataRoaming=0 iconBitmap=android.graphics.Bitmap@52a4638 mcc 310 mnc 260}
02-20 19:59:56.875  1680  2093 I Telecom : PhoneAccountRegistrar: New phone account registered: [[ ] PhoneAccount: ComponentInfo{com.android.phone/com.android.services.telephony.TelephonyConnectionService}, [e2f7d48dd2b5ca523e7313cf4ba0f6ea830b6281], UserHandle{0} Capabilities: CallProvider MultiUser PlaceEmerg SimSub  Schemes: tel voicemail  Extras: null GroupId: [da39a3ee5e6b4b0d3255bfef95601890afd80709]]: TSI.rPA@ABI
02-20 19:59:56.881  1680  2093 I Telecom : : Sending phone-account registered intent as user: TSI.rPA@ABI
02-20 19:59:56.886  1925  1925 I Telephony: AccountEntry: Registered phoneAccount: [[ ] PhoneAccount: ComponentInfo{com.android.phone/com.android.services.telephony.TelephonyConnectionService}, [e2f7d48dd2b5ca523e7313cf4ba0f6ea830b6281], UserHandle{0} Capabilities: CallProvider MultiUser PlaceEmerg SimSub  Schemes: tel voicemail  Extras: null GroupId: [da39a3ee5e6b4b0d3255bfef95601890afd80709]] with handle: ComponentInfo{com.android.phone/com.android.services.telephony.TelephonyConnectionService}, [e2f7d48dd2b5ca523e7313cf4ba0f6ea830b6281], UserHandle{0}
02-20 19:59:56.886  1925  1925 I Telephony: PstnIncomingCallNotifier: Registering: Handler (com.android.internal.telephony.GsmCdmaPhone) {b4a2660}
02-20 19:59:56.895  1925  1925 I Telephony: TelecomAccountRegistry: Unregistering phone account ComponentInfo{com.android.phone/com.android.services.telephony.TelephonyConnectionService}, [e0184adedf913b076626646d3f52c3b49c39ad6d], UserHandle{0}.
02-20 19:59:56.898  1680  1964 I Telecom : : Sending phone-account unregistered intent as user: TSI.uPA@ABQ
02-20 19:59:56.905  1925  2075 D SST     : SST.getAllCellInfo(): return last, back to back calls
02-20 19:59:56.907  1925  1939 D SST     : SST.getAllCellInfo(): return last, back to back calls
02-20 19:59:56.907  1925  1939 D SST     : SST.getAllCellInfo(): return last, back to back calls
02-20 19:59:56.913  1925  1925 D DCT     : [0]onRecordsLoadedOrSubIdChanged: createAllApnList
02-20 19:59:56.913  1925  1925 D DCT     : [0]createAllApnList: selection=numeric = '310260'
02-20 19:59:56.915  1925  1925 D DCT     : [0]createApnList: X result=[[ApnSettingV3] T-Mobile US, 1, 310260, epc.tmobile.com, , http://mms.msg.eng.t-mobile.com/mms/wapenc, , , , -1, *, IP, IP, true, 0, 0, 0, false, 0, 0, 0, 0, , , false]
02-20 19:59:56.915  1925  1925 D TelephonyProvider: subIdString = 1 subId = 1
02-20 19:59:56.940  1925  1925 D DCT     : [0]getPreferredApn: mRequestedApnType=default cursor=android.content.ContentResolver$CursorWrapperInner@edcea13 cursor.count=1
02-20 19:59:56.940  1925  1925 D DCT     : [0]getPreferredApn: apnSetting=[ApnSettingV3] T-Mobile US, 1, 310260, epc.tmobile.com, , http://mms.msg.eng.t-mobile.com/mms/wapenc, , , , -1, *, IP, IP, true, 0, 0, 0, false, 0, 0, 0, 0, , , false
02-20 19:59:56.940  1925  1925 D DCT     : [0]getPreferredApn: X found apnSetting[ApnSettingV3] T-Mobile US, 1, 310260, epc.tmobile.com, , http://mms.msg.eng.t-mobile.com/mms/wapenc, , , , -1, *, IP, IP, true, 0, 0, 0, false, 0, 0, 0, 0, , , false
02-20 19:59:56.941  1925  1925 D DCT     : [0]createAllApnList: mPreferredApn=[ApnSettingV3] T-Mobile US, 1, 310260, epc.tmobile.com, , http://mms.msg.eng.t-mobile.com/mms/wapenc, , , , -1, *, IP, IP, true, 0, 0, 0, false, 0, 0, 0, 0, , , false
02-20 19:59:56.942  1925  1925 D DCT     : [0]createAllApnList: X mAllApnSettings=[[ApnSettingV3] T-Mobile US, 1, 310260, epc.tmobile.com, , http://mms.msg.eng.t-mobile.com/mms/wapenc, , , , -1, *, IP, IP, true, 0, 0, 0, false, 0, 0, 0, 0, , , false]
02-20 19:59:56.942  1925  1925 D DCT     : [0]setDataProfilesAsNeeded
02-20 19:59:56.942  1925  1925 D DCT     : [0]setInitialApn: E mPreferredApn=[ApnSettingV3] T-Mobile US, 1, 310260, epc.tmobile.com, , http://mms.msg.eng.t-mobile.com/mms/wapenc, , , , -1, *, IP, IP, true, 0, 0, 0, false, 0, 0, 0, 0, , , false
02-20 19:59:56.942  1925  1925 D DCT     : [0]setInitialApn: firstApnSetting=[ApnSettingV3] T-Mobile US, 1, 310260, epc.tmobile.com, , http://mms.msg.eng.t-mobile.com/mms/wapenc, , , , -1, *, IP, IP, true, 0, 0, 0, false, 0, 0, 0, 0, , , false
02-20 19:59:56.942  1925  1925 D DCT     : [0]setInitialApn: defaultApnSetting=[ApnSettingV3] T-Mobile US, 1, 310260, epc.tmobile.com, , http://mms.msg.eng.t-mobile.com/mms/wapenc, , , , -1, *, IP, IP, true, 0, 0, 0, false, 0, 0, 0, 0, , , false
02-20 19:59:56.942  1925  1925 D DCT     : [0]setInitialAttachApn: using mPreferredApn
02-20 19:59:56.942  1925  1925 D DCT     : [0]setInitialAttachApn: X selected Apn=[ApnSettingV3] T-Mobile US, 1, 310260, epc.tmobile.com, , http://mms.msg.eng.t-mobile.com/mms/wapenc, , , , -1, *, IP, IP, true, 0, 0, 0, false, 0, 0, 0, 0, , , false
02-20 19:59:56.942  1925  1925 D RILJ    : Set RIL_REQUEST_SET_INITIAL_ATTACH_APN [SUB0]
02-20 19:59:56.942  1925  1925 D RILJ    : [3737]> RIL_REQUEST_SET_INITIAL_ATTACH_APN, apn:epc.tmobile.com, protocol:IP, authType:-1, username:none, password:none [SUB0]
02-20 19:59:56.943  1925  1925 D DCT     : [0]onRecordsLoadedOrSubIdChanged: notifying data availability
02-20 19:59:56.943  1375  1476 D RIL     : onRequest: RIL_REQUEST_SET_INITIAL_ATTACH_APN
02-20 19:59:56.943  1375  1476 D RIL     : Request not supported. Tech: 1
02-20 19:59:56.943  1925  2017 D RilRequest: [3737]< RIL_REQUEST_SET_INITIAL_ATTACH_APN error: com.android.internal.telephony.CommandException: REQUEST_NOT_SUPPORTED ret=
02-20 19:59:56.948  1680  1794 D TelephonyRegistry: Notify data connection state changed on sub: 1
02-20 19:59:56.948  1680  1794 D TelephonyRegistry: Notify data connection state changed on sub: 1
02-20 19:59:56.960  1925  1925 D DCT     : [0]setupDataOnConnectableApns: simLoaded hipri:[state=IDLE,enabled=false] mms:[state=IDLE,enabled=false] supl:[state=IDLE,enabled=false] ia:[state=IDLE,enabled=false] fota:[state=IDLE,enabled=false] ims:[state=IDLE,enabled=false] cbs:[state=IDLE,enabled=false] default:[state=IDLE,enabled=false] emergency:[state=IDLE,enabled=false] 
02-20 19:59:56.966  1925  1925 D SST     : SubscriptionListener.onSubscriptionInfoChanged
02-20 19:59:56.971  1925  1925 D PhoneFactory: calculatePreferredNetworkType: phoneSubId = 1 networkType = 0
02-20 19:59:56.971  1925  1925 D Phone   : setPreferredNetworkType: Abort, unknown RAF: 1 101902
02-20 19:59:56.972  1925  1925 D Phone   : setNetworkSelectionModeAutomatic, querying current mode
02-20 19:59:56.972  1925  1925 D RILJ    : [3738]> QUERY_NETWORK_SELECTION_MODE [SUB0]
02-20 19:59:56.973  1375  1476 D RIL     : onRequest: QUERY_NETWORK_SELECTION_MODE
02-20 19:59:56.973  1375  1476 D AT      : AT> AT+COPS?
02-20 19:59:56.973  1925  1925 D TelephonyManager: setTelephonyProperty: success phoneId=0 property=gsm.network.type value: LTE propVal=LTE
02-20 19:59:56.973  1375  1480 D AT      : AT< +COPS: 0,2,310260
02-20 19:59:56.973  1375  1480 D AT      : AT< OK
02-20 19:59:56.973  1925  2017 D RILJ    : [3738]< QUERY_NETWORK_SELECTION_MODE {0} [SUB0]
02-20 19:59:56.974  1925  1925 D SubscriptionController: [setCarrierText]+ text:Android subId:1
02-20 19:59:56.974  1680  1733 I netstats_mobile_sample: [0,0,0,0,0,0,0,0,0,0,0,0,-1]
02-20 19:59:56.974  1680  1733 I netstats_wifi_sample: [0,0,0,0,0,0,0,0,0,0,0,0,-1]
02-20 19:59:56.976  1925  2060 D DCT     : [0]setPolicyDataEnabled: true
02-20 19:59:56.990  1680  1733 I am_proc_start: [0,2103,10067,com.google.android.deskclock,broadcast,com.google.android.deskclock/com.android.deskclock.AlarmInitReceiver]
02-20 19:59:56.990  1680  1733 I ActivityManager: Start proc 2103:com.google.android.deskclock/u0a67 for broadcast com.google.android.deskclock/com.android.deskclock.AlarmInitReceiver
02-20 19:59:57.016  2103  2103 W art     : Unexpected CPU variant for X86 using defaults: x86_64
02-20 19:59:57.017  1925  1925 D SubscriptionController: notifySubscriptionInfoChanged:
02-20 19:59:57.017  1680  1680 I GnssLocationProvider: WakeLock acquired by sendMessage(12, 0, null)
02-20 19:59:57.033  1925  1925 D SIMRecords: [SIMRecords] getServiceProviderName: no brandOverride, providerName=Android
02-20 19:59:57.033  1925  1925 D SIMRecords: [SIMRecords] getServiceProviderName: no brandOverride, providerName=Android
02-20 19:59:57.033  1925  1925 D SST     : updateSpnDisplay: changed sending intent rule=1 showPlmn='false' plmn='Android' showSpn='true' spn='Android' dataSpn='Android' subId='1'
02-20 19:59:57.033  1680  1697 W art     : Long monitor contention with owner Binder:1680_6 (1965) at int com.android.server.wm.WindowManagerService.relayoutWindow(com.android.server.wm.Session, android.view.IWindow, int, android.view.WindowManager$LayoutParams, int, int, int, int, android.graphics.Rect, android.graphics.Rect, android.graphics.Rect, android.graphics.Rect, android.graphics.Rect, android.graphics.Rect, android.graphics.Rect, android.content.res.Configuration, android.view.Surface)(WindowManagerService.java:2857) waiters=0 in void com.android.server.wm.WindowManagerService.finishDrawingWindow(com.android.server.wm.Session, android.view.IWindow) for 140ms
02-20 19:59:57.033  1680  1697 I dvm_lock_sample: [system_server,1,android.ui,140,WindowManagerService.java,3255,-,2857,28]
02-20 19:59:57.042  1925  1925 D SubscriptionController: [setCarrierText]+ text:Android subId:1
02-20 19:59:57.054  1680  1692 I am_proc_bound: [0,2103,com.google.android.deskclock]
02-20 19:59:57.063  1925  1925 D SubscriptionController: notifySubscriptionInfoChanged:
02-20 19:59:57.064  1680  1680 I GnssLocationProvider: WakeLock acquired by sendMessage(12, 0, null)
02-20 19:59:57.066  1925  1925 D SIMRecords: [SIMRecords]  VoiceMessageCount from SIM MWIS = 0
02-20 19:59:57.066  1925  1925 D Phone   : getStoredVoiceMessageCount: from preference for subId 1= 0
02-20 19:59:57.066  1925  1925 D GsmCdmaPhone: [GsmCdmaPhone] updateVoiceMail countVoiceMessages = 0 subId 1
02-20 19:59:57.066  1925  1925 D Phone   : setVoiceMessageCount: Storing Voice Mail Count = 0 for mVmCountKey = vm_count_key1 in preferences.
02-20 19:59:57.094  1925  1925 D DCT     : [0]SubscriptionListener.onSubscriptionInfoChanged
02-20 19:59:57.132  1680  1697 V KeyguardServiceDelegate: *** Keyguard connected (yay!)
02-20 19:59:57.132  1773  1773 I Choreographer: Skipped 79 frames!  The application may be doing too much work on its main thread.
02-20 19:59:57.137  1773  1773 D ViewRootImpl[StatusBar]: changeCanvasOpacity: opaque=true
02-20 19:59:57.142  1312  2084 I SurfaceFlinger: Boot is finished (14797 ms)
02-20 19:59:57.142  1925  1925 D DCT     : [0]onRecordsLoadedOrSubIdChanged: createAllApnList
02-20 19:59:57.142  1925  1925 D DCT     : [0]createAllApnList: selection=numeric = '310260'
02-20 19:59:57.143  1312  2084 I sf_stop_bootanim: 17058
02-20 19:59:57.174  1680  1704 I WindowManager: Screen frozen for +1s316ms due to Window{db5d897 u0 com.android.systemui.ImageWallpaper}
02-20 19:59:57.174  1925  1925 D DCT     : [0]createApnList: X result=[[ApnSettingV3] T-Mobile US, 1, 310260, epc.tmobile.com, , http://mms.msg.eng.t-mobile.com/mms/wapenc, , , , -1, *, IP, IP, true, 0, 0, 0, false, 0, 0, 0, 0, , , false]
02-20 19:59:57.183  1925  1925 D TelephonyProvider: subIdString = 1 subId = 1
02-20 19:59:57.186  1925  1925 D DCT     : [0]getPreferredApn: mRequestedApnType=default cursor=android.content.ContentResolver$CursorWrapperInner@fd11e5a cursor.count=1
02-20 19:59:57.187  1925  1925 D DCT     : [0]getPreferredApn: apnSetting=[ApnSettingV3] T-Mobile US, 1, 310260, epc.tmobile.com, , http://mms.msg.eng.t-mobile.com/mms/wapenc, , , , -1, *, IP, IP, true, 0, 0, 0, false, 0, 0, 0, 0, , , false
02-20 19:59:57.187  1925  1925 D DCT     : [0]getPreferredApn: X found apnSetting[ApnSettingV3] T-Mobile US, 1, 310260, epc.tmobile.com, , http://mms.msg.eng.t-mobile.com/mms/wapenc, , , , -1, *, IP, IP, true, 0, 0, 0, false, 0, 0, 0, 0, , , false
02-20 19:59:57.188  1680  1693 W GnssLocationProvider: Could not open GPS configuration file /etc/gps.conf
02-20 19:59:57.188  1680  1693 E GnssLocationProvider: no AGPS interface in set_agps_server
02-20 19:59:57.188  1680  1693 I GnssLocationProvider: WakeLock released by handleMessage(12, 0, null)
02-20 19:59:57.188  1925  1925 D DCT     : [0]createAllApnList: mPreferredApn=[ApnSettingV3] T-Mobile US, 1, 310260, epc.tmobile.com, , http://mms.msg.eng.t-mobile.com/mms/wapenc, , , , -1, *, IP, IP, true, 0, 0, 0, false, 0, 0, 0, 0, , , false
02-20 19:59:57.188  1925  1925 D DCT     : [0]createAllApnList: X mAllApnSettings=[[ApnSettingV3] T-Mobile US, 1, 310260, epc.tmobile.com, , http://mms.msg.eng.t-mobile.com/mms/wapenc, , , , -1, *, IP, IP, true, 0, 0, 0, false, 0, 0, 0, 0, , , false]
02-20 19:59:57.188  1925  1925 D DCT     : [0]setDataProfilesAsNeeded
02-20 19:59:57.188  1925  1925 D DCT     : [0]setInitialApn: E mPreferredApn=[ApnSettingV3] T-Mobile US, 1, 310260, epc.tmobile.com, , http://mms.msg.eng.t-mobile.com/mms/wapenc, , , , -1, *, IP, IP, true, 0, 0, 0, false, 0, 0, 0, 0, , , false
02-20 19:59:57.188  1925  1925 D DCT     : [0]setInitialApn: firstApnSetting=[ApnSettingV3] T-Mobile US, 1, 310260, epc.tmobile.com, , http://mms.msg.eng.t-mobile.com/mms/wapenc, , , , -1, *, IP, IP, true, 0, 0, 0, false, 0, 0, 0, 0, , , false
02-20 19:59:57.188  1925  1925 D DCT     : [0]setInitialApn: defaultApnSetting=[ApnSettingV3] T-Mobile US, 1, 310260, epc.tmobile.com, , http://mms.msg.eng.t-mobile.com/mms/wapenc, , , , -1, *, IP, IP, true, 0, 0, 0, false, 0, 0, 0, 0, , , false
02-20 19:59:57.188  1925  1925 D DCT     : [0]setInitialAttachApn: using mPreferredApn
02-20 19:59:57.188  1925  1925 D DCT     : [0]setInitialAttachApn: X selected Apn=[ApnSettingV3] T-Mobile US, 1, 310260, epc.tmobile.com, , http://mms.msg.eng.t-mobile.com/mms/wapenc, , , , -1, *, IP, IP, true, 0, 0, 0, false, 0, 0, 0, 0, , , false
02-20 19:59:57.188  1925  1925 D RILJ    : Set RIL_REQUEST_SET_INITIAL_ATTACH_APN [SUB0]
02-20 19:59:57.188  1925  1925 D RILJ    : [3739]> RIL_REQUEST_SET_INITIAL_ATTACH_APN, apn:epc.tmobile.com, protocol:IP, authType:-1, username:none, password:none [SUB0]
02-20 19:59:57.189  1375  1476 D RIL     : onRequest: RIL_REQUEST_SET_INITIAL_ATTACH_APN
02-20 19:59:57.189  1375  1476 D RIL     : Request not supported. Tech: 1
