02-20 19:26:17.344  1932  1932 D Phone   : mCallRingDelay=3000
02-20 19:26:17.351  1932  1932 D RILJ    : [3653]> RIL_REQUEST_START_LCE [SUB0]
02-20 19:26:17.352  1374  1817 I MediaPlayerService: MediaPlayerService::getOMX
02-20 19:26:17.352  1683  2023 I OMXClient: MuxOMX ctor
02-20 19:26:17.353  1371  1820 I OMXMaster: makeComponentInstance(OMX.google.vorbis.decoder) in mediacodec process
02-20 19:26:17.353  1376  1458 D RIL     : onRequest: <unknown request>
02-20 19:26:17.354  1932  2011 D RilRequest: [3653]< RIL_REQUEST_START_LCE error: com.android.internal.telephony.CommandException: RADIO_NOT_AVAILABLE ret=
02-20 19:26:17.354  1946  1991 D EGL_emulation: eglMakeCurrent: 0x77ff8ed79200: ver 3 0 (tinfo 0x77ff992a98e0)
02-20 19:26:17.378  1683  1683 D GpsNetInitiatedHandler: location enabled :true
02-20 19:26:17.378  1683  1683 V WiredAccessoryManager: notifyWiredAccessoryChanged: when=0 bits= mask=54
02-20 19:26:17.379  1683  1683 V WiredAccessoryManager: newName=h2w newState=0 headsetState=0 prev headsetState=0
02-20 19:26:17.379  1683  1683 E WiredAccessoryManager: No state change.
02-20 19:26:17.379  1683  1683 V WiredAccessoryManager: init()
02-20 19:26:17.388  1932  1932 E RIL_ImsSms: getFormat should never be called from here!
02-20 19:26:17.388  1932  1932 D SMSDispatcher: SMSDispatcher: ctor mSmsCapable=true format=unknown mSmsSendDisabled=false
02-20 19:26:17.388  1932  1932 D RIL_ImsSms: ImsSMSDispatcher created
02-20 19:26:17.393  1932  1932 D SMSDispatcher: SMSDispatcher: ctor mSmsCapable=true format=3gpp2 mSmsSendDisabled=false
02-20 19:26:17.393  1932  1932 D CdmaSMSDispatcher: CdmaSMSDispatcher created
02-20 19:26:17.396  1683  1695 I StatusBarManagerService: registerStatusBar bar=com.android.internal.statusbar.IStatusBar$Stub$Proxy@5e543a6
02-20 19:26:17.445  1683  1699 I boot_progress_enable_screen: 17445
02-20 19:26:17.446  1683  1708 I am_activity_launch_time: [0,123171100,com.android.settings/.FallbackHome,970,970]
02-20 19:26:17.453  1683  1708 I ActivityManager: Displayed com.android.settings/.FallbackHome: +970ms
02-20 19:26:17.458  1683  1699 V KeyguardServiceDelegate: *** Keyguard started
02-20 19:26:17.458  1683  1699 I screen_toggled: 1
02-20 19:26:17.465  1932  1932 D GsmInboundSmsHandler: created InboundSmsHandler
02-20 19:26:17.468  1683  1699 W KeyguardServiceDelegate: onScreenTurningOn(): no keyguard service!
02-20 19:26:17.468  1683  1683 W VibratorService: Tried to stop vibrating but there is no vibrator device.
02-20 19:26:17.474  1683  1683 D ConditionProviders.SCP: onSubscribe condition://android/schedule?days=6.7&start=23.30&end=10.0&exitAtAlarm=false
02-20 19:26:17.477  1683  1683 D ConditionProviders.SCP: setRegistered true
02-20 19:26:17.478  1683  1683 D ConditionProviders.SCP: notifyCondition condition://android/schedule?days=6.7&start=23.30&end=10.0&exitAtAlarm=false STATE_FALSE reason=!meetsSchedule
02-20 19:26:17.486  1683  1708 I WindowManager: Screen frozen for +944ms due to AppWindowToken{993b0ab token=Token{c59e125 ActivityRecord{757711c u0 com.android.settings/.FallbackHome t1}}}
02-20 19:26:17.487  1683  1683 D ConditionProviders.SCP: Scheduling evaluate for Tue Feb 20 23:30:00 GMT+00:00 2018 (1519169400000), in +4h3m42s522ms, now=Tue Feb 20 19:26:17 GMT+00:00 2018 (1519154777478)
02-20 19:26:17.487  1683  1683 D ConditionProviders.SCP: onSubscribe condition://android/schedule?days=1.2.3.4.5&start=22.0&end=7.0&exitAtAlarm=false
02-20 19:26:17.488  1683  1683 D ConditionProviders.SCP: notifyCondition condition://android/schedule?days=6.7&start=23.30&end=10.0&exitAtAlarm=false STATE_FALSE reason=!meetsSchedule
02-20 19:26:17.491  1683  1683 D ConditionProviders.SCP: notifyCondition condition://android/schedule?days=1.2.3.4.5&start=22.0&end=7.0&exitAtAlarm=false STATE_FALSE reason=!meetsSchedule
02-20 19:26:17.492  1932  1932 D CdmaInboundSmsHandler: created InboundSmsHandler
02-20 19:26:17.494  1683  1683 D ConditionProviders.SCP: Scheduling evaluate for Tue Feb 20 22:00:00 GMT+00:00 2018 (1519164000000), in +2h33m42s513ms, now=Tue Feb 20 19:26:17 GMT+00:00 2018 (1519154777487)
02-20 19:26:17.510  1683  1683 I Telecom : WiredHeadsetManager: ACTION_HEADSET_PLUG event, plugged in: false, : WHC.oADA@AAE
02-20 19:26:17.513  1932  1932 D SMSDispatcher: SMSDispatcher: ctor mSmsCapable=true format=3gpp mSmsSendDisabled=false
02-20 19:26:17.513  1932  1932 D GsmSMSDispatcher: GsmSMSDispatcher created
02-20 19:26:17.514  1932  2030 D GsmInboundSmsHandler: StartupState.processMessage:6
02-20 19:26:17.514  1932  2030 D GsmInboundSmsHandler: entering Idle state
02-20 19:26:17.515  1932  2032 D CdmaInboundSmsHandler: StartupState.processMessage:6
02-20 19:26:17.515  1932  2032 D CdmaInboundSmsHandler: entering Idle state
02-20 19:26:17.520  1932  1932 D IccCardProxy: ctor: ci=com.android.internal.telephony.RIL@43dc436 phoneId=0
02-20 19:26:17.521  1932  1932 D CdmaSSM : subscriptionSource from settings: 0
02-20 19:26:17.521  1932  1932 D CdmaSSM : cdmaSSM constructor: 0
02-20 19:26:17.521  1932  1932 D IccCardProxy: update icc_operator_numeric=
02-20 19:26:17.521  1932  1932 D TelephonyManager: setTelephonyProperty: success phoneId=0 property=gsm.sim.operator.numeric value:  propVal=
02-20 19:26:17.522  1683  1683 I ActivityManager: user 0 is still locked. Cannot load recents
02-20 19:26:17.522  1932  1932 D TelephonyManager: setTelephonyProperty: success phoneId=0 property=gsm.sim.operator.iso-country value:  propVal=
02-20 19:26:17.522  1932  1932 D TelephonyManager: setTelephonyProperty: success phoneId=0 property=gsm.sim.operator.alpha value:  propVal=
02-20 19:26:17.522  1932  1932 E IccCardProxy: setExternalState: set mPhoneId=0 mExternalState=NOT_READY
02-20 19:26:17.522  1932  1932 D TelephonyManager: setTelephonyProperty: success phoneId=0 property=gsm.sim.state value: NOT_READY propVal=NOT_READY
02-20 19:26:17.524  1932  1932 D IccCardProxy: broadcastIccStateChangedIntent intent ACTION_SIM_STATE_CHANGED value=NOT_READY reason=null for mPhoneId=0
02-20 19:26:17.529  1932  1932 D RILJ    : setPhoneType=1 old value=0 [SUB0]
02-20 19:26:17.529  1932  1932 D TelephonyManager: setTelephonyProperty: success phoneId=0 property=gsm.current.phone-type value: 1 propVal=1
02-20 19:26:17.530  1932  1932 D IccCardProxy: Setting radio tech UMTS
02-20 19:26:17.530  1932  1932 D IccCardProxy: updateQuietMode: 3GPP subscription -> newQuietMode=false
02-20 19:26:17.530  1932  1932 D IccCardProxy: updateQuietMode: no changes don't setExternalState
02-20 19:26:17.530  1932  1932 D IccCardProxy: updateQuietMode: QuietMode is false (app_type=1 cdmaSource=-1)
02-20 19:26:17.546  1932  1932 W CarrierConfigManager: Error getting config for subId -1 ICarrierConfigLoader is null
02-20 19:26:17.547  1683  1973 D TelephonyRegistry: listen oscl: hasNotifySubscriptionInfoChangedOccurred==false no callback
02-20 19:26:17.563  1683  1683 I notification_enqueue: [10028,1781,com.android.systemui,1397773634,public:253,64,-1,Notification(pri=0 contentView=null vibrate=null sound=null defaults=0x0 flags=0x100 color=0xff607d8b category=sys actions=2 vis=PUBLIC),0]
02-20 19:26:17.573  1683  1683 D TelephonyRegistry: notifyCellLocationForSubscriber: subId=0 cellLocation=Bundle[{}]
02-20 19:26:17.574  1932  1949 D SubscriptionController: [getPhoneId]- no sims, returning default phoneId=2147483647
02-20 19:26:17.580  1932  1932 D TelephonyManager: setTelephonyProperty: success phoneId=0 property=gsm.network.type value: Unknown propVal=Unknown
02-20 19:26:17.581  1932  1932 D RILJ    : [3654]> SIGNAL_STRENGTH [SUB0]
02-20 19:26:17.582  1376  1458 D RIL     : onRequest: SIGNAL_STRENGTH
02-20 19:26:17.582  1932  2011 D RilRequest: [3654]< SIGNAL_STRENGTH error: com.android.internal.telephony.CommandException: RADIO_NOT_AVAILABLE ret=
02-20 19:26:17.584  1932  1932 D SST     : notifyDataRegStateRilRadioTechnologyChanged: drs=1 rat=0
02-20 19:26:17.584  1932  1932 D TelephonyManager: setTelephonyProperty: success phoneId=0 property=gsm.network.type value: Unknown propVal=Unknown
02-20 19:26:17.586  1374  1817 I MediaPlayerService: MediaPlayerService::getOMX
02-20 19:26:17.587  1683  2039 I OMXClient: MuxOMX ctor
02-20 19:26:17.587  1371  1820 I OMXMaster: makeComponentInstance(OMX.google.vorbis.decoder) in mediacodec process
02-20 19:26:17.591  1932  1932 D DCT     : [0]DCT.constructor
02-20 19:26:17.592  1683  1791 D TelephonyRegistry: listen oscl: hasNotifySubscriptionInfoChangedOccurred==false no callback
02-20 19:26:17.594  1932  1932 D Dcc     : E ctor
02-20 19:26:17.594  1932  1932 D Dcc     : X ctor
02-20 19:26:17.595  1932  1932 D SubscriptionController: [getPhoneId] asked for default subId=-1
02-20 19:26:17.610  1932  2041 D DcTesterDeacativateAll: register for intent action=com.android.internal.telephony.dataconnection.action_deactivate_all
02-20 19:26:17.610  1932  2041 D DcTesterDeacativateAll: register for intent action=com.android.internal.telephony.action_detached
02-20 19:26:17.610  1932  2041 D Dcc     : DccDefaultState: msg.what=EVENT_RIL_CONNECTED mRilVersion=12
02-20 19:26:17.627  1932  1932 D DcTesterFailBrinupAll: register for intent action=com.android.internal.telephony.dataconnection.action_fail_bringup
02-20 19:26:17.627  1932  1932 D DcTesterFailBrinupAll: register for intent action=com.android.internal.telephony.action_detached
02-20 19:26:17.627  1932  1932 D DcTesterFailBrinupAll: register for intent action=com.android.internal.telephony.action_attached
02-20 19:26:17.629  1932  1932 D SST     : notifyDataRegStateRilRadioTechnologyChanged: drs=1 rat=0
02-20 19:26:17.629  1932  1932 D TelephonyManager: setTelephonyProperty: success phoneId=0 property=gsm.network.type value: Unknown propVal=Unknown
02-20 19:26:17.629  1932  1932 D DCT     : [0]update sub = -2
02-20 19:26:17.629  1932  1932 D DCT     : [0]update(): Active DDS, register for all events now!
02-20 19:26:17.630  1932  1932 D GsmCdmaPhone: [GsmCdmaPhone] updateCurrentCarrierInProvider: mSubId = -2 currentDds = 1 operatorNumeric = null
02-20 19:26:17.631  1932  1932 D DCT     : [0]initApnContexts: E
02-20 19:26:17.631  1932  1932 D DCT     : [0]initApnContexts: skipping unknown type=1
02-20 19:26:17.632  1932  1932 D DCT     : [0]initApnContexts: apnContext={mApnType=default mState=IDLE mWaitingApns={null} mApnSetting={null} mReason=dataEnabled mDataEnabled=false mDependencyMet=true}
02-20 19:26:17.632  1932  1932 D DCT     : [0]initApnContexts: apnContext={mApnType=mms mState=IDLE mWaitingApns={null} mApnSetting={null} mReason=dataEnabled mDataEnabled=false mDependencyMet=true}
02-20 19:26:17.632  1932  1932 D DCT     : [0]initApnContexts: apnContext={mApnType=supl mState=IDLE mWaitingApns={null} mApnSetting={null} mReason=dataEnabled mDataEnabled=false mDependencyMet=true}
02-20 19:26:17.632  1932  1932 D DCT     : [0]initApnContexts: apnContext={mApnType=hipri mState=IDLE mWaitingApns={null} mApnSetting={null} mReason=dataEnabled mDataEnabled=false mDependencyMet=true}
02-20 19:26:17.632  1932  1932 D DCT     : [0]initApnContexts: apnContext={mApnType=fota mState=IDLE mWaitingApns={null} mApnSetting={null} mReason=dataEnabled mDataEnabled=false mDependencyMet=true}
02-20 19:26:17.632  1932  1932 D DCT     : [0]initApnContexts: apnContext={mApnType=ims mState=IDLE mWaitingApns={null} mApnSetting={null} mReason=dataEnabled mDataEnabled=false mDependencyMet=true}
02-20 19:26:17.632  1932  1932 D DCT     : [0]initApnContexts: apnContext={mApnType=cbs mState=IDLE mWaitingApns={null} mApnSetting={null} mReason=dataEnabled mDataEnabled=false mDependencyMet=true}
02-20 19:26:17.632  1932  1932 D DCT     : [0]initApnContexts: skipping unknown type=13
02-20 19:26:17.632  1932  1932 D DCT     : [0]initApnContexts: apnContext={mApnType=ia mState=IDLE mWaitingApns={null} mApnSetting={null} mReason=dataEnabled mDataEnabled=false mDependencyMet=true}
02-20 19:26:17.632  1932  1932 D DCT     : [0]initApnContexts: apnContext={mApnType=emergency mState=IDLE mWaitingApns={null} mApnSetting={null} mReason=dataEnabled mDataEnabled=false mDependencyMet=true}
02-20 19:26:17.652  1932  1932 D GsmCdmaPhone: [GsmCdmaPhone] GsmCdmaPhone: constructor: sub = 0
02-20 19:26:17.652  1932  1932 I PhoneFactory: Creating Phone with type = 1 sub = 0
02-20 19:26:17.654  1932  1932 I PhoneFactory: defaultSmsApplication: NONE
02-20 19:26:17.658  1932  1932 I PhoneFactory: Creating SubInfoRecordUpdater 
02-20 19:26:17.658  1932  1932 D SubscriptionInfoUpdater: Constructor invoked
02-20 19:26:17.661  1683  1693 I art     : Background sticky concurrent mark sweep GC freed 30300(2MB) AllocSpace objects, 10(200KB) LOS objects, 9% free, 22MB/24MB, paused 994us total 269.351ms
02-20 19:26:17.705  1683  1694 D TelephonyRegistry: listen oscl: hasNotifySubscriptionInfoChangedOccurred==false no callback
02-20 19:26:17.706  1932  1932 D SubscriptionController: [getPhoneId]- no sims, returning default phoneId=2147483647
02-20 19:26:17.710  1683  1695 D TelephonyRegistry: listen oscl: hasNotifySubscriptionInfoChangedOccurred==false no callback
02-20 19:26:17.710  1932  1932 D PhoneSwitcherNetworkRequstListener: Registering NetworkFactory
02-20 19:26:17.711  1932  1932 D PhoneSwitcher: PhoneSwitcher started
02-20 19:26:17.711  1683  1746 D ConnectivityService: Got NetworkFactory Messenger for PhoneSwitcherNetworkRequstListener
02-20 19:26:17.711  1932  1932 D ProxyController: Constructor - Enter
02-20 19:26:17.718  1932  1932 D ProxyController: clearTransaction
02-20 19:26:17.718  1932  1932 D ProxyController: clearTransaction: phoneId=0 status=IDLE
02-20 19:26:17.718  1932  1932 D ProxyController: Constructor - Exit
02-20 19:26:17.718  1932  1932 D TelephonyNetworkFactory[0]: Registering NetworkFactory
02-20 19:26:17.718  1683  1746 D ConnectivityService: Got NetworkFactory Messenger for TelephonyNetworkFactory[0]
02-20 19:26:17.721  1683  1699 W art     : Long monitor contention with owner android.display (1708) at void com.android.server.wm.WindowManagerService$H.handleMessage(android.os.Message)(WindowManagerService.java:8368) waiters=0 in void com.android.server.wm.WindowManagerService.performEnableScreen() for 235ms
02-20 19:26:17.721  1683  1699 I dvm_lock_sample: [system_server,1,ActivityManager,235,WindowManagerService.java,6036,-,8368,47]
02-20 19:26:17.735  1932  1932 D CallManager: registerPhone(GSM Handler (com.android.internal.telephony.GsmCdmaPhone) {9a107d})
02-20 19:26:17.775  1683  1791 D TelephonyRegistry: listen oscl: hasNotifySubscriptionInfoChangedOccurred==false no callback
02-20 19:26:17.776  1683  1738 I netstats_mobile_sample: [0,0,0,0,0,0,0,0,0,0,0,0,-1]
02-20 19:26:17.776  1683  1738 I netstats_wifi_sample: [0,0,0,0,0,0,0,0,0,0,0,0,-1]
02-20 19:26:17.829  1683  1699 I am_proc_start: [0,2046,10004,com.android.cellbroadcastreceiver,broadcast,com.android.cellbroadcastreceiver/.CellBroadcastReceiver]
02-20 19:26:17.829  1683  1699 I ActivityManager: Start proc 2046:com.android.cellbroadcastreceiver/u0a4 for broadcast com.android.cellbroadcastreceiver/.CellBroadcastReceiver
02-20 19:26:17.836  1683  1754 E ActivityThread: Failed to find provider info for com.android.calendar
02-20 19:26:17.837  1683  1754 E ActivityThread: Failed to find provider info for com.android.calendar
02-20 19:26:17.841  1374  1903 I MediaPlayerService: MediaPlayerService::getOMX
02-20 19:26:17.842  1683  2051 I OMXClient: MuxOMX ctor
02-20 19:26:17.842  1371  1988 I OMXMaster: makeComponentInstance(OMX.google.vorbis.decoder) in mediacodec process
02-20 19:26:17.844  2046  2046 W art     : Unexpected CPU variant for X86 using defaults: x86_64
02-20 19:26:17.917  1683  1791 I am_proc_bound: [0,2046,com.android.cellbroadcastreceiver]
02-20 19:26:17.959  1932  1932 D CarrierConfigLoader: CarrierConfigLoader has started
02-20 19:26:17.960  1932  1932 E BluetoothAdapter: Bluetooth binder is null
02-20 19:26:17.960  1683  1973 D TelephonyRegistry: listen oscl: hasNotifySubscriptionInfoChangedOccurred==false no callback
02-20 19:26:17.973  1683  1753 D NotificationSQLiteLog: Pruned event entries: 0
02-20 19:26:17.974  1932  2063 E ActivityThread: Failed to find provider info for com.android.contacts
02-20 19:26:17.974  1932  2063 W CallerInfoCache: cursor is null
02-20 19:26:17.983  1932  1932 D RILJ    : [3655]> RIL_REQUEST_SET_TTY_MODE : 0 [SUB0]
02-20 19:26:17.988  1932  1932 I Telephony: TtyManager: updateUiTtyMode -1 -> 0
02-20 19:26:17.988  1376  1458 D RIL     : onRequest: SET_TTY_MODE
02-20 19:26:17.988  1932  2011 D RilRequest: [3655]< RIL_REQUEST_SET_TTY_MODE error: com.android.internal.telephony.CommandException: RADIO_NOT_AVAILABLE ret=
02-20 19:26:18.011  2046  2046 W System  : ClassLoader referenced unknown path: /system/priv-app/CellBroadcastReceiver/lib/x86_64
02-20 19:26:18.034  1683  1970 D TelephonyRegistry: listen oscl: hasNotifySubscriptionInfoChangedOccurred==false no callback
02-20 19:26:18.043  1932  1932 D SubscriptionController: [getPhoneId] asked for default subId=-1
02-20 19:26:18.044  1932  1932 D UiccController: Received EVENT_ICC_STATUS_CHANGED, calling getIccCardStatus
02-20 19:26:18.044  1932  1932 D RILJ    : [3656]> GET_SIM_STATUS [SUB0]
02-20 19:26:18.045  1376  1458 D RIL     : onRequest: GET_SIM_STATUS
02-20 19:26:18.045  1376  1458 D RIL     : getSIMStatus(). sState: 0
02-20 19:26:18.045  1932  2011 D RILJ    : [3656]< GET_SIM_STATUS IccCardState {CARDSTATE_PRESENT,PINSTATE_UNKNOWN,num_apps=2,gsm_id=0{APPTYPE_SIM,APPSTATE_DETECTED},cdma_id=1{APPTYPE_RUIM,APPSTATE_DETECTED},ims_id=8} [SUB0]
02-20 19:26:18.045  1932  1932 D Phone   : config LCE service failed: com.android.internal.telephony.CommandException: RADIO_NOT_AVAILABLE
02-20 19:26:18.045  1932  1932 D GsmSMSDispatcher: GsmSMSDispatcher: subId = -2 slotId = 0
02-20 19:26:18.046  1932  1932 E IccCardProxy: setExternalState: !override and newstate unchanged from NOT_READY
02-20 19:26:18.046  1932  1932 D RILJ    : [3657]> BASEBAND_VERSION [SUB0]
02-20 19:26:18.046  1376  1458 D RIL     : onRequest: BASEBAND_VERSION
02-20 19:26:18.046  1932  2011 D RilRequest: [3657]< BASEBAND_VERSION error: com.android.internal.telephony.CommandException: RADIO_NOT_AVAILABLE ret=
02-20 19:26:18.046  1932  1932 D RILJ    : [3658]> GET_IMEI [SUB0]
02-20 19:26:18.047  1376  1458 D RIL     : onRequest: GET_IMEI
02-20 19:26:18.047  1376  1458 D AT      : AT> AT+CGSN
02-20 19:26:18.047  1932  1932 D RILJ    : [3659]> GET_IMEISV [SUB0]
02-20 19:26:18.047  1376  1460 D AT      : AT< 000000000000000
02-20 19:26:18.047  1376  1460 D AT      : AT< OK
02-20 19:26:18.047  1932  2011 D RILJ    : [3658]< GET_IMEI  [SUB0]
02-20 19:26:18.048  1376  1458 D RIL     : onRequest: GET_IMEISV
02-20 19:26:18.048  1932  1932 D RILJ    : [3660]> RIL_REQUEST_GET_RADIO_CAPABILITY [SUB0]
02-20 19:26:18.049  1932  2011 D RilRequest: [3659]< GET_IMEISV error: com.android.internal.telephony.CommandException: RADIO_NOT_AVAILABLE ret=
02-20 19:26:18.049  1376  1458 D RIL     : onRequest: RIL_REQUEST_GET_RADIO_CAPABILITY
02-20 19:26:18.056  1932  1932 D RILJ    : [3661]> RIL_REQUEST_START_LCE [SUB0]
02-20 19:26:18.059  1376  1458 D RIL     : onRequest: <unknown request>
02-20 19:26:18.059  1932  1932 D GsmCdmaPhone: [GsmCdmaPhone] Event EVENT_RADIO_OFF_OR_NOT_AVAILABLE Received
02-20 19:26:18.059  1932  1932 E IccCardProxy: setExternalState: !override and newstate unchanged from NOT_READY
02-20 19:26:18.059  1932  1932 D SST     : mDeviceShuttingDown=false, mDesiredPowerState=true, getRadioState=RADIO_OFF, mPowerOffDelayNeed=true, mAlarmSwitch=false, mRadioDisabledByCarrier=false
02-20 19:26:18.059  1932  1932 D RILJ    : [3662]> RADIO_POWER on [SUB0]
02-20 19:26:18.061  1932  1932 D RILJ    : [3663]> OPERATOR [SUB0]
02-20 19:26:18.061  1376  1458 D RIL     : onRequest: RADIO_POWER
02-20 19:26:18.061  1376  1458 D AT      : AT> AT+CFUN=1
02-20 19:26:18.061  1932  1932 D RILJ    : [3664]> DATA_REGISTRATION_STATE [SUB0]
02-20 19:26:18.061  1376  1460 D AT      : AT< OK
02-20 19:26:18.061  1376  1458 D RIL     : setRadioState(10)
02-20 19:26:18.062  1376  1458 D RIL     : onRequest: OPERATOR
02-20 19:26:18.062  1376  1458 D AT      : AT> AT+COPS=3,0;+COPS?;+COPS=3,1;+COPS?;+COPS=3,2;+COPS?
02-20 19:26:18.062  1932  1932 D RILJ    : [3665]> VOICE_REGISTRATION_STATE [SUB0]
02-20 19:26:18.062  1932  1932 D RILJ    : [3666]> QUERY_NETWORK_SELECTION_MODE [SUB0]
02-20 19:26:18.062  1376  1460 D AT      : AT< +COPS: 0,0,"Android"
02-20 19:26:18.062  1376  1460 D AT      : AT< +COPS: 0,1,"Android"
02-20 19:26:18.062  1376  1460 D AT      : AT< +COPS: 0,2,"310260"
02-20 19:26:18.062  1376  1460 D AT      : AT< OK
02-20 19:26:18.062  1932  1932 D SST     : NITZ: 18/02/20:19:26:06+0:0:Unknown!Unknown,5257 start=18062 delay=12805
02-20 19:26:18.062  1376  1458 D RIL     : onRequest: DATA_REGISTRATION_STATE
02-20 19:26:18.062  1376  1458 D RIL     : requestRegistrationState
02-20 19:26:18.062  1376  1458 D AT      : AT> AT+CGREG?
02-20 19:26:18.062  1376  1460 D AT      : AT< +CGREG: 1,1,"0003","005b","000e"
02-20 19:26:18.062  1376  1460 D AT      : AT< OK
02-20 19:26:18.062  1932  1932 D SST     : NITZ: tzOffset=0 dst=0 zone=GMT iso= mGotCountryCode=false mNeedFixZoneAfterNitz=false
02-20 19:26:18.062  1376  1458 D RIL     : parseRegistrationState. Parsing: +CGREG: 1,1,"0003","005b","000e"
02-20 19:26:18.062  1376  1458 D RIL     : registration state type: 3GPP
02-20 19:26:18.062  1932  1932 D SST     : setAndBroadcastNetworkSetTimeZone: setTimeZone=GMT
02-20 19:26:18.063  1376  1458 D RIL     : onRequest: VOICE_REGISTRATION_STATE
02-20 19:26:18.063  1376  1458 D RIL     : requestRegistrationState
02-20 19:26:18.063  1376  1458 D AT      : AT> AT+CREG?
02-20 19:26:18.064  1932  2011 D RilRequest: [3660]< RIL_REQUEST_GET_RADIO_CAPABILITY error: com.android.internal.telephony.CommandException: RADIO_NOT_AVAILABLE ret=
02-20 19:26:18.064  1376  1460 D AT      : AT< +CREG: 2,1, "0003", "005b"
02-20 19:26:18.064  1932  2011 D RilRequest: [3661]< RIL_REQUEST_START_LCE error: com.android.internal.telephony.CommandException: RADIO_NOT_AVAILABLE ret=
02-20 19:26:18.064  1932  2011 D RILJ    : [UNSL]< UNSOL_RESPONSE_RADIO_STATE_CHANGED RADIO_ON [SUB0]
02-20 19:26:18.064  1932  2011 D RILJ    : [UNSL]< UNSOL_RESPONSE_SIM_STATUS_CHANGED [SUB0]
02-20 19:26:18.064  1376  1460 D AT      : AT< OK
02-20 19:26:18.064  1932  2011 D RILJ    : [3662]< RADIO_POWER  [SUB0]
02-20 19:26:18.064  1932  2011 D RILJ    : [3663]< OPERATOR {Android, Android, 310260} [SUB0]
02-20 19:26:18.064  1932  2011 D RILJ    : [3664]< DATA_REGISTRATION_STATE {1, 3, 5b, 14, null, null} [SUB0]
02-20 19:26:18.064  1376  1458 D RIL     : parseRegistrationState. Parsing: +CREG: 2,1, "0003", "005b"
02-20 19:26:18.064  1376  1458 D RIL     : registration state type: 3GPP
02-20 19:26:18.067  1932  2011 D RILJ    : [3665]< VOICE_REGISTRATION_STATE {1, 3, 5b, 0, null, null, null, null, null, null, null, null, null, null, null} [SUB0]
02-20 19:26:18.067  1376  1458 D RIL     : onRequest: QUERY_NETWORK_SELECTION_MODE
02-20 19:26:18.067  1376  1458 D AT      : AT> AT+COPS?
02-20 19:26:18.068  1376  1460 D AT      : AT< +COPS: 0,2,310260
02-20 19:26:18.069  1376  1460 D AT      : AT< OK
02-20 19:26:18.069  1683  1695 D AlarmManagerService: Kernel timezone updated to 0 minutes west of GMT
02-20 19:26:18.069  1932  2011 D RILJ    : [3666]< QUERY_NETWORK_SELECTION_MODE {0} [SUB0]
02-20 19:26:18.071  1932  1932 D SST     : setAndBroadcastNetworkSetTimeZone: call alarm.setTimeZone and broadcast zoneId=GMT
02-20 19:26:18.071  1932  1932 D SST     : NITZ: Setting time of day to Tue Feb 20 19:26:18 GMT+00:00 2018 NITZ receive delay(ms): 12814 gained(ms): 743 from 18/02/20:19:26:06+0:0:Unknown!Unknown
02-20 19:26:18.071  1932  1932 D SST     : setAndBroadcastNetworkSetTime: time=1519154778814ms
02-20 19:26:18.072  1683  1791 D AlarmManagerService: Setting time of day to sec=1519154778
02-20 19:26:18.814  1683  1791 W AlarmManagerService: Unable to set rtc to 1519154778: No such device
02-20 19:26:18.815  1683  1683 D ConditionProviders.SCP: onReceive android.intent.action.TIME_SET
02-20 19:26:18.815  1683  1683 D ConditionProviders.SCP: notifyCondition condition://android/schedule?days=6.7&start=23.30&end=10.0&exitAtAlarm=false STATE_FALSE reason=!meetsSchedule
02-20 19:26:18.815  1683  1683 D ConditionProviders.SCP: notifyCondition condition://android/schedule?days=1.2.3.4.5&start=22.0&end=7.0&exitAtAlarm=false STATE_FALSE reason=!meetsSchedule
02-20 19:26:18.816  1683  1683 D ConditionProviders.SCP: Scheduling evaluate for Tue Feb 20 22:00:00 GMT+00:00 2018 (1519164000000), in +2h33m41s185ms, now=Tue Feb 20 19:26:18 GMT+00:00 2018 (1519154778815)
02-20 19:26:18.818  1683  1754 E ActivityThread: Failed to find provider info for com.android.calendar
02-20 19:26:18.818  1683  1754 E ActivityThread: Failed to find provider info for com.android.calendar
02-20 19:26:18.821  1932  1932 I SST     : NITZ: after Setting time of day
02-20 19:26:18.821  1932  1932 D SST     : NITZ: end=18079 dur=17
02-20 19:26:18.821  1932  1932 D SST     : onSignalStrengthResult() Exception from RIL : com.android.internal.telephony.CommandException: RADIO_NOT_AVAILABLE
02-20 19:26:18.822  1932  1932 D SST     : mDeviceShuttingDown=false, mDesiredPowerState=true, getRadioState=RADIO_ON, mPowerOffDelayNeed=true, mAlarmSwitch=false, mRadioDisabledByCarrier=false
02-20 19:26:18.822  1932  1932 D RILJ    : [3667]> OPERATOR [SUB0]
02-20 19:26:18.822  1932  1932 D RILJ    : [3668]> DATA_REGISTRATION_STATE [SUB0]
02-20 19:26:18.824  1932  1932 D RILJ    : [3669]> VOICE_REGISTRATION_STATE [SUB0]
02-20 19:26:18.825  1932  1932 D RILJ    : [3670]> QUERY_NETWORK_SELECTION_MODE [SUB0]
02-20 19:26:18.825  1932  1932 D DCT     : [0]onRadioAvailable
02-20 19:26:18.825  1932  1932 D DCT     : [0]onRadioOffOrNotAvailable: is off and clean up all connections
02-20 19:26:18.825  1932  1932 D DCT     : [0]cleanUpAllConnections: tearDown=false reason=radioTurnedOff
02-20 19:26:18.825  1932  1932 D GsmCdmaPhone: [GsmCdmaPhone] getDataConnectionState apnType=default ret=DISCONNECTED
02-20 19:26:18.826  1376  1458 D RIL     : onRequest: OPERATOR
02-20 19:26:18.826  1376  1458 D AT      : AT> AT+COPS=3,0;+COPS?;+COPS=3,1;+COPS?;+COPS=3,2;+COPS?
02-20 19:26:18.826  1376  1460 D AT      : AT< +COPS: 0,0,"Android"
02-20 19:26:18.826  1376  1460 D AT      : AT< +COPS: 0,1,"Android"
02-20 19:26:18.826  1376  1460 D AT      : AT< +COPS: 0,2,"310260"
02-20 19:26:18.826  1376  1460 D AT      : AT< OK
02-20 19:26:18.826  1376  1458 D RIL     : onRequest: DATA_REGISTRATION_STATE
02-20 19:26:18.826  1376  1458 D RIL     : requestRegistrationState
02-20 19:26:18.826  1376  1458 D AT      : AT> AT+CGREG?
02-20 19:26:18.826  1376  1460 D AT      : AT< +CGREG: 1,1,"0003","005b","000e"
02-20 19:26:18.826  1376  1460 D AT      : AT< OK
02-20 19:26:18.826  1376  1458 D RIL     : parseRegistrationState. Parsing: +CGREG: 1,1,"0003","005b","000e"
02-20 19:26:18.826  1376  1458 D RIL     : registration state type: 3GPP
02-20 19:26:18.826  1376  1458 D RIL     : onRequest: VOICE_REGISTRATION_STATE
02-20 19:26:18.826  1376  1458 D RIL     : requestRegistrationState
02-20 19:26:18.826  1376  1458 D AT      : AT> AT+CREG?
02-20 19:26:18.826  1376  1460 D AT      : AT< +CREG: 2,1, "0003", "005b"
02-20 19:26:18.826  1376  1460 D AT      : AT< OK
02-20 19:26:18.826  1932  2011 D RILJ    : [3667]< OPERATOR {Android, Android, 310260} [SUB0]
02-20 19:26:18.826  1932  2011 D RILJ    : [3668]< DATA_REGISTRATION_STATE {1, 3, 5b, 14, null, null} [SUB0]
02-20 19:26:18.826  1376  1458 D RIL     : parseRegistrationState. Parsing: +CREG: 2,1, "0003", "005b"
02-20 19:26:18.826  1376  1458 D RIL     : registration state type: 3GPP
02-20 19:26:18.826  1376  1458 D RIL     : onRequest: QUERY_NETWORK_SELECTION_MODE
02-20 19:26:18.826  1376  1458 D AT      : AT> AT+COPS?
02-20 19:26:18.827  1376  1460 D AT      : AT< +COPS: 0,2,310260
02-20 19:26:18.827  1376  1460 D AT      : AT< OK
02-20 19:26:18.827  1932  2011 D RILJ    : [3669]< VOICE_REGISTRATION_STATE {1, 3, 5b, 0, null, null, null, null, null, null, null, null, null, null, null} [SUB0]
02-20 19:26:18.827  1932  2011 D RILJ    : [3670]< QUERY_NETWORK_SELECTION_MODE {0} [SUB0]
02-20 19:26:18.827  1932  1932 D DCT     : [0]cleanUpConnection: X tearDown=false reason=radioTurnedOff apnContext={mApnType=default mState=IDLE mWaitingApns={null} mApnSetting={null} mReason=radioTurnedOff mDataEnabled=false mDependencyMet=true} dcac=null
02-20 19:26:18.827  1932  1932 D GsmCdmaPhone: [GsmCdmaPhone] getDataConnectionState apnType=mms ret=DISCONNECTED
02-20 19:26:18.828  1932  1932 D DCT     : [0]cleanUpConnection: X tearDown=false reason=radioTurnedOff apnContext={mApnType=mms mState=IDLE mWaitingApns={null} mApnSetting={null} mReason=radioTurnedOff mDataEnabled=false mDependencyMet=true} dcac=null
02-20 19:26:18.828  1932  1932 D GsmCdmaPhone: [GsmCdmaPhone] getDataConnectionState apnType=cbs ret=DISCONNECTED
02-20 19:26:18.829  1932  1932 D DCT     : [0]cleanUpConnection: X tearDown=false reason=radioTurnedOff apnContext={mApnType=cbs mState=IDLE mWaitingApns={null} mApnSetting={null} mReason=radioTurnedOff mDataEnabled=false mDependencyMet=true} dcac=null
02-20 19:26:18.829  1932  1932 D GsmCdmaPhone: [GsmCdmaPhone] getDataConnectionState apnType=fota ret=DISCONNECTED
02-20 19:26:18.830  1932  1932 D DCT     : [0]cleanUpConnection: X tearDown=false reason=radioTurnedOff apnContext={mApnType=fota mState=IDLE mWaitingApns={null} mApnSetting={null} mReason=radioTurnedOff mDataEnabled=false mDependencyMet=true} dcac=null
02-20 19:26:18.830  1932  1932 D GsmCdmaPhone: [GsmCdmaPhone] getDataConnectionState apnType=supl ret=DISCONNECTED
02-20 19:26:18.830  1932  1932 D DCT     : [0]cleanUpConnection: X tearDown=false reason=radioTurnedOff apnContext={mApnType=supl mState=IDLE mWaitingApns={null} mApnSetting={null} mReason=radioTurnedOff mDataEnabled=false mDependencyMet=true} dcac=null
02-20 19:26:18.830  1932  1932 D GsmCdmaPhone: [GsmCdmaPhone] getDataConnectionState apnType=ia ret=DISCONNECTED
02-20 19:26:18.831  1932  1932 D DCT     : [0]cleanUpConnection: X tearDown=false reason=radioTurnedOff apnContext={mApnType=ia mState=IDLE mWaitingApns={null} mApnSetting={null} mReason=radioTurnedOff mDataEnabled=false mDependencyMet=true} dcac=null
02-20 19:26:18.831  1932  1932 D GsmCdmaPhone: [GsmCdmaPhone] getDataConnectionState apnType=emergency ret=DISCONNECTED
02-20 19:26:18.832  1932  1932 D DCT     : [0]cleanUpConnection: X tearDown=false reason=radioTurnedOff apnContext={mApnType=emergency mState=IDLE mWaitingApns={null} mApnSetting={null} mReason=radioTurnedOff mDataEnabled=false mDependencyMet=true} dcac=null
02-20 19:26:18.832  1932  1932 D GsmCdmaPhone: [GsmCdmaPhone] getDataConnectionState apnType=hipri ret=DISCONNECTED
02-20 19:26:18.835  1932  1932 D DCT     : [0]cleanUpConnection: X tearDown=false reason=radioTurnedOff apnContext={mApnType=hipri mState=IDLE mWaitingApns={null} mApnSetting={null} mReason=radioTurnedOff mDataEnabled=false mDependencyMet=true} dcac=null
02-20 19:26:18.835  1932  1932 D GsmCdmaPhone: [GsmCdmaPhone] getDataConnectionState apnType=ims ret=DISCONNECTED
02-20 19:26:18.836  1932  1932 D DCT     : [0]cleanUpConnection: X tearDown=false reason=radioTurnedOff apnContext={mApnType=ims mState=IDLE mWaitingApns={null} mApnSetting={null} mReason=radioTurnedOff mDataEnabled=false mDependencyMet=true} dcac=null
02-20 19:26:18.836  1932  1932 D DCT     : [0]stopNetStatPoll
02-20 19:26:18.836  1932  1932 D DCT     : [0]cleanUpConnection: mDisconnectPendingCount = 0
02-20 19:26:18.836  1932  1932 D DCT     : [0]isDataAllowed: No - Not attached - SIM not loaded
02-20 19:26:18.891  1932  1932 D DCT     : [0]onDataConnectionDetached: stop polling and notify detached
02-20 19:26:18.891  1932  1932 D DCT     : [0]stopNetStatPoll
02-20 19:26:18.891  1932  1932 D DCT     : [0]notifyDataConnection: reason=dataDetached
02-20 19:26:18.892  1932  1932 D DCT     : [0]isDataAllowed: No - Not attached - SIM not loaded
02-20 19:26:18.973  1932  1932 D DCT     : [0]onRoamingOff
02-20 19:26:18.973  1932  1932 D DCT     : [0]isDataAllowed: No - Not attached - SIM not loaded
02-20 19:26:18.989  1932  1932 D DCT     : [0]setupDataOnConnectableApns: roamingOff hipri:[state=IDLE,enabled=false] mms:[state=IDLE,enabled=false] supl:[state=IDLE,enabled=false] ia:[state=IDLE,enabled=false] fota:[state=IDLE,enabled=false] ims:[state=IDLE,enabled=false] cbs:[state=IDLE,enabled=false] default:[state=IDLE,enabled=false] emergency:[state=IDLE,enabled=false] 
02-20 19:26:18.989  1932  1932 D DCT     : [0]setupDataOnConnectableApns: nwTypeChanged hipri:[state=IDLE,enabled=false] mms:[state=IDLE,enabled=false] supl:[state=IDLE,enabled=false] ia:[state=IDLE,enabled=false] fota:[state=IDLE,enabled=false] ims:[state=IDLE,enabled=false] cbs:[state=IDLE,enabled=false] default:[state=IDLE,enabled=false] emergency:[state=IDLE,enabled=false] 
02-20 19:26:18.989  1932  1932 D PhoneSwitcherNetworkRequstListener: got request NetworkRequest [ REQUEST id=1, [ Capabilities: INTERNET&NOT_RESTRICTED&TRUSTED&NOT_VPN] ] with score 0
02-20 19:26:18.989  1932  1932 D TelephonyNetworkFactory[0]: onSubIdChange -1->-2
02-20 19:26:18.989  1932  1932 D TelephonyNetworkFactory[0]: got request NetworkRequest [ REQUEST id=1, [ Capabilities: INTERNET&NOT_RESTRICTED&TRUSTED&NOT_VPN] ] with score 0
02-20 19:26:18.993  1932  1932 D DebugService: DebugService DebugService:
02-20 19:26:18.993  1932  1932 D TelephonyDebugService: TelephonyDebugService()
02-20 19:26:18.994  1932  1932 D DCT     : [0]NETWORK_STATE_CHANGED_ACTION: mIsWifiConnected=false
02-20 19:26:18.994  1932  1932 D DCT     : [0]Wifi state changed
02-20 19:26:18.994  1932  1932 D DCT     : [0]WIFI_STATE_CHANGED_ACTION: enabled=true mIsWifiConnected=false
02-20 19:26:18.994  1932  1932 D SubscriptionInfoUpdater: [Receiver]+
02-20 19:26:18.994  1932  1932 D SubscriptionInfoUpdater: Action: android.intent.action.SIM_STATE_CHANGED
02-20 19:26:18.994  1932  1932 D SubscriptionInfoUpdater: slotId: 0
02-20 19:26:18.994  1932  1932 D SubscriptionInfoUpdater: simStatus: NOT_READY
02-20 19:26:18.994  1932  1932 D SubscriptionInfoUpdater: Ignoring simStatus: NOT_READY
02-20 19:26:18.994  1932  1932 D SubscriptionInfoUpdater: [Receiver]-
02-20 19:26:18.994  1932  1932 D CarrierConfigLoader: mHandler: 12 phoneId: 0
02-20 19:26:18.995  1932  1932 D RILJ    : [3671]> RIL_REQUEST_QUERY_TTY_MODE [SUB0]
02-20 19:26:18.995  1932  1932 D UiccController: Received EVENT_GET_ICC_STATUS_DONE
02-20 19:26:18.996  1932  1932 D UiccCard: 2 applications
02-20 19:26:18.996  1932  1932 D UiccCardApplication: Creating UiccApp: {APPTYPE_SIM,APPSTATE_DETECTED}
02-20 19:26:18.996  1376  1458 D RIL     : onRequest: QUERY_TTY_MODE
02-20 19:26:18.996  1376  1458 D RIL     : Request not supported. Tech: 1
02-20 19:26:18.997  1932  2011 D RilRequest: [3671]< RIL_REQUEST_QUERY_TTY_MODE error: com.android.internal.telephony.CommandException: REQUEST_NOT_SUPPORTED ret=
02-20 19:26:18.998  1932  1932 W VoiceMailConstants: Can't open /system/etc/voicemail-conf.xml
02-20 19:26:18.999  1932  1932 D SpnOverride: No SPN in OEM image = /oem/telephony/spn-conf.xml Load SPN from system image
02-20 19:26:18.999  1932  1932 W SpnOverride: Can not open /system/etc/spn-conf.xml
02-20 19:26:18.999  1932  1932 D SIMRecords: [SIMRecords] setting0 mMncLength-1
02-20 19:26:18.999  1932  1932 D SIMRecords: [SIMRecords] SIMRecords: onRadioOffOrNotAvailable set 'gsm.sim.operator.numeric' to operator=null
02-20 19:26:18.999  1932  1932 D SIMRecords: [SIMRecords] update icc_operator_numeric=null
02-20 19:26:18.999  1932  1932 D TelephonyManager: setTelephonyProperty: success phoneId=0 property=gsm.sim.operator.numeric value:  propVal=
02-20 19:26:19.000  1932  1932 D TelephonyManager: setTelephonyProperty: success phoneId=0 property=gsm.sim.operator.alpha value:  propVal=
02-20 19:26:19.000  1932  1932 D TelephonyManager: setTelephonyProperty: success phoneId=0 property=gsm.sim.operator.iso-country value:  propVal=
02-20 19:26:19.001  1932  1932 D SIMRecords: [SIMRecords] getOperatorNumeric: IMSI == null
02-20 19:26:19.001  1932  1932 D SIMRecords: [SIMRecords] SIMRecords X ctor this=SimRecords: mDestroyed=false mContext=com.android.phone.PhoneGlobals@10cad04 mCi=com.android.internal.telephony.RIL@43dc436 mFh=Handler (com.android.internal.telephony.uicc.SIMFileHandler) {43512ed} mParentApp=com.android.internal.telephony.uicc.UiccCardApplication@6ab7522 recordsLoadedRegistrants=android.os.RegistrantList@efd6bb3 mImsiReadyRegistrants=android.os.RegistrantList@8299570 mRecordsEventsRegistrants=android.os.RegistrantList@9dcf0e9 mNewSmsRegistrants=android.os.RegistrantList@1afc16e mNetworkSelectionModeAutomaticRegistrants=android.os.RegistrantList@dd9100f recordsToLoad=0 adnCache=Handler (com.android.internal.telephony.uicc.AdnRecordCache) {2ea989c} recordsRequested=false iccid=null msisdnTag=null voiceMailNum=null voiceMailTag=null voiceMailNum=null newVoiceMailTag=null isVoiceMailFixed=false mImsi=null mncLength=-1 mailboxIndex=0 spn=null mVmConfigcom.android.internal.telephony.uicc.VoiceMailConstants@d0ab2a5 mSpnOverride=mSpnOverride callForwardingEnabled=0 spnState=null mCphsInfo=null mCspPlmnEnabled=true efMWIS=null efCPHS_MWI=null mEfCff=null mEfCfis=null getOperatorNumeric=null
02-20 19:26:19.002  1932  1932 D UiccCardApplication: Creating UiccApp: {APPTYPE_RUIM,APPSTATE_DETECTED}
02-20 19:26:19.002  1932  1932 D RuimRecords: [RuimRecords] setting0 mMncLength-1
02-20 19:26:19.002  1932  1932 D RuimRecords: [RuimRecords] RuimRecords X ctor this=RuimRecords: mDestroyed=false mContext=com.android.phone.PhoneGlobals@10cad04 mCi=com.android.internal.telephony.RIL@43dc436 mFh=Handler (com.android.internal.telephony.uicc.RuimFileHandler) {3209e2b} mParentApp=com.android.internal.telephony.uicc.UiccCardApplication@556a288 recordsLoadedRegistrants=android.os.RegistrantList@898d421 mImsiReadyRegistrants=android.os.RegistrantList@c3a9046 mRecordsEventsRegistrants=android.os.RegistrantList@908f207 mNewSmsRegistrants=android.os.RegistrantList@af75f34 mNetworkSelectionModeAutomaticRegistrants=android.os.RegistrantList@8d915d recordsToLoad=0 adnCache=Handler (com.android.internal.telephony.uicc.AdnRecordCache) {97f6ad2} recordsRequested=false iccid=null msisdnTag=null voiceMailNum=null voiceMailTag=null voiceMailNum=null newVoiceMailTag=null isVoiceMailFixed=false mImsi=null mncLength=-1 mailboxIndex=0 spn=null m_ota_commitedfalse mMyMobileNumber=xxxx mMin2Min1=null mPrlVersion=null mEFpl=null mEFli=null mCsimSpnDisplayCondition=false mMdn=null mMin=null mHomeSystemId=null mHomeNetworkId=null
02-20 19:26:19.082  1932  1932 D CAT     : CatService: registerForRecordsLoaded slotid=0 instance:Handler (com.android.internal.telephony.cat.CatService) {b241aff}
02-20 19:26:19.085  1932  1932 D CAT     : CatService: Running CAT service on Slotid: 0. STK app installed:false
02-20 19:26:19.085  1932  1932 D UiccCard: Before privilege rules: null : CARDSTATE_PRESENT
02-20 19:26:19.085  1932  1932 D RILJ    : [3672]> RIL_REQUEST_SIM_OPEN_CHANNEL [SUB0]
02-20 19:26:19.086  1932  1932 E UiccCard: App index 8 is invalid since there are no applications
02-20 19:26:19.086  1932  1932 D UiccCard: update: radioState=RADIO_ON mLastRadioState=RADIO_UNAVAILABLE
02-20 19:26:19.086  1932  1932 D UiccController: Notifying IccChangedRegistrants
02-20 19:26:19.086  1376  1458 D RIL     : onRequest: SIM_OPEN_CHANNEL
02-20 19:26:19.086  1376  1458 D AT      : AT> AT+CCHO=A00000015141434C00
02-20 19:26:19.104  1376  1460 D AT      : AT< 1
02-20 19:26:19.104  1376  1460 D AT      : AT< OK
02-20 19:26:19.104  1932  2011 D RILJ    : [3672]< RIL_REQUEST_SIM_OPEN_CHANNEL  [SUB0]
02-20 19:26:19.107  1932  1932 D GsmCdmaPhone: get phone radio capability fail, no need to change mRadioCapability
02-20 19:26:19.107  1932  1932 D GsmCdmaPhone: EVENT_GET_RADIO_CAPABILITY: phone rc: null
02-20 19:26:19.109  1932  1932 D Phone   : config LCE service failed: com.android.internal.telephony.CommandException: RADIO_NOT_AVAILABLE
02-20 19:26:19.109  1932  1932 D SST     : mDeviceShuttingDown=false, mDesiredPowerState=true, getRadioState=RADIO_ON, mPowerOffDelayNeed=true, mAlarmSwitch=false, mRadioDisabledByCarrier=false
02-20 19:26:19.109  1932  1932 D RILJ    : [3673]> OPERATOR [SUB0]
02-20 19:26:19.110  1932  1932 D RILJ    : [3674]> DATA_REGISTRATION_STATE [SUB0]
02-20 19:26:19.110  1932  1932 D RILJ    : [3675]> VOICE_REGISTRATION_STATE [SUB0]
02-20 19:26:19.110  1932  1932 D RILJ    : [3676]> QUERY_NETWORK_SELECTION_MODE [SUB0]
02-20 19:26:19.111  1932  1932 D RILJ    : [3677]> GET_CURRENT_CALLS [SUB0]
02-20 19:26:19.111  1932  1932 D RILJ    : [3678]> RIL_REQUEST_IMS_REGISTRATION_STATE [SUB0]
02-20 19:26:19.111  1376  1458 D RIL     : onRequest: OPERATOR
02-20 19:26:19.111  1376  1458 D AT      : AT> AT+COPS=3,0;+COPS?;+COPS=3,1;+COPS?;+COPS=3,2;+COPS?
02-20 19:26:19.111  1932  1932 D RILJ    : [3679]> RIL_REQUEST_CDMA_GET_SUBSCRIPTION_SOURCE [SUB0]
02-20 19:26:19.118  1376  1460 D AT      : AT< +COPS: 0,0,"Android"
02-20 19:26:19.118  1376  1460 D AT      : AT< +COPS: 0,1,"Android"
02-20 19:26:19.118  1376  1460 D AT      : AT< +COPS: 0,2,"310260"
02-20 19:26:19.118  1376  1460 D AT      : AT< OK
02-20 19:26:19.118  1376  1458 D RIL     : onRequest: DATA_REGISTRATION_STATE
02-20 19:26:19.118  1376  1458 D RIL     : requestRegistrationState
02-20 19:26:19.118  1376  1458 D AT      : AT> AT+CGREG?
02-20 19:26:19.119  1932  2011 D RILJ    : [3673]< OPERATOR {Android, Android, 310260} [SUB0]
02-20 19:26:19.119  1376  1460 D AT      : AT< +CGREG: 1,1,"0003","005b","000e"
02-20 19:26:19.119  1376  1460 D AT      : AT< OK
02-20 19:26:19.119  1932  1932 D GsmCdmaPhone: [GsmCdmaPhone] Event EVENT_RADIO_ON Received
02-20 19:26:19.119  1376  1458 D RIL     : parseRegistrationState. Parsing: +CGREG: 1,1,"0003","005b","000e"
02-20 19:26:19.119  1376  1458 D RIL     : registration state type: 3GPP
02-20 19:26:19.119  1932  1932 D RILJ    : [3680]> RIL_REQUEST_VOICE_RADIO_TECH [SUB0]
02-20 19:26:19.119  1376  1458 D RIL     : onRequest: VOICE_REGISTRATION_STATE
02-20 19:26:19.119  1376  1458 D RIL     : requestRegistrationState
02-20 19:26:19.119  1376  1458 D AT      : AT> AT+CREG?
02-20 19:26:19.119  1932  2011 D RILJ    : [3674]< DATA_REGISTRATION_STATE {1, 3, 5b, 14, null, null} [SUB0]
02-20 19:26:19.119  1376  1460 D AT      : AT< +CREG: 2,1, "0003", "005b"
02-20 19:26:19.119  1376  1460 D AT      : AT< OK
02-20 19:26:19.119  1376  1458 D RIL     : parseRegistrationState. Parsing: +CREG: 2,1, "0003", "005b"
02-20 19:26:19.119  1376  1458 D RIL     : registration state type: 3GPP
02-20 19:26:19.119  1376  1458 D RIL     : onRequest: QUERY_NETWORK_SELECTION_MODE
02-20 19:26:19.119  1376  1458 D AT      : AT> AT+COPS?
02-20 19:26:19.120  1376  1460 D AT      : AT< +COPS: 0,2,310260
02-20 19:26:19.120  1376  1460 D AT      : AT< OK
02-20 19:26:19.120  1376  1458 D RIL     : onRequest: GET_CURRENT_CALLS
02-20 19:26:19.120  1376  1458 D AT      : AT> AT+CLCC
02-20 19:26:19.121  1932  2011 D RILJ    : [3675]< VOICE_REGISTRATION_STATE {1, 3, 5b, 0, null, null, null, null, null, null, null, null, null, null, null} [SUB0]
02-20 19:26:19.121  1932  2011 D RILJ    : [3676]< QUERY_NETWORK_SELECTION_MODE {0} [SUB0]
02-20 19:26:19.121  1376  1460 D AT      : AT< OK
02-20 19:26:19.122  1932  1932 D UiccController: Received EVENT_ICC_STATUS_CHANGED, calling getIccCardStatus
02-20 19:26:19.124  1932  1932 D RILJ    : [3681]> GET_SIM_STATUS [SUB0]
02-20 19:26:19.124  1376  1458 D RIL     : onRequest: IMS_REGISTRATION_STATE
02-20 19:26:19.124  1376  1458 D RIL     : IMS_REGISTRATION=0, format=1 
02-20 19:26:19.125  1376  1458 D RIL     : onRequest: CDMA_GET_SUBSCRIPTION_SOURCE
02-20 19:26:19.125  1376  1458 D RIL     : Request not supported. Tech: 1
02-20 19:26:19.126  1376  1458 D RIL     : onRequest: VOICE_RADIO_TECH
02-20 19:26:19.126  1932  2011 D RILJ    : [3677]< GET_CURRENT_CALLS {} [SUB0]
02-20 19:26:19.126  1932  2011 D RILJ    : [3678]< RIL_REQUEST_IMS_REGISTRATION_STATE {0, 1} [SUB0]
02-20 19:26:19.126  1932  2011 D RilRequest: [3679]< RIL_REQUEST_CDMA_GET_SUBSCRIPTION_SOURCE error: com.android.internal.telephony.CommandException: REQUEST_NOT_SUPPORTED ret=
02-20 19:26:19.126  1932  2011 D RILJ    : [3680]< RIL_REQUEST_VOICE_RADIO_TECH {11} [SUB0]
02-20 19:26:19.126  1932  1932 D SST     : EVENT_POLL_STATE_NETWORK_SELECTION_MODE
02-20 19:26:19.126  1932  1932 D SST     : EVENT_POLL_STATE_NETWORK_SELECTION_MODE
02-20 19:26:19.135  1376  1458 D RIL     : onRequest: GET_SIM_STATUS
02-20 19:26:19.135  1376  1458 D RIL     : getSIMStatus(). sState: 10
02-20 19:26:19.135  1376  1458 D AT      : AT> AT+CPIN?
02-20 19:26:19.136  1376  1460 D AT      : AT< +CPIN: READY
02-20 19:26:19.136  1376  1460 D AT      : AT< OK
02-20 19:26:19.136  1932  2011 D RILJ    : [3681]< GET_SIM_STATUS IccCardState {CARDSTATE_PRESENT,PINSTATE_UNKNOWN,num_apps=2,gsm_id=0{APPTYPE_SIM,APPSTATE_READY},cdma_id=1{APPTYPE_RUIM,APPSTATE_READY},ims_id=8} [SUB0]
02-20 19:26:19.137  1932  1932 D PhoneSwitcher: evaluating due to netRequest default 0->1 phone[0] 0->-2
02-20 19:26:19.137  1932  1932 D TelephonyNetworkFactory[0]: not acting - isApp=false, isAct=false NetworkRequest [ REQUEST id=1, [ Capabilities: INTERNET&NOT_RESTRICTED&TRUSTED&NOT_VPN] ]
02-20 19:26:19.137  1932  1932 D CAT     : CatService: handleMessage[8]
02-20 19:26:19.137  1932  1932 D CAT     : CatService: MSG_ID_ICC_CHANGED
02-20 19:26:19.138  1932  1932 D CAT     : CatService: New Card State = CARDSTATE_PRESENT Old Card State = CARDSTATE_ABSENT
02-20 19:26:19.138  1932  1932 D RILJ    : [3682]> RIL_REQUEST_REPORT_STK_SERVICE_IS_RUNNING [SUB0]
02-20 19:26:19.138  1932  1932 D GsmCdmaPhone: [GsmCdmaPhone] New Uicc application found. type = APPTYPE_SIM
02-20 19:26:19.138  1932  1932 D GsmSMSDispatcher: GsmSMSDispatcher: subId = -2 slotId = 0
02-20 19:26:19.138  1932  1932 D GsmSMSDispatcher: New Uicc application found
02-20 19:26:19.138  1932  1932 D IccCardProxy: Icc changed. Reregestering.
02-20 19:26:19.139  1932  1932 D SST     : New card found
02-20 19:26:19.139  1932  1932 D CAT     : CatService: handleMessage[8]
02-20 19:26:19.139  1932  1932 D CAT     : CatService: MSG_ID_ICC_CHANGED
02-20 19:26:19.139  1932  1932 D CAT     : CatService: New Card State = CARDSTATE_PRESENT Old Card State = CARDSTATE_PRESENT
02-20 19:26:19.139  1932  1932 E SST     : error parsing GprsRegistrationState: java.lang.NumberFormatException: null
02-20 19:26:19.139  1932  1932 D SST     : handlPollStateResultMessage: GsmSST setDataRegState=0 regState=1 dataRadioTechnology=14
02-20 19:26:19.139  1932  1932 D SST     : EVENT_POLL_STATE_NETWORK_SELECTION_MODE
02-20 19:26:19.139  1376  1458 D RIL     : onRequest: REPORT_STK_SERVICE_IS_RUNNING
02-20 19:26:19.139  1376  1458 D RIL     : Request not supported. Tech: 1
02-20 19:26:19.142  1781  1781 I OpaLayout: Setting opa enabled to false
02-20 19:26:19.146  1781  1781 I OpaLayout: Setting opa enabled to false
02-20 19:26:19.147  1932  1932 D SST     : Poll ServiceState done:  oldSS=[1 1 voice home data home null null null null null null  Unknown Unknown CSS not supported 0 0 RoamInd=0 DefRoamInd=0 EmergOnly=false IsDataRoamingFromRegistration=false IsUsingCarrierAggregation=false] newSS=[0 0 voice home data home Android Android 310260 Android Android 310260  Unknown LTE CSS not supported -1 -1 RoamInd=-1 DefRoamInd=-1 EmergOnly=false IsDataRoamingFromRegistration=false IsUsingCarrierAggregation=false] oldMaxDataCalls=1 mNewMaxDataCalls=1 oldReasonDataDenied=-1 mNewReasonDataDenied=-1
02-20 19:26:19.148  1932  1932 I gsm_service_state_change: [1,1,0,0]
02-20 19:26:19.148  1932  1932 D TelephonyManager: setTelephonyProperty: success phoneId=0 property=gsm.network.type value: LTE propVal=LTE
02-20 19:26:19.148  1932  2011 D RilRequest: [3682]< RIL_REQUEST_REPORT_STK_SERVICE_IS_RUNNING error: com.android.internal.telephony.CommandException: REQUEST_NOT_SUPPORTED ret=
02-20 19:26:19.149  1932  1932 D SST     : pollStateDone: registering current mNitzUpdatedTime=true changing to false
02-20 19:26:19.149  1932  1932 D SIMRecords: [SIMRecords] getServiceProviderName: no brandOverride, providerName=null
02-20 19:26:19.149  1932  1932 D SIMRecords: [SIMRecords] getServiceProviderName: no brandOverride, providerName=null
02-20 19:26:19.149  1932  1932 D SST     : updateSpnDisplay: changed sending intent rule=2 showPlmn='true' plmn='Android' showSpn='false' spn='null' dataSpn='null' subId='-2'
02-20 19:26:19.150  1932  1932 D SubscriptionController: [setPlmnSpn] No valid subscription to store info
02-20 19:26:19.150  1932  1932 D SubscriptionController: notifySubscriptionInfoChanged:
02-20 19:26:19.150  1683  1791 D TelephonyRegistry: notifySubscriptionInfoChanged: first invocation mRecords.size=16
02-20 19:26:19.151  1683  1683 I GnssLocationProvider: WakeLock acquired by sendMessage(12, 0, null)
02-20 19:26:19.151  1932  1932 D TelephonyManager: setTelephonyProperty: success phoneId=0 property=gsm.operator.alpha value: Android propVal=Android
02-20 19:26:19.152  1932  1932 D TelephonyManager: setTelephonyProperty: success phoneId=0 property=gsm.operator.numeric value: 310260 propVal=310260
02-20 19:26:19.153  1932  1947 D SubscriptionController: [getActiveSubInfoList] Sub Controller not ready
02-20 19:26:19.153  1932  1932 D SST     : update mccmnc=310260 fromServiceState=true
02-20 19:26:19.159  1932  1932 D MccTable: updateMccMncConfiguration mccmnc='310260' fromServiceState=true
02-20 19:26:19.161  1932  1932 D SubscriptionController: [getPhoneId]- no sims, returning default phoneId=2147483647
02-20 19:26:19.161  1932  1932 D MccTable: updateMccMncConfiguration defaultMccMnc=
02-20 19:26:19.161  1932  1932 D MccTable: updateMccMncConfiguration: mcc=310, mnc=260
02-20 19:26:19.161  1932  1932 D MccTable: WIFI_COUNTRY_CODE set to us
02-20 19:26:19.162  1683  1799 I WifiService: WifiService trying to set country code to us with persist set to false
