02-20 19:26:19.543  1683  1683 I GnssLocationProvider: WakeLock acquired by sendMessage(12, 0, null)
02-20 19:26:19.543  1932  1932 D SIMRecords: [SIMRecords] onAllRecordsLoaded set mcc imsi
02-20 19:26:19.543  1932  1932 D TelephonyManager: setTelephonyProperty: success phoneId=0 property=gsm.sim.operator.iso-country value: us propVal=us
02-20 19:26:19.544  1932  1949 D SubscriptionController: [getActiveSubInfoList] Sub Controller not ready
02-20 19:26:19.544  1932  1932 D SST     : SubscriptionListener.onSubscriptionInfoChanged
02-20 19:26:19.545  1932  1932 D SIMRecords: [SIMRecords]  VoiceMessageCount from SIM MWIS = 0
02-20 19:26:19.545  1932  1932 E Phone   : getStoredVoiceMessageCount: invalid subId -2
02-20 19:26:19.545  1932  1932 D GsmCdmaPhone: [GsmCdmaPhone] updateVoiceMail countVoiceMessages = 0 subId -2
02-20 19:26:19.545  1932  1932 E Phone   : setVoiceMessageCount in sharedPreference: invalid subId -2
02-20 19:26:19.545  1932  1932 D DCT     : [0]SubscriptionListener.onSubscriptionInfoChanged
02-20 19:26:19.545  1374  2092 E WVMExtractor: Failed to open libwvm.so: dlopen failed: library "libwvm.so" not found
02-20 19:26:19.545  1932  1932 D SubscriptionController: [getActiveSubInfoList] Sub Controller not ready
02-20 19:26:19.560  1932  1932 D SubscriptionController: [getActiveSubInfoList] Sub Controller not ready
02-20 19:26:19.562  1932  1947 D SubscriptionController: [getActiveSubInfoList] Sub Controller not ready
02-20 19:26:19.562  1932  1932 I Telephony: PstnIncomingCallNotifier: Unregistering: Handler (com.android.internal.telephony.GsmCdmaPhone) {9a107d}
02-20 19:26:19.562  1932  1932 E PhoneInterfaceManager: [PhoneIntfMgr] getIccId: No UICC
02-20 19:26:19.563  1932  1949 D SubscriptionController: [getActiveSubInfoList] Sub Controller not ready
02-20 19:26:19.581  1374  2091 D NuPlayerDriver: notifyListener_l(0xe9b28f60), (1, 0, 0), loop setting(0, 0)
02-20 19:26:19.609  1683  1694 I Telecom : PhoneAccountRegistrar: [ComponentInfo{com.android.phone/com.android.services.telephony.TelephonyConnectionService}, [e0184adedf913b076626646d3f52c3b49c39ad6d], UserHandle{0}(addr: tel:*********** -> tel:)(icon: Icon(typ=BITMAP size=76x96) -> Icon(typ=BITMAP size=76x96))(subAddr: tel:*********** -> tel:)]: TSI.rPA@AAg
02-20 19:26:19.611  1946  1946 I am_on_resume_called: [0,com.android.settings.FallbackHome,handleRelaunchActivity]
02-20 19:26:19.614  1683  1694 I Telecom : : Sending phone-account registered intent as user: TSI.rPA@AAg
02-20 19:26:19.616  1932  1932 I Telephony: AccountEntry: Registered phoneAccount: [[ ] PhoneAccount: ComponentInfo{com.android.phone/com.android.services.telephony.TelephonyConnectionService}, [e0184adedf913b076626646d3f52c3b49c39ad6d], UserHandle{0} Capabilities: CallProvider MultiUser PlaceEmerg SimSub  Schemes: tel voicemail  Extras: null GroupId: [da39a3ee5e6b4b0d3255bfef95601890afd80709]] with handle: ComponentInfo{com.android.phone/com.android.services.telephony.TelephonyConnectionService}, [e0184adedf913b076626646d3f52c3b49c39ad6d], UserHandle{0}
02-20 19:26:19.616  1932  1932 I Telephony: PstnIncomingCallNotifier: Registering: Handler (com.android.internal.telephony.GsmCdmaPhone) {9a107d}
02-20 19:26:19.617  1932  1932 D CAT     : CatService: handleMessage[20]
02-20 19:26:19.618  1932  1932 D GsmCdmaPhone: [GsmCdmaPhone] updateCurrentCarrierInProvider: mSubId = -2 currentDds = 1 operatorNumeric = 310260
02-20 19:26:19.620  1932  1932 D IccCardProxy: operator=310260 mPhoneId=0
02-20 19:26:19.620  1932  1932 D TelephonyManager: setTelephonyProperty: success phoneId=0 property=gsm.sim.operator.numeric value: 310260 propVal=310260
02-20 19:26:19.620  1932  1932 D TelephonyManager: setTelephonyProperty: success phoneId=0 property=gsm.sim.operator.iso-country value: us propVal=us
02-20 19:26:19.620  1932  1932 D IccCardProxy: Sending intent ACTION_INTERNAL_SIM_STATE_CHANGED for mPhoneId : 0
02-20 19:26:19.621  1932  1932 D SST     : EVENT_SIM_RECORDS_LOADED: what=16
02-20 19:26:19.621  1932  1932 D GsmCdmaPhone: [GsmCdmaPhone] updatePhoneObject: radioTechnology=0
02-20 19:26:19.621  1932  1932 D SST     : getOtasp: otasp not needed for GSM
02-20 19:26:19.621  1932  1932 D SST     : updateOtaspState: call notifyOtaspChanged old otaspMode=0 new otaspMode=3
02-20 19:26:19.621  1932  1932 D SIMRecords: [SIMRecords] getServiceProviderName: no brandOverride, providerName=Android
02-20 19:26:19.621  1932  1932 D SIMRecords: [SIMRecords] getServiceProviderName: no brandOverride, providerName=Android
02-20 19:26:19.622  1932  1932 D SST     : updateSpnDisplay: changed sending intent rule=1 showPlmn='false' plmn='Android' showSpn='true' spn='Android' dataSpn='Android' subId='-2'
02-20 19:26:19.623  1932  1932 D SubscriptionController: [setPlmnSpn] No valid subscription to store info
02-20 19:26:19.623  1932  1932 D SubscriptionController: notifySubscriptionInfoChanged:
02-20 19:26:19.624  1683  1683 I GnssLocationProvider: WakeLock acquired by sendMessage(12, 0, null)
02-20 19:26:19.625  1932  1947 D SubscriptionController: [getActiveSubInfoList] Sub Controller not ready
02-20 19:26:19.625  1932  1932 E PhoneInterfaceManager: [PhoneIntfMgr] getIccId: No UICC
02-20 19:26:19.626  1374  2094 D NuPlayerDriver: notifyListener_l(0xe9b29020), (1, 0, 0), loop setting(0, 0)
02-20 19:26:19.629  1932  1949 D SubscriptionController: [getActiveSubInfoList] Sub Controller not ready
02-20 19:26:19.630  1683  1973 I Telecom : PhoneAccountRegistrar: [ComponentInfo{com.android.phone/com.android.services.telephony.TelephonyConnectionService}, [e0184adedf913b076626646d3f52c3b49c39ad6d], UserHandle{0}(icon: Icon(typ=BITMAP size=76x96) -> Icon(typ=BITMAP size=76x96))]: TSI.rPA@AAs
02-20 19:26:19.632  1683  1973 I Telecom : : Sending phone-account registered intent as user: TSI.rPA@AAs
02-20 19:26:19.632  1932  1932 D GsmCdmaPhone: [GsmCdmaPhone] phoneObjectUpdater: newVoiceRadioTech=0
02-20 19:26:19.633  1932  1932 D GsmCdmaPhone: [GsmCdmaPhone] phoneObjectUpdater: volteReplacementRat=0
02-20 19:26:19.633  1932  1932 E GsmCdmaPhone: [GsmCdmaPhone] phoneObjectUpdater: newVoiceRadioTech=0 doesn't match either CDMA or GSM - error! No phone change
02-20 19:26:19.633  1932  1932 D SubscriptionInfoUpdater: [Receiver]+
02-20 19:26:19.633  1932  1932 D SubscriptionInfoUpdater: Action: android.intent.action.internal_sim_state_changed
02-20 19:26:19.633  1932  1932 D SubscriptionInfoUpdater: slotId: 0
02-20 19:26:19.633  1932  1932 D SubscriptionInfoUpdater: simStatus: LOADED
02-20 19:26:19.633  1932  1932 D SubscriptionInfoUpdater: [Receiver]-
02-20 19:26:19.633  1932  1932 D SST     : SubscriptionListener.onSubscriptionInfoChanged
02-20 19:26:19.633  1932  1932 D DCT     : [0]SubscriptionListener.onSubscriptionInfoChanged
02-20 19:26:19.633  1932  1932 D SubscriptionController: [getActiveSubInfoList] Sub Controller not ready
02-20 19:26:19.634  1932  1932 D SubscriptionController: [getActiveSubInfoList] Sub Controller not ready
02-20 19:26:19.634  1932  1932 I Telephony: PstnIncomingCallNotifier: Unregistering: Handler (com.android.internal.telephony.GsmCdmaPhone) {9a107d}
02-20 19:26:19.635  1932  1932 E PhoneInterfaceManager: [PhoneIntfMgr] getIccId: No UICC
02-20 19:26:19.638  1683  1970 I Telecom : PhoneAccountRegistrar: [ComponentInfo{com.android.phone/com.android.services.telephony.TelephonyConnectionService}, [e0184adedf913b076626646d3f52c3b49c39ad6d], UserHandle{0}(icon: Icon(typ=BITMAP size=76x96) -> Icon(typ=BITMAP size=76x96))]: TSI.rPA@AAw
02-20 19:26:19.641  1374  2098 D NuPlayerDriver: notifyListener_l(0xe9b29080), (1, 0, 0), loop setting(0, 0)
02-20 19:26:19.643  1367  1367 I CameraFlashlight: Opening camera 0
02-20 19:26:19.643  1367  1367 V EmulatedCamera_Camera: getCameraInfo
02-20 19:26:19.643  1367  1367 V EmulatedCamera_BaseCamera: getCameraInfo
02-20 19:26:19.643  1367  1367 V EmulatedCamera_Camera: connectCamera
02-20 19:26:19.643  1367  1367 V EmulatedCamera_FakeDevice: connectDevice
02-20 19:26:19.643  1367  1367 V EmulatedCamera_CallbackNotifier: setCallbacks: 0xf5d17e80, 0xf5d17ed0, 0xf5d17ff0, 0xf5d18110 (0xf58c3320)
02-20 19:26:19.643  1367  1367 V EmulatedCamera_CallbackNotifier: enableMessage: msg_type = 0xc0d
02-20 19:26:19.643  1367  1367 V EmulatedCamera_CallbackNotifier:     CAMERA_MSG_ERROR
02-20 19:26:19.643  1367  1367 V EmulatedCamera_CallbackNotifier:     CAMERA_MSG_FOCUS
02-20 19:26:19.643  1367  1367 V EmulatedCamera_CallbackNotifier:     CAMERA_MSG_ZOOM
02-20 19:26:19.643  1367  1367 V EmulatedCamera_CallbackNotifier:     CAMERA_MSG_PREVIEW_METADATA
02-20 19:26:19.643  1367  1367 V EmulatedCamera_CallbackNotifier: **** Currently enabled messages:
02-20 19:26:19.643  1367  1367 V EmulatedCamera_CallbackNotifier:     CAMERA_MSG_ERROR
02-20 19:26:19.643  1367  1367 V EmulatedCamera_CallbackNotifier:     CAMERA_MSG_FOCUS
02-20 19:26:19.643  1367  1367 V EmulatedCamera_CallbackNotifier:     CAMERA_MSG_ZOOM
02-20 19:26:19.643  1367  1367 V EmulatedCamera_CallbackNotifier:     CAMERA_MSG_PREVIEW_METADATA
02-20 19:26:19.643  1367  1367 V EmulatedCamera_CallbackNotifier: disableMessage: msg_type = 0xffff
02-20 19:26:19.643  1367  1367 V EmulatedCamera_CallbackNotifier:     CAMERA_MSG_ERROR
02-20 19:26:19.643  1367  1367 V EmulatedCamera_CallbackNotifier:     CAMERA_MSG_SHUTTER
02-20 19:26:19.643  1367  1367 V EmulatedCamera_CallbackNotifier:     CAMERA_MSG_FOCUS
02-20 19:26:19.643  1367  1367 V EmulatedCamera_CallbackNotifier:     CAMERA_MSG_ZOOM
02-20 19:26:19.643  1367  1367 V EmulatedCamera_CallbackNotifier:     CAMERA_MSG_PREVIEW_FRAME
02-20 19:26:19.643  1367  1367 V EmulatedCamera_CallbackNotifier:     CAMERA_MSG_VIDEO_FRAME
02-20 19:26:19.643  1367  1367 V EmulatedCamera_CallbackNotifier:     CAMERA_MSG_POSTVIEW_FRAME
02-20 19:26:19.643  1367  1367 V EmulatedCamera_CallbackNotifier:     CAMERA_MSG_RAW_IMAGE
02-20 19:26:19.643  1367  1367 V EmulatedCamera_CallbackNotifier:     CAMERA_MSG_COMPRESSED_IMAGE
02-20 19:26:19.643  1367  1367 V EmulatedCamera_CallbackNotifier:     CAMERA_MSG_RAW_IMAGE_NOTIFY
02-20 19:26:19.643  1367  1367 V EmulatedCamera_CallbackNotifier:     CAMERA_MSG_PREVIEW_METADATA
02-20 19:26:19.643  1367  1367 V EmulatedCamera_CallbackNotifier: **** Currently enabled messages:
02-20 19:26:19.643  1367  1367 V EmulatedCamera_Preview: setPreviewWindow: current: 0x0 -> new: 0x0
02-20 19:26:19.643  1367  1367 V EmulatedCamera_Camera: doStopPreview
02-20 19:26:19.643  1367  1367 V EmulatedCamera_Camera: cancelPicture
02-20 19:26:19.643  1367  1367 V EmulatedCamera_Camera: releaseCamera
02-20 19:26:19.643  1367  1367 V EmulatedCamera_Camera: doStopPreview
02-20 19:26:19.643  1367  1367 V EmulatedCamera_FakeDevice: disconnectDevice
02-20 19:26:19.643  1367  1367 W EmulatedCamera_Device: Initialize: Emulated camera device is already initialized: mState = 1
02-20 19:26:19.643  1367  1367 D EmulatedCamera_FakeCamera: Initialize: Fake camera is facing back
02-20 19:26:19.643  1367  1367 V EmulatedCamera_Device: initializeWhiteBalanceModes with auto, 1.000000, 1.000000
02-20 19:26:19.643  1367  1367 V EmulatedCamera_Device: initializeWhiteBalanceModes with incandescent, 1.380000, 0.600000
02-20 19:26:19.643  1367  1367 V EmulatedCamera_Device: initializeWhiteBalanceModes with daylight, 1.090000, 0.920000
02-20 19:26:19.643  1367  1367 V EmulatedCamera_Device: initializeWhiteBalanceModes with twilight, 0.920000, 1.220000
02-20 19:26:19.643  1367  1367 V EmulatedCamera_Device: setWhiteBalanceMode with white balance auto
02-20 19:26:19.643  1367  1367 I CameraFlashlight: Destroying camera 0
02-20 19:26:19.643  1367  1367 V EmulatedCamera_Camera: closeCamera
02-20 19:26:19.643  1367  1367 V EmulatedCamera_Camera: doStopPreview
02-20 19:26:19.643  1367  1367 W EmulatedCamera_Device: Initialize: Emulated camera device is already initialized: mState = 1
02-20 19:26:19.643  1367  1367 D EmulatedCamera_FakeCamera: Initialize: Fake camera is facing back
02-20 19:26:19.643  1367  1367 V EmulatedCamera_Device: initializeWhiteBalanceModes with auto, 1.000000, 1.000000
02-20 19:26:19.643  1367  1367 V EmulatedCamera_Device: initializeWhiteBalanceModes with incandescent, 1.380000, 0.600000
02-20 19:26:19.643  1367  1367 V EmulatedCamera_Device: initializeWhiteBalanceModes with daylight, 1.090000, 0.920000
02-20 19:26:19.643  1367  1367 V EmulatedCamera_Device: initializeWhiteBalanceModes with twilight, 0.920000, 1.220000
02-20 19:26:19.643  1367  1367 V EmulatedCamera_Device: setWhiteBalanceMode with white balance auto
02-20 19:26:19.643  1367  1367 I CameraService: disconnect: Disconnected client for camera 0 for PID 1367
02-20 19:26:19.644  1374  1424 D NuPlayerDriver: reset(0xe9b28f60) at state 4
02-20 19:26:19.644  1374  1424 D NuPlayerDriver: notifyListener_l(0xe9b28f60), (8, 0, 0), loop setting(0, 0)
02-20 19:26:19.644  1374  2091 D NuPlayerDriver: notifyResetComplete(0xe9b28f60)
02-20 19:26:19.645  1374  1374 D NuPlayerDriver: reset(0xe9b29020) at state 4
02-20 19:26:19.645  1374  1374 D NuPlayerDriver: notifyListener_l(0xe9b29020), (8, 0, 0), loop setting(0, 0)
02-20 19:26:19.645  1374  2094 D NuPlayerDriver: notifyResetComplete(0xe9b29020)
02-20 19:26:19.645  1374  1374 D NuPlayerDriver: reset(0xe9b29080) at state 4
02-20 19:26:19.645  1374  1374 D NuPlayerDriver: notifyListener_l(0xe9b29080), (8, 0, 0), loop setting(0, 0)
02-20 19:26:19.646  1374  2098 D NuPlayerDriver: notifyResetComplete(0xe9b29080)
02-20 19:26:19.647  1367  1713 V EmulatedCamera_Camera: getCameraInfo
02-20 19:26:19.647  1367  1713 V EmulatedCamera_BaseCamera: getCameraInfo
02-20 19:26:19.648  1367  1367 V EmulatedCamera_Camera: getCameraInfo
02-20 19:26:19.648  1367  1367 V EmulatedCamera_BaseCamera: getCameraInfo
02-20 19:26:19.658  1683  1970 I Telecom : : Sending phone-account registered intent as user: TSI.rPA@AAw
02-20 19:26:19.659  1932  1932 I Telephony: AccountEntry: Registered phoneAccount: [[ ] PhoneAccount: ComponentInfo{com.android.phone/com.android.services.telephony.TelephonyConnectionService}, [e0184adedf913b076626646d3f52c3b49c39ad6d], UserHandle{0} Capabilities: CallProvider MultiUser PlaceEmerg SimSub  Schemes: tel voicemail  Extras: null GroupId: [da39a3ee5e6b4b0d3255bfef95601890afd80709]] with handle: ComponentInfo{com.android.phone/com.android.services.telephony.TelephonyConnectionService}, [e0184adedf913b076626646d3f52c3b49c39ad6d], UserHandle{0}
02-20 19:26:19.659  1932  1932 I Telephony: PstnIncomingCallNotifier: Registering: Handler (com.android.internal.telephony.GsmCdmaPhone) {9a107d}
02-20 19:26:19.661  1932  1932 D SubscriptionInfoUpdater: handleSimStateLoadedInternal: slotId: 0
02-20 19:26:19.661  1932  1932 D SubscriptionInfoUpdater: All IccIds query complete
02-20 19:26:19.661  1932  1932 D SubscriptionInfoUpdater: updateSubscriptionInfoByIccId:+ Start
02-20 19:26:19.661  1932  1932 D SubscriptionController: [clearSubInfo]- no simInfo size=0
02-20 19:26:19.661  1932  1932 D SubscriptionInfoUpdater: insertedSimCount = 1
02-20 19:26:19.661  1932  1932 D SubscriptionController: [getSubInfoUsingSlotIdWithCheck]+ slotId:0
02-20 19:26:19.664  1781  1781 I StatusBar: isKeyguardShowing() called before startKeyguard(), returning true
02-20 19:26:19.664  1932  1932 D SubscriptionController: [getPhoneId]- no sims, returning default phoneId=2147483647
02-20 19:26:19.664  1781  1781 W StatusBar: isKeyguardSecure() called before startKeyguard(), returning false
02-20 19:26:19.664  1781  1781 W StatusBar: java.lang.Throwable
02-20 19:26:19.664  1781  1781 W StatusBar: 	at com.android.systemui.statusbar.BaseStatusBar.isKeyguardSecure(BaseStatusBar.java:2647)
02-20 19:26:19.664  1781  1781 W StatusBar: 	at com.android.systemui.statusbar.BaseStatusBar.isCameraAllowedByAdmin(BaseStatusBar.java:2670)
02-20 19:26:19.664  1781  1781 W StatusBar: 	at com.android.systemui.statusbar.phone.KeyguardBottomAreaView.updateCameraVisibility(KeyguardBottomAreaView.java:309)
02-20 19:26:19.664  1781  1781 W StatusBar: 	at com.android.systemui.statusbar.phone.KeyguardBottomAreaView.setPhoneStatusBar(KeyguardBottomAreaView.java:272)
02-20 19:26:19.664  1781  1781 W StatusBar: 	at com.android.systemui.statusbar.phone.PhoneStatusBar.makeStatusBarView(PhoneStatusBar.java:904)
02-20 19:26:19.664  1781  1781 W StatusBar: 	at com.android.systemui.statusbar.phone.PhoneStatusBar.addStatusBarWindow(PhoneStatusBar.java:3432)
02-20 19:26:19.664  1781  1781 W StatusBar: 	at com.android.systemui.statusbar.phone.PhoneStatusBar.createAndAddWindows(PhoneStatusBar.java:3428)
02-20 19:26:19.664  1781  1781 W StatusBar: 	at com.android.systemui.statusbar.BaseStatusBar.start(BaseStatusBar.java:765)
02-20 19:26:19.664  1781  1781 W StatusBar: 	at com.android.systemui.statusbar.phone.PhoneStatusBar.start(PhoneStatusBar.java:686)
02-20 19:26:19.664  1781  1781 W StatusBar: 	at com.android.systemui.statusbar.SystemBars.createStatusBarFromConfig(SystemBars.java:106)
02-20 19:26:19.664  1781  1781 W StatusBar: 	at com.android.systemui.statusbar.SystemBars.onNoService(SystemBars.java:58)
02-20 19:26:19.664  1781  1781 W StatusBar: 	at com.android.systemui.statusbar.ServiceMonitor.startService(ServiceMonitor.java:230)
02-20 19:26:19.664  1781  1781 W StatusBar: 	at com.android.systemui.statusbar.ServiceMonitor.-wrap5(ServiceMonitor.java)
02-20 19:26:19.664  1781  1781 W StatusBar: 	at com.android.systemui.statusbar.ServiceMonitor$1.handleMessage(ServiceMonitor.java:73)
02-20 19:26:19.664  1781  1781 W StatusBar: 	at android.os.Handler.dispatchMessage(Handler.java:102)
02-20 19:26:19.664  1781  1781 W StatusBar: 	at android.os.Looper.loop(Looper.java:154)
02-20 19:26:19.664  1781  1781 W StatusBar: 	at android.app.ActivityThread.main(ActivityThread.java:6119)
02-20 19:26:19.664  1781  1781 W StatusBar: 	at java.lang.reflect.Method.invoke(Native Method)
02-20 19:26:19.664  1781  1781 W StatusBar: 	at com.android.internal.os.ZygoteInit$MethodAndArgsCaller.run(ZygoteInit.java:886)
02-20 19:26:19.664  1781  1781 W StatusBar: 	at com.android.internal.os.ZygoteInit.main(ZygoteInit.java:776)
02-20 19:26:19.665  1932  1932 D SubscriptionController: [getPhoneId]- no sims, returning default phoneId=2147483647
02-20 19:26:19.666  1932  1932 D SubscriptionController: [getPhoneId]- no sims, returning default phoneId=2147483647
02-20 19:26:19.666  1781  1781 I StatusBar: isKeyguardShowing() called before startKeyguard(), returning true
02-20 19:26:19.667  1781  1781 W StatusBar: isKeyguardSecure() called before startKeyguard(), returning false
02-20 19:26:19.667  1781  1781 W StatusBar: java.lang.Throwable
02-20 19:26:19.667  1781  1781 W StatusBar: 	at com.android.systemui.statusbar.BaseStatusBar.isKeyguardSecure(BaseStatusBar.java:2647)
02-20 19:26:19.667  1781  1781 W StatusBar: 	at com.android.systemui.statusbar.BaseStatusBar.isCameraAllowedByAdmin(BaseStatusBar.java:2670)
02-20 19:26:19.667  1781  1781 W StatusBar: 	at com.android.systemui.statusbar.phone.KeyguardBottomAreaView.updateCameraVisibility(KeyguardBottomAreaView.java:309)
02-20 19:26:19.667  1781  1781 W StatusBar: 	at com.android.systemui.statusbar.phone.KeyguardBottomAreaView.setUserSetupComplete(KeyguardBottomAreaView.java:281)
02-20 19:26:19.667  1781  1781 W StatusBar: 	at com.android.systemui.statusbar.phone.PhoneStatusBar.makeStatusBarView(PhoneStatusBar.java:905)
02-20 19:26:19.667  1781  1781 W StatusBar: 	at com.android.systemui.statusbar.phone.PhoneStatusBar.addStatusBarWindow(PhoneStatusBar.java:3432)
02-20 19:26:19.667  1781  1781 W StatusBar: 	at com.android.systemui.statusbar.phone.PhoneStatusBar.createAndAddWindows(PhoneStatusBar.java:3428)
02-20 19:26:19.667  1781  1781 W StatusBar: 	at com.android.systemui.statusbar.BaseStatusBar.start(BaseStatusBar.java:765)
02-20 19:26:19.667  1781  1781 W StatusBar: 	at com.android.systemui.statusbar.phone.PhoneStatusBar.start(PhoneStatusBar.java:686)
02-20 19:26:19.667  1781  1781 W StatusBar: 	at com.android.systemui.statusbar.SystemBars.createStatusBarFromConfig(SystemBars.java:106)
02-20 19:26:19.667  1781  1781 W StatusBar: 	at com.android.systemui.statusbar.SystemBars.onNoService(SystemBars.java:58)
02-20 19:26:19.667  1781  1781 W StatusBar: 	at com.android.systemui.statusbar.ServiceMonitor.startService(ServiceMonitor.java:230)
02-20 19:26:19.667  1781  1781 W StatusBar: 	at com.android.systemui.statusbar.ServiceMonitor.-wrap5(ServiceMonitor.java)
02-20 19:26:19.667  1781  1781 W StatusBar: 	at com.android.systemui.statusbar.ServiceMonitor$1.handleMessage(ServiceMonitor.java:73)
02-20 19:26:19.667  1781  1781 W StatusBar: 	at android.os.Handler.dispatchMessage(Handler.java:102)
02-20 19:26:19.667  1781  1781 W StatusBar: 	at android.os.Looper.loop(Looper.java:154)
02-20 19:26:19.667  1781  1781 W StatusBar: 	at android.app.ActivityThread.main(ActivityThread.java:6119)
02-20 19:26:19.667  1781  1781 W StatusBar: 	at java.lang.reflect.Method.invoke(Native Method)
02-20 19:26:19.667  1781  1781 W StatusBar: 	at com.android.internal.os.ZygoteInit$MethodAndArgsCaller.run(ZygoteInit.java:886)
02-20 19:26:19.667  1781  1781 W StatusBar: 	at com.android.internal.os.ZygoteInit.main(ZygoteInit.java:776)
02-20 19:26:19.667  1932  1932 D SubscriptionController: [getSubInfoUsingSlotId]- null info return
02-20 19:26:19.667  1932  1932 D SubscriptionInfoUpdater: updateSubscriptionInfoByIccId: oldSubId = 1
02-20 19:26:19.667  1932  1932 D SubscriptionInfoUpdater: updateSubscriptionInfoByIccId: oldIccId[0] = 89014103211118510720, sIccId[0] = 89014103211118510720
02-20 19:26:19.667  1932  1932 D SubscriptionController: [addSubInfoRecord]+ iccId:89014103211118510720 slotId:0
02-20 19:26:19.669  1932  1932 D SubscriptionController: [getActiveSubInfoList] Sub Controller not ready
02-20 19:26:19.669  1932  1932 D SubscriptionController: [addSubInfoRecord] Record already exists
02-20 19:26:19.671  1932  1932 D SubscriptionController: [addSubInfoRecord] sSlotIdxToSubId.size=1 slotId=0 subId=1 defaultSubId=1 simCount=1
02-20 19:26:19.671  1932  1932 D SubscriptionController: [setDefaultFallbackSubId] subId=1
02-20 19:26:19.671  1932  1932 D SubscriptionController: [setDefaultFallbackSubId] set mDefaultFallbackSubId=1
02-20 19:26:19.672  1932  1932 D MccTable: updateMccMncConfiguration mccmnc='310260' fromServiceState=false
02-20 19:26:19.672  1932  1932 D MccTable: updateMccMncConfiguration defaultMccMnc=310260
02-20 19:26:19.672  1932  1932 D MccTable: updateMccMncConfiguration: mcc=310, mnc=260
02-20 19:26:19.672  1932  1932 D MccTable: updateMccMncConfiguration updateConfig config={1.0 310mcc260mnc ?localeList ?layoutDir ?swdp ?wdp ?hdp ?density ?lsize ?long ?orien ?uimode ?night ?touch ?keyb/?/? ?nav/?}
02-20 19:26:19.672  1932  2093 D SubscriptionController: [getPhoneId] asked for default subId=1
02-20 19:26:19.677  1683  1698 I SyncManager: Got SyncJobService instance.
02-20 19:26:19.678  1683  1683 I FusedLocation: engine started (com.android.location.fused)
02-20 19:26:19.685  1683  1698 W GnssLocationProvider: Could not open GPS configuration file /etc/gps.conf
02-20 19:26:19.685  1683  1698 E GnssLocationProvider: no AGPS interface in set_agps_server
02-20 19:26:19.706  1932  1932 D SubscriptionController: [setDefaultFallbackSubId] broadcast default subId changed phoneId=0 subId=1
02-20 19:26:19.708  1932  1932 D SubscriptionController: [addSubInfoRecord] one sim set defaults to subId=1
02-20 19:26:19.708  1932  1932 D SubscriptionController: [setDefaultDataSubId] num phones=1, subId=1
02-20 19:26:19.708  1932  1932 D SubscriptionController: [setDefaultDataSubId] phoneId=0 subId=1 RAF=1
02-20 19:26:19.708  1932  1932 D ProxyController: setRadioCapability: Already in requested configuration, nothing to do.
02-20 19:26:19.708  1932  1932 D SubscriptionController: [updateAllDataConnectionTrackers] sPhones.length=1
02-20 19:26:19.708  1932  1932 D SubscriptionController: [updateAllDataConnectionTrackers] phoneId=0
02-20 19:26:19.709  1932  1932 D DCT     : [0]update sub = 1
02-20 19:26:19.709  1932  1932 D DCT     : [0]update(): Active DDS, register for all events now!
02-20 19:26:19.709  1932  1932 D DCT     : [0]New records found.
02-20 19:26:19.709  1932  1932 D SST     : mDeviceShuttingDown=false, mDesiredPowerState=true, getRadioState=RADIO_ON, mPowerOffDelayNeed=true, mAlarmSwitch=false, mRadioDisabledByCarrier=false
02-20 19:26:19.718  1932  1932 D GsmCdmaPhone: [GsmCdmaPhone] updateCurrentCarrierInProvider: mSubId = 1 currentDds = 1 operatorNumeric = 310260
02-20 19:26:19.721  1932  2093 D RILJ    : [3736]> RIL_REQUEST_GET_CELL_INFO_LIST [SUB0]
02-20 19:26:19.721  1376  1458 D RIL     : onRequest: GET_CELL_INFO_LIST
02-20 19:26:19.721  1376  1458 D RILC    : responseCellInfoList: v12
02-20 19:26:19.725  1932  2011 D RILJ    : [3736]< RIL_REQUEST_GET_CELL_INFO_LIST [CellInfoGsm:{mRegistered=YES mTimeStampType=modem mTimeStamp=18979861236ns CellIdentityGsm:{ mMcc=310 mMnc=260 mLac=3 mCid=91 mArfcn=10 mBsic=0x0} CellSignalStrengthGsm: ss=-948178504 ber=29804 mTa=-942666628}] [SUB0]
02-20 19:26:19.728  1683  1698 W GnssLocationProvider: Could not open GPS configuration file /etc/gps.conf
02-20 19:26:19.728  1683  1698 E GnssLocationProvider: no AGPS interface in set_agps_server
02-20 19:26:19.728  1683  1698 I GnssLocationProvider: WakeLock released by handleMessage(12, 0, null)
02-20 19:26:19.742  1683  1698 W GnssLocationProvider: Could not open GPS configuration file /etc/gps.conf
02-20 19:26:19.742  1683  1698 E GnssLocationProvider: no AGPS interface in set_agps_server
02-20 19:26:19.754  1367  1713 V EmulatedCamera_Camera: getCameraInfo
02-20 19:26:19.754  1367  1713 V EmulatedCamera_BaseCamera: getCameraInfo
02-20 19:26:19.755  1367  1367 V EmulatedCamera_Camera: getCameraInfo
02-20 19:26:19.755  1367  1367 V EmulatedCamera_BaseCamera: getCameraInfo
02-20 19:26:19.757  1932  1932 D SubscriptionController: [broadcastDefaultDataSubIdChanged] subId=1
02-20 19:26:19.758  1932  1932 D SubscriptionController: [setDefaultSmsSubId] subId=1
02-20 19:26:19.758  1932  1932 D SubscriptionController: [broadcastDefaultSmsSubIdChanged] subId=1
02-20 19:26:19.759  1932  1932 D SubscriptionController: [setDefaultVoiceSubId] subId=1
02-20 19:26:19.759  1932  1932 D SubscriptionController: [broadcastDefaultVoiceSubIdChanged] subId=1
02-20 19:26:19.760  1932  1932 D SubscriptionController: [addSubInfoRecord] hashmap(0,1)
02-20 19:26:19.767  1932  1932 D SubscriptionController: [addSubInfoRecord] sim name = Android
02-20 19:26:19.767  1932  1932 D DCT     : [0]update sub = 1
02-20 19:26:19.767  1932  1932 D DCT     : [0]update(): Active DDS, register for all events now!
02-20 19:26:19.767  1932  1932 D GsmCdmaPhone: [GsmCdmaPhone] updateCurrentCarrierInProvider: mSubId = 1 currentDds = 1 operatorNumeric = 310260
02-20 19:26:19.809  1932  1932 D SubscriptionController: [addSubInfoRecord]- info size=1
02-20 19:26:19.809  1932  1932 D SubscriptionInfoUpdater: newSim = false
02-20 19:26:19.809  1932  1932 D SubscriptionInfoUpdater: updateSubscriptionInfoByIccId: sInsertSimState[0] = 0
02-20 19:26:19.822  1683  1698 W GnssLocationProvider: Could not open GPS configuration file /etc/gps.conf
02-20 19:26:19.822  1683  1698 E GnssLocationProvider: no AGPS interface in set_agps_server
02-20 19:26:19.825  2072  2072 I GAv4    : Google Analytics 9.2.56 is starting up. To enable debug logging on a device run:
02-20 19:26:19.825  2072  2072 I GAv4    :   adb shell setprop log.tag.GAv4 DEBUG
02-20 19:26:19.825  2072  2072 I GAv4    :   adb logcat -s GAv4
02-20 19:26:19.828  1932  1932 D SubscriptionInfoUpdater: updateSubscriptionInfoByIccId: nSubCount = 1
02-20 19:26:19.829  1932  1932 D SubscriptionController: [setDefaultDataSubId] num phones=1, subId=1
02-20 19:26:19.831  1932  1932 D SubscriptionController: [setDefaultDataSubId] phoneId=0 subId=1 RAF=1
02-20 19:26:19.841  1932  1932 D ProxyController: setRadioCapability: Already in requested configuration, nothing to do.
02-20 19:26:19.841  1932  1932 D SubscriptionController: [updateAllDataConnectionTrackers] sPhones.length=1
02-20 19:26:19.841  1932  1932 D SubscriptionController: [updateAllDataConnectionTrackers] phoneId=0
02-20 19:26:19.841  1932  1932 D DCT     : [0]update sub = 1
02-20 19:26:19.841  1932  1932 D DCT     : [0]update(): Active DDS, register for all events now!
02-20 19:26:19.842  1932  1932 D GsmCdmaPhone: [GsmCdmaPhone] updateCurrentCarrierInProvider: mSubId = 1 currentDds = 1 operatorNumeric = 310260
02-20 19:26:19.855  1932  1932 D SubscriptionController: [broadcastDefaultDataSubIdChanged] subId=1
02-20 19:26:19.856  1932  1932 D SubscriptionController: notifySubscriptionInfoChanged:
02-20 19:26:19.871  1946  1991 D EGL_emulation: eglMakeCurrent: 0x77ff8ed79200: ver 3 0 (tinfo 0x77ff992a98e0)
02-20 19:26:19.872  1683  1683 I GnssLocationProvider: WakeLock acquired by sendMessage(12, 0, null)
02-20 19:26:19.873  1932  1947 D SubscriptionMonitor: Phone[0] subId changed -2->1, 1 registrants
02-20 19:26:19.873  1932  1947 D SubscriptionMonitor: mDefaultDataSubId = 1, 1 registrants
02-20 19:26:19.876  1932  1932 D SubscriptionInfoUpdater: updateSubscriptionInfoByIccId:- SsubscriptionInfo update complete
02-20 19:26:19.876  1932  1932 D MccTable: updateMccMncConfiguration mccmnc='310260' fromServiceState=false
02-20 19:26:19.877  1932  1932 D MccTable: updateMccMncConfiguration defaultMccMnc=310260
02-20 19:26:19.877  1932  1932 D MccTable: updateMccMncConfiguration: mcc=310, mnc=260
02-20 19:26:19.877  1932  1932 D MccTable: updateMccMncConfiguration updateConfig config={1.0 310mcc260mnc ?localeList ?layoutDir ?swdp ?wdp ?hdp ?density ?lsize ?long ?orien ?uimode ?night ?touch ?keyb/?/? ?nav/?}
02-20 19:26:19.880  1932  1932 D SubscriptionController: [setMccMnc]+ mcc/mnc:310/260 subId:1
02-20 19:26:19.883  1781  1781 I StatusBar: isKeyguardShowing() called before startKeyguard(), returning true
02-20 19:26:19.886  1781  1781 W StatusBar: isKeyguardSecure() called before startKeyguard(), returning false
02-20 19:26:19.886  1781  1781 W StatusBar: java.lang.Throwable
02-20 19:26:19.886  1781  1781 W StatusBar: 	at com.android.systemui.statusbar.BaseStatusBar.isKeyguardSecure(BaseStatusBar.java:2647)
02-20 19:26:19.886  1781  1781 W StatusBar: 	at com.android.systemui.statusbar.BaseStatusBar.isCameraAllowedByAdmin(BaseStatusBar.java:2670)
02-20 19:26:19.886  1781  1781 W StatusBar: 	at com.android.systemui.statusbar.phone.KeyguardBottomAreaView.updateCameraVisibility(KeyguardBottomAreaView.java:309)
02-20 19:26:19.886  1781  1781 W StatusBar: 	at com.android.systemui.statusbar.phone.KeyguardBottomAreaView.setUserSetupComplete(KeyguardBottomAreaView.java:281)
02-20 19:26:19.886  1781  1781 W StatusBar: 	at com.android.systemui.statusbar.phone.PhoneStatusBar$1.onChange(PhoneStatusBar.java:441)
02-20 19:26:19.886  1781  1781 W StatusBar: 	at com.android.systemui.statusbar.phone.PhoneStatusBar.resetUserSetupObserver(PhoneStatusBar.java:3676)
02-20 19:26:19.886  1781  1781 W StatusBar: 	at com.android.systemui.statusbar.phone.PhoneStatusBar.makeStatusBarView(PhoneStatusBar.java:1008)
02-20 19:26:19.886  1781  1781 W StatusBar: 	at com.android.systemui.statusbar.phone.PhoneStatusBar.addStatusBarWindow(PhoneStatusBar.java:3432)
02-20 19:26:19.886  1781  1781 W StatusBar: 	at com.android.systemui.statusbar.phone.PhoneStatusBar.createAndAddWindows(PhoneStatusBar.java:3428)
02-20 19:26:19.886  1781  1781 W StatusBar: 	at com.android.systemui.statusbar.BaseStatusBar.start(BaseStatusBar.java:765)
02-20 19:26:19.886  1781  1781 W StatusBar: 	at com.android.systemui.statusbar.phone.PhoneStatusBar.start(PhoneStatusBar.java:686)
02-20 19:26:19.886  1781  1781 W StatusBar: 	at com.android.systemui.statusbar.SystemBars.createStatusBarFromConfig(SystemBars.java:106)
02-20 19:26:19.886  1781  1781 W StatusBar: 	at com.android.systemui.statusbar.SystemBars.onNoService(SystemBars.java:58)
02-20 19:26:19.886  1781  1781 W StatusBar: 	at com.android.systemui.statusbar.ServiceMonitor.startService(ServiceMonitor.java:230)
02-20 19:26:19.886  1781  1781 W StatusBar: 	at com.android.systemui.statusbar.ServiceMonitor.-wrap5(ServiceMonitor.java)
02-20 19:26:19.886  1781  1781 W StatusBar: 	at com.android.systemui.statusbar.ServiceMonitor$1.handleMessage(ServiceMonitor.java:73)
02-20 19:26:19.886  1781  1781 W StatusBar: 	at android.os.Handler.dispatchMessage(Handler.java:102)
02-20 19:26:19.886  1781  1781 W StatusBar: 	at android.os.Looper.loop(Looper.java:154)
02-20 19:26:19.886  1781  1781 W StatusBar: 	at android.app.ActivityThread.main(ActivityThread.java:6119)
02-20 19:26:19.886  1781  1781 W StatusBar: 	at java.lang.reflect.Method.invoke(Native Method)
02-20 19:26:19.886  1781  1781 W StatusBar: 	at com.android.internal.os.ZygoteInit$MethodAndArgsCaller.run(ZygoteInit.java:886)
02-20 19:26:19.886  1781  1781 W StatusBar: 	at com.android.internal.os.ZygoteInit.main(ZygoteInit.java:776)
02-20 19:26:19.887  1781  1990 D OpenGLRenderer: profile bars disabled
02-20 19:26:19.887  1781  1990 D OpenGLRenderer: ambientRatio = 1.50
02-20 19:26:19.890  1781  1781 D PhoneStatusBar: disable: < EXPAND* icons alerts system_info BACK* HOME* RECENT* clock SEARCH* quick_settings >
02-20 19:26:19.899  1932  1932 D SubscriptionController: notifySubscriptionInfoChanged:
02-20 19:26:19.900  1683  1683 I GnssLocationProvider: WakeLock acquired by sendMessage(12, 0, null)
02-20 19:26:19.927  1683  1708 I WindowManager: Screen frozen for +471ms due to AppWindowToken{993b0ab token=Token{c59e125 ActivityRecord{757711c u0 com.android.settings/.FallbackHome t1}}}
02-20 19:26:19.939  1932  1932 D SubscriptionController: [getActiveSubscriptionInfo]+ subId=1 subInfo={id=1, iccId=89014103211118510720 simSlotIndex=0 displayName=Android carrierName=Android nameSource=0 iconTint=-16746133 dataRoaming=0 iconBitmap=android.graphics.Bitmap@5f604e8 mcc 310 mnc 260}
02-20 19:26:19.939  1932  1932 D SubscriptionInfoUpdater: sim name = Android
02-20 19:26:19.958  1683  1698 W GnssLocationProvider: Could not open GPS configuration file /etc/gps.conf
02-20 19:26:19.962  1932  1932 D SubscriptionInfoUpdater: Broadcasting intent ACTION_SIM_STATE_CHANGED LOADED reason null for mCardIndex: 0
02-20 19:26:19.963  1683  1683 D WifiService: resetting networks because SIM was loaded
02-20 19:26:19.963  1683  1742 D WifiStateMachine: resetting EAP-SIM/AKA/AKA' networks since SIM was changed
02-20 19:26:19.964  1932  1932 D CarrierConfigLoader: update config for phoneId: 0 simState: LOADED
02-20 19:26:19.964  1932  1932 D CarrierSvcBindHelper: update binding for phoneId: 0 simState: LOADED
02-20 19:26:19.990  1683  1698 E GnssLocationProvider: no AGPS interface in set_agps_server
02-20 19:26:19.990  1683  1698 I GnssLocationProvider: WakeLock released by handleMessage(12, 0, null)
02-20 19:26:20.022  1781  2106 E ActivityThread: Failed to find provider info for com.android.contacts
02-20 19:26:20.041  2072  2105 W GAv4    : AnalyticsReceiver is not registered or is disabled. Register the receiver for reliable dispatching on non-Google Play devices. See http://goo.gl/8Rd3yj for instructions.
02-20 19:26:20.063  1932  1932 D SubscriptionController: [getActiveSubscriptionInfo]+ subId=1 subInfo={id=1, iccId=89014103211118510720 simSlotIndex=0 displayName=Android carrierName=Android nameSource=0 iconTint=-16746133 dataRoaming=0 iconBitmap=android.graphics.Bitmap@59a8794 mcc 310 mnc 260}
02-20 19:26:20.074  1683  1799 I Telecom : PhoneAccountRegistrar: [ComponentInfo{com.android.phone/com.android.services.telephony.TelephonyConnectionService}, [e0184adedf913b076626646d3f52c3b49c39ad6d], UserHandle{0}(icon: Icon(typ=BITMAP size=76x96) -> Icon(typ=BITMAP size=76x96))]: TSI.rPA@ABE
02-20 19:26:20.077  1683  1799 I Telecom : : Sending phone-account registered intent as user: TSI.rPA@ABE
02-20 19:26:20.082  1932  1932 D DCT     : [0]onRecordsLoadedOrSubIdChanged: createAllApnList
02-20 19:26:20.082  1932  1932 D DCT     : [0]createAllApnList: selection=numeric = '310260'
02-20 19:26:20.086  1932  1932 D DCT     : [0]createApnList: X result=[[ApnSettingV3] T-Mobile US, 1, 310260, epc.tmobile.com, , http://mms.msg.eng.t-mobile.com/mms/wapenc, , , , -1, *, IP, IP, true, 0, 0, 0, false, 0, 0, 0, 0, , , false]
02-20 19:26:20.087  1932  1932 D TelephonyProvider: subIdString = 1 subId = 1
02-20 19:26:20.113  2072  2105 W GAv4    : CampaignTrackingReceiver is not registered, not exported or is disabled. Installation campaign tracking is not possible. See http://goo.gl/8Rd3yj for instructions.
02-20 19:26:20.120  2072  2105 W GAv4    : AnalyticsService not registered in the app manifest. Hits might not be delivered reliably. See http://goo.gl/8Rd3yj for instructions.
02-20 19:26:20.129  1932  1932 D DCT     : [0]getPreferredApn: mRequestedApnType=default cursor=android.content.ContentResolver$CursorWrapperInner@24b04df cursor.count=1
02-20 19:26:20.129  1932  1932 D DCT     : [0]getPreferredApn: apnSetting=[ApnSettingV3] T-Mobile US, 1, 310260, epc.tmobile.com, , http://mms.msg.eng.t-mobile.com/mms/wapenc, , , , -1, *, IP, IP, true, 0, 0, 0, false, 0, 0, 0, 0, , , false
02-20 19:26:20.129  1932  1932 D DCT     : [0]getPreferredApn: X found apnSetting[ApnSettingV3] T-Mobile US, 1, 310260, epc.tmobile.com, , http://mms.msg.eng.t-mobile.com/mms/wapenc, , , , -1, *, IP, IP, true, 0, 0, 0, false, 0, 0, 0, 0, , , false
02-20 19:26:20.130  1932  1932 D DCT     : [0]createAllApnList: mPreferredApn=[ApnSettingV3] T-Mobile US, 1, 310260, epc.tmobile.com, , http://mms.msg.eng.t-mobile.com/mms/wapenc, , , , -1, *, IP, IP, true, 0, 0, 0, false, 0, 0, 0, 0, , , false
02-20 19:26:20.130  1932  1932 D DCT     : [0]createAllApnList: X mAllApnSettings=[[ApnSettingV3] T-Mobile US, 1, 310260, epc.tmobile.com, , http://mms.msg.eng.t-mobile.com/mms/wapenc, , , , -1, *, IP, IP, true, 0, 0, 0, false, 0, 0, 0, 0, , , false]
02-20 19:26:20.130  1932  1932 D DCT     : [0]setDataProfilesAsNeeded
02-20 19:26:20.130  1932  1932 D DCT     : [0]setInitialApn: E mPreferredApn=[ApnSettingV3] T-Mobile US, 1, 310260, epc.tmobile.com, , http://mms.msg.eng.t-mobile.com/mms/wapenc, , , , -1, *, IP, IP, true, 0, 0, 0, false, 0, 0, 0, 0, , , false
02-20 19:26:20.130  1932  1932 D DCT     : [0]setInitialApn: firstApnSetting=[ApnSettingV3] T-Mobile US, 1, 310260, epc.tmobile.com, , http://mms.msg.eng.t-mobile.com/mms/wapenc, , , , -1, *, IP, IP, true, 0, 0, 0, false, 0, 0, 0, 0, , , false
02-20 19:26:20.130  1932  1932 D DCT     : [0]setInitialApn: defaultApnSetting=[ApnSettingV3] T-Mobile US, 1, 310260, epc.tmobile.com, , http://mms.msg.eng.t-mobile.com/mms/wapenc, , , , -1, *, IP, IP, true, 0, 0, 0, false, 0, 0, 0, 0, , , false
02-20 19:26:20.130  1932  1932 D DCT     : [0]setInitialAttachApn: using mPreferredApn
02-20 19:26:20.130  1932  1932 D DCT     : [0]setInitialAttachApn: X selected Apn=[ApnSettingV3] T-Mobile US, 1, 310260, epc.tmobile.com, , http://mms.msg.eng.t-mobile.com/mms/wapenc, , , , -1, *, IP, IP, true, 0, 0, 0, false, 0, 0, 0, 0, , , false
02-20 19:26:20.130  1932  1932 D RILJ    : Set RIL_REQUEST_SET_INITIAL_ATTACH_APN [SUB0]
02-20 19:26:20.130  1932  1932 D RILJ    : [3737]> RIL_REQUEST_SET_INITIAL_ATTACH_APN, apn:epc.tmobile.com, protocol:IP, authType:-1, username:none, password:none [SUB0]
02-20 19:26:20.136  1376  1458 D RIL     : onRequest: RIL_REQUEST_SET_INITIAL_ATTACH_APN
02-20 19:26:20.136  1376  1458 D RIL     : Request not supported. Tech: 1
02-20 19:26:20.136  1932  2011 D RilRequest: [3737]< RIL_REQUEST_SET_INITIAL_ATTACH_APN error: com.android.internal.telephony.CommandException: REQUEST_NOT_SUPPORTED ret=
02-20 19:26:20.137  1932  1932 D DCT     : [0]onRecordsLoadedOrSubIdChanged: notifying data availability
02-20 19:26:20.146  1683  1694 W art     : Long monitor contention with owner android.display (1708) at void com.android.server.wm.WindowManagerService$H.handleMessage(android.os.Message)(WindowManagerService.java:8368) waiters=0 in int com.android.server.wm.WindowManagerService.addWindow(com.android.server.wm.Session, android.view.IWindow, int, android.view.WindowManager$LayoutParams, int, int, android.graphics.Rect, android.graphics.Rect, android.graphics.Rect, android.view.InputChannel) for 206ms
02-20 19:26:20.146  1683  1694 I dvm_lock_sample: [system_server,1,Binder:1683_1,206,WindowManagerService.java,1887,-,8368,41]
02-20 19:26:20.146  1683  1970 W art     : Long monitor contention with owner android.display (1708) at void com.android.server.wm.WindowManagerService$H.handleMessage(android.os.Message)(WindowManagerService.java:8368) waiters=1 in void com.android.server.wm.WindowManagerService.getInitialDisplaySize(int, android.graphics.Point) for 192ms
02-20 19:26:20.146  1683  1970 I dvm_lock_sample: [system_server,1,Binder:1683_5,192,WindowManagerService.java,9051,-,8368,38]
02-20 19:26:20.169  1683  1694 D TelephonyRegistry: Notify data connection state changed on sub: 1
02-20 19:26:20.189  2072  2072 I AlarmClock: AlarmInitReceiver android.intent.action.TIME_SET
02-20 19:26:20.193  1932  1932 D DCT     : [0]setupDataOnConnectableApns: simLoaded hipri:[state=IDLE,enabled=false] mms:[state=IDLE,enabled=false] supl:[state=IDLE,enabled=false] ia:[state=IDLE,enabled=false] fota:[state=IDLE,enabled=false] ims:[state=IDLE,enabled=false] cbs:[state=IDLE,enabled=false] default:[state=IDLE,enabled=false] emergency:[state=IDLE,enabled=false] 
02-20 19:26:20.195  1932  1932 I Telephony: PstnIncomingCallNotifier: Unregistering: Handler (com.android.internal.telephony.GsmCdmaPhone) {9a107d}
02-20 19:26:20.237  1683  1698 W GnssLocationProvider: Could not open GPS configuration file /etc/gps.conf
02-20 19:26:20.237  1683  1698 E GnssLocationProvider: no AGPS interface in set_agps_server
02-20 19:26:20.237  1683  1698 I GnssLocationProvider: WakeLock released by handleMessage(12, 0, null)
02-20 19:26:20.238  1932  1932 D SubscriptionController: [getActiveSubscriptionInfo]+ subId=1 subInfo={id=1, iccId=89014103211118510720 simSlotIndex=0 displayName=Android carrierName=Android nameSource=0 iconTint=-16746133 dataRoaming=0 iconBitmap=android.graphics.Bitmap@e855d8a mcc 310 mnc 260}
02-20 19:26:20.243  1683  1698 W GnssLocationProvider: Could not open GPS configuration file /etc/gps.conf
02-20 19:26:20.243  1683  1698 E GnssLocationProvider: no AGPS interface in set_agps_server
02-20 19:26:20.243  1683  1698 I GnssLocationProvider: WakeLock released by handleMessage(12, 0, null)
02-20 19:26:20.246  1683  1791 I Telecom : PhoneAccountRegistrar: New phone account registered: [[ ] PhoneAccount: ComponentInfo{com.android.phone/com.android.services.telephony.TelephonyConnectionService}, [e2f7d48dd2b5ca523e7313cf4ba0f6ea830b6281], UserHandle{0} Capabilities: CallProvider MultiUser PlaceEmerg SimSub  Schemes: tel voicemail  Extras: null GroupId: [da39a3ee5e6b4b0d3255bfef95601890afd80709]]: TSI.rPA@ABI
02-20 19:26:20.251  1683  1791 I Telecom : : Sending phone-account registered intent as user: TSI.rPA@ABI
02-20 19:26:20.251  1932  1932 I Telephony: AccountEntry: Registered phoneAccount: [[ ] PhoneAccount: ComponentInfo{com.android.phone/com.android.services.telephony.TelephonyConnectionService}, [e2f7d48dd2b5ca523e7313cf4ba0f6ea830b6281], UserHandle{0} Capabilities: CallProvider MultiUser PlaceEmerg SimSub  Schemes: tel voicemail  Extras: null GroupId: [da39a3ee5e6b4b0d3255bfef95601890afd80709]] with handle: ComponentInfo{com.android.phone/com.android.services.telephony.TelephonyConnectionService}, [e2f7d48dd2b5ca523e7313cf4ba0f6ea830b6281], UserHandle{0}
02-20 19:26:20.251  1932  1932 I Telephony: PstnIncomingCallNotifier: Registering: Handler (com.android.internal.telephony.GsmCdmaPhone) {9a107d}
02-20 19:26:20.259  1932  1932 I Telephony: TelecomAccountRegistry: Unregistering phone account ComponentInfo{com.android.phone/com.android.services.telephony.TelephonyConnectionService}, [e0184adedf913b076626646d3f52c3b49c39ad6d], UserHandle{0}.
02-20 19:26:20.262  1683  1799 I Telecom : : Sending phone-account unregistered intent as user: TSI.uPA@ABQ
02-20 19:26:20.265  1932  2093 D SST     : SST.getAllCellInfo(): return last, back to back calls
02-20 19:26:20.266  1932  2097 D SST     : SST.getAllCellInfo(): return last, back to back calls
02-20 19:26:20.266  1932  2097 D SST     : SST.getAllCellInfo(): return last, back to back calls
02-20 19:26:20.274  1932  1932 D SST     : SubscriptionListener.onSubscriptionInfoChanged
02-20 19:26:20.278  1932  1932 D PhoneFactory: calculatePreferredNetworkType: phoneSubId = 1 networkType = 0
02-20 19:26:20.278  1932  1932 D Phone   : setPreferredNetworkType: Abort, unknown RAF: 1 101902
02-20 19:26:20.278  1932  1932 D Phone   : setNetworkSelectionModeAutomatic, querying current mode
02-20 19:26:20.278  1932  1932 D RILJ    : [3738]> QUERY_NETWORK_SELECTION_MODE [SUB0]
02-20 19:26:20.278  1376  1458 D RIL     : onRequest: QUERY_NETWORK_SELECTION_MODE
02-20 19:26:20.278  1376  1458 D AT      : AT> AT+COPS?
02-20 19:26:20.278  1376  1460 D AT      : AT< +COPS: 0,2,310260
02-20 19:26:20.278  1376  1460 D AT      : AT< OK
02-20 19:26:20.279  1932  2011 D RILJ    : [3738]< QUERY_NETWORK_SELECTION_MODE {0} [SUB0]
02-20 19:26:20.279  1932  1932 D TelephonyManager: setTelephonyProperty: success phoneId=0 property=gsm.network.type value: LTE propVal=LTE
02-20 19:26:20.279  1932  1932 D SubscriptionController: [setCarrierText]+ text:Android subId:1
02-20 19:26:20.297  1932  1932 D SubscriptionController: notifySubscriptionInfoChanged:
02-20 19:26:20.307  1683  1683 I GnssLocationProvider: WakeLock acquired by sendMessage(12, 0, null)
02-20 19:26:20.311  1932  1932 D SIMRecords: [SIMRecords] getServiceProviderName: no brandOverride, providerName=Android
02-20 19:26:20.311  1932  1932 D SIMRecords: [SIMRecords] getServiceProviderName: no brandOverride, providerName=Android
02-20 19:26:20.311  1932  1932 D SST     : updateSpnDisplay: changed sending intent rule=1 showPlmn='false' plmn='Android' showSpn='true' spn='Android' dataSpn='Android' subId='1'
02-20 19:26:20.312  1932  1932 D SubscriptionController: [setCarrierText]+ text:Android subId:1
02-20 19:26:20.317  1683  1698 W GnssLocationProvider: Could not open GPS configuration file /etc/gps.conf
02-20 19:26:20.317  1683  1698 E GnssLocationProvider: no AGPS interface in set_agps_server
02-20 19:26:20.317  1683  1698 I GnssLocationProvider: WakeLock released by handleMessage(12, 0, null)
02-20 19:26:20.331  1781  1781 D PhoneStatusBar: heads up is enabled
02-20 19:26:20.334  1932  1932 D SubscriptionController: notifySubscriptionInfoChanged:
02-20 19:26:20.334  1683  1683 I GnssLocationProvider: WakeLock acquired by sendMessage(12, 0, null)
02-20 19:26:20.336  1932  1932 D SIMRecords: [SIMRecords]  VoiceMessageCount from SIM MWIS = 0
02-20 19:26:20.337  1932  1932 D Phone   : getStoredVoiceMessageCount: from preference for subId 1= 0
02-20 19:26:20.337  1932  1932 D GsmCdmaPhone: [GsmCdmaPhone] updateVoiceMail countVoiceMessages = 0 subId 1
02-20 19:26:20.337  1932  1932 D Phone   : setVoiceMessageCount: Storing Voice Mail Count = 0 for mVmCountKey = vm_count_key1 in preferences.
02-20 19:26:20.338  1932  1932 D DCT     : [0]SubscriptionListener.onSubscriptionInfoChanged
02-20 19:26:20.341  1932  1932 D DCT     : [0]onRecordsLoadedOrSubIdChanged: createAllApnList
02-20 19:26:20.341  1932  1932 D DCT     : [0]createAllApnList: selection=numeric = '310260'
02-20 19:26:20.343  1932  1932 D DCT     : [0]createApnList: X result=[[ApnSettingV3] T-Mobile US, 1, 310260, epc.tmobile.com, , http://mms.msg.eng.t-mobile.com/mms/wapenc, , , , -1, *, IP, IP, true, 0, 0, 0, false, 0, 0, 0, 0, , , false]
02-20 19:26:20.348  1932  1932 D TelephonyProvider: subIdString = 1 subId = 1
02-20 19:26:20.354  1932  1932 D DCT     : [0]getPreferredApn: mRequestedApnType=default cursor=android.content.ContentResolver$CursorWrapperInner@b5f8373 cursor.count=1
02-20 19:26:20.355  1932  1932 D DCT     : [0]getPreferredApn: apnSetting=[ApnSettingV3] T-Mobile US, 1, 310260, epc.tmobile.com, , http://mms.msg.eng.t-mobile.com/mms/wapenc, , , , -1, *, IP, IP, true, 0, 0, 0, false, 0, 0, 0, 0, , , false
02-20 19:26:20.355  1932  1932 D DCT     : [0]getPreferredApn: X found apnSetting[ApnSettingV3] T-Mobile US, 1, 310260, epc.tmobile.com, , http://mms.msg.eng.t-mobile.com/mms/wapenc, , , , -1, *, IP, IP, true, 0, 0, 0, false, 0, 0, 0, 0, , , false
02-20 19:26:20.355  1932  1932 D DCT     : [0]createAllApnList: mPreferredApn=[ApnSettingV3] T-Mobile US, 1, 310260, epc.tmobile.com, , http://mms.msg.eng.t-mobile.com/mms/wapenc, , , , -1, *, IP, IP, true, 0, 0, 0, false, 0, 0, 0, 0, , , false
02-20 19:26:20.355  1932  1932 D DCT     : [0]createAllApnList: X mAllApnSettings=[[ApnSettingV3] T-Mobile US, 1, 310260, epc.tmobile.com, , http://mms.msg.eng.t-mobile.com/mms/wapenc, , , , -1, *, IP, IP, true, 0, 0, 0, false, 0, 0, 0, 0, , , false]
02-20 19:26:20.355  1932  1932 D DCT     : [0]setDataProfilesAsNeeded
02-20 19:26:20.355  1932  1932 D DCT     : [0]setInitialApn: E mPreferredApn=[ApnSettingV3] T-Mobile US, 1, 310260, epc.tmobile.com, , http://mms.msg.eng.t-mobile.com/mms/wapenc, , , , -1, *, IP, IP, true, 0, 0, 0, false, 0, 0, 0, 0, , , false
02-20 19:26:20.355  1932  1932 D DCT     : [0]setInitialApn: firstApnSetting=[ApnSettingV3] T-Mobile US, 1, 310260, epc.tmobile.com, , http://mms.msg.eng.t-mobile.com/mms/wapenc, , , , -1, *, IP, IP, true, 0, 0, 0, false, 0, 0, 0, 0, , , false
02-20 19:26:20.355  1932  1932 D DCT     : [0]setInitialApn: defaultApnSetting=[ApnSettingV3] T-Mobile US, 1, 310260, epc.tmobile.com, , http://mms.msg.eng.t-mobile.com/mms/wapenc, , , , -1, *, IP, IP, true, 0, 0, 0, false, 0, 0, 0, 0, , , false
02-20 19:26:20.355  1932  1932 D DCT     : [0]setInitialAttachApn: using mPreferredApn
02-20 19:26:20.355  1932  1932 D DCT     : [0]setInitialAttachApn: X selected Apn=[ApnSettingV3] T-Mobile US, 1, 310260, epc.tmobile.com, , http://mms.msg.eng.t-mobile.com/mms/wapenc, , , , -1, *, IP, IP, true, 0, 0, 0, false, 0, 0, 0, 0, , , false
02-20 19:26:20.355  1932  1932 D RILJ    : Set RIL_REQUEST_SET_INITIAL_ATTACH_APN [SUB0]
