02-20 20:02:38.935  1677  1677 D WebViewFactory: Setting new address space to 137955392
02-20 20:02:38.936  1364  1419 I AudioFlinger: systemReady
02-20 20:02:38.947  1267  1302 V vold    : /dev/block/vold/disk:253,64: LABEL="SDCARD" UUID="1E12-0B12" TYPE="vfat" 
02-20 20:02:38.947  1267  1302 V vold    : 
02-20 20:02:38.950  1677  1728 D VoldConnector: RCV <- {650 public:253,64 0 "disk:253,64" ""}
02-20 20:02:38.951  1677  1728 D VoldConnector: RCV <- {651 public:253,64 0}
02-20 20:02:38.951  1677  1728 D VoldConnector: RCV <- {643 disk:253,64}
02-20 20:02:38.953  1677  1677 I Zygote  : Process: zygote socket opened, supported ABIS: x86
02-20 20:02:38.965  1677  1728 D VoldConnector: RCV <- {200 3 Command succeeded}
02-20 20:02:38.965  1677  1727 D VoldConnector: SND -> {4 volume user_added 0 0}
02-20 20:02:38.970  1677  1728 D VoldConnector: RCV <- {200 4 Command succeeded}
02-20 20:02:38.978  1363  1363 I art     : Starting a blocking GC Background
02-20 20:02:38.984  1677  1752 D AssetAtlas: Rendered atlas in 397.02ms (166.82+230.20ms)
02-20 20:02:39.001  1312  1323 D         : HostConnection::get() New Host Connection established 0x7c42b2a1b6c0, tid 1323
02-20 20:02:39.001     0     0 D ieee80211 phy1: hw scan complete
02-20 20:02:39.002     0     0 D ieee80211 phy1: mac80211_hwsim_get_survey (idx=0)
02-20 20:02:39.023  1677  1677 W ActivityManager: Slow operation: 82ms so far, now at startProcess: returned from zygote!
02-20 20:02:39.023  1677  1677 W ActivityManager: Slow operation: 82ms so far, now at startProcess: done updating battery stats
02-20 20:02:39.023  1677  1677 I am_proc_start: [0,1792,1037,WebViewLoader-x86,,]
02-20 20:02:39.023  1677  1677 W ActivityManager: Slow operation: 82ms so far, now at startProcess: building log message
02-20 20:02:39.023  1677  1677 I ActivityManager: Start proc 1792:WebViewLoader-x86/1037 [android.webkit.WebViewFactory$RelroFileCreator] for 
02-20 20:02:39.023  1677  1677 W ActivityManager: Slow operation: 82ms so far, now at startProcess: starting to update pids map
02-20 20:02:39.023  1677  1677 W ActivityManager: Slow operation: 82ms so far, now at startProcess: done updating pids map
02-20 20:02:39.023  1677  1677 W ActivityManager: Slow operation: 82ms so far, now at startProcess: done starting proc!
02-20 20:02:39.036  1677  1677 I am_proc_start: [0,1797,1037,WebViewLoader-x86_64,,]
02-20 20:02:39.036  1677  1677 I ActivityManager: Start proc 1797:WebViewLoader-x86_64/1037 [android.webkit.WebViewFactory$RelroFileCreator] for 
02-20 20:02:39.039  1677  1727 D VoldConnector: SND -> {5 volume mount emulated 3 -1}
02-20 20:02:39.041  1267  1302 V vold    : Waiting for FUSE to spin up...
02-20 20:02:39.041  1677  1728 D VoldConnector: RCV <- {651 emulated 1}
02-20 20:02:39.044  1677  1728 D VoldConnector: RCV <- {656 emulated /data/media}
02-20 20:02:39.044  1677  1728 D VoldConnector: RCV <- {655 emulated /storage/emulated}
02-20 20:02:39.044  1514  1514 E hostapd : Using interface wlan1 with hwaddr 02:00:00:00:01:00 and ssid "AndroidWifi"
02-20 20:02:39.044  1514  1514 I hostapd : wlan1: interface state HT_SCAN->ENABLED
02-20 20:02:39.044  1514  1514 I hostapd : wlan1: AP-ENABLED 
02-20 20:02:39.046  1797  1797 W art     : Unexpected CPU variant for X86 using defaults: x86_64
02-20 20:02:39.044     0     0 D ieee80211 phy1: mac80211_hwsim_config (freq=0 idle=0 ps=0 smps=auto)
02-20 20:02:39.044     0     0 D ieee80211 phy1: add channel context control: 2447 MHz/width: 2/cfreqs:2437/0 MHz
02-20 20:02:39.044     0     0 D ieee80211 phy1: mac80211_hwsim_bss_info_changed(changed=0x40000)
02-20 20:02:39.044     0     0 D ieee80211 phy1: TX Power: 20 dBm
02-20 20:02:39.044     0     0 D ieee80211 phy1: mac80211_hwsim_bss_info_changed(changed=0x4000)
02-20 20:02:39.044     0     0 D ieee80211 phy1: change channel context control: 2447 MHz/width: 2/cfreqs:2437/0 MHz
02-20 20:02:39.044     0     0 D ieee80211 phy1: mac80211_hwsim_bss_info_changed(changed=0x88340)
02-20 20:02:39.044     0     0 D ieee80211 phy1: BCNINT: 100
02-20 20:02:39.044     0     0 D ieee80211 phy1: BCN EN: 1
02-20 20:02:39.044     0     0 D ieee80211 phy1: mac80211_hwsim_bss_info_changed(changed=0x3e)
02-20 20:02:39.044     0     0 D ieee80211 phy1: ERP_CTS_PROT: 0
02-20 20:02:39.044     0     0 D ieee80211 phy1: ERP_PREAMBLE: 0
02-20 20:02:39.044     0     0 D ieee80211 phy1: ERP_SLOT: 1
02-20 20:02:39.044     0     0 D ieee80211 phy1: HT: op_mode=0x0
02-20 20:02:39.044     0     0 D ieee80211 phy1: BASIC_RATES: 0xf
02-20 20:02:39.044     0     0 D ieee80211 phy1: mac80211_hwsim_conf_tx (queue=0 txop=47 cw_min=3 cw_max=7 aifs=1)
02-20 20:02:39.044     0     0 D ieee80211 phy1: mac80211_hwsim_bss_info_changed(changed=0x2000)
02-20 20:02:39.044     0     0 D ieee80211 phy1: mac80211_hwsim_conf_tx (queue=1 txop=94 cw_min=7 cw_max=15 aifs=1)
02-20 20:02:39.044     0     0 D ieee80211 phy1: mac80211_hwsim_bss_info_changed(changed=0x2000)
02-20 20:02:39.044     0     0 D ieee80211 phy1: mac80211_hwsim_conf_tx (queue=2 txop=0 cw_min=15 cw_max=63 aifs=3)
02-20 20:02:39.044     0     0 D ieee80211 phy1: mac80211_hwsim_bss_info_changed(changed=0x2000)
02-20 20:02:39.044     0     0 D ieee80211 phy1: mac80211_hwsim_conf_tx (queue=3 txop=0 cw_min=15 cw_max=1023 aifs=7)
02-20 20:02:39.044     0     0 D ieee80211 phy1: mac80211_hwsim_bss_info_changed(changed=0x2000)
02-20 20:02:39.045     0     0 I IPv6    : ADDRCONF(NETDEV_CHANGE): wlan1: link becomes ready
02-20 20:02:39.046     0     0 D ieee80211 phy1: mac80211_hwsim_configure_filter
02-20 20:02:39.048  1792  1792 W art     : Unexpected CPU variant for X86 using defaults: x86
02-20 20:02:39.049  1677  1689 I am_proc_bound: [0,1763,com.android.systemui]
02-20 20:02:39.062  1677  1688 I am_proc_bound: [0,1757,com.android.inputmethod.latin]
02-20 20:02:39.082  1677  1677 D NetworkManagement: enabling bandwidth control
02-20 20:02:39.083  1677  1791 E WVMExtractor: Failed to open libwvm.so: dlopen failed: library "libwvm.so" not found
02-20 20:02:39.092  1267  1302 V vold    : Waiting for FUSE to spin up...
02-20 20:02:39.107  1803  1803 W sdcard  : Device explicitly disabled sdcardfs
02-20 20:02:39.108  1372  1372 I MediaPlayerService: MediaPlayerService::getOMX
02-20 20:02:39.109  1372  1372 I OMXClient: MuxOMX ctor
02-20 20:02:39.119  1372  1372 I MediaPlayerService: MediaPlayerService::getOMX
02-20 20:02:39.131     0     0 D SELinux : initialized (dev fuse, type fuse), uses genfs_contexts
02-20 20:02:39.120  1372  1372 I OMXClient: MuxOMX ctor
02-20 20:02:39.120  1369  1369 I OMXMaster: makeComponentInstance(OMX.google.mp3.decoder) in mediacodec process
02-20 20:02:39.124  1797  1797 V WebViewFactory: RelroFileCreator (64bit = true),  32-bit lib: /system/app/Chrome/Chrome.apk!/lib/x86/libmonochrome.so, 64-bit lib: /system/app/Chrome/Chrome.apk!/lib/x86_64/libmonochrome.so
02-20 20:02:39.143  1267  1302 V vold    : Waiting for FUSE to spin up...
02-20 20:02:39.141     0     0 D SELinux : initialized (dev fuse, type fuse), uses genfs_contexts
02-20 20:02:39.144     0     0 D SELinux : initialized (dev fuse, type fuse), uses genfs_contexts
02-20 20:02:39.161  1763  1763 W System  : ClassLoader referenced unknown path: /system/priv-app/SystemUIGoogle/lib/x86_64
02-20 20:02:39.189  1792  1792 V WebViewFactory: RelroFileCreator (64bit = false),  32-bit lib: /system/app/Chrome/Chrome.apk!/lib/x86/libmonochrome.so, 64-bit lib: /system/app/Chrome/Chrome.apk!/lib/x86_64/libmonochrome.so
02-20 20:02:39.194  1677  1728 D VoldConnector: RCV <- {651 emulated 2}
02-20 20:02:39.194  1677  1728 D VoldConnector: RCV <- {200 5 Command succeeded}
02-20 20:02:39.195  1677  1727 D VoldConnector: SND -> {6 volume mount public:253,64 2 0}
02-20 20:02:39.195  1267  1302 V vold    : /system/bin/blkid
02-20 20:02:39.195  1267  1302 V vold    :     -c
02-20 20:02:39.195  1267  1302 V vold    :     /dev/null
02-20 20:02:39.195  1267  1302 V vold    :     -s
02-20 20:02:39.195  1267  1302 V vold    :     TYPE
02-20 20:02:39.195  1267  1302 V vold    :     -s
02-20 20:02:39.195  1267  1302 V vold    :     UUID
02-20 20:02:39.195  1267  1302 V vold    :     -s
02-20 20:02:39.195  1267  1302 V vold    :     LABEL
02-20 20:02:39.195  1267  1302 V vold    :     /dev/block/vold/public:253,64
02-20 20:02:39.195  1677  1728 D VoldConnector: RCV <- {651 public:253,64 1}
02-20 20:02:39.205  1677  1737 D WifiController: DEFERRED_TOGGLE handled
02-20 20:02:39.222  1372  1372 I MediaPlayerService: MediaPlayerService::getOMX
02-20 20:02:39.224  1372  1372 I OMXClient: MuxOMX ctor
02-20 20:02:39.224  1369  1398 I OMXMaster: makeComponentInstance(OMX.google.amrnb.decoder) in mediacodec process
02-20 20:02:39.229  1372  1372 I MediaPlayerService: MediaPlayerService::getOMX
02-20 20:02:39.230  1372  1372 I OMXClient: MuxOMX ctor
02-20 20:02:39.230  1369  1839 I OMXMaster: makeComponentInstance(OMX.google.amrwb.decoder) in mediacodec process
02-20 20:02:39.241  1372  1372 I MediaPlayerService: MediaPlayerService::getOMX
02-20 20:02:39.241  1372  1372 I OMXClient: MuxOMX ctor
02-20 20:02:39.242  1369  1369 I OMXMaster: makeComponentInstance(OMX.google.aac.decoder) in mediacodec process
02-20 20:02:39.254  1372  1372 I MediaPlayerService: MediaPlayerService::getOMX
02-20 20:02:39.254  1372  1372 I OMXClient: MuxOMX ctor
02-20 20:02:39.254  1369  1398 I OMXMaster: makeComponentInstance(OMX.google.g711.alaw.decoder) in mediacodec process
02-20 20:02:39.262  1267  1302 V vold    : /dev/block/vold/public:253,64: LABEL="SDCARD" UUID="1E12-0B12" TYPE="vfat" 
02-20 20:02:39.262  1267  1302 V vold    : 
02-20 20:02:39.262  1267  1302 V vold    : /system/bin/fsck_msdos
02-20 20:02:39.262  1267  1302 V vold    :     -p
02-20 20:02:39.262  1267  1302 V vold    :     -f
02-20 20:02:39.262  1267  1302 V vold    :     /dev/block/vold/public:253,64
02-20 20:02:39.263  1677  1728 D VoldConnector: RCV <- {652 public:253,64 vfat}
02-20 20:02:39.263  1677  1728 D VoldConnector: RCV <- {653 public:253,64 1E12-0B12}
02-20 20:02:39.263  1677  1728 D VoldConnector: RCV <- {654 public:253,64 SDCARD}
02-20 20:02:39.289  1373  1676 D SoftapController: Softap fwReload - Ok
02-20 20:02:39.311  1267  1302 I fsck_msdos: ** /dev/block/vold/public:253,64
02-20 20:02:39.330  1267  1302 I fsck_msdos: ** Phase 1 - Read and Compare FATs
02-20 20:02:39.347  1267  1302 I fsck_msdos: Attempting to allocate 1022 KB for FAT
02-20 20:02:39.396  1372  1372 I MediaPlayerService: MediaPlayerService::getOMX
02-20 20:02:39.396  1372  1372 I OMXClient: MuxOMX ctor
02-20 20:02:39.398  1369  1398 I OMXMaster: makeComponentInstance(OMX.google.g711.mlaw.decoder) in mediacodec process
02-20 20:02:39.432  1677  1677 W NetworkManagement: setDataSaverMode(): already false
02-20 20:02:39.438  1373  1676 D CommandListener: Setting iface cfg
02-20 20:02:39.438  1373  1676 D CommandListener: Trying to bring down wlan0
02-20 20:02:39.459  1373  1676 D CommandListener: Clearing all IP addresses on wlan0
02-20 20:02:39.465  1677  1738 E WifiMonitor: killSupplicant p2pfalse init.svc.wpa_supplicant=unknown init.svc.p2p_supplicant=unknown
02-20 20:02:39.479  1797  1797 I art     : System.exit called, status: 0
02-20 20:02:39.479  1797  1797 I AndroidRuntime: VM exiting with result code 0, cleanup skipped.
02-20 20:02:39.482  1677  1738 E wifi    : Can not initialize the vendor function pointer table
02-20 20:02:39.482  1677  1738 E WifiNative-HAL: Could not start hal
02-20 20:02:39.482  1677  1738 E WifiStateMachine: Failed to start HAL
02-20 20:02:39.488  1677  1738 D WifiMonitor: startMonitoring(wlan0) with mConnected = false
02-20 20:02:39.488  1677  1738 E WifiHW  : Unable to open connection to supplicant on "@android:wpa_wlan0": No such file or directory
02-20 20:02:39.491  1763  1763 V SystemUIService: Starting SystemUI services for user 0.
02-20 20:02:39.483     0     0 I init    : Starting service 'wpa_supplicant'...
02-20 20:02:39.493  1757  1757 I LatinIME: Hardware accelerated drawing: true
02-20 20:02:39.513  1267  1302 I fsck_msdos: Attempting to allocate 1022 KB for FAT
02-20 20:02:39.559  1763  1763 V MediaRouter: Adding route: RouteInfo{ name=Phone, description=null, status=null, category=RouteCategory{ name=null types=ROUTE_TYPE_LIVE_AUDIO ROUTE_TYPE_LIVE_VIDEO  groupable=false }, supportedTypes=ROUTE_TYPE_LIVE_AUDIO ROUTE_TYPE_LIVE_VIDEO , presentationDisplay=null }
02-20 20:02:39.561  1763  1763 V MediaRouter: Updating audio routes: AudioRoutesInfo{ type=SPEAKER }
02-20 20:02:39.566  1372  1372 I MediaPlayerService: MediaPlayerService::getOMX
02-20 20:02:39.566  1372  1372 I OMXClient: MuxOMX ctor
02-20 20:02:39.574  1763  1763 V MediaRouter: Selecting route: RouteInfo{ name=Phone, description=null, status=null, category=RouteCategory{ name=null types=ROUTE_TYPE_LIVE_AUDIO ROUTE_TYPE_LIVE_VIDEO  groupable=false }, supportedTypes=ROUTE_TYPE_LIVE_AUDIO ROUTE_TYPE_LIVE_VIDEO , presentationDisplay=null }
02-20 20:02:39.577  1369  1369 I OMXMaster: makeComponentInstance(OMX.google.vorbis.decoder) in mediacodec process
02-20 20:02:39.586  1677  1689 D TelephonyRegistry: listen oscl: hasNotifySubscriptionInfoChangedOccurred==false no callback
02-20 20:02:39.611  1792  1792 I art     : System.exit called, status: 0
02-20 20:02:39.611  1792  1792 I AndroidRuntime: VM exiting with result code 0, cleanup skipped.
02-20 20:02:39.646  1860  1860 I wpa_supplicant: Successfully initialized wpa_supplicant
02-20 20:02:39.667  1860  1860 I wpa_supplicant: rfkill: Cannot open RFKILL control device
02-20 20:02:39.668     0     0 D ieee80211 phy0: mac80211_hwsim_start
02-20 20:02:39.668     0     0 D ieee80211 phy0: mac80211_hwsim_add_interface (type=2 mac_addr=02:00:00:44:55:66)
02-20 20:02:39.668     0     0 D ieee80211 phy0: mac80211_hwsim_bss_info_changed(changed=0xe)
02-20 20:02:39.668     0     0 D ieee80211 phy0: ERP_CTS_PROT: 0
02-20 20:02:39.668     0     0 D ieee80211 phy0: ERP_PREAMBLE: 0
02-20 20:02:39.668     0     0 D ieee80211 phy0: ERP_SLOT: 0
02-20 20:02:39.668     0     0 D ieee80211 phy0: mac80211_hwsim_conf_tx (queue=0 txop=0 cw_min=15 cw_max=1023 aifs=2)
02-20 20:02:39.668     0     0 D ieee80211 phy0: mac80211_hwsim_conf_tx (queue=1 txop=0 cw_min=15 cw_max=1023 aifs=2)
02-20 20:02:39.668     0     0 D ieee80211 phy0: mac80211_hwsim_conf_tx (queue=2 txop=0 cw_min=15 cw_max=1023 aifs=2)
02-20 20:02:39.668     0     0 D ieee80211 phy0: mac80211_hwsim_conf_tx (queue=3 txop=0 cw_min=15 cw_max=1023 aifs=2)
02-20 20:02:39.668     0     0 D ieee80211 phy0: mac80211_hwsim_bss_info_changed(changed=0x2000)
02-20 20:02:39.668     0     0 D ieee80211 phy0: mac80211_hwsim_config (freq=0 idle=0 ps=0 smps=auto)
02-20 20:02:39.669     0     0 D ieee80211 phy0: mac80211_hwsim_configure_filter
02-20 20:02:39.672     0     0 D ieee80211 phy0: mac80211_hwsim_configure_filter
02-20 20:02:39.672     0     0 I IPv6    : ADDRCONF(NETDEV_UP): wlan0: link is not ready
02-20 20:02:39.676  1860  1860 I wpa_supplicant: nl80211: Could not re-add multicast membership for vendor events: -2 (No such file or directory)
02-20 20:02:39.691  1677  1677 D NetworkPolicy: setRestrictBackgroundUL(): false
02-20 20:02:39.692  1677  1677 W NetworkManagement: setDataSaverMode(): already false
02-20 20:02:39.711  1763  1870 E WVMExtractor: Failed to open libwvm.so: dlopen failed: library "libwvm.so" not found
02-20 20:02:39.713  1372  1372 I MediaPlayerService: MediaPlayerService::getOMX
02-20 20:02:39.714  1372  1372 I OMXClient: MuxOMX ctor
02-20 20:02:39.714  1369  1369 I OMXMaster: makeComponentInstance(OMX.google.opus.decoder) in mediacodec process
02-20 20:02:39.729  1757  1757 W InputAttributes: No editor info for this field. Bug?
02-20 20:02:39.744  1267  1302 I fsck_msdos: ** Phase 2 - Check Cluster Chains
02-20 20:02:39.745  1267  1302 I fsck_msdos: ** Phase 3 - Checking Directories
02-20 20:02:39.746  1267  1302 I fsck_msdos: ** Phase 4 - Checking for Lost Files
02-20 20:02:39.746  1267  1302 I fsck_msdos: 27 files, 522176 free (261088 clusters)
02-20 20:02:39.754  1677  1692 W WindowManager: Keyguard drawn timeout. Setting mKeyguardDrawComplete
02-20 20:02:39.756  1267  1302 I Vold    : Filesystem check completed OK
02-20 20:02:39.756  1677  1728 D VoldConnector: RCV <- {656 public:253,64 /mnt/media_rw/1E12-0B12}
02-20 20:02:39.757  1677  1728 D VoldConnector: RCV <- {655 public:253,64 /storage/1E12-0B12}
02-20 20:02:39.758     0     0 W FAT-fs (vde): Volume was not properly unmounted. Some data may be corrupt. Please run fsck.
02-20 20:02:39.767  1267  1302 V vold    : Waiting for FUSE to spin up...
02-20 20:02:39.761     0     0 D SELinux : initialized (dev vde, type vfat), uses genfs_contexts
02-20 20:02:39.771  1860  1860 E wpa_supplicant: global ctrl interface @android:wpa_wlan0 matches ctrl interface wlan0 - do not open per-interface ctrl interface
02-20 20:02:39.810  1757  1878 I LatinIME:LogUtils: Dictionary info: dictionary = userunigram.en_US ; version = 1519156959 ; date = ?
02-20 20:02:39.810  1877  1877 W sdcard  : Device explicitly disabled sdcardfs
02-20 20:02:39.815     0     0 D SELinux : initialized (dev fuse, type fuse), uses genfs_contexts
02-20 20:02:39.818     0     0 D SELinux : initialized (dev fuse, type fuse), uses genfs_contexts
02-20 20:02:39.819     0     0 D SELinux : initialized (dev fuse, type fuse), uses genfs_contexts
02-20 20:02:39.819  1267  1302 V vold    : Waiting for FUSE to spin up...
02-20 20:02:39.831  1757  1878 E ActivityThread: Failed to find provider info for user_dictionary
02-20 20:02:39.859  1757  1878 I LatinIME:LogUtils: Dictionary info: dictionary = UserHistoryDictionary.en_US ; version = 1519156959 ; date = ?
02-20 20:02:39.863  1372  1372 I MediaPlayerService: MediaPlayerService::getOMX
02-20 20:02:39.864  1372  1372 I OMXClient: MuxOMX ctor
02-20 20:02:39.864  1369  1369 I OMXMaster: makeComponentInstance(OMX.google.raw.decoder) in mediacodec process
02-20 20:02:39.883  1372  1372 I MediaPlayerService: MediaPlayerService::getOMX
02-20 20:02:39.883  1372  1372 I OMXClient: MuxOMX ctor
02-20 20:02:39.883  1369  1398 I OMXMaster: makeComponentInstance(OMX.google.aac.encoder) in mediacodec process
02-20 20:02:39.885  1677  1728 D VoldConnector: RCV <- {651 public:253,64 2}
02-20 20:02:39.886  1677  1728 D VoldConnector: RCV <- {200 6 Command succeeded}
02-20 20:02:39.886  1677  1727 E VoldConnector: NDC Command {6 volume mount public:253,64 2 0} took too long (692ms)
02-20 20:02:39.896  1372  1372 I MediaPlayerService: MediaPlayerService::getOMX
02-20 20:02:39.897  1372  1372 I OMXClient: MuxOMX ctor
02-20 20:02:39.897  1369  1839 I OMXMaster: makeComponentInstance(OMX.google.amrnb.encoder) in mediacodec process
02-20 20:02:39.906  1677  1677 I SystemServiceManager: Starting phase 600
02-20 20:02:39.906  1372  1372 I MediaPlayerService: MediaPlayerService::getOMX
02-20 20:02:39.906  1372  1372 I OMXClient: MuxOMX ctor
02-20 20:02:39.906  1369  1369 I OMXMaster: makeComponentInstance(OMX.google.amrwb.encoder) in mediacodec process
02-20 20:02:39.923  1372  1372 I MediaPlayerService: MediaPlayerService::getOMX
02-20 20:02:39.923  1372  1372 I OMXClient: MuxOMX ctor
02-20 20:02:39.923  1369  1398 I OMXMaster: makeComponentInstance(OMX.google.flac.encoder) in mediacodec process
02-20 20:02:39.937  1677  1677 D SensorNotificationService: Cannot obtain dynamic meta sensor, not supported.
02-20 20:02:39.943  1677  1677 D TelephonyRegistry: listen oscl: hasNotifySubscriptionInfoChangedOccurred==false no callback
02-20 20:02:39.988  1372  1372 I MediaPlayerService: MediaPlayerService::getOMX
02-20 20:02:39.988  1372  1372 I OMXClient: MuxOMX ctor
02-20 20:02:39.988  1369  1398 I OMXMaster: makeComponentInstance(OMX.google.gsm.decoder) in mediacodec process
02-20 20:02:40.009  1677  1677 I GnssLocationProvider: WakeLock acquired by sendMessage(13, 0, null)
02-20 20:02:40.014  1677  1677 W LocationProviderProxy-network: Odd, no component found for service com.android.location.service.v3.NetworkLocationProvider
02-20 20:02:40.015  1677  1687 I art     : Background sticky concurrent mark sweep GC freed 46224(2MB) AllocSpace objects, 13(272KB) LOS objects, 13% free, 21MB/24MB, paused 5.296ms total 94.805ms
02-20 20:02:40.026  1677  1677 W GeocoderProxy: Odd, no component found for service com.android.location.service.GeocodeProvider
02-20 20:02:40.027  1677  1677 E FlpHardwareProvider: Error hw_get_module 'flp': -2
02-20 20:02:40.027  1677  1677 D LocationManagerService: FLP HAL not supported
02-20 20:02:40.027  1677  1690 W GnssLocationProvider: Could not open GPS configuration file /etc/gps.conf
02-20 20:02:40.029  1677  1677 W GeofenceProxy: Odd, no component found for service com.android.location.service.GeofenceProvider
02-20 20:02:40.029  1677  1690 E GnssLocationProvider: no AGPS interface in set_agps_server
02-20 20:02:40.029  1677  1690 D TelephonyRegistry: listen oscl: hasNotifySubscriptionInfoChangedOccurred==false no callback
02-20 20:02:40.030  1677  1677 E ActivityRecognitionHardware: Error hw_get_module: -2
02-20 20:02:40.030  1677  1677 D LocationManagerService: Hardware Activity-Recognition not supported.
02-20 20:02:40.030  1677  1677 W ActivityRecognitionProxy: Odd, no component found for service com.android.location.service.ActivityRecognitionProvider
02-20 20:02:40.031  1763  1763 I vol.Events: writeEvent collection_started
02-20 20:02:40.038  1763  1908 I sysui_action: [213,2]
02-20 20:02:40.038  1763  1908 I vol.Events: writeEvent external_ringer_mode_changed normal
02-20 20:02:40.038  1763  1908 I vol.Events: writeEvent internal_ringer_mode_changed normal
02-20 20:02:40.040  1677  1677 I GnssLocationProvider: WakeLock acquired by sendMessage(2, 1, null)
02-20 20:02:40.041  1372  1372 I MediaPlayerService: MediaPlayerService::getOMX
02-20 20:02:40.041  1372  1372 I OMXClient: MuxOMX ctor
02-20 20:02:40.041  1369  1398 I OMXMaster: makeComponentInstance(OMX.google.mpeg4.decoder) in mediacodec process
02-20 20:02:40.043  1677  1677 I CommonTimeManagementService: No common time service detected on this platform.  Common time services will be unavailable.
02-20 20:02:40.043  1677  1677 D TelephonyRegistry: systemRunning register for intents
02-20 20:02:40.050  1677  1677 I MmsServiceBroker: Delay connecting to MmsService until an API is called
02-20 20:02:40.055  1677  1726 I InputReader: Reconfiguring input devices.  changes=0x00000020
02-20 20:02:40.057  1677  1726 I InputReader: Reconfiguring input devices.  changes=0x00000010
02-20 20:02:40.080  1757  1878 I LatinIME:LogUtils: Dictionary info: dictionary = main:en ; version = 54 ; date = 1414726273
02-20 20:02:40.107  1677  1677 I am_proc_start: [0,1914,1001,com.android.phone,added application,com.android.phone]
02-20 20:02:40.107  1677  1677 I ActivityManager: Start proc 1914:com.android.phone/1001 for added application com.android.phone
02-20 20:02:40.109  1677  1677 I ActivityManager: START u0 {act=android.intent.action.MAIN cat=[android.intent.category.HOME] flg=0x10000100 cmp=com.android.settings/.FallbackHome} from uid 0 on display 0
02-20 20:02:40.109  1677  1677 W System  : ClassLoader referenced unknown path: 
02-20 20:02:40.109  1677  1677 W System  : ClassLoader referenced unknown path: /system/priv-app/Settings/lib/x86_64
02-20 20:02:40.110  1677  1677 D ApplicationLoaders: ignored Vulkan layer search path /system/priv-app/Settings/lib/x86_64:/system/priv-app/Settings/Settings.apk!/lib/x86_64:/system/lib64:/vendor/lib64 for namespace 0x720616b94160
02-20 20:02:40.110  1914  1914 W art     : Unexpected CPU variant for X86 using defaults: x86_64
02-20 20:02:40.116  1677  1677 I ActivityManager: Loaded persisted task ids for user 0
02-20 20:02:40.116  1677  1677 I am_create_task: [0,1]
02-20 20:02:40.116  1677  1677 I am_create_activity: [0,16011266,1,com.android.settings/.FallbackHome,android.intent.action.MAIN,NULL,NULL,276824320]
02-20 20:02:40.117  1677  1677 I wm_task_created: [1,0]
02-20 20:02:40.120  1369  1369 E OMXNodeInstance: getExtensionIndex(559000f:google.mpeg4.decoder, OMX.google.android.index.configureVideoTunnelMode) ERROR: UnsupportedIndex(0x8000101a)
02-20 20:02:40.120  1369  1839 W OMXNodeInstance: [559000f:google.mpeg4.decoder] component does not support metadata mode; using fallback
02-20 20:02:40.121  1677  1677 I wm_task_moved: [1,1,0]
02-20 20:02:40.121  1677  1677 I wm_task_moved: [1,1,0]
02-20 20:02:40.122  1677  1677 I am_focused_activity: [0,com.android.settings/.FallbackHome,startedActivity]
02-20 20:02:40.137  1677  1677 I am_proc_start: [0,1925,1000,com.android.settings,activity,com.android.settings/.FallbackHome]
02-20 20:02:40.137  1677  1677 I ActivityManager: Start proc 1925:com.android.settings/1000 for activity com.android.settings/.FallbackHome
02-20 20:02:40.138  1372  1372 I MediaPlayerService: MediaPlayerService::getOMX
02-20 20:02:40.138  1372  1372 I OMXClient: MuxOMX ctor
02-20 20:02:40.138  1369  1398 I OMXMaster: makeComponentInstance(OMX.google.h263.decoder) in mediacodec process
02-20 20:02:40.142  1677  1677 I SystemServer: Enabled StrictMode for system server main thread.
02-20 20:02:40.144  1677  1677 D ConditionProviders.SCP: onConnected
02-20 20:02:40.144  1677  1677 D ZenLog  : set_zen_mode: off,readXml
02-20 20:02:40.145  1677  1689 I am_proc_bound: [0,1914,com.android.phone]
02-20 20:02:40.162  1677  1677 D ConditionProviders: Subscribing to condition://android/schedule?days=6.7&start=23.30&end=10.0&exitAtAlarm=false with ComponentInfo{android/com.android.server.notification.ScheduleConditionProvider}
02-20 20:02:40.163  1677  1677 D ZenLog  : subscribe: condition://android/schedule?days=6.7&start=23.30&end=10.0&exitAtAlarm=false,ok
02-20 20:02:40.163  1677  1677 D ConditionProviders: Subscribing to condition://android/event?userId=-10000&calendar=&reply=1 with ComponentInfo{android/com.android.server.notification.EventConditionProvider}
02-20 20:02:40.163  1677  1677 D ZenLog  : subscribe: condition://android/event?userId=-10000&calendar=&reply=1,ok
02-20 20:02:40.163  1677  1677 D ConditionProviders: Subscribing to condition://android/schedule?days=1.2.3.4.5&start=22.0&end=7.0&exitAtAlarm=false with ComponentInfo{android/com.android.server.notification.ScheduleConditionProvider}
02-20 20:02:40.163  1677  1677 D ZenLog  : subscribe: condition://android/schedule?days=1.2.3.4.5&start=22.0&end=7.0&exitAtAlarm=false,ok
02-20 20:02:40.182  1925  1925 W art     : Unexpected CPU variant for X86 using defaults: x86_64
02-20 20:02:40.200  1677  1677 D RttService: SCAN_AVAILABLE : 1
02-20 20:02:40.200  1677  1740 I WifiScanningService: wifi driver unloaded
02-20 20:02:40.200  1677  1741 D RttService: DefaultState got{ when=0 what=160513 target=com.android.internal.util.StateMachine$SmHandler }
02-20 20:02:40.200  1677  1677 D ZenLog  : set_zen_mode: off,cleanUpZenRules
02-20 20:02:40.244  1677  1789 I am_proc_bound: [0,1925,com.android.settings]
02-20 20:02:40.245  1914  1914 W System  : ClassLoader referenced unknown path: /system/priv-app/TeleService/lib/x86_64
02-20 20:02:40.247  1369  1839 E OMXNodeInstance: getExtensionIndex(5590010:google.h263.decoder, OMX.google.android.index.configureVideoTunnelMode) ERROR: UnsupportedIndex(0x8000101a)
02-20 20:02:40.247  1369  1369 W OMXNodeInstance: [5590010:google.h263.decoder] component does not support metadata mode; using fallback
02-20 20:02:40.248  1372  1372 I MediaPlayerService: MediaPlayerService::getOMX
02-20 20:02:40.248  1372  1372 I OMXClient: MuxOMX ctor
02-20 20:02:40.249  1369  1398 I OMXMaster: makeComponentInstance(OMX.google.h264.decoder) in mediacodec process
02-20 20:02:40.298  1677  1742 W art     : Long monitor contention with owner android.bg (1690) at boolean android.os.MessageQueue.enqueueMessage(android.os.Message, long)(MessageQueue.java:541) waiters=0 in android.os.Message android.os.MessageQueue.next() for 158ms
02-20 20:02:40.299  1677  1742 I dvm_lock_sample: [system_server,0,ConnectivityServiceThread,158,MessageQueue.java,325,-,541,31]
02-20 20:02:40.299  1372  1372 W ACodec  : [OMX.google.h264.decoder] stopping checking profiles after 32: 2/8000
02-20 20:02:40.299  1369  1398 E OMXNodeInstance: getExtensionIndex(5590011:google.h264.decoder, OMX.google.android.index.configureVideoTunnelMode) ERROR: UnsupportedIndex(0x8000101a)
02-20 20:02:40.299  1369  1369 W OMXNodeInstance: [5590011:google.h264.decoder] component does not support metadata mode; using fallback
02-20 20:02:40.300  1677  1690 I GnssLocationProvider: WakeLock released by handleMessage(13, 0, null)
02-20 20:02:40.300  1677  1690 E GnssLocationProvider: no AGPS interface in set_agps_server
02-20 20:02:40.300  1372  1372 I MediaPlayerService: MediaPlayerService::getOMX
02-20 20:02:40.300  1372  1372 I OMXClient: MuxOMX ctor
02-20 20:02:40.300  1369  1839 I OMXMaster: makeComponentInstance(OMX.google.hevc.decoder) in mediacodec process
02-20 20:02:40.300  1677  1690 I GnssLocationProvider: WakeLock released by handleMessage(2, 1, null)
02-20 20:02:40.304  1677  1690 W LocationProviderProxy-network: Odd, no component found for service com.android.location.service.v3.NetworkLocationProvider
02-20 20:02:40.304  1677  1690 W GeocoderProxy: Odd, no component found for service com.android.location.service.GeocodeProvider
02-20 20:02:40.304  1677  1690 W GeofenceProxy: Odd, no component found for service com.android.location.service.GeofenceProvider
02-20 20:02:40.304  1677  1690 W ActivityRecognitionProxy: Odd, no component found for service com.android.location.service.ActivityRecognitionProvider
02-20 20:02:40.334  1677  1677 W System  : ClassLoader referenced unknown path: /system/priv-app/Telecom/lib/x86_64
02-20 20:02:40.335  1677  1677 D ApplicationLoaders: ignored Vulkan layer search path /system/priv-app/Telecom/lib/x86_64:/system/priv-app/Telecom/Telecom.apk!/lib/x86_64:/system/lib64:/vendor/lib64 for namespace 0x720616b941d0
02-20 20:02:40.339  1369  1839 E OMXNodeInstance: getExtensionIndex(5590012:google.hevc.decoder, OMX.google.android.index.configureVideoTunnelMode) ERROR: UnsupportedIndex(0x8000101a)
02-20 20:02:40.339  1369  1369 W OMXNodeInstance: [5590012:google.hevc.decoder] component does not support metadata mode; using fallback
02-20 20:02:40.342  1372  1372 I MediaPlayerService: MediaPlayerService::getOMX
02-20 20:02:40.343  1372  1372 I OMXClient: MuxOMX ctor
02-20 20:02:40.343  1369  1398 I OMXMaster: makeComponentInstance(OMX.google.vp8.decoder) in mediacodec process
02-20 20:02:40.362  1369  1839 E OMXNodeInstance: getExtensionIndex(5590013:google.vp8.decoder, OMX.google.android.index.configureVideoTunnelMode) ERROR: UnsupportedIndex(0x8000101a)
02-20 20:02:40.363  1369  1839 W OMXNodeInstance: [5590013:google.vp8.decoder] component does not support metadata mode; using fallback
02-20 20:02:40.364  1372  1372 I MediaPlayerService: MediaPlayerService::getOMX
02-20 20:02:40.364  1372  1372 I OMXClient: MuxOMX ctor
02-20 20:02:40.364  1369  1369 I OMXMaster: makeComponentInstance(OMX.google.vp9.decoder) in mediacodec process
02-20 20:02:40.380  1369  1369 E OMXNodeInstance: getExtensionIndex(5590014:google.vp9.decoder, OMX.google.android.index.configureVideoTunnelMode) ERROR: UnsupportedIndex(0x8000101a)
02-20 20:02:40.380  1369  1839 W OMXNodeInstance: [5590014:google.vp9.decoder] component does not support metadata mode; using fallback
02-20 20:02:40.384  1372  1372 I MediaPlayerService: MediaPlayerService::getOMX
02-20 20:02:40.385  1372  1372 I OMXClient: MuxOMX ctor
02-20 20:02:40.385  1369  1369 I OMXMaster: makeComponentInstance(OMX.google.h263.encoder) in mediacodec process
02-20 20:02:40.399  1312  1324 D PermissionCache: checking android.permission.READ_FRAME_BUFFER for uid=1000 => granted (223 us)
02-20 20:02:40.399  1312  1324 D gralloc_ranchu: gralloc_alloc: Creating ashmem region of size 17051648
02-20 20:02:40.402  1369  1369 I SoftMPEG4Encoder: Construct SoftMPEG4Encoder
02-20 20:02:40.410  1372  1372 W ACodec  : do not know color format 0x7f000789 = 2130708361
02-20 20:02:40.411  1369  1965 E OMXNodeInstance: getConfig(5590015:google.h263.encoder, ConfigAndroidIntraRefresh(0x6f60000a)) ERROR: Undefined(0x80001001)
02-20 20:02:40.413  1372  1372 I MediaPlayerService: MediaPlayerService::getOMX
02-20 20:02:40.413  1372  1372 I OMXClient: MuxOMX ctor
02-20 20:02:40.413  1369  1398 I OMXMaster: makeComponentInstance(OMX.google.h264.encoder) in mediacodec process
02-20 20:02:40.441  1372  1372 W ACodec  : do not know color format 0x7f000789 = 2130708361
02-20 20:02:40.444  1372  1372 I MediaPlayerService: MediaPlayerService::getOMX
02-20 20:02:40.444  1372  1372 I OMXClient: MuxOMX ctor
02-20 20:02:40.444  1369  1398 I OMXMaster: makeComponentInstance(OMX.google.mpeg4.encoder) in mediacodec process
02-20 20:02:40.440     0     0 D ieee80211 phy1: mac80211_hwsim_configure_filter
02-20 20:02:40.464  1369  1398 I SoftMPEG4Encoder: Construct SoftMPEG4Encoder
02-20 20:02:40.464  1372  1372 W ACodec  : do not know color format 0x7f000789 = 2130708361
02-20 20:02:40.464  1369  1839 E OMXNodeInstance: getConfig(5590017:google.mpeg4.encoder, ConfigAndroidIntraRefresh(0x6f60000a)) ERROR: Undefined(0x80001001)
02-20 20:02:40.467  1372  1372 I MediaPlayerService: MediaPlayerService::getOMX
02-20 20:02:40.467  1372  1372 I OMXClient: MuxOMX ctor
02-20 20:02:40.468  1369  1839 I OMXMaster: makeComponentInstance(OMX.google.vp8.encoder) in mediacodec process
02-20 20:02:40.490  1372  1372 W ACodec  : do not know color format 0x7f000789 = 2130708361
02-20 20:02:40.490  1369  1398 E OMXNodeInstance: getConfig(5590018:google.vp8.encoder, ConfigAndroidIntraRefresh(0x6f60000a)) ERROR: Undefined(0x80001001)
02-20 20:02:40.492  1372  1372 I MediaPlayerService: MediaPlayerService::getOMX
02-20 20:02:40.492  1372  1372 I OMXClient: MuxOMX ctor
02-20 20:02:40.494  1372  1372 I MediaPlayerService: MediaPlayerService::getOMX
02-20 20:02:40.494  1372  1372 I OMXClient: MuxOMX ctor
02-20 20:02:40.494  1372  1372 W MediaCodecList: unable to open media codecs configuration xml file: /data/misc/media/media_codecs_profiling_results.xml
02-20 20:02:40.495  1372  1372 I MediaPlayerService: MediaPlayerService::getOMX
02-20 20:02:40.495  1372  1372 I MediaPlayerService: MediaPlayerService::getOMX
02-20 20:02:40.495  1677  1811 I OMXClient: MuxOMX ctor
02-20 20:02:40.495  1763  1875 I OMXClient: MuxOMX ctor
02-20 20:02:40.495  1369  1965 I OMXMaster: makeComponentInstance(OMX.google.vorbis.decoder) in mediacodec process
02-20 20:02:40.513  1677  1789 I am_restart_activity: [0,16011266,1,com.android.settings/.FallbackHome]
02-20 20:02:40.516  1677  1677 W art     : Long monitor contention with owner Binder:1677_4 (1789) at void com.android.server.am.ActivityManagerService.attachApplication(android.app.IApplicationThread)(ActivityManagerService.java:6669) waiters=1 in void com.android.server.am.ActivityManagerService.serviceDoneExecuting(android.os.IBinder, int, int, int) for 171ms
02-20 20:02:40.530  1677  1738 D WifiConfigManager: Loading config and enabling all networks 
02-20 20:02:40.535  1677  1677 I dvm_lock_sample: [system_server,1,main,171,ActivityManagerService.java,17339,-,6669,34]
02-20 20:02:40.550  1925  1925 W System  : ClassLoader referenced unknown path: /system/priv-app/Settings/lib/x86_64
02-20 20:02:40.552  1914  1914 W System  : ClassLoader referenced unknown path: /system/priv-app/TelephonyProvider/lib/x86_64
02-20 20:02:40.555  1914  1914 D ApplicationLoaders: ignored Vulkan layer search path /system/priv-app/TelephonyProvider/lib/x86_64:/system/lib64:/vendor/lib64 for namespace 0x720616b290f0
02-20 20:02:40.562  1677  1738 W WifiNetworkHistory: Upgrading network 0 to android.uid.system:1000
02-20 20:02:40.569  1677  1738 D WifiConfigManager: loaded 0 passpoint configs
02-20 20:02:40.577  1369  1369 I OMXMaster: makeComponentInstance(OMX.google.vorbis.decoder) in mediacodec process
02-20 20:02:40.569  1677  1738 E IpConfigStore: Error parsing configuration: java.io.FileNotFoundException: /data/misc/wifi/ipconfig.txt (No such file or directory)
02-20 20:02:40.612  1677  1677 E BluetoothAdapter: Bluetooth binder is null
02-20 20:02:40.620  1677  1738 D WifiNative-HAL: Setting external_sim to 1
02-20 20:02:40.624  1677  1738 D WifiStateMachine: Setting OUI to DA-A1-19
02-20 20:02:40.628  1677  1677 I Telecom : SystemStateProvider: Registering car mode receiver: android.content.IntentFilter@d3c60f3: TS.init@AAA
02-20 20:02:40.640  1677  1689 I stream_devices_changed: [0,0,2]
02-20 20:02:40.641  1677  1689 I stream_devices_changed: [2,0,2]
02-20 20:02:40.641  1677  1689 I stream_devices_changed: [3,0,2]
02-20 20:02:40.642  1677  1689 I stream_devices_changed: [6,0,2]
02-20 20:02:40.643  1677  1689 I stream_devices_changed: [4,0,2]
02-20 20:02:40.643  1763  1908 I vol.Events: writeEvent level_changed STREAM_ALARM 6
02-20 20:02:40.644  1763  1908 I vol.Events: writeEvent level_changed STREAM_BLUETOOTH_SCO 7
02-20 20:02:40.645  1763  1908 I vol.Events: writeEvent level_changed STREAM_MUSIC 11
02-20 20:02:40.646  1763  1908 I vol.Events: writeEvent level_changed STREAM_RING 5
02-20 20:02:40.646  1763  1908 I vol.Events: writeEvent level_changed STREAM_SYSTEM 5
02-20 20:02:40.647  1763  1908 I vol.Events: writeEvent level_changed STREAM_VOICE_CALL 4
02-20 20:02:40.685  1925  1925 I am_on_resume_called: [0,com.android.settings.FallbackHome,LAUNCH_ACTIVITY]
02-20 20:02:40.690  1677  1981 I Telecom : Telecom: Non-call EVENT: AUDIO_ROUTE, Entering state QuiescentEarpieceRoute
02-20 20:02:40.694  1677  1738 I WifiConnectivityManager: PNO settings: min5GHzRssi -82 min24GHzRssi -85 currentConnectionBonus 16 sameNetworkBonus 24 secureNetworkBonus 80 initialScoreMax 100
02-20 20:02:40.694  1677  1738 I WifiConnectivityManager: ConnectivityScanManager initialized and disabled
02-20 20:02:40.694  1677  1738 I WifiConnectivityManager: setUntrustedConnectionAllowed: allowed=false
02-20 20:02:40.694  1677  1738 E WifiLogger: no ring buffers found
02-20 20:02:40.694  1677  1738 E WifiLogger: Failed to start packet fate monitoring
02-20 20:02:40.695  1312  1323 E SurfaceFlinger: ro.sf.lcd_density must be defined as a build property
02-20 20:02:40.700  1372  1892 I MediaPlayerService: MediaPlayerService::getOMX
02-20 20:02:40.700  1763  1985 I OMXClient: MuxOMX ctor
02-20 20:02:40.701  1369  1369 I OMXMaster: makeComponentInstance(OMX.google.vorbis.decoder) in mediacodec process
02-20 20:02:40.706  1925  1925 D         : HostConnection::get() New Host Connection established 0x720607ffdd60, tid 1925
02-20 20:02:40.707  1677  1984 I Telecom : CallAudioModeStateMachine: Message received: null.: TS.init->CAMSM.pM_1@AAA_0
02-20 20:02:40.709  1677  1738 I WifiConnectivityManager: Set WiFi enabled
02-20 20:02:40.709  1677  1738 I WifiConnectivityManager: scheduleWatchdogTimer
02-20 20:02:40.715  1677  1738 D WifiNative-HAL: Failing getSupportedFeatureset because HAL isn't started
02-20 20:02:40.716  1677  1694 E BatteryStatsService: no controller energy info supplied
02-20 20:02:40.716  1677  1694 E KernelCpuSpeedReader: Failed to read cpu-freq: /sys/devices/system/cpu/cpu0/cpufreq/stats/time_in_state (No such file or directory)
02-20 20:02:40.717  1677  1694 E KernelUidCpuTimeReader: Failed to read uid_cputime: /proc/uid_cputime/show_uid_stat (No such file or directory)
02-20 20:02:40.720  1677  1738 D WifiNative-HAL: Failing getSupportedFeatureset because HAL isn't started
02-20 20:02:40.720  1677  1694 E BatteryStatsService: no controller energy info supplied
02-20 20:02:40.720  1677  1694 E KernelCpuSpeedReader: Failed to read cpu-freq: /sys/devices/system/cpu/cpu0/cpufreq/stats/time_in_state (No such file or directory)
02-20 20:02:40.720  1677  1694 E KernelUidCpuTimeReader: Failed to read uid_cputime: /proc/uid_cputime/show_uid_stat (No such file or directory)
02-20 20:02:40.729  1677  1677 E BluetoothAdapter: Bluetooth binder is null
02-20 20:02:40.759  1677  1988 E ActivityThread: Failed to find provider info for call_log
02-20 20:02:40.761  1677  1677 I Telecom : Class: TelecomSystem.INSTANCE being set
02-20 20:02:40.761  1677  1677 E BluetoothAdapter: Bluetooth binder is null
02-20 20:02:40.768  1677  1677 W ContextImpl: Calling a method in the system process without a qualified user: android.app.ContextImpl.startService:1357 com.android.server.content.SyncManager$13.run:658 android.os.Handler.handleCallback:751 android.os.Handler.dispatchMessage:95 android.os.Looper.loop:154 
02-20 20:02:40.777  1312  1353 E SurfaceFlinger: ro.sf.lcd_density must be defined as a build property
02-20 20:02:40.778  1372  1372 I MediaPlayerService: MediaPlayerService::getOMX
02-20 20:02:40.778  1677  1993 I OMXClient: MuxOMX ctor
02-20 20:02:40.779  1369  1965 I OMXMaster: makeComponentInstance(OMX.google.vorbis.decoder) in mediacodec process
02-20 20:02:40.781  1372  1410 I MediaPlayerService: MediaPlayerService::getOMX
02-20 20:02:40.781  1763  1997 I OMXClient: MuxOMX ctor
02-20 20:02:40.794  1677  1677 W System  : ClassLoader referenced unknown path: /system/priv-app/FusedLocation/lib/x86_64
02-20 20:02:40.795  1677  1677 D ApplicationLoaders: ignored Vulkan layer search path /system/priv-app/FusedLocation/lib/x86_64:/system/priv-app/FusedLocation/FusedLocation.apk!/lib/x86_64:/system/lib64:/vendor/lib64 for namespace 0x720616b94240
02-20 20:02:40.800  1763  1763 D         : HostConnection::get() New Host Connection established 0x720607fbc900, tid 1763
02-20 20:02:40.803  1914  1914 D TelephonyProvider: dbh.onOpen: ok, queried table=siminfo
02-20 20:02:40.803  1914  1914 D TelephonyProvider: dbh.onOpen: ok, queried table=carriers
02-20 20:02:40.831  1369  1369 I OMXMaster: makeComponentInstance(OMX.google.vorbis.decoder) in mediacodec process
02-20 20:02:40.847  1677  1677 D GpsNetInitiatedHandler: location enabled :true
02-20 20:02:40.847  1677  1677 V WiredAccessoryManager: notifyWiredAccessoryChanged: when=0 bits= mask=54
02-20 20:02:40.847  1677  1677 V WiredAccessoryManager: newName=h2w newState=0 headsetState=0 prev headsetState=0
02-20 20:02:40.847  1677  1677 E WiredAccessoryManager: No state change.
02-20 20:02:40.847  1677  1677 V WiredAccessoryManager: init()
02-20 20:02:40.876  1677  1677 I dvm_lock_sample: [system_server,1,main,28,WindowManagerService.java,2363,-,2857,5]
02-20 20:02:40.877  1925  1983 D         : HostConnection::get() New Host Connection established 0x720607ffde20, tid 1983
02-20 20:02:40.879  1925  1983 I OpenGLRenderer: Initialized EGL, version 1.4
02-20 20:02:40.879  1925  1983 D OpenGLRenderer: Swap behavior 1
02-20 20:02:40.922  1925  1983 D EGL_emulation: eglCreateContext: 0x720607fedc20: maj 3 min 0 rcv 3
02-20 20:02:40.942  1914  1914 D TDC     : updateOrInsert: inserting: Modem { uuid=modem, state=0, rilModel=0, rat={}, maxActiveVoiceCall=1, maxActiveDataCall=1, maxStandby=1 }
02-20 20:02:40.942  1914  1914 D TDC     : updateOrInsert: inserting: Sim { uuid=sim, modemUuid=modem, state=0 }
02-20 20:02:40.944  1372  1410 I MediaPlayerService: MediaPlayerService::getOMX
02-20 20:02:40.944  1763  1763 D StorageNotification: Notifying about private volume: VolumeInfo{private}:
02-20 20:02:40.944  1763  1763 D StorageNotification:     type=PRIVATE diskId=null partGuid=null mountFlags=0 mountUserId=-1 
02-20 20:02:40.944  1763  1763 D StorageNotification:     state=MOUNTED 
02-20 20:02:40.944  1763  1763 D StorageNotification:     fsType=null fsUuid=null fsLabel=null 
02-20 20:02:40.944  1763  1763 D StorageNotification:     path=/data internalPath=null 
02-20 20:02:40.944  1677  2016 I OMXClient: MuxOMX ctor
02-20 20:02:40.945  1369  1398 I OMXMaster: makeComponentInstance(OMX.google.vorbis.decoder) in mediacodec process
02-20 20:02:40.945  1763  1763 D StorageNotification: Notifying about public volume: VolumeInfo{public:253,64}:
02-20 20:02:40.945  1763  1763 D StorageNotification:     type=PUBLIC diskId=disk:253,64 partGuid=null mountFlags=VISIBLE 
02-20 20:02:40.945  1763  1763 D StorageNotification:     mountUserId=0 state=MOUNTED 
02-20 20:02:40.945  1763  1763 D StorageNotification:     fsType=vfat fsUuid=1E12-0B12 fsLabel=SDCARD 
02-20 20:02:40.945  1763  1763 D StorageNotification:     path=/storage/1E12-0B12 internalPath=/mnt/media_rw/1E12-0B12 
02-20 20:02:40.966  1914  1914 D CdmaSSM : subscriptionSource from settings: 0
02-20 20:02:40.966  1914  1914 I PhoneFactory: Cdma Subscription set to 0
02-20 20:02:40.989  1914  1914 I PhoneFactory: Network Mode set to 0
02-20 20:02:41.007  1914  1914 D RILJ    : RIL(context, preferredNetworkType=0 cdmaSubscription=0)
02-20 20:02:41.017  1925  1983 D EGL_emulation: eglMakeCurrent: 0x720607fedc20: ver 3 0 (tinfo 0x720607febee0)
02-20 20:02:41.052  1677  1677 W VibratorService: Tried to stop vibrating but there is no vibrator device.
02-20 20:02:41.056  1677  1677 D ConditionProviders.SCP: onSubscribe condition://android/schedule?days=6.7&start=23.30&end=10.0&exitAtAlarm=false
02-20 20:02:41.056  1677  1677 D ConditionProviders.SCP: setRegistered true
02-20 20:02:41.057  1677  1677 D ConditionProviders.SCP: notifyCondition condition://android/schedule?days=6.7&start=23.30&end=10.0&exitAtAlarm=false STATE_FALSE reason=!meetsSchedule
02-20 20:02:41.057  1677  1677 D ConditionProviders.SCP: Scheduling evaluate for Tue Feb 20 23:30:00 GMT+00:00 2018 (1519169400000), in +3h27m18s943ms, now=Tue Feb 20 20:02:41 GMT+00:00 2018 (1519156961057)
02-20 20:02:41.058  1677  1677 D ConditionProviders.SCP: onSubscribe condition://android/schedule?days=1.2.3.4.5&start=22.0&end=7.0&exitAtAlarm=false
02-20 20:02:41.058  1677  1677 D ConditionProviders.SCP: notifyCondition condition://android/schedule?days=6.7&start=23.30&end=10.0&exitAtAlarm=false STATE_FALSE reason=!meetsSchedule
02-20 20:02:41.058  1677  1677 D ConditionProviders.SCP: notifyCondition condition://android/schedule?days=1.2.3.4.5&start=22.0&end=7.0&exitAtAlarm=false STATE_FALSE reason=!meetsSchedule
02-20 20:02:41.059  1677  1677 D ConditionProviders.SCP: Scheduling evaluate for Tue Feb 20 22:00:00 GMT+00:00 2018 (1519164000000), in +1h57m18s942ms, now=Tue Feb 20 20:02:41 GMT+00:00 2018 (1519156961058)
02-20 20:02:41.060  1914  1914 D RILJ    : Starting RILReceiver0 [SUB0]
02-20 20:02:41.062  1677  1732 I netstats_mobile_sample: [0,0,0,0,0,0,0,0,0,0,0,0,-1]
02-20 20:02:41.062  1677  1732 I netstats_wifi_sample: [0,0,0,0,0,0,0,0,0,0,0,0,-1]
02-20 20:02:41.080  1677  1677 I Telecom : WiredHeadsetManager: ACTION_HEADSET_PLUG event, plugged in: false, : WHC.oADA@AAE
02-20 20:02:41.081  1914  1914 D RILJ    : [3648]> GET_HARDWARE_CONFIG [SUB0]
02-20 20:02:41.082  1914  1914 D RilRequest: [3648]< GET_HARDWARE_CONFIG error: com.android.internal.telephony.CommandException: RADIO_NOT_AVAILABLE ret=
02-20 20:02:41.082  1914  1914 I PhoneFactory: Creating SubscriptionController
02-20 20:02:41.087  1374  1459 I RILC    : libril: new connection to RIL_SOCKET_1
02-20 20:02:41.087  1374  1459 I RILC    : RIL Daemon version: android reference-ril 1.0
02-20 20:02:41.093  1914  2021 I RILJ    : (0) Connected to 'rild' socket
02-20 20:02:41.096  1914  2021 D RILJ    : [UNSL]< UNSOL_RIL_CONNECTED {12} [SUB0]
02-20 20:02:41.096  1914  2021 D RILJ    : [3649]> RADIO_POWER off [SUB0]
02-20 20:02:41.097  1914  1914 D SubscriptionController: [SubscriptionController] init by Context
02-20 20:02:41.100  1677  1677 I ActivityManager: user 0 is still locked. Cannot load recents
02-20 20:02:41.101  1914  1914 D UiccController: Creating UiccController
02-20 20:02:41.102  1677  1740 I WifiScanningService: wifi driver loaded with scan capabilities: max buckets=16
02-20 20:02:41.102  1677  1677 D RttService: SCAN_AVAILABLE : 3
02-20 20:02:41.102  1677  1741 D RttService: DefaultState got{ when=0 what=160512 target=com.android.internal.util.StateMachine$SmHandler }
02-20 20:02:41.109  1677  1677 I notification_enqueue: [10028,1763,com.android.systemui,1397773634,public:253,64,-1,Notification(pri=0 contentView=null vibrate=null sound=null defaults=0x0 flags=0x100 color=0xff607d8b category=sys actions=2 vis=PUBLIC),0]
02-20 20:02:41.112  1677  1677 D TelephonyRegistry: notifyCellLocationForSubscriber: subId=0 cellLocation=Bundle[{}]
02-20 20:02:41.113  1374  1459 D RIL     : onRequest: RADIO_POWER
02-20 20:02:41.113  1914  1935 D SubscriptionController: [getPhoneId]- no sims, returning default phoneId=2147483647
02-20 20:02:41.113  1914  2021 D RILJ    : [3650]> RIL_REQUEST_CDMA_SET_SUBSCRIPTION_SOURCE : 0 [SUB0]
02-20 20:02:41.114  1374  1459 D RIL     : onRequest: CDMA_SET_SUBSCRIPTION_SOURCE
02-20 20:02:41.114  1914  2021 D RILJ    : setCellInfoListRate: 2147483647 [SUB0]
02-20 20:02:41.114  1914  2021 D RILJ    : [3651]> RIL_REQUEST_SET_CELL_INFO_LIST_RATE [SUB0]
02-20 20:02:41.114  1374  1459 D RIL     : onRequest: SET_UNSOL_CELL_INFO_LIST_RATE
02-20 20:02:41.114  1914  2021 D RILJ    : [UNSL]< UNSOL_RESPONSE_RADIO_STATE_CHANGED RADIO_OFF [SUB0]
02-20 20:02:41.114  1914  2021 D RILJ    : [3652]> SCREEN_STATE: true [SUB0]
02-20 20:02:41.124  1374  1459 D RIL     : onRequest: SCREEN_STATE
02-20 20:02:41.125  1914  2021 D RILJ    : [UNSL]< UNSOL_NITZ_TIME_RECEIVED 18/02/20:20:02:32+0:0:Unknown!Unknown [SUB0]
02-20 20:02:41.127  1914  1914 D TelephonyTester: register for intent action=com.android.internal.telephony.action_detached
02-20 20:02:41.127  1914  1914 D TelephonyTester: register for intent action=com.android.internal.telephony.action_attached
02-20 20:02:41.130  1914  2021 D RILJ    : [3649]< RADIO_POWER  [SUB0]
02-20 20:02:41.134  1914  2021 D RilRequest: [3650]< RIL_REQUEST_CDMA_SET_SUBSCRIPTION_SOURCE error: com.android.internal.telephony.CommandException: RADIO_NOT_AVAILABLE ret=
02-20 20:02:41.134  1914  2021 D RilRequest: [3651]< RIL_REQUEST_SET_CELL_INFO_LIST_RATE error: com.android.internal.telephony.CommandException: RADIO_NOT_AVAILABLE ret=
02-20 20:02:41.134  1914  2021 D RilRequest: [3652]< SCREEN_STATE error: com.android.internal.telephony.CommandException: RADIO_NOT_AVAILABLE ret=
02-20 20:02:41.143  1914  1914 D Phone   : mDoesRilSendMultipleCallRing=true
