02-20 20:02:43.361  1914  2021 D RilRequest: [3683]< QUERY_FACILITY_LOCK error: com.android.internal.telephony.CommandException: REQUEST_NOT_SUPPORTED ret=
02-20 20:02:43.362  1914  1914 D RILJ    : [3684]> QUERY_FACILITY_LOCK [SC 7 null] [SUB0]
02-20 20:02:43.369  1374  1459 D RIL     : onRequest: QUERY_FACILITY_LOCK
02-20 20:02:43.369  1374  1459 D RIL     : Request not supported. Tech: 1
02-20 20:02:43.369  1914  2021 D RilRequest: [3684]< QUERY_FACILITY_LOCK error: com.android.internal.telephony.CommandException: REQUEST_NOT_SUPPORTED ret=
02-20 20:02:43.373  2179  2179 I CalendarProvider2: Created com.android.providers.calendar.CalendarAlarmManager@50d4cc8(com.android.providers.calendar.CalendarProvider2@ebed161)
02-20 20:02:43.375  1914  1914 D UiccCardApplication: Notifying registrants: READY
02-20 20:02:43.375  1914  1914 D UiccCardApplication: APPTYPE_RUIM update. New {APPTYPE_RUIM,APPSTATE_READY}
02-20 20:02:43.375  1914  1914 D UiccCardApplication: APPTYPE_RUIM changed state: APPSTATE_DETECTED -> APPSTATE_READY
02-20 20:02:43.375  1914  1914 D RILJ    : [3685]> QUERY_FACILITY_LOCK [FD 7 null] [SUB0]
02-20 20:02:43.376  1374  1459 D RIL     : onRequest: QUERY_FACILITY_LOCK
02-20 20:02:43.376  1374  1459 D RIL     : Request not supported. Tech: 1
02-20 20:02:43.376  1914  2021 D RilRequest: [3685]< QUERY_FACILITY_LOCK error: com.android.internal.telephony.CommandException: REQUEST_NOT_SUPPORTED ret=
02-20 20:02:43.376  1914  1914 D RILJ    : [3686]> QUERY_FACILITY_LOCK [SC 7 null] [SUB0]
02-20 20:02:43.384  1374  1459 D RIL     : onRequest: QUERY_FACILITY_LOCK
02-20 20:02:43.384  1374  1459 D RIL     : Request not supported. Tech: 1
02-20 20:02:43.384  1914  2021 D RilRequest: [3686]< QUERY_FACILITY_LOCK error: com.android.internal.telephony.CommandException: REQUEST_NOT_SUPPORTED ret=
02-20 20:02:43.384  1914  1914 D UiccCardApplication: Notifying registrants: READY
02-20 20:02:43.384  1914  1914 D UiccCard: Before privilege rules: Handler (com.android.internal.telephony.uicc.UiccCarrierPrivilegeRules) {1ba41a9} : CARDSTATE_PRESENT
02-20 20:02:43.384  1914  1914 E UiccCard: App index 8 is invalid since there are no applications
02-20 20:02:43.384  1914  1914 D UiccCard: update: radioState=RADIO_ON mLastRadioState=RADIO_ON
02-20 20:02:43.384  1914  1914 D UiccController: Notifying IccChangedRegistrants
02-20 20:02:43.385  1914  1914 D SubscriptionInfoUpdater: [Receiver]+
02-20 20:02:43.385  1914  1914 D SubscriptionInfoUpdater: Action: android.intent.action.SIM_STATE_CHANGED
02-20 20:02:43.385  1914  1914 D SubscriptionInfoUpdater: slotId: 0
02-20 20:02:43.385  1914  1914 D SubscriptionInfoUpdater: simStatus: NOT_READY
02-20 20:02:43.385  1914  1914 D SubscriptionInfoUpdater: Ignoring simStatus: NOT_READY
02-20 20:02:43.385  1914  1914 D SubscriptionInfoUpdater: [Receiver]-
02-20 20:02:43.387  1914  1914 D RILJ    : [3687]> RIL_REQUEST_SIM_TRANSMIT_APDU_CHANNEL [SUB0]
02-20 20:02:43.388  1374  1459 D RIL     : onRequest: SIM_TRANSMIT_APDU_CHANNEL
02-20 20:02:43.388  1374  1459 D AT      : AT> AT+CGLA=1,10,80caff4000
02-20 20:02:43.389  1374  1462 D AT      : AT< +CGLA: 144,0,FF403eE23cE12eC11461ed377e85d386a8dfee6b864bd85b0bfaa5af81CA16616e64726f69642e636172726965726170692e637473E30aDB080000000000000000
02-20 20:02:43.389  1374  1462 D AT      : AT< OK
02-20 20:02:43.390  1914  2021 D RILJ    : [3687]< RIL_REQUEST_SIM_TRANSMIT_APDU_CHANNEL  [SUB0]
02-20 20:02:43.391  1914  1914 D GsmCdmaPhone: [GsmCdmaPhone] Event EVENT_REGISTERED_TO_NETWORK Received
02-20 20:02:43.391  1914  1914 D SST     : SubscriptionListener.onSubscriptionInfoChanged
02-20 20:02:43.391  1914  1914 E Phone   : getStoredVoiceMessageCount: invalid subId -2
02-20 20:02:43.391  1914  1914 D GsmCdmaPhone: [GsmCdmaPhone] updateVoiceMail countVoiceMessages = 0 subId -2
02-20 20:02:43.391  1914  1914 E Phone   : setVoiceMessageCount in sharedPreference: invalid subId -2
02-20 20:02:43.391  1914  1914 D DCT     : [0]SubscriptionListener.onSubscriptionInfoChanged
02-20 20:02:43.391  1914  1914 D SubscriptionController: [getActiveSubInfoList] Sub Controller not ready
02-20 20:02:43.392  1914  1914 D SubscriptionController: [getActiveSubInfoList] Sub Controller not ready
02-20 20:02:43.394  1914  1914 E PhoneInterfaceManager: [PhoneIntfMgr] getIccId: No UICC
02-20 20:02:43.404  1677  1789 I Telecom : PhoneAccountRegistrar: New phone account registered: [[ ] PhoneAccount: ComponentInfo{com.android.phone/com.android.services.telephony.TelephonyConnectionService}, [e0184adedf913b076626646d3f52c3b49c39ad6d], UserHandle{0} Capabilities: CallProvider MultiUser PlaceEmerg SimSub  Schemes: tel voicemail  Extras: null GroupId: [da39a3ee5e6b4b0d3255bfef95601890afd80709]]: TSI.rPA@AAQ
02-20 20:02:43.406  1677  1789 I Telecom : : Sending phone-account registered intent as user: TSI.rPA@AAQ
02-20 20:02:43.407  1914  1914 I Telephony: AccountEntry: Registered phoneAccount: [[ ] PhoneAccount: ComponentInfo{com.android.phone/com.android.services.telephony.TelephonyConnectionService}, [e0184adedf913b076626646d3f52c3b49c39ad6d], UserHandle{0} Capabilities: CallProvider MultiUser PlaceEmerg SimSub  Schemes: tel voicemail  Extras: null GroupId: [da39a3ee5e6b4b0d3255bfef95601890afd80709]] with handle: ComponentInfo{com.android.phone/com.android.services.telephony.TelephonyConnectionService}, [e0184adedf913b076626646d3f52c3b49c39ad6d], UserHandle{0}
02-20 20:02:43.408  1914  1914 I Telephony: PstnIncomingCallNotifier: Registering: Handler (com.android.internal.telephony.GsmCdmaPhone) {6021d07}
02-20 20:02:43.410  1914  1914 I Telephony: TelecomAccountRegistry: Unregistering phone account ComponentInfo{com.android.phone/com.android.services.telephony.TelephonyConnectionService}, [e2f7d48dd2b5ca523e7313cf4ba0f6ea830b6281], UserHandle{0}.
02-20 20:02:43.412  1677  2040 I Telecom : : Sending phone-account unregistered intent as user: TSI.uPA@AAY
02-20 20:02:43.414  1914  1914 D DCT     : [0]onDataConnectionAttached
02-20 20:02:43.414  1914  1914 D DCT     : [0]isDataAllowed: No - SIM not loaded
02-20 20:02:43.439  1914  2142 D SubscriptionController: [getActiveSubInfoList] Sub Controller not ready
02-20 20:02:43.440  1914  1934 D SubscriptionController: [getSlotId]- subId invalid
02-20 20:02:43.441  1914  1935 D SubscriptionController: [getActiveSubInfoList] Sub Controller not ready
02-20 20:02:43.453  1763  2196 D TelephonyManager: getSimState: default sim:-1, sim state for slotIdx=0 is 6, return state as unknown
02-20 20:02:43.380     0     0 D ieee80211 phy0: hw scan 2462 MHz
02-20 20:02:43.410     0     0 D ieee80211 phy0: hw scan 2467 MHz
02-20 20:02:43.467  1677  1688 I am_proc_start: [0,2251,10014,com.google.process.gapps,content provider,com.google.android.gsf/.gservices.GservicesProvider]
02-20 20:02:43.467  1677  1688 I ActivityManager: Start proc 2251:com.google.process.gapps/u0a14 for content provider com.google.android.gsf/.gservices.GservicesProvider
02-20 20:02:43.467  1677  2171 I am_proc_bound: [0,2232,com.google.android.googlequicksearchbox:search]
02-20 20:02:43.471  2251  2251 W art     : Unexpected CPU variant for X86 using defaults: x86_64
02-20 20:02:43.507  1914  1914 D DCT     : [0]setupDataOnConnectableApns: dataAttached hipri:[state=IDLE,enabled=false] mms:[state=IDLE,enabled=false] supl:[state=IDLE,enabled=false] ia:[state=IDLE,enabled=false] fota:[state=IDLE,enabled=false] ims:[state=IDLE,enabled=false] cbs:[state=IDLE,enabled=false] default:[state=IDLE,enabled=false] emergency:[state=IDLE,enabled=false] 
02-20 20:02:43.507  1914  1914 D DCT     : [0]setupDataOnConnectableApns: nwTypeChanged hipri:[state=IDLE,enabled=false] mms:[state=IDLE,enabled=false] supl:[state=IDLE,enabled=false] ia:[state=IDLE,enabled=false] fota:[state=IDLE,enabled=false] ims:[state=IDLE,enabled=false] cbs:[state=IDLE,enabled=false] default:[state=IDLE,enabled=false] emergency:[state=IDLE,enabled=false] 
02-20 20:02:43.507  1914  1914 D UiccCardApplication: Error in querying facility lock:com.android.internal.telephony.CommandException: REQUEST_NOT_SUPPORTED
02-20 20:02:43.507  1914  1914 D UiccCardApplication: Error in querying facility lock:com.android.internal.telephony.CommandException: REQUEST_NOT_SUPPORTED
02-20 20:02:43.507  1914  1914 D SIMRecords: [SIMRecords] fetchSimRecords 0
02-20 20:02:43.507  1914  1914 D RILJ    : [3688]> getIMSI: GET_IMSI aid: null [SUB0]
02-20 20:02:43.509  1914  1914 D RILJ    : [3689]> iccIO: SIM_IO 0xc0 0x2fe2  path: 3F00,0,0,15 aid: null [SUB0]
02-20 20:02:43.511  1374  1459 D RIL     : onRequest: GET_IMSI
02-20 20:02:43.511  1374  1459 D AT      : AT> AT+CIMI
02-20 20:02:43.513  1914  1914 D RILJ    : [3690]> iccIO: SIM_IO 0xc0 0x6f40  path: 3F007F10,0,0,15 aid: null [SUB0]
02-20 20:02:43.514  1914  1914 D RILJ    : [3691]> iccIO: SIM_IO 0xc0 0x6fc9  path: 3F007F20,0,0,15 aid: null [SUB0]
02-20 20:02:43.515  1914  1914 D RILJ    : [3692]> iccIO: SIM_IO 0xc0 0x6fad  path: 3F007F20,0,0,15 aid: null [SUB0]
02-20 20:02:43.517  1374  1462 D AT      : AT< 310260000000000
02-20 20:02:43.517  1374  1462 D AT      : AT< OK
02-20 20:02:43.517  1374  1459 D RIL     : onRequest: SIM_IO
02-20 20:02:43.517  1374  1459 D AT      : AT> AT+CRSM=192,12258,0,0,15
02-20 20:02:43.518  1914  2021 D RILJ    : [3688]< GET_IMSI  [SUB0]
02-20 20:02:43.518  1914  1914 D RILJ    : [3693]> iccIO: SIM_IO 0xc0 0x6fca  path: 3F007F20,0,0,15 aid: null [SUB0]
02-20 20:02:43.518  1374  1462 D AT      : AT< +CRSM: 144,0,0000000a2fe204000fa0aa01020000
02-20 20:02:43.518  1374  1462 D AT      : AT< OK
02-20 20:02:43.518  1374  1459 D RIL     : onRequest: SIM_IO
02-20 20:02:43.518  1374  1459 D AT      : AT> AT+CRSM=192,28480,0,0,15
02-20 20:02:43.518  1914  2021 D RILJ    : [3689]< SIM_IO IccIoResponse sw1:0x90 sw2:0x0 [SUB0]
02-20 20:02:43.519  1374  1462 D AT      : AT< +CRSM: 144,0,000000806f40040011a0aa01020120
02-20 20:02:43.519  1374  1462 D AT      : AT< OK
02-20 20:02:43.519  1374  1459 D RIL     : onRequest: SIM_IO
02-20 20:02:43.519  1374  1459 D AT      : AT> AT+CRSM=192,28617,0,0,15
02-20 20:02:43.519  1374  1462 D AT      : AT< +CRSM: 144,0,000000086fc9040011a0aa01020104
02-20 20:02:43.519  1374  1462 D AT      : AT< OK
02-20 20:02:43.519  1374  1459 D RIL     : onRequest: SIM_IO
02-20 20:02:43.519  1374  1459 D AT      : AT> AT+CRSM=192,28589,0,0,15
02-20 20:02:43.519  1374  1462 D AT      : AT< +CRSM: 144,0,000000046fad04000aa0aa01020000
02-20 20:02:43.519  1374  1462 D AT      : AT< OK
02-20 20:02:43.519  1914  2021 D RILJ    : [3690]< SIM_IO IccIoResponse sw1:0x90 sw2:0x0 [SUB0]
02-20 20:02:43.519  1914  2021 D RILJ    : [3691]< SIM_IO IccIoResponse sw1:0x90 sw2:0x0 [SUB0]
02-20 20:02:43.519  1914  2021 D RILJ    : [3692]< SIM_IO IccIoResponse sw1:0x90 sw2:0x0 [SUB0]
02-20 20:02:43.521  1374  1459 D RIL     : onRequest: SIM_IO
02-20 20:02:43.521  1374  1459 D AT      : AT> AT+CRSM=192,28618,0,0,15
02-20 20:02:43.521  1914  1914 D RILJ    : [3694]> iccIO: SIM_IO 0xc0 0x6f11  path: 3F007F20,0,0,15 aid: null [SUB0]
02-20 20:02:43.521  1374  1462 D AT      : AT< +CRSM: 144,0,0000000a6fca040011a0aa01020105
02-20 20:02:43.521  1374  1462 D AT      : AT< OK
02-20 20:02:43.521  1914  2021 D RILJ    : [3693]< SIM_IO IccIoResponse sw1:0x90 sw2:0x0 [SUB0]
02-20 20:02:43.525  1374  1459 D RIL     : onRequest: SIM_IO
02-20 20:02:43.525  1374  1459 D AT      : AT> AT+CRSM=192,28433,0,0,15
02-20 20:02:43.525  1914  1914 D RILJ    : [3695]> iccIO: SIM_IO 0xc0 0x6fcb  path: 3F007F20,0,0,15 aid: null [SUB0]
02-20 20:02:43.525  1374  1462 D AT      : AT< +CRSM: 144,0,000000016f11040011a0aa01020000
02-20 20:02:43.525  1374  1462 D AT      : AT< OK
02-20 20:02:43.527  1914  2021 D RILJ    : [3694]< SIM_IO IccIoResponse sw1:0x90 sw2:0x0 [SUB0]
02-20 20:02:43.528  1374  1459 D RIL     : onRequest: SIM_IO
02-20 20:02:43.528  1374  1459 D AT      : AT> AT+CRSM=192,28619,0,0,15
02-20 20:02:43.528  1914  1914 D RILJ    : [3696]> iccIO: SIM_IO 0xc0 0x6f13  path: 3F007F20,0,0,15 aid: null [SUB0]
02-20 20:02:43.529  1914  1914 D RILJ    : [3697]> iccIO: SIM_IO 0xc0 0x6f46  path: 3F007F20,0,0,15 aid: null [SUB0]
02-20 20:02:43.529  1914  1914 D RILJ    : [3698]> iccIO: SIM_IO 0xc0 0x6fcd  path: 3F007F20,0,0,15 aid: null [SUB0]
02-20 20:02:43.532  1914  1914 D RILJ    : [3699]> iccIO: SIM_IO 0xc0 0x6fc5  path: 3F007F20,0,0,15 aid: null [SUB0]
02-20 20:02:43.532  1914  1914 D RILJ    : [3700]> iccIO: SIM_IO 0xc0 0x6f38  path: 3F007F20,0,0,15 aid: null [SUB0]
02-20 20:02:43.533  1914  1914 D RILJ    : [3701]> iccIO: SIM_IO 0xc0 0x6f16  path: 3F007F20,0,0,15 aid: null [SUB0]
02-20 20:02:43.542  1374  1462 D AT      : AT< ERROR: BAD COMMAND
02-20 20:02:43.542  1374  1459 D RIL     : onRequest: SIM_IO
02-20 20:02:43.542  1374  1459 D AT      : AT> AT+CRSM=192,28435,0,0,15
02-20 20:02:43.543  1374  1462 D AT      : AT< +CRSM: 144,0,000000016f13040011a0aa01020000
02-20 20:02:43.543  1374  1462 D AT      : AT< OK
02-20 20:02:43.543  1914  2021 D RilRequest: [3695]< SIM_IO error: com.android.internal.telephony.CommandException: GENERIC_FAILURE ret=
02-20 20:02:43.543  1374  1459 D RIL     : onRequest: SIM_IO
02-20 20:02:43.543  1374  1459 D AT      : AT> AT+CRSM=192,28486,0,0,15
02-20 20:02:43.543  1374  1462 D AT      : AT< +CRSM: 148,4
02-20 20:02:43.543  1374  1462 D AT      : AT< OK
02-20 20:02:43.543  1914  2021 D RILJ    : [3696]< SIM_IO IccIoResponse sw1:0x90 sw2:0x0 [SUB0]
02-20 20:02:43.543  1374  1459 D RIL     : onRequest: SIM_IO
02-20 20:02:43.543  1374  1459 D AT      : AT> AT+CRSM=192,28621,0,0,15
02-20 20:02:43.543  1914  2021 D RILJ    : [3697]< SIM_IO IccIoResponse sw1:0x94 sw2:0x4 [SUB0]
02-20 20:02:43.543  1374  1462 D AT      : AT< +CRSM: 148,4
02-20 20:02:43.543  1374  1462 D AT      : AT< OK
02-20 20:02:43.543  1374  1459 D RIL     : onRequest: SIM_IO
02-20 20:02:43.543  1374  1459 D AT      : AT> AT+CRSM=192,28613,0,0,15
02-20 20:02:43.543  1374  1462 D AT      : AT< +CRSM: 144,0,000000f06fc504000aa0aa01020118
02-20 20:02:43.543  1374  1462 D AT      : AT< OK
02-20 20:02:43.543  1914  2021 D RILJ    : [3698]< SIM_IO IccIoResponse sw1:0x94 sw2:0x4 [SUB0]
02-20 20:02:43.543  1374  1459 D RIL     : onRequest: SIM_IO
02-20 20:02:43.543  1374  1459 D AT      : AT> AT+CRSM=192,28472,0,0,15
02-20 20:02:43.543  1374  1462 D AT      : AT< +CRSM: 144,0,0000000f6f3804001aa0aa01020000
02-20 20:02:43.543  1374  1462 D AT      : AT< OK
02-20 20:02:43.543  1914  2021 D RILJ    : [3699]< SIM_IO IccIoResponse sw1:0x90 sw2:0x0 [SUB0]
02-20 20:02:43.543  1914  2021 D RILJ    : [3700]< SIM_IO IccIoResponse sw1:0x90 sw2:0x0 [SUB0]
02-20 20:02:43.543  1374  1459 D RIL     : onRequest: SIM_IO
02-20 20:02:43.543  1374  1459 D AT      : AT> AT+CRSM=192,28438,0,0,15
02-20 20:02:43.544  1374  1462 D AT      : AT< +CRSM: 144,0,000000026f1604001aa0aa01020000
02-20 20:02:43.544  1374  1462 D AT      : AT< OK
02-20 20:02:43.544  1914  2021 D RILJ    : [3701]< SIM_IO IccIoResponse sw1:0x90 sw2:0x0 [SUB0]
02-20 20:02:43.544  1914  1914 D RILJ    : [3702]> iccIO: SIM_IO 0xc0 0x6f15  path: 3F007F20,0,0,15 aid: null [SUB0]
02-20 20:02:43.545  1374  1459 D RIL     : onRequest: SIM_IO
02-20 20:02:43.545  1374  1459 D AT      : AT> AT+CRSM=192,28437,0,0,15
02-20 20:02:43.546  1914  1914 D RILJ    : [3703]> iccIO: SIM_IO 0xc0 0x6f3e  path: 3F007F20,0,0,15 aid: null [SUB0]
02-20 20:02:43.546  1914  1914 D RILJ    : [3704]> iccIO: SIM_IO 0xc0 0x6f3f  path: 3F007F20,0,0,15 aid: null [SUB0]
02-20 20:02:43.546  1914  1914 D SIMRecords: [SIMRecords] fetchSimRecords 17 requested: true
02-20 20:02:43.546  1914  1914 E IccCardProxy: setExternalState: set mPhoneId=0 mExternalState=READY
02-20 20:02:43.546  1914  1914 D TelephonyManager: setTelephonyProperty: success phoneId=0 property=gsm.sim.state value: READY propVal=READY
02-20 20:02:43.546  1374  1462 D AT      : AT< ERROR: BAD COMMAND
02-20 20:02:43.547  1374  1459 D RIL     : onRequest: SIM_IO
02-20 20:02:43.547  1374  1459 D AT      : AT> AT+CRSM=192,28478,0,0,15
02-20 20:02:43.547  1374  1462 D AT      : AT< ERROR: BAD COMMAND
02-20 20:02:43.547  1914  2021 D RilRequest: [3702]< SIM_IO error: com.android.internal.telephony.CommandException: GENERIC_FAILURE ret=
02-20 20:02:43.548  1374  1459 D RIL     : onRequest: SIM_IO
02-20 20:02:43.548  1374  1459 D AT      : AT> AT+CRSM=192,28479,0,0,15
02-20 20:02:43.548  1374  1462 D AT      : AT< ERROR: BAD COMMAND
02-20 20:02:43.570  1914  2021 D RilRequest: [3703]< SIM_IO error: com.android.internal.telephony.CommandException: GENERIC_FAILURE ret=
02-20 20:02:43.575  1914  2021 D RilRequest: [3704]< SIM_IO error: com.android.internal.telephony.CommandException: GENERIC_FAILURE ret=
02-20 20:02:43.576  1914  1914 D IccCardProxy: broadcastIccStateChangedIntent intent ACTION_SIM_STATE_CHANGED value=READY reason=null for mPhoneId=0
02-20 20:02:43.577  1914  1914 D RILJ    : [3705]> OPERATOR [SUB0]
02-20 20:02:43.578  1914  1914 D RILJ    : [3706]> DATA_REGISTRATION_STATE [SUB0]
02-20 20:02:43.578  1374  1459 D RIL     : onRequest: OPERATOR
02-20 20:02:43.578  1374  1459 D AT      : AT> AT+COPS=3,0;+COPS?;+COPS=3,1;+COPS?;+COPS=3,2;+COPS?
02-20 20:02:43.578  1914  1914 D RILJ    : [3707]> VOICE_REGISTRATION_STATE [SUB0]
02-20 20:02:43.578  1374  1462 D AT      : AT< +COPS: 0,0,"Android"
02-20 20:02:43.578  1374  1462 D AT      : AT< +COPS: 0,1,"Android"
02-20 20:02:43.578  1374  1462 D AT      : AT< +COPS: 0,2,"310260"
02-20 20:02:43.578  1374  1462 D AT      : AT< OK
02-20 20:02:43.578  1374  1459 D RIL     : onRequest: DATA_REGISTRATION_STATE
02-20 20:02:43.578  1374  1459 D RIL     : requestRegistrationState
02-20 20:02:43.578  1374  1459 D AT      : AT> AT+CGREG?
02-20 20:02:43.578  1374  1462 D AT      : AT< +CGREG: 1,1,"0003","005b","000e"
02-20 20:02:43.578  1374  1462 D AT      : AT< OK
02-20 20:02:43.578  1374  1459 D RIL     : parseRegistrationState. Parsing: +CGREG: 1,1,"0003","005b","000e"
02-20 20:02:43.578  1914  2021 D RILJ    : [3705]< OPERATOR {Android, Android, 310260} [SUB0]
02-20 20:02:43.578  1374  1459 D RIL     : registration state type: 3GPP
02-20 20:02:43.579  1914  1914 D RILJ    : [3708]> QUERY_NETWORK_SELECTION_MODE [SUB0]
02-20 20:02:43.579  1374  1459 D RIL     : onRequest: VOICE_REGISTRATION_STATE
02-20 20:02:43.579  1374  1459 D RIL     : requestRegistrationState
02-20 20:02:43.579  1374  1459 D AT      : AT> AT+CREG?
02-20 20:02:43.579  1914  1914 D UiccCardApplication: Error in querying facility lock:com.android.internal.telephony.CommandException: REQUEST_NOT_SUPPORTED
02-20 20:02:43.579  1374  1462 D AT      : AT< +CREG: 2,1, "0003", "005b"
02-20 20:02:43.579  1914  1914 D UiccCardApplication: Error in querying facility lock:com.android.internal.telephony.CommandException: REQUEST_NOT_SUPPORTED
02-20 20:02:43.579  1374  1462 D AT      : AT< OK
02-20 20:02:43.580  1914  1914 D RuimRecords: [RuimRecords] fetchRuimRecords 0
02-20 20:02:43.580  1914  1914 D RILJ    : [3709]> getIMSI: GET_IMSI aid: null [SUB0]
02-20 20:02:43.580  1374  1459 D RIL     : parseRegistrationState. Parsing: +CREG: 2,1, "0003", "005b"
02-20 20:02:43.580  1374  1459 D RIL     : registration state type: 3GPP
02-20 20:02:43.580  1914  1914 D RILJ    : [3710]> iccIO: SIM_IO 0xc0 0x2fe2  path: 3F00,0,0,15 aid: null [SUB0]
02-20 20:02:43.580  1374  1459 D RIL     : onRequest: QUERY_NETWORK_SELECTION_MODE
02-20 20:02:43.580  1374  1459 D AT      : AT> AT+COPS?
02-20 20:02:43.580  1914  1914 D RILJ    : [3711]> iccIO: SIM_IO 0xc0 0x2f05  path: 3F00,0,0,15 aid: null [SUB0]
02-20 20:02:43.581  1374  1462 D AT      : AT< +COPS: 0,2,310260
02-20 20:02:43.581  1374  1462 D AT      : AT< OK
02-20 20:02:43.581  1374  1459 D RIL     : onRequest: GET_IMSI
02-20 20:02:43.581  1374  1459 D AT      : AT> AT+CIMI
02-20 20:02:43.581  1374  1462 D AT      : AT< 310260000000000
02-20 20:02:43.581  1374  1462 D AT      : AT< OK
02-20 20:02:43.581  1374  1459 D RIL     : onRequest: SIM_IO
02-20 20:02:43.581  1374  1459 D AT      : AT> AT+CRSM=192,12258,0,0,15
02-20 20:02:43.581  1374  1462 D AT      : AT< +CRSM: 144,0,0000000a2fe204000fa0aa01020000
02-20 20:02:43.581  1374  1462 D AT      : AT< OK
02-20 20:02:43.581  1914  1914 D RILJ    : [3712]> iccIO: SIM_IO 0xc0 0x6f3a  path: 3F007F25,0,0,15 aid: null [SUB0]
02-20 20:02:43.581  1374  1459 D RIL     : onRequest: SIM_IO
02-20 20:02:43.581  1374  1459 D AT      : AT> AT+CRSM=192,12037,0,0,15
02-20 20:02:43.581  1374  1462 D AT      : AT< ERROR: BAD COMMAND
02-20 20:02:43.581  1914  1914 D RILJ    : [3713]> iccIO: SIM_IO 0xc0 0x6f41  path: 3F007F25,0,0,15 aid: null [SUB0]
02-20 20:02:43.582  1374  1459 D RIL     : onRequest: SIM_IO
02-20 20:02:43.582  1374  1459 D AT      : AT> AT+CRSM=192,28474,0,0,15
02-20 20:02:43.582  1374  1462 D AT      : AT< ERROR: BAD COMMAND
02-20 20:02:43.582  1914  1914 D RILJ    : [3714]> iccIO: SIM_IO 0xc0 0x6f44  path: 3F007F25,0,0,15 aid: null [SUB0]
02-20 20:02:43.583  1374  1459 D RIL     : onRequest: SIM_IO
02-20 20:02:43.583  1374  1459 D AT      : AT> AT+CRSM=192,28481,0,0,15
02-20 20:02:43.583  1374  1462 D AT      : AT< ERROR: BAD COMMAND
02-20 20:02:43.583  1914  1914 D RILJ    : [3715]> iccIO: SIM_IO 0xc0 0x6f22  path: 3F007F25,0,0,15 aid: null [SUB0]
02-20 20:02:43.584  1374  1459 D RIL     : onRequest: SIM_IO
02-20 20:02:43.584  1374  1459 D AT      : AT> AT+CRSM=192,28484,0,0,15
02-20 20:02:43.584  1374  1462 D AT      : AT< ERROR: BAD COMMAND
02-20 20:02:43.584  1914  1914 D RILJ    : [3716]> iccIO: SIM_IO 0xc0 0x6f28  path: 3F007F25,0,0,15 aid: null [SUB0]
02-20 20:02:43.584  1374  1459 D RIL     : onRequest: SIM_IO
02-20 20:02:43.584  1374  1459 D AT      : AT> AT+CRSM=192,28450,0,0,15
02-20 20:02:43.585  1374  1462 D AT      : AT< ERROR: BAD COMMAND
02-20 20:02:43.585  1914  1914 D RILJ    : [3717]> iccIO: SIM_IO 0xb0 0x6f5a  path: 3F007F25,0,0,4 aid: null [SUB0]
02-20 20:02:43.585  1374  1459 D RIL     : onRequest: SIM_IO
02-20 20:02:43.585  1374  1459 D AT      : AT> AT+CRSM=192,28456,0,0,15
02-20 20:02:43.585  1374  1462 D AT      : AT< ERROR: BAD COMMAND
02-20 20:02:43.585  1914  1914 D RILJ    : [3718]> iccIO: SIM_IO 0xc0 0x6f4d  path: 3F007F25,0,0,15 aid: null [SUB0]
02-20 20:02:43.586  1374  1459 D RIL     : onRequest: SIM_IO
02-20 20:02:43.586  1374  1459 D AT      : AT> AT+CRSM=176,28506,0,0,4
02-20 20:02:43.586  1374  1462 D AT      : AT< ERROR: BAD COMMAND
02-20 20:02:43.586  1677  1966 I am_proc_bound: [0,2251,com.google.process.gapps]
02-20 20:02:43.547     0     0 D ieee80211 phy0: hw scan 2472 MHz
02-20 20:02:43.663     0     0 D ieee80211 phy0: hw scan 2484 MHz
02-20 20:02:43.619  1914  2021 D RILJ    : [3706]< DATA_REGISTRATION_STATE {1, 3, 5b, 14, null, null} [SUB0]
02-20 20:02:43.620  1914  2021 D RILJ    : [3707]< VOICE_REGISTRATION_STATE {1, 3, 5b, 0, null, null, null, null, null, null, null, null, null, null, null} [SUB0]
02-20 20:02:43.620  1914  2021 D RILJ    : [3708]< QUERY_NETWORK_SELECTION_MODE {0} [SUB0]
02-20 20:02:43.620  1914  2021 D RILJ    : [3709]< GET_IMSI  [SUB0]
02-20 20:02:43.620  1914  2021 D RILJ    : [3710]< SIM_IO IccIoResponse sw1:0x90 sw2:0x0 [SUB0]
02-20 20:02:43.620  1914  2021 D RilRequest: [3711]< SIM_IO error: com.android.internal.telephony.CommandException: GENERIC_FAILURE ret=
02-20 20:02:43.620  1374  1459 D RIL     : onRequest: SIM_IO
02-20 20:02:43.620  1374  1459 D AT      : AT> AT+CRSM=192,28493,0,0,15
02-20 20:02:43.620  1914  1914 D RuimRecords: [RuimRecords] fetchRuimRecords 10 requested: true
02-20 20:02:43.620  1914  1914 D RILJ    : [3719]> RIL_REQUEST_CDMA_SUBSCRIPTION [SUB0]
02-20 20:02:43.621  1914  1914 D GsmSMSDispatcher: GsmSMSDispatcher: subId = -2 slotId = 0
02-20 20:02:43.621  1914  1914 E IccCardProxy: setExternalState: !override and newstate unchanged from READY
02-20 20:02:43.621  1914  1914 D CAT     : CatService: handleMessage[8]
02-20 20:02:43.621  1914  1914 D CAT     : CatService: MSG_ID_ICC_CHANGED
02-20 20:02:43.788     0     0 D ieee80211 phy0: hw scan complete
02-20 20:02:43.788     0     0 D ieee80211 phy0: hwsim hw_scan request
02-20 20:02:43.788     0     0 D ieee80211 phy0: hw scan 5180 MHz
02-20 20:02:43.621  1914  1914 D CAT     : CatService: New Card State = CARDSTATE_PRESENT Old Card State = CARDSTATE_PRESENT
02-20 20:02:43.622  1374  1462 D AT      : AT< ERROR: BAD COMMAND
02-20 20:02:43.622  1374  1459 D RIL     : onRequest: CDMA_SUBSCRIPTION
02-20 20:02:43.622  1374  1459 D RIL     : Request not supported. Tech: 1
02-20 20:02:43.637  1914  2021 D RilRequest: [3712]< SIM_IO error: com.android.internal.telephony.CommandException: GENERIC_FAILURE ret=
02-20 20:02:43.637  1914  2021 D RilRequest: [3713]< SIM_IO error: com.android.internal.telephony.CommandException: GENERIC_FAILURE ret=
02-20 20:02:43.637  1914  2021 D RilRequest: [3714]< SIM_IO error: com.android.internal.telephony.CommandException: GENERIC_FAILURE ret=
02-20 20:02:43.637  1914  2021 D RilRequest: [3715]< SIM_IO error: com.android.internal.telephony.CommandException: GENERIC_FAILURE ret=
02-20 20:02:43.637  1914  1914 E PhoneInterfaceManager: [PhoneIntfMgr] getIccId: No UICC
02-20 20:02:43.639  1914  2021 D RilRequest: [3716]< SIM_IO error: com.android.internal.telephony.CommandException: GENERIC_FAILURE ret=
02-20 20:02:43.639  1914  2021 D RilRequest: [3717]< SIM_IO error: com.android.internal.telephony.CommandException: GENERIC_FAILURE ret=
02-20 20:02:43.641  1677  1966 I Telecom : PhoneAccountRegistrar: [ComponentInfo{com.android.phone/com.android.services.telephony.TelephonyConnectionService}, [e0184adedf913b076626646d3f52c3b49c39ad6d], UserHandle{0}(icon: Icon(typ=BITMAP size=76x96) -> Icon(typ=BITMAP size=76x96))]: TSI.rPA@AAg
02-20 20:02:43.644  1677  1966 I Telecom : : Sending phone-account registered intent as user: TSI.rPA@AAg
02-20 20:02:43.645  1914  1914 D SIMRecords: [SIMRecords] IMSI: mMncLength=-1
02-20 20:02:43.645  1914  1914 D SIMRecords: [SIMRecords] IMSI: 310260[D1jVpVFfGoqdF5qliFi2ey-KM4g]
02-20 20:02:43.645  1914  1914 D SIMRecords: [SIMRecords] onRecordLoaded 16 requested: true
02-20 20:02:43.645  1914  1914 D RILJ    : [3720]> iccIO: SIM_IO 0xb0 0x2fe2  path: 3F00,0,0,10 aid: null [SUB0]
02-20 20:02:43.645  1914  1914 D RILJ    : [3721]> iccIO: SIM_IO 0xb2 0x6f40  path: 3F007F10,1,4,32 aid: null [SUB0]
02-20 20:02:43.646  1374  1459 D RIL     : onRequest: SIM_IO
02-20 20:02:43.646  1374  1459 D AT      : AT> AT+CRSM=176,12258,0,0,10
02-20 20:02:43.646  1374  1462 D AT      : AT< +CRSM: 144,0,98101430121181157002
02-20 20:02:43.646  1374  1462 D AT      : AT< OK
02-20 20:02:43.646  1374  1459 D RIL     : onRequest: SIM_IO
02-20 20:02:43.646  1374  1459 D AT      : AT> AT+CRSM=178,28480,1,4,32
02-20 20:02:43.646  1914  1914 D RILJ    : [3722]> iccIO: SIM_IO 0xb2 0x6fc9  path: 3F007F20,1,4,4 aid: null [SUB0]
02-20 20:02:43.646  1914  1914 D RILJ    : [3723]> iccIO: SIM_IO 0xb0 0x6fad  path: 3F007F20,0,0,4 aid: null [SUB0]
02-20 20:02:43.646  1914  1914 D RILJ    : [3724]> iccIO: SIM_IO 0xb2 0x6fca  path: 3F007F20,1,4,5 aid: null [SUB0]
02-20 20:02:43.646  1374  1462 D AT      : AT< +CRSM: 144,0,ffffffffffffffffffffffffffffffffffff07815155255155f4ffffffffffff
02-20 20:02:43.646  1374  1462 D AT      : AT< OK
02-20 20:02:43.646  1374  1459 D RIL     : onRequest: SIM_IO
02-20 20:02:43.646  1374  1459 D AT      : AT> AT+CRSM=178,28617,1,4,4
02-20 20:02:43.647  1374  1462 D AT      : AT< +CRSM: 144,0,01000000
02-20 20:02:43.647  1374  1462 D AT      : AT< OK
02-20 20:02:43.647  1374  1459 D RIL     : onRequest: SIM_IO
02-20 20:02:43.647  1374  1459 D AT      : AT> AT+CRSM=176,28589,0,0,4
02-20 20:02:43.647  1914  1914 D RILJ    : [3725]> iccIO: SIM_IO 0xb0 0x6f11  path: 3F007F20,0,0,1 aid: null [SUB0]
02-20 20:02:43.650  1374  1462 D AT      : AT< +CRSM: 144,0,00000003
02-20 20:02:43.650  1374  1462 D AT      : AT< OK
02-20 20:02:43.651  1374  1459 D RIL     : onRequest: SIM_IO
02-20 20:02:43.651  1374  1459 D AT      : AT> AT+CRSM=178,28618,1,4,5
02-20 20:02:43.651  1374  1462 D AT      : AT< +CRSM: 144,0,0000000000
02-20 20:02:43.651  1374  1462 D AT      : AT< OK
02-20 20:02:43.651  1374  1459 D RIL     : onRequest: SIM_IO
02-20 20:02:43.651  1374  1459 D AT      : AT> AT+CRSM=176,28433,0,0,1
02-20 20:02:43.651  1374  1462 D AT      : AT< +CRSM: 144,0,55
02-20 20:02:43.651  1374  1462 D AT      : AT< OK
02-20 20:02:43.659  1914  1914 D RILJ    : [3726]> iccIO: SIM_IO 0xb0 0x6f13  path: 3F007F20,0,0,1 aid: null [SUB0]
02-20 20:02:43.660  1374  1459 D RIL     : onRequest: SIM_IO
02-20 20:02:43.660  1374  1459 D AT      : AT> AT+CRSM=176,28435,0,0,1
02-20 20:02:43.661  1914  1914 D RILJ    : [3727]> iccIO: SIM_IO 0xb2 0x6fc5  path: 3F007F20,1,4,24 aid: null [SUB0]
02-20 20:02:43.661  1914  2021 D RilRequest: [3718]< SIM_IO error: com.android.internal.telephony.CommandException: GENERIC_FAILURE ret=
02-20 20:02:43.661  1914  2021 D RilRequest: [3719]< RIL_REQUEST_CDMA_SUBSCRIPTION error: com.android.internal.telephony.CommandException: REQUEST_NOT_SUPPORTED ret=
02-20 20:02:43.661  1914  2021 D RILJ    : [3720]< SIM_IO IccIoResponse sw1:0x90 sw2:0x0 [SUB0]
02-20 20:02:43.661  1914  2021 D RILJ    : [3721]< SIM_IO IccIoResponse sw1:0x90 sw2:0x0 [SUB0]
02-20 20:02:43.661  1914  2021 D RILJ    : [3722]< SIM_IO IccIoResponse sw1:0x90 sw2:0x0 [SUB0]
02-20 20:02:43.661  1914  2021 D RILJ    : [3723]< SIM_IO IccIoResponse sw1:0x90 sw2:0x0 [SUB0]
02-20 20:02:43.661  1914  2021 D RILJ    : [3724]< SIM_IO IccIoResponse sw1:0x90 sw2:0x0 [SUB0]
02-20 20:02:43.661  1914  2021 D RILJ    : [3725]< SIM_IO IccIoResponse sw1:0x90 sw2:0x0 [SUB0]
02-20 20:02:43.662  1914  1914 D RILJ    : [3728]> iccIO: SIM_IO 0xb0 0x6f38  path: 3F007F20,0,0,15 aid: null [SUB0]
02-20 20:02:43.662  1914  1914 D RILJ    : [3729]> iccIO: SIM_IO 0xb0 0x6f16  path: 3F007F20,0,0,2 aid: null [SUB0]
02-20 20:02:43.669  1374  1462 D AT      : AT< +CRSM: 144,0,55
02-20 20:02:43.669  1374  1462 D AT      : AT< OK
02-20 20:02:43.670  1374  1459 D RIL     : onRequest: SIM_IO
02-20 20:02:43.670  1374  1459 D AT      : AT> AT+CRSM=178,28613,1,4,24
02-20 20:02:43.670  1914  2021 D RILJ    : [3726]< SIM_IO IccIoResponse sw1:0x90 sw2:0x0 [SUB0]
02-20 20:02:43.671  1914  1914 D SubscriptionInfoUpdater: [Receiver]+
02-20 20:02:43.671  1914  1914 D SubscriptionInfoUpdater: Action: android.intent.action.SIM_STATE_CHANGED
02-20 20:02:43.671  1914  1914 D SubscriptionInfoUpdater: slotId: 0
02-20 20:02:43.671  1914  1914 D SubscriptionInfoUpdater: simStatus: READY
02-20 20:02:43.671  1914  1914 D SubscriptionInfoUpdater: Ignoring simStatus: READY
02-20 20:02:43.671  1914  1914 D SubscriptionInfoUpdater: [Receiver]-
02-20 20:02:43.672  1914  1914 E SST     : error parsing GprsRegistrationState: java.lang.NumberFormatException: null
02-20 20:02:43.672  1914  1914 D SST     : handlPollStateResultMessage: GsmSST setDataRegState=0 regState=1 dataRadioTechnology=14
02-20 20:02:43.672  1914  1914 D SST     : EVENT_POLL_STATE_NETWORK_SELECTION_MODE
02-20 20:02:43.675  1374  1462 D AT      : AT< +CRSM: 144,0,43058441aa890affffffffffffffffffffffffffffffffff
02-20 20:02:43.675  1374  1462 D AT      : AT< OK
02-20 20:02:43.676  1374  1459 D RIL     : onRequest: SIM_IO
02-20 20:02:43.676  1374  1459 D AT      : AT> AT+CRSM=176,28472,0,0,15
02-20 20:02:43.676  1914  2021 D RILJ    : [3727]< SIM_IO IccIoResponse sw1:0x90 sw2:0x0 [SUB0]
02-20 20:02:43.676  1914  1914 D SST     : Poll ServiceState done:  oldSS=[0 0 voice home data home Android Android 310260 Android Android 310260  Unknown LTE CSS not supported -1 -1 RoamInd=-1 DefRoamInd=-1 EmergOnly=false IsDataRoamingFromRegistration=false IsUsingCarrierAggregation=false] newSS=[0 0 voice home data home Android Android 310260 Android Android 310260  Unknown LTE CSS not supported -1 -1 RoamInd=-1 DefRoamInd=-1 EmergOnly=false IsDataRoamingFromRegistration=false IsUsingCarrierAggregation=false] oldMaxDataCalls=1 mNewMaxDataCalls=1 oldReasonDataDenied=-1 mNewReasonDataDenied=-1
02-20 20:02:43.676  1914  1914 D RuimRecords: [RuimRecords] NO update mccmnc=310260
02-20 20:02:43.676  1914  1914 D RuimRecords: [RuimRecords] onRecordLoaded 9 requested: true
02-20 20:02:43.676  1914  1914 D RILJ    : [3730]> iccIO: SIM_IO 0xb0 0x2fe2  path: 3F00,0,0,10 aid: null [SUB0]
02-20 20:02:43.676  1374  1462 D AT      : AT< +CRSM: 144,0,ff30ffff3c003c03000c0000f03f00
02-20 20:02:43.676  1374  1462 D AT      : AT< OK
02-20 20:02:43.677  1374  1459 D RIL     : onRequest: SIM_IO
02-20 20:02:43.677  1374  1459 D AT      : AT> AT+CRSM=176,28438,0,0,2
02-20 20:02:43.677  1914  2021 D RILJ    : [3728]< SIM_IO IccIoResponse sw1:0x90 sw2:0x0 [SUB0]
02-20 20:02:43.678  1914  1914 D RILJ    : [3731]> RIL_REQUEST_SIM_CLOSE_CHANNEL [SUB0]
02-20 20:02:43.685  1914  1914 D IccCardProxy: broadcastIccStateChangedIntent intent ACTION_SIM_STATE_CHANGED value=IMSI reason=null for mPhoneId=0
02-20 20:02:43.685  1374  1462 D AT      : AT< +CRSM: 144,0,0233
02-20 20:02:43.685  1374  1462 D AT      : AT< OK
02-20 20:02:43.685  1374  1459 D RIL     : onRequest: SIM_IO
02-20 20:02:43.685  1374  1459 D AT      : AT> AT+CRSM=176,12258,0,0,10
02-20 20:02:43.686  1914  2021 D RILJ    : [3729]< SIM_IO IccIoResponse sw1:0x90 sw2:0x0 [SUB0]
02-20 20:02:43.686  1374  1462 D AT      : AT< +CRSM: 144,0,98101430121181157002
02-20 20:02:43.686  1374  1462 D AT      : AT< OK
02-20 20:02:43.686  1374  1459 D RIL     : onRequest: SIM_CLOSE_CHANNEL
02-20 20:02:43.686  1374  1459 D AT      : AT> AT+CCHC=1
02-20 20:02:43.686  1914  2021 D RILJ    : [3730]< SIM_IO IccIoResponse sw1:0x90 sw2:0x0 [SUB0]
02-20 20:02:43.686  1374  1462 D AT      : AT< +CCHC
02-20 20:02:43.686  1374  1462 D AT      : AT< OK
02-20 20:02:43.686  1914  2021 D RILJ    : [3731]< RIL_REQUEST_SIM_CLOSE_CHANNEL  [SUB0]
02-20 20:02:43.687  1914  1914 D SIMRecords: [SIMRecords] onRecordLoaded 15 requested: true
02-20 20:02:43.687  1914  1914 D RILJ    : [3732]> iccIO: SIM_IO 0xc0 0x6f14  path: 3F007F20,0,0,15 aid: null [SUB0]
02-20 20:02:43.688  2251  2251 I art     : Starting a blocking GC AddRemoveAppImageSpace
02-20 20:02:43.688  1374  1459 D RIL     : onRequest: SIM_IO
02-20 20:02:43.688  1374  1459 D AT      : AT> AT+CRSM=192,28436,0,0,15
02-20 20:02:43.688  1914  1914 D SIMRecords: [SIMRecords] onRecordLoaded 15 requested: true
02-20 20:02:43.688  1914  1914 D SIMRecords: [SIMRecords] onRecordLoaded 14 requested: true
02-20 20:02:43.688  1374  1462 D AT      : AT< +CRSM: 144,0,000000146f1404001aa0aa01020000
02-20 20:02:43.688  1374  1462 D AT      : AT< OK
02-20 20:02:43.689  1914  2021 D RILJ    : [3732]< SIM_IO IccIoResponse sw1:0x90 sw2:0x0 [SUB0]
02-20 20:02:43.689  1914  1914 E SIMRecords: [SIMRecords] Exception in fetching EF_CSP data com.android.internal.telephony.CommandException: GENERIC_FAILURE
02-20 20:02:43.689  1914  1914 D SIMRecords: [SIMRecords] onRecordLoaded 13 requested: true
02-20 20:02:43.689  1914  1914 E SIMRecords: [SIMRecords] Exception in get GID1 com.android.internal.telephony.CommandException: GENERIC_FAILURE
02-20 20:02:43.689  1914  1914 D SIMRecords: [SIMRecords] onRecordLoaded 12 requested: true
02-20 20:02:43.689  1914  1914 E SIMRecords: [SIMRecords] Exception in get GID2 com.android.internal.telephony.CommandException: GENERIC_FAILURE
02-20 20:02:43.689  1914  1914 D SIMRecords: [SIMRecords] onRecordLoaded 11 requested: true
02-20 20:02:43.689  1914  1914 D RuimRecords: [RuimRecords] EF_PL LOADED
02-20 20:02:43.689  1914  1914 E RuimRecords: [RuimRecords] Record Load Exception: com.android.internal.telephony.CommandException: GENERIC_FAILURE
02-20 20:02:43.689  1914  1914 D RuimRecords: [RuimRecords] onRecordLoaded 8 requested: true
02-20 20:02:43.690  1914  1914 D RuimRecords: [RuimRecords] EF_CSIM_LI LOADED
02-20 20:02:43.690  1914  1914 E RuimRecords: [RuimRecords] Record Load Exception: com.android.internal.telephony.CommandException: GENERIC_FAILURE
02-20 20:02:43.690  1914  1914 D RuimRecords: [RuimRecords] onRecordLoaded 7 requested: true
02-20 20:02:43.690  1914  1914 D RuimRecords: [RuimRecords] EF_CSIM_SPN LOADED
02-20 20:02:43.690  1914  1914 E RuimRecords: [RuimRecords] Record Load Exception: com.android.internal.telephony.CommandException: GENERIC_FAILURE
02-20 20:02:43.690  1914  1914 D RuimRecords: [RuimRecords] onRecordLoaded 6 requested: true
02-20 20:02:43.690  1914  1914 D RuimRecords: [RuimRecords] EF_CSIM_MDN LOADED
02-20 20:02:43.690  1914  1914 E RuimRecords: [RuimRecords] Record Load Exception: com.android.internal.telephony.CommandException: GENERIC_FAILURE
02-20 20:02:43.690  1914  1914 D RuimRecords: [RuimRecords] onRecordLoaded 5 requested: true
02-20 20:02:43.690  1914  1914 D RuimRecords: [RuimRecords] EF_CSIM_IMSIM LOADED
02-20 20:02:43.690  1914  1914 E RuimRecords: [RuimRecords] Record Load Exception: com.android.internal.telephony.CommandException: GENERIC_FAILURE
02-20 20:02:43.690  1914  1914 D RuimRecords: [RuimRecords] onRecordLoaded 4 requested: true
02-20 20:02:43.690  1914  1914 D RuimRecords: [RuimRecords] EF_CSIM_CDMAHOME LOADED
02-20 20:02:43.690  1914  1914 E RuimRecords: [RuimRecords] Record Load Exception: com.android.internal.telephony.CommandException: GENERIC_FAILURE
02-20 20:02:43.690  1914  1914 D RuimRecords: [RuimRecords] onRecordLoaded 3 requested: true
02-20 20:02:43.690  1914  1914 D RuimRecords: [RuimRecords] EF_CSIM_EPRL LOADED
02-20 20:02:43.690  1914  1914 E RuimRecords: [RuimRecords] Record Load Exception: com.android.internal.telephony.CommandException: GENERIC_FAILURE
02-20 20:02:43.690  1914  1914 D RuimRecords: [RuimRecords] onRecordLoaded 2 requested: true
02-20 20:02:43.690  1914  1914 D SubscriptionInfoUpdater: [Receiver]+
02-20 20:02:43.690  1914  1914 D SubscriptionInfoUpdater: Action: android.intent.action.SIM_STATE_CHANGED
02-20 20:02:43.690  1914  1914 D SubscriptionInfoUpdater: slotId: 0
02-20 20:02:43.690  1914  1914 D SubscriptionInfoUpdater: simStatus: IMSI
02-20 20:02:43.690  1914  1914 D SubscriptionInfoUpdater: Ignoring simStatus: IMSI
02-20 20:02:43.690  1914  1914 D SubscriptionInfoUpdater: [Receiver]-
02-20 20:02:43.690  1914  1914 D RuimRecords: [RuimRecords] EF_CSIM_MIPUPP LOADED
02-20 20:02:43.690  1914  1914 E RuimRecords: [RuimRecords] Record Load Exception: com.android.internal.telephony.CommandException: GENERIC_FAILURE
02-20 20:02:43.690  1914  1914 D RuimRecords: [RuimRecords] onRecordLoaded 1 requested: true
02-20 20:02:43.690  2251  2251 W System  : ClassLoader referenced unknown path: /system/priv-app/GoogleServicesFramework/lib/x86_64
02-20 20:02:43.690  1914  1914 D RILJ    : [3733]> iccIO: SIM_IO 0xb0 0x6f14  path: 3F007F20,0,0,20 aid: null [SUB0]
02-20 20:02:43.691  1374  1459 D RIL     : onRequest: SIM_IO
02-20 20:02:43.691  1374  1459 D AT      : AT> AT+CRSM=176,28436,0,0,20
02-20 20:02:43.691  1374  1462 D AT      : AT< +CRSM: 144,0,416e64726f6964ffffffffffffffffffffffffff
02-20 20:02:43.691  1374  1462 D AT      : AT< OK
02-20 20:02:43.692  1914  2021 D RILJ    : [3733]< SIM_IO IccIoResponse sw1:0x90 sw2:0x0 [SUB0]
02-20 20:02:43.691  1914  1914 D SIMRecords: [SIMRecords] iccid: 89014103211118510720
02-20 20:02:43.692  1914  1914 D SIMRecords: [SIMRecords] onRecordLoaded 10 requested: true
02-20 20:02:43.695  1914  1914 D SIMRecords: [SIMRecords] EF_MBI: 01000000
02-20 20:02:43.695  1914  1914 D SIMRecords: [SIMRecords] Got valid mailbox number for MBDN
02-20 20:02:43.695  1914  1914 D RILJ    : [3734]> iccIO: SIM_IO 0xc0 0x6fc7  path: 3F007F20,0,0,15 aid: null [SUB0]
02-20 20:02:43.696  1374  1459 D RIL     : onRequest: SIM_IO
02-20 20:02:43.696  1374  1459 D AT      : AT> AT+CRSM=192,28615,0,0,15
02-20 20:02:43.696  1914  1914 D SIMRecords: [SIMRecords] onRecordLoaded 10 requested: true
02-20 20:02:43.696  1914  1914 D SIMRecords: [SIMRecords] EF_AD: 00000003
02-20 20:02:43.696  1914  1914 D SIMRecords: [SIMRecords] setting4 mMncLength=3
02-20 20:02:43.696  1914  1914 D SIMRecords: [SIMRecords] update mccmnc=310260
02-20 20:02:43.696  1374  1462 D AT      : AT< +CRSM: 144,0,000000406fc7040011a0aa01020120
02-20 20:02:43.696  1374  1462 D AT      : AT< OK
02-20 20:02:43.696  1914  2021 D RILJ    : [3734]< SIM_IO IccIoResponse sw1:0x90 sw2:0x0 [SUB0]
02-20 20:02:43.697  1914  1914 D MccTable: updateMccMncConfiguration mccmnc='310260' fromServiceState=false
02-20 20:02:43.697  1914  1914 D SubscriptionController: [getPhoneId]- no sims, returning default phoneId=2147483647
02-20 20:02:43.698  1914  1914 D MccTable: updateMccMncConfiguration defaultMccMnc=
02-20 20:02:43.698  1914  1914 D MccTable: updateMccMncConfiguration: mcc=310, mnc=260
02-20 20:02:43.698  1914  1914 D MccTable: updateMccMncConfiguration updateConfig config={1.0 310mcc260mnc ?localeList ?layoutDir ?swdp ?wdp ?hdp ?density ?lsize ?long ?orien ?uimode ?night ?touch ?keyb/?/? ?nav/?}
02-20 20:02:43.699  1677  1690 W art     : Long monitor contention with owner Binder:1677_1 (1688) at android.app.IActivityManager$ContentProviderHolder com.android.server.am.ActivityManagerService.getContentProviderImpl(android.app.IApplicationThread, java.lang.String, android.os.IBinder, boolean, int)(ActivityManagerService.java:10666) waiters=4 in int com.android.server.am.ActivityManagerService.bindService(android.app.IApplicationThread, android.os.IBinder, android.content.Intent, java.lang.String, android.app.IServiceConnection, int, java.lang.String, int) for 241ms
02-20 20:02:43.699  1677  1690 I dvm_lock_sample: [system_server,0,android.bg,241,ActivityManagerService.java,17301,-,10666,48]
02-20 20:02:43.700  1914  1935 D SubscriptionController: [getActiveSubInfoList] Sub Controller not ready
02-20 20:02:43.707  2202  2202 W System  : ClassLoader referenced unknown path: /system/app/PrebuiltDeskClockGoogle/lib/x86_64
02-20 20:02:43.732  2251  2251 I GservicesProvider: Gservices pushing to system: true; secure/global: true
02-20 20:02:43.771  1677  2172 W art     : Long monitor contention with owner android.display (1703) at void com.android.server.wm.WindowAnimator$1.doFrame(long)(WindowAnimator.java:144) waiters=0 in int com.android.server.wm.WindowManagerService.addWindow(com.android.server.wm.Session, android.view.IWindow, int, android.view.WindowManager$LayoutParams, int, int, android.graphics.Rect, android.graphics.Rect, android.graphics.Rect, android.view.InputChannel) for 165ms
02-20 20:02:43.771  1677  2172 I dvm_lock_sample: [system_server,1,Binder:1677_8,165,WindowManagerService.java,1887,WindowAnimator.java,144,33]
02-20 20:02:43.847  1677  1787 I configuration_changed: 3
02-20 20:02:43.847  1677  1787 I ActivityManager: Config changes=3 {1.0 310mcc260mnc [en_US] ldltr sw360dp w360dp h668dp 640dpi nrml long port finger -keyb/v/h -nav/h s.6}
02-20 20:02:43.888  1914  2142 D SubscriptionController: [getActiveSubInfoList] Sub Controller not ready
02-20 20:02:43.910  2145  2241 V GridSizeMigrationTask: Workspace migration completed in 40
02-20 20:02:43.911  2145  2241 D Launcher.Model: loadWorkspace: loading default favorites
02-20 20:02:43.994  1677  2086 I BackupManagerService: Found stale backup journal, scheduling
02-20 20:02:43.902     0     0 D ieee80211 phy0: hw scan 5200 MHz
02-20 20:02:44.056  2251  2251 I GoogleHttpClient: GMS http client unavailable, use old client
02-20 20:02:44.020     0     0 D ieee80211 phy0: hw scan 5220 MHz
02-20 20:02:44.134  1677  2172 W art     : Long monitor contention with owner android.display (1703) at void com.android.server.wm.WindowAnimator$1.doFrame(long)(WindowAnimator.java:144) waiters=1 in void com.android.server.wm.WindowManagerService.getInitialDisplaySize(int, android.graphics.Point) for 103ms
02-20 20:02:44.134  1677  2172 I dvm_lock_sample: [system_server,1,Binder:1677_8,103,WindowManagerService.java,9051,WindowAnimator.java,144,20]
02-20 20:02:44.184  1914  1934 D SubscriptionController: [getSlotId]- subId invalid
02-20 20:02:44.184  1763  2196 D TelephonyManager: getSimState: default sim:-1, sim state for slotIdx=0 is 5, return state as unknown
02-20 20:02:44.145     0     0 D ieee80211 phy0: hw scan 5240 MHz
02-20 20:02:44.292  1677  1787 W art     : Long monitor contention with owner android.display (1703) at void com.android.server.wm.WindowAnimator$1.doFrame(long)(WindowAnimator.java:144) waiters=1 in void com.android.server.wm.WindowManagerService.startAppFreezingScreen(android.os.IBinder, int) for 115ms
02-20 20:02:44.292  1677  1787 I dvm_lock_sample: [system_server,1,Binder:1677_3,115,WindowManagerService.java,4812,WindowAnimator.java,144,23]
02-20 20:02:44.261     0     0 D ieee80211 phy0: hw scan 5745 MHz
02-20 20:02:44.359  1914  2030 D GsmCellBroadcastHandler: mWakeLock released
02-20 20:02:44.379  1914  2033 D CellBroadcastHandler: mWakeLock released
02-20 20:02:44.385  1914  2035 D CdmaServiceCategoryProgramHandler: mWakeLock released
02-20 20:02:44.386  1914  2032 D GsmInboundSmsHandler: IdleState.processMessage:5
02-20 20:02:44.386  1914  2032 D GsmInboundSmsHandler: Idle state processing message type 5
02-20 20:02:44.387  1914  2034 D CdmaInboundSmsHandler: IdleState.processMessage:5
02-20 20:02:44.387  1914  2034 D CdmaInboundSmsHandler: Idle state processing message type 5
02-20 20:02:44.388  1914  2032 D GsmInboundSmsHandler: mWakeLock released
02-20 20:02:44.388  1914  2034 D CdmaInboundSmsHandler: mWakeLock released
02-20 20:02:44.429  1757  1757 I LatinIME: Timeout waiting for dictionary load
02-20 20:02:44.380     0     0 D ieee80211 phy0: hw scan 5765 MHz
02-20 20:02:44.508     0     0 D ieee80211 phy0: hw scan 5785 MHz
02-20 20:02:44.629     0     0 D ieee80211 phy0: hw scan 5805 MHz
02-20 20:02:44.778  1677  1787 I dvm_lock_sample: [system_server,1,Binder:1677_3,62,WindowManagerService.java,4812,WindowAnimator.java,144,12]
02-20 20:02:44.741     0     0 D ieee80211 phy0: hw scan 5825 MHz
02-20 20:02:44.896  1312  1353 D gralloc_ranchu: gralloc_alloc: Creating ashmem region of size 17051648
02-20 20:02:44.862     0     0 D ieee80211 phy0: hw scan complete
02-20 20:02:44.862     0     0 D ieee80211 phy0: mac80211_hwsim_get_survey (idx=0)
02-20 20:02:44.966     0     0 I wlan0   : authenticate with 02:00:00:00:01:00
02-20 20:02:44.967     0     0 D ieee80211 phy0: mac80211_hwsim_config (freq=0 idle=0 ps=0 smps=auto)
02-20 20:02:44.967     0     0 D ieee80211 phy0: add channel context control: 2447 MHz/width: 2/cfreqs:2437/0 MHz
02-20 20:02:44.967     0     0 D ieee80211 phy0: mac80211_hwsim_bss_info_changed(changed=0x40000)
02-20 20:02:44.967     0     0 D ieee80211 phy0: TX Power: 20 dBm
02-20 20:02:44.967     0     0 D ieee80211 phy0: mac80211_hwsim_bss_info_changed(changed=0x4000)
02-20 20:02:44.967     0     0 D ieee80211 phy0: mac80211_hwsim_bss_info_changed(changed=0xe0)
02-20 20:02:44.917  1677  1787 I am_relaunch_resume_activity: [0,208252701,98,com.google.android.apps.nexuslauncher/.NexusLauncherActivity]
02-20 20:02:44.920  1914  1914 D SIMRecords: [SIMRecords] onRecordLoaded 9 requested: true
02-20 20:02:44.921  1914  1914 D SIMRecords: [SIMRecords] EF_MWIS : 0000000000
02-20 20:02:44.921  1914  1914 D SIMRecords: [SIMRecords] onRecordLoaded 8 requested: true
02-20 20:02:44.921  1914  1914 D SIMRecords: [SIMRecords] EF_CPHS_MWI: 55
02-20 20:02:44.921  1914  1914 D SIMRecords: [SIMRecords] onRecordLoaded 7 requested: true
02-20 20:02:44.921  1914  1914 D SIMRecords: [SIMRecords] EF_CFF_CPHS: 55
02-20 20:02:44.921  1914  1914 D SIMRecords: [SIMRecords] onRecordLoaded 6 requested: true
02-20 20:02:44.921  1914  1914 D SIMRecords: [SIMRecords] onRecordLoaded 5 requested: true
02-20 20:02:44.921  1914  1914 D SIMRecords: [SIMRecords] SST: UsimServiceTable[120]={ PHONEBOOK, FDN, FDN_EXTENSION, SDN, SDN_EXTENSION, BDN, BDN_EXTENSION, OUTGOING_CALL_INFO, ADVICE_OF_CHARGE, CAP_CONFIG_PARAMS_2, GROUP_ID_LEVEL_1, GROUP_ID_LEVEL_2, SPN, USER_PLMN_SELECT, MSISDN, IMAGE, LOCALISED_SERVICE_AREAS, EMLPP, EMLPP_AUTO_ANSWER, RFU, GSM_ACCESS, DATA_DL_VIA_SMS_PP, DATA_DL_VIA_SMS_CB, CALL_CONTROL_BY_USIM, MO_SMS_CONTROL_BY_USIM, RUN_AT_COMMAND, APN_CONTROL_LIST, DEPERSONALISATION_CONTROL_KEYS, COOPERATIVE_NETWORK_LIST, GSM_SECURITY_CONTEXT, SERVICE_PROVIDER_DISPLAY_INFO, MMS_NOTIFICATION, MMS_NOTIFICATION_EXTENSION, GPRS_CALL_CONTROL_BY_USIM, VGCS_GROUP_ID_LIST, VBS_GROUP_ID_LIST, OMA_BCAST_PROFILE, GBA_LOCAL_KEY_ESTABLISHMENT, #101, #102, #103, #104, #105, #106, #107, #108, #109, #110 }
02-20 20:02:44.921  1914  1914 D SIMRecords: [SIMRecords] onRecordLoaded 4 requested: true
02-20 20:02:44.921  1914  1914 D SIMRecords: [SIMRecords] iCPHS: 0233
02-20 20:02:44.921  1914  1914 D SIMRecords: [SIMRecords] onRecordLoaded 3 requested: true
02-20 20:02:44.921  1914  1914 D RuimRecords: [RuimRecords] iccid: 89014103211118510720
02-20 20:02:44.921  1914  1914 D RuimRecords: [RuimRecords] onRecordLoaded 0 requested: true
02-20 20:02:44.921  1914  1914 D RuimRecords: [RuimRecords] record load complete
02-20 20:02:44.921  1914  1914 D SIMRecords: [SIMRecords] MSISDN: [t-WgLegCyIMgfHgPkOdM6pkZbpA]
02-20 20:02:44.921  1914  1914 D SIMRecords: [SIMRecords] onRecordLoaded 2 requested: true
02-20 20:02:44.921  1914  1914 D RILJ    : [3735]> iccIO: SIM_IO 0xb2 0x6fc7  path: 3F007F20,1,4,32 aid: null [SUB0]
02-20 20:02:44.929  1374  1459 D RIL     : onRequest: SIM_IO
02-20 20:02:44.929  1374  1459 D AT      : AT> AT+CRSM=178,28615,1,4,32
02-20 20:02:44.929  1374  1462 D AT      : AT< +CRSM: 144,0,566f6963656d61696cffffffffffffffffff07915155125740f9ffffffffffff
02-20 20:02:44.929  1374  1462 D AT      : AT< OK
02-20 20:02:44.930  1914  2021 D RILJ    : [3735]< SIM_IO IccIoResponse sw1:0x90 sw2:0x0 [SUB0]
02-20 20:02:44.930  1677  1966 W art     : Long monitor contention with owner Binder:1677_3 (1787) at void com.android.server.am.ActivityManagerService.updateConfiguration(android.content.res.Configuration)(ActivityManagerService.java:18937) waiters=1 in void com.android.server.am.ActivityManagerService.publishContentProviders(android.app.IApplicationThread, java.util.List) for 1.207s
02-20 20:02:44.930  1677  1966 I dvm_lock_sample: [system_server,1,Binder:1677_5,1207,ActivityManagerService.java,11160,-,18937,100]
