02-20 20:03:59.731  1678  1729 D VoldConnector: RCV <- {651 emulated 7}
02-20 20:03:59.731  1678  1729 D VoldConnector: RCV <- {659 emulated}
02-20 20:03:59.731  1678  1729 D VoldConnector: RCV <- {650 emulated 2 "" ""}
02-20 20:03:59.731  1678  1729 D VoldConnector: RCV <- {651 emulated 0}
02-20 20:03:59.731  1678  1729 D VoldConnector: RCV <- {651 public:253,64 7}
02-20 20:03:59.731  1678  1729 D VoldConnector: RCV <- {659 public:253,64}
02-20 20:03:59.731  1678  1729 D VoldConnector: RCV <- {649 disk:253,64}
02-20 20:03:59.731  1678  1729 D VoldConnector: RCV <- {640 disk:253,64 5}
02-20 20:03:59.731  1678  1729 D VoldConnector: RCV <- {641 disk:253,64 536870912}
02-20 20:03:59.732  1678  1729 D VoldConnector: RCV <- {642 disk:253,64 Virtual}
02-20 20:03:59.732  1678  1729 D VoldConnector: RCV <- {644 disk:253,64 /sys//devices/pci0000:00/0000:00:07.0/virtio4/block/vde}
02-20 20:03:59.733  1760  1760 W art     : Unexpected CPU variant for X86 using defaults: x86_64
02-20 20:03:59.733  1678  1699 V MountService: Found primary storage at VolumeInfo{emulated}:
02-20 20:03:59.733  1678  1699 V MountService:     type=EMULATED diskId=null partGuid=null mountFlags=0 mountUserId=-1 
02-20 20:03:59.733  1678  1699 V MountService:     state=UNMOUNTED 
02-20 20:03:59.733  1678  1699 V MountService:     fsType=null fsUuid=null fsLabel=null 
02-20 20:03:59.733  1678  1699 V MountService:     path=null internalPath=null 
02-20 20:03:59.764  1678  1678 I am_proc_start: [0,1772,10028,com.android.systemui,service,com.android.systemui/.ImageWallpaper]
02-20 20:03:59.764  1678  1678 I ActivityManager: Start proc 1772:com.android.systemui/u0a28 for service com.android.systemui/.ImageWallpaper
02-20 20:03:59.765  1678  1690 I am_proc_bound: [0,1760,com.android.inputmethod.latin]
02-20 20:03:59.769  1267  1303 V vold    : DISK mbr
02-20 20:03:59.769  1267  1303 V vold    : 
02-20 20:03:59.772  1267  1303 W vold    : disk:253,64 has unknown partition table; trying entire device
02-20 20:03:59.772  1267  1303 V vold    : /system/bin/blkid
02-20 20:03:59.772  1267  1303 V vold    :     -c
02-20 20:03:59.772  1267  1303 V vold    :     /dev/null
02-20 20:03:59.772  1267  1303 V vold    :     -s
02-20 20:03:59.772  1267  1303 V vold    :     TYPE
02-20 20:03:59.772  1267  1303 V vold    :     -s
02-20 20:03:59.772  1267  1303 V vold    :     UUID
02-20 20:03:59.772  1267  1303 V vold    :     -s
02-20 20:03:59.772  1267  1303 V vold    :     LABEL
02-20 20:03:59.772  1267  1303 V vold    :     /dev/block/vold/disk:253,64
02-20 20:03:59.782  1678  1678 D UsbAlsaManager: Adding ALSA device AlsaDevice: [card: 0, device: 0, type: 1]
02-20 20:03:59.782  1678  1678 D UsbAlsaManager: Adding ALSA device AlsaDevice: [card: 0, device: 0, type: 2]
02-20 20:03:59.783  1678  1750 E BluetoothAdapter: Bluetooth binder is null
02-20 20:03:59.786  1772  1772 W art     : Unexpected CPU variant for X86 using defaults: x86_64
02-20 20:03:59.795  1678  1750 E BluetoothAdapter: Bluetooth binder is null
02-20 20:03:59.803  1267  1303 V vold    : /dev/block/vold/disk:253,64: LABEL="SDCARD" UUID="1E12-0B12" TYPE="vfat" 
02-20 20:03:59.803  1267  1303 V vold    : 
02-20 20:03:59.804  1678  1729 D VoldConnector: RCV <- {650 public:253,64 0 "disk:253,64" ""}
02-20 20:03:59.804  1678  1729 D VoldConnector: RCV <- {651 public:253,64 0}
02-20 20:03:59.809  1678  1729 D VoldConnector: RCV <- {643 disk:253,64}
02-20 20:03:59.809  1678  1729 D VoldConnector: RCV <- {200 3 Command succeeded}
02-20 20:03:59.809  1678  1728 D VoldConnector: SND -> {4 volume user_added 0 0}
02-20 20:03:59.810  1678  1729 D VoldConnector: RCV <- {200 4 Command succeeded}
02-20 20:03:59.819  1678  1753 I am_proc_bound: [0,1772,com.android.systemui]
02-20 20:03:59.822  1363  1408 I AudioFlinger: systemReady
02-20 20:03:59.823  1678  1728 D VoldConnector: SND -> {5 volume mount emulated 3 -1}
02-20 20:03:59.824  1267  1303 V vold    : Waiting for FUSE to spin up...
02-20 20:03:59.824  1678  1729 D VoldConnector: RCV <- {651 emulated 1}
02-20 20:03:59.824  1678  1729 D VoldConnector: RCV <- {656 emulated /data/media}
02-20 20:03:59.824  1678  1729 D VoldConnector: RCV <- {655 emulated /storage/emulated}
02-20 20:03:59.824  1678  1678 I SystemServer: WebViewFactory preparation
02-20 20:03:59.845  1791  1791 W sdcard  : Device explicitly disabled sdcardfs
02-20 20:03:59.846  1772  1772 W System  : ClassLoader referenced unknown path: /system/priv-app/SystemUIGoogle/lib/x86_64
02-20 20:03:59.853     0     0 D SELinux : initialized (dev fuse, type fuse), uses genfs_contexts
02-20 20:03:59.860     0     0 D SELinux : initialized (dev fuse, type fuse), uses genfs_contexts
02-20 20:03:59.870     0     0 D SELinux : initialized (dev fuse, type fuse), uses genfs_contexts
02-20 20:03:59.881  1678  1729 D VoldConnector: RCV <- {651 emulated 2}
02-20 20:03:59.881  1678  1729 D VoldConnector: RCV <- {200 5 Command succeeded}
02-20 20:03:59.882  1678  1728 D VoldConnector: SND -> {6 volume mount public:253,64 2 0}
02-20 20:03:59.886  1267  1303 V vold    : /system/bin/blkid
02-20 20:03:59.886  1267  1303 V vold    :     -c
02-20 20:03:59.886  1267  1303 V vold    :     /dev/null
02-20 20:03:59.886  1267  1303 V vold    :     -s
02-20 20:03:59.886  1267  1303 V vold    :     TYPE
02-20 20:03:59.886  1267  1303 V vold    :     -s
02-20 20:03:59.886  1267  1303 V vold    :     UUID
02-20 20:03:59.886  1267  1303 V vold    :     -s
02-20 20:03:59.886  1267  1303 V vold    :     LABEL
02-20 20:03:59.886  1267  1303 V vold    :     /dev/block/vold/public:253,64
02-20 20:03:59.886  1678  1729 D VoldConnector: RCV <- {651 public:253,64 1}
02-20 20:03:59.897  1678  1678 D WebViewFactory: Setting new address space to 137955392
02-20 20:03:59.917  1678  1678 I Zygote  : Process: zygote socket opened, supported ABIS: x86
02-20 20:03:59.919  1362  1362 I art     : Starting a blocking GC Background
02-20 20:03:59.925  1678  1801 E WVMExtractor: Failed to open libwvm.so: dlopen failed: library "libwvm.so" not found
02-20 20:03:59.928  1267  1303 V vold    : /dev/block/vold/public:253,64: LABEL="SDCARD" UUID="1E12-0B12" TYPE="vfat" 
02-20 20:03:59.928  1267  1303 V vold    : 
02-20 20:03:59.929  1267  1303 V vold    : /system/bin/fsck_msdos
02-20 20:03:59.929  1267  1303 V vold    :     -p
02-20 20:03:59.929  1267  1303 V vold    :     -f
02-20 20:03:59.929  1267  1303 V vold    :     /dev/block/vold/public:253,64
02-20 20:03:59.929  1678  1729 D VoldConnector: RCV <- {652 public:253,64 vfat}
02-20 20:03:59.929  1678  1729 D VoldConnector: RCV <- {653 public:253,64 1E12-0B12}
02-20 20:03:59.930  1678  1729 D VoldConnector: RCV <- {654 public:253,64 SDCARD}
02-20 20:03:59.963  1678  1678 W ActivityManager: Slow operation: 57ms so far, now at startProcess: returned from zygote!
02-20 20:03:59.963  1678  1678 W ActivityManager: Slow operation: 57ms so far, now at startProcess: done updating battery stats
02-20 20:03:59.963  1678  1678 I am_proc_start: [0,1804,1037,WebViewLoader-x86,,]
02-20 20:03:59.963  1678  1678 W ActivityManager: Slow operation: 57ms so far, now at startProcess: building log message
02-20 20:03:59.963  1678  1678 I ActivityManager: Start proc 1804:WebViewLoader-x86/1037 [android.webkit.WebViewFactory$RelroFileCreator] for 
02-20 20:03:59.963  1678  1678 W ActivityManager: Slow operation: 57ms so far, now at startProcess: starting to update pids map
02-20 20:03:59.963  1678  1678 W ActivityManager: Slow operation: 57ms so far, now at startProcess: done updating pids map
02-20 20:03:59.963  1678  1678 W ActivityManager: Slow operation: 57ms so far, now at startProcess: done starting proc!
02-20 20:03:59.969  1809  1809 W art     : Unexpected CPU variant for X86 using defaults: x86_64
02-20 20:03:59.973  1809  1809 V WebViewFactory: RelroFileCreator (64bit = true),  32-bit lib: /system/app/Chrome/Chrome.apk!/lib/x86/libmonochrome.so, 64-bit lib: /system/app/Chrome/Chrome.apk!/lib/x86_64/libmonochrome.so
02-20 20:03:59.974  1678  1678 I am_proc_start: [0,1809,1037,WebViewLoader-x86_64,,]
02-20 20:03:59.974  1678  1678 I ActivityManager: Start proc 1809:WebViewLoader-x86_64/1037 [android.webkit.WebViewFactory$RelroFileCreator] for 
02-20 20:03:59.975  1678  1678 D NetworkManagement: enabling bandwidth control
02-20 20:03:59.987  1371  1371 I MediaPlayerService: MediaPlayerService::getOMX
02-20 20:03:59.988  1371  1371 I OMXClient: MuxOMX ctor
02-20 20:03:59.995  1371  1371 I MediaPlayerService: MediaPlayerService::getOMX
02-20 20:03:59.996  1371  1371 I OMXClient: MuxOMX ctor
02-20 20:03:59.996  1368  1368 I OMXMaster: makeComponentInstance(OMX.google.mp3.decoder) in mediacodec process
02-20 20:04:00.023  1804  1804 W art     : Unexpected CPU variant for X86 using defaults: x86
02-20 20:04:00.031  1267  1303 I fsck_msdos: ** /dev/block/vold/public:253,64
02-20 20:04:00.032  1267  1303 I fsck_msdos: ** Phase 1 - Read and Compare FATs
02-20 20:04:00.032  1267  1303 I fsck_msdos: Attempting to allocate 1022 KB for FAT
02-20 20:04:00.084  1678  1736 D WifiController: DEFERRED_TOGGLE handled
02-20 20:04:00.111  1804  1804 V WebViewFactory: RelroFileCreator (64bit = false),  32-bit lib: /system/app/Chrome/Chrome.apk!/lib/x86/libmonochrome.so, 64-bit lib: /system/app/Chrome/Chrome.apk!/lib/x86_64/libmonochrome.so
02-20 20:04:00.112  1371  1371 I MediaPlayerService: MediaPlayerService::getOMX
02-20 20:04:00.112  1371  1371 I OMXClient: MuxOMX ctor
02-20 20:04:00.113  1368  1832 I OMXMaster: makeComponentInstance(OMX.google.amrnb.decoder) in mediacodec process
02-20 20:04:00.125  1772  1772 V SystemUIService: Starting SystemUI services for user 0.
02-20 20:04:00.147  1371  1371 I MediaPlayerService: MediaPlayerService::getOMX
02-20 20:04:00.148  1371  1371 I OMXClient: MuxOMX ctor
02-20 20:04:00.148  1368  1384 I OMXMaster: makeComponentInstance(OMX.google.amrwb.decoder) in mediacodec process
02-20 20:04:00.158  1371  1371 I MediaPlayerService: MediaPlayerService::getOMX
02-20 20:04:00.158  1371  1371 I OMXClient: MuxOMX ctor
02-20 20:04:00.158  1368  1368 I OMXMaster: makeComponentInstance(OMX.google.aac.decoder) in mediacodec process
02-20 20:04:00.172  1371  1371 I MediaPlayerService: MediaPlayerService::getOMX
02-20 20:04:00.173  1371  1371 I OMXClient: MuxOMX ctor
02-20 20:04:00.173  1368  1832 I OMXMaster: makeComponentInstance(OMX.google.g711.alaw.decoder) in mediacodec process
02-20 20:04:00.198  1772  1772 V MediaRouter: Adding route: RouteInfo{ name=Phone, description=null, status=null, category=RouteCategory{ name=null types=ROUTE_TYPE_LIVE_AUDIO ROUTE_TYPE_LIVE_VIDEO  groupable=false }, supportedTypes=ROUTE_TYPE_LIVE_AUDIO ROUTE_TYPE_LIVE_VIDEO , presentationDisplay=null }
02-20 20:04:00.208  1772  1772 V MediaRouter: Updating audio routes: AudioRoutesInfo{ type=SPEAKER }
02-20 20:04:00.208  1772  1772 V MediaRouter: Selecting route: RouteInfo{ name=Phone, description=null, status=null, category=RouteCategory{ name=null types=ROUTE_TYPE_LIVE_AUDIO ROUTE_TYPE_LIVE_VIDEO  groupable=false }, supportedTypes=ROUTE_TYPE_LIVE_AUDIO ROUTE_TYPE_LIVE_VIDEO , presentationDisplay=null }
02-20 20:04:00.218  1267  1303 I fsck_msdos: Attempting to allocate 1022 KB for FAT
02-20 20:04:00.224  1678  1753 D TelephonyRegistry: listen oscl: hasNotifySubscriptionInfoChangedOccurred==false no callback
02-20 20:04:00.249  1760  1760 I LatinIME: Hardware accelerated drawing: true
02-20 20:04:00.266  1371  1371 I MediaPlayerService: MediaPlayerService::getOMX
02-20 20:04:00.267  1371  1371 I OMXClient: MuxOMX ctor
02-20 20:04:00.268  1368  1832 I OMXMaster: makeComponentInstance(OMX.google.g711.mlaw.decoder) in mediacodec process
02-20 20:04:00.358  1372  1677 D SoftapController: Softap fwReload - Ok
02-20 20:04:00.361  1371  1371 I MediaPlayerService: MediaPlayerService::getOMX
02-20 20:04:00.362  1371  1371 I OMXClient: MuxOMX ctor
02-20 20:04:00.362  1368  1832 I OMXMaster: makeComponentInstance(OMX.google.vorbis.decoder) in mediacodec process
02-20 20:04:00.391  1267  1303 I fsck_msdos: ** Phase 2 - Check Cluster Chains
02-20 20:04:00.391  1772  1853 E WVMExtractor: Failed to open libwvm.so: dlopen failed: library "libwvm.so" not found
02-20 20:04:00.403  1267  1303 I fsck_msdos: ** Phase 3 - Checking Directories
02-20 20:04:00.410  1267  1303 I fsck_msdos: ** Phase 4 - Checking for Lost Files
02-20 20:04:00.415  1804  1804 I art     : System.exit called, status: 0
02-20 20:04:00.415  1804  1804 I AndroidRuntime: VM exiting with result code 0, cleanup skipped.
02-20 20:04:00.417  1267  1303 I fsck_msdos: 27 files, 522176 free (261088 clusters)
02-20 20:04:00.444  1267  1303 I Vold    : Filesystem check completed OK
02-20 20:04:00.444  1678  1729 D VoldConnector: RCV <- {656 public:253,64 /mnt/media_rw/1E12-0B12}
02-20 20:04:00.450  1678  1729 D VoldConnector: RCV <- {655 public:253,64 /storage/1E12-0B12}
02-20 20:04:00.470  1371  1371 I MediaPlayerService: MediaPlayerService::getOMX
02-20 20:04:00.471  1371  1371 I OMXClient: MuxOMX ctor
02-20 20:04:00.471  1368  1832 I OMXMaster: makeComponentInstance(OMX.google.opus.decoder) in mediacodec process
02-20 20:04:00.476  1267  1303 V vold    : Waiting for FUSE to spin up...
02-20 20:04:00.475     0     0 W FAT-fs (vde): Volume was not properly unmounted. Some data may be corrupt. Please run fsck.
02-20 20:04:00.476     0     0 D SELinux : initialized (dev vde, type vfat), uses genfs_contexts
02-20 20:04:00.494  1809  1809 I art     : System.exit called, status: 0
02-20 20:04:00.494  1809  1809 I AndroidRuntime: VM exiting with result code 0, cleanup skipped.
02-20 20:04:00.505  1371  1371 I MediaPlayerService: MediaPlayerService::getOMX
02-20 20:04:00.505  1371  1371 I OMXClient: MuxOMX ctor
02-20 20:04:00.505  1368  1832 I OMXMaster: makeComponentInstance(OMX.google.raw.decoder) in mediacodec process
02-20 20:04:00.516  1678  1678 W NetworkManagement: setDataSaverMode(): already false
02-20 20:04:00.519  1868  1868 W sdcard  : Device explicitly disabled sdcardfs
02-20 20:04:00.520  1372  1677 D CommandListener: Setting iface cfg
02-20 20:04:00.520  1372  1677 D CommandListener: Trying to bring down wlan0
02-20 20:04:00.521  1372  1677 D CommandListener: Clearing all IP addresses on wlan0
02-20 20:04:00.524  1678  1737 E WifiMonitor: killSupplicant p2pfalse init.svc.wpa_supplicant=unknown init.svc.p2p_supplicant=unknown
02-20 20:04:00.525  1678  1737 E wifi    : Can not initialize the vendor function pointer table
02-20 20:04:00.525  1678  1737 E WifiNative-HAL: Could not start hal
02-20 20:04:00.525  1678  1737 E WifiStateMachine: Failed to start HAL
02-20 20:04:00.526  1371  1371 I MediaPlayerService: MediaPlayerService::getOMX
02-20 20:04:00.526  1371  1371 I OMXClient: MuxOMX ctor
02-20 20:04:00.526  1368  1384 I OMXMaster: makeComponentInstance(OMX.google.aac.encoder) in mediacodec process
02-20 20:04:00.527  1267  1303 V vold    : Waiting for FUSE to spin up...
02-20 20:04:00.528     0     0 D SELinux : initialized (dev fuse, type fuse), uses genfs_contexts
02-20 20:04:00.528     0     0 D SELinux : initialized (dev fuse, type fuse), uses genfs_contexts
02-20 20:04:00.530     0     0 D SELinux : initialized (dev fuse, type fuse), uses genfs_contexts
02-20 20:04:00.531     0     0 I init    : Starting service 'wpa_supplicant'...
02-20 20:04:00.549  1678  1737 D WifiMonitor: startMonitoring(wlan0) with mConnected = false
02-20 20:04:00.567  1371  1371 I MediaPlayerService: MediaPlayerService::getOMX
02-20 20:04:00.570  1371  1371 I OMXClient: MuxOMX ctor
02-20 20:04:00.570  1368  1368 I OMXMaster: makeComponentInstance(OMX.google.amrnb.encoder) in mediacodec process
02-20 20:04:00.579  1678  1729 D VoldConnector: RCV <- {651 public:253,64 2}
02-20 20:04:00.580  1678  1729 D VoldConnector: RCV <- {200 6 Command succeeded}
02-20 20:04:00.583  1678  1728 E VoldConnector: NDC Command {6 volume mount public:253,64 2 0} took too long (701ms)
02-20 20:04:00.588  1371  1371 I MediaPlayerService: MediaPlayerService::getOMX
02-20 20:04:00.588  1371  1371 I OMXClient: MuxOMX ctor
02-20 20:04:00.588  1368  1368 I OMXMaster: makeComponentInstance(OMX.google.amrwb.encoder) in mediacodec process
02-20 20:04:00.592  1760  1760 W InputAttributes: No editor info for this field. Bug?
02-20 20:04:00.609  1371  1371 I MediaPlayerService: MediaPlayerService::getOMX
02-20 20:04:00.609  1371  1371 I OMXClient: MuxOMX ctor
02-20 20:04:00.609  1368  1832 I OMXMaster: makeComponentInstance(OMX.google.flac.encoder) in mediacodec process
02-20 20:04:00.615  1678  1695 W WindowManager: Keyguard drawn timeout. Setting mKeyguardDrawComplete
02-20 20:04:00.649  1760  1896 I LatinIME:LogUtils: Dictionary info: dictionary = userunigram.en_US ; version = 1519157040 ; date = ?
02-20 20:04:00.649  1760  1896 E ActivityThread: Failed to find provider info for user_dictionary
02-20 20:04:00.650  1760  1896 I LatinIME:LogUtils: Dictionary info: dictionary = UserHistoryDictionary.en_US ; version = 1519157040 ; date = ?
02-20 20:04:00.657  1371  1371 I MediaPlayerService: MediaPlayerService::getOMX
02-20 20:04:00.657  1678  1678 D NetworkPolicy: setRestrictBackgroundUL(): false
02-20 20:04:00.657  1371  1371 I OMXClient: MuxOMX ctor
02-20 20:04:00.657  1368  1832 I OMXMaster: makeComponentInstance(OMX.google.gsm.decoder) in mediacodec process
02-20 20:04:00.658  1678  1678 W NetworkManagement: setDataSaverMode(): already false
02-20 20:04:00.681  1887  1887 I wpa_supplicant: Successfully initialized wpa_supplicant
02-20 20:04:00.715  1371  1371 I MediaPlayerService: MediaPlayerService::getOMX
02-20 20:04:00.715  1371  1371 I OMXClient: MuxOMX ctor
02-20 20:04:00.715  1368  1832 I OMXMaster: makeComponentInstance(OMX.google.mpeg4.decoder) in mediacodec process
02-20 20:04:00.718  1887  1887 I wpa_supplicant: rfkill: Cannot open RFKILL control device
02-20 20:04:00.718     0     0 D ieee80211 phy0: mac80211_hwsim_start
02-20 20:04:00.718     0     0 D ieee80211 phy0: mac80211_hwsim_add_interface (type=2 mac_addr=02:00:00:44:55:66)
02-20 20:04:00.718     0     0 D ieee80211 phy0: mac80211_hwsim_bss_info_changed(changed=0xe)
02-20 20:04:00.718     0     0 D ieee80211 phy0: ERP_CTS_PROT: 0
02-20 20:04:00.718     0     0 D ieee80211 phy0: ERP_PREAMBLE: 0
02-20 20:04:00.718     0     0 D ieee80211 phy0: ERP_SLOT: 0
02-20 20:04:00.718     0     0 D ieee80211 phy0: mac80211_hwsim_conf_tx (queue=0 txop=0 cw_min=15 cw_max=1023 aifs=2)
02-20 20:04:00.718     0     0 D ieee80211 phy0: mac80211_hwsim_conf_tx (queue=1 txop=0 cw_min=15 cw_max=1023 aifs=2)
02-20 20:04:00.718     0     0 D ieee80211 phy0: mac80211_hwsim_conf_tx (queue=2 txop=0 cw_min=15 cw_max=1023 aifs=2)
02-20 20:04:00.718     0     0 D ieee80211 phy0: mac80211_hwsim_conf_tx (queue=3 txop=0 cw_min=15 cw_max=1023 aifs=2)
02-20 20:04:00.718     0     0 D ieee80211 phy0: mac80211_hwsim_bss_info_changed(changed=0x2000)
02-20 20:04:00.718     0     0 D ieee80211 phy0: mac80211_hwsim_config (freq=0 idle=0 ps=0 smps=auto)
02-20 20:04:00.718     0     0 I IPv6    : ADDRCONF(NETDEV_UP): wlan0: link is not ready
02-20 20:04:00.720     0     0 D ieee80211 phy0: mac80211_hwsim_configure_filter
02-20 20:04:00.719  1887  1887 I wpa_supplicant: nl80211: Could not re-add multicast membership for vendor events: -2 (No such file or directory)
02-20 20:04:00.733  1772  1772 I vol.Events: writeEvent collection_started
02-20 20:04:00.748  1772  1906 I sysui_action: [213,2]
02-20 20:04:00.748  1772  1906 I vol.Events: writeEvent external_ringer_mode_changed normal
02-20 20:04:00.748  1772  1906 I vol.Events: writeEvent internal_ringer_mode_changed normal
02-20 20:04:00.809  1368  1368 E OMXNodeInstance: getExtensionIndex(558000f:google.mpeg4.decoder, OMX.google.android.index.configureVideoTunnelMode) ERROR: UnsupportedIndex(0x8000101a)
02-20 20:04:00.809  1368  1384 W OMXNodeInstance: [558000f:google.mpeg4.decoder] component does not support metadata mode; using fallback
02-20 20:04:00.812  1371  1371 I MediaPlayerService: MediaPlayerService::getOMX
02-20 20:04:00.812  1371  1371 I OMXClient: MuxOMX ctor
02-20 20:04:00.812  1368  1832 I OMXMaster: makeComponentInstance(OMX.google.h263.decoder) in mediacodec process
02-20 20:04:00.818  1678  1678 I SystemServiceManager: Starting phase 600
02-20 20:04:00.831  1887  1887 E wpa_supplicant: global ctrl interface @android:wpa_wlan0 matches ctrl interface wlan0 - do not open per-interface ctrl interface
02-20 20:04:00.848  1678  1737 D WifiConfigManager: Loading config and enabling all networks 
02-20 20:04:00.881  1678  1678 D SensorNotificationService: Cannot obtain dynamic meta sensor, not supported.
02-20 20:04:00.896  1678  1678 D TelephonyRegistry: listen oscl: hasNotifySubscriptionInfoChangedOccurred==false no callback
02-20 20:04:00.909  1678  1737 W WifiNetworkHistory: Upgrading network 0 to android.uid.system:1000
02-20 20:04:00.911  1678  1737 D WifiConfigManager: loaded 0 passpoint configs
02-20 20:04:00.911  1678  1737 E IpConfigStore: Error parsing configuration: java.io.FileNotFoundException: /data/misc/wifi/ipconfig.txt (No such file or directory)
02-20 20:04:00.920  1678  1737 D WifiNative-HAL: Setting external_sim to 1
02-20 20:04:00.921  1678  1733 I netstats_mobile_sample: [0,0,0,0,0,0,0,0,0,0,0,0,-1]
02-20 20:04:00.921  1678  1733 I netstats_wifi_sample: [0,0,0,0,0,0,0,0,0,0,0,0,-1]
02-20 20:04:00.921  1678  1737 D WifiStateMachine: Setting OUI to DA-A1-19
02-20 20:04:00.922  1678  1678 I GnssLocationProvider: WakeLock acquired by sendMessage(13, 0, null)
02-20 20:04:00.926  1678  1737 I WifiConnectivityManager: PNO settings: min5GHzRssi -82 min24GHzRssi -85 currentConnectionBonus 16 sameNetworkBonus 24 secureNetworkBonus 80 initialScoreMax 100
02-20 20:04:00.926  1678  1737 I WifiConnectivityManager: ConnectivityScanManager initialized and disabled
02-20 20:04:00.926  1678  1737 I WifiConnectivityManager: setUntrustedConnectionAllowed: allowed=false
02-20 20:04:00.926  1678  1737 E WifiLogger: no ring buffers found
02-20 20:04:00.926  1678  1737 E WifiLogger: Failed to start packet fate monitoring
02-20 20:04:00.928  1678  1678 W LocationProviderProxy-network: Odd, no component found for service com.android.location.service.v3.NetworkLocationProvider
02-20 20:04:00.929  1678  1678 W GeocoderProxy: Odd, no component found for service com.android.location.service.GeocodeProvider
02-20 20:04:00.960  1678  1688 I art     : Background sticky concurrent mark sweep GC freed 48152(2MB) AllocSpace objects, 13(272KB) LOS objects, 11% free, 21MB/24MB, paused 3.811ms total 141.398ms
02-20 20:04:00.960  1368  1384 E OMXNodeInstance: getExtensionIndex(5580010:google.h263.decoder, OMX.google.android.index.configureVideoTunnelMode) ERROR: UnsupportedIndex(0x8000101a)
02-20 20:04:00.960  1368  1368 W OMXNodeInstance: [5580010:google.h263.decoder] component does not support metadata mode; using fallback
02-20 20:04:00.961  1678  1678 E FlpHardwareProvider: Error hw_get_module 'flp': -2
02-20 20:04:00.961  1678  1678 D LocationManagerService: FLP HAL not supported
02-20 20:04:00.962  1678  1678 W GeofenceProxy: Odd, no component found for service com.android.location.service.GeofenceProvider
02-20 20:04:00.962  1678  1678 E ActivityRecognitionHardware: Error hw_get_module: -2
02-20 20:04:00.962  1678  1678 D LocationManagerService: Hardware Activity-Recognition not supported.
02-20 20:04:00.963  1678  1678 W ActivityRecognitionProxy: Odd, no component found for service com.android.location.service.ActivityRecognitionProvider
02-20 20:04:00.965  1678  1678 I GnssLocationProvider: WakeLock acquired by sendMessage(2, 1, null)
02-20 20:04:00.969  1678  1678 I CommonTimeManagementService: No common time service detected on this platform.  Common time services will be unavailable.
02-20 20:04:00.977  1678  1727 I InputReader: Reconfiguring input devices.  changes=0x00000020
02-20 20:04:00.980  1678  1727 I InputReader: Reconfiguring input devices.  changes=0x00000010
02-20 20:04:00.984  1678  1678 D TelephonyRegistry: systemRunning register for intents
02-20 20:04:00.984  1678  1678 I MmsServiceBroker: Delay connecting to MmsService until an API is called
02-20 20:04:00.987  1371  1371 I MediaPlayerService: MediaPlayerService::getOMX
02-20 20:04:00.987  1371  1371 I OMXClient: MuxOMX ctor
02-20 20:04:00.987  1368  1832 I OMXMaster: makeComponentInstance(OMX.google.h264.decoder) in mediacodec process
02-20 20:04:01.012  1678  1737 I WifiConnectivityManager: Set WiFi enabled
02-20 20:04:01.012  1678  1737 I WifiConnectivityManager: scheduleWatchdogTimer
02-20 20:04:01.012  1678  1737 D WifiNative-HAL: Failing getSupportedFeatureset because HAL isn't started
02-20 20:04:01.013  1678  1697 E BatteryStatsService: no controller energy info supplied
02-20 20:04:01.013  1678  1697 E KernelCpuSpeedReader: Failed to read cpu-freq: /sys/devices/system/cpu/cpu0/cpufreq/stats/time_in_state (No such file or directory)
02-20 20:04:01.013  1678  1697 E KernelUidCpuTimeReader: Failed to read uid_cputime: /proc/uid_cputime/show_uid_stat (No such file or directory)
02-20 20:04:01.020  1919  1919 W art     : Unexpected CPU variant for X86 using defaults: x86_64
02-20 20:04:00.991     0     0 D ieee80211 phy1: mac80211_hwsim_configure_filter
02-20 20:04:01.029  1678  1678 I am_proc_start: [0,1919,1001,com.android.phone,added application,com.android.phone]
02-20 20:04:01.029  1678  1678 I ActivityManager: Start proc 1919:com.android.phone/1001 for added application com.android.phone
02-20 20:04:01.030  1678  1678 I ActivityManager: START u0 {act=android.intent.action.MAIN cat=[android.intent.category.HOME] flg=0x10000100 cmp=com.android.settings/.FallbackHome} from uid 0 on display 0
02-20 20:04:01.031  1678  1678 W System  : ClassLoader referenced unknown path: 
02-20 20:04:01.031  1678  1678 W System  : ClassLoader referenced unknown path: /system/priv-app/Settings/lib/x86_64
02-20 20:04:01.032  1678  1678 D ApplicationLoaders: ignored Vulkan layer search path /system/priv-app/Settings/lib/x86_64:/system/priv-app/Settings/Settings.apk!/lib/x86_64:/system/lib64:/vendor/lib64 for namespace 0x780ac55b9160
02-20 20:04:01.046  1678  1689 I stream_devices_changed: [0,0,2]
02-20 20:04:01.047  1678  1678 I ActivityManager: Loaded persisted task ids for user 0
02-20 20:04:01.049  1678  1678 I am_create_task: [0,1]
02-20 20:04:01.049  1678  1678 I am_create_activity: [0,35177038,1,com.android.settings/.FallbackHome,android.intent.action.MAIN,NULL,NULL,276824320]
02-20 20:04:01.058  1678  1678 I wm_task_created: [1,0]
02-20 20:04:01.062  1678  1678 I wm_task_moved: [1,1,0]
02-20 20:04:01.062  1678  1678 I wm_task_moved: [1,1,0]
02-20 20:04:01.063  1678  1678 I am_focused_activity: [0,com.android.settings/.FallbackHome,startedActivity]
02-20 20:04:01.082  1678  1678 I am_proc_start: [0,1936,1000,com.android.settings,activity,com.android.settings/.FallbackHome]
02-20 20:04:01.082  1678  1678 I ActivityManager: Start proc 1936:com.android.settings/1000 for activity com.android.settings/.FallbackHome
02-20 20:04:01.087  1678  1678 I SystemServer: Enabled StrictMode for system server main thread.
02-20 20:04:01.087  1678  1690 I am_proc_bound: [0,1919,com.android.phone]
02-20 20:04:01.091  1678  1737 D WifiNative-HAL: Failing getSupportedFeatureset because HAL isn't started
02-20 20:04:01.091  1678  1697 E BatteryStatsService: no controller energy info supplied
02-20 20:04:01.091  1678  1697 E KernelCpuSpeedReader: Failed to read cpu-freq: /sys/devices/system/cpu/cpu0/cpufreq/stats/time_in_state (No such file or directory)
02-20 20:04:01.091  1678  1697 E KernelUidCpuTimeReader: Failed to read uid_cputime: /proc/uid_cputime/show_uid_stat (No such file or directory)
02-20 20:04:01.092  1678  1689 I stream_devices_changed: [2,0,2]
02-20 20:04:01.093  1371  1371 W ACodec  : [OMX.google.h264.decoder] stopping checking profiles after 32: 2/8000
02-20 20:04:01.095  1678  1678 D ConditionProviders.SCP: onConnected
02-20 20:04:01.095  1678  1689 I stream_devices_changed: [3,0,2]
02-20 20:04:01.095  1678  1678 D ZenLog  : set_zen_mode: off,readXml
02-20 20:04:01.097  1678  1689 I stream_devices_changed: [6,0,2]
02-20 20:04:01.098  1368  1832 E OMXNodeInstance: getExtensionIndex(5580011:google.h264.decoder, OMX.google.android.index.configureVideoTunnelMode) ERROR: UnsupportedIndex(0x8000101a)
02-20 20:04:01.098  1368  1368 W OMXNodeInstance: [5580011:google.h264.decoder] component does not support metadata mode; using fallback
02-20 20:04:01.099  1678  1678 D ConditionProviders: Subscribing to condition://android/schedule?days=6.7&start=23.30&end=10.0&exitAtAlarm=false with ComponentInfo{android/com.android.server.notification.ScheduleConditionProvider}
02-20 20:04:01.099  1678  1678 D ZenLog  : subscribe: condition://android/schedule?days=6.7&start=23.30&end=10.0&exitAtAlarm=false,ok
02-20 20:04:01.099  1678  1678 D ConditionProviders: Subscribing to condition://android/event?userId=-10000&calendar=&reply=1 with ComponentInfo{android/com.android.server.notification.EventConditionProvider}
02-20 20:04:01.099  1678  1678 D ZenLog  : subscribe: condition://android/event?userId=-10000&calendar=&reply=1,ok
02-20 20:04:01.099  1678  1678 D ConditionProviders: Subscribing to condition://android/schedule?days=1.2.3.4.5&start=22.0&end=7.0&exitAtAlarm=false with ComponentInfo{android/com.android.server.notification.ScheduleConditionProvider}
02-20 20:04:01.099  1678  1678 D ZenLog  : subscribe: condition://android/schedule?days=1.2.3.4.5&start=22.0&end=7.0&exitAtAlarm=false,ok
02-20 20:04:01.110  1371  1371 I MediaPlayerService: MediaPlayerService::getOMX
02-20 20:04:01.110  1371  1371 I OMXClient: MuxOMX ctor
02-20 20:04:01.110  1368  1384 I OMXMaster: makeComponentInstance(OMX.google.hevc.decoder) in mediacodec process
02-20 20:04:01.112  1678  1689 I stream_devices_changed: [4,0,2]
02-20 20:04:01.112  1772  1906 I vol.Events: writeEvent level_changed STREAM_ALARM 6
02-20 20:04:01.114  1678  1693 W GnssLocationProvider: Could not open GPS configuration file /etc/gps.conf
02-20 20:04:01.114  1678  1693 E GnssLocationProvider: no AGPS interface in set_agps_server
02-20 20:04:01.116  1678  1693 D TelephonyRegistry: listen oscl: hasNotifySubscriptionInfoChangedOccurred==false no callback
02-20 20:04:01.122  1772  1906 I vol.Events: writeEvent level_changed STREAM_BLUETOOTH_SCO 7
02-20 20:04:01.123  1772  1906 I vol.Events: writeEvent level_changed STREAM_MUSIC 11
02-20 20:04:01.124  1772  1906 I vol.Events: writeEvent level_changed STREAM_RING 5
02-20 20:04:01.125  1772  1906 I vol.Events: writeEvent level_changed STREAM_SYSTEM 5
02-20 20:04:01.126  1936  1936 W art     : Unexpected CPU variant for X86 using defaults: x86_64
02-20 20:04:01.127  1772  1906 I vol.Events: writeEvent level_changed STREAM_VOICE_CALL 4
02-20 20:04:01.138  1678  1741 I WifiScanningService: wifi driver unloaded
02-20 20:04:01.138  1678  1678 D RttService: SCAN_AVAILABLE : 1
02-20 20:04:01.139  1678  1742 D RttService: DefaultState got{ when=-1ms what=160513 target=com.android.internal.util.StateMachine$SmHandler }
02-20 20:04:01.139  1919  1919 W System  : ClassLoader referenced unknown path: /system/priv-app/TeleService/lib/x86_64
02-20 20:04:01.139  1678  1678 D ZenLog  : set_zen_mode: off,cleanUpZenRules
02-20 20:04:01.157  1678  1678 W System  : ClassLoader referenced unknown path: /system/priv-app/Telecom/lib/x86_64
02-20 20:04:01.158  1678  1678 D ApplicationLoaders: ignored Vulkan layer search path /system/priv-app/Telecom/lib/x86_64:/system/priv-app/Telecom/Telecom.apk!/lib/x86_64:/system/lib64:/vendor/lib64 for namespace 0x780ac55b91d0
02-20 20:04:01.165  1312  1324 E SurfaceFlinger: ro.sf.lcd_density must be defined as a build property
02-20 20:04:01.172  1678  1790 I am_proc_bound: [0,1936,com.android.settings]
02-20 20:04:01.198  1368  1368 E OMXNodeInstance: getExtensionIndex(5580012:google.hevc.decoder, OMX.google.android.index.configureVideoTunnelMode) ERROR: UnsupportedIndex(0x8000101a)
02-20 20:04:01.209  1368  1832 W OMXNodeInstance: [5580012:google.hevc.decoder] component does not support metadata mode; using fallback
02-20 20:04:01.210  1371  1371 I MediaPlayerService: MediaPlayerService::getOMX
02-20 20:04:01.210  1371  1371 I OMXClient: MuxOMX ctor
02-20 20:04:01.210  1368  1832 I OMXMaster: makeComponentInstance(OMX.google.vp8.decoder) in mediacodec process
02-20 20:04:01.220  1312  1323 D PermissionCache: checking android.permission.READ_FRAME_BUFFER for uid=1000 => granted (981 us)
02-20 20:04:01.243  1760  1896 I LatinIME:LogUtils: Dictionary info: dictionary = main:en ; version = 54 ; date = 1414726273
02-20 20:04:01.248  1368  1368 E OMXNodeInstance: getExtensionIndex(5580013:google.vp8.decoder, OMX.google.android.index.configureVideoTunnelMode) ERROR: UnsupportedIndex(0x8000101a)
02-20 20:04:01.248  1368  1832 W OMXNodeInstance: [5580013:google.vp8.decoder] component does not support metadata mode; using fallback
02-20 20:04:01.250  1371  1371 I MediaPlayerService: MediaPlayerService::getOMX
02-20 20:04:01.251  1371  1371 I OMXClient: MuxOMX ctor
02-20 20:04:01.251  1368  1832 I OMXMaster: makeComponentInstance(OMX.google.vp9.decoder) in mediacodec process
02-20 20:04:01.271  1368  1832 E OMXNodeInstance: getExtensionIndex(5580014:google.vp9.decoder, OMX.google.android.index.configureVideoTunnelMode) ERROR: UnsupportedIndex(0x8000101a)
02-20 20:04:01.271  1368  1368 W OMXNodeInstance: [5580014:google.vp9.decoder] component does not support metadata mode; using fallback
02-20 20:04:01.273  1371  1371 I MediaPlayerService: MediaPlayerService::getOMX
02-20 20:04:01.273  1371  1371 I OMXClient: MuxOMX ctor
02-20 20:04:01.273  1368  1368 I OMXMaster: makeComponentInstance(OMX.google.h263.encoder) in mediacodec process
02-20 20:04:01.288  1312  1323 D gralloc_ranchu: gralloc_alloc: Creating ashmem region of size 17051648
02-20 20:04:01.298  1368  1368 I SoftMPEG4Encoder: Construct SoftMPEG4Encoder
02-20 20:04:01.301  1371  1371 W ACodec  : do not know color format 0x7f000789 = 2130708361
02-20 20:04:01.301  1368  1384 E OMXNodeInstance: getConfig(5580015:google.h263.encoder, ConfigAndroidIntraRefresh(0x6f60000a)) ERROR: Undefined(0x80001001)
02-20 20:04:01.303  1371  1371 I MediaPlayerService: MediaPlayerService::getOMX
02-20 20:04:01.303  1371  1371 I OMXClient: MuxOMX ctor
02-20 20:04:01.303  1368  1384 I OMXMaster: makeComponentInstance(OMX.google.h264.encoder) in mediacodec process
02-20 20:04:01.329  1371  1371 W ACodec  : do not know color format 0x7f000789 = 2130708361
02-20 20:04:01.331  1371  1371 I MediaPlayerService: MediaPlayerService::getOMX
02-20 20:04:01.331  1371  1371 I OMXClient: MuxOMX ctor
02-20 20:04:01.331  1368  1971 I OMXMaster: makeComponentInstance(OMX.google.mpeg4.encoder) in mediacodec process
02-20 20:04:01.348  1368  1971 I SoftMPEG4Encoder: Construct SoftMPEG4Encoder
02-20 20:04:01.359  1371  1371 W ACodec  : do not know color format 0x7f000789 = 2130708361
02-20 20:04:01.359  1368  1384 E OMXNodeInstance: getConfig(5580017:google.mpeg4.encoder, ConfigAndroidIntraRefresh(0x6f60000a)) ERROR: Undefined(0x80001001)
02-20 20:04:01.361  1371  1371 I MediaPlayerService: MediaPlayerService::getOMX
02-20 20:04:01.361  1371  1371 I OMXClient: MuxOMX ctor
02-20 20:04:01.361  1368  1384 I OMXMaster: makeComponentInstance(OMX.google.vp8.encoder) in mediacodec process
02-20 20:04:01.380  1371  1371 W ACodec  : do not know color format 0x7f000789 = 2130708361
02-20 20:04:01.382  1368  1368 E OMXNodeInstance: getConfig(5580018:google.vp8.encoder, ConfigAndroidIntraRefresh(0x6f60000a)) ERROR: Undefined(0x80001001)
02-20 20:04:01.383  1371  1371 I MediaPlayerService: MediaPlayerService::getOMX
02-20 20:04:01.383  1371  1371 I OMXClient: MuxOMX ctor
02-20 20:04:01.385  1371  1371 I MediaPlayerService: MediaPlayerService::getOMX
02-20 20:04:01.385  1371  1371 I OMXClient: MuxOMX ctor
02-20 20:04:01.385  1371  1371 W MediaCodecList: unable to open media codecs configuration xml file: /data/misc/media/media_codecs_profiling_results.xml
02-20 20:04:01.386  1371  1371 I MediaPlayerService: MediaPlayerService::getOMX
02-20 20:04:01.386  1371  1838 I MediaPlayerService: MediaPlayerService::getOMX
02-20 20:04:01.387  1772  1860 I OMXClient: MuxOMX ctor
02-20 20:04:01.387  1678  1825 I OMXClient: MuxOMX ctor
02-20 20:04:01.388  1368  1368 I OMXMaster: makeComponentInstance(OMX.google.vorbis.decoder) in mediacodec process
02-20 20:04:01.398  1678  1790 I am_restart_activity: [0,35177038,1,com.android.settings/.FallbackHome]
02-20 20:04:01.399  1678  1690 W art     : Long monitor contention with owner Binder:1678_4 (1790) at void com.android.server.am.ActivityManagerService.attachApplication(android.app.IApplicationThread)(ActivityManagerService.java:6669) waiters=1 in void com.android.server.am.ActivityManagerService.setRenderThread(int) for 223ms
02-20 20:04:01.401  1678  1690 I dvm_lock_sample: [system_server,1,Binder:1678_2,223,ActivityManagerService.java,12690,-,6669,44]
02-20 20:04:01.402  1678  1753 W art     : Long monitor contention with owner Binder:1678_4 (1790) at void com.android.server.am.ActivityManagerService.attachApplication(android.app.IApplicationThread)(ActivityManagerService.java:6669) waiters=4 in void com.android.server.am.ActivityManagerService.addPackageDependency(java.lang.String) for 164ms
02-20 20:04:01.402  1678  1753 I dvm_lock_sample: [system_server,1,Binder:1678_3,164,ActivityManagerService.java,5765,-,6669,32]
02-20 20:04:01.418  1919  1919 W System  : ClassLoader referenced unknown path: /system/priv-app/TelephonyProvider/lib/x86_64
02-20 20:04:01.420  1772  1772 D         : HostConnection::get() New Host Connection established 0x780aa627d360, tid 1772
02-20 20:04:01.429  1919  1919 D ApplicationLoaders: ignored Vulkan layer search path /system/priv-app/TelephonyProvider/lib/x86_64:/system/lib64:/vendor/lib64 for namespace 0x780ac554e0f0
02-20 20:04:01.431  1936  1936 W System  : ClassLoader referenced unknown path: /system/priv-app/Settings/lib/x86_64
02-20 20:04:01.434  1678  1693 I GnssLocationProvider: WakeLock released by handleMessage(13, 0, null)
02-20 20:04:01.434  1678  1693 E GnssLocationProvider: no AGPS interface in set_agps_server
02-20 20:04:01.434  1678  1693 I GnssLocationProvider: WakeLock released by handleMessage(2, 1, null)
02-20 20:04:01.436  1678  1693 W LocationProviderProxy-network: Odd, no component found for service com.android.location.service.v3.NetworkLocationProvider
02-20 20:04:01.436  1678  1693 W GeocoderProxy: Odd, no component found for service com.android.location.service.GeocodeProvider
02-20 20:04:01.436  1678  1693 W GeofenceProxy: Odd, no component found for service com.android.location.service.GeofenceProvider
02-20 20:04:01.437  1678  1693 W ActivityRecognitionProxy: Odd, no component found for service com.android.location.service.ActivityRecognitionProvider
02-20 20:04:01.445  1368  1971 I OMXMaster: makeComponentInstance(OMX.google.vorbis.decoder) in mediacodec process
02-20 20:04:01.511  1772  1772 D StorageNotification: Notifying about private volume: VolumeInfo{private}:
02-20 20:04:01.511  1772  1772 D StorageNotification:     type=PRIVATE diskId=null partGuid=null mountFlags=0 mountUserId=-1 
02-20 20:04:01.511  1772  1772 D StorageNotification:     state=MOUNTED 
02-20 20:04:01.511  1772  1772 D StorageNotification:     fsType=null fsUuid=null fsLabel=null 
02-20 20:04:01.511  1772  1772 D StorageNotification:     path=/data internalPath=null 
02-20 20:04:01.511  1936  1936 I am_on_resume_called: [0,com.android.settings.FallbackHome,LAUNCH_ACTIVITY]
02-20 20:04:01.513  1772  1772 D StorageNotification: Notifying about public volume: VolumeInfo{public:253,64}:
02-20 20:04:01.513  1772  1772 D StorageNotification:     type=PUBLIC diskId=disk:253,64 partGuid=null mountFlags=VISIBLE 
02-20 20:04:01.513  1772  1772 D StorageNotification:     mountUserId=0 state=MOUNTED 
02-20 20:04:01.513  1772  1772 D StorageNotification:     fsType=vfat fsUuid=1E12-0B12 fsLabel=SDCARD 
02-20 20:04:01.513  1772  1772 D StorageNotification:     path=/storage/1E12-0B12 internalPath=/mnt/media_rw/1E12-0B12 
02-20 20:04:01.516  1371  1838 I MediaPlayerService: MediaPlayerService::getOMX
02-20 20:04:01.516  1678  1985 I OMXClient: MuxOMX ctor
02-20 20:04:01.516  1368  1384 I OMXMaster: makeComponentInstance(OMX.google.vorbis.decoder) in mediacodec process
02-20 20:04:01.517  1312  1324 E SurfaceFlinger: ro.sf.lcd_density must be defined as a build property
02-20 20:04:01.518  1371  1867 I MediaPlayerService: MediaPlayerService::getOMX
02-20 20:04:01.518  1772  1987 I OMXClient: MuxOMX ctor
02-20 20:04:01.525  1936  1936 D         : HostConnection::get() New Host Connection established 0x780ab69f2d60, tid 1936
02-20 20:04:01.531  1678  1678 E BluetoothAdapter: Bluetooth binder is null
02-20 20:04:01.565  1678  1678 I Telecom : SystemStateProvider: Registering car mode receiver: android.content.IntentFilter@efe4472: TS.init@AAA
02-20 20:04:01.578  1368  1984 I OMXMaster: makeComponentInstance(OMX.google.vorbis.decoder) in mediacodec process
02-20 20:04:01.584  1678  1990 I Telecom : Telecom: Non-call EVENT: AUDIO_ROUTE, Entering state QuiescentEarpieceRoute
02-20 20:04:01.601  1678  1996 I Telecom : CallAudioModeStateMachine: Message received: null.: TS.init->CAMSM.pM_1@AAA_0
02-20 20:04:01.610  1919  1919 D TelephonyProvider: dbh.onOpen: ok, queried table=siminfo
02-20 20:04:01.610  1919  1919 D TelephonyProvider: dbh.onOpen: ok, queried table=carriers
02-20 20:04:01.619  1678  1678 E BluetoothAdapter: Bluetooth binder is null
02-20 20:04:01.642  1678  1678 I Telecom : Class: TelecomSystem.INSTANCE being set
02-20 20:04:01.642  1678  1678 E BluetoothAdapter: Bluetooth binder is null
02-20 20:04:01.643  1678  1678 W ContextImpl: Calling a method in the system process without a qualified user: android.app.ContextImpl.startService:1357 com.android.server.content.SyncManager$13.run:658 android.os.Handler.handleCallback:751 android.os.Handler.dispatchMessage:95 android.os.Looper.loop:154 
02-20 20:04:01.649  1678  1997 E ActivityThread: Failed to find provider info for call_log
02-20 20:04:01.662  1312  1962 D         : HostConnection::get() New Host Connection established 0x70e1dc61b300, tid 1962
02-20 20:04:01.663  1936  1988 D         : HostConnection::get() New Host Connection established 0x780ab69f2ee0, tid 1988
02-20 20:04:01.664  1936  1988 I OpenGLRenderer: Initialized EGL, version 1.4
02-20 20:04:01.664  1936  1988 D OpenGLRenderer: Swap behavior 1
02-20 20:04:01.678  1371  1838 I MediaPlayerService: MediaPlayerService::getOMX
02-20 20:04:01.679  1678  2005 I OMXClient: MuxOMX ctor
02-20 20:04:01.679  1368  1995 I OMXMaster: makeComponentInstance(OMX.google.vorbis.decoder) in mediacodec process
02-20 20:04:01.693  1936  1988 D EGL_emulation: eglCreateContext: 0x780ab6974d40: maj 3 min 0 rcv 3
02-20 20:04:01.694  1371  1867 I MediaPlayerService: MediaPlayerService::getOMX
02-20 20:04:01.694  1772  2007 I OMXClient: MuxOMX ctor
02-20 20:04:01.702  1368  1971 I OMXMaster: makeComponentInstance(OMX.google.vorbis.decoder) in mediacodec process
02-20 20:04:01.703  1919  1919 D TDC     : updateOrInsert: inserting: Modem { uuid=modem, state=0, rilModel=0, rat={}, maxActiveVoiceCall=1, maxActiveDataCall=1, maxStandby=1 }
02-20 20:04:01.703  1919  1919 D TDC     : updateOrInsert: inserting: Sim { uuid=sim, modemUuid=modem, state=0 }
02-20 20:04:01.712  1678  1690 I StatusBarManagerService: registerStatusBar bar=com.android.internal.statusbar.IStatusBar$Stub$Proxy@18218f5
02-20 20:04:01.713  1919  1919 D CdmaSSM : subscriptionSource from settings: 0
02-20 20:04:01.713  1919  1919 I PhoneFactory: Cdma Subscription set to 0
02-20 20:04:01.723  1678  1678 W System  : ClassLoader referenced unknown path: /system/priv-app/FusedLocation/lib/x86_64
02-20 20:04:01.733  1919  1919 I PhoneFactory: Network Mode set to 0
02-20 20:04:01.738  1919  1919 D RILJ    : RIL(context, preferredNetworkType=0 cdmaSubscription=0)
02-20 20:04:01.743  1678  1933 I dvm_lock_sample: [system_server,1,Binder:1678_5,47,WindowManagerService.java,11290,WindowAnimator.java,144,9]
02-20 20:04:01.744  1678  1678 D ApplicationLoaders: ignored Vulkan layer search path /system/priv-app/FusedLocation/lib/x86_64:/system/priv-app/FusedLocation/FusedLocation.apk!/lib/x86_64:/system/lib64:/vendor/lib64 for namespace 0x780ac55b9240
02-20 20:04:01.752  1919  1919 D RILJ    : Starting RILReceiver0 [SUB0]
02-20 20:04:01.756  1919  1919 D RILJ    : [3648]> GET_HARDWARE_CONFIG [SUB0]
02-20 20:04:01.757  1373  1460 I RILC    : libril: new connection to RIL_SOCKET_1
02-20 20:04:01.757  1373  1460 I RILC    : RIL Daemon version: android reference-ril 1.0
02-20 20:04:01.757  1919  2019 I RILJ    : (0) Connected to 'rild' socket
02-20 20:04:01.758  1919  1919 D RilRequest: [3648]< GET_HARDWARE_CONFIG error: com.android.internal.telephony.CommandException: RADIO_NOT_AVAILABLE ret=
02-20 20:04:01.759  1919  2019 D RILJ    : [UNSL]< UNSOL_RIL_CONNECTED {12} [SUB0]
02-20 20:04:01.759  1919  1919 I PhoneFactory: Creating SubscriptionController
02-20 20:04:01.759  1919  2019 D RILJ    : [3649]> RADIO_POWER off [SUB0]
02-20 20:04:01.761  1373  1460 D RIL     : onRequest: RADIO_POWER
02-20 20:04:01.761  1919  2019 D RILJ    : [3650]> RIL_REQUEST_CDMA_SET_SUBSCRIPTION_SOURCE : 0 [SUB0]
02-20 20:04:01.761  1373  1460 D RIL     : onRequest: CDMA_SET_SUBSCRIPTION_SOURCE
02-20 20:04:01.761  1919  2019 D RILJ    : setCellInfoListRate: 2147483647 [SUB0]
02-20 20:04:01.761  1919  2019 D RILJ    : [3651]> RIL_REQUEST_SET_CELL_INFO_LIST_RATE [SUB0]
02-20 20:04:01.770  1373  1460 D RIL     : onRequest: SET_UNSOL_CELL_INFO_LIST_RATE
02-20 20:04:01.771  1919  2019 D RILJ    : [UNSL]< UNSOL_RESPONSE_RADIO_STATE_CHANGED RADIO_OFF [SUB0]
02-20 20:04:01.772  1919  2019 D RILJ    : [3652]> SCREEN_STATE: true [SUB0]
02-20 20:04:01.772  1373  1460 D RIL     : onRequest: SCREEN_STATE
02-20 20:04:01.772  1919  2019 D RILJ    : [UNSL]< UNSOL_NITZ_TIME_RECEIVED 18/02/20:20:03:54+0:0:Unknown!Unknown [SUB0]
02-20 20:04:01.772  1919  2019 D RILJ    : [3649]< RADIO_POWER  [SUB0]
02-20 20:04:01.772  1919  2019 D RilRequest: [3650]< RIL_REQUEST_CDMA_SET_SUBSCRIPTION_SOURCE error: com.android.internal.telephony.CommandException: RADIO_NOT_AVAILABLE ret=
02-20 20:04:01.773  1919  2019 D RilRequest: [3651]< RIL_REQUEST_SET_CELL_INFO_LIST_RATE error: com.android.internal.telephony.CommandException: RADIO_NOT_AVAILABLE ret=
02-20 20:04:01.773  1919  2019 D RilRequest: [3652]< SCREEN_STATE error: com.android.internal.telephony.CommandException: RADIO_NOT_AVAILABLE ret=
02-20 20:04:01.777  1371  1838 I MediaPlayerService: MediaPlayerService::getOMX
02-20 20:04:01.777  1678  2018 I OMXClient: MuxOMX ctor
02-20 20:04:01.778  1368  1832 I OMXMaster: makeComponentInstance(OMX.google.vorbis.decoder) in mediacodec process
02-20 20:04:01.778  1936  1988 D EGL_emulation: eglMakeCurrent: 0x780ab6974d40: ver 3 0 (tinfo 0x780ac0fedd40)
02-20 20:04:01.784  1678  1678 D GpsNetInitiatedHandler: location enabled :true
02-20 20:04:01.784  1678  1678 V WiredAccessoryManager: notifyWiredAccessoryChanged: when=0 bits= mask=54
02-20 20:04:01.784  1678  1678 V WiredAccessoryManager: newName=h2w newState=0 headsetState=0 prev headsetState=0
02-20 20:04:01.784  1678  1678 E WiredAccessoryManager: No state change.
02-20 20:04:01.784  1678  1678 V WiredAccessoryManager: init()
02-20 20:04:01.801  1919  1919 D SubscriptionController: [SubscriptionController] init by Context
02-20 20:04:01.810  1678  1741 I WifiScanningService: wifi driver loaded with scan capabilities: max buckets=16
02-20 20:04:01.810  1678  1678 D RttService: SCAN_AVAILABLE : 3
02-20 20:04:01.811  1678  1742 D RttService: DefaultState got{ when=-1ms what=160512 target=com.android.internal.util.StateMachine$SmHandler }
02-20 20:04:01.852  1919  1919 D UiccController: Creating UiccController
02-20 20:04:01.855  1919  1919 D TelephonyTester: register for intent action=com.android.internal.telephony.action_detached
02-20 20:04:01.855  1919  1919 D TelephonyTester: register for intent action=com.android.internal.telephony.action_attached
02-20 20:04:01.876  1919  1919 D Phone   : mDoesRilSendMultipleCallRing=true
02-20 20:04:01.876  1919  1919 D Phone   : mCallRingDelay=3000
02-20 20:04:01.876  1678  1678 W VibratorService: Tried to stop vibrating but there is no vibrator device.
02-20 20:04:01.881  1919  1919 D RILJ    : [3653]> RIL_REQUEST_START_LCE [SUB0]
02-20 20:04:01.895  1936  1988 D EGL_emulation: eglMakeCurrent: 0x780ab6974d40: ver 3 0 (tinfo 0x780ac0fedd40)
02-20 20:04:01.907  1373  1460 D RIL     : onRequest: <unknown request>
02-20 20:04:01.907  1919  2019 D RilRequest: [3653]< RIL_REQUEST_START_LCE error: com.android.internal.telephony.CommandException: RADIO_NOT_AVAILABLE ret=
02-20 20:04:01.907  1678  1678 D ConditionProviders.SCP: onSubscribe condition://android/schedule?days=6.7&start=23.30&end=10.0&exitAtAlarm=false
02-20 20:04:01.908  1678  1678 D ConditionProviders.SCP: setRegistered true
02-20 20:04:01.935  1678  1678 D ConditionProviders.SCP: notifyCondition condition://android/schedule?days=6.7&start=23.30&end=10.0&exitAtAlarm=false STATE_FALSE reason=!meetsSchedule
02-20 20:04:01.943  1678  1678 D ConditionProviders.SCP: Scheduling evaluate for Tue Feb 20 23:30:00 GMT+00:00 2018 (1519169400000), in +3h25m58s65ms, now=Tue Feb 20 20:04:01 GMT+00:00 2018 (1519157041935)
02-20 20:04:01.943  1678  1678 D ConditionProviders.SCP: onSubscribe condition://android/schedule?days=1.2.3.4.5&start=22.0&end=7.0&exitAtAlarm=false
02-20 20:04:01.943  1678  1678 D ConditionProviders.SCP: notifyCondition condition://android/schedule?days=6.7&start=23.30&end=10.0&exitAtAlarm=false STATE_FALSE reason=!meetsSchedule
02-20 20:04:01.943  1678  1678 D ConditionProviders.SCP: notifyCondition condition://android/schedule?days=1.2.3.4.5&start=22.0&end=7.0&exitAtAlarm=false STATE_FALSE reason=!meetsSchedule
