02-20 20:03:54.997  1372  1372 V NatController: runCmd(/system/bin/ip6tables -w -X natctrl_tether_counters) res=1
02-20 20:03:55.003  1372  1372 V NatController: runCmd(/system/bin/iptables -w -N natctrl_tether_counters) res=0
02-20 20:03:55.008  1372  1372 V NatController: runCmd(/system/bin/ip6tables -w -N natctrl_tether_counters) res=0
02-20 20:03:55.023  1372  1372 V NatController: runCmd(/system/bin/iptables -w -t mangle -A natctrl_mangle_FORWARD -p tcp --tcp-flags SYN SYN -j TCPMSS --clamp-mss-to-pmtu) res=0
02-20 20:03:55.099  1361  1361 D TelephonyManager: No /proc/cmdline exception=java.io.FileNotFoundException: /proc/cmdline (Permission denied)
02-20 20:03:55.099  1361  1361 D TelephonyManager: /proc/cmdline=
02-20 20:03:55.107  1361  1361 W Zygote  : Class not found for preloading: android.view.Display$ColorTransform
02-20 20:03:55.107  1361  1361 W Zygote  : Class not found for preloading: android.view.Display$ColorTransform$1
02-20 20:03:55.119  1372  1372 E Netd    : cannot find interface dummy0
02-20 20:03:55.127  1372  1372 D MDnsDS  : MDnsSdListener::Hander starting up
02-20 20:03:55.131  1372  1673 D MDnsDS  : MDnsSdListener starting to monitor
02-20 20:03:55.131  1372  1673 D MDnsDS  : Going to poll with pollCount 1
02-20 20:03:55.159  1362  1362 D TelephonyManager: No /proc/cmdline exception=java.io.FileNotFoundException: /proc/cmdline (Permission denied)
02-20 20:03:55.159  1362  1362 D TelephonyManager: /proc/cmdline=
02-20 20:03:55.163  1362  1362 W Zygote  : Class not found for preloading: android.view.Display$ColorTransform
02-20 20:03:55.164  1362  1362 W Zygote  : Class not found for preloading: android.view.Display$ColorTransform$1
02-20 20:03:55.273  1361  1361 I System  : Loaded time zone names for "" in 47ms (45ms in ICU)
02-20 20:03:55.281  1361  1361 I System  : Loaded time zone names for "en_US" in 8ms (8ms in ICU)
02-20 20:03:55.294  1362  1362 I System  : Loaded time zone names for "" in 23ms (22ms in ICU)
02-20 20:03:55.314  1362  1362 I System  : Loaded time zone names for "en_US" in 19ms (18ms in ICU)
02-20 20:03:55.328  1361  1361 I Zygote  : ...preloaded 4158 classes in 1419ms.
02-20 20:03:55.328  1361  1361 I art     : VMRuntime.preloadDexCaches starting
02-20 20:03:55.347  1362  1362 I Zygote  : ...preloaded 4158 classes in 1015ms.
02-20 20:03:55.347  1362  1362 I art     : VMRuntime.preloadDexCaches starting
02-20 20:03:55.406  1361  1361 I art     : VMRuntime.preloadDexCaches strings total=283712 before=39625 after=39625
02-20 20:03:55.406  1361  1361 I art     : VMRuntime.preloadDexCaches types total=23581 before=7877 after=7904
02-20 20:03:55.406  1361  1361 I art     : VMRuntime.preloadDexCaches fields total=112007 before=40903 after=41117
02-20 20:03:55.406  1361  1361 I art     : VMRuntime.preloadDexCaches methods total=197534 before=82457 after=83017
02-20 20:03:55.406  1361  1361 I art     : VMRuntime.preloadDexCaches finished
02-20 20:03:55.406  1361  1361 I Zygote  : Preloading resources...
02-20 20:03:55.428  1362  1362 I art     : VMRuntime.preloadDexCaches strings total=283712 before=39625 after=39625
02-20 20:03:55.428  1362  1362 I art     : VMRuntime.preloadDexCaches types total=23581 before=7877 after=7904
02-20 20:03:55.428  1362  1362 I art     : VMRuntime.preloadDexCaches fields total=112007 before=40903 after=41117
02-20 20:03:55.428  1362  1362 I art     : VMRuntime.preloadDexCaches methods total=197534 before=82457 after=83017
02-20 20:03:55.428  1362  1362 I art     : VMRuntime.preloadDexCaches finished
02-20 20:03:55.429  1362  1362 I Zygote  : Preloading resources...
02-20 20:03:55.493  1361  1361 W Resources: Preloaded drawable resource #0x108025c (android:drawable/dialog_background_material) that varies with configuration!!
02-20 20:03:55.495  1361  1361 W Resources: Preloaded drawable resource #0x1080298 (android:drawable/editbox_dropdown_background_dark) that varies with configuration!!
02-20 20:03:55.500  1361  1361 W Resources: Preloaded color resource #0x10600e2 (android:color/material_grey_800) that varies with configuration!!
02-20 20:03:55.500  1361  1361 W Resources: Preloaded drawable resource #0x10802c9 (android:drawable/floating_popup_background_dark) that varies with configuration!!
02-20 20:03:55.500  1362  1362 W Resources: Preloaded drawable resource #0x108025c (android:drawable/dialog_background_material) that varies with configuration!!
02-20 20:03:55.501  1362  1362 W Resources: Preloaded drawable resource #0x1080298 (android:drawable/editbox_dropdown_background_dark) that varies with configuration!!
02-20 20:03:55.505  1362  1362 W Resources: Preloaded color resource #0x10600e2 (android:color/material_grey_800) that varies with configuration!!
02-20 20:03:55.505  1362  1362 W Resources: Preloaded drawable resource #0x10802c9 (android:drawable/floating_popup_background_dark) that varies with configuration!!
02-20 20:03:55.520  1361  1361 W Resources: Preloaded drawable resource #0x108030b (android:drawable/ic_clear_disabled) that varies with configuration!!
02-20 20:03:55.520  1361  1361 W Resources: Preloaded drawable resource #0x1080310 (android:drawable/ic_clear_normal) that varies with configuration!!
02-20 20:03:55.524  1361  1361 W Resources: Preloaded drawable resource #0x1080359 (android:drawable/ic_go) that varies with configuration!!
02-20 20:03:55.528  1362  1362 W Resources: Preloaded drawable resource #0x108030b (android:drawable/ic_clear_disabled) that varies with configuration!!
02-20 20:03:55.528  1362  1362 W Resources: Preloaded drawable resource #0x1080310 (android:drawable/ic_clear_normal) that varies with configuration!!
02-20 20:03:55.532  1362  1362 W Resources: Preloaded drawable resource #0x1080359 (android:drawable/ic_go) that varies with configuration!!
02-20 20:03:55.532  1361  1361 W Resources: Preloaded drawable resource #0x1080038 (android:drawable/ic_menu_close_clear_cancel) that varies with configuration!!
02-20 20:03:55.544  1361  1361 W Resources: Preloaded drawable resource #0x1080045 (android:drawable/ic_menu_more) that varies with configuration!!
02-20 20:03:55.547  1362  1362 W Resources: Preloaded drawable resource #0x1080038 (android:drawable/ic_menu_close_clear_cancel) that varies with configuration!!
02-20 20:03:55.549  1362  1362 W Resources: Preloaded drawable resource #0x1080045 (android:drawable/ic_menu_more) that varies with configuration!!
02-20 20:03:55.577  1362  1362 W Resources: Preloaded drawable resource #0x10804e8 (android:drawable/menu_background_fill_parent_width) that varies with configuration!!
02-20 20:03:55.583  1361  1361 W Resources: Preloaded drawable resource #0x10804e8 (android:drawable/menu_background_fill_parent_width) that varies with configuration!!
02-20 20:03:55.611  1362  1580 W art     : Suspending all threads took: 9.261ms
02-20 20:03:55.613  1362  1580 I art     : Background sticky concurrent mark sweep GC freed 794(36KB) AllocSpace objects, 3(204KB) LOS objects, 0% free, 7MB/7MB, paused 9.529ms total 18.638ms
02-20 20:03:55.638  1361  1361 W Resources: Preloaded drawable resource #0x108077e (android:drawable/text_edit_paste_window) that varies with configuration!!
02-20 20:03:55.639  1362  1362 W Resources: Preloaded drawable resource #0x108077e (android:drawable/text_edit_paste_window) that varies with configuration!!
02-20 20:03:55.643  1361  1361 W Resources: Preloaded drawable resource #0x1080096 (android:drawable/toast_frame) that varies with configuration!!
02-20 20:03:55.644  1361  1361 I Zygote  : ...preloaded 114 resources in 237ms.
02-20 20:03:55.645  1362  1362 W Resources: Preloaded drawable resource #0x1080096 (android:drawable/toast_frame) that varies with configuration!!
02-20 20:03:55.645  1362  1362 I Zygote  : ...preloaded 114 resources in 216ms.
02-20 20:03:55.646  1361  1361 W Resources: Preloaded color resource #0x106010b (android:color/background_cache_hint_selector_material_dark) that varies with configuration!!
02-20 20:03:55.646  1361  1361 W Resources: Preloaded color resource #0x1060110 (android:color/btn_default_material_dark) that varies with configuration!!
02-20 20:03:55.647  1362  1362 W Resources: Preloaded color resource #0x106010b (android:color/background_cache_hint_selector_material_dark) that varies with configuration!!
02-20 20:03:55.647  1361  1361 I Zygote  : ...preloaded 41 resources in 3ms.
02-20 20:03:55.647  1361  1361 D libEGL  : Emulator has host GPU support, qemu.gles is set to 1.
02-20 20:03:55.647  1362  1362 W Resources: Preloaded color resource #0x1060110 (android:color/btn_default_material_dark) that varies with configuration!!
02-20 20:03:55.647  1361  1361 E libEGL  : load_driver(/system/lib64/egl/libGLES_emulation.so): dlopen failed: library "/system/lib64/egl/libGLES_emulation.so" not found
02-20 20:03:55.647  1362  1362 I Zygote  : ...preloaded 41 resources in 2ms.
02-20 20:03:55.647  1362  1362 D libEGL  : Emulator has host GPU support, qemu.gles is set to 1.
02-20 20:03:55.648  1362  1362 E libEGL  : load_driver(/system/lib/egl/libGLES_emulation.so): dlopen failed: library "/system/lib/egl/libGLES_emulation.so" not found
02-20 20:03:55.649  1361  1361 D libEGL  : loaded /system/lib64/egl/libEGL_emulation.so
02-20 20:03:55.649  1361  1361 D libEGL  : loaded /system/lib64/egl/libGLESv1_CM_emulation.so
02-20 20:03:55.658  1361  1361 D libEGL  : loaded /system/lib64/egl/libGLESv2_emulation.so
02-20 20:03:55.658  1362  1362 D libEGL  : loaded /system/lib/egl/libEGL_emulation.so
02-20 20:03:55.663  1361  1361 I Zygote  : Preloading shared libraries...
02-20 20:03:55.663  1362  1362 D libEGL  : loaded /system/lib/egl/libGLESv1_CM_emulation.so
02-20 20:03:55.672  1361  1361 E Hyphenator: error loading hyphenation /system/usr/hyphen-data/hyph-as.hyb
02-20 20:03:55.672  1361  1361 E Hyphenator: java.io.FileNotFoundException: /system/usr/hyphen-data/hyph-as.hyb: open failed: ENOENT (No such file or directory)
02-20 20:03:55.672  1361  1361 E Hyphenator: 	at libcore.io.IoBridge.open(IoBridge.java:455)
02-20 20:03:55.672  1361  1361 E Hyphenator: 	at java.io.RandomAccessFile.<init>(RandomAccessFile.java:247)
02-20 20:03:55.672  1361  1361 E Hyphenator: 	at android.text.Hyphenator.loadHyphenator(Hyphenator.java:118)
02-20 20:03:55.672  1361  1361 E Hyphenator: 	at android.text.Hyphenator.init(Hyphenator.java:224)
02-20 20:03:55.672  1361  1361 E Hyphenator: 	at com.android.internal.os.ZygoteInit.preloadTextResources(ZygoteInit.java:252)
02-20 20:03:55.672  1361  1361 E Hyphenator: 	at com.android.internal.os.ZygoteInit.preload(ZygoteInit.java:206)
02-20 20:03:55.672  1361  1361 E Hyphenator: 	at com.android.internal.os.ZygoteInit.main(ZygoteInit.java:743)
02-20 20:03:55.672  1361  1361 E Hyphenator: Caused by: android.system.ErrnoException: open failed: ENOENT (No such file or directory)
02-20 20:03:55.672  1361  1361 E Hyphenator: 	at libcore.io.Posix.open(Native Method)
02-20 20:03:55.672  1361  1361 E Hyphenator: 	at libcore.io.BlockGuardOs.open(BlockGuardOs.java:187)
02-20 20:03:55.672  1361  1361 E Hyphenator: 	at libcore.io.IoBridge.open(IoBridge.java:441)
02-20 20:03:55.672  1361  1361 E Hyphenator: 	... 6 more
02-20 20:03:55.672  1361  1361 E Hyphenator: error loading hyphenation /system/usr/hyphen-data/hyph-bn.hyb
02-20 20:03:55.672  1361  1361 E Hyphenator: java.io.FileNotFoundException: /system/usr/hyphen-data/hyph-bn.hyb: open failed: ENOENT (No such file or directory)
02-20 20:03:55.672  1361  1361 E Hyphenator: 	at libcore.io.IoBridge.open(IoBridge.java:455)
02-20 20:03:55.672  1361  1361 E Hyphenator: 	at java.io.RandomAccessFile.<init>(RandomAccessFile.java:247)
02-20 20:03:55.672  1361  1361 E Hyphenator: 	at android.text.Hyphenator.loadHyphenator(Hyphenator.java:118)
02-20 20:03:55.672  1361  1361 E Hyphenator: 	at android.text.Hyphenator.init(Hyphenator.java:224)
02-20 20:03:55.672  1361  1361 E Hyphenator: 	at com.android.internal.os.ZygoteInit.preloadTextResources(ZygoteInit.java:252)
02-20 20:03:55.672  1361  1361 E Hyphenator: 	at com.android.internal.os.ZygoteInit.preload(ZygoteInit.java:206)
02-20 20:03:55.672  1361  1361 E Hyphenator: 	at com.android.internal.os.ZygoteInit.main(ZygoteInit.java:743)
02-20 20:03:55.672  1361  1361 E Hyphenator: Caused by: android.system.ErrnoException: open failed: ENOENT (No such file or directory)
02-20 20:03:55.672  1361  1361 E Hyphenator: 	at libcore.io.Posix.open(Native Method)
02-20 20:03:55.672  1361  1361 E Hyphenator: 	at libcore.io.BlockGuardOs.open(BlockGuardOs.java:187)
02-20 20:03:55.672  1361  1361 E Hyphenator: 	at libcore.io.IoBridge.open(IoBridge.java:441)
02-20 20:03:55.672  1361  1361 E Hyphenator: 	... 6 more
02-20 20:03:55.673  1361  1361 E Hyphenator: error loading hyphenation /system/usr/hyphen-data/hyph-cy.hyb
02-20 20:03:55.673  1361  1361 E Hyphenator: java.io.FileNotFoundException: /system/usr/hyphen-data/hyph-cy.hyb: open failed: ENOENT (No such file or directory)
02-20 20:03:55.673  1361  1361 E Hyphenator: 	at libcore.io.IoBridge.open(IoBridge.java:455)
02-20 20:03:55.673  1361  1361 E Hyphenator: 	at java.io.RandomAccessFile.<init>(RandomAccessFile.java:247)
02-20 20:03:55.673  1361  1361 E Hyphenator: 	at android.text.Hyphenator.loadHyphenator(Hyphenator.java:118)
02-20 20:03:55.673  1361  1361 E Hyphenator: 	at android.text.Hyphenator.init(Hyphenator.java:224)
02-20 20:03:55.673  1361  1361 E Hyphenator: 	at com.android.internal.os.ZygoteInit.preloadTextResources(ZygoteInit.java:252)
02-20 20:03:55.673  1361  1361 E Hyphenator: 	at com.android.internal.os.ZygoteInit.preload(ZygoteInit.java:206)
02-20 20:03:55.673  1361  1361 E Hyphenator: 	at com.android.internal.os.ZygoteInit.main(ZygoteInit.java:743)
02-20 20:03:55.673  1361  1361 E Hyphenator: Caused by: android.system.ErrnoException: open failed: ENOENT (No such file or directory)
02-20 20:03:55.673  1361  1361 E Hyphenator: 	at libcore.io.Posix.open(Native Method)
02-20 20:03:55.673  1361  1361 E Hyphenator: 	at libcore.io.BlockGuardOs.open(BlockGuardOs.java:187)
02-20 20:03:55.673  1361  1361 E Hyphenator: 	at libcore.io.IoBridge.open(IoBridge.java:441)
02-20 20:03:55.673  1361  1361 E Hyphenator: 	... 6 more
02-20 20:03:55.673  1361  1361 E Hyphenator: error loading hyphenation /system/usr/hyphen-data/hyph-da.hyb
02-20 20:03:55.673  1361  1361 E Hyphenator: java.io.FileNotFoundException: /system/usr/hyphen-data/hyph-da.hyb: open failed: ENOENT (No such file or directory)
02-20 20:03:55.673  1361  1361 E Hyphenator: 	at libcore.io.IoBridge.open(IoBridge.java:455)
02-20 20:03:55.673  1361  1361 E Hyphenator: 	at java.io.RandomAccessFile.<init>(RandomAccessFile.java:247)
02-20 20:03:55.673  1361  1361 E Hyphenator: 	at android.text.Hyphenator.loadHyphenator(Hyphenator.java:118)
02-20 20:03:55.673  1361  1361 E Hyphenator: 	at android.text.Hyphenator.init(Hyphenator.java:224)
02-20 20:03:55.673  1361  1361 E Hyphenator: 	at com.android.internal.os.ZygoteInit.preloadTextResources(ZygoteInit.java:252)
02-20 20:03:55.673  1361  1361 E Hyphenator: 	at com.android.internal.os.ZygoteInit.preload(ZygoteInit.java:206)
02-20 20:03:55.673  1361  1361 E Hyphenator: 	at com.android.internal.os.ZygoteInit.main(ZygoteInit.java:743)
02-20 20:03:55.673  1361  1361 E Hyphenator: Caused by: android.system.ErrnoException: open failed: ENOENT (No such file or directory)
02-20 20:03:55.673  1361  1361 E Hyphenator: 	at libcore.io.Posix.open(Native Method)
02-20 20:03:55.673  1361  1361 E Hyphenator: 	at libcore.io.BlockGuardOs.open(BlockGuardOs.java:187)
02-20 20:03:55.673  1361  1361 E Hyphenator: 	at libcore.io.IoBridge.open(IoBridge.java:441)
02-20 20:03:55.673  1361  1361 E Hyphenator: 	... 6 more
02-20 20:03:55.673  1362  1362 D libEGL  : loaded /system/lib/egl/libGLESv2_emulation.so
02-20 20:03:55.673  1361  1361 E Hyphenator: error loading hyphenation /system/usr/hyphen-data/hyph-de-1901.hyb
02-20 20:03:55.673  1361  1361 E Hyphenator: java.io.FileNotFoundException: /system/usr/hyphen-data/hyph-de-1901.hyb: open failed: ENOENT (No such file or directory)
02-20 20:03:55.673  1361  1361 E Hyphenator: 	at libcore.io.IoBridge.open(IoBridge.java:455)
02-20 20:03:55.673  1361  1361 E Hyphenator: 	at java.io.RandomAccessFile.<init>(RandomAccessFile.java:247)
02-20 20:03:55.673  1361  1361 E Hyphenator: 	at android.text.Hyphenator.loadHyphenator(Hyphenator.java:118)
02-20 20:03:55.673  1361  1361 E Hyphenator: 	at android.text.Hyphenator.init(Hyphenator.java:224)
02-20 20:03:55.673  1361  1361 E Hyphenator: 	at com.android.internal.os.ZygoteInit.preloadTextResources(ZygoteInit.java:252)
02-20 20:03:55.673  1361  1361 E Hyphenator: 	at com.android.internal.os.ZygoteInit.preload(ZygoteInit.java:206)
02-20 20:03:55.673  1361  1361 E Hyphenator: 	at com.android.internal.os.ZygoteInit.main(ZygoteInit.java:743)
02-20 20:03:55.673  1361  1361 E Hyphenator: Caused by: android.system.ErrnoException: open failed: ENOENT (No such file or directory)
02-20 20:03:55.673  1361  1361 E Hyphenator: 	at libcore.io.Posix.open(Native Method)
02-20 20:03:55.673  1361  1361 E Hyphenator: 	at libcore.io.BlockGuardOs.open(BlockGuardOs.java:187)
02-20 20:03:55.673  1361  1361 E Hyphenator: 	at libcore.io.IoBridge.open(IoBridge.java:441)
02-20 20:03:55.673  1361  1361 E Hyphenator: 	... 6 more
02-20 20:03:55.673  1361  1361 E Hyphenator: error loading hyphenation /system/usr/hyphen-data/hyph-de-1996.hyb
02-20 20:03:55.673  1361  1361 E Hyphenator: java.io.FileNotFoundException: /system/usr/hyphen-data/hyph-de-1996.hyb: open failed: ENOENT (No such file or directory)
02-20 20:03:55.673  1361  1361 E Hyphenator: 	at libcore.io.IoBridge.open(IoBridge.java:455)
02-20 20:03:55.673  1361  1361 E Hyphenator: 	at java.io.RandomAccessFile.<init>(RandomAccessFile.java:247)
02-20 20:03:55.673  1361  1361 E Hyphenator: 	at android.text.Hyphenator.loadHyphenator(Hyphenator.java:118)
02-20 20:03:55.673  1361  1361 E Hyphenator: 	at android.text.Hyphenator.init(Hyphenator.java:224)
02-20 20:03:55.673  1361  1361 E Hyphenator: 	at com.android.internal.os.ZygoteInit.preloadTextResources(ZygoteInit.java:252)
02-20 20:03:55.673  1361  1361 E Hyphenator: 	at com.android.internal.os.ZygoteInit.preload(ZygoteInit.java:206)
02-20 20:03:55.673  1361  1361 E Hyphenator: 	at com.android.internal.os.ZygoteInit.main(ZygoteInit.java:743)
02-20 20:03:55.673  1361  1361 E Hyphenator: Caused by: android.system.ErrnoException: open failed: ENOENT (No such file or directory)
02-20 20:03:55.673  1361  1361 E Hyphenator: 	at libcore.io.Posix.open(Native Method)
02-20 20:03:55.673  1361  1361 E Hyphenator: 	at libcore.io.BlockGuardOs.open(BlockGuardOs.java:187)
02-20 20:03:55.673  1361  1361 E Hyphenator: 	at libcore.io.IoBridge.open(IoBridge.java:441)
02-20 20:03:55.673  1361  1361 E Hyphenator: 	... 6 more
02-20 20:03:55.673  1361  1361 E Hyphenator: error loading hyphenation /system/usr/hyphen-data/hyph-de-ch-1901.hyb
02-20 20:03:55.673  1361  1361 E Hyphenator: java.io.FileNotFoundException: /system/usr/hyphen-data/hyph-de-ch-1901.hyb: open failed: ENOENT (No such file or directory)
02-20 20:03:55.673  1361  1361 E Hyphenator: 	at libcore.io.IoBridge.open(IoBridge.java:455)
02-20 20:03:55.673  1361  1361 E Hyphenator: 	at java.io.RandomAccessFile.<init>(RandomAccessFile.java:247)
02-20 20:03:55.673  1361  1361 E Hyphenator: 	at android.text.Hyphenator.loadHyphenator(Hyphenator.java:118)
02-20 20:03:55.673  1361  1361 E Hyphenator: 	at android.text.Hyphenator.init(Hyphenator.java:224)
02-20 20:03:55.673  1361  1361 E Hyphenator: 	at com.android.internal.os.ZygoteInit.preloadTextResources(ZygoteInit.java:252)
02-20 20:03:55.673  1361  1361 E Hyphenator: 	at com.android.internal.os.ZygoteInit.preload(ZygoteInit.java:206)
02-20 20:03:55.673  1361  1361 E Hyphenator: 	at com.android.internal.os.ZygoteInit.main(ZygoteInit.java:743)
02-20 20:03:55.673  1361  1361 E Hyphenator: Caused by: android.system.ErrnoException: open failed: ENOENT (No such file or directory)
02-20 20:03:55.673  1361  1361 E Hyphenator: 	at libcore.io.Posix.open(Native Method)
02-20 20:03:55.673  1361  1361 E Hyphenator: 	at libcore.io.BlockGuardOs.open(BlockGuardOs.java:187)
02-20 20:03:55.673  1361  1361 E Hyphenator: 	at libcore.io.IoBridge.open(IoBridge.java:441)
02-20 20:03:55.673  1361  1361 E Hyphenator: 	... 6 more
02-20 20:03:55.673  1361  1361 E Hyphenator: error loading hyphenation /system/usr/hyphen-data/hyph-en-gb.hyb
02-20 20:03:55.673  1361  1361 E Hyphenator: java.io.FileNotFoundException: /system/usr/hyphen-data/hyph-en-gb.hyb: open failed: ENOENT (No such file or directory)
02-20 20:03:55.673  1361  1361 E Hyphenator: 	at libcore.io.IoBridge.open(IoBridge.java:455)
02-20 20:03:55.673  1361  1361 E Hyphenator: 	at java.io.RandomAccessFile.<init>(RandomAccessFile.java:247)
02-20 20:03:55.673  1361  1361 E Hyphenator: 	at android.text.Hyphenator.loadHyphenator(Hyphenator.java:118)
02-20 20:03:55.673  1361  1361 E Hyphenator: 	at android.text.Hyphenator.init(Hyphenator.java:224)
02-20 20:03:55.673  1361  1361 E Hyphenator: 	at com.android.internal.os.ZygoteInit.preloadTextResources(ZygoteInit.java:252)
02-20 20:03:55.673  1361  1361 E Hyphenator: 	at com.android.internal.os.ZygoteInit.preload(ZygoteInit.java:206)
02-20 20:03:55.673  1361  1361 E Hyphenator: 	at com.android.internal.os.ZygoteInit.main(ZygoteInit.java:743)
02-20 20:03:55.673  1361  1361 E Hyphenator: Caused by: android.system.ErrnoException: open failed: ENOENT (No such file or directory)
02-20 20:03:55.673  1361  1361 E Hyphenator: 	at libcore.io.Posix.open(Native Method)
02-20 20:03:55.673  1361  1361 E Hyphenator: 	at libcore.io.BlockGuardOs.open(BlockGuardOs.java:187)
02-20 20:03:55.673  1361  1361 E Hyphenator: 	at libcore.io.IoBridge.open(IoBridge.java:441)
02-20 20:03:55.673  1361  1361 E Hyphenator: 	... 6 more
02-20 20:03:55.673  1361  1361 E Hyphenator: error loading hyphenation /system/usr/hyphen-data/hyph-en-us.hyb
02-20 20:03:55.673  1361  1361 E Hyphenator: java.io.FileNotFoundException: /system/usr/hyphen-data/hyph-en-us.hyb: open failed: ENOENT (No such file or directory)
02-20 20:03:55.673  1361  1361 E Hyphenator: 	at libcore.io.IoBridge.open(IoBridge.java:455)
02-20 20:03:55.673  1361  1361 E Hyphenator: 	at java.io.RandomAccessFile.<init>(RandomAccessFile.java:247)
02-20 20:03:55.673  1361  1361 E Hyphenator: 	at android.text.Hyphenator.loadHyphenator(Hyphenator.java:118)
02-20 20:03:55.673  1361  1361 E Hyphenator: 	at android.text.Hyphenator.init(Hyphenator.java:224)
02-20 20:03:55.673  1361  1361 E Hyphenator: 	at com.android.internal.os.ZygoteInit.preloadTextResources(ZygoteInit.java:252)
02-20 20:03:55.673  1361  1361 E Hyphenator: 	at com.android.internal.os.ZygoteInit.preload(ZygoteInit.java:206)
02-20 20:03:55.673  1361  1361 E Hyphenator: 	at com.android.internal.os.ZygoteInit.main(ZygoteInit.java:743)
02-20 20:03:55.673  1361  1361 E Hyphenator: Caused by: android.system.ErrnoException: open failed: ENOENT (No such file or directory)
02-20 20:03:55.673  1361  1361 E Hyphenator: 	at libcore.io.Posix.open(Native Method)
02-20 20:03:55.673  1361  1361 E Hyphenator: 	at libcore.io.BlockGuardOs.open(BlockGuardOs.java:187)
02-20 20:03:55.673  1361  1361 E Hyphenator: 	at libcore.io.IoBridge.open(IoBridge.java:441)
02-20 20:03:55.673  1361  1361 E Hyphenator: 	... 6 more
02-20 20:03:55.674  1361  1361 E Hyphenator: error loading hyphenation /system/usr/hyphen-data/hyph-es.hyb
02-20 20:03:55.674  1361  1361 E Hyphenator: java.io.FileNotFoundException: /system/usr/hyphen-data/hyph-es.hyb: open failed: ENOENT (No such file or directory)
02-20 20:03:55.674  1361  1361 E Hyphenator: 	at libcore.io.IoBridge.open(IoBridge.java:455)
02-20 20:03:55.674  1361  1361 E Hyphenator: 	at java.io.RandomAccessFile.<init>(RandomAccessFile.java:247)
02-20 20:03:55.674  1361  1361 E Hyphenator: 	at android.text.Hyphenator.loadHyphenator(Hyphenator.java:118)
02-20 20:03:55.674  1361  1361 E Hyphenator: 	at android.text.Hyphenator.init(Hyphenator.java:224)
02-20 20:03:55.674  1361  1361 E Hyphenator: 	at com.android.internal.os.ZygoteInit.preloadTextResources(ZygoteInit.java:252)
02-20 20:03:55.674  1361  1361 E Hyphenator: 	at com.android.internal.os.ZygoteInit.preload(ZygoteInit.java:206)
02-20 20:03:55.674  1361  1361 E Hyphenator: 	at com.android.internal.os.ZygoteInit.main(ZygoteInit.java:743)
02-20 20:03:55.674  1361  1361 E Hyphenator: Caused by: android.system.ErrnoException: open failed: ENOENT (No such file or directory)
02-20 20:03:55.674  1361  1361 E Hyphenator: 	at libcore.io.Posix.open(Native Method)
02-20 20:03:55.674  1361  1361 E Hyphenator: 	at libcore.io.BlockGuardOs.open(BlockGuardOs.java:187)
02-20 20:03:55.674  1361  1361 E Hyphenator: 	at libcore.io.IoBridge.open(IoBridge.java:441)
02-20 20:03:55.674  1361  1361 E Hyphenator: 	... 6 more
02-20 20:03:55.674  1361  1361 E Hyphenator: error loading hyphenation /system/usr/hyphen-data/hyph-et.hyb
02-20 20:03:55.674  1361  1361 E Hyphenator: java.io.FileNotFoundException: /system/usr/hyphen-data/hyph-et.hyb: open failed: ENOENT (No such file or directory)
02-20 20:03:55.674  1361  1361 E Hyphenator: 	at libcore.io.IoBridge.open(IoBridge.java:455)
02-20 20:03:55.674  1361  1361 E Hyphenator: 	at java.io.RandomAccessFile.<init>(RandomAccessFile.java:247)
02-20 20:03:55.674  1361  1361 E Hyphenator: 	at android.text.Hyphenator.loadHyphenator(Hyphenator.java:118)
02-20 20:03:55.674  1361  1361 E Hyphenator: 	at android.text.Hyphenator.init(Hyphenator.java:224)
02-20 20:03:55.674  1361  1361 E Hyphenator: 	at com.android.internal.os.ZygoteInit.preloadTextResources(ZygoteInit.java:252)
02-20 20:03:55.674  1361  1361 E Hyphenator: 	at com.android.internal.os.ZygoteInit.preload(ZygoteInit.java:206)
02-20 20:03:55.674  1361  1361 E Hyphenator: 	at com.android.internal.os.ZygoteInit.main(ZygoteInit.java:743)
02-20 20:03:55.674  1361  1361 E Hyphenator: Caused by: android.system.ErrnoException: open failed: ENOENT (No such file or directory)
02-20 20:03:55.674  1361  1361 E Hyphenator: 	at libcore.io.Posix.open(Native Method)
02-20 20:03:55.674  1361  1361 E Hyphenator: 	at libcore.io.BlockGuardOs.open(BlockGuardOs.java:187)
02-20 20:03:55.674  1361  1361 E Hyphenator: 	at libcore.io.IoBridge.open(IoBridge.java:441)
02-20 20:03:55.674  1361  1361 E Hyphenator: 	... 6 more
02-20 20:03:55.674  1361  1361 E Hyphenator: error loading hyphenation /system/usr/hyphen-data/hyph-eu.hyb
02-20 20:03:55.674  1361  1361 E Hyphenator: java.io.FileNotFoundException: /system/usr/hyphen-data/hyph-eu.hyb: open failed: ENOENT (No such file or directory)
02-20 20:03:55.674  1361  1361 E Hyphenator: 	at libcore.io.IoBridge.open(IoBridge.java:455)
02-20 20:03:55.674  1361  1361 E Hyphenator: 	at java.io.RandomAccessFile.<init>(RandomAccessFile.java:247)
02-20 20:03:55.674  1361  1361 E Hyphenator: 	at android.text.Hyphenator.loadHyphenator(Hyphenator.java:118)
02-20 20:03:55.674  1361  1361 E Hyphenator: 	at android.text.Hyphenator.init(Hyphenator.java:224)
02-20 20:03:55.674  1361  1361 E Hyphenator: 	at com.android.internal.os.ZygoteInit.preloadTextResources(ZygoteInit.java:252)
02-20 20:03:55.674  1361  1361 E Hyphenator: 	at com.android.internal.os.ZygoteInit.preload(ZygoteInit.java:206)
02-20 20:03:55.674  1361  1361 E Hyphenator: 	at com.android.internal.os.ZygoteInit.main(ZygoteInit.java:743)
02-20 20:03:55.674  1361  1361 E Hyphenator: Caused by: android.system.ErrnoException: open failed: ENOENT (No such file or directory)
02-20 20:03:55.674  1361  1361 E Hyphenator: 	at libcore.io.Posix.open(Native Method)
02-20 20:03:55.674  1361  1361 E Hyphenator: 	at libcore.io.BlockGuardOs.open(BlockGuardOs.java:187)
02-20 20:03:55.674  1361  1361 E Hyphenator: 	at libcore.io.IoBridge.open(IoBridge.java:441)
02-20 20:03:55.674  1361  1361 E Hyphenator: 	... 6 more
02-20 20:03:55.674  1361  1361 E Hyphenator: error loading hyphenation /system/usr/hyphen-data/hyph-fr.hyb
02-20 20:03:55.674  1361  1361 E Hyphenator: java.io.FileNotFoundException: /system/usr/hyphen-data/hyph-fr.hyb: open failed: ENOENT (No such file or directory)
02-20 20:03:55.674  1361  1361 E Hyphenator: 	at libcore.io.IoBridge.open(IoBridge.java:455)
02-20 20:03:55.674  1361  1361 E Hyphenator: 	at java.io.RandomAccessFile.<init>(RandomAccessFile.java:247)
02-20 20:03:55.674  1361  1361 E Hyphenator: 	at android.text.Hyphenator.loadHyphenator(Hyphenator.java:118)
02-20 20:03:55.674  1361  1361 E Hyphenator: 	at android.text.Hyphenator.init(Hyphenator.java:224)
02-20 20:03:55.674  1361  1361 E Hyphenator: 	at com.android.internal.os.ZygoteInit.preloadTextResources(ZygoteInit.java:252)
02-20 20:03:55.674  1361  1361 E Hyphenator: 	at com.android.internal.os.ZygoteInit.preload(ZygoteInit.java:206)
02-20 20:03:55.674  1361  1361 E Hyphenator: 	at com.android.internal.os.ZygoteInit.main(ZygoteInit.java:743)
02-20 20:03:55.674  1361  1361 E Hyphenator: Caused by: android.system.ErrnoException: open failed: ENOENT (No such file or directory)
02-20 20:03:55.674  1361  1361 E Hyphenator: 	at libcore.io.Posix.open(Native Method)
02-20 20:03:55.674  1361  1361 E Hyphenator: 	at libcore.io.BlockGuardOs.open(BlockGuardOs.java:187)
02-20 20:03:55.674  1361  1361 E Hyphenator: 	at libcore.io.IoBridge.open(IoBridge.java:441)
02-20 20:03:55.674  1361  1361 E Hyphenator: 	... 6 more
02-20 20:03:55.674  1361  1361 E Hyphenator: error loading hyphenation /system/usr/hyphen-data/hyph-ga.hyb
02-20 20:03:55.674  1361  1361 E Hyphenator: java.io.FileNotFoundException: /system/usr/hyphen-data/hyph-ga.hyb: open failed: ENOENT (No such file or directory)
02-20 20:03:55.674  1361  1361 E Hyphenator: 	at libcore.io.IoBridge.open(IoBridge.java:455)
02-20 20:03:55.674  1361  1361 E Hyphenator: 	at java.io.RandomAccessFile.<init>(RandomAccessFile.java:247)
02-20 20:03:55.674  1361  1361 E Hyphenator: 	at android.text.Hyphenator.loadHyphenator(Hyphenator.java:118)
02-20 20:03:55.674  1361  1361 E Hyphenator: 	at android.text.Hyphenator.init(Hyphenator.java:224)
02-20 20:03:55.674  1361  1361 E Hyphenator: 	at com.android.internal.os.ZygoteInit.preloadTextResources(ZygoteInit.java:252)
02-20 20:03:55.674  1361  1361 E Hyphenator: 	at com.android.internal.os.ZygoteInit.preload(ZygoteInit.java:206)
02-20 20:03:55.674  1361  1361 E Hyphenator: 	at com.android.internal.os.ZygoteInit.main(ZygoteInit.java:743)
02-20 20:03:55.674  1361  1361 E Hyphenator: Caused by: android.system.ErrnoException: open failed: ENOENT (No such file or directory)
02-20 20:03:55.674  1361  1361 E Hyphenator: 	at libcore.io.Posix.open(Native Method)
02-20 20:03:55.674  1361  1361 E Hyphenator: 	at libcore.io.BlockGuardOs.open(BlockGuardOs.java:187)
02-20 20:03:55.674  1361  1361 E Hyphenator: 	at libcore.io.IoBridge.open(IoBridge.java:441)
02-20 20:03:55.674  1361  1361 E Hyphenator: 	... 6 more
02-20 20:03:55.674  1361  1361 E Hyphenator: error loading hyphenation /system/usr/hyphen-data/hyph-gu.hyb
02-20 20:03:55.674  1361  1361 E Hyphenator: java.io.FileNotFoundException: /system/usr/hyphen-data/hyph-gu.hyb: open failed: ENOENT (No such file or directory)
02-20 20:03:55.674  1361  1361 E Hyphenator: 	at libcore.io.IoBridge.open(IoBridge.java:455)
02-20 20:03:55.674  1361  1361 E Hyphenator: 	at java.io.RandomAccessFile.<init>(RandomAccessFile.java:247)
02-20 20:03:55.674  1361  1361 E Hyphenator: 	at android.text.Hyphenator.loadHyphenator(Hyphenator.java:118)
02-20 20:03:55.674  1361  1361 E Hyphenator: 	at android.text.Hyphenator.init(Hyphenator.java:224)
02-20 20:03:55.674  1361  1361 E Hyphenator: 	at com.android.internal.os.ZygoteInit.preloadTextResources(ZygoteInit.java:252)
02-20 20:03:55.674  1361  1361 E Hyphenator: 	at com.android.internal.os.ZygoteInit.preload(ZygoteInit.java:206)
02-20 20:03:55.674  1361  1361 E Hyphenator: 	at com.android.internal.os.ZygoteInit.main(ZygoteInit.java:743)
02-20 20:03:55.674  1361  1361 E Hyphenator: Caused by: android.system.ErrnoException: open failed: ENOENT (No such file or directory)
02-20 20:03:55.674  1361  1361 E Hyphenator: 	at libcore.io.Posix.open(Native Method)
02-20 20:03:55.674  1361  1361 E Hyphenator: 	at libcore.io.BlockGuardOs.open(BlockGuardOs.java:187)
02-20 20:03:55.674  1361  1361 E Hyphenator: 	at libcore.io.IoBridge.open(IoBridge.java:441)
02-20 20:03:55.674  1361  1361 E Hyphenator: 	... 6 more
02-20 20:03:55.675  1361  1361 E Hyphenator: error loading hyphenation /system/usr/hyphen-data/hyph-hi.hyb
02-20 20:03:55.675  1361  1361 E Hyphenator: java.io.FileNotFoundException: /system/usr/hyphen-data/hyph-hi.hyb: open failed: ENOENT (No such file or directory)
02-20 20:03:55.675  1361  1361 E Hyphenator: 	at libcore.io.IoBridge.open(IoBridge.java:455)
02-20 20:03:55.675  1361  1361 E Hyphenator: 	at java.io.RandomAccessFile.<init>(RandomAccessFile.java:247)
02-20 20:03:55.675  1361  1361 E Hyphenator: 	at android.text.Hyphenator.loadHyphenator(Hyphenator.java:118)
02-20 20:03:55.675  1361  1361 E Hyphenator: 	at android.text.Hyphenator.init(Hyphenator.java:224)
02-20 20:03:55.675  1361  1361 E Hyphenator: 	at com.android.internal.os.ZygoteInit.preloadTextResources(ZygoteInit.java:252)
02-20 20:03:55.675  1361  1361 E Hyphenator: 	at com.android.internal.os.ZygoteInit.preload(ZygoteInit.java:206)
02-20 20:03:55.675  1361  1361 E Hyphenator: 	at com.android.internal.os.ZygoteInit.main(ZygoteInit.java:743)
02-20 20:03:55.675  1361  1361 E Hyphenator: Caused by: android.system.ErrnoException: open failed: ENOENT (No such file or directory)
02-20 20:03:55.675  1361  1361 E Hyphenator: 	at libcore.io.Posix.open(Native Method)
02-20 20:03:55.675  1361  1361 E Hyphenator: 	at libcore.io.BlockGuardOs.open(BlockGuardOs.java:187)
02-20 20:03:55.675  1361  1361 E Hyphenator: 	at libcore.io.IoBridge.open(IoBridge.java:441)
02-20 20:03:55.675  1361  1361 E Hyphenator: 	... 6 more
02-20 20:03:55.675  1361  1361 E Hyphenator: error loading hyphenation /system/usr/hyphen-data/hyph-hr.hyb
02-20 20:03:55.675  1361  1361 E Hyphenator: java.io.FileNotFoundException: /system/usr/hyphen-data/hyph-hr.hyb: open failed: ENOENT (No such file or directory)
02-20 20:03:55.675  1361  1361 E Hyphenator: 	at libcore.io.IoBridge.open(IoBridge.java:455)
02-20 20:03:55.675  1361  1361 E Hyphenator: 	at java.io.RandomAccessFile.<init>(RandomAccessFile.java:247)
02-20 20:03:55.675  1361  1361 E Hyphenator: 	at android.text.Hyphenator.loadHyphenator(Hyphenator.java:118)
02-20 20:03:55.675  1361  1361 E Hyphenator: 	at android.text.Hyphenator.init(Hyphenator.java:224)
02-20 20:03:55.675  1361  1361 E Hyphenator: 	at com.android.internal.os.ZygoteInit.preloadTextResources(ZygoteInit.java:252)
02-20 20:03:55.675  1361  1361 E Hyphenator: 	at com.android.internal.os.ZygoteInit.preload(ZygoteInit.java:206)
02-20 20:03:55.675  1361  1361 E Hyphenator: 	at com.android.internal.os.ZygoteInit.main(ZygoteInit.java:743)
02-20 20:03:55.675  1361  1361 E Hyphenator: Caused by: android.system.ErrnoException: open failed: ENOENT (No such file or directory)
02-20 20:03:55.675  1361  1361 E Hyphenator: 	at libcore.io.Posix.open(Native Method)
02-20 20:03:55.675  1361  1361 E Hyphenator: 	at libcore.io.BlockGuardOs.open(BlockGuardOs.java:187)
02-20 20:03:55.675  1361  1361 E Hyphenator: 	at libcore.io.IoBridge.open(IoBridge.java:441)
02-20 20:03:55.675  1361  1361 E Hyphenator: 	... 6 more
02-20 20:03:55.675  1361  1361 E Hyphenator: error loading hyphenation /system/usr/hyphen-data/hyph-hu.hyb
02-20 20:03:55.675  1361  1361 E Hyphenator: java.io.FileNotFoundException: /system/usr/hyphen-data/hyph-hu.hyb: open failed: ENOENT (No such file or directory)
02-20 20:03:55.675  1361  1361 E Hyphenator: 	at libcore.io.IoBridge.open(IoBridge.java:455)
02-20 20:03:55.675  1361  1361 E Hyphenator: 	at java.io.RandomAccessFile.<init>(RandomAccessFile.java:247)
02-20 20:03:55.675  1361  1361 E Hyphenator: 	at android.text.Hyphenator.loadHyphenator(Hyphenator.java:118)
02-20 20:03:55.675  1361  1361 E Hyphenator: 	at android.text.Hyphenator.init(Hyphenator.java:224)
02-20 20:03:55.675  1361  1361 E Hyphenator: 	at com.android.internal.os.ZygoteInit.preloadTextResources(ZygoteInit.java:252)
02-20 20:03:55.675  1361  1361 E Hyphenator: 	at com.android.internal.os.ZygoteInit.preload(ZygoteInit.java:206)
02-20 20:03:55.675  1361  1361 E Hyphenator: 	at com.android.internal.os.ZygoteInit.main(ZygoteInit.java:743)
02-20 20:03:55.675  1361  1361 E Hyphenator: Caused by: android.system.ErrnoException: open failed: ENOENT (No such file or directory)
02-20 20:03:55.675  1361  1361 E Hyphenator: 	at libcore.io.Posix.open(Native Method)
02-20 20:03:55.675  1361  1361 E Hyphenator: 	at libcore.io.BlockGuardOs.open(BlockGuardOs.java:187)
02-20 20:03:55.675  1361  1361 E Hyphenator: 	at libcore.io.IoBridge.open(IoBridge.java:441)
02-20 20:03:55.675  1361  1361 E Hyphenator: 	... 6 more
02-20 20:03:55.675  1361  1361 E Hyphenator: error loading hyphenation /system/usr/hyphen-data/hyph-hy.hyb
02-20 20:03:55.675  1361  1361 E Hyphenator: java.io.FileNotFoundException: /system/usr/hyphen-data/hyph-hy.hyb: open failed: ENOENT (No such file or directory)
02-20 20:03:55.675  1361  1361 E Hyphenator: 	at libcore.io.IoBridge.open(IoBridge.java:455)
02-20 20:03:55.675  1361  1361 E Hyphenator: 	at java.io.RandomAccessFile.<init>(RandomAccessFile.java:247)
02-20 20:03:55.675  1361  1361 E Hyphenator: 	at android.text.Hyphenator.loadHyphenator(Hyphenator.java:118)
02-20 20:03:55.675  1361  1361 E Hyphenator: 	at android.text.Hyphenator.init(Hyphenator.java:224)
02-20 20:03:55.675  1361  1361 E Hyphenator: 	at com.android.internal.os.ZygoteInit.preloadTextResources(ZygoteInit.java:252)
02-20 20:03:55.675  1361  1361 E Hyphenator: 	at com.android.internal.os.ZygoteInit.preload(ZygoteInit.java:206)
02-20 20:03:55.675  1361  1361 E Hyphenator: 	at com.android.internal.os.ZygoteInit.main(ZygoteInit.java:743)
02-20 20:03:55.675  1361  1361 E Hyphenator: Caused by: android.system.ErrnoException: open failed: ENOENT (No such file or directory)
02-20 20:03:55.675  1361  1361 E Hyphenator: 	at libcore.io.Posix.open(Native Method)
02-20 20:03:55.675  1361  1361 E Hyphenator: 	at libcore.io.BlockGuardOs.open(BlockGuardOs.java:187)
02-20 20:03:55.675  1361  1361 E Hyphenator: 	at libcore.io.IoBridge.open(IoBridge.java:441)
02-20 20:03:55.675  1361  1361 E Hyphenator: 	... 6 more
02-20 20:03:55.676  1361  1361 E Hyphenator: error loading hyphenation /system/usr/hyphen-data/hyph-kn.hyb
02-20 20:03:55.676  1361  1361 E Hyphenator: java.io.FileNotFoundException: /system/usr/hyphen-data/hyph-kn.hyb: open failed: ENOENT (No such file or directory)
02-20 20:03:55.676  1361  1361 E Hyphenator: 	at libcore.io.IoBridge.open(IoBridge.java:455)
02-20 20:03:55.676  1361  1361 E Hyphenator: 	at java.io.RandomAccessFile.<init>(RandomAccessFile.java:247)
02-20 20:03:55.676  1361  1361 E Hyphenator: 	at android.text.Hyphenator.loadHyphenator(Hyphenator.java:118)
02-20 20:03:55.676  1361  1361 E Hyphenator: 	at android.text.Hyphenator.init(Hyphenator.java:224)
02-20 20:03:55.676  1361  1361 E Hyphenator: 	at com.android.internal.os.ZygoteInit.preloadTextResources(ZygoteInit.java:252)
02-20 20:03:55.676  1361  1361 E Hyphenator: 	at com.android.internal.os.ZygoteInit.preload(ZygoteInit.java:206)
02-20 20:03:55.676  1361  1361 E Hyphenator: 	at com.android.internal.os.ZygoteInit.main(ZygoteInit.java:743)
02-20 20:03:55.676  1361  1361 E Hyphenator: Caused by: android.system.ErrnoException: open failed: ENOENT (No such file or directory)
02-20 20:03:55.676  1361  1361 E Hyphenator: 	at libcore.io.Posix.open(Native Method)
02-20 20:03:55.676  1361  1361 E Hyphenator: 	at libcore.io.BlockGuardOs.open(BlockGuardOs.java:187)
02-20 20:03:55.676  1361  1361 E Hyphenator: 	at libcore.io.IoBridge.open(IoBridge.java:441)
02-20 20:03:55.676  1361  1361 E Hyphenator: 	... 6 more
02-20 20:03:55.676  1361  1361 E Hyphenator: error loading hyphenation /system/usr/hyphen-data/hyph-ml.hyb
02-20 20:03:55.676  1361  1361 E Hyphenator: java.io.FileNotFoundException: /system/usr/hyphen-data/hyph-ml.hyb: open failed: ENOENT (No such file or directory)
02-20 20:03:55.676  1361  1361 E Hyphenator: 	at libcore.io.IoBridge.open(IoBridge.java:455)
02-20 20:03:55.676  1361  1361 E Hyphenator: 	at java.io.RandomAccessFile.<init>(RandomAccessFile.java:247)
02-20 20:03:55.676  1361  1361 E Hyphenator: 	at android.text.Hyphenator.loadHyphenator(Hyphenator.java:118)
02-20 20:03:55.676  1361  1361 E Hyphenator: 	at android.text.Hyphenator.init(Hyphenator.java:224)
02-20 20:03:55.676  1361  1361 E Hyphenator: 	at com.android.internal.os.ZygoteInit.preloadTextResources(ZygoteInit.java:252)
02-20 20:03:55.676  1361  1361 E Hyphenator: 	at com.android.internal.os.ZygoteInit.preload(ZygoteInit.java:206)
02-20 20:03:55.676  1361  1361 E Hyphenator: 	at com.android.internal.os.ZygoteInit.main(ZygoteInit.java:743)
02-20 20:03:55.676  1361  1361 E Hyphenator: Caused by: android.system.ErrnoException: open failed: ENOENT (No such file or directory)
02-20 20:03:55.676  1361  1361 E Hyphenator: 	at libcore.io.Posix.open(Native Method)
02-20 20:03:55.676  1361  1361 E Hyphenator: 	at libcore.io.BlockGuardOs.open(BlockGuardOs.java:187)
02-20 20:03:55.676  1361  1361 E Hyphenator: 	at libcore.io.IoBridge.open(IoBridge.java:441)
02-20 20:03:55.676  1361  1361 E Hyphenator: 	... 6 more
02-20 20:03:55.677  1361  1361 E Hyphenator: error loading hyphenation /system/usr/hyphen-data/hyph-mn-cyrl.hyb
02-20 20:03:55.677  1361  1361 E Hyphenator: java.io.FileNotFoundException: /system/usr/hyphen-data/hyph-mn-cyrl.hyb: open failed: ENOENT (No such file or directory)
02-20 20:03:55.677  1361  1361 E Hyphenator: 	at libcore.io.IoBridge.open(IoBridge.java:455)
02-20 20:03:55.677  1361  1361 E Hyphenator: 	at java.io.RandomAccessFile.<init>(RandomAccessFile.java:247)
02-20 20:03:55.677  1361  1361 E Hyphenator: 	at android.text.Hyphenator.loadHyphenator(Hyphenator.java:118)
02-20 20:03:55.677  1361  1361 E Hyphenator: 	at android.text.Hyphenator.init(Hyphenator.java:224)
02-20 20:03:55.677  1361  1361 E Hyphenator: 	at com.android.internal.os.ZygoteInit.preloadTextResources(ZygoteInit.java:252)
02-20 20:03:55.677  1361  1361 E Hyphenator: 	at com.android.internal.os.ZygoteInit.preload(ZygoteInit.java:206)
02-20 20:03:55.677  1361  1361 E Hyphenator: 	at com.android.internal.os.ZygoteInit.main(ZygoteInit.java:743)
02-20 20:03:55.677  1361  1361 E Hyphenator: Caused by: android.system.ErrnoException: open failed: ENOENT (No such file or directory)
02-20 20:03:55.677  1361  1361 E Hyphenator: 	at libcore.io.Posix.open(Native Method)
02-20 20:03:55.677  1361  1361 E Hyphenator: 	at libcore.io.BlockGuardOs.open(BlockGuardOs.java:187)
02-20 20:03:55.677  1361  1361 E Hyphenator: 	at libcore.io.IoBridge.open(IoBridge.java:441)
02-20 20:03:55.677  1361  1361 E Hyphenator: 	... 6 more
02-20 20:03:55.677  1361  1361 E Hyphenator: error loading hyphenation /system/usr/hyphen-data/hyph-mr.hyb
02-20 20:03:55.677  1361  1361 E Hyphenator: java.io.FileNotFoundException: /system/usr/hyphen-data/hyph-mr.hyb: open failed: ENOENT (No such file or directory)
02-20 20:03:55.677  1361  1361 E Hyphenator: 	at libcore.io.IoBridge.open(IoBridge.java:455)
02-20 20:03:55.677  1361  1361 E Hyphenator: 	at java.io.RandomAccessFile.<init>(RandomAccessFile.java:247)
02-20 20:03:55.677  1361  1361 E Hyphenator: 	at android.text.Hyphenator.loadHyphenator(Hyphenator.java:118)
02-20 20:03:55.677  1361  1361 E Hyphenator: 	at android.text.Hyphenator.init(Hyphenator.java:224)
02-20 20:03:55.677  1361  1361 E Hyphenator: 	at com.android.internal.os.ZygoteInit.preloadTextResources(ZygoteInit.java:252)
02-20 20:03:55.677  1361  1361 E Hyphenator: 	at com.android.internal.os.ZygoteInit.preload(ZygoteInit.java:206)
02-20 20:03:55.677  1361  1361 E Hyphenator: 	at com.android.internal.os.ZygoteInit.main(ZygoteInit.java:743)
02-20 20:03:55.677  1361  1361 E Hyphenator: Caused by: android.system.ErrnoException: open failed: ENOENT (No such file or directory)
02-20 20:03:55.677  1361  1361 E Hyphenator: 	at libcore.io.Posix.open(Native Method)
02-20 20:03:55.677  1361  1361 E Hyphenator: 	at libcore.io.BlockGuardOs.open(BlockGuardOs.java:187)
02-20 20:03:55.677  1361  1361 E Hyphenator: 	at libcore.io.IoBridge.open(IoBridge.java:441)
02-20 20:03:55.677  1361  1361 E Hyphenator: 	... 6 more
02-20 20:03:55.677  1361  1361 E Hyphenator: error loading hyphenation /system/usr/hyphen-data/hyph-nb.hyb
02-20 20:03:55.677  1361  1361 E Hyphenator: java.io.FileNotFoundException: /system/usr/hyphen-data/hyph-nb.hyb: open failed: ENOENT (No such file or directory)
02-20 20:03:55.677  1361  1361 E Hyphenator: 	at libcore.io.IoBridge.open(IoBridge.java:455)
02-20 20:03:55.677  1361  1361 E Hyphenator: 	at java.io.RandomAccessFile.<init>(RandomAccessFile.java:247)
02-20 20:03:55.677  1361  1361 E Hyphenator: 	at android.text.Hyphenator.loadHyphenator(Hyphenator.java:118)
02-20 20:03:55.677  1361  1361 E Hyphenator: 	at android.text.Hyphenator.init(Hyphenator.java:224)
02-20 20:03:55.677  1361  1361 E Hyphenator: 	at com.android.internal.os.ZygoteInit.preloadTextResources(ZygoteInit.java:252)
02-20 20:03:55.677  1361  1361 E Hyphenator: 	at com.android.internal.os.ZygoteInit.preload(ZygoteInit.java:206)
02-20 20:03:55.677  1361  1361 E Hyphenator: 	at com.android.internal.os.ZygoteInit.main(ZygoteInit.java:743)
02-20 20:03:55.677  1361  1361 E Hyphenator: Caused by: android.system.ErrnoException: open failed: ENOENT (No such file or directory)
02-20 20:03:55.677  1361  1361 E Hyphenator: 	at libcore.io.Posix.open(Native Method)
02-20 20:03:55.677  1361  1361 E Hyphenator: 	at libcore.io.BlockGuardOs.open(BlockGuardOs.java:187)
02-20 20:03:55.677  1361  1361 E Hyphenator: 	at libcore.io.IoBridge.open(IoBridge.java:441)
02-20 20:03:55.677  1361  1361 E Hyphenator: 	... 6 more
02-20 20:03:55.678  1361  1361 E Hyphenator: error loading hyphenation /system/usr/hyphen-data/hyph-nn.hyb
02-20 20:03:55.678  1361  1361 E Hyphenator: java.io.FileNotFoundException: /system/usr/hyphen-data/hyph-nn.hyb: open failed: ENOENT (No such file or directory)
02-20 20:03:55.678  1361  1361 E Hyphenator: 	at libcore.io.IoBridge.open(IoBridge.java:455)
02-20 20:03:55.678  1361  1361 E Hyphenator: 	at java.io.RandomAccessFile.<init>(RandomAccessFile.java:247)
02-20 20:03:55.678  1361  1361 E Hyphenator: 	at android.text.Hyphenator.loadHyphenator(Hyphenator.java:118)
02-20 20:03:55.678  1361  1361 E Hyphenator: 	at android.text.Hyphenator.init(Hyphenator.java:224)
02-20 20:03:55.678  1361  1361 E Hyphenator: 	at com.android.internal.os.ZygoteInit.preloadTextResources(ZygoteInit.java:252)
02-20 20:03:55.678  1361  1361 E Hyphenator: 	at com.android.internal.os.ZygoteInit.preload(ZygoteInit.java:206)
02-20 20:03:55.678  1361  1361 E Hyphenator: 	at com.android.internal.os.ZygoteInit.main(ZygoteInit.java:743)
02-20 20:03:55.678  1361  1361 E Hyphenator: Caused by: android.system.ErrnoException: open failed: ENOENT (No such file or directory)
02-20 20:03:55.678  1361  1361 E Hyphenator: 	at libcore.io.Posix.open(Native Method)
02-20 20:03:55.678  1361  1361 E Hyphenator: 	at libcore.io.BlockGuardOs.open(BlockGuardOs.java:187)
02-20 20:03:55.678  1361  1361 E Hyphenator: 	at libcore.io.IoBridge.open(IoBridge.java:441)
02-20 20:03:55.678  1361  1361 E Hyphenator: 	... 6 more
02-20 20:03:55.678  1361  1361 E Hyphenator: error loading hyphenation /system/usr/hyphen-data/hyph-or.hyb
02-20 20:03:55.678  1361  1361 E Hyphenator: java.io.FileNotFoundException: /system/usr/hyphen-data/hyph-or.hyb: open failed: ENOENT (No such file or directory)
02-20 20:03:55.678  1361  1361 E Hyphenator: 	at libcore.io.IoBridge.open(IoBridge.java:455)
02-20 20:03:55.678  1361  1361 E Hyphenator: 	at java.io.RandomAccessFile.<init>(RandomAccessFile.java:247)
02-20 20:03:55.678  1361  1361 E Hyphenator: 	at android.text.Hyphenator.loadHyphenator(Hyphenator.java:118)
02-20 20:03:55.678  1361  1361 E Hyphenator: 	at android.text.Hyphenator.init(Hyphenator.java:224)
02-20 20:03:55.678  1361  1361 E Hyphenator: 	at com.android.internal.os.ZygoteInit.preloadTextResources(ZygoteInit.java:252)
02-20 20:03:55.678  1361  1361 E Hyphenator: 	at com.android.internal.os.ZygoteInit.preload(ZygoteInit.java:206)
02-20 20:03:55.678  1361  1361 E Hyphenator: 	at com.android.internal.os.ZygoteInit.main(ZygoteInit.java:743)
02-20 20:03:55.678  1361  1361 E Hyphenator: Caused by: android.system.ErrnoException: open failed: ENOENT (No such file or directory)
02-20 20:03:55.678  1361  1361 E Hyphenator: 	at libcore.io.Posix.open(Native Method)
02-20 20:03:55.678  1361  1361 E Hyphenator: 	at libcore.io.BlockGuardOs.open(BlockGuardOs.java:187)
02-20 20:03:55.678  1361  1361 E Hyphenator: 	at libcore.io.IoBridge.open(IoBridge.java:441)
02-20 20:03:55.678  1361  1361 E Hyphenator: 	... 6 more
02-20 20:03:55.678  1361  1361 E Hyphenator: error loading hyphenation /system/usr/hyphen-data/hyph-pa.hyb
02-20 20:03:55.678  1361  1361 E Hyphenator: java.io.FileNotFoundException: /system/usr/hyphen-data/hyph-pa.hyb: open failed: ENOENT (No such file or directory)
02-20 20:03:55.678  1361  1361 E Hyphenator: 	at libcore.io.IoBridge.open(IoBridge.java:455)
02-20 20:03:55.678  1361  1361 E Hyphenator: 	at java.io.RandomAccessFile.<init>(RandomAccessFile.java:247)
02-20 20:03:55.678  1361  1361 E Hyphenator: 	at android.text.Hyphenator.loadHyphenator(Hyphenator.java:118)
02-20 20:03:55.678  1361  1361 E Hyphenator: 	at android.text.Hyphenator.init(Hyphenator.java:224)
02-20 20:03:55.678  1361  1361 E Hyphenator: 	at com.android.internal.os.ZygoteInit.preloadTextResources(ZygoteInit.java:252)
02-20 20:03:55.678  1361  1361 E Hyphenator: 	at com.android.internal.os.ZygoteInit.preload(ZygoteInit.java:206)
02-20 20:03:55.678  1361  1361 E Hyphenator: 	at com.android.internal.os.ZygoteInit.main(ZygoteInit.java:743)
02-20 20:03:55.678  1361  1361 E Hyphenator: Caused by: android.system.ErrnoException: open failed: ENOENT (No such file or directory)
02-20 20:03:55.678  1361  1361 E Hyphenator: 	at libcore.io.Posix.open(Native Method)
