02-20 20:04:04.143  1373  1460 D AT      : AT> AT+CRSM=178,28613,1,4,24
02-20 20:04:04.168  1373  1462 D AT      : AT< +CRSM: 144,0,43058441aa890affffffffffffffffffffffffffffffffff
02-20 20:04:04.171  1373  1462 D AT      : AT< OK
02-20 20:04:04.172  1919  2019 D RILJ    : [3728]< SIM_IO IccIoResponse sw1:0x90 sw2:0x0 [SUB0]
02-20 20:04:04.179  1919  1919 D RILJ    : [3730]> iccIO: SIM_IO 0xb0 0x6f16  path: 3F007F20,0,0,2 aid: null [SUB0]
02-20 20:04:04.180  1373  1460 D RIL     : onRequest: SIM_IO
02-20 20:04:04.180  1373  1460 D AT      : AT> AT+CRSM=176,28472,0,0,15
02-20 20:04:04.180  1373  1462 D AT      : AT< +CRSM: 144,0,ff30ffff3c003c03000c0000f03f00
02-20 20:04:04.180  1373  1462 D AT      : AT< OK
02-20 20:04:04.180  1919  2019 D RILJ    : [3729]< SIM_IO IccIoResponse sw1:0x90 sw2:0x0 [SUB0]
02-20 20:04:04.183  1373  1460 D RIL     : onRequest: SIM_IO
02-20 20:04:04.183  1373  1460 D AT      : AT> AT+CRSM=176,28438,0,0,2
02-20 20:04:04.183  1919  1919 E SST     : error parsing GprsRegistrationState: java.lang.NumberFormatException: null
02-20 20:04:04.183  1919  1919 D SST     : handlPollStateResultMessage: GsmSST setDataRegState=0 regState=1 dataRadioTechnology=14
02-20 20:04:04.183  1919  1919 D SST     : EVENT_POLL_STATE_NETWORK_SELECTION_MODE
02-20 20:04:04.190  1919  1919 D SST     : Poll ServiceState done:  oldSS=[0 0 voice home data home Android Android 310260 Android Android 310260  Unknown LTE CSS not supported -1 -1 RoamInd=-1 DefRoamInd=-1 EmergOnly=false IsDataRoamingFromRegistration=false IsUsingCarrierAggregation=false] newSS=[0 0 voice home data home Android Android 310260 Android Android 310260  Unknown LTE CSS not supported -1 -1 RoamInd=-1 DefRoamInd=-1 EmergOnly=false IsDataRoamingFromRegistration=false IsUsingCarrierAggregation=false] oldMaxDataCalls=1 mNewMaxDataCalls=1 oldReasonDataDenied=-1 mNewReasonDataDenied=-1
02-20 20:04:04.190  1919  1919 D RuimRecords: [RuimRecords] NO update mccmnc=310260
02-20 20:04:04.190  1919  1919 D RuimRecords: [RuimRecords] onRecordLoaded 9 requested: true
02-20 20:04:04.190  1919  1919 D IccCardProxy: broadcastIccStateChangedIntent intent ACTION_SIM_STATE_CHANGED value=IMSI reason=null for mPhoneId=0
02-20 20:04:04.190  1373  1462 D AT      : AT< +CRSM: 144,0,0233
02-20 20:04:04.190  1373  1462 D AT      : AT< OK
02-20 20:04:04.191  1919  2019 D RILJ    : [3730]< SIM_IO IccIoResponse sw1:0x90 sw2:0x0 [SUB0]
02-20 20:04:04.192  1919  1932 D SubscriptionController: [getActiveSubInfoList] Sub Controller not ready
02-20 20:04:04.192  1919  1919 D RILJ    : [3731]> iccIO: SIM_IO 0xb0 0x2fe2  path: 3F00,0,0,10 aid: null [SUB0]
02-20 20:04:04.200  1919  1919 D SIMRecords: [SIMRecords] onRecordLoaded 15 requested: true
02-20 20:04:04.205  1373  1460 D RIL     : onRequest: SIM_IO
02-20 20:04:04.205  1373  1460 D AT      : AT> AT+CRSM=176,12258,0,0,10
02-20 20:04:04.207  1373  1462 D AT      : AT< +CRSM: 144,0,98101430121181157002
02-20 20:04:04.207  1373  1462 D AT      : AT< OK
02-20 20:04:04.208  1919  1931 D SubscriptionController: [getPhoneId]- no sims, returning default phoneId=2147483647
02-20 20:04:04.210  1312  1323 D gralloc_ranchu: gralloc_alloc: Creating ashmem region of size 15945728
02-20 20:04:04.212  1919  2019 D RILJ    : [3731]< SIM_IO IccIoResponse sw1:0x90 sw2:0x0 [SUB0]
02-20 20:04:04.214  1919  1919 D RILJ    : [3732]> iccIO: SIM_IO 0xc0 0x6f14  path: 3F007F20,0,0,15 aid: null [SUB0]
02-20 20:04:04.215  1373  1460 D RIL     : onRequest: SIM_IO
02-20 20:04:04.215  1373  1460 D AT      : AT> AT+CRSM=192,28436,0,0,15
02-20 20:04:04.215  1919  1919 D SIMRecords: [SIMRecords] onRecordLoaded 15 requested: true
02-20 20:04:04.215  1373  1462 D AT      : AT< +CRSM: 144,0,000000146f1404001aa0aa01020000
02-20 20:04:04.215  1373  1462 D AT      : AT< OK
02-20 20:04:04.215  1919  2019 D RILJ    : [3732]< SIM_IO IccIoResponse sw1:0x90 sw2:0x0 [SUB0]
02-20 20:04:04.217  1919  1919 D SIMRecords: [SIMRecords] onRecordLoaded 14 requested: true
02-20 20:04:04.217  1919  2067 D SubscriptionController: [getActiveSubInfoList] Sub Controller not ready
02-20 20:04:04.217  1919  1919 E SIMRecords: [SIMRecords] Exception in fetching EF_CSP data com.android.internal.telephony.CommandException: GENERIC_FAILURE
02-20 20:04:04.217  1919  1919 D SIMRecords: [SIMRecords] onRecordLoaded 13 requested: true
02-20 20:04:04.218  1919  1919 E SIMRecords: [SIMRecords] Exception in get GID1 com.android.internal.telephony.CommandException: GENERIC_FAILURE
02-20 20:04:04.218  1919  1919 D SIMRecords: [SIMRecords] onRecordLoaded 12 requested: true
02-20 20:04:04.218  1919  1919 E SIMRecords: [SIMRecords] Exception in get GID2 com.android.internal.telephony.CommandException: GENERIC_FAILURE
02-20 20:04:04.218  1919  1919 D SIMRecords: [SIMRecords] onRecordLoaded 11 requested: true
02-20 20:04:04.219  1919  1919 D RuimRecords: [RuimRecords] EF_PL LOADED
02-20 20:04:04.219  1919  1919 E RuimRecords: [RuimRecords] Record Load Exception: com.android.internal.telephony.CommandException: GENERIC_FAILURE
02-20 20:04:04.219  1919  1919 D RuimRecords: [RuimRecords] onRecordLoaded 8 requested: true
02-20 20:04:04.219  1919  1919 D RuimRecords: [RuimRecords] EF_CSIM_LI LOADED
02-20 20:04:04.219  1919  1919 E RuimRecords: [RuimRecords] Record Load Exception: com.android.internal.telephony.CommandException: GENERIC_FAILURE
02-20 20:04:04.219  1919  1919 D RuimRecords: [RuimRecords] onRecordLoaded 7 requested: true
02-20 20:04:04.219  1919  1919 D RuimRecords: [RuimRecords] EF_CSIM_SPN LOADED
02-20 20:04:04.219  1919  1919 E RuimRecords: [RuimRecords] Record Load Exception: com.android.internal.telephony.CommandException: GENERIC_FAILURE
02-20 20:04:04.219  1919  1919 D RuimRecords: [RuimRecords] onRecordLoaded 6 requested: true
02-20 20:04:04.219  1919  1919 D RuimRecords: [RuimRecords] EF_CSIM_MDN LOADED
02-20 20:04:04.219  1919  1919 E RuimRecords: [RuimRecords] Record Load Exception: com.android.internal.telephony.CommandException: GENERIC_FAILURE
02-20 20:04:04.219  1919  1919 D RuimRecords: [RuimRecords] onRecordLoaded 5 requested: true
02-20 20:04:04.219  1919  1919 D RuimRecords: [RuimRecords] EF_CSIM_IMSIM LOADED
02-20 20:04:04.219  1919  1919 E RuimRecords: [RuimRecords] Record Load Exception: com.android.internal.telephony.CommandException: GENERIC_FAILURE
02-20 20:04:04.219  1919  1919 D RuimRecords: [RuimRecords] onRecordLoaded 4 requested: true
02-20 20:04:04.219  1919  1919 D RuimRecords: [RuimRecords] EF_CSIM_CDMAHOME LOADED
02-20 20:04:04.219  1919  1919 E RuimRecords: [RuimRecords] Record Load Exception: com.android.internal.telephony.CommandException: GENERIC_FAILURE
02-20 20:04:04.219  1919  1919 D RuimRecords: [RuimRecords] onRecordLoaded 3 requested: true
02-20 20:04:04.219  1919  1919 D RuimRecords: [RuimRecords] EF_CSIM_EPRL LOADED
02-20 20:04:04.219  1919  1919 E RuimRecords: [RuimRecords] Record Load Exception: com.android.internal.telephony.CommandException: GENERIC_FAILURE
02-20 20:04:04.219  1919  1919 D RuimRecords: [RuimRecords] onRecordLoaded 2 requested: true
02-20 20:04:04.219  1919  1919 D RuimRecords: [RuimRecords] EF_CSIM_MIPUPP LOADED
02-20 20:04:04.219  1919  1919 E RuimRecords: [RuimRecords] Record Load Exception: com.android.internal.telephony.CommandException: GENERIC_FAILURE
02-20 20:04:04.219  1919  1919 D RuimRecords: [RuimRecords] onRecordLoaded 1 requested: true
02-20 20:04:04.219  1919  1919 D SIMRecords: [SIMRecords] iccid: 89014103211118510720
02-20 20:04:04.219  1919  1919 D SIMRecords: [SIMRecords] onRecordLoaded 10 requested: true
02-20 20:04:04.223  1919  2092 D SubscriptionController: [getPhoneId]- no sims, returning default phoneId=2147483647
02-20 20:04:04.223  1919  1919 D SIMRecords: [SIMRecords] EF_MBI: 01000000
02-20 20:04:04.223  1919  1919 D SIMRecords: [SIMRecords] Got valid mailbox number for MBDN
02-20 20:04:04.223  1919  1919 D RILJ    : [3733]> iccIO: SIM_IO 0xc0 0x6fc7  path: 3F007F20,0,0,15 aid: null [SUB0]
02-20 20:04:04.223  1373  1460 D RIL     : onRequest: SIM_IO
02-20 20:04:04.223  1373  1460 D AT      : AT> AT+CRSM=192,28615,0,0,15
02-20 20:04:04.223  1919  1919 D SIMRecords: [SIMRecords] onRecordLoaded 10 requested: true
02-20 20:04:04.223  1373  1462 D AT      : AT< +CRSM: 144,0,000000406fc7040011a0aa01020120
02-20 20:04:04.223  1373  1462 D AT      : AT< OK
02-20 20:04:04.224  1919  2019 D RILJ    : [3733]< SIM_IO IccIoResponse sw1:0x90 sw2:0x0 [SUB0]
02-20 20:04:04.224  1919  1919 D SIMRecords: [SIMRecords] EF_AD: 00000003
02-20 20:04:04.224  1919  1919 D SIMRecords: [SIMRecords] setting4 mMncLength=3
02-20 20:04:04.224  1919  1919 D SIMRecords: [SIMRecords] update mccmnc=310260
02-20 20:04:04.224  1919  1919 D MccTable: updateMccMncConfiguration mccmnc='310260' fromServiceState=false
02-20 20:04:04.224  1919  1919 D SubscriptionController: [getPhoneId]- no sims, returning default phoneId=2147483647
02-20 20:04:04.224  1919  1919 D MccTable: updateMccMncConfiguration defaultMccMnc=
02-20 20:04:04.224  1919  1919 D MccTable: updateMccMncConfiguration: mcc=310, mnc=260
02-20 20:04:04.224  1919  1919 D MccTable: updateMccMncConfiguration updateConfig config={1.0 310mcc260mnc ?localeList ?layoutDir ?swdp ?wdp ?hdp ?density ?lsize ?long ?orien ?uimode ?night ?touch ?keyb/?/? ?nav/?}
02-20 20:04:04.284  1678  1933 I configuration_changed: 3
02-20 20:04:04.284  1678  1933 I ActivityManager: Config changes=3 {1.0 310mcc260mnc [en_US] ldltr sw360dp w360dp h668dp 640dpi nrml long port finger -keyb/v/h -nav/h s.5}
02-20 20:04:04.361  1678  1933 I am_relaunch_resume_activity: [0,35177038,1,com.android.settings/.FallbackHome]
02-20 20:04:04.362  1936  1936 I am_on_paused_called: [0,com.android.settings.FallbackHome,handleRelaunchActivity]
02-20 20:04:04.377  1936  1988 D EGL_emulation: eglMakeCurrent: 0x780ab6974d40: ver 3 0 (tinfo 0x780ac0fedd40)
02-20 20:04:04.378  1936  1936 I am_on_stop_called: [0,com.android.settings.FallbackHome,destroy]
02-20 20:04:04.391  1919  1919 D SIMRecords: [SIMRecords] onRecordLoaded 9 requested: true
02-20 20:04:04.391  1919  1919 D SIMRecords: [SIMRecords] EF_MWIS : 0000000000
02-20 20:04:04.391  1919  1919 D SIMRecords: [SIMRecords] onRecordLoaded 8 requested: true
02-20 20:04:04.391  1919  1919 D SIMRecords: [SIMRecords] EF_CPHS_MWI: 55
02-20 20:04:04.391  1919  1919 D SIMRecords: [SIMRecords] onRecordLoaded 7 requested: true
02-20 20:04:04.391  1919  1919 D RILJ    : [3734]> iccIO: SIM_IO 0xb0 0x6f14  path: 3F007F20,0,0,20 aid: null [SUB0]
02-20 20:04:04.416  1919  1919 D SubscriptionInfoUpdater: [Receiver]+
02-20 20:04:04.416  1919  1919 D SubscriptionInfoUpdater: Action: android.intent.action.SIM_STATE_CHANGED
02-20 20:04:04.416  1919  1919 D SubscriptionInfoUpdater: slotId: 0
02-20 20:04:04.416  1919  1919 D SubscriptionInfoUpdater: simStatus: IMSI
02-20 20:04:04.416  1919  1919 D SubscriptionInfoUpdater: Ignoring simStatus: IMSI
02-20 20:04:04.416  1919  1919 D SubscriptionInfoUpdater: [Receiver]-
02-20 20:04:04.416  1919  1919 D SIMRecords: [SIMRecords] EF_CFF_CPHS: 55
02-20 20:04:04.416  1919  1919 D SIMRecords: [SIMRecords] onRecordLoaded 6 requested: true
02-20 20:04:04.416  1919  1919 D SIMRecords: [SIMRecords] onRecordLoaded 5 requested: true
02-20 20:04:04.417  1919  2092 D DCT     : [0]hasMatchedTetherApnSetting: APN=null
02-20 20:04:04.424  1373  1460 D RIL     : onRequest: SIM_IO
02-20 20:04:04.424  1373  1460 D AT      : AT> AT+CRSM=176,28436,0,0,20
02-20 20:04:04.425  1373  1462 D AT      : AT< +CRSM: 144,0,416e64726f6964ffffffffffffffffffffffffff
02-20 20:04:04.425  1373  1462 D AT      : AT< OK
02-20 20:04:04.426  1919  2019 D RILJ    : [3734]< SIM_IO IccIoResponse sw1:0x90 sw2:0x0 [SUB0]
02-20 20:04:04.434  1772  1772 I Choreographer: Skipped 42 frames!  The application may be doing too much work on its main thread.
02-20 20:04:04.446  1919  1919 D SIMRecords: [SIMRecords] SST: UsimServiceTable[120]={ PHONEBOOK, FDN, FDN_EXTENSION, SDN, SDN_EXTENSION, BDN, BDN_EXTENSION, OUTGOING_CALL_INFO, ADVICE_OF_CHARGE, CAP_CONFIG_PARAMS_2, GROUP_ID_LEVEL_1, GROUP_ID_LEVEL_2, SPN, USER_PLMN_SELECT, MSISDN, IMAGE, LOCALISED_SERVICE_AREAS, EMLPP, EMLPP_AUTO_ANSWER, RFU, GSM_ACCESS, DATA_DL_VIA_SMS_PP, DATA_DL_VIA_SMS_CB, CALL_CONTROL_BY_USIM, MO_SMS_CONTROL_BY_USIM, RUN_AT_COMMAND, APN_CONTROL_LIST, DEPERSONALISATION_CONTROL_KEYS, COOPERATIVE_NETWORK_LIST, GSM_SECURITY_CONTEXT, SERVICE_PROVIDER_DISPLAY_INFO, MMS_NOTIFICATION, MMS_NOTIFICATION_EXTENSION, GPRS_CALL_CONTROL_BY_USIM, VGCS_GROUP_ID_LIST, VBS_GROUP_ID_LIST, OMA_BCAST_PROFILE, GBA_LOCAL_KEY_ESTABLISHMENT, #101, #102, #103, #104, #105, #106, #107, #108, #109, #110 }
02-20 20:04:04.446  1919  1919 D SIMRecords: [SIMRecords] onRecordLoaded 4 requested: true
02-20 20:04:04.446  1936  1936 I am_on_resume_called: [0,com.android.settings.FallbackHome,handleRelaunchActivity]
02-20 20:04:04.446  1919  1919 D SIMRecords: [SIMRecords] iCPHS: 0233
02-20 20:04:04.446  1919  1919 D SIMRecords: [SIMRecords] onRecordLoaded 3 requested: true
02-20 20:04:04.446  1919  1919 D SIMRecords: [SIMRecords] MSISDN: [t-WgLegCyIMgfHgPkOdM6pkZbpA]
02-20 20:04:04.446  1919  1919 D SIMRecords: [SIMRecords] onRecordLoaded 2 requested: true
02-20 20:04:04.446  1919  1919 D RILJ    : [3735]> iccIO: SIM_IO 0xb2 0x6fc7  path: 3F007F20,1,4,32 aid: null [SUB0]
02-20 20:04:04.447  1772  1772 D ViewRootImpl[StatusBar]: changeCanvasOpacity: opaque=true
02-20 20:04:04.453  1373  1460 D RIL     : onRequest: SIM_IO
02-20 20:04:04.453  1373  1460 D AT      : AT> AT+CRSM=178,28615,1,4,32
02-20 20:04:04.453  1373  1462 D AT      : AT< +CRSM: 144,0,566f6963656d61696cffffffffffffffffff07915155125740f9ffffffffffff
02-20 20:04:04.453  1373  1462 D AT      : AT< OK
02-20 20:04:04.453  1919  2019 D RILJ    : [3735]< SIM_IO IccIoResponse sw1:0x90 sw2:0x0 [SUB0]
02-20 20:04:04.455  1919  1919 D RuimRecords: [RuimRecords] iccid: 89014103211118510720
02-20 20:04:04.455  1919  1919 D RuimRecords: [RuimRecords] onRecordLoaded 0 requested: true
02-20 20:04:04.455  1919  1919 D RuimRecords: [RuimRecords] record load complete
02-20 20:04:04.456  1919  1919 D SIMRecords: [SIMRecords] getServiceProviderName: no brandOverride, providerName=Android
02-20 20:04:04.456  1919  1919 D SIMRecords: [SIMRecords] Load EF_SPN_CPHS: Android
02-20 20:04:04.456  1919  1919 D TelephonyManager: setTelephonyProperty: success phoneId=0 property=gsm.sim.operator.alpha value: Android propVal=Android
02-20 20:04:04.457  1919  1919 D SIMRecords: [SIMRecords] onRecordLoaded 1 requested: true
02-20 20:04:04.457  1919  1919 D SIMRecords: [SIMRecords] VM: ADN Record 'Voicemail' '[-MWU1cAlDrkXUZ8dpHi_wU_YOpU] null' EF[MBDN]
02-20 20:04:04.457  1919  1919 D SIMRecords: [SIMRecords] onRecordLoaded 0 requested: true
02-20 20:04:04.457  1919  1919 D SIMRecords: [SIMRecords] record load complete
02-20 20:04:04.457  1919  1919 D SIMRecords: [SIMRecords] Not using EF LI/EF PL
02-20 20:04:04.457  1919  1919 D SIMRecords: [SIMRecords] EF_CFF: callForwardingEnabled=0
02-20 20:04:04.457  1919  1919 D SIMRecords: [SIMRecords] onAllRecordsLoaded set 'gsm.sim.operator.numeric' to operator='310260'
02-20 20:04:04.457  1919  1919 D SIMRecords: [SIMRecords] update icc_operator_numeric=310260
02-20 20:04:04.457  1919  1919 D TelephonyManager: setTelephonyProperty: success phoneId=0 property=gsm.sim.operator.numeric value: 310260 propVal=310260
02-20 20:04:04.461  1919  1919 D SubscriptionController: [setMccMnc]+ mcc/mnc:310/260 subId:-1
02-20 20:04:04.473  1919  1919 D SubscriptionController: notifySubscriptionInfoChanged:
02-20 20:04:04.474  1678  1690 I force_gc: Binder
02-20 20:04:04.475  1919  1919 D SIMRecords: [SIMRecords] onAllRecordsLoaded set mcc imsi
02-20 20:04:04.475  1919  1919 D TelephonyManager: setTelephonyProperty: success phoneId=0 property=gsm.sim.operator.iso-country value: us propVal=us
02-20 20:04:04.496  1678  1678 I GnssLocationProvider: WakeLock acquired by sendMessage(12, 0, null)
02-20 20:04:04.506  1919  1931 D SubscriptionController: [getActiveSubInfoList] Sub Controller not ready
02-20 20:04:04.515  1919  1919 D SST     : SubscriptionListener.onSubscriptionInfoChanged
02-20 20:04:04.515  1919  1919 D SIMRecords: [SIMRecords]  VoiceMessageCount from SIM MWIS = 0
02-20 20:04:04.515  1919  1919 E Phone   : getStoredVoiceMessageCount: invalid subId -2
02-20 20:04:04.515  1919  1919 D GsmCdmaPhone: [GsmCdmaPhone] updateVoiceMail countVoiceMessages = 0 subId -2
02-20 20:04:04.515  1919  1919 E Phone   : setVoiceMessageCount in sharedPreference: invalid subId -2
02-20 20:04:04.515  1919  1919 D DCT     : [0]SubscriptionListener.onSubscriptionInfoChanged
02-20 20:04:04.516  1919  1919 D SubscriptionController: [getActiveSubInfoList] Sub Controller not ready
02-20 20:04:04.516  1919  1919 D SubscriptionController: [getActiveSubInfoList] Sub Controller not ready
02-20 20:04:04.516  1919  1919 I Telephony: PstnIncomingCallNotifier: Unregistering: Handler (com.android.internal.telephony.GsmCdmaPhone) {25c7159}
02-20 20:04:04.516  1919  1919 E PhoneInterfaceManager: [PhoneIntfMgr] getIccId: No UICC
02-20 20:04:04.523  1678  1690 I Telecom : PhoneAccountRegistrar: [ComponentInfo{com.android.phone/com.android.services.telephony.TelephonyConnectionService}, [e0184adedf913b076626646d3f52c3b49c39ad6d], UserHandle{0}(addr: tel:*********** -> tel:)(icon: Icon(typ=BITMAP size=76x96) -> Icon(typ=BITMAP size=76x96))(subAddr: tel:*********** -> tel:)]: TSI.rPA@AAo
02-20 20:04:04.528  1919  1932 D SubscriptionController: [getPhoneId]- no sims, returning default phoneId=2147483647
02-20 20:04:04.530  1678  1693 I GnssLocationProvider: WakeLock released by handleMessage(12, 0, null)
02-20 20:04:04.554  1919  2067 D SubscriptionController: [getActiveSubInfoList] Sub Controller not ready
02-20 20:04:04.555  1678  1690 I Telecom : : Sending phone-account registered intent as user: TSI.rPA@AAo
02-20 20:04:04.555  1919  1919 I Telephony: AccountEntry: Registered phoneAccount: [[ ] PhoneAccount: ComponentInfo{com.android.phone/com.android.services.telephony.TelephonyConnectionService}, [e0184adedf913b076626646d3f52c3b49c39ad6d], UserHandle{0} Capabilities: CallProvider MultiUser PlaceEmerg SimSub  Schemes: tel voicemail  Extras: null GroupId: [da39a3ee5e6b4b0d3255bfef95601890afd80709]] with handle: ComponentInfo{com.android.phone/com.android.services.telephony.TelephonyConnectionService}, [e0184adedf913b076626646d3f52c3b49c39ad6d], UserHandle{0}
02-20 20:04:04.555  1919  1919 I Telephony: PstnIncomingCallNotifier: Registering: Handler (com.android.internal.telephony.GsmCdmaPhone) {25c7159}
02-20 20:04:04.580  1919  1919 D CAT     : CatService: handleMessage[20]
02-20 20:04:04.580  1919  1919 D GsmCdmaPhone: [GsmCdmaPhone] updateCurrentCarrierInProvider: mSubId = -2 currentDds = 1 operatorNumeric = 310260
02-20 20:04:04.580  1919  1919 D IccCardProxy: operator=310260 mPhoneId=0
02-20 20:04:04.580  1919  1919 D TelephonyManager: setTelephonyProperty: success phoneId=0 property=gsm.sim.operator.numeric value: 310260 propVal=310260
02-20 20:04:04.580  1919  1919 D TelephonyManager: setTelephonyProperty: success phoneId=0 property=gsm.sim.operator.iso-country value: us propVal=us
02-20 20:04:04.588  1919  1919 D IccCardProxy: Sending intent ACTION_INTERNAL_SIM_STATE_CHANGED for mPhoneId : 0
02-20 20:04:04.594  1919  1919 D SST     : EVENT_SIM_RECORDS_LOADED: what=16
02-20 20:04:04.594  1919  1919 D GsmCdmaPhone: [GsmCdmaPhone] updatePhoneObject: radioTechnology=0
02-20 20:04:04.594  1919  1919 D SST     : getOtasp: otasp not needed for GSM
02-20 20:04:04.594  1919  1919 D SST     : updateOtaspState: call notifyOtaspChanged old otaspMode=0 new otaspMode=3
02-20 20:04:04.594  1919  1919 D SIMRecords: [SIMRecords] getServiceProviderName: no brandOverride, providerName=Android
02-20 20:04:04.594  1919  1919 D SIMRecords: [SIMRecords] getServiceProviderName: no brandOverride, providerName=Android
02-20 20:04:04.595  1919  1919 D SST     : updateSpnDisplay: changed sending intent rule=1 showPlmn='false' plmn='Android' showSpn='true' spn='Android' dataSpn='Android' subId='-2'
02-20 20:04:04.597  1919  1919 D SubscriptionController: [setPlmnSpn] No valid subscription to store info
02-20 20:04:04.597  1919  1919 D SubscriptionController: notifySubscriptionInfoChanged:
02-20 20:04:04.599  1678  1678 I GnssLocationProvider: WakeLock acquired by sendMessage(12, 0, null)
02-20 20:04:04.600  1919  2092 D SubscriptionController: [getActiveSubInfoList] Sub Controller not ready
02-20 20:04:04.600  1678  1688 I art     : Background partial concurrent mark sweep GC freed 30878(2MB) AllocSpace objects, 12(900KB) LOS objects, 21% free, 14MB/18MB, paused 14.628ms total 115.033ms
02-20 20:04:04.601  1919  2067 D SubscriptionController: [getPhoneId]- no sims, returning default phoneId=2147483647
02-20 20:04:04.607  1919  1919 E PhoneInterfaceManager: [PhoneIntfMgr] getIccId: No UICC
02-20 20:04:04.611  1919  1931 D SubscriptionController: [getActiveSubInfoList] Sub Controller not ready
02-20 20:04:04.612  1678  1933 I Telecom : PhoneAccountRegistrar: [ComponentInfo{com.android.phone/com.android.services.telephony.TelephonyConnectionService}, [e0184adedf913b076626646d3f52c3b49c39ad6d], UserHandle{0}(icon: Icon(typ=BITMAP size=76x96) -> Icon(typ=BITMAP size=76x96))]: TSI.rPA@AA0
02-20 20:04:04.614  1678  1933 I Telecom : : Sending phone-account registered intent as user: TSI.rPA@AA0
02-20 20:04:04.614  1919  1919 D SubscriptionInfoUpdater: [Receiver]+
02-20 20:04:04.614  1919  1919 D SubscriptionInfoUpdater: Action: android.intent.action.internal_sim_state_changed
02-20 20:04:04.614  1919  1919 D SubscriptionInfoUpdater: slotId: 0
02-20 20:04:04.614  1919  1919 D SubscriptionInfoUpdater: simStatus: LOADED
02-20 20:04:04.614  1919  1919 D SubscriptionInfoUpdater: [Receiver]-
02-20 20:04:04.614  1919  1919 D GsmCdmaPhone: [GsmCdmaPhone] phoneObjectUpdater: newVoiceRadioTech=0
02-20 20:04:04.614  1919  1919 D GsmCdmaPhone: [GsmCdmaPhone] phoneObjectUpdater: volteReplacementRat=0
02-20 20:04:04.614  1919  1919 E GsmCdmaPhone: [GsmCdmaPhone] phoneObjectUpdater: newVoiceRadioTech=0 doesn't match either CDMA or GSM - error! No phone change
02-20 20:04:04.614  1919  1919 D SST     : SubscriptionListener.onSubscriptionInfoChanged
02-20 20:04:04.614  1919  1919 D DCT     : [0]SubscriptionListener.onSubscriptionInfoChanged
02-20 20:04:04.614  1919  1919 D SubscriptionController: [getActiveSubInfoList] Sub Controller not ready
02-20 20:04:04.615  1919  1919 D SubscriptionController: [getActiveSubInfoList] Sub Controller not ready
02-20 20:04:04.615  1919  1919 I Telephony: PstnIncomingCallNotifier: Unregistering: Handler (com.android.internal.telephony.GsmCdmaPhone) {25c7159}
02-20 20:04:04.615  1919  1919 E PhoneInterfaceManager: [PhoneIntfMgr] getIccId: No UICC
02-20 20:04:04.616  1772  2095 E ActivityThread: Failed to find provider info for com.android.contacts
02-20 20:04:04.616  1678  1790 I Telecom : PhoneAccountRegistrar: [ComponentInfo{com.android.phone/com.android.services.telephony.TelephonyConnectionService}, [e0184adedf913b076626646d3f52c3b49c39ad6d], UserHandle{0}(icon: Icon(typ=BITMAP size=76x96) -> Icon(typ=BITMAP size=76x96))]: TSI.rPA@AA4
02-20 20:04:04.619  1678  1790 I Telecom : : Sending phone-account registered intent as user: TSI.rPA@AA4
02-20 20:04:04.620  1919  1919 I Telephony: AccountEntry: Registered phoneAccount: [[ ] PhoneAccount: ComponentInfo{com.android.phone/com.android.services.telephony.TelephonyConnectionService}, [e0184adedf913b076626646d3f52c3b49c39ad6d], UserHandle{0} Capabilities: CallProvider MultiUser PlaceEmerg SimSub  Schemes: tel voicemail  Extras: null GroupId: [da39a3ee5e6b4b0d3255bfef95601890afd80709]] with handle: ComponentInfo{com.android.phone/com.android.services.telephony.TelephonyConnectionService}, [e0184adedf913b076626646d3f52c3b49c39ad6d], UserHandle{0}
02-20 20:04:04.620  1919  1919 I Telephony: PstnIncomingCallNotifier: Registering: Handler (com.android.internal.telephony.GsmCdmaPhone) {25c7159}
02-20 20:04:04.622  1919  1919 D SubscriptionInfoUpdater: handleSimStateLoadedInternal: slotId: 0
02-20 20:04:04.622  1919  1919 D SubscriptionInfoUpdater: All IccIds query complete
02-20 20:04:04.622  1919  1919 D SubscriptionInfoUpdater: updateSubscriptionInfoByIccId:+ Start
02-20 20:04:04.622  1919  1919 D SubscriptionController: [clearSubInfo]- no simInfo size=0
02-20 20:04:04.622  1919  1919 D SubscriptionInfoUpdater: insertedSimCount = 1
02-20 20:04:04.622  1919  1919 D SubscriptionController: [getSubInfoUsingSlotIdWithCheck]+ slotId:0
02-20 20:04:04.624  1919  1919 D SubscriptionController: [getPhoneId]- no sims, returning default phoneId=2147483647
02-20 20:04:04.624  1919  1919 D SubscriptionController: [getPhoneId]- no sims, returning default phoneId=2147483647
02-20 20:04:04.625  1919  1919 D SubscriptionController: [getPhoneId]- no sims, returning default phoneId=2147483647
02-20 20:04:04.625  1919  1919 D SubscriptionController: [getSubInfoUsingSlotId]- null info return
02-20 20:04:04.625  1919  1919 D SubscriptionInfoUpdater: updateSubscriptionInfoByIccId: oldSubId = 1
02-20 20:04:04.625  1919  1919 D SubscriptionInfoUpdater: updateSubscriptionInfoByIccId: oldIccId[0] = 89014103211118510720, sIccId[0] = 89014103211118510720
02-20 20:04:04.625  1919  1919 D SubscriptionController: [addSubInfoRecord]+ iccId:89014103211118510720 slotId:0
02-20 20:04:04.627  1919  1919 D SubscriptionController: [getActiveSubInfoList] Sub Controller not ready
02-20 20:04:04.628  1919  1919 D SubscriptionController: [addSubInfoRecord] Record already exists
02-20 20:04:04.629  1919  1919 D SubscriptionController: [addSubInfoRecord] sSlotIdxToSubId.size=1 slotId=0 subId=1 defaultSubId=1 simCount=1
02-20 20:04:04.629  1919  1919 D SubscriptionController: [setDefaultFallbackSubId] subId=1
02-20 20:04:04.630  1919  1919 D SubscriptionController: [setDefaultFallbackSubId] set mDefaultFallbackSubId=1
02-20 20:04:04.630  1919  1919 D MccTable: updateMccMncConfiguration mccmnc='310260' fromServiceState=false
02-20 20:04:04.630  1919  1919 D MccTable: updateMccMncConfiguration defaultMccMnc=310260
02-20 20:04:04.630  1919  1919 D MccTable: updateMccMncConfiguration: mcc=310, mnc=260
02-20 20:04:04.630  1919  1919 D MccTable: updateMccMncConfiguration updateConfig config={1.0 310mcc260mnc ?localeList ?layoutDir ?swdp ?wdp ?hdp ?density ?lsize ?long ?orien ?uimode ?night ?touch ?keyb/?/? ?nav/?}
02-20 20:04:04.637  1678  1693 I GnssLocationProvider: WakeLock released by handleMessage(12, 0, null)
02-20 20:04:04.641  2072  2072 I GAv4    : Google Analytics 9.2.56 is starting up. To enable debug logging on a device run:
02-20 20:04:04.641  2072  2072 I GAv4    :   adb shell setprop log.tag.GAv4 DEBUG
02-20 20:04:04.641  2072  2072 I GAv4    :   adb logcat -s GAv4
02-20 20:04:04.657  1678  1695 W art     : Long monitor contention with owner Binder:1678_1 (1689) at int com.android.server.wm.WindowManagerService.relayoutWindow(com.android.server.wm.Session, android.view.IWindow, int, android.view.WindowManager$LayoutParams, int, int, int, int, android.graphics.Rect, android.graphics.Rect, android.graphics.Rect, android.graphics.Rect, android.graphics.Rect, android.graphics.Rect, android.graphics.Rect, android.content.res.Configuration, android.view.Surface)(WindowManagerService.java:2857) waiters=2 in void com.android.server.wm.WindowManagerService.finishDrawingWindow(com.android.server.wm.Session, android.view.IWindow) for 109ms
02-20 20:04:04.657  1678  1695 I dvm_lock_sample: [system_server,1,android.ui,109,WindowManagerService.java,3255,-,2857,21]
02-20 20:04:04.659  1678  1695 V KeyguardServiceDelegate: *** Keyguard connected (yay!)
02-20 20:04:04.661  1919  1919 D SubscriptionController: [setDefaultFallbackSubId] broadcast default subId changed phoneId=0 subId=1
02-20 20:04:04.666  1919  1919 D SubscriptionController: [addSubInfoRecord] one sim set defaults to subId=1
02-20 20:04:04.666  1919  1919 D SubscriptionController: [setDefaultDataSubId] num phones=1, subId=1
02-20 20:04:04.667  1919  1919 D SubscriptionController: [setDefaultDataSubId] phoneId=0 subId=1 RAF=1
02-20 20:04:04.667  1919  1919 D ProxyController: setRadioCapability: Already in requested configuration, nothing to do.
02-20 20:04:04.667  1919  1919 D SubscriptionController: [updateAllDataConnectionTrackers] sPhones.length=1
02-20 20:04:04.667  1919  1919 D SubscriptionController: [updateAllDataConnectionTrackers] phoneId=0
02-20 20:04:04.667  1919  1919 D DCT     : [0]update sub = 1
02-20 20:04:04.667  1919  1919 D DCT     : [0]update(): Active DDS, register for all events now!
02-20 20:04:04.667  1919  1919 D DCT     : [0]New records found.
02-20 20:04:04.667  1919  1919 D SST     : mDeviceShuttingDown=false, mDesiredPowerState=true, getRadioState=RADIO_ON, mPowerOffDelayNeed=true, mAlarmSwitch=false, mRadioDisabledByCarrier=false
02-20 20:04:04.669  1919  1919 D GsmCdmaPhone: [GsmCdmaPhone] updateCurrentCarrierInProvider: mSubId = 1 currentDds = 1 operatorNumeric = 310260
02-20 20:04:04.672  1919  2094 D RILJ    : [3736]> RIL_REQUEST_GET_CELL_INFO_LIST [SUB0]
02-20 20:04:04.673  1373  1460 D RIL     : onRequest: GET_CELL_INFO_LIST
02-20 20:04:04.673  1373  1460 D RILC    : responseCellInfoList: v12
02-20 20:04:04.682  1919  2019 D RILJ    : [3736]< RIL_REQUEST_GET_CELL_INFO_LIST [CellInfoGsm:{mRegistered=YES mTimeStampType=modem mTimeStamp=15513259150ns CellIdentityGsm:{ mMcc=310 mMnc=260 mLac=3 mCid=91 mArfcn=10 mBsic=0x0} CellSignalStrengthGsm: ss=-983567944 ber=31516 mTa=-977249156}] [SUB0]
02-20 20:04:04.709  1312  1324 I SurfaceFlinger: Boot is finished (13276 ms)
02-20 20:04:04.711  1312  1324 I sf_stop_bootanim: 15551
02-20 20:04:04.713  1919  1919 D SubscriptionController: [broadcastDefaultDataSubIdChanged] subId=1
02-20 20:04:04.714  1919  1919 D SubscriptionController: [setDefaultSmsSubId] subId=1
02-20 20:04:04.715  1919  1919 D SubscriptionController: [broadcastDefaultSmsSubIdChanged] subId=1
02-20 20:04:04.716  1919  1919 D SubscriptionController: [setDefaultVoiceSubId] subId=1
02-20 20:04:04.717  1919  1919 D SubscriptionController: [broadcastDefaultVoiceSubIdChanged] subId=1
02-20 20:04:04.730  1919  1919 D SubscriptionController: [addSubInfoRecord] hashmap(0,1)
02-20 20:04:04.742  1919  1919 D SubscriptionController: [addSubInfoRecord] sim name = Android
02-20 20:04:04.743  1919  1919 D DCT     : [0]update sub = 1
02-20 20:04:04.743  1919  1919 D DCT     : [0]update(): Active DDS, register for all events now!
02-20 20:04:04.743  1919  1919 D GsmCdmaPhone: [GsmCdmaPhone] updateCurrentCarrierInProvider: mSubId = 1 currentDds = 1 operatorNumeric = 310260
02-20 20:04:04.764  2072  2109 W GAv4    : AnalyticsReceiver is not registered or is disabled. Register the receiver for reliable dispatching on non-Google Play devices. See http://goo.gl/8Rd3yj for instructions.
02-20 20:04:04.774  1919  1919 D SubscriptionController: [addSubInfoRecord]- info size=1
02-20 20:04:04.774  1919  1919 D SubscriptionInfoUpdater: newSim = false
02-20 20:04:04.774  1919  1919 D SubscriptionInfoUpdater: updateSubscriptionInfoByIccId: sInsertSimState[0] = 0
02-20 20:04:04.778  2072  2109 W GAv4    : CampaignTrackingReceiver is not registered, not exported or is disabled. Installation campaign tracking is not possible. See http://goo.gl/8Rd3yj for instructions.
02-20 20:04:04.779  1919  1919 D SubscriptionInfoUpdater: updateSubscriptionInfoByIccId: nSubCount = 1
02-20 20:04:04.780  1919  1919 D SubscriptionController: [setDefaultDataSubId] num phones=1, subId=1
02-20 20:04:04.780  1919  1919 D SubscriptionController: [setDefaultDataSubId] phoneId=0 subId=1 RAF=1
02-20 20:04:04.781  1919  1919 D ProxyController: setRadioCapability: Already in requested configuration, nothing to do.
02-20 20:04:04.781  1919  1919 D SubscriptionController: [updateAllDataConnectionTrackers] sPhones.length=1
02-20 20:04:04.781  1919  1919 D SubscriptionController: [updateAllDataConnectionTrackers] phoneId=0
02-20 20:04:04.782  1919  1919 D DCT     : [0]update sub = 1
02-20 20:04:04.782  1919  1919 D DCT     : [0]update(): Active DDS, register for all events now!
02-20 20:04:04.782  1919  1919 D GsmCdmaPhone: [GsmCdmaPhone] updateCurrentCarrierInProvider: mSubId = 1 currentDds = 1 operatorNumeric = 310260
02-20 20:04:04.794  1919  1919 D SubscriptionController: [broadcastDefaultDataSubIdChanged] subId=1
02-20 20:04:04.796  1919  1919 D SubscriptionController: notifySubscriptionInfoChanged:
02-20 20:04:04.796  1678  1678 I GnssLocationProvider: WakeLock acquired by sendMessage(12, 0, null)
02-20 20:04:04.796  1919  1932 D SubscriptionMonitor: Phone[0] subId changed -2->1, 1 registrants
02-20 20:04:04.796  2072  2109 W GAv4    : AnalyticsService not registered in the app manifest. Hits might not be delivered reliably. See http://goo.gl/8Rd3yj for instructions.
02-20 20:04:04.797  1919  1932 D SubscriptionMonitor: mDefaultDataSubId = 1, 1 registrants
02-20 20:04:04.798  1919  1919 D SubscriptionInfoUpdater: updateSubscriptionInfoByIccId:- SsubscriptionInfo update complete
02-20 20:04:04.798  1919  1919 D MccTable: updateMccMncConfiguration mccmnc='310260' fromServiceState=false
02-20 20:04:04.799  1919  1919 D MccTable: updateMccMncConfiguration defaultMccMnc=310260
02-20 20:04:04.799  1919  1919 D MccTable: updateMccMncConfiguration: mcc=310, mnc=260
02-20 20:04:04.799  1919  1919 D MccTable: updateMccMncConfiguration updateConfig config={1.0 310mcc260mnc ?localeList ?layoutDir ?swdp ?wdp ?hdp ?density ?lsize ?long ?orien ?uimode ?night ?touch ?keyb/?/? ?nav/?}
02-20 20:04:03.654     0     0 I init    : Service 'bootanim' (pid 1335) exited with status 0
02-20 20:04:03.656     0     0 I init    : Starting service 'exec 6 (/system/bin/bootstat)'...
02-20 20:04:04.838  2112  2112 I bootstat: Service started: /system/bin/bootstat --record_boot_complete 
02-20 20:04:04.842  1678  1693 W GnssLocationProvider: Could not open GPS configuration file /etc/gps.conf
02-20 20:04:04.842  1678  1693 E GnssLocationProvider: no AGPS interface in set_agps_server
02-20 20:04:04.844  2112  2112 I bootstat: Logging histogram: bootstat_mtime_matches_content 1
02-20 20:04:04.844  2112  2112 I sysui_histogram: [bootstat_mtime_matches_content,1]
02-20 20:04:04.845  2112  2112 I bootstat: Logging histogram: bootstat_mtime_matches_content 1
02-20 20:04:04.845  2112  2112 I sysui_histogram: [bootstat_mtime_matches_content,1]
02-20 20:04:04.845  2112  2112 I bootstat: Logging histogram: bootstat_mtime_matches_content 1
02-20 20:04:04.845  2112  2112 I sysui_histogram: [bootstat_mtime_matches_content,1]
02-20 20:04:03.686     0     0 I init    : Service 'exec 6 (/system/bin/bootstat)' (pid 2112) exited with status 0
02-20 20:04:04.829  2112  2112 I auditd  : type=1400 audit(0.0:11): avc: denied { getattr } for comm="bootstat" path="/vendor" dev="rootfs" ino=4002 scontext=u:r:bootstat:s0 tcontext=u:object_r:rootfs:s0 tclass=lnk_file permissive=0
02-20 20:04:04.829  2112  2112 W bootstat: type=1400 audit(0.0:11): avc: denied { getattr } for path="/vendor" dev="rootfs" ino=4002 scontext=u:r:bootstat:s0 tcontext=u:object_r:rootfs:s0 tclass=lnk_file permissive=0
02-20 20:04:04.849  1678  1693 I GnssLocationProvider: WakeLock released by handleMessage(12, 0, null)
02-20 20:04:03.687     0     0 I init    : Starting service 'exec 7 (/system/bin/bootstat)'...
02-20 20:04:04.857  2113  2113 I bootstat: Service started: /system/bin/bootstat --record_boot_reason 
02-20 20:04:04.857  2113  2113 I bootstat: Unknown boot reason: 
02-20 20:04:03.698     0     0 I init    : Service 'exec 7 (/system/bin/bootstat)' (pid 2113) exited with status 0
02-20 20:04:03.698     0     0 I init    : Starting service 'exec 8 (/system/bin/bootstat)'...
02-20 20:04:04.862  1312  1312 I sf_frame_dur: [BootAnimation,0,22,238,24,0,0,0]
02-20 20:04:04.862  1936  1988 D EGL_emulation: eglMakeCurrent: 0x780ab6974d40: ver 3 0 (tinfo 0x780ac0fedd40)
02-20 20:04:04.849  2113  2113 I auditd  : type=1400 audit(0.0:12): avc: denied { getattr } for comm="bootstat" path="/vendor" dev="rootfs" ino=4002 scontext=u:r:bootstat:s0 tcontext=u:object_r:rootfs:s0 tclass=lnk_file permissive=0
02-20 20:04:04.849  2113  2113 W bootstat: type=1400 audit(0.0:12): avc: denied { getattr } for path="/vendor" dev="rootfs" ino=4002 scontext=u:r:bootstat:s0 tcontext=u:object_r:rootfs:s0 tclass=lnk_file permissive=0
02-20 20:04:04.868  2114  2114 I bootstat: Service started: /system/bin/bootstat --record_time_since_factory_reset 
02-20 20:04:04.868  2114  2114 I bootstat: Logging histogram: factory_reset_current_time 1519157044
02-20 20:04:04.868  2114  2114 I sysui_histogram: [factory_reset_current_time,1519157044]
02-20 20:04:04.870  2114  2114 I bootstat: Logging histogram: bootstat_mtime_matches_content 1
02-20 20:04:04.870  2114  2114 I sysui_histogram: [bootstat_mtime_matches_content,1]
02-20 20:04:04.870  2114  2114 I bootstat: Logging histogram: factory_reset_record_value 1519154248
02-20 20:04:04.870  2114  2114 I sysui_histogram: [factory_reset_record_value,1519154248]
02-20 20:04:04.859  2114  2114 I auditd  : type=1400 audit(0.0:13): avc: denied { getattr } for comm="bootstat" path="/vendor" dev="rootfs" ino=4002 scontext=u:r:bootstat:s0 tcontext=u:object_r:rootfs:s0 tclass=lnk_file permissive=0
02-20 20:04:04.859  2114  2114 W bootstat: type=1400 audit(0.0:13): avc: denied { getattr } for path="/vendor" dev="rootfs" ino=4002 scontext=u:r:bootstat:s0 tcontext=u:object_r:rootfs:s0 tclass=lnk_file permissive=0
02-20 20:04:03.732     0     0 I init    : Service 'exec 8 (/system/bin/bootstat)' (pid 2114) exited with status 0
02-20 20:04:03.739     0     0 I init    : Starting service 'exec 9 (/system/bin/bootstat)'...
02-20 20:04:03.776     0     0 I init    : Service 'exec 9 (/system/bin/bootstat)' (pid 2115) exited with status 0
02-20 20:04:04.893  1678  1790 W art     : Long monitor contention with owner Binder:1678_7 (2103) at int com.android.server.wm.WindowManagerService.relayoutWindow(com.android.server.wm.Session, android.view.IWindow, int, android.view.WindowManager$LayoutParams, int, int, int, int, android.graphics.Rect, android.graphics.Rect, android.graphics.Rect, android.graphics.Rect, android.graphics.Rect, android.graphics.Rect, android.graphics.Rect, android.content.res.Configuration, android.view.Surface)(WindowManagerService.java:2857) waiters=0 in void com.android.server.policy.PhoneWindowManager.onKeyguardShowingStateChanged(boolean) for 176ms
02-20 20:04:04.893  1678  1790 I dvm_lock_sample: [system_server,1,Binder:1678_4,176,PhoneWindowManager.java,5376,WindowManagerService.java,2857,35]
02-20 20:04:04.897  1678  1753 I dvm_lock_sample: [system_server,1,Binder:1678_3,88,ActivityManagerService.java,10435,-,18937,17]
02-20 20:04:04.897  1919  1919 D SubscriptionController: [setMccMnc]+ mcc/mnc:310/260 subId:1
02-20 20:04:04.917  2115  2115 I bootstat: Service started: /system/bin/bootstat -l 
02-20 20:04:04.918  2115  2115 I bootstat: Logging histogram: bootstat_mtime_matches_content 1
02-20 20:04:04.918  2115  2115 I sysui_histogram: [bootstat_mtime_matches_content,1]
02-20 20:04:04.918  2115  2115 I bootstat: Logging histogram: bootstat_mtime_matches_content 1
02-20 20:04:04.918  2115  2115 I sysui_histogram: [bootstat_mtime_matches_content,1]
02-20 20:04:04.918  2115  2115 I bootstat: Logging histogram: bootstat_mtime_matches_content 1
02-20 20:04:04.918  2115  2115 I sysui_histogram: [bootstat_mtime_matches_content,1]
02-20 20:04:04.918  2115  2115 I bootstat: Logging histogram: bootstat_mtime_matches_content 1
02-20 20:04:04.918  2115  2115 I sysui_histogram: [bootstat_mtime_matches_content,1]
02-20 20:04:04.926  2115  2115 I bootstat: Logging histogram: bootstat_mtime_matches_content 1
02-20 20:04:04.932  2115  2115 I sysui_histogram: [bootstat_mtime_matches_content,1]
02-20 20:04:04.934  2115  2115 I bootstat: Logging histogram: bootstat_mtime_matches_content 1
02-20 20:04:04.934  2115  2115 I sysui_histogram: [bootstat_mtime_matches_content,1]
02-20 20:04:04.934  2115  2115 I bootstat: Logging histogram: bootstat_mtime_matches_content 1
02-20 20:04:04.934  2115  2115 I sysui_histogram: [bootstat_mtime_matches_content,1]
02-20 20:04:04.934  2115  2115 I bootstat: Logging histogram: bootstat_mtime_matches_content 1
02-20 20:04:04.934  2115  2115 I sysui_histogram: [bootstat_mtime_matches_content,1]
02-20 20:04:04.934  2115  2115 I bootstat: Logging histogram: bootstat_mtime_matches_content 1
02-20 20:04:04.934  2115  2115 I sysui_histogram: [bootstat_mtime_matches_content,1]
02-20 20:04:04.934  2115  2115 I bootstat: Logging histogram: bootstat_mtime_matches_content 1
02-20 20:04:04.934  2115  2115 I sysui_histogram: [bootstat_mtime_matches_content,1]
02-20 20:04:04.934  2115  2115 I bootstat: Logging histogram: bootstat_mtime_matches_content 1
02-20 20:04:04.934  2115  2115 I sysui_histogram: [bootstat_mtime_matches_content,1]
02-20 20:04:04.934  2115  2115 I bootstat: Logging histogram: bootstat_mtime_matches_content 1
02-20 20:04:04.934  2115  2115 I sysui_histogram: [bootstat_mtime_matches_content,1]
02-20 20:04:04.934  2115  2115 I bootstat: Logging histogram: bootstat_mtime_matches_content 1
02-20 20:04:04.934  2115  2115 I sysui_histogram: [bootstat_mtime_matches_content,1]
02-20 20:04:04.934  2115  2115 I bootstat: Logging histogram: bootstat_mtime_matches_content 1
02-20 20:04:04.934  2115  2115 I sysui_histogram: [bootstat_mtime_matches_content,1]
02-20 20:04:04.934  2115  2115 I bootstat: Logging histogram: post_decrypt_time_elapsed 3
02-20 20:04:04.934  2115  2115 I sysui_histogram: [post_decrypt_time_elapsed,3]
02-20 20:04:04.934  2115  2115 I bootstat: Logging histogram: last_boot_time_utc 1519157044
02-20 20:04:04.934  2115  2115 I sysui_histogram: [last_boot_time_utc,1519157044]
02-20 20:04:04.934  2115  2115 I bootstat: Logging histogram: build_date 1513095943
02-20 20:04:04.934  2115  2115 I sysui_histogram: [build_date,1513095943]
02-20 20:04:04.934  2115  2115 I bootstat: Logging histogram: boot_decryption_complete 15
02-20 20:04:04.934  2115  2115 I sysui_histogram: [boot_decryption_complete,15]
02-20 20:04:04.934  2115  2115 I bootstat: Logging histogram: ota_boot_complete_post_decrypt 7
02-20 20:04:04.934  2115  2115 I sysui_histogram: [ota_boot_complete_post_decrypt,7]
02-20 20:04:04.934  2115  2115 I bootstat: Logging histogram: ota_boot_complete 9
02-20 20:04:04.934  2115  2115 I sysui_histogram: [ota_boot_complete,9]
02-20 20:04:04.934  2115  2115 I bootstat: Logging histogram: boot_reason 1
02-20 20:04:04.934  2115  2115 I sysui_histogram: [boot_reason,1]
02-20 20:04:04.934  2115  2115 I bootstat: Logging histogram: factory_reset_current_time 1519157044
02-20 20:04:04.934  2115  2115 I sysui_histogram: [factory_reset_current_time,1519157044]
02-20 20:04:04.934  2115  2115 I bootstat: Logging histogram: factory_reset 1519154248
02-20 20:04:04.934  2115  2115 I sysui_histogram: [factory_reset,1519154248]
02-20 20:04:04.934  2115  2115 I bootstat: Logging histogram: time_since_last_boot 83
02-20 20:04:04.934  2115  2115 I sysui_histogram: [time_since_last_boot,83]
02-20 20:04:04.934  2115  2115 I bootstat: Logging histogram: boot_complete_post_decrypt 12
02-20 20:04:04.934  2115  2115 I sysui_histogram: [boot_complete_post_decrypt,12]
02-20 20:04:04.934  2115  2115 I bootstat: Logging histogram: boot_complete 15
02-20 20:04:04.934  2115  2115 I sysui_histogram: [boot_complete,15]
02-20 20:04:04.934  2115  2115 I bootstat: Logging histogram: factory_reset_record_value 1519154248
02-20 20:04:04.934  2115  2115 I sysui_histogram: [factory_reset_record_value,1519154248]
02-20 20:04:04.935  2115  2115 I bootstat: Logging histogram: time_since_factory_reset 2796
02-20 20:04:04.935  2115  2115 I sysui_histogram: [time_since_factory_reset,2796]
02-20 20:04:04.955  1772  1952 D         : HostConnection::get() New Host Connection established 0x780aa627d4e0, tid 1952
02-20 20:04:04.909  2115  2115 I auditd  : type=1400 audit(0.0:14): avc: denied { getattr } for comm="bootstat" path="/vendor" dev="rootfs" ino=4002 scontext=u:r:bootstat:s0 tcontext=u:object_r:rootfs:s0 tclass=lnk_file permissive=0
02-20 20:04:04.909  2115  2115 W bootstat: type=1400 audit(0.0:14): avc: denied { getattr } for path="/vendor" dev="rootfs" ino=4002 scontext=u:r:bootstat:s0 tcontext=u:object_r:rootfs:s0 tclass=lnk_file permissive=0
02-20 20:04:04.959  1772  1952 I OpenGLRenderer: Initialized EGL, version 1.4
02-20 20:04:04.959  1772  1952 D OpenGLRenderer: Swap behavior 1
02-20 20:04:04.962  1919  1919 D SubscriptionController: notifySubscriptionInfoChanged:
02-20 20:04:04.962  1678  1678 I GnssLocationProvider: WakeLock acquired by sendMessage(12, 0, null)
02-20 20:04:04.971  1919  1919 D SubscriptionController: [getActiveSubscriptionInfo]+ subId=1 subInfo={id=1, iccId=89014103211118510720 simSlotIndex=0 displayName=Android carrierName=Android nameSource=0 iconTint=-16746133 dataRoaming=0 iconBitmap=android.graphics.Bitmap@9a83e1d mcc 310 mnc 260}
02-20 20:04:04.971  1919  1919 D SubscriptionInfoUpdater: sim name = Android
02-20 20:04:04.973  2072  2072 I AlarmClock: AlarmInitReceiver android.intent.action.TIME_SET
02-20 20:04:04.976  1772  1952 D EGL_emulation: eglCreateContext: 0x780aa6282b20: maj 3 min 0 rcv 3
02-20 20:04:04.997  1919  1919 D SubscriptionInfoUpdater: Broadcasting intent ACTION_SIM_STATE_CHANGED LOADED reason null for mCardIndex: 0
02-20 20:04:04.998  1678  1678 D WifiService: resetting networks because SIM was loaded
02-20 20:04:04.998  1678  1737 D WifiStateMachine: resetting EAP-SIM/AKA/AKA' networks since SIM was changed
02-20 20:04:05.000  1919  1919 D CarrierConfigLoader: update config for phoneId: 0 simState: LOADED
02-20 20:04:05.000  1919  1919 D CarrierSvcBindHelper: update binding for phoneId: 0 simState: LOADED
02-20 20:04:05.002  1678  1693 W GnssLocationProvider: Could not open GPS configuration file /etc/gps.conf
02-20 20:04:05.003  1678  1693 E GnssLocationProvider: no AGPS interface in set_agps_server
02-20 20:04:05.013  1678  1693 I GnssLocationProvider: WakeLock released by handleMessage(12, 0, null)
02-20 20:04:05.026  1678  1693 W GnssLocationProvider: Could not open GPS configuration file /etc/gps.conf
02-20 20:04:05.026  1678  1693 E GnssLocationProvider: no AGPS interface in set_agps_server
02-20 20:04:05.034  1772  1952 D EGL_emulation: eglMakeCurrent: 0x780aa6282b20: ver 3 0 (tinfo 0x780aa627bea0)
02-20 20:04:05.065  1919  1919 D SubscriptionController: [getActiveSubscriptionInfo]+ subId=1 subInfo={id=1, iccId=89014103211118510720 simSlotIndex=0 displayName=Android carrierName=Android nameSource=0 iconTint=-16746133 dataRoaming=0 iconBitmap=android.graphics.Bitmap@c0f9f19 mcc 310 mnc 260}
02-20 20:04:05.072  1678  2111 I Telecom : PhoneAccountRegistrar: [ComponentInfo{com.android.phone/com.android.services.telephony.TelephonyConnectionService}, [e0184adedf913b076626646d3f52c3b49c39ad6d], UserHandle{0}(icon: Icon(typ=BITMAP size=76x96) -> Icon(typ=BITMAP size=76x96))]: TSI.rPA@ABE
02-20 20:04:05.077  1678  2111 I Telecom : : Sending phone-account registered intent as user: TSI.rPA@ABE
02-20 20:04:05.079  1919  1919 D DCT     : [0]onRecordsLoadedOrSubIdChanged: createAllApnList
02-20 20:04:05.079  1919  1919 D DCT     : [0]createAllApnList: selection=numeric = '310260'
02-20 20:04:05.083  1919  1919 D DCT     : [0]createApnList: X result=[[ApnSettingV3] T-Mobile US, 1, 310260, epc.tmobile.com, , http://mms.msg.eng.t-mobile.com/mms/wapenc, , , , -1, *, IP, IP, true, 0, 0, 0, false, 0, 0, 0, 0, , , false]
02-20 20:04:05.084  1919  1919 D TelephonyProvider: subIdString = 1 subId = 1
02-20 20:04:05.094  1919  1919 D DCT     : [0]getPreferredApn: mRequestedApnType=default cursor=android.content.ContentResolver$CursorWrapperInner@ebd9978 cursor.count=1
02-20 20:04:05.094  1919  1919 D DCT     : [0]getPreferredApn: apnSetting=[ApnSettingV3] T-Mobile US, 1, 310260, epc.tmobile.com, , http://mms.msg.eng.t-mobile.com/mms/wapenc, , , , -1, *, IP, IP, true, 0, 0, 0, false, 0, 0, 0, 0, , , false
02-20 20:04:05.094  1919  1919 D DCT     : [0]getPreferredApn: X found apnSetting[ApnSettingV3] T-Mobile US, 1, 310260, epc.tmobile.com, , http://mms.msg.eng.t-mobile.com/mms/wapenc, , , , -1, *, IP, IP, true, 0, 0, 0, false, 0, 0, 0, 0, , , false
02-20 20:04:05.095  1919  1919 D DCT     : [0]createAllApnList: mPreferredApn=[ApnSettingV3] T-Mobile US, 1, 310260, epc.tmobile.com, , http://mms.msg.eng.t-mobile.com/mms/wapenc, , , , -1, *, IP, IP, true, 0, 0, 0, false, 0, 0, 0, 0, , , false
02-20 20:04:05.095  1919  1919 D DCT     : [0]createAllApnList: X mAllApnSettings=[[ApnSettingV3] T-Mobile US, 1, 310260, epc.tmobile.com, , http://mms.msg.eng.t-mobile.com/mms/wapenc, , , , -1, *, IP, IP, true, 0, 0, 0, false, 0, 0, 0, 0, , , false]
02-20 20:04:05.095  1919  1919 D DCT     : [0]setDataProfilesAsNeeded
02-20 20:04:05.095  1919  1919 D DCT     : [0]setInitialApn: E mPreferredApn=[ApnSettingV3] T-Mobile US, 1, 310260, epc.tmobile.com, , http://mms.msg.eng.t-mobile.com/mms/wapenc, , , , -1, *, IP, IP, true, 0, 0, 0, false, 0, 0, 0, 0, , , false
02-20 20:04:05.095  1919  1919 D DCT     : [0]setInitialApn: firstApnSetting=[ApnSettingV3] T-Mobile US, 1, 310260, epc.tmobile.com, , http://mms.msg.eng.t-mobile.com/mms/wapenc, , , , -1, *, IP, IP, true, 0, 0, 0, false, 0, 0, 0, 0, , , false
02-20 20:04:05.095  1919  1919 D DCT     : [0]setInitialApn: defaultApnSetting=[ApnSettingV3] T-Mobile US, 1, 310260, epc.tmobile.com, , http://mms.msg.eng.t-mobile.com/mms/wapenc, , , , -1, *, IP, IP, true, 0, 0, 0, false, 0, 0, 0, 0, , , false
02-20 20:04:05.095  1919  1919 D DCT     : [0]setInitialAttachApn: using mPreferredApn
02-20 20:04:05.095  1919  1919 D DCT     : [0]setInitialAttachApn: X selected Apn=[ApnSettingV3] T-Mobile US, 1, 310260, epc.tmobile.com, , http://mms.msg.eng.t-mobile.com/mms/wapenc, , , , -1, *, IP, IP, true, 0, 0, 0, false, 0, 0, 0, 0, , , false
02-20 20:04:05.095  1919  1919 D RILJ    : Set RIL_REQUEST_SET_INITIAL_ATTACH_APN [SUB0]
