02-20 20:05:32.011  1679  1740 I WifiScanningService: wifi driver loaded with scan capabilities: max buckets=16
02-20 20:05:32.013  1679  1679 D RttService: SCAN_AVAILABLE : 3
02-20 20:05:32.013  1679  1741 D RttService: DefaultState got{ when=0 what=160512 target=com.android.internal.util.StateMachine$SmHandler }
02-20 20:05:32.017  1679  1700 I am_activity_launch_time: [0,147577676,com.android.settings/.FallbackHome,1013,1013]
02-20 20:05:32.017  1679  1700 I ActivityManager: Displayed com.android.settings/.FallbackHome: +1s13ms
02-20 20:05:32.018  1679  1693 I boot_progress_enable_screen: 14018
02-20 20:05:32.018  1919  1919 D CdmaInboundSmsHandler: created InboundSmsHandler
02-20 20:05:32.019  1679  1679 I notification_enqueue: [10028,1764,com.android.systemui,1397773634,public:253,64,-1,Notification(pri=0 contentView=null vibrate=null sound=null defaults=0x0 flags=0x100 color=0xff607d8b category=sys actions=2 vis=PUBLIC),0]
02-20 20:05:32.022  1679  1679 D TelephonyRegistry: notifyCellLocationForSubscriber: subId=0 cellLocation=Bundle[{}]
02-20 20:05:32.023  1919  1940 D SubscriptionController: [getPhoneId]- no sims, returning default phoneId=2147483647
02-20 20:05:32.037  1919  1919 D SMSDispatcher: SMSDispatcher: ctor mSmsCapable=true format=3gpp mSmsSendDisabled=false
02-20 20:05:32.037  1919  1919 D GsmSMSDispatcher: GsmSMSDispatcher created
02-20 20:05:32.038  1919  2029 D GsmInboundSmsHandler: StartupState.processMessage:6
02-20 20:05:32.038  1919  2029 D GsmInboundSmsHandler: entering Idle state
02-20 20:05:32.039  1919  2033 D CdmaInboundSmsHandler: StartupState.processMessage:6
02-20 20:05:32.039  1919  2033 D CdmaInboundSmsHandler: entering Idle state
02-20 20:05:32.039  1679  1700 I WindowManager: Screen frozen for +940ms due to AppWindowToken{84e049b token=Token{465b795 ActivityRecord{8cbdb4c u0 com.android.settings/.FallbackHome t1}}}
02-20 20:05:32.043  1919  1919 D IccCardProxy: ctor: ci=com.android.internal.telephony.RIL@e4128d4 phoneId=0
02-20 20:05:32.043  1919  1919 D CdmaSSM : subscriptionSource from settings: 0
02-20 20:05:32.043  1919  1919 D CdmaSSM : cdmaSSM constructor: 0
02-20 20:05:32.043  1919  1919 D IccCardProxy: update icc_operator_numeric=
02-20 20:05:32.043  1919  1919 D TelephonyManager: setTelephonyProperty: success phoneId=0 property=gsm.sim.operator.numeric value:  propVal=
02-20 20:05:32.045  1919  1919 D TelephonyManager: setTelephonyProperty: success phoneId=0 property=gsm.sim.operator.iso-country value:  propVal=
02-20 20:05:32.045  1919  1919 D TelephonyManager: setTelephonyProperty: success phoneId=0 property=gsm.sim.operator.alpha value:  propVal=
02-20 20:05:32.045  1919  1919 E IccCardProxy: setExternalState: set mPhoneId=0 mExternalState=NOT_READY
02-20 20:05:32.045  1919  1919 D TelephonyManager: setTelephonyProperty: success phoneId=0 property=gsm.sim.state value: NOT_READY propVal=NOT_READY
02-20 20:05:32.046  1919  1919 D IccCardProxy: broadcastIccStateChangedIntent intent ACTION_SIM_STATE_CHANGED value=NOT_READY reason=null for mPhoneId=0
02-20 20:05:32.063  1919  1919 D RILJ    : setPhoneType=1 old value=0 [SUB0]
02-20 20:05:32.063  1919  1919 D TelephonyManager: setTelephonyProperty: success phoneId=0 property=gsm.current.phone-type value: 1 propVal=1
02-20 20:05:32.064  1919  1919 D IccCardProxy: Setting radio tech UMTS
02-20 20:05:32.064  1919  1919 D IccCardProxy: updateQuietMode: 3GPP subscription -> newQuietMode=false
02-20 20:05:32.064  1919  1919 D IccCardProxy: updateQuietMode: no changes don't setExternalState
02-20 20:05:32.064  1919  1919 D IccCardProxy: updateQuietMode: QuietMode is false (app_type=1 cdmaSource=-1)
02-20 20:05:32.074  1919  1919 W CarrierConfigManager: Error getting config for subId -1 ICarrierConfigLoader is null
02-20 20:05:32.081  1679  1748 E ActivityThread: Failed to find provider info for com.android.calendar
02-20 20:05:32.094  1679  1691 D TelephonyRegistry: listen oscl: hasNotifySubscriptionInfoChangedOccurred==false no callback
02-20 20:05:32.096  1679  1748 E ActivityThread: Failed to find provider info for com.android.calendar
02-20 20:05:32.113  1919  1919 D TelephonyManager: setTelephonyProperty: success phoneId=0 property=gsm.network.type value: Unknown propVal=Unknown
02-20 20:05:32.113  1919  1919 D RILJ    : [3654]> SIGNAL_STRENGTH [SUB0]
02-20 20:05:32.115  1375  1470 D RIL     : onRequest: SIGNAL_STRENGTH
02-20 20:05:32.116  1919  2009 D RilRequest: [3654]< SIGNAL_STRENGTH error: com.android.internal.telephony.CommandException: RADIO_NOT_AVAILABLE ret=
02-20 20:05:32.117  1919  1919 D SST     : notifyDataRegStateRilRadioTechnologyChanged: drs=1 rat=0
02-20 20:05:32.117  1919  1919 D TelephonyManager: setTelephonyProperty: success phoneId=0 property=gsm.network.type value: Unknown propVal=Unknown
02-20 20:05:32.120  1373  1373 I MediaPlayerService: MediaPlayerService::getOMX
02-20 20:05:32.127  1679  2037 I OMXClient: MuxOMX ctor
02-20 20:05:32.153  1370  2005 I OMXMaster: makeComponentInstance(OMX.google.vorbis.decoder) in mediacodec process
02-20 20:05:32.158  1919  1919 D DCT     : [0]DCT.constructor
02-20 20:05:32.159  1679  1690 D TelephonyRegistry: listen oscl: hasNotifySubscriptionInfoChangedOccurred==false no callback
02-20 20:05:32.161  1919  1919 D Dcc     : E ctor
02-20 20:05:32.161  1919  1919 D Dcc     : X ctor
02-20 20:05:32.162  1919  1919 D SubscriptionController: [getPhoneId] asked for default subId=-1
02-20 20:05:32.163  1919  2038 D DcTesterDeacativateAll: register for intent action=com.android.internal.telephony.dataconnection.action_deactivate_all
02-20 20:05:32.163  1919  2038 D DcTesterDeacativateAll: register for intent action=com.android.internal.telephony.action_detached
02-20 20:05:32.165  1919  1919 D DcTesterFailBrinupAll: register for intent action=com.android.internal.telephony.dataconnection.action_fail_bringup
02-20 20:05:32.165  1919  1919 D DcTesterFailBrinupAll: register for intent action=com.android.internal.telephony.action_detached
02-20 20:05:32.165  1919  1919 D DcTesterFailBrinupAll: register for intent action=com.android.internal.telephony.action_attached
02-20 20:05:32.167  1919  1919 D SST     : notifyDataRegStateRilRadioTechnologyChanged: drs=1 rat=0
02-20 20:05:32.167  1919  1919 D TelephonyManager: setTelephonyProperty: success phoneId=0 property=gsm.network.type value: Unknown propVal=Unknown
02-20 20:05:32.167  1919  1919 D DCT     : [0]update sub = -2
02-20 20:05:32.167  1919  1919 D DCT     : [0]update(): Active DDS, register for all events now!
02-20 20:05:32.168  1919  1919 D GsmCdmaPhone: [GsmCdmaPhone] updateCurrentCarrierInProvider: mSubId = -2 currentDds = 1 operatorNumeric = null
02-20 20:05:32.168  1919  1919 D DCT     : [0]initApnContexts: E
02-20 20:05:32.174  1919  2038 D Dcc     : DccDefaultState: msg.what=EVENT_RIL_CONNECTED mRilVersion=12
02-20 20:05:32.180  1919  1919 D DCT     : [0]initApnContexts: skipping unknown type=1
02-20 20:05:32.181  1919  1919 D DCT     : [0]initApnContexts: apnContext={mApnType=default mState=IDLE mWaitingApns={null} mApnSetting={null} mReason=dataEnabled mDataEnabled=false mDependencyMet=true}
02-20 20:05:32.181  1919  1919 D DCT     : [0]initApnContexts: apnContext={mApnType=mms mState=IDLE mWaitingApns={null} mApnSetting={null} mReason=dataEnabled mDataEnabled=false mDependencyMet=true}
02-20 20:05:32.181  1919  1919 D DCT     : [0]initApnContexts: apnContext={mApnType=supl mState=IDLE mWaitingApns={null} mApnSetting={null} mReason=dataEnabled mDataEnabled=false mDependencyMet=true}
02-20 20:05:32.181  1919  1919 D DCT     : [0]initApnContexts: apnContext={mApnType=hipri mState=IDLE mWaitingApns={null} mApnSetting={null} mReason=dataEnabled mDataEnabled=false mDependencyMet=true}
02-20 20:05:32.181  1919  1919 D DCT     : [0]initApnContexts: apnContext={mApnType=fota mState=IDLE mWaitingApns={null} mApnSetting={null} mReason=dataEnabled mDataEnabled=false mDependencyMet=true}
02-20 20:05:32.181  1919  1919 D DCT     : [0]initApnContexts: apnContext={mApnType=ims mState=IDLE mWaitingApns={null} mApnSetting={null} mReason=dataEnabled mDataEnabled=false mDependencyMet=true}
02-20 20:05:32.181  1919  1919 D DCT     : [0]initApnContexts: apnContext={mApnType=cbs mState=IDLE mWaitingApns={null} mApnSetting={null} mReason=dataEnabled mDataEnabled=false mDependencyMet=true}
02-20 20:05:32.181  1919  1919 D DCT     : [0]initApnContexts: skipping unknown type=13
02-20 20:05:32.181  1919  1919 D DCT     : [0]initApnContexts: apnContext={mApnType=ia mState=IDLE mWaitingApns={null} mApnSetting={null} mReason=dataEnabled mDataEnabled=false mDependencyMet=true}
02-20 20:05:32.181  1919  1919 D DCT     : [0]initApnContexts: apnContext={mApnType=emergency mState=IDLE mWaitingApns={null} mApnSetting={null} mReason=dataEnabled mDataEnabled=false mDependencyMet=true}
02-20 20:05:32.238  1919  1919 D GsmCdmaPhone: [GsmCdmaPhone] GsmCdmaPhone: constructor: sub = 0
02-20 20:05:32.238  1919  1919 I PhoneFactory: Creating Phone with type = 1 sub = 0
02-20 20:05:32.239  1919  1919 I PhoneFactory: defaultSmsApplication: NONE
02-20 20:05:32.243  1919  1919 I PhoneFactory: Creating SubInfoRecordUpdater 
02-20 20:05:32.243  1919  1919 D SubscriptionInfoUpdater: Constructor invoked
02-20 20:05:32.250  1679  1693 W art     : Long monitor contention with owner android.display (1700) at void com.android.server.wm.WindowManagerService$H.handleMessage(android.os.Message)(WindowManagerService.java:8368) waiters=0 in void com.android.server.wm.WindowManagerService.enableScreenAfterBoot() for 212ms
02-20 20:05:32.250  1679  1693 I dvm_lock_sample: [system_server,1,ActivityManager,212,WindowManagerService.java,5918,-,8368,42]
02-20 20:05:32.251  1679  1693 V KeyguardServiceDelegate: *** Keyguard started
02-20 20:05:32.251  1679  1693 I screen_toggled: 1
02-20 20:05:32.259  1679  1693 W KeyguardServiceDelegate: onScreenTurningOn(): no keyguard service!
02-20 20:05:32.326  1373  1841 I MediaPlayerService: MediaPlayerService::getOMX
02-20 20:05:32.326  1679  2041 I OMXClient: MuxOMX ctor
02-20 20:05:32.327  1370  1396 I OMXMaster: makeComponentInstance(OMX.google.vorbis.decoder) in mediacodec process
02-20 20:05:32.331  1679  1693 W ActivityManager: Slow operation: 63ms so far, now at startProcess: returned from zygote!
02-20 20:05:32.331  1679  1693 W ActivityManager: Slow operation: 63ms so far, now at startProcess: done updating battery stats
02-20 20:05:32.331  1679  1693 I am_proc_start: [0,2042,10004,com.android.cellbroadcastreceiver,broadcast,com.android.cellbroadcastreceiver/.CellBroadcastReceiver]
02-20 20:05:32.331  1679  1693 W ActivityManager: Slow operation: 63ms so far, now at startProcess: building log message
02-20 20:05:32.331  1679  1693 I ActivityManager: Start proc 2042:com.android.cellbroadcastreceiver/u0a4 for broadcast com.android.cellbroadcastreceiver/.CellBroadcastReceiver
02-20 20:05:32.331  1679  1693 W ActivityManager: Slow operation: 63ms so far, now at startProcess: starting to update pids map
02-20 20:05:32.331  1679  1693 W ActivityManager: Slow operation: 63ms so far, now at startProcess: done updating pids map
02-20 20:05:32.331  1679  1693 W ActivityManager: Slow operation: 65ms so far, now at startProcess: done starting proc!
02-20 20:05:32.344  2042  2042 W art     : Unexpected CPU variant for X86 using defaults: x86_64
02-20 20:05:32.351  1679  1789 D TelephonyRegistry: listen oscl: hasNotifySubscriptionInfoChangedOccurred==false no callback
02-20 20:05:32.351  1919  1919 D SubscriptionController: [getPhoneId]- no sims, returning default phoneId=2147483647
02-20 20:05:32.352  1679  1691 D TelephonyRegistry: listen oscl: hasNotifySubscriptionInfoChangedOccurred==false no callback
02-20 20:05:32.353  1919  1919 D PhoneSwitcherNetworkRequstListener: Registering NetworkFactory
02-20 20:05:32.353  1919  1919 D PhoneSwitcher: PhoneSwitcher started
02-20 20:05:32.353  1679  1742 D ConnectivityService: Got NetworkFactory Messenger for PhoneSwitcherNetworkRequstListener
02-20 20:05:32.353  1919  1919 D ProxyController: Constructor - Enter
02-20 20:05:32.355  1919  1919 D ProxyController: clearTransaction
02-20 20:05:32.355  1919  1919 D ProxyController: clearTransaction: phoneId=0 status=IDLE
02-20 20:05:32.355  1919  1919 D ProxyController: Constructor - Exit
02-20 20:05:32.355  1919  1919 D TelephonyNetworkFactory[0]: Registering NetworkFactory
02-20 20:05:32.355  1679  1742 D ConnectivityService: Got NetworkFactory Messenger for TelephonyNetworkFactory[0]
02-20 20:05:32.356  1919  1919 D CallManager: registerPhone(GSM Handler (com.android.internal.telephony.GsmCdmaPhone) {ebf95b3})
02-20 20:05:32.359  1679  1787 D TelephonyRegistry: listen oscl: hasNotifySubscriptionInfoChangedOccurred==false no callback
02-20 20:05:32.370  1679  1690 I am_proc_bound: [0,2042,com.android.cellbroadcastreceiver]
02-20 20:05:32.424  1679  1747 D NotificationSQLiteLog: Pruned event entries: 0
02-20 20:05:32.452  2042  2042 W System  : ClassLoader referenced unknown path: /system/priv-app/CellBroadcastReceiver/lib/x86_64
02-20 20:05:32.478  1679  1960 W art     : Long monitor contention with owner android.display (1700) at void com.android.server.wm.WindowAnimator$1.doFrame(long)(WindowAnimator.java:144) waiters=1 in float com.android.server.wm.WindowManagerService.getCurrentAnimatorScale() for 116ms
02-20 20:05:32.478  1679  1960 I dvm_lock_sample: [system_server,1,Binder:1679_5,116,WindowManagerService.java,5760,WindowAnimator.java,144,23]
02-20 20:05:32.524  1679  1694 W art     : Long monitor contention with owner android.display (1700) at void com.android.server.wm.WindowAnimator$1.doFrame(long)(WindowAnimator.java:144) waiters=1 in void com.android.server.wm.WindowManagerService.updateRotationUnchecked(boolean, boolean) for 140ms
02-20 20:05:32.524  1679  1694 I dvm_lock_sample: [system_server,1,android.ui,140,WindowManagerService.java,6783,WindowAnimator.java,144,28]
02-20 20:05:32.558  1679  1692 I SyncManager: Got SyncJobService instance.
02-20 20:05:32.558  1679  1679 I FusedLocation: engine started (com.android.location.fused)
02-20 20:05:32.560  1919  1953 D SubscriptionController: [getPhoneId]- no sims, returning default phoneId=2147483647
02-20 20:05:32.598  1919  1919 D CarrierConfigLoader: CarrierConfigLoader has started
02-20 20:05:32.599  1919  1919 E BluetoothAdapter: Bluetooth binder is null
02-20 20:05:32.600  1679  1690 D TelephonyRegistry: listen oscl: hasNotifySubscriptionInfoChangedOccurred==false no callback
02-20 20:05:32.603  1919  2061 E ActivityThread: Failed to find provider info for com.android.contacts
02-20 20:05:32.603  1919  2061 W CallerInfoCache: cursor is null
02-20 20:05:32.618  1764  1764 I OpaLayout: Setting opa enabled to false
02-20 20:05:32.621  1919  1919 D RILJ    : [3655]> RIL_REQUEST_SET_TTY_MODE : 0 [SUB0]
02-20 20:05:32.622  1375  1470 D RIL     : onRequest: SET_TTY_MODE
02-20 20:05:32.622  1919  2009 D RilRequest: [3655]< RIL_REQUEST_SET_TTY_MODE error: com.android.internal.telephony.CommandException: RADIO_NOT_AVAILABLE ret=
02-20 20:05:32.622  1919  1919 I Telephony: TtyManager: updateUiTtyMode -1 -> 0
02-20 20:05:32.623  1764  1764 I OpaLayout: Setting opa enabled to false
02-20 20:05:32.625  1679  1691 D TelephonyRegistry: listen oscl: hasNotifySubscriptionInfoChangedOccurred==false no callback
02-20 20:05:32.625  1919  1919 D SubscriptionController: [getPhoneId] asked for default subId=-1
02-20 20:05:32.626  1919  1919 D UiccController: Received EVENT_ICC_STATUS_CHANGED, calling getIccCardStatus
02-20 20:05:32.626  1919  1919 D RILJ    : [3656]> GET_SIM_STATUS [SUB0]
02-20 20:05:32.627  1919  1919 D Phone   : config LCE service failed: com.android.internal.telephony.CommandException: RADIO_NOT_AVAILABLE
02-20 20:05:32.627  1919  1919 D GsmSMSDispatcher: GsmSMSDispatcher: subId = -2 slotId = 0
02-20 20:05:32.627  1919  1919 E IccCardProxy: setExternalState: !override and newstate unchanged from NOT_READY
02-20 20:05:32.627  1919  1919 D RILJ    : [3657]> BASEBAND_VERSION [SUB0]
02-20 20:05:32.627  1375  1470 D RIL     : onRequest: GET_SIM_STATUS
02-20 20:05:32.627  1375  1470 D RIL     : getSIMStatus(). sState: 0
02-20 20:05:32.628  1919  2009 D RILJ    : [3656]< GET_SIM_STATUS IccCardState {CARDSTATE_PRESENT,PINSTATE_UNKNOWN,num_apps=2,gsm_id=0{APPTYPE_SIM,APPSTATE_DETECTED},cdma_id=1{APPTYPE_RUIM,APPSTATE_DETECTED},ims_id=8} [SUB0]
02-20 20:05:32.628  1919  1919 D RILJ    : [3658]> GET_IMEI [SUB0]
02-20 20:05:32.628  1375  1470 D RIL     : onRequest: BASEBAND_VERSION
02-20 20:05:32.629  1919  1919 D RILJ    : [3659]> GET_IMEISV [SUB0]
02-20 20:05:32.629  1375  1470 D RIL     : onRequest: GET_IMEI
02-20 20:05:32.629  1375  1470 D AT      : AT> AT+CGSN
02-20 20:05:32.629  1375  1473 D AT      : AT< 000000000000000
02-20 20:05:32.629  1375  1473 D AT      : AT< OK
02-20 20:05:32.629  1919  1919 D RILJ    : [3660]> RIL_REQUEST_GET_RADIO_CAPABILITY [SUB0]
02-20 20:05:32.629  1919  1919 D RILJ    : [3661]> RIL_REQUEST_START_LCE [SUB0]
02-20 20:05:32.629  1375  1470 D RIL     : onRequest: GET_IMEISV
02-20 20:05:32.629  1375  1470 D RIL     : onRequest: RIL_REQUEST_GET_RADIO_CAPABILITY
02-20 20:05:32.629  1919  1919 D GsmCdmaPhone: [GsmCdmaPhone] Event EVENT_RADIO_OFF_OR_NOT_AVAILABLE Received
02-20 20:05:32.629  1919  1919 E IccCardProxy: setExternalState: !override and newstate unchanged from NOT_READY
02-20 20:05:32.630  1919  1919 D SST     : mDeviceShuttingDown=false, mDesiredPowerState=true, getRadioState=RADIO_OFF, mPowerOffDelayNeed=true, mAlarmSwitch=false, mRadioDisabledByCarrier=false
02-20 20:05:32.630  1919  1919 D RILJ    : [3662]> RADIO_POWER on [SUB0]
02-20 20:05:32.630  1375  1470 D RIL     : onRequest: <unknown request>
02-20 20:05:32.630  1919  1919 D RILJ    : [3663]> OPERATOR [SUB0]
02-20 20:05:32.630  1375  1470 D RIL     : onRequest: RADIO_POWER
02-20 20:05:32.630  1375  1470 D AT      : AT> AT+CFUN=1
02-20 20:05:32.630  1919  1919 D RILJ    : [3664]> DATA_REGISTRATION_STATE [SUB0]
02-20 20:05:32.630  1375  1473 D AT      : AT< OK
02-20 20:05:32.631  1375  1470 D RIL     : setRadioState(10)
02-20 20:05:32.631  1375  1470 D RIL     : onRequest: OPERATOR
02-20 20:05:32.631  1375  1470 D AT      : AT> AT+COPS=3,0;+COPS?;+COPS=3,1;+COPS?;+COPS=3,2;+COPS?
02-20 20:05:32.631  1919  1919 D RILJ    : [3665]> VOICE_REGISTRATION_STATE [SUB0]
02-20 20:05:32.631  1375  1473 D AT      : AT< +COPS: 0,0,"Android"
02-20 20:05:32.631  1375  1473 D AT      : AT< +COPS: 0,1,"Android"
02-20 20:05:32.631  1375  1473 D AT      : AT< +COPS: 0,2,"310260"
02-20 20:05:32.631  1375  1473 D AT      : AT< OK
02-20 20:05:32.631  1375  1470 D RIL     : onRequest: DATA_REGISTRATION_STATE
02-20 20:05:32.631  1375  1470 D RIL     : requestRegistrationState
02-20 20:05:32.631  1375  1470 D AT      : AT> AT+CGREG?
02-20 20:05:32.631  1919  1919 D RILJ    : [3666]> QUERY_NETWORK_SELECTION_MODE [SUB0]
02-20 20:05:32.631  1375  1473 D AT      : AT< +CGREG: 1,1,"0003","005b","000e"
02-20 20:05:32.631  1375  1473 D AT      : AT< OK
02-20 20:05:32.632  1375  1470 D RIL     : parseRegistrationState. Parsing: +CGREG: 1,1,"0003","005b","000e"
02-20 20:05:32.632  1375  1470 D RIL     : registration state type: 3GPP
02-20 20:05:32.632  1375  1470 D RIL     : onRequest: VOICE_REGISTRATION_STATE
02-20 20:05:32.632  1375  1470 D RIL     : requestRegistrationState
02-20 20:05:32.632  1375  1470 D AT      : AT> AT+CREG?
02-20 20:05:32.632  1375  1473 D AT      : AT< +CREG: 2,1, "0003", "005b"
02-20 20:05:32.632  1375  1473 D AT      : AT< OK
02-20 20:05:32.632  1375  1470 D RIL     : parseRegistrationState. Parsing: +CREG: 2,1, "0003", "005b"
02-20 20:05:32.632  1375  1470 D RIL     : registration state type: 3GPP
02-20 20:05:32.632  1919  2009 D RilRequest: [3657]< BASEBAND_VERSION error: com.android.internal.telephony.CommandException: RADIO_NOT_AVAILABLE ret=
02-20 20:05:32.632  1919  2009 D RILJ    : [3658]< GET_IMEI  [SUB0]
02-20 20:05:32.632  1919  2009 D RilRequest: [3659]< GET_IMEISV error: com.android.internal.telephony.CommandException: RADIO_NOT_AVAILABLE ret=
02-20 20:05:32.633  1919  2009 D RilRequest: [3660]< RIL_REQUEST_GET_RADIO_CAPABILITY error: com.android.internal.telephony.CommandException: RADIO_NOT_AVAILABLE ret=
02-20 20:05:32.633  1919  2009 D RilRequest: [3661]< RIL_REQUEST_START_LCE error: com.android.internal.telephony.CommandException: RADIO_NOT_AVAILABLE ret=
02-20 20:05:32.633  1919  2009 D RILJ    : [UNSL]< UNSOL_RESPONSE_RADIO_STATE_CHANGED RADIO_ON [SUB0]
02-20 20:05:32.633  1919  2009 D RILJ    : [UNSL]< UNSOL_RESPONSE_SIM_STATUS_CHANGED [SUB0]
02-20 20:05:32.633  1919  2009 D RILJ    : [3662]< RADIO_POWER  [SUB0]
02-20 20:05:32.633  1919  2009 D RILJ    : [3663]< OPERATOR {Android, Android, 310260} [SUB0]
02-20 20:05:32.633  1919  2009 D RILJ    : [3664]< DATA_REGISTRATION_STATE {1, 3, 5b, 14, null, null} [SUB0]
02-20 20:05:32.633  1919  2009 D RILJ    : [3665]< VOICE_REGISTRATION_STATE {1, 3, 5b, 0, null, null, null, null, null, null, null, null, null, null, null} [SUB0]
02-20 20:05:32.647  1375  1470 D RIL     : onRequest: QUERY_NETWORK_SELECTION_MODE
02-20 20:05:32.647  1375  1470 D AT      : AT> AT+COPS?
02-20 20:05:32.647  1375  1473 D AT      : AT< +COPS: 0,2,310260
02-20 20:05:32.647  1375  1473 D AT      : AT< OK
02-20 20:05:32.647  1919  1919 D SST     : NITZ: 18/02/20:20:05:24+0:0:Unknown!Unknown,5122 start=14647 delay=9525
02-20 20:05:32.647  1919  2009 D RILJ    : [3666]< QUERY_NETWORK_SELECTION_MODE {0} [SUB0]
02-20 20:05:32.648  1919  1919 D SST     : NITZ: tzOffset=0 dst=0 zone=GMT iso= mGotCountryCode=false mNeedFixZoneAfterNitz=false
02-20 20:05:32.648  1919  1919 D SST     : setAndBroadcastNetworkSetTimeZone: setTimeZone=GMT
02-20 20:05:32.649  1679  1789 D AlarmManagerService: Kernel timezone updated to 0 minutes west of GMT
02-20 20:05:32.650  1919  1919 D SST     : setAndBroadcastNetworkSetTimeZone: call alarm.setTimeZone and broadcast zoneId=GMT
02-20 20:05:32.651  1919  1919 D SST     : NITZ: Setting time of day to Tue Feb 20 20:05:33 GMT+00:00 2018 NITZ receive delay(ms): 9529 gained(ms): 878 from 18/02/20:20:05:24+0:0:Unknown!Unknown
02-20 20:05:32.652  1919  1919 D SST     : setAndBroadcastNetworkSetTime: time=1519157133529ms
02-20 20:05:32.652  1679  1787 D AlarmManagerService: Setting time of day to sec=1519157133
02-20 20:05:33.529  1679  1787 W AlarmManagerService: Unable to set rtc to 1519157133: No such device
02-20 20:05:33.531  1679  1679 D ConditionProviders.SCP: onReceive android.intent.action.TIME_SET
02-20 20:05:33.531  1679  1679 D ConditionProviders.SCP: notifyCondition condition://android/schedule?days=6.7&start=23.30&end=10.0&exitAtAlarm=false STATE_FALSE reason=!meetsSchedule
02-20 20:05:33.532  1679  1679 D ConditionProviders.SCP: notifyCondition condition://android/schedule?days=1.2.3.4.5&start=22.0&end=7.0&exitAtAlarm=false STATE_FALSE reason=!meetsSchedule
02-20 20:05:33.532  1679  1679 D ConditionProviders.SCP: Scheduling evaluate for Tue Feb 20 22:00:00 GMT+00:00 2018 (1519164000000), in +1h54m26s469ms, now=Tue Feb 20 20:05:33 GMT+00:00 2018 (1519157133531)
02-20 20:05:33.542  1679  1748 E ActivityThread: Failed to find provider info for com.android.calendar
02-20 20:05:33.542  1679  1748 E ActivityThread: Failed to find provider info for com.android.calendar
02-20 20:05:33.546  1919  1919 I SST     : NITZ: after Setting time of day
02-20 20:05:33.547  1919  1919 D SST     : NITZ: end=14670 dur=23
02-20 20:05:33.547  1919  1919 D SST     : mDeviceShuttingDown=false, mDesiredPowerState=true, getRadioState=RADIO_ON, mPowerOffDelayNeed=true, mAlarmSwitch=false, mRadioDisabledByCarrier=false
02-20 20:05:33.547  1919  1919 D RILJ    : [3667]> OPERATOR [SUB0]
02-20 20:05:33.547  1919  1919 D RILJ    : [3668]> DATA_REGISTRATION_STATE [SUB0]
02-20 20:05:33.547  1375  1470 D RIL     : onRequest: OPERATOR
02-20 20:05:33.547  1375  1470 D AT      : AT> AT+COPS=3,0;+COPS?;+COPS=3,1;+COPS?;+COPS=3,2;+COPS?
02-20 20:05:33.548  1919  1919 D RILJ    : [3669]> VOICE_REGISTRATION_STATE [SUB0]
02-20 20:05:33.548  1375  1473 D AT      : AT< +COPS: 0,0,"Android"
02-20 20:05:33.548  1375  1473 D AT      : AT< +COPS: 0,1,"Android"
02-20 20:05:33.548  1375  1473 D AT      : AT< +COPS: 0,2,"310260"
02-20 20:05:33.548  1375  1473 D AT      : AT< OK
02-20 20:05:33.548  1375  1470 D RIL     : onRequest: DATA_REGISTRATION_STATE
02-20 20:05:33.548  1375  1470 D RIL     : requestRegistrationState
02-20 20:05:33.548  1375  1470 D AT      : AT> AT+CGREG?
02-20 20:05:33.548  1919  2009 D RILJ    : [3667]< OPERATOR {Android, Android, 310260} [SUB0]
02-20 20:05:33.548  1919  1919 D RILJ    : [3670]> QUERY_NETWORK_SELECTION_MODE [SUB0]
02-20 20:05:33.548  1375  1473 D AT      : AT< +CGREG: 1,1,"0003","005b","000e"
02-20 20:05:33.548  1375  1473 D AT      : AT< OK
02-20 20:05:33.548  1375  1470 D RIL     : parseRegistrationState. Parsing: +CGREG: 1,1,"0003","005b","000e"
02-20 20:05:33.548  1375  1470 D RIL     : registration state type: 3GPP
02-20 20:05:33.548  1375  1470 D RIL     : onRequest: VOICE_REGISTRATION_STATE
02-20 20:05:33.548  1375  1470 D RIL     : requestRegistrationState
02-20 20:05:33.548  1375  1470 D AT      : AT> AT+CREG?
02-20 20:05:33.548  1919  2009 D RILJ    : [3668]< DATA_REGISTRATION_STATE {1, 3, 5b, 14, null, null} [SUB0]
02-20 20:05:33.549  1375  1473 D AT      : AT< +CREG: 2,1, "0003", "005b"
02-20 20:05:33.549  1375  1473 D AT      : AT< OK
02-20 20:05:33.549  1375  1470 D RIL     : parseRegistrationState. Parsing: +CREG: 2,1, "0003", "005b"
02-20 20:05:33.549  1375  1470 D RIL     : registration state type: 3GPP
02-20 20:05:33.549  1919  1919 D SST     : onSignalStrengthResult() Exception from RIL : com.android.internal.telephony.CommandException: RADIO_NOT_AVAILABLE
02-20 20:05:33.549  1919  2009 D RILJ    : [3669]< VOICE_REGISTRATION_STATE {1, 3, 5b, 0, null, null, null, null, null, null, null, null, null, null, null} [SUB0]
02-20 20:05:33.550  1375  1470 D RIL     : onRequest: QUERY_NETWORK_SELECTION_MODE
02-20 20:05:33.550  1375  1470 D AT      : AT> AT+COPS?
02-20 20:05:33.550  1375  1473 D AT      : AT< +COPS: 0,2,310260
02-20 20:05:33.550  1375  1473 D AT      : AT< OK
02-20 20:05:33.550  1919  2009 D RILJ    : [3670]< QUERY_NETWORK_SELECTION_MODE {0} [SUB0]
02-20 20:05:33.550  1919  1919 D DCT     : [0]onRadioAvailable
02-20 20:05:33.550  1919  1919 D DCT     : [0]onRadioOffOrNotAvailable: is off and clean up all connections
02-20 20:05:33.550  1919  1919 D DCT     : [0]cleanUpAllConnections: tearDown=false reason=radioTurnedOff
02-20 20:05:33.551  1919  1919 D GsmCdmaPhone: [GsmCdmaPhone] getDataConnectionState apnType=default ret=DISCONNECTED
02-20 20:05:33.552  1919  1919 D DCT     : [0]cleanUpConnection: X tearDown=false reason=radioTurnedOff apnContext={mApnType=default mState=IDLE mWaitingApns={null} mApnSetting={null} mReason=radioTurnedOff mDataEnabled=false mDependencyMet=true} dcac=null
02-20 20:05:33.552  1919  1919 D GsmCdmaPhone: [GsmCdmaPhone] getDataConnectionState apnType=mms ret=DISCONNECTED
02-20 20:05:33.553  1919  1919 D DCT     : [0]cleanUpConnection: X tearDown=false reason=radioTurnedOff apnContext={mApnType=mms mState=IDLE mWaitingApns={null} mApnSetting={null} mReason=radioTurnedOff mDataEnabled=false mDependencyMet=true} dcac=null
02-20 20:05:33.553  1919  1919 D GsmCdmaPhone: [GsmCdmaPhone] getDataConnectionState apnType=cbs ret=DISCONNECTED
02-20 20:05:33.554  1919  1919 D DCT     : [0]cleanUpConnection: X tearDown=false reason=radioTurnedOff apnContext={mApnType=cbs mState=IDLE mWaitingApns={null} mApnSetting={null} mReason=radioTurnedOff mDataEnabled=false mDependencyMet=true} dcac=null
02-20 20:05:33.554  1919  1919 D GsmCdmaPhone: [GsmCdmaPhone] getDataConnectionState apnType=fota ret=DISCONNECTED
02-20 20:05:33.555  1919  1919 D DCT     : [0]cleanUpConnection: X tearDown=false reason=radioTurnedOff apnContext={mApnType=fota mState=IDLE mWaitingApns={null} mApnSetting={null} mReason=radioTurnedOff mDataEnabled=false mDependencyMet=true} dcac=null
02-20 20:05:33.555  1919  1919 D GsmCdmaPhone: [GsmCdmaPhone] getDataConnectionState apnType=supl ret=DISCONNECTED
02-20 20:05:33.556  1919  1919 D DCT     : [0]cleanUpConnection: X tearDown=false reason=radioTurnedOff apnContext={mApnType=supl mState=IDLE mWaitingApns={null} mApnSetting={null} mReason=radioTurnedOff mDataEnabled=false mDependencyMet=true} dcac=null
02-20 20:05:33.557  1919  1919 D GsmCdmaPhone: [GsmCdmaPhone] getDataConnectionState apnType=ia ret=DISCONNECTED
02-20 20:05:33.559  1919  1919 D DCT     : [0]cleanUpConnection: X tearDown=false reason=radioTurnedOff apnContext={mApnType=ia mState=IDLE mWaitingApns={null} mApnSetting={null} mReason=radioTurnedOff mDataEnabled=false mDependencyMet=true} dcac=null
02-20 20:05:33.559  1919  1919 D GsmCdmaPhone: [GsmCdmaPhone] getDataConnectionState apnType=emergency ret=DISCONNECTED
02-20 20:05:33.560  1919  1919 D DCT     : [0]cleanUpConnection: X tearDown=false reason=radioTurnedOff apnContext={mApnType=emergency mState=IDLE mWaitingApns={null} mApnSetting={null} mReason=radioTurnedOff mDataEnabled=false mDependencyMet=true} dcac=null
02-20 20:05:33.560  1919  1919 D GsmCdmaPhone: [GsmCdmaPhone] getDataConnectionState apnType=hipri ret=DISCONNECTED
02-20 20:05:33.566  1919  1919 D DCT     : [0]cleanUpConnection: X tearDown=false reason=radioTurnedOff apnContext={mApnType=hipri mState=IDLE mWaitingApns={null} mApnSetting={null} mReason=radioTurnedOff mDataEnabled=false mDependencyMet=true} dcac=null
02-20 20:05:33.566  1919  1919 D GsmCdmaPhone: [GsmCdmaPhone] getDataConnectionState apnType=ims ret=DISCONNECTED
02-20 20:05:33.568  1764  1764 W System  : ClassLoader referenced unknown path: 
02-20 20:05:33.568  1764  1764 W System  : ClassLoader referenced unknown path: /system/priv-app/Dialer/lib/x86_64
02-20 20:05:33.569  1764  1764 D ApplicationLoaders: ignored Vulkan layer search path /system/priv-app/Dialer/lib/x86_64:/system/lib64:/vendor/lib64 for namespace 0x7b4d1bd880f0
02-20 20:05:33.571  1919  1919 D DCT     : [0]cleanUpConnection: X tearDown=false reason=radioTurnedOff apnContext={mApnType=ims mState=IDLE mWaitingApns={null} mApnSetting={null} mReason=radioTurnedOff mDataEnabled=false mDependencyMet=true} dcac=null
02-20 20:05:33.571  1919  1919 D DCT     : [0]stopNetStatPoll
02-20 20:05:33.574  1919  1919 D DCT     : [0]cleanUpConnection: mDisconnectPendingCount = 0
02-20 20:05:33.575  1919  1919 D DCT     : [0]isDataAllowed: No - SIM not loaded - Not attached
02-20 20:05:33.627  1919  1919 D DCT     : [0]onDataConnectionDetached: stop polling and notify detached
02-20 20:05:33.627  1919  1919 D DCT     : [0]stopNetStatPoll
02-20 20:05:33.627  1919  1919 D DCT     : [0]notifyDataConnection: reason=dataDetached
02-20 20:05:33.627  1919  1919 D DCT     : [0]isDataAllowed: No - SIM not loaded - Not attached
02-20 20:05:33.637  1764  1764 E BluetoothAdapter: Bluetooth binder is null
02-20 20:05:33.649  1679  1690 D TelephonyRegistry: listen oscl: hasNotifySubscriptionInfoChangedOccurred==false no callback
02-20 20:05:33.662  1764  1764 I CameraManagerGlobal: Connecting to camera service
02-20 20:05:33.664  1366  1366 V EmulatedCamera_Camera: getCameraInfo
02-20 20:05:33.664  1366  1366 V EmulatedCamera_BaseCamera: getCameraInfo
02-20 20:05:33.664  1366  1366 I CameraService: getCameraCharacteristics: Switching to HAL1 shim implementation...
02-20 20:05:33.664  1366  1366 V EmulatedCamera_Camera: getCameraInfo
02-20 20:05:33.664  1366  1366 V EmulatedCamera_BaseCamera: getCameraInfo
02-20 20:05:33.664  1366  1366 I CameraService: CameraService::connect call (PID -1 "cameraserver", camera ID 0) for HAL version default and Camera API version 1
02-20 20:05:33.664  1366  1366 E CameraService: getCameraPriorityFromProcState: Received invalid process state -1 from ActivityManagerService!
02-20 20:05:33.664  1366  1366 V EmulatedCamera_Camera: getCameraInfo
02-20 20:05:33.664  1366  1366 V EmulatedCamera_BaseCamera: getCameraInfo
02-20 20:05:33.666  1919  1940 D SubscriptionController: [getActiveSubInfoList] Sub Controller not ready
02-20 20:05:33.671  1919  1919 D DCT     : [0]onRoamingOff
02-20 20:05:33.671  1919  1919 D DCT     : [0]isDataAllowed: No - SIM not loaded - Not attached
02-20 20:05:33.688  1919  1953 D SubscriptionController: [getActiveSubInfoList] Sub Controller not ready
02-20 20:05:33.689  1373  2068 E WVMExtractor: Failed to open libwvm.so: dlopen failed: library "libwvm.so" not found
02-20 20:05:33.702  1373  2067 D NuPlayerDriver: notifyListener_l(0xeba8c420), (1, 0, 0), loop setting(0, 0)
02-20 20:05:33.705  1919  1919 D DCT     : [0]setupDataOnConnectableApns: roamingOff hipri:[state=IDLE,enabled=false] mms:[state=IDLE,enabled=false] supl:[state=IDLE,enabled=false] ia:[state=IDLE,enabled=false] fota:[state=IDLE,enabled=false] ims:[state=IDLE,enabled=false] cbs:[state=IDLE,enabled=false] default:[state=IDLE,enabled=false] emergency:[state=IDLE,enabled=false] 
02-20 20:05:33.705  1919  1919 D DCT     : [0]setupDataOnConnectableApns: nwTypeChanged hipri:[state=IDLE,enabled=false] mms:[state=IDLE,enabled=false] supl:[state=IDLE,enabled=false] ia:[state=IDLE,enabled=false] fota:[state=IDLE,enabled=false] ims:[state=IDLE,enabled=false] cbs:[state=IDLE,enabled=false] default:[state=IDLE,enabled=false] emergency:[state=IDLE,enabled=false] 
02-20 20:05:33.705  1919  1919 D DCT     : [0]NETWORK_STATE_CHANGED_ACTION: mIsWifiConnected=false
02-20 20:05:33.705  1919  1919 D DCT     : [0]Wifi state changed
02-20 20:05:33.705  1919  1919 D DCT     : [0]WIFI_STATE_CHANGED_ACTION: enabled=true mIsWifiConnected=false
02-20 20:05:33.705  1919  1919 D SubscriptionInfoUpdater: [Receiver]+
02-20 20:05:33.705  1919  1919 D SubscriptionInfoUpdater: Action: android.intent.action.SIM_STATE_CHANGED
02-20 20:05:33.705  1919  1919 D SubscriptionInfoUpdater: slotId: 0
02-20 20:05:33.705  1919  1919 D SubscriptionInfoUpdater: simStatus: NOT_READY
02-20 20:05:33.705  1919  1919 D SubscriptionInfoUpdater: Ignoring simStatus: NOT_READY
02-20 20:05:33.705  1919  1919 D SubscriptionInfoUpdater: [Receiver]-
02-20 20:05:33.705  1919  1919 D PhoneSwitcherNetworkRequstListener: got request NetworkRequest [ REQUEST id=1, [ Capabilities: INTERNET&NOT_RESTRICTED&TRUSTED&NOT_VPN] ] with score 0
02-20 20:05:33.705  1919  1919 D TelephonyNetworkFactory[0]: onSubIdChange -1->-2
02-20 20:05:33.705  1919  1919 D TelephonyNetworkFactory[0]: got request NetworkRequest [ REQUEST id=1, [ Capabilities: INTERNET&NOT_RESTRICTED&TRUSTED&NOT_VPN] ] with score 0
02-20 20:05:33.718  1919  1919 D DebugService: DebugService DebugService:
02-20 20:05:33.718  1919  1919 D TelephonyDebugService: TelephonyDebugService()
02-20 20:05:33.727  1373  2069 D NuPlayerDriver: notifyListener_l(0xed2a8fc0), (1, 0, 0), loop setting(0, 0)
02-20 20:05:33.729  1919  1919 D CarrierConfigLoader: mHandler: 12 phoneId: 0
02-20 20:05:33.731  1919  1919 D RILJ    : [3671]> RIL_REQUEST_QUERY_TTY_MODE [SUB0]
02-20 20:05:33.734  1375  1470 D RIL     : onRequest: QUERY_TTY_MODE
02-20 20:05:33.734  1375  1470 D RIL     : Request not supported. Tech: 1
02-20 20:05:33.734  1919  2009 D RilRequest: [3671]< RIL_REQUEST_QUERY_TTY_MODE error: com.android.internal.telephony.CommandException: REQUEST_NOT_SUPPORTED ret=
02-20 20:05:33.734  1919  1919 D UiccController: Received EVENT_GET_ICC_STATUS_DONE
02-20 20:05:33.734  1919  1919 D UiccCard: 2 applications
02-20 20:05:33.737  1919  1919 D UiccCardApplication: Creating UiccApp: {APPTYPE_SIM,APPSTATE_DETECTED}
02-20 20:05:33.742  1373  2071 D NuPlayerDriver: notifyListener_l(0xed2a8f00), (1, 0, 0), loop setting(0, 0)
02-20 20:05:33.742  1679  1787 I am_proc_start: [0,2073,10067,com.google.android.deskclock,broadcast,com.google.android.deskclock/com.android.deskclock.AlarmInitReceiver]
02-20 20:05:33.742  1679  1787 I ActivityManager: Start proc 2073:com.google.android.deskclock/u0a67 for broadcast com.google.android.deskclock/com.android.deskclock.AlarmInitReceiver
02-20 20:05:33.746  1366  1366 I CameraFlashlight: Opening camera 0
02-20 20:05:33.746  1366  1366 V EmulatedCamera_Camera: getCameraInfo
02-20 20:05:33.746  1366  1366 V EmulatedCamera_BaseCamera: getCameraInfo
02-20 20:05:33.746  1366  1366 V EmulatedCamera_Camera: connectCamera
02-20 20:05:33.746  1366  1366 V EmulatedCamera_FakeDevice: connectDevice
02-20 20:05:33.746  1366  1366 V EmulatedCamera_CallbackNotifier: setCallbacks: 0xeccdee80, 0xeccdeed0, 0xeccdeff0, 0xeccdf110 (0xec243320)
02-20 20:05:33.746  1366  1366 V EmulatedCamera_CallbackNotifier: enableMessage: msg_type = 0xc0d
02-20 20:05:33.746  1366  1366 V EmulatedCamera_CallbackNotifier:     CAMERA_MSG_ERROR
02-20 20:05:33.746  1366  1366 V EmulatedCamera_CallbackNotifier:     CAMERA_MSG_FOCUS
02-20 20:05:33.746  1366  1366 V EmulatedCamera_CallbackNotifier:     CAMERA_MSG_ZOOM
02-20 20:05:33.746  1366  1366 V EmulatedCamera_CallbackNotifier:     CAMERA_MSG_PREVIEW_METADATA
02-20 20:05:33.746  1366  1366 V EmulatedCamera_CallbackNotifier: **** Currently enabled messages:
02-20 20:05:33.746  1366  1366 V EmulatedCamera_CallbackNotifier:     CAMERA_MSG_ERROR
02-20 20:05:33.746  1366  1366 V EmulatedCamera_CallbackNotifier:     CAMERA_MSG_FOCUS
02-20 20:05:33.746  1366  1366 V EmulatedCamera_CallbackNotifier:     CAMERA_MSG_ZOOM
02-20 20:05:33.746  1366  1366 V EmulatedCamera_CallbackNotifier:     CAMERA_MSG_PREVIEW_METADATA
02-20 20:05:33.746  1366  1366 V EmulatedCamera_CallbackNotifier: disableMessage: msg_type = 0xffff
02-20 20:05:33.746  1366  1366 V EmulatedCamera_CallbackNotifier:     CAMERA_MSG_ERROR
02-20 20:05:33.746  1366  1366 V EmulatedCamera_CallbackNotifier:     CAMERA_MSG_SHUTTER
02-20 20:05:33.746  1366  1366 V EmulatedCamera_CallbackNotifier:     CAMERA_MSG_FOCUS
02-20 20:05:33.746  1366  1366 V EmulatedCamera_CallbackNotifier:     CAMERA_MSG_ZOOM
02-20 20:05:33.746  1366  1366 V EmulatedCamera_CallbackNotifier:     CAMERA_MSG_PREVIEW_FRAME
02-20 20:05:33.746  1366  1366 V EmulatedCamera_CallbackNotifier:     CAMERA_MSG_VIDEO_FRAME
02-20 20:05:33.746  1366  1366 V EmulatedCamera_CallbackNotifier:     CAMERA_MSG_POSTVIEW_FRAME
02-20 20:05:33.746  1366  1366 V EmulatedCamera_CallbackNotifier:     CAMERA_MSG_RAW_IMAGE
02-20 20:05:33.746  1366  1366 V EmulatedCamera_CallbackNotifier:     CAMERA_MSG_COMPRESSED_IMAGE
02-20 20:05:33.746  1366  1366 V EmulatedCamera_CallbackNotifier:     CAMERA_MSG_RAW_IMAGE_NOTIFY
02-20 20:05:33.746  1366  1366 V EmulatedCamera_CallbackNotifier:     CAMERA_MSG_PREVIEW_METADATA
02-20 20:05:33.746  1366  1366 V EmulatedCamera_CallbackNotifier: **** Currently enabled messages:
02-20 20:05:33.746  1366  1366 V EmulatedCamera_Preview: setPreviewWindow: current: 0x0 -> new: 0x0
02-20 20:05:33.746  1366  1366 V EmulatedCamera_Camera: doStopPreview
02-20 20:05:33.747  1366  1366 V EmulatedCamera_Camera: cancelPicture
02-20 20:05:33.747  1366  1366 V EmulatedCamera_Camera: releaseCamera
02-20 20:05:33.747  1366  1366 V EmulatedCamera_Camera: doStopPreview
02-20 20:05:33.747  1366  1366 V EmulatedCamera_FakeDevice: disconnectDevice
02-20 20:05:33.747  1366  1366 W EmulatedCamera_Device: Initialize: Emulated camera device is already initialized: mState = 1
02-20 20:05:33.747  1366  1366 D EmulatedCamera_FakeCamera: Initialize: Fake camera is facing back
02-20 20:05:33.747  1366  1366 V EmulatedCamera_Device: initializeWhiteBalanceModes with auto, 1.000000, 1.000000
02-20 20:05:33.747  1366  1366 V EmulatedCamera_Device: initializeWhiteBalanceModes with incandescent, 1.380000, 0.600000
02-20 20:05:33.747  1366  1366 V EmulatedCamera_Device: initializeWhiteBalanceModes with daylight, 1.090000, 0.920000
02-20 20:05:33.747  1366  1366 V EmulatedCamera_Device: initializeWhiteBalanceModes with twilight, 0.920000, 1.220000
02-20 20:05:33.747  1366  1366 V EmulatedCamera_Device: setWhiteBalanceMode with white balance auto
02-20 20:05:33.747  1366  1366 I CameraFlashlight: Destroying camera 0
02-20 20:05:33.747  1366  1366 V EmulatedCamera_Camera: closeCamera
02-20 20:05:33.747  1366  1366 V EmulatedCamera_Camera: doStopPreview
02-20 20:05:33.747  1366  1366 W EmulatedCamera_Device: Initialize: Emulated camera device is already initialized: mState = 1
02-20 20:05:33.747  1366  1366 D EmulatedCamera_FakeCamera: Initialize: Fake camera is facing back
02-20 20:05:33.747  1366  1366 V EmulatedCamera_Device: initializeWhiteBalanceModes with auto, 1.000000, 1.000000
02-20 20:05:33.747  1366  1366 V EmulatedCamera_Device: initializeWhiteBalanceModes with incandescent, 1.380000, 0.600000
02-20 20:05:33.747  1366  1366 V EmulatedCamera_Device: initializeWhiteBalanceModes with daylight, 1.090000, 0.920000
02-20 20:05:33.747  1366  1366 V EmulatedCamera_Device: initializeWhiteBalanceModes with twilight, 0.920000, 1.220000
02-20 20:05:33.747  1366  1366 V EmulatedCamera_Device: setWhiteBalanceMode with white balance auto
02-20 20:05:33.748  1366  1366 I CameraService: disconnect: Disconnected client for camera 0 for PID 1366
02-20 20:05:33.748  1373  1967 D NuPlayerDriver: reset(0xeba8c420) at state 4
02-20 20:05:33.748  1373  1967 D NuPlayerDriver: notifyListener_l(0xeba8c420), (8, 0, 0), loop setting(0, 0)
02-20 20:05:33.749  1373  2067 D NuPlayerDriver: notifyResetComplete(0xeba8c420)
02-20 20:05:33.750  1919  1919 W VoiceMailConstants: Can't open /system/etc/voicemail-conf.xml
02-20 20:05:33.750  1919  1919 D SpnOverride: No SPN in OEM image = /oem/telephony/spn-conf.xml Load SPN from system image
02-20 20:05:33.751  1373  1373 D NuPlayerDriver: reset(0xed2a8fc0) at state 4
02-20 20:05:33.751  1373  1373 D NuPlayerDriver: notifyListener_l(0xed2a8fc0), (8, 0, 0), loop setting(0, 0)
02-20 20:05:33.751  1919  1919 W SpnOverride: Can not open /system/etc/spn-conf.xml
02-20 20:05:33.751  1373  2069 D NuPlayerDriver: notifyResetComplete(0xed2a8fc0)
02-20 20:05:33.751  1919  1919 D SIMRecords: [SIMRecords] setting0 mMncLength-1
02-20 20:05:33.751  1919  1919 D SIMRecords: [SIMRecords] SIMRecords: onRadioOffOrNotAvailable set 'gsm.sim.operator.numeric' to operator=null
02-20 20:05:33.751  1373  1440 D NuPlayerDriver: reset(0xed2a8f00) at state 4
02-20 20:05:33.751  1373  1440 D NuPlayerDriver: notifyListener_l(0xed2a8f00), (8, 0, 0), loop setting(0, 0)
02-20 20:05:33.751  1919  1919 D SIMRecords: [SIMRecords] update icc_operator_numeric=null
02-20 20:05:33.751  1373  2071 D NuPlayerDriver: notifyResetComplete(0xed2a8f00)
02-20 20:05:33.751  1919  1919 D TelephonyManager: setTelephonyProperty: success phoneId=0 property=gsm.sim.operator.numeric value:  propVal=
02-20 20:05:33.759  1366  1712 V EmulatedCamera_Camera: getCameraInfo
02-20 20:05:33.759  1366  1712 V EmulatedCamera_BaseCamera: getCameraInfo
02-20 20:05:33.760  1919  1919 D TelephonyManager: setTelephonyProperty: success phoneId=0 property=gsm.sim.operator.alpha value:  propVal=
02-20 20:05:33.761  1919  1919 D TelephonyManager: setTelephonyProperty: success phoneId=0 property=gsm.sim.operator.iso-country value:  propVal=
02-20 20:05:33.761  1919  1919 D SIMRecords: [SIMRecords] getOperatorNumeric: IMSI == null
02-20 20:05:33.761  1919  1919 D SIMRecords: [SIMRecords] SIMRecords X ctor this=SimRecords: mDestroyed=false mContext=com.android.phone.PhoneGlobals@3f07cd2 mCi=com.android.internal.telephony.RIL@e4128d4 mFh=Handler (com.android.internal.telephony.uicc.SIMFileHandler) {fd951a3} mParentApp=com.android.internal.telephony.uicc.UiccCardApplication@d799ca0 recordsLoadedRegistrants=android.os.RegistrantList@e40a059 mImsiReadyRegistrants=android.os.RegistrantList@35941e mRecordsEventsRegistrants=android.os.RegistrantList@72564ff mNewSmsRegistrants=android.os.RegistrantList@bebe2cc mNetworkSelectionModeAutomaticRegistrants=android.os.RegistrantList@851e915 recordsToLoad=0 adnCache=Handler (com.android.internal.telephony.uicc.AdnRecordCache) {b22d42a} recordsRequested=false iccid=null msisdnTag=null voiceMailNum=null voiceMailTag=null voiceMailNum=null newVoiceMailTag=null isVoiceMailFixed=false mImsi=null mncLength=-1 mailboxIndex=0 spn=null mVmConfigcom.android.internal.telephony.uicc.VoiceMailConstants@cf5521b mSpnOverride=mSpnOverride callForwardingEnabled=0 spnState=null mCphsInfo=null mCspPlmnEnabled=true efMWIS=null efCPHS_MWI=null mEfCff=null mEfCfis=null getOperatorNumeric=null
02-20 20:05:33.762  1366  1366 V EmulatedCamera_Camera: getCameraInfo
02-20 20:05:33.762  1366  1366 V EmulatedCamera_BaseCamera: getCameraInfo
02-20 20:05:33.762  1919  1919 D UiccCardApplication: Creating UiccApp: {APPTYPE_RUIM,APPSTATE_DETECTED}
02-20 20:05:33.762  1919  1919 D RuimRecords: [RuimRecords] setting0 mMncLength-1
02-20 20:05:33.762  1919  1919 D RuimRecords: [RuimRecords] RuimRecords X ctor this=RuimRecords: mDestroyed=false mContext=com.android.phone.PhoneGlobals@3f07cd2 mCi=com.android.internal.telephony.RIL@e4128d4 mFh=Handler (com.android.internal.telephony.uicc.RuimFileHandler) {2f50191} mParentApp=com.android.internal.telephony.uicc.UiccCardApplication@ff208f6 recordsLoadedRegistrants=android.os.RegistrantList@d0cf4f7 mImsiReadyRegistrants=android.os.RegistrantList@f31bf64 mRecordsEventsRegistrants=android.os.RegistrantList@bd725cd mNewSmsRegistrants=android.os.RegistrantList@1adbe82 mNetworkSelectionModeAutomaticRegistrants=android.os.RegistrantList@191e993 recordsToLoad=0 adnCache=Handler (com.android.internal.telephony.uicc.AdnRecordCache) {afd6dd0} recordsRequested=false iccid=null msisdnTag=null voiceMailNum=null voiceMailTag=null voiceMailNum=null newVoiceMailTag=null isVoiceMailFixed=false mImsi=null mncLength=-1 mailboxIndex=0 spn=null m_ota_commitedfalse mMyMobileNumber=xxxx mMin2Min1=null mPrlVersion=null mEFpl=null mEFli=null mCsimSpnDisplayCondition=false mMdn=null mMin=null mHomeSystemId=null mHomeNetworkId=null
02-20 20:05:33.771  1919  1919 D CAT     : CatService: registerForRecordsLoaded slotid=0 instance:Handler (com.android.internal.telephony.cat.CatService) {2c04185}
02-20 20:05:33.771  1919  1919 D CAT     : CatService: Running CAT service on Slotid: 0. STK app installed:false
02-20 20:05:33.771  1919  1919 D UiccCard: Before privilege rules: null : CARDSTATE_PRESENT
02-20 20:05:33.772  1919  1919 D RILJ    : [3672]> RIL_REQUEST_SIM_OPEN_CHANNEL [SUB0]
02-20 20:05:33.772  1919  1919 E UiccCard: App index 8 is invalid since there are no applications
02-20 20:05:33.772  1919  1919 D UiccCard: update: radioState=RADIO_ON mLastRadioState=RADIO_UNAVAILABLE
02-20 20:05:33.773  1919  1919 D UiccController: Notifying IccChangedRegistrants
02-20 20:05:33.773  1375  1470 D RIL     : onRequest: SIM_OPEN_CHANNEL
02-20 20:05:33.773  1375  1470 D AT      : AT> AT+CCHO=A00000015141434C00
02-20 20:05:33.775  1375  1473 D AT      : AT< 1
02-20 20:05:33.775  1375  1473 D AT      : AT< OK
02-20 20:05:33.775  1919  1919 D GsmCdmaPhone: get phone radio capability fail, no need to change mRadioCapability
02-20 20:05:33.775  1919  1919 D GsmCdmaPhone: EVENT_GET_RADIO_CAPABILITY: phone rc: null
02-20 20:05:33.775  1919  1919 D Phone   : config LCE service failed: com.android.internal.telephony.CommandException: RADIO_NOT_AVAILABLE
02-20 20:05:33.775  1919  1919 D SST     : mDeviceShuttingDown=false, mDesiredPowerState=true, getRadioState=RADIO_ON, mPowerOffDelayNeed=true, mAlarmSwitch=false, mRadioDisabledByCarrier=false
02-20 20:05:33.775  1919  1919 D RILJ    : [3673]> OPERATOR [SUB0]
02-20 20:05:33.775  1919  2009 D RILJ    : [3672]< RIL_REQUEST_SIM_OPEN_CHANNEL  [SUB0]
02-20 20:05:33.775  2073  2073 W art     : Unexpected CPU variant for X86 using defaults: x86_64
02-20 20:05:33.776  1919  1919 D RILJ    : [3674]> DATA_REGISTRATION_STATE [SUB0]
02-20 20:05:33.776  1919  1919 D RILJ    : [3675]> VOICE_REGISTRATION_STATE [SUB0]
02-20 20:05:33.776  1375  1470 D RIL     : onRequest: OPERATOR
02-20 20:05:33.776  1375  1470 D AT      : AT> AT+COPS=3,0;+COPS?;+COPS=3,1;+COPS?;+COPS=3,2;+COPS?
02-20 20:05:33.776  1375  1473 D AT      : AT< +COPS: 0,0,"Android"
02-20 20:05:33.776  1919  1919 D RILJ    : [3676]> QUERY_NETWORK_SELECTION_MODE [SUB0]
02-20 20:05:33.776  1375  1473 D AT      : AT< +COPS: 0,1,"Android"
02-20 20:05:33.776  1375  1473 D AT      : AT< +COPS: 0,2,"310260"
02-20 20:05:33.776  1375  1473 D AT      : AT< OK
02-20 20:05:33.777  1375  1470 D RIL     : onRequest: DATA_REGISTRATION_STATE
02-20 20:05:33.777  1375  1470 D RIL     : requestRegistrationState
02-20 20:05:33.777  1375  1470 D AT      : AT> AT+CGREG?
02-20 20:05:33.777  1919  2009 D RILJ    : [3673]< OPERATOR {Android, Android, 310260} [SUB0]
02-20 20:05:33.778  1375  1473 D AT      : AT< +CGREG: 1,1,"0003","005b","000e"
02-20 20:05:33.778  1375  1473 D AT      : AT< OK
02-20 20:05:33.778  1375  1470 D RIL     : parseRegistrationState. Parsing: +CGREG: 1,1,"0003","005b","000e"
02-20 20:05:33.778  1919  1919 D RILJ    : [3677]> GET_CURRENT_CALLS [SUB0]
02-20 20:05:33.778  1375  1470 D RIL     : registration state type: 3GPP
02-20 20:05:33.778  1375  1470 D RIL     : onRequest: VOICE_REGISTRATION_STATE
02-20 20:05:33.778  1375  1470 D RIL     : requestRegistrationState
02-20 20:05:33.778  1375  1470 D AT      : AT> AT+CREG?
02-20 20:05:33.778  1919  2009 D RILJ    : [3674]< DATA_REGISTRATION_STATE {1, 3, 5b, 14, null, null} [SUB0]
02-20 20:05:33.778  1375  1473 D AT      : AT< +CREG: 2,1, "0003", "005b"
02-20 20:05:33.778  1375  1473 D AT      : AT< OK
02-20 20:05:33.778  1375  1470 D RIL     : parseRegistrationState. Parsing: +CREG: 2,1, "0003", "005b"
02-20 20:05:33.778  1375  1470 D RIL     : registration state type: 3GPP
02-20 20:05:33.778  1375  1470 D RIL     : onRequest: QUERY_NETWORK_SELECTION_MODE
02-20 20:05:33.778  1375  1470 D AT      : AT> AT+COPS?
02-20 20:05:33.779  1919  2009 D RILJ    : [3675]< VOICE_REGISTRATION_STATE {1, 3, 5b, 0, null, null, null, null, null, null, null, null, null, null, null} [SUB0]
02-20 20:05:33.787  1919  1919 D RILJ    : [3678]> RIL_REQUEST_IMS_REGISTRATION_STATE [SUB0]
02-20 20:05:33.787  1375  1473 D AT      : AT< +COPS: 0,2,310260
02-20 20:05:33.787  1375  1473 D AT      : AT< OK
