02-20 20:05:34.019  1919  1919 D SST     : handlPollStateResultMessage: GsmSST setDataRegState=0 regState=1 dataRadioTechnology=14
02-20 20:05:34.019  1919  1919 D SST     : EVENT_POLL_STATE_NETWORK_SELECTION_MODE
02-20 20:05:34.020  1919  1919 D SST     : Poll ServiceState done:  oldSS=[0 0 voice home data home Android Android 310260 Android Android 310260  Unknown LTE CSS not supported -1 -1 RoamInd=-1 DefRoamInd=-1 EmergOnly=false IsDataRoamingFromRegistration=false IsUsingCarrierAggregation=false] newSS=[0 0 voice home data home Android Android 310260 Android Android 310260  Unknown LTE CSS not supported -1 -1 RoamInd=-1 DefRoamInd=-1 EmergOnly=false IsDataRoamingFromRegistration=false IsUsingCarrierAggregation=false] oldMaxDataCalls=1 mNewMaxDataCalls=1 oldReasonDataDenied=-1 mNewReasonDataDenied=-1
02-20 20:05:34.020  1919  1919 D RuimRecords: [RuimRecords] NO update mccmnc=310260
02-20 20:05:34.020  1919  1919 D RuimRecords: [RuimRecords] onRecordLoaded 9 requested: true
02-20 20:05:34.020  1919  1919 D RILJ    : [3730]> iccIO: SIM_IO 0xb0 0x2fe2  path: 3F00,0,0,10 aid: null [SUB0]
02-20 20:05:34.020  1919  1919 D RILJ    : [3731]> RIL_REQUEST_SIM_CLOSE_CHANNEL [SUB0]
02-20 20:05:34.028  1919  1919 D IccCardProxy: broadcastIccStateChangedIntent intent ACTION_SIM_STATE_CHANGED value=IMSI reason=null for mPhoneId=0
02-20 20:05:34.030  1375  1473 D AT      : AT< +CRSM: 144,0,43058441aa890affffffffffffffffffffffffffffffffff
02-20 20:05:34.031  1375  1473 D AT      : AT< OK
02-20 20:05:34.031  1375  1470 D RIL     : onRequest: SIM_IO
02-20 20:05:34.031  1375  1470 D AT      : AT> AT+CRSM=176,28472,0,0,15
02-20 20:05:34.032  1919  1919 D SIMRecords: [SIMRecords] onRecordLoaded 15 requested: true
02-20 20:05:34.032  1919  1919 D RILJ    : [3732]> iccIO: SIM_IO 0xc0 0x6f14  path: 3F007F20,0,0,15 aid: null [SUB0]
02-20 20:05:34.040  1919  1919 D SIMRecords: [SIMRecords] onRecordLoaded 15 requested: true
02-20 20:05:34.040  1919  1919 D SIMRecords: [SIMRecords] onRecordLoaded 14 requested: true
02-20 20:05:34.040  1919  1919 E SIMRecords: [SIMRecords] Exception in fetching EF_CSP data com.android.internal.telephony.CommandException: GENERIC_FAILURE
02-20 20:05:34.040  1919  1919 D SIMRecords: [SIMRecords] onRecordLoaded 13 requested: true
02-20 20:05:34.040  1919  1919 E SIMRecords: [SIMRecords] Exception in get GID1 com.android.internal.telephony.CommandException: GENERIC_FAILURE
02-20 20:05:34.040  1919  1919 D SIMRecords: [SIMRecords] onRecordLoaded 12 requested: true
02-20 20:05:34.040  1919  1919 E SIMRecords: [SIMRecords] Exception in get GID2 com.android.internal.telephony.CommandException: GENERIC_FAILURE
02-20 20:05:34.040  1919  1919 D SIMRecords: [SIMRecords] onRecordLoaded 11 requested: true
02-20 20:05:34.041  1919  1919 D RuimRecords: [RuimRecords] EF_PL LOADED
02-20 20:05:34.041  1919  1919 E RuimRecords: [RuimRecords] Record Load Exception: com.android.internal.telephony.CommandException: GENERIC_FAILURE
02-20 20:05:34.041  1919  1919 D RuimRecords: [RuimRecords] onRecordLoaded 8 requested: true
02-20 20:05:34.041  1919  1919 D RuimRecords: [RuimRecords] EF_CSIM_LI LOADED
02-20 20:05:34.042  1919  1919 E RuimRecords: [RuimRecords] Record Load Exception: com.android.internal.telephony.CommandException: GENERIC_FAILURE
02-20 20:05:34.042  1919  1919 D RuimRecords: [RuimRecords] onRecordLoaded 7 requested: true
02-20 20:05:34.042  1919  1919 D RuimRecords: [RuimRecords] EF_CSIM_SPN LOADED
02-20 20:05:34.043  1919  1919 E RuimRecords: [RuimRecords] Record Load Exception: com.android.internal.telephony.CommandException: GENERIC_FAILURE
02-20 20:05:34.043  1919  1919 D RuimRecords: [RuimRecords] onRecordLoaded 6 requested: true
02-20 20:05:34.046  1375  1473 D AT      : AT< +CRSM: 144,0,ff30ffff3c003c03000c0000f03f00
02-20 20:05:34.046  1375  1473 D AT      : AT< OK
02-20 20:05:34.046  1919  2009 D RILJ    : [3725]< SIM_IO IccIoResponse sw1:0x90 sw2:0x0 [SUB0]
02-20 20:05:34.046  1919  2009 D RILJ    : [3726]< SIM_IO IccIoResponse sw1:0x90 sw2:0x0 [SUB0]
02-20 20:05:34.046  1919  2009 D RILJ    : [3727]< SIM_IO IccIoResponse sw1:0x90 sw2:0x0 [SUB0]
02-20 20:05:34.047  1375  1470 D RIL     : onRequest: SIM_IO
02-20 20:05:34.047  1375  1470 D AT      : AT> AT+CRSM=176,28438,0,0,2
02-20 20:05:34.043  1919  1919 D RuimRecords: [RuimRecords] EF_CSIM_MDN LOADED
02-20 20:05:34.047  1919  1919 E RuimRecords: [RuimRecords] Record Load Exception: com.android.internal.telephony.CommandException: GENERIC_FAILURE
02-20 20:05:34.047  1919  1919 D RuimRecords: [RuimRecords] onRecordLoaded 5 requested: true
02-20 20:05:34.047  1919  1919 D RuimRecords: [RuimRecords] EF_CSIM_IMSIM LOADED
02-20 20:05:34.047  1919  1919 E RuimRecords: [RuimRecords] Record Load Exception: com.android.internal.telephony.CommandException: GENERIC_FAILURE
02-20 20:05:34.047  1919  1919 D RuimRecords: [RuimRecords] onRecordLoaded 4 requested: true
02-20 20:05:34.047  1919  1919 D RuimRecords: [RuimRecords] EF_CSIM_CDMAHOME LOADED
02-20 20:05:34.047  1919  1919 E RuimRecords: [RuimRecords] Record Load Exception: com.android.internal.telephony.CommandException: GENERIC_FAILURE
02-20 20:05:34.047  1919  1919 D RuimRecords: [RuimRecords] onRecordLoaded 3 requested: true
02-20 20:05:34.047  1919  1919 D RuimRecords: [RuimRecords] EF_CSIM_EPRL LOADED
02-20 20:05:34.047  1919  2009 D RILJ    : [3728]< SIM_IO IccIoResponse sw1:0x90 sw2:0x0 [SUB0]
02-20 20:05:34.047  1919  1919 E RuimRecords: [RuimRecords] Record Load Exception: com.android.internal.telephony.CommandException: GENERIC_FAILURE
02-20 20:05:34.047  1919  1919 D RuimRecords: [RuimRecords] onRecordLoaded 2 requested: true
02-20 20:05:34.047  1919  1919 D RuimRecords: [RuimRecords] EF_CSIM_MIPUPP LOADED
02-20 20:05:34.047  1375  1473 D AT      : AT< +CRSM: 144,0,0233
02-20 20:05:34.047  1375  1473 D AT      : AT< OK
02-20 20:05:34.047  1375  1470 D RIL     : onRequest: SIM_IO
02-20 20:05:34.047  1375  1470 D AT      : AT> AT+CRSM=176,12258,0,0,10
02-20 20:05:34.047  1919  1919 E RuimRecords: [RuimRecords] Record Load Exception: com.android.internal.telephony.CommandException: GENERIC_FAILURE
02-20 20:05:34.047  1919  1919 D RuimRecords: [RuimRecords] onRecordLoaded 1 requested: true
02-20 20:05:34.047  1919  1919 D SIMRecords: [SIMRecords] iccid: 89014103211118510720
02-20 20:05:34.047  1919  1919 D SIMRecords: [SIMRecords] onRecordLoaded 10 requested: true
02-20 20:05:34.047  1919  2009 D RILJ    : [3729]< SIM_IO IccIoResponse sw1:0x90 sw2:0x0 [SUB0]
02-20 20:05:34.048  1375  1473 D AT      : AT< +CRSM: 144,0,98101430121181157002
02-20 20:05:34.048  1375  1473 D AT      : AT< OK
02-20 20:05:34.048  1375  1470 D RIL     : onRequest: SIM_CLOSE_CHANNEL
02-20 20:05:34.048  1375  1470 D AT      : AT> AT+CCHC=1
02-20 20:05:34.049  1919  2009 D RILJ    : [3730]< SIM_IO IccIoResponse sw1:0x90 sw2:0x0 [SUB0]
02-20 20:05:34.049  1375  1473 D AT      : AT< +CCHC
02-20 20:05:34.049  1375  1473 D AT      : AT< OK
02-20 20:05:34.049  1375  1470 D RIL     : onRequest: SIM_IO
02-20 20:05:34.049  1375  1470 D AT      : AT> AT+CRSM=192,28436,0,0,15
02-20 20:05:34.049  1919  2009 D RILJ    : [3731]< RIL_REQUEST_SIM_CLOSE_CHANNEL  [SUB0]
02-20 20:05:34.049  1375  1473 D AT      : AT< +CRSM: 144,0,000000146f1404001aa0aa01020000
02-20 20:05:34.049  1375  1473 D AT      : AT< OK
02-20 20:05:34.050  1919  2009 D RILJ    : [3732]< SIM_IO IccIoResponse sw1:0x90 sw2:0x0 [SUB0]
02-20 20:05:34.052  1919  1919 D SIMRecords: [SIMRecords] EF_MBI: 01000000
02-20 20:05:34.052  1919  1919 D SIMRecords: [SIMRecords] Got valid mailbox number for MBDN
02-20 20:05:34.052  1919  1919 D RILJ    : [3733]> iccIO: SIM_IO 0xc0 0x6fc7  path: 3F007F20,0,0,15 aid: null [SUB0]
02-20 20:05:34.052  1375  1470 D RIL     : onRequest: SIM_IO
02-20 20:05:34.052  1375  1470 D AT      : AT> AT+CRSM=192,28615,0,0,15
02-20 20:05:34.052  1919  1919 D SIMRecords: [SIMRecords] onRecordLoaded 10 requested: true
02-20 20:05:34.052  1919  1919 D SIMRecords: [SIMRecords] EF_AD: 00000003
02-20 20:05:34.052  1919  1919 D SIMRecords: [SIMRecords] setting4 mMncLength=3
02-20 20:05:34.052  1919  1919 D SIMRecords: [SIMRecords] update mccmnc=310260
02-20 20:05:34.052  1919  1919 D MccTable: updateMccMncConfiguration mccmnc='310260' fromServiceState=false
02-20 20:05:34.052  1375  1473 D AT      : AT< +CRSM: 144,0,000000406fc7040011a0aa01020120
02-20 20:05:34.052  1375  1473 D AT      : AT< OK
02-20 20:05:34.053  1919  1919 D SubscriptionController: [getPhoneId]- no sims, returning default phoneId=2147483647
02-20 20:05:34.053  1919  2009 D RILJ    : [3733]< SIM_IO IccIoResponse sw1:0x90 sw2:0x0 [SUB0]
02-20 20:05:34.053  1919  1919 D MccTable: updateMccMncConfiguration defaultMccMnc=
02-20 20:05:34.053  1919  1919 D MccTable: updateMccMncConfiguration: mcc=310, mnc=260
02-20 20:05:34.053  1919  1919 D MccTable: updateMccMncConfiguration updateConfig config={1.0 310mcc260mnc ?localeList ?layoutDir ?swdp ?wdp ?hdp ?density ?lsize ?long ?orien ?uimode ?night ?touch ?keyb/?/? ?nav/?}
02-20 20:05:34.053  1679  1789 I configuration_changed: 3
02-20 20:05:34.053  1679  1789 I ActivityManager: Config changes=3 {1.0 310mcc260mnc [en_US] ldltr sw360dp w360dp h668dp 640dpi nrml long port finger -keyb/v/h -nav/h s.6}
02-20 20:05:34.055  1679  1789 I am_relaunch_resume_activity: [0,147577676,1,com.android.settings/.FallbackHome]
02-20 20:05:34.058  1919  2065 D DCT     : [0]hasMatchedTetherApnSetting: APN=null
02-20 20:05:34.059  1919  1919 D SIMRecords: [SIMRecords] onRecordLoaded 9 requested: true
02-20 20:05:34.059  1919  1919 D SIMRecords: [SIMRecords] EF_MWIS : 0000000000
02-20 20:05:34.059  1919  1919 D SIMRecords: [SIMRecords] onRecordLoaded 8 requested: true
02-20 20:05:34.059  1919  1919 D SubscriptionInfoUpdater: [Receiver]+
02-20 20:05:34.059  1919  1919 D SubscriptionInfoUpdater: Action: android.intent.action.SIM_STATE_CHANGED
02-20 20:05:34.059  1919  1919 D SubscriptionInfoUpdater: slotId: 0
02-20 20:05:34.059  1919  1919 D SubscriptionInfoUpdater: simStatus: IMSI
02-20 20:05:34.059  1919  1919 D SubscriptionInfoUpdater: Ignoring simStatus: IMSI
02-20 20:05:34.059  1919  1919 D SubscriptionInfoUpdater: [Receiver]-
02-20 20:05:34.059  1919  1919 D RILJ    : [3734]> iccIO: SIM_IO 0xb0 0x6f14  path: 3F007F20,0,0,20 aid: null [SUB0]
02-20 20:05:34.060  1375  1470 D RIL     : onRequest: SIM_IO
02-20 20:05:34.060  1375  1470 D AT      : AT> AT+CRSM=176,28436,0,0,20
02-20 20:05:34.061  1919  1919 D SIMRecords: [SIMRecords] MSISDN: [t-WgLegCyIMgfHgPkOdM6pkZbpA]
02-20 20:05:34.061  1919  1919 D SIMRecords: [SIMRecords] onRecordLoaded 7 requested: true
02-20 20:05:34.061  1919  1919 D RILJ    : [3735]> iccIO: SIM_IO 0xb2 0x6fc7  path: 3F007F20,1,4,32 aid: null [SUB0]
02-20 20:05:34.061  1926  1926 I am_on_paused_called: [0,com.android.settings.FallbackHome,handleRelaunchActivity]
02-20 20:05:34.062  1375  1473 D AT      : AT< +CRSM: 144,0,416e64726f6964ffffffffffffffffffffffffff
02-20 20:05:34.062  1375  1473 D AT      : AT< OK
02-20 20:05:34.062  1375  1470 D RIL     : onRequest: SIM_IO
02-20 20:05:34.062  1375  1470 D AT      : AT> AT+CRSM=178,28615,1,4,32
02-20 20:05:34.062  1926  1987 D EGL_emulation: eglMakeCurrent: 0x7b4d0d179ac0: ver 3 0 (tinfo 0x7b4d176f6ba0)
02-20 20:05:34.063  1919  2009 D RILJ    : [3734]< SIM_IO IccIoResponse sw1:0x90 sw2:0x0 [SUB0]
02-20 20:05:34.064  1919  1919 D SIMRecords: [SIMRecords] EF_CPHS_MWI: 55
02-20 20:05:34.064  1919  1919 D SIMRecords: [SIMRecords] onRecordLoaded 6 requested: true
02-20 20:05:34.064  1919  1919 D SIMRecords: [SIMRecords] EF_CFF_CPHS: 55
02-20 20:05:34.064  1919  1919 D SIMRecords: [SIMRecords] onRecordLoaded 5 requested: true
02-20 20:05:34.064  1919  1919 D SIMRecords: [SIMRecords] onRecordLoaded 4 requested: true
02-20 20:05:34.064  1919  1919 D SIMRecords: [SIMRecords] SST: UsimServiceTable[120]={ PHONEBOOK, FDN, FDN_EXTENSION, SDN, SDN_EXTENSION, BDN, BDN_EXTENSION, OUTGOING_CALL_INFO, ADVICE_OF_CHARGE, CAP_CONFIG_PARAMS_2, GROUP_ID_LEVEL_1, GROUP_ID_LEVEL_2, SPN, USER_PLMN_SELECT, MSISDN, IMAGE, LOCALISED_SERVICE_AREAS, EMLPP, EMLPP_AUTO_ANSWER, RFU, GSM_ACCESS, DATA_DL_VIA_SMS_PP, DATA_DL_VIA_SMS_CB, CALL_CONTROL_BY_USIM, MO_SMS_CONTROL_BY_USIM, RUN_AT_COMMAND, APN_CONTROL_LIST, DEPERSONALISATION_CONTROL_KEYS, COOPERATIVE_NETWORK_LIST, GSM_SECURITY_CONTEXT, SERVICE_PROVIDER_DISPLAY_INFO, MMS_NOTIFICATION, MMS_NOTIFICATION_EXTENSION, GPRS_CALL_CONTROL_BY_USIM, VGCS_GROUP_ID_LIST, VBS_GROUP_ID_LIST, OMA_BCAST_PROFILE, GBA_LOCAL_KEY_ESTABLISHMENT, #101, #102, #103, #104, #105, #106, #107, #108, #109, #110 }
02-20 20:05:34.065  1919  1919 D SIMRecords: [SIMRecords] onRecordLoaded 3 requested: true
02-20 20:05:34.065  1919  1919 D SIMRecords: [SIMRecords] iCPHS: 0233
02-20 20:05:34.065  1919  1919 D SIMRecords: [SIMRecords] onRecordLoaded 2 requested: true
02-20 20:05:34.065  1919  1919 D RuimRecords: [RuimRecords] iccid: 89014103211118510720
02-20 20:05:34.065  1919  1919 D RuimRecords: [RuimRecords] onRecordLoaded 0 requested: true
02-20 20:05:34.065  1919  1919 D RuimRecords: [RuimRecords] record load complete
02-20 20:05:34.065  1919  1919 D SIMRecords: [SIMRecords] getServiceProviderName: no brandOverride, providerName=Android
02-20 20:05:34.065  1919  1919 D SIMRecords: [SIMRecords] Load EF_SPN_CPHS: Android
02-20 20:05:34.065  1919  1919 D TelephonyManager: setTelephonyProperty: success phoneId=0 property=gsm.sim.operator.alpha value: Android propVal=Android
02-20 20:05:34.065  1919  1919 D SIMRecords: [SIMRecords] onRecordLoaded 1 requested: true
02-20 20:05:34.068  1919  1953 D SubscriptionController: [getActiveSubInfoList] Sub Controller not ready
02-20 20:05:34.068  1375  1473 D AT      : AT< +CRSM: 144,0,566f6963656d61696cffffffffffffffffff07915155125740f9ffffffffffff
02-20 20:05:34.068  1375  1473 D AT      : AT< OK
02-20 20:05:34.068  1919  2009 D RILJ    : [3735]< SIM_IO IccIoResponse sw1:0x90 sw2:0x0 [SUB0]
02-20 20:05:34.068  1919  1919 D SIMRecords: [SIMRecords] VM: ADN Record 'Voicemail' '[-MWU1cAlDrkXUZ8dpHi_wU_YOpU] null' EF[MBDN]
02-20 20:05:34.068  1919  1919 D SIMRecords: [SIMRecords] onRecordLoaded 0 requested: true
02-20 20:05:34.068  1919  1919 D SIMRecords: [SIMRecords] record load complete
02-20 20:05:34.068  1919  1919 D SIMRecords: [SIMRecords] Not using EF LI/EF PL
02-20 20:05:34.068  1919  1919 D SIMRecords: [SIMRecords] EF_CFF: callForwardingEnabled=0
02-20 20:05:34.068  1919  1919 D SIMRecords: [SIMRecords] onAllRecordsLoaded set 'gsm.sim.operator.numeric' to operator='310260'
02-20 20:05:34.068  1919  1919 D SIMRecords: [SIMRecords] update icc_operator_numeric=310260
02-20 20:05:34.069  1919  1919 D TelephonyManager: setTelephonyProperty: success phoneId=0 property=gsm.sim.operator.numeric value: 310260 propVal=310260
02-20 20:05:34.069  1919  1919 D SubscriptionController: [setMccMnc]+ mcc/mnc:310/260 subId:-1
02-20 20:05:34.073  1926  1926 I am_on_stop_called: [0,com.android.settings.FallbackHome,destroy]
02-20 20:05:34.073  1919  1919 D SubscriptionController: notifySubscriptionInfoChanged:
02-20 20:05:34.074  1679  1679 I GnssLocationProvider: WakeLock acquired by sendMessage(12, 0, null)
02-20 20:05:34.075  1919  2094 D SubscriptionController: [getActiveSubInfoList] Sub Controller not ready
02-20 20:05:34.075  1919  1919 D SIMRecords: [SIMRecords] onAllRecordsLoaded set mcc imsi
02-20 20:05:34.075  1919  1919 D TelephonyManager: setTelephonyProperty: success phoneId=0 property=gsm.sim.operator.iso-country value: us propVal=us
02-20 20:05:34.076  1919  1919 D SST     : SubscriptionListener.onSubscriptionInfoChanged
02-20 20:05:34.076  1919  1919 D SIMRecords: [SIMRecords]  VoiceMessageCount from SIM MWIS = 0
02-20 20:05:34.076  1919  1919 E Phone   : getStoredVoiceMessageCount: invalid subId -2
02-20 20:05:34.076  1919  1919 D GsmCdmaPhone: [GsmCdmaPhone] updateVoiceMail countVoiceMessages = 0 subId -2
02-20 20:05:34.076  1919  1919 E Phone   : setVoiceMessageCount in sharedPreference: invalid subId -2
02-20 20:05:34.076  1919  1919 D DCT     : [0]SubscriptionListener.onSubscriptionInfoChanged
02-20 20:05:34.076  1919  1919 D SubscriptionController: [getActiveSubInfoList] Sub Controller not ready
02-20 20:05:34.077  1919  1919 D SubscriptionController: [getActiveSubInfoList] Sub Controller not ready
02-20 20:05:34.078  1919  1919 I Telephony: PstnIncomingCallNotifier: Unregistering: Handler (com.android.internal.telephony.GsmCdmaPhone) {ebf95b3}
02-20 20:05:34.078  1919  1919 E PhoneInterfaceManager: [PhoneIntfMgr] getIccId: No UICC
02-20 20:05:34.094  1679  1787 I Telecom : PhoneAccountRegistrar: [ComponentInfo{com.android.phone/com.android.services.telephony.TelephonyConnectionService}, [e0184adedf913b076626646d3f52c3b49c39ad6d], UserHandle{0}(addr: tel:*********** -> tel:)(icon: Icon(typ=BITMAP size=76x96) -> Icon(typ=BITMAP size=76x96))(subAddr: tel:*********** -> tel:)]: TSI.rPA@AAg
02-20 20:05:34.111  1312  2018 D         : HostConnection::get() New Host Connection established 0x72e5736e9260, tid 2018
02-20 20:05:34.112  1764  1764 D PhoneStatusBar: heads up is enabled
02-20 20:05:34.113  1679  1787 I Telecom : : Sending phone-account registered intent as user: TSI.rPA@AAg
02-20 20:05:34.113  1919  1940 D SubscriptionController: [getActiveSubInfoList] Sub Controller not ready
02-20 20:05:34.114  1919  1919 I Telephony: AccountEntry: Registered phoneAccount: [[ ] PhoneAccount: ComponentInfo{com.android.phone/com.android.services.telephony.TelephonyConnectionService}, [e0184adedf913b076626646d3f52c3b49c39ad6d], UserHandle{0} Capabilities: CallProvider MultiUser PlaceEmerg SimSub  Schemes: tel voicemail  Extras: null GroupId: [da39a3ee5e6b4b0d3255bfef95601890afd80709]] with handle: ComponentInfo{com.android.phone/com.android.services.telephony.TelephonyConnectionService}, [e0184adedf913b076626646d3f52c3b49c39ad6d], UserHandle{0}
02-20 20:05:34.114  1919  1919 I Telephony: PstnIncomingCallNotifier: Registering: Handler (com.android.internal.telephony.GsmCdmaPhone) {ebf95b3}
02-20 20:05:34.115  1919  1919 D CAT     : CatService: handleMessage[20]
02-20 20:05:34.115  1919  1919 D GsmCdmaPhone: [GsmCdmaPhone] updateCurrentCarrierInProvider: mSubId = -2 currentDds = 1 operatorNumeric = 310260
02-20 20:05:34.115  1919  1919 D IccCardProxy: operator=310260 mPhoneId=0
02-20 20:05:34.115  1919  1919 D TelephonyManager: setTelephonyProperty: success phoneId=0 property=gsm.sim.operator.numeric value: 310260 propVal=310260
02-20 20:05:34.116  1919  1919 D TelephonyManager: setTelephonyProperty: success phoneId=0 property=gsm.sim.operator.iso-country value: us propVal=us
02-20 20:05:34.117  1919  1919 D IccCardProxy: Sending intent ACTION_INTERNAL_SIM_STATE_CHANGED for mPhoneId : 0
02-20 20:05:34.117  1919  1919 D SST     : EVENT_SIM_RECORDS_LOADED: what=16
02-20 20:05:34.117  1919  1919 D GsmCdmaPhone: [GsmCdmaPhone] updatePhoneObject: radioTechnology=0
02-20 20:05:34.117  1919  1919 D SST     : getOtasp: otasp not needed for GSM
02-20 20:05:34.117  1919  1919 D SST     : updateOtaspState: call notifyOtaspChanged old otaspMode=0 new otaspMode=3
02-20 20:05:34.118  1919  1919 D SIMRecords: [SIMRecords] getServiceProviderName: no brandOverride, providerName=Android
02-20 20:05:34.118  1919  1919 D SIMRecords: [SIMRecords] getServiceProviderName: no brandOverride, providerName=Android
02-20 20:05:34.118  1919  1919 D SST     : updateSpnDisplay: changed sending intent rule=1 showPlmn='false' plmn='Android' showSpn='true' spn='Android' dataSpn='Android' subId='-2'
02-20 20:05:34.119  1919  1919 D SubscriptionController: [setPlmnSpn] No valid subscription to store info
02-20 20:05:34.119  1919  1919 D SubscriptionController: notifySubscriptionInfoChanged:
02-20 20:05:34.120  1679  1679 I GnssLocationProvider: WakeLock acquired by sendMessage(12, 0, null)
02-20 20:05:34.120  1919  2094 D SubscriptionController: [getActiveSubInfoList] Sub Controller not ready
02-20 20:05:34.121  1919  1919 E PhoneInterfaceManager: [PhoneIntfMgr] getIccId: No UICC
02-20 20:05:34.126  1919  1940 D SubscriptionController: [getActiveSubInfoList] Sub Controller not ready
02-20 20:05:34.140  1312  1354 D gralloc_ranchu: gralloc_alloc: Creating ashmem region of size 15945728
02-20 20:05:34.155  2073  2073 W System  : ClassLoader referenced unknown path: /system/app/PrebuiltDeskClockGoogle/lib/x86_64
02-20 20:05:34.159  1919  1953 D SubscriptionController: [getPhoneId]- no sims, returning default phoneId=2147483647
02-20 20:05:34.166  1926  1926 I am_on_resume_called: [0,com.android.settings.FallbackHome,handleRelaunchActivity]
02-20 20:05:34.220  1919  2094 D SubscriptionController: [getSlotId]- subId invalid
02-20 20:05:34.227  1764  2093 D TelephonyManager: getSimState: default sim:-1, sim state for slotIdx=0 is 5, return state as unknown
02-20 20:05:34.259  1679  1690 I Telecom : PhoneAccountRegistrar: [ComponentInfo{com.android.phone/com.android.services.telephony.TelephonyConnectionService}, [e0184adedf913b076626646d3f52c3b49c39ad6d], UserHandle{0}(icon: Icon(typ=BITMAP size=76x96) -> Icon(typ=BITMAP size=76x96))]: TSI.rPA@AAw
02-20 20:05:34.314  1919  2094 D SubscriptionController: [getPhoneId]- no sims, returning default phoneId=2147483647
02-20 20:05:34.349  1679  1690 I Telecom : : Sending phone-account registered intent as user: TSI.rPA@AAw
02-20 20:05:34.349  1919  1919 D GsmCdmaPhone: [GsmCdmaPhone] phoneObjectUpdater: newVoiceRadioTech=0
02-20 20:05:34.350  1919  1919 D GsmCdmaPhone: [GsmCdmaPhone] phoneObjectUpdater: volteReplacementRat=0
02-20 20:05:34.350  1919  1919 E GsmCdmaPhone: [GsmCdmaPhone] phoneObjectUpdater: newVoiceRadioTech=0 doesn't match either CDMA or GSM - error! No phone change
02-20 20:05:34.350  1919  1919 D SubscriptionInfoUpdater: [Receiver]+
02-20 20:05:34.350  1919  1919 D SubscriptionInfoUpdater: Action: android.intent.action.internal_sim_state_changed
02-20 20:05:34.351  1919  1919 D SubscriptionInfoUpdater: slotId: 0
02-20 20:05:34.351  1919  1919 D SubscriptionInfoUpdater: simStatus: LOADED
02-20 20:05:34.351  1919  1919 D SubscriptionInfoUpdater: [Receiver]-
02-20 20:05:34.351  1919  1919 D SST     : SubscriptionListener.onSubscriptionInfoChanged
02-20 20:05:34.351  1919  1919 D DCT     : [0]SubscriptionListener.onSubscriptionInfoChanged
02-20 20:05:34.360  1919  1919 D SubscriptionController: [getActiveSubInfoList] Sub Controller not ready
02-20 20:05:34.368  1919  1919 D SubscriptionController: [getActiveSubInfoList] Sub Controller not ready
02-20 20:05:34.368  1919  1919 I Telephony: PstnIncomingCallNotifier: Unregistering: Handler (com.android.internal.telephony.GsmCdmaPhone) {ebf95b3}
02-20 20:05:34.368  1919  1919 E PhoneInterfaceManager: [PhoneIntfMgr] getIccId: No UICC
02-20 20:05:34.369  1764  2092 E ActivityThread: Failed to find provider info for com.android.contacts
02-20 20:05:34.373  1679  1691 I Telecom : PhoneAccountRegistrar: [ComponentInfo{com.android.phone/com.android.services.telephony.TelephonyConnectionService}, [e0184adedf913b076626646d3f52c3b49c39ad6d], UserHandle{0}(icon: Icon(typ=BITMAP size=76x96) -> Icon(typ=BITMAP size=76x96))]: TSI.rPA@AA4
02-20 20:05:34.374  1679  1691 I Telecom : : Sending phone-account registered intent as user: TSI.rPA@AA4
02-20 20:05:34.375  1919  1919 I Telephony: AccountEntry: Registered phoneAccount: [[ ] PhoneAccount: ComponentInfo{com.android.phone/com.android.services.telephony.TelephonyConnectionService}, [e0184adedf913b076626646d3f52c3b49c39ad6d], UserHandle{0} Capabilities: CallProvider MultiUser PlaceEmerg SimSub  Schemes: tel voicemail  Extras: null GroupId: [da39a3ee5e6b4b0d3255bfef95601890afd80709]] with handle: ComponentInfo{com.android.phone/com.android.services.telephony.TelephonyConnectionService}, [e0184adedf913b076626646d3f52c3b49c39ad6d], UserHandle{0}
02-20 20:05:34.375  1919  1919 I Telephony: PstnIncomingCallNotifier: Registering: Handler (com.android.internal.telephony.GsmCdmaPhone) {ebf95b3}
02-20 20:05:34.378  1919  1919 D SubscriptionInfoUpdater: handleSimStateLoadedInternal: slotId: 0
02-20 20:05:34.378  1919  1919 D SubscriptionInfoUpdater: All IccIds query complete
02-20 20:05:34.378  1919  1919 D SubscriptionInfoUpdater: updateSubscriptionInfoByIccId:+ Start
02-20 20:05:34.378  1919  1919 D SubscriptionController: [clearSubInfo]- no simInfo size=0
02-20 20:05:34.379  1919  1919 D SubscriptionInfoUpdater: insertedSimCount = 1
02-20 20:05:34.379  1919  1919 D SubscriptionController: [getSubInfoUsingSlotIdWithCheck]+ slotId:0
02-20 20:05:34.384  1919  1919 D SubscriptionController: [getPhoneId]- no sims, returning default phoneId=2147483647
02-20 20:05:34.385  1919  1919 D SubscriptionController: [getPhoneId]- no sims, returning default phoneId=2147483647
02-20 20:05:34.385  1919  2094 D SubscriptionController: [getPhoneId]- no sims, returning default phoneId=2147483647
02-20 20:05:34.386  1919  1919 D SubscriptionController: [getPhoneId]- no sims, returning default phoneId=2147483647
02-20 20:05:34.386  1919  1919 D SubscriptionController: [getSubInfoUsingSlotId]- null info return
02-20 20:05:34.386  1919  1919 D SubscriptionInfoUpdater: updateSubscriptionInfoByIccId: oldSubId = 1
02-20 20:05:34.386  1919  1919 D SubscriptionInfoUpdater: updateSubscriptionInfoByIccId: oldIccId[0] = 89014103211118510720, sIccId[0] = 89014103211118510720
02-20 20:05:34.386  1919  1919 D SubscriptionController: [addSubInfoRecord]+ iccId:89014103211118510720 slotId:0
02-20 20:05:34.388  1679  1692 I GnssLocationProvider: WakeLock released by handleMessage(12, 0, null)
02-20 20:05:34.391  1919  1919 D SubscriptionController: [getActiveSubInfoList] Sub Controller not ready
02-20 20:05:34.392  1919  1919 D SubscriptionController: [addSubInfoRecord] Record already exists
02-20 20:05:34.393  2073  2073 I GAv4    : Google Analytics 9.2.56 is starting up. To enable debug logging on a device run:
02-20 20:05:34.393  2073  2073 I GAv4    :   adb shell setprop log.tag.GAv4 DEBUG
02-20 20:05:34.393  2073  2073 I GAv4    :   adb logcat -s GAv4
02-20 20:05:34.396  1919  1940 D SubscriptionController: [getPhoneId]- no sims, returning default phoneId=2147483647
02-20 20:05:34.396  1919  1919 D SubscriptionController: [addSubInfoRecord] sSlotIdxToSubId.size=1 slotId=0 subId=1 defaultSubId=1 simCount=1
02-20 20:05:34.396  1919  1919 D SubscriptionController: [setDefaultFallbackSubId] subId=1
02-20 20:05:34.416  1919  1919 D SubscriptionController: [setDefaultFallbackSubId] set mDefaultFallbackSubId=1
02-20 20:05:34.417  1919  1919 D MccTable: updateMccMncConfiguration mccmnc='310260' fromServiceState=false
02-20 20:05:34.418  1919  1919 D MccTable: updateMccMncConfiguration defaultMccMnc=310260
02-20 20:05:34.418  1919  1919 D MccTable: updateMccMncConfiguration: mcc=310, mnc=260
02-20 20:05:34.418  1919  1919 D MccTable: updateMccMncConfiguration updateConfig config={1.0 310mcc260mnc ?localeList ?layoutDir ?swdp ?wdp ?hdp ?density ?lsize ?long ?orien ?uimode ?night ?touch ?keyb/?/? ?nav/?}
02-20 20:05:34.420  1679  1692 I GnssLocationProvider: WakeLock released by handleMessage(12, 0, null)
02-20 20:05:34.429  2073  2104 W GAv4    : AnalyticsReceiver is not registered or is disabled. Register the receiver for reliable dispatching on non-Google Play devices. See http://goo.gl/8Rd3yj for instructions.
02-20 20:05:34.430  2073  2104 W GAv4    : CampaignTrackingReceiver is not registered, not exported or is disabled. Installation campaign tracking is not possible. See http://goo.gl/8Rd3yj for instructions.
02-20 20:05:34.430  2073  2104 W GAv4    : AnalyticsService not registered in the app manifest. Hits might not be delivered reliably. See http://goo.gl/8Rd3yj for instructions.
02-20 20:05:34.438  1764  1784 I art     : Background partial concurrent mark sweep GC freed 10308(1594KB) AllocSpace objects, 3(96KB) LOS objects, 19% free, 16MB/20MB, paused 217us total 120.300ms
02-20 20:05:34.489  1679  1700 W art     : Long monitor contention with owner Binder:1679_4 (1789) at int com.android.server.wm.WindowManagerService.relayoutWindow(com.android.server.wm.Session, android.view.IWindow, int, android.view.WindowManager$LayoutParams, int, int, int, int, android.graphics.Rect, android.graphics.Rect, android.graphics.Rect, android.graphics.Rect, android.graphics.Rect, android.graphics.Rect, android.graphics.Rect, android.content.res.Configuration, android.view.Surface)(WindowManagerService.java:2857) waiters=0 in void com.android.server.wm.WindowManagerService$H.handleMessage(android.os.Message) for 189ms
02-20 20:05:34.489  1679  1700 I dvm_lock_sample: [system_server,1,android.display,189,WindowManagerService.java,8857,-,2857,37]
02-20 20:05:34.494  1679  1694 I dvm_lock_sample: [system_server,1,android.ui,78,WindowManagerService.java,3255,-,2857,15]
02-20 20:05:34.501  1679  1694 W WindowManager: Keyguard drawn timeout. Setting mKeyguardDrawComplete
02-20 20:05:34.508  1926  1987 D EGL_emulation: eglMakeCurrent: 0x7b4d0d179ac0: ver 3 0 (tinfo 0x7b4d176f6ba0)
02-20 20:05:34.509  1919  1919 D SubscriptionController: [setDefaultFallbackSubId] broadcast default subId changed phoneId=0 subId=1
02-20 20:05:34.510  1919  1919 D SubscriptionController: [addSubInfoRecord] one sim set defaults to subId=1
02-20 20:05:34.510  1919  1919 D SubscriptionController: [setDefaultDataSubId] num phones=1, subId=1
02-20 20:05:34.510  1919  1919 D SubscriptionController: [setDefaultDataSubId] phoneId=0 subId=1 RAF=1
02-20 20:05:34.512  1919  1919 D ProxyController: setRadioCapability: Already in requested configuration, nothing to do.
02-20 20:05:34.512  1919  1919 D SubscriptionController: [updateAllDataConnectionTrackers] sPhones.length=1
02-20 20:05:34.512  1919  1919 D SubscriptionController: [updateAllDataConnectionTrackers] phoneId=0
02-20 20:05:34.512  1919  1919 D DCT     : [0]update sub = 1
02-20 20:05:34.512  1919  1919 D DCT     : [0]update(): Active DDS, register for all events now!
02-20 20:05:34.512  1919  1919 D DCT     : [0]New records found.
02-20 20:05:34.512  1919  1919 D SST     : mDeviceShuttingDown=false, mDesiredPowerState=true, getRadioState=RADIO_ON, mPowerOffDelayNeed=true, mAlarmSwitch=false, mRadioDisabledByCarrier=false
02-20 20:05:34.514  1919  1953 D RILJ    : [3736]> RIL_REQUEST_GET_CELL_INFO_LIST [SUB0]
02-20 20:05:34.514  1919  1919 D GsmCdmaPhone: [GsmCdmaPhone] updateCurrentCarrierInProvider: mSubId = 1 currentDds = 1 operatorNumeric = 310260
02-20 20:05:34.514  1375  1470 D RIL     : onRequest: GET_CELL_INFO_LIST
02-20 20:05:34.514  1375  1470 D RILC    : responseCellInfoList: v12
02-20 20:05:34.516  1919  2009 D RILJ    : [3736]< RIL_REQUEST_GET_CELL_INFO_LIST [CellInfoGsm:{mRegistered=YES mTimeStampType=modem mTimeStamp=15637717639ns CellIdentityGsm:{ mMcc=310 mMnc=260 mLac=3 mCid=91 mArfcn=10 mBsic=0x0} CellSignalStrengthGsm: ss=-809504328 ber=31885 mTa=-801526660}] [SUB0]
02-20 20:05:34.523  1312  2018 I SurfaceFlinger: Boot is finished (13423 ms)
02-20 20:05:34.523  1764  1764 I Choreographer: Skipped 56 frames!  The application may be doing too much work on its main thread.
02-20 20:05:34.524  1312  2018 I sf_stop_bootanim: 15646
02-20 20:05:34.548  1764  1764 D ViewRootImpl[StatusBar]: changeCanvasOpacity: opaque=true
02-20 20:05:34.566  1679  1694 V KeyguardServiceDelegate: *** Keyguard connected (yay!)
02-20 20:05:34.572  1919  1919 D SubscriptionController: [broadcastDefaultDataSubIdChanged] subId=1
02-20 20:05:34.573  1919  1919 D SubscriptionController: [setDefaultSmsSubId] subId=1
02-20 20:05:34.573  1919  1919 D SubscriptionController: [broadcastDefaultSmsSubIdChanged] subId=1
02-20 20:05:34.576  1919  1919 D SubscriptionController: [setDefaultVoiceSubId] subId=1
02-20 20:05:34.577  1919  1919 D SubscriptionController: [broadcastDefaultVoiceSubIdChanged] subId=1
02-20 20:05:34.580  1919  1919 D SubscriptionController: [addSubInfoRecord] hashmap(0,1)
02-20 20:05:34.588  1312  1959 D         : HostConnection::get() New Host Connection established 0x72e57321b9c0, tid 1959
02-20 20:05:33.724     0     0 I init    : Service 'bootanim' (pid 1332) exited with status 0
02-20 20:05:33.724     0     0 I init    : Starting service 'exec 6 (/system/bin/bootstat)'...
02-20 20:05:34.606  2108  2108 I bootstat: Service started: /system/bin/bootstat --record_boot_complete 
02-20 20:05:34.608  2108  2108 I bootstat: Logging histogram: bootstat_mtime_matches_content 1
02-20 20:05:34.609  2108  2108 I sysui_histogram: [bootstat_mtime_matches_content,1]
02-20 20:05:34.612  1919  1919 D SubscriptionController: [addSubInfoRecord] sim name = Android
02-20 20:05:34.613  1919  1919 D DCT     : [0]update sub = 1
02-20 20:05:34.613  1919  1919 D DCT     : [0]update(): Active DDS, register for all events now!
02-20 20:05:34.613  1919  1919 D GsmCdmaPhone: [GsmCdmaPhone] updateCurrentCarrierInProvider: mSubId = 1 currentDds = 1 operatorNumeric = 310260
02-20 20:05:34.617  2108  2108 I bootstat: Logging histogram: bootstat_mtime_matches_content 1
02-20 20:05:34.617  2108  2108 I sysui_histogram: [bootstat_mtime_matches_content,1]
02-20 20:05:34.617  2108  2108 I bootstat: Logging histogram: bootstat_mtime_matches_content 1
02-20 20:05:34.617  2108  2108 I sysui_histogram: [bootstat_mtime_matches_content,1]
02-20 20:05:34.588  2108  2108 I auditd  : type=1400 audit(0.0:11): avc: denied { getattr } for comm="bootstat" path="/vendor" dev="rootfs" ino=3995 scontext=u:r:bootstat:s0 tcontext=u:object_r:rootfs:s0 tclass=lnk_file permissive=0
02-20 20:05:34.588  2108  2108 W bootstat: type=1400 audit(0.0:11): avc: denied { getattr } for path="/vendor" dev="rootfs" ino=3995 scontext=u:r:bootstat:s0 tcontext=u:object_r:rootfs:s0 tclass=lnk_file permissive=0
02-20 20:05:34.638  1312  1312 I sf_frame_dur: [BootAnimation,0,18,246,16,2,0,0]
02-20 20:05:34.644  1919  1919 D SubscriptionController: [addSubInfoRecord]- info size=1
02-20 20:05:34.644  1919  1919 D SubscriptionInfoUpdater: newSim = false
02-20 20:05:34.644  1919  1919 D SubscriptionInfoUpdater: updateSubscriptionInfoByIccId: sInsertSimState[0] = 0
02-20 20:05:34.651  1679  1700 I wm_boot_animation_done: 15774
02-20 20:05:34.652  1679  1700 I SystemServiceManager: Starting phase 1000
02-20 20:05:34.656  1919  1919 D SubscriptionInfoUpdater: updateSubscriptionInfoByIccId: nSubCount = 1
02-20 20:05:33.751     0     0 I init    : Service 'exec 6 (/system/bin/bootstat)' (pid 2108) exited with status 0
02-20 20:05:33.755     0     0 I init    : Starting service 'exec 7 (/system/bin/bootstat)'...
02-20 20:05:33.813     0     0 I init    : Service 'exec 7 (/system/bin/bootstat)' (pid 2109) exited with status 0
02-20 20:05:33.814     0     0 I init    : Starting service 'exec 8 (/system/bin/bootstat)'...
02-20 20:05:33.856     0     0 I init    : Service 'exec 8 (/system/bin/bootstat)' (pid 2115) exited with status 0
02-20 20:05:33.859     0     0 I init    : Starting service 'exec 9 (/system/bin/bootstat)'...
02-20 20:05:33.921     0     0 I init    : Service 'exec 9 (/system/bin/bootstat)' (pid 2128) exited with status 0
02-20 20:05:33.922     0     0 I init    : write_file: Unable to open '/sys/class/android_usb/android0/enable': No such file or directory
02-20 20:05:33.923     0     0 I init    : write_file: Unable to open '/sys/class/android_usb/android0/idVendor': No such file or directory
02-20 20:05:33.924     0     0 I init    : write_file: Unable to open '/sys/class/android_usb/android0/idProduct': No such file or directory
02-20 20:05:33.925     0     0 I init    : write_file: Unable to open '/sys/class/android_usb/android0/functions': No such file or directory
02-20 20:05:33.926     0     0 I init    : write_file: Unable to open '/sys/class/android_usb/android0/enable': No such file or directory
02-20 20:05:34.664  1919  1919 D SubscriptionController: [setDefaultDataSubId] num phones=1, subId=1
02-20 20:05:34.664  1919  1919 D SubscriptionController: [setDefaultDataSubId] phoneId=0 subId=1 RAF=1
02-20 20:05:34.664  1919  1919 D ProxyController: setRadioCapability: Already in requested configuration, nothing to do.
02-20 20:05:34.664  1919  1919 D SubscriptionController: [updateAllDataConnectionTrackers] sPhones.length=1
02-20 20:05:34.665  1919  1919 D SubscriptionController: [updateAllDataConnectionTrackers] phoneId=0
02-20 20:05:34.665  1919  1919 D DCT     : [0]update sub = 1
02-20 20:05:34.665  1919  1919 D DCT     : [0]update(): Active DDS, register for all events now!
02-20 20:05:34.666  1919  1919 D GsmCdmaPhone: [GsmCdmaPhone] updateCurrentCarrierInProvider: mSubId = 1 currentDds = 1 operatorNumeric = 310260
02-20 20:05:34.687  1919  1919 D SubscriptionController: [broadcastDefaultDataSubIdChanged] subId=1
02-20 20:05:34.689  2109  2109 I bootstat: Service started: /system/bin/bootstat --record_boot_reason 
02-20 20:05:34.689  2109  2109 I bootstat: Unknown boot reason: 
02-20 20:05:34.691  1679  1700 I am_proc_start: [0,2110,10015,com.google.android.ext.services,on-hold,]
02-20 20:05:34.691  1679  1700 I ActivityManager: Start proc 2110:com.google.android.ext.services/u0a15 for on-hold
02-20 20:05:34.692  1679  1700 D ActivityManager: Finishing user boot 0
02-20 20:05:34.693  1679  1700 I sysui_histogram: [framework_locked_boot_completed,15]
02-20 20:05:34.693  1679  1700 D CryptdConnector: SND -> {3 cryptfs prepare_user_storage ! 0 0 2}
02-20 20:05:34.694  1267  1303 D vold    : e4crypt_prepare_user_storage for volume null, user 0, serial 0, flags 2
02-20 20:05:34.694  1267  1303 D vold    : Preparing: /data/system_ce/0
02-20 20:05:34.694  1267  1303 D vold    : Preparing: /data/misc_ce/0
02-20 20:05:34.694  1267  1303 D vold    : Preparing: /data/media/0
02-20 20:05:34.694  1267  1303 D vold    : Preparing: /data/data
02-20 20:05:34.694  1679  1731 D CryptdConnector: RCV <- {200 3 Command succeeded}
02-20 20:05:34.694  1679  1700 V UserManagerService: Found /data/user/0 with serial number 0
02-20 20:05:34.694  1679  1700 V UserManagerService: Found /data/system_ce/0 with serial number 0
02-20 20:05:34.695  1679  1700 V PackageManager: reconcileAppsData for null u0 0x2
02-20 20:05:34.705  2110  2110 W art     : Unexpected CPU variant for X86 using defaults: x86_64
02-20 20:05:34.720  2115  2115 I bootstat: Service started: /system/bin/bootstat --record_time_since_factory_reset 
02-20 20:05:34.720  2115  2115 I bootstat: Logging histogram: factory_reset_current_time 1519157134
02-20 20:05:34.720  2115  2115 I sysui_histogram: [factory_reset_current_time,1519157134]
02-20 20:05:34.732  2115  2115 I bootstat: Logging histogram: bootstat_mtime_matches_content 1
02-20 20:05:34.733  2115  2115 I sysui_histogram: [bootstat_mtime_matches_content,1]
02-20 20:05:34.733  2115  2115 I bootstat: Logging histogram: factory_reset_record_value 1519154248
02-20 20:05:34.733  2115  2115 I sysui_histogram: [factory_reset_record_value,1519154248]
02-20 20:05:34.767  2128  2128 I bootstat: Service started: /system/bin/bootstat -l 
02-20 20:05:34.767  2128  2128 I bootstat: Logging histogram: bootstat_mtime_matches_content 1
02-20 20:05:34.769  2128  2128 I sysui_histogram: [bootstat_mtime_matches_content,1]
02-20 20:05:34.769  2128  2128 I bootstat: Logging histogram: bootstat_mtime_matches_content 1
02-20 20:05:34.769  2128  2128 I sysui_histogram: [bootstat_mtime_matches_content,1]
02-20 20:05:34.769  2128  2128 I bootstat: Logging histogram: bootstat_mtime_matches_content 1
02-20 20:05:34.769  2128  2128 I sysui_histogram: [bootstat_mtime_matches_content,1]
02-20 20:05:34.769  2128  2128 I bootstat: Logging histogram: bootstat_mtime_matches_content 1
02-20 20:05:34.769  2128  2128 I sysui_histogram: [bootstat_mtime_matches_content,1]
02-20 20:05:34.784  2128  2128 I bootstat: Logging histogram: bootstat_mtime_matches_content 1
02-20 20:05:34.784  2128  2128 I sysui_histogram: [bootstat_mtime_matches_content,1]
02-20 20:05:34.788  2128  2128 I bootstat: Logging histogram: bootstat_mtime_matches_content 1
02-20 20:05:34.788  2128  2128 I sysui_histogram: [bootstat_mtime_matches_content,1]
02-20 20:05:34.788  2128  2128 I bootstat: Logging histogram: bootstat_mtime_matches_content 1
02-20 20:05:34.788  2128  2128 I sysui_histogram: [bootstat_mtime_matches_content,1]
02-20 20:05:34.788  2128  2128 I bootstat: Logging histogram: bootstat_mtime_matches_content 1
02-20 20:05:34.788  2128  2128 I sysui_histogram: [bootstat_mtime_matches_content,1]
02-20 20:05:34.788  2128  2128 I bootstat: Logging histogram: bootstat_mtime_matches_content 1
02-20 20:05:34.788  2128  2128 I sysui_histogram: [bootstat_mtime_matches_content,1]
02-20 20:05:34.788  2128  2128 I bootstat: Logging histogram: bootstat_mtime_matches_content 1
02-20 20:05:34.788  2128  2128 I sysui_histogram: [bootstat_mtime_matches_content,1]
02-20 20:05:34.788  2128  2128 I bootstat: Logging histogram: bootstat_mtime_matches_content 1
02-20 20:05:34.788  2128  2128 I sysui_histogram: [bootstat_mtime_matches_content,1]
02-20 20:05:34.788  2128  2128 I bootstat: Logging histogram: bootstat_mtime_matches_content 1
02-20 20:05:34.788  2128  2128 I sysui_histogram: [bootstat_mtime_matches_content,1]
02-20 20:05:34.788  2128  2128 I bootstat: Logging histogram: bootstat_mtime_matches_content 1
02-20 20:05:34.788  2128  2128 I sysui_histogram: [bootstat_mtime_matches_content,1]
02-20 20:05:34.788  2128  2128 I bootstat: Logging histogram: bootstat_mtime_matches_content 1
02-20 20:05:34.788  2128  2128 I sysui_histogram: [bootstat_mtime_matches_content,1]
02-20 20:05:34.788  2128  2128 I bootstat: Logging histogram: post_decrypt_time_elapsed 3
02-20 20:05:34.788  2128  2128 I sysui_histogram: [post_decrypt_time_elapsed,3]
02-20 20:05:34.788  2128  2128 I bootstat: Logging histogram: last_boot_time_utc 1519157134
02-20 20:05:34.788  2128  2128 I sysui_histogram: [last_boot_time_utc,1519157134]
02-20 20:05:34.788  2128  2128 I bootstat: Logging histogram: build_date 1513095943
02-20 20:05:34.788  2128  2128 I sysui_histogram: [build_date,1513095943]
02-20 20:05:34.788  2128  2128 I bootstat: Logging histogram: boot_decryption_complete 15
02-20 20:05:34.788  2128  2128 I sysui_histogram: [boot_decryption_complete,15]
02-20 20:05:34.788  2128  2128 I bootstat: Logging histogram: ota_boot_complete_post_decrypt 7
02-20 20:05:34.788  2128  2128 I sysui_histogram: [ota_boot_complete_post_decrypt,7]
02-20 20:05:34.788  2128  2128 I bootstat: Logging histogram: ota_boot_complete 9
02-20 20:05:34.788  2128  2128 I sysui_histogram: [ota_boot_complete,9]
02-20 20:05:34.788  2128  2128 I bootstat: Logging histogram: boot_reason 1
02-20 20:05:34.788  2128  2128 I sysui_histogram: [boot_reason,1]
02-20 20:05:34.788  2128  2128 I bootstat: Logging histogram: factory_reset_current_time 1519157134
02-20 20:05:34.788  2128  2128 I sysui_histogram: [factory_reset_current_time,1519157134]
02-20 20:05:34.788  2128  2128 I bootstat: Logging histogram: factory_reset 1519154248
02-20 20:05:34.788  2128  2128 I sysui_histogram: [factory_reset,1519154248]
02-20 20:05:34.788  2128  2128 I bootstat: Logging histogram: time_since_last_boot 90
02-20 20:05:34.788  2128  2128 I sysui_histogram: [time_since_last_boot,90]
02-20 20:05:34.788  2128  2128 I bootstat: Logging histogram: boot_complete_post_decrypt 12
02-20 20:05:34.788  2128  2128 I sysui_histogram: [boot_complete_post_decrypt,12]
02-20 20:05:34.788  2128  2128 I bootstat: Logging histogram: boot_complete 15
02-20 20:05:34.788  2128  2128 I sysui_histogram: [boot_complete,15]
02-20 20:05:34.788  2128  2128 I bootstat: Logging histogram: factory_reset_record_value 1519154248
02-20 20:05:34.788  2128  2128 I sysui_histogram: [factory_reset_record_value,1519154248]
02-20 20:05:34.788  2128  2128 I bootstat: Logging histogram: time_since_factory_reset 2886
02-20 20:05:34.788  2128  2128 I sysui_histogram: [time_since_factory_reset,2886]
02-20 20:05:34.832  1679  1700 V PackageManager: reconcileAppsData finished 100 packages
02-20 20:05:34.833  1919  1919 D SubscriptionController: notifySubscriptionInfoChanged:
02-20 20:05:34.834  1679  1679 I GnssLocationProvider: WakeLock acquired by sendMessage(12, 0, null)
02-20 20:05:34.834  1919  2100 D SubscriptionMonitor: Phone[0] subId changed -2->1, 1 registrants
02-20 20:05:34.834  1919  2100 D SubscriptionMonitor: mDefaultDataSubId = 1, 1 registrants
02-20 20:05:34.834  1679  1693 W art     : Long monitor contention with owner android.display (1700) at void com.android.server.am.ActivityManagerService.finishBooting()(ActivityManagerService.java:6823) waiters=1 in void com.android.server.am.BroadcastQueue.processNextBroadcast(boolean) for 140ms
02-20 20:05:34.834  1679  1693 I dvm_lock_sample: [system_server,1,ActivityManager,140,BroadcastQueue.java,760,ActivityManagerService.java,6823,28]
02-20 20:05:34.834  1679  1691 I am_proc_bound: [0,2110,com.google.android.ext.services]
02-20 20:05:34.835  1679  1693 D MountService: onUnlockUser 0
02-20 20:05:34.835  1679  1693 D VoldConnector: SND -> {7 volume user_started 0}
02-20 20:05:34.839  1267  1302 D vold    : Linking /storage/emulated/0 to /mnt/user/0/primary
02-20 20:05:34.839  1679  1730 D VoldConnector: RCV <- {200 7 Command succeeded}
02-20 20:05:34.840  1919  1919 D SubscriptionInfoUpdater: updateSubscriptionInfoByIccId:- SsubscriptionInfo update complete
02-20 20:05:34.840  1919  1919 D MccTable: updateMccMncConfiguration mccmnc='310260' fromServiceState=false
02-20 20:05:34.840  1919  1919 D MccTable: updateMccMncConfiguration defaultMccMnc=310260
02-20 20:05:34.840  1919  1919 D MccTable: updateMccMncConfiguration: mcc=310, mnc=260
02-20 20:05:34.840  1919  1919 D MccTable: updateMccMncConfiguration updateConfig config={1.0 310mcc260mnc ?localeList ?layoutDir ?swdp ?wdp ?hdp ?density ?lsize ?long ?orien ?uimode ?night ?touch ?keyb/?/? ?nav/?}
02-20 20:05:34.841  1919  1919 D SubscriptionController: [setMccMnc]+ mcc/mnc:310/260 subId:1
02-20 20:05:34.846  1679  1729 D MountService: Volume public:253,64 broadcasting mounted to UserHandle{0}
02-20 20:05:34.847  1679  1729 D MountService: Volume emulated broadcasting mounted to UserHandle{0}
02-20 20:05:34.854  2110  2110 W System  : ClassLoader referenced unknown path: /system/priv-app/GoogleExtServices/lib/x86_64
02-20 20:05:34.872  1679  1693 V BackupManagerService: No ancestral data
02-20 20:05:34.877  1679  1693 V BackupManagerService: Starting with transport android/com.android.internal.backup.LocalTransport
02-20 20:05:34.877  1679  1693 V BackupManagerService: Found transports: 2
02-20 20:05:34.891  1679  1693 I am_proc_start: [0,2140,10014,com.google.android.gms.persistent,service,com.google.android.gms/.backup.BackupTransportService]
02-20 20:05:34.891  1679  1693 I ActivityManager: Start proc 2140:com.google.android.gms.persistent/u0a14 for service com.google.android.gms/.backup.BackupTransportService
02-20 20:05:34.892  1679  1693 I BackupManagerService: Backup enabled => false
02-20 20:05:34.904  2140  2140 W art     : Unexpected CPU variant for X86 using defaults: x86_64
02-20 20:05:34.922  1679  1789 I am_proc_bound: [0,2140,com.google.android.gms.persistent]
02-20 20:05:34.943  1919  1919 D SubscriptionController: notifySubscriptionInfoChanged:
02-20 20:05:34.963  1679  1679 I GnssLocationProvider: WakeLock acquired by sendMessage(12, 0, null)
02-20 20:05:34.963  1679  1679 V BackupManagerService: Connected to transport ComponentInfo{android/com.android.internal.backup.LocalTransportService}
02-20 20:05:34.963  1679  1679 V BackupManagerService: Registering transport android/com.android.internal.backup.LocalTransportService::android/com.android.internal.backup.LocalTransport = android.app.backup.BackupTransport$TransportImpl@1a5b7dd
02-20 20:05:34.967  1679  1679 I backup_transport_lifecycle: [android/com.android.internal.backup.LocalTransportService,1]
02-20 20:05:34.983  1757  1757 I InputAttributes: InputType.TYPE_NULL is specified
02-20 20:05:34.983  2140  2140 W System  : ClassLoader referenced unknown path: /system/priv-app/PrebuiltGmsCore/lib/x86_64
02-20 20:05:34.986  1679  1692 W GnssLocationProvider: Could not open GPS configuration file /etc/gps.conf
02-20 20:05:34.986  1679  1692 E GnssLocationProvider: no AGPS interface in set_agps_server
02-20 20:05:34.986  1679  1692 I GnssLocationProvider: WakeLock released by handleMessage(12, 0, null)
02-20 20:05:35.006  2073  2073 I AlarmClock: AlarmInitReceiver android.intent.action.TIME_SET
02-20 20:05:35.009  1364  1807 I art     : Starting a blocking GC HeapTrim
02-20 20:05:35.059  2164  2164 W art     : Unexpected CPU variant for X86 using defaults: x86
02-20 20:05:35.064  1679  1693 W ActivityManager: Slow operation: 56ms so far, now at startProcess: returned from zygote!
02-20 20:05:35.064  1679  1693 W ActivityManager: Slow operation: 56ms so far, now at startProcess: done updating battery stats
02-20 20:05:35.064  1679  1693 I am_proc_start: [0,2164,10029,com.google.android.googlequicksearchbox:interactor,service,com.google.android.googlequicksearchbox/com.google.android.voiceinteraction.GsaVoiceInteractionService]
02-20 20:05:35.064  1679  1693 W ActivityManager: Slow operation: 56ms so far, now at startProcess: building log message
02-20 20:05:35.064  1679  1693 I ActivityManager: Start proc 2164:com.google.android.googlequicksearchbox:interactor/u0a29 for service com.google.android.googlequicksearchbox/com.google.android.voiceinteraction.GsaVoiceInteractionService
02-20 20:05:35.064  1679  1693 W ActivityManager: Slow operation: 56ms so far, now at startProcess: starting to update pids map
02-20 20:05:35.064  1679  1693 W ActivityManager: Slow operation: 56ms so far, now at startProcess: done updating pids map
02-20 20:05:35.064  1679  1693 W ActivityManager: Slow operation: 56ms so far, now at startProcess: done starting proc!
02-20 20:05:35.065  1679  1693 I ActivityManager: Loading recents for user 0 into memory.
02-20 20:05:35.103  1679  2139 V KeyValueBackupJob: Scheduling k/v pass in 242 minutes
02-20 20:05:35.125  1679  1700 I art     : Starting a blocking GC Explicit
