02-20 20:06:53.278  1675  1727 D VoldConnector: RCV <- {650 public:253,64 0 "disk:253,64" ""}
02-20 20:06:53.278  1675  1727 D VoldConnector: RCV <- {651 public:253,64 0}
02-20 20:06:53.278  1675  1727 D VoldConnector: RCV <- {643 disk:253,64}
02-20 20:06:53.278  1675  1727 D VoldConnector: RCV <- {200 3 Command succeeded}
02-20 20:06:53.279  1675  1726 D VoldConnector: SND -> {4 volume user_added 0 0}
02-20 20:06:53.279  1675  1727 D VoldConnector: RCV <- {200 4 Command succeeded}
02-20 20:06:53.280  1675  1675 D WebViewFactory: Setting new address space to 137955392
02-20 20:06:53.291     0     0 D ieee80211 phy1: hw scan 2457 MHz
02-20 20:06:53.290  1675  1749 I am_proc_bound: [0,1757,com.android.inputmethod.latin]
02-20 20:06:53.290  1363  1748 I AudioFlinger: systemReady
02-20 20:06:53.295  1675  1726 D VoldConnector: SND -> {5 volume mount emulated 3 -1}
02-20 20:06:53.304  1675  1727 D VoldConnector: RCV <- {651 emulated 1}
02-20 20:06:53.305  1675  1727 D VoldConnector: RCV <- {656 emulated /data/media}
02-20 20:06:53.305  1675  1727 D VoldConnector: RCV <- {655 emulated /storage/emulated}
02-20 20:06:53.305  1267  1302 V vold    : Waiting for FUSE to spin up...
02-20 20:06:53.332  1789  1789 W sdcard  : Device explicitly disabled sdcardfs
02-20 20:06:53.335  1675  1675 I Zygote  : Process: zygote socket opened, supported ABIS: x86
02-20 20:06:53.336  1362  1571 I art     : Starting a blocking GC HeapTrim
02-20 20:06:53.336     0     0 D SELinux : initialized (dev fuse, type fuse), uses genfs_contexts
02-20 20:06:53.336     0     0 D SELinux : initialized (dev fuse, type fuse), uses genfs_contexts
02-20 20:06:53.337     0     0 D SELinux : initialized (dev fuse, type fuse), uses genfs_contexts
02-20 20:06:53.346  1362  1362 I art     : Starting a blocking GC Background
02-20 20:06:53.367  1763  1763 W System  : ClassLoader referenced unknown path: /system/priv-app/SystemUIGoogle/lib/x86_64
02-20 20:06:53.391  1675  1727 D VoldConnector: RCV <- {651 emulated 2}
02-20 20:06:53.402  1675  1727 D VoldConnector: RCV <- {200 5 Command succeeded}
02-20 20:06:53.402  1675  1726 D VoldConnector: SND -> {6 volume mount public:253,64 2 0}
02-20 20:06:53.402  1267  1302 V vold    : /system/bin/blkid
02-20 20:06:53.402  1267  1302 V vold    :     -c
02-20 20:06:53.402  1267  1302 V vold    :     /dev/null
02-20 20:06:53.402  1267  1302 V vold    :     -s
02-20 20:06:53.402  1267  1302 V vold    :     TYPE
02-20 20:06:53.402  1267  1302 V vold    :     -s
02-20 20:06:53.402  1267  1302 V vold    :     UUID
02-20 20:06:53.402  1267  1302 V vold    :     -s
02-20 20:06:53.402  1267  1302 V vold    :     LABEL
02-20 20:06:53.402  1267  1302 V vold    :     /dev/block/vold/public:253,64
02-20 20:06:53.403  1675  1727 D VoldConnector: RCV <- {651 public:253,64 1}
02-20 20:06:53.414     0     0 D ieee80211 phy1: hw scan 2462 MHz
02-20 20:06:53.427  1675  1675 W ActivityManager: Slow operation: 104ms so far, now at startProcess: returned from zygote!
02-20 20:06:53.427  1675  1675 W ActivityManager: Slow operation: 104ms so far, now at startProcess: done updating battery stats
02-20 20:06:53.427  1675  1675 I am_proc_start: [0,1797,1037,WebViewLoader-x86,,]
02-20 20:06:53.427  1675  1675 W ActivityManager: Slow operation: 104ms so far, now at startProcess: building log message
02-20 20:06:53.427  1675  1675 I ActivityManager: Start proc 1797:WebViewLoader-x86/1037 [android.webkit.WebViewFactory$RelroFileCreator] for 
02-20 20:06:53.427  1675  1675 W ActivityManager: Slow operation: 104ms so far, now at startProcess: starting to update pids map
02-20 20:06:53.427  1675  1675 W ActivityManager: Slow operation: 104ms so far, now at startProcess: done updating pids map
02-20 20:06:53.427  1675  1675 W ActivityManager: Slow operation: 104ms so far, now at startProcess: done starting proc!
02-20 20:06:53.441  1797  1797 W art     : Unexpected CPU variant for X86 using defaults: x86
02-20 20:06:53.485  1675  1809 E WVMExtractor: Failed to open libwvm.so: dlopen failed: library "libwvm.so" not found
02-20 20:06:53.485  1803  1803 W art     : Unexpected CPU variant for X86 using defaults: x86_64
02-20 20:06:53.485  1675  1675 W ActivityManager: Slow operation: 58ms so far, now at startProcess: returned from zygote!
02-20 20:06:53.485  1675  1675 W ActivityManager: Slow operation: 58ms so far, now at startProcess: done updating battery stats
02-20 20:06:53.486  1675  1675 I am_proc_start: [0,1803,1037,WebViewLoader-x86_64,,]
02-20 20:06:53.486  1675  1675 W ActivityManager: Slow operation: 59ms so far, now at startProcess: building log message
02-20 20:06:53.486  1675  1675 I ActivityManager: Start proc 1803:WebViewLoader-x86_64/1037 [android.webkit.WebViewFactory$RelroFileCreator] for 
02-20 20:06:53.486  1675  1675 W ActivityManager: Slow operation: 59ms so far, now at startProcess: starting to update pids map
02-20 20:06:53.486  1675  1675 W ActivityManager: Slow operation: 59ms so far, now at startProcess: done updating pids map
02-20 20:06:53.486  1675  1675 W ActivityManager: Slow operation: 59ms so far, now at startProcess: done starting proc!
02-20 20:06:53.487  1675  1675 D NetworkManagement: enabling bandwidth control
02-20 20:06:53.489  1675  1734 D WifiController: DEFERRED_TOGGLE handled
02-20 20:06:53.520  1803  1803 V WebViewFactory: RelroFileCreator (64bit = true),  32-bit lib: /system/app/Chrome/Chrome.apk!/lib/x86/libmonochrome.so, 64-bit lib: /system/app/Chrome/Chrome.apk!/lib/x86_64/libmonochrome.so
02-20 20:06:53.527  1797  1797 V WebViewFactory: RelroFileCreator (64bit = false),  32-bit lib: /system/app/Chrome/Chrome.apk!/lib/x86/libmonochrome.so, 64-bit lib: /system/app/Chrome/Chrome.apk!/lib/x86_64/libmonochrome.so
02-20 20:06:53.531  1267  1302 V vold    : /dev/block/vold/public:253,64: LABEL="SDCARD" UUID="1E12-0B12" TYPE="vfat" 
02-20 20:06:53.531  1267  1302 V vold    : 
02-20 20:06:53.533  1267  1302 V vold    : /system/bin/fsck_msdos
02-20 20:06:53.533  1267  1302 V vold    :     -p
02-20 20:06:53.533  1267  1302 V vold    :     -f
02-20 20:06:53.533  1267  1302 V vold    :     /dev/block/vold/public:253,64
02-20 20:06:53.536  1675  1727 D VoldConnector: RCV <- {652 public:253,64 vfat}
02-20 20:06:53.537  1675  1727 D VoldConnector: RCV <- {653 public:253,64 1E12-0B12}
02-20 20:06:53.537  1675  1727 D VoldConnector: RCV <- {654 public:253,64 SDCARD}
02-20 20:06:53.539  1763  1763 V SystemUIService: Starting SystemUI services for user 0.
02-20 20:06:53.571  1371  1371 I MediaPlayerService: MediaPlayerService::getOMX
02-20 20:06:53.574  1371  1371 I OMXClient: MuxOMX ctor
02-20 20:06:53.530     0     0 D ieee80211 phy1: hw scan complete
02-20 20:06:53.530     0     0 D ieee80211 phy1: mac80211_hwsim_get_survey (idx=0)
02-20 20:06:53.577  1371  1371 I MediaPlayerService: MediaPlayerService::getOMX
02-20 20:06:53.577  1371  1371 I OMXClient: MuxOMX ctor
02-20 20:06:53.578  1368  1368 I OMXMaster: makeComponentInstance(OMX.google.mp3.decoder) in mediacodec process
02-20 20:06:53.591  1500  1500 E hostapd : Using interface wlan1 with hwaddr 02:00:00:00:01:00 and ssid "AndroidWifi"
02-20 20:06:53.591  1500  1500 I hostapd : wlan1: interface state HT_SCAN->ENABLED
02-20 20:06:53.591  1500  1500 I hostapd : wlan1: AP-ENABLED 
02-20 20:06:53.591     0     0 D ieee80211 phy1: mac80211_hwsim_config (freq=0 idle=0 ps=0 smps=auto)
02-20 20:06:53.591     0     0 D ieee80211 phy1: add channel context control: 2447 MHz/width: 2/cfreqs:2437/0 MHz
02-20 20:06:53.591     0     0 D ieee80211 phy1: mac80211_hwsim_bss_info_changed(changed=0x40000)
02-20 20:06:53.591     0     0 D ieee80211 phy1: TX Power: 20 dBm
02-20 20:06:53.591     0     0 D ieee80211 phy1: mac80211_hwsim_bss_info_changed(changed=0x4000)
02-20 20:06:53.591     0     0 D ieee80211 phy1: change channel context control: 2447 MHz/width: 2/cfreqs:2437/0 MHz
02-20 20:06:53.591     0     0 D ieee80211 phy1: mac80211_hwsim_bss_info_changed(changed=0x88340)
02-20 20:06:53.591     0     0 D ieee80211 phy1: BCNINT: 100
02-20 20:06:53.591     0     0 D ieee80211 phy1: BCN EN: 1
02-20 20:06:53.591     0     0 D ieee80211 phy1: mac80211_hwsim_bss_info_changed(changed=0x3e)
02-20 20:06:53.591     0     0 D ieee80211 phy1: ERP_CTS_PROT: 0
02-20 20:06:53.591     0     0 D ieee80211 phy1: ERP_PREAMBLE: 0
02-20 20:06:53.591     0     0 D ieee80211 phy1: ERP_SLOT: 1
02-20 20:06:53.591     0     0 D ieee80211 phy1: HT: op_mode=0x0
02-20 20:06:53.591     0     0 D ieee80211 phy1: BASIC_RATES: 0xf
02-20 20:06:53.591     0     0 D ieee80211 phy1: mac80211_hwsim_conf_tx (queue=0 txop=47 cw_min=3 cw_max=7 aifs=1)
02-20 20:06:53.591     0     0 D ieee80211 phy1: mac80211_hwsim_bss_info_changed(changed=0x2000)
02-20 20:06:53.591     0     0 D ieee80211 phy1: mac80211_hwsim_conf_tx (queue=1 txop=94 cw_min=7 cw_max=15 aifs=1)
02-20 20:06:53.591     0     0 D ieee80211 phy1: mac80211_hwsim_bss_info_changed(changed=0x2000)
02-20 20:06:53.591     0     0 D ieee80211 phy1: mac80211_hwsim_conf_tx (queue=2 txop=0 cw_min=15 cw_max=63 aifs=3)
02-20 20:06:53.591     0     0 D ieee80211 phy1: mac80211_hwsim_bss_info_changed(changed=0x2000)
02-20 20:06:53.591     0     0 D ieee80211 phy1: mac80211_hwsim_conf_tx (queue=3 txop=0 cw_min=15 cw_max=1023 aifs=7)
02-20 20:06:53.591     0     0 D ieee80211 phy1: mac80211_hwsim_bss_info_changed(changed=0x2000)
02-20 20:06:53.591     0     0 I IPv6    : ADDRCONF(NETDEV_CHANGE): wlan1: link becomes ready
02-20 20:06:53.593     0     0 D ieee80211 phy1: mac80211_hwsim_configure_filter
02-20 20:06:53.612  1757  1757 I LatinIME: Hardware accelerated drawing: true
02-20 20:06:53.622  1763  1763 V MediaRouter: Adding route: RouteInfo{ name=Phone, description=null, status=null, category=RouteCategory{ name=null types=ROUTE_TYPE_LIVE_AUDIO ROUTE_TYPE_LIVE_VIDEO  groupable=false }, supportedTypes=ROUTE_TYPE_LIVE_AUDIO ROUTE_TYPE_LIVE_VIDEO , presentationDisplay=null }
02-20 20:06:53.654  1267  1302 I fsck_msdos: ** /dev/block/vold/public:253,64
02-20 20:06:53.655  1267  1302 I fsck_msdos: ** Phase 1 - Read and Compare FATs
02-20 20:06:53.655  1267  1302 I fsck_msdos: Attempting to allocate 1022 KB for FAT
02-20 20:06:53.666  1763  1763 V MediaRouter: Updating audio routes: AudioRoutesInfo{ type=SPEAKER }
02-20 20:06:53.669  1763  1763 V MediaRouter: Selecting route: RouteInfo{ name=Phone, description=null, status=null, category=RouteCategory{ name=null types=ROUTE_TYPE_LIVE_AUDIO ROUTE_TYPE_LIVE_VIDEO  groupable=false }, supportedTypes=ROUTE_TYPE_LIVE_AUDIO ROUTE_TYPE_LIVE_VIDEO , presentationDisplay=null }
02-20 20:06:53.696  1675  1686 D TelephonyRegistry: listen oscl: hasNotifySubscriptionInfoChangedOccurred==false no callback
02-20 20:06:53.707  1371  1371 I MediaPlayerService: MediaPlayerService::getOMX
02-20 20:06:53.707  1371  1371 I OMXClient: MuxOMX ctor
02-20 20:06:53.707  1368  1388 I OMXMaster: makeComponentInstance(OMX.google.amrnb.decoder) in mediacodec process
02-20 20:06:53.716  1371  1371 I MediaPlayerService: MediaPlayerService::getOMX
02-20 20:06:53.716  1371  1371 I OMXClient: MuxOMX ctor
02-20 20:06:53.716  1368  1368 I OMXMaster: makeComponentInstance(OMX.google.amrwb.decoder) in mediacodec process
02-20 20:06:53.717  1371  1371 I MediaPlayerService: MediaPlayerService::getOMX
02-20 20:06:53.717  1371  1371 I OMXClient: MuxOMX ctor
02-20 20:06:53.717  1368  1842 I OMXMaster: makeComponentInstance(OMX.google.aac.decoder) in mediacodec process
02-20 20:06:53.724  1267  1302 I fsck_msdos: Attempting to allocate 1022 KB for FAT
02-20 20:06:53.725  1371  1371 I MediaPlayerService: MediaPlayerService::getOMX
02-20 20:06:53.725  1371  1371 I OMXClient: MuxOMX ctor
02-20 20:06:53.725  1368  1388 I OMXMaster: makeComponentInstance(OMX.google.g711.alaw.decoder) in mediacodec process
02-20 20:06:53.767  1372  1674 D SoftapController: Softap fwReload - Ok
02-20 20:06:53.806  1267  1302 I fsck_msdos: ** Phase 2 - Check Cluster Chains
02-20 20:06:53.824  1267  1302 I fsck_msdos: ** Phase 3 - Checking Directories
02-20 20:06:53.825  1267  1302 I fsck_msdos: ** Phase 4 - Checking for Lost Files
02-20 20:06:53.827  1267  1302 I fsck_msdos: 27 files, 522176 free (261088 clusters)
02-20 20:06:53.830  1797  1797 I art     : System.exit called, status: 0
02-20 20:06:53.830  1797  1797 I AndroidRuntime: VM exiting with result code 0, cleanup skipped.
02-20 20:06:53.830  1371  1371 I MediaPlayerService: MediaPlayerService::getOMX
02-20 20:06:53.830  1371  1371 I OMXClient: MuxOMX ctor
02-20 20:06:53.830  1368  1388 I OMXMaster: makeComponentInstance(OMX.google.g711.mlaw.decoder) in mediacodec process
02-20 20:06:53.838  1757  1757 W InputAttributes: No editor info for this field. Bug?
02-20 20:06:53.844  1763  1854 E WVMExtractor: Failed to open libwvm.so: dlopen failed: library "libwvm.so" not found
02-20 20:06:53.848  1267  1302 I Vold    : Filesystem check completed OK
02-20 20:06:53.848  1675  1727 D VoldConnector: RCV <- {656 public:253,64 /mnt/media_rw/1E12-0B12}
02-20 20:06:53.848  1675  1727 D VoldConnector: RCV <- {655 public:253,64 /storage/1E12-0B12}
02-20 20:06:53.852     0     0 W FAT-fs (vde): Volume was not properly unmounted. Some data may be corrupt. Please run fsck.
02-20 20:06:53.854     0     0 D SELinux : initialized (dev vde, type vfat), uses genfs_contexts
02-20 20:06:53.856  1267  1302 V vold    : Waiting for FUSE to spin up...
02-20 20:06:53.868  1860  1860 W sdcard  : Device explicitly disabled sdcardfs
02-20 20:06:53.894  1803  1803 I art     : System.exit called, status: 0
02-20 20:06:53.894  1803  1803 I AndroidRuntime: VM exiting with result code 0, cleanup skipped.
02-20 20:06:53.895     0     0 D SELinux : initialized (dev fuse, type fuse), uses genfs_contexts
02-20 20:06:53.907  1267  1302 V vold    : Waiting for FUSE to spin up...
02-20 20:06:53.909     0     0 D SELinux : initialized (dev fuse, type fuse), uses genfs_contexts
02-20 20:06:53.915     0     0 D SELinux : initialized (dev fuse, type fuse), uses genfs_contexts
02-20 20:06:53.926  1371  1371 I MediaPlayerService: MediaPlayerService::getOMX
02-20 20:06:53.926  1371  1371 I OMXClient: MuxOMX ctor
02-20 20:06:53.927  1368  1388 I OMXMaster: makeComponentInstance(OMX.google.vorbis.decoder) in mediacodec process
02-20 20:06:53.934  1675  1675 W NetworkManagement: setDataSaverMode(): already false
02-20 20:06:53.936  1757  1876 I LatinIME:LogUtils: Dictionary info: dictionary = userunigram.en_US ; version = 1519157213 ; date = ?
02-20 20:06:53.939  1757  1876 E ActivityThread: Failed to find provider info for user_dictionary
02-20 20:06:53.940  1757  1876 I LatinIME:LogUtils: Dictionary info: dictionary = UserHistoryDictionary.en_US ; version = 1519157213 ; date = ?
02-20 20:06:53.940  1372  1674 D CommandListener: Setting iface cfg
02-20 20:06:53.940  1372  1674 D CommandListener: Trying to bring down wlan0
02-20 20:06:53.940  1372  1674 D CommandListener: Clearing all IP addresses on wlan0
02-20 20:06:53.942  1675  1735 E WifiMonitor: killSupplicant p2pfalse init.svc.wpa_supplicant=unknown init.svc.p2p_supplicant=unknown
02-20 20:06:53.942  1675  1735 E wifi    : Can not initialize the vendor function pointer table
02-20 20:06:53.942  1675  1735 E WifiNative-HAL: Could not start hal
02-20 20:06:53.942  1675  1735 E WifiStateMachine: Failed to start HAL
02-20 20:06:53.955     0     0 I init    : Starting service 'wpa_supplicant'...
02-20 20:06:53.964  1675  1727 D VoldConnector: RCV <- {651 public:253,64 2}
02-20 20:06:53.966  1675  1727 D VoldConnector: RCV <- {200 6 Command succeeded}
02-20 20:06:53.969  1675  1726 E VoldConnector: NDC Command {6 volume mount public:253,64 2 0} took too long (567ms)
02-20 20:06:53.991  1371  1371 I MediaPlayerService: MediaPlayerService::getOMX
02-20 20:06:53.992  1371  1371 I OMXClient: MuxOMX ctor
02-20 20:06:53.992  1368  1368 I OMXMaster: makeComponentInstance(OMX.google.opus.decoder) in mediacodec process
02-20 20:06:54.031  1675  1692 W WindowManager: Keyguard drawn timeout. Setting mKeyguardDrawComplete
02-20 20:06:54.039  1371  1371 I MediaPlayerService: MediaPlayerService::getOMX
02-20 20:06:54.039  1371  1371 I OMXClient: MuxOMX ctor
02-20 20:06:54.039  1368  1368 I OMXMaster: makeComponentInstance(OMX.google.raw.decoder) in mediacodec process
02-20 20:06:54.080  1675  1735 D WifiMonitor: startMonitoring(wlan0) with mConnected = false
02-20 20:06:54.084  1371  1371 I MediaPlayerService: MediaPlayerService::getOMX
02-20 20:06:54.084  1675  1675 D NetworkPolicy: setRestrictBackgroundUL(): false
02-20 20:06:54.084  1371  1371 I OMXClient: MuxOMX ctor
02-20 20:06:54.084  1368  1842 I OMXMaster: makeComponentInstance(OMX.google.aac.encoder) in mediacodec process
02-20 20:06:54.084  1675  1675 W NetworkManagement: setDataSaverMode(): already false
02-20 20:06:54.098  1878  1878 I wpa_supplicant: Successfully initialized wpa_supplicant
02-20 20:06:54.127     0     0 D ieee80211 phy0: mac80211_hwsim_start
02-20 20:06:54.127     0     0 D ieee80211 phy0: mac80211_hwsim_add_interface (type=2 mac_addr=02:00:00:44:55:66)
02-20 20:06:54.127     0     0 D ieee80211 phy0: mac80211_hwsim_bss_info_changed(changed=0xe)
02-20 20:06:54.127     0     0 D ieee80211 phy0: ERP_CTS_PROT: 0
02-20 20:06:54.127     0     0 D ieee80211 phy0: ERP_PREAMBLE: 0
02-20 20:06:54.127     0     0 D ieee80211 phy0: ERP_SLOT: 0
02-20 20:06:54.127     0     0 D ieee80211 phy0: mac80211_hwsim_conf_tx (queue=0 txop=0 cw_min=15 cw_max=1023 aifs=2)
02-20 20:06:54.127     0     0 D ieee80211 phy0: mac80211_hwsim_conf_tx (queue=1 txop=0 cw_min=15 cw_max=1023 aifs=2)
02-20 20:06:54.127     0     0 D ieee80211 phy0: mac80211_hwsim_conf_tx (queue=2 txop=0 cw_min=15 cw_max=1023 aifs=2)
02-20 20:06:54.127     0     0 D ieee80211 phy0: mac80211_hwsim_conf_tx (queue=3 txop=0 cw_min=15 cw_max=1023 aifs=2)
02-20 20:06:54.127     0     0 D ieee80211 phy0: mac80211_hwsim_bss_info_changed(changed=0x2000)
02-20 20:06:54.127     0     0 D ieee80211 phy0: mac80211_hwsim_config (freq=0 idle=0 ps=0 smps=auto)
02-20 20:06:54.127     0     0 D ieee80211 phy0: mac80211_hwsim_configure_filter
02-20 20:06:54.127     0     0 D ieee80211 phy0: mac80211_hwsim_configure_filter
02-20 20:06:54.127     0     0 I IPv6    : ADDRCONF(NETDEV_UP): wlan0: link is not ready
02-20 20:06:54.127  1878  1878 I wpa_supplicant: rfkill: Cannot open RFKILL control device
02-20 20:06:54.128  1878  1878 I wpa_supplicant: nl80211: Could not re-add multicast membership for vendor events: -2 (No such file or directory)
02-20 20:06:54.131  1763  1763 I vol.Events: writeEvent collection_started
02-20 20:06:54.133  1371  1371 I MediaPlayerService: MediaPlayerService::getOMX
02-20 20:06:54.133  1371  1371 I OMXClient: MuxOMX ctor
02-20 20:06:54.133  1368  1842 I OMXMaster: makeComponentInstance(OMX.google.amrnb.encoder) in mediacodec process
02-20 20:06:54.139  1371  1371 I MediaPlayerService: MediaPlayerService::getOMX
02-20 20:06:54.140  1371  1371 I OMXClient: MuxOMX ctor
02-20 20:06:54.140  1368  1388 I OMXMaster: makeComponentInstance(OMX.google.amrwb.encoder) in mediacodec process
02-20 20:06:54.141  1763  1893 I sysui_action: [213,2]
02-20 20:06:54.141  1763  1893 I vol.Events: writeEvent external_ringer_mode_changed normal
02-20 20:06:54.141  1763  1893 I vol.Events: writeEvent internal_ringer_mode_changed normal
02-20 20:06:54.145  1371  1371 I MediaPlayerService: MediaPlayerService::getOMX
02-20 20:06:54.145  1371  1371 I OMXClient: MuxOMX ctor
02-20 20:06:54.145  1368  1368 I OMXMaster: makeComponentInstance(OMX.google.flac.encoder) in mediacodec process
02-20 20:06:54.181  1878  1878 E wpa_supplicant: global ctrl interface @android:wpa_wlan0 matches ctrl interface wlan0 - do not open per-interface ctrl interface
02-20 20:06:54.194  1675  1735 D WifiConfigManager: Loading config and enabling all networks 
02-20 20:06:54.211  1675  1735 W WifiNetworkHistory: Upgrading network 0 to android.uid.system:1000
02-20 20:06:54.212  1675  1735 D WifiConfigManager: loaded 0 passpoint configs
02-20 20:06:54.228  1675  1735 E IpConfigStore: Error parsing configuration: java.io.FileNotFoundException: /data/misc/wifi/ipconfig.txt (No such file or directory)
02-20 20:06:54.260  1371  1371 I MediaPlayerService: MediaPlayerService::getOMX
02-20 20:06:54.261  1371  1371 I OMXClient: MuxOMX ctor
02-20 20:06:54.261  1368  1388 I OMXMaster: makeComponentInstance(OMX.google.gsm.decoder) in mediacodec process
02-20 20:06:54.266  1675  1735 D WifiNative-HAL: Setting external_sim to 1
02-20 20:06:54.266  1675  1735 D WifiStateMachine: Setting OUI to DA-A1-19
02-20 20:06:54.274  1675  1735 I WifiConnectivityManager: PNO settings: min5GHzRssi -82 min24GHzRssi -85 currentConnectionBonus 16 sameNetworkBonus 24 secureNetworkBonus 80 initialScoreMax 100
02-20 20:06:54.279  1675  1735 I WifiConnectivityManager: ConnectivityScanManager initialized and disabled
02-20 20:06:54.279  1675  1735 I WifiConnectivityManager: setUntrustedConnectionAllowed: allowed=false
02-20 20:06:54.279  1675  1735 E WifiLogger: no ring buffers found
02-20 20:06:54.279  1675  1735 E WifiLogger: Failed to start packet fate monitoring
02-20 20:06:54.283  1675  1735 I WifiConnectivityManager: Set WiFi enabled
02-20 20:06:54.283  1675  1735 I WifiConnectivityManager: scheduleWatchdogTimer
02-20 20:06:54.284  1675  1735 D WifiNative-HAL: Failing getSupportedFeatureset because HAL isn't started
02-20 20:06:54.300  1675  1694 E BatteryStatsService: no controller energy info supplied
02-20 20:06:54.300  1675  1694 E KernelCpuSpeedReader: Failed to read cpu-freq: /sys/devices/system/cpu/cpu0/cpufreq/stats/time_in_state (No such file or directory)
02-20 20:06:54.300  1675  1694 E KernelUidCpuTimeReader: Failed to read uid_cputime: /proc/uid_cputime/show_uid_stat (No such file or directory)
02-20 20:06:54.301  1675  1735 D WifiNative-HAL: Failing getSupportedFeatureset because HAL isn't started
02-20 20:06:54.301  1675  1694 E BatteryStatsService: no controller energy info supplied
02-20 20:06:54.301  1675  1694 E KernelCpuSpeedReader: Failed to read cpu-freq: /sys/devices/system/cpu/cpu0/cpufreq/stats/time_in_state (No such file or directory)
02-20 20:06:54.301  1675  1694 E KernelUidCpuTimeReader: Failed to read uid_cputime: /proc/uid_cputime/show_uid_stat (No such file or directory)
02-20 20:06:54.395  1675  1675 I SystemServiceManager: Starting phase 600
02-20 20:06:54.399  1675  1675 D SensorNotificationService: Cannot obtain dynamic meta sensor, not supported.
02-20 20:06:54.400  1675  1675 D TelephonyRegistry: listen oscl: hasNotifySubscriptionInfoChangedOccurred==false no callback
02-20 20:06:54.415  1675  1675 I GnssLocationProvider: WakeLock acquired by sendMessage(13, 0, null)
02-20 20:06:54.419  1675  1675 W LocationProviderProxy-network: Odd, no component found for service com.android.location.service.v3.NetworkLocationProvider
02-20 20:06:54.421  1675  1675 W GeocoderProxy: Odd, no component found for service com.android.location.service.GeocodeProvider
02-20 20:06:54.424  1675  1675 E FlpHardwareProvider: Error hw_get_module 'flp': -2
02-20 20:06:54.424  1675  1675 D LocationManagerService: FLP HAL not supported
02-20 20:06:54.424  1371  1371 I MediaPlayerService: MediaPlayerService::getOMX
02-20 20:06:54.425  1371  1371 I OMXClient: MuxOMX ctor
02-20 20:06:54.425  1368  1388 I OMXMaster: makeComponentInstance(OMX.google.mpeg4.decoder) in mediacodec process
02-20 20:06:54.426  1675  1675 W GeofenceProxy: Odd, no component found for service com.android.location.service.GeofenceProvider
02-20 20:06:54.427  1675  1675 E ActivityRecognitionHardware: Error hw_get_module: -2
02-20 20:06:54.427  1675  1675 D LocationManagerService: Hardware Activity-Recognition not supported.
02-20 20:06:54.428  1675  1675 W ActivityRecognitionProxy: Odd, no component found for service com.android.location.service.ActivityRecognitionProvider
02-20 20:06:54.428  1675  1675 I GnssLocationProvider: WakeLock acquired by sendMessage(2, 1, null)
02-20 20:06:54.429  1675  1690 W GnssLocationProvider: Could not open GPS configuration file /etc/gps.conf
02-20 20:06:54.429  1675  1690 E GnssLocationProvider: no AGPS interface in set_agps_server
02-20 20:06:54.430  1675  1675 I CommonTimeManagementService: No common time service detected on this platform.  Common time services will be unavailable.
02-20 20:06:54.432  1675  1725 I InputReader: Reconfiguring input devices.  changes=0x00000020
02-20 20:06:54.433  1675  1675 D TelephonyRegistry: systemRunning register for intents
02-20 20:06:54.434  1675  1675 I MmsServiceBroker: Delay connecting to MmsService until an API is called
02-20 20:06:54.435  1675  1725 I InputReader: Reconfiguring input devices.  changes=0x00000010
02-20 20:06:54.443  1675  1690 D TelephonyRegistry: listen oscl: hasNotifySubscriptionInfoChangedOccurred==false no callback
02-20 20:06:54.445  1675  1690 I GnssLocationProvider: WakeLock released by handleMessage(13, 0, null)
02-20 20:06:54.445  1675  1690 E GnssLocationProvider: no AGPS interface in set_agps_server
02-20 20:06:54.445  1675  1690 I GnssLocationProvider: WakeLock released by handleMessage(2, 1, null)
02-20 20:06:54.460  1917  1917 W art     : Unexpected CPU variant for X86 using defaults: x86_64
02-20 20:06:54.460  1675  1749 I stream_devices_changed: [0,0,2]
02-20 20:06:54.461  1757  1876 I LatinIME:LogUtils: Dictionary info: dictionary = main:en ; version = 54 ; date = 1414726273
02-20 20:06:54.464  1368  1368 E OMXNodeInstance: getExtensionIndex(558000f:google.mpeg4.decoder, OMX.google.android.index.configureVideoTunnelMode) ERROR: UnsupportedIndex(0x8000101a)
02-20 20:06:54.464  1368  1842 W OMXNodeInstance: [558000f:google.mpeg4.decoder] component does not support metadata mode; using fallback
02-20 20:06:54.465  1371  1371 I MediaPlayerService: MediaPlayerService::getOMX
02-20 20:06:54.465  1371  1371 I OMXClient: MuxOMX ctor
02-20 20:06:54.465  1368  1388 I OMXMaster: makeComponentInstance(OMX.google.h263.decoder) in mediacodec process
02-20 20:06:54.467  1675  1675 I am_proc_start: [0,1917,1001,com.android.phone,added application,com.android.phone]
02-20 20:06:54.468  1675  1675 I ActivityManager: Start proc 1917:com.android.phone/1001 for added application com.android.phone
02-20 20:06:54.468  1675  1675 I ActivityManager: START u0 {act=android.intent.action.MAIN cat=[android.intent.category.HOME] flg=0x10000100 cmp=com.android.settings/.FallbackHome} from uid 0 on display 0
02-20 20:06:54.469  1675  1675 W System  : ClassLoader referenced unknown path: 
02-20 20:06:54.469  1675  1675 W System  : ClassLoader referenced unknown path: /system/priv-app/Settings/lib/x86_64
02-20 20:06:54.469  1675  1675 D ApplicationLoaders: ignored Vulkan layer search path /system/priv-app/Settings/lib/x86_64:/system/priv-app/Settings/Settings.apk!/lib/x86_64:/system/lib64:/vendor/lib64 for namespace 0x7ed97e0d6160
02-20 20:06:54.482  1675  1675 I ActivityManager: Loaded persisted task ids for user 0
02-20 20:06:54.483  1675  1675 I am_create_task: [0,1]
02-20 20:06:54.483  1675  1675 I am_create_activity: [0,173003017,1,com.android.settings/.FallbackHome,android.intent.action.MAIN,NULL,NULL,276824320]
02-20 20:06:54.485  1675  1675 I wm_task_created: [1,0]
02-20 20:06:54.485  1675  1675 I wm_task_moved: [1,1,0]
02-20 20:06:54.485  1675  1675 I wm_task_moved: [1,1,0]
02-20 20:06:54.487  1675  1675 I am_focused_activity: [0,com.android.settings/.FallbackHome,startedActivity]
02-20 20:06:54.493  1675  1675 I am_proc_start: [0,1933,1000,com.android.settings,activity,com.android.settings/.FallbackHome]
02-20 20:06:54.493  1675  1675 I ActivityManager: Start proc 1933:com.android.settings/1000 for activity com.android.settings/.FallbackHome
02-20 20:06:54.498  1368  1842 E OMXNodeInstance: getExtensionIndex(5580010:google.h263.decoder, OMX.google.android.index.configureVideoTunnelMode) ERROR: UnsupportedIndex(0x8000101a)
02-20 20:06:54.498  1368  1368 W OMXNodeInstance: [5580010:google.h263.decoder] component does not support metadata mode; using fallback
02-20 20:06:54.508  1675  1686 I am_proc_bound: [0,1917,com.android.phone]
02-20 20:06:54.509  1371  1371 I MediaPlayerService: MediaPlayerService::getOMX
02-20 20:06:54.509  1371  1371 I OMXClient: MuxOMX ctor
02-20 20:06:54.509  1368  1388 I OMXMaster: makeComponentInstance(OMX.google.h264.decoder) in mediacodec process
02-20 20:06:54.511  1675  1675 I SystemServer: Enabled StrictMode for system server main thread.
02-20 20:06:54.513  1675  1749 I stream_devices_changed: [2,0,2]
02-20 20:06:54.513  1933  1933 W art     : Unexpected CPU variant for X86 using defaults: x86_64
02-20 20:06:54.513  1675  1749 I stream_devices_changed: [3,0,2]
02-20 20:06:54.514  1675  1749 I stream_devices_changed: [6,0,2]
02-20 20:06:54.515  1675  1675 D ConditionProviders.SCP: onConnected
02-20 20:06:54.516  1675  1675 D ZenLog  : set_zen_mode: off,readXml
02-20 20:06:54.521  1675  1690 W LocationProviderProxy-network: Odd, no component found for service com.android.location.service.v3.NetworkLocationProvider
02-20 20:06:54.521  1675  1690 W GeocoderProxy: Odd, no component found for service com.android.location.service.GeocodeProvider
02-20 20:06:54.521  1675  1690 W GeofenceProxy: Odd, no component found for service com.android.location.service.GeofenceProvider
02-20 20:06:54.521  1675  1690 W ActivityRecognitionProxy: Odd, no component found for service com.android.location.service.ActivityRecognitionProvider
02-20 20:06:54.522  1675  1675 D ConditionProviders: Subscribing to condition://android/schedule?days=6.7&start=23.30&end=10.0&exitAtAlarm=false with ComponentInfo{android/com.android.server.notification.ScheduleConditionProvider}
02-20 20:06:54.522  1675  1675 D ZenLog  : subscribe: condition://android/schedule?days=6.7&start=23.30&end=10.0&exitAtAlarm=false,ok
02-20 20:06:54.522  1675  1675 D ConditionProviders: Subscribing to condition://android/event?userId=-10000&calendar=&reply=1 with ComponentInfo{android/com.android.server.notification.EventConditionProvider}
02-20 20:06:54.522  1675  1675 D ZenLog  : subscribe: condition://android/event?userId=-10000&calendar=&reply=1,ok
02-20 20:06:54.522  1675  1675 D ConditionProviders: Subscribing to condition://android/schedule?days=1.2.3.4.5&start=22.0&end=7.0&exitAtAlarm=false with ComponentInfo{android/com.android.server.notification.ScheduleConditionProvider}
02-20 20:06:54.522  1675  1675 D ZenLog  : subscribe: condition://android/schedule?days=1.2.3.4.5&start=22.0&end=7.0&exitAtAlarm=false,ok
02-20 20:06:54.526  1675  1749 I stream_devices_changed: [4,0,2]
02-20 20:06:54.526  1763  1893 I vol.Events: writeEvent level_changed STREAM_ALARM 6
02-20 20:06:54.532  1763  1893 I vol.Events: writeEvent level_changed STREAM_BLUETOOTH_SCO 7
02-20 20:06:54.535  1675  1737 I WifiScanningService: wifi driver unloaded
02-20 20:06:54.537  1675  1675 D ZenLog  : set_zen_mode: off,cleanUpZenRules
02-20 20:06:54.539  1763  1893 I vol.Events: writeEvent level_changed STREAM_MUSIC 11
02-20 20:06:54.542  1675  1675 D RttService: SCAN_AVAILABLE : 1
02-20 20:06:54.542  1675  1738 D RttService: DefaultState got{ when=0 what=160513 target=com.android.internal.util.StateMachine$SmHandler }
02-20 20:06:54.543  1763  1893 I vol.Events: writeEvent level_changed STREAM_RING 5
02-20 20:06:54.544  1763  1893 I vol.Events: writeEvent level_changed STREAM_SYSTEM 5
02-20 20:06:54.544  1917  1917 W System  : ClassLoader referenced unknown path: /system/priv-app/TeleService/lib/x86_64
02-20 20:06:54.547  1763  1893 I vol.Events: writeEvent level_changed STREAM_VOICE_CALL 4
02-20 20:06:54.565  1312  1354 E SurfaceFlinger: ro.sf.lcd_density must be defined as a build property
02-20 20:06:54.567  1675  1675 W System  : ClassLoader referenced unknown path: /system/priv-app/Telecom/lib/x86_64
02-20 20:06:54.569  1675  1675 D ApplicationLoaders: ignored Vulkan layer search path /system/priv-app/Telecom/lib/x86_64:/system/priv-app/Telecom/Telecom.apk!/lib/x86_64:/system/lib64:/vendor/lib64 for namespace 0x7ed97e0d61d0
02-20 20:06:54.570  1763  1763 D         : HostConnection::get() New Host Connection established 0x7ed95ee35720, tid 1763
02-20 20:06:54.584  1675  1687 I am_proc_bound: [0,1933,com.android.settings]
02-20 20:06:54.603  1371  1371 W ACodec  : [OMX.google.h264.decoder] stopping checking profiles after 32: 2/8000
02-20 20:06:54.604  1368  1388 E OMXNodeInstance: getExtensionIndex(5580011:google.h264.decoder, OMX.google.android.index.configureVideoTunnelMode) ERROR: UnsupportedIndex(0x8000101a)
02-20 20:06:54.604  1368  1368 W OMXNodeInstance: [5580011:google.h264.decoder] component does not support metadata mode; using fallback
02-20 20:06:54.606  1371  1371 I MediaPlayerService: MediaPlayerService::getOMX
02-20 20:06:54.606  1371  1371 I OMXClient: MuxOMX ctor
02-20 20:06:54.606  1368  1842 I OMXMaster: makeComponentInstance(OMX.google.hevc.decoder) in mediacodec process
02-20 20:06:54.631  1368  1842 E OMXNodeInstance: getExtensionIndex(5580012:google.hevc.decoder, OMX.google.android.index.configureVideoTunnelMode) ERROR: UnsupportedIndex(0x8000101a)
02-20 20:06:54.631  1368  1388 W OMXNodeInstance: [5580012:google.hevc.decoder] component does not support metadata mode; using fallback
02-20 20:06:54.632  1371  1371 I MediaPlayerService: MediaPlayerService::getOMX
02-20 20:06:54.632  1371  1371 I OMXClient: MuxOMX ctor
02-20 20:06:54.632  1368  1388 I OMXMaster: makeComponentInstance(OMX.google.vp8.decoder) in mediacodec process
02-20 20:06:54.654  1368  1388 E OMXNodeInstance: getExtensionIndex(5580013:google.vp8.decoder, OMX.google.android.index.configureVideoTunnelMode) ERROR: UnsupportedIndex(0x8000101a)
02-20 20:06:54.655  1368  1842 W OMXNodeInstance: [5580013:google.vp8.decoder] component does not support metadata mode; using fallback
02-20 20:06:54.656  1312  1354 D PermissionCache: checking android.permission.READ_FRAME_BUFFER for uid=1000 => granted (272 us)
02-20 20:06:54.656  1312  1354 D gralloc_ranchu: gralloc_alloc: Creating ashmem region of size 17051648
02-20 20:06:54.657  1371  1371 I MediaPlayerService: MediaPlayerService::getOMX
02-20 20:06:54.657  1371  1371 I OMXClient: MuxOMX ctor
02-20 20:06:54.657  1368  1842 I OMXMaster: makeComponentInstance(OMX.google.vp9.decoder) in mediacodec process
02-20 20:06:54.660     0     0 D ieee80211 phy1: mac80211_hwsim_configure_filter
02-20 20:06:54.683  1368  1368 E OMXNodeInstance: getExtensionIndex(5580014:google.vp9.decoder, OMX.google.android.index.configureVideoTunnelMode) ERROR: UnsupportedIndex(0x8000101a)
02-20 20:06:54.683  1368  1842 W OMXNodeInstance: [5580014:google.vp9.decoder] component does not support metadata mode; using fallback
02-20 20:06:54.685  1371  1371 I MediaPlayerService: MediaPlayerService::getOMX
02-20 20:06:54.685  1371  1371 I OMXClient: MuxOMX ctor
02-20 20:06:54.685  1368  1842 I OMXMaster: makeComponentInstance(OMX.google.h263.encoder) in mediacodec process
02-20 20:06:54.701  1368  1842 I SoftMPEG4Encoder: Construct SoftMPEG4Encoder
02-20 20:06:54.704  1371  1371 W ACodec  : do not know color format 0x7f000789 = 2130708361
02-20 20:06:54.704  1368  1388 E OMXNodeInstance: getConfig(5580015:google.h263.encoder, ConfigAndroidIntraRefresh(0x6f60000a)) ERROR: Undefined(0x80001001)
02-20 20:06:54.706  1371  1371 I MediaPlayerService: MediaPlayerService::getOMX
02-20 20:06:54.707  1371  1371 I OMXClient: MuxOMX ctor
02-20 20:06:54.707  1368  1388 I OMXMaster: makeComponentInstance(OMX.google.h264.encoder) in mediacodec process
02-20 20:06:54.733  1371  1371 W ACodec  : do not know color format 0x7f000789 = 2130708361
02-20 20:06:54.735  1371  1371 I MediaPlayerService: MediaPlayerService::getOMX
02-20 20:06:54.735  1371  1371 I OMXClient: MuxOMX ctor
02-20 20:06:54.735  1368  1388 I OMXMaster: makeComponentInstance(OMX.google.mpeg4.encoder) in mediacodec process
02-20 20:06:54.749  1368  1388 I SoftMPEG4Encoder: Construct SoftMPEG4Encoder
02-20 20:06:54.757  1371  1371 W ACodec  : do not know color format 0x7f000789 = 2130708361
02-20 20:06:54.759  1368  1842 E OMXNodeInstance: getConfig(5580017:google.mpeg4.encoder, ConfigAndroidIntraRefresh(0x6f60000a)) ERROR: Undefined(0x80001001)
02-20 20:06:54.761  1675  1687 I am_restart_activity: [0,173003017,1,com.android.settings/.FallbackHome]
02-20 20:06:54.762  1675  1788 W art     : Long monitor contention with owner Binder:1675_2 (1687) at void com.android.server.am.ActivityManagerService.attachApplication(android.app.IApplicationThread)(ActivityManagerService.java:6669) waiters=0 in void com.android.server.am.ActivityManagerService.addPackageDependency(java.lang.String) for 175ms
02-20 20:06:54.762  1675  1788 I dvm_lock_sample: [system_server,1,Binder:1675_4,175,ActivityManagerService.java,5765,-,6669,35]
02-20 20:06:54.762  1675  1698 W art     : Long monitor contention with owner Binder:1675_2 (1687) at void com.android.server.am.ActivityManagerService.attachApplication(android.app.IApplicationThread)(ActivityManagerService.java:6669) waiters=2 in void com.android.server.am.ActivityManagerService$LocalService.notifyAppTransitionCancelled() for 160ms
02-20 20:06:54.763  1675  1698 I dvm_lock_sample: [system_server,1,android.display,160,ActivityManagerService.java,21995,-,6669,32]
02-20 20:06:54.765  1371  1371 I MediaPlayerService: MediaPlayerService::getOMX
02-20 20:06:54.766  1371  1371 I OMXClient: MuxOMX ctor
02-20 20:06:54.766  1368  1388 I OMXMaster: makeComponentInstance(OMX.google.vp8.encoder) in mediacodec process
02-20 20:06:54.793  1763  1763 D StorageNotification: Notifying about private volume: VolumeInfo{private}:
02-20 20:06:54.793  1763  1763 D StorageNotification:     type=PRIVATE diskId=null partGuid=null mountFlags=0 mountUserId=-1 
02-20 20:06:54.793  1763  1763 D StorageNotification:     state=MOUNTED 
02-20 20:06:54.793  1763  1763 D StorageNotification:     fsType=null fsUuid=null fsLabel=null 
02-20 20:06:54.793  1763  1763 D StorageNotification:     path=/data internalPath=null 
02-20 20:06:54.795  1933  1933 W System  : ClassLoader referenced unknown path: /system/priv-app/Settings/lib/x86_64
02-20 20:06:54.796  1763  1763 D StorageNotification: Notifying about public volume: VolumeInfo{public:253,64}:
02-20 20:06:54.796  1763  1763 D StorageNotification:     type=PUBLIC diskId=disk:253,64 partGuid=null mountFlags=VISIBLE 
02-20 20:06:54.796  1763  1763 D StorageNotification:     mountUserId=0 state=MOUNTED 
02-20 20:06:54.796  1763  1763 D StorageNotification:     fsType=vfat fsUuid=1E12-0B12 fsLabel=SDCARD 
02-20 20:06:54.796  1763  1763 D StorageNotification:     path=/storage/1E12-0B12 internalPath=/mnt/media_rw/1E12-0B12 
02-20 20:06:54.797  1371  1371 W ACodec  : do not know color format 0x7f000789 = 2130708361
02-20 20:06:54.797  1368  1973 E OMXNodeInstance: getConfig(5580018:google.vp8.encoder, ConfigAndroidIntraRefresh(0x6f60000a)) ERROR: Undefined(0x80001001)
02-20 20:06:54.799  1371  1371 I MediaPlayerService: MediaPlayerService::getOMX
02-20 20:06:54.799  1371  1371 I OMXClient: MuxOMX ctor
02-20 20:06:54.801  1371  1371 I MediaPlayerService: MediaPlayerService::getOMX
02-20 20:06:54.801  1371  1371 I OMXClient: MuxOMX ctor
02-20 20:06:54.801  1371  1371 W MediaCodecList: unable to open media codecs configuration xml file: /data/misc/media/media_codecs_profiling_results.xml
02-20 20:06:54.802  1371  1877 I MediaPlayerService: MediaPlayerService::getOMX
02-20 20:06:54.802  1371  1843 I MediaPlayerService: MediaPlayerService::getOMX
02-20 20:06:54.802  1763  1863 I OMXClient: MuxOMX ctor
02-20 20:06:54.802  1675  1837 I OMXClient: MuxOMX ctor
02-20 20:06:54.803  1368  1368 I OMXMaster: makeComponentInstance(OMX.google.vorbis.decoder) in mediacodec process
02-20 20:06:54.812  1917  1917 W System  : ClassLoader referenced unknown path: /system/priv-app/TelephonyProvider/lib/x86_64
02-20 20:06:54.814  1917  1917 D ApplicationLoaders: ignored Vulkan layer search path /system/priv-app/TelephonyProvider/lib/x86_64:/system/lib64:/vendor/lib64 for namespace 0x7ed97e06b0f0
02-20 20:06:54.842  1675  1675 E BluetoothAdapter: Bluetooth binder is null
02-20 20:06:54.857  1368  1973 I OMXMaster: makeComponentInstance(OMX.google.vorbis.decoder) in mediacodec process
02-20 20:06:54.863  1675  1675 I Telecom : SystemStateProvider: Registering car mode receiver: android.content.IntentFilter@93370b8: TS.init@AAA
02-20 20:06:54.932  1675  1982 I Telecom : Telecom: Non-call EVENT: AUDIO_ROUTE, Entering state QuiescentEarpieceRoute
02-20 20:06:54.939  1933  1933 I am_on_resume_called: [0,com.android.settings.FallbackHome,LAUNCH_ACTIVITY]
02-20 20:06:54.944  1312  1323 E SurfaceFlinger: ro.sf.lcd_density must be defined as a build property
02-20 20:06:54.946  1675  1983 I Telecom : CallAudioModeStateMachine: Message received: null.: TS.init->CAMSM.pM_1@AAA_0
02-20 20:06:54.948  1933  1933 D         : HostConnection::get() New Host Connection established 0x7ed96f5f8e20, tid 1933
02-20 20:06:54.953  1675  1986 E ActivityThread: Failed to find provider info for call_log
02-20 20:06:54.953  1675  1675 E BluetoothAdapter: Bluetooth binder is null
02-20 20:06:54.958  1917  1917 D TelephonyProvider: dbh.onOpen: ok, queried table=siminfo
02-20 20:06:54.959  1917  1917 D TelephonyProvider: dbh.onOpen: ok, queried table=carriers
02-20 20:06:54.960  1371  1877 I MediaPlayerService: MediaPlayerService::getOMX
02-20 20:06:54.960  1371  1404 I MediaPlayerService: MediaPlayerService::getOMX
02-20 20:06:54.961  1763  1987 I OMXClient: MuxOMX ctor
02-20 20:06:54.961  1368  1842 I OMXMaster: makeComponentInstance(OMX.google.vorbis.decoder) in mediacodec process
02-20 20:06:54.961  1675  1675 I Telecom : Class: TelecomSystem.INSTANCE being set
02-20 20:06:54.962  1675  1675 E BluetoothAdapter: Bluetooth binder is null
02-20 20:06:54.962  1675  1675 W ContextImpl: Calling a method in the system process without a qualified user: android.app.ContextImpl.startService:1357 com.android.server.content.SyncManager$13.run:658 android.os.Handler.handleCallback:751 android.os.Handler.dispatchMessage:95 android.os.Looper.loop:154 
02-20 20:06:54.963  1675  1675 D RttService: SCAN_AVAILABLE : 3
02-20 20:06:54.966  1675  1988 I OMXClient: MuxOMX ctor
02-20 20:06:54.967  1675  1738 D RttService: DefaultState got{ when=-4ms what=160512 target=com.android.internal.util.StateMachine$SmHandler }
02-20 20:06:54.969  1675  1737 I WifiScanningService: wifi driver loaded with scan capabilities: max buckets=16
02-20 20:06:54.982  1675  1675 W System  : ClassLoader referenced unknown path: /system/priv-app/FusedLocation/lib/x86_64
02-20 20:06:54.986  1675  1675 D ApplicationLoaders: ignored Vulkan layer search path /system/priv-app/FusedLocation/lib/x86_64:/system/priv-app/FusedLocation/FusedLocation.apk!/lib/x86_64:/system/lib64:/vendor/lib64 for namespace 0x7ed97e0d6240
02-20 20:06:54.999  1675  1675 D GpsNetInitiatedHandler: location enabled :true
02-20 20:06:54.999  1368  1973 I OMXMaster: makeComponentInstance(OMX.google.vorbis.decoder) in mediacodec process
02-20 20:06:54.999  1675  1675 V WiredAccessoryManager: notifyWiredAccessoryChanged: when=0 bits= mask=54
02-20 20:06:54.999  1675  1675 V WiredAccessoryManager: newName=h2w newState=0 headsetState=0 prev headsetState=0
02-20 20:06:54.999  1675  1675 E WiredAccessoryManager: No state change.
02-20 20:06:54.999  1675  1675 V WiredAccessoryManager: init()
02-20 20:06:55.029  1917  1917 D TDC     : updateOrInsert: inserting: Modem { uuid=modem, state=0, rilModel=0, rat={}, maxActiveVoiceCall=1, maxActiveDataCall=1, maxStandby=1 }
02-20 20:06:55.029  1917  1917 D TDC     : updateOrInsert: inserting: Sim { uuid=sim, modemUuid=modem, state=0 }
02-20 20:06:55.055  1371  1404 I MediaPlayerService: MediaPlayerService::getOMX
02-20 20:06:55.056  1675  2006 I OMXClient: MuxOMX ctor
02-20 20:06:55.057  1368  2004 I OMXMaster: makeComponentInstance(OMX.google.vorbis.decoder) in mediacodec process
02-20 20:06:55.060  1917  1917 D CdmaSSM : subscriptionSource from settings: 0
02-20 20:06:55.060  1917  1917 I PhoneFactory: Cdma Subscription set to 0
02-20 20:06:55.083  1917  1917 I PhoneFactory: Network Mode set to 0
02-20 20:06:55.089  1933  1984 D         : HostConnection::get() New Host Connection established 0x7ed96f5f8ee0, tid 1984
02-20 20:06:55.091  1933  1984 I OpenGLRenderer: Initialized EGL, version 1.4
02-20 20:06:55.091  1933  1984 D OpenGLRenderer: Swap behavior 1
02-20 20:06:55.111  1371  1371 I MediaPlayerService: MediaPlayerService::getOMX
02-20 20:06:55.112  1763  2011 I OMXClient: MuxOMX ctor
02-20 20:06:55.112  1368  1973 I OMXMaster: makeComponentInstance(OMX.google.vorbis.decoder) in mediacodec process
02-20 20:06:55.114  1371  1843 I MediaPlayerService: MediaPlayerService::getOMX
02-20 20:06:55.114  1675  2012 I OMXClient: MuxOMX ctor
02-20 20:06:55.118  1933  1984 D EGL_emulation: eglCreateContext: 0x7ed96f579a20: maj 3 min 0 rcv 3
02-20 20:06:55.131  1368  2004 I OMXMaster: makeComponentInstance(OMX.google.vorbis.decoder) in mediacodec process
02-20 20:06:55.132  1917  1917 D RILJ    : RIL(context, preferredNetworkType=0 cdmaSubscription=0)
02-20 20:06:55.155  1675  1685 W art     : Suspending all threads took: 16.938ms
02-20 20:06:55.156  1917  1917 D RILJ    : Starting RILReceiver0 [SUB0]
02-20 20:06:55.159  1675  1685 I art     : Background sticky concurrent mark sweep GC freed 22559(1877KB) AllocSpace objects, 9(212KB) LOS objects, 10% free, 21MB/24MB, paused 17.857ms total 66.303ms
02-20 20:06:55.163  1675  1686 I StatusBarManagerService: registerStatusBar bar=com.android.internal.statusbar.IStatusBar$Stub$Proxy@c92c369
02-20 20:06:55.164  1917  1917 D RILJ    : [3648]> GET_HARDWARE_CONFIG [SUB0]
02-20 20:06:55.165  1917  1917 D RilRequest: [3648]< GET_HARDWARE_CONFIG error: com.android.internal.telephony.CommandException: RADIO_NOT_AVAILABLE ret=
02-20 20:06:55.165  1917  1917 I PhoneFactory: Creating SubscriptionController
02-20 20:06:55.167  1917  1917 D SubscriptionController: [SubscriptionController] init by Context
02-20 20:06:55.167  1373  1460 I RILC    : libril: new connection to RIL_SOCKET_1
02-20 20:06:55.167  1373  1460 I RILC    : RIL Daemon version: android reference-ril 1.0
02-20 20:06:55.167  1917  2023 I RILJ    : (0) Connected to 'rild' socket
02-20 20:06:55.167  1917  2023 D RILJ    : [UNSL]< UNSOL_RIL_CONNECTED {12} [SUB0]
02-20 20:06:55.169  1917  2023 D RILJ    : [3649]> RADIO_POWER off [SUB0]
02-20 20:06:55.180  1917  1917 D UiccController: Creating UiccController
02-20 20:06:55.190  1675  1675 W VibratorService: Tried to stop vibrating but there is no vibrator device.
02-20 20:06:55.193  1917  2023 D RILJ    : [3650]> RIL_REQUEST_CDMA_SET_SUBSCRIPTION_SOURCE : 0 [SUB0]
02-20 20:06:55.193  1917  1917 D TelephonyTester: register for intent action=com.android.internal.telephony.action_detached
02-20 20:06:55.193  1917  1917 D TelephonyTester: register for intent action=com.android.internal.telephony.action_attached
02-20 20:06:55.193  1373  1460 D RIL     : onRequest: RADIO_POWER
02-20 20:06:55.193  1917  2023 D RILJ    : setCellInfoListRate: 2147483647 [SUB0]
02-20 20:06:55.193  1917  2023 D RILJ    : [3651]> RIL_REQUEST_SET_CELL_INFO_LIST_RATE [SUB0]
02-20 20:06:55.193  1373  1460 D RIL     : onRequest: CDMA_SET_SUBSCRIPTION_SOURCE
02-20 20:06:55.194  1373  1460 D RIL     : onRequest: SET_UNSOL_CELL_INFO_LIST_RATE
02-20 20:06:55.194  1917  2023 D RILJ    : [UNSL]< UNSOL_RESPONSE_RADIO_STATE_CHANGED RADIO_OFF [SUB0]
02-20 20:06:55.194  1917  2023 D RILJ    : [3652]> SCREEN_STATE: true [SUB0]
02-20 20:06:55.194  1373  1460 D RIL     : onRequest: SCREEN_STATE
02-20 20:06:55.194  1917  2023 D RILJ    : [UNSL]< UNSOL_NITZ_TIME_RECEIVED 18/02/20:20:06:48+0:0:Unknown!Unknown [SUB0]
02-20 20:06:55.194  1675  1675 D ConditionProviders.SCP: onSubscribe condition://android/schedule?days=6.7&start=23.30&end=10.0&exitAtAlarm=false
02-20 20:06:55.195  1675  1675 D ConditionProviders.SCP: setRegistered true
02-20 20:06:55.195  1675  1675 D ConditionProviders.SCP: notifyCondition condition://android/schedule?days=6.7&start=23.30&end=10.0&exitAtAlarm=false STATE_FALSE reason=!meetsSchedule
02-20 20:06:55.196  1675  1675 D ConditionProviders.SCP: Scheduling evaluate for Tue Feb 20 23:30:00 GMT+00:00 2018 (1519169400000), in +3h23m4s805ms, now=Tue Feb 20 20:06:55 GMT+00:00 2018 (1519157215195)
02-20 20:06:55.196  1675  1675 D ConditionProviders.SCP: onSubscribe condition://android/schedule?days=1.2.3.4.5&start=22.0&end=7.0&exitAtAlarm=false
02-20 20:06:55.196  1675  1675 D ConditionProviders.SCP: notifyCondition condition://android/schedule?days=6.7&start=23.30&end=10.0&exitAtAlarm=false STATE_FALSE reason=!meetsSchedule
02-20 20:06:55.196  1675  1675 D ConditionProviders.SCP: notifyCondition condition://android/schedule?days=1.2.3.4.5&start=22.0&end=7.0&exitAtAlarm=false STATE_FALSE reason=!meetsSchedule
02-20 20:06:55.197  1917  2023 D RILJ    : [3649]< RADIO_POWER  [SUB0]
02-20 20:06:55.197  1917  2023 D RilRequest: [3650]< RIL_REQUEST_CDMA_SET_SUBSCRIPTION_SOURCE error: com.android.internal.telephony.CommandException: RADIO_NOT_AVAILABLE ret=
02-20 20:06:55.198  1917  2023 D RilRequest: [3651]< RIL_REQUEST_SET_CELL_INFO_LIST_RATE error: com.android.internal.telephony.CommandException: RADIO_NOT_AVAILABLE ret=
02-20 20:06:55.198  1917  2023 D RilRequest: [3652]< SCREEN_STATE error: com.android.internal.telephony.CommandException: RADIO_NOT_AVAILABLE ret=
02-20 20:06:55.198  1675  1675 D ConditionProviders.SCP: Scheduling evaluate for Tue Feb 20 22:00:00 GMT+00:00 2018 (1519164000000), in +1h53m4s804ms, now=Tue Feb 20 20:06:55 GMT+00:00 2018 (1519157215196)
02-20 20:06:55.200  1675  1675 I notification_enqueue: [10028,1763,com.android.systemui,1397773634,public:253,64,-1,Notification(pri=0 contentView=null vibrate=null sound=null defaults=0x0 flags=0x100 color=0xff607d8b category=sys actions=2 vis=PUBLIC),0]
02-20 20:06:55.202  1675  1731 I netstats_mobile_sample: [0,0,0,0,0,0,0,0,0,0,0,0,-1]
02-20 20:06:55.202  1675  1731 I netstats_wifi_sample: [0,0,0,0,0,0,0,0,0,0,0,0,-1]
