02-20 20:06:57.684  1917  2023 D RILJ    : [3726]< SIM_IO IccIoResponse sw1:0x90 sw2:0x0 [SUB0]
02-20 20:06:57.684  1917  1917 D RILJ    : [3727]> iccIO: SIM_IO 0xb0 0x6f13  path: 3F007F20,0,0,1 aid: null [SUB0]
02-20 20:06:57.684  1373  1460 D RIL     : onRequest: SIM_IO
02-20 20:06:57.685  1373  1460 D AT      : AT> AT+CRSM=176,28435,0,0,1
02-20 20:06:57.685  1373  1462 D AT      : AT< +CRSM: 144,0,55
02-20 20:06:57.685  1373  1462 D AT      : AT< OK
02-20 20:06:57.685  1917  2023 D RILJ    : [3727]< SIM_IO IccIoResponse sw1:0x90 sw2:0x0 [SUB0]
02-20 20:06:57.685  1917  1917 D RILJ    : [3728]> iccIO: SIM_IO 0xb2 0x6fc5  path: 3F007F20,1,4,24 aid: null [SUB0]
02-20 20:06:57.685  1373  1460 D RIL     : onRequest: SIM_IO
02-20 20:06:57.685  1373  1460 D AT      : AT> AT+CRSM=178,28613,1,4,24
02-20 20:06:57.685  1373  1462 D AT      : AT< +CRSM: 144,0,43058441aa890affffffffffffffffffffffffffffffffff
02-20 20:06:57.685  1373  1462 D AT      : AT< OK
02-20 20:06:57.685  1917  2023 D RILJ    : [3728]< SIM_IO IccIoResponse sw1:0x90 sw2:0x0 [SUB0]
02-20 20:06:57.685  1917  1917 D RILJ    : [3729]> iccIO: SIM_IO 0xb0 0x6f38  path: 3F007F20,0,0,15 aid: null [SUB0]
02-20 20:06:57.686  1373  1460 D RIL     : onRequest: SIM_IO
02-20 20:06:57.686  1373  1460 D AT      : AT> AT+CRSM=176,28472,0,0,15
02-20 20:06:57.686  1373  1462 D AT      : AT< +CRSM: 144,0,ff30ffff3c003c03000c0000f03f00
02-20 20:06:57.686  1373  1462 D AT      : AT< OK
02-20 20:06:57.686  1917  2023 D RILJ    : [3729]< SIM_IO IccIoResponse sw1:0x90 sw2:0x0 [SUB0]
02-20 20:06:57.686  1917  1917 D RILJ    : [3730]> iccIO: SIM_IO 0xb0 0x6f16  path: 3F007F20,0,0,2 aid: null [SUB0]
02-20 20:06:57.686  1373  1460 D RIL     : onRequest: SIM_IO
02-20 20:06:57.686  1373  1460 D AT      : AT> AT+CRSM=176,28438,0,0,2
02-20 20:06:57.687  1373  1462 D AT      : AT< +CRSM: 144,0,0233
02-20 20:06:57.687  1373  1462 D AT      : AT< OK
02-20 20:06:57.687  1917  2023 D RILJ    : [3730]< SIM_IO IccIoResponse sw1:0x90 sw2:0x0 [SUB0]
02-20 20:06:57.687  1917  1917 D SubscriptionInfoUpdater: [Receiver]+
02-20 20:06:57.687  1917  1917 D SubscriptionInfoUpdater: Action: android.intent.action.SIM_STATE_CHANGED
02-20 20:06:57.687  1917  1917 D SubscriptionInfoUpdater: slotId: 0
02-20 20:06:57.687  1917  1917 D SubscriptionInfoUpdater: simStatus: READY
02-20 20:06:57.687  1917  1917 D SubscriptionInfoUpdater: Ignoring simStatus: READY
02-20 20:06:57.687  1917  1917 D SubscriptionInfoUpdater: [Receiver]-
02-20 20:06:57.687  1917  1917 E SST     : error parsing GprsRegistrationState: java.lang.NumberFormatException: null
02-20 20:06:57.687  1917  1917 D SST     : handlPollStateResultMessage: GsmSST setDataRegState=0 regState=1 dataRadioTechnology=14
02-20 20:06:57.687  1917  1917 D SST     : EVENT_POLL_STATE_NETWORK_SELECTION_MODE
02-20 20:06:57.688  1917  1917 D SST     : Poll ServiceState done:  oldSS=[0 0 voice home data home Android Android 310260 Android Android 310260  Unknown LTE CSS not supported 0 0 RoamInd=0 DefRoamInd=0 EmergOnly=false IsDataRoamingFromRegistration=false IsUsingCarrierAggregation=false] newSS=[0 0 voice home data home Android Android 310260 Android Android 310260  Unknown LTE CSS not supported -1 -1 RoamInd=-1 DefRoamInd=-1 EmergOnly=false IsDataRoamingFromRegistration=false IsUsingCarrierAggregation=false] oldMaxDataCalls=1 mNewMaxDataCalls=1 oldReasonDataDenied=-1 mNewReasonDataDenied=-1
02-20 20:06:57.688  1917  1917 D SIMRecords: [SIMRecords] getServiceProviderName: no brandOverride, providerName=null
02-20 20:06:57.688  1917  1917 D SIMRecords: [SIMRecords] getServiceProviderName: no brandOverride, providerName=null
02-20 20:06:57.688  1917  1917 D TelephonyManager: setTelephonyProperty: success phoneId=0 property=gsm.operator.alpha value: Android propVal=Android
02-20 20:06:57.688  1917  1917 D TelephonyManager: setTelephonyProperty: success phoneId=0 property=gsm.operator.numeric value: 310260 propVal=310260
02-20 20:06:57.688  1917  1917 D TelephonyManager: setTelephonyProperty: success phoneId=0 property=gsm.operator.iso-country value: us propVal=us
02-20 20:06:57.688  1917  1917 D SST     : pollStateDone: there are 6 unique offsets for iso-cc='us testOneUniqueOffsetPath=false', do nothing
02-20 20:06:57.688  1917  1917 D SST     : shouldFixTimeZoneNow: retVal=false iccCardExist=true operatorNumeric=310260 mcc=310 prevOperatorNumeric=310260 prevMcc=310 needToFixTimeZone=false ltod=02-20 20:06:57.688
02-20 20:06:57.689  1917  1917 D TelephonyManager: setTelephonyProperty: success phoneId=0 property=gsm.operator.isroaming value: false propVal=false
02-20 20:06:57.689  1917  1917 D SST     : Broadcasting ServiceState : 0 0 voice home data home Android Android 310260 Android Android 310260  Unknown LTE CSS not supported -1 -1 RoamInd=-1 DefRoamInd=-1 EmergOnly=false IsDataRoamingFromRegistration=false IsUsingCarrierAggregation=false
02-20 20:06:57.689  1917  1917 D DefaultPhoneNotifier: nofityServiceState: mRegistry=com.android.internal.telephony.ITelephonyRegistry$Stub$Proxy@618859f ss=0 0 voice home data home Android Android 310260 Android Android 310260  Unknown LTE CSS not supported -1 -1 RoamInd=-1 DefRoamInd=-1 EmergOnly=false IsDataRoamingFromRegistration=false IsUsingCarrierAggregation=false sender=Handler (com.android.internal.telephony.GsmCdmaPhone) {11b0406} phondId=0 subId=-2
02-20 20:06:57.689  1917  1917 D SubscriptionController: [getSlotId]- subId invalid
02-20 20:06:57.689  1675  1749 D TelephonyManager: getSimState: default sim:-1, sim state for slotIdx=0 is 5, return state as unknown
02-20 20:06:57.690  1763  2087 D TelephonyManager: getSimState: default sim:-1, sim state for slotIdx=0 is 6, return state as unknown
02-20 20:06:57.690  1917  1917 D RuimRecords: [RuimRecords] NO update mccmnc=310260
02-20 20:06:57.690  1917  1917 D RuimRecords: [RuimRecords] onRecordLoaded 9 requested: true
02-20 20:06:57.690  1917  1917 D RILJ    : [3731]> iccIO: SIM_IO 0xb0 0x2fe2  path: 3F00,0,0,10 aid: null [SUB0]
02-20 20:06:57.705  1373  1460 D RIL     : onRequest: SIM_IO
02-20 20:06:57.705  1373  1460 D AT      : AT> AT+CRSM=176,12258,0,0,10
02-20 20:06:57.705  1373  1462 D AT      : AT< +CRSM: 144,0,98101430121181157002
02-20 20:06:57.705  1373  1462 D AT      : AT< OK
02-20 20:06:57.705  1917  2023 D RILJ    : [3731]< SIM_IO IccIoResponse sw1:0x90 sw2:0x0 [SUB0]
02-20 20:06:57.706  1917  1917 D IccCardProxy: broadcastIccStateChangedIntent intent ACTION_SIM_STATE_CHANGED value=IMSI reason=null for mPhoneId=0
02-20 20:06:57.707  1917  1917 D SIMRecords: [SIMRecords] onRecordLoaded 15 requested: true
02-20 20:06:57.707  1917  1917 D RILJ    : [3732]> iccIO: SIM_IO 0xc0 0x6f14  path: 3F007F20,0,0,15 aid: null [SUB0]
02-20 20:06:57.707  1917  1917 D SIMRecords: [SIMRecords] onRecordLoaded 15 requested: true
02-20 20:06:57.707  1917  1917 D SIMRecords: [SIMRecords] onRecordLoaded 14 requested: true
02-20 20:06:57.707  1917  1917 E SIMRecords: [SIMRecords] Exception in fetching EF_CSP data com.android.internal.telephony.CommandException: GENERIC_FAILURE
02-20 20:06:57.707  1917  1917 D SIMRecords: [SIMRecords] onRecordLoaded 13 requested: true
02-20 20:06:57.707  1917  1917 E SIMRecords: [SIMRecords] Exception in get GID1 com.android.internal.telephony.CommandException: GENERIC_FAILURE
02-20 20:06:57.707  1917  1917 D SIMRecords: [SIMRecords] onRecordLoaded 12 requested: true
02-20 20:06:57.707  1917  1917 E SIMRecords: [SIMRecords] Exception in get GID2 com.android.internal.telephony.CommandException: GENERIC_FAILURE
02-20 20:06:57.707  1917  1917 D SIMRecords: [SIMRecords] onRecordLoaded 11 requested: true
02-20 20:06:57.707  1917  1917 D RuimRecords: [RuimRecords] EF_PL LOADED
02-20 20:06:57.707  1917  1917 E RuimRecords: [RuimRecords] Record Load Exception: com.android.internal.telephony.CommandException: GENERIC_FAILURE
02-20 20:06:57.707  1917  1917 D RuimRecords: [RuimRecords] onRecordLoaded 8 requested: true
02-20 20:06:57.707  1917  1917 D RuimRecords: [RuimRecords] EF_CSIM_LI LOADED
02-20 20:06:57.707  1917  1917 E RuimRecords: [RuimRecords] Record Load Exception: com.android.internal.telephony.CommandException: GENERIC_FAILURE
02-20 20:06:57.708  1917  1917 D RuimRecords: [RuimRecords] onRecordLoaded 7 requested: true
02-20 20:06:57.708  1917  1917 D RuimRecords: [RuimRecords] EF_CSIM_SPN LOADED
02-20 20:06:57.708  1917  1917 E RuimRecords: [RuimRecords] Record Load Exception: com.android.internal.telephony.CommandException: GENERIC_FAILURE
02-20 20:06:57.708  1917  1917 D RuimRecords: [RuimRecords] onRecordLoaded 6 requested: true
02-20 20:06:57.708  1917  1917 D RuimRecords: [RuimRecords] EF_CSIM_MDN LOADED
02-20 20:06:57.708  1917  1917 E RuimRecords: [RuimRecords] Record Load Exception: com.android.internal.telephony.CommandException: GENERIC_FAILURE
02-20 20:06:57.708  1917  1917 D RuimRecords: [RuimRecords] onRecordLoaded 5 requested: true
02-20 20:06:57.708  1917  1917 D RuimRecords: [RuimRecords] EF_CSIM_IMSIM LOADED
02-20 20:06:57.708  1917  1917 E RuimRecords: [RuimRecords] Record Load Exception: com.android.internal.telephony.CommandException: GENERIC_FAILURE
02-20 20:06:57.708  1917  1917 D RuimRecords: [RuimRecords] onRecordLoaded 4 requested: true
02-20 20:06:57.708  1917  1917 D RuimRecords: [RuimRecords] EF_CSIM_CDMAHOME LOADED
02-20 20:06:57.708  1917  1917 E RuimRecords: [RuimRecords] Record Load Exception: com.android.internal.telephony.CommandException: GENERIC_FAILURE
02-20 20:06:57.708  1917  1917 D RuimRecords: [RuimRecords] onRecordLoaded 3 requested: true
02-20 20:06:57.708  1917  1917 D RuimRecords: [RuimRecords] EF_CSIM_EPRL LOADED
02-20 20:06:57.708  1917  1917 E RuimRecords: [RuimRecords] Record Load Exception: com.android.internal.telephony.CommandException: GENERIC_FAILURE
02-20 20:06:57.708  1917  1917 D RuimRecords: [RuimRecords] onRecordLoaded 2 requested: true
02-20 20:06:57.708  1917  1917 D RuimRecords: [RuimRecords] EF_CSIM_MIPUPP LOADED
02-20 20:06:57.708  1917  1917 E RuimRecords: [RuimRecords] Record Load Exception: com.android.internal.telephony.CommandException: GENERIC_FAILURE
02-20 20:06:57.708  1917  1917 D RuimRecords: [RuimRecords] onRecordLoaded 1 requested: true
02-20 20:06:57.708  1917  1917 D SubscriptionInfoUpdater: [Receiver]+
02-20 20:06:57.708  1917  1917 D SubscriptionInfoUpdater: Action: android.intent.action.SIM_STATE_CHANGED
02-20 20:06:57.708  1917  1917 D SubscriptionInfoUpdater: slotId: 0
02-20 20:06:57.708  1917  1917 D SubscriptionInfoUpdater: simStatus: IMSI
02-20 20:06:57.708  1917  1917 D SubscriptionInfoUpdater: Ignoring simStatus: IMSI
02-20 20:06:57.708  1917  1917 D SubscriptionInfoUpdater: [Receiver]-
02-20 20:06:57.708  1917  1917 D SIMRecords: [SIMRecords] iccid: 89014103211118510720
02-20 20:06:57.708  1917  1917 D SIMRecords: [SIMRecords] onRecordLoaded 10 requested: true
02-20 20:06:57.711  1373  1460 D RIL     : onRequest: SIM_IO
02-20 20:06:57.711  1373  1460 D AT      : AT> AT+CRSM=192,28436,0,0,15
02-20 20:06:57.711  1373  1462 D AT      : AT< +CRSM: 144,0,000000146f1404001aa0aa01020000
02-20 20:06:57.711  1373  1462 D AT      : AT< OK
02-20 20:06:57.711  1917  2023 D RILJ    : [3732]< SIM_IO IccIoResponse sw1:0x90 sw2:0x0 [SUB0]
02-20 20:06:57.712  1917  1917 D SIMRecords: [SIMRecords] EF_MBI: 01000000
02-20 20:06:57.712  1917  1917 D SIMRecords: [SIMRecords] Got valid mailbox number for MBDN
02-20 20:06:57.712  1917  1917 D RILJ    : [3733]> iccIO: SIM_IO 0xc0 0x6fc7  path: 3F007F20,0,0,15 aid: null [SUB0]
02-20 20:06:57.714  1373  1460 D RIL     : onRequest: SIM_IO
02-20 20:06:57.714  1373  1460 D AT      : AT> AT+CRSM=192,28615,0,0,15
02-20 20:06:57.714  1917  1917 D SIMRecords: [SIMRecords] onRecordLoaded 10 requested: true
02-20 20:06:57.714  1917  1917 D SIMRecords: [SIMRecords] EF_AD: 00000003
02-20 20:06:57.714  1917  1917 D SIMRecords: [SIMRecords] setting4 mMncLength=3
02-20 20:06:57.714  1917  1917 D SIMRecords: [SIMRecords] update mccmnc=310260
02-20 20:06:57.714  1917  1917 D MccTable: updateMccMncConfiguration mccmnc='310260' fromServiceState=false
02-20 20:06:57.714  1373  1462 D AT      : AT< +CRSM: 144,0,000000406fc7040011a0aa01020120
02-20 20:06:57.714  1917  1917 D SubscriptionController: [getPhoneId]- no sims, returning default phoneId=2147483647
02-20 20:06:57.714  1373  1462 D AT      : AT< OK
02-20 20:06:57.714  1917  2023 D RILJ    : [3733]< SIM_IO IccIoResponse sw1:0x90 sw2:0x0 [SUB0]
02-20 20:06:57.715  1917  1917 D MccTable: updateMccMncConfiguration defaultMccMnc=
02-20 20:06:57.715  1917  1917 D MccTable: updateMccMncConfiguration: mcc=310, mnc=260
02-20 20:06:57.715  1917  1917 D MccTable: updateMccMncConfiguration updateConfig config={1.0 310mcc260mnc ?localeList ?layoutDir ?swdp ?wdp ?hdp ?density ?lsize ?long ?orien ?uimode ?night ?touch ?keyb/?/? ?nav/?}
02-20 20:06:57.718  1917  2066 D SubscriptionController: [getActiveSubInfoList] Sub Controller not ready
02-20 20:06:57.720  1917  1931 D SubscriptionController: [getActiveSubInfoList] Sub Controller not ready
02-20 20:06:57.720  1675  1690 I GnssLocationProvider: WakeLock released by handleMessage(12, 0, null)
02-20 20:06:57.724  1917  1931 D SubscriptionController: [getPhoneId]- no sims, returning default phoneId=2147483647
02-20 20:06:57.748  1675  1686 I configuration_changed: 3
02-20 20:06:57.748  1675  1686 I ActivityManager: Config changes=3 {1.0 310mcc260mnc [en_US] ldltr sw360dp w360dp h668dp 640dpi nrml long port finger -keyb/v/h -nav/h s.5}
02-20 20:06:57.750  1675  1686 I am_relaunch_resume_activity: [0,173003017,1,com.android.settings/.FallbackHome]
02-20 20:06:57.766  1917  1917 D SIMRecords: [SIMRecords] onRecordLoaded 9 requested: true
02-20 20:06:57.766  1917  1917 D SIMRecords: [SIMRecords] EF_MWIS : 0000000000
02-20 20:06:57.766  1917  1917 D SIMRecords: [SIMRecords] onRecordLoaded 8 requested: true
02-20 20:06:57.766  1917  1917 D SIMRecords: [SIMRecords] EF_CPHS_MWI: 55
02-20 20:06:57.766  1917  1917 D SIMRecords: [SIMRecords] onRecordLoaded 7 requested: true
02-20 20:06:57.766  1917  1917 D SIMRecords: [SIMRecords] EF_CFF_CPHS: 55
02-20 20:06:57.766  1917  1917 D SIMRecords: [SIMRecords] onRecordLoaded 6 requested: true
02-20 20:06:57.766  1917  1917 D SIMRecords: [SIMRecords] onRecordLoaded 5 requested: true
02-20 20:06:57.767  1917  1917 D SIMRecords: [SIMRecords] SST: UsimServiceTable[120]={ PHONEBOOK, FDN, FDN_EXTENSION, SDN, SDN_EXTENSION, BDN, BDN_EXTENSION, OUTGOING_CALL_INFO, ADVICE_OF_CHARGE, CAP_CONFIG_PARAMS_2, GROUP_ID_LEVEL_1, GROUP_ID_LEVEL_2, SPN, USER_PLMN_SELECT, MSISDN, IMAGE, LOCALISED_SERVICE_AREAS, EMLPP, EMLPP_AUTO_ANSWER, RFU, GSM_ACCESS, DATA_DL_VIA_SMS_PP, DATA_DL_VIA_SMS_CB, CALL_CONTROL_BY_USIM, MO_SMS_CONTROL_BY_USIM, RUN_AT_COMMAND, APN_CONTROL_LIST, DEPERSONALISATION_CONTROL_KEYS, COOPERATIVE_NETWORK_LIST, GSM_SECURITY_CONTEXT, SERVICE_PROVIDER_DISPLAY_INFO, MMS_NOTIFICATION, MMS_NOTIFICATION_EXTENSION, GPRS_CALL_CONTROL_BY_USIM, VGCS_GROUP_ID_LIST, VBS_GROUP_ID_LIST, OMA_BCAST_PROFILE, GBA_LOCAL_KEY_ESTABLISHMENT, #101, #102, #103, #104, #105, #106, #107, #108, #109, #110 }
02-20 20:06:57.767  1917  1917 D SIMRecords: [SIMRecords] onRecordLoaded 4 requested: true
02-20 20:06:57.767  1917  1917 D SIMRecords: [SIMRecords] iCPHS: 0233
02-20 20:06:57.767  1917  1917 D SIMRecords: [SIMRecords] onRecordLoaded 3 requested: true
02-20 20:06:57.767  1917  1917 D RuimRecords: [RuimRecords] iccid: 89014103211118510720
02-20 20:06:57.767  1917  1917 D RuimRecords: [RuimRecords] onRecordLoaded 0 requested: true
02-20 20:06:57.767  1917  1917 D RuimRecords: [RuimRecords] record load complete
02-20 20:06:57.767  1933  1933 I am_on_paused_called: [0,com.android.settings.FallbackHome,handleRelaunchActivity]
02-20 20:06:57.767  1917  1917 D RILJ    : [3734]> iccIO: SIM_IO 0xb0 0x6f14  path: 3F007F20,0,0,20 aid: null [SUB0]
02-20 20:06:57.768  1917  1931 D DCT     : [0]hasMatchedTetherApnSetting: APN=null
02-20 20:06:57.777  1917  1917 D SIMRecords: [SIMRecords] MSISDN: [t-WgLegCyIMgfHgPkOdM6pkZbpA]
02-20 20:06:57.777  1917  1917 D SIMRecords: [SIMRecords] onRecordLoaded 2 requested: true
02-20 20:06:57.777  1917  1917 D RILJ    : [3735]> iccIO: SIM_IO 0xb2 0x6fc7  path: 3F007F20,1,4,32 aid: null [SUB0]
02-20 20:06:57.777  1933  1984 D EGL_emulation: eglMakeCurrent: 0x7ed96f579a20: ver 3 0 (tinfo 0x7ed9798a9c40)
02-20 20:06:57.777  1373  1460 D RIL     : onRequest: SIM_IO
02-20 20:06:57.777  1373  1460 D AT      : AT> AT+CRSM=176,28436,0,0,20
02-20 20:06:57.778  1373  1462 D AT      : AT< +CRSM: 144,0,416e64726f6964ffffffffffffffffffffffffff
02-20 20:06:57.778  1373  1462 D AT      : AT< OK
02-20 20:06:57.778  1917  2023 D RILJ    : [3734]< SIM_IO IccIoResponse sw1:0x90 sw2:0x0 [SUB0]
02-20 20:06:57.778  1933  1933 I am_on_stop_called: [0,com.android.settings.FallbackHome,destroy]
02-20 20:06:57.779  1373  1460 D RIL     : onRequest: SIM_IO
02-20 20:06:57.779  1373  1460 D AT      : AT> AT+CRSM=178,28615,1,4,32
02-20 20:06:57.779  1373  1462 D AT      : AT< +CRSM: 144,0,566f6963656d61696cffffffffffffffffff07915155125740f9ffffffffffff
02-20 20:06:57.779  1373  1462 D AT      : AT< OK
02-20 20:06:57.779  1917  2023 D RILJ    : [3735]< SIM_IO IccIoResponse sw1:0x90 sw2:0x0 [SUB0]
02-20 20:06:57.792  1917  1917 D SIMRecords: [SIMRecords] getServiceProviderName: no brandOverride, providerName=Android
02-20 20:06:57.792  1917  1917 D SIMRecords: [SIMRecords] Load EF_SPN_CPHS: Android
02-20 20:06:57.792  1917  1917 D TelephonyManager: setTelephonyProperty: success phoneId=0 property=gsm.sim.operator.alpha value: Android propVal=Android
02-20 20:06:57.792  1917  1917 D SIMRecords: [SIMRecords] onRecordLoaded 1 requested: true
02-20 20:06:57.793  1917  1917 D SIMRecords: [SIMRecords] VM: ADN Record 'Voicemail' '[-MWU1cAlDrkXUZ8dpHi_wU_YOpU] null' EF[MBDN]
02-20 20:06:57.793  1917  1917 D SIMRecords: [SIMRecords] onRecordLoaded 0 requested: true
02-20 20:06:57.793  1917  1917 D SIMRecords: [SIMRecords] record load complete
02-20 20:06:57.793  1917  1917 D SIMRecords: [SIMRecords] Not using EF LI/EF PL
02-20 20:06:57.793  1917  1917 D SIMRecords: [SIMRecords] EF_CFF: callForwardingEnabled=0
02-20 20:06:57.793  1917  1917 D SIMRecords: [SIMRecords] onAllRecordsLoaded set 'gsm.sim.operator.numeric' to operator='310260'
02-20 20:06:57.793  1917  1917 D SIMRecords: [SIMRecords] update icc_operator_numeric=310260
02-20 20:06:57.793  1917  1917 D TelephonyManager: setTelephonyProperty: success phoneId=0 property=gsm.sim.operator.numeric value: 310260 propVal=310260
02-20 20:06:57.794  1917  1917 D SubscriptionController: [setMccMnc]+ mcc/mnc:310/260 subId:-1
02-20 20:06:57.811  1917  1917 D SubscriptionController: notifySubscriptionInfoChanged:
02-20 20:06:57.811  1675  1675 I GnssLocationProvider: WakeLock acquired by sendMessage(12, 0, null)
02-20 20:06:57.812  1917  2091 D SubscriptionController: [getActiveSubInfoList] Sub Controller not ready
02-20 20:06:57.813  1917  1917 D SIMRecords: [SIMRecords] onAllRecordsLoaded set mcc imsi
02-20 20:06:57.814  1917  1917 D TelephonyManager: setTelephonyProperty: success phoneId=0 property=gsm.sim.operator.iso-country value: us propVal=us
02-20 20:06:57.865  1917  1931 D SubscriptionController: [getActiveSubInfoList] Sub Controller not ready
02-20 20:06:57.887  1933  1933 I am_on_resume_called: [0,com.android.settings.FallbackHome,handleRelaunchActivity]
02-20 20:06:57.910  1917  2066 D SubscriptionController: [getPhoneId]- no sims, returning default phoneId=2147483647
02-20 20:06:57.914  1917  1932 D SubscriptionController: [getSlotId]- subId invalid
02-20 20:06:57.916  1917  1917 D SST     : SubscriptionListener.onSubscriptionInfoChanged
02-20 20:06:57.916  1917  1917 D SIMRecords: [SIMRecords]  VoiceMessageCount from SIM MWIS = 0
02-20 20:06:57.916  1917  1917 E Phone   : getStoredVoiceMessageCount: invalid subId -2
02-20 20:06:57.916  1917  1917 D GsmCdmaPhone: [GsmCdmaPhone] updateVoiceMail countVoiceMessages = 0 subId -2
02-20 20:06:57.916  1917  1917 E Phone   : setVoiceMessageCount in sharedPreference: invalid subId -2
02-20 20:06:57.918  1917  1917 D DCT     : [0]SubscriptionListener.onSubscriptionInfoChanged
02-20 20:06:57.918  1917  1917 D SubscriptionController: [getActiveSubInfoList] Sub Controller not ready
02-20 20:06:57.919  1917  1917 D SubscriptionController: [getActiveSubInfoList] Sub Controller not ready
02-20 20:06:57.919  1917  1917 I Telephony: PstnIncomingCallNotifier: Unregistering: Handler (com.android.internal.telephony.GsmCdmaPhone) {11b0406}
02-20 20:06:57.919  1917  1917 E PhoneInterfaceManager: [PhoneIntfMgr] getIccId: No UICC
02-20 20:06:57.925  1763  2087 D TelephonyManager: getSimState: default sim:-1, sim state for slotIdx=0 is 5, return state as unknown
02-20 20:06:57.954  1675  2047 I Telecom : PhoneAccountRegistrar: [ComponentInfo{com.android.phone/com.android.services.telephony.TelephonyConnectionService}, [e0184adedf913b076626646d3f52c3b49c39ad6d], UserHandle{0}(addr: tel:*********** -> tel:)(icon: Icon(typ=BITMAP size=76x96) -> Icon(typ=BITMAP size=76x96))(subAddr: tel:*********** -> tel:)]: TSI.rPA@AAo
02-20 20:06:57.968  1675  2047 I Telecom : : Sending phone-account registered intent as user: TSI.rPA@AAo
02-20 20:06:57.974  1917  1917 I Telephony: AccountEntry: Registered phoneAccount: [[ ] PhoneAccount: ComponentInfo{com.android.phone/com.android.services.telephony.TelephonyConnectionService}, [e0184adedf913b076626646d3f52c3b49c39ad6d], UserHandle{0} Capabilities: CallProvider MultiUser PlaceEmerg SimSub  Schemes: tel voicemail  Extras: null GroupId: [da39a3ee5e6b4b0d3255bfef95601890afd80709]] with handle: ComponentInfo{com.android.phone/com.android.services.telephony.TelephonyConnectionService}, [e0184adedf913b076626646d3f52c3b49c39ad6d], UserHandle{0}
02-20 20:06:57.974  1917  1917 I Telephony: PstnIncomingCallNotifier: Registering: Handler (com.android.internal.telephony.GsmCdmaPhone) {11b0406}
02-20 20:06:57.978  1917  1917 D CAT     : CatService: handleMessage[20]
02-20 20:06:57.978  1917  1917 D GsmCdmaPhone: [GsmCdmaPhone] updateCurrentCarrierInProvider: mSubId = -2 currentDds = 1 operatorNumeric = 310260
02-20 20:06:57.978  1917  1917 D IccCardProxy: operator=310260 mPhoneId=0
02-20 20:06:57.978  1917  1917 D TelephonyManager: setTelephonyProperty: success phoneId=0 property=gsm.sim.operator.numeric value: 310260 propVal=310260
02-20 20:06:57.979  1917  1917 D TelephonyManager: setTelephonyProperty: success phoneId=0 property=gsm.sim.operator.iso-country value: us propVal=us
02-20 20:06:57.979  1917  1917 D IccCardProxy: Sending intent ACTION_INTERNAL_SIM_STATE_CHANGED for mPhoneId : 0
02-20 20:06:57.980  1917  1917 D SST     : EVENT_SIM_RECORDS_LOADED: what=16
02-20 20:06:57.980  1917  1917 D GsmCdmaPhone: [GsmCdmaPhone] updatePhoneObject: radioTechnology=0
02-20 20:06:57.980  1917  1917 D SST     : getOtasp: otasp not needed for GSM
02-20 20:06:57.980  1917  1917 D SST     : updateOtaspState: call notifyOtaspChanged old otaspMode=0 new otaspMode=3
02-20 20:06:57.981  1917  1917 D SIMRecords: [SIMRecords] getServiceProviderName: no brandOverride, providerName=Android
02-20 20:06:57.981  1917  1917 D SIMRecords: [SIMRecords] getServiceProviderName: no brandOverride, providerName=Android
02-20 20:06:57.982  1917  1917 D SST     : updateSpnDisplay: changed sending intent rule=1 showPlmn='false' plmn='Android' showSpn='true' spn='Android' dataSpn='Android' subId='-2'
02-20 20:06:57.983  1917  1917 D SubscriptionController: [setPlmnSpn] No valid subscription to store info
02-20 20:06:57.983  1917  1917 D SubscriptionController: notifySubscriptionInfoChanged:
02-20 20:06:57.984  1917  1931 D SubscriptionController: [getActiveSubInfoList] Sub Controller not ready
02-20 20:06:57.985  1675  1675 I GnssLocationProvider: WakeLock acquired by sendMessage(12, 0, null)
02-20 20:06:57.986  1917  1917 E PhoneInterfaceManager: [PhoneIntfMgr] getIccId: No UICC
02-20 20:06:57.992  1675  2047 I Telecom : PhoneAccountRegistrar: [ComponentInfo{com.android.phone/com.android.services.telephony.TelephonyConnectionService}, [e0184adedf913b076626646d3f52c3b49c39ad6d], UserHandle{0}(icon: Icon(typ=BITMAP size=76x96) -> Icon(typ=BITMAP size=76x96))]: TSI.rPA@AA0
02-20 20:06:57.994  1675  2047 I Telecom : : Sending phone-account registered intent as user: TSI.rPA@AA0
02-20 20:06:57.994  1917  1917 D SubscriptionInfoUpdater: [Receiver]+
02-20 20:06:57.994  1917  1917 D SubscriptionInfoUpdater: Action: android.intent.action.internal_sim_state_changed
02-20 20:06:57.994  1917  1917 D SubscriptionInfoUpdater: slotId: 0
02-20 20:06:57.994  1917  1917 D SubscriptionInfoUpdater: simStatus: LOADED
02-20 20:06:57.994  1917  1917 D SubscriptionInfoUpdater: [Receiver]-
02-20 20:06:57.994  1917  1917 D GsmCdmaPhone: [GsmCdmaPhone] phoneObjectUpdater: newVoiceRadioTech=0
02-20 20:06:57.994  1917  1917 D GsmCdmaPhone: [GsmCdmaPhone] phoneObjectUpdater: volteReplacementRat=0
02-20 20:06:57.994  1917  1917 E GsmCdmaPhone: [GsmCdmaPhone] phoneObjectUpdater: newVoiceRadioTech=0 doesn't match either CDMA or GSM - error! No phone change
02-20 20:06:57.994  1917  1917 D SST     : SubscriptionListener.onSubscriptionInfoChanged
02-20 20:06:57.994  1917  1917 D DCT     : [0]SubscriptionListener.onSubscriptionInfoChanged
02-20 20:06:57.995  1917  1917 D SubscriptionController: [getActiveSubInfoList] Sub Controller not ready
02-20 20:06:57.995  1917  1917 D SubscriptionController: [getActiveSubInfoList] Sub Controller not ready
02-20 20:06:57.995  1917  1917 I Telephony: PstnIncomingCallNotifier: Unregistering: Handler (com.android.internal.telephony.GsmCdmaPhone) {11b0406}
02-20 20:06:57.995  1917  1917 E PhoneInterfaceManager: [PhoneIntfMgr] getIccId: No UICC
02-20 20:06:57.999  1675  1940 I Telecom : PhoneAccountRegistrar: [ComponentInfo{com.android.phone/com.android.services.telephony.TelephonyConnectionService}, [e0184adedf913b076626646d3f52c3b49c39ad6d], UserHandle{0}(icon: Icon(typ=BITMAP size=76x96) -> Icon(typ=BITMAP size=76x96))]: TSI.rPA@AA4
02-20 20:06:58.001  1675  1940 I Telecom : : Sending phone-account registered intent as user: TSI.rPA@AA4
02-20 20:06:58.001  1917  1917 I Telephony: AccountEntry: Registered phoneAccount: [[ ] PhoneAccount: ComponentInfo{com.android.phone/com.android.services.telephony.TelephonyConnectionService}, [e0184adedf913b076626646d3f52c3b49c39ad6d], UserHandle{0} Capabilities: CallProvider MultiUser PlaceEmerg SimSub  Schemes: tel voicemail  Extras: null GroupId: [da39a3ee5e6b4b0d3255bfef95601890afd80709]] with handle: ComponentInfo{com.android.phone/com.android.services.telephony.TelephonyConnectionService}, [e0184adedf913b076626646d3f52c3b49c39ad6d], UserHandle{0}
02-20 20:06:58.002  1917  1917 I Telephony: PstnIncomingCallNotifier: Registering: Handler (com.android.internal.telephony.GsmCdmaPhone) {11b0406}
02-20 20:06:58.003  1917  1917 D SubscriptionInfoUpdater: handleSimStateLoadedInternal: slotId: 0
02-20 20:06:58.003  1917  1917 D SubscriptionInfoUpdater: All IccIds query complete
02-20 20:06:58.003  1917  1917 D SubscriptionInfoUpdater: updateSubscriptionInfoByIccId:+ Start
02-20 20:06:58.004  1917  1917 D SubscriptionController: [clearSubInfo]- no simInfo size=0
02-20 20:06:58.004  1917  1917 D SubscriptionInfoUpdater: insertedSimCount = 1
02-20 20:06:58.004  1917  1917 D SubscriptionController: [getSubInfoUsingSlotIdWithCheck]+ slotId:0
02-20 20:06:58.006  1917  1917 D SubscriptionController: [getPhoneId]- no sims, returning default phoneId=2147483647
02-20 20:06:58.006  1917  1917 D SubscriptionController: [getPhoneId]- no sims, returning default phoneId=2147483647
02-20 20:06:58.007  1917  1917 D SubscriptionController: [getPhoneId]- no sims, returning default phoneId=2147483647
02-20 20:06:58.011  1675  1692 V KeyguardServiceDelegate: *** Keyguard connected (yay!)
02-20 20:06:58.011  1675  1692 W WindowManager: Keyguard drawn timeout. Setting mKeyguardDrawComplete
02-20 20:06:58.012  1312  1974 I SurfaceFlinger: Boot is finished (12602 ms)
02-20 20:06:58.012  1917  1917 D SubscriptionController: [getSubInfoUsingSlotId]- null info return
02-20 20:06:58.012  1312  1974 I sf_stop_bootanim: 14781
02-20 20:06:58.012  1917  1917 D SubscriptionInfoUpdater: updateSubscriptionInfoByIccId: oldSubId = 1
02-20 20:06:58.012  1917  1917 D SubscriptionInfoUpdater: updateSubscriptionInfoByIccId: oldIccId[0] = 89014103211118510720, sIccId[0] = 89014103211118510720
02-20 20:06:58.012  1917  1917 D SubscriptionController: [addSubInfoRecord]+ iccId:89014103211118510720 slotId:0
02-20 20:06:58.016  1917  1917 D SubscriptionController: [getActiveSubInfoList] Sub Controller not ready
02-20 20:06:58.016  1917  1917 D SubscriptionController: [addSubInfoRecord] Record already exists
02-20 20:06:58.018  1917  1917 D SubscriptionController: [addSubInfoRecord] sSlotIdxToSubId.size=1 slotId=0 subId=1 defaultSubId=1 simCount=1
02-20 20:06:58.018  1917  1917 D SubscriptionController: [setDefaultFallbackSubId] subId=1
02-20 20:06:58.018  1917  1917 D SubscriptionController: [setDefaultFallbackSubId] set mDefaultFallbackSubId=1
02-20 20:06:58.018  1917  1917 D MccTable: updateMccMncConfiguration mccmnc='310260' fromServiceState=false
02-20 20:06:58.033  1917  1917 D MccTable: updateMccMncConfiguration defaultMccMnc=310260
02-20 20:06:58.033  1917  1917 D MccTable: updateMccMncConfiguration: mcc=310, mnc=260
02-20 20:06:58.033  1917  1917 D MccTable: updateMccMncConfiguration updateConfig config={1.0 310mcc260mnc ?localeList ?layoutDir ?swdp ?wdp ?hdp ?density ?lsize ?long ?orien ?uimode ?night ?touch ?keyb/?/? ?nav/?}
02-20 20:06:58.069  2071  2071 I GAv4    : Google Analytics 9.2.56 is starting up. To enable debug logging on a device run:
02-20 20:06:58.069  2071  2071 I GAv4    :   adb shell setprop log.tag.GAv4 DEBUG
02-20 20:06:58.069  2071  2071 I GAv4    :   adb logcat -s GAv4
02-20 20:06:58.087  1312  1974 D         : HostConnection::get() New Host Connection established 0x7c3c1b22fc40, tid 1974
02-20 20:06:56.865     0     0 I init    : Service 'bootanim' (pid 1332) exited with status 0
02-20 20:06:56.868     0     0 I init    : Starting service 'exec 6 (/system/bin/bootstat)'...
02-20 20:06:58.109  2105  2105 I bootstat: Service started: /system/bin/bootstat --record_boot_complete 
02-20 20:06:58.110  2105  2105 I bootstat: Logging histogram: bootstat_mtime_matches_content 1
02-20 20:06:58.111  2105  2105 I sysui_histogram: [bootstat_mtime_matches_content,1]
02-20 20:06:58.115  2105  2105 I bootstat: Logging histogram: bootstat_mtime_matches_content 1
02-20 20:06:58.115  2105  2105 I sysui_histogram: [bootstat_mtime_matches_content,1]
02-20 20:06:58.115  2105  2105 I bootstat: Logging histogram: bootstat_mtime_matches_content 1
02-20 20:06:58.115  2105  2105 I sysui_histogram: [bootstat_mtime_matches_content,1]
02-20 20:06:58.125  2107  2107 I bootstat: Service started: /system/bin/bootstat --record_boot_reason 
02-20 20:06:58.126  2107  2107 I bootstat: Unknown boot reason: 
02-20 20:06:58.147  2108  2108 I bootstat: Service started: /system/bin/bootstat --record_time_since_factory_reset 
02-20 20:06:58.147  2108  2108 I bootstat: Logging histogram: factory_reset_current_time 1519157218
02-20 20:06:58.147  2108  2108 I sysui_histogram: [factory_reset_current_time,1519157218]
02-20 20:06:56.886     0     0 I init    : Service 'exec 6 (/system/bin/bootstat)' (pid 2105) exited with status 0
02-20 20:06:56.888     0     0 I init    : Starting service 'exec 7 (/system/bin/bootstat)'...
02-20 20:06:56.895     0     0 I init    : Service 'exec 7 (/system/bin/bootstat)' (pid 2107) exited with status 0
02-20 20:06:56.897     0     0 I init    : Starting service 'exec 8 (/system/bin/bootstat)'...
02-20 20:06:58.152  2108  2108 I bootstat: Logging histogram: bootstat_mtime_matches_content 1
02-20 20:06:58.152  2108  2108 I sysui_histogram: [bootstat_mtime_matches_content,1]
02-20 20:06:58.152  2108  2108 I bootstat: Logging histogram: factory_reset_record_value 1519154248
02-20 20:06:58.152  2108  2108 I sysui_histogram: [factory_reset_record_value,1519154248]
02-20 20:06:58.152  1675  1690 W GnssLocationProvider: Could not open GPS configuration file /etc/gps.conf
02-20 20:06:58.152  1675  1690 E GnssLocationProvider: no AGPS interface in set_agps_server
02-20 20:06:58.152  1675  1690 I GnssLocationProvider: WakeLock released by handleMessage(12, 0, null)
02-20 20:06:56.933     0     0 I init    : Service 'exec 8 (/system/bin/bootstat)' (pid 2108) exited with status 0
02-20 20:06:56.935     0     0 I init    : Starting service 'exec 9 (/system/bin/bootstat)'...
02-20 20:06:58.189  1312  1312 I sf_frame_dur: [BootAnimation,0,32,212,20,2,0,0]
02-20 20:06:58.199  1933  1984 D EGL_emulation: eglMakeCurrent: 0x7ed96f579a20: ver 3 0 (tinfo 0x7ed9798a9c40)
02-20 20:06:58.207  2110  2110 I bootstat: Service started: /system/bin/bootstat -l 
02-20 20:06:58.208  2110  2110 I bootstat: Logging histogram: bootstat_mtime_matches_content 1
02-20 20:06:58.208  2110  2110 I sysui_histogram: [bootstat_mtime_matches_content,1]
02-20 20:06:58.208  2110  2110 I bootstat: Logging histogram: bootstat_mtime_matches_content 1
02-20 20:06:58.208  2110  2110 I sysui_histogram: [bootstat_mtime_matches_content,1]
02-20 20:06:58.208  2110  2110 I bootstat: Logging histogram: bootstat_mtime_matches_content 1
02-20 20:06:58.208  2110  2110 I sysui_histogram: [bootstat_mtime_matches_content,1]
02-20 20:06:58.208  2110  2110 I bootstat: Logging histogram: bootstat_mtime_matches_content 1
02-20 20:06:58.208  2110  2110 I sysui_histogram: [bootstat_mtime_matches_content,1]
02-20 20:06:58.211  2110  2110 I bootstat: Logging histogram: bootstat_mtime_matches_content 1
02-20 20:06:58.216  2110  2110 I sysui_histogram: [bootstat_mtime_matches_content,1]
02-20 20:06:58.236  2110  2110 I bootstat: Logging histogram: bootstat_mtime_matches_content 1
02-20 20:06:58.236  2110  2110 I sysui_histogram: [bootstat_mtime_matches_content,1]
02-20 20:06:58.236  2110  2110 I bootstat: Logging histogram: bootstat_mtime_matches_content 1
02-20 20:06:58.236  2110  2110 I sysui_histogram: [bootstat_mtime_matches_content,1]
02-20 20:06:58.236  2110  2110 I bootstat: Logging histogram: bootstat_mtime_matches_content 1
02-20 20:06:58.236  2110  2110 I sysui_histogram: [bootstat_mtime_matches_content,1]
02-20 20:06:58.236  2110  2110 I bootstat: Logging histogram: bootstat_mtime_matches_content 1
02-20 20:06:58.236  2110  2110 I sysui_histogram: [bootstat_mtime_matches_content,1]
02-20 20:06:58.236  2110  2110 I bootstat: Logging histogram: bootstat_mtime_matches_content 1
02-20 20:06:58.236  2110  2110 I sysui_histogram: [bootstat_mtime_matches_content,1]
02-20 20:06:58.236  2110  2110 I bootstat: Logging histogram: bootstat_mtime_matches_content 1
02-20 20:06:58.236  2110  2110 I sysui_histogram: [bootstat_mtime_matches_content,1]
02-20 20:06:58.236  2110  2110 I bootstat: Logging histogram: bootstat_mtime_matches_content 1
02-20 20:06:58.236  2110  2110 I sysui_histogram: [bootstat_mtime_matches_content,1]
02-20 20:06:58.236  2110  2110 I bootstat: Logging histogram: bootstat_mtime_matches_content 1
02-20 20:06:58.236  2110  2110 I sysui_histogram: [bootstat_mtime_matches_content,1]
02-20 20:06:58.236  2110  2110 I bootstat: Logging histogram: bootstat_mtime_matches_content 1
02-20 20:06:58.236  2110  2110 I sysui_histogram: [bootstat_mtime_matches_content,1]
02-20 20:06:58.236  2110  2110 I bootstat: Logging histogram: post_decrypt_time_elapsed 3
02-20 20:06:58.236  2110  2110 I sysui_histogram: [post_decrypt_time_elapsed,3]
02-20 20:06:58.236  2110  2110 I bootstat: Logging histogram: last_boot_time_utc 1519157218
02-20 20:06:58.236  2110  2110 I sysui_histogram: [last_boot_time_utc,1519157218]
02-20 20:06:58.236  2110  2110 I bootstat: Logging histogram: build_date 1513095943
02-20 20:06:58.236  2110  2110 I sysui_histogram: [build_date,1513095943]
02-20 20:06:58.236  2110  2110 I bootstat: Logging histogram: boot_decryption_complete 14
02-20 20:06:58.236  2110  2110 I sysui_histogram: [boot_decryption_complete,14]
02-20 20:06:58.236  2110  2110 I bootstat: Logging histogram: ota_boot_complete_post_decrypt 7
02-20 20:06:58.236  2110  2110 I sysui_histogram: [ota_boot_complete_post_decrypt,7]
02-20 20:06:58.236  2110  2110 I bootstat: Logging histogram: ota_boot_complete 9
02-20 20:06:58.236  2110  2110 I sysui_histogram: [ota_boot_complete,9]
02-20 20:06:58.236  2110  2110 I bootstat: Logging histogram: boot_reason 1
02-20 20:06:58.236  2110  2110 I sysui_histogram: [boot_reason,1]
02-20 20:06:58.236  2110  2110 I bootstat: Logging histogram: factory_reset_current_time 1519157218
02-20 20:06:58.236  2110  2110 I sysui_histogram: [factory_reset_current_time,1519157218]
02-20 20:06:58.236  2110  2110 I bootstat: Logging histogram: factory_reset 1519154248
02-20 20:06:58.236  2110  2110 I sysui_histogram: [factory_reset,1519154248]
02-20 20:06:58.236  2110  2110 I bootstat: Logging histogram: time_since_last_boot 84
02-20 20:06:58.236  2110  2110 I sysui_histogram: [time_since_last_boot,84]
02-20 20:06:58.236  2110  2110 I bootstat: Logging histogram: boot_complete_post_decrypt 11
02-20 20:06:58.236  2110  2110 I sysui_histogram: [boot_complete_post_decrypt,11]
02-20 20:06:58.236  2110  2110 I bootstat: Logging histogram: boot_complete 14
02-20 20:06:58.236  2110  2110 I sysui_histogram: [boot_complete,14]
02-20 20:06:58.236  2110  2110 I bootstat: Logging histogram: factory_reset_record_value 1519154248
02-20 20:06:58.236  2110  2110 I sysui_histogram: [factory_reset_record_value,1519154248]
02-20 20:06:58.236  2110  2110 I bootstat: Logging histogram: time_since_factory_reset 2970
02-20 20:06:58.236  2110  2110 I sysui_histogram: [time_since_factory_reset,2970]
02-20 20:06:58.240  1675  1940 W art     : Long monitor contention with owner Binder:1675_2 (1687) at void com.android.server.am.ActivityManagerService.updateConfiguration(android.content.res.Configuration)(ActivityManagerService.java:18937) waiters=1 in android.content.pm.UserInfo com.android.server.am.UserController.getCurrentUser() for 109ms
02-20 20:06:58.240  1675  1940 I dvm_lock_sample: [system_server,1,Binder:1675_5,109,UserController.java,1438,ActivityManagerService.java,18937,21]
02-20 20:06:58.241  1917  1917 D SubscriptionController: [setDefaultFallbackSubId] broadcast default subId changed phoneId=0 subId=1
02-20 20:06:58.243  1917  1932 D RILJ    : [3736]> RIL_REQUEST_GET_CELL_INFO_LIST [SUB0]
02-20 20:06:58.244  1917  1917 D SubscriptionController: [addSubInfoRecord] one sim set defaults to subId=1
02-20 20:06:58.244  1917  1917 D SubscriptionController: [setDefaultDataSubId] num phones=1, subId=1
02-20 20:06:58.244  1373  1460 D RIL     : onRequest: GET_CELL_INFO_LIST
02-20 20:06:58.244  1373  1460 D RILC    : responseCellInfoList: v12
02-20 20:06:58.244  1917  1917 D SubscriptionController: [setDefaultDataSubId] phoneId=0 subId=1 RAF=1
02-20 20:06:58.244  1917  1917 D ProxyController: setRadioCapability: Already in requested configuration, nothing to do.
02-20 20:06:58.244  1917  1917 D SubscriptionController: [updateAllDataConnectionTrackers] sPhones.length=1
02-20 20:06:58.244  1917  1917 D SubscriptionController: [updateAllDataConnectionTrackers] phoneId=0
02-20 20:06:58.245  1917  1917 D DCT     : [0]update sub = 1
02-20 20:06:58.245  1917  1917 D DCT     : [0]update(): Active DDS, register for all events now!
02-20 20:06:58.245  1917  1917 D DCT     : [0]New records found.
02-20 20:06:58.245  1917  1917 D SST     : mDeviceShuttingDown=false, mDesiredPowerState=true, getRadioState=RADIO_ON, mPowerOffDelayNeed=true, mAlarmSwitch=false, mRadioDisabledByCarrier=false
02-20 20:06:58.246  1917  2023 D RILJ    : [3736]< RIL_REQUEST_GET_CELL_INFO_LIST [CellInfoGsm:{mRegistered=YES mTimeStampType=modem mTimeStamp=15013582241ns CellIdentityGsm:{ mMcc=310 mMnc=260 mLac=3 mCid=91 mArfcn=10 mBsic=0x0} CellSignalStrengthGsm: ss=16011704 ber=30499 mTa=20208764}] [SUB0]
02-20 20:06:58.247  1917  1917 D GsmCdmaPhone: [GsmCdmaPhone] updateCurrentCarrierInProvider: mSubId = 1 currentDds = 1 operatorNumeric = 310260
02-20 20:06:58.097  2105  2105 I auditd  : type=1400 audit(0.0:11): avc: denied { getattr } for comm="bootstat" path="/vendor" dev="rootfs" ino=3997 scontext=u:r:bootstat:s0 tcontext=u:object_r:rootfs:s0 tclass=lnk_file permissive=0
02-20 20:06:58.097  2105  2105 W bootstat: type=1400 audit(0.0:11): avc: denied { getattr } for path="/vendor" dev="rootfs" ino=3997 scontext=u:r:bootstat:s0 tcontext=u:object_r:rootfs:s0 tclass=lnk_file permissive=0
02-20 20:06:57.005     0     0 I init    : Service 'exec 9 (/system/bin/bootstat)' (pid 2110) exited with status 0
02-20 20:06:58.269  1763  1952 D         : HostConnection::get() New Host Connection established 0x7ed95ee357e0, tid 1952
02-20 20:06:58.271  1763  1952 I OpenGLRenderer: Initialized EGL, version 1.4
02-20 20:06:58.271  1763  1952 D OpenGLRenderer: Swap behavior 1
02-20 20:06:58.300  1763  1952 D EGL_emulation: eglCreateContext: 0x7ed95ee82da0: maj 3 min 0 rcv 3
02-20 20:06:58.301  1917  1917 D SubscriptionController: [broadcastDefaultDataSubIdChanged] subId=1
02-20 20:06:58.301  1675  1690 W GnssLocationProvider: Could not open GPS configuration file /etc/gps.conf
02-20 20:06:58.301  1675  1690 E GnssLocationProvider: no AGPS interface in set_agps_server
02-20 20:06:58.301  1675  1690 I GnssLocationProvider: WakeLock released by handleMessage(12, 0, null)
02-20 20:06:58.301  1917  1917 D SubscriptionController: [setDefaultSmsSubId] subId=1
02-20 20:06:58.302  1917  1917 D SubscriptionController: [broadcastDefaultSmsSubIdChanged] subId=1
02-20 20:06:58.302  2071  2111 W GAv4    : AnalyticsReceiver is not registered or is disabled. Register the receiver for reliable dispatching on non-Google Play devices. See http://goo.gl/8Rd3yj for instructions.
02-20 20:06:58.303  1917  1917 D SubscriptionController: [setDefaultVoiceSubId] subId=1
02-20 20:06:58.303  1917  1917 D SubscriptionController: [broadcastDefaultVoiceSubIdChanged] subId=1
02-20 20:06:58.307  1917  1917 D SubscriptionController: [addSubInfoRecord] hashmap(0,1)
02-20 20:06:58.117  2107  2107 I auditd  : type=1400 audit(0.0:12): avc: denied { getattr } for comm="bootstat" path="/vendor" dev="rootfs" ino=3997 scontext=u:r:bootstat:s0 tcontext=u:object_r:rootfs:s0 tclass=lnk_file permissive=0
02-20 20:06:58.117  2107  2107 W bootstat: type=1400 audit(0.0:12): avc: denied { getattr } for path="/vendor" dev="rootfs" ino=3997 scontext=u:r:bootstat:s0 tcontext=u:object_r:rootfs:s0 tclass=lnk_file permissive=0
02-20 20:06:58.127  2108  2108 I auditd  : type=1400 audit(0.0:13): avc: denied { getattr } for comm="bootstat" path="/vendor" dev="rootfs" ino=3997 scontext=u:r:bootstat:s0 tcontext=u:object_r:rootfs:s0 tclass=lnk_file permissive=0
02-20 20:06:58.127  2108  2108 W bootstat: type=1400 audit(0.0:13): avc: denied { getattr } for path="/vendor" dev="rootfs" ino=3997 scontext=u:r:bootstat:s0 tcontext=u:object_r:rootfs:s0 tclass=lnk_file permissive=0
02-20 20:06:58.320  2071  2071 I AlarmClock: AlarmInitReceiver android.intent.action.TIME_SET
02-20 20:06:58.328  1675  1692 I dvm_lock_sample: [system_server,1,android.ui,63,WindowManagerService.java,3255,WindowAnimator.java,144,12]
02-20 20:06:58.329  1763  1952 D EGL_emulation: eglMakeCurrent: 0x7ed95ee82da0: ver 3 0 (tinfo 0x7ed95ee79fa0)
02-20 20:06:58.323  1917  1917 D SubscriptionController: [addSubInfoRecord] sim name = Android
02-20 20:06:58.336  1917  1917 D DCT     : [0]update sub = 1
02-20 20:06:58.336  1917  1917 D DCT     : [0]update(): Active DDS, register for all events now!
02-20 20:06:58.336  1917  1917 D GsmCdmaPhone: [GsmCdmaPhone] updateCurrentCarrierInProvider: mSubId = 1 currentDds = 1 operatorNumeric = 310260
02-20 20:06:58.361  2071  2111 W GAv4    : CampaignTrackingReceiver is not registered, not exported or is disabled. Installation campaign tracking is not possible. See http://goo.gl/8Rd3yj for instructions.
02-20 20:06:58.363  1917  1917 D SubscriptionController: [addSubInfoRecord]- info size=1
02-20 20:06:58.363  1917  1917 D SubscriptionInfoUpdater: newSim = false
02-20 20:06:58.363  1917  1917 D SubscriptionInfoUpdater: updateSubscriptionInfoByIccId: sInsertSimState[0] = 0
02-20 20:06:58.363  2071  2111 W GAv4    : AnalyticsService not registered in the app manifest. Hits might not be delivered reliably. See http://goo.gl/8Rd3yj for instructions.
02-20 20:06:58.369  1917  1917 D SubscriptionInfoUpdater: updateSubscriptionInfoByIccId: nSubCount = 1
02-20 20:06:58.197  2110  2110 I auditd  : type=1400 audit(0.0:14): avc: denied { getattr } for comm="bootstat" path="/vendor" dev="rootfs" ino=3997 scontext=u:r:bootstat:s0 tcontext=u:object_r:rootfs:s0 tclass=lnk_file permissive=0
02-20 20:06:58.197  2110  2110 W bootstat: type=1400 audit(0.0:14): avc: denied { getattr } for path="/vendor" dev="rootfs" ino=3997 scontext=u:r:bootstat:s0 tcontext=u:object_r:rootfs:s0 tclass=lnk_file permissive=0
02-20 20:06:58.376  1917  1917 D SubscriptionController: [setDefaultDataSubId] num phones=1, subId=1
02-20 20:06:58.376  1917  1917 D SubscriptionController: [setDefaultDataSubId] phoneId=0 subId=1 RAF=1
02-20 20:06:58.376  1917  1917 D ProxyController: setRadioCapability: Already in requested configuration, nothing to do.
02-20 20:06:58.376  1917  1917 D SubscriptionController: [updateAllDataConnectionTrackers] sPhones.length=1
02-20 20:06:58.376  1917  1917 D SubscriptionController: [updateAllDataConnectionTrackers] phoneId=0
02-20 20:06:58.376  1917  1917 D DCT     : [0]update sub = 1
02-20 20:06:58.376  1917  1917 D DCT     : [0]update(): Active DDS, register for all events now!
02-20 20:06:58.379  1917  1917 D GsmCdmaPhone: [GsmCdmaPhone] updateCurrentCarrierInProvider: mSubId = 1 currentDds = 1 operatorNumeric = 310260
02-20 20:06:58.392  1763  1763 I OpaLayout: Setting opa enabled to false
02-20 20:06:58.393  1763  1763 I OpaLayout: Setting opa enabled to false
02-20 20:06:58.429  2071  2120 V AlarmClock: AlarmInitReceiver finished
02-20 20:06:58.430  2038  2038 D CellBroadcastReceiver: Service state changed! 0 Full: 0 0 voice home data home Android Android 310260 Android Android 310260  Unknown LTE CSS not supported 0 0 RoamInd=0 DefRoamInd=0 EmergOnly=false IsDataRoamingFromRegistration=false IsUsingCarrierAggregation=false Current state=-1
02-20 20:06:58.431  2038  2038 D CellBroadcastReceiver: Start Cell Broadcast configuration.
02-20 20:06:58.431  1675  1788 I force_gc: Binder
02-20 20:06:58.439  1917  1917 D SubscriptionController: [broadcastDefaultDataSubIdChanged] subId=1
02-20 20:06:58.439  1917  1917 D SubscriptionController: notifySubscriptionInfoChanged:
02-20 20:06:58.440  1917  2104 D SubscriptionMonitor: Phone[0] subId changed -2->1, 1 registrants
02-20 20:06:58.440  1917  2104 D SubscriptionMonitor: mDefaultDataSubId = 1, 1 registrants
02-20 20:06:58.440  1675  1675 I GnssLocationProvider: WakeLock acquired by sendMessage(12, 0, null)
02-20 20:06:58.441  1917  1917 D SubscriptionInfoUpdater: updateSubscriptionInfoByIccId:- SsubscriptionInfo update complete
02-20 20:06:58.441  1917  1917 D MccTable: updateMccMncConfiguration mccmnc='310260' fromServiceState=false
02-20 20:06:58.441  1917  1917 D MccTable: updateMccMncConfiguration defaultMccMnc=310260
02-20 20:06:58.441  1917  1917 D MccTable: updateMccMncConfiguration: mcc=310, mnc=260
02-20 20:06:58.441  1917  1917 D MccTable: updateMccMncConfiguration updateConfig config={1.0 310mcc260mnc ?localeList ?layoutDir ?swdp ?wdp ?hdp ?density ?lsize ?long ?orien ?uimode ?night ?touch ?keyb/?/? ?nav/?}
02-20 20:06:58.443  2038  2121 D CellBroadcastConfigService: Enable CellBroadcast on sub 1
02-20 20:06:58.448  1675  1690 W GnssLocationProvider: Could not open GPS configuration file /etc/gps.conf
02-20 20:06:58.448  1675  1690 E GnssLocationProvider: no AGPS interface in set_agps_server
02-20 20:06:58.449  1675  1690 I GnssLocationProvider: WakeLock released by handleMessage(12, 0, null)
02-20 20:06:58.453  1917  1917 D SubscriptionController: [setMccMnc]+ mcc/mnc:310/260 subId:1
02-20 20:06:58.461  1917  1917 D SubscriptionController: notifySubscriptionInfoChanged:
02-20 20:06:58.473  1675  2047 W ActivityManager: Unable to start service Intent { act=com.google.android.gms.icing.LIGHTWEIGHT_INDEX_SERVICE pkg=com.google.android.gms } U=0: not found
02-20 20:06:58.473  1675  1686 W ActivityManager: Unbind failed: could not find connection for android.os.BinderProxy@2a2fd4d
02-20 20:06:58.474  1675  1675 I GnssLocationProvider: WakeLock acquired by sendMessage(12, 0, null)
02-20 20:06:58.474  2071  2123 E GmsClient: unable to connect to service: com.google.android.gms.icing.LIGHTWEIGHT_INDEX_SERVICE on com.google.android.gms
02-20 20:06:58.477  1917  1917 D SubscriptionController: [getActiveSubscriptionInfo]+ subId=1 subInfo={id=1, iccId=89014103211118510720 simSlotIndex=0 displayName=Android carrierName=Android nameSource=0 iconTint=-16746133 dataRoaming=0 iconBitmap=android.graphics.Bitmap@f676aab mcc 310 mnc 260}
02-20 20:06:58.478  1917  1917 D SubscriptionInfoUpdater: sim name = Android
02-20 20:06:58.478  2071  2112 E AlarmClock: Error initializing index: ConnectionResult{statusCode=API_UNAVAILABLE, resolution=null, message=null}
02-20 20:06:58.482  1917  1917 D SubscriptionInfoUpdater: Broadcasting intent ACTION_SIM_STATE_CHANGED LOADED reason null for mCardIndex: 0
02-20 20:06:58.484  1917  1917 D CarrierConfigLoader: update config for phoneId: 0 simState: LOADED
02-20 20:06:58.484  1917  1917 D CarrierSvcBindHelper: update binding for phoneId: 0 simState: LOADED
02-20 20:06:58.484  1675  1675 D WifiService: resetting networks because SIM was loaded
02-20 20:06:58.484  1675  1735 D WifiStateMachine: resetting EAP-SIM/AKA/AKA' networks since SIM was changed
02-20 20:06:58.493  1675  1690 W GnssLocationProvider: Could not open GPS configuration file /etc/gps.conf
02-20 20:06:58.494  1675  1690 E GnssLocationProvider: no AGPS interface in set_agps_server
02-20 20:06:58.495  1675  1690 I GnssLocationProvider: WakeLock released by handleMessage(12, 0, null)
