02-20 20:06:55.205  1675  1675 I Telecom : WiredHeadsetManager: ACTION_HEADSET_PLUG event, plugged in: false, : WHC.oADA@AAE
02-20 20:06:55.208  1917  1917 D Phone   : mDoesRilSendMultipleCallRing=true
02-20 20:06:55.208  1917  1917 D Phone   : mCallRingDelay=3000
02-20 20:06:55.209  1933  1984 D EGL_emulation: eglMakeCurrent: 0x7ed96f579a20: ver 3 0 (tinfo 0x7ed9798a9c40)
02-20 20:06:55.215  1371  1877 I MediaPlayerService: MediaPlayerService::getOMX
02-20 20:06:55.216  1675  2026 I OMXClient: MuxOMX ctor
02-20 20:06:55.217  1675  1675 I ActivityManager: user 0 is still locked. Cannot load recents
02-20 20:06:55.217  1368  1973 I OMXMaster: makeComponentInstance(OMX.google.vorbis.decoder) in mediacodec process
02-20 20:06:55.222  1917  1917 D RILJ    : [3653]> RIL_REQUEST_START_LCE [SUB0]
02-20 20:06:55.224  1675  1675 D TelephonyRegistry: notifyCellLocationForSubscriber: subId=0 cellLocation=Bundle[{}]
02-20 20:06:55.225  1917  1932 D SubscriptionController: [getPhoneId]- no sims, returning default phoneId=2147483647
02-20 20:06:55.228  1373  1460 D RIL     : onRequest: <unknown request>
02-20 20:06:55.228  1917  2023 D RilRequest: [3653]< RIL_REQUEST_START_LCE error: com.android.internal.telephony.CommandException: RADIO_NOT_AVAILABLE ret=
02-20 20:06:55.234  1917  1917 E RIL_ImsSms: getFormat should never be called from here!
02-20 20:06:55.234  1917  1917 D SMSDispatcher: SMSDispatcher: ctor mSmsCapable=true format=unknown mSmsSendDisabled=false
02-20 20:06:55.234  1917  1917 D RIL_ImsSms: ImsSMSDispatcher created
02-20 20:06:55.235  1917  1917 D SMSDispatcher: SMSDispatcher: ctor mSmsCapable=true format=3gpp2 mSmsSendDisabled=false
02-20 20:06:55.235  1917  1917 D CdmaSMSDispatcher: CdmaSMSDispatcher created
02-20 20:06:55.306  1917  1917 D GsmInboundSmsHandler: created InboundSmsHandler
02-20 20:06:55.337  1933  1984 D EGL_emulation: eglMakeCurrent: 0x7ed96f579a20: ver 3 0 (tinfo 0x7ed9798a9c40)
02-20 20:06:55.380  1917  1917 D CdmaInboundSmsHandler: created InboundSmsHandler
02-20 20:06:55.385  1917  1917 D SMSDispatcher: SMSDispatcher: ctor mSmsCapable=true format=3gpp mSmsSendDisabled=false
02-20 20:06:55.385  1917  1917 D GsmSMSDispatcher: GsmSMSDispatcher created
02-20 20:06:55.388  1917  2029 D GsmInboundSmsHandler: StartupState.processMessage:6
02-20 20:06:55.388  1917  2029 D GsmInboundSmsHandler: entering Idle state
02-20 20:06:55.388  1917  2033 D CdmaInboundSmsHandler: StartupState.processMessage:6
02-20 20:06:55.388  1917  2033 D CdmaInboundSmsHandler: entering Idle state
02-20 20:06:55.391  1917  1917 D IccCardProxy: ctor: ci=com.android.internal.telephony.RIL@ed13cfb phoneId=0
02-20 20:06:55.391  1917  1917 D CdmaSSM : subscriptionSource from settings: 0
02-20 20:06:55.391  1917  1917 D CdmaSSM : cdmaSSM constructor: 0
02-20 20:06:55.391  1917  1917 D IccCardProxy: update icc_operator_numeric=
02-20 20:06:55.391  1917  1917 D TelephonyManager: setTelephonyProperty: success phoneId=0 property=gsm.sim.operator.numeric value:  propVal=
02-20 20:06:55.392  1917  1917 D TelephonyManager: setTelephonyProperty: success phoneId=0 property=gsm.sim.operator.iso-country value:  propVal=
02-20 20:06:55.392  1917  1917 D TelephonyManager: setTelephonyProperty: success phoneId=0 property=gsm.sim.operator.alpha value:  propVal=
02-20 20:06:55.393  1675  1691 I boot_progress_enable_screen: 13393
02-20 20:06:55.394  1917  1917 E IccCardProxy: setExternalState: set mPhoneId=0 mExternalState=NOT_READY
02-20 20:06:55.394  1675  1698 I am_activity_launch_time: [0,173003017,com.android.settings/.FallbackHome,907,907]
02-20 20:06:55.394  1917  1917 D TelephonyManager: setTelephonyProperty: success phoneId=0 property=gsm.sim.state value: NOT_READY propVal=NOT_READY
02-20 20:06:55.394  1675  1698 I ActivityManager: Displayed com.android.settings/.FallbackHome: +907ms
02-20 20:06:55.394  1917  1917 D IccCardProxy: broadcastIccStateChangedIntent intent ACTION_SIM_STATE_CHANGED value=NOT_READY reason=null for mPhoneId=0
02-20 20:06:55.395  1675  1691 V KeyguardServiceDelegate: *** Keyguard started
02-20 20:06:55.395  1675  1691 I screen_toggled: 1
02-20 20:06:55.396  1917  1917 D RILJ    : setPhoneType=1 old value=0 [SUB0]
02-20 20:06:55.396  1917  1917 D TelephonyManager: setTelephonyProperty: success phoneId=0 property=gsm.current.phone-type value: 1 propVal=1
02-20 20:06:55.397  1675  1691 W KeyguardServiceDelegate: onScreenTurningOn(): no keyguard service!
02-20 20:06:55.398  1917  1917 D IccCardProxy: Setting radio tech UMTS
02-20 20:06:55.398  1917  1917 D IccCardProxy: updateQuietMode: 3GPP subscription -> newQuietMode=false
02-20 20:06:55.398  1917  1917 D IccCardProxy: updateQuietMode: no changes don't setExternalState
02-20 20:06:55.398  1917  1917 D IccCardProxy: updateQuietMode: QuietMode is false (app_type=1 cdmaSource=-1)
02-20 20:06:55.400  1675  1698 I WindowManager: Screen frozen for +814ms due to AppWindowToken{5a8f3c token=Token{ba2ef0e ActivityRecord{a4fd109 u0 com.android.settings/.FallbackHome t1}}}
02-20 20:06:55.435  1371  1877 I MediaPlayerService: MediaPlayerService::getOMX
02-20 20:06:55.435  1675  2037 I OMXClient: MuxOMX ctor
02-20 20:06:55.435  1368  1368 I OMXMaster: makeComponentInstance(OMX.google.vorbis.decoder) in mediacodec process
02-20 20:06:55.451  2038  2038 W art     : Unexpected CPU variant for X86 using defaults: x86_64
02-20 20:06:55.452  1675  1691 W ActivityManager: Slow operation: 55ms so far, now at startProcess: returned from zygote!
02-20 20:06:55.452  1675  1691 W ActivityManager: Slow operation: 55ms so far, now at startProcess: done updating battery stats
02-20 20:06:55.452  1675  1691 I am_proc_start: [0,2038,10004,com.android.cellbroadcastreceiver,broadcast,com.android.cellbroadcastreceiver/.CellBroadcastReceiver]
02-20 20:06:55.452  1675  1691 W ActivityManager: Slow operation: 55ms so far, now at startProcess: building log message
02-20 20:06:55.452  1675  1691 I ActivityManager: Start proc 2038:com.android.cellbroadcastreceiver/u0a4 for broadcast com.android.cellbroadcastreceiver/.CellBroadcastReceiver
02-20 20:06:55.452  1675  1691 W ActivityManager: Slow operation: 55ms so far, now at startProcess: starting to update pids map
02-20 20:06:55.452  1675  1691 W ActivityManager: Slow operation: 55ms so far, now at startProcess: done updating pids map
02-20 20:06:55.452  1675  1691 W ActivityManager: Slow operation: 55ms so far, now at startProcess: done starting proc!
02-20 20:06:55.469  1917  1917 W CarrierConfigManager: Error getting config for subId -1 ICarrierConfigLoader is null
02-20 20:06:55.472  1675  1788 D TelephonyRegistry: listen oscl: hasNotifySubscriptionInfoChangedOccurred==false no callback
02-20 20:06:55.503  1675  1745 E ActivityThread: Failed to find provider info for com.android.calendar
02-20 20:06:55.508  1675  1745 E ActivityThread: Failed to find provider info for com.android.calendar
02-20 20:06:55.510  1917  1917 D TelephonyManager: setTelephonyProperty: success phoneId=0 property=gsm.network.type value: Unknown propVal=Unknown
02-20 20:06:55.513  1675  1788 I am_proc_bound: [0,2038,com.android.cellbroadcastreceiver]
02-20 20:06:55.515  1917  1917 D RILJ    : [3654]> SIGNAL_STRENGTH [SUB0]
02-20 20:06:55.521  1373  1460 D RIL     : onRequest: SIGNAL_STRENGTH
02-20 20:06:55.521  1917  2023 D RilRequest: [3654]< SIGNAL_STRENGTH error: com.android.internal.telephony.CommandException: RADIO_NOT_AVAILABLE ret=
02-20 20:06:55.522  1917  1917 D SST     : notifyDataRegStateRilRadioTechnologyChanged: drs=1 rat=0
02-20 20:06:55.522  1917  1917 D TelephonyManager: setTelephonyProperty: success phoneId=0 property=gsm.network.type value: Unknown propVal=Unknown
02-20 20:06:55.527  1917  1917 D DCT     : [0]DCT.constructor
02-20 20:06:55.544  1675  1686 D TelephonyRegistry: listen oscl: hasNotifySubscriptionInfoChangedOccurred==false no callback
02-20 20:06:55.547  1917  1917 D Dcc     : E ctor
02-20 20:06:55.547  1917  1917 D Dcc     : X ctor
02-20 20:06:55.551  1917  1917 D SubscriptionController: [getPhoneId] asked for default subId=-1
02-20 20:06:55.552  1917  2054 D DcTesterDeacativateAll: register for intent action=com.android.internal.telephony.dataconnection.action_deactivate_all
02-20 20:06:55.556  1917  1917 D DcTesterFailBrinupAll: register for intent action=com.android.internal.telephony.dataconnection.action_fail_bringup
02-20 20:06:55.556  1917  1917 D DcTesterFailBrinupAll: register for intent action=com.android.internal.telephony.action_detached
02-20 20:06:55.556  1917  1917 D DcTesterFailBrinupAll: register for intent action=com.android.internal.telephony.action_attached
02-20 20:06:55.564  1917  1917 D SST     : notifyDataRegStateRilRadioTechnologyChanged: drs=1 rat=0
02-20 20:06:55.564  1917  1917 D TelephonyManager: setTelephonyProperty: success phoneId=0 property=gsm.network.type value: Unknown propVal=Unknown
02-20 20:06:55.565  1917  1917 D DCT     : [0]update sub = -2
02-20 20:06:55.565  1917  1917 D DCT     : [0]update(): Active DDS, register for all events now!
02-20 20:06:55.567  1917  1917 D GsmCdmaPhone: [GsmCdmaPhone] updateCurrentCarrierInProvider: mSubId = -2 currentDds = 1 operatorNumeric = null
02-20 20:06:55.572  1917  2054 D DcTesterDeacativateAll: register for intent action=com.android.internal.telephony.action_detached
02-20 20:06:55.572  1917  2054 D Dcc     : DccDefaultState: msg.what=EVENT_RIL_CONNECTED mRilVersion=12
02-20 20:06:55.592  1917  1917 D DCT     : [0]initApnContexts: E
02-20 20:06:55.592  1917  1917 D DCT     : [0]initApnContexts: skipping unknown type=1
02-20 20:06:55.593  1917  1917 D DCT     : [0]initApnContexts: apnContext={mApnType=default mState=IDLE mWaitingApns={null} mApnSetting={null} mReason=dataEnabled mDataEnabled=false mDependencyMet=true}
02-20 20:06:55.593  1917  1917 D DCT     : [0]initApnContexts: apnContext={mApnType=mms mState=IDLE mWaitingApns={null} mApnSetting={null} mReason=dataEnabled mDataEnabled=false mDependencyMet=true}
02-20 20:06:55.593  1917  1917 D DCT     : [0]initApnContexts: apnContext={mApnType=supl mState=IDLE mWaitingApns={null} mApnSetting={null} mReason=dataEnabled mDataEnabled=false mDependencyMet=true}
02-20 20:06:55.593  1917  1917 D DCT     : [0]initApnContexts: apnContext={mApnType=hipri mState=IDLE mWaitingApns={null} mApnSetting={null} mReason=dataEnabled mDataEnabled=false mDependencyMet=true}
02-20 20:06:55.593  1917  1917 D DCT     : [0]initApnContexts: apnContext={mApnType=fota mState=IDLE mWaitingApns={null} mApnSetting={null} mReason=dataEnabled mDataEnabled=false mDependencyMet=true}
02-20 20:06:55.600  1917  1917 D DCT     : [0]initApnContexts: apnContext={mApnType=ims mState=IDLE mWaitingApns={null} mApnSetting={null} mReason=dataEnabled mDataEnabled=false mDependencyMet=true}
02-20 20:06:55.600  1917  1917 D DCT     : [0]initApnContexts: apnContext={mApnType=cbs mState=IDLE mWaitingApns={null} mApnSetting={null} mReason=dataEnabled mDataEnabled=false mDependencyMet=true}
02-20 20:06:55.600  1917  1917 D DCT     : [0]initApnContexts: skipping unknown type=13
02-20 20:06:55.600  1917  1917 D DCT     : [0]initApnContexts: apnContext={mApnType=ia mState=IDLE mWaitingApns={null} mApnSetting={null} mReason=dataEnabled mDataEnabled=false mDependencyMet=true}
02-20 20:06:55.600  1917  1917 D DCT     : [0]initApnContexts: apnContext={mApnType=emergency mState=IDLE mWaitingApns={null} mApnSetting={null} mReason=dataEnabled mDataEnabled=false mDependencyMet=true}
02-20 20:06:55.616  1917  1917 D GsmCdmaPhone: [GsmCdmaPhone] GsmCdmaPhone: constructor: sub = 0
02-20 20:06:55.616  1917  1917 I PhoneFactory: Creating Phone with type = 1 sub = 0
02-20 20:06:55.621  1917  1917 I PhoneFactory: defaultSmsApplication: NONE
02-20 20:06:55.622  1917  1917 I PhoneFactory: Creating SubInfoRecordUpdater 
02-20 20:06:55.622  1917  1917 D SubscriptionInfoUpdater: Constructor invoked
02-20 20:06:55.663  1675  1749 D TelephonyRegistry: listen oscl: hasNotifySubscriptionInfoChangedOccurred==false no callback
02-20 20:06:55.663  1917  1917 D SubscriptionController: [getPhoneId]- no sims, returning default phoneId=2147483647
02-20 20:06:55.664  1675  1940 D TelephonyRegistry: listen oscl: hasNotifySubscriptionInfoChangedOccurred==false no callback
02-20 20:06:55.664  1917  1917 D PhoneSwitcherNetworkRequstListener: Registering NetworkFactory
02-20 20:06:55.664  1675  1739 D ConnectivityService: Got NetworkFactory Messenger for PhoneSwitcherNetworkRequstListener
02-20 20:06:55.666  1917  1917 D PhoneSwitcher: PhoneSwitcher started
02-20 20:06:55.666  1917  1917 D ProxyController: Constructor - Enter
02-20 20:06:55.669  1917  1917 D ProxyController: clearTransaction
02-20 20:06:55.669  1917  1917 D ProxyController: clearTransaction: phoneId=0 status=IDLE
02-20 20:06:55.669  1917  1917 D ProxyController: Constructor - Exit
02-20 20:06:55.670  1917  1917 D TelephonyNetworkFactory[0]: Registering NetworkFactory
02-20 20:06:55.670  1675  1739 D ConnectivityService: Got NetworkFactory Messenger for TelephonyNetworkFactory[0]
02-20 20:06:55.674  1917  1917 D CallManager: registerPhone(GSM Handler (com.android.internal.telephony.GsmCdmaPhone) {11b0406})
02-20 20:06:55.687  1675  1940 D TelephonyRegistry: listen oscl: hasNotifySubscriptionInfoChangedOccurred==false no callback
02-20 20:06:55.693  1763  1775 W art     : Suspending all threads took: 5.227ms
02-20 20:06:55.695  2038  2038 W System  : ClassLoader referenced unknown path: /system/priv-app/CellBroadcastReceiver/lib/x86_64
02-20 20:06:55.703  1763  1775 I art     : Background sticky concurrent mark sweep GC freed 18446(2MB) AllocSpace objects, 2(40KB) LOS objects, 23% free, 10MB/13MB, paused 7.933ms total 58.891ms
02-20 20:06:55.731  1675  1690 I SyncManager: Got SyncJobService instance.
02-20 20:06:55.731  1675  1675 I FusedLocation: engine started (com.android.location.fused)
02-20 20:06:55.733  1917  1932 D SubscriptionController: [getPhoneId]- no sims, returning default phoneId=2147483647
02-20 20:06:55.739  1675  1744 D NotificationSQLiteLog: Pruned event entries: 0
02-20 20:06:55.771  1675  2047 I dvm_lock_sample: [system_server,1,Binder:1675_6,83,WindowManagerService.java,5760,WindowAnimator.java,144,16]
02-20 20:06:55.798  1763  1763 I OpaLayout: Setting opa enabled to false
02-20 20:06:55.804  1763  1763 I OpaLayout: Setting opa enabled to false
02-20 20:06:55.828  1917  1917 D CarrierConfigLoader: CarrierConfigLoader has started
02-20 20:06:55.829  1917  1917 E BluetoothAdapter: Bluetooth binder is null
02-20 20:06:55.829  1675  1749 D TelephonyRegistry: listen oscl: hasNotifySubscriptionInfoChangedOccurred==false no callback
02-20 20:06:55.834  1917  2059 E ActivityThread: Failed to find provider info for com.android.contacts
02-20 20:06:55.834  1917  2059 W CallerInfoCache: cursor is null
02-20 20:06:55.865  1917  1917 D RILJ    : [3655]> RIL_REQUEST_SET_TTY_MODE : 0 [SUB0]
02-20 20:06:55.867  1373  1460 D RIL     : onRequest: SET_TTY_MODE
02-20 20:06:55.867  1763  1763 W System  : ClassLoader referenced unknown path: 
02-20 20:06:55.867  1917  2023 D RilRequest: [3655]< RIL_REQUEST_SET_TTY_MODE error: com.android.internal.telephony.CommandException: RADIO_NOT_AVAILABLE ret=
02-20 20:06:55.867  1763  1763 W System  : ClassLoader referenced unknown path: /system/priv-app/Dialer/lib/x86_64
02-20 20:06:55.870  1763  1763 D ApplicationLoaders: ignored Vulkan layer search path /system/priv-app/Dialer/lib/x86_64:/system/lib64:/vendor/lib64 for namespace 0x7ed97e06b0f0
02-20 20:06:55.871  1917  1917 I Telephony: TtyManager: updateUiTtyMode -1 -> 0
02-20 20:06:55.876  1675  1749 D TelephonyRegistry: listen oscl: hasNotifySubscriptionInfoChangedOccurred==false no callback
02-20 20:06:55.876  1917  1917 D SubscriptionController: [getPhoneId] asked for default subId=-1
02-20 20:06:55.878  1917  1917 D UiccController: EVENT_RADIO_UNAVAILABLE, dispose card
02-20 20:06:55.878  1917  1917 D UiccController: Received EVENT_ICC_STATUS_CHANGED, calling getIccCardStatus
02-20 20:06:55.878  1917  1917 D RILJ    : [3656]> GET_SIM_STATUS [SUB0]
02-20 20:06:55.878  1373  1460 D RIL     : onRequest: GET_SIM_STATUS
02-20 20:06:55.878  1373  1460 D RIL     : getSIMStatus(). sState: 0
02-20 20:06:55.879  1917  2023 D RILJ    : [3656]< GET_SIM_STATUS IccCardState {CARDSTATE_PRESENT,PINSTATE_UNKNOWN,num_apps=2,gsm_id=0{APPTYPE_SIM,APPSTATE_DETECTED},cdma_id=1{APPTYPE_RUIM,APPSTATE_DETECTED},ims_id=8} [SUB0]
02-20 20:06:55.879  1917  1917 D Phone   : config LCE service failed: com.android.internal.telephony.CommandException: RADIO_NOT_AVAILABLE
02-20 20:06:55.879  1917  1917 D GsmSMSDispatcher: GsmSMSDispatcher: subId = -2 slotId = 0
02-20 20:06:55.879  1917  1917 E IccCardProxy: setExternalState: !override and newstate unchanged from NOT_READY
02-20 20:06:55.879  1917  1917 D RILJ    : [3657]> BASEBAND_VERSION [SUB0]
02-20 20:06:55.882  1373  1460 D RIL     : onRequest: BASEBAND_VERSION
02-20 20:06:55.882  1917  2023 D RilRequest: [3657]< BASEBAND_VERSION error: com.android.internal.telephony.CommandException: RADIO_NOT_AVAILABLE ret=
02-20 20:06:55.883  1917  1917 D RILJ    : [3658]> GET_IMEI [SUB0]
02-20 20:06:55.883  1373  1460 D RIL     : onRequest: GET_IMEI
02-20 20:06:55.883  1373  1460 D AT      : AT> AT+CGSN
02-20 20:06:55.883  1373  1462 D AT      : AT< 000000000000000
02-20 20:06:55.883  1373  1462 D AT      : AT< OK
02-20 20:06:55.884  1917  2023 D RILJ    : [3658]< GET_IMEI  [SUB0]
02-20 20:06:55.883  1917  1917 D RILJ    : [3659]> GET_IMEISV [SUB0]
02-20 20:06:55.884  1373  1460 D RIL     : onRequest: GET_IMEISV
02-20 20:06:55.884  1917  2023 D RilRequest: [3659]< GET_IMEISV error: com.android.internal.telephony.CommandException: RADIO_NOT_AVAILABLE ret=
02-20 20:06:55.885  1917  1917 D RILJ    : [3660]> RIL_REQUEST_GET_RADIO_CAPABILITY [SUB0]
02-20 20:06:55.885  1373  1460 D RIL     : onRequest: RIL_REQUEST_GET_RADIO_CAPABILITY
02-20 20:06:55.885  1917  2023 D RilRequest: [3660]< RIL_REQUEST_GET_RADIO_CAPABILITY error: com.android.internal.telephony.CommandException: RADIO_NOT_AVAILABLE ret=
02-20 20:06:55.886  1917  1917 D RILJ    : [3661]> RIL_REQUEST_START_LCE [SUB0]
02-20 20:06:55.886  1373  1460 D RIL     : onRequest: <unknown request>
02-20 20:06:55.887  1917  2023 D RilRequest: [3661]< RIL_REQUEST_START_LCE error: com.android.internal.telephony.CommandException: RADIO_NOT_AVAILABLE ret=
02-20 20:06:55.887  1917  1917 D GsmCdmaPhone: [GsmCdmaPhone] Event EVENT_RADIO_OFF_OR_NOT_AVAILABLE Received
02-20 20:06:55.887  1917  1917 E IccCardProxy: setExternalState: !override and newstate unchanged from NOT_READY
02-20 20:06:55.887  1917  1917 D SST     : mDeviceShuttingDown=false, mDesiredPowerState=true, getRadioState=RADIO_OFF, mPowerOffDelayNeed=true, mAlarmSwitch=false, mRadioDisabledByCarrier=false
02-20 20:06:55.887  1917  1917 D RILJ    : [3662]> RADIO_POWER on [SUB0]
02-20 20:06:55.888  1373  1460 D RIL     : onRequest: RADIO_POWER
02-20 20:06:55.888  1373  1460 D AT      : AT> AT+CFUN=1
02-20 20:06:55.888  1373  1462 D AT      : AT< OK
02-20 20:06:55.888  1373  1460 D RIL     : setRadioState(10)
02-20 20:06:55.888  1917  2023 D RILJ    : [UNSL]< UNSOL_RESPONSE_RADIO_STATE_CHANGED RADIO_ON [SUB0]
02-20 20:06:55.888  1917  2023 D RILJ    : [UNSL]< UNSOL_RESPONSE_SIM_STATUS_CHANGED [SUB0]
02-20 20:06:55.888  1917  2023 D RILJ    : [3662]< RADIO_POWER  [SUB0]
02-20 20:06:55.888  1917  1917 D RILJ    : [3663]> OPERATOR [SUB0]
02-20 20:06:55.888  1373  1460 D RIL     : onRequest: OPERATOR
02-20 20:06:55.888  1373  1460 D AT      : AT> AT+COPS=3,0;+COPS?;+COPS=3,1;+COPS?;+COPS=3,2;+COPS?
02-20 20:06:55.888  1373  1462 D AT      : AT< +COPS: 0,0,"Android"
02-20 20:06:55.888  1373  1462 D AT      : AT< +COPS: 0,1,"Android"
02-20 20:06:55.888  1373  1462 D AT      : AT< +COPS: 0,2,"310260"
02-20 20:06:55.888  1373  1462 D AT      : AT< OK
02-20 20:06:55.889  1917  2023 D RILJ    : [3663]< OPERATOR {Android, Android, 310260} [SUB0]
02-20 20:06:55.889  1917  1917 D RILJ    : [3664]> DATA_REGISTRATION_STATE [SUB0]
02-20 20:06:55.889  1373  1460 D RIL     : onRequest: DATA_REGISTRATION_STATE
02-20 20:06:55.889  1373  1460 D RIL     : requestRegistrationState
02-20 20:06:55.889  1373  1460 D AT      : AT> AT+CGREG?
02-20 20:06:55.889  1373  1462 D AT      : AT< +CGREG: 1,1,"0003","005b","000e"
02-20 20:06:55.889  1373  1462 D AT      : AT< OK
02-20 20:06:55.889  1373  1460 D RIL     : parseRegistrationState. Parsing: +CGREG: 1,1,"0003","005b","000e"
02-20 20:06:55.889  1373  1460 D RIL     : registration state type: 3GPP
02-20 20:06:55.889  1917  2023 D RILJ    : [3664]< DATA_REGISTRATION_STATE {1, 3, 5b, 14, null, null} [SUB0]
02-20 20:06:55.889  1917  1917 D RILJ    : [3665]> VOICE_REGISTRATION_STATE [SUB0]
02-20 20:06:55.889  1373  1460 D RIL     : onRequest: VOICE_REGISTRATION_STATE
02-20 20:06:55.889  1373  1460 D RIL     : requestRegistrationState
02-20 20:06:55.889  1373  1460 D AT      : AT> AT+CREG?
02-20 20:06:55.889  1373  1462 D AT      : AT< +CREG: 2,1, "0003", "005b"
02-20 20:06:55.889  1373  1462 D AT      : AT< OK
02-20 20:06:55.889  1373  1460 D RIL     : parseRegistrationState. Parsing: +CREG: 2,1, "0003", "005b"
02-20 20:06:55.889  1373  1460 D RIL     : registration state type: 3GPP
02-20 20:06:55.890  1917  2023 D RILJ    : [3665]< VOICE_REGISTRATION_STATE {1, 3, 5b, 0, null, null, null, null, null, null, null, null, null, null, null} [SUB0]
02-20 20:06:55.890  1917  1917 D RILJ    : [3666]> QUERY_NETWORK_SELECTION_MODE [SUB0]
02-20 20:06:55.890  1373  1460 D RIL     : onRequest: QUERY_NETWORK_SELECTION_MODE
02-20 20:06:55.890  1373  1460 D AT      : AT> AT+COPS?
02-20 20:06:55.890  1373  1462 D AT      : AT< +COPS: 0,2,310260
02-20 20:06:55.890  1373  1462 D AT      : AT< OK
02-20 20:06:55.890  1917  2023 D RILJ    : [3666]< QUERY_NETWORK_SELECTION_MODE {0} [SUB0]
02-20 20:06:55.890  1917  1917 D SST     : NITZ: 18/02/20:20:06:48+0:0:Unknown!Unknown,4768 start=13890 delay=9122
02-20 20:06:55.890  1917  1917 D SST     : NITZ: tzOffset=0 dst=0 zone=GMT iso= mGotCountryCode=false mNeedFixZoneAfterNitz=false
02-20 20:06:55.894  1917  1917 D SST     : setAndBroadcastNetworkSetTimeZone: setTimeZone=GMT
02-20 20:06:55.895  1675  1749 D AlarmManagerService: Kernel timezone updated to 0 minutes west of GMT
02-20 20:06:55.896  1917  1917 D SST     : setAndBroadcastNetworkSetTimeZone: call alarm.setTimeZone and broadcast zoneId=GMT
02-20 20:06:55.896  1917  1917 D SST     : NITZ: Setting time of day to Tue Feb 20 20:06:57 GMT+00:00 2018 NITZ receive delay(ms): 9128 gained(ms): 1232 from 18/02/20:20:06:48+0:0:Unknown!Unknown
02-20 20:06:55.896  1917  1917 D SST     : setAndBroadcastNetworkSetTime: time=1519157217128ms
02-20 20:06:55.896  1675  1940 D AlarmManagerService: Setting time of day to sec=1519157217
02-20 20:06:57.128  1675  1940 W AlarmManagerService: Unable to set rtc to 1519157217: No such device
02-20 20:06:57.130  1675  1675 D ConditionProviders.SCP: onReceive android.intent.action.TIME_SET
02-20 20:06:57.130  1675  1675 D ConditionProviders.SCP: notifyCondition condition://android/schedule?days=6.7&start=23.30&end=10.0&exitAtAlarm=false STATE_FALSE reason=!meetsSchedule
02-20 20:06:57.131  1675  1675 D ConditionProviders.SCP: notifyCondition condition://android/schedule?days=1.2.3.4.5&start=22.0&end=7.0&exitAtAlarm=false STATE_FALSE reason=!meetsSchedule
02-20 20:06:57.131  1675  1675 D ConditionProviders.SCP: Scheduling evaluate for Tue Feb 20 22:00:00 GMT+00:00 2018 (1519164000000), in +1h53m2s870ms, now=Tue Feb 20 20:06:57 GMT+00:00 2018 (1519157217130)
02-20 20:06:57.133  1917  1917 I SST     : NITZ: after Setting time of day
02-20 20:06:57.149  1917  1917 D SST     : NITZ: end=13918 dur=28
02-20 20:06:57.149  1917  1917 D SST     : onSignalStrengthResult() Exception from RIL : com.android.internal.telephony.CommandException: RADIO_NOT_AVAILABLE
02-20 20:06:57.180  1675  1745 E ActivityThread: Failed to find provider info for com.android.calendar
02-20 20:06:57.181  1917  1917 D SST     : mDeviceShuttingDown=false, mDesiredPowerState=true, getRadioState=RADIO_ON, mPowerOffDelayNeed=true, mAlarmSwitch=false, mRadioDisabledByCarrier=false
02-20 20:06:57.181  1917  1917 D RILJ    : [3667]> OPERATOR [SUB0]
02-20 20:06:57.181  1917  1917 D RILJ    : [3668]> DATA_REGISTRATION_STATE [SUB0]
02-20 20:06:57.182  1373  1460 D RIL     : onRequest: OPERATOR
02-20 20:06:57.182  1373  1460 D AT      : AT> AT+COPS=3,0;+COPS?;+COPS=3,1;+COPS?;+COPS=3,2;+COPS?
02-20 20:06:57.182  1373  1462 D AT      : AT< +COPS: 0,0,"Android"
02-20 20:06:57.182  1373  1462 D AT      : AT< +COPS: 0,1,"Android"
02-20 20:06:57.182  1373  1462 D AT      : AT< +COPS: 0,2,"310260"
02-20 20:06:57.182  1373  1462 D AT      : AT< OK
02-20 20:06:57.182  1917  1917 D RILJ    : [3669]> VOICE_REGISTRATION_STATE [SUB0]
02-20 20:06:57.182  1373  1460 D RIL     : onRequest: DATA_REGISTRATION_STATE
02-20 20:06:57.182  1373  1460 D RIL     : requestRegistrationState
02-20 20:06:57.182  1373  1460 D AT      : AT> AT+CGREG?
02-20 20:06:57.183  1917  2023 D RILJ    : [3667]< OPERATOR {Android, Android, 310260} [SUB0]
02-20 20:06:57.183  1373  1462 D AT      : AT< +CGREG: 1,1,"0003","005b","000e"
02-20 20:06:57.183  1373  1462 D AT      : AT< OK
02-20 20:06:57.183  1373  1460 D RIL     : parseRegistrationState. Parsing: +CGREG: 1,1,"0003","005b","000e"
02-20 20:06:57.183  1373  1460 D RIL     : registration state type: 3GPP
02-20 20:06:57.183  1917  1917 D RILJ    : [3670]> QUERY_NETWORK_SELECTION_MODE [SUB0]
02-20 20:06:57.183  1373  1460 D RIL     : onRequest: VOICE_REGISTRATION_STATE
02-20 20:06:57.183  1373  1460 D RIL     : requestRegistrationState
02-20 20:06:57.183  1373  1460 D AT      : AT> AT+CREG?
02-20 20:06:57.183  1373  1462 D AT      : AT< +CREG: 2,1, "0003", "005b"
02-20 20:06:57.183  1373  1462 D AT      : AT< OK
02-20 20:06:57.183  1373  1460 D RIL     : parseRegistrationState. Parsing: +CREG: 2,1, "0003", "005b"
02-20 20:06:57.183  1373  1460 D RIL     : registration state type: 3GPP
02-20 20:06:57.183  1917  1917 D DCT     : [0]NETWORK_STATE_CHANGED_ACTION: mIsWifiConnected=false
02-20 20:06:57.183  1917  1917 D DCT     : [0]Wifi state changed
02-20 20:06:57.183  1917  1917 D DCT     : [0]WIFI_STATE_CHANGED_ACTION: enabled=true mIsWifiConnected=false
02-20 20:06:57.183  1917  1917 D DCT     : [0]onRadioAvailable
02-20 20:06:57.183  1917  1917 D DCT     : [0]onRadioOffOrNotAvailable: is off and clean up all connections
02-20 20:06:57.183  1917  1917 D DCT     : [0]cleanUpAllConnections: tearDown=false reason=radioTurnedOff
02-20 20:06:57.184  1917  1917 D GsmCdmaPhone: [GsmCdmaPhone] getDataConnectionState apnType=default ret=DISCONNECTED
02-20 20:06:57.184  1917  2023 D RILJ    : [3668]< DATA_REGISTRATION_STATE {1, 3, 5b, 14, null, null} [SUB0]
02-20 20:06:57.184  1917  2023 D RILJ    : [3669]< VOICE_REGISTRATION_STATE {1, 3, 5b, 0, null, null, null, null, null, null, null, null, null, null, null} [SUB0]
02-20 20:06:57.187  1373  1460 D RIL     : onRequest: QUERY_NETWORK_SELECTION_MODE
02-20 20:06:57.187  1373  1460 D AT      : AT> AT+COPS?
02-20 20:06:57.187  1373  1462 D AT      : AT< +COPS: 0,2,310260
02-20 20:06:57.187  1373  1462 D AT      : AT< OK
02-20 20:06:57.188  1917  2023 D RILJ    : [3670]< QUERY_NETWORK_SELECTION_MODE {0} [SUB0]
02-20 20:06:57.191  1917  1917 D DCT     : [0]cleanUpConnection: X tearDown=false reason=radioTurnedOff apnContext={mApnType=default mState=IDLE mWaitingApns={null} mApnSetting={null} mReason=radioTurnedOff mDataEnabled=false mDependencyMet=true} dcac=null
02-20 20:06:57.191  1917  1917 D GsmCdmaPhone: [GsmCdmaPhone] getDataConnectionState apnType=mms ret=DISCONNECTED
02-20 20:06:57.192  1917  1917 D DCT     : [0]cleanUpConnection: X tearDown=false reason=radioTurnedOff apnContext={mApnType=mms mState=IDLE mWaitingApns={null} mApnSetting={null} mReason=radioTurnedOff mDataEnabled=false mDependencyMet=true} dcac=null
02-20 20:06:57.192  1917  1917 D GsmCdmaPhone: [GsmCdmaPhone] getDataConnectionState apnType=cbs ret=DISCONNECTED
02-20 20:06:57.193  1917  1917 D DCT     : [0]cleanUpConnection: X tearDown=false reason=radioTurnedOff apnContext={mApnType=cbs mState=IDLE mWaitingApns={null} mApnSetting={null} mReason=radioTurnedOff mDataEnabled=false mDependencyMet=true} dcac=null
02-20 20:06:57.193  1917  1917 D GsmCdmaPhone: [GsmCdmaPhone] getDataConnectionState apnType=fota ret=DISCONNECTED
02-20 20:06:57.194  1917  1917 D DCT     : [0]cleanUpConnection: X tearDown=false reason=radioTurnedOff apnContext={mApnType=fota mState=IDLE mWaitingApns={null} mApnSetting={null} mReason=radioTurnedOff mDataEnabled=false mDependencyMet=true} dcac=null
02-20 20:06:57.194  1917  1917 D GsmCdmaPhone: [GsmCdmaPhone] getDataConnectionState apnType=supl ret=DISCONNECTED
02-20 20:06:57.195  1763  1763 E BluetoothAdapter: Bluetooth binder is null
02-20 20:06:57.195  1917  1917 D DCT     : [0]cleanUpConnection: X tearDown=false reason=radioTurnedOff apnContext={mApnType=supl mState=IDLE mWaitingApns={null} mApnSetting={null} mReason=radioTurnedOff mDataEnabled=false mDependencyMet=true} dcac=null
02-20 20:06:57.195  1917  1917 D GsmCdmaPhone: [GsmCdmaPhone] getDataConnectionState apnType=ia ret=DISCONNECTED
02-20 20:06:57.195  1675  1687 D TelephonyRegistry: listen oscl: hasNotifySubscriptionInfoChangedOccurred==false no callback
02-20 20:06:57.196  1917  1917 D DCT     : [0]cleanUpConnection: X tearDown=false reason=radioTurnedOff apnContext={mApnType=ia mState=IDLE mWaitingApns={null} mApnSetting={null} mReason=radioTurnedOff mDataEnabled=false mDependencyMet=true} dcac=null
02-20 20:06:57.196  1917  1917 D GsmCdmaPhone: [GsmCdmaPhone] getDataConnectionState apnType=emergency ret=DISCONNECTED
02-20 20:06:57.197  1917  1917 D DCT     : [0]cleanUpConnection: X tearDown=false reason=radioTurnedOff apnContext={mApnType=emergency mState=IDLE mWaitingApns={null} mApnSetting={null} mReason=radioTurnedOff mDataEnabled=false mDependencyMet=true} dcac=null
02-20 20:06:57.197  1917  1917 D GsmCdmaPhone: [GsmCdmaPhone] getDataConnectionState apnType=hipri ret=DISCONNECTED
02-20 20:06:57.198  1917  1917 D DCT     : [0]cleanUpConnection: X tearDown=false reason=radioTurnedOff apnContext={mApnType=hipri mState=IDLE mWaitingApns={null} mApnSetting={null} mReason=radioTurnedOff mDataEnabled=false mDependencyMet=true} dcac=null
02-20 20:06:57.198  1917  1917 D GsmCdmaPhone: [GsmCdmaPhone] getDataConnectionState apnType=ims ret=DISCONNECTED
02-20 20:06:57.198  1917  1917 D DCT     : [0]cleanUpConnection: X tearDown=false reason=radioTurnedOff apnContext={mApnType=ims mState=IDLE mWaitingApns={null} mApnSetting={null} mReason=radioTurnedOff mDataEnabled=false mDependencyMet=true} dcac=null
02-20 20:06:57.199  1917  1917 D DCT     : [0]stopNetStatPoll
02-20 20:06:57.199  1917  1917 D DCT     : [0]cleanUpConnection: mDisconnectPendingCount = 0
02-20 20:06:57.199  1917  1917 D DCT     : [0]isDataAllowed: No - Not attached - SIM not loaded
02-20 20:06:57.209  1675  1745 E ActivityThread: Failed to find provider info for com.android.calendar
02-20 20:06:57.213  1763  1763 I CameraManagerGlobal: Connecting to camera service
02-20 20:06:57.218  1364  1364 V EmulatedCamera_Camera: getCameraInfo
02-20 20:06:57.219  1364  1364 V EmulatedCamera_BaseCamera: getCameraInfo
02-20 20:06:57.219  1364  1364 I CameraService: getCameraCharacteristics: Switching to HAL1 shim implementation...
02-20 20:06:57.219  1364  1364 V EmulatedCamera_Camera: getCameraInfo
02-20 20:06:57.219  1364  1364 V EmulatedCamera_BaseCamera: getCameraInfo
02-20 20:06:57.219  1364  1364 I CameraService: CameraService::connect call (PID -1 "cameraserver", camera ID 0) for HAL version default and Camera API version 1
02-20 20:06:57.219  1364  1364 E CameraService: getCameraPriorityFromProcState: Received invalid process state -1 from ActivityManagerService!
02-20 20:06:57.219  1917  1917 D DCT     : [0]onDataConnectionDetached: stop polling and notify detached
02-20 20:06:57.219  1917  1917 D DCT     : [0]stopNetStatPoll
02-20 20:06:57.219  1364  1364 V EmulatedCamera_Camera: getCameraInfo
02-20 20:06:57.219  1364  1364 V EmulatedCamera_BaseCamera: getCameraInfo
02-20 20:06:57.219  1917  1917 D DCT     : [0]notifyDataConnection: reason=dataDetached
02-20 20:06:57.219  1917  1917 D DCT     : [0]isDataAllowed: No - Not attached - SIM not loaded
02-20 20:06:57.250  1371  2065 E WVMExtractor: Failed to open libwvm.so: dlopen failed: library "libwvm.so" not found
02-20 20:06:57.252  1917  1932 D SubscriptionController: [getActiveSubInfoList] Sub Controller not ready
02-20 20:06:57.256  1917  1917 D DCT     : [0]onRoamingOff
02-20 20:06:57.256  1917  1917 D DCT     : [0]isDataAllowed: No - Not attached - SIM not loaded
02-20 20:06:57.257  1371  2063 D NuPlayerDriver: notifyListener_l(0xe530c2a0), (1, 0, 0), loop setting(0, 0)
02-20 20:06:57.260  1917  2066 D SubscriptionController: [getActiveSubInfoList] Sub Controller not ready
02-20 20:06:57.265  1371  2067 D NuPlayerDriver: notifyListener_l(0xe530c660), (1, 0, 0), loop setting(0, 0)
02-20 20:06:57.266  1917  1917 D DCT     : [0]setupDataOnConnectableApns: roamingOff hipri:[state=IDLE,enabled=false] mms:[state=IDLE,enabled=false] supl:[state=IDLE,enabled=false] ia:[state=IDLE,enabled=false] fota:[state=IDLE,enabled=false] ims:[state=IDLE,enabled=false] cbs:[state=IDLE,enabled=false] default:[state=IDLE,enabled=false] emergency:[state=IDLE,enabled=false] 
02-20 20:06:57.266  1917  1917 D DCT     : [0]setupDataOnConnectableApns: nwTypeChanged hipri:[state=IDLE,enabled=false] mms:[state=IDLE,enabled=false] supl:[state=IDLE,enabled=false] ia:[state=IDLE,enabled=false] fota:[state=IDLE,enabled=false] ims:[state=IDLE,enabled=false] cbs:[state=IDLE,enabled=false] default:[state=IDLE,enabled=false] emergency:[state=IDLE,enabled=false] 
02-20 20:06:57.266  1917  1917 D SubscriptionInfoUpdater: [Receiver]+
02-20 20:06:57.266  1917  1917 D SubscriptionInfoUpdater: Action: android.intent.action.SIM_STATE_CHANGED
02-20 20:06:57.266  1917  1917 D SubscriptionInfoUpdater: slotId: 0
02-20 20:06:57.266  1917  1917 D SubscriptionInfoUpdater: simStatus: NOT_READY
02-20 20:06:57.266  1917  1917 D SubscriptionInfoUpdater: Ignoring simStatus: NOT_READY
02-20 20:06:57.266  1917  1917 D SubscriptionInfoUpdater: [Receiver]-
02-20 20:06:57.267  1917  1917 D PhoneSwitcherNetworkRequstListener: got request NetworkRequest [ REQUEST id=1, [ Capabilities: INTERNET&NOT_RESTRICTED&TRUSTED&NOT_VPN] ] with score 0
02-20 20:06:57.267  1917  1917 D TelephonyNetworkFactory[0]: onSubIdChange -1->-2
02-20 20:06:57.267  1917  1917 D TelephonyNetworkFactory[0]: got request NetworkRequest [ REQUEST id=1, [ Capabilities: INTERNET&NOT_RESTRICTED&TRUSTED&NOT_VPN] ] with score 0
02-20 20:06:57.277  1371  2069 D NuPlayerDriver: notifyListener_l(0xe530c6c0), (1, 0, 0), loop setting(0, 0)
02-20 20:06:57.280  1364  1364 I CameraFlashlight: Opening camera 0
02-20 20:06:57.280  1364  1364 V EmulatedCamera_Camera: getCameraInfo
02-20 20:06:57.280  1364  1364 V EmulatedCamera_BaseCamera: getCameraInfo
02-20 20:06:57.280  1364  1364 V EmulatedCamera_Camera: connectCamera
02-20 20:06:57.280  1364  1364 V EmulatedCamera_FakeDevice: connectDevice
02-20 20:06:57.280  1364  1364 V EmulatedCamera_CallbackNotifier: setCallbacks: 0xe756ce80, 0xe756ced0, 0xe756cff0, 0xe756d110 (0xe73c3320)
02-20 20:06:57.280  1364  1364 V EmulatedCamera_CallbackNotifier: enableMessage: msg_type = 0xc0d
02-20 20:06:57.280  1364  1364 V EmulatedCamera_CallbackNotifier:     CAMERA_MSG_ERROR
02-20 20:06:57.280  1364  1364 V EmulatedCamera_CallbackNotifier:     CAMERA_MSG_FOCUS
02-20 20:06:57.280  1364  1364 V EmulatedCamera_CallbackNotifier:     CAMERA_MSG_ZOOM
02-20 20:06:57.280  1364  1364 V EmulatedCamera_CallbackNotifier:     CAMERA_MSG_PREVIEW_METADATA
02-20 20:06:57.280  1364  1364 V EmulatedCamera_CallbackNotifier: **** Currently enabled messages:
02-20 20:06:57.280  1364  1364 V EmulatedCamera_CallbackNotifier:     CAMERA_MSG_ERROR
02-20 20:06:57.280  1364  1364 V EmulatedCamera_CallbackNotifier:     CAMERA_MSG_FOCUS
02-20 20:06:57.280  1364  1364 V EmulatedCamera_CallbackNotifier:     CAMERA_MSG_ZOOM
02-20 20:06:57.280  1364  1364 V EmulatedCamera_CallbackNotifier:     CAMERA_MSG_PREVIEW_METADATA
02-20 20:06:57.280  1364  1364 V EmulatedCamera_CallbackNotifier: disableMessage: msg_type = 0xffff
02-20 20:06:57.280  1364  1364 V EmulatedCamera_CallbackNotifier:     CAMERA_MSG_ERROR
02-20 20:06:57.280  1364  1364 V EmulatedCamera_CallbackNotifier:     CAMERA_MSG_SHUTTER
02-20 20:06:57.280  1364  1364 V EmulatedCamera_CallbackNotifier:     CAMERA_MSG_FOCUS
02-20 20:06:57.280  1364  1364 V EmulatedCamera_CallbackNotifier:     CAMERA_MSG_ZOOM
02-20 20:06:57.280  1364  1364 V EmulatedCamera_CallbackNotifier:     CAMERA_MSG_PREVIEW_FRAME
02-20 20:06:57.280  1364  1364 V EmulatedCamera_CallbackNotifier:     CAMERA_MSG_VIDEO_FRAME
02-20 20:06:57.280  1364  1364 V EmulatedCamera_CallbackNotifier:     CAMERA_MSG_POSTVIEW_FRAME
02-20 20:06:57.280  1364  1364 V EmulatedCamera_CallbackNotifier:     CAMERA_MSG_RAW_IMAGE
02-20 20:06:57.280  1364  1364 V EmulatedCamera_CallbackNotifier:     CAMERA_MSG_COMPRESSED_IMAGE
02-20 20:06:57.280  1364  1364 V EmulatedCamera_CallbackNotifier:     CAMERA_MSG_RAW_IMAGE_NOTIFY
02-20 20:06:57.280  1364  1364 V EmulatedCamera_CallbackNotifier:     CAMERA_MSG_PREVIEW_METADATA
02-20 20:06:57.280  1364  1364 V EmulatedCamera_CallbackNotifier: **** Currently enabled messages:
02-20 20:06:57.280  1364  1364 V EmulatedCamera_Preview: setPreviewWindow: current: 0x0 -> new: 0x0
02-20 20:06:57.280  1364  1364 V EmulatedCamera_Camera: doStopPreview
02-20 20:06:57.280  1364  1364 V EmulatedCamera_Camera: cancelPicture
02-20 20:06:57.280  1364  1364 V EmulatedCamera_Camera: releaseCamera
02-20 20:06:57.280  1364  1364 V EmulatedCamera_Camera: doStopPreview
02-20 20:06:57.280  1364  1364 V EmulatedCamera_FakeDevice: disconnectDevice
02-20 20:06:57.280  1364  1364 W EmulatedCamera_Device: Initialize: Emulated camera device is already initialized: mState = 1
02-20 20:06:57.280  1364  1364 D EmulatedCamera_FakeCamera: Initialize: Fake camera is facing back
02-20 20:06:57.280  1364  1364 V EmulatedCamera_Device: initializeWhiteBalanceModes with auto, 1.000000, 1.000000
02-20 20:06:57.280  1364  1364 V EmulatedCamera_Device: initializeWhiteBalanceModes with incandescent, 1.380000, 0.600000
02-20 20:06:57.280  1364  1364 V EmulatedCamera_Device: initializeWhiteBalanceModes with daylight, 1.090000, 0.920000
02-20 20:06:57.280  1364  1364 V EmulatedCamera_Device: initializeWhiteBalanceModes with twilight, 0.920000, 1.220000
02-20 20:06:57.280  1364  1364 V EmulatedCamera_Device: setWhiteBalanceMode with white balance auto
02-20 20:06:57.281  1364  1364 I CameraFlashlight: Destroying camera 0
02-20 20:06:57.281  1364  1364 V EmulatedCamera_Camera: closeCamera
02-20 20:06:57.281  1364  1364 V EmulatedCamera_Camera: doStopPreview
02-20 20:06:57.281  1364  1364 W EmulatedCamera_Device: Initialize: Emulated camera device is already initialized: mState = 1
02-20 20:06:57.281  1364  1364 D EmulatedCamera_FakeCamera: Initialize: Fake camera is facing back
02-20 20:06:57.281  1364  1364 V EmulatedCamera_Device: initializeWhiteBalanceModes with auto, 1.000000, 1.000000
02-20 20:06:57.281  1364  1364 V EmulatedCamera_Device: initializeWhiteBalanceModes with incandescent, 1.380000, 0.600000
02-20 20:06:57.281  1364  1364 V EmulatedCamera_Device: initializeWhiteBalanceModes with daylight, 1.090000, 0.920000
02-20 20:06:57.281  1364  1364 V EmulatedCamera_Device: initializeWhiteBalanceModes with twilight, 0.920000, 1.220000
02-20 20:06:57.281  1364  1364 V EmulatedCamera_Device: setWhiteBalanceMode with white balance auto
02-20 20:06:57.282  1364  1364 I CameraService: disconnect: Disconnected client for camera 0 for PID 1364
02-20 20:06:57.283  1371  1404 D NuPlayerDriver: reset(0xe530c2a0) at state 4
02-20 20:06:57.283  1371  1404 D NuPlayerDriver: notifyListener_l(0xe530c2a0), (8, 0, 0), loop setting(0, 0)
02-20 20:06:57.285  1371  2063 D NuPlayerDriver: notifyResetComplete(0xe530c2a0)
02-20 20:06:57.293  1371  1877 D NuPlayerDriver: reset(0xe530c660) at state 4
02-20 20:06:57.293  1371  1877 D NuPlayerDriver: notifyListener_l(0xe530c660), (8, 0, 0), loop setting(0, 0)
02-20 20:06:57.293  1371  2067 D NuPlayerDriver: notifyResetComplete(0xe530c660)
02-20 20:06:57.293  1917  1917 D DebugService: DebugService DebugService:
02-20 20:06:57.293  1917  1917 D TelephonyDebugService: TelephonyDebugService()
02-20 20:06:57.294  1371  1371 D NuPlayerDriver: reset(0xe530c6c0) at state 4
02-20 20:06:57.294  1371  1371 D NuPlayerDriver: notifyListener_l(0xe530c6c0), (8, 0, 0), loop setting(0, 0)
02-20 20:06:57.301  1371  2069 D NuPlayerDriver: notifyResetComplete(0xe530c6c0)
02-20 20:06:57.302  1364  2064 V EmulatedCamera_Camera: getCameraInfo
02-20 20:06:57.302  1364  2064 V EmulatedCamera_BaseCamera: getCameraInfo
02-20 20:06:57.302  1364  1364 V EmulatedCamera_Camera: getCameraInfo
02-20 20:06:57.302  1364  1364 V EmulatedCamera_BaseCamera: getCameraInfo
02-20 20:06:57.304  1917  1917 D CarrierConfigLoader: mHandler: 12 phoneId: 0
02-20 20:06:57.307  1917  1917 D RILJ    : [3671]> RIL_REQUEST_QUERY_TTY_MODE [SUB0]
02-20 20:06:57.309  1373  1460 D RIL     : onRequest: QUERY_TTY_MODE
02-20 20:06:57.309  1373  1460 D RIL     : Request not supported. Tech: 1
02-20 20:06:57.309  1917  2023 D RilRequest: [3671]< RIL_REQUEST_QUERY_TTY_MODE error: com.android.internal.telephony.CommandException: REQUEST_NOT_SUPPORTED ret=
02-20 20:06:57.310  1763  1763 I StatusBar: isKeyguardShowing() called before startKeyguard(), returning true
02-20 20:06:57.310  1763  1763 W StatusBar: isKeyguardSecure() called before startKeyguard(), returning false
02-20 20:06:57.310  1763  1763 W StatusBar: java.lang.Throwable
02-20 20:06:57.310  1763  1763 W StatusBar: 	at com.android.systemui.statusbar.BaseStatusBar.isKeyguardSecure(BaseStatusBar.java:2647)
02-20 20:06:57.310  1763  1763 W StatusBar: 	at com.android.systemui.statusbar.BaseStatusBar.isCameraAllowedByAdmin(BaseStatusBar.java:2670)
02-20 20:06:57.310  1763  1763 W StatusBar: 	at com.android.systemui.statusbar.phone.KeyguardBottomAreaView.updateCameraVisibility(KeyguardBottomAreaView.java:309)
02-20 20:06:57.310  1763  1763 W StatusBar: 	at com.android.systemui.statusbar.phone.KeyguardBottomAreaView.setPhoneStatusBar(KeyguardBottomAreaView.java:272)
02-20 20:06:57.310  1763  1763 W StatusBar: 	at com.android.systemui.statusbar.phone.PhoneStatusBar.makeStatusBarView(PhoneStatusBar.java:904)
02-20 20:06:57.310  1763  1763 W StatusBar: 	at com.android.systemui.statusbar.phone.PhoneStatusBar.addStatusBarWindow(PhoneStatusBar.java:3432)
02-20 20:06:57.310  1763  1763 W StatusBar: 	at com.android.systemui.statusbar.phone.PhoneStatusBar.createAndAddWindows(PhoneStatusBar.java:3428)
02-20 20:06:57.310  1763  1763 W StatusBar: 	at com.android.systemui.statusbar.BaseStatusBar.start(BaseStatusBar.java:765)
02-20 20:06:57.310  1763  1763 W StatusBar: 	at com.android.systemui.statusbar.phone.PhoneStatusBar.start(PhoneStatusBar.java:686)
02-20 20:06:57.310  1763  1763 W StatusBar: 	at com.android.systemui.statusbar.SystemBars.createStatusBarFromConfig(SystemBars.java:106)
02-20 20:06:57.310  1763  1763 W StatusBar: 	at com.android.systemui.statusbar.SystemBars.onNoService(SystemBars.java:58)
02-20 20:06:57.310  1763  1763 W StatusBar: 	at com.android.systemui.statusbar.ServiceMonitor.startService(ServiceMonitor.java:230)
02-20 20:06:57.310  1763  1763 W StatusBar: 	at com.android.systemui.statusbar.ServiceMonitor.-wrap5(ServiceMonitor.java)
02-20 20:06:57.310  1763  1763 W StatusBar: 	at com.android.systemui.statusbar.ServiceMonitor$1.handleMessage(ServiceMonitor.java:73)
02-20 20:06:57.310  1763  1763 W StatusBar: 	at android.os.Handler.dispatchMessage(Handler.java:102)
02-20 20:06:57.310  1763  1763 W StatusBar: 	at android.os.Looper.loop(Looper.java:154)
02-20 20:06:57.310  1763  1763 W StatusBar: 	at android.app.ActivityThread.main(ActivityThread.java:6119)
02-20 20:06:57.310  1763  1763 W StatusBar: 	at java.lang.reflect.Method.invoke(Native Method)
02-20 20:06:57.310  1763  1763 W StatusBar: 	at com.android.internal.os.ZygoteInit$MethodAndArgsCaller.run(ZygoteInit.java:886)
02-20 20:06:57.310  1763  1763 W StatusBar: 	at com.android.internal.os.ZygoteInit.main(ZygoteInit.java:776)
02-20 20:06:57.311  1763  1763 I StatusBar: isKeyguardShowing() called before startKeyguard(), returning true
02-20 20:06:57.311  1763  1763 W StatusBar: isKeyguardSecure() called before startKeyguard(), returning false
02-20 20:06:57.311  1763  1763 W StatusBar: java.lang.Throwable
02-20 20:06:57.311  1763  1763 W StatusBar: 	at com.android.systemui.statusbar.BaseStatusBar.isKeyguardSecure(BaseStatusBar.java:2647)
02-20 20:06:57.311  1763  1763 W StatusBar: 	at com.android.systemui.statusbar.BaseStatusBar.isCameraAllowedByAdmin(BaseStatusBar.java:2670)
02-20 20:06:57.311  1763  1763 W StatusBar: 	at com.android.systemui.statusbar.phone.KeyguardBottomAreaView.updateCameraVisibility(KeyguardBottomAreaView.java:309)
02-20 20:06:57.311  1763  1763 W StatusBar: 	at com.android.systemui.statusbar.phone.KeyguardBottomAreaView.setUserSetupComplete(KeyguardBottomAreaView.java:281)
02-20 20:06:57.311  1763  1763 W StatusBar: 	at com.android.systemui.statusbar.phone.PhoneStatusBar.makeStatusBarView(PhoneStatusBar.java:905)
02-20 20:06:57.311  1763  1763 W StatusBar: 	at com.android.systemui.statusbar.phone.PhoneStatusBar.addStatusBarWindow(PhoneStatusBar.java:3432)
02-20 20:06:57.311  1763  1763 W StatusBar: 	at com.android.systemui.statusbar.phone.PhoneStatusBar.createAndAddWindows(PhoneStatusBar.java:3428)
02-20 20:06:57.311  1763  1763 W StatusBar: 	at com.android.systemui.statusbar.BaseStatusBar.start(BaseStatusBar.java:765)
02-20 20:06:57.311  1763  1763 W StatusBar: 	at com.android.systemui.statusbar.phone.PhoneStatusBar.start(PhoneStatusBar.java:686)
02-20 20:06:57.311  1763  1763 W StatusBar: 	at com.android.systemui.statusbar.SystemBars.createStatusBarFromConfig(SystemBars.java:106)
02-20 20:06:57.311  1763  1763 W StatusBar: 	at com.android.systemui.statusbar.SystemBars.onNoService(SystemBars.java:58)
02-20 20:06:57.311  1763  1763 W StatusBar: 	at com.android.systemui.statusbar.ServiceMonitor.startService(ServiceMonitor.java:230)
02-20 20:06:57.311  1763  1763 W StatusBar: 	at com.android.systemui.statusbar.ServiceMonitor.-wrap5(ServiceMonitor.java)
02-20 20:06:57.311  1763  1763 W StatusBar: 	at com.android.systemui.statusbar.ServiceMonitor$1.handleMessage(ServiceMonitor.java:73)
02-20 20:06:57.311  1763  1763 W StatusBar: 	at android.os.Handler.dispatchMessage(Handler.java:102)
02-20 20:06:57.311  1763  1763 W StatusBar: 	at android.os.Looper.loop(Looper.java:154)
02-20 20:06:57.311  1763  1763 W StatusBar: 	at android.app.ActivityThread.main(ActivityThread.java:6119)
02-20 20:06:57.311  1763  1763 W StatusBar: 	at java.lang.reflect.Method.invoke(Native Method)
02-20 20:06:57.311  1763  1763 W StatusBar: 	at com.android.internal.os.ZygoteInit$MethodAndArgsCaller.run(ZygoteInit.java:886)
02-20 20:06:57.311  1763  1763 W StatusBar: 	at com.android.internal.os.ZygoteInit.main(ZygoteInit.java:776)
02-20 20:06:57.316  1917  1917 D GsmSMSDispatcher: GsmSMSDispatcher: subId = -2 slotId = 0
02-20 20:06:57.316  1917  1917 E IccCardProxy: setExternalState: !override and newstate unchanged from NOT_READY
02-20 20:06:57.316  1917  1917 D UiccController: Received EVENT_GET_ICC_STATUS_DONE
02-20 20:06:57.316  1917  1917 D UiccCard: 2 applications
02-20 20:06:57.316  1917  1917 D UiccCardApplication: Creating UiccApp: {APPTYPE_SIM,APPSTATE_DETECTED}
02-20 20:06:57.318  1917  1917 W VoiceMailConstants: Can't open /system/etc/voicemail-conf.xml
02-20 20:06:57.319  2071  2071 W art     : Unexpected CPU variant for X86 using defaults: x86_64
02-20 20:06:57.319  1917  1917 D SpnOverride: No SPN in OEM image = /oem/telephony/spn-conf.xml Load SPN from system image
02-20 20:06:57.319  1917  1917 W SpnOverride: Can not open /system/etc/spn-conf.xml
02-20 20:06:57.319  1917  1917 D SIMRecords: [SIMRecords] setting0 mMncLength-1
02-20 20:06:57.319  1917  1917 D SIMRecords: [SIMRecords] SIMRecords: onRadioOffOrNotAvailable set 'gsm.sim.operator.numeric' to operator=null
02-20 20:06:57.319  1917  1917 D SIMRecords: [SIMRecords] update icc_operator_numeric=null
02-20 20:06:57.319  1917  1917 D TelephonyManager: setTelephonyProperty: success phoneId=0 property=gsm.sim.operator.numeric value:  propVal=
02-20 20:06:57.319  1917  1917 D TelephonyManager: setTelephonyProperty: success phoneId=0 property=gsm.sim.operator.alpha value:  propVal=
02-20 20:06:57.320  1917  1917 D TelephonyManager: setTelephonyProperty: success phoneId=0 property=gsm.sim.operator.iso-country value:  propVal=
02-20 20:06:57.320  1675  1686 I am_proc_start: [0,2071,10067,com.google.android.deskclock,broadcast,com.google.android.deskclock/com.android.deskclock.AlarmInitReceiver]
02-20 20:06:57.320  1675  1686 I ActivityManager: Start proc 2071:com.google.android.deskclock/u0a67 for broadcast com.google.android.deskclock/com.android.deskclock.AlarmInitReceiver
02-20 20:06:57.320  1917  1917 D SIMRecords: [SIMRecords] getOperatorNumeric: IMSI == null
