--------- beginning of kernel
02-20 20:08:03.999     0     0 I         : Initializing cgroup subsys cpuacct
02-20 20:08:03.999     0     0 I         : Linux version 3.10.0+ (bjoernj@bjoernj.mtv.corp.google.com) (gcc version 4.9.x 20150123 (prerelease) (GCC) ) #257 SMP PREEMPT Fri May 19 12:01:07 PDT 2017
02-20 20:08:03.999     0     0 I Command line: qemu=1 no_timer_check androidboot.hardware=ranchu clocksource=pit no-kvmclock android.qemud=1 console=0 android.checkjni=1 qemu.gles=1 qemu.encrypt=1 qemu.opengles.version=196608 cma=322M@0-4G qemu.wifi=1 mac80211_hwsim.channels=2 androidboot.android_dt_dir=/sys/bus/platform/devices/ANDR0001:00/properties/android/ ramoops.mem_address=0xff018000 ramoops.mem_size=0x10000 memmap=0x10000$0xff018000
02-20 20:08:03.999     0     0 I e820    : BIOS-provided physical RAM map:
02-20 20:08:03.999     0     0 I BIOS-e820: [mem 0x0000000000000000-0x000000000009fbff] usable
02-20 20:08:03.999     0     0 I BIOS-e820: [mem 0x000000000009fc00-0x000000000009ffff] reserved
02-20 20:08:03.999     0     0 I BIOS-e820: [mem 0x00000000000f0000-0x00000000000fffff] reserved
02-20 20:08:03.999     0     0 I BIOS-e820: [mem 0x0000000000100000-0x000000007ffdffff] usable
02-20 20:08:03.999     0     0 I BIOS-e820: [mem 0x000000007ffe0000-0x000000007fffffff] reserved
02-20 20:08:03.999     0     0 I BIOS-e820: [mem 0x00000000fffc0000-0x00000000ffffffff] reserved
02-20 20:08:03.999     0     0 I         : NX (Execute Disable) protection: active
02-20 20:08:03.999     0     0 I e820    : user-defined physical RAM map:
02-20 20:08:03.999     0     0 I user    : [mem 0x0000000000000000-0x000000000009fbff] usable
02-20 20:08:03.999     0     0 I user    : [mem 0x000000000009fc00-0x000000000009ffff] reserved
02-20 20:08:03.999     0     0 I user    : [mem 0x00000000000f0000-0x00000000000fffff] reserved
02-20 20:08:03.999     0     0 I user    : [mem 0x0000000000100000-0x000000007ffdffff] usable
02-20 20:08:03.999     0     0 I user    : [mem 0x000000007ffe0000-0x000000007fffffff] reserved
02-20 20:08:03.999     0     0 I user    : [mem 0x00000000ff018000-0x00000000ff027fff] reserved
02-20 20:08:03.999     0     0 I user    : [mem 0x00000000fffc0000-0x00000000ffffffff] reserved
02-20 20:08:03.999     0     0 I         : SMBIOS 2.8 present.
02-20 20:08:03.999     0     0 D DMI     : QEMU Standard PC (i440FX + PIIX, 1996), BIOS rel-1.7.5.1-0-g8936dbb-20141113_115728-nilsson.home.kraxel.org 04/01/2014
02-20 20:08:03.999     0     0 D e820    : update [mem 0x00000000-0x00000fff] usable ==> reserved
02-20 20:08:03.999     0     0 D e820    : remove [mem 0x000a0000-0x000fffff] usable
02-20 20:08:03.999     0     0 I         : No AGP bridge found
02-20 20:08:03.999     0     0 I e820    : last_pfn = 0x7ffe0 max_arch_pfn = 0x400000000
02-20 20:08:03.999     0     0 D         : MTRR default type: uncachable
02-20 20:08:03.999     0     0 D         : MTRR variable ranges disabled:
02-20 20:08:03.999     0     0 I         : x86 PAT enabled: cpu 0, old 0x0, new 0x7010600070106
02-20 20:08:03.999     0     0 I         : CPU MTRRs all blank - virtualized system.
02-20 20:08:03.999     0     0 I         : found SMP MP-table at [mem 0x000f0e60-0x000f0e6f] mapped at [ffff8800000f0e60]
02-20 20:08:03.999     0     0 D         : Base memory trampoline at [ffff880000098000] 98000 size 28672
02-20 20:08:03.999     0     0 I init_memory_mapping: [mem 0x00000000-0x000fffff]
02-20 20:08:03.999     0     0 D         : [mem 0x00000000-0x000fffff] page 4k
02-20 20:08:03.999     0     0 D         : BRK [0x01eb8000, 0x01eb8fff] PGTABLE
02-20 20:08:03.999     0     0 D         : BRK [0x01eb9000, 0x01eb9fff] PGTABLE
02-20 20:08:03.999     0     0 D         : BRK [0x01eba000, 0x01ebafff] PGTABLE
02-20 20:08:03.999     0     0 I init_memory_mapping: [mem 0x7fc00000-0x7fdfffff]
02-20 20:08:03.999     0     0 D         : [mem 0x7fc00000-0x7fdfffff] page 2M
02-20 20:08:03.999     0     0 D         : BRK [0x01ebb000, 0x01ebbfff] PGTABLE
02-20 20:08:03.999     0     0 I init_memory_mapping: [mem 0x7c000000-0x7fbfffff]
02-20 20:08:03.999     0     0 D         : [mem 0x7c000000-0x7fbfffff] page 2M
02-20 20:08:03.999     0     0 I init_memory_mapping: [mem 0x00100000-0x7bffffff]
02-20 20:08:03.999     0     0 D         : [mem 0x00100000-0x001fffff] page 4k
02-20 20:08:03.999     0     0 D         : [mem 0x00200000-0x7bffffff] page 2M
02-20 20:08:03.999     0     0 I init_memory_mapping: [mem 0x7fe00000-0x7ffdffff]
02-20 20:08:03.999     0     0 D         : [mem 0x7fe00000-0x7ffdffff] page 4k
02-20 20:08:03.999     0     0 D         : BRK [0x01ebc000, 0x01ebcfff] PGTABLE
02-20 20:08:03.999     0     0 I cma     : CMA: reserved 324 MiB at 6b800000
02-20 20:08:03.999     0     0 I RAMDISK : [mem 0x7fe3c000-0x7ffdffff]
02-20 20:08:03.999     0     0 W ACPI    : RSDP 00000000000f0c60 00014 (v00 BOCHS )
02-20 20:08:03.999     0     0 W ACPI    : RSDT 000000007ffe1a41 00030 (v01 BOCHS  BXPCRSDT 00000001 BXPC 00000001)
02-20 20:08:03.999     0     0 W ACPI    : FACP 000000007ffe1915 00074 (v01 BOCHS  BXPCFACP 00000001 BXPC 00000001)
02-20 20:08:03.999     0     0 W ACPI    : DSDT 000000007ffe0040 018D5 (v01 BOCHS  BXPCDSDT 00000001 BXPC 00000001)
02-20 20:08:03.999     0     0 W ACPI    : FACS 000000007ffe0000 00040
02-20 20:08:03.999     0     0 W ACPI    : APIC 000000007ffe1989 00080 (v01 BOCHS  BXPCAPIC 00000001 BXPC 00000001)
02-20 20:08:03.999     0     0 W ACPI    : HPET 000000007ffe1a09 00038 (v01 BOCHS  BXPCHPET 00000001 BXPC 00000001)
02-20 20:08:03.999     0     0 D ACPI    : Local APIC address 0xfee00000
02-20 20:08:03.999     0     0 D         : [ffffea0000000000-ffffea0001ffffff] PMD -> [ffff880069000000-ffff88006affffff] on node 0
02-20 20:08:03.999     0     0 W Zone ranges:  
02-20 20:08:03.999     0     0 W         : DMA      [mem 0x00001000-0x00ffffff]
02-20 20:08:03.999     0     0 W         : DMA32    [mem 0x01000000-0xffffffff]
02-20 20:08:03.999     0     0 W         : Normal   empty
02-20 20:08:03.999     0     0 W         : Movable zone start for each node
02-20 20:08:03.999     0     0 W         : Early memory node ranges
02-20 20:08:03.999     0     0 W node   0: [mem 0x00001000-0x0009efff]
02-20 20:08:03.999     0     0 W node   0: [mem 0x00100000-0x7ffdffff]
02-20 20:08:03.999     0     0 D         : On node 0 totalpages: 524158
02-20 20:08:03.999     0     0 D DMA zone: 64 pages used for memmap
02-20 20:08:03.999     0     0 D DMA zone: 22 pages reserved
02-20 20:08:03.999     0     0 D DMA zone: 3998 pages, LIFO batch:0
02-20 20:08:03.999     0     0 D DMA32 zone: 8128 pages used for memmap
02-20 20:08:03.999     0     0 D DMA32 zone: 520160 pages, LIFO batch:31
02-20 20:08:03.999     0     0 I ACPI    : PM-Timer IO Port: 0x608
02-20 20:08:03.999     0     0 D ACPI    : Local APIC address 0xfee00000
02-20 20:08:03.999     0     0 I ACPI    : LAPIC (acpi_id[0x00] lapic_id[0x00] enabled)
02-20 20:08:03.999     0     0 I ACPI    : LAPIC (acpi_id[0x01] lapic_id[0x01] enabled)
02-20 20:08:03.999     0     0 I ACPI    : LAPIC_NMI (acpi_id[0xff] dfl dfl lint[0x1])
02-20 20:08:03.999     0     0 I ACPI    : IOAPIC (id[0x00] address[0xfec00000] gsi_base[0])
02-20 20:08:03.999     0     0 I IOAPIC[0]: apic_id 0, version 32, address 0xfec00000, GSI 0-23
02-20 20:08:03.999     0     0 I ACPI    : INT_SRC_OVR (bus 0 bus_irq 0 global_irq 2 dfl dfl)
02-20 20:08:03.999     0     0 I ACPI    : INT_SRC_OVR (bus 0 bus_irq 5 global_irq 5 high level)
02-20 20:08:03.999     0     0 I ACPI    : INT_SRC_OVR (bus 0 bus_irq 9 global_irq 9 high level)
02-20 20:08:03.999     0     0 I ACPI    : INT_SRC_OVR (bus 0 bus_irq 10 global_irq 10 high level)
02-20 20:08:03.999     0     0 I ACPI    : INT_SRC_OVR (bus 0 bus_irq 11 global_irq 11 high level)
02-20 20:08:03.999     0     0 D ACPI    : IRQ0 used by override.
02-20 20:08:03.999     0     0 D ACPI    : IRQ2 used by override.
02-20 20:08:03.999     0     0 D ACPI    : IRQ5 used by override.
02-20 20:08:03.999     0     0 D ACPI    : IRQ9 used by override.
02-20 20:08:03.999     0     0 D ACPI    : IRQ10 used by override.
02-20 20:08:03.999     0     0 D ACPI    : IRQ11 used by override.
02-20 20:08:03.999     0     0 I         : Using ACPI (MADT) for SMP configuration information
02-20 20:08:03.999     0     0 I ACPI    : HPET id: 0x8086a201 base: 0xfed00000
02-20 20:08:03.999     0     0 I smpboot : Allowing 2 CPUs, 0 hotplug CPUs
02-20 20:08:03.999     0     0 D nr_irqs_gsi: 40
02-20 20:08:03.999     0     0 I e820    : [mem 0x80000000-0xff017fff] available for PCI devices
02-20 20:08:03.999     0     0 I         : Booting paravirtualized kernel on bare hardware
02-20 20:08:03.999     0     0 I setup_percpu: NR_CPUS:4096 nr_cpumask_bits:2 nr_cpu_ids:2 nr_node_ids:1
02-20 20:08:03.999     0     0 I PERCPU  : Embedded 24 pages/cpu @ffff88007fc00000 s74624 r0 d23680 u1048576
02-20 20:08:03.999     0     0 D pcpu-alloc: s74624 r0 d23680 u1048576 alloc=1*2097152
02-20 20:08:03.999     0     0 D pcpu-alloc: [0] 0 1
02-20 20:08:03.999     0     0 W         : Built 1 zonelists in Zone order, mobility grouping on.  Total pages: 515944
02-20 20:08:03.999     0     0 I         : Kernel command line: qemu=1 no_timer_check androidboot.hardware=ranchu clocksource=pit no-kvmclock android.qemud=1 console=0 android.checkjni=1 qemu.gles=1 qemu.encrypt=1 qemu.opengles.version=196608 cma=322M@0-4G qemu.wifi=1 mac80211_hwsim.channels=2 androidboot.android_dt_dir=/sys/bus/platform/devices/ANDR0001:00/properties/android/ ramoops.mem_address=0xff018000 ramoops.mem_size=0x10000 memmap=0x10000$0xff018000
02-20 20:08:03.999     0     0 I         : PID hash table entries: 4096 (order: 3, 32768 bytes)
02-20 20:08:03.999     0     0 I         : Dentry cache hash table entries: 262144 (order: 9, 2097152 bytes)
02-20 20:08:03.999     0     0 I         : Inode-cache hash table entries: 131072 (order: 8, 1048576 bytes)
02-20 20:08:03.999     0     0 I xsave   : enabled xstate_bv 0x7, cntxt size 0x340
02-20 20:08:03.999     0     0 I         : Checking aperture...
02-20 20:08:03.999     0     0 I         : No AGP bridge found
02-20 20:08:03.999     0     0 I Memory  : 1711860k/2097024k available (6153k kernel code, 392k absent, 384772k reserved, 7066k data, 1008k init)
02-20 20:08:03.999     0     0 I SLUB    : HWalign=64, Order=0-3, MinObjects=0, CPUs=2, Nodes=1
02-20 20:08:03.999     0     0 I         : Preemptible hierarchical RCU implementation.
02-20 20:08:03.999     0     0 I         : CONFIG_RCU_FANOUT set to non-default value of 32
02-20 20:08:03.999     0     0 I         : RCU restricting CPUs from NR_CPUS=4096 to nr_cpu_ids=2.
02-20 20:08:03.999     0     0 I NR_IRQS : 262400 nr_irqs:512 16
02-20 20:08:03.999     0     0 I Console : colour dummy device 80x25
02-20 20:08:03.999     0     0 I         : console [ttyS0] enabled
02-20 20:08:03.999     0     0 D         : hpet clockevent registered
02-20 20:08:03.999     0     0 E tsc     : Fast TSC calibration failed
02-20 20:08:03.999     0     0 W tsc     : Unable to calibrate against PIT
02-20 20:08:03.999     0     0 I tsc     : using HPET reference calibration
02-20 20:08:03.999     0     0 I tsc     : Detected 2903.910 MHz processor
02-20 20:08:04.050     0     0 I         : Calibrating delay loop (skipped), value calculated using timer frequency.. 5807.82 BogoMIPS (lpj=29039100)
02-20 20:08:04.051     0     0 I pid_max : default: 32768 minimum: 301
02-20 20:08:04.051     0     0 I         : Security Framework initialized
02-20 20:08:04.051     0     0 I SELinux : Initializing.
02-20 20:08:04.052     0     0 D SELinux : Starting in permissive mode
02-20 20:08:04.052     0     0 I         : Mount-cache hash table entries: 256
02-20 20:08:04.052     0     0 I         : Initializing cgroup subsys debug
02-20 20:08:04.053     0     0 I         : Initializing cgroup subsys freezer
02-20 20:08:04.053     0     0 I         : CPU: Physical Processor ID: 0
02-20 20:08:04.054     0     0 I         : CPU: Processor Core ID: 0
02-20 20:08:04.055     0     0 I         : Last level iTLB entries: 4KB 0, 2MB 0, 4MB 0
02-20 20:08:04.055     0     0 I         : Last level dTLB entries: 4KB 64, 2MB 0, 4MB 0
02-20 20:08:04.055     0     0 I tlb_flushall_shift: 6
02-20 20:08:04.057     0     0 I         : Freeing SMP alternatives: 24k freed
02-20 20:08:04.067     0     0 I ACPI    : Core revision 20130328
02-20 20:08:04.068     0     0 W ACPI    : All ACPI Tables successfully acquired
02-20 20:08:04.073     0     0 I ..TIMER : vector=0x30 apic1=0 pin1=2 apic2=-1 pin2=-1
02-20 20:08:04.073     0     0 I smpboot : CPU0: Intel(R) Core(TM) i7-7820HQ CPU @ 2.90GHz (fam: 06, model: 9e, stepping: 09)
02-20 20:08:04.079     0     0 I Performance Events: unsupported p6 CPU model 158 no PMU driver, software events only.
02-20 20:08:04.130     0     0 I smpboot : Booting Node   0, Processors  #1 OK
02-20 20:08:04.143     0     0 I         : Brought up 2 CPUs
02-20 20:08:04.143     0     0 I smpboot : Total of 2 processors activated (11615.64 BogoMIPS)
02-20 20:08:04.145     0     0 I         : x86 PAT enabled: cpu 1, old 0x0, new 0x7010600070106
02-20 20:08:04.146     0     0 I         : x86 PAT enabled: cpu 0, old 0x0, new 0x7010600070106
02-20 20:08:04.151     0     0 I NET     : Registered protocol family 16
02-20 20:08:04.151     0     0 I ACPI    : bus type PCI registered
02-20 20:08:04.151     0     0 I PCI     : Using configuration type 1 for base access
02-20 20:08:04.230     0     0 I bio     : create slab <bio-0> at 0
02-20 20:08:04.230     0     0 I ACPI    : Added _OSI(Module Device)
02-20 20:08:04.230     0     0 I ACPI    : Added _OSI(Processor Device)
02-20 20:08:04.230     0     0 I ACPI    : Added _OSI(3.0 _SCP Extensions)
02-20 20:08:04.230     0     0 I ACPI    : Added _OSI(Processor Aggregator Device)
02-20 20:08:04.231     0     0 D ACPI    : EC: Look up EC in DSDT
02-20 20:08:04.234     0     0 I ACPI    : Interpreter enabled
02-20 20:08:04.234     0     0 W ACPI Exception: AE_NOT_FOUND, While evaluating Sleep State [\_S1_] (20130328/hwxface-568)
02-20 20:08:04.235     0     0 W ACPI Exception: AE_NOT_FOUND, While evaluating Sleep State [\_S2_] (20130328/hwxface-568)
02-20 20:08:04.236     0     0 I ACPI    : (supports S0 S3 S5)
02-20 20:08:04.237     0     0 I ACPI    : Using IOAPIC for interrupt routing
02-20 20:08:04.240     0     0 I PCI     : Using host bridge windows from ACPI; if necessary, use "pci=nocrs" and report a bug
02-20 20:08:04.260     0     0 I ACPI    : PCI Root Bridge [PCI0] (domain 0000 [bus 00-ff])
02-20 20:08:04.260     0     0 W acpi PNP0A03: 00: fail to add MMCONFIG information, can't access extended PCI configuration space under this bridge.
02-20 20:08:04.261     0     0 I         : PCI host bridge to bus 0000:00
02-20 20:08:04.261     0     0 I pci_bus 0000: 00: root bus resource [bus 00-ff]
02-20 20:08:04.261     0     0 I pci_bus 0000: 00: root bus resource [io  0x0000-0x0cf7]
02-20 20:08:04.261     0     0 I pci_bus 0000: 00: root bus resource [io  0x0d00-0xffff]
02-20 20:08:04.261     0     0 I pci_bus 0000: 00: root bus resource [mem 0x000a0000-0x000bffff]
02-20 20:08:04.262     0     0 I pci_bus 0000: 00: root bus resource [mem 0x80000000-0xfebfffff]
02-20 20:08:04.262  8086  8086 D pci 0000: 00:00.0: [8086:1237] type 00 class 0x060000
02-20 20:08:04.262  8086  8086 D pci 0000: 00:01.0: [8086:7000] type 00 class 0x060100
02-20 20:08:04.262  8086  8086 D pci 0000: 00:01.1: [8086:7010] type 00 class 0x010180
02-20 20:08:04.266     0     0 D pci 0000: 00:01.1: reg 20: [io  0xc180-0xc18f]
02-20 20:08:04.280  8086  8086 D pci 0000: 00:01.3: [8086:7113] type 00 class 0x068000
02-20 20:08:04.280     0     0 I pci 0000: 00:01.3: quirk: [io  0x0600-0x063f] claimed by PIIX4 ACPI
02-20 20:08:04.281     0     0 I pci 0000: 00:01.3: quirk: [io  0x0700-0x070f] claimed by PIIX4 SMB
02-20 20:08:04.281  8086  8086 D pci 0000: 00:02.0: [8086:2668] type 00 class 0x040300
02-20 20:08:04.281     0     0 D pci 0000: 00:02.0: reg 10: [mem 0xfebc0000-0xfebc3fff]
02-20 20:08:04.291     0     0 D pci 0000: 00:03.0: [1af4:1001] type 00 class 0x010000
02-20 20:08:04.296     0     0 D pci 0000: 00:03.0: reg 10: [io  0xc000-0xc03f]
02-20 20:08:04.304     0     0 D pci 0000: 00:03.0: reg 14: [mem 0xfebc4000-0xfebc4fff]
02-20 20:08:04.309     0     0 D pci 0000: 00:03.0: reg 18: [io  0xc190-0xc193]
02-20 20:08:04.328     0     0 D pci 0000: 00:03.0: reg 20: [mem 0xfebe4000-0xfebe7fff 64bit pref]
02-20 20:08:04.343     0     0 D pci 0000: 00:04.0: [1af4:1001] type 00 class 0x010000
02-20 20:08:04.346     0     0 D pci 0000: 00:04.0: reg 10: [io  0xc040-0xc07f]
02-20 20:08:04.363     0     0 D pci 0000: 00:04.0: reg 14: [mem 0xfebc5000-0xfebc5fff]
02-20 20:08:04.369     0     0 D pci 0000: 00:04.0: reg 18: [io  0xc194-0xc197]
02-20 20:08:04.389     0     0 D pci 0000: 00:04.0: reg 20: [mem 0xfebe8000-0xfebebfff 64bit pref]
02-20 20:08:04.410     0     0 D pci 0000: 00:05.0: [1af4:1001] type 00 class 0x010000
02-20 20:08:04.416     0     0 D pci 0000: 00:05.0: reg 10: [io  0xc080-0xc0bf]
02-20 20:08:04.428     0     0 D pci 0000: 00:05.0: reg 14: [mem 0xfebc6000-0xfebc6fff]
02-20 20:08:04.428     0     0 D pci 0000: 00:05.0: reg 18: [io  0xc198-0xc19b]
02-20 20:08:04.447     0     0 D pci 0000: 00:05.0: reg 20: [mem 0xfebec000-0xfebeffff 64bit pref]
02-20 20:08:04.460     0     0 D pci 0000: 00:06.0: [1af4:1001] type 00 class 0x010000
02-20 20:08:04.460     0     0 D pci 0000: 00:06.0: reg 10: [io  0xc0c0-0xc0ff]
02-20 20:08:04.465     0     0 D pci 0000: 00:06.0: reg 14: [mem 0xfebc7000-0xfebc7fff]
02-20 20:08:04.475     0     0 D pci 0000: 00:06.0: reg 18: [io  0xc19c-0xc19f]
02-20 20:08:04.492     0     0 D pci 0000: 00:06.0: reg 20: [mem 0xfebf0000-0xfebf3fff 64bit pref]
02-20 20:08:04.500     0     0 D pci 0000: 00:07.0: [1af4:1001] type 00 class 0x010000
02-20 20:08:04.512     0     0 D pci 0000: 00:07.0: reg 10: [io  0xc100-0xc13f]
02-20 20:08:04.518     0     0 D pci 0000: 00:07.0: reg 14: [mem 0xfebc8000-0xfebc8fff]
02-20 20:08:04.522     0     0 D pci 0000: 00:07.0: reg 18: [io  0xc1a0-0xc1a3]
02-20 20:08:04.542     0     0 D pci 0000: 00:07.0: reg 20: [mem 0xfebf4000-0xfebf7fff 64bit pref]
02-20 20:08:04.550     0     0 D pci 0000: 00:08.0: [1af4:1000] type 00 class 0x020000
02-20 20:08:04.554     0     0 D pci 0000: 00:08.0: reg 10: [io  0xc140-0xc15f]
02-20 20:08:04.559     0     0 D pci 0000: 00:08.0: reg 14: [mem 0xfebc9000-0xfebc9fff]
02-20 20:08:04.581     0     0 D pci 0000: 00:08.0: reg 20: [mem 0xfebf8000-0xfebfbfff 64bit pref]
02-20 20:08:04.585     0     0 D pci 0000: 00:08.0: reg 30: [mem 0xfeb80000-0xfebbffff pref]
02-20 20:08:04.590     0     0 D pci 0000: 00:09.0: [1af4:1005] type 00 class 0x00ff00
02-20 20:08:04.593     0     0 D pci 0000: 00:09.0: reg 10: [io  0xc160-0xc17f]
02-20 20:08:04.605     0     0 D pci 0000: 00:09.0: reg 20: [mem 0xfebfc000-0xfebfffff 64bit pref]
02-20 20:08:04.610     0     0 D pci_bus 0000: 00: on NUMA node 0
02-20 20:08:04.610     0     0 I acpi PNP0A03: 00: Unable to request _OSC control (_OSC support mask: 0x08)
02-20 20:08:04.611     0     0 I ACPI    : PCI Interrupt Link [LNKA] (IRQs 5 *10 11)
02-20 20:08:04.611     0     0 I ACPI    : PCI Interrupt Link [LNKB] (IRQs 5 *10 11)
02-20 20:08:04.612     0     0 I ACPI    : PCI Interrupt Link [LNKC] (IRQs 5 10 *11)
02-20 20:08:04.612     0     0 I ACPI    : PCI Interrupt Link [LNKD] (IRQs 5 10 *11)
02-20 20:08:04.613     0     0 I ACPI    : PCI Interrupt Link [LNKS] (IRQs *9)
02-20 20:08:04.620     0     0 W ACPI    : Enabled 2 GPEs in block 00 to 0F
02-20 20:08:04.620     0     0 D acpi root: \_SB_.PCI0 notify handler is installed
02-20 20:08:04.620     0     0 D         : Found 1 acpi root devices
02-20 20:08:04.620     0     0 I vgaarb  : loaded
02-20 20:08:04.620     0     0 I         : SCSI subsystem initialized
02-20 20:08:04.620     0     0 I ACPI    : bus type ATA registered
02-20 20:08:04.620     0     0 D         : libata version 3.00 loaded.
02-20 20:08:04.630     0     0 I ACPI    : bus type USB registered
02-20 20:08:04.630     0     0 I usbcore : registered new interface driver usbfs
02-20 20:08:04.630     0     0 I usbcore : registered new interface driver hub
02-20 20:08:04.630     0     0 I usbcore : registered new device driver usb
02-20 20:08:04.630     0     0 I pps_core: LinuxPPS API ver. 1 registered
02-20 20:08:04.630     0     0 I pps_core: Software ver. 5.3.6 - Copyright 2005-2007 Rodolfo Giometti <giometti@linux.it>
02-20 20:08:04.631     0     0 I         : PTP clock support registered
02-20 20:08:04.631     0     0 I         : Advanced Linux Sound Architecture Driver Initialized.
02-20 20:08:04.631     0     0 I PCI     : Using ACPI for IRQ routing
02-20 20:08:04.631     0     0 D PCI     : pci_cache_line_size set to 64 bytes
02-20 20:08:04.631     0     0 D e820    : reserve RAM buffer [mem 0x0009fc00-0x0009ffff]
02-20 20:08:04.631     0     0 D e820    : reserve RAM buffer [mem 0x7ffe0000-0x7fffffff]
02-20 20:08:04.631     0     0 I NetLabel: Initializing
02-20 20:08:04.631     0     0 I NetLabel: domain hash size = 128
02-20 20:08:04.631     0     0 I NetLabel: protocols = UNLABELED CIPSOv4
02-20 20:08:04.631     0     0 I NetLabel: unlabeled traffic allowed by default
02-20 20:08:04.632     0     0 I         : Switching to clocksource hpet
02-20 20:08:04.640     0     0 I cfg80211: Calling CRDA to update world regulatory domain
02-20 20:08:04.649     0     0 I pnp     : PnP ACPI init
02-20 20:08:04.650     0     0 I ACPI    : bus type PNP registered
02-20 20:08:04.651     0     0 D pnp 00  : 00: Plug and Play ACPI device, IDs PNP0b00 (active)
02-20 20:08:04.652     0     0 D pnp 00  : 01: Plug and Play ACPI device, IDs PNP0303 (active)
02-20 20:08:04.652     0     0 D pnp 00  : 02: Plug and Play ACPI device, IDs PNP0f13 (active)
02-20 20:08:04.652     0     0 D pnp 00  : 03: [dma 2]
02-20 20:08:04.653     0     0 D pnp 00  : 03: Plug and Play ACPI device, IDs PNP0700 (active)
02-20 20:08:04.653     0     0 D pnp 00  : 04: Plug and Play ACPI device, IDs PNP0501 (active)
02-20 20:08:04.654     0     0 D pnp 00  : 05: Plug and Play ACPI device, IDs PNP0a06 (active)
02-20 20:08:04.654     0     0 D pnp 00  : 06: Plug and Play ACPI device, IDs PNP0a06 (active)
02-20 20:08:04.655     0     0 D pnp 00  : 07: Plug and Play ACPI device, IDs PNP0a06 (active)
02-20 20:08:04.655     0     0 D pnp 00  : 08: Plug and Play ACPI device, IDs PNP0103 (active)
02-20 20:08:04.655     0     0 I pnp     : PnP ACPI: found 9 devices
02-20 20:08:04.655     0     0 I ACPI    : bus type PNP unregistered
02-20 20:08:04.689     0     0 D pci_bus 0000: 00: resource 4 [io  0x0000-0x0cf7]
02-20 20:08:04.689     0     0 D pci_bus 0000: 00: resource 5 [io  0x0d00-0xffff]
02-20 20:08:04.689     0     0 D pci_bus 0000: 00: resource 6 [mem 0x000a0000-0x000bffff]
02-20 20:08:04.689     0     0 D pci_bus 0000: 00: resource 7 [mem 0x80000000-0xfebfffff]
02-20 20:08:04.689     0     0 I NET     : Registered protocol family 2
02-20 20:08:04.689     0     0 I         : TCP established hash table entries: 16384 (order: 6, 262144 bytes)
02-20 20:08:04.691     0     0 I         : TCP bind hash table entries: 16384 (order: 6, 262144 bytes)
02-20 20:08:04.692     0     0 I TCP     : Hash tables configured (established 16384 bind 16384)
02-20 20:08:04.693     0     0 I TCP     : reno registered
02-20 20:08:04.693     0     0 I         : UDP hash table entries: 1024 (order: 3, 32768 bytes)
02-20 20:08:04.694     0     0 I         : UDP-Lite hash table entries: 1024 (order: 3, 32768 bytes)
02-20 20:08:04.695     0     0 I NET     : Registered protocol family 1
02-20 20:08:04.695     0     0 I pci 0000: 00:00.0: Limiting direct PCI/PCI transfers
02-20 20:08:04.696     0     0 I pci 0000: 00:01.0: PIIX3: Enabling Passive Release
02-20 20:08:04.696     0     0 I pci 0000: 00:01.0: Activating ISA DMA hang workarounds
02-20 20:08:04.697     0     0 D PCI     : CLS 0 bytes, default 64
02-20 20:08:04.697     0     0 I         : Trying to unpack rootfs image as initramfs...
02-20 20:08:04.733     0     0 I         : Freeing initrd memory: 1680k freed
--------- beginning of events
02-20 20:08:04.740  1257  1257 I auditd  : type=2000 audit(0.0:1): initialized
--------- beginning of main
02-20 20:08:04.740  1257  1257 W auditd  : type=2000 audit(0.0:1): initialized
02-20 20:08:04.741     0     0 I audit   : initializing netlink socket (disabled)
02-20 20:08:04.744     0     0 I         : HugeTLB registered 2 MB page size, pre-allocated 0 pages
02-20 20:08:04.767     0     0 I VFS     : Disk quotas dquot_6.5.2
02-20 20:08:04.768     0     0 W         : Dquot-cache hash table entries: 512 (order 0, 4096 bytes)
02-20 20:08:04.775     0     0 I         : fuse init (API version 7.22)
02-20 20:08:04.776     0     0 I         : msgmni has been set to 3994
02-20 20:08:04.777     0     0 D SELinux : Registering netfilter hooks
02-20 20:08:04.784     0     0 I         : Block layer SCSI generic (bsg) driver version 0.4 loaded (major 251)
02-20 20:08:04.785     0     0 I         : io scheduler noop registered
02-20 20:08:04.785     0     0 I         : io scheduler deadline registered
02-20 20:08:04.786     0     0 I         : io scheduler cfq registered (default)
02-20 20:08:04.787     0     0 I pci_hotplug: PCI Hot Plug PCI Core version: 0.5
02-20 20:08:04.802     0     0 I input   : Power Button as /devices/LNXSYSTM:00/LNXPWRBN:00/input/input0
02-20 20:08:04.802     0     0 I ACPI    : Power Button [PWRF]
02-20 20:08:04.835     0     0 W ACPI    : PCI Interrupt Link [LNKC] enabled at IRQ 11
02-20 20:08:04.835     0     0 D virtio-pci 0000: 00:03.0: setting latency timer to 64
02-20 20:08:04.862     0     0 W ACPI    : PCI Interrupt Link [LNKD] enabled at IRQ 10
02-20 20:08:04.863     0     0 D virtio-pci 0000: 00:04.0: setting latency timer to 64
02-20 20:08:04.894     0     0 W ACPI    : PCI Interrupt Link [LNKA] enabled at IRQ 10
02-20 20:08:04.894     0     0 D virtio-pci 0000: 00:05.0: setting latency timer to 64
02-20 20:08:04.929     0     0 W ACPI    : PCI Interrupt Link [LNKB] enabled at IRQ 11
02-20 20:08:04.930     0     0 D virtio-pci 0000: 00:06.0: setting latency timer to 64
02-20 20:08:04.963     0     0 D virtio-pci 0000: 00:07.0: setting latency timer to 64
02-20 20:08:05.000     0     0 D virtio-pci 0000: 00:08.0: setting latency timer to 64
02-20 20:08:05.037     0     0 D virtio-pci 0000: 00:09.0: setting latency timer to 64
02-20 20:08:05.039     0     0 I Serial  : 8250/16550 driver, 4 ports, IRQ sharing disabled
02-20 20:08:05.062     0     0 I         : 00:04: ttyS0 at I/O 0x3f8 (irq = 4) is a 16550A
02-20 20:08:05.069     0     0 I         : Non-volatile memory driver v1.3
02-20 20:08:05.070     0     0 I         : Linux agpgart interface v0.103
02-20 20:08:05.072     0     0 I         : [drm] Initialized drm 1.1.0 20060810
02-20 20:08:05.090     0     0 I brd     : module loaded
02-20 20:08:05.100     0     0 I loop    : module loaded
02-20 20:08:05.103     0     0 I vda     : unknown partition table
02-20 20:08:05.106     0     0 I vdb     : unknown partition table
02-20 20:08:05.108     0     0 I vdc     : unknown partition table
02-20 20:08:05.111     0     0 I vdd     : unknown partition table
02-20 20:08:05.112     0     0 I vde     :  
02-20 20:08:05.114     0     0 I         : Loading iSCSI transport class v2.0-870.
02-20 20:08:05.121     0     0 D ata_piix 0000: 00:01.1: version 2.13
02-20 20:08:05.122     0     0 D ata_piix 0000: 00:01.1: setting latency timer to 64
02-20 20:08:05.127     0     0 I scsi0   : ata_piix
02-20 20:08:05.128     0     0 I scsi1   : ata_piix
02-20 20:08:05.129     0     0 I ata1    : PATA max MWDMA2 cmd 0x1f0 ctl 0x3f6 bmdma 0xc180 irq 14
02-20 20:08:05.130     0     0 I ata2    : PATA max MWDMA2 cmd 0x170 ctl 0x376 bmdma 0xc188 irq 15
02-20 20:08:05.131     0     0 I tun     : Universal TUN/TAP device driver, 1.6
02-20 20:08:05.132     0     0 I tun     : (C) 1999-2004 Max Krasnyansky <maxk@qualcomm.com>
02-20 20:08:05.137     0     0 I e100    : Intel(R) PRO/100 Network Driver, 3.5.24-k2-NAPI
02-20 20:08:05.137     0     0 I e100    : Copyright(c) 1999-2006 Intel Corporation
02-20 20:08:05.138     0     0 I e1000   : Intel(R) PRO/1000 Network Driver - version 7.3.21-k8-NAPI
02-20 20:08:05.139     0     0 I e1000   : Copyright (c) 1999-2006 Intel Corporation.
02-20 20:08:05.140     0     0 I e1000e  : Intel(R) PRO/1000 Network Driver - 2.3.2-k
02-20 20:08:05.141     0     0 I e1000e  : Copyright(c) 1999 - 2013 Intel Corporation.
02-20 20:08:05.142     0     0 I sky2    : driver version 1.30
02-20 20:08:05.144     0     0 I         : PPP generic driver version 2.4.2
02-20 20:08:05.146     0     0 I         : PPP BSD Compression module registered
02-20 20:08:05.146     0     0 I         : PPP Deflate Compression module registered
02-20 20:08:05.147     0     0 I         : PPP MPPE Compression module registered
02-20 20:08:05.147     0     0 I NET     : Registered protocol family 24
02-20 20:08:05.149     0     0 D mac80211_hwsim: Initializing radio 0
02-20 20:08:05.150     0     0 D ieee80211 phy0: Selected rate control algorithm 'minstrel_ht'
02-20 20:08:05.154     0     0 D ieee80211 phy0: hwaddr 020000000000 registered
02-20 20:08:05.154     0     0 D mac80211_hwsim: Initializing radio 1
02-20 20:08:05.155     0     0 D ieee80211 phy1: Selected rate control algorithm 'minstrel_ht'
02-20 20:08:05.158     0     0 D ieee80211 phy1: hwaddr 020000000100 registered
02-20 20:08:05.161     0     0 I ehci_hcd: USB 2.0 'Enhanced' Host Controller (EHCI) Driver
02-20 20:08:05.162     0     0 D ehci_hcd: block sizes: qh 112 qtd 96 itd 192 sitd 96
02-20 20:08:05.162     0     0 I ehci-pci: EHCI PCI platform driver
02-20 20:08:05.162     0     0 I ohci_hcd: USB 1.1 'Open' Host Controller (OHCI) Driver
02-20 20:08:05.163     0     0 D ohci_hcd: block sizes: ed 80 td 96
02-20 20:08:05.163     0     0 I uhci_hcd: USB Universal Host Controller Interface driver
02-20 20:08:05.165     0     0 I usbcore : registered new interface driver usblp
02-20 20:08:05.166     0     0 I usbcore : registered new interface driver usb-storage
02-20 20:08:05.167     0     0 I mousedev: PS/2 mouse device common for all mice
02-20 20:08:05.169     0     0 I input   : qwerty2 as /devices/platform/GFSH0002:00/input/input1
02-20 20:08:05.171     0     0 I rtc_cmos 00: 00: RTC can wake from S4
02-20 20:08:05.172     0     0 I rtc_cmos 00: 00: rtc core: registered rtc_cmos as rtc0
02-20 20:08:05.173     0     0 I rtc_cmos 00: 00: alarms up to one day, y3k, 114 bytes nvram, hpet irqs
02-20 20:08:05.175     0     0 I goldfish_rtc GFSH0007: 00: rtc core: registered GFSH0007:00 as rtc1
02-20 20:08:05.178     0     0 I device-mapper: uevent: version 1.0.3
02-20 20:08:05.180     0     0 I device-mapper: ioctl: 4.24.0-ioctl (2013-01-15) initialised: dm-devel@redhat.com
02-20 20:08:05.181     0     0 I cpuidle : using governor ladder
02-20 20:08:05.182     0     0 I cpuidle : using governor menu
02-20 20:08:05.183     0     0 I hidraw  : raw HID events driver (C) Jiri Kosina
02-20 20:08:05.193     0     0 I usbcore : registered new interface driver usbhid
02-20 20:08:05.193     0     0 I usbhid  : USB HID core driver
02-20 20:08:05.194     0     0 I ashmem  : initialized
02-20 20:08:05.198     0     0 I goldfish_sync: Initialized goldfish sync device
02-20 20:08:05.232     0     0 D snd_hda_intel 0000: 00:02.0: setting latency timer to 64
02-20 20:08:05.252     0     0 I         : u32 classifier
02-20 20:08:05.252     0     0 I         : Actions configured
02-20 20:08:05.252     0     0 I         : Netfilter messages via NETLINK v0.30.
02-20 20:08:05.253     0     0 I         : nf_conntrack version 0.5.0 (16384 buckets, 65536 max)
02-20 20:08:05.254     0     0 I ctnetlink v0.93: registering with nfnetlink.
02-20 20:08:05.254     0     0 I NF_TPROXY: Transparent proxy support initialized, version 4.1.0
02-20 20:08:05.255     0     0 I NF_TPROXY: Copyright (c) 2006-2007 BalaBit IT Ltd.
02-20 20:08:05.256     0     0 I xt_time : kernel timezone is -0000
02-20 20:08:05.257     0     0 I ip_tables: (C) 2000-2006 Netfilter Core Team
02-20 20:08:05.257     0     0 I arp_tables: (C) 2002 David S. Miller
02-20 20:08:05.258     0     0 I TCP     : cubic registered
02-20 20:08:05.258     0     0 I         : Initializing XFRM netlink socket
02-20 20:08:05.261     0     0 I NET     : Registered protocol family 10
02-20 20:08:05.262     0     0 I mip6    : Mobile IPv6
02-20 20:08:05.262     0     0 I ip6_tables: (C) 2000-2006 Netfilter Core Team
02-20 20:08:05.262     0     0 I sit     : IPv6 over IPv4 tunneling driver
02-20 20:08:05.264     0     0 I NET     : Registered protocol family 17
02-20 20:08:05.265     0     0 I NET     : Registered protocol family 15
02-20 20:08:05.267     0     0 I         : registered taskstats version 1
02-20 20:08:05.268     0     0 I         : console [netcon0] enabled
02-20 20:08:05.269     0     0 I netconsole: network logging started
02-20 20:08:05.270     0     0 E init    : failed to probe driver -19
02-20 20:08:05.271     0     0 I         : ALSA device list:
02-20 20:08:05.272     0     0 I         : #0: HDA Intel at 0xfebc0000 irq 11
02-20 20:08:05.292     0     0 I         : Freeing unused kernel memory: 1008k freed
02-20 20:08:05.293     0     0 I         : Write protecting the kernel read-only data: 12288k
02-20 20:08:05.296     0     0 I         : Freeing unused kernel memory: 2028k freed
02-20 20:08:05.299     0     0 I         : Freeing unused kernel memory: 1716k freed
02-20 20:08:05.301     0     0 I init    : init first stage started!
02-20 20:08:05.302     0     0 D SELinux : 2048 avtab hash slots, 6825 rules.
02-20 20:08:05.303     0     0 D SELinux : 2048 avtab hash slots, 6825 rules.
02-20 20:08:05.303     0     0 D SELinux : 1 users, 2 roles, 668 types, 0 bools, 1 sens, 1024 cats
02-20 20:08:05.303     0     0 D SELinux : 63 classes, 6825 rules
02-20 20:08:05.304     0     0 D SELinux : Completing initialization.
02-20 20:08:05.304     0     0 D SELinux : Setting up existing superblocks.
02-20 20:08:05.304     0     0 D SELinux : initialized (dev sysfs, type sysfs), uses genfs_contexts
02-20 20:08:05.304     0     0 D SELinux : initialized (dev rootfs, type rootfs), uses genfs_contexts
02-20 20:08:05.304     0     0 D SELinux : initialized (dev bdev, type bdev), not configured for labeling
02-20 20:08:05.304     0     0 D SELinux : initialized (dev proc, type proc), uses genfs_contexts
02-20 20:08:05.304     0     0 D SELinux : initialized (dev tmpfs, type tmpfs), uses transition SIDs
02-20 20:08:05.304     0     0 D SELinux : initialized (dev sockfs, type sockfs), uses task SIDs
02-20 20:08:05.304     0     0 D SELinux : initialized (dev debugfs, type debugfs), uses genfs_contexts
02-20 20:08:05.308     0     0 D SELinux : initialized (dev pipefs, type pipefs), uses task SIDs
02-20 20:08:05.308     0     0 D SELinux : initialized (dev anon_inodefs, type anon_inodefs), not configured for labeling
02-20 20:08:05.308     0     0 D SELinux : initialized (dev devpts, type devpts), uses transition SIDs
02-20 20:08:05.308     0     0 D SELinux : initialized (dev hugetlbfs, type hugetlbfs), not configured for labeling
02-20 20:08:05.308     0     0 D SELinux : initialized (dev mqueue, type mqueue), uses transition SIDs
02-20 20:08:05.308     0     0 D SELinux : initialized (dev selinuxfs, type selinuxfs), uses genfs_contexts
02-20 20:08:05.308     0     0 D SELinux : initialized (dev configfs, type configfs), uses genfs_contexts
02-20 20:08:05.308     0     0 D SELinux : initialized (dev tmpfs, type tmpfs), uses transition SIDs
02-20 20:08:05.308     0     0 D SELinux : initialized (dev sysfs, type sysfs), uses genfs_contexts
02-20 20:08:05.350  1257  1257 I auditd  : type=1403 audit(0.0:2): policy loaded auid=4294967295 ses=4294967295
02-20 20:08:05.350  1257  1257 I auditd  : type=1403 audit(0.0:2): policy loaded auid=4294967295 ses=4294967295
02-20 20:08:05.350  1257  1257 I auditd  : type=1404 audit(0.0:3): enforcing=1 old_enforcing=0 auid=4294967295 ses=4294967295
02-20 20:08:05.350  1257  1257 W auditd  : type=1404 audit(0.0:3): enforcing=1 old_enforcing=0 auid=4294967295 ses=4294967295
02-20 20:08:05.411     0     0 I init    : (Initializing SELinux enforcing took 0.11s.)
02-20 20:08:05.413     0     0 I init    : init second stage started!
02-20 20:08:05.414     0     0 E init    : property_set("ro.kernel.mac80211_hwsim.channels", "2") failed
02-20 20:08:05.415     0     0 E init    : property_set("ro.kernel.androidboot.android_dt_dir", "/sys/bus/platform/devices/ANDR0001:00/properties/android/") failed
02-20 20:08:05.416     0     0 I init    : Running restorecon...
02-20 20:08:05.424     0     0 E init    : waitpid failed: No child processes
02-20 20:08:05.425     0     0 I init    : (Loading properties from /default.prop took 0.00s.)
02-20 20:08:05.426     0     0 I init    : (Parsing /init.environ.rc took 0.00s.)
02-20 20:08:05.427     0     0 I init    : (Parsing /init.usb.rc took 0.00s.)
02-20 20:08:05.428     0     0 I init    : (Parsing init.ranchu-encrypt.rc took 0.00s.)
02-20 20:08:05.428     0     0 I init    : (Parsing /init.ranchu.rc took 0.00s.)
02-20 20:08:05.429     0     0 I init    : (Parsing /init.usb.configfs.rc took 0.00s.)
02-20 20:08:05.431     0     0 I init    : (Parsing /init.zygote64_32.rc took 0.00s.)
02-20 20:08:05.431     0     0 I init    : (Parsing /init.rc took 0.01s.)
02-20 20:08:05.433     0     0 I init    : Starting service 'ueventd'...
02-20 20:08:05.434     0     0 I init    : Waiting for /dev/.coldboot_done...
02-20 20:08:05.435     0     0 I ueventd : ueventd started!
02-20 20:08:05.615     0     0 I ueventd : Coldboot took 0.18s.
02-20 20:08:05.622     0     0 I init    : Waiting for /dev/.coldboot_done took 0.19s.
02-20 20:08:05.622     0     0 E init    : /dev/hw_random not found
02-20 20:08:05.623     0     0 E init    : could not open /dev/keychord: No such file or directory
02-20 20:08:05.624     0     0 D SELinux : initialized (dev cgroup, type cgroup), uses genfs_contexts
02-20 20:08:05.625     0     0 D SELinux : initialized (dev tmpfs, type tmpfs), uses transition SIDs
02-20 20:08:05.626     0     0 I init    : write_file: Unable to open '/proc/sys/kernel/hung_task_timeout_secs': No such file or directory
02-20 20:08:05.626     0     0 I init    : write_file: Unable to open '/proc/cpu/alignment': No such file or directory
02-20 20:08:05.628     0     0 D SELinux : initialized (dev cgroup, type cgroup), uses genfs_contexts
02-20 20:08:05.629     0     0 I init    : write_file: Unable to open '/proc/sys/abi/swp': No such file or directory
02-20 20:08:05.631     0     0 E init    : /dev/hw_random not found
02-20 20:08:05.638     0     0 I EXT4-fs (vda): mounted filesystem with ordered data mode. Opts: (null)
02-20 20:08:05.639     0     0 D SELinux : initialized (dev vda, type ext4), uses xattr
02-20 20:08:05.639     0     0 I fs_mgr  : __mount(source=/dev/block/vda,target=/system,type=ext4)=0
02-20 20:08:05.641     0     0 W EXT4-fs (vdb): Ignoring removed nomblk_io_submit option
02-20 20:08:05.648     0     0 I EXT4-fs (vdb): recovery complete
02-20 20:08:05.649     0     0 I EXT4-fs (vdb): mounted filesystem with ordered data mode. Opts: nomblk_io_submit,errors=panic
02-20 20:08:05.650     0     0 D SELinux : initialized (dev vdb, type ext4), uses xattr
02-20 20:08:05.650     0     0 I fs_mgr  : __mount(source=/dev/block/vdb,target=/cache,type=ext4)=0
02-20 20:08:05.651     0     0 E EXT4-fs (vdc): VFS: Can't find ext4 filesystem
02-20 20:08:05.652     0     0 I fs_mgr  : check_fs(): mount(/dev/block/vdc,/data,ext4)=-1: Invalid argument
02-20 20:08:05.654     0     0 I fs_mgr  : Running /system/bin/e2fsck on /dev/block/vdc
02-20 20:08:05.700     0     0 I e2fsck  : e2fsck 1.42.9 (28-Dec-2013)
02-20 20:08:05.700     0     0 I e2fsck  : ext2fs_open2: Bad magic number in super-block
02-20 20:08:05.701     0     0 I e2fsck  : /system/bin/e2fsck: Superblock invalid, trying backup blocks...
02-20 20:08:05.702     0     0 I e2fsck  : /system/bin/e2fsck: Bad magic number in super-block while trying to open /dev/block/vdc
02-20 20:08:05.703     0     0 I e2fsck  :  
02-20 20:08:05.703     0     0 I e2fsck  :  
02-20 20:08:05.704     0     0 I e2fsck  : The superblock could not be read or does not describe a correct ext2
02-20 20:08:05.704     0     0 I e2fsck  : filesystem.  If the device is valid and it really contains an ext2
02-20 20:08:05.705     0     0 I e2fsck  : filesystem (and not swap or ufs or something else), then the superblock
02-20 20:08:05.706     0     0 I e2fsck  : is corrupt, and you might try running e2fsck with an alternate superblock:
02-20 20:08:05.707     0     0 I e2fsck  : e2fsck -b 8193 <device>
02-20 20:08:05.708     0     0 I e2fsck  :  
02-20 20:08:05.708     0     0 I e2fsck  : e2fsck terminated by exit(8)
02-20 20:08:05.709     0     0 E EXT4-fs (vdc): VFS: Can't find ext4 filesystem
02-20 20:08:05.710     0     0 I fs_mgr  : __mount(source=/dev/block/vdc,target=/data,type=ext4)=-1
02-20 20:08:05.711     0     0 E fs_mgr  : fs_mgr_mount_all(): possibly an encryptable blkdev /dev/block/vdc for mount /data type ext4 )
02-20 20:08:05.712     0     0 D SELinux : initialized (dev tmpfs, type tmpfs), uses transition SIDs
02-20 20:08:05.713     0     0 I init    : (Parsing /system/etc/init/atrace.rc took 0.00s.)
02-20 20:08:05.714     0     0 I init    : (Parsing /system/etc/init/audioserver.rc took 0.00s.)
02-20 20:08:05.715     0     0 I init    : (Parsing /system/etc/init/bootanim.rc took 0.00s.)
02-20 20:08:05.716     0     0 I init    : (Parsing /system/etc/init/bootstat.rc took 0.00s.)
02-20 20:08:05.717     0     0 I init    : (Parsing /system/etc/init/cameraserver.rc took 0.00s.)
02-20 20:08:05.718     0     0 I init    : (Parsing /system/etc/init/debuggerd.rc took 0.00s.)
02-20 20:08:05.720     0     0 I init    : (Parsing /system/etc/init/debuggerd64.rc took 0.00s.)
02-20 20:08:05.721     0     0 I init    : (Parsing /system/etc/init/drmserver.rc took 0.00s.)
02-20 20:08:05.722     0     0 I init    : (Parsing /system/etc/init/dumpstate.rc took 0.00s.)
02-20 20:08:05.723     0     0 I init    : (Parsing /system/etc/init/gatekeeperd.rc took 0.00s.)
02-20 20:08:05.724     0     0 I init    : (Parsing /system/etc/init/init-debug.rc took 0.00s.)
02-20 20:08:05.725     0     0 I init    : (Parsing /system/etc/init/installd.rc took 0.00s.)
02-20 20:08:05.726     0     0 I init    : (Parsing /system/etc/init/keystore.rc took 0.00s.)
02-20 20:08:05.727     0     0 I init    : (Parsing /system/etc/init/lmkd.rc took 0.00s.)
02-20 20:08:05.728     0     0 I init    : (Parsing /system/etc/init/logcatd.rc took 0.00s.)
02-20 20:08:05.729     0     0 I init    : (Parsing /system/etc/init/logd.rc took 0.00s.)
02-20 20:08:05.730     1     1 I auditd  : type=1400 audit(0.0:4): avc: denied { write } for comm="init" name="tracing_on" dev="debugfs" ino=1050 scontext=u:r:init:s0 tcontext=u:object_r:debugfs:s0 tclass=file permissive=0
02-20 20:08:05.730     1     1 W init    : type=1400 audit(0.0:4): avc: denied { write } for name="tracing_on" dev="debugfs" ino=1050 scontext=u:r:init:s0 tcontext=u:object_r:debugfs:s0 tclass=file permissive=0
02-20 20:08:05.730     0     0 I tsc     : Refined TSC clocksource calibration: 2903.975 MHz
02-20 20:08:05.730     0     0 I init    : (Parsing /system/etc/init/mdnsd.rc took 0.00s.)
02-20 20:08:05.731     0     0 I init    : (Parsing /system/etc/init/mediacodec.rc took 0.00s.)
02-20 20:08:05.731     0     0 I init    : (Parsing /system/etc/init/mediadrmserver.rc took 0.00s.)
02-20 20:08:05.732     0     0 I init    : (Parsing /system/etc/init/mediaextractor.rc took 0.00s.)
02-20 20:08:05.732     0     0 I init    : (Parsing /system/etc/init/mediaserver.rc took 0.00s.)
02-20 20:08:05.733     0     0 I init    : (Parsing /system/etc/init/mtpd.rc took 0.00s.)
02-20 20:08:05.733     0     0 I init    : (Parsing /system/etc/init/netd.rc took 0.00s.)
02-20 20:08:05.734     0     0 I init    : (Parsing /system/etc/init/perfprofd.rc took 0.00s.)
02-20 20:08:05.734     0     0 I init    : (Parsing /system/etc/init/racoon.rc took 0.00s.)
02-20 20:08:05.735     0     0 I init    : (Parsing /system/etc/init/rild.rc took 0.00s.)
02-20 20:08:05.735     0     0 I init    : (Parsing /system/etc/init/servicemanager.rc took 0.00s.)
02-20 20:08:05.736     0     0 I init    : (Parsing /system/etc/init/surfaceflinger.rc took 0.00s.)
02-20 20:08:05.736     0     0 I init    : (Parsing /system/etc/init/uncrypt.rc took 0.00s.)
02-20 20:08:05.737     0     0 I init    : (Parsing /system/etc/init/vdc.rc took 0.00s.)
02-20 20:08:05.737     0     0 I init    : (Parsing /system/etc/init/vold.rc took 0.00s.)
02-20 20:08:05.739     0     0 I init    : write_file: Unable to open '/sys/kernel/debug/tracing/tracing_on': Permission denied
02-20 20:08:05.739     0     0 I init    : Starting service 'logd'...
02-20 20:08:05.746     0     0 I         : Switching to clocksource tsc
02-20 20:08:05.757     0     0 I logd.auditd: start
02-20 20:08:05.787     0     0 I init    : (Loading properties from /system/build.prop took 0.00s.)
02-20 20:08:05.788     0     0 I init    : (Loading properties from /vendor/build.prop took 0.00s.)
02-20 20:08:05.788     0     0 I init    : (Loading properties from /factory/factory.prop took 0.00s.)
02-20 20:08:05.789     0     0 E init    : /recovery not specified in fstab
02-20 20:08:05.790     0     0 I init    : Starting service 'debuggerd'...
02-20 20:08:05.790     0     0 I init    : Starting service 'debuggerd64'...
02-20 20:08:05.792     0     0 I init    : Starting service 'vold'...
02-20 20:08:05.793     0     0 I init    : Not bootcharting.
02-20 20:08:05.839  1266  1266 I         : debuggerd: starting
02-20 20:08:05.853  1265  1265 I         : debuggerd: starting
--------- beginning of system
02-20 20:08:05.862  1267  1267 I vold    : Vold 3.0 (the awakening) firing up
02-20 20:08:05.862  1267  1267 V vold    : Detected support for: ext4 vfat
02-20 20:08:06.118  1267  1271 D vold    : Recognized experimental block major ID 253 as virtio-blk (emulator's virtual SD card device)
02-20 20:08:06.118  1267  1271 V vold    : /system/bin/sgdisk
02-20 20:08:06.118  1267  1271 V vold    :     --android-dump
02-20 20:08:06.118  1267  1271 V vold    :     /dev/block/vold/disk:253,64
02-20 20:08:06.128  1267  1303 D vold    : e4crypt_init_user0
02-20 20:08:06.128  1267  1303 D vold    : e4crypt_prepare_user_storage for volume null, user 0, serial 0, flags 1
02-20 20:08:06.128  1267  1303 D vold    : Preparing: /data/system/users/0
02-20 20:08:06.128  1267  1303 D vold    : Preparing: /data/misc/profiles/cur/0
02-20 20:08:06.128  1267  1303 D vold    : Preparing: /data/misc/profiles/cur/0/foreign-dex
02-20 20:08:06.128  1267  1303 D vold    : Preparing: /data/system_de/0
02-20 20:08:06.128  1267  1303 D vold    : Preparing: /data/misc_de/0
02-20 20:08:06.128  1267  1303 D vold    : Preparing: /data/user_de/0
02-20 20:08:06.128  1267  1303 D vold    : e4crypt_unlock_user_key 0 serial=0 token_present=0
02-20 20:08:06.128  1267  1303 E vold    : Failed to chmod /data/system_ce/0: No such file or directory
02-20 20:08:06.128  1267  1303 E vold    : Failed to chmod /data/misc_ce/0: No such file or directory
02-20 20:08:06.128  1267  1303 E vold    : Failed to chmod /data/media/0: No such file or directory
02-20 20:08:06.129     1     1 I vdc     : 200 1268 Command succeeded
02-20 20:08:06.132     0     0 I init    : Starting service 'exec 1 (/system/bin/tzdatacheck)'...
02-20 20:08:06.133  1267  1271 V vold    : DISK mbr
02-20 20:08:06.133  1267  1271 V vold    : 
02-20 20:08:06.133  1267  1271 W vold    : disk:253,64 has unknown partition table; trying entire device
02-20 20:08:06.133  1267  1271 V vold    : /system/bin/blkid
02-20 20:08:06.133  1267  1271 V vold    :     -c
02-20 20:08:06.133  1267  1271 V vold    :     /dev/null
02-20 20:08:06.133  1267  1271 V vold    :     -s
02-20 20:08:06.133  1267  1271 V vold    :     TYPE
02-20 20:08:06.133  1267  1271 V vold    :     -s
02-20 20:08:06.133  1267  1271 V vold    :     UUID
02-20 20:08:06.133  1267  1271 V vold    :     -s
02-20 20:08:06.133  1267  1271 V vold    :     LABEL
02-20 20:08:06.133  1267  1271 V vold    :     /dev/block/vold/disk:253,64
02-20 20:08:06.145  1304  1304 I /system/bin/tzdatacheck: tzdata file /data/misc/zoneinfo/current/tzdata does not exist. No action required.
02-20 20:08:06.145     0     0 I init    : Service 'exec 1 (/system/bin/tzdatacheck)' (pid 1304) exited with status 0
02-20 20:08:06.147  1267  1271 V vold    : /dev/block/vold/disk:253,64: LABEL="SDCARD" UUID="1E12-0B12" TYPE="vfat" 
02-20 20:08:06.147  1267  1271 V vold    : 
02-20 20:08:06.147     0     0 I init    : (Loading properties from /data/local.prop took 0.00s.)
02-20 20:08:06.148     0     0 I init    : Starting service 'logd-reinit'...
02-20 20:08:06.149     0     0 I init    : Starting service 'healthd'...
02-20 20:08:06.150     0     0 I init    : Starting service 'ranchu-setup'...
02-20 20:08:06.151     0     0 I init    : Starting service 'qemu-props'...
02-20 20:08:06.152     0     0 I init    : Starting service 'lmkd'...
02-20 20:08:06.153     0     0 I init    : Starting service 'servicemanager'...
02-20 20:08:06.153     0     0 I logd.daemon: reinit
02-20 20:08:06.155     0     0 I init    : Starting service 'surfaceflinger'...
02-20 20:08:06.156     0     0 I init    : Service 'logd-reinit' (pid 1306) exited with status 0
02-20 20:08:06.157     0     0 E init    : property_set("ro.build.product", "generic") failed
02-20 20:08:06.158     0     0 E init    : property_set("ro.product.device", "generic") failed
02-20 20:08:06.159     0     0 E init    : do_stop: Service dund not found
02-20 20:08:06.160     0     0 E init    : do_stop: Service akmd not found
