02-20 20:08:17.009  1920  1920 E IccCardProxy: setExternalState: set mPhoneId=0 mExternalState=NOT_READY
02-20 20:08:17.009  1920  1920 D TelephonyManager: setTelephonyProperty: success phoneId=0 property=gsm.sim.state value: NOT_READY propVal=NOT_READY
02-20 20:08:17.010  1920  1920 D IccCardProxy: broadcastIccStateChangedIntent intent ACTION_SIM_STATE_CHANGED value=NOT_READY reason=null for mPhoneId=0
02-20 20:08:17.013  1920  1920 D RILJ    : setPhoneType=1 old value=0 [SUB0]
02-20 20:08:17.013  1920  1920 D TelephonyManager: setTelephonyProperty: success phoneId=0 property=gsm.current.phone-type value: 1 propVal=1
02-20 20:08:17.014  1920  1920 D IccCardProxy: Setting radio tech UMTS
02-20 20:08:17.014  1920  1920 D IccCardProxy: updateQuietMode: 3GPP subscription -> newQuietMode=false
02-20 20:08:17.014  1920  1920 D IccCardProxy: updateQuietMode: no changes don't setExternalState
02-20 20:08:17.014  1920  1920 D IccCardProxy: updateQuietMode: QuietMode is false (app_type=1 cdmaSource=-1)
02-20 20:08:17.024  1920  1920 W CarrierConfigManager: Error getting config for subId -1 ICarrierConfigLoader is null
02-20 20:08:17.025  1679  1691 D TelephonyRegistry: listen oscl: hasNotifySubscriptionInfoChangedOccurred==false no callback
02-20 20:08:17.035  1373  1840 I MediaPlayerService: MediaPlayerService::getOMX
02-20 20:08:17.039  1927  1978 D EGL_emulation: eglMakeCurrent: 0x789801ff1840: ver 3 0 (tinfo 0x78980c29c8a0)
02-20 20:08:17.059  1920  1920 D TelephonyManager: setTelephonyProperty: success phoneId=0 property=gsm.network.type value: Unknown propVal=Unknown
02-20 20:08:17.068  1920  1920 D RILJ    : [3654]> SIGNAL_STRENGTH [SUB0]
02-20 20:08:17.076  1920  1920 D SST     : notifyDataRegStateRilRadioTechnologyChanged: drs=1 rat=0
02-20 20:08:17.076  1920  1920 D TelephonyManager: setTelephonyProperty: success phoneId=0 property=gsm.network.type value: Unknown propVal=Unknown
02-20 20:08:17.077  1375  1473 D RIL     : onRequest: SIGNAL_STRENGTH
02-20 20:08:17.077  1920  2006 D RilRequest: [3654]< SIGNAL_STRENGTH error: com.android.internal.telephony.CommandException: RADIO_NOT_AVAILABLE ret=
02-20 20:08:17.078  1679  1679 W VibratorService: Tried to stop vibrating but there is no vibrator device.
02-20 20:08:17.079  1679  2031 I OMXClient: MuxOMX ctor
02-20 20:08:17.080  1370  1994 I OMXMaster: makeComponentInstance(OMX.google.vorbis.decoder) in mediacodec process
02-20 20:08:17.108  1920  1920 D DCT     : [0]DCT.constructor
02-20 20:08:17.162  1679  1966 D TelephonyRegistry: listen oscl: hasNotifySubscriptionInfoChangedOccurred==false no callback
02-20 20:08:17.164  1679  1695 I am_proc_start: [0,2032,10004,com.android.cellbroadcastreceiver,broadcast,com.android.cellbroadcastreceiver/.CellBroadcastReceiver]
02-20 20:08:17.164  2032  2032 W art     : Unexpected CPU variant for X86 using defaults: x86_64
02-20 20:08:17.164  1679  1695 I ActivityManager: Start proc 2032:com.android.cellbroadcastreceiver/u0a4 for broadcast com.android.cellbroadcastreceiver/.CellBroadcastReceiver
02-20 20:08:17.166  1679  1695 I boot_progress_enable_screen: 13166
02-20 20:08:17.167  1679  1679 D ConditionProviders.SCP: onSubscribe condition://android/schedule?days=6.7&start=23.30&end=10.0&exitAtAlarm=false
02-20 20:08:17.167  1679  1679 D ConditionProviders.SCP: setRegistered true
02-20 20:08:17.167  1679  1695 V KeyguardServiceDelegate: *** Keyguard started
02-20 20:08:17.167  1679  1695 I screen_toggled: 1
02-20 20:08:17.167  1679  1679 D ConditionProviders.SCP: notifyCondition condition://android/schedule?days=6.7&start=23.30&end=10.0&exitAtAlarm=false STATE_FALSE reason=!meetsSchedule
02-20 20:08:17.169  1679  1679 D ConditionProviders.SCP: Scheduling evaluate for Tue Feb 20 23:30:00 GMT+00:00 2018 (1519169400000), in +3h21m42s833ms, now=Tue Feb 20 20:08:17 GMT+00:00 2018 (1519157297167)
02-20 20:08:17.169  1679  1679 D ConditionProviders.SCP: onSubscribe condition://android/schedule?days=1.2.3.4.5&start=22.0&end=7.0&exitAtAlarm=false
02-20 20:08:17.169  1679  1679 D ConditionProviders.SCP: notifyCondition condition://android/schedule?days=6.7&start=23.30&end=10.0&exitAtAlarm=false STATE_FALSE reason=!meetsSchedule
02-20 20:08:17.169  1679  1679 D ConditionProviders.SCP: notifyCondition condition://android/schedule?days=1.2.3.4.5&start=22.0&end=7.0&exitAtAlarm=false STATE_FALSE reason=!meetsSchedule
02-20 20:08:17.170  1679  1679 D ConditionProviders.SCP: Scheduling evaluate for Tue Feb 20 22:00:00 GMT+00:00 2018 (1519164000000), in +1h51m42s831ms, now=Tue Feb 20 20:08:17 GMT+00:00 2018 (1519157297169)
02-20 20:08:17.170  1679  1679 I Telecom : WiredHeadsetManager: ACTION_HEADSET_PLUG event, plugged in: false, : WHC.oADA@AAE
02-20 20:08:17.172  1679  1695 W KeyguardServiceDelegate: onScreenTurningOn(): no keyguard service!
02-20 20:08:17.175  1312  1323 I SurfaceFlinger: Boot is finished (10939 ms)
02-20 20:08:17.176  1679  1702 I am_activity_launch_time: [0,14243951,com.android.settings/.FallbackHome,1032,1032]
02-20 20:08:17.176  1679  1702 I ActivityManager: Displayed com.android.settings/.FallbackHome: +1s32ms
02-20 20:08:17.176  1312  1323 I sf_stop_bootanim: 13175
02-20 20:08:17.178  1679  1679 I ActivityManager: user 0 is still locked. Cannot load recents
02-20 20:08:17.186  1679  1679 I notification_enqueue: [10028,1766,com.android.systemui,1397773634,public:253,64,-1,Notification(pri=0 contentView=null vibrate=null sound=null defaults=0x0 flags=0x100 color=0xff607d8b category=sys actions=2 vis=PUBLIC),0]
02-20 20:08:17.188  1920  1920 D Dcc     : E ctor
02-20 20:08:17.189  1920  1920 D Dcc     : X ctor
02-20 20:08:17.189  1679  1702 I WindowManager: Screen frozen for +937ms due to AppWindowToken{bd4325a token=Token{a56a97c ActivityRecord{d9586f u0 com.android.settings/.FallbackHome t1}}}
02-20 20:08:17.190  1920  1920 D SubscriptionController: [getPhoneId] asked for default subId=-1
02-20 20:08:17.191  1679  1679 D RttService: SCAN_AVAILABLE : 3
02-20 20:08:17.194  1679  1741 D RttService: DefaultState got{ when=-2ms what=160512 target=com.android.internal.util.StateMachine$SmHandler }
02-20 20:08:17.195  1679  1740 I WifiScanningService: wifi driver loaded with scan capabilities: max buckets=16
02-20 20:08:17.212  1920  1920 D DcTesterFailBrinupAll: register for intent action=com.android.internal.telephony.dataconnection.action_fail_bringup
02-20 20:08:17.212  1920  1920 D DcTesterFailBrinupAll: register for intent action=com.android.internal.telephony.action_detached
02-20 20:08:17.212  1920  1920 D DcTesterFailBrinupAll: register for intent action=com.android.internal.telephony.action_attached
02-20 20:08:17.212  1920  1920 D SST     : notifyDataRegStateRilRadioTechnologyChanged: drs=1 rat=0
02-20 20:08:17.212  1920  1920 D TelephonyManager: setTelephonyProperty: success phoneId=0 property=gsm.network.type value: Unknown propVal=Unknown
02-20 20:08:17.215  1920  1920 D DCT     : [0]update sub = -2
02-20 20:08:17.215  1920  1920 D DCT     : [0]update(): Active DDS, register for all events now!
02-20 20:08:17.215  1920  2035 D DcTesterDeacativateAll: register for intent action=com.android.internal.telephony.dataconnection.action_deactivate_all
02-20 20:08:17.215  1920  2035 D DcTesterDeacativateAll: register for intent action=com.android.internal.telephony.action_detached
02-20 20:08:17.216  1920  2035 D Dcc     : DccDefaultState: msg.what=EVENT_RIL_CONNECTED mRilVersion=12
02-20 20:08:17.217  1679  1679 D TelephonyRegistry: notifyCellLocationForSubscriber: subId=0 cellLocation=Bundle[{}]
02-20 20:08:17.217  1920  1950 D SubscriptionController: [getPhoneId]- no sims, returning default phoneId=2147483647
02-20 20:08:17.225  1920  1920 D GsmCdmaPhone: [GsmCdmaPhone] updateCurrentCarrierInProvider: mSubId = -2 currentDds = 1 operatorNumeric = null
02-20 20:08:17.227  1920  1920 D DCT     : [0]initApnContexts: E
02-20 20:08:17.228  1920  1920 D DCT     : [0]initApnContexts: skipping unknown type=1
02-20 20:08:17.228  1920  1920 D DCT     : [0]initApnContexts: apnContext={mApnType=default mState=IDLE mWaitingApns={null} mApnSetting={null} mReason=dataEnabled mDataEnabled=false mDependencyMet=true}
02-20 20:08:17.228  1920  1920 D DCT     : [0]initApnContexts: apnContext={mApnType=mms mState=IDLE mWaitingApns={null} mApnSetting={null} mReason=dataEnabled mDataEnabled=false mDependencyMet=true}
02-20 20:08:17.228  1920  1920 D DCT     : [0]initApnContexts: apnContext={mApnType=supl mState=IDLE mWaitingApns={null} mApnSetting={null} mReason=dataEnabled mDataEnabled=false mDependencyMet=true}
02-20 20:08:17.228  1920  1920 D DCT     : [0]initApnContexts: apnContext={mApnType=hipri mState=IDLE mWaitingApns={null} mApnSetting={null} mReason=dataEnabled mDataEnabled=false mDependencyMet=true}
02-20 20:08:17.228  1920  1920 D DCT     : [0]initApnContexts: apnContext={mApnType=fota mState=IDLE mWaitingApns={null} mApnSetting={null} mReason=dataEnabled mDataEnabled=false mDependencyMet=true}
02-20 20:08:17.228  1920  1920 D DCT     : [0]initApnContexts: apnContext={mApnType=ims mState=IDLE mWaitingApns={null} mApnSetting={null} mReason=dataEnabled mDataEnabled=false mDependencyMet=true}
02-20 20:08:17.228  1920  1920 D DCT     : [0]initApnContexts: apnContext={mApnType=cbs mState=IDLE mWaitingApns={null} mApnSetting={null} mReason=dataEnabled mDataEnabled=false mDependencyMet=true}
02-20 20:08:17.228  1920  1920 D DCT     : [0]initApnContexts: skipping unknown type=13
02-20 20:08:17.228  1920  1920 D DCT     : [0]initApnContexts: apnContext={mApnType=ia mState=IDLE mWaitingApns={null} mApnSetting={null} mReason=dataEnabled mDataEnabled=false mDependencyMet=true}
02-20 20:08:17.228  1920  1920 D DCT     : [0]initApnContexts: apnContext={mApnType=emergency mState=IDLE mWaitingApns={null} mApnSetting={null} mReason=dataEnabled mDataEnabled=false mDependencyMet=true}
02-20 20:08:17.243  1312  1312 I sf_frame_dur: [BootAnimation,0,16,196,10,2,0,0]
02-20 20:08:17.206     0     0 I init    : Service 'bootanim' (pid 1334) exited with status 0
02-20 20:08:17.209     0     0 I init    : Starting service 'exec 6 (/system/bin/bootstat)'...
02-20 20:08:17.271     0     0 I init    : Service 'exec 6 (/system/bin/bootstat)' (pid 2045) exited with status 0
02-20 20:08:17.236  2045  2045 I auditd  : type=1400 audit(0.0:11): avc: denied { getattr } for comm="bootstat" path="/vendor" dev="rootfs" ino=4008 scontext=u:r:bootstat:s0 tcontext=u:object_r:rootfs:s0 tclass=lnk_file permissive=0
02-20 20:08:17.236  2045  2045 W bootstat: type=1400 audit(0.0:11): avc: denied { getattr } for path="/vendor" dev="rootfs" ino=4008 scontext=u:r:bootstat:s0 tcontext=u:object_r:rootfs:s0 tclass=lnk_file permissive=0
02-20 20:08:17.264  2045  2045 I bootstat: Service started: /system/bin/bootstat --record_boot_complete 
02-20 20:08:17.265  1920  1920 D GsmCdmaPhone: [GsmCdmaPhone] GsmCdmaPhone: constructor: sub = 0
02-20 20:08:17.265  1920  1920 I PhoneFactory: Creating Phone with type = 1 sub = 0
02-20 20:08:17.267  2045  2045 I bootstat: Logging histogram: bootstat_mtime_matches_content 1
02-20 20:08:17.267  2045  2045 I sysui_histogram: [bootstat_mtime_matches_content,1]
02-20 20:08:17.269  1679  1691 I am_proc_bound: [0,2032,com.android.cellbroadcastreceiver]
02-20 20:08:17.269  2045  2045 I bootstat: Logging histogram: bootstat_mtime_matches_content 1
02-20 20:08:17.269  2045  2045 I sysui_histogram: [bootstat_mtime_matches_content,1]
02-20 20:08:17.269  2045  2045 I bootstat: Logging histogram: bootstat_mtime_matches_content 1
02-20 20:08:17.269  2045  2045 I sysui_histogram: [bootstat_mtime_matches_content,1]
02-20 20:08:17.266  2055  2055 I auditd  : type=1400 audit(0.0:12): avc: denied { getattr } for comm="bootstat" path="/vendor" dev="rootfs" ino=4008 scontext=u:r:bootstat:s0 tcontext=u:object_r:rootfs:s0 tclass=lnk_file permissive=0
02-20 20:08:17.266  2055  2055 W bootstat: type=1400 audit(0.0:12): avc: denied { getattr } for path="/vendor" dev="rootfs" ino=4008 scontext=u:r:bootstat:s0 tcontext=u:object_r:rootfs:s0 tclass=lnk_file permissive=0
02-20 20:08:17.280  2055  2055 I bootstat: Service started: /system/bin/bootstat --record_boot_reason 
02-20 20:08:17.280  2055  2055 I bootstat: Unknown boot reason: 
02-20 20:08:17.273     0     0 I init    : Starting service 'exec 7 (/system/bin/bootstat)'...
02-20 20:08:17.282  1679  1966 I StatusBarManagerService: registerStatusBar bar=com.android.internal.statusbar.IStatusBar$Stub$Proxy@68b9208
02-20 20:08:17.283     0     0 I init    : Service 'exec 7 (/system/bin/bootstat)' (pid 2055) exited with status 0
02-20 20:08:17.287     0     0 I init    : Starting service 'exec 8 (/system/bin/bootstat)'...
02-20 20:08:17.354     0     0 I init    : Service 'exec 8 (/system/bin/bootstat)' (pid 2057) exited with status 0
02-20 20:08:17.359     0     0 I init    : Starting service 'exec 9 (/system/bin/bootstat)'...
02-20 20:08:17.291  1920  1920 I PhoneFactory: defaultSmsApplication: NONE
02-20 20:08:17.292  1373  1373 I MediaPlayerService: MediaPlayerService::getOMX
02-20 20:08:17.292  1679  2056 I OMXClient: MuxOMX ctor
02-20 20:08:17.293  1920  1920 I PhoneFactory: Creating SubInfoRecordUpdater 
02-20 20:08:17.293  1920  1920 D SubscriptionInfoUpdater: Constructor invoked
02-20 20:08:17.296  1370  1391 I OMXMaster: makeComponentInstance(OMX.google.vorbis.decoder) in mediacodec process
02-20 20:08:17.315  1679  1690 D TelephonyRegistry: listen oscl: hasNotifySubscriptionInfoChangedOccurred==false no callback
02-20 20:08:17.316  1920  1920 D SubscriptionController: [getPhoneId]- no sims, returning default phoneId=2147483647
02-20 20:08:17.321  1679  1966 D TelephonyRegistry: listen oscl: hasNotifySubscriptionInfoChangedOccurred==false no callback
02-20 20:08:17.322  1920  1920 D PhoneSwitcherNetworkRequstListener: Registering NetworkFactory
02-20 20:08:17.323  1679  1742 D ConnectivityService: Got NetworkFactory Messenger for PhoneSwitcherNetworkRequstListener
02-20 20:08:17.325  1920  1920 D PhoneSwitcher: PhoneSwitcher started
02-20 20:08:17.325  1920  1920 D ProxyController: Constructor - Enter
02-20 20:08:17.328  1920  1920 D ProxyController: clearTransaction
02-20 20:08:17.328  1920  1920 D ProxyController: clearTransaction: phoneId=0 status=IDLE
02-20 20:08:17.328  1920  1920 D ProxyController: Constructor - Exit
02-20 20:08:17.328  1920  1920 D TelephonyNetworkFactory[0]: Registering NetworkFactory
02-20 20:08:17.329  1679  1742 D ConnectivityService: Got NetworkFactory Messenger for TelephonyNetworkFactory[0]
02-20 20:08:17.331  2057  2057 I bootstat: Service started: /system/bin/bootstat --record_time_since_factory_reset 
02-20 20:08:17.331  2057  2057 I bootstat: Logging histogram: factory_reset_current_time 1519157297
02-20 20:08:17.331  2057  2057 I sysui_histogram: [factory_reset_current_time,1519157297]
02-20 20:08:17.342  1920  1920 D CallManager: registerPhone(GSM Handler (com.android.internal.telephony.GsmCdmaPhone) {3767259})
02-20 20:08:17.351  1679  1690 D TelephonyRegistry: listen oscl: hasNotifySubscriptionInfoChangedOccurred==false no callback
02-20 20:08:17.352  2057  2057 I bootstat: Logging histogram: bootstat_mtime_matches_content 1
02-20 20:08:17.352  2057  2057 I sysui_histogram: [bootstat_mtime_matches_content,1]
02-20 20:08:17.352  2057  2057 I bootstat: Logging histogram: factory_reset_record_value 1519154248
02-20 20:08:17.352  2057  2057 I sysui_histogram: [factory_reset_record_value,1519154248]
02-20 20:08:17.383  2061  2061 I bootstat: Service started: /system/bin/bootstat -l 
02-20 20:08:17.384  2061  2061 I bootstat: Logging histogram: bootstat_mtime_matches_content 1
02-20 20:08:17.384  2061  2061 I sysui_histogram: [bootstat_mtime_matches_content,1]
02-20 20:08:17.384  2061  2061 I bootstat: Logging histogram: bootstat_mtime_matches_content 1
02-20 20:08:17.384  2061  2061 I sysui_histogram: [bootstat_mtime_matches_content,1]
02-20 20:08:17.384  2061  2061 I bootstat: Logging histogram: bootstat_mtime_matches_content 1
02-20 20:08:17.384  2061  2061 I sysui_histogram: [bootstat_mtime_matches_content,1]
02-20 20:08:17.384  2061  2061 I bootstat: Logging histogram: bootstat_mtime_matches_content 1
02-20 20:08:17.384  2061  2061 I sysui_histogram: [bootstat_mtime_matches_content,1]
02-20 20:08:17.385  2061  2061 I bootstat: Logging histogram: bootstat_mtime_matches_content 1
02-20 20:08:17.385  2061  2061 I sysui_histogram: [bootstat_mtime_matches_content,1]
02-20 20:08:17.386  2061  2061 I bootstat: Logging histogram: bootstat_mtime_matches_content 1
02-20 20:08:17.386  2061  2061 I sysui_histogram: [bootstat_mtime_matches_content,1]
02-20 20:08:17.386  2061  2061 I bootstat: Logging histogram: bootstat_mtime_matches_content 1
02-20 20:08:17.386  2061  2061 I sysui_histogram: [bootstat_mtime_matches_content,1]
02-20 20:08:17.386  2061  2061 I bootstat: Logging histogram: bootstat_mtime_matches_content 1
02-20 20:08:17.386  2061  2061 I sysui_histogram: [bootstat_mtime_matches_content,1]
02-20 20:08:17.386  2061  2061 I bootstat: Logging histogram: bootstat_mtime_matches_content 1
02-20 20:08:17.386  2061  2061 I sysui_histogram: [bootstat_mtime_matches_content,1]
02-20 20:08:17.386  2061  2061 I bootstat: Logging histogram: bootstat_mtime_matches_content 1
02-20 20:08:17.386  2061  2061 I sysui_histogram: [bootstat_mtime_matches_content,1]
02-20 20:08:17.386  2061  2061 I bootstat: Logging histogram: bootstat_mtime_matches_content 1
02-20 20:08:17.386  2061  2061 I sysui_histogram: [bootstat_mtime_matches_content,1]
02-20 20:08:17.386  2061  2061 I bootstat: Logging histogram: bootstat_mtime_matches_content 1
02-20 20:08:17.386  2061  2061 I sysui_histogram: [bootstat_mtime_matches_content,1]
02-20 20:08:17.386  2061  2061 I bootstat: Logging histogram: bootstat_mtime_matches_content 1
02-20 20:08:17.386  2061  2061 I sysui_histogram: [bootstat_mtime_matches_content,1]
02-20 20:08:17.386  2061  2061 I bootstat: Logging histogram: bootstat_mtime_matches_content 1
02-20 20:08:17.386  2061  2061 I sysui_histogram: [bootstat_mtime_matches_content,1]
02-20 20:08:17.386  2061  2061 I bootstat: Logging histogram: post_decrypt_time_elapsed 3
02-20 20:08:17.386  2061  2061 I sysui_histogram: [post_decrypt_time_elapsed,3]
02-20 20:08:17.386  2061  2061 I bootstat: Logging histogram: last_boot_time_utc 1519157297
02-20 20:08:17.386  2061  2061 I sysui_histogram: [last_boot_time_utc,1519157297]
02-20 20:08:17.386  2061  2061 I bootstat: Logging histogram: build_date 1513095943
02-20 20:08:17.386  2061  2061 I sysui_histogram: [build_date,1513095943]
02-20 20:08:17.386  2061  2061 I bootstat: Logging histogram: boot_decryption_complete 13
02-20 20:08:17.386  2061  2061 I sysui_histogram: [boot_decryption_complete,13]
02-20 20:08:17.386  2061  2061 I bootstat: Logging histogram: ota_boot_complete_post_decrypt 7
02-20 20:08:17.386  2061  2061 I sysui_histogram: [ota_boot_complete_post_decrypt,7]
02-20 20:08:17.386  2061  2061 I bootstat: Logging histogram: ota_boot_complete 9
02-20 20:08:17.386  2061  2061 I sysui_histogram: [ota_boot_complete,9]
02-20 20:08:17.386  2061  2061 I bootstat: Logging histogram: boot_reason 1
02-20 20:08:17.386  2061  2061 I sysui_histogram: [boot_reason,1]
02-20 20:08:17.386  2061  2061 I bootstat: Logging histogram: factory_reset_current_time 1519157297
02-20 20:08:17.386  2061  2061 I sysui_histogram: [factory_reset_current_time,1519157297]
02-20 20:08:17.386  2061  2061 I bootstat: Logging histogram: factory_reset 1519154248
02-20 20:08:17.386  2061  2061 I sysui_histogram: [factory_reset,1519154248]
02-20 20:08:17.386  2061  2061 I bootstat: Logging histogram: time_since_last_boot 79
02-20 20:08:17.386  2061  2061 I sysui_histogram: [time_since_last_boot,79]
02-20 20:08:17.386  2061  2061 I bootstat: Logging histogram: boot_complete_post_decrypt 10
02-20 20:08:17.386  2061  2061 I sysui_histogram: [boot_complete_post_decrypt,10]
02-20 20:08:17.386  2061  2061 I bootstat: Logging histogram: boot_complete 13
02-20 20:08:17.386  2061  2061 I sysui_histogram: [boot_complete,13]
02-20 20:08:17.386  2061  2061 I bootstat: Logging histogram: factory_reset_record_value 1519154248
02-20 20:08:17.386  2061  2061 I sysui_histogram: [factory_reset_record_value,1519154248]
02-20 20:08:17.386  2061  2061 I bootstat: Logging histogram: time_since_factory_reset 3049
02-20 20:08:17.386  2061  2061 I sysui_histogram: [time_since_factory_reset,3049]
02-20 20:08:17.388     0     0 I init    : Service 'exec 9 (/system/bin/bootstat)' (pid 2061) exited with status 0
02-20 20:08:17.419  1679  1689 I art     : Background partial concurrent mark sweep GC freed 49692(3MB) AllocSpace objects, 11(7MB) LOS objects, 20% free, 15MB/19MB, paused 8.794ms total 544.484ms
02-20 20:08:17.436  2032  2032 W System  : ClassLoader referenced unknown path: /system/priv-app/CellBroadcastReceiver/lib/x86_64
02-20 20:08:17.306  2057  2057 I auditd  : type=1400 audit(0.0:13): avc: denied { getattr } for comm="bootstat" path="/vendor" dev="rootfs" ino=4008 scontext=u:r:bootstat:s0 tcontext=u:object_r:rootfs:s0 tclass=lnk_file permissive=0
02-20 20:08:17.306  2057  2057 W bootstat: type=1400 audit(0.0:13): avc: denied { getattr } for path="/vendor" dev="rootfs" ino=4008 scontext=u:r:bootstat:s0 tcontext=u:object_r:rootfs:s0 tclass=lnk_file permissive=0
02-20 20:08:17.356  2061  2061 I auditd  : type=1400 audit(0.0:14): avc: denied { getattr } for comm="bootstat" path="/vendor" dev="rootfs" ino=4008 scontext=u:r:bootstat:s0 tcontext=u:object_r:rootfs:s0 tclass=lnk_file permissive=0
02-20 20:08:17.356  2061  2061 W bootstat: type=1400 audit(0.0:14): avc: denied { getattr } for path="/vendor" dev="rootfs" ino=4008 scontext=u:r:bootstat:s0 tcontext=u:object_r:rootfs:s0 tclass=lnk_file permissive=0
02-20 20:08:17.466  1679  1748 E ActivityThread: Failed to find provider info for com.android.calendar
02-20 20:08:17.471  1679  1748 E ActivityThread: Failed to find provider info for com.android.calendar
02-20 20:08:17.472  1679  1696 W art     : Long monitor contention with owner android.display (1702) at void com.android.server.wm.WindowManagerService$H.handleMessage(android.os.Message)(WindowManagerService.java:8368) waiters=0 in void com.android.server.wm.WindowManagerService.updateRotationUnchecked(boolean, boolean) for 233ms
02-20 20:08:17.472  1679  1702 I wm_boot_animation_done: 13472
02-20 20:08:17.472  1679  1696 I dvm_lock_sample: [system_server,1,android.ui,233,WindowManagerService.java,6783,-,8368,46]
02-20 20:08:17.477  1679  1702 I SystemServiceManager: Starting phase 1000
02-20 20:08:17.483  1679  1747 D NotificationSQLiteLog: Pruned event entries: 0
02-20 20:08:17.484  2064  2064 W art     : Unexpected CPU variant for X86 using defaults: x86_64
02-20 20:08:17.507  1679  1702 I am_proc_start: [0,2064,10015,com.google.android.ext.services,on-hold,]
02-20 20:08:17.507  1679  1702 I ActivityManager: Start proc 2064:com.google.android.ext.services/u0a15 for on-hold
02-20 20:08:17.515  1679  1702 D ActivityManager: Finishing user boot 0
02-20 20:08:17.516  1679  1702 I sysui_histogram: [framework_locked_boot_completed,13]
02-20 20:08:17.521  1679  1702 D CryptdConnector: SND -> {3 cryptfs prepare_user_storage ! 0 0 2}
02-20 20:08:17.522  1267  1303 D vold    : e4crypt_prepare_user_storage for volume null, user 0, serial 0, flags 2
02-20 20:08:17.523  1267  1303 D vold    : Preparing: /data/system_ce/0
02-20 20:08:17.523  1267  1303 D vold    : Preparing: /data/misc_ce/0
02-20 20:08:17.523  1267  1303 D vold    : Preparing: /data/media/0
02-20 20:08:17.523  1267  1303 D vold    : Preparing: /data/data
02-20 20:08:17.523  1679  1731 D CryptdConnector: RCV <- {200 3 Command succeeded}
02-20 20:08:17.525  1679  1702 V UserManagerService: Found /data/user/0 with serial number 0
02-20 20:08:17.525  1679  1702 V UserManagerService: Found /data/system_ce/0 with serial number 0
02-20 20:08:17.526  1679  1702 V PackageManager: reconcileAppsData for null u0 0x2
02-20 20:08:17.507     0     0 I init    : write_file: Unable to open '/sys/class/android_usb/android0/enable': No such file or directory
02-20 20:08:17.509     0     0 I init    : write_file: Unable to open '/sys/class/android_usb/android0/idVendor': No such file or directory
02-20 20:08:17.517     0     0 I init    : write_file: Unable to open '/sys/class/android_usb/android0/idProduct': No such file or directory
02-20 20:08:17.523     0     0 I init    : write_file: Unable to open '/sys/class/android_usb/android0/functions': No such file or directory
02-20 20:08:17.525     0     0 I init    : write_file: Unable to open '/sys/class/android_usb/android0/enable': No such file or directory
02-20 20:08:17.588  1920  1950 D SubscriptionController: [getPhoneId]- no sims, returning default phoneId=2147483647
02-20 20:08:17.595  1679  1694 I SyncManager: Got SyncJobService instance.
02-20 20:08:17.596  1679  1679 I FusedLocation: engine started (com.android.location.fused)
02-20 20:08:17.608  1679  1702 V PackageManager: reconcileAppsData finished 100 packages
02-20 20:08:17.608  1679  1816 W art     : Long monitor contention with owner android.display (1702) at void com.android.server.am.ActivityManagerService.finishBooting()(ActivityManagerService.java:6823) waiters=0 in android.content.Intent com.android.server.am.ActivityManagerService.registerReceiver(android.app.IApplicationThread, java.lang.String, android.content.IIntentReceiver, android.content.IntentFilter, java.lang.String, int) for 128ms
02-20 20:08:17.608  1679  1816 I dvm_lock_sample: [system_server,1,Binder:1679_4,128,ActivityManagerService.java,17547,-,6823,25]
02-20 20:08:17.608  1679  1690 W art     : Long monitor contention with owner android.display (1702) at void com.android.server.am.ActivityManagerService.finishBooting()(ActivityManagerService.java:6823) waiters=1 in com.android.server.am.ProcessRecord com.android.server.am.ActivityManagerService.findAppProcess(android.os.IBinder, java.lang.String) for 127ms
02-20 20:08:17.608  1679  1690 I dvm_lock_sample: [system_server,1,Binder:1679_1,127,ActivityManagerService.java,13717,-,6823,25]
02-20 20:08:17.618  2082  2082 W art     : Unexpected CPU variant for X86 using defaults: x86_64
02-20 20:08:17.624  1679  1966 I am_proc_start: [0,2082,10001,android.process.acore,content provider,com.android.providers.contacts/.ContactsProvider2]
02-20 20:08:17.624  1679  1966 I ActivityManager: Start proc 2082:android.process.acore/u0a1 for content provider com.android.providers.contacts/.ContactsProvider2
02-20 20:08:17.625  1679  1695 W art     : Long monitor contention with owner android.display (1702) at void com.android.server.am.ActivityManagerService.finishBooting()(ActivityManagerService.java:6823) waiters=3 in void com.android.server.am.BroadcastQueue.processNextBroadcast(boolean) for 108ms
02-20 20:08:17.625  1679  1695 I dvm_lock_sample: [system_server,1,ActivityManager,108,BroadcastQueue.java,760,ActivityManagerService.java,6823,21]
02-20 20:08:17.625  1679  1695 D MountService: onUnlockUser 0
02-20 20:08:17.625  1679  1695 D VoldConnector: SND -> {7 volume user_started 0}
02-20 20:08:17.625  1679  1691 I am_proc_bound: [0,2064,com.google.android.ext.services]
02-20 20:08:17.648  1267  1302 D vold    : Linking /storage/emulated/0 to /mnt/user/0/primary
02-20 20:08:17.648  1679  1730 D VoldConnector: RCV <- {200 7 Command succeeded}
02-20 20:08:17.657  1679  1729 D MountService: Volume public:253,64 broadcasting mounted to UserHandle{0}
02-20 20:08:17.661  1920  1920 D CarrierConfigLoader: CarrierConfigLoader has started
02-20 20:08:17.663  1920  1920 E BluetoothAdapter: Bluetooth binder is null
02-20 20:08:17.663  1679  2078 D TelephonyRegistry: listen oscl: hasNotifySubscriptionInfoChangedOccurred==false no callback
02-20 20:08:17.669  1679  1729 D MountService: Volume emulated broadcasting mounted to UserHandle{0}
02-20 20:08:17.724  1920  1920 D RILJ    : [3655]> RIL_REQUEST_SET_TTY_MODE : 0 [SUB0]
02-20 20:08:17.740  1375  1473 D RIL     : onRequest: SET_TTY_MODE
02-20 20:08:17.740  1920  2006 D RilRequest: [3655]< RIL_REQUEST_SET_TTY_MODE error: com.android.internal.telephony.CommandException: RADIO_NOT_AVAILABLE ret=
02-20 20:08:17.740  1679  1695 V BackupManagerService: No ancestral data
02-20 20:08:17.740  1920  1920 I Telephony: TtyManager: updateUiTtyMode -1 -> 0
02-20 20:08:17.743  1679  1794 D TelephonyRegistry: listen oscl: hasNotifySubscriptionInfoChangedOccurred==false no callback
02-20 20:08:17.744  1920  1920 D SubscriptionController: [getPhoneId] asked for default subId=-1
02-20 20:08:17.745  1920  1920 D UiccController: EVENT_RADIO_UNAVAILABLE, dispose card
02-20 20:08:17.745  1920  1920 D UiccController: Received EVENT_ICC_STATUS_CHANGED, calling getIccCardStatus
02-20 20:08:17.745  1920  1920 D RILJ    : [3656]> GET_SIM_STATUS [SUB0]
02-20 20:08:17.745  1375  1473 D RIL     : onRequest: GET_SIM_STATUS
02-20 20:08:17.745  1375  1473 D RIL     : getSIMStatus(). sState: 0
02-20 20:08:17.746  1920  2006 D RILJ    : [3656]< GET_SIM_STATUS IccCardState {CARDSTATE_PRESENT,PINSTATE_UNKNOWN,num_apps=2,gsm_id=0{APPTYPE_SIM,APPSTATE_DETECTED},cdma_id=1{APPTYPE_RUIM,APPSTATE_DETECTED},ims_id=8} [SUB0]
02-20 20:08:17.746  1920  1920 D Phone   : config LCE service failed: com.android.internal.telephony.CommandException: RADIO_NOT_AVAILABLE
02-20 20:08:17.746  1920  1920 D GsmSMSDispatcher: GsmSMSDispatcher: subId = -2 slotId = 0
02-20 20:08:17.747  1920  1920 E IccCardProxy: setExternalState: !override and newstate unchanged from NOT_READY
02-20 20:08:17.747  1920  1920 D RILJ    : [3657]> BASEBAND_VERSION [SUB0]
02-20 20:08:17.748  1375  1473 D RIL     : onRequest: BASEBAND_VERSION
02-20 20:08:17.748  1920  2006 D RilRequest: [3657]< BASEBAND_VERSION error: com.android.internal.telephony.CommandException: RADIO_NOT_AVAILABLE ret=
02-20 20:08:17.749  1920  1920 D RILJ    : [3658]> GET_IMEI [SUB0]
02-20 20:08:17.749  1375  1473 D RIL     : onRequest: GET_IMEI
02-20 20:08:17.749  1375  1473 D AT      : AT> AT+CGSN
02-20 20:08:17.749  1920  1920 D RILJ    : [3659]> GET_IMEISV [SUB0]
02-20 20:08:17.750  1375  1476 D AT      : AT< 000000000000000
02-20 20:08:17.750  1375  1476 D AT      : AT< OK
02-20 20:08:17.750  1920  2006 D RILJ    : [3658]< GET_IMEI  [SUB0]
02-20 20:08:17.750  1679  1695 V BackupManagerService: Starting with transport android/com.android.internal.backup.LocalTransport
02-20 20:08:17.750  1679  1695 V BackupManagerService: Found transports: 2
02-20 20:08:17.752  1375  1473 D RIL     : onRequest: GET_IMEISV
02-20 20:08:17.752  1920  2006 D RilRequest: [3659]< GET_IMEISV error: com.android.internal.telephony.CommandException: RADIO_NOT_AVAILABLE ret=
02-20 20:08:17.753  1920  1920 D RILJ    : [3660]> RIL_REQUEST_GET_RADIO_CAPABILITY [SUB0]
02-20 20:08:17.753  1375  1473 D RIL     : onRequest: RIL_REQUEST_GET_RADIO_CAPABILITY
02-20 20:08:17.753  1920  2006 D RilRequest: [3660]< RIL_REQUEST_GET_RADIO_CAPABILITY error: com.android.internal.telephony.CommandException: RADIO_NOT_AVAILABLE ret=
02-20 20:08:17.753  1920  1920 D RILJ    : [3661]> RIL_REQUEST_START_LCE [SUB0]
02-20 20:08:17.754  1375  1473 D RIL     : onRequest: <unknown request>
02-20 20:08:17.754  1920  2006 D RilRequest: [3661]< RIL_REQUEST_START_LCE error: com.android.internal.telephony.CommandException: RADIO_NOT_AVAILABLE ret=
02-20 20:08:17.754  1920  1920 D GsmCdmaPhone: [GsmCdmaPhone] Event EVENT_RADIO_OFF_OR_NOT_AVAILABLE Received
02-20 20:08:17.754  1920  1920 E IccCardProxy: setExternalState: !override and newstate unchanged from NOT_READY
02-20 20:08:17.754  1920  1920 D SST     : mDeviceShuttingDown=false, mDesiredPowerState=true, getRadioState=RADIO_OFF, mPowerOffDelayNeed=true, mAlarmSwitch=false, mRadioDisabledByCarrier=false
02-20 20:08:17.754  1920  1920 D RILJ    : [3662]> RADIO_POWER on [SUB0]
02-20 20:08:17.755  1375  1473 D RIL     : onRequest: RADIO_POWER
02-20 20:08:17.755  1375  1473 D AT      : AT> AT+CFUN=1
02-20 20:08:17.755  1375  1476 D AT      : AT< OK
02-20 20:08:17.755  1375  1473 D RIL     : setRadioState(10)
02-20 20:08:17.755  1920  2006 D RILJ    : [UNSL]< UNSOL_RESPONSE_RADIO_STATE_CHANGED RADIO_ON [SUB0]
02-20 20:08:17.755  1920  2006 D RILJ    : [UNSL]< UNSOL_RESPONSE_SIM_STATUS_CHANGED [SUB0]
02-20 20:08:17.755  1920  2006 D RILJ    : [3662]< RADIO_POWER  [SUB0]
02-20 20:08:17.756  1920  1920 D RILJ    : [3663]> OPERATOR [SUB0]
02-20 20:08:17.756  1375  1473 D RIL     : onRequest: OPERATOR
02-20 20:08:17.756  1375  1473 D AT      : AT> AT+COPS=3,0;+COPS?;+COPS=3,1;+COPS?;+COPS=3,2;+COPS?
02-20 20:08:17.756  1375  1476 D AT      : AT< +COPS: 0,0,"Android"
02-20 20:08:17.756  1375  1476 D AT      : AT< +COPS: 0,1,"Android"
02-20 20:08:17.756  1375  1476 D AT      : AT< +COPS: 0,2,"310260"
02-20 20:08:17.756  1375  1476 D AT      : AT< OK
02-20 20:08:17.756  1920  2006 D RILJ    : [3663]< OPERATOR {Android, Android, 310260} [SUB0]
02-20 20:08:17.766  1920  1920 D RILJ    : [3664]> DATA_REGISTRATION_STATE [SUB0]
02-20 20:08:17.766  1375  1473 D RIL     : onRequest: DATA_REGISTRATION_STATE
02-20 20:08:17.766  1375  1473 D RIL     : requestRegistrationState
02-20 20:08:17.766  1375  1473 D AT      : AT> AT+CGREG?
02-20 20:08:17.766  1375  1476 D AT      : AT< +CGREG: 1,1,"0003","005b","000e"
02-20 20:08:17.766  1375  1476 D AT      : AT< OK
02-20 20:08:17.767  1375  1473 D RIL     : parseRegistrationState. Parsing: +CGREG: 1,1,"0003","005b","000e"
02-20 20:08:17.767  1375  1473 D RIL     : registration state type: 3GPP
02-20 20:08:17.767  1920  2006 D RILJ    : [3664]< DATA_REGISTRATION_STATE {1, 3, 5b, 14, null, null} [SUB0]
02-20 20:08:17.767  1920  1920 D RILJ    : [3665]> VOICE_REGISTRATION_STATE [SUB0]
02-20 20:08:17.767  1375  1473 D RIL     : onRequest: VOICE_REGISTRATION_STATE
02-20 20:08:17.767  1375  1473 D RIL     : requestRegistrationState
02-20 20:08:17.767  1375  1473 D AT      : AT> AT+CREG?
02-20 20:08:17.768  1375  1476 D AT      : AT< +CREG: 2,1, "0003", "005b"
02-20 20:08:17.768  1375  1476 D AT      : AT< OK
02-20 20:08:17.768  1375  1473 D RIL     : parseRegistrationState. Parsing: +CREG: 2,1, "0003", "005b"
02-20 20:08:17.768  1375  1473 D RIL     : registration state type: 3GPP
02-20 20:08:17.768  1920  2006 D RILJ    : [3665]< VOICE_REGISTRATION_STATE {1, 3, 5b, 0, null, null, null, null, null, null, null, null, null, null, null} [SUB0]
02-20 20:08:17.768  1920  1920 D RILJ    : [3666]> QUERY_NETWORK_SELECTION_MODE [SUB0]
02-20 20:08:17.768  1375  1473 D RIL     : onRequest: QUERY_NETWORK_SELECTION_MODE
02-20 20:08:17.768  1375  1473 D AT      : AT> AT+COPS?
02-20 20:08:17.768  1375  1476 D AT      : AT< +COPS: 0,2,310260
02-20 20:08:17.768  1375  1476 D AT      : AT< OK
02-20 20:08:17.769  1920  2006 D RILJ    : [3666]< QUERY_NETWORK_SELECTION_MODE {0} [SUB0]
02-20 20:08:17.769  1920  1920 D SST     : NITZ: 18/02/20:20:08:09+0:0:Unknown!Unknown,4921 start=13769 delay=8848
02-20 20:08:17.769  1920  1920 D SST     : NITZ: tzOffset=0 dst=0 zone=GMT iso= mGotCountryCode=false mNeedFixZoneAfterNitz=false
02-20 20:08:17.770  1920  1920 D SST     : setAndBroadcastNetworkSetTimeZone: setTimeZone=GMT
02-20 20:08:17.771  1679  2080 D AlarmManagerService: Kernel timezone updated to 0 minutes west of GMT
02-20 20:08:17.786  1679  1696 W art     : Long monitor contention with owner android.bg (1694) at void java.lang.Object.wait!(long, int)(Object.java:-2) waiters=0 in void com.android.server.net.NetworkPolicyManagerService$1.onUidStateChanged(int, int) for 122ms
02-20 20:08:17.786  1679  1696 I dvm_lock_sample: [system_server,1,android.ui,122,NetworkPolicyManagerService.java,686,Object.java,-2,24]
02-20 20:08:17.787  1679  1695 I am_proc_start: [0,2101,10014,com.google.android.gms.persistent,service,com.google.android.gms/.backup.BackupTransportService]
02-20 20:08:17.787  1679  1695 I ActivityManager: Start proc 2101:com.google.android.gms.persistent/u0a14 for service com.google.android.gms/.backup.BackupTransportService
02-20 20:08:17.788  1679  1679 V BackupManagerService: Connected to transport ComponentInfo{android/com.android.internal.backup.LocalTransportService}
02-20 20:08:17.788  1679  1679 V BackupManagerService: Registering transport android/com.android.internal.backup.LocalTransportService::android/com.android.internal.backup.LocalTransport = android.app.backup.BackupTransport$TransportImpl@c858834
02-20 20:08:17.789  1679  1695 I BackupManagerService: Backup enabled => false
02-20 20:08:17.792  2064  2064 W System  : ClassLoader referenced unknown path: /system/priv-app/GoogleExtServices/lib/x86_64
02-20 20:08:17.794  2101  2101 W art     : Unexpected CPU variant for X86 using defaults: x86_64
02-20 20:08:17.794  1920  1920 D SST     : setAndBroadcastNetworkSetTimeZone: call alarm.setTimeZone and broadcast zoneId=GMT
02-20 20:08:17.795  1679  1816 I am_proc_bound: [0,2082,android.process.acore]
02-20 20:08:17.798  1920  1920 D SST     : NITZ: Setting time of day to Tue Feb 20 20:08:17 GMT+00:00 2018 NITZ receive delay(ms): 8877 gained(ms): 79 from 18/02/20:20:08:09+0:0:Unknown!Unknown
02-20 20:08:17.798  1920  1920 D SST     : setAndBroadcastNetworkSetTime: time=1519157297877ms
02-20 20:08:17.799  1679  1679 I backup_transport_lifecycle: [android/com.android.internal.backup.LocalTransportService,1]
02-20 20:08:17.799  1679  2080 D AlarmManagerService: Setting time of day to sec=1519157297
02-20 20:08:17.877  1679  2080 W AlarmManagerService: Unable to set rtc to 1519157297: No such device
02-20 20:08:17.892  1920  1920 I SST     : NITZ: after Setting time of day
02-20 20:08:17.894  1920  1920 D SST     : NITZ: end=13816 dur=47
02-20 20:08:17.900  1679  2080 I am_proc_bound: [0,2101,com.google.android.gms.persistent]
02-20 20:08:17.919  1920  1920 D SST     : mDeviceShuttingDown=false, mDesiredPowerState=true, getRadioState=RADIO_ON, mPowerOffDelayNeed=true, mAlarmSwitch=false, mRadioDisabledByCarrier=false
02-20 20:08:17.919  1920  1920 D RILJ    : [3667]> OPERATOR [SUB0]
02-20 20:08:17.919  1920  1920 D RILJ    : [3668]> DATA_REGISTRATION_STATE [SUB0]
02-20 20:08:17.919  1375  1473 D RIL     : onRequest: OPERATOR
02-20 20:08:17.919  1375  1473 D AT      : AT> AT+COPS=3,0;+COPS?;+COPS=3,1;+COPS?;+COPS=3,2;+COPS?
02-20 20:08:17.919  1375  1476 D AT      : AT< +COPS: 0,0,"Android"
02-20 20:08:17.919  1375  1476 D AT      : AT< +COPS: 0,1,"Android"
02-20 20:08:17.919  1375  1476 D AT      : AT< +COPS: 0,2,"310260"
02-20 20:08:17.919  1375  1476 D AT      : AT< OK
02-20 20:08:17.920  1920  2006 D RILJ    : [3667]< OPERATOR {Android, Android, 310260} [SUB0]
02-20 20:08:17.920  1920  1920 D RILJ    : [3669]> VOICE_REGISTRATION_STATE [SUB0]
02-20 20:08:17.920  1375  1473 D RIL     : onRequest: DATA_REGISTRATION_STATE
02-20 20:08:17.920  1375  1473 D RIL     : requestRegistrationState
02-20 20:08:17.920  1375  1473 D AT      : AT> AT+CGREG?
02-20 20:08:17.920  1375  1476 D AT      : AT< +CGREG: 1,1,"0003","005b","000e"
02-20 20:08:17.920  1375  1476 D AT      : AT< OK
02-20 20:08:17.920  1375  1473 D RIL     : parseRegistrationState. Parsing: +CGREG: 1,1,"0003","005b","000e"
02-20 20:08:17.920  1375  1473 D RIL     : registration state type: 3GPP
02-20 20:08:17.920  1920  1920 D RILJ    : [3670]> QUERY_NETWORK_SELECTION_MODE [SUB0]
02-20 20:08:17.922  1375  1473 D RIL     : onRequest: VOICE_REGISTRATION_STATE
02-20 20:08:17.922  1375  1473 D RIL     : requestRegistrationState
02-20 20:08:17.922  1375  1473 D AT      : AT> AT+CREG?
02-20 20:08:17.922  1375  1476 D AT      : AT< +CREG: 2,1, "0003", "005b"
02-20 20:08:17.922  1375  1476 D AT      : AT< OK
02-20 20:08:17.922  1375  1473 D RIL     : parseRegistrationState. Parsing: +CREG: 2,1, "0003", "005b"
02-20 20:08:17.922  1375  1473 D RIL     : registration state type: 3GPP
02-20 20:08:17.922  1920  1920 D SST     : onSignalStrengthResult() Exception from RIL : com.android.internal.telephony.CommandException: RADIO_NOT_AVAILABLE
02-20 20:08:17.922  1920  2006 D RILJ    : [3668]< DATA_REGISTRATION_STATE {1, 3, 5b, 14, null, null} [SUB0]
02-20 20:08:17.922  1920  2006 D RILJ    : [3669]< VOICE_REGISTRATION_STATE {1, 3, 5b, 0, null, null, null, null, null, null, null, null, null, null, null} [SUB0]
02-20 20:08:17.923  1375  1473 D RIL     : onRequest: QUERY_NETWORK_SELECTION_MODE
02-20 20:08:17.923  1375  1473 D AT      : AT> AT+COPS?
02-20 20:08:17.923  1375  1476 D AT      : AT< +COPS: 0,2,310260
02-20 20:08:17.923  1375  1476 D AT      : AT< OK
02-20 20:08:17.923  1920  2006 D RILJ    : [3670]< QUERY_NETWORK_SELECTION_MODE {0} [SUB0]
02-20 20:08:17.924  1920  1920 D DCT     : [0]NETWORK_STATE_CHANGED_ACTION: mIsWifiConnected=false
02-20 20:08:17.924  1920  1920 D DCT     : [0]Wifi state changed
02-20 20:08:17.924  1920  1920 D DCT     : [0]WIFI_STATE_CHANGED_ACTION: enabled=true mIsWifiConnected=false
02-20 20:08:17.924  1920  1920 D DCT     : [0]onRadioAvailable
02-20 20:08:17.924  1920  1920 D DCT     : [0]onRadioOffOrNotAvailable: is off and clean up all connections
02-20 20:08:17.924  1920  1920 D DCT     : [0]cleanUpAllConnections: tearDown=false reason=radioTurnedOff
02-20 20:08:17.924  1920  1920 D GsmCdmaPhone: [GsmCdmaPhone] getDataConnectionState apnType=default ret=DISCONNECTED
02-20 20:08:17.926  1920  1920 D DCT     : [0]cleanUpConnection: X tearDown=false reason=radioTurnedOff apnContext={mApnType=default mState=IDLE mWaitingApns={null} mApnSetting={null} mReason=radioTurnedOff mDataEnabled=false mDependencyMet=true} dcac=null
02-20 20:08:17.926  1920  1920 D GsmCdmaPhone: [GsmCdmaPhone] getDataConnectionState apnType=mms ret=DISCONNECTED
02-20 20:08:17.927  1920  1920 D DCT     : [0]cleanUpConnection: X tearDown=false reason=radioTurnedOff apnContext={mApnType=mms mState=IDLE mWaitingApns={null} mApnSetting={null} mReason=radioTurnedOff mDataEnabled=false mDependencyMet=true} dcac=null
02-20 20:08:17.927  1920  1920 D GsmCdmaPhone: [GsmCdmaPhone] getDataConnectionState apnType=cbs ret=DISCONNECTED
02-20 20:08:17.928  1920  1920 D DCT     : [0]cleanUpConnection: X tearDown=false reason=radioTurnedOff apnContext={mApnType=cbs mState=IDLE mWaitingApns={null} mApnSetting={null} mReason=radioTurnedOff mDataEnabled=false mDependencyMet=true} dcac=null
02-20 20:08:17.928  1920  1920 D GsmCdmaPhone: [GsmCdmaPhone] getDataConnectionState apnType=fota ret=DISCONNECTED
02-20 20:08:17.928  1920  1920 D DCT     : [0]cleanUpConnection: X tearDown=false reason=radioTurnedOff apnContext={mApnType=fota mState=IDLE mWaitingApns={null} mApnSetting={null} mReason=radioTurnedOff mDataEnabled=false mDependencyMet=true} dcac=null
02-20 20:08:17.928  1920  1920 D GsmCdmaPhone: [GsmCdmaPhone] getDataConnectionState apnType=supl ret=DISCONNECTED
02-20 20:08:17.929  1920  1920 D DCT     : [0]cleanUpConnection: X tearDown=false reason=radioTurnedOff apnContext={mApnType=supl mState=IDLE mWaitingApns={null} mApnSetting={null} mReason=radioTurnedOff mDataEnabled=false mDependencyMet=true} dcac=null
02-20 20:08:17.929  1920  1920 D GsmCdmaPhone: [GsmCdmaPhone] getDataConnectionState apnType=ia ret=DISCONNECTED
02-20 20:08:17.929  1920  1920 D DCT     : [0]cleanUpConnection: X tearDown=false reason=radioTurnedOff apnContext={mApnType=ia mState=IDLE mWaitingApns={null} mApnSetting={null} mReason=radioTurnedOff mDataEnabled=false mDependencyMet=true} dcac=null
02-20 20:08:17.929  1920  1920 D GsmCdmaPhone: [GsmCdmaPhone] getDataConnectionState apnType=emergency ret=DISCONNECTED
02-20 20:08:17.929  1920  1920 D DCT     : [0]cleanUpConnection: X tearDown=false reason=radioTurnedOff apnContext={mApnType=emergency mState=IDLE mWaitingApns={null} mApnSetting={null} mReason=radioTurnedOff mDataEnabled=false mDependencyMet=true} dcac=null
02-20 20:08:17.930  1920  1920 D GsmCdmaPhone: [GsmCdmaPhone] getDataConnectionState apnType=hipri ret=DISCONNECTED
02-20 20:08:17.931  1920  1920 D DCT     : [0]cleanUpConnection: X tearDown=false reason=radioTurnedOff apnContext={mApnType=hipri mState=IDLE mWaitingApns={null} mApnSetting={null} mReason=radioTurnedOff mDataEnabled=false mDependencyMet=true} dcac=null
02-20 20:08:17.931  1920  1920 D GsmCdmaPhone: [GsmCdmaPhone] getDataConnectionState apnType=ims ret=DISCONNECTED
02-20 20:08:17.932  1920  1920 D DCT     : [0]cleanUpConnection: X tearDown=false reason=radioTurnedOff apnContext={mApnType=ims mState=IDLE mWaitingApns={null} mApnSetting={null} mReason=radioTurnedOff mDataEnabled=false mDependencyMet=true} dcac=null
02-20 20:08:17.932  1920  1920 D DCT     : [0]stopNetStatPoll
02-20 20:08:17.932  1920  1920 D DCT     : [0]cleanUpConnection: mDisconnectPendingCount = 0
02-20 20:08:17.933  1920  1920 D DCT     : [0]isDataAllowed: No - SIM not loaded - Not attached
02-20 20:08:17.938  1920  1920 D DCT     : [0]onDataConnectionDetached: stop polling and notify detached
02-20 20:08:17.938  1920  1920 D DCT     : [0]stopNetStatPoll
02-20 20:08:17.938  1920  1920 D DCT     : [0]notifyDataConnection: reason=dataDetached
02-20 20:08:17.938  1920  1920 D DCT     : [0]isDataAllowed: No - SIM not loaded - Not attached
02-20 20:08:17.949  1364  1800 I art     : Starting a blocking GC HeapTrim
02-20 20:08:17.950  2082  2082 W System  : ClassLoader referenced unknown path: /system/priv-app/ContactsProvider/lib/x86_64
02-20 20:08:17.957  2123  2123 W art     : Unexpected CPU variant for X86 using defaults: x86
02-20 20:08:17.958  1760  1760 I InputAttributes: InputType.TYPE_NULL is specified
02-20 20:08:17.959  1679  1695 I am_proc_start: [0,2123,10029,com.google.android.googlequicksearchbox:interactor,service,com.google.android.googlequicksearchbox/com.google.android.voiceinteraction.GsaVoiceInteractionService]
02-20 20:08:17.959  1679  1695 I ActivityManager: Start proc 2123:com.google.android.googlequicksearchbox:interactor/u0a29 for service com.google.android.googlequicksearchbox/com.google.android.voiceinteraction.GsaVoiceInteractionService
02-20 20:08:17.961  1679  1695 I ActivityManager: Loading recents for user 0 into memory.
02-20 20:08:17.965  2101  2101 W System  : ClassLoader referenced unknown path: /system/priv-app/PrebuiltGmsCore/lib/x86_64
02-20 20:08:18.001  1679  1695 D ActivityManager: Sending BOOT_COMPLETE user #0
02-20 20:08:18.001  1679  1695 I sysui_histogram: [framework_boot_completed,13]
02-20 20:08:18.004  1679  1690 I am_proc_bound: [0,2123,com.google.android.googlequicksearchbox:interactor]
02-20 20:08:18.016  1679  2098 V KeyValueBackupJob: Scheduling k/v pass in 240 minutes
02-20 20:08:18.019  1679  1679 D ConditionProviders.SCP: onReceive android.intent.action.TIME_SET
02-20 20:08:18.031  1679  1679 D ConditionProviders.SCP: notifyCondition condition://android/schedule?days=6.7&start=23.30&end=10.0&exitAtAlarm=false STATE_FALSE reason=!meetsSchedule
02-20 20:08:18.078  1679  1691 I dvm_lock_sample: [system_server,1,Binder:1679_2,52,ActivityManagerService.java,18551,BroadcastQueue.java,760,10]
02-20 20:08:18.079  1927  1927 D FallbackHome: User unlocked and real home found; let's go!
02-20 20:08:18.084  1679  1679 D ConditionProviders.SCP: notifyCondition condition://android/schedule?days=1.2.3.4.5&start=22.0&end=7.0&exitAtAlarm=false STATE_FALSE reason=!meetsSchedule
02-20 20:08:18.084  1679  1679 D ConditionProviders.SCP: Scheduling evaluate for Tue Feb 20 22:00:00 GMT+00:00 2018 (1519164000000), in +1h51m41s981ms, now=Tue Feb 20 20:08:18 GMT+00:00 2018 (1519157298019)
02-20 20:08:18.085  1679  1794 I am_finish_activity: [0,14243951,1,com.android.settings/.FallbackHome,app-request]
02-20 20:08:18.141  1679  1679 I AccountManagerService: User 0 is unlocked - opening CE database
02-20 20:08:18.191  1679  1794 I am_pause_activity: [0,14243951,com.android.settings/.FallbackHome]
02-20 20:08:18.193  1927  1927 I am_on_paused_called: [0,com.android.settings.FallbackHome,handlePauseActivity]
02-20 20:08:18.195  1679  1794 I ActivityManager: START u0 {act=android.intent.action.MAIN cat=[android.intent.category.HOME] flg=0x10000100 cmp=com.google.android.apps.nexuslauncher/.NexusLauncherActivity} from uid 0 on display 0
02-20 20:08:18.213  1679  1794 I am_create_task: [0,110]
02-20 20:08:18.213  1679  1794 I am_create_activity: [0,68103470,110,com.google.android.apps.nexuslauncher/.NexusLauncherActivity,android.intent.action.MAIN,NULL,NULL,268435712]
02-20 20:08:18.213  1679  1794 I wm_task_created: [110,0]
02-20 20:08:18.216  1679  1794 I wm_task_moved: [110,1,1]
02-20 20:08:18.219  1679  1794 I wm_task_moved: [110,1,1]
02-20 20:08:18.221  1679  1794 I am_focused_activity: [0,com.google.android.apps.nexuslauncher/.NexusLauncherActivity,startedActivity]
02-20 20:08:18.235  1679  1794 I am_proc_start: [0,2152,10021,com.google.android.apps.nexuslauncher,activity,com.google.android.apps.nexuslauncher/.NexusLauncherActivity]
02-20 20:08:18.235  1679  1794 I ActivityManager: Start proc 2152:com.google.android.apps.nexuslauncher/u0a21 for activity com.google.android.apps.nexuslauncher/.NexusLauncherActivity
02-20 20:08:18.235  1679  2078 W art     : Long monitor contention with owner Binder:1679_3 (1794) at boolean com.android.server.am.ActivityManagerService.finishActivity(android.os.IBinder, int, android.content.Intent, int)(ActivityManagerService.java:4839) waiters=4 in android.app.IActivityManager$ContentProviderHolder com.android.server.am.ActivityManagerService.getContentProviderImpl(android.app.IApplicationThread, java.lang.String, android.os.IBinder, boolean, int) for 118ms
02-20 20:08:18.235  1679  2078 I dvm_lock_sample: [system_server,1,Binder:1679_6,118,ActivityManagerService.java,10666,-,4839,23]
02-20 20:08:18.251  1679  1695 I sysui_count: [window_time_0,7]
02-20 20:08:18.251  1679  1696 W WindowManager: Keyguard drawn timeout. Setting mKeyguardDrawComplete
02-20 20:08:18.251  1766  1766 I OpaLayout: Setting opa enabled to false
02-20 20:08:18.256  1920  1920 D DCT     : [0]onRoamingOff
02-20 20:08:18.257  1927  1978 D EGL_emulation: eglMakeCurrent: 0x789801ff1840: ver 3 0 (tinfo 0x78980c29c8a0)
02-20 20:08:18.259  1920  1920 D DCT     : [0]isDataAllowed: No - SIM not loaded - Not attached
