02-20 20:08:15.191  1679  1691 I am_proc_bound: [0,1760,com.android.inputmethod.latin]
02-20 20:08:15.200  1267  1302 V vold    : DISK mbr
02-20 20:08:15.200  1267  1302 V vold    : 
02-20 20:08:15.202  1267  1302 W vold    : disk:253,64 has unknown partition table; trying entire device
02-20 20:08:15.202  1267  1302 V vold    : /system/bin/blkid
02-20 20:08:15.202  1267  1302 V vold    :     -c
02-20 20:08:15.202  1267  1302 V vold    :     /dev/null
02-20 20:08:15.202  1267  1302 V vold    :     -s
02-20 20:08:15.202  1267  1302 V vold    :     TYPE
02-20 20:08:15.202  1267  1302 V vold    :     -s
02-20 20:08:15.202  1267  1302 V vold    :     UUID
02-20 20:08:15.202  1267  1302 V vold    :     -s
02-20 20:08:15.202  1267  1302 V vold    :     LABEL
02-20 20:08:15.202  1267  1302 V vold    :     /dev/block/vold/disk:253,64
02-20 20:08:15.225  1766  1766 W art     : Unexpected CPU variant for X86 using defaults: x86_64
02-20 20:08:15.239  1679  1679 I Zygote  : Process: zygote socket opened, supported ABIS: x86
02-20 20:08:15.239  1364  1574 I art     : Starting a blocking GC HeapTrim
02-20 20:08:15.246  1679  1791 E WVMExtractor: Failed to open libwvm.so: dlopen failed: library "libwvm.so" not found
02-20 20:08:15.247  1364  1364 I art     : Starting a blocking GC Background
02-20 20:08:15.252  1267  1302 V vold    : /dev/block/vold/disk:253,64: LABEL="SDCARD" UUID="1E12-0B12" TYPE="vfat" 
02-20 20:08:15.252  1267  1302 V vold    : 
02-20 20:08:15.252  1679  1730 D VoldConnector: RCV <- {650 public:253,64 0 "disk:253,64" ""}
02-20 20:08:15.252  1679  1730 D VoldConnector: RCV <- {651 public:253,64 0}
02-20 20:08:15.252  1679  1730 D VoldConnector: RCV <- {643 disk:253,64}
02-20 20:08:15.253  1679  1730 D VoldConnector: RCV <- {200 3 Command succeeded}
02-20 20:08:15.253  1679  1729 D VoldConnector: SND -> {4 volume user_added 0 0}
02-20 20:08:15.253  1679  1730 D VoldConnector: RCV <- {200 4 Command succeeded}
02-20 20:08:15.262     0     0 D ieee80211 phy1: hw scan 2462 MHz
02-20 20:08:15.305  1679  1679 W ActivityManager: Slow operation: 78ms so far, now at startProcess: returned from zygote!
02-20 20:08:15.305  1679  1679 W ActivityManager: Slow operation: 78ms so far, now at startProcess: done updating battery stats
02-20 20:08:15.305  1679  1679 I am_proc_start: [0,1796,1037,WebViewLoader-x86,,]
02-20 20:08:15.305  1679  1679 W ActivityManager: Slow operation: 78ms so far, now at startProcess: building log message
02-20 20:08:15.305  1679  1679 I ActivityManager: Start proc 1796:WebViewLoader-x86/1037 [android.webkit.WebViewFactory$RelroFileCreator] for 
02-20 20:08:15.305  1679  1679 W ActivityManager: Slow operation: 78ms so far, now at startProcess: starting to update pids map
02-20 20:08:15.305  1679  1679 W ActivityManager: Slow operation: 78ms so far, now at startProcess: done updating pids map
02-20 20:08:15.305  1679  1679 W ActivityManager: Slow operation: 78ms so far, now at startProcess: done starting proc!
02-20 20:08:15.308  1796  1796 W art     : Unexpected CPU variant for X86 using defaults: x86
02-20 20:08:15.322  1801  1801 W art     : Unexpected CPU variant for X86 using defaults: x86_64
02-20 20:08:15.325  1679  1679 I am_proc_start: [0,1801,1037,WebViewLoader-x86_64,,]
02-20 20:08:15.325  1679  1679 I ActivityManager: Start proc 1801:WebViewLoader-x86_64/1037 [android.webkit.WebViewFactory$RelroFileCreator] for 
02-20 20:08:15.325  1679  1729 D VoldConnector: SND -> {5 volume mount emulated 3 -1}
02-20 20:08:15.328  1267  1302 V vold    : Waiting for FUSE to spin up...
02-20 20:08:15.328  1679  1730 D VoldConnector: RCV <- {651 emulated 1}
02-20 20:08:15.329  1679  1730 D VoldConnector: RCV <- {656 emulated /data/media}
02-20 20:08:15.330  1679  1690 I am_proc_bound: [0,1766,com.android.systemui]
02-20 20:08:15.330  1679  1730 D VoldConnector: RCV <- {655 emulated /storage/emulated}
02-20 20:08:15.333  1801  1801 V WebViewFactory: RelroFileCreator (64bit = true),  32-bit lib: /system/app/Chrome/Chrome.apk!/lib/x86/libmonochrome.so, 64-bit lib: /system/app/Chrome/Chrome.apk!/lib/x86_64/libmonochrome.so
02-20 20:08:15.334  1679  1679 D NetworkManagement: enabling bandwidth control
02-20 20:08:15.338  1373  1373 I MediaPlayerService: MediaPlayerService::getOMX
02-20 20:08:15.339  1373  1373 I OMXClient: MuxOMX ctor
02-20 20:08:15.340  1796  1796 V WebViewFactory: RelroFileCreator (64bit = false),  32-bit lib: /system/app/Chrome/Chrome.apk!/lib/x86/libmonochrome.so, 64-bit lib: /system/app/Chrome/Chrome.apk!/lib/x86_64/libmonochrome.so
02-20 20:08:15.365  1373  1373 I MediaPlayerService: MediaPlayerService::getOMX
02-20 20:08:15.380     0     0 D ieee80211 phy1: hw scan complete
02-20 20:08:15.380     0     0 D ieee80211 phy1: mac80211_hwsim_get_survey (idx=0)
02-20 20:08:15.396     0     0 D SELinux : initialized (dev fuse, type fuse), uses genfs_contexts
02-20 20:08:15.403     0     0 D SELinux : initialized (dev fuse, type fuse), uses genfs_contexts
02-20 20:08:15.433     0     0 D ieee80211 phy1: mac80211_hwsim_config (freq=0 idle=0 ps=0 smps=auto)
02-20 20:08:15.433     0     0 D ieee80211 phy1: add channel context control: 2447 MHz/width: 2/cfreqs:2437/0 MHz
02-20 20:08:15.433     0     0 D ieee80211 phy1: mac80211_hwsim_bss_info_changed(changed=0x40000)
02-20 20:08:15.433     0     0 D ieee80211 phy1: TX Power: 20 dBm
02-20 20:08:15.433     0     0 D ieee80211 phy1: mac80211_hwsim_bss_info_changed(changed=0x4000)
02-20 20:08:15.433     0     0 D ieee80211 phy1: change channel context control: 2447 MHz/width: 2/cfreqs:2437/0 MHz
02-20 20:08:15.433     0     0 D ieee80211 phy1: mac80211_hwsim_bss_info_changed(changed=0x88340)
02-20 20:08:15.433     0     0 D ieee80211 phy1: BCNINT: 100
02-20 20:08:15.433     0     0 D ieee80211 phy1: BCN EN: 1
02-20 20:08:15.433     0     0 D ieee80211 phy1: mac80211_hwsim_bss_info_changed(changed=0x3e)
02-20 20:08:15.433     0     0 D ieee80211 phy1: ERP_CTS_PROT: 0
02-20 20:08:15.433     0     0 D ieee80211 phy1: ERP_PREAMBLE: 0
02-20 20:08:15.433     0     0 D ieee80211 phy1: ERP_SLOT: 1
02-20 20:08:15.433     0     0 D ieee80211 phy1: HT: op_mode=0x0
02-20 20:08:15.433     0     0 D ieee80211 phy1: BASIC_RATES: 0xf
02-20 20:08:15.433     0     0 D ieee80211 phy1: mac80211_hwsim_conf_tx (queue=0 txop=47 cw_min=3 cw_max=7 aifs=1)
02-20 20:08:15.433     0     0 D ieee80211 phy1: mac80211_hwsim_bss_info_changed(changed=0x2000)
02-20 20:08:15.433     0     0 D ieee80211 phy1: mac80211_hwsim_conf_tx (queue=1 txop=94 cw_min=7 cw_max=15 aifs=1)
02-20 20:08:15.433     0     0 D ieee80211 phy1: mac80211_hwsim_bss_info_changed(changed=0x2000)
02-20 20:08:15.433     0     0 D ieee80211 phy1: mac80211_hwsim_conf_tx (queue=2 txop=0 cw_min=15 cw_max=63 aifs=3)
02-20 20:08:15.433     0     0 D ieee80211 phy1: mac80211_hwsim_bss_info_changed(changed=0x2000)
02-20 20:08:15.433     0     0 D ieee80211 phy1: mac80211_hwsim_conf_tx (queue=3 txop=0 cw_min=15 cw_max=1023 aifs=7)
02-20 20:08:15.433     0     0 D ieee80211 phy1: mac80211_hwsim_bss_info_changed(changed=0x2000)
02-20 20:08:15.433     0     0 I IPv6    : ADDRCONF(NETDEV_CHANGE): wlan1: link becomes ready
02-20 20:08:15.435     0     0 D ieee80211 phy1: mac80211_hwsim_configure_filter
02-20 20:08:15.440     0     0 D SELinux : initialized (dev fuse, type fuse), uses genfs_contexts
02-20 20:08:15.367  1373  1373 I OMXClient: MuxOMX ctor
02-20 20:08:15.368  1370  1370 I OMXMaster: makeComponentInstance(OMX.google.mp3.decoder) in mediacodec process
02-20 20:08:15.380  1267  1302 V vold    : Waiting for FUSE to spin up...
02-20 20:08:15.381  1766  1766 W System  : ClassLoader referenced unknown path: /system/priv-app/SystemUIGoogle/lib/x86_64
02-20 20:08:15.384  1812  1812 W sdcard  : Device explicitly disabled sdcardfs
02-20 20:08:15.431  1267  1302 V vold    : Waiting for FUSE to spin up...
02-20 20:08:15.432  1497  1497 E hostapd : Using interface wlan1 with hwaddr 02:00:00:00:01:00 and ssid "AndroidWifi"
02-20 20:08:15.433  1497  1497 I hostapd : wlan1: interface state HT_SCAN->ENABLED
02-20 20:08:15.433  1497  1497 I hostapd : wlan1: AP-ENABLED 
02-20 20:08:15.442  1373  1373 I MediaPlayerService: MediaPlayerService::getOMX
02-20 20:08:15.442  1373  1373 I OMXClient: MuxOMX ctor
02-20 20:08:15.442  1370  1370 I OMXMaster: makeComponentInstance(OMX.google.amrnb.decoder) in mediacodec process
02-20 20:08:15.450  1679  1737 D WifiController: DEFERRED_TOGGLE handled
02-20 20:08:15.462  1373  1373 I MediaPlayerService: MediaPlayerService::getOMX
02-20 20:08:15.469  1373  1373 I OMXClient: MuxOMX ctor
02-20 20:08:15.469  1370  1391 I OMXMaster: makeComponentInstance(OMX.google.amrwb.decoder) in mediacodec process
02-20 20:08:15.471  1373  1373 I MediaPlayerService: MediaPlayerService::getOMX
02-20 20:08:15.471  1373  1373 I OMXClient: MuxOMX ctor
02-20 20:08:15.471  1370  1370 I OMXMaster: makeComponentInstance(OMX.google.aac.decoder) in mediacodec process
02-20 20:08:15.484  1679  1730 D VoldConnector: RCV <- {651 emulated 2}
02-20 20:08:15.487  1679  1730 D VoldConnector: RCV <- {200 5 Command succeeded}
02-20 20:08:15.487  1679  1729 D VoldConnector: SND -> {6 volume mount public:253,64 2 0}
02-20 20:08:15.488  1267  1302 V vold    : /system/bin/blkid
02-20 20:08:15.488  1267  1302 V vold    :     -c
02-20 20:08:15.488  1267  1302 V vold    :     /dev/null
02-20 20:08:15.488  1267  1302 V vold    :     -s
02-20 20:08:15.488  1267  1302 V vold    :     TYPE
02-20 20:08:15.488  1267  1302 V vold    :     -s
02-20 20:08:15.488  1267  1302 V vold    :     UUID
02-20 20:08:15.488  1267  1302 V vold    :     -s
02-20 20:08:15.488  1267  1302 V vold    :     LABEL
02-20 20:08:15.488  1267  1302 V vold    :     /dev/block/vold/public:253,64
02-20 20:08:15.488  1679  1730 D VoldConnector: RCV <- {651 public:253,64 1}
02-20 20:08:15.493  1373  1373 I MediaPlayerService: MediaPlayerService::getOMX
02-20 20:08:15.493  1373  1373 I OMXClient: MuxOMX ctor
02-20 20:08:15.493  1370  1391 I OMXMaster: makeComponentInstance(OMX.google.g711.alaw.decoder) in mediacodec process
02-20 20:08:15.531  1760  1760 I LatinIME: Hardware accelerated drawing: true
02-20 20:08:15.557  1267  1302 V vold    : /dev/block/vold/public:253,64: LABEL="SDCARD" UUID="1E12-0B12" TYPE="vfat" 
02-20 20:08:15.557  1267  1302 V vold    : 
02-20 20:08:15.557  1267  1302 V vold    : /system/bin/fsck_msdos
02-20 20:08:15.557  1267  1302 V vold    :     -p
02-20 20:08:15.557  1267  1302 V vold    :     -f
02-20 20:08:15.557  1267  1302 V vold    :     /dev/block/vold/public:253,64
02-20 20:08:15.558  1679  1730 D VoldConnector: RCV <- {652 public:253,64 vfat}
02-20 20:08:15.558  1679  1730 D VoldConnector: RCV <- {653 public:253,64 1E12-0B12}
02-20 20:08:15.558  1679  1730 D VoldConnector: RCV <- {654 public:253,64 SDCARD}
02-20 20:08:15.573  1374  1678 D SoftapController: Softap fwReload - Ok
02-20 20:08:15.580  1373  1373 I MediaPlayerService: MediaPlayerService::getOMX
02-20 20:08:15.580  1373  1373 I OMXClient: MuxOMX ctor
02-20 20:08:15.580  1370  1391 I OMXMaster: makeComponentInstance(OMX.google.g711.mlaw.decoder) in mediacodec process
02-20 20:08:15.628  1267  1302 I fsck_msdos: ** /dev/block/vold/public:253,64
02-20 20:08:15.638  1267  1302 I fsck_msdos: ** Phase 1 - Read and Compare FATs
02-20 20:08:15.638  1267  1302 I fsck_msdos: Attempting to allocate 1022 KB for FAT
02-20 20:08:15.678  1373  1373 I MediaPlayerService: MediaPlayerService::getOMX
02-20 20:08:15.678  1373  1373 I OMXClient: MuxOMX ctor
02-20 20:08:15.679  1370  1391 I OMXMaster: makeComponentInstance(OMX.google.vorbis.decoder) in mediacodec process
02-20 20:08:15.688  1766  1766 V SystemUIService: Starting SystemUI services for user 0.
02-20 20:08:15.744     0     0 I init    : Starting service 'wpa_supplicant'...
02-20 20:08:15.726  1760  1760 W InputAttributes: No editor info for this field. Bug?
02-20 20:08:15.727  1679  1679 W NetworkManagement: setDataSaverMode(): already false
02-20 20:08:15.732  1374  1678 D CommandListener: Setting iface cfg
02-20 20:08:15.733  1374  1678 D CommandListener: Trying to bring down wlan0
02-20 20:08:15.734  1374  1678 D CommandListener: Clearing all IP addresses on wlan0
02-20 20:08:15.739  1679  1738 E WifiMonitor: killSupplicant p2pfalse init.svc.wpa_supplicant=unknown init.svc.p2p_supplicant=unknown
02-20 20:08:15.739  1679  1738 E wifi    : Can not initialize the vendor function pointer table
02-20 20:08:15.739  1679  1738 E WifiNative-HAL: Could not start hal
02-20 20:08:15.739  1679  1738 E WifiStateMachine: Failed to start HAL
02-20 20:08:15.744  1796  1796 I art     : System.exit called, status: 0
02-20 20:08:15.744  1796  1796 I AndroidRuntime: VM exiting with result code 0, cleanup skipped.
02-20 20:08:15.745  1679  1738 D WifiMonitor: startMonitoring(wlan0) with mConnected = false
02-20 20:08:15.745  1679  1738 E WifiHW  : Unable to open connection to supplicant on "@android:wpa_wlan0": No such file or directory
02-20 20:08:15.746  1267  1302 I fsck_msdos: Attempting to allocate 1022 KB for FAT
02-20 20:08:15.785  1801  1801 I art     : System.exit called, status: 0
02-20 20:08:15.785  1801  1801 I AndroidRuntime: VM exiting with result code 0, cleanup skipped.
02-20 20:08:15.862     0     0 W FAT-fs (vde): Volume was not properly unmounted. Some data may be corrupt. Please run fsck.
02-20 20:08:15.863     0     0 D SELinux : initialized (dev vde, type vfat), uses genfs_contexts
02-20 20:08:15.789  1766  1766 V MediaRouter: Adding route: RouteInfo{ name=Phone, description=null, status=null, category=RouteCategory{ name=null types=ROUTE_TYPE_LIVE_AUDIO ROUTE_TYPE_LIVE_VIDEO  groupable=false }, supportedTypes=ROUTE_TYPE_LIVE_AUDIO ROUTE_TYPE_LIVE_VIDEO , presentationDisplay=null }
02-20 20:08:15.806  1760  1868 I LatinIME:LogUtils: Dictionary info: dictionary = userunigram.en_US ; version = 1519157295 ; date = ?
02-20 20:08:15.807  1766  1766 V MediaRouter: Updating audio routes: AudioRoutesInfo{ type=SPEAKER }
02-20 20:08:15.808  1760  1868 E ActivityThread: Failed to find provider info for user_dictionary
02-20 20:08:15.809  1760  1868 I LatinIME:LogUtils: Dictionary info: dictionary = UserHistoryDictionary.en_US ; version = 1519157295 ; date = ?
02-20 20:08:15.812  1766  1766 V MediaRouter: Selecting route: RouteInfo{ name=Phone, description=null, status=null, category=RouteCategory{ name=null types=ROUTE_TYPE_LIVE_AUDIO ROUTE_TYPE_LIVE_VIDEO  groupable=false }, supportedTypes=ROUTE_TYPE_LIVE_AUDIO ROUTE_TYPE_LIVE_VIDEO , presentationDisplay=null }
02-20 20:08:15.812  1267  1302 I fsck_msdos: ** Phase 2 - Check Cluster Chains
02-20 20:08:15.820  1373  1373 I MediaPlayerService: MediaPlayerService::getOMX
02-20 20:08:15.820  1373  1373 I OMXClient: MuxOMX ctor
02-20 20:08:15.820  1370  1391 I OMXMaster: makeComponentInstance(OMX.google.opus.decoder) in mediacodec process
02-20 20:08:15.821  1267  1302 I fsck_msdos: ** Phase 3 - Checking Directories
02-20 20:08:15.830  1267  1302 I fsck_msdos: ** Phase 4 - Checking for Lost Files
02-20 20:08:15.834  1679  1816 D TelephonyRegistry: listen oscl: hasNotifySubscriptionInfoChangedOccurred==false no callback
02-20 20:08:15.841  1267  1302 I fsck_msdos: 27 files, 522176 free (261088 clusters)
02-20 20:08:15.860  1267  1302 I Vold    : Filesystem check completed OK
02-20 20:08:15.860  1679  1730 D VoldConnector: RCV <- {656 public:253,64 /mnt/media_rw/1E12-0B12}
02-20 20:08:15.861  1679  1730 D VoldConnector: RCV <- {655 public:253,64 /storage/1E12-0B12}
02-20 20:08:15.864  1267  1302 V vold    : Waiting for FUSE to spin up...
02-20 20:08:15.868  1679  1679 D NetworkPolicy: setRestrictBackgroundUL(): false
02-20 20:08:15.868  1679  1679 W NetworkManagement: setDataSaverMode(): already false
02-20 20:08:15.874  1875  1875 W sdcard  : Device explicitly disabled sdcardfs
02-20 20:08:15.876     0     0 D SELinux : initialized (dev fuse, type fuse), uses genfs_contexts
02-20 20:08:15.883  1864  1864 I wpa_supplicant: Successfully initialized wpa_supplicant
02-20 20:08:15.885  1864  1864 I wpa_supplicant: rfkill: Cannot open RFKILL control device
02-20 20:08:15.886  1864  1864 I wpa_supplicant: nl80211: Could not re-add multicast membership for vendor events: -2 (No such file or directory)
02-20 20:08:15.887  1373  1373 I MediaPlayerService: MediaPlayerService::getOMX
02-20 20:08:15.887  1373  1373 I OMXClient: MuxOMX ctor
02-20 20:08:15.887  1370  1391 I OMXMaster: makeComponentInstance(OMX.google.raw.decoder) in mediacodec process
02-20 20:08:15.880     0     0 D SELinux : initialized (dev fuse, type fuse), uses genfs_contexts
02-20 20:08:15.881     0     0 D SELinux : initialized (dev fuse, type fuse), uses genfs_contexts
02-20 20:08:15.885     0     0 D ieee80211 phy0: mac80211_hwsim_start
02-20 20:08:15.885     0     0 D ieee80211 phy0: mac80211_hwsim_add_interface (type=2 mac_addr=02:00:00:44:55:66)
02-20 20:08:15.885     0     0 D ieee80211 phy0: mac80211_hwsim_bss_info_changed(changed=0xe)
02-20 20:08:15.885     0     0 D ieee80211 phy0: ERP_CTS_PROT: 0
02-20 20:08:15.885     0     0 D ieee80211 phy0: ERP_PREAMBLE: 0
02-20 20:08:15.885     0     0 D ieee80211 phy0: ERP_SLOT: 0
02-20 20:08:15.885     0     0 D ieee80211 phy0: mac80211_hwsim_conf_tx (queue=0 txop=0 cw_min=15 cw_max=1023 aifs=2)
02-20 20:08:15.885     0     0 D ieee80211 phy0: mac80211_hwsim_conf_tx (queue=1 txop=0 cw_min=15 cw_max=1023 aifs=2)
02-20 20:08:15.885     0     0 D ieee80211 phy0: mac80211_hwsim_conf_tx (queue=2 txop=0 cw_min=15 cw_max=1023 aifs=2)
02-20 20:08:15.885     0     0 D ieee80211 phy0: mac80211_hwsim_conf_tx (queue=3 txop=0 cw_min=15 cw_max=1023 aifs=2)
02-20 20:08:15.885     0     0 D ieee80211 phy0: mac80211_hwsim_bss_info_changed(changed=0x2000)
02-20 20:08:15.885     0     0 D ieee80211 phy0: mac80211_hwsim_config (freq=0 idle=0 ps=0 smps=auto)
02-20 20:08:15.885     0     0 D ieee80211 phy0: mac80211_hwsim_configure_filter
02-20 20:08:15.885     0     0 I IPv6    : ADDRCONF(NETDEV_UP): wlan0: link is not ready
02-20 20:08:15.886     0     0 D ieee80211 phy0: mac80211_hwsim_configure_filter
02-20 20:08:15.891  1373  1373 I MediaPlayerService: MediaPlayerService::getOMX
02-20 20:08:15.891  1373  1373 I OMXClient: MuxOMX ctor
02-20 20:08:15.891  1370  1835 I OMXMaster: makeComponentInstance(OMX.google.aac.encoder) in mediacodec process
02-20 20:08:15.897  1373  1373 I MediaPlayerService: MediaPlayerService::getOMX
02-20 20:08:15.898  1373  1373 I OMXClient: MuxOMX ctor
02-20 20:08:15.898  1370  1370 I OMXMaster: makeComponentInstance(OMX.google.amrnb.encoder) in mediacodec process
02-20 20:08:15.902  1373  1373 I MediaPlayerService: MediaPlayerService::getOMX
02-20 20:08:15.902  1373  1373 I OMXClient: MuxOMX ctor
02-20 20:08:15.902  1370  1391 I OMXMaster: makeComponentInstance(OMX.google.amrwb.encoder) in mediacodec process
02-20 20:08:15.911  1373  1373 I MediaPlayerService: MediaPlayerService::getOMX
02-20 20:08:15.912  1373  1373 I OMXClient: MuxOMX ctor
02-20 20:08:15.912  1370  1835 I OMXMaster: makeComponentInstance(OMX.google.flac.encoder) in mediacodec process
02-20 20:08:15.915  1679  1730 D VoldConnector: RCV <- {651 public:253,64 2}
02-20 20:08:15.915  1679  1730 D VoldConnector: RCV <- {200 6 Command succeeded}
02-20 20:08:15.936  1766  1899 E WVMExtractor: Failed to open libwvm.so: dlopen failed: library "libwvm.so" not found
02-20 20:08:15.938  1373  1373 I MediaPlayerService: MediaPlayerService::getOMX
02-20 20:08:15.938  1373  1373 I OMXClient: MuxOMX ctor
02-20 20:08:15.938  1370  1391 I OMXMaster: makeComponentInstance(OMX.google.gsm.decoder) in mediacodec process
02-20 20:08:15.941  1864  1864 E wpa_supplicant: global ctrl interface @android:wpa_wlan0 matches ctrl interface wlan0 - do not open per-interface ctrl interface
02-20 20:08:15.950  1760  1868 I LatinIME:LogUtils: Dictionary info: dictionary = main:en ; version = 54 ; date = 1414726273
02-20 20:08:15.964  1373  1373 I MediaPlayerService: MediaPlayerService::getOMX
02-20 20:08:15.964  1373  1373 I OMXClient: MuxOMX ctor
02-20 20:08:15.964  1370  1391 I OMXMaster: makeComponentInstance(OMX.google.mpeg4.decoder) in mediacodec process
02-20 20:08:15.978  1679  1679 I SystemServiceManager: Starting phase 600
02-20 20:08:15.996  1679  1679 D SensorNotificationService: Cannot obtain dynamic meta sensor, not supported.
02-20 20:08:16.004  1679  1679 D TelephonyRegistry: listen oscl: hasNotifySubscriptionInfoChangedOccurred==false no callback
02-20 20:08:16.008  1370  1370 E OMXNodeInstance: getExtensionIndex(55a000f:google.mpeg4.decoder, OMX.google.android.index.configureVideoTunnelMode) ERROR: UnsupportedIndex(0x8000101a)
02-20 20:08:16.008  1370  1835 W OMXNodeInstance: [55a000f:google.mpeg4.decoder] component does not support metadata mode; using fallback
02-20 20:08:16.010  1373  1373 I MediaPlayerService: MediaPlayerService::getOMX
02-20 20:08:16.010  1373  1373 I OMXClient: MuxOMX ctor
02-20 20:08:16.010  1370  1391 I OMXMaster: makeComponentInstance(OMX.google.h263.decoder) in mediacodec process
02-20 20:08:16.015  1679  1696 W WindowManager: Keyguard drawn timeout. Setting mKeyguardDrawComplete
02-20 20:08:16.016  1679  1679 I GnssLocationProvider: WakeLock acquired by sendMessage(13, 0, null)
02-20 20:08:16.017  1679  1734 I netstats_mobile_sample: [0,0,0,0,0,0,0,0,0,0,0,0,-1]
02-20 20:08:16.017  1679  1734 I netstats_wifi_sample: [0,0,0,0,0,0,0,0,0,0,0,0,-1]
02-20 20:08:16.054  1679  1679 W LocationProviderProxy-network: Odd, no component found for service com.android.location.service.v3.NetworkLocationProvider
02-20 20:08:16.056  1679  1679 W GeocoderProxy: Odd, no component found for service com.android.location.service.GeocodeProvider
02-20 20:08:16.058  1679  1679 E FlpHardwareProvider: Error hw_get_module 'flp': -2
02-20 20:08:16.058  1679  1679 D LocationManagerService: FLP HAL not supported
02-20 20:08:16.059  1679  1679 W GeofenceProxy: Odd, no component found for service com.android.location.service.GeofenceProvider
02-20 20:08:16.059  1679  1679 E ActivityRecognitionHardware: Error hw_get_module: -2
02-20 20:08:16.059  1679  1679 D LocationManagerService: Hardware Activity-Recognition not supported.
02-20 20:08:16.064  1679  1679 W ActivityRecognitionProxy: Odd, no component found for service com.android.location.service.ActivityRecognitionProvider
02-20 20:08:16.066  1679  1679 I GnssLocationProvider: WakeLock acquired by sendMessage(2, 1, null)
02-20 20:08:16.071  1679  1694 W GnssLocationProvider: Could not open GPS configuration file /etc/gps.conf
02-20 20:08:16.071  1679  1694 E GnssLocationProvider: no AGPS interface in set_agps_server
02-20 20:08:16.080  1679  1679 I CommonTimeManagementService: No common time service detected on this platform.  Common time services will be unavailable.
02-20 20:08:16.081  1679  1728 I InputReader: Reconfiguring input devices.  changes=0x00000020
02-20 20:08:16.082  1679  1679 D TelephonyRegistry: systemRunning register for intents
02-20 20:08:16.083  1679  1728 I InputReader: Reconfiguring input devices.  changes=0x00000010
02-20 20:08:16.084  1679  1679 I MmsServiceBroker: Delay connecting to MmsService until an API is called
02-20 20:08:16.081  1679  1694 D TelephonyRegistry: listen oscl: hasNotifySubscriptionInfoChangedOccurred==false no callback
02-20 20:08:16.101  1370  1835 E OMXNodeInstance: getExtensionIndex(55a0010:google.h263.decoder, OMX.google.android.index.configureVideoTunnelMode) ERROR: UnsupportedIndex(0x8000101a)
02-20 20:08:16.101  1370  1370 W OMXNodeInstance: [55a0010:google.h263.decoder] component does not support metadata mode; using fallback
02-20 20:08:16.104  1373  1373 I MediaPlayerService: MediaPlayerService::getOMX
02-20 20:08:16.104  1373  1373 I OMXClient: MuxOMX ctor
02-20 20:08:16.104  1370  1391 I OMXMaster: makeComponentInstance(OMX.google.h264.decoder) in mediacodec process
02-20 20:08:16.126  1679  1694 I GnssLocationProvider: WakeLock released by handleMessage(13, 0, null)
02-20 20:08:16.126  1679  1694 E GnssLocationProvider: no AGPS interface in set_agps_server
02-20 20:08:16.127  1679  1694 I GnssLocationProvider: WakeLock released by handleMessage(2, 1, null)
02-20 20:08:16.135  1679  1679 I am_proc_start: [0,1920,1001,com.android.phone,added application,com.android.phone]
02-20 20:08:16.135  1679  1679 I ActivityManager: Start proc 1920:com.android.phone/1001 for added application com.android.phone
02-20 20:08:16.135  1679  1679 I ActivityManager: START u0 {act=android.intent.action.MAIN cat=[android.intent.category.HOME] flg=0x10000100 cmp=com.android.settings/.FallbackHome} from uid 0 on display 0
02-20 20:08:16.136  1679  1679 W System  : ClassLoader referenced unknown path: 
02-20 20:08:16.136  1679  1679 W System  : ClassLoader referenced unknown path: /system/priv-app/Settings/lib/x86_64
02-20 20:08:16.137  1679  1679 D ApplicationLoaders: ignored Vulkan layer search path /system/priv-app/Settings/lib/x86_64:/system/priv-app/Settings/Settings.apk!/lib/x86_64:/system/lib64:/vendor/lib64 for namespace 0x789810acb160
02-20 20:08:16.140  1679  1679 I ActivityManager: Loaded persisted task ids for user 0
02-20 20:08:16.142  1679  1679 I am_create_task: [0,1]
02-20 20:08:16.142  1679  1679 I am_create_activity: [0,14243951,1,com.android.settings/.FallbackHome,android.intent.action.MAIN,NULL,NULL,276824320]
02-20 20:08:16.142  1679  1679 I wm_task_created: [1,0]
02-20 20:08:16.143  1679  1679 I wm_task_moved: [1,1,0]
02-20 20:08:16.143  1679  1679 I wm_task_moved: [1,1,0]
02-20 20:08:16.143  1679  1679 I am_focused_activity: [0,com.android.settings/.FallbackHome,startedActivity]
02-20 20:08:16.159  1679  1679 I am_proc_start: [0,1927,1000,com.android.settings,activity,com.android.settings/.FallbackHome]
02-20 20:08:16.159  1679  1679 I ActivityManager: Start proc 1927:com.android.settings/1000 for activity com.android.settings/.FallbackHome
02-20 20:08:16.159  1373  1373 W ACodec  : [OMX.google.h264.decoder] stopping checking profiles after 32: 2/8000
02-20 20:08:16.159  1370  1370 E OMXNodeInstance: getExtensionIndex(55a0011:google.h264.decoder, OMX.google.android.index.configureVideoTunnelMode) ERROR: UnsupportedIndex(0x8000101a)
02-20 20:08:16.159  1370  1835 W OMXNodeInstance: [55a0011:google.h264.decoder] component does not support metadata mode; using fallback
02-20 20:08:16.161  1679  1679 I SystemServer: Enabled StrictMode for system server main thread.
02-20 20:08:16.168  1920  1920 W art     : Unexpected CPU variant for X86 using defaults: x86_64
02-20 20:08:16.172  1679  1679 D ConditionProviders.SCP: onConnected
02-20 20:08:16.173  1679  1679 D ZenLog  : set_zen_mode: off,readXml
02-20 20:08:16.174  1679  1679 D ConditionProviders: Subscribing to condition://android/schedule?days=6.7&start=23.30&end=10.0&exitAtAlarm=false with ComponentInfo{android/com.android.server.notification.ScheduleConditionProvider}
02-20 20:08:16.174  1679  1679 D ZenLog  : subscribe: condition://android/schedule?days=6.7&start=23.30&end=10.0&exitAtAlarm=false,ok
02-20 20:08:16.174  1679  1679 D ConditionProviders: Subscribing to condition://android/event?userId=-10000&calendar=&reply=1 with ComponentInfo{android/com.android.server.notification.EventConditionProvider}
02-20 20:08:16.174  1679  1679 D ZenLog  : subscribe: condition://android/event?userId=-10000&calendar=&reply=1,ok
02-20 20:08:16.174  1679  1679 D ConditionProviders: Subscribing to condition://android/schedule?days=1.2.3.4.5&start=22.0&end=7.0&exitAtAlarm=false with ComponentInfo{android/com.android.server.notification.ScheduleConditionProvider}
02-20 20:08:16.174  1679  1679 D ZenLog  : subscribe: condition://android/schedule?days=1.2.3.4.5&start=22.0&end=7.0&exitAtAlarm=false,ok
02-20 20:08:16.189  1927  1927 W art     : Unexpected CPU variant for X86 using defaults: x86_64
02-20 20:08:16.191  1373  1373 I MediaPlayerService: MediaPlayerService::getOMX
02-20 20:08:16.191  1373  1373 I OMXClient: MuxOMX ctor
02-20 20:08:16.191  1370  1391 I OMXMaster: makeComponentInstance(OMX.google.hevc.decoder) in mediacodec process
02-20 20:08:16.195  1766  1766 I vol.Events: writeEvent collection_started
02-20 20:08:16.213  1766  1937 I sysui_action: [213,2]
02-20 20:08:16.213  1766  1937 I vol.Events: writeEvent external_ringer_mode_changed normal
02-20 20:08:16.214  1766  1937 I vol.Events: writeEvent internal_ringer_mode_changed normal
02-20 20:08:16.222  1679  1740 I WifiScanningService: wifi driver unloaded
02-20 20:08:16.222  1679  1679 D RttService: SCAN_AVAILABLE : 1
02-20 20:08:16.222  1679  1679 D ZenLog  : set_zen_mode: off,cleanUpZenRules
02-20 20:08:16.227  1679  1816 I am_proc_bound: [0,1920,com.android.phone]
02-20 20:08:16.252  1679  1816 I am_proc_bound: [0,1927,com.android.settings]
02-20 20:08:16.255  1920  1920 W System  : ClassLoader referenced unknown path: /system/priv-app/TeleService/lib/x86_64
02-20 20:08:16.277  1679  1694 W LocationProviderProxy-network: Odd, no component found for service com.android.location.service.v3.NetworkLocationProvider
02-20 20:08:16.277  1679  1694 W GeocoderProxy: Odd, no component found for service com.android.location.service.GeocodeProvider
02-20 20:08:16.277  1679  1694 W GeofenceProxy: Odd, no component found for service com.android.location.service.GeofenceProvider
02-20 20:08:16.277  1679  1694 W ActivityRecognitionProxy: Odd, no component found for service com.android.location.service.ActivityRecognitionProvider
02-20 20:08:16.278  1679  1741 D RttService: DefaultState got{ when=-56ms what=160513 target=com.android.internal.util.StateMachine$SmHandler }
02-20 20:08:16.297  1312  1358 D PermissionCache: checking android.permission.READ_FRAME_BUFFER for uid=1000 => granted (273 us)
02-20 20:08:16.321  1370  1370 E OMXNodeInstance: getExtensionIndex(55a0012:google.hevc.decoder, OMX.google.android.index.configureVideoTunnelMode) ERROR: UnsupportedIndex(0x8000101a)
02-20 20:08:16.321  1370  1391 W OMXNodeInstance: [55a0012:google.hevc.decoder] component does not support metadata mode; using fallback
02-20 20:08:16.330  1373  1373 I MediaPlayerService: MediaPlayerService::getOMX
02-20 20:08:16.331  1373  1373 I OMXClient: MuxOMX ctor
02-20 20:08:16.331  1370  1835 I OMXMaster: makeComponentInstance(OMX.google.vp8.decoder) in mediacodec process
02-20 20:08:16.351  1370  1391 E OMXNodeInstance: getExtensionIndex(55a0013:google.vp8.decoder, OMX.google.android.index.configureVideoTunnelMode) ERROR: UnsupportedIndex(0x8000101a)
02-20 20:08:16.351  1370  1835 W OMXNodeInstance: [55a0013:google.vp8.decoder] component does not support metadata mode; using fallback
02-20 20:08:16.352  1373  1373 I MediaPlayerService: MediaPlayerService::getOMX
02-20 20:08:16.361  1312  1358 D gralloc_ranchu: gralloc_alloc: Creating ashmem region of size 17051648
02-20 20:08:16.365  1373  1373 I OMXClient: MuxOMX ctor
02-20 20:08:16.366  1370  1370 I OMXMaster: makeComponentInstance(OMX.google.vp9.decoder) in mediacodec process
02-20 20:08:16.389  1370  1835 E OMXNodeInstance: getExtensionIndex(55a0014:google.vp9.decoder, OMX.google.android.index.configureVideoTunnelMode) ERROR: UnsupportedIndex(0x8000101a)
02-20 20:08:16.389  1370  1370 W OMXNodeInstance: [55a0014:google.vp9.decoder] component does not support metadata mode; using fallback
02-20 20:08:16.390  1373  1373 I MediaPlayerService: MediaPlayerService::getOMX
02-20 20:08:16.391  1373  1373 I OMXClient: MuxOMX ctor
02-20 20:08:16.391  1370  1391 I OMXMaster: makeComponentInstance(OMX.google.h263.encoder) in mediacodec process
02-20 20:08:16.414  1370  1391 I SoftMPEG4Encoder: Construct SoftMPEG4Encoder
02-20 20:08:16.416  1373  1373 W ACodec  : do not know color format 0x7f000789 = 2130708361
02-20 20:08:16.418  1370  1370 E OMXNodeInstance: getConfig(55a0015:google.h263.encoder, ConfigAndroidIntraRefresh(0x6f60000a)) ERROR: Undefined(0x80001001)
02-20 20:08:16.419  1373  1373 I MediaPlayerService: MediaPlayerService::getOMX
02-20 20:08:16.420  1373  1373 I OMXClient: MuxOMX ctor
02-20 20:08:16.420  1370  1370 I OMXMaster: makeComponentInstance(OMX.google.h264.encoder) in mediacodec process
02-20 20:08:16.445  1373  1373 W ACodec  : do not know color format 0x7f000789 = 2130708361
02-20 20:08:16.447  1373  1373 I MediaPlayerService: MediaPlayerService::getOMX
02-20 20:08:16.447  1373  1373 I OMXClient: MuxOMX ctor
02-20 20:08:16.447  1370  1370 I OMXMaster: makeComponentInstance(OMX.google.mpeg4.encoder) in mediacodec process
02-20 20:08:16.468  1679  1816 I am_restart_activity: [0,14243951,1,com.android.settings/.FallbackHome]
02-20 20:08:16.473  1679  1702 W art     : Long monitor contention with owner Binder:1679_4 (1816) at void com.android.server.am.ActivityManagerService.attachApplication(android.app.IApplicationThread)(ActivityManagerService.java:6669) waiters=1 in void com.android.server.am.ActivityManagerService$LocalService.notifyAppTransitionCancelled() for 194ms
02-20 20:08:16.475  1679  1702 I dvm_lock_sample: [system_server,1,android.display,194,ActivityManagerService.java,21995,-,6669,38]
02-20 20:08:16.480  1679  1679 W System  : ClassLoader referenced unknown path: /system/priv-app/Telecom/lib/x86_64
02-20 20:08:16.480  1679  1679 D ApplicationLoaders: ignored Vulkan layer search path /system/priv-app/Telecom/lib/x86_64:/system/priv-app/Telecom/Telecom.apk!/lib/x86_64:/system/lib64:/vendor/lib64 for namespace 0x789810acb1d0
02-20 20:08:16.485  1927  1927 W System  : ClassLoader referenced unknown path: /system/priv-app/Settings/lib/x86_64
02-20 20:08:16.501  1920  1920 W System  : ClassLoader referenced unknown path: /system/priv-app/TelephonyProvider/lib/x86_64
02-20 20:08:16.501  1920  1920 D ApplicationLoaders: ignored Vulkan layer search path /system/priv-app/TelephonyProvider/lib/x86_64:/system/lib64:/vendor/lib64 for namespace 0x789810a600f0
02-20 20:08:16.503  1370  1370 I SoftMPEG4Encoder: Construct SoftMPEG4Encoder
02-20 20:08:16.504  1373  1373 W ACodec  : do not know color format 0x7f000789 = 2130708361
02-20 20:08:16.504  1370  1835 E OMXNodeInstance: getConfig(55a0017:google.mpeg4.encoder, ConfigAndroidIntraRefresh(0x6f60000a)) ERROR: Undefined(0x80001001)
02-20 20:08:16.505  1373  1373 I MediaPlayerService: MediaPlayerService::getOMX
02-20 20:08:16.505  1373  1373 I OMXClient: MuxOMX ctor
02-20 20:08:16.505  1370  1370 I OMXMaster: makeComponentInstance(OMX.google.vp8.encoder) in mediacodec process
02-20 20:08:16.546  1679  1966 I stream_devices_changed: [0,0,2]
02-20 20:08:16.547  1679  1966 I stream_devices_changed: [2,0,2]
02-20 20:08:16.548  1679  1966 I stream_devices_changed: [3,0,2]
02-20 20:08:16.558     0     0 D ieee80211 phy1: mac80211_hwsim_configure_filter
02-20 20:08:16.561  1679  1966 I stream_devices_changed: [6,0,2]
02-20 20:08:16.577  1679  1966 I stream_devices_changed: [4,0,2]
02-20 20:08:16.578  1766  1937 I vol.Events: writeEvent level_changed STREAM_ALARM 6
02-20 20:08:16.585  1766  1937 I vol.Events: writeEvent level_changed STREAM_BLUETOOTH_SCO 7
02-20 20:08:16.586  1766  1937 I vol.Events: writeEvent level_changed STREAM_MUSIC 11
02-20 20:08:16.587  1766  1937 I vol.Events: writeEvent level_changed STREAM_RING 5
02-20 20:08:16.588  1766  1937 I vol.Events: writeEvent level_changed STREAM_SYSTEM 5
02-20 20:08:16.589  1766  1937 I vol.Events: writeEvent level_changed STREAM_VOICE_CALL 4
02-20 20:08:16.613  1679  1679 E BluetoothAdapter: Bluetooth binder is null
02-20 20:08:16.619  1373  1373 W ACodec  : do not know color format 0x7f000789 = 2130708361
02-20 20:08:16.619  1370  1835 E OMXNodeInstance: getConfig(55a0018:google.vp8.encoder, ConfigAndroidIntraRefresh(0x6f60000a)) ERROR: Undefined(0x80001001)
02-20 20:08:16.632  1679  1679 I Telecom : SystemStateProvider: Registering car mode receiver: android.content.IntentFilter@983c474: TS.init@AAA
02-20 20:08:16.642  1927  1927 I am_on_resume_called: [0,com.android.settings.FallbackHome,LAUNCH_ACTIVITY]
02-20 20:08:16.643  1373  1373 I MediaPlayerService: MediaPlayerService::getOMX
02-20 20:08:16.643  1373  1373 I OMXClient: MuxOMX ctor
02-20 20:08:16.644  1373  1373 I MediaPlayerService: MediaPlayerService::getOMX
02-20 20:08:16.644  1373  1373 I OMXClient: MuxOMX ctor
02-20 20:08:16.645  1373  1373 W MediaCodecList: unable to open media codecs configuration xml file: /data/misc/media/media_codecs_profiling_results.xml
02-20 20:08:16.645  1373  1411 I MediaPlayerService: MediaPlayerService::getOMX
02-20 20:08:16.645  1373  1906 I MediaPlayerService: MediaPlayerService::getOMX
02-20 20:08:16.646  1766  1903 I OMXClient: MuxOMX ctor
02-20 20:08:16.646  1370  1835 I OMXMaster: makeComponentInstance(OMX.google.vorbis.decoder) in mediacodec process
02-20 20:08:16.660  1679  1818 I OMXClient: MuxOMX ctor
02-20 20:08:16.661  1679  1977 I Telecom : Telecom: Non-call EVENT: AUDIO_ROUTE, Entering state QuiescentEarpieceRoute
02-20 20:08:16.666  1679  1980 I Telecom : CallAudioModeStateMachine: Message received: null.: TS.init->CAMSM.pM_1@AAA_0
02-20 20:08:16.666  1312  1963 E SurfaceFlinger: ro.sf.lcd_density must be defined as a build property
02-20 20:08:16.675  1312  1358 E SurfaceFlinger: ro.sf.lcd_density must be defined as a build property
02-20 20:08:16.675  1920  1920 D TelephonyProvider: dbh.onOpen: ok, queried table=siminfo
02-20 20:08:16.676  1920  1920 D TelephonyProvider: dbh.onOpen: ok, queried table=carriers
02-20 20:08:16.681  1927  1927 D         : HostConnection::get() New Host Connection established 0x789801ffae20, tid 1927
02-20 20:08:16.685  1766  1766 D         : HostConnection::get() New Host Connection established 0x7897f18306c0, tid 1766
02-20 20:08:16.687  1679  1981 E ActivityThread: Failed to find provider info for call_log
02-20 20:08:16.688  1679  1679 E BluetoothAdapter: Bluetooth binder is null
02-20 20:08:16.692  1679  1679 I Telecom : Class: TelecomSystem.INSTANCE being set
02-20 20:08:16.692  1679  1679 E BluetoothAdapter: Bluetooth binder is null
02-20 20:08:16.693  1679  1679 W ContextImpl: Calling a method in the system process without a qualified user: android.app.ContextImpl.startService:1357 com.android.server.content.SyncManager$13.run:658 android.os.Handler.handleCallback:751 android.os.Handler.dispatchMessage:95 android.os.Looper.loop:154 
02-20 20:08:16.700  1370  1391 I OMXMaster: makeComponentInstance(OMX.google.vorbis.decoder) in mediacodec process
02-20 20:08:16.753  1920  1920 D TDC     : updateOrInsert: inserting: Modem { uuid=modem, state=0, rilModel=0, rat={}, maxActiveVoiceCall=1, maxActiveDataCall=1, maxStandby=1 }
02-20 20:08:16.753  1920  1920 D TDC     : updateOrInsert: inserting: Sim { uuid=sim, modemUuid=modem, state=0 }
02-20 20:08:16.754  1679  1738 D WifiConfigManager: Loading config and enabling all networks 
02-20 20:08:16.761  1766  1766 D StorageNotification: Notifying about private volume: VolumeInfo{private}:
02-20 20:08:16.761  1766  1766 D StorageNotification:     type=PRIVATE diskId=null partGuid=null mountFlags=0 mountUserId=-1 
02-20 20:08:16.761  1766  1766 D StorageNotification:     state=MOUNTED 
02-20 20:08:16.761  1766  1766 D StorageNotification:     fsType=null fsUuid=null fsLabel=null 
02-20 20:08:16.761  1766  1766 D StorageNotification:     path=/data internalPath=null 
02-20 20:08:16.763  1679  1738 W WifiNetworkHistory: Upgrading network 0 to android.uid.system:1000
02-20 20:08:16.764  1766  1766 D StorageNotification: Notifying about public volume: VolumeInfo{public:253,64}:
02-20 20:08:16.764  1766  1766 D StorageNotification:     type=PUBLIC diskId=disk:253,64 partGuid=null mountFlags=VISIBLE 
02-20 20:08:16.764  1766  1766 D StorageNotification:     mountUserId=0 state=MOUNTED 
02-20 20:08:16.764  1766  1766 D StorageNotification:     fsType=vfat fsUuid=1E12-0B12 fsLabel=SDCARD 
02-20 20:08:16.764  1766  1766 D StorageNotification:     path=/storage/1E12-0B12 internalPath=/mnt/media_rw/1E12-0B12 
02-20 20:08:16.766  1679  1738 D WifiConfigManager: loaded 0 passpoint configs
02-20 20:08:16.766  1920  1920 D CdmaSSM : subscriptionSource from settings: 0
02-20 20:08:16.766  1920  1920 I PhoneFactory: Cdma Subscription set to 0
02-20 20:08:16.767  1679  1738 E IpConfigStore: Error parsing configuration: java.io.FileNotFoundException: /data/misc/wifi/ipconfig.txt (No such file or directory)
02-20 20:08:16.773  1679  1679 W System  : ClassLoader referenced unknown path: /system/priv-app/FusedLocation/lib/x86_64
02-20 20:08:16.774  1679  1679 D ApplicationLoaders: ignored Vulkan layer search path /system/priv-app/FusedLocation/lib/x86_64:/system/priv-app/FusedLocation/FusedLocation.apk!/lib/x86_64:/system/lib64:/vendor/lib64 for namespace 0x789810acb240
02-20 20:08:16.776  1679  1738 D WifiNative-HAL: Setting external_sim to 1
02-20 20:08:16.779  1679  1679 D GpsNetInitiatedHandler: location enabled :true
02-20 20:08:16.779  1679  1679 V WiredAccessoryManager: notifyWiredAccessoryChanged: when=0 bits= mask=54
02-20 20:08:16.779  1679  1679 V WiredAccessoryManager: newName=h2w newState=0 headsetState=0 prev headsetState=0
02-20 20:08:16.779  1679  1679 E WiredAccessoryManager: No state change.
02-20 20:08:16.779  1679  1679 V WiredAccessoryManager: init()
02-20 20:08:16.780  1679  1738 D WifiStateMachine: Setting OUI to DA-A1-19
02-20 20:08:16.794  1679  1738 I WifiConnectivityManager: PNO settings: min5GHzRssi -82 min24GHzRssi -85 currentConnectionBonus 16 sameNetworkBonus 24 secureNetworkBonus 80 initialScoreMax 100
02-20 20:08:16.794  1679  1738 I WifiConnectivityManager: ConnectivityScanManager initialized and disabled
02-20 20:08:16.794  1679  1738 I WifiConnectivityManager: setUntrustedConnectionAllowed: allowed=false
02-20 20:08:16.794  1679  1738 E WifiLogger: no ring buffers found
02-20 20:08:16.794  1679  1738 E WifiLogger: Failed to start packet fate monitoring
02-20 20:08:16.796  1373  1411 I MediaPlayerService: MediaPlayerService::getOMX
02-20 20:08:16.797  1766  2002 I OMXClient: MuxOMX ctor
02-20 20:08:16.798  1370  1391 I OMXMaster: makeComponentInstance(OMX.google.vorbis.decoder) in mediacodec process
02-20 20:08:16.799  1373  1373 I MediaPlayerService: MediaPlayerService::getOMX
02-20 20:08:16.799  1679  2003 I OMXClient: MuxOMX ctor
02-20 20:08:16.806  1927  1978 D         : HostConnection::get() New Host Connection established 0x789801ffaee0, tid 1978
02-20 20:08:16.816  1927  1978 I OpenGLRenderer: Initialized EGL, version 1.4
02-20 20:08:16.816  1927  1978 D OpenGLRenderer: Swap behavior 1
02-20 20:08:16.817  1920  1920 I PhoneFactory: Network Mode set to 0
02-20 20:08:16.821  1920  1920 D RILJ    : RIL(context, preferredNetworkType=0 cdmaSubscription=0)
02-20 20:08:16.832  1927  1978 D EGL_emulation: eglCreateContext: 0x789801ff1840: maj 3 min 0 rcv 3
02-20 20:08:16.844  1679  1794 I dvm_lock_sample: [system_server,1,Binder:1679_3,22,PackageManagerService.java,3732,-,6105,4]
02-20 20:08:16.844  1920  1920 D RILJ    : Starting RILReceiver0 [SUB0]
02-20 20:08:16.853  1375  1473 I RILC    : libril: new connection to RIL_SOCKET_1
02-20 20:08:16.853  1375  1473 I RILC    : RIL Daemon version: android reference-ril 1.0
02-20 20:08:16.854  1920  2006 I RILJ    : (0) Connected to 'rild' socket
02-20 20:08:16.854  1920  1920 D RILJ    : [3648]> GET_HARDWARE_CONFIG [SUB0]
02-20 20:08:16.854  1920  2006 D RILJ    : [UNSL]< UNSOL_RIL_CONNECTED {12} [SUB0]
02-20 20:08:16.854  1920  2006 D RILJ    : [3649]> RADIO_POWER off [SUB0]
02-20 20:08:16.855  1920  1920 I PhoneFactory: Creating SubscriptionController
02-20 20:08:16.856  1375  1473 D RIL     : onRequest: GET_HARDWARE_CONFIG
02-20 20:08:16.858  1920  1920 D SubscriptionController: [SubscriptionController] init by Context
02-20 20:08:16.859  1679  1738 I WifiConnectivityManager: Set WiFi enabled
02-20 20:08:16.859  1370  1835 I OMXMaster: makeComponentInstance(OMX.google.vorbis.decoder) in mediacodec process
02-20 20:08:16.859  1679  1738 I WifiConnectivityManager: scheduleWatchdogTimer
02-20 20:08:16.865  1920  2006 D RILJ    : [3650]> RIL_REQUEST_CDMA_SET_SUBSCRIPTION_SOURCE : 0 [SUB0]
02-20 20:08:16.865  1375  1473 D RIL     : onRequest: RADIO_POWER
02-20 20:08:16.866  1679  1738 D WifiNative-HAL: Failing getSupportedFeatureset because HAL isn't started
02-20 20:08:16.866  1679  1698 E BatteryStatsService: no controller energy info supplied
02-20 20:08:16.867  1375  1473 D RIL     : onRequest: CDMA_SET_SUBSCRIPTION_SOURCE
02-20 20:08:16.867  1920  2006 D RILJ    : setCellInfoListRate: 2147483647 [SUB0]
02-20 20:08:16.867  1920  2006 D RILJ    : [3651]> RIL_REQUEST_SET_CELL_INFO_LIST_RATE [SUB0]
02-20 20:08:16.867  1679  1698 E KernelCpuSpeedReader: Failed to read cpu-freq: /sys/devices/system/cpu/cpu0/cpufreq/stats/time_in_state (No such file or directory)
02-20 20:08:16.867  1679  1698 E KernelUidCpuTimeReader: Failed to read uid_cputime: /proc/uid_cputime/show_uid_stat (No such file or directory)
02-20 20:08:16.868  1375  1473 D RIL     : onRequest: SET_UNSOL_CELL_INFO_LIST_RATE
02-20 20:08:16.869  1679  1738 D WifiNative-HAL: Failing getSupportedFeatureset because HAL isn't started
02-20 20:08:16.869  1920  1920 D UiccController: Creating UiccController
02-20 20:08:16.871  1920  1920 D TelephonyTester: register for intent action=com.android.internal.telephony.action_detached
02-20 20:08:16.871  1920  1920 D TelephonyTester: register for intent action=com.android.internal.telephony.action_attached
02-20 20:08:16.872  1679  1698 E BatteryStatsService: no controller energy info supplied
02-20 20:08:16.872  1679  1698 E KernelCpuSpeedReader: Failed to read cpu-freq: /sys/devices/system/cpu/cpu0/cpufreq/stats/time_in_state (No such file or directory)
02-20 20:08:16.872  1679  1698 E KernelUidCpuTimeReader: Failed to read uid_cputime: /proc/uid_cputime/show_uid_stat (No such file or directory)
02-20 20:08:16.875  1920  2006 D RILJ    : [UNSL]< UNSOL_RESPONSE_RADIO_STATE_CHANGED RADIO_OFF [SUB0]
02-20 20:08:16.892  1920  2006 D RILJ    : [3652]> SCREEN_STATE: true [SUB0]
02-20 20:08:16.893  1375  1473 D RIL     : onRequest: SCREEN_STATE
02-20 20:08:16.894  1920  2006 D RILJ    : [UNSL]< UNSOL_NITZ_TIME_RECEIVED 18/02/20:20:08:09+0:0:Unknown!Unknown [SUB0]
02-20 20:08:16.894  1920  1920 D Phone   : mDoesRilSendMultipleCallRing=true
02-20 20:08:16.894  1920  1920 D Phone   : mCallRingDelay=3000
02-20 20:08:16.900  1920  1920 D RILJ    : [3653]> RIL_REQUEST_START_LCE [SUB0]
02-20 20:08:16.900  1375  1473 D RIL     : onRequest: <unknown request>
02-20 20:08:16.904  1927  1978 D EGL_emulation: eglMakeCurrent: 0x789801ff1840: ver 3 0 (tinfo 0x78980c29c8a0)
02-20 20:08:16.910  1920  2006 D RilRequest: [3648]< GET_HARDWARE_CONFIG error: com.android.internal.telephony.CommandException: RADIO_NOT_AVAILABLE ret=
02-20 20:08:16.914  1920  2006 D RILJ    : [3649]< RADIO_POWER  [SUB0]
02-20 20:08:16.914  1920  2006 D RilRequest: [3650]< RIL_REQUEST_CDMA_SET_SUBSCRIPTION_SOURCE error: com.android.internal.telephony.CommandException: RADIO_NOT_AVAILABLE ret=
02-20 20:08:16.914  1920  2006 D RilRequest: [3651]< RIL_REQUEST_SET_CELL_INFO_LIST_RATE error: com.android.internal.telephony.CommandException: RADIO_NOT_AVAILABLE ret=
02-20 20:08:16.914  1920  2006 D RilRequest: [3652]< SCREEN_STATE error: com.android.internal.telephony.CommandException: RADIO_NOT_AVAILABLE ret=
02-20 20:08:16.914  1920  2006 D RilRequest: [3653]< RIL_REQUEST_START_LCE error: com.android.internal.telephony.CommandException: RADIO_NOT_AVAILABLE ret=
02-20 20:08:16.915  1373  1840 I MediaPlayerService: MediaPlayerService::getOMX
02-20 20:08:16.915  1679  2012 I OMXClient: MuxOMX ctor
02-20 20:08:16.915  1370  1835 I OMXMaster: makeComponentInstance(OMX.google.vorbis.decoder) in mediacodec process
02-20 20:08:16.927  1920  1920 E RIL_ImsSms: getFormat should never be called from here!
02-20 20:08:16.927  1920  1920 D SMSDispatcher: SMSDispatcher: ctor mSmsCapable=true format=unknown mSmsSendDisabled=false
02-20 20:08:16.927  1920  1920 D RIL_ImsSms: ImsSMSDispatcher created
02-20 20:08:16.928  1920  1920 D SMSDispatcher: SMSDispatcher: ctor mSmsCapable=true format=3gpp2 mSmsSendDisabled=false
02-20 20:08:16.928  1920  1920 D CdmaSMSDispatcher: CdmaSMSDispatcher created
02-20 20:08:16.957  1373  1373 I MediaPlayerService: MediaPlayerService::getOMX
02-20 20:08:16.957  1766  2018 I OMXClient: MuxOMX ctor
02-20 20:08:16.957  1370  1391 I OMXMaster: makeComponentInstance(OMX.google.vorbis.decoder) in mediacodec process
02-20 20:08:16.960  1920  1920 D GsmInboundSmsHandler: created InboundSmsHandler
02-20 20:08:16.962  1373  1906 I MediaPlayerService: MediaPlayerService::getOMX
02-20 20:08:16.962  1679  2019 I OMXClient: MuxOMX ctor
02-20 20:08:16.985  1920  1920 D CdmaInboundSmsHandler: created InboundSmsHandler
02-20 20:08:16.986  1370  1370 I OMXMaster: makeComponentInstance(OMX.google.vorbis.decoder) in mediacodec process
02-20 20:08:16.989  1920  1920 D SMSDispatcher: SMSDispatcher: ctor mSmsCapable=true format=3gpp mSmsSendDisabled=false
02-20 20:08:16.989  1920  1920 D GsmSMSDispatcher: GsmSMSDispatcher created
02-20 20:08:17.000  1920  2017 D GsmInboundSmsHandler: StartupState.processMessage:6
02-20 20:08:17.003  1920  2017 D GsmInboundSmsHandler: entering Idle state
02-20 20:08:17.005  1920  2021 D CdmaInboundSmsHandler: StartupState.processMessage:6
02-20 20:08:17.005  1920  2021 D CdmaInboundSmsHandler: entering Idle state
02-20 20:08:17.009  1920  1920 D IccCardProxy: ctor: ci=com.android.internal.telephony.RIL@f615122 phoneId=0
02-20 20:08:17.009  1920  1920 D CdmaSSM : subscriptionSource from settings: 0
02-20 20:08:17.009  1920  1920 D CdmaSSM : cdmaSSM constructor: 0
02-20 20:08:17.009  1920  1920 D IccCardProxy: update icc_operator_numeric=
02-20 20:08:17.009  1920  1920 D TelephonyManager: setTelephonyProperty: success phoneId=0 property=gsm.sim.operator.numeric value:  propVal=
02-20 20:08:17.009  1920  1920 D TelephonyManager: setTelephonyProperty: success phoneId=0 property=gsm.sim.operator.iso-country value:  propVal=
02-20 20:08:17.009  1920  1920 D TelephonyManager: setTelephonyProperty: success phoneId=0 property=gsm.sim.operator.alpha value:  propVal=
