02-20 20:09:27.973  1678  1678 W ActivityManager: Slow operation: 76ms so far, now at startProcess: done updating pids map
02-20 20:09:27.973  1678  1678 W ActivityManager: Slow operation: 76ms so far, now at startProcess: done starting proc!
02-20 20:09:27.974  1678  1692 I ActivityManager: Force stopping com.android.providers.media appid=10011 user=-1: vold reset
02-20 20:09:27.974  1678  1749 E BluetoothAdapter: Bluetooth binder is null
02-20 20:09:27.975  1678  1749 E BluetoothAdapter: Bluetooth binder is null
02-20 20:09:27.975  1678  1678 D UsbAlsaManager: Adding ALSA device AlsaDevice: [card: 0, device: 0, type: 1]
02-20 20:09:27.975  1678  1678 D UsbAlsaManager: Adding ALSA device AlsaDevice: [card: 0, device: 0, type: 2]
02-20 20:09:27.975  1678  1753 D AssetAtlas: Rendered atlas in 372.32ms (212.04+160.28ms)
02-20 20:09:27.976  1774  1774 W art     : Unexpected CPU variant for X86 using defaults: x86_64
02-20 20:09:27.985  1678  1751 I am_proc_bound: [0,1758,com.android.inputmethod.latin]
02-20 20:09:27.985  1678  1678 I SystemServer: WebViewFactory preparation
02-20 20:09:28.001  1267  1303 V vold    : /dev/block/vold/disk:253,64: LABEL="SDCARD" UUID="1E12-0B12" TYPE="vfat" 
02-20 20:09:28.001  1267  1303 V vold    : 
02-20 20:09:28.001  1678  1730 D VoldConnector: RCV <- {650 public:253,64 0 "disk:253,64" ""}
02-20 20:09:28.002  1678  1730 D VoldConnector: RCV <- {651 public:253,64 0}
02-20 20:09:28.002  1678  1730 D VoldConnector: RCV <- {643 disk:253,64}
02-20 20:09:28.002  1678  1730 D VoldConnector: RCV <- {200 3 Command succeeded}
02-20 20:09:28.002  1678  1729 D VoldConnector: SND -> {4 volume user_added 0 0}
02-20 20:09:28.006  1678  1730 D VoldConnector: RCV <- {200 4 Command succeeded}
02-20 20:09:28.019  1678  1729 D VoldConnector: SND -> {5 volume mount emulated 3 -1}
02-20 20:09:28.020  1267  1303 V vold    : Waiting for FUSE to spin up...
02-20 20:09:28.020  1678  1730 D VoldConnector: RCV <- {651 emulated 1}
02-20 20:09:28.020  1678  1730 D VoldConnector: RCV <- {656 emulated /data/media}
02-20 20:09:28.029  1678  1689 I am_proc_bound: [0,1774,com.android.systemui]
02-20 20:09:28.030  1678  1730 D VoldConnector: RCV <- {655 emulated /storage/emulated}
02-20 20:09:28.020     0     0 D ieee80211 phy1: hw scan complete
02-20 20:09:28.020     0     0 D ieee80211 phy1: mac80211_hwsim_get_survey (idx=0)
02-20 20:09:28.033  1678  1678 D WebViewFactory: Setting new address space to 137955392
02-20 20:09:28.038  1365  1437 I AudioFlinger: systemReady
02-20 20:09:28.047  1789  1789 W sdcard  : Device explicitly disabled sdcardfs
02-20 20:09:28.057  1678  1678 I Zygote  : Process: zygote socket opened, supported ABIS: x86
02-20 20:09:28.057  1364  1568 I art     : Starting a blocking GC HeapTrim
02-20 20:09:28.059  1364  1364 I art     : Starting a blocking GC Background
02-20 20:09:28.071  1499  1499 E hostapd : Using interface wlan1 with hwaddr 02:00:00:00:01:00 and ssid "AndroidWifi"
02-20 20:09:28.071  1499  1499 I hostapd : wlan1: interface state HT_SCAN->ENABLED
02-20 20:09:28.071  1499  1499 I hostapd : wlan1: AP-ENABLED 
02-20 20:09:28.071  1267  1303 V vold    : Waiting for FUSE to spin up...
02-20 20:09:28.071     0     0 D ieee80211 phy1: mac80211_hwsim_config (freq=0 idle=0 ps=0 smps=auto)
02-20 20:09:28.071     0     0 D ieee80211 phy1: add channel context control: 2447 MHz/width: 2/cfreqs:2437/0 MHz
02-20 20:09:28.071     0     0 D ieee80211 phy1: mac80211_hwsim_bss_info_changed(changed=0x40000)
02-20 20:09:28.071     0     0 D ieee80211 phy1: TX Power: 20 dBm
02-20 20:09:28.071     0     0 D ieee80211 phy1: mac80211_hwsim_bss_info_changed(changed=0x4000)
02-20 20:09:28.071     0     0 D ieee80211 phy1: change channel context control: 2447 MHz/width: 2/cfreqs:2437/0 MHz
02-20 20:09:28.071     0     0 D ieee80211 phy1: mac80211_hwsim_bss_info_changed(changed=0x88340)
02-20 20:09:28.071     0     0 D ieee80211 phy1: BCNINT: 100
02-20 20:09:28.071     0     0 D ieee80211 phy1: BCN EN: 1
02-20 20:09:28.071     0     0 D ieee80211 phy1: mac80211_hwsim_bss_info_changed(changed=0x3e)
02-20 20:09:28.071     0     0 D ieee80211 phy1: ERP_CTS_PROT: 0
02-20 20:09:28.071     0     0 D ieee80211 phy1: ERP_PREAMBLE: 0
02-20 20:09:28.071     0     0 D ieee80211 phy1: ERP_SLOT: 1
02-20 20:09:28.071     0     0 D ieee80211 phy1: HT: op_mode=0x0
02-20 20:09:28.071     0     0 D ieee80211 phy1: BASIC_RATES: 0xf
02-20 20:09:28.071     0     0 D ieee80211 phy1: mac80211_hwsim_conf_tx (queue=0 txop=47 cw_min=3 cw_max=7 aifs=1)
02-20 20:09:28.071     0     0 D ieee80211 phy1: mac80211_hwsim_bss_info_changed(changed=0x2000)
02-20 20:09:28.071     0     0 D ieee80211 phy1: mac80211_hwsim_conf_tx (queue=1 txop=94 cw_min=7 cw_max=15 aifs=1)
02-20 20:09:28.071     0     0 D ieee80211 phy1: mac80211_hwsim_bss_info_changed(changed=0x2000)
02-20 20:09:28.071     0     0 D ieee80211 phy1: mac80211_hwsim_conf_tx (queue=2 txop=0 cw_min=15 cw_max=63 aifs=3)
02-20 20:09:28.071     0     0 D ieee80211 phy1: mac80211_hwsim_bss_info_changed(changed=0x2000)
02-20 20:09:28.071     0     0 D ieee80211 phy1: mac80211_hwsim_conf_tx (queue=3 txop=0 cw_min=15 cw_max=1023 aifs=7)
02-20 20:09:28.071     0     0 D ieee80211 phy1: mac80211_hwsim_bss_info_changed(changed=0x2000)
02-20 20:09:28.071     0     0 I IPv6    : ADDRCONF(NETDEV_CHANGE): wlan1: link becomes ready
02-20 20:09:28.074     0     0 D ieee80211 phy1: mac80211_hwsim_configure_filter
02-20 20:09:28.082     0     0 D SELinux : initialized (dev fuse, type fuse), uses genfs_contexts
02-20 20:09:28.087     0     0 D SELinux : initialized (dev fuse, type fuse), uses genfs_contexts
02-20 20:09:28.089     0     0 D SELinux : initialized (dev fuse, type fuse), uses genfs_contexts
02-20 20:09:28.084  1774  1774 W System  : ClassLoader referenced unknown path: /system/priv-app/SystemUIGoogle/lib/x86_64
02-20 20:09:28.114  1678  1678 W ActivityManager: Slow operation: 75ms so far, now at startProcess: returned from zygote!
02-20 20:09:28.114  1678  1678 W ActivityManager: Slow operation: 75ms so far, now at startProcess: done updating battery stats
02-20 20:09:28.114  1678  1678 I am_proc_start: [0,1802,1037,WebViewLoader-x86,,]
02-20 20:09:28.114  1678  1678 W ActivityManager: Slow operation: 75ms so far, now at startProcess: building log message
02-20 20:09:28.114  1678  1678 I ActivityManager: Start proc 1802:WebViewLoader-x86/1037 [android.webkit.WebViewFactory$RelroFileCreator] for 
02-20 20:09:28.114  1678  1678 W ActivityManager: Slow operation: 75ms so far, now at startProcess: starting to update pids map
02-20 20:09:28.114  1678  1678 W ActivityManager: Slow operation: 75ms so far, now at startProcess: done updating pids map
02-20 20:09:28.114  1678  1678 W ActivityManager: Slow operation: 75ms so far, now at startProcess: done starting proc!
02-20 20:09:28.124  1678  1730 D VoldConnector: RCV <- {651 emulated 2}
02-20 20:09:28.124  1678  1730 D VoldConnector: RCV <- {200 5 Command succeeded}
02-20 20:09:28.125  1678  1729 D VoldConnector: SND -> {6 volume mount public:253,64 2 0}
02-20 20:09:28.125  1267  1303 V vold    : /system/bin/blkid
02-20 20:09:28.125  1267  1303 V vold    :     -c
02-20 20:09:28.125  1267  1303 V vold    :     /dev/null
02-20 20:09:28.125  1267  1303 V vold    :     -s
02-20 20:09:28.125  1267  1303 V vold    :     TYPE
02-20 20:09:28.125  1267  1303 V vold    :     -s
02-20 20:09:28.125  1267  1303 V vold    :     UUID
02-20 20:09:28.125  1267  1303 V vold    :     -s
02-20 20:09:28.125  1267  1303 V vold    :     LABEL
02-20 20:09:28.125  1267  1303 V vold    :     /dev/block/vold/public:253,64
02-20 20:09:28.125  1678  1730 D VoldConnector: RCV <- {651 public:253,64 1}
02-20 20:09:28.129  1802  1802 W art     : Unexpected CPU variant for X86 using defaults: x86
02-20 20:09:28.151  1267  1303 V vold    : /dev/block/vold/public:253,64: LABEL="SDCARD" UUID="1E12-0B12" TYPE="vfat" 
02-20 20:09:28.151  1267  1303 V vold    : 
02-20 20:09:28.151  1267  1303 V vold    : /system/bin/fsck_msdos
02-20 20:09:28.151  1267  1303 V vold    :     -p
02-20 20:09:28.151  1267  1303 V vold    :     -f
02-20 20:09:28.151  1267  1303 V vold    :     /dev/block/vold/public:253,64
02-20 20:09:28.152  1678  1730 D VoldConnector: RCV <- {652 public:253,64 vfat}
02-20 20:09:28.152  1678  1730 D VoldConnector: RCV <- {653 public:253,64 1E12-0B12}
02-20 20:09:28.152  1678  1730 D VoldConnector: RCV <- {654 public:253,64 SDCARD}
02-20 20:09:28.152  1809  1809 W art     : Unexpected CPU variant for X86 using defaults: x86_64
02-20 20:09:28.156  1678  1678 I am_proc_start: [0,1809,1037,WebViewLoader-x86_64,,]
02-20 20:09:28.156  1678  1678 I ActivityManager: Start proc 1809:WebViewLoader-x86_64/1037 [android.webkit.WebViewFactory$RelroFileCreator] for 
02-20 20:09:28.157  1809  1809 V WebViewFactory: RelroFileCreator (64bit = true),  32-bit lib: /system/app/Chrome/Chrome.apk!/lib/x86/libmonochrome.so, 64-bit lib: /system/app/Chrome/Chrome.apk!/lib/x86_64/libmonochrome.so
02-20 20:09:28.164  1678  1678 D NetworkManagement: enabling bandwidth control
02-20 20:09:28.232  1678  1737 D WifiController: DEFERRED_TOGGLE handled
02-20 20:09:28.241  1374  1677 D SoftapController: Softap fwReload - Ok
02-20 20:09:28.253  1774  1774 V SystemUIService: Starting SystemUI services for user 0.
02-20 20:09:28.277  1267  1303 I fsck_msdos: ** /dev/block/vold/public:253,64
02-20 20:09:28.277  1267  1303 I fsck_msdos: ** Phase 1 - Read and Compare FATs
02-20 20:09:28.277  1267  1303 I fsck_msdos: Attempting to allocate 1022 KB for FAT
02-20 20:09:28.354     0     0 I init    : Starting service 'wpa_supplicant'...
02-20 20:09:28.287  1678  1678 W NetworkManagement: setDataSaverMode(): already false
02-20 20:09:28.293  1678  1793 E WVMExtractor: Failed to open libwvm.so: dlopen failed: library "libwvm.so" not found
02-20 20:09:28.303  1802  1802 V WebViewFactory: RelroFileCreator (64bit = false),  32-bit lib: /system/app/Chrome/Chrome.apk!/lib/x86/libmonochrome.so, 64-bit lib: /system/app/Chrome/Chrome.apk!/lib/x86_64/libmonochrome.so
02-20 20:09:28.307  1374  1677 D CommandListener: Setting iface cfg
02-20 20:09:28.307  1374  1677 D CommandListener: Trying to bring down wlan0
02-20 20:09:28.312  1758  1758 I LatinIME: Hardware accelerated drawing: true
02-20 20:09:28.313  1374  1677 D CommandListener: Clearing all IP addresses on wlan0
02-20 20:09:28.317  1678  1738 E WifiMonitor: killSupplicant p2pfalse init.svc.wpa_supplicant=unknown init.svc.p2p_supplicant=unknown
02-20 20:09:28.321  1373  1373 I MediaPlayerService: MediaPlayerService::getOMX
02-20 20:09:28.325  1373  1373 I OMXClient: MuxOMX ctor
02-20 20:09:28.328  1373  1373 I MediaPlayerService: MediaPlayerService::getOMX
02-20 20:09:28.328  1373  1373 I OMXClient: MuxOMX ctor
02-20 20:09:28.328  1370  1370 I OMXMaster: makeComponentInstance(OMX.google.mp3.decoder) in mediacodec process
02-20 20:09:28.343  1774  1774 V MediaRouter: Adding route: RouteInfo{ name=Phone, description=null, status=null, category=RouteCategory{ name=null types=ROUTE_TYPE_LIVE_AUDIO ROUTE_TYPE_LIVE_VIDEO  groupable=false }, supportedTypes=ROUTE_TYPE_LIVE_AUDIO ROUTE_TYPE_LIVE_VIDEO , presentationDisplay=null }
02-20 20:09:28.344  1774  1774 V MediaRouter: Updating audio routes: AudioRoutesInfo{ type=SPEAKER }
02-20 20:09:28.345  1774  1774 V MediaRouter: Selecting route: RouteInfo{ name=Phone, description=null, status=null, category=RouteCategory{ name=null types=ROUTE_TYPE_LIVE_AUDIO ROUTE_TYPE_LIVE_VIDEO  groupable=false }, supportedTypes=ROUTE_TYPE_LIVE_AUDIO ROUTE_TYPE_LIVE_VIDEO , presentationDisplay=null }
02-20 20:09:28.353  1678  1738 E wifi    : Can not initialize the vendor function pointer table
02-20 20:09:28.353  1678  1738 E WifiNative-HAL: Could not start hal
02-20 20:09:28.353  1678  1738 E WifiStateMachine: Failed to start HAL
02-20 20:09:28.357  1678  1738 D WifiMonitor: startMonitoring(wlan0) with mConnected = false
02-20 20:09:28.358  1678  1738 E WifiHW  : Unable to open connection to supplicant on "@android:wpa_wlan0": No such file or directory
02-20 20:09:28.421  1678  1751 D TelephonyRegistry: listen oscl: hasNotifySubscriptionInfoChangedOccurred==false no callback
02-20 20:09:28.471  1373  1373 I MediaPlayerService: MediaPlayerService::getOMX
02-20 20:09:28.472  1373  1373 I OMXClient: MuxOMX ctor
02-20 20:09:28.473  1370  1851 I OMXMaster: makeComponentInstance(OMX.google.amrnb.decoder) in mediacodec process
02-20 20:09:28.479  1373  1373 I MediaPlayerService: MediaPlayerService::getOMX
02-20 20:09:28.479  1373  1373 I OMXClient: MuxOMX ctor
02-20 20:09:28.479  1370  1851 I OMXMaster: makeComponentInstance(OMX.google.amrwb.decoder) in mediacodec process
02-20 20:09:28.504  1373  1373 I MediaPlayerService: MediaPlayerService::getOMX
02-20 20:09:28.504  1373  1373 I OMXClient: MuxOMX ctor
02-20 20:09:28.504  1370  1851 I OMXMaster: makeComponentInstance(OMX.google.aac.decoder) in mediacodec process
02-20 20:09:28.506  1267  1303 I fsck_msdos: Attempting to allocate 1022 KB for FAT
02-20 20:09:28.542  1373  1373 I MediaPlayerService: MediaPlayerService::getOMX
02-20 20:09:28.550  1373  1373 I OMXClient: MuxOMX ctor
02-20 20:09:28.550  1370  1370 I OMXMaster: makeComponentInstance(OMX.google.g711.alaw.decoder) in mediacodec process
02-20 20:09:28.573  1373  1373 I MediaPlayerService: MediaPlayerService::getOMX
02-20 20:09:28.574  1373  1373 I OMXClient: MuxOMX ctor
02-20 20:09:28.574  1370  1851 I OMXMaster: makeComponentInstance(OMX.google.g711.mlaw.decoder) in mediacodec process
02-20 20:09:28.592  1846  1846 I wpa_supplicant: Successfully initialized wpa_supplicant
02-20 20:09:28.594  1846  1846 I wpa_supplicant: rfkill: Cannot open RFKILL control device
02-20 20:09:28.595  1846  1846 I wpa_supplicant: nl80211: Could not re-add multicast membership for vendor events: -2 (No such file or directory)
02-20 20:09:28.595  1758  1758 W InputAttributes: No editor info for this field. Bug?
02-20 20:09:28.597  1774  1864 E WVMExtractor: Failed to open libwvm.so: dlopen failed: library "libwvm.so" not found
02-20 20:09:28.618  1267  1303 I fsck_msdos: ** Phase 2 - Check Cluster Chains
02-20 20:09:28.620  1267  1303 I fsck_msdos: ** Phase 3 - Checking Directories
02-20 20:09:28.620  1802  1802 I art     : System.exit called, status: 0
02-20 20:09:28.620  1802  1802 I AndroidRuntime: VM exiting with result code 0, cleanup skipped.
02-20 20:09:28.627  1267  1303 I fsck_msdos: ** Phase 4 - Checking for Lost Files
02-20 20:09:28.628  1267  1303 I fsck_msdos: 27 files, 522176 free (261088 clusters)
02-20 20:09:28.632  1809  1809 I art     : System.exit called, status: 0
02-20 20:09:28.632  1809  1809 I AndroidRuntime: VM exiting with result code 0, cleanup skipped.
02-20 20:09:28.645  1678  1678 D NetworkPolicy: setRestrictBackgroundUL(): false
02-20 20:09:28.645  1678  1678 W NetworkManagement: setDataSaverMode(): already false
02-20 20:09:28.654  1373  1373 I MediaPlayerService: MediaPlayerService::getOMX
02-20 20:09:28.654  1373  1373 I OMXClient: MuxOMX ctor
02-20 20:09:28.654  1370  1370 I OMXMaster: makeComponentInstance(OMX.google.vorbis.decoder) in mediacodec process
02-20 20:09:28.671  1267  1303 I Vold    : Filesystem check completed OK
02-20 20:09:28.672  1678  1730 D VoldConnector: RCV <- {656 public:253,64 /mnt/media_rw/1E12-0B12}
02-20 20:09:28.672  1678  1730 D VoldConnector: RCV <- {655 public:253,64 /storage/1E12-0B12}
02-20 20:09:28.678  1267  1303 V vold    : Waiting for FUSE to spin up...
02-20 20:09:28.688  1878  1878 W sdcard  : Device explicitly disabled sdcardfs
02-20 20:09:28.695  1373  1373 I MediaPlayerService: MediaPlayerService::getOMX
02-20 20:09:28.698  1373  1373 I OMXClient: MuxOMX ctor
02-20 20:09:28.699  1370  1851 I OMXMaster: makeComponentInstance(OMX.google.opus.decoder) in mediacodec process
02-20 20:09:28.594     0     0 D ieee80211 phy0: mac80211_hwsim_start
02-20 20:09:28.729  1678  1730 D VoldConnector: RCV <- {651 public:253,64 2}
02-20 20:09:28.729  1678  1730 D VoldConnector: RCV <- {200 6 Command succeeded}
02-20 20:09:28.730  1678  1729 E VoldConnector: NDC Command {6 volume mount public:253,64 2 0} took too long (605ms)
02-20 20:09:28.751  1373  1373 I MediaPlayerService: MediaPlayerService::getOMX
02-20 20:09:28.751  1373  1373 I OMXClient: MuxOMX ctor
02-20 20:09:28.751  1370  1370 I OMXMaster: makeComponentInstance(OMX.google.raw.decoder) in mediacodec process
02-20 20:09:28.754  1373  1373 I MediaPlayerService: MediaPlayerService::getOMX
02-20 20:09:28.754  1373  1373 I OMXClient: MuxOMX ctor
02-20 20:09:28.754  1370  1370 I OMXMaster: makeComponentInstance(OMX.google.aac.encoder) in mediacodec process
02-20 20:09:28.594     0     0 D ieee80211 phy0: mac80211_hwsim_add_interface (type=2 mac_addr=02:00:00:44:55:66)
02-20 20:09:28.594     0     0 D ieee80211 phy0: mac80211_hwsim_bss_info_changed(changed=0xe)
02-20 20:09:28.594     0     0 D ieee80211 phy0: ERP_CTS_PROT: 0
02-20 20:09:28.594     0     0 D ieee80211 phy0: ERP_PREAMBLE: 0
02-20 20:09:28.594     0     0 D ieee80211 phy0: ERP_SLOT: 0
02-20 20:09:28.594     0     0 D ieee80211 phy0: mac80211_hwsim_conf_tx (queue=0 txop=0 cw_min=15 cw_max=1023 aifs=2)
02-20 20:09:28.594     0     0 D ieee80211 phy0: mac80211_hwsim_conf_tx (queue=1 txop=0 cw_min=15 cw_max=1023 aifs=2)
02-20 20:09:28.594     0     0 D ieee80211 phy0: mac80211_hwsim_conf_tx (queue=2 txop=0 cw_min=15 cw_max=1023 aifs=2)
02-20 20:09:28.594     0     0 D ieee80211 phy0: mac80211_hwsim_conf_tx (queue=3 txop=0 cw_min=15 cw_max=1023 aifs=2)
02-20 20:09:28.594     0     0 D ieee80211 phy0: mac80211_hwsim_bss_info_changed(changed=0x2000)
02-20 20:09:28.594     0     0 D ieee80211 phy0: mac80211_hwsim_config (freq=0 idle=0 ps=0 smps=auto)
02-20 20:09:28.594     0     0 D ieee80211 phy0: mac80211_hwsim_configure_filter
02-20 20:09:28.594     0     0 I IPv6    : ADDRCONF(NETDEV_UP): wlan0: link is not ready
02-20 20:09:28.595     0     0 D ieee80211 phy0: mac80211_hwsim_configure_filter
02-20 20:09:28.675     0     0 W FAT-fs (vde): Volume was not properly unmounted. Some data may be corrupt. Please run fsck.
02-20 20:09:28.676     0     0 D SELinux : initialized (dev vde, type vfat), uses genfs_contexts
02-20 20:09:28.690     0     0 D SELinux : initialized (dev fuse, type fuse), uses genfs_contexts
02-20 20:09:28.692     0     0 D SELinux : initialized (dev fuse, type fuse), uses genfs_contexts
02-20 20:09:28.692     0     0 D SELinux : initialized (dev fuse, type fuse), uses genfs_contexts
02-20 20:09:28.760  1373  1373 I MediaPlayerService: MediaPlayerService::getOMX
02-20 20:09:28.760  1373  1373 I OMXClient: MuxOMX ctor
02-20 20:09:28.760  1370  1412 I OMXMaster: makeComponentInstance(OMX.google.amrnb.encoder) in mediacodec process
02-20 20:09:28.764  1373  1373 I MediaPlayerService: MediaPlayerService::getOMX
02-20 20:09:28.764  1373  1373 I OMXClient: MuxOMX ctor
02-20 20:09:28.765  1370  1412 I OMXMaster: makeComponentInstance(OMX.google.amrwb.encoder) in mediacodec process
02-20 20:09:28.765  1758  1873 I LatinIME:LogUtils: Dictionary info: dictionary = userunigram.en_US ; version = 1519157368 ; date = ?
02-20 20:09:28.767  1758  1873 E ActivityThread: Failed to find provider info for user_dictionary
02-20 20:09:28.769  1758  1873 I LatinIME:LogUtils: Dictionary info: dictionary = UserHistoryDictionary.en_US ; version = 1519157368 ; date = ?
02-20 20:09:28.774  1373  1373 I MediaPlayerService: MediaPlayerService::getOMX
02-20 20:09:28.774  1373  1373 I OMXClient: MuxOMX ctor
02-20 20:09:28.775  1370  1412 I OMXMaster: makeComponentInstance(OMX.google.flac.encoder) in mediacodec process
02-20 20:09:28.777  1678  1693 W WindowManager: Keyguard drawn timeout. Setting mKeyguardDrawComplete
02-20 20:09:28.782  1678  1678 I SystemServiceManager: Starting phase 600
02-20 20:09:28.811  1678  1678 D SensorNotificationService: Cannot obtain dynamic meta sensor, not supported.
02-20 20:09:28.818  1678  1734 I netstats_mobile_sample: [0,0,0,0,0,0,0,0,0,0,0,0,-1]
02-20 20:09:28.818  1678  1734 I netstats_wifi_sample: [0,0,0,0,0,0,0,0,0,0,0,0,-1]
02-20 20:09:28.821  1846  1846 E wpa_supplicant: global ctrl interface @android:wpa_wlan0 matches ctrl interface wlan0 - do not open per-interface ctrl interface
02-20 20:09:28.822  1678  1678 D TelephonyRegistry: listen oscl: hasNotifySubscriptionInfoChangedOccurred==false no callback
02-20 20:09:28.837  1678  1678 I GnssLocationProvider: WakeLock acquired by sendMessage(13, 0, null)
02-20 20:09:28.843  1678  1678 W LocationProviderProxy-network: Odd, no component found for service com.android.location.service.v3.NetworkLocationProvider
02-20 20:09:28.853  1678  1678 W GeocoderProxy: Odd, no component found for service com.android.location.service.GeocodeProvider
02-20 20:09:28.853  1678  1678 E FlpHardwareProvider: Error hw_get_module 'flp': -2
02-20 20:09:28.853  1678  1678 D LocationManagerService: FLP HAL not supported
02-20 20:09:28.854  1678  1678 W GeofenceProxy: Odd, no component found for service com.android.location.service.GeofenceProvider
02-20 20:09:28.854  1678  1678 E ActivityRecognitionHardware: Error hw_get_module: -2
02-20 20:09:28.854  1678  1678 D LocationManagerService: Hardware Activity-Recognition not supported.
02-20 20:09:28.855  1678  1678 W ActivityRecognitionProxy: Odd, no component found for service com.android.location.service.ActivityRecognitionProvider
02-20 20:09:28.855  1774  1774 I vol.Events: writeEvent collection_started
02-20 20:09:28.856  1678  1678 I GnssLocationProvider: WakeLock acquired by sendMessage(2, 1, null)
02-20 20:09:28.859  1774  1907 I sysui_action: [213,2]
02-20 20:09:28.859  1774  1907 I vol.Events: writeEvent external_ringer_mode_changed normal
02-20 20:09:28.859  1774  1907 I vol.Events: writeEvent internal_ringer_mode_changed normal
02-20 20:09:28.859  1373  1373 I MediaPlayerService: MediaPlayerService::getOMX
02-20 20:09:28.859  1678  1678 I CommonTimeManagementService: No common time service detected on this platform.  Common time services will be unavailable.
02-20 20:09:28.860  1678  1691 W GnssLocationProvider: Could not open GPS configuration file /etc/gps.conf
02-20 20:09:28.868  1678  1678 D TelephonyRegistry: systemRunning register for intents
02-20 20:09:28.868  1678  1678 I MmsServiceBroker: Delay connecting to MmsService until an API is called
02-20 20:09:28.872  1373  1373 I OMXClient: MuxOMX ctor
02-20 20:09:28.872  1370  1850 I OMXMaster: makeComponentInstance(OMX.google.gsm.decoder) in mediacodec process
02-20 20:09:28.891  1678  1728 I InputReader: Reconfiguring input devices.  changes=0x00000020
02-20 20:09:28.892  1678  1728 I InputReader: Reconfiguring input devices.  changes=0x00000010
02-20 20:09:28.897  1678  1678 I am_proc_start: [0,1909,1001,com.android.phone,added application,com.android.phone]
02-20 20:09:28.898  1678  1678 I ActivityManager: Start proc 1909:com.android.phone/1001 for added application com.android.phone
02-20 20:09:28.906  1678  1678 I ActivityManager: START u0 {act=android.intent.action.MAIN cat=[android.intent.category.HOME] flg=0x10000100 cmp=com.android.settings/.FallbackHome} from uid 0 on display 0
02-20 20:09:28.907  1678  1678 W System  : ClassLoader referenced unknown path: 
02-20 20:09:28.907  1678  1678 W System  : ClassLoader referenced unknown path: /system/priv-app/Settings/lib/x86_64
02-20 20:09:28.907  1678  1678 D ApplicationLoaders: ignored Vulkan layer search path /system/priv-app/Settings/lib/x86_64:/system/priv-app/Settings/Settings.apk!/lib/x86_64:/system/lib64:/vendor/lib64 for namespace 0x772c388be160
02-20 20:09:28.910  1678  1678 I ActivityManager: Loaded persisted task ids for user 0
02-20 20:09:28.911  1678  1678 I am_create_task: [0,1]
02-20 20:09:28.911  1678  1678 I am_create_activity: [0,138049208,1,com.android.settings/.FallbackHome,android.intent.action.MAIN,NULL,NULL,276824320]
02-20 20:09:28.912  1678  1678 I wm_task_created: [1,0]
02-20 20:09:28.912  1678  1678 I wm_task_moved: [1,1,0]
02-20 20:09:28.912  1678  1678 I wm_task_moved: [1,1,0]
02-20 20:09:28.913  1678  1678 I am_focused_activity: [0,com.android.settings/.FallbackHome,startedActivity]
02-20 20:09:28.916  1909  1909 W art     : Unexpected CPU variant for X86 using defaults: x86_64
02-20 20:09:28.926  1678  1678 I am_proc_start: [0,1915,1000,com.android.settings,activity,com.android.settings/.FallbackHome]
02-20 20:09:28.926  1678  1678 I ActivityManager: Start proc 1915:com.android.settings/1000 for activity com.android.settings/.FallbackHome
02-20 20:09:28.930  1678  1678 I SystemServer: Enabled StrictMode for system server main thread.
02-20 20:09:28.930  1678  1751 I am_proc_bound: [0,1909,com.android.phone]
02-20 20:09:28.934  1678  1678 D ConditionProviders.SCP: onConnected
02-20 20:09:28.934  1678  1678 D ZenLog  : set_zen_mode: off,readXml
02-20 20:09:28.935  1678  1678 D ConditionProviders: Subscribing to condition://android/schedule?days=6.7&start=23.30&end=10.0&exitAtAlarm=false with ComponentInfo{android/com.android.server.notification.ScheduleConditionProvider}
02-20 20:09:28.935  1678  1678 D ZenLog  : subscribe: condition://android/schedule?days=6.7&start=23.30&end=10.0&exitAtAlarm=false,ok
02-20 20:09:28.935  1678  1678 D ConditionProviders: Subscribing to condition://android/event?userId=-10000&calendar=&reply=1 with ComponentInfo{android/com.android.server.notification.EventConditionProvider}
02-20 20:09:28.935  1678  1678 D ZenLog  : subscribe: condition://android/event?userId=-10000&calendar=&reply=1,ok
02-20 20:09:28.935  1678  1678 D ConditionProviders: Subscribing to condition://android/schedule?days=1.2.3.4.5&start=22.0&end=7.0&exitAtAlarm=false with ComponentInfo{android/com.android.server.notification.ScheduleConditionProvider}
02-20 20:09:28.935  1678  1678 D ZenLog  : subscribe: condition://android/schedule?days=1.2.3.4.5&start=22.0&end=7.0&exitAtAlarm=false,ok
02-20 20:09:28.951  1915  1915 W art     : Unexpected CPU variant for X86 using defaults: x86_64
02-20 20:09:28.968  1909  1909 W System  : ClassLoader referenced unknown path: /system/priv-app/TeleService/lib/x86_64
02-20 20:09:28.986  1678  1691 E GnssLocationProvider: no AGPS interface in set_agps_server
02-20 20:09:28.990  1678  1678 D RttService: SCAN_AVAILABLE : 1
02-20 20:09:28.990  1678  1678 D ZenLog  : set_zen_mode: off,cleanUpZenRules
02-20 20:09:28.992  1678  1740 I WifiScanningService: wifi driver unloaded
02-20 20:09:28.992  1678  1741 D RttService: DefaultState got{ when=-2ms what=160513 target=com.android.internal.util.StateMachine$SmHandler }
02-20 20:09:28.996  1909  1909 W System  : ClassLoader referenced unknown path: /system/priv-app/TelephonyProvider/lib/x86_64
02-20 20:09:28.996  1909  1909 D ApplicationLoaders: ignored Vulkan layer search path /system/priv-app/TelephonyProvider/lib/x86_64:/system/lib64:/vendor/lib64 for namespace 0x772c388530f0
02-20 20:09:28.997  1373  1373 I MediaPlayerService: MediaPlayerService::getOMX
02-20 20:09:28.998  1373  1373 I OMXClient: MuxOMX ctor
02-20 20:09:28.998  1370  1850 I OMXMaster: makeComponentInstance(OMX.google.mpeg4.decoder) in mediacodec process
02-20 20:09:28.998  1678  1689 I am_proc_bound: [0,1915,com.android.settings]
02-20 20:09:29.000  1678  1691 D TelephonyRegistry: listen oscl: hasNotifySubscriptionInfoChangedOccurred==false no callback
02-20 20:09:29.032  1370  1850 E OMXNodeInstance: getExtensionIndex(55a000f:google.mpeg4.decoder, OMX.google.android.index.configureVideoTunnelMode) ERROR: UnsupportedIndex(0x8000101a)
02-20 20:09:29.032  1370  1370 W OMXNodeInstance: [55a000f:google.mpeg4.decoder] component does not support metadata mode; using fallback
02-20 20:09:29.038  1373  1373 I MediaPlayerService: MediaPlayerService::getOMX
02-20 20:09:29.038  1373  1373 I OMXClient: MuxOMX ctor
02-20 20:09:29.038  1370  1412 I OMXMaster: makeComponentInstance(OMX.google.h263.decoder) in mediacodec process
02-20 20:09:29.058  1313  1326 D PermissionCache: checking android.permission.READ_FRAME_BUFFER for uid=1000 => granted (287 us)
02-20 20:09:29.065  1758  1873 I LatinIME:LogUtils: Dictionary info: dictionary = main:en ; version = 54 ; date = 1414726273
02-20 20:09:29.069  1909  1909 D TelephonyProvider: dbh.onOpen: ok, queried table=siminfo
02-20 20:09:29.069  1909  1909 D TelephonyProvider: dbh.onOpen: ok, queried table=carriers
02-20 20:09:29.102  1370  1850 E OMXNodeInstance: getExtensionIndex(55a0010:google.h263.decoder, OMX.google.android.index.configureVideoTunnelMode) ERROR: UnsupportedIndex(0x8000101a)
02-20 20:09:29.102  1370  1851 W OMXNodeInstance: [55a0010:google.h263.decoder] component does not support metadata mode; using fallback
02-20 20:09:29.103  1373  1373 I MediaPlayerService: MediaPlayerService::getOMX
02-20 20:09:29.103  1373  1373 I OMXClient: MuxOMX ctor
02-20 20:09:29.103  1370  1370 I OMXMaster: makeComponentInstance(OMX.google.h264.decoder) in mediacodec process
02-20 20:09:29.111  1313  1326 D gralloc_ranchu: gralloc_alloc: Creating ashmem region of size 17051648
02-20 20:09:29.145  1373  1373 W ACodec  : [OMX.google.h264.decoder] stopping checking profiles after 32: 2/8000
02-20 20:09:29.145  1370  1851 E OMXNodeInstance: getExtensionIndex(55a0011:google.h264.decoder, OMX.google.android.index.configureVideoTunnelMode) ERROR: UnsupportedIndex(0x8000101a)
02-20 20:09:29.145  1370  1370 W OMXNodeInstance: [55a0011:google.h264.decoder] component does not support metadata mode; using fallback
02-20 20:09:29.147  1373  1373 I MediaPlayerService: MediaPlayerService::getOMX
02-20 20:09:29.147  1373  1373 I OMXClient: MuxOMX ctor
02-20 20:09:29.147  1370  1370 I OMXMaster: makeComponentInstance(OMX.google.hevc.decoder) in mediacodec process
02-20 20:09:29.170  1370  1412 E OMXNodeInstance: getExtensionIndex(55a0012:google.hevc.decoder, OMX.google.android.index.configureVideoTunnelMode) ERROR: UnsupportedIndex(0x8000101a)
02-20 20:09:29.170  1370  1370 W OMXNodeInstance: [55a0012:google.hevc.decoder] component does not support metadata mode; using fallback
02-20 20:09:29.172  1373  1373 I MediaPlayerService: MediaPlayerService::getOMX
02-20 20:09:29.172  1373  1373 I OMXClient: MuxOMX ctor
02-20 20:09:29.172  1370  1850 I OMXMaster: makeComponentInstance(OMX.google.vp8.decoder) in mediacodec process
02-20 20:09:29.193  1370  1851 E OMXNodeInstance: getExtensionIndex(55a0013:google.vp8.decoder, OMX.google.android.index.configureVideoTunnelMode) ERROR: UnsupportedIndex(0x8000101a)
02-20 20:09:29.193  1370  1850 W OMXNodeInstance: [55a0013:google.vp8.decoder] component does not support metadata mode; using fallback
02-20 20:09:29.194  1373  1373 I MediaPlayerService: MediaPlayerService::getOMX
02-20 20:09:29.195  1373  1373 I OMXClient: MuxOMX ctor
02-20 20:09:29.195  1370  1370 I OMXMaster: makeComponentInstance(OMX.google.vp9.decoder) in mediacodec process
02-20 20:09:29.212  1678  1689 I am_restart_activity: [0,138049208,1,com.android.settings/.FallbackHome]
02-20 20:09:29.213  1370  1370 E OMXNodeInstance: getExtensionIndex(55a0014:google.vp9.decoder, OMX.google.android.index.configureVideoTunnelMode) ERROR: UnsupportedIndex(0x8000101a)
02-20 20:09:29.213  1370  1850 W OMXNodeInstance: [55a0014:google.vp9.decoder] component does not support metadata mode; using fallback
02-20 20:09:29.215  1373  1373 I MediaPlayerService: MediaPlayerService::getOMX
02-20 20:09:29.215  1373  1373 I OMXClient: MuxOMX ctor
02-20 20:09:29.215  1370  1850 I OMXMaster: makeComponentInstance(OMX.google.h263.encoder) in mediacodec process
02-20 20:09:29.212     0     0 D ieee80211 phy1: mac80211_hwsim_configure_filter
02-20 20:09:29.226  1678  1678 W art     : Long monitor contention with owner Binder:1678_1 (1689) at void com.android.server.am.ActivityManagerService.attachApplication(android.app.IApplicationThread)(ActivityManagerService.java:6669) waiters=0 in int com.android.server.am.ActivityManagerService.broadcastIntent(android.app.IApplicationThread, android.content.Intent, java.lang.String, android.content.IIntentReceiver, int, java.lang.String, android.os.Bundle, java.lang.String[], int, android.os.Bundle, boolean, boolean, int) for 213ms
02-20 20:09:29.226  1678  1678 I dvm_lock_sample: [system_server,1,main,213,ActivityManagerService.java,18551,-,6669,42]
02-20 20:09:29.235  1915  1915 W System  : ClassLoader referenced unknown path: /system/priv-app/Settings/lib/x86_64
02-20 20:09:29.241  1678  1678 W System  : ClassLoader referenced unknown path: /system/priv-app/Telecom/lib/x86_64
02-20 20:09:29.242  1678  1678 D ApplicationLoaders: ignored Vulkan layer search path /system/priv-app/Telecom/lib/x86_64:/system/priv-app/Telecom/Telecom.apk!/lib/x86_64:/system/lib64:/vendor/lib64 for namespace 0x772c388be1d0
02-20 20:09:29.248  1909  1909 D TDC     : updateOrInsert: inserting: Modem { uuid=modem, state=0, rilModel=0, rat={}, maxActiveVoiceCall=1, maxActiveDataCall=1, maxStandby=1 }
02-20 20:09:29.248  1909  1909 D TDC     : updateOrInsert: inserting: Sim { uuid=sim, modemUuid=modem, state=0 }
02-20 20:09:29.254  1370  1850 I SoftMPEG4Encoder: Construct SoftMPEG4Encoder
02-20 20:09:29.255  1373  1373 W ACodec  : do not know color format 0x7f000789 = 2130708361
02-20 20:09:29.255  1370  1851 E OMXNodeInstance: getConfig(55a0015:google.h263.encoder, ConfigAndroidIntraRefresh(0x6f60000a)) ERROR: Undefined(0x80001001)
02-20 20:09:29.256  1909  1909 D CdmaSSM : subscriptionSource from settings: 0
02-20 20:09:29.256  1909  1909 I PhoneFactory: Cdma Subscription set to 0
02-20 20:09:29.259  1373  1373 I MediaPlayerService: MediaPlayerService::getOMX
02-20 20:09:29.260  1373  1373 I OMXClient: MuxOMX ctor
02-20 20:09:29.260  1370  1851 I OMXMaster: makeComponentInstance(OMX.google.h264.encoder) in mediacodec process
02-20 20:09:29.272  1678  1957 I stream_devices_changed: [0,0,2]
02-20 20:09:29.273  1678  1957 I stream_devices_changed: [2,0,2]
02-20 20:09:29.274  1678  1957 I stream_devices_changed: [3,0,2]
02-20 20:09:29.275  1678  1691 I GnssLocationProvider: WakeLock released by handleMessage(13, 0, null)
02-20 20:09:29.275  1678  1691 E GnssLocationProvider: no AGPS interface in set_agps_server
02-20 20:09:29.276  1678  1691 I GnssLocationProvider: WakeLock released by handleMessage(2, 1, null)
02-20 20:09:29.276  1678  1691 W LocationProviderProxy-network: Odd, no component found for service com.android.location.service.v3.NetworkLocationProvider
02-20 20:09:29.276  1678  1691 W GeocoderProxy: Odd, no component found for service com.android.location.service.GeocodeProvider
02-20 20:09:29.276  1678  1691 W GeofenceProxy: Odd, no component found for service com.android.location.service.GeofenceProvider
02-20 20:09:29.276  1678  1691 W ActivityRecognitionProxy: Odd, no component found for service com.android.location.service.ActivityRecognitionProvider
02-20 20:09:29.288  1678  1957 I stream_devices_changed: [6,0,2]
02-20 20:09:29.298  1678  1957 I stream_devices_changed: [4,0,2]
02-20 20:09:29.307  1774  1907 I vol.Events: writeEvent level_changed STREAM_ALARM 6
02-20 20:09:29.308  1774  1907 I vol.Events: writeEvent level_changed STREAM_BLUETOOTH_SCO 7
02-20 20:09:29.316  1373  1373 W ACodec  : do not know color format 0x7f000789 = 2130708361
02-20 20:09:29.320  1373  1373 I MediaPlayerService: MediaPlayerService::getOMX
02-20 20:09:29.322  1373  1373 I OMXClient: MuxOMX ctor
02-20 20:09:29.322  1370  1370 I OMXMaster: makeComponentInstance(OMX.google.mpeg4.encoder) in mediacodec process
02-20 20:09:29.338  1909  1909 I PhoneFactory: Network Mode set to 0
02-20 20:09:29.346  1915  1915 I am_on_resume_called: [0,com.android.settings.FallbackHome,LAUNCH_ACTIVITY]
02-20 20:09:29.353  1313  1326 E SurfaceFlinger: ro.sf.lcd_density must be defined as a build property
02-20 20:09:29.353  1774  1907 I vol.Events: writeEvent level_changed STREAM_MUSIC 11
02-20 20:09:29.354  1909  1909 D RILJ    : RIL(context, preferredNetworkType=0 cdmaSubscription=0)
02-20 20:09:29.361  1678  1738 D WifiConfigManager: Loading config and enabling all networks 
02-20 20:09:29.363  1774  1907 I vol.Events: writeEvent level_changed STREAM_RING 5
02-20 20:09:29.365  1774  1907 I vol.Events: writeEvent level_changed STREAM_SYSTEM 5
02-20 20:09:29.367  1774  1907 I vol.Events: writeEvent level_changed STREAM_VOICE_CALL 4
02-20 20:09:29.368  1915  1915 D         : HostConnection::get() New Host Connection established 0x772c29df8e20, tid 1915
02-20 20:09:29.374  1909  1909 D RILJ    : Starting RILReceiver0 [SUB0]
02-20 20:09:29.376  1678  1738 W WifiNetworkHistory: Upgrading network 0 to android.uid.system:1000
02-20 20:09:29.376  1678  1738 D WifiConfigManager: loaded 0 passpoint configs
02-20 20:09:29.376  1678  1738 E IpConfigStore: Error parsing configuration: java.io.FileNotFoundException: /data/misc/wifi/ipconfig.txt (No such file or directory)
02-20 20:09:29.378  1678  1738 D WifiNative-HAL: Setting external_sim to 1
02-20 20:09:29.379  1678  1738 D WifiStateMachine: Setting OUI to DA-A1-19
02-20 20:09:29.380  1375  1460 I RILC    : libril: new connection to RIL_SOCKET_1
02-20 20:09:29.380  1375  1460 I RILC    : RIL Daemon version: android reference-ril 1.0
02-20 20:09:29.380  1909  1975 I RILJ    : (0) Connected to 'rild' socket
02-20 20:09:29.381  1678  1738 I WifiConnectivityManager: PNO settings: min5GHzRssi -82 min24GHzRssi -85 currentConnectionBonus 16 sameNetworkBonus 24 secureNetworkBonus 80 initialScoreMax 100
02-20 20:09:29.382  1909  1909 D RILJ    : [3648]> GET_HARDWARE_CONFIG [SUB0]
02-20 20:09:29.384  1678  1678 E BluetoothAdapter: Bluetooth binder is null
02-20 20:09:29.384  1678  1738 I WifiConnectivityManager: ConnectivityScanManager initialized and disabled
02-20 20:09:29.384  1678  1738 I WifiConnectivityManager: setUntrustedConnectionAllowed: allowed=false
02-20 20:09:29.384  1678  1738 E WifiLogger: no ring buffers found
02-20 20:09:29.384  1678  1738 E WifiLogger: Failed to start packet fate monitoring
02-20 20:09:29.385  1909  1909 I PhoneFactory: Creating SubscriptionController
02-20 20:09:29.388  1375  1460 D RIL     : onRequest: GET_HARDWARE_CONFIG
02-20 20:09:29.389  1909  1909 D SubscriptionController: [SubscriptionController] init by Context
02-20 20:09:29.392  1909  1975 D RILJ    : [UNSL]< UNSOL_RIL_CONNECTED {12} [SUB0]
02-20 20:09:29.392  1909  1975 D RILJ    : [3649]> RADIO_POWER off [SUB0]
02-20 20:09:29.392  1678  1678 I Telecom : SystemStateProvider: Registering car mode receiver: android.content.IntentFilter@4388c63: TS.init@AAA
02-20 20:09:29.393  1375  1460 D RIL     : onRequest: RADIO_POWER
02-20 20:09:29.393  1909  1975 D RILJ    : [3650]> RIL_REQUEST_CDMA_SET_SUBSCRIPTION_SOURCE : 0 [SUB0]
02-20 20:09:29.394  1678  1738 I WifiConnectivityManager: Set WiFi enabled
02-20 20:09:29.394  1678  1738 I WifiConnectivityManager: scheduleWatchdogTimer
02-20 20:09:29.394  1678  1738 D WifiNative-HAL: Failing getSupportedFeatureset because HAL isn't started
02-20 20:09:29.396  1678  1695 E BatteryStatsService: no controller energy info supplied
02-20 20:09:29.396  1678  1695 E KernelCpuSpeedReader: Failed to read cpu-freq: /sys/devices/system/cpu/cpu0/cpufreq/stats/time_in_state (No such file or directory)
02-20 20:09:29.396  1678  1695 E KernelUidCpuTimeReader: Failed to read uid_cputime: /proc/uid_cputime/show_uid_stat (No such file or directory)
02-20 20:09:29.405  1375  1460 D RIL     : onRequest: CDMA_SET_SUBSCRIPTION_SOURCE
02-20 20:09:29.405  1909  1975 D RILJ    : setCellInfoListRate: 2147483647 [SUB0]
02-20 20:09:29.405  1909  1975 D RILJ    : [3651]> RIL_REQUEST_SET_CELL_INFO_LIST_RATE [SUB0]
02-20 20:09:29.407  1375  1460 D RIL     : onRequest: SET_UNSOL_CELL_INFO_LIST_RATE
02-20 20:09:29.407  1909  1975 D RILJ    : [UNSL]< UNSOL_RESPONSE_RADIO_STATE_CHANGED RADIO_OFF [SUB0]
02-20 20:09:29.407  1909  1975 D RILJ    : [3652]> SCREEN_STATE: true [SUB0]
02-20 20:09:29.407  1678  1738 D WifiNative-HAL: Failing getSupportedFeatureset because HAL isn't started
02-20 20:09:29.407  1678  1695 E BatteryStatsService: no controller energy info supplied
02-20 20:09:29.407  1678  1695 E KernelCpuSpeedReader: Failed to read cpu-freq: /sys/devices/system/cpu/cpu0/cpufreq/stats/time_in_state (No such file or directory)
02-20 20:09:29.407  1375  1460 D RIL     : onRequest: SCREEN_STATE
02-20 20:09:29.407  1909  1975 D RILJ    : [UNSL]< UNSOL_NITZ_TIME_RECEIVED 18/02/20:20:09:22+0:0:Unknown!Unknown [SUB0]
02-20 20:09:29.407  1678  1695 E KernelUidCpuTimeReader: Failed to read uid_cputime: /proc/uid_cputime/show_uid_stat (No such file or directory)
02-20 20:09:29.409  1909  1909 D UiccController: Creating UiccController
02-20 20:09:29.409  1370  1370 I SoftMPEG4Encoder: Construct SoftMPEG4Encoder
02-20 20:09:29.410  1373  1373 W ACodec  : do not know color format 0x7f000789 = 2130708361
02-20 20:09:29.410  1370  1851 E OMXNodeInstance: getConfig(55a0017:google.mpeg4.encoder, ConfigAndroidIntraRefresh(0x6f60000a)) ERROR: Undefined(0x80001001)
02-20 20:09:29.411  1373  1373 I MediaPlayerService: MediaPlayerService::getOMX
02-20 20:09:29.411  1373  1373 I OMXClient: MuxOMX ctor
02-20 20:09:29.411  1370  1851 I OMXMaster: makeComponentInstance(OMX.google.vp8.encoder) in mediacodec process
02-20 20:09:29.416  1909  1975 D RilRequest: [3648]< GET_HARDWARE_CONFIG error: com.android.internal.telephony.CommandException: RADIO_NOT_AVAILABLE ret=
02-20 20:09:29.417  1909  1909 D TelephonyTester: register for intent action=com.android.internal.telephony.action_detached
02-20 20:09:29.417  1909  1909 D TelephonyTester: register for intent action=com.android.internal.telephony.action_attached
02-20 20:09:29.426  1909  1975 D RILJ    : [3649]< RADIO_POWER  [SUB0]
02-20 20:09:29.426  1909  1975 D RilRequest: [3650]< RIL_REQUEST_CDMA_SET_SUBSCRIPTION_SOURCE error: com.android.internal.telephony.CommandException: RADIO_NOT_AVAILABLE ret=
02-20 20:09:29.427  1909  1975 D RilRequest: [3651]< RIL_REQUEST_SET_CELL_INFO_LIST_RATE error: com.android.internal.telephony.CommandException: RADIO_NOT_AVAILABLE ret=
02-20 20:09:29.427  1909  1975 D RilRequest: [3652]< SCREEN_STATE error: com.android.internal.telephony.CommandException: RADIO_NOT_AVAILABLE ret=
02-20 20:09:29.429  1678  1978 I Telecom : Telecom: Non-call EVENT: AUDIO_ROUTE, Entering state QuiescentEarpieceRoute
02-20 20:09:29.431  1909  1909 D Phone   : mDoesRilSendMultipleCallRing=true
02-20 20:09:29.431  1909  1909 D Phone   : mCallRingDelay=3000
02-20 20:09:29.435  1909  1909 D RILJ    : [3653]> RIL_REQUEST_START_LCE [SUB0]
02-20 20:09:29.436  1375  1460 D RIL     : onRequest: <unknown request>
02-20 20:09:29.437  1909  1975 D RilRequest: [3653]< RIL_REQUEST_START_LCE error: com.android.internal.telephony.CommandException: RADIO_NOT_AVAILABLE ret=
02-20 20:09:29.440  1909  1909 E RIL_ImsSms: getFormat should never be called from here!
02-20 20:09:29.440  1909  1909 D SMSDispatcher: SMSDispatcher: ctor mSmsCapable=true format=unknown mSmsSendDisabled=false
02-20 20:09:29.440  1909  1909 D RIL_ImsSms: ImsSMSDispatcher created
02-20 20:09:29.441  1909  1909 D SMSDispatcher: SMSDispatcher: ctor mSmsCapable=true format=3gpp2 mSmsSendDisabled=false
02-20 20:09:29.441  1909  1909 D CdmaSMSDispatcher: CdmaSMSDispatcher created
02-20 20:09:29.444  1678  1980 I Telecom : CallAudioModeStateMachine: Message received: null.: TS.init->CAMSM.pM_1@AAA_0
02-20 20:09:29.453  1909  1909 D GsmInboundSmsHandler: created InboundSmsHandler
02-20 20:09:29.460  1678  1678 E BluetoothAdapter: Bluetooth binder is null
02-20 20:09:29.464  1678  1985 E ActivityThread: Failed to find provider info for call_log
02-20 20:09:29.477  1909  1909 D CdmaInboundSmsHandler: created InboundSmsHandler
02-20 20:09:29.478  1909  1909 D SMSDispatcher: SMSDispatcher: ctor mSmsCapable=true format=3gpp mSmsSendDisabled=false
02-20 20:09:29.478  1909  1909 D GsmSMSDispatcher: GsmSMSDispatcher created
02-20 20:09:29.479  1678  1678 I Telecom : Class: TelecomSystem.INSTANCE being set
02-20 20:09:29.479  1678  1678 E BluetoothAdapter: Bluetooth binder is null
02-20 20:09:29.480  1909  1982 D GsmInboundSmsHandler: StartupState.processMessage:6
02-20 20:09:29.480  1909  1982 D GsmInboundSmsHandler: entering Idle state
02-20 20:09:29.480  1909  1984 D CdmaInboundSmsHandler: StartupState.processMessage:6
02-20 20:09:29.480  1909  1984 D CdmaInboundSmsHandler: entering Idle state
02-20 20:09:29.481  1678  1678 W ContextImpl: Calling a method in the system process without a qualified user: android.app.ContextImpl.startService:1357 com.android.server.content.SyncManager$13.run:658 android.os.Handler.handleCallback:751 android.os.Handler.dispatchMessage:95 android.os.Looper.loop:154 
02-20 20:09:29.495  1909  1909 D IccCardProxy: ctor: ci=com.android.internal.telephony.RIL@6097b4a phoneId=0
02-20 20:09:29.497  1909  1909 D CdmaSSM : subscriptionSource from settings: 0
02-20 20:09:29.497  1909  1909 D CdmaSSM : cdmaSSM constructor: 0
02-20 20:09:29.497  1909  1909 D IccCardProxy: update icc_operator_numeric=
02-20 20:09:29.497  1909  1909 D TelephonyManager: setTelephonyProperty: success phoneId=0 property=gsm.sim.operator.numeric value:  propVal=
02-20 20:09:29.497  1909  1909 D TelephonyManager: setTelephonyProperty: success phoneId=0 property=gsm.sim.operator.iso-country value:  propVal=
02-20 20:09:29.498  1909  1909 D TelephonyManager: setTelephonyProperty: success phoneId=0 property=gsm.sim.operator.alpha value:  propVal=
02-20 20:09:29.498  1909  1909 E IccCardProxy: setExternalState: set mPhoneId=0 mExternalState=NOT_READY
02-20 20:09:29.498  1909  1909 D TelephonyManager: setTelephonyProperty: success phoneId=0 property=gsm.sim.state value: NOT_READY propVal=NOT_READY
02-20 20:09:29.498  1909  1909 D IccCardProxy: broadcastIccStateChangedIntent intent ACTION_SIM_STATE_CHANGED value=NOT_READY reason=null for mPhoneId=0
02-20 20:09:29.499  1909  1909 D RILJ    : setPhoneType=1 old value=0 [SUB0]
02-20 20:09:29.499  1909  1909 D TelephonyManager: setTelephonyProperty: success phoneId=0 property=gsm.current.phone-type value: 1 propVal=1
02-20 20:09:29.499  1909  1909 D IccCardProxy: Setting radio tech UMTS
02-20 20:09:29.499  1909  1909 D IccCardProxy: updateQuietMode: 3GPP subscription -> newQuietMode=false
02-20 20:09:29.499  1909  1909 D IccCardProxy: updateQuietMode: no changes don't setExternalState
02-20 20:09:29.499  1909  1909 D IccCardProxy: updateQuietMode: QuietMode is false (app_type=1 cdmaSource=-1)
02-20 20:09:29.500  1373  1373 W ACodec  : do not know color format 0x7f000789 = 2130708361
02-20 20:09:29.501  1370  1851 E OMXNodeInstance: getConfig(55a0018:google.vp8.encoder, ConfigAndroidIntraRefresh(0x6f60000a)) ERROR: Undefined(0x80001001)
02-20 20:09:29.514  1915  1971 D         : HostConnection::get() New Host Connection established 0x772c29df8ee0, tid 1971
02-20 20:09:29.518  1915  1971 I OpenGLRenderer: Initialized EGL, version 1.4
02-20 20:09:29.518  1915  1971 D OpenGLRenderer: Swap behavior 1
02-20 20:09:29.519  1373  1373 I MediaPlayerService: MediaPlayerService::getOMX
02-20 20:09:29.519  1373  1373 I OMXClient: MuxOMX ctor
02-20 20:09:29.533  1313  1326 E SurfaceFlinger: ro.sf.lcd_density must be defined as a build property
02-20 20:09:29.533  1373  1373 I MediaPlayerService: MediaPlayerService::getOMX
02-20 20:09:29.533  1373  1373 I OMXClient: MuxOMX ctor
02-20 20:09:29.534  1373  1373 W MediaCodecList: unable to open media codecs configuration xml file: /data/misc/media/media_codecs_profiling_results.xml
02-20 20:09:29.534  1373  1852 I MediaPlayerService: MediaPlayerService::getOMX
02-20 20:09:29.535  1774  1874 I OMXClient: MuxOMX ctor
02-20 20:09:29.536  1370  1851 I OMXMaster: makeComponentInstance(OMX.google.vorbis.decoder) in mediacodec process
02-20 20:09:29.536  1909  1909 W CarrierConfigManager: Error getting config for subId -1 ICarrierConfigLoader is null
02-20 20:09:29.537  1678  1790 D TelephonyRegistry: listen oscl: hasNotifySubscriptionInfoChangedOccurred==false no callback
02-20 20:09:29.540  1909  1909 D TelephonyManager: setTelephonyProperty: success phoneId=0 property=gsm.network.type value: Unknown propVal=Unknown
02-20 20:09:29.540  1909  1909 D RILJ    : [3654]> SIGNAL_STRENGTH [SUB0]
02-20 20:09:29.541  1909  1909 D SST     : notifyDataRegStateRilRadioTechnologyChanged: drs=1 rat=0
02-20 20:09:29.541  1909  1909 D TelephonyManager: setTelephonyProperty: success phoneId=0 property=gsm.network.type value: Unknown propVal=Unknown
02-20 20:09:29.541  1915  1971 D EGL_emulation: eglCreateContext: 0x772c29d79700: maj 3 min 0 rcv 3
02-20 20:09:29.542  1375  1460 D RIL     : onRequest: SIGNAL_STRENGTH
02-20 20:09:29.542  1909  1975 D RilRequest: [3654]< SIGNAL_STRENGTH error: com.android.internal.telephony.CommandException: RADIO_NOT_AVAILABLE ret=
02-20 20:09:29.549  1774  1774 D         : HostConnection::get() New Host Connection established 0x772c1963d5a0, tid 1774
02-20 20:09:29.549  1373  1852 I MediaPlayerService: MediaPlayerService::getOMX
02-20 20:09:29.550  1678  1844 I OMXClient: MuxOMX ctor
02-20 20:09:29.550  1909  1909 D DCT     : [0]DCT.constructor
02-20 20:09:29.554  1678  1690 D TelephonyRegistry: listen oscl: hasNotifySubscriptionInfoChangedOccurred==false no callback
02-20 20:09:29.555  1678  1678 W System  : ClassLoader referenced unknown path: /system/priv-app/FusedLocation/lib/x86_64
02-20 20:09:29.555  1909  1909 D Dcc     : E ctor
02-20 20:09:29.555  1909  1909 D Dcc     : X ctor
02-20 20:09:29.556  1909  1909 D SubscriptionController: [getPhoneId] asked for default subId=-1
02-20 20:09:29.557  1909  2000 D DcTesterDeacativateAll: register for intent action=com.android.internal.telephony.dataconnection.action_deactivate_all
02-20 20:09:29.557  1909  2000 D DcTesterDeacativateAll: register for intent action=com.android.internal.telephony.action_detached
02-20 20:09:29.559  1909  1909 D DcTesterFailBrinupAll: register for intent action=com.android.internal.telephony.dataconnection.action_fail_bringup
02-20 20:09:29.559  1909  1909 D DcTesterFailBrinupAll: register for intent action=com.android.internal.telephony.action_detached
