02-20 20:09:31.111  1909  1909 D SIMRecords: [SIMRecords] Got valid mailbox number for MBDN
02-20 20:09:31.111  1909  1909 D RILJ    : [3734]> iccIO: SIM_IO 0xc0 0x6fc7  path: 3F007F20,0,0,15 aid: null [SUB0]
02-20 20:09:31.126  1375  1460 D RIL     : onRequest: SIM_IO
02-20 20:09:31.126  1375  1460 D AT      : AT> AT+CRSM=192,28615,0,0,15
02-20 20:09:31.126  1375  1465 D AT      : AT< +CRSM: 144,0,000000406fc7040011a0aa01020120
02-20 20:09:31.126  1375  1465 D AT      : AT< OK
02-20 20:09:31.126  1909  1975 D RILJ    : [3734]< SIM_IO IccIoResponse sw1:0x90 sw2:0x0 [SUB0]
02-20 20:09:31.127  1909  1909 D SIMRecords: [SIMRecords] onRecordLoaded 10 requested: true
02-20 20:09:31.127  1909  1909 D SIMRecords: [SIMRecords] EF_AD: 00000003
02-20 20:09:31.127  1909  1909 D SIMRecords: [SIMRecords] setting4 mMncLength=3
02-20 20:09:31.127  1909  1909 D SIMRecords: [SIMRecords] update mccmnc=310260
02-20 20:09:31.127  1909  1909 D MccTable: updateMccMncConfiguration mccmnc='310260' fromServiceState=false
02-20 20:09:31.127  1909  1909 D SubscriptionController: [getPhoneId]- no sims, returning default phoneId=2147483647
02-20 20:09:31.127  1909  1909 D MccTable: updateMccMncConfiguration defaultMccMnc=
02-20 20:09:31.127  1909  1909 D MccTable: updateMccMncConfiguration: mcc=310, mnc=260
02-20 20:09:31.127  1909  1909 D MccTable: updateMccMncConfiguration updateConfig config={1.0 310mcc260mnc ?localeList ?layoutDir ?swdp ?wdp ?hdp ?density ?lsize ?long ?orien ?uimode ?night ?touch ?keyb/?/? ?nav/?}
02-20 20:09:31.164  1758  1758 I InputAttributes: InputType.TYPE_NULL is specified
02-20 20:09:31.200  2082  2082 W System  : ClassLoader referenced unknown path: /system/priv-app/PrebuiltGmsCore/lib/x86_64
02-20 20:09:31.217  1678  1688 I art     : Background partial concurrent mark sweep GC freed 65460(3MB) AllocSpace objects, 4(7MB) LOS objects, 20% free, 15MB/19MB, paused 700us total 189.752ms
02-20 20:09:31.266  1678  1748 W art     : Long monitor contention with owner main (1678) at android.content.pm.UserInfo com.android.server.am.UserController.getCurrentUser()(UserController.java:1438) waiters=0 in java.lang.String com.android.server.am.ActivityManagerService.checkContentProviderAccess(java.lang.String, int) for 336ms
02-20 20:09:31.269  1678  1748 I dvm_lock_sample: [system_server,0,ConditionProviders.ECP,336,ActivityManagerService.java,10435,UserController.java,1438,67]
02-20 20:09:31.279  1678  2071 V KeyValueBackupJob: Scheduling k/v pass in 248 minutes
02-20 20:09:31.297  1678  1747 D NotificationSQLiteLog: Pruned event entries: 0
02-20 20:09:31.301  1909  2044 D SubscriptionController: [getPhoneId]- no sims, returning default phoneId=2147483647
02-20 20:09:31.313  1678  1957 I configuration_changed: 3
02-20 20:09:31.313  1678  1957 I ActivityManager: Config changes=3 {1.0 310mcc260mnc [en_US] ldltr sw360dp w360dp h668dp 640dpi nrml long port finger -keyb/v/h -nav/h s.5}
02-20 20:09:31.316  1678  1957 I am_relaunch_resume_activity: [0,138049208,1,com.android.settings/.FallbackHome]
02-20 20:09:31.322  1915  1915 I am_on_paused_called: [0,com.android.settings.FallbackHome,handleRelaunchActivity]
02-20 20:09:31.331  1909  1909 D SIMRecords: [SIMRecords] onRecordLoaded 9 requested: true
02-20 20:09:31.331  1909  1909 D SIMRecords: [SIMRecords] EF_MWIS : 0000000000
02-20 20:09:31.332  1909  1909 D SIMRecords: [SIMRecords] onRecordLoaded 8 requested: true
02-20 20:09:31.332  1909  1909 D SIMRecords: [SIMRecords] EF_CPHS_MWI: 55
02-20 20:09:31.332  1909  1909 D SIMRecords: [SIMRecords] onRecordLoaded 7 requested: true
02-20 20:09:31.332  1909  1909 D SIMRecords: [SIMRecords] EF_CFF_CPHS: 55
02-20 20:09:31.332  1909  1909 D SIMRecords: [SIMRecords] onRecordLoaded 6 requested: true
02-20 20:09:31.332  1909  1909 D SIMRecords: [SIMRecords] onRecordLoaded 5 requested: true
02-20 20:09:31.332  1909  1909 D SIMRecords: [SIMRecords] SST: UsimServiceTable[120]={ PHONEBOOK, FDN, FDN_EXTENSION, SDN, SDN_EXTENSION, BDN, BDN_EXTENSION, OUTGOING_CALL_INFO, ADVICE_OF_CHARGE, CAP_CONFIG_PARAMS_2, GROUP_ID_LEVEL_1, GROUP_ID_LEVEL_2, SPN, USER_PLMN_SELECT, MSISDN, IMAGE, LOCALISED_SERVICE_AREAS, EMLPP, EMLPP_AUTO_ANSWER, RFU, GSM_ACCESS, DATA_DL_VIA_SMS_PP, DATA_DL_VIA_SMS_CB, CALL_CONTROL_BY_USIM, MO_SMS_CONTROL_BY_USIM, RUN_AT_COMMAND, APN_CONTROL_LIST, DEPERSONALISATION_CONTROL_KEYS, COOPERATIVE_NETWORK_LIST, GSM_SECURITY_CONTEXT, SERVICE_PROVIDER_DISPLAY_INFO, MMS_NOTIFICATION, MMS_NOTIFICATION_EXTENSION, GPRS_CALL_CONTROL_BY_USIM, VGCS_GROUP_ID_LIST, VBS_GROUP_ID_LIST, OMA_BCAST_PROFILE, GBA_LOCAL_KEY_ESTABLISHMENT, #101, #102, #103, #104, #105, #106, #107, #108, #109, #110 }
02-20 20:09:31.332  1909  1909 D SIMRecords: [SIMRecords] onRecordLoaded 4 requested: true
02-20 20:09:31.332  1909  1909 D SIMRecords: [SIMRecords] iCPHS: 0233
02-20 20:09:31.332  1909  1909 D SIMRecords: [SIMRecords] onRecordLoaded 3 requested: true
02-20 20:09:31.332  1909  1909 D RuimRecords: [RuimRecords] iccid: 89014103211118510720
02-20 20:09:31.332  1909  1909 D RuimRecords: [RuimRecords] onRecordLoaded 0 requested: true
02-20 20:09:31.332  1909  1909 D RuimRecords: [RuimRecords] record load complete
02-20 20:09:31.332  1915  1971 D EGL_emulation: eglMakeCurrent: 0x772c29d79700: ver 3 0 (tinfo 0x772c340f6a60)
02-20 20:09:31.337  1909  1909 D SIMRecords: [SIMRecords] MSISDN: [t-WgLegCyIMgfHgPkOdM6pkZbpA]
02-20 20:09:31.337  1909  1909 D SIMRecords: [SIMRecords] onRecordLoaded 2 requested: true
02-20 20:09:31.337  1909  1909 D RILJ    : [3735]> iccIO: SIM_IO 0xb2 0x6fc7  path: 3F007F20,1,4,32 aid: null [SUB0]
02-20 20:09:31.338  1915  1915 I am_on_stop_called: [0,com.android.settings.FallbackHome,destroy]
02-20 20:09:31.340  1909  1909 D SIMRecords: [SIMRecords] getServiceProviderName: no brandOverride, providerName=Android
02-20 20:09:31.340  1909  1909 D SIMRecords: [SIMRecords] Load EF_SPN_CPHS: Android
02-20 20:09:31.340  1909  1909 D TelephonyManager: setTelephonyProperty: success phoneId=0 property=gsm.sim.operator.alpha value: Android propVal=Android
02-20 20:09:31.340  1375  1460 D RIL     : onRequest: SIM_IO
02-20 20:09:31.340  1375  1460 D AT      : AT> AT+CRSM=178,28615,1,4,32
02-20 20:09:31.340  1375  1465 D AT      : AT< +CRSM: 144,0,566f6963656d61696cffffffffffffffffff07915155125740f9ffffffffffff
02-20 20:09:31.340  1375  1465 D AT      : AT< OK
02-20 20:09:31.341  1909  1975 D RILJ    : [3735]< SIM_IO IccIoResponse sw1:0x90 sw2:0x0 [SUB0]
02-20 20:09:31.347  1909  1909 D SIMRecords: [SIMRecords] onRecordLoaded 1 requested: true
02-20 20:09:31.347  1909  1909 D SIMRecords: [SIMRecords] VM: ADN Record 'Voicemail' '[-MWU1cAlDrkXUZ8dpHi_wU_YOpU] null' EF[MBDN]
02-20 20:09:31.347  1909  1909 D SIMRecords: [SIMRecords] onRecordLoaded 0 requested: true
02-20 20:09:31.347  1909  1909 D SIMRecords: [SIMRecords] record load complete
02-20 20:09:31.347  1909  1909 D SIMRecords: [SIMRecords] Not using EF LI/EF PL
02-20 20:09:31.347  1909  1909 D SIMRecords: [SIMRecords] EF_CFF: callForwardingEnabled=0
02-20 20:09:31.347  1909  1909 D SIMRecords: [SIMRecords] onAllRecordsLoaded set 'gsm.sim.operator.numeric' to operator='310260'
02-20 20:09:31.347  1909  1909 D SIMRecords: [SIMRecords] update icc_operator_numeric=310260
02-20 20:09:31.347  1909  1909 D TelephonyManager: setTelephonyProperty: success phoneId=0 property=gsm.sim.operator.numeric value: 310260 propVal=310260
02-20 20:09:31.347  1909  1909 D SubscriptionController: [setMccMnc]+ mcc/mnc:310/260 subId:-1
02-20 20:09:31.354  1909  1909 D SubscriptionController: notifySubscriptionInfoChanged:
02-20 20:09:31.356  1678  1678 I GnssLocationProvider: WakeLock acquired by sendMessage(12, 0, null)
02-20 20:09:31.358  1909  2044 D SubscriptionController: [getActiveSubInfoList] Sub Controller not ready
02-20 20:09:31.358  1909  1909 D SIMRecords: [SIMRecords] onAllRecordsLoaded set mcc imsi
02-20 20:09:31.358  1909  1909 D TelephonyManager: setTelephonyProperty: success phoneId=0 property=gsm.sim.operator.iso-country value: us propVal=us
02-20 20:09:31.378  1909  1909 D SST     : SubscriptionListener.onSubscriptionInfoChanged
02-20 20:09:31.378  1909  1909 D SIMRecords: [SIMRecords]  VoiceMessageCount from SIM MWIS = 0
02-20 20:09:31.378  1909  1909 E Phone   : getStoredVoiceMessageCount: invalid subId -2
02-20 20:09:31.378  1909  1909 D GsmCdmaPhone: [GsmCdmaPhone] updateVoiceMail countVoiceMessages = 0 subId -2
02-20 20:09:31.378  1909  1909 E Phone   : setVoiceMessageCount in sharedPreference: invalid subId -2
02-20 20:09:31.380  1909  1909 D DCT     : [0]SubscriptionListener.onSubscriptionInfoChanged
02-20 20:09:31.382  1909  1909 D SubscriptionController: [getActiveSubInfoList] Sub Controller not ready
02-20 20:09:31.382  1909  1909 D SubscriptionController: [getActiveSubInfoList] Sub Controller not ready
02-20 20:09:31.383  1909  1909 I Telephony: PstnIncomingCallNotifier: Unregistering: Handler (com.android.internal.telephony.GsmCdmaPhone) {3c5c2a1}
02-20 20:09:31.384  1909  1909 E PhoneInterfaceManager: [PhoneIntfMgr] getIccId: No UICC
02-20 20:09:31.385  1915  1915 I am_on_resume_called: [0,com.android.settings.FallbackHome,handleRelaunchActivity]
02-20 20:09:31.402  1678  1957 I Telecom : PhoneAccountRegistrar: [ComponentInfo{com.android.phone/com.android.services.telephony.TelephonyConnectionService}, [e0184adedf913b076626646d3f52c3b49c39ad6d], UserHandle{0}(addr: tel:*********** -> tel:)(icon: Icon(typ=BITMAP size=76x96) -> Icon(typ=BITMAP size=76x96))(subAddr: tel:*********** -> tel:)]: TSI.rPA@AAM
02-20 20:09:31.405  1678  1957 I Telecom : : Sending phone-account registered intent as user: TSI.rPA@AAM
02-20 20:09:31.407  1909  1909 I Telephony: AccountEntry: Registered phoneAccount: [[ ] PhoneAccount: ComponentInfo{com.android.phone/com.android.services.telephony.TelephonyConnectionService}, [e0184adedf913b076626646d3f52c3b49c39ad6d], UserHandle{0} Capabilities: CallProvider MultiUser PlaceEmerg SimSub  Schemes: tel voicemail  Extras: null GroupId: [da39a3ee5e6b4b0d3255bfef95601890afd80709]] with handle: ComponentInfo{com.android.phone/com.android.services.telephony.TelephonyConnectionService}, [e0184adedf913b076626646d3f52c3b49c39ad6d], UserHandle{0}
02-20 20:09:31.407  1909  1909 I Telephony: PstnIncomingCallNotifier: Registering: Handler (com.android.internal.telephony.GsmCdmaPhone) {3c5c2a1}
02-20 20:09:31.414  1364  1806 I art     : Starting a blocking GC HeapTrim
02-20 20:09:31.419  1909  1909 I Telephony: TelecomAccountRegistry: Unregistering phone account ComponentInfo{com.android.phone/com.android.services.telephony.TelephonyConnectionService}, [e2f7d48dd2b5ca523e7313cf4ba0f6ea830b6281], UserHandle{0}.
02-20 20:09:31.422  1678  1957 I Telecom : : Sending phone-account unregistered intent as user: TSI.uPA@AAU
02-20 20:09:31.436  2107  2107 W art     : Unexpected CPU variant for X86 using defaults: x86
02-20 20:09:31.436  2065  2065 W System  : ClassLoader referenced unknown path: /system/priv-app/CellBroadcastReceiver/lib/x86_64
02-20 20:09:31.436  1678  1692 I am_proc_start: [0,2107,10029,com.google.android.googlequicksearchbox:interactor,service,com.google.android.googlequicksearchbox/com.google.android.voiceinteraction.GsaVoiceInteractionService]
02-20 20:09:31.436  1678  1692 I ActivityManager: Start proc 2107:com.google.android.googlequicksearchbox:interactor/u0a29 for service com.google.android.googlequicksearchbox/com.google.android.voiceinteraction.GsaVoiceInteractionService
02-20 20:09:31.437  1678  1692 I ActivityManager: Loading recents for user 0 into memory.
02-20 20:09:31.439  1909  1909 D CAT     : CatService: handleMessage[20]
02-20 20:09:31.440  1909  1909 D GsmCdmaPhone: [GsmCdmaPhone] updateCurrentCarrierInProvider: mSubId = -2 currentDds = 1 operatorNumeric = 310260
02-20 20:09:31.440  1909  1909 D IccCardProxy: operator=310260 mPhoneId=0
02-20 20:09:31.440  1909  1909 D TelephonyManager: setTelephonyProperty: success phoneId=0 property=gsm.sim.operator.numeric value: 310260 propVal=310260
02-20 20:09:31.442  1678  1692 D ActivityManager: Sending BOOT_COMPLETE user #0
02-20 20:09:31.442  1678  1692 I sysui_histogram: [framework_boot_completed,13]
02-20 20:09:31.444  1909  1909 D TelephonyManager: setTelephonyProperty: success phoneId=0 property=gsm.sim.operator.iso-country value: us propVal=us
02-20 20:09:31.444  1909  1909 D IccCardProxy: Sending intent ACTION_INTERNAL_SIM_STATE_CHANGED for mPhoneId : 0
02-20 20:09:31.449  1909  1909 D SST     : EVENT_SIM_RECORDS_LOADED: what=16
02-20 20:09:31.449  1909  1909 D GsmCdmaPhone: [GsmCdmaPhone] updatePhoneObject: radioTechnology=0
02-20 20:09:31.449  1909  1909 D SST     : getOtasp: otasp not needed for GSM
02-20 20:09:31.449  1909  1909 D SST     : updateOtaspState: call notifyOtaspChanged old otaspMode=0 new otaspMode=3
02-20 20:09:31.449  1909  1909 D SIMRecords: [SIMRecords] getServiceProviderName: no brandOverride, providerName=Android
02-20 20:09:31.449  1909  1909 D SIMRecords: [SIMRecords] getServiceProviderName: no brandOverride, providerName=Android
02-20 20:09:31.449  1909  1909 D SST     : updateSpnDisplay: changed sending intent rule=1 showPlmn='false' plmn='Android' showSpn='true' spn='Android' dataSpn='Android' subId='-2'
02-20 20:09:31.449  1909  1909 D SubscriptionController: [setPlmnSpn] No valid subscription to store info
02-20 20:09:31.449  1909  1909 D SubscriptionController: notifySubscriptionInfoChanged:
02-20 20:09:31.450  1678  1678 I GnssLocationProvider: WakeLock acquired by sendMessage(12, 0, null)
02-20 20:09:31.450  1909  1927 D SubscriptionController: [getActiveSubInfoList] Sub Controller not ready
02-20 20:09:31.451  1909  1909 E PhoneInterfaceManager: [PhoneIntfMgr] getIccId: No UICC
02-20 20:09:31.457  1678  1957 I Telecom : PhoneAccountRegistrar: [ComponentInfo{com.android.phone/com.android.services.telephony.TelephonyConnectionService}, [e0184adedf913b076626646d3f52c3b49c39ad6d], UserHandle{0}(icon: Icon(typ=BITMAP size=76x96) -> Icon(typ=BITMAP size=76x96))]: TSI.rPA@AAc
02-20 20:09:31.461  1909  1927 D DCT     : [0]hasMatchedTetherApnSetting: APN=null
02-20 20:09:31.461  1678  1957 I Telecom : : Sending phone-account registered intent as user: TSI.rPA@AAc
02-20 20:09:31.466  1909  1909 D SubscriptionInfoUpdater: [Receiver]+
02-20 20:09:31.466  1909  1909 D SubscriptionInfoUpdater: Action: android.intent.action.SIM_STATE_CHANGED
02-20 20:09:31.466  1909  1909 D SubscriptionInfoUpdater: slotId: 0
02-20 20:09:31.466  1909  1909 D SubscriptionInfoUpdater: simStatus: READY
02-20 20:09:31.466  1909  1909 D SubscriptionInfoUpdater: Ignoring simStatus: READY
02-20 20:09:31.466  1909  1909 D SubscriptionInfoUpdater: [Receiver]-
02-20 20:09:31.466  1909  1909 D SubscriptionInfoUpdater: [Receiver]+
02-20 20:09:31.466  1909  1909 D SubscriptionInfoUpdater: Action: android.intent.action.SIM_STATE_CHANGED
02-20 20:09:31.466  1909  1909 D SubscriptionInfoUpdater: slotId: 0
02-20 20:09:31.466  1909  1909 D SubscriptionInfoUpdater: simStatus: IMSI
02-20 20:09:31.466  1909  1909 D SubscriptionInfoUpdater: Ignoring simStatus: IMSI
02-20 20:09:31.466  1909  1909 D SubscriptionInfoUpdater: [Receiver]-
02-20 20:09:31.466  1909  1909 D GsmCdmaPhone: [GsmCdmaPhone] phoneObjectUpdater: newVoiceRadioTech=0
02-20 20:09:31.476  1909  1909 D GsmCdmaPhone: [GsmCdmaPhone] phoneObjectUpdater: volteReplacementRat=0
02-20 20:09:31.476  1909  1909 E GsmCdmaPhone: [GsmCdmaPhone] phoneObjectUpdater: newVoiceRadioTech=0 doesn't match either CDMA or GSM - error! No phone change
02-20 20:09:31.476  1909  1909 D SST     : SubscriptionListener.onSubscriptionInfoChanged
02-20 20:09:31.476  1909  1909 D DCT     : [0]SubscriptionListener.onSubscriptionInfoChanged
02-20 20:09:31.488  1909  1909 D SubscriptionController: [getActiveSubInfoList] Sub Controller not ready
02-20 20:09:31.488  1909  1909 D SubscriptionController: [getActiveSubInfoList] Sub Controller not ready
02-20 20:09:31.488  1909  1909 I Telephony: PstnIncomingCallNotifier: Unregistering: Handler (com.android.internal.telephony.GsmCdmaPhone) {3c5c2a1}
02-20 20:09:31.488  1909  1909 E PhoneInterfaceManager: [PhoneIntfMgr] getIccId: No UICC
02-20 20:09:31.491  1678  1690 I Telecom : PhoneAccountRegistrar: [ComponentInfo{com.android.phone/com.android.services.telephony.TelephonyConnectionService}, [e0184adedf913b076626646d3f52c3b49c39ad6d], UserHandle{0}(icon: Icon(typ=BITMAP size=76x96) -> Icon(typ=BITMAP size=76x96))]: TSI.rPA@AAg
02-20 20:09:31.514  2082  2082 I LoadedApk: No resource references to update in package FFFFFFFFFFFFFFFFFFFFFF
02-20 20:09:31.526  1678  1690 I Telecom : : Sending phone-account registered intent as user: TSI.rPA@AAg
02-20 20:09:31.527  1909  1909 I Telephony: AccountEntry: Registered phoneAccount: [[ ] PhoneAccount: ComponentInfo{com.android.phone/com.android.services.telephony.TelephonyConnectionService}, [e0184adedf913b076626646d3f52c3b49c39ad6d], UserHandle{0} Capabilities: CallProvider MultiUser PlaceEmerg SimSub  Schemes: tel voicemail  Extras: null GroupId: [da39a3ee5e6b4b0d3255bfef95601890afd80709]] with handle: ComponentInfo{com.android.phone/com.android.services.telephony.TelephonyConnectionService}, [e0184adedf913b076626646d3f52c3b49c39ad6d], UserHandle{0}
02-20 20:09:31.527  1909  1909 I Telephony: PstnIncomingCallNotifier: Registering: Handler (com.android.internal.telephony.GsmCdmaPhone) {3c5c2a1}
02-20 20:09:31.530  1909  1909 D WAP PUSH: Received broadcast android.intent.action.USER_UNLOCKED
02-20 20:09:31.530  1909  1909 D WAP PUSH: Received broadcast android.intent.action.USER_UNLOCKED
02-20 20:09:31.530  1909  1909 D SmsBroadcastUndelivered: Received broadcast android.intent.action.USER_UNLOCKED
02-20 20:09:31.531  1909  1909 D SubscriptionInfoUpdater: [Receiver]+
02-20 20:09:31.531  1909  1909 D SubscriptionInfoUpdater: Action: android.intent.action.USER_UNLOCKED
02-20 20:09:31.531  1909  1909 D SubscriptionInfoUpdater: Broadcasting intent ACTION_SIM_STATE_CHANGED for mCardIndex: 0
02-20 20:09:31.534  1909  2137 D SmsBroadcastUndelivered: scanning raw table for undelivered messages
02-20 20:09:31.554  1909  2136 E WAP PUSH: bindService() for wappush manager failed
02-20 20:09:31.569  1909  2135 E WAP PUSH: bindService() for wappush manager failed
02-20 20:09:31.581  1678  2024 I am_proc_bound: [0,2107,com.google.android.googlequicksearchbox:interactor]
02-20 20:09:31.581  1678  1693 W art     : Long monitor contention with owner android.bg (1691) at void java.lang.Object.wait!(long, int)(Object.java:-2) waiters=0 in void com.android.server.net.NetworkPolicyManagerService$1.onUidStateChanged(int, int) for 242ms
02-20 20:09:31.583  1678  1693 I dvm_lock_sample: [system_server,1,android.ui,242,NetworkPolicyManagerService.java,686,Object.java,-2,48]
02-20 20:09:31.602  1915  1915 D FallbackHome: User unlocked and real home found; let's go!
02-20 20:09:31.603  1678  1690 I am_finish_activity: [0,138049208,1,com.android.settings/.FallbackHome,app-request]
02-20 20:09:31.603  1678  1690 I am_pause_activity: [0,138049208,com.android.settings/.FallbackHome]
02-20 20:09:31.606  1909  1909 D SubscriptionInfoUpdater: [Receiver]-
02-20 20:09:31.606  1909  1909 D CarrierSvcBindHelper: Received android.intent.action.USER_UNLOCKED
02-20 20:09:31.607  1678  1678 I AccountManagerService: User 0 is unlocked - opening CE database
02-20 20:09:31.607  1909  1909 D CarrierSvcBindHelper: No carrier app for: 0
02-20 20:09:31.607  1909  1909 D SubscriptionInfoUpdater: [Receiver]+
02-20 20:09:31.607  1909  1909 D SubscriptionInfoUpdater: Action: android.intent.action.internal_sim_state_changed
02-20 20:09:31.607  1909  1909 D SubscriptionInfoUpdater: slotId: 0
02-20 20:09:31.607  1909  1909 D SubscriptionInfoUpdater: simStatus: LOADED
02-20 20:09:31.607  1909  1909 D SubscriptionInfoUpdater: [Receiver]-
02-20 20:09:31.607  1909  2137 D SmsBroadcastUndelivered: finished scanning raw table in 73 ms
02-20 20:09:31.607  1909  1909 E PhoneInterfaceManager: [PhoneIntfMgr] getIccId: No UICC
02-20 20:09:31.608  1678  1693 W WindowManager: Keyguard drawn timeout. Setting mKeyguardDrawComplete
02-20 20:09:31.610  1915  1971 D EGL_emulation: eglMakeCurrent: 0x772c29d79700: ver 3 0 (tinfo 0x772c340f6a60)
02-20 20:09:31.623  1678  1790 I Telecom : PhoneAccountRegistrar: [ComponentInfo{com.android.phone/com.android.services.telephony.TelephonyConnectionService}, [e0184adedf913b076626646d3f52c3b49c39ad6d], UserHandle{0}(icon: Icon(typ=BITMAP size=76x96) -> Icon(typ=BITMAP size=76x96))]: TSI.rPA@AAs
02-20 20:09:31.630  1678  1790 I Telecom : : Sending phone-account registered intent as user: TSI.rPA@AAs
02-20 20:09:31.630  1909  1909 D SubscriptionInfoUpdater: [Receiver]+
02-20 20:09:31.630  1909  1909 D SubscriptionInfoUpdater: Action: android.intent.action.SIM_STATE_CHANGED
02-20 20:09:31.630  1909  1909 D SubscriptionInfoUpdater: slotId: 0
02-20 20:09:31.630  1909  1909 D SubscriptionInfoUpdater: simStatus: IMSI
02-20 20:09:31.630  1909  1909 D SubscriptionInfoUpdater: Ignoring simStatus: IMSI
02-20 20:09:31.630  1909  1909 D SubscriptionInfoUpdater: [Receiver]-
02-20 20:09:31.630  1909  1909 D SubscriptionInfoUpdater: handleSimStateLoadedInternal: slotId: 0
02-20 20:09:31.630  1909  1909 D SubscriptionInfoUpdater: All IccIds query complete
02-20 20:09:31.630  1909  1909 D SubscriptionInfoUpdater: updateSubscriptionInfoByIccId:+ Start
02-20 20:09:31.631  1909  1909 D SubscriptionController: [clearSubInfo]- no simInfo size=0
02-20 20:09:31.632  1909  1909 D SubscriptionInfoUpdater: insertedSimCount = 1
02-20 20:09:31.632  1909  1909 D SubscriptionController: [getSubInfoUsingSlotIdWithCheck]+ slotId:0
02-20 20:09:31.649  2151  2151 W art     : Unexpected CPU variant for X86 using defaults: x86_64
02-20 20:09:31.668  1678  1690 I am_proc_start: [0,2151,10014,com.google.process.gapps,content provider,com.google.android.gsf/.gservices.GservicesProvider]
02-20 20:09:31.668  1678  1690 I ActivityManager: Start proc 2151:com.google.process.gapps/u0a14 for content provider com.google.android.gsf/.gservices.GservicesProvider
02-20 20:09:31.674  1909  1909 D SubscriptionController: [getPhoneId]- no sims, returning default phoneId=2147483647
02-20 20:09:31.676  1909  1909 D SubscriptionController: [getPhoneId]- no sims, returning default phoneId=2147483647
02-20 20:09:31.677  1909  1909 D SubscriptionController: [getPhoneId]- no sims, returning default phoneId=2147483647
02-20 20:09:31.679  1909  1909 D SubscriptionController: [getSubInfoUsingSlotId]- null info return
02-20 20:09:31.679  1909  1909 D SubscriptionInfoUpdater: updateSubscriptionInfoByIccId: oldSubId = 1
02-20 20:09:31.679  1909  1909 D SubscriptionInfoUpdater: updateSubscriptionInfoByIccId: oldIccId[0] = 89014103211118510720, sIccId[0] = 89014103211118510720
02-20 20:09:31.680  1909  1909 D SubscriptionController: [addSubInfoRecord]+ iccId:89014103211118510720 slotId:0
02-20 20:09:31.688  1678  1790 I am_proc_bound: [0,2151,com.google.process.gapps]
02-20 20:09:31.695  1909  1909 D SubscriptionController: [getActiveSubInfoList] Sub Controller not ready
02-20 20:09:31.696  1909  1909 D SubscriptionController: [addSubInfoRecord] Record already exists
02-20 20:09:31.700  1909  1909 D SubscriptionController: [addSubInfoRecord] sSlotIdxToSubId.size=1 slotId=0 subId=1 defaultSubId=1 simCount=1
02-20 20:09:31.700  1909  1909 D SubscriptionController: [setDefaultFallbackSubId] subId=1
02-20 20:09:31.700  1909  1909 D SubscriptionController: [setDefaultFallbackSubId] set mDefaultFallbackSubId=1
02-20 20:09:31.700  1909  1909 D MccTable: updateMccMncConfiguration mccmnc='310260' fromServiceState=false
02-20 20:09:31.705  1909  1909 D MccTable: updateMccMncConfiguration defaultMccMnc=310260
02-20 20:09:31.705  1909  1909 D MccTable: updateMccMncConfiguration: mcc=310, mnc=260
02-20 20:09:31.706  1909  1909 D MccTable: updateMccMncConfiguration updateConfig config={1.0 310mcc260mnc ?localeList ?layoutDir ?swdp ?wdp ?hdp ?density ?lsize ?long ?orien ?uimode ?night ?touch ?keyb/?/? ?nav/?}
02-20 20:09:31.722  1915  1915 I am_on_paused_called: [0,com.android.settings.FallbackHome,handlePauseActivity]
02-20 20:09:31.729  2151  2151 I art     : Starting a blocking GC AddRemoveAppImageSpace
02-20 20:09:31.730  2151  2151 W System  : ClassLoader referenced unknown path: /system/priv-app/GoogleServicesFramework/lib/x86_64
02-20 20:09:31.732  1909  1909 D SubscriptionController: [setDefaultFallbackSubId] broadcast default subId changed phoneId=0 subId=1
02-20 20:09:31.734  1678  1689 I ActivityManager: START u0 {act=android.intent.action.MAIN cat=[android.intent.category.HOME] flg=0x10000100 cmp=com.google.android.apps.nexuslauncher/.NexusLauncherActivity} from uid 0 on display 0
02-20 20:09:31.735  1678  1689 I am_create_task: [0,113]
02-20 20:09:31.735  1678  1689 I am_create_activity: [0,202308962,113,com.google.android.apps.nexuslauncher/.NexusLauncherActivity,android.intent.action.MAIN,NULL,NULL,268435712]
02-20 20:09:31.735  1678  1689 I wm_task_created: [113,0]
02-20 20:09:31.735  1678  1689 I wm_task_moved: [113,1,1]
02-20 20:09:31.736  1678  1689 I wm_task_moved: [113,1,1]
02-20 20:09:31.736  1678  1689 I am_focused_activity: [0,com.google.android.apps.nexuslauncher/.NexusLauncherActivity,startedActivity]
02-20 20:09:31.756  2166  2166 W art     : Unexpected CPU variant for X86 using defaults: x86_64
02-20 20:09:31.757  1678  1689 I am_proc_start: [0,2166,10021,com.google.android.apps.nexuslauncher,activity,com.google.android.apps.nexuslauncher/.NexusLauncherActivity]
02-20 20:09:31.757  1678  1689 I ActivityManager: Start proc 2166:com.google.android.apps.nexuslauncher/u0a21 for activity com.google.android.apps.nexuslauncher/.NexusLauncherActivity
02-20 20:09:31.758  1909  1909 D SubscriptionController: [addSubInfoRecord] one sim set defaults to subId=1
02-20 20:09:31.762  1909  1909 D SubscriptionController: [setDefaultDataSubId] num phones=1, subId=1
02-20 20:09:31.762  1909  1909 D SubscriptionController: [setDefaultDataSubId] phoneId=0 subId=1 RAF=1
02-20 20:09:31.763  1909  1909 D ProxyController: setRadioCapability: Already in requested configuration, nothing to do.
02-20 20:09:31.763  1909  1909 D SubscriptionController: [updateAllDataConnectionTrackers] sPhones.length=1
02-20 20:09:31.763  1909  1909 D SubscriptionController: [updateAllDataConnectionTrackers] phoneId=0
02-20 20:09:31.763  1909  1909 D DCT     : [0]update sub = 1
02-20 20:09:31.763  1909  1909 D DCT     : [0]update(): Active DDS, register for all events now!
02-20 20:09:31.763  1909  1909 D DCT     : [0]New records found.
02-20 20:09:31.763  1909  1909 D SST     : mDeviceShuttingDown=false, mDesiredPowerState=true, getRadioState=RADIO_ON, mPowerOffDelayNeed=true, mAlarmSwitch=false, mRadioDisabledByCarrier=false
02-20 20:09:31.765  1909  1909 D GsmCdmaPhone: [GsmCdmaPhone] updateCurrentCarrierInProvider: mSubId = 1 currentDds = 1 operatorNumeric = 310260
02-20 20:09:31.770  1915  1971 D EGL_emulation: eglMakeCurrent: 0x772c29d79700: ver 3 0 (tinfo 0x772c340f6a60)
02-20 20:09:31.806  2151  2151 I GservicesProvider: Gservices pushing to system: true; secure/global: true
02-20 20:09:31.831  1678  1692 I sysui_count: [window_time_0,7]
02-20 20:09:31.832  1678  1689 I dvm_lock_sample: [system_server,1,Binder:1678_1,43,ActivityManagerService.java,10435,ActivityStackSupervisor.java,3910,8]
02-20 20:09:31.843  1909  1909 D SubscriptionController: [broadcastDefaultDataSubIdChanged] subId=1
02-20 20:09:31.844  1678  1957 I am_proc_bound: [0,2166,com.google.android.apps.nexuslauncher]
02-20 20:09:31.890  1678  1957 I am_restart_activity: [0,202308962,113,com.google.android.apps.nexuslauncher/.NexusLauncherActivity]
02-20 20:09:31.925  1774  1774 I OpaLayout: Setting opa enabled to false
02-20 20:09:31.928  1774  1774 I OpaLayout: Setting opa enabled to false
02-20 20:09:31.990  1678  1678 W art     : Long monitor contention with owner Binder:1678_1 (1689) at java.lang.String com.android.server.am.ActivityManagerService.checkContentProviderAccess(java.lang.String, int)(ActivityManagerService.java:10435) waiters=4 in android.content.pm.UserInfo com.android.server.am.UserController.getCurrentUser() for 158ms
02-20 20:09:31.990  1678  1678 I dvm_lock_sample: [system_server,1,main,158,UserController.java,1438,ActivityManagerService.java,10435,31]
02-20 20:09:31.999  1909  1909 D SubscriptionController: [setDefaultSmsSubId] subId=1
02-20 20:09:32.000  1909  1909 D SubscriptionController: [broadcastDefaultSmsSubIdChanged] subId=1
02-20 20:09:32.003  1909  1909 D SubscriptionController: [setDefaultVoiceSubId] subId=1
02-20 20:09:32.006  2166  2166 W System  : ClassLoader referenced unknown path: /system/priv-app/NexusLauncherPrebuilt/lib/x86_64
02-20 20:09:32.007  1909  1909 D SubscriptionController: [broadcastDefaultVoiceSubIdChanged] subId=1
02-20 20:09:32.010  1909  1926 D RILJ    : [3736]> RIL_REQUEST_GET_CELL_INFO_LIST [SUB0]
02-20 20:09:32.011  1375  1460 D RIL     : onRequest: GET_CELL_INFO_LIST
02-20 20:09:32.011  1375  1460 D RILC    : responseCellInfoList: v12
02-20 20:09:32.011  1909  1975 D RILJ    : [3736]< RIL_REQUEST_GET_CELL_INFO_LIST [CellInfoGsm:{mRegistered=YES mTimeStampType=modem mTimeStamp=14399606975ns CellIdentityGsm:{ mMcc=310 mMnc=260 mLac=3 mCid=91 mArfcn=10 mBsic=0x0} CellSignalStrengthGsm: ss=2128605624 ber=29865 mTa=2136018044}] [SUB0]
02-20 20:09:32.014  1909  1909 D SubscriptionController: [addSubInfoRecord] hashmap(0,1)
02-20 20:09:32.057  1678  1750 I am_proc_start: [0,2181,1000,com.android.keychain,service,com.android.keychain/.KeyChainService]
02-20 20:09:32.057  1678  1750 I ActivityManager: Start proc 2181:com.android.keychain/1000 for service com.android.keychain/.KeyChainService
02-20 20:09:32.057  1678  1957 I dvm_lock_sample: [system_server,1,Binder:1678_5,28,ActivityManagerService.java,14010,-,17301,5]
02-20 20:09:32.060  2181  2181 W art     : Unexpected CPU variant for X86 using defaults: x86_64
02-20 20:09:32.061  1909  1909 D SubscriptionController: [addSubInfoRecord] sim name = Android
02-20 20:09:32.061  1909  1909 D DCT     : [0]update sub = 1
02-20 20:09:32.061  1909  1909 D DCT     : [0]update(): Active DDS, register for all events now!
02-20 20:09:32.061  1909  1909 D GsmCdmaPhone: [GsmCdmaPhone] updateCurrentCarrierInProvider: mSubId = 1 currentDds = 1 operatorNumeric = 310260
02-20 20:09:32.081  1909  1909 D SubscriptionController: [addSubInfoRecord]- info size=1
02-20 20:09:32.082  1909  1909 D SubscriptionInfoUpdater: newSim = false
02-20 20:09:32.082  1909  1909 D SubscriptionInfoUpdater: updateSubscriptionInfoByIccId: sInsertSimState[0] = 0
02-20 20:09:32.106  1909  1909 D SubscriptionInfoUpdater: updateSubscriptionInfoByIccId: nSubCount = 1
02-20 20:09:32.109  1909  1909 D SubscriptionController: [setDefaultDataSubId] num phones=1, subId=1
02-20 20:09:32.109  1909  1909 D SubscriptionController: [setDefaultDataSubId] phoneId=0 subId=1 RAF=1
02-20 20:09:32.109  1909  1909 D ProxyController: setRadioCapability: Already in requested configuration, nothing to do.
02-20 20:09:32.109  1909  1909 D SubscriptionController: [updateAllDataConnectionTrackers] sPhones.length=1
02-20 20:09:32.109  1909  1909 D SubscriptionController: [updateAllDataConnectionTrackers] phoneId=0
02-20 20:09:32.109  1909  1909 D DCT     : [0]update sub = 1
02-20 20:09:32.109  1909  1909 D DCT     : [0]update(): Active DDS, register for all events now!
02-20 20:09:32.110  1909  1909 D GsmCdmaPhone: [GsmCdmaPhone] updateCurrentCarrierInProvider: mSubId = 1 currentDds = 1 operatorNumeric = 310260
02-20 20:09:32.123  1678  1691 I dvm_lock_sample: [system_server,0,android.bg,94,ActivityManagerService.java,21741,-,17301,18]
02-20 20:09:32.136  1909  1909 D SubscriptionController: [broadcastDefaultDataSubIdChanged] subId=1
02-20 20:09:32.138  1678  1957 I am_proc_bound: [0,2181,com.android.keychain]
02-20 20:09:32.140  1909  1909 D SubscriptionController: notifySubscriptionInfoChanged:
02-20 20:09:32.141  1909  1927 D SubscriptionMonitor: Phone[0] subId changed -2->1, 1 registrants
02-20 20:09:32.141  1909  1927 D SubscriptionMonitor: mDefaultDataSubId = 1, 1 registrants
02-20 20:09:32.141  1678  1678 I GnssLocationProvider: WakeLock acquired by sendMessage(12, 0, null)
02-20 20:09:32.142  1909  1909 D SubscriptionInfoUpdater: updateSubscriptionInfoByIccId:- SsubscriptionInfo update complete
02-20 20:09:32.143  1909  1909 D MccTable: updateMccMncConfiguration mccmnc='310260' fromServiceState=false
02-20 20:09:32.143  1909  1909 D MccTable: updateMccMncConfiguration defaultMccMnc=310260
02-20 20:09:32.143  1909  1909 D MccTable: updateMccMncConfiguration: mcc=310, mnc=260
02-20 20:09:32.143  1909  1909 D MccTable: updateMccMncConfiguration updateConfig config={1.0 310mcc260mnc ?localeList ?layoutDir ?swdp ?wdp ?hdp ?density ?lsize ?long ?orien ?uimode ?night ?touch ?keyb/?/? ?nav/?}
02-20 20:09:32.170  2181  2181 W System  : ClassLoader referenced unknown path: /system/app/KeyChain/lib/x86_64
02-20 20:09:32.187  1774  1774 E BluetoothAdapter: Bluetooth binder is null
02-20 20:09:32.206  1678  1748 I am_proc_start: [0,2200,10002,com.android.providers.calendar,content provider,com.android.providers.calendar/.CalendarProvider2]
02-20 20:09:32.206  1678  1748 I ActivityManager: Start proc 2200:com.android.providers.calendar/u0a2 for content provider com.android.providers.calendar/.CalendarProvider2
02-20 20:09:32.207  2200  2200 W art     : Unexpected CPU variant for X86 using defaults: x86_64
02-20 20:09:32.221  2151  2151 I GoogleHttpClient: GMS http client unavailable, use old client
02-20 20:09:32.262  1678  2071 I BackupManagerService: Found stale backup journal, scheduling
02-20 20:09:32.272  1678  1957 I dvm_lock_sample: [system_server,1,Binder:1678_5,49,WindowManagerService.java,5445,WindowAnimator.java,144,9]
02-20 20:09:32.274  1678  1691 I SyncManager: Got SyncJobService instance.
02-20 20:09:32.277  1678  1678 I FusedLocation: engine started (com.android.location.fused)
02-20 20:09:32.283  1678  1691 W GnssLocationProvider: Could not open GPS configuration file /etc/gps.conf
02-20 20:09:32.283  1678  1691 E GnssLocationProvider: no AGPS interface in set_agps_server
02-20 20:09:32.283  1678  1691 I GnssLocationProvider: WakeLock released by handleMessage(12, 0, null)
02-20 20:09:32.289  1678  1691 W GnssLocationProvider: Could not open GPS configuration file /etc/gps.conf
02-20 20:09:32.289  1678  1691 E GnssLocationProvider: no AGPS interface in set_agps_server
02-20 20:09:32.289  1678  1691 I GnssLocationProvider: WakeLock released by handleMessage(12, 0, null)
02-20 20:09:32.329  1678  2024 W art     : Long monitor contention with owner Binder:1678_5 (1957) at void com.android.server.am.ActivityManagerService.updateConfiguration(android.content.res.Configuration)(ActivityManagerService.java:18937) waiters=5 in com.android.server.am.ProcessRecord com.android.server.am.ActivityManagerService.findAppProcess(android.os.IBinder, java.lang.String) for 105ms
02-20 20:09:32.329  1678  2024 I dvm_lock_sample: [system_server,1,Binder:1678_6,105,ActivityManagerService.java,13717,-,18937,21]
02-20 20:09:32.329  1909  1909 D SubscriptionController: [setMccMnc]+ mcc/mnc:310/260 subId:1
02-20 20:09:32.330  1678  2207 I am_proc_bound: [0,2200,com.android.providers.calendar]
02-20 20:09:32.352  2200  2200 W System  : ClassLoader referenced unknown path: /system/priv-app/CalendarProvider/lib/x86_64
02-20 20:09:32.353  1678  2196 I am_proc_start: [0,2221,10029,com.google.android.googlequicksearchbox:search,service,com.google.android.googlequicksearchbox/com.google.android.hotword.service.HotwordService]
02-20 20:09:32.353  1678  2196 I ActivityManager: Start proc 2221:com.google.android.googlequicksearchbox:search/u0a29 for service com.google.android.googlequicksearchbox/com.google.android.hotword.service.HotwordService
02-20 20:09:32.356  1909  1909 D SubscriptionController: notifySubscriptionInfoChanged:
02-20 20:09:32.356  1678  1678 I GnssLocationProvider: WakeLock acquired by sendMessage(12, 0, null)
02-20 20:09:32.364  1774  1774 I CameraManagerGlobal: Connecting to camera service
02-20 20:09:32.365  1909  1909 D SubscriptionController: [getActiveSubscriptionInfo]+ subId=1 subInfo={id=1, iccId=89014103211118510720 simSlotIndex=0 displayName=Android carrierName=Android nameSource=0 iconTint=-16746133 dataRoaming=0 iconBitmap=android.graphics.Bitmap@c9581ba mcc 310 mnc 260}
02-20 20:09:32.365  1909  1909 D SubscriptionInfoUpdater: sim name = Android
02-20 20:09:32.366  1366  1366 V EmulatedCamera_Camera: getCameraInfo
02-20 20:09:32.367  1366  1366 V EmulatedCamera_BaseCamera: getCameraInfo
02-20 20:09:32.367  1366  1366 I CameraService: getCameraCharacteristics: Switching to HAL1 shim implementation...
02-20 20:09:32.367  1366  1366 V EmulatedCamera_Camera: getCameraInfo
02-20 20:09:32.367  1366  1366 V EmulatedCamera_BaseCamera: getCameraInfo
02-20 20:09:32.367  1366  1366 I CameraService: CameraService::connect call (PID -1 "cameraserver", camera ID 0) for HAL version default and Camera API version 1
02-20 20:09:32.367  1366  1366 E CameraService: getCameraPriorityFromProcState: Received invalid process state -1 from ActivityManagerService!
02-20 20:09:32.367  1366  1366 V EmulatedCamera_Camera: getCameraInfo
02-20 20:09:32.367  1366  1366 V EmulatedCamera_BaseCamera: getCameraInfo
02-20 20:09:32.373  1373  2230 E WVMExtractor: Failed to open libwvm.so: dlopen failed: library "libwvm.so" not found
02-20 20:09:32.391  2221  2221 W art     : Unexpected CPU variant for X86 using defaults: x86
02-20 20:09:32.399  1373  2228 D NuPlayerDriver: notifyListener_l(0xf110c540), (1, 0, 0), loop setting(0, 0)
02-20 20:09:32.414  1373  2233 D NuPlayerDriver: notifyListener_l(0xf110c600), (1, 0, 0), loop setting(0, 0)
02-20 20:09:32.441  1678  2180 I am_proc_bound: [0,2221,com.google.android.googlequicksearchbox:search]
02-20 20:09:32.451  1373  2243 D NuPlayerDriver: notifyListener_l(0xf110c660), (1, 0, 0), loop setting(0, 0)
02-20 20:09:32.453  1366  1366 I CameraFlashlight: Opening camera 0
02-20 20:09:32.453  1366  1366 V EmulatedCamera_Camera: getCameraInfo
02-20 20:09:32.453  1366  1366 V EmulatedCamera_BaseCamera: getCameraInfo
02-20 20:09:32.453  1366  1366 V EmulatedCamera_Camera: connectCamera
02-20 20:09:32.453  1366  1366 V EmulatedCamera_FakeDevice: connectDevice
02-20 20:09:32.453  1366  1366 V EmulatedCamera_CallbackNotifier: setCallbacks: 0xf22cfe80, 0xf22cfed0, 0xf22cfff0, 0xf22d0110 (0xf16c3320)
02-20 20:09:32.453  1366  1366 V EmulatedCamera_CallbackNotifier: enableMessage: msg_type = 0xc0d
02-20 20:09:32.453  1366  1366 V EmulatedCamera_CallbackNotifier:     CAMERA_MSG_ERROR
02-20 20:09:32.453  1366  1366 V EmulatedCamera_CallbackNotifier:     CAMERA_MSG_FOCUS
02-20 20:09:32.453  1366  1366 V EmulatedCamera_CallbackNotifier:     CAMERA_MSG_ZOOM
02-20 20:09:32.453  1366  1366 V EmulatedCamera_CallbackNotifier:     CAMERA_MSG_PREVIEW_METADATA
02-20 20:09:32.453  1366  1366 V EmulatedCamera_CallbackNotifier: **** Currently enabled messages:
02-20 20:09:32.453  1366  1366 V EmulatedCamera_CallbackNotifier:     CAMERA_MSG_ERROR
02-20 20:09:32.453  1366  1366 V EmulatedCamera_CallbackNotifier:     CAMERA_MSG_FOCUS
02-20 20:09:32.453  1366  1366 V EmulatedCamera_CallbackNotifier:     CAMERA_MSG_ZOOM
02-20 20:09:32.453  1366  1366 V EmulatedCamera_CallbackNotifier:     CAMERA_MSG_PREVIEW_METADATA
02-20 20:09:32.453  1366  1366 V EmulatedCamera_CallbackNotifier: disableMessage: msg_type = 0xffff
02-20 20:09:32.453  1366  1366 V EmulatedCamera_CallbackNotifier:     CAMERA_MSG_ERROR
02-20 20:09:32.453  1366  1366 V EmulatedCamera_CallbackNotifier:     CAMERA_MSG_SHUTTER
02-20 20:09:32.453  1366  1366 V EmulatedCamera_CallbackNotifier:     CAMERA_MSG_FOCUS
02-20 20:09:32.453  1366  1366 V EmulatedCamera_CallbackNotifier:     CAMERA_MSG_ZOOM
02-20 20:09:32.453  1366  1366 V EmulatedCamera_CallbackNotifier:     CAMERA_MSG_PREVIEW_FRAME
02-20 20:09:32.453  1366  1366 V EmulatedCamera_CallbackNotifier:     CAMERA_MSG_VIDEO_FRAME
02-20 20:09:32.453  1366  1366 V EmulatedCamera_CallbackNotifier:     CAMERA_MSG_POSTVIEW_FRAME
02-20 20:09:32.453  1366  1366 V EmulatedCamera_CallbackNotifier:     CAMERA_MSG_RAW_IMAGE
02-20 20:09:32.453  1366  1366 V EmulatedCamera_CallbackNotifier:     CAMERA_MSG_COMPRESSED_IMAGE
02-20 20:09:32.453  1366  1366 V EmulatedCamera_CallbackNotifier:     CAMERA_MSG_RAW_IMAGE_NOTIFY
02-20 20:09:32.453  1366  1366 V EmulatedCamera_CallbackNotifier:     CAMERA_MSG_PREVIEW_METADATA
02-20 20:09:32.453  1366  1366 V EmulatedCamera_CallbackNotifier: **** Currently enabled messages:
02-20 20:09:32.453  1366  1366 V EmulatedCamera_Preview: setPreviewWindow: current: 0x0 -> new: 0x0
02-20 20:09:32.453  1366  1366 V EmulatedCamera_Camera: doStopPreview
02-20 20:09:32.461  1366  1366 V EmulatedCamera_Camera: cancelPicture
02-20 20:09:32.461  1366  1366 V EmulatedCamera_Camera: releaseCamera
02-20 20:09:32.461  1366  1366 V EmulatedCamera_Camera: doStopPreview
02-20 20:09:32.461  1366  1366 V EmulatedCamera_FakeDevice: disconnectDevice
02-20 20:09:32.461  1366  1366 W EmulatedCamera_Device: Initialize: Emulated camera device is already initialized: mState = 1
02-20 20:09:32.461  1366  1366 D EmulatedCamera_FakeCamera: Initialize: Fake camera is facing back
02-20 20:09:32.461  1366  1366 V EmulatedCamera_Device: initializeWhiteBalanceModes with auto, 1.000000, 1.000000
02-20 20:09:32.461  1366  1366 V EmulatedCamera_Device: initializeWhiteBalanceModes with incandescent, 1.380000, 0.600000
02-20 20:09:32.461  1366  1366 V EmulatedCamera_Device: initializeWhiteBalanceModes with daylight, 1.090000, 0.920000
02-20 20:09:32.461  1366  1366 V EmulatedCamera_Device: initializeWhiteBalanceModes with twilight, 0.920000, 1.220000
02-20 20:09:32.461  1366  1366 V EmulatedCamera_Device: setWhiteBalanceMode with white balance auto
02-20 20:09:32.461  1366  1366 I CameraFlashlight: Destroying camera 0
02-20 20:09:32.461  1366  1366 V EmulatedCamera_Camera: closeCamera
02-20 20:09:32.461  1366  1366 V EmulatedCamera_Camera: doStopPreview
02-20 20:09:32.461  1366  1366 W EmulatedCamera_Device: Initialize: Emulated camera device is already initialized: mState = 1
02-20 20:09:32.461  1366  1366 D EmulatedCamera_FakeCamera: Initialize: Fake camera is facing back
02-20 20:09:32.461  1366  1366 V EmulatedCamera_Device: initializeWhiteBalanceModes with auto, 1.000000, 1.000000
02-20 20:09:32.461  1366  1366 V EmulatedCamera_Device: initializeWhiteBalanceModes with incandescent, 1.380000, 0.600000
02-20 20:09:32.461  1366  1366 V EmulatedCamera_Device: initializeWhiteBalanceModes with daylight, 1.090000, 0.920000
02-20 20:09:32.461  1366  1366 V EmulatedCamera_Device: initializeWhiteBalanceModes with twilight, 0.920000, 1.220000
02-20 20:09:32.461  1366  1366 V EmulatedCamera_Device: setWhiteBalanceMode with white balance auto
02-20 20:09:32.466  1366  1366 I CameraService: disconnect: Disconnected client for camera 0 for PID 1366
02-20 20:09:32.466  1373  1373 D NuPlayerDriver: reset(0xf110c540) at state 4
02-20 20:09:32.466  1373  1373 D NuPlayerDriver: notifyListener_l(0xf110c540), (8, 0, 0), loop setting(0, 0)
02-20 20:09:32.467  1373  2228 D NuPlayerDriver: notifyResetComplete(0xf110c540)
02-20 20:09:32.467  2200  2200 I CalendarProvider2: Created com.android.providers.calendar.CalendarAlarmManager@5dd43a(com.android.providers.calendar.CalendarProvider2@d7938eb)
02-20 20:09:32.467  1373  1449 D NuPlayerDriver: reset(0xf110c600) at state 4
02-20 20:09:32.467  1373  1449 D NuPlayerDriver: notifyListener_l(0xf110c600), (8, 0, 0), loop setting(0, 0)
02-20 20:09:32.467  1373  2233 D NuPlayerDriver: notifyResetComplete(0xf110c600)
02-20 20:09:32.468  1373  1852 D NuPlayerDriver: reset(0xf110c660) at state 4
02-20 20:09:32.468  1373  1852 D NuPlayerDriver: notifyListener_l(0xf110c660), (8, 0, 0), loop setting(0, 0)
02-20 20:09:32.468  1373  2243 D NuPlayerDriver: notifyResetComplete(0xf110c660)
02-20 20:09:32.468  1366  1712 V EmulatedCamera_Camera: getCameraInfo
02-20 20:09:32.468  1366  1712 V EmulatedCamera_BaseCamera: getCameraInfo
02-20 20:09:32.468  1366  1366 V EmulatedCamera_Camera: getCameraInfo
02-20 20:09:32.468  1366  1366 V EmulatedCamera_BaseCamera: getCameraInfo
02-20 20:09:32.476  1678  2024 I dvm_lock_sample: [system_server,1,Binder:1678_6,47,WindowManagerService.java,5760,WindowAnimator.java,144,9]
02-20 20:09:32.481  1774  1774 I StatusBar: isKeyguardShowing() called before startKeyguard(), returning true
02-20 20:09:32.481  1774  1774 W StatusBar: isKeyguardSecure() called before startKeyguard(), returning false
02-20 20:09:32.481  1774  1774 W StatusBar: java.lang.Throwable
02-20 20:09:32.481  1774  1774 W StatusBar: 	at com.android.systemui.statusbar.BaseStatusBar.isKeyguardSecure(BaseStatusBar.java:2647)
02-20 20:09:32.481  1774  1774 W StatusBar: 	at com.android.systemui.statusbar.BaseStatusBar.isCameraAllowedByAdmin(BaseStatusBar.java:2670)
02-20 20:09:32.481  1774  1774 W StatusBar: 	at com.android.systemui.statusbar.phone.KeyguardBottomAreaView.updateCameraVisibility(KeyguardBottomAreaView.java:309)
02-20 20:09:32.481  1774  1774 W StatusBar: 	at com.android.systemui.statusbar.phone.KeyguardBottomAreaView.setPhoneStatusBar(KeyguardBottomAreaView.java:272)
02-20 20:09:32.481  1774  1774 W StatusBar: 	at com.android.systemui.statusbar.phone.PhoneStatusBar.makeStatusBarView(PhoneStatusBar.java:904)
02-20 20:09:32.481  1774  1774 W StatusBar: 	at com.android.systemui.statusbar.phone.PhoneStatusBar.addStatusBarWindow(PhoneStatusBar.java:3432)
02-20 20:09:32.481  1774  1774 W StatusBar: 	at com.android.systemui.statusbar.phone.PhoneStatusBar.createAndAddWindows(PhoneStatusBar.java:3428)
02-20 20:09:32.481  1774  1774 W StatusBar: 	at com.android.systemui.statusbar.BaseStatusBar.start(BaseStatusBar.java:765)
02-20 20:09:32.481  1774  1774 W StatusBar: 	at com.android.systemui.statusbar.phone.PhoneStatusBar.start(PhoneStatusBar.java:686)
02-20 20:09:32.481  1774  1774 W StatusBar: 	at com.android.systemui.statusbar.SystemBars.createStatusBarFromConfig(SystemBars.java:106)
02-20 20:09:32.481  1774  1774 W StatusBar: 	at com.android.systemui.statusbar.SystemBars.onNoService(SystemBars.java:58)
02-20 20:09:32.481  1774  1774 W StatusBar: 	at com.android.systemui.statusbar.ServiceMonitor.startService(ServiceMonitor.java:230)
02-20 20:09:32.481  1774  1774 W StatusBar: 	at com.android.systemui.statusbar.ServiceMonitor.-wrap5(ServiceMonitor.java)
02-20 20:09:32.481  1774  1774 W StatusBar: 	at com.android.systemui.statusbar.ServiceMonitor$1.handleMessage(ServiceMonitor.java:73)
02-20 20:09:32.481  1774  1774 W StatusBar: 	at android.os.Handler.dispatchMessage(Handler.java:102)
02-20 20:09:32.481  1774  1774 W StatusBar: 	at android.os.Looper.loop(Looper.java:154)
02-20 20:09:32.481  1774  1774 W StatusBar: 	at android.app.ActivityThread.main(ActivityThread.java:6119)
02-20 20:09:32.481  1774  1774 W StatusBar: 	at java.lang.reflect.Method.invoke(Native Method)
02-20 20:09:32.481  1774  1774 W StatusBar: 	at com.android.internal.os.ZygoteInit$MethodAndArgsCaller.run(ZygoteInit.java:886)
02-20 20:09:32.481  1774  1774 W StatusBar: 	at com.android.internal.os.ZygoteInit.main(ZygoteInit.java:776)
02-20 20:09:32.482  1774  1774 I StatusBar: isKeyguardShowing() called before startKeyguard(), returning true
02-20 20:09:32.482  1774  1774 W StatusBar: isKeyguardSecure() called before startKeyguard(), returning false
02-20 20:09:32.482  1774  1774 W StatusBar: java.lang.Throwable
02-20 20:09:32.482  1774  1774 W StatusBar: 	at com.android.systemui.statusbar.BaseStatusBar.isKeyguardSecure(BaseStatusBar.java:2647)
02-20 20:09:32.482  1774  1774 W StatusBar: 	at com.android.systemui.statusbar.BaseStatusBar.isCameraAllowedByAdmin(BaseStatusBar.java:2670)
02-20 20:09:32.482  1774  1774 W StatusBar: 	at com.android.systemui.statusbar.phone.KeyguardBottomAreaView.updateCameraVisibility(KeyguardBottomAreaView.java:309)
02-20 20:09:32.482  1774  1774 W StatusBar: 	at com.android.systemui.statusbar.phone.KeyguardBottomAreaView.setUserSetupComplete(KeyguardBottomAreaView.java:281)
02-20 20:09:32.482  1774  1774 W StatusBar: 	at com.android.systemui.statusbar.phone.PhoneStatusBar.makeStatusBarView(PhoneStatusBar.java:905)
02-20 20:09:32.482  1774  1774 W StatusBar: 	at com.android.systemui.statusbar.phone.PhoneStatusBar.addStatusBarWindow(PhoneStatusBar.java:3432)
02-20 20:09:32.482  1774  1774 W StatusBar: 	at com.android.systemui.statusbar.phone.PhoneStatusBar.createAndAddWindows(PhoneStatusBar.java:3428)
02-20 20:09:32.482  1774  1774 W StatusBar: 	at com.android.systemui.statusbar.BaseStatusBar.start(BaseStatusBar.java:765)
02-20 20:09:32.482  1774  1774 W StatusBar: 	at com.android.systemui.statusbar.phone.PhoneStatusBar.start(PhoneStatusBar.java:686)
02-20 20:09:32.482  1774  1774 W StatusBar: 	at com.android.systemui.statusbar.SystemBars.createStatusBarFromConfig(SystemBars.java:106)
02-20 20:09:32.482  1774  1774 W StatusBar: 	at com.android.systemui.statusbar.SystemBars.onNoService(SystemBars.java:58)
02-20 20:09:32.482  1774  1774 W StatusBar: 	at com.android.systemui.statusbar.ServiceMonitor.startService(ServiceMonitor.java:230)
02-20 20:09:32.482  1774  1774 W StatusBar: 	at com.android.systemui.statusbar.ServiceMonitor.-wrap5(ServiceMonitor.java)
02-20 20:09:32.482  1774  1774 W StatusBar: 	at com.android.systemui.statusbar.ServiceMonitor$1.handleMessage(ServiceMonitor.java:73)
02-20 20:09:32.482  1774  1774 W StatusBar: 	at android.os.Handler.dispatchMessage(Handler.java:102)
02-20 20:09:32.482  1774  1774 W StatusBar: 	at android.os.Looper.loop(Looper.java:154)
02-20 20:09:32.482  1774  1774 W StatusBar: 	at android.app.ActivityThread.main(ActivityThread.java:6119)
02-20 20:09:32.482  1774  1774 W StatusBar: 	at java.lang.reflect.Method.invoke(Native Method)
02-20 20:09:32.482  1774  1774 W StatusBar: 	at com.android.internal.os.ZygoteInit$MethodAndArgsCaller.run(ZygoteInit.java:886)
