02-20 20:09:30.674  1909  1909 D SST     : Poll ServiceState done:  oldSS=[1 1 voice home data home null null null null null null  Unknown Unknown CSS not supported 0 0 RoamInd=0 DefRoamInd=0 EmergOnly=false IsDataRoamingFromRegistration=false IsUsingCarrierAggregation=false] newSS=[0 0 voice home data home Android Android 310260 Android Android 310260  Unknown LTE CSS not supported -1 -1 RoamInd=-1 DefRoamInd=-1 EmergOnly=false IsDataRoamingFromRegistration=false IsUsingCarrierAggregation=false] oldMaxDataCalls=1 mNewMaxDataCalls=1 oldReasonDataDenied=-1 mNewReasonDataDenied=-1
02-20 20:09:30.674  1909  1909 I gsm_service_state_change: [1,1,0,0]
02-20 20:09:30.674  1909  1909 D TelephonyManager: setTelephonyProperty: success phoneId=0 property=gsm.network.type value: LTE propVal=LTE
02-20 20:09:30.674  1909  1909 D SST     : pollStateDone: registering current mNitzUpdatedTime=true changing to false
02-20 20:09:30.674  1909  1909 D SIMRecords: [SIMRecords] getServiceProviderName: no brandOverride, providerName=null
02-20 20:09:30.674  1909  1909 D SIMRecords: [SIMRecords] getServiceProviderName: no brandOverride, providerName=null
02-20 20:09:30.675  1909  1909 D SST     : updateSpnDisplay: changed sending intent rule=2 showPlmn='true' plmn='Android' showSpn='false' spn='null' dataSpn='null' subId='-2'
02-20 20:09:30.675  1909  1909 D SubscriptionController: [setPlmnSpn] No valid subscription to store info
02-20 20:09:30.675  1909  1909 D SubscriptionController: notifySubscriptionInfoChanged:
02-20 20:09:30.675  1678  1689 D TelephonyRegistry: notifySubscriptionInfoChanged: first invocation mRecords.size=16
02-20 20:09:30.677  1909  1909 D TelephonyManager: setTelephonyProperty: success phoneId=0 property=gsm.operator.alpha value: Android propVal=Android
02-20 20:09:30.677  1909  1909 D TelephonyManager: setTelephonyProperty: success phoneId=0 property=gsm.operator.numeric value: 310260 propVal=310260
02-20 20:09:30.677  1909  1909 D SST     : update mccmnc=310260 fromServiceState=true
02-20 20:09:30.678  1909  1909 D MccTable: updateMccMncConfiguration mccmnc='310260' fromServiceState=true
02-20 20:09:30.679  1909  1909 D SubscriptionController: [getPhoneId]- no sims, returning default phoneId=2147483647
02-20 20:09:30.679  1909  1909 D MccTable: updateMccMncConfiguration defaultMccMnc=
02-20 20:09:30.679  1909  1909 D MccTable: updateMccMncConfiguration: mcc=310, mnc=260
02-20 20:09:30.679  1909  1909 D MccTable: WIFI_COUNTRY_CODE set to us
02-20 20:09:30.682  1373  1852 I MediaPlayerService: MediaPlayerService::getOMX
02-20 20:09:30.683  1678  1751 I WifiService: WifiService trying to set country code to us with persist set to false
02-20 20:09:30.683  1678  2045 I OMXClient: MuxOMX ctor
02-20 20:09:30.683  1678  1751 D WifiCountryCode: Succeeded to set country code to: US
02-20 20:09:30.683  1370  2012 I OMXMaster: makeComponentInstance(OMX.google.vorbis.decoder) in mediacodec process
02-20 20:09:30.683  1909  1909 D TelephonyManager: setTelephonyProperty: success phoneId=0 property=gsm.operator.iso-country value: us propVal=us
02-20 20:09:30.687  1909  1909 D SST     : pollStateDone: there are 6 unique offsets for iso-cc='us testOneUniqueOffsetPath=false', do nothing
02-20 20:09:30.687  1909  1909 D SST     : shouldFixTimeZoneNow: retVal=true iccCardExist=true operatorNumeric=310260 mcc=310 prevOperatorNumeric= prevMcc=311 needToFixTimeZone=false ltod=02-20 20:09:30.687
02-20 20:09:30.687  1909  1909 D SST     : fixTimeZone zoneName='GMT' mZoneOffset=0 mZoneDst=false iso-cc='us' iso-cc-idx=-21
02-20 20:09:30.687  1909  1909 D SST     : fixTimeZone: using default TimeZone
02-20 20:09:30.687  1909  1909 D SST     : fixTimeZone: zone != null zone.getID=GMT
02-20 20:09:30.687  1909  1909 D SST     : setAndBroadcastNetworkSetTimeZone: setTimeZone=GMT
02-20 20:09:30.687  1678  1957 D AlarmManagerService: Kernel timezone updated to 0 minutes west of GMT
02-20 20:09:30.690  1678  1699 I wm_boot_animation_done: 13078
02-20 20:09:30.690  1909  1909 D SST     : setAndBroadcastNetworkSetTimeZone: call alarm.setTimeZone and broadcast zoneId=GMT
02-20 20:09:30.690  1909  1909 D TelephonyManager: setTelephonyProperty: success phoneId=0 property=gsm.operator.isroaming value: false propVal=false
02-20 20:09:30.690  1909  1909 D SST     : Broadcasting ServiceState : 0 0 voice home data home Android Android 310260 Android Android 310260  Unknown LTE CSS not supported -1 -1 RoamInd=-1 DefRoamInd=-1 EmergOnly=false IsDataRoamingFromRegistration=false IsUsingCarrierAggregation=false
02-20 20:09:30.690  1909  1909 D DefaultPhoneNotifier: nofityServiceState: mRegistry=com.android.internal.telephony.ITelephonyRegistry$Stub$Proxy@4fa23fe ss=0 0 voice home data home Android Android 310260 Android Android 310260  Unknown LTE CSS not supported -1 -1 RoamInd=-1 DefRoamInd=-1 EmergOnly=false IsDataRoamingFromRegistration=false IsUsingCarrierAggregation=false sender=Handler (com.android.internal.telephony.GsmCdmaPhone) {3c5c2a1} phondId=0 subId=-2
02-20 20:09:30.691  1678  1699 I SystemServiceManager: Starting phase 1000
02-20 20:09:30.692  1909  1909 D SubscriptionController: [getSlotId]- subId invalid
02-20 20:09:30.692  1678  1751 D TelephonyManager: getSimState: default sim:-1, sim state for slotIdx=0 is 6, return state as unknown
02-20 20:09:30.726  1678  1699 I am_proc_start: [0,2048,10015,com.google.android.ext.services,on-hold,]
02-20 20:09:30.726  1678  1699 I ActivityManager: Start proc 2048:com.google.android.ext.services/u0a15 for on-hold
02-20 20:09:30.739  1678  1699 D ActivityManager: Finishing user boot 0
02-20 20:09:30.739  1678  1699 I sysui_histogram: [framework_locked_boot_completed,13]
02-20 20:09:30.745  1678  1699 D CryptdConnector: SND -> {3 cryptfs prepare_user_storage ! 0 0 2}
02-20 20:09:30.745  1267  1304 D vold    : e4crypt_prepare_user_storage for volume null, user 0, serial 0, flags 2
02-20 20:09:30.746  1267  1304 D vold    : Preparing: /data/system_ce/0
02-20 20:09:30.746  1267  1304 D vold    : Preparing: /data/misc_ce/0
02-20 20:09:30.746  1267  1304 D vold    : Preparing: /data/media/0
02-20 20:09:30.746  1267  1304 D vold    : Preparing: /data/data
02-20 20:09:30.746  1678  1731 D CryptdConnector: RCV <- {200 3 Command succeeded}
02-20 20:09:30.746  1678  1699 V UserManagerService: Found /data/user/0 with serial number 0
02-20 20:09:30.746  1678  1699 V UserManagerService: Found /data/system_ce/0 with serial number 0
02-20 20:09:30.746  1678  1699 V PackageManager: reconcileAppsData for null u0 0x2
02-20 20:09:30.765  2048  2048 W art     : Unexpected CPU variant for X86 using defaults: x86_64
02-20 20:09:30.870  1678  1699 V PackageManager: reconcileAppsData finished 100 packages
02-20 20:09:30.871  1678  1692 W art     : Long monitor contention with owner android.display (1699) at void com.android.server.am.ActivityManagerService.finishBooting()(ActivityManagerService.java:6823) waiters=2 in void com.android.server.am.BroadcastQueue.processNextBroadcast(boolean) for 131ms
02-20 20:09:30.871  1678  1692 I dvm_lock_sample: [system_server,1,ActivityManager,131,BroadcastQueue.java,760,ActivityManagerService.java,6823,26]
02-20 20:09:30.872  1909  1909 D SST     : notifyDataRegStateRilRadioTechnologyChanged: drs=0 rat=14
02-20 20:09:30.872  1909  1909 D TelephonyManager: setTelephonyProperty: success phoneId=0 property=gsm.network.type value: LTE propVal=LTE
02-20 20:09:30.873  1678  1692 D MountService: onUnlockUser 0
02-20 20:09:30.873  1678  1692 D VoldConnector: SND -> {7 volume user_started 0}
02-20 20:09:30.874  1678  1689 I am_proc_bound: [0,2048,com.google.android.ext.services]
02-20 20:09:30.874  1909  1909 D DCT     : [0]get all active apn types
02-20 20:09:30.874  1909  1909 D SST     : getCellLocation(): X good mCellLoc=[3,91,-1]
02-20 20:09:30.874  1678  1957 D TelephonyRegistry: notifyCellLocationForSubscriber: subId=-2 cellLocation=Bundle[mParcelledData.dataSize=64]
02-20 20:09:30.874  1909  1909 D GsmCdmaCallTracker: Event EVENT_POLL_CALLS_RESULT Received
02-20 20:09:30.874  1909  1909 D GsmCdmaCallTracker: [GsmCdmaCallTracker] update phone state, old=IDLE new=IDLE
02-20 20:09:30.874  1909  1909 D RIL_ImsSms: IMS is NOT registered!
02-20 20:09:30.874  1909  1909 D CdmaSSM : CDMA_SUBSCRIPTION_SOURCE event = 2
02-20 20:09:30.874  1909  1909 W CdmaSSM : Unable to get CDMA Subscription Source, Exception: com.android.internal.telephony.CommandException: REQUEST_NOT_SUPPORTED, result: null
02-20 20:09:30.874  1909  1909 D GsmCdmaPhone: [GsmCdmaPhone] EVENT_REQUEST_VOICE_RADIO_TECH_DONE: newVoiceTech=11
02-20 20:09:30.874  1909  1909 D GsmCdmaPhone: [GsmCdmaPhone] phoneObjectUpdater: newVoiceRadioTech=11
02-20 20:09:30.875  1909  1909 D GsmCdmaPhone: [GsmCdmaPhone] phoneObjectUpdater: No change ignore, newVoiceRadioTech=11 mActivePhone=GSM
02-20 20:09:30.875  1909  1909 D UiccController: Received EVENT_GET_ICC_STATUS_DONE
02-20 20:09:30.875  1909  1909 D UiccCard: 2 applications
02-20 20:09:30.875  1909  1909 D UiccCardApplication: APPTYPE_SIM update. New {APPTYPE_SIM,APPSTATE_READY}
02-20 20:09:30.875  1909  1909 D UiccCardApplication: APPTYPE_SIM changed state: APPSTATE_DETECTED -> APPSTATE_READY
02-20 20:09:30.875  1909  1909 D RILJ    : [3683]> QUERY_FACILITY_LOCK [FD 7 null] [SUB0]
02-20 20:09:30.875  1909  1909 D RILJ    : [3684]> QUERY_FACILITY_LOCK [SC 7 null] [SUB0]
02-20 20:09:30.875  1375  1460 D RIL     : onRequest: QUERY_FACILITY_LOCK
02-20 20:09:30.875  1375  1460 D RIL     : Request not supported. Tech: 1
02-20 20:09:30.875  1909  1975 D RilRequest: [3683]< QUERY_FACILITY_LOCK error: com.android.internal.telephony.CommandException: REQUEST_NOT_SUPPORTED ret=
02-20 20:09:30.875  1909  1909 D UiccCardApplication: Notifying registrants: READY
02-20 20:09:30.875  1909  1909 D UiccCardApplication: APPTYPE_RUIM update. New {APPTYPE_RUIM,APPSTATE_READY}
02-20 20:09:30.875  1909  1909 D UiccCardApplication: APPTYPE_RUIM changed state: APPSTATE_DETECTED -> APPSTATE_READY
02-20 20:09:30.875  1909  1909 D RILJ    : [3685]> QUERY_FACILITY_LOCK [FD 7 null] [SUB0]
02-20 20:09:30.875  1375  1460 D RIL     : onRequest: QUERY_FACILITY_LOCK
02-20 20:09:30.875  1375  1460 D RIL     : Request not supported. Tech: 1
02-20 20:09:30.876  1909  1909 D RILJ    : [3686]> QUERY_FACILITY_LOCK [SC 7 null] [SUB0]
02-20 20:09:30.876  1375  1460 D RIL     : onRequest: QUERY_FACILITY_LOCK
02-20 20:09:30.876  1375  1460 D RIL     : Request not supported. Tech: 1
02-20 20:09:30.876  1909  1909 D UiccCardApplication: Notifying registrants: READY
02-20 20:09:30.876  1267  1303 D vold    : Linking /storage/emulated/0 to /mnt/user/0/primary
02-20 20:09:30.876  1909  1909 D UiccCard: Before privilege rules: Handler (com.android.internal.telephony.uicc.UiccCarrierPrivilegeRules) {9ece75f} : CARDSTATE_PRESENT
02-20 20:09:30.876  1909  1909 E UiccCard: App index 8 is invalid since there are no applications
02-20 20:09:30.876  1909  1909 D UiccCard: update: radioState=RADIO_ON mLastRadioState=RADIO_ON
02-20 20:09:30.876  1909  1909 D UiccController: Notifying IccChangedRegistrants
02-20 20:09:30.876  1678  1730 D VoldConnector: RCV <- {200 7 Command succeeded}
02-20 20:09:30.876  1909  1975 D RilRequest: [3684]< QUERY_FACILITY_LOCK error: com.android.internal.telephony.CommandException: REQUEST_NOT_SUPPORTED ret=
02-20 20:09:30.876  1909  1975 D RilRequest: [3685]< QUERY_FACILITY_LOCK error: com.android.internal.telephony.CommandException: REQUEST_NOT_SUPPORTED ret=
02-20 20:09:30.876  1375  1460 D RIL     : onRequest: QUERY_FACILITY_LOCK
02-20 20:09:30.876  1375  1460 D RIL     : Request not supported. Tech: 1
02-20 20:09:30.876  1909  1975 D RilRequest: [3686]< QUERY_FACILITY_LOCK error: com.android.internal.telephony.CommandException: REQUEST_NOT_SUPPORTED ret=
02-20 20:09:30.878  1678  1729 D MountService: Volume public:253,64 broadcasting mounted to UserHandle{0}
02-20 20:09:30.879  1909  1909 D RILJ    : [3687]> RIL_REQUEST_SIM_TRANSMIT_APDU_CHANNEL [SUB0]
02-20 20:09:30.892  1909  1909 D GsmCdmaPhone: [GsmCdmaPhone] Event EVENT_REGISTERED_TO_NETWORK Received
02-20 20:09:30.892  1909  1909 D SST     : SubscriptionListener.onSubscriptionInfoChanged
02-20 20:09:30.893  1909  1909 E Phone   : getStoredVoiceMessageCount: invalid subId -2
02-20 20:09:30.893  1909  1909 D GsmCdmaPhone: [GsmCdmaPhone] updateVoiceMail countVoiceMessages = 0 subId -2
02-20 20:09:30.893  1909  1909 E Phone   : setVoiceMessageCount in sharedPreference: invalid subId -2
02-20 20:09:30.893  1375  1460 D RIL     : onRequest: SIM_TRANSMIT_APDU_CHANNEL
02-20 20:09:30.893  1375  1460 D AT      : AT> AT+CGLA=1,10,80caff4000
02-20 20:09:30.893  1375  1465 D AT      : AT< +CGLA: 144,0,FF403eE23cE12eC11461ed377e85d386a8dfee6b864bd85b0bfaa5af81CA16616e64726f69642e636172726965726170692e637473E30aDB080000000000000000
02-20 20:09:30.893  1375  1465 D AT      : AT< OK
02-20 20:09:30.894  1678  1729 D MountService: Volume emulated broadcasting mounted to UserHandle{0}
02-20 20:09:30.894  1909  1975 D RILJ    : [3687]< RIL_REQUEST_SIM_TRANSMIT_APDU_CHANNEL  [SUB0]
02-20 20:09:30.894  1909  1909 D DCT     : [0]SubscriptionListener.onSubscriptionInfoChanged
02-20 20:09:30.906  1909  1909 D SubscriptionController: [getActiveSubInfoList] Sub Controller not ready
02-20 20:09:30.907  1678  1678 W VibratorService: Tried to stop vibrating but there is no vibrator device.
02-20 20:09:30.908  1909  1909 D SubscriptionController: [getActiveSubInfoList] Sub Controller not ready
02-20 20:09:30.914  1678  1678 I am_proc_start: [0,2065,10004,com.android.cellbroadcastreceiver,broadcast,com.android.cellbroadcastreceiver/.CellBroadcastReceiver]
02-20 20:09:30.914  1678  1678 I ActivityManager: Start proc 2065:com.android.cellbroadcastreceiver/u0a4 for broadcast com.android.cellbroadcastreceiver/.CellBroadcastReceiver
02-20 20:09:30.914  1678  1678 D ConditionProviders.SCP: onSubscribe condition://android/schedule?days=6.7&start=23.30&end=10.0&exitAtAlarm=false
02-20 20:09:30.915  1678  1678 D ConditionProviders.SCP: setRegistered true
02-20 20:09:30.915  1678  1678 D ConditionProviders.SCP: notifyCondition condition://android/schedule?days=6.7&start=23.30&end=10.0&exitAtAlarm=false STATE_FALSE reason=!meetsSchedule
02-20 20:09:30.917  1678  1678 D ConditionProviders.SCP: Scheduling evaluate for Tue Feb 20 23:30:00 GMT+00:00 2018 (1519169400000), in +3h20m29s85ms, now=Tue Feb 20 20:09:30 GMT+00:00 2018 (1519157370915)
02-20 20:09:30.917  1678  1678 D ConditionProviders.SCP: onSubscribe condition://android/schedule?days=1.2.3.4.5&start=22.0&end=7.0&exitAtAlarm=false
02-20 20:09:30.925  1909  1909 E PhoneInterfaceManager: [PhoneIntfMgr] getIccId: No UICC
02-20 20:09:30.930  2065  2065 W art     : Unexpected CPU variant for X86 using defaults: x86_64
02-20 20:09:30.932  2048  2048 W System  : ClassLoader referenced unknown path: /system/priv-app/GoogleExtServices/lib/x86_64
02-20 20:09:30.936  1909  1909 W TelecomManager: Telecom Service not found.
02-20 20:09:30.937  1909  1909 I Telephony: AccountEntry: Registered phoneAccount: [[ ] PhoneAccount: ComponentInfo{com.android.phone/com.android.services.telephony.TelephonyConnectionService}, [e0184adedf913b076626646d3f52c3b49c39ad6d], UserHandle{0} Capabilities: CallProvider MultiUser PlaceEmerg SimSub  Schemes: tel voicemail  Extras: null GroupId: [da39a3ee5e6b4b0d3255bfef95601890afd80709]] with handle: ComponentInfo{com.android.phone/com.android.services.telephony.TelephonyConnectionService}, [e0184adedf913b076626646d3f52c3b49c39ad6d], UserHandle{0}
02-20 20:09:30.937  1678  1678 D ConditionProviders.SCP: notifyCondition condition://android/schedule?days=6.7&start=23.30&end=10.0&exitAtAlarm=false STATE_FALSE reason=!meetsSchedule
02-20 20:09:30.937  1678  1678 D ConditionProviders.SCP: notifyCondition condition://android/schedule?days=1.2.3.4.5&start=22.0&end=7.0&exitAtAlarm=false STATE_FALSE reason=!meetsSchedule
02-20 20:09:30.938  1678  1678 D ConditionProviders.SCP: Scheduling evaluate for Tue Feb 20 22:00:00 GMT+00:00 2018 (1519164000000), in +1h50m29s74ms, now=Tue Feb 20 20:09:30 GMT+00:00 2018 (1519157370926)
02-20 20:09:30.938  1678  1678 I Telecom : WiredHeadsetManager: ACTION_HEADSET_PLUG event, plugged in: false, : WHC.oADA@AAE
02-20 20:09:30.938  1678  1751 I am_proc_bound: [0,2065,com.android.cellbroadcastreceiver]
02-20 20:09:30.941  1678  1740 I WifiScanningService: wifi driver loaded with scan capabilities: max buckets=16
02-20 20:09:30.941  1678  1678 D RttService: SCAN_AVAILABLE : 3
02-20 20:09:30.942  1678  1741 D RttService: DefaultState got{ when=-1ms what=160512 target=com.android.internal.util.StateMachine$SmHandler }
02-20 20:09:30.944  1909  1909 I Telephony: PstnIncomingCallNotifier: Registering: Handler (com.android.internal.telephony.GsmCdmaPhone) {3c5c2a1}
02-20 20:09:30.946  1909  1909 W TelecomManager: Telecom Service not found.
02-20 20:09:30.946  1909  1909 W TelecomManager: Telecom Service not found.
02-20 20:09:30.946  1909  1909 D DCT     : [0]onDataConnectionAttached
02-20 20:09:30.946  1909  1909 D DCT     : [0]isDataAllowed: No - SIM not loaded
02-20 20:09:30.967  1678  2024 I StatusBarManagerService: registerStatusBar bar=com.android.internal.statusbar.IStatusBar$Stub$Proxy@e304d5c
02-20 20:09:30.970  1678  1678 I ActivityManager: user 0 is still locked. Cannot load recents
02-20 20:09:30.970  1909  1909 D DCT     : [0]setupDataOnConnectableApns: dataAttached hipri:[state=IDLE,enabled=false] mms:[state=IDLE,enabled=false] supl:[state=IDLE,enabled=false] ia:[state=IDLE,enabled=false] fota:[state=IDLE,enabled=false] ims:[state=IDLE,enabled=false] cbs:[state=IDLE,enabled=false] default:[state=IDLE,enabled=false] emergency:[state=IDLE,enabled=false] 
02-20 20:09:30.980  1909  1909 D DCT     : [0]setupDataOnConnectableApns: nwTypeChanged hipri:[state=IDLE,enabled=false] mms:[state=IDLE,enabled=false] supl:[state=IDLE,enabled=false] ia:[state=IDLE,enabled=false] fota:[state=IDLE,enabled=false] ims:[state=IDLE,enabled=false] cbs:[state=IDLE,enabled=false] default:[state=IDLE,enabled=false] emergency:[state=IDLE,enabled=false] 
02-20 20:09:30.980  1909  1909 D UiccCardApplication: Error in querying facility lock:com.android.internal.telephony.CommandException: REQUEST_NOT_SUPPORTED
02-20 20:09:30.980  1909  1909 D SIMRecords: [SIMRecords] fetchSimRecords 0
02-20 20:09:30.981  1909  1909 D RILJ    : [3688]> getIMSI: GET_IMSI aid: null [SUB0]
02-20 20:09:30.982  1375  1460 D RIL     : onRequest: GET_IMSI
02-20 20:09:30.982  1375  1460 D AT      : AT> AT+CIMI
02-20 20:09:30.982  1375  1465 D AT      : AT< 310260000000000
02-20 20:09:30.982  1375  1465 D AT      : AT< OK
02-20 20:09:30.983  1909  1975 D RILJ    : [3688]< GET_IMSI  [SUB0]
02-20 20:09:30.983  1909  1909 D RILJ    : [3689]> iccIO: SIM_IO 0xc0 0x2fe2  path: 3F00,0,0,15 aid: null [SUB0]
02-20 20:09:30.983  1375  1460 D RIL     : onRequest: SIM_IO
02-20 20:09:30.983  1375  1460 D AT      : AT> AT+CRSM=192,12258,0,0,15
02-20 20:09:30.983  1375  1465 D AT      : AT< +CRSM: 144,0,0000000a2fe204000fa0aa01020000
02-20 20:09:30.983  1375  1465 D AT      : AT< OK
02-20 20:09:30.983  1678  1692 V BackupManagerService: No ancestral data
02-20 20:09:30.983  1909  1975 D RILJ    : [3689]< SIM_IO IccIoResponse sw1:0x90 sw2:0x0 [SUB0]
02-20 20:09:30.984  1909  1909 D RILJ    : [3690]> iccIO: SIM_IO 0xc0 0x6f40  path: 3F007F10,0,0,15 aid: null [SUB0]
02-20 20:09:30.984  1375  1460 D RIL     : onRequest: SIM_IO
02-20 20:09:30.984  1375  1460 D AT      : AT> AT+CRSM=192,28480,0,0,15
02-20 20:09:30.984  1375  1465 D AT      : AT< +CRSM: 144,0,000000806f40040011a0aa01020120
02-20 20:09:30.984  1375  1465 D AT      : AT< OK
02-20 20:09:30.984  1909  1975 D RILJ    : [3690]< SIM_IO IccIoResponse sw1:0x90 sw2:0x0 [SUB0]
02-20 20:09:30.985  1909  1909 D RILJ    : [3691]> iccIO: SIM_IO 0xc0 0x6fc9  path: 3F007F20,0,0,15 aid: null [SUB0]
02-20 20:09:30.985  1375  1460 D RIL     : onRequest: SIM_IO
02-20 20:09:30.985  1375  1460 D AT      : AT> AT+CRSM=192,28617,0,0,15
02-20 20:09:30.985  1375  1465 D AT      : AT< +CRSM: 144,0,000000086fc9040011a0aa01020104
02-20 20:09:30.985  1375  1465 D AT      : AT< OK
02-20 20:09:30.985  1909  1975 D RILJ    : [3691]< SIM_IO IccIoResponse sw1:0x90 sw2:0x0 [SUB0]
02-20 20:09:30.987  1909  1909 D RILJ    : [3692]> iccIO: SIM_IO 0xc0 0x6fad  path: 3F007F20,0,0,15 aid: null [SUB0]
02-20 20:09:30.989  1678  1678 I notification_enqueue: [10028,1774,com.android.systemui,1397773634,public:253,64,-1,Notification(pri=0 contentView=null vibrate=null sound=null defaults=0x0 flags=0x100 color=0xff607d8b category=sys actions=2 vis=PUBLIC),0]
02-20 20:09:30.991  1375  1460 D RIL     : onRequest: SIM_IO
02-20 20:09:30.991  1375  1460 D AT      : AT> AT+CRSM=192,28589,0,0,15
02-20 20:09:30.991  1375  1465 D AT      : AT< +CRSM: 144,0,000000046fad04000aa0aa01020000
02-20 20:09:30.991  1375  1465 D AT      : AT< OK
02-20 20:09:30.992  1909  1975 D RILJ    : [3692]< SIM_IO IccIoResponse sw1:0x90 sw2:0x0 [SUB0]
02-20 20:09:30.992  1909  1909 D RILJ    : [3693]> iccIO: SIM_IO 0xc0 0x6fca  path: 3F007F20,0,0,15 aid: null [SUB0]
02-20 20:09:30.993  1375  1460 D RIL     : onRequest: SIM_IO
02-20 20:09:30.993  1375  1460 D AT      : AT> AT+CRSM=192,28618,0,0,15
02-20 20:09:30.993  1375  1465 D AT      : AT< +CRSM: 144,0,0000000a6fca040011a0aa01020105
02-20 20:09:30.993  1375  1465 D AT      : AT< OK
02-20 20:09:30.993  1909  1975 D RILJ    : [3693]< SIM_IO IccIoResponse sw1:0x90 sw2:0x0 [SUB0]
02-20 20:09:30.994  1909  1909 D RILJ    : [3694]> iccIO: SIM_IO 0xc0 0x6f11  path: 3F007F20,0,0,15 aid: null [SUB0]
02-20 20:09:30.994  1909  1927 D SubscriptionController: [getActiveSubInfoList] Sub Controller not ready
02-20 20:09:30.994  1678  1678 I GnssLocationProvider: WakeLock acquired by sendMessage(12, 0, null)
02-20 20:09:30.995  1375  1460 D RIL     : onRequest: SIM_IO
02-20 20:09:30.995  1375  1460 D AT      : AT> AT+CRSM=192,28433,0,0,15
02-20 20:09:30.995  1375  1465 D AT      : AT< +CRSM: 144,0,000000016f11040011a0aa01020000
02-20 20:09:30.995  1375  1465 D AT      : AT< OK
02-20 20:09:30.996  1909  1975 D RILJ    : [3694]< SIM_IO IccIoResponse sw1:0x90 sw2:0x0 [SUB0]
02-20 20:09:30.996  1909  1909 D RILJ    : [3695]> iccIO: SIM_IO 0xc0 0x6fcb  path: 3F007F20,0,0,15 aid: null [SUB0]
02-20 20:09:30.997  1375  1460 D RIL     : onRequest: SIM_IO
02-20 20:09:30.997  1375  1460 D AT      : AT> AT+CRSM=192,28619,0,0,15
02-20 20:09:30.997  1375  1465 D AT      : AT< ERROR: BAD COMMAND
02-20 20:09:30.997  1909  1975 D RilRequest: [3695]< SIM_IO error: com.android.internal.telephony.CommandException: GENERIC_FAILURE ret=
02-20 20:09:30.997  1909  1909 D RILJ    : [3696]> iccIO: SIM_IO 0xc0 0x6f13  path: 3F007F20,0,0,15 aid: null [SUB0]
02-20 20:09:31.000  1375  1460 D RIL     : onRequest: SIM_IO
02-20 20:09:31.000  1375  1460 D AT      : AT> AT+CRSM=192,28435,0,0,15
02-20 20:09:31.000  1375  1465 D AT      : AT< +CRSM: 144,0,000000016f13040011a0aa01020000
02-20 20:09:31.000  1375  1465 D AT      : AT< OK
02-20 20:09:31.001  1909  1975 D RILJ    : [3696]< SIM_IO IccIoResponse sw1:0x90 sw2:0x0 [SUB0]
02-20 20:09:31.017  1909  1909 D RILJ    : [3697]> iccIO: SIM_IO 0xc0 0x6f46  path: 3F007F20,0,0,15 aid: null [SUB0]
02-20 20:09:31.018  1375  1460 D RIL     : onRequest: SIM_IO
02-20 20:09:31.018  1375  1460 D AT      : AT> AT+CRSM=192,28486,0,0,15
02-20 20:09:31.018  1375  1465 D AT      : AT< +CRSM: 148,4
02-20 20:09:31.018  1375  1465 D AT      : AT< OK
02-20 20:09:31.018  1909  1909 D RILJ    : [3698]> iccIO: SIM_IO 0xc0 0x6fcd  path: 3F007F20,0,0,15 aid: null [SUB0]
02-20 20:09:31.018  1375  1460 D RIL     : onRequest: SIM_IO
02-20 20:09:31.018  1375  1460 D AT      : AT> AT+CRSM=192,28621,0,0,15
02-20 20:09:31.018  1375  1465 D AT      : AT< +CRSM: 148,4
02-20 20:09:31.018  1375  1465 D AT      : AT< OK
02-20 20:09:31.018  1909  1909 D RILJ    : [3699]> iccIO: SIM_IO 0xc0 0x6fc5  path: 3F007F20,0,0,15 aid: null [SUB0]
02-20 20:09:31.019  1375  1460 D RIL     : onRequest: SIM_IO
02-20 20:09:31.019  1375  1460 D AT      : AT> AT+CRSM=192,28613,0,0,15
02-20 20:09:31.019  1375  1465 D AT      : AT< +CRSM: 144,0,000000f06fc504000aa0aa01020118
02-20 20:09:31.019  1375  1465 D AT      : AT< OK
02-20 20:09:31.019  1909  1909 D RILJ    : [3700]> iccIO: SIM_IO 0xc0 0x6f38  path: 3F007F20,0,0,15 aid: null [SUB0]
02-20 20:09:31.019  1375  1460 D RIL     : onRequest: SIM_IO
02-20 20:09:31.019  1375  1460 D AT      : AT> AT+CRSM=192,28472,0,0,15
02-20 20:09:31.019  1375  1465 D AT      : AT< +CRSM: 144,0,0000000f6f3804001aa0aa01020000
02-20 20:09:31.019  1375  1465 D AT      : AT< OK
02-20 20:09:31.019  1909  1909 D RILJ    : [3701]> iccIO: SIM_IO 0xc0 0x6f16  path: 3F007F20,0,0,15 aid: null [SUB0]
02-20 20:09:31.020  1375  1460 D RIL     : onRequest: SIM_IO
02-20 20:09:31.020  1375  1460 D AT      : AT> AT+CRSM=192,28438,0,0,15
02-20 20:09:31.020  1375  1465 D AT      : AT< +CRSM: 144,0,000000026f1604001aa0aa01020000
02-20 20:09:31.020  1375  1465 D AT      : AT< OK
02-20 20:09:31.020  1909  1909 D RILJ    : [3702]> iccIO: SIM_IO 0xc0 0x6f15  path: 3F007F20,0,0,15 aid: null [SUB0]
02-20 20:09:31.018  1909  1975 D RILJ    : [3697]< SIM_IO IccIoResponse sw1:0x94 sw2:0x4 [SUB0]
02-20 20:09:31.021  1375  1460 D RIL     : onRequest: SIM_IO
02-20 20:09:31.021  1375  1460 D AT      : AT> AT+CRSM=192,28437,0,0,15
02-20 20:09:31.021  1375  1465 D AT      : AT< ERROR: BAD COMMAND
02-20 20:09:31.021  1909  1909 D RILJ    : [3703]> iccIO: SIM_IO 0xc0 0x6f3e  path: 3F007F20,0,0,15 aid: null [SUB0]
02-20 20:09:31.021  1375  1460 D RIL     : onRequest: SIM_IO
02-20 20:09:31.021  1375  1460 D AT      : AT> AT+CRSM=192,28478,0,0,15
02-20 20:09:31.021  1375  1465 D AT      : AT< ERROR: BAD COMMAND
02-20 20:09:31.022  1909  1909 D RILJ    : [3704]> iccIO: SIM_IO 0xc0 0x6f3f  path: 3F007F20,0,0,15 aid: null [SUB0]
02-20 20:09:31.022  1909  1975 D RILJ    : [3698]< SIM_IO IccIoResponse sw1:0x94 sw2:0x4 [SUB0]
02-20 20:09:31.022  1909  1975 D RILJ    : [3699]< SIM_IO IccIoResponse sw1:0x90 sw2:0x0 [SUB0]
02-20 20:09:31.022  1909  1975 D RILJ    : [3700]< SIM_IO IccIoResponse sw1:0x90 sw2:0x0 [SUB0]
02-20 20:09:31.022  1909  1975 D RILJ    : [3701]< SIM_IO IccIoResponse sw1:0x90 sw2:0x0 [SUB0]
02-20 20:09:31.022  1909  1975 D RilRequest: [3702]< SIM_IO error: com.android.internal.telephony.CommandException: GENERIC_FAILURE ret=
02-20 20:09:31.022  1909  1975 D RilRequest: [3703]< SIM_IO error: com.android.internal.telephony.CommandException: GENERIC_FAILURE ret=
02-20 20:09:31.022  1375  1460 D RIL     : onRequest: SIM_IO
02-20 20:09:31.022  1375  1460 D AT      : AT> AT+CRSM=192,28479,0,0,15
02-20 20:09:31.022  1375  1465 D AT      : AT< ERROR: BAD COMMAND
02-20 20:09:31.022  1909  1909 D SIMRecords: [SIMRecords] fetchSimRecords 17 requested: true
02-20 20:09:31.022  1909  1909 E IccCardProxy: setExternalState: set mPhoneId=0 mExternalState=READY
02-20 20:09:31.022  1909  1909 D TelephonyManager: setTelephonyProperty: success phoneId=0 property=gsm.sim.state value: READY propVal=READY
02-20 20:09:31.022  1909  1909 D IccCardProxy: broadcastIccStateChangedIntent intent ACTION_SIM_STATE_CHANGED value=READY reason=null for mPhoneId=0
02-20 20:09:31.023  1909  1909 D RILJ    : [3705]> OPERATOR [SUB0]
02-20 20:09:31.024  1375  1460 D RIL     : onRequest: OPERATOR
02-20 20:09:31.024  1375  1460 D AT      : AT> AT+COPS=3,0;+COPS?;+COPS=3,1;+COPS?;+COPS=3,2;+COPS?
02-20 20:09:31.025  1375  1465 D AT      : AT< +COPS: 0,0,"Android"
02-20 20:09:31.025  1375  1465 D AT      : AT< +COPS: 0,1,"Android"
02-20 20:09:31.025  1375  1465 D AT      : AT< +COPS: 0,2,"310260"
02-20 20:09:31.025  1375  1465 D AT      : AT< OK
02-20 20:09:31.025  1909  1909 D RILJ    : [3706]> DATA_REGISTRATION_STATE [SUB0]
02-20 20:09:31.025  1678  1692 V BackupManagerService: Starting with transport android/com.android.internal.backup.LocalTransport
02-20 20:09:31.025  1678  1692 V BackupManagerService: Found transports: 2
02-20 20:09:31.025  1909  1975 D RilRequest: [3704]< SIM_IO error: com.android.internal.telephony.CommandException: GENERIC_FAILURE ret=
02-20 20:09:31.025  1375  1460 D RIL     : onRequest: DATA_REGISTRATION_STATE
02-20 20:09:31.025  1375  1460 D RIL     : requestRegistrationState
02-20 20:09:31.025  1375  1460 D AT      : AT> AT+CGREG?
02-20 20:09:31.026  1375  1465 D AT      : AT< +CGREG: 1,1,"0003","005b","000e"
02-20 20:09:31.026  1375  1465 D AT      : AT< OK
02-20 20:09:31.026  1375  1460 D RIL     : parseRegistrationState. Parsing: +CGREG: 1,1,"0003","005b","000e"
02-20 20:09:31.026  1375  1460 D RIL     : registration state type: 3GPP
02-20 20:09:31.026  1909  1909 D RILJ    : [3707]> VOICE_REGISTRATION_STATE [SUB0]
02-20 20:09:31.026  1909  1975 D RILJ    : [3705]< OPERATOR {Android, Android, 310260} [SUB0]
02-20 20:09:31.026  1909  1975 D RILJ    : [3706]< DATA_REGISTRATION_STATE {1, 3, 5b, 14, null, null} [SUB0]
02-20 20:09:31.026  1375  1460 D RIL     : onRequest: VOICE_REGISTRATION_STATE
02-20 20:09:31.026  1375  1460 D RIL     : requestRegistrationState
02-20 20:09:31.026  1375  1460 D AT      : AT> AT+CREG?
02-20 20:09:31.026  1375  1465 D AT      : AT< +CREG: 2,1, "0003", "005b"
02-20 20:09:31.026  1375  1465 D AT      : AT< OK
02-20 20:09:31.026  1375  1460 D RIL     : parseRegistrationState. Parsing: +CREG: 2,1, "0003", "005b"
02-20 20:09:31.026  1375  1460 D RIL     : registration state type: 3GPP
02-20 20:09:31.026  1909  1909 D RILJ    : [3708]> QUERY_NETWORK_SELECTION_MODE [SUB0]
02-20 20:09:31.030  1909  1975 D RILJ    : [3707]< VOICE_REGISTRATION_STATE {1, 3, 5b, 0, null, null, null, null, null, null, null, null, null, null, null} [SUB0]
02-20 20:09:31.031  1375  1460 D RIL     : onRequest: QUERY_NETWORK_SELECTION_MODE
02-20 20:09:31.031  1375  1460 D AT      : AT> AT+COPS?
02-20 20:09:31.031  1375  1465 D AT      : AT< +COPS: 0,2,310260
02-20 20:09:31.031  1375  1465 D AT      : AT< OK
02-20 20:09:31.031  1909  1975 D RILJ    : [3708]< QUERY_NETWORK_SELECTION_MODE {0} [SUB0]
02-20 20:09:31.032  1909  1909 D RuimRecords: [RuimRecords] fetchRuimRecords 0
02-20 20:09:31.032  1909  1909 D RILJ    : [3709]> getIMSI: GET_IMSI aid: null [SUB0]
02-20 20:09:31.035  1375  1460 D RIL     : onRequest: GET_IMSI
02-20 20:09:31.035  1375  1460 D AT      : AT> AT+CIMI
02-20 20:09:31.035  1375  1465 D AT      : AT< 310260000000000
02-20 20:09:31.035  1375  1465 D AT      : AT< OK
02-20 20:09:31.035  1909  1909 D RILJ    : [3710]> iccIO: SIM_IO 0xc0 0x2fe2  path: 3F00,0,0,15 aid: null [SUB0]
02-20 20:09:31.036  1375  1460 D RIL     : onRequest: SIM_IO
02-20 20:09:31.036  1375  1460 D AT      : AT> AT+CRSM=192,12258,0,0,15
02-20 20:09:31.036  1375  1465 D AT      : AT< +CRSM: 144,0,0000000a2fe204000fa0aa01020000
02-20 20:09:31.036  1375  1465 D AT      : AT< OK
02-20 20:09:31.036  1909  1909 D RILJ    : [3711]> iccIO: SIM_IO 0xc0 0x2f05  path: 3F00,0,0,15 aid: null [SUB0]
02-20 20:09:31.036  1375  1460 D RIL     : onRequest: SIM_IO
02-20 20:09:31.036  1375  1460 D AT      : AT> AT+CRSM=192,12037,0,0,15
02-20 20:09:31.036  1375  1465 D AT      : AT< ERROR: BAD COMMAND
02-20 20:09:31.036  1909  1909 D RILJ    : [3712]> iccIO: SIM_IO 0xc0 0x6f3a  path: 3F007F25,0,0,15 aid: null [SUB0]
02-20 20:09:31.037  1909  1975 D RILJ    : [3709]< GET_IMSI  [SUB0]
02-20 20:09:31.037  1909  1975 D RILJ    : [3710]< SIM_IO IccIoResponse sw1:0x90 sw2:0x0 [SUB0]
02-20 20:09:31.037  1909  1975 D RilRequest: [3711]< SIM_IO error: com.android.internal.telephony.CommandException: GENERIC_FAILURE ret=
02-20 20:09:31.037  1375  1460 D RIL     : onRequest: SIM_IO
02-20 20:09:31.037  1375  1460 D AT      : AT> AT+CRSM=192,28474,0,0,15
02-20 20:09:31.037  1375  1465 D AT      : AT< ERROR: BAD COMMAND
02-20 20:09:31.037  1909  1909 D RILJ    : [3713]> iccIO: SIM_IO 0xc0 0x6f41  path: 3F007F25,0,0,15 aid: null [SUB0]
02-20 20:09:31.038  1909  1975 D RilRequest: [3712]< SIM_IO error: com.android.internal.telephony.CommandException: GENERIC_FAILURE ret=
02-20 20:09:31.038  1375  1460 D RIL     : onRequest: SIM_IO
02-20 20:09:31.038  1375  1460 D AT      : AT> AT+CRSM=192,28481,0,0,15
02-20 20:09:31.038  1375  1465 D AT      : AT< ERROR: BAD COMMAND
02-20 20:09:31.038  1909  1975 D RilRequest: [3713]< SIM_IO error: com.android.internal.telephony.CommandException: GENERIC_FAILURE ret=
02-20 20:09:31.039  1909  1909 D RILJ    : [3714]> iccIO: SIM_IO 0xc0 0x6f44  path: 3F007F25,0,0,15 aid: null [SUB0]
02-20 20:09:31.039  1375  1460 D RIL     : onRequest: SIM_IO
02-20 20:09:31.039  1375  1460 D AT      : AT> AT+CRSM=192,28484,0,0,15
02-20 20:09:31.039  1375  1465 D AT      : AT< ERROR: BAD COMMAND
02-20 20:09:31.039  1909  1975 D RilRequest: [3714]< SIM_IO error: com.android.internal.telephony.CommandException: GENERIC_FAILURE ret=
02-20 20:09:31.040  1909  1909 D RILJ    : [3715]> iccIO: SIM_IO 0xc0 0x6f22  path: 3F007F25,0,0,15 aid: null [SUB0]
02-20 20:09:31.040  1375  1460 D RIL     : onRequest: SIM_IO
02-20 20:09:31.040  1375  1460 D AT      : AT> AT+CRSM=192,28450,0,0,15
02-20 20:09:31.040  1375  1465 D AT      : AT< ERROR: BAD COMMAND
02-20 20:09:31.040  1909  1975 D RilRequest: [3715]< SIM_IO error: com.android.internal.telephony.CommandException: GENERIC_FAILURE ret=
02-20 20:09:31.040  1909  1909 D RILJ    : [3716]> iccIO: SIM_IO 0xc0 0x6f28  path: 3F007F25,0,0,15 aid: null [SUB0]
02-20 20:09:31.041  1375  1460 D RIL     : onRequest: SIM_IO
02-20 20:09:31.041  1375  1460 D AT      : AT> AT+CRSM=192,28456,0,0,15
02-20 20:09:31.041  1375  1465 D AT      : AT< ERROR: BAD COMMAND
02-20 20:09:31.041  1909  1975 D RilRequest: [3716]< SIM_IO error: com.android.internal.telephony.CommandException: GENERIC_FAILURE ret=
02-20 20:09:31.042  1909  1909 D RILJ    : [3717]> iccIO: SIM_IO 0xb0 0x6f5a  path: 3F007F25,0,0,4 aid: null [SUB0]
02-20 20:09:31.047  1375  1460 D RIL     : onRequest: SIM_IO
02-20 20:09:31.047  1375  1460 D AT      : AT> AT+CRSM=176,28506,0,0,4
02-20 20:09:31.047  1375  1465 D AT      : AT< ERROR: BAD COMMAND
02-20 20:09:31.047  1909  1909 D RILJ    : [3718]> iccIO: SIM_IO 0xc0 0x6f4d  path: 3F007F25,0,0,15 aid: null [SUB0]
02-20 20:09:31.048  1375  1460 D RIL     : onRequest: SIM_IO
02-20 20:09:31.048  1375  1460 D AT      : AT> AT+CRSM=192,28493,0,0,15
02-20 20:09:31.048  1375  1465 D AT      : AT< ERROR: BAD COMMAND
02-20 20:09:31.048  1909  1909 D RuimRecords: [RuimRecords] fetchRuimRecords 10 requested: true
02-20 20:09:31.048  1909  1909 D RILJ    : [3719]> RIL_REQUEST_CDMA_SUBSCRIPTION [SUB0]
02-20 20:09:31.048  1375  1460 D RIL     : onRequest: CDMA_SUBSCRIPTION
02-20 20:09:31.048  1375  1460 D RIL     : Request not supported. Tech: 1
02-20 20:09:31.048  1909  1909 D GsmSMSDispatcher: GsmSMSDispatcher: subId = -2 slotId = 0
02-20 20:09:31.048  1909  1909 E IccCardProxy: setExternalState: !override and newstate unchanged from READY
02-20 20:09:31.048  1909  1909 D CAT     : CatService: handleMessage[8]
02-20 20:09:31.048  1909  1909 D CAT     : CatService: MSG_ID_ICC_CHANGED
02-20 20:09:31.048  1909  1909 D CAT     : CatService: New Card State = CARDSTATE_PRESENT Old Card State = CARDSTATE_PRESENT
02-20 20:09:31.048  1909  1909 D UiccCardApplication: Error in querying facility lock:com.android.internal.telephony.CommandException: REQUEST_NOT_SUPPORTED
02-20 20:09:31.048  1909  1909 D UiccCardApplication: Error in querying facility lock:com.android.internal.telephony.CommandException: REQUEST_NOT_SUPPORTED
02-20 20:09:31.048  1909  1909 D UiccCardApplication: Error in querying facility lock:com.android.internal.telephony.CommandException: REQUEST_NOT_SUPPORTED
02-20 20:09:31.049  1909  1909 E PhoneInterfaceManager: [PhoneIntfMgr] getIccId: No UICC
02-20 20:09:31.051  1909  1975 D RilRequest: [3717]< SIM_IO error: com.android.internal.telephony.CommandException: GENERIC_FAILURE ret=
02-20 20:09:31.051  1909  1975 D RilRequest: [3718]< SIM_IO error: com.android.internal.telephony.CommandException: GENERIC_FAILURE ret=
02-20 20:09:31.051  1909  1975 D RilRequest: [3719]< RIL_REQUEST_CDMA_SUBSCRIPTION error: com.android.internal.telephony.CommandException: REQUEST_NOT_SUPPORTED ret=
02-20 20:09:31.051  2082  2082 W art     : Unexpected CPU variant for X86 using defaults: x86_64
02-20 20:09:31.052  1678  1678 D TelephonyRegistry: notifyCellLocationForSubscriber: subId=0 cellLocation=Bundle[{}]
02-20 20:09:31.052  1909  1926 D SubscriptionController: [getPhoneId]- no sims, returning default phoneId=2147483647
02-20 20:09:31.053  1678  1692 I am_proc_start: [0,2082,10014,com.google.android.gms.persistent,service,com.google.android.gms/.backup.BackupTransportService]
02-20 20:09:31.053  1678  1692 I ActivityManager: Start proc 2082:com.google.android.gms.persistent/u0a14 for service com.google.android.gms/.backup.BackupTransportService
02-20 20:09:31.056  1678  1692 I BackupManagerService: Backup enabled => false
02-20 20:09:31.069  1678  1790 I am_proc_bound: [0,2082,com.google.android.gms.persistent]
02-20 20:09:31.077  1678  1690 I Telecom : PhoneAccountRegistrar: New phone account registered: [[ ] PhoneAccount: ComponentInfo{com.android.phone/com.android.services.telephony.TelephonyConnectionService}, [e0184adedf913b076626646d3f52c3b49c39ad6d], UserHandle{0} Capabilities: CallProvider MultiUser PlaceEmerg SimSub  Schemes: tel voicemail  Extras: null GroupId: [da39a3ee5e6b4b0d3255bfef95601890afd80709]]: TSI.rPA@AAI
02-20 20:09:31.079  1678  1678 V BackupManagerService: Connected to transport ComponentInfo{android/com.android.internal.backup.LocalTransportService}
02-20 20:09:31.079  1678  1678 V BackupManagerService: Registering transport android/com.android.internal.backup.LocalTransportService::android/com.android.internal.backup.LocalTransport = android.app.backup.BackupTransport$TransportImpl@6c739cb
02-20 20:09:31.081  1678  1690 I Telecom : : Sending phone-account registered intent as user: TSI.rPA@AAI
02-20 20:09:31.083  1678  1678 I backup_transport_lifecycle: [android/com.android.internal.backup.LocalTransportService,1]
02-20 20:09:31.084  1909  1909 D SIMRecords: [SIMRecords] IMSI: mMncLength=-1
02-20 20:09:31.084  1909  1909 D SIMRecords: [SIMRecords] IMSI: 310260[D1jVpVFfGoqdF5qliFi2ey-KM4g]
02-20 20:09:31.084  1909  1909 D SIMRecords: [SIMRecords] onRecordLoaded 16 requested: true
02-20 20:09:31.084  1909  1909 D RILJ    : [3720]> iccIO: SIM_IO 0xb0 0x2fe2  path: 3F00,0,0,10 aid: null [SUB0]
02-20 20:09:31.085  1909  1909 D RILJ    : [3721]> iccIO: SIM_IO 0xb2 0x6f40  path: 3F007F10,1,4,32 aid: null [SUB0]
02-20 20:09:31.085  1375  1460 D RIL     : onRequest: SIM_IO
02-20 20:09:31.085  1375  1460 D AT      : AT> AT+CRSM=176,12258,0,0,10
02-20 20:09:31.085  1375  1465 D AT      : AT< +CRSM: 144,0,98101430121181157002
02-20 20:09:31.085  1375  1465 D AT      : AT< OK
02-20 20:09:31.085  1909  1975 D RILJ    : [3720]< SIM_IO IccIoResponse sw1:0x90 sw2:0x0 [SUB0]
02-20 20:09:31.085  1909  1909 D RILJ    : [3722]> iccIO: SIM_IO 0xb2 0x6fc9  path: 3F007F20,1,4,4 aid: null [SUB0]
02-20 20:09:31.086  1375  1460 D RIL     : onRequest: SIM_IO
02-20 20:09:31.086  1375  1460 D AT      : AT> AT+CRSM=178,28480,1,4,32
02-20 20:09:31.086  1375  1465 D AT      : AT< +CRSM: 144,0,ffffffffffffffffffffffffffffffffffff07815155255155f4ffffffffffff
02-20 20:09:31.086  1375  1465 D AT      : AT< OK
02-20 20:09:31.086  1909  1909 D RILJ    : [3723]> iccIO: SIM_IO 0xb0 0x6fad  path: 3F007F20,0,0,4 aid: null [SUB0]
02-20 20:09:31.086  1375  1460 D RIL     : onRequest: SIM_IO
02-20 20:09:31.086  1375  1460 D AT      : AT> AT+CRSM=178,28617,1,4,4
02-20 20:09:31.086  1375  1465 D AT      : AT< +CRSM: 144,0,01000000
02-20 20:09:31.086  1375  1465 D AT      : AT< OK
02-20 20:09:31.086  1909  1909 D RILJ    : [3724]> iccIO: SIM_IO 0xb2 0x6fca  path: 3F007F20,1,4,5 aid: null [SUB0]
02-20 20:09:31.087  1375  1460 D RIL     : onRequest: SIM_IO
02-20 20:09:31.087  1375  1460 D AT      : AT> AT+CRSM=176,28589,0,0,4
02-20 20:09:31.087  1375  1465 D AT      : AT< +CRSM: 144,0,00000003
02-20 20:09:31.087  1375  1465 D AT      : AT< OK
02-20 20:09:31.087  1909  1909 D RILJ    : [3725]> iccIO: SIM_IO 0xb0 0x6f11  path: 3F007F20,0,0,1 aid: null [SUB0]
02-20 20:09:31.087  1375  1460 D RIL     : onRequest: SIM_IO
02-20 20:09:31.087  1375  1460 D AT      : AT> AT+CRSM=178,28618,1,4,5
02-20 20:09:31.087  1375  1465 D AT      : AT< +CRSM: 144,0,0000000000
02-20 20:09:31.087  1375  1465 D AT      : AT< OK
02-20 20:09:31.087  1909  1909 D RILJ    : [3726]> iccIO: SIM_IO 0xb0 0x6f13  path: 3F007F20,0,0,1 aid: null [SUB0]
02-20 20:09:31.087  1375  1460 D RIL     : onRequest: SIM_IO
02-20 20:09:31.087  1375  1460 D AT      : AT> AT+CRSM=176,28433,0,0,1
02-20 20:09:31.087  1375  1465 D AT      : AT< +CRSM: 144,0,55
02-20 20:09:31.087  1375  1465 D AT      : AT< OK
02-20 20:09:31.088  1909  1909 D RILJ    : [3727]> iccIO: SIM_IO 0xb2 0x6fc5  path: 3F007F20,1,4,24 aid: null [SUB0]
02-20 20:09:31.088  1375  1460 D RIL     : onRequest: SIM_IO
02-20 20:09:31.088  1375  1460 D AT      : AT> AT+CRSM=176,28435,0,0,1
02-20 20:09:31.088  1375  1465 D AT      : AT< +CRSM: 144,0,55
02-20 20:09:31.088  1375  1465 D AT      : AT< OK
02-20 20:09:31.088  1909  1909 D RILJ    : [3728]> iccIO: SIM_IO 0xb0 0x6f38  path: 3F007F20,0,0,15 aid: null [SUB0]
02-20 20:09:31.088  1375  1460 D RIL     : onRequest: SIM_IO
02-20 20:09:31.088  1375  1460 D AT      : AT> AT+CRSM=178,28613,1,4,24
02-20 20:09:31.088  1375  1465 D AT      : AT< +CRSM: 144,0,43058441aa890affffffffffffffffffffffffffffffffff
02-20 20:09:31.088  1375  1465 D AT      : AT< OK
02-20 20:09:31.088  1909  1909 D RILJ    : [3729]> iccIO: SIM_IO 0xb0 0x6f16  path: 3F007F20,0,0,2 aid: null [SUB0]
02-20 20:09:31.088  1375  1460 D RIL     : onRequest: SIM_IO
02-20 20:09:31.088  1375  1460 D AT      : AT> AT+CRSM=176,28472,0,0,15
02-20 20:09:31.088  1375  1465 D AT      : AT< +CRSM: 144,0,ff30ffff3c003c03000c0000f03f00
02-20 20:09:31.088  1375  1465 D AT      : AT< OK
02-20 20:09:31.089  1909  1909 E SST     : error parsing GprsRegistrationState: java.lang.NumberFormatException: null
02-20 20:09:31.089  1909  1909 D SST     : handlPollStateResultMessage: GsmSST setDataRegState=0 regState=1 dataRadioTechnology=14
02-20 20:09:31.089  1909  1909 D SST     : EVENT_POLL_STATE_NETWORK_SELECTION_MODE
02-20 20:09:31.090  1909  1975 D RILJ    : [3721]< SIM_IO IccIoResponse sw1:0x90 sw2:0x0 [SUB0]
02-20 20:09:31.090  1909  1975 D RILJ    : [3722]< SIM_IO IccIoResponse sw1:0x90 sw2:0x0 [SUB0]
02-20 20:09:31.090  1909  1975 D RILJ    : [3723]< SIM_IO IccIoResponse sw1:0x90 sw2:0x0 [SUB0]
02-20 20:09:31.090  1909  1975 D RILJ    : [3724]< SIM_IO IccIoResponse sw1:0x90 sw2:0x0 [SUB0]
02-20 20:09:31.090  1909  1975 D RILJ    : [3725]< SIM_IO IccIoResponse sw1:0x90 sw2:0x0 [SUB0]
02-20 20:09:31.090  1909  1975 D RILJ    : [3726]< SIM_IO IccIoResponse sw1:0x90 sw2:0x0 [SUB0]
02-20 20:09:31.090  1909  1975 D RILJ    : [3727]< SIM_IO IccIoResponse sw1:0x90 sw2:0x0 [SUB0]
02-20 20:09:31.090  1909  1975 D RILJ    : [3728]< SIM_IO IccIoResponse sw1:0x90 sw2:0x0 [SUB0]
02-20 20:09:31.090  1375  1460 D RIL     : onRequest: SIM_IO
02-20 20:09:31.090  1375  1460 D AT      : AT> AT+CRSM=176,28438,0,0,2
02-20 20:09:31.090  1375  1465 D AT      : AT< +CRSM: 144,0,0233
02-20 20:09:31.090  1375  1465 D AT      : AT< OK
02-20 20:09:31.091  1909  1975 D RILJ    : [3729]< SIM_IO IccIoResponse sw1:0x90 sw2:0x0 [SUB0]
02-20 20:09:31.091  1909  1909 D SST     : Poll ServiceState done:  oldSS=[0 0 voice home data home Android Android 310260 Android Android 310260  Unknown LTE CSS not supported -1 -1 RoamInd=-1 DefRoamInd=-1 EmergOnly=false IsDataRoamingFromRegistration=false IsUsingCarrierAggregation=false] newSS=[0 0 voice home data home Android Android 310260 Android Android 310260  Unknown LTE CSS not supported -1 -1 RoamInd=-1 DefRoamInd=-1 EmergOnly=false IsDataRoamingFromRegistration=false IsUsingCarrierAggregation=false] oldMaxDataCalls=1 mNewMaxDataCalls=1 oldReasonDataDenied=-1 mNewReasonDataDenied=-1
02-20 20:09:31.091  1909  1909 D RuimRecords: [RuimRecords] NO update mccmnc=310260
02-20 20:09:31.091  1909  1909 D RuimRecords: [RuimRecords] onRecordLoaded 9 requested: true
02-20 20:09:31.091  1909  1909 D RILJ    : [3730]> iccIO: SIM_IO 0xb0 0x2fe2  path: 3F00,0,0,10 aid: null [SUB0]
02-20 20:09:31.093  1909  1909 D RILJ    : [3731]> RIL_REQUEST_SIM_CLOSE_CHANNEL [SUB0]
02-20 20:09:31.093  1375  1460 D RIL     : onRequest: SIM_IO
02-20 20:09:31.093  1375  1460 D AT      : AT> AT+CRSM=176,12258,0,0,10
02-20 20:09:31.093  1375  1465 D AT      : AT< +CRSM: 144,0,98101430121181157002
02-20 20:09:31.093  1375  1465 D AT      : AT< OK
02-20 20:09:31.093  1909  1975 D RILJ    : [3730]< SIM_IO IccIoResponse sw1:0x90 sw2:0x0 [SUB0]
02-20 20:09:31.094  1375  1460 D RIL     : onRequest: SIM_CLOSE_CHANNEL
02-20 20:09:31.094  1375  1460 D AT      : AT> AT+CCHC=1
02-20 20:09:31.094  1375  1465 D AT      : AT< +CCHC
02-20 20:09:31.094  1375  1465 D AT      : AT< OK
02-20 20:09:31.094  1909  1975 D RILJ    : [3731]< RIL_REQUEST_SIM_CLOSE_CHANNEL  [SUB0]
02-20 20:09:31.095  1909  1909 D IccCardProxy: broadcastIccStateChangedIntent intent ACTION_SIM_STATE_CHANGED value=IMSI reason=null for mPhoneId=0
02-20 20:09:31.095  1909  1909 D SIMRecords: [SIMRecords] onRecordLoaded 15 requested: true
02-20 20:09:31.095  1909  1909 D RILJ    : [3732]> iccIO: SIM_IO 0xc0 0x6f14  path: 3F007F20,0,0,15 aid: null [SUB0]
02-20 20:09:31.096  1375  1460 D RIL     : onRequest: SIM_IO
02-20 20:09:31.096  1375  1460 D AT      : AT> AT+CRSM=192,28436,0,0,15
02-20 20:09:31.096  1375  1465 D AT      : AT< +CRSM: 144,0,000000146f1404001aa0aa01020000
02-20 20:09:31.096  1375  1465 D AT      : AT< OK
02-20 20:09:31.096  1909  1975 D RILJ    : [3732]< SIM_IO IccIoResponse sw1:0x90 sw2:0x0 [SUB0]
02-20 20:09:31.096  1909  1909 D SIMRecords: [SIMRecords] onRecordLoaded 15 requested: true
02-20 20:09:31.096  1909  1909 D SIMRecords: [SIMRecords] onRecordLoaded 14 requested: true
02-20 20:09:31.096  1909  1909 E SIMRecords: [SIMRecords] Exception in fetching EF_CSP data com.android.internal.telephony.CommandException: GENERIC_FAILURE
02-20 20:09:31.096  1909  1909 D SIMRecords: [SIMRecords] onRecordLoaded 13 requested: true
02-20 20:09:31.096  1909  1909 E SIMRecords: [SIMRecords] Exception in get GID1 com.android.internal.telephony.CommandException: GENERIC_FAILURE
02-20 20:09:31.097  1909  1909 D SIMRecords: [SIMRecords] onRecordLoaded 12 requested: true
02-20 20:09:31.097  1909  1909 E SIMRecords: [SIMRecords] Exception in get GID2 com.android.internal.telephony.CommandException: GENERIC_FAILURE
02-20 20:09:31.097  1909  1909 D SIMRecords: [SIMRecords] onRecordLoaded 11 requested: true
02-20 20:09:31.097  1909  1909 D RuimRecords: [RuimRecords] EF_PL LOADED
02-20 20:09:31.097  1909  1909 E RuimRecords: [RuimRecords] Record Load Exception: com.android.internal.telephony.CommandException: GENERIC_FAILURE
02-20 20:09:31.097  1909  1909 D RuimRecords: [RuimRecords] onRecordLoaded 8 requested: true
02-20 20:09:31.097  1909  1909 D RuimRecords: [RuimRecords] EF_CSIM_LI LOADED
02-20 20:09:31.097  1909  1909 E RuimRecords: [RuimRecords] Record Load Exception: com.android.internal.telephony.CommandException: GENERIC_FAILURE
02-20 20:09:31.097  1909  1909 D RuimRecords: [RuimRecords] onRecordLoaded 7 requested: true
02-20 20:09:31.097  1909  1909 D RuimRecords: [RuimRecords] EF_CSIM_SPN LOADED
02-20 20:09:31.097  1909  1909 E RuimRecords: [RuimRecords] Record Load Exception: com.android.internal.telephony.CommandException: GENERIC_FAILURE
02-20 20:09:31.097  1909  1909 D RuimRecords: [RuimRecords] onRecordLoaded 6 requested: true
02-20 20:09:31.097  1909  1909 D RuimRecords: [RuimRecords] EF_CSIM_MDN LOADED
02-20 20:09:31.097  1909  1909 E RuimRecords: [RuimRecords] Record Load Exception: com.android.internal.telephony.CommandException: GENERIC_FAILURE
02-20 20:09:31.097  1909  1909 D RuimRecords: [RuimRecords] onRecordLoaded 5 requested: true
02-20 20:09:31.097  1909  1909 D RuimRecords: [RuimRecords] EF_CSIM_IMSIM LOADED
02-20 20:09:31.097  1909  1909 E RuimRecords: [RuimRecords] Record Load Exception: com.android.internal.telephony.CommandException: GENERIC_FAILURE
02-20 20:09:31.097  1909  1909 D RuimRecords: [RuimRecords] onRecordLoaded 4 requested: true
02-20 20:09:31.097  1909  1909 D RuimRecords: [RuimRecords] EF_CSIM_CDMAHOME LOADED
02-20 20:09:31.097  1909  1909 E RuimRecords: [RuimRecords] Record Load Exception: com.android.internal.telephony.CommandException: GENERIC_FAILURE
02-20 20:09:31.097  1909  1909 D RuimRecords: [RuimRecords] onRecordLoaded 3 requested: true
02-20 20:09:31.098  1909  1909 D RuimRecords: [RuimRecords] EF_CSIM_EPRL LOADED
02-20 20:09:31.098  1909  1909 E RuimRecords: [RuimRecords] Record Load Exception: com.android.internal.telephony.CommandException: GENERIC_FAILURE
02-20 20:09:31.098  1909  1909 D RuimRecords: [RuimRecords] onRecordLoaded 2 requested: true
02-20 20:09:31.098  1909  1909 D RuimRecords: [RuimRecords] EF_CSIM_MIPUPP LOADED
02-20 20:09:31.098  1909  1909 E RuimRecords: [RuimRecords] Record Load Exception: com.android.internal.telephony.CommandException: GENERIC_FAILURE
02-20 20:09:31.098  1909  1909 D RuimRecords: [RuimRecords] onRecordLoaded 1 requested: true
02-20 20:09:31.098  1909  1909 D SIMRecords: [SIMRecords] iccid: 89014103211118510720
02-20 20:09:31.098  1909  1909 D SIMRecords: [SIMRecords] onRecordLoaded 10 requested: true
02-20 20:09:31.098  1909  1909 D RILJ    : [3733]> iccIO: SIM_IO 0xb0 0x6f14  path: 3F007F20,0,0,20 aid: null [SUB0]
02-20 20:09:31.102  1375  1460 D RIL     : onRequest: SIM_IO
02-20 20:09:31.102  1375  1460 D AT      : AT> AT+CRSM=176,28436,0,0,20
02-20 20:09:31.103  1375  1465 D AT      : AT< +CRSM: 144,0,416e64726f6964ffffffffffffffffffffffffff
02-20 20:09:31.103  1375  1465 D AT      : AT< OK
02-20 20:09:31.104  1909  1975 D RILJ    : [3733]< SIM_IO IccIoResponse sw1:0x90 sw2:0x0 [SUB0]
02-20 20:09:31.111  1909  1909 D SIMRecords: [SIMRecords] EF_MBI: 01000000
