02-20 20:10:45.407  1921  1921 D SIMRecords: [SIMRecords] onRecordLoaded 12 requested: true
02-20 20:10:45.407  1921  1921 E SIMRecords: [SIMRecords] Exception in get GID2 com.android.internal.telephony.CommandException: GENERIC_FAILURE
02-20 20:10:45.407  1921  1921 D SIMRecords: [SIMRecords] onRecordLoaded 11 requested: true
02-20 20:10:45.407  1921  1921 D RuimRecords: [RuimRecords] EF_PL LOADED
02-20 20:10:45.407  1921  1921 E RuimRecords: [RuimRecords] Record Load Exception: com.android.internal.telephony.CommandException: GENERIC_FAILURE
02-20 20:10:45.407  1921  1921 D RuimRecords: [RuimRecords] onRecordLoaded 8 requested: true
02-20 20:10:45.408  1921  1921 D RuimRecords: [RuimRecords] EF_CSIM_LI LOADED
02-20 20:10:45.408  1921  1921 E RuimRecords: [RuimRecords] Record Load Exception: com.android.internal.telephony.CommandException: GENERIC_FAILURE
02-20 20:10:45.408  1921  1921 D RuimRecords: [RuimRecords] onRecordLoaded 7 requested: true
02-20 20:10:45.408  1921  1921 D RuimRecords: [RuimRecords] EF_CSIM_SPN LOADED
02-20 20:10:45.408  1921  1921 E RuimRecords: [RuimRecords] Record Load Exception: com.android.internal.telephony.CommandException: GENERIC_FAILURE
02-20 20:10:45.408  1921  1921 D RuimRecords: [RuimRecords] onRecordLoaded 6 requested: true
02-20 20:10:45.408  1921  1921 D RuimRecords: [RuimRecords] EF_CSIM_MDN LOADED
02-20 20:10:45.408  1921  1921 E RuimRecords: [RuimRecords] Record Load Exception: com.android.internal.telephony.CommandException: GENERIC_FAILURE
02-20 20:10:45.408  1921  1921 D RuimRecords: [RuimRecords] onRecordLoaded 5 requested: true
02-20 20:10:45.408  1921  1921 D RuimRecords: [RuimRecords] EF_CSIM_IMSIM LOADED
02-20 20:10:45.408  1921  1921 E RuimRecords: [RuimRecords] Record Load Exception: com.android.internal.telephony.CommandException: GENERIC_FAILURE
02-20 20:10:45.408  1921  1921 D RuimRecords: [RuimRecords] onRecordLoaded 4 requested: true
02-20 20:10:45.408  1921  1921 D RuimRecords: [RuimRecords] EF_CSIM_CDMAHOME LOADED
02-20 20:10:45.408  1921  1921 E RuimRecords: [RuimRecords] Record Load Exception: com.android.internal.telephony.CommandException: GENERIC_FAILURE
02-20 20:10:45.408  1921  1921 D RuimRecords: [RuimRecords] onRecordLoaded 3 requested: true
02-20 20:10:45.408  1921  1921 D RuimRecords: [RuimRecords] EF_CSIM_EPRL LOADED
02-20 20:10:45.408  1921  1921 E RuimRecords: [RuimRecords] Record Load Exception: com.android.internal.telephony.CommandException: GENERIC_FAILURE
02-20 20:10:45.408  1921  1921 D RuimRecords: [RuimRecords] onRecordLoaded 2 requested: true
02-20 20:10:45.408  1921  1921 D RuimRecords: [RuimRecords] EF_CSIM_MIPUPP LOADED
02-20 20:10:45.408  1921  1921 E RuimRecords: [RuimRecords] Record Load Exception: com.android.internal.telephony.CommandException: GENERIC_FAILURE
02-20 20:10:45.408  1921  1921 D RuimRecords: [RuimRecords] onRecordLoaded 1 requested: true
02-20 20:10:45.409  1766  1766 I CameraManagerGlobal: Connecting to camera service
02-20 20:10:45.409  1662  1696 W WindowManager: Keyguard drawn timeout. Setting mKeyguardDrawComplete
02-20 20:10:45.411  1367  1367 V EmulatedCamera_Camera: getCameraInfo
02-20 20:10:45.411  1367  1367 V EmulatedCamera_BaseCamera: getCameraInfo
02-20 20:10:45.411  1367  1367 I CameraService: getCameraCharacteristics: Switching to HAL1 shim implementation...
02-20 20:10:45.411  1367  1367 V EmulatedCamera_Camera: getCameraInfo
02-20 20:10:45.411  1367  1367 V EmulatedCamera_BaseCamera: getCameraInfo
02-20 20:10:45.411  1921  1921 D SIMRecords: [SIMRecords] iccid: 89014103211118510720
02-20 20:10:45.411  1921  1921 D SIMRecords: [SIMRecords] onRecordLoaded 10 requested: true
02-20 20:10:45.411  1367  1367 I CameraService: CameraService::connect call (PID -1 "cameraserver", camera ID 0) for HAL version default and Camera API version 1
02-20 20:10:45.411  1367  1367 E CameraService: getCameraPriorityFromProcState: Received invalid process state -1 from ActivityManagerService!
02-20 20:10:45.411  1367  1367 V EmulatedCamera_Camera: getCameraInfo
02-20 20:10:45.411  1367  1367 V EmulatedCamera_BaseCamera: getCameraInfo
02-20 20:10:45.432  1921  1921 D SIMRecords: [SIMRecords] EF_MBI: 01000000
02-20 20:10:45.432  1921  1921 D SIMRecords: [SIMRecords] Got valid mailbox number for MBDN
02-20 20:10:45.432  1921  1921 D RILJ    : [3733]> iccIO: SIM_IO 0xc0 0x6fc7  path: 3F007F20,0,0,15 aid: null [SUB0]
02-20 20:10:45.433  1376  1480 D RIL     : onRequest: SIM_IO
02-20 20:10:45.433  1376  1480 D AT      : AT> AT+CRSM=192,28615,0,0,15
02-20 20:10:45.433  1376  1483 D AT      : AT< +CRSM: 144,0,000000406fc7040011a0aa01020120
02-20 20:10:45.433  1376  1483 D AT      : AT< OK
02-20 20:10:45.433  1921  1921 D SIMRecords: [SIMRecords] onRecordLoaded 10 requested: true
02-20 20:10:45.433  1921  2022 D RILJ    : [3733]< SIM_IO IccIoResponse sw1:0x90 sw2:0x0 [SUB0]
02-20 20:10:45.433  1921  1921 D SIMRecords: [SIMRecords] EF_AD: 00000003
02-20 20:10:45.433  1921  1921 D SIMRecords: [SIMRecords] setting4 mMncLength=3
02-20 20:10:45.433  1921  1921 D SIMRecords: [SIMRecords] update mccmnc=310260
02-20 20:10:45.433  1921  1921 D MccTable: updateMccMncConfiguration mccmnc='310260' fromServiceState=false
02-20 20:10:45.436  1921  1921 D SubscriptionController: [getPhoneId]- no sims, returning default phoneId=2147483647
02-20 20:10:45.436  1921  1921 D MccTable: updateMccMncConfiguration defaultMccMnc=
02-20 20:10:45.436  1921  1921 D MccTable: updateMccMncConfiguration: mcc=310, mnc=260
02-20 20:10:45.436  1921  1921 D MccTable: updateMccMncConfiguration updateConfig config={1.0 310mcc260mnc ?localeList ?layoutDir ?swdp ?wdp ?hdp ?density ?lsize ?long ?orien ?uimode ?night ?touch ?keyb/?/? ?nav/?}
02-20 20:10:45.436  1662  2136 I configuration_changed: 3
02-20 20:10:45.436  1662  2136 I ActivityManager: Config changes=3 {1.0 310mcc260mnc [en_US] ldltr sw360dp w360dp h668dp 640dpi nrml long port finger -keyb/v/h -nav/h s.6}
02-20 20:10:45.444  1374  2153 E WVMExtractor: Failed to open libwvm.so: dlopen failed: library "libwvm.so" not found
02-20 20:10:45.448  1662  2100 V KeyValueBackupJob: Scheduling k/v pass in 243 minutes
02-20 20:10:45.453  1374  2151 D NuPlayerDriver: notifyListener_l(0xf35134e0), (1, 0, 0), loop setting(0, 0)
02-20 20:10:45.458  1374  2154 D NuPlayerDriver: notifyListener_l(0xf35135a0), (1, 0, 0), loop setting(0, 0)
02-20 20:10:45.483  1374  2157 D NuPlayerDriver: notifyListener_l(0xf3513780), (1, 0, 0), loop setting(0, 0)
02-20 20:10:45.485  1367  1367 I CameraFlashlight: Opening camera 0
02-20 20:10:45.485  1367  1367 V EmulatedCamera_Camera: getCameraInfo
02-20 20:10:45.485  1367  1367 V EmulatedCamera_BaseCamera: getCameraInfo
02-20 20:10:45.485  1367  1367 V EmulatedCamera_Camera: connectCamera
02-20 20:10:45.485  1367  1367 V EmulatedCamera_FakeDevice: connectDevice
02-20 20:10:45.485  1367  1367 V EmulatedCamera_CallbackNotifier: setCallbacks: 0xf65f8e80, 0xf65f8ed0, 0xf65f8ff0, 0xf65f9110 (0xf5ec3320)
02-20 20:10:45.485  1367  1367 V EmulatedCamera_CallbackNotifier: enableMessage: msg_type = 0xc0d
02-20 20:10:45.485  1367  1367 V EmulatedCamera_CallbackNotifier:     CAMERA_MSG_ERROR
02-20 20:10:45.485  1367  1367 V EmulatedCamera_CallbackNotifier:     CAMERA_MSG_FOCUS
02-20 20:10:45.485  1367  1367 V EmulatedCamera_CallbackNotifier:     CAMERA_MSG_ZOOM
02-20 20:10:45.485  1367  1367 V EmulatedCamera_CallbackNotifier:     CAMERA_MSG_PREVIEW_METADATA
02-20 20:10:45.485  1367  1367 V EmulatedCamera_CallbackNotifier: **** Currently enabled messages:
02-20 20:10:45.485  1367  1367 V EmulatedCamera_CallbackNotifier:     CAMERA_MSG_ERROR
02-20 20:10:45.485  1367  1367 V EmulatedCamera_CallbackNotifier:     CAMERA_MSG_FOCUS
02-20 20:10:45.485  1367  1367 V EmulatedCamera_CallbackNotifier:     CAMERA_MSG_ZOOM
02-20 20:10:45.485  1367  1367 V EmulatedCamera_CallbackNotifier:     CAMERA_MSG_PREVIEW_METADATA
02-20 20:10:45.485  1367  1367 V EmulatedCamera_CallbackNotifier: disableMessage: msg_type = 0xffff
02-20 20:10:45.485  1367  1367 V EmulatedCamera_CallbackNotifier:     CAMERA_MSG_ERROR
02-20 20:10:45.485  1367  1367 V EmulatedCamera_CallbackNotifier:     CAMERA_MSG_SHUTTER
02-20 20:10:45.485  1367  1367 V EmulatedCamera_CallbackNotifier:     CAMERA_MSG_FOCUS
02-20 20:10:45.485  1367  1367 V EmulatedCamera_CallbackNotifier:     CAMERA_MSG_ZOOM
02-20 20:10:45.485  1367  1367 V EmulatedCamera_CallbackNotifier:     CAMERA_MSG_PREVIEW_FRAME
02-20 20:10:45.485  1367  1367 V EmulatedCamera_CallbackNotifier:     CAMERA_MSG_VIDEO_FRAME
02-20 20:10:45.485  1367  1367 V EmulatedCamera_CallbackNotifier:     CAMERA_MSG_POSTVIEW_FRAME
02-20 20:10:45.485  1367  1367 V EmulatedCamera_CallbackNotifier:     CAMERA_MSG_RAW_IMAGE
02-20 20:10:45.485  1367  1367 V EmulatedCamera_CallbackNotifier:     CAMERA_MSG_COMPRESSED_IMAGE
02-20 20:10:45.485  1367  1367 V EmulatedCamera_CallbackNotifier:     CAMERA_MSG_RAW_IMAGE_NOTIFY
02-20 20:10:45.485  1367  1367 V EmulatedCamera_CallbackNotifier:     CAMERA_MSG_PREVIEW_METADATA
02-20 20:10:45.485  1367  1367 V EmulatedCamera_CallbackNotifier: **** Currently enabled messages:
02-20 20:10:45.485  1367  1367 V EmulatedCamera_Preview: setPreviewWindow: current: 0x0 -> new: 0x0
02-20 20:10:45.485  1367  1367 V EmulatedCamera_Camera: doStopPreview
02-20 20:10:45.486  1367  1367 V EmulatedCamera_Camera: cancelPicture
02-20 20:10:45.486  1367  1367 V EmulatedCamera_Camera: releaseCamera
02-20 20:10:45.486  1367  1367 V EmulatedCamera_Camera: doStopPreview
02-20 20:10:45.486  1367  1367 V EmulatedCamera_FakeDevice: disconnectDevice
02-20 20:10:45.486  1367  1367 W EmulatedCamera_Device: Initialize: Emulated camera device is already initialized: mState = 1
02-20 20:10:45.486  1367  1367 D EmulatedCamera_FakeCamera: Initialize: Fake camera is facing back
02-20 20:10:45.486  1367  1367 V EmulatedCamera_Device: initializeWhiteBalanceModes with auto, 1.000000, 1.000000
02-20 20:10:45.486  1367  1367 V EmulatedCamera_Device: initializeWhiteBalanceModes with incandescent, 1.380000, 0.600000
02-20 20:10:45.486  1367  1367 V EmulatedCamera_Device: initializeWhiteBalanceModes with daylight, 1.090000, 0.920000
02-20 20:10:45.486  1367  1367 V EmulatedCamera_Device: initializeWhiteBalanceModes with twilight, 0.920000, 1.220000
02-20 20:10:45.486  1367  1367 V EmulatedCamera_Device: setWhiteBalanceMode with white balance auto
02-20 20:10:45.486  1367  1367 I CameraFlashlight: Destroying camera 0
02-20 20:10:45.486  1367  1367 V EmulatedCamera_Camera: closeCamera
02-20 20:10:45.486  1367  1367 V EmulatedCamera_Camera: doStopPreview
02-20 20:10:45.486  1367  1367 W EmulatedCamera_Device: Initialize: Emulated camera device is already initialized: mState = 1
02-20 20:10:45.486  1367  1367 D EmulatedCamera_FakeCamera: Initialize: Fake camera is facing back
02-20 20:10:45.486  1367  1367 V EmulatedCamera_Device: initializeWhiteBalanceModes with auto, 1.000000, 1.000000
02-20 20:10:45.486  1367  1367 V EmulatedCamera_Device: initializeWhiteBalanceModes with incandescent, 1.380000, 0.600000
02-20 20:10:45.486  1367  1367 V EmulatedCamera_Device: initializeWhiteBalanceModes with daylight, 1.090000, 0.920000
02-20 20:10:45.486  1367  1367 V EmulatedCamera_Device: initializeWhiteBalanceModes with twilight, 0.920000, 1.220000
02-20 20:10:45.486  1367  1367 V EmulatedCamera_Device: setWhiteBalanceMode with white balance auto
02-20 20:10:45.494  1367  1367 I CameraService: disconnect: Disconnected client for camera 0 for PID 1367
02-20 20:10:45.495  1374  1374 D NuPlayerDriver: reset(0xf35134e0) at state 4
02-20 20:10:45.495  1374  1374 D NuPlayerDriver: notifyListener_l(0xf35134e0), (8, 0, 0), loop setting(0, 0)
02-20 20:10:45.496  1374  2151 D NuPlayerDriver: notifyResetComplete(0xf35134e0)
02-20 20:10:45.505  1374  1403 D NuPlayerDriver: reset(0xf35135a0) at state 4
02-20 20:10:45.505  1374  1403 D NuPlayerDriver: notifyListener_l(0xf35135a0), (8, 0, 0), loop setting(0, 0)
02-20 20:10:45.506  1374  2154 D NuPlayerDriver: notifyResetComplete(0xf35135a0)
02-20 20:10:45.507  1374  1831 D NuPlayerDriver: reset(0xf3513780) at state 4
02-20 20:10:45.507  1374  1831 D NuPlayerDriver: notifyListener_l(0xf3513780), (8, 0, 0), loop setting(0, 0)
02-20 20:10:45.508  1374  2157 D NuPlayerDriver: notifyResetComplete(0xf3513780)
02-20 20:10:45.509  1367  2150 V EmulatedCamera_Camera: getCameraInfo
02-20 20:10:45.509  1367  2150 V EmulatedCamera_BaseCamera: getCameraInfo
02-20 20:10:45.510  1367  2152 V EmulatedCamera_Camera: getCameraInfo
02-20 20:10:45.510  1367  2152 V EmulatedCamera_BaseCamera: getCameraInfo
02-20 20:10:45.551  1766  1766 I StatusBar: isKeyguardShowing() called before startKeyguard(), returning true
02-20 20:10:45.551  1766  1766 W StatusBar: isKeyguardSecure() called before startKeyguard(), returning false
02-20 20:10:45.551  1766  1766 W StatusBar: java.lang.Throwable
02-20 20:10:45.551  1766  1766 W StatusBar: 	at com.android.systemui.statusbar.BaseStatusBar.isKeyguardSecure(BaseStatusBar.java:2647)
02-20 20:10:45.551  1766  1766 W StatusBar: 	at com.android.systemui.statusbar.BaseStatusBar.isCameraAllowedByAdmin(BaseStatusBar.java:2670)
02-20 20:10:45.551  1766  1766 W StatusBar: 	at com.android.systemui.statusbar.phone.KeyguardBottomAreaView.updateCameraVisibility(KeyguardBottomAreaView.java:309)
02-20 20:10:45.551  1766  1766 W StatusBar: 	at com.android.systemui.statusbar.phone.KeyguardBottomAreaView.setPhoneStatusBar(KeyguardBottomAreaView.java:272)
02-20 20:10:45.551  1766  1766 W StatusBar: 	at com.android.systemui.statusbar.phone.PhoneStatusBar.makeStatusBarView(PhoneStatusBar.java:904)
02-20 20:10:45.551  1766  1766 W StatusBar: 	at com.android.systemui.statusbar.phone.PhoneStatusBar.addStatusBarWindow(PhoneStatusBar.java:3432)
02-20 20:10:45.551  1766  1766 W StatusBar: 	at com.android.systemui.statusbar.phone.PhoneStatusBar.createAndAddWindows(PhoneStatusBar.java:3428)
02-20 20:10:45.551  1766  1766 W StatusBar: 	at com.android.systemui.statusbar.BaseStatusBar.start(BaseStatusBar.java:765)
02-20 20:10:45.551  1766  1766 W StatusBar: 	at com.android.systemui.statusbar.phone.PhoneStatusBar.start(PhoneStatusBar.java:686)
02-20 20:10:45.551  1766  1766 W StatusBar: 	at com.android.systemui.statusbar.SystemBars.createStatusBarFromConfig(SystemBars.java:106)
02-20 20:10:45.551  1766  1766 W StatusBar: 	at com.android.systemui.statusbar.SystemBars.onNoService(SystemBars.java:58)
02-20 20:10:45.551  1766  1766 W StatusBar: 	at com.android.systemui.statusbar.ServiceMonitor.startService(ServiceMonitor.java:230)
02-20 20:10:45.551  1766  1766 W StatusBar: 	at com.android.systemui.statusbar.ServiceMonitor.-wrap5(ServiceMonitor.java)
02-20 20:10:45.551  1766  1766 W StatusBar: 	at com.android.systemui.statusbar.ServiceMonitor$1.handleMessage(ServiceMonitor.java:73)
02-20 20:10:45.551  1766  1766 W StatusBar: 	at android.os.Handler.dispatchMessage(Handler.java:102)
02-20 20:10:45.551  1766  1766 W StatusBar: 	at android.os.Looper.loop(Looper.java:154)
02-20 20:10:45.551  1766  1766 W StatusBar: 	at android.app.ActivityThread.main(ActivityThread.java:6119)
02-20 20:10:45.551  1766  1766 W StatusBar: 	at java.lang.reflect.Method.invoke(Native Method)
02-20 20:10:45.551  1766  1766 W StatusBar: 	at com.android.internal.os.ZygoteInit$MethodAndArgsCaller.run(ZygoteInit.java:886)
02-20 20:10:45.551  1766  1766 W StatusBar: 	at com.android.internal.os.ZygoteInit.main(ZygoteInit.java:776)
02-20 20:10:45.552  1766  1766 I StatusBar: isKeyguardShowing() called before startKeyguard(), returning true
02-20 20:10:45.553  1766  1766 W StatusBar: isKeyguardSecure() called before startKeyguard(), returning false
02-20 20:10:45.553  1766  1766 W StatusBar: java.lang.Throwable
02-20 20:10:45.553  1766  1766 W StatusBar: 	at com.android.systemui.statusbar.BaseStatusBar.isKeyguardSecure(BaseStatusBar.java:2647)
02-20 20:10:45.553  1766  1766 W StatusBar: 	at com.android.systemui.statusbar.BaseStatusBar.isCameraAllowedByAdmin(BaseStatusBar.java:2670)
02-20 20:10:45.553  1766  1766 W StatusBar: 	at com.android.systemui.statusbar.phone.KeyguardBottomAreaView.updateCameraVisibility(KeyguardBottomAreaView.java:309)
02-20 20:10:45.553  1766  1766 W StatusBar: 	at com.android.systemui.statusbar.phone.KeyguardBottomAreaView.setUserSetupComplete(KeyguardBottomAreaView.java:281)
02-20 20:10:45.553  1766  1766 W StatusBar: 	at com.android.systemui.statusbar.phone.PhoneStatusBar.makeStatusBarView(PhoneStatusBar.java:905)
02-20 20:10:45.553  1766  1766 W StatusBar: 	at com.android.systemui.statusbar.phone.PhoneStatusBar.addStatusBarWindow(PhoneStatusBar.java:3432)
02-20 20:10:45.553  1766  1766 W StatusBar: 	at com.android.systemui.statusbar.phone.PhoneStatusBar.createAndAddWindows(PhoneStatusBar.java:3428)
02-20 20:10:45.553  1766  1766 W StatusBar: 	at com.android.systemui.statusbar.BaseStatusBar.start(BaseStatusBar.java:765)
02-20 20:10:45.553  1766  1766 W StatusBar: 	at com.android.systemui.statusbar.phone.PhoneStatusBar.start(PhoneStatusBar.java:686)
02-20 20:10:45.553  1766  1766 W StatusBar: 	at com.android.systemui.statusbar.SystemBars.createStatusBarFromConfig(SystemBars.java:106)
02-20 20:10:45.553  1766  1766 W StatusBar: 	at com.android.systemui.statusbar.SystemBars.onNoService(SystemBars.java:58)
02-20 20:10:45.553  1766  1766 W StatusBar: 	at com.android.systemui.statusbar.ServiceMonitor.startService(ServiceMonitor.java:230)
02-20 20:10:45.553  1766  1766 W StatusBar: 	at com.android.systemui.statusbar.ServiceMonitor.-wrap5(ServiceMonitor.java)
02-20 20:10:45.553  1766  1766 W StatusBar: 	at com.android.systemui.statusbar.ServiceMonitor$1.handleMessage(ServiceMonitor.java:73)
02-20 20:10:45.553  1766  1766 W StatusBar: 	at android.os.Handler.dispatchMessage(Handler.java:102)
02-20 20:10:45.553  1766  1766 W StatusBar: 	at android.os.Looper.loop(Looper.java:154)
02-20 20:10:45.553  1766  1766 W StatusBar: 	at android.app.ActivityThread.main(ActivityThread.java:6119)
02-20 20:10:45.553  1766  1766 W StatusBar: 	at java.lang.reflect.Method.invoke(Native Method)
02-20 20:10:45.553  1766  1766 W StatusBar: 	at com.android.internal.os.ZygoteInit$MethodAndArgsCaller.run(ZygoteInit.java:886)
02-20 20:10:45.553  1766  1766 W StatusBar: 	at com.android.internal.os.ZygoteInit.main(ZygoteInit.java:776)
02-20 20:10:45.558  2118  2118 I LoadedApk: No resource references to update in package FFFFFFFFFFFFFFFFFFFFFF
02-20 20:10:45.561  1662  1858 I AccountManagerService: User 0 is unlocked - opening CE database
02-20 20:10:45.571  1311  2029 D gralloc_ranchu: gralloc_alloc: Creating ashmem region of size 17051648
02-20 20:10:45.576  1311  2029 D         : HostConnection::get() New Host Connection established 0x71df6dee9d80, tid 2029
02-20 20:10:45.601  1662  2136 I am_relaunch_resume_activity: [0,324443,1,com.android.settings/.FallbackHome]
02-20 20:10:45.616  1928  1928 I am_on_paused_called: [0,com.android.settings.FallbackHome,handleRelaunchActivity]
02-20 20:10:45.620  1921  1921 D SIMRecords: [SIMRecords] onRecordLoaded 9 requested: true
02-20 20:10:45.620  1921  1921 D SIMRecords: [SIMRecords] EF_MWIS : 0000000000
02-20 20:10:45.620  1921  1921 D SIMRecords: [SIMRecords] onRecordLoaded 8 requested: true
02-20 20:10:45.620  1921  1921 D SIMRecords: [SIMRecords] EF_CPHS_MWI: 55
02-20 20:10:45.620  1921  1921 D SIMRecords: [SIMRecords] onRecordLoaded 7 requested: true
02-20 20:10:45.620  1921  1921 D RILJ    : [3734]> iccIO: SIM_IO 0xb0 0x6f14  path: 3F007F20,0,0,20 aid: null [SUB0]
02-20 20:10:45.630  1928  1987 D EGL_emulation: eglMakeCurrent: 0x76db901c4f80: ver 3 0 (tinfo 0x76db9a7ed660)
02-20 20:10:45.631  1921  1921 D SIMRecords: [SIMRecords] EF_CFF_CPHS: 55
02-20 20:10:45.631  1921  1921 D SIMRecords: [SIMRecords] onRecordLoaded 6 requested: true
02-20 20:10:45.631  1921  1921 D SIMRecords: [SIMRecords] onRecordLoaded 5 requested: true
02-20 20:10:45.632  1928  1928 I am_on_stop_called: [0,com.android.settings.FallbackHome,destroy]
02-20 20:10:45.632  1921  1921 D SIMRecords: [SIMRecords] SST: UsimServiceTable[120]={ PHONEBOOK, FDN, FDN_EXTENSION, SDN, SDN_EXTENSION, BDN, BDN_EXTENSION, OUTGOING_CALL_INFO, ADVICE_OF_CHARGE, CAP_CONFIG_PARAMS_2, GROUP_ID_LEVEL_1, GROUP_ID_LEVEL_2, SPN, USER_PLMN_SELECT, MSISDN, IMAGE, LOCALISED_SERVICE_AREAS, EMLPP, EMLPP_AUTO_ANSWER, RFU, GSM_ACCESS, DATA_DL_VIA_SMS_PP, DATA_DL_VIA_SMS_CB, CALL_CONTROL_BY_USIM, MO_SMS_CONTROL_BY_USIM, RUN_AT_COMMAND, APN_CONTROL_LIST, DEPERSONALISATION_CONTROL_KEYS, COOPERATIVE_NETWORK_LIST, GSM_SECURITY_CONTEXT, SERVICE_PROVIDER_DISPLAY_INFO, MMS_NOTIFICATION, MMS_NOTIFICATION_EXTENSION, GPRS_CALL_CONTROL_BY_USIM, VGCS_GROUP_ID_LIST, VBS_GROUP_ID_LIST, OMA_BCAST_PROFILE, GBA_LOCAL_KEY_ESTABLISHMENT, #101, #102, #103, #104, #105, #106, #107, #108, #109, #110 }
02-20 20:10:45.632  1921  1921 D SIMRecords: [SIMRecords] onRecordLoaded 4 requested: true
02-20 20:10:45.632  1921  1921 D SIMRecords: [SIMRecords] iCPHS: 0233
02-20 20:10:45.632  1921  1921 D SIMRecords: [SIMRecords] onRecordLoaded 3 requested: true
02-20 20:10:45.632  1921  1921 D RuimRecords: [RuimRecords] iccid: 89014103211118510720
02-20 20:10:45.632  1921  1921 D RuimRecords: [RuimRecords] onRecordLoaded 0 requested: true
02-20 20:10:45.633  1921  1921 D RuimRecords: [RuimRecords] record load complete
02-20 20:10:45.636  1921  1921 D SIMRecords: [SIMRecords] MSISDN: [t-WgLegCyIMgfHgPkOdM6pkZbpA]
02-20 20:10:45.636  1921  1921 D SIMRecords: [SIMRecords] onRecordLoaded 2 requested: true
02-20 20:10:45.637  1921  1921 D RILJ    : [3735]> iccIO: SIM_IO 0xb2 0x6fc7  path: 3F007F20,1,4,32 aid: null [SUB0]
02-20 20:10:45.637  1376  1480 D RIL     : onRequest: SIM_IO
02-20 20:10:45.637  1376  1480 D AT      : AT> AT+CRSM=176,28436,0,0,20
02-20 20:10:45.639  1376  1483 D AT      : AT< +CRSM: 144,0,416e64726f6964ffffffffffffffffffffffffff
02-20 20:10:45.639  1376  1483 D AT      : AT< OK
02-20 20:10:45.639  1921  2022 D RILJ    : [3734]< SIM_IO IccIoResponse sw1:0x90 sw2:0x0 [SUB0]
02-20 20:10:45.642  1376  1480 D RIL     : onRequest: SIM_IO
02-20 20:10:45.642  1376  1480 D AT      : AT> AT+CRSM=178,28615,1,4,32
02-20 20:10:45.642  1376  1483 D AT      : AT< +CRSM: 144,0,566f6963656d61696cffffffffffffffffff07915155125740f9ffffffffffff
02-20 20:10:45.642  1376  1483 D AT      : AT< OK
02-20 20:10:45.646  1921  2022 D RILJ    : [3735]< SIM_IO IccIoResponse sw1:0x90 sw2:0x0 [SUB0]
02-20 20:10:45.671  1921  1949 D SubscriptionController: [getPhoneId] asked for default subId=-1
02-20 20:10:45.671  1928  1928 I am_on_resume_called: [0,com.android.settings.FallbackHome,handleRelaunchActivity]
02-20 20:10:45.680  1921  1921 D SIMRecords: [SIMRecords] getServiceProviderName: no brandOverride, providerName=Android
02-20 20:10:45.680  1921  1921 D SIMRecords: [SIMRecords] Load EF_SPN_CPHS: Android
02-20 20:10:45.680  1921  1921 D TelephonyManager: setTelephonyProperty: success phoneId=0 property=gsm.sim.operator.alpha value: Android propVal=Android
02-20 20:10:45.680  1921  1921 D SIMRecords: [SIMRecords] onRecordLoaded 1 requested: true
02-20 20:10:45.680  1921  1921 D SIMRecords: [SIMRecords] VM: ADN Record 'Voicemail' '[-MWU1cAlDrkXUZ8dpHi_wU_YOpU] null' EF[MBDN]
02-20 20:10:45.680  1921  1921 D SIMRecords: [SIMRecords] onRecordLoaded 0 requested: true
02-20 20:10:45.680  1921  1921 D SIMRecords: [SIMRecords] record load complete
02-20 20:10:45.680  1921  1921 D SIMRecords: [SIMRecords] Not using EF LI/EF PL
02-20 20:10:45.680  1921  1921 D SIMRecords: [SIMRecords] EF_CFF: callForwardingEnabled=0
02-20 20:10:45.680  1921  1921 D SIMRecords: [SIMRecords] onAllRecordsLoaded set 'gsm.sim.operator.numeric' to operator='310260'
02-20 20:10:45.680  1921  1921 D SIMRecords: [SIMRecords] update icc_operator_numeric=310260
02-20 20:10:45.680  1921  1921 D TelephonyManager: setTelephonyProperty: success phoneId=0 property=gsm.sim.operator.numeric value: 310260 propVal=310260
02-20 20:10:45.680  1921  1921 D SubscriptionController: [setMccMnc]+ mcc/mnc:310/260 subId:-1
02-20 20:10:45.682  1921  1955 D SubscriptionController: [getActiveSubInfoList] Sub Controller not ready
02-20 20:10:45.683  1921  1921 D SubscriptionController: notifySubscriptionInfoChanged:
02-20 20:10:45.684  1921  2081 D SubscriptionController: [getActiveSubInfoList] Sub Controller not ready
02-20 20:10:45.685  1662  1662 I GnssLocationProvider: WakeLock acquired by sendMessage(12, 0, null)
02-20 20:10:45.686  1921  1921 D SIMRecords: [SIMRecords] onAllRecordsLoaded set mcc imsi
02-20 20:10:45.686  1921  1921 D TelephonyManager: setTelephonyProperty: success phoneId=0 property=gsm.sim.operator.iso-country value: us propVal=us
02-20 20:10:45.689  1921  1921 D SST     : SubscriptionListener.onSubscriptionInfoChanged
02-20 20:10:45.689  1921  1921 D SIMRecords: [SIMRecords]  VoiceMessageCount from SIM MWIS = 0
02-20 20:10:45.689  1921  1921 E Phone   : getStoredVoiceMessageCount: invalid subId -2
02-20 20:10:45.689  1921  1921 D GsmCdmaPhone: [GsmCdmaPhone] updateVoiceMail countVoiceMessages = 0 subId -2
02-20 20:10:45.689  1921  1921 E Phone   : setVoiceMessageCount in sharedPreference: invalid subId -2
02-20 20:10:45.705  1367  1367 V EmulatedCamera_Camera: getCameraInfo
02-20 20:10:45.705  1367  1367 V EmulatedCamera_BaseCamera: getCameraInfo
02-20 20:10:45.706  1921  1921 D DCT     : [0]SubscriptionListener.onSubscriptionInfoChanged
02-20 20:10:45.706  1367  1712 V EmulatedCamera_Camera: getCameraInfo
02-20 20:10:45.706  1367  1712 V EmulatedCamera_BaseCamera: getCameraInfo
02-20 20:10:45.706  1921  1921 D SubscriptionController: [getActiveSubInfoList] Sub Controller not ready
02-20 20:10:45.707  1921  1921 D SubscriptionController: [getActiveSubInfoList] Sub Controller not ready
02-20 20:10:45.707  1921  1921 I Telephony: PstnIncomingCallNotifier: Unregistering: Handler (com.android.internal.telephony.GsmCdmaPhone) {1746eb}
02-20 20:10:45.707  1921  1921 E PhoneInterfaceManager: [PhoneIntfMgr] getIccId: No UICC
02-20 20:10:45.711  1662  1693 I Telecom : PhoneAccountRegistrar: [ComponentInfo{com.android.phone/com.android.services.telephony.TelephonyConnectionService}, [e0184adedf913b076626646d3f52c3b49c39ad6d], UserHandle{0}(addr: tel:*********** -> tel:)(icon: Icon(typ=BITMAP size=76x96) -> Icon(typ=BITMAP size=76x96))(subAddr: tel:*********** -> tel:)]: TSI.rPA@AAg
02-20 20:10:45.712  1662  1693 I Telecom : : Sending phone-account registered intent as user: TSI.rPA@AAg
02-20 20:10:45.713  1921  1921 I Telephony: AccountEntry: Registered phoneAccount: [[ ] PhoneAccount: ComponentInfo{com.android.phone/com.android.services.telephony.TelephonyConnectionService}, [e0184adedf913b076626646d3f52c3b49c39ad6d], UserHandle{0} Capabilities: CallProvider MultiUser PlaceEmerg SimSub  Schemes: tel voicemail  Extras: null GroupId: [da39a3ee5e6b4b0d3255bfef95601890afd80709]] with handle: ComponentInfo{com.android.phone/com.android.services.telephony.TelephonyConnectionService}, [e0184adedf913b076626646d3f52c3b49c39ad6d], UserHandle{0}
02-20 20:10:45.713  1921  1921 I Telephony: PstnIncomingCallNotifier: Registering: Handler (com.android.internal.telephony.GsmCdmaPhone) {1746eb}
02-20 20:10:45.714  1921  1921 D CAT     : CatService: handleMessage[20]
02-20 20:10:45.714  1921  1921 D GsmCdmaPhone: [GsmCdmaPhone] updateCurrentCarrierInProvider: mSubId = -2 currentDds = 1 operatorNumeric = 310260
02-20 20:10:45.714  1921  1921 D IccCardProxy: operator=310260 mPhoneId=0
02-20 20:10:45.714  1921  1921 D TelephonyManager: setTelephonyProperty: success phoneId=0 property=gsm.sim.operator.numeric value: 310260 propVal=310260
02-20 20:10:45.715  1921  1921 D TelephonyManager: setTelephonyProperty: success phoneId=0 property=gsm.sim.operator.iso-country value: us propVal=us
02-20 20:10:45.716  1921  1921 D IccCardProxy: Sending intent ACTION_INTERNAL_SIM_STATE_CHANGED for mPhoneId : 0
02-20 20:10:45.719  1921  1949 D SubscriptionController: [getActiveSubInfoList] Sub Controller not ready
02-20 20:10:45.719  1921  1955 D SubscriptionController: [getActiveSubInfoList] Sub Controller not ready
02-20 20:10:45.720  1921  1921 D SST     : EVENT_SIM_RECORDS_LOADED: what=16
02-20 20:10:45.720  1921  1921 D GsmCdmaPhone: [GsmCdmaPhone] updatePhoneObject: radioTechnology=0
02-20 20:10:45.720  1921  1921 D SST     : getOtasp: otasp not needed for GSM
02-20 20:10:45.720  1921  1921 D SST     : updateOtaspState: call notifyOtaspChanged old otaspMode=0 new otaspMode=3
02-20 20:10:45.720  1921  1921 D SIMRecords: [SIMRecords] getServiceProviderName: no brandOverride, providerName=Android
02-20 20:10:45.720  1921  1921 D SIMRecords: [SIMRecords] getServiceProviderName: no brandOverride, providerName=Android
02-20 20:10:45.720  1921  1921 D SST     : updateSpnDisplay: changed sending intent rule=1 showPlmn='false' plmn='Android' showSpn='true' spn='Android' dataSpn='Android' subId='-2'
02-20 20:10:45.724  1921  1921 D SubscriptionController: [setPlmnSpn] No valid subscription to store info
02-20 20:10:45.725  1921  1921 D SubscriptionController: notifySubscriptionInfoChanged:
02-20 20:10:45.725  1662  1662 I GnssLocationProvider: WakeLock acquired by sendMessage(12, 0, null)
02-20 20:10:45.726  1921  1949 D SubscriptionController: [getActiveSubInfoList] Sub Controller not ready
02-20 20:10:45.731  1921  2081 D SubscriptionController: [getSlotId]- subId invalid
02-20 20:10:45.735  1766  2161 D TelephonyManager: getSimState: default sim:-1, sim state for slotIdx=0 is 5, return state as unknown
02-20 20:10:45.741  2162  2162 W art     : Unexpected CPU variant for X86 using defaults: x86_64
02-20 20:10:45.742  1921  1955 D SubscriptionController: [getActiveSubInfoList] Sub Controller not ready
02-20 20:10:45.744  1662  1858 I am_proc_start: [0,2162,10014,com.google.process.gapps,content provider,com.google.android.gsf/.gservices.GservicesProvider]
02-20 20:10:45.745  1662  1858 I ActivityManager: Start proc 2162:com.google.process.gapps/u0a14 for content provider com.google.android.gsf/.gservices.GservicesProvider
02-20 20:10:45.761  1921  1921 E PhoneInterfaceManager: [PhoneIntfMgr] getIccId: No UICC
02-20 20:10:45.763  1662  1962 I Telecom : PhoneAccountRegistrar: [ComponentInfo{com.android.phone/com.android.services.telephony.TelephonyConnectionService}, [e0184adedf913b076626646d3f52c3b49c39ad6d], UserHandle{0}(icon: Icon(typ=BITMAP size=76x96) -> Icon(typ=BITMAP size=76x96))]: TSI.rPA@AAs
02-20 20:10:45.765  1662  1962 I Telecom : : Sending phone-account registered intent as user: TSI.rPA@AAs
02-20 20:10:45.765  1921  1921 D GsmCdmaPhone: [GsmCdmaPhone] phoneObjectUpdater: newVoiceRadioTech=0
02-20 20:10:45.782  1921  1921 D GsmCdmaPhone: [GsmCdmaPhone] phoneObjectUpdater: volteReplacementRat=0
02-20 20:10:45.782  1921  1921 E GsmCdmaPhone: [GsmCdmaPhone] phoneObjectUpdater: newVoiceRadioTech=0 doesn't match either CDMA or GSM - error! No phone change
02-20 20:10:45.782  1921  1921 D SST     : SubscriptionListener.onSubscriptionInfoChanged
02-20 20:10:45.782  1921  1921 D DCT     : [0]SubscriptionListener.onSubscriptionInfoChanged
02-20 20:10:45.782  1662  1693 I am_proc_bound: [0,2162,com.google.process.gapps]
02-20 20:10:45.783  1921  1921 D SubscriptionController: [getActiveSubInfoList] Sub Controller not ready
02-20 20:10:45.784  1921  1921 D SubscriptionController: [getActiveSubInfoList] Sub Controller not ready
02-20 20:10:45.785  1921  1921 I Telephony: PstnIncomingCallNotifier: Unregistering: Handler (com.android.internal.telephony.GsmCdmaPhone) {1746eb}
02-20 20:10:45.785  1766  1766 I StatusBar: isKeyguardShowing() called before startKeyguard(), returning true
02-20 20:10:45.785  1766  1766 W StatusBar: isKeyguardSecure() called before startKeyguard(), returning false
02-20 20:10:45.785  1766  1766 W StatusBar: java.lang.Throwable
02-20 20:10:45.785  1766  1766 W StatusBar: 	at com.android.systemui.statusbar.BaseStatusBar.isKeyguardSecure(BaseStatusBar.java:2647)
02-20 20:10:45.785  1766  1766 W StatusBar: 	at com.android.systemui.statusbar.BaseStatusBar.isCameraAllowedByAdmin(BaseStatusBar.java:2670)
02-20 20:10:45.785  1766  1766 W StatusBar: 	at com.android.systemui.statusbar.phone.KeyguardBottomAreaView.updateCameraVisibility(KeyguardBottomAreaView.java:309)
02-20 20:10:45.785  1766  1766 W StatusBar: 	at com.android.systemui.statusbar.phone.KeyguardBottomAreaView.setUserSetupComplete(KeyguardBottomAreaView.java:281)
02-20 20:10:45.785  1766  1766 W StatusBar: 	at com.android.systemui.statusbar.phone.PhoneStatusBar$1.onChange(PhoneStatusBar.java:441)
02-20 20:10:45.785  1766  1766 W StatusBar: 	at com.android.systemui.statusbar.phone.PhoneStatusBar.resetUserSetupObserver(PhoneStatusBar.java:3676)
02-20 20:10:45.785  1766  1766 W StatusBar: 	at com.android.systemui.statusbar.phone.PhoneStatusBar.makeStatusBarView(PhoneStatusBar.java:1008)
02-20 20:10:45.785  1766  1766 W StatusBar: 	at com.android.systemui.statusbar.phone.PhoneStatusBar.addStatusBarWindow(PhoneStatusBar.java:3432)
02-20 20:10:45.785  1766  1766 W StatusBar: 	at com.android.systemui.statusbar.phone.PhoneStatusBar.createAndAddWindows(PhoneStatusBar.java:3428)
02-20 20:10:45.785  1766  1766 W StatusBar: 	at com.android.systemui.statusbar.BaseStatusBar.start(BaseStatusBar.java:765)
02-20 20:10:45.785  1766  1766 W StatusBar: 	at com.android.systemui.statusbar.phone.PhoneStatusBar.start(PhoneStatusBar.java:686)
02-20 20:10:45.785  1766  1766 W StatusBar: 	at com.android.systemui.statusbar.SystemBars.createStatusBarFromConfig(SystemBars.java:106)
02-20 20:10:45.785  1766  1766 W StatusBar: 	at com.android.systemui.statusbar.SystemBars.onNoService(SystemBars.java:58)
02-20 20:10:45.785  1766  1766 W StatusBar: 	at com.android.systemui.statusbar.ServiceMonitor.startService(ServiceMonitor.java:230)
02-20 20:10:45.785  1766  1766 W StatusBar: 	at com.android.systemui.statusbar.ServiceMonitor.-wrap5(ServiceMonitor.java)
02-20 20:10:45.785  1766  1766 W StatusBar: 	at com.android.systemui.statusbar.ServiceMonitor$1.handleMessage(ServiceMonitor.java:73)
02-20 20:10:45.785  1766  1766 W StatusBar: 	at android.os.Handler.dispatchMessage(Handler.java:102)
02-20 20:10:45.785  1766  1766 W StatusBar: 	at android.os.Looper.loop(Looper.java:154)
02-20 20:10:45.785  1766  1766 W StatusBar: 	at android.app.ActivityThread.main(ActivityThread.java:6119)
02-20 20:10:45.785  1766  1766 W StatusBar: 	at java.lang.reflect.Method.invoke(Native Method)
02-20 20:10:45.785  1766  1766 W StatusBar: 	at com.android.internal.os.ZygoteInit$MethodAndArgsCaller.run(ZygoteInit.java:886)
02-20 20:10:45.785  1766  1766 W StatusBar: 	at com.android.internal.os.ZygoteInit.main(ZygoteInit.java:776)
02-20 20:10:45.787  1921  1921 E PhoneInterfaceManager: [PhoneIntfMgr] getIccId: No UICC
02-20 20:10:45.794  1365  1809 I art     : Starting a blocking GC HeapTrim
02-20 20:10:45.801  1662  1791 I dvm_lock_sample: [system_server,1,Binder:1662_3,33,WindowManagerService.java,9051,-,2857,6]
02-20 20:10:45.826  1311  1973 D         : HostConnection::get() New Host Connection established 0x71df6da1bd80, tid 1973
02-20 20:10:45.829  2162  2162 I art     : Starting a blocking GC AddRemoveAppImageSpace
02-20 20:10:45.830  2162  2162 W System  : ClassLoader referenced unknown path: /system/priv-app/GoogleServicesFramework/lib/x86_64
02-20 20:10:45.833  1662  1695 I am_proc_start: [0,2178,10029,com.google.android.googlequicksearchbox:interactor,service,com.google.android.googlequicksearchbox/com.google.android.voiceinteraction.GsaVoiceInteractionService]
02-20 20:10:45.833  1662  1695 I ActivityManager: Start proc 2178:com.google.android.googlequicksearchbox:interactor/u0a29 for service com.google.android.googlequicksearchbox/com.google.android.voiceinteraction.GsaVoiceInteractionService
02-20 20:10:45.833  1662  1662 I dvm_lock_sample: [system_server,1,main,41,ActivityManagerService.java,11092,-,17301,8]
02-20 20:10:45.835  1662  1695 I ActivityManager: Loading recents for user 0 into memory.
02-20 20:10:45.846  2178  2178 W art     : Unexpected CPU variant for X86 using defaults: x86
02-20 20:10:45.848  1662  1695 D ActivityManager: Sending BOOT_COMPLETE user #0
02-20 20:10:45.848  1662  1695 I sysui_histogram: [framework_boot_completed,14]
02-20 20:10:45.861  1662  2159 I Telecom : PhoneAccountRegistrar: [ComponentInfo{com.android.phone/com.android.services.telephony.TelephonyConnectionService}, [e0184adedf913b076626646d3f52c3b49c39ad6d], UserHandle{0}(icon: Icon(typ=BITMAP size=76x96) -> Icon(typ=BITMAP size=76x96))]: TSI.rPA@AAw
02-20 20:10:45.862  1766  1984 D OpenGLRenderer: profile bars disabled
02-20 20:10:45.862  1766  1984 D OpenGLRenderer: ambientRatio = 1.50
02-20 20:10:45.892  1662  2177 I am_proc_bound: [0,2178,com.google.android.googlequicksearchbox:interactor]
02-20 20:10:45.908  1662  1962 I dvm_lock_sample: [system_server,1,Binder:1662_5,24,ActivityManagerService.java,17547,-,6669,4]
02-20 20:10:45.915  1766  1766 D PhoneStatusBar: disable: < EXPAND* icons alerts system_info BACK* HOME* RECENT* clock SEARCH* quick_settings >
02-20 20:10:45.923  2162  2162 I GservicesProvider: Gservices pushing to system: true; secure/global: true
02-20 20:10:45.924  1662  2159 I Telecom : : Sending phone-account registered intent as user: TSI.rPA@AAw
02-20 20:10:45.928  1921  1921 I Telephony: AccountEntry: Registered phoneAccount: [[ ] PhoneAccount: ComponentInfo{com.android.phone/com.android.services.telephony.TelephonyConnectionService}, [e0184adedf913b076626646d3f52c3b49c39ad6d], UserHandle{0} Capabilities: CallProvider MultiUser PlaceEmerg SimSub  Schemes: tel voicemail  Extras: null GroupId: [da39a3ee5e6b4b0d3255bfef95601890afd80709]] with handle: ComponentInfo{com.android.phone/com.android.services.telephony.TelephonyConnectionService}, [e0184adedf913b076626646d3f52c3b49c39ad6d], UserHandle{0}
02-20 20:10:45.928  1921  1921 I Telephony: PstnIncomingCallNotifier: Registering: Handler (com.android.internal.telephony.GsmCdmaPhone) {1746eb}
02-20 20:10:45.934  1921  1949 D SubscriptionController: [getSlotId]- subId invalid
02-20 20:10:45.980  1921  1921 E PhoneInterfaceManager: [PhoneIntfMgr] getIccId: No UICC
02-20 20:10:46.009  1928  1987 D EGL_emulation: eglMakeCurrent: 0x76db901c4f80: ver 3 0 (tinfo 0x76db9a7ed660)
02-20 20:10:46.012  1662  2177 I Telecom : PhoneAccountRegistrar: [ComponentInfo{com.android.phone/com.android.services.telephony.TelephonyConnectionService}, [e0184adedf913b076626646d3f52c3b49c39ad6d], UserHandle{0}(icon: Icon(typ=BITMAP size=76x96) -> Icon(typ=BITMAP size=76x96))]: TSI.rPA@ABA
02-20 20:10:46.017  1921  2081 D DCT     : [0]hasMatchedTetherApnSetting: APN=null
02-20 20:10:46.057  1928  1928 D FallbackHome: User unlocked and real home found; let's go!
02-20 20:10:46.070  1662  1962 I am_finish_activity: [0,324443,1,com.android.settings/.FallbackHome,app-request]
02-20 20:10:46.071  1662  2177 I Telecom : : Sending phone-account registered intent as user: TSI.rPA@ABA
02-20 20:10:46.145  1766  2161 D TelephonyManager: getSimState: default sim:-1, sim state for slotIdx=0 is 5, return state as unknown
02-20 20:10:46.155  1311  1973 D gralloc_ranchu: gralloc_alloc: Creating ashmem region of size 15945728
02-20 20:10:46.156  1662  2100 I BackupManagerService: Found stale backup journal, scheduling
02-20 20:10:46.160  1921  1949 D SubscriptionController: [getActiveSubInfoList] Sub Controller not ready
02-20 20:10:46.170  2103  2103 I GAv4    : Google Analytics 9.2.56 is starting up. To enable debug logging on a device run:
02-20 20:10:46.170  2103  2103 I GAv4    :   adb shell setprop log.tag.GAv4 DEBUG
02-20 20:10:46.170  2103  2103 I GAv4    :   adb logcat -s GAv4
02-20 20:10:46.185  1662  1672 I art     : Background sticky concurrent mark sweep GC freed 52344(3MB) AllocSpace objects, 17(388KB) LOS objects, 17% free, 15MB/18MB, paused 571us total 390.976ms
02-20 20:10:46.188  1662  1962 I am_pause_activity: [0,324443,com.android.settings/.FallbackHome]
02-20 20:10:46.198  1928  1928 I am_on_paused_called: [0,com.android.settings.FallbackHome,handlePauseActivity]
02-20 20:10:46.219  2162  2162 I GoogleHttpClient: GMS http client unavailable, use old client
02-20 20:10:46.221  1662  1791 I ActivityManager: START u0 {act=android.intent.action.MAIN cat=[android.intent.category.HOME] flg=0x10000100 cmp=com.google.android.apps.nexuslauncher/.NexusLauncherActivity} from uid 0 on display 0
02-20 20:10:46.225  1662  1791 I am_create_task: [0,116]
02-20 20:10:46.225  1662  1791 I am_create_activity: [0,58853167,116,com.google.android.apps.nexuslauncher/.NexusLauncherActivity,android.intent.action.MAIN,NULL,NULL,268435712]
02-20 20:10:46.225  1662  1791 I wm_task_created: [116,0]
02-20 20:10:46.226  1662  1791 I wm_task_moved: [116,1,1]
02-20 20:10:46.235  1662  1791 I wm_task_moved: [116,1,1]
02-20 20:10:46.235  1662  1791 I am_focused_activity: [0,com.google.android.apps.nexuslauncher/.NexusLauncherActivity,startedActivity]
02-20 20:10:46.251  1662  1791 I am_proc_start: [0,2209,10021,com.google.android.apps.nexuslauncher,activity,com.google.android.apps.nexuslauncher/.NexusLauncherActivity]
02-20 20:10:46.251  1662  1791 I ActivityManager: Start proc 2209:com.google.android.apps.nexuslauncher/u0a21 for activity com.google.android.apps.nexuslauncher/.NexusLauncherActivity
02-20 20:10:46.253  2209  2209 W art     : Unexpected CPU variant for X86 using defaults: x86_64
02-20 20:10:46.274  1662  2177 W art     : Long monitor contention with owner Binder:1662_5 (1962) at boolean com.android.server.am.ActivityManagerService.finishActivity(android.os.IBinder, int, android.content.Intent, int)(ActivityManagerService.java:4839) waiters=1 in int com.android.server.am.ActivityManagerService.broadcastIntent(android.app.IApplicationThread, android.content.Intent, java.lang.String, android.content.IIntentReceiver, int, java.lang.String, android.os.Bundle, java.lang.String[], int, android.os.Bundle, boolean, boolean, int) for 203ms
02-20 20:10:46.274  1662  2177 I dvm_lock_sample: [system_server,1,Binder:1662_8,203,ActivityManagerService.java,18551,-,4839,40]
02-20 20:10:46.275  1662  1662 I dvm_lock_sample: [system_server,1,main,77,ActivityManagerService.java,21741,-,6916,15]
02-20 20:10:46.275  1662  1695 I sysui_count: [window_time_0,7]
02-20 20:10:46.277  1921  1921 D SubscriptionInfoUpdater: [Receiver]+
02-20 20:10:46.277  1921  1921 D SubscriptionInfoUpdater: Action: android.intent.action.SIM_STATE_CHANGED
02-20 20:10:46.277  1921  1921 D SubscriptionInfoUpdater: slotId: 0
02-20 20:10:46.277  1921  1921 D SubscriptionInfoUpdater: simStatus: READY
02-20 20:10:46.277  1921  1921 D SubscriptionInfoUpdater: Ignoring simStatus: READY
02-20 20:10:46.277  1921  1921 D SubscriptionInfoUpdater: [Receiver]-
02-20 20:10:46.277  1921  1921 D SubscriptionInfoUpdater: [Receiver]+
02-20 20:10:46.277  1921  1921 D SubscriptionInfoUpdater: Action: android.intent.action.SIM_STATE_CHANGED
02-20 20:10:46.277  1921  1921 D SubscriptionInfoUpdater: slotId: 0
02-20 20:10:46.277  1921  1921 D SubscriptionInfoUpdater: simStatus: IMSI
02-20 20:10:46.277  1921  1921 D SubscriptionInfoUpdater: Ignoring simStatus: IMSI
02-20 20:10:46.277  1921  1921 D SubscriptionInfoUpdater: [Receiver]-
02-20 20:10:46.277  1921  1921 D SubscriptionInfoUpdater: [Receiver]+
02-20 20:10:46.277  1921  1921 D SubscriptionInfoUpdater: Action: android.intent.action.internal_sim_state_changed
02-20 20:10:46.277  1921  1921 D SubscriptionInfoUpdater: slotId: 0
02-20 20:10:46.277  1921  1921 D SubscriptionInfoUpdater: simStatus: LOADED
02-20 20:10:46.277  1921  1921 D SubscriptionInfoUpdater: [Receiver]-
02-20 20:10:46.277  1921  1921 D WAP PUSH: Received broadcast android.intent.action.USER_UNLOCKED
02-20 20:10:46.278  1921  1921 D WAP PUSH: Received broadcast android.intent.action.USER_UNLOCKED
02-20 20:10:46.278  1921  1921 D SmsBroadcastUndelivered: Received broadcast android.intent.action.USER_UNLOCKED
02-20 20:10:46.278  1921  1921 D SubscriptionInfoUpdater: [Receiver]+
02-20 20:10:46.278  1921  1921 D SubscriptionInfoUpdater: Action: android.intent.action.USER_UNLOCKED
02-20 20:10:46.278  1921  1921 D SubscriptionInfoUpdater: Broadcasting intent ACTION_SIM_STATE_CHANGED for mCardIndex: 0
02-20 20:10:46.279  1921  1921 D SubscriptionInfoUpdater: [Receiver]-
02-20 20:10:46.279  1766  1766 D PhoneStatusBar: heads up is enabled
02-20 20:10:46.279  1921  1921 D CarrierSvcBindHelper: Received android.intent.action.USER_UNLOCKED
02-20 20:10:46.300  1921  2226 D SmsBroadcastUndelivered: scanning raw table for undelivered messages
02-20 20:10:46.302  1921  2225 E WAP PUSH: bindService() for wappush manager failed
02-20 20:10:46.304  1921  2224 E WAP PUSH: bindService() for wappush manager failed
02-20 20:10:46.309  1662  2192 I am_proc_bound: [0,2209,com.google.android.apps.nexuslauncher]
02-20 20:10:46.315  1928  1987 D EGL_emulation: eglMakeCurrent: 0x76db901c4f80: ver 3 0 (tinfo 0x76db9a7ed660)
02-20 20:10:46.341  1921  1949 D SubscriptionController: [getActiveSubInfoList] Sub Controller not ready
02-20 20:10:46.346  1921  1921 D CarrierSvcBindHelper: No carrier app for: 0
02-20 20:10:46.346  1921  1921 D SubscriptionInfoUpdater: handleSimStateLoadedInternal: slotId: 0
02-20 20:10:46.346  1921  1921 D SubscriptionInfoUpdater: All IccIds query complete
02-20 20:10:46.346  1921  1921 D SubscriptionInfoUpdater: updateSubscriptionInfoByIccId:+ Start
02-20 20:10:46.350  1921  1921 D SubscriptionController: [clearSubInfo]- no simInfo size=0
02-20 20:10:46.350  1921  1921 D SubscriptionInfoUpdater: insertedSimCount = 1
02-20 20:10:46.354  1662  2192 I am_restart_activity: [0,58853167,116,com.google.android.apps.nexuslauncher/.NexusLauncherActivity]
02-20 20:10:46.362  1921  1921 D SubscriptionController: [getSubInfoUsingSlotIdWithCheck]+ slotId:0
02-20 20:10:46.387  1662  1693 I dvm_lock_sample: [system_server,1,Binder:1662_2,38,ActivityManagerService.java,10435,-,6669,7]
02-20 20:10:46.422  1921  1921 D SubscriptionController: [getPhoneId]- no sims, returning default phoneId=2147483647
02-20 20:10:46.430  1921  2226 D SmsBroadcastUndelivered: finished scanning raw table in 130 ms
02-20 20:10:46.432  1921  1921 D SubscriptionController: [getPhoneId]- no sims, returning default phoneId=2147483647
02-20 20:10:46.434  2209  2209 W System  : ClassLoader referenced unknown path: /system/priv-app/NexusLauncherPrebuilt/lib/x86_64
02-20 20:10:46.435  1921  1921 D SubscriptionController: [getPhoneId]- no sims, returning default phoneId=2147483647
02-20 20:10:46.436  1921  1921 D SubscriptionController: [getSubInfoUsingSlotId]- null info return
02-20 20:10:46.436  1921  1921 D SubscriptionInfoUpdater: updateSubscriptionInfoByIccId: oldSubId = 1
02-20 20:10:46.436  1921  1921 D SubscriptionInfoUpdater: updateSubscriptionInfoByIccId: oldIccId[0] = 89014103211118510720, sIccId[0] = 89014103211118510720
02-20 20:10:46.437  1921  1921 D SubscriptionController: [addSubInfoRecord]+ iccId:89014103211118510720 slotId:0
02-20 20:10:46.470  1921  1921 D SubscriptionController: [getActiveSubInfoList] Sub Controller not ready
02-20 20:10:46.470  1921  1921 D SubscriptionController: [addSubInfoRecord] Record already exists
02-20 20:10:46.485  1921  1921 D SubscriptionController: [addSubInfoRecord] sSlotIdxToSubId.size=1 slotId=0 subId=1 defaultSubId=1 simCount=1
02-20 20:10:46.486  1921  1921 D SubscriptionController: [setDefaultFallbackSubId] subId=1
02-20 20:10:46.486  1921  1921 D SubscriptionController: [setDefaultFallbackSubId] set mDefaultFallbackSubId=1
02-20 20:10:46.486  1921  1921 D MccTable: updateMccMncConfiguration mccmnc='310260' fromServiceState=false
02-20 20:10:46.494  1921  1921 D MccTable: updateMccMncConfiguration defaultMccMnc=310260
02-20 20:10:46.494  1921  1921 D MccTable: updateMccMncConfiguration: mcc=310, mnc=260
02-20 20:10:46.494  1921  1921 D MccTable: updateMccMncConfiguration updateConfig config={1.0 310mcc260mnc ?localeList ?layoutDir ?swdp ?wdp ?hdp ?density ?lsize ?long ?orien ?uimode ?night ?touch ?keyb/?/? ?nav/?}
02-20 20:10:46.504  1921  1921 D SubscriptionController: [setDefaultFallbackSubId] broadcast default subId changed phoneId=0 subId=1
02-20 20:10:46.509  1921  1921 D SubscriptionController: [addSubInfoRecord] one sim set defaults to subId=1
02-20 20:10:46.509  1921  1921 D SubscriptionController: [setDefaultDataSubId] num phones=1, subId=1
02-20 20:10:46.509  1921  1921 D SubscriptionController: [setDefaultDataSubId] phoneId=0 subId=1 RAF=1
02-20 20:10:46.509  1921  1921 D ProxyController: setRadioCapability: Already in requested configuration, nothing to do.
02-20 20:10:46.509  1921  1921 D SubscriptionController: [updateAllDataConnectionTrackers] sPhones.length=1
02-20 20:10:46.509  1921  1921 D SubscriptionController: [updateAllDataConnectionTrackers] phoneId=0
02-20 20:10:46.510  1921  1921 D DCT     : [0]update sub = 1
02-20 20:10:46.510  1921  1921 D DCT     : [0]update(): Active DDS, register for all events now!
02-20 20:10:46.510  1921  1921 D DCT     : [0]New records found.
02-20 20:10:46.510  1921  1921 D SST     : mDeviceShuttingDown=false, mDesiredPowerState=true, getRadioState=RADIO_ON, mPowerOffDelayNeed=true, mAlarmSwitch=false, mRadioDisabledByCarrier=false
02-20 20:10:46.528  1662  1696 V KeyguardServiceDelegate: *** Keyguard connected (yay!)
02-20 20:10:46.529  1921  1921 D GsmCdmaPhone: [GsmCdmaPhone] updateCurrentCarrierInProvider: mSubId = 1 currentDds = 1 operatorNumeric = 310260
02-20 20:10:46.547  2209  2209 V Launcher: LauncherAppState inited
02-20 20:10:46.568  1662  2206 I dvm_lock_sample: [system_server,1,Binder:1662_A,21,WindowManagerService.java,3255,WindowAnimator.java,144,4]
02-20 20:10:46.569  1311  1973 D gralloc_ranchu: gralloc_alloc: Creating ashmem region of size 17051648
02-20 20:10:46.631  1921  1921 D SubscriptionController: [broadcastDefaultDataSubIdChanged] subId=1
02-20 20:10:46.632  1921  1921 D SubscriptionController: [setDefaultSmsSubId] subId=1
02-20 20:10:46.633  1921  1921 D SubscriptionController: [broadcastDefaultSmsSubIdChanged] subId=1
02-20 20:10:46.634  1921  1921 D SubscriptionController: [setDefaultVoiceSubId] subId=1
