02-20 20:10:43.961  1921  1921 D Phone   : mCallRingDelay=3000
02-20 20:10:43.964  1921  1955 D SubscriptionController: [getPhoneId]- no sims, returning default phoneId=2147483647
02-20 20:10:43.966  1662  1695 I boot_progress_enable_screen: 12966
02-20 20:10:43.970  1662  1695 V KeyguardServiceDelegate: *** Keyguard started
02-20 20:10:43.970  1662  1695 I screen_toggled: 1
02-20 20:10:43.975  1662  1702 I am_activity_launch_time: [0,324443,com.android.settings/.FallbackHome,917,917]
02-20 20:10:43.975  1662  1702 I ActivityManager: Displayed com.android.settings/.FallbackHome: +917ms
02-20 20:10:43.980  1662  1695 W KeyguardServiceDelegate: onScreenTurningOn(): no keyguard service!
02-20 20:10:43.989  1662  1702 I WindowManager: Screen frozen for +820ms due to AppWindowToken{aa0b36 token=Token{7a387f8 ActivityRecord{4f35b u0 com.android.settings/.FallbackHome t1}}}
02-20 20:10:43.990  1921  1921 D RILJ    : [3653]> RIL_REQUEST_START_LCE [SUB0]
02-20 20:10:43.992  1376  1480 D RIL     : onRequest: <unknown request>
02-20 20:10:43.992  1921  2022 D RilRequest: [3653]< RIL_REQUEST_START_LCE error: com.android.internal.telephony.CommandException: RADIO_NOT_AVAILABLE ret=
02-20 20:10:44.016  1921  1921 E RIL_ImsSms: getFormat should never be called from here!
02-20 20:10:44.016  1921  1921 D SMSDispatcher: SMSDispatcher: ctor mSmsCapable=true format=unknown mSmsSendDisabled=false
02-20 20:10:44.016  1921  1921 D RIL_ImsSms: ImsSMSDispatcher created
02-20 20:10:44.017  1662  1672 I art     : Background sticky concurrent mark sweep GC freed 29022(2MB) AllocSpace objects, 10(232KB) LOS objects, 9% free, 22MB/24MB, paused 1.593ms total 128.941ms
02-20 20:10:44.018  1921  1921 D SMSDispatcher: SMSDispatcher: ctor mSmsCapable=true format=3gpp2 mSmsSendDisabled=false
02-20 20:10:44.018  1921  1921 D CdmaSMSDispatcher: CdmaSMSDispatcher created
02-20 20:10:44.044  1374  1403 I MediaPlayerService: MediaPlayerService::getOMX
02-20 20:10:44.044  1921  1921 D GsmInboundSmsHandler: created InboundSmsHandler
02-20 20:10:44.047  1662  2032 I OMXClient: MuxOMX ctor
02-20 20:10:44.049  1371  1820 I OMXMaster: makeComponentInstance(OMX.google.vorbis.decoder) in mediacodec process
02-20 20:10:44.069  1662  1750 E ActivityThread: Failed to find provider info for com.android.calendar
02-20 20:10:44.075  1662  1750 E ActivityThread: Failed to find provider info for com.android.calendar
02-20 20:10:44.076  1921  1921 D CdmaInboundSmsHandler: created InboundSmsHandler
02-20 20:10:44.084  1921  1921 D SMSDispatcher: SMSDispatcher: ctor mSmsCapable=true format=3gpp mSmsSendDisabled=false
02-20 20:10:44.084  1921  1921 D GsmSMSDispatcher: GsmSMSDispatcher created
02-20 20:10:44.089  1921  2031 D GsmInboundSmsHandler: StartupState.processMessage:6
02-20 20:10:44.090  1921  2031 D GsmInboundSmsHandler: entering Idle state
02-20 20:10:44.090  1921  2034 D CdmaInboundSmsHandler: StartupState.processMessage:6
02-20 20:10:44.090  1921  2034 D CdmaInboundSmsHandler: entering Idle state
02-20 20:10:44.092  1921  1921 D IccCardProxy: ctor: ci=com.android.internal.telephony.RIL@5c48a2c phoneId=0
02-20 20:10:44.092  1921  1921 D CdmaSSM : subscriptionSource from settings: 0
02-20 20:10:44.092  1921  1921 D CdmaSSM : cdmaSSM constructor: 0
02-20 20:10:44.092  1921  1921 D IccCardProxy: update icc_operator_numeric=
02-20 20:10:44.092  1921  1921 D TelephonyManager: setTelephonyProperty: success phoneId=0 property=gsm.sim.operator.numeric value:  propVal=
02-20 20:10:44.093  1921  1921 D TelephonyManager: setTelephonyProperty: success phoneId=0 property=gsm.sim.operator.iso-country value:  propVal=
02-20 20:10:44.094  1921  1921 D TelephonyManager: setTelephonyProperty: success phoneId=0 property=gsm.sim.operator.alpha value:  propVal=
02-20 20:10:44.094  1921  1921 E IccCardProxy: setExternalState: set mPhoneId=0 mExternalState=NOT_READY
02-20 20:10:44.094  1921  1921 D TelephonyManager: setTelephonyProperty: success phoneId=0 property=gsm.sim.state value: NOT_READY propVal=NOT_READY
02-20 20:10:44.094  1921  1921 D IccCardProxy: broadcastIccStateChangedIntent intent ACTION_SIM_STATE_CHANGED value=NOT_READY reason=null for mPhoneId=0
02-20 20:10:44.110  1921  1921 D RILJ    : setPhoneType=1 old value=0 [SUB0]
02-20 20:10:44.111  1921  1921 D TelephonyManager: setTelephonyProperty: success phoneId=0 property=gsm.current.phone-type value: 1 propVal=1
02-20 20:10:44.112  1921  1921 D IccCardProxy: Setting radio tech UMTS
02-20 20:10:44.112  1921  1921 D IccCardProxy: updateQuietMode: 3GPP subscription -> newQuietMode=false
02-20 20:10:44.112  1921  1921 D IccCardProxy: updateQuietMode: no changes don't setExternalState
02-20 20:10:44.112  1921  1921 D IccCardProxy: updateQuietMode: QuietMode is false (app_type=1 cdmaSource=-1)
02-20 20:10:44.117  1921  1921 W CarrierConfigManager: Error getting config for subId -1 ICarrierConfigLoader is null
02-20 20:10:44.118  1662  1858 D TelephonyRegistry: listen oscl: hasNotifySubscriptionInfoChangedOccurred==false no callback
02-20 20:10:44.121  1921  1921 D TelephonyManager: setTelephonyProperty: success phoneId=0 property=gsm.network.type value: Unknown propVal=Unknown
02-20 20:10:44.123  1921  1921 D RILJ    : [3654]> SIGNAL_STRENGTH [SUB0]
02-20 20:10:44.151  1662  1695 I am_proc_start: [0,2039,10004,com.android.cellbroadcastreceiver,broadcast,com.android.cellbroadcastreceiver/.CellBroadcastReceiver]
02-20 20:10:44.151  1662  1695 I ActivityManager: Start proc 2039:com.android.cellbroadcastreceiver/u0a4 for broadcast com.android.cellbroadcastreceiver/.CellBroadcastReceiver
02-20 20:10:44.151  1376  1480 D RIL     : onRequest: SIGNAL_STRENGTH
02-20 20:10:44.152  1921  2022 D RilRequest: [3654]< SIGNAL_STRENGTH error: com.android.internal.telephony.CommandException: RADIO_NOT_AVAILABLE ret=
02-20 20:10:44.152  1921  1921 D SST     : notifyDataRegStateRilRadioTechnologyChanged: drs=1 rat=0
02-20 20:10:44.153  1921  1921 D TelephonyManager: setTelephonyProperty: success phoneId=0 property=gsm.network.type value: Unknown propVal=Unknown
02-20 20:10:44.158  2039  2039 W art     : Unexpected CPU variant for X86 using defaults: x86_64
02-20 20:10:44.166  1921  1921 D DCT     : [0]DCT.constructor
02-20 20:10:44.173  1662  1962 D TelephonyRegistry: listen oscl: hasNotifySubscriptionInfoChangedOccurred==false no callback
02-20 20:10:44.175  1921  1921 D Dcc     : E ctor
02-20 20:10:44.175  1921  1921 D Dcc     : X ctor
02-20 20:10:44.176  1374  1403 I MediaPlayerService: MediaPlayerService::getOMX
02-20 20:10:44.176  1662  2052 I OMXClient: MuxOMX ctor
02-20 20:10:44.176  1921  1921 D SubscriptionController: [getPhoneId] asked for default subId=-1
02-20 20:10:44.176  1371  1371 I OMXMaster: makeComponentInstance(OMX.google.vorbis.decoder) in mediacodec process
02-20 20:10:44.178  1921  1921 D DcTesterFailBrinupAll: register for intent action=com.android.internal.telephony.dataconnection.action_fail_bringup
02-20 20:10:44.178  1921  1921 D DcTesterFailBrinupAll: register for intent action=com.android.internal.telephony.action_detached
02-20 20:10:44.178  1921  1921 D DcTesterFailBrinupAll: register for intent action=com.android.internal.telephony.action_attached
02-20 20:10:44.179  1921  1921 D SST     : notifyDataRegStateRilRadioTechnologyChanged: drs=1 rat=0
02-20 20:10:44.179  1921  1921 D TelephonyManager: setTelephonyProperty: success phoneId=0 property=gsm.network.type value: Unknown propVal=Unknown
02-20 20:10:44.179  1921  1921 D DCT     : [0]update sub = -2
02-20 20:10:44.179  1921  1921 D DCT     : [0]update(): Active DDS, register for all events now!
02-20 20:10:44.179  1921  1921 D GsmCdmaPhone: [GsmCdmaPhone] updateCurrentCarrierInProvider: mSubId = -2 currentDds = 1 operatorNumeric = null
02-20 20:10:44.180  1921  1921 D DCT     : [0]initApnContexts: E
02-20 20:10:44.180  1921  1921 D DCT     : [0]initApnContexts: skipping unknown type=1
02-20 20:10:44.181  1921  1921 D DCT     : [0]initApnContexts: apnContext={mApnType=default mState=IDLE mWaitingApns={null} mApnSetting={null} mReason=dataEnabled mDataEnabled=false mDependencyMet=true}
02-20 20:10:44.181  1921  1921 D DCT     : [0]initApnContexts: apnContext={mApnType=mms mState=IDLE mWaitingApns={null} mApnSetting={null} mReason=dataEnabled mDataEnabled=false mDependencyMet=true}
02-20 20:10:44.181  1921  1921 D DCT     : [0]initApnContexts: apnContext={mApnType=supl mState=IDLE mWaitingApns={null} mApnSetting={null} mReason=dataEnabled mDataEnabled=false mDependencyMet=true}
02-20 20:10:44.181  1921  1921 D DCT     : [0]initApnContexts: apnContext={mApnType=hipri mState=IDLE mWaitingApns={null} mApnSetting={null} mReason=dataEnabled mDataEnabled=false mDependencyMet=true}
02-20 20:10:44.181  1921  1921 D DCT     : [0]initApnContexts: apnContext={mApnType=fota mState=IDLE mWaitingApns={null} mApnSetting={null} mReason=dataEnabled mDataEnabled=false mDependencyMet=true}
02-20 20:10:44.181  1921  1921 D DCT     : [0]initApnContexts: apnContext={mApnType=ims mState=IDLE mWaitingApns={null} mApnSetting={null} mReason=dataEnabled mDataEnabled=false mDependencyMet=true}
02-20 20:10:44.181  1921  1921 D DCT     : [0]initApnContexts: apnContext={mApnType=cbs mState=IDLE mWaitingApns={null} mApnSetting={null} mReason=dataEnabled mDataEnabled=false mDependencyMet=true}
02-20 20:10:44.181  1921  1921 D DCT     : [0]initApnContexts: skipping unknown type=13
02-20 20:10:44.181  1921  1921 D DCT     : [0]initApnContexts: apnContext={mApnType=ia mState=IDLE mWaitingApns={null} mApnSetting={null} mReason=dataEnabled mDataEnabled=false mDependencyMet=true}
02-20 20:10:44.181  1921  1921 D DCT     : [0]initApnContexts: apnContext={mApnType=emergency mState=IDLE mWaitingApns={null} mApnSetting={null} mReason=dataEnabled mDataEnabled=false mDependencyMet=true}
02-20 20:10:44.182  1662  1692 I am_proc_bound: [0,2039,com.android.cellbroadcastreceiver]
02-20 20:10:44.197  1921  2054 D DcTesterDeacativateAll: register for intent action=com.android.internal.telephony.dataconnection.action_deactivate_all
02-20 20:10:44.197  1921  2054 D DcTesterDeacativateAll: register for intent action=com.android.internal.telephony.action_detached
02-20 20:10:44.198  1921  2054 D Dcc     : DccDefaultState: msg.what=EVENT_RIL_CONNECTED mRilVersion=12
02-20 20:10:44.210  1921  1921 D GsmCdmaPhone: [GsmCdmaPhone] GsmCdmaPhone: constructor: sub = 0
02-20 20:10:44.210  1921  1921 I PhoneFactory: Creating Phone with type = 1 sub = 0
02-20 20:10:44.212  1921  1921 I PhoneFactory: defaultSmsApplication: NONE
02-20 20:10:44.213  1921  1921 I PhoneFactory: Creating SubInfoRecordUpdater 
02-20 20:10:44.213  1921  1921 D SubscriptionInfoUpdater: Constructor invoked
02-20 20:10:44.225  1662  1749 D NotificationSQLiteLog: Pruned event entries: 0
02-20 20:10:44.239  1662  1692 D TelephonyRegistry: listen oscl: hasNotifySubscriptionInfoChangedOccurred==false no callback
02-20 20:10:44.239  1921  1921 D SubscriptionController: [getPhoneId]- no sims, returning default phoneId=2147483647
02-20 20:10:44.240  1662  1693 D TelephonyRegistry: listen oscl: hasNotifySubscriptionInfoChangedOccurred==false no callback
02-20 20:10:44.240  1921  1921 D PhoneSwitcherNetworkRequstListener: Registering NetworkFactory
02-20 20:10:44.227     0     0 D ieee80211 phy1: mac80211_hwsim_configure_filter
02-20 20:10:44.256  1921  1921 D PhoneSwitcher: PhoneSwitcher started
02-20 20:10:44.256  1921  1921 D ProxyController: Constructor - Enter
02-20 20:10:44.257  1921  1921 D ProxyController: clearTransaction
02-20 20:10:44.257  1921  1921 D ProxyController: clearTransaction: phoneId=0 status=IDLE
02-20 20:10:44.257  1921  1921 D ProxyController: Constructor - Exit
02-20 20:10:44.257  1921  1921 D TelephonyNetworkFactory[0]: Registering NetworkFactory
02-20 20:10:44.261  1662  1744 D ConnectivityService: Got NetworkFactory Messenger for PhoneSwitcherNetworkRequstListener
02-20 20:10:44.266  1662  1744 D ConnectivityService: Got NetworkFactory Messenger for TelephonyNetworkFactory[0]
02-20 20:10:44.267  1921  1921 D CallManager: registerPhone(GSM Handler (com.android.internal.telephony.GsmCdmaPhone) {1746eb})
02-20 20:10:44.269  1662  1702 W art     : Long monitor contention with owner Binder:1662_4 (1858) at int com.android.server.wm.WindowManagerService.relayoutWindow(com.android.server.wm.Session, android.view.IWindow, int, android.view.WindowManager$LayoutParams, int, int, int, int, android.graphics.Rect, android.graphics.Rect, android.graphics.Rect, android.graphics.Rect, android.graphics.Rect, android.graphics.Rect, android.graphics.Rect, android.content.res.Configuration, android.view.Surface)(WindowManagerService.java:2857) waiters=1 in void com.android.server.wm.WindowAnimator$1.doFrame(long) for 118ms
02-20 20:10:44.269  1662  1702 I dvm_lock_sample: [system_server,1,android.display,118,WindowAnimator.java,144,WindowManagerService.java,2857,23]
02-20 20:10:44.275  1311  1323 I SurfaceFlinger: Boot is finished (11240 ms)
02-20 20:10:44.275  1311  1323 I sf_stop_bootanim: 13275
02-20 20:10:44.276  2039  2039 W System  : ClassLoader referenced unknown path: /system/priv-app/CellBroadcastReceiver/lib/x86_64
02-20 20:10:44.289  1662  1791 D TelephonyRegistry: listen oscl: hasNotifySubscriptionInfoChangedOccurred==false no callback
02-20 20:10:44.300  1662  1791 I StatusBarManagerService: registerStatusBar bar=com.android.internal.statusbar.IStatusBar$Stub$Proxy@564d110
02-20 20:10:44.320     0     0 I init    : Service 'bootanim' (pid 1334) exited with status 0
02-20 20:10:44.321     0     0 I init    : Starting service 'exec 6 (/system/bin/bootstat)'...
02-20 20:10:44.311  2061  2061 I auditd  : type=1400 audit(0.0:11): avc: denied { getattr } for comm="bootstat" path="/vendor" dev="rootfs" ino=3997 scontext=u:r:bootstat:s0 tcontext=u:object_r:rootfs:s0 tclass=lnk_file permissive=0
02-20 20:10:44.311  2061  2061 W bootstat: type=1400 audit(0.0:11): avc: denied { getattr } for path="/vendor" dev="rootfs" ino=3997 scontext=u:r:bootstat:s0 tcontext=u:object_r:rootfs:s0 tclass=lnk_file permissive=0
02-20 20:10:44.317  1921  1921 D CarrierConfigLoader: CarrierConfigLoader has started
02-20 20:10:44.318  1921  1921 E BluetoothAdapter: Bluetooth binder is null
02-20 20:10:44.318  1662  1858 D TelephonyRegistry: listen oscl: hasNotifySubscriptionInfoChangedOccurred==false no callback
02-20 20:10:44.326  2061  2061 I bootstat: Service started: /system/bin/bootstat --record_boot_complete 
02-20 20:10:44.332  2061  2061 I bootstat: Logging histogram: bootstat_mtime_matches_content 1
02-20 20:10:44.332  2061  2061 I sysui_histogram: [bootstat_mtime_matches_content,1]
02-20 20:10:44.333  2061  2061 I bootstat: Logging histogram: bootstat_mtime_matches_content 1
02-20 20:10:44.333  2061  2061 I sysui_histogram: [bootstat_mtime_matches_content,1]
02-20 20:10:44.333  2061  2061 I bootstat: Logging histogram: bootstat_mtime_matches_content 1
02-20 20:10:44.333  2061  2061 I sysui_histogram: [bootstat_mtime_matches_content,1]
02-20 20:10:44.336  1921  2060 E ActivityThread: Failed to find provider info for com.android.contacts
02-20 20:10:44.336  1921  2060 W CallerInfoCache: cursor is null
02-20 20:10:44.338     0     0 I init    : Service 'exec 6 (/system/bin/bootstat)' (pid 2061) exited with status 0
02-20 20:10:44.341     0     0 I init    : Starting service 'exec 7 (/system/bin/bootstat)'...
02-20 20:10:44.355  2063  2063 I bootstat: Service started: /system/bin/bootstat --record_boot_reason 
02-20 20:10:44.355  2063  2063 I bootstat: Unknown boot reason: 
02-20 20:10:44.361  1311  1311 I sf_frame_dur: [BootAnimation,0,22,202,12,2,0,0]
02-20 20:10:44.377  1921  1921 D RILJ    : [3655]> RIL_REQUEST_SET_TTY_MODE : 0 [SUB0]
02-20 20:10:44.380  1376  1480 D RIL     : onRequest: SET_TTY_MODE
02-20 20:10:44.380  1921  2022 D RilRequest: [3655]< RIL_REQUEST_SET_TTY_MODE error: com.android.internal.telephony.CommandException: RADIO_NOT_AVAILABLE ret=
02-20 20:10:44.383  2064  2064 I bootstat: Service started: /system/bin/bootstat --record_time_since_factory_reset 
02-20 20:10:44.383  2064  2064 I bootstat: Logging histogram: factory_reset_current_time 1519157444
02-20 20:10:44.383  2064  2064 I sysui_histogram: [factory_reset_current_time,1519157444]
02-20 20:10:44.363     0     0 I init    : Service 'exec 7 (/system/bin/bootstat)' (pid 2063) exited with status 0
02-20 20:10:44.365     0     0 I init    : Starting service 'exec 8 (/system/bin/bootstat)'...
02-20 20:10:44.393     0     0 I init    : Service 'exec 8 (/system/bin/bootstat)' (pid 2064) exited with status 0
02-20 20:10:44.341  2063  2063 I auditd  : type=1400 audit(0.0:12): avc: denied { getattr } for comm="bootstat" path="/vendor" dev="rootfs" ino=3997 scontext=u:r:bootstat:s0 tcontext=u:object_r:rootfs:s0 tclass=lnk_file permissive=0
02-20 20:10:44.341  2063  2063 W bootstat: type=1400 audit(0.0:12): avc: denied { getattr } for path="/vendor" dev="rootfs" ino=3997 scontext=u:r:bootstat:s0 tcontext=u:object_r:rootfs:s0 tclass=lnk_file permissive=0
02-20 20:10:44.396     0     0 I init    : Starting service 'exec 9 (/system/bin/bootstat)'...
02-20 20:10:44.406     0     0 I init    : Service 'exec 9 (/system/bin/bootstat)' (pid 2065) exited with status 0
02-20 20:10:44.384  1921  1921 I Telephony: TtyManager: updateUiTtyMode -1 -> 0
02-20 20:10:44.384  2064  2064 I bootstat: Logging histogram: bootstat_mtime_matches_content 1
02-20 20:10:44.384  2064  2064 I sysui_histogram: [bootstat_mtime_matches_content,1]
02-20 20:10:44.384  2064  2064 I bootstat: Logging histogram: factory_reset_record_value 1519154248
02-20 20:10:44.384  2064  2064 I sysui_histogram: [factory_reset_record_value,1519154248]
02-20 20:10:44.402  1662  1962 D TelephonyRegistry: listen oscl: hasNotifySubscriptionInfoChangedOccurred==false no callback
02-20 20:10:44.403  1921  1921 D SubscriptionController: [getPhoneId] asked for default subId=-1
02-20 20:10:44.404  2065  2065 I bootstat: Service started: /system/bin/bootstat -l 
02-20 20:10:44.404  2065  2065 I bootstat: Logging histogram: bootstat_mtime_matches_content 1
02-20 20:10:44.404  2065  2065 I sysui_histogram: [bootstat_mtime_matches_content,1]
02-20 20:10:44.404  2065  2065 I bootstat: Logging histogram: bootstat_mtime_matches_content 1
02-20 20:10:44.404  2065  2065 I sysui_histogram: [bootstat_mtime_matches_content,1]
02-20 20:10:44.404  2065  2065 I bootstat: Logging histogram: bootstat_mtime_matches_content 1
02-20 20:10:44.404  2065  2065 I sysui_histogram: [bootstat_mtime_matches_content,1]
02-20 20:10:44.404  2065  2065 I bootstat: Logging histogram: bootstat_mtime_matches_content 1
02-20 20:10:44.404  2065  2065 I sysui_histogram: [bootstat_mtime_matches_content,1]
02-20 20:10:44.405  2065  2065 I bootstat: Logging histogram: bootstat_mtime_matches_content 1
02-20 20:10:44.405  2065  2065 I sysui_histogram: [bootstat_mtime_matches_content,1]
02-20 20:10:44.405  2065  2065 I bootstat: Logging histogram: bootstat_mtime_matches_content 1
02-20 20:10:44.405  2065  2065 I sysui_histogram: [bootstat_mtime_matches_content,1]
02-20 20:10:44.405  2065  2065 I bootstat: Logging histogram: bootstat_mtime_matches_content 1
02-20 20:10:44.405  2065  2065 I sysui_histogram: [bootstat_mtime_matches_content,1]
02-20 20:10:44.405  2065  2065 I bootstat: Logging histogram: bootstat_mtime_matches_content 1
02-20 20:10:44.405  2065  2065 I sysui_histogram: [bootstat_mtime_matches_content,1]
02-20 20:10:44.405  2065  2065 I bootstat: Logging histogram: bootstat_mtime_matches_content 1
02-20 20:10:44.405  2065  2065 I sysui_histogram: [bootstat_mtime_matches_content,1]
02-20 20:10:44.405  2065  2065 I bootstat: Logging histogram: bootstat_mtime_matches_content 1
02-20 20:10:44.405  2065  2065 I sysui_histogram: [bootstat_mtime_matches_content,1]
02-20 20:10:44.405  2065  2065 I bootstat: Logging histogram: bootstat_mtime_matches_content 1
02-20 20:10:44.405  2065  2065 I sysui_histogram: [bootstat_mtime_matches_content,1]
02-20 20:10:44.405  2065  2065 I bootstat: Logging histogram: bootstat_mtime_matches_content 1
02-20 20:10:44.405  2065  2065 I sysui_histogram: [bootstat_mtime_matches_content,1]
02-20 20:10:44.405  2065  2065 I bootstat: Logging histogram: bootstat_mtime_matches_content 1
02-20 20:10:44.405  2065  2065 I sysui_histogram: [bootstat_mtime_matches_content,1]
02-20 20:10:44.406  2065  2065 I bootstat: Logging histogram: bootstat_mtime_matches_content 1
02-20 20:10:44.406  2065  2065 I sysui_histogram: [bootstat_mtime_matches_content,1]
02-20 20:10:44.406  2065  2065 I bootstat: Logging histogram: post_decrypt_time_elapsed 2
02-20 20:10:44.406  2065  2065 I sysui_histogram: [post_decrypt_time_elapsed,2]
02-20 20:10:44.406  2065  2065 I bootstat: Logging histogram: last_boot_time_utc 1519157444
02-20 20:10:44.406  2065  2065 I sysui_histogram: [last_boot_time_utc,1519157444]
02-20 20:10:44.406  2065  2065 I bootstat: Logging histogram: build_date 1513095943
02-20 20:10:44.406  2065  2065 I sysui_histogram: [build_date,1513095943]
02-20 20:10:44.406  2065  2065 I bootstat: Logging histogram: boot_decryption_complete 13
02-20 20:10:44.406  2065  2065 I sysui_histogram: [boot_decryption_complete,13]
02-20 20:10:44.406  2065  2065 I bootstat: Logging histogram: ota_boot_complete_post_decrypt 7
02-20 20:10:44.406  2065  2065 I sysui_histogram: [ota_boot_complete_post_decrypt,7]
02-20 20:10:44.406  2065  2065 I bootstat: Logging histogram: ota_boot_complete 9
02-20 20:10:44.406  2065  2065 I sysui_histogram: [ota_boot_complete,9]
02-20 20:10:44.406  2065  2065 I bootstat: Logging histogram: boot_reason 1
02-20 20:10:44.406  2065  2065 I sysui_histogram: [boot_reason,1]
02-20 20:10:44.406  2065  2065 I bootstat: Logging histogram: factory_reset_current_time 1519157444
02-20 20:10:44.406  2065  2065 I sysui_histogram: [factory_reset_current_time,1519157444]
02-20 20:10:44.406  2065  2065 I bootstat: Logging histogram: factory_reset 1519154248
02-20 20:10:44.406  2065  2065 I sysui_histogram: [factory_reset,1519154248]
02-20 20:10:44.406  2065  2065 I bootstat: Logging histogram: time_since_last_boot 74
02-20 20:10:44.406  2065  2065 I sysui_histogram: [time_since_last_boot,74]
02-20 20:10:44.406  2065  2065 I bootstat: Logging histogram: boot_complete_post_decrypt 11
02-20 20:10:44.406  2065  2065 I sysui_histogram: [boot_complete_post_decrypt,11]
02-20 20:10:44.406  2065  2065 I bootstat: Logging histogram: boot_complete 13
02-20 20:10:44.406  2065  2065 I sysui_histogram: [boot_complete,13]
02-20 20:10:44.406  2065  2065 I bootstat: Logging histogram: factory_reset_record_value 1519154248
02-20 20:10:44.406  2065  2065 I sysui_histogram: [factory_reset_record_value,1519154248]
02-20 20:10:44.406  2065  2065 I bootstat: Logging histogram: time_since_factory_reset 3196
02-20 20:10:44.406  2065  2065 I sysui_histogram: [time_since_factory_reset,3196]
02-20 20:10:44.406  1921  1921 D UiccController: Received EVENT_ICC_STATUS_CHANGED, calling getIccCardStatus
02-20 20:10:44.406  1921  1921 D RILJ    : [3656]> GET_SIM_STATUS [SUB0]
02-20 20:10:44.407  1921  1921 D Phone   : config LCE service failed: com.android.internal.telephony.CommandException: RADIO_NOT_AVAILABLE
02-20 20:10:44.407  1921  1921 D GsmSMSDispatcher: GsmSMSDispatcher: subId = -2 slotId = 0
02-20 20:10:44.407  1921  1921 E IccCardProxy: setExternalState: !override and newstate unchanged from NOT_READY
02-20 20:10:44.407  1921  1921 D RILJ    : [3657]> BASEBAND_VERSION [SUB0]
02-20 20:10:44.407  1376  1480 D RIL     : onRequest: GET_SIM_STATUS
02-20 20:10:44.407  1376  1480 D RIL     : getSIMStatus(). sState: 0
02-20 20:10:44.408  1921  2022 D RILJ    : [3656]< GET_SIM_STATUS IccCardState {CARDSTATE_PRESENT,PINSTATE_UNKNOWN,num_apps=2,gsm_id=0{APPTYPE_SIM,APPSTATE_DETECTED},cdma_id=1{APPTYPE_RUIM,APPSTATE_DETECTED},ims_id=8} [SUB0]
02-20 20:10:44.409  1376  1480 D RIL     : onRequest: BASEBAND_VERSION
02-20 20:10:44.409  1921  2022 D RilRequest: [3657]< BASEBAND_VERSION error: com.android.internal.telephony.CommandException: RADIO_NOT_AVAILABLE ret=
02-20 20:10:44.409  1921  1921 D RILJ    : [3658]> GET_IMEI [SUB0]
02-20 20:10:44.410  1376  1480 D RIL     : onRequest: GET_IMEI
02-20 20:10:44.410  1376  1480 D AT      : AT> AT+CGSN
02-20 20:10:44.410  1376  1483 D AT      : AT< 000000000000000
02-20 20:10:44.410  1376  1483 D AT      : AT< OK
02-20 20:10:44.410  1921  2022 D RILJ    : [3658]< GET_IMEI  [SUB0]
02-20 20:10:44.410  1921  1921 D RILJ    : [3659]> GET_IMEISV [SUB0]
02-20 20:10:44.371  2064  2064 I auditd  : type=1400 audit(0.0:13): avc: denied { getattr } for comm="bootstat" path="/vendor" dev="rootfs" ino=3997 scontext=u:r:bootstat:s0 tcontext=u:object_r:rootfs:s0 tclass=lnk_file permissive=0
02-20 20:10:44.371  2064  2064 W bootstat: type=1400 audit(0.0:13): avc: denied { getattr } for path="/vendor" dev="rootfs" ino=3997 scontext=u:r:bootstat:s0 tcontext=u:object_r:rootfs:s0 tclass=lnk_file permissive=0
02-20 20:10:44.411  1376  1480 D RIL     : onRequest: GET_IMEISV
02-20 20:10:44.413  1921  2022 D RilRequest: [3659]< GET_IMEISV error: com.android.internal.telephony.CommandException: RADIO_NOT_AVAILABLE ret=
02-20 20:10:44.413  1921  1921 D RILJ    : [3660]> RIL_REQUEST_GET_RADIO_CAPABILITY [SUB0]
02-20 20:10:44.414  1376  1480 D RIL     : onRequest: RIL_REQUEST_GET_RADIO_CAPABILITY
02-20 20:10:44.414  1921  1921 D RILJ    : [3661]> RIL_REQUEST_START_LCE [SUB0]
02-20 20:10:44.415  1376  1480 D RIL     : onRequest: <unknown request>
02-20 20:10:44.415  1921  1921 D GsmCdmaPhone: [GsmCdmaPhone] Event EVENT_RADIO_OFF_OR_NOT_AVAILABLE Received
02-20 20:10:44.415  1921  1921 E IccCardProxy: setExternalState: !override and newstate unchanged from NOT_READY
02-20 20:10:44.415  1921  1921 D SST     : mDeviceShuttingDown=false, mDesiredPowerState=true, getRadioState=RADIO_OFF, mPowerOffDelayNeed=true, mAlarmSwitch=false, mRadioDisabledByCarrier=false
02-20 20:10:44.415  1921  1921 D RILJ    : [3662]> RADIO_POWER on [SUB0]
02-20 20:10:44.415  1376  1480 D RIL     : onRequest: RADIO_POWER
02-20 20:10:44.415  1376  1480 D AT      : AT> AT+CFUN=1
02-20 20:10:44.416  1376  1483 D AT      : AT< OK
02-20 20:10:44.416  1376  1480 D RIL     : setRadioState(10)
02-20 20:10:44.416  1921  1921 D RILJ    : [3663]> OPERATOR [SUB0]
02-20 20:10:44.416  1376  1480 D RIL     : onRequest: OPERATOR
02-20 20:10:44.416  1376  1480 D AT      : AT> AT+COPS=3,0;+COPS?;+COPS=3,1;+COPS?;+COPS=3,2;+COPS?
02-20 20:10:44.417  1376  1483 D AT      : AT< +COPS: 0,0,"Android"
02-20 20:10:44.417  1376  1483 D AT      : AT< +COPS: 0,1,"Android"
02-20 20:10:44.417  1376  1483 D AT      : AT< +COPS: 0,2,"310260"
02-20 20:10:44.417  1376  1483 D AT      : AT< OK
02-20 20:10:44.416  1921  1921 D RILJ    : [3664]> DATA_REGISTRATION_STATE [SUB0]
02-20 20:10:44.417  1376  1480 D RIL     : onRequest: DATA_REGISTRATION_STATE
02-20 20:10:44.417  1376  1480 D RIL     : requestRegistrationState
02-20 20:10:44.417  1376  1480 D AT      : AT> AT+CGREG?
02-20 20:10:44.417  1921  1921 D RILJ    : [3665]> VOICE_REGISTRATION_STATE [SUB0]
02-20 20:10:44.418  1921  1921 D RILJ    : [3666]> QUERY_NETWORK_SELECTION_MODE [SUB0]
02-20 20:10:44.418  1376  1483 D AT      : AT< +CGREG: 1,1,"0003","005b","000e"
02-20 20:10:44.418  1376  1483 D AT      : AT< OK
02-20 20:10:44.418  1376  1480 D RIL     : parseRegistrationState. Parsing: +CGREG: 1,1,"0003","005b","000e"
02-20 20:10:44.418  1376  1480 D RIL     : registration state type: 3GPP
02-20 20:10:44.418  1376  1480 D RIL     : onRequest: VOICE_REGISTRATION_STATE
02-20 20:10:44.418  1376  1480 D RIL     : requestRegistrationState
02-20 20:10:44.418  1376  1480 D AT      : AT> AT+CREG?
02-20 20:10:44.428  1921  2022 D RilRequest: [3660]< RIL_REQUEST_GET_RADIO_CAPABILITY error: com.android.internal.telephony.CommandException: RADIO_NOT_AVAILABLE ret=
02-20 20:10:44.428  1921  2022 D RilRequest: [3661]< RIL_REQUEST_START_LCE error: com.android.internal.telephony.CommandException: RADIO_NOT_AVAILABLE ret=
02-20 20:10:44.429  1921  2022 D RILJ    : [UNSL]< UNSOL_RESPONSE_RADIO_STATE_CHANGED RADIO_ON [SUB0]
02-20 20:10:44.429  1921  2022 D RILJ    : [UNSL]< UNSOL_RESPONSE_SIM_STATUS_CHANGED [SUB0]
02-20 20:10:44.429  1921  2022 D RILJ    : [3662]< RADIO_POWER  [SUB0]
02-20 20:10:44.429  1921  2022 D RILJ    : [3663]< OPERATOR {Android, Android, 310260} [SUB0]
02-20 20:10:44.429  1921  2022 D RILJ    : [3664]< DATA_REGISTRATION_STATE {1, 3, 5b, 14, null, null} [SUB0]
02-20 20:10:44.429  1376  1483 D AT      : AT< +CREG: 2,1, "0003", "005b"
02-20 20:10:44.429  1376  1483 D AT      : AT< OK
02-20 20:10:44.429  1376  1480 D RIL     : parseRegistrationState. Parsing: +CREG: 2,1, "0003", "005b"
02-20 20:10:44.429  1376  1480 D RIL     : registration state type: 3GPP
02-20 20:10:44.429  1921  2022 D RILJ    : [3665]< VOICE_REGISTRATION_STATE {1, 3, 5b, 0, null, null, null, null, null, null, null, null, null, null, null} [SUB0]
02-20 20:10:44.430  1376  1480 D RIL     : onRequest: QUERY_NETWORK_SELECTION_MODE
02-20 20:10:44.430  1376  1480 D AT      : AT> AT+COPS?
02-20 20:10:44.430  1921  1921 D SST     : NITZ: 18/02/20:20:10:36+0:0:Unknown!Unknown,4564 start=13430 delay=8866
02-20 20:10:44.431  1376  1483 D AT      : AT< +COPS: 0,2,310260
02-20 20:10:44.431  1376  1483 D AT      : AT< OK
02-20 20:10:44.431  1921  2022 D RILJ    : [3666]< QUERY_NETWORK_SELECTION_MODE {0} [SUB0]
02-20 20:10:44.431  1921  1921 D SST     : NITZ: tzOffset=0 dst=0 zone=GMT iso= mGotCountryCode=false mNeedFixZoneAfterNitz=false
02-20 20:10:44.434  1921  1921 D SST     : setAndBroadcastNetworkSetTimeZone: setTimeZone=GMT
02-20 20:10:44.434  1662  1962 D AlarmManagerService: Kernel timezone updated to 0 minutes west of GMT
02-20 20:10:44.434  1921  1921 D SST     : setAndBroadcastNetworkSetTimeZone: call alarm.setTimeZone and broadcast zoneId=GMT
02-20 20:10:44.445  1921  1921 D SST     : NITZ: Setting time of day to Tue Feb 20 20:10:44 GMT+00:00 2018 NITZ receive delay(ms): 8881 gained(ms): 436 from 18/02/20:20:10:36+0:0:Unknown!Unknown
02-20 20:10:44.445  1921  1921 D SST     : setAndBroadcastNetworkSetTime: time=1519157444881ms
02-20 20:10:44.452  1662  1962 D AlarmManagerService: Setting time of day to sec=1519157444
02-20 20:10:44.881  1662  1962 W AlarmManagerService: Unable to set rtc to 1519157444: No such device
02-20 20:10:44.885  1662  1662 D ConditionProviders.SCP: onReceive android.intent.action.TIME_SET
02-20 20:10:44.885  1662  1662 D ConditionProviders.SCP: notifyCondition condition://android/schedule?days=6.7&start=23.30&end=10.0&exitAtAlarm=false STATE_FALSE reason=!meetsSchedule
02-20 20:10:44.885  1662  1662 D ConditionProviders.SCP: notifyCondition condition://android/schedule?days=1.2.3.4.5&start=22.0&end=7.0&exitAtAlarm=false STATE_FALSE reason=!meetsSchedule
02-20 20:10:44.886  1662  1662 D ConditionProviders.SCP: Scheduling evaluate for Tue Feb 20 22:00:00 GMT+00:00 2018 (1519164000000), in +1h49m15s115ms, now=Tue Feb 20 20:10:44 GMT+00:00 2018 (1519157444885)
02-20 20:10:44.895  1662  1702 I wm_boot_animation_done: 13466
02-20 20:10:44.900  1662  1702 I SystemServiceManager: Starting phase 1000
02-20 20:10:44.903  1662  1750 E ActivityThread: Failed to find provider info for com.android.calendar
02-20 20:10:44.908  1921  1921 I SST     : NITZ: after Setting time of day
02-20 20:10:44.908  1921  1921 D SST     : NITZ: end=13479 dur=49
02-20 20:10:44.908  1921  1921 D SST     : onSignalStrengthResult() Exception from RIL : com.android.internal.telephony.CommandException: RADIO_NOT_AVAILABLE
02-20 20:10:44.391  2065  2065 I auditd  : type=1400 audit(0.0:14): avc: denied { getattr } for comm="bootstat" path="/vendor" dev="rootfs" ino=3997 scontext=u:r:bootstat:s0 tcontext=u:object_r:rootfs:s0 tclass=lnk_file permissive=0
02-20 20:10:44.391  2065  2065 W bootstat: type=1400 audit(0.0:14): avc: denied { getattr } for path="/vendor" dev="rootfs" ino=3997 scontext=u:r:bootstat:s0 tcontext=u:object_r:rootfs:s0 tclass=lnk_file permissive=0
02-20 20:10:44.926  2066  2066 W art     : Unexpected CPU variant for X86 using defaults: x86_64
02-20 20:10:44.499     0     0 I init    : write_file: Unable to open '/sys/class/android_usb/android0/enable': No such file or directory
02-20 20:10:44.506     0     0 I init    : write_file: Unable to open '/sys/class/android_usb/android0/idVendor': No such file or directory
02-20 20:10:44.507     0     0 I init    : write_file: Unable to open '/sys/class/android_usb/android0/idProduct': No such file or directory
02-20 20:10:44.509     0     0 I init    : write_file: Unable to open '/sys/class/android_usb/android0/functions': No such file or directory
02-20 20:10:44.510     0     0 I init    : write_file: Unable to open '/sys/class/android_usb/android0/enable': No such file or directory
02-20 20:10:44.928  1662  1702 I am_proc_start: [0,2066,10015,com.google.android.ext.services,on-hold,]
02-20 20:10:44.928  1662  1702 I ActivityManager: Start proc 2066:com.google.android.ext.services/u0a15 for on-hold
02-20 20:10:44.934  1662  1702 D ActivityManager: Finishing user boot 0
02-20 20:10:44.934  1662  1702 I sysui_histogram: [framework_locked_boot_completed,13]
02-20 20:10:44.934  1662  1702 D CryptdConnector: SND -> {3 cryptfs prepare_user_storage ! 0 0 2}
02-20 20:10:44.935  1267  1303 D vold    : e4crypt_prepare_user_storage for volume null, user 0, serial 0, flags 2
02-20 20:10:44.935  1267  1303 D vold    : Preparing: /data/system_ce/0
02-20 20:10:44.935  1267  1303 D vold    : Preparing: /data/misc_ce/0
02-20 20:10:44.935  1267  1303 D vold    : Preparing: /data/media/0
02-20 20:10:44.935  1267  1303 D vold    : Preparing: /data/data
02-20 20:10:44.945  1662  1731 D CryptdConnector: RCV <- {200 3 Command succeeded}
02-20 20:10:44.953  1662  1702 V UserManagerService: Found /data/user/0 with serial number 0
02-20 20:10:44.953  1662  1702 V UserManagerService: Found /data/system_ce/0 with serial number 0
02-20 20:10:44.960  1662  1702 V PackageManager: reconcileAppsData for null u0 0x2
02-20 20:10:45.032  1662  1694 I SyncManager: Got SyncJobService instance.
02-20 20:10:45.032  1662  1662 I FusedLocation: engine started (com.android.location.fused)
02-20 20:10:45.033  1921  1949 D SubscriptionController: [getPhoneId]- no sims, returning default phoneId=2147483647
02-20 20:10:45.050  1662  1702 V PackageManager: reconcileAppsData finished 100 packages
02-20 20:10:45.058  2085  2085 W art     : Unexpected CPU variant for X86 using defaults: x86_64
02-20 20:10:45.062  1662  1750 I am_proc_start: [0,2085,10002,com.android.providers.calendar,content provider,com.android.providers.calendar/.CalendarProvider2]
02-20 20:10:45.063  1662  1750 I ActivityManager: Start proc 2085:com.android.providers.calendar/u0a2 for content provider com.android.providers.calendar/.CalendarProvider2
02-20 20:10:45.064  1662  1695 D MountService: onUnlockUser 0
02-20 20:10:45.064  1662  1695 D VoldConnector: SND -> {7 volume user_started 0}
02-20 20:10:45.065  1921  1921 D SST     : mDeviceShuttingDown=false, mDesiredPowerState=true, getRadioState=RADIO_ON, mPowerOffDelayNeed=true, mAlarmSwitch=false, mRadioDisabledByCarrier=false
02-20 20:10:45.065  1921  1921 D RILJ    : [3667]> OPERATOR [SUB0]
02-20 20:10:45.065  1267  1302 D vold    : Linking /storage/emulated/0 to /mnt/user/0/primary
02-20 20:10:45.065  1662  1730 D VoldConnector: RCV <- {200 7 Command succeeded}
02-20 20:10:45.066  1921  1921 D RILJ    : [3668]> DATA_REGISTRATION_STATE [SUB0]
02-20 20:10:45.066  1376  1480 D RIL     : onRequest: OPERATOR
02-20 20:10:45.066  1376  1480 D AT      : AT> AT+COPS=3,0;+COPS?;+COPS=3,1;+COPS?;+COPS=3,2;+COPS?
02-20 20:10:45.066  1921  1921 D RILJ    : [3669]> VOICE_REGISTRATION_STATE [SUB0]
02-20 20:10:45.066  1662  1729 D MountService: Volume public:253,64 broadcasting mounted to UserHandle{0}
02-20 20:10:45.067  1921  1921 D RILJ    : [3670]> QUERY_NETWORK_SELECTION_MODE [SUB0]
02-20 20:10:45.067  1921  1921 D DCT     : [0]NETWORK_STATE_CHANGED_ACTION: mIsWifiConnected=false
02-20 20:10:45.067  1921  1921 D DCT     : [0]Wifi state changed
02-20 20:10:45.067  1921  1921 D DCT     : [0]WIFI_STATE_CHANGED_ACTION: enabled=true mIsWifiConnected=false
02-20 20:10:45.067  1921  1921 D DCT     : [0]onRadioAvailable
02-20 20:10:45.067  1921  1921 D DCT     : [0]onRadioOffOrNotAvailable: is off and clean up all connections
02-20 20:10:45.067  1921  1921 D DCT     : [0]cleanUpAllConnections: tearDown=false reason=radioTurnedOff
02-20 20:10:45.067  1921  1921 D GsmCdmaPhone: [GsmCdmaPhone] getDataConnectionState apnType=default ret=DISCONNECTED
02-20 20:10:45.071  1376  1483 D AT      : AT< +COPS: 0,0,"Android"
02-20 20:10:45.071  1376  1483 D AT      : AT< +COPS: 0,1,"Android"
02-20 20:10:45.071  1376  1483 D AT      : AT< +COPS: 0,2,"310260"
02-20 20:10:45.071  1376  1483 D AT      : AT< OK
02-20 20:10:45.074  1662  1791 I am_proc_bound: [0,2066,com.google.android.ext.services]
02-20 20:10:45.074  1376  1480 D RIL     : onRequest: DATA_REGISTRATION_STATE
02-20 20:10:45.074  1376  1480 D RIL     : requestRegistrationState
02-20 20:10:45.074  1376  1480 D AT      : AT> AT+CGREG?
02-20 20:10:45.075  1921  2022 D RILJ    : [3667]< OPERATOR {Android, Android, 310260} [SUB0]
02-20 20:10:45.076  1376  1483 D AT      : AT< +CGREG: 1,1,"0003","005b","000e"
02-20 20:10:45.076  1376  1483 D AT      : AT< OK
02-20 20:10:45.076  1376  1480 D RIL     : parseRegistrationState. Parsing: +CGREG: 1,1,"0003","005b","000e"
02-20 20:10:45.076  1376  1480 D RIL     : registration state type: 3GPP
02-20 20:10:45.077  1921  2022 D RILJ    : [3668]< DATA_REGISTRATION_STATE {1, 3, 5b, 14, null, null} [SUB0]
02-20 20:10:45.077  1376  1480 D RIL     : onRequest: VOICE_REGISTRATION_STATE
02-20 20:10:45.077  1376  1480 D RIL     : requestRegistrationState
02-20 20:10:45.077  1376  1480 D AT      : AT> AT+CREG?
02-20 20:10:45.077  1376  1483 D AT      : AT< +CREG: 2,1, "0003", "005b"
02-20 20:10:45.077  1376  1483 D AT      : AT< OK
02-20 20:10:45.077  1376  1480 D RIL     : parseRegistrationState. Parsing: +CREG: 2,1, "0003", "005b"
02-20 20:10:45.077  1376  1480 D RIL     : registration state type: 3GPP
02-20 20:10:45.077  1921  2022 D RILJ    : [3669]< VOICE_REGISTRATION_STATE {1, 3, 5b, 0, null, null, null, null, null, null, null, null, null, null, null} [SUB0]
02-20 20:10:45.077  1376  1480 D RIL     : onRequest: QUERY_NETWORK_SELECTION_MODE
02-20 20:10:45.077  1376  1480 D AT      : AT> AT+COPS?
02-20 20:10:45.077  1376  1483 D AT      : AT< +COPS: 0,2,310260
02-20 20:10:45.077  1376  1483 D AT      : AT< OK
02-20 20:10:45.077  1921  2022 D RILJ    : [3670]< QUERY_NETWORK_SELECTION_MODE {0} [SUB0]
02-20 20:10:45.080  1662  1729 D MountService: Volume emulated broadcasting mounted to UserHandle{0}
02-20 20:10:45.080  1921  1921 D DCT     : [0]cleanUpConnection: X tearDown=false reason=radioTurnedOff apnContext={mApnType=default mState=IDLE mWaitingApns={null} mApnSetting={null} mReason=radioTurnedOff mDataEnabled=false mDependencyMet=true} dcac=null
02-20 20:10:45.080  1921  1921 D GsmCdmaPhone: [GsmCdmaPhone] getDataConnectionState apnType=mms ret=DISCONNECTED
02-20 20:10:45.083  1921  1921 D DCT     : [0]cleanUpConnection: X tearDown=false reason=radioTurnedOff apnContext={mApnType=mms mState=IDLE mWaitingApns={null} mApnSetting={null} mReason=radioTurnedOff mDataEnabled=false mDependencyMet=true} dcac=null
02-20 20:10:45.083  1921  1921 D GsmCdmaPhone: [GsmCdmaPhone] getDataConnectionState apnType=cbs ret=DISCONNECTED
02-20 20:10:45.094  1662  1962 I am_proc_bound: [0,2085,com.android.providers.calendar]
02-20 20:10:45.096  1921  1921 D DCT     : [0]cleanUpConnection: X tearDown=false reason=radioTurnedOff apnContext={mApnType=cbs mState=IDLE mWaitingApns={null} mApnSetting={null} mReason=radioTurnedOff mDataEnabled=false mDependencyMet=true} dcac=null
02-20 20:10:45.097  1921  1921 D GsmCdmaPhone: [GsmCdmaPhone] getDataConnectionState apnType=fota ret=DISCONNECTED
02-20 20:10:45.099  1921  1921 D DCT     : [0]cleanUpConnection: X tearDown=false reason=radioTurnedOff apnContext={mApnType=fota mState=IDLE mWaitingApns={null} mApnSetting={null} mReason=radioTurnedOff mDataEnabled=false mDependencyMet=true} dcac=null
02-20 20:10:45.099  1921  1921 D GsmCdmaPhone: [GsmCdmaPhone] getDataConnectionState apnType=supl ret=DISCONNECTED
02-20 20:10:45.100  1921  1921 D DCT     : [0]cleanUpConnection: X tearDown=false reason=radioTurnedOff apnContext={mApnType=supl mState=IDLE mWaitingApns={null} mApnSetting={null} mReason=radioTurnedOff mDataEnabled=false mDependencyMet=true} dcac=null
02-20 20:10:45.100  1921  1921 D GsmCdmaPhone: [GsmCdmaPhone] getDataConnectionState apnType=ia ret=DISCONNECTED
02-20 20:10:45.100  1921  1921 D DCT     : [0]cleanUpConnection: X tearDown=false reason=radioTurnedOff apnContext={mApnType=ia mState=IDLE mWaitingApns={null} mApnSetting={null} mReason=radioTurnedOff mDataEnabled=false mDependencyMet=true} dcac=null
02-20 20:10:45.100  1921  1921 D GsmCdmaPhone: [GsmCdmaPhone] getDataConnectionState apnType=emergency ret=DISCONNECTED
02-20 20:10:45.101  1921  1921 D DCT     : [0]cleanUpConnection: X tearDown=false reason=radioTurnedOff apnContext={mApnType=emergency mState=IDLE mWaitingApns={null} mApnSetting={null} mReason=radioTurnedOff mDataEnabled=false mDependencyMet=true} dcac=null
02-20 20:10:45.101  1921  1921 D GsmCdmaPhone: [GsmCdmaPhone] getDataConnectionState apnType=hipri ret=DISCONNECTED
02-20 20:10:45.101  1921  1921 D DCT     : [0]cleanUpConnection: X tearDown=false reason=radioTurnedOff apnContext={mApnType=hipri mState=IDLE mWaitingApns={null} mApnSetting={null} mReason=radioTurnedOff mDataEnabled=false mDependencyMet=true} dcac=null
02-20 20:10:45.101  1921  1921 D GsmCdmaPhone: [GsmCdmaPhone] getDataConnectionState apnType=ims ret=DISCONNECTED
02-20 20:10:45.102  1921  1921 D DCT     : [0]cleanUpConnection: X tearDown=false reason=radioTurnedOff apnContext={mApnType=ims mState=IDLE mWaitingApns={null} mApnSetting={null} mReason=radioTurnedOff mDataEnabled=false mDependencyMet=true} dcac=null
02-20 20:10:45.102  1921  1921 D DCT     : [0]stopNetStatPoll
02-20 20:10:45.102  1921  1921 D DCT     : [0]cleanUpConnection: mDisconnectPendingCount = 0
02-20 20:10:45.103  1921  1921 D DCT     : [0]isDataAllowed: No - SIM not loaded - Not attached
02-20 20:10:45.108  1921  1921 D DCT     : [0]onDataConnectionDetached: stop polling and notify detached
02-20 20:10:45.108  1921  1921 D DCT     : [0]stopNetStatPoll
02-20 20:10:45.108  1921  1921 D DCT     : [0]notifyDataConnection: reason=dataDetached
02-20 20:10:45.108  1921  1921 D DCT     : [0]isDataAllowed: No - SIM not loaded - Not attached
02-20 20:10:45.117  1921  1921 D DCT     : [0]onRoamingOff
02-20 20:10:45.117  1921  1921 D DCT     : [0]isDataAllowed: No - SIM not loaded - Not attached
02-20 20:10:45.144  1921  1921 D DCT     : [0]setupDataOnConnectableApns: roamingOff hipri:[state=IDLE,enabled=false] mms:[state=IDLE,enabled=false] supl:[state=IDLE,enabled=false] ia:[state=IDLE,enabled=false] fota:[state=IDLE,enabled=false] ims:[state=IDLE,enabled=false] cbs:[state=IDLE,enabled=false] default:[state=IDLE,enabled=false] emergency:[state=IDLE,enabled=false] 
02-20 20:10:45.144  1921  1921 D DCT     : [0]setupDataOnConnectableApns: nwTypeChanged hipri:[state=IDLE,enabled=false] mms:[state=IDLE,enabled=false] supl:[state=IDLE,enabled=false] ia:[state=IDLE,enabled=false] fota:[state=IDLE,enabled=false] ims:[state=IDLE,enabled=false] cbs:[state=IDLE,enabled=false] default:[state=IDLE,enabled=false] emergency:[state=IDLE,enabled=false] 
02-20 20:10:45.144  1921  1921 D SubscriptionInfoUpdater: [Receiver]+
02-20 20:10:45.144  1921  1921 D SubscriptionInfoUpdater: Action: android.intent.action.SIM_STATE_CHANGED
02-20 20:10:45.144  1921  1921 D SubscriptionInfoUpdater: slotId: 0
02-20 20:10:45.144  1921  1921 D SubscriptionInfoUpdater: simStatus: NOT_READY
02-20 20:10:45.144  1921  1921 D SubscriptionInfoUpdater: Ignoring simStatus: NOT_READY
02-20 20:10:45.144  1921  1921 D SubscriptionInfoUpdater: [Receiver]-
02-20 20:10:45.144  1921  1921 D TelephonyNetworkFactory[0]: onSubIdChange -1->-2
02-20 20:10:45.144  1921  1921 D PhoneSwitcherNetworkRequstListener: got request NetworkRequest [ REQUEST id=1, [ Capabilities: INTERNET&NOT_RESTRICTED&TRUSTED&NOT_VPN] ] with score 0
02-20 20:10:45.149  1921  1921 D DebugService: DebugService DebugService:
02-20 20:10:45.149  1921  1921 D TelephonyDebugService: TelephonyDebugService()
02-20 20:10:45.149  1921  1921 D TelephonyNetworkFactory[0]: got request NetworkRequest [ REQUEST id=1, [ Capabilities: INTERNET&NOT_RESTRICTED&TRUSTED&NOT_VPN] ] with score 0
02-20 20:10:45.150  1662  1695 V BackupManagerService: No ancestral data
02-20 20:10:45.151  1921  1921 D CarrierConfigLoader: mHandler: 12 phoneId: 0
02-20 20:10:45.155  1921  1921 D RILJ    : [3671]> RIL_REQUEST_QUERY_TTY_MODE [SUB0]
02-20 20:10:45.155  1921  1921 D UiccController: Received EVENT_GET_ICC_STATUS_DONE
02-20 20:10:45.155  1921  1921 D UiccCard: 2 applications
02-20 20:10:45.155  1921  1921 D UiccCardApplication: Creating UiccApp: {APPTYPE_SIM,APPSTATE_DETECTED}
02-20 20:10:45.156  1376  1480 D RIL     : onRequest: QUERY_TTY_MODE
02-20 20:10:45.156  1376  1480 D RIL     : Request not supported. Tech: 1
02-20 20:10:45.156  1921  2022 D RilRequest: [3671]< RIL_REQUEST_QUERY_TTY_MODE error: com.android.internal.telephony.CommandException: REQUEST_NOT_SUPPORTED ret=
02-20 20:10:45.160  1662  1695 V BackupManagerService: Starting with transport android/com.android.internal.backup.LocalTransport
02-20 20:10:45.160  1662  1695 V BackupManagerService: Found transports: 2
02-20 20:10:45.160  1921  1921 W VoiceMailConstants: Can't open /system/etc/voicemail-conf.xml
02-20 20:10:45.162  1921  1921 D SpnOverride: No SPN in OEM image = /oem/telephony/spn-conf.xml Load SPN from system image
02-20 20:10:45.163  1921  1921 W SpnOverride: Can not open /system/etc/spn-conf.xml
02-20 20:10:45.163  1921  1921 D SIMRecords: [SIMRecords] setting0 mMncLength-1
02-20 20:10:45.163  1921  1921 D SIMRecords: [SIMRecords] SIMRecords: onRadioOffOrNotAvailable set 'gsm.sim.operator.numeric' to operator=null
02-20 20:10:45.163  1921  1921 D SIMRecords: [SIMRecords] update icc_operator_numeric=null
02-20 20:10:45.163  1921  1921 D TelephonyManager: setTelephonyProperty: success phoneId=0 property=gsm.sim.operator.numeric value:  propVal=
02-20 20:10:45.164  1921  1921 D TelephonyManager: setTelephonyProperty: success phoneId=0 property=gsm.sim.operator.alpha value:  propVal=
02-20 20:10:45.164  1921  1921 D TelephonyManager: setTelephonyProperty: success phoneId=0 property=gsm.sim.operator.iso-country value:  propVal=
02-20 20:10:45.164  1921  1921 D SIMRecords: [SIMRecords] getOperatorNumeric: IMSI == null
02-20 20:10:45.164  1921  1921 D SIMRecords: [SIMRecords] SIMRecords X ctor this=SimRecords: mDestroyed=false mContext=com.android.phone.PhoneGlobals@396c5ea mCi=com.android.internal.telephony.RIL@5c48a2c mFh=Handler (com.android.internal.telephony.uicc.SIMFileHandler) {47bc0db} mParentApp=com.android.internal.telephony.uicc.UiccCardApplication@1d60778 recordsLoadedRegistrants=android.os.RegistrantList@d37ee51 mImsiReadyRegistrants=android.os.RegistrantList@f1356b6 mRecordsEventsRegistrants=android.os.RegistrantList@66b8fb7 mNewSmsRegistrants=android.os.RegistrantList@202324 mNetworkSelectionModeAutomaticRegistrants=android.os.RegistrantList@a3c1e8d recordsToLoad=0 adnCache=Handler (com.android.internal.telephony.uicc.AdnRecordCache) {af62842} recordsRequested=false iccid=null msisdnTag=null voiceMailNum=null voiceMailTag=null voiceMailNum=null newVoiceMailTag=null isVoiceMailFixed=false mImsi=null mncLength=-1 mailboxIndex=0 spn=null mVmConfigcom.android.internal.telephony.uicc.VoiceMailConstants@1f7053 mSpnOverride=mSpnOverride callForwardingEnabled=0 spnState=null mCphsInfo=null mCspPlmnEnabled=true efMWIS=null efCPHS_MWI=null mEfCff=null mEfCfis=null getOperatorNumeric=null
02-20 20:10:45.166  1921  1921 D UiccCardApplication: Creating UiccApp: {APPTYPE_RUIM,APPSTATE_DETECTED}
02-20 20:10:45.172  1921  1921 D RuimRecords: [RuimRecords] setting0 mMncLength-1
02-20 20:10:45.172  1921  1921 D RuimRecords: [RuimRecords] RuimRecords X ctor this=RuimRecords: mDestroyed=false mContext=com.android.phone.PhoneGlobals@396c5ea mCi=com.android.internal.telephony.RIL@5c48a2c mFh=Handler (com.android.internal.telephony.uicc.RuimFileHandler) {4d91689} mParentApp=com.android.internal.telephony.uicc.UiccCardApplication@c42868e recordsLoadedRegistrants=android.os.RegistrantList@d26beaf mImsiReadyRegistrants=android.os.RegistrantList@1f2b2bc mRecordsEventsRegistrants=android.os.RegistrantList@339245 mNewSmsRegistrants=android.os.RegistrantList@2e47d9a mNetworkSelectionModeAutomaticRegistrants=android.os.RegistrantList@8aa96cb recordsToLoad=0 adnCache=Handler (com.android.internal.telephony.uicc.AdnRecordCache) {6963ea8} recordsRequested=false iccid=null msisdnTag=null voiceMailNum=null voiceMailTag=null voiceMailNum=null newVoiceMailTag=null isVoiceMailFixed=false mImsi=null mncLength=-1 mailboxIndex=0 spn=null m_ota_commitedfalse mMyMobileNumber=xxxx mMin2Min1=null mPrlVersion=null mEFpl=null mEFli=null mCsimSpnDisplayCondition=false mMdn=null mMin=null mHomeSystemId=null mHomeNetworkId=null
02-20 20:10:45.174  2103  2103 W art     : Unexpected CPU variant for X86 using defaults: x86_64
02-20 20:10:45.177  1662  1858 I am_proc_start: [0,2103,10067,com.google.android.deskclock,broadcast,com.google.android.deskclock/com.android.deskclock.AlarmInitReceiver]
02-20 20:10:45.177  1662  1858 I ActivityManager: Start proc 2103:com.google.android.deskclock/u0a67 for broadcast com.google.android.deskclock/com.android.deskclock.AlarmInitReceiver
02-20 20:10:45.179  1921  1921 D CAT     : CatService: registerForRecordsLoaded slotid=0 instance:Handler (com.android.internal.telephony.cat.CatService) {bec4fd}
02-20 20:10:45.180  1921  1921 D CAT     : CatService: Running CAT service on Slotid: 0. STK app installed:false
