02-20 20:10:42.015     0     0 D ieee80211 phy1: hw scan 2452 MHz
02-20 20:10:42.032  1267  1302 V vold    : /dev/block/vold/disk:253,64: LABEL="SDCARD" UUID="1E12-0B12" TYPE="vfat" 
02-20 20:10:42.032  1267  1302 V vold    : 
02-20 20:10:42.033  1662  1730 D VoldConnector: RCV <- {650 public:253,64 0 "disk:253,64" ""}
02-20 20:10:42.036  1662  1730 D VoldConnector: RCV <- {651 public:253,64 0}
02-20 20:10:42.036  1662  1730 D VoldConnector: RCV <- {643 disk:253,64}
02-20 20:10:42.036  1662  1730 D VoldConnector: RCV <- {200 3 Command succeeded}
02-20 20:10:42.038  1662  1729 D VoldConnector: SND -> {4 volume user_added 0 0}
02-20 20:10:42.039  1662  1730 D VoldConnector: RCV <- {200 4 Command succeeded}
02-20 20:10:42.048  1662  1693 I am_proc_bound: [0,1760,com.android.inputmethod.latin]
02-20 20:10:42.055  1662  1692 I am_proc_bound: [0,1766,com.android.systemui]
02-20 20:10:42.055  1662  1729 D VoldConnector: SND -> {5 volume mount emulated 3 -1}
02-20 20:10:42.056  1267  1302 V vold    : Waiting for FUSE to spin up...
02-20 20:10:42.056  1662  1730 D VoldConnector: RCV <- {651 emulated 1}
02-20 20:10:42.056  1662  1730 D VoldConnector: RCV <- {656 emulated /data/media}
02-20 20:10:42.056  1662  1730 D VoldConnector: RCV <- {655 emulated /storage/emulated}
02-20 20:10:42.068  1662  1662 D WebViewFactory: Setting new address space to 137955392
02-20 20:10:42.080  1792  1792 W sdcard  : Device explicitly disabled sdcardfs
02-20 20:10:42.100     0     0 D SELinux : initialized (dev fuse, type fuse), uses genfs_contexts
02-20 20:10:42.114  1267  1302 V vold    : Waiting for FUSE to spin up...
02-20 20:10:42.118     0     0 D SELinux : initialized (dev fuse, type fuse), uses genfs_contexts
02-20 20:10:42.118     0     0 D SELinux : initialized (dev fuse, type fuse), uses genfs_contexts
02-20 20:10:42.125  1662  1662 I Zygote  : Process: zygote socket opened, supported ABIS: x86
02-20 20:10:42.127  1766  1766 W System  : ClassLoader referenced unknown path: /system/priv-app/SystemUIGoogle/lib/x86_64
02-20 20:10:42.127  1365  1583 I art     : Starting a blocking GC HeapTrim
02-20 20:10:42.129  1365  1365 I art     : Starting a blocking GC Background
02-20 20:10:42.131     0     0 D ieee80211 phy1: hw scan 2457 MHz
02-20 20:10:42.136  1662  1794 E WVMExtractor: Failed to open libwvm.so: dlopen failed: library "libwvm.so" not found
02-20 20:10:42.155  1374  1374 I MediaPlayerService: MediaPlayerService::getOMX
02-20 20:10:42.161  1374  1374 I OMXClient: MuxOMX ctor
02-20 20:10:42.166  1662  1730 D VoldConnector: RCV <- {651 emulated 2}
02-20 20:10:42.166  1662  1730 D VoldConnector: RCV <- {200 5 Command succeeded}
02-20 20:10:42.166  1662  1729 D VoldConnector: SND -> {6 volume mount public:253,64 2 0}
02-20 20:10:42.167  1267  1302 V vold    : /system/bin/blkid
02-20 20:10:42.167  1267  1302 V vold    :     -c
02-20 20:10:42.167  1267  1302 V vold    :     /dev/null
02-20 20:10:42.167  1267  1302 V vold    :     -s
02-20 20:10:42.167  1267  1302 V vold    :     TYPE
02-20 20:10:42.167  1267  1302 V vold    :     -s
02-20 20:10:42.167  1267  1302 V vold    :     UUID
02-20 20:10:42.167  1267  1302 V vold    :     -s
02-20 20:10:42.167  1267  1302 V vold    :     LABEL
02-20 20:10:42.167  1267  1302 V vold    :     /dev/block/vold/public:253,64
02-20 20:10:42.167  1662  1730 D VoldConnector: RCV <- {651 public:253,64 1}
02-20 20:10:42.167  1374  1374 I MediaPlayerService: MediaPlayerService::getOMX
02-20 20:10:42.168  1374  1374 I OMXClient: MuxOMX ctor
02-20 20:10:42.169  1371  1371 I OMXMaster: makeComponentInstance(OMX.google.mp3.decoder) in mediacodec process
02-20 20:10:42.182  1662  1662 W ActivityManager: Slow operation: 68ms so far, now at startProcess: returned from zygote!
02-20 20:10:42.182  1662  1662 W ActivityManager: Slow operation: 68ms so far, now at startProcess: done updating battery stats
02-20 20:10:42.182  1662  1662 I am_proc_start: [0,1805,1037,WebViewLoader-x86,,]
02-20 20:10:42.182  1662  1662 W ActivityManager: Slow operation: 68ms so far, now at startProcess: building log message
02-20 20:10:42.182  1662  1662 I ActivityManager: Start proc 1805:WebViewLoader-x86/1037 [android.webkit.WebViewFactory$RelroFileCreator] for 
02-20 20:10:42.182  1662  1662 W ActivityManager: Slow operation: 68ms so far, now at startProcess: starting to update pids map
02-20 20:10:42.182  1662  1662 W ActivityManager: Slow operation: 68ms so far, now at startProcess: done updating pids map
02-20 20:10:42.182  1662  1662 W ActivityManager: Slow operation: 68ms so far, now at startProcess: done starting proc!
02-20 20:10:42.201  1662  1662 I am_proc_start: [0,1810,1037,WebViewLoader-x86_64,,]
02-20 20:10:42.201  1662  1662 I ActivityManager: Start proc 1810:WebViewLoader-x86_64/1037 [android.webkit.WebViewFactory$RelroFileCreator] for 
02-20 20:10:42.202  1662  1662 D NetworkManagement: enabling bandwidth control
02-20 20:10:42.203  1810  1810 W art     : Unexpected CPU variant for X86 using defaults: x86_64
02-20 20:10:42.203  1805  1805 W art     : Unexpected CPU variant for X86 using defaults: x86
02-20 20:10:42.211  1267  1302 V vold    : /dev/block/vold/public:253,64: LABEL="SDCARD" UUID="1E12-0B12" TYPE="vfat" 
02-20 20:10:42.211  1267  1302 V vold    : 
02-20 20:10:42.211  1267  1302 V vold    : /system/bin/fsck_msdos
02-20 20:10:42.212  1267  1302 V vold    :     -p
02-20 20:10:42.212  1267  1302 V vold    :     -f
02-20 20:10:42.212  1267  1302 V vold    :     /dev/block/vold/public:253,64
02-20 20:10:42.212  1662  1730 D VoldConnector: RCV <- {652 public:253,64 vfat}
02-20 20:10:42.212  1662  1730 D VoldConnector: RCV <- {653 public:253,64 1E12-0B12}
02-20 20:10:42.212  1662  1730 D VoldConnector: RCV <- {654 public:253,64 SDCARD}
02-20 20:10:42.221  1810  1810 V WebViewFactory: RelroFileCreator (64bit = true),  32-bit lib: /system/app/Chrome/Chrome.apk!/lib/x86/libmonochrome.so, 64-bit lib: /system/app/Chrome/Chrome.apk!/lib/x86_64/libmonochrome.so
02-20 20:10:42.222  1374  1374 I MediaPlayerService: MediaPlayerService::getOMX
02-20 20:10:42.222  1374  1374 I OMXClient: MuxOMX ctor
02-20 20:10:42.222  1371  1822 I OMXMaster: makeComponentInstance(OMX.google.amrnb.decoder) in mediacodec process
02-20 20:10:42.242  1374  1374 I MediaPlayerService: MediaPlayerService::getOMX
02-20 20:10:42.242  1374  1374 I OMXClient: MuxOMX ctor
02-20 20:10:42.242  1371  1822 I OMXMaster: makeComponentInstance(OMX.google.amrwb.decoder) in mediacodec process
02-20 20:10:42.250  1374  1374 I MediaPlayerService: MediaPlayerService::getOMX
02-20 20:10:42.250  1374  1374 I OMXClient: MuxOMX ctor
02-20 20:10:42.250  1371  1822 I OMXMaster: makeComponentInstance(OMX.google.aac.decoder) in mediacodec process
02-20 20:10:42.255  1374  1374 I MediaPlayerService: MediaPlayerService::getOMX
02-20 20:10:42.255  1374  1374 I OMXClient: MuxOMX ctor
02-20 20:10:42.255  1371  1383 I OMXMaster: makeComponentInstance(OMX.google.g711.alaw.decoder) in mediacodec process
02-20 20:10:42.251     0     0 D ieee80211 phy1: hw scan 2462 MHz
02-20 20:10:42.268  1267  1302 I fsck_msdos: ** /dev/block/vold/public:253,64
02-20 20:10:42.269  1267  1302 I fsck_msdos: ** Phase 1 - Read and Compare FATs
02-20 20:10:42.269  1267  1302 I fsck_msdos: Attempting to allocate 1022 KB for FAT
02-20 20:10:42.272  1805  1805 V WebViewFactory: RelroFileCreator (64bit = false),  32-bit lib: /system/app/Chrome/Chrome.apk!/lib/x86/libmonochrome.so, 64-bit lib: /system/app/Chrome/Chrome.apk!/lib/x86_64/libmonochrome.so
02-20 20:10:42.295  1662  1737 D WifiController: DEFERRED_TOGGLE handled
02-20 20:10:42.382     0     0 D ieee80211 phy1: hw scan complete
02-20 20:10:42.382     0     0 D ieee80211 phy1: mac80211_hwsim_get_survey (idx=0)
02-20 20:10:42.401  1766  1766 V SystemUIService: Starting SystemUI services for user 0.
02-20 20:10:42.418  1267  1302 I fsck_msdos: Attempting to allocate 1022 KB for FAT
02-20 20:10:42.432  1374  1374 I MediaPlayerService: MediaPlayerService::getOMX
02-20 20:10:42.432  1374  1374 I OMXClient: MuxOMX ctor
02-20 20:10:42.433  1371  1820 I OMXMaster: makeComponentInstance(OMX.google.g711.mlaw.decoder) in mediacodec process
02-20 20:10:42.453  1766  1766 V MediaRouter: Adding route: RouteInfo{ name=Phone, description=null, status=null, category=RouteCategory{ name=null types=ROUTE_TYPE_LIVE_AUDIO ROUTE_TYPE_LIVE_VIDEO  groupable=false }, supportedTypes=ROUTE_TYPE_LIVE_AUDIO ROUTE_TYPE_LIVE_VIDEO , presentationDisplay=null }
02-20 20:10:42.461  1760  1760 I LatinIME: Hardware accelerated drawing: true
02-20 20:10:42.465  1766  1766 V MediaRouter: Updating audio routes: AudioRoutesInfo{ type=SPEAKER }
02-20 20:10:42.468  1766  1766 V MediaRouter: Selecting route: RouteInfo{ name=Phone, description=null, status=null, category=RouteCategory{ name=null types=ROUTE_TYPE_LIVE_AUDIO ROUTE_TYPE_LIVE_VIDEO  groupable=false }, supportedTypes=ROUTE_TYPE_LIVE_AUDIO ROUTE_TYPE_LIVE_VIDEO , presentationDisplay=null }
02-20 20:10:42.482  1528  1528 E hostapd : Using interface wlan1 with hwaddr 02:00:00:00:01:00 and ssid "AndroidWifi"
02-20 20:10:42.482  1528  1528 I hostapd : wlan1: interface state HT_SCAN->ENABLED
02-20 20:10:42.482  1528  1528 I hostapd : wlan1: AP-ENABLED 
02-20 20:10:42.482     0     0 D ieee80211 phy1: mac80211_hwsim_config (freq=0 idle=0 ps=0 smps=auto)
02-20 20:10:42.482     0     0 D ieee80211 phy1: add channel context control: 2447 MHz/width: 2/cfreqs:2437/0 MHz
02-20 20:10:42.482     0     0 D ieee80211 phy1: mac80211_hwsim_bss_info_changed(changed=0x40000)
02-20 20:10:42.482     0     0 D ieee80211 phy1: TX Power: 20 dBm
02-20 20:10:42.482     0     0 D ieee80211 phy1: mac80211_hwsim_bss_info_changed(changed=0x4000)
02-20 20:10:42.482     0     0 D ieee80211 phy1: change channel context control: 2447 MHz/width: 2/cfreqs:2437/0 MHz
02-20 20:10:42.482     0     0 D ieee80211 phy1: mac80211_hwsim_bss_info_changed(changed=0x88340)
02-20 20:10:42.482     0     0 D ieee80211 phy1: BCNINT: 100
02-20 20:10:42.482     0     0 D ieee80211 phy1: BCN EN: 1
02-20 20:10:42.482     0     0 D ieee80211 phy1: mac80211_hwsim_bss_info_changed(changed=0x3e)
02-20 20:10:42.482     0     0 D ieee80211 phy1: ERP_CTS_PROT: 0
02-20 20:10:42.482     0     0 D ieee80211 phy1: ERP_PREAMBLE: 0
02-20 20:10:42.482     0     0 D ieee80211 phy1: ERP_SLOT: 1
02-20 20:10:42.482     0     0 D ieee80211 phy1: HT: op_mode=0x0
02-20 20:10:42.482     0     0 D ieee80211 phy1: BASIC_RATES: 0xf
02-20 20:10:42.482     0     0 D ieee80211 phy1: mac80211_hwsim_conf_tx (queue=0 txop=47 cw_min=3 cw_max=7 aifs=1)
02-20 20:10:42.482     0     0 D ieee80211 phy1: mac80211_hwsim_bss_info_changed(changed=0x2000)
02-20 20:10:42.482     0     0 D ieee80211 phy1: mac80211_hwsim_conf_tx (queue=1 txop=94 cw_min=7 cw_max=15 aifs=1)
02-20 20:10:42.482     0     0 D ieee80211 phy1: mac80211_hwsim_bss_info_changed(changed=0x2000)
02-20 20:10:42.482     0     0 D ieee80211 phy1: mac80211_hwsim_conf_tx (queue=2 txop=0 cw_min=15 cw_max=63 aifs=3)
02-20 20:10:42.482     0     0 D ieee80211 phy1: mac80211_hwsim_bss_info_changed(changed=0x2000)
02-20 20:10:42.482     0     0 D ieee80211 phy1: mac80211_hwsim_conf_tx (queue=3 txop=0 cw_min=15 cw_max=1023 aifs=7)
02-20 20:10:42.482     0     0 D ieee80211 phy1: mac80211_hwsim_bss_info_changed(changed=0x2000)
02-20 20:10:42.482     0     0 I IPv6    : ADDRCONF(NETDEV_CHANGE): wlan1: link becomes ready
02-20 20:10:42.483     0     0 D ieee80211 phy1: mac80211_hwsim_configure_filter
02-20 20:10:42.506  1375  1689 D SoftapController: Softap fwReload - Ok
02-20 20:10:42.514  1662  1692 D TelephonyRegistry: listen oscl: hasNotifySubscriptionInfoChangedOccurred==false no callback
02-20 20:10:42.541  1267  1302 I fsck_msdos: ** Phase 2 - Check Cluster Chains
02-20 20:10:42.543  1267  1302 I fsck_msdos: ** Phase 3 - Checking Directories
02-20 20:10:42.544  1374  1374 I MediaPlayerService: MediaPlayerService::getOMX
02-20 20:10:42.544  1374  1374 I OMXClient: MuxOMX ctor
02-20 20:10:42.544  1371  1383 I OMXMaster: makeComponentInstance(OMX.google.vorbis.decoder) in mediacodec process
02-20 20:10:42.545  1267  1302 I fsck_msdos: ** Phase 4 - Checking for Lost Files
02-20 20:10:42.578  1267  1302 I fsck_msdos: 27 files, 522176 free (261088 clusters)
02-20 20:10:42.590  1810  1810 I art     : System.exit called, status: 0
02-20 20:10:42.626     0     0 W FAT-fs (vde): Volume was not properly unmounted. Some data may be corrupt. Please run fsck.
02-20 20:10:42.627     0     0 D SELinux : initialized (dev vde, type vfat), uses genfs_contexts
02-20 20:10:42.590  1810  1810 I AndroidRuntime: VM exiting with result code 0, cleanup skipped.
02-20 20:10:42.671     0     0 D SELinux : initialized (dev fuse, type fuse), uses genfs_contexts
02-20 20:10:42.674     0     0 D SELinux : initialized (dev fuse, type fuse), uses genfs_contexts
02-20 20:10:42.675     0     0 I init    : Starting service 'wpa_supplicant'...
02-20 20:10:42.682     0     0 D SELinux : initialized (dev fuse, type fuse), uses genfs_contexts
02-20 20:10:42.601  1805  1805 I art     : System.exit called, status: 0
02-20 20:10:42.601  1805  1805 I AndroidRuntime: VM exiting with result code 0, cleanup skipped.
02-20 20:10:42.623  1267  1302 I Vold    : Filesystem check completed OK
02-20 20:10:42.623  1662  1730 D VoldConnector: RCV <- {656 public:253,64 /mnt/media_rw/1E12-0B12}
02-20 20:10:42.624  1662  1730 D VoldConnector: RCV <- {655 public:253,64 /storage/1E12-0B12}
02-20 20:10:42.625  1760  1760 W InputAttributes: No editor info for this field. Bug?
02-20 20:10:42.627  1766  1868 E WVMExtractor: Failed to open libwvm.so: dlopen failed: library "libwvm.so" not found
02-20 20:10:42.629  1267  1302 V vold    : Waiting for FUSE to spin up...
02-20 20:10:42.647  1870  1870 W sdcard  : Device explicitly disabled sdcardfs
02-20 20:10:42.647  1662  1662 W NetworkManagement: setDataSaverMode(): already false
02-20 20:10:42.649  1374  1374 I MediaPlayerService: MediaPlayerService::getOMX
02-20 20:10:42.649  1374  1374 I OMXClient: MuxOMX ctor
02-20 20:10:42.649  1371  1383 I OMXMaster: makeComponentInstance(OMX.google.opus.decoder) in mediacodec process
02-20 20:10:42.666  1375  1689 D CommandListener: Setting iface cfg
02-20 20:10:42.666  1375  1689 D CommandListener: Trying to bring down wlan0
02-20 20:10:42.671  1375  1689 D CommandListener: Clearing all IP addresses on wlan0
02-20 20:10:42.672  1662  1738 E WifiMonitor: killSupplicant p2pfalse init.svc.wpa_supplicant=unknown init.svc.p2p_supplicant=unknown
02-20 20:10:42.675  1662  1738 E wifi    : Can not initialize the vendor function pointer table
02-20 20:10:42.675  1662  1738 E WifiNative-HAL: Could not start hal
02-20 20:10:42.675  1662  1738 E WifiStateMachine: Failed to start HAL
02-20 20:10:42.680  1267  1302 V vold    : Waiting for FUSE to spin up...
02-20 20:10:42.681  1662  1738 D WifiMonitor: startMonitoring(wlan0) with mConnected = false
02-20 20:10:42.681  1662  1738 E WifiHW  : Unable to open connection to supplicant on "@android:wpa_wlan0": No such file or directory
02-20 20:10:42.697  1760  1878 I LatinIME:LogUtils: Dictionary info: dictionary = userunigram.en_US ; version = 1519157442 ; date = ?
02-20 20:10:42.697  1760  1878 E ActivityThread: Failed to find provider info for user_dictionary
02-20 20:10:42.697  1760  1878 I LatinIME:LogUtils: Dictionary info: dictionary = UserHistoryDictionary.en_US ; version = 1519157442 ; date = ?
02-20 20:10:42.734  1662  1730 D VoldConnector: RCV <- {651 public:253,64 2}
02-20 20:10:42.734  1662  1730 D VoldConnector: RCV <- {200 6 Command succeeded}
02-20 20:10:42.736  1374  1374 I MediaPlayerService: MediaPlayerService::getOMX
02-20 20:10:42.736  1374  1374 I OMXClient: MuxOMX ctor
02-20 20:10:42.736  1371  1822 I OMXMaster: makeComponentInstance(OMX.google.raw.decoder) in mediacodec process
02-20 20:10:42.739  1662  1729 E VoldConnector: NDC Command {6 volume mount public:253,64 2 0} took too long (573ms)
02-20 20:10:42.751  1374  1374 I MediaPlayerService: MediaPlayerService::getOMX
02-20 20:10:42.752  1374  1374 I OMXClient: MuxOMX ctor
02-20 20:10:42.752  1371  1822 I OMXMaster: makeComponentInstance(OMX.google.aac.encoder) in mediacodec process
02-20 20:10:42.765  1374  1374 I MediaPlayerService: MediaPlayerService::getOMX
02-20 20:10:42.765  1374  1374 I OMXClient: MuxOMX ctor
02-20 20:10:42.765  1371  1820 I OMXMaster: makeComponentInstance(OMX.google.amrnb.encoder) in mediacodec process
02-20 20:10:42.784  1374  1374 I MediaPlayerService: MediaPlayerService::getOMX
02-20 20:10:42.784  1374  1374 I OMXClient: MuxOMX ctor
02-20 20:10:42.784  1371  1820 I OMXMaster: makeComponentInstance(OMX.google.amrwb.encoder) in mediacodec process
02-20 20:10:42.790  1662  1662 D NetworkPolicy: setRestrictBackgroundUL(): false
02-20 20:10:42.790  1662  1662 W NetworkManagement: setDataSaverMode(): already false
02-20 20:10:42.792  1374  1374 I MediaPlayerService: MediaPlayerService::getOMX
02-20 20:10:42.793  1374  1374 I OMXClient: MuxOMX ctor
02-20 20:10:42.793  1371  1820 I OMXMaster: makeComponentInstance(OMX.google.flac.encoder) in mediacodec process
02-20 20:10:42.839  1374  1374 I MediaPlayerService: MediaPlayerService::getOMX
02-20 20:10:42.839  1374  1374 I OMXClient: MuxOMX ctor
02-20 20:10:42.839  1371  1383 I OMXMaster: makeComponentInstance(OMX.google.gsm.decoder) in mediacodec process
02-20 20:10:42.858  1662  1696 W WindowManager: Keyguard drawn timeout. Setting mKeyguardDrawComplete
02-20 20:10:42.861  1760  1878 I LatinIME:LogUtils: Dictionary info: dictionary = main:en ; version = 54 ; date = 1414726273
02-20 20:10:42.873  1374  1374 I MediaPlayerService: MediaPlayerService::getOMX
02-20 20:10:42.873  1374  1374 I OMXClient: MuxOMX ctor
02-20 20:10:42.873  1371  1822 I OMXMaster: makeComponentInstance(OMX.google.mpeg4.decoder) in mediacodec process
02-20 20:10:42.896     0     0 D ieee80211 phy0: mac80211_hwsim_start
02-20 20:10:42.896     0     0 D ieee80211 phy0: mac80211_hwsim_add_interface (type=2 mac_addr=02:00:00:44:55:66)
02-20 20:10:42.896     0     0 D ieee80211 phy0: mac80211_hwsim_bss_info_changed(changed=0xe)
02-20 20:10:42.896     0     0 D ieee80211 phy0: ERP_CTS_PROT: 0
02-20 20:10:42.896     0     0 D ieee80211 phy0: ERP_PREAMBLE: 0
02-20 20:10:42.896     0     0 D ieee80211 phy0: ERP_SLOT: 0
02-20 20:10:42.896     0     0 D ieee80211 phy0: mac80211_hwsim_conf_tx (queue=0 txop=0 cw_min=15 cw_max=1023 aifs=2)
02-20 20:10:42.896     0     0 D ieee80211 phy0: mac80211_hwsim_conf_tx (queue=1 txop=0 cw_min=15 cw_max=1023 aifs=2)
02-20 20:10:42.896     0     0 D ieee80211 phy0: mac80211_hwsim_conf_tx (queue=2 txop=0 cw_min=15 cw_max=1023 aifs=2)
02-20 20:10:42.896     0     0 D ieee80211 phy0: mac80211_hwsim_conf_tx (queue=3 txop=0 cw_min=15 cw_max=1023 aifs=2)
02-20 20:10:42.896     0     0 D ieee80211 phy0: mac80211_hwsim_bss_info_changed(changed=0x2000)
02-20 20:10:42.896     0     0 D ieee80211 phy0: mac80211_hwsim_config (freq=0 idle=0 ps=0 smps=auto)
02-20 20:10:42.896     0     0 I IPv6    : ADDRCONF(NETDEV_UP): wlan0: link is not ready
02-20 20:10:42.897     0     0 D ieee80211 phy0: mac80211_hwsim_configure_filter
02-20 20:10:42.895  1882  1882 I wpa_supplicant: Successfully initialized wpa_supplicant
02-20 20:10:42.896  1882  1882 I wpa_supplicant: rfkill: Cannot open RFKILL control device
02-20 20:10:42.898  1882  1882 I wpa_supplicant: nl80211: Could not re-add multicast membership for vendor events: -2 (No such file or directory)
02-20 20:10:42.921  1662  1662 I SystemServiceManager: Starting phase 600
02-20 20:10:42.931  1371  1383 E OMXNodeInstance: getExtensionIndex(55b000f:google.mpeg4.decoder, OMX.google.android.index.configureVideoTunnelMode) ERROR: UnsupportedIndex(0x8000101a)
02-20 20:10:42.932  1371  1820 W OMXNodeInstance: [55b000f:google.mpeg4.decoder] component does not support metadata mode; using fallback
02-20 20:10:42.933  1374  1374 I MediaPlayerService: MediaPlayerService::getOMX
02-20 20:10:42.934  1374  1374 I OMXClient: MuxOMX ctor
02-20 20:10:42.934  1371  1371 I OMXMaster: makeComponentInstance(OMX.google.h263.decoder) in mediacodec process
02-20 20:10:42.941  1766  1766 I vol.Events: writeEvent collection_started
02-20 20:10:42.947  1766  1915 I sysui_action: [213,2]
02-20 20:10:42.947  1766  1915 I vol.Events: writeEvent external_ringer_mode_changed normal
02-20 20:10:42.947  1766  1915 I vol.Events: writeEvent internal_ringer_mode_changed normal
02-20 20:10:42.957  1371  1820 E OMXNodeInstance: getExtensionIndex(55b0010:google.h263.decoder, OMX.google.android.index.configureVideoTunnelMode) ERROR: UnsupportedIndex(0x8000101a)
02-20 20:10:42.957  1371  1822 W OMXNodeInstance: [55b0010:google.h263.decoder] component does not support metadata mode; using fallback
02-20 20:10:42.960  1374  1374 I MediaPlayerService: MediaPlayerService::getOMX
02-20 20:10:42.961  1374  1374 I OMXClient: MuxOMX ctor
02-20 20:10:42.961  1371  1383 I OMXMaster: makeComponentInstance(OMX.google.h264.decoder) in mediacodec process
02-20 20:10:42.981  1882  1882 E wpa_supplicant: global ctrl interface @android:wpa_wlan0 matches ctrl interface wlan0 - do not open per-interface ctrl interface
02-20 20:10:42.992  1662  1662 D SensorNotificationService: Cannot obtain dynamic meta sensor, not supported.
02-20 20:10:42.993  1662  1662 D TelephonyRegistry: listen oscl: hasNotifySubscriptionInfoChangedOccurred==false no callback
02-20 20:10:43.002  1662  1662 I GnssLocationProvider: WakeLock acquired by sendMessage(13, 0, null)
02-20 20:10:43.003  1662  1694 W GnssLocationProvider: Could not open GPS configuration file /etc/gps.conf
02-20 20:10:43.003  1662  1694 E GnssLocationProvider: no AGPS interface in set_agps_server
02-20 20:10:43.004  1662  1662 W LocationProviderProxy-network: Odd, no component found for service com.android.location.service.v3.NetworkLocationProvider
02-20 20:10:43.006  1662  1662 W GeocoderProxy: Odd, no component found for service com.android.location.service.GeocodeProvider
02-20 20:10:43.007  1662  1662 E FlpHardwareProvider: Error hw_get_module 'flp': -2
02-20 20:10:43.007  1662  1662 D LocationManagerService: FLP HAL not supported
02-20 20:10:43.009  1662  1662 W GeofenceProxy: Odd, no component found for service com.android.location.service.GeofenceProvider
02-20 20:10:43.012  1662  1662 E ActivityRecognitionHardware: Error hw_get_module: -2
02-20 20:10:43.012  1662  1662 D LocationManagerService: Hardware Activity-Recognition not supported.
02-20 20:10:43.013  1662  1662 W ActivityRecognitionProxy: Odd, no component found for service com.android.location.service.ActivityRecognitionProvider
02-20 20:10:43.014  1662  1662 I GnssLocationProvider: WakeLock acquired by sendMessage(2, 1, null)
02-20 20:10:43.016  1662  1662 I CommonTimeManagementService: No common time service detected on this platform.  Common time services will be unavailable.
02-20 20:10:43.016  1662  1662 D TelephonyRegistry: systemRunning register for intents
02-20 20:10:43.016  1662  1662 I MmsServiceBroker: Delay connecting to MmsService until an API is called
02-20 20:10:43.017  1662  1728 I InputReader: Reconfiguring input devices.  changes=0x00000020
02-20 20:10:43.017  1662  1728 I InputReader: Reconfiguring input devices.  changes=0x00000010
02-20 20:10:43.042  1662  1662 I am_proc_start: [0,1921,1001,com.android.phone,added application,com.android.phone]
02-20 20:10:43.042  1662  1662 I ActivityManager: Start proc 1921:com.android.phone/1001 for added application com.android.phone
02-20 20:10:43.043  1662  1662 I ActivityManager: START u0 {act=android.intent.action.MAIN cat=[android.intent.category.HOME] flg=0x10000100 cmp=com.android.settings/.FallbackHome} from uid 0 on display 0
02-20 20:10:43.044  1662  1662 W System  : ClassLoader referenced unknown path: 
02-20 20:10:43.044  1662  1662 W System  : ClassLoader referenced unknown path: /system/priv-app/Settings/lib/x86_64
02-20 20:10:43.044  1662  1662 D ApplicationLoaders: ignored Vulkan layer search path /system/priv-app/Settings/lib/x86_64:/system/priv-app/Settings/Settings.apk!/lib/x86_64:/system/lib64:/vendor/lib64 for namespace 0x76db9edc4160
02-20 20:10:43.048  1662  1694 D TelephonyRegistry: listen oscl: hasNotifySubscriptionInfoChangedOccurred==false no callback
02-20 20:10:43.053  1374  1374 W ACodec  : [OMX.google.h264.decoder] stopping checking profiles after 32: 2/8000
02-20 20:10:43.053  1371  1822 E OMXNodeInstance: getExtensionIndex(55b0011:google.h264.decoder, OMX.google.android.index.configureVideoTunnelMode) ERROR: UnsupportedIndex(0x8000101a)
02-20 20:10:43.053  1371  1383 W OMXNodeInstance: [55b0011:google.h264.decoder] component does not support metadata mode; using fallback
02-20 20:10:43.054  1662  1662 I ActivityManager: Loaded persisted task ids for user 0
02-20 20:10:43.055  1374  1374 I MediaPlayerService: MediaPlayerService::getOMX
02-20 20:10:43.055  1374  1374 I OMXClient: MuxOMX ctor
02-20 20:10:43.055  1371  1383 I OMXMaster: makeComponentInstance(OMX.google.hevc.decoder) in mediacodec process
02-20 20:10:43.056  1662  1662 I am_create_task: [0,1]
02-20 20:10:43.056  1662  1662 I am_create_activity: [0,324443,1,com.android.settings/.FallbackHome,android.intent.action.MAIN,NULL,NULL,276824320]
02-20 20:10:43.058  1662  1662 I wm_task_created: [1,0]
02-20 20:10:43.058  1662  1662 I wm_task_moved: [1,1,0]
02-20 20:10:43.058  1662  1662 I wm_task_moved: [1,1,0]
02-20 20:10:43.058  1662  1662 I am_focused_activity: [0,com.android.settings/.FallbackHome,startedActivity]
02-20 20:10:43.068  1662  1662 I am_proc_start: [0,1928,1000,com.android.settings,activity,com.android.settings/.FallbackHome]
02-20 20:10:43.068  1662  1662 I ActivityManager: Start proc 1928:com.android.settings/1000 for activity com.android.settings/.FallbackHome
02-20 20:10:43.083  1662  1662 I SystemServer: Enabled StrictMode for system server main thread.
02-20 20:10:43.087  1921  1921 W art     : Unexpected CPU variant for X86 using defaults: x86_64
02-20 20:10:43.097  1928  1928 W art     : Unexpected CPU variant for X86 using defaults: x86_64
02-20 20:10:43.108  1662  1662 D ConditionProviders.SCP: onConnected
02-20 20:10:43.108  1662  1662 D ZenLog  : set_zen_mode: off,readXml
02-20 20:10:43.110  1662  1662 D ConditionProviders: Subscribing to condition://android/schedule?days=6.7&start=23.30&end=10.0&exitAtAlarm=false with ComponentInfo{android/com.android.server.notification.ScheduleConditionProvider}
02-20 20:10:43.110  1662  1662 D ZenLog  : subscribe: condition://android/schedule?days=6.7&start=23.30&end=10.0&exitAtAlarm=false,ok
02-20 20:10:43.110  1662  1662 D ConditionProviders: Subscribing to condition://android/event?userId=-10000&calendar=&reply=1 with ComponentInfo{android/com.android.server.notification.EventConditionProvider}
02-20 20:10:43.110  1662  1662 D ZenLog  : subscribe: condition://android/event?userId=-10000&calendar=&reply=1,ok
02-20 20:10:43.110  1662  1662 D ConditionProviders: Subscribing to condition://android/schedule?days=1.2.3.4.5&start=22.0&end=7.0&exitAtAlarm=false with ComponentInfo{android/com.android.server.notification.ScheduleConditionProvider}
02-20 20:10:43.110  1662  1662 D ZenLog  : subscribe: condition://android/schedule?days=1.2.3.4.5&start=22.0&end=7.0&exitAtAlarm=false,ok
02-20 20:10:43.125  1662  1858 I am_proc_bound: [0,1921,com.android.phone]
02-20 20:10:43.136  1662  1662 D RttService: SCAN_AVAILABLE : 1
02-20 20:10:43.137  1662  1662 D ZenLog  : set_zen_mode: off,cleanUpZenRules
02-20 20:10:43.137  1662  1742 I WifiScanningService: wifi driver unloaded
02-20 20:10:43.145  1662  1743 D RttService: DefaultState got{ when=-9ms what=160513 target=com.android.internal.util.StateMachine$SmHandler }
02-20 20:10:43.152  1662  1662 W System  : ClassLoader referenced unknown path: /system/priv-app/Telecom/lib/x86_64
02-20 20:10:43.156  1662  1662 D ApplicationLoaders: ignored Vulkan layer search path /system/priv-app/Telecom/lib/x86_64:/system/priv-app/Telecom/Telecom.apk!/lib/x86_64:/system/lib64:/vendor/lib64 for namespace 0x76db9edc41d0
02-20 20:10:43.168  1662  1692 I am_proc_bound: [0,1928,com.android.settings]
02-20 20:10:43.171  1371  1371 E OMXNodeInstance: getExtensionIndex(55b0012:google.hevc.decoder, OMX.google.android.index.configureVideoTunnelMode) ERROR: UnsupportedIndex(0x8000101a)
02-20 20:10:43.171  1371  1820 W OMXNodeInstance: [55b0012:google.hevc.decoder] component does not support metadata mode; using fallback
02-20 20:10:43.173  1374  1374 I MediaPlayerService: MediaPlayerService::getOMX
02-20 20:10:43.174  1374  1374 I OMXClient: MuxOMX ctor
02-20 20:10:43.174  1371  1822 I OMXMaster: makeComponentInstance(OMX.google.vp8.decoder) in mediacodec process
02-20 20:10:43.177  1662  1694 I GnssLocationProvider: WakeLock released by handleMessage(13, 0, null)
02-20 20:10:43.178  1662  1694 E GnssLocationProvider: no AGPS interface in set_agps_server
02-20 20:10:43.185  1662  1694 I GnssLocationProvider: WakeLock released by handleMessage(2, 1, null)
02-20 20:10:43.187  1921  1921 W System  : ClassLoader referenced unknown path: /system/priv-app/TeleService/lib/x86_64
02-20 20:10:43.188  1662  1694 W LocationProviderProxy-network: Odd, no component found for service com.android.location.service.v3.NetworkLocationProvider
02-20 20:10:43.190  1662  1694 W GeocoderProxy: Odd, no component found for service com.android.location.service.GeocodeProvider
02-20 20:10:43.190  1662  1694 W GeofenceProxy: Odd, no component found for service com.android.location.service.GeofenceProvider
02-20 20:10:43.190  1662  1694 W ActivityRecognitionProxy: Odd, no component found for service com.android.location.service.ActivityRecognitionProvider
02-20 20:10:43.249  1311  1323 D PermissionCache: checking android.permission.READ_FRAME_BUFFER for uid=1000 => granted (398 us)
02-20 20:10:43.253  1371  1383 E OMXNodeInstance: getExtensionIndex(55b0013:google.vp8.decoder, OMX.google.android.index.configureVideoTunnelMode) ERROR: UnsupportedIndex(0x8000101a)
02-20 20:10:43.253  1371  1371 W OMXNodeInstance: [55b0013:google.vp8.decoder] component does not support metadata mode; using fallback
02-20 20:10:43.255  1374  1374 I MediaPlayerService: MediaPlayerService::getOMX
02-20 20:10:43.256  1374  1374 I OMXClient: MuxOMX ctor
02-20 20:10:43.256  1371  1371 I OMXMaster: makeComponentInstance(OMX.google.vp9.decoder) in mediacodec process
02-20 20:10:43.290  1371  1371 E OMXNodeInstance: getExtensionIndex(55b0014:google.vp9.decoder, OMX.google.android.index.configureVideoTunnelMode) ERROR: UnsupportedIndex(0x8000101a)
02-20 20:10:43.290  1371  1820 W OMXNodeInstance: [55b0014:google.vp9.decoder] component does not support metadata mode; using fallback
02-20 20:10:43.292  1374  1374 I MediaPlayerService: MediaPlayerService::getOMX
02-20 20:10:43.292  1374  1374 I OMXClient: MuxOMX ctor
02-20 20:10:43.292  1371  1383 I OMXMaster: makeComponentInstance(OMX.google.h263.encoder) in mediacodec process
02-20 20:10:43.302  1311  1323 D gralloc_ranchu: gralloc_alloc: Creating ashmem region of size 17051648
02-20 20:10:43.315  1371  1383 I SoftMPEG4Encoder: Construct SoftMPEG4Encoder
02-20 20:10:43.316  1374  1374 W ACodec  : do not know color format 0x7f000789 = 2130708361
02-20 20:10:43.317  1371  1820 E OMXNodeInstance: getConfig(55b0015:google.h263.encoder, ConfigAndroidIntraRefresh(0x6f60000a)) ERROR: Undefined(0x80001001)
02-20 20:10:43.319  1374  1374 I MediaPlayerService: MediaPlayerService::getOMX
02-20 20:10:43.319  1374  1374 I OMXClient: MuxOMX ctor
02-20 20:10:43.319  1371  1820 I OMXMaster: makeComponentInstance(OMX.google.h264.encoder) in mediacodec process
02-20 20:10:43.348  1374  1374 W ACodec  : do not know color format 0x7f000789 = 2130708361
02-20 20:10:43.350  1374  1374 I MediaPlayerService: MediaPlayerService::getOMX
02-20 20:10:43.350  1374  1374 I OMXClient: MuxOMX ctor
02-20 20:10:43.350  1371  1383 I OMXMaster: makeComponentInstance(OMX.google.mpeg4.encoder) in mediacodec process
02-20 20:10:43.366  1371  1383 I SoftMPEG4Encoder: Construct SoftMPEG4Encoder
02-20 20:10:43.367  1374  1374 W ACodec  : do not know color format 0x7f000789 = 2130708361
02-20 20:10:43.367  1371  1822 E OMXNodeInstance: getConfig(55b0017:google.mpeg4.encoder, ConfigAndroidIntraRefresh(0x6f60000a)) ERROR: Undefined(0x80001001)
02-20 20:10:43.372  1374  1374 I MediaPlayerService: MediaPlayerService::getOMX
02-20 20:10:43.372  1374  1374 I OMXClient: MuxOMX ctor
02-20 20:10:43.372  1371  1822 I OMXMaster: makeComponentInstance(OMX.google.vp8.encoder) in mediacodec process
02-20 20:10:43.395  1374  1374 W ACodec  : do not know color format 0x7f000789 = 2130708361
02-20 20:10:43.396  1371  1820 E OMXNodeInstance: getConfig(55b0018:google.vp8.encoder, ConfigAndroidIntraRefresh(0x6f60000a)) ERROR: Undefined(0x80001001)
02-20 20:10:43.396  1374  1374 I MediaPlayerService: MediaPlayerService::getOMX
02-20 20:10:43.396  1374  1374 I OMXClient: MuxOMX ctor
02-20 20:10:43.404  1374  1374 I MediaPlayerService: MediaPlayerService::getOMX
02-20 20:10:43.404  1374  1374 I OMXClient: MuxOMX ctor
02-20 20:10:43.404  1374  1374 W MediaCodecList: unable to open media codecs configuration xml file: /data/misc/media/media_codecs_profiling_results.xml
02-20 20:10:43.405  1374  1831 I MediaPlayerService: MediaPlayerService::getOMX
02-20 20:10:43.405  1662  1803 I OMXClient: MuxOMX ctor
02-20 20:10:43.406  1374  1831 I MediaPlayerService: MediaPlayerService::getOMX
02-20 20:10:43.406  1371  1371 I OMXMaster: makeComponentInstance(OMX.google.vorbis.decoder) in mediacodec process
02-20 20:10:43.410  1766  1871 I OMXClient: MuxOMX ctor
02-20 20:10:43.415  1662  1692 I am_restart_activity: [0,324443,1,com.android.settings/.FallbackHome]
02-20 20:10:43.416  1662  1791 W art     : Long monitor contention with owner Binder:1662_1 (1692) at void com.android.server.am.ActivityManagerService.attachApplication(android.app.IApplicationThread)(ActivityManagerService.java:6669) waiters=0 in android.content.pm.UserInfo com.android.server.am.UserController.getCurrentUser() for 244ms
02-20 20:10:43.416  1662  1791 I dvm_lock_sample: [system_server,1,Binder:1662_3,244,UserController.java,1438,ActivityManagerService.java,6669,48]
02-20 20:10:43.416  1662  1662 W art     : Long monitor contention with owner Binder:1662_1 (1692) at void com.android.server.am.ActivityManagerService.attachApplication(android.app.IApplicationThread)(ActivityManagerService.java:6669) waiters=2 in void com.android.server.am.ActivityManagerService.serviceDoneExecuting(android.os.IBinder, int, int, int) for 203ms
02-20 20:10:43.416  1662  1662 I dvm_lock_sample: [system_server,1,main,203,ActivityManagerService.java,17339,-,6669,40]
02-20 20:10:43.424  1921  1921 W System  : ClassLoader referenced unknown path: /system/priv-app/TelephonyProvider/lib/x86_64
02-20 20:10:43.424  1921  1921 D ApplicationLoaders: ignored Vulkan layer search path /system/priv-app/TelephonyProvider/lib/x86_64:/system/lib64:/vendor/lib64 for namespace 0x76db9edc50f0
02-20 20:10:43.449  1928  1928 W System  : ClassLoader referenced unknown path: /system/priv-app/Settings/lib/x86_64
02-20 20:10:43.463  1371  1820 I OMXMaster: makeComponentInstance(OMX.google.vorbis.decoder) in mediacodec process
02-20 20:10:43.531  1662  1693 I stream_devices_changed: [0,0,2]
02-20 20:10:43.532  1374  1831 I MediaPlayerService: MediaPlayerService::getOMX
02-20 20:10:43.533  1766  1980 I OMXClient: MuxOMX ctor
02-20 20:10:43.533  1371  1371 I OMXMaster: makeComponentInstance(OMX.google.vorbis.decoder) in mediacodec process
02-20 20:10:43.543  1662  1693 I stream_devices_changed: [2,0,2]
02-20 20:10:43.543  1662  1693 I stream_devices_changed: [3,0,2]
02-20 20:10:43.544  1662  1693 I stream_devices_changed: [6,0,2]
02-20 20:10:43.544  1662  1693 I stream_devices_changed: [4,0,2]
02-20 20:10:43.544  1766  1915 I vol.Events: writeEvent level_changed STREAM_ALARM 6
02-20 20:10:43.558  1374  1374 I MediaPlayerService: MediaPlayerService::getOMX
02-20 20:10:43.558  1662  1981 I OMXClient: MuxOMX ctor
02-20 20:10:43.559  1662  1662 E BluetoothAdapter: Bluetooth binder is null
02-20 20:10:43.579  1766  1915 I vol.Events: writeEvent level_changed STREAM_BLUETOOTH_SCO 7
02-20 20:10:43.580  1766  1915 I vol.Events: writeEvent level_changed STREAM_MUSIC 11
02-20 20:10:43.581  1766  1915 I vol.Events: writeEvent level_changed STREAM_RING 5
02-20 20:10:43.581  1766  1915 I vol.Events: writeEvent level_changed STREAM_SYSTEM 5
02-20 20:10:43.582  1766  1915 I vol.Events: writeEvent level_changed STREAM_VOICE_CALL 4
02-20 20:10:43.592  1662  1662 I Telecom : SystemStateProvider: Registering car mode receiver: android.content.IntentFilter@7eb2b0f: TS.init@AAA
02-20 20:10:43.602  1662  1983 I Telecom : Telecom: Non-call EVENT: AUDIO_ROUTE, Entering state QuiescentEarpieceRoute
02-20 20:10:43.603  1311  1356 E SurfaceFlinger: ro.sf.lcd_density must be defined as a build property
02-20 20:10:43.610  1662  1985 I Telecom : CallAudioModeStateMachine: Message received: null.: TS.init->CAMSM.pM_1@AAA_0
02-20 20:10:43.615  1766  1766 D         : HostConnection::get() New Host Connection established 0x76db8e22f780, tid 1766
02-20 20:10:43.616  1928  1928 I am_on_resume_called: [0,com.android.settings.FallbackHome,LAUNCH_ACTIVITY]
02-20 20:10:43.619  1662  1662 E BluetoothAdapter: Bluetooth binder is null
02-20 20:10:43.619  1662  1986 E ActivityThread: Failed to find provider info for call_log
02-20 20:10:43.623  1311  1973 E SurfaceFlinger: ro.sf.lcd_density must be defined as a build property
02-20 20:10:43.625  1662  1662 I Telecom : Class: TelecomSystem.INSTANCE being set
02-20 20:10:43.625  1662  1662 E BluetoothAdapter: Bluetooth binder is null
02-20 20:10:43.629  1662  1662 W ContextImpl: Calling a method in the system process without a qualified user: android.app.ContextImpl.startService:1357 com.android.server.content.SyncManager$13.run:658 android.os.Handler.handleCallback:751 android.os.Handler.dispatchMessage:95 android.os.Looper.loop:154 
02-20 20:10:43.633  1928  1928 D         : HostConnection::get() New Host Connection established 0x76db9019bee0, tid 1928
02-20 20:10:43.647  1921  1921 D TelephonyProvider: dbh.onOpen: ok, queried table=siminfo
02-20 20:10:43.647  1921  1921 D TelephonyProvider: dbh.onOpen: ok, queried table=carriers
02-20 20:10:43.657  1371  1978 I OMXMaster: makeComponentInstance(OMX.google.vorbis.decoder) in mediacodec process
02-20 20:10:43.682  1766  1766 D StorageNotification: Notifying about private volume: VolumeInfo{private}:
02-20 20:10:43.682  1766  1766 D StorageNotification:     type=PRIVATE diskId=null partGuid=null mountFlags=0 mountUserId=-1 
02-20 20:10:43.682  1766  1766 D StorageNotification:     state=MOUNTED 
02-20 20:10:43.682  1766  1766 D StorageNotification:     fsType=null fsUuid=null fsLabel=null 
02-20 20:10:43.682  1766  1766 D StorageNotification:     path=/data internalPath=null 
02-20 20:10:43.684  1766  1766 D StorageNotification: Notifying about public volume: VolumeInfo{public:253,64}:
02-20 20:10:43.684  1766  1766 D StorageNotification:     type=PUBLIC diskId=disk:253,64 partGuid=null mountFlags=VISIBLE 
02-20 20:10:43.684  1766  1766 D StorageNotification:     mountUserId=0 state=MOUNTED 
02-20 20:10:43.684  1766  1766 D StorageNotification:     fsType=vfat fsUuid=1E12-0B12 fsLabel=SDCARD 
02-20 20:10:43.684  1766  1766 D StorageNotification:     path=/storage/1E12-0B12 internalPath=/mnt/media_rw/1E12-0B12 
02-20 20:10:43.685  1928  1987 D         : HostConnection::get() New Host Connection established 0x76db9019bfa0, tid 1987
02-20 20:10:43.687  1928  1987 I OpenGLRenderer: Initialized EGL, version 1.4
02-20 20:10:43.688  1928  1987 D OpenGLRenderer: Swap behavior 1
02-20 20:10:43.692  1662  1662 W System  : ClassLoader referenced unknown path: /system/priv-app/FusedLocation/lib/x86_64
02-20 20:10:43.692  1662  1662 D ApplicationLoaders: ignored Vulkan layer search path /system/priv-app/FusedLocation/lib/x86_64:/system/priv-app/FusedLocation/FusedLocation.apk!/lib/x86_64:/system/lib64:/vendor/lib64 for namespace 0x76db9edc4240
02-20 20:10:43.721  1928  1987 D EGL_emulation: eglCreateContext: 0x76db901c4f80: maj 3 min 0 rcv 3
02-20 20:10:43.724  1374  1875 I MediaPlayerService: MediaPlayerService::getOMX
02-20 20:10:43.724  1662  2008 I OMXClient: MuxOMX ctor
02-20 20:10:43.724  1371  1383 I OMXMaster: makeComponentInstance(OMX.google.vorbis.decoder) in mediacodec process
02-20 20:10:43.738  1662  1738 I dvm_lock_sample: [system_server,0,WifiStateMachine,50,PackageManagerService.java,4427,-,6105,10]
02-20 20:10:43.754  1662  1662 D GpsNetInitiatedHandler: location enabled :true
02-20 20:10:43.754  1662  1662 V WiredAccessoryManager: notifyWiredAccessoryChanged: when=0 bits= mask=54
02-20 20:10:43.754  1662  1662 V WiredAccessoryManager: newName=h2w newState=0 headsetState=0 prev headsetState=0
02-20 20:10:43.754  1662  1662 E WiredAccessoryManager: No state change.
02-20 20:10:43.754  1662  1662 V WiredAccessoryManager: init()
02-20 20:10:43.755  1662  1738 D WifiConfigManager: Loading config and enabling all networks 
02-20 20:10:43.759  1662  1738 W WifiNetworkHistory: Upgrading network 0 to android.uid.system:1000
02-20 20:10:43.759  1662  1738 D WifiConfigManager: loaded 0 passpoint configs
02-20 20:10:43.760  1662  1738 E IpConfigStore: Error parsing configuration: java.io.FileNotFoundException: /data/misc/wifi/ipconfig.txt (No such file or directory)
02-20 20:10:43.762  1921  1921 D TDC     : updateOrInsert: inserting: Modem { uuid=modem, state=0, rilModel=0, rat={}, maxActiveVoiceCall=1, maxActiveDataCall=1, maxStandby=1 }
02-20 20:10:43.762  1921  1921 D TDC     : updateOrInsert: inserting: Sim { uuid=sim, modemUuid=modem, state=0 }
02-20 20:10:43.779  1662  1738 D WifiNative-HAL: Setting external_sim to 1
02-20 20:10:43.780  1662  1738 D WifiStateMachine: Setting OUI to DA-A1-19
02-20 20:10:43.783  1921  1921 D CdmaSSM : subscriptionSource from settings: 0
02-20 20:10:43.784  1921  1921 I PhoneFactory: Cdma Subscription set to 0
02-20 20:10:43.788  1374  1374 I MediaPlayerService: MediaPlayerService::getOMX
02-20 20:10:43.789  1766  2012 I OMXClient: MuxOMX ctor
02-20 20:10:43.789  1662  1738 I WifiConnectivityManager: PNO settings: min5GHzRssi -82 min24GHzRssi -85 currentConnectionBonus 16 sameNetworkBonus 24 secureNetworkBonus 80 initialScoreMax 100
02-20 20:10:43.789  1371  1371 I OMXMaster: makeComponentInstance(OMX.google.vorbis.decoder) in mediacodec process
02-20 20:10:43.801  1662  1738 I WifiConnectivityManager: ConnectivityScanManager initialized and disabled
02-20 20:10:43.801  1662  1738 I WifiConnectivityManager: setUntrustedConnectionAllowed: allowed=false
02-20 20:10:43.801  1662  1738 E WifiLogger: no ring buffers found
02-20 20:10:43.801  1662  1738 E WifiLogger: Failed to start packet fate monitoring
02-20 20:10:43.807  1921  1921 I PhoneFactory: Network Mode set to 0
02-20 20:10:43.826  1928  1987 D EGL_emulation: eglMakeCurrent: 0x76db901c4f80: ver 3 0 (tinfo 0x76db9a7ed660)
02-20 20:10:43.855  1921  1921 D RILJ    : RIL(context, preferredNetworkType=0 cdmaSubscription=0)
02-20 20:10:43.858  1662  1738 I WifiConnectivityManager: Set WiFi enabled
02-20 20:10:43.858  1662  1738 I WifiConnectivityManager: scheduleWatchdogTimer
02-20 20:10:43.858  1662  1738 D WifiNative-HAL: Failing getSupportedFeatureset because HAL isn't started
02-20 20:10:43.859  1662  1698 E BatteryStatsService: no controller energy info supplied
02-20 20:10:43.861  1662  1698 E KernelCpuSpeedReader: Failed to read cpu-freq: /sys/devices/system/cpu/cpu0/cpufreq/stats/time_in_state (No such file or directory)
02-20 20:10:43.862  1662  1698 E KernelUidCpuTimeReader: Failed to read uid_cputime: /proc/uid_cputime/show_uid_stat (No such file or directory)
02-20 20:10:43.870  1662  1738 D WifiNative-HAL: Failing getSupportedFeatureset because HAL isn't started
02-20 20:10:43.870  1662  1698 E BatteryStatsService: no controller energy info supplied
02-20 20:10:43.870  1662  1698 E KernelCpuSpeedReader: Failed to read cpu-freq: /sys/devices/system/cpu/cpu0/cpufreq/stats/time_in_state (No such file or directory)
02-20 20:10:43.870  1662  1698 E KernelUidCpuTimeReader: Failed to read uid_cputime: /proc/uid_cputime/show_uid_stat (No such file or directory)
02-20 20:10:43.871  1662  1662 W VibratorService: Tried to stop vibrating but there is no vibrator device.
02-20 20:10:43.872  1921  1921 D RILJ    : Starting RILReceiver0 [SUB0]
02-20 20:10:43.873  1376  1480 I RILC    : libril: new connection to RIL_SOCKET_1
02-20 20:10:43.873  1376  1480 I RILC    : RIL Daemon version: android reference-ril 1.0
02-20 20:10:43.874  1921  2022 I RILJ    : (0) Connected to 'rild' socket
02-20 20:10:43.875  1921  2022 D RILJ    : [UNSL]< UNSOL_RIL_CONNECTED {12} [SUB0]
02-20 20:10:43.876  1921  1921 D RILJ    : [3648]> GET_HARDWARE_CONFIG [SUB0]
02-20 20:10:43.877  1921  2022 D RILJ    : [3649]> RADIO_POWER off [SUB0]
02-20 20:10:43.878  1921  1921 I PhoneFactory: Creating SubscriptionController
02-20 20:10:43.879  1376  1480 D RIL     : onRequest: GET_HARDWARE_CONFIG
02-20 20:10:43.879  1921  2022 D RILJ    : [3650]> RIL_REQUEST_CDMA_SET_SUBSCRIPTION_SOURCE : 0 [SUB0]
02-20 20:10:43.879  1376  1480 D RIL     : onRequest: RADIO_POWER
02-20 20:10:43.879  1921  2022 D RILJ    : setCellInfoListRate: 2147483647 [SUB0]
02-20 20:10:43.879  1921  2022 D RILJ    : [3651]> RIL_REQUEST_SET_CELL_INFO_LIST_RATE [SUB0]
02-20 20:10:43.879  1376  1480 D RIL     : onRequest: CDMA_SET_SUBSCRIPTION_SOURCE
02-20 20:10:43.880  1376  1480 D RIL     : onRequest: SET_UNSOL_CELL_INFO_LIST_RATE
02-20 20:10:43.880  1921  2022 D RILJ    : [UNSL]< UNSOL_RESPONSE_RADIO_STATE_CHANGED RADIO_OFF [SUB0]
02-20 20:10:43.880  1921  2022 D RILJ    : [3652]> SCREEN_STATE: true [SUB0]
02-20 20:10:43.881  1921  2022 D RILJ    : [UNSL]< UNSOL_NITZ_TIME_RECEIVED 18/02/20:20:10:36+0:0:Unknown!Unknown [SUB0]
02-20 20:10:43.882  1921  1921 D SubscriptionController: [SubscriptionController] init by Context
02-20 20:10:43.883  1376  1480 D RIL     : onRequest: SCREEN_STATE
02-20 20:10:43.884  1921  2022 D RilRequest: [3648]< GET_HARDWARE_CONFIG error: com.android.internal.telephony.CommandException: RADIO_NOT_AVAILABLE ret=
02-20 20:10:43.884  1662  1662 D ConditionProviders.SCP: onSubscribe condition://android/schedule?days=6.7&start=23.30&end=10.0&exitAtAlarm=false
02-20 20:10:43.884  1921  2022 D RILJ    : [3649]< RADIO_POWER  [SUB0]
02-20 20:10:43.884  1921  2022 D RilRequest: [3650]< RIL_REQUEST_CDMA_SET_SUBSCRIPTION_SOURCE error: com.android.internal.telephony.CommandException: RADIO_NOT_AVAILABLE ret=
02-20 20:10:43.884  1921  2022 D RilRequest: [3651]< RIL_REQUEST_SET_CELL_INFO_LIST_RATE error: com.android.internal.telephony.CommandException: RADIO_NOT_AVAILABLE ret=
02-20 20:10:43.884  1921  2022 D RilRequest: [3652]< SCREEN_STATE error: com.android.internal.telephony.CommandException: RADIO_NOT_AVAILABLE ret=
02-20 20:10:43.885  1662  1662 D ConditionProviders.SCP: setRegistered true
02-20 20:10:43.887  1662  1662 D ConditionProviders.SCP: notifyCondition condition://android/schedule?days=6.7&start=23.30&end=10.0&exitAtAlarm=false STATE_FALSE reason=!meetsSchedule
02-20 20:10:43.893  1662  1662 D ConditionProviders.SCP: Scheduling evaluate for Tue Feb 20 23:30:00 GMT+00:00 2018 (1519169400000), in +3h19m16s115ms, now=Tue Feb 20 20:10:43 GMT+00:00 2018 (1519157443885)
02-20 20:10:43.893  1662  1662 D ConditionProviders.SCP: onSubscribe condition://android/schedule?days=1.2.3.4.5&start=22.0&end=7.0&exitAtAlarm=false
02-20 20:10:43.894  1662  1662 D ConditionProviders.SCP: notifyCondition condition://android/schedule?days=6.7&start=23.30&end=10.0&exitAtAlarm=false STATE_FALSE reason=!meetsSchedule
02-20 20:10:43.894  1662  1662 D ConditionProviders.SCP: notifyCondition condition://android/schedule?days=1.2.3.4.5&start=22.0&end=7.0&exitAtAlarm=false STATE_FALSE reason=!meetsSchedule
02-20 20:10:43.896  1374  1875 I MediaPlayerService: MediaPlayerService::getOMX
02-20 20:10:43.896  1662  2020 I OMXClient: MuxOMX ctor
02-20 20:10:43.896  1921  1921 D UiccController: Creating UiccController
02-20 20:10:43.896  1371  2000 I OMXMaster: makeComponentInstance(OMX.google.vorbis.decoder) in mediacodec process
02-20 20:10:43.898  1921  1921 D TelephonyTester: register for intent action=com.android.internal.telephony.action_detached
02-20 20:10:43.898  1921  1921 D TelephonyTester: register for intent action=com.android.internal.telephony.action_attached
02-20 20:10:43.899  1662  1662 D ConditionProviders.SCP: Scheduling evaluate for Tue Feb 20 22:00:00 GMT+00:00 2018 (1519164000000), in +1h49m16s106ms, now=Tue Feb 20 20:10:43 GMT+00:00 2018 (1519157443894)
02-20 20:10:43.904  1662  1662 I Telecom : WiredHeadsetManager: ACTION_HEADSET_PLUG event, plugged in: false, : WHC.oADA@AAE
02-20 20:10:43.904  1928  1987 D EGL_emulation: eglMakeCurrent: 0x76db901c4f80: ver 3 0 (tinfo 0x76db9a7ed660)
02-20 20:10:43.937  1662  1734 I netstats_mobile_sample: [0,0,0,0,0,0,0,0,0,0,0,0,-1]
02-20 20:10:43.937  1662  1734 I netstats_wifi_sample: [0,0,0,0,0,0,0,0,0,0,0,0,-1]
02-20 20:10:43.953  1662  1662 I ActivityManager: user 0 is still locked. Cannot load recents
02-20 20:10:43.957  1662  1662 I notification_enqueue: [10028,1766,com.android.systemui,1397773634,public:253,64,-1,Notification(pri=0 contentView=null vibrate=null sound=null defaults=0x0 flags=0x100 color=0xff607d8b category=sys actions=2 vis=PUBLIC),0]
02-20 20:10:43.960  1662  1742 I WifiScanningService: wifi driver loaded with scan capabilities: max buckets=16
02-20 20:10:43.960  1662  1662 D RttService: SCAN_AVAILABLE : 3
02-20 20:10:43.960  1662  1743 D RttService: DefaultState got{ when=0 what=160512 target=com.android.internal.util.StateMachine$SmHandler }
02-20 20:10:43.960  1662  1662 D TelephonyRegistry: notifyCellLocationForSubscriber: subId=0 cellLocation=Bundle[{}]
02-20 20:10:43.960  1921  1921 D Phone   : mDoesRilSendMultipleCallRing=true
