02-20 20:12:04.199  1375  1483 D RIL     : onRequest: SIM_IO
02-20 20:12:04.199  1375  1483 D AT      : AT> AT+CRSM=176,28433,0,0,1
02-20 20:12:04.199  1375  1486 D AT      : AT< +CRSM: 144,0,55
02-20 20:12:04.199  1375  1486 D AT      : AT< OK
02-20 20:12:04.199  1916  1916 D RILJ    : [3728]> iccIO: SIM_IO 0xb2 0x6fc5  path: 3F007F20,1,4,24 aid: null [SUB0]
02-20 20:12:04.199  1916  1999 D RILJ    : [3726]< SIM_IO IccIoResponse sw1:0x90 sw2:0x0 [SUB0]
02-20 20:12:04.199  1375  1483 D RIL     : onRequest: SIM_IO
02-20 20:12:04.199  1375  1483 D AT      : AT> AT+CRSM=176,28435,0,0,1
02-20 20:12:04.199  1916  1916 D RILJ    : [3729]> iccIO: SIM_IO 0xb0 0x6f38  path: 3F007F20,0,0,15 aid: null [SUB0]
02-20 20:12:04.199  1916  1916 D RILJ    : [3730]> iccIO: SIM_IO 0xb0 0x6f16  path: 3F007F20,0,0,2 aid: null [SUB0]
02-20 20:12:04.200  1916  1916 D SubscriptionInfoUpdater: [Receiver]+
02-20 20:12:04.200  1916  1916 D SubscriptionInfoUpdater: Action: android.intent.action.SIM_STATE_CHANGED
02-20 20:12:04.200  1916  1916 D SubscriptionInfoUpdater: slotId: 0
02-20 20:12:04.200  1916  1916 D SubscriptionInfoUpdater: simStatus: READY
02-20 20:12:04.200  1916  1916 D SubscriptionInfoUpdater: Ignoring simStatus: READY
02-20 20:12:04.200  1916  1916 D SubscriptionInfoUpdater: [Receiver]-
02-20 20:12:04.200  1916  1916 E SST     : error parsing GprsRegistrationState: java.lang.NumberFormatException: null
02-20 20:12:04.200  1916  1916 D SST     : handlPollStateResultMessage: GsmSST setDataRegState=0 regState=1 dataRadioTechnology=14
02-20 20:12:04.200  1916  1916 D SST     : EVENT_POLL_STATE_NETWORK_SELECTION_MODE
02-20 20:12:04.200  1916  1916 D SST     : Poll ServiceState done:  oldSS=[0 0 voice home data home Android Android 310260 Android Android 310260  Unknown LTE CSS not supported -1 -1 RoamInd=-1 DefRoamInd=-1 EmergOnly=false IsDataRoamingFromRegistration=false IsUsingCarrierAggregation=false] newSS=[0 0 voice home data home Android Android 310260 Android Android 310260  Unknown LTE CSS not supported -1 -1 RoamInd=-1 DefRoamInd=-1 EmergOnly=false IsDataRoamingFromRegistration=false IsUsingCarrierAggregation=false] oldMaxDataCalls=1 mNewMaxDataCalls=1 oldReasonDataDenied=-1 mNewReasonDataDenied=-1
02-20 20:12:04.200  1916  1916 D RuimRecords: [RuimRecords] NO update mccmnc=310260
02-20 20:12:04.203  1375  1486 D AT      : AT< +CRSM: 144,0,55
02-20 20:12:04.203  1375  1486 D AT      : AT< OK
02-20 20:12:04.203  1916  1916 D RuimRecords: [RuimRecords] onRecordLoaded 9 requested: true
02-20 20:12:04.206  1916  1916 D RILJ    : [3731]> iccIO: SIM_IO 0xb0 0x2fe2  path: 3F00,0,0,10 aid: null [SUB0]
02-20 20:12:04.206  1375  1483 D RIL     : onRequest: SIM_IO
02-20 20:12:04.206  1375  1483 D AT      : AT> AT+CRSM=178,28613,1,4,24
02-20 20:12:04.207  1916  1999 D RILJ    : [3727]< SIM_IO IccIoResponse sw1:0x90 sw2:0x0 [SUB0]
02-20 20:12:04.208  1763  1789 I art     : Background partial concurrent mark sweep GC freed 1019(53KB) AllocSpace objects, 0(0B) LOS objects, 20% free, 15MB/19MB, paused 8.292ms total 76.759ms
02-20 20:12:04.208  1375  1486 D AT      : AT< +CRSM: 144,0,43058441aa890affffffffffffffffffffffffffffffffff
02-20 20:12:04.208  1375  1486 D AT      : AT< OK
02-20 20:12:04.208  1375  1483 D RIL     : onRequest: SIM_IO
02-20 20:12:04.208  1375  1483 D AT      : AT> AT+CRSM=176,28472,0,0,15
02-20 20:12:04.208  1916  1999 D RILJ    : [3728]< SIM_IO IccIoResponse sw1:0x90 sw2:0x0 [SUB0]
02-20 20:12:04.209  1916  1916 D IccCardProxy: broadcastIccStateChangedIntent intent ACTION_SIM_STATE_CHANGED value=IMSI reason=null for mPhoneId=0
02-20 20:12:04.209  1375  1486 D AT      : AT< +CRSM: 144,0,ff30ffff3c003c03000c0000f03f00
02-20 20:12:04.209  1375  1486 D AT      : AT< OK
02-20 20:12:04.209  1375  1483 D RIL     : onRequest: SIM_IO
02-20 20:12:04.209  1375  1483 D AT      : AT> AT+CRSM=176,28438,0,0,2
02-20 20:12:04.209  1916  1999 D RILJ    : [3729]< SIM_IO IccIoResponse sw1:0x90 sw2:0x0 [SUB0]
02-20 20:12:04.209  1375  1486 D AT      : AT< +CRSM: 144,0,0233
02-20 20:12:04.209  1375  1486 D AT      : AT< OK
02-20 20:12:04.209  1375  1483 D RIL     : onRequest: SIM_IO
02-20 20:12:04.209  1375  1483 D AT      : AT> AT+CRSM=176,12258,0,0,10
02-20 20:12:04.209  1916  1916 D SIMRecords: [SIMRecords] onRecordLoaded 15 requested: true
02-20 20:12:04.209  1916  1999 D RILJ    : [3730]< SIM_IO IccIoResponse sw1:0x90 sw2:0x0 [SUB0]
02-20 20:12:04.209  1916  1916 D RILJ    : [3732]> iccIO: SIM_IO 0xc0 0x6f14  path: 3F007F20,0,0,15 aid: null [SUB0]
02-20 20:12:04.209  1375  1486 D AT      : AT< +CRSM: 144,0,98101430121181157002
02-20 20:12:04.209  1375  1486 D AT      : AT< OK
02-20 20:12:04.210  1916  1999 D RILJ    : [3731]< SIM_IO IccIoResponse sw1:0x90 sw2:0x0 [SUB0]
02-20 20:12:04.210  1375  1483 D RIL     : onRequest: SIM_IO
02-20 20:12:04.210  1375  1483 D AT      : AT> AT+CRSM=192,28436,0,0,15
02-20 20:12:04.210  1916  1916 D SIMRecords: [SIMRecords] onRecordLoaded 15 requested: true
02-20 20:12:04.210  1916  1916 D SIMRecords: [SIMRecords] onRecordLoaded 14 requested: true
02-20 20:12:04.210  1916  1916 E SIMRecords: [SIMRecords] Exception in fetching EF_CSP data com.android.internal.telephony.CommandException: GENERIC_FAILURE
02-20 20:12:04.210  1916  1916 D SIMRecords: [SIMRecords] onRecordLoaded 13 requested: true
02-20 20:12:04.210  1916  1916 E SIMRecords: [SIMRecords] Exception in get GID1 com.android.internal.telephony.CommandException: GENERIC_FAILURE
02-20 20:12:04.210  1916  1916 D SIMRecords: [SIMRecords] onRecordLoaded 12 requested: true
02-20 20:12:04.210  1916  1916 E SIMRecords: [SIMRecords] Exception in get GID2 com.android.internal.telephony.CommandException: GENERIC_FAILURE
02-20 20:12:04.210  1916  1916 D SIMRecords: [SIMRecords] onRecordLoaded 11 requested: true
02-20 20:12:04.210  1916  1916 D RuimRecords: [RuimRecords] EF_PL LOADED
02-20 20:12:04.210  1916  1916 E RuimRecords: [RuimRecords] Record Load Exception: com.android.internal.telephony.CommandException: GENERIC_FAILURE
02-20 20:12:04.210  1916  1916 D RuimRecords: [RuimRecords] onRecordLoaded 8 requested: true
02-20 20:12:04.210  1916  1916 D RuimRecords: [RuimRecords] EF_CSIM_LI LOADED
02-20 20:12:04.210  1916  1916 E RuimRecords: [RuimRecords] Record Load Exception: com.android.internal.telephony.CommandException: GENERIC_FAILURE
02-20 20:12:04.210  1916  1916 D RuimRecords: [RuimRecords] onRecordLoaded 7 requested: true
02-20 20:12:04.210  1916  1916 D RuimRecords: [RuimRecords] EF_CSIM_SPN LOADED
02-20 20:12:04.210  1916  1916 E RuimRecords: [RuimRecords] Record Load Exception: com.android.internal.telephony.CommandException: GENERIC_FAILURE
02-20 20:12:04.210  1916  1916 D RuimRecords: [RuimRecords] onRecordLoaded 6 requested: true
02-20 20:12:04.210  1916  1916 D RuimRecords: [RuimRecords] EF_CSIM_MDN LOADED
02-20 20:12:04.210  1916  1916 E RuimRecords: [RuimRecords] Record Load Exception: com.android.internal.telephony.CommandException: GENERIC_FAILURE
02-20 20:12:04.210  1916  1916 D RuimRecords: [RuimRecords] onRecordLoaded 5 requested: true
02-20 20:12:04.210  1916  1916 D RuimRecords: [RuimRecords] EF_CSIM_IMSIM LOADED
02-20 20:12:04.210  1916  1916 E RuimRecords: [RuimRecords] Record Load Exception: com.android.internal.telephony.CommandException: GENERIC_FAILURE
02-20 20:12:04.210  1916  1916 D RuimRecords: [RuimRecords] onRecordLoaded 4 requested: true
02-20 20:12:04.210  1916  1916 D RuimRecords: [RuimRecords] EF_CSIM_CDMAHOME LOADED
02-20 20:12:04.210  1916  1916 E RuimRecords: [RuimRecords] Record Load Exception: com.android.internal.telephony.CommandException: GENERIC_FAILURE
02-20 20:12:04.210  1916  1916 D RuimRecords: [RuimRecords] onRecordLoaded 3 requested: true
02-20 20:12:04.210  1916  1916 D RuimRecords: [RuimRecords] EF_CSIM_EPRL LOADED
02-20 20:12:04.210  1916  1916 E RuimRecords: [RuimRecords] Record Load Exception: com.android.internal.telephony.CommandException: GENERIC_FAILURE
02-20 20:12:04.211  1916  1916 D RuimRecords: [RuimRecords] onRecordLoaded 2 requested: true
02-20 20:12:04.211  1916  1916 D RuimRecords: [RuimRecords] EF_CSIM_MIPUPP LOADED
02-20 20:12:04.211  1916  1916 E RuimRecords: [RuimRecords] Record Load Exception: com.android.internal.telephony.CommandException: GENERIC_FAILURE
02-20 20:12:04.211  1916  1916 D RuimRecords: [RuimRecords] onRecordLoaded 1 requested: true
02-20 20:12:04.211  1916  1916 D SubscriptionInfoUpdater: [Receiver]+
02-20 20:12:04.211  1916  1916 D SubscriptionInfoUpdater: Action: android.intent.action.SIM_STATE_CHANGED
02-20 20:12:04.211  1916  1916 D SubscriptionInfoUpdater: slotId: 0
02-20 20:12:04.211  1916  1916 D SubscriptionInfoUpdater: simStatus: IMSI
02-20 20:12:04.211  1916  1916 D SubscriptionInfoUpdater: Ignoring simStatus: IMSI
02-20 20:12:04.211  1916  1916 D SubscriptionInfoUpdater: [Receiver]-
02-20 20:12:04.212  1916  1916 D SIMRecords: [SIMRecords] iccid: 89014103211118510720
02-20 20:12:04.212  1916  1916 D SIMRecords: [SIMRecords] onRecordLoaded 10 requested: true
02-20 20:12:04.213  1375  1486 D AT      : AT< +CRSM: 144,0,000000146f1404001aa0aa01020000
02-20 20:12:04.213  1375  1486 D AT      : AT< OK
02-20 20:12:04.214  1916  1999 D RILJ    : [3732]< SIM_IO IccIoResponse sw1:0x90 sw2:0x0 [SUB0]
02-20 20:12:04.214  1916  2079 D SubscriptionController: [getActiveSubInfoList] Sub Controller not ready
02-20 20:12:04.216  1916  1916 D SIMRecords: [SIMRecords] EF_MBI: 01000000
02-20 20:12:04.216  1916  1916 D SIMRecords: [SIMRecords] Got valid mailbox number for MBDN
02-20 20:12:04.216  1916  1916 D RILJ    : [3733]> iccIO: SIM_IO 0xc0 0x6fc7  path: 3F007F20,0,0,15 aid: null [SUB0]
02-20 20:12:04.217  1916  1916 D SIMRecords: [SIMRecords] onRecordLoaded 10 requested: true
02-20 20:12:04.217  1916  1916 D SIMRecords: [SIMRecords] EF_AD: 00000003
02-20 20:12:04.217  1916  1916 D SIMRecords: [SIMRecords] setting4 mMncLength=3
02-20 20:12:04.217  1916  1916 D SIMRecords: [SIMRecords] update mccmnc=310260
02-20 20:12:04.217  1916  1916 D MccTable: updateMccMncConfiguration mccmnc='310260' fromServiceState=false
02-20 20:12:04.217  1375  1483 D RIL     : onRequest: SIM_IO
02-20 20:12:04.217  1375  1483 D AT      : AT> AT+CRSM=192,28615,0,0,15
02-20 20:12:04.218  1375  1486 D AT      : AT< +CRSM: 144,0,000000406fc7040011a0aa01020120
02-20 20:12:04.218  1375  1486 D AT      : AT< OK
02-20 20:12:04.218  1916  1999 D RILJ    : [3733]< SIM_IO IccIoResponse sw1:0x90 sw2:0x0 [SUB0]
02-20 20:12:04.218  1916  1916 D SubscriptionController: [getPhoneId]- no sims, returning default phoneId=2147483647
02-20 20:12:04.219  1916  1916 D MccTable: updateMccMncConfiguration defaultMccMnc=
02-20 20:12:04.219  1916  1916 D MccTable: updateMccMncConfiguration: mcc=310, mnc=260
02-20 20:12:04.219  1916  1916 D MccTable: updateMccMncConfiguration updateConfig config={1.0 310mcc260mnc ?localeList ?layoutDir ?swdp ?wdp ?hdp ?density ?lsize ?long ?orien ?uimode ?night ?touch ?keyb/?/? ?nav/?}
02-20 20:12:04.220  1916  1935 D SubscriptionController: [getPhoneId]- no sims, returning default phoneId=2147483647
02-20 20:12:04.237  1313  2006 D gralloc_ranchu: gralloc_alloc: Creating ashmem region of size 15945728
02-20 20:12:04.238  1313  2006 D         : HostConnection::get() New Host Connection established 0x7a908d4e2900, tid 2006
02-20 20:12:04.240  1676  1797 I configuration_changed: 3
02-20 20:12:04.240  1676  1797 I ActivityManager: Config changes=3 {1.0 310mcc260mnc [en_US] ldltr sw360dp w360dp h668dp 640dpi nrml long port finger -keyb/v/h -nav/h s.6}
02-20 20:12:04.242  1676  1797 I am_relaunch_resume_activity: [0,253945194,1,com.android.settings/.FallbackHome]
02-20 20:12:04.244  1763  1763 I Choreographer: Skipped 40 frames!  The application may be doing too much work on its main thread.
02-20 20:12:04.246  1916  1916 D SIMRecords: [SIMRecords] onRecordLoaded 9 requested: true
02-20 20:12:04.246  1916  1916 D SIMRecords: [SIMRecords] EF_MWIS : 0000000000
02-20 20:12:04.246  1916  1916 D SIMRecords: [SIMRecords] onRecordLoaded 8 requested: true
02-20 20:12:04.246  1916  1916 D SIMRecords: [SIMRecords] EF_CPHS_MWI: 55
02-20 20:12:04.246  1916  1916 D SIMRecords: [SIMRecords] onRecordLoaded 7 requested: true
02-20 20:12:04.246  1916  1916 D SIMRecords: [SIMRecords] EF_CFF_CPHS: 55
02-20 20:12:04.246  1916  1916 D SIMRecords: [SIMRecords] onRecordLoaded 6 requested: true
02-20 20:12:04.246  1916  1916 D SIMRecords: [SIMRecords] onRecordLoaded 5 requested: true
02-20 20:12:04.261  1916  1936 D DCT     : [0]hasMatchedTetherApnSetting: APN=null
02-20 20:12:04.262  1926  1926 I am_on_paused_called: [0,com.android.settings.FallbackHome,handleRelaunchActivity]
02-20 20:12:04.263  1916  1916 D SIMRecords: [SIMRecords] SST: UsimServiceTable[120]={ PHONEBOOK, FDN, FDN_EXTENSION, SDN, SDN_EXTENSION, BDN, BDN_EXTENSION, OUTGOING_CALL_INFO, ADVICE_OF_CHARGE, CAP_CONFIG_PARAMS_2, GROUP_ID_LEVEL_1, GROUP_ID_LEVEL_2, SPN, USER_PLMN_SELECT, MSISDN, IMAGE, LOCALISED_SERVICE_AREAS, EMLPP, EMLPP_AUTO_ANSWER, RFU, GSM_ACCESS, DATA_DL_VIA_SMS_PP, DATA_DL_VIA_SMS_CB, CALL_CONTROL_BY_USIM, MO_SMS_CONTROL_BY_USIM, RUN_AT_COMMAND, APN_CONTROL_LIST, DEPERSONALISATION_CONTROL_KEYS, COOPERATIVE_NETWORK_LIST, GSM_SECURITY_CONTEXT, SERVICE_PROVIDER_DISPLAY_INFO, MMS_NOTIFICATION, MMS_NOTIFICATION_EXTENSION, GPRS_CALL_CONTROL_BY_USIM, VGCS_GROUP_ID_LIST, VBS_GROUP_ID_LIST, OMA_BCAST_PROFILE, GBA_LOCAL_KEY_ESTABLISHMENT, #101, #102, #103, #104, #105, #106, #107, #108, #109, #110 }
02-20 20:12:04.263  1916  1916 D SIMRecords: [SIMRecords] onRecordLoaded 4 requested: true
02-20 20:12:04.264  1916  1916 D RILJ    : [3734]> iccIO: SIM_IO 0xb0 0x6f14  path: 3F007F20,0,0,20 aid: null [SUB0]
02-20 20:12:04.265  1916  1916 D SIMRecords: [SIMRecords] MSISDN: [t-WgLegCyIMgfHgPkOdM6pkZbpA]
02-20 20:12:04.265  1916  1916 D SIMRecords: [SIMRecords] onRecordLoaded 3 requested: true
02-20 20:12:04.265  1916  1916 D RILJ    : [3735]> iccIO: SIM_IO 0xb2 0x6fc7  path: 3F007F20,1,4,32 aid: null [SUB0]
02-20 20:12:04.265  1375  1483 D RIL     : onRequest: SIM_IO
02-20 20:12:04.265  1375  1483 D AT      : AT> AT+CRSM=176,28436,0,0,20
02-20 20:12:04.268  1375  1486 D AT      : AT< +CRSM: 144,0,416e64726f6964ffffffffffffffffffffffffff
02-20 20:12:04.268  1375  1486 D AT      : AT< OK
02-20 20:12:04.268  1375  1483 D RIL     : onRequest: SIM_IO
02-20 20:12:04.268  1375  1483 D AT      : AT> AT+CRSM=178,28615,1,4,32
02-20 20:12:04.268  1375  1486 D AT      : AT< +CRSM: 144,0,566f6963656d61696cffffffffffffffffff07915155125740f9ffffffffffff
02-20 20:12:04.268  1375  1486 D AT      : AT< OK
02-20 20:12:04.268  1916  1999 D RILJ    : [3734]< SIM_IO IccIoResponse sw1:0x90 sw2:0x0 [SUB0]
02-20 20:12:04.268  1916  1999 D RILJ    : [3735]< SIM_IO IccIoResponse sw1:0x90 sw2:0x0 [SUB0]
02-20 20:12:04.269  1916  1916 D SIMRecords: [SIMRecords] iCPHS: 0233
02-20 20:12:04.269  1916  1916 D SIMRecords: [SIMRecords] onRecordLoaded 2 requested: true
02-20 20:12:04.269  1916  1916 D RuimRecords: [RuimRecords] iccid: 89014103211118510720
02-20 20:12:04.269  1916  1916 D RuimRecords: [RuimRecords] onRecordLoaded 0 requested: true
02-20 20:12:04.269  1916  1916 D RuimRecords: [RuimRecords] record load complete
02-20 20:12:04.269  1763  1763 D ViewRootImpl[StatusBar]: changeCanvasOpacity: opaque=true
02-20 20:12:04.269  1916  1916 D SIMRecords: [SIMRecords] getServiceProviderName: no brandOverride, providerName=Android
02-20 20:12:04.269  1916  1916 D SIMRecords: [SIMRecords] Load EF_SPN_CPHS: Android
02-20 20:12:04.269  1916  1916 D TelephonyManager: setTelephonyProperty: success phoneId=0 property=gsm.sim.operator.alpha value: Android propVal=Android
02-20 20:12:04.269  1916  1916 D SIMRecords: [SIMRecords] onRecordLoaded 1 requested: true
02-20 20:12:04.270  1916  1916 D SIMRecords: [SIMRecords] VM: ADN Record 'Voicemail' '[-MWU1cAlDrkXUZ8dpHi_wU_YOpU] null' EF[MBDN]
02-20 20:12:04.270  1916  1916 D SIMRecords: [SIMRecords] onRecordLoaded 0 requested: true
02-20 20:12:04.270  1916  1916 D SIMRecords: [SIMRecords] record load complete
02-20 20:12:04.270  1916  1916 D SIMRecords: [SIMRecords] Not using EF LI/EF PL
02-20 20:12:04.270  1916  1916 D SIMRecords: [SIMRecords] EF_CFF: callForwardingEnabled=0
02-20 20:12:04.270  1916  1916 D SIMRecords: [SIMRecords] onAllRecordsLoaded set 'gsm.sim.operator.numeric' to operator='310260'
02-20 20:12:04.270  1916  1916 D SIMRecords: [SIMRecords] update icc_operator_numeric=310260
02-20 20:12:04.270  1916  1916 D TelephonyManager: setTelephonyProperty: success phoneId=0 property=gsm.sim.operator.numeric value: 310260 propVal=310260
02-20 20:12:04.270  1916  1916 D SubscriptionController: [setMccMnc]+ mcc/mnc:310/260 subId:-1
02-20 20:12:04.272  1676  1690 I am_proc_start: [0,2088,10067,com.google.android.deskclock,broadcast,com.google.android.deskclock/com.android.deskclock.AlarmInitReceiver]
02-20 20:12:04.272  1676  1690 I ActivityManager: Start proc 2088:com.google.android.deskclock/u0a67 for broadcast com.google.android.deskclock/com.android.deskclock.AlarmInitReceiver
02-20 20:12:04.276  1916  1916 D SubscriptionController: notifySubscriptionInfoChanged:
02-20 20:12:04.277  1676  1676 I GnssLocationProvider: WakeLock acquired by sendMessage(12, 0, null)
02-20 20:12:04.277  1916  2079 D SubscriptionController: [getActiveSubInfoList] Sub Controller not ready
02-20 20:12:04.277  1916  1916 D SIMRecords: [SIMRecords] onAllRecordsLoaded set mcc imsi
02-20 20:12:04.277  1916  1916 D TelephonyManager: setTelephonyProperty: success phoneId=0 property=gsm.sim.operator.iso-country value: us propVal=us
02-20 20:12:04.279  2088  2088 W art     : Unexpected CPU variant for X86 using defaults: x86_64
02-20 20:12:04.290  1916  1916 D SST     : SubscriptionListener.onSubscriptionInfoChanged
02-20 20:12:04.290  1916  1916 D SIMRecords: [SIMRecords]  VoiceMessageCount from SIM MWIS = 0
02-20 20:12:04.290  1916  1916 E Phone   : getStoredVoiceMessageCount: invalid subId -2
02-20 20:12:04.290  1916  1916 D GsmCdmaPhone: [GsmCdmaPhone] updateVoiceMail countVoiceMessages = 0 subId -2
02-20 20:12:04.290  1916  1916 E Phone   : setVoiceMessageCount in sharedPreference: invalid subId -2
02-20 20:12:04.291  1916  1916 D DCT     : [0]SubscriptionListener.onSubscriptionInfoChanged
02-20 20:12:04.292  1916  1916 D SubscriptionController: [getActiveSubInfoList] Sub Controller not ready
02-20 20:12:04.269  1763  2083 E ActivityThread: Failed to find provider info for com.android.contacts
02-20 20:12:04.292  1916  1916 D SubscriptionController: [getActiveSubInfoList] Sub Controller not ready
02-20 20:12:04.293  1916  1916 I Telephony: PstnIncomingCallNotifier: Unregistering: Handler (com.android.internal.telephony.GsmCdmaPhone) {a6e4d3a}
02-20 20:12:04.293  1916  1916 E PhoneInterfaceManager: [PhoneIntfMgr] getIccId: No UICC
02-20 20:12:04.295  1676  1957 I Telecom : PhoneAccountRegistrar: [ComponentInfo{com.android.phone/com.android.services.telephony.TelephonyConnectionService}, [e0184adedf913b076626646d3f52c3b49c39ad6d], UserHandle{0}(addr: tel:*********** -> tel:)(icon: Icon(typ=BITMAP size=76x96) -> Icon(typ=BITMAP size=76x96))(subAddr: tel:*********** -> tel:)]: TSI.rPA@AAk
02-20 20:12:04.296  1676  1957 I Telecom : : Sending phone-account registered intent as user: TSI.rPA@AAk
02-20 20:12:04.297  1916  1916 I Telephony: AccountEntry: Registered phoneAccount: [[ ] PhoneAccount: ComponentInfo{com.android.phone/com.android.services.telephony.TelephonyConnectionService}, [e0184adedf913b076626646d3f52c3b49c39ad6d], UserHandle{0} Capabilities: CallProvider MultiUser PlaceEmerg SimSub  Schemes: tel voicemail  Extras: null GroupId: [da39a3ee5e6b4b0d3255bfef95601890afd80709]] with handle: ComponentInfo{com.android.phone/com.android.services.telephony.TelephonyConnectionService}, [e0184adedf913b076626646d3f52c3b49c39ad6d], UserHandle{0}
02-20 20:12:04.297  1916  1916 I Telephony: PstnIncomingCallNotifier: Registering: Handler (com.android.internal.telephony.GsmCdmaPhone) {a6e4d3a}
02-20 20:12:04.297  1676  1785 I am_proc_bound: [0,2088,com.google.android.deskclock]
02-20 20:12:04.301  1926  1977 D EGL_emulation: eglMakeCurrent: 0x70ba3a1ef7c0: ver 3 0 (tinfo 0x70ba4469c1e0)
02-20 20:12:04.310  1926  1926 I am_on_stop_called: [0,com.android.settings.FallbackHome,destroy]
02-20 20:12:04.312  1313  1962 D         : HostConnection::get() New Host Connection established 0x7a908d01b7e0, tid 1962
02-20 20:12:04.338  1926  1926 I am_on_resume_called: [0,com.android.settings.FallbackHome,handleRelaunchActivity]
02-20 20:12:04.340  1916  1916 D CAT     : CatService: handleMessage[20]
02-20 20:12:04.343  1916  1916 D GsmCdmaPhone: [GsmCdmaPhone] updateCurrentCarrierInProvider: mSubId = -2 currentDds = 1 operatorNumeric = 310260
02-20 20:12:04.343  1916  1916 D IccCardProxy: operator=310260 mPhoneId=0
02-20 20:12:04.343  1916  1916 D TelephonyManager: setTelephonyProperty: success phoneId=0 property=gsm.sim.operator.numeric value: 310260 propVal=310260
02-20 20:12:04.343  1916  1916 D TelephonyManager: setTelephonyProperty: success phoneId=0 property=gsm.sim.operator.iso-country value: us propVal=us
02-20 20:12:04.344  1916  1916 D IccCardProxy: Sending intent ACTION_INTERNAL_SIM_STATE_CHANGED for mPhoneId : 0
02-20 20:12:04.344  1916  1936 D SubscriptionController: [getActiveSubInfoList] Sub Controller not ready
02-20 20:12:04.374  1916  1936 D SubscriptionController: [getPhoneId]- no sims, returning default phoneId=2147483647
02-20 20:12:04.402  1916  1916 D SST     : EVENT_SIM_RECORDS_LOADED: what=16
02-20 20:12:04.402  1916  1916 D GsmCdmaPhone: [GsmCdmaPhone] updatePhoneObject: radioTechnology=0
02-20 20:12:04.402  1916  1916 D SST     : getOtasp: otasp not needed for GSM
02-20 20:12:04.402  1916  1916 D SST     : updateOtaspState: call notifyOtaspChanged old otaspMode=0 new otaspMode=3
02-20 20:12:04.411  1916  1916 D SIMRecords: [SIMRecords] getServiceProviderName: no brandOverride, providerName=Android
02-20 20:12:04.411  1916  1916 D SIMRecords: [SIMRecords] getServiceProviderName: no brandOverride, providerName=Android
02-20 20:12:04.411  1916  1916 D SST     : updateSpnDisplay: changed sending intent rule=1 showPlmn='false' plmn='Android' showSpn='true' spn='Android' dataSpn='Android' subId='-2'
02-20 20:12:04.412  1916  1916 D SubscriptionController: [setPlmnSpn] No valid subscription to store info
02-20 20:12:04.412  1916  1916 D SubscriptionController: notifySubscriptionInfoChanged:
02-20 20:12:04.412  1676  1676 I GnssLocationProvider: WakeLock acquired by sendMessage(12, 0, null)
02-20 20:12:04.412  1916  2080 D SubscriptionController: [getActiveSubInfoList] Sub Controller not ready
02-20 20:12:04.413  1916  1916 E PhoneInterfaceManager: [PhoneIntfMgr] getIccId: No UICC
02-20 20:12:04.468  1916  2079 D SubscriptionController: [getActiveSubInfoList] Sub Controller not ready
02-20 20:12:04.504  1676  1689 I Telecom : PhoneAccountRegistrar: [ComponentInfo{com.android.phone/com.android.services.telephony.TelephonyConnectionService}, [e0184adedf913b076626646d3f52c3b49c39ad6d], UserHandle{0}(icon: Icon(typ=BITMAP size=76x96) -> Icon(typ=BITMAP size=76x96))]: TSI.rPA@AAw
02-20 20:12:04.507  2088  2088 W System  : ClassLoader referenced unknown path: /system/app/PrebuiltDeskClockGoogle/lib/x86_64
02-20 20:12:04.514  1676  1691 I GnssLocationProvider: WakeLock released by handleMessage(12, 0, null)
02-20 20:12:04.583  1916  1935 D SubscriptionController: [getPhoneId]- no sims, returning default phoneId=2147483647
02-20 20:12:04.603  1676  1689 I Telecom : : Sending phone-account registered intent as user: TSI.rPA@AAw
02-20 20:12:04.605  1916  1916 D SubscriptionInfoUpdater: [Receiver]+
02-20 20:12:04.605  1916  1916 D SubscriptionInfoUpdater: Action: android.intent.action.internal_sim_state_changed
02-20 20:12:04.606  1916  1916 D SubscriptionInfoUpdater: slotId: 0
02-20 20:12:04.606  1916  1916 D SubscriptionInfoUpdater: simStatus: LOADED
02-20 20:12:04.606  1916  1916 D SubscriptionInfoUpdater: [Receiver]-
02-20 20:12:04.606  1916  1916 D GsmCdmaPhone: [GsmCdmaPhone] phoneObjectUpdater: newVoiceRadioTech=0
02-20 20:12:04.606  1916  1916 D GsmCdmaPhone: [GsmCdmaPhone] phoneObjectUpdater: volteReplacementRat=0
02-20 20:12:04.606  1916  1916 E GsmCdmaPhone: [GsmCdmaPhone] phoneObjectUpdater: newVoiceRadioTech=0 doesn't match either CDMA or GSM - error! No phone change
02-20 20:12:04.606  1916  1916 D SST     : SubscriptionListener.onSubscriptionInfoChanged
02-20 20:12:04.606  1916  1916 D DCT     : [0]SubscriptionListener.onSubscriptionInfoChanged
02-20 20:12:04.606  1916  1916 D SubscriptionController: [getActiveSubInfoList] Sub Controller not ready
02-20 20:12:04.606  1916  1916 D SubscriptionController: [getActiveSubInfoList] Sub Controller not ready
02-20 20:12:04.607  1916  1916 I Telephony: PstnIncomingCallNotifier: Unregistering: Handler (com.android.internal.telephony.GsmCdmaPhone) {a6e4d3a}
02-20 20:12:04.607  1916  1916 E PhoneInterfaceManager: [PhoneIntfMgr] getIccId: No UICC
02-20 20:12:04.613  1676  1797 I Telecom : PhoneAccountRegistrar: [ComponentInfo{com.android.phone/com.android.services.telephony.TelephonyConnectionService}, [e0184adedf913b076626646d3f52c3b49c39ad6d], UserHandle{0}(icon: Icon(typ=BITMAP size=76x96) -> Icon(typ=BITMAP size=76x96))]: TSI.rPA@AA0
02-20 20:12:04.614  1676  1797 I Telecom : : Sending phone-account registered intent as user: TSI.rPA@AA0
02-20 20:12:04.618  1916  1916 I Telephony: AccountEntry: Registered phoneAccount: [[ ] PhoneAccount: ComponentInfo{com.android.phone/com.android.services.telephony.TelephonyConnectionService}, [e0184adedf913b076626646d3f52c3b49c39ad6d], UserHandle{0} Capabilities: CallProvider MultiUser PlaceEmerg SimSub  Schemes: tel voicemail  Extras: null GroupId: [da39a3ee5e6b4b0d3255bfef95601890afd80709]] with handle: ComponentInfo{com.android.phone/com.android.services.telephony.TelephonyConnectionService}, [e0184adedf913b076626646d3f52c3b49c39ad6d], UserHandle{0}
02-20 20:12:04.618  1916  1916 I Telephony: PstnIncomingCallNotifier: Registering: Handler (com.android.internal.telephony.GsmCdmaPhone) {a6e4d3a}
02-20 20:12:04.620  1916  1916 D SubscriptionInfoUpdater: handleSimStateLoadedInternal: slotId: 0
02-20 20:12:04.620  1916  1916 D SubscriptionInfoUpdater: All IccIds query complete
02-20 20:12:04.620  1916  1916 D SubscriptionInfoUpdater: updateSubscriptionInfoByIccId:+ Start
02-20 20:12:04.620  1916  1916 D SubscriptionController: [clearSubInfo]- no simInfo size=0
02-20 20:12:04.620  1916  1916 D SubscriptionInfoUpdater: insertedSimCount = 1
02-20 20:12:04.620  1916  1916 D SubscriptionController: [getSubInfoUsingSlotIdWithCheck]+ slotId:0
02-20 20:12:04.622  1916  1916 D SubscriptionController: [getPhoneId]- no sims, returning default phoneId=2147483647
02-20 20:12:04.625  1916  1916 D SubscriptionController: [getPhoneId]- no sims, returning default phoneId=2147483647
02-20 20:12:04.631  1916  1916 D SubscriptionController: [getPhoneId]- no sims, returning default phoneId=2147483647
02-20 20:12:04.643  1916  1916 D SubscriptionController: [getSubInfoUsingSlotId]- null info return
02-20 20:12:04.643  1916  1916 D SubscriptionInfoUpdater: updateSubscriptionInfoByIccId: oldSubId = 1
02-20 20:12:04.643  1916  1916 D SubscriptionInfoUpdater: updateSubscriptionInfoByIccId: oldIccId[0] = 89014103211118510720, sIccId[0] = 89014103211118510720
02-20 20:12:04.643  1916  1916 D SubscriptionController: [addSubInfoRecord]+ iccId:89014103211118510720 slotId:0
02-20 20:12:04.649  1916  1916 D SubscriptionController: [getActiveSubInfoList] Sub Controller not ready
02-20 20:12:04.651  1916  1916 D SubscriptionController: [addSubInfoRecord] Record already exists
02-20 20:12:04.651  1676  1691 I GnssLocationProvider: WakeLock released by handleMessage(12, 0, null)
02-20 20:12:04.654  1916  1936 D SubscriptionController: [getSlotId]- subId invalid
02-20 20:12:04.655  1763  2074 D TelephonyManager: getSimState: default sim:-1, sim state for slotIdx=0 is 5, return state as unknown
02-20 20:12:04.656  1916  1916 D SubscriptionController: [addSubInfoRecord] sSlotIdxToSubId.size=1 slotId=0 subId=1 defaultSubId=1 simCount=1
02-20 20:12:04.656  1916  1916 D SubscriptionController: [setDefaultFallbackSubId] subId=1
02-20 20:12:04.656  1916  1916 D SubscriptionController: [setDefaultFallbackSubId] set mDefaultFallbackSubId=1
02-20 20:12:04.656  1916  1916 D MccTable: updateMccMncConfiguration mccmnc='310260' fromServiceState=false
02-20 20:12:04.656  1916  1916 D MccTable: updateMccMncConfiguration defaultMccMnc=310260
02-20 20:12:04.656  1916  1916 D MccTable: updateMccMncConfiguration: mcc=310, mnc=260
02-20 20:12:04.656  1916  1916 D MccTable: updateMccMncConfiguration updateConfig config={1.0 310mcc260mnc ?localeList ?layoutDir ?swdp ?wdp ?hdp ?density ?lsize ?long ?orien ?uimode ?night ?touch ?keyb/?/? ?nav/?}
02-20 20:12:04.659  1916  1916 D SubscriptionController: [setDefaultFallbackSubId] broadcast default subId changed phoneId=0 subId=1
02-20 20:12:04.661  1916  1916 D SubscriptionController: [addSubInfoRecord] one sim set defaults to subId=1
02-20 20:12:04.661  1916  1916 D SubscriptionController: [setDefaultDataSubId] num phones=1, subId=1
02-20 20:12:04.664  1916  1916 D SubscriptionController: [setDefaultDataSubId] phoneId=0 subId=1 RAF=1
02-20 20:12:04.664  1916  2080 D RILJ    : [3736]> RIL_REQUEST_GET_CELL_INFO_LIST [SUB0]
02-20 20:12:04.664  1916  1916 D ProxyController: setRadioCapability: Already in requested configuration, nothing to do.
02-20 20:12:04.665  1916  1916 D SubscriptionController: [updateAllDataConnectionTrackers] sPhones.length=1
02-20 20:12:04.665  1916  1916 D SubscriptionController: [updateAllDataConnectionTrackers] phoneId=0
02-20 20:12:04.665  1916  1916 D DCT     : [0]update sub = 1
02-20 20:12:04.665  1916  1916 D DCT     : [0]update(): Active DDS, register for all events now!
02-20 20:12:04.665  1916  1916 D DCT     : [0]New records found.
02-20 20:12:04.665  1916  1916 D SST     : mDeviceShuttingDown=false, mDesiredPowerState=true, getRadioState=RADIO_ON, mPowerOffDelayNeed=true, mAlarmSwitch=false, mRadioDisabledByCarrier=false
02-20 20:12:04.665  1375  1483 D RIL     : onRequest: GET_CELL_INFO_LIST
02-20 20:12:04.665  1375  1483 D RILC    : responseCellInfoList: v12
02-20 20:12:04.667  1916  1999 D RILJ    : [3736]< RIL_REQUEST_GET_CELL_INFO_LIST [CellInfoGsm:{mRegistered=YES mTimeStampType=modem mTimeStamp=14375584259ns CellIdentityGsm:{ mMcc=310 mMnc=260 mLac=3 mCid=91 mArfcn=10 mBsic=0x0} CellSignalStrengthGsm: ss=-669646408 ber=32618 mTa=-668640132}] [SUB0]
02-20 20:12:04.668  1916  1916 D GsmCdmaPhone: [GsmCdmaPhone] updateCurrentCarrierInProvider: mSubId = 1 currentDds = 1 operatorNumeric = 310260
02-20 20:12:04.671  1676  1693 W WindowManager: Keyguard drawn timeout. Setting mKeyguardDrawComplete
02-20 20:12:04.673  1313  1962 I SurfaceFlinger: Boot is finished (12385 ms)
02-20 20:12:04.674  1313  1962 I sf_stop_bootanim: 14383
02-20 20:12:04.684  1676  1693 V KeyguardServiceDelegate: *** Keyguard connected (yay!)
02-20 20:12:04.694  1916  1916 D SubscriptionController: [broadcastDefaultDataSubIdChanged] subId=1
02-20 20:12:04.696  1916  1916 D SubscriptionController: [setDefaultSmsSubId] subId=1
02-20 20:12:04.696  1916  1916 D SubscriptionController: [broadcastDefaultSmsSubIdChanged] subId=1
02-20 20:12:04.697  1916  1916 D SubscriptionController: [setDefaultVoiceSubId] subId=1
02-20 20:12:04.697  1916  1916 D SubscriptionController: [broadcastDefaultVoiceSubIdChanged] subId=1
02-20 20:12:04.713  1916  1916 D SubscriptionController: [addSubInfoRecord] hashmap(0,1)
02-20 20:12:04.719  1916  1916 D SubscriptionController: [addSubInfoRecord] sim name = Android
02-20 20:12:04.720  1916  1916 D DCT     : [0]update sub = 1
02-20 20:12:04.720  1916  1916 D DCT     : [0]update(): Active DDS, register for all events now!
02-20 20:12:04.720  1916  1916 D GsmCdmaPhone: [GsmCdmaPhone] updateCurrentCarrierInProvider: mSubId = 1 currentDds = 1 operatorNumeric = 310260
02-20 20:12:04.731  1916  1916 D SubscriptionController: [addSubInfoRecord]- info size=1
02-20 20:12:04.731  1916  1916 D SubscriptionInfoUpdater: newSim = false
02-20 20:12:04.731  1916  1916 D SubscriptionInfoUpdater: updateSubscriptionInfoByIccId: sInsertSimState[0] = 0
02-20 20:12:04.736  1916  1916 D SubscriptionInfoUpdater: updateSubscriptionInfoByIccId: nSubCount = 1
02-20 20:12:04.743  1916  1916 D SubscriptionController: [setDefaultDataSubId] num phones=1, subId=1
02-20 20:12:04.744  1916  1916 D SubscriptionController: [setDefaultDataSubId] phoneId=0 subId=1 RAF=1
02-20 20:12:04.745  1916  1916 D ProxyController: setRadioCapability: Already in requested configuration, nothing to do.
02-20 20:12:04.745  1916  1916 D SubscriptionController: [updateAllDataConnectionTrackers] sPhones.length=1
02-20 20:12:04.745  1916  1916 D SubscriptionController: [updateAllDataConnectionTrackers] phoneId=0
02-20 20:12:04.745  1916  1916 D DCT     : [0]update sub = 1
02-20 20:12:04.745  1916  1916 D DCT     : [0]update(): Active DDS, register for all events now!
02-20 20:12:04.745  1916  1916 D GsmCdmaPhone: [GsmCdmaPhone] updateCurrentCarrierInProvider: mSubId = 1 currentDds = 1 operatorNumeric = 310260
02-20 20:12:04.761  1916  1916 D SubscriptionController: [broadcastDefaultDataSubIdChanged] subId=1
02-20 20:12:04.762  1916  1916 D SubscriptionController: notifySubscriptionInfoChanged:
02-20 20:12:04.762  1676  1676 I GnssLocationProvider: WakeLock acquired by sendMessage(12, 0, null)
02-20 20:12:04.762  1916  1935 D SubscriptionMonitor: Phone[0] subId changed -2->1, 1 registrants
02-20 20:12:04.762  1916  1935 D SubscriptionMonitor: mDefaultDataSubId = 1, 1 registrants
02-20 20:12:04.764  1916  1916 D SubscriptionInfoUpdater: updateSubscriptionInfoByIccId:- SsubscriptionInfo update complete
02-20 20:12:04.764  1916  1916 D MccTable: updateMccMncConfiguration mccmnc='310260' fromServiceState=false
02-20 20:12:04.764  1916  1916 D MccTable: updateMccMncConfiguration defaultMccMnc=310260
02-20 20:12:04.764  1916  1916 D MccTable: updateMccMncConfiguration: mcc=310, mnc=260
02-20 20:12:04.764  1916  1916 D MccTable: updateMccMncConfiguration updateConfig config={1.0 310mcc260mnc ?localeList ?layoutDir ?swdp ?wdp ?hdp ?density ?lsize ?long ?orien ?uimode ?night ?touch ?keyb/?/? ?nav/?}
02-20 20:12:04.778  1676  1691 W GnssLocationProvider: Could not open GPS configuration file /etc/gps.conf
02-20 20:12:04.778  1676  1691 E GnssLocationProvider: no AGPS interface in set_agps_server
02-20 20:12:04.765  2104  2104 I auditd  : type=1400 audit(0.0:11): avc: denied { getattr } for comm="bootstat" path="/vendor" dev="rootfs" ino=2986 scontext=u:r:bootstat:s0 tcontext=u:object_r:rootfs:s0 tclass=lnk_file permissive=0
02-20 20:12:04.765  2104  2104 W bootstat: type=1400 audit(0.0:11): avc: denied { getattr } for path="/vendor" dev="rootfs" ino=2986 scontext=u:r:bootstat:s0 tcontext=u:object_r:rootfs:s0 tclass=lnk_file permissive=0
02-20 20:12:04.790  2104  2104 I bootstat: Service started: /system/bin/bootstat --record_boot_complete 
02-20 20:12:04.791  2104  2104 I bootstat: Logging histogram: bootstat_mtime_matches_content 1
02-20 20:12:04.791  2104  2104 I sysui_histogram: [bootstat_mtime_matches_content,1]
02-20 20:12:04.792  2104  2104 I bootstat: Logging histogram: bootstat_mtime_matches_content 1
02-20 20:12:04.792  2104  2104 I sysui_histogram: [bootstat_mtime_matches_content,1]
02-20 20:12:04.792  2104  2104 I bootstat: Logging histogram: bootstat_mtime_matches_content 1
02-20 20:12:04.792  2104  2104 I sysui_histogram: [bootstat_mtime_matches_content,1]
02-20 20:12:04.795  1676  1691 I GnssLocationProvider: WakeLock released by handleMessage(12, 0, null)
02-20 20:12:04.798  2106  2106 I bootstat: Service started: /system/bin/bootstat --record_boot_reason 
02-20 20:12:04.798  2106  2106 I bootstat: Unknown boot reason: 
02-20 20:12:04.801  1926  1977 D EGL_emulation: eglMakeCurrent: 0x70ba3a1ef7c0: ver 3 0 (tinfo 0x70ba4469c1e0)
02-20 20:12:04.785  2106  2106 I auditd  : type=1400 audit(0.0:12): avc: denied { getattr } for comm="bootstat" path="/vendor" dev="rootfs" ino=2986 scontext=u:r:bootstat:s0 tcontext=u:object_r:rootfs:s0 tclass=lnk_file permissive=0
02-20 20:12:04.785  2106  2106 W bootstat: type=1400 audit(0.0:12): avc: denied { getattr } for path="/vendor" dev="rootfs" ino=2986 scontext=u:r:bootstat:s0 tcontext=u:object_r:rootfs:s0 tclass=lnk_file permissive=0
02-20 20:12:04.808  2107  2107 I bootstat: Service started: /system/bin/bootstat --record_time_since_factory_reset 
02-20 20:12:04.808  2107  2107 I bootstat: Logging histogram: factory_reset_current_time 1519157524
02-20 20:12:04.808  2107  2107 I sysui_histogram: [factory_reset_current_time,1519157524]
02-20 20:12:04.811  2107  2107 I bootstat: Logging histogram: bootstat_mtime_matches_content 1
02-20 20:12:04.811  2107  2107 I sysui_histogram: [bootstat_mtime_matches_content,1]
02-20 20:12:04.811  2107  2107 I bootstat: Logging histogram: factory_reset_record_value 1519154248
02-20 20:12:04.811  2107  2107 I sysui_histogram: [factory_reset_record_value,1519154248]
02-20 20:12:04.795  2107  2107 I auditd  : type=1400 audit(0.0:13): avc: denied { getattr } for comm="bootstat" path="/vendor" dev="rootfs" ino=2986 scontext=u:r:bootstat:s0 tcontext=u:object_r:rootfs:s0 tclass=lnk_file permissive=0
02-20 20:12:04.795  2107  2107 W bootstat: type=1400 audit(0.0:13): avc: denied { getattr } for path="/vendor" dev="rootfs" ino=2986 scontext=u:r:bootstat:s0 tcontext=u:object_r:rootfs:s0 tclass=lnk_file permissive=0
02-20 20:12:04.486     0     0 I init    : Service 'bootanim' (pid 1346) exited with status 0
02-20 20:12:04.487     0     0 I init    : Starting service 'exec 6 (/system/bin/bootstat)'...
02-20 20:12:04.502     0     0 I init    : Service 'exec 6 (/system/bin/bootstat)' (pid 2104) exited with status 0
02-20 20:12:04.503     0     0 I init    : Starting service 'exec 7 (/system/bin/bootstat)'...
02-20 20:12:04.508     0     0 I init    : Service 'exec 7 (/system/bin/bootstat)' (pid 2106) exited with status 0
02-20 20:12:04.508     0     0 I init    : Starting service 'exec 8 (/system/bin/bootstat)'...
02-20 20:12:04.521     0     0 I init    : Service 'exec 8 (/system/bin/bootstat)' (pid 2107) exited with status 0
02-20 20:12:04.805  2108  2108 I auditd  : type=1400 audit(0.0:14): avc: denied { getattr } for comm="bootstat" path="/vendor" dev="rootfs" ino=2986 scontext=u:r:bootstat:s0 tcontext=u:object_r:rootfs:s0 tclass=lnk_file permissive=0
02-20 20:12:04.805  2108  2108 W bootstat: type=1400 audit(0.0:14): avc: denied { getattr } for path="/vendor" dev="rootfs" ino=2986 scontext=u:r:bootstat:s0 tcontext=u:object_r:rootfs:s0 tclass=lnk_file permissive=0
02-20 20:12:04.815  2108  2108 I bootstat: Service started: /system/bin/bootstat -l 
02-20 20:12:04.815  2108  2108 I bootstat: Logging histogram: bootstat_mtime_matches_content 1
02-20 20:12:04.815  2108  2108 I sysui_histogram: [bootstat_mtime_matches_content,1]
02-20 20:12:04.815  2108  2108 I bootstat: Logging histogram: bootstat_mtime_matches_content 1
02-20 20:12:04.817  2108  2108 I sysui_histogram: [bootstat_mtime_matches_content,1]
02-20 20:12:04.817  2108  2108 I bootstat: Logging histogram: bootstat_mtime_matches_content 1
02-20 20:12:04.817  2108  2108 I sysui_histogram: [bootstat_mtime_matches_content,1]
02-20 20:12:04.817  2108  2108 I bootstat: Logging histogram: bootstat_mtime_matches_content 1
02-20 20:12:04.817  2108  2108 I sysui_histogram: [bootstat_mtime_matches_content,1]
02-20 20:12:04.818  2108  2108 I bootstat: Logging histogram: bootstat_mtime_matches_content 1
02-20 20:12:04.818  2108  2108 I sysui_histogram: [bootstat_mtime_matches_content,1]
02-20 20:12:04.818  2108  2108 I bootstat: Logging histogram: bootstat_mtime_matches_content 1
02-20 20:12:04.818  2108  2108 I sysui_histogram: [bootstat_mtime_matches_content,1]
02-20 20:12:04.818  2108  2108 I bootstat: Logging histogram: bootstat_mtime_matches_content 1
02-20 20:12:04.818  2108  2108 I sysui_histogram: [bootstat_mtime_matches_content,1]
02-20 20:12:04.818  2108  2108 I bootstat: Logging histogram: bootstat_mtime_matches_content 1
02-20 20:12:04.818  2108  2108 I sysui_histogram: [bootstat_mtime_matches_content,1]
02-20 20:12:04.818  2108  2108 I bootstat: Logging histogram: bootstat_mtime_matches_content 1
02-20 20:12:04.818  2108  2108 I sysui_histogram: [bootstat_mtime_matches_content,1]
02-20 20:12:04.818  2108  2108 I bootstat: Logging histogram: bootstat_mtime_matches_content 1
02-20 20:12:04.818  2108  2108 I sysui_histogram: [bootstat_mtime_matches_content,1]
02-20 20:12:04.818  2108  2108 I bootstat: Logging histogram: bootstat_mtime_matches_content 1
02-20 20:12:04.818  2108  2108 I sysui_histogram: [bootstat_mtime_matches_content,1]
02-20 20:12:04.819  2108  2108 I bootstat: Logging histogram: bootstat_mtime_matches_content 1
02-20 20:12:04.819  2108  2108 I sysui_histogram: [bootstat_mtime_matches_content,1]
02-20 20:12:04.819  2108  2108 I bootstat: Logging histogram: bootstat_mtime_matches_content 1
02-20 20:12:04.819  2108  2108 I sysui_histogram: [bootstat_mtime_matches_content,1]
02-20 20:12:04.819  2108  2108 I bootstat: Logging histogram: bootstat_mtime_matches_content 1
02-20 20:12:04.819  2108  2108 I sysui_histogram: [bootstat_mtime_matches_content,1]
02-20 20:12:04.819  2108  2108 I bootstat: Logging histogram: post_decrypt_time_elapsed 2
02-20 20:12:04.819  2108  2108 I sysui_histogram: [post_decrypt_time_elapsed,2]
02-20 20:12:04.819  2108  2108 I bootstat: Logging histogram: last_boot_time_utc 1519157524
02-20 20:12:04.819  2108  2108 I sysui_histogram: [last_boot_time_utc,1519157524]
02-20 20:12:04.819  2108  2108 I bootstat: Logging histogram: build_date 1513095943
02-20 20:12:04.819  2108  2108 I sysui_histogram: [build_date,1513095943]
02-20 20:12:04.819  2108  2108 I bootstat: Logging histogram: boot_decryption_complete 14
02-20 20:12:04.819  2108  2108 I sysui_histogram: [boot_decryption_complete,14]
02-20 20:12:04.819  2108  2108 I bootstat: Logging histogram: ota_boot_complete_post_decrypt 7
02-20 20:12:04.819  2108  2108 I sysui_histogram: [ota_boot_complete_post_decrypt,7]
02-20 20:12:04.819  2108  2108 I bootstat: Logging histogram: ota_boot_complete 9
02-20 20:12:04.819  2108  2108 I sysui_histogram: [ota_boot_complete,9]
02-20 20:12:04.819  2108  2108 I bootstat: Logging histogram: boot_reason 1
02-20 20:12:04.819  2108  2108 I sysui_histogram: [boot_reason,1]
02-20 20:12:04.819  2108  2108 I bootstat: Logging histogram: factory_reset_current_time 1519157524
02-20 20:12:04.819  2108  2108 I sysui_histogram: [factory_reset_current_time,1519157524]
02-20 20:12:04.819  2108  2108 I bootstat: Logging histogram: factory_reset 1519154248
02-20 20:12:04.819  2108  2108 I sysui_histogram: [factory_reset,1519154248]
02-20 20:12:04.819  2108  2108 I bootstat: Logging histogram: time_since_last_boot 80
02-20 20:12:04.819  2108  2108 I sysui_histogram: [time_since_last_boot,80]
02-20 20:12:04.819  2108  2108 I bootstat: Logging histogram: boot_complete_post_decrypt 12
02-20 20:12:04.819  2108  2108 I sysui_histogram: [boot_complete_post_decrypt,12]
02-20 20:12:04.819  2108  2108 I bootstat: Logging histogram: boot_complete 14
02-20 20:12:04.819  2108  2108 I sysui_histogram: [boot_complete,14]
02-20 20:12:04.819  2108  2108 I bootstat: Logging histogram: factory_reset_record_value 1519154248
02-20 20:12:04.819  2108  2108 I sysui_histogram: [factory_reset_record_value,1519154248]
02-20 20:12:04.819  2108  2108 I bootstat: Logging histogram: time_since_factory_reset 3276
02-20 20:12:04.819  2108  2108 I sysui_histogram: [time_since_factory_reset,3276]
02-20 20:12:04.522     0     0 I init    : Starting service 'exec 9 (/system/bin/bootstat)'...
02-20 20:12:04.529     0     0 I init    : Service 'exec 9 (/system/bin/bootstat)' (pid 2108) exited with status 0
02-20 20:12:04.832  1313  1313 I sf_frame_dur: [BootAnimation,0,26,210,14,2,0,0]
02-20 20:12:04.883  1676  1690 W art     : Long monitor contention with owner Binder:1676_1 (1689) at void com.android.server.am.ActivityManagerService.updateConfiguration(android.content.res.Configuration)(ActivityManagerService.java:18937) waiters=0 in int com.android.server.am.ActivityManagerService.broadcastIntent(android.app.IApplicationThread, android.content.Intent, java.lang.String, android.content.IIntentReceiver, int, java.lang.String, android.os.Bundle, java.lang.String[], int, android.os.Bundle, boolean, boolean, int) for 106ms
02-20 20:12:04.883  1676  1690 I dvm_lock_sample: [system_server,1,Binder:1676_2,106,ActivityManagerService.java,18551,-,18937,21]
02-20 20:12:04.884  1916  1916 D SubscriptionController: [setMccMnc]+ mcc/mnc:310/260 subId:1
02-20 20:12:04.895  1916  1916 D SubscriptionController: notifySubscriptionInfoChanged:
02-20 20:12:04.896  1676  1676 I GnssLocationProvider: WakeLock acquired by sendMessage(12, 0, null)
02-20 20:12:04.902  1763  1972 D         : HostConnection::get() New Host Connection established 0x70ba3ca187e0, tid 1972
02-20 20:12:04.912  1763  1972 I OpenGLRenderer: Initialized EGL, version 1.4
02-20 20:12:04.912  1763  1972 D OpenGLRenderer: Swap behavior 1
02-20 20:12:04.913  1916  1916 D SubscriptionController: [getActiveSubscriptionInfo]+ subId=1 subInfo={id=1, iccId=89014103211118510720 simSlotIndex=0 displayName=Android carrierName=Android nameSource=0 iconTint=-16746133 dataRoaming=0 iconBitmap=android.graphics.Bitmap@fb526ee mcc 310 mnc 260}
02-20 20:12:04.914  1916  1916 D SubscriptionInfoUpdater: sim name = Android
02-20 20:12:04.922  1916  1916 D SubscriptionInfoUpdater: Broadcasting intent ACTION_SIM_STATE_CHANGED LOADED reason null for mCardIndex: 0
02-20 20:12:04.923  1676  1676 D WifiService: resetting networks because SIM was loaded
02-20 20:12:04.923  1676  1736 D WifiStateMachine: resetting EAP-SIM/AKA/AKA' networks since SIM was changed
02-20 20:12:04.923  1916  1916 D CarrierConfigLoader: update config for phoneId: 0 simState: LOADED
02-20 20:12:04.923  1916  1916 D CarrierSvcBindHelper: update binding for phoneId: 0 simState: LOADED
02-20 20:12:04.927  1676  1691 W GnssLocationProvider: Could not open GPS configuration file /etc/gps.conf
02-20 20:12:04.927  1676  1691 E GnssLocationProvider: no AGPS interface in set_agps_server
02-20 20:12:04.927  1676  1691 I GnssLocationProvider: WakeLock released by handleMessage(12, 0, null)
02-20 20:12:04.934  1763  1972 D EGL_emulation: eglCreateContext: 0x70ba3ca3afa0: maj 3 min 0 rcv 3
02-20 20:12:04.952  1763  1972 D EGL_emulation: eglMakeCurrent: 0x70ba3ca3afa0: ver 3 0 (tinfo 0x70ba3ca0cf00)
02-20 20:12:04.982  1916  1916 D SubscriptionController: [getActiveSubscriptionInfo]+ subId=1 subInfo={id=1, iccId=89014103211118510720 simSlotIndex=0 displayName=Android carrierName=Android nameSource=0 iconTint=-16746133 dataRoaming=0 iconBitmap=android.graphics.Bitmap@475cdab mcc 310 mnc 260}
02-20 20:12:04.986  1676  1785 I Telecom : PhoneAccountRegistrar: [ComponentInfo{com.android.phone/com.android.services.telephony.TelephonyConnectionService}, [e0184adedf913b076626646d3f52c3b49c39ad6d], UserHandle{0}(icon: Icon(typ=BITMAP size=76x96) -> Icon(typ=BITMAP size=76x96))]: TSI.rPA@ABA
02-20 20:12:04.987  1676  1785 I Telecom : : Sending phone-account registered intent as user: TSI.rPA@ABA
02-20 20:12:04.988  1916  1916 I Telephony: PstnIncomingCallNotifier: Unregistering: Handler (com.android.internal.telephony.GsmCdmaPhone) {a6e4d3a}
02-20 20:12:04.991  1916  1916 D SubscriptionController: [getActiveSubscriptionInfo]+ subId=1 subInfo={id=1, iccId=89014103211118510720 simSlotIndex=0 displayName=Android carrierName=Android nameSource=0 iconTint=-16746133 dataRoaming=0 iconBitmap=android.graphics.Bitmap@11fb0b4 mcc 310 mnc 260}
02-20 20:12:04.991  1676  1691 W GnssLocationProvider: Could not open GPS configuration file /etc/gps.conf
02-20 20:12:04.991  1676  1691 E GnssLocationProvider: no AGPS interface in set_agps_server
02-20 20:12:04.993  1676  1957 I Telecom : PhoneAccountRegistrar: New phone account registered: [[ ] PhoneAccount: ComponentInfo{com.android.phone/com.android.services.telephony.TelephonyConnectionService}, [e2f7d48dd2b5ca523e7313cf4ba0f6ea830b6281], UserHandle{0} Capabilities: CallProvider MultiUser PlaceEmerg SimSub  Schemes: tel voicemail  Extras: null GroupId: [da39a3ee5e6b4b0d3255bfef95601890afd80709]]: TSI.rPA@ABE
02-20 20:12:04.995  1676  1957 I Telecom : : Sending phone-account registered intent as user: TSI.rPA@ABE
02-20 20:12:04.996  1916  1916 I Telephony: AccountEntry: Registered phoneAccount: [[ ] PhoneAccount: ComponentInfo{com.android.phone/com.android.services.telephony.TelephonyConnectionService}, [e2f7d48dd2b5ca523e7313cf4ba0f6ea830b6281], UserHandle{0} Capabilities: CallProvider MultiUser PlaceEmerg SimSub  Schemes: tel voicemail  Extras: null GroupId: [da39a3ee5e6b4b0d3255bfef95601890afd80709]] with handle: ComponentInfo{com.android.phone/com.android.services.telephony.TelephonyConnectionService}, [e2f7d48dd2b5ca523e7313cf4ba0f6ea830b6281], UserHandle{0}
02-20 20:12:04.996  1916  1916 I Telephony: PstnIncomingCallNotifier: Registering: Handler (com.android.internal.telephony.GsmCdmaPhone) {a6e4d3a}
02-20 20:12:04.997  1916  1916 I Telephony: TelecomAccountRegistry: Unregistering phone account ComponentInfo{com.android.phone/com.android.services.telephony.TelephonyConnectionService}, [e0184adedf913b076626646d3f52c3b49c39ad6d], UserHandle{0}.
02-20 20:12:04.999  1676  2075 I Telecom : : Sending phone-account unregistered intent as user: TSI.uPA@ABM
02-20 20:12:05.000  1916  1916 D DCT     : [0]onRecordsLoadedOrSubIdChanged: createAllApnList
02-20 20:12:05.000  1916  1916 D DCT     : [0]createAllApnList: selection=numeric = '310260'
02-20 20:12:05.003  1916  1916 D DCT     : [0]createApnList: X result=[[ApnSettingV3] T-Mobile US, 1, 310260, epc.tmobile.com, , http://mms.msg.eng.t-mobile.com/mms/wapenc, , , , -1, *, IP, IP, true, 0, 0, 0, false, 0, 0, 0, 0, , , false]
