02-20 20:13:17.805  1267  1303 V vold    :     -s
02-20 20:13:17.805  1267  1303 V vold    :     TYPE
02-20 20:13:17.805  1267  1303 V vold    :     -s
02-20 20:13:17.805  1267  1303 V vold    :     UUID
02-20 20:13:17.805  1267  1303 V vold    :     -s
02-20 20:13:17.805  1267  1303 V vold    :     LABEL
02-20 20:13:17.805  1267  1303 V vold    :     /dev/block/vold/disk:253,64
02-20 20:13:17.806  1657  1657 I Zygote  : Process: zygote socket opened, supported ABIS: x86
02-20 20:13:17.806  1365  1559 I art     : Starting a blocking GC HeapTrim
02-20 20:13:17.807  1365  1365 I art     : Starting a blocking GC Background
02-20 20:13:17.814  1657  1782 E WVMExtractor: Failed to open libwvm.so: dlopen failed: library "libwvm.so" not found
02-20 20:13:17.831  1267  1303 V vold    : /dev/block/vold/disk:253,64: LABEL="SDCARD" UUID="1E12-0B12" TYPE="vfat" 
02-20 20:13:17.831  1267  1303 V vold    : 
02-20 20:13:17.832  1657  1730 D VoldConnector: RCV <- {650 public:253,64 0 "disk:253,64" ""}
02-20 20:13:17.832  1657  1730 D VoldConnector: RCV <- {651 public:253,64 0}
02-20 20:13:17.832  1657  1730 D VoldConnector: RCV <- {643 disk:253,64}
02-20 20:13:17.832  1657  1730 D VoldConnector: RCV <- {200 3 Command succeeded}
02-20 20:13:17.833  1657  1729 D VoldConnector: SND -> {4 volume user_added 0 0}
02-20 20:13:17.833  1657  1730 D VoldConnector: RCV <- {200 4 Command succeeded}
02-20 20:13:17.841     0     0 D ieee80211 phy1: hw scan 2432 MHz
02-20 20:13:17.851  1657  1657 W ActivityManager: Slow operation: 58ms so far, now at startProcess: returned from zygote!
02-20 20:13:17.851  1657  1657 W ActivityManager: Slow operation: 58ms so far, now at startProcess: done updating battery stats
02-20 20:13:17.851  1657  1657 I am_proc_start: [0,1795,1037,WebViewLoader-x86,,]
02-20 20:13:17.851  1657  1657 W ActivityManager: Slow operation: 58ms so far, now at startProcess: building log message
02-20 20:13:17.851  1657  1657 I ActivityManager: Start proc 1795:WebViewLoader-x86/1037 [android.webkit.WebViewFactory$RelroFileCreator] for 
02-20 20:13:17.851  1657  1657 W ActivityManager: Slow operation: 58ms so far, now at startProcess: starting to update pids map
02-20 20:13:17.851  1657  1657 W ActivityManager: Slow operation: 58ms so far, now at startProcess: done updating pids map
02-20 20:13:17.851  1657  1657 W ActivityManager: Slow operation: 58ms so far, now at startProcess: done starting proc!
02-20 20:13:17.873  1795  1795 W art     : Unexpected CPU variant for X86 using defaults: x86
02-20 20:13:17.878  1801  1801 W art     : Unexpected CPU variant for X86 using defaults: x86_64
02-20 20:13:17.879  1657  1657 I am_proc_start: [0,1801,1037,WebViewLoader-x86_64,,]
02-20 20:13:17.879  1657  1657 I ActivityManager: Start proc 1801:WebViewLoader-x86_64/1037 [android.webkit.WebViewFactory$RelroFileCreator] for 
02-20 20:13:17.888  1801  1801 V WebViewFactory: RelroFileCreator (64bit = true),  32-bit lib: /system/app/Chrome/Chrome.apk!/lib/x86/libmonochrome.so, 64-bit lib: /system/app/Chrome/Chrome.apk!/lib/x86_64/libmonochrome.so
02-20 20:13:17.893  1657  1691 I am_proc_bound: [0,1759,com.android.inputmethod.latin]
02-20 20:13:17.901  1374  1374 I MediaPlayerService: MediaPlayerService::getOMX
02-20 20:13:17.905  1657  1690 I am_proc_bound: [0,1765,com.android.systemui]
02-20 20:13:17.907  1657  1657 D NetworkManagement: enabling bandwidth control
02-20 20:13:17.908  1657  1729 D VoldConnector: SND -> {5 volume mount emulated 3 -1}
02-20 20:13:17.910  1267  1303 V vold    : Waiting for FUSE to spin up...
02-20 20:13:17.910  1657  1730 D VoldConnector: RCV <- {651 emulated 1}
02-20 20:13:17.910  1657  1730 D VoldConnector: RCV <- {656 emulated /data/media}
02-20 20:13:17.910  1657  1730 D VoldConnector: RCV <- {655 emulated /storage/emulated}
02-20 20:13:17.912  1374  1374 I OMXClient: MuxOMX ctor
02-20 20:13:17.913  1374  1374 I MediaPlayerService: MediaPlayerService::getOMX
02-20 20:13:17.914  1374  1374 I OMXClient: MuxOMX ctor
02-20 20:13:17.914  1371  1371 I OMXMaster: makeComponentInstance(OMX.google.mp3.decoder) in mediacodec process
02-20 20:13:17.960     0     0 D ieee80211 phy1: hw scan 2437 MHz
02-20 20:13:17.958  1820  1820 W sdcard  : Device explicitly disabled sdcardfs
02-20 20:13:17.960  1267  1303 V vold    : Waiting for FUSE to spin up...
02-20 20:13:17.964  1765  1765 W System  : ClassLoader referenced unknown path: /system/priv-app/SystemUIGoogle/lib/x86_64
02-20 20:13:17.974  1795  1795 V WebViewFactory: RelroFileCreator (64bit = false),  32-bit lib: /system/app/Chrome/Chrome.apk!/lib/x86/libmonochrome.so, 64-bit lib: /system/app/Chrome/Chrome.apk!/lib/x86_64/libmonochrome.so
02-20 20:13:17.999     0     0 D SELinux : initialized (dev fuse, type fuse), uses genfs_contexts
02-20 20:13:18.012  1267  1303 V vold    : Waiting for FUSE to spin up...
02-20 20:13:18.023     0     0 D SELinux : initialized (dev fuse, type fuse), uses genfs_contexts
02-20 20:13:18.047  1374  1374 I MediaPlayerService: MediaPlayerService::getOMX
02-20 20:13:18.047  1374  1374 I OMXClient: MuxOMX ctor
02-20 20:13:18.041     0     0 D SELinux : initialized (dev fuse, type fuse), uses genfs_contexts
02-20 20:13:18.048  1371  1388 I OMXMaster: makeComponentInstance(OMX.google.amrnb.decoder) in mediacodec process
02-20 20:13:18.092     0     0 D ieee80211 phy1: hw scan 2442 MHz
02-20 20:13:18.068  1657  1730 D VoldConnector: RCV <- {651 emulated 2}
02-20 20:13:18.068  1657  1730 D VoldConnector: RCV <- {200 5 Command succeeded}
02-20 20:13:18.069  1657  1729 D VoldConnector: SND -> {6 volume mount public:253,64 2 0}
02-20 20:13:18.069  1267  1303 V vold    : /system/bin/blkid
02-20 20:13:18.069  1267  1303 V vold    :     -c
02-20 20:13:18.069  1267  1303 V vold    :     /dev/null
02-20 20:13:18.069  1267  1303 V vold    :     -s
02-20 20:13:18.069  1267  1303 V vold    :     TYPE
02-20 20:13:18.069  1267  1303 V vold    :     -s
02-20 20:13:18.069  1267  1303 V vold    :     UUID
02-20 20:13:18.069  1267  1303 V vold    :     -s
02-20 20:13:18.069  1267  1303 V vold    :     LABEL
02-20 20:13:18.069  1267  1303 V vold    :     /dev/block/vold/public:253,64
02-20 20:13:18.069  1657  1730 D VoldConnector: RCV <- {651 public:253,64 1}
02-20 20:13:18.081  1374  1374 I MediaPlayerService: MediaPlayerService::getOMX
02-20 20:13:18.082  1374  1374 I OMXClient: MuxOMX ctor
02-20 20:13:18.082  1371  1838 I OMXMaster: makeComponentInstance(OMX.google.amrwb.decoder) in mediacodec process
02-20 20:13:18.106  1657  1737 D WifiController: DEFERRED_TOGGLE handled
02-20 20:13:18.108  1374  1374 I MediaPlayerService: MediaPlayerService::getOMX
02-20 20:13:18.108  1374  1374 I OMXClient: MuxOMX ctor
02-20 20:13:18.108  1371  1838 I OMXMaster: makeComponentInstance(OMX.google.aac.decoder) in mediacodec process
02-20 20:13:18.117  1374  1374 I MediaPlayerService: MediaPlayerService::getOMX
02-20 20:13:18.117  1374  1374 I OMXClient: MuxOMX ctor
02-20 20:13:18.117  1371  1371 I OMXMaster: makeComponentInstance(OMX.google.g711.alaw.decoder) in mediacodec process
02-20 20:13:18.146  1375  1689 D SoftapController: Softap fwReload - Ok
02-20 20:13:18.207  1801  1801 I art     : System.exit called, status: 0
02-20 20:13:18.208  1801  1801 I AndroidRuntime: VM exiting with result code 0, cleanup skipped.
02-20 20:13:18.212  1795  1795 I art     : System.exit called, status: 0
02-20 20:13:18.212  1795  1795 I AndroidRuntime: VM exiting with result code 0, cleanup skipped.
02-20 20:13:18.211     0     0 D ieee80211 phy1: hw scan 2447 MHz
02-20 20:13:18.220  1267  1303 V vold    : /dev/block/vold/public:253,64: LABEL="SDCARD" UUID="1E12-0B12" TYPE="vfat" 
02-20 20:13:18.220  1267  1303 V vold    : 
02-20 20:13:18.220  1267  1303 V vold    : /system/bin/fsck_msdos
02-20 20:13:18.220  1267  1303 V vold    :     -p
02-20 20:13:18.220  1267  1303 V vold    :     -f
02-20 20:13:18.220  1267  1303 V vold    :     /dev/block/vold/public:253,64
02-20 20:13:18.221  1657  1730 D VoldConnector: RCV <- {652 public:253,64 vfat}
02-20 20:13:18.221  1657  1730 D VoldConnector: RCV <- {653 public:253,64 1E12-0B12}
02-20 20:13:18.221  1657  1730 D VoldConnector: RCV <- {654 public:253,64 SDCARD}
02-20 20:13:18.234  1765  1765 V SystemUIService: Starting SystemUI services for user 0.
02-20 20:13:18.248  1267  1303 I fsck_msdos: ** /dev/block/vold/public:253,64
02-20 20:13:18.248  1267  1303 I fsck_msdos: ** Phase 1 - Read and Compare FATs
02-20 20:13:18.248  1267  1303 I fsck_msdos: Attempting to allocate 1022 KB for FAT
02-20 20:13:18.289  1374  1374 I MediaPlayerService: MediaPlayerService::getOMX
02-20 20:13:18.289  1374  1374 I OMXClient: MuxOMX ctor
02-20 20:13:18.289  1371  1371 I OMXMaster: makeComponentInstance(OMX.google.g711.mlaw.decoder) in mediacodec process
02-20 20:13:18.290  1657  1657 W NetworkManagement: setDataSaverMode(): already false
02-20 20:13:18.319  1375  1689 D CommandListener: Setting iface cfg
02-20 20:13:18.319  1375  1689 D CommandListener: Trying to bring down wlan0
02-20 20:13:18.320  1375  1689 D CommandListener: Clearing all IP addresses on wlan0
02-20 20:13:18.321  1765  1765 V MediaRouter: Adding route: RouteInfo{ name=Phone, description=null, status=null, category=RouteCategory{ name=null types=ROUTE_TYPE_LIVE_AUDIO ROUTE_TYPE_LIVE_VIDEO  groupable=false }, supportedTypes=ROUTE_TYPE_LIVE_AUDIO ROUTE_TYPE_LIVE_VIDEO , presentationDisplay=null }
02-20 20:13:18.321  1267  1303 I fsck_msdos: Attempting to allocate 1022 KB for FAT
02-20 20:13:18.330     0     0 D ieee80211 phy1: hw scan 2452 MHz
02-20 20:13:18.342     0     0 I init    : Starting service 'wpa_supplicant'...
02-20 20:13:18.326  1765  1765 V MediaRouter: Updating audio routes: AudioRoutesInfo{ type=SPEAKER }
02-20 20:13:18.326  1657  1738 E WifiMonitor: killSupplicant p2pfalse init.svc.wpa_supplicant=unknown init.svc.p2p_supplicant=unknown
02-20 20:13:18.327  1765  1765 V MediaRouter: Selecting route: RouteInfo{ name=Phone, description=null, status=null, category=RouteCategory{ name=null types=ROUTE_TYPE_LIVE_AUDIO ROUTE_TYPE_LIVE_VIDEO  groupable=false }, supportedTypes=ROUTE_TYPE_LIVE_AUDIO ROUTE_TYPE_LIVE_VIDEO , presentationDisplay=null }
02-20 20:13:18.341  1657  1738 E wifi    : Can not initialize the vendor function pointer table
02-20 20:13:18.341  1657  1738 E WifiNative-HAL: Could not start hal
02-20 20:13:18.341  1657  1738 E WifiStateMachine: Failed to start HAL
02-20 20:13:18.357  1657  1691 D TelephonyRegistry: listen oscl: hasNotifySubscriptionInfoChangedOccurred==false no callback
02-20 20:13:18.384  1374  1374 I MediaPlayerService: MediaPlayerService::getOMX
02-20 20:13:18.384  1374  1374 I OMXClient: MuxOMX ctor
02-20 20:13:18.384  1371  1371 I OMXMaster: makeComponentInstance(OMX.google.vorbis.decoder) in mediacodec process
02-20 20:13:18.391  1267  1303 I fsck_msdos: ** Phase 2 - Check Cluster Chains
02-20 20:13:18.392  1267  1303 I fsck_msdos: ** Phase 3 - Checking Directories
02-20 20:13:18.392  1267  1303 I fsck_msdos: ** Phase 4 - Checking for Lost Files
02-20 20:13:18.392  1267  1303 I fsck_msdos: 27 files, 522176 free (261088 clusters)
02-20 20:13:18.413  1267  1303 I Vold    : Filesystem check completed OK
02-20 20:13:18.414  1657  1730 D VoldConnector: RCV <- {656 public:253,64 /mnt/media_rw/1E12-0B12}
02-20 20:13:18.414  1657  1730 D VoldConnector: RCV <- {655 public:253,64 /storage/1E12-0B12}
02-20 20:13:18.418  1267  1303 V vold    : Waiting for FUSE to spin up...
02-20 20:13:18.416     0     0 W FAT-fs (vde): Volume was not properly unmounted. Some data may be corrupt. Please run fsck.
02-20 20:13:18.417     0     0 D SELinux : initialized (dev vde, type vfat), uses genfs_contexts
02-20 20:13:18.423  1868  1868 W sdcard  : Device explicitly disabled sdcardfs
02-20 20:13:18.424  1759  1759 I LatinIME: Hardware accelerated drawing: true
02-20 20:13:18.423     0     0 D SELinux : initialized (dev fuse, type fuse), uses genfs_contexts
02-20 20:13:18.424     0     0 D SELinux : initialized (dev fuse, type fuse), uses genfs_contexts
02-20 20:13:18.424     0     0 D SELinux : initialized (dev fuse, type fuse), uses genfs_contexts
02-20 20:13:18.439  1765  1877 E WVMExtractor: Failed to open libwvm.so: dlopen failed: library "libwvm.so" not found
02-20 20:13:18.439  1864  1864 I wpa_supplicant: Successfully initialized wpa_supplicant
02-20 20:13:18.442  1864  1864 I wpa_supplicant: rfkill: Cannot open RFKILL control device
02-20 20:13:18.444  1657  1738 D WifiMonitor: startMonitoring(wlan0) with mConnected = false
02-20 20:13:18.448     0     0 D ieee80211 phy0: mac80211_hwsim_start
02-20 20:13:18.448     0     0 D ieee80211 phy0: mac80211_hwsim_add_interface (type=2 mac_addr=02:00:00:44:55:66)
02-20 20:13:18.448     0     0 D ieee80211 phy0: mac80211_hwsim_bss_info_changed(changed=0xe)
02-20 20:13:18.448     0     0 D ieee80211 phy0: ERP_CTS_PROT: 0
02-20 20:13:18.448     0     0 D ieee80211 phy0: ERP_PREAMBLE: 0
02-20 20:13:18.448     0     0 D ieee80211 phy0: ERP_SLOT: 0
02-20 20:13:18.448     0     0 D ieee80211 phy0: mac80211_hwsim_conf_tx (queue=0 txop=0 cw_min=15 cw_max=1023 aifs=2)
02-20 20:13:18.448     0     0 D ieee80211 phy0: mac80211_hwsim_conf_tx (queue=1 txop=0 cw_min=15 cw_max=1023 aifs=2)
02-20 20:13:18.448     0     0 D ieee80211 phy0: mac80211_hwsim_conf_tx (queue=2 txop=0 cw_min=15 cw_max=1023 aifs=2)
02-20 20:13:18.448     0     0 D ieee80211 phy0: mac80211_hwsim_conf_tx (queue=3 txop=0 cw_min=15 cw_max=1023 aifs=2)
02-20 20:13:18.448     0     0 D ieee80211 phy0: mac80211_hwsim_bss_info_changed(changed=0x2000)
02-20 20:13:18.448     0     0 D ieee80211 phy0: mac80211_hwsim_config (freq=0 idle=0 ps=0 smps=auto)
02-20 20:13:18.448     0     0 D ieee80211 phy0: mac80211_hwsim_configure_filter
02-20 20:13:18.448     0     0 D ieee80211 phy0: mac80211_hwsim_configure_filter
02-20 20:13:18.448     0     0 D ieee80211 phy0: mac80211_hwsim_configure_filter
02-20 20:13:18.448     0     0 I IPv6    : ADDRCONF(NETDEV_UP): wlan0: link is not ready
02-20 20:13:18.454     0     0 D ieee80211 phy1: hw scan 2457 MHz
02-20 20:13:18.473  1657  1730 D VoldConnector: RCV <- {651 public:253,64 2}
02-20 20:13:18.475  1657  1730 D VoldConnector: RCV <- {200 6 Command succeeded}
02-20 20:13:18.479  1864  1864 I wpa_supplicant: nl80211: Could not re-add multicast membership for vendor events: -2 (No such file or directory)
02-20 20:13:18.498  1657  1657 D NetworkPolicy: setRestrictBackgroundUL(): false
02-20 20:13:18.499  1657  1657 W NetworkManagement: setDataSaverMode(): already false
02-20 20:13:18.515  1374  1374 I MediaPlayerService: MediaPlayerService::getOMX
02-20 20:13:18.515  1374  1374 I OMXClient: MuxOMX ctor
02-20 20:13:18.515  1371  1371 I OMXMaster: makeComponentInstance(OMX.google.opus.decoder) in mediacodec process
02-20 20:13:18.545  1374  1374 I MediaPlayerService: MediaPlayerService::getOMX
02-20 20:13:18.545  1374  1374 I OMXClient: MuxOMX ctor
02-20 20:13:18.546  1371  1371 I OMXMaster: makeComponentInstance(OMX.google.raw.decoder) in mediacodec process
02-20 20:13:18.552  1374  1374 I MediaPlayerService: MediaPlayerService::getOMX
02-20 20:13:18.552  1374  1374 I OMXClient: MuxOMX ctor
02-20 20:13:18.552  1371  1388 I OMXMaster: makeComponentInstance(OMX.google.aac.encoder) in mediacodec process
02-20 20:13:18.559  1374  1374 I MediaPlayerService: MediaPlayerService::getOMX
02-20 20:13:18.560  1374  1374 I OMXClient: MuxOMX ctor
02-20 20:13:18.560  1864  1864 E wpa_supplicant: global ctrl interface @android:wpa_wlan0 matches ctrl interface wlan0 - do not open per-interface ctrl interface
02-20 20:13:18.560  1371  1838 I OMXMaster: makeComponentInstance(OMX.google.amrnb.encoder) in mediacodec process
02-20 20:13:18.562  1657  1738 D WifiConfigManager: Loading config and enabling all networks 
02-20 20:13:18.574  1657  1738 W WifiNetworkHistory: Upgrading network 0 to android.uid.system:1000
02-20 20:13:18.574  1657  1738 D WifiConfigManager: loaded 0 passpoint configs
02-20 20:13:18.575  1759  1759 W InputAttributes: No editor info for this field. Bug?
02-20 20:13:18.575  1657  1738 E IpConfigStore: Error parsing configuration: java.io.FileNotFoundException: /data/misc/wifi/ipconfig.txt (No such file or directory)
02-20 20:13:18.576  1657  1738 D WifiNative-HAL: Setting external_sim to 1
02-20 20:13:18.576  1657  1738 D WifiStateMachine: Setting OUI to DA-A1-19
02-20 20:13:18.578  1657  1738 I WifiConnectivityManager: PNO settings: min5GHzRssi -82 min24GHzRssi -85 currentConnectionBonus 16 sameNetworkBonus 24 secureNetworkBonus 80 initialScoreMax 100
02-20 20:13:18.578  1657  1738 I WifiConnectivityManager: ConnectivityScanManager initialized and disabled
02-20 20:13:18.578  1657  1738 I WifiConnectivityManager: setUntrustedConnectionAllowed: allowed=false
02-20 20:13:18.578  1657  1738 E WifiLogger: no ring buffers found
02-20 20:13:18.578  1657  1738 E WifiLogger: Failed to start packet fate monitoring
02-20 20:13:18.570     0     0 D ieee80211 phy1: hw scan 2462 MHz
02-20 20:13:18.586  1374  1374 I MediaPlayerService: MediaPlayerService::getOMX
02-20 20:13:18.596  1374  1374 I OMXClient: MuxOMX ctor
02-20 20:13:18.596  1371  1371 I OMXMaster: makeComponentInstance(OMX.google.amrwb.encoder) in mediacodec process
02-20 20:13:18.609  1657  1738 I WifiConnectivityManager: Set WiFi enabled
02-20 20:13:18.609  1657  1738 I WifiConnectivityManager: scheduleWatchdogTimer
02-20 20:13:18.611  1374  1374 I MediaPlayerService: MediaPlayerService::getOMX
02-20 20:13:18.611  1374  1374 I OMXClient: MuxOMX ctor
02-20 20:13:18.611  1371  1371 I OMXMaster: makeComponentInstance(OMX.google.flac.encoder) in mediacodec process
02-20 20:13:18.623  1657  1738 D WifiNative-HAL: Failing getSupportedFeatureset because HAL isn't started
02-20 20:13:18.628  1657  1696 E BatteryStatsService: no controller energy info supplied
02-20 20:13:18.628  1657  1696 E KernelCpuSpeedReader: Failed to read cpu-freq: /sys/devices/system/cpu/cpu0/cpufreq/stats/time_in_state (No such file or directory)
02-20 20:13:18.628  1657  1696 E KernelUidCpuTimeReader: Failed to read uid_cputime: /proc/uid_cputime/show_uid_stat (No such file or directory)
02-20 20:13:18.630  1657  1738 D WifiNative-HAL: Failing getSupportedFeatureset because HAL isn't started
02-20 20:13:18.631  1657  1696 E BatteryStatsService: no controller energy info supplied
02-20 20:13:18.631  1657  1696 E KernelCpuSpeedReader: Failed to read cpu-freq: /sys/devices/system/cpu/cpu0/cpufreq/stats/time_in_state (No such file or directory)
02-20 20:13:18.631  1657  1696 E KernelUidCpuTimeReader: Failed to read uid_cputime: /proc/uid_cputime/show_uid_stat (No such file or directory)
02-20 20:13:18.633  1759  1900 I LatinIME:LogUtils: Dictionary info: dictionary = userunigram.en_US ; version = 1519157598 ; date = ?
02-20 20:13:18.652  1759  1900 E ActivityThread: Failed to find provider info for user_dictionary
02-20 20:13:18.654  1759  1900 I LatinIME:LogUtils: Dictionary info: dictionary = UserHistoryDictionary.en_US ; version = 1519157598 ; date = ?
02-20 20:13:18.658  1657  1694 W WindowManager: Keyguard drawn timeout. Setting mKeyguardDrawComplete
02-20 20:13:18.676  1374  1374 I MediaPlayerService: MediaPlayerService::getOMX
02-20 20:13:18.676  1374  1374 I OMXClient: MuxOMX ctor
02-20 20:13:18.676  1371  1838 I OMXMaster: makeComponentInstance(OMX.google.gsm.decoder) in mediacodec process
02-20 20:13:18.690     0     0 D ieee80211 phy1: hw scan complete
02-20 20:13:18.691     0     0 D ieee80211 phy1: mac80211_hwsim_get_survey (idx=0)
02-20 20:13:18.739     0     0 D ieee80211 phy1: mac80211_hwsim_config (freq=0 idle=0 ps=0 smps=auto)
02-20 20:13:18.739     0     0 D ieee80211 phy1: add channel context control: 2447 MHz/width: 2/cfreqs:2437/0 MHz
02-20 20:13:18.739     0     0 D ieee80211 phy1: mac80211_hwsim_bss_info_changed(changed=0x40000)
02-20 20:13:18.739     0     0 D ieee80211 phy1: TX Power: 20 dBm
02-20 20:13:18.739     0     0 D ieee80211 phy1: mac80211_hwsim_bss_info_changed(changed=0x4000)
02-20 20:13:18.739     0     0 D ieee80211 phy1: change channel context control: 2447 MHz/width: 2/cfreqs:2437/0 MHz
02-20 20:13:18.739     0     0 D ieee80211 phy1: mac80211_hwsim_bss_info_changed(changed=0x88340)
02-20 20:13:18.739     0     0 D ieee80211 phy1: BCNINT: 100
02-20 20:13:18.739     0     0 D ieee80211 phy1: BCN EN: 1
02-20 20:13:18.739     0     0 D ieee80211 phy1: mac80211_hwsim_bss_info_changed(changed=0x3e)
02-20 20:13:18.739     0     0 D ieee80211 phy1: ERP_CTS_PROT: 0
02-20 20:13:18.739     0     0 D ieee80211 phy1: ERP_PREAMBLE: 0
02-20 20:13:18.739     0     0 D ieee80211 phy1: ERP_SLOT: 1
02-20 20:13:18.739     0     0 D ieee80211 phy1: HT: op_mode=0x0
02-20 20:13:18.739     0     0 D ieee80211 phy1: BASIC_RATES: 0xf
02-20 20:13:18.739     0     0 D ieee80211 phy1: mac80211_hwsim_conf_tx (queue=0 txop=47 cw_min=3 cw_max=7 aifs=1)
02-20 20:13:18.739     0     0 D ieee80211 phy1: mac80211_hwsim_bss_info_changed(changed=0x2000)
02-20 20:13:18.739     0     0 D ieee80211 phy1: mac80211_hwsim_conf_tx (queue=1 txop=94 cw_min=7 cw_max=15 aifs=1)
02-20 20:13:18.739     0     0 D ieee80211 phy1: mac80211_hwsim_bss_info_changed(changed=0x2000)
02-20 20:13:18.739     0     0 D ieee80211 phy1: mac80211_hwsim_conf_tx (queue=2 txop=0 cw_min=15 cw_max=63 aifs=3)
02-20 20:13:18.739     0     0 D ieee80211 phy1: mac80211_hwsim_bss_info_changed(changed=0x2000)
02-20 20:13:18.739     0     0 D ieee80211 phy1: mac80211_hwsim_conf_tx (queue=3 txop=0 cw_min=15 cw_max=1023 aifs=7)
02-20 20:13:18.739     0     0 D ieee80211 phy1: mac80211_hwsim_bss_info_changed(changed=0x2000)
02-20 20:13:18.739     0     0 I IPv6    : ADDRCONF(NETDEV_CHANGE): wlan1: link becomes ready
02-20 20:13:18.760     0     0 D ieee80211 phy1: mac80211_hwsim_configure_filter
02-20 20:13:18.739  1504  1504 E hostapd : Using interface wlan1 with hwaddr 02:00:00:00:01:00 and ssid "AndroidWifi"
02-20 20:13:18.739  1504  1504 I hostapd : wlan1: interface state HT_SCAN->ENABLED
02-20 20:13:18.739  1504  1504 I hostapd : wlan1: AP-ENABLED 
02-20 20:13:18.754  1657  1657 I SystemServiceManager: Starting phase 600
02-20 20:13:18.756  1765  1765 I vol.Events: writeEvent collection_started
02-20 20:13:18.762  1759  1900 I LatinIME:LogUtils: Dictionary info: dictionary = main:en ; version = 54 ; date = 1414726273
02-20 20:13:18.763  1765  1913 I sysui_action: [213,2]
02-20 20:13:18.763  1765  1913 I vol.Events: writeEvent external_ringer_mode_changed normal
02-20 20:13:18.763  1765  1913 I vol.Events: writeEvent internal_ringer_mode_changed normal
02-20 20:13:18.765  1374  1374 I MediaPlayerService: MediaPlayerService::getOMX
02-20 20:13:18.766  1374  1374 I OMXClient: MuxOMX ctor
02-20 20:13:18.766  1371  1838 I OMXMaster: makeComponentInstance(OMX.google.mpeg4.decoder) in mediacodec process
02-20 20:13:18.776  1657  1657 D SensorNotificationService: Cannot obtain dynamic meta sensor, not supported.
02-20 20:13:18.776  1657  1657 D TelephonyRegistry: listen oscl: hasNotifySubscriptionInfoChangedOccurred==false no callback
02-20 20:13:18.786  1657  1657 I GnssLocationProvider: WakeLock acquired by sendMessage(13, 0, null)
02-20 20:13:18.787  1657  1692 W GnssLocationProvider: Could not open GPS configuration file /etc/gps.conf
02-20 20:13:18.787  1657  1692 E GnssLocationProvider: no AGPS interface in set_agps_server
02-20 20:13:18.790  1657  1657 W LocationProviderProxy-network: Odd, no component found for service com.android.location.service.v3.NetworkLocationProvider
02-20 20:13:18.792  1657  1657 W GeocoderProxy: Odd, no component found for service com.android.location.service.GeocodeProvider
02-20 20:13:18.793  1657  1657 E FlpHardwareProvider: Error hw_get_module 'flp': -2
02-20 20:13:18.793  1657  1657 D LocationManagerService: FLP HAL not supported
02-20 20:13:18.794  1657  1657 W GeofenceProxy: Odd, no component found for service com.android.location.service.GeofenceProvider
02-20 20:13:18.794  1657  1657 E ActivityRecognitionHardware: Error hw_get_module: -2
02-20 20:13:18.794  1657  1657 D LocationManagerService: Hardware Activity-Recognition not supported.
02-20 20:13:18.795  1657  1657 W ActivityRecognitionProxy: Odd, no component found for service com.android.location.service.ActivityRecognitionProvider
02-20 20:13:18.795  1657  1657 I GnssLocationProvider: WakeLock acquired by sendMessage(2, 1, null)
02-20 20:13:18.799  1657  1657 I CommonTimeManagementService: No common time service detected on this platform.  Common time services will be unavailable.
02-20 20:13:18.800  1657  1725 I InputReader: Reconfiguring input devices.  changes=0x00000020
02-20 20:13:18.800  1657  1657 D TelephonyRegistry: systemRunning register for intents
02-20 20:13:18.801  1657  1657 I MmsServiceBroker: Delay connecting to MmsService until an API is called
02-20 20:13:18.801  1657  1725 I InputReader: Reconfiguring input devices.  changes=0x00000010
02-20 20:13:18.820  1657  1657 I am_proc_start: [0,1916,1001,com.android.phone,added application,com.android.phone]
02-20 20:13:18.820  1657  1657 I ActivityManager: Start proc 1916:com.android.phone/1001 for added application com.android.phone
02-20 20:13:18.820  1657  1657 I ActivityManager: START u0 {act=android.intent.action.MAIN cat=[android.intent.category.HOME] flg=0x10000100 cmp=com.android.settings/.FallbackHome} from uid 0 on display 0
02-20 20:13:18.824  1657  1657 W System  : ClassLoader referenced unknown path: 
02-20 20:13:18.824  1657  1657 W System  : ClassLoader referenced unknown path: /system/priv-app/Settings/lib/x86_64
02-20 20:13:18.824  1657  1657 D ApplicationLoaders: ignored Vulkan layer search path /system/priv-app/Settings/lib/x86_64:/system/priv-app/Settings/Settings.apk!/lib/x86_64:/system/lib64:/vendor/lib64 for namespace 0x778184510160
02-20 20:13:18.835  1371  1388 E OMXNodeInstance: getExtensionIndex(55b000f:google.mpeg4.decoder, OMX.google.android.index.configureVideoTunnelMode) ERROR: UnsupportedIndex(0x8000101a)
02-20 20:13:18.835  1371  1371 W OMXNodeInstance: [55b000f:google.mpeg4.decoder] component does not support metadata mode; using fallback
02-20 20:13:18.836  1374  1374 I MediaPlayerService: MediaPlayerService::getOMX
02-20 20:13:18.836  1374  1374 I OMXClient: MuxOMX ctor
02-20 20:13:18.837  1371  1838 I OMXMaster: makeComponentInstance(OMX.google.h263.decoder) in mediacodec process
02-20 20:13:18.838  1657  1657 I ActivityManager: Loaded persisted task ids for user 0
02-20 20:13:18.846  1916  1916 W art     : Unexpected CPU variant for X86 using defaults: x86_64
02-20 20:13:18.847  1657  1657 I am_create_task: [0,1]
02-20 20:13:18.847  1657  1657 I am_create_activity: [0,124406033,1,com.android.settings/.FallbackHome,android.intent.action.MAIN,NULL,NULL,276824320]
02-20 20:13:18.860  1657  1657 I wm_task_created: [1,0]
02-20 20:13:18.861  1657  1657 I wm_task_moved: [1,1,0]
02-20 20:13:18.861  1657  1657 I wm_task_moved: [1,1,0]
02-20 20:13:18.862  1657  1657 I am_focused_activity: [0,com.android.settings/.FallbackHome,startedActivity]
02-20 20:13:18.864  1371  1371 E OMXNodeInstance: getExtensionIndex(55b0010:google.h263.decoder, OMX.google.android.index.configureVideoTunnelMode) ERROR: UnsupportedIndex(0x8000101a)
02-20 20:13:18.865  1371  1388 W OMXNodeInstance: [55b0010:google.h263.decoder] component does not support metadata mode; using fallback
02-20 20:13:18.867  1657  1657 I am_proc_start: [0,1935,1000,com.android.settings,activity,com.android.settings/.FallbackHome]
02-20 20:13:18.867  1657  1657 I ActivityManager: Start proc 1935:com.android.settings/1000 for activity com.android.settings/.FallbackHome
02-20 20:13:18.868  1374  1374 I MediaPlayerService: MediaPlayerService::getOMX
02-20 20:13:18.868  1374  1374 I OMXClient: MuxOMX ctor
02-20 20:13:18.868  1371  1838 I OMXMaster: makeComponentInstance(OMX.google.h264.decoder) in mediacodec process
02-20 20:13:18.870  1657  1690 I am_proc_bound: [0,1916,com.android.phone]
02-20 20:13:18.880  1657  1657 I SystemServer: Enabled StrictMode for system server main thread.
02-20 20:13:18.884  1657  1657 D ConditionProviders.SCP: onConnected
02-20 20:13:18.885  1657  1657 D ZenLog  : set_zen_mode: off,readXml
02-20 20:13:18.894  1935  1935 W art     : Unexpected CPU variant for X86 using defaults: x86_64
02-20 20:13:18.894  1657  1692 D TelephonyRegistry: listen oscl: hasNotifySubscriptionInfoChangedOccurred==false no callback
02-20 20:13:18.897  1916  1916 W System  : ClassLoader referenced unknown path: /system/priv-app/TeleService/lib/x86_64
02-20 20:13:18.900  1374  1374 W ACodec  : [OMX.google.h264.decoder] stopping checking profiles after 32: 2/8000
02-20 20:13:18.900  1371  1838 E OMXNodeInstance: getExtensionIndex(55b0011:google.h264.decoder, OMX.google.android.index.configureVideoTunnelMode) ERROR: UnsupportedIndex(0x8000101a)
02-20 20:13:18.900  1371  1371 W OMXNodeInstance: [55b0011:google.h264.decoder] component does not support metadata mode; using fallback
02-20 20:13:18.901  1374  1374 I MediaPlayerService: MediaPlayerService::getOMX
02-20 20:13:18.912  1374  1374 I OMXClient: MuxOMX ctor
02-20 20:13:18.912  1371  1388 I OMXMaster: makeComponentInstance(OMX.google.hevc.decoder) in mediacodec process
02-20 20:13:18.913  1657  1657 D ConditionProviders: Subscribing to condition://android/schedule?days=6.7&start=23.30&end=10.0&exitAtAlarm=false with ComponentInfo{android/com.android.server.notification.ScheduleConditionProvider}
02-20 20:13:18.914  1657  1657 D ZenLog  : subscribe: condition://android/schedule?days=6.7&start=23.30&end=10.0&exitAtAlarm=false,ok
02-20 20:13:18.914  1657  1657 D ConditionProviders: Subscribing to condition://android/event?userId=-10000&calendar=&reply=1 with ComponentInfo{android/com.android.server.notification.EventConditionProvider}
02-20 20:13:18.914  1657  1657 D ZenLog  : subscribe: condition://android/event?userId=-10000&calendar=&reply=1,ok
02-20 20:13:18.914  1657  1657 D ConditionProviders: Subscribing to condition://android/schedule?days=1.2.3.4.5&start=22.0&end=7.0&exitAtAlarm=false with ComponentInfo{android/com.android.server.notification.ScheduleConditionProvider}
02-20 20:13:18.914  1657  1657 D ZenLog  : subscribe: condition://android/schedule?days=1.2.3.4.5&start=22.0&end=7.0&exitAtAlarm=false,ok
02-20 20:13:18.952  1657  1692 I GnssLocationProvider: WakeLock released by handleMessage(13, 0, null)
02-20 20:13:18.952  1657  1692 E GnssLocationProvider: no AGPS interface in set_agps_server
02-20 20:13:18.952  1657  1740 I WifiScanningService: wifi driver unloaded
02-20 20:13:18.952  1657  1657 D RttService: SCAN_AVAILABLE : 1
02-20 20:13:18.953  1657  1657 D ZenLog  : set_zen_mode: off,cleanUpZenRules
02-20 20:13:18.953  1657  1741 D RttService: DefaultState got{ when=-1ms what=160513 target=com.android.internal.util.StateMachine$SmHandler }
02-20 20:13:18.954  1657  1794 I am_proc_bound: [0,1935,com.android.settings]
02-20 20:13:18.960  1657  1692 I GnssLocationProvider: WakeLock released by handleMessage(2, 1, null)
02-20 20:13:18.961  1657  1692 W LocationProviderProxy-network: Odd, no component found for service com.android.location.service.v3.NetworkLocationProvider
02-20 20:13:18.964  1657  1692 W GeocoderProxy: Odd, no component found for service com.android.location.service.GeocodeProvider
02-20 20:13:18.965  1657  1692 W GeofenceProxy: Odd, no component found for service com.android.location.service.GeofenceProvider
02-20 20:13:18.965  1657  1692 W ActivityRecognitionProxy: Odd, no component found for service com.android.location.service.ActivityRecognitionProvider
02-20 20:13:18.985  1312  1323 D PermissionCache: checking android.permission.READ_FRAME_BUFFER for uid=1000 => granted (372 us)
02-20 20:13:18.992  1371  1838 E OMXNodeInstance: getExtensionIndex(55b0012:google.hevc.decoder, OMX.google.android.index.configureVideoTunnelMode) ERROR: UnsupportedIndex(0x8000101a)
02-20 20:13:18.992  1371  1371 W OMXNodeInstance: [55b0012:google.hevc.decoder] component does not support metadata mode; using fallback
02-20 20:13:18.994  1374  1374 I MediaPlayerService: MediaPlayerService::getOMX
02-20 20:13:18.994  1374  1374 I OMXClient: MuxOMX ctor
02-20 20:13:18.994  1371  1388 I OMXMaster: makeComponentInstance(OMX.google.vp8.decoder) in mediacodec process
02-20 20:13:19.026  1371  1388 E OMXNodeInstance: getExtensionIndex(55b0013:google.vp8.decoder, OMX.google.android.index.configureVideoTunnelMode) ERROR: UnsupportedIndex(0x8000101a)
02-20 20:13:19.026  1371  1371 W OMXNodeInstance: [55b0013:google.vp8.decoder] component does not support metadata mode; using fallback
02-20 20:13:19.027  1312  1323 D gralloc_ranchu: gralloc_alloc: Creating ashmem region of size 17051648
02-20 20:13:19.028  1374  1374 I MediaPlayerService: MediaPlayerService::getOMX
02-20 20:13:19.028  1374  1374 I OMXClient: MuxOMX ctor
02-20 20:13:19.029  1371  1388 I OMXMaster: makeComponentInstance(OMX.google.vp9.decoder) in mediacodec process
02-20 20:13:19.052  1371  1838 E OMXNodeInstance: getExtensionIndex(55b0014:google.vp9.decoder, OMX.google.android.index.configureVideoTunnelMode) ERROR: UnsupportedIndex(0x8000101a)
02-20 20:13:19.052  1371  1371 W OMXNodeInstance: [55b0014:google.vp9.decoder] component does not support metadata mode; using fallback
02-20 20:13:19.054  1374  1374 I MediaPlayerService: MediaPlayerService::getOMX
02-20 20:13:19.054  1374  1374 I OMXClient: MuxOMX ctor
02-20 20:13:19.054  1371  1388 I OMXMaster: makeComponentInstance(OMX.google.h263.encoder) in mediacodec process
02-20 20:13:19.080  1371  1388 I SoftMPEG4Encoder: Construct SoftMPEG4Encoder
02-20 20:13:19.085  1374  1374 W ACodec  : do not know color format 0x7f000789 = 2130708361
02-20 20:13:19.085  1371  1371 E OMXNodeInstance: getConfig(55b0015:google.h263.encoder, ConfigAndroidIntraRefresh(0x6f60000a)) ERROR: Undefined(0x80001001)
02-20 20:13:19.087  1374  1374 I MediaPlayerService: MediaPlayerService::getOMX
02-20 20:13:19.088  1374  1374 I OMXClient: MuxOMX ctor
02-20 20:13:19.088  1371  1388 I OMXMaster: makeComponentInstance(OMX.google.h264.encoder) in mediacodec process
02-20 20:13:19.112  1374  1374 W ACodec  : do not know color format 0x7f000789 = 2130708361
02-20 20:13:19.114  1374  1374 I MediaPlayerService: MediaPlayerService::getOMX
02-20 20:13:19.114  1374  1374 I OMXClient: MuxOMX ctor
02-20 20:13:19.114  1371  1371 I OMXMaster: makeComponentInstance(OMX.google.mpeg4.encoder) in mediacodec process
02-20 20:13:19.132  1371  1371 I SoftMPEG4Encoder: Construct SoftMPEG4Encoder
02-20 20:13:19.134  1374  1374 W ACodec  : do not know color format 0x7f000789 = 2130708361
02-20 20:13:19.135  1371  1371 E OMXNodeInstance: getConfig(55b0017:google.mpeg4.encoder, ConfigAndroidIntraRefresh(0x6f60000a)) ERROR: Undefined(0x80001001)
02-20 20:13:19.136  1374  1374 I MediaPlayerService: MediaPlayerService::getOMX
02-20 20:13:19.136  1374  1374 I OMXClient: MuxOMX ctor
02-20 20:13:19.136  1371  1388 I OMXMaster: makeComponentInstance(OMX.google.vp8.encoder) in mediacodec process
02-20 20:13:19.181  1657  1794 I am_restart_activity: [0,124406033,1,com.android.settings/.FallbackHome]
02-20 20:13:19.186  1657  1700 W art     : Long monitor contention with owner Binder:1657_4 (1794) at void com.android.server.am.ActivityManagerService.attachApplication(android.app.IApplicationThread)(ActivityManagerService.java:6669) waiters=1 in void com.android.server.am.ActivityManagerService$LocalService.notifyAppTransitionCancelled() for 224ms
02-20 20:13:19.186  1657  1700 I dvm_lock_sample: [system_server,1,android.display,224,ActivityManagerService.java,21995,-,6669,44]
02-20 20:13:19.204  1935  1935 W System  : ClassLoader referenced unknown path: /system/priv-app/Settings/lib/x86_64
02-20 20:13:19.214  1657  1657 W System  : ClassLoader referenced unknown path: /system/priv-app/Telecom/lib/x86_64
02-20 20:13:19.216  1657  1657 D ApplicationLoaders: ignored Vulkan layer search path /system/priv-app/Telecom/lib/x86_64:/system/priv-app/Telecom/Telecom.apk!/lib/x86_64:/system/lib64:/vendor/lib64 for namespace 0x7781845101d0
02-20 20:13:19.217  1916  1916 W System  : ClassLoader referenced unknown path: /system/priv-app/TelephonyProvider/lib/x86_64
02-20 20:13:19.218  1916  1916 D ApplicationLoaders: ignored Vulkan layer search path /system/priv-app/TelephonyProvider/lib/x86_64:/system/lib64:/vendor/lib64 for namespace 0x7781844a50f0
02-20 20:13:19.218  1374  1374 W ACodec  : do not know color format 0x7f000789 = 2130708361
02-20 20:13:19.218  1371  1838 E OMXNodeInstance: getConfig(55b0018:google.vp8.encoder, ConfigAndroidIntraRefresh(0x6f60000a)) ERROR: Undefined(0x80001001)
02-20 20:13:19.219  1374  1374 I MediaPlayerService: MediaPlayerService::getOMX
02-20 20:13:19.219  1374  1374 I OMXClient: MuxOMX ctor
02-20 20:13:19.220  1374  1374 I MediaPlayerService: MediaPlayerService::getOMX
02-20 20:13:19.221  1374  1374 I OMXClient: MuxOMX ctor
02-20 20:13:19.221  1374  1374 W MediaCodecList: unable to open media codecs configuration xml file: /data/misc/media/media_codecs_profiling_results.xml
02-20 20:13:19.222  1374  1408 I MediaPlayerService: MediaPlayerService::getOMX
02-20 20:13:19.222  1374  1883 I MediaPlayerService: MediaPlayerService::getOMX
02-20 20:13:19.224  1657  1818 I OMXClient: MuxOMX ctor
02-20 20:13:19.224  1765  1880 I OMXClient: MuxOMX ctor
02-20 20:13:19.225  1371  1838 I OMXMaster: makeComponentInstance(OMX.google.vorbis.decoder) in mediacodec process
02-20 20:13:19.271  1371  1371 I OMXMaster: makeComponentInstance(OMX.google.vorbis.decoder) in mediacodec process
02-20 20:13:19.324  1657  1691 I stream_devices_changed: [0,0,2]
02-20 20:13:19.332  1657  1691 I stream_devices_changed: [2,0,2]
02-20 20:13:19.335  1657  1691 I stream_devices_changed: [3,0,2]
02-20 20:13:19.335  1657  1691 I stream_devices_changed: [6,0,2]
02-20 20:13:19.336  1916  1916 D TelephonyProvider: dbh.onOpen: ok, queried table=siminfo
02-20 20:13:19.337  1916  1916 D TelephonyProvider: dbh.onOpen: ok, queried table=carriers
02-20 20:13:19.338  1935  1935 I am_on_resume_called: [0,com.android.settings.FallbackHome,LAUNCH_ACTIVITY]
02-20 20:13:19.338  1657  1691 I stream_devices_changed: [4,0,2]
02-20 20:13:19.339  1765  1913 I vol.Events: writeEvent level_changed STREAM_ALARM 6
02-20 20:13:19.347  1312  1323 E SurfaceFlinger: ro.sf.lcd_density must be defined as a build property
02-20 20:13:19.359  1657  1657 E BluetoothAdapter: Bluetooth binder is null
02-20 20:13:19.378  1374  1374 I MediaPlayerService: MediaPlayerService::getOMX
02-20 20:13:19.379  1657  1990 I OMXClient: MuxOMX ctor
02-20 20:13:19.382  1765  1913 I vol.Events: writeEvent level_changed STREAM_BLUETOOTH_SCO 7
02-20 20:13:19.383  1765  1913 I vol.Events: writeEvent level_changed STREAM_MUSIC 11
02-20 20:13:19.384  1371  1388 I OMXMaster: makeComponentInstance(OMX.google.vorbis.decoder) in mediacodec process
02-20 20:13:19.384  1765  1913 I vol.Events: writeEvent level_changed STREAM_RING 5
02-20 20:13:19.385  1765  1913 I vol.Events: writeEvent level_changed STREAM_SYSTEM 5
02-20 20:13:19.385  1765  1913 I vol.Events: writeEvent level_changed STREAM_VOICE_CALL 4
02-20 20:13:19.388  1374  1976 I MediaPlayerService: MediaPlayerService::getOMX
02-20 20:13:19.388  1765  1991 I OMXClient: MuxOMX ctor
02-20 20:13:19.391  1312  1359 E SurfaceFlinger: ro.sf.lcd_density must be defined as a build property
02-20 20:13:19.395  1935  1935 D         : HostConnection::get() New Host Connection established 0x7781759a0be0, tid 1935
02-20 20:13:19.398  1765  1765 D         : HostConnection::get() New Host Connection established 0x7781759b9a20, tid 1765
02-20 20:13:19.413  1657  1657 I Telecom : SystemStateProvider: Registering car mode receiver: android.content.IntentFilter@b455c9d: TS.init@AAA
02-20 20:13:19.430  1371  1371 I OMXMaster: makeComponentInstance(OMX.google.vorbis.decoder) in mediacodec process
02-20 20:13:19.453  1657  1998 I Telecom : CallAudioModeStateMachine: Message received: null.: TS.init->CAMSM.pM_1@AAA_0
02-20 20:13:19.462  1657  1657 E BluetoothAdapter: Bluetooth binder is null
02-20 20:13:19.462  1657  1999 E ActivityThread: Failed to find provider info for call_log
02-20 20:13:19.466  1916  1916 D TDC     : updateOrInsert: inserting: Modem { uuid=modem, state=0, rilModel=0, rat={}, maxActiveVoiceCall=1, maxActiveDataCall=1, maxStandby=1 }
02-20 20:13:19.466  1916  1916 D TDC     : updateOrInsert: inserting: Sim { uuid=sim, modemUuid=modem, state=0 }
02-20 20:13:19.453  1657  1993 I Telecom : Telecom: Non-call EVENT: AUDIO_ROUTE, Entering state QuiescentEarpieceRoute
02-20 20:13:19.468  1657  1657 I Telecom : Class: TelecomSystem.INSTANCE being set
02-20 20:13:19.469  1657  1657 E BluetoothAdapter: Bluetooth binder is null
02-20 20:13:19.469  1935  1985 D         : HostConnection::get() New Host Connection established 0x7781759a0ca0, tid 1985
02-20 20:13:19.471  1935  1985 I OpenGLRenderer: Initialized EGL, version 1.4
02-20 20:13:19.471  1935  1985 D OpenGLRenderer: Swap behavior 1
02-20 20:13:19.471  1657  1657 W ContextImpl: Calling a method in the system process without a qualified user: android.app.ContextImpl.startService:1357 com.android.server.content.SyncManager$13.run:658 android.os.Handler.handleCallback:751 android.os.Handler.dispatchMessage:95 android.os.Looper.loop:154 
02-20 20:13:19.501  1935  1985 D EGL_emulation: eglCreateContext: 0x7781758a3e40: maj 3 min 0 rcv 3
02-20 20:13:19.503  1657  1740 I WifiScanningService: wifi driver loaded with scan capabilities: max buckets=16
02-20 20:13:19.507  1657  1657 D RttService: SCAN_AVAILABLE : 3
02-20 20:13:19.520  1374  1976 I MediaPlayerService: MediaPlayerService::getOMX
02-20 20:13:19.521  1657  2005 I OMXClient: MuxOMX ctor
02-20 20:13:19.521  1657  1741 D RttService: DefaultState got{ when=-14ms what=160512 target=com.android.internal.util.StateMachine$SmHandler }
02-20 20:13:19.521  1371  1371 I OMXMaster: makeComponentInstance(OMX.google.vorbis.decoder) in mediacodec process
02-20 20:13:19.533  1916  1916 D CdmaSSM : subscriptionSource from settings: 0
02-20 20:13:19.534  1916  1916 I PhoneFactory: Cdma Subscription set to 0
02-20 20:13:19.536  1765  1991 W AMessage: failed to deliver message as target handler 5 is gone.
02-20 20:13:19.542  1765  1765 D StorageNotification: Notifying about private volume: VolumeInfo{private}:
02-20 20:13:19.542  1765  1765 D StorageNotification:     type=PRIVATE diskId=null partGuid=null mountFlags=0 mountUserId=-1 
02-20 20:13:19.542  1765  1765 D StorageNotification:     state=MOUNTED 
02-20 20:13:19.542  1765  1765 D StorageNotification:     fsType=null fsUuid=null fsLabel=null 
02-20 20:13:19.542  1765  1765 D StorageNotification:     path=/data internalPath=null 
02-20 20:13:19.544  1765  1765 D StorageNotification: Notifying about public volume: VolumeInfo{public:253,64}:
02-20 20:13:19.544  1765  1765 D StorageNotification:     type=PUBLIC diskId=disk:253,64 partGuid=null mountFlags=VISIBLE 
02-20 20:13:19.544  1765  1765 D StorageNotification:     mountUserId=0 state=MOUNTED 
02-20 20:13:19.544  1765  1765 D StorageNotification:     fsType=vfat fsUuid=1E12-0B12 fsLabel=SDCARD 
02-20 20:13:19.544  1765  1765 D StorageNotification:     path=/storage/1E12-0B12 internalPath=/mnt/media_rw/1E12-0B12 
02-20 20:13:19.545  1916  1916 I PhoneFactory: Network Mode set to 0
02-20 20:13:19.550  1916  1916 D RILJ    : RIL(context, preferredNetworkType=0 cdmaSubscription=0)
02-20 20:13:19.559  1374  1976 I MediaPlayerService: MediaPlayerService::getOMX
02-20 20:13:19.559  1765  2014 I OMXClient: MuxOMX ctor
02-20 20:13:19.561  1371  1981 I OMXMaster: makeComponentInstance(OMX.google.vorbis.decoder) in mediacodec process
02-20 20:13:19.561  1916  1916 D RILJ    : Starting RILReceiver0 [SUB0]
02-20 20:13:19.563  1376  1500 I RILC    : libril: new connection to RIL_SOCKET_1
02-20 20:13:19.563  1376  1500 I RILC    : RIL Daemon version: android reference-ril 1.0
02-20 20:13:19.563  1916  2017 I RILJ    : (0) Connected to 'rild' socket
02-20 20:13:19.564  1916  2017 D RILJ    : [UNSL]< UNSOL_RIL_CONNECTED {12} [SUB0]
02-20 20:13:19.565  1916  1916 D RILJ    : [3648]> GET_HARDWARE_CONFIG [SUB0]
02-20 20:13:19.569  1916  2017 D RILJ    : [3649]> RADIO_POWER off [SUB0]
02-20 20:13:19.572  1657  1657 W System  : ClassLoader referenced unknown path: /system/priv-app/FusedLocation/lib/x86_64
02-20 20:13:19.573  1657  1657 D ApplicationLoaders: ignored Vulkan layer search path /system/priv-app/FusedLocation/lib/x86_64:/system/priv-app/FusedLocation/FusedLocation.apk!/lib/x86_64:/system/lib64:/vendor/lib64 for namespace 0x778184510240
02-20 20:13:19.574  1935  1985 D EGL_emulation: eglMakeCurrent: 0x7781758a3e40: ver 3 0 (tinfo 0x7781759e7e60)
02-20 20:13:19.586  1916  1916 I PhoneFactory: Creating SubscriptionController
02-20 20:13:19.596  1916  2017 D RILJ    : [3650]> RIL_REQUEST_CDMA_SET_SUBSCRIPTION_SOURCE : 0 [SUB0]
02-20 20:13:19.596  1916  2017 D RILJ    : setCellInfoListRate: 2147483647 [SUB0]
02-20 20:13:19.596  1916  2017 D RILJ    : [3651]> RIL_REQUEST_SET_CELL_INFO_LIST_RATE [SUB0]
02-20 20:13:19.599  1916  2017 D RILJ    : [UNSL]< UNSOL_RESPONSE_RADIO_STATE_CHANGED RADIO_OFF [SUB0]
02-20 20:13:19.599  1916  2017 D RILJ    : [3652]> SCREEN_STATE: true [SUB0]
02-20 20:13:19.600  1916  1916 D SubscriptionController: [SubscriptionController] init by Context
02-20 20:13:19.603  1376  1500 D RIL     : onRequest: GET_HARDWARE_CONFIG
02-20 20:13:19.603  1376  1500 D RIL     : onRequest: RADIO_POWER
02-20 20:13:19.603  1376  1500 D RIL     : onRequest: CDMA_SET_SUBSCRIPTION_SOURCE
02-20 20:13:19.603  1376  1500 D RIL     : onRequest: SET_UNSOL_CELL_INFO_LIST_RATE
02-20 20:13:19.605  1376  1500 D RIL     : onRequest: SCREEN_STATE
02-20 20:13:19.605  1916  2017 D RILJ    : [UNSL]< UNSOL_NITZ_TIME_RECEIVED 18/02/20:20:13:13+0:0:Unknown!Unknown [SUB0]
02-20 20:13:19.616  1916  2017 D RilRequest: [3648]< GET_HARDWARE_CONFIG error: com.android.internal.telephony.CommandException: RADIO_NOT_AVAILABLE ret=
02-20 20:13:19.616  1916  2017 D RILJ    : [3649]< RADIO_POWER  [SUB0]
02-20 20:13:19.617  1916  2017 D RilRequest: [3650]< RIL_REQUEST_CDMA_SET_SUBSCRIPTION_SOURCE error: com.android.internal.telephony.CommandException: RADIO_NOT_AVAILABLE ret=
02-20 20:13:19.618  1916  2017 D RilRequest: [3651]< RIL_REQUEST_SET_CELL_INFO_LIST_RATE error: com.android.internal.telephony.CommandException: RADIO_NOT_AVAILABLE ret=
02-20 20:13:19.618  1916  2017 D RilRequest: [3652]< SCREEN_STATE error: com.android.internal.telephony.CommandException: RADIO_NOT_AVAILABLE ret=
02-20 20:13:19.629  1657  1657 D GpsNetInitiatedHandler: location enabled :true
02-20 20:13:19.629  1657  1657 V WiredAccessoryManager: notifyWiredAccessoryChanged: when=0 bits= mask=54
02-20 20:13:19.629  1657  1657 V WiredAccessoryManager: newName=h2w newState=0 headsetState=0 prev headsetState=0
02-20 20:13:19.629  1657  1657 E WiredAccessoryManager: No state change.
02-20 20:13:19.629  1657  1657 V WiredAccessoryManager: init()
02-20 20:13:19.673  1374  1374 I MediaPlayerService: MediaPlayerService::getOMX
02-20 20:13:19.673  1657  1694 I dvm_lock_sample: [system_server,1,android.ui,18,MessageQueue.java,325,-,541,3]
02-20 20:13:19.673  1657  2023 I OMXClient: MuxOMX ctor
02-20 20:13:19.673  1916  1916 D UiccController: Creating UiccController
02-20 20:13:19.673  1371  1371 I OMXMaster: makeComponentInstance(OMX.google.vorbis.decoder) in mediacodec process
02-20 20:13:19.681  1935  1985 D EGL_emulation: eglMakeCurrent: 0x7781758a3e40: ver 3 0 (tinfo 0x7781759e7e60)
02-20 20:13:19.696  1916  1916 D TelephonyTester: register for intent action=com.android.internal.telephony.action_detached
02-20 20:13:19.696  1916  1916 D TelephonyTester: register for intent action=com.android.internal.telephony.action_attached
02-20 20:13:19.727  1657  1657 W VibratorService: Tried to stop vibrating but there is no vibrator device.
02-20 20:13:19.729  1657  1657 D ConditionProviders.SCP: onSubscribe condition://android/schedule?days=6.7&start=23.30&end=10.0&exitAtAlarm=false
02-20 20:13:19.729  1657  1657 D ConditionProviders.SCP: setRegistered true
02-20 20:13:19.732  1657  1657 D ConditionProviders.SCP: notifyCondition condition://android/schedule?days=6.7&start=23.30&end=10.0&exitAtAlarm=false STATE_FALSE reason=!meetsSchedule
02-20 20:13:19.733  1657  1657 D ConditionProviders.SCP: Scheduling evaluate for Tue Feb 20 23:30:00 GMT+00:00 2018 (1519169400000), in +3h16m40s271ms, now=Tue Feb 20 20:13:19 GMT+00:00 2018 (1519157599729)
02-20 20:13:19.734  1657  1657 D ConditionProviders.SCP: onSubscribe condition://android/schedule?days=1.2.3.4.5&start=22.0&end=7.0&exitAtAlarm=false
02-20 20:13:19.734  1657  1657 D ConditionProviders.SCP: notifyCondition condition://android/schedule?days=6.7&start=23.30&end=10.0&exitAtAlarm=false STATE_FALSE reason=!meetsSchedule
02-20 20:13:19.734  1657  1657 D ConditionProviders.SCP: notifyCondition condition://android/schedule?days=1.2.3.4.5&start=22.0&end=7.0&exitAtAlarm=false STATE_FALSE reason=!meetsSchedule
02-20 20:13:19.734  1657  1657 D ConditionProviders.SCP: Scheduling evaluate for Tue Feb 20 22:00:00 GMT+00:00 2018 (1519164000000), in +1h46m40s266ms, now=Tue Feb 20 20:13:19 GMT+00:00 2018 (1519157599734)
02-20 20:13:19.736  1916  1916 D Phone   : mDoesRilSendMultipleCallRing=true
02-20 20:13:19.736  1657  1734 I netstats_mobile_sample: [0,0,0,0,0,0,0,0,0,0,0,0,-1]
02-20 20:13:19.736  1916  1916 D Phone   : mCallRingDelay=3000
02-20 20:13:19.736  1657  1734 I netstats_wifi_sample: [0,0,0,0,0,0,0,0,0,0,0,0,-1]
02-20 20:13:19.738  1657  1657 I Telecom : WiredHeadsetManager: ACTION_HEADSET_PLUG event, plugged in: false, : WHC.oADA@AAE
02-20 20:13:19.740  1916  1916 D RILJ    : [3653]> RIL_REQUEST_START_LCE [SUB0]
02-20 20:13:19.741  1376  1500 D RIL     : onRequest: <unknown request>
02-20 20:13:19.741  1916  2017 D RilRequest: [3653]< RIL_REQUEST_START_LCE error: com.android.internal.telephony.CommandException: RADIO_NOT_AVAILABLE ret=
02-20 20:13:19.758  1657  1693 I boot_progress_enable_screen: 11758
