02-20 20:14:36.239  1364  1364 V EmulatedCamera_BaseCamera: getCameraInfo
02-20 20:14:36.239  1918  1918 D RuimRecords: [RuimRecords] EF_CSIM_EPRL LOADED
02-20 20:14:36.239  1918  1918 E RuimRecords: [RuimRecords] Record Load Exception: com.android.internal.telephony.CommandException: GENERIC_FAILURE
02-20 20:14:36.239  1918  1918 D RuimRecords: [RuimRecords] onRecordLoaded 2 requested: true
02-20 20:14:36.239  1918  1918 D RuimRecords: [RuimRecords] EF_CSIM_MIPUPP LOADED
02-20 20:14:36.239  1918  1918 E RuimRecords: [RuimRecords] Record Load Exception: com.android.internal.telephony.CommandException: GENERIC_FAILURE
02-20 20:14:36.239  1918  1918 D RuimRecords: [RuimRecords] onRecordLoaded 1 requested: true
02-20 20:14:36.239  1918  1918 D SubscriptionInfoUpdater: [Receiver]+
02-20 20:14:36.239  1918  1918 D SubscriptionInfoUpdater: Action: android.intent.action.SIM_STATE_CHANGED
02-20 20:14:36.239  1918  1918 D SubscriptionInfoUpdater: slotId: 0
02-20 20:14:36.239  1918  1918 D SubscriptionInfoUpdater: simStatus: IMSI
02-20 20:14:36.239  1918  1918 D SubscriptionInfoUpdater: Ignoring simStatus: IMSI
02-20 20:14:36.239  1918  1918 D SubscriptionInfoUpdater: [Receiver]-
02-20 20:14:36.239  1918  1918 D SIMRecords: [SIMRecords] iccid: 89014103211118510720
02-20 20:14:36.239  1918  1918 D SIMRecords: [SIMRecords] onRecordLoaded 10 requested: true
02-20 20:14:36.239  1918  1918 D RILJ    : [3733]> iccIO: SIM_IO 0xb0 0x6f14  path: 3F007F20,0,0,20 aid: null [SUB0]
02-20 20:14:36.241  1918  1918 D SIMRecords: [SIMRecords] EF_MBI: 01000000
02-20 20:14:36.241  1918  1918 D SIMRecords: [SIMRecords] Got valid mailbox number for MBDN
02-20 20:14:36.241  1918  1918 D RILJ    : [3734]> iccIO: SIM_IO 0xc0 0x6fc7  path: 3F007F20,0,0,15 aid: null [SUB0]
02-20 20:14:36.242  1373  1472 D RIL     : onRequest: SIM_IO
02-20 20:14:36.242  1373  1472 D AT      : AT> AT+CRSM=176,28436,0,0,20
02-20 20:14:36.242  1373  1476 D AT      : AT< +CRSM: 144,0,416e64726f6964ffffffffffffffffffffffffff
02-20 20:14:36.242  1373  1476 D AT      : AT< OK
02-20 20:14:36.242  1918  1987 D RILJ    : [3733]< SIM_IO IccIoResponse sw1:0x90 sw2:0x0 [SUB0]
02-20 20:14:36.242  1373  1472 D RIL     : onRequest: SIM_IO
02-20 20:14:36.242  1373  1472 D AT      : AT> AT+CRSM=192,28615,0,0,15
02-20 20:14:36.242  1918  1918 D SIMRecords: [SIMRecords] onRecordLoaded 10 requested: true
02-20 20:14:36.242  1918  1918 D SIMRecords: [SIMRecords] EF_AD: 00000003
02-20 20:14:36.242  1918  1918 D SIMRecords: [SIMRecords] setting4 mMncLength=3
02-20 20:14:36.242  1918  1918 D SIMRecords: [SIMRecords] update mccmnc=310260
02-20 20:14:36.242  1918  1918 D MccTable: updateMccMncConfiguration mccmnc='310260' fromServiceState=false
02-20 20:14:36.242  1373  1476 D AT      : AT< +CRSM: 144,0,000000406fc7040011a0aa01020120
02-20 20:14:36.242  1373  1476 D AT      : AT< OK
02-20 20:14:36.243  1918  1987 D RILJ    : [3734]< SIM_IO IccIoResponse sw1:0x90 sw2:0x0 [SUB0]
02-20 20:14:36.243  1918  1918 D SubscriptionController: [getPhoneId]- no sims, returning default phoneId=2147483647
02-20 20:14:36.243  1918  1918 D MccTable: updateMccMncConfiguration defaultMccMnc=
02-20 20:14:36.243  1918  1918 D MccTable: updateMccMncConfiguration: mcc=310, mnc=260
02-20 20:14:36.243  1918  1918 D MccTable: updateMccMncConfiguration updateConfig config={1.0 310mcc260mnc ?localeList ?layoutDir ?swdp ?wdp ?hdp ?density ?lsize ?long ?orien ?uimode ?night ?touch ?keyb/?/? ?nav/?}
02-20 20:14:36.243  1676  1688 I configuration_changed: 3
02-20 20:14:36.243  1676  1688 I ActivityManager: Config changes=3 {1.0 310mcc260mnc [en_US] ldltr sw360dp w360dp h668dp 640dpi nrml long port finger -keyb/v/h -nav/h s.5}
02-20 20:14:36.250  1676  1688 I am_relaunch_resume_activity: [0,26777193,1,com.android.settings/.FallbackHome]
02-20 20:14:36.250  1935  1935 I am_on_paused_called: [0,com.android.settings.FallbackHome,handleRelaunchActivity]
02-20 20:14:36.251  1935  1964 D EGL_emulation: eglMakeCurrent: 0x75387fdf1ac0: ver 3 0 (tinfo 0x75388a2a9920)
02-20 20:14:36.252  1935  1935 I am_on_stop_called: [0,com.android.settings.FallbackHome,destroy]
02-20 20:14:36.254  1918  1932 D DCT     : [0]hasMatchedTetherApnSetting: APN=null
02-20 20:14:36.254  1918  1918 D SIMRecords: [SIMRecords] onRecordLoaded 9 requested: true
02-20 20:14:36.254  1918  1918 D SIMRecords: [SIMRecords] EF_MWIS : 0000000000
02-20 20:14:36.254  1918  1918 D SIMRecords: [SIMRecords] onRecordLoaded 8 requested: true
02-20 20:14:36.254  1918  1918 D SIMRecords: [SIMRecords] EF_CPHS_MWI: 55
02-20 20:14:36.254  1918  1918 D SIMRecords: [SIMRecords] onRecordLoaded 7 requested: true
02-20 20:14:36.254  1918  1918 D SIMRecords: [SIMRecords] EF_CFF_CPHS: 55
02-20 20:14:36.254  1918  1918 D SIMRecords: [SIMRecords] onRecordLoaded 6 requested: true
02-20 20:14:36.254  1918  1918 D SIMRecords: [SIMRecords] onRecordLoaded 5 requested: true
02-20 20:14:36.254  1918  1918 D SIMRecords: [SIMRecords] SST: UsimServiceTable[120]={ PHONEBOOK, FDN, FDN_EXTENSION, SDN, SDN_EXTENSION, BDN, BDN_EXTENSION, OUTGOING_CALL_INFO, ADVICE_OF_CHARGE, CAP_CONFIG_PARAMS_2, GROUP_ID_LEVEL_1, GROUP_ID_LEVEL_2, SPN, USER_PLMN_SELECT, MSISDN, IMAGE, LOCALISED_SERVICE_AREAS, EMLPP, EMLPP_AUTO_ANSWER, RFU, GSM_ACCESS, DATA_DL_VIA_SMS_PP, DATA_DL_VIA_SMS_CB, CALL_CONTROL_BY_USIM, MO_SMS_CONTROL_BY_USIM, RUN_AT_COMMAND, APN_CONTROL_LIST, DEPERSONALISATION_CONTROL_KEYS, COOPERATIVE_NETWORK_LIST, GSM_SECURITY_CONTEXT, SERVICE_PROVIDER_DISPLAY_INFO, MMS_NOTIFICATION, MMS_NOTIFICATION_EXTENSION, GPRS_CALL_CONTROL_BY_USIM, VGCS_GROUP_ID_LIST, VBS_GROUP_ID_LIST, OMA_BCAST_PROFILE, GBA_LOCAL_KEY_ESTABLISHMENT, #101, #102, #103, #104, #105, #106, #107, #108, #109, #110 }
02-20 20:14:36.254  1918  1918 D SIMRecords: [SIMRecords] onRecordLoaded 4 requested: true
02-20 20:14:36.254  1918  1918 D SIMRecords: [SIMRecords] iCPHS: 0233
02-20 20:14:36.254  1918  1918 D SIMRecords: [SIMRecords] onRecordLoaded 3 requested: true
02-20 20:14:36.254  1918  1918 D RuimRecords: [RuimRecords] iccid: 89014103211118510720
02-20 20:14:36.254  1918  1918 D RuimRecords: [RuimRecords] onRecordLoaded 0 requested: true
02-20 20:14:36.254  1918  1918 D RuimRecords: [RuimRecords] record load complete
02-20 20:14:36.254  1918  1918 D SIMRecords: [SIMRecords] MSISDN: [t-WgLegCyIMgfHgPkOdM6pkZbpA]
02-20 20:14:36.254  1918  1918 D SIMRecords: [SIMRecords] onRecordLoaded 2 requested: true
02-20 20:14:36.254  1918  1918 D RILJ    : [3735]> iccIO: SIM_IO 0xb2 0x6fc7  path: 3F007F20,1,4,32 aid: null [SUB0]
02-20 20:14:36.255  1373  1472 D RIL     : onRequest: SIM_IO
02-20 20:14:36.255  1373  1472 D AT      : AT> AT+CRSM=178,28615,1,4,32
02-20 20:14:36.256  1373  1476 D AT      : AT< +CRSM: 144,0,566f6963656d61696cffffffffffffffffff07915155125740f9ffffffffffff
02-20 20:14:36.256  1373  1476 D AT      : AT< OK
02-20 20:14:36.256  1918  1987 D RILJ    : [3735]< SIM_IO IccIoResponse sw1:0x90 sw2:0x0 [SUB0]
02-20 20:14:36.256  1918  1918 D SIMRecords: [SIMRecords] getServiceProviderName: no brandOverride, providerName=Android
02-20 20:14:36.256  1918  1918 D SIMRecords: [SIMRecords] Load EF_SPN_CPHS: Android
02-20 20:14:36.256  1918  1918 D TelephonyManager: setTelephonyProperty: success phoneId=0 property=gsm.sim.operator.alpha value: Android propVal=Android
02-20 20:14:36.256  1918  1918 D SIMRecords: [SIMRecords] onRecordLoaded 1 requested: true
02-20 20:14:36.257  1918  1918 D SIMRecords: [SIMRecords] VM: ADN Record 'Voicemail' '[-MWU1cAlDrkXUZ8dpHi_wU_YOpU] null' EF[MBDN]
02-20 20:14:36.257  1918  1918 D SIMRecords: [SIMRecords] onRecordLoaded 0 requested: true
02-20 20:14:36.257  1918  1918 D SIMRecords: [SIMRecords] record load complete
02-20 20:14:36.257  1918  1918 D SIMRecords: [SIMRecords] Not using EF LI/EF PL
02-20 20:14:36.257  1918  1918 D SIMRecords: [SIMRecords] EF_CFF: callForwardingEnabled=0
02-20 20:14:36.257  1918  1918 D SIMRecords: [SIMRecords] onAllRecordsLoaded set 'gsm.sim.operator.numeric' to operator='310260'
02-20 20:14:36.257  1918  1918 D SIMRecords: [SIMRecords] update icc_operator_numeric=310260
02-20 20:14:36.257  1918  1918 D TelephonyManager: setTelephonyProperty: success phoneId=0 property=gsm.sim.operator.numeric value: 310260 propVal=310260
02-20 20:14:36.257  1918  1918 D SubscriptionController: [setMccMnc]+ mcc/mnc:310/260 subId:-1
02-20 20:14:36.268  1312  1754 D         : HostConnection::get() New Host Connection established 0x78956661ba80, tid 1754
02-20 20:14:36.269  1918  1918 D SubscriptionController: notifySubscriptionInfoChanged:
02-20 20:14:36.269  1676  1676 I GnssLocationProvider: WakeLock acquired by sendMessage(12, 0, null)
02-20 20:14:36.270  1918  1932 D SubscriptionController: [getActiveSubInfoList] Sub Controller not ready
02-20 20:14:36.270  1918  1918 D SIMRecords: [SIMRecords] onAllRecordsLoaded set mcc imsi
02-20 20:14:36.270  1918  1918 D TelephonyManager: setTelephonyProperty: success phoneId=0 property=gsm.sim.operator.iso-country value: us propVal=us
02-20 20:14:36.271  1918  1918 D SST     : SubscriptionListener.onSubscriptionInfoChanged
02-20 20:14:36.271  1918  1918 D SIMRecords: [SIMRecords]  VoiceMessageCount from SIM MWIS = 0
02-20 20:14:36.271  1918  1918 E Phone   : getStoredVoiceMessageCount: invalid subId -2
02-20 20:14:36.271  1918  1918 D GsmCdmaPhone: [GsmCdmaPhone] updateVoiceMail countVoiceMessages = 0 subId -2
02-20 20:14:36.271  1918  1918 E Phone   : setVoiceMessageCount in sharedPreference: invalid subId -2
02-20 20:14:36.271  1918  1918 D DCT     : [0]SubscriptionListener.onSubscriptionInfoChanged
02-20 20:14:36.271  1918  1918 D SubscriptionController: [getActiveSubInfoList] Sub Controller not ready
02-20 20:14:36.271  1918  1918 D SubscriptionController: [getActiveSubInfoList] Sub Controller not ready
02-20 20:14:36.271  1918  1918 I Telephony: PstnIncomingCallNotifier: Unregistering: Handler (com.android.internal.telephony.GsmCdmaPhone) {717f1d4}
02-20 20:14:36.267  2068  2068 W System  : ClassLoader referenced unknown path: /system/app/PrebuiltDeskClockGoogle/lib/x86_64
02-20 20:14:36.272  1918  1918 E PhoneInterfaceManager: [PhoneIntfMgr] getIccId: No UICC
02-20 20:14:36.287  1761  1761 I StatusBar: isKeyguardShowing() called before startKeyguard(), returning true
02-20 20:14:36.287  1761  1761 W StatusBar: isKeyguardSecure() called before startKeyguard(), returning false
02-20 20:14:36.287  1761  1761 W StatusBar: java.lang.Throwable
02-20 20:14:36.287  1761  1761 W StatusBar: 	at com.android.systemui.statusbar.BaseStatusBar.isKeyguardSecure(BaseStatusBar.java:2647)
02-20 20:14:36.287  1761  1761 W StatusBar: 	at com.android.systemui.statusbar.BaseStatusBar.isCameraAllowedByAdmin(BaseStatusBar.java:2670)
02-20 20:14:36.287  1761  1761 W StatusBar: 	at com.android.systemui.statusbar.phone.KeyguardBottomAreaView.updateCameraVisibility(KeyguardBottomAreaView.java:309)
02-20 20:14:36.287  1761  1761 W StatusBar: 	at com.android.systemui.statusbar.phone.KeyguardBottomAreaView.setUserSetupComplete(KeyguardBottomAreaView.java:281)
02-20 20:14:36.287  1761  1761 W StatusBar: 	at com.android.systemui.statusbar.phone.PhoneStatusBar$1.onChange(PhoneStatusBar.java:441)
02-20 20:14:36.287  1761  1761 W StatusBar: 	at com.android.systemui.statusbar.phone.PhoneStatusBar.resetUserSetupObserver(PhoneStatusBar.java:3676)
02-20 20:14:36.287  1761  1761 W StatusBar: 	at com.android.systemui.statusbar.phone.PhoneStatusBar.makeStatusBarView(PhoneStatusBar.java:1008)
02-20 20:14:36.287  1761  1761 W StatusBar: 	at com.android.systemui.statusbar.phone.PhoneStatusBar.addStatusBarWindow(PhoneStatusBar.java:3432)
02-20 20:14:36.287  1761  1761 W StatusBar: 	at com.android.systemui.statusbar.phone.PhoneStatusBar.createAndAddWindows(PhoneStatusBar.java:3428)
02-20 20:14:36.287  1761  1761 W StatusBar: 	at com.android.systemui.statusbar.BaseStatusBar.start(BaseStatusBar.java:765)
02-20 20:14:36.287  1761  1761 W StatusBar: 	at com.android.systemui.statusbar.phone.PhoneStatusBar.start(PhoneStatusBar.java:686)
02-20 20:14:36.287  1761  1761 W StatusBar: 	at com.android.systemui.statusbar.SystemBars.createStatusBarFromConfig(SystemBars.java:106)
02-20 20:14:36.287  1761  1761 W StatusBar: 	at com.android.systemui.statusbar.SystemBars.onNoService(SystemBars.java:58)
02-20 20:14:36.287  1761  1761 W StatusBar: 	at com.android.systemui.statusbar.ServiceMonitor.startService(ServiceMonitor.java:230)
02-20 20:14:36.287  1761  1761 W StatusBar: 	at com.android.systemui.statusbar.ServiceMonitor.-wrap5(ServiceMonitor.java)
02-20 20:14:36.287  1761  1761 W StatusBar: 	at com.android.systemui.statusbar.ServiceMonitor$1.handleMessage(ServiceMonitor.java:73)
02-20 20:14:36.287  1761  1761 W StatusBar: 	at android.os.Handler.dispatchMessage(Handler.java:102)
02-20 20:14:36.287  1761  1761 W StatusBar: 	at android.os.Looper.loop(Looper.java:154)
02-20 20:14:36.287  1761  1761 W StatusBar: 	at android.app.ActivityThread.main(ActivityThread.java:6119)
02-20 20:14:36.287  1761  1761 W StatusBar: 	at java.lang.reflect.Method.invoke(Native Method)
02-20 20:14:36.287  1761  1761 W StatusBar: 	at com.android.internal.os.ZygoteInit$MethodAndArgsCaller.run(ZygoteInit.java:886)
02-20 20:14:36.287  1761  1761 W StatusBar: 	at com.android.internal.os.ZygoteInit.main(ZygoteInit.java:776)
02-20 20:14:36.287  1761  1960 D OpenGLRenderer: profile bars disabled
02-20 20:14:36.287  1761  1960 D OpenGLRenderer: ambientRatio = 1.50
02-20 20:14:36.289  1935  1935 I am_on_resume_called: [0,com.android.settings.FallbackHome,handleRelaunchActivity]
02-20 20:14:36.290  1761  1761 D PhoneStatusBar: disable: < EXPAND* icons alerts system_info BACK* HOME* RECENT* clock SEARCH* quick_settings >
02-20 20:14:36.291  1676  1688 I Telecom : PhoneAccountRegistrar: [ComponentInfo{com.android.phone/com.android.services.telephony.TelephonyConnectionService}, [e0184adedf913b076626646d3f52c3b49c39ad6d], UserHandle{0}(addr: tel:*********** -> tel:)(icon: Icon(typ=BITMAP size=76x96) -> Icon(typ=BITMAP size=76x96))(subAddr: tel:*********** -> tel:)]: TSI.rPA@AAg
02-20 20:14:36.293  1676  1688 I Telecom : : Sending phone-account registered intent as user: TSI.rPA@AAg
02-20 20:14:36.294  1918  1918 I Telephony: AccountEntry: Registered phoneAccount: [[ ] PhoneAccount: ComponentInfo{com.android.phone/com.android.services.telephony.TelephonyConnectionService}, [e0184adedf913b076626646d3f52c3b49c39ad6d], UserHandle{0} Capabilities: CallProvider MultiUser PlaceEmerg SimSub  Schemes: tel voicemail  Extras: null GroupId: [da39a3ee5e6b4b0d3255bfef95601890afd80709]] with handle: ComponentInfo{com.android.phone/com.android.services.telephony.TelephonyConnectionService}, [e0184adedf913b076626646d3f52c3b49c39ad6d], UserHandle{0}
02-20 20:14:36.294  1918  1918 I Telephony: PstnIncomingCallNotifier: Registering: Handler (com.android.internal.telephony.GsmCdmaPhone) {717f1d4}
02-20 20:14:36.295  1918  1918 D CAT     : CatService: handleMessage[20]
02-20 20:14:36.295  1918  1918 D GsmCdmaPhone: [GsmCdmaPhone] updateCurrentCarrierInProvider: mSubId = -2 currentDds = 1 operatorNumeric = 310260
02-20 20:14:36.295  1918  1918 D IccCardProxy: operator=310260 mPhoneId=0
02-20 20:14:36.295  1918  1918 D TelephonyManager: setTelephonyProperty: success phoneId=0 property=gsm.sim.operator.numeric value: 310260 propVal=310260
02-20 20:14:36.295  1918  1918 D TelephonyManager: setTelephonyProperty: success phoneId=0 property=gsm.sim.operator.iso-country value: us propVal=us
02-20 20:14:36.295  1918  1918 D IccCardProxy: Sending intent ACTION_INTERNAL_SIM_STATE_CHANGED for mPhoneId : 0
02-20 20:14:36.296  1918  1918 D SST     : EVENT_SIM_RECORDS_LOADED: what=16
02-20 20:14:36.296  1918  1918 D GsmCdmaPhone: [GsmCdmaPhone] updatePhoneObject: radioTechnology=0
02-20 20:14:36.296  1918  1918 D SST     : getOtasp: otasp not needed for GSM
02-20 20:14:36.296  1918  1918 D SST     : updateOtaspState: call notifyOtaspChanged old otaspMode=0 new otaspMode=3
02-20 20:14:36.296  1918  1918 D SIMRecords: [SIMRecords] getServiceProviderName: no brandOverride, providerName=Android
02-20 20:14:36.296  1918  1918 D SIMRecords: [SIMRecords] getServiceProviderName: no brandOverride, providerName=Android
02-20 20:14:36.296  1918  1918 D SST     : updateSpnDisplay: changed sending intent rule=1 showPlmn='false' plmn='Android' showSpn='true' spn='Android' dataSpn='Android' subId='-2'
02-20 20:14:36.296  1918  1918 D SubscriptionController: [setPlmnSpn] No valid subscription to store info
02-20 20:14:36.297  1918  1918 D SubscriptionController: notifySubscriptionInfoChanged:
02-20 20:14:36.297  1676  1676 I GnssLocationProvider: WakeLock acquired by sendMessage(12, 0, null)
02-20 20:14:36.297  1918  1931 D SubscriptionController: [getActiveSubInfoList] Sub Controller not ready
02-20 20:14:36.298  1918  1918 E PhoneInterfaceManager: [PhoneIntfMgr] getIccId: No UICC
02-20 20:14:36.302  1918  1931 D SubscriptionController: [getActiveSubInfoList] Sub Controller not ready
02-20 20:14:36.307  1918  1932 D SubscriptionController: [getActiveSubInfoList] Sub Controller not ready
02-20 20:14:36.314  1676  2085 I Telecom : PhoneAccountRegistrar: [ComponentInfo{com.android.phone/com.android.services.telephony.TelephonyConnectionService}, [e0184adedf913b076626646d3f52c3b49c39ad6d], UserHandle{0}(icon: Icon(typ=BITMAP size=76x96) -> Icon(typ=BITMAP size=76x96))]: TSI.rPA@AAs
02-20 20:14:36.321  1676  2085 I Telecom : : Sending phone-account registered intent as user: TSI.rPA@AAs
02-20 20:14:36.321  1918  1918 D GsmCdmaPhone: [GsmCdmaPhone] phoneObjectUpdater: newVoiceRadioTech=0
02-20 20:14:36.322  1918  1918 D GsmCdmaPhone: [GsmCdmaPhone] phoneObjectUpdater: volteReplacementRat=0
02-20 20:14:36.322  1918  1918 E GsmCdmaPhone: [GsmCdmaPhone] phoneObjectUpdater: newVoiceRadioTech=0 doesn't match either CDMA or GSM - error! No phone change
02-20 20:14:36.322  1918  1918 D SubscriptionInfoUpdater: [Receiver]+
02-20 20:14:36.322  1918  1918 D SubscriptionInfoUpdater: Action: android.intent.action.internal_sim_state_changed
02-20 20:14:36.322  1918  1918 D SubscriptionInfoUpdater: slotId: 0
02-20 20:14:36.322  1918  1918 D SubscriptionInfoUpdater: simStatus: LOADED
02-20 20:14:36.322  1918  1918 D SubscriptionInfoUpdater: [Receiver]-
02-20 20:14:36.322  1918  1918 D SST     : SubscriptionListener.onSubscriptionInfoChanged
02-20 20:14:36.322  1918  1918 D DCT     : [0]SubscriptionListener.onSubscriptionInfoChanged
02-20 20:14:36.322  1918  1918 D SubscriptionController: [getActiveSubInfoList] Sub Controller not ready
02-20 20:14:36.323  1918  1918 D SubscriptionController: [getActiveSubInfoList] Sub Controller not ready
02-20 20:14:36.323  1918  1918 I Telephony: PstnIncomingCallNotifier: Unregistering: Handler (com.android.internal.telephony.GsmCdmaPhone) {717f1d4}
02-20 20:14:36.323  1918  1918 E PhoneInterfaceManager: [PhoneIntfMgr] getIccId: No UICC
02-20 20:14:36.327  1676  1688 I Telecom : PhoneAccountRegistrar: [ComponentInfo{com.android.phone/com.android.services.telephony.TelephonyConnectionService}, [e0184adedf913b076626646d3f52c3b49c39ad6d], UserHandle{0}(icon: Icon(typ=BITMAP size=76x96) -> Icon(typ=BITMAP size=76x96))]: TSI.rPA@AAw
02-20 20:14:36.330  1676  1688 I Telecom : : Sending phone-account registered intent as user: TSI.rPA@AAw
02-20 20:14:36.330  1918  1918 I Telephony: AccountEntry: Registered phoneAccount: [[ ] PhoneAccount: ComponentInfo{com.android.phone/com.android.services.telephony.TelephonyConnectionService}, [e0184adedf913b076626646d3f52c3b49c39ad6d], UserHandle{0} Capabilities: CallProvider MultiUser PlaceEmerg SimSub  Schemes: tel voicemail  Extras: null GroupId: [da39a3ee5e6b4b0d3255bfef95601890afd80709]] with handle: ComponentInfo{com.android.phone/com.android.services.telephony.TelephonyConnectionService}, [e0184adedf913b076626646d3f52c3b49c39ad6d], UserHandle{0}
02-20 20:14:36.330  1918  1918 I Telephony: PstnIncomingCallNotifier: Registering: Handler (com.android.internal.telephony.GsmCdmaPhone) {717f1d4}
02-20 20:14:36.333  1918  1918 D SubscriptionInfoUpdater: handleSimStateLoadedInternal: slotId: 0
02-20 20:14:36.333  1918  1918 D SubscriptionInfoUpdater: All IccIds query complete
02-20 20:14:36.333  1918  1918 D SubscriptionInfoUpdater: updateSubscriptionInfoByIccId:+ Start
02-20 20:14:36.333  1918  1918 D SubscriptionController: [clearSubInfo]- no simInfo size=0
02-20 20:14:36.334  1918  1918 D SubscriptionInfoUpdater: insertedSimCount = 1
02-20 20:14:36.334  1918  1918 D SubscriptionController: [getSubInfoUsingSlotIdWithCheck]+ slotId:0
02-20 20:14:36.343  1918  1918 D SubscriptionController: [getPhoneId]- no sims, returning default phoneId=2147483647
02-20 20:14:36.344  1918  1918 D SubscriptionController: [getPhoneId]- no sims, returning default phoneId=2147483647
02-20 20:14:36.344  1918  1918 D SubscriptionController: [getPhoneId]- no sims, returning default phoneId=2147483647
02-20 20:14:36.345  1918  1918 D SubscriptionController: [getSubInfoUsingSlotId]- null info return
02-20 20:14:36.345  1918  1918 D SubscriptionInfoUpdater: updateSubscriptionInfoByIccId: oldSubId = 1
02-20 20:14:36.345  1918  1918 D SubscriptionInfoUpdater: updateSubscriptionInfoByIccId: oldIccId[0] = 89014103211118510720, sIccId[0] = 89014103211118510720
02-20 20:14:36.345  1918  1918 D SubscriptionController: [addSubInfoRecord]+ iccId:89014103211118510720 slotId:0
02-20 20:14:36.350  1918  1918 D SubscriptionController: [getActiveSubInfoList] Sub Controller not ready
02-20 20:14:36.350  1918  1918 D SubscriptionController: [addSubInfoRecord] Record already exists
02-20 20:14:36.351  1918  1918 D SubscriptionController: [addSubInfoRecord] sSlotIdxToSubId.size=1 slotId=0 subId=1 defaultSubId=1 simCount=1
02-20 20:14:36.351  1918  1918 D SubscriptionController: [setDefaultFallbackSubId] subId=1
02-20 20:14:36.351  1918  1918 D SubscriptionController: [setDefaultFallbackSubId] set mDefaultFallbackSubId=1
02-20 20:14:36.351  1918  1918 D MccTable: updateMccMncConfiguration mccmnc='310260' fromServiceState=false
02-20 20:14:36.352  1918  1918 D MccTable: updateMccMncConfiguration defaultMccMnc=310260
02-20 20:14:36.352  1918  1918 D MccTable: updateMccMncConfiguration: mcc=310, mnc=260
02-20 20:14:36.352  1918  1918 D MccTable: updateMccMncConfiguration updateConfig config={1.0 310mcc260mnc ?localeList ?layoutDir ?swdp ?wdp ?hdp ?density ?lsize ?long ?orien ?uimode ?night ?touch ?keyb/?/? ?nav/?}
02-20 20:14:36.377  1676  1689 W GnssLocationProvider: Could not open GPS configuration file /etc/gps.conf
02-20 20:14:36.378  1676  1689 E GnssLocationProvider: no AGPS interface in set_agps_server
02-20 20:14:36.378  1676  1689 I SyncManager: Got SyncJobService instance.
02-20 20:14:36.379  1676  1676 I FusedLocation: engine started (com.android.location.fused)
02-20 20:14:36.390  1918  1918 D SubscriptionController: [setDefaultFallbackSubId] broadcast default subId changed phoneId=0 subId=1
02-20 20:14:36.395  1918  1918 D SubscriptionController: [addSubInfoRecord] one sim set defaults to subId=1
02-20 20:14:36.395  1918  1918 D SubscriptionController: [setDefaultDataSubId] num phones=1, subId=1
02-20 20:14:36.396  1918  1918 D SubscriptionController: [setDefaultDataSubId] phoneId=0 subId=1 RAF=1
02-20 20:14:36.396  1918  1918 D ProxyController: setRadioCapability: Already in requested configuration, nothing to do.
02-20 20:14:36.396  1918  1918 D SubscriptionController: [updateAllDataConnectionTrackers] sPhones.length=1
02-20 20:14:36.396  1918  1918 D SubscriptionController: [updateAllDataConnectionTrackers] phoneId=0
02-20 20:14:36.396  1918  1918 D DCT     : [0]update sub = 1
02-20 20:14:36.396  1918  1918 D DCT     : [0]update(): Active DDS, register for all events now!
02-20 20:14:36.396  1918  1918 D DCT     : [0]New records found.
02-20 20:14:36.396  1918  1918 D SST     : mDeviceShuttingDown=false, mDesiredPowerState=true, getRadioState=RADIO_ON, mPowerOffDelayNeed=true, mAlarmSwitch=false, mRadioDisabledByCarrier=false
02-20 20:14:36.396  1918  1918 D GsmCdmaPhone: [GsmCdmaPhone] updateCurrentCarrierInProvider: mSubId = 1 currentDds = 1 operatorNumeric = 310260
02-20 20:14:36.398  1918  1932 D RILJ    : [3736]> RIL_REQUEST_GET_CELL_INFO_LIST [SUB0]
02-20 20:14:36.399  1373  1472 D RIL     : onRequest: GET_CELL_INFO_LIST
02-20 20:14:36.399  1373  1472 D RILC    : responseCellInfoList: v12
02-20 20:14:36.400  1918  1987 D RILJ    : [3736]< RIL_REQUEST_GET_CELL_INFO_LIST [CellInfoGsm:{mRegistered=YES mTimeStampType=modem mTimeStamp=11324250483ns CellIdentityGsm:{ mMcc=310 mMnc=260 mLac=3 mCid=91 mArfcn=10 mBsic=0x0} CellSignalStrengthGsm: ss=1557578168 ber=32144 mTa=1558629500}] [SUB0]
02-20 20:14:36.417  1676  1689 W GnssLocationProvider: Could not open GPS configuration file /etc/gps.conf
02-20 20:14:36.417  1676  1689 E GnssLocationProvider: no AGPS interface in set_agps_server
02-20 20:14:36.417  1676  1689 I GnssLocationProvider: WakeLock released by handleMessage(12, 0, null)
02-20 20:14:36.424  1676  1689 W GnssLocationProvider: Could not open GPS configuration file /etc/gps.conf
02-20 20:14:36.424  1676  1689 E GnssLocationProvider: no AGPS interface in set_agps_server
02-20 20:14:36.424  1918  1918 D SubscriptionController: [broadcastDefaultDataSubIdChanged] subId=1
02-20 20:14:36.426  1918  1918 D SubscriptionController: [setDefaultSmsSubId] subId=1
02-20 20:14:36.426  1918  1918 D SubscriptionController: [broadcastDefaultSmsSubIdChanged] subId=1
02-20 20:14:36.427  1918  1918 D SubscriptionController: [setDefaultVoiceSubId] subId=1
02-20 20:14:36.427  1918  1918 D SubscriptionController: [broadcastDefaultVoiceSubIdChanged] subId=1
02-20 20:14:36.428  1918  1918 D SubscriptionController: [addSubInfoRecord] hashmap(0,1)
02-20 20:14:36.432  1761  2090 E ActivityThread: Failed to find provider info for com.android.contacts
02-20 20:14:36.434  1676  1689 W GnssLocationProvider: Could not open GPS configuration file /etc/gps.conf
02-20 20:14:36.434  1676  1689 E GnssLocationProvider: no AGPS interface in set_agps_server
02-20 20:14:36.441  1676  1689 W GnssLocationProvider: Could not open GPS configuration file /etc/gps.conf
02-20 20:14:36.441  1676  1689 E GnssLocationProvider: no AGPS interface in set_agps_server
02-20 20:14:36.441  1676  1689 I GnssLocationProvider: WakeLock released by handleMessage(12, 0, null)
02-20 20:14:36.443  1918  1918 D SubscriptionController: [addSubInfoRecord] sim name = Android
02-20 20:14:36.444  1918  1918 D DCT     : [0]update sub = 1
02-20 20:14:36.444  1918  1918 D DCT     : [0]update(): Active DDS, register for all events now!
02-20 20:14:36.444  1918  1918 D GsmCdmaPhone: [GsmCdmaPhone] updateCurrentCarrierInProvider: mSubId = 1 currentDds = 1 operatorNumeric = 310260
02-20 20:14:36.454  1676  1689 W GnssLocationProvider: Could not open GPS configuration file /etc/gps.conf
02-20 20:14:36.454  1676  1689 E GnssLocationProvider: no AGPS interface in set_agps_server
02-20 20:14:36.456  1676  1689 I GnssLocationProvider: WakeLock released by handleMessage(12, 0, null)
02-20 20:14:36.460  1918  1918 D SubscriptionController: [addSubInfoRecord]- info size=1
02-20 20:14:36.460  1918  1918 D SubscriptionInfoUpdater: newSim = false
02-20 20:14:36.460  1918  1918 D SubscriptionInfoUpdater: updateSubscriptionInfoByIccId: sInsertSimState[0] = 0
02-20 20:14:36.468  1918  1918 D SubscriptionInfoUpdater: updateSubscriptionInfoByIccId: nSubCount = 1
02-20 20:14:36.483  1918  1918 D SubscriptionController: [setDefaultDataSubId] num phones=1, subId=1
02-20 20:14:36.483  1918  1918 D SubscriptionController: [setDefaultDataSubId] phoneId=0 subId=1 RAF=1
02-20 20:14:36.483  1918  1918 D ProxyController: setRadioCapability: Already in requested configuration, nothing to do.
02-20 20:14:36.483  1918  1918 D SubscriptionController: [updateAllDataConnectionTrackers] sPhones.length=1
02-20 20:14:36.483  1918  1918 D SubscriptionController: [updateAllDataConnectionTrackers] phoneId=0
02-20 20:14:36.483  1918  1918 D DCT     : [0]update sub = 1
02-20 20:14:36.483  1918  1918 D DCT     : [0]update(): Active DDS, register for all events now!
02-20 20:14:36.484  1918  1918 D GsmCdmaPhone: [GsmCdmaPhone] updateCurrentCarrierInProvider: mSubId = 1 currentDds = 1 operatorNumeric = 310260
02-20 20:14:36.486  1761  1761 D PhoneStatusBar: heads up is enabled
02-20 20:14:36.508  1918  1918 D SubscriptionController: [broadcastDefaultDataSubIdChanged] subId=1
02-20 20:14:36.510  1918  1918 D SubscriptionController: notifySubscriptionInfoChanged:
02-20 20:14:36.510  1918  2084 D SubscriptionMonitor: Phone[0] subId changed -2->1, 1 registrants
02-20 20:14:36.510  1676  1676 I GnssLocationProvider: WakeLock acquired by sendMessage(12, 0, null)
02-20 20:14:36.510  1918  2084 D SubscriptionMonitor: mDefaultDataSubId = 1, 1 registrants
02-20 20:14:36.516  1918  1918 D SubscriptionInfoUpdater: updateSubscriptionInfoByIccId:- SsubscriptionInfo update complete
02-20 20:14:36.516  1918  1918 D MccTable: updateMccMncConfiguration mccmnc='310260' fromServiceState=false
02-20 20:14:36.518  1918  1918 D MccTable: updateMccMncConfiguration defaultMccMnc=310260
02-20 20:14:36.518  1918  1918 D MccTable: updateMccMncConfiguration: mcc=310, mnc=260
02-20 20:14:36.518  1918  1918 D MccTable: updateMccMncConfiguration updateConfig config={1.0 310mcc260mnc ?localeList ?layoutDir ?swdp ?wdp ?hdp ?density ?lsize ?long ?orien ?uimode ?night ?touch ?keyb/?/? ?nav/?}
02-20 20:14:36.518  1935  1964 D EGL_emulation: eglMakeCurrent: 0x75387fdf1ac0: ver 3 0 (tinfo 0x75388a2a9920)
02-20 20:14:36.527  1918  1918 D SubscriptionController: [setMccMnc]+ mcc/mnc:310/260 subId:1
02-20 20:14:36.549  1918  1918 D SubscriptionController: notifySubscriptionInfoChanged:
02-20 20:14:36.549  1676  1676 I GnssLocationProvider: WakeLock acquired by sendMessage(12, 0, null)
02-20 20:14:36.552  1918  1918 D SubscriptionController: [getActiveSubscriptionInfo]+ subId=1 subInfo={id=1, iccId=89014103211118510720 simSlotIndex=0 displayName=Android carrierName=Android nameSource=0 iconTint=-16746133 dataRoaming=0 iconBitmap=android.graphics.Bitmap@f75750b mcc 310 mnc 260}
02-20 20:14:36.565  1918  1918 D SubscriptionInfoUpdater: sim name = Android
02-20 20:14:36.573  1918  1918 D SubscriptionInfoUpdater: Broadcasting intent ACTION_SIM_STATE_CHANGED LOADED reason null for mCardIndex: 0
02-20 20:14:36.573  1676  1676 D WifiService: resetting networks because SIM was loaded
02-20 20:14:36.574  1676  1732 D WifiStateMachine: resetting EAP-SIM/AKA/AKA' networks since SIM was changed
02-20 20:14:36.574  1918  1918 D CarrierConfigLoader: update config for phoneId: 0 simState: LOADED
02-20 20:14:36.574  1918  1918 D CarrierSvcBindHelper: update binding for phoneId: 0 simState: LOADED
02-20 20:14:36.600  1918  1918 D SubscriptionController: [getActiveSubscriptionInfo]+ subId=1 subInfo={id=1, iccId=89014103211118510720 simSlotIndex=0 displayName=Android carrierName=Android nameSource=0 iconTint=-16746133 dataRoaming=0 iconBitmap=android.graphics.Bitmap@d62fca6 mcc 310 mnc 260}
02-20 20:14:36.612  1676  1688 I Telecom : PhoneAccountRegistrar: [ComponentInfo{com.android.phone/com.android.services.telephony.TelephonyConnectionService}, [e0184adedf913b076626646d3f52c3b49c39ad6d], UserHandle{0}(icon: Icon(typ=BITMAP size=76x96) -> Icon(typ=BITMAP size=76x96))]: TSI.rPA@ABE
02-20 20:14:36.612  1676  1688 I Telecom : : Sending phone-account registered intent as user: TSI.rPA@ABE
02-20 20:14:36.613  1918  1918 D DCT     : [0]onRecordsLoadedOrSubIdChanged: createAllApnList
02-20 20:14:36.613  1918  1918 D DCT     : [0]createAllApnList: selection=numeric = '310260'
02-20 20:14:36.618  1918  1918 D DCT     : [0]createApnList: X result=[[ApnSettingV3] T-Mobile US, 1, 310260, epc.tmobile.com, , http://mms.msg.eng.t-mobile.com/mms/wapenc, , , , -1, *, IP, IP, true, 0, 0, 0, false, 0, 0, 0, 0, , , false]
02-20 20:14:36.618  1918  1918 D TelephonyProvider: subIdString = 1 subId = 1
02-20 20:14:36.621  1676  1689 W GnssLocationProvider: Could not open GPS configuration file /etc/gps.conf
02-20 20:14:36.621  1676  1689 E GnssLocationProvider: no AGPS interface in set_agps_server
02-20 20:14:36.621  1676  1689 I GnssLocationProvider: WakeLock released by handleMessage(12, 0, null)
02-20 20:14:36.622  1918  1918 D DCT     : [0]getPreferredApn: mRequestedApnType=default cursor=android.content.ContentResolver$CursorWrapperInner@9e42439 cursor.count=1
02-20 20:14:36.622  1918  1918 D DCT     : [0]getPreferredApn: apnSetting=[ApnSettingV3] T-Mobile US, 1, 310260, epc.tmobile.com, , http://mms.msg.eng.t-mobile.com/mms/wapenc, , , , -1, *, IP, IP, true, 0, 0, 0, false, 0, 0, 0, 0, , , false
02-20 20:14:36.622  1918  1918 D DCT     : [0]getPreferredApn: X found apnSetting[ApnSettingV3] T-Mobile US, 1, 310260, epc.tmobile.com, , http://mms.msg.eng.t-mobile.com/mms/wapenc, , , , -1, *, IP, IP, true, 0, 0, 0, false, 0, 0, 0, 0, , , false
02-20 20:14:36.622  1918  1918 D DCT     : [0]createAllApnList: mPreferredApn=[ApnSettingV3] T-Mobile US, 1, 310260, epc.tmobile.com, , http://mms.msg.eng.t-mobile.com/mms/wapenc, , , , -1, *, IP, IP, true, 0, 0, 0, false, 0, 0, 0, 0, , , false
02-20 20:14:36.622  1918  1918 D DCT     : [0]createAllApnList: X mAllApnSettings=[[ApnSettingV3] T-Mobile US, 1, 310260, epc.tmobile.com, , http://mms.msg.eng.t-mobile.com/mms/wapenc, , , , -1, *, IP, IP, true, 0, 0, 0, false, 0, 0, 0, 0, , , false]
02-20 20:14:36.623  1918  1918 D DCT     : [0]setDataProfilesAsNeeded
02-20 20:14:36.623  1918  1918 D DCT     : [0]setInitialApn: E mPreferredApn=[ApnSettingV3] T-Mobile US, 1, 310260, epc.tmobile.com, , http://mms.msg.eng.t-mobile.com/mms/wapenc, , , , -1, *, IP, IP, true, 0, 0, 0, false, 0, 0, 0, 0, , , false
02-20 20:14:36.623  1918  1918 D DCT     : [0]setInitialApn: firstApnSetting=[ApnSettingV3] T-Mobile US, 1, 310260, epc.tmobile.com, , http://mms.msg.eng.t-mobile.com/mms/wapenc, , , , -1, *, IP, IP, true, 0, 0, 0, false, 0, 0, 0, 0, , , false
02-20 20:14:36.623  1918  1918 D DCT     : [0]setInitialApn: defaultApnSetting=[ApnSettingV3] T-Mobile US, 1, 310260, epc.tmobile.com, , http://mms.msg.eng.t-mobile.com/mms/wapenc, , , , -1, *, IP, IP, true, 0, 0, 0, false, 0, 0, 0, 0, , , false
02-20 20:14:36.623  1918  1918 D DCT     : [0]setInitialAttachApn: using mPreferredApn
02-20 20:14:36.623  1918  1918 D DCT     : [0]setInitialAttachApn: X selected Apn=[ApnSettingV3] T-Mobile US, 1, 310260, epc.tmobile.com, , http://mms.msg.eng.t-mobile.com/mms/wapenc, , , , -1, *, IP, IP, true, 0, 0, 0, false, 0, 0, 0, 0, , , false
02-20 20:14:36.623  1918  1918 D RILJ    : Set RIL_REQUEST_SET_INITIAL_ATTACH_APN [SUB0]
02-20 20:14:36.623  1918  1918 D RILJ    : [3737]> RIL_REQUEST_SET_INITIAL_ATTACH_APN, apn:epc.tmobile.com, protocol:IP, authType:-1, username:none, password:none [SUB0]
02-20 20:14:36.623  1918  1918 D DCT     : [0]onRecordsLoadedOrSubIdChanged: notifying data availability
02-20 20:14:36.623  1373  1472 D RIL     : onRequest: RIL_REQUEST_SET_INITIAL_ATTACH_APN
02-20 20:14:36.623  1373  1472 D RIL     : Request not supported. Tech: 1
02-20 20:14:36.623  1918  1987 D RilRequest: [3737]< RIL_REQUEST_SET_INITIAL_ATTACH_APN error: com.android.internal.telephony.CommandException: REQUEST_NOT_SUPPORTED ret=
02-20 20:14:36.623  1676  2085 D TelephonyRegistry: Notify data connection state changed on sub: 1
02-20 20:14:36.626  2068  2068 I GAv4    : Google Analytics 9.2.56 is starting up. To enable debug logging on a device run:
02-20 20:14:36.626  2068  2068 I GAv4    :   adb shell setprop log.tag.GAv4 DEBUG
02-20 20:14:36.626  2068  2068 I GAv4    :   adb logcat -s GAv4
02-20 20:14:36.634  1918  1918 D DCT     : [0]setupDataOnConnectableApns: simLoaded hipri:[state=IDLE,enabled=false] mms:[state=IDLE,enabled=false] supl:[state=IDLE,enabled=false] ia:[state=IDLE,enabled=false] fota:[state=IDLE,enabled=false] ims:[state=IDLE,enabled=false] cbs:[state=IDLE,enabled=false] default:[state=IDLE,enabled=false] emergency:[state=IDLE,enabled=false] 
02-20 20:14:36.635  1918  1918 I Telephony: PstnIncomingCallNotifier: Unregistering: Handler (com.android.internal.telephony.GsmCdmaPhone) {717f1d4}
02-20 20:14:36.651  1918  1918 D SubscriptionController: [getActiveSubscriptionInfo]+ subId=1 subInfo={id=1, iccId=89014103211118510720 simSlotIndex=0 displayName=Android carrierName=Android nameSource=0 iconTint=-16746133 dataRoaming=0 iconBitmap=android.graphics.Bitmap@3d9caf5 mcc 310 mnc 260}
02-20 20:14:36.651  1676  1689 W GnssLocationProvider: Could not open GPS configuration file /etc/gps.conf
02-20 20:14:36.651  1676  1689 E GnssLocationProvider: no AGPS interface in set_agps_server
02-20 20:14:36.651  1676  1689 I GnssLocationProvider: WakeLock released by handleMessage(12, 0, null)
02-20 20:14:36.653  2068  2103 W GAv4    : AnalyticsReceiver is not registered or is disabled. Register the receiver for reliable dispatching on non-Google Play devices. See http://goo.gl/8Rd3yj for instructions.
02-20 20:14:36.656  1676  2089 I Telecom : PhoneAccountRegistrar: New phone account registered: [[ ] PhoneAccount: ComponentInfo{com.android.phone/com.android.services.telephony.TelephonyConnectionService}, [e2f7d48dd2b5ca523e7313cf4ba0f6ea830b6281], UserHandle{0} Capabilities: CallProvider MultiUser PlaceEmerg SimSub  Schemes: tel voicemail  Extras: null GroupId: [da39a3ee5e6b4b0d3255bfef95601890afd80709]]: TSI.rPA@ABI
02-20 20:14:36.659  1676  2089 I Telecom : : Sending phone-account registered intent as user: TSI.rPA@ABI
02-20 20:14:36.659  1918  1918 I Telephony: AccountEntry: Registered phoneAccount: [[ ] PhoneAccount: ComponentInfo{com.android.phone/com.android.services.telephony.TelephonyConnectionService}, [e2f7d48dd2b5ca523e7313cf4ba0f6ea830b6281], UserHandle{0} Capabilities: CallProvider MultiUser PlaceEmerg SimSub  Schemes: tel voicemail  Extras: null GroupId: [da39a3ee5e6b4b0d3255bfef95601890afd80709]] with handle: ComponentInfo{com.android.phone/com.android.services.telephony.TelephonyConnectionService}, [e2f7d48dd2b5ca523e7313cf4ba0f6ea830b6281], UserHandle{0}
02-20 20:14:36.659  1918  1918 I Telephony: PstnIncomingCallNotifier: Registering: Handler (com.android.internal.telephony.GsmCdmaPhone) {717f1d4}
02-20 20:14:36.660  1918  1918 I Telephony: TelecomAccountRegistry: Unregistering phone account ComponentInfo{com.android.phone/com.android.services.telephony.TelephonyConnectionService}, [e0184adedf913b076626646d3f52c3b49c39ad6d], UserHandle{0}.
02-20 20:14:36.662  1676  2086 I Telecom : : Sending phone-account unregistered intent as user: TSI.uPA@ABQ
02-20 20:14:36.663  1918  1918 D SST     : SubscriptionListener.onSubscriptionInfoChanged
02-20 20:14:36.664  1918  1932 D SST     : SST.getAllCellInfo(): return last, back to back calls
02-20 20:14:36.664  1918  1918 D PhoneFactory: calculatePreferredNetworkType: phoneSubId = 1 networkType = 0
02-20 20:14:36.664  1918  1918 D Phone   : setPreferredNetworkType: Abort, unknown RAF: 1 101902
02-20 20:14:36.664  1918  1918 D Phone   : setNetworkSelectionModeAutomatic, querying current mode
02-20 20:14:36.664  1918  1918 D RILJ    : [3738]> QUERY_NETWORK_SELECTION_MODE [SUB0]
02-20 20:14:36.664  1918  1918 D TelephonyManager: setTelephonyProperty: success phoneId=0 property=gsm.network.type value: LTE propVal=LTE
02-20 20:14:36.665  1373  1472 D RIL     : onRequest: QUERY_NETWORK_SELECTION_MODE
02-20 20:14:36.665  1373  1472 D AT      : AT> AT+COPS?
02-20 20:14:36.665  1373  1476 D AT      : AT< +COPS: 0,2,310260
02-20 20:14:36.665  1373  1476 D AT      : AT< OK
02-20 20:14:36.665  1918  1918 D SubscriptionController: [setCarrierText]+ text:Android subId:1
02-20 20:14:36.665  1918  1987 D RILJ    : [3738]< QUERY_NETWORK_SELECTION_MODE {0} [SUB0]
02-20 20:14:36.665  1918  1931 D SST     : SST.getAllCellInfo(): return last, back to back calls
02-20 20:14:36.665  1918  1931 D SST     : SST.getAllCellInfo(): return last, back to back calls
02-20 20:14:36.679  1918  1918 D SubscriptionController: notifySubscriptionInfoChanged:
02-20 20:14:36.680  1676  1676 I GnssLocationProvider: WakeLock acquired by sendMessage(12, 0, null)
02-20 20:14:36.681  1918  1918 D SIMRecords: [SIMRecords] getServiceProviderName: no brandOverride, providerName=Android
02-20 20:14:36.681  1918  1918 D SIMRecords: [SIMRecords] getServiceProviderName: no brandOverride, providerName=Android
02-20 20:14:36.681  1918  1918 D SST     : updateSpnDisplay: changed sending intent rule=1 showPlmn='false' plmn='Android' showSpn='true' spn='Android' dataSpn='Android' subId='1'
02-20 20:14:36.681  1918  1918 D SubscriptionController: [setCarrierText]+ text:Android subId:1
02-20 20:14:36.687  1676  1689 W GnssLocationProvider: Could not open GPS configuration file /etc/gps.conf
02-20 20:14:36.687  1676  1689 E GnssLocationProvider: no AGPS interface in set_agps_server
02-20 20:14:36.692  1918  1918 D SubscriptionController: notifySubscriptionInfoChanged:
02-20 20:14:36.692  1676  1676 I GnssLocationProvider: WakeLock acquired by sendMessage(12, 0, null)
02-20 20:14:36.692  1918  1918 D SIMRecords: [SIMRecords]  VoiceMessageCount from SIM MWIS = 0
02-20 20:14:36.692  1918  1918 D Phone   : getStoredVoiceMessageCount: from preference for subId 1= 0
02-20 20:14:36.692  1918  1918 D GsmCdmaPhone: [GsmCdmaPhone] updateVoiceMail countVoiceMessages = 0 subId 1
02-20 20:14:36.692  1918  1918 D Phone   : setVoiceMessageCount: Storing Voice Mail Count = 0 for mVmCountKey = vm_count_key1 in preferences.
02-20 20:14:36.694  1918  1918 D DCT     : [0]SubscriptionListener.onSubscriptionInfoChanged
02-20 20:14:36.699  2068  2068 I AlarmClock: AlarmInitReceiver android.intent.action.TIME_SET
02-20 20:14:36.699  1918  1918 D DCT     : [0]onRecordsLoadedOrSubIdChanged: createAllApnList
02-20 20:14:36.699  1918  1918 D DCT     : [0]createAllApnList: selection=numeric = '310260'
02-20 20:14:36.702  1918  1918 D DCT     : [0]createApnList: X result=[[ApnSettingV3] T-Mobile US, 1, 310260, epc.tmobile.com, , http://mms.msg.eng.t-mobile.com/mms/wapenc, , , , -1, *, IP, IP, true, 0, 0, 0, false, 0, 0, 0, 0, , , false]
02-20 20:14:36.702  1918  1918 D TelephonyProvider: subIdString = 1 subId = 1
02-20 20:14:36.703  1676  1689 W GnssLocationProvider: Could not open GPS configuration file /etc/gps.conf
02-20 20:14:36.703  1676  1689 E GnssLocationProvider: no AGPS interface in set_agps_server
02-20 20:14:36.703  1676  1689 I GnssLocationProvider: WakeLock released by handleMessage(12, 0, null)
02-20 20:14:36.706  1676  1689 W GnssLocationProvider: Could not open GPS configuration file /etc/gps.conf
02-20 20:14:36.706  1676  1689 E GnssLocationProvider: no AGPS interface in set_agps_server
02-20 20:14:36.706  1676  1689 I GnssLocationProvider: WakeLock released by handleMessage(12, 0, null)
02-20 20:14:36.712  1918  1918 D DCT     : [0]getPreferredApn: mRequestedApnType=default cursor=android.content.ContentResolver$CursorWrapperInner@a74c8c4 cursor.count=1
02-20 20:14:36.712  1918  1918 D DCT     : [0]getPreferredApn: apnSetting=[ApnSettingV3] T-Mobile US, 1, 310260, epc.tmobile.com, , http://mms.msg.eng.t-mobile.com/mms/wapenc, , , , -1, *, IP, IP, true, 0, 0, 0, false, 0, 0, 0, 0, , , false
02-20 20:14:36.712  1918  1918 D DCT     : [0]getPreferredApn: X found apnSetting[ApnSettingV3] T-Mobile US, 1, 310260, epc.tmobile.com, , http://mms.msg.eng.t-mobile.com/mms/wapenc, , , , -1, *, IP, IP, true, 0, 0, 0, false, 0, 0, 0, 0, , , false
02-20 20:14:36.713  2068  2103 W GAv4    : CampaignTrackingReceiver is not registered, not exported or is disabled. Installation campaign tracking is not possible. See http://goo.gl/8Rd3yj for instructions.
02-20 20:14:36.714  1312  1357 D gralloc_ranchu: gralloc_alloc: Creating ashmem region of size 15945728
02-20 20:14:36.714  1918  1918 D DCT     : [0]createAllApnList: mPreferredApn=[ApnSettingV3] T-Mobile US, 1, 310260, epc.tmobile.com, , http://mms.msg.eng.t-mobile.com/mms/wapenc, , , , -1, *, IP, IP, true, 0, 0, 0, false, 0, 0, 0, 0, , , false
02-20 20:14:36.714  1918  1918 D DCT     : [0]createAllApnList: X mAllApnSettings=[[ApnSettingV3] T-Mobile US, 1, 310260, epc.tmobile.com, , http://mms.msg.eng.t-mobile.com/mms/wapenc, , , , -1, *, IP, IP, true, 0, 0, 0, false, 0, 0, 0, 0, , , false]
02-20 20:14:36.714  1918  1918 D DCT     : [0]setDataProfilesAsNeeded
02-20 20:14:36.714  1918  1918 D DCT     : [0]setInitialApn: E mPreferredApn=[ApnSettingV3] T-Mobile US, 1, 310260, epc.tmobile.com, , http://mms.msg.eng.t-mobile.com/mms/wapenc, , , , -1, *, IP, IP, true, 0, 0, 0, false, 0, 0, 0, 0, , , false
02-20 20:14:36.714  1918  1918 D DCT     : [0]setInitialApn: firstApnSetting=[ApnSettingV3] T-Mobile US, 1, 310260, epc.tmobile.com, , http://mms.msg.eng.t-mobile.com/mms/wapenc, , , , -1, *, IP, IP, true, 0, 0, 0, false, 0, 0, 0, 0, , , false
02-20 20:14:36.714  1918  1918 D DCT     : [0]setInitialApn: defaultApnSetting=[ApnSettingV3] T-Mobile US, 1, 310260, epc.tmobile.com, , http://mms.msg.eng.t-mobile.com/mms/wapenc, , , , -1, *, IP, IP, true, 0, 0, 0, false, 0, 0, 0, 0, , , false
02-20 20:14:36.714  1918  1918 D DCT     : [0]setInitialAttachApn: using mPreferredApn
02-20 20:14:36.714  1918  1918 D DCT     : [0]setInitialAttachApn: X selected Apn=[ApnSettingV3] T-Mobile US, 1, 310260, epc.tmobile.com, , http://mms.msg.eng.t-mobile.com/mms/wapenc, , , , -1, *, IP, IP, true, 0, 0, 0, false, 0, 0, 0, 0, , , false
02-20 20:14:36.714  1918  1918 D RILJ    : Set RIL_REQUEST_SET_INITIAL_ATTACH_APN [SUB0]
02-20 20:14:36.714  1918  1918 D RILJ    : [3739]> RIL_REQUEST_SET_INITIAL_ATTACH_APN, apn:epc.tmobile.com, protocol:IP, authType:-1, username:none, password:none [SUB0]
02-20 20:14:36.715  1373  1472 D RIL     : onRequest: RIL_REQUEST_SET_INITIAL_ATTACH_APN
02-20 20:14:36.715  1373  1472 D RIL     : Request not supported. Tech: 1
02-20 20:14:36.715  1918  1987 D RilRequest: [3739]< RIL_REQUEST_SET_INITIAL_ATTACH_APN error: com.android.internal.telephony.CommandException: REQUEST_NOT_SUPPORTED ret=
02-20 20:14:36.715  1918  1918 D DCT     : [0]onRecordsLoadedOrSubIdChanged: notifying data availability
02-20 20:14:36.726  1918  1918 D DCT     : [0]setupDataOnConnectableApns: simLoaded hipri:[state=IDLE,enabled=false] mms:[state=IDLE,enabled=false] supl:[state=IDLE,enabled=false] ia:[state=IDLE,enabled=false] fota:[state=IDLE,enabled=false] ims:[state=IDLE,enabled=false] cbs:[state=IDLE,enabled=false] default:[state=IDLE,enabled=false] emergency:[state=IDLE,enabled=false] 
02-20 20:14:36.747  1918  1918 D TelephonyNetworkFactory[0]: onSubIdChange -2->1
02-20 20:14:36.747  1918  1918 D TelephonyNetworkFactory[0]: onDefaultChange(false,true)
02-20 20:14:36.747  1918  1918 D PhoneSwitcher: evaluating due to subChanged phone[0] -2->1
02-20 20:14:36.747  1918  1918 D PhoneSwitcher: activate 0
02-20 20:14:36.747  1918  1918 D RILJ    : [3740]> RIL_REQUEST_ALLOW_DATA allowed: true [SUB0]
02-20 20:14:36.748  1373  1472 D RIL     : onRequest: ALLOW_DATA
02-20 20:14:36.748  1373  1472 D RIL     : Request not supported. Tech: 1
02-20 20:14:36.748  1918  1987 D RilRequest: [3740]< RIL_REQUEST_ALLOW_DATA error: com.android.internal.telephony.CommandException: REQUEST_NOT_SUPPORTED ret=
02-20 20:14:36.749  1761  1761 I Choreographer: Skipped 39 frames!  The application may be doing too much work on its main thread.
02-20 20:14:36.754  1761  1761 D ViewRootImpl[StatusBar]: changeCanvasOpacity: opaque=true
02-20 20:14:36.756  2068  2103 W GAv4    : AnalyticsService not registered in the app manifest. Hits might not be delivered reliably. See http://goo.gl/8Rd3yj for instructions.
02-20 20:14:36.757  1918  1918 I Telephony: PstnIncomingCallNotifier: Unregistering: Handler (com.android.internal.telephony.GsmCdmaPhone) {717f1d4}
02-20 20:14:36.770  1918  1918 D SubscriptionController: [getActiveSubscriptionInfo]+ subId=1 subInfo={id=1, iccId=89014103211118510720 simSlotIndex=0 displayName=Android carrierName=Android nameSource=0 iconTint=-16746133 dataRoaming=0 iconBitmap=android.graphics.Bitmap@a745b65 mcc 310 mnc 260}
02-20 20:14:36.774  1676  2086 I Telecom : PhoneAccountRegistrar: [ComponentInfo{com.android.phone/com.android.services.telephony.TelephonyConnectionService}, [e2f7d48dd2b5ca523e7313cf4ba0f6ea830b6281], UserHandle{0}(icon: Icon(typ=BITMAP size=76x96) -> Icon(typ=BITMAP size=76x96))]: TSI.rPA@ABY
02-20 20:14:36.783  1676  2086 I Telecom : : Sending phone-account registered intent as user: TSI.rPA@ABY
02-20 20:14:36.784  1918  1918 I Telephony: AccountEntry: Registered phoneAccount: [[ ] PhoneAccount: ComponentInfo{com.android.phone/com.android.services.telephony.TelephonyConnectionService}, [e2f7d48dd2b5ca523e7313cf4ba0f6ea830b6281], UserHandle{0} Capabilities: CallProvider MultiUser PlaceEmerg SimSub  Schemes: tel voicemail  Extras: null GroupId: [da39a3ee5e6b4b0d3255bfef95601890afd80709]] with handle: ComponentInfo{com.android.phone/com.android.services.telephony.TelephonyConnectionService}, [e2f7d48dd2b5ca523e7313cf4ba0f6ea830b6281], UserHandle{0}
02-20 20:14:36.784  1918  1918 I Telephony: PstnIncomingCallNotifier: Registering: Handler (com.android.internal.telephony.GsmCdmaPhone) {717f1d4}
02-20 20:14:36.787  1918  1918 D SST     : SubscriptionListener.onSubscriptionInfoChanged
02-20 20:14:36.787  1918  1918 D DCT     : [0]SubscriptionListener.onSubscriptionInfoChanged
02-20 20:14:36.793  1918  1918 I Telephony: PstnIncomingCallNotifier: Unregistering: Handler (com.android.internal.telephony.GsmCdmaPhone) {717f1d4}
02-20 20:14:36.796  1918  1918 D SubscriptionController: [getActiveSubscriptionInfo]+ subId=1 subInfo={id=1, iccId=89014103211118510720 simSlotIndex=0 displayName=Android carrierName=Android nameSource=0 iconTint=-16746133 dataRoaming=0 iconBitmap=android.graphics.Bitmap@2eb921d mcc 310 mnc 260}
02-20 20:14:36.854  1676  1687 I Telecom : PhoneAccountRegistrar: [ComponentInfo{com.android.phone/com.android.services.telephony.TelephonyConnectionService}, [e2f7d48dd2b5ca523e7313cf4ba0f6ea830b6281], UserHandle{0}(icon: Icon(typ=BITMAP size=76x96) -> Icon(typ=BITMAP size=76x96))]: TSI.rPA@ABk
