02-20 19:27:33.558  1914  1914 D TelephonyNetworkFactory[0]: not acting - isApp=false, isAct=false NetworkRequest [ REQUEST id=1, [ Capabilities: INTERNET&NOT_RESTRICTED&TRUSTED&NOT_VPN] ]
02-20 19:27:33.558  1914  1914 D CAT     : CatService: handleMessage[8]
02-20 19:27:33.558  1914  1914 D CAT     : CatService: MSG_ID_ICC_CHANGED
02-20 19:27:33.558  1914  1914 D CAT     : CatService: New Card State = CARDSTATE_PRESENT Old Card State = CARDSTATE_ABSENT
02-20 19:27:33.558  1914  1914 D RILJ    : [3682]> RIL_REQUEST_REPORT_STK_SERVICE_IS_RUNNING [SUB0]
02-20 19:27:33.559  1374  1519 D RIL     : onRequest: VOICE_RADIO_TECH
02-20 19:27:33.559  1374  1519 D RIL     : onRequest: GET_SIM_STATUS
02-20 19:27:33.559  1374  1519 D RIL     : getSIMStatus(). sState: 10
02-20 19:27:33.559  1374  1519 D AT      : AT> AT+CPIN?
02-20 19:27:33.559  1374  1521 D AT      : AT< +CPIN: READY
02-20 19:27:33.559  1374  1521 D AT      : AT< OK
02-20 19:27:33.559  1914  1990 D RILJ    : [3680]< RIL_REQUEST_VOICE_RADIO_TECH {11} [SUB0]
02-20 19:27:33.559  1914  1990 D RILJ    : [3681]< GET_SIM_STATUS IccCardState {CARDSTATE_PRESENT,PINSTATE_UNKNOWN,num_apps=2,gsm_id=0{APPTYPE_SIM,APPSTATE_READY},cdma_id=1{APPTYPE_RUIM,APPSTATE_READY},ims_id=8} [SUB0]
02-20 19:27:33.559  1374  1519 D RIL     : onRequest: REPORT_STK_SERVICE_IS_RUNNING
02-20 19:27:33.559  1374  1519 D RIL     : Request not supported. Tech: 1
02-20 19:27:33.559  1914  1990 D RilRequest: [3682]< RIL_REQUEST_REPORT_STK_SERVICE_IS_RUNNING error: com.android.internal.telephony.CommandException: REQUEST_NOT_SUPPORTED ret=
02-20 19:27:33.559  1914  1914 D GsmCdmaPhone: [GsmCdmaPhone] New Uicc application found. type = APPTYPE_SIM
02-20 19:27:33.559  1914  1914 D GsmSMSDispatcher: GsmSMSDispatcher: subId = -2 slotId = 0
02-20 19:27:33.559  1914  1914 D GsmSMSDispatcher: New Uicc application found
02-20 19:27:33.560  1914  1914 D IccCardProxy: Icc changed. Reregestering.
02-20 19:27:33.560  1914  1914 D SST     : New card found
02-20 19:27:33.560  1914  1914 D CAT     : CatService: handleMessage[8]
02-20 19:27:33.560  1914  1914 D CAT     : CatService: MSG_ID_ICC_CHANGED
02-20 19:27:33.560  1914  1914 D CAT     : CatService: New Card State = CARDSTATE_PRESENT Old Card State = CARDSTATE_PRESENT
02-20 19:27:33.560  1914  1914 E SST     : error parsing GprsRegistrationState: java.lang.NumberFormatException: null
02-20 19:27:33.560  1914  1914 D SST     : handlPollStateResultMessage: GsmSST setDataRegState=0 regState=1 dataRadioTechnology=14
02-20 19:27:33.560  1914  1914 D SST     : EVENT_POLL_STATE_NETWORK_SELECTION_MODE
02-20 19:27:33.560  1914  1914 D SST     : Poll ServiceState done:  oldSS=[1 1 voice home data home null null null null null null  Unknown Unknown CSS not supported 0 0 RoamInd=0 DefRoamInd=0 EmergOnly=false IsDataRoamingFromRegistration=false IsUsingCarrierAggregation=false] newSS=[0 0 voice home data home Android Android 310260 Android Android 310260  Unknown LTE CSS not supported -1 -1 RoamInd=-1 DefRoamInd=-1 EmergOnly=false IsDataRoamingFromRegistration=false IsUsingCarrierAggregation=false] oldMaxDataCalls=1 mNewMaxDataCalls=1 oldReasonDataDenied=-1 mNewReasonDataDenied=-1
02-20 19:27:33.560  1914  1914 I gsm_service_state_change: [1,1,0,0]
02-20 19:27:33.560  1914  1914 D TelephonyManager: setTelephonyProperty: success phoneId=0 property=gsm.network.type value: LTE propVal=LTE
02-20 19:27:33.560  1914  1914 D SST     : pollStateDone: registering current mNitzUpdatedTime=true changing to false
02-20 19:27:33.560  1914  1914 D SIMRecords: [SIMRecords] getServiceProviderName: no brandOverride, providerName=null
02-20 19:27:33.560  1914  1914 D SIMRecords: [SIMRecords] getServiceProviderName: no brandOverride, providerName=null
02-20 19:27:33.560  1914  1914 D SST     : updateSpnDisplay: changed sending intent rule=2 showPlmn='true' plmn='Android' showSpn='false' spn='null' dataSpn='null' subId='-2'
02-20 19:27:33.561  1914  1914 D SubscriptionController: [setPlmnSpn] No valid subscription to store info
02-20 19:27:33.561  1914  1914 D SubscriptionController: notifySubscriptionInfoChanged:
02-20 19:27:33.561  1636  1938 D TelephonyRegistry: notifySubscriptionInfoChanged: first invocation mRecords.size=16
02-20 19:27:33.561  1636  1636 I GnssLocationProvider: WakeLock acquired by sendMessage(12, 0, null)
02-20 19:27:33.561  1914  1929 D SubscriptionController: [getActiveSubInfoList] Sub Controller not ready
02-20 19:27:33.561  1914  1914 D TelephonyManager: setTelephonyProperty: success phoneId=0 property=gsm.operator.alpha value: Android propVal=Android
02-20 19:27:33.562  1914  1914 D TelephonyManager: setTelephonyProperty: success phoneId=0 property=gsm.operator.numeric value: 310260 propVal=310260
02-20 19:27:33.562  1914  1914 D SST     : update mccmnc=310260 fromServiceState=true
02-20 19:27:33.562  1914  1914 D MccTable: updateMccMncConfiguration mccmnc='310260' fromServiceState=true
02-20 19:27:33.562  1914  1914 D SubscriptionController: [getPhoneId]- no sims, returning default phoneId=2147483647
02-20 19:27:33.562  1914  1914 D MccTable: updateMccMncConfiguration defaultMccMnc=
02-20 19:27:33.562  1914  1914 D MccTable: updateMccMncConfiguration: mcc=310, mnc=260
02-20 19:27:33.562  1914  1914 D MccTable: WIFI_COUNTRY_CODE set to us
02-20 19:27:33.565  1636  1938 I WifiService: WifiService trying to set country code to us with persist set to false
02-20 19:27:33.565  1636  1938 D WifiCountryCode: Succeeded to set country code to: US
02-20 19:27:33.571  1636  1657 I am_proc_bound: [0,2080,com.google.android.gms.persistent]
02-20 19:27:33.572  1914  1914 D TelephonyManager: setTelephonyProperty: success phoneId=0 property=gsm.operator.iso-country value: us propVal=us
02-20 19:27:33.575  1914  1914 D SST     : pollStateDone: there are 6 unique offsets for iso-cc='us testOneUniqueOffsetPath=false', do nothing
02-20 19:27:33.575  1914  1914 D SST     : shouldFixTimeZoneNow: retVal=true iccCardExist=true operatorNumeric=310260 mcc=310 prevOperatorNumeric= prevMcc=311 needToFixTimeZone=false ltod=02-20 19:27:33.575
02-20 19:27:33.575  1914  1914 D SST     : fixTimeZone zoneName='GMT' mZoneOffset=0 mZoneDst=false iso-cc='us' iso-cc-idx=-21
02-20 19:27:33.575  1914  1914 D SST     : fixTimeZone: using default TimeZone
02-20 19:27:33.575  1914  1914 D SST     : fixTimeZone: zone != null zone.getID=GMT
02-20 19:27:33.575  1914  1914 D SST     : setAndBroadcastNetworkSetTimeZone: setTimeZone=GMT
02-20 19:27:33.594  1636  1649 W art     : Suspending all threads took: 20.059ms
02-20 19:27:33.596  1636  1649 I art     : Background sticky concurrent mark sweep GC freed 50391(2MB) AllocSpace objects, 3(92KB) LOS objects, 8% free, 22MB/24MB, paused 20.976ms total 101.806ms
02-20 19:27:33.598  1636  2041 D AlarmManagerService: Kernel timezone updated to 0 minutes west of GMT
02-20 19:27:33.600  1914  1914 D SST     : setAndBroadcastNetworkSetTimeZone: call alarm.setTimeZone and broadcast zoneId=GMT
02-20 19:27:33.600  1914  1914 D TelephonyManager: setTelephonyProperty: success phoneId=0 property=gsm.operator.isroaming value: false propVal=false
02-20 19:27:33.600  1914  1914 D SST     : Broadcasting ServiceState : 0 0 voice home data home Android Android 310260 Android Android 310260  Unknown LTE CSS not supported -1 -1 RoamInd=-1 DefRoamInd=-1 EmergOnly=false IsDataRoamingFromRegistration=false IsUsingCarrierAggregation=false
02-20 19:27:33.600  1914  1914 D DefaultPhoneNotifier: nofityServiceState: mRegistry=com.android.internal.telephony.ITelephonyRegistry$Stub$Proxy@7a509c7 ss=0 0 voice home data home Android Android 310260 Android Android 310260  Unknown LTE CSS not supported -1 -1 RoamInd=-1 DefRoamInd=-1 EmergOnly=false IsDataRoamingFromRegistration=false IsUsingCarrierAggregation=false sender=Handler (com.android.internal.telephony.GsmCdmaPhone) {6f34ace} phondId=0 subId=-2
02-20 19:27:33.600  1914  1914 D SubscriptionController: [getSlotId]- subId invalid
02-20 19:27:33.601  1636  1702 D TelephonyManager: getSimState: default sim:-1, sim state for slotIdx=0 is 6, return state as unknown
02-20 19:27:33.601  1914  1914 D SST     : notifyDataRegStateRilRadioTechnologyChanged: drs=0 rat=14
02-20 19:27:33.601  1914  1914 D TelephonyManager: setTelephonyProperty: success phoneId=0 property=gsm.network.type value: LTE propVal=LTE
02-20 19:27:33.602  1914  1914 D DCT     : [0]get all active apn types
02-20 19:27:33.602  1914  1914 D SST     : getCellLocation(): X good mCellLoc=[3,91,-1]
02-20 19:27:33.602  1636  1657 D TelephonyRegistry: notifyCellLocationForSubscriber: subId=-2 cellLocation=Bundle[mParcelledData.dataSize=64]
02-20 19:27:33.602  1914  1914 D GsmCdmaCallTracker: Event EVENT_POLL_CALLS_RESULT Received
02-20 19:27:33.602  1914  1914 D GsmCdmaCallTracker: [GsmCdmaCallTracker] update phone state, old=IDLE new=IDLE
02-20 19:27:33.602  1914  1914 D RIL_ImsSms: IMS is NOT registered!
02-20 19:27:33.602  1914  1914 D CdmaSSM : CDMA_SUBSCRIPTION_SOURCE event = 2
02-20 19:27:33.602  1914  1914 W CdmaSSM : Unable to get CDMA Subscription Source, Exception: com.android.internal.telephony.CommandException: REQUEST_NOT_SUPPORTED, result: null
02-20 19:27:33.602  1914  1914 D GsmCdmaPhone: [GsmCdmaPhone] EVENT_REQUEST_VOICE_RADIO_TECH_DONE: newVoiceTech=11
02-20 19:27:33.602  1914  1914 D GsmCdmaPhone: [GsmCdmaPhone] phoneObjectUpdater: newVoiceRadioTech=11
02-20 19:27:33.602  1914  1914 D GsmCdmaPhone: [GsmCdmaPhone] phoneObjectUpdater: No change ignore, newVoiceRadioTech=11 mActivePhone=GSM
02-20 19:27:33.602  1914  1914 D UiccController: Received EVENT_GET_ICC_STATUS_DONE
02-20 19:27:33.603  1914  1914 D UiccCard: 2 applications
02-20 19:27:33.603  1914  1914 D UiccCardApplication: APPTYPE_SIM update. New {APPTYPE_SIM,APPSTATE_READY}
02-20 19:27:33.603  1914  1914 D UiccCardApplication: APPTYPE_SIM changed state: APPSTATE_DETECTED -> APPSTATE_READY
02-20 19:27:33.603  1914  1914 D RILJ    : [3683]> QUERY_FACILITY_LOCK [FD 7 null] [SUB0]
02-20 19:27:33.603  1914  1914 D RILJ    : [3684]> QUERY_FACILITY_LOCK [SC 7 null] [SUB0]
02-20 19:27:33.603  1374  1519 D RIL     : onRequest: QUERY_FACILITY_LOCK
02-20 19:27:33.603  1374  1519 D RIL     : Request not supported. Tech: 1
02-20 19:27:33.604  1914  1990 D RilRequest: [3683]< QUERY_FACILITY_LOCK error: com.android.internal.telephony.CommandException: REQUEST_NOT_SUPPORTED ret=
02-20 19:27:33.604  2074  2074 W System  : ClassLoader referenced unknown path: /system/priv-app/CalendarProvider/lib/x86_64
02-20 19:27:33.605  1914  1914 D UiccCardApplication: Notifying registrants: READY
02-20 19:27:33.605  1914  1914 D UiccCardApplication: APPTYPE_RUIM update. New {APPTYPE_RUIM,APPSTATE_READY}
02-20 19:27:33.605  1914  1914 D UiccCardApplication: APPTYPE_RUIM changed state: APPSTATE_DETECTED -> APPSTATE_READY
02-20 19:27:33.605  1914  1914 D RILJ    : [3685]> QUERY_FACILITY_LOCK [FD 7 null] [SUB0]
02-20 19:27:33.605  1374  1519 D RIL     : onRequest: QUERY_FACILITY_LOCK
02-20 19:27:33.605  1374  1519 D RIL     : Request not supported. Tech: 1
02-20 19:27:33.605  1914  1914 D RILJ    : [3686]> QUERY_FACILITY_LOCK [SC 7 null] [SUB0]
02-20 19:27:33.605  1374  1519 D RIL     : onRequest: QUERY_FACILITY_LOCK
02-20 19:27:33.605  1374  1519 D RIL     : Request not supported. Tech: 1
02-20 19:27:33.605  1914  1914 D UiccCardApplication: Notifying registrants: READY
02-20 19:27:33.605  1914  1914 D UiccCard: Before privilege rules: Handler (com.android.internal.telephony.uicc.UiccCarrierPrivilegeRules) {129fbf4} : CARDSTATE_PRESENT
02-20 19:27:33.605  1914  1914 E UiccCard: App index 8 is invalid since there are no applications
02-20 19:27:33.605  1914  1914 D UiccCard: update: radioState=RADIO_ON mLastRadioState=RADIO_ON
02-20 19:27:33.605  1914  1914 D UiccController: Notifying IccChangedRegistrants
02-20 19:27:33.605  1914  1990 D RilRequest: [3684]< QUERY_FACILITY_LOCK error: com.android.internal.telephony.CommandException: REQUEST_NOT_SUPPORTED ret=
02-20 19:27:33.606  1914  1990 D RilRequest: [3685]< QUERY_FACILITY_LOCK error: com.android.internal.telephony.CommandException: REQUEST_NOT_SUPPORTED ret=
02-20 19:27:33.606  1374  1519 D RIL     : onRequest: QUERY_FACILITY_LOCK
02-20 19:27:33.606  1374  1519 D RIL     : Request not supported. Tech: 1
02-20 19:27:33.606  1914  1990 D RilRequest: [3686]< QUERY_FACILITY_LOCK error: com.android.internal.telephony.CommandException: REQUEST_NOT_SUPPORTED ret=
02-20 19:27:33.607  1914  1914 D RILJ    : [3687]> RIL_REQUEST_SIM_TRANSMIT_APDU_CHANNEL [SUB0]
02-20 19:27:33.607  1914  1914 D GsmCdmaPhone: [GsmCdmaPhone] Event EVENT_REGISTERED_TO_NETWORK Received
02-20 19:27:33.607  1914  1914 D SST     : SubscriptionListener.onSubscriptionInfoChanged
02-20 19:27:33.607  1914  1914 E Phone   : getStoredVoiceMessageCount: invalid subId -2
02-20 19:27:33.607  1374  1519 D RIL     : onRequest: SIM_TRANSMIT_APDU_CHANNEL
02-20 19:27:33.607  1374  1519 D AT      : AT> AT+CGLA=1,10,80caff4000
02-20 19:27:33.608  1374  1521 D AT      : AT< +CGLA: 144,0,FF403eE23cE12eC11461ed377e85d386a8dfee6b864bd85b0bfaa5af81CA16616e64726f69642e636172726965726170692e637473E30aDB080000000000000000
02-20 19:27:33.608  1374  1521 D AT      : AT< OK
02-20 19:27:33.608  1914  1990 D RILJ    : [3687]< RIL_REQUEST_SIM_TRANSMIT_APDU_CHANNEL  [SUB0]
02-20 19:27:33.608  1914  1914 D GsmCdmaPhone: [GsmCdmaPhone] updateVoiceMail countVoiceMessages = 0 subId -2
02-20 19:27:33.608  1914  1914 E Phone   : setVoiceMessageCount in sharedPreference: invalid subId -2
02-20 19:27:33.608  1914  1914 D DCT     : [0]SubscriptionListener.onSubscriptionInfoChanged
02-20 19:27:33.609  1914  1914 D SubscriptionController: [getActiveSubInfoList] Sub Controller not ready
02-20 19:27:33.609  1914  1914 D SubscriptionController: [getActiveSubInfoList] Sub Controller not ready
02-20 19:27:33.609  1914  1914 E PhoneInterfaceManager: [PhoneIntfMgr] getIccId: No UICC
02-20 19:27:33.611  2080  2080 W System  : ClassLoader referenced unknown path: /system/priv-app/PrebuiltGmsCore/lib/x86_64
02-20 19:27:33.613  1749  1749 I InputAttributes: InputType.TYPE_NULL is specified
02-20 19:27:33.615  1636  1656 I Telecom : PhoneAccountRegistrar: New phone account registered: [[ ] PhoneAccount: ComponentInfo{com.android.phone/com.android.services.telephony.TelephonyConnectionService}, [e0184adedf913b076626646d3f52c3b49c39ad6d], UserHandle{0} Capabilities: CallProvider MultiUser PlaceEmerg SimSub  Schemes: tel voicemail  Extras: null GroupId: [da39a3ee5e6b4b0d3255bfef95601890afd80709]]: TSI.rPA@AAM
02-20 19:27:33.617  1636  1656 I Telecom : : Sending phone-account registered intent as user: TSI.rPA@AAM
02-20 19:27:33.618  1914  1914 I Telephony: AccountEntry: Registered phoneAccount: [[ ] PhoneAccount: ComponentInfo{com.android.phone/com.android.services.telephony.TelephonyConnectionService}, [e0184adedf913b076626646d3f52c3b49c39ad6d], UserHandle{0} Capabilities: CallProvider MultiUser PlaceEmerg SimSub  Schemes: tel voicemail  Extras: null GroupId: [da39a3ee5e6b4b0d3255bfef95601890afd80709]] with handle: ComponentInfo{com.android.phone/com.android.services.telephony.TelephonyConnectionService}, [e0184adedf913b076626646d3f52c3b49c39ad6d], UserHandle{0}
02-20 19:27:33.630  1636  2073 V KeyValueBackupJob: Scheduling k/v pass in 242 minutes
02-20 19:27:33.641  2074  2074 I CalendarProvider2: Created com.android.providers.calendar.CalendarAlarmManager@808d3d3(com.android.providers.calendar.CalendarProvider2@47eab10)
02-20 19:27:32.750     0     0 D ieee80211 phy1: hw scan 2447 MHz
02-20 19:27:33.644  1636  2073 V KeyValueBackupJob: Scheduling k/v pass in 240 minutes
02-20 19:27:33.653  1914  1914 I Telephony: PstnIncomingCallNotifier: Registering: Handler (com.android.internal.telephony.GsmCdmaPhone) {6f34ace}
02-20 19:27:33.659  1914  1914 I Telephony: TelecomAccountRegistry: Unregistering phone account ComponentInfo{com.android.phone/com.android.services.telephony.TelephonyConnectionService}, [e2f7d48dd2b5ca523e7313cf4ba0f6ea830b6281], UserHandle{0}.
02-20 19:27:33.668  1636  1702 I Telecom : : Sending phone-account unregistered intent as user: TSI.uPA@AAU
02-20 19:27:33.672  1636  1678 I SyncManager: Got SyncJobService instance.
02-20 19:27:33.673  1636  1636 I FusedLocation: engine started (com.android.location.fused)
02-20 19:27:33.674  1914  1914 D DCT     : [0]onDataConnectionAttached
02-20 19:27:33.675  1914  1914 D DCT     : [0]isDataAllowed: No - SIM not loaded
02-20 19:27:33.676  1914  1929 D SubscriptionController: [getPhoneId]- no sims, returning default phoneId=2147483647
02-20 19:27:33.684  2117  2117 W art     : Unexpected CPU variant for X86 using defaults: x86_64
02-20 19:27:33.689  1636  1938 I am_proc_start: [0,2117,10067,com.google.android.deskclock,broadcast,com.google.android.deskclock/com.android.deskclock.AlarmInitReceiver]
02-20 19:27:33.689  1636  1938 I ActivityManager: Start proc 2117:com.google.android.deskclock/u0a67 for broadcast com.google.android.deskclock/com.android.deskclock.AlarmInitReceiver
02-20 19:27:33.689  1636  1938 I am_proc_bound: [0,2117,com.google.android.deskclock]
02-20 19:27:33.692  1914  1914 D DCT     : [0]setupDataOnConnectableApns: dataAttached hipri:[state=IDLE,enabled=false] mms:[state=IDLE,enabled=false] supl:[state=IDLE,enabled=false] ia:[state=IDLE,enabled=false] fota:[state=IDLE,enabled=false] ims:[state=IDLE,enabled=false] cbs:[state=IDLE,enabled=false] default:[state=IDLE,enabled=false] emergency:[state=IDLE,enabled=false] 
02-20 19:27:33.692  1914  1914 D DCT     : [0]setupDataOnConnectableApns: nwTypeChanged hipri:[state=IDLE,enabled=false] mms:[state=IDLE,enabled=false] supl:[state=IDLE,enabled=false] ia:[state=IDLE,enabled=false] fota:[state=IDLE,enabled=false] ims:[state=IDLE,enabled=false] cbs:[state=IDLE,enabled=false] default:[state=IDLE,enabled=false] emergency:[state=IDLE,enabled=false] 
02-20 19:27:33.692  1914  1914 D UiccCardApplication: Error in querying facility lock:com.android.internal.telephony.CommandException: REQUEST_NOT_SUPPORTED
02-20 19:27:33.692  1914  1914 D SIMRecords: [SIMRecords] fetchSimRecords 0
02-20 19:27:33.692  1914  1914 D RILJ    : [3688]> getIMSI: GET_IMSI aid: null [SUB0]
02-20 19:27:33.692  1914  1914 D RILJ    : [3689]> iccIO: SIM_IO 0xc0 0x2fe2  path: 3F00,0,0,15 aid: null [SUB0]
02-20 19:27:33.692  1374  1519 D RIL     : onRequest: GET_IMSI
02-20 19:27:33.692  1374  1519 D AT      : AT> AT+CIMI
02-20 19:27:33.692  1374  1521 D AT      : AT< 310260000000000
02-20 19:27:33.692  1374  1521 D AT      : AT< OK
02-20 19:27:33.693  1914  1914 D RILJ    : [3690]> iccIO: SIM_IO 0xc0 0x6f40  path: 3F007F10,0,0,15 aid: null [SUB0]
02-20 19:27:33.693  1374  1519 D RIL     : onRequest: SIM_IO
02-20 19:27:33.693  1374  1519 D AT      : AT> AT+CRSM=192,12258,0,0,15
02-20 19:27:33.693  1374  1521 D AT      : AT< +CRSM: 144,0,0000000a2fe204000fa0aa01020000
02-20 19:27:33.693  1374  1521 D AT      : AT< OK
02-20 19:27:33.693  1914  1990 D RILJ    : [3688]< GET_IMSI  [SUB0]
02-20 19:27:33.693  1914  1914 D RILJ    : [3691]> iccIO: SIM_IO 0xc0 0x6fc9  path: 3F007F20,0,0,15 aid: null [SUB0]
02-20 19:27:33.693  1374  1519 D RIL     : onRequest: SIM_IO
02-20 19:27:33.693  1374  1519 D AT      : AT> AT+CRSM=192,28480,0,0,15
02-20 19:27:33.693  1374  1521 D AT      : AT< +CRSM: 144,0,000000806f40040011a0aa01020120
02-20 19:27:33.693  1374  1521 D AT      : AT< OK
02-20 19:27:33.693  1914  1914 D RILJ    : [3692]> iccIO: SIM_IO 0xc0 0x6fad  path: 3F007F20,0,0,15 aid: null [SUB0]
02-20 19:27:33.693  1374  1519 D RIL     : onRequest: SIM_IO
02-20 19:27:33.693  1374  1519 D AT      : AT> AT+CRSM=192,28617,0,0,15
02-20 19:27:33.693  1374  1521 D AT      : AT< +CRSM: 144,0,000000086fc9040011a0aa01020104
02-20 19:27:33.693  1374  1521 D AT      : AT< OK
02-20 19:27:33.693  1914  1914 D RILJ    : [3693]> iccIO: SIM_IO 0xc0 0x6fca  path: 3F007F20,0,0,15 aid: null [SUB0]
02-20 19:27:33.693  1374  1519 D RIL     : onRequest: SIM_IO
02-20 19:27:33.693  1374  1519 D AT      : AT> AT+CRSM=192,28589,0,0,15
02-20 19:27:33.693  1374  1521 D AT      : AT< +CRSM: 144,0,000000046fad04000aa0aa01020000
02-20 19:27:33.693  1374  1521 D AT      : AT< OK
02-20 19:27:33.694  1914  1914 D RILJ    : [3694]> iccIO: SIM_IO 0xc0 0x6f11  path: 3F007F20,0,0,15 aid: null [SUB0]
02-20 19:27:33.694  1374  1519 D RIL     : onRequest: SIM_IO
02-20 19:27:33.694  1374  1519 D AT      : AT> AT+CRSM=192,28618,0,0,15
02-20 19:27:33.694  1374  1521 D AT      : AT< +CRSM: 144,0,0000000a6fca040011a0aa01020105
02-20 19:27:33.694  1374  1521 D AT      : AT< OK
02-20 19:27:33.694  1914  1914 D RILJ    : [3695]> iccIO: SIM_IO 0xc0 0x6fcb  path: 3F007F20,0,0,15 aid: null [SUB0]
02-20 19:27:33.694  1374  1519 D RIL     : onRequest: SIM_IO
02-20 19:27:33.694  1374  1519 D AT      : AT> AT+CRSM=192,28433,0,0,15
02-20 19:27:33.694  1374  1521 D AT      : AT< +CRSM: 144,0,000000016f11040011a0aa01020000
02-20 19:27:33.694  1374  1521 D AT      : AT< OK
02-20 19:27:33.694  1914  1914 D RILJ    : [3696]> iccIO: SIM_IO 0xc0 0x6f13  path: 3F007F20,0,0,15 aid: null [SUB0]
02-20 19:27:33.694  1374  1519 D RIL     : onRequest: SIM_IO
02-20 19:27:33.694  1374  1519 D AT      : AT> AT+CRSM=192,28619,0,0,15
02-20 19:27:33.694  1374  1521 D AT      : AT< ERROR: BAD COMMAND
02-20 19:27:33.694  1914  1914 D RILJ    : [3697]> iccIO: SIM_IO 0xc0 0x6f46  path: 3F007F20,0,0,15 aid: null [SUB0]
02-20 19:27:33.695  1374  1519 D RIL     : onRequest: SIM_IO
02-20 19:27:33.695  1374  1519 D AT      : AT> AT+CRSM=192,28435,0,0,15
02-20 19:27:33.695  1914  1914 D RILJ    : [3698]> iccIO: SIM_IO 0xc0 0x6fcd  path: 3F007F20,0,0,15 aid: null [SUB0]
02-20 19:27:33.695  1374  1521 D AT      : AT< +CRSM: 144,0,000000016f13040011a0aa01020000
02-20 19:27:33.695  1374  1521 D AT      : AT< OK
02-20 19:27:33.695  1374  1519 D RIL     : onRequest: SIM_IO
02-20 19:27:33.695  1374  1519 D AT      : AT> AT+CRSM=192,28486,0,0,15
02-20 19:27:33.695  1374  1521 D AT      : AT< +CRSM: 148,4
02-20 19:27:33.695  1374  1521 D AT      : AT< OK
02-20 19:27:33.695  1914  1914 D RILJ    : [3699]> iccIO: SIM_IO 0xc0 0x6fc5  path: 3F007F20,0,0,15 aid: null [SUB0]
02-20 19:27:33.695  1374  1519 D RIL     : onRequest: SIM_IO
02-20 19:27:33.695  1374  1519 D AT      : AT> AT+CRSM=192,28621,0,0,15
02-20 19:27:33.695  1374  1521 D AT      : AT< +CRSM: 148,4
02-20 19:27:33.695  1374  1521 D AT      : AT< OK
02-20 19:27:33.695  1914  1914 D RILJ    : [3700]> iccIO: SIM_IO 0xc0 0x6f38  path: 3F007F20,0,0,15 aid: null [SUB0]
02-20 19:27:33.695  1374  1519 D RIL     : onRequest: SIM_IO
02-20 19:27:33.695  1374  1519 D AT      : AT> AT+CRSM=192,28613,0,0,15
02-20 19:27:33.695  1914  1914 D RILJ    : [3701]> iccIO: SIM_IO 0xc0 0x6f16  path: 3F007F20,0,0,15 aid: null [SUB0]
02-20 19:27:33.696  1374  1521 D AT      : AT< +CRSM: 144,0,000000f06fc504000aa0aa01020118
02-20 19:27:33.696  1374  1521 D AT      : AT< OK
02-20 19:27:33.696  1374  1519 D RIL     : onRequest: SIM_IO
02-20 19:27:33.696  1374  1519 D AT      : AT> AT+CRSM=192,28472,0,0,15
02-20 19:27:33.696  1374  1521 D AT      : AT< +CRSM: 144,0,0000000f6f3804001aa0aa01020000
02-20 19:27:33.696  1374  1521 D AT      : AT< OK
02-20 19:27:33.696  1914  1990 D RILJ    : [3689]< SIM_IO IccIoResponse sw1:0x90 sw2:0x0 [SUB0]
02-20 19:27:33.696  1914  1990 D RILJ    : [3690]< SIM_IO IccIoResponse sw1:0x90 sw2:0x0 [SUB0]
02-20 19:27:33.696  1914  1990 D RILJ    : [3691]< SIM_IO IccIoResponse sw1:0x90 sw2:0x0 [SUB0]
02-20 19:27:33.696  1914  1990 D RILJ    : [3692]< SIM_IO IccIoResponse sw1:0x90 sw2:0x0 [SUB0]
02-20 19:27:33.696  1914  1990 D RILJ    : [3693]< SIM_IO IccIoResponse sw1:0x90 sw2:0x0 [SUB0]
02-20 19:27:33.696  1914  1990 D RILJ    : [3694]< SIM_IO IccIoResponse sw1:0x90 sw2:0x0 [SUB0]
02-20 19:27:33.696  1914  1990 D RilRequest: [3695]< SIM_IO error: com.android.internal.telephony.CommandException: GENERIC_FAILURE ret=
02-20 19:27:33.696  1914  1990 D RILJ    : [3696]< SIM_IO IccIoResponse sw1:0x90 sw2:0x0 [SUB0]
02-20 19:27:33.696  1914  1990 D RILJ    : [3697]< SIM_IO IccIoResponse sw1:0x94 sw2:0x4 [SUB0]
02-20 19:27:33.696  1914  1990 D RILJ    : [3698]< SIM_IO IccIoResponse sw1:0x94 sw2:0x4 [SUB0]
02-20 19:27:33.696  1914  1990 D RILJ    : [3699]< SIM_IO IccIoResponse sw1:0x90 sw2:0x0 [SUB0]
02-20 19:27:33.696  1914  1990 D RILJ    : [3700]< SIM_IO IccIoResponse sw1:0x90 sw2:0x0 [SUB0]
02-20 19:27:33.697  1914  1914 D RILJ    : [3702]> iccIO: SIM_IO 0xc0 0x6f15  path: 3F007F20,0,0,15 aid: null [SUB0]
02-20 19:27:33.697  1374  1519 D RIL     : onRequest: SIM_IO
02-20 19:27:33.697  1374  1519 D AT      : AT> AT+CRSM=192,28438,0,0,15
02-20 19:27:33.697  1914  1914 D RILJ    : [3703]> iccIO: SIM_IO 0xc0 0x6f3e  path: 3F007F20,0,0,15 aid: null [SUB0]
02-20 19:27:33.697  1374  1521 D AT      : AT< +CRSM: 144,0,000000026f1604001aa0aa01020000
02-20 19:27:33.697  1374  1521 D AT      : AT< OK
02-20 19:27:33.697  1374  1519 D RIL     : onRequest: SIM_IO
02-20 19:27:33.697  1374  1519 D AT      : AT> AT+CRSM=192,28437,0,0,15
02-20 19:27:33.697  1374  1521 D AT      : AT< ERROR: BAD COMMAND
02-20 19:27:33.697  1914  1990 D RILJ    : [3701]< SIM_IO IccIoResponse sw1:0x90 sw2:0x0 [SUB0]
02-20 19:27:33.697  1914  1914 D RILJ    : [3704]> iccIO: SIM_IO 0xc0 0x6f3f  path: 3F007F20,0,0,15 aid: null [SUB0]
02-20 19:27:33.697  1374  1519 D RIL     : onRequest: SIM_IO
02-20 19:27:33.697  1374  1519 D AT      : AT> AT+CRSM=192,28478,0,0,15
02-20 19:27:33.697  1914  1914 D SIMRecords: [SIMRecords] fetchSimRecords 17 requested: true
02-20 19:27:33.697  1374  1521 D AT      : AT< ERROR: BAD COMMAND
02-20 19:27:33.697  1914  1914 E IccCardProxy: setExternalState: set mPhoneId=0 mExternalState=READY
02-20 19:27:33.697  1914  1914 D TelephonyManager: setTelephonyProperty: success phoneId=0 property=gsm.sim.state value: READY propVal=READY
02-20 19:27:33.698  1914  1990 D RilRequest: [3702]< SIM_IO error: com.android.internal.telephony.CommandException: GENERIC_FAILURE ret=
02-20 19:27:33.698  1374  1519 D RIL     : onRequest: SIM_IO
02-20 19:27:33.698  1374  1519 D AT      : AT> AT+CRSM=192,28479,0,0,15
02-20 19:27:33.698  1374  1521 D AT      : AT< ERROR: BAD COMMAND
02-20 19:27:32.873     0     0 D ieee80211 phy1: hw scan 2452 MHz
02-20 19:27:33.698  1914  1990 D RilRequest: [3703]< SIM_IO error: com.android.internal.telephony.CommandException: GENERIC_FAILURE ret=
02-20 19:27:33.698  1914  1990 D RilRequest: [3704]< SIM_IO error: com.android.internal.telephony.CommandException: GENERIC_FAILURE ret=
02-20 19:27:33.698  1914  1914 D IccCardProxy: broadcastIccStateChangedIntent intent ACTION_SIM_STATE_CHANGED value=READY reason=null for mPhoneId=0
02-20 19:27:33.698  1914  1914 D RILJ    : [3705]> OPERATOR [SUB0]
02-20 19:27:33.699  1374  1519 D RIL     : onRequest: OPERATOR
02-20 19:27:33.699  1374  1519 D AT      : AT> AT+COPS=3,0;+COPS?;+COPS=3,1;+COPS?;+COPS=3,2;+COPS?
02-20 19:27:33.699  1914  1914 D RILJ    : [3706]> DATA_REGISTRATION_STATE [SUB0]
02-20 19:27:33.699  1374  1521 D AT      : AT< +COPS: 0,0,"Android"
02-20 19:27:33.699  1374  1521 D AT      : AT< +COPS: 0,1,"Android"
02-20 19:27:33.699  1374  1521 D AT      : AT< +COPS: 0,2,"310260"
02-20 19:27:33.699  1374  1521 D AT      : AT< OK
02-20 19:27:33.699  1914  1914 D RILJ    : [3707]> VOICE_REGISTRATION_STATE [SUB0]
02-20 19:27:33.699  1374  1519 D RIL     : onRequest: DATA_REGISTRATION_STATE
02-20 19:27:33.699  1374  1519 D RIL     : requestRegistrationState
02-20 19:27:33.699  1374  1519 D AT      : AT> AT+CGREG?
02-20 19:27:33.699  1374  1521 D AT      : AT< +CGREG: 1,1,"0003","005b","000e"
02-20 19:27:33.699  1374  1521 D AT      : AT< OK
02-20 19:27:33.699  1914  1990 D RILJ    : [3705]< OPERATOR {Android, Android, 310260} [SUB0]
02-20 19:27:33.699  1374  1519 D RIL     : parseRegistrationState. Parsing: +CGREG: 1,1,"0003","005b","000e"
02-20 19:27:33.699  1374  1519 D RIL     : registration state type: 3GPP
02-20 19:27:33.699  1914  1990 D RILJ    : [3706]< DATA_REGISTRATION_STATE {1, 3, 5b, 14, null, null} [SUB0]
02-20 19:27:33.699  1374  1519 D RIL     : onRequest: VOICE_REGISTRATION_STATE
02-20 19:27:33.699  1374  1519 D RIL     : requestRegistrationState
02-20 19:27:33.699  1374  1519 D AT      : AT> AT+CREG?
02-20 19:27:33.699  1914  1914 D RILJ    : [3708]> QUERY_NETWORK_SELECTION_MODE [SUB0]
02-20 19:27:33.699  1374  1521 D AT      : AT< +CREG: 2,1, "0003", "005b"
02-20 19:27:33.699  1374  1521 D AT      : AT< OK
02-20 19:27:33.699  1374  1519 D RIL     : parseRegistrationState. Parsing: +CREG: 2,1, "0003", "005b"
02-20 19:27:33.699  1374  1519 D RIL     : registration state type: 3GPP
02-20 19:27:33.699  1914  1990 D RILJ    : [3707]< VOICE_REGISTRATION_STATE {1, 3, 5b, 0, null, null, null, null, null, null, null, null, null, null, null} [SUB0]
02-20 19:27:33.699  1374  1519 D RIL     : onRequest: QUERY_NETWORK_SELECTION_MODE
02-20 19:27:33.699  1374  1519 D AT      : AT> AT+COPS?
02-20 19:27:33.700  1914  1914 D RuimRecords: [RuimRecords] fetchRuimRecords 0
02-20 19:27:33.700  1914  1914 D RILJ    : [3709]> getIMSI: GET_IMSI aid: null [SUB0]
02-20 19:27:33.700  1374  1521 D AT      : AT< +COPS: 0,2,310260
02-20 19:27:33.700  1374  1521 D AT      : AT< OK
02-20 19:27:33.700  1914  1990 D RILJ    : [3708]< QUERY_NETWORK_SELECTION_MODE {0} [SUB0]
02-20 19:27:33.700  1374  1519 D RIL     : onRequest: GET_IMSI
02-20 19:27:33.700  1374  1519 D AT      : AT> AT+CIMI
02-20 19:27:33.700  1374  1521 D AT      : AT< 310260000000000
02-20 19:27:33.700  1374  1521 D AT      : AT< OK
02-20 19:27:33.700  1914  1914 D RILJ    : [3710]> iccIO: SIM_IO 0xc0 0x2fe2  path: 3F00,0,0,15 aid: null [SUB0]
02-20 19:27:33.700  1914  1990 D RILJ    : [3709]< GET_IMSI  [SUB0]
02-20 19:27:33.700  1374  1519 D RIL     : onRequest: SIM_IO
02-20 19:27:33.700  1374  1519 D AT      : AT> AT+CRSM=192,12258,0,0,15
02-20 19:27:33.700  1374  1521 D AT      : AT< +CRSM: 144,0,0000000a2fe204000fa0aa01020000
02-20 19:27:33.700  1374  1521 D AT      : AT< OK
02-20 19:27:33.700  1914  1914 D RILJ    : [3711]> iccIO: SIM_IO 0xc0 0x2f05  path: 3F00,0,0,15 aid: null [SUB0]
02-20 19:27:33.700  1914  1990 D RILJ    : [3710]< SIM_IO IccIoResponse sw1:0x90 sw2:0x0 [SUB0]
02-20 19:27:33.700  1374  1519 D RIL     : onRequest: SIM_IO
02-20 19:27:33.700  1374  1519 D AT      : AT> AT+CRSM=192,12037,0,0,15
02-20 19:27:33.701  1914  1914 D RILJ    : [3712]> iccIO: SIM_IO 0xc0 0x6f3a  path: 3F007F25,0,0,15 aid: null [SUB0]
02-20 19:27:33.701  1374  1521 D AT      : AT< ERROR: BAD COMMAND
02-20 19:27:33.701  1914  1990 D RilRequest: [3711]< SIM_IO error: com.android.internal.telephony.CommandException: GENERIC_FAILURE ret=
02-20 19:27:33.701  1374  1519 D RIL     : onRequest: SIM_IO
02-20 19:27:33.701  1374  1519 D AT      : AT> AT+CRSM=192,28474,0,0,15
02-20 19:27:33.701  1914  1914 D RILJ    : [3713]> iccIO: SIM_IO 0xc0 0x6f41  path: 3F007F25,0,0,15 aid: null [SUB0]
02-20 19:27:33.701  1374  1521 D AT      : AT< ERROR: BAD COMMAND
02-20 19:27:33.701  1914  1990 D RilRequest: [3712]< SIM_IO error: com.android.internal.telephony.CommandException: GENERIC_FAILURE ret=
02-20 19:27:33.701  1374  1519 D RIL     : onRequest: SIM_IO
02-20 19:27:33.701  1374  1519 D AT      : AT> AT+CRSM=192,28481,0,0,15
02-20 19:27:33.701  1374  1521 D AT      : AT< ERROR: BAD COMMAND
02-20 19:27:33.701  1914  1914 D RILJ    : [3714]> iccIO: SIM_IO 0xc0 0x6f44  path: 3F007F25,0,0,15 aid: null [SUB0]
02-20 19:27:33.702  1914  1990 D RilRequest: [3713]< SIM_IO error: com.android.internal.telephony.CommandException: GENERIC_FAILURE ret=
02-20 19:27:33.702  1374  1519 D RIL     : onRequest: SIM_IO
02-20 19:27:33.702  1374  1519 D AT      : AT> AT+CRSM=192,28484,0,0,15
02-20 19:27:33.702  1374  1521 D AT      : AT< ERROR: BAD COMMAND
02-20 19:27:33.702  1914  1914 D RILJ    : [3715]> iccIO: SIM_IO 0xc0 0x6f22  path: 3F007F25,0,0,15 aid: null [SUB0]
02-20 19:27:33.702  1914  1990 D RilRequest: [3714]< SIM_IO error: com.android.internal.telephony.CommandException: GENERIC_FAILURE ret=
02-20 19:27:33.702  1374  1519 D RIL     : onRequest: SIM_IO
02-20 19:27:33.703  1374  1519 D AT      : AT> AT+CRSM=192,28450,0,0,15
02-20 19:27:33.703  1914  1914 D RILJ    : [3716]> iccIO: SIM_IO 0xc0 0x6f28  path: 3F007F25,0,0,15 aid: null [SUB0]
02-20 19:27:33.703  1914  1914 D RILJ    : [3717]> iccIO: SIM_IO 0xb0 0x6f5a  path: 3F007F25,0,0,4 aid: null [SUB0]
02-20 19:27:33.703  1914  1914 D RILJ    : [3718]> iccIO: SIM_IO 0xc0 0x6f4d  path: 3F007F25,0,0,15 aid: null [SUB0]
02-20 19:27:33.703  1914  1914 D RuimRecords: [RuimRecords] fetchRuimRecords 10 requested: true
02-20 19:27:33.703  1914  1914 D RILJ    : [3719]> RIL_REQUEST_CDMA_SUBSCRIPTION [SUB0]
02-20 19:27:33.703  1374  1521 D AT      : AT< ERROR: BAD COMMAND
02-20 19:27:33.703  1374  1519 D RIL     : onRequest: SIM_IO
02-20 19:27:33.703  1374  1519 D AT      : AT> AT+CRSM=192,28456,0,0,15
02-20 19:27:33.704  1374  1521 D AT      : AT< ERROR: BAD COMMAND
02-20 19:27:33.704  1914  1990 D RilRequest: [3715]< SIM_IO error: com.android.internal.telephony.CommandException: GENERIC_FAILURE ret=
02-20 19:27:33.704  1374  1519 D RIL     : onRequest: SIM_IO
02-20 19:27:33.704  1374  1519 D AT      : AT> AT+CRSM=176,28506,0,0,4
02-20 19:27:33.704  1374  1521 D AT      : AT< ERROR: BAD COMMAND
02-20 19:27:33.704  1914  1990 D RilRequest: [3716]< SIM_IO error: com.android.internal.telephony.CommandException: GENERIC_FAILURE ret=
02-20 19:27:33.704  1374  1519 D RIL     : onRequest: SIM_IO
02-20 19:27:33.704  1374  1519 D AT      : AT> AT+CRSM=192,28493,0,0,15
02-20 19:27:33.704  1914  1990 D RilRequest: [3717]< SIM_IO error: com.android.internal.telephony.CommandException: GENERIC_FAILURE ret=
02-20 19:27:33.704  1374  1521 D AT      : AT< ERROR: BAD COMMAND
02-20 19:27:33.704  1374  1519 D RIL     : onRequest: CDMA_SUBSCRIPTION
02-20 19:27:33.704  1374  1519 D RIL     : Request not supported. Tech: 1
02-20 19:27:33.705  1914  1990 D RilRequest: [3718]< SIM_IO error: com.android.internal.telephony.CommandException: GENERIC_FAILURE ret=
02-20 19:27:33.705  1914  1990 D RilRequest: [3719]< RIL_REQUEST_CDMA_SUBSCRIPTION error: com.android.internal.telephony.CommandException: REQUEST_NOT_SUPPORTED ret=
02-20 19:27:33.705  1914  1914 D GsmSMSDispatcher: GsmSMSDispatcher: subId = -2 slotId = 0
02-20 19:27:33.705  1914  1914 E IccCardProxy: setExternalState: !override and newstate unchanged from READY
02-20 19:27:33.705  1914  1914 D CAT     : CatService: handleMessage[8]
02-20 19:27:33.705  1914  1914 D CAT     : CatService: MSG_ID_ICC_CHANGED
02-20 19:27:33.705  1914  1914 D CAT     : CatService: New Card State = CARDSTATE_PRESENT Old Card State = CARDSTATE_PRESENT
02-20 19:27:33.705  1914  1914 D UiccCardApplication: Error in querying facility lock:com.android.internal.telephony.CommandException: REQUEST_NOT_SUPPORTED
02-20 19:27:33.705  1914  1914 D UiccCardApplication: Error in querying facility lock:com.android.internal.telephony.CommandException: REQUEST_NOT_SUPPORTED
02-20 19:27:33.705  1914  1914 D UiccCardApplication: Error in querying facility lock:com.android.internal.telephony.CommandException: REQUEST_NOT_SUPPORTED
02-20 19:27:33.705  1914  1914 E PhoneInterfaceManager: [PhoneIntfMgr] getIccId: No UICC
02-20 19:27:33.707  1636  1657 I Telecom : PhoneAccountRegistrar: [ComponentInfo{com.android.phone/com.android.services.telephony.TelephonyConnectionService}, [e0184adedf913b076626646d3f52c3b49c39ad6d], UserHandle{0}(icon: Icon(typ=BITMAP size=76x96) -> Icon(typ=BITMAP size=76x96))]: TSI.rPA@AAc
02-20 19:27:33.708  1636  1657 I Telecom : : Sending phone-account registered intent as user: TSI.rPA@AAc
02-20 19:27:33.708  1363  1789 I art     : Starting a blocking GC HeapTrim
02-20 19:27:33.711  1636  1689 I am_proc_start: [0,2130,10029,com.google.android.googlequicksearchbox:interactor,service,com.google.android.googlequicksearchbox/com.google.android.voiceinteraction.GsaVoiceInteractionService]
02-20 19:27:33.711  1636  1689 I ActivityManager: Start proc 2130:com.google.android.googlequicksearchbox:interactor/u0a29 for service com.google.android.googlequicksearchbox/com.google.android.voiceinteraction.GsaVoiceInteractionService
02-20 19:27:33.711  1636  1689 I ActivityManager: Loading recents for user 0 into memory.
02-20 19:27:33.711  1914  1914 D SIMRecords: [SIMRecords] IMSI: mMncLength=-1
02-20 19:27:33.711  1914  1914 D SIMRecords: [SIMRecords] IMSI: 310260[D1jVpVFfGoqdF5qliFi2ey-KM4g]
02-20 19:27:33.711  1914  1914 D SIMRecords: [SIMRecords] onRecordLoaded 16 requested: true
02-20 19:27:33.711  1914  1914 D RILJ    : [3720]> iccIO: SIM_IO 0xb0 0x2fe2  path: 3F00,0,0,10 aid: null [SUB0]
02-20 19:27:33.712  1914  1914 D RILJ    : [3721]> iccIO: SIM_IO 0xb2 0x6f40  path: 3F007F10,1,4,32 aid: null [SUB0]
02-20 19:27:33.712  1374  1519 D RIL     : onRequest: SIM_IO
02-20 19:27:33.712  1374  1519 D AT      : AT> AT+CRSM=176,12258,0,0,10
02-20 19:27:33.713  1374  1521 D AT      : AT< +CRSM: 144,0,98101430121181157002
02-20 19:27:33.713  1374  1521 D AT      : AT< OK
02-20 19:27:33.713  1914  1914 D RILJ    : [3722]> iccIO: SIM_IO 0xb2 0x6fc9  path: 3F007F20,1,4,4 aid: null [SUB0]
02-20 19:27:33.713  1914  1990 D RILJ    : [3720]< SIM_IO IccIoResponse sw1:0x90 sw2:0x0 [SUB0]
02-20 19:27:33.713  1374  1519 D RIL     : onRequest: SIM_IO
02-20 19:27:33.713  1374  1519 D AT      : AT> AT+CRSM=178,28480,1,4,32
02-20 19:27:33.713  1914  1914 D RILJ    : [3723]> iccIO: SIM_IO 0xb0 0x6fad  path: 3F007F20,0,0,4 aid: null [SUB0]
02-20 19:27:33.714  1374  1521 D AT      : AT< +CRSM: 144,0,ffffffffffffffffffffffffffffffffffff07815155255155f4ffffffffffff
02-20 19:27:33.714  1374  1521 D AT      : AT< OK
02-20 19:27:33.714  1636  1689 D ActivityManager: Sending BOOT_COMPLETE user #0
02-20 19:27:33.714  1636  1689 I sysui_histogram: [framework_boot_completed,9]
02-20 19:27:33.714  1374  1519 D RIL     : onRequest: SIM_IO
02-20 19:27:33.714  1374  1519 D AT      : AT> AT+CRSM=178,28617,1,4,4
02-20 19:27:33.714  1914  1914 D RILJ    : [3724]> iccIO: SIM_IO 0xb2 0x6fca  path: 3F007F20,1,4,5 aid: null [SUB0]
02-20 19:27:33.715  1374  1521 D AT      : AT< +CRSM: 144,0,01000000
02-20 19:27:33.715  1374  1521 D AT      : AT< OK
02-20 19:27:33.715  1914  1914 D RILJ    : [3725]> iccIO: SIM_IO 0xb0 0x6f11  path: 3F007F20,0,0,1 aid: null [SUB0]
02-20 19:27:33.715  1374  1519 D RIL     : onRequest: SIM_IO
02-20 19:27:33.715  1374  1519 D AT      : AT> AT+CRSM=176,28589,0,0,4
02-20 19:27:33.715  1914  1914 D RILJ    : [3726]> iccIO: SIM_IO 0xb0 0x6f13  path: 3F007F20,0,0,1 aid: null [SUB0]
02-20 19:27:33.715  1914  1914 D RILJ    : [3727]> iccIO: SIM_IO 0xb2 0x6fc5  path: 3F007F20,1,4,24 aid: null [SUB0]
02-20 19:27:33.716  1374  1521 D AT      : AT< +CRSM: 144,0,00000003
02-20 19:27:33.716  1374  1521 D AT      : AT< OK
02-20 19:27:33.716  1374  1519 D RIL     : onRequest: SIM_IO
02-20 19:27:33.716  1374  1519 D AT      : AT> AT+CRSM=178,28618,1,4,5
02-20 19:27:33.716  1914  1914 D RILJ    : [3728]> iccIO: SIM_IO 0xb0 0x6f38  path: 3F007F20,0,0,15 aid: null [SUB0]
02-20 19:27:33.716  1374  1521 D AT      : AT< +CRSM: 144,0,0000000000
02-20 19:27:33.716  1374  1521 D AT      : AT< OK
02-20 19:27:33.716  1914  1914 D RILJ    : [3729]> iccIO: SIM_IO 0xb0 0x6f16  path: 3F007F20,0,0,2 aid: null [SUB0]
02-20 19:27:33.717  1374  1519 D RIL     : onRequest: SIM_IO
02-20 19:27:33.717  1374  1519 D AT      : AT> AT+CRSM=176,28433,0,0,1
02-20 19:27:33.717  1374  1521 D AT      : AT< +CRSM: 144,0,55
02-20 19:27:33.717  1374  1521 D AT      : AT< OK
02-20 19:27:33.717  1374  1519 D RIL     : onRequest: SIM_IO
02-20 19:27:33.717  1374  1519 D AT      : AT> AT+CRSM=176,28435,0,0,1
02-20 19:27:33.717  1931  1931 D FallbackHome: User unlocked and real home found; let's go!
02-20 19:27:33.717  1374  1521 D AT      : AT< +CRSM: 144,0,55
02-20 19:27:33.717  1374  1521 D AT      : AT< OK
02-20 19:27:33.717  1374  1519 D RIL     : onRequest: SIM_IO
02-20 19:27:33.717  1374  1519 D AT      : AT> AT+CRSM=178,28613,1,4,24
02-20 19:27:33.717  1374  1521 D AT      : AT< +CRSM: 144,0,43058441aa890affffffffffffffffffffffffffffffffff
02-20 19:27:33.717  1374  1521 D AT      : AT< OK
02-20 19:27:33.717  1636  1656 I am_finish_activity: [0,246647212,1,com.android.settings/.FallbackHome,app-request]
02-20 19:27:33.718  1636  1656 I am_pause_activity: [0,246647212,com.android.settings/.FallbackHome]
02-20 19:27:33.718  1374  1519 D RIL     : onRequest: SIM_IO
02-20 19:27:33.718  1374  1519 D AT      : AT> AT+CRSM=176,28472,0,0,15
02-20 19:27:33.718  1374  1521 D AT      : AT< +CRSM: 144,0,ff30ffff3c003c03000c0000f03f00
02-20 19:27:33.718  1374  1521 D AT      : AT< OK
02-20 19:27:33.719  1931  1931 I am_on_paused_called: [0,com.android.settings.FallbackHome,handlePauseActivity]
02-20 19:27:33.720  1914  1914 E SST     : error parsing GprsRegistrationState: java.lang.NumberFormatException: null
02-20 19:27:33.720  1914  1914 D SST     : handlPollStateResultMessage: GsmSST setDataRegState=0 regState=1 dataRadioTechnology=14
02-20 19:27:33.720  1914  1914 D SST     : EVENT_POLL_STATE_NETWORK_SELECTION_MODE
02-20 19:27:33.720  1914  1990 D RILJ    : [3721]< SIM_IO IccIoResponse sw1:0x90 sw2:0x0 [SUB0]
02-20 19:27:33.720  1914  1990 D RILJ    : [3722]< SIM_IO IccIoResponse sw1:0x90 sw2:0x0 [SUB0]
02-20 19:27:33.720  1914  1990 D RILJ    : [3723]< SIM_IO IccIoResponse sw1:0x90 sw2:0x0 [SUB0]
02-20 19:27:33.720  1914  1990 D RILJ    : [3724]< SIM_IO IccIoResponse sw1:0x90 sw2:0x0 [SUB0]
02-20 19:27:33.720  1914  1990 D RILJ    : [3725]< SIM_IO IccIoResponse sw1:0x90 sw2:0x0 [SUB0]
02-20 19:27:33.720  1914  1990 D RILJ    : [3726]< SIM_IO IccIoResponse sw1:0x90 sw2:0x0 [SUB0]
02-20 19:27:33.720  1914  1914 D SST     : Poll ServiceState done:  oldSS=[0 0 voice home data home Android Android 310260 Android Android 310260  Unknown LTE CSS not supported -1 -1 RoamInd=-1 DefRoamInd=-1 EmergOnly=false IsDataRoamingFromRegistration=false IsUsingCarrierAggregation=false] newSS=[0 0 voice home data home Android Android 310260 Android Android 310260  Unknown LTE CSS not supported -1 -1 RoamInd=-1 DefRoamInd=-1 EmergOnly=false IsDataRoamingFromRegistration=false IsUsingCarrierAggregation=false] oldMaxDataCalls=1 mNewMaxDataCalls=1 oldReasonDataDenied=-1 mNewReasonDataDenied=-1
02-20 19:27:33.720  1914  1990 D RILJ    : [3727]< SIM_IO IccIoResponse sw1:0x90 sw2:0x0 [SUB0]
02-20 19:27:33.720  1914  1990 D RILJ    : [3728]< SIM_IO IccIoResponse sw1:0x90 sw2:0x0 [SUB0]
02-20 19:27:33.720  1914  1914 D RuimRecords: [RuimRecords] NO update mccmnc=310260
02-20 19:27:33.720  1914  1914 D RuimRecords: [RuimRecords] onRecordLoaded 9 requested: true
02-20 19:27:33.720  1914  1914 D RILJ    : [3730]> iccIO: SIM_IO 0xb0 0x2fe2  path: 3F00,0,0,10 aid: null [SUB0]
02-20 19:27:33.721  1374  1519 D RIL     : onRequest: SIM_IO
02-20 19:27:33.721  1374  1519 D AT      : AT> AT+CRSM=176,28438,0,0,2
02-20 19:27:33.721  1374  1521 D AT      : AT< +CRSM: 144,0,0233
02-20 19:27:33.721  1374  1521 D AT      : AT< OK
02-20 19:27:33.721  1914  1990 D RILJ    : [3729]< SIM_IO IccIoResponse sw1:0x90 sw2:0x0 [SUB0]
02-20 19:27:33.721  1374  1519 D RIL     : onRequest: SIM_IO
02-20 19:27:33.721  1374  1519 D AT      : AT> AT+CRSM=176,12258,0,0,10
02-20 19:27:33.721  1914  1914 D RILJ    : [3731]> RIL_REQUEST_SIM_CLOSE_CHANNEL [SUB0]
02-20 19:27:33.721  1374  1521 D AT      : AT< +CRSM: 144,0,98101430121181157002
02-20 19:27:33.721  1374  1521 D AT      : AT< OK
02-20 19:27:33.722  1914  1990 D RILJ    : [3730]< SIM_IO IccIoResponse sw1:0x90 sw2:0x0 [SUB0]
02-20 19:27:33.722  1914  1914 D IccCardProxy: broadcastIccStateChangedIntent intent ACTION_SIM_STATE_CHANGED value=IMSI reason=null for mPhoneId=0
02-20 19:27:33.722  1374  1519 D RIL     : onRequest: SIM_CLOSE_CHANNEL
02-20 19:27:33.722  1374  1519 D AT      : AT> AT+CCHC=1
02-20 19:27:33.722  1374  1521 D AT      : AT< +CCHC
02-20 19:27:33.722  1374  1521 D AT      : AT< OK
02-20 19:27:33.722  1636  1656 I ActivityManager: START u0 {act=android.intent.action.MAIN cat=[android.intent.category.HOME] flg=0x10000100 cmp=com.google.android.apps.nexuslauncher/.NexusLauncherActivity} from uid 0 on display 0
02-20 19:27:33.722  1914  1990 D RILJ    : [3731]< RIL_REQUEST_SIM_CLOSE_CHANNEL  [SUB0]
02-20 19:27:33.724  1636  1656 I am_create_task: [0,20]
02-20 19:27:33.724  1636  1656 I am_create_activity: [0,131650566,20,com.google.android.apps.nexuslauncher/.NexusLauncherActivity,android.intent.action.MAIN,NULL,NULL,268435712]
02-20 19:27:33.724  1636  1656 I wm_task_created: [20,0]
02-20 19:27:33.724  1636  1656 I wm_task_moved: [20,1,1]
02-20 19:27:33.724  1636  1656 I wm_task_moved: [20,1,1]
02-20 19:27:33.724  1636  1656 I am_focused_activity: [0,com.google.android.apps.nexuslauncher/.NexusLauncherActivity,startedActivity]
02-20 19:27:33.729  1636  2069 I AccountManagerService: User 0 is unlocked - opening CE database
02-20 19:27:33.731  2147  2147 W art     : Unexpected CPU variant for X86 using defaults: x86_64
02-20 19:27:33.736  1636  1656 I am_proc_start: [0,2147,10021,com.google.android.apps.nexuslauncher,activity,com.google.android.apps.nexuslauncher/.NexusLauncherActivity]
02-20 19:27:33.736  1636  1656 I ActivityManager: Start proc 2147:com.google.android.apps.nexuslauncher/u0a21 for activity com.google.android.apps.nexuslauncher/.NexusLauncherActivity
02-20 19:27:33.747  1914  1914 D SIMRecords: [SIMRecords] onRecordLoaded 15 requested: true
02-20 19:27:33.747  1914  1914 D RILJ    : [3732]> iccIO: SIM_IO 0xc0 0x6f14  path: 3F007F20,0,0,15 aid: null [SUB0]
02-20 19:27:33.747  1636  1689 I sysui_count: [window_time_0,4]
02-20 19:27:33.747  1914  1914 D SIMRecords: [SIMRecords] onRecordLoaded 15 requested: true
02-20 19:27:33.747  1914  1914 D SIMRecords: [SIMRecords] onRecordLoaded 14 requested: true
02-20 19:27:33.747  1374  1519 D RIL     : onRequest: SIM_IO
02-20 19:27:33.747  1374  1519 D AT      : AT> AT+CRSM=192,28436,0,0,15
02-20 19:27:33.747  1914  1914 D SubscriptionInfoUpdater: [Receiver]+
02-20 19:27:33.747  1914  1914 D SubscriptionInfoUpdater: Action: android.intent.action.SIM_STATE_CHANGED
02-20 19:27:33.747  1914  1914 D SubscriptionInfoUpdater: slotId: 0
02-20 19:27:33.747  1914  1914 D SubscriptionInfoUpdater: simStatus: READY
02-20 19:27:33.747  1914  1914 D SubscriptionInfoUpdater: Ignoring simStatus: READY
02-20 19:27:33.747  1914  1914 D SubscriptionInfoUpdater: [Receiver]-
02-20 19:27:33.747  1914  1914 D WAP PUSH: Received broadcast android.intent.action.USER_UNLOCKED
02-20 19:27:33.748  1374  1521 D AT      : AT< +CRSM: 144,0,000000146f1404001aa0aa01020000
02-20 19:27:33.748  1374  1521 D AT      : AT< OK
02-20 19:27:33.748  1914  1990 D RILJ    : [3732]< SIM_IO IccIoResponse sw1:0x90 sw2:0x0 [SUB0]
02-20 19:27:33.750  2130  2130 W art     : Unexpected CPU variant for X86 using defaults: x86
02-20 19:27:33.762  1636  1657 I am_proc_bound: [0,2147,com.google.android.apps.nexuslauncher]
02-20 19:27:33.765  1931  1964 D EGL_emulation: eglMakeCurrent: 0x702e22aa40c0: ver 3 0 (tinfo 0x702e22be6ea0)
02-20 19:27:33.774  1636  1657 I am_restart_activity: [0,131650566,20,com.google.android.apps.nexuslauncher/.NexusLauncherActivity]
02-20 19:27:33.780  1914  1914 D WAP PUSH: Received broadcast android.intent.action.USER_UNLOCKED
02-20 19:27:33.780  1914  1914 D SmsBroadcastUndelivered: Received broadcast android.intent.action.USER_UNLOCKED
02-20 19:27:33.782  1914  1914 D SubscriptionInfoUpdater: [Receiver]+
02-20 19:27:33.782  1914  1914 D SubscriptionInfoUpdater: Action: android.intent.action.USER_UNLOCKED
02-20 19:27:33.782  1914  1914 D SubscriptionInfoUpdater: Broadcasting intent ACTION_SIM_STATE_CHANGED for mCardIndex: 0
02-20 19:27:33.787  1914  1914 D SubscriptionInfoUpdater: [Receiver]-
02-20 19:27:33.787  1914  1914 D CarrierSvcBindHelper: Received android.intent.action.USER_UNLOCKED
02-20 19:27:33.789  1914  1914 D CarrierSvcBindHelper: No carrier app for: 0
02-20 19:27:33.789  1914  1914 E SIMRecords: [SIMRecords] Exception in fetching EF_CSP data com.android.internal.telephony.CommandException: GENERIC_FAILURE
02-20 19:27:33.789  1914  1914 D SIMRecords: [SIMRecords] onRecordLoaded 13 requested: true
02-20 19:27:33.789  1914  1914 E SIMRecords: [SIMRecords] Exception in get GID1 com.android.internal.telephony.CommandException: GENERIC_FAILURE
02-20 19:27:33.789  1914  1914 D SIMRecords: [SIMRecords] onRecordLoaded 12 requested: true
02-20 19:27:33.789  1914  1914 E SIMRecords: [SIMRecords] Exception in get GID2 com.android.internal.telephony.CommandException: GENERIC_FAILURE
02-20 19:27:33.789  1914  1914 D SIMRecords: [SIMRecords] onRecordLoaded 11 requested: true
02-20 19:27:33.789  1914  1914 D RuimRecords: [RuimRecords] EF_PL LOADED
02-20 19:27:33.789  1914  1914 E RuimRecords: [RuimRecords] Record Load Exception: com.android.internal.telephony.CommandException: GENERIC_FAILURE
02-20 19:27:33.789  1914  1914 D RuimRecords: [RuimRecords] onRecordLoaded 8 requested: true
02-20 19:27:33.789  1914  1914 D RuimRecords: [RuimRecords] EF_CSIM_LI LOADED
02-20 19:27:33.789  1914  1914 E RuimRecords: [RuimRecords] Record Load Exception: com.android.internal.telephony.CommandException: GENERIC_FAILURE
02-20 19:27:33.789  1914  1914 D RuimRecords: [RuimRecords] onRecordLoaded 7 requested: true
02-20 19:27:33.790  1914  1914 D RuimRecords: [RuimRecords] EF_CSIM_SPN LOADED
02-20 19:27:33.790  1914  1914 E RuimRecords: [RuimRecords] Record Load Exception: com.android.internal.telephony.CommandException: GENERIC_FAILURE
02-20 19:27:33.790  1914  1914 D RuimRecords: [RuimRecords] onRecordLoaded 6 requested: true
02-20 19:27:33.790  1914  1914 D RuimRecords: [RuimRecords] EF_CSIM_MDN LOADED
02-20 19:27:33.790  1914  1914 E RuimRecords: [RuimRecords] Record Load Exception: com.android.internal.telephony.CommandException: GENERIC_FAILURE
02-20 19:27:33.790  1914  1914 D RuimRecords: [RuimRecords] onRecordLoaded 5 requested: true
02-20 19:27:33.790  1914  1914 D RuimRecords: [RuimRecords] EF_CSIM_IMSIM LOADED
