02-20 19:27:31.052  1636  1636 I ActivityManager: Start proc 1784:WebViewLoader-x86/1037 [android.webkit.WebViewFactory$RelroFileCreator] for 
02-20 19:27:31.063  1636  1636 I am_proc_start: [0,1790,1037,WebViewLoader-x86_64,,]
02-20 19:27:31.063  1636  1636 I ActivityManager: Start proc 1790:WebViewLoader-x86_64/1037 [android.webkit.WebViewFactory$RelroFileCreator] for 
02-20 19:27:31.063  1636  1657 I am_proc_bound: [0,1764,com.android.systemui]
02-20 19:27:31.064  1636  1719 D VoldConnector: SND -> {5 volume mount emulated 3 -1}
02-20 19:27:31.064  1636  1636 D NetworkManagement: enabling bandwidth control
02-20 19:27:31.065  1267  1303 V vold    : Waiting for FUSE to spin up...
02-20 19:27:31.065  1636  1720 D VoldConnector: RCV <- {651 emulated 1}
02-20 19:27:31.065  1636  1720 D VoldConnector: RCV <- {656 emulated /data/media}
02-20 19:27:31.065  1636  1720 D VoldConnector: RCV <- {655 emulated /storage/emulated}
02-20 19:27:31.074  1790  1790 W art     : Unexpected CPU variant for X86 using defaults: x86_64
02-20 19:27:31.075  1795  1795 W sdcard  : Device explicitly disabled sdcardfs
02-20 19:27:31.088  1764  1764 W System  : ClassLoader referenced unknown path: /system/priv-app/SystemUIGoogle/lib/x86_64
02-20 19:27:31.093  1784  1784 W art     : Unexpected CPU variant for X86 using defaults: x86
02-20 19:27:31.094     0     0 D SELinux : initialized (dev fuse, type fuse), uses genfs_contexts
02-20 19:27:31.098  1790  1790 V WebViewFactory: RelroFileCreator (64bit = true),  32-bit lib: /system/app/Chrome/Chrome.apk!/lib/x86/libmonochrome.so, 64-bit lib: /system/app/Chrome/Chrome.apk!/lib/x86_64/libmonochrome.so
02-20 19:27:31.098     0     0 D SELinux : initialized (dev fuse, type fuse), uses genfs_contexts
02-20 19:27:31.100  1372  1372 I MediaPlayerService: MediaPlayerService::getOMX
02-20 19:27:31.100  1372  1372 I OMXClient: MuxOMX ctor
02-20 19:27:31.100  1369  1801 I OMXMaster: makeComponentInstance(OMX.google.amrnb.decoder) in mediacodec process
02-20 19:27:31.100     0     0 D SELinux : initialized (dev fuse, type fuse), uses genfs_contexts
02-20 19:27:31.104  1372  1372 I MediaPlayerService: MediaPlayerService::getOMX
02-20 19:27:31.104  1372  1372 I OMXClient: MuxOMX ctor
02-20 19:27:31.104  1369  1382 I OMXMaster: makeComponentInstance(OMX.google.amrwb.decoder) in mediacodec process
02-20 19:27:31.105  1372  1372 I MediaPlayerService: MediaPlayerService::getOMX
02-20 19:27:31.105  1372  1372 I OMXClient: MuxOMX ctor
02-20 19:27:31.105  1369  1369 I OMXMaster: makeComponentInstance(OMX.google.aac.decoder) in mediacodec process
02-20 19:27:31.116  1636  1720 D VoldConnector: RCV <- {651 emulated 2}
02-20 19:27:31.116  1636  1720 D VoldConnector: RCV <- {200 5 Command succeeded}
02-20 19:27:31.116  1636  1719 D VoldConnector: SND -> {6 volume mount public:253,64 2 0}
02-20 19:27:31.116  1267  1303 V vold    : /system/bin/blkid
02-20 19:27:31.116  1267  1303 V vold    :     -c
02-20 19:27:31.116  1267  1303 V vold    :     /dev/null
02-20 19:27:31.116  1267  1303 V vold    :     -s
02-20 19:27:31.116  1267  1303 V vold    :     TYPE
02-20 19:27:31.116  1267  1303 V vold    :     -s
02-20 19:27:31.116  1267  1303 V vold    :     UUID
02-20 19:27:31.116  1267  1303 V vold    :     -s
02-20 19:27:31.116  1267  1303 V vold    :     LABEL
02-20 19:27:31.116  1267  1303 V vold    :     /dev/block/vold/public:253,64
02-20 19:27:31.116  1636  1720 D VoldConnector: RCV <- {651 public:253,64 1}
02-20 19:27:31.118  1372  1372 I MediaPlayerService: MediaPlayerService::getOMX
02-20 19:27:31.118  1372  1372 I OMXClient: MuxOMX ctor
02-20 19:27:31.118  1369  1801 I OMXMaster: makeComponentInstance(OMX.google.g711.alaw.decoder) in mediacodec process
02-20 19:27:31.133  1784  1784 V WebViewFactory: RelroFileCreator (64bit = false),  32-bit lib: /system/app/Chrome/Chrome.apk!/lib/x86/libmonochrome.so, 64-bit lib: /system/app/Chrome/Chrome.apk!/lib/x86_64/libmonochrome.so
02-20 19:27:31.161  1267  1303 V vold    : /dev/block/vold/public:253,64: LABEL="SDCARD" UUID="1E12-0B12" TYPE="vfat" 
02-20 19:27:31.161  1267  1303 V vold    : 
02-20 19:27:31.161  1267  1303 V vold    : /system/bin/fsck_msdos
02-20 19:27:31.161  1267  1303 V vold    :     -p
02-20 19:27:31.161  1267  1303 V vold    :     -f
02-20 19:27:31.161  1267  1303 V vold    :     /dev/block/vold/public:253,64
02-20 19:27:31.161  1636  1720 D VoldConnector: RCV <- {652 public:253,64 vfat}
02-20 19:27:31.161  1636  1720 D VoldConnector: RCV <- {653 public:253,64 1E12-0B12}
02-20 19:27:31.161  1636  1720 D VoldConnector: RCV <- {654 public:253,64 SDCARD}
02-20 19:27:31.163  1372  1372 I MediaPlayerService: MediaPlayerService::getOMX
02-20 19:27:31.163  1372  1372 I OMXClient: MuxOMX ctor
02-20 19:27:31.163  1369  1801 I OMXMaster: makeComponentInstance(OMX.google.g711.mlaw.decoder) in mediacodec process
02-20 19:27:31.173  1267  1303 I fsck_msdos: ** /dev/block/vold/public:253,64
02-20 19:27:31.173  1267  1303 I fsck_msdos: ** Phase 1 - Read and Compare FATs
02-20 19:27:31.173  1267  1303 I fsck_msdos: Attempting to allocate 1022 KB for FAT
02-20 19:27:31.184  1372  1372 I MediaPlayerService: MediaPlayerService::getOMX
02-20 19:27:31.184  1372  1372 I OMXClient: MuxOMX ctor
02-20 19:27:31.184  1369  1801 I OMXMaster: makeComponentInstance(OMX.google.vorbis.decoder) in mediacodec process
02-20 19:27:31.214  1372  1372 I MediaPlayerService: MediaPlayerService::getOMX
02-20 19:27:31.214  1372  1372 I OMXClient: MuxOMX ctor
02-20 19:27:31.214  1369  1801 I OMXMaster: makeComponentInstance(OMX.google.opus.decoder) in mediacodec process
02-20 19:27:31.230  1267  1303 I fsck_msdos: Attempting to allocate 1022 KB for FAT
02-20 19:27:31.253  1749  1749 I LatinIME: Hardware accelerated drawing: true
02-20 19:27:31.287  1764  1764 V SystemUIService: Starting SystemUI services for user 0.
02-20 19:27:31.303  1267  1303 I fsck_msdos: ** Phase 2 - Check Cluster Chains
02-20 19:27:31.304  1372  1372 I MediaPlayerService: MediaPlayerService::getOMX
02-20 19:27:31.304  1372  1372 I OMXClient: MuxOMX ctor
02-20 19:27:31.304  1369  1801 I OMXMaster: makeComponentInstance(OMX.google.raw.decoder) in mediacodec process
02-20 19:27:31.314  1372  1372 I MediaPlayerService: MediaPlayerService::getOMX
02-20 19:27:31.314  1267  1303 I fsck_msdos: ** Phase 3 - Checking Directories
02-20 19:27:31.314  1372  1372 I OMXClient: MuxOMX ctor
02-20 19:27:31.314  1369  1382 I OMXMaster: makeComponentInstance(OMX.google.aac.encoder) in mediacodec process
02-20 19:27:31.314  1267  1303 I fsck_msdos: ** Phase 4 - Checking for Lost Files
02-20 19:27:31.316  1267  1303 I fsck_msdos: 27 files, 522176 free (261088 clusters)
02-20 19:27:31.325  1636  1727 D WifiController: DEFERRED_TOGGLE handled
02-20 19:27:31.326  1267  1303 I Vold    : Filesystem check completed OK
02-20 19:27:31.326  1636  1720 D VoldConnector: RCV <- {656 public:253,64 /mnt/media_rw/1E12-0B12}
02-20 19:27:31.327  1636  1720 D VoldConnector: RCV <- {655 public:253,64 /storage/1E12-0B12}
02-20 19:27:31.328  1636  1636 W NetworkManagement: setDataSaverMode(): already false
02-20 19:27:31.329  1373  1688 D SoftapController: Softap fwReload - Ok
02-20 19:27:31.332  1373  1688 D CommandListener: Setting iface cfg
02-20 19:27:31.332  1373  1688 D CommandListener: Trying to bring down wlan0
02-20 19:27:31.332  1372  1372 I MediaPlayerService: MediaPlayerService::getOMX
02-20 19:27:31.332  1372  1372 I OMXClient: MuxOMX ctor
02-20 19:27:31.332  1369  1369 I OMXMaster: makeComponentInstance(OMX.google.amrnb.encoder) in mediacodec process
02-20 19:27:31.333  1764  1764 V MediaRouter: Adding route: RouteInfo{ name=Phone, description=null, status=null, category=RouteCategory{ name=null types=ROUTE_TYPE_LIVE_AUDIO ROUTE_TYPE_LIVE_VIDEO  groupable=false }, supportedTypes=ROUTE_TYPE_LIVE_AUDIO ROUTE_TYPE_LIVE_VIDEO , presentationDisplay=null }
02-20 19:27:31.334  1764  1764 V MediaRouter: Updating audio routes: AudioRoutesInfo{ type=SPEAKER }
02-20 19:27:31.334  1764  1764 V MediaRouter: Selecting route: RouteInfo{ name=Phone, description=null, status=null, category=RouteCategory{ name=null types=ROUTE_TYPE_LIVE_AUDIO ROUTE_TYPE_LIVE_VIDEO  groupable=false }, supportedTypes=ROUTE_TYPE_LIVE_AUDIO ROUTE_TYPE_LIVE_VIDEO , presentationDisplay=null }
02-20 19:27:31.336  1749  1749 W InputAttributes: No editor info for this field. Bug?
02-20 19:27:31.337  1373  1688 D CommandListener: Clearing all IP addresses on wlan0
02-20 19:27:31.337     0     0 W FAT-fs (vde): Volume was not properly unmounted. Some data may be corrupt. Please run fsck.
02-20 19:27:31.338  1790  1790 I art     : System.exit called, status: 0
02-20 19:27:31.338  1790  1790 I AndroidRuntime: VM exiting with result code 0, cleanup skipped.
02-20 19:27:31.338  1636  1728 E WifiMonitor: killSupplicant p2pfalse init.svc.wpa_supplicant=unknown init.svc.p2p_supplicant=unknown
02-20 19:27:31.339  1636  1728 E wifi    : Can not initialize the vendor function pointer table
02-20 19:27:31.339  1636  1728 E WifiNative-HAL: Could not start hal
02-20 19:27:31.339  1636  1728 E WifiStateMachine: Failed to start HAL
02-20 19:27:31.339     0     0 D SELinux : initialized (dev vde, type vfat), uses genfs_contexts
02-20 19:27:31.341     0     0 I init    : Starting service 'wpa_supplicant'...
02-20 19:27:31.341  1267  1303 V vold    : Waiting for FUSE to spin up...
02-20 19:27:31.342  1636  1728 D WifiMonitor: startMonitoring(wlan0) with mConnected = false
02-20 19:27:31.342  1636  1728 E WifiHW  : Unable to open connection to supplicant on "@android:wpa_wlan0": No such file or directory
02-20 19:27:31.345  1636  1702 D TelephonyRegistry: listen oscl: hasNotifySubscriptionInfoChangedOccurred==false no callback
02-20 19:27:31.347  1862  1862 W sdcard  : Device explicitly disabled sdcardfs
02-20 19:27:31.348  1372  1372 I MediaPlayerService: MediaPlayerService::getOMX
02-20 19:27:31.348  1372  1372 I OMXClient: MuxOMX ctor
02-20 19:27:31.348  1369  1801 I OMXMaster: makeComponentInstance(OMX.google.amrwb.encoder) in mediacodec process
02-20 19:27:31.350  1784  1784 I art     : System.exit called, status: 0
02-20 19:27:31.350  1784  1784 I AndroidRuntime: VM exiting with result code 0, cleanup skipped.
02-20 19:27:31.353     0     0 D SELinux : initialized (dev fuse, type fuse), uses genfs_contexts
02-20 19:27:31.353     0     0 D SELinux : initialized (dev fuse, type fuse), uses genfs_contexts
02-20 19:27:31.356     0     0 D SELinux : initialized (dev fuse, type fuse), uses genfs_contexts
02-20 19:27:31.356  1372  1372 I MediaPlayerService: MediaPlayerService::getOMX
02-20 19:27:31.356  1372  1372 I OMXClient: MuxOMX ctor
02-20 19:27:31.357  1369  1382 I OMXMaster: makeComponentInstance(OMX.google.flac.encoder) in mediacodec process
02-20 19:27:31.358  1749  1870 I LatinIME:LogUtils: Dictionary info: dictionary = userunigram.en_US ; version = 1519154851 ; date = ?
02-20 19:27:31.358  1749  1870 E ActivityThread: Failed to find provider info for user_dictionary
02-20 19:27:31.359  1749  1870 I LatinIME:LogUtils: Dictionary info: dictionary = UserHistoryDictionary.en_US ; version = 1519154851 ; date = ?
02-20 19:27:31.392  1636  1720 D VoldConnector: RCV <- {651 public:253,64 2}
02-20 19:27:31.392  1636  1720 D VoldConnector: RCV <- {200 6 Command succeeded}
02-20 19:27:31.404  1372  1372 I MediaPlayerService: MediaPlayerService::getOMX
02-20 19:27:31.404  1372  1372 I OMXClient: MuxOMX ctor
02-20 19:27:31.404  1369  1369 I OMXMaster: makeComponentInstance(OMX.google.gsm.decoder) in mediacodec process
02-20 19:27:31.414  1636  1636 D NetworkPolicy: setRestrictBackgroundUL(): false
02-20 19:27:31.415  1636  1636 W NetworkManagement: setDataSaverMode(): already false
02-20 19:27:31.421  1372  1372 I MediaPlayerService: MediaPlayerService::getOMX
02-20 19:27:31.421  1372  1372 I OMXClient: MuxOMX ctor
02-20 19:27:31.421  1369  1369 I OMXMaster: makeComponentInstance(OMX.google.mpeg4.decoder) in mediacodec process
02-20 19:27:31.432  1369  1801 E OMXNodeInstance: getExtensionIndex(559000f:google.mpeg4.decoder, OMX.google.android.index.configureVideoTunnelMode) ERROR: UnsupportedIndex(0x8000101a)
02-20 19:27:31.433  1369  1801 W OMXNodeInstance: [559000f:google.mpeg4.decoder] component does not support metadata mode; using fallback
02-20 19:27:31.436  1372  1372 I MediaPlayerService: MediaPlayerService::getOMX
02-20 19:27:31.437  1372  1372 I OMXClient: MuxOMX ctor
02-20 19:27:31.437  1369  1382 I OMXMaster: makeComponentInstance(OMX.google.h263.decoder) in mediacodec process
02-20 19:27:31.439  1749  1870 I LatinIME:LogUtils: Dictionary info: dictionary = main:en ; version = 54 ; date = 1414726273
02-20 19:27:31.456  1863  1863 I wpa_supplicant: Successfully initialized wpa_supplicant
02-20 19:27:31.457  1863  1863 I wpa_supplicant: rfkill: Cannot open RFKILL control device
02-20 19:27:31.457     0     0 D ieee80211 phy0: mac80211_hwsim_start
02-20 19:27:31.457     0     0 D ieee80211 phy0: mac80211_hwsim_add_interface (type=2 mac_addr=02:00:00:44:55:66)
02-20 19:27:31.457     0     0 D ieee80211 phy0: mac80211_hwsim_bss_info_changed(changed=0xe)
02-20 19:27:31.457     0     0 D ieee80211 phy0: ERP_CTS_PROT: 0
02-20 19:27:31.457     0     0 D ieee80211 phy0: ERP_PREAMBLE: 0
02-20 19:27:31.457     0     0 D ieee80211 phy0: ERP_SLOT: 0
02-20 19:27:31.457     0     0 D ieee80211 phy0: mac80211_hwsim_conf_tx (queue=0 txop=0 cw_min=15 cw_max=1023 aifs=2)
02-20 19:27:31.457     0     0 D ieee80211 phy0: mac80211_hwsim_conf_tx (queue=1 txop=0 cw_min=15 cw_max=1023 aifs=2)
02-20 19:27:31.457     0     0 D ieee80211 phy0: mac80211_hwsim_conf_tx (queue=2 txop=0 cw_min=15 cw_max=1023 aifs=2)
02-20 19:27:31.457     0     0 D ieee80211 phy0: mac80211_hwsim_conf_tx (queue=3 txop=0 cw_min=15 cw_max=1023 aifs=2)
02-20 19:27:31.457     0     0 D ieee80211 phy0: mac80211_hwsim_bss_info_changed(changed=0x2000)
02-20 19:27:31.457     0     0 D ieee80211 phy0: mac80211_hwsim_config (freq=0 idle=0 ps=0 smps=auto)
02-20 19:27:31.457     0     0 I IPv6    : ADDRCONF(NETDEV_UP): wlan0: link is not ready
02-20 19:27:31.458     0     0 D ieee80211 phy0: mac80211_hwsim_configure_filter
02-20 19:27:31.458  1863  1863 I wpa_supplicant: nl80211: Could not re-add multicast membership for vendor events: -2 (No such file or directory)
02-20 19:27:31.462  1369  1801 E OMXNodeInstance: getExtensionIndex(5590010:google.h263.decoder, OMX.google.android.index.configureVideoTunnelMode) ERROR: UnsupportedIndex(0x8000101a)
02-20 19:27:31.462  1369  1369 W OMXNodeInstance: [5590010:google.h263.decoder] component does not support metadata mode; using fallback
02-20 19:27:31.462  1764  1892 E WVMExtractor: Failed to open libwvm.so: dlopen failed: library "libwvm.so" not found
02-20 19:27:31.463  1372  1372 I MediaPlayerService: MediaPlayerService::getOMX
02-20 19:27:31.463  1372  1372 I OMXClient: MuxOMX ctor
02-20 19:27:31.463  1369  1382 I OMXMaster: makeComponentInstance(OMX.google.h264.decoder) in mediacodec process
02-20 19:27:31.480  1372  1372 W ACodec  : [OMX.google.h264.decoder] stopping checking profiles after 32: 2/8000
02-20 19:27:31.480  1369  1382 E OMXNodeInstance: getExtensionIndex(5590011:google.h264.decoder, OMX.google.android.index.configureVideoTunnelMode) ERROR: UnsupportedIndex(0x8000101a)
02-20 19:27:31.480  1369  1369 W OMXNodeInstance: [5590011:google.h264.decoder] component does not support metadata mode; using fallback
02-20 19:27:31.481  1372  1372 I MediaPlayerService: MediaPlayerService::getOMX
02-20 19:27:31.481  1372  1372 I OMXClient: MuxOMX ctor
02-20 19:27:31.481  1369  1801 I OMXMaster: makeComponentInstance(OMX.google.hevc.decoder) in mediacodec process
02-20 19:27:31.495  1636  1636 I SystemServiceManager: Starting phase 600
02-20 19:27:31.498  1636  1636 D SensorNotificationService: Cannot obtain dynamic meta sensor, not supported.
02-20 19:27:31.503  1369  1382 E OMXNodeInstance: getExtensionIndex(5590012:google.hevc.decoder, OMX.google.android.index.configureVideoTunnelMode) ERROR: UnsupportedIndex(0x8000101a)
02-20 19:27:31.503  1369  1369 W OMXNodeInstance: [5590012:google.hevc.decoder] component does not support metadata mode; using fallback
02-20 19:27:31.504  1636  1724 I netstats_mobile_sample: [0,0,0,0,0,0,0,0,0,0,0,0,-1]
02-20 19:27:31.504  1636  1724 I netstats_wifi_sample: [0,0,0,0,0,0,0,0,0,0,0,0,-1]
02-20 19:27:31.506  1372  1372 I MediaPlayerService: MediaPlayerService::getOMX
02-20 19:27:31.506  1636  1636 D TelephonyRegistry: listen oscl: hasNotifySubscriptionInfoChangedOccurred==false no callback
02-20 19:27:31.506  1372  1372 I OMXClient: MuxOMX ctor
02-20 19:27:31.506  1369  1801 I OMXMaster: makeComponentInstance(OMX.google.vp8.decoder) in mediacodec process
02-20 19:27:31.510  1863  1863 E wpa_supplicant: global ctrl interface @android:wpa_wlan0 matches ctrl interface wlan0 - do not open per-interface ctrl interface
02-20 19:27:31.523  1369  1382 E OMXNodeInstance: getExtensionIndex(5590013:google.vp8.decoder, OMX.google.android.index.configureVideoTunnelMode) ERROR: UnsupportedIndex(0x8000101a)
02-20 19:27:31.523  1636  1636 I GnssLocationProvider: WakeLock acquired by sendMessage(13, 0, null)
02-20 19:27:31.523  1369  1369 W OMXNodeInstance: [5590013:google.vp8.decoder] component does not support metadata mode; using fallback
02-20 19:27:31.523  1636  1678 W GnssLocationProvider: Could not open GPS configuration file /etc/gps.conf
02-20 19:27:31.523  1636  1678 E GnssLocationProvider: no AGPS interface in set_agps_server
02-20 19:27:31.523  1636  1678 D TelephonyRegistry: listen oscl: hasNotifySubscriptionInfoChangedOccurred==false no callback
02-20 19:27:31.523  1636  1636 W LocationProviderProxy-network: Odd, no component found for service com.android.location.service.v3.NetworkLocationProvider
02-20 19:27:31.524  1636  1636 W GeocoderProxy: Odd, no component found for service com.android.location.service.GeocodeProvider
02-20 19:27:31.524  1636  1636 E FlpHardwareProvider: Error hw_get_module 'flp': -2
02-20 19:27:31.525  1636  1636 D LocationManagerService: FLP HAL not supported
02-20 19:27:31.525  1636  1636 W GeofenceProxy: Odd, no component found for service com.android.location.service.GeofenceProvider
02-20 19:27:31.525  1636  1636 E ActivityRecognitionHardware: Error hw_get_module: -2
02-20 19:27:31.525  1636  1636 D LocationManagerService: Hardware Activity-Recognition not supported.
02-20 19:27:31.525  1636  1636 W ActivityRecognitionProxy: Odd, no component found for service com.android.location.service.ActivityRecognitionProvider
02-20 19:27:31.526  1636  1636 I GnssLocationProvider: WakeLock acquired by sendMessage(2, 1, null)
02-20 19:27:31.527  1372  1372 I MediaPlayerService: MediaPlayerService::getOMX
02-20 19:27:31.527  1372  1372 I OMXClient: MuxOMX ctor
02-20 19:27:31.527  1369  1801 I OMXMaster: makeComponentInstance(OMX.google.vp9.decoder) in mediacodec process
02-20 19:27:31.532  1636  1678 I GnssLocationProvider: WakeLock released by handleMessage(13, 0, null)
02-20 19:27:31.532  1636  1678 E GnssLocationProvider: no AGPS interface in set_agps_server
02-20 19:27:31.533  1636  1678 I GnssLocationProvider: WakeLock released by handleMessage(2, 1, null)
02-20 19:27:31.534  1636  1636 I CommonTimeManagementService: No common time service detected on this platform.  Common time services will be unavailable.
02-20 19:27:31.534  1636  1636 D TelephonyRegistry: systemRunning register for intents
02-20 19:27:31.535  1636  1636 I MmsServiceBroker: Delay connecting to MmsService until an API is called
02-20 19:27:31.535  1636  1718 I InputReader: Reconfiguring input devices.  changes=0x00000020
02-20 19:27:31.536  1636  1718 I InputReader: Reconfiguring input devices.  changes=0x00000010
02-20 19:27:31.556  1369  1382 E OMXNodeInstance: getExtensionIndex(5590014:google.vp9.decoder, OMX.google.android.index.configureVideoTunnelMode) ERROR: UnsupportedIndex(0x8000101a)
02-20 19:27:31.556  1369  1369 W OMXNodeInstance: [5590014:google.vp9.decoder] component does not support metadata mode; using fallback
02-20 19:27:31.557  1914  1914 W art     : Unexpected CPU variant for X86 using defaults: x86_64
02-20 19:27:31.557  1636  1636 I am_proc_start: [0,1914,1001,com.android.phone,added application,com.android.phone]
02-20 19:27:31.557  1636  1636 I ActivityManager: Start proc 1914:com.android.phone/1001 for added application com.android.phone
02-20 19:27:31.558  1636  1636 I ActivityManager: START u0 {act=android.intent.action.MAIN cat=[android.intent.category.HOME] flg=0x10000100 cmp=com.android.settings/.FallbackHome} from uid 0 on display 0
02-20 19:27:31.559  1636  1636 W System  : ClassLoader referenced unknown path: 
02-20 19:27:31.559  1636  1636 W System  : ClassLoader referenced unknown path: /system/priv-app/Settings/lib/x86_64
02-20 19:27:31.559  1636  1636 D ApplicationLoaders: ignored Vulkan layer search path /system/priv-app/Settings/lib/x86_64:/system/priv-app/Settings/Settings.apk!/lib/x86_64:/system/lib64:/vendor/lib64 for namespace 0x702e31837160
02-20 19:27:31.560  1372  1372 I MediaPlayerService: MediaPlayerService::getOMX
02-20 19:27:31.561  1372  1372 I OMXClient: MuxOMX ctor
02-20 19:27:31.561  1369  1801 I OMXMaster: makeComponentInstance(OMX.google.h263.encoder) in mediacodec process
02-20 19:27:31.562  1636  1636 I ActivityManager: Loaded persisted task ids for user 0
02-20 19:27:31.562  1636  1636 I am_create_task: [0,1]
02-20 19:27:31.562  1636  1636 I am_create_activity: [0,246647212,1,com.android.settings/.FallbackHome,android.intent.action.MAIN,NULL,NULL,276824320]
02-20 19:27:31.566  1636  1636 I wm_task_created: [1,0]
02-20 19:27:31.568  1636  1636 I wm_task_moved: [1,1,0]
02-20 19:27:31.568  1636  1636 I wm_task_moved: [1,1,0]
02-20 19:27:31.569  1636  1636 I am_focused_activity: [0,com.android.settings/.FallbackHome,startedActivity]
02-20 19:27:31.577  1931  1931 W art     : Unexpected CPU variant for X86 using defaults: x86_64
02-20 19:27:31.579  1636  1636 I am_proc_start: [0,1931,1000,com.android.settings,activity,com.android.settings/.FallbackHome]
02-20 19:27:31.579  1636  1636 I ActivityManager: Start proc 1931:com.android.settings/1000 for activity com.android.settings/.FallbackHome
02-20 19:27:31.581  1636  1657 I am_proc_bound: [0,1914,com.android.phone]
02-20 19:27:31.585  1636  1636 I SystemServer: Enabled StrictMode for system server main thread.
02-20 19:27:31.593  1636  1678 W LocationProviderProxy-network: Odd, no component found for service com.android.location.service.v3.NetworkLocationProvider
02-20 19:27:31.593  1636  1678 W GeocoderProxy: Odd, no component found for service com.android.location.service.GeocodeProvider
02-20 19:27:31.593  1636  1678 W GeofenceProxy: Odd, no component found for service com.android.location.service.GeofenceProvider
02-20 19:27:31.593  1636  1678 W ActivityRecognitionProxy: Odd, no component found for service com.android.location.service.ActivityRecognitionProvider
02-20 19:27:31.596  1636  1636 D ConditionProviders.SCP: onConnected
02-20 19:27:31.596  1636  1636 D ZenLog  : set_zen_mode: off,readXml
02-20 19:27:31.598  1914  1914 W System  : ClassLoader referenced unknown path: /system/priv-app/TeleService/lib/x86_64
02-20 19:27:31.598  1636  1636 D ConditionProviders: Subscribing to condition://android/schedule?days=6.7&start=23.30&end=10.0&exitAtAlarm=false with ComponentInfo{android/com.android.server.notification.ScheduleConditionProvider}
02-20 19:27:31.598  1636  1636 D ZenLog  : subscribe: condition://android/schedule?days=6.7&start=23.30&end=10.0&exitAtAlarm=false,ok
02-20 19:27:31.598  1636  1636 D ConditionProviders: Subscribing to condition://android/event?userId=-10000&calendar=&reply=1 with ComponentInfo{android/com.android.server.notification.EventConditionProvider}
02-20 19:27:31.598  1636  1636 D ZenLog  : subscribe: condition://android/event?userId=-10000&calendar=&reply=1,ok
02-20 19:27:31.599  1636  1636 D ConditionProviders: Subscribing to condition://android/schedule?days=1.2.3.4.5&start=22.0&end=7.0&exitAtAlarm=false with ComponentInfo{android/com.android.server.notification.ScheduleConditionProvider}
02-20 19:27:31.599  1636  1636 D ZenLog  : subscribe: condition://android/schedule?days=1.2.3.4.5&start=22.0&end=7.0&exitAtAlarm=false,ok
02-20 19:27:31.632  1636  1636 D RttService: SCAN_AVAILABLE : 1
02-20 19:27:31.633  1636  1636 D ZenLog  : set_zen_mode: off,cleanUpZenRules
02-20 19:27:31.633  1636  1730 I WifiScanningService: wifi driver unloaded
02-20 19:27:31.633  1636  1731 D RttService: DefaultState got{ when=-1ms what=160513 target=com.android.internal.util.StateMachine$SmHandler }
02-20 19:27:31.639  1636  1702 I am_proc_bound: [0,1931,com.android.settings]
02-20 19:27:31.641  1636  1702 I am_restart_activity: [0,246647212,1,com.android.settings/.FallbackHome]
02-20 19:27:31.644  1369  1801 I SoftMPEG4Encoder: Construct SoftMPEG4Encoder
02-20 19:27:31.644  1372  1372 W ACodec  : do not know color format 0x7f000789 = 2130708361
02-20 19:27:31.644  1369  1382 E OMXNodeInstance: getConfig(5590015:google.h263.encoder, ConfigAndroidIntraRefresh(0x6f60000a)) ERROR: Undefined(0x80001001)
02-20 19:27:31.649  1931  1931 W System  : ClassLoader referenced unknown path: /system/priv-app/Settings/lib/x86_64
02-20 19:27:31.656  1636  1636 W System  : ClassLoader referenced unknown path: /system/priv-app/Telecom/lib/x86_64
02-20 19:27:31.656  1636  1636 D ApplicationLoaders: ignored Vulkan layer search path /system/priv-app/Telecom/lib/x86_64:/system/priv-app/Telecom/Telecom.apk!/lib/x86_64:/system/lib64:/vendor/lib64 for namespace 0x702e318371d0
02-20 19:27:31.663  1372  1372 I MediaPlayerService: MediaPlayerService::getOMX
02-20 19:27:31.663  1372  1372 I OMXClient: MuxOMX ctor
02-20 19:27:31.663  1369  1801 I OMXMaster: makeComponentInstance(OMX.google.h264.encoder) in mediacodec process
02-20 19:27:31.687  1372  1372 W ACodec  : do not know color format 0x7f000789 = 2130708361
02-20 19:27:31.688  1372  1372 I MediaPlayerService: MediaPlayerService::getOMX
02-20 19:27:31.688  1372  1372 I OMXClient: MuxOMX ctor
02-20 19:27:31.688  1369  1801 I OMXMaster: makeComponentInstance(OMX.google.mpeg4.encoder) in mediacodec process
02-20 19:27:31.717  1914  1914 W System  : ClassLoader referenced unknown path: /system/priv-app/TelephonyProvider/lib/x86_64
02-20 19:27:31.718  1914  1914 D ApplicationLoaders: ignored Vulkan layer search path /system/priv-app/TelephonyProvider/lib/x86_64:/system/lib64:/vendor/lib64 for namespace 0x702e317cc0f0
02-20 19:27:31.725  1369  1801 I SoftMPEG4Encoder: Construct SoftMPEG4Encoder
02-20 19:27:31.725  1372  1372 W ACodec  : do not know color format 0x7f000789 = 2130708361
02-20 19:27:31.725  1369  1382 E OMXNodeInstance: getConfig(5590017:google.mpeg4.encoder, ConfigAndroidIntraRefresh(0x6f60000a)) ERROR: Undefined(0x80001001)
02-20 19:27:31.729  1372  1372 I MediaPlayerService: MediaPlayerService::getOMX
02-20 19:27:31.729  1372  1372 I OMXClient: MuxOMX ctor
02-20 19:27:31.729  1369  1801 I OMXMaster: makeComponentInstance(OMX.google.vp8.encoder) in mediacodec process
02-20 19:27:31.742  1764  1764 I vol.Events: writeEvent collection_started
02-20 19:27:31.743  1636  1636 E BluetoothAdapter: Bluetooth binder is null
02-20 19:27:31.747  1764  1959 I sysui_action: [213,2]
02-20 19:27:31.747  1764  1959 I vol.Events: writeEvent external_ringer_mode_changed normal
02-20 19:27:31.747  1764  1959 I vol.Events: writeEvent internal_ringer_mode_changed normal
02-20 19:27:31.756  1636  1636 I Telecom : SystemStateProvider: Registering car mode receiver: android.content.IntentFilter@41c516a: TS.init@AAA
02-20 19:27:31.773  1636  1960 I Telecom : Telecom: Non-call EVENT: AUDIO_ROUTE, Entering state QuiescentEarpieceRoute
02-20 19:27:31.780  1914  1914 D TelephonyProvider: dbh.onOpen: ok, queried table=siminfo
02-20 19:27:31.780  1914  1914 D TelephonyProvider: dbh.onOpen: ok, queried table=carriers
02-20 19:27:31.781  1931  1931 I am_on_resume_called: [0,com.android.settings.FallbackHome,LAUNCH_ACTIVITY]
02-20 19:27:31.782  1495  1495 E ipv6proxy: Failed to forward Router Advertisement from eth0 to wlan1: Network is unreachable
02-20 19:27:31.783  1636  1961 I Telecom : CallAudioModeStateMachine: Message received: null.: TS.init->CAMSM.pM_1@AAA_0
02-20 19:27:31.785  1636  1636 E BluetoothAdapter: Bluetooth binder is null
02-20 19:27:31.793  1636  1963 E ActivityThread: Failed to find provider info for call_log
02-20 19:27:31.793  1312  1359 E SurfaceFlinger: ro.sf.lcd_density must be defined as a build property
02-20 19:27:31.795  1636  1636 I Telecom : Class: TelecomSystem.INSTANCE being set
02-20 19:27:31.795  1636  1636 E BluetoothAdapter: Bluetooth binder is null
02-20 19:27:31.795  1636  1636 W ContextImpl: Calling a method in the system process without a qualified user: android.app.ContextImpl.startService:1357 com.android.server.content.SyncManager$13.run:658 android.os.Handler.handleCallback:751 android.os.Handler.dispatchMessage:95 android.os.Looper.loop:154 
02-20 19:27:31.804  1372  1372 W ACodec  : do not know color format 0x7f000789 = 2130708361
02-20 19:27:31.804  1369  1382 E OMXNodeInstance: getConfig(5590018:google.vp8.encoder, ConfigAndroidIntraRefresh(0x6f60000a)) ERROR: Undefined(0x80001001)
02-20 19:27:31.805  1372  1372 I MediaPlayerService: MediaPlayerService::getOMX
02-20 19:27:31.805  1372  1372 I OMXClient: MuxOMX ctor
02-20 19:27:31.806  1372  1372 I MediaPlayerService: MediaPlayerService::getOMX
02-20 19:27:31.806  1372  1372 I OMXClient: MuxOMX ctor
02-20 19:27:31.806  1372  1372 W MediaCodecList: unable to open media codecs configuration xml file: /data/misc/media/media_codecs_profiling_results.xml
02-20 19:27:31.807  1372  1397 I MediaPlayerService: MediaPlayerService::getOMX
02-20 19:27:31.807  1372  1909 I MediaPlayerService: MediaPlayerService::getOMX
02-20 19:27:31.807  1764  1904 I OMXClient: MuxOMX ctor
02-20 19:27:31.807  1636  1783 I OMXClient: MuxOMX ctor
02-20 19:27:31.808  1369  1382 I OMXMaster: makeComponentInstance(OMX.google.vorbis.decoder) in mediacodec process
02-20 19:27:31.814  1931  1931 D         : HostConnection::get() New Host Connection established 0x702e22bfcbe0, tid 1931
02-20 19:27:31.824  1636  1636 W System  : ClassLoader referenced unknown path: /system/priv-app/FusedLocation/lib/x86_64
02-20 19:27:31.825  1636  1636 D ApplicationLoaders: ignored Vulkan layer search path /system/priv-app/FusedLocation/lib/x86_64:/system/priv-app/FusedLocation/FusedLocation.apk!/lib/x86_64:/system/lib64:/vendor/lib64 for namespace 0x702e31837240
02-20 19:27:31.830  1636  1636 D GpsNetInitiatedHandler: location enabled :true
02-20 19:27:31.831  1636  1636 V WiredAccessoryManager: notifyWiredAccessoryChanged: when=0 bits= mask=54
02-20 19:27:31.831  1636  1636 V WiredAccessoryManager: newName=h2w newState=0 headsetState=0 prev headsetState=0
02-20 19:27:31.831  1636  1636 E WiredAccessoryManager: No state change.
02-20 19:27:31.831  1636  1636 V WiredAccessoryManager: init()
02-20 19:27:31.840  1914  1914 D TDC     : updateOrInsert: inserting: Modem { uuid=modem, state=0, rilModel=0, rat={}, maxActiveVoiceCall=1, maxActiveDataCall=1, maxStandby=1 }
02-20 19:27:31.840  1914  1914 D TDC     : updateOrInsert: inserting: Sim { uuid=sim, modemUuid=modem, state=0 }
02-20 19:27:31.847  1914  1914 D CdmaSSM : subscriptionSource from settings: 0
02-20 19:27:31.847  1914  1914 I PhoneFactory: Cdma Subscription set to 0
02-20 19:27:31.854  1931  1964 D         : HostConnection::get() New Host Connection established 0x702e22bfcca0, tid 1964
02-20 19:27:31.855  1931  1964 I OpenGLRenderer: Initialized EGL, version 1.4
02-20 19:27:31.855  1931  1964 D OpenGLRenderer: Swap behavior 1
02-20 19:27:31.873  1636  1690 W WindowManager: Keyguard drawn timeout. Setting mKeyguardDrawComplete
02-20 19:27:31.873  1914  1914 I PhoneFactory: Network Mode set to 0
02-20 19:27:31.875  1369  1801 I OMXMaster: makeComponentInstance(OMX.google.vorbis.decoder) in mediacodec process
02-20 19:27:31.877  1931  1964 D EGL_emulation: eglCreateContext: 0x702e22aa40c0: maj 3 min 0 rcv 3
02-20 19:27:31.878  1636  1636 W VibratorService: Tried to stop vibrating but there is no vibrator device.
02-20 19:27:31.888  1914  1914 D RILJ    : RIL(context, preferredNetworkType=0 cdmaSubscription=0)
02-20 19:27:31.914     0     0 D ieee80211 phy1: mac80211_hwsim_config (freq=0 idle=1 ps=0 smps=auto)
02-20 19:27:31.914     0     0 D ieee80211 phy1: hwsim hw_scan request
02-20 19:27:31.914     0     0 D ieee80211 phy1: hw scan 2412 MHz
02-20 19:27:32.011     0     0 W healthd : battery l=100 v=0 t=0.0 h=2 st=2 chg=a
02-20 19:27:32.038     0     0 D ieee80211 phy1: hw scan 2417 MHz
02-20 19:27:31.891  1636  1636 D ConditionProviders.SCP: onSubscribe condition://android/schedule?days=6.7&start=23.30&end=10.0&exitAtAlarm=false
02-20 19:27:31.891  1636  1636 D ConditionProviders.SCP: setRegistered true
02-20 19:27:31.891  1636  1636 D ConditionProviders.SCP: notifyCondition condition://android/schedule?days=6.7&start=23.30&end=10.0&exitAtAlarm=false STATE_FALSE reason=!meetsSchedule
02-20 19:27:31.892  1636  1636 D ConditionProviders.SCP: Scheduling evaluate for Tue Feb 20 23:30:00 GMT+00:00 2018 (1519169400000), in +4h2m28s109ms, now=Tue Feb 20 19:27:31 GMT+00:00 2018 (1519154851891)
02-20 19:27:31.892  1636  1636 D ConditionProviders.SCP: onSubscribe condition://android/schedule?days=1.2.3.4.5&start=22.0&end=7.0&exitAtAlarm=false
02-20 19:27:31.892  1636  1636 D ConditionProviders.SCP: notifyCondition condition://android/schedule?days=6.7&start=23.30&end=10.0&exitAtAlarm=false STATE_FALSE reason=!meetsSchedule
02-20 19:27:31.892  1636  1636 D ConditionProviders.SCP: notifyCondition condition://android/schedule?days=1.2.3.4.5&start=22.0&end=7.0&exitAtAlarm=false STATE_FALSE reason=!meetsSchedule
02-20 19:27:31.892  1636  1636 D ConditionProviders.SCP: Scheduling evaluate for Tue Feb 20 22:00:00 GMT+00:00 2018 (1519164000000), in +2h32m28s108ms, now=Tue Feb 20 19:27:31 GMT+00:00 2018 (1519154851892)
02-20 19:27:31.893  1636  1636 I Telecom : WiredHeadsetManager: ACTION_HEADSET_PLUG event, plugged in: false, : WHC.oADA@AAE
02-20 19:27:31.895  1636  1636 I ActivityManager: user 0 is still locked. Cannot load recents
02-20 19:27:31.900  1914  1914 D RILJ    : Starting RILReceiver0 [SUB0]
02-20 19:27:31.904  1374  1519 I RILC    : libril: new connection to RIL_SOCKET_1
02-20 19:27:31.904  1374  1519 I RILC    : RIL Daemon version: android reference-ril 1.0
02-20 19:27:31.904  1914  1990 I RILJ    : (0) Connected to 'rild' socket
02-20 19:27:31.904  1914  1990 D RILJ    : [UNSL]< UNSOL_RIL_CONNECTED {12} [SUB0]
02-20 19:27:31.905  1914  1990 D RILJ    : [3648]> RADIO_POWER off [SUB0]
02-20 19:27:31.906  1914  1990 D RILJ    : [3649]> RIL_REQUEST_CDMA_SET_SUBSCRIPTION_SOURCE : 0 [SUB0]
02-20 19:27:31.906  1914  1990 D RILJ    : setCellInfoListRate: 2147483647 [SUB0]
02-20 19:27:31.906  1914  1990 D RILJ    : [3650]> RIL_REQUEST_SET_CELL_INFO_LIST_RATE [SUB0]
02-20 19:27:31.906  1914  1990 D RILJ    : [UNSL]< UNSOL_RESPONSE_RADIO_STATE_CHANGED RADIO_OFF [SUB0]
02-20 19:27:31.906  1914  1914 D RILJ    : [3651]> GET_HARDWARE_CONFIG [SUB0]
02-20 19:27:31.907  1914  1990 D RILJ    : [3652]> SCREEN_STATE: true [SUB0]
02-20 19:27:31.907  1914  1914 I PhoneFactory: Creating SubscriptionController
02-20 19:27:31.908  1914  1990 D RILJ    : [UNSL]< UNSOL_NITZ_TIME_RECEIVED 18/02/20:19:27:28+0:0:Unknown!Unknown [SUB0]
02-20 19:27:31.913  1374  1519 D RIL     : onRequest: RADIO_POWER
02-20 19:27:31.914  1914  1990 D RILJ    : [3648]< RADIO_POWER  [SUB0]
02-20 19:27:31.914  1503  1503 I hostapd : wlan1: interface state COUNTRY_UPDATE->HT_SCAN
02-20 19:27:31.915  1914  1914 D SubscriptionController: [SubscriptionController] init by Context
02-20 19:27:31.916  1374  1519 D RIL     : onRequest: CDMA_SET_SUBSCRIPTION_SOURCE
02-20 19:27:31.918  1914  1990 D RilRequest: [3649]< RIL_REQUEST_CDMA_SET_SUBSCRIPTION_SOURCE error: com.android.internal.telephony.CommandException: RADIO_NOT_AVAILABLE ret=
02-20 19:27:31.918  1374  1519 D RIL     : onRequest: SET_UNSOL_CELL_INFO_LIST_RATE
02-20 19:27:31.919  1914  1990 D RilRequest: [3650]< RIL_REQUEST_SET_CELL_INFO_LIST_RATE error: com.android.internal.telephony.CommandException: RADIO_NOT_AVAILABLE ret=
02-20 19:27:31.919  1374  1519 D RIL     : onRequest: GET_HARDWARE_CONFIG
02-20 19:27:31.919  1914  1990 D RilRequest: [3651]< GET_HARDWARE_CONFIG error: com.android.internal.telephony.CommandException: RADIO_NOT_AVAILABLE ret=
02-20 19:27:31.919  1374  1519 D RIL     : onRequest: SCREEN_STATE
02-20 19:27:31.919  1914  1990 D RilRequest: [3652]< SCREEN_STATE error: com.android.internal.telephony.CommandException: RADIO_NOT_AVAILABLE ret=
02-20 19:27:31.924  1914  1914 D UiccController: Creating UiccController
02-20 19:27:31.926  1914  1914 D TelephonyTester: register for intent action=com.android.internal.telephony.action_detached
02-20 19:27:31.926  1914  1914 D TelephonyTester: register for intent action=com.android.internal.telephony.action_attached
02-20 19:27:31.934  1636  1636 D TelephonyRegistry: notifyCellLocationForSubscriber: subId=0 cellLocation=Bundle[{}]
02-20 19:27:31.935  1914  1930 D SubscriptionController: [getPhoneId]- no sims, returning default phoneId=2147483647
02-20 19:27:31.941  1372  1397 I MediaPlayerService: MediaPlayerService::getOMX
02-20 19:27:31.941  1914  1914 D Phone   : mDoesRilSendMultipleCallRing=true
02-20 19:27:31.941  1914  1914 D Phone   : mCallRingDelay=3000
02-20 19:27:31.941  1764  1994 I OMXClient: MuxOMX ctor
02-20 19:27:31.941  1369  1369 I OMXMaster: makeComponentInstance(OMX.google.vorbis.decoder) in mediacodec process
02-20 19:27:31.963  1931  1964 D EGL_emulation: eglMakeCurrent: 0x702e22aa40c0: ver 3 0 (tinfo 0x702e22be6ea0)
02-20 19:27:31.981  1372  1372 I MediaPlayerService: MediaPlayerService::getOMX
02-20 19:27:31.981  1636  1995 I OMXClient: MuxOMX ctor
02-20 19:27:31.982  1914  1914 D RILJ    : [3653]> RIL_REQUEST_START_LCE [SUB0]
02-20 19:27:31.982  1374  1519 D RIL     : onRequest: <unknown request>
02-20 19:27:31.982  1914  1990 D RilRequest: [3653]< RIL_REQUEST_START_LCE error: com.android.internal.telephony.CommandException: RADIO_NOT_AVAILABLE ret=
02-20 19:27:31.991  1914  1914 E RIL_ImsSms: getFormat should never be called from here!
02-20 19:27:31.991  1914  1914 D SMSDispatcher: SMSDispatcher: ctor mSmsCapable=true format=unknown mSmsSendDisabled=false
02-20 19:27:31.991  1914  1914 D RIL_ImsSms: ImsSMSDispatcher created
02-20 19:27:31.991  1914  1914 D SMSDispatcher: SMSDispatcher: ctor mSmsCapable=true format=3gpp2 mSmsSendDisabled=false
02-20 19:27:31.991  1914  1914 D CdmaSMSDispatcher: CdmaSMSDispatcher created
02-20 19:27:31.989  1636  1738 E ActivityThread: Failed to find provider info for com.android.calendar
02-20 19:27:31.992  1636  1738 E ActivityThread: Failed to find provider info for com.android.calendar
02-20 19:27:32.000  1931  1964 D EGL_emulation: eglMakeCurrent: 0x702e22aa40c0: ver 3 0 (tinfo 0x702e22be6ea0)
02-20 19:27:32.009  1369  1801 I OMXMaster: makeComponentInstance(OMX.google.vorbis.decoder) in mediacodec process
02-20 19:27:32.010  1374  1521 D AT      : AT< +CGREG: 1,1
02-20 19:27:32.010  1374  1521 D AT      : AT< +CTEC: 1+CREG: 2,1, "0003", "005b"
02-20 19:27:32.010  1374  1521 D RIL     : Response: +CTEC: 1+CREG: 2,1, "0003", "005b"
02-20 19:27:32.010  1374  1521 D RIL     : line remaining after int: 1, "0003", "005b"
02-20 19:27:32.010  1374  1521 D RIL     : setRadioTechnology(1)
02-20 19:27:32.010  1374  1521 D RIL     : Tech change (0 => 1)
02-20 19:27:32.010  1374  1521 D AT      : AT< +CGREG: 1,1
02-20 19:27:32.010  1914  1990 D RILJ    : [UNSL]< UNSOL_RESPONSE_VOICE_NETWORK_STATE_CHANGED [SUB0]
02-20 19:27:32.011  1914  1990 D RILJ    : [UNSL]< UNSOL_VOICE_RADIO_TECH_CHANGED {11} [SUB0]
02-20 19:27:32.011  1914  1990 D RILJ    : [UNSL]< UNSOL_RESPONSE_VOICE_NETWORK_STATE_CHANGED [SUB0]
02-20 19:27:32.060  1636  1656 I stream_devices_changed: [0,0,2]
02-20 19:27:32.060  1636  1656 I stream_devices_changed: [2,0,2]
02-20 19:27:32.060  1636  1656 I stream_devices_changed: [3,0,2]
02-20 19:27:32.062  1636  1656 I stream_devices_changed: [6,0,2]
02-20 19:27:32.062  1636  1656 I stream_devices_changed: [4,0,2]
02-20 19:27:32.063  1764  1959 I vol.Events: writeEvent level_changed STREAM_ALARM 6
02-20 19:27:32.063  1764  1959 I vol.Events: writeEvent level_changed STREAM_BLUETOOTH_SCO 7
02-20 19:27:32.065  1914  1914 D GsmInboundSmsHandler: created InboundSmsHandler
02-20 19:27:32.067  1764  1959 I vol.Events: writeEvent level_changed STREAM_MUSIC 11
02-20 19:27:32.074  1636  1689 I boot_progress_enable_screen: 9074
02-20 19:27:32.076  1636  1689 V KeyguardServiceDelegate: *** Keyguard started
02-20 19:27:32.076  1636  1689 I screen_toggled: 1
02-20 19:27:32.078  1636  1689 W KeyguardServiceDelegate: onScreenTurningOn(): no keyguard service!
02-20 19:27:32.082  1636  1696 I am_activity_launch_time: [0,246647212,com.android.settings/.FallbackHome,513,513]
02-20 19:27:32.082  1636  1696 I ActivityManager: Displayed com.android.settings/.FallbackHome: +513ms
02-20 19:27:32.086  1914  1914 D CdmaInboundSmsHandler: created InboundSmsHandler
02-20 19:27:32.089  1764  1959 I vol.Events: writeEvent level_changed STREAM_RING 5
02-20 19:27:32.089  1764  1959 I vol.Events: writeEvent level_changed STREAM_SYSTEM 5
02-20 19:27:32.093  1764  1959 I vol.Events: writeEvent level_changed STREAM_VOICE_CALL 4
02-20 19:27:32.095  1914  1914 D SMSDispatcher: SMSDispatcher: ctor mSmsCapable=true format=3gpp mSmsSendDisabled=false
02-20 19:27:32.095  1914  1914 D GsmSMSDispatcher: GsmSMSDispatcher created
02-20 19:27:32.096  1914  1997 D GsmInboundSmsHandler: StartupState.processMessage:6
02-20 19:27:32.096  1914  1997 D GsmInboundSmsHandler: entering Idle state
02-20 19:27:32.097  1914  2005 D CdmaInboundSmsHandler: StartupState.processMessage:6
02-20 19:27:32.097  1914  2005 D CdmaInboundSmsHandler: entering Idle state
02-20 19:27:32.101  1914  1914 D IccCardProxy: ctor: ci=com.android.internal.telephony.RIL@bbaf3a3 phoneId=0
02-20 19:27:32.101  1914  1914 D CdmaSSM : subscriptionSource from settings: 0
02-20 19:27:32.101  1914  1914 D CdmaSSM : cdmaSSM constructor: 0
02-20 19:27:32.101  1914  1914 D IccCardProxy: update icc_operator_numeric=
02-20 19:27:32.101  1914  1914 D TelephonyManager: setTelephonyProperty: success phoneId=0 property=gsm.sim.operator.numeric value:  propVal=
02-20 19:27:32.101  1914  1914 D TelephonyManager: setTelephonyProperty: success phoneId=0 property=gsm.sim.operator.iso-country value:  propVal=
02-20 19:27:32.101  1914  1914 D TelephonyManager: setTelephonyProperty: success phoneId=0 property=gsm.sim.operator.alpha value:  propVal=
02-20 19:27:32.101  1914  1914 E IccCardProxy: setExternalState: set mPhoneId=0 mExternalState=NOT_READY
02-20 19:27:32.101  1914  1914 D TelephonyManager: setTelephonyProperty: success phoneId=0 property=gsm.sim.state value: NOT_READY propVal=NOT_READY
02-20 19:27:32.103  1914  1914 D IccCardProxy: broadcastIccStateChangedIntent intent ACTION_SIM_STATE_CHANGED value=NOT_READY reason=null for mPhoneId=0
02-20 19:27:32.151     0     0 D ieee80211 phy1: hw scan 2422 MHz
02-20 19:27:32.108  1372  1909 I MediaPlayerService: MediaPlayerService::getOMX
02-20 19:27:32.270     0     0 D ieee80211 phy1: hw scan 2427 MHz
02-20 19:27:32.108  1372  1372 I MediaPlayerService: MediaPlayerService::getOMX
02-20 19:27:32.108  1764  2008 I OMXClient: MuxOMX ctor
02-20 19:27:32.108  1369  1382 I OMXMaster: makeComponentInstance(OMX.google.vorbis.decoder) in mediacodec process
02-20 19:27:32.110  1636  2009 I OMXClient: MuxOMX ctor
02-20 19:27:32.113  2010  2010 W art     : Unexpected CPU variant for X86 using defaults: x86_64
02-20 19:27:32.131  1636  1689 I am_proc_start: [0,2010,10004,com.android.cellbroadcastreceiver,broadcast,com.android.cellbroadcastreceiver/.CellBroadcastReceiver]
02-20 19:27:32.131  1636  1689 I ActivityManager: Start proc 2010:com.android.cellbroadcastreceiver/u0a4 for broadcast com.android.cellbroadcastreceiver/.CellBroadcastReceiver
02-20 19:27:32.131  1914  1914 D RILJ    : setPhoneType=1 old value=0 [SUB0]
02-20 19:27:32.132  1914  1914 D TelephonyManager: setTelephonyProperty: success phoneId=0 property=gsm.current.phone-type value: 1 propVal=1
02-20 19:27:32.140  1914  1914 D IccCardProxy: Setting radio tech UMTS
02-20 19:27:32.140  1914  1914 D IccCardProxy: updateQuietMode: 3GPP subscription -> newQuietMode=false
02-20 19:27:32.140  1914  1914 D IccCardProxy: updateQuietMode: no changes don't setExternalState
02-20 19:27:32.140  1914  1914 D IccCardProxy: updateQuietMode: QuietMode is false (app_type=1 cdmaSource=-1)
02-20 19:27:32.142  1312  1324 E SurfaceFlinger: ro.sf.lcd_density must be defined as a build property
02-20 19:27:32.148  1764  1764 D         : HostConnection::get() New Host Connection established 0x702e20c4f840, tid 1764
02-20 19:27:32.148  1369  1801 I OMXMaster: makeComponentInstance(OMX.google.vorbis.decoder) in mediacodec process
02-20 19:27:32.148  1914  1914 W CarrierConfigManager: Error getting config for subId -1 ICarrierConfigLoader is null
02-20 19:27:32.148  1636  1938 D TelephonyRegistry: listen oscl: hasNotifySubscriptionInfoChangedOccurred==false no callback
02-20 19:27:32.151  1914  1914 D TelephonyManager: setTelephonyProperty: success phoneId=0 property=gsm.network.type value: Unknown propVal=Unknown
02-20 19:27:32.152  1914  1914 D RILJ    : [3654]> SIGNAL_STRENGTH [SUB0]
02-20 19:27:32.152  1374  1519 D RIL     : onRequest: SIGNAL_STRENGTH
02-20 19:27:32.152  1914  1990 D RilRequest: [3654]< SIGNAL_STRENGTH error: com.android.internal.telephony.CommandException: RADIO_NOT_AVAILABLE ret=
02-20 19:27:32.153  1914  1914 D SST     : notifyDataRegStateRilRadioTechnologyChanged: drs=1 rat=0
02-20 19:27:32.153  1914  1914 D TelephonyManager: setTelephonyProperty: success phoneId=0 property=gsm.network.type value: Unknown propVal=Unknown
02-20 19:27:32.165  1914  1914 D DCT     : [0]DCT.constructor
02-20 19:27:32.168  1636  1702 D TelephonyRegistry: listen oscl: hasNotifySubscriptionInfoChangedOccurred==false no callback
02-20 19:27:32.179  1636  1656 I am_proc_bound: [0,2010,com.android.cellbroadcastreceiver]
02-20 19:27:32.182  1914  1914 D Dcc     : E ctor
02-20 19:27:32.182  1914  1914 D Dcc     : X ctor
02-20 19:27:32.195  1914  1914 D SubscriptionController: [getPhoneId] asked for default subId=-1
02-20 19:27:32.196  1914  2030 D DcTesterDeacativateAll: register for intent action=com.android.internal.telephony.dataconnection.action_deactivate_all
02-20 19:27:32.196  1914  2030 D DcTesterDeacativateAll: register for intent action=com.android.internal.telephony.action_detached
02-20 19:27:32.197  1914  2030 D Dcc     : DccDefaultState: msg.what=EVENT_RIL_CONNECTED mRilVersion=12
02-20 19:27:32.200  1764  1764 D StorageNotification: Notifying about private volume: VolumeInfo{private}:
02-20 19:27:32.200  1764  1764 D StorageNotification:     type=PRIVATE diskId=null partGuid=null mountFlags=0 mountUserId=-1 
02-20 19:27:32.200  1764  1764 D StorageNotification:     state=MOUNTED 
02-20 19:27:32.200  1764  1764 D StorageNotification:     fsType=null fsUuid=null fsLabel=null 
02-20 19:27:32.200  1764  1764 D StorageNotification:     path=/data internalPath=null 
02-20 19:27:32.200  1764  1764 D StorageNotification: Notifying about public volume: VolumeInfo{public:253,64}:
02-20 19:27:32.200  1764  1764 D StorageNotification:     type=PUBLIC diskId=disk:253,64 partGuid=null mountFlags=VISIBLE 
02-20 19:27:32.200  1764  1764 D StorageNotification:     mountUserId=0 state=MOUNTED 
02-20 19:27:32.200  1764  1764 D StorageNotification:     fsType=vfat fsUuid=1E12-0B12 fsLabel=SDCARD 
02-20 19:27:32.200  1764  1764 D StorageNotification:     path=/storage/1E12-0B12 internalPath=/mnt/media_rw/1E12-0B12 
02-20 19:27:32.200  1914  1914 D DcTesterFailBrinupAll: register for intent action=com.android.internal.telephony.dataconnection.action_fail_bringup
02-20 19:27:32.200  1914  1914 D DcTesterFailBrinupAll: register for intent action=com.android.internal.telephony.action_detached
02-20 19:27:32.201  1914  1914 D DcTesterFailBrinupAll: register for intent action=com.android.internal.telephony.action_attached
02-20 19:27:32.201  1914  1914 D SST     : notifyDataRegStateRilRadioTechnologyChanged: drs=1 rat=0
02-20 19:27:32.201  1914  1914 D TelephonyManager: setTelephonyProperty: success phoneId=0 property=gsm.network.type value: Unknown propVal=Unknown
02-20 19:27:32.202  1914  1914 D DCT     : [0]update sub = -2
02-20 19:27:32.202  1914  1914 D DCT     : [0]update(): Active DDS, register for all events now!
02-20 19:27:32.203  1914  1914 D GsmCdmaPhone: [GsmCdmaPhone] updateCurrentCarrierInProvider: mSubId = -2 currentDds = 1 operatorNumeric = null
02-20 19:27:32.203  1914  1914 D DCT     : [0]initApnContexts: E
02-20 19:27:32.204  1914  1914 D DCT     : [0]initApnContexts: skipping unknown type=1
02-20 19:27:32.204  1914  1914 D DCT     : [0]initApnContexts: apnContext={mApnType=default mState=IDLE mWaitingApns={null} mApnSetting={null} mReason=dataEnabled mDataEnabled=false mDependencyMet=true}
02-20 19:27:32.204  1914  1914 D DCT     : [0]initApnContexts: apnContext={mApnType=mms mState=IDLE mWaitingApns={null} mApnSetting={null} mReason=dataEnabled mDataEnabled=false mDependencyMet=true}
02-20 19:27:32.204  1914  1914 D DCT     : [0]initApnContexts: apnContext={mApnType=supl mState=IDLE mWaitingApns={null} mApnSetting={null} mReason=dataEnabled mDataEnabled=false mDependencyMet=true}
02-20 19:27:32.204  1914  1914 D DCT     : [0]initApnContexts: apnContext={mApnType=hipri mState=IDLE mWaitingApns={null} mApnSetting={null} mReason=dataEnabled mDataEnabled=false mDependencyMet=true}
02-20 19:27:32.204  1914  1914 D DCT     : [0]initApnContexts: apnContext={mApnType=fota mState=IDLE mWaitingApns={null} mApnSetting={null} mReason=dataEnabled mDataEnabled=false mDependencyMet=true}
