02-20 19:27:33.790  1914  1914 E RuimRecords: [RuimRecords] Record Load Exception: com.android.internal.telephony.CommandException: GENERIC_FAILURE
02-20 19:27:33.790  1914  1914 D RuimRecords: [RuimRecords] onRecordLoaded 4 requested: true
02-20 19:27:33.790  1914  1914 D RuimRecords: [RuimRecords] EF_CSIM_CDMAHOME LOADED
02-20 19:27:33.790  1914  1914 E RuimRecords: [RuimRecords] Record Load Exception: com.android.internal.telephony.CommandException: GENERIC_FAILURE
02-20 19:27:33.790  1914  1914 D RuimRecords: [RuimRecords] onRecordLoaded 3 requested: true
02-20 19:27:33.790  1914  1914 D RuimRecords: [RuimRecords] EF_CSIM_EPRL LOADED
02-20 19:27:33.790  1914  1914 E RuimRecords: [RuimRecords] Record Load Exception: com.android.internal.telephony.CommandException: GENERIC_FAILURE
02-20 19:27:33.790  1914  1914 D RuimRecords: [RuimRecords] onRecordLoaded 2 requested: true
02-20 19:27:33.790  1914  1914 D RuimRecords: [RuimRecords] EF_CSIM_MIPUPP LOADED
02-20 19:27:33.790  1914  1914 E RuimRecords: [RuimRecords] Record Load Exception: com.android.internal.telephony.CommandException: GENERIC_FAILURE
02-20 19:27:33.790  1914  1914 D RuimRecords: [RuimRecords] onRecordLoaded 1 requested: true
02-20 19:27:33.790  2147  2147 W System  : ClassLoader referenced unknown path: /system/priv-app/NexusLauncherPrebuilt/lib/x86_64
02-20 19:27:33.791  1914  1914 D SIMRecords: [SIMRecords] iccid: 89014103211118510720
02-20 19:27:33.791  1914  1914 D SIMRecords: [SIMRecords] onRecordLoaded 10 requested: true
02-20 19:27:33.791  1914  1914 D SubscriptionInfoUpdater: [Receiver]+
02-20 19:27:33.791  1914  1914 D SubscriptionInfoUpdater: Action: android.intent.action.SIM_STATE_CHANGED
02-20 19:27:33.791  1914  1914 D SubscriptionInfoUpdater: slotId: 0
02-20 19:27:33.791  1914  1914 D SubscriptionInfoUpdater: simStatus: IMSI
02-20 19:27:33.791  1914  1914 D SubscriptionInfoUpdater: Ignoring simStatus: IMSI
02-20 19:27:33.791  1914  1914 D SubscriptionInfoUpdater: [Receiver]-
02-20 19:27:32.990     0     0 D ieee80211 phy1: hw scan 2457 MHz
02-20 19:27:33.791  1914  1914 D RILJ    : [3733]> iccIO: SIM_IO 0xb0 0x6f14  path: 3F007F20,0,0,20 aid: null [SUB0]
02-20 19:27:33.791  1374  1519 D RIL     : onRequest: SIM_IO
02-20 19:27:33.791  1374  1519 D AT      : AT> AT+CRSM=176,28436,0,0,20
02-20 19:27:33.792  1374  1521 D AT      : AT< +CRSM: 144,0,416e64726f6964ffffffffffffffffffffffffff
02-20 19:27:33.792  1374  1521 D AT      : AT< OK
02-20 19:27:33.792  1914  1990 D RILJ    : [3733]< SIM_IO IccIoResponse sw1:0x90 sw2:0x0 [SUB0]
02-20 19:27:33.792  1914  1914 D SubscriptionInfoUpdater: [Receiver]+
02-20 19:27:33.792  1914  1914 D SubscriptionInfoUpdater: Action: android.intent.action.SIM_STATE_CHANGED
02-20 19:27:33.792  1914  1914 D SubscriptionInfoUpdater: slotId: 0
02-20 19:27:33.792  1914  1914 D SubscriptionInfoUpdater: simStatus: READY
02-20 19:27:33.792  1914  1914 D SubscriptionInfoUpdater: Ignoring simStatus: READY
02-20 19:27:33.792  1914  1914 D SubscriptionInfoUpdater: [Receiver]-
02-20 19:27:33.800  1914  2174 D SmsBroadcastUndelivered: scanning raw table for undelivered messages
02-20 19:27:33.806  1636  2041 I am_proc_bound: [0,2130,com.google.android.googlequicksearchbox:interactor]
02-20 19:27:33.808  1914  2173 E WAP PUSH: bindService() for wappush manager failed
02-20 19:27:33.809  1914  2170 E WAP PUSH: bindService() for wappush manager failed
02-20 19:27:33.810  1914  1914 D SIMRecords: [SIMRecords] EF_MBI: 01000000
02-20 19:27:33.810  1914  1914 D SIMRecords: [SIMRecords] Got valid mailbox number for MBDN
02-20 19:27:33.810  1914  1914 D RILJ    : [3734]> iccIO: SIM_IO 0xc0 0x6fc7  path: 3F007F20,0,0,15 aid: null [SUB0]
02-20 19:27:33.810  1914  1914 D SIMRecords: [SIMRecords] onRecordLoaded 10 requested: true
02-20 19:27:33.810  1914  1914 D SIMRecords: [SIMRecords] EF_AD: 00000003
02-20 19:27:33.810  1914  1914 D SIMRecords: [SIMRecords] setting4 mMncLength=3
02-20 19:27:33.811  1914  1914 D SIMRecords: [SIMRecords] update mccmnc=310260
02-20 19:27:33.811  1914  1914 D MccTable: updateMccMncConfiguration mccmnc='310260' fromServiceState=false
02-20 19:27:33.811  1374  1519 D RIL     : onRequest: SIM_IO
02-20 19:27:33.811  1374  1519 D AT      : AT> AT+CRSM=192,28615,0,0,15
02-20 19:27:33.811  1374  1521 D AT      : AT< +CRSM: 144,0,000000406fc7040011a0aa01020120
02-20 19:27:33.811  1374  1521 D AT      : AT< OK
02-20 19:27:33.811  1914  1914 D SubscriptionController: [getPhoneId]- no sims, returning default phoneId=2147483647
02-20 19:27:33.811  1914  1990 D RILJ    : [3734]< SIM_IO IccIoResponse sw1:0x90 sw2:0x0 [SUB0]
02-20 19:27:33.811  1914  1914 D MccTable: updateMccMncConfiguration defaultMccMnc=
02-20 19:27:33.811  1914  1914 D MccTable: updateMccMncConfiguration: mcc=310, mnc=260
02-20 19:27:33.811  1914  1914 D MccTable: updateMccMncConfiguration updateConfig config={1.0 310mcc260mnc ?localeList ?layoutDir ?swdp ?wdp ?hdp ?density ?lsize ?long ?orien ?uimode ?night ?touch ?keyb/?/? ?nav/?}
02-20 19:27:33.811  1636  1938 I configuration_changed: 3
02-20 19:27:33.811  1636  1938 I ActivityManager: Config changes=3 {1.0 310mcc260mnc [en_US] ldltr sw360dp w360dp h668dp 640dpi nrml long port finger -keyb/v/h -nav/h s.6}
02-20 19:27:33.825  1764  1764 I OpaLayout: Setting opa enabled to false
02-20 19:27:33.110     0     0 D ieee80211 phy1: hw scan 2462 MHz
02-20 19:27:33.829  1764  1764 I OpaLayout: Setting opa enabled to false
02-20 19:27:33.842  1636  1938 I am_relaunch_resume_activity: [0,131650566,20,com.google.android.apps.nexuslauncher/.NexusLauncherActivity]
02-20 19:27:33.845  1914  1914 D SIMRecords: [SIMRecords] onRecordLoaded 9 requested: true
02-20 19:27:33.845  1914  1914 D SIMRecords: [SIMRecords] EF_MWIS : 0000000000
02-20 19:27:33.845  1914  1914 D SIMRecords: [SIMRecords] onRecordLoaded 8 requested: true
02-20 19:27:33.845  1914  1914 D SIMRecords: [SIMRecords] EF_CPHS_MWI: 55
02-20 19:27:33.845  1914  1914 D SIMRecords: [SIMRecords] onRecordLoaded 7 requested: true
02-20 19:27:33.845  1914  1914 D SIMRecords: [SIMRecords] EF_CFF_CPHS: 55
02-20 19:27:33.845  1914  1914 D SIMRecords: [SIMRecords] onRecordLoaded 6 requested: true
02-20 19:27:33.846  1914  1914 D SIMRecords: [SIMRecords] onRecordLoaded 5 requested: true
02-20 19:27:33.846  1914  1914 D SIMRecords: [SIMRecords] SST: UsimServiceTable[120]={ PHONEBOOK, FDN, FDN_EXTENSION, SDN, SDN_EXTENSION, BDN, BDN_EXTENSION, OUTGOING_CALL_INFO, ADVICE_OF_CHARGE, CAP_CONFIG_PARAMS_2, GROUP_ID_LEVEL_1, GROUP_ID_LEVEL_2, SPN, USER_PLMN_SELECT, MSISDN, IMAGE, LOCALISED_SERVICE_AREAS, EMLPP, EMLPP_AUTO_ANSWER, RFU, GSM_ACCESS, DATA_DL_VIA_SMS_PP, DATA_DL_VIA_SMS_CB, CALL_CONTROL_BY_USIM, MO_SMS_CONTROL_BY_USIM, RUN_AT_COMMAND, APN_CONTROL_LIST, DEPERSONALISATION_CONTROL_KEYS, COOPERATIVE_NETWORK_LIST, GSM_SECURITY_CONTEXT, SERVICE_PROVIDER_DISPLAY_INFO, MMS_NOTIFICATION, MMS_NOTIFICATION_EXTENSION, GPRS_CALL_CONTROL_BY_USIM, VGCS_GROUP_ID_LIST, VBS_GROUP_ID_LIST, OMA_BCAST_PROFILE, GBA_LOCAL_KEY_ESTABLISHMENT, #101, #102, #103, #104, #105, #106, #107, #108, #109, #110 }
02-20 19:27:33.846  1914  1914 D SIMRecords: [SIMRecords] onRecordLoaded 4 requested: true
02-20 19:27:33.846  1914  1914 D SIMRecords: [SIMRecords] iCPHS: 0233
02-20 19:27:33.846  1914  1914 D SIMRecords: [SIMRecords] onRecordLoaded 3 requested: true
02-20 19:27:33.846  1914  1914 D RuimRecords: [RuimRecords] iccid: 89014103211118510720
02-20 19:27:33.846  1914  1914 D RuimRecords: [RuimRecords] onRecordLoaded 0 requested: true
02-20 19:27:33.846  1914  1914 D RuimRecords: [RuimRecords] record load complete
02-20 19:27:33.846  1914  1914 D SIMRecords: [SIMRecords] MSISDN: [t-WgLegCyIMgfHgPkOdM6pkZbpA]
02-20 19:27:33.846  1914  1914 D SIMRecords: [SIMRecords] onRecordLoaded 2 requested: true
02-20 19:27:33.846  1914  1914 D RILJ    : [3735]> iccIO: SIM_IO 0xb2 0x6fc7  path: 3F007F20,1,4,32 aid: null [SUB0]
02-20 19:27:33.846  1914  2174 D SmsBroadcastUndelivered: finished scanning raw table in 46 ms
02-20 19:27:33.847  1374  1519 D RIL     : onRequest: SIM_IO
02-20 19:27:33.847  1374  1519 D AT      : AT> AT+CRSM=178,28615,1,4,32
02-20 19:27:33.847  1374  1521 D AT      : AT< +CRSM: 144,0,566f6963656d61696cffffffffffffffffff07915155125740f9ffffffffffff
02-20 19:27:33.847  1374  1521 D AT      : AT< OK
02-20 19:27:33.847  1914  1990 D RILJ    : [3735]< SIM_IO IccIoResponse sw1:0x90 sw2:0x0 [SUB0]
02-20 19:27:33.848  1914  1930 D DCT     : [0]hasMatchedTetherApnSetting: APN=null
02-20 19:27:33.857  1914  1914 D SIMRecords: [SIMRecords] getServiceProviderName: no brandOverride, providerName=Android
02-20 19:27:33.857  1914  1914 D SIMRecords: [SIMRecords] Load EF_SPN_CPHS: Android
02-20 19:27:33.857  1914  1914 D TelephonyManager: setTelephonyProperty: success phoneId=0 property=gsm.sim.operator.alpha value: Android propVal=Android
02-20 19:27:33.859  1914  1914 D SIMRecords: [SIMRecords] onRecordLoaded 1 requested: true
02-20 19:27:33.864  1914  1914 D SIMRecords: [SIMRecords] VM: ADN Record 'Voicemail' '[-MWU1cAlDrkXUZ8dpHi_wU_YOpU] null' EF[MBDN]
02-20 19:27:33.864  1914  1914 D SIMRecords: [SIMRecords] onRecordLoaded 0 requested: true
02-20 19:27:33.864  1914  1914 D SIMRecords: [SIMRecords] record load complete
02-20 19:27:33.864  1914  1914 D SIMRecords: [SIMRecords] Not using EF LI/EF PL
02-20 19:27:33.864  1914  1914 D SIMRecords: [SIMRecords] EF_CFF: callForwardingEnabled=0
02-20 19:27:33.864  1914  1914 D SIMRecords: [SIMRecords] onAllRecordsLoaded set 'gsm.sim.operator.numeric' to operator='310260'
02-20 19:27:33.864  1914  1914 D SIMRecords: [SIMRecords] update icc_operator_numeric=310260
02-20 19:27:33.864  1914  1914 D TelephonyManager: setTelephonyProperty: success phoneId=0 property=gsm.sim.operator.numeric value: 310260 propVal=310260
02-20 19:27:33.864  1914  1914 D SubscriptionController: [setMccMnc]+ mcc/mnc:310/260 subId:-1
02-20 19:27:33.878  1914  1914 D SubscriptionController: notifySubscriptionInfoChanged:
02-20 19:27:33.879  1636  1636 I GnssLocationProvider: WakeLock acquired by sendMessage(12, 0, null)
02-20 19:27:33.879  1914  1914 D SIMRecords: [SIMRecords] onAllRecordsLoaded set mcc imsi
02-20 19:27:33.879  1914  1914 D TelephonyManager: setTelephonyProperty: success phoneId=0 property=gsm.sim.operator.iso-country value: us propVal=us
02-20 19:27:33.880  1914  2116 D SubscriptionController: [getActiveSubInfoList] Sub Controller not ready
02-20 19:27:33.880  1914  1914 D SST     : SubscriptionListener.onSubscriptionInfoChanged
02-20 19:27:33.880  1914  1914 D SIMRecords: [SIMRecords]  VoiceMessageCount from SIM MWIS = 0
02-20 19:27:33.880  1914  1914 E Phone   : getStoredVoiceMessageCount: invalid subId -2
02-20 19:27:33.880  1914  1914 D GsmCdmaPhone: [GsmCdmaPhone] updateVoiceMail countVoiceMessages = 0 subId -2
02-20 19:27:33.880  1914  1914 E Phone   : setVoiceMessageCount in sharedPreference: invalid subId -2
02-20 19:27:33.881  1914  1914 D DCT     : [0]SubscriptionListener.onSubscriptionInfoChanged
02-20 19:27:33.882  1914  1914 D SubscriptionController: [getActiveSubInfoList] Sub Controller not ready
02-20 19:27:33.882  1914  1914 D SubscriptionController: [getActiveSubInfoList] Sub Controller not ready
02-20 19:27:33.882  1914  1914 I Telephony: PstnIncomingCallNotifier: Unregistering: Handler (com.android.internal.telephony.GsmCdmaPhone) {6f34ace}
02-20 19:27:33.883  1914  1914 E PhoneInterfaceManager: [PhoneIntfMgr] getIccId: No UICC
02-20 19:27:33.230     0     0 D ieee80211 phy1: hw scan complete
02-20 19:27:33.230     0     0 D ieee80211 phy1: mac80211_hwsim_get_survey (idx=0)
02-20 19:27:33.280     0     0 D ieee80211 phy1: mac80211_hwsim_config (freq=0 idle=0 ps=0 smps=auto)
02-20 19:27:33.280     0     0 D ieee80211 phy1: add channel context control: 2447 MHz/width: 2/cfreqs:2437/0 MHz
02-20 19:27:33.280     0     0 D ieee80211 phy1: mac80211_hwsim_bss_info_changed(changed=0x40000)
02-20 19:27:33.280     0     0 D ieee80211 phy1: TX Power: 20 dBm
02-20 19:27:33.280     0     0 D ieee80211 phy1: mac80211_hwsim_bss_info_changed(changed=0x4000)
02-20 19:27:33.280     0     0 D ieee80211 phy1: change channel context control: 2447 MHz/width: 2/cfreqs:2437/0 MHz
02-20 19:27:33.280     0     0 D ieee80211 phy1: mac80211_hwsim_bss_info_changed(changed=0x88340)
02-20 19:27:33.280     0     0 D ieee80211 phy1: BCNINT: 100
02-20 19:27:33.280     0     0 D ieee80211 phy1: BCN EN: 1
02-20 19:27:33.280     0     0 D ieee80211 phy1: mac80211_hwsim_bss_info_changed(changed=0x3e)
02-20 19:27:33.280     0     0 D ieee80211 phy1: ERP_CTS_PROT: 0
02-20 19:27:33.280     0     0 D ieee80211 phy1: ERP_PREAMBLE: 0
02-20 19:27:33.280     0     0 D ieee80211 phy1: ERP_SLOT: 1
02-20 19:27:33.280     0     0 D ieee80211 phy1: HT: op_mode=0x0
02-20 19:27:33.280     0     0 D ieee80211 phy1: BASIC_RATES: 0xf
02-20 19:27:33.281     0     0 I IPv6    : ADDRCONF(NETDEV_CHANGE): wlan1: link becomes ready
02-20 19:27:33.282     0     0 D ieee80211 phy1: mac80211_hwsim_configure_filter
02-20 19:27:33.282     0     0 D ieee80211 phy1: mac80211_hwsim_conf_tx (queue=0 txop=47 cw_min=3 cw_max=7 aifs=1)
02-20 19:27:33.282     0     0 D ieee80211 phy1: mac80211_hwsim_bss_info_changed(changed=0x2000)
02-20 19:27:33.282     0     0 D ieee80211 phy1: mac80211_hwsim_conf_tx (queue=1 txop=94 cw_min=7 cw_max=15 aifs=1)
02-20 19:27:33.282     0     0 D ieee80211 phy1: mac80211_hwsim_bss_info_changed(changed=0x2000)
02-20 19:27:33.282     0     0 D ieee80211 phy1: mac80211_hwsim_conf_tx (queue=2 txop=0 cw_min=15 cw_max=63 aifs=3)
02-20 19:27:33.282     0     0 D ieee80211 phy1: mac80211_hwsim_bss_info_changed(changed=0x2000)
02-20 19:27:33.282     0     0 D ieee80211 phy1: mac80211_hwsim_conf_tx (queue=3 txop=0 cw_min=15 cw_max=1023 aifs=7)
02-20 19:27:33.282     0     0 D ieee80211 phy1: mac80211_hwsim_bss_info_changed(changed=0x2000)
02-20 19:27:33.888  2080  2080 I LoadedApk: No resource references to update in package FFFFFFFFFFFFFFFFFFFFFF
02-20 19:27:33.897  1764  1764 E BluetoothAdapter: Bluetooth binder is null
02-20 19:27:33.901  1636  1702 I Telecom : PhoneAccountRegistrar: [ComponentInfo{com.android.phone/com.android.services.telephony.TelephonyConnectionService}, [e0184adedf913b076626646d3f52c3b49c39ad6d], UserHandle{0}(addr: tel:*********** -> tel:)(icon: Icon(typ=BITMAP size=76x96) -> Icon(typ=BITMAP size=76x96))(subAddr: tel:*********** -> tel:)]: TSI.rPA@AAg
02-20 19:27:33.903  1764  1764 I CameraManagerGlobal: Connecting to camera service
02-20 19:27:33.904  1365  1365 V EmulatedCamera_Camera: getCameraInfo
02-20 19:27:33.904  1365  1365 V EmulatedCamera_BaseCamera: getCameraInfo
02-20 19:27:33.904  1365  1365 I CameraService: getCameraCharacteristics: Switching to HAL1 shim implementation...
02-20 19:27:33.904  1365  1365 V EmulatedCamera_Camera: getCameraInfo
02-20 19:27:33.904  1365  1365 V EmulatedCamera_BaseCamera: getCameraInfo
02-20 19:27:33.904  1365  1365 I CameraService: CameraService::connect call (PID -1 "cameraserver", camera ID 0) for HAL version default and Camera API version 1
02-20 19:27:33.904  1365  1365 E CameraService: getCameraPriorityFromProcState: Received invalid process state -1 from ActivityManagerService!
02-20 19:27:33.904  1365  1365 V EmulatedCamera_Camera: getCameraInfo
02-20 19:27:33.904  1365  1365 V EmulatedCamera_BaseCamera: getCameraInfo
02-20 19:27:33.908  1636  1702 I Telecom : : Sending phone-account registered intent as user: TSI.rPA@AAg
02-20 19:27:33.908  1914  1914 I Telephony: AccountEntry: Registered phoneAccount: [[ ] PhoneAccount: ComponentInfo{com.android.phone/com.android.services.telephony.TelephonyConnectionService}, [e0184adedf913b076626646d3f52c3b49c39ad6d], UserHandle{0} Capabilities: CallProvider MultiUser PlaceEmerg SimSub  Schemes: tel voicemail  Extras: null GroupId: [da39a3ee5e6b4b0d3255bfef95601890afd80709]] with handle: ComponentInfo{com.android.phone/com.android.services.telephony.TelephonyConnectionService}, [e0184adedf913b076626646d3f52c3b49c39ad6d], UserHandle{0}
02-20 19:27:33.908  1914  1914 I Telephony: PstnIncomingCallNotifier: Registering: Handler (com.android.internal.telephony.GsmCdmaPhone) {6f34ace}
02-20 19:27:33.908  2147  2147 V Launcher: LauncherAppState inited
02-20 19:27:33.909  1372  2179 E WVMExtractor: Failed to open libwvm.so: dlopen failed: library "libwvm.so" not found
02-20 19:27:33.917  1914  1914 D CAT     : CatService: handleMessage[20]
02-20 19:27:33.917  1914  1914 D GsmCdmaPhone: [GsmCdmaPhone] updateCurrentCarrierInProvider: mSubId = -2 currentDds = 1 operatorNumeric = 310260
02-20 19:27:33.917  1914  1914 D IccCardProxy: operator=310260 mPhoneId=0
02-20 19:27:33.917  1914  1914 D TelephonyManager: setTelephonyProperty: success phoneId=0 property=gsm.sim.operator.numeric value: 310260 propVal=310260
02-20 19:27:33.918  1914  1914 D TelephonyManager: setTelephonyProperty: success phoneId=0 property=gsm.sim.operator.iso-country value: us propVal=us
02-20 19:27:33.918  1914  1930 D SubscriptionController: [getActiveSubInfoList] Sub Controller not ready
02-20 19:27:33.918  1914  1914 D IccCardProxy: Sending intent ACTION_INTERNAL_SIM_STATE_CHANGED for mPhoneId : 0
02-20 19:27:33.919  1372  2178 D NuPlayerDriver: notifyListener_l(0xef492420), (1, 0, 0), loop setting(0, 0)
02-20 19:27:33.919  1914  1914 D SST     : EVENT_SIM_RECORDS_LOADED: what=16
02-20 19:27:33.919  1914  1914 D GsmCdmaPhone: [GsmCdmaPhone] updatePhoneObject: radioTechnology=0
02-20 19:27:33.919  1914  1914 D SST     : getOtasp: otasp not needed for GSM
02-20 19:27:33.919  1914  1914 D SST     : updateOtaspState: call notifyOtaspChanged old otaspMode=0 new otaspMode=3
02-20 19:27:33.920  1914  1914 D SIMRecords: [SIMRecords] getServiceProviderName: no brandOverride, providerName=Android
02-20 19:27:33.920  1914  1914 D SIMRecords: [SIMRecords] getServiceProviderName: no brandOverride, providerName=Android
02-20 19:27:33.920  1914  1914 D SST     : updateSpnDisplay: changed sending intent rule=1 showPlmn='false' plmn='Android' showSpn='true' spn='Android' dataSpn='Android' subId='-2'
02-20 19:27:33.924  1914  2116 D SubscriptionController: [getActiveSubInfoList] Sub Controller not ready
02-20 19:27:33.926  1372  2180 D NuPlayerDriver: notifyListener_l(0xef492660), (1, 0, 0), loop setting(0, 0)
02-20 19:27:33.928  1914  1930 D SubscriptionController: [getActiveSubInfoList] Sub Controller not ready
02-20 19:27:33.932  1372  2185 D NuPlayerDriver: notifyListener_l(0xef4926c0), (1, 0, 0), loop setting(0, 0)
02-20 19:27:33.933  1365  1365 I CameraFlashlight: Opening camera 0
02-20 19:27:33.933  1365  1365 V EmulatedCamera_Camera: getCameraInfo
02-20 19:27:33.933  1365  1365 V EmulatedCamera_BaseCamera: getCameraInfo
02-20 19:27:33.933  1365  1365 V EmulatedCamera_Camera: connectCamera
02-20 19:27:33.933  1365  1365 V EmulatedCamera_FakeDevice: connectDevice
02-20 19:27:33.933  1365  1365 V EmulatedCamera_CallbackNotifier: setCallbacks: 0xf2b26e80, 0xf2b26ed0, 0xf2b26ff0, 0xf2b27110 (0xf2643320)
02-20 19:27:33.933  1365  1365 V EmulatedCamera_CallbackNotifier: enableMessage: msg_type = 0xc0d
02-20 19:27:33.933  1365  1365 V EmulatedCamera_CallbackNotifier:     CAMERA_MSG_ERROR
02-20 19:27:33.933  1365  1365 V EmulatedCamera_CallbackNotifier:     CAMERA_MSG_FOCUS
02-20 19:27:33.933  1365  1365 V EmulatedCamera_CallbackNotifier:     CAMERA_MSG_ZOOM
02-20 19:27:33.933  1365  1365 V EmulatedCamera_CallbackNotifier:     CAMERA_MSG_PREVIEW_METADATA
02-20 19:27:33.933  1365  1365 V EmulatedCamera_CallbackNotifier: **** Currently enabled messages:
02-20 19:27:33.933  1365  1365 V EmulatedCamera_CallbackNotifier:     CAMERA_MSG_ERROR
02-20 19:27:33.933  1365  1365 V EmulatedCamera_CallbackNotifier:     CAMERA_MSG_FOCUS
02-20 19:27:33.933  1365  1365 V EmulatedCamera_CallbackNotifier:     CAMERA_MSG_ZOOM
02-20 19:27:33.933  1365  1365 V EmulatedCamera_CallbackNotifier:     CAMERA_MSG_PREVIEW_METADATA
02-20 19:27:33.933  1365  1365 V EmulatedCamera_CallbackNotifier: disableMessage: msg_type = 0xffff
02-20 19:27:33.933  1365  1365 V EmulatedCamera_CallbackNotifier:     CAMERA_MSG_ERROR
02-20 19:27:33.933  1365  1365 V EmulatedCamera_CallbackNotifier:     CAMERA_MSG_SHUTTER
02-20 19:27:33.933  1365  1365 V EmulatedCamera_CallbackNotifier:     CAMERA_MSG_FOCUS
02-20 19:27:33.933  1365  1365 V EmulatedCamera_CallbackNotifier:     CAMERA_MSG_ZOOM
02-20 19:27:33.933  1365  1365 V EmulatedCamera_CallbackNotifier:     CAMERA_MSG_PREVIEW_FRAME
02-20 19:27:33.933  1365  1365 V EmulatedCamera_CallbackNotifier:     CAMERA_MSG_VIDEO_FRAME
02-20 19:27:33.933  1365  1365 V EmulatedCamera_CallbackNotifier:     CAMERA_MSG_POSTVIEW_FRAME
02-20 19:27:33.933  1365  1365 V EmulatedCamera_CallbackNotifier:     CAMERA_MSG_RAW_IMAGE
02-20 19:27:33.933  1365  1365 V EmulatedCamera_CallbackNotifier:     CAMERA_MSG_COMPRESSED_IMAGE
02-20 19:27:33.933  1365  1365 V EmulatedCamera_CallbackNotifier:     CAMERA_MSG_RAW_IMAGE_NOTIFY
02-20 19:27:33.933  1365  1365 V EmulatedCamera_CallbackNotifier:     CAMERA_MSG_PREVIEW_METADATA
02-20 19:27:33.933  1365  1365 V EmulatedCamera_CallbackNotifier: **** Currently enabled messages:
02-20 19:27:33.933  1365  1365 V EmulatedCamera_Preview: setPreviewWindow: current: 0x0 -> new: 0x0
02-20 19:27:33.933  1365  1365 V EmulatedCamera_Camera: doStopPreview
02-20 19:27:33.934  1365  1365 V EmulatedCamera_Camera: cancelPicture
02-20 19:27:33.934  1365  1365 V EmulatedCamera_Camera: releaseCamera
02-20 19:27:33.934  1365  1365 V EmulatedCamera_Camera: doStopPreview
02-20 19:27:33.934  1365  1365 V EmulatedCamera_FakeDevice: disconnectDevice
02-20 19:27:33.934  1365  1365 W EmulatedCamera_Device: Initialize: Emulated camera device is already initialized: mState = 1
02-20 19:27:33.934  1365  1365 D EmulatedCamera_FakeCamera: Initialize: Fake camera is facing back
02-20 19:27:33.934  1365  1365 V EmulatedCamera_Device: initializeWhiteBalanceModes with auto, 1.000000, 1.000000
02-20 19:27:33.934  1365  1365 V EmulatedCamera_Device: initializeWhiteBalanceModes with incandescent, 1.380000, 0.600000
02-20 19:27:33.934  1365  1365 V EmulatedCamera_Device: initializeWhiteBalanceModes with daylight, 1.090000, 0.920000
02-20 19:27:33.934  1365  1365 V EmulatedCamera_Device: initializeWhiteBalanceModes with twilight, 0.920000, 1.220000
02-20 19:27:33.934  1365  1365 V EmulatedCamera_Device: setWhiteBalanceMode with white balance auto
02-20 19:27:33.934  1365  1365 I CameraFlashlight: Destroying camera 0
02-20 19:27:33.934  1365  1365 V EmulatedCamera_Camera: closeCamera
02-20 19:27:33.934  1365  1365 V EmulatedCamera_Camera: doStopPreview
02-20 19:27:33.934  1365  1365 W EmulatedCamera_Device: Initialize: Emulated camera device is already initialized: mState = 1
02-20 19:27:33.934  1365  1365 D EmulatedCamera_FakeCamera: Initialize: Fake camera is facing back
02-20 19:27:33.934  1365  1365 V EmulatedCamera_Device: initializeWhiteBalanceModes with auto, 1.000000, 1.000000
02-20 19:27:33.934  1365  1365 V EmulatedCamera_Device: initializeWhiteBalanceModes with incandescent, 1.380000, 0.600000
02-20 19:27:33.934  1365  1365 V EmulatedCamera_Device: initializeWhiteBalanceModes with daylight, 1.090000, 0.920000
02-20 19:27:33.934  1365  1365 V EmulatedCamera_Device: initializeWhiteBalanceModes with twilight, 0.920000, 1.220000
02-20 19:27:33.934  1365  1365 V EmulatedCamera_Device: setWhiteBalanceMode with white balance auto
02-20 19:27:33.934  1365  1365 I CameraService: disconnect: Disconnected client for camera 0 for PID 1365
02-20 19:27:33.934  1372  1814 D NuPlayerDriver: reset(0xef492420) at state 4
02-20 19:27:33.934  1372  1814 D NuPlayerDriver: notifyListener_l(0xef492420), (8, 0, 0), loop setting(0, 0)
02-20 19:27:33.934  1372  2178 D NuPlayerDriver: notifyResetComplete(0xef492420)
02-20 19:27:33.935  1372  1372 D NuPlayerDriver: reset(0xef492660) at state 4
02-20 19:27:33.935  1372  1372 D NuPlayerDriver: notifyListener_l(0xef492660), (8, 0, 0), loop setting(0, 0)
02-20 19:27:33.935  1372  2180 D NuPlayerDriver: notifyResetComplete(0xef492660)
02-20 19:27:33.936  1372  1397 D NuPlayerDriver: reset(0xef4926c0) at state 4
02-20 19:27:33.936  1372  1397 D NuPlayerDriver: notifyListener_l(0xef4926c0), (8, 0, 0), loop setting(0, 0)
02-20 19:27:33.936  1372  2185 D NuPlayerDriver: notifyResetComplete(0xef4926c0)
02-20 19:27:33.936  1365  1745 V EmulatedCamera_Camera: getCameraInfo
02-20 19:27:33.936  1365  1745 V EmulatedCamera_BaseCamera: getCameraInfo
02-20 19:27:33.936  1365  1365 V EmulatedCamera_Camera: getCameraInfo
02-20 19:27:33.936  1365  1365 V EmulatedCamera_BaseCamera: getCameraInfo
02-20 19:27:33.941  1764  1764 I StatusBar: isKeyguardShowing() called before startKeyguard(), returning true
02-20 19:27:33.942  1764  1764 W StatusBar: isKeyguardSecure() called before startKeyguard(), returning false
02-20 19:27:33.942  1764  1764 W StatusBar: java.lang.Throwable
02-20 19:27:33.942  1764  1764 W StatusBar: 	at com.android.systemui.statusbar.BaseStatusBar.isKeyguardSecure(BaseStatusBar.java:2647)
02-20 19:27:33.942  1764  1764 W StatusBar: 	at com.android.systemui.statusbar.BaseStatusBar.isCameraAllowedByAdmin(BaseStatusBar.java:2670)
02-20 19:27:33.942  1764  1764 W StatusBar: 	at com.android.systemui.statusbar.phone.KeyguardBottomAreaView.updateCameraVisibility(KeyguardBottomAreaView.java:309)
02-20 19:27:33.942  1764  1764 W StatusBar: 	at com.android.systemui.statusbar.phone.KeyguardBottomAreaView.setPhoneStatusBar(KeyguardBottomAreaView.java:272)
02-20 19:27:33.942  1764  1764 W StatusBar: 	at com.android.systemui.statusbar.phone.PhoneStatusBar.makeStatusBarView(PhoneStatusBar.java:904)
02-20 19:27:33.942  1764  1764 W StatusBar: 	at com.android.systemui.statusbar.phone.PhoneStatusBar.addStatusBarWindow(PhoneStatusBar.java:3432)
02-20 19:27:33.942  1764  1764 W StatusBar: 	at com.android.systemui.statusbar.phone.PhoneStatusBar.createAndAddWindows(PhoneStatusBar.java:3428)
02-20 19:27:33.942  1764  1764 W StatusBar: 	at com.android.systemui.statusbar.BaseStatusBar.start(BaseStatusBar.java:765)
02-20 19:27:33.942  1764  1764 W StatusBar: 	at com.android.systemui.statusbar.phone.PhoneStatusBar.start(PhoneStatusBar.java:686)
02-20 19:27:33.942  1764  1764 W StatusBar: 	at com.android.systemui.statusbar.SystemBars.createStatusBarFromConfig(SystemBars.java:106)
02-20 19:27:33.942  1764  1764 W StatusBar: 	at com.android.systemui.statusbar.SystemBars.onNoService(SystemBars.java:58)
02-20 19:27:33.942  1764  1764 W StatusBar: 	at com.android.systemui.statusbar.ServiceMonitor.startService(ServiceMonitor.java:230)
02-20 19:27:33.942  1764  1764 W StatusBar: 	at com.android.systemui.statusbar.ServiceMonitor.-wrap5(ServiceMonitor.java)
02-20 19:27:33.942  1764  1764 W StatusBar: 	at com.android.systemui.statusbar.ServiceMonitor$1.handleMessage(ServiceMonitor.java:73)
02-20 19:27:33.942  1764  1764 W StatusBar: 	at android.os.Handler.dispatchMessage(Handler.java:102)
02-20 19:27:33.942  1764  1764 W StatusBar: 	at android.os.Looper.loop(Looper.java:154)
02-20 19:27:33.942  1764  1764 W StatusBar: 	at android.app.ActivityThread.main(ActivityThread.java:6119)
02-20 19:27:33.942  1764  1764 W StatusBar: 	at java.lang.reflect.Method.invoke(Native Method)
02-20 19:27:33.942  1764  1764 W StatusBar: 	at com.android.internal.os.ZygoteInit$MethodAndArgsCaller.run(ZygoteInit.java:886)
02-20 19:27:33.942  1764  1764 W StatusBar: 	at com.android.internal.os.ZygoteInit.main(ZygoteInit.java:776)
02-20 19:27:33.942  1764  1764 I StatusBar: isKeyguardShowing() called before startKeyguard(), returning true
02-20 19:27:33.942  1764  1764 W StatusBar: isKeyguardSecure() called before startKeyguard(), returning false
02-20 19:27:33.942  1764  1764 W StatusBar: java.lang.Throwable
02-20 19:27:33.942  1764  1764 W StatusBar: 	at com.android.systemui.statusbar.BaseStatusBar.isKeyguardSecure(BaseStatusBar.java:2647)
02-20 19:27:33.942  1764  1764 W StatusBar: 	at com.android.systemui.statusbar.BaseStatusBar.isCameraAllowedByAdmin(BaseStatusBar.java:2670)
02-20 19:27:33.942  1764  1764 W StatusBar: 	at com.android.systemui.statusbar.phone.KeyguardBottomAreaView.updateCameraVisibility(KeyguardBottomAreaView.java:309)
02-20 19:27:33.942  1764  1764 W StatusBar: 	at com.android.systemui.statusbar.phone.KeyguardBottomAreaView.setUserSetupComplete(KeyguardBottomAreaView.java:281)
02-20 19:27:33.942  1764  1764 W StatusBar: 	at com.android.systemui.statusbar.phone.PhoneStatusBar.makeStatusBarView(PhoneStatusBar.java:905)
02-20 19:27:33.942  1764  1764 W StatusBar: 	at com.android.systemui.statusbar.phone.PhoneStatusBar.addStatusBarWindow(PhoneStatusBar.java:3432)
02-20 19:27:33.942  1764  1764 W StatusBar: 	at com.android.systemui.statusbar.phone.PhoneStatusBar.createAndAddWindows(PhoneStatusBar.java:3428)
02-20 19:27:33.942  1764  1764 W StatusBar: 	at com.android.systemui.statusbar.BaseStatusBar.start(BaseStatusBar.java:765)
02-20 19:27:33.942  1764  1764 W StatusBar: 	at com.android.systemui.statusbar.phone.PhoneStatusBar.start(PhoneStatusBar.java:686)
02-20 19:27:33.942  1764  1764 W StatusBar: 	at com.android.systemui.statusbar.SystemBars.createStatusBarFromConfig(SystemBars.java:106)
02-20 19:27:33.942  1764  1764 W StatusBar: 	at com.android.systemui.statusbar.SystemBars.onNoService(SystemBars.java:58)
02-20 19:27:33.942  1764  1764 W StatusBar: 	at com.android.systemui.statusbar.ServiceMonitor.startService(ServiceMonitor.java:230)
02-20 19:27:33.942  1764  1764 W StatusBar: 	at com.android.systemui.statusbar.ServiceMonitor.-wrap5(ServiceMonitor.java)
02-20 19:27:33.942  1764  1764 W StatusBar: 	at com.android.systemui.statusbar.ServiceMonitor$1.handleMessage(ServiceMonitor.java:73)
02-20 19:27:33.942  1764  1764 W StatusBar: 	at android.os.Handler.dispatchMessage(Handler.java:102)
02-20 19:27:33.942  1764  1764 W StatusBar: 	at android.os.Looper.loop(Looper.java:154)
02-20 19:27:33.942  1764  1764 W StatusBar: 	at android.app.ActivityThread.main(ActivityThread.java:6119)
02-20 19:27:33.942  1764  1764 W StatusBar: 	at java.lang.reflect.Method.invoke(Native Method)
02-20 19:27:33.942  1764  1764 W StatusBar: 	at com.android.internal.os.ZygoteInit$MethodAndArgsCaller.run(ZygoteInit.java:886)
02-20 19:27:33.942  1764  1764 W StatusBar: 	at com.android.internal.os.ZygoteInit.main(ZygoteInit.java:776)
02-20 19:27:33.953  1914  2188 D SubscriptionController: [getPhoneId] asked for default subId=-1
02-20 19:27:33.960  1365  1745 V EmulatedCamera_Camera: getCameraInfo
02-20 19:27:33.960  1365  1745 V EmulatedCamera_BaseCamera: getCameraInfo
02-20 19:27:33.961  1365  1365 V EmulatedCamera_Camera: getCameraInfo
02-20 19:27:33.961  1365  1365 V EmulatedCamera_BaseCamera: getCameraInfo
02-20 19:27:33.962  1636  1690 W WindowManager: Keyguard drawn timeout. Setting mKeyguardDrawComplete
02-20 19:27:33.964  1914  1914 D SubscriptionController: [setPlmnSpn] No valid subscription to store info
02-20 19:27:33.964  1914  1914 D SubscriptionController: notifySubscriptionInfoChanged:
02-20 19:27:33.965  1636  1636 I GnssLocationProvider: WakeLock acquired by sendMessage(12, 0, null)
02-20 19:27:33.965  1914  1930 D SubscriptionController: [getActiveSubInfoList] Sub Controller not ready
02-20 19:27:33.968  1914  1914 E PhoneInterfaceManager: [PhoneIntfMgr] getIccId: No UICC
02-20 19:27:33.992  1764  1764 I StatusBar: isKeyguardShowing() called before startKeyguard(), returning true
02-20 19:27:33.992  1764  1764 W StatusBar: isKeyguardSecure() called before startKeyguard(), returning false
02-20 19:27:33.992  1764  1764 W StatusBar: java.lang.Throwable
02-20 19:27:33.992  1764  1764 W StatusBar: 	at com.android.systemui.statusbar.BaseStatusBar.isKeyguardSecure(BaseStatusBar.java:2647)
02-20 19:27:33.992  1764  1764 W StatusBar: 	at com.android.systemui.statusbar.BaseStatusBar.isCameraAllowedByAdmin(BaseStatusBar.java:2670)
02-20 19:27:33.992  1764  1764 W StatusBar: 	at com.android.systemui.statusbar.phone.KeyguardBottomAreaView.updateCameraVisibility(KeyguardBottomAreaView.java:309)
02-20 19:27:33.992  1764  1764 W StatusBar: 	at com.android.systemui.statusbar.phone.KeyguardBottomAreaView.setUserSetupComplete(KeyguardBottomAreaView.java:281)
02-20 19:27:33.992  1764  1764 W StatusBar: 	at com.android.systemui.statusbar.phone.PhoneStatusBar$1.onChange(PhoneStatusBar.java:441)
02-20 19:27:33.992  1764  1764 W StatusBar: 	at com.android.systemui.statusbar.phone.PhoneStatusBar.resetUserSetupObserver(PhoneStatusBar.java:3676)
02-20 19:27:33.992  1764  1764 W StatusBar: 	at com.android.systemui.statusbar.phone.PhoneStatusBar.makeStatusBarView(PhoneStatusBar.java:1008)
02-20 19:27:33.992  1764  1764 W StatusBar: 	at com.android.systemui.statusbar.phone.PhoneStatusBar.addStatusBarWindow(PhoneStatusBar.java:3432)
02-20 19:27:33.992  1764  1764 W StatusBar: 	at com.android.systemui.statusbar.phone.PhoneStatusBar.createAndAddWindows(PhoneStatusBar.java:3428)
02-20 19:27:33.992  1764  1764 W StatusBar: 	at com.android.systemui.statusbar.BaseStatusBar.start(BaseStatusBar.java:765)
02-20 19:27:33.992  1764  1764 W StatusBar: 	at com.android.systemui.statusbar.phone.PhoneStatusBar.start(PhoneStatusBar.java:686)
02-20 19:27:33.992  1764  1764 W StatusBar: 	at com.android.systemui.statusbar.SystemBars.createStatusBarFromConfig(SystemBars.java:106)
02-20 19:27:33.992  1764  1764 W StatusBar: 	at com.android.systemui.statusbar.SystemBars.onNoService(SystemBars.java:58)
02-20 19:27:33.992  1764  1764 W StatusBar: 	at com.android.systemui.statusbar.ServiceMonitor.startService(ServiceMonitor.java:230)
02-20 19:27:33.992  1764  1764 W StatusBar: 	at com.android.systemui.statusbar.ServiceMonitor.-wrap5(ServiceMonitor.java)
02-20 19:27:33.992  1764  1764 W StatusBar: 	at com.android.systemui.statusbar.ServiceMonitor$1.handleMessage(ServiceMonitor.java:73)
02-20 19:27:33.992  1764  1764 W StatusBar: 	at android.os.Handler.dispatchMessage(Handler.java:102)
02-20 19:27:33.992  1764  1764 W StatusBar: 	at android.os.Looper.loop(Looper.java:154)
02-20 19:27:33.992  1764  1764 W StatusBar: 	at android.app.ActivityThread.main(ActivityThread.java:6119)
02-20 19:27:33.992  1764  1764 W StatusBar: 	at java.lang.reflect.Method.invoke(Native Method)
02-20 19:27:33.992  1764  1764 W StatusBar: 	at com.android.internal.os.ZygoteInit$MethodAndArgsCaller.run(ZygoteInit.java:886)
02-20 19:27:33.992  1764  1764 W StatusBar: 	at com.android.internal.os.ZygoteInit.main(ZygoteInit.java:776)
02-20 19:27:33.993  1764  2018 D OpenGLRenderer: profile bars disabled
02-20 19:27:33.993  1764  2018 D OpenGLRenderer: ambientRatio = 1.50
02-20 19:27:33.999  1764  1764 D PhoneStatusBar: disable: < EXPAND* icons alerts system_info BACK* HOME* RECENT* clock SEARCH* quick_settings >
02-20 19:27:34.008  1636  2041 I Telecom : PhoneAccountRegistrar: [ComponentInfo{com.android.phone/com.android.services.telephony.TelephonyConnectionService}, [e0184adedf913b076626646d3f52c3b49c39ad6d], UserHandle{0}(icon: Icon(typ=BITMAP size=76x96) -> Icon(typ=BITMAP size=76x96))]: TSI.rPA@AAw
02-20 19:27:34.009  1636  2041 I Telecom : : Sending phone-account registered intent as user: TSI.rPA@AAw
02-20 19:27:34.009  1914  1914 D GsmCdmaPhone: [GsmCdmaPhone] phoneObjectUpdater: newVoiceRadioTech=0
02-20 19:27:34.009  1914  1914 D GsmCdmaPhone: [GsmCdmaPhone] phoneObjectUpdater: volteReplacementRat=0
02-20 19:27:34.009  1914  1914 E GsmCdmaPhone: [GsmCdmaPhone] phoneObjectUpdater: newVoiceRadioTech=0 doesn't match either CDMA or GSM - error! No phone change
02-20 19:27:34.009  1914  1914 D SubscriptionInfoUpdater: [Receiver]+
02-20 19:27:34.009  1914  1914 D SubscriptionInfoUpdater: Action: android.intent.action.internal_sim_state_changed
02-20 19:27:34.009  1914  1914 D SubscriptionInfoUpdater: slotId: 0
02-20 19:27:34.009  1914  1914 D SubscriptionInfoUpdater: simStatus: LOADED
02-20 19:27:34.009  1914  1914 D SubscriptionInfoUpdater: [Receiver]-
02-20 19:27:34.009  1914  1914 D SST     : SubscriptionListener.onSubscriptionInfoChanged
02-20 19:27:34.009  1914  1914 D DCT     : [0]SubscriptionListener.onSubscriptionInfoChanged
02-20 19:27:34.010  1914  1914 D SubscriptionController: [getActiveSubInfoList] Sub Controller not ready
02-20 19:27:34.010  1914  1914 D SubscriptionController: [getActiveSubInfoList] Sub Controller not ready
02-20 19:27:34.010  1914  1914 I Telephony: PstnIncomingCallNotifier: Unregistering: Handler (com.android.internal.telephony.GsmCdmaPhone) {6f34ace}
02-20 19:27:34.010  1914  1914 E PhoneInterfaceManager: [PhoneIntfMgr] getIccId: No UICC
02-20 19:27:34.012  1636  1702 I Telecom : PhoneAccountRegistrar: [ComponentInfo{com.android.phone/com.android.services.telephony.TelephonyConnectionService}, [e0184adedf913b076626646d3f52c3b49c39ad6d], UserHandle{0}(icon: Icon(typ=BITMAP size=76x96) -> Icon(typ=BITMAP size=76x96))]: TSI.rPA@AA0
02-20 19:27:34.014  1636  1702 I Telecom : : Sending phone-account registered intent as user: TSI.rPA@AA0
02-20 19:27:34.016  1914  1914 I Telephony: AccountEntry: Registered phoneAccount: [[ ] PhoneAccount: ComponentInfo{com.android.phone/com.android.services.telephony.TelephonyConnectionService}, [e0184adedf913b076626646d3f52c3b49c39ad6d], UserHandle{0} Capabilities: CallProvider MultiUser PlaceEmerg SimSub  Schemes: tel voicemail  Extras: null GroupId: [da39a3ee5e6b4b0d3255bfef95601890afd80709]] with handle: ComponentInfo{com.android.phone/com.android.services.telephony.TelephonyConnectionService}, [e0184adedf913b076626646d3f52c3b49c39ad6d], UserHandle{0}
02-20 19:27:34.016  1914  1914 I Telephony: PstnIncomingCallNotifier: Registering: Handler (com.android.internal.telephony.GsmCdmaPhone) {6f34ace}
02-20 19:27:34.020  1914  1914 D SubscriptionInfoUpdater: handleSimStateLoadedInternal: slotId: 0
02-20 19:27:34.020  1914  1914 D SubscriptionInfoUpdater: All IccIds query complete
02-20 19:27:34.020  1914  1914 D SubscriptionInfoUpdater: updateSubscriptionInfoByIccId:+ Start
02-20 19:27:34.020  1914  1914 D SubscriptionController: [clearSubInfo]- no simInfo size=0
02-20 19:27:34.020  1914  1914 D SubscriptionInfoUpdater: insertedSimCount = 1
02-20 19:27:34.020  1914  1914 D SubscriptionController: [getSubInfoUsingSlotIdWithCheck]+ slotId:0
02-20 19:27:34.024  1914  1914 D SubscriptionController: [getPhoneId]- no sims, returning default phoneId=2147483647
02-20 19:27:34.029  1914  1914 D SubscriptionController: [getPhoneId]- no sims, returning default phoneId=2147483647
02-20 19:27:34.031  1914  1914 D SubscriptionController: [getPhoneId]- no sims, returning default phoneId=2147483647
02-20 19:27:34.031  1914  1914 D SubscriptionController: [getSubInfoUsingSlotId]- null info return
02-20 19:27:34.031  1914  1914 D SubscriptionInfoUpdater: updateSubscriptionInfoByIccId: oldSubId = 1
02-20 19:27:34.031  1914  1914 D SubscriptionInfoUpdater: updateSubscriptionInfoByIccId: oldIccId[0] = 89014103211118510720, sIccId[0] = 89014103211118510720
02-20 19:27:34.031  1914  1914 D SubscriptionController: [addSubInfoRecord]+ iccId:89014103211118510720 slotId:0
02-20 19:27:34.045  1914  1914 D SubscriptionController: [getActiveSubInfoList] Sub Controller not ready
02-20 19:27:34.047  1914  1914 D SubscriptionController: [addSubInfoRecord] Record already exists
02-20 19:27:34.064  1636  2069 I am_proc_start: [0,2194,10014,com.google.process.gapps,content provider,com.google.android.gsf/.gservices.GservicesProvider]
02-20 19:27:34.064  1636  2069 I ActivityManager: Start proc 2194:com.google.process.gapps/u0a14 for content provider com.google.android.gsf/.gservices.GservicesProvider
02-20 19:27:34.065  2194  2194 W art     : Unexpected CPU variant for X86 using defaults: x86_64
02-20 19:27:34.079  1636  1938 I am_proc_bound: [0,2194,com.google.process.gapps]
02-20 19:27:34.088  1914  1914 D SubscriptionController: [addSubInfoRecord] sSlotIdxToSubId.size=1 slotId=0 subId=1 defaultSubId=1 simCount=1
02-20 19:27:34.088  1914  1914 D SubscriptionController: [setDefaultFallbackSubId] subId=1
02-20 19:27:34.088  1914  1914 D SubscriptionController: [setDefaultFallbackSubId] set mDefaultFallbackSubId=1
02-20 19:27:34.089  1914  1914 D MccTable: updateMccMncConfiguration mccmnc='310260' fromServiceState=false
02-20 19:27:34.089  1914  1914 D MccTable: updateMccMncConfiguration defaultMccMnc=310260
02-20 19:27:34.089  1914  1914 D MccTable: updateMccMncConfiguration: mcc=310, mnc=260
02-20 19:27:34.089  1914  1914 D MccTable: updateMccMncConfiguration updateConfig config={1.0 310mcc260mnc ?localeList ?layoutDir ?swdp ?wdp ?hdp ?density ?lsize ?long ?orien ?uimode ?night ?touch ?keyb/?/? ?nav/?}
02-20 19:27:34.099  1914  1914 D SubscriptionController: [setDefaultFallbackSubId] broadcast default subId changed phoneId=0 subId=1
02-20 19:27:34.101  1914  2116 D RILJ    : [3736]> RIL_REQUEST_GET_CELL_INFO_LIST [SUB0]
02-20 19:27:34.102  1374  1519 D RIL     : onRequest: GET_CELL_INFO_LIST
02-20 19:27:34.102  1374  1519 D RILC    : responseCellInfoList: v12
02-20 19:27:34.102  1914  1990 D RILJ    : [3736]< RIL_REQUEST_GET_CELL_INFO_LIST [CellInfoGsm:{mRegistered=YES mTimeStampType=modem mTimeStamp=10219643344ns CellIdentityGsm:{ mMcc=310 mMnc=260 mLac=3 mCid=91 mArfcn=10 mBsic=0x0} CellSignalStrengthGsm: ss=1383219640 ber=29981 mTa=1384103036}] [SUB0]
02-20 19:27:34.103  1914  1914 D SubscriptionController: [addSubInfoRecord] one sim set defaults to subId=1
02-20 19:27:34.103  1914  1914 D SubscriptionController: [setDefaultDataSubId] num phones=1, subId=1
02-20 19:27:34.104  1914  1914 D SubscriptionController: [setDefaultDataSubId] phoneId=0 subId=1 RAF=1
02-20 19:27:34.104  1914  1914 D ProxyController: setRadioCapability: Already in requested configuration, nothing to do.
02-20 19:27:34.104  1914  1914 D SubscriptionController: [updateAllDataConnectionTrackers] sPhones.length=1
02-20 19:27:34.104  1914  1914 D SubscriptionController: [updateAllDataConnectionTrackers] phoneId=0
02-20 19:27:34.104  1914  1914 D DCT     : [0]update sub = 1
02-20 19:27:34.104  1914  1914 D DCT     : [0]update(): Active DDS, register for all events now!
02-20 19:27:34.104  1914  1914 D DCT     : [0]New records found.
02-20 19:27:34.104  1914  1914 D SST     : mDeviceShuttingDown=false, mDesiredPowerState=true, getRadioState=RADIO_ON, mPowerOffDelayNeed=true, mAlarmSwitch=false, mRadioDisabledByCarrier=false
02-20 19:27:34.104  1764  1764 D PhoneStatusBar: heads up is enabled
02-20 19:27:34.106  1914  1914 D GsmCdmaPhone: [GsmCdmaPhone] updateCurrentCarrierInProvider: mSubId = 1 currentDds = 1 operatorNumeric = 310260
02-20 19:27:34.140  1914  1914 D SubscriptionController: [broadcastDefaultDataSubIdChanged] subId=1
02-20 19:27:34.143  1914  1914 D SubscriptionController: [setDefaultSmsSubId] subId=1
02-20 19:27:34.144  1914  1914 D SubscriptionController: [broadcastDefaultSmsSubIdChanged] subId=1
02-20 19:27:34.146  1914  1914 D SubscriptionController: [setDefaultVoiceSubId] subId=1
02-20 19:27:34.146  1914  1914 D SubscriptionController: [broadcastDefaultVoiceSubIdChanged] subId=1
02-20 19:27:34.148  1914  1914 D SubscriptionController: [addSubInfoRecord] hashmap(0,1)
02-20 19:27:34.157  1636  1649 I art     : Background partial concurrent mark sweep GC freed 25479(1958KB) AllocSpace objects, 20(7MB) LOS objects, 20% free, 15MB/19MB, paused 2.020ms total 135.587ms
02-20 19:27:34.159  1914  1914 D SubscriptionController: [addSubInfoRecord] sim name = Android
02-20 19:27:34.159  1914  1914 D DCT     : [0]update sub = 1
02-20 19:27:34.159  1914  1914 D DCT     : [0]update(): Active DDS, register for all events now!
02-20 19:27:34.159  1914  1914 D GsmCdmaPhone: [GsmCdmaPhone] updateCurrentCarrierInProvider: mSubId = 1 currentDds = 1 operatorNumeric = 310260
02-20 19:27:34.161  1636  2073 I BackupManagerService: Found stale backup journal, scheduling
02-20 19:27:34.163  1503  1503 E hostapd : Using interface wlan1 with hwaddr 02:00:00:00:01:00 and ssid "AndroidWifi"
02-20 19:27:34.165  1503  1503 I hostapd : wlan1: interface state HT_SCAN->ENABLED
02-20 19:27:34.165  1503  1503 I hostapd : wlan1: AP-ENABLED 
02-20 19:27:34.175  1914  1914 D SubscriptionController: [addSubInfoRecord]- info size=1
02-20 19:27:34.175  1914  1914 D SubscriptionInfoUpdater: newSim = false
02-20 19:27:34.175  1914  1914 D SubscriptionInfoUpdater: updateSubscriptionInfoByIccId: sInsertSimState[0] = 0
02-20 19:27:34.178  1914  1914 D SubscriptionInfoUpdater: updateSubscriptionInfoByIccId: nSubCount = 1
02-20 19:27:34.178  1914  1914 D SubscriptionController: [setDefaultDataSubId] num phones=1, subId=1
02-20 19:27:34.178  1914  1914 D SubscriptionController: [setDefaultDataSubId] phoneId=0 subId=1 RAF=1
02-20 19:27:34.178  1914  1914 D ProxyController: setRadioCapability: Already in requested configuration, nothing to do.
02-20 19:27:34.178  1914  1914 D SubscriptionController: [updateAllDataConnectionTrackers] sPhones.length=1
02-20 19:27:34.178  1914  1914 D SubscriptionController: [updateAllDataConnectionTrackers] phoneId=0
02-20 19:27:34.178  1914  1914 D DCT     : [0]update sub = 1
02-20 19:27:34.178  1914  1914 D DCT     : [0]update(): Active DDS, register for all events now!
02-20 19:27:34.178  1914  1914 D GsmCdmaPhone: [GsmCdmaPhone] updateCurrentCarrierInProvider: mSubId = 1 currentDds = 1 operatorNumeric = 310260
02-20 19:27:34.186  2194  2194 I art     : Starting a blocking GC AddRemoveAppImageSpace
02-20 19:27:34.194  2194  2194 W System  : ClassLoader referenced unknown path: /system/priv-app/GoogleServicesFramework/lib/x86_64
02-20 19:27:34.197  1312  1359 D gralloc_ranchu: gralloc_alloc: Creating ashmem region of size 15945728
02-20 19:27:34.199  2117  2117 W System  : ClassLoader referenced unknown path: /system/app/PrebuiltDeskClockGoogle/lib/x86_64
02-20 19:27:34.232  1914  1914 D SubscriptionController: [broadcastDefaultDataSubIdChanged] subId=1
02-20 19:27:34.235  1914  1914 D SubscriptionController: notifySubscriptionInfoChanged:
02-20 19:27:34.236  1914  1929 D SubscriptionMonitor: Phone[0] subId changed -2->1, 1 registrants
02-20 19:27:34.236  1914  1929 D SubscriptionMonitor: mDefaultDataSubId = 1, 1 registrants
02-20 19:27:34.236  1636  1636 I GnssLocationProvider: WakeLock acquired by sendMessage(12, 0, null)
02-20 19:27:34.240  1914  1914 D SubscriptionInfoUpdater: updateSubscriptionInfoByIccId:- SsubscriptionInfo update complete
02-20 19:27:34.240  1914  1914 D MccTable: updateMccMncConfiguration mccmnc='310260' fromServiceState=false
02-20 19:27:34.240  1914  1914 D MccTable: updateMccMncConfiguration defaultMccMnc=310260
02-20 19:27:34.240  1914  1914 D MccTable: updateMccMncConfiguration: mcc=310, mnc=260
02-20 19:27:34.240  1914  1914 D MccTable: updateMccMncConfiguration updateConfig config={1.0 310mcc260mnc ?localeList ?layoutDir ?swdp ?wdp ?hdp ?density ?lsize ?long ?orien ?uimode ?night ?touch ?keyb/?/? ?nav/?}
02-20 19:27:34.246  2227  2227 W art     : Unexpected CPU variant for X86 using defaults: x86
02-20 19:27:34.248  1636  1702 I am_proc_start: [0,2227,10029,com.google.android.googlequicksearchbox:search,service,com.google.android.googlequicksearchbox/com.google.android.apps.gsa.nowoverlayservice.DrawerOverlayService]
02-20 19:27:34.249  1636  1702 I ActivityManager: Start proc 2227:com.google.android.googlequicksearchbox:search/u0a29 for service com.google.android.googlequicksearchbox/com.google.android.apps.gsa.nowoverlayservice.DrawerOverlayService
02-20 19:27:34.251  1914  1914 D SubscriptionController: [setMccMnc]+ mcc/mnc:310/260 subId:1
02-20 19:27:34.281  2147  2191 V GridSizeMigrationTask: Workspace migration completed in 84
02-20 19:27:34.281  2147  2191 D Launcher.Model: loadWorkspace: loading default favorites
02-20 19:27:34.297  1914  1928 I art     : Background sticky concurrent mark sweep GC freed 34911(2MB) AllocSpace objects, 24(532KB) LOS objects, 30% free, 9MB/13MB, paused 203us total 150.437ms
02-20 19:27:34.301  1914  1914 D SubscriptionController: notifySubscriptionInfoChanged:
02-20 19:27:34.301  2194  2194 I GservicesProvider: Gservices pushing to system: true; secure/global: true
02-20 19:27:34.302  1636  1636 I GnssLocationProvider: WakeLock acquired by sendMessage(12, 0, null)
02-20 19:27:34.303  1636  2222 I am_proc_bound: [0,2227,com.google.android.googlequicksearchbox:search]
02-20 19:27:34.325  1636  2226 V KeyguardServiceDelegate: **** SHOWN CALLED ****
02-20 19:27:34.327  1764  1764 W KeyguardUpdateMonitor: invalid subId in handleSimStateChange()
02-20 19:27:34.330  1312  1359 D gralloc_ranchu: gralloc_alloc: Creating ashmem region of size 17051648
02-20 19:27:34.342  2147  2147 I am_on_resume_called: [0,com.google.android.apps.nexuslauncher.NexusLauncherActivity,LAUNCH_ACTIVITY]
02-20 19:27:34.347  1312  1993 E SurfaceFlinger: ro.sf.lcd_density must be defined as a build property
02-20 19:27:34.368  1636  1954 I am_proc_start: [0,2246,1000,com.android.keychain,service,com.android.keychain/.KeyChainService]
02-20 19:27:34.368  1636  1954 I ActivityManager: Start proc 2246:com.android.keychain/1000 for service com.android.keychain/.KeyChainService
02-20 19:27:34.371  1636  1738 I dvm_lock_sample: [system_server,1,ConditionProviders.ECP,62,ActivityManagerService.java,10435,-,6669,12]
02-20 19:27:34.385  2147  2147 D         : HostConnection::get() New Host Connection established 0x702e20c71300, tid 2147
02-20 19:27:34.388  2246  2246 W art     : Unexpected CPU variant for X86 using defaults: x86_64
02-20 19:27:34.412  1636  2222 I dvm_lock_sample: [system_server,1,Binder:1636_7,25,ActivityManagerService.java,6904,-,21741,5]
02-20 19:27:34.421  2147  2147 I am_on_paused_called: [0,com.google.android.apps.nexuslauncher.NexusLauncherActivity,handleRelaunchActivity]
02-20 19:27:34.423  1636  1656 I am_proc_bound: [0,2246,com.android.keychain]
02-20 19:27:34.424  2147  2147 I am_on_stop_called: [0,com.google.android.apps.nexuslauncher.NexusLauncherActivity,destroy]
