02-20 20:15:45.026  1916  1916 D TelephonyManager: setTelephonyProperty: success phoneId=0 property=gsm.sim.state value: NOT_READY propVal=NOT_READY
02-20 20:15:45.026  1916  1916 D IccCardProxy: broadcastIccStateChangedIntent intent ACTION_SIM_STATE_CHANGED value=NOT_READY reason=null for mPhoneId=0
02-20 20:15:45.039  1663  1692 I am_proc_start: [0,2018,10004,com.android.cellbroadcastreceiver,broadcast,com.android.cellbroadcastreceiver/.CellBroadcastReceiver]
02-20 20:15:45.039  1663  1692 I ActivityManager: Start proc 2018:com.android.cellbroadcastreceiver/u0a4 for broadcast com.android.cellbroadcastreceiver/.CellBroadcastReceiver
02-20 20:15:45.039  1916  1916 D RILJ    : setPhoneType=1 old value=0 [SUB0]
02-20 20:15:45.040  1916  1916 D TelephonyManager: setTelephonyProperty: success phoneId=0 property=gsm.current.phone-type value: 1 propVal=1
02-20 20:15:45.040  1916  1916 D IccCardProxy: Setting radio tech UMTS
02-20 20:15:45.040  1916  1916 D IccCardProxy: updateQuietMode: 3GPP subscription -> newQuietMode=false
02-20 20:15:45.040  1916  1916 D IccCardProxy: updateQuietMode: no changes don't setExternalState
02-20 20:15:45.040  1916  1916 D IccCardProxy: updateQuietMode: QuietMode is false (app_type=1 cdmaSource=-1)
02-20 20:15:45.041  1369  2000 I OMXMaster: makeComponentInstance(OMX.google.vorbis.decoder) in mediacodec process
02-20 20:15:45.051  1916  1916 W CarrierConfigManager: Error getting config for subId -1 ICarrierConfigLoader is null
02-20 20:15:45.051  1663  1687 D TelephonyRegistry: listen oscl: hasNotifySubscriptionInfoChangedOccurred==false no callback
02-20 20:15:45.062  2018  2018 W art     : Unexpected CPU variant for X86 using defaults: x86_64
02-20 20:15:45.066  1916  1916 D TelephonyManager: setTelephonyProperty: success phoneId=0 property=gsm.network.type value: Unknown propVal=Unknown
02-20 20:15:45.066  1916  1916 D RILJ    : [3654]> SIGNAL_STRENGTH [SUB0]
02-20 20:15:45.066  1374  1482 D RIL     : onRequest: SIGNAL_STRENGTH
02-20 20:15:45.066  1916  1996 D RilRequest: [3654]< SIGNAL_STRENGTH error: com.android.internal.telephony.CommandException: RADIO_NOT_AVAILABLE ret=
02-20 20:15:45.067  1916  1916 D SST     : notifyDataRegStateRilRadioTechnologyChanged: drs=1 rat=0
02-20 20:15:45.067  1916  1916 D TelephonyManager: setTelephonyProperty: success phoneId=0 property=gsm.network.type value: Unknown propVal=Unknown
02-20 20:15:45.073  1916  1916 D DCT     : [0]DCT.constructor
02-20 20:15:45.115  1663  1980 I am_proc_bound: [0,2018,com.android.cellbroadcastreceiver]
02-20 20:15:45.117  1663  1984 D TelephonyRegistry: listen oscl: hasNotifySubscriptionInfoChangedOccurred==false no callback
02-20 20:15:45.117  1663  1692 I boot_progress_enable_screen: 11117
02-20 20:15:45.125  1663  1699 I am_activity_launch_time: [0,264920727,com.android.settings/.FallbackHome,712,712]
02-20 20:15:45.125  1663  1699 I ActivityManager: Displayed com.android.settings/.FallbackHome: +712ms
02-20 20:15:45.126  1663  1692 V KeyguardServiceDelegate: *** Keyguard started
02-20 20:15:45.126  1663  1692 I screen_toggled: 1
02-20 20:15:45.128  1312  1325 I SurfaceFlinger: Boot is finished (9369 ms)
02-20 20:15:45.128  1312  1325 I sf_stop_bootanim: 11128
02-20 20:15:45.129  1663  1692 W KeyguardServiceDelegate: onScreenTurningOn(): no keyguard service!
02-20 20:15:45.130  1916  1916 D Dcc     : E ctor
02-20 20:15:45.130  1916  1916 D Dcc     : X ctor
02-20 20:15:45.132  1663  1676 I art     : Background sticky concurrent mark sweep GC freed 42933(3MB) AllocSpace objects, 10(232KB) LOS objects, 7% free, 22MB/24MB, paused 5.482ms total 168.541ms
02-20 20:15:45.133  1916  1916 D SubscriptionController: [getPhoneId] asked for default subId=-1
02-20 20:15:45.137  1916  2039 D DcTesterDeacativateAll: register for intent action=com.android.internal.telephony.dataconnection.action_deactivate_all
02-20 20:15:45.137  1916  2039 D DcTesterDeacativateAll: register for intent action=com.android.internal.telephony.action_detached
02-20 20:15:45.138  1916  1916 D DcTesterFailBrinupAll: register for intent action=com.android.internal.telephony.dataconnection.action_fail_bringup
02-20 20:15:45.138  1916  1916 D DcTesterFailBrinupAll: register for intent action=com.android.internal.telephony.action_detached
02-20 20:15:45.138  1916  1916 D DcTesterFailBrinupAll: register for intent action=com.android.internal.telephony.action_attached
02-20 20:15:45.138  1916  2039 D Dcc     : DccDefaultState: msg.what=EVENT_RIL_CONNECTED mRilVersion=12
02-20 20:15:45.139  1916  1916 D SST     : notifyDataRegStateRilRadioTechnologyChanged: drs=1 rat=0
02-20 20:15:45.139  1916  1916 D TelephonyManager: setTelephonyProperty: success phoneId=0 property=gsm.network.type value: Unknown propVal=Unknown
02-20 20:15:45.139  1916  1916 D DCT     : [0]update sub = -2
02-20 20:15:45.139  1916  1916 D DCT     : [0]update(): Active DDS, register for all events now!
02-20 20:15:45.139  1916  1916 D GsmCdmaPhone: [GsmCdmaPhone] updateCurrentCarrierInProvider: mSubId = -2 currentDds = 1 operatorNumeric = null
02-20 20:15:45.142  1372  1895 I MediaPlayerService: MediaPlayerService::getOMX
02-20 20:15:45.206     0     0 I init    : Service 'bootanim' (pid 1334) exited with status 0
02-20 20:15:45.208     0     0 I init    : Starting service 'exec 6 (/system/bin/bootstat)'...
02-20 20:15:45.250     0     0 I init    : Service 'exec 6 (/system/bin/bootstat)' (pid 2046) exited with status 0
02-20 20:15:45.251     0     0 I init    : Starting service 'exec 7 (/system/bin/bootstat)'...
02-20 20:15:45.269     0     0 I init    : Service 'exec 7 (/system/bin/bootstat)' (pid 2048) exited with status 0
02-20 20:15:45.269     0     0 I init    : Starting service 'exec 8 (/system/bin/bootstat)'...
02-20 20:15:45.330     0     0 I init    : Service 'exec 8 (/system/bin/bootstat)' (pid 2052) exited with status 0
02-20 20:15:45.332     0     0 I init    : Starting service 'exec 9 (/system/bin/bootstat)'...
02-20 20:15:45.213  2046  2046 I auditd  : type=1400 audit(0.0:11): avc: denied { getattr } for comm="bootstat" path="/vendor" dev="rootfs" ino=4008 scontext=u:r:bootstat:s0 tcontext=u:object_r:rootfs:s0 tclass=lnk_file permissive=0
02-20 20:15:45.213  2046  2046 W bootstat: type=1400 audit(0.0:11): avc: denied { getattr } for path="/vendor" dev="rootfs" ino=4008 scontext=u:r:bootstat:s0 tcontext=u:object_r:rootfs:s0 tclass=lnk_file permissive=0
02-20 20:15:45.253  2048  2048 I auditd  : type=1400 audit(0.0:12): avc: denied { getattr } for comm="bootstat" path="/vendor" dev="rootfs" ino=4008 scontext=u:r:bootstat:s0 tcontext=u:object_r:rootfs:s0 tclass=lnk_file permissive=0
02-20 20:15:45.253  2048  2048 W bootstat: type=1400 audit(0.0:12): avc: denied { getattr } for path="/vendor" dev="rootfs" ino=4008 scontext=u:r:bootstat:s0 tcontext=u:object_r:rootfs:s0 tclass=lnk_file permissive=0
02-20 20:15:45.354     0     0 I init    : Service 'exec 9 (/system/bin/bootstat)' (pid 2059) exited with status 0
02-20 20:15:45.283  2052  2052 I auditd  : type=1400 audit(0.0:13): avc: denied { getattr } for comm="bootstat" path="/vendor" dev="rootfs" ino=4008 scontext=u:r:bootstat:s0 tcontext=u:object_r:rootfs:s0 tclass=lnk_file permissive=0
02-20 20:15:45.283  2052  2052 W bootstat: type=1400 audit(0.0:13): avc: denied { getattr } for path="/vendor" dev="rootfs" ino=4008 scontext=u:r:bootstat:s0 tcontext=u:object_r:rootfs:s0 tclass=lnk_file permissive=0
02-20 20:15:45.323  2059  2059 I auditd  : type=1400 audit(0.0:14): avc: denied { getattr } for comm="bootstat" path="/vendor" dev="rootfs" ino=4008 scontext=u:r:bootstat:s0 tcontext=u:object_r:rootfs:s0 tclass=lnk_file permissive=0
02-20 20:15:45.323  2059  2059 W bootstat: type=1400 audit(0.0:14): avc: denied { getattr } for path="/vendor" dev="rootfs" ino=4008 scontext=u:r:bootstat:s0 tcontext=u:object_r:rootfs:s0 tclass=lnk_file permissive=0
02-20 20:15:45.421     0     0 I init    : write_file: Unable to open '/sys/class/android_usb/android0/enable': No such file or directory
02-20 20:15:45.423     0     0 I init    : write_file: Unable to open '/sys/class/android_usb/android0/idVendor': No such file or directory
02-20 20:15:45.423     0     0 I init    : write_file: Unable to open '/sys/class/android_usb/android0/idProduct': No such file or directory
02-20 20:15:45.424     0     0 I init    : write_file: Unable to open '/sys/class/android_usb/android0/functions': No such file or directory
02-20 20:15:45.426     0     0 I init    : write_file: Unable to open '/sys/class/android_usb/android0/enable': No such file or directory
02-20 20:15:45.142  1916  1916 D DCT     : [0]initApnContexts: E
02-20 20:15:45.142  1763  2038 I OMXClient: MuxOMX ctor
02-20 20:15:45.142  1916  1916 D DCT     : [0]initApnContexts: skipping unknown type=1
02-20 20:15:45.142  1369  1832 I OMXMaster: makeComponentInstance(OMX.google.vorbis.decoder) in mediacodec process
02-20 20:15:45.142  1916  1916 D DCT     : [0]initApnContexts: apnContext={mApnType=default mState=IDLE mWaitingApns={null} mApnSetting={null} mReason=dataEnabled mDataEnabled=false mDependencyMet=true}
02-20 20:15:45.143  1916  1916 D DCT     : [0]initApnContexts: apnContext={mApnType=mms mState=IDLE mWaitingApns={null} mApnSetting={null} mReason=dataEnabled mDataEnabled=false mDependencyMet=true}
02-20 20:15:45.143  1916  1916 D DCT     : [0]initApnContexts: apnContext={mApnType=supl mState=IDLE mWaitingApns={null} mApnSetting={null} mReason=dataEnabled mDataEnabled=false mDependencyMet=true}
02-20 20:15:45.143  1916  1916 D DCT     : [0]initApnContexts: apnContext={mApnType=hipri mState=IDLE mWaitingApns={null} mApnSetting={null} mReason=dataEnabled mDataEnabled=false mDependencyMet=true}
02-20 20:15:45.143  1916  1916 D DCT     : [0]initApnContexts: apnContext={mApnType=fota mState=IDLE mWaitingApns={null} mApnSetting={null} mReason=dataEnabled mDataEnabled=false mDependencyMet=true}
02-20 20:15:45.143  1916  1916 D DCT     : [0]initApnContexts: apnContext={mApnType=ims mState=IDLE mWaitingApns={null} mApnSetting={null} mReason=dataEnabled mDataEnabled=false mDependencyMet=true}
02-20 20:15:45.143  1916  1916 D DCT     : [0]initApnContexts: apnContext={mApnType=cbs mState=IDLE mWaitingApns={null} mApnSetting={null} mReason=dataEnabled mDataEnabled=false mDependencyMet=true}
02-20 20:15:45.143  1916  1916 D DCT     : [0]initApnContexts: skipping unknown type=13
02-20 20:15:45.143  1916  1916 D DCT     : [0]initApnContexts: apnContext={mApnType=ia mState=IDLE mWaitingApns={null} mApnSetting={null} mReason=dataEnabled mDataEnabled=false mDependencyMet=true}
02-20 20:15:45.143  1916  1916 D DCT     : [0]initApnContexts: apnContext={mApnType=emergency mState=IDLE mWaitingApns={null} mApnSetting={null} mReason=dataEnabled mDataEnabled=false mDependencyMet=true}
02-20 20:15:45.154  1372  1834 I MediaPlayerService: MediaPlayerService::getOMX
02-20 20:15:45.163  1663  2040 I OMXClient: MuxOMX ctor
02-20 20:15:45.163  1916  1916 D GsmCdmaPhone: [GsmCdmaPhone] GsmCdmaPhone: constructor: sub = 0
02-20 20:15:45.163  1916  1916 I PhoneFactory: Creating Phone with type = 1 sub = 0
02-20 20:15:45.164  1916  1916 I PhoneFactory: defaultSmsApplication: NONE
02-20 20:15:45.165  1916  1916 I PhoneFactory: Creating SubInfoRecordUpdater 
02-20 20:15:45.165  1916  1916 D SubscriptionInfoUpdater: Constructor invoked
02-20 20:15:45.185  1369  2003 I OMXMaster: makeComponentInstance(OMX.google.vorbis.decoder) in mediacodec process
02-20 20:15:45.227  1663  2037 D TelephonyRegistry: listen oscl: hasNotifySubscriptionInfoChangedOccurred==false no callback
02-20 20:15:45.231  1916  1916 D SubscriptionController: [getPhoneId]- no sims, returning default phoneId=2147483647
02-20 20:15:45.232  1663  1688 D TelephonyRegistry: listen oscl: hasNotifySubscriptionInfoChangedOccurred==false no callback
02-20 20:15:45.233  1916  1916 D PhoneSwitcherNetworkRequstListener: Registering NetworkFactory
02-20 20:15:45.233  1663  1739 D ConnectivityService: Got NetworkFactory Messenger for PhoneSwitcherNetworkRequstListener
02-20 20:15:45.233  1372  1964 I MediaPlayerService: MediaPlayerService::getOMX
02-20 20:15:45.234  1663  2047 I OMXClient: MuxOMX ctor
02-20 20:15:45.234  1369  2000 I OMXMaster: makeComponentInstance(OMX.google.vorbis.decoder) in mediacodec process
02-20 20:15:45.236  1663  2037 I StatusBarManagerService: registerStatusBar bar=com.android.internal.statusbar.IStatusBar$Stub$Proxy@b0e3b84
02-20 20:15:45.237  2046  2046 I bootstat: Service started: /system/bin/bootstat --record_boot_complete 
02-20 20:15:45.239  2046  2046 I bootstat: Logging histogram: bootstat_mtime_matches_content 1
02-20 20:15:45.240  2046  2046 I sysui_histogram: [bootstat_mtime_matches_content,1]
02-20 20:15:45.240  2046  2046 I bootstat: Logging histogram: bootstat_mtime_matches_content 1
02-20 20:15:45.240  2046  2046 I sysui_histogram: [bootstat_mtime_matches_content,1]
02-20 20:15:45.240  2046  2046 I bootstat: Logging histogram: bootstat_mtime_matches_content 1
02-20 20:15:45.240  2046  2046 I sysui_histogram: [bootstat_mtime_matches_content,1]
02-20 20:15:45.245  1312  1312 I sf_frame_dur: [BootAnimation,0,18,174,6,2,0,0]
02-20 20:15:45.245  1916  1916 D PhoneSwitcher: PhoneSwitcher started
02-20 20:15:45.245  1916  1916 D ProxyController: Constructor - Enter
02-20 20:15:45.252  1916  1916 D ProxyController: clearTransaction
02-20 20:15:45.252  1916  1916 D ProxyController: clearTransaction: phoneId=0 status=IDLE
02-20 20:15:45.252  1916  1916 D ProxyController: Constructor - Exit
02-20 20:15:45.252  1916  1916 D TelephonyNetworkFactory[0]: Registering NetworkFactory
02-20 20:15:45.253  1663  1739 D ConnectivityService: Got NetworkFactory Messenger for TelephonyNetworkFactory[0]
02-20 20:15:45.255  1916  1916 D CallManager: registerPhone(GSM Handler (com.android.internal.telephony.GsmCdmaPhone) {b650e1a})
02-20 20:15:45.257  1663  1787 D TelephonyRegistry: listen oscl: hasNotifySubscriptionInfoChangedOccurred==false no callback
02-20 20:15:45.266  1916  1916 D CarrierConfigLoader: CarrierConfigLoader has started
02-20 20:15:45.267  1916  1916 E BluetoothAdapter: Bluetooth binder is null
02-20 20:15:45.268  1663  1787 D TelephonyRegistry: listen oscl: hasNotifySubscriptionInfoChangedOccurred==false no callback
02-20 20:15:45.268  2048  2048 I bootstat: Service started: /system/bin/bootstat --record_boot_reason 
02-20 20:15:45.268  2048  2048 I bootstat: Unknown boot reason: 
02-20 20:15:45.289  1663  1745 E ActivityThread: Failed to find provider info for com.android.calendar
02-20 20:15:45.293  1372  1834 I MediaPlayerService: MediaPlayerService::getOMX
02-20 20:15:45.294  1663  2054 I OMXClient: MuxOMX ctor
02-20 20:15:45.294  1916  1916 D RILJ    : [3655]> RIL_REQUEST_SET_TTY_MODE : 0 [SUB0]
02-20 20:15:45.295  1374  1482 D RIL     : onRequest: SET_TTY_MODE
02-20 20:15:45.295  1916  1996 D RilRequest: [3655]< RIL_REQUEST_SET_TTY_MODE error: com.android.internal.telephony.CommandException: RADIO_NOT_AVAILABLE ret=
02-20 20:15:45.296  1916  1916 I Telephony: TtyManager: updateUiTtyMode -1 -> 0
02-20 20:15:45.296  1369  1381 I OMXMaster: makeComponentInstance(OMX.google.vorbis.decoder) in mediacodec process
02-20 20:15:45.301  1663  1980 D TelephonyRegistry: listen oscl: hasNotifySubscriptionInfoChangedOccurred==false no callback
02-20 20:15:45.302  1916  1916 D SubscriptionController: [getPhoneId] asked for default subId=-1
02-20 20:15:45.311  2052  2052 I bootstat: Service started: /system/bin/bootstat --record_time_since_factory_reset 
02-20 20:15:45.311  2052  2052 I bootstat: Logging histogram: factory_reset_current_time 1519157745
02-20 20:15:45.311  2052  2052 I sysui_histogram: [factory_reset_current_time,1519157745]
02-20 20:15:45.312  2052  2052 I bootstat: Logging histogram: bootstat_mtime_matches_content 1
02-20 20:15:45.312  2052  2052 I sysui_histogram: [bootstat_mtime_matches_content,1]
02-20 20:15:45.312  2052  2052 I bootstat: Logging histogram: factory_reset_record_value 1519154248
02-20 20:15:45.312  2052  2052 I sysui_histogram: [factory_reset_record_value,1519154248]
02-20 20:15:45.313  1916  1916 D UiccController: EVENT_RADIO_UNAVAILABLE, dispose card
02-20 20:15:45.313  1916  1916 D UiccController: Received EVENT_ICC_STATUS_CHANGED, calling getIccCardStatus
02-20 20:15:45.313  1916  1916 D RILJ    : [3656]> GET_SIM_STATUS [SUB0]
02-20 20:15:45.313  1374  1482 D RIL     : onRequest: GET_SIM_STATUS
02-20 20:15:45.313  1374  1482 D RIL     : getSIMStatus(). sState: 0
02-20 20:15:45.314  1916  1996 D RILJ    : [3656]< GET_SIM_STATUS IccCardState {CARDSTATE_PRESENT,PINSTATE_UNKNOWN,num_apps=2,gsm_id=0{APPTYPE_SIM,APPSTATE_DETECTED},cdma_id=1{APPTYPE_RUIM,APPSTATE_DETECTED},ims_id=8} [SUB0]
02-20 20:15:45.314  1916  1916 D Phone   : config LCE service failed: com.android.internal.telephony.CommandException: RADIO_NOT_AVAILABLE
02-20 20:15:45.314  1916  1916 D GsmSMSDispatcher: GsmSMSDispatcher: subId = -2 slotId = 0
02-20 20:15:45.314  1916  1916 E IccCardProxy: setExternalState: !override and newstate unchanged from NOT_READY
02-20 20:15:45.314  1916  1916 D RILJ    : [3657]> BASEBAND_VERSION [SUB0]
02-20 20:15:45.314  1374  1482 D RIL     : onRequest: BASEBAND_VERSION
02-20 20:15:45.314  1916  1996 D RilRequest: [3657]< BASEBAND_VERSION error: com.android.internal.telephony.CommandException: RADIO_NOT_AVAILABLE ret=
02-20 20:15:45.315  1916  1916 D RILJ    : [3658]> GET_IMEI [SUB0]
02-20 20:15:45.315  1374  1482 D RIL     : onRequest: GET_IMEI
02-20 20:15:45.315  1374  1482 D AT      : AT> AT+CGSN
02-20 20:15:45.315  1916  1916 D RILJ    : [3659]> GET_IMEISV [SUB0]
02-20 20:15:45.315  1374  1485 D AT      : AT< 000000000000000
02-20 20:15:45.315  1374  1485 D AT      : AT< OK
02-20 20:15:45.315  1916  1996 D RILJ    : [3658]< GET_IMEI  [SUB0]
02-20 20:15:45.315  1374  1482 D RIL     : onRequest: GET_IMEISV
02-20 20:15:45.315  1916  1916 D RILJ    : [3660]> RIL_REQUEST_GET_RADIO_CAPABILITY [SUB0]
02-20 20:15:45.315  1916  1996 D RilRequest: [3659]< GET_IMEISV error: com.android.internal.telephony.CommandException: RADIO_NOT_AVAILABLE ret=
02-20 20:15:45.315  1374  1482 D RIL     : onRequest: RIL_REQUEST_GET_RADIO_CAPABILITY
02-20 20:15:45.316  1916  1916 D RILJ    : [3661]> RIL_REQUEST_START_LCE [SUB0]
02-20 20:15:45.316  1916  1996 D RilRequest: [3660]< RIL_REQUEST_GET_RADIO_CAPABILITY error: com.android.internal.telephony.CommandException: RADIO_NOT_AVAILABLE ret=
02-20 20:15:45.316  1374  1482 D RIL     : onRequest: <unknown request>
02-20 20:15:45.316  1916  1916 D GsmCdmaPhone: [GsmCdmaPhone] Event EVENT_RADIO_OFF_OR_NOT_AVAILABLE Received
02-20 20:15:45.316  1916  1916 E IccCardProxy: setExternalState: !override and newstate unchanged from NOT_READY
02-20 20:15:45.316  1916  1916 D SST     : mDeviceShuttingDown=false, mDesiredPowerState=true, getRadioState=RADIO_OFF, mPowerOffDelayNeed=true, mAlarmSwitch=false, mRadioDisabledByCarrier=false
02-20 20:15:45.316  1916  1996 D RilRequest: [3661]< RIL_REQUEST_START_LCE error: com.android.internal.telephony.CommandException: RADIO_NOT_AVAILABLE ret=
02-20 20:15:45.316  1916  1916 D RILJ    : [3662]> RADIO_POWER on [SUB0]
02-20 20:15:45.317  1916  1916 D RILJ    : [3663]> OPERATOR [SUB0]
02-20 20:15:45.317  1374  1482 D RIL     : onRequest: RADIO_POWER
02-20 20:15:45.317  1374  1482 D AT      : AT> AT+CFUN=1
02-20 20:15:45.317  1916  1916 D RILJ    : [3664]> DATA_REGISTRATION_STATE [SUB0]
02-20 20:15:45.317  1916  1916 D RILJ    : [3665]> VOICE_REGISTRATION_STATE [SUB0]
02-20 20:15:45.317  1916  1916 D RILJ    : [3666]> QUERY_NETWORK_SELECTION_MODE [SUB0]
02-20 20:15:45.317  1374  1485 D AT      : AT< OK
02-20 20:15:45.317  1374  1482 D RIL     : setRadioState(10)
02-20 20:15:45.317  1374  1482 D RIL     : onRequest: OPERATOR
02-20 20:15:45.317  1374  1482 D AT      : AT> AT+COPS=3,0;+COPS?;+COPS=3,1;+COPS?;+COPS=3,2;+COPS?
02-20 20:15:45.317  1374  1485 D AT      : AT< +COPS: 0,0,"Android"
02-20 20:15:45.317  1374  1485 D AT      : AT< +COPS: 0,1,"Android"
02-20 20:15:45.317  1374  1485 D AT      : AT< +COPS: 0,2,"310260"
02-20 20:15:45.317  1374  1485 D AT      : AT< OK
02-20 20:15:45.317  1374  1482 D RIL     : onRequest: DATA_REGISTRATION_STATE
02-20 20:15:45.317  1374  1482 D RIL     : requestRegistrationState
02-20 20:15:45.317  1374  1482 D AT      : AT> AT+CGREG?
02-20 20:15:45.318  1374  1485 D AT      : AT< +CGREG: 1,1,"0003","005b","000e"
02-20 20:15:45.318  1374  1485 D AT      : AT< OK
02-20 20:15:45.318  1374  1482 D RIL     : parseRegistrationState. Parsing: +CGREG: 1,1,"0003","005b","000e"
02-20 20:15:45.318  1374  1482 D RIL     : registration state type: 3GPP
02-20 20:15:45.318  1374  1482 D RIL     : onRequest: VOICE_REGISTRATION_STATE
02-20 20:15:45.318  1374  1482 D RIL     : requestRegistrationState
02-20 20:15:45.318  1374  1482 D AT      : AT> AT+CREG?
02-20 20:15:45.318  1916  1916 D SST     : NITZ: 18/02/20:20:15:39+0:0:Unknown!Unknown,4065 start=11318 delay=7253
02-20 20:15:45.318  1374  1485 D AT      : AT< +CREG: 2,1, "0003", "005b"
02-20 20:15:45.318  1374  1485 D AT      : AT< OK
02-20 20:15:45.318  1374  1482 D RIL     : parseRegistrationState. Parsing: +CREG: 2,1, "0003", "005b"
02-20 20:15:45.318  1374  1482 D RIL     : registration state type: 3GPP
02-20 20:15:45.318  1916  1916 D SST     : NITZ: tzOffset=0 dst=0 zone=GMT iso= mGotCountryCode=false mNeedFixZoneAfterNitz=false
02-20 20:15:45.318  1374  1482 D RIL     : onRequest: QUERY_NETWORK_SELECTION_MODE
02-20 20:15:45.318  1374  1482 D AT      : AT> AT+COPS?
02-20 20:15:45.318  1916  1916 D SST     : setAndBroadcastNetworkSetTimeZone: setTimeZone=GMT
02-20 20:15:45.318  1374  1485 D AT      : AT< +COPS: 0,2,310260
02-20 20:15:45.318  1374  1485 D AT      : AT< OK
02-20 20:15:45.318  1663  2037 D AlarmManagerService: Kernel timezone updated to 0 minutes west of GMT
02-20 20:15:45.319  1916  1916 D SST     : setAndBroadcastNetworkSetTimeZone: call alarm.setTimeZone and broadcast zoneId=GMT
02-20 20:15:45.328  1916  1996 D RILJ    : [UNSL]< UNSOL_RESPONSE_RADIO_STATE_CHANGED RADIO_ON [SUB0]
02-20 20:15:45.328  1916  1996 D RILJ    : [UNSL]< UNSOL_RESPONSE_SIM_STATUS_CHANGED [SUB0]
02-20 20:15:45.328  1916  1996 D RILJ    : [3662]< RADIO_POWER  [SUB0]
02-20 20:15:45.328  1916  1996 D RILJ    : [3663]< OPERATOR {Android, Android, 310260} [SUB0]
02-20 20:15:45.329  1916  1996 D RILJ    : [3664]< DATA_REGISTRATION_STATE {1, 3, 5b, 14, null, null} [SUB0]
02-20 20:15:45.329  1916  1996 D RILJ    : [3665]< VOICE_REGISTRATION_STATE {1, 3, 5b, 0, null, null, null, null, null, null, null, null, null, null, null} [SUB0]
02-20 20:15:45.329  1916  1996 D RILJ    : [3666]< QUERY_NETWORK_SELECTION_MODE {0} [SUB0]
02-20 20:15:45.346  2059  2059 I bootstat: Service started: /system/bin/bootstat -l 
02-20 20:15:45.346  2059  2059 I bootstat: Logging histogram: bootstat_mtime_matches_content 1
02-20 20:15:45.346  2059  2059 I sysui_histogram: [bootstat_mtime_matches_content,1]
02-20 20:15:45.346  2059  2059 I bootstat: Logging histogram: bootstat_mtime_matches_content 1
02-20 20:15:45.346  2059  2059 I sysui_histogram: [bootstat_mtime_matches_content,1]
02-20 20:15:45.346  2059  2059 I bootstat: Logging histogram: bootstat_mtime_matches_content 1
02-20 20:15:45.346  2059  2059 I sysui_histogram: [bootstat_mtime_matches_content,1]
02-20 20:15:45.346  2059  2059 I bootstat: Logging histogram: bootstat_mtime_matches_content 1
02-20 20:15:45.346  2059  2059 I sysui_histogram: [bootstat_mtime_matches_content,1]
02-20 20:15:45.347  1916  1916 D SST     : NITZ: Setting time of day to Tue Feb 20 20:15:46 GMT+00:00 2018 NITZ receive delay(ms): 7282 gained(ms): 935 from 18/02/20:20:15:39+0:0:Unknown!Unknown
02-20 20:15:45.347  1916  1916 D SST     : setAndBroadcastNetworkSetTime: time=1519157746282ms
02-20 20:15:45.347  1663  1787 D AlarmManagerService: Setting time of day to sec=1519157746
02-20 20:15:46.282  1663  1787 W AlarmManagerService: Unable to set rtc to 1519157746: No such device
02-20 20:15:46.283  2059  2059 I bootstat: Logging histogram: bootstat_mtime_matches_content 1
02-20 20:15:46.283  2059  2059 I sysui_histogram: [bootstat_mtime_matches_content,1]
02-20 20:15:46.287  2059  2059 I bootstat: Logging histogram: bootstat_mtime_matches_content 1
02-20 20:15:46.287  2059  2059 I sysui_histogram: [bootstat_mtime_matches_content,1]
02-20 20:15:46.287  2059  2059 I bootstat: Logging histogram: bootstat_mtime_matches_content 1
02-20 20:15:46.287  2059  2059 I sysui_histogram: [bootstat_mtime_matches_content,1]
02-20 20:15:46.287  2059  2059 I bootstat: Logging histogram: bootstat_mtime_matches_content 1
02-20 20:15:46.287  2059  2059 I sysui_histogram: [bootstat_mtime_matches_content,1]
02-20 20:15:46.287  2059  2059 I bootstat: Logging histogram: bootstat_mtime_matches_content 1
02-20 20:15:46.287  2059  2059 I sysui_histogram: [bootstat_mtime_matches_content,1]
02-20 20:15:46.287  2059  2059 I bootstat: Logging histogram: bootstat_mtime_matches_content 1
02-20 20:15:46.287  2059  2059 I sysui_histogram: [bootstat_mtime_matches_content,1]
02-20 20:15:46.287  2059  2059 I bootstat: Logging histogram: bootstat_mtime_matches_content 1
02-20 20:15:46.287  2059  2059 I sysui_histogram: [bootstat_mtime_matches_content,1]
02-20 20:15:46.288  2059  2059 I bootstat: Logging histogram: bootstat_mtime_matches_content 1
02-20 20:15:46.288  2059  2059 I sysui_histogram: [bootstat_mtime_matches_content,1]
02-20 20:15:46.288  2059  2059 I bootstat: Logging histogram: bootstat_mtime_matches_content 1
02-20 20:15:46.288  2059  2059 I sysui_histogram: [bootstat_mtime_matches_content,1]
02-20 20:15:46.288  2059  2059 I bootstat: Logging histogram: bootstat_mtime_matches_content 1
02-20 20:15:46.288  2059  2059 I sysui_histogram: [bootstat_mtime_matches_content,1]
02-20 20:15:46.288  2059  2059 I bootstat: Logging histogram: post_decrypt_time_elapsed 2
02-20 20:15:46.288  2059  2059 I sysui_histogram: [post_decrypt_time_elapsed,2]
02-20 20:15:46.288  2059  2059 I bootstat: Logging histogram: last_boot_time_utc 1519157745
02-20 20:15:46.288  2059  2059 I sysui_histogram: [last_boot_time_utc,1519157745]
02-20 20:15:46.288  2059  2059 I bootstat: Logging histogram: build_date 1513095943
02-20 20:15:46.288  2059  2059 I sysui_histogram: [build_date,1513095943]
02-20 20:15:46.288  2059  2059 I bootstat: Logging histogram: boot_decryption_complete 11
02-20 20:15:46.288  2059  2059 I sysui_histogram: [boot_decryption_complete,11]
02-20 20:15:46.288  2059  2059 I bootstat: Logging histogram: ota_boot_complete_post_decrypt 7
02-20 20:15:46.288  2059  2059 I sysui_histogram: [ota_boot_complete_post_decrypt,7]
02-20 20:15:46.288  2059  2059 I bootstat: Logging histogram: ota_boot_complete 9
02-20 20:15:46.288  2059  2059 I sysui_histogram: [ota_boot_complete,9]
02-20 20:15:46.288  2059  2059 I bootstat: Logging histogram: boot_reason 1
02-20 20:15:46.288  2059  2059 I sysui_histogram: [boot_reason,1]
02-20 20:15:46.288  2059  2059 I bootstat: Logging histogram: factory_reset_current_time 1519157745
02-20 20:15:46.288  2059  2059 I sysui_histogram: [factory_reset_current_time,1519157745]
02-20 20:15:46.288  2059  2059 I bootstat: Logging histogram: factory_reset 1519154248
02-20 20:15:46.288  2059  2059 I sysui_histogram: [factory_reset,1519154248]
02-20 20:15:46.288  2059  2059 I bootstat: Logging histogram: time_since_last_boot 68
02-20 20:15:46.288  2059  2059 I sysui_histogram: [time_since_last_boot,68]
02-20 20:15:46.288  2059  2059 I bootstat: Logging histogram: boot_complete_post_decrypt 9
02-20 20:15:46.288  2059  2059 I sysui_histogram: [boot_complete_post_decrypt,9]
02-20 20:15:46.288  2059  2059 I bootstat: Logging histogram: boot_complete 11
02-20 20:15:46.288  2059  2059 I sysui_histogram: [boot_complete,11]
02-20 20:15:46.288  2059  2059 I bootstat: Logging histogram: factory_reset_record_value 1519154248
02-20 20:15:46.288  2059  2059 I sysui_histogram: [factory_reset_record_value,1519154248]
02-20 20:15:46.288  2059  2059 I bootstat: Logging histogram: time_since_factory_reset 3497
02-20 20:15:46.288  2059  2059 I sysui_histogram: [time_since_factory_reset,3497]
02-20 20:15:46.289  1663  1663 D ConditionProviders.SCP: onReceive android.intent.action.TIME_SET
02-20 20:15:46.290  1663  1663 D ConditionProviders.SCP: notifyCondition condition://android/schedule?days=6.7&start=23.30&end=10.0&exitAtAlarm=false STATE_FALSE reason=!meetsSchedule
02-20 20:15:46.290  1663  1663 D ConditionProviders.SCP: notifyCondition condition://android/schedule?days=1.2.3.4.5&start=22.0&end=7.0&exitAtAlarm=false STATE_FALSE reason=!meetsSchedule
02-20 20:15:46.290  1663  1663 D ConditionProviders.SCP: Scheduling evaluate for Tue Feb 20 22:00:00 GMT+00:00 2018 (1519164000000), in +1h44m13s711ms, now=Tue Feb 20 20:15:46 GMT+00:00 2018 (1519157746289)
02-20 20:15:46.293  1916  1916 I SST     : NITZ: after Setting time of day
02-20 20:15:46.294  1916  1916 D SST     : NITZ: end=11359 dur=41
02-20 20:15:46.294  1916  1916 D SST     : onSignalStrengthResult() Exception from RIL : com.android.internal.telephony.CommandException: RADIO_NOT_AVAILABLE
02-20 20:15:46.295  1916  1916 D SST     : mDeviceShuttingDown=false, mDesiredPowerState=true, getRadioState=RADIO_ON, mPowerOffDelayNeed=true, mAlarmSwitch=false, mRadioDisabledByCarrier=false
02-20 20:15:46.296  1916  1916 D RILJ    : [3667]> OPERATOR [SUB0]
02-20 20:15:46.297  1916  1916 D RILJ    : [3668]> DATA_REGISTRATION_STATE [SUB0]
02-20 20:15:46.297  1374  1482 D RIL     : onRequest: OPERATOR
02-20 20:15:46.297  1374  1482 D AT      : AT> AT+COPS=3,0;+COPS?;+COPS=3,1;+COPS?;+COPS=3,2;+COPS?
02-20 20:15:46.297  1374  1485 D AT      : AT< +COPS: 0,0,"Android"
02-20 20:15:46.297  1374  1485 D AT      : AT< +COPS: 0,1,"Android"
02-20 20:15:46.297  1916  1916 D RILJ    : [3669]> VOICE_REGISTRATION_STATE [SUB0]
02-20 20:15:46.297  1374  1485 D AT      : AT< +COPS: 0,2,"310260"
02-20 20:15:46.297  1374  1485 D AT      : AT< OK
02-20 20:15:46.297  1916  1996 D RILJ    : [3667]< OPERATOR {Android, Android, 310260} [SUB0]
02-20 20:15:46.297  1374  1482 D RIL     : onRequest: DATA_REGISTRATION_STATE
02-20 20:15:46.297  1374  1482 D RIL     : requestRegistrationState
02-20 20:15:46.297  1374  1482 D AT      : AT> AT+CGREG?
02-20 20:15:46.297  1916  1916 D RILJ    : [3670]> QUERY_NETWORK_SELECTION_MODE [SUB0]
02-20 20:15:46.297  1374  1485 D AT      : AT< +CGREG: 1,1,"0003","005b","000e"
02-20 20:15:46.297  1374  1485 D AT      : AT< OK
02-20 20:15:46.300  1374  1482 D RIL     : parseRegistrationState. Parsing: +CGREG: 1,1,"0003","005b","000e"
02-20 20:15:46.300  1374  1482 D RIL     : registration state type: 3GPP
02-20 20:15:46.300  1374  1482 D RIL     : onRequest: VOICE_REGISTRATION_STATE
02-20 20:15:46.300  1374  1482 D RIL     : requestRegistrationState
02-20 20:15:46.300  1374  1482 D AT      : AT> AT+CREG?
02-20 20:15:46.301  1916  1996 D RILJ    : [3668]< DATA_REGISTRATION_STATE {1, 3, 5b, 14, null, null} [SUB0]
02-20 20:15:46.301  1374  1485 D AT      : AT< +CREG: 2,1, "0003", "005b"
02-20 20:15:46.301  1374  1485 D AT      : AT< OK
02-20 20:15:46.301  1916  1916 D DCT     : [0]NETWORK_STATE_CHANGED_ACTION: mIsWifiConnected=false
02-20 20:15:46.301  1916  1916 D DCT     : [0]Wifi state changed
02-20 20:15:46.301  1916  1916 D DCT     : [0]WIFI_STATE_CHANGED_ACTION: enabled=true mIsWifiConnected=false
02-20 20:15:46.301  1916  1916 D DCT     : [0]onRadioAvailable
02-20 20:15:46.301  1916  1916 D DCT     : [0]onRadioOffOrNotAvailable: is off and clean up all connections
02-20 20:15:46.301  1916  1916 D DCT     : [0]cleanUpAllConnections: tearDown=false reason=radioTurnedOff
02-20 20:15:46.301  1916  1916 D GsmCdmaPhone: [GsmCdmaPhone] getDataConnectionState apnType=default ret=DISCONNECTED
02-20 20:15:46.301  1374  1482 D RIL     : parseRegistrationState. Parsing: +CREG: 2,1, "0003", "005b"
02-20 20:15:46.301  1374  1482 D RIL     : registration state type: 3GPP
02-20 20:15:46.301  1374  1482 D RIL     : onRequest: QUERY_NETWORK_SELECTION_MODE
02-20 20:15:46.301  1374  1482 D AT      : AT> AT+COPS?
02-20 20:15:46.301  1916  1996 D RILJ    : [3669]< VOICE_REGISTRATION_STATE {1, 3, 5b, 0, null, null, null, null, null, null, null, null, null, null, null} [SUB0]
02-20 20:15:46.301  1374  1485 D AT      : AT< +COPS: 0,2,310260
02-20 20:15:46.301  1374  1485 D AT      : AT< OK
02-20 20:15:46.302  1916  1996 D RILJ    : [3670]< QUERY_NETWORK_SELECTION_MODE {0} [SUB0]
02-20 20:15:46.303  1916  1916 D DCT     : [0]cleanUpConnection: X tearDown=false reason=radioTurnedOff apnContext={mApnType=default mState=IDLE mWaitingApns={null} mApnSetting={null} mReason=radioTurnedOff mDataEnabled=false mDependencyMet=true} dcac=null
02-20 20:15:46.303  1916  1916 D GsmCdmaPhone: [GsmCdmaPhone] getDataConnectionState apnType=mms ret=DISCONNECTED
02-20 20:15:46.304  1916  1916 D DCT     : [0]cleanUpConnection: X tearDown=false reason=radioTurnedOff apnContext={mApnType=mms mState=IDLE mWaitingApns={null} mApnSetting={null} mReason=radioTurnedOff mDataEnabled=false mDependencyMet=true} dcac=null
02-20 20:15:46.304  1916  1916 D GsmCdmaPhone: [GsmCdmaPhone] getDataConnectionState apnType=cbs ret=DISCONNECTED
02-20 20:15:46.309  1663  1745 E ActivityThread: Failed to find provider info for com.android.calendar
02-20 20:15:46.311  1916  1916 D DCT     : [0]cleanUpConnection: X tearDown=false reason=radioTurnedOff apnContext={mApnType=cbs mState=IDLE mWaitingApns={null} mApnSetting={null} mReason=radioTurnedOff mDataEnabled=false mDependencyMet=true} dcac=null
02-20 20:15:46.311  1916  1916 D GsmCdmaPhone: [GsmCdmaPhone] getDataConnectionState apnType=fota ret=DISCONNECTED
02-20 20:15:46.312  1916  1916 D DCT     : [0]cleanUpConnection: X tearDown=false reason=radioTurnedOff apnContext={mApnType=fota mState=IDLE mWaitingApns={null} mApnSetting={null} mReason=radioTurnedOff mDataEnabled=false mDependencyMet=true} dcac=null
02-20 20:15:46.312  1916  1916 D GsmCdmaPhone: [GsmCdmaPhone] getDataConnectionState apnType=supl ret=DISCONNECTED
02-20 20:15:46.313  1916  1916 D DCT     : [0]cleanUpConnection: X tearDown=false reason=radioTurnedOff apnContext={mApnType=supl mState=IDLE mWaitingApns={null} mApnSetting={null} mReason=radioTurnedOff mDataEnabled=false mDependencyMet=true} dcac=null
02-20 20:15:46.313  1916  1916 D GsmCdmaPhone: [GsmCdmaPhone] getDataConnectionState apnType=ia ret=DISCONNECTED
02-20 20:15:46.314  1916  1916 D DCT     : [0]cleanUpConnection: X tearDown=false reason=radioTurnedOff apnContext={mApnType=ia mState=IDLE mWaitingApns={null} mApnSetting={null} mReason=radioTurnedOff mDataEnabled=false mDependencyMet=true} dcac=null
02-20 20:15:46.314  1916  1916 D GsmCdmaPhone: [GsmCdmaPhone] getDataConnectionState apnType=emergency ret=DISCONNECTED
02-20 20:15:46.314  1916  1916 D DCT     : [0]cleanUpConnection: X tearDown=false reason=radioTurnedOff apnContext={mApnType=emergency mState=IDLE mWaitingApns={null} mApnSetting={null} mReason=radioTurnedOff mDataEnabled=false mDependencyMet=true} dcac=null
02-20 20:15:46.314  1916  1916 D GsmCdmaPhone: [GsmCdmaPhone] getDataConnectionState apnType=hipri ret=DISCONNECTED
02-20 20:15:46.314  1916  1916 D DCT     : [0]cleanUpConnection: X tearDown=false reason=radioTurnedOff apnContext={mApnType=hipri mState=IDLE mWaitingApns={null} mApnSetting={null} mReason=radioTurnedOff mDataEnabled=false mDependencyMet=true} dcac=null
02-20 20:15:46.314  1916  1916 D GsmCdmaPhone: [GsmCdmaPhone] getDataConnectionState apnType=ims ret=DISCONNECTED
02-20 20:15:46.316  1916  1916 D DCT     : [0]cleanUpConnection: X tearDown=false reason=radioTurnedOff apnContext={mApnType=ims mState=IDLE mWaitingApns={null} mApnSetting={null} mReason=radioTurnedOff mDataEnabled=false mDependencyMet=true} dcac=null
02-20 20:15:46.316  1916  1916 D DCT     : [0]stopNetStatPoll
02-20 20:15:46.318  1916  1916 D DCT     : [0]cleanUpConnection: mDisconnectPendingCount = 0
02-20 20:15:46.318  1916  1916 D DCT     : [0]isDataAllowed: No - Not attached - SIM not loaded
02-20 20:15:46.322  1916  1916 D DCT     : [0]onDataConnectionDetached: stop polling and notify detached
02-20 20:15:46.322  1916  1916 D DCT     : [0]stopNetStatPoll
02-20 20:15:46.322  1916  1916 D DCT     : [0]notifyDataConnection: reason=dataDetached
02-20 20:15:46.322  1916  1916 D DCT     : [0]isDataAllowed: No - Not attached - SIM not loaded
02-20 20:15:46.328  1916  1916 D DCT     : [0]onRoamingOff
02-20 20:15:46.328  1916  1916 D DCT     : [0]isDataAllowed: No - Not attached - SIM not loaded
02-20 20:15:46.332  1916  1916 D DCT     : [0]setupDataOnConnectableApns: roamingOff hipri:[state=IDLE,enabled=false] mms:[state=IDLE,enabled=false] supl:[state=IDLE,enabled=false] ia:[state=IDLE,enabled=false] fota:[state=IDLE,enabled=false] ims:[state=IDLE,enabled=false] cbs:[state=IDLE,enabled=false] default:[state=IDLE,enabled=false] emergency:[state=IDLE,enabled=false] 
02-20 20:15:46.332  1916  1916 D DCT     : [0]setupDataOnConnectableApns: nwTypeChanged hipri:[state=IDLE,enabled=false] mms:[state=IDLE,enabled=false] supl:[state=IDLE,enabled=false] ia:[state=IDLE,enabled=false] fota:[state=IDLE,enabled=false] ims:[state=IDLE,enabled=false] cbs:[state=IDLE,enabled=false] default:[state=IDLE,enabled=false] emergency:[state=IDLE,enabled=false] 
02-20 20:15:46.332  1916  1916 D SubscriptionInfoUpdater: [Receiver]+
02-20 20:15:46.332  1916  1916 D SubscriptionInfoUpdater: Action: android.intent.action.SIM_STATE_CHANGED
02-20 20:15:46.332  1916  1916 D SubscriptionInfoUpdater: slotId: 0
02-20 20:15:46.332  1916  1916 D SubscriptionInfoUpdater: simStatus: NOT_READY
02-20 20:15:46.332  1916  1916 D SubscriptionInfoUpdater: Ignoring simStatus: NOT_READY
02-20 20:15:46.332  1916  1916 D SubscriptionInfoUpdater: [Receiver]-
02-20 20:15:46.332  1916  1916 D PhoneSwitcherNetworkRequstListener: got request NetworkRequest [ REQUEST id=1, [ Capabilities: INTERNET&NOT_RESTRICTED&TRUSTED&NOT_VPN] ] with score 0
02-20 20:15:46.332  1916  1916 D TelephonyNetworkFactory[0]: onSubIdChange -1->-2
02-20 20:15:46.332  1916  1916 D TelephonyNetworkFactory[0]: got request NetworkRequest [ REQUEST id=1, [ Capabilities: INTERNET&NOT_RESTRICTED&TRUSTED&NOT_VPN] ] with score 0
02-20 20:15:46.333  2018  2018 W System  : ClassLoader referenced unknown path: /system/priv-app/CellBroadcastReceiver/lib/x86_64
02-20 20:15:46.333  1916  1916 D DebugService: DebugService DebugService:
02-20 20:15:46.333  1916  1916 D TelephonyDebugService: TelephonyDebugService()
02-20 20:15:46.333  1916  1916 D CarrierConfigLoader: mHandler: 12 phoneId: 0
02-20 20:15:46.334  1916  1916 D RILJ    : [3671]> RIL_REQUEST_QUERY_TTY_MODE [SUB0]
02-20 20:15:46.334  1916  1916 D GsmSMSDispatcher: GsmSMSDispatcher: subId = -2 slotId = 0
02-20 20:15:46.334  1916  1916 E IccCardProxy: setExternalState: !override and newstate unchanged from NOT_READY
02-20 20:15:46.334  1916  1916 D UiccController: Received EVENT_GET_ICC_STATUS_DONE
02-20 20:15:46.334  1916  1916 D UiccCard: 2 applications
02-20 20:15:46.334  1916  1916 D UiccCardApplication: Creating UiccApp: {APPTYPE_SIM,APPSTATE_DETECTED}
02-20 20:15:46.334  1374  1482 D RIL     : onRequest: QUERY_TTY_MODE
02-20 20:15:46.334  1374  1482 D RIL     : Request not supported. Tech: 1
02-20 20:15:46.334  1916  1996 D RilRequest: [3671]< RIL_REQUEST_QUERY_TTY_MODE error: com.android.internal.telephony.CommandException: REQUEST_NOT_SUPPORTED ret=
02-20 20:15:46.335  1663  1699 I wm_boot_animation_done: 11400
02-20 20:15:46.335  1916  1916 W VoiceMailConstants: Can't open /system/etc/voicemail-conf.xml
02-20 20:15:46.335  1372  1399 I MediaPlayerService: MediaPlayerService::getOMX
02-20 20:15:46.335  1916  1916 D SpnOverride: No SPN in OEM image = /oem/telephony/spn-conf.xml Load SPN from system image
02-20 20:15:46.335  1663  1699 I SystemServiceManager: Starting phase 1000
02-20 20:15:46.335  1916  1916 W SpnOverride: Can not open /system/etc/spn-conf.xml
02-20 20:15:46.335  1916  1916 D SIMRecords: [SIMRecords] setting0 mMncLength-1
02-20 20:15:46.335  1916  1916 D SIMRecords: [SIMRecords] SIMRecords: onRadioOffOrNotAvailable set 'gsm.sim.operator.numeric' to operator=null
02-20 20:15:46.335  1916  1916 D SIMRecords: [SIMRecords] update icc_operator_numeric=null
02-20 20:15:46.335  1916  1916 D TelephonyManager: setTelephonyProperty: success phoneId=0 property=gsm.sim.operator.numeric value:  propVal=
02-20 20:15:46.336  1916  1916 D TelephonyManager: setTelephonyProperty: success phoneId=0 property=gsm.sim.operator.alpha value:  propVal=
02-20 20:15:46.336  1663  2061 I OMXClient: MuxOMX ctor
02-20 20:15:46.336  1916  1916 D TelephonyManager: setTelephonyProperty: success phoneId=0 property=gsm.sim.operator.iso-country value:  propVal=
02-20 20:15:46.336  1369  2003 I OMXMaster: makeComponentInstance(OMX.google.vorbis.decoder) in mediacodec process
02-20 20:15:46.336  1916  1916 D SIMRecords: [SIMRecords] getOperatorNumeric: IMSI == null
02-20 20:15:46.336  1916  1916 D SIMRecords: [SIMRecords] SIMRecords X ctor this=SimRecords: mDestroyed=false mContext=com.android.phone.PhoneGlobals@a335f6c mCi=com.android.internal.telephony.RIL@c72e63f mFh=Handler (com.android.internal.telephony.uicc.SIMFileHandler) {87ab935} mParentApp=com.android.internal.telephony.uicc.UiccCardApplication@4ad31ca recordsLoadedRegistrants=android.os.RegistrantList@f25ef3b mImsiReadyRegistrants=android.os.RegistrantList@4ad0658 mRecordsEventsRegistrants=android.os.RegistrantList@5aab3b1 mNewSmsRegistrants=android.os.RegistrantList@854a096 mNetworkSelectionModeAutomaticRegistrants=android.os.RegistrantList@efa4417 recordsToLoad=0 adnCache=Handler (com.android.internal.telephony.uicc.AdnRecordCache) {2183004} recordsRequested=false iccid=null msisdnTag=null voiceMailNum=null voiceMailTag=null voiceMailNum=null newVoiceMailTag=null isVoiceMailFixed=false mImsi=null mncLength=-1 mailboxIndex=0 spn=null mVmConfigcom.android.internal.telephony.uicc.VoiceMailConstants@a05d9ed mSpnOverride=mSpnOverride callForwardingEnabled=0 spnState=null mCphsInfo=null mCspPlmnEnabled=true efMWIS=null efCPHS_MWI=null mEfCff=null mEfCfis=null getOperatorNumeric=null
02-20 20:15:46.337  1916  1916 D UiccCardApplication: Creating UiccApp: {APPTYPE_RUIM,APPSTATE_DETECTED}
02-20 20:15:46.337  1916  1916 D RuimRecords: [RuimRecords] setting0 mMncLength-1
02-20 20:15:46.338  1916  1916 D RuimRecords: [RuimRecords] RuimRecords X ctor this=RuimRecords: mDestroyed=false mContext=com.android.phone.PhoneGlobals@a335f6c mCi=com.android.internal.telephony.RIL@c72e63f mFh=Handler (com.android.internal.telephony.uicc.RuimFileHandler) {7550ab3} mParentApp=com.android.internal.telephony.uicc.UiccCardApplication@1ea4870 recordsLoadedRegistrants=android.os.RegistrantList@97327e9 mImsiReadyRegistrants=android.os.RegistrantList@3672c6e mRecordsEventsRegistrants=android.os.RegistrantList@d8b9f0f mNewSmsRegistrants=android.os.RegistrantList@3837b9c mNetworkSelectionModeAutomaticRegistrants=android.os.RegistrantList@54d59a5 recordsToLoad=0 adnCache=Handler (com.android.internal.telephony.uicc.AdnRecordCache) {ddda17a} recordsRequested=false iccid=null msisdnTag=null voiceMailNum=null voiceMailTag=null voiceMailNum=null newVoiceMailTag=null isVoiceMailFixed=false mImsi=null mncLength=-1 mailboxIndex=0 spn=null m_ota_commitedfalse mMyMobileNumber=xxxx mMin2Min1=null mPrlVersion=null mEFpl=null mEFli=null mCsimSpnDisplayCondition=false mMdn=null mMin=null mHomeSystemId=null mHomeNetworkId=null
02-20 20:15:46.350  2064  2064 W art     : Unexpected CPU variant for X86 using defaults: x86_64
02-20 20:15:46.354  1916  1916 D CAT     : CatService: registerForRecordsLoaded slotid=0 instance:Handler (com.android.internal.telephony.cat.CatService) {c9e6107}
02-20 20:15:46.354  1916  1916 D CAT     : CatService: Running CAT service on Slotid: 0. STK app installed:false
02-20 20:15:46.354  1916  1916 D UiccCard: Before privilege rules: null : CARDSTATE_PRESENT
02-20 20:15:46.354  1916  1916 D RILJ    : [3672]> RIL_REQUEST_SIM_OPEN_CHANNEL [SUB0]
02-20 20:15:46.355  1916  1916 E UiccCard: App index 8 is invalid since there are no applications
02-20 20:15:46.355  1916  1916 D UiccCard: update: radioState=RADIO_ON mLastRadioState=RADIO_UNAVAILABLE
02-20 20:15:46.355  1916  1916 D UiccController: Notifying IccChangedRegistrants
02-20 20:15:46.355  1374  1482 D RIL     : onRequest: SIM_OPEN_CHANNEL
02-20 20:15:46.355  1374  1482 D AT      : AT> AT+CCHO=A00000015141434C00
02-20 20:15:46.355  1374  1485 D AT      : AT< 1
02-20 20:15:46.355  1374  1485 D AT      : AT< OK
02-20 20:15:46.355  1663  1699 I am_proc_start: [0,2064,10015,com.google.android.ext.services,on-hold,]
02-20 20:15:46.355  1663  1699 I ActivityManager: Start proc 2064:com.google.android.ext.services/u0a15 for on-hold
02-20 20:15:46.355  1916  1996 D RILJ    : [3672]< RIL_REQUEST_SIM_OPEN_CHANNEL  [SUB0]
02-20 20:15:46.357  1663  1699 D ActivityManager: Finishing user boot 0
02-20 20:15:46.357  1663  1699 I sysui_histogram: [framework_locked_boot_completed,11]
02-20 20:15:46.358  1663  1699 D CryptdConnector: SND -> {3 cryptfs prepare_user_storage ! 0 0 2}
02-20 20:15:46.358  1267  1303 D vold    : e4crypt_prepare_user_storage for volume null, user 0, serial 0, flags 2
02-20 20:15:46.358  1267  1303 D vold    : Preparing: /data/system_ce/0
02-20 20:15:46.358  1267  1303 D vold    : Preparing: /data/misc_ce/0
02-20 20:15:46.358  1267  1303 D vold    : Preparing: /data/media/0
02-20 20:15:46.358  1267  1303 D vold    : Preparing: /data/data
02-20 20:15:46.358  1663  1728 D CryptdConnector: RCV <- {200 3 Command succeeded}
02-20 20:15:46.358  1663  1699 V UserManagerService: Found /data/user/0 with serial number 0
02-20 20:15:46.358  1663  1699 V UserManagerService: Found /data/system_ce/0 with serial number 0
02-20 20:15:46.359  1663  1699 V PackageManager: reconcileAppsData for null u0 0x2
02-20 20:15:46.424  1663  1699 V PackageManager: reconcileAppsData finished 100 packages
02-20 20:15:46.426  1663  1688 I am_proc_bound: [0,2064,com.google.android.ext.services]
02-20 20:15:46.433  2084  2084 W art     : Unexpected CPU variant for X86 using defaults: x86_64
02-20 20:15:46.436  1663  1744 D NotificationSQLiteLog: Pruned event entries: 0
02-20 20:15:46.438  1663  1980 I am_proc_start: [0,2084,10001,android.process.acore,content provider,com.android.providers.contacts/.ContactsProvider2]
02-20 20:15:46.438  1663  1980 I ActivityManager: Start proc 2084:android.process.acore/u0a1 for content provider com.android.providers.contacts/.ContactsProvider2
02-20 20:15:46.442  2064  2064 W System  : ClassLoader referenced unknown path: /system/priv-app/GoogleExtServices/lib/x86_64
02-20 20:15:46.455  1663  1692 D MountService: onUnlockUser 0
02-20 20:15:46.455  1663  1692 D VoldConnector: SND -> {7 volume user_started 0}
02-20 20:15:46.455  1663  1984 I am_proc_bound: [0,2084,android.process.acore]
02-20 20:15:46.455  1267  1302 D vold    : Linking /storage/emulated/0 to /mnt/user/0/primary
02-20 20:15:46.455  1663  1727 D VoldConnector: RCV <- {200 7 Command succeeded}
02-20 20:15:46.456  1663  1726 D MountService: Volume public:253,64 broadcasting mounted to UserHandle{0}
02-20 20:15:46.477  1663  1726 D MountService: Volume emulated broadcasting mounted to UserHandle{0}
02-20 20:15:46.478  1916  1916 D GsmCdmaPhone: get phone radio capability fail, no need to change mRadioCapability
02-20 20:15:46.478  1916  1916 D GsmCdmaPhone: EVENT_GET_RADIO_CAPABILITY: phone rc: null
02-20 20:15:46.478  1916  1916 D Phone   : config LCE service failed: com.android.internal.telephony.CommandException: RADIO_NOT_AVAILABLE
02-20 20:15:46.478  1916  1916 D SST     : mDeviceShuttingDown=false, mDesiredPowerState=true, getRadioState=RADIO_ON, mPowerOffDelayNeed=true, mAlarmSwitch=false, mRadioDisabledByCarrier=false
02-20 20:15:46.478  1916  1916 D RILJ    : [3673]> OPERATOR [SUB0]
02-20 20:15:46.480  1916  1916 D RILJ    : [3674]> DATA_REGISTRATION_STATE [SUB0]
02-20 20:15:46.481  1916  1916 D RILJ    : [3675]> VOICE_REGISTRATION_STATE [SUB0]
02-20 20:15:46.481  1916  1916 D RILJ    : [3676]> QUERY_NETWORK_SELECTION_MODE [SUB0]
02-20 20:15:46.481  1374  1482 D RIL     : onRequest: OPERATOR
02-20 20:15:46.481  1374  1482 D AT      : AT> AT+COPS=3,0;+COPS?;+COPS=3,1;+COPS?;+COPS=3,2;+COPS?
02-20 20:15:46.481  1916  1916 D RILJ    : [3677]> GET_CURRENT_CALLS [SUB0]
02-20 20:15:46.481  1374  1485 D AT      : AT< +COPS: 0,0,"Android"
02-20 20:15:46.481  1374  1485 D AT      : AT< +COPS: 0,1,"Android"
02-20 20:15:46.481  1374  1485 D AT      : AT< +COPS: 0,2,"310260"
02-20 20:15:46.481  1374  1485 D AT      : AT< OK
02-20 20:15:46.482  2084  2084 W System  : ClassLoader referenced unknown path: /system/priv-app/ContactsProvider/lib/x86_64
02-20 20:15:46.483  1374  1482 D RIL     : onRequest: DATA_REGISTRATION_STATE
02-20 20:15:46.483  1374  1482 D RIL     : requestRegistrationState
02-20 20:15:46.483  1374  1482 D AT      : AT> AT+CGREG?
02-20 20:15:46.483  1916  1916 D RILJ    : [3678]> RIL_REQUEST_IMS_REGISTRATION_STATE [SUB0]
02-20 20:15:46.483  1916  1996 D RILJ    : [3673]< OPERATOR {Android, Android, 310260} [SUB0]
02-20 20:15:46.483  1374  1485 D AT      : AT< +CGREG: 1,1,"0003","005b","000e"
02-20 20:15:46.483  1374  1485 D AT      : AT< OK
02-20 20:15:46.483  1374  1482 D RIL     : parseRegistrationState. Parsing: +CGREG: 1,1,"0003","005b","000e"
02-20 20:15:46.483  1374  1482 D RIL     : registration state type: 3GPP
02-20 20:15:46.483  1374  1482 D RIL     : onRequest: VOICE_REGISTRATION_STATE
02-20 20:15:46.483  1374  1482 D RIL     : requestRegistrationState
02-20 20:15:46.483  1374  1482 D AT      : AT> AT+CREG?
02-20 20:15:46.483  1374  1485 D AT      : AT< +CREG: 2,1, "0003", "005b"
02-20 20:15:46.483  1374  1485 D AT      : AT< OK
02-20 20:15:46.483  1916  1916 D RILJ    : [3679]> RIL_REQUEST_CDMA_GET_SUBSCRIPTION_SOURCE [SUB0]
02-20 20:15:46.484  1916  1916 D GsmCdmaPhone: [GsmCdmaPhone] Event EVENT_RADIO_ON Received
02-20 20:15:46.484  1916  1916 D RILJ    : [3680]> RIL_REQUEST_VOICE_RADIO_TECH [SUB0]
