02-20 20:15:43.566  1663  1663 W ActivityManager: Slow operation: 56ms so far, now at startProcess: done updating battery stats
02-20 20:15:43.566  1663  1663 I am_proc_start: [0,1792,1037,WebViewLoader-x86,,]
02-20 20:15:43.566  1663  1663 W ActivityManager: Slow operation: 56ms so far, now at startProcess: building log message
02-20 20:15:43.566  1663  1663 I ActivityManager: Start proc 1792:WebViewLoader-x86/1037 [android.webkit.WebViewFactory$RelroFileCreator] for 
02-20 20:15:43.566  1663  1663 W ActivityManager: Slow operation: 56ms so far, now at startProcess: starting to update pids map
02-20 20:15:43.566  1663  1663 W ActivityManager: Slow operation: 56ms so far, now at startProcess: done updating pids map
02-20 20:15:43.566  1663  1663 W ActivityManager: Slow operation: 56ms so far, now at startProcess: done starting proc!
02-20 20:15:43.567  1663  1790 E WVMExtractor: Failed to open libwvm.so: dlopen failed: library "libwvm.so" not found
02-20 20:15:43.578  1663  1663 I am_proc_start: [0,1797,1037,WebViewLoader-x86_64,,]
02-20 20:15:43.578  1663  1663 I ActivityManager: Start proc 1797:WebViewLoader-x86_64/1037 [android.webkit.WebViewFactory$RelroFileCreator] for 
02-20 20:15:43.583  1792  1792 W art     : Unexpected CPU variant for X86 using defaults: x86
02-20 20:15:43.583  1797  1797 W art     : Unexpected CPU variant for X86 using defaults: x86_64
02-20 20:15:43.586  1663  1687 I am_proc_bound: [0,1763,com.android.systemui]
02-20 20:15:43.540     0     0 D ieee80211 phy1: hw scan 2432 MHz
02-20 20:15:43.660     0     0 D ieee80211 phy1: hw scan 2437 MHz
02-20 20:15:43.676     0     0 W healthd : battery l=100 v=0 t=0.0 h=2 st=2 chg=a
02-20 20:15:43.618  1663  1663 D NetworkManagement: enabling bandwidth control
02-20 20:15:43.620  1663  1726 D VoldConnector: SND -> {5 volume mount emulated 3 -1}
02-20 20:15:43.639  1797  1797 V WebViewFactory: RelroFileCreator (64bit = true),  32-bit lib: /system/app/Chrome/Chrome.apk!/lib/x86/libmonochrome.so, 64-bit lib: /system/app/Chrome/Chrome.apk!/lib/x86_64/libmonochrome.so
02-20 20:15:43.644  1267  1302 V vold    : Waiting for FUSE to spin up...
02-20 20:15:43.644  1663  1727 D VoldConnector: RCV <- {651 emulated 1}
02-20 20:15:43.644  1663  1727 D VoldConnector: RCV <- {656 emulated /data/media}
02-20 20:15:43.644  1663  1727 D VoldConnector: RCV <- {655 emulated /storage/emulated}
02-20 20:15:43.645  1372  1372 I MediaPlayerService: MediaPlayerService::getOMX
02-20 20:15:43.646  1372  1372 I OMXClient: MuxOMX ctor
02-20 20:15:43.647  1372  1372 I MediaPlayerService: MediaPlayerService::getOMX
02-20 20:15:43.647  1372  1372 I OMXClient: MuxOMX ctor
02-20 20:15:43.647  1369  1369 I OMXMaster: makeComponentInstance(OMX.google.mp3.decoder) in mediacodec process
02-20 20:15:43.675  1374  1485 D AT      : AT< +CGREG: 1,1
02-20 20:15:43.675  1374  1485 D AT      : AT< +CTEC: 1+CREG: 2,1, "0003", "005b"
02-20 20:15:43.675  1374  1485 D RIL     : Response: +CTEC: 1+CREG: 2,1, "0003", "005b"
02-20 20:15:43.675  1374  1485 D RIL     : line remaining after int: 1, "0003", "005b"
02-20 20:15:43.675  1374  1485 D RIL     : setRadioTechnology(1)
02-20 20:15:43.675  1374  1485 D RIL     : Tech change (0 => 1)
02-20 20:15:43.675  1374  1485 D AT      : AT< +CGREG: 1,1
02-20 20:15:43.695  1267  1302 V vold    : Waiting for FUSE to spin up...
02-20 20:15:43.729  1815  1815 W sdcard  : Device explicitly disabled sdcardfs
02-20 20:15:43.733  1792  1792 V WebViewFactory: RelroFileCreator (64bit = false),  32-bit lib: /system/app/Chrome/Chrome.apk!/lib/x86/libmonochrome.so, 64-bit lib: /system/app/Chrome/Chrome.apk!/lib/x86_64/libmonochrome.so
02-20 20:15:43.739  1663  1734 D WifiController: DEFERRED_TOGGLE handled
02-20 20:15:43.740  1763  1763 W System  : ClassLoader referenced unknown path: /system/priv-app/SystemUIGoogle/lib/x86_64
02-20 20:15:43.746  1267  1302 V vold    : Waiting for FUSE to spin up...
02-20 20:15:43.770  1372  1372 I MediaPlayerService: MediaPlayerService::getOMX
02-20 20:15:43.778  1757  1757 I LatinIME: Hardware accelerated drawing: true
02-20 20:15:43.780  1372  1372 I OMXClient: MuxOMX ctor
02-20 20:15:43.780  1369  1832 I OMXMaster: makeComponentInstance(OMX.google.amrnb.decoder) in mediacodec process
02-20 20:15:43.790  1372  1372 I MediaPlayerService: MediaPlayerService::getOMX
02-20 20:15:43.791  1372  1372 I OMXClient: MuxOMX ctor
02-20 20:15:43.791  1369  1381 I OMXMaster: makeComponentInstance(OMX.google.amrwb.decoder) in mediacodec process
02-20 20:15:43.765     0     0 D SELinux : initialized (dev fuse, type fuse), uses genfs_contexts
02-20 20:15:43.780     0     0 D ieee80211 phy1: hw scan 2442 MHz
02-20 20:15:43.780     0     0 D SELinux : initialized (dev fuse, type fuse), uses genfs_contexts
02-20 20:15:43.795     0     0 D SELinux : initialized (dev fuse, type fuse), uses genfs_contexts
02-20 20:15:43.801  1663  1727 D VoldConnector: RCV <- {651 emulated 2}
02-20 20:15:43.801  1663  1727 D VoldConnector: RCV <- {200 5 Command succeeded}
02-20 20:15:43.801  1663  1726 D VoldConnector: SND -> {6 volume mount public:253,64 2 0}
02-20 20:15:43.801  1267  1302 V vold    : /system/bin/blkid
02-20 20:15:43.801  1267  1302 V vold    :     -c
02-20 20:15:43.801  1267  1302 V vold    :     /dev/null
02-20 20:15:43.801  1267  1302 V vold    :     -s
02-20 20:15:43.801  1267  1302 V vold    :     TYPE
02-20 20:15:43.801  1267  1302 V vold    :     -s
02-20 20:15:43.801  1267  1302 V vold    :     UUID
02-20 20:15:43.801  1267  1302 V vold    :     -s
02-20 20:15:43.801  1267  1302 V vold    :     LABEL
02-20 20:15:43.801  1267  1302 V vold    :     /dev/block/vold/public:253,64
02-20 20:15:43.801  1663  1727 D VoldConnector: RCV <- {651 public:253,64 1}
02-20 20:15:43.805  1372  1372 I MediaPlayerService: MediaPlayerService::getOMX
02-20 20:15:43.805  1372  1372 I OMXClient: MuxOMX ctor
02-20 20:15:43.805  1369  1832 I OMXMaster: makeComponentInstance(OMX.google.aac.decoder) in mediacodec process
02-20 20:15:43.821  1372  1372 I MediaPlayerService: MediaPlayerService::getOMX
02-20 20:15:43.822  1372  1372 I OMXClient: MuxOMX ctor
02-20 20:15:43.822  1369  1381 I OMXMaster: makeComponentInstance(OMX.google.g711.alaw.decoder) in mediacodec process
02-20 20:15:43.823  1267  1302 V vold    : /dev/block/vold/public:253,64: LABEL="SDCARD" UUID="1E12-0B12" TYPE="vfat" 
02-20 20:15:43.823  1267  1302 V vold    : 
02-20 20:15:43.824  1267  1302 V vold    : /system/bin/fsck_msdos
02-20 20:15:43.824  1267  1302 V vold    :     -p
02-20 20:15:43.824  1267  1302 V vold    :     -f
02-20 20:15:43.824  1267  1302 V vold    :     /dev/block/vold/public:253,64
02-20 20:15:43.825  1663  1727 D VoldConnector: RCV <- {652 public:253,64 vfat}
02-20 20:15:43.825  1663  1727 D VoldConnector: RCV <- {653 public:253,64 1E12-0B12}
02-20 20:15:43.825  1663  1727 D VoldConnector: RCV <- {654 public:253,64 SDCARD}
02-20 20:15:43.840  1373  1686 D SoftapController: Softap fwReload - Ok
02-20 20:15:43.907  1267  1302 I fsck_msdos: ** /dev/block/vold/public:253,64
02-20 20:15:43.908  1267  1302 I fsck_msdos: ** Phase 1 - Read and Compare FATs
02-20 20:15:43.908  1267  1302 I fsck_msdos: Attempting to allocate 1022 KB for FAT
02-20 20:15:43.914  1372  1372 I MediaPlayerService: MediaPlayerService::getOMX
02-20 20:15:43.917  1372  1372 I OMXClient: MuxOMX ctor
02-20 20:15:43.917  1369  1832 I OMXMaster: makeComponentInstance(OMX.google.g711.mlaw.decoder) in mediacodec process
02-20 20:15:43.910     0     0 D ieee80211 phy1: hw scan 2447 MHz
02-20 20:15:43.932  1663  1663 W NetworkManagement: setDataSaverMode(): already false
02-20 20:15:43.935  1373  1686 D CommandListener: Setting iface cfg
02-20 20:15:43.935  1373  1686 D CommandListener: Trying to bring down wlan0
02-20 20:15:43.937  1373  1686 D CommandListener: Clearing all IP addresses on wlan0
02-20 20:15:43.946  1663  1735 E WifiMonitor: killSupplicant p2pfalse init.svc.wpa_supplicant=unknown init.svc.p2p_supplicant=unknown
02-20 20:15:43.946  1663  1735 E wifi    : Can not initialize the vendor function pointer table
02-20 20:15:43.946  1663  1735 E WifiNative-HAL: Could not start hal
02-20 20:15:43.946  1663  1735 E WifiStateMachine: Failed to start HAL
02-20 20:15:43.946  1763  1763 V SystemUIService: Starting SystemUI services for user 0.
02-20 20:15:43.948  1663  1735 D WifiMonitor: startMonitoring(wlan0) with mConnected = false
02-20 20:15:43.948  1663  1735 E WifiHW  : Unable to open connection to supplicant on "@android:wpa_wlan0": No such file or directory
02-20 20:15:43.947     0     0 I init    : Starting service 'wpa_supplicant'...
02-20 20:15:43.953  1792  1792 I art     : System.exit called, status: 0
02-20 20:15:43.953  1792  1792 I AndroidRuntime: VM exiting with result code 0, cleanup skipped.
02-20 20:15:43.995  1372  1372 I MediaPlayerService: MediaPlayerService::getOMX
02-20 20:15:43.995  1372  1372 I OMXClient: MuxOMX ctor
02-20 20:15:43.996  1369  1832 I OMXMaster: makeComponentInstance(OMX.google.vorbis.decoder) in mediacodec process
02-20 20:15:44.013  1797  1797 I art     : System.exit called, status: 0
02-20 20:15:44.013  1797  1797 I AndroidRuntime: VM exiting with result code 0, cleanup skipped.
02-20 20:15:44.028  1267  1302 I fsck_msdos: Attempting to allocate 1022 KB for FAT
02-20 20:15:44.028  1372  1372 I MediaPlayerService: MediaPlayerService::getOMX
02-20 20:15:44.030  1372  1372 I OMXClient: MuxOMX ctor
02-20 20:15:44.030  1369  1832 I OMXMaster: makeComponentInstance(OMX.google.opus.decoder) in mediacodec process
02-20 20:15:44.034  1757  1757 W InputAttributes: No editor info for this field. Bug?
02-20 20:15:44.030     0     0 D ieee80211 phy1: hw scan 2452 MHz
02-20 20:15:44.043  1763  1763 V MediaRouter: Adding route: RouteInfo{ name=Phone, description=null, status=null, category=RouteCategory{ name=null types=ROUTE_TYPE_LIVE_AUDIO ROUTE_TYPE_LIVE_VIDEO  groupable=false }, supportedTypes=ROUTE_TYPE_LIVE_AUDIO ROUTE_TYPE_LIVE_VIDEO , presentationDisplay=null }
02-20 20:15:44.045  1763  1763 V MediaRouter: Updating audio routes: AudioRoutesInfo{ type=SPEAKER }
02-20 20:15:44.046  1858  1858 I wpa_supplicant: Successfully initialized wpa_supplicant
02-20 20:15:44.048  1763  1763 V MediaRouter: Selecting route: RouteInfo{ name=Phone, description=null, status=null, category=RouteCategory{ name=null types=ROUTE_TYPE_LIVE_AUDIO ROUTE_TYPE_LIVE_VIDEO  groupable=false }, supportedTypes=ROUTE_TYPE_LIVE_AUDIO ROUTE_TYPE_LIVE_VIDEO , presentationDisplay=null }
02-20 20:15:44.048     0     0 D ieee80211 phy0: mac80211_hwsim_start
02-20 20:15:44.048     0     0 D ieee80211 phy0: mac80211_hwsim_add_interface (type=2 mac_addr=02:00:00:44:55:66)
02-20 20:15:44.048     0     0 D ieee80211 phy0: mac80211_hwsim_bss_info_changed(changed=0xe)
02-20 20:15:44.048     0     0 D ieee80211 phy0: ERP_CTS_PROT: 0
02-20 20:15:44.048     0     0 D ieee80211 phy0: ERP_PREAMBLE: 0
02-20 20:15:44.048     0     0 D ieee80211 phy0: ERP_SLOT: 0
02-20 20:15:44.048     0     0 D ieee80211 phy0: mac80211_hwsim_conf_tx (queue=0 txop=0 cw_min=15 cw_max=1023 aifs=2)
02-20 20:15:44.048     0     0 D ieee80211 phy0: mac80211_hwsim_conf_tx (queue=1 txop=0 cw_min=15 cw_max=1023 aifs=2)
02-20 20:15:44.048     0     0 D ieee80211 phy0: mac80211_hwsim_conf_tx (queue=2 txop=0 cw_min=15 cw_max=1023 aifs=2)
02-20 20:15:44.048     0     0 D ieee80211 phy0: mac80211_hwsim_conf_tx (queue=3 txop=0 cw_min=15 cw_max=1023 aifs=2)
02-20 20:15:44.048     0     0 D ieee80211 phy0: mac80211_hwsim_bss_info_changed(changed=0x2000)
02-20 20:15:44.048     0     0 D ieee80211 phy0: mac80211_hwsim_config (freq=0 idle=0 ps=0 smps=auto)
02-20 20:15:44.048     0     0 D ieee80211 phy0: mac80211_hwsim_configure_filter
02-20 20:15:44.048     0     0 D ieee80211 phy0: mac80211_hwsim_configure_filter
02-20 20:15:44.055     0     0 D ieee80211 phy0: mac80211_hwsim_configure_filter
02-20 20:15:44.055     0     0 I IPv6    : ADDRCONF(NETDEV_UP): wlan0: link is not ready
02-20 20:15:44.048  1858  1858 I wpa_supplicant: rfkill: Cannot open RFKILL control device
02-20 20:15:44.057  1858  1858 I wpa_supplicant: nl80211: Could not re-add multicast membership for vendor events: -2 (No such file or directory)
02-20 20:15:44.067  1663  1787 D TelephonyRegistry: listen oscl: hasNotifySubscriptionInfoChangedOccurred==false no callback
02-20 20:15:44.096  1267  1302 I fsck_msdos: ** Phase 2 - Check Cluster Chains
02-20 20:15:44.100  1372  1372 I MediaPlayerService: MediaPlayerService::getOMX
02-20 20:15:44.101  1372  1372 I OMXClient: MuxOMX ctor
02-20 20:15:44.103  1369  1832 I OMXMaster: makeComponentInstance(OMX.google.raw.decoder) in mediacodec process
02-20 20:15:44.110  1267  1302 I fsck_msdos: ** Phase 3 - Checking Directories
02-20 20:15:44.110  1267  1302 I fsck_msdos: ** Phase 4 - Checking for Lost Files
02-20 20:15:44.111  1267  1302 I fsck_msdos: 27 files, 522176 free (261088 clusters)
02-20 20:15:44.113  1757  1868 I LatinIME:LogUtils: Dictionary info: dictionary = userunigram.en_US ; version = 1519157744 ; date = ?
02-20 20:15:44.113  1757  1868 E ActivityThread: Failed to find provider info for user_dictionary
02-20 20:15:44.114  1757  1868 I LatinIME:LogUtils: Dictionary info: dictionary = UserHistoryDictionary.en_US ; version = 1519157744 ; date = ?
02-20 20:15:44.127     0     0 W FAT-fs (vde): Volume was not properly unmounted. Some data may be corrupt. Please run fsck.
02-20 20:15:44.128     0     0 D SELinux : initialized (dev vde, type vfat), uses genfs_contexts
02-20 20:15:44.119  1267  1302 I Vold    : Filesystem check completed OK
02-20 20:15:44.119  1663  1727 D VoldConnector: RCV <- {656 public:253,64 /mnt/media_rw/1E12-0B12}
02-20 20:15:44.120  1663  1727 D VoldConnector: RCV <- {655 public:253,64 /storage/1E12-0B12}
02-20 20:15:44.127  1372  1372 I MediaPlayerService: MediaPlayerService::getOMX
02-20 20:15:44.127  1372  1372 I OMXClient: MuxOMX ctor
02-20 20:15:44.127  1369  1381 I OMXMaster: makeComponentInstance(OMX.google.aac.encoder) in mediacodec process
02-20 20:15:44.131  1858  1858 E wpa_supplicant: global ctrl interface @android:wpa_wlan0 matches ctrl interface wlan0 - do not open per-interface ctrl interface
02-20 20:15:44.132  1267  1302 V vold    : Waiting for FUSE to spin up...
02-20 20:15:44.134  1372  1372 I MediaPlayerService: MediaPlayerService::getOMX
02-20 20:15:44.134  1372  1372 I OMXClient: MuxOMX ctor
02-20 20:15:44.134  1369  1369 I OMXMaster: makeComponentInstance(OMX.google.amrnb.encoder) in mediacodec process
02-20 20:15:44.145  1663  1663 D NetworkPolicy: setRestrictBackgroundUL(): false
02-20 20:15:44.146  1372  1372 I MediaPlayerService: MediaPlayerService::getOMX
02-20 20:15:44.146  1372  1372 I OMXClient: MuxOMX ctor
02-20 20:15:44.146  1369  1832 I OMXMaster: makeComponentInstance(OMX.google.amrwb.encoder) in mediacodec process
02-20 20:15:44.146  1663  1663 W NetworkManagement: setDataSaverMode(): already false
02-20 20:15:44.153  1372  1372 I MediaPlayerService: MediaPlayerService::getOMX
02-20 20:15:44.153  1372  1372 I OMXClient: MuxOMX ctor
02-20 20:15:44.153  1369  1381 I OMXMaster: makeComponentInstance(OMX.google.flac.encoder) in mediacodec process
02-20 20:15:44.154  1876  1876 W sdcard  : Device explicitly disabled sdcardfs
02-20 20:15:44.156     0     0 D SELinux : initialized (dev fuse, type fuse), uses genfs_contexts
02-20 20:15:44.156     0     0 D SELinux : initialized (dev fuse, type fuse), uses genfs_contexts
02-20 20:15:44.156     0     0 D SELinux : initialized (dev fuse, type fuse), uses genfs_contexts
02-20 20:15:44.160     0     0 D ieee80211 phy1: hw scan 2457 MHz
02-20 20:15:44.171  1763  1890 E WVMExtractor: Failed to open libwvm.so: dlopen failed: library "libwvm.so" not found
02-20 20:15:44.183  1663  1727 D VoldConnector: RCV <- {651 public:253,64 2}
02-20 20:15:44.183  1663  1727 D VoldConnector: RCV <- {200 6 Command succeeded}
02-20 20:15:44.188  1372  1372 I MediaPlayerService: MediaPlayerService::getOMX
02-20 20:15:44.189  1372  1372 I OMXClient: MuxOMX ctor
02-20 20:15:44.189  1369  1381 I OMXMaster: makeComponentInstance(OMX.google.gsm.decoder) in mediacodec process
02-20 20:15:44.222  1372  1372 I MediaPlayerService: MediaPlayerService::getOMX
02-20 20:15:44.222  1372  1372 I OMXClient: MuxOMX ctor
02-20 20:15:44.222  1369  1381 I OMXMaster: makeComponentInstance(OMX.google.mpeg4.decoder) in mediacodec process
02-20 20:15:44.239  1663  1663 I SystemServiceManager: Starting phase 600
02-20 20:15:44.251  1663  1663 D SensorNotificationService: Cannot obtain dynamic meta sensor, not supported.
02-20 20:15:44.255  1663  1663 D TelephonyRegistry: listen oscl: hasNotifySubscriptionInfoChangedOccurred==false no callback
02-20 20:15:44.260  1369  1369 E OMXNodeInstance: getExtensionIndex(559000f:google.mpeg4.decoder, OMX.google.android.index.configureVideoTunnelMode) ERROR: UnsupportedIndex(0x8000101a)
02-20 20:15:44.261  1369  1832 W OMXNodeInstance: [559000f:google.mpeg4.decoder] component does not support metadata mode; using fallback
02-20 20:15:44.263  1372  1372 I MediaPlayerService: MediaPlayerService::getOMX
02-20 20:15:44.263  1372  1372 I OMXClient: MuxOMX ctor
02-20 20:15:44.263  1369  1381 I OMXMaster: makeComponentInstance(OMX.google.h263.decoder) in mediacodec process
02-20 20:15:44.267  1757  1868 I LatinIME:LogUtils: Dictionary info: dictionary = main:en ; version = 54 ; date = 1414726273
02-20 20:15:44.280     0     0 D ieee80211 phy1: hw scan 2462 MHz
02-20 20:15:44.281  1663  1663 I GnssLocationProvider: WakeLock acquired by sendMessage(13, 0, null)
02-20 20:15:44.283  1663  1693 W WindowManager: Keyguard drawn timeout. Setting mKeyguardDrawComplete
02-20 20:15:44.291  1663  1663 W LocationProviderProxy-network: Odd, no component found for service com.android.location.service.v3.NetworkLocationProvider
02-20 20:15:44.292  1663  1691 W GnssLocationProvider: Could not open GPS configuration file /etc/gps.conf
02-20 20:15:44.292  1663  1691 E GnssLocationProvider: no AGPS interface in set_agps_server
02-20 20:15:44.292  1663  1691 D TelephonyRegistry: listen oscl: hasNotifySubscriptionInfoChangedOccurred==false no callback
02-20 20:15:44.294  1663  1663 W GeocoderProxy: Odd, no component found for service com.android.location.service.GeocodeProvider
02-20 20:15:44.295  1663  1663 E FlpHardwareProvider: Error hw_get_module 'flp': -2
02-20 20:15:44.295  1663  1663 D LocationManagerService: FLP HAL not supported
02-20 20:15:44.296  1663  1663 W GeofenceProxy: Odd, no component found for service com.android.location.service.GeofenceProvider
02-20 20:15:44.297  1663  1663 E ActivityRecognitionHardware: Error hw_get_module: -2
02-20 20:15:44.297  1663  1663 D LocationManagerService: Hardware Activity-Recognition not supported.
02-20 20:15:44.298  1663  1663 W ActivityRecognitionProxy: Odd, no component found for service com.android.location.service.ActivityRecognitionProvider
02-20 20:15:44.307  1663  1663 I GnssLocationProvider: WakeLock acquired by sendMessage(2, 1, null)
02-20 20:15:44.313  1369  1832 E OMXNodeInstance: getExtensionIndex(5590010:google.h263.decoder, OMX.google.android.index.configureVideoTunnelMode) ERROR: UnsupportedIndex(0x8000101a)
02-20 20:15:44.313  1369  1369 W OMXNodeInstance: [5590010:google.h263.decoder] component does not support metadata mode; using fallback
02-20 20:15:44.317  1372  1372 I MediaPlayerService: MediaPlayerService::getOMX
02-20 20:15:44.317  1372  1372 I OMXClient: MuxOMX ctor
02-20 20:15:44.317  1369  1381 I OMXMaster: makeComponentInstance(OMX.google.h264.decoder) in mediacodec process
02-20 20:15:44.324  1763  1763 I vol.Events: writeEvent collection_started
02-20 20:15:44.325  1663  1691 I GnssLocationProvider: WakeLock released by handleMessage(13, 0, null)
02-20 20:15:44.325  1663  1691 E GnssLocationProvider: no AGPS interface in set_agps_server
02-20 20:15:44.339  1663  1691 I GnssLocationProvider: WakeLock released by handleMessage(2, 1, null)
02-20 20:15:44.339  1763  1911 I sysui_action: [213,2]
02-20 20:15:44.339  1763  1911 I vol.Events: writeEvent external_ringer_mode_changed normal
02-20 20:15:44.340  1763  1911 I vol.Events: writeEvent internal_ringer_mode_changed normal
02-20 20:15:44.341  1663  1663 I CommonTimeManagementService: No common time service detected on this platform.  Common time services will be unavailable.
02-20 20:15:44.342  1663  1724 I InputReader: Reconfiguring input devices.  changes=0x00000020
02-20 20:15:44.342  1663  1663 D TelephonyRegistry: systemRunning register for intents
02-20 20:15:44.343  1663  1663 I MmsServiceBroker: Delay connecting to MmsService until an API is called
02-20 20:15:44.355  1663  1724 I InputReader: Reconfiguring input devices.  changes=0x00000010
02-20 20:15:44.391  1916  1916 W art     : Unexpected CPU variant for X86 using defaults: x86_64
02-20 20:15:44.393  1663  1663 I am_proc_start: [0,1916,1001,com.android.phone,added application,com.android.phone]
02-20 20:15:44.393  1663  1663 I ActivityManager: Start proc 1916:com.android.phone/1001 for added application com.android.phone
02-20 20:15:44.401  1663  1663 I ActivityManager: START u0 {act=android.intent.action.MAIN cat=[android.intent.category.HOME] flg=0x10000100 cmp=com.android.settings/.FallbackHome} from uid 0 on display 0
02-20 20:15:44.402  1663  1663 W System  : ClassLoader referenced unknown path: 
02-20 20:15:44.402  1663  1663 W System  : ClassLoader referenced unknown path: /system/priv-app/Settings/lib/x86_64
02-20 20:15:44.403  1663  1663 D ApplicationLoaders: ignored Vulkan layer search path /system/priv-app/Settings/lib/x86_64:/system/priv-app/Settings/Settings.apk!/lib/x86_64:/system/lib64:/vendor/lib64 for namespace 0x7b9378922160
02-20 20:15:44.404  1372  1372 W ACodec  : [OMX.google.h264.decoder] stopping checking profiles after 32: 2/8000
02-20 20:15:44.404  1369  1832 E OMXNodeInstance: getExtensionIndex(5590011:google.h264.decoder, OMX.google.android.index.configureVideoTunnelMode) ERROR: UnsupportedIndex(0x8000101a)
02-20 20:15:44.404  1369  1369 W OMXNodeInstance: [5590011:google.h264.decoder] component does not support metadata mode; using fallback
02-20 20:15:44.405  1663  1663 I ActivityManager: Loaded persisted task ids for user 0
02-20 20:15:44.408  1663  1663 I am_create_task: [0,1]
02-20 20:15:44.408  1663  1663 I am_create_activity: [0,264920727,1,com.android.settings/.FallbackHome,android.intent.action.MAIN,NULL,NULL,276824320]
02-20 20:15:44.410  1372  1372 I MediaPlayerService: MediaPlayerService::getOMX
02-20 20:15:44.411  1372  1372 I OMXClient: MuxOMX ctor
02-20 20:15:44.411  1369  1381 I OMXMaster: makeComponentInstance(OMX.google.hevc.decoder) in mediacodec process
02-20 20:15:44.411  1663  1663 I wm_task_created: [1,0]
02-20 20:15:44.410     0     0 D ieee80211 phy1: hw scan complete
02-20 20:15:44.410     0     0 D ieee80211 phy1: mac80211_hwsim_get_survey (idx=0)
02-20 20:15:44.476     0     0 D ieee80211 phy1: mac80211_hwsim_config (freq=0 idle=0 ps=0 smps=auto)
02-20 20:15:44.476     0     0 D ieee80211 phy1: add channel context control: 2447 MHz/width: 2/cfreqs:2437/0 MHz
02-20 20:15:44.476     0     0 D ieee80211 phy1: mac80211_hwsim_bss_info_changed(changed=0x40000)
02-20 20:15:44.476     0     0 D ieee80211 phy1: TX Power: 20 dBm
02-20 20:15:44.476     0     0 D ieee80211 phy1: mac80211_hwsim_bss_info_changed(changed=0x4000)
02-20 20:15:44.476     0     0 D ieee80211 phy1: change channel context control: 2447 MHz/width: 2/cfreqs:2437/0 MHz
02-20 20:15:44.476     0     0 D ieee80211 phy1: mac80211_hwsim_bss_info_changed(changed=0x88340)
02-20 20:15:44.476     0     0 D ieee80211 phy1: BCNINT: 100
02-20 20:15:44.476     0     0 D ieee80211 phy1: BCN EN: 1
02-20 20:15:44.476     0     0 I IPv6    : ADDRCONF(NETDEV_CHANGE): wlan1: link becomes ready
02-20 20:15:44.482     0     0 D ieee80211 phy1: mac80211_hwsim_configure_filter
02-20 20:15:44.482     0     0 D ieee80211 phy1: mac80211_hwsim_bss_info_changed(changed=0x3e)
02-20 20:15:44.482     0     0 D ieee80211 phy1: ERP_CTS_PROT: 0
02-20 20:15:44.482     0     0 D ieee80211 phy1: ERP_PREAMBLE: 0
02-20 20:15:44.482     0     0 D ieee80211 phy1: ERP_SLOT: 1
02-20 20:15:44.482     0     0 D ieee80211 phy1: HT: op_mode=0x0
02-20 20:15:44.482     0     0 D ieee80211 phy1: BASIC_RATES: 0xf
02-20 20:15:44.482     0     0 D ieee80211 phy1: mac80211_hwsim_conf_tx (queue=0 txop=47 cw_min=3 cw_max=7 aifs=1)
02-20 20:15:44.482     0     0 D ieee80211 phy1: mac80211_hwsim_bss_info_changed(changed=0x2000)
02-20 20:15:44.482     0     0 D ieee80211 phy1: mac80211_hwsim_conf_tx (queue=1 txop=94 cw_min=7 cw_max=15 aifs=1)
02-20 20:15:44.482     0     0 D ieee80211 phy1: mac80211_hwsim_bss_info_changed(changed=0x2000)
02-20 20:15:44.482     0     0 D ieee80211 phy1: mac80211_hwsim_conf_tx (queue=2 txop=0 cw_min=15 cw_max=63 aifs=3)
02-20 20:15:44.482     0     0 D ieee80211 phy1: mac80211_hwsim_bss_info_changed(changed=0x2000)
02-20 20:15:44.482     0     0 D ieee80211 phy1: mac80211_hwsim_conf_tx (queue=3 txop=0 cw_min=15 cw_max=1023 aifs=7)
02-20 20:15:44.482     0     0 D ieee80211 phy1: mac80211_hwsim_bss_info_changed(changed=0x2000)
02-20 20:15:44.412  1663  1663 I wm_task_moved: [1,1,0]
02-20 20:15:44.412  1663  1663 I wm_task_moved: [1,1,0]
02-20 20:15:44.413  1663  1663 I am_focused_activity: [0,com.android.settings/.FallbackHome,startedActivity]
02-20 20:15:44.416  1663  1663 I am_proc_start: [0,1926,1000,com.android.settings,activity,com.android.settings/.FallbackHome]
02-20 20:15:44.416  1663  1663 I ActivityManager: Start proc 1926:com.android.settings/1000 for activity com.android.settings/.FallbackHome
02-20 20:15:44.428  1663  1663 I SystemServer: Enabled StrictMode for system server main thread.
02-20 20:15:44.433  1663  1663 D ConditionProviders.SCP: onConnected
02-20 20:15:44.433  1663  1663 D ZenLog  : set_zen_mode: off,readXml
02-20 20:15:44.437  1663  1663 D ConditionProviders: Subscribing to condition://android/schedule?days=6.7&start=23.30&end=10.0&exitAtAlarm=false with ComponentInfo{android/com.android.server.notification.ScheduleConditionProvider}
02-20 20:15:44.437  1663  1663 D ZenLog  : subscribe: condition://android/schedule?days=6.7&start=23.30&end=10.0&exitAtAlarm=false,ok
02-20 20:15:44.437  1663  1663 D ConditionProviders: Subscribing to condition://android/event?userId=-10000&calendar=&reply=1 with ComponentInfo{android/com.android.server.notification.EventConditionProvider}
02-20 20:15:44.437  1663  1663 D ZenLog  : subscribe: condition://android/event?userId=-10000&calendar=&reply=1,ok
02-20 20:15:44.437  1663  1663 D ConditionProviders: Subscribing to condition://android/schedule?days=1.2.3.4.5&start=22.0&end=7.0&exitAtAlarm=false with ComponentInfo{android/com.android.server.notification.ScheduleConditionProvider}
02-20 20:15:44.437  1663  1663 D ZenLog  : subscribe: condition://android/schedule?days=1.2.3.4.5&start=22.0&end=7.0&exitAtAlarm=false,ok
02-20 20:15:44.449  1369  1832 E OMXNodeInstance: getExtensionIndex(5590012:google.hevc.decoder, OMX.google.android.index.configureVideoTunnelMode) ERROR: UnsupportedIndex(0x8000101a)
02-20 20:15:44.449  1369  1369 W OMXNodeInstance: [5590012:google.hevc.decoder] component does not support metadata mode; using fallback
02-20 20:15:44.449  1926  1926 W art     : Unexpected CPU variant for X86 using defaults: x86_64
02-20 20:15:44.453  1372  1372 I MediaPlayerService: MediaPlayerService::getOMX
02-20 20:15:44.453  1372  1372 I OMXClient: MuxOMX ctor
02-20 20:15:44.453  1369  1369 I OMXMaster: makeComponentInstance(OMX.google.vp8.decoder) in mediacodec process
02-20 20:15:44.453  1663  1691 W LocationProviderProxy-network: Odd, no component found for service com.android.location.service.v3.NetworkLocationProvider
02-20 20:15:44.454  1663  1691 W GeocoderProxy: Odd, no component found for service com.android.location.service.GeocodeProvider
02-20 20:15:44.454  1663  1691 W GeofenceProxy: Odd, no component found for service com.android.location.service.GeofenceProvider
02-20 20:15:44.454  1663  1691 W ActivityRecognitionProxy: Odd, no component found for service com.android.location.service.ActivityRecognitionProvider
02-20 20:15:44.466  1663  1663 D RttService: SCAN_AVAILABLE : 1
02-20 20:15:44.466  1663  1663 D ZenLog  : set_zen_mode: off,cleanUpZenRules
02-20 20:15:44.466  1663  1738 D RttService: DefaultState got{ when=0 what=160513 target=com.android.internal.util.StateMachine$SmHandler }
02-20 20:15:44.467  1663  1737 I WifiScanningService: wifi driver unloaded
02-20 20:15:44.474  1489  1489 E hostapd : Using interface wlan1 with hwaddr 02:00:00:00:01:00 and ssid "AndroidWifi"
02-20 20:15:44.482  1489  1489 I hostapd : wlan1: interface state HT_SCAN->ENABLED
02-20 20:15:44.482  1489  1489 I hostapd : wlan1: AP-ENABLED 
02-20 20:15:44.484  1663  1688 I am_proc_bound: [0,1926,com.android.settings]
02-20 20:15:44.488  1663  1688 I am_restart_activity: [0,264920727,1,com.android.settings/.FallbackHome]
02-20 20:15:44.488  1663  1663 W System  : ClassLoader referenced unknown path: /system/priv-app/Telecom/lib/x86_64
02-20 20:15:44.497  1663  1663 D ApplicationLoaders: ignored Vulkan layer search path /system/priv-app/Telecom/lib/x86_64:/system/priv-app/Telecom/Telecom.apk!/lib/x86_64:/system/lib64:/vendor/lib64 for namespace 0x7b93789221d0
02-20 20:15:44.507  1926  1926 W System  : ClassLoader referenced unknown path: /system/priv-app/Settings/lib/x86_64
02-20 20:15:44.512  1369  1832 E OMXNodeInstance: getExtensionIndex(5590013:google.vp8.decoder, OMX.google.android.index.configureVideoTunnelMode) ERROR: UnsupportedIndex(0x8000101a)
02-20 20:15:44.512  1369  1381 W OMXNodeInstance: [5590013:google.vp8.decoder] component does not support metadata mode; using fallback
02-20 20:15:44.515  1372  1372 I MediaPlayerService: MediaPlayerService::getOMX
02-20 20:15:44.515  1372  1372 I OMXClient: MuxOMX ctor
02-20 20:15:44.515  1369  1369 I OMXMaster: makeComponentInstance(OMX.google.vp9.decoder) in mediacodec process
02-20 20:15:44.522  1663  1687 I am_proc_bound: [0,1916,com.android.phone]
02-20 20:15:44.548  1916  1916 W System  : ClassLoader referenced unknown path: /system/priv-app/TeleService/lib/x86_64
02-20 20:15:44.579  1663  1663 E BluetoothAdapter: Bluetooth binder is null
02-20 20:15:44.592  1663  1663 I Telecom : SystemStateProvider: Registering car mode receiver: android.content.IntentFilter@e525676: TS.init@AAA
02-20 20:15:44.601  1926  1926 I am_on_resume_called: [0,com.android.settings.FallbackHome,LAUNCH_ACTIVITY]
02-20 20:15:44.605  1312  1321 E SurfaceFlinger: ro.sf.lcd_density must be defined as a build property
02-20 20:15:44.606  1369  1381 E OMXNodeInstance: getExtensionIndex(5590014:google.vp9.decoder, OMX.google.android.index.configureVideoTunnelMode) ERROR: UnsupportedIndex(0x8000101a)
02-20 20:15:44.606  1369  1832 W OMXNodeInstance: [5590014:google.vp9.decoder] component does not support metadata mode; using fallback
02-20 20:15:44.612  1663  1959 I Telecom : Telecom: Non-call EVENT: AUDIO_ROUTE, Entering state QuiescentEarpieceRoute
02-20 20:15:44.612  1926  1926 D         : HostConnection::get() New Host Connection established 0x7b9369dfbfa0, tid 1926
02-20 20:15:44.616  1372  1372 I MediaPlayerService: MediaPlayerService::getOMX
02-20 20:15:44.617  1372  1372 I OMXClient: MuxOMX ctor
02-20 20:15:44.617  1369  1369 I OMXMaster: makeComponentInstance(OMX.google.h263.encoder) in mediacodec process
02-20 20:15:44.620  1663  1963 I Telecom : CallAudioModeStateMachine: Message received: null.: TS.init->CAMSM.pM_1@AAA_0
02-20 20:15:44.626  1916  1916 W System  : ClassLoader referenced unknown path: /system/priv-app/TelephonyProvider/lib/x86_64
02-20 20:15:44.627  1916  1916 D ApplicationLoaders: ignored Vulkan layer search path /system/priv-app/TelephonyProvider/lib/x86_64:/system/lib64:/vendor/lib64 for namespace 0x7b93789230f0
02-20 20:15:44.632  1663  1663 E BluetoothAdapter: Bluetooth binder is null
02-20 20:15:44.635  1663  1965 E ActivityThread: Failed to find provider info for call_log
02-20 20:15:44.645  1663  1663 I Telecom : Class: TelecomSystem.INSTANCE being set
02-20 20:15:44.645  1663  1663 E BluetoothAdapter: Bluetooth binder is null
02-20 20:15:44.646  1663  1663 W ContextImpl: Calling a method in the system process without a qualified user: android.app.ContextImpl.startService:1357 com.android.server.content.SyncManager$13.run:658 android.os.Handler.handleCallback:751 android.os.Handler.dispatchMessage:95 android.os.Looper.loop:154 
02-20 20:15:44.661  1369  1369 I SoftMPEG4Encoder: Construct SoftMPEG4Encoder
02-20 20:15:44.662  1372  1372 W ACodec  : do not know color format 0x7f000789 = 2130708361
02-20 20:15:44.662  1369  1381 E OMXNodeInstance: getConfig(5590015:google.h263.encoder, ConfigAndroidIntraRefresh(0x6f60000a)) ERROR: Undefined(0x80001001)
02-20 20:15:44.674  1372  1372 I MediaPlayerService: MediaPlayerService::getOMX
02-20 20:15:44.674  1372  1372 I OMXClient: MuxOMX ctor
02-20 20:15:44.674  1369  1369 I OMXMaster: makeComponentInstance(OMX.google.h264.encoder) in mediacodec process
02-20 20:15:44.681  1916  1916 D TelephonyProvider: dbh.onOpen: ok, queried table=siminfo
02-20 20:15:44.687  1916  1916 D TelephonyProvider: dbh.onOpen: ok, queried table=carriers
02-20 20:15:44.700  1663  1687 I stream_devices_changed: [0,0,2]
02-20 20:15:44.701  1663  1663 W System  : ClassLoader referenced unknown path: /system/priv-app/FusedLocation/lib/x86_64
02-20 20:15:44.701  1663  1663 D ApplicationLoaders: ignored Vulkan layer search path /system/priv-app/FusedLocation/lib/x86_64:/system/priv-app/FusedLocation/FusedLocation.apk!/lib/x86_64:/system/lib64:/vendor/lib64 for namespace 0x7b9378922240
02-20 20:15:44.702  1372  1372 W ACodec  : do not know color format 0x7f000789 = 2130708361
02-20 20:15:44.703  1663  1687 I stream_devices_changed: [2,0,2]
02-20 20:15:44.703  1663  1687 I stream_devices_changed: [3,0,2]
02-20 20:15:44.704  1663  1687 I stream_devices_changed: [6,0,2]
02-20 20:15:44.704  1372  1372 I MediaPlayerService: MediaPlayerService::getOMX
02-20 20:15:44.704  1372  1372 I OMXClient: MuxOMX ctor
02-20 20:15:44.704  1369  1369 I OMXMaster: makeComponentInstance(OMX.google.mpeg4.encoder) in mediacodec process
02-20 20:15:44.705  1663  1687 I stream_devices_changed: [4,0,2]
02-20 20:15:44.706  1763  1911 I vol.Events: writeEvent level_changed STREAM_ALARM 6
02-20 20:15:44.706  1763  1911 I vol.Events: writeEvent level_changed STREAM_BLUETOOTH_SCO 7
02-20 20:15:44.706  1763  1911 I vol.Events: writeEvent level_changed STREAM_MUSIC 11
02-20 20:15:44.711  1663  1663 D GpsNetInitiatedHandler: location enabled :true
02-20 20:15:44.711  1663  1663 V WiredAccessoryManager: notifyWiredAccessoryChanged: when=0 bits= mask=54
02-20 20:15:44.711  1663  1663 V WiredAccessoryManager: newName=h2w newState=0 headsetState=0 prev headsetState=0
02-20 20:15:44.711  1663  1663 E WiredAccessoryManager: No state change.
02-20 20:15:44.711  1663  1663 V WiredAccessoryManager: init()
02-20 20:15:44.711  1763  1911 I vol.Events: writeEvent level_changed STREAM_RING 5
02-20 20:15:44.712  1763  1911 I vol.Events: writeEvent level_changed STREAM_SYSTEM 5
02-20 20:15:44.712  1763  1911 I vol.Events: writeEvent level_changed STREAM_VOICE_CALL 4
02-20 20:15:44.749  1916  1916 D TDC     : updateOrInsert: inserting: Modem { uuid=modem, state=0, rilModel=0, rat={}, maxActiveVoiceCall=1, maxActiveDataCall=1, maxStandby=1 }
02-20 20:15:44.749  1916  1916 D TDC     : updateOrInsert: inserting: Sim { uuid=sim, modemUuid=modem, state=0 }
02-20 20:15:44.751  1369  1369 I SoftMPEG4Encoder: Construct SoftMPEG4Encoder
02-20 20:15:44.752  1372  1372 W ACodec  : do not know color format 0x7f000789 = 2130708361
02-20 20:15:44.752  1369  1381 E OMXNodeInstance: getConfig(5590017:google.mpeg4.encoder, ConfigAndroidIntraRefresh(0x6f60000a)) ERROR: Undefined(0x80001001)
02-20 20:15:44.753  1372  1372 I MediaPlayerService: MediaPlayerService::getOMX
02-20 20:15:44.753  1372  1372 I OMXClient: MuxOMX ctor
02-20 20:15:44.753  1369  1381 I OMXMaster: makeComponentInstance(OMX.google.vp8.encoder) in mediacodec process
02-20 20:15:44.770  1926  1960 D         : HostConnection::get() New Host Connection established 0x7b937422f0a0, tid 1960
02-20 20:15:44.771  1916  1916 D CdmaSSM : subscriptionSource from settings: 0
02-20 20:15:44.771  1916  1916 I PhoneFactory: Cdma Subscription set to 0
02-20 20:15:44.785  1926  1960 I OpenGLRenderer: Initialized EGL, version 1.4
02-20 20:15:44.785  1926  1960 D OpenGLRenderer: Swap behavior 1
02-20 20:15:44.785  1916  1916 I PhoneFactory: Network Mode set to 0
02-20 20:15:44.787  1312  1380 E SurfaceFlinger: ro.sf.lcd_density must be defined as a build property
02-20 20:15:44.790  1916  1916 D RILJ    : RIL(context, preferredNetworkType=0 cdmaSubscription=0)
02-20 20:15:44.793  1763  1763 D         : HostConnection::get() New Host Connection established 0x7b9369d6d720, tid 1763
02-20 20:15:44.798  1916  1916 D RILJ    : Starting RILReceiver0 [SUB0]
02-20 20:15:44.799  1372  1372 W ACodec  : do not know color format 0x7f000789 = 2130708361
02-20 20:15:44.799  1369  1832 E OMXNodeInstance: getConfig(5590018:google.vp8.encoder, ConfigAndroidIntraRefresh(0x6f60000a)) ERROR: Undefined(0x80001001)
02-20 20:15:44.801  1916  1916 D RILJ    : [3648]> GET_HARDWARE_CONFIG [SUB0]
02-20 20:15:44.801  1916  1916 D RilRequest: [3648]< GET_HARDWARE_CONFIG error: com.android.internal.telephony.CommandException: RADIO_NOT_AVAILABLE ret=
02-20 20:15:44.802  1916  1916 I PhoneFactory: Creating SubscriptionController
02-20 20:15:44.802  1372  1372 I MediaPlayerService: MediaPlayerService::getOMX
02-20 20:15:44.810  1372  1372 I OMXClient: MuxOMX ctor
02-20 20:15:44.813  1372  1372 I MediaPlayerService: MediaPlayerService::getOMX
02-20 20:15:44.813  1372  1372 I OMXClient: MuxOMX ctor
02-20 20:15:44.813  1372  1372 W MediaCodecList: unable to open media codecs configuration xml file: /data/misc/media/media_codecs_profiling_results.xml
02-20 20:15:44.814  1916  1916 D SubscriptionController: [SubscriptionController] init by Context
02-20 20:15:44.815  1372  1399 I MediaPlayerService: MediaPlayerService::getOMX
02-20 20:15:44.815  1763  1892 I OMXClient: MuxOMX ctor
02-20 20:15:44.815  1372  1372 I MediaPlayerService: MediaPlayerService::getOMX
02-20 20:15:44.816  1369  1369 I OMXMaster: makeComponentInstance(OMX.google.vorbis.decoder) in mediacodec process
02-20 20:15:44.816  1663  1812 I OMXClient: MuxOMX ctor
02-20 20:15:44.821  1374  1482 I RILC    : libril: new connection to RIL_SOCKET_1
02-20 20:15:44.821  1374  1482 I RILC    : RIL Daemon version: android reference-ril 1.0
02-20 20:15:44.822  1916  1996 I RILJ    : (0) Connected to 'rild' socket
02-20 20:15:44.822  1926  1960 D EGL_emulation: eglCreateContext: 0x7b9369d79a20: maj 3 min 0 rcv 3
02-20 20:15:44.822  1916  1996 D RILJ    : [UNSL]< UNSOL_RIL_CONNECTED {12} [SUB0]
02-20 20:15:44.822  1916  1996 D RILJ    : [3649]> RADIO_POWER off [SUB0]
02-20 20:15:44.823  1374  1482 D RIL     : onRequest: RADIO_POWER
02-20 20:15:44.823  1916  1996 D RILJ    : [3650]> RIL_REQUEST_CDMA_SET_SUBSCRIPTION_SOURCE : 0 [SUB0]
02-20 20:15:44.826  1374  1482 D RIL     : onRequest: CDMA_SET_SUBSCRIPTION_SOURCE
02-20 20:15:44.826  1916  1916 D UiccController: Creating UiccController
02-20 20:15:44.828  1916  1996 D RILJ    : setCellInfoListRate: 2147483647 [SUB0]
02-20 20:15:44.828  1916  1996 D RILJ    : [3651]> RIL_REQUEST_SET_CELL_INFO_LIST_RATE [SUB0]
02-20 20:15:44.830  1374  1482 D RIL     : onRequest: SET_UNSOL_CELL_INFO_LIST_RATE
02-20 20:15:44.830  1916  1996 D RILJ    : [UNSL]< UNSOL_RESPONSE_RADIO_STATE_CHANGED RADIO_OFF [SUB0]
02-20 20:15:44.831  1916  1996 D RILJ    : [3652]> SCREEN_STATE: true [SUB0]
02-20 20:15:44.831  1916  1916 D TelephonyTester: register for intent action=com.android.internal.telephony.action_detached
02-20 20:15:44.831  1916  1916 D TelephonyTester: register for intent action=com.android.internal.telephony.action_attached
02-20 20:15:44.832  1374  1482 D RIL     : onRequest: SCREEN_STATE
02-20 20:15:44.832  1916  1996 D RILJ    : [UNSL]< UNSOL_NITZ_TIME_RECEIVED 18/02/20:20:15:39+0:0:Unknown!Unknown [SUB0]
02-20 20:15:44.832  1916  1996 D RILJ    : [3649]< RADIO_POWER  [SUB0]
02-20 20:15:44.833  1916  1996 D RilRequest: [3650]< RIL_REQUEST_CDMA_SET_SUBSCRIPTION_SOURCE error: com.android.internal.telephony.CommandException: RADIO_NOT_AVAILABLE ret=
02-20 20:15:44.833  1916  1996 D RilRequest: [3651]< RIL_REQUEST_SET_CELL_INFO_LIST_RATE error: com.android.internal.telephony.CommandException: RADIO_NOT_AVAILABLE ret=
02-20 20:15:44.833  1916  1996 D RilRequest: [3652]< SCREEN_STATE error: com.android.internal.telephony.CommandException: RADIO_NOT_AVAILABLE ret=
02-20 20:15:44.839  1369  1381 I OMXMaster: makeComponentInstance(OMX.google.vorbis.decoder) in mediacodec process
02-20 20:15:44.858  1763  1763 D StorageNotification: Notifying about private volume: VolumeInfo{private}:
02-20 20:15:44.858  1763  1763 D StorageNotification:     type=PRIVATE diskId=null partGuid=null mountFlags=0 mountUserId=-1 
02-20 20:15:44.858  1763  1763 D StorageNotification:     state=MOUNTED 
02-20 20:15:44.858  1763  1763 D StorageNotification:     fsType=null fsUuid=null fsLabel=null 
02-20 20:15:44.858  1763  1763 D StorageNotification:     path=/data internalPath=null 
02-20 20:15:44.858  1763  1763 D StorageNotification: Notifying about public volume: VolumeInfo{public:253,64}:
02-20 20:15:44.858  1763  1763 D StorageNotification:     type=PUBLIC diskId=disk:253,64 partGuid=null mountFlags=VISIBLE 
02-20 20:15:44.858  1763  1763 D StorageNotification:     mountUserId=0 state=MOUNTED 
02-20 20:15:44.858  1763  1763 D StorageNotification:     fsType=vfat fsUuid=1E12-0B12 fsLabel=SDCARD 
02-20 20:15:44.858  1763  1763 D StorageNotification:     path=/storage/1E12-0B12 internalPath=/mnt/media_rw/1E12-0B12 
02-20 20:15:44.860  1916  1916 D Phone   : mDoesRilSendMultipleCallRing=true
02-20 20:15:44.860  1916  1916 D Phone   : mCallRingDelay=3000
02-20 20:15:44.861  1663  1663 W VibratorService: Tried to stop vibrating but there is no vibrator device.
02-20 20:15:44.872  1663  1663 D ConditionProviders.SCP: onSubscribe condition://android/schedule?days=6.7&start=23.30&end=10.0&exitAtAlarm=false
02-20 20:15:44.872  1663  1663 D ConditionProviders.SCP: setRegistered true
02-20 20:15:44.873  1916  1916 D RILJ    : [3653]> RIL_REQUEST_START_LCE [SUB0]
02-20 20:15:44.874  1374  1482 D RIL     : onRequest: <unknown request>
02-20 20:15:44.874  1916  1996 D RilRequest: [3653]< RIL_REQUEST_START_LCE error: com.android.internal.telephony.CommandException: RADIO_NOT_AVAILABLE ret=
02-20 20:15:44.876  1663  1663 D ConditionProviders.SCP: notifyCondition condition://android/schedule?days=6.7&start=23.30&end=10.0&exitAtAlarm=false STATE_FALSE reason=!meetsSchedule
02-20 20:15:44.896  1926  1960 D EGL_emulation: eglMakeCurrent: 0x7b9369d79a20: ver 3 0 (tinfo 0x7b93742f6aa0)
02-20 20:15:44.879  1663  1663 D ConditionProviders.SCP: Scheduling evaluate for Tue Feb 20 23:30:00 GMT+00:00 2018 (1519169400000), in +3h14m15s128ms, now=Tue Feb 20 20:15:44 GMT+00:00 2018 (1519157744872)
02-20 20:15:44.904  1663  1663 D ConditionProviders.SCP: onSubscribe condition://android/schedule?days=1.2.3.4.5&start=22.0&end=7.0&exitAtAlarm=false
02-20 20:15:44.906  1663  1663 D ConditionProviders.SCP: notifyCondition condition://android/schedule?days=6.7&start=23.30&end=10.0&exitAtAlarm=false STATE_FALSE reason=!meetsSchedule
02-20 20:15:44.906  1663  1663 D ConditionProviders.SCP: notifyCondition condition://android/schedule?days=1.2.3.4.5&start=22.0&end=7.0&exitAtAlarm=false STATE_FALSE reason=!meetsSchedule
02-20 20:15:44.910  1663  1663 D ConditionProviders.SCP: Scheduling evaluate for Tue Feb 20 22:00:00 GMT+00:00 2018 (1519164000000), in +1h44m15s95ms, now=Tue Feb 20 20:15:44 GMT+00:00 2018 (1519157744905)
02-20 20:15:44.911  1663  1731 I netstats_mobile_sample: [0,0,0,0,0,0,0,0,0,0,0,0,-1]
02-20 20:15:44.911  1663  1731 I netstats_wifi_sample: [0,0,0,0,0,0,0,0,0,0,0,0,-1]
02-20 20:15:44.925  1372  1372 I MediaPlayerService: MediaPlayerService::getOMX
02-20 20:15:44.926  1763  2006 I OMXClient: MuxOMX ctor
02-20 20:15:44.926  1369  1381 I OMXMaster: makeComponentInstance(OMX.google.vorbis.decoder) in mediacodec process
02-20 20:15:44.927  1663  1663 I Telecom : WiredHeadsetManager: ACTION_HEADSET_PLUG event, plugged in: false, : WHC.oADA@AAE
02-20 20:15:44.937  1926  1960 D EGL_emulation: eglMakeCurrent: 0x7b9369d79a20: ver 3 0 (tinfo 0x7b93742f6aa0)
02-20 20:15:44.944  1663  1663 I ActivityManager: user 0 is still locked. Cannot load recents
02-20 20:15:44.946  1916  1916 E RIL_ImsSms: getFormat should never be called from here!
02-20 20:15:44.946  1916  1916 D SMSDispatcher: SMSDispatcher: ctor mSmsCapable=true format=unknown mSmsSendDisabled=false
02-20 20:15:44.946  1916  1916 D RIL_ImsSms: ImsSMSDispatcher created
02-20 20:15:44.946  1916  1916 D SMSDispatcher: SMSDispatcher: ctor mSmsCapable=true format=3gpp2 mSmsSendDisabled=false
02-20 20:15:44.946  1916  1916 D CdmaSMSDispatcher: CdmaSMSDispatcher created
02-20 20:15:44.946  1372  1964 I MediaPlayerService: MediaPlayerService::getOMX
02-20 20:15:44.946  1663  2007 I OMXClient: MuxOMX ctor
02-20 20:15:44.948  1663  1663 D TelephonyRegistry: notifyCellLocationForSubscriber: subId=0 cellLocation=Bundle[{}]
02-20 20:15:44.949  1916  1957 D SubscriptionController: [getPhoneId]- no sims, returning default phoneId=2147483647
02-20 20:15:44.949  1663  1663 I notification_enqueue: [10028,1763,com.android.systemui,1397773634,public:253,64,-1,Notification(pri=0 contentView=null vibrate=null sound=null defaults=0x0 flags=0x100 color=0xff607d8b category=sys actions=2 vis=PUBLIC),0]
02-20 20:15:44.952  1663  1735 D WifiConfigManager: Loading config and enabling all networks 
02-20 20:15:44.955  1663  1735 W WifiNetworkHistory: Upgrading network 0 to android.uid.system:1000
02-20 20:15:44.956  1663  1735 D WifiConfigManager: loaded 0 passpoint configs
02-20 20:15:44.961  1663  1735 E IpConfigStore: Error parsing configuration: java.io.FileNotFoundException: /data/misc/wifi/ipconfig.txt (No such file or directory)
02-20 20:15:44.965  1663  1735 D WifiNative-HAL: Setting external_sim to 1
02-20 20:15:44.965  1663  1735 D WifiStateMachine: Setting OUI to DA-A1-19
02-20 20:15:44.965  1663  1735 I WifiConnectivityManager: PNO settings: min5GHzRssi -82 min24GHzRssi -85 currentConnectionBonus 16 sameNetworkBonus 24 secureNetworkBonus 80 initialScoreMax 100
02-20 20:15:44.965  1663  1735 I WifiConnectivityManager: ConnectivityScanManager initialized and disabled
02-20 20:15:44.965  1663  1735 I WifiConnectivityManager: setUntrustedConnectionAllowed: allowed=false
02-20 20:15:44.965  1663  1735 E WifiLogger: no ring buffers found
02-20 20:15:44.965  1663  1735 E WifiLogger: Failed to start packet fate monitoring
02-20 20:15:45.002  1663  1663 D RttService: SCAN_AVAILABLE : 3
02-20 20:15:45.002  1916  1916 D GsmInboundSmsHandler: created InboundSmsHandler
02-20 20:15:45.008  1663  1737 I WifiScanningService: wifi driver loaded with scan capabilities: max buckets=16
02-20 20:15:45.008  1663  1738 D RttService: DefaultState got{ when=-6ms what=160512 target=com.android.internal.util.StateMachine$SmHandler }
02-20 20:15:45.008  1663  1735 I WifiConnectivityManager: Set WiFi enabled
02-20 20:15:45.008  1663  1735 I WifiConnectivityManager: scheduleWatchdogTimer
02-20 20:15:45.009  1663  1735 D WifiNative-HAL: Failing getSupportedFeatureset because HAL isn't started
02-20 20:15:45.009  1663  1695 E BatteryStatsService: no controller energy info supplied
02-20 20:15:45.009  1663  1695 E KernelCpuSpeedReader: Failed to read cpu-freq: /sys/devices/system/cpu/cpu0/cpufreq/stats/time_in_state (No such file or directory)
02-20 20:15:45.016  1663  1695 E KernelUidCpuTimeReader: Failed to read uid_cputime: /proc/uid_cputime/show_uid_stat (No such file or directory)
02-20 20:15:45.017  1916  1916 D CdmaInboundSmsHandler: created InboundSmsHandler
02-20 20:15:45.019  1663  1735 D WifiNative-HAL: Failing getSupportedFeatureset because HAL isn't started
02-20 20:15:45.019  1663  1695 E BatteryStatsService: no controller energy info supplied
02-20 20:15:45.019  1663  1695 E KernelCpuSpeedReader: Failed to read cpu-freq: /sys/devices/system/cpu/cpu0/cpufreq/stats/time_in_state (No such file or directory)
02-20 20:15:45.020  1663  1695 E KernelUidCpuTimeReader: Failed to read uid_cputime: /proc/uid_cputime/show_uid_stat (No such file or directory)
02-20 20:15:45.020  1916  1916 D SMSDispatcher: SMSDispatcher: ctor mSmsCapable=true format=3gpp mSmsSendDisabled=false
02-20 20:15:45.020  1916  1916 D GsmSMSDispatcher: GsmSMSDispatcher created
02-20 20:15:45.021  1916  2013 D GsmInboundSmsHandler: StartupState.processMessage:6
02-20 20:15:45.021  1916  2013 D GsmInboundSmsHandler: entering Idle state
02-20 20:15:45.021  1916  2016 D CdmaInboundSmsHandler: StartupState.processMessage:6
02-20 20:15:45.021  1916  2016 D CdmaInboundSmsHandler: entering Idle state
02-20 20:15:45.025  1916  1916 D IccCardProxy: ctor: ci=com.android.internal.telephony.RIL@c72e63f phoneId=0
02-20 20:15:45.025  1916  1916 D CdmaSSM : subscriptionSource from settings: 0
02-20 20:15:45.025  1916  1916 D CdmaSSM : cdmaSSM constructor: 0
02-20 20:15:45.025  1916  1916 D IccCardProxy: update icc_operator_numeric=
02-20 20:15:45.025  1916  1916 D TelephonyManager: setTelephonyProperty: success phoneId=0 property=gsm.sim.operator.numeric value:  propVal=
02-20 20:15:45.026  1916  1916 D TelephonyManager: setTelephonyProperty: success phoneId=0 property=gsm.sim.operator.iso-country value:  propVal=
02-20 20:15:45.026  1916  1916 D TelephonyManager: setTelephonyProperty: success phoneId=0 property=gsm.sim.operator.alpha value:  propVal=
02-20 20:15:45.026  1916  1916 E IccCardProxy: setExternalState: set mPhoneId=0 mExternalState=NOT_READY
