02-20 20:16:54.906  1918  1918 D TelephonyNetworkFactory[0]: onSubIdChange -1->-2
02-20 20:16:54.906  1918  1918 D TelephonyNetworkFactory[0]: got request NetworkRequest [ REQUEST id=1, [ Capabilities: INTERNET&NOT_RESTRICTED&TRUSTED&NOT_VPN] ] with score 0
02-20 20:16:54.907  1918  1918 D DebugService: DebugService DebugService:
02-20 20:16:54.907  1918  1918 D TelephonyDebugService: TelephonyDebugService()
02-20 20:16:53.783     0     0 D ieee80211 phy0: mac80211_hwsim_config (freq=0 idle=1 ps=0 smps=auto)
02-20 20:16:53.783     0     0 D ieee80211 phy0: hwsim hw_scan request
02-20 20:16:53.784     0     0 D ieee80211 phy0: hw scan 2412 MHz
02-20 20:16:53.811     0     0 D ieee80211 phy0: hw scan 2417 MHz
02-20 20:16:53.843     0     0 D ieee80211 phy0: hw scan 2422 MHz
02-20 20:16:53.871     0     0 D ieee80211 phy0: hw scan 2427 MHz
02-20 20:16:53.901     0     0 D ieee80211 phy0: hw scan 2432 MHz
02-20 20:16:53.930     0     0 D ieee80211 phy0: hw scan 2437 MHz
02-20 20:16:53.961     0     0 D ieee80211 phy0: hw scan 2442 MHz
02-20 20:16:53.990     0     0 D ieee80211 phy0: hw scan 2447 MHz
02-20 20:16:54.021     0     0 D ieee80211 phy0: hw scan 2452 MHz
02-20 20:16:54.050     0     0 D ieee80211 phy0: hw scan 2457 MHz
02-20 20:16:54.080     0     0 D ieee80211 phy0: hw scan 2462 MHz
02-20 20:16:54.110     0     0 D ieee80211 phy0: hw scan 2467 MHz
02-20 20:16:54.231     0     0 D ieee80211 phy0: hw scan 2472 MHz
02-20 20:16:54.350     0     0 D ieee80211 phy0: hw scan 2484 MHz
02-20 20:16:54.935  1769  1769 I OpaLayout: Setting opa enabled to false
02-20 20:16:54.937  1769  1769 I OpaLayout: Setting opa enabled to false
02-20 20:16:54.945  1657  2100 I am_proc_start: [0,2209,10014,com.google.process.gapps,content provider,com.google.android.gsf/.gservices.GservicesProvider]
02-20 20:16:54.945  1657  2100 I ActivityManager: Start proc 2209:com.google.process.gapps/u0a14 for content provider com.google.android.gsf/.gservices.GservicesProvider
02-20 20:16:54.946  2209  2209 W art     : Unexpected CPU variant for X86 using defaults: x86_64
02-20 20:16:54.950  1657  1748 I am_proc_bound: [0,2209,com.google.process.gapps]
02-20 20:16:54.952  1657  1857 I dvm_lock_sample: [system_server,1,Binder:1657_4,12,ActivityManagerService.java,13717,-,10666,2]
02-20 20:16:54.953  1657  1694 W WindowManager: Keyguard drawn timeout. Setting mKeyguardDrawComplete
02-20 20:16:54.955  1918  1918 D CarrierConfigLoader: mHandler: 12 phoneId: 0
02-20 20:16:54.963  1918  1918 D WAP PUSH: Received broadcast android.intent.action.USER_UNLOCKED
02-20 20:16:54.963  1918  1918 D WAP PUSH: Received broadcast android.intent.action.USER_UNLOCKED
02-20 20:16:54.964  1918  1918 D SmsBroadcastUndelivered: Received broadcast android.intent.action.USER_UNLOCKED
02-20 20:16:54.964  1918  1918 D SubscriptionInfoUpdater: [Receiver]+
02-20 20:16:54.964  1918  1918 D SubscriptionInfoUpdater: Action: android.intent.action.USER_UNLOCKED
02-20 20:16:54.964  1918  1918 D SubscriptionInfoUpdater: Broadcasting intent ACTION_SIM_STATE_CHANGED for mCardIndex: 0
02-20 20:16:54.965  1918  1918 D SubscriptionInfoUpdater: [Receiver]-
02-20 20:16:54.965  1918  1918 D CarrierSvcBindHelper: Received android.intent.action.USER_UNLOCKED
02-20 20:16:54.966  1657  1735 D WIFI    : Registering NetworkFactory
02-20 20:16:54.966  1657  1735 D WIFI_UT : Registering NetworkFactory
02-20 20:16:54.966  1657  1739 D ConnectivityService: Got NetworkFactory Messenger for WIFI
02-20 20:16:54.966  1657  1739 D ConnectivityService: Got NetworkFactory Messenger for WIFI_UT
02-20 20:16:54.966  1657  1735 D WIFI    : got request NetworkRequest [ REQUEST id=1, [ Capabilities: INTERNET&NOT_RESTRICTED&TRUSTED&NOT_VPN] ] with score 0
02-20 20:16:54.966  1657  1735 I WifiConnectivityManager: Set WiFiConnectivityManager enabled
02-20 20:16:54.979  1918  1918 E PhoneInterfaceManager: [PhoneIntfMgr] getCarrierPackageNamesForIntent: No UICC
02-20 20:16:54.979  1918  1918 D CarrierSvcBindHelper: No carrier app for: 0
02-20 20:16:54.979  1918  1918 D RILJ    : [3672]> RIL_REQUEST_QUERY_TTY_MODE [SUB0]
02-20 20:16:54.980  1918  1918 D GsmSMSDispatcher: GsmSMSDispatcher: subId = -2 slotId = 0
02-20 20:16:54.980  1918  1918 E IccCardProxy: setExternalState: !override and newstate unchanged from NOT_READY
02-20 20:16:54.980  1918  1918 D UiccController: Received EVENT_GET_ICC_STATUS_DONE
02-20 20:16:54.980  1918  1918 D UiccCard: 2 applications
02-20 20:16:54.980  1918  1918 D UiccCardApplication: Creating UiccApp: {APPTYPE_SIM,APPSTATE_DETECTED}
02-20 20:16:54.981  1376  1460 D RIL     : onRequest: QUERY_TTY_MODE
02-20 20:16:54.981  1376  1460 D RIL     : Request not supported. Tech: 1
02-20 20:16:54.981  1918  2001 D RilRequest: [3672]< RIL_REQUEST_QUERY_TTY_MODE error: com.android.internal.telephony.CommandException: REQUEST_NOT_SUPPORTED ret=
02-20 20:16:54.981  1918  2226 E WAP PUSH: bindService() for wappush manager failed
02-20 20:16:54.981  1918  2225 E WAP PUSH: bindService() for wappush manager failed
02-20 20:16:54.983  1918  1918 W VoiceMailConstants: Can't open /system/etc/voicemail-conf.xml
02-20 20:16:54.983  1918  1918 D SpnOverride: No SPN in OEM image = /oem/telephony/spn-conf.xml Load SPN from system image
02-20 20:16:54.983  1918  2227 D SmsBroadcastUndelivered: scanning raw table for undelivered messages
02-20 20:16:54.984  1918  1918 W SpnOverride: Can not open /system/etc/spn-conf.xml
02-20 20:16:54.984  1918  1918 D SIMRecords: [SIMRecords] setting0 mMncLength-1
02-20 20:16:54.984  1918  1918 D SIMRecords: [SIMRecords] SIMRecords: onRadioOffOrNotAvailable set 'gsm.sim.operator.numeric' to operator=null
02-20 20:16:54.984  1918  1918 D SIMRecords: [SIMRecords] update icc_operator_numeric=null
02-20 20:16:54.984  1918  1918 D TelephonyManager: setTelephonyProperty: success phoneId=0 property=gsm.sim.operator.numeric value:  propVal=
02-20 20:16:54.984  1918  1918 D TelephonyManager: setTelephonyProperty: success phoneId=0 property=gsm.sim.operator.alpha value:  propVal=
02-20 20:16:54.984  1918  1918 D TelephonyManager: setTelephonyProperty: success phoneId=0 property=gsm.sim.operator.iso-country value:  propVal=
02-20 20:16:55.007  1918  1918 D SIMRecords: [SIMRecords] getOperatorNumeric: IMSI == null
02-20 20:16:55.007  1918  1918 D SIMRecords: [SIMRecords] SIMRecords X ctor this=SimRecords: mDestroyed=false mContext=com.android.phone.PhoneGlobals@79a710b mCi=com.android.internal.telephony.RIL@46bd496 mFh=Handler (com.android.internal.telephony.uicc.SIMFileHandler) {4b5abe8} mParentApp=com.android.internal.telephony.uicc.UiccCardApplication@92b1201 recordsLoadedRegistrants=android.os.RegistrantList@49928a6 mImsiReadyRegistrants=android.os.RegistrantList@5fd12e7 mRecordsEventsRegistrants=android.os.RegistrantList@e2d9e94 mNewSmsRegistrants=android.os.RegistrantList@a35cd3d mNetworkSelectionModeAutomaticRegistrants=android.os.RegistrantList@79f2932 recordsToLoad=0 adnCache=Handler (com.android.internal.telephony.uicc.AdnRecordCache) {bfdf683} recordsRequested=false iccid=null msisdnTag=null voiceMailNum=null voiceMailTag=null voiceMailNum=null newVoiceMailTag=null isVoiceMailFixed=false mImsi=null mncLength=-1 mailboxIndex=0 spn=null mVmConfigcom.android.internal.telephony.uicc.VoiceMailConstants@8901000 mSpnOverride=mSpnOverride callForwardingEnabled=0 spnState=null mCphsInfo=null mCspPlmnEnabled=true efMWIS=null efCPHS_MWI=null mEfCff=null mEfCfis=null getOperatorNumeric=null
02-20 20:16:55.011  1657  1657 I am_proc_start: [0,2230,10067,com.google.android.deskclock,broadcast,com.google.android.deskclock/com.android.deskclock.AlarmInitReceiver]
02-20 20:16:55.011  1657  1657 I ActivityManager: Start proc 2230:com.google.android.deskclock/u0a67 for broadcast com.google.android.deskclock/com.android.deskclock.AlarmInitReceiver
02-20 20:16:55.011  1657  1694 I dvm_lock_sample: [system_server,1,android.ui,45,ActivityManagerService.java,4219,BroadcastQueue.java,760,9]
02-20 20:16:55.012  1657  1735 D WIFI_UT : got request NetworkRequest [ REQUEST id=1, [ Capabilities: INTERNET&NOT_RESTRICTED&TRUSTED&NOT_VPN] ] with score 0
02-20 20:16:55.012  1657  1737 I dvm_lock_sample: [system_server,0,WifiScanningService,44,AlarmManagerService.java,1072,-,1072,8]
02-20 20:16:55.015  1918  1918 D UiccCardApplication: Creating UiccApp: {APPTYPE_RUIM,APPSTATE_DETECTED}
02-20 20:16:55.040  1657  1691 I am_proc_start: [0,2235,10029,com.google.android.googlequicksearchbox:search,service,com.google.android.googlequicksearchbox/com.google.android.apps.gsa.nowoverlayservice.DrawerOverlayService]
02-20 20:16:55.040  1657  1691 I ActivityManager: Start proc 2235:com.google.android.googlequicksearchbox:search/u0a29 for service com.google.android.googlequicksearchbox/com.google.android.apps.gsa.nowoverlayservice.DrawerOverlayService
02-20 20:16:55.041  2209  2209 I art     : Starting a blocking GC AddRemoveAppImageSpace
02-20 20:16:55.042  2209  2209 W System  : ClassLoader referenced unknown path: /system/priv-app/GoogleServicesFramework/lib/x86_64
02-20 20:16:55.050  2230  2230 W art     : Unexpected CPU variant for X86 using defaults: x86_64
02-20 20:16:55.051  1918  1918 D RuimRecords: [RuimRecords] setting0 mMncLength-1
02-20 20:16:55.056  1918  1918 D RuimRecords: [RuimRecords] RuimRecords X ctor this=RuimRecords: mDestroyed=false mContext=com.android.phone.PhoneGlobals@79a710b mCi=com.android.internal.telephony.RIL@46bd496 mFh=Handler (com.android.internal.telephony.uicc.RuimFileHandler) {92a67e} mParentApp=com.android.internal.telephony.uicc.UiccCardApplication@9f77df recordsLoadedRegistrants=android.os.RegistrantList@fe62c2c mImsiReadyRegistrants=android.os.RegistrantList@c7e66f5 mRecordsEventsRegistrants=android.os.RegistrantList@baeac8a mNewSmsRegistrants=android.os.RegistrantList@eadb2fb mNetworkSelectionModeAutomaticRegistrants=android.os.RegistrantList@59fdf18 recordsToLoad=0 adnCache=Handler (com.android.internal.telephony.uicc.AdnRecordCache) {f9b7d71} recordsRequested=false iccid=null msisdnTag=null voiceMailNum=null voiceMailTag=null voiceMailNum=null newVoiceMailTag=null isVoiceMailFixed=false mImsi=null mncLength=-1 mailboxIndex=0 spn=null m_ota_commitedfalse mMyMobileNumber=xxxx mMin2Min1=null mPrlVersion=null mEFpl=null mEFli=null mCsimSpnDisplayCondition=false mMdn=null mMin=null mHomeSystemId=null mHomeNetworkId=null
02-20 20:16:55.072  2148  2148 I am_on_resume_called: [0,com.google.android.apps.nexuslauncher.NexusLauncherActivity,LAUNCH_ACTIVITY]
02-20 20:16:55.085  1918  1918 D CAT     : CatService: registerForRecordsLoaded slotid=0 instance:Handler (com.android.internal.telephony.cat.CatService) {9c77930}
02-20 20:16:55.086  1918  1918 D CAT     : CatService: Running CAT service on Slotid: 0. STK app installed:false
02-20 20:16:55.086  1918  1918 D UiccCard: Before privilege rules: null : CARDSTATE_PRESENT
02-20 20:16:55.086  1918  1918 D RILJ    : [3673]> RIL_REQUEST_SIM_OPEN_CHANNEL [SUB0]
02-20 20:16:55.089  1376  1460 D RIL     : onRequest: SIM_OPEN_CHANNEL
02-20 20:16:55.089  1376  1460 D AT      : AT> AT+CCHO=A00000015141434C00
02-20 20:16:55.089  1918  1918 E UiccCard: App index 8 is invalid since there are no applications
02-20 20:16:55.089  1376  1464 D AT      : AT< 1
02-20 20:16:55.089  1918  1918 D UiccCard: update: radioState=RADIO_ON mLastRadioState=RADIO_UNAVAILABLE
02-20 20:16:55.089  1376  1464 D AT      : AT< OK
02-20 20:16:55.089  1918  2001 D RILJ    : [3673]< RIL_REQUEST_SIM_OPEN_CHANNEL  [SUB0]
02-20 20:16:55.089  1918  1918 D UiccController: Notifying IccChangedRegistrants
02-20 20:16:55.091  2235  2235 W art     : Unexpected CPU variant for X86 using defaults: x86
02-20 20:16:55.091  1918  1918 D GsmCdmaPhone: get phone radio capability fail, no need to change mRadioCapability
02-20 20:16:55.091  1918  1918 D GsmCdmaPhone: EVENT_GET_RADIO_CAPABILITY: phone rc: null
02-20 20:16:55.091  1918  1918 D Phone   : config LCE service failed: com.android.internal.telephony.CommandException: RADIO_NOT_AVAILABLE
02-20 20:16:55.091  1918  1918 D SST     : mDeviceShuttingDown=false, mDesiredPowerState=true, getRadioState=RADIO_ON, mPowerOffDelayNeed=true, mAlarmSwitch=false, mRadioDisabledByCarrier=false
02-20 20:16:55.091  1918  1918 D RILJ    : [3674]> OPERATOR [SUB0]
02-20 20:16:55.092  1376  1460 D RIL     : onRequest: OPERATOR
02-20 20:16:55.092  1376  1460 D AT      : AT> AT+COPS=3,0;+COPS?;+COPS=3,1;+COPS?;+COPS=3,2;+COPS?
02-20 20:16:55.092  1918  1918 D RILJ    : [3675]> DATA_REGISTRATION_STATE [SUB0]
02-20 20:16:55.092  1376  1464 D AT      : AT< +COPS: 0,0,"Android"
02-20 20:16:55.092  1376  1464 D AT      : AT< +COPS: 0,1,"Android"
02-20 20:16:55.092  1376  1464 D AT      : AT< +COPS: 0,2,"310260"
02-20 20:16:55.092  1376  1464 D AT      : AT< OK
02-20 20:16:55.092  1918  1918 D RILJ    : [3676]> VOICE_REGISTRATION_STATE [SUB0]
02-20 20:16:55.092  1918  2001 D RILJ    : [3674]< OPERATOR {Android, Android, 310260} [SUB0]
02-20 20:16:55.092  1376  1460 D RIL     : onRequest: DATA_REGISTRATION_STATE
02-20 20:16:55.092  1376  1460 D RIL     : requestRegistrationState
02-20 20:16:55.092  1376  1460 D AT      : AT> AT+CGREG?
02-20 20:16:55.092  1376  1464 D AT      : AT< +CGREG: 1,1,"0003","005b","000e"
02-20 20:16:55.092  1376  1464 D AT      : AT< OK
02-20 20:16:55.092  1376  1460 D RIL     : parseRegistrationState. Parsing: +CGREG: 1,1,"0003","005b","000e"
02-20 20:16:55.092  1376  1460 D RIL     : registration state type: 3GPP
02-20 20:16:55.092  1918  1918 D RILJ    : [3677]> QUERY_NETWORK_SELECTION_MODE [SUB0]
02-20 20:16:55.092  1376  1460 D RIL     : onRequest: VOICE_REGISTRATION_STATE
02-20 20:16:55.092  1376  1460 D RIL     : requestRegistrationState
02-20 20:16:55.092  1376  1460 D AT      : AT> AT+CREG?
02-20 20:16:55.092  1376  1464 D AT      : AT< +CREG: 2,1, "0003", "005b"
02-20 20:16:55.092  1376  1464 D AT      : AT< OK
02-20 20:16:55.092  1376  1460 D RIL     : parseRegistrationState. Parsing: +CREG: 2,1, "0003", "005b"
02-20 20:16:55.092  1376  1460 D RIL     : registration state type: 3GPP
02-20 20:16:55.092  1918  1918 D RILJ    : [3678]> GET_CURRENT_CALLS [SUB0]
02-20 20:16:55.092  1918  2001 D RILJ    : [3675]< DATA_REGISTRATION_STATE {1, 3, 5b, 14, null, null} [SUB0]
02-20 20:16:55.092  1376  1460 D RIL     : onRequest: QUERY_NETWORK_SELECTION_MODE
02-20 20:16:55.092  1376  1460 D AT      : AT> AT+COPS?
02-20 20:16:55.092  1376  1464 D AT      : AT< +COPS: 0,2,310260
02-20 20:16:55.092  1376  1464 D AT      : AT< OK
02-20 20:16:55.092  1376  1460 D RIL     : onRequest: GET_CURRENT_CALLS
02-20 20:16:55.092  1376  1460 D AT      : AT> AT+CLCC
02-20 20:16:55.092  1918  1918 D RILJ    : [3679]> RIL_REQUEST_IMS_REGISTRATION_STATE [SUB0]
02-20 20:16:55.092  1376  1464 D AT      : AT< OK
02-20 20:16:55.093  1918  2001 D RILJ    : [3676]< VOICE_REGISTRATION_STATE {1, 3, 5b, 0, null, null, null, null, null, null, null, null, null, null, null} [SUB0]
02-20 20:16:55.093  1918  2001 D RILJ    : [3677]< QUERY_NETWORK_SELECTION_MODE {0} [SUB0]
02-20 20:16:55.093  1918  2001 D RILJ    : [3678]< GET_CURRENT_CALLS {} [SUB0]
02-20 20:16:55.093  1918  1918 D RILJ    : [3680]> RIL_REQUEST_CDMA_GET_SUBSCRIPTION_SOURCE [SUB0]
02-20 20:16:55.093  1376  1460 D RIL     : onRequest: IMS_REGISTRATION_STATE
02-20 20:16:55.093  1376  1460 D RIL     : IMS_REGISTRATION=0, format=1 
02-20 20:16:55.093  1918  2001 D RILJ    : [3679]< RIL_REQUEST_IMS_REGISTRATION_STATE {0, 1} [SUB0]
02-20 20:16:55.101  1918  1918 D GsmCdmaPhone: [GsmCdmaPhone] Event EVENT_RADIO_ON Received
02-20 20:16:55.101  1918  1918 D RILJ    : [3681]> RIL_REQUEST_VOICE_RADIO_TECH [SUB0]
02-20 20:16:55.101  1376  1460 D RIL     : onRequest: CDMA_GET_SUBSCRIPTION_SOURCE
02-20 20:16:55.101  1376  1460 D RIL     : Request not supported. Tech: 1
02-20 20:16:55.101  1918  1918 D UiccController: Received EVENT_ICC_STATUS_CHANGED, calling getIccCardStatus
02-20 20:16:55.101  1918  1918 D RILJ    : [3682]> GET_SIM_STATUS [SUB0]
02-20 20:16:55.102  1376  1460 D RIL     : onRequest: VOICE_RADIO_TECH
02-20 20:16:55.102  1918  2001 D RilRequest: [3680]< RIL_REQUEST_CDMA_GET_SUBSCRIPTION_SOURCE error: com.android.internal.telephony.CommandException: REQUEST_NOT_SUPPORTED ret=
02-20 20:16:55.102  1918  2001 D RILJ    : [3681]< RIL_REQUEST_VOICE_RADIO_TECH {11} [SUB0]
02-20 20:16:55.102  1376  1460 D RIL     : onRequest: GET_SIM_STATUS
02-20 20:16:55.102  1376  1460 D RIL     : getSIMStatus(). sState: 10
02-20 20:16:55.102  1376  1460 D AT      : AT> AT+CPIN?
02-20 20:16:55.103  1376  1464 D AT      : AT< +CPIN: READY
02-20 20:16:55.103  1376  1464 D AT      : AT< OK
02-20 20:16:55.103  1918  1918 D SST     : EVENT_POLL_STATE_NETWORK_SELECTION_MODE
02-20 20:16:55.103  1918  1918 D SST     : EVENT_POLL_STATE_NETWORK_SELECTION_MODE
02-20 20:16:55.104  1918  1918 D PhoneSwitcher: evaluating due to netRequest default 0->1 phone[0] 0->-2
02-20 20:16:55.105  1918  2001 D RILJ    : [3682]< GET_SIM_STATUS IccCardState {CARDSTATE_PRESENT,PINSTATE_UNKNOWN,num_apps=2,gsm_id=0{APPTYPE_SIM,APPSTATE_READY},cdma_id=1{APPTYPE_RUIM,APPSTATE_READY},ims_id=8} [SUB0]
02-20 20:16:55.105  1918  1918 D TelephonyNetworkFactory[0]: not acting - isApp=false, isAct=false NetworkRequest [ REQUEST id=1, [ Capabilities: INTERNET&NOT_RESTRICTED&TRUSTED&NOT_VPN] ]
02-20 20:16:55.106  1918  1918 D SubscriptionInfoUpdater: [Receiver]+
02-20 20:16:55.106  1918  1918 D SubscriptionInfoUpdater: Action: android.intent.action.SIM_STATE_CHANGED
02-20 20:16:55.106  1918  1918 D SubscriptionInfoUpdater: slotId: 0
02-20 20:16:55.106  1918  1918 D SubscriptionInfoUpdater: simStatus: NOT_READY
02-20 20:16:55.106  1918  1918 D SubscriptionInfoUpdater: Ignoring simStatus: NOT_READY
02-20 20:16:55.106  1918  1918 D SubscriptionInfoUpdater: [Receiver]-
02-20 20:16:55.106  1918  1918 D DCT     : [0]NETWORK_STATE_CHANGED_ACTION: mIsWifiConnected=false
02-20 20:16:55.106  1918  1918 D CAT     : CatService: handleMessage[8]
02-20 20:16:55.106  1918  1918 D CAT     : CatService: MSG_ID_ICC_CHANGED
02-20 20:16:55.106  1918  1918 D CAT     : CatService: New Card State = CARDSTATE_PRESENT Old Card State = CARDSTATE_ABSENT
02-20 20:16:55.106  1918  1918 D RILJ    : [3683]> RIL_REQUEST_REPORT_STK_SERVICE_IS_RUNNING [SUB0]
02-20 20:16:55.111  1376  1460 D RIL     : onRequest: REPORT_STK_SERVICE_IS_RUNNING
02-20 20:16:55.111  1376  1460 D RIL     : Request not supported. Tech: 1
02-20 20:16:55.113  1918  2001 D RilRequest: [3683]< RIL_REQUEST_REPORT_STK_SERVICE_IS_RUNNING error: com.android.internal.telephony.CommandException: REQUEST_NOT_SUPPORTED ret=
02-20 20:16:55.113  1918  1918 D GsmCdmaPhone: [GsmCdmaPhone] New Uicc application found. type = APPTYPE_SIM
02-20 20:16:55.113  1918  1918 D GsmSMSDispatcher: GsmSMSDispatcher: subId = -2 slotId = 0
02-20 20:16:55.113  1918  1918 D GsmSMSDispatcher: New Uicc application found
02-20 20:16:55.113  1918  1918 D IccCardProxy: Icc changed. Reregestering.
02-20 20:16:55.113  1918  1918 D SST     : New card found
02-20 20:16:55.113  1918  1918 D CAT     : CatService: handleMessage[8]
02-20 20:16:55.113  1918  1918 D CAT     : CatService: MSG_ID_ICC_CHANGED
02-20 20:16:55.113  1918  1918 D CAT     : CatService: New Card State = CARDSTATE_PRESENT Old Card State = CARDSTATE_PRESENT
02-20 20:16:55.114  1918  1918 E SST     : error parsing GprsRegistrationState: java.lang.NumberFormatException: null
02-20 20:16:55.114  1918  1918 D SST     : handlPollStateResultMessage: GsmSST setDataRegState=0 regState=1 dataRadioTechnology=14
02-20 20:16:55.114  1918  1918 D SST     : EVENT_POLL_STATE_NETWORK_SELECTION_MODE
02-20 20:16:55.115  1918  1918 D SST     : Poll ServiceState done:  oldSS=[1 1 voice home data home null null null null null null  Unknown Unknown CSS not supported 0 0 RoamInd=0 DefRoamInd=0 EmergOnly=false IsDataRoamingFromRegistration=false IsUsingCarrierAggregation=false] newSS=[0 0 voice home data home Android Android 310260 Android Android 310260  Unknown LTE CSS not supported -1 -1 RoamInd=-1 DefRoamInd=-1 EmergOnly=false IsDataRoamingFromRegistration=false IsUsingCarrierAggregation=false] oldMaxDataCalls=1 mNewMaxDataCalls=1 oldReasonDataDenied=-1 mNewReasonDataDenied=-1
02-20 20:16:55.115  1918  1918 I gsm_service_state_change: [1,1,0,0]
02-20 20:16:55.115  1918  1918 D TelephonyManager: setTelephonyProperty: success phoneId=0 property=gsm.network.type value: LTE propVal=LTE
02-20 20:16:55.115  1918  1918 D SST     : pollStateDone: registering current mNitzUpdatedTime=false changing to false
02-20 20:16:55.115  1918  1918 D SIMRecords: [SIMRecords] getServiceProviderName: no brandOverride, providerName=null
02-20 20:16:55.115  1918  1918 D SIMRecords: [SIMRecords] getServiceProviderName: no brandOverride, providerName=null
02-20 20:16:55.115  1918  1918 D SST     : updateSpnDisplay: changed sending intent rule=2 showPlmn='true' plmn='Android' showSpn='false' spn='null' dataSpn='null' subId='-2'
02-20 20:16:55.116  1918  1918 D SubscriptionController: [setPlmnSpn] No valid subscription to store info
02-20 20:16:55.116  1918  1918 D SubscriptionController: notifySubscriptionInfoChanged:
02-20 20:16:55.116  1657  1691 D TelephonyRegistry: notifySubscriptionInfoChanged: first invocation mRecords.size=16
02-20 20:16:55.116  1657  1657 I GnssLocationProvider: WakeLock acquired by sendMessage(12, 0, null)
02-20 20:16:55.116  1918  1948 D SubscriptionController: [getActiveSubInfoList] Sub Controller not ready
02-20 20:16:55.117  1918  1918 D TelephonyManager: setTelephonyProperty: success phoneId=0 property=gsm.operator.alpha value: Android propVal=Android
02-20 20:16:55.117  1918  1918 D TelephonyManager: setTelephonyProperty: success phoneId=0 property=gsm.operator.numeric value: 310260 propVal=310260
02-20 20:16:55.117  1918  1918 D SST     : update mccmnc=310260 fromServiceState=true
02-20 20:16:55.117  1918  1918 D MccTable: updateMccMncConfiguration mccmnc='310260' fromServiceState=true
02-20 20:16:55.118  1918  1918 D SubscriptionController: [getPhoneId]- no sims, returning default phoneId=2147483647
02-20 20:16:55.118  1918  1918 D MccTable: updateMccMncConfiguration defaultMccMnc=
02-20 20:16:55.118  1918  1918 D MccTable: updateMccMncConfiguration: mcc=310, mnc=260
02-20 20:16:55.118  1918  1918 D MccTable: WIFI_COUNTRY_CODE set to us
02-20 20:16:55.118  1769  1769 E BluetoothAdapter: Bluetooth binder is null
02-20 20:16:55.122  1313  1324 E SurfaceFlinger: ro.sf.lcd_density must be defined as a build property
02-20 20:16:55.127  2148  2148 D         : HostConnection::get() New Host Connection established 0x758a56c55300, tid 2148
02-20 20:16:55.129  2148  2205 V GridSizeMigrationTask: Workspace migration completed in 122
02-20 20:16:55.138  1657  1690 I WifiService: WifiService trying to set country code to us with persist set to false
02-20 20:16:55.138  1657  1690 D WifiCountryCode: Succeeded to set country code to: US
02-20 20:16:55.138  1918  1918 D TelephonyManager: setTelephonyProperty: success phoneId=0 property=gsm.operator.iso-country value: us propVal=us
02-20 20:16:55.142  1918  1918 D SST     : pollStateDone: there are 6 unique offsets for iso-cc='us testOneUniqueOffsetPath=false', do nothing
02-20 20:16:55.146  1918  1918 D SST     : shouldFixTimeZoneNow: retVal=true iccCardExist=true operatorNumeric=310260 mcc=310 prevOperatorNumeric= prevMcc=311 needToFixTimeZone=false ltod=02-20 20:16:55.143
02-20 20:16:55.146  1918  1918 D SST     : fixTimeZone zoneName='GMT' mZoneOffset=0 mZoneDst=false iso-cc='us' iso-cc-idx=-21
02-20 20:16:55.146  1918  1918 D SST     : fixTimeZone: using default TimeZone
02-20 20:16:55.146  1918  1918 D SST     : fixTimeZone: zone != null zone.getID=GMT
02-20 20:16:55.146  1918  1918 D SST     : setAndBroadcastNetworkSetTimeZone: setTimeZone=GMT
02-20 20:16:55.146  1657  1690 D AlarmManagerService: Kernel timezone updated to 0 minutes west of GMT
02-20 20:16:55.148  1918  2227 D SmsBroadcastUndelivered: finished scanning raw table in 164 ms
02-20 20:16:55.148  2148  2205 D Launcher.Model: loadWorkspace: loading default favorites
02-20 20:16:55.150  1657  1690 I am_proc_bound: [0,2230,com.google.android.deskclock]
02-20 20:16:55.151  1918  1918 D SST     : setAndBroadcastNetworkSetTimeZone: call alarm.setTimeZone and broadcast zoneId=GMT
02-20 20:16:55.151  1918  1918 D TelephonyManager: setTelephonyProperty: success phoneId=0 property=gsm.operator.isroaming value: false propVal=false
02-20 20:16:55.152  1918  1918 D SST     : Broadcasting ServiceState : 0 0 voice home data home Android Android 310260 Android Android 310260  Unknown LTE CSS not supported -1 -1 RoamInd=-1 DefRoamInd=-1 EmergOnly=false IsDataRoamingFromRegistration=false IsUsingCarrierAggregation=false
02-20 20:16:55.152  1918  1918 D DefaultPhoneNotifier: nofityServiceState: mRegistry=com.android.internal.telephony.ITelephonyRegistry$Stub$Proxy@a7c16cf ss=0 0 voice home data home Android Android 310260 Android Android 310260  Unknown LTE CSS not supported -1 -1 RoamInd=-1 DefRoamInd=-1 EmergOnly=false IsDataRoamingFromRegistration=false IsUsingCarrierAggregation=false sender=Handler (com.android.internal.telephony.GsmCdmaPhone) {daedc5d} phondId=0 subId=-2
02-20 20:16:55.161  1918  1918 D SubscriptionController: [getSlotId]- subId invalid
02-20 20:16:55.161  1657  2073 D TelephonyManager: getSimState: default sim:-1, sim state for slotIdx=0 is 6, return state as unknown
02-20 20:16:55.162  1918  1918 D SST     : notifyDataRegStateRilRadioTechnologyChanged: drs=0 rat=14
02-20 20:16:55.162  1918  1918 D TelephonyManager: setTelephonyProperty: success phoneId=0 property=gsm.network.type value: LTE propVal=LTE
02-20 20:16:55.162  1918  1918 D DCT     : [0]get all active apn types
02-20 20:16:55.162  1918  1918 D SST     : getCellLocation(): X good mCellLoc=[3,91,-1]
02-20 20:16:55.164  1657  1748 D TelephonyRegistry: notifyCellLocationForSubscriber: subId=-2 cellLocation=Bundle[mParcelledData.dataSize=64]
02-20 20:16:55.172  1918  1918 D GsmCdmaCallTracker: Event EVENT_POLL_CALLS_RESULT Received
02-20 20:16:55.172  1918  1918 D GsmCdmaCallTracker: [GsmCdmaCallTracker] update phone state, old=IDLE new=IDLE
02-20 20:16:55.172  1918  1918 D RIL_ImsSms: IMS is NOT registered!
02-20 20:16:55.172  1918  1918 D CdmaSSM : CDMA_SUBSCRIPTION_SOURCE event = 2
02-20 20:16:55.172  1918  1918 W CdmaSSM : Unable to get CDMA Subscription Source, Exception: com.android.internal.telephony.CommandException: REQUEST_NOT_SUPPORTED, result: null
02-20 20:16:55.172  1918  1918 D GsmCdmaPhone: [GsmCdmaPhone] EVENT_REQUEST_VOICE_RADIO_TECH_DONE: newVoiceTech=11
02-20 20:16:55.172  1918  1918 D GsmCdmaPhone: [GsmCdmaPhone] phoneObjectUpdater: newVoiceRadioTech=11
02-20 20:16:55.172  1918  1918 D GsmCdmaPhone: [GsmCdmaPhone] phoneObjectUpdater: No change ignore, newVoiceRadioTech=11 mActivePhone=GSM
02-20 20:16:55.172  1769  1769 I CameraManagerGlobal: Connecting to camera service
02-20 20:16:55.172  1918  1918 D UiccController: Received EVENT_GET_ICC_STATUS_DONE
02-20 20:16:55.172  1918  1918 D UiccCard: 2 applications
02-20 20:16:55.172  1918  1918 D UiccCardApplication: APPTYPE_SIM update. New {APPTYPE_SIM,APPSTATE_READY}
02-20 20:16:55.172  1918  1918 D UiccCardApplication: APPTYPE_SIM changed state: APPSTATE_DETECTED -> APPSTATE_READY
02-20 20:16:55.172  1918  1918 D RILJ    : [3684]> QUERY_FACILITY_LOCK [FD 7 null] [SUB0]
02-20 20:16:55.174  1367  1367 V EmulatedCamera_Camera: getCameraInfo
02-20 20:16:55.174  1367  1367 V EmulatedCamera_BaseCamera: getCameraInfo
02-20 20:16:55.174  1367  1367 I CameraService: getCameraCharacteristics: Switching to HAL1 shim implementation...
02-20 20:16:55.174  1367  1367 V EmulatedCamera_Camera: getCameraInfo
02-20 20:16:55.174  1367  1367 V EmulatedCamera_BaseCamera: getCameraInfo
02-20 20:16:55.174  1376  1460 D RIL     : onRequest: QUERY_FACILITY_LOCK
02-20 20:16:55.174  1376  1460 D RIL     : Request not supported. Tech: 1
02-20 20:16:55.174  1367  1367 I CameraService: CameraService::connect call (PID -1 "cameraserver", camera ID 0) for HAL version default and Camera API version 1
02-20 20:16:55.174  1918  2001 D RilRequest: [3684]< QUERY_FACILITY_LOCK error: com.android.internal.telephony.CommandException: REQUEST_NOT_SUPPORTED ret=
02-20 20:16:55.175  1367  1367 E CameraService: getCameraPriorityFromProcState: Received invalid process state -1 from ActivityManagerService!
02-20 20:16:55.175  1367  1367 V EmulatedCamera_Camera: getCameraInfo
02-20 20:16:55.175  1367  1367 V EmulatedCamera_BaseCamera: getCameraInfo
02-20 20:16:55.175  1918  1918 D RILJ    : [3685]> QUERY_FACILITY_LOCK [SC 7 null] [SUB0]
02-20 20:16:55.176  1376  1460 D RIL     : onRequest: QUERY_FACILITY_LOCK
02-20 20:16:55.176  1376  1460 D RIL     : Request not supported. Tech: 1
02-20 20:16:55.176  1918  2001 D RilRequest: [3685]< QUERY_FACILITY_LOCK error: com.android.internal.telephony.CommandException: REQUEST_NOT_SUPPORTED ret=
02-20 20:16:55.176  1918  1918 D UiccCardApplication: Notifying registrants: READY
02-20 20:16:55.176  1918  1918 D UiccCardApplication: APPTYPE_RUIM update. New {APPTYPE_RUIM,APPSTATE_READY}
02-20 20:16:55.176  1918  1918 D UiccCardApplication: APPTYPE_RUIM changed state: APPSTATE_DETECTED -> APPSTATE_READY
02-20 20:16:55.176  1918  1918 D RILJ    : [3686]> QUERY_FACILITY_LOCK [FD 7 null] [SUB0]
02-20 20:16:55.176  1376  1460 D RIL     : onRequest: QUERY_FACILITY_LOCK
02-20 20:16:55.176  1376  1460 D RIL     : Request not supported. Tech: 1
02-20 20:16:55.176  1918  2001 D RilRequest: [3686]< QUERY_FACILITY_LOCK error: com.android.internal.telephony.CommandException: REQUEST_NOT_SUPPORTED ret=
02-20 20:16:55.176  1918  1918 D RILJ    : [3687]> QUERY_FACILITY_LOCK [SC 7 null] [SUB0]
02-20 20:16:55.176  1376  1460 D RIL     : onRequest: QUERY_FACILITY_LOCK
02-20 20:16:55.177  1376  1460 D RIL     : Request not supported. Tech: 1
02-20 20:16:55.177  1918  2001 D RilRequest: [3687]< QUERY_FACILITY_LOCK error: com.android.internal.telephony.CommandException: REQUEST_NOT_SUPPORTED ret=
02-20 20:16:55.177  1918  1918 D UiccCardApplication: Notifying registrants: READY
02-20 20:16:55.177  1918  1918 D UiccCard: Before privilege rules: Handler (com.android.internal.telephony.uicc.UiccCarrierPrivilegeRules) {8e2f85c} : CARDSTATE_PRESENT
02-20 20:16:55.177  1918  1918 E UiccCard: App index 8 is invalid since there are no applications
02-20 20:16:55.177  1918  1918 D UiccCard: update: radioState=RADIO_ON mLastRadioState=RADIO_ON
02-20 20:16:55.177  1918  1918 D UiccController: Notifying IccChangedRegistrants
02-20 20:16:55.177  1918  1918 D RILJ    : [3688]> RIL_REQUEST_SIM_TRANSMIT_APDU_CHANNEL [SUB0]
02-20 20:16:55.177  1376  1460 D RIL     : onRequest: SIM_TRANSMIT_APDU_CHANNEL
02-20 20:16:55.177  1376  1460 D AT      : AT> AT+CGLA=1,10,80caff4000
02-20 20:16:55.177  1918  1918 D GsmCdmaPhone: [GsmCdmaPhone] Event EVENT_REGISTERED_TO_NETWORK Received
02-20 20:16:55.177  1918  1918 D SST     : SubscriptionListener.onSubscriptionInfoChanged
02-20 20:16:55.177  1376  1464 D AT      : AT< +CGLA: 144,0,FF403eE23cE12eC11461ed377e85d386a8dfee6b864bd85b0bfaa5af81CA16616e64726f69642e636172726965726170692e637473E30aDB080000000000000000
02-20 20:16:55.177  1918  1918 E Phone   : getStoredVoiceMessageCount: invalid subId -2
02-20 20:16:55.177  1376  1464 D AT      : AT< OK
02-20 20:16:55.178  1918  2001 D RILJ    : [3688]< RIL_REQUEST_SIM_TRANSMIT_APDU_CHANNEL  [SUB0]
02-20 20:16:55.178  1657  2074 I am_proc_bound: [0,2235,com.google.android.googlequicksearchbox:search]
02-20 20:16:55.177  1918  1918 D GsmCdmaPhone: [GsmCdmaPhone] updateVoiceMail countVoiceMessages = 0 subId -2
02-20 20:16:55.178  1918  1918 E Phone   : setVoiceMessageCount in sharedPreference: invalid subId -2
02-20 20:16:55.178  1918  1918 D DCT     : [0]SubscriptionListener.onSubscriptionInfoChanged
02-20 20:16:55.178  1918  1918 D SubscriptionController: [getActiveSubInfoList] Sub Controller not ready
02-20 20:16:55.178  1918  1918 D SubscriptionController: [getActiveSubInfoList] Sub Controller not ready
02-20 20:16:55.179  1918  1918 E PhoneInterfaceManager: [PhoneIntfMgr] getIccId: No UICC
02-20 20:16:55.197  1657  1967 I Telecom : PhoneAccountRegistrar: New phone account registered: [[ ] PhoneAccount: ComponentInfo{com.android.phone/com.android.services.telephony.TelephonyConnectionService}, [e0184adedf913b076626646d3f52c3b49c39ad6d], UserHandle{0} Capabilities: CallProvider MultiUser PlaceEmerg SimSub  Schemes: tel voicemail  Extras: null GroupId: [da39a3ee5e6b4b0d3255bfef95601890afd80709]]: TSI.rPA@AAM
02-20 20:16:55.199  2209  2209 I GservicesProvider: Gservices pushing to system: true; secure/global: true
02-20 20:16:55.205  1374  2272 E WVMExtractor: Failed to open libwvm.so: dlopen failed: library "libwvm.so" not found
02-20 20:16:55.213  2148  2246 D         : HostConnection::get() New Host Connection established 0x758a69012ba0, tid 2246
02-20 20:16:55.215  2148  2246 I OpenGLRenderer: Initialized EGL, version 1.4
02-20 20:16:55.215  2148  2246 D OpenGLRenderer: Swap behavior 1
02-20 20:16:55.216  1657  1967 I Telecom : : Sending phone-account registered intent as user: TSI.rPA@AAM
02-20 20:16:55.222  1918  1918 I Telephony: AccountEntry: Registered phoneAccount: [[ ] PhoneAccount: ComponentInfo{com.android.phone/com.android.services.telephony.TelephonyConnectionService}, [e0184adedf913b076626646d3f52c3b49c39ad6d], UserHandle{0} Capabilities: CallProvider MultiUser PlaceEmerg SimSub  Schemes: tel voicemail  Extras: null GroupId: [da39a3ee5e6b4b0d3255bfef95601890afd80709]] with handle: ComponentInfo{com.android.phone/com.android.services.telephony.TelephonyConnectionService}, [e0184adedf913b076626646d3f52c3b49c39ad6d], UserHandle{0}
02-20 20:16:55.224  1918  1918 I Telephony: PstnIncomingCallNotifier: Registering: Handler (com.android.internal.telephony.GsmCdmaPhone) {daedc5d}
02-20 20:16:55.227  1918  1918 I Telephony: TelecomAccountRegistry: Unregistering phone account ComponentInfo{com.android.phone/com.android.services.telephony.TelephonyConnectionService}, [e2f7d48dd2b5ca523e7313cf4ba0f6ea830b6281], UserHandle{0}.
02-20 20:16:55.228  1657  1691 I Telecom : : Sending phone-account unregistered intent as user: TSI.uPA@AAU
02-20 20:16:55.228  1918  1918 D DCT     : [0]onDataConnectionAttached
02-20 20:16:55.229  1918  1918 D DCT     : [0]isDataAllowed: No - SIM not loaded
02-20 20:16:55.243  1374  2270 D NuPlayerDriver: notifyListener_l(0xeeb8c4e0), (1, 0, 0), loop setting(0, 0)
02-20 20:16:55.263  2148  2246 D EGL_emulation: eglCreateContext: 0x758a69064320: maj 3 min 0 rcv 3
02-20 20:16:55.304  2148  2246 D EGL_emulation: eglMakeCurrent: 0x758a69064320: ver 3 0 (tinfo 0x758a6900cca0)
02-20 20:16:55.312  1374  2275 D NuPlayerDriver: notifyListener_l(0xeeb8c5a0), (1, 0, 0), loop setting(0, 0)
02-20 20:16:55.322  2148  2246 D EGL_emulation: eglMakeCurrent: 0x758a69064320: ver 3 0 (tinfo 0x758a6900cca0)
02-20 20:16:55.333  1374  2278 D NuPlayerDriver: notifyListener_l(0xeeb8c780), (1, 0, 0), loop setting(0, 0)
02-20 20:16:55.333  1918  1918 D DCT     : [0]setupDataOnConnectableApns: dataAttached hipri:[state=IDLE,enabled=false] mms:[state=IDLE,enabled=false] supl:[state=IDLE,enabled=false] ia:[state=IDLE,enabled=false] fota:[state=IDLE,enabled=false] ims:[state=IDLE,enabled=false] cbs:[state=IDLE,enabled=false] default:[state=IDLE,enabled=false] emergency:[state=IDLE,enabled=false] 
02-20 20:16:55.333  1918  1918 D DCT     : [0]setupDataOnConnectableApns: nwTypeChanged hipri:[state=IDLE,enabled=false] mms:[state=IDLE,enabled=false] supl:[state=IDLE,enabled=false] ia:[state=IDLE,enabled=false] fota:[state=IDLE,enabled=false] ims:[state=IDLE,enabled=false] cbs:[state=IDLE,enabled=false] default:[state=IDLE,enabled=false] emergency:[state=IDLE,enabled=false] 
02-20 20:16:55.333  1918  1918 D UiccCardApplication: Error in querying facility lock:com.android.internal.telephony.CommandException: REQUEST_NOT_SUPPORTED
02-20 20:16:55.333  1918  1918 D UiccCardApplication: Error in querying facility lock:com.android.internal.telephony.CommandException: REQUEST_NOT_SUPPORTED
02-20 20:16:55.333  1918  1918 D SIMRecords: [SIMRecords] fetchSimRecords 0
02-20 20:16:55.333  1918  1918 D RILJ    : [3689]> getIMSI: GET_IMSI aid: null [SUB0]
02-20 20:16:55.333  1367  1367 I CameraFlashlight: Opening camera 0
02-20 20:16:55.333  1367  1367 V EmulatedCamera_Camera: getCameraInfo
02-20 20:16:55.333  1367  1367 V EmulatedCamera_BaseCamera: getCameraInfo
02-20 20:16:55.333  1367  1367 V EmulatedCamera_Camera: connectCamera
02-20 20:16:55.333  1367  1367 V EmulatedCamera_FakeDevice: connectDevice
02-20 20:16:55.333  1367  1367 V EmulatedCamera_CallbackNotifier: setCallbacks: 0xe79e1e80, 0xe79e1ed0, 0xe79e1ff0, 0xe79e2110 (0xe7843320)
02-20 20:16:55.334  1367  1367 V EmulatedCamera_CallbackNotifier: enableMessage: msg_type = 0xc0d
02-20 20:16:55.334  1367  1367 V EmulatedCamera_CallbackNotifier:     CAMERA_MSG_ERROR
02-20 20:16:55.334  1367  1367 V EmulatedCamera_CallbackNotifier:     CAMERA_MSG_FOCUS
02-20 20:16:55.334  1367  1367 V EmulatedCamera_CallbackNotifier:     CAMERA_MSG_ZOOM
02-20 20:16:55.334  1367  1367 V EmulatedCamera_CallbackNotifier:     CAMERA_MSG_PREVIEW_METADATA
02-20 20:16:55.334  1367  1367 V EmulatedCamera_CallbackNotifier: **** Currently enabled messages:
02-20 20:16:55.334  1367  1367 V EmulatedCamera_CallbackNotifier:     CAMERA_MSG_ERROR
02-20 20:16:55.334  1367  1367 V EmulatedCamera_CallbackNotifier:     CAMERA_MSG_FOCUS
02-20 20:16:55.334  1367  1367 V EmulatedCamera_CallbackNotifier:     CAMERA_MSG_ZOOM
02-20 20:16:55.334  1367  1367 V EmulatedCamera_CallbackNotifier:     CAMERA_MSG_PREVIEW_METADATA
02-20 20:16:55.334  1367  1367 V EmulatedCamera_CallbackNotifier: disableMessage: msg_type = 0xffff
02-20 20:16:55.334  1367  1367 V EmulatedCamera_CallbackNotifier:     CAMERA_MSG_ERROR
02-20 20:16:55.334  1367  1367 V EmulatedCamera_CallbackNotifier:     CAMERA_MSG_SHUTTER
02-20 20:16:55.334  1367  1367 V EmulatedCamera_CallbackNotifier:     CAMERA_MSG_FOCUS
02-20 20:16:55.334  1367  1367 V EmulatedCamera_CallbackNotifier:     CAMERA_MSG_ZOOM
02-20 20:16:55.334  1367  1367 V EmulatedCamera_CallbackNotifier:     CAMERA_MSG_PREVIEW_FRAME
02-20 20:16:55.334  1367  1367 V EmulatedCamera_CallbackNotifier:     CAMERA_MSG_VIDEO_FRAME
02-20 20:16:55.334  1367  1367 V EmulatedCamera_CallbackNotifier:     CAMERA_MSG_POSTVIEW_FRAME
02-20 20:16:55.334  1367  1367 V EmulatedCamera_CallbackNotifier:     CAMERA_MSG_RAW_IMAGE
02-20 20:16:55.334  1367  1367 V EmulatedCamera_CallbackNotifier:     CAMERA_MSG_COMPRESSED_IMAGE
02-20 20:16:55.334  1367  1367 V EmulatedCamera_CallbackNotifier:     CAMERA_MSG_RAW_IMAGE_NOTIFY
02-20 20:16:55.334  1367  1367 V EmulatedCamera_CallbackNotifier:     CAMERA_MSG_PREVIEW_METADATA
02-20 20:16:55.334  1367  1367 V EmulatedCamera_CallbackNotifier: **** Currently enabled messages:
02-20 20:16:55.334  1367  1367 V EmulatedCamera_Preview: setPreviewWindow: current: 0x0 -> new: 0x0
02-20 20:16:55.334  1367  1367 V EmulatedCamera_Camera: doStopPreview
02-20 20:16:55.334  1367  1367 V EmulatedCamera_Camera: cancelPicture
02-20 20:16:55.334  1367  1367 V EmulatedCamera_Camera: releaseCamera
02-20 20:16:55.334  1367  1367 V EmulatedCamera_Camera: doStopPreview
02-20 20:16:55.334  1367  1367 V EmulatedCamera_FakeDevice: disconnectDevice
02-20 20:16:55.334  1367  1367 W EmulatedCamera_Device: Initialize: Emulated camera device is already initialized: mState = 1
02-20 20:16:55.334  1367  1367 D EmulatedCamera_FakeCamera: Initialize: Fake camera is facing back
02-20 20:16:55.334  1367  1367 V EmulatedCamera_Device: initializeWhiteBalanceModes with auto, 1.000000, 1.000000
02-20 20:16:55.334  1367  1367 V EmulatedCamera_Device: initializeWhiteBalanceModes with incandescent, 1.380000, 0.600000
02-20 20:16:55.334  1367  1367 V EmulatedCamera_Device: initializeWhiteBalanceModes with daylight, 1.090000, 0.920000
02-20 20:16:55.334  1367  1367 V EmulatedCamera_Device: initializeWhiteBalanceModes with twilight, 0.920000, 1.220000
02-20 20:16:55.334  1367  1367 V EmulatedCamera_Device: setWhiteBalanceMode with white balance auto
02-20 20:16:55.334  1367  1367 I CameraFlashlight: Destroying camera 0
02-20 20:16:55.334  1367  1367 V EmulatedCamera_Camera: closeCamera
02-20 20:16:55.334  1367  1367 V EmulatedCamera_Camera: doStopPreview
02-20 20:16:55.334  1367  1367 W EmulatedCamera_Device: Initialize: Emulated camera device is already initialized: mState = 1
02-20 20:16:55.334  1367  1367 D EmulatedCamera_FakeCamera: Initialize: Fake camera is facing back
02-20 20:16:55.334  1367  1367 V EmulatedCamera_Device: initializeWhiteBalanceModes with auto, 1.000000, 1.000000
02-20 20:16:55.334  1367  1367 V EmulatedCamera_Device: initializeWhiteBalanceModes with incandescent, 1.380000, 0.600000
02-20 20:16:55.334  1367  1367 V EmulatedCamera_Device: initializeWhiteBalanceModes with daylight, 1.090000, 0.920000
02-20 20:16:55.334  1367  1367 V EmulatedCamera_Device: initializeWhiteBalanceModes with twilight, 0.920000, 1.220000
02-20 20:16:55.334  1367  1367 V EmulatedCamera_Device: setWhiteBalanceMode with white balance auto
02-20 20:16:55.344  1367  1367 I CameraService: disconnect: Disconnected client for camera 0 for PID 1367
02-20 20:16:55.344  1374  1903 D NuPlayerDriver: reset(0xeeb8c4e0) at state 4
02-20 20:16:55.344  1374  1903 D NuPlayerDriver: notifyListener_l(0xeeb8c4e0), (8, 0, 0), loop setting(0, 0)
02-20 20:16:55.344  1374  2270 D NuPlayerDriver: notifyResetComplete(0xeeb8c4e0)
02-20 20:16:55.344  1374  1374 D NuPlayerDriver: reset(0xeeb8c5a0) at state 4
02-20 20:16:55.344  1374  1374 D NuPlayerDriver: notifyListener_l(0xeeb8c5a0), (8, 0, 0), loop setting(0, 0)
02-20 20:16:55.344  1374  2275 D NuPlayerDriver: notifyResetComplete(0xeeb8c5a0)
02-20 20:16:55.345  1374  1444 D NuPlayerDriver: reset(0xeeb8c780) at state 4
02-20 20:16:55.345  1374  1444 D NuPlayerDriver: notifyListener_l(0xeeb8c780), (8, 0, 0), loop setting(0, 0)
02-20 20:16:55.345  1374  2278 D NuPlayerDriver: notifyResetComplete(0xeeb8c780)
02-20 20:16:55.354  1367  1710 V EmulatedCamera_Camera: getCameraInfo
02-20 20:16:55.354  1367  1710 V EmulatedCamera_BaseCamera: getCameraInfo
02-20 20:16:55.354  1367  1367 V EmulatedCamera_Camera: getCameraInfo
02-20 20:16:55.354  1367  1367 V EmulatedCamera_BaseCamera: getCameraInfo
02-20 20:16:55.361  1769  1769 I StatusBar: isKeyguardShowing() called before startKeyguard(), returning true
02-20 20:16:55.361  1769  1769 W StatusBar: isKeyguardSecure() called before startKeyguard(), returning false
02-20 20:16:55.361  1769  1769 W StatusBar: java.lang.Throwable
02-20 20:16:55.361  1769  1769 W StatusBar: 	at com.android.systemui.statusbar.BaseStatusBar.isKeyguardSecure(BaseStatusBar.java:2647)
02-20 20:16:55.361  1769  1769 W StatusBar: 	at com.android.systemui.statusbar.BaseStatusBar.isCameraAllowedByAdmin(BaseStatusBar.java:2670)
02-20 20:16:55.361  1769  1769 W StatusBar: 	at com.android.systemui.statusbar.phone.KeyguardBottomAreaView.updateCameraVisibility(KeyguardBottomAreaView.java:309)
02-20 20:16:55.361  1769  1769 W StatusBar: 	at com.android.systemui.statusbar.phone.KeyguardBottomAreaView.setPhoneStatusBar(KeyguardBottomAreaView.java:272)
02-20 20:16:55.361  1769  1769 W StatusBar: 	at com.android.systemui.statusbar.phone.PhoneStatusBar.makeStatusBarView(PhoneStatusBar.java:904)
02-20 20:16:55.361  1769  1769 W StatusBar: 	at com.android.systemui.statusbar.phone.PhoneStatusBar.addStatusBarWindow(PhoneStatusBar.java:3432)
02-20 20:16:55.361  1769  1769 W StatusBar: 	at com.android.systemui.statusbar.phone.PhoneStatusBar.createAndAddWindows(PhoneStatusBar.java:3428)
02-20 20:16:55.361  1769  1769 W StatusBar: 	at com.android.systemui.statusbar.BaseStatusBar.start(BaseStatusBar.java:765)
02-20 20:16:55.361  1769  1769 W StatusBar: 	at com.android.systemui.statusbar.phone.PhoneStatusBar.start(PhoneStatusBar.java:686)
02-20 20:16:55.361  1769  1769 W StatusBar: 	at com.android.systemui.statusbar.SystemBars.createStatusBarFromConfig(SystemBars.java:106)
02-20 20:16:55.361  1769  1769 W StatusBar: 	at com.android.systemui.statusbar.SystemBars.onNoService(SystemBars.java:58)
02-20 20:16:55.361  1769  1769 W StatusBar: 	at com.android.systemui.statusbar.ServiceMonitor.startService(ServiceMonitor.java:230)
02-20 20:16:55.361  1769  1769 W StatusBar: 	at com.android.systemui.statusbar.ServiceMonitor.-wrap5(ServiceMonitor.java)
02-20 20:16:55.361  1769  1769 W StatusBar: 	at com.android.systemui.statusbar.ServiceMonitor$1.handleMessage(ServiceMonitor.java:73)
02-20 20:16:55.361  1769  1769 W StatusBar: 	at android.os.Handler.dispatchMessage(Handler.java:102)
02-20 20:16:55.361  1769  1769 W StatusBar: 	at android.os.Looper.loop(Looper.java:154)
02-20 20:16:55.361  1769  1769 W StatusBar: 	at android.app.ActivityThread.main(ActivityThread.java:6119)
02-20 20:16:55.361  1769  1769 W StatusBar: 	at java.lang.reflect.Method.invoke(Native Method)
02-20 20:16:55.361  1769  1769 W StatusBar: 	at com.android.internal.os.ZygoteInit$MethodAndArgsCaller.run(ZygoteInit.java:886)
02-20 20:16:55.361  1769  1769 W StatusBar: 	at com.android.internal.os.ZygoteInit.main(ZygoteInit.java:776)
02-20 20:16:55.368  1769  1769 I StatusBar: isKeyguardShowing() called before startKeyguard(), returning true
02-20 20:16:55.369  1769  1769 W StatusBar: isKeyguardSecure() called before startKeyguard(), returning false
02-20 20:16:55.369  1769  1769 W StatusBar: java.lang.Throwable
02-20 20:16:55.369  1769  1769 W StatusBar: 	at com.android.systemui.statusbar.BaseStatusBar.isKeyguardSecure(BaseStatusBar.java:2647)
02-20 20:16:55.369  1769  1769 W StatusBar: 	at com.android.systemui.statusbar.BaseStatusBar.isCameraAllowedByAdmin(BaseStatusBar.java:2670)
02-20 20:16:55.369  1769  1769 W StatusBar: 	at com.android.systemui.statusbar.phone.KeyguardBottomAreaView.updateCameraVisibility(KeyguardBottomAreaView.java:309)
02-20 20:16:55.369  1769  1769 W StatusBar: 	at com.android.systemui.statusbar.phone.KeyguardBottomAreaView.setUserSetupComplete(KeyguardBottomAreaView.java:281)
02-20 20:16:55.369  1769  1769 W StatusBar: 	at com.android.systemui.statusbar.phone.PhoneStatusBar.makeStatusBarView(PhoneStatusBar.java:905)
02-20 20:16:55.369  1769  1769 W StatusBar: 	at com.android.systemui.statusbar.phone.PhoneStatusBar.addStatusBarWindow(PhoneStatusBar.java:3432)
02-20 20:16:55.369  1769  1769 W StatusBar: 	at com.android.systemui.statusbar.phone.PhoneStatusBar.createAndAddWindows(PhoneStatusBar.java:3428)
02-20 20:16:55.369  1769  1769 W StatusBar: 	at com.android.systemui.statusbar.BaseStatusBar.start(BaseStatusBar.java:765)
02-20 20:16:55.369  1769  1769 W StatusBar: 	at com.android.systemui.statusbar.phone.PhoneStatusBar.start(PhoneStatusBar.java:686)
02-20 20:16:55.369  1769  1769 W StatusBar: 	at com.android.systemui.statusbar.SystemBars.createStatusBarFromConfig(SystemBars.java:106)
02-20 20:16:55.369  1769  1769 W StatusBar: 	at com.android.systemui.statusbar.SystemBars.onNoService(SystemBars.java:58)
02-20 20:16:55.369  1769  1769 W StatusBar: 	at com.android.systemui.statusbar.ServiceMonitor.startService(ServiceMonitor.java:230)
02-20 20:16:55.369  1769  1769 W StatusBar: 	at com.android.systemui.statusbar.ServiceMonitor.-wrap5(ServiceMonitor.java)
02-20 20:16:55.369  1769  1769 W StatusBar: 	at com.android.systemui.statusbar.ServiceMonitor$1.handleMessage(ServiceMonitor.java:73)
02-20 20:16:55.369  1769  1769 W StatusBar: 	at android.os.Handler.dispatchMessage(Handler.java:102)
02-20 20:16:55.369  1769  1769 W StatusBar: 	at android.os.Looper.loop(Looper.java:154)
02-20 20:16:55.369  1769  1769 W StatusBar: 	at android.app.ActivityThread.main(ActivityThread.java:6119)
02-20 20:16:55.369  1769  1769 W StatusBar: 	at java.lang.reflect.Method.invoke(Native Method)
02-20 20:16:55.369  1769  1769 W StatusBar: 	at com.android.internal.os.ZygoteInit$MethodAndArgsCaller.run(ZygoteInit.java:886)
02-20 20:16:55.369  1769  1769 W StatusBar: 	at com.android.internal.os.ZygoteInit.main(ZygoteInit.java:776)
02-20 20:16:55.388  1918  1948 D SubscriptionController: [getPhoneId] asked for default subId=-1
02-20 20:16:55.393  1657  1700 I am_activity_launch_time: [0,208817574,com.google.android.apps.nexuslauncher/.NexusLauncherActivity,754,754]
02-20 20:16:55.393  1657  1700 I ActivityManager: Displayed com.google.android.apps.nexuslauncher/.NexusLauncherActivity: +754ms
02-20 20:16:55.393  1376  1460 D RIL     : onRequest: GET_IMSI
02-20 20:16:55.393  1376  1460 D AT      : AT> AT+CIMI
02-20 20:16:55.394  1918  1918 D RILJ    : [3690]> iccIO: SIM_IO 0xc0 0x2fe2  path: 3F00,0,0,15 aid: null [SUB0]
02-20 20:16:55.394  1376  1464 D AT      : AT< 310260000000000
02-20 20:16:55.394  1376  1464 D AT      : AT< OK
02-20 20:16:55.394  1376  1460 D RIL     : onRequest: SIM_IO
02-20 20:16:55.394  1376  1460 D AT      : AT> AT+CRSM=192,12258,0,0,15
02-20 20:16:55.394  1918  2001 D RILJ    : [3689]< GET_IMSI  [SUB0]
02-20 20:16:55.395  1918  1918 D RILJ    : [3691]> iccIO: SIM_IO 0xc0 0x6f40  path: 3F007F10,0,0,15 aid: null [SUB0]
02-20 20:16:55.395  1918  1918 D RILJ    : [3692]> iccIO: SIM_IO 0xc0 0x6fc9  path: 3F007F20,0,0,15 aid: null [SUB0]
02-20 20:16:55.395  1918  1918 D RILJ    : [3693]> iccIO: SIM_IO 0xc0 0x6fad  path: 3F007F20,0,0,15 aid: null [SUB0]
02-20 20:16:55.395  1918  1918 D RILJ    : [3694]> iccIO: SIM_IO 0xc0 0x6fca  path: 3F007F20,0,0,15 aid: null [SUB0]
02-20 20:16:55.399  1376  1464 D AT      : AT< +CRSM: 144,0,0000000a2fe204000fa0aa01020000
02-20 20:16:55.399  1376  1464 D AT      : AT< OK
02-20 20:16:55.399  1376  1460 D RIL     : onRequest: SIM_IO
02-20 20:16:55.399  1376  1460 D AT      : AT> AT+CRSM=192,28480,0,0,15
02-20 20:16:55.400  1376  1464 D AT      : AT< +CRSM: 144,0,000000806f40040011a0aa01020120
02-20 20:16:55.400  1376  1464 D AT      : AT< OK
02-20 20:16:55.400  1918  2001 D RILJ    : [3690]< SIM_IO IccIoResponse sw1:0x90 sw2:0x0 [SUB0]
02-20 20:16:55.400  1376  1460 D RIL     : onRequest: SIM_IO
02-20 20:16:55.400  1376  1460 D AT      : AT> AT+CRSM=192,28617,0,0,15
