02-20 20:16:55.400  1376  1464 D AT      : AT< +CRSM: 144,0,000000086fc9040011a0aa01020104
02-20 20:16:55.400  1376  1464 D AT      : AT< OK
02-20 20:16:55.400  1376  1460 D RIL     : onRequest: SIM_IO
02-20 20:16:55.400  1376  1460 D AT      : AT> AT+CRSM=192,28589,0,0,15
02-20 20:16:55.400  1376  1464 D AT      : AT< +CRSM: 144,0,000000046fad04000aa0aa01020000
02-20 20:16:55.400  1376  1464 D AT      : AT< OK
02-20 20:16:55.400  1918  2001 D RILJ    : [3691]< SIM_IO IccIoResponse sw1:0x90 sw2:0x0 [SUB0]
02-20 20:16:55.400  1918  2001 D RILJ    : [3692]< SIM_IO IccIoResponse sw1:0x90 sw2:0x0 [SUB0]
02-20 20:16:55.400  1918  2001 D RILJ    : [3693]< SIM_IO IccIoResponse sw1:0x90 sw2:0x0 [SUB0]
02-20 20:16:55.401  1376  1460 D RIL     : onRequest: SIM_IO
02-20 20:16:55.401  1376  1460 D AT      : AT> AT+CRSM=192,28618,0,0,15
02-20 20:16:55.401  1918  1918 D RILJ    : [3695]> iccIO: SIM_IO 0xc0 0x6f11  path: 3F007F20,0,0,15 aid: null [SUB0]
02-20 20:16:55.401  1376  1464 D AT      : AT< +CRSM: 144,0,0000000a6fca040011a0aa01020105
02-20 20:16:55.401  1376  1464 D AT      : AT< OK
02-20 20:16:55.401  1918  2001 D RILJ    : [3694]< SIM_IO IccIoResponse sw1:0x90 sw2:0x0 [SUB0]
02-20 20:16:55.401  1376  1460 D RIL     : onRequest: SIM_IO
02-20 20:16:55.401  1376  1460 D AT      : AT> AT+CRSM=192,28433,0,0,15
02-20 20:16:55.401  1918  1918 D RILJ    : [3696]> iccIO: SIM_IO 0xc0 0x6fcb  path: 3F007F20,0,0,15 aid: null [SUB0]
02-20 20:16:55.401  1918  1918 D RILJ    : [3697]> iccIO: SIM_IO 0xc0 0x6f13  path: 3F007F20,0,0,15 aid: null [SUB0]
02-20 20:16:55.402  1918  1918 D RILJ    : [3698]> iccIO: SIM_IO 0xc0 0x6f46  path: 3F007F20,0,0,15 aid: null [SUB0]
02-20 20:16:55.402  1918  1918 D RILJ    : [3699]> iccIO: SIM_IO 0xc0 0x6fcd  path: 3F007F20,0,0,15 aid: null [SUB0]
02-20 20:16:55.402  1918  1918 D RILJ    : [3700]> iccIO: SIM_IO 0xc0 0x6fc5  path: 3F007F20,0,0,15 aid: null [SUB0]
02-20 20:16:55.402  1918  1918 D RILJ    : [3701]> iccIO: SIM_IO 0xc0 0x6f38  path: 3F007F20,0,0,15 aid: null [SUB0]
02-20 20:16:55.403  1918  1918 D RILJ    : [3702]> iccIO: SIM_IO 0xc0 0x6f16  path: 3F007F20,0,0,15 aid: null [SUB0]
02-20 20:16:55.403  1918  1918 D RILJ    : [3703]> iccIO: SIM_IO 0xc0 0x6f15  path: 3F007F20,0,0,15 aid: null [SUB0]
02-20 20:16:55.403  1918  1918 D RILJ    : [3704]> iccIO: SIM_IO 0xc0 0x6f3e  path: 3F007F20,0,0,15 aid: null [SUB0]
02-20 20:16:55.403  1918  1918 D RILJ    : [3705]> iccIO: SIM_IO 0xc0 0x6f3f  path: 3F007F20,0,0,15 aid: null [SUB0]
02-20 20:16:55.403  1918  1918 D SIMRecords: [SIMRecords] fetchSimRecords 17 requested: true
02-20 20:16:55.403  1918  1918 E IccCardProxy: setExternalState: set mPhoneId=0 mExternalState=READY
02-20 20:16:55.403  1918  1918 D TelephonyManager: setTelephonyProperty: success phoneId=0 property=gsm.sim.state value: READY propVal=READY
02-20 20:16:55.403  1376  1464 D AT      : AT< +CRSM: 144,0,000000016f11040011a0aa01020000
02-20 20:16:55.403  1376  1464 D AT      : AT< OK
02-20 20:16:55.403  1376  1460 D RIL     : onRequest: SIM_IO
02-20 20:16:55.403  1376  1460 D AT      : AT> AT+CRSM=192,28619,0,0,15
02-20 20:16:55.404  1918  2001 D RILJ    : [3695]< SIM_IO IccIoResponse sw1:0x90 sw2:0x0 [SUB0]
02-20 20:16:55.404  1918  1918 D IccCardProxy: broadcastIccStateChangedIntent intent ACTION_SIM_STATE_CHANGED value=READY reason=null for mPhoneId=0
02-20 20:16:55.414  1376  1464 D AT      : AT< ERROR: BAD COMMAND
02-20 20:16:55.415  1376  1460 D RIL     : onRequest: SIM_IO
02-20 20:16:55.415  1376  1460 D AT      : AT> AT+CRSM=192,28435,0,0,15
02-20 20:16:55.415  1376  1464 D AT      : AT< +CRSM: 144,0,000000016f13040011a0aa01020000
02-20 20:16:55.415  1376  1464 D AT      : AT< OK
02-20 20:16:55.415  1376  1460 D RIL     : onRequest: SIM_IO
02-20 20:16:55.415  1376  1460 D AT      : AT> AT+CRSM=192,28486,0,0,15
02-20 20:16:55.415  1376  1464 D AT      : AT< +CRSM: 148,4
02-20 20:16:55.415  1376  1464 D AT      : AT< OK
02-20 20:16:55.415  1376  1460 D RIL     : onRequest: SIM_IO
02-20 20:16:55.416  1376  1460 D AT      : AT> AT+CRSM=192,28621,0,0,15
02-20 20:16:55.416  1376  1464 D AT      : AT< +CRSM: 148,4
02-20 20:16:55.416  1376  1464 D AT      : AT< OK
02-20 20:16:55.416  1376  1460 D RIL     : onRequest: SIM_IO
02-20 20:16:55.416  1376  1460 D AT      : AT> AT+CRSM=192,28613,0,0,15
02-20 20:16:55.416  1376  1464 D AT      : AT< +CRSM: 144,0,000000f06fc504000aa0aa01020118
02-20 20:16:55.416  1376  1464 D AT      : AT< OK
02-20 20:16:55.416  1376  1460 D RIL     : onRequest: SIM_IO
02-20 20:16:55.416  1376  1460 D AT      : AT> AT+CRSM=192,28472,0,0,15
02-20 20:16:55.416  1376  1464 D AT      : AT< +CRSM: 144,0,0000000f6f3804001aa0aa01020000
02-20 20:16:55.416  1376  1464 D AT      : AT< OK
02-20 20:16:55.416  1376  1460 D RIL     : onRequest: SIM_IO
02-20 20:16:55.416  1376  1460 D AT      : AT> AT+CRSM=192,28438,0,0,15
02-20 20:16:55.416  1376  1464 D AT      : AT< +CRSM: 144,0,000000026f1604001aa0aa01020000
02-20 20:16:55.416  1376  1464 D AT      : AT< OK
02-20 20:16:55.416  1376  1460 D RIL     : onRequest: SIM_IO
02-20 20:16:55.416  1376  1460 D AT      : AT> AT+CRSM=192,28437,0,0,15
02-20 20:16:55.419  1918  2001 D RilRequest: [3696]< SIM_IO error: com.android.internal.telephony.CommandException: GENERIC_FAILURE ret=
02-20 20:16:55.420  1376  1464 D AT      : AT< ERROR: BAD COMMAND
02-20 20:16:55.420  1376  1460 D RIL     : onRequest: SIM_IO
02-20 20:16:55.420  1376  1460 D AT      : AT> AT+CRSM=192,28478,0,0,15
02-20 20:16:55.420  1376  1464 D AT      : AT< ERROR: BAD COMMAND
02-20 20:16:55.420  1376  1460 D RIL     : onRequest: SIM_IO
02-20 20:16:55.420  1376  1460 D AT      : AT> AT+CRSM=192,28479,0,0,15
02-20 20:16:55.420  1376  1464 D AT      : AT< ERROR: BAD COMMAND
02-20 20:16:55.421  1918  2001 D RILJ    : [3697]< SIM_IO IccIoResponse sw1:0x90 sw2:0x0 [SUB0]
02-20 20:16:55.421  1918  2001 D RILJ    : [3698]< SIM_IO IccIoResponse sw1:0x94 sw2:0x4 [SUB0]
02-20 20:16:55.422  1918  2001 D RILJ    : [3699]< SIM_IO IccIoResponse sw1:0x94 sw2:0x4 [SUB0]
02-20 20:16:55.422  1918  2001 D RILJ    : [3700]< SIM_IO IccIoResponse sw1:0x90 sw2:0x0 [SUB0]
02-20 20:16:55.422  1918  2001 D RILJ    : [3701]< SIM_IO IccIoResponse sw1:0x90 sw2:0x0 [SUB0]
02-20 20:16:55.422  1918  2001 D RILJ    : [3702]< SIM_IO IccIoResponse sw1:0x90 sw2:0x0 [SUB0]
02-20 20:16:55.422  1918  2001 D RilRequest: [3703]< SIM_IO error: com.android.internal.telephony.CommandException: GENERIC_FAILURE ret=
02-20 20:16:55.422  1918  2001 D RilRequest: [3704]< SIM_IO error: com.android.internal.telephony.CommandException: GENERIC_FAILURE ret=
02-20 20:16:55.423  1918  2001 D RilRequest: [3705]< SIM_IO error: com.android.internal.telephony.CommandException: GENERIC_FAILURE ret=
02-20 20:16:55.424  1918  1918 D RILJ    : [3706]> OPERATOR [SUB0]
02-20 20:16:55.424  1376  1460 D RIL     : onRequest: OPERATOR
02-20 20:16:55.424  1376  1460 D AT      : AT> AT+COPS=3,0;+COPS?;+COPS=3,1;+COPS?;+COPS=3,2;+COPS?
02-20 20:16:55.424  1918  1918 D RILJ    : [3707]> DATA_REGISTRATION_STATE [SUB0]
02-20 20:16:55.425  1918  1918 D RILJ    : [3708]> VOICE_REGISTRATION_STATE [SUB0]
02-20 20:16:55.425  1918  1918 D RILJ    : [3709]> QUERY_NETWORK_SELECTION_MODE [SUB0]
02-20 20:16:55.425  1918  1918 D UiccCardApplication: Error in querying facility lock:com.android.internal.telephony.CommandException: REQUEST_NOT_SUPPORTED
02-20 20:16:55.425  1918  1918 D UiccCardApplication: Error in querying facility lock:com.android.internal.telephony.CommandException: REQUEST_NOT_SUPPORTED
02-20 20:16:55.425  1918  1918 D RuimRecords: [RuimRecords] fetchRuimRecords 0
02-20 20:16:55.425  1918  1918 D RILJ    : [3710]> getIMSI: GET_IMSI aid: null [SUB0]
02-20 20:16:55.426  1918  1918 D RILJ    : [3711]> iccIO: SIM_IO 0xc0 0x2fe2  path: 3F00,0,0,15 aid: null [SUB0]
02-20 20:16:55.426  1376  1464 D AT      : AT< +COPS: 0,0,"Android"
02-20 20:16:55.426  1376  1464 D AT      : AT< +COPS: 0,1,"Android"
02-20 20:16:55.426  1376  1464 D AT      : AT< +COPS: 0,2,"310260"
02-20 20:16:55.426  1376  1464 D AT      : AT< OK
02-20 20:16:55.426  1376  1460 D RIL     : onRequest: DATA_REGISTRATION_STATE
02-20 20:16:55.426  1376  1460 D RIL     : requestRegistrationState
02-20 20:16:55.426  1376  1460 D AT      : AT> AT+CGREG?
02-20 20:16:55.426  1918  2001 D RILJ    : [3706]< OPERATOR {Android, Android, 310260} [SUB0]
02-20 20:16:55.426  1918  1918 D RILJ    : [3712]> iccIO: SIM_IO 0xc0 0x2f05  path: 3F00,0,0,15 aid: null [SUB0]
02-20 20:16:55.426  1376  1464 D AT      : AT< +CGREG: 1,1,"0003","005b","000e"
02-20 20:16:55.426  1376  1464 D AT      : AT< OK
02-20 20:16:55.426  1376  1460 D RIL     : parseRegistrationState. Parsing: +CGREG: 1,1,"0003","005b","000e"
02-20 20:16:55.426  1376  1460 D RIL     : registration state type: 3GPP
02-20 20:16:55.426  1376  1460 D RIL     : onRequest: VOICE_REGISTRATION_STATE
02-20 20:16:55.426  1376  1460 D RIL     : requestRegistrationState
02-20 20:16:55.426  1376  1460 D AT      : AT> AT+CREG?
02-20 20:16:55.426  1918  2001 D RILJ    : [3707]< DATA_REGISTRATION_STATE {1, 3, 5b, 14, null, null} [SUB0]
02-20 20:16:55.426  1376  1464 D AT      : AT< +CREG: 2,1, "0003", "005b"
02-20 20:16:55.426  1376  1464 D AT      : AT< OK
02-20 20:16:55.427  1376  1460 D RIL     : parseRegistrationState. Parsing: +CREG: 2,1, "0003", "005b"
02-20 20:16:55.427  1376  1460 D RIL     : registration state type: 3GPP
02-20 20:16:55.427  1376  1460 D RIL     : onRequest: QUERY_NETWORK_SELECTION_MODE
02-20 20:16:55.427  1376  1460 D AT      : AT> AT+COPS?
02-20 20:16:55.427  1918  2001 D RILJ    : [3708]< VOICE_REGISTRATION_STATE {1, 3, 5b, 0, null, null, null, null, null, null, null, null, null, null, null} [SUB0]
02-20 20:16:55.427  1918  1918 D RILJ    : [3713]> iccIO: SIM_IO 0xc0 0x6f3a  path: 3F007F25,0,0,15 aid: null [SUB0]
02-20 20:16:55.427  1918  1918 D RILJ    : [3714]> iccIO: SIM_IO 0xc0 0x6f41  path: 3F007F25,0,0,15 aid: null [SUB0]
02-20 20:16:55.428  1918  1918 D RILJ    : [3715]> iccIO: SIM_IO 0xc0 0x6f44  path: 3F007F25,0,0,15 aid: null [SUB0]
02-20 20:16:55.430  1376  1464 D AT      : AT< +COPS: 0,2,310260
02-20 20:16:55.430  1376  1464 D AT      : AT< OK
02-20 20:16:55.431  1376  1460 D RIL     : onRequest: GET_IMSI
02-20 20:16:55.431  1376  1460 D AT      : AT> AT+CIMI
02-20 20:16:55.431  1918  2001 D RILJ    : [3709]< QUERY_NETWORK_SELECTION_MODE {0} [SUB0]
02-20 20:16:55.431  1376  1464 D AT      : AT< 310260000000000
02-20 20:16:55.433  1376  1464 D AT      : AT< OK
02-20 20:16:55.435  1376  1460 D RIL     : onRequest: SIM_IO
02-20 20:16:55.435  1376  1460 D AT      : AT> AT+CRSM=192,12258,0,0,15
02-20 20:16:55.435  1376  1464 D AT      : AT< +CRSM: 144,0,0000000a2fe204000fa0aa01020000
02-20 20:16:55.435  1376  1464 D AT      : AT< OK
02-20 20:16:55.435  1376  1460 D RIL     : onRequest: SIM_IO
02-20 20:16:55.435  1376  1460 D AT      : AT> AT+CRSM=192,12037,0,0,15
02-20 20:16:55.435  1376  1464 D AT      : AT< ERROR: BAD COMMAND
02-20 20:16:55.435  1376  1460 D RIL     : onRequest: SIM_IO
02-20 20:16:55.435  1376  1460 D AT      : AT> AT+CRSM=192,28474,0,0,15
02-20 20:16:55.435  1376  1464 D AT      : AT< ERROR: BAD COMMAND
02-20 20:16:55.435  1376  1460 D RIL     : onRequest: SIM_IO
02-20 20:16:55.435  1376  1460 D AT      : AT> AT+CRSM=192,28481,0,0,15
02-20 20:16:55.435  1376  1464 D AT      : AT< ERROR: BAD COMMAND
02-20 20:16:55.438  1376  1460 D RIL     : onRequest: SIM_IO
02-20 20:16:55.438  1376  1460 D AT      : AT> AT+CRSM=192,28484,0,0,15
02-20 20:16:55.439  1918  1918 D RILJ    : [3716]> iccIO: SIM_IO 0xc0 0x6f22  path: 3F007F25,0,0,15 aid: null [SUB0]
02-20 20:16:55.440  1376  1464 D AT      : AT< ERROR: BAD COMMAND
02-20 20:16:55.443  1367  1710 V EmulatedCamera_Camera: getCameraInfo
02-20 20:16:55.443  1367  1710 V EmulatedCamera_BaseCamera: getCameraInfo
02-20 20:16:55.443  1367  1367 V EmulatedCamera_Camera: getCameraInfo
02-20 20:16:55.443  1367  1367 V EmulatedCamera_BaseCamera: getCameraInfo
02-20 20:16:55.447  1918  2001 D RILJ    : [3710]< GET_IMSI  [SUB0]
02-20 20:16:55.447  1918  2001 D RILJ    : [3711]< SIM_IO IccIoResponse sw1:0x90 sw2:0x0 [SUB0]
02-20 20:16:55.447  1918  2001 D RilRequest: [3712]< SIM_IO error: com.android.internal.telephony.CommandException: GENERIC_FAILURE ret=
02-20 20:16:55.447  1918  2001 D RilRequest: [3713]< SIM_IO error: com.android.internal.telephony.CommandException: GENERIC_FAILURE ret=
02-20 20:16:55.447  1918  2001 D RilRequest: [3714]< SIM_IO error: com.android.internal.telephony.CommandException: GENERIC_FAILURE ret=
02-20 20:16:55.447  1918  2001 D RilRequest: [3715]< SIM_IO error: com.android.internal.telephony.CommandException: GENERIC_FAILURE ret=
02-20 20:16:55.447  1376  1460 D RIL     : onRequest: SIM_IO
02-20 20:16:55.447  1376  1460 D AT      : AT> AT+CRSM=192,28450,0,0,15
02-20 20:16:55.447  1918  1918 D RILJ    : [3717]> iccIO: SIM_IO 0xc0 0x6f28  path: 3F007F25,0,0,15 aid: null [SUB0]
02-20 20:16:55.448  1376  1464 D AT      : AT< ERROR: BAD COMMAND
02-20 20:16:55.448  1376  1460 D RIL     : onRequest: SIM_IO
02-20 20:16:55.448  1376  1460 D AT      : AT> AT+CRSM=192,28456,0,0,15
02-20 20:16:55.448  1918  1918 D RILJ    : [3718]> iccIO: SIM_IO 0xb0 0x6f5a  path: 3F007F25,0,0,4 aid: null [SUB0]
02-20 20:16:55.448  1376  1464 D AT      : AT< ERROR: BAD COMMAND
02-20 20:16:55.448  1376  1460 D RIL     : onRequest: SIM_IO
02-20 20:16:55.448  1376  1460 D AT      : AT> AT+CRSM=176,28506,0,0,4
02-20 20:16:55.449  1918  1918 D RILJ    : [3719]> iccIO: SIM_IO 0xc0 0x6f4d  path: 3F007F25,0,0,15 aid: null [SUB0]
02-20 20:16:55.449  1376  1464 D AT      : AT< ERROR: BAD COMMAND
02-20 20:16:55.449  1918  2001 D RilRequest: [3716]< SIM_IO error: com.android.internal.telephony.CommandException: GENERIC_FAILURE ret=
02-20 20:16:55.452  1918  2001 D RilRequest: [3717]< SIM_IO error: com.android.internal.telephony.CommandException: GENERIC_FAILURE ret=
02-20 20:16:55.452  1918  2001 D RilRequest: [3718]< SIM_IO error: com.android.internal.telephony.CommandException: GENERIC_FAILURE ret=
02-20 20:16:55.452  1918  1918 D RuimRecords: [RuimRecords] fetchRuimRecords 10 requested: true
02-20 20:16:55.452  1918  1918 D RILJ    : [3720]> RIL_REQUEST_CDMA_SUBSCRIPTION [SUB0]
02-20 20:16:55.452  1376  1460 D RIL     : onRequest: SIM_IO
02-20 20:16:55.452  1376  1460 D AT      : AT> AT+CRSM=192,28493,0,0,15
02-20 20:16:55.452  1376  1464 D AT      : AT< ERROR: BAD COMMAND
02-20 20:16:55.453  1918  1918 D GsmSMSDispatcher: GsmSMSDispatcher: subId = -2 slotId = 0
02-20 20:16:55.453  1376  1460 D RIL     : onRequest: CDMA_SUBSCRIPTION
02-20 20:16:55.453  1376  1460 D RIL     : Request not supported. Tech: 1
02-20 20:16:55.453  1918  1918 E IccCardProxy: setExternalState: !override and newstate unchanged from READY
02-20 20:16:55.453  1918  1918 D CAT     : CatService: handleMessage[8]
02-20 20:16:55.453  1918  1918 D CAT     : CatService: MSG_ID_ICC_CHANGED
02-20 20:16:55.453  1918  1918 D CAT     : CatService: New Card State = CARDSTATE_PRESENT Old Card State = CARDSTATE_PRESENT
02-20 20:16:55.453  1918  2001 D RilRequest: [3719]< SIM_IO error: com.android.internal.telephony.CommandException: GENERIC_FAILURE ret=
02-20 20:16:55.453  1918  2001 D RilRequest: [3720]< RIL_REQUEST_CDMA_SUBSCRIPTION error: com.android.internal.telephony.CommandException: REQUEST_NOT_SUPPORTED ret=
02-20 20:16:55.454  1918  1918 E PhoneInterfaceManager: [PhoneIntfMgr] getIccId: No UICC
02-20 20:16:55.459  1657  2074 I Telecom : PhoneAccountRegistrar: [ComponentInfo{com.android.phone/com.android.services.telephony.TelephonyConnectionService}, [e0184adedf913b076626646d3f52c3b49c39ad6d], UserHandle{0}(icon: Icon(typ=BITMAP size=76x96) -> Icon(typ=BITMAP size=76x96))]: TSI.rPA@AAc
02-20 20:16:55.464  1657  1748 I am_destroy_activity: [0,121222477,1,com.android.settings/.FallbackHome,finish-idle]
02-20 20:16:55.515  1657  2074 I Telecom : : Sending phone-account registered intent as user: TSI.rPA@AAc
02-20 20:16:55.525  1918  1918 D SIMRecords: [SIMRecords] IMSI: mMncLength=-1
02-20 20:16:55.525  1918  1918 D SIMRecords: [SIMRecords] IMSI: 310260[D1jVpVFfGoqdF5qliFi2ey-KM4g]
02-20 20:16:55.525  1918  1918 D SIMRecords: [SIMRecords] onRecordLoaded 16 requested: true
02-20 20:16:55.525  1918  1918 D RILJ    : [3721]> iccIO: SIM_IO 0xb0 0x2fe2  path: 3F00,0,0,10 aid: null [SUB0]
02-20 20:16:55.526  1918  1918 D RILJ    : [3722]> iccIO: SIM_IO 0xb2 0x6f40  path: 3F007F10,1,4,32 aid: null [SUB0]
02-20 20:16:55.526  1376  1460 D RIL     : onRequest: SIM_IO
02-20 20:16:55.526  1376  1460 D AT      : AT> AT+CRSM=176,12258,0,0,10
02-20 20:16:55.526  1376  1464 D AT      : AT< +CRSM: 144,0,98101430121181157002
02-20 20:16:55.526  1376  1464 D AT      : AT< OK
02-20 20:16:55.526  1918  2001 D RILJ    : [3721]< SIM_IO IccIoResponse sw1:0x90 sw2:0x0 [SUB0]
02-20 20:16:55.527  1918  1918 D RILJ    : [3723]> iccIO: SIM_IO 0xb2 0x6fc9  path: 3F007F20,1,4,4 aid: null [SUB0]
02-20 20:16:55.527  1376  1460 D RIL     : onRequest: SIM_IO
02-20 20:16:55.527  1376  1460 D AT      : AT> AT+CRSM=178,28480,1,4,32
02-20 20:16:55.527  1918  1918 D RILJ    : [3724]> iccIO: SIM_IO 0xb0 0x6fad  path: 3F007F20,0,0,4 aid: null [SUB0]
02-20 20:16:55.528  1918  1918 D RILJ    : [3725]> iccIO: SIM_IO 0xb2 0x6fca  path: 3F007F20,1,4,5 aid: null [SUB0]
02-20 20:16:55.528  1376  1464 D AT      : AT< +CRSM: 144,0,ffffffffffffffffffffffffffffffffffff07815155255155f4ffffffffffff
02-20 20:16:55.528  1376  1464 D AT      : AT< OK
02-20 20:16:55.528  1376  1460 D RIL     : onRequest: SIM_IO
02-20 20:16:55.528  1376  1460 D AT      : AT> AT+CRSM=178,28617,1,4,4
02-20 20:16:55.528  1918  1918 D RILJ    : [3726]> iccIO: SIM_IO 0xb0 0x6f11  path: 3F007F20,0,0,1 aid: null [SUB0]
02-20 20:16:55.528  1918  2001 D RILJ    : [3722]< SIM_IO IccIoResponse sw1:0x90 sw2:0x0 [SUB0]
02-20 20:16:55.528  1376  1464 D AT      : AT< +CRSM: 144,0,01000000
02-20 20:16:54.472     0     0 D ieee80211 phy0: hw scan complete
02-20 20:16:54.472     0     0 D ieee80211 phy0: hwsim hw_scan request
02-20 20:16:54.472     0     0 D ieee80211 phy0: hw scan 5180 MHz
02-20 20:16:55.705  2209  2209 I GoogleHttpClient: GMS http client unavailable, use old client
02-20 20:16:55.726  1918  2047 I liblog  : 85
02-20 20:16:55.726  1918  2047 D SubscriptionController: [getSlotId]- subId invalid
02-20 20:16:55.727  1313  1965 D PermissionCache: checking android.permission.READ_FRAME_BUFFER for uid=1000 => granted (215 us)
02-20 20:16:55.754  1769  2282 D TelephonyManager: getSimState: default sim:-1, sim state for slotIdx=0 is 5, return state as unknown
02-20 20:16:55.764  2230  2230 W System  : ClassLoader referenced unknown path: /system/app/PrebuiltDeskClockGoogle/lib/x86_64
02-20 20:16:55.774  1313  1965 D gralloc_ranchu: gralloc_alloc: Creating ashmem region of size 17051648
02-20 20:16:55.775  1313  1965 D         : HostConnection::get() New Host Connection established 0x72f55201b480, tid 1965
02-20 20:16:54.591     0     0 D ieee80211 phy0: hw scan 5200 MHz
02-20 20:16:55.817  1657  2073 I liblog  : 2
02-20 20:16:55.817  1657  2073 I am_relaunch_resume_activity: [0,208817574,131,com.google.android.apps.nexuslauncher/.NexusLauncherActivity]
02-20 20:16:55.818  1918  1918 D SIMRecords: [SIMRecords] onRecordLoaded 9 requested: true
02-20 20:16:55.818  1918  1918 D SIMRecords: [SIMRecords] EF_MWIS : 0000000000
02-20 20:16:55.819  1918  1918 D SIMRecords: [SIMRecords] onRecordLoaded 8 requested: true
02-20 20:16:55.819  1918  1918 D SIMRecords: [SIMRecords] EF_CPHS_MWI: 55
02-20 20:16:55.819  1918  1918 D SIMRecords: [SIMRecords] onRecordLoaded 7 requested: true
02-20 20:16:55.819  1918  1918 D RILJ    : [3735]> iccIO: SIM_IO 0xb0 0x6f14  path: 3F007F20,0,0,20 aid: null [SUB0]
02-20 20:16:55.819  1657  1748 W art     : Long monitor contention with owner Binder:1657_6 (2073) at void com.android.server.am.ActivityManagerService.updateConfiguration(android.content.res.Configuration)(ActivityManagerService.java:18937) waiters=3 in android.content.Intent com.android.server.am.ActivityManagerService.registerReceiver(android.app.IApplicationThread, java.lang.String, android.content.IIntentReceiver, android.content.IntentFilter, java.lang.String, int) for 156ms
02-20 20:16:55.819  1918  1918 D SIMRecords: [SIMRecords] EF_CFF_CPHS: 55
02-20 20:16:55.819  1918  1918 D SIMRecords: [SIMRecords] onRecordLoaded 6 requested: true
02-20 20:16:55.819  1657  1748 I dvm_lock_sample: [system_server,1,Binder:1657_3,156,ActivityManagerService.java,17547,-,18937,31]
02-20 20:16:55.819  1918  1918 D SIMRecords: [SIMRecords] onRecordLoaded 5 requested: true
02-20 20:16:55.820  1918  1918 D SIMRecords: [SIMRecords] SST: UsimServiceTable[120]={ PHONEBOOK, FDN, FDN_EXTENSION, SDN, SDN_EXTENSION, BDN, BDN_EXTENSION, OUTGOING_CALL_INFO, ADVICE_OF_CHARGE, CAP_CONFIG_PARAMS_2, GROUP_ID_LEVEL_1, GROUP_ID_LEVEL_2, SPN, USER_PLMN_SELECT, MSISDN, IMAGE, LOCALISED_SERVICE_AREAS, EMLPP, EMLPP_AUTO_ANSWER, RFU, GSM_ACCESS, DATA_DL_VIA_SMS_PP, DATA_DL_VIA_SMS_CB, CALL_CONTROL_BY_USIM, MO_SMS_CONTROL_BY_USIM, RUN_AT_COMMAND, APN_CONTROL_LIST, DEPERSONALISATION_CONTROL_KEYS, COOPERATIVE_NETWORK_LIST, GSM_SECURITY_CONTEXT, SERVICE_PROVIDER_DISPLAY_INFO, MMS_NOTIFICATION, MMS_NOTIFICATION_EXTENSION, GPRS_CALL_CONTROL_BY_USIM, VGCS_GROUP_ID_LIST, VBS_GROUP_ID_LIST, OMA_BCAST_PROFILE, GBA_LOCAL_KEY_ESTABLISHMENT, #101, #102, #103, #104, #105, #106, #107, #108, #109, #110 }
02-20 20:16:55.820  1918  1918 D SIMRecords: [SIMRecords] onRecordLoaded 4 requested: true
02-20 20:16:55.820  1918  1918 D SIMRecords: [SIMRecords] iCPHS: 0233
02-20 20:16:55.820  1918  1918 D SIMRecords: [SIMRecords] onRecordLoaded 3 requested: true
02-20 20:16:55.820  1918  1918 D RuimRecords: [RuimRecords] iccid: 89014103211118510720
02-20 20:16:55.820  1918  1918 D RuimRecords: [RuimRecords] onRecordLoaded 0 requested: true
02-20 20:16:55.820  1918  1918 D RuimRecords: [RuimRecords] record load complete
02-20 20:16:55.820  1918  1918 D SIMRecords: [SIMRecords] MSISDN: [t-WgLegCyIMgfHgPkOdM6pkZbpA]
02-20 20:16:55.820  1918  1918 D SIMRecords: [SIMRecords] onRecordLoaded 2 requested: true
02-20 20:16:55.820  1376  1460 I liblog  : 45
02-20 20:16:55.820  1376  1460 D RIL     : onRequest: SIM_IO
02-20 20:16:55.820  1376  1460 D AT      : AT> AT+CRSM=176,28436,0,0,20
02-20 20:16:55.821  1376  1464 D AT      : AT< +CRSM: 144,0,416e64726f6964ffffffffffffffffffffffffff
02-20 20:16:55.821  1376  1464 D AT      : AT< OK
02-20 20:16:55.821  1918  2001 D RILJ    : [3735]< SIM_IO IccIoResponse sw1:0x90 sw2:0x0 [SUB0]
02-20 20:16:55.820  1918  1918 D RILJ    : [3736]> iccIO: SIM_IO 0xb2 0x6fc7  path: 3F007F20,1,4,32 aid: null [SUB0]
02-20 20:16:55.831  1657  2074 W art     : Long monitor contention with owner Binder:1657_6 (2073) at void com.android.server.am.ActivityManagerService.updateConfiguration(android.content.res.Configuration)(ActivityManagerService.java:18937) waiters=4 in java.lang.String com.android.server.am.ActivityManagerService.checkContentProviderAccess(java.lang.String, int) for 159ms
02-20 20:16:55.831  1657  2074 I dvm_lock_sample: [system_server,1,Binder:1657_7,159,ActivityManagerService.java,10435,-,18937,31]
02-20 20:16:55.834  1376  1460 D RIL     : onRequest: SIM_IO
02-20 20:16:55.834  1376  1460 D AT      : AT> AT+CRSM=178,28615,1,4,32
02-20 20:16:55.836  1376  1464 D AT      : AT< +CRSM: 144,0,566f6963656d61696cffffffffffffffffff07915155125740f9ffffffffffff
02-20 20:16:55.838  1376  1464 D AT      : AT< OK
02-20 20:16:55.859  1918  1948 D DCT     : [0]hasMatchedTetherApnSetting: APN=null
02-20 20:16:55.861  1918  1918 D SIMRecords: [SIMRecords] getServiceProviderName: no brandOverride, providerName=Android
02-20 20:16:55.861  1918  2001 D RILJ    : [3736]< SIM_IO IccIoResponse sw1:0x90 sw2:0x0 [SUB0]
02-20 20:16:55.861  1918  1918 D SIMRecords: [SIMRecords] Load EF_SPN_CPHS: Android
02-20 20:16:55.861  1918  1918 D TelephonyManager: setTelephonyProperty: success phoneId=0 property=gsm.sim.operator.alpha value: Android propVal=Android
02-20 20:16:55.861  1918  1918 D SIMRecords: [SIMRecords] onRecordLoaded 1 requested: true
02-20 20:16:55.862  1918  1918 D SIMRecords: [SIMRecords] VM: ADN Record 'Voicemail' '[-MWU1cAlDrkXUZ8dpHi_wU_YOpU] null' EF[MBDN]
02-20 20:16:55.862  1918  1918 D SIMRecords: [SIMRecords] onRecordLoaded 0 requested: true
02-20 20:16:55.862  1918  1918 D SIMRecords: [SIMRecords] record load complete
02-20 20:16:55.862  1918  1918 D SIMRecords: [SIMRecords] Not using EF LI/EF PL
02-20 20:16:55.862  1918  1918 D SIMRecords: [SIMRecords] EF_CFF: callForwardingEnabled=0
02-20 20:16:55.862  1918  1918 D SIMRecords: [SIMRecords] onAllRecordsLoaded set 'gsm.sim.operator.numeric' to operator='310260'
02-20 20:16:55.862  1918  1918 D SIMRecords: [SIMRecords] update icc_operator_numeric=310260
02-20 20:16:55.862  1918  1918 D TelephonyManager: setTelephonyProperty: success phoneId=0 property=gsm.sim.operator.numeric value: 310260 propVal=310260
02-20 20:16:55.862  1918  1918 D SubscriptionController: [setMccMnc]+ mcc/mnc:310/260 subId:-1
02-20 20:16:55.864  1918  1918 D SubscriptionController: notifySubscriptionInfoChanged:
02-20 20:16:55.882  2148  2148 I am_on_paused_called: [0,com.google.android.apps.nexuslauncher.NexusLauncherActivity,handleRelaunchActivity]
02-20 20:16:55.894  1657  1657 I dvm_lock_sample: [system_server,1,main,24,ActivityManagerService.java,21741,-,17547,4]
02-20 20:16:55.895  1918  1918 D SIMRecords: [SIMRecords] onAllRecordsLoaded set mcc imsi
02-20 20:16:55.895  1918  1918 D TelephonyManager: setTelephonyProperty: success phoneId=0 property=gsm.sim.operator.iso-country value: us propVal=us
02-20 20:16:55.909  1918  1918 D SST     : SubscriptionListener.onSubscriptionInfoChanged
02-20 20:16:55.909  1918  1918 D SIMRecords: [SIMRecords]  VoiceMessageCount from SIM MWIS = 0
02-20 20:16:55.909  1918  1918 E Phone   : getStoredVoiceMessageCount: invalid subId -2
02-20 20:16:55.909  1918  1918 D GsmCdmaPhone: [GsmCdmaPhone] updateVoiceMail countVoiceMessages = 0 subId -2
02-20 20:16:55.909  1918  1918 E Phone   : setVoiceMessageCount in sharedPreference: invalid subId -2
02-20 20:16:55.911  1918  1918 D DCT     : [0]SubscriptionListener.onSubscriptionInfoChanged
02-20 20:16:55.912  1657  1748 I wm_task_removed: [1,removeAppToken: last token]
02-20 20:16:55.912  1657  1748 I wm_task_removed: [1,removeTask]
02-20 20:16:54.720     0     0 D ieee80211 phy0: hw scan 5220 MHz
02-20 20:16:55.925  1918  1918 D SubscriptionController: [getActiveSubInfoList] Sub Controller not ready
02-20 20:16:55.925  1769  1769 I StatusBar: isKeyguardShowing() called before startKeyguard(), returning true
02-20 20:16:55.925  1769  1769 W StatusBar: isKeyguardSecure() called before startKeyguard(), returning false
02-20 20:16:55.925  1769  1769 W StatusBar: java.lang.Throwable
02-20 20:16:55.925  1769  1769 W StatusBar: 	at com.android.systemui.statusbar.BaseStatusBar.isKeyguardSecure(BaseStatusBar.java:2647)
02-20 20:16:55.925  1769  1769 W StatusBar: 	at com.android.systemui.statusbar.BaseStatusBar.isCameraAllowedByAdmin(BaseStatusBar.java:2670)
02-20 20:16:55.925  1769  1769 W StatusBar: 	at com.android.systemui.statusbar.phone.KeyguardBottomAreaView.updateCameraVisibility(KeyguardBottomAreaView.java:309)
02-20 20:16:55.925  1769  1769 W StatusBar: 	at com.android.systemui.statusbar.phone.KeyguardBottomAreaView.setUserSetupComplete(KeyguardBottomAreaView.java:281)
02-20 20:16:55.925  1769  1769 W StatusBar: 	at com.android.systemui.statusbar.phone.PhoneStatusBar$1.onChange(PhoneStatusBar.java:441)
02-20 20:16:55.925  1769  1769 W StatusBar: 	at com.android.systemui.statusbar.phone.PhoneStatusBar.resetUserSetupObserver(PhoneStatusBar.java:3676)
02-20 20:16:55.925  1769  1769 W StatusBar: 	at com.android.systemui.statusbar.phone.PhoneStatusBar.makeStatusBarView(PhoneStatusBar.java:1008)
02-20 20:16:55.925  1769  1769 W StatusBar: 	at com.android.systemui.statusbar.phone.PhoneStatusBar.addStatusBarWindow(PhoneStatusBar.java:3432)
02-20 20:16:55.925  1769  1769 W StatusBar: 	at com.android.systemui.statusbar.phone.PhoneStatusBar.createAndAddWindows(PhoneStatusBar.java:3428)
02-20 20:16:55.925  1769  1769 W StatusBar: 	at com.android.systemui.statusbar.BaseStatusBar.start(BaseStatusBar.java:765)
02-20 20:16:55.925  1769  1769 W StatusBar: 	at com.android.systemui.statusbar.phone.PhoneStatusBar.start(PhoneStatusBar.java:686)
02-20 20:16:55.925  1769  1769 W StatusBar: 	at com.android.systemui.statusbar.SystemBars.createStatusBarFromConfig(SystemBars.java:106)
02-20 20:16:55.925  1769  1769 W StatusBar: 	at com.android.systemui.statusbar.SystemBars.onNoService(SystemBars.java:58)
02-20 20:16:55.925  1769  1769 W StatusBar: 	at com.android.systemui.statusbar.ServiceMonitor.startService(ServiceMonitor.java:230)
02-20 20:16:55.925  1769  1769 W StatusBar: 	at com.android.systemui.statusbar.ServiceMonitor.-wrap5(ServiceMonitor.java)
02-20 20:16:55.925  1769  1769 W StatusBar: 	at com.android.systemui.statusbar.ServiceMonitor$1.handleMessage(ServiceMonitor.java:73)
02-20 20:16:55.925  1769  1769 W StatusBar: 	at android.os.Handler.dispatchMessage(Handler.java:102)
02-20 20:16:55.925  1769  1769 W StatusBar: 	at android.os.Looper.loop(Looper.java:154)
02-20 20:16:55.925  1769  1769 W StatusBar: 	at android.app.ActivityThread.main(ActivityThread.java:6119)
02-20 20:16:55.925  1769  1769 W StatusBar: 	at java.lang.reflect.Method.invoke(Native Method)
02-20 20:16:55.925  1769  1769 W StatusBar: 	at com.android.internal.os.ZygoteInit$MethodAndArgsCaller.run(ZygoteInit.java:886)
02-20 20:16:55.925  1769  1769 W StatusBar: 	at com.android.internal.os.ZygoteInit.main(ZygoteInit.java:776)
02-20 20:16:55.926  1918  1918 D SubscriptionController: [getActiveSubInfoList] Sub Controller not ready
02-20 20:16:55.926  1918  1918 I Telephony: PstnIncomingCallNotifier: Unregistering: Handler (com.android.internal.telephony.GsmCdmaPhone) {daedc5d}
02-20 20:16:55.927  1918  1918 E PhoneInterfaceManager: [PhoneIntfMgr] getIccId: No UICC
02-20 20:16:55.927  1769  1989 D OpenGLRenderer: profile bars disabled
02-20 20:16:55.927  1769  1989 D OpenGLRenderer: ambientRatio = 1.50
02-20 20:16:55.931  1769  1769 D PhoneStatusBar: disable: < EXPAND* icons alerts system_info BACK* HOME* RECENT* clock SEARCH* quick_settings >
02-20 20:16:55.933  1657  1690 I Telecom : PhoneAccountRegistrar: [ComponentInfo{com.android.phone/com.android.services.telephony.TelephonyConnectionService}, [e0184adedf913b076626646d3f52c3b49c39ad6d], UserHandle{0}(addr: tel:*********** -> tel:)(icon: Icon(typ=BITMAP size=76x96) -> Icon(typ=BITMAP size=76x96))(subAddr: tel:*********** -> tel:)]: TSI.rPA@AAk
02-20 20:16:55.935  1657  1690 I Telecom : : Sending phone-account registered intent as user: TSI.rPA@AAk
02-20 20:16:55.935  1657  1657 I GnssLocationProvider: WakeLock acquired by sendMessage(12, 0, null)
02-20 20:16:55.935  1918  1918 I Telephony: AccountEntry: Registered phoneAccount: [[ ] PhoneAccount: ComponentInfo{com.android.phone/com.android.services.telephony.TelephonyConnectionService}, [e0184adedf913b076626646d3f52c3b49c39ad6d], UserHandle{0} Capabilities: CallProvider MultiUser PlaceEmerg SimSub  Schemes: tel voicemail  Extras: null GroupId: [da39a3ee5e6b4b0d3255bfef95601890afd80709]] with handle: ComponentInfo{com.android.phone/com.android.services.telephony.TelephonyConnectionService}, [e0184adedf913b076626646d3f52c3b49c39ad6d], UserHandle{0}
02-20 20:16:55.935  1918  1918 I Telephony: PstnIncomingCallNotifier: Registering: Handler (com.android.internal.telephony.GsmCdmaPhone) {daedc5d}
02-20 20:16:55.937  1918  2047 D SubscriptionController: [getActiveSubInfoList] Sub Controller not ready
02-20 20:16:55.940  1657  2100 I force_gc: Binder
02-20 20:16:55.949  1918  1918 D CAT     : CatService: handleMessage[20]
02-20 20:16:55.949  1918  1918 D GsmCdmaPhone: [GsmCdmaPhone] updateCurrentCarrierInProvider: mSubId = -2 currentDds = 1 operatorNumeric = 310260
02-20 20:16:55.949  1918  1918 D IccCardProxy: operator=310260 mPhoneId=0
02-20 20:16:55.949  1918  1918 D TelephonyManager: setTelephonyProperty: success phoneId=0 property=gsm.sim.operator.numeric value: 310260 propVal=310260
02-20 20:16:55.949  1918  1918 D TelephonyManager: setTelephonyProperty: success phoneId=0 property=gsm.sim.operator.iso-country value: us propVal=us
02-20 20:16:55.950  1918  1918 D IccCardProxy: Sending intent ACTION_INTERNAL_SIM_STATE_CHANGED for mPhoneId : 0
02-20 20:16:55.950  1918  1918 D SST     : EVENT_SIM_RECORDS_LOADED: what=16
02-20 20:16:55.950  1918  1918 D GsmCdmaPhone: [GsmCdmaPhone] updatePhoneObject: radioTechnology=0
02-20 20:16:55.950  1918  1918 D SST     : getOtasp: otasp not needed for GSM
02-20 20:16:55.950  1918  1918 D SST     : updateOtaspState: call notifyOtaspChanged old otaspMode=0 new otaspMode=3
02-20 20:16:55.951  1918  1918 D SIMRecords: [SIMRecords] getServiceProviderName: no brandOverride, providerName=Android
02-20 20:16:55.951  1918  1918 D SIMRecords: [SIMRecords] getServiceProviderName: no brandOverride, providerName=Android
02-20 20:16:55.951  1918  1918 D SST     : updateSpnDisplay: changed sending intent rule=1 showPlmn='false' plmn='Android' showSpn='true' spn='Android' dataSpn='Android' subId='-2'
02-20 20:16:55.952  1918  1918 D SubscriptionController: [setPlmnSpn] No valid subscription to store info
02-20 20:16:55.952  1918  1918 D SubscriptionController: notifySubscriptionInfoChanged:
02-20 20:16:55.952  1657  1657 I GnssLocationProvider: WakeLock acquired by sendMessage(12, 0, null)
02-20 20:16:55.952  1918  1948 D SubscriptionController: [getActiveSubInfoList] Sub Controller not ready
02-20 20:16:55.960  1918  1948 D SubscriptionController: [getSlotId]- subId invalid
02-20 20:16:55.962  1918  1948 D SubscriptionController: [getActiveSubInfoList] Sub Controller not ready
02-20 20:16:55.963  1918  1918 E PhoneInterfaceManager: [PhoneIntfMgr] getIccId: No UICC
02-20 20:16:54.859     0     0 D ieee80211 phy0: hw scan 5240 MHz
02-20 20:16:55.977  1769  2282 D TelephonyManager: getSimState: default sim:-1, sim state for slotIdx=0 is 5, return state as unknown
02-20 20:16:55.994  1657  1691 I Telecom : PhoneAccountRegistrar: [ComponentInfo{com.android.phone/com.android.services.telephony.TelephonyConnectionService}, [e0184adedf913b076626646d3f52c3b49c39ad6d], UserHandle{0}(icon: Icon(typ=BITMAP size=76x96) -> Icon(typ=BITMAP size=76x96))]: TSI.rPA@AAw
02-20 20:16:55.995  1657  1691 I Telecom : : Sending phone-account registered intent as user: TSI.rPA@AAw
02-20 20:16:55.997  1918  1918 D SubscriptionInfoUpdater: [Receiver]+
02-20 20:16:55.997  1918  1918 D SubscriptionInfoUpdater: Action: android.intent.action.internal_sim_state_changed
02-20 20:16:55.997  1918  1918 D SubscriptionInfoUpdater: slotId: 0
02-20 20:16:55.997  1918  1918 D SubscriptionInfoUpdater: simStatus: LOADED
02-20 20:16:55.997  1918  1918 D SubscriptionInfoUpdater: [Receiver]-
02-20 20:16:55.997  1918  1918 D GsmCdmaPhone: [GsmCdmaPhone] phoneObjectUpdater: newVoiceRadioTech=0
02-20 20:16:55.997  1918  1918 D GsmCdmaPhone: [GsmCdmaPhone] phoneObjectUpdater: volteReplacementRat=0
02-20 20:16:55.997  1918  1918 E GsmCdmaPhone: [GsmCdmaPhone] phoneObjectUpdater: newVoiceRadioTech=0 doesn't match either CDMA or GSM - error! No phone change
02-20 20:16:55.997  1918  1918 D SST     : SubscriptionListener.onSubscriptionInfoChanged
02-20 20:16:55.997  1918  1918 D DCT     : [0]SubscriptionListener.onSubscriptionInfoChanged
02-20 20:16:55.998  1918  1918 D SubscriptionController: [getActiveSubInfoList] Sub Controller not ready
02-20 20:16:55.998  1918  1918 D SubscriptionController: [getActiveSubInfoList] Sub Controller not ready
02-20 20:16:55.998  1918  1918 I Telephony: PstnIncomingCallNotifier: Unregistering: Handler (com.android.internal.telephony.GsmCdmaPhone) {daedc5d}
02-20 20:16:55.998  1918  1918 E PhoneInterfaceManager: [PhoneIntfMgr] getIccId: No UICC
02-20 20:16:56.000  1657  1967 I Telecom : PhoneAccountRegistrar: [ComponentInfo{com.android.phone/com.android.services.telephony.TelephonyConnectionService}, [e0184adedf913b076626646d3f52c3b49c39ad6d], UserHandle{0}(icon: Icon(typ=BITMAP size=76x96) -> Icon(typ=BITMAP size=76x96))]: TSI.rPA@AA0
02-20 20:16:56.001  1657  1967 I Telecom : : Sending phone-account registered intent as user: TSI.rPA@AA0
02-20 20:16:56.001  1918  1918 I Telephony: AccountEntry: Registered phoneAccount: [[ ] PhoneAccount: ComponentInfo{com.android.phone/com.android.services.telephony.TelephonyConnectionService}, [e0184adedf913b076626646d3f52c3b49c39ad6d], UserHandle{0} Capabilities: CallProvider MultiUser PlaceEmerg SimSub  Schemes: tel voicemail  Extras: null GroupId: [da39a3ee5e6b4b0d3255bfef95601890afd80709]] with handle: ComponentInfo{com.android.phone/com.android.services.telephony.TelephonyConnectionService}, [e0184adedf913b076626646d3f52c3b49c39ad6d], UserHandle{0}
02-20 20:16:56.001  1918  1918 I Telephony: PstnIncomingCallNotifier: Registering: Handler (com.android.internal.telephony.GsmCdmaPhone) {daedc5d}
02-20 20:16:56.004  1918  1918 D SubscriptionInfoUpdater: handleSimStateLoadedInternal: slotId: 0
02-20 20:16:56.004  1918  1918 D SubscriptionInfoUpdater: All IccIds query complete
02-20 20:16:56.004  1918  1918 D SubscriptionInfoUpdater: updateSubscriptionInfoByIccId:+ Start
02-20 20:16:56.004  1918  1918 D SubscriptionController: [clearSubInfo]- no simInfo size=0
02-20 20:16:56.004  1918  1918 D SubscriptionInfoUpdater: insertedSimCount = 1
02-20 20:16:56.004  1918  1918 D SubscriptionController: [getSubInfoUsingSlotIdWithCheck]+ slotId:0
02-20 20:16:56.006  1918  1918 D SubscriptionController: [getPhoneId]- no sims, returning default phoneId=2147483647
02-20 20:16:56.006  1918  1918 D SubscriptionController: [getPhoneId]- no sims, returning default phoneId=2147483647
02-20 20:16:56.007  1918  1918 D SubscriptionController: [getPhoneId]- no sims, returning default phoneId=2147483647
02-20 20:16:56.009  1918  1918 D SubscriptionController: [getSubInfoUsingSlotId]- null info return
02-20 20:16:56.009  1918  1918 D SubscriptionInfoUpdater: updateSubscriptionInfoByIccId: oldSubId = 1
02-20 20:16:56.009  1918  1918 D SubscriptionInfoUpdater: updateSubscriptionInfoByIccId: oldIccId[0] = 89014103211118510720, sIccId[0] = 89014103211118510720
02-20 20:16:56.010  1918  1918 D SubscriptionController: [addSubInfoRecord]+ iccId:89014103211118510720 slotId:0
02-20 20:16:56.016  2148  2246 D EGL_emulation: eglMakeCurrent: 0x758a69064320: ver 3 0 (tinfo 0x758a6900cca0)
02-20 20:16:56.039  2148  2148 I am_on_stop_called: [0,com.google.android.apps.nexuslauncher.NexusLauncherActivity,destroy]
02-20 20:16:56.040  2091  2091 W System  : ClassLoader referenced unknown path: /system/priv-app/PrebuiltGmsCore/lib/x86_64
02-20 20:16:56.043  2235  2235 E OverlaySController: Calling with an invalid UID, the interface will not work
02-20 20:16:56.043  2091  2091 W System  : ClassLoader referenced unknown path: /system/priv-app/PrebuiltGmsCore/lib/x86_64
02-20 20:16:56.062  2091  2091 W System  : ClassLoader referenced unknown path: /system/priv-app/PrebuiltGmsCore/lib/x86_64
02-20 20:16:56.062  2091  2091 W System  : ClassLoader referenced unknown path: /system/priv-app/PrebuiltGmsCore/lib/x86_64
02-20 20:16:56.070  2091  2091 W linker  : /data/user_de/0/com.google.android.gms/app_extracted_libs/x86_64/libconscrypt_gmscore_jni.so: unused DT entry: type 0xf arg 0x12a
02-20 20:16:56.079  2091  2091 V NativeCrypto: Registering com/google/android/gms/org/conscrypt/NativeCrypto's 276 native methods...
02-20 20:16:56.079  1313  1313 W SurfaceFlinger: couldn't log to binary event log: overflow.
02-20 20:16:56.081  1313  1357 D gralloc_ranchu: gralloc_alloc: Creating ashmem region of size 15945728
02-20 20:16:56.096  2148  2148 I am_on_resume_called: [0,com.google.android.apps.nexuslauncher.NexusLauncherActivity,handleRelaunchActivity]
02-20 20:16:56.100  1918  1918 D SubscriptionController: [getActiveSubInfoList] Sub Controller not ready
02-20 20:16:56.101  1918  1918 D SubscriptionController: [addSubInfoRecord] Record already exists
02-20 20:16:56.111  1918  1918 D SubscriptionController: [addSubInfoRecord] sSlotIdxToSubId.size=1 slotId=0 subId=1 defaultSubId=1 simCount=1
02-20 20:16:56.111  1918  1918 D SubscriptionController: [setDefaultFallbackSubId] subId=1
02-20 20:16:56.111  1918  1918 D SubscriptionController: [setDefaultFallbackSubId] set mDefaultFallbackSubId=1
02-20 20:16:56.111  1918  1918 D MccTable: updateMccMncConfiguration mccmnc='310260' fromServiceState=false
02-20 20:16:56.112  1918  1918 D MccTable: updateMccMncConfiguration defaultMccMnc=310260
02-20 20:16:56.112  1918  1918 D MccTable: updateMccMncConfiguration: mcc=310, mnc=260
02-20 20:16:56.112  1918  1918 D MccTable: updateMccMncConfiguration updateConfig config={1.0 310mcc260mnc ?localeList ?layoutDir ?swdp ?wdp ?hdp ?density ?lsize ?long ?orien ?uimode ?night ?touch ?keyb/?/? ?nav/?}
02-20 20:16:56.130  1918  1918 D SubscriptionController: [setDefaultFallbackSubId] broadcast default subId changed phoneId=0 subId=1
02-20 20:16:56.156  2091  2091 D NetworkSecurityConfig: No Network Security Config specified, using platform default
02-20 20:16:56.159  1769  1769 D PhoneStatusBar: heads up is enabled
02-20 20:16:56.163  2091  2091 I ProviderInstaller: Installed default security provider GmsCore_OpenSSL
02-20 20:16:56.192  1918  1918 D SubscriptionController: [addSubInfoRecord] one sim set defaults to subId=1
02-20 20:16:56.194  1918  1918 D SubscriptionController: [setDefaultDataSubId] num phones=1, subId=1
02-20 20:16:56.194  1918  1918 D SubscriptionController: [setDefaultDataSubId] phoneId=0 subId=1 RAF=1
02-20 20:16:56.195  1918  1918 D ProxyController: setRadioCapability: Already in requested configuration, nothing to do.
02-20 20:16:56.195  1918  1918 D SubscriptionController: [updateAllDataConnectionTrackers] sPhones.length=1
02-20 20:16:56.195  1918  1918 D SubscriptionController: [updateAllDataConnectionTrackers] phoneId=0
02-20 20:16:56.195  1918  1918 D DCT     : [0]update sub = 1
02-20 20:16:56.195  1918  1918 D DCT     : [0]update(): Active DDS, register for all events now!
02-20 20:16:56.195  1918  1918 D DCT     : [0]New records found.
02-20 20:16:56.195  1918  1918 D SST     : mDeviceShuttingDown=false, mDesiredPowerState=true, getRadioState=RADIO_ON, mPowerOffDelayNeed=true, mAlarmSwitch=false, mRadioDisabledByCarrier=false
02-20 20:16:56.195  1918  1918 D GsmCdmaPhone: [GsmCdmaPhone] updateCurrentCarrierInProvider: mSubId = 1 currentDds = 1 operatorNumeric = 310260
02-20 20:16:54.971     0     0 D ieee80211 phy0: hw scan 5745 MHz
02-20 20:16:56.216  1918  1948 D RILJ    : [3737]> RIL_REQUEST_GET_CELL_INFO_LIST [SUB0]
02-20 20:16:56.217  1376  1460 D RIL     : onRequest: GET_CELL_INFO_LIST
02-20 20:16:56.217  1376  1460 D RILC    : responseCellInfoList: v12
02-20 20:16:56.221  1918  2001 D RILJ    : [3737]< RIL_REQUEST_GET_CELL_INFO_LIST [CellInfoGsm:{mRegistered=YES mTimeStampType=modem mTimeStamp=13034437543ns CellIdentityGsm:{ mMcc=310 mMnc=260 mLac=3 mCid=91 mArfcn=10 mBsic=0x0} CellSignalStrengthGsm: ss=-312610376 ber=32662 mTa=-304092036}] [SUB0]
02-20 20:16:56.227  1918  1918 D SubscriptionController: [broadcastDefaultDataSubIdChanged] subId=1
02-20 20:16:56.227  1918  1918 D SubscriptionController: [setDefaultSmsSubId] subId=1
02-20 20:16:56.227  1918  1918 D SubscriptionController: [broadcastDefaultSmsSubIdChanged] subId=1
02-20 20:16:56.228  1918  1918 D SubscriptionController: [setDefaultVoiceSubId] subId=1
02-20 20:16:56.228  1918  1918 D SubscriptionController: [broadcastDefaultVoiceSubIdChanged] subId=1
02-20 20:16:56.228  1918  1918 D SubscriptionController: [addSubInfoRecord] hashmap(0,1)
02-20 20:16:56.295  1918  1918 D SubscriptionController: [addSubInfoRecord] sim name = Android
02-20 20:16:56.296  1918  1918 D DCT     : [0]update sub = 1
02-20 20:16:56.296  1918  1918 D DCT     : [0]update(): Active DDS, register for all events now!
02-20 20:16:56.296  1918  1918 D GsmCdmaPhone: [GsmCdmaPhone] updateCurrentCarrierInProvider: mSubId = 1 currentDds = 1 operatorNumeric = 310260
02-20 20:16:55.100     0     0 D ieee80211 phy0: hw scan 5765 MHz
02-20 20:16:56.315  1918  1918 D SubscriptionController: [addSubInfoRecord]- info size=1
02-20 20:16:56.315  1918  1918 D SubscriptionInfoUpdater: newSim = false
02-20 20:16:56.315  1918  1918 D SubscriptionInfoUpdater: updateSubscriptionInfoByIccId: sInsertSimState[0] = 0
02-20 20:16:56.317  1918  1918 D SubscriptionInfoUpdater: updateSubscriptionInfoByIccId: nSubCount = 1
02-20 20:16:56.318  1918  1918 D SubscriptionController: [setDefaultDataSubId] num phones=1, subId=1
02-20 20:16:56.318  1918  1918 D SubscriptionController: [setDefaultDataSubId] phoneId=0 subId=1 RAF=1
02-20 20:16:56.318  1918  1918 D ProxyController: setRadioCapability: Already in requested configuration, nothing to do.
02-20 20:16:56.318  1918  1918 D SubscriptionController: [updateAllDataConnectionTrackers] sPhones.length=1
02-20 20:16:56.318  1918  1918 D SubscriptionController: [updateAllDataConnectionTrackers] phoneId=0
02-20 20:16:56.318  1918  1918 D DCT     : [0]update sub = 1
02-20 20:16:56.318  1918  1918 D DCT     : [0]update(): Active DDS, register for all events now!
02-20 20:16:56.318  1918  1918 D GsmCdmaPhone: [GsmCdmaPhone] updateCurrentCarrierInProvider: mSubId = 1 currentDds = 1 operatorNumeric = 310260
02-20 20:16:56.367  1918  1918 D SubscriptionController: [broadcastDefaultDataSubIdChanged] subId=1
02-20 20:16:56.370  1918  1918 D SubscriptionController: notifySubscriptionInfoChanged:
02-20 20:16:56.371  1657  1657 I GnssLocationProvider: WakeLock acquired by sendMessage(12, 0, null)
02-20 20:16:56.371  1918  2302 D SubscriptionMonitor: Phone[0] subId changed -2->1, 1 registrants
02-20 20:16:56.371  1918  2302 D SubscriptionMonitor: mDefaultDataSubId = 1, 1 registrants
02-20 20:16:56.372  1918  1918 D SubscriptionInfoUpdater: updateSubscriptionInfoByIccId:- SsubscriptionInfo update complete
02-20 20:16:56.372  1918  1918 D MccTable: updateMccMncConfiguration mccmnc='310260' fromServiceState=false
02-20 20:16:56.373  1918  1918 D MccTable: updateMccMncConfiguration defaultMccMnc=310260
02-20 20:16:56.373  1918  1918 D MccTable: updateMccMncConfiguration: mcc=310, mnc=260
02-20 20:16:56.373  1918  1918 D MccTable: updateMccMncConfiguration updateConfig config={1.0 310mcc260mnc ?localeList ?layoutDir ?swdp ?wdp ?hdp ?density ?lsize ?long ?orien ?uimode ?night ?touch ?keyb/?/? ?nav/?}
02-20 20:16:56.375  2122  2122 W KeyphraseEnrollmentInfo: No Enrollment application supports the given keyphrase/locale
02-20 20:16:55.220     0     0 D ieee80211 phy0: hw scan 5785 MHz
02-20 20:16:56.413  1918  1918 D SubscriptionController: [setMccMnc]+ mcc/mnc:310/260 subId:1
02-20 20:16:56.416  1313  1326 D gralloc_ranchu: gralloc_alloc: Creating ashmem region of size 17051648
02-20 20:16:56.438  1918  1918 D SubscriptionController: notifySubscriptionInfoChanged:
02-20 20:16:56.438  1657  1657 I GnssLocationProvider: WakeLock acquired by sendMessage(12, 0, null)
02-20 20:16:56.469  1657  1668 I art     : Background partial concurrent mark sweep GC freed 26444(2MB) AllocSpace objects, 24(1364KB) LOS objects, 20% free, 15MB/19MB, paused 2.500ms total 527.597ms
02-20 20:16:56.491  1657  1692 I am_proc_start: [0,2319,10069,com.android.printspooler,service,com.android.printspooler/.model.PrintSpoolerService]
02-20 20:16:56.491  1657  1692 I ActivityManager: Start proc 2319:com.android.printspooler/u0a69 for service com.android.printspooler/.model.PrintSpoolerService
02-20 20:16:56.532  2319  2319 W art     : Unexpected CPU variant for X86 using defaults: x86_64
02-20 20:16:55.340     0     0 D ieee80211 phy0: hw scan 5805 MHz
02-20 20:16:56.559  1657  2292 I am_proc_bound: [0,2319,com.android.printspooler]
02-20 20:16:56.560  1657  1694 V KeyguardServiceDelegate: *** Keyguard connected (yay!)
02-20 20:16:56.566  2148  2246 D EGL_emulation: eglMakeCurrent: 0x758a69064320: ver 3 0 (tinfo 0x758a6900cca0)
02-20 20:16:56.597  2091  2091 I DynamiteModule: Considering local module com.google.android.gms.googlecertificates:4 and remote module com.google.android.gms.googlecertificates:4
02-20 20:16:56.597  2091  2091 I DynamiteModule: Selected local version of com.google.android.gms.googlecertificates
02-20 20:16:56.624  2174  2174 I CalendarProvider2: Sending notification intent: Intent { act=android.intent.action.PROVIDER_CHANGED dat=content://com.android.calendar flg=0x20000000 }
02-20 20:16:56.624  2174  2174 W ContentResolver: Failed to get type for: content://com.android.calendar (Unknown URL content://com.android.calendar)
02-20 20:16:56.643  1918  1918 D SubscriptionController: [getActiveSubscriptionInfo]+ subId=1 subInfo={id=1, iccId=89014103211118510720 simSlotIndex=0 displayName=Android carrierName=Android nameSource=0 iconTint=-16746133 dataRoaming=0 iconBitmap=android.graphics.Bitmap@6ee83d5 mcc 310 mnc 260}
02-20 20:16:55.460     0     0 D ieee80211 phy0: hw scan 5825 MHz
02-20 20:16:55.580     0     0 D ieee80211 phy0: hw scan complete
02-20 20:16:55.581     0     0 D ieee80211 phy0: mac80211_hwsim_get_survey (idx=0)
02-20 20:16:56.644  2148  2148 I Launcher.Model: not binding apps: no Launcher activity
02-20 20:16:56.684  1657  1700 I WindowManager: Screen frozen for +975ms due to AppWindowToken{ee8f63d token=Token{4b7d3e7 ActivityRecord{c724da6 u0 com.google.android.apps.nexuslauncher/.NexusLauncherActivity t131}}}
02-20 20:16:56.700  1918  1918 D SubscriptionInfoUpdater: Broadcasting intent ACTION_SIM_STATE_CHANGED LOADED reason null for mCardIndex: 0
02-20 20:16:56.702  1657  1657 D WifiService: resetting networks because SIM was loaded
02-20 20:16:56.705  1657  1735 D WifiStateMachine: resetting EAP-SIM/AKA/AKA' networks since SIM was changed
02-20 20:16:56.705  1918  1918 D CarrierConfigLoader: update config for phoneId: 0 simState: LOADED
02-20 20:16:56.705  1918  1918 D CarrierSvcBindHelper: update binding for phoneId: 0 simState: LOADED
