02-20 20:16:52.854  1371  1998 I OMXMaster: makeComponentInstance(OMX.google.vorbis.decoder) in mediacodec process
02-20 20:16:52.859  1918  1918 D DCT     : [0]DCT.constructor
02-20 20:16:52.863  1657  1691 I am_proc_bound: [0,2024,com.android.cellbroadcastreceiver]
02-20 20:16:52.918  1657  1690 D TelephonyRegistry: listen oscl: hasNotifySubscriptionInfoChangedOccurred==false no callback
02-20 20:16:52.919  1918  1918 D Dcc     : E ctor
02-20 20:16:52.919  1918  1918 D Dcc     : X ctor
02-20 20:16:52.923  1918  1918 D SubscriptionController: [getPhoneId] asked for default subId=-1
02-20 20:16:52.937  1657  1735 D WifiConfigManager: Loading config and enabling all networks 
02-20 20:16:52.947  1918  2042 D DcTesterDeacativateAll: register for intent action=com.android.internal.telephony.dataconnection.action_deactivate_all
02-20 20:16:52.947  1918  2042 D DcTesterDeacativateAll: register for intent action=com.android.internal.telephony.action_detached
02-20 20:16:52.948  1918  2042 D Dcc     : DccDefaultState: msg.what=EVENT_RIL_CONNECTED mRilVersion=12
02-20 20:16:52.948  1918  1918 D DcTesterFailBrinupAll: register for intent action=com.android.internal.telephony.dataconnection.action_fail_bringup
02-20 20:16:52.948  1918  1918 D DcTesterFailBrinupAll: register for intent action=com.android.internal.telephony.action_detached
02-20 20:16:52.948  1918  1918 D DcTesterFailBrinupAll: register for intent action=com.android.internal.telephony.action_attached
02-20 20:16:52.948  1918  1918 D SST     : notifyDataRegStateRilRadioTechnologyChanged: drs=1 rat=0
02-20 20:16:52.948  1918  1918 D TelephonyManager: setTelephonyProperty: success phoneId=0 property=gsm.network.type value: Unknown propVal=Unknown
02-20 20:16:52.948  1918  1918 D DCT     : [0]update sub = -2
02-20 20:16:52.948  1918  1918 D DCT     : [0]update(): Active DDS, register for all events now!
02-20 20:16:52.951  1918  1918 D GsmCdmaPhone: [GsmCdmaPhone] updateCurrentCarrierInProvider: mSubId = -2 currentDds = 1 operatorNumeric = null
02-20 20:16:52.952  1918  1918 D DCT     : [0]initApnContexts: E
02-20 20:16:52.952  1918  1918 D DCT     : [0]initApnContexts: skipping unknown type=1
02-20 20:16:52.953  1918  1918 D DCT     : [0]initApnContexts: apnContext={mApnType=default mState=IDLE mWaitingApns={null} mApnSetting={null} mReason=dataEnabled mDataEnabled=false mDependencyMet=true}
02-20 20:16:52.953  1918  1918 D DCT     : [0]initApnContexts: apnContext={mApnType=mms mState=IDLE mWaitingApns={null} mApnSetting={null} mReason=dataEnabled mDataEnabled=false mDependencyMet=true}
02-20 20:16:52.953  1918  1918 D DCT     : [0]initApnContexts: apnContext={mApnType=supl mState=IDLE mWaitingApns={null} mApnSetting={null} mReason=dataEnabled mDataEnabled=false mDependencyMet=true}
02-20 20:16:52.953  1918  1918 D DCT     : [0]initApnContexts: apnContext={mApnType=hipri mState=IDLE mWaitingApns={null} mApnSetting={null} mReason=dataEnabled mDataEnabled=false mDependencyMet=true}
02-20 20:16:52.953  1918  1918 D DCT     : [0]initApnContexts: apnContext={mApnType=fota mState=IDLE mWaitingApns={null} mApnSetting={null} mReason=dataEnabled mDataEnabled=false mDependencyMet=true}
02-20 20:16:52.953  1918  1918 D DCT     : [0]initApnContexts: apnContext={mApnType=ims mState=IDLE mWaitingApns={null} mApnSetting={null} mReason=dataEnabled mDataEnabled=false mDependencyMet=true}
02-20 20:16:52.953  1918  1918 D DCT     : [0]initApnContexts: apnContext={mApnType=cbs mState=IDLE mWaitingApns={null} mApnSetting={null} mReason=dataEnabled mDataEnabled=false mDependencyMet=true}
02-20 20:16:52.953  1918  1918 D DCT     : [0]initApnContexts: skipping unknown type=13
02-20 20:16:52.953  1918  1918 D DCT     : [0]initApnContexts: apnContext={mApnType=ia mState=IDLE mWaitingApns={null} mApnSetting={null} mReason=dataEnabled mDataEnabled=false mDependencyMet=true}
02-20 20:16:52.953  1918  1918 D DCT     : [0]initApnContexts: apnContext={mApnType=emergency mState=IDLE mWaitingApns={null} mApnSetting={null} mReason=dataEnabled mDataEnabled=false mDependencyMet=true}
02-20 20:16:52.963  1657  1745 W art     : Long monitor contention with owner ActivityManager (1693) at int com.android.server.am.ActivityManagerService.bindService(android.app.IApplicationThread, android.os.IBinder, android.content.Intent, java.lang.String, android.app.IServiceConnection, int, java.lang.String, int)(ActivityManagerService.java:17301) waiters=1 in java.lang.String com.android.server.am.ActivityManagerService.checkContentProviderAccess(java.lang.String, int) for 147ms
02-20 20:16:52.964  1657  1700 W art     : Long monitor contention with owner Binder:1657_3 (1748) at int com.android.server.wm.WindowManagerService.relayoutWindow(com.android.server.wm.Session, android.view.IWindow, int, android.view.WindowManager$LayoutParams, int, int, int, int, android.graphics.Rect, android.graphics.Rect, android.graphics.Rect, android.graphics.Rect, android.graphics.Rect, android.graphics.Rect, android.graphics.Rect, android.content.res.Configuration, android.view.Surface)(WindowManagerService.java:2857) waiters=0 in void com.android.server.wm.WindowManagerService.performEnableScreen() for 112ms
02-20 20:16:52.966  1657  1745 I dvm_lock_sample: [system_server,0,ConditionProviders.ECP,147,ActivityManagerService.java,10435,-,17301,29]
02-20 20:16:52.966  1657  1700 I dvm_lock_sample: [system_server,1,android.display,112,WindowManagerService.java,6036,-,2857,22]
02-20 20:16:52.978  1313  1326 I SurfaceFlinger: Boot is finished (9218 ms)
02-20 20:16:52.978  1313  1326 I sf_stop_bootanim: 10978
02-20 20:16:53.013     0     0 I init    : Service 'bootanim' (pid 1333) exited with status 0
02-20 20:16:53.027     0     0 I init    : Starting service 'exec 6 (/system/bin/bootstat)'...
02-20 20:16:53.053     0     0 I init    : Service 'exec 6 (/system/bin/bootstat)' (pid 2045) exited with status 0
02-20 20:16:53.054     0     0 I init    : Starting service 'exec 7 (/system/bin/bootstat)'...
02-20 20:16:53.082     0     0 I init    : Service 'exec 7 (/system/bin/bootstat)' (pid 2050) exited with status 0
02-20 20:16:52.980  1918  1918 I PhoneFactory: Creating Phone with type = 1 sub = 0
02-20 20:16:52.981  2024  2024 W System  : ClassLoader referenced unknown path: /system/priv-app/CellBroadcastReceiver/lib/x86_64
02-20 20:16:52.982  1918  1918 I PhoneFactory: defaultSmsApplication: NONE
02-20 20:16:52.983  1918  1918 I PhoneFactory: Creating SubInfoRecordUpdater 
02-20 20:16:52.983  1918  1918 D SubscriptionInfoUpdater: Constructor invoked
02-20 20:16:52.992  1657  1735 W WifiNetworkHistory: Upgrading network 0 to android.uid.system:1000
02-20 20:16:52.992  1657  1735 D WifiConfigManager: loaded 0 passpoint configs
02-20 20:16:52.992  1657  1735 E IpConfigStore: Error parsing configuration: java.io.FileNotFoundException: /data/misc/wifi/ipconfig.txt (No such file or directory)
02-20 20:16:52.995  1374  1374 I MediaPlayerService: MediaPlayerService::getOMX
02-20 20:16:52.995  1657  2043 I OMXClient: MuxOMX ctor
02-20 20:16:52.999  1371  1999 I OMXMaster: makeComponentInstance(OMX.google.vorbis.decoder) in mediacodec process
02-20 20:16:53.007  1313  1988 D         : HostConnection::get() New Host Connection established 0x72f5524ea660, tid 1988
02-20 20:16:53.008  1657  1748 D TelephonyRegistry: listen oscl: hasNotifySubscriptionInfoChangedOccurred==false no callback
02-20 20:16:53.008  1918  1918 D SubscriptionController: [getPhoneId]- no sims, returning default phoneId=2147483647
02-20 20:16:53.022  1657  1735 D WifiNative-HAL: Setting external_sim to 1
02-20 20:16:53.023  1657  1735 D WifiStateMachine: Setting OUI to DA-A1-19
02-20 20:16:53.033  1657  1967 D TelephonyRegistry: listen oscl: hasNotifySubscriptionInfoChangedOccurred==false no callback
02-20 20:16:53.033  1657  1735 I WifiConnectivityManager: PNO settings: min5GHzRssi -82 min24GHzRssi -85 currentConnectionBonus 16 sameNetworkBonus 24 secureNetworkBonus 80 initialScoreMax 100
02-20 20:16:53.033  1657  1735 I WifiConnectivityManager: ConnectivityScanManager initialized and disabled
02-20 20:16:53.033  1657  1735 I WifiConnectivityManager: setUntrustedConnectionAllowed: allowed=false
02-20 20:16:53.033  1657  1735 E WifiLogger: no ring buffers found
02-20 20:16:53.033  1657  1735 E WifiLogger: Failed to start packet fate monitoring
02-20 20:16:53.034  1918  1918 D PhoneSwitcherNetworkRequstListener: Registering NetworkFactory
02-20 20:16:53.034  1918  1918 D PhoneSwitcher: PhoneSwitcher started
02-20 20:16:53.034  1918  1918 D ProxyController: Constructor - Enter
02-20 20:16:53.034  1657  1739 D ConnectivityService: Got NetworkFactory Messenger for PhoneSwitcherNetworkRequstListener
02-20 20:16:53.035  1918  1918 D ProxyController: clearTransaction
02-20 20:16:53.035  1918  1918 D ProxyController: clearTransaction: phoneId=0 status=IDLE
02-20 20:16:53.035  1918  1918 D ProxyController: Constructor - Exit
02-20 20:16:53.035  1918  1918 D TelephonyNetworkFactory[0]: Registering NetworkFactory
02-20 20:16:53.035  1657  1739 D ConnectivityService: Got NetworkFactory Messenger for TelephonyNetworkFactory[0]
02-20 20:16:53.036  1918  1918 D CallManager: registerPhone(GSM Handler (com.android.internal.telephony.GsmCdmaPhone) {daedc5d})
02-20 20:16:53.036  1657  1657 D RttService: SCAN_AVAILABLE : 3
02-20 20:16:53.036  1657  1738 D RttService: DefaultState got{ when=0 what=160512 target=com.android.internal.util.StateMachine$SmHandler }
02-20 20:16:53.036  1657  1735 I WifiConnectivityManager: Set WiFi enabled
02-20 20:16:53.036  1657  1735 I WifiConnectivityManager: scheduleWatchdogTimer
02-20 20:16:53.037  1657  1735 D WifiNative-HAL: Failing getSupportedFeatureset because HAL isn't started
02-20 20:16:53.037  1657  1696 E BatteryStatsService: no controller energy info supplied
02-20 20:16:53.037  1657  1696 E KernelCpuSpeedReader: Failed to read cpu-freq: /sys/devices/system/cpu/cpu0/cpufreq/stats/time_in_state (No such file or directory)
02-20 20:16:53.037  1657  1696 E KernelUidCpuTimeReader: Failed to read uid_cputime: /proc/uid_cputime/show_uid_stat (No such file or directory)
02-20 20:16:53.037  1657  1857 D TelephonyRegistry: listen oscl: hasNotifySubscriptionInfoChangedOccurred==false no callback
02-20 20:16:53.038  1657  1737 I WifiScanningService: wifi driver loaded with scan capabilities: max buckets=16
02-20 20:16:53.039  1657  1735 D WifiNative-HAL: Failing getSupportedFeatureset because HAL isn't started
02-20 20:16:53.039  1657  1696 E BatteryStatsService: no controller energy info supplied
02-20 20:16:53.039  1657  1696 E KernelCpuSpeedReader: Failed to read cpu-freq: /sys/devices/system/cpu/cpu0/cpufreq/stats/time_in_state (No such file or directory)
02-20 20:16:53.039  1657  1696 E KernelUidCpuTimeReader: Failed to read uid_cputime: /proc/uid_cputime/show_uid_stat (No such file or directory)
02-20 20:16:53.052  2045  2045 I bootstat: Service started: /system/bin/bootstat --record_boot_complete 
02-20 20:16:53.052  2045  2045 I bootstat: Logging histogram: bootstat_mtime_matches_content 1
02-20 20:16:53.052  2045  2045 I sysui_histogram: [bootstat_mtime_matches_content,1]
02-20 20:16:53.053  2045  2045 I bootstat: Logging histogram: bootstat_mtime_matches_content 1
02-20 20:16:53.053  2045  2045 I sysui_histogram: [bootstat_mtime_matches_content,1]
02-20 20:16:53.053  2045  2045 I bootstat: Logging histogram: bootstat_mtime_matches_content 1
02-20 20:16:53.053  2045  2045 I sysui_histogram: [bootstat_mtime_matches_content,1]
02-20 20:16:53.065  1313  1313 I sf_frame_dur: [BootAnimation,0,12,180,8,0,0,0]
02-20 20:16:53.065  1657  1700 I wm_boot_animation_done: 11065
02-20 20:16:53.066  1657  1700 I SystemServiceManager: Starting phase 1000
02-20 20:16:53.081  1657  2043 W AMessage: failed to deliver message as target handler 14 is gone.
02-20 20:16:53.081  2050  2050 I bootstat: Service started: /system/bin/bootstat --record_boot_reason 
02-20 20:16:53.081  2050  2050 I bootstat: Unknown boot reason: 
02-20 20:16:53.082  1657  1700 I am_proc_start: [0,2053,10015,com.google.android.ext.services,on-hold,]
02-20 20:16:53.082  1657  1700 I ActivityManager: Start proc 2053:com.google.android.ext.services/u0a15 for on-hold
02-20 20:16:53.087  2053  2053 W art     : Unexpected CPU variant for X86 using defaults: x86_64
02-20 20:16:53.096  1657  1700 D ActivityManager: Finishing user boot 0
02-20 20:16:53.096  1657  1700 I sysui_histogram: [framework_locked_boot_completed,11]
02-20 20:16:53.097  1657  1700 D CryptdConnector: SND -> {3 cryptfs prepare_user_storage ! 0 0 2}
02-20 20:16:53.098  1267  1303 D vold    : e4crypt_prepare_user_storage for volume null, user 0, serial 0, flags 2
02-20 20:16:53.098  1267  1303 D vold    : Preparing: /data/system_ce/0
02-20 20:16:53.098  1267  1303 D vold    : Preparing: /data/misc_ce/0
02-20 20:16:53.098  1267  1303 D vold    : Preparing: /data/media/0
02-20 20:16:53.098  1267  1303 D vold    : Preparing: /data/data
02-20 20:16:53.098  1657  1728 D CryptdConnector: RCV <- {200 3 Command succeeded}
02-20 20:16:53.099  1657  1700 V UserManagerService: Found /data/user/0 with serial number 0
02-20 20:16:53.099  1657  1700 V UserManagerService: Found /data/system_ce/0 with serial number 0
02-20 20:16:53.099  1657  1700 V PackageManager: reconcileAppsData for null u0 0x2
02-20 20:16:53.101  2060  2060 I bootstat: Service started: /system/bin/bootstat --record_time_since_factory_reset 
02-20 20:16:53.101  2060  2060 I bootstat: Logging histogram: factory_reset_current_time 1519157813
02-20 20:16:53.101  2060  2060 I sysui_histogram: [factory_reset_current_time,1519157813]
02-20 20:16:53.102  2060  2060 I bootstat: Logging histogram: bootstat_mtime_matches_content 1
02-20 20:16:53.102  2060  2060 I sysui_histogram: [bootstat_mtime_matches_content,1]
02-20 20:16:53.102  2060  2060 I bootstat: Logging histogram: factory_reset_record_value 1519154248
02-20 20:16:53.102  2060  2060 I sysui_histogram: [factory_reset_record_value,1519154248]
02-20 20:16:53.113  2068  2068 I bootstat: Service started: /system/bin/bootstat -l 
02-20 20:16:53.113  2068  2068 I bootstat: Logging histogram: bootstat_mtime_matches_content 1
02-20 20:16:53.114  2068  2068 I sysui_histogram: [bootstat_mtime_matches_content,1]
02-20 20:16:53.114  2068  2068 I bootstat: Logging histogram: bootstat_mtime_matches_content 1
02-20 20:16:53.114  2068  2068 I sysui_histogram: [bootstat_mtime_matches_content,1]
02-20 20:16:53.114  2068  2068 I bootstat: Logging histogram: bootstat_mtime_matches_content 1
02-20 20:16:53.114  2068  2068 I sysui_histogram: [bootstat_mtime_matches_content,1]
02-20 20:16:53.114  2068  2068 I bootstat: Logging histogram: bootstat_mtime_matches_content 1
02-20 20:16:53.114  2068  2068 I sysui_histogram: [bootstat_mtime_matches_content,1]
02-20 20:16:53.117  1374  1444 I MediaPlayerService: MediaPlayerService::getOMX
02-20 20:16:53.117  1657  2069 I OMXClient: MuxOMX ctor
02-20 20:16:53.117  1371  1999 I OMXMaster: makeComponentInstance(OMX.google.vorbis.decoder) in mediacodec process
02-20 20:16:53.121  2068  2068 I bootstat: Logging histogram: bootstat_mtime_matches_content 1
02-20 20:16:53.121  2068  2068 I sysui_histogram: [bootstat_mtime_matches_content,1]
02-20 20:16:53.121  2068  2068 I bootstat: Logging histogram: bootstat_mtime_matches_content 1
02-20 20:16:53.121  2068  2068 I sysui_histogram: [bootstat_mtime_matches_content,1]
02-20 20:16:53.121  2068  2068 I bootstat: Logging histogram: bootstat_mtime_matches_content 1
02-20 20:16:53.121  2068  2068 I sysui_histogram: [bootstat_mtime_matches_content,1]
02-20 20:16:53.121  2068  2068 I bootstat: Logging histogram: bootstat_mtime_matches_content 1
02-20 20:16:53.121  2068  2068 I sysui_histogram: [bootstat_mtime_matches_content,1]
02-20 20:16:53.121  2068  2068 I bootstat: Logging histogram: bootstat_mtime_matches_content 1
02-20 20:16:53.121  2068  2068 I sysui_histogram: [bootstat_mtime_matches_content,1]
02-20 20:16:53.121  2068  2068 I bootstat: Logging histogram: bootstat_mtime_matches_content 1
02-20 20:16:53.121  2068  2068 I sysui_histogram: [bootstat_mtime_matches_content,1]
02-20 20:16:53.122  2068  2068 I bootstat: Logging histogram: bootstat_mtime_matches_content 1
02-20 20:16:53.122  2068  2068 I sysui_histogram: [bootstat_mtime_matches_content,1]
02-20 20:16:53.122  2068  2068 I bootstat: Logging histogram: bootstat_mtime_matches_content 1
02-20 20:16:53.122  2068  2068 I sysui_histogram: [bootstat_mtime_matches_content,1]
02-20 20:16:53.122  2068  2068 I bootstat: Logging histogram: bootstat_mtime_matches_content 1
02-20 20:16:53.122  2068  2068 I sysui_histogram: [bootstat_mtime_matches_content,1]
02-20 20:16:53.122  2068  2068 I bootstat: Logging histogram: bootstat_mtime_matches_content 1
02-20 20:16:53.122  2068  2068 I sysui_histogram: [bootstat_mtime_matches_content,1]
02-20 20:16:53.122  2068  2068 I bootstat: Logging histogram: post_decrypt_time_elapsed 2
02-20 20:16:53.122  2068  2068 I sysui_histogram: [post_decrypt_time_elapsed,2]
02-20 20:16:53.122  2068  2068 I bootstat: Logging histogram: last_boot_time_utc 1519157813
02-20 20:16:53.122  2068  2068 I sysui_histogram: [last_boot_time_utc,1519157813]
02-20 20:16:53.122  2068  2068 I bootstat: Logging histogram: build_date 1513095943
02-20 20:16:53.122  2068  2068 I sysui_histogram: [build_date,1513095943]
02-20 20:16:53.122  2068  2068 I bootstat: Logging histogram: boot_decryption_complete 11
02-20 20:16:53.122  2068  2068 I sysui_histogram: [boot_decryption_complete,11]
02-20 20:16:53.122  2068  2068 I bootstat: Logging histogram: ota_boot_complete_post_decrypt 7
02-20 20:16:53.122  2068  2068 I sysui_histogram: [ota_boot_complete_post_decrypt,7]
02-20 20:16:53.122  2068  2068 I bootstat: Logging histogram: ota_boot_complete 9
02-20 20:16:53.122  2068  2068 I sysui_histogram: [ota_boot_complete,9]
02-20 20:16:53.122  2068  2068 I bootstat: Logging histogram: boot_reason 1
02-20 20:16:53.122  2068  2068 I sysui_histogram: [boot_reason,1]
02-20 20:16:53.122  2068  2068 I bootstat: Logging histogram: factory_reset_current_time 1519157813
02-20 20:16:53.122  2068  2068 I sysui_histogram: [factory_reset_current_time,1519157813]
02-20 20:16:53.122  2068  2068 I bootstat: Logging histogram: factory_reset 1519154248
02-20 20:16:53.122  2068  2068 I sysui_histogram: [factory_reset,1519154248]
02-20 20:16:53.122  2068  2068 I bootstat: Logging histogram: time_since_last_boot 68
02-20 20:16:53.122  2068  2068 I sysui_histogram: [time_since_last_boot,68]
02-20 20:16:53.122  2068  2068 I bootstat: Logging histogram: boot_complete_post_decrypt 9
02-20 20:16:53.122  2068  2068 I sysui_histogram: [boot_complete_post_decrypt,9]
02-20 20:16:53.122  2068  2068 I bootstat: Logging histogram: boot_complete 11
02-20 20:16:53.122  2068  2068 I sysui_histogram: [boot_complete,11]
02-20 20:16:53.122  2068  2068 I bootstat: Logging histogram: factory_reset_record_value 1519154248
02-20 20:16:53.122  2068  2068 I sysui_histogram: [factory_reset_record_value,1519154248]
02-20 20:16:53.122  2068  2068 I bootstat: Logging histogram: time_since_factory_reset 3565
02-20 20:16:53.122  2068  2068 I sysui_histogram: [time_since_factory_reset,3565]
02-20 20:16:53.032  2045  2045 I auditd  : type=1400 audit(0.0:11): avc: denied { getattr } for comm="bootstat" path="/vendor" dev="rootfs" ino=3999 scontext=u:r:bootstat:s0 tcontext=u:object_r:rootfs:s0 tclass=lnk_file permissive=0
02-20 20:16:53.032  2045  2045 W bootstat: type=1400 audit(0.0:11): avc: denied { getattr } for path="/vendor" dev="rootfs" ino=3999 scontext=u:r:bootstat:s0 tcontext=u:object_r:rootfs:s0 tclass=lnk_file permissive=0
02-20 20:16:53.088     0     0 I init    : Starting service 'exec 8 (/system/bin/bootstat)'...
02-20 20:16:53.102     0     0 I init    : Service 'exec 8 (/system/bin/bootstat)' (pid 2060) exited with status 0
02-20 20:16:53.104     0     0 I init    : Starting service 'exec 9 (/system/bin/bootstat)'...
02-20 20:16:53.122     0     0 I init    : Service 'exec 9 (/system/bin/bootstat)' (pid 2068) exited with status 0
02-20 20:16:53.123     0     0 I init    : write_file: Unable to open '/sys/class/android_usb/android0/enable': No such file or directory
02-20 20:16:53.124     0     0 I init    : write_file: Unable to open '/sys/class/android_usb/android0/idVendor': No such file or directory
02-20 20:16:53.125     0     0 I init    : write_file: Unable to open '/sys/class/android_usb/android0/idProduct': No such file or directory
02-20 20:16:53.126     0     0 I init    : write_file: Unable to open '/sys/class/android_usb/android0/functions': No such file or directory
02-20 20:16:53.127     0     0 I init    : write_file: Unable to open '/sys/class/android_usb/android0/enable': No such file or directory
02-20 20:16:53.052  2050  2050 I auditd  : type=1400 audit(0.0:12): avc: denied { getattr } for comm="bootstat" path="/vendor" dev="rootfs" ino=3999 scontext=u:r:bootstat:s0 tcontext=u:object_r:rootfs:s0 tclass=lnk_file permissive=0
02-20 20:16:53.052  2050  2050 W bootstat: type=1400 audit(0.0:12): avc: denied { getattr } for path="/vendor" dev="rootfs" ino=3999 scontext=u:r:bootstat:s0 tcontext=u:object_r:rootfs:s0 tclass=lnk_file permissive=0
02-20 20:16:53.082  2060  2060 I auditd  : type=1400 audit(0.0:13): avc: denied { getattr } for comm="bootstat" path="/vendor" dev="rootfs" ino=3999 scontext=u:r:bootstat:s0 tcontext=u:object_r:rootfs:s0 tclass=lnk_file permissive=0
02-20 20:16:53.082  2060  2060 W bootstat: type=1400 audit(0.0:13): avc: denied { getattr } for path="/vendor" dev="rootfs" ino=3999 scontext=u:r:bootstat:s0 tcontext=u:object_r:rootfs:s0 tclass=lnk_file permissive=0
02-20 20:16:53.102  2068  2068 I auditd  : type=1400 audit(0.0:14): avc: denied { getattr } for comm="bootstat" path="/vendor" dev="rootfs" ino=3999 scontext=u:r:bootstat:s0 tcontext=u:object_r:rootfs:s0 tclass=lnk_file permissive=0
02-20 20:16:53.102  2068  2068 W bootstat: type=1400 audit(0.0:14): avc: denied { getattr } for path="/vendor" dev="rootfs" ino=3999 scontext=u:r:bootstat:s0 tcontext=u:object_r:rootfs:s0 tclass=lnk_file permissive=0
02-20 20:16:53.199  1657  1692 I SyncManager: Got SyncJobService instance.
02-20 20:16:53.209  1657  1700 V PackageManager: reconcileAppsData finished 100 packages
02-20 20:16:53.210  1657  1691 W art     : Long monitor contention with owner android.display (1700) at void com.android.server.am.ActivityManagerService.finishBooting()(ActivityManagerService.java:6823) waiters=1 in void com.android.server.am.ActivityManagerService.attachApplication(android.app.IApplicationThread) for 116ms
02-20 20:16:53.210  1657  1691 I dvm_lock_sample: [system_server,1,Binder:1657_2,116,ActivityManagerService.java,6669,-,6823,23]
02-20 20:16:53.210  1657  1691 I am_proc_bound: [0,2053,com.google.android.ext.services]
02-20 20:16:53.211  1657  1693 D MountService: onUnlockUser 0
02-20 20:16:53.211  1657  1693 D VoldConnector: SND -> {7 volume user_started 0}
02-20 20:16:53.218  1267  1302 D vold    : Linking /storage/emulated/0 to /mnt/user/0/primary
02-20 20:16:53.218  1657  1727 D VoldConnector: RCV <- {200 7 Command succeeded}
02-20 20:16:53.224  1657  2073 I am_proc_start: [0,2075,10001,android.process.acore,content provider,com.android.providers.contacts/.ContactsProvider2]
02-20 20:16:53.224  1657  2073 I ActivityManager: Start proc 2075:android.process.acore/u0a1 for content provider com.android.providers.contacts/.ContactsProvider2
02-20 20:16:53.226  1657  1726 D MountService: Volume public:253,64 broadcasting mounted to UserHandle{0}
02-20 20:16:53.231  2075  2075 W art     : Unexpected CPU variant for X86 using defaults: x86_64
02-20 20:16:53.233  1657  1726 D MountService: Volume emulated broadcasting mounted to UserHandle{0}
02-20 20:16:53.234  2053  2053 W System  : ClassLoader referenced unknown path: /system/priv-app/GoogleExtServices/lib/x86_64
02-20 20:16:53.236  1657  1691 I StatusBarManagerService: registerStatusBar bar=com.android.internal.statusbar.IStatusBar$Stub$Proxy@d3deb3f
02-20 20:16:53.275  1657  1693 V BackupManagerService: No ancestral data
02-20 20:16:53.278  1657  1657 I FusedLocation: engine started (com.android.location.fused)
02-20 20:16:53.280  1657  1693 V BackupManagerService: Starting with transport android/com.android.internal.backup.LocalTransport
02-20 20:16:53.280  1657  1693 V BackupManagerService: Found transports: 2
02-20 20:16:53.288  1918  1918 D CarrierConfigLoader: CarrierConfigLoader has started
02-20 20:16:53.288  1918  1918 E BluetoothAdapter: Bluetooth binder is null
02-20 20:16:53.290  1657  1690 D TelephonyRegistry: listen oscl: hasNotifySubscriptionInfoChangedOccurred==false no callback
02-20 20:16:53.297  1657  1693 I am_proc_start: [0,2091,10014,com.google.android.gms.persistent,service,com.google.android.gms/.backup.BackupTransportService]
02-20 20:16:53.297  1657  1693 I ActivityManager: Start proc 2091:com.google.android.gms.persistent/u0a14 for service com.google.android.gms/.backup.BackupTransportService
02-20 20:16:53.299  1657  1693 I BackupManagerService: Backup enabled => false
02-20 20:16:53.301  2091  2091 W art     : Unexpected CPU variant for X86 using defaults: x86_64
02-20 20:16:53.309  1657  1691 I am_proc_bound: [0,2075,android.process.acore]
02-20 20:16:53.312  1657  1657 V BackupManagerService: Connected to transport ComponentInfo{android/com.android.internal.backup.LocalTransportService}
02-20 20:16:53.312  1657  1657 V BackupManagerService: Registering transport android/com.android.internal.backup.LocalTransportService::android/com.android.internal.backup.LocalTransport = android.app.backup.BackupTransport$TransportImpl@a8810b1
02-20 20:16:53.313  1657  1657 I backup_transport_lifecycle: [android/com.android.internal.backup.LocalTransportService,1]
02-20 20:16:53.314  1657  1690 I am_proc_bound: [0,2091,com.google.android.gms.persistent]
02-20 20:16:53.324  1918  1949 D SubscriptionController: [getPhoneId]- no sims, returning default phoneId=2147483647
02-20 20:16:53.329  2075  2075 W System  : ClassLoader referenced unknown path: /system/priv-app/ContactsProvider/lib/x86_64
02-20 20:16:53.344  1657  2081 V KeyValueBackupJob: Scheduling k/v pass in 244 minutes
02-20 20:16:53.353  1758  1758 I InputAttributes: InputType.TYPE_NULL is specified
02-20 20:16:53.378  2075  2075 I ContactsPerf: VoicemailContentProvider.onCreate start
02-20 20:16:53.384  1657  1744 D NotificationSQLiteLog: Pruned event entries: 0
02-20 20:16:53.385  2075  2075 I ContactsPerf: VoicemailContentProvider.onCreate finish
02-20 20:16:53.388  2075  2075 W System  : ClassLoader referenced unknown path: /system/priv-app/BlockedNumberProvider/lib/x86_64
02-20 20:16:53.388  2091  2091 W System  : ClassLoader referenced unknown path: /system/priv-app/PrebuiltGmsCore/lib/x86_64
02-20 20:16:53.389  2075  2075 D ApplicationLoaders: ignored Vulkan layer search path /system/priv-app/BlockedNumberProvider/lib/x86_64:/system/lib64:/vendor/lib64 for namespace 0x758a752a50f0
02-20 20:16:53.396  2075  2075 W System  : ClassLoader referenced unknown path: /system/app/UserDictionaryProvider/lib/x86_64
02-20 20:16:53.396  2075  2075 D ApplicationLoaders: ignored Vulkan layer search path /system/app/UserDictionaryProvider/lib/x86_64:/system/lib64:/vendor/lib64 for namespace 0x758a752a5160
02-20 20:16:53.440     0     0 D ieee80211 phy1: mac80211_hwsim_configure_filter
02-20 20:16:53.421  1365  1797 I art     : Starting a blocking GC HeapTrim
02-20 20:16:53.430  2122  2122 W art     : Unexpected CPU variant for X86 using defaults: x86
02-20 20:16:53.432  1657  1693 I am_proc_start: [0,2122,10029,com.google.android.googlequicksearchbox:interactor,service,com.google.android.googlequicksearchbox/com.google.android.voiceinteraction.GsaVoiceInteractionService]
02-20 20:16:53.432  1657  1693 I ActivityManager: Start proc 2122:com.google.android.googlequicksearchbox:interactor/u0a29 for service com.google.android.googlequicksearchbox/com.google.android.voiceinteraction.GsaVoiceInteractionService
02-20 20:16:53.432  1657  1693 I ActivityManager: Loading recents for user 0 into memory.
02-20 20:16:53.436  1657  1693 D ActivityManager: Sending BOOT_COMPLETE user #0
02-20 20:16:53.436  1657  1693 I sysui_histogram: [framework_boot_completed,11]
02-20 20:16:53.440  1928  1928 D FallbackHome: User unlocked and real home found; let's go!
02-20 20:16:53.441  1657  1690 I am_finish_activity: [0,121222477,1,com.android.settings/.FallbackHome,app-request]
02-20 20:16:53.441  1657  1690 I am_pause_activity: [0,121222477,com.android.settings/.FallbackHome]
02-20 20:16:53.451  1928  1968 D EGL_emulation: eglMakeCurrent: 0x758a667767a0: ver 3 0 (tinfo 0x758a70c9c060)
02-20 20:16:53.454  1928  1928 I am_on_paused_called: [0,com.android.settings.FallbackHome,handlePauseActivity]
02-20 20:16:53.455  1657  1691 I ActivityManager: START u0 {act=android.intent.action.MAIN cat=[android.intent.category.HOME] flg=0x10000100 cmp=com.google.android.apps.nexuslauncher/.NexusLauncherActivity} from uid 0 on display 0
02-20 20:16:53.455  1657  1691 I am_create_task: [0,131]
02-20 20:16:53.455  1657  1691 I am_create_activity: [0,208817574,131,com.google.android.apps.nexuslauncher/.NexusLauncherActivity,android.intent.action.MAIN,NULL,NULL,268435712]
02-20 20:16:53.455  1657  1691 I wm_task_created: [131,0]
02-20 20:16:53.455  1657  1691 I wm_task_moved: [131,1,1]
02-20 20:16:53.456  1657  1691 I wm_task_moved: [131,1,1]
02-20 20:16:53.456  1657  1691 I am_focused_activity: [0,com.google.android.apps.nexuslauncher/.NexusLauncherActivity,startedActivity]
02-20 20:16:53.461  1657  1657 I AccountManagerService: User 0 is unlocked - opening CE database
02-20 20:16:53.472  1657  1691 I am_proc_start: [0,2148,10021,com.google.android.apps.nexuslauncher,activity,com.google.android.apps.nexuslauncher/.NexusLauncherActivity]
02-20 20:16:53.472  1657  1691 I ActivityManager: Start proc 2148:com.google.android.apps.nexuslauncher/u0a21 for activity com.google.android.apps.nexuslauncher/.NexusLauncherActivity
02-20 20:16:53.474  1657  1693 I sysui_count: [window_time_0,5]
02-20 20:16:53.485  2148  2148 W art     : Unexpected CPU variant for X86 using defaults: x86_64
02-20 20:16:53.502  1657  1967 I am_proc_bound: [0,2148,com.google.android.apps.nexuslauncher]
02-20 20:16:53.511  1657  1967 I am_restart_activity: [0,208817574,131,com.google.android.apps.nexuslauncher/.NexusLauncherActivity]
02-20 20:16:53.551  2148  2148 W System  : ClassLoader referenced unknown path: /system/priv-app/NexusLauncherPrebuilt/lib/x86_64
02-20 20:16:53.553  2174  2174 W art     : Unexpected CPU variant for X86 using defaults: x86_64
02-20 20:16:53.558  1657  1745 I am_proc_start: [0,2174,10002,com.android.providers.calendar,content provider,com.android.providers.calendar/.CalendarProvider2]
02-20 20:16:53.558  1657  1745 I ActivityManager: Start proc 2174:com.android.providers.calendar/u0a2 for content provider com.android.providers.calendar/.CalendarProvider2
02-20 20:16:53.564  1657  1748 I am_proc_bound: [0,2174,com.android.providers.calendar]
02-20 20:16:53.587  1657  2100 I am_proc_bound: [0,2122,com.google.android.googlequicksearchbox:interactor]
02-20 20:16:53.612  2174  2174 W System  : ClassLoader referenced unknown path: /system/priv-app/CalendarProvider/lib/x86_64
02-20 20:16:53.622  1657  1960 I am_proc_start: [0,2189,1000,com.android.keychain,service,com.android.keychain/.KeyChainService]
02-20 20:16:53.622  1657  1960 I ActivityManager: Start proc 2189:com.android.keychain/1000 for service com.android.keychain/.KeyChainService
02-20 20:16:53.626  1657  1668 I art     : Background partial concurrent mark sweep GC freed 41091(2MB) AllocSpace objects, 6(7MB) LOS objects, 21% free, 15MB/19MB, paused 2.320ms total 184.371ms
02-20 20:16:53.628  2189  2189 W art     : Unexpected CPU variant for X86 using defaults: x86_64
02-20 20:16:53.636  1657  2081 I BackupManagerService: Found stale backup journal, scheduling
02-20 20:16:53.643  1918  1918 D RILJ    : [3655]> RIL_REQUEST_SET_TTY_MODE : 0 [SUB0]
02-20 20:16:53.644  1376  1460 D RIL     : onRequest: SET_TTY_MODE
02-20 20:16:53.644  1918  2001 D RilRequest: [3655]< RIL_REQUEST_SET_TTY_MODE error: com.android.internal.telephony.CommandException: RADIO_NOT_AVAILABLE ret=
02-20 20:16:53.645  1918  1918 I Telephony: TtyManager: updateUiTtyMode -1 -> 0
02-20 20:16:53.649  1657  1857 D TelephonyRegistry: listen oscl: hasNotifySubscriptionInfoChangedOccurred==false no callback
02-20 20:16:53.650  1918  1918 D SubscriptionController: [getPhoneId] asked for default subId=-1
02-20 20:16:53.652  1657  2073 I am_proc_bound: [0,2189,com.android.keychain]
02-20 20:16:53.654  1918  1918 D UiccController: EVENT_RADIO_UNAVAILABLE, dispose card
02-20 20:16:53.654  1918  1918 D UiccController: Received EVENT_ICC_STATUS_CHANGED, calling getIccCardStatus
02-20 20:16:53.654  1918  1918 D RILJ    : [3656]> GET_SIM_STATUS [SUB0]
02-20 20:16:53.657  1376  1460 D RIL     : onRequest: GET_SIM_STATUS
02-20 20:16:53.657  1376  1460 D RIL     : getSIMStatus(). sState: 0
02-20 20:16:53.658  1918  2001 D RILJ    : [3656]< GET_SIM_STATUS IccCardState {CARDSTATE_PRESENT,PINSTATE_UNKNOWN,num_apps=2,gsm_id=0{APPTYPE_SIM,APPSTATE_DETECTED},cdma_id=1{APPTYPE_RUIM,APPSTATE_DETECTED},ims_id=8} [SUB0]
02-20 20:16:53.658  1918  1918 D Phone   : config LCE service failed: com.android.internal.telephony.CommandException: RADIO_NOT_AVAILABLE
02-20 20:16:53.658  1918  1918 D GsmSMSDispatcher: GsmSMSDispatcher: subId = -2 slotId = 0
02-20 20:16:53.658  1918  1918 E IccCardProxy: setExternalState: !override and newstate unchanged from NOT_READY
02-20 20:16:53.658  1918  1918 D RILJ    : [3657]> BASEBAND_VERSION [SUB0]
02-20 20:16:53.659  2091  2091 I LoadedApk: No resource references to update in package FFFFFFFFFFFFFFFFFFFFFF
02-20 20:16:53.662  1918  1918 D RILJ    : [3658]> GET_IMEI [SUB0]
02-20 20:16:53.662  1376  1460 D RIL     : onRequest: BASEBAND_VERSION
02-20 20:16:53.663  1918  1918 D RILJ    : [3659]> GET_IMEISV [SUB0]
02-20 20:16:53.663  1376  1460 D RIL     : onRequest: GET_IMEI
02-20 20:16:53.663  1376  1460 D AT      : AT> AT+CGSN
02-20 20:16:53.663  1376  1464 D AT      : AT< 000000000000000
02-20 20:16:53.663  1376  1464 D AT      : AT< OK
02-20 20:16:53.663  1918  1918 D RILJ    : [3660]> RIL_REQUEST_GET_RADIO_CAPABILITY [SUB0]
02-20 20:16:53.663  1376  1460 D RIL     : onRequest: GET_IMEISV
02-20 20:16:53.663  1918  1918 D RILJ    : [3661]> RIL_REQUEST_START_LCE [SUB0]
02-20 20:16:53.663  1376  1460 D RIL     : onRequest: RIL_REQUEST_GET_RADIO_CAPABILITY
02-20 20:16:53.663  1918  1918 D GsmCdmaPhone: [GsmCdmaPhone] Event EVENT_RADIO_OFF_OR_NOT_AVAILABLE Received
02-20 20:16:53.663  1918  1918 E IccCardProxy: setExternalState: !override and newstate unchanged from NOT_READY
02-20 20:16:53.663  1918  1918 D SST     : mDeviceShuttingDown=false, mDesiredPowerState=true, getRadioState=RADIO_OFF, mPowerOffDelayNeed=true, mAlarmSwitch=false, mRadioDisabledByCarrier=false
02-20 20:16:53.664  1918  1918 D RILJ    : [3662]> RADIO_POWER on [SUB0]
02-20 20:16:53.664  1376  1460 D RIL     : onRequest: <unknown request>
02-20 20:16:53.666  1918  2001 D RilRequest: [3657]< BASEBAND_VERSION error: com.android.internal.telephony.CommandException: RADIO_NOT_AVAILABLE ret=
02-20 20:16:53.666  1918  1918 D RILJ    : [3663]> OPERATOR [SUB0]
02-20 20:16:53.666  1376  1460 D RIL     : onRequest: RADIO_POWER
02-20 20:16:53.666  1376  1460 D AT      : AT> AT+CFUN=1
02-20 20:16:53.667  1376  1464 D AT      : AT< OK
02-20 20:16:53.667  1376  1460 D RIL     : setRadioState(10)
02-20 20:16:53.667  1918  1918 D RILJ    : [3664]> DATA_REGISTRATION_STATE [SUB0]
02-20 20:16:53.667  1918  1918 D RILJ    : [3665]> VOICE_REGISTRATION_STATE [SUB0]
02-20 20:16:53.667  1918  1918 D RILJ    : [3666]> QUERY_NETWORK_SELECTION_MODE [SUB0]
02-20 20:16:53.667  1918  1918 D SST     : NITZ: 18/02/20:20:16:47+0:0:Unknown!Unknown,3816 start=11667 delay=7851
02-20 20:16:53.668  1918  1918 D SST     : NITZ: tzOffset=0 dst=0 zone=GMT iso= mGotCountryCode=false mNeedFixZoneAfterNitz=false
02-20 20:16:53.668  1376  1460 D RIL     : onRequest: OPERATOR
02-20 20:16:53.668  1376  1460 D AT      : AT> AT+COPS=3,0;+COPS?;+COPS=3,1;+COPS?;+COPS=3,2;+COPS?
02-20 20:16:53.668  1918  1918 D SST     : setAndBroadcastNetworkSetTimeZone: setTimeZone=GMT
02-20 20:16:53.668  1376  1464 D AT      : AT< +COPS: 0,0,"Android"
02-20 20:16:53.668  1376  1464 D AT      : AT< +COPS: 0,1,"Android"
02-20 20:16:53.668  1376  1464 D AT      : AT< +COPS: 0,2,"310260"
02-20 20:16:53.668  1376  1464 D AT      : AT< OK
02-20 20:16:53.668  1657  1748 D AlarmManagerService: Kernel timezone updated to 0 minutes west of GMT
02-20 20:16:53.668  1376  1460 D RIL     : onRequest: DATA_REGISTRATION_STATE
02-20 20:16:53.668  1376  1460 D RIL     : requestRegistrationState
02-20 20:16:53.668  1376  1460 D AT      : AT> AT+CGREG?
02-20 20:16:53.668  1376  1464 D AT      : AT< +CGREG: 1,1,"0003","005b","000e"
02-20 20:16:53.668  1376  1464 D AT      : AT< OK
02-20 20:16:53.668  1376  1460 D RIL     : parseRegistrationState. Parsing: +CGREG: 1,1,"0003","005b","000e"
02-20 20:16:53.668  1376  1460 D RIL     : registration state type: 3GPP
02-20 20:16:53.668  1376  1460 D RIL     : onRequest: VOICE_REGISTRATION_STATE
02-20 20:16:53.668  1376  1460 D RIL     : requestRegistrationState
02-20 20:16:53.668  1376  1460 D AT      : AT> AT+CREG?
02-20 20:16:53.668  1376  1464 D AT      : AT< +CREG: 2,1, "0003", "005b"
02-20 20:16:53.668  1376  1464 D AT      : AT< OK
02-20 20:16:53.668  1376  1460 D RIL     : parseRegistrationState. Parsing: +CREG: 2,1, "0003", "005b"
02-20 20:16:53.668  1376  1460 D RIL     : registration state type: 3GPP
02-20 20:16:53.668  1376  1460 D RIL     : onRequest: QUERY_NETWORK_SELECTION_MODE
02-20 20:16:53.668  1376  1460 D AT      : AT> AT+COPS?
02-20 20:16:53.668  1376  1464 D AT      : AT< +COPS: 0,2,310260
02-20 20:16:53.668  1376  1464 D AT      : AT< OK
02-20 20:16:53.669  1918  1918 D SST     : setAndBroadcastNetworkSetTimeZone: call alarm.setTimeZone and broadcast zoneId=GMT
02-20 20:16:53.669  1918  1918 D SST     : NITZ: Setting time of day to Tue Feb 20 20:16:54 GMT+00:00 2018 NITZ receive delay(ms): 7853 gained(ms): 1184 from 18/02/20:20:16:47+0:0:Unknown!Unknown
02-20 20:16:53.669  1918  1918 D SST     : setAndBroadcastNetworkSetTime: time=1519157814853ms
02-20 20:16:53.669  1657  1748 D AlarmManagerService: Setting time of day to sec=1519157814
02-20 20:16:54.853  1657  1748 W AlarmManagerService: Unable to set rtc to 1519157814: No such device
02-20 20:16:54.855  2148  2148 V Launcher: LauncherAppState inited
02-20 20:16:54.855  1657  1657 D ConditionProviders.SCP: onReceive android.intent.action.TIME_SET
02-20 20:16:54.855  1657  1657 D ConditionProviders.SCP: notifyCondition condition://android/schedule?days=6.7&start=23.30&end=10.0&exitAtAlarm=false STATE_FALSE reason=!meetsSchedule
02-20 20:16:54.855  1657  1657 D ConditionProviders.SCP: notifyCondition condition://android/schedule?days=1.2.3.4.5&start=22.0&end=7.0&exitAtAlarm=false STATE_FALSE reason=!meetsSchedule
02-20 20:16:54.855  1657  1657 D ConditionProviders.SCP: Scheduling evaluate for Tue Feb 20 22:00:00 GMT+00:00 2018 (1519164000000), in +1h43m5s145ms, now=Tue Feb 20 20:16:54 GMT+00:00 2018 (1519157814855)
02-20 20:16:54.857  2174  2174 I CalendarProvider2: Created com.android.providers.calendar.CalendarAlarmManager@727ec86(com.android.providers.calendar.CalendarProvider2@bb4b947)
02-20 20:16:54.858  1918  1918 I SST     : NITZ: after Setting time of day
02-20 20:16:54.859  1918  1918 D SST     : NITZ: end=11675 dur=8
02-20 20:16:54.859  1918  1918 D SST     : mDeviceShuttingDown=false, mDesiredPowerState=true, getRadioState=RADIO_OFF, mPowerOffDelayNeed=true, mAlarmSwitch=false, mRadioDisabledByCarrier=false
02-20 20:16:54.859  1918  1918 D RILJ    : [3667]> RADIO_POWER on [SUB0]
02-20 20:16:54.859  1376  1460 D RIL     : onRequest: RADIO_POWER
02-20 20:16:54.859  1918  1918 D RILJ    : [3668]> OPERATOR [SUB0]
02-20 20:16:54.860  1376  1460 D RIL     : onRequest: OPERATOR
02-20 20:16:54.860  1376  1460 D AT      : AT> AT+COPS=3,0;+COPS?;+COPS=3,1;+COPS?;+COPS=3,2;+COPS?
02-20 20:16:54.860  1376  1464 D AT      : AT< +COPS: 0,0,"Android"
02-20 20:16:54.860  1376  1464 D AT      : AT< +COPS: 0,1,"Android"
02-20 20:16:54.860  1376  1464 D AT      : AT< +COPS: 0,2,"310260"
02-20 20:16:54.860  1376  1464 D AT      : AT< OK
02-20 20:16:54.860  1918  1918 D RILJ    : [3669]> DATA_REGISTRATION_STATE [SUB0]
02-20 20:16:54.860  1376  1460 D RIL     : onRequest: DATA_REGISTRATION_STATE
02-20 20:16:54.860  1376  1460 D RIL     : requestRegistrationState
02-20 20:16:54.860  1376  1460 D AT      : AT> AT+CGREG?
02-20 20:16:54.860  1376  1464 D AT      : AT< +CGREG: 1,1,"0003","005b","000e"
02-20 20:16:54.860  1376  1464 D AT      : AT< OK
02-20 20:16:54.860  1376  1460 D RIL     : parseRegistrationState. Parsing: +CGREG: 1,1,"0003","005b","000e"
02-20 20:16:54.860  1376  1460 D RIL     : registration state type: 3GPP
02-20 20:16:54.860  1918  1918 D RILJ    : [3670]> VOICE_REGISTRATION_STATE [SUB0]
02-20 20:16:54.860  1376  1460 D RIL     : onRequest: VOICE_REGISTRATION_STATE
02-20 20:16:54.860  1376  1460 D RIL     : requestRegistrationState
02-20 20:16:54.860  1376  1460 D AT      : AT> AT+CREG?
02-20 20:16:54.860  1376  1464 D AT      : AT< +CREG: 2,1, "0003", "005b"
02-20 20:16:54.860  1376  1464 D AT      : AT< OK
02-20 20:16:54.860  1376  1460 D RIL     : parseRegistrationState. Parsing: +CREG: 2,1, "0003", "005b"
02-20 20:16:54.860  1376  1460 D RIL     : registration state type: 3GPP
02-20 20:16:54.860  1918  1918 D RILJ    : [3671]> QUERY_NETWORK_SELECTION_MODE [SUB0]
02-20 20:16:54.860  1376  1460 D RIL     : onRequest: QUERY_NETWORK_SELECTION_MODE
02-20 20:16:54.860  1376  1460 D AT      : AT> AT+COPS?
02-20 20:16:54.860  1376  1464 D AT      : AT< +COPS: 0,2,310260
02-20 20:16:54.860  1376  1464 D AT      : AT< OK
02-20 20:16:54.860  1918  1918 D DCT     : [0]Wifi state changed
02-20 20:16:54.861  1918  1918 D DCT     : [0]WIFI_STATE_CHANGED_ACTION: enabled=false mIsWifiConnected=false
02-20 20:16:54.861  1918  1918 D DCT     : [0]onRadioAvailable
02-20 20:16:54.861  1918  1918 D DCT     : [0]onRadioOffOrNotAvailable: is off and clean up all connections
02-20 20:16:54.861  1918  1918 D DCT     : [0]cleanUpAllConnections: tearDown=false reason=radioTurnedOff
02-20 20:16:54.861  1918  1918 D GsmCdmaPhone: [GsmCdmaPhone] getDataConnectionState apnType=default ret=DISCONNECTED
02-20 20:16:54.862  1918  2001 D RILJ    : [3658]< GET_IMEI  [SUB0]
02-20 20:16:54.862  1918  2001 D RilRequest: [3659]< GET_IMEISV error: com.android.internal.telephony.CommandException: RADIO_NOT_AVAILABLE ret=
02-20 20:16:54.862  1918  2001 D RilRequest: [3660]< RIL_REQUEST_GET_RADIO_CAPABILITY error: com.android.internal.telephony.CommandException: RADIO_NOT_AVAILABLE ret=
02-20 20:16:54.862  1918  1918 D DCT     : [0]cleanUpConnection: X tearDown=false reason=radioTurnedOff apnContext={mApnType=default mState=IDLE mWaitingApns={null} mApnSetting={null} mReason=radioTurnedOff mDataEnabled=false mDependencyMet=true} dcac=null
02-20 20:16:54.862  1918  1918 D GsmCdmaPhone: [GsmCdmaPhone] getDataConnectionState apnType=mms ret=DISCONNECTED
02-20 20:16:54.862  1918  2001 D RilRequest: [3661]< RIL_REQUEST_START_LCE error: com.android.internal.telephony.CommandException: RADIO_NOT_AVAILABLE ret=
02-20 20:16:54.862  1918  2001 D RILJ    : [UNSL]< UNSOL_RESPONSE_RADIO_STATE_CHANGED RADIO_ON [SUB0]
02-20 20:16:54.862  1918  2001 D RILJ    : [UNSL]< UNSOL_RESPONSE_SIM_STATUS_CHANGED [SUB0]
02-20 20:16:54.863  1918  2001 D RILJ    : [3662]< RADIO_POWER  [SUB0]
02-20 20:16:54.863  1918  2001 D RILJ    : [3663]< OPERATOR {Android, Android, 310260} [SUB0]
02-20 20:16:54.863  1918  2001 D RILJ    : [3664]< DATA_REGISTRATION_STATE {1, 3, 5b, 14, null, null} [SUB0]
02-20 20:16:54.863  1918  2001 D RILJ    : [3665]< VOICE_REGISTRATION_STATE {1, 3, 5b, 0, null, null, null, null, null, null, null, null, null, null, null} [SUB0]
02-20 20:16:54.863  1918  2001 D RILJ    : [3666]< QUERY_NETWORK_SELECTION_MODE {0} [SUB0]
02-20 20:16:54.863  1918  2001 D RILJ    : [3667]< RADIO_POWER  [SUB0]
02-20 20:16:54.863  1918  1918 D DCT     : [0]cleanUpConnection: X tearDown=false reason=radioTurnedOff apnContext={mApnType=mms mState=IDLE mWaitingApns={null} mApnSetting={null} mReason=radioTurnedOff mDataEnabled=false mDependencyMet=true} dcac=null
02-20 20:16:54.863  1918  1918 D GsmCdmaPhone: [GsmCdmaPhone] getDataConnectionState apnType=cbs ret=DISCONNECTED
02-20 20:16:54.863  1918  2001 D RILJ    : [3668]< OPERATOR {Android, Android, 310260} [SUB0]
02-20 20:16:54.863  1918  2001 D RILJ    : [3669]< DATA_REGISTRATION_STATE {1, 3, 5b, 14, null, null} [SUB0]
02-20 20:16:54.863  1918  2001 D RILJ    : [3670]< VOICE_REGISTRATION_STATE {1, 3, 5b, 0, null, null, null, null, null, null, null, null, null, null, null} [SUB0]
02-20 20:16:54.863  1918  2001 D RILJ    : [3671]< QUERY_NETWORK_SELECTION_MODE {0} [SUB0]
02-20 20:16:54.864  1918  1918 D DCT     : [0]cleanUpConnection: X tearDown=false reason=radioTurnedOff apnContext={mApnType=cbs mState=IDLE mWaitingApns={null} mApnSetting={null} mReason=radioTurnedOff mDataEnabled=false mDependencyMet=true} dcac=null
02-20 20:16:54.864  1918  1918 D GsmCdmaPhone: [GsmCdmaPhone] getDataConnectionState apnType=fota ret=DISCONNECTED
02-20 20:16:54.865  1918  1918 D DCT     : [0]cleanUpConnection: X tearDown=false reason=radioTurnedOff apnContext={mApnType=fota mState=IDLE mWaitingApns={null} mApnSetting={null} mReason=radioTurnedOff mDataEnabled=false mDependencyMet=true} dcac=null
02-20 20:16:54.865  1918  1918 D GsmCdmaPhone: [GsmCdmaPhone] getDataConnectionState apnType=supl ret=DISCONNECTED
02-20 20:16:54.867  1918  1918 D DCT     : [0]cleanUpConnection: X tearDown=false reason=radioTurnedOff apnContext={mApnType=supl mState=IDLE mWaitingApns={null} mApnSetting={null} mReason=radioTurnedOff mDataEnabled=false mDependencyMet=true} dcac=null
02-20 20:16:54.867  1918  1918 D GsmCdmaPhone: [GsmCdmaPhone] getDataConnectionState apnType=ia ret=DISCONNECTED
02-20 20:16:54.868  1918  1918 D DCT     : [0]cleanUpConnection: X tearDown=false reason=radioTurnedOff apnContext={mApnType=ia mState=IDLE mWaitingApns={null} mApnSetting={null} mReason=radioTurnedOff mDataEnabled=false mDependencyMet=true} dcac=null
02-20 20:16:54.868  1918  1918 D GsmCdmaPhone: [GsmCdmaPhone] getDataConnectionState apnType=emergency ret=DISCONNECTED
02-20 20:16:54.869  1918  1918 D DCT     : [0]cleanUpConnection: X tearDown=false reason=radioTurnedOff apnContext={mApnType=emergency mState=IDLE mWaitingApns={null} mApnSetting={null} mReason=radioTurnedOff mDataEnabled=false mDependencyMet=true} dcac=null
02-20 20:16:54.869  1918  1918 D GsmCdmaPhone: [GsmCdmaPhone] getDataConnectionState apnType=hipri ret=DISCONNECTED
02-20 20:16:54.870  1918  1918 D DCT     : [0]cleanUpConnection: X tearDown=false reason=radioTurnedOff apnContext={mApnType=hipri mState=IDLE mWaitingApns={null} mApnSetting={null} mReason=radioTurnedOff mDataEnabled=false mDependencyMet=true} dcac=null
02-20 20:16:54.870  1918  1918 D GsmCdmaPhone: [GsmCdmaPhone] getDataConnectionState apnType=ims ret=DISCONNECTED
02-20 20:16:54.871  2189  2189 W System  : ClassLoader referenced unknown path: /system/app/KeyChain/lib/x86_64
02-20 20:16:54.872  1918  1918 D DCT     : [0]cleanUpConnection: X tearDown=false reason=radioTurnedOff apnContext={mApnType=ims mState=IDLE mWaitingApns={null} mApnSetting={null} mReason=radioTurnedOff mDataEnabled=false mDependencyMet=true} dcac=null
02-20 20:16:54.872  1918  1918 D DCT     : [0]stopNetStatPoll
02-20 20:16:54.873  1918  1918 D DCT     : [0]cleanUpConnection: mDisconnectPendingCount = 0
02-20 20:16:54.873  1918  1918 D DCT     : [0]isDataAllowed: No - SIM not loaded - Not attached
02-20 20:16:54.881  1918  1918 D DCT     : [0]onDataConnectionDetached: stop polling and notify detached
02-20 20:16:54.881  1918  1918 D DCT     : [0]stopNetStatPoll
02-20 20:16:54.881  1918  1918 D DCT     : [0]notifyDataConnection: reason=dataDetached
02-20 20:16:54.881  1918  1918 D DCT     : [0]isDataAllowed: No - SIM not loaded - Not attached
02-20 20:16:54.893  1918  1918 D DCT     : [0]onRoamingOff
02-20 20:16:54.893  1918  1918 D DCT     : [0]isDataAllowed: No - SIM not loaded - Not attached
02-20 20:16:54.905  1918  1918 D DCT     : [0]setupDataOnConnectableApns: roamingOff hipri:[state=IDLE,enabled=false] mms:[state=IDLE,enabled=false] supl:[state=IDLE,enabled=false] ia:[state=IDLE,enabled=false] fota:[state=IDLE,enabled=false] ims:[state=IDLE,enabled=false] cbs:[state=IDLE,enabled=false] default:[state=IDLE,enabled=false] emergency:[state=IDLE,enabled=false] 
02-20 20:16:54.905  1918  1918 D DCT     : [0]setupDataOnConnectableApns: nwTypeChanged hipri:[state=IDLE,enabled=false] mms:[state=IDLE,enabled=false] supl:[state=IDLE,enabled=false] ia:[state=IDLE,enabled=false] fota:[state=IDLE,enabled=false] ims:[state=IDLE,enabled=false] cbs:[state=IDLE,enabled=false] default:[state=IDLE,enabled=false] emergency:[state=IDLE,enabled=false] 
02-20 20:16:54.905  1918  1918 D SubscriptionInfoUpdater: [Receiver]+
02-20 20:16:54.905  1918  1918 D SubscriptionInfoUpdater: Action: android.intent.action.SIM_STATE_CHANGED
02-20 20:16:54.905  1918  1918 D SubscriptionInfoUpdater: slotId: 0
02-20 20:16:54.905  1918  1918 D SubscriptionInfoUpdater: simStatus: NOT_READY
02-20 20:16:54.905  1918  1918 D SubscriptionInfoUpdater: Ignoring simStatus: NOT_READY
02-20 20:16:54.905  1918  1918 D SubscriptionInfoUpdater: [Receiver]-
02-20 20:16:54.905  1918  1918 D PhoneSwitcherNetworkRequstListener: got request NetworkRequest [ REQUEST id=1, [ Capabilities: INTERNET&NOT_RESTRICTED&TRUSTED&NOT_VPN] ] with score 0
02-20 20:16:54.906  1918  1918 D DCT     : [0]NETWORK_STATE_CHANGED_ACTION: mIsWifiConnected=false
