02-20 20:16:51.355  1657  1657 I ActivityManager: Start proc 1793:WebViewLoader-x86/1037 [android.webkit.WebViewFactory$RelroFileCreator] for 
02-20 20:16:51.359  1267  1302 V vold    : /dev/block/vold/disk:253,64: LABEL="SDCARD" UUID="1E12-0B12" TYPE="vfat" 
02-20 20:16:51.359  1267  1302 V vold    : 
02-20 20:16:51.360  1657  1727 D VoldConnector: RCV <- {650 public:253,64 0 "disk:253,64" ""}
02-20 20:16:51.361  1657  1727 D VoldConnector: RCV <- {651 public:253,64 0}
02-20 20:16:51.361  1657  1727 D VoldConnector: RCV <- {643 disk:253,64}
02-20 20:16:51.361  1657  1727 D VoldConnector: RCV <- {200 3 Command succeeded}
02-20 20:16:51.363  1657  1726 D VoldConnector: SND -> {4 volume user_added 0 0}
02-20 20:16:51.363  1657  1727 D VoldConnector: RCV <- {200 4 Command succeeded}
02-20 20:16:51.373     0     0 D ieee80211 phy1: hw scan 2432 MHz
02-20 20:16:51.419     0     0 D SELinux : initialized (dev fuse, type fuse), uses genfs_contexts
02-20 20:16:51.420     0     0 D SELinux : initialized (dev fuse, type fuse), uses genfs_contexts
02-20 20:16:51.420     0     0 D SELinux : initialized (dev fuse, type fuse), uses genfs_contexts
02-20 20:16:51.365  1374  1374 I MediaPlayerService: MediaPlayerService::getOMX
02-20 20:16:51.365  1793  1793 W art     : Unexpected CPU variant for X86 using defaults: x86
02-20 20:16:51.366  1374  1374 I OMXClient: MuxOMX ctor
02-20 20:16:51.373  1657  1657 I am_proc_start: [0,1798,1037,WebViewLoader-x86_64,,]
02-20 20:16:51.373  1657  1657 I ActivityManager: Start proc 1798:WebViewLoader-x86_64/1037 [android.webkit.WebViewFactory$RelroFileCreator] for 
02-20 20:16:51.374  1657  1657 D NetworkManagement: enabling bandwidth control
02-20 20:16:51.374  1374  1374 I MediaPlayerService: MediaPlayerService::getOMX
02-20 20:16:51.374  1374  1374 I OMXClient: MuxOMX ctor
02-20 20:16:51.375  1657  1748 I am_proc_bound: [0,1769,com.android.systemui]
02-20 20:16:51.375  1371  1371 I OMXMaster: makeComponentInstance(OMX.google.mp3.decoder) in mediacodec process
02-20 20:16:51.376  1657  1726 D VoldConnector: SND -> {5 volume mount emulated 3 -1}
02-20 20:16:51.377  1267  1302 V vold    : Waiting for FUSE to spin up...
02-20 20:16:51.377  1657  1727 D VoldConnector: RCV <- {651 emulated 1}
02-20 20:16:51.377  1657  1727 D VoldConnector: RCV <- {656 emulated /data/media}
02-20 20:16:51.377  1657  1727 D VoldConnector: RCV <- {655 emulated /storage/emulated}
02-20 20:16:51.390  1798  1798 W art     : Unexpected CPU variant for X86 using defaults: x86_64
02-20 20:16:51.413  1798  1798 V WebViewFactory: RelroFileCreator (64bit = true),  32-bit lib: /system/app/Chrome/Chrome.apk!/lib/x86/libmonochrome.so, 64-bit lib: /system/app/Chrome/Chrome.apk!/lib/x86_64/libmonochrome.so
02-20 20:16:51.414  1805  1805 W sdcard  : Device explicitly disabled sdcardfs
02-20 20:16:51.429  1657  1727 D VoldConnector: RCV <- {651 emulated 2}
02-20 20:16:51.430  1657  1727 D VoldConnector: RCV <- {200 5 Command succeeded}
02-20 20:16:51.430  1657  1726 D VoldConnector: SND -> {6 volume mount public:253,64 2 0}
02-20 20:16:51.434  1793  1793 V WebViewFactory: RelroFileCreator (64bit = false),  32-bit lib: /system/app/Chrome/Chrome.apk!/lib/x86/libmonochrome.so, 64-bit lib: /system/app/Chrome/Chrome.apk!/lib/x86_64/libmonochrome.so
02-20 20:16:51.435  1769  1769 W System  : ClassLoader referenced unknown path: /system/priv-app/SystemUIGoogle/lib/x86_64
02-20 20:16:51.445  1267  1302 V vold    : /system/bin/blkid
02-20 20:16:51.445  1267  1302 V vold    :     -c
02-20 20:16:51.445  1267  1302 V vold    :     /dev/null
02-20 20:16:51.445  1267  1302 V vold    :     -s
02-20 20:16:51.445  1267  1302 V vold    :     TYPE
02-20 20:16:51.445  1267  1302 V vold    :     -s
02-20 20:16:51.445  1267  1302 V vold    :     UUID
02-20 20:16:51.445  1267  1302 V vold    :     -s
02-20 20:16:51.445  1267  1302 V vold    :     LABEL
02-20 20:16:51.445  1267  1302 V vold    :     /dev/block/vold/public:253,64
02-20 20:16:51.445  1657  1727 D VoldConnector: RCV <- {651 public:253,64 1}
02-20 20:16:51.499  1267  1302 V vold    : /dev/block/vold/public:253,64: LABEL="SDCARD" UUID="1E12-0B12" TYPE="vfat" 
02-20 20:16:51.499  1267  1302 V vold    : 
02-20 20:16:51.500  1267  1302 V vold    : /system/bin/fsck_msdos
02-20 20:16:51.500  1267  1302 V vold    :     -p
02-20 20:16:51.500  1267  1302 V vold    :     -f
02-20 20:16:51.500  1267  1302 V vold    :     /dev/block/vold/public:253,64
02-20 20:16:51.500  1657  1727 D VoldConnector: RCV <- {652 public:253,64 vfat}
02-20 20:16:51.500  1657  1727 D VoldConnector: RCV <- {653 public:253,64 1E12-0B12}
02-20 20:16:51.512  1657  1727 D VoldConnector: RCV <- {654 public:253,64 SDCARD}
02-20 20:16:51.523  1374  1374 I MediaPlayerService: MediaPlayerService::getOMX
02-20 20:16:51.523  1374  1374 I OMXClient: MuxOMX ctor
02-20 20:16:51.523  1371  1835 I OMXMaster: makeComponentInstance(OMX.google.amrnb.decoder) in mediacodec process
02-20 20:16:51.529  1374  1374 I MediaPlayerService: MediaPlayerService::getOMX
02-20 20:16:51.529  1374  1374 I OMXClient: MuxOMX ctor
02-20 20:16:51.529  1371  1417 I OMXMaster: makeComponentInstance(OMX.google.amrwb.decoder) in mediacodec process
02-20 20:16:51.490     0     0 D ieee80211 phy1: hw scan 2437 MHz
02-20 20:16:51.541  1374  1374 I MediaPlayerService: MediaPlayerService::getOMX
02-20 20:16:51.541  1374  1374 I OMXClient: MuxOMX ctor
02-20 20:16:51.541  1371  1835 I OMXMaster: makeComponentInstance(OMX.google.aac.decoder) in mediacodec process
02-20 20:16:51.563  1374  1374 I MediaPlayerService: MediaPlayerService::getOMX
02-20 20:16:51.610     0     0 D ieee80211 phy1: hw scan 2442 MHz
02-20 20:16:51.563  1374  1374 I OMXClient: MuxOMX ctor
02-20 20:16:51.563  1371  1371 I OMXMaster: makeComponentInstance(OMX.google.g711.alaw.decoder) in mediacodec process
02-20 20:16:51.579  1267  1302 I fsck_msdos: ** /dev/block/vold/public:253,64
02-20 20:16:51.579  1267  1302 I fsck_msdos: ** Phase 1 - Read and Compare FATs
02-20 20:16:51.579  1267  1302 I fsck_msdos: Attempting to allocate 1022 KB for FAT
02-20 20:16:51.640  1267  1302 I fsck_msdos: Attempting to allocate 1022 KB for FAT
02-20 20:16:51.657  1657  1734 D WifiController: DEFERRED_TOGGLE handled
02-20 20:16:51.668  1769  1769 V SystemUIService: Starting SystemUI services for user 0.
02-20 20:16:51.670  1758  1758 I LatinIME: Hardware accelerated drawing: true
02-20 20:16:51.680  1374  1374 I MediaPlayerService: MediaPlayerService::getOMX
02-20 20:16:51.681  1374  1374 I OMXClient: MuxOMX ctor
02-20 20:16:51.681  1371  1371 I OMXMaster: makeComponentInstance(OMX.google.g711.mlaw.decoder) in mediacodec process
02-20 20:16:51.731     0     0 D ieee80211 phy1: hw scan 2447 MHz
02-20 20:16:51.714  1793  1793 I art     : System.exit called, status: 0
02-20 20:16:51.714  1793  1793 I AndroidRuntime: VM exiting with result code 0, cleanup skipped.
02-20 20:16:51.727  1798  1798 I art     : System.exit called, status: 0
02-20 20:16:51.727  1798  1798 I AndroidRuntime: VM exiting with result code 0, cleanup skipped.
02-20 20:16:51.750  1769  1769 V MediaRouter: Adding route: RouteInfo{ name=Phone, description=null, status=null, category=RouteCategory{ name=null types=ROUTE_TYPE_LIVE_AUDIO ROUTE_TYPE_LIVE_VIDEO  groupable=false }, supportedTypes=ROUTE_TYPE_LIVE_AUDIO ROUTE_TYPE_LIVE_VIDEO , presentationDisplay=null }
02-20 20:16:51.752  1769  1769 V MediaRouter: Updating audio routes: AudioRoutesInfo{ type=SPEAKER }
02-20 20:16:51.752  1267  1302 I fsck_msdos: ** Phase 2 - Check Cluster Chains
02-20 20:16:51.752  1769  1769 V MediaRouter: Selecting route: RouteInfo{ name=Phone, description=null, status=null, category=RouteCategory{ name=null types=ROUTE_TYPE_LIVE_AUDIO ROUTE_TYPE_LIVE_VIDEO  groupable=false }, supportedTypes=ROUTE_TYPE_LIVE_AUDIO ROUTE_TYPE_LIVE_VIDEO , presentationDisplay=null }
02-20 20:16:51.762  1267  1302 I fsck_msdos: ** Phase 3 - Checking Directories
02-20 20:16:51.762  1267  1302 I fsck_msdos: ** Phase 4 - Checking for Lost Files
02-20 20:16:51.762  1267  1302 I fsck_msdos: 27 files, 522176 free (261088 clusters)
02-20 20:16:51.764  1374  1374 I MediaPlayerService: MediaPlayerService::getOMX
02-20 20:16:51.764  1374  1374 I OMXClient: MuxOMX ctor
02-20 20:16:51.764  1371  1371 I OMXMaster: makeComponentInstance(OMX.google.vorbis.decoder) in mediacodec process
02-20 20:16:51.783  1657  1691 D TelephonyRegistry: listen oscl: hasNotifySubscriptionInfoChangedOccurred==false no callback
02-20 20:16:51.795  1267  1302 I Vold    : Filesystem check completed OK
02-20 20:16:51.795  1657  1727 D VoldConnector: RCV <- {656 public:253,64 /mnt/media_rw/1E12-0B12}
02-20 20:16:51.796  1657  1727 D VoldConnector: RCV <- {655 public:253,64 /storage/1E12-0B12}
02-20 20:16:51.808  1267  1302 V vold    : Waiting for FUSE to spin up...
02-20 20:16:51.809  1374  1374 I MediaPlayerService: MediaPlayerService::getOMX
02-20 20:16:51.810  1374  1374 I OMXClient: MuxOMX ctor
02-20 20:16:51.810  1371  1371 I OMXMaster: makeComponentInstance(OMX.google.opus.decoder) in mediacodec process
02-20 20:16:51.806     0     0 W FAT-fs (vde): Volume was not properly unmounted. Some data may be corrupt. Please run fsck.
02-20 20:16:51.807     0     0 D SELinux : initialized (dev vde, type vfat), uses genfs_contexts
02-20 20:16:51.823  1861  1861 W sdcard  : Device explicitly disabled sdcardfs
02-20 20:16:51.834  1758  1758 W InputAttributes: No editor info for this field. Bug?
02-20 20:16:51.842  1375  1687 D SoftapController: Softap fwReload - Ok
02-20 20:16:51.845  1657  1657 W NetworkManagement: setDataSaverMode(): already false
02-20 20:16:51.831     0     0 D SELinux : initialized (dev fuse, type fuse), uses genfs_contexts
02-20 20:16:51.832     0     0 D SELinux : initialized (dev fuse, type fuse), uses genfs_contexts
02-20 20:16:51.849  1375  1687 D CommandListener: Setting iface cfg
02-20 20:16:51.849  1375  1687 D CommandListener: Trying to bring down wlan0
02-20 20:16:51.846     0     0 D SELinux : initialized (dev fuse, type fuse), uses genfs_contexts
02-20 20:16:51.851     0     0 D ieee80211 phy1: hw scan 2452 MHz
02-20 20:16:51.850  1374  1374 I MediaPlayerService: MediaPlayerService::getOMX
02-20 20:16:51.851  1374  1374 I OMXClient: MuxOMX ctor
02-20 20:16:51.851  1371  1371 I OMXMaster: makeComponentInstance(OMX.google.raw.decoder) in mediacodec process
02-20 20:16:51.854  1375  1687 D CommandListener: Clearing all IP addresses on wlan0
02-20 20:16:51.854  1374  1374 I MediaPlayerService: MediaPlayerService::getOMX
02-20 20:16:51.854  1374  1374 I OMXClient: MuxOMX ctor
02-20 20:16:51.854  1371  1835 I OMXMaster: makeComponentInstance(OMX.google.aac.encoder) in mediacodec process
02-20 20:16:51.857  1657  1735 E WifiMonitor: killSupplicant p2pfalse init.svc.wpa_supplicant=unknown init.svc.p2p_supplicant=unknown
02-20 20:16:51.861     0     0 I init    : Starting service 'wpa_supplicant'...
02-20 20:16:51.858  1657  1727 D VoldConnector: RCV <- {651 public:253,64 2}
02-20 20:16:51.859  1657  1727 D VoldConnector: RCV <- {200 6 Command succeeded}
02-20 20:16:51.860  1657  1735 E wifi    : Can not initialize the vendor function pointer table
02-20 20:16:51.860  1657  1735 E WifiNative-HAL: Could not start hal
02-20 20:16:51.860  1657  1735 E WifiStateMachine: Failed to start HAL
02-20 20:16:51.862  1758  1869 I LatinIME:LogUtils: Dictionary info: dictionary = userunigram.en_US ; version = 1519157811 ; date = ?
02-20 20:16:51.863  1657  1735 D WifiMonitor: startMonitoring(wlan0) with mConnected = false
02-20 20:16:51.863  1657  1735 E WifiHW  : Unable to open connection to supplicant on "@android:wpa_wlan0": No such file or directory
02-20 20:16:51.866  1374  1374 I MediaPlayerService: MediaPlayerService::getOMX
02-20 20:16:51.866  1374  1374 I OMXClient: MuxOMX ctor
02-20 20:16:51.866  1371  1417 I OMXMaster: makeComponentInstance(OMX.google.amrnb.encoder) in mediacodec process
02-20 20:16:51.867  1758  1869 E ActivityThread: Failed to find provider info for user_dictionary
02-20 20:16:51.868  1758  1869 I LatinIME:LogUtils: Dictionary info: dictionary = UserHistoryDictionary.en_US ; version = 1519157811 ; date = ?
02-20 20:16:51.874  1374  1374 I MediaPlayerService: MediaPlayerService::getOMX
02-20 20:16:51.874  1374  1374 I OMXClient: MuxOMX ctor
02-20 20:16:51.874  1371  1371 I OMXMaster: makeComponentInstance(OMX.google.amrwb.encoder) in mediacodec process
02-20 20:16:51.878  1769  1885 E WVMExtractor: Failed to open libwvm.so: dlopen failed: library "libwvm.so" not found
02-20 20:16:51.879  1374  1374 I MediaPlayerService: MediaPlayerService::getOMX
02-20 20:16:51.880  1374  1374 I OMXClient: MuxOMX ctor
02-20 20:16:51.880  1371  1835 I OMXMaster: makeComponentInstance(OMX.google.flac.encoder) in mediacodec process
02-20 20:16:51.905  1374  1374 I MediaPlayerService: MediaPlayerService::getOMX
02-20 20:16:51.905  1374  1374 I OMXClient: MuxOMX ctor
02-20 20:16:51.906  1371  1835 I OMXMaster: makeComponentInstance(OMX.google.gsm.decoder) in mediacodec process
02-20 20:16:51.927  1657  1657 D NetworkPolicy: setRestrictBackgroundUL(): false
02-20 20:16:51.927  1657  1657 W NetworkManagement: setDataSaverMode(): already false
02-20 20:16:51.938  1374  1374 I MediaPlayerService: MediaPlayerService::getOMX
02-20 20:16:51.938  1374  1374 I OMXClient: MuxOMX ctor
02-20 20:16:51.938  1371  1835 I OMXMaster: makeComponentInstance(OMX.google.mpeg4.decoder) in mediacodec process
02-20 20:16:51.955  1879  1879 I wpa_supplicant: Successfully initialized wpa_supplicant
02-20 20:16:51.955  1371  1371 E OMXNodeInstance: getExtensionIndex(55b000f:google.mpeg4.decoder, OMX.google.android.index.configureVideoTunnelMode) ERROR: UnsupportedIndex(0x8000101a)
02-20 20:16:51.955  1371  1371 W OMXNodeInstance: [55b000f:google.mpeg4.decoder] component does not support metadata mode; using fallback
02-20 20:16:51.956  1879  1879 I wpa_supplicant: rfkill: Cannot open RFKILL control device
02-20 20:16:51.957  1879  1879 I wpa_supplicant: nl80211: Could not re-add multicast membership for vendor events: -2 (No such file or directory)
02-20 20:16:51.956     0     0 D ieee80211 phy0: mac80211_hwsim_start
02-20 20:16:51.956     0     0 D ieee80211 phy0: mac80211_hwsim_add_interface (type=2 mac_addr=02:00:00:44:55:66)
02-20 20:16:51.956     0     0 D ieee80211 phy0: mac80211_hwsim_bss_info_changed(changed=0xe)
02-20 20:16:51.956     0     0 D ieee80211 phy0: ERP_CTS_PROT: 0
02-20 20:16:51.956     0     0 D ieee80211 phy0: ERP_PREAMBLE: 0
02-20 20:16:51.956     0     0 D ieee80211 phy0: ERP_SLOT: 0
02-20 20:16:51.956     0     0 D ieee80211 phy0: mac80211_hwsim_conf_tx (queue=0 txop=0 cw_min=15 cw_max=1023 aifs=2)
02-20 20:16:51.956     0     0 D ieee80211 phy0: mac80211_hwsim_conf_tx (queue=1 txop=0 cw_min=15 cw_max=1023 aifs=2)
02-20 20:16:51.956     0     0 D ieee80211 phy0: mac80211_hwsim_conf_tx (queue=2 txop=0 cw_min=15 cw_max=1023 aifs=2)
02-20 20:16:51.956     0     0 D ieee80211 phy0: mac80211_hwsim_conf_tx (queue=3 txop=0 cw_min=15 cw_max=1023 aifs=2)
02-20 20:16:51.956     0     0 D ieee80211 phy0: mac80211_hwsim_bss_info_changed(changed=0x2000)
02-20 20:16:51.956     0     0 D ieee80211 phy0: mac80211_hwsim_config (freq=0 idle=0 ps=0 smps=auto)
02-20 20:16:51.956     0     0 I IPv6    : ADDRCONF(NETDEV_UP): wlan0: link is not ready
02-20 20:16:51.957     0     0 D ieee80211 phy0: mac80211_hwsim_configure_filter
02-20 20:16:51.971  1758  1869 I LatinIME:LogUtils: Dictionary info: dictionary = main:en ; version = 54 ; date = 1414726273
02-20 20:16:51.972  1374  1374 I MediaPlayerService: MediaPlayerService::getOMX
02-20 20:16:51.973  1374  1374 I OMXClient: MuxOMX ctor
02-20 20:16:51.973  1371  1835 I OMXMaster: makeComponentInstance(OMX.google.h263.decoder) in mediacodec process
02-20 20:16:51.970     0     0 D ieee80211 phy1: hw scan 2457 MHz
02-20 20:16:51.987  1371  1417 E OMXNodeInstance: getExtensionIndex(55b0010:google.h263.decoder, OMX.google.android.index.configureVideoTunnelMode) ERROR: UnsupportedIndex(0x8000101a)
02-20 20:16:51.987  1371  1371 W OMXNodeInstance: [55b0010:google.h263.decoder] component does not support metadata mode; using fallback
02-20 20:16:51.988  1374  1374 I MediaPlayerService: MediaPlayerService::getOMX
02-20 20:16:51.989  1374  1374 I OMXClient: MuxOMX ctor
02-20 20:16:51.989  1371  1835 I OMXMaster: makeComponentInstance(OMX.google.h264.decoder) in mediacodec process
02-20 20:16:52.024  1879  1879 E wpa_supplicant: global ctrl interface @android:wpa_wlan0 matches ctrl interface wlan0 - do not open per-interface ctrl interface
02-20 20:16:52.036  1657  1657 I SystemServiceManager: Starting phase 600
02-20 20:16:52.039  1374  1374 W ACodec  : [OMX.google.h264.decoder] stopping checking profiles after 32: 2/8000
02-20 20:16:52.039  1371  1417 E OMXNodeInstance: getExtensionIndex(55b0011:google.h264.decoder, OMX.google.android.index.configureVideoTunnelMode) ERROR: UnsupportedIndex(0x8000101a)
02-20 20:16:52.039  1371  1371 W OMXNodeInstance: [55b0011:google.h264.decoder] component does not support metadata mode; using fallback
02-20 20:16:52.042  1374  1374 I MediaPlayerService: MediaPlayerService::getOMX
02-20 20:16:52.042  1374  1374 I OMXClient: MuxOMX ctor
02-20 20:16:52.042  1371  1417 I OMXMaster: makeComponentInstance(OMX.google.hevc.decoder) in mediacodec process
02-20 20:16:52.059  1657  1657 D SensorNotificationService: Cannot obtain dynamic meta sensor, not supported.
02-20 20:16:52.060  1657  1657 D TelephonyRegistry: listen oscl: hasNotifySubscriptionInfoChangedOccurred==false no callback
02-20 20:16:52.066  1657  1657 I GnssLocationProvider: WakeLock acquired by sendMessage(13, 0, null)
02-20 20:16:52.072  1657  1657 W LocationProviderProxy-network: Odd, no component found for service com.android.location.service.v3.NetworkLocationProvider
02-20 20:16:52.074  1657  1657 W GeocoderProxy: Odd, no component found for service com.android.location.service.GeocodeProvider
02-20 20:16:52.074  1657  1657 E FlpHardwareProvider: Error hw_get_module 'flp': -2
02-20 20:16:52.074  1657  1657 D LocationManagerService: FLP HAL not supported
02-20 20:16:52.075  1769  1769 I vol.Events: writeEvent collection_started
02-20 20:16:52.075  1657  1657 W GeofenceProxy: Odd, no component found for service com.android.location.service.GeofenceProvider
02-20 20:16:52.075  1657  1657 E ActivityRecognitionHardware: Error hw_get_module: -2
02-20 20:16:52.075  1657  1657 D LocationManagerService: Hardware Activity-Recognition not supported.
02-20 20:16:52.076  1657  1657 W ActivityRecognitionProxy: Odd, no component found for service com.android.location.service.ActivityRecognitionProvider
02-20 20:16:52.076  1657  1657 I GnssLocationProvider: WakeLock acquired by sendMessage(2, 1, null)
02-20 20:16:52.082  1657  1657 I CommonTimeManagementService: No common time service detected on this platform.  Common time services will be unavailable.
02-20 20:16:52.083  1657  1725 I InputReader: Reconfiguring input devices.  changes=0x00000020
02-20 20:16:52.083  1657  1657 D TelephonyRegistry: systemRunning register for intents
02-20 20:16:52.084  1657  1657 I MmsServiceBroker: Delay connecting to MmsService until an API is called
02-20 20:16:52.086  1371  1371 E OMXNodeInstance: getExtensionIndex(55b0012:google.hevc.decoder, OMX.google.android.index.configureVideoTunnelMode) ERROR: UnsupportedIndex(0x8000101a)
02-20 20:16:52.086  1371  1835 W OMXNodeInstance: [55b0012:google.hevc.decoder] component does not support metadata mode; using fallback
02-20 20:16:52.086  1769  1914 I sysui_action: [213,2]
02-20 20:16:52.086  1769  1914 I vol.Events: writeEvent external_ringer_mode_changed normal
02-20 20:16:52.090     0     0 D ieee80211 phy1: hw scan 2462 MHz
02-20 20:16:52.088  1769  1914 I vol.Events: writeEvent internal_ringer_mode_changed normal
02-20 20:16:52.088  1374  1374 I MediaPlayerService: MediaPlayerService::getOMX
02-20 20:16:52.088  1374  1374 I OMXClient: MuxOMX ctor
02-20 20:16:52.088  1371  1417 I OMXMaster: makeComponentInstance(OMX.google.vp8.decoder) in mediacodec process
02-20 20:16:52.100  1657  1725 I InputReader: Reconfiguring input devices.  changes=0x00000010
02-20 20:16:52.100  1657  1692 W GnssLocationProvider: Could not open GPS configuration file /etc/gps.conf
02-20 20:16:52.100  1657  1692 E GnssLocationProvider: no AGPS interface in set_agps_server
02-20 20:16:52.111  1657  1692 D TelephonyRegistry: listen oscl: hasNotifySubscriptionInfoChangedOccurred==false no callback
02-20 20:16:52.120  1657  1657 I am_proc_start: [0,1918,1001,com.android.phone,added application,com.android.phone]
02-20 20:16:52.120  1657  1657 I ActivityManager: Start proc 1918:com.android.phone/1001 for added application com.android.phone
02-20 20:16:52.121  1657  1657 I ActivityManager: START u0 {act=android.intent.action.MAIN cat=[android.intent.category.HOME] flg=0x10000100 cmp=com.android.settings/.FallbackHome} from uid 0 on display 0
02-20 20:16:52.122  1657  1657 W System  : ClassLoader referenced unknown path: 
02-20 20:16:52.122  1657  1657 W System  : ClassLoader referenced unknown path: /system/priv-app/Settings/lib/x86_64
02-20 20:16:52.122  1657  1657 D ApplicationLoaders: ignored Vulkan layer search path /system/priv-app/Settings/lib/x86_64:/system/priv-app/Settings/Settings.apk!/lib/x86_64:/system/lib64:/vendor/lib64 for namespace 0x758a753d1160
02-20 20:16:52.128  1657  1657 I ActivityManager: Loaded persisted task ids for user 0
02-20 20:16:52.129  1657  1657 I am_create_task: [0,1]
02-20 20:16:52.129  1657  1657 I am_create_activity: [0,121222477,1,com.android.settings/.FallbackHome,android.intent.action.MAIN,NULL,NULL,276824320]
02-20 20:16:52.130  1657  1657 I wm_task_created: [1,0]
02-20 20:16:52.130  1657  1657 I wm_task_moved: [1,1,0]
02-20 20:16:52.130  1657  1657 I wm_task_moved: [1,1,0]
02-20 20:16:52.130  1657  1657 I am_focused_activity: [0,com.android.settings/.FallbackHome,startedActivity]
02-20 20:16:52.132  1918  1918 W art     : Unexpected CPU variant for X86 using defaults: x86_64
02-20 20:16:52.136  1371  1371 E OMXNodeInstance: getExtensionIndex(55b0013:google.vp8.decoder, OMX.google.android.index.configureVideoTunnelMode) ERROR: UnsupportedIndex(0x8000101a)
02-20 20:16:52.136  1371  1835 W OMXNodeInstance: [55b0013:google.vp8.decoder] component does not support metadata mode; using fallback
02-20 20:16:52.139  1928  1928 W art     : Unexpected CPU variant for X86 using defaults: x86_64
02-20 20:16:52.140  1374  1374 I MediaPlayerService: MediaPlayerService::getOMX
02-20 20:16:52.141  1374  1374 I OMXClient: MuxOMX ctor
02-20 20:16:52.141  1371  1417 I OMXMaster: makeComponentInstance(OMX.google.vp9.decoder) in mediacodec process
02-20 20:16:52.141  1657  1657 I am_proc_start: [0,1928,1000,com.android.settings,activity,com.android.settings/.FallbackHome]
02-20 20:16:52.141  1657  1657 I ActivityManager: Start proc 1928:com.android.settings/1000 for activity com.android.settings/.FallbackHome
02-20 20:16:52.145  1657  1692 I GnssLocationProvider: WakeLock released by handleMessage(13, 0, null)
02-20 20:16:52.210     0     0 D ieee80211 phy1: hw scan complete
02-20 20:16:52.211     0     0 D ieee80211 phy1: mac80211_hwsim_get_survey (idx=0)
02-20 20:16:52.145  1657  1692 E GnssLocationProvider: no AGPS interface in set_agps_server
02-20 20:16:52.157  1657  1657 I SystemServer: Enabled StrictMode for system server main thread.
02-20 20:16:52.166  1657  1657 D ConditionProviders.SCP: onConnected
02-20 20:16:52.166  1657  1657 D ZenLog  : set_zen_mode: off,readXml
02-20 20:16:52.167  1657  1857 I am_proc_bound: [0,1928,com.android.settings]
02-20 20:16:52.170  1657  1657 D ConditionProviders: Subscribing to condition://android/schedule?days=6.7&start=23.30&end=10.0&exitAtAlarm=false with ComponentInfo{android/com.android.server.notification.ScheduleConditionProvider}
02-20 20:16:52.170  1657  1657 D ZenLog  : subscribe: condition://android/schedule?days=6.7&start=23.30&end=10.0&exitAtAlarm=false,ok
02-20 20:16:52.170  1657  1657 D ConditionProviders: Subscribing to condition://android/event?userId=-10000&calendar=&reply=1 with ComponentInfo{android/com.android.server.notification.EventConditionProvider}
02-20 20:16:52.170  1657  1657 D ZenLog  : subscribe: condition://android/event?userId=-10000&calendar=&reply=1,ok
02-20 20:16:52.170  1657  1657 D ConditionProviders: Subscribing to condition://android/schedule?days=1.2.3.4.5&start=22.0&end=7.0&exitAtAlarm=false with ComponentInfo{android/com.android.server.notification.ScheduleConditionProvider}
02-20 20:16:52.170  1657  1657 D ZenLog  : subscribe: condition://android/schedule?days=1.2.3.4.5&start=22.0&end=7.0&exitAtAlarm=false,ok
02-20 20:16:52.172  1657  1857 I am_restart_activity: [0,121222477,1,com.android.settings/.FallbackHome]
02-20 20:16:52.178  1657  1748 I am_proc_bound: [0,1918,com.android.phone]
02-20 20:16:52.178  1657  1692 I GnssLocationProvider: WakeLock released by handleMessage(2, 1, null)
02-20 20:16:52.178  1657  1692 W LocationProviderProxy-network: Odd, no component found for service com.android.location.service.v3.NetworkLocationProvider
02-20 20:16:52.179  1657  1692 W GeocoderProxy: Odd, no component found for service com.android.location.service.GeocodeProvider
02-20 20:16:52.179  1657  1692 W GeofenceProxy: Odd, no component found for service com.android.location.service.GeofenceProvider
02-20 20:16:52.179  1657  1692 W ActivityRecognitionProxy: Odd, no component found for service com.android.location.service.ActivityRecognitionProvider
02-20 20:16:52.187  1928  1928 W System  : ClassLoader referenced unknown path: /system/priv-app/Settings/lib/x86_64
02-20 20:16:52.203  1657  1694 W WindowManager: Keyguard drawn timeout. Setting mKeyguardDrawComplete
02-20 20:16:52.206  1657  1657 D RttService: SCAN_AVAILABLE : 1
02-20 20:16:52.206  1657  1657 D ZenLog  : set_zen_mode: off,cleanUpZenRules
02-20 20:16:52.208  1657  1737 I WifiScanningService: wifi driver unloaded
02-20 20:16:52.208  1657  1738 D RttService: DefaultState got{ when=-2ms what=160513 target=com.android.internal.util.StateMachine$SmHandler }
02-20 20:16:52.215  1657  1657 W System  : ClassLoader referenced unknown path: /system/priv-app/Telecom/lib/x86_64
02-20 20:16:52.216  1657  1657 D ApplicationLoaders: ignored Vulkan layer search path /system/priv-app/Telecom/lib/x86_64:/system/priv-app/Telecom/Telecom.apk!/lib/x86_64:/system/lib64:/vendor/lib64 for namespace 0x758a753d11d0
02-20 20:16:52.227  1371  1835 E OMXNodeInstance: getExtensionIndex(55b0014:google.vp9.decoder, OMX.google.android.index.configureVideoTunnelMode) ERROR: UnsupportedIndex(0x8000101a)
02-20 20:16:52.227  1371  1371 W OMXNodeInstance: [55b0014:google.vp9.decoder] component does not support metadata mode; using fallback
02-20 20:16:52.229  1374  1374 I MediaPlayerService: MediaPlayerService::getOMX
02-20 20:16:52.229  1374  1374 I OMXClient: MuxOMX ctor
02-20 20:16:52.229  1371  1417 I OMXMaster: makeComponentInstance(OMX.google.h263.encoder) in mediacodec process
02-20 20:16:52.249  1371  1417 I SoftMPEG4Encoder: Construct SoftMPEG4Encoder
02-20 20:16:52.250  1374  1374 W ACodec  : do not know color format 0x7f000789 = 2130708361
02-20 20:16:52.250  1371  1835 E OMXNodeInstance: getConfig(55b0015:google.h263.encoder, ConfigAndroidIntraRefresh(0x6f60000a)) ERROR: Undefined(0x80001001)
02-20 20:16:52.250  1374  1374 I MediaPlayerService: MediaPlayerService::getOMX
02-20 20:16:52.250  1374  1374 I OMXClient: MuxOMX ctor
02-20 20:16:52.250  1371  1417 I OMXMaster: makeComponentInstance(OMX.google.h264.encoder) in mediacodec process
02-20 20:16:52.270  1478  1478 E hostapd : Using interface wlan1 with hwaddr 02:00:00:00:01:00 and ssid "AndroidWifi"
02-20 20:16:52.271  1478  1478 I hostapd : wlan1: interface state HT_SCAN->ENABLED
02-20 20:16:52.271  1478  1478 I hostapd : wlan1: AP-ENABLED 
02-20 20:16:52.271     0     0 D ieee80211 phy1: mac80211_hwsim_config (freq=0 idle=0 ps=0 smps=auto)
02-20 20:16:52.271     0     0 D ieee80211 phy1: add channel context control: 2447 MHz/width: 2/cfreqs:2437/0 MHz
02-20 20:16:52.271     0     0 D ieee80211 phy1: mac80211_hwsim_bss_info_changed(changed=0x40000)
02-20 20:16:52.271     0     0 D ieee80211 phy1: TX Power: 20 dBm
02-20 20:16:52.271     0     0 D ieee80211 phy1: mac80211_hwsim_bss_info_changed(changed=0x4000)
02-20 20:16:52.271     0     0 D ieee80211 phy1: change channel context control: 2447 MHz/width: 2/cfreqs:2437/0 MHz
02-20 20:16:52.271     0     0 D ieee80211 phy1: mac80211_hwsim_bss_info_changed(changed=0x88340)
02-20 20:16:52.271     0     0 D ieee80211 phy1: BCNINT: 100
02-20 20:16:52.271     0     0 D ieee80211 phy1: BCN EN: 1
02-20 20:16:52.284  1918  1918 W System  : ClassLoader referenced unknown path: /system/priv-app/TeleService/lib/x86_64
02-20 20:16:52.294  1657  1657 E BluetoothAdapter: Bluetooth binder is null
02-20 20:16:52.298  1657  1657 I Telecom : SystemStateProvider: Registering car mode receiver: android.content.IntentFilter@f6b814f: TS.init@AAA
02-20 20:16:52.300  1928  1928 I am_on_resume_called: [0,com.android.settings.FallbackHome,LAUNCH_ACTIVITY]
02-20 20:16:52.310  1657  1962 I Telecom : Telecom: Non-call EVENT: AUDIO_ROUTE, Entering state QuiescentEarpieceRoute
02-20 20:16:52.271     0     0 D ieee80211 phy1: mac80211_hwsim_bss_info_changed(changed=0x3e)
02-20 20:16:52.271     0     0 D ieee80211 phy1: ERP_CTS_PROT: 0
02-20 20:16:52.271     0     0 D ieee80211 phy1: ERP_PREAMBLE: 0
02-20 20:16:52.271     0     0 D ieee80211 phy1: ERP_SLOT: 1
02-20 20:16:52.271     0     0 D ieee80211 phy1: HT: op_mode=0x0
02-20 20:16:52.271     0     0 D ieee80211 phy1: BASIC_RATES: 0xf
02-20 20:16:52.271     0     0 D ieee80211 phy1: mac80211_hwsim_conf_tx (queue=0 txop=47 cw_min=3 cw_max=7 aifs=1)
02-20 20:16:52.271     0     0 D ieee80211 phy1: mac80211_hwsim_bss_info_changed(changed=0x2000)
02-20 20:16:52.271     0     0 D ieee80211 phy1: mac80211_hwsim_conf_tx (queue=1 txop=94 cw_min=7 cw_max=15 aifs=1)
02-20 20:16:52.271     0     0 D ieee80211 phy1: mac80211_hwsim_bss_info_changed(changed=0x2000)
02-20 20:16:52.271     0     0 D ieee80211 phy1: mac80211_hwsim_conf_tx (queue=2 txop=0 cw_min=15 cw_max=63 aifs=3)
02-20 20:16:52.271     0     0 D ieee80211 phy1: mac80211_hwsim_bss_info_changed(changed=0x2000)
02-20 20:16:52.271     0     0 D ieee80211 phy1: mac80211_hwsim_conf_tx (queue=3 txop=0 cw_min=15 cw_max=1023 aifs=7)
02-20 20:16:52.271     0     0 D ieee80211 phy1: mac80211_hwsim_bss_info_changed(changed=0x2000)
02-20 20:16:52.271     0     0 I IPv6    : ADDRCONF(NETDEV_CHANGE): wlan1: link becomes ready
02-20 20:16:52.272     0     0 D ieee80211 phy1: mac80211_hwsim_configure_filter
02-20 20:16:52.333  1374  1374 W ACodec  : do not know color format 0x7f000789 = 2130708361
02-20 20:16:52.333  1313  1324 E SurfaceFlinger: ro.sf.lcd_density must be defined as a build property
02-20 20:16:52.337  1657  1657 E BluetoothAdapter: Bluetooth binder is null
02-20 20:16:52.339  1374  1374 I MediaPlayerService: MediaPlayerService::getOMX
02-20 20:16:52.339  1374  1374 I OMXClient: MuxOMX ctor
02-20 20:16:52.339  1371  1417 I OMXMaster: makeComponentInstance(OMX.google.mpeg4.encoder) in mediacodec process
02-20 20:16:52.347  1657  1657 I Telecom : Class: TelecomSystem.INSTANCE being set
02-20 20:16:52.347  1657  1657 E BluetoothAdapter: Bluetooth binder is null
02-20 20:16:52.349  1928  1928 D         : HostConnection::get() New Host Connection established 0x758a667f8e20, tid 1928
02-20 20:16:52.349  1657  1657 W ContextImpl: Calling a method in the system process without a qualified user: android.app.ContextImpl.startService:1357 com.android.server.content.SyncManager$13.run:658 android.os.Handler.handleCallback:751 android.os.Handler.dispatchMessage:95 android.os.Looper.loop:154 
02-20 20:16:52.349  1657  1969 E ActivityThread: Failed to find provider info for call_log
02-20 20:16:52.357  1918  1918 W System  : ClassLoader referenced unknown path: /system/priv-app/TelephonyProvider/lib/x86_64
02-20 20:16:52.358  1918  1918 D ApplicationLoaders: ignored Vulkan layer search path /system/priv-app/TelephonyProvider/lib/x86_64:/system/lib64:/vendor/lib64 for namespace 0x758a753660f0
02-20 20:16:52.387  1371  1417 I SoftMPEG4Encoder: Construct SoftMPEG4Encoder
02-20 20:16:52.387  1374  1374 W ACodec  : do not know color format 0x7f000789 = 2130708361
02-20 20:16:52.387  1371  1371 E OMXNodeInstance: getConfig(55b0017:google.mpeg4.encoder, ConfigAndroidIntraRefresh(0x6f60000a)) ERROR: Undefined(0x80001001)
02-20 20:16:52.392  1374  1374 I MediaPlayerService: MediaPlayerService::getOMX
02-20 20:16:52.392  1374  1374 I OMXClient: MuxOMX ctor
02-20 20:16:52.393  1371  1417 I OMXMaster: makeComponentInstance(OMX.google.vp8.encoder) in mediacodec process
02-20 20:16:52.395  1657  1857 I stream_devices_changed: [0,0,2]
02-20 20:16:52.399  1657  1857 I stream_devices_changed: [2,0,2]
02-20 20:16:52.399  1657  1857 I stream_devices_changed: [3,0,2]
02-20 20:16:52.399  1657  1857 I stream_devices_changed: [6,0,2]
02-20 20:16:52.401  1657  1857 I stream_devices_changed: [4,0,2]
02-20 20:16:52.401  1769  1914 I vol.Events: writeEvent level_changed STREAM_ALARM 6
02-20 20:16:52.402  1769  1914 I vol.Events: writeEvent level_changed STREAM_BLUETOOTH_SCO 7
02-20 20:16:52.402  1769  1914 I vol.Events: writeEvent level_changed STREAM_MUSIC 11
02-20 20:16:52.403  1769  1914 I vol.Events: writeEvent level_changed STREAM_RING 5
02-20 20:16:52.403  1769  1914 I vol.Events: writeEvent level_changed STREAM_SYSTEM 5
02-20 20:16:52.404  1769  1914 I vol.Events: writeEvent level_changed STREAM_VOICE_CALL 4
02-20 20:16:52.408  1657  1964 I Telecom : CallAudioModeStateMachine: Message received: null.: TS.init->CAMSM.pM_1@AAA_0
02-20 20:16:52.418  1918  1918 D TelephonyProvider: dbh.onOpen: ok, queried table=siminfo
02-20 20:16:52.418  1918  1918 D TelephonyProvider: dbh.onOpen: ok, queried table=carriers
02-20 20:16:52.432  1657  1657 W System  : ClassLoader referenced unknown path: /system/priv-app/FusedLocation/lib/x86_64
02-20 20:16:52.433  1657  1657 D ApplicationLoaders: ignored Vulkan layer search path /system/priv-app/FusedLocation/lib/x86_64:/system/priv-app/FusedLocation/FusedLocation.apk!/lib/x86_64:/system/lib64:/vendor/lib64 for namespace 0x758a753d1240
02-20 20:16:52.448  1374  1374 W ACodec  : do not know color format 0x7f000789 = 2130708361
02-20 20:16:52.448  1371  1371 E OMXNodeInstance: getConfig(55b0018:google.vp8.encoder, ConfigAndroidIntraRefresh(0x6f60000a)) ERROR: Undefined(0x80001001)
02-20 20:16:52.456  1374  1374 I MediaPlayerService: MediaPlayerService::getOMX
02-20 20:16:52.456  1374  1374 I OMXClient: MuxOMX ctor
02-20 20:16:52.458  1374  1374 I MediaPlayerService: MediaPlayerService::getOMX
02-20 20:16:52.458  1374  1374 I OMXClient: MuxOMX ctor
02-20 20:16:52.458  1374  1374 W MediaCodecList: unable to open media codecs configuration xml file: /data/misc/media/media_codecs_profiling_results.xml
02-20 20:16:52.459  1374  1838 I MediaPlayerService: MediaPlayerService::getOMX
02-20 20:16:52.459  1374  1903 I MediaPlayerService: MediaPlayerService::getOMX
02-20 20:16:52.460  1769  1897 I OMXClient: MuxOMX ctor
02-20 20:16:52.464  1657  1803 I OMXClient: MuxOMX ctor
02-20 20:16:52.464  1371  1417 I OMXMaster: makeComponentInstance(OMX.google.vorbis.decoder) in mediacodec process
02-20 20:16:52.465  1657  1657 D GpsNetInitiatedHandler: location enabled :true
02-20 20:16:52.465  1657  1657 V WiredAccessoryManager: notifyWiredAccessoryChanged: when=0 bits= mask=54
02-20 20:16:52.465  1657  1657 V WiredAccessoryManager: newName=h2w newState=0 headsetState=0 prev headsetState=0
02-20 20:16:52.465  1657  1657 E WiredAccessoryManager: No state change.
02-20 20:16:52.465  1657  1657 V WiredAccessoryManager: init()
02-20 20:16:52.473  1918  1918 D TDC     : updateOrInsert: inserting: Modem { uuid=modem, state=0, rilModel=0, rat={}, maxActiveVoiceCall=1, maxActiveDataCall=1, maxStandby=1 }
02-20 20:16:52.474  1918  1918 D TDC     : updateOrInsert: inserting: Sim { uuid=sim, modemUuid=modem, state=0 }
02-20 20:16:52.481  1928  1968 D         : HostConnection::get() New Host Connection established 0x758a667f8ee0, tid 1968
02-20 20:16:52.483  1928  1968 I OpenGLRenderer: Initialized EGL, version 1.4
02-20 20:16:52.483  1928  1968 D OpenGLRenderer: Swap behavior 1
02-20 20:16:52.499  1313  1326 E SurfaceFlinger: ro.sf.lcd_density must be defined as a build property
02-20 20:16:52.513  1928  1968 D EGL_emulation: eglCreateContext: 0x758a667767a0: maj 3 min 0 rcv 3
02-20 20:16:52.513  1918  1918 D CdmaSSM : subscriptionSource from settings: 0
02-20 20:16:52.513  1918  1918 I PhoneFactory: Cdma Subscription set to 0
02-20 20:16:52.515  1769  1769 D         : HostConnection::get() New Host Connection established 0x758a5600c480, tid 1769
02-20 20:16:52.519  1371  1835 I OMXMaster: makeComponentInstance(OMX.google.vorbis.decoder) in mediacodec process
02-20 20:16:52.539  1918  1918 I PhoneFactory: Network Mode set to 0
02-20 20:16:52.545  1918  1918 D RILJ    : RIL(context, preferredNetworkType=0 cdmaSubscription=0)
02-20 20:16:52.547  1918  1918 D RILJ    : Starting RILReceiver0 [SUB0]
02-20 20:16:52.550  1376  1460 I RILC    : libril: new connection to RIL_SOCKET_1
02-20 20:16:52.550  1376  1460 I RILC    : RIL Daemon version: android reference-ril 1.0
02-20 20:16:52.550  1918  2001 I RILJ    : (0) Connected to 'rild' socket
02-20 20:16:52.552  1918  2001 D RILJ    : [UNSL]< UNSOL_RIL_CONNECTED {12} [SUB0]
02-20 20:16:52.553  1918  1918 D RILJ    : [3648]> GET_HARDWARE_CONFIG [SUB0]
02-20 20:16:52.554  1918  1918 I PhoneFactory: Creating SubscriptionController
02-20 20:16:52.559  1918  1918 D SubscriptionController: [SubscriptionController] init by Context
02-20 20:16:52.563  1376  1460 D RIL     : onRequest: GET_HARDWARE_CONFIG
02-20 20:16:52.563  1918  2001 D RILJ    : [3649]> RADIO_POWER off [SUB0]
02-20 20:16:52.564  1376  1460 D RIL     : onRequest: RADIO_POWER
02-20 20:16:52.565  1918  2001 D RILJ    : [3650]> RIL_REQUEST_CDMA_SET_SUBSCRIPTION_SOURCE : 0 [SUB0]
02-20 20:16:52.565  1918  2001 D RILJ    : setCellInfoListRate: 2147483647 [SUB0]
02-20 20:16:52.565  1918  2001 D RILJ    : [3651]> RIL_REQUEST_SET_CELL_INFO_LIST_RATE [SUB0]
02-20 20:16:52.568  1918  1918 D UiccController: Creating UiccController
02-20 20:16:52.570  1918  1918 D TelephonyTester: register for intent action=com.android.internal.telephony.action_detached
02-20 20:16:52.570  1918  1918 D TelephonyTester: register for intent action=com.android.internal.telephony.action_attached
02-20 20:16:52.570  1376  1460 D RIL     : onRequest: CDMA_SET_SUBSCRIPTION_SOURCE
02-20 20:16:52.570  1376  1460 D RIL     : onRequest: SET_UNSOL_CELL_INFO_LIST_RATE
02-20 20:16:52.571  1918  2001 D RILJ    : [UNSL]< UNSOL_RESPONSE_RADIO_STATE_CHANGED RADIO_OFF [SUB0]
02-20 20:16:52.571  1918  2001 D RILJ    : [3652]> SCREEN_STATE: true [SUB0]
02-20 20:16:52.571  1918  2001 D RILJ    : [UNSL]< UNSOL_NITZ_TIME_RECEIVED 18/02/20:20:16:47+0:0:Unknown!Unknown [SUB0]
02-20 20:16:52.572  1376  1460 D RIL     : onRequest: SCREEN_STATE
02-20 20:16:52.572  1918  2001 D RilRequest: [3648]< GET_HARDWARE_CONFIG error: com.android.internal.telephony.CommandException: RADIO_NOT_AVAILABLE ret=
02-20 20:16:52.573  1918  2001 D RILJ    : [3649]< RADIO_POWER  [SUB0]
02-20 20:16:52.573  1918  2001 D RilRequest: [3650]< RIL_REQUEST_CDMA_SET_SUBSCRIPTION_SOURCE error: com.android.internal.telephony.CommandException: RADIO_NOT_AVAILABLE ret=
02-20 20:16:52.573  1918  2001 D RilRequest: [3651]< RIL_REQUEST_SET_CELL_INFO_LIST_RATE error: com.android.internal.telephony.CommandException: RADIO_NOT_AVAILABLE ret=
02-20 20:16:52.573  1918  2001 D RilRequest: [3652]< SCREEN_STATE error: com.android.internal.telephony.CommandException: RADIO_NOT_AVAILABLE ret=
02-20 20:16:52.576  1657  1657 I dvm_lock_sample: [system_server,1,main,61,PhoneWindowManager.java,2002,WindowAnimator.java,144,12]
02-20 20:16:52.577  1918  1918 D Phone   : mDoesRilSendMultipleCallRing=true
02-20 20:16:52.577  1918  1918 D Phone   : mCallRingDelay=3000
02-20 20:16:52.585  1918  1918 D RILJ    : [3653]> RIL_REQUEST_START_LCE [SUB0]
02-20 20:16:52.585  1374  1444 I MediaPlayerService: MediaPlayerService::getOMX
02-20 20:16:52.585  1374  1838 I MediaPlayerService: MediaPlayerService::getOMX
02-20 20:16:52.585  1769  2004 I OMXClient: MuxOMX ctor
02-20 20:16:52.585  1657  2003 I OMXClient: MuxOMX ctor
02-20 20:16:52.585  1371  1417 I OMXMaster: makeComponentInstance(OMX.google.vorbis.decoder) in mediacodec process
02-20 20:16:52.585  1657  1657 W VibratorService: Tried to stop vibrating but there is no vibrator device.
02-20 20:16:52.594  1928  1968 D EGL_emulation: eglMakeCurrent: 0x758a667767a0: ver 3 0 (tinfo 0x758a70c9c060)
02-20 20:16:52.598  1769  1769 D StorageNotification: Notifying about private volume: VolumeInfo{private}:
02-20 20:16:52.598  1769  1769 D StorageNotification:     type=PRIVATE diskId=null partGuid=null mountFlags=0 mountUserId=-1 
02-20 20:16:52.598  1769  1769 D StorageNotification:     state=MOUNTED 
02-20 20:16:52.598  1769  1769 D StorageNotification:     fsType=null fsUuid=null fsLabel=null 
02-20 20:16:52.598  1769  1769 D StorageNotification:     path=/data internalPath=null 
02-20 20:16:52.599  1376  1460 D RIL     : onRequest: <unknown request>
02-20 20:16:52.599  1918  2001 D RilRequest: [3653]< RIL_REQUEST_START_LCE error: com.android.internal.telephony.CommandException: RADIO_NOT_AVAILABLE ret=
02-20 20:16:52.600  1769  1769 D StorageNotification: Notifying about public volume: VolumeInfo{public:253,64}:
02-20 20:16:52.600  1769  1769 D StorageNotification:     type=PUBLIC diskId=disk:253,64 partGuid=null mountFlags=VISIBLE 
02-20 20:16:52.600  1769  1769 D StorageNotification:     mountUserId=0 state=MOUNTED 
02-20 20:16:52.600  1769  1769 D StorageNotification:     fsType=vfat fsUuid=1E12-0B12 fsLabel=SDCARD 
02-20 20:16:52.600  1769  1769 D StorageNotification:     path=/storage/1E12-0B12 internalPath=/mnt/media_rw/1E12-0B12 
02-20 20:16:52.620  1918  1918 E RIL_ImsSms: getFormat should never be called from here!
02-20 20:16:52.620  1918  1918 D SMSDispatcher: SMSDispatcher: ctor mSmsCapable=true format=unknown mSmsSendDisabled=false
02-20 20:16:52.620  1918  1918 D RIL_ImsSms: ImsSMSDispatcher created
02-20 20:16:52.620  1918  1918 D SMSDispatcher: SMSDispatcher: ctor mSmsCapable=true format=3gpp2 mSmsSendDisabled=false
02-20 20:16:52.620  1918  1918 D CdmaSMSDispatcher: CdmaSMSDispatcher created
02-20 20:16:52.629  1371  1999 I OMXMaster: makeComponentInstance(OMX.google.vorbis.decoder) in mediacodec process
02-20 20:16:52.630  1657  1657 D ConditionProviders.SCP: onSubscribe condition://android/schedule?days=6.7&start=23.30&end=10.0&exitAtAlarm=false
02-20 20:16:52.630  1657  1657 D ConditionProviders.SCP: setRegistered true
02-20 20:16:52.630  1657  1657 D ConditionProviders.SCP: notifyCondition condition://android/schedule?days=6.7&start=23.30&end=10.0&exitAtAlarm=false STATE_FALSE reason=!meetsSchedule
02-20 20:16:52.630  1657  1657 D ConditionProviders.SCP: Scheduling evaluate for Tue Feb 20 23:30:00 GMT+00:00 2018 (1519169400000), in +3h13m7s370ms, now=Tue Feb 20 20:16:52 GMT+00:00 2018 (1519157812630)
02-20 20:16:52.630  1657  1657 D ConditionProviders.SCP: onSubscribe condition://android/schedule?days=1.2.3.4.5&start=22.0&end=7.0&exitAtAlarm=false
02-20 20:16:52.630  1657  1657 D ConditionProviders.SCP: notifyCondition condition://android/schedule?days=6.7&start=23.30&end=10.0&exitAtAlarm=false STATE_FALSE reason=!meetsSchedule
02-20 20:16:52.630  1657  1657 D ConditionProviders.SCP: notifyCondition condition://android/schedule?days=1.2.3.4.5&start=22.0&end=7.0&exitAtAlarm=false STATE_FALSE reason=!meetsSchedule
02-20 20:16:52.633  1657  1731 I netstats_mobile_sample: [0,0,0,0,0,0,0,0,0,0,0,0,-1]
02-20 20:16:52.633  1657  1731 I netstats_wifi_sample: [0,0,0,0,0,0,0,0,0,0,0,0,-1]
02-20 20:16:52.634  1657  1657 D ConditionProviders.SCP: Scheduling evaluate for Tue Feb 20 22:00:00 GMT+00:00 2018 (1519164000000), in +1h43m7s370ms, now=Tue Feb 20 20:16:52 GMT+00:00 2018 (1519157812630)
02-20 20:16:52.635  1657  1657 I Telecom : WiredHeadsetManager: ACTION_HEADSET_PLUG event, plugged in: false, : WHC.oADA@AAE
02-20 20:16:52.662  1928  1968 D EGL_emulation: eglMakeCurrent: 0x758a667767a0: ver 3 0 (tinfo 0x758a70c9c060)
02-20 20:16:52.663  1657  1657 I ActivityManager: user 0 is still locked. Cannot load recents
02-20 20:16:52.688  1657  1657 D TelephonyRegistry: notifyCellLocationForSubscriber: subId=0 cellLocation=Bundle[{}]
02-20 20:16:52.689  1918  1949 D SubscriptionController: [getPhoneId]- no sims, returning default phoneId=2147483647
02-20 20:16:52.690  1657  1657 I notification_enqueue: [10028,1769,com.android.systemui,1397773634,public:253,64,-1,Notification(pri=0 contentView=null vibrate=null sound=null defaults=0x0 flags=0x100 color=0xff607d8b category=sys actions=2 vis=PUBLIC),0]
02-20 20:16:52.699  1918  1918 D GsmInboundSmsHandler: created InboundSmsHandler
02-20 20:16:52.731  1657  1693 I boot_progress_enable_screen: 10731
02-20 20:16:52.731  1657  1700 I am_activity_launch_time: [0,121222477,com.android.settings/.FallbackHome,601,601]
02-20 20:16:52.731  1657  1700 I ActivityManager: Displayed com.android.settings/.FallbackHome: +601ms
02-20 20:16:52.745  1374  1903 I MediaPlayerService: MediaPlayerService::getOMX
02-20 20:16:52.745  1769  2017 I OMXClient: MuxOMX ctor
02-20 20:16:52.745  1371  1371 I OMXMaster: makeComponentInstance(OMX.google.vorbis.decoder) in mediacodec process
02-20 20:16:52.761  1657  1693 V KeyguardServiceDelegate: *** Keyguard started
02-20 20:16:52.761  1657  1693 I screen_toggled: 1
02-20 20:16:52.768  1657  1693 W KeyguardServiceDelegate: onScreenTurningOn(): no keyguard service!
02-20 20:16:52.770  1374  1444 I MediaPlayerService: MediaPlayerService::getOMX
02-20 20:16:52.775  1657  2015 I OMXClient: MuxOMX ctor
02-20 20:16:52.778  1918  1918 D CdmaInboundSmsHandler: created InboundSmsHandler
02-20 20:16:52.795  1371  1835 I OMXMaster: makeComponentInstance(OMX.google.vorbis.decoder) in mediacodec process
02-20 20:16:52.802  1918  1918 D SMSDispatcher: SMSDispatcher: ctor mSmsCapable=true format=3gpp mSmsSendDisabled=false
02-20 20:16:52.802  1918  1918 D GsmSMSDispatcher: GsmSMSDispatcher created
02-20 20:16:52.803  1918  2011 D GsmInboundSmsHandler: StartupState.processMessage:6
02-20 20:16:52.803  1918  2011 D GsmInboundSmsHandler: entering Idle state
02-20 20:16:52.803  1918  2016 D CdmaInboundSmsHandler: StartupState.processMessage:6
02-20 20:16:52.803  1918  2016 D CdmaInboundSmsHandler: entering Idle state
02-20 20:16:52.805  1918  1918 D IccCardProxy: ctor: ci=com.android.internal.telephony.RIL@46bd496 phoneId=0
02-20 20:16:52.805  1918  1918 D CdmaSSM : subscriptionSource from settings: 0
02-20 20:16:52.805  1918  1918 D CdmaSSM : cdmaSSM constructor: 0
02-20 20:16:52.805  1918  1918 D IccCardProxy: update icc_operator_numeric=
02-20 20:16:52.806  1918  1918 D TelephonyManager: setTelephonyProperty: success phoneId=0 property=gsm.sim.operator.numeric value:  propVal=
02-20 20:16:52.806  1918  1918 D TelephonyManager: setTelephonyProperty: success phoneId=0 property=gsm.sim.operator.iso-country value:  propVal=
02-20 20:16:52.806  1918  1918 D TelephonyManager: setTelephonyProperty: success phoneId=0 property=gsm.sim.operator.alpha value:  propVal=
02-20 20:16:52.806  1918  1918 E IccCardProxy: setExternalState: set mPhoneId=0 mExternalState=NOT_READY
02-20 20:16:52.806  1918  1918 D TelephonyManager: setTelephonyProperty: success phoneId=0 property=gsm.sim.state value: NOT_READY propVal=NOT_READY
02-20 20:16:52.807  1918  1918 D IccCardProxy: broadcastIccStateChangedIntent intent ACTION_SIM_STATE_CHANGED value=NOT_READY reason=null for mPhoneId=0
02-20 20:16:52.818  1657  1693 I am_proc_start: [0,2024,10004,com.android.cellbroadcastreceiver,broadcast,com.android.cellbroadcastreceiver/.CellBroadcastReceiver]
02-20 20:16:52.818  1657  1693 I ActivityManager: Start proc 2024:com.android.cellbroadcastreceiver/u0a4 for broadcast com.android.cellbroadcastreceiver/.CellBroadcastReceiver
02-20 20:16:52.819  1918  1918 D RILJ    : setPhoneType=1 old value=0 [SUB0]
02-20 20:16:52.819  1918  1918 D TelephonyManager: setTelephonyProperty: success phoneId=0 property=gsm.current.phone-type value: 1 propVal=1
02-20 20:16:52.819  1918  1918 D IccCardProxy: Setting radio tech UMTS
02-20 20:16:52.819  1918  1918 D IccCardProxy: updateQuietMode: 3GPP subscription -> newQuietMode=false
02-20 20:16:52.819  1918  1918 D IccCardProxy: updateQuietMode: no changes don't setExternalState
02-20 20:16:52.819  1918  1918 D IccCardProxy: updateQuietMode: QuietMode is false (app_type=1 cdmaSource=-1)
02-20 20:16:52.822  1918  1918 W CarrierConfigManager: Error getting config for subId -1 ICarrierConfigLoader is null
02-20 20:16:52.822  1657  1691 D TelephonyRegistry: listen oscl: hasNotifySubscriptionInfoChangedOccurred==false no callback
02-20 20:16:52.824  2024  2024 W art     : Unexpected CPU variant for X86 using defaults: x86_64
02-20 20:16:52.826  1918  1918 D TelephonyManager: setTelephonyProperty: success phoneId=0 property=gsm.network.type value: Unknown propVal=Unknown
02-20 20:16:52.826  1918  1918 D RILJ    : [3654]> SIGNAL_STRENGTH [SUB0]
02-20 20:16:52.827  1376  1460 D RIL     : onRequest: SIGNAL_STRENGTH
02-20 20:16:52.827  1918  2001 D RilRequest: [3654]< SIGNAL_STRENGTH error: com.android.internal.telephony.CommandException: RADIO_NOT_AVAILABLE ret=
02-20 20:16:52.827  1918  1918 D SST     : notifyDataRegStateRilRadioTechnologyChanged: drs=1 rat=0
02-20 20:16:52.827  1918  1918 D TelephonyManager: setTelephonyProperty: success phoneId=0 property=gsm.network.type value: Unknown propVal=Unknown
02-20 20:16:52.848  1374  1903 I MediaPlayerService: MediaPlayerService::getOMX
02-20 20:16:52.850  1657  2031 I OMXClient: MuxOMX ctor
