02-20 20:18:05.028  1914  1914 D DCT     : [0]setupDataOnConnectableApns: nwTypeChanged hipri:[state=IDLE,enabled=false] mms:[state=IDLE,enabled=false] supl:[state=IDLE,enabled=false] ia:[state=IDLE,enabled=false] fota:[state=IDLE,enabled=false] ims:[state=IDLE,enabled=false] cbs:[state=IDLE,enabled=false] default:[state=IDLE,enabled=false] emergency:[state=IDLE,enabled=false] 
02-20 20:18:05.028  1914  1914 D PhoneSwitcherNetworkRequstListener: got request NetworkRequest [ REQUEST id=1, [ Capabilities: INTERNET&NOT_RESTRICTED&TRUSTED&NOT_VPN] ] with score 0
02-20 20:18:05.035  1914  1914 D TelephonyNetworkFactory[0]: onSubIdChange -1->-2
02-20 20:18:05.046  2192  2192 W art     : Unexpected CPU variant for X86 using defaults: x86_64
02-20 20:18:05.047  1914  1914 D TelephonyNetworkFactory[0]: got request NetworkRequest [ REQUEST id=1, [ Capabilities: INTERNET&NOT_RESTRICTED&TRUSTED&NOT_VPN] ] with score 0
02-20 20:18:05.049  1914  1914 D DebugService: DebugService DebugService:
02-20 20:18:05.049  1914  1914 D TelephonyDebugService: TelephonyDebugService()
02-20 20:18:05.058  1764  1764 E BluetoothAdapter: Bluetooth binder is null
02-20 20:18:05.061  1659  1747 I am_proc_start: [0,2200,1000,com.android.keychain,service,com.android.keychain/.KeyChainService]
02-20 20:18:05.061  1659  1747 I ActivityManager: Start proc 2200:com.android.keychain/1000 for service com.android.keychain/.KeyChainService
02-20 20:18:05.083  2164  2164 V Launcher: LauncherAppState inited
02-20 20:18:05.100  2200  2200 W art     : Unexpected CPU variant for X86 using defaults: x86_64
02-20 20:18:05.100  1659  1687 I am_proc_bound: [0,2192,com.android.printspooler]
02-20 20:18:05.107  1764  1764 I CameraManagerGlobal: Connecting to camera service
02-20 20:18:05.109  2179  2179 W System  : ClassLoader referenced unknown path: /system/priv-app/CalendarProvider/lib/x86_64
02-20 20:18:05.116  2081  2081 W System  : ClassLoader referenced unknown path: /system/app/UserDictionaryProvider/lib/x86_64
02-20 20:18:05.117  2081  2081 D ApplicationLoaders: ignored Vulkan layer search path /system/app/UserDictionaryProvider/lib/x86_64:/system/lib64:/vendor/lib64 for namespace 0x77aef345f160
02-20 20:18:05.118  1367  1367 V EmulatedCamera_Camera: getCameraInfo
02-20 20:18:05.118  1367  1367 V EmulatedCamera_BaseCamera: getCameraInfo
02-20 20:18:05.118  1367  1367 I CameraService: getCameraCharacteristics: Switching to HAL1 shim implementation...
02-20 20:18:05.118  1367  1367 V EmulatedCamera_Camera: getCameraInfo
02-20 20:18:05.118  1367  1367 V EmulatedCamera_BaseCamera: getCameraInfo
02-20 20:18:05.118  1367  1367 I CameraService: CameraService::connect call (PID -1 "cameraserver", camera ID 0) for HAL version default and Camera API version 1
02-20 20:18:05.127  1367  1367 E CameraService: getCameraPriorityFromProcState: Received invalid process state -1 from ActivityManagerService!
02-20 20:18:05.127  1367  1367 V EmulatedCamera_Camera: getCameraInfo
02-20 20:18:05.127  1367  1367 V EmulatedCamera_BaseCamera: getCameraInfo
02-20 20:18:05.137  1914  1914 D SubscriptionInfoUpdater: [Receiver]+
02-20 20:18:05.137  1914  1914 D SubscriptionInfoUpdater: Action: android.intent.action.SIM_STATE_CHANGED
02-20 20:18:05.137  1914  1914 D SubscriptionInfoUpdater: slotId: 0
02-20 20:18:05.137  1914  1914 D SubscriptionInfoUpdater: simStatus: NOT_READY
02-20 20:18:05.137  1914  1914 D SubscriptionInfoUpdater: Ignoring simStatus: NOT_READY
02-20 20:18:05.137  1914  1914 D SubscriptionInfoUpdater: [Receiver]-
02-20 20:18:05.151  1914  1914 D CarrierConfigLoader: mHandler: 12 phoneId: 0
02-20 20:18:05.151  1914  1914 D RILJ    : [3671]> RIL_REQUEST_QUERY_TTY_MODE [SUB0]
02-20 20:18:05.152  1376  1475 D RIL     : onRequest: QUERY_TTY_MODE
02-20 20:18:05.152  1376  1475 D RIL     : Request not supported. Tech: 1
02-20 20:18:05.152  1914  2015 D RilRequest: [3671]< RIL_REQUEST_QUERY_TTY_MODE error: com.android.internal.telephony.CommandException: REQUEST_NOT_SUPPORTED ret=
02-20 20:18:05.152  1914  1914 D UiccController: Received EVENT_GET_ICC_STATUS_DONE
02-20 20:18:05.152  1914  1914 D UiccCard: 2 applications
02-20 20:18:05.152  1914  1914 D UiccCardApplication: Creating UiccApp: {APPTYPE_SIM,APPSTATE_DETECTED}
02-20 20:18:05.155  1914  1914 W VoiceMailConstants: Can't open /system/etc/voicemail-conf.xml
02-20 20:18:05.155  1914  1914 D SpnOverride: No SPN in OEM image = /oem/telephony/spn-conf.xml Load SPN from system image
02-20 20:18:05.155  1914  1914 W SpnOverride: Can not open /system/etc/spn-conf.xml
02-20 20:18:05.155  1914  1914 D SIMRecords: [SIMRecords] setting0 mMncLength-1
02-20 20:18:05.155  1914  1914 D SIMRecords: [SIMRecords] SIMRecords: onRadioOffOrNotAvailable set 'gsm.sim.operator.numeric' to operator=null
02-20 20:18:05.155  1914  1914 D SIMRecords: [SIMRecords] update icc_operator_numeric=null
02-20 20:18:05.155  1914  1914 D TelephonyManager: setTelephonyProperty: success phoneId=0 property=gsm.sim.operator.numeric value:  propVal=
02-20 20:18:05.155  1914  1914 D TelephonyManager: setTelephonyProperty: success phoneId=0 property=gsm.sim.operator.alpha value:  propVal=
02-20 20:18:05.155  1914  1914 D TelephonyManager: setTelephonyProperty: success phoneId=0 property=gsm.sim.operator.iso-country value:  propVal=
02-20 20:18:05.156  1914  1914 D SIMRecords: [SIMRecords] getOperatorNumeric: IMSI == null
02-20 20:18:04.142     0     0 D ieee80211 phy0: mac80211_hwsim_config (freq=0 idle=1 ps=0 smps=auto)
02-20 20:18:04.142     0     0 D ieee80211 phy0: hwsim hw_scan request
02-20 20:18:04.142     0     0 D ieee80211 phy0: hw scan 2412 MHz
02-20 20:18:04.171     0     0 D ieee80211 phy0: hw scan 2417 MHz
02-20 20:18:04.180     0     0 D ieee80211 phy1: mac80211_hwsim_configure_filter
02-20 20:18:04.200     0     0 D ieee80211 phy0: hw scan 2422 MHz
02-20 20:18:04.233     0     0 D ieee80211 phy0: hw scan 2427 MHz
02-20 20:18:04.263     0     0 D ieee80211 phy0: hw scan 2432 MHz
02-20 20:18:04.302     0     0 D ieee80211 phy0: hw scan 2437 MHz
02-20 20:18:04.342     0     0 D ieee80211 phy0: hw scan 2442 MHz
02-20 20:18:04.376     0     0 D ieee80211 phy0: hw scan 2447 MHz
02-20 20:18:04.401     0     0 D ieee80211 phy0: hw scan 2452 MHz
02-20 20:18:04.431     0     0 D ieee80211 phy0: hw scan 2457 MHz
02-20 20:18:04.460     0     0 D ieee80211 phy0: hw scan 2462 MHz
02-20 20:18:05.165  1659  2080 D TelephonyRegistry: listen oscl: hasNotifySubscriptionInfoChangedOccurred==false no callback
02-20 20:18:05.165  1659  1687 I am_proc_bound: [0,2200,com.android.keychain]
02-20 20:18:05.166  1374  2225 E WVMExtractor: Failed to open libwvm.so: dlopen failed: library "libwvm.so" not found
02-20 20:18:05.169  1659  1735 D WIFI    : Registering NetworkFactory
02-20 20:18:05.169  1659  1735 D WIFI_UT : Registering NetworkFactory
02-20 20:18:05.169  1659  1739 D ConnectivityService: Got NetworkFactory Messenger for WIFI
02-20 20:18:05.169  1659  1739 D ConnectivityService: Got NetworkFactory Messenger for WIFI_UT
02-20 20:18:05.170  1659  1735 D WIFI    : got request NetworkRequest [ REQUEST id=1, [ Capabilities: INTERNET&NOT_RESTRICTED&TRUSTED&NOT_VPN] ] with score 0
02-20 20:18:05.170  1659  1735 I WifiConnectivityManager: Set WiFiConnectivityManager enabled
02-20 20:18:05.177  1374  2223 D NuPlayerDriver: notifyListener_l(0xe6f12480), (1, 0, 0), loop setting(0, 0)
02-20 20:18:05.185  2200  2200 W System  : ClassLoader referenced unknown path: /system/app/KeyChain/lib/x86_64
02-20 20:18:05.205  1659  1659 I am_proc_start: [0,2229,10067,com.google.android.deskclock,broadcast,com.google.android.deskclock/com.android.deskclock.AlarmInitReceiver]
02-20 20:18:05.205  1659  1659 I ActivityManager: Start proc 2229:com.google.android.deskclock/u0a67 for broadcast com.google.android.deskclock/com.android.deskclock.AlarmInitReceiver
02-20 20:18:05.205  1659  1693 W WindowManager: Keyguard drawn timeout. Setting mKeyguardDrawComplete
02-20 20:18:05.206  1914  1914 D UiccCardApplication: Creating UiccApp: {APPTYPE_RUIM,APPSTATE_DETECTED}
02-20 20:18:05.206  1914  1914 D RuimRecords: [RuimRecords] setting0 mMncLength-1
02-20 20:18:05.206  1914  1914 D RuimRecords: [RuimRecords] RuimRecords X ctor this=RuimRecords: mDestroyed=false mContext=com.android.phone.PhoneGlobals@434a035 mCi=com.android.internal.telephony.RIL@e8a8c61 mFh=Handler (com.android.internal.telephony.uicc.RuimFileHandler) {8585ee9} mParentApp=com.android.internal.telephony.uicc.UiccCardApplication@bc1976e recordsLoadedRegistrants=android.os.RegistrantList@aa52e0f mImsiReadyRegistrants=android.os.RegistrantList@af75e9c mRecordsEventsRegistrants=android.os.RegistrantList@2cf00a5 mNewSmsRegistrants=android.os.RegistrantList@8f3bc7a mNetworkSelectionModeAutomaticRegistrants=android.os.RegistrantList@3909c2b recordsToLoad=0 adnCache=Handler (com.android.internal.telephony.uicc.AdnRecordCache) {869c888} recordsRequested=false iccid=null msisdnTag=null voiceMailNum=null voiceMailTag=null voiceMailNum=null newVoiceMailTag=null isVoiceMailFixed=false mImsi=null mncLength=-1 mailboxIndex=0 spn=null m_ota_commitedfalse mMyMobileNumber=xxxx mMin2Min1=null mPrlVersion=null mEFpl=null mEFli=null mCsimSpnDisplayCondition=false mMdn=null mMin=null mHomeSystemId=null mHomeNetworkId=null
02-20 20:18:05.210  1659  1735 D WIFI_UT : got request NetworkRequest [ REQUEST id=1, [ Capabilities: INTERNET&NOT_RESTRICTED&TRUSTED&NOT_VPN] ] with score 0
02-20 20:18:05.265  2099  2099 I LoadedApk: No resource references to update in package FFFFFFFFFFFFFFFFFFFFFF
02-20 20:18:05.273  2229  2229 W art     : Unexpected CPU variant for X86 using defaults: x86_64
02-20 20:18:05.273  1914  1914 D CAT     : CatService: registerForRecordsLoaded slotid=0 instance:Handler (com.android.internal.telephony.cat.CatService) {4cd9f5d}
02-20 20:18:05.273  1914  1914 D CAT     : CatService: Running CAT service on Slotid: 0. STK app installed:false
02-20 20:18:05.273  1914  1914 D UiccCard: Before privilege rules: null : CARDSTATE_PRESENT
02-20 20:18:05.274  1914  1914 D RILJ    : [3672]> RIL_REQUEST_SIM_OPEN_CHANNEL [SUB0]
02-20 20:18:05.274  1376  1475 D RIL     : onRequest: SIM_OPEN_CHANNEL
02-20 20:18:04.490     0     0 D ieee80211 phy0: hw scan 2467 MHz
02-20 20:18:05.274  1376  1475 D AT      : AT> AT+CCHO=A00000015141434C00
02-20 20:18:05.274  1914  1914 E UiccCard: App index 8 is invalid since there are no applications
02-20 20:18:05.274  1914  1914 D UiccCard: update: radioState=RADIO_ON mLastRadioState=RADIO_UNAVAILABLE
02-20 20:18:05.274  1914  1914 D UiccController: Notifying IccChangedRegistrants
02-20 20:18:05.276  1914  1914 D GsmCdmaPhone: get phone radio capability fail, no need to change mRadioCapability
02-20 20:18:05.276  1914  1914 D GsmCdmaPhone: EVENT_GET_RADIO_CAPABILITY: phone rc: null
02-20 20:18:05.276  1914  1914 D Phone   : config LCE service failed: com.android.internal.telephony.CommandException: RADIO_NOT_AVAILABLE
02-20 20:18:05.276  1914  1914 D SST     : mDeviceShuttingDown=false, mDesiredPowerState=true, getRadioState=RADIO_ON, mPowerOffDelayNeed=true, mAlarmSwitch=false, mRadioDisabledByCarrier=false
02-20 20:18:05.276  1914  1914 D RILJ    : [3673]> OPERATOR [SUB0]
02-20 20:18:05.276  1914  1914 D RILJ    : [3674]> DATA_REGISTRATION_STATE [SUB0]
02-20 20:18:05.276  1914  1914 D RILJ    : [3675]> VOICE_REGISTRATION_STATE [SUB0]
02-20 20:18:05.276  1914  1914 D RILJ    : [3676]> QUERY_NETWORK_SELECTION_MODE [SUB0]
02-20 20:18:05.276  1914  1914 D RILJ    : [3677]> GET_CURRENT_CALLS [SUB0]
02-20 20:18:05.277  1914  1914 D RILJ    : [3678]> RIL_REQUEST_IMS_REGISTRATION_STATE [SUB0]
02-20 20:18:05.277  1914  1914 D RILJ    : [3679]> RIL_REQUEST_CDMA_GET_SUBSCRIPTION_SOURCE [SUB0]
02-20 20:18:05.277  1914  1914 D GsmCdmaPhone: [GsmCdmaPhone] Event EVENT_RADIO_ON Received
02-20 20:18:05.277  1914  1914 D RILJ    : [3680]> RIL_REQUEST_VOICE_RADIO_TECH [SUB0]
02-20 20:18:05.277  1914  1914 D UiccController: Received EVENT_ICC_STATUS_CHANGED, calling getIccCardStatus
02-20 20:18:05.277  1914  1914 D RILJ    : [3681]> GET_SIM_STATUS [SUB0]
02-20 20:18:05.277  1914  1914 D SST     : EVENT_POLL_STATE_NETWORK_SELECTION_MODE
02-20 20:18:05.277  1914  1914 D SST     : EVENT_POLL_STATE_NETWORK_SELECTION_MODE
02-20 20:18:05.278  1914  1914 D WAP PUSH: Received broadcast android.intent.action.USER_UNLOCKED
02-20 20:18:05.278  1914  1914 D WAP PUSH: Received broadcast android.intent.action.USER_UNLOCKED
02-20 20:18:05.278  1914  1914 D SmsBroadcastUndelivered: Received broadcast android.intent.action.USER_UNLOCKED
02-20 20:18:05.278  1914  1914 D SubscriptionInfoUpdater: [Receiver]+
02-20 20:18:05.278  1914  1914 D SubscriptionInfoUpdater: Action: android.intent.action.USER_UNLOCKED
02-20 20:18:05.278  1914  1914 D SubscriptionInfoUpdater: Broadcasting intent ACTION_SIM_STATE_CHANGED for mCardIndex: 0
02-20 20:18:05.278  1376  1477 D AT      : AT< 1
02-20 20:18:05.278  1376  1477 D AT      : AT< OK
02-20 20:18:05.279  1376  1475 D RIL     : onRequest: OPERATOR
02-20 20:18:05.279  1376  1475 D AT      : AT> AT+COPS=3,0;+COPS?;+COPS=3,1;+COPS?;+COPS=3,2;+COPS?
02-20 20:18:05.279  1914  2015 D RILJ    : [3672]< RIL_REQUEST_SIM_OPEN_CHANNEL  [SUB0]
02-20 20:18:05.279  1376  1477 D AT      : AT< +COPS: 0,0,"Android"
02-20 20:18:05.279  1376  1477 D AT      : AT< +COPS: 0,1,"Android"
02-20 20:18:05.279  1376  1477 D AT      : AT< +COPS: 0,2,"310260"
02-20 20:18:05.279  1376  1477 D AT      : AT< OK
02-20 20:18:05.279  1376  1475 D RIL     : onRequest: DATA_REGISTRATION_STATE
02-20 20:18:05.279  1376  1475 D RIL     : requestRegistrationState
02-20 20:18:05.279  1376  1475 D AT      : AT> AT+CGREG?
02-20 20:18:05.279  1914  2015 D RILJ    : [3673]< OPERATOR {Android, Android, 310260} [SUB0]
02-20 20:18:05.279  1914  1914 D SubscriptionInfoUpdater: [Receiver]-
02-20 20:18:05.279  1914  1914 D CarrierSvcBindHelper: Received android.intent.action.USER_UNLOCKED
02-20 20:18:05.279  1376  1477 D AT      : AT< +CGREG: 1,1,"0003","005b","000e"
02-20 20:18:05.279  1376  1477 D AT      : AT< OK
02-20 20:18:05.280  1376  1475 D RIL     : parseRegistrationState. Parsing: +CGREG: 1,1,"0003","005b","000e"
02-20 20:18:05.280  1376  1475 D RIL     : registration state type: 3GPP
02-20 20:18:05.281  1376  1475 D RIL     : onRequest: VOICE_REGISTRATION_STATE
02-20 20:18:05.281  1376  1475 D RIL     : requestRegistrationState
02-20 20:18:05.281  1376  1475 D AT      : AT> AT+CREG?
02-20 20:18:05.281  1914  2015 D RILJ    : [3674]< DATA_REGISTRATION_STATE {1, 3, 5b, 14, null, null} [SUB0]
02-20 20:18:05.281  1376  1477 D AT      : AT< +CREG: 2,1, "0003", "005b"
02-20 20:18:05.281  1376  1477 D AT      : AT< OK
02-20 20:18:05.281  1376  1475 D RIL     : parseRegistrationState. Parsing: +CREG: 2,1, "0003", "005b"
02-20 20:18:05.281  1376  1475 D RIL     : registration state type: 3GPP
02-20 20:18:05.281  1376  1475 D RIL     : onRequest: QUERY_NETWORK_SELECTION_MODE
02-20 20:18:05.281  1376  1475 D AT      : AT> AT+COPS?
02-20 20:18:05.281  1376  1477 D AT      : AT< +COPS: 0,2,310260
02-20 20:18:05.281  1376  1477 D AT      : AT< OK
02-20 20:18:05.281  1914  2015 D RILJ    : [3675]< VOICE_REGISTRATION_STATE {1, 3, 5b, 0, null, null, null, null, null, null, null, null, null, null, null} [SUB0]
02-20 20:18:05.283  1374  2227 D NuPlayerDriver: notifyListener_l(0xe6f12540), (1, 0, 0), loop setting(0, 0)
02-20 20:18:05.292  1914  1914 D CarrierSvcBindHelper: No carrier app for: 0
02-20 20:18:05.294  1376  1475 D RIL     : onRequest: GET_CURRENT_CALLS
02-20 20:18:05.294  1376  1475 D AT      : AT> AT+CLCC
02-20 20:18:05.295  1376  1477 D AT      : AT< OK
02-20 20:18:05.295  1914  2015 D RILJ    : [3676]< QUERY_NETWORK_SELECTION_MODE {0} [SUB0]
02-20 20:18:05.296  1376  1475 D RIL     : onRequest: IMS_REGISTRATION_STATE
02-20 20:18:05.296  1376  1475 D RIL     : IMS_REGISTRATION=0, format=1 
02-20 20:18:05.296  1376  1475 D RIL     : onRequest: CDMA_GET_SUBSCRIPTION_SOURCE
02-20 20:18:05.296  1376  1475 D RIL     : Request not supported. Tech: 1
02-20 20:18:05.296  1376  1475 D RIL     : onRequest: VOICE_RADIO_TECH
02-20 20:18:05.296  1376  1475 D RIL     : onRequest: GET_SIM_STATUS
02-20 20:18:05.296  1376  1475 D RIL     : getSIMStatus(). sState: 10
02-20 20:18:05.296  1376  1475 D AT      : AT> AT+CPIN?
02-20 20:18:05.296  1376  1477 D AT      : AT< +CPIN: READY
02-20 20:18:05.296  1376  1477 D AT      : AT< OK
02-20 20:18:05.297  1914  2015 D RILJ    : [3677]< GET_CURRENT_CALLS {} [SUB0]
02-20 20:18:05.297  1914  2244 D SmsBroadcastUndelivered: scanning raw table for undelivered messages
02-20 20:18:05.297  1914  2015 D RILJ    : [3678]< RIL_REQUEST_IMS_REGISTRATION_STATE {0, 1} [SUB0]
02-20 20:18:05.297  1914  2015 D RilRequest: [3679]< RIL_REQUEST_CDMA_GET_SUBSCRIPTION_SOURCE error: com.android.internal.telephony.CommandException: REQUEST_NOT_SUPPORTED ret=
02-20 20:18:05.297  1914  2015 D RILJ    : [3680]< RIL_REQUEST_VOICE_RADIO_TECH {11} [SUB0]
02-20 20:18:05.297  1914  2243 E WAP PUSH: bindService() for wappush manager failed
02-20 20:18:05.297  1914  2015 D RILJ    : [3681]< GET_SIM_STATUS IccCardState {CARDSTATE_PRESENT,PINSTATE_UNKNOWN,num_apps=2,gsm_id=0{APPTYPE_SIM,APPSTATE_READY},cdma_id=1{APPTYPE_RUIM,APPSTATE_READY},ims_id=8} [SUB0]
02-20 20:18:05.297  1914  2242 E WAP PUSH: bindService() for wappush manager failed
02-20 20:18:05.299  1914  1914 D PhoneSwitcher: evaluating due to netRequest default 0->1 phone[0] 0->-2
02-20 20:18:05.300  1914  1914 D TelephonyNetworkFactory[0]: not acting - isApp=false, isAct=false NetworkRequest [ REQUEST id=1, [ Capabilities: INTERNET&NOT_RESTRICTED&TRUSTED&NOT_VPN] ]
02-20 20:18:05.300  1914  1914 D DCT     : [0]NETWORK_STATE_CHANGED_ACTION: mIsWifiConnected=false
02-20 20:18:05.300  1914  1914 D CAT     : CatService: handleMessage[8]
02-20 20:18:05.300  1914  1914 D CAT     : CatService: MSG_ID_ICC_CHANGED
02-20 20:18:05.300  1914  1914 D CAT     : CatService: New Card State = CARDSTATE_PRESENT Old Card State = CARDSTATE_ABSENT
02-20 20:18:05.302  1914  1914 D RILJ    : [3682]> RIL_REQUEST_REPORT_STK_SERVICE_IS_RUNNING [SUB0]
02-20 20:18:05.303  1376  1475 D RIL     : onRequest: REPORT_STK_SERVICE_IS_RUNNING
02-20 20:18:05.303  1376  1475 D RIL     : Request not supported. Tech: 1
02-20 20:18:05.306  1914  2015 D RilRequest: [3682]< RIL_REQUEST_REPORT_STK_SERVICE_IS_RUNNING error: com.android.internal.telephony.CommandException: REQUEST_NOT_SUPPORTED ret=
02-20 20:18:05.307  1914  1914 D GsmCdmaPhone: [GsmCdmaPhone] New Uicc application found. type = APPTYPE_SIM
02-20 20:18:05.307  1914  1914 D GsmSMSDispatcher: GsmSMSDispatcher: subId = -2 slotId = 0
02-20 20:18:05.307  1914  1914 D GsmSMSDispatcher: New Uicc application found
02-20 20:18:05.307  1914  1914 D IccCardProxy: Icc changed. Reregestering.
02-20 20:18:05.307  1914  1914 D SST     : New card found
02-20 20:18:05.307  1914  1914 D CAT     : CatService: handleMessage[8]
02-20 20:18:05.307  1914  1914 D CAT     : CatService: MSG_ID_ICC_CHANGED
02-20 20:18:05.307  1914  1914 D CAT     : CatService: New Card State = CARDSTATE_PRESENT Old Card State = CARDSTATE_PRESENT
02-20 20:18:05.307  1914  1914 D SubscriptionInfoUpdater: [Receiver]+
02-20 20:18:05.307  1914  1914 D SubscriptionInfoUpdater: Action: android.intent.action.SIM_STATE_CHANGED
02-20 20:18:05.307  1914  1914 D SubscriptionInfoUpdater: slotId: 0
02-20 20:18:05.307  1914  1914 D SubscriptionInfoUpdater: simStatus: NOT_READY
02-20 20:18:05.307  1914  1914 D SubscriptionInfoUpdater: Ignoring simStatus: NOT_READY
02-20 20:18:05.307  1914  1914 D SubscriptionInfoUpdater: [Receiver]-
02-20 20:18:05.307  1914  1914 E SST     : error parsing GprsRegistrationState: java.lang.NumberFormatException: null
02-20 20:18:05.307  1914  1914 D SST     : handlPollStateResultMessage: GsmSST setDataRegState=0 regState=1 dataRadioTechnology=14
02-20 20:18:05.307  1914  1914 D SST     : EVENT_POLL_STATE_NETWORK_SELECTION_MODE
02-20 20:18:05.313  1914  1914 D SST     : Poll ServiceState done:  oldSS=[1 1 voice home data home null null null null null null  Unknown Unknown CSS not supported 0 0 RoamInd=0 DefRoamInd=0 EmergOnly=false IsDataRoamingFromRegistration=false IsUsingCarrierAggregation=false] newSS=[0 0 voice home data home Android Android 310260 Android Android 310260  Unknown LTE CSS not supported -1 -1 RoamInd=-1 DefRoamInd=-1 EmergOnly=false IsDataRoamingFromRegistration=false IsUsingCarrierAggregation=false] oldMaxDataCalls=1 mNewMaxDataCalls=1 oldReasonDataDenied=-1 mNewReasonDataDenied=-1
02-20 20:18:05.313  1914  1914 I gsm_service_state_change: [1,1,0,0]
02-20 20:18:05.313  1914  1914 D TelephonyManager: setTelephonyProperty: success phoneId=0 property=gsm.network.type value: LTE propVal=LTE
02-20 20:18:05.313  1914  1914 D SST     : pollStateDone: registering current mNitzUpdatedTime=true changing to false
02-20 20:18:05.313  1914  1914 D SIMRecords: [SIMRecords] getServiceProviderName: no brandOverride, providerName=null
02-20 20:18:05.313  1914  1914 D SIMRecords: [SIMRecords] getServiceProviderName: no brandOverride, providerName=null
02-20 20:18:05.313  1914  1914 D SST     : updateSpnDisplay: changed sending intent rule=2 showPlmn='true' plmn='Android' showSpn='false' spn='null' dataSpn='null' subId='-2'
02-20 20:18:05.315  1914  1914 D SubscriptionController: [setPlmnSpn] No valid subscription to store info
02-20 20:18:05.315  1914  1914 D SubscriptionController: notifySubscriptionInfoChanged:
02-20 20:18:05.315  1659  1958 D TelephonyRegistry: notifySubscriptionInfoChanged: first invocation mRecords.size=17
02-20 20:18:05.315  1659  1659 I GnssLocationProvider: WakeLock acquired by sendMessage(12, 0, null)
02-20 20:18:05.316  1914  1927 D SubscriptionController: [getActiveSubInfoList] Sub Controller not ready
02-20 20:18:05.323  1914  2244 D SmsBroadcastUndelivered: finished scanning raw table in 25 ms
02-20 20:18:05.319  1914  1914 D TelephonyManager: setTelephonyProperty: success phoneId=0 property=gsm.operator.alpha value: Android propVal=Android
02-20 20:18:05.324  1914  1914 D TelephonyManager: setTelephonyProperty: success phoneId=0 property=gsm.operator.numeric value: 310260 propVal=310260
02-20 20:18:05.324  1914  1914 D SST     : update mccmnc=310260 fromServiceState=true
02-20 20:18:05.324  1914  1914 D MccTable: updateMccMncConfiguration mccmnc='310260' fromServiceState=true
02-20 20:18:05.324  1914  1914 D SubscriptionController: [getPhoneId]- no sims, returning default phoneId=2147483647
02-20 20:18:05.324  1914  1914 D MccTable: updateMccMncConfiguration defaultMccMnc=
02-20 20:18:05.324  1914  1914 D MccTable: updateMccMncConfiguration: mcc=310, mnc=260
02-20 20:18:05.324  1914  1914 D MccTable: WIFI_COUNTRY_CODE set to us
02-20 20:18:05.334  1659  2151 I WifiService: WifiService trying to set country code to us with persist set to false
02-20 20:18:05.335  1659  2151 D WifiCountryCode: Succeeded to set country code to: US
02-20 20:18:05.335  1914  1914 D TelephonyManager: setTelephonyProperty: success phoneId=0 property=gsm.operator.iso-country value: us propVal=us
02-20 20:18:05.339  1914  1914 D SST     : pollStateDone: there are 6 unique offsets for iso-cc='us testOneUniqueOffsetPath=false', do nothing
02-20 20:18:05.339  1914  1914 D SST     : shouldFixTimeZoneNow: retVal=true iccCardExist=true operatorNumeric=310260 mcc=310 prevOperatorNumeric= prevMcc=311 needToFixTimeZone=false ltod=02-20 20:18:05.339
02-20 20:18:05.339  1914  1914 D SST     : fixTimeZone zoneName='GMT' mZoneOffset=0 mZoneDst=false iso-cc='us' iso-cc-idx=-21
02-20 20:18:05.340  1914  1914 D SST     : fixTimeZone: using default TimeZone
02-20 20:18:05.340  1914  1914 D SST     : fixTimeZone: zone != null zone.getID=GMT
02-20 20:18:05.340  1914  1914 D SST     : setAndBroadcastNetworkSetTimeZone: setTimeZone=GMT
02-20 20:18:05.340  1659  2150 D AlarmManagerService: Kernel timezone updated to 0 minutes west of GMT
02-20 20:18:05.346  1914  1914 D SST     : setAndBroadcastNetworkSetTimeZone: call alarm.setTimeZone and broadcast zoneId=GMT
02-20 20:18:05.346  1914  1914 D TelephonyManager: setTelephonyProperty: success phoneId=0 property=gsm.operator.isroaming value: false propVal=false
02-20 20:18:05.347  1914  1914 D SST     : Broadcasting ServiceState : 0 0 voice home data home Android Android 310260 Android Android 310260  Unknown LTE CSS not supported -1 -1 RoamInd=-1 DefRoamInd=-1 EmergOnly=false IsDataRoamingFromRegistration=false IsUsingCarrierAggregation=false
02-20 20:18:05.347  1914  1914 D DefaultPhoneNotifier: nofityServiceState: mRegistry=com.android.internal.telephony.ITelephonyRegistry$Stub$Proxy@ff8b81e ss=0 0 voice home data home Android Android 310260 Android Android 310260  Unknown LTE CSS not supported -1 -1 RoamInd=-1 DefRoamInd=-1 EmergOnly=false IsDataRoamingFromRegistration=false IsUsingCarrierAggregation=false sender=Handler (com.android.internal.telephony.GsmCdmaPhone) {7fd12a4} phondId=0 subId=-2
02-20 20:18:05.348  1914  1914 D SubscriptionController: [getSlotId]- subId invalid
02-20 20:18:05.348  1659  1792 D TelephonyManager: getSimState: default sim:-1, sim state for slotIdx=0 is 6, return state as unknown
02-20 20:18:05.349  1914  1914 D SST     : notifyDataRegStateRilRadioTechnologyChanged: drs=0 rat=14
02-20 20:18:05.349  1914  1914 D TelephonyManager: setTelephonyProperty: success phoneId=0 property=gsm.network.type value: LTE propVal=LTE
02-20 20:18:05.350  1914  1914 D DCT     : [0]get all active apn types
02-20 20:18:05.350  1914  1914 D SST     : getCellLocation(): X good mCellLoc=[3,91,-1]
02-20 20:18:05.350  1659  2162 D TelephonyRegistry: notifyCellLocationForSubscriber: subId=-2 cellLocation=Bundle[mParcelledData.dataSize=64]
02-20 20:18:05.350  1914  1914 D GsmCdmaCallTracker: Event EVENT_POLL_CALLS_RESULT Received
02-20 20:18:05.350  1914  1914 D GsmCdmaCallTracker: [GsmCdmaCallTracker] update phone state, old=IDLE new=IDLE
02-20 20:18:05.350  1914  1914 D RIL_ImsSms: IMS is NOT registered!
02-20 20:18:05.350  1914  1914 D CdmaSSM : CDMA_SUBSCRIPTION_SOURCE event = 2
02-20 20:18:05.350  1914  1914 W CdmaSSM : Unable to get CDMA Subscription Source, Exception: com.android.internal.telephony.CommandException: REQUEST_NOT_SUPPORTED, result: null
02-20 20:18:05.350  1914  1914 D GsmCdmaPhone: [GsmCdmaPhone] EVENT_REQUEST_VOICE_RADIO_TECH_DONE: newVoiceTech=11
02-20 20:18:05.350  1914  1914 D GsmCdmaPhone: [GsmCdmaPhone] phoneObjectUpdater: newVoiceRadioTech=11
02-20 20:18:05.350  1914  1914 D GsmCdmaPhone: [GsmCdmaPhone] phoneObjectUpdater: No change ignore, newVoiceRadioTech=11 mActivePhone=GSM
02-20 20:18:05.350  1914  1914 D UiccController: Received EVENT_GET_ICC_STATUS_DONE
02-20 20:18:05.350  1914  1914 D UiccCard: 2 applications
02-20 20:18:05.350  1914  1914 D UiccCardApplication: APPTYPE_SIM update. New {APPTYPE_SIM,APPSTATE_READY}
02-20 20:18:05.350  1914  1914 D UiccCardApplication: APPTYPE_SIM changed state: APPSTATE_DETECTED -> APPSTATE_READY
02-20 20:18:05.350  1914  1914 D RILJ    : [3683]> QUERY_FACILITY_LOCK [FD 7 null] [SUB0]
02-20 20:18:05.351  1376  1475 D RIL     : onRequest: QUERY_FACILITY_LOCK
02-20 20:18:05.351  1376  1475 D RIL     : Request not supported. Tech: 1
02-20 20:18:05.351  1914  2015 D RilRequest: [3683]< QUERY_FACILITY_LOCK error: com.android.internal.telephony.CommandException: REQUEST_NOT_SUPPORTED ret=
02-20 20:18:05.351  1914  1914 D RILJ    : [3684]> QUERY_FACILITY_LOCK [SC 7 null] [SUB0]
02-20 20:18:05.351  1376  1475 D RIL     : onRequest: QUERY_FACILITY_LOCK
02-20 20:18:05.351  1376  1475 D RIL     : Request not supported. Tech: 1
02-20 20:18:05.352  1914  2015 D RilRequest: [3684]< QUERY_FACILITY_LOCK error: com.android.internal.telephony.CommandException: REQUEST_NOT_SUPPORTED ret=
02-20 20:18:05.352  1914  1914 D UiccCardApplication: Notifying registrants: READY
02-20 20:18:05.352  1914  1914 D UiccCardApplication: APPTYPE_RUIM update. New {APPTYPE_RUIM,APPSTATE_READY}
02-20 20:18:05.352  1914  1914 D UiccCardApplication: APPTYPE_RUIM changed state: APPSTATE_DETECTED -> APPSTATE_READY
02-20 20:18:05.352  1914  1914 D RILJ    : [3685]> QUERY_FACILITY_LOCK [FD 7 null] [SUB0]
02-20 20:18:05.353  1376  1475 D RIL     : onRequest: QUERY_FACILITY_LOCK
02-20 20:18:05.353  1376  1475 D RIL     : Request not supported. Tech: 1
02-20 20:18:05.353  1914  2015 D RilRequest: [3685]< QUERY_FACILITY_LOCK error: com.android.internal.telephony.CommandException: REQUEST_NOT_SUPPORTED ret=
02-20 20:18:05.353  1914  1914 D RILJ    : [3686]> QUERY_FACILITY_LOCK [SC 7 null] [SUB0]
02-20 20:18:05.353  1376  1475 D RIL     : onRequest: QUERY_FACILITY_LOCK
02-20 20:18:05.353  1376  1475 D RIL     : Request not supported. Tech: 1
02-20 20:18:05.353  1914  2015 D RilRequest: [3686]< QUERY_FACILITY_LOCK error: com.android.internal.telephony.CommandException: REQUEST_NOT_SUPPORTED ret=
02-20 20:18:05.353  1914  1914 D UiccCardApplication: Notifying registrants: READY
02-20 20:18:05.353  1914  1914 D UiccCard: Before privilege rules: Handler (com.android.internal.telephony.uicc.UiccCarrierPrivilegeRules) {a33b8ff} : CARDSTATE_PRESENT
02-20 20:18:05.353  1914  1914 E UiccCard: App index 8 is invalid since there are no applications
02-20 20:18:05.353  1914  1914 D UiccCard: update: radioState=RADIO_ON mLastRadioState=RADIO_ON
02-20 20:18:05.353  1914  1914 D UiccController: Notifying IccChangedRegistrants
02-20 20:18:05.353  1914  1914 D RILJ    : [3687]> RIL_REQUEST_SIM_TRANSMIT_APDU_CHANNEL [SUB0]
02-20 20:18:05.353  1376  1475 D RIL     : onRequest: SIM_TRANSMIT_APDU_CHANNEL
02-20 20:18:05.354  1376  1475 D AT      : AT> AT+CGLA=1,10,80caff4000
02-20 20:18:05.354  1914  1914 D GsmCdmaPhone: [GsmCdmaPhone] Event EVENT_REGISTERED_TO_NETWORK Received
02-20 20:18:05.354  1914  1914 D SST     : SubscriptionListener.onSubscriptionInfoChanged
02-20 20:18:05.354  1914  1914 E Phone   : getStoredVoiceMessageCount: invalid subId -2
02-20 20:18:05.354  1914  1914 D GsmCdmaPhone: [GsmCdmaPhone] updateVoiceMail countVoiceMessages = 0 subId -2
02-20 20:18:05.354  1914  1914 E Phone   : setVoiceMessageCount in sharedPreference: invalid subId -2
02-20 20:18:05.354  1914  1914 D DCT     : [0]SubscriptionListener.onSubscriptionInfoChanged
02-20 20:18:05.354  1914  1914 D SubscriptionController: [getActiveSubInfoList] Sub Controller not ready
02-20 20:18:05.356  1914  1914 D SubscriptionController: [getActiveSubInfoList] Sub Controller not ready
02-20 20:18:05.357  1659  1688 I am_proc_bound: [0,2229,com.google.android.deskclock]
02-20 20:18:05.359  1376  1477 D AT      : AT< +CGLA: 144,0,FF403eE23cE12eC11461ed377e85d386a8dfee6b864bd85b0bfaa5af81CA16616e64726f69642e636172726965726170692e637473E30aDB080000000000000000
02-20 20:18:05.359  1376  1477 D AT      : AT< OK
02-20 20:18:05.360  1914  2015 D RILJ    : [3687]< RIL_REQUEST_SIM_TRANSMIT_APDU_CHANNEL  [SUB0]
02-20 20:18:05.361  1914  1914 E PhoneInterfaceManager: [PhoneIntfMgr] getIccId: No UICC
02-20 20:18:05.365  1659  1792 I Telecom : PhoneAccountRegistrar: New phone account registered: [[ ] PhoneAccount: ComponentInfo{com.android.phone/com.android.services.telephony.TelephonyConnectionService}, [e0184adedf913b076626646d3f52c3b49c39ad6d], UserHandle{0} Capabilities: CallProvider MultiUser PlaceEmerg SimSub  Schemes: tel voicemail  Extras: null GroupId: [da39a3ee5e6b4b0d3255bfef95601890afd80709]]: TSI.rPA@AAM
02-20 20:18:05.368  1659  1792 I Telecom : : Sending phone-account registered intent as user: TSI.rPA@AAM
02-20 20:18:05.368  1914  1914 I Telephony: AccountEntry: Registered phoneAccount: [[ ] PhoneAccount: ComponentInfo{com.android.phone/com.android.services.telephony.TelephonyConnectionService}, [e0184adedf913b076626646d3f52c3b49c39ad6d], UserHandle{0} Capabilities: CallProvider MultiUser PlaceEmerg SimSub  Schemes: tel voicemail  Extras: null GroupId: [da39a3ee5e6b4b0d3255bfef95601890afd80709]] with handle: ComponentInfo{com.android.phone/com.android.services.telephony.TelephonyConnectionService}, [e0184adedf913b076626646d3f52c3b49c39ad6d], UserHandle{0}
02-20 20:18:05.369  1914  1914 I Telephony: PstnIncomingCallNotifier: Registering: Handler (com.android.internal.telephony.GsmCdmaPhone) {7fd12a4}
02-20 20:18:05.377  2179  2179 I CalendarProvider2: Created com.android.providers.calendar.CalendarAlarmManager@887aa11(com.android.providers.calendar.CalendarProvider2@1bac776)
02-20 20:18:05.380  1914  1914 I Telephony: TelecomAccountRegistry: Unregistering phone account ComponentInfo{com.android.phone/com.android.services.telephony.TelephonyConnectionService}, [e2f7d48dd2b5ca523e7313cf4ba0f6ea830b6281], UserHandle{0}.
02-20 20:18:05.382  1659  1792 I Telecom : : Sending phone-account unregistered intent as user: TSI.uPA@AAU
02-20 20:18:05.384  1914  1914 D DCT     : [0]onDataConnectionAttached
02-20 20:18:05.384  1914  1914 D DCT     : [0]isDataAllowed: No - SIM not loaded
02-20 20:18:05.392  1374  2245 D NuPlayerDriver: notifyListener_l(0xe6f125a0), (1, 0, 0), loop setting(0, 0)
02-20 20:18:05.395  1367  1367 I CameraFlashlight: Opening camera 0
02-20 20:18:05.395  1367  1367 V EmulatedCamera_Camera: getCameraInfo
02-20 20:18:05.395  1367  1367 V EmulatedCamera_BaseCamera: getCameraInfo
02-20 20:18:05.395  1367  1367 V EmulatedCamera_Camera: connectCamera
02-20 20:18:05.395  1367  1367 V EmulatedCamera_FakeDevice: connectDevice
02-20 20:18:05.395  1367  1367 V EmulatedCamera_CallbackNotifier: setCallbacks: 0xf1a30e80, 0xf1a30ed0, 0xf1a30ff0, 0xf1a31110 (0xf0dc3320)
02-20 20:18:05.395  1367  1367 V EmulatedCamera_CallbackNotifier: enableMessage: msg_type = 0xc0d
02-20 20:18:05.395  1367  1367 V EmulatedCamera_CallbackNotifier:     CAMERA_MSG_ERROR
02-20 20:18:05.395  1367  1367 V EmulatedCamera_CallbackNotifier:     CAMERA_MSG_FOCUS
02-20 20:18:05.396  1367  1367 V EmulatedCamera_CallbackNotifier:     CAMERA_MSG_ZOOM
02-20 20:18:05.396  1367  1367 V EmulatedCamera_CallbackNotifier:     CAMERA_MSG_PREVIEW_METADATA
02-20 20:18:05.396  1367  1367 V EmulatedCamera_CallbackNotifier: **** Currently enabled messages:
02-20 20:18:05.396  1367  1367 V EmulatedCamera_CallbackNotifier:     CAMERA_MSG_ERROR
02-20 20:18:05.396  1367  1367 V EmulatedCamera_CallbackNotifier:     CAMERA_MSG_FOCUS
02-20 20:18:05.396  1367  1367 V EmulatedCamera_CallbackNotifier:     CAMERA_MSG_ZOOM
02-20 20:18:05.396  1367  1367 V EmulatedCamera_CallbackNotifier:     CAMERA_MSG_PREVIEW_METADATA
02-20 20:18:05.396  1367  1367 V EmulatedCamera_CallbackNotifier: disableMessage: msg_type = 0xffff
02-20 20:18:05.396  1367  1367 V EmulatedCamera_CallbackNotifier:     CAMERA_MSG_ERROR
02-20 20:18:05.396  1367  1367 V EmulatedCamera_CallbackNotifier:     CAMERA_MSG_SHUTTER
02-20 20:18:05.396  1367  1367 V EmulatedCamera_CallbackNotifier:     CAMERA_MSG_FOCUS
02-20 20:18:05.396  1367  1367 V EmulatedCamera_CallbackNotifier:     CAMERA_MSG_ZOOM
02-20 20:18:05.396  1367  1367 V EmulatedCamera_CallbackNotifier:     CAMERA_MSG_PREVIEW_FRAME
02-20 20:18:05.396  1367  1367 V EmulatedCamera_CallbackNotifier:     CAMERA_MSG_VIDEO_FRAME
02-20 20:18:05.396  1367  1367 V EmulatedCamera_CallbackNotifier:     CAMERA_MSG_POSTVIEW_FRAME
02-20 20:18:05.396  1367  1367 V EmulatedCamera_CallbackNotifier:     CAMERA_MSG_RAW_IMAGE
02-20 20:18:05.396  1367  1367 V EmulatedCamera_CallbackNotifier:     CAMERA_MSG_COMPRESSED_IMAGE
02-20 20:18:05.396  1367  1367 V EmulatedCamera_CallbackNotifier:     CAMERA_MSG_RAW_IMAGE_NOTIFY
02-20 20:18:05.396  1367  1367 V EmulatedCamera_CallbackNotifier:     CAMERA_MSG_PREVIEW_METADATA
02-20 20:18:05.396  1367  1367 V EmulatedCamera_CallbackNotifier: **** Currently enabled messages:
02-20 20:18:05.396  1367  1367 V EmulatedCamera_Preview: setPreviewWindow: current: 0x0 -> new: 0x0
02-20 20:18:05.396  1367  1367 V EmulatedCamera_Camera: doStopPreview
02-20 20:18:05.407  1914  1914 D DCT     : [0]setupDataOnConnectableApns: dataAttached hipri:[state=IDLE,enabled=false] mms:[state=IDLE,enabled=false] supl:[state=IDLE,enabled=false] ia:[state=IDLE,enabled=false] fota:[state=IDLE,enabled=false] ims:[state=IDLE,enabled=false] cbs:[state=IDLE,enabled=false] default:[state=IDLE,enabled=false] emergency:[state=IDLE,enabled=false] 
02-20 20:18:05.407  1914  1914 D DCT     : [0]setupDataOnConnectableApns: nwTypeChanged hipri:[state=IDLE,enabled=false] mms:[state=IDLE,enabled=false] supl:[state=IDLE,enabled=false] ia:[state=IDLE,enabled=false] fota:[state=IDLE,enabled=false] ims:[state=IDLE,enabled=false] cbs:[state=IDLE,enabled=false] default:[state=IDLE,enabled=false] emergency:[state=IDLE,enabled=false] 
02-20 20:18:05.407  1914  1914 D UiccCardApplication: Error in querying facility lock:com.android.internal.telephony.CommandException: REQUEST_NOT_SUPPORTED
02-20 20:18:05.407  1914  1914 D UiccCardApplication: Error in querying facility lock:com.android.internal.telephony.CommandException: REQUEST_NOT_SUPPORTED
02-20 20:18:05.407  1914  1914 D SIMRecords: [SIMRecords] fetchSimRecords 0
02-20 20:18:05.407  1914  1914 D RILJ    : [3688]> getIMSI: GET_IMSI aid: null [SUB0]
02-20 20:18:05.408  1914  1914 D RILJ    : [3689]> iccIO: SIM_IO 0xc0 0x2fe2  path: 3F00,0,0,15 aid: null [SUB0]
02-20 20:18:05.408  1376  1475 D RIL     : onRequest: GET_IMSI
02-20 20:18:05.408  1376  1475 D AT      : AT> AT+CIMI
02-20 20:18:05.408  1914  1914 D RILJ    : [3690]> iccIO: SIM_IO 0xc0 0x6f40  path: 3F007F10,0,0,15 aid: null [SUB0]
02-20 20:18:05.409  1376  1477 D AT      : AT< 310260000000000
02-20 20:18:05.409  1376  1477 D AT      : AT< OK
02-20 20:18:05.409  1376  1475 D RIL     : onRequest: SIM_IO
02-20 20:18:05.409  1376  1475 D AT      : AT> AT+CRSM=192,12258,0,0,15
02-20 20:18:05.409  1914  2015 D RILJ    : [3688]< GET_IMSI  [SUB0]
02-20 20:18:05.410  1376  1477 D AT      : AT< +CRSM: 144,0,0000000a2fe204000fa0aa01020000
02-20 20:18:05.410  1376  1477 D AT      : AT< OK
02-20 20:18:05.414  1914  1914 D RILJ    : [3691]> iccIO: SIM_IO 0xc0 0x6fc9  path: 3F007F20,0,0,15 aid: null [SUB0]
02-20 20:18:05.414  1376  1475 D RIL     : onRequest: SIM_IO
02-20 20:18:05.414  1376  1475 D AT      : AT> AT+CRSM=192,28480,0,0,15
02-20 20:18:05.414  1376  1477 D AT      : AT< +CRSM: 144,0,000000806f40040011a0aa01020120
02-20 20:18:05.414  1376  1477 D AT      : AT< OK
02-20 20:18:05.414  1914  1914 D RILJ    : [3692]> iccIO: SIM_IO 0xc0 0x6fad  path: 3F007F20,0,0,15 aid: null [SUB0]
02-20 20:18:05.414  1376  1475 D RIL     : onRequest: SIM_IO
02-20 20:18:05.414  1376  1475 D AT      : AT> AT+CRSM=192,28617,0,0,15
02-20 20:18:05.415  1376  1477 D AT      : AT< +CRSM: 144,0,000000086fc9040011a0aa01020104
02-20 20:18:05.415  1376  1477 D AT      : AT< OK
02-20 20:18:05.415  1914  1914 D RILJ    : [3693]> iccIO: SIM_IO 0xc0 0x6fca  path: 3F007F20,0,0,15 aid: null [SUB0]
02-20 20:18:05.415  1376  1475 D RIL     : onRequest: SIM_IO
02-20 20:18:05.415  1376  1475 D AT      : AT> AT+CRSM=192,28589,0,0,15
02-20 20:18:05.415  1376  1477 D AT      : AT< +CRSM: 144,0,000000046fad04000aa0aa01020000
02-20 20:18:05.415  1376  1477 D AT      : AT< OK
02-20 20:18:05.415  1914  1914 D RILJ    : [3694]> iccIO: SIM_IO 0xc0 0x6f11  path: 3F007F20,0,0,15 aid: null [SUB0]
02-20 20:18:05.415  1376  1475 D RIL     : onRequest: SIM_IO
02-20 20:18:05.415  1376  1475 D AT      : AT> AT+CRSM=192,28618,0,0,15
02-20 20:18:05.415  1376  1477 D AT      : AT< +CRSM: 144,0,0000000a6fca040011a0aa01020105
02-20 20:18:05.415  1376  1477 D AT      : AT< OK
02-20 20:18:05.416  1914  1914 D RILJ    : [3695]> iccIO: SIM_IO 0xc0 0x6fcb  path: 3F007F20,0,0,15 aid: null [SUB0]
02-20 20:18:05.416  1376  1475 D RIL     : onRequest: SIM_IO
02-20 20:18:05.416  1376  1475 D AT      : AT> AT+CRSM=192,28433,0,0,15
02-20 20:18:05.416  1367  1367 V EmulatedCamera_Camera: cancelPicture
02-20 20:18:05.416  1367  1367 V EmulatedCamera_Camera: releaseCamera
02-20 20:18:05.416  1367  1367 V EmulatedCamera_Camera: doStopPreview
02-20 20:18:05.416  1367  1367 V EmulatedCamera_FakeDevice: disconnectDevice
02-20 20:18:05.416  1367  1367 W EmulatedCamera_Device: Initialize: Emulated camera device is already initialized: mState = 1
02-20 20:18:05.416  1367  1367 D EmulatedCamera_FakeCamera: Initialize: Fake camera is facing back
02-20 20:18:05.416  1367  1367 V EmulatedCamera_Device: initializeWhiteBalanceModes with auto, 1.000000, 1.000000
02-20 20:18:05.416  1367  1367 V EmulatedCamera_Device: initializeWhiteBalanceModes with incandescent, 1.380000, 0.600000
02-20 20:18:05.416  1367  1367 V EmulatedCamera_Device: initializeWhiteBalanceModes with daylight, 1.090000, 0.920000
02-20 20:18:05.416  1367  1367 V EmulatedCamera_Device: initializeWhiteBalanceModes with twilight, 0.920000, 1.220000
02-20 20:18:05.416  1367  1367 V EmulatedCamera_Device: setWhiteBalanceMode with white balance auto
02-20 20:18:05.416  1367  1367 I CameraFlashlight: Destroying camera 0
02-20 20:18:05.416  1367  1367 V EmulatedCamera_Camera: closeCamera
02-20 20:18:05.416  1367  1367 V EmulatedCamera_Camera: doStopPreview
02-20 20:18:05.416  1367  1367 W EmulatedCamera_Device: Initialize: Emulated camera device is already initialized: mState = 1
02-20 20:18:05.416  1367  1367 D EmulatedCamera_FakeCamera: Initialize: Fake camera is facing back
02-20 20:18:05.416  1367  1367 V EmulatedCamera_Device: initializeWhiteBalanceModes with auto, 1.000000, 1.000000
02-20 20:18:05.416  1367  1367 V EmulatedCamera_Device: initializeWhiteBalanceModes with incandescent, 1.380000, 0.600000
02-20 20:18:05.416  1367  1367 V EmulatedCamera_Device: initializeWhiteBalanceModes with daylight, 1.090000, 0.920000
02-20 20:18:05.416  1367  1367 V EmulatedCamera_Device: initializeWhiteBalanceModes with twilight, 0.920000, 1.220000
02-20 20:18:05.416  1367  1367 V EmulatedCamera_Device: setWhiteBalanceMode with white balance auto
02-20 20:18:05.417  1376  1477 D AT      : AT< +CRSM: 144,0,000000016f11040011a0aa01020000
02-20 20:18:05.417  1376  1477 D AT      : AT< OK
02-20 20:18:05.418  1914  2015 D RILJ    : [3689]< SIM_IO IccIoResponse sw1:0x90 sw2:0x0 [SUB0]
02-20 20:18:05.418  1914  2015 D RILJ    : [3690]< SIM_IO IccIoResponse sw1:0x90 sw2:0x0 [SUB0]
02-20 20:18:05.418  1914  2015 D RILJ    : [3691]< SIM_IO IccIoResponse sw1:0x90 sw2:0x0 [SUB0]
02-20 20:18:05.418  1914  2015 D RILJ    : [3692]< SIM_IO IccIoResponse sw1:0x90 sw2:0x0 [SUB0]
02-20 20:18:05.418  1914  2015 D RILJ    : [3693]< SIM_IO IccIoResponse sw1:0x90 sw2:0x0 [SUB0]
02-20 20:18:05.418  1914  2015 D RILJ    : [3694]< SIM_IO IccIoResponse sw1:0x90 sw2:0x0 [SUB0]
02-20 20:18:05.418  1914  1914 D RILJ    : [3696]> iccIO: SIM_IO 0xc0 0x6f13  path: 3F007F20,0,0,15 aid: null [SUB0]
02-20 20:18:05.418  1914  1914 D RILJ    : [3697]> iccIO: SIM_IO 0xc0 0x6f46  path: 3F007F20,0,0,15 aid: null [SUB0]
02-20 20:18:05.418  1376  1475 D RIL     : onRequest: SIM_IO
02-20 20:18:05.418  1376  1475 D AT      : AT> AT+CRSM=192,28619,0,0,15
02-20 20:18:05.418  1376  1477 D AT      : AT< ERROR: BAD COMMAND
02-20 20:18:05.418  1376  1475 D RIL     : onRequest: SIM_IO
02-20 20:18:05.418  1376  1475 D AT      : AT> AT+CRSM=192,28435,0,0,15
02-20 20:18:05.419  1376  1477 D AT      : AT< +CRSM: 144,0,000000016f13040011a0aa01020000
02-20 20:18:05.419  1376  1477 D AT      : AT< OK
02-20 20:18:05.419  1914  2015 D RilRequest: [3695]< SIM_IO error: com.android.internal.telephony.CommandException: GENERIC_FAILURE ret=
02-20 20:18:05.419  1376  1475 D RIL     : onRequest: SIM_IO
02-20 20:18:05.419  1376  1475 D AT      : AT> AT+CRSM=192,28486,0,0,15
02-20 20:18:05.419  1914  2015 D RILJ    : [3696]< SIM_IO IccIoResponse sw1:0x90 sw2:0x0 [SUB0]
02-20 20:18:05.419  1914  1914 D RILJ    : [3698]> iccIO: SIM_IO 0xc0 0x6fcd  path: 3F007F20,0,0,15 aid: null [SUB0]
02-20 20:18:05.419  1376  1477 D AT      : AT< +CRSM: 148,4
02-20 20:18:05.419  1376  1477 D AT      : AT< OK
02-20 20:18:05.419  1376  1475 D RIL     : onRequest: SIM_IO
02-20 20:18:05.419  1376  1475 D AT      : AT> AT+CRSM=192,28621,0,0,15
02-20 20:18:05.419  1914  2015 D RILJ    : [3697]< SIM_IO IccIoResponse sw1:0x94 sw2:0x4 [SUB0]
02-20 20:18:05.419  1914  1914 D RILJ    : [3699]> iccIO: SIM_IO 0xc0 0x6fc5  path: 3F007F20,0,0,15 aid: null [SUB0]
02-20 20:18:05.419  1914  1914 D RILJ    : [3700]> iccIO: SIM_IO 0xc0 0x6f38  path: 3F007F20,0,0,15 aid: null [SUB0]
02-20 20:18:05.419  1914  1914 D RILJ    : [3701]> iccIO: SIM_IO 0xc0 0x6f16  path: 3F007F20,0,0,15 aid: null [SUB0]
02-20 20:18:05.419  1376  1477 D AT      : AT< +CRSM: 148,4
02-20 20:18:05.419  1376  1477 D AT      : AT< OK
02-20 20:18:05.420  1376  1475 D RIL     : onRequest: SIM_IO
02-20 20:18:05.420  1376  1475 D AT      : AT> AT+CRSM=192,28613,0,0,15
02-20 20:18:05.420  1376  1477 D AT      : AT< +CRSM: 144,0,000000f06fc504000aa0aa01020118
02-20 20:18:05.420  1376  1477 D AT      : AT< OK
02-20 20:18:05.420  1914  2015 D RILJ    : [3698]< SIM_IO IccIoResponse sw1:0x94 sw2:0x4 [SUB0]
02-20 20:18:05.420  1376  1475 D RIL     : onRequest: SIM_IO
02-20 20:18:05.420  1376  1475 D AT      : AT> AT+CRSM=192,28472,0,0,15
02-20 20:18:05.420  1376  1477 D AT      : AT< +CRSM: 144,0,0000000f6f3804001aa0aa01020000
02-20 20:18:05.420  1376  1477 D AT      : AT< OK
02-20 20:18:05.420  1914  2015 D RILJ    : [3699]< SIM_IO IccIoResponse sw1:0x90 sw2:0x0 [SUB0]
02-20 20:18:05.420  1914  2015 D RILJ    : [3700]< SIM_IO IccIoResponse sw1:0x90 sw2:0x0 [SUB0]
02-20 20:18:05.420  1376  1475 D RIL     : onRequest: SIM_IO
02-20 20:18:05.420  1376  1475 D AT      : AT> AT+CRSM=192,28438,0,0,15
02-20 20:18:05.420  1914  1914 D RILJ    : [3702]> iccIO: SIM_IO 0xc0 0x6f15  path: 3F007F20,0,0,15 aid: null [SUB0]
02-20 20:18:05.420  1376  1477 D AT      : AT< +CRSM: 144,0,000000026f1604001aa0aa01020000
02-20 20:18:05.420  1376  1477 D AT      : AT< OK
02-20 20:18:05.420  1914  2015 D RILJ    : [3701]< SIM_IO IccIoResponse sw1:0x90 sw2:0x0 [SUB0]
02-20 20:18:05.421  1376  1475 D RIL     : onRequest: SIM_IO
02-20 20:18:05.421  1376  1475 D AT      : AT> AT+CRSM=192,28437,0,0,15
02-20 20:18:05.421  1914  1914 D RILJ    : [3703]> iccIO: SIM_IO 0xc0 0x6f3e  path: 3F007F20,0,0,15 aid: null [SUB0]
02-20 20:18:05.422  1914  1914 D RILJ    : [3704]> iccIO: SIM_IO 0xc0 0x6f3f  path: 3F007F20,0,0,15 aid: null [SUB0]
02-20 20:18:05.422  1367  1367 I CameraService: disconnect: Disconnected client for camera 0 for PID 1367
02-20 20:18:05.422  1374  1835 D NuPlayerDriver: reset(0xe6f12480) at state 4
02-20 20:18:05.422  1374  1835 D NuPlayerDriver: notifyListener_l(0xe6f12480), (8, 0, 0), loop setting(0, 0)
02-20 20:18:05.422  1374  2223 D NuPlayerDriver: notifyResetComplete(0xe6f12480)
02-20 20:18:05.422  1376  1477 D AT      : AT< ERROR: BAD COMMAND
02-20 20:18:05.423  1376  1475 D RIL     : onRequest: SIM_IO
02-20 20:18:05.423  1376  1475 D AT      : AT> AT+CRSM=192,28478,0,0,15
02-20 20:18:05.423  1376  1477 D AT      : AT< ERROR: BAD COMMAND
02-20 20:18:05.425  1914  2015 D RilRequest: [3702]< SIM_IO error: com.android.internal.telephony.CommandException: GENERIC_FAILURE ret=
02-20 20:18:05.426  1376  1475 D RIL     : onRequest: SIM_IO
02-20 20:18:05.426  1376  1475 D AT      : AT> AT+CRSM=192,28479,0,0,15
02-20 20:18:05.426  1914  1914 D SIMRecords: [SIMRecords] fetchSimRecords 17 requested: true
02-20 20:18:05.426  1914  1914 E IccCardProxy: setExternalState: set mPhoneId=0 mExternalState=READY
02-20 20:18:05.426  1376  1477 D AT      : AT< ERROR: BAD COMMAND
02-20 20:18:05.426  1914  1914 D TelephonyManager: setTelephonyProperty: success phoneId=0 property=gsm.sim.state value: READY propVal=READY
02-20 20:18:05.426  1914  1914 D IccCardProxy: broadcastIccStateChangedIntent intent ACTION_SIM_STATE_CHANGED value=READY reason=null for mPhoneId=0
02-20 20:18:05.427  1914  1914 D RILJ    : [3705]> OPERATOR [SUB0]
02-20 20:18:05.427  1914  1914 D RILJ    : [3706]> DATA_REGISTRATION_STATE [SUB0]
02-20 20:18:05.427  1914  1914 D RILJ    : [3707]> VOICE_REGISTRATION_STATE [SUB0]
02-20 20:18:05.427  1914  1914 D RILJ    : [3708]> QUERY_NETWORK_SELECTION_MODE [SUB0]
02-20 20:18:05.428  1376  1475 D RIL     : onRequest: OPERATOR
02-20 20:18:05.428  1376  1475 D AT      : AT> AT+COPS=3,0;+COPS?;+COPS=3,1;+COPS?;+COPS=3,2;+COPS?
02-20 20:18:05.428  1376  1477 D AT      : AT< +COPS: 0,0,"Android"
02-20 20:18:05.428  1376  1477 D AT      : AT< +COPS: 0,1,"Android"
02-20 20:18:05.428  1376  1477 D AT      : AT< +COPS: 0,2,"310260"
02-20 20:18:05.428  1376  1477 D AT      : AT< OK
02-20 20:18:05.429  1376  1475 D RIL     : onRequest: DATA_REGISTRATION_STATE
02-20 20:18:05.429  1376  1475 D RIL     : requestRegistrationState
02-20 20:18:05.429  1376  1475 D AT      : AT> AT+CGREG?
02-20 20:18:05.429  1376  1477 D AT      : AT< +CGREG: 1,1,"0003","005b","000e"
02-20 20:18:05.429  1376  1477 D AT      : AT< OK
02-20 20:18:05.429  1374  1374 D NuPlayerDriver: reset(0xe6f12540) at state 4
02-20 20:18:05.429  1374  1374 D NuPlayerDriver: notifyListener_l(0xe6f12540), (8, 0, 0), loop setting(0, 0)
02-20 20:18:05.429  1374  2227 D NuPlayerDriver: notifyResetComplete(0xe6f12540)
02-20 20:18:05.429  1376  1475 D RIL     : parseRegistrationState. Parsing: +CGREG: 1,1,"0003","005b","000e"
02-20 20:18:05.429  1376  1475 D RIL     : registration state type: 3GPP
02-20 20:18:05.429  1376  1475 D RIL     : onRequest: VOICE_REGISTRATION_STATE
02-20 20:18:05.429  1376  1475 D RIL     : requestRegistrationState
02-20 20:18:05.429  1376  1475 D AT      : AT> AT+CREG?
02-20 20:18:05.429  1376  1477 D AT      : AT< +CREG: 2,1, "0003", "005b"
02-20 20:18:05.429  1376  1477 D AT      : AT< OK
02-20 20:18:05.429  1376  1475 D RIL     : parseRegistrationState. Parsing: +CREG: 2,1, "0003", "005b"
02-20 20:18:05.429  1376  1475 D RIL     : registration state type: 3GPP
02-20 20:18:05.429  1374  1835 D NuPlayerDriver: reset(0xe6f125a0) at state 4
02-20 20:18:05.429  1374  1835 D NuPlayerDriver: notifyListener_l(0xe6f125a0), (8, 0, 0), loop setting(0, 0)
02-20 20:18:05.429  1374  2245 D NuPlayerDriver: notifyResetComplete(0xe6f125a0)
02-20 20:18:05.430  1367  1707 V EmulatedCamera_Camera: getCameraInfo
02-20 20:18:05.430  1367  1707 V EmulatedCamera_BaseCamera: getCameraInfo
