02-20 20:18:05.431  1367  1707 V EmulatedCamera_Camera: getCameraInfo
02-20 20:18:05.431  1367  1707 V EmulatedCamera_BaseCamera: getCameraInfo
02-20 20:18:05.439  1914  1914 D UiccCardApplication: Error in querying facility lock:com.android.internal.telephony.CommandException: REQUEST_NOT_SUPPORTED
02-20 20:18:05.439  1914  1914 D UiccCardApplication: Error in querying facility lock:com.android.internal.telephony.CommandException: REQUEST_NOT_SUPPORTED
02-20 20:18:05.439  1914  1914 D RuimRecords: [RuimRecords] fetchRuimRecords 0
02-20 20:18:05.439  1914  1914 D RILJ    : [3709]> getIMSI: GET_IMSI aid: null [SUB0]
02-20 20:18:05.440  1376  1475 D RIL     : onRequest: QUERY_NETWORK_SELECTION_MODE
02-20 20:18:05.440  1376  1475 D AT      : AT> AT+COPS?
02-20 20:18:05.440  1914  1914 D RILJ    : [3710]> iccIO: SIM_IO 0xc0 0x2fe2  path: 3F00,0,0,15 aid: null [SUB0]
02-20 20:18:05.440  1376  1477 D AT      : AT< +COPS: 0,2,310260
02-20 20:18:05.440  1376  1477 D AT      : AT< OK
02-20 20:18:05.440  1376  1475 D RIL     : onRequest: GET_IMSI
02-20 20:18:05.440  1376  1475 D AT      : AT> AT+CIMI
02-20 20:18:05.440  1376  1477 D AT      : AT< 310260000000000
02-20 20:18:05.440  1376  1477 D AT      : AT< OK
02-20 20:18:05.441  1376  1475 D RIL     : onRequest: SIM_IO
02-20 20:18:05.441  1914  1914 D RILJ    : [3711]> iccIO: SIM_IO 0xc0 0x2f05  path: 3F00,0,0,15 aid: null [SUB0]
02-20 20:18:05.441  1376  1475 D AT      : AT> AT+CRSM=192,12258,0,0,15
02-20 20:18:05.441  1376  1477 D AT      : AT< +CRSM: 144,0,0000000a2fe204000fa0aa01020000
02-20 20:18:05.441  1376  1477 D AT      : AT< OK
02-20 20:18:05.441  1376  1475 D RIL     : onRequest: SIM_IO
02-20 20:18:05.441  1376  1475 D AT      : AT> AT+CRSM=192,12037,0,0,15
02-20 20:18:05.441  1914  1914 D RILJ    : [3712]> iccIO: SIM_IO 0xc0 0x6f3a  path: 3F007F25,0,0,15 aid: null [SUB0]
02-20 20:18:05.441  1914  1914 D RILJ    : [3713]> iccIO: SIM_IO 0xc0 0x6f41  path: 3F007F25,0,0,15 aid: null [SUB0]
02-20 20:18:05.441  1376  1477 D AT      : AT< ERROR: BAD COMMAND
02-20 20:18:05.441  1376  1475 D RIL     : onRequest: SIM_IO
02-20 20:18:05.441  1376  1475 D AT      : AT> AT+CRSM=192,28474,0,0,15
02-20 20:18:05.441  1376  1477 D AT      : AT< ERROR: BAD COMMAND
02-20 20:18:05.448  2259  2259 W art     : Unexpected CPU variant for X86 using defaults: x86
02-20 20:18:05.450  1764  1764 I StatusBar: isKeyguardShowing() called before startKeyguard(), returning true
02-20 20:18:05.450  1764  1764 W StatusBar: isKeyguardSecure() called before startKeyguard(), returning false
02-20 20:18:05.450  1764  1764 W StatusBar: java.lang.Throwable
02-20 20:18:05.450  1764  1764 W StatusBar: 	at com.android.systemui.statusbar.BaseStatusBar.isKeyguardSecure(BaseStatusBar.java:2647)
02-20 20:18:05.450  1764  1764 W StatusBar: 	at com.android.systemui.statusbar.BaseStatusBar.isCameraAllowedByAdmin(BaseStatusBar.java:2670)
02-20 20:18:05.450  1764  1764 W StatusBar: 	at com.android.systemui.statusbar.phone.KeyguardBottomAreaView.updateCameraVisibility(KeyguardBottomAreaView.java:309)
02-20 20:18:05.450  1764  1764 W StatusBar: 	at com.android.systemui.statusbar.phone.KeyguardBottomAreaView.setPhoneStatusBar(KeyguardBottomAreaView.java:272)
02-20 20:18:05.450  1764  1764 W StatusBar: 	at com.android.systemui.statusbar.phone.PhoneStatusBar.makeStatusBarView(PhoneStatusBar.java:904)
02-20 20:18:05.450  1764  1764 W StatusBar: 	at com.android.systemui.statusbar.phone.PhoneStatusBar.addStatusBarWindow(PhoneStatusBar.java:3432)
02-20 20:18:05.450  1764  1764 W StatusBar: 	at com.android.systemui.statusbar.phone.PhoneStatusBar.createAndAddWindows(PhoneStatusBar.java:3428)
02-20 20:18:05.450  1764  1764 W StatusBar: 	at com.android.systemui.statusbar.BaseStatusBar.start(BaseStatusBar.java:765)
02-20 20:18:05.450  1764  1764 W StatusBar: 	at com.android.systemui.statusbar.phone.PhoneStatusBar.start(PhoneStatusBar.java:686)
02-20 20:18:05.450  1764  1764 W StatusBar: 	at com.android.systemui.statusbar.SystemBars.createStatusBarFromConfig(SystemBars.java:106)
02-20 20:18:05.450  1764  1764 W StatusBar: 	at com.android.systemui.statusbar.SystemBars.onNoService(SystemBars.java:58)
02-20 20:18:05.450  1764  1764 W StatusBar: 	at com.android.systemui.statusbar.ServiceMonitor.startService(ServiceMonitor.java:230)
02-20 20:18:05.450  1764  1764 W StatusBar: 	at com.android.systemui.statusbar.ServiceMonitor.-wrap5(ServiceMonitor.java)
02-20 20:18:05.450  1764  1764 W StatusBar: 	at com.android.systemui.statusbar.ServiceMonitor$1.handleMessage(ServiceMonitor.java:73)
02-20 20:18:05.450  1764  1764 W StatusBar: 	at android.os.Handler.dispatchMessage(Handler.java:102)
02-20 20:18:05.450  1764  1764 W StatusBar: 	at android.os.Looper.loop(Looper.java:154)
02-20 20:18:05.450  1764  1764 W StatusBar: 	at android.app.ActivityThread.main(ActivityThread.java:6119)
02-20 20:18:05.450  1764  1764 W StatusBar: 	at java.lang.reflect.Method.invoke(Native Method)
02-20 20:18:05.450  1764  1764 W StatusBar: 	at com.android.internal.os.ZygoteInit$MethodAndArgsCaller.run(ZygoteInit.java:886)
02-20 20:18:05.450  1764  1764 W StatusBar: 	at com.android.internal.os.ZygoteInit.main(ZygoteInit.java:776)
02-20 20:18:05.451  1914  1914 D RILJ    : [3714]> iccIO: SIM_IO 0xc0 0x6f44  path: 3F007F25,0,0,15 aid: null [SUB0]
02-20 20:18:05.451  1376  1475 D RIL     : onRequest: SIM_IO
02-20 20:18:05.451  1376  1475 D AT      : AT> AT+CRSM=192,28481,0,0,15
02-20 20:18:05.451  1376  1477 D AT      : AT< ERROR: BAD COMMAND
02-20 20:18:05.451  1376  1475 D RIL     : onRequest: SIM_IO
02-20 20:18:05.451  1376  1475 D AT      : AT> AT+CRSM=192,28484,0,0,15
02-20 20:18:05.451  1376  1477 D AT      : AT< ERROR: BAD COMMAND
02-20 20:18:05.452  1914  1914 D RILJ    : [3715]> iccIO: SIM_IO 0xc0 0x6f22  path: 3F007F25,0,0,15 aid: null [SUB0]
02-20 20:18:05.452  1914  2015 D RilRequest: [3703]< SIM_IO error: com.android.internal.telephony.CommandException: GENERIC_FAILURE ret=
02-20 20:18:05.452  1914  2015 D RilRequest: [3704]< SIM_IO error: com.android.internal.telephony.CommandException: GENERIC_FAILURE ret=
02-20 20:18:05.453  1914  2015 D RILJ    : [3705]< OPERATOR {Android, Android, 310260} [SUB0]
02-20 20:18:05.453  1914  2015 D RILJ    : [3706]< DATA_REGISTRATION_STATE {1, 3, 5b, 14, null, null} [SUB0]
02-20 20:18:05.453  1914  2015 D RILJ    : [3707]< VOICE_REGISTRATION_STATE {1, 3, 5b, 0, null, null, null, null, null, null, null, null, null, null, null} [SUB0]
02-20 20:18:05.453  1914  2015 D RILJ    : [3708]< QUERY_NETWORK_SELECTION_MODE {0} [SUB0]
02-20 20:18:05.453  1914  2015 D RILJ    : [3709]< GET_IMSI  [SUB0]
02-20 20:18:05.453  1914  2015 D RILJ    : [3710]< SIM_IO IccIoResponse sw1:0x90 sw2:0x0 [SUB0]
02-20 20:18:05.453  1914  2015 D RilRequest: [3711]< SIM_IO error: com.android.internal.telephony.CommandException: GENERIC_FAILURE ret=
02-20 20:18:05.453  1914  2015 D RilRequest: [3712]< SIM_IO error: com.android.internal.telephony.CommandException: GENERIC_FAILURE ret=
02-20 20:18:05.453  1914  2015 D RilRequest: [3713]< SIM_IO error: com.android.internal.telephony.CommandException: GENERIC_FAILURE ret=
02-20 20:18:05.453  1914  2015 D RilRequest: [3714]< SIM_IO error: com.android.internal.telephony.CommandException: GENERIC_FAILURE ret=
02-20 20:18:05.453  1376  1475 D RIL     : onRequest: SIM_IO
02-20 20:18:05.453  1376  1475 D AT      : AT> AT+CRSM=192,28450,0,0,15
02-20 20:18:05.453  1376  1477 D AT      : AT< ERROR: BAD COMMAND
02-20 20:18:05.453  1914  1914 D RILJ    : [3716]> iccIO: SIM_IO 0xc0 0x6f28  path: 3F007F25,0,0,15 aid: null [SUB0]
02-20 20:18:05.454  1659  1792 I am_proc_start: [0,2259,10029,com.google.android.googlequicksearchbox:search,service,com.google.android.googlequicksearchbox/com.google.android.apps.gsa.nowoverlayservice.DrawerOverlayService]
02-20 20:18:05.454  1659  1792 I ActivityManager: Start proc 2259:com.google.android.googlequicksearchbox:search/u0a29 for service com.google.android.googlequicksearchbox/com.google.android.apps.gsa.nowoverlayservice.DrawerOverlayService
02-20 20:18:05.454  1914  2015 D RilRequest: [3715]< SIM_IO error: com.android.internal.telephony.CommandException: GENERIC_FAILURE ret=
02-20 20:18:05.455  1376  1475 D RIL     : onRequest: SIM_IO
02-20 20:18:05.455  1376  1475 D AT      : AT> AT+CRSM=192,28456,0,0,15
02-20 20:18:05.455  1914  1914 D RILJ    : [3717]> iccIO: SIM_IO 0xb0 0x6f5a  path: 3F007F25,0,0,4 aid: null [SUB0]
02-20 20:18:05.455  1914  1914 D RILJ    : [3718]> iccIO: SIM_IO 0xc0 0x6f4d  path: 3F007F25,0,0,15 aid: null [SUB0]
02-20 20:18:05.455  1376  1477 D AT      : AT< ERROR: BAD COMMAND
02-20 20:18:05.456  1376  1475 D RIL     : onRequest: SIM_IO
02-20 20:18:05.456  1376  1475 D AT      : AT> AT+CRSM=176,28506,0,0,4
02-20 20:18:05.456  1914  1914 D RuimRecords: [RuimRecords] fetchRuimRecords 10 requested: true
02-20 20:18:05.456  1914  1914 D RILJ    : [3719]> RIL_REQUEST_CDMA_SUBSCRIPTION [SUB0]
02-20 20:18:05.456  1914  2015 D RilRequest: [3716]< SIM_IO error: com.android.internal.telephony.CommandException: GENERIC_FAILURE ret=
02-20 20:18:05.456  1376  1477 D AT      : AT< ERROR: BAD COMMAND
02-20 20:18:05.456  1914  1914 D GsmSMSDispatcher: GsmSMSDispatcher: subId = -2 slotId = 0
02-20 20:18:05.456  1914  1914 E IccCardProxy: setExternalState: !override and newstate unchanged from READY
02-20 20:18:05.456  1914  1914 D CAT     : CatService: handleMessage[8]
02-20 20:18:05.456  1914  1914 D CAT     : CatService: MSG_ID_ICC_CHANGED
02-20 20:18:05.456  1914  1914 D CAT     : CatService: New Card State = CARDSTATE_PRESENT Old Card State = CARDSTATE_PRESENT
02-20 20:18:05.456  1914  2015 D RilRequest: [3717]< SIM_IO error: com.android.internal.telephony.CommandException: GENERIC_FAILURE ret=
02-20 20:18:05.456  1376  1475 D RIL     : onRequest: SIM_IO
02-20 20:18:05.456  1376  1475 D AT      : AT> AT+CRSM=192,28493,0,0,15
02-20 20:18:05.456  1376  1477 D AT      : AT< ERROR: BAD COMMAND
02-20 20:18:05.456  1376  1475 D RIL     : onRequest: CDMA_SUBSCRIPTION
02-20 20:18:05.456  1376  1475 D RIL     : Request not supported. Tech: 1
02-20 20:18:05.457  1914  2015 D RilRequest: [3718]< SIM_IO error: com.android.internal.telephony.CommandException: GENERIC_FAILURE ret=
02-20 20:18:05.457  1914  2015 D RilRequest: [3719]< RIL_REQUEST_CDMA_SUBSCRIPTION error: com.android.internal.telephony.CommandException: REQUEST_NOT_SUPPORTED ret=
02-20 20:18:05.461  1914  1914 E PhoneInterfaceManager: [PhoneIntfMgr] getIccId: No UICC
02-20 20:18:05.465  1659  1958 I Telecom : PhoneAccountRegistrar: [ComponentInfo{com.android.phone/com.android.services.telephony.TelephonyConnectionService}, [e0184adedf913b076626646d3f52c3b49c39ad6d], UserHandle{0}(icon: Icon(typ=BITMAP size=76x96) -> Icon(typ=BITMAP size=76x96))]: TSI.rPA@AAc
02-20 20:18:05.466  1659  1958 I Telecom : : Sending phone-account registered intent as user: TSI.rPA@AAc
02-20 20:18:05.469  1914  1914 D SIMRecords: [SIMRecords] IMSI: mMncLength=-1
02-20 20:18:05.470  1914  1914 D SIMRecords: [SIMRecords] IMSI: 310260[D1jVpVFfGoqdF5qliFi2ey-KM4g]
02-20 20:18:05.470  1914  1914 D SIMRecords: [SIMRecords] onRecordLoaded 16 requested: true
02-20 20:18:05.470  1914  1914 D RILJ    : [3720]> iccIO: SIM_IO 0xb0 0x2fe2  path: 3F00,0,0,10 aid: null [SUB0]
02-20 20:18:05.470  1764  1764 I StatusBar: isKeyguardShowing() called before startKeyguard(), returning true
02-20 20:18:05.471  1764  1764 W StatusBar: isKeyguardSecure() called before startKeyguard(), returning false
02-20 20:18:05.471  1764  1764 W StatusBar: java.lang.Throwable
02-20 20:18:05.471  1764  1764 W StatusBar: 	at com.android.systemui.statusbar.BaseStatusBar.isKeyguardSecure(BaseStatusBar.java:2647)
02-20 20:18:05.471  1764  1764 W StatusBar: 	at com.android.systemui.statusbar.BaseStatusBar.isCameraAllowedByAdmin(BaseStatusBar.java:2670)
02-20 20:18:05.471  1764  1764 W StatusBar: 	at com.android.systemui.statusbar.phone.KeyguardBottomAreaView.updateCameraVisibility(KeyguardBottomAreaView.java:309)
02-20 20:18:05.471  1764  1764 W StatusBar: 	at com.android.systemui.statusbar.phone.KeyguardBottomAreaView.setUserSetupComplete(KeyguardBottomAreaView.java:281)
02-20 20:18:05.471  1764  1764 W StatusBar: 	at com.android.systemui.statusbar.phone.PhoneStatusBar.makeStatusBarView(PhoneStatusBar.java:905)
02-20 20:18:05.471  1764  1764 W StatusBar: 	at com.android.systemui.statusbar.phone.PhoneStatusBar.addStatusBarWindow(PhoneStatusBar.java:3432)
02-20 20:18:05.471  1764  1764 W StatusBar: 	at com.android.systemui.statusbar.phone.PhoneStatusBar.createAndAddWindows(PhoneStatusBar.java:3428)
02-20 20:18:05.471  1764  1764 W StatusBar: 	at com.android.systemui.statusbar.BaseStatusBar.start(BaseStatusBar.java:765)
02-20 20:18:05.471  1764  1764 W StatusBar: 	at com.android.systemui.statusbar.phone.PhoneStatusBar.start(PhoneStatusBar.java:686)
02-20 20:18:05.471  1764  1764 W StatusBar: 	at com.android.systemui.statusbar.SystemBars.createStatusBarFromConfig(SystemBars.java:106)
02-20 20:18:05.471  1764  1764 W StatusBar: 	at com.android.systemui.statusbar.SystemBars.onNoService(SystemBars.java:58)
02-20 20:18:05.471  1764  1764 W StatusBar: 	at com.android.systemui.statusbar.ServiceMonitor.startService(ServiceMonitor.java:230)
02-20 20:18:05.471  1764  1764 W StatusBar: 	at com.android.systemui.statusbar.ServiceMonitor.-wrap5(ServiceMonitor.java)
02-20 20:18:05.471  1764  1764 W StatusBar: 	at com.android.systemui.statusbar.ServiceMonitor$1.handleMessage(ServiceMonitor.java:73)
02-20 20:18:05.471  1764  1764 W StatusBar: 	at android.os.Handler.dispatchMessage(Handler.java:102)
02-20 20:18:05.471  1764  1764 W StatusBar: 	at android.os.Looper.loop(Looper.java:154)
02-20 20:18:05.471  1764  1764 W StatusBar: 	at android.app.ActivityThread.main(ActivityThread.java:6119)
02-20 20:18:05.471  1764  1764 W StatusBar: 	at java.lang.reflect.Method.invoke(Native Method)
02-20 20:18:05.471  1764  1764 W StatusBar: 	at com.android.internal.os.ZygoteInit$MethodAndArgsCaller.run(ZygoteInit.java:886)
02-20 20:18:05.471  1764  1764 W StatusBar: 	at com.android.internal.os.ZygoteInit.main(ZygoteInit.java:776)
02-20 20:18:05.472  2164  2164 I am_on_resume_called: [0,com.google.android.apps.nexuslauncher.NexusLauncherActivity,LAUNCH_ACTIVITY]
02-20 20:18:05.473  1312  1360 E SurfaceFlinger: ro.sf.lcd_density must be defined as a build property
02-20 20:18:05.473  1376  1475 D RIL     : onRequest: SIM_IO
02-20 20:18:05.473  1376  1475 D AT      : AT> AT+CRSM=176,12258,0,0,10
02-20 20:18:05.474  1914  1914 D RILJ    : [3721]> iccIO: SIM_IO 0xb2 0x6f40  path: 3F007F10,1,4,32 aid: null [SUB0]
02-20 20:18:05.474  1376  1477 D AT      : AT< +CRSM: 144,0,98101430121181157002
02-20 20:18:05.474  1376  1477 D AT      : AT< OK
02-20 20:18:05.474  1914  2015 D RILJ    : [3720]< SIM_IO IccIoResponse sw1:0x90 sw2:0x0 [SUB0]
02-20 20:18:05.475  1376  1475 D RIL     : onRequest: SIM_IO
02-20 20:18:05.475  1376  1475 D AT      : AT> AT+CRSM=178,28480,1,4,32
02-20 20:18:05.475  1376  1477 D AT      : AT< +CRSM: 144,0,ffffffffffffffffffffffffffffffffffff07815155255155f4ffffffffffff
02-20 20:18:05.475  1376  1477 D AT      : AT< OK
02-20 20:18:05.475  1914  2015 D RILJ    : [3721]< SIM_IO IccIoResponse sw1:0x90 sw2:0x0 [SUB0]
02-20 20:18:05.476  1914  1914 D RILJ    : [3722]> iccIO: SIM_IO 0xb2 0x6fc9  path: 3F007F20,1,4,4 aid: null [SUB0]
02-20 20:18:05.476  1376  1475 D RIL     : onRequest: SIM_IO
02-20 20:18:05.476  1376  1475 D AT      : AT> AT+CRSM=178,28617,1,4,4
02-20 20:18:05.476  1914  1914 D RILJ    : [3723]> iccIO: SIM_IO 0xb0 0x6fad  path: 3F007F20,0,0,4 aid: null [SUB0]
02-20 20:18:05.476  1376  1477 D AT      : AT< +CRSM: 144,0,01000000
02-20 20:18:05.476  1376  1477 D AT      : AT< OK
02-20 20:18:05.476  1914  2015 D RILJ    : [3722]< SIM_IO IccIoResponse sw1:0x90 sw2:0x0 [SUB0]
02-20 20:18:05.476  1914  1914 D RILJ    : [3724]> iccIO: SIM_IO 0xb2 0x6fca  path: 3F007F20,1,4,5 aid: null [SUB0]
02-20 20:18:05.477  1376  1475 D RIL     : onRequest: SIM_IO
02-20 20:18:05.477  1376  1475 D AT      : AT> AT+CRSM=176,28589,0,0,4
02-20 20:18:05.477  1376  1477 D AT      : AT< +CRSM: 144,0,00000003
02-20 20:18:05.477  1376  1477 D AT      : AT< OK
02-20 20:18:05.477  1376  1475 D RIL     : onRequest: SIM_IO
02-20 20:18:05.477  1376  1475 D AT      : AT> AT+CRSM=178,28618,1,4,5
02-20 20:18:05.477  1914  2015 D RILJ    : [3723]< SIM_IO IccIoResponse sw1:0x90 sw2:0x0 [SUB0]
02-20 20:18:05.477  1376  1477 D AT      : AT< +CRSM: 144,0,0000000000
02-20 20:18:05.477  1376  1477 D AT      : AT< OK
02-20 20:18:05.477  1914  2015 D RILJ    : [3724]< SIM_IO IccIoResponse sw1:0x90 sw2:0x0 [SUB0]
02-20 20:18:05.478  1914  1914 D RILJ    : [3725]> iccIO: SIM_IO 0xb0 0x6f11  path: 3F007F20,0,0,1 aid: null [SUB0]
02-20 20:18:05.478  1914  1914 D RILJ    : [3726]> iccIO: SIM_IO 0xb0 0x6f13  path: 3F007F20,0,0,1 aid: null [SUB0]
02-20 20:18:05.478  1376  1475 D RIL     : onRequest: SIM_IO
02-20 20:18:05.478  1376  1475 D AT      : AT> AT+CRSM=176,28433,0,0,1
02-20 20:18:05.479  1376  1477 D AT      : AT< +CRSM: 144,0,55
02-20 20:18:05.479  1376  1477 D AT      : AT< OK
02-20 20:18:05.479  1376  1475 D RIL     : onRequest: SIM_IO
02-20 20:18:05.479  1376  1475 D AT      : AT> AT+CRSM=176,28435,0,0,1
02-20 20:18:05.479  1376  1477 D AT      : AT< +CRSM: 144,0,55
02-20 20:18:05.479  1376  1477 D AT      : AT< OK
02-20 20:18:05.479  1914  1914 D RILJ    : [3727]> iccIO: SIM_IO 0xb2 0x6fc5  path: 3F007F20,1,4,24 aid: null [SUB0]
02-20 20:18:05.479  1914  2015 D RILJ    : [3725]< SIM_IO IccIoResponse sw1:0x90 sw2:0x0 [SUB0]
02-20 20:18:05.481  2164  2164 D         : HostConnection::get() New Host Connection established 0x77aed4c983c0, tid 2164
02-20 20:18:05.487  1659  1792 I am_proc_bound: [0,2259,com.google.android.googlequicksearchbox:search]
02-20 20:18:05.489  1914  2015 D RILJ    : [3726]< SIM_IO IccIoResponse sw1:0x90 sw2:0x0 [SUB0]
02-20 20:18:05.489  1376  1475 D RIL     : onRequest: SIM_IO
02-20 20:18:05.489  1376  1475 D AT      : AT> AT+CRSM=178,28613,1,4,24
02-20 20:18:05.489  1914  1914 D RILJ    : [3728]> iccIO: SIM_IO 0xb0 0x6f38  path: 3F007F20,0,0,15 aid: null [SUB0]
02-20 20:18:05.489  1376  1477 D AT      : AT< +CRSM: 144,0,43058441aa890affffffffffffffffffffffffffffffffff
02-20 20:18:05.489  1376  1477 D AT      : AT< OK
02-20 20:18:05.489  1914  2015 D RILJ    : [3727]< SIM_IO IccIoResponse sw1:0x90 sw2:0x0 [SUB0]
02-20 20:18:05.490  1376  1475 D RIL     : onRequest: SIM_IO
02-20 20:18:05.490  1376  1475 D AT      : AT> AT+CRSM=176,28472,0,0,15
02-20 20:18:05.491  1914  1914 D RILJ    : [3729]> iccIO: SIM_IO 0xb0 0x6f16  path: 3F007F20,0,0,2 aid: null [SUB0]
02-20 20:18:05.491  1376  1477 D AT      : AT< +CRSM: 144,0,ff30ffff3c003c03000c0000f03f00
02-20 20:18:05.491  1376  1477 D AT      : AT< OK
02-20 20:18:05.491  1914  2015 D RILJ    : [3728]< SIM_IO IccIoResponse sw1:0x90 sw2:0x0 [SUB0]
02-20 20:18:05.491  1376  1475 D RIL     : onRequest: SIM_IO
02-20 20:18:05.491  1376  1475 D AT      : AT> AT+CRSM=176,28438,0,0,2
02-20 20:18:05.492  1914  1914 D SubscriptionInfoUpdater: [Receiver]+
02-20 20:18:05.492  1914  1914 D SubscriptionInfoUpdater: Action: android.intent.action.SIM_STATE_CHANGED
02-20 20:18:05.492  1914  1914 D SubscriptionInfoUpdater: slotId: 0
02-20 20:18:05.492  1914  1914 D SubscriptionInfoUpdater: simStatus: READY
02-20 20:18:05.492  1914  1914 D SubscriptionInfoUpdater: Ignoring simStatus: READY
02-20 20:18:05.492  1914  1914 D SubscriptionInfoUpdater: [Receiver]-
02-20 20:18:05.492  1914  1914 E SST     : error parsing GprsRegistrationState: java.lang.NumberFormatException: null
02-20 20:18:05.492  1914  1914 D SST     : handlPollStateResultMessage: GsmSST setDataRegState=0 regState=1 dataRadioTechnology=14
02-20 20:18:05.492  1914  1914 D SST     : EVENT_POLL_STATE_NETWORK_SELECTION_MODE
02-20 20:18:05.492  1376  1477 D AT      : AT< +CRSM: 144,0,0233
02-20 20:18:05.492  1376  1477 D AT      : AT< OK
02-20 20:18:05.492  1914  2015 D RILJ    : [3729]< SIM_IO IccIoResponse sw1:0x90 sw2:0x0 [SUB0]
02-20 20:18:05.496  1914  1914 D SST     : Poll ServiceState done:  oldSS=[0 0 voice home data home Android Android 310260 Android Android 310260  Unknown LTE CSS not supported -1 -1 RoamInd=-1 DefRoamInd=-1 EmergOnly=false IsDataRoamingFromRegistration=false IsUsingCarrierAggregation=false] newSS=[0 0 voice home data home Android Android 310260 Android Android 310260  Unknown LTE CSS not supported -1 -1 RoamInd=-1 DefRoamInd=-1 EmergOnly=false IsDataRoamingFromRegistration=false IsUsingCarrierAggregation=false] oldMaxDataCalls=1 mNewMaxDataCalls=1 oldReasonDataDenied=-1 mNewReasonDataDenied=-1
02-20 20:18:05.497  1914  1914 D RuimRecords: [RuimRecords] NO update mccmnc=310260
02-20 20:18:05.498  1376  1475 D RIL     : onRequest: SIM_IO
02-20 20:18:05.498  1376  1475 D AT      : AT> AT+CRSM=176,12258,0,0,10
02-20 20:18:05.498  1376  1477 D AT      : AT< +CRSM: 144,0,98101430121181157002
02-20 20:18:05.498  1376  1477 D AT      : AT< OK
02-20 20:18:05.515  2164  2220 V GridSizeMigrationTask: Workspace migration completed in 56
02-20 20:18:05.516  2164  2220 D Launcher.Model: loadWorkspace: loading default favorites
02-20 20:18:05.544  1914  1914 I liblog  : 50
02-20 20:18:05.544  1914  1914 D SIMRecords: [SIMRecords] EF_MBI: 01000000
02-20 20:18:05.544  1914  1914 D SIMRecords: [SIMRecords] Got valid mailbox number for MBDN
02-20 20:18:05.544  1914  1914 D RILJ    : [3733]> iccIO: SIM_IO 0xc0 0x6fc7  path: 3F007F20,0,0,15 aid: null [SUB0]
02-20 20:18:05.546  1914  1914 D SIMRecords: [SIMRecords] onRecordLoaded 10 requested: true
02-20 20:18:05.546  1914  1914 D SIMRecords: [SIMRecords] EF_AD: 00000003
02-20 20:18:05.546  1914  1914 D SIMRecords: [SIMRecords] setting4 mMncLength=3
02-20 20:18:05.546  1914  1914 D SIMRecords: [SIMRecords] update mccmnc=310260
02-20 20:18:05.546  1914  1914 D MccTable: updateMccMncConfiguration mccmnc='310260' fromServiceState=false
02-20 20:18:05.546  1376  1475 I liblog  : 8
02-20 20:18:05.546  1376  1475 D RIL     : onRequest: SIM_IO
02-20 20:18:05.546  1376  1475 D AT      : AT> AT+CRSM=192,28615,0,0,15
02-20 20:18:05.547  1376  1477 D AT      : AT< +CRSM: 144,0,000000406fc7040011a0aa01020120
02-20 20:18:05.547  1376  1477 D AT      : AT< OK
02-20 20:18:05.563  1659  1793 I liblog  : 1
02-20 20:18:05.563  1659  1793 I configuration_changed: 3
02-20 20:18:05.563  1659  1793 I ActivityManager: Config changes=3 {1.0 310mcc260mnc [en_US] ldltr sw360dp w360dp h668dp 640dpi nrml long port finger -keyb/v/h -nav/h s.6}
02-20 20:18:05.585  2164  2268 D         : HostConnection::get() New Host Connection established 0x77aed4c982a0, tid 2268
02-20 20:18:05.590  2164  2268 I OpenGLRenderer: Initialized EGL, version 1.4
02-20 20:18:05.590  2164  2268 D OpenGLRenderer: Swap behavior 1
02-20 20:18:05.616  2164  2268 D EGL_emulation: eglCreateContext: 0x77aed4c6ac20: maj 3 min 0 rcv 3
02-20 20:18:05.645  1659  2150 I dvm_lock_sample: [system_server,1,Binder:1659_7,58,UserManagerService.java,762,PackageManagerService.java,3132,11]
02-20 20:18:05.648  2164  2268 D EGL_emulation: eglMakeCurrent: 0x77aed4c6ac20: ver 3 0 (tinfo 0x77aed4cae520)
02-20 20:18:05.652  1659  1793 I am_relaunch_resume_activity: [0,193958390,134,com.google.android.apps.nexuslauncher/.NexusLauncherActivity]
02-20 20:18:04.623     0     0 D ieee80211 phy0: hw scan 2472 MHz
02-20 20:18:05.662  1367  2221 V EmulatedCamera_Camera: getCameraInfo
02-20 20:18:05.662  1367  2221 V EmulatedCamera_BaseCamera: getCameraInfo
02-20 20:18:05.665  1367  1367 V EmulatedCamera_Camera: getCameraInfo
02-20 20:18:05.665  1367  1367 V EmulatedCamera_BaseCamera: getCameraInfo
02-20 20:18:05.666  1914  1914 I liblog  : 5
02-20 20:18:05.666  1914  1914 D SIMRecords: [SIMRecords] onRecordLoaded 9 requested: true
02-20 20:18:05.667  1914  1914 D SIMRecords: [SIMRecords] EF_MWIS : 0000000000
02-20 20:18:05.667  1914  1914 D SIMRecords: [SIMRecords] onRecordLoaded 8 requested: true
02-20 20:18:05.667  1914  1914 D SIMRecords: [SIMRecords] EF_CPHS_MWI: 55
02-20 20:18:05.667  1914  1914 D SIMRecords: [SIMRecords] onRecordLoaded 7 requested: true
02-20 20:18:04.747     0     0 D ieee80211 phy0: hw scan 2484 MHz
02-20 20:18:05.667  1914  1914 D SIMRecords: [SIMRecords] EF_CFF_CPHS: 55
02-20 20:18:05.667  1914  1914 D SIMRecords: [SIMRecords] onRecordLoaded 6 requested: true
02-20 20:18:05.667  1914  1914 D SIMRecords: [SIMRecords] onRecordLoaded 5 requested: true
02-20 20:18:05.668  1914  1914 D SIMRecords: [SIMRecords] SST: UsimServiceTable[120]={ PHONEBOOK, FDN, FDN_EXTENSION, SDN, SDN_EXTENSION, BDN, BDN_EXTENSION, OUTGOING_CALL_INFO, ADVICE_OF_CHARGE, CAP_CONFIG_PARAMS_2, GROUP_ID_LEVEL_1, GROUP_ID_LEVEL_2, SPN, USER_PLMN_SELECT, MSISDN, IMAGE, LOCALISED_SERVICE_AREAS, EMLPP, EMLPP_AUTO_ANSWER, RFU, GSM_ACCESS, DATA_DL_VIA_SMS_PP, DATA_DL_VIA_SMS_CB, CALL_CONTROL_BY_USIM, MO_SMS_CONTROL_BY_USIM, RUN_AT_COMMAND, APN_CONTROL_LIST, DEPERSONALISATION_CONTROL_KEYS, COOPERATIVE_NETWORK_LIST, GSM_SECURITY_CONTEXT, SERVICE_PROVIDER_DISPLAY_INFO, MMS_NOTIFICATION, MMS_NOTIFICATION_EXTENSION, GPRS_CALL_CONTROL_BY_USIM, VGCS_GROUP_ID_LIST, VBS_GROUP_ID_LIST, OMA_BCAST_PROFILE, GBA_LOCAL_KEY_ESTABLISHMENT, #101, #102, #103, #104, #105, #106, #107, #108, #109, #110 }
02-20 20:18:05.668  1914  1914 D SIMRecords: [SIMRecords] onRecordLoaded 4 requested: true
02-20 20:18:05.668  1914  1914 D SIMRecords: [SIMRecords] iCPHS: 0233
02-20 20:18:05.668  1914  1914 D SIMRecords: [SIMRecords] onRecordLoaded 3 requested: true
02-20 20:18:05.668  1914  1914 D RuimRecords: [RuimRecords] iccid: 89014103211118510720
02-20 20:18:05.668  1914  1914 D RuimRecords: [RuimRecords] onRecordLoaded 0 requested: true
02-20 20:18:05.668  1914  1914 D RuimRecords: [RuimRecords] record load complete
02-20 20:18:05.669  1914  1914 D RILJ    : [3734]> iccIO: SIM_IO 0xb0 0x6f14  path: 3F007F20,0,0,20 aid: null [SUB0]
02-20 20:18:05.669  1914  1914 D SIMRecords: [SIMRecords] MSISDN: [t-WgLegCyIMgfHgPkOdM6pkZbpA]
02-20 20:18:05.669  1914  1914 D SIMRecords: [SIMRecords] onRecordLoaded 2 requested: true
02-20 20:18:05.669  1914  1914 D RILJ    : [3735]> iccIO: SIM_IO 0xb2 0x6fc7  path: 3F007F20,1,4,32 aid: null [SUB0]
02-20 20:18:05.669  1376  1475 D RIL     : onRequest: SIM_IO
02-20 20:18:05.669  1376  1475 D AT      : AT> AT+CRSM=176,28436,0,0,20
02-20 20:18:05.670  1376  1477 D AT      : AT< +CRSM: 144,0,416e64726f6964ffffffffffffffffffffffffff
02-20 20:18:05.670  1376  1477 D AT      : AT< OK
02-20 20:18:05.670  1376  1475 D RIL     : onRequest: SIM_IO
02-20 20:18:05.670  1376  1475 D AT      : AT> AT+CRSM=178,28615,1,4,32
02-20 20:18:05.670  1914  2015 D RILJ    : [3734]< SIM_IO IccIoResponse sw1:0x90 sw2:0x0 [SUB0]
02-20 20:18:05.672  1376  1477 D AT      : AT< +CRSM: 144,0,566f6963656d61696cffffffffffffffffff07915155125740f9ffffffffffff
02-20 20:18:05.672  1376  1477 D AT      : AT< OK
02-20 20:18:05.672  1914  2015 D RILJ    : [3735]< SIM_IO IccIoResponse sw1:0x90 sw2:0x0 [SUB0]
02-20 20:18:05.678  1914  1914 D SIMRecords: [SIMRecords] getServiceProviderName: no brandOverride, providerName=Android
02-20 20:18:05.678  1914  1914 D SIMRecords: [SIMRecords] Load EF_SPN_CPHS: Android
02-20 20:18:05.678  1914  1914 D TelephonyManager: setTelephonyProperty: success phoneId=0 property=gsm.sim.operator.alpha value: Android propVal=Android
02-20 20:18:05.678  1914  1914 D SIMRecords: [SIMRecords] onRecordLoaded 1 requested: true
02-20 20:18:05.678  1914  1914 D SIMRecords: [SIMRecords] VM: ADN Record 'Voicemail' '[-MWU1cAlDrkXUZ8dpHi_wU_YOpU] null' EF[MBDN]
02-20 20:18:05.678  1914  1914 D SIMRecords: [SIMRecords] onRecordLoaded 0 requested: true
02-20 20:18:05.678  1914  1914 D SIMRecords: [SIMRecords] record load complete
02-20 20:18:05.678  1914  1914 D SIMRecords: [SIMRecords] Not using EF LI/EF PL
02-20 20:18:05.679  1914  1914 D SIMRecords: [SIMRecords] EF_CFF: callForwardingEnabled=0
02-20 20:18:05.679  1914  1914 D SIMRecords: [SIMRecords] onAllRecordsLoaded set 'gsm.sim.operator.numeric' to operator='310260'
02-20 20:18:05.679  1914  1914 D SIMRecords: [SIMRecords] update icc_operator_numeric=310260
02-20 20:18:05.679  1914  1914 D TelephonyManager: setTelephonyProperty: success phoneId=0 property=gsm.sim.operator.numeric value: 310260 propVal=310260
02-20 20:18:05.681  1914  1926 D DCT     : [0]hasMatchedTetherApnSetting: APN=null
02-20 20:18:05.687  1914  1914 D SubscriptionController: [setMccMnc]+ mcc/mnc:310/260 subId:-1
02-20 20:18:05.706  1914  1914 D SubscriptionController: notifySubscriptionInfoChanged:
02-20 20:18:05.708  1914  1927 D SubscriptionController: [getActiveSubInfoList] Sub Controller not ready
02-20 20:18:05.712  1659  2289 I am_proc_start: [0,2292,10014,com.google.process.gapps,content provider,com.google.android.gsf/.gservices.GservicesProvider]
02-20 20:18:05.712  1659  2289 I ActivityManager: Start proc 2292:com.google.process.gapps/u0a14 for content provider com.google.android.gsf/.gservices.GservicesProvider
02-20 20:18:05.718  2292  2292 W art     : Unexpected CPU variant for X86 using defaults: x86_64
02-20 20:18:05.719  1914  1914 D SIMRecords: [SIMRecords] onAllRecordsLoaded set mcc imsi
02-20 20:18:05.719  1914  1914 D TelephonyManager: setTelephonyProperty: success phoneId=0 property=gsm.sim.operator.iso-country value: us propVal=us
02-20 20:18:05.720  1914  1914 D SST     : SubscriptionListener.onSubscriptionInfoChanged
02-20 20:18:05.720  1914  1914 D SIMRecords: [SIMRecords]  VoiceMessageCount from SIM MWIS = 0
02-20 20:18:05.720  1914  1914 E Phone   : getStoredVoiceMessageCount: invalid subId -2
02-20 20:18:05.720  1914  1914 D GsmCdmaPhone: [GsmCdmaPhone] updateVoiceMail countVoiceMessages = 0 subId -2
02-20 20:18:05.720  1914  1914 E Phone   : setVoiceMessageCount in sharedPreference: invalid subId -2
02-20 20:18:05.721  1914  1914 D DCT     : [0]SubscriptionListener.onSubscriptionInfoChanged
02-20 20:18:05.732  2164  2268 D EGL_emulation: eglMakeCurrent: 0x77aed4c6ac20: ver 3 0 (tinfo 0x77aed4cae520)
02-20 20:18:05.732  1914  1914 D SubscriptionController: [getActiveSubInfoList] Sub Controller not ready
02-20 20:18:05.735  1914  1914 D SubscriptionController: [getActiveSubInfoList] Sub Controller not ready
02-20 20:18:05.735  1914  1914 I Telephony: PstnIncomingCallNotifier: Unregistering: Handler (com.android.internal.telephony.GsmCdmaPhone) {7fd12a4}
02-20 20:18:05.738  1914  1914 E PhoneInterfaceManager: [PhoneIntfMgr] getIccId: No UICC
02-20 20:18:05.744  2229  2229 W System  : ClassLoader referenced unknown path: /system/app/PrebuiltDeskClockGoogle/lib/x86_64
02-20 20:18:05.747  1659  2150 I am_proc_bound: [0,2292,com.google.process.gapps]
02-20 20:18:05.757  1659  1958 I Telecom : PhoneAccountRegistrar: [ComponentInfo{com.android.phone/com.android.services.telephony.TelephonyConnectionService}, [e0184adedf913b076626646d3f52c3b49c39ad6d], UserHandle{0}(addr: tel:*********** -> tel:)(icon: Icon(typ=BITMAP size=76x96) -> Icon(typ=BITMAP size=76x96))(subAddr: tel:*********** -> tel:)]: TSI.rPA@AAk
02-20 20:18:05.760  1659  1958 I Telecom : : Sending phone-account registered intent as user: TSI.rPA@AAk
02-20 20:18:05.763  2164  2164 I am_on_paused_called: [0,com.google.android.apps.nexuslauncher.NexusLauncherActivity,handleRelaunchActivity]
02-20 20:18:05.781  1914  1914 I Telephony: AccountEntry: Registered phoneAccount: [[ ] PhoneAccount: ComponentInfo{com.android.phone/com.android.services.telephony.TelephonyConnectionService}, [e0184adedf913b076626646d3f52c3b49c39ad6d], UserHandle{0} Capabilities: CallProvider MultiUser PlaceEmerg SimSub  Schemes: tel voicemail  Extras: null GroupId: [da39a3ee5e6b4b0d3255bfef95601890afd80709]] with handle: ComponentInfo{com.android.phone/com.android.services.telephony.TelephonyConnectionService}, [e0184adedf913b076626646d3f52c3b49c39ad6d], UserHandle{0}
02-20 20:18:05.781  1914  1914 I Telephony: PstnIncomingCallNotifier: Registering: Handler (com.android.internal.telephony.GsmCdmaPhone) {7fd12a4}
02-20 20:18:05.789  2164  2268 D EGL_emulation: eglMakeCurrent: 0x77aed4c6ac20: ver 3 0 (tinfo 0x77aed4cae520)
02-20 20:18:05.799  1914  1914 D CAT     : CatService: handleMessage[20]
02-20 20:18:05.799  1914  1914 D GsmCdmaPhone: [GsmCdmaPhone] updateCurrentCarrierInProvider: mSubId = -2 currentDds = 1 operatorNumeric = 310260
02-20 20:18:05.799  1914  1914 D IccCardProxy: operator=310260 mPhoneId=0
02-20 20:18:05.799  1914  1914 D TelephonyManager: setTelephonyProperty: success phoneId=0 property=gsm.sim.operator.numeric value: 310260 propVal=310260
02-20 20:18:05.799  1914  1914 D TelephonyManager: setTelephonyProperty: success phoneId=0 property=gsm.sim.operator.iso-country value: us propVal=us
02-20 20:18:05.800  1914  1914 D IccCardProxy: Sending intent ACTION_INTERNAL_SIM_STATE_CHANGED for mPhoneId : 0
02-20 20:18:05.809  2292  2292 I art     : Starting a blocking GC AddRemoveAppImageSpace
02-20 20:18:05.809  1914  1914 D SST     : EVENT_SIM_RECORDS_LOADED: what=16
02-20 20:18:05.809  1914  1914 D GsmCdmaPhone: [GsmCdmaPhone] updatePhoneObject: radioTechnology=0
02-20 20:18:05.809  1914  1914 D SST     : getOtasp: otasp not needed for GSM
02-20 20:18:05.809  1914  1914 D SST     : updateOtaspState: call notifyOtaspChanged old otaspMode=0 new otaspMode=3
02-20 20:18:05.809  1914  1914 D SIMRecords: [SIMRecords] getServiceProviderName: no brandOverride, providerName=Android
02-20 20:18:05.809  1914  1914 D SIMRecords: [SIMRecords] getServiceProviderName: no brandOverride, providerName=Android
02-20 20:18:05.810  1914  1914 D SST     : updateSpnDisplay: changed sending intent rule=1 showPlmn='false' plmn='Android' showSpn='true' spn='Android' dataSpn='Android' subId='-2'
02-20 20:18:05.810  2292  2292 W System  : ClassLoader referenced unknown path: /system/priv-app/GoogleServicesFramework/lib/x86_64
02-20 20:18:05.814  1914  1914 D SubscriptionController: [setPlmnSpn] No valid subscription to store info
02-20 20:18:05.814  1914  1914 D SubscriptionController: notifySubscriptionInfoChanged:
02-20 20:18:05.829  1914  1914 E PhoneInterfaceManager: [PhoneIntfMgr] getIccId: No UICC
02-20 20:18:05.841  2164  2164 I am_on_stop_called: [0,com.google.android.apps.nexuslauncher.NexusLauncherActivity,destroy]
02-20 20:18:05.846  1914  1926 D SubscriptionController: [getActiveSubInfoList] Sub Controller not ready
02-20 20:18:05.846  1659  1659 I GnssLocationProvider: WakeLock acquired by sendMessage(12, 0, null)
02-20 20:18:05.847  1659  1659 I GnssLocationProvider: WakeLock acquired by sendMessage(12, 0, null)
02-20 20:18:05.848  1914  2291 D SubscriptionController: [getActiveSubInfoList] Sub Controller not ready
02-20 20:18:05.851  1659  2287 I Telecom : PhoneAccountRegistrar: [ComponentInfo{com.android.phone/com.android.services.telephony.TelephonyConnectionService}, [e0184adedf913b076626646d3f52c3b49c39ad6d], UserHandle{0}(icon: Icon(typ=BITMAP size=76x96) -> Icon(typ=BITMAP size=76x96))]: TSI.rPA@AAw
02-20 20:18:05.853  1659  2287 I Telecom : : Sending phone-account registered intent as user: TSI.rPA@AAw
02-20 20:18:05.853  1914  1914 D SubscriptionInfoUpdater: [Receiver]+
02-20 20:18:05.853  1914  1914 D SubscriptionInfoUpdater: Action: android.intent.action.internal_sim_state_changed
02-20 20:18:05.853  1914  1914 D SubscriptionInfoUpdater: slotId: 0
02-20 20:18:05.853  1914  1914 D SubscriptionInfoUpdater: simStatus: LOADED
02-20 20:18:05.853  1914  1914 D SubscriptionInfoUpdater: [Receiver]-
02-20 20:18:05.853  1914  1914 D GsmCdmaPhone: [GsmCdmaPhone] phoneObjectUpdater: newVoiceRadioTech=0
02-20 20:18:05.854  1914  1914 D GsmCdmaPhone: [GsmCdmaPhone] phoneObjectUpdater: volteReplacementRat=0
02-20 20:18:05.854  1914  1914 E GsmCdmaPhone: [GsmCdmaPhone] phoneObjectUpdater: newVoiceRadioTech=0 doesn't match either CDMA or GSM - error! No phone change
02-20 20:18:05.854  1914  1914 D SST     : SubscriptionListener.onSubscriptionInfoChanged
02-20 20:18:05.855  1914  1914 D DCT     : [0]SubscriptionListener.onSubscriptionInfoChanged
02-20 20:18:05.855  1914  1914 D SubscriptionController: [getActiveSubInfoList] Sub Controller not ready
02-20 20:18:05.856  1914  1914 D SubscriptionController: [getActiveSubInfoList] Sub Controller not ready
02-20 20:18:05.856  1914  1914 I Telephony: PstnIncomingCallNotifier: Unregistering: Handler (com.android.internal.telephony.GsmCdmaPhone) {7fd12a4}
02-20 20:18:04.867     0     0 D ieee80211 phy0: hw scan complete
02-20 20:18:04.867     0     0 D ieee80211 phy0: hwsim hw_scan request
02-20 20:18:04.867     0     0 D ieee80211 phy0: hw scan 5180 MHz
02-20 20:18:04.982     0     0 D ieee80211 phy0: hw scan 5200 MHz
02-20 20:18:05.862  1914  1914 E PhoneInterfaceManager: [PhoneIntfMgr] getIccId: No UICC
02-20 20:18:05.876  2292  2292 I GservicesProvider: Gservices pushing to system: true; secure/global: true
02-20 20:18:05.882  1659  1659 I FusedLocation: engine stopped (com.android.location.fused)
02-20 20:18:05.884  1659  2287 I Telecom : PhoneAccountRegistrar: [ComponentInfo{com.android.phone/com.android.services.telephony.TelephonyConnectionService}, [e0184adedf913b076626646d3f52c3b49c39ad6d], UserHandle{0}(icon: Icon(typ=BITMAP size=76x96) -> Icon(typ=BITMAP size=76x96))]: TSI.rPA@AA0
02-20 20:18:05.907  1764  1764 I StatusBar: isKeyguardShowing() called before startKeyguard(), returning true
02-20 20:18:05.907  1764  1764 W StatusBar: isKeyguardSecure() called before startKeyguard(), returning false
02-20 20:18:05.907  1764  1764 W StatusBar: java.lang.Throwable
02-20 20:18:05.907  1764  1764 W StatusBar: 	at com.android.systemui.statusbar.BaseStatusBar.isKeyguardSecure(BaseStatusBar.java:2647)
02-20 20:18:05.907  1764  1764 W StatusBar: 	at com.android.systemui.statusbar.BaseStatusBar.isCameraAllowedByAdmin(BaseStatusBar.java:2670)
02-20 20:18:05.907  1764  1764 W StatusBar: 	at com.android.systemui.statusbar.phone.KeyguardBottomAreaView.updateCameraVisibility(KeyguardBottomAreaView.java:309)
02-20 20:18:05.907  1764  1764 W StatusBar: 	at com.android.systemui.statusbar.phone.KeyguardBottomAreaView.setUserSetupComplete(KeyguardBottomAreaView.java:281)
02-20 20:18:05.907  1764  1764 W StatusBar: 	at com.android.systemui.statusbar.phone.PhoneStatusBar$1.onChange(PhoneStatusBar.java:441)
02-20 20:18:05.907  1764  1764 W StatusBar: 	at com.android.systemui.statusbar.phone.PhoneStatusBar.resetUserSetupObserver(PhoneStatusBar.java:3676)
02-20 20:18:05.907  1764  1764 W StatusBar: 	at com.android.systemui.statusbar.phone.PhoneStatusBar.makeStatusBarView(PhoneStatusBar.java:1008)
02-20 20:18:05.907  1764  1764 W StatusBar: 	at com.android.systemui.statusbar.phone.PhoneStatusBar.addStatusBarWindow(PhoneStatusBar.java:3432)
02-20 20:18:05.907  1764  1764 W StatusBar: 	at com.android.systemui.statusbar.phone.PhoneStatusBar.createAndAddWindows(PhoneStatusBar.java:3428)
02-20 20:18:05.907  1764  1764 W StatusBar: 	at com.android.systemui.statusbar.BaseStatusBar.start(BaseStatusBar.java:765)
02-20 20:18:05.907  1764  1764 W StatusBar: 	at com.android.systemui.statusbar.phone.PhoneStatusBar.start(PhoneStatusBar.java:686)
02-20 20:18:05.907  1764  1764 W StatusBar: 	at com.android.systemui.statusbar.SystemBars.createStatusBarFromConfig(SystemBars.java:106)
02-20 20:18:05.907  1764  1764 W StatusBar: 	at com.android.systemui.statusbar.SystemBars.onNoService(SystemBars.java:58)
02-20 20:18:05.907  1764  1764 W StatusBar: 	at com.android.systemui.statusbar.ServiceMonitor.startService(ServiceMonitor.java:230)
02-20 20:18:05.907  1764  1764 W StatusBar: 	at com.android.systemui.statusbar.ServiceMonitor.-wrap5(ServiceMonitor.java)
02-20 20:18:05.907  1764  1764 W StatusBar: 	at com.android.systemui.statusbar.ServiceMonitor$1.handleMessage(ServiceMonitor.java:73)
02-20 20:18:05.907  1764  1764 W StatusBar: 	at android.os.Handler.dispatchMessage(Handler.java:102)
02-20 20:18:05.907  1764  1764 W StatusBar: 	at android.os.Looper.loop(Looper.java:154)
02-20 20:18:05.907  1764  1764 W StatusBar: 	at android.app.ActivityThread.main(ActivityThread.java:6119)
02-20 20:18:05.907  1764  1764 W StatusBar: 	at java.lang.reflect.Method.invoke(Native Method)
02-20 20:18:05.907  1764  1764 W StatusBar: 	at com.android.internal.os.ZygoteInit$MethodAndArgsCaller.run(ZygoteInit.java:886)
02-20 20:18:05.907  1764  1764 W StatusBar: 	at com.android.internal.os.ZygoteInit.main(ZygoteInit.java:776)
02-20 20:18:05.912  1764  1982 D OpenGLRenderer: profile bars disabled
02-20 20:18:05.913  1764  1982 D OpenGLRenderer: ambientRatio = 1.50
02-20 20:18:05.924  1659  2287 I Telecom : : Sending phone-account registered intent as user: TSI.rPA@AA0
02-20 20:18:05.927  1764  1764 D PhoneStatusBar: disable: < EXPAND* icons alerts system_info BACK* HOME* RECENT* clock SEARCH* quick_settings >
02-20 20:18:05.940  1914  1926 D SubscriptionController: [getSlotId]- subId invalid
02-20 20:18:05.942  1914  1914 I Telephony: AccountEntry: Registered phoneAccount: [[ ] PhoneAccount: ComponentInfo{com.android.phone/com.android.services.telephony.TelephonyConnectionService}, [e0184adedf913b076626646d3f52c3b49c39ad6d], UserHandle{0} Capabilities: CallProvider MultiUser PlaceEmerg SimSub  Schemes: tel voicemail  Extras: null GroupId: [da39a3ee5e6b4b0d3255bfef95601890afd80709]] with handle: ComponentInfo{com.android.phone/com.android.services.telephony.TelephonyConnectionService}, [e0184adedf913b076626646d3f52c3b49c39ad6d], UserHandle{0}
02-20 20:18:05.942  1914  1914 I Telephony: PstnIncomingCallNotifier: Registering: Handler (com.android.internal.telephony.GsmCdmaPhone) {7fd12a4}
02-20 20:18:05.943  1914  1914 D SubscriptionInfoUpdater: handleSimStateLoadedInternal: slotId: 0
02-20 20:18:05.943  1914  1914 D SubscriptionInfoUpdater: All IccIds query complete
02-20 20:18:05.943  1914  1914 D SubscriptionInfoUpdater: updateSubscriptionInfoByIccId:+ Start
02-20 20:18:05.944  1659  1792 I dvm_lock_sample: [system_server,1,Binder:1659_3,16,ActivityManagerService.java,10323,-,18551,3]
02-20 20:18:05.950  2164  2164 I am_on_resume_called: [0,com.google.android.apps.nexuslauncher.NexusLauncherActivity,handleRelaunchActivity]
02-20 20:18:05.964  1914  1914 D SubscriptionController: [clearSubInfo]- no simInfo size=0
02-20 20:18:05.964  1914  1914 D SubscriptionInfoUpdater: insertedSimCount = 1
02-20 20:18:05.964  1914  1914 D SubscriptionController: [getSubInfoUsingSlotIdWithCheck]+ slotId:0
02-20 20:18:05.972  1914  1914 D SubscriptionController: [getPhoneId]- no sims, returning default phoneId=2147483647
02-20 20:18:05.975  1914  1914 D SubscriptionController: [getPhoneId]- no sims, returning default phoneId=2147483647
02-20 20:18:05.975  2164  2220 V GridSizeMigrationTask: Workspace migration completed in 30
02-20 20:18:05.975  2164  2220 D Launcher.Model: loadWorkspace: loading default favorites
02-20 20:18:05.975  1914  1914 D SubscriptionController: [getPhoneId]- no sims, returning default phoneId=2147483647
02-20 20:18:05.976  1659  2290 I force_gc: Binder
02-20 20:18:05.978  1914  1914 D SubscriptionController: [getSubInfoUsingSlotId]- null info return
02-20 20:18:05.978  1914  1914 D SubscriptionInfoUpdater: updateSubscriptionInfoByIccId: oldSubId = 1
02-20 20:18:05.978  1914  1914 D SubscriptionInfoUpdater: updateSubscriptionInfoByIccId: oldIccId[0] = 89014103211118510720, sIccId[0] = 89014103211118510720
02-20 20:18:05.978  1914  1914 D SubscriptionController: [addSubInfoRecord]+ iccId:89014103211118510720 slotId:0
02-20 20:18:05.981  1914  1914 D SubscriptionController: [getActiveSubInfoList] Sub Controller not ready
02-20 20:18:05.981  1914  1914 D SubscriptionController: [addSubInfoRecord] Record already exists
02-20 20:18:06.002  1914  1914 D SubscriptionController: [addSubInfoRecord] sSlotIdxToSubId.size=1 slotId=0 subId=1 defaultSubId=1 simCount=1
02-20 20:18:06.002  1914  1914 D SubscriptionController: [setDefaultFallbackSubId] subId=1
02-20 20:18:06.002  1914  1914 D SubscriptionController: [setDefaultFallbackSubId] set mDefaultFallbackSubId=1
02-20 20:18:06.002  1914  1914 D MccTable: updateMccMncConfiguration mccmnc='310260' fromServiceState=false
02-20 20:18:06.004  1914  1914 D MccTable: updateMccMncConfiguration defaultMccMnc=310260
02-20 20:18:06.004  1914  1914 D MccTable: updateMccMncConfiguration: mcc=310, mnc=260
02-20 20:18:06.004  1914  1914 D MccTable: updateMccMncConfiguration updateConfig config={1.0 310mcc260mnc ?localeList ?layoutDir ?swdp ?wdp ?hdp ?density ?lsize ?long ?orien ?uimode ?night ?touch ?keyb/?/? ?nav/?}
02-20 20:18:06.016  1764  2275 D TelephonyManager: getSimState: default sim:-1, sim state for slotIdx=0 is 5, return state as unknown
02-20 20:18:06.051  1914  1914 D SubscriptionController: [setDefaultFallbackSubId] broadcast default subId changed phoneId=0 subId=1
02-20 20:18:06.052  1914  1914 D SubscriptionController: [addSubInfoRecord] one sim set defaults to subId=1
02-20 20:18:06.054  1914  1914 D SubscriptionController: [setDefaultDataSubId] num phones=1, subId=1
02-20 20:18:06.054  1914  1914 D SubscriptionController: [setDefaultDataSubId] phoneId=0 subId=1 RAF=1
02-20 20:18:05.110     0     0 D ieee80211 phy0: hw scan 5220 MHz
02-20 20:18:06.054  1914  1914 D SubscriptionController: [updateAllDataConnectionTrackers] sPhones.length=1
02-20 20:18:06.054  1914  1914 D SubscriptionController: [updateAllDataConnectionTrackers] phoneId=0
02-20 20:18:06.054  1914  1927 D RILJ    : [3736]> RIL_REQUEST_GET_CELL_INFO_LIST [SUB0]
02-20 20:18:06.054  1914  1914 D DCT     : [0]update sub = 1
02-20 20:18:06.054  1914  1914 D DCT     : [0]update(): Active DDS, register for all events now!
02-20 20:18:06.054  1914  1914 D DCT     : [0]New records found.
02-20 20:18:06.054  1914  1914 D SST     : mDeviceShuttingDown=false, mDesiredPowerState=true, getRadioState=RADIO_ON, mPowerOffDelayNeed=true, mAlarmSwitch=false, mRadioDisabledByCarrier=false
02-20 20:18:06.055  1376  1475 D RIL     : onRequest: GET_CELL_INFO_LIST
02-20 20:18:06.055  1376  1475 D RILC    : responseCellInfoList: v12
02-20 20:18:06.064  1914  1914 D GsmCdmaPhone: [GsmCdmaPhone] updateCurrentCarrierInProvider: mSubId = 1 currentDds = 1 operatorNumeric = 310260
02-20 20:18:06.073  1914  2015 D RILJ    : [3736]< RIL_REQUEST_GET_CELL_INFO_LIST [CellInfoGsm:{mRegistered=YES mTimeStampType=modem mTimeStamp=13025433816ns CellIdentityGsm:{ mMcc=310 mMnc=260 mLac=3 mCid=91 mArfcn=10 mBsic=0x0} CellSignalStrengthGsm: ss=-1809845832 ber=30771 mTa=-1801356164}] [SUB0]
02-20 20:18:06.082  1764  1764 D PhoneStatusBar: heads up is enabled
02-20 20:18:06.107  2259  2259 E OverlaySController: Calling with an invalid UID, the interface will not work
02-20 20:18:06.111  1312  1324 D gralloc_ranchu: gralloc_alloc: Creating ashmem region of size 17051648
02-20 20:18:06.130  2292  2292 I GoogleHttpClient: GMS http client unavailable, use old client
02-20 20:18:06.149  1914  1914 D SubscriptionController: [broadcastDefaultDataSubIdChanged] subId=1
02-20 20:18:06.152  1914  1914 D SubscriptionController: [setDefaultSmsSubId] subId=1
02-20 20:18:06.152  1914  1914 D SubscriptionController: [broadcastDefaultSmsSubIdChanged] subId=1
02-20 20:18:06.153  1914  1914 D SubscriptionController: [setDefaultVoiceSubId] subId=1
02-20 20:18:06.153  1914  1914 D SubscriptionController: [broadcastDefaultVoiceSubIdChanged] subId=1
02-20 20:18:06.154  1914  1914 D SubscriptionController: [addSubInfoRecord] hashmap(0,1)
02-20 20:18:05.230     0     0 D ieee80211 phy0: hw scan 5240 MHz
02-20 20:18:06.197  2164  2268 D EGL_emulation: eglMakeCurrent: 0x77aed4c6ac20: ver 3 0 (tinfo 0x77aed4cae520)
02-20 20:18:06.288  1914  1914 D SubscriptionController: [addSubInfoRecord] sim name = Android
02-20 20:18:06.288  1914  1914 D DCT     : [0]update sub = 1
02-20 20:18:06.288  1914  1914 D DCT     : [0]update(): Active DDS, register for all events now!
02-20 20:18:06.289  1914  1914 D GsmCdmaPhone: [GsmCdmaPhone] updateCurrentCarrierInProvider: mSubId = 1 currentDds = 1 operatorNumeric = 310260
02-20 20:18:06.304  2124  2124 W KeyphraseEnrollmentInfo: No Enrollment application supports the given keyphrase/locale
02-20 20:18:06.314  1914  1914 D SubscriptionController: [addSubInfoRecord]- info size=1
02-20 20:18:06.315  1914  1914 D SubscriptionInfoUpdater: newSim = false
02-20 20:18:06.315  1914  1914 D SubscriptionInfoUpdater: updateSubscriptionInfoByIccId: sInsertSimState[0] = 0
02-20 20:18:06.318  1914  1914 D SubscriptionInfoUpdater: updateSubscriptionInfoByIccId: nSubCount = 1
02-20 20:18:06.318  1914  1914 D SubscriptionController: [setDefaultDataSubId] num phones=1, subId=1
02-20 20:18:06.318  1914  1914 D SubscriptionController: [setDefaultDataSubId] phoneId=0 subId=1 RAF=1
02-20 20:18:06.318  1914  1914 D ProxyController: setRadioCapability: Already in requested configuration, nothing to do.
02-20 20:18:06.318  1914  1914 D SubscriptionController: [updateAllDataConnectionTrackers] sPhones.length=1
02-20 20:18:06.318  1914  1914 D SubscriptionController: [updateAllDataConnectionTrackers] phoneId=0
02-20 20:18:06.318  1914  1914 D DCT     : [0]update sub = 1
02-20 20:18:06.318  1914  1914 D DCT     : [0]update(): Active DDS, register for all events now!
02-20 20:18:06.318  1914  1914 D GsmCdmaPhone: [GsmCdmaPhone] updateCurrentCarrierInProvider: mSubId = 1 currentDds = 1 operatorNumeric = 310260
02-20 20:18:06.330  1914  1914 D SubscriptionController: [broadcastDefaultDataSubIdChanged] subId=1
02-20 20:18:06.331  1914  1914 D SubscriptionController: notifySubscriptionInfoChanged:
02-20 20:18:06.331  1659  1659 I GnssLocationProvider: WakeLock acquired by sendMessage(12, 0, null)
02-20 20:18:06.331  1914  2323 D SubscriptionMonitor: Phone[0] subId changed -2->1, 1 registrants
02-20 20:18:06.331  1914  2323 D SubscriptionMonitor: mDefaultDataSubId = 1, 1 registrants
02-20 20:18:06.332  1914  1914 D SubscriptionInfoUpdater: updateSubscriptionInfoByIccId:- SsubscriptionInfo update complete
02-20 20:18:06.332  1914  1914 D MccTable: updateMccMncConfiguration mccmnc='310260' fromServiceState=false
02-20 20:18:06.332  1914  1914 D MccTable: updateMccMncConfiguration defaultMccMnc=310260
