02-20 20:18:01.400  1659  1693 D         : HostConnection::get() New Host Connection established 0x77aee7414be0, tid 1693
02-20 20:18:01.407  1659  1659 D WebViewFactory: Setting new address space to 137955392
02-20 20:18:01.412  1659  1659 I Zygote  : Process: zygote socket opened, supported ABIS: x86
02-20 20:18:01.413  1365  1561 I art     : Starting a blocking GC HeapTrim
02-20 20:18:01.419  1365  1365 I art     : Starting a blocking GC Background
02-20 20:18:01.422  1267  1302 V vold    : /dev/block/vold/disk:253,64: LABEL="SDCARD" UUID="1E12-0B12" TYPE="vfat" 
02-20 20:18:01.422  1267  1302 V vold    : 
02-20 20:18:01.422  1659  1727 D VoldConnector: RCV <- {650 public:253,64 0 "disk:253,64" ""}
02-20 20:18:01.423  1659  1727 D VoldConnector: RCV <- {651 public:253,64 0}
02-20 20:18:01.423  1659  1727 D VoldConnector: RCV <- {643 disk:253,64}
02-20 20:18:01.421     0     0 D ieee80211 phy1: hw scan 2417 MHz
02-20 20:18:01.433  1659  1727 D VoldConnector: RCV <- {200 3 Command succeeded}
02-20 20:18:01.433  1659  1726 D VoldConnector: SND -> {4 volume user_added 0 0}
02-20 20:18:01.434  1659  1727 D VoldConnector: RCV <- {200 4 Command succeeded}
02-20 20:18:01.439  1659  1780 E WVMExtractor: Failed to open libwvm.so: dlopen failed: library "libwvm.so" not found
02-20 20:18:01.457  1659  1659 I am_proc_start: [0,1794,1037,WebViewLoader-x86,,]
02-20 20:18:01.457  1659  1659 I ActivityManager: Start proc 1794:WebViewLoader-x86/1037 [android.webkit.WebViewFactory$RelroFileCreator] for 
02-20 20:18:01.465  1374  1374 I MediaPlayerService: MediaPlayerService::getOMX
02-20 20:18:01.475  1659  1659 I am_proc_start: [0,1799,1037,WebViewLoader-x86_64,,]
02-20 20:18:01.475  1659  1659 I ActivityManager: Start proc 1799:WebViewLoader-x86_64/1037 [android.webkit.WebViewFactory$RelroFileCreator] for 
02-20 20:18:01.475  1659  1688 I am_proc_bound: [0,1764,com.android.systemui]
02-20 20:18:01.476  1374  1374 I OMXClient: MuxOMX ctor
02-20 20:18:01.477  1374  1374 I MediaPlayerService: MediaPlayerService::getOMX
02-20 20:18:01.478  1374  1374 I OMXClient: MuxOMX ctor
02-20 20:18:01.479  1371  1371 I OMXMaster: makeComponentInstance(OMX.google.mp3.decoder) in mediacodec process
02-20 20:18:01.482  1659  1726 D VoldConnector: SND -> {5 volume mount emulated 3 -1}
02-20 20:18:01.484  1267  1302 V vold    : Waiting for FUSE to spin up...
02-20 20:18:01.484  1659  1727 D VoldConnector: RCV <- {651 emulated 1}
02-20 20:18:01.484  1659  1727 D VoldConnector: RCV <- {656 emulated /data/media}
02-20 20:18:01.484  1659  1727 D VoldConnector: RCV <- {655 emulated /storage/emulated}
02-20 20:18:01.484  1794  1794 W art     : Unexpected CPU variant for X86 using defaults: x86
02-20 20:18:01.488  1799  1799 W art     : Unexpected CPU variant for X86 using defaults: x86_64
02-20 20:18:01.498  1799  1799 V WebViewFactory: RelroFileCreator (64bit = true),  32-bit lib: /system/app/Chrome/Chrome.apk!/lib/x86/libmonochrome.so, 64-bit lib: /system/app/Chrome/Chrome.apk!/lib/x86_64/libmonochrome.so
02-20 20:18:01.501  1659  1687 I am_proc_bound: [0,1758,com.android.inputmethod.latin]
02-20 20:18:01.518  1805  1805 W sdcard  : Device explicitly disabled sdcardfs
02-20 20:18:01.530  1794  1794 V WebViewFactory: RelroFileCreator (64bit = false),  32-bit lib: /system/app/Chrome/Chrome.apk!/lib/x86/libmonochrome.so, 64-bit lib: /system/app/Chrome/Chrome.apk!/lib/x86_64/libmonochrome.so
02-20 20:18:01.543  1267  1302 V vold    : Waiting for FUSE to spin up...
02-20 20:18:01.542     0     0 D ieee80211 phy1: hw scan 2422 MHz
02-20 20:18:01.547  1764  1764 W System  : ClassLoader referenced unknown path: /system/priv-app/SystemUIGoogle/lib/x86_64
02-20 20:18:01.588     0     0 D SELinux : initialized (dev fuse, type fuse), uses genfs_contexts
02-20 20:18:01.553  1659  1659 D NetworkManagement: enabling bandwidth control
02-20 20:18:01.593  1267  1302 V vold    : Waiting for FUSE to spin up...
02-20 20:18:01.593     0     0 D SELinux : initialized (dev fuse, type fuse), uses genfs_contexts
02-20 20:18:01.597     0     0 D SELinux : initialized (dev fuse, type fuse), uses genfs_contexts
02-20 20:18:01.635  1374  1374 I MediaPlayerService: MediaPlayerService::getOMX
02-20 20:18:01.635  1374  1374 I OMXClient: MuxOMX ctor
02-20 20:18:01.635  1371  1390 I OMXMaster: makeComponentInstance(OMX.google.amrnb.decoder) in mediacodec process
02-20 20:18:01.642  1374  1374 I MediaPlayerService: MediaPlayerService::getOMX
02-20 20:18:01.642  1374  1374 I OMXClient: MuxOMX ctor
02-20 20:18:01.643  1371  1390 I OMXMaster: makeComponentInstance(OMX.google.amrwb.decoder) in mediacodec process
02-20 20:18:01.644  1659  1727 D VoldConnector: RCV <- {651 emulated 2}
02-20 20:18:01.645  1659  1727 D VoldConnector: RCV <- {200 5 Command succeeded}
02-20 20:18:01.645  1659  1726 D VoldConnector: SND -> {6 volume mount public:253,64 2 0}
02-20 20:18:01.645  1267  1302 V vold    : /system/bin/blkid
02-20 20:18:01.645  1267  1302 V vold    :     -c
02-20 20:18:01.645  1267  1302 V vold    :     /dev/null
02-20 20:18:01.645  1267  1302 V vold    :     -s
02-20 20:18:01.645  1267  1302 V vold    :     TYPE
02-20 20:18:01.645  1267  1302 V vold    :     -s
02-20 20:18:01.645  1267  1302 V vold    :     UUID
02-20 20:18:01.645  1267  1302 V vold    :     -s
02-20 20:18:01.645  1267  1302 V vold    :     LABEL
02-20 20:18:01.645  1267  1302 V vold    :     /dev/block/vold/public:253,64
02-20 20:18:01.645  1659  1727 D VoldConnector: RCV <- {651 public:253,64 1}
02-20 20:18:01.658  1374  1374 I MediaPlayerService: MediaPlayerService::getOMX
02-20 20:18:01.658  1374  1374 I OMXClient: MuxOMX ctor
02-20 20:18:01.659  1371  1836 I OMXMaster: makeComponentInstance(OMX.google.aac.decoder) in mediacodec process
02-20 20:18:01.664  1374  1374 I MediaPlayerService: MediaPlayerService::getOMX
02-20 20:18:01.664  1374  1374 I OMXClient: MuxOMX ctor
02-20 20:18:01.664  1371  1390 I OMXMaster: makeComponentInstance(OMX.google.g711.alaw.decoder) in mediacodec process
02-20 20:18:01.660     0     0 D ieee80211 phy1: hw scan 2427 MHz
02-20 20:18:01.710  1267  1302 V vold    : /dev/block/vold/public:253,64: LABEL="SDCARD" UUID="1E12-0B12" TYPE="vfat" 
02-20 20:18:01.710  1267  1302 V vold    : 
02-20 20:18:01.715  1659  1734 D WifiController: DEFERRED_TOGGLE handled
02-20 20:18:01.715  1267  1302 V vold    : /system/bin/fsck_msdos
02-20 20:18:01.715  1267  1302 V vold    :     -p
02-20 20:18:01.715  1267  1302 V vold    :     -f
02-20 20:18:01.715  1267  1302 V vold    :     /dev/block/vold/public:253,64
02-20 20:18:01.716  1659  1727 D VoldConnector: RCV <- {652 public:253,64 vfat}
02-20 20:18:01.716  1659  1727 D VoldConnector: RCV <- {653 public:253,64 1E12-0B12}
02-20 20:18:01.716  1659  1727 D VoldConnector: RCV <- {654 public:253,64 SDCARD}
02-20 20:18:01.731  1374  1374 I MediaPlayerService: MediaPlayerService::getOMX
02-20 20:18:01.732  1374  1374 I OMXClient: MuxOMX ctor
02-20 20:18:01.732  1371  1390 I OMXMaster: makeComponentInstance(OMX.google.g711.mlaw.decoder) in mediacodec process
02-20 20:18:01.742  1267  1302 I fsck_msdos: ** /dev/block/vold/public:253,64
02-20 20:18:01.745  1764  1764 V SystemUIService: Starting SystemUI services for user 0.
02-20 20:18:01.748  1375  1686 D SoftapController: Softap fwReload - Ok
02-20 20:18:01.754  1267  1302 I fsck_msdos: ** Phase 1 - Read and Compare FATs
02-20 20:18:01.754  1267  1302 I fsck_msdos: Attempting to allocate 1022 KB for FAT
02-20 20:18:01.761  1758  1758 I LatinIME: Hardware accelerated drawing: true
02-20 20:18:01.772  1764  1764 V MediaRouter: Adding route: RouteInfo{ name=Phone, description=null, status=null, category=RouteCategory{ name=null types=ROUTE_TYPE_LIVE_AUDIO ROUTE_TYPE_LIVE_VIDEO  groupable=false }, supportedTypes=ROUTE_TYPE_LIVE_AUDIO ROUTE_TYPE_LIVE_VIDEO , presentationDisplay=null }
02-20 20:18:01.780     0     0 D ieee80211 phy1: hw scan 2432 MHz
02-20 20:18:01.793  1764  1764 V MediaRouter: Updating audio routes: AudioRoutesInfo{ type=SPEAKER }
02-20 20:18:01.795  1764  1764 V MediaRouter: Selecting route: RouteInfo{ name=Phone, description=null, status=null, category=RouteCategory{ name=null types=ROUTE_TYPE_LIVE_AUDIO ROUTE_TYPE_LIVE_VIDEO  groupable=false }, supportedTypes=ROUTE_TYPE_LIVE_AUDIO ROUTE_TYPE_LIVE_VIDEO , presentationDisplay=null }
02-20 20:18:01.797  1374  1374 I MediaPlayerService: MediaPlayerService::getOMX
02-20 20:18:01.797  1374  1374 I OMXClient: MuxOMX ctor
02-20 20:18:01.797  1371  1390 I OMXMaster: makeComponentInstance(OMX.google.vorbis.decoder) in mediacodec process
02-20 20:18:01.821  1799  1799 I art     : System.exit called, status: 0
02-20 20:18:01.821  1799  1799 I AndroidRuntime: VM exiting with result code 0, cleanup skipped.
02-20 20:18:01.825  1659  1792 D TelephonyRegistry: listen oscl: hasNotifySubscriptionInfoChangedOccurred==false no callback
02-20 20:18:01.827  1794  1794 I art     : System.exit called, status: 0
02-20 20:18:01.827  1794  1794 I AndroidRuntime: VM exiting with result code 0, cleanup skipped.
02-20 20:18:01.855  1374  1374 I MediaPlayerService: MediaPlayerService::getOMX
02-20 20:18:01.855  1374  1374 I OMXClient: MuxOMX ctor
02-20 20:18:01.855  1371  1390 I OMXMaster: makeComponentInstance(OMX.google.opus.decoder) in mediacodec process
02-20 20:18:01.861  1267  1302 I fsck_msdos: Attempting to allocate 1022 KB for FAT
02-20 20:18:01.899  1659  1659 W NetworkManagement: setDataSaverMode(): already false
02-20 20:18:01.902  1375  1686 D CommandListener: Setting iface cfg
02-20 20:18:01.902  1375  1686 D CommandListener: Trying to bring down wlan0
02-20 20:18:01.903  1375  1686 D CommandListener: Clearing all IP addresses on wlan0
02-20 20:18:01.905  1659  1735 E WifiMonitor: killSupplicant p2pfalse init.svc.wpa_supplicant=unknown init.svc.p2p_supplicant=unknown
02-20 20:18:01.906  1659  1735 E wifi    : Can not initialize the vendor function pointer table
02-20 20:18:01.906  1659  1735 E WifiNative-HAL: Could not start hal
02-20 20:18:01.906  1659  1735 E WifiStateMachine: Failed to start HAL
02-20 20:18:01.912  1659  1735 D WifiMonitor: startMonitoring(wlan0) with mConnected = false
02-20 20:18:01.913  1659  1735 E WifiHW  : Unable to open connection to supplicant on "@android:wpa_wlan0": No such file or directory
02-20 20:18:01.910     0     0 D ieee80211 phy1: hw scan 2437 MHz
02-20 20:18:01.911     0     0 I init    : Starting service 'wpa_supplicant'...
02-20 20:18:01.922  1267  1302 I fsck_msdos: ** Phase 2 - Check Cluster Chains
02-20 20:18:01.923  1374  1374 I MediaPlayerService: MediaPlayerService::getOMX
02-20 20:18:01.923  1374  1374 I OMXClient: MuxOMX ctor
02-20 20:18:01.923  1371  1390 I OMXMaster: makeComponentInstance(OMX.google.raw.decoder) in mediacodec process
02-20 20:18:01.927  1267  1302 I fsck_msdos: ** Phase 3 - Checking Directories
02-20 20:18:01.928  1267  1302 I fsck_msdos: ** Phase 4 - Checking for Lost Files
02-20 20:18:01.928  1267  1302 I fsck_msdos: 27 files, 522176 free (261088 clusters)
02-20 20:18:01.939  1374  1374 I MediaPlayerService: MediaPlayerService::getOMX
02-20 20:18:01.939  1374  1374 I OMXClient: MuxOMX ctor
02-20 20:18:01.939  1371  1371 I OMXMaster: makeComponentInstance(OMX.google.aac.encoder) in mediacodec process
02-20 20:18:01.947  1764  1872 E WVMExtractor: Failed to open libwvm.so: dlopen failed: library "libwvm.so" not found
02-20 20:18:01.952  1374  1374 I MediaPlayerService: MediaPlayerService::getOMX
02-20 20:18:01.952  1374  1374 I OMXClient: MuxOMX ctor
02-20 20:18:01.952  1371  1836 I OMXMaster: makeComponentInstance(OMX.google.amrnb.encoder) in mediacodec process
02-20 20:18:01.966  1374  1374 I MediaPlayerService: MediaPlayerService::getOMX
02-20 20:18:01.966  1374  1374 I OMXClient: MuxOMX ctor
02-20 20:18:01.966  1371  1390 I OMXMaster: makeComponentInstance(OMX.google.amrwb.encoder) in mediacodec process
02-20 20:18:01.973  1267  1302 I Vold    : Filesystem check completed OK
02-20 20:18:01.973  1659  1727 D VoldConnector: RCV <- {656 public:253,64 /mnt/media_rw/1E12-0B12}
02-20 20:18:01.973  1659  1727 D VoldConnector: RCV <- {655 public:253,64 /storage/1E12-0B12}
02-20 20:18:01.974  1659  1659 D NetworkPolicy: setRestrictBackgroundUL(): false
02-20 20:18:01.975  1659  1659 W NetworkManagement: setDataSaverMode(): already false
02-20 20:18:01.975  1374  1374 I MediaPlayerService: MediaPlayerService::getOMX
02-20 20:18:01.975  1374  1374 I OMXClient: MuxOMX ctor
02-20 20:18:01.975  1371  1371 I OMXMaster: makeComponentInstance(OMX.google.flac.encoder) in mediacodec process
02-20 20:18:01.994  1758  1758 W InputAttributes: No editor info for this field. Bug?
02-20 20:18:01.999     0     0 W FAT-fs (vde): Volume was not properly unmounted. Some data may be corrupt. Please run fsck.
02-20 20:18:02.000     0     0 D SELinux : initialized (dev vde, type vfat), uses genfs_contexts
02-20 20:18:02.021  1267  1302 V vold    : Waiting for FUSE to spin up...
02-20 20:18:02.030     0     0 D ieee80211 phy1: hw scan 2442 MHz
02-20 20:18:02.033     0     0 D ieee80211 phy0: mac80211_hwsim_start
02-20 20:18:02.033     0     0 D ieee80211 phy0: mac80211_hwsim_add_interface (type=2 mac_addr=02:00:00:44:55:66)
02-20 20:18:02.033     0     0 D ieee80211 phy0: mac80211_hwsim_bss_info_changed(changed=0xe)
02-20 20:18:02.033     0     0 D ieee80211 phy0: ERP_CTS_PROT: 0
02-20 20:18:02.033     0     0 D ieee80211 phy0: ERP_PREAMBLE: 0
02-20 20:18:02.033     0     0 D ieee80211 phy0: ERP_SLOT: 0
02-20 20:18:02.033     0     0 D ieee80211 phy0: mac80211_hwsim_conf_tx (queue=0 txop=0 cw_min=15 cw_max=1023 aifs=2)
02-20 20:18:02.033     0     0 D ieee80211 phy0: mac80211_hwsim_conf_tx (queue=1 txop=0 cw_min=15 cw_max=1023 aifs=2)
02-20 20:18:02.033     0     0 D ieee80211 phy0: mac80211_hwsim_conf_tx (queue=2 txop=0 cw_min=15 cw_max=1023 aifs=2)
02-20 20:18:02.033     0     0 D ieee80211 phy0: mac80211_hwsim_conf_tx (queue=3 txop=0 cw_min=15 cw_max=1023 aifs=2)
02-20 20:18:02.033     0     0 D ieee80211 phy0: mac80211_hwsim_bss_info_changed(changed=0x2000)
02-20 20:18:02.033     0     0 D ieee80211 phy0: mac80211_hwsim_config (freq=0 idle=0 ps=0 smps=auto)
02-20 20:18:02.033     0     0 I IPv6    : ADDRCONF(NETDEV_UP): wlan0: link is not ready
02-20 20:18:02.033     0     0 D ieee80211 phy0: mac80211_hwsim_configure_filter
02-20 20:18:02.057     0     0 D SELinux : initialized (dev fuse, type fuse), uses genfs_contexts
02-20 20:18:02.057     0     0 D SELinux : initialized (dev fuse, type fuse), uses genfs_contexts
02-20 20:18:02.031  1865  1865 I wpa_supplicant: Successfully initialized wpa_supplicant
02-20 20:18:02.071     0     0 D SELinux : initialized (dev fuse, type fuse), uses genfs_contexts
02-20 20:18:02.033  1865  1865 I wpa_supplicant: rfkill: Cannot open RFKILL control device
02-20 20:18:02.034  1865  1865 I wpa_supplicant: nl80211: Could not re-add multicast membership for vendor events: -2 (No such file or directory)
02-20 20:18:02.039  1888  1888 W sdcard  : Device explicitly disabled sdcardfs
02-20 20:18:02.054  1758  1889 I LatinIME:LogUtils: Dictionary info: dictionary = userunigram.en_US ; version = 1519157882 ; date = ?
02-20 20:18:02.054  1758  1889 E ActivityThread: Failed to find provider info for user_dictionary
02-20 20:18:02.055  1758  1889 I LatinIME:LogUtils: Dictionary info: dictionary = UserHistoryDictionary.en_US ; version = 1519157882 ; date = ?
02-20 20:18:02.061  1374  1374 I MediaPlayerService: MediaPlayerService::getOMX
02-20 20:18:02.061  1374  1374 I OMXClient: MuxOMX ctor
02-20 20:18:02.061  1371  1371 I OMXMaster: makeComponentInstance(OMX.google.gsm.decoder) in mediacodec process
02-20 20:18:02.081  1659  1727 D VoldConnector: RCV <- {651 public:253,64 2}
02-20 20:18:02.081  1659  1727 D VoldConnector: RCV <- {200 6 Command succeeded}
02-20 20:18:02.105  1659  1659 I SystemServiceManager: Starting phase 600
02-20 20:18:02.113  1865  1865 E wpa_supplicant: global ctrl interface @android:wpa_wlan0 matches ctrl interface wlan0 - do not open per-interface ctrl interface
02-20 20:18:02.117  1659  1731 I netstats_mobile_sample: [0,0,0,0,0,0,0,0,0,0,0,0,-1]
02-20 20:18:02.117  1659  1731 I netstats_wifi_sample: [0,0,0,0,0,0,0,0,0,0,0,0,-1]
02-20 20:18:02.150     0     0 D ieee80211 phy1: hw scan 2447 MHz
02-20 20:18:02.117  1374  1374 I MediaPlayerService: MediaPlayerService::getOMX
02-20 20:18:02.117  1374  1374 I OMXClient: MuxOMX ctor
02-20 20:18:02.118  1371  1390 I OMXMaster: makeComponentInstance(OMX.google.mpeg4.decoder) in mediacodec process
02-20 20:18:02.130  1659  1659 D SensorNotificationService: Cannot obtain dynamic meta sensor, not supported.
02-20 20:18:02.136  1659  1659 D TelephonyRegistry: listen oscl: hasNotifySubscriptionInfoChangedOccurred==false no callback
02-20 20:18:02.151  1659  1659 I GnssLocationProvider: WakeLock acquired by sendMessage(13, 0, null)
02-20 20:18:02.153  1659  1659 W LocationProviderProxy-network: Odd, no component found for service com.android.location.service.v3.NetworkLocationProvider
02-20 20:18:02.153  1659  1659 W GeocoderProxy: Odd, no component found for service com.android.location.service.GeocodeProvider
02-20 20:18:02.154  1659  1659 E FlpHardwareProvider: Error hw_get_module 'flp': -2
02-20 20:18:02.154  1659  1659 D LocationManagerService: FLP HAL not supported
02-20 20:18:02.155  1659  1659 W GeofenceProxy: Odd, no component found for service com.android.location.service.GeofenceProvider
02-20 20:18:02.155  1659  1659 E ActivityRecognitionHardware: Error hw_get_module: -2
02-20 20:18:02.155  1659  1659 D LocationManagerService: Hardware Activity-Recognition not supported.
02-20 20:18:02.156  1659  1659 W ActivityRecognitionProxy: Odd, no component found for service com.android.location.service.ActivityRecognitionProvider
02-20 20:18:02.159  1659  1659 I GnssLocationProvider: WakeLock acquired by sendMessage(2, 1, null)
02-20 20:18:02.160  1659  1691 W GnssLocationProvider: Could not open GPS configuration file /etc/gps.conf
02-20 20:18:02.160  1659  1691 E GnssLocationProvider: no AGPS interface in set_agps_server
02-20 20:18:02.161  1659  1691 D TelephonyRegistry: listen oscl: hasNotifySubscriptionInfoChangedOccurred==false no callback
02-20 20:18:02.166  1371  1390 E OMXNodeInstance: getExtensionIndex(55b000f:google.mpeg4.decoder, OMX.google.android.index.configureVideoTunnelMode) ERROR: UnsupportedIndex(0x8000101a)
02-20 20:18:02.166  1371  1836 W OMXNodeInstance: [55b000f:google.mpeg4.decoder] component does not support metadata mode; using fallback
02-20 20:18:02.168  1374  1374 I MediaPlayerService: MediaPlayerService::getOMX
02-20 20:18:02.168  1374  1374 I OMXClient: MuxOMX ctor
02-20 20:18:02.168  1371  1371 I OMXMaster: makeComponentInstance(OMX.google.h263.decoder) in mediacodec process
02-20 20:18:02.174  1659  1659 I CommonTimeManagementService: No common time service detected on this platform.  Common time services will be unavailable.
02-20 20:18:02.174  1659  1659 D TelephonyRegistry: systemRunning register for intents
02-20 20:18:02.176  1659  1721 I InputReader: Reconfiguring input devices.  changes=0x00000020
02-20 20:18:02.177  1659  1659 I MmsServiceBroker: Delay connecting to MmsService until an API is called
02-20 20:18:02.177  1659  1721 I InputReader: Reconfiguring input devices.  changes=0x00000010
02-20 20:18:02.191  1764  1764 I vol.Events: writeEvent collection_started
02-20 20:18:02.196  1371  1836 E OMXNodeInstance: getExtensionIndex(55b0010:google.h263.decoder, OMX.google.android.index.configureVideoTunnelMode) ERROR: UnsupportedIndex(0x8000101a)
02-20 20:18:02.196  1371  1390 W OMXNodeInstance: [55b0010:google.h263.decoder] component does not support metadata mode; using fallback
02-20 20:18:02.197  1758  1889 I LatinIME:LogUtils: Dictionary info: dictionary = main:en ; version = 54 ; date = 1414726273
02-20 20:18:02.199  1374  1374 I MediaPlayerService: MediaPlayerService::getOMX
02-20 20:18:02.199  1374  1374 I OMXClient: MuxOMX ctor
02-20 20:18:02.200  1371  1371 I OMXMaster: makeComponentInstance(OMX.google.h264.decoder) in mediacodec process
02-20 20:18:02.201  1914  1914 W art     : Unexpected CPU variant for X86 using defaults: x86_64
02-20 20:18:02.211  1659  1659 I am_proc_start: [0,1914,1001,com.android.phone,added application,com.android.phone]
02-20 20:18:02.211  1659  1659 I ActivityManager: Start proc 1914:com.android.phone/1001 for added application com.android.phone
02-20 20:18:02.211  1659  1659 I ActivityManager: START u0 {act=android.intent.action.MAIN cat=[android.intent.category.HOME] flg=0x10000100 cmp=com.android.settings/.FallbackHome} from uid 0 on display 0
02-20 20:18:02.212  1659  1659 W System  : ClassLoader referenced unknown path: 
02-20 20:18:02.212  1659  1659 W System  : ClassLoader referenced unknown path: /system/priv-app/Settings/lib/x86_64
02-20 20:18:02.212  1659  1659 D ApplicationLoaders: ignored Vulkan layer search path /system/priv-app/Settings/lib/x86_64:/system/priv-app/Settings/Settings.apk!/lib/x86_64:/system/lib64:/vendor/lib64 for namespace 0x77aef358b160
02-20 20:18:02.225  1659  1659 I ActivityManager: Loaded persisted task ids for user 0
02-20 20:18:02.226  1659  1659 I am_create_task: [0,1]
02-20 20:18:02.226  1659  1659 I am_create_activity: [0,39949652,1,com.android.settings/.FallbackHome,android.intent.action.MAIN,NULL,NULL,276824320]
02-20 20:18:02.227  1659  1659 I wm_task_created: [1,0]
02-20 20:18:02.227  1659  1659 I wm_task_moved: [1,1,0]
02-20 20:18:02.228  1659  1659 I wm_task_moved: [1,1,0]
02-20 20:18:02.228  1659  1659 I am_focused_activity: [0,com.android.settings/.FallbackHome,startedActivity]
02-20 20:18:02.233  1659  1659 I am_proc_start: [0,1928,1000,com.android.settings,activity,com.android.settings/.FallbackHome]
02-20 20:18:02.233  1659  1659 I ActivityManager: Start proc 1928:com.android.settings/1000 for activity com.android.settings/.FallbackHome
02-20 20:18:02.240  1659  1687 I am_proc_bound: [0,1914,com.android.phone]
02-20 20:18:02.240  1659  1659 I SystemServer: Enabled StrictMode for system server main thread.
02-20 20:18:02.252  1764  1911 I sysui_action: [213,2]
02-20 20:18:02.252  1764  1911 I vol.Events: writeEvent external_ringer_mode_changed normal
02-20 20:18:02.252  1764  1911 I vol.Events: writeEvent internal_ringer_mode_changed normal
02-20 20:18:02.256  1928  1928 W art     : Unexpected CPU variant for X86 using defaults: x86_64
02-20 20:18:02.270     0     0 D ieee80211 phy1: hw scan 2452 MHz
02-20 20:18:02.260  1659  1659 D ConditionProviders.SCP: onConnected
02-20 20:18:02.260  1659  1659 D ZenLog  : set_zen_mode: off,readXml
02-20 20:18:02.264  1659  1659 D ConditionProviders: Subscribing to condition://android/schedule?days=6.7&start=23.30&end=10.0&exitAtAlarm=false with ComponentInfo{android/com.android.server.notification.ScheduleConditionProvider}
02-20 20:18:02.264  1659  1659 D ZenLog  : subscribe: condition://android/schedule?days=6.7&start=23.30&end=10.0&exitAtAlarm=false,ok
02-20 20:18:02.264  1659  1659 D ConditionProviders: Subscribing to condition://android/event?userId=-10000&calendar=&reply=1 with ComponentInfo{android/com.android.server.notification.EventConditionProvider}
02-20 20:18:02.264  1659  1659 D ZenLog  : subscribe: condition://android/event?userId=-10000&calendar=&reply=1,ok
02-20 20:18:02.264  1659  1659 D ConditionProviders: Subscribing to condition://android/schedule?days=1.2.3.4.5&start=22.0&end=7.0&exitAtAlarm=false with ComponentInfo{android/com.android.server.notification.ScheduleConditionProvider}
02-20 20:18:02.264  1659  1659 D ZenLog  : subscribe: condition://android/schedule?days=1.2.3.4.5&start=22.0&end=7.0&exitAtAlarm=false,ok
02-20 20:18:02.272  1659  1693 W WindowManager: Keyguard drawn timeout. Setting mKeyguardDrawComplete
02-20 20:18:02.278  1374  1374 W ACodec  : [OMX.google.h264.decoder] stopping checking profiles after 32: 2/8000
02-20 20:18:02.278  1371  1371 E OMXNodeInstance: getExtensionIndex(55b0011:google.h264.decoder, OMX.google.android.index.configureVideoTunnelMode) ERROR: UnsupportedIndex(0x8000101a)
02-20 20:18:02.278  1371  1390 W OMXNodeInstance: [55b0011:google.h264.decoder] component does not support metadata mode; using fallback
02-20 20:18:02.279  1374  1374 I MediaPlayerService: MediaPlayerService::getOMX
02-20 20:18:02.279  1374  1374 I OMXClient: MuxOMX ctor
02-20 20:18:02.279  1371  1836 I OMXMaster: makeComponentInstance(OMX.google.hevc.decoder) in mediacodec process
02-20 20:18:02.303  1659  1737 I WifiScanningService: wifi driver unloaded
02-20 20:18:02.303  1659  1659 D RttService: SCAN_AVAILABLE : 1
02-20 20:18:02.303  1659  1738 D RttService: DefaultState got{ when=0 what=160513 target=com.android.internal.util.StateMachine$SmHandler }
02-20 20:18:02.303  1659  1659 D ZenLog  : set_zen_mode: off,cleanUpZenRules
02-20 20:18:02.304  1914  1914 W System  : ClassLoader referenced unknown path: /system/priv-app/TeleService/lib/x86_64
02-20 20:18:02.311  1659  1793 I am_proc_bound: [0,1928,com.android.settings]
02-20 20:18:02.320  1659  1691 I GnssLocationProvider: WakeLock released by handleMessage(13, 0, null)
02-20 20:18:02.327  1659  1659 W System  : ClassLoader referenced unknown path: /system/priv-app/Telecom/lib/x86_64
02-20 20:18:02.328  1659  1659 D ApplicationLoaders: ignored Vulkan layer search path /system/priv-app/Telecom/lib/x86_64:/system/priv-app/Telecom/Telecom.apk!/lib/x86_64:/system/lib64:/vendor/lib64 for namespace 0x77aef358b1d0
02-20 20:18:02.338  1659  1691 E GnssLocationProvider: no AGPS interface in set_agps_server
02-20 20:18:02.348  1659  1691 I GnssLocationProvider: WakeLock released by handleMessage(2, 1, null)
02-20 20:18:02.350  1659  1691 W LocationProviderProxy-network: Odd, no component found for service com.android.location.service.v3.NetworkLocationProvider
02-20 20:18:02.351  1659  1691 W GeocoderProxy: Odd, no component found for service com.android.location.service.GeocodeProvider
02-20 20:18:02.351  1659  1691 W GeofenceProxy: Odd, no component found for service com.android.location.service.GeofenceProvider
02-20 20:18:02.353  1659  1691 W ActivityRecognitionProxy: Odd, no component found for service com.android.location.service.ActivityRecognitionProvider
02-20 20:18:02.354  1371  1390 E OMXNodeInstance: getExtensionIndex(55b0012:google.hevc.decoder, OMX.google.android.index.configureVideoTunnelMode) ERROR: UnsupportedIndex(0x8000101a)
02-20 20:18:02.354  1371  1371 W OMXNodeInstance: [55b0012:google.hevc.decoder] component does not support metadata mode; using fallback
02-20 20:18:02.359  1374  1374 I MediaPlayerService: MediaPlayerService::getOMX
02-20 20:18:02.369  1374  1374 I OMXClient: MuxOMX ctor
02-20 20:18:02.369  1371  1836 I OMXMaster: makeComponentInstance(OMX.google.vp8.decoder) in mediacodec process
02-20 20:18:02.377  1312  1324 D PermissionCache: checking android.permission.READ_FRAME_BUFFER for uid=1000 => granted (433 us)
02-20 20:18:02.391     0     0 D ieee80211 phy1: hw scan 2457 MHz
02-20 20:18:02.403  1371  1836 E OMXNodeInstance: getExtensionIndex(55b0013:google.vp8.decoder, OMX.google.android.index.configureVideoTunnelMode) ERROR: UnsupportedIndex(0x8000101a)
02-20 20:18:02.403  1371  1371 W OMXNodeInstance: [55b0013:google.vp8.decoder] component does not support metadata mode; using fallback
02-20 20:18:02.407  1374  1374 I MediaPlayerService: MediaPlayerService::getOMX
02-20 20:18:02.407  1374  1374 I OMXClient: MuxOMX ctor
02-20 20:18:02.407  1371  1836 I OMXMaster: makeComponentInstance(OMX.google.vp9.decoder) in mediacodec process
02-20 20:18:02.408  1312  1324 D gralloc_ranchu: gralloc_alloc: Creating ashmem region of size 17051648
02-20 20:18:02.425  1371  1371 E OMXNodeInstance: getExtensionIndex(55b0014:google.vp9.decoder, OMX.google.android.index.configureVideoTunnelMode) ERROR: UnsupportedIndex(0x8000101a)
02-20 20:18:02.425  1371  1390 W OMXNodeInstance: [55b0014:google.vp9.decoder] component does not support metadata mode; using fallback
02-20 20:18:02.426  1374  1374 I MediaPlayerService: MediaPlayerService::getOMX
02-20 20:18:02.427  1374  1374 I OMXClient: MuxOMX ctor
02-20 20:18:02.427  1371  1836 I OMXMaster: makeComponentInstance(OMX.google.h263.encoder) in mediacodec process
02-20 20:18:02.444  1371  1836 I SoftMPEG4Encoder: Construct SoftMPEG4Encoder
02-20 20:18:02.444  1374  1374 W ACodec  : do not know color format 0x7f000789 = 2130708361
02-20 20:18:02.444  1371  1390 E OMXNodeInstance: getConfig(55b0015:google.h263.encoder, ConfigAndroidIntraRefresh(0x6f60000a)) ERROR: Undefined(0x80001001)
02-20 20:18:02.445  1374  1374 I MediaPlayerService: MediaPlayerService::getOMX
02-20 20:18:02.445  1374  1374 I OMXClient: MuxOMX ctor
02-20 20:18:02.445  1371  1836 I OMXMaster: makeComponentInstance(OMX.google.h264.encoder) in mediacodec process
02-20 20:18:02.470  1374  1374 W ACodec  : do not know color format 0x7f000789 = 2130708361
02-20 20:18:02.471  1374  1374 I MediaPlayerService: MediaPlayerService::getOMX
02-20 20:18:02.472  1374  1374 I OMXClient: MuxOMX ctor
02-20 20:18:02.472  1371  1836 I OMXMaster: makeComponentInstance(OMX.google.mpeg4.encoder) in mediacodec process
02-20 20:18:02.486  1371  1836 I SoftMPEG4Encoder: Construct SoftMPEG4Encoder
02-20 20:18:02.487  1374  1374 W ACodec  : do not know color format 0x7f000789 = 2130708361
02-20 20:18:02.487  1371  1390 E OMXNodeInstance: getConfig(55b0017:google.mpeg4.encoder, ConfigAndroidIntraRefresh(0x6f60000a)) ERROR: Undefined(0x80001001)
02-20 20:18:02.488  1374  1374 I MediaPlayerService: MediaPlayerService::getOMX
02-20 20:18:02.488  1374  1374 I OMXClient: MuxOMX ctor
02-20 20:18:02.489  1371  1390 I OMXMaster: makeComponentInstance(OMX.google.vp8.encoder) in mediacodec process
02-20 20:18:02.507  1374  1374 W ACodec  : do not know color format 0x7f000789 = 2130708361
02-20 20:18:02.507  1371  1836 E OMXNodeInstance: getConfig(55b0018:google.vp8.encoder, ConfigAndroidIntraRefresh(0x6f60000a)) ERROR: Undefined(0x80001001)
02-20 20:18:02.510  1374  1374 I MediaPlayerService: MediaPlayerService::getOMX
02-20 20:18:02.510  1374  1374 I OMXClient: MuxOMX ctor
02-20 20:18:02.511  1374  1374 I MediaPlayerService: MediaPlayerService::getOMX
02-20 20:18:02.511  1374  1374 I OMXClient: MuxOMX ctor
02-20 20:18:02.511  1374  1374 W MediaCodecList: unable to open media codecs configuration xml file: /data/misc/media/media_codecs_profiling_results.xml
02-20 20:18:02.512  1374  1835 I MediaPlayerService: MediaPlayerService::getOMX
02-20 20:18:02.512  1374  1898 I MediaPlayerService: MediaPlayerService::getOMX
02-20 20:18:02.513  1764  1885 I OMXClient: MuxOMX ctor
02-20 20:18:02.513  1659  1800 I OMXClient: MuxOMX ctor
02-20 20:18:02.513  1371  1390 I OMXMaster: makeComponentInstance(OMX.google.vorbis.decoder) in mediacodec process
02-20 20:18:02.510     0     0 D ieee80211 phy1: hw scan 2462 MHz
02-20 20:18:02.536  1371  1371 I OMXMaster: makeComponentInstance(OMX.google.vorbis.decoder) in mediacodec process
02-20 20:18:02.548  1659  1793 I am_restart_activity: [0,39949652,1,com.android.settings/.FallbackHome]
02-20 20:18:02.549  1659  1699 W art     : Long monitor contention with owner Binder:1659_4 (1793) at void com.android.server.am.ActivityManagerService.attachApplication(android.app.IApplicationThread)(ActivityManagerService.java:6669) waiters=0 in void com.android.server.am.ActivityManagerService$LocalService.notifyAppTransitionCancelled() for 234ms
02-20 20:18:02.549  1659  1699 I dvm_lock_sample: [system_server,1,android.display,234,ActivityManagerService.java,21995,-,6669,46]
02-20 20:18:02.550  1659  1659 W art     : Long monitor contention with owner Binder:1659_4 (1793) at void com.android.server.am.ActivityManagerService.attachApplication(android.app.IApplicationThread)(ActivityManagerService.java:6669) waiters=2 in void com.android.server.am.ActivityManagerService.serviceDoneExecuting(android.os.IBinder, int, int, int) for 214ms
02-20 20:18:02.550  1659  1659 I dvm_lock_sample: [system_server,1,main,214,ActivityManagerService.java,17339,-,6669,42]
02-20 20:18:02.566  1928  1928 W System  : ClassLoader referenced unknown path: /system/priv-app/Settings/lib/x86_64
02-20 20:18:02.583  1914  1914 W System  : ClassLoader referenced unknown path: /system/priv-app/TelephonyProvider/lib/x86_64
02-20 20:18:02.583  1914  1914 D ApplicationLoaders: ignored Vulkan layer search path /system/priv-app/TelephonyProvider/lib/x86_64:/system/lib64:/vendor/lib64 for namespace 0x77aef35200f0
02-20 20:18:02.630     0     0 D ieee80211 phy1: hw scan complete
02-20 20:18:02.630     0     0 D ieee80211 phy1: mac80211_hwsim_get_survey (idx=0)
02-20 20:18:02.639  1659  1659 E BluetoothAdapter: Bluetooth binder is null
02-20 20:18:02.645  1928  1928 I am_on_resume_called: [0,com.android.settings.FallbackHome,LAUNCH_ACTIVITY]
02-20 20:18:02.663  1659  1792 I stream_devices_changed: [0,0,2]
02-20 20:18:02.664  1659  1792 I stream_devices_changed: [2,0,2]
02-20 20:18:02.664  1659  1792 I stream_devices_changed: [3,0,2]
02-20 20:18:02.665  1659  1792 I stream_devices_changed: [6,0,2]
02-20 20:18:02.666  1312  1360 E SurfaceFlinger: ro.sf.lcd_density must be defined as a build property
02-20 20:18:02.667  1659  1792 I stream_devices_changed: [4,0,2]
02-20 20:18:02.667  1764  1911 I vol.Events: writeEvent level_changed STREAM_ALARM 6
02-20 20:18:02.668  1764  1911 I vol.Events: writeEvent level_changed STREAM_BLUETOOTH_SCO 7
02-20 20:18:02.671  1764  1911 I vol.Events: writeEvent level_changed STREAM_MUSIC 11
02-20 20:18:02.680  1764  1911 I vol.Events: writeEvent level_changed STREAM_RING 5
02-20 20:18:02.680  1764  1911 I vol.Events: writeEvent level_changed STREAM_SYSTEM 5
02-20 20:18:02.681  1928  1928 D         : HostConnection::get() New Host Connection established 0x77aee49f8fa0, tid 1928
02-20 20:18:02.681  1515  1515 E hostapd : Using interface wlan1 with hwaddr 02:00:00:00:01:00 and ssid "AndroidWifi"
02-20 20:18:02.681  1515  1515 I hostapd : wlan1: interface state HT_SCAN->ENABLED
02-20 20:18:02.681  1515  1515 I hostapd : wlan1: AP-ENABLED 
02-20 20:18:02.682  1659  1659 I Telecom : SystemStateProvider: Registering car mode receiver: android.content.IntentFilter@3e5989b: TS.init@AAA
02-20 20:18:02.683  1764  1911 I vol.Events: writeEvent level_changed STREAM_VOICE_CALL 4
02-20 20:18:02.681     0     0 D ieee80211 phy1: mac80211_hwsim_config (freq=0 idle=0 ps=0 smps=auto)
02-20 20:18:02.681     0     0 D ieee80211 phy1: add channel context control: 2447 MHz/width: 2/cfreqs:2437/0 MHz
02-20 20:18:02.681     0     0 D ieee80211 phy1: mac80211_hwsim_bss_info_changed(changed=0x40000)
02-20 20:18:02.681     0     0 D ieee80211 phy1: TX Power: 20 dBm
02-20 20:18:02.681     0     0 D ieee80211 phy1: mac80211_hwsim_bss_info_changed(changed=0x4000)
02-20 20:18:02.681     0     0 D ieee80211 phy1: change channel context control: 2447 MHz/width: 2/cfreqs:2437/0 MHz
02-20 20:18:02.681     0     0 D ieee80211 phy1: mac80211_hwsim_bss_info_changed(changed=0x88340)
02-20 20:18:02.681     0     0 D ieee80211 phy1: BCNINT: 100
02-20 20:18:02.681     0     0 D ieee80211 phy1: BCN EN: 1
02-20 20:18:02.681     0     0 D ieee80211 phy1: mac80211_hwsim_bss_info_changed(changed=0x3e)
02-20 20:18:02.681     0     0 D ieee80211 phy1: ERP_CTS_PROT: 0
02-20 20:18:02.681     0     0 D ieee80211 phy1: ERP_PREAMBLE: 0
02-20 20:18:02.681     0     0 D ieee80211 phy1: ERP_SLOT: 1
02-20 20:18:02.681     0     0 D ieee80211 phy1: HT: op_mode=0x0
02-20 20:18:02.681     0     0 D ieee80211 phy1: BASIC_RATES: 0xf
02-20 20:18:02.681     0     0 D ieee80211 phy1: mac80211_hwsim_conf_tx (queue=0 txop=47 cw_min=3 cw_max=7 aifs=1)
02-20 20:18:02.681     0     0 D ieee80211 phy1: mac80211_hwsim_bss_info_changed(changed=0x2000)
02-20 20:18:02.681     0     0 D ieee80211 phy1: mac80211_hwsim_conf_tx (queue=1 txop=94 cw_min=7 cw_max=15 aifs=1)
02-20 20:18:02.681     0     0 D ieee80211 phy1: mac80211_hwsim_bss_info_changed(changed=0x2000)
02-20 20:18:02.681     0     0 D ieee80211 phy1: mac80211_hwsim_conf_tx (queue=2 txop=0 cw_min=15 cw_max=63 aifs=3)
02-20 20:18:02.681     0     0 D ieee80211 phy1: mac80211_hwsim_bss_info_changed(changed=0x2000)
02-20 20:18:02.681     0     0 D ieee80211 phy1: mac80211_hwsim_conf_tx (queue=3 txop=0 cw_min=15 cw_max=1023 aifs=7)
02-20 20:18:02.681     0     0 D ieee80211 phy1: mac80211_hwsim_bss_info_changed(changed=0x2000)
02-20 20:18:02.681     0     0 I IPv6    : ADDRCONF(NETDEV_CHANGE): wlan1: link becomes ready
02-20 20:18:02.682     0     0 D ieee80211 phy1: mac80211_hwsim_configure_filter
02-20 20:18:02.692  1374  1412 I MediaPlayerService: MediaPlayerService::getOMX
02-20 20:18:02.693  1659  1978 I OMXClient: MuxOMX ctor
02-20 20:18:02.693  1371  1371 I OMXMaster: makeComponentInstance(OMX.google.vorbis.decoder) in mediacodec process
02-20 20:18:02.693  1374  1374 I MediaPlayerService: MediaPlayerService::getOMX
02-20 20:18:02.694  1764  1979 I OMXClient: MuxOMX ctor
02-20 20:18:02.728  1312  1360 E SurfaceFlinger: ro.sf.lcd_density must be defined as a build property
02-20 20:18:02.730  1764  1764 D         : HostConnection::get() New Host Connection established 0x77aed3e4b600, tid 1764
02-20 20:18:02.730  1659  1981 I Telecom : Telecom: Non-call EVENT: AUDIO_ROUTE, Entering state QuiescentEarpieceRoute
02-20 20:18:02.731  1659  1983 I Telecom : CallAudioModeStateMachine: Message received: null.: TS.init->CAMSM.pM_1@AAA_0
02-20 20:18:02.735  1914  1914 D TelephonyProvider: dbh.onOpen: ok, queried table=siminfo
02-20 20:18:02.736  1914  1914 D TelephonyProvider: dbh.onOpen: ok, queried table=carriers
02-20 20:18:02.764  1371  1390 I OMXMaster: makeComponentInstance(OMX.google.vorbis.decoder) in mediacodec process
02-20 20:18:02.783  1659  1990 E ActivityThread: Failed to find provider info for call_log
02-20 20:18:02.784  1659  1659 E BluetoothAdapter: Bluetooth binder is null
02-20 20:18:02.789  1659  1659 I Telecom : Class: TelecomSystem.INSTANCE being set
02-20 20:18:02.790  1659  1659 E BluetoothAdapter: Bluetooth binder is null
02-20 20:18:02.793  1659  1659 W ContextImpl: Calling a method in the system process without a qualified user: android.app.ContextImpl.startService:1357 com.android.server.content.SyncManager$13.run:658 android.os.Handler.handleCallback:751 android.os.Handler.dispatchMessage:95 android.os.Looper.loop:154 
02-20 20:18:02.808  1914  1914 D TDC     : updateOrInsert: inserting: Modem { uuid=modem, state=0, rilModel=0, rat={}, maxActiveVoiceCall=1, maxActiveDataCall=1, maxStandby=1 }
02-20 20:18:02.808  1914  1914 D TDC     : updateOrInsert: inserting: Sim { uuid=sim, modemUuid=modem, state=0 }
02-20 20:18:02.827  1928  1977 D         : HostConnection::get() New Host Connection established 0x77aeeee2f0a0, tid 1977
02-20 20:18:02.829  1928  1977 I OpenGLRenderer: Initialized EGL, version 1.4
02-20 20:18:02.829  1928  1977 D OpenGLRenderer: Swap behavior 1
02-20 20:18:02.843  1659  1659 W System  : ClassLoader referenced unknown path: /system/priv-app/FusedLocation/lib/x86_64
02-20 20:18:02.844  1659  1659 D ApplicationLoaders: ignored Vulkan layer search path /system/priv-app/FusedLocation/lib/x86_64:/system/priv-app/FusedLocation/FusedLocation.apk!/lib/x86_64:/system/lib64:/vendor/lib64 for namespace 0x77aef358b240
02-20 20:18:02.847  1374  1412 I MediaPlayerService: MediaPlayerService::getOMX
02-20 20:18:02.849  1764  2002 I OMXClient: MuxOMX ctor
02-20 20:18:02.854  1914  1914 D CdmaSSM : subscriptionSource from settings: 0
02-20 20:18:02.854  1914  1914 I PhoneFactory: Cdma Subscription set to 0
02-20 20:18:02.854  1928  1977 D EGL_emulation: eglCreateContext: 0x77aee4979d40: maj 3 min 0 rcv 3
02-20 20:18:02.856  1371  1390 I OMXMaster: makeComponentInstance(OMX.google.vorbis.decoder) in mediacodec process
02-20 20:18:02.856  1374  1412 I MediaPlayerService: MediaPlayerService::getOMX
02-20 20:18:02.856  1659  2003 I OMXClient: MuxOMX ctor
02-20 20:18:02.859  1659  1659 D GpsNetInitiatedHandler: location enabled :true
02-20 20:18:02.859  1659  1659 V WiredAccessoryManager: notifyWiredAccessoryChanged: when=0 bits= mask=54
02-20 20:18:02.859  1659  1659 V WiredAccessoryManager: newName=h2w newState=0 headsetState=0 prev headsetState=0
02-20 20:18:02.859  1659  1659 E WiredAccessoryManager: No state change.
02-20 20:18:02.859  1659  1659 V WiredAccessoryManager: init()
02-20 20:18:02.864  1764  1764 D StorageNotification: Notifying about private volume: VolumeInfo{private}:
02-20 20:18:02.864  1764  1764 D StorageNotification:     type=PRIVATE diskId=null partGuid=null mountFlags=0 mountUserId=-1 
02-20 20:18:02.864  1764  1764 D StorageNotification:     state=MOUNTED 
02-20 20:18:02.864  1764  1764 D StorageNotification:     fsType=null fsUuid=null fsLabel=null 
02-20 20:18:02.864  1764  1764 D StorageNotification:     path=/data internalPath=null 
02-20 20:18:02.864  1764  1764 D StorageNotification: Notifying about public volume: VolumeInfo{public:253,64}:
02-20 20:18:02.864  1764  1764 D StorageNotification:     type=PUBLIC diskId=disk:253,64 partGuid=null mountFlags=VISIBLE 
02-20 20:18:02.864  1764  1764 D StorageNotification:     mountUserId=0 state=MOUNTED 
02-20 20:18:02.864  1764  1764 D StorageNotification:     fsType=vfat fsUuid=1E12-0B12 fsLabel=SDCARD 
02-20 20:18:02.864  1764  1764 D StorageNotification:     path=/storage/1E12-0B12 internalPath=/mnt/media_rw/1E12-0B12 
02-20 20:18:02.878  1914  1914 I PhoneFactory: Network Mode set to 0
02-20 20:18:02.885  1914  1914 D RILJ    : RIL(context, preferredNetworkType=0 cdmaSubscription=0)
02-20 20:18:02.893  1659  1659 W VibratorService: Tried to stop vibrating but there is no vibrator device.
02-20 20:18:02.894  1371  1371 I OMXMaster: makeComponentInstance(OMX.google.vorbis.decoder) in mediacodec process
02-20 20:18:02.894  1659  1659 D ConditionProviders.SCP: onSubscribe condition://android/schedule?days=6.7&start=23.30&end=10.0&exitAtAlarm=false
02-20 20:18:02.894  1659  1659 D ConditionProviders.SCP: setRegistered true
02-20 20:18:02.894  1659  1659 D ConditionProviders.SCP: notifyCondition condition://android/schedule?days=6.7&start=23.30&end=10.0&exitAtAlarm=false STATE_FALSE reason=!meetsSchedule
02-20 20:18:02.895  1659  1659 D ConditionProviders.SCP: Scheduling evaluate for Tue Feb 20 23:30:00 GMT+00:00 2018 (1519169400000), in +3h11m57s106ms, now=Tue Feb 20 20:18:02 GMT+00:00 2018 (1519157882894)
02-20 20:18:02.895  1659  1659 D ConditionProviders.SCP: onSubscribe condition://android/schedule?days=1.2.3.4.5&start=22.0&end=7.0&exitAtAlarm=false
02-20 20:18:02.895  1659  1659 D ConditionProviders.SCP: notifyCondition condition://android/schedule?days=6.7&start=23.30&end=10.0&exitAtAlarm=false STATE_FALSE reason=!meetsSchedule
02-20 20:18:02.895  1659  1659 D ConditionProviders.SCP: notifyCondition condition://android/schedule?days=1.2.3.4.5&start=22.0&end=7.0&exitAtAlarm=false STATE_FALSE reason=!meetsSchedule
02-20 20:18:02.895  1659  1659 D ConditionProviders.SCP: Scheduling evaluate for Tue Feb 20 22:00:00 GMT+00:00 2018 (1519164000000), in +1h41m57s105ms, now=Tue Feb 20 20:18:02 GMT+00:00 2018 (1519157882895)
02-20 20:18:02.895  1914  1914 D RILJ    : Starting RILReceiver0 [SUB0]
02-20 20:18:02.895  1659  1659 I Telecom : WiredHeadsetManager: ACTION_HEADSET_PLUG event, plugged in: false, : WHC.oADA@AAE
02-20 20:18:02.898  1914  1914 D RILJ    : [3648]> GET_HARDWARE_CONFIG [SUB0]
02-20 20:18:02.907  1659  1659 I ActivityManager: user 0 is still locked. Cannot load recents
02-20 20:18:02.910  1914  1914 D RilRequest: [3648]< GET_HARDWARE_CONFIG error: com.android.internal.telephony.CommandException: RADIO_NOT_AVAILABLE ret=
02-20 20:18:02.910  1914  1914 I PhoneFactory: Creating SubscriptionController
02-20 20:18:02.911  1376  1475 I RILC    : libril: new connection to RIL_SOCKET_1
02-20 20:18:02.912  1376  1475 I RILC    : RIL Daemon version: android reference-ril 1.0
02-20 20:18:02.912  1914  2015 I RILJ    : (0) Connected to 'rild' socket
02-20 20:18:02.912  1914  2015 D RILJ    : [UNSL]< UNSOL_RIL_CONNECTED {12} [SUB0]
02-20 20:18:02.913  1914  2015 D RILJ    : [3649]> RADIO_POWER off [SUB0]
02-20 20:18:02.915  1376  1475 D RIL     : onRequest: RADIO_POWER
02-20 20:18:02.915  1914  2015 D RILJ    : [3650]> RIL_REQUEST_CDMA_SET_SUBSCRIPTION_SOURCE : 0 [SUB0]
02-20 20:18:02.916  1376  1475 D RIL     : onRequest: CDMA_SET_SUBSCRIPTION_SOURCE
02-20 20:18:02.916  1914  2015 D RILJ    : setCellInfoListRate: 2147483647 [SUB0]
02-20 20:18:02.916  1659  1735 D WifiConfigManager: Loading config and enabling all networks 
02-20 20:18:02.916  1914  2015 D RILJ    : [3651]> RIL_REQUEST_SET_CELL_INFO_LIST_RATE [SUB0]
02-20 20:18:02.916  1376  1475 D RIL     : onRequest: SET_UNSOL_CELL_INFO_LIST_RATE
02-20 20:18:02.916  1914  2015 D RILJ    : [UNSL]< UNSOL_RESPONSE_RADIO_STATE_CHANGED RADIO_OFF [SUB0]
02-20 20:18:02.926  1928  1977 D EGL_emulation: eglMakeCurrent: 0x77aee4979d40: ver 3 0 (tinfo 0x77aeeefedba0)
02-20 20:18:02.917  1914  2015 D RILJ    : [3652]> SCREEN_STATE: true [SUB0]
02-20 20:18:02.929  1376  1475 D RIL     : onRequest: SCREEN_STATE
02-20 20:18:02.929  1914  2015 D RILJ    : [UNSL]< UNSOL_NITZ_TIME_RECEIVED 18/02/20:20:17:57+0:0:Unknown!Unknown [SUB0]
02-20 20:18:02.929  1914  2015 D RILJ    : [3649]< RADIO_POWER  [SUB0]
02-20 20:18:02.929  1914  2015 D RilRequest: [3650]< RIL_REQUEST_CDMA_SET_SUBSCRIPTION_SOURCE error: com.android.internal.telephony.CommandException: RADIO_NOT_AVAILABLE ret=
02-20 20:18:02.929  1914  2015 D RilRequest: [3651]< RIL_REQUEST_SET_CELL_INFO_LIST_RATE error: com.android.internal.telephony.CommandException: RADIO_NOT_AVAILABLE ret=
02-20 20:18:02.929  1914  2015 D RilRequest: [3652]< SCREEN_STATE error: com.android.internal.telephony.CommandException: RADIO_NOT_AVAILABLE ret=
02-20 20:18:02.934  1659  1745 E ActivityThread: Failed to find provider info for com.android.calendar
02-20 20:18:02.934  1659  1745 E ActivityThread: Failed to find provider info for com.android.calendar
02-20 20:18:02.935  1914  1914 D SubscriptionController: [SubscriptionController] init by Context
02-20 20:18:02.949  1914  1914 D UiccController: Creating UiccController
02-20 20:18:02.951  1914  1914 D TelephonyTester: register for intent action=com.android.internal.telephony.action_detached
02-20 20:18:02.951  1914  1914 D TelephonyTester: register for intent action=com.android.internal.telephony.action_attached
02-20 20:18:02.955  1914  1914 D Phone   : mDoesRilSendMultipleCallRing=true
02-20 20:18:02.955  1914  1914 D Phone   : mCallRingDelay=3000
02-20 20:18:02.956  1659  1659 I notification_enqueue: [10028,1764,com.android.systemui,1397773634,public:253,64,-1,Notification(pri=0 contentView=null vibrate=null sound=null defaults=0x0 flags=0x100 color=0xff607d8b category=sys actions=2 vis=PUBLIC),0]
02-20 20:18:02.957  1659  1659 D TelephonyRegistry: notifyCellLocationForSubscriber: subId=0 cellLocation=Bundle[{}]
02-20 20:18:02.957  1914  1926 D SubscriptionController: [getPhoneId]- no sims, returning default phoneId=2147483647
02-20 20:18:02.991  1914  1914 D RILJ    : [3653]> RIL_REQUEST_START_LCE [SUB0]
02-20 20:18:02.992  1376  1475 D RIL     : onRequest: <unknown request>
02-20 20:18:02.992  1914  2015 D RilRequest: [3653]< RIL_REQUEST_START_LCE error: com.android.internal.telephony.CommandException: RADIO_NOT_AVAILABLE ret=
02-20 20:18:03.001  1659  1735 W WifiNetworkHistory: Upgrading network 0 to android.uid.system:1000
02-20 20:18:03.001  1659  1735 D WifiConfigManager: loaded 0 passpoint configs
02-20 20:18:03.002  1659  1735 E IpConfigStore: Error parsing configuration: java.io.FileNotFoundException: /data/misc/wifi/ipconfig.txt (No such file or directory)
02-20 20:18:03.007  1914  1914 E RIL_ImsSms: getFormat should never be called from here!
02-20 20:18:03.007  1914  1914 D SMSDispatcher: SMSDispatcher: ctor mSmsCapable=true format=unknown mSmsSendDisabled=false
02-20 20:18:03.007  1914  1914 D RIL_ImsSms: ImsSMSDispatcher created
02-20 20:18:03.008  1914  1914 D SMSDispatcher: SMSDispatcher: ctor mSmsCapable=true format=3gpp2 mSmsSendDisabled=false
02-20 20:18:03.008  1914  1914 D CdmaSMSDispatcher: CdmaSMSDispatcher created
02-20 20:18:03.261  2051  2051 I auditd  : type=1400 audit(0.0:11): avc: denied { getattr } for comm="bootstat" path="/vendor" dev="rootfs" ino=3995 scontext=u:r:bootstat:s0 tcontext=u:object_r:rootfs:s0 tclass=lnk_file permissive=0
02-20 20:18:03.261  2051  2051 W bootstat: type=1400 audit(0.0:11): avc: denied { getattr } for path="/vendor" dev="rootfs" ino=3995 scontext=u:r:bootstat:s0 tcontext=u:object_r:rootfs:s0 tclass=lnk_file permissive=0
02-20 20:18:03.301  2056  2056 I auditd  : type=1400 audit(0.0:12): avc: denied { getattr } for comm="bootstat" path="/vendor" dev="rootfs" ino=3995 scontext=u:r:bootstat:s0 tcontext=u:object_r:rootfs:s0 tclass=lnk_file permissive=0
02-20 20:18:03.301  2056  2056 W bootstat: type=1400 audit(0.0:12): avc: denied { getattr } for path="/vendor" dev="rootfs" ino=3995 scontext=u:r:bootstat:s0 tcontext=u:object_r:rootfs:s0 tclass=lnk_file permissive=0
02-20 20:18:03.238     0     0 I init    : Service 'bootanim' (pid 1346) exited with status 0
02-20 20:18:03.239     0     0 I init    : Starting service 'exec 6 (/system/bin/bootstat)'...
02-20 20:18:03.299     0     0 I init    : Service 'exec 6 (/system/bin/bootstat)' (pid 2051) exited with status 0
02-20 20:18:03.307     0     0 I init    : Starting service 'exec 7 (/system/bin/bootstat)'...
02-20 20:18:03.322     0     0 I init    : Service 'exec 7 (/system/bin/bootstat)' (pid 2056) exited with status 0
02-20 20:18:03.322     0     0 I init    : Starting service 'exec 8 (/system/bin/bootstat)'...
02-20 20:18:03.347     0     0 I init    : Service 'exec 8 (/system/bin/bootstat)' (pid 2057) exited with status 0
02-20 20:18:03.348     0     0 I init    : Starting service 'exec 9 (/system/bin/bootstat)'...
02-20 20:18:03.025  1374  1412 I MediaPlayerService: MediaPlayerService::getOMX
02-20 20:18:03.025  1914  1914 D GsmInboundSmsHandler: created InboundSmsHandler
