02-20 20:19:12.757  1267  1302 V vold    : 
02-20 20:19:12.771  1661  1726 D VoldConnector: RCV <- {650 public:253,64 0 "disk:253,64" ""}
02-20 20:19:12.772  1661  1726 D VoldConnector: RCV <- {651 public:253,64 0}
02-20 20:19:12.772  1661  1726 D VoldConnector: RCV <- {643 disk:253,64}
02-20 20:19:12.772  1661  1726 D VoldConnector: RCV <- {200 3 Command succeeded}
02-20 20:19:12.772  1661  1725 D VoldConnector: SND -> {4 volume user_added 0 0}
02-20 20:19:12.782  1661  1726 D VoldConnector: RCV <- {200 4 Command succeeded}
02-20 20:19:12.791     0     0 D ieee80211 phy1: hw scan 2442 MHz
02-20 20:19:12.827  1661  1661 I Zygote  : Process: zygote socket opened, supported ABIS: x86
02-20 20:19:12.828  1363  1539 I art     : Starting a blocking GC HeapTrim
02-20 20:19:12.829  1363  1363 I art     : Starting a blocking GC Background
02-20 20:19:12.841  1762  1762 W System  : ClassLoader referenced unknown path: /system/priv-app/SystemUIGoogle/lib/x86_64
02-20 20:19:12.877  1661  1790 E WVMExtractor: Failed to open libwvm.so: dlopen failed: library "libwvm.so" not found
02-20 20:19:12.885  1661  1661 W ActivityManager: Slow operation: 71ms so far, now at startProcess: returned from zygote!
02-20 20:19:12.885  1661  1661 W ActivityManager: Slow operation: 71ms so far, now at startProcess: done updating battery stats
02-20 20:19:12.885  1661  1661 I am_proc_start: [0,1792,1037,WebViewLoader-x86,,]
02-20 20:19:12.885  1661  1661 W ActivityManager: Slow operation: 71ms so far, now at startProcess: building log message
02-20 20:19:12.885  1661  1661 I ActivityManager: Start proc 1792:WebViewLoader-x86/1037 [android.webkit.WebViewFactory$RelroFileCreator] for 
02-20 20:19:12.885  1661  1661 W ActivityManager: Slow operation: 71ms so far, now at startProcess: starting to update pids map
02-20 20:19:12.885  1661  1661 W ActivityManager: Slow operation: 71ms so far, now at startProcess: done updating pids map
02-20 20:19:12.885  1661  1661 W ActivityManager: Slow operation: 71ms so far, now at startProcess: done starting proc!
02-20 20:19:12.902  1661  1661 I am_proc_start: [0,1797,1037,WebViewLoader-x86_64,,]
02-20 20:19:12.902  1661  1661 I ActivityManager: Start proc 1797:WebViewLoader-x86_64/1037 [android.webkit.WebViewFactory$RelroFileCreator] for 
02-20 20:19:12.903  1661  1688 I am_proc_bound: [0,1756,com.android.inputmethod.latin]
02-20 20:19:12.906  1661  1725 D VoldConnector: SND -> {5 volume mount emulated 3 -1}
02-20 20:19:12.907  1661  1661 D NetworkManagement: enabling bandwidth control
02-20 20:19:12.907  1267  1302 V vold    : Waiting for FUSE to spin up...
02-20 20:19:12.907  1661  1726 D VoldConnector: RCV <- {651 emulated 1}
02-20 20:19:12.907  1661  1726 D VoldConnector: RCV <- {656 emulated /data/media}
02-20 20:19:12.907  1661  1726 D VoldConnector: RCV <- {655 emulated /storage/emulated}
02-20 20:19:12.910  1797  1797 W art     : Unexpected CPU variant for X86 using defaults: x86_64
02-20 20:19:12.916  1797  1797 V WebViewFactory: RelroFileCreator (64bit = true),  32-bit lib: /system/app/Chrome/Chrome.apk!/lib/x86/libmonochrome.so, 64-bit lib: /system/app/Chrome/Chrome.apk!/lib/x86_64/libmonochrome.so
02-20 20:19:12.912     0     0 D ieee80211 phy1: hw scan 2447 MHz
02-20 20:19:12.925  1372  1372 I MediaPlayerService: MediaPlayerService::getOMX
02-20 20:19:12.925  1372  1372 I OMXClient: MuxOMX ctor
02-20 20:19:12.927  1372  1372 I MediaPlayerService: MediaPlayerService::getOMX
02-20 20:19:12.927  1372  1372 I OMXClient: MuxOMX ctor
02-20 20:19:12.928  1369  1369 I OMXMaster: makeComponentInstance(OMX.google.mp3.decoder) in mediacodec process
02-20 20:19:12.941  1792  1792 W art     : Unexpected CPU variant for X86 using defaults: x86
02-20 20:19:12.946  1802  1802 W sdcard  : Device explicitly disabled sdcardfs
02-20 20:19:12.959  1267  1302 V vold    : Waiting for FUSE to spin up...
02-20 20:19:12.971  1792  1792 V WebViewFactory: RelroFileCreator (64bit = false),  32-bit lib: /system/app/Chrome/Chrome.apk!/lib/x86/libmonochrome.so, 64-bit lib: /system/app/Chrome/Chrome.apk!/lib/x86_64/libmonochrome.so
02-20 20:19:12.954     0     0 D SELinux : initialized (dev fuse, type fuse), uses genfs_contexts
02-20 20:19:12.961     0     0 D SELinux : initialized (dev fuse, type fuse), uses genfs_contexts
02-20 20:19:12.961     0     0 D SELinux : initialized (dev fuse, type fuse), uses genfs_contexts
02-20 20:19:13.009  1661  1726 D VoldConnector: RCV <- {651 emulated 2}
02-20 20:19:13.009  1661  1726 D VoldConnector: RCV <- {200 5 Command succeeded}
02-20 20:19:13.009  1661  1725 D VoldConnector: SND -> {6 volume mount public:253,64 2 0}
02-20 20:19:13.010  1267  1302 V vold    : /system/bin/blkid
02-20 20:19:13.010  1267  1302 V vold    :     -c
02-20 20:19:13.010  1267  1302 V vold    :     /dev/null
02-20 20:19:13.010  1267  1302 V vold    :     -s
02-20 20:19:13.010  1267  1302 V vold    :     TYPE
02-20 20:19:13.010  1267  1302 V vold    :     -s
02-20 20:19:13.010  1267  1302 V vold    :     UUID
02-20 20:19:13.010  1267  1302 V vold    :     -s
02-20 20:19:13.010  1267  1302 V vold    :     LABEL
02-20 20:19:13.010  1267  1302 V vold    :     /dev/block/vold/public:253,64
02-20 20:19:13.010  1661  1726 D VoldConnector: RCV <- {651 public:253,64 1}
02-20 20:19:13.030     0     0 D ieee80211 phy1: hw scan 2452 MHz
02-20 20:19:13.045  1372  1372 I MediaPlayerService: MediaPlayerService::getOMX
02-20 20:19:13.045  1372  1372 I OMXClient: MuxOMX ctor
02-20 20:19:13.047  1369  1385 I OMXMaster: makeComponentInstance(OMX.google.amrnb.decoder) in mediacodec process
02-20 20:19:13.054  1661  1735 D WifiController: DEFERRED_TOGGLE handled
02-20 20:19:13.062  1372  1372 I MediaPlayerService: MediaPlayerService::getOMX
02-20 20:19:13.062  1372  1372 I OMXClient: MuxOMX ctor
02-20 20:19:13.062  1369  1369 I OMXMaster: makeComponentInstance(OMX.google.amrwb.decoder) in mediacodec process
02-20 20:19:13.069  1372  1372 I MediaPlayerService: MediaPlayerService::getOMX
02-20 20:19:13.069  1372  1372 I OMXClient: MuxOMX ctor
02-20 20:19:13.069  1369  1838 I OMXMaster: makeComponentInstance(OMX.google.aac.decoder) in mediacodec process
02-20 20:19:13.078  1762  1762 V SystemUIService: Starting SystemUI services for user 0.
02-20 20:19:13.085  1267  1302 V vold    : /dev/block/vold/public:253,64: LABEL="SDCARD" UUID="1E12-0B12" TYPE="vfat" 
02-20 20:19:13.086  1267  1302 V vold    : 
02-20 20:19:13.086  1661  1726 D VoldConnector: RCV <- {652 public:253,64 vfat}
02-20 20:19:13.086  1661  1726 D VoldConnector: RCV <- {653 public:253,64 1E12-0B12}
02-20 20:19:13.087  1661  1726 D VoldConnector: RCV <- {654 public:253,64 SDCARD}
02-20 20:19:13.089  1267  1302 V vold    : /system/bin/fsck_msdos
02-20 20:19:13.089  1267  1302 V vold    :     -p
02-20 20:19:13.089  1267  1302 V vold    :     -f
02-20 20:19:13.089  1267  1302 V vold    :     /dev/block/vold/public:253,64
02-20 20:19:13.090  1372  1372 I MediaPlayerService: MediaPlayerService::getOMX
02-20 20:19:13.090  1372  1372 I OMXClient: MuxOMX ctor
02-20 20:19:13.090  1369  1385 I OMXMaster: makeComponentInstance(OMX.google.g711.alaw.decoder) in mediacodec process
02-20 20:19:13.108  1372  1372 I MediaPlayerService: MediaPlayerService::getOMX
02-20 20:19:13.109  1372  1372 I OMXClient: MuxOMX ctor
02-20 20:19:13.109  1369  1385 I OMXMaster: makeComponentInstance(OMX.google.g711.mlaw.decoder) in mediacodec process
02-20 20:19:13.139  1373  1686 D SoftapController: Softap fwReload - Ok
02-20 20:19:13.141  1762  1762 V MediaRouter: Adding route: RouteInfo{ name=Phone, description=null, status=null, category=RouteCategory{ name=null types=ROUTE_TYPE_LIVE_AUDIO ROUTE_TYPE_LIVE_VIDEO  groupable=false }, supportedTypes=ROUTE_TYPE_LIVE_AUDIO ROUTE_TYPE_LIVE_VIDEO , presentationDisplay=null }
02-20 20:19:13.142  1762  1762 V MediaRouter: Updating audio routes: AudioRoutesInfo{ type=SPEAKER }
02-20 20:19:13.143  1762  1762 V MediaRouter: Selecting route: RouteInfo{ name=Phone, description=null, status=null, category=RouteCategory{ name=null types=ROUTE_TYPE_LIVE_AUDIO ROUTE_TYPE_LIVE_VIDEO  groupable=false }, supportedTypes=ROUTE_TYPE_LIVE_AUDIO ROUTE_TYPE_LIVE_VIDEO , presentationDisplay=null }
02-20 20:19:13.147  1267  1302 I fsck_msdos: ** /dev/block/vold/public:253,64
02-20 20:19:13.147  1267  1302 I fsck_msdos: ** Phase 1 - Read and Compare FATs
02-20 20:19:13.147  1267  1302 I fsck_msdos: Attempting to allocate 1022 KB for FAT
02-20 20:19:13.149  1372  1372 I MediaPlayerService: MediaPlayerService::getOMX
02-20 20:19:13.149  1372  1372 I OMXClient: MuxOMX ctor
02-20 20:19:13.149  1369  1385 I OMXMaster: makeComponentInstance(OMX.google.vorbis.decoder) in mediacodec process
02-20 20:19:13.150     0     0 D ieee80211 phy1: hw scan 2457 MHz
02-20 20:19:13.175  1661  1787 D TelephonyRegistry: listen oscl: hasNotifySubscriptionInfoChangedOccurred==false no callback
02-20 20:19:13.189  1756  1756 I LatinIME: Hardware accelerated drawing: true
02-20 20:19:13.199  1372  1372 I MediaPlayerService: MediaPlayerService::getOMX
02-20 20:19:13.199  1372  1372 I OMXClient: MuxOMX ctor
02-20 20:19:13.200  1369  1385 I OMXMaster: makeComponentInstance(OMX.google.opus.decoder) in mediacodec process
02-20 20:19:13.228  1267  1302 I fsck_msdos: Attempting to allocate 1022 KB for FAT
02-20 20:19:13.241  1792  1792 I art     : System.exit called, status: 0
02-20 20:19:13.241  1792  1792 I AndroidRuntime: VM exiting with result code 0, cleanup skipped.
02-20 20:19:13.248  1372  1372 I MediaPlayerService: MediaPlayerService::getOMX
02-20 20:19:13.248  1372  1372 I OMXClient: MuxOMX ctor
02-20 20:19:13.248  1369  1385 I OMXMaster: makeComponentInstance(OMX.google.raw.decoder) in mediacodec process
02-20 20:19:13.249  1797  1797 I art     : System.exit called, status: 0
02-20 20:19:13.249  1797  1797 I AndroidRuntime: VM exiting with result code 0, cleanup skipped.
02-20 20:19:13.252  1372  1372 I MediaPlayerService: MediaPlayerService::getOMX
02-20 20:19:13.252  1372  1372 I OMXClient: MuxOMX ctor
02-20 20:19:13.252  1369  1385 I OMXMaster: makeComponentInstance(OMX.google.aac.encoder) in mediacodec process
02-20 20:19:13.256  1267  1302 I fsck_msdos: ** Phase 2 - Check Cluster Chains
02-20 20:19:13.258  1267  1302 I fsck_msdos: ** Phase 3 - Checking Directories
02-20 20:19:13.259  1267  1302 I fsck_msdos: ** Phase 4 - Checking for Lost Files
02-20 20:19:13.260  1267  1302 I fsck_msdos: 27 files, 522176 free (261088 clusters)
02-20 20:19:13.273  1267  1302 I Vold    : Filesystem check completed OK
02-20 20:19:13.273  1661  1726 D VoldConnector: RCV <- {656 public:253,64 /mnt/media_rw/1E12-0B12}
02-20 20:19:13.273  1372  1372 I MediaPlayerService: MediaPlayerService::getOMX
02-20 20:19:13.274  1372  1372 I OMXClient: MuxOMX ctor
02-20 20:19:13.274  1369  1838 I OMXMaster: makeComponentInstance(OMX.google.amrnb.encoder) in mediacodec process
02-20 20:19:13.274  1661  1661 W NetworkManagement: setDataSaverMode(): already false
02-20 20:19:13.275  1661  1726 D VoldConnector: RCV <- {655 public:253,64 /storage/1E12-0B12}
02-20 20:19:13.277  1372  1372 I MediaPlayerService: MediaPlayerService::getOMX
02-20 20:19:13.272     0     0 D ieee80211 phy1: hw scan 2462 MHz
02-20 20:19:13.278     0     0 W FAT-fs (vde): Volume was not properly unmounted. Some data may be corrupt. Please run fsck.
02-20 20:19:13.279     0     0 D SELinux : initialized (dev vde, type vfat), uses genfs_contexts
02-20 20:19:13.278  1372  1372 I OMXClient: MuxOMX ctor
02-20 20:19:13.278  1369  1369 I OMXMaster: makeComponentInstance(OMX.google.amrwb.encoder) in mediacodec process
02-20 20:19:13.281  1267  1302 V vold    : Waiting for FUSE to spin up...
02-20 20:19:13.283  1373  1686 D CommandListener: Setting iface cfg
02-20 20:19:13.285  1873  1873 W sdcard  : Device explicitly disabled sdcardfs
02-20 20:19:13.286  1372  1372 I MediaPlayerService: MediaPlayerService::getOMX
02-20 20:19:13.286     0     0 D SELinux : initialized (dev fuse, type fuse), uses genfs_contexts
02-20 20:19:13.291  1372  1372 I OMXClient: MuxOMX ctor
02-20 20:19:13.291  1369  1385 I OMXMaster: makeComponentInstance(OMX.google.flac.encoder) in mediacodec process
02-20 20:19:13.294  1373  1686 D CommandListener: Trying to bring down wlan0
02-20 20:19:13.292     0     0 D SELinux : initialized (dev fuse, type fuse), uses genfs_contexts
02-20 20:19:13.292     0     0 D SELinux : initialized (dev fuse, type fuse), uses genfs_contexts
02-20 20:19:13.303  1373  1686 D CommandListener: Clearing all IP addresses on wlan0
02-20 20:19:13.305  1661  1736 E WifiMonitor: killSupplicant p2pfalse init.svc.wpa_supplicant=unknown init.svc.p2p_supplicant=unknown
02-20 20:19:13.306  1661  1736 E wifi    : Can not initialize the vendor function pointer table
02-20 20:19:13.306  1661  1736 E WifiNative-HAL: Could not start hal
02-20 20:19:13.306  1661  1736 E WifiStateMachine: Failed to start HAL
02-20 20:19:13.313  1661  1736 D WifiMonitor: startMonitoring(wlan0) with mConnected = false
02-20 20:19:13.313  1661  1736 E WifiHW  : Unable to open connection to supplicant on "@android:wpa_wlan0": No such file or directory
02-20 20:19:13.317  1762  1884 E WVMExtractor: Failed to open libwvm.so: dlopen failed: library "libwvm.so" not found
02-20 20:19:13.312     0     0 I init    : Starting service 'wpa_supplicant'...
02-20 20:19:13.332  1661  1726 D VoldConnector: RCV <- {651 public:253,64 2}
02-20 20:19:13.332  1661  1726 D VoldConnector: RCV <- {200 6 Command succeeded}
02-20 20:19:13.358  1372  1372 I MediaPlayerService: MediaPlayerService::getOMX
02-20 20:19:13.361  1372  1372 I OMXClient: MuxOMX ctor
02-20 20:19:13.361  1369  1838 I OMXMaster: makeComponentInstance(OMX.google.gsm.decoder) in mediacodec process
02-20 20:19:13.379  1756  1756 W InputAttributes: No editor info for this field. Bug?
02-20 20:19:13.399  1661  1661 D NetworkPolicy: setRestrictBackgroundUL(): false
02-20 20:19:13.390     0     0 D ieee80211 phy1: hw scan complete
02-20 20:19:13.390     0     0 D ieee80211 phy1: mac80211_hwsim_get_survey (idx=0)
02-20 20:19:13.404  1885  1885 I wpa_supplicant: Successfully initialized wpa_supplicant
02-20 20:19:13.414  1756  1898 I LatinIME:LogUtils: Dictionary info: dictionary = userunigram.en_US ; version = 1519157953 ; date = ?
02-20 20:19:13.420  1493  1493 E hostapd : Using interface wlan1 with hwaddr 02:00:00:00:01:00 and ssid "AndroidWifi"
02-20 20:19:13.421  1885  1885 I wpa_supplicant: rfkill: Cannot open RFKILL control device
02-20 20:19:13.423  1885  1885 I wpa_supplicant: nl80211: Could not re-add multicast membership for vendor events: -2 (No such file or directory)
02-20 20:19:13.424  1493  1493 I hostapd : wlan1: interface state HT_SCAN->ENABLED
02-20 20:19:13.424  1493  1493 I hostapd : wlan1: AP-ENABLED 
02-20 20:19:13.421     0     0 D ieee80211 phy0: mac80211_hwsim_start
02-20 20:19:13.421     0     0 D ieee80211 phy0: mac80211_hwsim_add_interface (type=2 mac_addr=02:00:00:44:55:66)
02-20 20:19:13.421     0     0 D ieee80211 phy0: mac80211_hwsim_bss_info_changed(changed=0xe)
02-20 20:19:13.421     0     0 D ieee80211 phy0: ERP_CTS_PROT: 0
02-20 20:19:13.421     0     0 D ieee80211 phy0: ERP_PREAMBLE: 0
02-20 20:19:13.421     0     0 D ieee80211 phy0: ERP_SLOT: 0
02-20 20:19:13.421     0     0 D ieee80211 phy0: mac80211_hwsim_conf_tx (queue=0 txop=0 cw_min=15 cw_max=1023 aifs=2)
02-20 20:19:13.421     0     0 D ieee80211 phy0: mac80211_hwsim_conf_tx (queue=1 txop=0 cw_min=15 cw_max=1023 aifs=2)
02-20 20:19:13.421     0     0 D ieee80211 phy0: mac80211_hwsim_conf_tx (queue=2 txop=0 cw_min=15 cw_max=1023 aifs=2)
02-20 20:19:13.421     0     0 D ieee80211 phy0: mac80211_hwsim_conf_tx (queue=3 txop=0 cw_min=15 cw_max=1023 aifs=2)
02-20 20:19:13.421     0     0 D ieee80211 phy0: mac80211_hwsim_bss_info_changed(changed=0x2000)
02-20 20:19:13.421     0     0 D ieee80211 phy0: mac80211_hwsim_config (freq=0 idle=0 ps=0 smps=auto)
02-20 20:19:13.421     0     0 D ieee80211 phy0: mac80211_hwsim_configure_filter
02-20 20:19:13.422     0     0 I IPv6    : ADDRCONF(NETDEV_UP): wlan0: link is not ready
02-20 20:19:13.422     0     0 D ieee80211 phy0: mac80211_hwsim_configure_filter
02-20 20:19:13.424     0     0 D ieee80211 phy1: mac80211_hwsim_config (freq=0 idle=0 ps=0 smps=auto)
02-20 20:19:13.424     0     0 D ieee80211 phy1: add channel context control: 2447 MHz/width: 2/cfreqs:2437/0 MHz
02-20 20:19:13.424     0     0 D ieee80211 phy1: mac80211_hwsim_bss_info_changed(changed=0x40000)
02-20 20:19:13.424     0     0 D ieee80211 phy1: TX Power: 20 dBm
02-20 20:19:13.424     0     0 D ieee80211 phy1: mac80211_hwsim_bss_info_changed(changed=0x4000)
02-20 20:19:13.424     0     0 D ieee80211 phy1: change channel context control: 2447 MHz/width: 2/cfreqs:2437/0 MHz
02-20 20:19:13.424     0     0 D ieee80211 phy1: mac80211_hwsim_bss_info_changed(changed=0x88340)
02-20 20:19:13.424     0     0 D ieee80211 phy1: BCNINT: 100
02-20 20:19:13.424     0     0 D ieee80211 phy1: BCN EN: 1
02-20 20:19:13.424     0     0 D ieee80211 phy1: mac80211_hwsim_bss_info_changed(changed=0x3e)
02-20 20:19:13.424     0     0 D ieee80211 phy1: ERP_CTS_PROT: 0
02-20 20:19:13.424     0     0 D ieee80211 phy1: ERP_PREAMBLE: 0
02-20 20:19:13.424     0     0 D ieee80211 phy1: ERP_SLOT: 1
02-20 20:19:13.424     0     0 D ieee80211 phy1: HT: op_mode=0x0
02-20 20:19:13.424     0     0 D ieee80211 phy1: BASIC_RATES: 0xf
02-20 20:19:13.424     0     0 D ieee80211 phy1: mac80211_hwsim_conf_tx (queue=0 txop=47 cw_min=3 cw_max=7 aifs=1)
02-20 20:19:13.424     0     0 D ieee80211 phy1: mac80211_hwsim_bss_info_changed(changed=0x2000)
02-20 20:19:13.424     0     0 D ieee80211 phy1: mac80211_hwsim_conf_tx (queue=1 txop=94 cw_min=7 cw_max=15 aifs=1)
02-20 20:19:13.424     0     0 D ieee80211 phy1: mac80211_hwsim_bss_info_changed(changed=0x2000)
02-20 20:19:13.424     0     0 D ieee80211 phy1: mac80211_hwsim_conf_tx (queue=2 txop=0 cw_min=15 cw_max=63 aifs=3)
02-20 20:19:13.424     0     0 D ieee80211 phy1: mac80211_hwsim_bss_info_changed(changed=0x2000)
02-20 20:19:13.424     0     0 D ieee80211 phy1: mac80211_hwsim_conf_tx (queue=3 txop=0 cw_min=15 cw_max=1023 aifs=7)
02-20 20:19:13.424     0     0 D ieee80211 phy1: mac80211_hwsim_bss_info_changed(changed=0x2000)
02-20 20:19:13.424     0     0 I IPv6    : ADDRCONF(NETDEV_CHANGE): wlan1: link becomes ready
02-20 20:19:13.425     0     0 D ieee80211 phy1: mac80211_hwsim_configure_filter
02-20 20:19:13.429  1756  1898 E ActivityThread: Failed to find provider info for user_dictionary
02-20 20:19:13.430  1372  1372 I MediaPlayerService: MediaPlayerService::getOMX
02-20 20:19:13.430  1372  1372 I OMXClient: MuxOMX ctor
02-20 20:19:13.430  1369  1838 I OMXMaster: makeComponentInstance(OMX.google.mpeg4.decoder) in mediacodec process
02-20 20:19:13.431  1756  1898 I LatinIME:LogUtils: Dictionary info: dictionary = UserHistoryDictionary.en_US ; version = 1519157953 ; date = ?
02-20 20:19:13.475  1369  1838 E OMXNodeInstance: getExtensionIndex(559000f:google.mpeg4.decoder, OMX.google.android.index.configureVideoTunnelMode) ERROR: UnsupportedIndex(0x8000101a)
02-20 20:19:13.477  1369  1369 W OMXNodeInstance: [559000f:google.mpeg4.decoder] component does not support metadata mode; using fallback
02-20 20:19:13.478  1372  1372 I MediaPlayerService: MediaPlayerService::getOMX
02-20 20:19:13.478  1372  1372 I OMXClient: MuxOMX ctor
02-20 20:19:13.478  1369  1385 I OMXMaster: makeComponentInstance(OMX.google.h263.decoder) in mediacodec process
02-20 20:19:13.488  1762  1762 I vol.Events: writeEvent collection_started
02-20 20:19:13.501  1369  1838 E OMXNodeInstance: getExtensionIndex(5590010:google.h263.decoder, OMX.google.android.index.configureVideoTunnelMode) ERROR: UnsupportedIndex(0x8000101a)
02-20 20:19:13.501  1369  1369 W OMXNodeInstance: [5590010:google.h263.decoder] component does not support metadata mode; using fallback
02-20 20:19:13.501  1885  1885 E wpa_supplicant: global ctrl interface @android:wpa_wlan0 matches ctrl interface wlan0 - do not open per-interface ctrl interface
02-20 20:19:13.502  1372  1372 I MediaPlayerService: MediaPlayerService::getOMX
02-20 20:19:13.502  1372  1372 I OMXClient: MuxOMX ctor
02-20 20:19:13.502  1369  1385 I OMXMaster: makeComponentInstance(OMX.google.h264.decoder) in mediacodec process
02-20 20:19:13.511  1762  1907 I sysui_action: [213,2]
02-20 20:19:13.512  1762  1907 I vol.Events: writeEvent external_ringer_mode_changed normal
02-20 20:19:13.512  1762  1907 I vol.Events: writeEvent internal_ringer_mode_changed normal
02-20 20:19:13.528  1661  1661 I SystemServiceManager: Starting phase 600
02-20 20:19:13.540  1661  1661 D SensorNotificationService: Cannot obtain dynamic meta sensor, not supported.
02-20 20:19:13.545  1372  1372 W ACodec  : [OMX.google.h264.decoder] stopping checking profiles after 32: 2/8000
02-20 20:19:13.545  1369  1385 E OMXNodeInstance: getExtensionIndex(5590011:google.h264.decoder, OMX.google.android.index.configureVideoTunnelMode) ERROR: UnsupportedIndex(0x8000101a)
02-20 20:19:13.545  1369  1369 W OMXNodeInstance: [5590011:google.h264.decoder] component does not support metadata mode; using fallback
02-20 20:19:13.547  1661  1661 D TelephonyRegistry: listen oscl: hasNotifySubscriptionInfoChangedOccurred==false no callback
02-20 20:19:13.556  1372  1372 I MediaPlayerService: MediaPlayerService::getOMX
02-20 20:19:13.556  1372  1372 I OMXClient: MuxOMX ctor
02-20 20:19:13.556  1369  1838 I OMXMaster: makeComponentInstance(OMX.google.hevc.decoder) in mediacodec process
02-20 20:19:13.558  1661  1732 I netstats_mobile_sample: [0,0,0,0,0,0,0,0,0,0,0,0,-1]
02-20 20:19:13.558  1661  1732 I netstats_wifi_sample: [0,0,0,0,0,0,0,0,0,0,0,0,-1]
02-20 20:19:13.572  1661  1661 I GnssLocationProvider: WakeLock acquired by sendMessage(13, 0, null)
02-20 20:19:13.573  1661  1661 W LocationProviderProxy-network: Odd, no component found for service com.android.location.service.v3.NetworkLocationProvider
02-20 20:19:13.574  1661  1661 W GeocoderProxy: Odd, no component found for service com.android.location.service.GeocodeProvider
02-20 20:19:13.575  1661  1661 E FlpHardwareProvider: Error hw_get_module 'flp': -2
02-20 20:19:13.575  1661  1661 D LocationManagerService: FLP HAL not supported
02-20 20:19:13.578  1661  1661 W GeofenceProxy: Odd, no component found for service com.android.location.service.GeofenceProvider
02-20 20:19:13.579  1661  1689 W GnssLocationProvider: Could not open GPS configuration file /etc/gps.conf
02-20 20:19:13.579  1661  1689 E GnssLocationProvider: no AGPS interface in set_agps_server
02-20 20:19:13.580  1661  1661 E ActivityRecognitionHardware: Error hw_get_module: -2
02-20 20:19:13.580  1661  1661 D LocationManagerService: Hardware Activity-Recognition not supported.
02-20 20:19:13.580  1661  1661 W ActivityRecognitionProxy: Odd, no component found for service com.android.location.service.ActivityRecognitionProvider
02-20 20:19:13.580  1661  1689 D TelephonyRegistry: listen oscl: hasNotifySubscriptionInfoChangedOccurred==false no callback
02-20 20:19:13.581  1661  1661 I GnssLocationProvider: WakeLock acquired by sendMessage(2, 1, null)
02-20 20:19:13.584  1369  1385 E OMXNodeInstance: getExtensionIndex(5590012:google.hevc.decoder, OMX.google.android.index.configureVideoTunnelMode) ERROR: UnsupportedIndex(0x8000101a)
02-20 20:19:13.584  1369  1385 W OMXNodeInstance: [5590012:google.hevc.decoder] component does not support metadata mode; using fallback
02-20 20:19:13.587  1372  1372 I MediaPlayerService: MediaPlayerService::getOMX
02-20 20:19:13.587  1372  1372 I OMXClient: MuxOMX ctor
02-20 20:19:13.587  1369  1369 I OMXMaster: makeComponentInstance(OMX.google.vp8.decoder) in mediacodec process
02-20 20:19:13.591  1661  1661 I CommonTimeManagementService: No common time service detected on this platform.  Common time services will be unavailable.
02-20 20:19:13.592  1661  1691 W WindowManager: Keyguard drawn timeout. Setting mKeyguardDrawComplete
02-20 20:19:13.593  1661  1661 D TelephonyRegistry: systemRunning register for intents
02-20 20:19:13.594  1661  1661 I MmsServiceBroker: Delay connecting to MmsService until an API is called
02-20 20:19:13.594  1661  1723 I InputReader: Reconfiguring input devices.  changes=0x00000030
02-20 20:19:13.595  1661  1689 I GnssLocationProvider: WakeLock released by handleMessage(13, 0, null)
02-20 20:19:13.596  1661  1689 E GnssLocationProvider: no AGPS interface in set_agps_server
02-20 20:19:13.596  1661  1689 I GnssLocationProvider: WakeLock released by handleMessage(2, 1, null)
02-20 20:19:13.615  1756  1898 I LatinIME:LogUtils: Dictionary info: dictionary = main:en ; version = 54 ; date = 1414726273
02-20 20:19:13.639  1661  1661 I am_proc_start: [0,1921,1001,com.android.phone,added application,com.android.phone]
02-20 20:19:13.639  1661  1661 I ActivityManager: Start proc 1921:com.android.phone/1001 for added application com.android.phone
02-20 20:19:13.639  1661  1661 I ActivityManager: START u0 {act=android.intent.action.MAIN cat=[android.intent.category.HOME] flg=0x10000100 cmp=com.android.settings/.FallbackHome} from uid 0 on display 0
02-20 20:19:13.640  1661  1661 W System  : ClassLoader referenced unknown path: 
02-20 20:19:13.640  1921  1921 W art     : Unexpected CPU variant for X86 using defaults: x86_64
02-20 20:19:13.640  1661  1661 W System  : ClassLoader referenced unknown path: /system/priv-app/Settings/lib/x86_64
02-20 20:19:13.641  1661  1661 D ApplicationLoaders: ignored Vulkan layer search path /system/priv-app/Settings/lib/x86_64:/system/priv-app/Settings/Settings.apk!/lib/x86_64:/system/lib64:/vendor/lib64 for namespace 0x7595f1436160
02-20 20:19:13.643  1369  1838 E OMXNodeInstance: getExtensionIndex(5590013:google.vp8.decoder, OMX.google.android.index.configureVideoTunnelMode) ERROR: UnsupportedIndex(0x8000101a)
02-20 20:19:13.643  1369  1385 W OMXNodeInstance: [5590013:google.vp8.decoder] component does not support metadata mode; using fallback
02-20 20:19:13.645  1372  1372 I MediaPlayerService: MediaPlayerService::getOMX
02-20 20:19:13.646  1372  1372 I OMXClient: MuxOMX ctor
02-20 20:19:13.646  1369  1369 I OMXMaster: makeComponentInstance(OMX.google.vp9.decoder) in mediacodec process
02-20 20:19:13.660  1661  1661 I ActivityManager: Loaded persisted task ids for user 0
02-20 20:19:13.660  1661  1661 I am_create_task: [0,1]
02-20 20:19:13.660  1661  1661 I am_create_activity: [0,128460196,1,com.android.settings/.FallbackHome,android.intent.action.MAIN,NULL,NULL,276824320]
02-20 20:19:13.661  1661  1661 I wm_task_created: [1,0]
02-20 20:19:13.662  1661  1661 I wm_task_moved: [1,1,0]
02-20 20:19:13.662  1661  1661 I wm_task_moved: [1,1,0]
02-20 20:19:13.662  1661  1661 I am_focused_activity: [0,com.android.settings/.FallbackHome,startedActivity]
02-20 20:19:13.677  1936  1936 W art     : Unexpected CPU variant for X86 using defaults: x86_64
02-20 20:19:13.683  1661  1661 I am_proc_start: [0,1936,1000,com.android.settings,activity,com.android.settings/.FallbackHome]
02-20 20:19:13.683  1661  1661 I ActivityManager: Start proc 1936:com.android.settings/1000 for activity com.android.settings/.FallbackHome
02-20 20:19:13.686  1369  1838 E OMXNodeInstance: getExtensionIndex(5590014:google.vp9.decoder, OMX.google.android.index.configureVideoTunnelMode) ERROR: UnsupportedIndex(0x8000101a)
02-20 20:19:13.686  1369  1838 W OMXNodeInstance: [5590014:google.vp9.decoder] component does not support metadata mode; using fallback
02-20 20:19:13.688  1372  1372 I MediaPlayerService: MediaPlayerService::getOMX
02-20 20:19:13.688  1372  1372 I OMXClient: MuxOMX ctor
02-20 20:19:13.688  1369  1838 I OMXMaster: makeComponentInstance(OMX.google.h263.encoder) in mediacodec process
02-20 20:19:13.731  1661  1787 I am_proc_bound: [0,1936,com.android.settings]
02-20 20:19:13.733  1369  1838 I SoftMPEG4Encoder: Construct SoftMPEG4Encoder
02-20 20:19:13.734  1372  1372 W ACodec  : do not know color format 0x7f000789 = 2130708361
02-20 20:19:13.734  1369  1385 E OMXNodeInstance: getConfig(5590015:google.h263.encoder, ConfigAndroidIntraRefresh(0x6f60000a)) ERROR: Undefined(0x80001001)
02-20 20:19:13.738  1661  1661 I SystemServer: Enabled StrictMode for system server main thread.
02-20 20:19:13.739  1372  1372 I MediaPlayerService: MediaPlayerService::getOMX
02-20 20:19:13.739  1372  1372 I OMXClient: MuxOMX ctor
02-20 20:19:13.739  1369  1838 I OMXMaster: makeComponentInstance(OMX.google.h264.encoder) in mediacodec process
02-20 20:19:13.739  1661  1787 I am_restart_activity: [0,128460196,1,com.android.settings/.FallbackHome]
02-20 20:19:13.742  1661  1688 I am_proc_bound: [0,1921,com.android.phone]
02-20 20:19:13.757  1661  1689 W LocationProviderProxy-network: Odd, no component found for service com.android.location.service.v3.NetworkLocationProvider
02-20 20:19:13.758  1661  1689 W GeocoderProxy: Odd, no component found for service com.android.location.service.GeocodeProvider
02-20 20:19:13.758  1661  1689 W GeofenceProxy: Odd, no component found for service com.android.location.service.GeofenceProvider
02-20 20:19:13.758  1661  1689 W ActivityRecognitionProxy: Odd, no component found for service com.android.location.service.ActivityRecognitionProvider
02-20 20:19:13.763  1936  1936 W System  : ClassLoader referenced unknown path: /system/priv-app/Settings/lib/x86_64
02-20 20:19:13.775  1661  1661 D ConditionProviders.SCP: onConnected
02-20 20:19:13.775  1661  1661 D ZenLog  : set_zen_mode: off,readXml
02-20 20:19:13.778  1661  1661 D ConditionProviders: Subscribing to condition://android/schedule?days=6.7&start=23.30&end=10.0&exitAtAlarm=false with ComponentInfo{android/com.android.server.notification.ScheduleConditionProvider}
02-20 20:19:13.778  1661  1661 D ZenLog  : subscribe: condition://android/schedule?days=6.7&start=23.30&end=10.0&exitAtAlarm=false,ok
02-20 20:19:13.778  1661  1661 D ConditionProviders: Subscribing to condition://android/event?userId=-10000&calendar=&reply=1 with ComponentInfo{android/com.android.server.notification.EventConditionProvider}
02-20 20:19:13.778  1661  1661 D ZenLog  : subscribe: condition://android/event?userId=-10000&calendar=&reply=1,ok
02-20 20:19:13.779  1661  1661 D ConditionProviders: Subscribing to condition://android/schedule?days=1.2.3.4.5&start=22.0&end=7.0&exitAtAlarm=false with ComponentInfo{android/com.android.server.notification.ScheduleConditionProvider}
02-20 20:19:13.792  1661  1661 D ZenLog  : subscribe: condition://android/schedule?days=1.2.3.4.5&start=22.0&end=7.0&exitAtAlarm=false,ok
02-20 20:19:13.809  1661  1738 I WifiScanningService: wifi driver unloaded
02-20 20:19:13.810  1661  1661 D RttService: SCAN_AVAILABLE : 1
02-20 20:19:13.810  1661  1739 D RttService: DefaultState got{ when=0 what=160513 target=com.android.internal.util.StateMachine$SmHandler }
02-20 20:19:13.811  1661  1661 D ZenLog  : set_zen_mode: off,cleanUpZenRules
02-20 20:19:13.813  1921  1921 W System  : ClassLoader referenced unknown path: /system/priv-app/TeleService/lib/x86_64
02-20 20:19:13.823  1372  1372 W ACodec  : do not know color format 0x7f000789 = 2130708361
02-20 20:19:13.824  1661  1661 W System  : ClassLoader referenced unknown path: /system/priv-app/Telecom/lib/x86_64
02-20 20:19:13.824  1661  1661 D ApplicationLoaders: ignored Vulkan layer search path /system/priv-app/Telecom/lib/x86_64:/system/priv-app/Telecom/Telecom.apk!/lib/x86_64:/system/lib64:/vendor/lib64 for namespace 0x7595f14361d0
02-20 20:19:13.827  1372  1372 I MediaPlayerService: MediaPlayerService::getOMX
02-20 20:19:13.827  1372  1372 I OMXClient: MuxOMX ctor
02-20 20:19:13.827  1369  1957 I OMXMaster: makeComponentInstance(OMX.google.mpeg4.encoder) in mediacodec process
02-20 20:19:13.828  1661  1787 I stream_devices_changed: [0,0,2]
02-20 20:19:13.829  1661  1787 I stream_devices_changed: [2,0,2]
02-20 20:19:13.829  1661  1787 I stream_devices_changed: [3,0,2]
02-20 20:19:13.829  1661  1787 I stream_devices_changed: [6,0,2]
02-20 20:19:13.830  1661  1787 I stream_devices_changed: [4,0,2]
02-20 20:19:13.830  1762  1907 I vol.Events: writeEvent level_changed STREAM_ALARM 6
02-20 20:19:13.831  1762  1907 I vol.Events: writeEvent level_changed STREAM_BLUETOOTH_SCO 7
02-20 20:19:13.832  1762  1907 I vol.Events: writeEvent level_changed STREAM_MUSIC 11
02-20 20:19:13.833  1762  1907 I vol.Events: writeEvent level_changed STREAM_RING 5
02-20 20:19:13.833  1762  1907 I vol.Events: writeEvent level_changed STREAM_SYSTEM 5
02-20 20:19:13.834  1762  1907 I vol.Events: writeEvent level_changed STREAM_VOICE_CALL 4
02-20 20:19:13.846  1369  1957 I SoftMPEG4Encoder: Construct SoftMPEG4Encoder
02-20 20:19:13.847  1372  1372 W ACodec  : do not know color format 0x7f000789 = 2130708361
02-20 20:19:13.847  1369  1385 E OMXNodeInstance: getConfig(5590017:google.mpeg4.encoder, ConfigAndroidIntraRefresh(0x6f60000a)) ERROR: Undefined(0x80001001)
02-20 20:19:13.850  1372  1372 I MediaPlayerService: MediaPlayerService::getOMX
02-20 20:19:13.851  1372  1372 I OMXClient: MuxOMX ctor
02-20 20:19:13.860  1369  1385 I OMXMaster: makeComponentInstance(OMX.google.vp8.encoder) in mediacodec process
02-20 20:19:13.883  1921  1921 W System  : ClassLoader referenced unknown path: /system/priv-app/TelephonyProvider/lib/x86_64
02-20 20:19:13.883  1921  1921 D ApplicationLoaders: ignored Vulkan layer search path /system/priv-app/TelephonyProvider/lib/x86_64:/system/lib64:/vendor/lib64 for namespace 0x7595f13cb0f0
02-20 20:19:13.886  1936  1936 I am_on_resume_called: [0,com.android.settings.FallbackHome,LAUNCH_ACTIVITY]
02-20 20:19:13.891  1312  1324 E SurfaceFlinger: ro.sf.lcd_density must be defined as a build property
02-20 20:19:13.908  1936  1936 D         : HostConnection::get() New Host Connection established 0x7595e27fbe20, tid 1936
02-20 20:19:13.921  1312  1358 E SurfaceFlinger: ro.sf.lcd_density must be defined as a build property
02-20 20:19:13.924  1762  1762 D         : HostConnection::get() New Host Connection established 0x7595d2274480, tid 1762
02-20 20:19:13.926  1372  1372 W ACodec  : do not know color format 0x7f000789 = 2130708361
02-20 20:19:13.926  1369  1957 E OMXNodeInstance: getConfig(5590018:google.vp8.encoder, ConfigAndroidIntraRefresh(0x6f60000a)) ERROR: Undefined(0x80001001)
02-20 20:19:13.927  1372  1372 I MediaPlayerService: MediaPlayerService::getOMX
02-20 20:19:13.927  1372  1372 I OMXClient: MuxOMX ctor
02-20 20:19:13.933  1372  1372 I MediaPlayerService: MediaPlayerService::getOMX
02-20 20:19:13.933  1372  1372 I OMXClient: MuxOMX ctor
02-20 20:19:13.933  1372  1372 W MediaCodecList: unable to open media codecs configuration xml file: /data/misc/media/media_codecs_profiling_results.xml
02-20 20:19:13.936  1372  1400 I MediaPlayerService: MediaPlayerService::getOMX
02-20 20:19:13.937  1372  1894 I MediaPlayerService: MediaPlayerService::getOMX
02-20 20:19:13.938  1762  1888 I OMXClient: MuxOMX ctor
02-20 20:19:13.939  1369  1369 I OMXMaster: makeComponentInstance(OMX.google.vorbis.decoder) in mediacodec process
02-20 20:19:13.940  1661  1813 I OMXClient: MuxOMX ctor
02-20 20:19:13.943  1661  1661 E BluetoothAdapter: Bluetooth binder is null
02-20 20:19:13.956  1921  1921 D TelephonyProvider: dbh.onOpen: ok, queried table=siminfo
02-20 20:19:13.956  1921  1921 D TelephonyProvider: dbh.onOpen: ok, queried table=carriers
02-20 20:19:13.956  1762  1762 D StorageNotification: Notifying about private volume: VolumeInfo{private}:
02-20 20:19:13.956  1762  1762 D StorageNotification:     type=PRIVATE diskId=null partGuid=null mountFlags=0 mountUserId=-1 
02-20 20:19:13.956  1762  1762 D StorageNotification:     state=MOUNTED 
02-20 20:19:13.956  1762  1762 D StorageNotification:     fsType=null fsUuid=null fsLabel=null 
02-20 20:19:13.956  1762  1762 D StorageNotification:     path=/data internalPath=null 
02-20 20:19:13.956  1762  1762 D StorageNotification: Notifying about public volume: VolumeInfo{public:253,64}:
02-20 20:19:13.956  1762  1762 D StorageNotification:     type=PUBLIC diskId=disk:253,64 partGuid=null mountFlags=VISIBLE 
02-20 20:19:13.956  1762  1762 D StorageNotification:     mountUserId=0 state=MOUNTED 
02-20 20:19:13.956  1762  1762 D StorageNotification:     fsType=vfat fsUuid=1E12-0B12 fsLabel=SDCARD 
02-20 20:19:13.956  1762  1762 D StorageNotification:     path=/storage/1E12-0B12 internalPath=/mnt/media_rw/1E12-0B12 
02-20 20:19:13.972  1661  1661 I Telecom : SystemStateProvider: Registering car mode receiver: android.content.IntentFilter@39ac7f6: TS.init@AAA
02-20 20:19:13.974  1936  1969 D         : HostConnection::get() New Host Connection established 0x7595e27fbee0, tid 1969
02-20 20:19:13.974  1312  1954 D         : HostConnection::get() New Host Connection established 0x739494a1b300, tid 1954
02-20 20:19:13.978  1936  1969 I OpenGLRenderer: Initialized EGL, version 1.4
02-20 20:19:13.978  1936  1969 D OpenGLRenderer: Swap behavior 1
02-20 20:19:13.980  1369  1838 I OMXMaster: makeComponentInstance(OMX.google.vorbis.decoder) in mediacodec process
02-20 20:19:14.004  1936  1969 D EGL_emulation: eglCreateContext: 0x7595e2779480: maj 3 min 0 rcv 3
02-20 20:19:14.005  1661  1976 I Telecom : Telecom: Non-call EVENT: AUDIO_ROUTE, Entering state QuiescentEarpieceRoute
02-20 20:19:14.013  1661  1982 I Telecom : CallAudioModeStateMachine: Message received: null.: TS.init->CAMSM.pM_1@AAA_0
02-20 20:19:14.022  1661  1661 E BluetoothAdapter: Bluetooth binder is null
02-20 20:19:14.027  1661  1983 E ActivityThread: Failed to find provider info for call_log
02-20 20:19:14.029  1661  1661 I Telecom : Class: TelecomSystem.INSTANCE being set
02-20 20:19:14.029  1661  1661 E BluetoothAdapter: Bluetooth binder is null
02-20 20:19:14.031  1661  1661 W ContextImpl: Calling a method in the system process without a qualified user: android.app.ContextImpl.startService:1357 com.android.server.content.SyncManager$13.run:658 android.os.Handler.handleCallback:751 android.os.Handler.dispatchMessage:95 android.os.Looper.loop:154 
02-20 20:19:14.058  1921  1921 D TDC     : updateOrInsert: inserting: Modem { uuid=modem, state=0, rilModel=0, rat={}, maxActiveVoiceCall=1, maxActiveDataCall=1, maxStandby=1 }
02-20 20:19:14.058  1921  1921 D TDC     : updateOrInsert: inserting: Sim { uuid=sim, modemUuid=modem, state=0 }
02-20 20:19:14.074  1661  1661 W System  : ClassLoader referenced unknown path: /system/priv-app/FusedLocation/lib/x86_64
02-20 20:19:14.075  1661  1661 D ApplicationLoaders: ignored Vulkan layer search path /system/priv-app/FusedLocation/lib/x86_64:/system/priv-app/FusedLocation/FusedLocation.apk!/lib/x86_64:/system/lib64:/vendor/lib64 for namespace 0x7595f1436240
02-20 20:19:14.080  1372  1372 I MediaPlayerService: MediaPlayerService::getOMX
02-20 20:19:14.081  1661  1997 I OMXClient: MuxOMX ctor
02-20 20:19:14.081  1369  1369 I OMXMaster: makeComponentInstance(OMX.google.vorbis.decoder) in mediacodec process
02-20 20:19:14.084  1661  1661 D GpsNetInitiatedHandler: location enabled :true
02-20 20:19:14.084  1661  1661 V WiredAccessoryManager: notifyWiredAccessoryChanged: when=0 bits= mask=54
02-20 20:19:14.096  1936  1969 D EGL_emulation: eglMakeCurrent: 0x7595e2779480: ver 3 0 (tinfo 0x7595ecd672c0)
02-20 20:19:14.096  1372  1894 I MediaPlayerService: MediaPlayerService::getOMX
02-20 20:19:14.096  1762  1998 I OMXClient: MuxOMX ctor
02-20 20:19:14.097  1661  1661 V WiredAccessoryManager: newName=h2w newState=0 headsetState=0 prev headsetState=0
02-20 20:19:14.097  1661  1661 E WiredAccessoryManager: No state change.
02-20 20:19:14.097  1661  1661 V WiredAccessoryManager: init()
02-20 20:19:14.110  1921  1921 D CdmaSSM : subscriptionSource from settings: 0
02-20 20:19:14.110  1921  1921 I PhoneFactory: Cdma Subscription set to 0
02-20 20:19:14.122  1921  1921 I PhoneFactory: Network Mode set to 0
02-20 20:19:14.123  1661  1953 I StatusBarManagerService: registerStatusBar bar=com.android.internal.statusbar.IStatusBar$Stub$Proxy@11bb6d
02-20 20:19:14.124  1369  1838 I OMXMaster: makeComponentInstance(OMX.google.vorbis.decoder) in mediacodec process
02-20 20:19:14.152  1921  1921 D RILJ    : RIL(context, preferredNetworkType=0 cdmaSubscription=0)
02-20 20:19:14.167  1921  1921 D RILJ    : Starting RILReceiver0 [SUB0]
02-20 20:19:14.174  1921  1921 D RILJ    : [3648]> GET_HARDWARE_CONFIG [SUB0]
02-20 20:19:14.175  1921  1921 D RilRequest: [3648]< GET_HARDWARE_CONFIG error: com.android.internal.telephony.CommandException: RADIO_NOT_AVAILABLE ret=
02-20 20:19:14.175  1921  1921 I PhoneFactory: Creating SubscriptionController
02-20 20:19:14.178  1921  1921 D SubscriptionController: [SubscriptionController] init by Context
02-20 20:19:14.183  1374  1484 I RILC    : libril: new connection to RIL_SOCKET_1
02-20 20:19:14.183  1374  1484 I RILC    : RIL Daemon version: android reference-ril 1.0
02-20 20:19:14.185  1921  2004 I RILJ    : (0) Connected to 'rild' socket
02-20 20:19:14.186  1921  2004 D RILJ    : [UNSL]< UNSOL_RIL_CONNECTED {12} [SUB0]
02-20 20:19:14.187  1921  2004 D RILJ    : [3649]> RADIO_POWER off [SUB0]
02-20 20:19:14.188  1374  1484 D RIL     : onRequest: RADIO_POWER
02-20 20:19:14.188  1921  2004 D RILJ    : [3650]> RIL_REQUEST_CDMA_SET_SUBSCRIPTION_SOURCE : 0 [SUB0]
02-20 20:19:14.188  1374  1484 D RIL     : onRequest: CDMA_SET_SUBSCRIPTION_SOURCE
02-20 20:19:14.188  1921  2004 D RILJ    : setCellInfoListRate: 2147483647 [SUB0]
02-20 20:19:14.188  1921  2004 D RILJ    : [3651]> RIL_REQUEST_SET_CELL_INFO_LIST_RATE [SUB0]
02-20 20:19:14.189  1374  1484 D RIL     : onRequest: SET_UNSOL_CELL_INFO_LIST_RATE
02-20 20:19:14.189  1921  2004 D RILJ    : [UNSL]< UNSOL_RESPONSE_RADIO_STATE_CHANGED RADIO_OFF [SUB0]
02-20 20:19:14.189  1921  2004 D RILJ    : [3652]> SCREEN_STATE: true [SUB0]
02-20 20:19:14.189  1374  1484 D RIL     : onRequest: SCREEN_STATE
02-20 20:19:14.189  1921  2004 D RILJ    : [UNSL]< UNSOL_NITZ_TIME_RECEIVED 18/02/20:20:19:07+0:0:Unknown!Unknown [SUB0]
02-20 20:19:14.189  1921  2004 D RILJ    : [3649]< RADIO_POWER  [SUB0]
02-20 20:19:14.190  1921  2004 D RilRequest: [3650]< RIL_REQUEST_CDMA_SET_SUBSCRIPTION_SOURCE error: com.android.internal.telephony.CommandException: RADIO_NOT_AVAILABLE ret=
02-20 20:19:14.190  1921  2004 D RilRequest: [3651]< RIL_REQUEST_SET_CELL_INFO_LIST_RATE error: com.android.internal.telephony.CommandException: RADIO_NOT_AVAILABLE ret=
02-20 20:19:14.195  1921  2004 D RilRequest: [3652]< SCREEN_STATE error: com.android.internal.telephony.CommandException: RADIO_NOT_AVAILABLE ret=
02-20 20:19:14.201  1921  1921 D UiccController: Creating UiccController
02-20 20:19:14.203  1921  1921 D TelephonyTester: register for intent action=com.android.internal.telephony.action_detached
02-20 20:19:14.203  1921  1921 D TelephonyTester: register for intent action=com.android.internal.telephony.action_attached
02-20 20:19:14.205  1936  1969 D EGL_emulation: eglMakeCurrent: 0x7595e2779480: ver 3 0 (tinfo 0x7595ecd672c0)
02-20 20:19:14.215  1372  1400 I MediaPlayerService: MediaPlayerService::getOMX
02-20 20:19:14.215  1762  2009 I OMXClient: MuxOMX ctor
02-20 20:19:14.216  1661  1661 W VibratorService: Tried to stop vibrating but there is no vibrator device.
02-20 20:19:14.216  1369  1838 I OMXMaster: makeComponentInstance(OMX.google.vorbis.decoder) in mediacodec process
02-20 20:19:14.226  1661  1661 D ConditionProviders.SCP: onSubscribe condition://android/schedule?days=6.7&start=23.30&end=10.0&exitAtAlarm=false
02-20 20:19:14.226  1661  1661 D ConditionProviders.SCP: setRegistered true
02-20 20:19:14.226  1661  1661 D ConditionProviders.SCP: notifyCondition condition://android/schedule?days=6.7&start=23.30&end=10.0&exitAtAlarm=false STATE_FALSE reason=!meetsSchedule
02-20 20:19:14.230  1661  1661 D ConditionProviders.SCP: Scheduling evaluate for Tue Feb 20 23:30:00 GMT+00:00 2018 (1519169400000), in +3h10m45s774ms, now=Tue Feb 20 20:19:14 GMT+00:00 2018 (1519157954226)
02-20 20:19:14.230  1661  1661 D ConditionProviders.SCP: onSubscribe condition://android/schedule?days=1.2.3.4.5&start=22.0&end=7.0&exitAtAlarm=false
02-20 20:19:14.230  1661  1661 D ConditionProviders.SCP: notifyCondition condition://android/schedule?days=6.7&start=23.30&end=10.0&exitAtAlarm=false STATE_FALSE reason=!meetsSchedule
02-20 20:19:14.230  1661  1661 D ConditionProviders.SCP: notifyCondition condition://android/schedule?days=1.2.3.4.5&start=22.0&end=7.0&exitAtAlarm=false STATE_FALSE reason=!meetsSchedule
02-20 20:19:14.230  1661  1661 D ConditionProviders.SCP: Scheduling evaluate for Tue Feb 20 22:00:00 GMT+00:00 2018 (1519164000000), in +1h40m45s770ms, now=Tue Feb 20 20:19:14 GMT+00:00 2018 (1519157954230)
02-20 20:19:14.231  1921  1921 D Phone   : mDoesRilSendMultipleCallRing=true
02-20 20:19:14.231  1921  1921 D Phone   : mCallRingDelay=3000
02-20 20:19:14.231  1661  1661 I Telecom : WiredHeadsetManager: ACTION_HEADSET_PLUG event, plugged in: false, : WHC.oADA@AAE
02-20 20:19:14.232  1661  1661 I notification_enqueue: [10028,1762,com.android.systemui,1397773634,public:253,64,-1,Notification(pri=0 contentView=null vibrate=null sound=null defaults=0x0 flags=0x100 color=0xff607d8b category=sys actions=2 vis=PUBLIC),0]
02-20 20:19:14.237  1661  1661 I ActivityManager: user 0 is still locked. Cannot load recents
02-20 20:19:14.259  1661  1661 D TelephonyRegistry: notifyCellLocationForSubscriber: subId=0 cellLocation=Bundle[{}]
02-20 20:19:14.265  1921  1935 D SubscriptionController: [getPhoneId]- no sims, returning default phoneId=2147483647
02-20 20:19:14.265  1372  1840 I MediaPlayerService: MediaPlayerService::getOMX
02-20 20:19:14.265  1661  2013 I OMXClient: MuxOMX ctor
02-20 20:19:14.267  1369  1385 I OMXMaster: makeComponentInstance(OMX.google.vorbis.decoder) in mediacodec process
02-20 20:19:14.267  1921  1921 D RILJ    : [3653]> RIL_REQUEST_START_LCE [SUB0]
02-20 20:19:14.269  1374  1484 D RIL     : onRequest: <unknown request>
02-20 20:19:14.270  1921  2004 D RilRequest: [3653]< RIL_REQUEST_START_LCE error: com.android.internal.telephony.CommandException: RADIO_NOT_AVAILABLE ret=
02-20 20:19:14.282  1661  1690 I boot_progress_enable_screen: 11282
02-20 20:19:14.282  1661  1697 I am_activity_launch_time: [0,128460196,com.android.settings/.FallbackHome,619,619]
02-20 20:19:14.282  1661  1697 I ActivityManager: Displayed com.android.settings/.FallbackHome: +619ms
02-20 20:19:14.283  1661  1690 V KeyguardServiceDelegate: *** Keyguard started
02-20 20:19:14.283  1661  1690 I screen_toggled: 1
02-20 20:19:14.285  1661  1690 W KeyguardServiceDelegate: onScreenTurningOn(): no keyguard service!
02-20 20:19:14.288  1921  1921 E RIL_ImsSms: getFormat should never be called from here!
02-20 20:19:14.288  1921  1921 D SMSDispatcher: SMSDispatcher: ctor mSmsCapable=true format=unknown mSmsSendDisabled=false
02-20 20:19:14.288  1921  1921 D RIL_ImsSms: ImsSMSDispatcher created
02-20 20:19:14.289  1921  1921 D SMSDispatcher: SMSDispatcher: ctor mSmsCapable=true format=3gpp2 mSmsSendDisabled=false
02-20 20:19:14.289  1921  1921 D CdmaSMSDispatcher: CdmaSMSDispatcher created
02-20 20:19:14.350  1921  1921 D GsmInboundSmsHandler: created InboundSmsHandler
02-20 20:19:14.351  1661  1736 D WifiConfigManager: Loading config and enabling all networks 
02-20 20:19:14.360  1372  1372 I MediaPlayerService: MediaPlayerService::getOMX
02-20 20:19:14.360  1661  2027 I OMXClient: MuxOMX ctor
02-20 20:19:14.360  1369  1957 I OMXMaster: makeComponentInstance(OMX.google.vorbis.decoder) in mediacodec process
02-20 20:19:14.369  1921  1921 D CdmaInboundSmsHandler: created InboundSmsHandler
02-20 20:19:14.381  1921  1921 D SMSDispatcher: SMSDispatcher: ctor mSmsCapable=true format=3gpp mSmsSendDisabled=false
02-20 20:19:14.381  1921  1921 D GsmSMSDispatcher: GsmSMSDispatcher created
02-20 20:19:14.383  1921  2024 D GsmInboundSmsHandler: StartupState.processMessage:6
02-20 20:19:14.383  1921  2024 D GsmInboundSmsHandler: entering Idle state
02-20 20:19:14.384  1661  1736 W WifiNetworkHistory: Upgrading network 0 to android.uid.system:1000
02-20 20:19:14.384  1921  2028 D CdmaInboundSmsHandler: StartupState.processMessage:6
02-20 20:19:14.384  1921  2028 D CdmaInboundSmsHandler: entering Idle state
02-20 20:19:14.385  1661  1736 D WifiConfigManager: loaded 0 passpoint configs
02-20 20:19:14.386  1921  1921 D IccCardProxy: ctor: ci=com.android.internal.telephony.RIL@8a9442c phoneId=0
02-20 20:19:14.386  1921  1921 D CdmaSSM : subscriptionSource from settings: 0
02-20 20:19:14.386  1921  1921 D CdmaSSM : cdmaSSM constructor: 0
02-20 20:19:14.386  1921  1921 D IccCardProxy: update icc_operator_numeric=
02-20 20:19:14.386  1921  1921 D TelephonyManager: setTelephonyProperty: success phoneId=0 property=gsm.sim.operator.numeric value:  propVal=
02-20 20:19:14.386  1921  1921 D TelephonyManager: setTelephonyProperty: success phoneId=0 property=gsm.sim.operator.iso-country value:  propVal=
02-20 20:19:14.395  1921  1921 D TelephonyManager: setTelephonyProperty: success phoneId=0 property=gsm.sim.operator.alpha value:  propVal=
02-20 20:19:14.400  1921  1921 E IccCardProxy: setExternalState: set mPhoneId=0 mExternalState=NOT_READY
02-20 20:19:14.400  1921  1921 D TelephonyManager: setTelephonyProperty: success phoneId=0 property=gsm.sim.state value: NOT_READY propVal=NOT_READY
02-20 20:19:14.402  1921  1921 D IccCardProxy: broadcastIccStateChangedIntent intent ACTION_SIM_STATE_CHANGED value=NOT_READY reason=null for mPhoneId=0
02-20 20:19:14.421  1661  1736 E IpConfigStore: Error parsing configuration: java.io.FileNotFoundException: /data/misc/wifi/ipconfig.txt (No such file or directory)
02-20 20:19:14.432  1661  1690 I am_proc_start: [0,2032,10004,com.android.cellbroadcastreceiver,broadcast,com.android.cellbroadcastreceiver/.CellBroadcastReceiver]
02-20 20:19:14.432  1661  1690 I ActivityManager: Start proc 2032:com.android.cellbroadcastreceiver/u0a4 for broadcast com.android.cellbroadcastreceiver/.CellBroadcastReceiver
02-20 20:19:14.434  1921  1921 D RILJ    : setPhoneType=1 old value=0 [SUB0]
