02-20 20:19:14.800  1921  1921 D SubscriptionInfoUpdater: [Receiver]+
02-20 20:19:14.800  1921  1921 D SubscriptionInfoUpdater: Action: android.intent.action.SIM_STATE_CHANGED
02-20 20:19:14.800  1921  1921 D SubscriptionInfoUpdater: slotId: 0
02-20 20:19:14.801  1921  1921 D SubscriptionInfoUpdater: simStatus: IMSI
02-20 20:19:14.801  1921  1921 D SubscriptionInfoUpdater: Ignoring simStatus: IMSI
02-20 20:19:14.801  1921  1921 D SubscriptionInfoUpdater: [Receiver]-
02-20 20:19:14.801  1921  1921 D SIMRecords: [SIMRecords] iccid: 89014103211118510720
02-20 20:19:14.801  1921  1921 D SIMRecords: [SIMRecords] onRecordLoaded 10 requested: true
02-20 20:19:14.803  1921  1921 D SIMRecords: [SIMRecords] EF_MBI: 01000000
02-20 20:19:14.803  1921  1921 D SIMRecords: [SIMRecords] Got valid mailbox number for MBDN
02-20 20:19:14.803  1921  1921 D RILJ    : [3733]> iccIO: SIM_IO 0xc0 0x6fc7  path: 3F007F20,0,0,15 aid: null [SUB0]
02-20 20:19:14.804  1374  1484 D RIL     : onRequest: SIM_IO
02-20 20:19:14.804  1374  1484 D AT      : AT> AT+CRSM=192,28615,0,0,15
02-20 20:19:14.804  1374  1486 D AT      : AT< +CRSM: 144,0,000000406fc7040011a0aa01020120
02-20 20:19:14.804  1374  1486 D AT      : AT< OK
02-20 20:19:14.804  1921  2004 D RILJ    : [3733]< SIM_IO IccIoResponse sw1:0x90 sw2:0x0 [SUB0]
02-20 20:19:14.807  1921  1921 D SIMRecords: [SIMRecords] onRecordLoaded 10 requested: true
02-20 20:19:14.807  1921  1921 D SIMRecords: [SIMRecords] EF_AD: 00000003
02-20 20:19:14.807  1921  1921 D SIMRecords: [SIMRecords] setting4 mMncLength=3
02-20 20:19:14.807  1921  1921 D SIMRecords: [SIMRecords] update mccmnc=310260
02-20 20:19:14.807  1921  1921 D MccTable: updateMccMncConfiguration mccmnc='310260' fromServiceState=false
02-20 20:19:14.807  1921  1921 D SubscriptionController: [getPhoneId]- no sims, returning default phoneId=2147483647
02-20 20:19:14.808  1921  1921 D MccTable: updateMccMncConfiguration defaultMccMnc=
02-20 20:19:14.808  1921  1921 D MccTable: updateMccMncConfiguration: mcc=310, mnc=260
02-20 20:19:14.808  1921  1921 D MccTable: updateMccMncConfiguration updateConfig config={1.0 310mcc260mnc ?localeList ?layoutDir ?swdp ?wdp ?hdp ?density ?lsize ?long ?orien ?uimode ?night ?touch ?keyb/?/? ?nav/?}
02-20 20:19:14.808  1661  1688 I configuration_changed: 3
02-20 20:19:14.808  1661  1688 I ActivityManager: Config changes=3 {1.0 310mcc260mnc [en_US] ldltr sw360dp w360dp h668dp 640dpi nrml long port finger -keyb/v/h -nav/h s.6}
02-20 20:19:14.809  1661  1688 I am_relaunch_resume_activity: [0,128460196,1,com.android.settings/.FallbackHome]
02-20 20:19:14.812  1936  1936 I am_on_paused_called: [0,com.android.settings.FallbackHome,handleRelaunchActivity]
02-20 20:19:14.812  1921  1942 D DCT     : [0]hasMatchedTetherApnSetting: APN=null
02-20 20:19:14.813  1936  1969 D EGL_emulation: eglMakeCurrent: 0x7595e2779480: ver 3 0 (tinfo 0x7595ecd672c0)
02-20 20:19:14.813  1921  1921 D SIMRecords: [SIMRecords] onRecordLoaded 9 requested: true
02-20 20:19:14.813  1921  1921 D SIMRecords: [SIMRecords] EF_MWIS : 0000000000
02-20 20:19:14.813  1921  1921 D SIMRecords: [SIMRecords] onRecordLoaded 8 requested: true
02-20 20:19:14.813  1921  1921 D SIMRecords: [SIMRecords] EF_CPHS_MWI: 55
02-20 20:19:14.813  1921  1921 D SIMRecords: [SIMRecords] onRecordLoaded 7 requested: true
02-20 20:19:14.813  1921  1921 D SIMRecords: [SIMRecords] EF_CFF_CPHS: 55
02-20 20:19:14.813  1921  1921 D SIMRecords: [SIMRecords] onRecordLoaded 6 requested: true
02-20 20:19:14.813  1921  1921 D SIMRecords: [SIMRecords] onRecordLoaded 5 requested: true
02-20 20:19:14.814  1921  1921 D SIMRecords: [SIMRecords] SST: UsimServiceTable[120]={ PHONEBOOK, FDN, FDN_EXTENSION, SDN, SDN_EXTENSION, BDN, BDN_EXTENSION, OUTGOING_CALL_INFO, ADVICE_OF_CHARGE, CAP_CONFIG_PARAMS_2, GROUP_ID_LEVEL_1, GROUP_ID_LEVEL_2, SPN, USER_PLMN_SELECT, MSISDN, IMAGE, LOCALISED_SERVICE_AREAS, EMLPP, EMLPP_AUTO_ANSWER, RFU, GSM_ACCESS, DATA_DL_VIA_SMS_PP, DATA_DL_VIA_SMS_CB, CALL_CONTROL_BY_USIM, MO_SMS_CONTROL_BY_USIM, RUN_AT_COMMAND, APN_CONTROL_LIST, DEPERSONALISATION_CONTROL_KEYS, COOPERATIVE_NETWORK_LIST, GSM_SECURITY_CONTEXT, SERVICE_PROVIDER_DISPLAY_INFO, MMS_NOTIFICATION, MMS_NOTIFICATION_EXTENSION, GPRS_CALL_CONTROL_BY_USIM, VGCS_GROUP_ID_LIST, VBS_GROUP_ID_LIST, OMA_BCAST_PROFILE, GBA_LOCAL_KEY_ESTABLISHMENT, #101, #102, #103, #104, #105, #106, #107, #108, #109, #110 }
02-20 20:19:14.814  1921  1921 D SIMRecords: [SIMRecords] onRecordLoaded 4 requested: true
02-20 20:19:14.814  1936  1936 I am_on_stop_called: [0,com.android.settings.FallbackHome,destroy]
02-20 20:19:14.814  1921  1921 D RILJ    : [3734]> iccIO: SIM_IO 0xb0 0x6f14  path: 3F007F20,0,0,20 aid: null [SUB0]
02-20 20:19:14.814  1921  1921 D SIMRecords: [SIMRecords] iCPHS: 0233
02-20 20:19:14.814  1921  1921 D SIMRecords: [SIMRecords] onRecordLoaded 3 requested: true
02-20 20:19:14.814  1921  1921 D RuimRecords: [RuimRecords] iccid: 89014103211118510720
02-20 20:19:14.814  1921  1921 D RuimRecords: [RuimRecords] onRecordLoaded 0 requested: true
02-20 20:19:14.814  1921  1921 D RuimRecords: [RuimRecords] record load complete
02-20 20:19:14.814  1374  1484 D RIL     : onRequest: SIM_IO
02-20 20:19:14.814  1374  1484 D AT      : AT> AT+CRSM=176,28436,0,0,20
02-20 20:19:14.814  1921  1921 D SIMRecords: [SIMRecords] MSISDN: [t-WgLegCyIMgfHgPkOdM6pkZbpA]
02-20 20:19:14.814  1921  1921 D SIMRecords: [SIMRecords] onRecordLoaded 2 requested: true
02-20 20:19:14.814  1921  1921 D RILJ    : [3735]> iccIO: SIM_IO 0xb2 0x6fc7  path: 3F007F20,1,4,32 aid: null [SUB0]
02-20 20:19:14.815  1374  1486 D AT      : AT< +CRSM: 144,0,416e64726f6964ffffffffffffffffffffffffff
02-20 20:19:14.815  1374  1486 D AT      : AT< OK
02-20 20:19:14.815  1921  2004 D RILJ    : [3734]< SIM_IO IccIoResponse sw1:0x90 sw2:0x0 [SUB0]
02-20 20:19:14.815  1374  1484 D RIL     : onRequest: SIM_IO
02-20 20:19:14.815  1374  1484 D AT      : AT> AT+CRSM=178,28615,1,4,32
02-20 20:19:14.816  1374  1486 D AT      : AT< +CRSM: 144,0,566f6963656d61696cffffffffffffffffff07915155125740f9ffffffffffff
02-20 20:19:14.816  1374  1486 D AT      : AT< OK
02-20 20:19:14.816  1921  2004 D RILJ    : [3735]< SIM_IO IccIoResponse sw1:0x90 sw2:0x0 [SUB0]
02-20 20:19:14.818  1762  1762 I StatusBar: isKeyguardShowing() called before startKeyguard(), returning true
02-20 20:19:14.819  1762  1762 W StatusBar: isKeyguardSecure() called before startKeyguard(), returning false
02-20 20:19:14.819  1762  1762 W StatusBar: java.lang.Throwable
02-20 20:19:14.819  1762  1762 W StatusBar: 	at com.android.systemui.statusbar.BaseStatusBar.isKeyguardSecure(BaseStatusBar.java:2647)
02-20 20:19:14.819  1762  1762 W StatusBar: 	at com.android.systemui.statusbar.BaseStatusBar.isCameraAllowedByAdmin(BaseStatusBar.java:2670)
02-20 20:19:14.819  1762  1762 W StatusBar: 	at com.android.systemui.statusbar.phone.KeyguardBottomAreaView.updateCameraVisibility(KeyguardBottomAreaView.java:309)
02-20 20:19:14.819  1762  1762 W StatusBar: 	at com.android.systemui.statusbar.phone.KeyguardBottomAreaView.setUserSetupComplete(KeyguardBottomAreaView.java:281)
02-20 20:19:14.819  1762  1762 W StatusBar: 	at com.android.systemui.statusbar.phone.PhoneStatusBar$1.onChange(PhoneStatusBar.java:441)
02-20 20:19:14.819  1762  1762 W StatusBar: 	at com.android.systemui.statusbar.phone.PhoneStatusBar.resetUserSetupObserver(PhoneStatusBar.java:3676)
02-20 20:19:14.819  1762  1762 W StatusBar: 	at com.android.systemui.statusbar.phone.PhoneStatusBar.makeStatusBarView(PhoneStatusBar.java:1008)
02-20 20:19:14.819  1762  1762 W StatusBar: 	at com.android.systemui.statusbar.phone.PhoneStatusBar.addStatusBarWindow(PhoneStatusBar.java:3432)
02-20 20:19:14.819  1762  1762 W StatusBar: 	at com.android.systemui.statusbar.phone.PhoneStatusBar.createAndAddWindows(PhoneStatusBar.java:3428)
02-20 20:19:14.819  1762  1762 W StatusBar: 	at com.android.systemui.statusbar.BaseStatusBar.start(BaseStatusBar.java:765)
02-20 20:19:14.819  1762  1762 W StatusBar: 	at com.android.systemui.statusbar.phone.PhoneStatusBar.start(PhoneStatusBar.java:686)
02-20 20:19:14.819  1762  1762 W StatusBar: 	at com.android.systemui.statusbar.SystemBars.createStatusBarFromConfig(SystemBars.java:106)
02-20 20:19:14.819  1762  1762 W StatusBar: 	at com.android.systemui.statusbar.SystemBars.onNoService(SystemBars.java:58)
02-20 20:19:14.819  1762  1762 W StatusBar: 	at com.android.systemui.statusbar.ServiceMonitor.startService(ServiceMonitor.java:230)
02-20 20:19:14.819  1762  1762 W StatusBar: 	at com.android.systemui.statusbar.ServiceMonitor.-wrap5(ServiceMonitor.java)
02-20 20:19:14.819  1762  1762 W StatusBar: 	at com.android.systemui.statusbar.ServiceMonitor$1.handleMessage(ServiceMonitor.java:73)
02-20 20:19:14.819  1762  1762 W StatusBar: 	at android.os.Handler.dispatchMessage(Handler.java:102)
02-20 20:19:14.819  1762  1762 W StatusBar: 	at android.os.Looper.loop(Looper.java:154)
02-20 20:19:14.819  1762  1762 W StatusBar: 	at android.app.ActivityThread.main(ActivityThread.java:6119)
02-20 20:19:14.819  1762  1762 W StatusBar: 	at java.lang.reflect.Method.invoke(Native Method)
02-20 20:19:14.819  1762  1762 W StatusBar: 	at com.android.internal.os.ZygoteInit$MethodAndArgsCaller.run(ZygoteInit.java:886)
02-20 20:19:14.819  1762  1762 W StatusBar: 	at com.android.internal.os.ZygoteInit.main(ZygoteInit.java:776)
02-20 20:19:14.819  1762  1970 D OpenGLRenderer: profile bars disabled
02-20 20:19:14.819  1762  1970 D OpenGLRenderer: ambientRatio = 1.50
02-20 20:19:14.821  1936  1936 I am_on_resume_called: [0,com.android.settings.FallbackHome,handleRelaunchActivity]
02-20 20:19:14.823  1762  1762 D PhoneStatusBar: disable: < EXPAND* icons alerts system_info BACK* HOME* RECENT* clock SEARCH* quick_settings >
02-20 20:19:14.823  1921  1921 D SIMRecords: [SIMRecords] getServiceProviderName: no brandOverride, providerName=Android
02-20 20:19:14.823  1921  1921 D SIMRecords: [SIMRecords] Load EF_SPN_CPHS: Android
02-20 20:19:14.823  1921  1921 D TelephonyManager: setTelephonyProperty: success phoneId=0 property=gsm.sim.operator.alpha value: Android propVal=Android
02-20 20:19:14.824  1921  1921 D SIMRecords: [SIMRecords] onRecordLoaded 1 requested: true
02-20 20:19:14.824  1921  1921 D SIMRecords: [SIMRecords] VM: ADN Record 'Voicemail' '[-MWU1cAlDrkXUZ8dpHi_wU_YOpU] null' EF[MBDN]
02-20 20:19:14.824  1921  1921 D SIMRecords: [SIMRecords] onRecordLoaded 0 requested: true
02-20 20:19:14.824  1921  1921 D SIMRecords: [SIMRecords] record load complete
02-20 20:19:14.824  1921  1921 D SIMRecords: [SIMRecords] Not using EF LI/EF PL
02-20 20:19:14.824  1921  1921 D SIMRecords: [SIMRecords] EF_CFF: callForwardingEnabled=0
02-20 20:19:14.824  1921  1921 D SIMRecords: [SIMRecords] onAllRecordsLoaded set 'gsm.sim.operator.numeric' to operator='310260'
02-20 20:19:14.824  1921  1921 D SIMRecords: [SIMRecords] update icc_operator_numeric=310260
02-20 20:19:14.824  1921  1921 D TelephonyManager: setTelephonyProperty: success phoneId=0 property=gsm.sim.operator.numeric value: 310260 propVal=310260
02-20 20:19:14.824  1921  1921 D SubscriptionController: [setMccMnc]+ mcc/mnc:310/260 subId:-1
02-20 20:19:14.834  1921  1921 D SubscriptionController: notifySubscriptionInfoChanged:
02-20 20:19:14.834  1661  1661 I GnssLocationProvider: WakeLock acquired by sendMessage(12, 0, null)
02-20 20:19:14.834  1921  2079 D SubscriptionController: [getActiveSubInfoList] Sub Controller not ready
02-20 20:19:14.835  1921  1921 D SIMRecords: [SIMRecords] onAllRecordsLoaded set mcc imsi
02-20 20:19:14.835  1921  1921 D TelephonyManager: setTelephonyProperty: success phoneId=0 property=gsm.sim.operator.iso-country value: us propVal=us
02-20 20:19:14.835  1921  1921 D SST     : SubscriptionListener.onSubscriptionInfoChanged
02-20 20:19:14.835  1921  1921 D SIMRecords: [SIMRecords]  VoiceMessageCount from SIM MWIS = 0
02-20 20:19:14.835  1921  1921 E Phone   : getStoredVoiceMessageCount: invalid subId -2
02-20 20:19:14.835  1921  1921 D GsmCdmaPhone: [GsmCdmaPhone] updateVoiceMail countVoiceMessages = 0 subId -2
02-20 20:19:14.835  1921  1921 E Phone   : setVoiceMessageCount in sharedPreference: invalid subId -2
02-20 20:19:14.835  1921  1921 D DCT     : [0]SubscriptionListener.onSubscriptionInfoChanged
02-20 20:19:14.836  1921  1921 D SubscriptionController: [getActiveSubInfoList] Sub Controller not ready
02-20 20:19:14.836  1921  1921 D SubscriptionController: [getActiveSubInfoList] Sub Controller not ready
02-20 20:19:14.836  1921  1921 I Telephony: PstnIncomingCallNotifier: Unregistering: Handler (com.android.internal.telephony.GsmCdmaPhone) {24b48eb}
02-20 20:19:14.836  1921  1921 E PhoneInterfaceManager: [PhoneIntfMgr] getIccId: No UICC
02-20 20:19:14.837  1921  2079 D SubscriptionController: [getPhoneId]- no sims, returning default phoneId=2147483647
02-20 20:19:14.841  1661  1953 I Telecom : PhoneAccountRegistrar: [ComponentInfo{com.android.phone/com.android.services.telephony.TelephonyConnectionService}, [e0184adedf913b076626646d3f52c3b49c39ad6d], UserHandle{0}(addr: tel:*********** -> tel:)(icon: Icon(typ=BITMAP size=76x96) -> Icon(typ=BITMAP size=76x96))(subAddr: tel:*********** -> tel:)]: TSI.rPA@AAk
02-20 20:19:14.853  1661  1953 I Telecom : : Sending phone-account registered intent as user: TSI.rPA@AAk
02-20 20:19:14.857  1921  1921 I Telephony: AccountEntry: Registered phoneAccount: [[ ] PhoneAccount: ComponentInfo{com.android.phone/com.android.services.telephony.TelephonyConnectionService}, [e0184adedf913b076626646d3f52c3b49c39ad6d], UserHandle{0} Capabilities: CallProvider MultiUser PlaceEmerg SimSub  Schemes: tel voicemail  Extras: null GroupId: [da39a3ee5e6b4b0d3255bfef95601890afd80709]] with handle: ComponentInfo{com.android.phone/com.android.services.telephony.TelephonyConnectionService}, [e0184adedf913b076626646d3f52c3b49c39ad6d], UserHandle{0}
02-20 20:19:14.857  1921  1921 I Telephony: PstnIncomingCallNotifier: Registering: Handler (com.android.internal.telephony.GsmCdmaPhone) {24b48eb}
02-20 20:19:14.859  1921  1921 D CAT     : CatService: handleMessage[20]
02-20 20:19:14.860  1921  1921 D GsmCdmaPhone: [GsmCdmaPhone] updateCurrentCarrierInProvider: mSubId = -2 currentDds = 1 operatorNumeric = 310260
02-20 20:19:14.860  1921  1921 D IccCardProxy: operator=310260 mPhoneId=0
02-20 20:19:14.860  1921  1921 D TelephonyManager: setTelephonyProperty: success phoneId=0 property=gsm.sim.operator.numeric value: 310260 propVal=310260
02-20 20:19:14.860  1921  1921 D TelephonyManager: setTelephonyProperty: success phoneId=0 property=gsm.sim.operator.iso-country value: us propVal=us
02-20 20:19:14.860  1921  1921 D IccCardProxy: Sending intent ACTION_INTERNAL_SIM_STATE_CHANGED for mPhoneId : 0
02-20 20:19:14.861  1921  1921 D SST     : EVENT_SIM_RECORDS_LOADED: what=16
02-20 20:19:14.861  1921  1921 D GsmCdmaPhone: [GsmCdmaPhone] updatePhoneObject: radioTechnology=0
02-20 20:19:14.861  1921  1921 D SST     : getOtasp: otasp not needed for GSM
02-20 20:19:14.861  1921  1921 D SST     : updateOtaspState: call notifyOtaspChanged old otaspMode=0 new otaspMode=3
02-20 20:19:14.861  1921  1921 D SIMRecords: [SIMRecords] getServiceProviderName: no brandOverride, providerName=Android
02-20 20:19:14.861  1921  1921 D SIMRecords: [SIMRecords] getServiceProviderName: no brandOverride, providerName=Android
02-20 20:19:14.862  1921  2088 D SubscriptionController: [getSlotId]- subId invalid
02-20 20:19:14.862  1921  1921 D SST     : updateSpnDisplay: changed sending intent rule=1 showPlmn='false' plmn='Android' showSpn='true' spn='Android' dataSpn='Android' subId='-2'
02-20 20:19:14.862  1921  1921 D SubscriptionController: [setPlmnSpn] No valid subscription to store info
02-20 20:19:14.863  1921  1921 D SubscriptionController: notifySubscriptionInfoChanged:
02-20 20:19:14.863  1661  1661 I GnssLocationProvider: WakeLock acquired by sendMessage(12, 0, null)
02-20 20:19:14.863  1921  1942 D SubscriptionController: [getActiveSubInfoList] Sub Controller not ready
02-20 20:19:14.863  1921  1921 E PhoneInterfaceManager: [PhoneIntfMgr] getIccId: No UICC
02-20 20:19:14.866  1762  2087 D TelephonyManager: getSimState: default sim:-1, sim state for slotIdx=0 is 5, return state as unknown
02-20 20:19:14.866  1661  1953 I Telecom : PhoneAccountRegistrar: [ComponentInfo{com.android.phone/com.android.services.telephony.TelephonyConnectionService}, [e0184adedf913b076626646d3f52c3b49c39ad6d], UserHandle{0}(icon: Icon(typ=BITMAP size=76x96) -> Icon(typ=BITMAP size=76x96))]: TSI.rPA@AAw
02-20 20:19:14.867  1661  1953 I Telecom : : Sending phone-account registered intent as user: TSI.rPA@AAw
02-20 20:19:14.867  1921  1921 D SubscriptionInfoUpdater: [Receiver]+
02-20 20:19:14.867  1921  1921 D SubscriptionInfoUpdater: Action: android.intent.action.internal_sim_state_changed
02-20 20:19:14.867  1921  1921 D SubscriptionInfoUpdater: slotId: 0
02-20 20:19:14.867  1921  1921 D SubscriptionInfoUpdater: simStatus: LOADED
02-20 20:19:14.867  1921  1921 D SubscriptionInfoUpdater: [Receiver]-
02-20 20:19:14.867  1921  1921 D GsmCdmaPhone: [GsmCdmaPhone] phoneObjectUpdater: newVoiceRadioTech=0
02-20 20:19:14.867  1921  1921 D GsmCdmaPhone: [GsmCdmaPhone] phoneObjectUpdater: volteReplacementRat=0
02-20 20:19:14.867  1921  1921 E GsmCdmaPhone: [GsmCdmaPhone] phoneObjectUpdater: newVoiceRadioTech=0 doesn't match either CDMA or GSM - error! No phone change
02-20 20:19:14.867  1921  1921 D SST     : SubscriptionListener.onSubscriptionInfoChanged
02-20 20:19:14.867  1921  1921 D DCT     : [0]SubscriptionListener.onSubscriptionInfoChanged
02-20 20:19:14.868  1921  1921 D SubscriptionController: [getActiveSubInfoList] Sub Controller not ready
02-20 20:19:14.869  1921  1921 D SubscriptionController: [getActiveSubInfoList] Sub Controller not ready
02-20 20:19:14.869  1921  1921 I Telephony: PstnIncomingCallNotifier: Unregistering: Handler (com.android.internal.telephony.GsmCdmaPhone) {24b48eb}
02-20 20:19:14.869  1921  1921 E PhoneInterfaceManager: [PhoneIntfMgr] getIccId: No UICC
02-20 20:19:14.875  1661  1687 I Telecom : PhoneAccountRegistrar: [ComponentInfo{com.android.phone/com.android.services.telephony.TelephonyConnectionService}, [e0184adedf913b076626646d3f52c3b49c39ad6d], UserHandle{0}(icon: Icon(typ=BITMAP size=76x96) -> Icon(typ=BITMAP size=76x96))]: TSI.rPA@AA0
02-20 20:19:14.877  1661  1687 I Telecom : : Sending phone-account registered intent as user: TSI.rPA@AA0
02-20 20:19:14.878  1921  1921 I Telephony: AccountEntry: Registered phoneAccount: [[ ] PhoneAccount: ComponentInfo{com.android.phone/com.android.services.telephony.TelephonyConnectionService}, [e0184adedf913b076626646d3f52c3b49c39ad6d], UserHandle{0} Capabilities: CallProvider MultiUser PlaceEmerg SimSub  Schemes: tel voicemail  Extras: null GroupId: [da39a3ee5e6b4b0d3255bfef95601890afd80709]] with handle: ComponentInfo{com.android.phone/com.android.services.telephony.TelephonyConnectionService}, [e0184adedf913b076626646d3f52c3b49c39ad6d], UserHandle{0}
02-20 20:19:14.878  1921  1921 I Telephony: PstnIncomingCallNotifier: Registering: Handler (com.android.internal.telephony.GsmCdmaPhone) {24b48eb}
02-20 20:19:14.879  1921  1921 D SubscriptionInfoUpdater: handleSimStateLoadedInternal: slotId: 0
02-20 20:19:14.879  1921  1921 D SubscriptionInfoUpdater: All IccIds query complete
02-20 20:19:14.879  1921  1921 D SubscriptionInfoUpdater: updateSubscriptionInfoByIccId:+ Start
02-20 20:19:14.879  1921  1921 D SubscriptionController: [clearSubInfo]- no simInfo size=0
02-20 20:19:14.879  1921  1921 D SubscriptionInfoUpdater: insertedSimCount = 1
02-20 20:19:14.879  1921  1921 D SubscriptionController: [getSubInfoUsingSlotIdWithCheck]+ slotId:0
02-20 20:19:14.881  1921  1921 D SubscriptionController: [getPhoneId]- no sims, returning default phoneId=2147483647
02-20 20:19:14.881  1921  1921 D SubscriptionController: [getPhoneId]- no sims, returning default phoneId=2147483647
02-20 20:19:14.882  1921  1921 D SubscriptionController: [getPhoneId]- no sims, returning default phoneId=2147483647
02-20 20:19:14.882  1921  1921 D SubscriptionController: [getSubInfoUsingSlotId]- null info return
02-20 20:19:14.882  1921  1921 D SubscriptionInfoUpdater: updateSubscriptionInfoByIccId: oldSubId = 1
02-20 20:19:14.882  1921  1921 D SubscriptionInfoUpdater: updateSubscriptionInfoByIccId: oldIccId[0] = 89014103211118510720, sIccId[0] = 89014103211118510720
02-20 20:19:14.882  1921  1921 D SubscriptionController: [addSubInfoRecord]+ iccId:89014103211118510720 slotId:0
02-20 20:19:14.884  1921  1921 D SubscriptionController: [getActiveSubInfoList] Sub Controller not ready
02-20 20:19:14.884  1921  1921 D SubscriptionController: [addSubInfoRecord] Record already exists
02-20 20:19:14.886  1921  1921 D SubscriptionController: [addSubInfoRecord] sSlotIdxToSubId.size=1 slotId=0 subId=1 defaultSubId=1 simCount=1
02-20 20:19:14.886  1921  1921 D SubscriptionController: [setDefaultFallbackSubId] subId=1
02-20 20:19:14.886  1921  1921 D SubscriptionController: [setDefaultFallbackSubId] set mDefaultFallbackSubId=1
02-20 20:19:14.887  1921  1921 D MccTable: updateMccMncConfiguration mccmnc='310260' fromServiceState=false
02-20 20:19:14.896  1921  1921 D MccTable: updateMccMncConfiguration defaultMccMnc=310260
02-20 20:19:14.896  1921  1921 D MccTable: updateMccMncConfiguration: mcc=310, mnc=260
02-20 20:19:14.896  1921  1921 D MccTable: updateMccMncConfiguration updateConfig config={1.0 310mcc260mnc ?localeList ?layoutDir ?swdp ?wdp ?hdp ?density ?lsize ?long ?orien ?uimode ?night ?touch ?keyb/?/? ?nav/?}
02-20 20:19:14.907  1661  1689 W GnssLocationProvider: Could not open GPS configuration file /etc/gps.conf
02-20 20:19:14.908  1661  1689 E GnssLocationProvider: no AGPS interface in set_agps_server
02-20 20:19:14.908  1661  1689 I GnssLocationProvider: WakeLock released by handleMessage(12, 0, null)
02-20 20:19:14.936  1661  1689 W GnssLocationProvider: Could not open GPS configuration file /etc/gps.conf
02-20 20:19:14.936  1661  1689 E GnssLocationProvider: no AGPS interface in set_agps_server
02-20 20:19:14.936  1661  1689 I GnssLocationProvider: WakeLock released by handleMessage(12, 0, null)
02-20 20:19:14.951  1921  1921 D SubscriptionController: [setDefaultFallbackSubId] broadcast default subId changed phoneId=0 subId=1
02-20 20:19:14.951  1921  1921 D SubscriptionController: [addSubInfoRecord] one sim set defaults to subId=1
02-20 20:19:14.952  1921  1921 D SubscriptionController: [setDefaultDataSubId] num phones=1, subId=1
02-20 20:19:14.952  1921  1921 D SubscriptionController: [setDefaultDataSubId] phoneId=0 subId=1 RAF=1
02-20 20:19:14.953  1921  1921 D ProxyController: setRadioCapability: Already in requested configuration, nothing to do.
02-20 20:19:14.953  1921  1921 D SubscriptionController: [updateAllDataConnectionTrackers] sPhones.length=1
02-20 20:19:14.953  1921  1921 D SubscriptionController: [updateAllDataConnectionTrackers] phoneId=0
02-20 20:19:14.953  1921  1921 D DCT     : [0]update sub = 1
02-20 20:19:14.953  1921  1921 D DCT     : [0]update(): Active DDS, register for all events now!
02-20 20:19:14.953  1921  1921 D DCT     : [0]New records found.
02-20 20:19:14.953  1921  1921 D SST     : mDeviceShuttingDown=false, mDesiredPowerState=true, getRadioState=RADIO_ON, mPowerOffDelayNeed=true, mAlarmSwitch=false, mRadioDisabledByCarrier=false
02-20 20:19:14.954  1921  1942 D RILJ    : [3736]> RIL_REQUEST_GET_CELL_INFO_LIST [SUB0]
02-20 20:19:14.955  1374  1484 D RIL     : onRequest: GET_CELL_INFO_LIST
02-20 20:19:14.955  1374  1484 D RILC    : responseCellInfoList: v12
02-20 20:19:14.955  1921  1921 D GsmCdmaPhone: [GsmCdmaPhone] updateCurrentCarrierInProvider: mSubId = 1 currentDds = 1 operatorNumeric = 310260
02-20 20:19:14.956  1921  2004 D RILJ    : [3736]< RIL_REQUEST_GET_CELL_INFO_LIST [CellInfoGsm:{mRegistered=YES mTimeStampType=modem mTimeStamp=12033943016ns CellIdentityGsm:{ mMcc=310 mMnc=260 mLac=3 mCid=91 mArfcn=10 mBsic=0x0} CellSignalStrengthGsm: ss=950006200 ber=30818 mTa=955731068}] [SUB0]
02-20 20:19:14.967  1762  1762 D PhoneStatusBar: heads up is enabled
02-20 20:19:14.998  1921  1921 D SubscriptionController: [broadcastDefaultDataSubIdChanged] subId=1
02-20 20:19:15.000  1921  1921 D SubscriptionController: [setDefaultSmsSubId] subId=1
02-20 20:19:15.001  1921  1921 D SubscriptionController: [broadcastDefaultSmsSubIdChanged] subId=1
02-20 20:19:15.008  1921  1921 D SubscriptionController: [setDefaultVoiceSubId] subId=1
02-20 20:19:15.009  1921  1921 D SubscriptionController: [broadcastDefaultVoiceSubIdChanged] subId=1
02-20 20:19:15.010  1921  1921 D SubscriptionController: [addSubInfoRecord] hashmap(0,1)
02-20 20:19:15.022  1921  1921 D SubscriptionController: [addSubInfoRecord] sim name = Android
02-20 20:19:15.022  1921  1921 D DCT     : [0]update sub = 1
02-20 20:19:15.022  1921  1921 D DCT     : [0]update(): Active DDS, register for all events now!
02-20 20:19:15.024  1921  1921 D GsmCdmaPhone: [GsmCdmaPhone] updateCurrentCarrierInProvider: mSubId = 1 currentDds = 1 operatorNumeric = 310260
02-20 20:19:15.045  1936  1969 D EGL_emulation: eglMakeCurrent: 0x7595e2779480: ver 3 0 (tinfo 0x7595ecd672c0)
02-20 20:19:15.048  1762  1776 I art     : Background partial concurrent mark sweep GC freed 10160(1614KB) AllocSpace objects, 3(96KB) LOS objects, 26% free, 11MB/15MB, paused 16.707ms total 66.704ms
02-20 20:19:15.057  1921  1921 D SubscriptionController: [addSubInfoRecord]- info size=1
02-20 20:19:15.057  1921  1921 D SubscriptionInfoUpdater: newSim = false
02-20 20:19:15.057  1921  1921 D SubscriptionInfoUpdater: updateSubscriptionInfoByIccId: sInsertSimState[0] = 0
02-20 20:19:15.060  1921  1921 D SubscriptionInfoUpdater: updateSubscriptionInfoByIccId: nSubCount = 1
02-20 20:19:15.061  1921  1921 D SubscriptionController: [setDefaultDataSubId] num phones=1, subId=1
02-20 20:19:15.061  1921  1921 D SubscriptionController: [setDefaultDataSubId] phoneId=0 subId=1 RAF=1
02-20 20:19:15.061  1921  1921 D ProxyController: setRadioCapability: Already in requested configuration, nothing to do.
02-20 20:19:15.061  1921  1921 D SubscriptionController: [updateAllDataConnectionTrackers] sPhones.length=1
02-20 20:19:15.061  1921  1921 D SubscriptionController: [updateAllDataConnectionTrackers] phoneId=0
02-20 20:19:15.061  1921  1921 D DCT     : [0]update sub = 1
02-20 20:19:15.061  1921  1921 D DCT     : [0]update(): Active DDS, register for all events now!
02-20 20:19:15.061  1921  1921 D GsmCdmaPhone: [GsmCdmaPhone] updateCurrentCarrierInProvider: mSubId = 1 currentDds = 1 operatorNumeric = 310260
02-20 20:19:15.070  1762  2090 E ActivityThread: Failed to find provider info for com.android.contacts
02-20 20:19:15.072  1921  1921 D SubscriptionController: [broadcastDefaultDataSubIdChanged] subId=1
02-20 20:19:15.072  1921  1921 D SubscriptionController: notifySubscriptionInfoChanged:
02-20 20:19:15.073  1921  2088 D SubscriptionMonitor: Phone[0] subId changed -2->1, 1 registrants
02-20 20:19:15.073  1661  1661 I GnssLocationProvider: WakeLock acquired by sendMessage(12, 0, null)
02-20 20:19:15.073  1921  2088 D SubscriptionMonitor: mDefaultDataSubId = 1, 1 registrants
02-20 20:19:15.073  1921  1921 D SubscriptionInfoUpdater: updateSubscriptionInfoByIccId:- SsubscriptionInfo update complete
02-20 20:19:15.074  1921  1921 D MccTable: updateMccMncConfiguration mccmnc='310260' fromServiceState=false
02-20 20:19:15.074  1921  1921 D MccTable: updateMccMncConfiguration defaultMccMnc=310260
02-20 20:19:15.074  1921  1921 D MccTable: updateMccMncConfiguration: mcc=310, mnc=260
02-20 20:19:15.074  1921  1921 D MccTable: updateMccMncConfiguration updateConfig config={1.0 310mcc260mnc ?localeList ?layoutDir ?swdp ?wdp ?hdp ?density ?lsize ?long ?orien ?uimode ?night ?touch ?keyb/?/? ?nav/?}
02-20 20:19:15.074  2061  2061 I GAv4    : Google Analytics 9.2.56 is starting up. To enable debug logging on a device run:
02-20 20:19:15.074  2061  2061 I GAv4    :   adb shell setprop log.tag.GAv4 DEBUG
02-20 20:19:15.074  2061  2061 I GAv4    :   adb logcat -s GAv4
02-20 20:19:15.077  1661  1689 W GnssLocationProvider: Could not open GPS configuration file /etc/gps.conf
02-20 20:19:15.077  1661  1689 E GnssLocationProvider: no AGPS interface in set_agps_server
02-20 20:19:15.077  1661  1689 I GnssLocationProvider: WakeLock released by handleMessage(12, 0, null)
02-20 20:19:15.105  1312  1325 D gralloc_ranchu: gralloc_alloc: Creating ashmem region of size 15945728
02-20 20:19:15.105  1661  1687 I dvm_lock_sample: [system_server,1,Binder:1661_1,76,WindowManagerService.java,2857,-,2857,15]
02-20 20:19:15.106  1921  1921 D SubscriptionController: [setMccMnc]+ mcc/mnc:310/260 subId:1
02-20 20:19:15.127  1921  1921 D SubscriptionController: notifySubscriptionInfoChanged:
02-20 20:19:15.128  1661  1661 I GnssLocationProvider: WakeLock acquired by sendMessage(12, 0, null)
02-20 20:19:15.131  2061  2098 W GAv4    : AnalyticsReceiver is not registered or is disabled. Register the receiver for reliable dispatching on non-Google Play devices. See http://goo.gl/8Rd3yj for instructions.
02-20 20:19:15.132  1921  1921 D SubscriptionController: [getActiveSubscriptionInfo]+ subId=1 subInfo={id=1, iccId=89014103211118510720 simSlotIndex=0 displayName=Android carrierName=Android nameSource=0 iconTint=-16746133 dataRoaming=0 iconBitmap=android.graphics.Bitmap@353228f mcc 310 mnc 260}
02-20 20:19:15.133  1921  1921 D SubscriptionInfoUpdater: sim name = Android
02-20 20:19:15.146  1762  1776 W art     : Suspending all threads took: 19.429ms
02-20 20:19:15.146  1762  1776 I art     : Background sticky concurrent mark sweep GC freed 284(12KB) AllocSpace objects, 0(0B) LOS objects, 0% free, 16MB/16MB, paused 19.717ms total 37.387ms
02-20 20:19:15.184  1921  1921 D SubscriptionInfoUpdater: Broadcasting intent ACTION_SIM_STATE_CHANGED LOADED reason null for mCardIndex: 0
02-20 20:19:15.185  1661  1661 D WifiService: resetting networks because SIM was loaded
02-20 20:19:15.185  1661  1736 D WifiStateMachine: resetting EAP-SIM/AKA/AKA' networks since SIM was changed
02-20 20:19:15.186  1921  1921 D CarrierConfigLoader: update config for phoneId: 0 simState: LOADED
02-20 20:19:15.186  1921  1921 D CarrierSvcBindHelper: update binding for phoneId: 0 simState: LOADED
02-20 20:19:15.200  1921  1921 D SubscriptionController: [getActiveSubscriptionInfo]+ subId=1 subInfo={id=1, iccId=89014103211118510720 simSlotIndex=0 displayName=Android carrierName=Android nameSource=0 iconTint=-16746133 dataRoaming=0 iconBitmap=android.graphics.Bitmap@dff9afa mcc 310 mnc 260}
02-20 20:19:15.203  1661  1688 I Telecom : PhoneAccountRegistrar: [ComponentInfo{com.android.phone/com.android.services.telephony.TelephonyConnectionService}, [e0184adedf913b076626646d3f52c3b49c39ad6d], UserHandle{0}(icon: Icon(typ=BITMAP size=76x96) -> Icon(typ=BITMAP size=76x96))]: TSI.rPA@ABE
02-20 20:19:15.204  1661  1688 I Telecom : : Sending phone-account registered intent as user: TSI.rPA@ABE
02-20 20:19:15.205  1921  1921 D DCT     : [0]onRecordsLoadedOrSubIdChanged: createAllApnList
02-20 20:19:15.205  1921  1921 D DCT     : [0]createAllApnList: selection=numeric = '310260'
02-20 20:19:15.221     0     0 D ieee80211 phy1: mac80211_hwsim_configure_filter
02-20 20:19:15.209  1921  1921 D DCT     : [0]createApnList: X result=[[ApnSettingV3] T-Mobile US, 1, 310260, epc.tmobile.com, , http://mms.msg.eng.t-mobile.com/mms/wapenc, , , , -1, *, IP, IP, true, 0, 0, 0, false, 0, 0, 0, 0, , , false]
02-20 20:19:15.224  1921  1921 D TelephonyProvider: subIdString = 1 subId = 1
02-20 20:19:15.224  1661  1689 W GnssLocationProvider: Could not open GPS configuration file /etc/gps.conf
02-20 20:19:15.224  1661  1689 E GnssLocationProvider: no AGPS interface in set_agps_server
02-20 20:19:15.224  1661  1689 I GnssLocationProvider: WakeLock released by handleMessage(12, 0, null)
02-20 20:19:15.233  1661  1689 W GnssLocationProvider: Could not open GPS configuration file /etc/gps.conf
02-20 20:19:15.233  1661  1689 E GnssLocationProvider: no AGPS interface in set_agps_server
02-20 20:19:15.237  2061  2098 W GAv4    : CampaignTrackingReceiver is not registered, not exported or is disabled. Installation campaign tracking is not possible. See http://goo.gl/8Rd3yj for instructions.
02-20 20:19:15.238  2061  2098 W GAv4    : AnalyticsService not registered in the app manifest. Hits might not be delivered reliably. See http://goo.gl/8Rd3yj for instructions.
02-20 20:19:15.273  1921  1921 D DCT     : [0]getPreferredApn: mRequestedApnType=default cursor=android.content.ContentResolver$CursorWrapperInner@7ac77dd cursor.count=1
02-20 20:19:15.273  1921  1921 D DCT     : [0]getPreferredApn: apnSetting=[ApnSettingV3] T-Mobile US, 1, 310260, epc.tmobile.com, , http://mms.msg.eng.t-mobile.com/mms/wapenc, , , , -1, *, IP, IP, true, 0, 0, 0, false, 0, 0, 0, 0, , , false
02-20 20:19:15.273  1921  1921 D DCT     : [0]getPreferredApn: X found apnSetting[ApnSettingV3] T-Mobile US, 1, 310260, epc.tmobile.com, , http://mms.msg.eng.t-mobile.com/mms/wapenc, , , , -1, *, IP, IP, true, 0, 0, 0, false, 0, 0, 0, 0, , , false
02-20 20:19:15.273  1921  1921 D DCT     : [0]createAllApnList: mPreferredApn=[ApnSettingV3] T-Mobile US, 1, 310260, epc.tmobile.com, , http://mms.msg.eng.t-mobile.com/mms/wapenc, , , , -1, *, IP, IP, true, 0, 0, 0, false, 0, 0, 0, 0, , , false
02-20 20:19:15.273  1921  1921 D DCT     : [0]createAllApnList: X mAllApnSettings=[[ApnSettingV3] T-Mobile US, 1, 310260, epc.tmobile.com, , http://mms.msg.eng.t-mobile.com/mms/wapenc, , , , -1, *, IP, IP, true, 0, 0, 0, false, 0, 0, 0, 0, , , false]
02-20 20:19:15.273  1921  1921 D DCT     : [0]setDataProfilesAsNeeded
02-20 20:19:15.273  1921  1921 D DCT     : [0]setInitialApn: E mPreferredApn=[ApnSettingV3] T-Mobile US, 1, 310260, epc.tmobile.com, , http://mms.msg.eng.t-mobile.com/mms/wapenc, , , , -1, *, IP, IP, true, 0, 0, 0, false, 0, 0, 0, 0, , , false
02-20 20:19:15.273  1921  1921 D DCT     : [0]setInitialApn: firstApnSetting=[ApnSettingV3] T-Mobile US, 1, 310260, epc.tmobile.com, , http://mms.msg.eng.t-mobile.com/mms/wapenc, , , , -1, *, IP, IP, true, 0, 0, 0, false, 0, 0, 0, 0, , , false
02-20 20:19:15.273  1921  1921 D DCT     : [0]setInitialApn: defaultApnSetting=[ApnSettingV3] T-Mobile US, 1, 310260, epc.tmobile.com, , http://mms.msg.eng.t-mobile.com/mms/wapenc, , , , -1, *, IP, IP, true, 0, 0, 0, false, 0, 0, 0, 0, , , false
02-20 20:19:15.273  1921  1921 D DCT     : [0]setInitialAttachApn: using mPreferredApn
02-20 20:19:15.273  1921  1921 D DCT     : [0]setInitialAttachApn: X selected Apn=[ApnSettingV3] T-Mobile US, 1, 310260, epc.tmobile.com, , http://mms.msg.eng.t-mobile.com/mms/wapenc, , , , -1, *, IP, IP, true, 0, 0, 0, false, 0, 0, 0, 0, , , false
02-20 20:19:15.273  1921  1921 D RILJ    : Set RIL_REQUEST_SET_INITIAL_ATTACH_APN [SUB0]
02-20 20:19:15.273  1921  1921 D RILJ    : [3737]> RIL_REQUEST_SET_INITIAL_ATTACH_APN, apn:epc.tmobile.com, protocol:IP, authType:-1, username:none, password:none [SUB0]
02-20 20:19:15.275  1762  1762 I Choreographer: Skipped 36 frames!  The application may be doing too much work on its main thread.
02-20 20:19:15.282  1921  1921 D DCT     : [0]onRecordsLoadedOrSubIdChanged: notifying data availability
02-20 20:19:15.282  1374  1484 D RIL     : onRequest: RIL_REQUEST_SET_INITIAL_ATTACH_APN
02-20 20:19:15.282  1374  1484 D RIL     : Request not supported. Tech: 1
02-20 20:19:15.282  1921  2004 D RilRequest: [3737]< RIL_REQUEST_SET_INITIAL_ATTACH_APN error: com.android.internal.telephony.CommandException: REQUEST_NOT_SUPPORTED ret=
02-20 20:19:15.283  1661  1787 D TelephonyRegistry: Notify data connection state changed on sub: 1
02-20 20:19:15.283  1661  1787 D TelephonyRegistry: Notify data connection state changed on sub: 1
02-20 20:19:15.296  1921  1921 D DCT     : [0]setupDataOnConnectableApns: simLoaded hipri:[state=IDLE,enabled=false] mms:[state=IDLE,enabled=false] supl:[state=IDLE,enabled=false] ia:[state=IDLE,enabled=false] fota:[state=IDLE,enabled=false] ims:[state=IDLE,enabled=false] cbs:[state=IDLE,enabled=false] default:[state=IDLE,enabled=false] emergency:[state=IDLE,enabled=false] 
02-20 20:19:15.308  1921  1921 I Telephony: PstnIncomingCallNotifier: Unregistering: Handler (com.android.internal.telephony.GsmCdmaPhone) {24b48eb}
02-20 20:19:15.309  1762  1762 D ViewRootImpl[StatusBar]: changeCanvasOpacity: opaque=true
02-20 20:19:15.310  2061  2061 I AlarmClock: AlarmInitReceiver android.intent.action.TIME_SET
02-20 20:19:15.330  1921  1921 D SubscriptionController: [getActiveSubscriptionInfo]+ subId=1 subInfo={id=1, iccId=89014103211118510720 simSlotIndex=0 displayName=Android carrierName=Android nameSource=0 iconTint=-16746133 dataRoaming=0 iconBitmap=android.graphics.Bitmap@2e43320 mcc 310 mnc 260}
02-20 20:19:15.333  1661  1953 I Telecom : PhoneAccountRegistrar: New phone account registered: [[ ] PhoneAccount: ComponentInfo{com.android.phone/com.android.services.telephony.TelephonyConnectionService}, [e2f7d48dd2b5ca523e7313cf4ba0f6ea830b6281], UserHandle{0} Capabilities: CallProvider MultiUser PlaceEmerg SimSub  Schemes: tel voicemail  Extras: null GroupId: [da39a3ee5e6b4b0d3255bfef95601890afd80709]]: TSI.rPA@ABI
02-20 20:19:15.335  1661  1953 I Telecom : : Sending phone-account registered intent as user: TSI.rPA@ABI
02-20 20:19:15.335  1921  1921 I Telephony: AccountEntry: Registered phoneAccount: [[ ] PhoneAccount: ComponentInfo{com.android.phone/com.android.services.telephony.TelephonyConnectionService}, [e2f7d48dd2b5ca523e7313cf4ba0f6ea830b6281], UserHandle{0} Capabilities: CallProvider MultiUser PlaceEmerg SimSub  Schemes: tel voicemail  Extras: null GroupId: [da39a3ee5e6b4b0d3255bfef95601890afd80709]] with handle: ComponentInfo{com.android.phone/com.android.services.telephony.TelephonyConnectionService}, [e2f7d48dd2b5ca523e7313cf4ba0f6ea830b6281], UserHandle{0}
02-20 20:19:15.336  1921  1921 I Telephony: PstnIncomingCallNotifier: Registering: Handler (com.android.internal.telephony.GsmCdmaPhone) {24b48eb}
02-20 20:19:15.337  1921  1921 I Telephony: TelecomAccountRegistry: Unregistering phone account ComponentInfo{com.android.phone/com.android.services.telephony.TelephonyConnectionService}, [e0184adedf913b076626646d3f52c3b49c39ad6d], UserHandle{0}.
02-20 20:19:15.338  1661  1787 I Telecom : : Sending phone-account unregistered intent as user: TSI.uPA@ABQ
02-20 20:19:15.340  1921  1942 D SST     : SST.getAllCellInfo(): return last, back to back calls
02-20 20:19:15.340  1921  2103 D SST     : SST.getAllCellInfo(): return last, back to back calls
02-20 20:19:15.340  1921  2103 D SST     : SST.getAllCellInfo(): return last, back to back calls
02-20 20:19:15.345  1921  1921 D SST     : SubscriptionListener.onSubscriptionInfoChanged
02-20 20:19:15.345  1921  1921 D PhoneFactory: calculatePreferredNetworkType: phoneSubId = 1 networkType = 0
02-20 20:19:15.345  1921  1921 D Phone   : setPreferredNetworkType: Abort, unknown RAF: 1 101902
02-20 20:19:15.346  1921  1921 D Phone   : setNetworkSelectionModeAutomatic, querying current mode
02-20 20:19:15.346  1921  1921 D RILJ    : [3738]> QUERY_NETWORK_SELECTION_MODE [SUB0]
02-20 20:19:15.346  1921  1921 D TelephonyManager: setTelephonyProperty: success phoneId=0 property=gsm.network.type value: LTE propVal=LTE
02-20 20:19:15.346  1374  1484 D RIL     : onRequest: QUERY_NETWORK_SELECTION_MODE
02-20 20:19:15.346  1374  1484 D AT      : AT> AT+COPS?
02-20 20:19:15.346  1374  1486 D AT      : AT< +COPS: 0,2,310260
02-20 20:19:15.346  1374  1486 D AT      : AT< OK
02-20 20:19:15.346  1921  2004 D RILJ    : [3738]< QUERY_NETWORK_SELECTION_MODE {0} [SUB0]
02-20 20:19:15.348  1921  1921 D SubscriptionController: [setCarrierText]+ text:Android subId:1
02-20 20:19:15.350  1661  1691 W WindowManager: Keyguard drawn timeout. Setting mKeyguardDrawComplete
02-20 20:19:15.350  1661  1691 V KeyguardServiceDelegate: *** Keyguard connected (yay!)
02-20 20:19:15.360  1312  1996 I SurfaceFlinger: Boot is finished (10629 ms)
02-20 20:19:15.360  1312  1996 I sf_stop_bootanim: 12438
02-20 20:19:15.385  1921  1921 D SubscriptionController: notifySubscriptionInfoChanged:
02-20 20:19:15.385  1661  1661 I GnssLocationProvider: WakeLock acquired by sendMessage(12, 0, null)
02-20 20:19:15.386  1921  1921 D SIMRecords: [SIMRecords] getServiceProviderName: no brandOverride, providerName=Android
02-20 20:19:15.386  1921  1921 D SIMRecords: [SIMRecords] getServiceProviderName: no brandOverride, providerName=Android
02-20 20:19:15.386  1921  1921 D SST     : updateSpnDisplay: changed sending intent rule=1 showPlmn='false' plmn='Android' showSpn='true' spn='Android' dataSpn='Android' subId='1'
02-20 20:19:15.386  1921  1921 D SubscriptionController: [setCarrierText]+ text:Android subId:1
02-20 20:19:15.424  2107  2107 I bootstat: Service started: /system/bin/bootstat --record_boot_complete 
02-20 20:19:15.412  2107  2107 I auditd  : type=1400 audit(0.0:11): avc: denied { getattr } for comm="bootstat" path="/vendor" dev="rootfs" ino=4001 scontext=u:r:bootstat:s0 tcontext=u:object_r:rootfs:s0 tclass=lnk_file permissive=0
02-20 20:19:15.412  2107  2107 W bootstat: type=1400 audit(0.0:11): avc: denied { getattr } for path="/vendor" dev="rootfs" ino=4001 scontext=u:r:bootstat:s0 tcontext=u:object_r:rootfs:s0 tclass=lnk_file permissive=0
02-20 20:19:15.495     0     0 I init    : Service 'bootanim' (pid 1333) exited with status 0
02-20 20:19:15.496     0     0 I init    : Starting service 'exec 6 (/system/bin/bootstat)'...
02-20 20:19:15.425  1921  1921 D SubscriptionController: notifySubscriptionInfoChanged:
02-20 20:19:15.425  1661  1661 I GnssLocationProvider: WakeLock acquired by sendMessage(12, 0, null)
02-20 20:19:15.425  2107  2107 I bootstat: Logging histogram: bootstat_mtime_matches_content 1
02-20 20:19:15.425  2107  2107 I sysui_histogram: [bootstat_mtime_matches_content,1]
02-20 20:19:15.426  2107  2107 I bootstat: Logging histogram: bootstat_mtime_matches_content 1
02-20 20:19:15.426  2107  2107 I sysui_histogram: [bootstat_mtime_matches_content,1]
02-20 20:19:15.426  2107  2107 I bootstat: Logging histogram: bootstat_mtime_matches_content 1
02-20 20:19:15.426  2107  2107 I sysui_histogram: [bootstat_mtime_matches_content,1]
02-20 20:19:15.428  1921  1921 D SIMRecords: [SIMRecords]  VoiceMessageCount from SIM MWIS = 0
02-20 20:19:15.428  1921  1921 D Phone   : getStoredVoiceMessageCount: from preference for subId 1= 0
02-20 20:19:15.428  1921  1921 D GsmCdmaPhone: [GsmCdmaPhone] updateVoiceMail countVoiceMessages = 0 subId 1
02-20 20:19:15.428  1921  1921 D Phone   : setVoiceMessageCount: Storing Voice Mail Count = 0 for mVmCountKey = vm_count_key1 in preferences.
02-20 20:19:15.429  1921  1921 D DCT     : [0]SubscriptionListener.onSubscriptionInfoChanged
02-20 20:19:15.507     0     0 I init    : Service 'exec 6 (/system/bin/bootstat)' (pid 2107) exited with status 0
02-20 20:19:15.523     0     0 I init    : Starting service 'exec 7 (/system/bin/bootstat)'...
02-20 20:19:15.430  1921  1921 D DCT     : [0]onRecordsLoadedOrSubIdChanged: createAllApnList
02-20 20:19:15.430  1921  1921 D DCT     : [0]createAllApnList: selection=numeric = '310260'
02-20 20:19:15.431  1921  1921 D DCT     : [0]createApnList: X result=[[ApnSettingV3] T-Mobile US, 1, 310260, epc.tmobile.com, , http://mms.msg.eng.t-mobile.com/mms/wapenc, , , , -1, *, IP, IP, true, 0, 0, 0, false, 0, 0, 0, 0, , , false]
02-20 20:19:15.431  1921  1921 D TelephonyProvider: subIdString = 1 subId = 1
02-20 20:19:15.432  1921  1921 D DCT     : [0]getPreferredApn: mRequestedApnType=default cursor=android.content.ContentResolver$CursorWrapperInner@f3f9376 cursor.count=1
02-20 20:19:15.432  1921  1921 D DCT     : [0]getPreferredApn: apnSetting=[ApnSettingV3] T-Mobile US, 1, 310260, epc.tmobile.com, , http://mms.msg.eng.t-mobile.com/mms/wapenc, , , , -1, *, IP, IP, true, 0, 0, 0, false, 0, 0, 0, 0, , , false
02-20 20:19:15.432  1921  1921 D DCT     : [0]getPreferredApn: X found apnSetting[ApnSettingV3] T-Mobile US, 1, 310260, epc.tmobile.com, , http://mms.msg.eng.t-mobile.com/mms/wapenc, , , , -1, *, IP, IP, true, 0, 0, 0, false, 0, 0, 0, 0, , , false
02-20 20:19:15.432  1921  1921 D DCT     : [0]createAllApnList: mPreferredApn=[ApnSettingV3] T-Mobile US, 1, 310260, epc.tmobile.com, , http://mms.msg.eng.t-mobile.com/mms/wapenc, , , , -1, *, IP, IP, true, 0, 0, 0, false, 0, 0, 0, 0, , , false
02-20 20:19:15.432  1921  1921 D DCT     : [0]createAllApnList: X mAllApnSettings=[[ApnSettingV3] T-Mobile US, 1, 310260, epc.tmobile.com, , http://mms.msg.eng.t-mobile.com/mms/wapenc, , , , -1, *, IP, IP, true, 0, 0, 0, false, 0, 0, 0, 0, , , false]
02-20 20:19:15.432  1921  1921 D DCT     : [0]setDataProfilesAsNeeded
02-20 20:19:15.432  1921  1921 D DCT     : [0]setInitialApn: E mPreferredApn=[ApnSettingV3] T-Mobile US, 1, 310260, epc.tmobile.com, , http://mms.msg.eng.t-mobile.com/mms/wapenc, , , , -1, *, IP, IP, true, 0, 0, 0, false, 0, 0, 0, 0, , , false
02-20 20:19:15.432  1921  1921 D DCT     : [0]setInitialApn: firstApnSetting=[ApnSettingV3] T-Mobile US, 1, 310260, epc.tmobile.com, , http://mms.msg.eng.t-mobile.com/mms/wapenc, , , , -1, *, IP, IP, true, 0, 0, 0, false, 0, 0, 0, 0, , , false
02-20 20:19:15.432  1921  1921 D DCT     : [0]setInitialApn: defaultApnSetting=[ApnSettingV3] T-Mobile US, 1, 310260, epc.tmobile.com, , http://mms.msg.eng.t-mobile.com/mms/wapenc, , , , -1, *, IP, IP, true, 0, 0, 0, false, 0, 0, 0, 0, , , false
02-20 20:19:15.432  1921  1921 D DCT     : [0]setInitialAttachApn: using mPreferredApn
02-20 20:19:15.432  1921  1921 D DCT     : [0]setInitialAttachApn: X selected Apn=[ApnSettingV3] T-Mobile US, 1, 310260, epc.tmobile.com, , http://mms.msg.eng.t-mobile.com/mms/wapenc, , , , -1, *, IP, IP, true, 0, 0, 0, false, 0, 0, 0, 0, , , false
02-20 20:19:15.537     0     0 I init    : Service 'exec 7 (/system/bin/bootstat)' (pid 2110) exited with status 0
02-20 20:19:15.538     0     0 I init    : Starting service 'exec 8 (/system/bin/bootstat)'...
02-20 20:19:15.432  1921  1921 D RILJ    : Set RIL_REQUEST_SET_INITIAL_ATTACH_APN [SUB0]
02-20 20:19:15.432  1921  1921 D RILJ    : [3739]> RIL_REQUEST_SET_INITIAL_ATTACH_APN, apn:epc.tmobile.com, protocol:IP, authType:-1, username:none, password:none [SUB0]
02-20 20:19:15.432  1921  1921 D DCT     : [0]onRecordsLoadedOrSubIdChanged: notifying data availability
02-20 20:19:15.432  1374  1484 D RIL     : onRequest: RIL_REQUEST_SET_INITIAL_ATTACH_APN
02-20 20:19:15.432  1374  1484 D RIL     : Request not supported. Tech: 1
02-20 20:19:15.432  1921  2004 D RilRequest: [3739]< RIL_REQUEST_SET_INITIAL_ATTACH_APN error: com.android.internal.telephony.CommandException: REQUEST_NOT_SUPPORTED ret=
02-20 20:19:15.439  1312  1312 I sf_frame_dur: [BootAnimation,0,22,188,12,4,0,0]
02-20 20:19:15.447  1921  1921 D DCT     : [0]setupDataOnConnectableApns: simLoaded hipri:[state=IDLE,enabled=false] mms:[state=IDLE,enabled=false] supl:[state=IDLE,enabled=false] ia:[state=IDLE,enabled=false] fota:[state=IDLE,enabled=false] ims:[state=IDLE,enabled=false] cbs:[state=IDLE,enabled=false] default:[state=IDLE,enabled=false] emergency:[state=IDLE,enabled=false] 
02-20 20:19:15.453  1921  1921 D PhoneSwitcher: evaluating due to subChanged phone[0] -2->1
02-20 20:19:15.453  1921  1921 D PhoneSwitcher: activate 0
02-20 20:19:15.453  1921  1921 D RILJ    : [3740]> RIL_REQUEST_ALLOW_DATA allowed: true [SUB0]
02-20 20:19:15.454  1374  1484 D RIL     : onRequest: ALLOW_DATA
02-20 20:19:15.454  1374  1484 D RIL     : Request not supported. Tech: 1
02-20 20:19:15.454  1921  2004 D RilRequest: [3740]< RIL_REQUEST_ALLOW_DATA error: com.android.internal.telephony.CommandException: REQUEST_NOT_SUPPORTED ret=
02-20 20:19:15.458  2110  2110 I bootstat: Service started: /system/bin/bootstat --record_boot_reason 
02-20 20:19:15.458  2110  2110 I bootstat: Unknown boot reason: 
02-20 20:19:15.461  1921  1921 I Telephony: PstnIncomingCallNotifier: Unregistering: Handler (com.android.internal.telephony.GsmCdmaPhone) {24b48eb}
02-20 20:19:15.463  1921  1921 D SubscriptionController: [getActiveSubscriptionInfo]+ subId=1 subInfo={id=1, iccId=89014103211118510720 simSlotIndex=0 displayName=Android carrierName=Android nameSource=0 iconTint=-16746133 dataRoaming=0 iconBitmap=android.graphics.Bitmap@1288649 mcc 310 mnc 260}
02-20 20:19:15.466  1661  2089 I Telecom : PhoneAccountRegistrar: [ComponentInfo{com.android.phone/com.android.services.telephony.TelephonyConnectionService}, [e2f7d48dd2b5ca523e7313cf4ba0f6ea830b6281], UserHandle{0}(icon: Icon(typ=BITMAP size=76x96) -> Icon(typ=BITMAP size=76x96))]: TSI.rPA@ABY
02-20 20:19:15.467  1661  2089 I Telecom : : Sending phone-account registered intent as user: TSI.rPA@ABY
02-20 20:19:15.467  1921  1921 I Telephony: AccountEntry: Registered phoneAccount: [[ ] PhoneAccount: ComponentInfo{com.android.phone/com.android.services.telephony.TelephonyConnectionService}, [e2f7d48dd2b5ca523e7313cf4ba0f6ea830b6281], UserHandle{0} Capabilities: CallProvider MultiUser PlaceEmerg SimSub  Schemes: tel voicemail  Extras: null GroupId: [da39a3ee5e6b4b0d3255bfef95601890afd80709]] with handle: ComponentInfo{com.android.phone/com.android.services.telephony.TelephonyConnectionService}, [e2f7d48dd2b5ca523e7313cf4ba0f6ea830b6281], UserHandle{0}
02-20 20:19:15.467  1921  1921 I Telephony: PstnIncomingCallNotifier: Registering: Handler (com.android.internal.telephony.GsmCdmaPhone) {24b48eb}
02-20 20:19:15.468  1921  1921 D TelephonyNetworkFactory[0]: onSubIdChange -2->1
02-20 20:19:15.468  1921  1921 D TelephonyNetworkFactory[0]: onDefaultChange(false,true)
02-20 20:19:15.468  1921  1921 D SST     : SubscriptionListener.onSubscriptionInfoChanged
02-20 20:19:15.468  1921  1921 D DCT     : [0]SubscriptionListener.onSubscriptionInfoChanged
02-20 20:19:15.471  1921  1921 I Telephony: PstnIncomingCallNotifier: Unregistering: Handler (com.android.internal.telephony.GsmCdmaPhone) {24b48eb}
02-20 20:19:15.560     0     0 I init    : Service 'exec 8 (/system/bin/bootstat)' (pid 2112) exited with status 0
