02-20 20:19:14.434  1921  1921 D TelephonyManager: setTelephonyProperty: success phoneId=0 property=gsm.current.phone-type value: 1 propVal=1
02-20 20:19:14.435  1921  1921 D IccCardProxy: Setting radio tech UMTS
02-20 20:19:14.435  1921  1921 D IccCardProxy: updateQuietMode: 3GPP subscription -> newQuietMode=false
02-20 20:19:14.435  1921  1921 D IccCardProxy: updateQuietMode: no changes don't setExternalState
02-20 20:19:14.435  1921  1921 D IccCardProxy: updateQuietMode: QuietMode is false (app_type=1 cdmaSource=-1)
02-20 20:19:14.440  2032  2032 W art     : Unexpected CPU variant for X86 using defaults: x86_64
02-20 20:19:14.441  1921  1921 W CarrierConfigManager: Error getting config for subId -1 ICarrierConfigLoader is null
02-20 20:19:14.441  1661  1687 D TelephonyRegistry: listen oscl: hasNotifySubscriptionInfoChangedOccurred==false no callback
02-20 20:19:14.444  1921  1921 D TelephonyManager: setTelephonyProperty: success phoneId=0 property=gsm.network.type value: Unknown propVal=Unknown
02-20 20:19:14.445  1661  1736 D WifiNative-HAL: Setting external_sim to 1
02-20 20:19:14.445  1661  1736 D WifiStateMachine: Setting OUI to DA-A1-19
02-20 20:19:14.445  1921  1921 D RILJ    : [3654]> SIGNAL_STRENGTH [SUB0]
02-20 20:19:14.446  1661  2025 I am_proc_bound: [0,2032,com.android.cellbroadcastreceiver]
02-20 20:19:14.450  1374  1484 D RIL     : onRequest: SIGNAL_STRENGTH
02-20 20:19:14.450  1921  2004 D RilRequest: [3654]< SIGNAL_STRENGTH error: com.android.internal.telephony.CommandException: RADIO_NOT_AVAILABLE ret=
02-20 20:19:14.451  1661  1736 I WifiConnectivityManager: PNO settings: min5GHzRssi -82 min24GHzRssi -85 currentConnectionBonus 16 sameNetworkBonus 24 secureNetworkBonus 80 initialScoreMax 100
02-20 20:19:14.451  1921  1921 D SST     : notifyDataRegStateRilRadioTechnologyChanged: drs=1 rat=0
02-20 20:19:14.451  1921  1921 D TelephonyManager: setTelephonyProperty: success phoneId=0 property=gsm.network.type value: Unknown propVal=Unknown
02-20 20:19:14.451  1661  1736 I WifiConnectivityManager: ConnectivityScanManager initialized and disabled
02-20 20:19:14.451  1661  1736 I WifiConnectivityManager: setUntrustedConnectionAllowed: allowed=false
02-20 20:19:14.451  1661  1736 E WifiLogger: no ring buffers found
02-20 20:19:14.453  1661  1736 E WifiLogger: Failed to start packet fate monitoring
02-20 20:19:14.457  1921  1921 D DCT     : [0]DCT.constructor
02-20 20:19:14.459  1661  1953 D TelephonyRegistry: listen oscl: hasNotifySubscriptionInfoChangedOccurred==false no callback
02-20 20:19:14.462  1661  1736 I WifiConnectivityManager: Set WiFi enabled
02-20 20:19:14.462  1661  1736 I WifiConnectivityManager: scheduleWatchdogTimer
02-20 20:19:14.462  1661  1736 D WifiNative-HAL: Failing getSupportedFeatureset because HAL isn't started
02-20 20:19:14.462  1661  1738 I WifiScanningService: wifi driver loaded with scan capabilities: max buckets=16
02-20 20:19:14.462  1661  1693 E BatteryStatsService: no controller energy info supplied
02-20 20:19:14.462  1661  1661 D RttService: SCAN_AVAILABLE : 3
02-20 20:19:14.462  1661  1693 E KernelCpuSpeedReader: Failed to read cpu-freq: /sys/devices/system/cpu/cpu0/cpufreq/stats/time_in_state (No such file or directory)
02-20 20:19:14.462  1661  1693 E KernelUidCpuTimeReader: Failed to read uid_cputime: /proc/uid_cputime/show_uid_stat (No such file or directory)
02-20 20:19:14.463  1661  1739 D RttService: DefaultState got{ when=-1ms what=160512 target=com.android.internal.util.StateMachine$SmHandler }
02-20 20:19:14.464  1661  1736 D WifiNative-HAL: Failing getSupportedFeatureset because HAL isn't started
02-20 20:19:14.464  1661  1693 E BatteryStatsService: no controller energy info supplied
02-20 20:19:14.464  1661  1693 E KernelCpuSpeedReader: Failed to read cpu-freq: /sys/devices/system/cpu/cpu0/cpufreq/stats/time_in_state (No such file or directory)
02-20 20:19:14.464  1661  1693 E KernelUidCpuTimeReader: Failed to read uid_cputime: /proc/uid_cputime/show_uid_stat (No such file or directory)
02-20 20:19:14.470  1372  1372 I MediaPlayerService: MediaPlayerService::getOMX
02-20 20:19:14.470  1661  2046 I OMXClient: MuxOMX ctor
02-20 20:19:14.471  1369  1838 I OMXMaster: makeComponentInstance(OMX.google.vorbis.decoder) in mediacodec process
02-20 20:19:14.472  1921  1921 D Dcc     : E ctor
02-20 20:19:14.472  1921  1921 D Dcc     : X ctor
02-20 20:19:14.472  1921  1921 D SubscriptionController: [getPhoneId] asked for default subId=-1
02-20 20:19:14.473  1921  2045 D DcTesterDeacativateAll: register for intent action=com.android.internal.telephony.dataconnection.action_deactivate_all
02-20 20:19:14.473  1921  2045 D DcTesterDeacativateAll: register for intent action=com.android.internal.telephony.action_detached
02-20 20:19:14.473  1921  2045 D Dcc     : DccDefaultState: msg.what=EVENT_RIL_CONNECTED mRilVersion=12
02-20 20:19:14.475  1921  1921 D DcTesterFailBrinupAll: register for intent action=com.android.internal.telephony.dataconnection.action_fail_bringup
02-20 20:19:14.475  1921  1921 D DcTesterFailBrinupAll: register for intent action=com.android.internal.telephony.action_detached
02-20 20:19:14.475  1921  1921 D DcTesterFailBrinupAll: register for intent action=com.android.internal.telephony.action_attached
02-20 20:19:14.475  1921  1921 D SST     : notifyDataRegStateRilRadioTechnologyChanged: drs=1 rat=0
02-20 20:19:14.475  1921  1921 D TelephonyManager: setTelephonyProperty: success phoneId=0 property=gsm.network.type value: Unknown propVal=Unknown
02-20 20:19:14.476  1921  1921 D DCT     : [0]update sub = -2
02-20 20:19:14.476  1921  1921 D DCT     : [0]update(): Active DDS, register for all events now!
02-20 20:19:14.476  1921  1921 D GsmCdmaPhone: [GsmCdmaPhone] updateCurrentCarrierInProvider: mSubId = -2 currentDds = 1 operatorNumeric = null
02-20 20:19:14.476  1921  1921 D DCT     : [0]initApnContexts: E
02-20 20:19:14.476  1921  1921 D DCT     : [0]initApnContexts: skipping unknown type=1
02-20 20:19:14.477  1921  1921 D DCT     : [0]initApnContexts: apnContext={mApnType=default mState=IDLE mWaitingApns={null} mApnSetting={null} mReason=dataEnabled mDataEnabled=false mDependencyMet=true}
02-20 20:19:14.477  1921  1921 D DCT     : [0]initApnContexts: apnContext={mApnType=mms mState=IDLE mWaitingApns={null} mApnSetting={null} mReason=dataEnabled mDataEnabled=false mDependencyMet=true}
02-20 20:19:14.477  1921  1921 D DCT     : [0]initApnContexts: apnContext={mApnType=supl mState=IDLE mWaitingApns={null} mApnSetting={null} mReason=dataEnabled mDataEnabled=false mDependencyMet=true}
02-20 20:19:14.477  1921  1921 D DCT     : [0]initApnContexts: apnContext={mApnType=hipri mState=IDLE mWaitingApns={null} mApnSetting={null} mReason=dataEnabled mDataEnabled=false mDependencyMet=true}
02-20 20:19:14.477  1921  1921 D DCT     : [0]initApnContexts: apnContext={mApnType=fota mState=IDLE mWaitingApns={null} mApnSetting={null} mReason=dataEnabled mDataEnabled=false mDependencyMet=true}
02-20 20:19:14.477  1921  1921 D DCT     : [0]initApnContexts: apnContext={mApnType=ims mState=IDLE mWaitingApns={null} mApnSetting={null} mReason=dataEnabled mDataEnabled=false mDependencyMet=true}
02-20 20:19:14.477  1921  1921 D DCT     : [0]initApnContexts: apnContext={mApnType=cbs mState=IDLE mWaitingApns={null} mApnSetting={null} mReason=dataEnabled mDataEnabled=false mDependencyMet=true}
02-20 20:19:14.477  1921  1921 D DCT     : [0]initApnContexts: skipping unknown type=13
02-20 20:19:14.477  1921  1921 D DCT     : [0]initApnContexts: apnContext={mApnType=ia mState=IDLE mWaitingApns={null} mApnSetting={null} mReason=dataEnabled mDataEnabled=false mDependencyMet=true}
02-20 20:19:14.477  1921  1921 D DCT     : [0]initApnContexts: apnContext={mApnType=emergency mState=IDLE mWaitingApns={null} mApnSetting={null} mReason=dataEnabled mDataEnabled=false mDependencyMet=true}
02-20 20:19:14.481  1921  1921 D GsmCdmaPhone: [GsmCdmaPhone] GsmCdmaPhone: constructor: sub = 0
02-20 20:19:14.481  1921  1921 I PhoneFactory: Creating Phone with type = 1 sub = 0
02-20 20:19:14.485  1921  1921 I PhoneFactory: defaultSmsApplication: NONE
02-20 20:19:14.486  1921  1921 I PhoneFactory: Creating SubInfoRecordUpdater 
02-20 20:19:14.486  1921  1921 D SubscriptionInfoUpdater: Constructor invoked
02-20 20:19:14.507  1661  1745 D NotificationSQLiteLog: Pruned event entries: 0
02-20 20:19:14.506  1661  1689 I SyncManager: Got SyncJobService instance.
02-20 20:19:14.513  1661  1746 E ActivityThread: Failed to find provider info for com.android.calendar
02-20 20:19:14.513  1661  1746 E ActivityThread: Failed to find provider info for com.android.calendar
02-20 20:19:14.516  1661  1661 I FusedLocation: engine started (com.android.location.fused)
02-20 20:19:14.517  1921  1935 D SubscriptionController: [getPhoneId]- no sims, returning default phoneId=2147483647
02-20 20:19:14.524  1372  1372 I MediaPlayerService: MediaPlayerService::getOMX
02-20 20:19:14.524  1661  2049 I OMXClient: MuxOMX ctor
02-20 20:19:14.524  1369  1369 I OMXMaster: makeComponentInstance(OMX.google.vorbis.decoder) in mediacodec process
02-20 20:19:14.529  1661  1787 D TelephonyRegistry: listen oscl: hasNotifySubscriptionInfoChangedOccurred==false no callback
02-20 20:19:14.529  1921  1921 D SubscriptionController: [getPhoneId]- no sims, returning default phoneId=2147483647
02-20 20:19:14.530  1661  1687 D TelephonyRegistry: listen oscl: hasNotifySubscriptionInfoChangedOccurred==false no callback
02-20 20:19:14.531  1921  1921 D PhoneSwitcherNetworkRequstListener: Registering NetworkFactory
02-20 20:19:14.531  1921  1921 D PhoneSwitcher: PhoneSwitcher started
02-20 20:19:14.531  1661  1740 D ConnectivityService: Got NetworkFactory Messenger for PhoneSwitcherNetworkRequstListener
02-20 20:19:14.531  1921  1921 D ProxyController: Constructor - Enter
02-20 20:19:14.532  1921  1921 D ProxyController: clearTransaction
02-20 20:19:14.532  1921  1921 D ProxyController: clearTransaction: phoneId=0 status=IDLE
02-20 20:19:14.532  1921  1921 D ProxyController: Constructor - Exit
02-20 20:19:14.532  1921  1921 D TelephonyNetworkFactory[0]: Registering NetworkFactory
02-20 20:19:14.532  1661  1740 D ConnectivityService: Got NetworkFactory Messenger for TelephonyNetworkFactory[0]
02-20 20:19:14.533  1921  1921 D CallManager: registerPhone(GSM Handler (com.android.internal.telephony.GsmCdmaPhone) {24b48eb})
02-20 20:19:14.537  1661  1687 D TelephonyRegistry: listen oscl: hasNotifySubscriptionInfoChangedOccurred==false no callback
02-20 20:19:14.559  1921  1921 D CarrierConfigLoader: CarrierConfigLoader has started
02-20 20:19:14.561  1921  1921 E BluetoothAdapter: Bluetooth binder is null
02-20 20:19:14.561  1661  1787 D TelephonyRegistry: listen oscl: hasNotifySubscriptionInfoChangedOccurred==false no callback
02-20 20:19:14.568  2032  2032 W System  : ClassLoader referenced unknown path: /system/priv-app/CellBroadcastReceiver/lib/x86_64
02-20 20:19:14.597  1921  2054 E ActivityThread: Failed to find provider info for com.android.contacts
02-20 20:19:14.597  1921  2054 W CallerInfoCache: cursor is null
02-20 20:19:14.602  1921  1921 D RILJ    : [3655]> RIL_REQUEST_SET_TTY_MODE : 0 [SUB0]
02-20 20:19:14.603  1374  1484 D RIL     : onRequest: SET_TTY_MODE
02-20 20:19:14.603  1921  2004 D RilRequest: [3655]< RIL_REQUEST_SET_TTY_MODE error: com.android.internal.telephony.CommandException: RADIO_NOT_AVAILABLE ret=
02-20 20:19:14.604  1921  1921 I Telephony: TtyManager: updateUiTtyMode -1 -> 0
02-20 20:19:14.609  1661  1687 D TelephonyRegistry: listen oscl: hasNotifySubscriptionInfoChangedOccurred==false no callback
02-20 20:19:14.610  1921  1921 D SubscriptionController: [getPhoneId] asked for default subId=-1
02-20 20:19:14.612  1921  1921 D UiccController: Received EVENT_ICC_STATUS_CHANGED, calling getIccCardStatus
02-20 20:19:14.612  1921  1921 D RILJ    : [3656]> GET_SIM_STATUS [SUB0]
02-20 20:19:14.613  1921  1921 D Phone   : config LCE service failed: com.android.internal.telephony.CommandException: RADIO_NOT_AVAILABLE
02-20 20:19:14.613  1921  1921 D GsmSMSDispatcher: GsmSMSDispatcher: subId = -2 slotId = 0
02-20 20:19:14.613  1921  1921 E IccCardProxy: setExternalState: !override and newstate unchanged from NOT_READY
02-20 20:19:14.613  1921  1921 D RILJ    : [3657]> BASEBAND_VERSION [SUB0]
02-20 20:19:14.613  1374  1484 D RIL     : onRequest: GET_SIM_STATUS
02-20 20:19:14.613  1374  1484 D RIL     : getSIMStatus(). sState: 0
02-20 20:19:14.613  1921  1921 D RILJ    : [3658]> GET_IMEI [SUB0]
02-20 20:19:14.613  1921  1921 D RILJ    : [3659]> GET_IMEISV [SUB0]
02-20 20:19:14.613  1921  2004 D RILJ    : [3656]< GET_SIM_STATUS IccCardState {CARDSTATE_PRESENT,PINSTATE_UNKNOWN,num_apps=2,gsm_id=0{APPTYPE_SIM,APPSTATE_DETECTED},cdma_id=1{APPTYPE_RUIM,APPSTATE_DETECTED},ims_id=8} [SUB0]
02-20 20:19:14.613  1921  1921 D RILJ    : [3660]> RIL_REQUEST_GET_RADIO_CAPABILITY [SUB0]
02-20 20:19:14.613  1921  1921 D RILJ    : [3661]> RIL_REQUEST_START_LCE [SUB0]
02-20 20:19:14.613  1374  1484 D RIL     : onRequest: BASEBAND_VERSION
02-20 20:19:14.613  1374  1484 D RIL     : onRequest: GET_IMEI
02-20 20:19:14.613  1374  1484 D AT      : AT> AT+CGSN
02-20 20:19:14.614  1374  1486 D AT      : AT< 000000000000000
02-20 20:19:14.614  1374  1486 D AT      : AT< OK
02-20 20:19:14.614  1921  1921 D GsmCdmaPhone: [GsmCdmaPhone] Event EVENT_RADIO_OFF_OR_NOT_AVAILABLE Received
02-20 20:19:14.614  1921  1921 E IccCardProxy: setExternalState: !override and newstate unchanged from NOT_READY
02-20 20:19:14.614  1921  1921 D SST     : mDeviceShuttingDown=false, mDesiredPowerState=true, getRadioState=RADIO_OFF, mPowerOffDelayNeed=true, mAlarmSwitch=false, mRadioDisabledByCarrier=false
02-20 20:19:14.614  1921  1921 D RILJ    : [3662]> RADIO_POWER on [SUB0]
02-20 20:19:14.614  1374  1484 D RIL     : onRequest: GET_IMEISV
02-20 20:19:14.614  1374  1484 D RIL     : onRequest: RIL_REQUEST_GET_RADIO_CAPABILITY
02-20 20:19:14.614  1374  1484 D RIL     : onRequest: <unknown request>
02-20 20:19:14.614  1921  2004 D RilRequest: [3657]< BASEBAND_VERSION error: com.android.internal.telephony.CommandException: RADIO_NOT_AVAILABLE ret=
02-20 20:19:14.614  1921  1921 D RILJ    : [3663]> OPERATOR [SUB0]
02-20 20:19:14.614  1921  2004 D RILJ    : [3658]< GET_IMEI  [SUB0]
02-20 20:19:14.614  1374  1484 D RIL     : onRequest: RADIO_POWER
02-20 20:19:14.614  1374  1484 D AT      : AT> AT+CFUN=1
02-20 20:19:14.614  1374  1486 D AT      : AT< OK
02-20 20:19:14.615  1921  2004 D RilRequest: [3659]< GET_IMEISV error: com.android.internal.telephony.CommandException: RADIO_NOT_AVAILABLE ret=
02-20 20:19:14.615  1921  2004 D RilRequest: [3660]< RIL_REQUEST_GET_RADIO_CAPABILITY error: com.android.internal.telephony.CommandException: RADIO_NOT_AVAILABLE ret=
02-20 20:19:14.615  1921  2004 D RilRequest: [3661]< RIL_REQUEST_START_LCE error: com.android.internal.telephony.CommandException: RADIO_NOT_AVAILABLE ret=
02-20 20:19:14.615  1921  1921 D RILJ    : [3664]> DATA_REGISTRATION_STATE [SUB0]
02-20 20:19:14.615  1921  1921 D RILJ    : [3665]> VOICE_REGISTRATION_STATE [SUB0]
02-20 20:19:14.615  1921  1921 D RILJ    : [3666]> QUERY_NETWORK_SELECTION_MODE [SUB0]
02-20 20:19:14.615  1921  1921 D SST     : NITZ: 18/02/20:20:19:07+0:0:Unknown!Unknown,4078 start=11615 delay=7537
02-20 20:19:14.615  1921  1921 D SST     : NITZ: tzOffset=0 dst=0 zone=GMT iso= mGotCountryCode=false mNeedFixZoneAfterNitz=false
02-20 20:19:14.616  1921  1921 D SST     : setAndBroadcastNetworkSetTimeZone: setTimeZone=GMT
02-20 20:19:14.616  1661  2025 D AlarmManagerService: Kernel timezone updated to 0 minutes west of GMT
02-20 20:19:14.617  1374  1484 D RIL     : setRadioState(10)
02-20 20:19:14.617  1374  1484 D RIL     : onRequest: OPERATOR
02-20 20:19:14.617  1374  1484 D AT      : AT> AT+COPS=3,0;+COPS?;+COPS=3,1;+COPS?;+COPS=3,2;+COPS?
02-20 20:19:14.617  1374  1486 D AT      : AT< +COPS: 0,0,"Android"
02-20 20:19:14.617  1374  1486 D AT      : AT< +COPS: 0,1,"Android"
02-20 20:19:14.617  1374  1486 D AT      : AT< +COPS: 0,2,"310260"
02-20 20:19:14.617  1374  1486 D AT      : AT< OK
02-20 20:19:14.617  1374  1484 D RIL     : onRequest: DATA_REGISTRATION_STATE
02-20 20:19:14.617  1374  1484 D RIL     : requestRegistrationState
02-20 20:19:14.617  1374  1484 D AT      : AT> AT+CGREG?
02-20 20:19:14.617  1921  2004 D RILJ    : [UNSL]< UNSOL_RESPONSE_RADIO_STATE_CHANGED RADIO_ON [SUB0]
02-20 20:19:14.617  1921  2004 D RILJ    : [UNSL]< UNSOL_RESPONSE_SIM_STATUS_CHANGED [SUB0]
02-20 20:19:14.618  1921  2004 D RILJ    : [3662]< RADIO_POWER  [SUB0]
02-20 20:19:14.618  1921  2004 D RILJ    : [3663]< OPERATOR {Android, Android, 310260} [SUB0]
02-20 20:19:14.618  1374  1486 D AT      : AT< +CGREG: 1,1,"0003","005b","000e"
02-20 20:19:14.618  1374  1486 D AT      : AT< OK
02-20 20:19:14.618  1374  1484 D RIL     : parseRegistrationState. Parsing: +CGREG: 1,1,"0003","005b","000e"
02-20 20:19:14.618  1374  1484 D RIL     : registration state type: 3GPP
02-20 20:19:14.619  1374  1484 D RIL     : onRequest: VOICE_REGISTRATION_STATE
02-20 20:19:14.619  1374  1484 D RIL     : requestRegistrationState
02-20 20:19:14.619  1374  1484 D AT      : AT> AT+CREG?
02-20 20:19:14.619  1374  1486 D AT      : AT< +CREG: 2,1, "0003", "005b"
02-20 20:19:14.619  1374  1486 D AT      : AT< OK
02-20 20:19:14.619  1921  2004 D RILJ    : [3664]< DATA_REGISTRATION_STATE {1, 3, 5b, 14, null, null} [SUB0]
02-20 20:19:14.619  1921  1921 D SST     : setAndBroadcastNetworkSetTimeZone: call alarm.setTimeZone and broadcast zoneId=GMT
02-20 20:19:14.619  1374  1484 D RIL     : parseRegistrationState. Parsing: +CREG: 2,1, "0003", "005b"
02-20 20:19:14.619  1374  1484 D RIL     : registration state type: 3GPP
02-20 20:19:14.619  1374  1484 D RIL     : onRequest: QUERY_NETWORK_SELECTION_MODE
02-20 20:19:14.619  1374  1484 D AT      : AT> AT+COPS?
02-20 20:19:14.619  1374  1486 D AT      : AT< +COPS: 0,2,310260
02-20 20:19:14.619  1374  1486 D AT      : AT< OK
02-20 20:19:14.619  1921  2004 D RILJ    : [3665]< VOICE_REGISTRATION_STATE {1, 3, 5b, 0, null, null, null, null, null, null, null, null, null, null, null} [SUB0]
02-20 20:19:14.619  1921  2004 D RILJ    : [3666]< QUERY_NETWORK_SELECTION_MODE {0} [SUB0]
02-20 20:19:14.620  1921  1921 D SST     : NITZ: Setting time of day to Tue Feb 20 20:19:14 GMT+00:00 2018 NITZ receive delay(ms): 7542 gained(ms): -78 from 18/02/20:20:19:07+0:0:Unknown!Unknown
02-20 20:19:14.620  1921  1921 D SST     : setAndBroadcastNetworkSetTime: time=1519157954542ms
02-20 20:19:14.620  1661  1688 D AlarmManagerService: Setting time of day to sec=1519157954
02-20 20:19:14.542  1661  1688 W AlarmManagerService: Unable to set rtc to 1519157954: No such device
02-20 20:19:14.543  1661  1661 D ConditionProviders.SCP: onReceive android.intent.action.TIME_SET
02-20 20:19:14.543  1661  1661 D ConditionProviders.SCP: notifyCondition condition://android/schedule?days=6.7&start=23.30&end=10.0&exitAtAlarm=false STATE_FALSE reason=!meetsSchedule
02-20 20:19:14.543  1661  1661 D ConditionProviders.SCP: notifyCondition condition://android/schedule?days=1.2.3.4.5&start=22.0&end=7.0&exitAtAlarm=false STATE_FALSE reason=!meetsSchedule
02-20 20:19:14.543  1661  1661 D ConditionProviders.SCP: Scheduling evaluate for Tue Feb 20 22:00:00 GMT+00:00 2018 (1519164000000), in +1h40m45s457ms, now=Tue Feb 20 20:19:14 GMT+00:00 2018 (1519157954543)
02-20 20:19:14.545  1661  1746 E ActivityThread: Failed to find provider info for com.android.calendar
02-20 20:19:14.546  1661  1746 E ActivityThread: Failed to find provider info for com.android.calendar
02-20 20:19:14.561  1921  1921 I SST     : NITZ: after Setting time of day
02-20 20:19:14.562  1921  1921 D SST     : NITZ: end=11640 dur=25
02-20 20:19:14.562  1921  1921 D SST     : onSignalStrengthResult() Exception from RIL : com.android.internal.telephony.CommandException: RADIO_NOT_AVAILABLE
02-20 20:19:14.562  1921  1921 D SST     : mDeviceShuttingDown=false, mDesiredPowerState=true, getRadioState=RADIO_ON, mPowerOffDelayNeed=true, mAlarmSwitch=false, mRadioDisabledByCarrier=false
02-20 20:19:14.562  1921  1921 D RILJ    : [3667]> OPERATOR [SUB0]
02-20 20:19:14.563  1921  1921 D RILJ    : [3668]> DATA_REGISTRATION_STATE [SUB0]
02-20 20:19:14.563  1374  1484 D RIL     : onRequest: OPERATOR
02-20 20:19:14.563  1374  1484 D AT      : AT> AT+COPS=3,0;+COPS?;+COPS=3,1;+COPS?;+COPS=3,2;+COPS?
02-20 20:19:14.563  1374  1486 D AT      : AT< +COPS: 0,0,"Android"
02-20 20:19:14.563  1374  1486 D AT      : AT< +COPS: 0,1,"Android"
02-20 20:19:14.563  1374  1486 D AT      : AT< +COPS: 0,2,"310260"
02-20 20:19:14.563  1374  1486 D AT      : AT< OK
02-20 20:19:14.563  1921  2004 D RILJ    : [3667]< OPERATOR {Android, Android, 310260} [SUB0]
02-20 20:19:14.564  1921  1921 D RILJ    : [3669]> VOICE_REGISTRATION_STATE [SUB0]
02-20 20:19:14.564  1374  1484 D RIL     : onRequest: DATA_REGISTRATION_STATE
02-20 20:19:14.564  1374  1484 D RIL     : requestRegistrationState
02-20 20:19:14.564  1374  1484 D AT      : AT> AT+CGREG?
02-20 20:19:14.564  1374  1486 D AT      : AT< +CGREG: 1,1,"0003","005b","000e"
02-20 20:19:14.564  1374  1486 D AT      : AT< OK
02-20 20:19:14.564  1374  1484 D RIL     : parseRegistrationState. Parsing: +CGREG: 1,1,"0003","005b","000e"
02-20 20:19:14.564  1374  1484 D RIL     : registration state type: 3GPP
02-20 20:19:14.564  1921  1921 D RILJ    : [3670]> QUERY_NETWORK_SELECTION_MODE [SUB0]
02-20 20:19:14.564  1374  1484 D RIL     : onRequest: VOICE_REGISTRATION_STATE
02-20 20:19:14.564  1374  1484 D RIL     : requestRegistrationState
02-20 20:19:14.564  1374  1484 D AT      : AT> AT+CREG?
02-20 20:19:14.564  1374  1486 D AT      : AT< +CREG: 2,1, "0003", "005b"
02-20 20:19:14.564  1374  1486 D AT      : AT< OK
02-20 20:19:14.564  1374  1484 D RIL     : parseRegistrationState. Parsing: +CREG: 2,1, "0003", "005b"
02-20 20:19:14.564  1374  1484 D RIL     : registration state type: 3GPP
02-20 20:19:14.564  1921  1921 D DCT     : [0]NETWORK_STATE_CHANGED_ACTION: mIsWifiConnected=false
02-20 20:19:14.564  1921  1921 D DCT     : [0]Wifi state changed
02-20 20:19:14.564  1921  1921 D DCT     : [0]WIFI_STATE_CHANGED_ACTION: enabled=true mIsWifiConnected=false
02-20 20:19:14.564  1921  1921 D DCT     : [0]onRadioAvailable
02-20 20:19:14.564  1921  1921 D DCT     : [0]onRadioOffOrNotAvailable: is off and clean up all connections
02-20 20:19:14.564  1921  1921 D DCT     : [0]cleanUpAllConnections: tearDown=false reason=radioTurnedOff
02-20 20:19:14.564  1921  1921 D GsmCdmaPhone: [GsmCdmaPhone] getDataConnectionState apnType=default ret=DISCONNECTED
02-20 20:19:14.564  1921  2004 D RILJ    : [3668]< DATA_REGISTRATION_STATE {1, 3, 5b, 14, null, null} [SUB0]
02-20 20:19:14.564  1921  2004 D RILJ    : [3669]< VOICE_REGISTRATION_STATE {1, 3, 5b, 0, null, null, null, null, null, null, null, null, null, null, null} [SUB0]
02-20 20:19:14.565  1374  1484 D RIL     : onRequest: QUERY_NETWORK_SELECTION_MODE
02-20 20:19:14.565  1374  1484 D AT      : AT> AT+COPS?
02-20 20:19:14.565  1374  1486 D AT      : AT< +COPS: 0,2,310260
02-20 20:19:14.565  1374  1486 D AT      : AT< OK
02-20 20:19:14.565  1921  2004 D RILJ    : [3670]< QUERY_NETWORK_SELECTION_MODE {0} [SUB0]
02-20 20:19:14.566  1921  1921 D DCT     : [0]cleanUpConnection: X tearDown=false reason=radioTurnedOff apnContext={mApnType=default mState=IDLE mWaitingApns={null} mApnSetting={null} mReason=radioTurnedOff mDataEnabled=false mDependencyMet=true} dcac=null
02-20 20:19:14.567  1921  1921 D GsmCdmaPhone: [GsmCdmaPhone] getDataConnectionState apnType=mms ret=DISCONNECTED
02-20 20:19:14.568  1921  1921 D DCT     : [0]cleanUpConnection: X tearDown=false reason=radioTurnedOff apnContext={mApnType=mms mState=IDLE mWaitingApns={null} mApnSetting={null} mReason=radioTurnedOff mDataEnabled=false mDependencyMet=true} dcac=null
02-20 20:19:14.568  1921  1921 D GsmCdmaPhone: [GsmCdmaPhone] getDataConnectionState apnType=cbs ret=DISCONNECTED
02-20 20:19:14.569  1921  1921 D DCT     : [0]cleanUpConnection: X tearDown=false reason=radioTurnedOff apnContext={mApnType=cbs mState=IDLE mWaitingApns={null} mApnSetting={null} mReason=radioTurnedOff mDataEnabled=false mDependencyMet=true} dcac=null
02-20 20:19:14.569  1921  1921 D GsmCdmaPhone: [GsmCdmaPhone] getDataConnectionState apnType=fota ret=DISCONNECTED
02-20 20:19:14.569  1921  1921 D DCT     : [0]cleanUpConnection: X tearDown=false reason=radioTurnedOff apnContext={mApnType=fota mState=IDLE mWaitingApns={null} mApnSetting={null} mReason=radioTurnedOff mDataEnabled=false mDependencyMet=true} dcac=null
02-20 20:19:14.569  1921  1921 D GsmCdmaPhone: [GsmCdmaPhone] getDataConnectionState apnType=supl ret=DISCONNECTED
02-20 20:19:14.570  1921  1921 D DCT     : [0]cleanUpConnection: X tearDown=false reason=radioTurnedOff apnContext={mApnType=supl mState=IDLE mWaitingApns={null} mApnSetting={null} mReason=radioTurnedOff mDataEnabled=false mDependencyMet=true} dcac=null
02-20 20:19:14.570  1921  1921 D GsmCdmaPhone: [GsmCdmaPhone] getDataConnectionState apnType=ia ret=DISCONNECTED
02-20 20:19:14.570  1921  1921 D DCT     : [0]cleanUpConnection: X tearDown=false reason=radioTurnedOff apnContext={mApnType=ia mState=IDLE mWaitingApns={null} mApnSetting={null} mReason=radioTurnedOff mDataEnabled=false mDependencyMet=true} dcac=null
02-20 20:19:14.570  1921  1921 D GsmCdmaPhone: [GsmCdmaPhone] getDataConnectionState apnType=emergency ret=DISCONNECTED
02-20 20:19:14.572  1921  1921 D DCT     : [0]cleanUpConnection: X tearDown=false reason=radioTurnedOff apnContext={mApnType=emergency mState=IDLE mWaitingApns={null} mApnSetting={null} mReason=radioTurnedOff mDataEnabled=false mDependencyMet=true} dcac=null
02-20 20:19:14.573  1921  1921 D GsmCdmaPhone: [GsmCdmaPhone] getDataConnectionState apnType=hipri ret=DISCONNECTED
02-20 20:19:14.573  1921  1921 D DCT     : [0]cleanUpConnection: X tearDown=false reason=radioTurnedOff apnContext={mApnType=hipri mState=IDLE mWaitingApns={null} mApnSetting={null} mReason=radioTurnedOff mDataEnabled=false mDependencyMet=true} dcac=null
02-20 20:19:14.573  1921  1921 D GsmCdmaPhone: [GsmCdmaPhone] getDataConnectionState apnType=ims ret=DISCONNECTED
02-20 20:19:14.574  1921  1921 D DCT     : [0]cleanUpConnection: X tearDown=false reason=radioTurnedOff apnContext={mApnType=ims mState=IDLE mWaitingApns={null} mApnSetting={null} mReason=radioTurnedOff mDataEnabled=false mDependencyMet=true} dcac=null
02-20 20:19:14.574  1921  1921 D DCT     : [0]stopNetStatPoll
02-20 20:19:14.574  1921  1921 D DCT     : [0]cleanUpConnection: mDisconnectPendingCount = 0
02-20 20:19:14.574  1921  1921 D DCT     : [0]isDataAllowed: No - SIM not loaded - Not attached
02-20 20:19:14.587  1921  1921 D DCT     : [0]onDataConnectionDetached: stop polling and notify detached
02-20 20:19:14.587  1921  1921 D DCT     : [0]stopNetStatPoll
02-20 20:19:14.587  1921  1921 D DCT     : [0]notifyDataConnection: reason=dataDetached
02-20 20:19:14.587  1921  1921 D DCT     : [0]isDataAllowed: No - SIM not loaded - Not attached
02-20 20:19:14.604  1921  1921 D DCT     : [0]onRoamingOff
02-20 20:19:14.604  1921  1921 D DCT     : [0]isDataAllowed: No - SIM not loaded - Not attached
02-20 20:19:14.611  1921  1921 D DCT     : [0]setupDataOnConnectableApns: roamingOff hipri:[state=IDLE,enabled=false] mms:[state=IDLE,enabled=false] supl:[state=IDLE,enabled=false] ia:[state=IDLE,enabled=false] fota:[state=IDLE,enabled=false] ims:[state=IDLE,enabled=false] cbs:[state=IDLE,enabled=false] default:[state=IDLE,enabled=false] emergency:[state=IDLE,enabled=false] 
02-20 20:19:14.611  1921  1921 D DCT     : [0]setupDataOnConnectableApns: nwTypeChanged hipri:[state=IDLE,enabled=false] mms:[state=IDLE,enabled=false] supl:[state=IDLE,enabled=false] ia:[state=IDLE,enabled=false] fota:[state=IDLE,enabled=false] ims:[state=IDLE,enabled=false] cbs:[state=IDLE,enabled=false] default:[state=IDLE,enabled=false] emergency:[state=IDLE,enabled=false] 
02-20 20:19:14.611  1921  1921 D SubscriptionInfoUpdater: [Receiver]+
02-20 20:19:14.611  1921  1921 D SubscriptionInfoUpdater: Action: android.intent.action.SIM_STATE_CHANGED
02-20 20:19:14.611  1921  1921 D SubscriptionInfoUpdater: slotId: 0
02-20 20:19:14.611  1921  1921 D SubscriptionInfoUpdater: simStatus: NOT_READY
02-20 20:19:14.611  1921  1921 D SubscriptionInfoUpdater: Ignoring simStatus: NOT_READY
02-20 20:19:14.611  1921  1921 D SubscriptionInfoUpdater: [Receiver]-
02-20 20:19:14.611  1921  1921 D PhoneSwitcherNetworkRequstListener: got request NetworkRequest [ REQUEST id=1, [ Capabilities: INTERNET&NOT_RESTRICTED&TRUSTED&NOT_VPN] ] with score 0
02-20 20:19:14.611  1921  1921 D TelephonyNetworkFactory[0]: onSubIdChange -1->-2
02-20 20:19:14.612  1921  1921 D TelephonyNetworkFactory[0]: got request NetworkRequest [ REQUEST id=1, [ Capabilities: INTERNET&NOT_RESTRICTED&TRUSTED&NOT_VPN] ] with score 0
02-20 20:19:14.613  1921  1921 D DebugService: DebugService DebugService:
02-20 20:19:14.613  1921  1921 D TelephonyDebugService: TelephonyDebugService()
02-20 20:19:14.614  1921  1921 D CarrierConfigLoader: mHandler: 12 phoneId: 0
02-20 20:19:14.614  1921  1921 D RILJ    : [3671]> RIL_REQUEST_QUERY_TTY_MODE [SUB0]
02-20 20:19:14.614  1921  1921 D UiccController: Received EVENT_GET_ICC_STATUS_DONE
02-20 20:19:14.614  1921  1921 D UiccCard: 2 applications
02-20 20:19:14.614  1374  1484 D RIL     : onRequest: QUERY_TTY_MODE
02-20 20:19:14.614  1921  1921 D UiccCardApplication: Creating UiccApp: {APPTYPE_SIM,APPSTATE_DETECTED}
02-20 20:19:14.614  1374  1484 D RIL     : Request not supported. Tech: 1
02-20 20:19:14.615  1921  2004 D RilRequest: [3671]< RIL_REQUEST_QUERY_TTY_MODE error: com.android.internal.telephony.CommandException: REQUEST_NOT_SUPPORTED ret=
02-20 20:19:14.616  1921  1921 W VoiceMailConstants: Can't open /system/etc/voicemail-conf.xml
02-20 20:19:14.616  1921  1921 D SpnOverride: No SPN in OEM image = /oem/telephony/spn-conf.xml Load SPN from system image
02-20 20:19:14.620  1921  1921 W SpnOverride: Can not open /system/etc/spn-conf.xml
02-20 20:19:14.620  1921  1921 D SIMRecords: [SIMRecords] setting0 mMncLength-1
02-20 20:19:14.620  1921  1921 D SIMRecords: [SIMRecords] SIMRecords: onRadioOffOrNotAvailable set 'gsm.sim.operator.numeric' to operator=null
02-20 20:19:14.620  1921  1921 D SIMRecords: [SIMRecords] update icc_operator_numeric=null
02-20 20:19:14.620  1921  1921 D TelephonyManager: setTelephonyProperty: success phoneId=0 property=gsm.sim.operator.numeric value:  propVal=
02-20 20:19:14.621  1921  1921 D TelephonyManager: setTelephonyProperty: success phoneId=0 property=gsm.sim.operator.alpha value:  propVal=
02-20 20:19:14.621  1921  1921 D TelephonyManager: setTelephonyProperty: success phoneId=0 property=gsm.sim.operator.iso-country value:  propVal=
02-20 20:19:14.623  1921  1921 D SIMRecords: [SIMRecords] getOperatorNumeric: IMSI == null
02-20 20:19:14.623  1921  1921 D SIMRecords: [SIMRecords] SIMRecords X ctor this=SimRecords: mDestroyed=false mContext=com.android.phone.PhoneGlobals@b380fea mCi=com.android.internal.telephony.RIL@8a9442c mFh=Handler (com.android.internal.telephony.uicc.SIMFileHandler) {4b442db} mParentApp=com.android.internal.telephony.uicc.UiccCardApplication@d816178 recordsLoadedRegistrants=android.os.RegistrantList@6994051 mImsiReadyRegistrants=android.os.RegistrantList@7f40b6 mRecordsEventsRegistrants=android.os.RegistrantList@eaa31b7 mNewSmsRegistrants=android.os.RegistrantList@4271d24 mNetworkSelectionModeAutomaticRegistrants=android.os.RegistrantList@d60908d recordsToLoad=0 adnCache=Handler (com.android.internal.telephony.uicc.AdnRecordCache) {836b242} recordsRequested=false iccid=null msisdnTag=null voiceMailNum=null voiceMailTag=null voiceMailNum=null newVoiceMailTag=null isVoiceMailFixed=false mImsi=null mncLength=-1 mailboxIndex=0 spn=null mVmConfigcom.android.internal.telephony.uicc.VoiceMailConstants@aa63253 mSpnOverride=mSpnOverride callForwardingEnabled=0 spnState=null mCphsInfo=null mCspPlmnEnabled=true efMWIS=null efCPHS_MWI=null mEfCff=null mEfCfis=null getOperatorNumeric=null
02-20 20:19:14.624  1921  1921 D UiccCardApplication: Creating UiccApp: {APPTYPE_RUIM,APPSTATE_DETECTED}
02-20 20:19:14.624  1921  1921 D RuimRecords: [RuimRecords] setting0 mMncLength-1
02-20 20:19:14.624  1921  1921 D RuimRecords: [RuimRecords] RuimRecords X ctor this=RuimRecords: mDestroyed=false mContext=com.android.phone.PhoneGlobals@b380fea mCi=com.android.internal.telephony.RIL@8a9442c mFh=Handler (com.android.internal.telephony.uicc.RuimFileHandler) {ad2a889} mParentApp=com.android.internal.telephony.uicc.UiccCardApplication@e01b08e recordsLoadedRegistrants=android.os.RegistrantList@657a0af mImsiReadyRegistrants=android.os.RegistrantList@c9eecbc mRecordsEventsRegistrants=android.os.RegistrantList@1344445 mNewSmsRegistrants=android.os.RegistrantList@26c479a mNetworkSelectionModeAutomaticRegistrants=android.os.RegistrantList@10798cb recordsToLoad=0 adnCache=Handler (com.android.internal.telephony.uicc.AdnRecordCache) {8cc18a8} recordsRequested=false iccid=null msisdnTag=null voiceMailNum=null voiceMailTag=null voiceMailNum=null newVoiceMailTag=null isVoiceMailFixed=false mImsi=null mncLength=-1 mailboxIndex=0 spn=null m_ota_commitedfalse mMyMobileNumber=xxxx mMin2Min1=null mPrlVersion=null mEFpl=null mEFli=null mCsimSpnDisplayCondition=false mMdn=null mMin=null mHomeSystemId=null mHomeNetworkId=null
02-20 20:19:14.625  1762  1762 I OpaLayout: Setting opa enabled to false
02-20 20:19:14.627  1762  1762 I OpaLayout: Setting opa enabled to false
02-20 20:19:14.628  1921  1921 D CAT     : CatService: registerForRecordsLoaded slotid=0 instance:Handler (com.android.internal.telephony.cat.CatService) {6e3b6fd}
02-20 20:19:14.629  1921  1921 D CAT     : CatService: Running CAT service on Slotid: 0. STK app installed:false
02-20 20:19:14.629  1921  1921 D UiccCard: Before privilege rules: null : CARDSTATE_PRESENT
02-20 20:19:14.630  1921  1921 D RILJ    : [3672]> RIL_REQUEST_SIM_OPEN_CHANNEL [SUB0]
02-20 20:19:14.630  1921  1921 E UiccCard: App index 8 is invalid since there are no applications
02-20 20:19:14.630  1921  1921 D UiccCard: update: radioState=RADIO_ON mLastRadioState=RADIO_UNAVAILABLE
02-20 20:19:14.630  1921  1921 D UiccController: Notifying IccChangedRegistrants
02-20 20:19:14.631  1374  1484 D RIL     : onRequest: SIM_OPEN_CHANNEL
02-20 20:19:14.631  1374  1484 D AT      : AT> AT+CCHO=A00000015141434C00
02-20 20:19:14.631  1374  1486 D AT      : AT< 1
02-20 20:19:14.631  1374  1486 D AT      : AT< OK
02-20 20:19:14.631  1921  2004 D RILJ    : [3672]< RIL_REQUEST_SIM_OPEN_CHANNEL  [SUB0]
02-20 20:19:14.632  1921  1921 D GsmCdmaPhone: get phone radio capability fail, no need to change mRadioCapability
02-20 20:19:14.632  1921  1921 D GsmCdmaPhone: EVENT_GET_RADIO_CAPABILITY: phone rc: null
02-20 20:19:14.632  1921  1921 D Phone   : config LCE service failed: com.android.internal.telephony.CommandException: RADIO_NOT_AVAILABLE
02-20 20:19:14.632  1921  1921 D SST     : mDeviceShuttingDown=false, mDesiredPowerState=true, getRadioState=RADIO_ON, mPowerOffDelayNeed=true, mAlarmSwitch=false, mRadioDisabledByCarrier=false
02-20 20:19:14.632  1921  1921 D RILJ    : [3673]> OPERATOR [SUB0]
02-20 20:19:14.633  1374  1484 D RIL     : onRequest: OPERATOR
02-20 20:19:14.633  1374  1484 D AT      : AT> AT+COPS=3,0;+COPS?;+COPS=3,1;+COPS?;+COPS=3,2;+COPS?
02-20 20:19:14.633  1921  1921 D RILJ    : [3674]> DATA_REGISTRATION_STATE [SUB0]
02-20 20:19:14.633  1374  1486 D AT      : AT< +COPS: 0,0,"Android"
02-20 20:19:14.633  1374  1486 D AT      : AT< +COPS: 0,1,"Android"
02-20 20:19:14.633  1374  1486 D AT      : AT< +COPS: 0,2,"310260"
02-20 20:19:14.633  1374  1486 D AT      : AT< OK
02-20 20:19:14.633  1921  2004 D RILJ    : [3673]< OPERATOR {Android, Android, 310260} [SUB0]
02-20 20:19:14.633  1374  1484 D RIL     : onRequest: DATA_REGISTRATION_STATE
02-20 20:19:14.633  1374  1484 D RIL     : requestRegistrationState
02-20 20:19:14.633  1374  1484 D AT      : AT> AT+CGREG?
02-20 20:19:14.633  1921  1921 D RILJ    : [3675]> VOICE_REGISTRATION_STATE [SUB0]
02-20 20:19:14.633  1374  1486 D AT      : AT< +CGREG: 1,1,"0003","005b","000e"
02-20 20:19:14.633  1374  1486 D AT      : AT< OK
02-20 20:19:14.633  1374  1484 D RIL     : parseRegistrationState. Parsing: +CGREG: 1,1,"0003","005b","000e"
02-20 20:19:14.633  1374  1484 D RIL     : registration state type: 3GPP
02-20 20:19:14.634  1921  2004 D RILJ    : [3674]< DATA_REGISTRATION_STATE {1, 3, 5b, 14, null, null} [SUB0]
02-20 20:19:14.634  1374  1484 D RIL     : onRequest: VOICE_REGISTRATION_STATE
02-20 20:19:14.634  1374  1484 D RIL     : requestRegistrationState
02-20 20:19:14.634  1374  1484 D AT      : AT> AT+CREG?
02-20 20:19:14.634  1921  1921 D RILJ    : [3676]> QUERY_NETWORK_SELECTION_MODE [SUB0]
02-20 20:19:14.634  1374  1486 D AT      : AT< +CREG: 2,1, "0003", "005b"
02-20 20:19:14.634  1374  1486 D AT      : AT< OK
02-20 20:19:14.634  1374  1484 D RIL     : parseRegistrationState. Parsing: +CREG: 2,1, "0003", "005b"
02-20 20:19:14.634  1374  1484 D RIL     : registration state type: 3GPP
02-20 20:19:14.637  1921  2004 D RILJ    : [3675]< VOICE_REGISTRATION_STATE {1, 3, 5b, 0, null, null, null, null, null, null, null, null, null, null, null} [SUB0]
02-20 20:19:14.638  1374  1484 D RIL     : onRequest: QUERY_NETWORK_SELECTION_MODE
02-20 20:19:14.638  1374  1484 D AT      : AT> AT+COPS?
02-20 20:19:14.638  1921  1921 D RILJ    : [3677]> GET_CURRENT_CALLS [SUB0]
02-20 20:19:14.639  1921  1921 D RILJ    : [3678]> RIL_REQUEST_IMS_REGISTRATION_STATE [SUB0]
02-20 20:19:14.639  1921  1921 D RILJ    : [3679]> RIL_REQUEST_CDMA_GET_SUBSCRIPTION_SOURCE [SUB0]
02-20 20:19:14.639  1921  1921 D GsmCdmaPhone: [GsmCdmaPhone] Event EVENT_RADIO_ON Received
02-20 20:19:14.639  1921  1921 D RILJ    : [3680]> RIL_REQUEST_VOICE_RADIO_TECH [SUB0]
02-20 20:19:14.639  1921  1921 D UiccController: Received EVENT_ICC_STATUS_CHANGED, calling getIccCardStatus
02-20 20:19:14.639  1921  1921 D RILJ    : [3681]> GET_SIM_STATUS [SUB0]
02-20 20:19:14.639  1374  1486 D AT      : AT< +COPS: 0,2,310260
02-20 20:19:14.639  1374  1486 D AT      : AT< OK
02-20 20:19:14.643  1374  1484 D RIL     : onRequest: GET_CURRENT_CALLS
02-20 20:19:14.643  1374  1484 D AT      : AT> AT+CLCC
02-20 20:19:14.643  1921  2004 D RILJ    : [3676]< QUERY_NETWORK_SELECTION_MODE {0} [SUB0]
02-20 20:19:14.643  1374  1486 D AT      : AT< OK
02-20 20:19:14.643  1374  1484 D RIL     : onRequest: IMS_REGISTRATION_STATE
02-20 20:19:14.643  1374  1484 D RIL     : IMS_REGISTRATION=0, format=1 
02-20 20:19:14.643  1374  1484 D RIL     : onRequest: CDMA_GET_SUBSCRIPTION_SOURCE
02-20 20:19:14.643  1374  1484 D RIL     : Request not supported. Tech: 1
02-20 20:19:14.643  1374  1484 D RIL     : onRequest: VOICE_RADIO_TECH
02-20 20:19:14.643  1921  2004 D RILJ    : [3677]< GET_CURRENT_CALLS {} [SUB0]
02-20 20:19:14.644  1921  2004 D RILJ    : [3678]< RIL_REQUEST_IMS_REGISTRATION_STATE {0, 1} [SUB0]
02-20 20:19:14.644  1921  2004 D RilRequest: [3679]< RIL_REQUEST_CDMA_GET_SUBSCRIPTION_SOURCE error: com.android.internal.telephony.CommandException: REQUEST_NOT_SUPPORTED ret=
02-20 20:19:14.644  1921  2004 D RILJ    : [3680]< RIL_REQUEST_VOICE_RADIO_TECH {11} [SUB0]
02-20 20:19:14.644  1374  1484 D RIL     : onRequest: GET_SIM_STATUS
02-20 20:19:14.644  1374  1484 D RIL     : getSIMStatus(). sState: 10
02-20 20:19:14.644  1374  1484 D AT      : AT> AT+CPIN?
02-20 20:19:14.644  1921  1921 D SST     : EVENT_POLL_STATE_NETWORK_SELECTION_MODE
02-20 20:19:14.644  1374  1486 D AT      : AT< +CPIN: READY
02-20 20:19:14.644  1374  1486 D AT      : AT< OK
02-20 20:19:14.644  1921  2004 D RILJ    : [3681]< GET_SIM_STATUS IccCardState {CARDSTATE_PRESENT,PINSTATE_UNKNOWN,num_apps=2,gsm_id=0{APPTYPE_SIM,APPSTATE_READY},cdma_id=1{APPTYPE_RUIM,APPSTATE_READY},ims_id=8} [SUB0]
02-20 20:19:14.646  1762  1762 W System  : ClassLoader referenced unknown path: 
02-20 20:19:14.646  1762  1762 W System  : ClassLoader referenced unknown path: /system/priv-app/Dialer/lib/x86_64
02-20 20:19:14.646  1762  1762 D ApplicationLoaders: ignored Vulkan layer search path /system/priv-app/Dialer/lib/x86_64:/system/lib64:/vendor/lib64 for namespace 0x7595f13cb0f0
02-20 20:19:14.649  1921  1921 D SST     : EVENT_POLL_STATE_NETWORK_SELECTION_MODE
02-20 20:19:14.652  1921  1921 D PhoneSwitcher: evaluating due to netRequest default 0->1 phone[0] 0->-2
02-20 20:19:14.652  1921  1921 D TelephonyNetworkFactory[0]: not acting - isApp=false, isAct=false NetworkRequest [ REQUEST id=1, [ Capabilities: INTERNET&NOT_RESTRICTED&TRUSTED&NOT_VPN] ]
02-20 20:19:14.652  1921  1921 D CAT     : CatService: handleMessage[8]
02-20 20:19:14.652  1921  1921 D CAT     : CatService: MSG_ID_ICC_CHANGED
02-20 20:19:14.652  1921  1921 D CAT     : CatService: New Card State = CARDSTATE_PRESENT Old Card State = CARDSTATE_ABSENT
02-20 20:19:14.652  1921  1921 D RILJ    : [3682]> RIL_REQUEST_REPORT_STK_SERVICE_IS_RUNNING [SUB0]
02-20 20:19:14.653  1921  1921 D GsmCdmaPhone: [GsmCdmaPhone] New Uicc application found. type = APPTYPE_SIM
02-20 20:19:14.653  1921  1921 D GsmSMSDispatcher: GsmSMSDispatcher: subId = -2 slotId = 0
02-20 20:19:14.653  1921  1921 D GsmSMSDispatcher: New Uicc application found
02-20 20:19:14.653  1921  1921 D IccCardProxy: Icc changed. Reregestering.
02-20 20:19:14.653  1921  1921 D SST     : New card found
02-20 20:19:14.654  1921  1921 D CAT     : CatService: handleMessage[8]
02-20 20:19:14.654  1921  1921 D CAT     : CatService: MSG_ID_ICC_CHANGED
02-20 20:19:14.654  1921  1921 D CAT     : CatService: New Card State = CARDSTATE_PRESENT Old Card State = CARDSTATE_PRESENT
02-20 20:19:14.654  1921  1921 E SST     : error parsing GprsRegistrationState: java.lang.NumberFormatException: null
02-20 20:19:14.654  1374  1484 D RIL     : onRequest: REPORT_STK_SERVICE_IS_RUNNING
02-20 20:19:14.654  1374  1484 D RIL     : Request not supported. Tech: 1
02-20 20:19:14.654  1921  2004 D RilRequest: [3682]< RIL_REQUEST_REPORT_STK_SERVICE_IS_RUNNING error: com.android.internal.telephony.CommandException: REQUEST_NOT_SUPPORTED ret=
02-20 20:19:14.655  1921  1921 D SST     : handlPollStateResultMessage: GsmSST setDataRegState=0 regState=1 dataRadioTechnology=14
02-20 20:19:14.655  1921  1921 D SST     : EVENT_POLL_STATE_NETWORK_SELECTION_MODE
02-20 20:19:14.656  1921  1921 D SST     : Poll ServiceState done:  oldSS=[1 1 voice home data home null null null null null null  Unknown Unknown CSS not supported 0 0 RoamInd=0 DefRoamInd=0 EmergOnly=false IsDataRoamingFromRegistration=false IsUsingCarrierAggregation=false] newSS=[0 0 voice home data home Android Android 310260 Android Android 310260  Unknown LTE CSS not supported -1 -1 RoamInd=-1 DefRoamInd=-1 EmergOnly=false IsDataRoamingFromRegistration=false IsUsingCarrierAggregation=false] oldMaxDataCalls=1 mNewMaxDataCalls=1 oldReasonDataDenied=-1 mNewReasonDataDenied=-1
02-20 20:19:14.656  1921  1921 I gsm_service_state_change: [1,1,0,0]
02-20 20:19:14.656  1921  1921 D TelephonyManager: setTelephonyProperty: success phoneId=0 property=gsm.network.type value: LTE propVal=LTE
02-20 20:19:14.666  1661  1787 I am_proc_start: [0,2061,10067,com.google.android.deskclock,broadcast,com.google.android.deskclock/com.android.deskclock.AlarmInitReceiver]
02-20 20:19:14.666  1661  1787 I ActivityManager: Start proc 2061:com.google.android.deskclock/u0a67 for broadcast com.google.android.deskclock/com.android.deskclock.AlarmInitReceiver
02-20 20:19:14.669  1921  1921 D SST     : pollStateDone: registering current mNitzUpdatedTime=true changing to false
02-20 20:19:14.669  1921  1921 D SIMRecords: [SIMRecords] getServiceProviderName: no brandOverride, providerName=null
02-20 20:19:14.669  1921  1921 D SIMRecords: [SIMRecords] getServiceProviderName: no brandOverride, providerName=null
02-20 20:19:14.670  1921  1921 D SST     : updateSpnDisplay: changed sending intent rule=2 showPlmn='true' plmn='Android' showSpn='false' spn='null' dataSpn='null' subId='-2'
02-20 20:19:14.671  1921  1921 D SubscriptionController: [setPlmnSpn] No valid subscription to store info
02-20 20:19:14.671  1921  1921 D SubscriptionController: notifySubscriptionInfoChanged:
02-20 20:19:14.671  1661  2025 D TelephonyRegistry: notifySubscriptionInfoChanged: first invocation mRecords.size=16
02-20 20:19:14.671  1661  1661 I GnssLocationProvider: WakeLock acquired by sendMessage(12, 0, null)
02-20 20:19:14.672  1921  1921 D TelephonyManager: setTelephonyProperty: success phoneId=0 property=gsm.operator.alpha value: Android propVal=Android
02-20 20:19:14.672  1921  1942 D SubscriptionController: [getActiveSubInfoList] Sub Controller not ready
02-20 20:19:14.672  1921  1921 D TelephonyManager: setTelephonyProperty: success phoneId=0 property=gsm.operator.numeric value: 310260 propVal=310260
02-20 20:19:14.672  1921  1921 D SST     : update mccmnc=310260 fromServiceState=true
02-20 20:19:14.672  1921  1921 D MccTable: updateMccMncConfiguration mccmnc='310260' fromServiceState=true
02-20 20:19:14.673  1921  1921 D SubscriptionController: [getPhoneId]- no sims, returning default phoneId=2147483647
02-20 20:19:14.673  1921  1921 D MccTable: updateMccMncConfiguration defaultMccMnc=
02-20 20:19:14.673  1921  1921 D MccTable: updateMccMncConfiguration: mcc=310, mnc=260
02-20 20:19:14.673  1921  1921 D MccTable: WIFI_COUNTRY_CODE set to us
02-20 20:19:14.683  1661  1788 I WifiService: WifiService trying to set country code to us with persist set to false
02-20 20:19:14.683  1661  1788 D WifiCountryCode: Succeeded to set country code to: US
02-20 20:19:14.683  1921  1921 D TelephonyManager: setTelephonyProperty: success phoneId=0 property=gsm.operator.iso-country value: us propVal=us
02-20 20:19:14.684  1762  1762 E BluetoothAdapter: Bluetooth binder is null
02-20 20:19:14.685  2061  2061 W art     : Unexpected CPU variant for X86 using defaults: x86_64
02-20 20:19:14.686  1921  1921 D SST     : pollStateDone: there are 6 unique offsets for iso-cc='us testOneUniqueOffsetPath=false', do nothing
02-20 20:19:14.687  1921  1921 D SST     : shouldFixTimeZoneNow: retVal=true iccCardExist=true operatorNumeric=310260 mcc=310 prevOperatorNumeric= prevMcc=311 needToFixTimeZone=false ltod=02-20 20:19:14.687
02-20 20:19:14.687  1921  1921 D SST     : fixTimeZone zoneName='GMT' mZoneOffset=0 mZoneDst=false iso-cc='us' iso-cc-idx=-21
02-20 20:19:14.687  1921  1921 D SST     : fixTimeZone: using default TimeZone
02-20 20:19:14.687  1921  1921 D SST     : fixTimeZone: zone != null zone.getID=GMT
02-20 20:19:14.687  1921  1921 D SST     : setAndBroadcastNetworkSetTimeZone: setTimeZone=GMT
02-20 20:19:14.687  1661  1688 D AlarmManagerService: Kernel timezone updated to 0 minutes west of GMT
02-20 20:19:14.689  1921  1921 D SST     : setAndBroadcastNetworkSetTimeZone: call alarm.setTimeZone and broadcast zoneId=GMT
02-20 20:19:14.689  1921  1921 D TelephonyManager: setTelephonyProperty: success phoneId=0 property=gsm.operator.isroaming value: false propVal=false
02-20 20:19:14.691  1921  1921 D SST     : Broadcasting ServiceState : 0 0 voice home data home Android Android 310260 Android Android 310260  Unknown LTE CSS not supported -1 -1 RoamInd=-1 DefRoamInd=-1 EmergOnly=false IsDataRoamingFromRegistration=false IsUsingCarrierAggregation=false
02-20 20:19:14.691  1921  1921 D DefaultPhoneNotifier: nofityServiceState: mRegistry=com.android.internal.telephony.ITelephonyRegistry$Stub$Proxy@9ef54c0 ss=0 0 voice home data home Android Android 310260 Android Android 310260  Unknown LTE CSS not supported -1 -1 RoamInd=-1 DefRoamInd=-1 EmergOnly=false IsDataRoamingFromRegistration=false IsUsingCarrierAggregation=false sender=Handler (com.android.internal.telephony.GsmCdmaPhone) {24b48eb} phondId=0 subId=-2
02-20 20:19:14.692  1921  1921 D SubscriptionController: [getSlotId]- subId invalid
02-20 20:19:14.692  1661  1688 D TelephonyManager: getSimState: default sim:-1, sim state for slotIdx=0 is 6, return state as unknown
02-20 20:19:14.692  1921  1921 D SST     : notifyDataRegStateRilRadioTechnologyChanged: drs=0 rat=14
02-20 20:19:14.692  1921  1921 D TelephonyManager: setTelephonyProperty: success phoneId=0 property=gsm.network.type value: LTE propVal=LTE
02-20 20:19:14.692  1921  1921 D DCT     : [0]get all active apn types
02-20 20:19:14.692  1921  1921 D SST     : getCellLocation(): X good mCellLoc=[3,91,-1]
02-20 20:19:14.693  1661  1787 D TelephonyRegistry: notifyCellLocationForSubscriber: subId=-2 cellLocation=Bundle[mParcelledData.dataSize=64]
02-20 20:19:14.693  1921  1921 D GsmCdmaCallTracker: Event EVENT_POLL_CALLS_RESULT Received
02-20 20:19:14.693  1921  1921 D GsmCdmaCallTracker: [GsmCdmaCallTracker] update phone state, old=IDLE new=IDLE
02-20 20:19:14.693  1921  1921 D RIL_ImsSms: IMS is NOT registered!
02-20 20:19:14.693  1921  1921 D CdmaSSM : CDMA_SUBSCRIPTION_SOURCE event = 2
02-20 20:19:14.693  1921  1921 W CdmaSSM : Unable to get CDMA Subscription Source, Exception: com.android.internal.telephony.CommandException: REQUEST_NOT_SUPPORTED, result: null
02-20 20:19:14.693  1921  1921 D GsmCdmaPhone: [GsmCdmaPhone] EVENT_REQUEST_VOICE_RADIO_TECH_DONE: newVoiceTech=11
02-20 20:19:14.693  1921  1921 D GsmCdmaPhone: [GsmCdmaPhone] phoneObjectUpdater: newVoiceRadioTech=11
02-20 20:19:14.693  1921  1921 D GsmCdmaPhone: [GsmCdmaPhone] phoneObjectUpdater: No change ignore, newVoiceRadioTech=11 mActivePhone=GSM
02-20 20:19:14.693  1921  1921 D UiccController: Received EVENT_GET_ICC_STATUS_DONE
02-20 20:19:14.693  1921  1921 D UiccCard: 2 applications
02-20 20:19:14.693  1921  1921 D UiccCardApplication: APPTYPE_SIM update. New {APPTYPE_SIM,APPSTATE_READY}
02-20 20:19:14.693  1921  1921 D UiccCardApplication: APPTYPE_SIM changed state: APPSTATE_DETECTED -> APPSTATE_READY
02-20 20:19:14.693  1921  1921 D RILJ    : [3683]> QUERY_FACILITY_LOCK [FD 7 null] [SUB0]
02-20 20:19:14.693  1374  1484 D RIL     : onRequest: QUERY_FACILITY_LOCK
02-20 20:19:14.693  1374  1484 D RIL     : Request not supported. Tech: 1
