02-20 20:20:28.075  1916  1916 D SubscriptionInfoUpdater: Ignoring simStatus: IMSI
02-20 20:20:28.075  1916  1916 D SubscriptionInfoUpdater: [Receiver]-
02-20 20:20:28.075  1916  1916 D SubscriptionInfoUpdater: [Receiver]+
02-20 20:20:28.075  1916  1916 D SubscriptionInfoUpdater: Action: android.intent.action.SIM_STATE_CHANGED
02-20 20:20:28.075  1916  1916 D SubscriptionInfoUpdater: slotId: 0
02-20 20:20:28.075  1916  1916 D SubscriptionInfoUpdater: simStatus: READY
02-20 20:20:28.075  1916  1916 D SubscriptionInfoUpdater: Ignoring simStatus: READY
02-20 20:20:28.075  1916  1916 D SubscriptionInfoUpdater: [Receiver]-
02-20 20:20:28.080  1916  1916 D SIMRecords: [SIMRecords] EF_MBI: 01000000
02-20 20:20:28.080  1916  1916 D SIMRecords: [SIMRecords] Got valid mailbox number for MBDN
02-20 20:20:28.080  1916  1916 D RILJ    : [3733]> iccIO: SIM_IO 0xc0 0x6fc7  path: 3F007F20,0,0,15 aid: null [SUB0]
02-20 20:20:28.080  1916  1916 D SIMRecords: [SIMRecords] onRecordLoaded 10 requested: true
02-20 20:20:28.080  1916  1916 D SIMRecords: [SIMRecords] EF_AD: 00000003
02-20 20:20:28.080  1916  1916 D SIMRecords: [SIMRecords] setting4 mMncLength=3
02-20 20:20:28.080  1916  1916 D SIMRecords: [SIMRecords] update mccmnc=310260
02-20 20:20:28.080  1916  1916 D MccTable: updateMccMncConfiguration mccmnc='310260' fromServiceState=false
02-20 20:20:28.080  1374  1484 D RIL     : onRequest: SIM_IO
02-20 20:20:28.080  1374  1484 D AT      : AT> AT+CRSM=192,28615,0,0,15
02-20 20:20:28.080  1374  1487 D AT      : AT< +CRSM: 144,0,000000406fc7040011a0aa01020120
02-20 20:20:28.080  1374  1487 D AT      : AT< OK
02-20 20:20:28.080  1916  1916 D SubscriptionController: [getPhoneId]- no sims, returning default phoneId=2147483647
02-20 20:20:28.080  1916  2001 D RILJ    : [3733]< SIM_IO IccIoResponse sw1:0x90 sw2:0x0 [SUB0]
02-20 20:20:28.081  1916  1916 D MccTable: updateMccMncConfiguration defaultMccMnc=
02-20 20:20:28.081  1916  1916 D MccTable: updateMccMncConfiguration: mcc=310, mnc=260
02-20 20:20:28.081  1916  1916 D MccTable: updateMccMncConfiguration updateConfig config={1.0 310mcc260mnc ?localeList ?layoutDir ?swdp ?wdp ?hdp ?density ?lsize ?long ?orien ?uimode ?night ?touch ?keyb/?/? ?nav/?}
02-20 20:20:28.082  2156  2156 W art     : Unexpected CPU variant for X86 using defaults: x86_64
02-20 20:20:28.093  1934  1991 D EGL_emulation: eglMakeCurrent: 0x7a40be7790c0: ver 3 0 (tinfo 0x7a40c8a9c920)
02-20 20:20:28.099  1660  1972 I am_proc_start: [0,2165,1000,com.android.keychain,service,com.android.keychain/.KeyChainService]
02-20 20:20:28.099  1660  1972 I ActivityManager: Start proc 2165:com.android.keychain/1000 for service com.android.keychain/.KeyChainService
02-20 20:20:28.107  2165  2165 W art     : Unexpected CPU variant for X86 using defaults: x86_64
02-20 20:20:28.121  1660  1743 I am_proc_start: [0,2172,10002,com.android.providers.calendar,content provider,com.android.providers.calendar/.CalendarProvider2]
02-20 20:20:28.121  1660  1743 I ActivityManager: Start proc 2172:com.android.providers.calendar/u0a2 for content provider com.android.providers.calendar/.CalendarProvider2
02-20 20:20:28.121  1660  1747 I dvm_lock_sample: [system_server,1,Binder:1660_3,41,ActivityManagerService.java,18937,-,17301,8]
02-20 20:20:28.121  1660  1747 I configuration_changed: 3
02-20 20:20:28.121  1660  1747 I ActivityManager: Config changes=3 {1.0 310mcc260mnc [en_US] ldltr sw360dp w360dp h668dp 640dpi nrml long port finger -keyb/v/h -nav/h s.5}
02-20 20:20:28.127  2172  2172 W art     : Unexpected CPU variant for X86 using defaults: x86_64
02-20 20:20:28.174  1660  1660 I AccountManagerService: User 0 is unlocked - opening CE database
02-20 20:20:28.205  1916  1916 D SIMRecords: [SIMRecords] onRecordLoaded 9 requested: true
02-20 20:20:28.205  1916  1916 D SIMRecords: [SIMRecords] EF_MWIS : 0000000000
02-20 20:20:28.205  1916  1916 D SIMRecords: [SIMRecords] onRecordLoaded 8 requested: true
02-20 20:20:28.205  1916  1916 D SIMRecords: [SIMRecords] EF_CPHS_MWI: 55
02-20 20:20:28.205  1916  1916 D SIMRecords: [SIMRecords] onRecordLoaded 7 requested: true
02-20 20:20:28.205  1916  1916 D SIMRecords: [SIMRecords] EF_CFF_CPHS: 55
02-20 20:20:28.205  1916  1916 D SIMRecords: [SIMRecords] onRecordLoaded 6 requested: true
02-20 20:20:28.205  1916  1916 D SIMRecords: [SIMRecords] onRecordLoaded 5 requested: true
02-20 20:20:28.205  1916  1916 D SIMRecords: [SIMRecords] SST: UsimServiceTable[120]={ PHONEBOOK, FDN, FDN_EXTENSION, SDN, SDN_EXTENSION, BDN, BDN_EXTENSION, OUTGOING_CALL_INFO, ADVICE_OF_CHARGE, CAP_CONFIG_PARAMS_2, GROUP_ID_LEVEL_1, GROUP_ID_LEVEL_2, SPN, USER_PLMN_SELECT, MSISDN, IMAGE, LOCALISED_SERVICE_AREAS, EMLPP, EMLPP_AUTO_ANSWER, RFU, GSM_ACCESS, DATA_DL_VIA_SMS_PP, DATA_DL_VIA_SMS_CB, CALL_CONTROL_BY_USIM, MO_SMS_CONTROL_BY_USIM, RUN_AT_COMMAND, APN_CONTROL_LIST, DEPERSONALISATION_CONTROL_KEYS, COOPERATIVE_NETWORK_LIST, GSM_SECURITY_CONTEXT, SERVICE_PROVIDER_DISPLAY_INFO, MMS_NOTIFICATION, MMS_NOTIFICATION_EXTENSION, GPRS_CALL_CONTROL_BY_USIM, VGCS_GROUP_ID_LIST, VBS_GROUP_ID_LIST, OMA_BCAST_PROFILE, GBA_LOCAL_KEY_ESTABLISHMENT, #101, #102, #103, #104, #105, #106, #107, #108, #109, #110 }
02-20 20:20:28.205  1916  1916 D SIMRecords: [SIMRecords] onRecordLoaded 4 requested: true
02-20 20:20:28.205  1916  1916 D SIMRecords: [SIMRecords] iCPHS: 0233
02-20 20:20:28.205  1916  1916 D SIMRecords: [SIMRecords] onRecordLoaded 3 requested: true
02-20 20:20:28.205  1916  1916 D RuimRecords: [RuimRecords] iccid: 89014103211118510720
02-20 20:20:28.206  1916  1916 D RuimRecords: [RuimRecords] onRecordLoaded 0 requested: true
02-20 20:20:28.206  1916  1916 D RuimRecords: [RuimRecords] record load complete
02-20 20:20:28.206  1916  1916 D RILJ    : [3734]> iccIO: SIM_IO 0xb0 0x6f14  path: 3F007F20,0,0,20 aid: null [SUB0]
02-20 20:20:28.206  1916  1916 D SIMRecords: [SIMRecords] MSISDN: [t-WgLegCyIMgfHgPkOdM6pkZbpA]
02-20 20:20:28.206  1916  1916 D SIMRecords: [SIMRecords] onRecordLoaded 2 requested: true
02-20 20:20:28.207  1916  1916 D RILJ    : [3735]> iccIO: SIM_IO 0xb2 0x6fc7  path: 3F007F20,1,4,32 aid: null [SUB0]
02-20 20:20:28.207  1374  1484 D RIL     : onRequest: SIM_IO
02-20 20:20:28.207  1374  1484 D AT      : AT> AT+CRSM=176,28436,0,0,20
02-20 20:20:28.207  1374  1487 D AT      : AT< +CRSM: 144,0,416e64726f6964ffffffffffffffffffffffffff
02-20 20:20:28.207  1374  1487 D AT      : AT< OK
02-20 20:20:28.207  1916  2001 D RILJ    : [3734]< SIM_IO IccIoResponse sw1:0x90 sw2:0x0 [SUB0]
02-20 20:20:28.208  1374  1484 D RIL     : onRequest: SIM_IO
02-20 20:20:28.208  1374  1484 D AT      : AT> AT+CRSM=178,28615,1,4,32
02-20 20:20:28.208  1374  1487 D AT      : AT< +CRSM: 144,0,566f6963656d61696cffffffffffffffffff07915155125740f9ffffffffffff
02-20 20:20:28.208  1374  1487 D AT      : AT< OK
02-20 20:20:28.208  1916  2001 D RILJ    : [3735]< SIM_IO IccIoResponse sw1:0x90 sw2:0x0 [SUB0]
02-20 20:20:28.209  1916  1916 D SIMRecords: [SIMRecords] getServiceProviderName: no brandOverride, providerName=Android
02-20 20:20:28.209  1916  1916 D SIMRecords: [SIMRecords] Load EF_SPN_CPHS: Android
02-20 20:20:28.209  1916  1916 D TelephonyManager: setTelephonyProperty: success phoneId=0 property=gsm.sim.operator.alpha value: Android propVal=Android
02-20 20:20:28.209  1916  1916 D SIMRecords: [SIMRecords] onRecordLoaded 1 requested: true
02-20 20:20:28.209  1916  1916 D SIMRecords: [SIMRecords] VM: ADN Record 'Voicemail' '[-MWU1cAlDrkXUZ8dpHi_wU_YOpU] null' EF[MBDN]
02-20 20:20:28.209  1916  1916 D SIMRecords: [SIMRecords] onRecordLoaded 0 requested: true
02-20 20:20:28.209  1916  1916 D SIMRecords: [SIMRecords] record load complete
02-20 20:20:28.209  1916  1916 D SIMRecords: [SIMRecords] Not using EF LI/EF PL
02-20 20:20:28.209  1916  1916 D SIMRecords: [SIMRecords] EF_CFF: callForwardingEnabled=0
02-20 20:20:28.209  1916  1916 D SIMRecords: [SIMRecords] onAllRecordsLoaded set 'gsm.sim.operator.numeric' to operator='310260'
02-20 20:20:28.209  1916  1916 D SIMRecords: [SIMRecords] update icc_operator_numeric=310260
02-20 20:20:28.209  1916  1916 D TelephonyManager: setTelephonyProperty: success phoneId=0 property=gsm.sim.operator.numeric value: 310260 propVal=310260
02-20 20:20:28.209  1916  1916 D SubscriptionController: [setMccMnc]+ mcc/mnc:310/260 subId:-1
02-20 20:20:28.242  1916  1916 D SubscriptionController: notifySubscriptionInfoChanged:
02-20 20:20:28.243  1916  1928 D SubscriptionController: [getActiveSubInfoList] Sub Controller not ready
02-20 20:20:28.244  1660  1660 I GnssLocationProvider: WakeLock acquired by sendMessage(12, 0, null)
02-20 20:20:28.247  1660  1692 W WindowManager: Keyguard drawn timeout. Setting mKeyguardDrawComplete
02-20 20:20:28.247  1660  1795 I am_proc_bound: [0,2156,com.google.android.apps.nexuslauncher]
02-20 20:20:28.250  1660  1795 I am_restart_activity: [0,79314451,140,com.google.android.apps.nexuslauncher/.NexusLauncherActivity]
02-20 20:20:28.251  1660  1949 I am_proc_bound: [0,2165,com.android.keychain]
02-20 20:20:28.253  1660  1861 W art     : Long monitor contention with owner Binder:1660_3 (1747) at void com.android.server.am.ActivityManagerService.updateConfiguration(android.content.res.Configuration)(ActivityManagerService.java:18937) waiters=6 in java.lang.String com.android.server.am.ActivityManagerService.checkContentProviderAccess(java.lang.String, int) for 111ms
02-20 20:20:28.267  1660  1861 I dvm_lock_sample: [system_server,1,Binder:1660_5,111,ActivityManagerService.java,10435,-,18937,22]
02-20 20:20:28.275  1916  1929 D DCT     : [0]hasMatchedTetherApnSetting: APN=null
02-20 20:20:28.275  1660  2155 I am_proc_bound: [0,2172,com.android.providers.calendar]
02-20 20:20:28.276  2156  2156 W System  : ClassLoader referenced unknown path: /system/priv-app/NexusLauncherPrebuilt/lib/x86_64
02-20 20:20:28.276  2165  2165 W System  : ClassLoader referenced unknown path: /system/app/KeyChain/lib/x86_64
02-20 20:20:28.279  1916  1916 D SIMRecords: [SIMRecords] onAllRecordsLoaded set mcc imsi
02-20 20:20:28.279  1916  1916 D TelephonyManager: setTelephonyProperty: success phoneId=0 property=gsm.sim.operator.iso-country value: us propVal=us
02-20 20:20:28.280  1916  1916 D SST     : SubscriptionListener.onSubscriptionInfoChanged
02-20 20:20:28.280  1916  1916 D SIMRecords: [SIMRecords]  VoiceMessageCount from SIM MWIS = 0
02-20 20:20:28.280  1916  1916 E Phone   : getStoredVoiceMessageCount: invalid subId -2
02-20 20:20:28.280  1916  1916 D GsmCdmaPhone: [GsmCdmaPhone] updateVoiceMail countVoiceMessages = 0 subId -2
02-20 20:20:28.280  1916  1916 E Phone   : setVoiceMessageCount in sharedPreference: invalid subId -2
02-20 20:20:28.282  1916  1916 D DCT     : [0]SubscriptionListener.onSubscriptionInfoChanged
02-20 20:20:28.283  1916  1916 D SubscriptionController: [getActiveSubInfoList] Sub Controller not ready
02-20 20:20:28.285  1916  1916 D SubscriptionController: [getActiveSubInfoList] Sub Controller not ready
02-20 20:20:28.286  1916  1916 I Telephony: PstnIncomingCallNotifier: Unregistering: Handler (com.android.internal.telephony.GsmCdmaPhone) {29a9933}
02-20 20:20:28.286  1916  1916 E PhoneInterfaceManager: [PhoneIntfMgr] getIccId: No UICC
02-20 20:20:28.291  1660  1686 I Telecom : PhoneAccountRegistrar: [ComponentInfo{com.android.phone/com.android.services.telephony.TelephonyConnectionService}, [e0184adedf913b076626646d3f52c3b49c39ad6d], UserHandle{0}(addr: tel:*********** -> tel:)(icon: Icon(typ=BITMAP size=76x96) -> Icon(typ=BITMAP size=76x96))(subAddr: tel:*********** -> tel:)]: TSI.rPA@AAg
02-20 20:20:28.298  1660  1686 I Telecom : : Sending phone-account registered intent as user: TSI.rPA@AAg
02-20 20:20:28.299  1916  1916 I Telephony: AccountEntry: Registered phoneAccount: [[ ] PhoneAccount: ComponentInfo{com.android.phone/com.android.services.telephony.TelephonyConnectionService}, [e0184adedf913b076626646d3f52c3b49c39ad6d], UserHandle{0} Capabilities: CallProvider MultiUser PlaceEmerg SimSub  Schemes: tel voicemail  Extras: null GroupId: [da39a3ee5e6b4b0d3255bfef95601890afd80709]] with handle: ComponentInfo{com.android.phone/com.android.services.telephony.TelephonyConnectionService}, [e0184adedf913b076626646d3f52c3b49c39ad6d], UserHandle{0}
02-20 20:20:28.300  1916  1916 I Telephony: PstnIncomingCallNotifier: Registering: Handler (com.android.internal.telephony.GsmCdmaPhone) {29a9933}
02-20 20:20:28.304  1916  1916 D CAT     : CatService: handleMessage[20]
02-20 20:20:28.305  1916  1916 D GsmCdmaPhone: [GsmCdmaPhone] updateCurrentCarrierInProvider: mSubId = -2 currentDds = 1 operatorNumeric = 310260
02-20 20:20:28.306  1916  1916 D IccCardProxy: operator=310260 mPhoneId=0
02-20 20:20:28.306  1916  1916 D TelephonyManager: setTelephonyProperty: success phoneId=0 property=gsm.sim.operator.numeric value: 310260 propVal=310260
02-20 20:20:28.326  1916  1916 D TelephonyManager: setTelephonyProperty: success phoneId=0 property=gsm.sim.operator.iso-country value: us propVal=us
02-20 20:20:28.326  1916  1916 D IccCardProxy: Sending intent ACTION_INTERNAL_SIM_STATE_CHANGED for mPhoneId : 0
02-20 20:20:28.329  1916  1916 D SST     : EVENT_SIM_RECORDS_LOADED: what=16
02-20 20:20:28.329  1916  1916 D GsmCdmaPhone: [GsmCdmaPhone] updatePhoneObject: radioTechnology=0
02-20 20:20:28.329  1916  1916 D SST     : getOtasp: otasp not needed for GSM
02-20 20:20:28.329  1916  1916 D SST     : updateOtaspState: call notifyOtaspChanged old otaspMode=0 new otaspMode=3
02-20 20:20:28.329  1916  1916 D SIMRecords: [SIMRecords] getServiceProviderName: no brandOverride, providerName=Android
02-20 20:20:28.329  1916  1916 D SIMRecords: [SIMRecords] getServiceProviderName: no brandOverride, providerName=Android
02-20 20:20:28.330  2090  2090 I LoadedApk: No resource references to update in package FFFFFFFFFFFFFFFFFFFFFF
02-20 20:20:28.339  1916  1916 D SST     : updateSpnDisplay: changed sending intent rule=1 showPlmn='false' plmn='Android' showSpn='true' spn='Android' dataSpn='Android' subId='-2'
02-20 20:20:28.341  1916  1916 D SubscriptionController: [setPlmnSpn] No valid subscription to store info
02-20 20:20:28.341  1916  1916 D SubscriptionController: notifySubscriptionInfoChanged:
02-20 20:20:28.342  1660  2076 I dvm_lock_sample: [system_server,0,backup,94,ActivityManagerService.java,7896,-,6669,18]
02-20 20:20:28.347  1916  1916 E PhoneInterfaceManager: [PhoneIntfMgr] getIccId: No UICC
02-20 20:20:28.351  1660  1686 I Telecom : PhoneAccountRegistrar: [ComponentInfo{com.android.phone/com.android.services.telephony.TelephonyConnectionService}, [e0184adedf913b076626646d3f52c3b49c39ad6d], UserHandle{0}(icon: Icon(typ=BITMAP size=76x96) -> Icon(typ=BITMAP size=76x96))]: TSI.rPA@AAs
02-20 20:20:28.352  2172  2172 W System  : ClassLoader referenced unknown path: /system/priv-app/CalendarProvider/lib/x86_64
02-20 20:20:28.354  1916  2211 D SubscriptionController: [getActiveSubInfoList] Sub Controller not ready
02-20 20:20:28.354  1660  1660 I GnssLocationProvider: WakeLock acquired by sendMessage(12, 0, null)
02-20 20:20:28.354  1660  1686 I Telecom : : Sending phone-account registered intent as user: TSI.rPA@AAs
02-20 20:20:28.354  1916  1916 D SubscriptionInfoUpdater: [Receiver]+
02-20 20:20:28.354  1916  1916 D SubscriptionInfoUpdater: Action: android.intent.action.internal_sim_state_changed
02-20 20:20:28.354  1916  1916 D SubscriptionInfoUpdater: slotId: 0
02-20 20:20:28.354  1916  1916 D SubscriptionInfoUpdater: simStatus: LOADED
02-20 20:20:28.354  1916  1916 D SubscriptionInfoUpdater: [Receiver]-
02-20 20:20:28.354  1916  1916 D GsmCdmaPhone: [GsmCdmaPhone] phoneObjectUpdater: newVoiceRadioTech=0
02-20 20:20:28.354  1916  1916 D GsmCdmaPhone: [GsmCdmaPhone] phoneObjectUpdater: volteReplacementRat=0
02-20 20:20:28.354  1916  1916 E GsmCdmaPhone: [GsmCdmaPhone] phoneObjectUpdater: newVoiceRadioTech=0 doesn't match either CDMA or GSM - error! No phone change
02-20 20:20:28.354  1916  1916 D SST     : SubscriptionListener.onSubscriptionInfoChanged
02-20 20:20:28.354  1916  1916 D DCT     : [0]SubscriptionListener.onSubscriptionInfoChanged
02-20 20:20:28.355  1916  1916 D SubscriptionController: [getActiveSubInfoList] Sub Controller not ready
02-20 20:20:28.355  1916  1916 D SubscriptionController: [getActiveSubInfoList] Sub Controller not ready
02-20 20:20:28.358  1916  1916 I Telephony: PstnIncomingCallNotifier: Unregistering: Handler (com.android.internal.telephony.GsmCdmaPhone) {29a9933}
02-20 20:20:28.366  1916  1916 E PhoneInterfaceManager: [PhoneIntfMgr] getIccId: No UICC
02-20 20:20:28.371  2156  2156 V Launcher: LauncherAppState inited
02-20 20:20:28.402  1660  1747 I Telecom : PhoneAccountRegistrar: [ComponentInfo{com.android.phone/com.android.services.telephony.TelephonyConnectionService}, [e0184adedf913b076626646d3f52c3b49c39ad6d], UserHandle{0}(icon: Icon(typ=BITMAP size=76x96) -> Icon(typ=BITMAP size=76x96))]: TSI.rPA@AAw
02-20 20:20:28.422  1660  1747 I Telecom : : Sending phone-account registered intent as user: TSI.rPA@AAw
02-20 20:20:28.443  1916  1916 I Telephony: AccountEntry: Registered phoneAccount: [[ ] PhoneAccount: ComponentInfo{com.android.phone/com.android.services.telephony.TelephonyConnectionService}, [e0184adedf913b076626646d3f52c3b49c39ad6d], UserHandle{0} Capabilities: CallProvider MultiUser PlaceEmerg SimSub  Schemes: tel voicemail  Extras: null GroupId: [da39a3ee5e6b4b0d3255bfef95601890afd80709]] with handle: ComponentInfo{com.android.phone/com.android.services.telephony.TelephonyConnectionService}, [e0184adedf913b076626646d3f52c3b49c39ad6d], UserHandle{0}
02-20 20:20:28.443  1916  1916 I Telephony: PstnIncomingCallNotifier: Registering: Handler (com.android.internal.telephony.GsmCdmaPhone) {29a9933}
02-20 20:20:28.454  1916  1916 D SubscriptionInfoUpdater: handleSimStateLoadedInternal: slotId: 0
02-20 20:20:28.454  1916  1916 D SubscriptionInfoUpdater: All IccIds query complete
02-20 20:20:28.454  1916  1916 D SubscriptionInfoUpdater: updateSubscriptionInfoByIccId:+ Start
02-20 20:20:28.454  1916  1916 D SubscriptionController: [clearSubInfo]- no simInfo size=0
02-20 20:20:28.454  1916  1916 D SubscriptionInfoUpdater: insertedSimCount = 1
02-20 20:20:28.454  1916  1916 D SubscriptionController: [getSubInfoUsingSlotIdWithCheck]+ slotId:0
02-20 20:20:28.459  2216  2216 W art     : Unexpected CPU variant for X86 using defaults: x86_64
02-20 20:20:28.460  1660  1687 I am_proc_start: [0,2216,10014,com.google.process.gapps,content provider,com.google.android.gsf/.gservices.GservicesProvider]
02-20 20:20:28.460  1660  1687 I ActivityManager: Start proc 2216:com.google.process.gapps/u0a14 for content provider com.google.android.gsf/.gservices.GservicesProvider
02-20 20:20:28.463  2172  2172 I CalendarProvider2: Created com.android.providers.calendar.CalendarAlarmManager@41603c4(com.android.providers.calendar.CalendarProvider2@1d82ad)
02-20 20:20:28.465  1916  1916 D SubscriptionController: [getPhoneId]- no sims, returning default phoneId=2147483647
02-20 20:20:28.466  1916  1916 D SubscriptionController: [getPhoneId]- no sims, returning default phoneId=2147483647
02-20 20:20:28.466  1916  1916 D SubscriptionController: [getPhoneId]- no sims, returning default phoneId=2147483647
02-20 20:20:28.466  1916  1916 D SubscriptionController: [getSubInfoUsingSlotId]- null info return
02-20 20:20:28.466  1916  1916 D SubscriptionInfoUpdater: updateSubscriptionInfoByIccId: oldSubId = 1
02-20 20:20:28.467  1916  1916 D SubscriptionInfoUpdater: updateSubscriptionInfoByIccId: oldIccId[0] = 89014103211118510720, sIccId[0] = 89014103211118510720
02-20 20:20:28.467  1916  1916 D SubscriptionController: [addSubInfoRecord]+ iccId:89014103211118510720 slotId:0
02-20 20:20:28.470  1916  1916 D SubscriptionController: [getActiveSubInfoList] Sub Controller not ready
02-20 20:20:28.470  1916  1916 D SubscriptionController: [addSubInfoRecord] Record already exists
02-20 20:20:28.474  1916  1916 D SubscriptionController: [addSubInfoRecord] sSlotIdxToSubId.size=1 slotId=0 subId=1 defaultSubId=1 simCount=1
02-20 20:20:28.475  1916  1916 D SubscriptionController: [setDefaultFallbackSubId] subId=1
02-20 20:20:28.475  1916  1916 D SubscriptionController: [setDefaultFallbackSubId] set mDefaultFallbackSubId=1
02-20 20:20:28.475  1916  1916 D MccTable: updateMccMncConfiguration mccmnc='310260' fromServiceState=false
02-20 20:20:28.476  1660  1795 I am_proc_bound: [0,2216,com.google.process.gapps]
02-20 20:20:28.482  1763  1763 I OpaLayout: Setting opa enabled to false
02-20 20:20:28.484  1763  1763 I OpaLayout: Setting opa enabled to false
02-20 20:20:28.488  1916  1916 D MccTable: updateMccMncConfiguration defaultMccMnc=310260
02-20 20:20:28.488  1916  1916 D MccTable: updateMccMncConfiguration: mcc=310, mnc=260
02-20 20:20:28.488  1916  1916 D MccTable: updateMccMncConfiguration updateConfig config={1.0 310mcc260mnc ?localeList ?layoutDir ?swdp ?wdp ?hdp ?density ?lsize ?long ?orien ?uimode ?night ?touch ?keyb/?/? ?nav/?}
02-20 20:20:28.491  1916  1916 D SubscriptionController: [setDefaultFallbackSubId] broadcast default subId changed phoneId=0 subId=1
02-20 20:20:28.494  1916  1928 D RILJ    : [3736]> RIL_REQUEST_GET_CELL_INFO_LIST [SUB0]
02-20 20:20:28.497  1374  1484 D RIL     : onRequest: GET_CELL_INFO_LIST
02-20 20:20:28.497  1374  1484 D RILC    : responseCellInfoList: v12
02-20 20:20:28.497  1916  2001 D RILJ    : [3736]< RIL_REQUEST_GET_CELL_INFO_LIST [CellInfoGsm:{mRegistered=YES mTimeStampType=modem mTimeStamp=12485971008ns CellIdentityGsm:{ mMcc=310 mMnc=260 mLac=3 mCid=91 mArfcn=10 mBsic=0x0} CellSignalStrengthGsm: ss=-1048579656 ber=32610 mTa=-1043583876}] [SUB0]
02-20 20:20:28.501  1916  1916 D SubscriptionController: [addSubInfoRecord] one sim set defaults to subId=1
02-20 20:20:28.507  1916  1916 D SubscriptionController: [setDefaultDataSubId] num phones=1, subId=1
02-20 20:20:28.508  1916  1916 D SubscriptionController: [setDefaultDataSubId] phoneId=0 subId=1 RAF=1
02-20 20:20:28.508  1916  1916 D ProxyController: setRadioCapability: Already in requested configuration, nothing to do.
02-20 20:20:28.508  1916  1916 D SubscriptionController: [updateAllDataConnectionTrackers] sPhones.length=1
02-20 20:20:28.508  1916  1916 D SubscriptionController: [updateAllDataConnectionTrackers] phoneId=0
02-20 20:20:28.508  1916  1916 D DCT     : [0]update sub = 1
02-20 20:20:28.508  1916  1916 D DCT     : [0]update(): Active DDS, register for all events now!
02-20 20:20:28.508  1916  1916 D DCT     : [0]New records found.
02-20 20:20:28.508  1916  1916 D SST     : mDeviceShuttingDown=false, mDesiredPowerState=true, getRadioState=RADIO_ON, mPowerOffDelayNeed=true, mAlarmSwitch=false, mRadioDisabledByCarrier=false
02-20 20:20:28.509  1916  1916 D GsmCdmaPhone: [GsmCdmaPhone] updateCurrentCarrierInProvider: mSubId = 1 currentDds = 1 operatorNumeric = 310260
02-20 20:20:28.555  2216  2216 I art     : Starting a blocking GC AddRemoveAppImageSpace
02-20 20:20:28.591  1916  1916 D SubscriptionController: [broadcastDefaultDataSubIdChanged] subId=1
02-20 20:20:28.592  1916  1916 D SubscriptionController: [setDefaultSmsSubId] subId=1
02-20 20:20:28.593  1916  1916 D SubscriptionController: [broadcastDefaultSmsSubIdChanged] subId=1
02-20 20:20:28.593  1916  1916 D SubscriptionController: [setDefaultVoiceSubId] subId=1
02-20 20:20:28.594  1916  1916 D SubscriptionController: [broadcastDefaultVoiceSubIdChanged] subId=1
02-20 20:20:28.595  1916  1916 D SubscriptionController: [addSubInfoRecord] hashmap(0,1)
02-20 20:20:28.604  2216  2216 W System  : ClassLoader referenced unknown path: /system/priv-app/GoogleServicesFramework/lib/x86_64
02-20 20:20:28.613  1660  1861 I am_proc_start: [0,2235,10029,com.google.android.googlequicksearchbox:search,service,com.google.android.googlequicksearchbox/com.google.android.hotword.service.HotwordService]
02-20 20:20:28.613  1660  1861 I ActivityManager: Start proc 2235:com.google.android.googlequicksearchbox:search/u0a29 for service com.google.android.googlequicksearchbox/com.google.android.hotword.service.HotwordService
02-20 20:20:28.622  2235  2235 W art     : Unexpected CPU variant for X86 using defaults: x86
02-20 20:20:28.625  1916  1916 D SubscriptionController: [addSubInfoRecord] sim name = Android
02-20 20:20:28.626  1916  1916 D DCT     : [0]update sub = 1
02-20 20:20:28.626  1916  1916 D DCT     : [0]update(): Active DDS, register for all events now!
02-20 20:20:28.626  1916  1916 D GsmCdmaPhone: [GsmCdmaPhone] updateCurrentCarrierInProvider: mSubId = 1 currentDds = 1 operatorNumeric = 310260
02-20 20:20:28.632  2216  2216 I GservicesProvider: Gservices pushing to system: true; secure/global: true
02-20 20:20:28.638  2156  2156 I am_on_resume_called: [0,com.google.android.apps.nexuslauncher.NexusLauncherActivity,LAUNCH_ACTIVITY]
02-20 20:20:28.640  1313  1387 E SurfaceFlinger: ro.sf.lcd_density must be defined as a build property
02-20 20:20:28.653  1916  1916 D SubscriptionController: [addSubInfoRecord]- info size=1
02-20 20:20:28.653  1916  1916 D SubscriptionInfoUpdater: newSim = false
02-20 20:20:28.653  1916  1916 D SubscriptionInfoUpdater: updateSubscriptionInfoByIccId: sInsertSimState[0] = 0
02-20 20:20:28.663  1660  1949 I am_proc_bound: [0,2235,com.google.android.googlequicksearchbox:search]
02-20 20:20:28.664  1916  1916 D SubscriptionInfoUpdater: updateSubscriptionInfoByIccId: nSubCount = 1
02-20 20:20:28.665  1916  1916 D SubscriptionController: [setDefaultDataSubId] num phones=1, subId=1
02-20 20:20:28.666  1916  1916 D SubscriptionController: [setDefaultDataSubId] phoneId=0 subId=1 RAF=1
02-20 20:20:28.666  1916  1916 D ProxyController: setRadioCapability: Already in requested configuration, nothing to do.
02-20 20:20:28.666  1916  1916 D SubscriptionController: [updateAllDataConnectionTrackers] sPhones.length=1
02-20 20:20:28.666  1916  1916 D SubscriptionController: [updateAllDataConnectionTrackers] phoneId=0
02-20 20:20:28.666  1916  1916 D DCT     : [0]update sub = 1
02-20 20:20:28.666  1916  1916 D DCT     : [0]update(): Active DDS, register for all events now!
02-20 20:20:28.666  1916  1916 D GsmCdmaPhone: [GsmCdmaPhone] updateCurrentCarrierInProvider: mSubId = 1 currentDds = 1 operatorNumeric = 310260
02-20 20:20:28.684  2156  2156 D         : HostConnection::get() New Host Connection established 0x7a40c8bccd40, tid 2156
02-20 20:20:28.684  2156  2215 V GridSizeMigrationTask: Workspace migration completed in 76
02-20 20:20:28.684  2156  2215 D Launcher.Model: loadWorkspace: loading default favorites
02-20 20:20:28.709  1916  1916 D SubscriptionController: [broadcastDefaultDataSubIdChanged] subId=1
02-20 20:20:28.709  1916  1916 D SubscriptionController: notifySubscriptionInfoChanged:
02-20 20:20:28.709  1916  2211 D SubscriptionMonitor: Phone[0] subId changed -2->1, 1 registrants
02-20 20:20:28.710  1916  2211 D SubscriptionMonitor: mDefaultDataSubId = 1, 1 registrants
02-20 20:20:28.710  1660  1660 I GnssLocationProvider: WakeLock acquired by sendMessage(12, 0, null)
02-20 20:20:28.710  1916  1916 D SubscriptionInfoUpdater: updateSubscriptionInfoByIccId:- SsubscriptionInfo update complete
02-20 20:20:28.710  1916  1916 D MccTable: updateMccMncConfiguration mccmnc='310260' fromServiceState=false
02-20 20:20:28.710  1916  1916 D MccTable: updateMccMncConfiguration defaultMccMnc=310260
02-20 20:20:28.710  1916  1916 D MccTable: updateMccMncConfiguration: mcc=310, mnc=260
02-20 20:20:28.710  1916  1916 D MccTable: updateMccMncConfiguration updateConfig config={1.0 310mcc260mnc ?localeList ?layoutDir ?swdp ?wdp ?hdp ?density ?lsize ?long ?orien ?uimode ?night ?touch ?keyb/?/? ?nav/?}
02-20 20:20:28.720  1660  1698 I dvm_lock_sample: [system_server,1,android.display,13,WindowManagerService.java,8857,-,2857,2]
02-20 20:20:28.721  1313  1387 D         : HostConnection::get() New Host Connection established 0x78be140e2f00, tid 1387
02-20 20:20:28.721  1916  1916 D SubscriptionController: [setMccMnc]+ mcc/mnc:310/260 subId:1
02-20 20:20:28.727  2156  2245 D         : HostConnection::get() New Host Connection established 0x7a40aea942a0, tid 2245
02-20 20:20:28.729  2156  2245 I OpenGLRenderer: Initialized EGL, version 1.4
02-20 20:20:28.729  2156  2245 D OpenGLRenderer: Swap behavior 1
02-20 20:20:28.731  1916  1916 D SubscriptionController: notifySubscriptionInfoChanged:
02-20 20:20:28.731  1660  1660 I GnssLocationProvider: WakeLock acquired by sendMessage(12, 0, null)
02-20 20:20:28.735  1916  1916 D SubscriptionController: [getActiveSubscriptionInfo]+ subId=1 subInfo={id=1, iccId=89014103211118510720 simSlotIndex=0 displayName=Android carrierName=Android nameSource=0 iconTint=-16746133 dataRoaming=0 iconBitmap=android.graphics.Bitmap@412862d mcc 310 mnc 260}
02-20 20:20:28.735  1916  1916 D SubscriptionInfoUpdater: sim name = Android
02-20 20:20:28.748  1916  1916 D SubscriptionInfoUpdater: Broadcasting intent ACTION_SIM_STATE_CHANGED LOADED reason null for mCardIndex: 0
02-20 20:20:28.749  2156  2245 D EGL_emulation: eglCreateContext: 0x7a40aea89c20: maj 3 min 0 rcv 3
02-20 20:20:28.749  1660  1660 D WifiService: resetting networks because SIM was loaded
02-20 20:20:28.749  1660  1733 D WifiStateMachine: resetting EAP-SIM/AKA/AKA' networks since SIM was changed
02-20 20:20:28.754  1916  1916 D CarrierConfigLoader: update config for phoneId: 0 simState: LOADED
02-20 20:20:28.754  1916  1916 D CarrierSvcBindHelper: update binding for phoneId: 0 simState: LOADED
02-20 20:20:27.816     0     0 D ieee80211 phy0: mac80211_hwsim_config (freq=0 idle=1 ps=0 smps=auto)
02-20 20:20:27.816     0     0 D ieee80211 phy0: hwsim hw_scan request
02-20 20:20:27.816     0     0 D ieee80211 phy0: hw scan 2412 MHz
02-20 20:20:28.810  1763  1763 E BluetoothAdapter: Bluetooth binder is null
02-20 20:20:28.819  2156  2245 D EGL_emulation: eglMakeCurrent: 0x7a40aea89c20: ver 3 0 (tinfo 0x7a40aeaaa620)
02-20 20:20:28.826  1660  1733 D WIFI    : Registering NetworkFactory
02-20 20:20:28.826  1660  1733 D WIFI_UT : Registering NetworkFactory
02-20 20:20:28.826  1660  1737 D ConnectivityService: Got NetworkFactory Messenger for WIFI
02-20 20:20:28.826  1660  1737 D ConnectivityService: Got NetworkFactory Messenger for WIFI_UT
02-20 20:20:28.826  1660  1733 D WIFI    : got request NetworkRequest [ REQUEST id=1, [ Capabilities: INTERNET&NOT_RESTRICTED&TRUSTED&NOT_VPN] ] with score 0
02-20 20:20:28.827  1660  1733 I WifiConnectivityManager: Set WiFiConnectivityManager enabled
02-20 20:20:28.830  1763  1787 I art     : Background sticky concurrent mark sweep GC freed 6478(1858KB) AllocSpace objects, 1(40KB) LOS objects, 11% free, 15MB/17MB, paused 9.954ms total 22.514ms
02-20 20:20:28.832  2262  2262 W art     : Unexpected CPU variant for X86 using defaults: x86_64
02-20 20:20:28.838  1660  1660 I am_proc_start: [0,2262,10067,com.google.android.deskclock,broadcast,com.google.android.deskclock/com.android.deskclock.AlarmInitReceiver]
02-20 20:20:28.838  1660  1660 I ActivityManager: Start proc 2262:com.google.android.deskclock/u0a67 for broadcast com.google.android.deskclock/com.android.deskclock.AlarmInitReceiver
02-20 20:20:28.839  1660  1733 D WIFI_UT : got request NetworkRequest [ REQUEST id=1, [ Capabilities: INTERNET&NOT_RESTRICTED&TRUSTED&NOT_VPN] ] with score 0
02-20 20:20:27.840     0     0 D ieee80211 phy0: hw scan 2417 MHz
02-20 20:20:28.858  1916  1916 D SubscriptionController: [getActiveSubscriptionInfo]+ subId=1 subInfo={id=1, iccId=89014103211118510720 simSlotIndex=0 displayName=Android carrierName=Android nameSource=0 iconTint=-16746133 dataRoaming=0 iconBitmap=android.graphics.Bitmap@69f11b0 mcc 310 mnc 260}
02-20 20:20:28.883  1660  1686 I am_proc_bound: [0,2262,com.google.android.deskclock]
02-20 20:20:27.870     0     0 D ieee80211 phy0: hw scan 2422 MHz
02-20 20:20:27.900     0     0 D ieee80211 phy0: hw scan 2427 MHz
02-20 20:20:28.890  2156  2245 D EGL_emulation: eglMakeCurrent: 0x7a40aea89c20: ver 3 0 (tinfo 0x7a40aeaaa620)
02-20 20:20:28.898  1660  2213 I Telecom : PhoneAccountRegistrar: [ComponentInfo{com.android.phone/com.android.services.telephony.TelephonyConnectionService}, [e0184adedf913b076626646d3f52c3b49c39ad6d], UserHandle{0}(icon: Icon(typ=BITMAP size=76x96) -> Icon(typ=BITMAP size=76x96))]: TSI.rPA@AA8
02-20 20:20:28.899  1660  2213 I Telecom : : Sending phone-account registered intent as user: TSI.rPA@AA8
02-20 20:20:28.901  1916  1916 I Telephony: PstnIncomingCallNotifier: Unregistering: Handler (com.android.internal.telephony.GsmCdmaPhone) {29a9933}
02-20 20:20:28.916  1763  1763 I CameraManagerGlobal: Connecting to camera service
02-20 20:20:28.919  1365  1365 V EmulatedCamera_Camera: getCameraInfo
02-20 20:20:28.919  1365  1365 V EmulatedCamera_BaseCamera: getCameraInfo
02-20 20:20:28.919  1365  1365 I CameraService: getCameraCharacteristics: Switching to HAL1 shim implementation...
02-20 20:20:28.919  1365  1365 V EmulatedCamera_Camera: getCameraInfo
02-20 20:20:28.919  1365  1365 V EmulatedCamera_BaseCamera: getCameraInfo
02-20 20:20:28.919  1365  1365 I CameraService: CameraService::connect call (PID -1 "cameraserver", camera ID 0) for HAL version default and Camera API version 1
02-20 20:20:28.920  1365  1365 E CameraService: getCameraPriorityFromProcState: Received invalid process state -1 from ActivityManagerService!
02-20 20:20:28.920  1365  1365 V EmulatedCamera_Camera: getCameraInfo
02-20 20:20:28.920  1365  1365 V EmulatedCamera_BaseCamera: getCameraInfo
02-20 20:20:28.934  1660  1698 I am_activity_launch_time: [0,79314451,com.google.android.apps.nexuslauncher/.NexusLauncherActivity,892,892]
02-20 20:20:28.934  1660  1698 I ActivityManager: Displayed com.google.android.apps.nexuslauncher/.NexusLauncherActivity: +892ms
02-20 20:20:28.945  1660  1747 I am_destroy_activity: [0,189337804,1,com.android.settings/.FallbackHome,finish-idle]
02-20 20:20:28.946  1372  2278 E WVMExtractor: Failed to open libwvm.so: dlopen failed: library "libwvm.so" not found
02-20 20:20:28.952  1660  1670 I art     : Background partial concurrent mark sweep GC freed 33071(2MB) AllocSpace objects, 21(800KB) LOS objects, 21% free, 15MB/19MB, paused 4.018ms total 119.137ms
02-20 20:20:28.961  1660  1743 I dvm_lock_sample: [system_server,0,ConditionProviders.ECP,90,ActivityManagerService.java,11231,UserController.java,1438,18]
02-20 20:20:29.019  1372  2277 D NuPlayerDriver: notifyListener_l(0xf09a8e40), (1, 0, 0), loop setting(0, 0)
02-20 20:20:29.019  2216  2216 W art     : Verification of java.io.InputStream com.google.android.common.gdata.AndroidGDataClient.createAndExecuteMethod(com.google.android.common.gdata.AndroidGDataClient$HttpRequestCreator, java.lang.String, java.lang.String) took 105.807ms
02-20 20:20:29.023  1916  1916 D SubscriptionController: [getActiveSubscriptionInfo]+ subId=1 subInfo={id=1, iccId=89014103211118510720 simSlotIndex=0 displayName=Android carrierName=Android nameSource=0 iconTint=-16746133 dataRoaming=0 iconBitmap=android.graphics.Bitmap@e3b4de5 mcc 310 mnc 260}
02-20 20:20:27.933     0     0 D ieee80211 phy0: hw scan 2432 MHz
02-20 20:20:27.966     0     0 D ieee80211 phy0: hw scan 2437 MHz
02-20 20:20:27.994     0     0 D ieee80211 phy1: mac80211_hwsim_configure_filter
02-20 20:20:27.994     0     0 D ieee80211 phy0: hw scan 2442 MHz
02-20 20:20:28.020     0     0 D ieee80211 phy0: hw scan 2447 MHz
02-20 20:20:28.061     0     0 D ieee80211 phy0: hw scan 2452 MHz
02-20 20:20:28.092     0     0 D ieee80211 phy0: hw scan 2457 MHz
02-20 20:20:28.120     0     0 D ieee80211 phy0: hw scan 2462 MHz
02-20 20:20:28.151     0     0 D ieee80211 phy0: hw scan 2467 MHz
02-20 20:20:28.282     0     0 D ieee80211 phy0: hw scan 2472 MHz
02-20 20:20:29.030  1372  2280 D NuPlayerDriver: notifyListener_l(0xf09a8f00), (1, 0, 0), loop setting(0, 0)
02-20 20:20:29.030  1934  1934 I am_on_stop_called: [0,com.android.settings.FallbackHome,destroy]
02-20 20:20:29.054  1372  2288 D NuPlayerDriver: notifyListener_l(0xf09a9020), (1, 0, 0), loop setting(0, 0)
02-20 20:20:29.074  2216  2216 I GoogleHttpClient: GMS http client unavailable, use old client
02-20 20:20:29.079  2262  2262 W System  : ClassLoader referenced unknown path: /system/app/PrebuiltDeskClockGoogle/lib/x86_64
02-20 20:20:29.080  1365  1365 I CameraFlashlight: Opening camera 0
02-20 20:20:29.080  1365  1365 V EmulatedCamera_Camera: getCameraInfo
02-20 20:20:29.080  1365  1365 V EmulatedCamera_BaseCamera: getCameraInfo
02-20 20:20:29.080  1365  1365 V EmulatedCamera_Camera: connectCamera
02-20 20:20:29.081  1365  1365 V EmulatedCamera_FakeDevice: connectDevice
02-20 20:20:29.081  1365  1365 V EmulatedCamera_CallbackNotifier: setCallbacks: 0xe8b03e80, 0xe8b03ed0, 0xe8b03ff0, 0xe8b04110 (0xe7fc3320)
02-20 20:20:29.081  1365  1365 V EmulatedCamera_CallbackNotifier: enableMessage: msg_type = 0xc0d
02-20 20:20:29.081  1365  1365 V EmulatedCamera_CallbackNotifier:     CAMERA_MSG_ERROR
02-20 20:20:29.081  1365  1365 V EmulatedCamera_CallbackNotifier:     CAMERA_MSG_FOCUS
02-20 20:20:29.081  1365  1365 V EmulatedCamera_CallbackNotifier:     CAMERA_MSG_ZOOM
02-20 20:20:29.081  1365  1365 V EmulatedCamera_CallbackNotifier:     CAMERA_MSG_PREVIEW_METADATA
02-20 20:20:29.081  1365  1365 V EmulatedCamera_CallbackNotifier: **** Currently enabled messages:
02-20 20:20:29.081  1365  1365 V EmulatedCamera_CallbackNotifier:     CAMERA_MSG_ERROR
02-20 20:20:29.081  1365  1365 V EmulatedCamera_CallbackNotifier:     CAMERA_MSG_FOCUS
02-20 20:20:29.081  1365  1365 V EmulatedCamera_CallbackNotifier:     CAMERA_MSG_ZOOM
02-20 20:20:29.081  1365  1365 V EmulatedCamera_CallbackNotifier:     CAMERA_MSG_PREVIEW_METADATA
02-20 20:20:29.081  1365  1365 V EmulatedCamera_CallbackNotifier: disableMessage: msg_type = 0xffff
02-20 20:20:29.081  1365  1365 V EmulatedCamera_CallbackNotifier:     CAMERA_MSG_ERROR
02-20 20:20:29.081  1365  1365 V EmulatedCamera_CallbackNotifier:     CAMERA_MSG_SHUTTER
02-20 20:20:29.081  1365  1365 V EmulatedCamera_CallbackNotifier:     CAMERA_MSG_FOCUS
02-20 20:20:29.081  1365  1365 V EmulatedCamera_CallbackNotifier:     CAMERA_MSG_ZOOM
02-20 20:20:29.081  1365  1365 V EmulatedCamera_CallbackNotifier:     CAMERA_MSG_PREVIEW_FRAME
02-20 20:20:29.081  1365  1365 V EmulatedCamera_CallbackNotifier:     CAMERA_MSG_VIDEO_FRAME
02-20 20:20:29.081  1365  1365 V EmulatedCamera_CallbackNotifier:     CAMERA_MSG_POSTVIEW_FRAME
02-20 20:20:29.081  1365  1365 V EmulatedCamera_CallbackNotifier:     CAMERA_MSG_RAW_IMAGE
02-20 20:20:29.081  1365  1365 V EmulatedCamera_CallbackNotifier:     CAMERA_MSG_COMPRESSED_IMAGE
02-20 20:20:29.081  1365  1365 V EmulatedCamera_CallbackNotifier:     CAMERA_MSG_RAW_IMAGE_NOTIFY
02-20 20:20:29.081  1365  1365 V EmulatedCamera_CallbackNotifier:     CAMERA_MSG_PREVIEW_METADATA
02-20 20:20:29.081  1365  1365 V EmulatedCamera_CallbackNotifier: **** Currently enabled messages:
02-20 20:20:29.081  1365  1365 V EmulatedCamera_Preview: setPreviewWindow: current: 0x0 -> new: 0x0
02-20 20:20:29.081  1365  1365 V EmulatedCamera_Camera: doStopPreview
02-20 20:20:29.081  1365  1365 V EmulatedCamera_Camera: cancelPicture
02-20 20:20:29.082  1365  1365 V EmulatedCamera_Camera: releaseCamera
02-20 20:20:29.082  1365  1365 V EmulatedCamera_Camera: doStopPreview
02-20 20:20:29.082  1365  1365 V EmulatedCamera_FakeDevice: disconnectDevice
02-20 20:20:29.082  1365  1365 W EmulatedCamera_Device: Initialize: Emulated camera device is already initialized: mState = 1
02-20 20:20:29.082  1365  1365 D EmulatedCamera_FakeCamera: Initialize: Fake camera is facing back
02-20 20:20:29.082  1365  1365 V EmulatedCamera_Device: initializeWhiteBalanceModes with auto, 1.000000, 1.000000
02-20 20:20:29.082  1365  1365 V EmulatedCamera_Device: initializeWhiteBalanceModes with incandescent, 1.380000, 0.600000
02-20 20:20:29.082  1365  1365 V EmulatedCamera_Device: initializeWhiteBalanceModes with daylight, 1.090000, 0.920000
02-20 20:20:29.082  1365  1365 V EmulatedCamera_Device: initializeWhiteBalanceModes with twilight, 0.920000, 1.220000
02-20 20:20:29.082  1365  1365 V EmulatedCamera_Device: setWhiteBalanceMode with white balance auto
02-20 20:20:29.082  1365  1365 I CameraFlashlight: Destroying camera 0
02-20 20:20:29.082  1365  1365 V EmulatedCamera_Camera: closeCamera
02-20 20:20:29.082  1365  1365 V EmulatedCamera_Camera: doStopPreview
02-20 20:20:29.082  1365  1365 W EmulatedCamera_Device: Initialize: Emulated camera device is already initialized: mState = 1
02-20 20:20:29.082  1365  1365 D EmulatedCamera_FakeCamera: Initialize: Fake camera is facing back
02-20 20:20:29.082  1365  1365 V EmulatedCamera_Device: initializeWhiteBalanceModes with auto, 1.000000, 1.000000
02-20 20:20:29.083  1365  1365 V EmulatedCamera_Device: initializeWhiteBalanceModes with incandescent, 1.380000, 0.600000
02-20 20:20:29.083  1365  1365 V EmulatedCamera_Device: initializeWhiteBalanceModes with daylight, 1.090000, 0.920000
02-20 20:20:29.083  1365  1365 V EmulatedCamera_Device: initializeWhiteBalanceModes with twilight, 0.920000, 1.220000
02-20 20:20:29.083  1365  1365 V EmulatedCamera_Device: setWhiteBalanceMode with white balance auto
02-20 20:20:29.103  1365  1365 I CameraService: disconnect: Disconnected client for camera 0 for PID 1365
02-20 20:20:29.103  1372  1882 D NuPlayerDriver: reset(0xf09a8e40) at state 4
02-20 20:20:29.103  1372  1882 D NuPlayerDriver: notifyListener_l(0xf09a8e40), (8, 0, 0), loop setting(0, 0)
02-20 20:20:29.104  1372  2277 D NuPlayerDriver: notifyResetComplete(0xf09a8e40)
02-20 20:20:29.104  1372  1839 D NuPlayerDriver: reset(0xf09a8f00) at state 4
02-20 20:20:29.104  1372  1839 D NuPlayerDriver: notifyListener_l(0xf09a8f00), (8, 0, 0), loop setting(0, 0)
02-20 20:20:29.105  1372  2280 D NuPlayerDriver: notifyResetComplete(0xf09a8f00)
02-20 20:20:29.105  1372  1389 D NuPlayerDriver: reset(0xf09a9020) at state 4
02-20 20:20:29.105  1372  1389 D NuPlayerDriver: notifyListener_l(0xf09a9020), (8, 0, 0), loop setting(0, 0)
02-20 20:20:29.105  1372  2288 D NuPlayerDriver: notifyResetComplete(0xf09a9020)
02-20 20:20:29.106  1365  1706 V EmulatedCamera_Camera: getCameraInfo
02-20 20:20:29.106  1365  1706 V EmulatedCamera_BaseCamera: getCameraInfo
02-20 20:20:29.107  1660  1861 I Telecom : PhoneAccountRegistrar: New phone account registered: [[ ] PhoneAccount: ComponentInfo{com.android.phone/com.android.services.telephony.TelephonyConnectionService}, [e2f7d48dd2b5ca523e7313cf4ba0f6ea830b6281], UserHandle{0} Capabilities: CallProvider MultiUser PlaceEmerg SimSub  Schemes: tel voicemail  Extras: null GroupId: [da39a3ee5e6b4b0d3255bfef95601890afd80709]]: TSI.rPA@ABA
02-20 20:20:29.109  1365  1365 V EmulatedCamera_Camera: getCameraInfo
02-20 20:20:29.109  1365  1365 V EmulatedCamera_BaseCamera: getCameraInfo
02-20 20:20:29.110  1660  1747 I wm_task_removed: [1,removeAppToken: last token]
02-20 20:20:29.110  1660  1747 I wm_task_removed: [1,removeTask]
02-20 20:20:29.133  1660  1861 I Telecom : : Sending phone-account registered intent as user: TSI.rPA@ABA
02-20 20:20:29.133  1916  1916 I Telephony: AccountEntry: Registered phoneAccount: [[ ] PhoneAccount: ComponentInfo{com.android.phone/com.android.services.telephony.TelephonyConnectionService}, [e2f7d48dd2b5ca523e7313cf4ba0f6ea830b6281], UserHandle{0} Capabilities: CallProvider MultiUser PlaceEmerg SimSub  Schemes: tel voicemail  Extras: null GroupId: [da39a3ee5e6b4b0d3255bfef95601890afd80709]] with handle: ComponentInfo{com.android.phone/com.android.services.telephony.TelephonyConnectionService}, [e2f7d48dd2b5ca523e7313cf4ba0f6ea830b6281], UserHandle{0}
02-20 20:20:29.133  1916  1916 I Telephony: PstnIncomingCallNotifier: Registering: Handler (com.android.internal.telephony.GsmCdmaPhone) {29a9933}
02-20 20:20:29.137  1916  1916 I Telephony: TelecomAccountRegistry: Unregistering phone account ComponentInfo{com.android.phone/com.android.services.telephony.TelephonyConnectionService}, [e0184adedf913b076626646d3f52c3b49c39ad6d], UserHandle{0}.
02-20 20:20:29.138  1763  1763 I StatusBar: isKeyguardShowing() called before startKeyguard(), returning true
02-20 20:20:29.138  1763  1763 W StatusBar: isKeyguardSecure() called before startKeyguard(), returning false
02-20 20:20:29.138  1763  1763 W StatusBar: java.lang.Throwable
02-20 20:20:29.138  1763  1763 W StatusBar: 	at com.android.systemui.statusbar.BaseStatusBar.isKeyguardSecure(BaseStatusBar.java:2647)
02-20 20:20:29.138  1763  1763 W StatusBar: 	at com.android.systemui.statusbar.BaseStatusBar.isCameraAllowedByAdmin(BaseStatusBar.java:2670)
02-20 20:20:29.138  1763  1763 W StatusBar: 	at com.android.systemui.statusbar.phone.KeyguardBottomAreaView.updateCameraVisibility(KeyguardBottomAreaView.java:309)
02-20 20:20:29.138  1763  1763 W StatusBar: 	at com.android.systemui.statusbar.phone.KeyguardBottomAreaView.setPhoneStatusBar(KeyguardBottomAreaView.java:272)
02-20 20:20:29.138  1763  1763 W StatusBar: 	at com.android.systemui.statusbar.phone.PhoneStatusBar.makeStatusBarView(PhoneStatusBar.java:904)
02-20 20:20:29.138  1763  1763 W StatusBar: 	at com.android.systemui.statusbar.phone.PhoneStatusBar.addStatusBarWindow(PhoneStatusBar.java:3432)
02-20 20:20:29.138  1763  1763 W StatusBar: 	at com.android.systemui.statusbar.phone.PhoneStatusBar.createAndAddWindows(PhoneStatusBar.java:3428)
02-20 20:20:29.138  1763  1763 W StatusBar: 	at com.android.systemui.statusbar.BaseStatusBar.start(BaseStatusBar.java:765)
02-20 20:20:29.138  1763  1763 W StatusBar: 	at com.android.systemui.statusbar.phone.PhoneStatusBar.start(PhoneStatusBar.java:686)
02-20 20:20:29.138  1763  1763 W StatusBar: 	at com.android.systemui.statusbar.SystemBars.createStatusBarFromConfig(SystemBars.java:106)
02-20 20:20:29.138  1763  1763 W StatusBar: 	at com.android.systemui.statusbar.SystemBars.onNoService(SystemBars.java:58)
02-20 20:20:29.138  1763  1763 W StatusBar: 	at com.android.systemui.statusbar.ServiceMonitor.startService(ServiceMonitor.java:230)
02-20 20:20:29.138  1763  1763 W StatusBar: 	at com.android.systemui.statusbar.ServiceMonitor.-wrap5(ServiceMonitor.java)
02-20 20:20:29.138  1763  1763 W StatusBar: 	at com.android.systemui.statusbar.ServiceMonitor$1.handleMessage(ServiceMonitor.java:73)
02-20 20:20:29.138  1763  1763 W StatusBar: 	at android.os.Handler.dispatchMessage(Handler.java:102)
02-20 20:20:29.138  1763  1763 W StatusBar: 	at android.os.Looper.loop(Looper.java:154)
02-20 20:20:29.138  1763  1763 W StatusBar: 	at android.app.ActivityThread.main(ActivityThread.java:6119)
02-20 20:20:29.138  1763  1763 W StatusBar: 	at java.lang.reflect.Method.invoke(Native Method)
02-20 20:20:29.138  1763  1763 W StatusBar: 	at com.android.internal.os.ZygoteInit$MethodAndArgsCaller.run(ZygoteInit.java:886)
02-20 20:20:29.138  1763  1763 W StatusBar: 	at com.android.internal.os.ZygoteInit.main(ZygoteInit.java:776)
02-20 20:20:29.139  1763  1763 I StatusBar: isKeyguardShowing() called before startKeyguard(), returning true
02-20 20:20:29.139  1763  1763 W StatusBar: isKeyguardSecure() called before startKeyguard(), returning false
02-20 20:20:29.139  1763  1763 W StatusBar: java.lang.Throwable
02-20 20:20:29.139  1763  1763 W StatusBar: 	at com.android.systemui.statusbar.BaseStatusBar.isKeyguardSecure(BaseStatusBar.java:2647)
02-20 20:20:29.139  1763  1763 W StatusBar: 	at com.android.systemui.statusbar.BaseStatusBar.isCameraAllowedByAdmin(BaseStatusBar.java:2670)
02-20 20:20:29.139  1763  1763 W StatusBar: 	at com.android.systemui.statusbar.phone.KeyguardBottomAreaView.updateCameraVisibility(KeyguardBottomAreaView.java:309)
02-20 20:20:29.139  1763  1763 W StatusBar: 	at com.android.systemui.statusbar.phone.KeyguardBottomAreaView.setUserSetupComplete(KeyguardBottomAreaView.java:281)
02-20 20:20:29.139  1763  1763 W StatusBar: 	at com.android.systemui.statusbar.phone.PhoneStatusBar.makeStatusBarView(PhoneStatusBar.java:905)
02-20 20:20:29.139  1763  1763 W StatusBar: 	at com.android.systemui.statusbar.phone.PhoneStatusBar.addStatusBarWindow(PhoneStatusBar.java:3432)
02-20 20:20:29.139  1763  1763 W StatusBar: 	at com.android.systemui.statusbar.phone.PhoneStatusBar.createAndAddWindows(PhoneStatusBar.java:3428)
02-20 20:20:29.139  1763  1763 W StatusBar: 	at com.android.systemui.statusbar.BaseStatusBar.start(BaseStatusBar.java:765)
02-20 20:20:29.139  1763  1763 W StatusBar: 	at com.android.systemui.statusbar.phone.PhoneStatusBar.start(PhoneStatusBar.java:686)
02-20 20:20:29.139  1763  1763 W StatusBar: 	at com.android.systemui.statusbar.SystemBars.createStatusBarFromConfig(SystemBars.java:106)
02-20 20:20:29.139  1763  1763 W StatusBar: 	at com.android.systemui.statusbar.SystemBars.onNoService(SystemBars.java:58)
02-20 20:20:29.139  1763  1763 W StatusBar: 	at com.android.systemui.statusbar.ServiceMonitor.startService(ServiceMonitor.java:230)
02-20 20:20:29.139  1763  1763 W StatusBar: 	at com.android.systemui.statusbar.ServiceMonitor.-wrap5(ServiceMonitor.java)
02-20 20:20:29.139  1763  1763 W StatusBar: 	at com.android.systemui.statusbar.ServiceMonitor$1.handleMessage(ServiceMonitor.java:73)
02-20 20:20:29.139  1763  1763 W StatusBar: 	at android.os.Handler.dispatchMessage(Handler.java:102)
02-20 20:20:29.139  1763  1763 W StatusBar: 	at android.os.Looper.loop(Looper.java:154)
02-20 20:20:29.139  1763  1763 W StatusBar: 	at android.app.ActivityThread.main(ActivityThread.java:6119)
02-20 20:20:29.139  1763  1763 W StatusBar: 	at java.lang.reflect.Method.invoke(Native Method)
02-20 20:20:29.139  1763  1763 W StatusBar: 	at com.android.internal.os.ZygoteInit$MethodAndArgsCaller.run(ZygoteInit.java:886)
02-20 20:20:29.139  1763  1763 W StatusBar: 	at com.android.internal.os.ZygoteInit.main(ZygoteInit.java:776)
02-20 20:20:29.140  1660  1747 I Telecom : : Sending phone-account unregistered intent as user: TSI.uPA@ABI
02-20 20:20:29.153  1916  1928 D SST     : SST.getAllCellInfo(): return last, back to back calls
02-20 20:20:29.157  1916  1929 D SST     : SST.getAllCellInfo(): return last, back to back calls
02-20 20:20:29.157  1916  1929 D SST     : SST.getAllCellInfo(): return last, back to back calls
