02-20 20:20:26.084  1372  1882 I MediaPlayerService: MediaPlayerService::getOMX
02-20 20:20:26.088  1660  2019 I OMXClient: MuxOMX ctor
02-20 20:20:26.092  1660  1660 I ActivityManager: user 0 is still locked. Cannot load recents
02-20 20:20:26.096  1660  1660 I notification_enqueue: [10028,1763,com.android.systemui,1397773634,public:253,64,-1,Notification(pri=0 contentView=null vibrate=null sound=null defaults=0x0 flags=0x100 color=0xff607d8b category=sys actions=2 vis=PUBLIC),0]
02-20 20:20:26.098  1660  1660 D TelephonyRegistry: notifyCellLocationForSubscriber: subId=0 cellLocation=Bundle[{}]
02-20 20:20:26.099  1916  1929 D SubscriptionController: [getPhoneId]- no sims, returning default phoneId=2147483647
02-20 20:20:26.108  1660  1660 D RttService: SCAN_AVAILABLE : 3
02-20 20:20:26.111  1660  1736 D RttService: DefaultState got{ when=-3ms what=160512 target=com.android.internal.util.StateMachine$SmHandler }
02-20 20:20:26.112  1660  1735 I WifiScanningService: wifi driver loaded with scan capabilities: max buckets=16
02-20 20:20:26.119  1916  1916 D GsmInboundSmsHandler: created InboundSmsHandler
02-20 20:20:26.136  1934  1991 D EGL_emulation: eglMakeCurrent: 0x7a40be7790c0: ver 3 0 (tinfo 0x7a40c8a9c920)
02-20 20:20:26.149  1369  1369 I OMXMaster: makeComponentInstance(OMX.google.vorbis.decoder) in mediacodec process
02-20 20:20:26.150  1660  1743 E ActivityThread: Failed to find provider info for com.android.calendar
02-20 20:20:26.150  1660  1743 E ActivityThread: Failed to find provider info for com.android.calendar
02-20 20:20:26.210  1660  1670 I art     : Background partial concurrent mark sweep GC freed 41471(3MB) AllocSpace objects, 12(7MB) LOS objects, 21% free, 14MB/18MB, paused 1.114ms total 146.146ms
02-20 20:20:26.213  1660  1691 I boot_progress_enable_screen: 11213
02-20 20:20:26.214  1660  1698 I am_activity_launch_time: [0,189337804,com.android.settings/.FallbackHome,834,834]
02-20 20:20:26.214  1660  1698 I ActivityManager: Displayed com.android.settings/.FallbackHome: +834ms
02-20 20:20:26.220  1660  1691 V KeyguardServiceDelegate: *** Keyguard started
02-20 20:20:26.220  1660  1691 I screen_toggled: 1
02-20 20:20:26.221  1660  1698 I WindowManager: Screen frozen for +774ms due to Window{3a77868 u0 KeyguardScrim}
02-20 20:20:26.221  1660  1691 W KeyguardServiceDelegate: onScreenTurningOn(): no keyguard service!
02-20 20:20:26.227  1372  1839 I MediaPlayerService: MediaPlayerService::getOMX
02-20 20:20:26.227  1660  2029 I OMXClient: MuxOMX ctor
02-20 20:20:26.227  1369  1369 I OMXMaster: makeComponentInstance(OMX.google.vorbis.decoder) in mediacodec process
02-20 20:20:26.253  1916  1916 D CdmaInboundSmsHandler: created InboundSmsHandler
02-20 20:20:26.260  1916  1916 D SMSDispatcher: SMSDispatcher: ctor mSmsCapable=true format=3gpp mSmsSendDisabled=false
02-20 20:20:26.260  1916  1916 D GsmSMSDispatcher: GsmSMSDispatcher created
02-20 20:20:26.261  1916  2020 D GsmInboundSmsHandler: StartupState.processMessage:6
02-20 20:20:26.261  1916  2020 D GsmInboundSmsHandler: entering Idle state
02-20 20:20:26.261  1916  2024 D CdmaInboundSmsHandler: StartupState.processMessage:6
02-20 20:20:26.261  1916  2024 D CdmaInboundSmsHandler: entering Idle state
02-20 20:20:26.269  1916  1916 D IccCardProxy: ctor: ci=com.android.internal.telephony.RIL@f516e54 phoneId=0
02-20 20:20:26.269  1916  1916 D CdmaSSM : subscriptionSource from settings: 0
02-20 20:20:26.269  1916  1916 D CdmaSSM : cdmaSSM constructor: 0
02-20 20:20:26.269  1916  1916 D IccCardProxy: update icc_operator_numeric=
02-20 20:20:26.269  1916  1916 D TelephonyManager: setTelephonyProperty: success phoneId=0 property=gsm.sim.operator.numeric value:  propVal=
02-20 20:20:26.270  1916  1916 D TelephonyManager: setTelephonyProperty: success phoneId=0 property=gsm.sim.operator.iso-country value:  propVal=
02-20 20:20:26.270  1916  1916 D TelephonyManager: setTelephonyProperty: success phoneId=0 property=gsm.sim.operator.alpha value:  propVal=
02-20 20:20:26.270  1916  1916 E IccCardProxy: setExternalState: set mPhoneId=0 mExternalState=NOT_READY
02-20 20:20:26.270  1916  1916 D TelephonyManager: setTelephonyProperty: success phoneId=0 property=gsm.sim.state value: NOT_READY propVal=NOT_READY
02-20 20:20:26.270  1916  1916 D IccCardProxy: broadcastIccStateChangedIntent intent ACTION_SIM_STATE_CHANGED value=NOT_READY reason=null for mPhoneId=0
02-20 20:20:26.271  1916  1916 D RILJ    : setPhoneType=1 old value=0 [SUB0]
02-20 20:20:26.271  1916  1916 D TelephonyManager: setTelephonyProperty: success phoneId=0 property=gsm.current.phone-type value: 1 propVal=1
02-20 20:20:26.271  1916  1916 D IccCardProxy: Setting radio tech UMTS
02-20 20:20:26.272  1916  1916 D IccCardProxy: updateQuietMode: 3GPP subscription -> newQuietMode=false
02-20 20:20:26.272  1916  1916 D IccCardProxy: updateQuietMode: no changes don't setExternalState
02-20 20:20:26.272  1916  1916 D IccCardProxy: updateQuietMode: QuietMode is false (app_type=1 cdmaSource=-1)
02-20 20:20:26.287  1916  1916 W CarrierConfigManager: Error getting config for subId -1 ICarrierConfigLoader is null
02-20 20:20:26.287  1660  1949 D TelephonyRegistry: listen oscl: hasNotifySubscriptionInfoChangedOccurred==false no callback
02-20 20:20:26.303  1916  1916 D TelephonyManager: setTelephonyProperty: success phoneId=0 property=gsm.network.type value: Unknown propVal=Unknown
02-20 20:20:26.303  1916  1916 D RILJ    : [3654]> SIGNAL_STRENGTH [SUB0]
02-20 20:20:26.307  1374  1484 D RIL     : onRequest: SIGNAL_STRENGTH
02-20 20:20:26.308  1916  2001 D RilRequest: [3654]< SIGNAL_STRENGTH error: com.android.internal.telephony.CommandException: RADIO_NOT_AVAILABLE ret=
02-20 20:20:26.308  1916  1916 D SST     : notifyDataRegStateRilRadioTechnologyChanged: drs=1 rat=0
02-20 20:20:26.308  1916  1916 D TelephonyManager: setTelephonyProperty: success phoneId=0 property=gsm.network.type value: Unknown propVal=Unknown
02-20 20:20:26.316  1916  1916 D DCT     : [0]DCT.constructor
02-20 20:20:26.319  1660  1687 D TelephonyRegistry: listen oscl: hasNotifySubscriptionInfoChangedOccurred==false no callback
02-20 20:20:26.322  1916  1916 D Dcc     : E ctor
02-20 20:20:26.322  1916  1916 D Dcc     : X ctor
02-20 20:20:26.332  1916  1916 D SubscriptionController: [getPhoneId] asked for default subId=-1
02-20 20:20:26.333  1916  2033 D DcTesterDeacativateAll: register for intent action=com.android.internal.telephony.dataconnection.action_deactivate_all
02-20 20:20:26.333  1916  2033 D DcTesterDeacativateAll: register for intent action=com.android.internal.telephony.action_detached
02-20 20:20:26.334  1916  2033 D Dcc     : DccDefaultState: msg.what=EVENT_RIL_CONNECTED mRilVersion=12
02-20 20:20:26.337  1916  1916 D DcTesterFailBrinupAll: register for intent action=com.android.internal.telephony.dataconnection.action_fail_bringup
02-20 20:20:26.337  1916  1916 D DcTesterFailBrinupAll: register for intent action=com.android.internal.telephony.action_detached
02-20 20:20:26.337  1916  1916 D DcTesterFailBrinupAll: register for intent action=com.android.internal.telephony.action_attached
02-20 20:20:26.338  1916  1916 D SST     : notifyDataRegStateRilRadioTechnologyChanged: drs=1 rat=0
02-20 20:20:26.338  1916  1916 D TelephonyManager: setTelephonyProperty: success phoneId=0 property=gsm.network.type value: Unknown propVal=Unknown
02-20 20:20:26.338  1916  1916 D DCT     : [0]update sub = -2
02-20 20:20:26.338  1916  1916 D DCT     : [0]update(): Active DDS, register for all events now!
02-20 20:20:26.339  1916  1916 D GsmCdmaPhone: [GsmCdmaPhone] updateCurrentCarrierInProvider: mSubId = -2 currentDds = 1 operatorNumeric = null
02-20 20:20:26.339  1372  1839 I MediaPlayerService: MediaPlayerService::getOMX
02-20 20:20:26.340  1916  1916 D DCT     : [0]initApnContexts: E
02-20 20:20:26.340  1916  1916 D DCT     : [0]initApnContexts: skipping unknown type=1
02-20 20:20:26.341  1660  2034 I OMXClient: MuxOMX ctor
02-20 20:20:26.341  1916  1916 D DCT     : [0]initApnContexts: apnContext={mApnType=default mState=IDLE mWaitingApns={null} mApnSetting={null} mReason=dataEnabled mDataEnabled=false mDependencyMet=true}
02-20 20:20:26.341  1916  1916 D DCT     : [0]initApnContexts: apnContext={mApnType=mms mState=IDLE mWaitingApns={null} mApnSetting={null} mReason=dataEnabled mDataEnabled=false mDependencyMet=true}
02-20 20:20:26.341  1916  1916 D DCT     : [0]initApnContexts: apnContext={mApnType=supl mState=IDLE mWaitingApns={null} mApnSetting={null} mReason=dataEnabled mDataEnabled=false mDependencyMet=true}
02-20 20:20:26.341  1916  1916 D DCT     : [0]initApnContexts: apnContext={mApnType=hipri mState=IDLE mWaitingApns={null} mApnSetting={null} mReason=dataEnabled mDataEnabled=false mDependencyMet=true}
02-20 20:20:26.341  1916  1916 D DCT     : [0]initApnContexts: apnContext={mApnType=fota mState=IDLE mWaitingApns={null} mApnSetting={null} mReason=dataEnabled mDataEnabled=false mDependencyMet=true}
02-20 20:20:26.341  1916  1916 D DCT     : [0]initApnContexts: apnContext={mApnType=ims mState=IDLE mWaitingApns={null} mApnSetting={null} mReason=dataEnabled mDataEnabled=false mDependencyMet=true}
02-20 20:20:26.341  1916  1916 D DCT     : [0]initApnContexts: apnContext={mApnType=cbs mState=IDLE mWaitingApns={null} mApnSetting={null} mReason=dataEnabled mDataEnabled=false mDependencyMet=true}
02-20 20:20:26.341  1916  1916 D DCT     : [0]initApnContexts: skipping unknown type=13
02-20 20:20:26.341  1916  1916 D DCT     : [0]initApnContexts: apnContext={mApnType=ia mState=IDLE mWaitingApns={null} mApnSetting={null} mReason=dataEnabled mDataEnabled=false mDependencyMet=true}
02-20 20:20:26.341  1916  1916 D DCT     : [0]initApnContexts: apnContext={mApnType=emergency mState=IDLE mWaitingApns={null} mApnSetting={null} mReason=dataEnabled mDataEnabled=false mDependencyMet=true}
02-20 20:20:26.342  1369  1837 I OMXMaster: makeComponentInstance(OMX.google.vorbis.decoder) in mediacodec process
02-20 20:20:26.349  1916  1916 D GsmCdmaPhone: [GsmCdmaPhone] GsmCdmaPhone: constructor: sub = 0
02-20 20:20:26.349  1916  1916 I PhoneFactory: Creating Phone with type = 1 sub = 0
02-20 20:20:26.351  1916  1916 I PhoneFactory: defaultSmsApplication: NONE
02-20 20:20:26.351  1916  1916 I PhoneFactory: Creating SubInfoRecordUpdater 
02-20 20:20:26.355  1916  1916 D SubscriptionInfoUpdater: Constructor invoked
02-20 20:20:26.382  1660  1747 D TelephonyRegistry: listen oscl: hasNotifySubscriptionInfoChangedOccurred==false no callback
02-20 20:20:26.383  1916  1916 D SubscriptionController: [getPhoneId]- no sims, returning default phoneId=2147483647
02-20 20:20:26.384  1660  1687 D TelephonyRegistry: listen oscl: hasNotifySubscriptionInfoChangedOccurred==false no callback
02-20 20:20:26.385  1916  1916 D PhoneSwitcherNetworkRequstListener: Registering NetworkFactory
02-20 20:20:26.385  1660  1737 D ConnectivityService: Got NetworkFactory Messenger for PhoneSwitcherNetworkRequstListener
02-20 20:20:26.386  1916  1916 D PhoneSwitcher: PhoneSwitcher started
02-20 20:20:26.386  1916  1916 D ProxyController: Constructor - Enter
02-20 20:20:26.398  1916  1916 D ProxyController: clearTransaction
02-20 20:20:26.398  1916  1916 D ProxyController: clearTransaction: phoneId=0 status=IDLE
02-20 20:20:26.398  1916  1916 D ProxyController: Constructor - Exit
02-20 20:20:26.398  1916  1916 D TelephonyNetworkFactory[0]: Registering NetworkFactory
02-20 20:20:26.398  1660  1737 D ConnectivityService: Got NetworkFactory Messenger for TelephonyNetworkFactory[0]
02-20 20:20:26.402  1916  1916 D CallManager: registerPhone(GSM Handler (com.android.internal.telephony.GsmCdmaPhone) {29a9933})
02-20 20:20:26.402  1660  1742 D NotificationSQLiteLog: Pruned event entries: 0
02-20 20:20:26.403  1660  1686 D TelephonyRegistry: listen oscl: hasNotifySubscriptionInfoChangedOccurred==false no callback
02-20 20:20:26.423  1660  1690 I SyncManager: Got SyncJobService instance.
02-20 20:20:26.423  1313  1387 I SurfaceFlinger: Boot is finished (9663 ms)
02-20 20:20:26.424  1660  1660 I FusedLocation: engine started (com.android.location.fused)
02-20 20:20:26.424  1313  1387 I sf_stop_bootanim: 11424
02-20 20:20:26.445  1660  1691 I am_proc_start: [0,2040,10004,com.android.cellbroadcastreceiver,broadcast,com.android.cellbroadcastreceiver/.CellBroadcastReceiver]
02-20 20:20:26.445  1660  1691 I ActivityManager: Start proc 2040:com.android.cellbroadcastreceiver/u0a4 for broadcast com.android.cellbroadcastreceiver/.CellBroadcastReceiver
02-20 20:20:26.447  2040  2040 W art     : Unexpected CPU variant for X86 using defaults: x86_64
02-20 20:20:26.445     0     0 I init    : Service 'bootanim' (pid 1333) exited with status 0
02-20 20:20:26.447     0     0 I init    : Starting service 'exec 6 (/system/bin/bootstat)'...
02-20 20:20:26.445  2045  2045 I auditd  : type=1400 audit(0.0:11): avc: denied { getattr } for comm="bootstat" path="/vendor" dev="rootfs" ino=4004 scontext=u:r:bootstat:s0 tcontext=u:object_r:rootfs:s0 tclass=lnk_file permissive=0
02-20 20:20:26.445  2045  2045 W bootstat: type=1400 audit(0.0:11): avc: denied { getattr } for path="/vendor" dev="rootfs" ino=4004 scontext=u:r:bootstat:s0 tcontext=u:object_r:rootfs:s0 tclass=lnk_file permissive=0
02-20 20:20:26.452  1313  1313 I sf_frame_dur: [BootAnimation,0,20,174,10,2,0,0]
02-20 20:20:26.452  1916  1916 D CarrierConfigLoader: CarrierConfigLoader has started
02-20 20:20:26.453  1916  1916 E BluetoothAdapter: Bluetooth binder is null
02-20 20:20:26.453  1660  1861 D TelephonyRegistry: listen oscl: hasNotifySubscriptionInfoChangedOccurred==false no callback
02-20 20:20:26.455  1660  1698 I wm_boot_animation_done: 11455
02-20 20:20:26.456  1660  1698 I SystemServiceManager: Starting phase 1000
02-20 20:20:26.461  2045  2045 I bootstat: Service started: /system/bin/bootstat --record_boot_complete 
02-20 20:20:26.469  1660  1698 I am_proc_start: [0,2051,10015,com.google.android.ext.services,on-hold,]
02-20 20:20:26.469  1660  1698 I ActivityManager: Start proc 2051:com.google.android.ext.services/u0a15 for on-hold
02-20 20:20:26.479  2045  2045 I bootstat: Logging histogram: bootstat_mtime_matches_content 1
02-20 20:20:26.479  2045  2045 I sysui_histogram: [bootstat_mtime_matches_content,1]
02-20 20:20:26.483  2045  2045 I bootstat: Logging histogram: bootstat_mtime_matches_content 1
02-20 20:20:26.483  2045  2045 I sysui_histogram: [bootstat_mtime_matches_content,1]
02-20 20:20:26.483  1763  1787 I art     : Background partial concurrent mark sweep GC freed 1914(92KB) AllocSpace objects, 0(0B) LOS objects, 22% free, 13MB/17MB, paused 10.377ms total 58.046ms
02-20 20:20:26.483  2045  2045 I bootstat: Logging histogram: bootstat_mtime_matches_content 1
02-20 20:20:26.483  2045  2045 I sysui_histogram: [bootstat_mtime_matches_content,1]
02-20 20:20:26.485  1660  1698 D ActivityManager: Finishing user boot 0
02-20 20:20:26.485  1660  1698 I sysui_histogram: [framework_locked_boot_completed,11]
02-20 20:20:26.487  1660  1698 D CryptdConnector: SND -> {3 cryptfs prepare_user_storage ! 0 0 2}
02-20 20:20:26.487  1267  1303 D vold    : e4crypt_prepare_user_storage for volume null, user 0, serial 0, flags 2
02-20 20:20:26.487  1267  1303 D vold    : Preparing: /data/system_ce/0
02-20 20:20:26.487  1267  1303 D vold    : Preparing: /data/misc_ce/0
02-20 20:20:26.487  1267  1303 D vold    : Preparing: /data/media/0
02-20 20:20:26.487  1267  1303 D vold    : Preparing: /data/data
02-20 20:20:26.487  1660  1726 D CryptdConnector: RCV <- {200 3 Command succeeded}
02-20 20:20:26.487  1660  1698 V UserManagerService: Found /data/user/0 with serial number 0
02-20 20:20:26.487  1660  1698 V UserManagerService: Found /data/system_ce/0 with serial number 0
02-20 20:20:26.487  2051  2051 W art     : Unexpected CPU variant for X86 using defaults: x86_64
02-20 20:20:26.487  1660  1698 V PackageManager: reconcileAppsData for null u0 0x2
02-20 20:20:26.502  2059  2059 I bootstat: Service started: /system/bin/bootstat --record_boot_reason 
02-20 20:20:26.502  2059  2059 I bootstat: Unknown boot reason: 
02-20 20:20:26.521  2072  2072 I bootstat: Service started: /system/bin/bootstat --record_time_since_factory_reset 
02-20 20:20:26.521  2072  2072 I bootstat: Logging histogram: factory_reset_current_time 1519158026
02-20 20:20:26.521  2072  2072 I sysui_histogram: [factory_reset_current_time,1519158026]
02-20 20:20:26.525  2072  2072 I bootstat: Logging histogram: bootstat_mtime_matches_content 1
02-20 20:20:26.525  2072  2072 I sysui_histogram: [bootstat_mtime_matches_content,1]
02-20 20:20:26.525  2072  2072 I bootstat: Logging histogram: factory_reset_record_value 1519154248
02-20 20:20:26.525  2072  2072 I sysui_histogram: [factory_reset_record_value,1519154248]
02-20 20:20:26.495  2059  2059 I auditd  : type=1400 audit(0.0:12): avc: denied { getattr } for comm="bootstat" path="/vendor" dev="rootfs" ino=4004 scontext=u:r:bootstat:s0 tcontext=u:object_r:rootfs:s0 tclass=lnk_file permissive=0
02-20 20:20:26.495  2059  2059 W bootstat: type=1400 audit(0.0:12): avc: denied { getattr } for path="/vendor" dev="rootfs" ino=4004 scontext=u:r:bootstat:s0 tcontext=u:object_r:rootfs:s0 tclass=lnk_file permissive=0
02-20 20:20:26.505  2072  2072 I auditd  : type=1400 audit(0.0:13): avc: denied { getattr } for comm="bootstat" path="/vendor" dev="rootfs" ino=4004 scontext=u:r:bootstat:s0 tcontext=u:object_r:rootfs:s0 tclass=lnk_file permissive=0
02-20 20:20:26.505  2072  2072 W bootstat: type=1400 audit(0.0:13): avc: denied { getattr } for path="/vendor" dev="rootfs" ino=4004 scontext=u:r:bootstat:s0 tcontext=u:object_r:rootfs:s0 tclass=lnk_file permissive=0
02-20 20:20:26.485     0     0 I init    : Service 'exec 6 (/system/bin/bootstat)' (pid 2045) exited with status 0
02-20 20:20:26.487     0     0 I init    : Starting service 'exec 7 (/system/bin/bootstat)'...
02-20 20:20:26.511     0     0 I init    : Service 'exec 7 (/system/bin/bootstat)' (pid 2059) exited with status 0
02-20 20:20:26.512     0     0 I init    : Starting service 'exec 8 (/system/bin/bootstat)'...
02-20 20:20:26.526     0     0 I init    : Service 'exec 8 (/system/bin/bootstat)' (pid 2072) exited with status 0
02-20 20:20:26.526     0     0 I init    : Starting service 'exec 9 (/system/bin/bootstat)'...
02-20 20:20:26.577     0     0 I init    : Service 'exec 9 (/system/bin/bootstat)' (pid 2074) exited with status 0
02-20 20:20:26.581     0     0 I init    : write_file: Unable to open '/sys/class/android_usb/android0/enable': No such file or directory
02-20 20:20:26.583     0     0 I init    : write_file: Unable to open '/sys/class/android_usb/android0/idVendor': No such file or directory
02-20 20:20:26.587     0     0 I init    : write_file: Unable to open '/sys/class/android_usb/android0/idProduct': No such file or directory
02-20 20:20:26.587     0     0 I init    : write_file: Unable to open '/sys/class/android_usb/android0/functions': No such file or directory
02-20 20:20:26.587     0     0 I init    : write_file: Unable to open '/sys/class/android_usb/android0/enable': No such file or directory
02-20 20:20:26.545  2074  2074 I bootstat: Service started: /system/bin/bootstat -l 
02-20 20:20:26.545  2074  2074 I bootstat: Logging histogram: bootstat_mtime_matches_content 1
02-20 20:20:26.545  2074  2074 I sysui_histogram: [bootstat_mtime_matches_content,1]
02-20 20:20:26.545  2074  2074 I bootstat: Logging histogram: bootstat_mtime_matches_content 1
02-20 20:20:26.545  2074  2074 I sysui_histogram: [bootstat_mtime_matches_content,1]
02-20 20:20:26.545  2074  2074 I bootstat: Logging histogram: bootstat_mtime_matches_content 1
02-20 20:20:26.545  2074  2074 I sysui_histogram: [bootstat_mtime_matches_content,1]
02-20 20:20:26.545  2074  2074 I bootstat: Logging histogram: bootstat_mtime_matches_content 1
02-20 20:20:26.545  2074  2074 I sysui_histogram: [bootstat_mtime_matches_content,1]
02-20 20:20:26.552  2074  2074 I bootstat: Logging histogram: bootstat_mtime_matches_content 1
02-20 20:20:26.552  2074  2074 I sysui_histogram: [bootstat_mtime_matches_content,1]
02-20 20:20:26.553  2074  2074 I bootstat: Logging histogram: bootstat_mtime_matches_content 1
02-20 20:20:26.553  2074  2074 I sysui_histogram: [bootstat_mtime_matches_content,1]
02-20 20:20:26.553  2074  2074 I bootstat: Logging histogram: bootstat_mtime_matches_content 1
02-20 20:20:26.553  2074  2074 I sysui_histogram: [bootstat_mtime_matches_content,1]
02-20 20:20:26.553  2074  2074 I bootstat: Logging histogram: bootstat_mtime_matches_content 1
02-20 20:20:26.553  2074  2074 I sysui_histogram: [bootstat_mtime_matches_content,1]
02-20 20:20:26.553  2074  2074 I bootstat: Logging histogram: bootstat_mtime_matches_content 1
02-20 20:20:26.553  2074  2074 I sysui_histogram: [bootstat_mtime_matches_content,1]
02-20 20:20:26.553  2074  2074 I bootstat: Logging histogram: bootstat_mtime_matches_content 1
02-20 20:20:26.553  2074  2074 I sysui_histogram: [bootstat_mtime_matches_content,1]
02-20 20:20:26.553  2074  2074 I bootstat: Logging histogram: bootstat_mtime_matches_content 1
02-20 20:20:26.553  2074  2074 I sysui_histogram: [bootstat_mtime_matches_content,1]
02-20 20:20:26.553  2074  2074 I bootstat: Logging histogram: bootstat_mtime_matches_content 1
02-20 20:20:26.553  2074  2074 I sysui_histogram: [bootstat_mtime_matches_content,1]
02-20 20:20:26.553  2074  2074 I bootstat: Logging histogram: bootstat_mtime_matches_content 1
02-20 20:20:26.553  2074  2074 I sysui_histogram: [bootstat_mtime_matches_content,1]
02-20 20:20:26.553  2074  2074 I bootstat: Logging histogram: bootstat_mtime_matches_content 1
02-20 20:20:26.553  2074  2074 I sysui_histogram: [bootstat_mtime_matches_content,1]
02-20 20:20:26.553  2074  2074 I bootstat: Logging histogram: post_decrypt_time_elapsed 2
02-20 20:20:26.553  2074  2074 I sysui_histogram: [post_decrypt_time_elapsed,2]
02-20 20:20:26.553  2074  2074 I bootstat: Logging histogram: last_boot_time_utc 1519158026
02-20 20:20:26.553  2074  2074 I sysui_histogram: [last_boot_time_utc,1519158026]
02-20 20:20:26.553  2074  2074 I bootstat: Logging histogram: build_date 1513095943
02-20 20:20:26.553  2074  2074 I sysui_histogram: [build_date,1513095943]
02-20 20:20:26.553  2074  2074 I bootstat: Logging histogram: boot_decryption_complete 11
02-20 20:20:26.553  2074  2074 I sysui_histogram: [boot_decryption_complete,11]
02-20 20:20:26.553  2074  2074 I bootstat: Logging histogram: ota_boot_complete_post_decrypt 7
02-20 20:20:26.553  2074  2074 I sysui_histogram: [ota_boot_complete_post_decrypt,7]
02-20 20:20:26.553  2074  2074 I bootstat: Logging histogram: ota_boot_complete 9
02-20 20:20:26.553  2074  2074 I sysui_histogram: [ota_boot_complete,9]
02-20 20:20:26.553  2074  2074 I bootstat: Logging histogram: boot_reason 1
02-20 20:20:26.553  2074  2074 I sysui_histogram: [boot_reason,1]
02-20 20:20:26.553  2074  2074 I bootstat: Logging histogram: factory_reset_current_time 1519158026
02-20 20:20:26.553  2074  2074 I sysui_histogram: [factory_reset_current_time,1519158026]
02-20 20:20:26.553  2074  2074 I bootstat: Logging histogram: factory_reset 1519154248
02-20 20:20:26.553  2074  2074 I sysui_histogram: [factory_reset,1519154248]
02-20 20:20:26.553  2074  2074 I bootstat: Logging histogram: time_since_last_boot 71
02-20 20:20:26.553  2074  2074 I sysui_histogram: [time_since_last_boot,71]
02-20 20:20:26.553  2074  2074 I bootstat: Logging histogram: boot_complete_post_decrypt 9
02-20 20:20:26.553  2074  2074 I sysui_histogram: [boot_complete_post_decrypt,9]
02-20 20:20:26.553  2074  2074 I bootstat: Logging histogram: boot_complete 11
02-20 20:20:26.553  2074  2074 I sysui_histogram: [boot_complete,11]
02-20 20:20:26.553  2074  2074 I bootstat: Logging histogram: factory_reset_record_value 1519154248
02-20 20:20:26.553  2074  2074 I sysui_histogram: [factory_reset_record_value,1519154248]
02-20 20:20:26.553  2074  2074 I bootstat: Logging histogram: time_since_factory_reset 3778
02-20 20:20:26.553  2074  2074 I sysui_histogram: [time_since_factory_reset,3778]
02-20 20:20:26.558  1660  1698 V PackageManager: reconcileAppsData finished 100 packages
02-20 20:20:26.558  1660  1691 D MountService: onUnlockUser 0
02-20 20:20:26.558  1660  1691 D VoldConnector: SND -> {7 volume user_started 0}
02-20 20:20:26.559  1267  1302 D vold    : Linking /storage/emulated/0 to /mnt/user/0/primary
02-20 20:20:26.559  1660  1725 D VoldConnector: RCV <- {200 7 Command succeeded}
02-20 20:20:26.560  1660  1724 D MountService: Volume public:253,64 broadcasting mounted to UserHandle{0}
02-20 20:20:26.561  1660  1687 I am_proc_bound: [0,2040,com.android.cellbroadcastreceiver]
02-20 20:20:26.561  1660  1861 I am_proc_bound: [0,2051,com.google.android.ext.services]
02-20 20:20:26.564  1660  1724 D MountService: Volume emulated broadcasting mounted to UserHandle{0}
02-20 20:20:26.572  1660  1687 I StatusBarManagerService: registerStatusBar bar=com.android.internal.statusbar.IStatusBar$Stub$Proxy@89d5dbf
02-20 20:20:26.583  1916  1929 D SubscriptionController: [getPhoneId]- no sims, returning default phoneId=2147483647
02-20 20:20:26.584  2051  2051 W System  : ClassLoader referenced unknown path: /system/priv-app/GoogleExtServices/lib/x86_64
02-20 20:20:26.592  1916  1916 D RILJ    : [3655]> RIL_REQUEST_SET_TTY_MODE : 0 [SUB0]
02-20 20:20:26.593  1374  1484 D RIL     : onRequest: SET_TTY_MODE
02-20 20:20:26.593  1916  2001 D RilRequest: [3655]< RIL_REQUEST_SET_TTY_MODE error: com.android.internal.telephony.CommandException: RADIO_NOT_AVAILABLE ret=
02-20 20:20:26.593  1916  1916 I Telephony: TtyManager: updateUiTtyMode -1 -> 0
02-20 20:20:26.595  1660  1687 D TelephonyRegistry: listen oscl: hasNotifySubscriptionInfoChangedOccurred==false no callback
02-20 20:20:26.598  1916  1916 D SubscriptionController: [getPhoneId] asked for default subId=-1
02-20 20:20:26.535  2074  2074 I auditd  : type=1400 audit(0.0:14): avc: denied { getattr } for comm="bootstat" path="/vendor" dev="rootfs" ino=4004 scontext=u:r:bootstat:s0 tcontext=u:object_r:rootfs:s0 tclass=lnk_file permissive=0
02-20 20:20:26.535  2074  2074 W bootstat: type=1400 audit(0.0:14): avc: denied { getattr } for path="/vendor" dev="rootfs" ino=4004 scontext=u:r:bootstat:s0 tcontext=u:object_r:rootfs:s0 tclass=lnk_file permissive=0
02-20 20:20:26.631  2040  2040 W System  : ClassLoader referenced unknown path: /system/priv-app/CellBroadcastReceiver/lib/x86_64
02-20 20:20:26.643  1660  1795 I am_proc_start: [0,2077,10001,android.process.acore,content provider,com.android.providers.contacts/.ContactsProvider2]
02-20 20:20:26.643  1660  1795 I ActivityManager: Start proc 2077:android.process.acore/u0a1 for content provider com.android.providers.contacts/.ContactsProvider2
02-20 20:20:26.643  1660  1795 W ActivityManager: Slow operation: 58ms so far, now at getContentProviderImpl: after start process
02-20 20:20:26.643  1660  1795 W ActivityManager: Slow operation: 58ms so far, now at getContentProviderImpl: updating data structures
02-20 20:20:26.643  1660  1795 W ActivityManager: Slow operation: 58ms so far, now at getContentProviderImpl: done!
02-20 20:20:26.646  2077  2077 W art     : Unexpected CPU variant for X86 using defaults: x86_64
02-20 20:20:26.649  1660  1691 V BackupManagerService: No ancestral data
02-20 20:20:26.653  1916  1916 D UiccController: EVENT_RADIO_UNAVAILABLE, dispose card
02-20 20:20:26.653  1916  1916 D UiccController: Received EVENT_ICC_STATUS_CHANGED, calling getIccCardStatus
02-20 20:20:26.653  1916  1916 D RILJ    : [3656]> GET_SIM_STATUS [SUB0]
02-20 20:20:26.654  1374  1484 D RIL     : onRequest: GET_SIM_STATUS
02-20 20:20:26.654  1374  1484 D RIL     : getSIMStatus(). sState: 0
02-20 20:20:26.654  1916  1916 D Phone   : config LCE service failed: com.android.internal.telephony.CommandException: RADIO_NOT_AVAILABLE
02-20 20:20:26.654  1916  1916 D GsmSMSDispatcher: GsmSMSDispatcher: subId = -2 slotId = 0
02-20 20:20:26.654  1916  1916 E IccCardProxy: setExternalState: !override and newstate unchanged from NOT_READY
02-20 20:20:26.654  1916  1916 D RILJ    : [3657]> BASEBAND_VERSION [SUB0]
02-20 20:20:26.654  1916  1916 D RILJ    : [3658]> GET_IMEI [SUB0]
02-20 20:20:26.655  1916  1916 D RILJ    : [3659]> GET_IMEISV [SUB0]
02-20 20:20:26.655  1916  1916 D RILJ    : [3660]> RIL_REQUEST_GET_RADIO_CAPABILITY [SUB0]
02-20 20:20:26.655  1916  1916 D RILJ    : [3661]> RIL_REQUEST_START_LCE [SUB0]
02-20 20:20:26.655  1916  2001 D RILJ    : [3656]< GET_SIM_STATUS IccCardState {CARDSTATE_PRESENT,PINSTATE_UNKNOWN,num_apps=2,gsm_id=0{APPTYPE_SIM,APPSTATE_DETECTED},cdma_id=1{APPTYPE_RUIM,APPSTATE_DETECTED},ims_id=8} [SUB0]
02-20 20:20:26.655  1916  1916 D GsmCdmaPhone: [GsmCdmaPhone] Event EVENT_RADIO_OFF_OR_NOT_AVAILABLE Received
02-20 20:20:26.655  1916  1916 E IccCardProxy: setExternalState: !override and newstate unchanged from NOT_READY
02-20 20:20:26.655  1916  1916 D SST     : mDeviceShuttingDown=false, mDesiredPowerState=true, getRadioState=RADIO_OFF, mPowerOffDelayNeed=true, mAlarmSwitch=false, mRadioDisabledByCarrier=false
02-20 20:20:26.655  1916  1916 D RILJ    : [3662]> RADIO_POWER on [SUB0]
02-20 20:20:26.655  1374  1484 D RIL     : onRequest: BASEBAND_VERSION
02-20 20:20:26.655  1374  1484 D RIL     : onRequest: GET_IMEI
02-20 20:20:26.655  1374  1484 D AT      : AT> AT+CGSN
02-20 20:20:26.655  1916  1916 D RILJ    : [3663]> OPERATOR [SUB0]
02-20 20:20:26.656  1374  1487 D AT      : AT< 000000000000000
02-20 20:20:26.656  1374  1487 D AT      : AT< OK
02-20 20:20:26.656  1374  1484 D RIL     : onRequest: GET_IMEISV
02-20 20:20:26.656  1374  1484 D RIL     : onRequest: RIL_REQUEST_GET_RADIO_CAPABILITY
02-20 20:20:26.656  1374  1484 D RIL     : onRequest: <unknown request>
02-20 20:20:26.656  1374  1484 D RIL     : onRequest: RADIO_POWER
02-20 20:20:26.656  1374  1484 D AT      : AT> AT+CFUN=1
02-20 20:20:26.656  1916  1916 D RILJ    : [3664]> DATA_REGISTRATION_STATE [SUB0]
02-20 20:20:26.656  1374  1487 D AT      : AT< OK
02-20 20:20:26.656  1374  1484 D RIL     : setRadioState(10)
02-20 20:20:26.656  1374  1484 D RIL     : onRequest: OPERATOR
02-20 20:20:26.656  1374  1484 D AT      : AT> AT+COPS=3,0;+COPS?;+COPS=3,1;+COPS?;+COPS=3,2;+COPS?
02-20 20:20:26.656  1374  1487 D AT      : AT< +COPS: 0,0,"Android"
02-20 20:20:26.656  1374  1487 D AT      : AT< +COPS: 0,1,"Android"
02-20 20:20:26.656  1374  1487 D AT      : AT< +COPS: 0,2,"310260"
02-20 20:20:26.656  1374  1487 D AT      : AT< OK
02-20 20:20:26.656  1916  1916 D RILJ    : [3665]> VOICE_REGISTRATION_STATE [SUB0]
02-20 20:20:26.656  1374  1484 D RIL     : onRequest: DATA_REGISTRATION_STATE
02-20 20:20:26.656  1374  1484 D RIL     : requestRegistrationState
02-20 20:20:26.656  1374  1484 D AT      : AT> AT+CGREG?
02-20 20:20:26.656  1374  1487 D AT      : AT< +CGREG: 1,1,"0003","005b","000e"
02-20 20:20:26.656  1374  1487 D AT      : AT< OK
02-20 20:20:26.656  1374  1484 D RIL     : parseRegistrationState. Parsing: +CGREG: 1,1,"0003","005b","000e"
02-20 20:20:26.656  1374  1484 D RIL     : registration state type: 3GPP
02-20 20:20:26.656  1916  1916 D RILJ    : [3666]> QUERY_NETWORK_SELECTION_MODE [SUB0]
02-20 20:20:26.656  1374  1484 D RIL     : onRequest: VOICE_REGISTRATION_STATE
02-20 20:20:26.656  1374  1484 D RIL     : requestRegistrationState
02-20 20:20:26.656  1374  1484 D AT      : AT> AT+CREG?
02-20 20:20:26.656  1916  1916 D SST     : NITZ: 18/02/20:20:20:20+0:0:Unknown!Unknown,3988 start=11656 delay=7668
02-20 20:20:26.656  1916  2001 D RilRequest: [3657]< BASEBAND_VERSION error: com.android.internal.telephony.CommandException: RADIO_NOT_AVAILABLE ret=
02-20 20:20:26.656  1916  2001 D RILJ    : [3658]< GET_IMEI  [SUB0]
02-20 20:20:26.656  1916  2001 D RilRequest: [3659]< GET_IMEISV error: com.android.internal.telephony.CommandException: RADIO_NOT_AVAILABLE ret=
02-20 20:20:26.656  1916  1916 D SST     : NITZ: tzOffset=0 dst=0 zone=GMT iso= mGotCountryCode=false mNeedFixZoneAfterNitz=false
02-20 20:20:26.656  1916  2001 D RilRequest: [3660]< RIL_REQUEST_GET_RADIO_CAPABILITY error: com.android.internal.telephony.CommandException: RADIO_NOT_AVAILABLE ret=
02-20 20:20:26.656  1916  2001 D RilRequest: [3661]< RIL_REQUEST_START_LCE error: com.android.internal.telephony.CommandException: RADIO_NOT_AVAILABLE ret=
02-20 20:20:26.657  1916  2001 D RILJ    : [UNSL]< UNSOL_RESPONSE_RADIO_STATE_CHANGED RADIO_ON [SUB0]
02-20 20:20:26.657  1916  2001 D RILJ    : [UNSL]< UNSOL_RESPONSE_SIM_STATUS_CHANGED [SUB0]
02-20 20:20:26.657  1916  2001 D RILJ    : [3662]< RADIO_POWER  [SUB0]
02-20 20:20:26.657  1916  1916 D SST     : setAndBroadcastNetworkSetTimeZone: setTimeZone=GMT
02-20 20:20:26.657  1916  2001 D RILJ    : [3663]< OPERATOR {Android, Android, 310260} [SUB0]
02-20 20:20:26.657  1916  2001 D RILJ    : [3664]< DATA_REGISTRATION_STATE {1, 3, 5b, 14, null, null} [SUB0]
02-20 20:20:26.657  1374  1487 D AT      : AT< +CREG: 2,1, "0003", "005b"
02-20 20:20:26.657  1374  1487 D AT      : AT< OK
02-20 20:20:26.657  1660  1861 D AlarmManagerService: Kernel timezone updated to 0 minutes west of GMT
02-20 20:20:26.657  1374  1484 D RIL     : parseRegistrationState. Parsing: +CREG: 2,1, "0003", "005b"
02-20 20:20:26.657  1374  1484 D RIL     : registration state type: 3GPP
02-20 20:20:26.657  1374  1484 D RIL     : onRequest: QUERY_NETWORK_SELECTION_MODE
02-20 20:20:26.657  1374  1484 D AT      : AT> AT+COPS?
02-20 20:20:26.657  1374  1487 D AT      : AT< +COPS: 0,2,310260
02-20 20:20:26.657  1374  1487 D AT      : AT< OK
02-20 20:20:26.657  1916  2001 D RILJ    : [3665]< VOICE_REGISTRATION_STATE {1, 3, 5b, 0, null, null, null, null, null, null, null, null, null, null, null} [SUB0]
02-20 20:20:26.657  1916  2001 D RILJ    : [3666]< QUERY_NETWORK_SELECTION_MODE {0} [SUB0]
02-20 20:20:26.657  1916  1916 D SST     : setAndBroadcastNetworkSetTimeZone: call alarm.setTimeZone and broadcast zoneId=GMT
02-20 20:20:26.657  1916  1916 D SST     : NITZ: Setting time of day to Tue Feb 20 20:20:27 GMT+00:00 2018 NITZ receive delay(ms): 7669 gained(ms): 1012 from 18/02/20:20:20:20+0:0:Unknown!Unknown
02-20 20:20:26.657  1916  1916 D SST     : setAndBroadcastNetworkSetTime: time=1519158027669ms
02-20 20:20:26.657  1660  1949 D AlarmManagerService: Setting time of day to sec=1519158027
02-20 20:20:27.669  1660  1949 W AlarmManagerService: Unable to set rtc to 1519158027: No such device
02-20 20:20:27.677  1660  1691 V BackupManagerService: Starting with transport android/com.android.internal.backup.LocalTransport
02-20 20:20:27.677  1660  1691 V BackupManagerService: Found transports: 2
02-20 20:20:27.696  1660  1691 I am_proc_start: [0,2090,10014,com.google.android.gms.persistent,service,com.google.android.gms/.backup.BackupTransportService]
02-20 20:20:27.696  1660  1691 I ActivityManager: Start proc 2090:com.google.android.gms.persistent/u0a14 for service com.google.android.gms/.backup.BackupTransportService
02-20 20:20:27.697  1660  1660 V BackupManagerService: Connected to transport ComponentInfo{android/com.android.internal.backup.LocalTransportService}
02-20 20:20:27.697  1660  1660 V BackupManagerService: Registering transport android/com.android.internal.backup.LocalTransportService::android/com.android.internal.backup.LocalTransport = android.app.backup.BackupTransport$TransportImpl@7a23fd8
02-20 20:20:27.697  1660  1686 I am_proc_bound: [0,2077,android.process.acore]
02-20 20:20:27.698  1660  1660 I backup_transport_lifecycle: [android/com.android.internal.backup.LocalTransportService,1]
02-20 20:20:27.702  1660  1691 I BackupManagerService: Backup enabled => false
02-20 20:20:27.706  2090  2090 W art     : Unexpected CPU variant for X86 using defaults: x86_64
02-20 20:20:27.707  1916  1916 I SST     : NITZ: after Setting time of day
02-20 20:20:27.707  1916  1916 D SST     : NITZ: end=11696 dur=40
02-20 20:20:27.707  1916  1916 D SST     : mDeviceShuttingDown=false, mDesiredPowerState=true, getRadioState=RADIO_ON, mPowerOffDelayNeed=true, mAlarmSwitch=false, mRadioDisabledByCarrier=false
02-20 20:20:27.707  1916  1916 D RILJ    : [3667]> OPERATOR [SUB0]
02-20 20:20:27.708  1916  1916 D RILJ    : [3668]> DATA_REGISTRATION_STATE [SUB0]
02-20 20:20:27.708  1374  1484 D RIL     : onRequest: OPERATOR
02-20 20:20:27.708  1374  1484 D AT      : AT> AT+COPS=3,0;+COPS?;+COPS=3,1;+COPS?;+COPS=3,2;+COPS?
02-20 20:20:27.708  1374  1487 D AT      : AT< +COPS: 0,0,"Android"
02-20 20:20:27.708  1374  1487 D AT      : AT< +COPS: 0,1,"Android"
02-20 20:20:27.708  1374  1487 D AT      : AT< +COPS: 0,2,"310260"
02-20 20:20:27.708  1374  1487 D AT      : AT< OK
02-20 20:20:27.708  1916  2001 D RILJ    : [3667]< OPERATOR {Android, Android, 310260} [SUB0]
02-20 20:20:27.708  1916  1916 D RILJ    : [3669]> VOICE_REGISTRATION_STATE [SUB0]
02-20 20:20:27.708  1374  1484 D RIL     : onRequest: DATA_REGISTRATION_STATE
02-20 20:20:27.708  1374  1484 D RIL     : requestRegistrationState
02-20 20:20:27.708  1374  1484 D AT      : AT> AT+CGREG?
02-20 20:20:27.708  1374  1487 D AT      : AT< +CGREG: 1,1,"0003","005b","000e"
02-20 20:20:27.708  1374  1487 D AT      : AT< OK
02-20 20:20:27.708  1374  1484 D RIL     : parseRegistrationState. Parsing: +CGREG: 1,1,"0003","005b","000e"
02-20 20:20:27.708  1374  1484 D RIL     : registration state type: 3GPP
02-20 20:20:27.708  1916  1916 D RILJ    : [3670]> QUERY_NETWORK_SELECTION_MODE [SUB0]
02-20 20:20:27.708  1374  1484 D RIL     : onRequest: VOICE_REGISTRATION_STATE
02-20 20:20:27.708  1374  1484 D RIL     : requestRegistrationState
02-20 20:20:27.708  1374  1484 D AT      : AT> AT+CREG?
02-20 20:20:27.709  1374  1487 D AT      : AT< +CREG: 2,1, "0003", "005b"
02-20 20:20:27.709  1374  1487 D AT      : AT< OK
02-20 20:20:27.709  1374  1484 D RIL     : parseRegistrationState. Parsing: +CREG: 2,1, "0003", "005b"
02-20 20:20:27.709  1374  1484 D RIL     : registration state type: 3GPP
02-20 20:20:27.709  1916  1916 D SST     : onSignalStrengthResult() Exception from RIL : com.android.internal.telephony.CommandException: RADIO_NOT_AVAILABLE
02-20 20:20:27.709  1916  2001 D RILJ    : [3668]< DATA_REGISTRATION_STATE {1, 3, 5b, 14, null, null} [SUB0]
02-20 20:20:27.709  1916  2001 D RILJ    : [3669]< VOICE_REGISTRATION_STATE {1, 3, 5b, 0, null, null, null, null, null, null, null, null, null, null, null} [SUB0]
02-20 20:20:27.709  1374  1484 D RIL     : onRequest: QUERY_NETWORK_SELECTION_MODE
02-20 20:20:27.709  1374  1484 D AT      : AT> AT+COPS?
02-20 20:20:27.709  1374  1487 D AT      : AT< +COPS: 0,2,310260
02-20 20:20:27.709  1374  1487 D AT      : AT< OK
02-20 20:20:27.711  1916  2001 D RILJ    : [3670]< QUERY_NETWORK_SELECTION_MODE {0} [SUB0]
02-20 20:20:27.711  1916  1916 D DCT     : [0]onRadioAvailable
02-20 20:20:27.711  1916  1916 D DCT     : [0]onRadioOffOrNotAvailable: is off and clean up all connections
02-20 20:20:27.711  1916  1916 D DCT     : [0]cleanUpAllConnections: tearDown=false reason=radioTurnedOff
02-20 20:20:27.711  1916  1916 D GsmCdmaPhone: [GsmCdmaPhone] getDataConnectionState apnType=default ret=DISCONNECTED
02-20 20:20:27.712  1916  1916 D DCT     : [0]cleanUpConnection: X tearDown=false reason=radioTurnedOff apnContext={mApnType=default mState=IDLE mWaitingApns={null} mApnSetting={null} mReason=radioTurnedOff mDataEnabled=false mDependencyMet=true} dcac=null
02-20 20:20:27.712  1916  1916 D GsmCdmaPhone: [GsmCdmaPhone] getDataConnectionState apnType=mms ret=DISCONNECTED
02-20 20:20:27.713  1916  1916 D DCT     : [0]cleanUpConnection: X tearDown=false reason=radioTurnedOff apnContext={mApnType=mms mState=IDLE mWaitingApns={null} mApnSetting={null} mReason=radioTurnedOff mDataEnabled=false mDependencyMet=true} dcac=null
02-20 20:20:27.713  1916  1916 D GsmCdmaPhone: [GsmCdmaPhone] getDataConnectionState apnType=cbs ret=DISCONNECTED
02-20 20:20:27.713  1916  1916 D DCT     : [0]cleanUpConnection: X tearDown=false reason=radioTurnedOff apnContext={mApnType=cbs mState=IDLE mWaitingApns={null} mApnSetting={null} mReason=radioTurnedOff mDataEnabled=false mDependencyMet=true} dcac=null
02-20 20:20:27.713  1916  1916 D GsmCdmaPhone: [GsmCdmaPhone] getDataConnectionState apnType=fota ret=DISCONNECTED
02-20 20:20:27.713  1916  1916 D DCT     : [0]cleanUpConnection: X tearDown=false reason=radioTurnedOff apnContext={mApnType=fota mState=IDLE mWaitingApns={null} mApnSetting={null} mReason=radioTurnedOff mDataEnabled=false mDependencyMet=true} dcac=null
02-20 20:20:27.713  1916  1916 D GsmCdmaPhone: [GsmCdmaPhone] getDataConnectionState apnType=supl ret=DISCONNECTED
02-20 20:20:27.714  1916  1916 D DCT     : [0]cleanUpConnection: X tearDown=false reason=radioTurnedOff apnContext={mApnType=supl mState=IDLE mWaitingApns={null} mApnSetting={null} mReason=radioTurnedOff mDataEnabled=false mDependencyMet=true} dcac=null
02-20 20:20:27.714  1916  1916 D GsmCdmaPhone: [GsmCdmaPhone] getDataConnectionState apnType=ia ret=DISCONNECTED
02-20 20:20:27.715  1916  1916 D DCT     : [0]cleanUpConnection: X tearDown=false reason=radioTurnedOff apnContext={mApnType=ia mState=IDLE mWaitingApns={null} mApnSetting={null} mReason=radioTurnedOff mDataEnabled=false mDependencyMet=true} dcac=null
02-20 20:20:27.715  1916  1916 D GsmCdmaPhone: [GsmCdmaPhone] getDataConnectionState apnType=emergency ret=DISCONNECTED
02-20 20:20:27.715  1916  1916 D DCT     : [0]cleanUpConnection: X tearDown=false reason=radioTurnedOff apnContext={mApnType=emergency mState=IDLE mWaitingApns={null} mApnSetting={null} mReason=radioTurnedOff mDataEnabled=false mDependencyMet=true} dcac=null
02-20 20:20:27.715  1916  1916 D GsmCdmaPhone: [GsmCdmaPhone] getDataConnectionState apnType=hipri ret=DISCONNECTED
02-20 20:20:27.715  1916  1916 D DCT     : [0]cleanUpConnection: X tearDown=false reason=radioTurnedOff apnContext={mApnType=hipri mState=IDLE mWaitingApns={null} mApnSetting={null} mReason=radioTurnedOff mDataEnabled=false mDependencyMet=true} dcac=null
02-20 20:20:27.715  1916  1916 D GsmCdmaPhone: [GsmCdmaPhone] getDataConnectionState apnType=ims ret=DISCONNECTED
02-20 20:20:27.716  1916  1916 D DCT     : [0]cleanUpConnection: X tearDown=false reason=radioTurnedOff apnContext={mApnType=ims mState=IDLE mWaitingApns={null} mApnSetting={null} mReason=radioTurnedOff mDataEnabled=false mDependencyMet=true} dcac=null
02-20 20:20:27.716  1916  1916 D DCT     : [0]stopNetStatPoll
02-20 20:20:27.716  1916  1916 D DCT     : [0]cleanUpConnection: mDisconnectPendingCount = 0
02-20 20:20:27.716  1916  1916 D DCT     : [0]isDataAllowed: No - Not attached - SIM not loaded
02-20 20:20:27.720  1916  1916 D DCT     : [0]onDataConnectionDetached: stop polling and notify detached
02-20 20:20:27.720  1916  1916 D DCT     : [0]stopNetStatPoll
02-20 20:20:27.720  1916  1916 D DCT     : [0]notifyDataConnection: reason=dataDetached
02-20 20:20:27.720  1916  1916 D DCT     : [0]isDataAllowed: No - Not attached - SIM not loaded
02-20 20:20:27.723  1916  1916 D DCT     : [0]onRoamingOff
02-20 20:20:27.723  1916  1916 D DCT     : [0]isDataAllowed: No - Not attached - SIM not loaded
02-20 20:20:27.726  1916  1916 D DCT     : [0]setupDataOnConnectableApns: roamingOff hipri:[state=IDLE,enabled=false] mms:[state=IDLE,enabled=false] supl:[state=IDLE,enabled=false] ia:[state=IDLE,enabled=false] fota:[state=IDLE,enabled=false] ims:[state=IDLE,enabled=false] cbs:[state=IDLE,enabled=false] default:[state=IDLE,enabled=false] emergency:[state=IDLE,enabled=false] 
02-20 20:20:27.726  1916  1916 D DCT     : [0]setupDataOnConnectableApns: nwTypeChanged hipri:[state=IDLE,enabled=false] mms:[state=IDLE,enabled=false] supl:[state=IDLE,enabled=false] ia:[state=IDLE,enabled=false] fota:[state=IDLE,enabled=false] ims:[state=IDLE,enabled=false] cbs:[state=IDLE,enabled=false] default:[state=IDLE,enabled=false] emergency:[state=IDLE,enabled=false] 
02-20 20:20:27.726  1916  1916 D PhoneSwitcherNetworkRequstListener: got request NetworkRequest [ REQUEST id=1, [ Capabilities: INTERNET&NOT_RESTRICTED&TRUSTED&NOT_VPN] ] with score 0
02-20 20:20:27.726  1916  1916 D TelephonyNetworkFactory[0]: onSubIdChange -1->-2
02-20 20:20:27.726  1916  1916 D TelephonyNetworkFactory[0]: got request NetworkRequest [ REQUEST id=1, [ Capabilities: INTERNET&NOT_RESTRICTED&TRUSTED&NOT_VPN] ] with score 0
02-20 20:20:27.727  1916  1916 D DebugService: DebugService DebugService:
02-20 20:20:27.728  1916  1916 D TelephonyDebugService: TelephonyDebugService()
02-20 20:20:27.728  1916  1916 D DCT     : [0]NETWORK_STATE_CHANGED_ACTION: mIsWifiConnected=false
02-20 20:20:27.728  1916  1916 D DCT     : [0]Wifi state changed
02-20 20:20:27.728  1916  1916 D DCT     : [0]WIFI_STATE_CHANGED_ACTION: enabled=true mIsWifiConnected=false
02-20 20:20:27.728  1916  1916 D SubscriptionInfoUpdater: [Receiver]+
02-20 20:20:27.728  1916  1916 D SubscriptionInfoUpdater: Action: android.intent.action.SIM_STATE_CHANGED
02-20 20:20:27.728  1916  1916 D SubscriptionInfoUpdater: slotId: 0
02-20 20:20:27.728  1916  1916 D SubscriptionInfoUpdater: simStatus: NOT_READY
02-20 20:20:27.728  1916  1916 D SubscriptionInfoUpdater: Ignoring simStatus: NOT_READY
02-20 20:20:27.728  1916  1916 D SubscriptionInfoUpdater: [Receiver]-
02-20 20:20:27.728  1916  1916 D CarrierConfigLoader: mHandler: 12 phoneId: 0
02-20 20:20:27.728  1916  1916 D RILJ    : [3671]> RIL_REQUEST_QUERY_TTY_MODE [SUB0]
02-20 20:20:27.729  1916  1916 D GsmSMSDispatcher: GsmSMSDispatcher: subId = -2 slotId = 0
02-20 20:20:27.729  1916  1916 E IccCardProxy: setExternalState: !override and newstate unchanged from NOT_READY
02-20 20:20:27.729  1916  1916 D UiccController: Received EVENT_GET_ICC_STATUS_DONE
02-20 20:20:27.729  1916  1916 D UiccCard: 2 applications
02-20 20:20:27.729  1916  1916 D UiccCardApplication: Creating UiccApp: {APPTYPE_SIM,APPSTATE_DETECTED}
02-20 20:20:27.729  1374  1484 D RIL     : onRequest: QUERY_TTY_MODE
02-20 20:20:27.729  1374  1484 D RIL     : Request not supported. Tech: 1
02-20 20:20:27.730  1916  2001 D RilRequest: [3671]< RIL_REQUEST_QUERY_TTY_MODE error: com.android.internal.telephony.CommandException: REQUEST_NOT_SUPPORTED ret=
02-20 20:20:27.731  1916  1916 W VoiceMailConstants: Can't open /system/etc/voicemail-conf.xml
02-20 20:20:27.731  1916  1916 D SpnOverride: No SPN in OEM image = /oem/telephony/spn-conf.xml Load SPN from system image
02-20 20:20:27.731  1916  1916 W SpnOverride: Can not open /system/etc/spn-conf.xml
02-20 20:20:27.731  1916  1916 D SIMRecords: [SIMRecords] setting0 mMncLength-1
02-20 20:20:27.731  1916  1916 D SIMRecords: [SIMRecords] SIMRecords: onRadioOffOrNotAvailable set 'gsm.sim.operator.numeric' to operator=null
02-20 20:20:27.731  1916  1916 D SIMRecords: [SIMRecords] update icc_operator_numeric=null
02-20 20:20:27.731  1916  1916 D TelephonyManager: setTelephonyProperty: success phoneId=0 property=gsm.sim.operator.numeric value:  propVal=
02-20 20:20:27.731  1916  1916 D TelephonyManager: setTelephonyProperty: success phoneId=0 property=gsm.sim.operator.alpha value:  propVal=
02-20 20:20:27.731  1916  1916 D TelephonyManager: setTelephonyProperty: success phoneId=0 property=gsm.sim.operator.iso-country value:  propVal=
02-20 20:20:27.732  1916  1916 D SIMRecords: [SIMRecords] getOperatorNumeric: IMSI == null
02-20 20:20:27.732  1916  1916 D SIMRecords: [SIMRecords] SIMRecords X ctor this=SimRecords: mDestroyed=false mContext=com.android.phone.PhoneGlobals@14abe52 mCi=com.android.internal.telephony.RIL@f516e54 mFh=Handler (com.android.internal.telephony.uicc.SIMFileHandler) {83c3523} mParentApp=com.android.internal.telephony.uicc.UiccCardApplication@5e57a20 recordsLoadedRegistrants=android.os.RegistrantList@2aaefd9 mImsiReadyRegistrants=android.os.RegistrantList@2b26d9e mRecordsEventsRegistrants=android.os.RegistrantList@993007f mNewSmsRegistrants=android.os.RegistrantList@ef8184c mNetworkSelectionModeAutomaticRegistrants=android.os.RegistrantList@dd1b095 recordsToLoad=0 adnCache=Handler (com.android.internal.telephony.uicc.AdnRecordCache) {e53c5aa} recordsRequested=false iccid=null msisdnTag=null voiceMailNum=null voiceMailTag=null voiceMailNum=null newVoiceMailTag=null isVoiceMailFixed=false mImsi=null mncLength=-1 mailboxIndex=0 spn=null mVmConfigcom.android.internal.telephony.uicc.VoiceMailConstants@b61259b mSpnOverride=mSpnOverride callForwardingEnabled=0 spnState=null mCphsInfo=null mCspPlmnEnabled=true efMWIS=null efCPHS_MWI=null mEfCff=null mEfCfis=null getOperatorNumeric=null
02-20 20:20:27.732  1916  1916 D UiccCardApplication: Creating UiccApp: {APPTYPE_RUIM,APPSTATE_DETECTED}
02-20 20:20:27.733  1916  1916 D RuimRecords: [RuimRecords] setting0 mMncLength-1
02-20 20:20:27.736  1660  1949 I am_proc_bound: [0,2090,com.google.android.gms.persistent]
02-20 20:20:27.737  1916  1916 D RuimRecords: [RuimRecords] RuimRecords X ctor this=RuimRecords: mDestroyed=false mContext=com.android.phone.PhoneGlobals@14abe52 mCi=com.android.internal.telephony.RIL@f516e54 mFh=Handler (com.android.internal.telephony.uicc.RuimFileHandler) {169c111} mParentApp=com.android.internal.telephony.uicc.UiccCardApplication@7009276 recordsLoadedRegistrants=android.os.RegistrantList@5228077 mImsiReadyRegistrants=android.os.RegistrantList@5df24e4 mRecordsEventsRegistrants=android.os.RegistrantList@9985d4d mNewSmsRegistrants=android.os.RegistrantList@8db6002 mNetworkSelectionModeAutomaticRegistrants=android.os.RegistrantList@34ad13 recordsToLoad=0 adnCache=Handler (com.android.internal.telephony.uicc.AdnRecordCache) {2dbab50} recordsRequested=false iccid=null msisdnTag=null voiceMailNum=null voiceMailTag=null voiceMailNum=null newVoiceMailTag=null isVoiceMailFixed=false mImsi=null mncLength=-1 mailboxIndex=0 spn=null m_ota_commitedfalse mMyMobileNumber=xxxx mMin2Min1=null mPrlVersion=null mEFpl=null mEFli=null mCsimSpnDisplayCondition=false mMdn=null mMin=null mHomeSystemId=null mHomeNetworkId=null
02-20 20:20:27.741  2077  2077 W System  : ClassLoader referenced unknown path: /system/priv-app/ContactsProvider/lib/x86_64
