02-20 20:20:22.685  1660  1660 W PackageManager: Unknown permission com.google.android.gm.exchange.BIND in package com.google.android.calendar
02-20 20:20:22.685  1660  1660 W PackageManager: Not granting permission android.permission.CONTROL_KEYGUARD to package com.google.android.gsf.login (protectionLevel=2 flags=0x3048be45)
02-20 20:20:22.685  1660  1660 W PackageManager: Unknown permission com.android.vending.billing.BILLING_ACCOUNT_SERVICE in package com.google.android.gsf.login
02-20 20:20:22.685  1660  1660 W PackageManager: Unknown permission com.android.vending.billing.ADD_CREDIT_CARD in package com.google.android.gsf.login
02-20 20:20:22.685  1660  1660 W PackageManager: Unknown permission com.android.vending.billing.IBillingAccountService.BIND2 in package com.google.android.gsf.login
02-20 20:20:22.685  1660  1660 W PackageManager: Unknown permission com.android.vending.TOS_ACKED in package com.google.android.gsf.login
02-20 20:20:22.685  1660  1660 W PackageManager: Unknown permission com.android.launcher.permission.READ_SETTINGS in package com.android.settings
02-20 20:20:22.685  1660  1660 W PackageManager: Unknown permission com.android.launcher.permission.WRITE_SETTINGS in package com.android.settings
02-20 20:20:22.685  1660  1660 W PackageManager: Not granting permission android.permission.REGISTER_CONNECTION_MANAGER to package com.google.android.talk (protectionLevel=18 flags=0x3059be45)
02-20 20:20:22.685  1660  1660 W PackageManager: Unknown permission com.android.smspush.WAPPUSH_MANAGER_BIND in package com.android.phone
02-20 20:20:22.686  1660  1660 V PackageManager: reconcileAppsData for null u0 0x3
02-20 20:20:22.690  1367  1367 I SELinux : SELinux: Loaded file_contexts contexts from /file_contexts.bin.
02-20 20:20:23.013  1367  1367 D installd: Detected label change from u:object_r:app_data_file:s0 to u:object_r:app_data_file:s0:c512,c768 at /data/data/com.example.android.contactmanager/code_cache; running recursive restorecon
02-20 20:20:23.014  1367  1367 W installd: Mismatched inode value; found 57998 on disk but marked value was 58002; overwriting: Success
02-20 20:20:23.014  1367  1367 W installd: Mismatched inode value; found 57943 on disk but marked value was 58837; overwriting: Success
02-20 20:20:23.092  1660  1660 V PackageManager: reconcileAppsData finished 100 packages
02-20 20:20:23.119  1660  1660 I boot_progress_pms_ready: 8119
02-20 20:20:23.119  1660  1660 E PackageManager: There should probably be a verifier, but, none were found
02-20 20:20:23.122  1660  1660 D PackageManager: Ephemeral resolver NOT found; no matching intent filters
02-20 20:20:23.123  1660  1660 I PackageManager: Ephemeral deactivated; missing resolver and installer
02-20 20:20:23.123  1660  1660 I art     : Starting a blocking GC Explicit
02-20 20:20:23.123  1660  1690 W art     : Long monitor contention with owner main (1660) at int android.net.LocalSocketImpl.readba_native(byte[], int, int, java.io.FileDescriptor)(LocalSocketImpl.java:-2) waiters=0 in void com.android.server.pm.Settings$RuntimePermissionPersistence.writePermissionsSync(int) for 202ms
02-20 20:20:23.133  1660  1690 I dvm_lock_sample: [system_server,0,android.bg,202,Settings.java,4990,LocalSocketImpl.java,-2,40]
02-20 20:20:23.137  1660  1660 I art     : Explicit concurrent mark sweep GC freed 43329(2MB) AllocSpace objects, 4(80KB) LOS objects, 24% free, 12MB/16MB, paused 84us total 14.303ms
02-20 20:20:23.138  1660  1660 I SystemServer: StartOtaDexOptService
02-20 20:20:23.139  1660  1660 I SystemServer: StartUserManagerService
02-20 20:20:23.139  1660  1660 I SystemServiceManager: Starting com.android.server.pm.UserManagerService$LifeCycle
02-20 20:20:23.149  1311  1311 I lowmemorykiller: ActivityManager connected
02-20 20:20:23.149  1660  1660 D SensorService: nuSensorService starting...
02-20 20:20:23.152  1660  1660 W SensorService: Unable to read HMAC key; generating new one.
02-20 20:20:23.152  1660  1660 W SensorService: Unable to write HMAC key; dynamic sensor getId() will change after reboot.
02-20 20:20:23.153  1660  1711 D SensorService: nuSensorService thread starting...
02-20 20:20:23.153  1660  1710 D SensorService: new thread SensorEventAckReceiver
02-20 20:20:23.153  1660  1660 I SystemServiceManager: Starting com.android.server.BatteryService
02-20 20:20:23.162     0     0 W healthd : battery l=100 v=0 t=0.0 h=2 st=2 chg=a
02-20 20:20:23.163  1660  1686 I battery_status: [2,2,1,1,Li-ion]
02-20 20:20:23.163  1660  1686 I battery_level: [100,0,0]
02-20 20:20:23.164  1660  1660 I SystemServiceManager: Starting com.android.server.usage.UsageStatsService
02-20 20:20:23.178  1660  1660 I SystemServiceManager: Starting com.android.server.webkit.WebViewUpdateService
02-20 20:20:23.182  1660  1660 I SystemServer: Reading configuration...
02-20 20:20:23.182  1660  1660 I SystemServer: StartSchedulingPolicyService
02-20 20:20:23.183  1660  1660 I SystemServiceManager: Starting com.android.server.telecom.TelecomLoaderService
02-20 20:20:23.183  1660  1660 I SystemServer: StartTelephonyRegistry
02-20 20:20:23.187  1660  1660 I SystemServer: StartEntropyMixer
02-20 20:20:23.188  1660  1660 I EntropyMixer: Writing entropy...
02-20 20:20:23.192  1660  1660 I SystemServer: Camera Service
02-20 20:20:23.193  1660  1660 I SystemServiceManager: Starting com.android.server.camera.CameraService
02-20 20:20:23.196  1660  1712 I ServiceThread: Enabled StrictMode logging for CameraService_proxy looper.
02-20 20:20:23.198  1660  1660 I SystemServer: StartAccountManagerService
02-20 20:20:23.199  1660  1660 I SystemServiceManager: Starting com.android.server.accounts.AccountManagerService$Lifecycle
02-20 20:20:23.206  1660  1660 I SystemServer: StartContentService
02-20 20:20:23.207  1660  1660 I SystemServiceManager: Starting com.android.server.content.ContentService$Lifecycle
02-20 20:20:23.209  1660  1660 I SystemServer: InstallSystemProviders
02-20 20:20:23.213  1660  1660 W System  : ClassLoader referenced unknown path: /system/priv-app/SettingsProvider/lib/x86_64
02-20 20:20:23.227  1660  1660 I SystemServer: StartVibratorService
02-20 20:20:23.227  1660  1660 E VibratorService: Couldn't load vibrator module (No such file or directory)
02-20 20:20:23.232  1660  1660 W VibratorService: Tried to stop vibrating but there is no vibrator device.
02-20 20:20:23.233  1660  1660 I SystemServer: StartConsumerIrService
02-20 20:20:23.233  1660  1660 E ConsumerIrService: Can't open consumer IR HW Module, error: -2
02-20 20:20:23.234  1660  1660 I SystemServer: StartAlarmManagerService
02-20 20:20:23.235  1660  1660 I SystemServiceManager: Starting com.android.server.AlarmManagerService
02-20 20:20:23.237  1660  1660 W AlarmManagerService: no wall clock RTC found
02-20 20:20:23.237  1660  1660 D AlarmManagerService: Kernel timezone updated to 0 minutes west of GMT
02-20 20:20:23.239  1660  1660 I SystemServer: InitWatchdog
02-20 20:20:23.240  1660  1660 I SystemServer: StartInputManagerService
02-20 20:20:23.241  1660  1660 I InputManager: Initializing input manager, mUseDevInputEventForAudioJack=true
02-20 20:20:23.242  1660  1660 I SystemServer: StartWindowManagerService
02-20 20:20:23.274  1660  1698 I WindowManager: No existing display settings /data/system/display_settings.xml; starting empty
02-20 20:20:23.298  1660  1660 I SystemServer: StartVrManagerService
02-20 20:20:23.299  1660  1660 I SystemServiceManager: Starting com.android.server.vr.VrManagerService
02-20 20:20:23.301  1660  1660 W VrManagerService: init_native: Could not open VR hardware module, error No such file or directory (-2).
02-20 20:20:23.302  1660  1660 I wm_stack_created: 0
02-20 20:20:23.303  1660  1660 I InputManager: Starting input manager
02-20 20:20:23.307  1660  1660 I SystemServer: No Bluetooth Service (emulator)
02-20 20:20:23.307  1660  1660 I SystemServer: ConnectivityMetricsLoggerService
02-20 20:20:23.307  1660  1720 D EventHub: No input device configuration file found for device 'Power Button'.
02-20 20:20:23.307  1660  1660 I SystemServiceManager: Starting com.android.server.connectivity.MetricsLoggerService
02-20 20:20:23.310  1660  1720 W EventHub: Unable to disable kernel key repeat for /dev/input/event0: Function not implemented
02-20 20:20:23.310  1660  1720 I EventHub: New device: id=1, fd=91, path='/dev/input/event0', name='Power Button', classes=0x1, configuration='', keyLayout='/system/usr/keylayout/Generic.kl', keyCharacterMap='/system/usr/keychars/Generic.kcm', builtinKeyboard=false, wakeMechanism=EPOLLWAKEUP, usingClockIoctl=true
02-20 20:20:23.312  1660  1720 W EventHub: Unable to disable kernel key repeat for /dev/input/event1: Function not implemented
02-20 20:20:23.313  1660  1720 I EventHub: New device: id=2, fd=92, path='/dev/input/event1', name='qwerty2', classes=0x95, configuration='/system/usr/idc/qwerty2.idc', keyLayout='/system/usr/keylayout/qwerty.kl', keyCharacterMap='/system/usr/keychars/qwerty2.kcm', builtinKeyboard=true, wakeMechanism=EPOLLWAKEUP, usingClockIoctl=true
02-20 20:20:23.313  1660  1720 E EventHub: could not get driver version for /dev/input/mice, Not a typewriter
02-20 20:20:23.324  1660  1660 I SystemServer: IpConnectivityMetrics
02-20 20:20:23.324  1660  1660 I SystemServiceManager: Starting com.android.server.connectivity.IpConnectivityMetrics
02-20 20:20:23.324  1660  1660 I SystemServer: PinnerService
02-20 20:20:23.324  1660  1660 I SystemServiceManager: Starting com.android.server.PinnerService
02-20 20:20:23.325  1660  1660 I SystemServiceManager: Starting com.android.server.InputMethodManagerService$Lifecycle
02-20 20:20:23.363  1660  1720 I InputReader: Device added: id=-1, name='Virtual', sources=0x00000301
02-20 20:20:23.366  1660  1720 I InputReader:   Touch device 'qwerty2' could not query the properties of its associated display.  The device will be inoperable until the display size becomes available.
02-20 20:20:23.366  1660  1720 I InputReader: Device added: id=0, name='qwerty2', sources=0x80001103
02-20 20:20:23.366  1660  1720 I InputReader: Device added: id=1, name='Power Button', sources=0x00000101
02-20 20:20:23.383  1660  1660 I SystemServer: StartAccessibilityManagerService
02-20 20:20:23.395  1660  1660 I configuration_changed: 7672
02-20 20:20:23.395  1660  1660 I ActivityManager: Config changes=1df8 {1.0 ?mcc?mnc [en_US] ldltr sw360dp w360dp h740dp 640dpi nrml long port ?uimode ?night -touch -keyb/v/h -nav/h s.2}
02-20 20:20:23.397  1660  1698 I configuration_changed: 1032
02-20 20:20:23.397  1660  1698 I ActivityManager: Config changes=408 {1.0 ?mcc?mnc [en_US] ldltr sw360dp w360dp h668dp 640dpi nrml long port ?uimode ?night finger -keyb/v/h -nav/h s.3}
02-20 20:20:23.399  1660  1690 I UsageStatsService: User[0] Rollover scheduled @ 2018-02-21 20:20:23(1519244423396)
02-20 20:20:23.400  1660  1690 E AppIdleHistory: Unable to read app idle file for user 0
02-20 20:20:23.412  1660  1720 I InputReader: Reconfiguring input devices.  changes=0x00000004
02-20 20:20:23.412  1660  1720 I InputReader: Device reconfigured: id=0, name='qwerty2', size 1440x2960, orientation 0, mode 1, display id 0
02-20 20:20:23.412  1660  1720 I InputReader: Reconfiguring input devices.  changes=0x00000004
02-20 20:20:23.412  1660  1660 I SystemServiceManager: Starting com.android.server.MountService$Lifecycle
02-20 20:20:23.419  1660  1660 I SystemServiceManager: Starting com.android.server.UiModeManagerService
02-20 20:20:23.419  1660  1660 I configuration_changed: 512
02-20 20:20:23.419  1660  1660 I ActivityManager: Config changes=200 {1.0 ?mcc?mnc [en_US] ldltr sw360dp w360dp h668dp 640dpi nrml long port finger -keyb/v/h -nav/h s.4}
02-20 20:20:23.424  1660  1724 D MountService: Thinking about init, mSystemReady=false, mDaemonConnected=true
02-20 20:20:23.424  1660  1724 D MountService: Thinking about reset, mSystemReady=false, mDaemonConnected=true
02-20 20:20:23.425  1660  1724 D MountService: Thinking about init, mSystemReady=false, mDaemonConnected=true
02-20 20:20:23.425  1660  1724 D MountService: Thinking about reset, mSystemReady=false, mDaemonConnected=true
02-20 20:20:23.425  1660  1660 I SystemServer: StartLockSettingsService
02-20 20:20:23.426  1660  1724 D CryptdConnector: SND -> {1 cryptfs getfield SystemLocale}
02-20 20:20:23.426  1660  1660 I SystemServiceManager: Starting com.android.server.LockSettingsService$Lifecycle
02-20 20:20:23.433  1660  1660 I SystemServiceManager: Starting com.android.server.DeviceIdleController
02-20 20:20:23.435  1660  1660 E DeviceIdleController: Bad device idle settings
02-20 20:20:23.435  1660  1660 E DeviceIdleController: java.lang.IllegalArgumentException: 'null' in 'null' is not a valid key-value pair
02-20 20:20:23.435  1660  1660 E DeviceIdleController: 	at android.util.KeyValueListParser.setString(KeyValueListParser.java:57)
02-20 20:20:23.435  1660  1660 E DeviceIdleController: 	at com.android.server.DeviceIdleController$Constants.updateConstants(DeviceIdleController.java:788)
02-20 20:20:23.435  1660  1660 E DeviceIdleController: 	at com.android.server.DeviceIdleController$Constants.<init>(DeviceIdleController.java:777)
02-20 20:20:23.435  1660  1660 E DeviceIdleController: 	at com.android.server.DeviceIdleController.onStart(DeviceIdleController.java:1328)
02-20 20:20:23.435  1660  1660 E DeviceIdleController: 	at com.android.server.SystemServiceManager.startService(SystemServiceManager.java:112)
02-20 20:20:23.435  1660  1660 E DeviceIdleController: 	at com.android.server.SystemServer.startOtherServices(SystemServer.java:752)
02-20 20:20:23.435  1660  1660 E DeviceIdleController: 	at com.android.server.SystemServer.run(SystemServer.java:334)
02-20 20:20:23.435  1660  1660 E DeviceIdleController: 	at com.android.server.SystemServer.main(SystemServer.java:219)
02-20 20:20:23.435  1660  1660 E DeviceIdleController: 	at java.lang.reflect.Method.invoke(Native Method)
02-20 20:20:23.435  1660  1660 E DeviceIdleController: 	at com.android.internal.os.ZygoteInit$MethodAndArgsCaller.run(ZygoteInit.java:886)
02-20 20:20:23.435  1660  1660 E DeviceIdleController: 	at com.android.internal.os.ZygoteInit.main(ZygoteInit.java:776)
02-20 20:20:23.437  1660  1660 I SystemServiceManager: Starting com.android.server.devicepolicy.DevicePolicyManagerService$Lifecycle
02-20 20:20:23.442  1660  1660 I SystemServer: StartStatusBarManagerService
02-20 20:20:23.447  1660  1660 I SystemServer: StartClipboardService
02-20 20:20:23.448  1660  1660 I SystemServer: StartNetworkManagementService
02-20 20:20:23.450  1660  1728 I NetworkManagement: onDaemonConnected()
02-20 20:20:23.454  1660  1660 I SystemServiceManager: Starting com.android.server.TextServicesManagerService$Lifecycle
02-20 20:20:23.454  1660  1726 D CryptdConnector: RCV <- {200 1 -1}
02-20 20:20:23.461  1660  1724 W MountService: No primary storage mounted!
02-20 20:20:23.461  1660  1724 D VoldConnector: SND -> {1 asec list}
02-20 20:20:23.463  1660  1725 D VoldConnector: RCV <- {200 1 asec operation succeeded}
02-20 20:20:23.463  1660  1724 I PackageManager: No secure containers found
02-20 20:20:23.463  1660  1724 W PackageManager: Not granting permission android.permission.MANAGE_DOCUMENTS to package com.google.android.youtube (protectionLevel=2 flags=0x3c59be45)
02-20 20:20:23.463  1660  1724 W PackageManager: Not granting permission android.permission.READ_PHONE_STATE to package io.appium.settings because it was previously installed without
02-20 20:20:23.463  1660  1724 W PackageManager: Not granting permission android.permission.ACCESS_FINE_LOCATION to package io.appium.settings because it was previously installed without
02-20 20:20:23.463  1660  1724 W PackageManager: Not granting permission android.permission.ACCESS_COARSE_LOCATION to package io.appium.settings because it was previously installed without
02-20 20:20:23.463  1660  1724 W PackageManager: Not granting permission android.permission.ACCESS_MOCK_LOCATION to package io.appium.settings (protectionLevel=2 flags=0x3808be46)
02-20 20:20:23.463  1660  1724 W PackageManager: Unknown permission com.google.android.launcher.permission.CONTENT_REDIRECT in package com.google.android.googlequicksearchbox
02-20 20:20:23.463  1660  1724 W PackageManager: Unknown permission com.google.android.voicesearch.SHORTCUTS_ACCESS in package com.google.android.googlequicksearchbox
02-20 20:20:23.463  1660  1724 W PackageManager: Unknown permission com.google.android.voicesearch.ACCESS_SETTINGS in package com.google.android.googlequicksearchbox
02-20 20:20:23.463  1660  1724 W PackageManager: Unknown permission com.android.browser.permission.PRELOAD in package com.google.android.googlequicksearchbox
02-20 20:20:23.463  1660  1724 W PackageManager: Unknown permission com.google.android.ears.permission.WRITE in package com.google.android.googlequicksearchbox
02-20 20:20:23.463  1660  1724 W PackageManager: Unknown permission com.google.android.apps.googlevoice.permission.AUTO_SEND in package com.google.android.googlequicksearchbox
02-20 20:20:23.463  1660  1724 W PackageManager: Unknown permission com.android.chrome.PRERENDER_URL in package com.google.android.googlequicksearchbox
02-20 20:20:23.463  1660  1724 W PackageManager: Not granting permission com.google.android.googleapps.permission.GOOGLE_AUTH to package com.android.providers.calendar (protectionLevel=2 flags=0x30083e45)
02-20 20:20:23.463  1660  1724 W PackageManager: Not granting permission com.google.android.googleapps.permission.GOOGLE_AUTH.cl to package com.android.providers.calendar (protectionLevel=2 flags=0x30083e45)
02-20 20:20:23.463  1660  1724 W PackageManager: Unknown permission com.google.android.email.permission.ACCESS_PROVIDER in package com.google.android.gm
02-20 20:20:23.463  1660  1724 W PackageManager: Unknown permission com.google.android.gm.exchange.BIND in package com.google.android.gm
02-20 20:20:23.463  1660  1724 W PackageManager: Unknown permission com.android.email.partnerprovider.PARTNER_PROVIDER in package com.google.android.gm
02-20 20:20:23.463  1660  1724 W PackageManager: Unknown permission com.android.vending.TOS_ACKED in package com.google.android.setupwizard
02-20 20:20:23.463  1660  1724 W PackageManager: Unknown permission com.android.vending.setup.PLAY_SETUP_SERVICE in package com.google.android.setupwizard
02-20 20:20:23.463  1660  1724 W PackageManager: Unknown permission com.samsung.android.providers.context.permission.WRITE_USE_APP_FEATURE_SURVEY in package com.google.android.music
02-20 20:20:23.463  1660  1724 W PackageManager: Unknown permission com.android.vending.BILLING in package com.google.android.apps.docs
02-20 20:20:23.463  1660  1724 W PackageManager: Unknown permission android.permission.WRITE_SYNC_STATS in package com.google.android.apps.docs
02-20 20:20:23.463  1660  1724 W PackageManager: Not granting permission android.permission.INTERACT_ACROSS_USERS to package com.google.android.syncadapters.contacts (protectionLevel=50 flags=0x38083e45)
02-20 20:20:23.463  1660  1724 W PackageManager: Unknown permission com.google.android.syncadapters.contacts.permission.GAL_SEARCH in package com.google.android.syncadapters.contacts
02-20 20:20:23.463  1660  1724 W PackageManager: Unknown permission com.chrome.permission.DEVICE_EXTRAS in package com.android.chrome
02-20 20:20:23.463  1660  1724 W PackageManager: Unknown permission com.sec.enterprise.knox.MDM_CONTENT_PROVIDER in package com.android.chrome
02-20 20:20:23.463  1660  1724 W PackageManager: Unknown permission com.google.android.permission.INSTALL_WEARABLE_PACKAGES in package com.google.android.packageinstaller
02-20 20:20:23.463  1660  1724 W PackageManager: Unknown permission com.google.android.apps.enterprise.dmagent.permission.AutoSyncPermission in package com.google.android.gms
02-20 20:20:23.463  1660  1724 W PackageManager: Not granting permission android.permission.BIND_NOTIFICATION_LISTENER_SERVICE to package com.google.android.gms (protectionLevel=2 flags=0xb8c83e45)
02-20 20:20:23.463  1660  1724 W PackageManager: Unknown permission com.google.android.finsky.permission.INSTANT_APP_STATE in package com.google.android.gms
02-20 20:20:23.463  1660  1724 W PackageManager: Unknown permission com.google.android.finsky.permission.GEARHEAD_SERVICE in package com.google.android.gms
02-20 20:20:23.463  1660  1724 W PackageManager: Unknown permission com.google.android.permission.ACCESSIBILITY_SCAN_SERVICE in package com.google.android.gms
02-20 20:20:23.463  1660  1724 W PackageManager: Unknown permission android.permission.ACTIVITY_EMBEDDING in package com.google.android.gms
02-20 20:20:23.463  1660  1724 W PackageManager: Unknown permission android.permission.PROVIDE_RESOLVER_RANKER_SERVICE in package com.google.android.gms
02-20 20:20:23.463  1660  1724 W PackageManager: Unknown permission com.google.android.wearable.READ_SETTINGS in package com.google.android.gms
02-20 20:20:23.463  1660  1724 W PackageManager: Unknown permission android.permission.MANAGE_SUBSCRIPTION_PLANS in package com.google.android.gms
02-20 20:20:23.463  1660  1724 W PackageManager: Unknown permission com.android.vending.setup.PLAY_SETUP_SERVICE in package com.google.android.gms
02-20 20:20:23.463  1660  1724 W PackageManager: Unknown permission com.google.android.gms.game.notifications.permission.WRITE in package com.google.android.gms
02-20 20:20:23.464  1660  1724 W PackageManager: Unknown permission com.google.android.vending.verifier.ACCESS_VERIFIER in package com.google.android.gms
02-20 20:20:23.464  1660  1724 W PackageManager: Unknown permission com.android.launcher.permission.PRELOAD_WORKSPACE in package com.google.android.partnersetup
02-20 20:20:23.464  1660  1724 W PackageManager: Not granting permission com.google.android.googleapps.permission.GOOGLE_AUTH to package com.google.android.videos (protectionLevel=2 flags=0x385bbe45)
02-20 20:20:23.464  1660  1724 W PackageManager: Unknown permission com.android.launcher.permission.READ_SETTINGS in package com.google.android.apps.nexuslauncher
02-20 20:20:23.464  1660  1724 W PackageManager: Unknown permission android.permission.RUN_INSTRUMENTATION in package org.chromium.webview_shell
02-20 20:20:23.464  1660  1724 W PackageManager: Unknown permission com.google.android.gallery3d.permission.PICASA_STORE in package com.google.android.apps.photos
02-20 20:20:23.464  1660  1724 W PackageManager: Not granting permission android.permission.WRITE_MEDIA_STORAGE to package com.google.android.apps.photos (protectionLevel=18 flags=0x3858be45)
02-20 20:20:23.464  1660  1724 W PackageManager: Unknown permission com.google.android.gm.exchange.BIND in package com.google.android.calendar
02-20 20:20:23.464  1660  1724 W PackageManager: Not granting permission android.permission.CONTROL_KEYGUARD to package com.google.android.gsf.login (protectionLevel=2 flags=0x3048be45)
02-20 20:20:23.464  1660  1724 W PackageManager: Unknown permission com.android.vending.billing.BILLING_ACCOUNT_SERVICE in package com.google.android.gsf.login
02-20 20:20:23.464  1660  1724 W PackageManager: Unknown permission com.android.vending.billing.ADD_CREDIT_CARD in package com.google.android.gsf.login
02-20 20:20:23.464  1660  1724 W PackageManager: Unknown permission com.android.vending.billing.IBillingAccountService.BIND2 in package com.google.android.gsf.login
02-20 20:20:23.464  1660  1724 W PackageManager: Unknown permission com.android.vending.TOS_ACKED in package com.google.android.gsf.login
02-20 20:20:23.464  1660  1724 W PackageManager: Unknown permission com.android.launcher.permission.READ_SETTINGS in package com.android.settings
02-20 20:20:23.464  1660  1724 W PackageManager: Unknown permission com.android.launcher.permission.WRITE_SETTINGS in package com.android.settings
02-20 20:20:23.464  1660  1724 W PackageManager: Not granting permission android.permission.REGISTER_CONNECTION_MANAGER to package com.google.android.talk (protectionLevel=18 flags=0x3059be45)
02-20 20:20:23.464  1660  1724 W PackageManager: Unknown permission com.android.smspush.WAPPUSH_MANAGER_BIND in package com.android.phone
02-20 20:20:23.471  1660  1660 I SystemServer: StartNetworkScoreService
02-20 20:20:23.476  1660  1660 I SystemServer: StartNetworkStatsService
02-20 20:20:23.488  1660  1660 I SystemServer: StartNetworkPolicyManagerService
02-20 20:20:23.496  1660  1660 I SystemServer: No Wi-Fi NAN Service (NAN support Not Present)
02-20 20:20:23.511  1660  1724 W MountService: No primary storage defined yet; hacking together a stub
02-20 20:20:23.511  1660  1724 W MountService: No primary storage defined yet; hacking together a stub
02-20 20:20:23.512  1660  1724 W MountService: No primary storage mounted!
02-20 20:20:23.512  1660  1724 D VoldConnector: SND -> {2 asec list}
02-20 20:20:23.513  1660  1725 D VoldConnector: RCV <- {200 2 asec operation succeeded}
02-20 20:20:23.529  1660  1660 I SystemServiceManager: Starting com.android.server.wifi.p2p.WifiP2pService
02-20 20:20:23.555  1660  1660 I WifiP2pService: Registering wifip2p
02-20 20:20:23.556  1660  1660 I SystemServiceManager: Starting com.android.server.wifi.WifiService
02-20 20:20:23.609  1660  1660 D HS20    : Passpoint is disabled
02-20 20:20:23.626  1373  1685 D CommandListener: Clearing all IP addresses on wlan0
02-20 20:20:23.826  1660  1660 W art     : Long monitor contention with owner WifiStateMachine (1733) at boolean com.android.server.wifi.WifiNative.unloadDriverNative()(WifiNative.java:-2) waiters=0 in java.lang.String com.android.server.wifi.WifiNative.doStringCommand(java.lang.String) for 200ms
02-20 20:20:23.826  1660  1660 I dvm_lock_sample: [system_server,0,main,200,WifiNative.java,295,-,-2,40]
02-20 20:20:23.826  1660  1733 D WifiApConfigStore: 2G band allowed channels are:1,6,11
02-20 20:20:23.826  1660  1660 E WifiLogger: no ring buffers found
02-20 20:20:23.826  1660  1660 E WifiLogger: Failed to start packet fate monitoring
02-20 20:20:23.829  1660  1660 D WifiController: isAirplaneModeOn = false, isWifiEnabled = true, isScanningAvailable = false
02-20 20:20:23.830  1660  1660 I WifiService: Registering wifi
02-20 20:20:23.832  1660  1660 I SystemServiceManager: Starting com.android.server.wifi.scanner.WifiScanningService
02-20 20:20:23.832  1660  1660 I WifiScanningService: Creating wifiscanner
02-20 20:20:23.841  1660  1660 I WifiScanningService: Publishing wifiscanner
02-20 20:20:23.841  1660  1660 I SystemServiceManager: Starting com.android.server.wifi.RttService
02-20 20:20:23.842  1660  1660 I RttService: Creating rttmanager
02-20 20:20:23.843  1660  1660 I RttService: Starting rttmanager
02-20 20:20:23.844  1660  1660 I SystemServer: StartConnectivityService
02-20 20:20:23.848  1660  1660 D ConnectivityService: ConnectivityService starting up
02-20 20:20:23.857  1660  1660 D ConnectivityService: wifiOnly=false
02-20 20:20:23.866  1660  1660 I SystemServer: StartNsdService
02-20 20:20:23.869  1660  1660 I SystemServer: StartUpdateLockService
02-20 20:20:23.870  1660  1660 I SystemServiceManager: Starting com.android.server.RecoverySystemService
02-20 20:20:23.871  1660  1660 I SystemServiceManager: Starting com.android.server.notification.NotificationManagerService
02-20 20:20:23.883  1660  1660 D ConditionProviders.SCP: new ScheduleConditionProvider()
02-20 20:20:23.886  1660  1660 D ZenLog  : config: readXml,ZenModeConfig[user=0,allowCalls=true,allowRepeatCallers=false,allowMessages=false,allowCallsFrom=contacts,allowMessagesFrom=contacts,allowReminders=true,allowEvents=true,allowWhenScreenOff=true,allowWhenScreenOn=true,automaticRules={9f9ced8d68674a989f37868f95d93ac7=ZenRule[enabled=false,snoozing=false,name=Weekend,zenMode=ZEN_MODE_ALARMS,conditionId=condition://android/schedule?days=6.7&start=23.30&end=10.0&exitAtAlarm=false,condition=Condition[id=condition://android/schedule?days=6.7&start=23.30&end=10.0&exitAtAlarm=false,summary=...,line1=...,line2=...,icon=0,state=STATE_FALSE,flags=2],component=ComponentInfo{android/com.android.server.notification.ScheduleConditionProvider},id=9f9ced8d68674a989f37868f95d93ac7,creationTime=1519154245406,enabler=null], 98612bb55a4646f5ba486d308ab94423=ZenRule[enabled=false,snoozing=false,name=Event,zenMode=ZEN_MODE_ALARMS,conditionId=condition://android/event?userId=-10000&calendar=&reply=1,condition=Condition[id=condition://android/event?userId=-10000&calendar=&reply=1,summary=...,line1=...,line2=...,icon=0,state=STATE_FALSE,flags=2],component=ComponentInfo{android/com.android.server.notification.EventConditionProvider},id=98612bb55a4646f5ba486d308ab94423,creationTime=1519154245406,enabler=null], 6f641ae47b9a4c289d295be5997fac22=ZenRule[enabled=false,snoozing=false,name=Weeknight,zenMode=ZEN_MODE_ALARMS,conditionId=condition://android/schedule?days=1.2.3.4.5&start=22.0&end=7.0&exitAtAlarm=false,condition=Condition[id=condition://android/schedule?days=1.2.3.4.5&start=22.0&end=7.0&exitAtAlarm=false,summary=...,line1=...,line2=...,icon=0,state=STATE_FALSE,flags=2],component=ComponentInfo{android/com.android.server.notification.ScheduleConditionProvider},id=6f641ae47b9a4c289d295be5997fac22,creationTime=1519154245406,enabler=null]},manualRule=null],Diff[automaticRule[9f9ced8d68674a989f37868f95d93ac7]:insert,automaticRule[d50c1250d528426dac139e3cc7ff71f9]:delete,automaticRule[a16241a313784c83a2c5485a778fe9d7]:delete,automaticRule[98612bb55a4646f5ba486d308ab94423]:insert,automaticRule[90d3d1983e0944138239293fbb59a7e7]:delete,automaticRule[6f641ae47b9a4c289d295be5997fac22]:insert]
02-20 20:20:23.890  1660  1660 D ZenLog  : set_zen_mode: off,init
02-20 20:20:23.893  1660  1660 I SystemServiceManager: Starting com.android.server.storage.DeviceStorageMonitorService
02-20 20:20:23.894  1660  1660 I free_storage_left: [843202560,168488960,843202560]
02-20 20:20:23.894  1660  1660 I free_storage_changed: 843202560
02-20 20:20:23.894  1660  1660 I SystemServer: StartLocationManagerService
02-20 20:20:23.897  1660  1660 I SystemServer: StartCountryDetectorService
02-20 20:20:23.898  1660  1660 I SystemServer: StartSearchManagerService
02-20 20:20:23.898  1660  1660 I SystemServiceManager: Starting com.android.server.search.SearchManagerService$Lifecycle
02-20 20:20:23.899  1660  1660 I SystemServiceManager: Starting com.android.server.DropBoxManagerService
02-20 20:20:23.900  1660  1660 I SystemServer: StartWallpaperManagerService
02-20 20:20:23.900  1660  1660 I SystemServiceManager: Starting com.android.server.wallpaper.WallpaperManagerService$Lifecycle
02-20 20:20:23.901  1660  1660 E BitmapFactory: Unable to decode stream: java.io.FileNotFoundException: /data/system/users/0/wallpaper_orig (No such file or directory)
02-20 20:20:23.901  1660  1660 E WallpaperManagerService: Invalid wallpaper data
02-20 20:20:23.902  1660  1660 E WallpaperManagerService: Unable to apply new wallpaper
02-20 20:20:23.904  1660  1660 I SystemServer: StartAudioService
02-20 20:20:23.904  1660  1660 I SystemServiceManager: Starting com.android.server.audio.AudioService$Lifecycle
02-20 20:20:23.913  1364  1402 D PermissionCache: checking android.permission.MODIFY_AUDIO_SETTINGS for uid=1000 => granted (309 us)
02-20 20:20:23.915  1660  1660 W TelecomManager: Telecom Service not found.
02-20 20:20:23.918  1364  1398 W AudioFlinger: no wake lock to update, system not ready yet
02-20 20:20:23.932  1660  1660 I SystemServiceManager: Starting com.android.server.DockObserver
02-20 20:20:23.933  1660  1660 W DockObserver: This kernel does not have dock station support
02-20 20:20:23.934  1660  1660 I SystemServer: StartWiredAccessoryManager
02-20 20:20:23.935  1660  1660 W WiredAccessoryManager: This kernel does not have usb audio support
02-20 20:20:23.935  1660  1660 W WiredAccessoryManager: This kernel does not have HDMI audio support
02-20 20:20:23.935  1660  1660 I SystemServiceManager: Starting com.android.server.midi.MidiService$Lifecycle
02-20 20:20:23.938  1660  1660 I SystemServiceManager: Starting com.android.server.usb.UsbService$Lifecycle
02-20 20:20:23.949  1660  1660 I SystemServer: StartSerialService
02-20 20:20:23.950  1660  1660 E HardwarePropertiesManagerService-JNI: Couldn't load thermal module (No such file or directory)
02-20 20:20:23.950  1660  1660 I SystemServiceManager: Starting com.android.server.twilight.TwilightService
02-20 20:20:23.951  1660  1660 I SystemServiceManager: Starting com.android.server.job.JobSchedulerService
02-20 20:20:23.953  1660  1660 D JobStore: Start tag: job-info
02-20 20:20:23.955  1660  1660 I SystemServiceManager: Starting com.android.server.soundtrigger.SoundTriggerService
02-20 20:20:23.956  1660  1660 I SystemServiceManager: Starting com.android.server.backup.BackupManagerService$Lifecycle
02-20 20:20:23.958  1660  1660 I SystemServiceManager: Starting com.android.server.appwidget.AppWidgetService
02-20 20:20:23.965  1660  1660 I SystemServiceManager: Starting com.android.server.voiceinteraction.VoiceInteractionManagerService
02-20 20:20:23.967  1660  1660 I SystemServer: Gesture Launcher Service
02-20 20:20:23.967  1660  1660 I SystemServiceManager: Starting com.android.server.GestureLauncherService
02-20 20:20:23.967  1660  1660 I SystemServiceManager: Starting com.android.server.SensorNotificationService
02-20 20:20:23.968  1660  1660 I SystemServiceManager: Starting com.android.server.ContextHubSystemService
02-20 20:20:23.969  1660  1660 E ContextHubService: ** Could not load context_hub module : err No such file or directory
02-20 20:20:23.969  1660  1660 W ContextHubService: No Context Hub Module present
02-20 20:20:23.970  1660  1660 I SystemServer: StartDiskStatsService
02-20 20:20:23.971  1660  1660 I SystemServer: StartSamplingProfilerService
02-20 20:20:23.975  1660  1660 I SystemServer: StartNetworkTimeUpdateService
02-20 20:20:23.976  1660  1660 I SystemServer: StartCommonTimeManagementService
02-20 20:20:23.977  1660  1660 I SystemServer: CertBlacklister
02-20 20:20:23.978  1660  1660 I SystemServiceManager: Starting com.android.server.emergency.EmergencyAffordanceService
02-20 20:20:23.979  1660  1660 I SystemServiceManager: Starting com.android.server.dreams.DreamManagerService
02-20 20:20:23.981  1660  1660 I SystemServer: StartAssetAtlasService
02-20 20:20:23.983  1660  1660 I SystemServiceManager: Starting com.android.server.print.PrintManagerService
02-20 20:20:23.983  1660  1751 D AssetAtlas: Loaded configuration: SliceMinArea (1280x1536) flags=0x2 count=91
02-20 20:20:23.985  1660  1660 I SystemServiceManager: Starting com.android.server.restrictions.RestrictionsManagerService
02-20 20:20:23.987  1660  1660 I SystemServiceManager: Starting com.android.server.media.MediaSessionService
02-20 20:20:23.989  1660  1660 I SystemServer: StartMediaRouterService
02-20 20:20:23.997  1660  1660 I SystemServiceManager: Starting com.android.server.trust.TrustManagerService
02-20 20:20:24.000  1660  1660 I SystemServiceManager: Starting com.android.server.fingerprint.FingerprintService
02-20 20:20:24.013  1376  1376 D PermissionCache: checking android.permission.MANAGE_FINGERPRINT for uid=1000 => granted (167 us)
02-20 20:20:24.013  1660  1751 D         : HostConnection::get() New Host Connection established 0x7a40b19314c0, tid 1751
02-20 20:20:24.013  1376  1376 V fingerprintd: nativeOpenHal()
02-20 20:20:24.016  1376  1376 D FingerprintHal: ----------------> fingerprint_open ----------------->
02-20 20:20:24.016  1376  1376 E fingerprintd: Wrong fp version. Expected 512, got 513
02-20 20:20:24.016  1376  1376 D FingerprintHal: ----------------> set_notify_callback ----------------->
02-20 20:20:24.016  1376  1376 D FingerprintHal: fingerprint callback notification set
02-20 20:20:24.016  1376  1376 V fingerprintd: fingerprint HAL successfully initialized
02-20 20:20:24.016  1376  1752 D FingerprintHal: ----------------> listenerFunction ----------------->
02-20 20:20:24.026  1376  1376 V fingerprintd: setActiveGroup(0, /data/system/users/0/fpdata, 27)
02-20 20:20:24.026  1376  1376 D FingerprintHal: ----------------> fingerprint_set_active_group -----------------> path /data/system/users/0/fpdata
02-20 20:20:24.026  1376  1376 D FingerprintHal: ----------------> loadFingerprints ----------------->
02-20 20:20:24.026  1376  1376 E FingerprintHal: Could not load fingerprints from storage at /data/system/users/0/fpdata/emufp.bin; it has not yet been created.
02-20 20:20:24.026  1376  1376 D FingerprintHal: ----------------> loadAuthenticatorId ----------------->
02-20 20:20:24.026  1376  1376 D FingerprintHal: Read authenticator id (0x6b8b4567327b23c6)
02-20 20:20:24.033  1376  1376 D FingerprintHal: ----------------> fingerprint_get_auth_id ----------------->
02-20 20:20:24.033  1376  1376 D FingerprintHal: ----------------> fingerprint_get_auth_id auth id 6b8b4567327b23c6----------------->
02-20 20:20:24.033  1660  1660 V FingerprintService: Fingerprint HAL id: 134646983868416
02-20 20:20:24.034  1660  1660 I SystemServer: StartBackgroundDexOptService
02-20 20:20:24.036  1660  1660 I SystemServiceManager: Starting com.android.server.pm.ShortcutService$Lifecycle
02-20 20:20:24.039  1660  1660 I SystemServiceManager: Starting com.android.server.pm.LauncherAppsService
02-20 20:20:24.039  1660  1660 I SystemServiceManager: Starting com.android.server.media.projection.MediaProjectionManagerService
02-20 20:20:24.043  1660  1660 V MediaRouter: Adding route: RouteInfo{ name=Phone, description=null, status=null, category=RouteCategory{ name=null types=ROUTE_TYPE_LIVE_AUDIO ROUTE_TYPE_LIVE_VIDEO  groupable=false }, supportedTypes=ROUTE_TYPE_LIVE_AUDIO ROUTE_TYPE_LIVE_VIDEO , presentationDisplay=null }
02-20 20:20:24.043  1660  1660 V MediaRouter: Updating audio routes: AudioRoutesInfo{ type=SPEAKER }
02-20 20:20:24.044  1660  1660 V MediaRouter: Selecting route: RouteInfo{ name=Phone, description=null, status=null, category=RouteCategory{ name=null types=ROUTE_TYPE_LIVE_AUDIO ROUTE_TYPE_LIVE_VIDEO  groupable=false }, supportedTypes=ROUTE_TYPE_LIVE_AUDIO ROUTE_TYPE_LIVE_VIDEO , presentationDisplay=null }
02-20 20:20:24.045  1660  1660 I WindowManager: SAFE MODE not enabled
02-20 20:20:24.045  1660  1660 I SystemServiceManager: Starting com.android.server.MmsServiceBroker
02-20 20:20:24.053  1660  1660 W VibratorService: Tried to stop vibrating but there is no vibrator device.
02-20 20:20:24.097  1660  1660 E LockSettingsStorage: Cannot read file java.io.FileNotFoundException: /data/system/gatekeeper.password.key: open failed: ENOENT (No such file or directory)
02-20 20:20:24.097  1660  1660 E LockSettingsStorage: Cannot read file java.io.FileNotFoundException: /data/system/password.key: open failed: ENOENT (No such file or directory)
02-20 20:20:24.097  1660  1660 E LockSettingsStorage: Cannot read file java.io.FileNotFoundException: /data/system/gatekeeper.pattern.key: open failed: ENOENT (No such file or directory)
02-20 20:20:24.098  1660  1660 E LockSettingsStorage: Cannot read file java.io.FileNotFoundException: /data/system/gatekeeper.gesture.key: open failed: ENOENT (No such file or directory)
02-20 20:20:24.098  1660  1660 E LockSettingsStorage: Cannot read file java.io.FileNotFoundException: /data/system/gesture.key: open failed: ENOENT (No such file or directory)
02-20 20:20:24.098  1660  1660 I SystemServiceManager: Starting phase 480
02-20 20:20:24.121  1508  1508 E ipv6proxy: Failed to forward Router Advertisement from eth0 to wlan1: Network is unreachable
02-20 20:20:24.127  1660  1660 I DevicePolicyManagerService: Set ro.device_owner property to false
02-20 20:20:24.131  1660  1660 I SystemServiceManager: Starting phase 500
02-20 20:20:24.134  1660  1660 D ConnectivityMetricsLoggerService: onBootPhase: PHASE_SYSTEM_SERVICES_READY
02-20 20:20:24.143  1660  1751 D EGL_emulation: eglCreateContext: 0x7a40b1863c60: maj 3 min 0 rcv 3
02-20 20:20:24.146  1660  1660 I WifiService: WifiService starting up with Wi-Fi enabled
02-20 20:20:24.148  1660  1660 D WifiService: setWifiEnabled: true pid=1660, uid=1000
02-20 20:20:24.148  1660  1660 I WifiScanningService: Starting wifiscanner
02-20 20:20:24.149  1660  1732 D WifiController: WifiController msg { when=0 what=155656 target=com.android.internal.util.StateMachine$SmHandler } deferred for 500ms
02-20 20:20:24.150  1660  1660 I RttService: Registering rttmanager
02-20 20:20:24.153  1660  1660 D ZenLog  : config: cleanUpZenRules,ZenModeConfig[user=0,allowCalls=true,allowRepeatCallers=false,allowMessages=false,allowCallsFrom=contacts,allowMessagesFrom=contacts,allowReminders=true,allowEvents=true,allowWhenScreenOff=true,allowWhenScreenOn=true,automaticRules={9f9ced8d68674a989f37868f95d93ac7=ZenRule[enabled=false,snoozing=false,name=Weekend,zenMode=ZEN_MODE_ALARMS,conditionId=condition://android/schedule?days=6.7&start=23.30&end=10.0&exitAtAlarm=false,condition=Condition[id=condition://android/schedule?days=6.7&start=23.30&end=10.0&exitAtAlarm=false,summary=...,line1=...,line2=...,icon=0,state=STATE_FALSE,flags=2],component=ComponentInfo{android/com.android.server.notification.ScheduleConditionProvider},id=9f9ced8d68674a989f37868f95d93ac7,creationTime=1519154245406,enabler=null], 98612bb55a4646f5ba486d308ab94423=ZenRule[enabled=false,snoozing=false,name=Event,zenMode=ZEN_MODE_ALARMS,conditionId=condition://android/event?userId=-10000&calendar=&reply=1,condition=Condition[id=condition://android/event?userId=-10000&calendar=&reply=1,summary=...,line1=...,line2=...,icon=0,state=STATE_FALSE,flags=2],component=ComponentInfo{android/com.android.server.notification.EventConditionProvider},id=98612bb55a4646f5ba486d308ab94423,creationTime=1519154245406,enabler=null], 6f641ae47b9a4c289d295be5997fac22=ZenRule[enabled=false,snoozing=false,name=Weeknight,zenMode=ZEN_MODE_ALARMS,conditionId=condition://android/schedule?days=1.2.3.4.5&start=22.0&end=7.0&exitAtAlarm=false,condition=Condition[id=condition://android/schedule?days=1.2.3.4.5&start=22.0&end=7.0&exitAtAlarm=false,summary=...,line1=...,line2=...,icon=0,state=STATE_FALSE,flags=2],component=ComponentInfo{android/com.android.server.notification.ScheduleConditionProvider},id=6f641ae47b9a4c289d295be5997fac22,creationTime=1519154245406,enabler=null]},manualRule=null],Diff[]
02-20 20:20:24.153  1660  1660 D ZenLog  : set_zen_mode: off,onSystemReady
02-20 20:20:24.155  1660  1751 D EGL_emulation: eglMakeCurrent: 0x7a40b1863c60: ver 3 0 (tinfo 0x7a40b19a4720)
02-20 20:20:24.164  1364  1745 D PermissionCache: checking android.permission.CAPTURE_AUDIO_HOTWORD for uid=1000 => granted (326 us)
02-20 20:20:24.172  1660  1660 W SoundTriggerHelper: listModules status=0, # of modules=0
02-20 20:20:24.172  1660  1660 D ContextHubSystemService: onBootPhase: PHASE_SYSTEM_SERVICES_READY
02-20 20:20:24.190  1660  1751 D AssetAtlas: Rendered atlas in 163.54ms (112.99+50.55ms)
02-20 20:20:24.196  1660  1700 W KeyguardServiceDelegate: onScreenTurningOn(): no keyguard service!
02-20 20:20:24.196  1660  1660 V UserManagerService: Found /data/user_de/0 with serial number 0
02-20 20:20:24.196  1660  1660 V UserManagerService: Found /data/user/0 with serial number 0
02-20 20:20:24.196  1660  1660 V UserManagerService: Found /data/system_de/0 with serial number 0
02-20 20:20:24.196  1660  1660 V UserManagerService: Found /data/system_ce/0 with serial number 0
02-20 20:20:24.200  1660  1660 I ActivityManager: System now ready
02-20 20:20:24.200  1660  1660 I boot_progress_ams_ready: 9200
02-20 20:20:24.236  1660  1660 I SystemServer: Making services ready
02-20 20:20:24.236  1660  1660 I SystemServiceManager: Starting phase 550
02-20 20:20:24.258  1313  1324 D gralloc_ranchu: gralloc_alloc: Creating ashmem region of size 17051648
02-20 20:20:24.271  1660  1660 E InputMethodManagerService: Ignoring updateSystemUiLocked due to an invalid token. uid:1000 token:null
02-20 20:20:24.295  1660  1660 I Zygote  : Process: zygote socket opened, supported ABIS: x86_64
02-20 20:20:24.296  1362  1664 I art     : Starting a blocking GC HeapTrim
02-20 20:20:24.303  1660  1660 I am_proc_start: [0,1756,10053,com.android.inputmethod.latin,service,com.android.inputmethod.latin/.LatinIME]
02-20 20:20:24.304  1660  1660 I ActivityManager: Start proc 1756:com.android.inputmethod.latin/u0a53 for service com.android.inputmethod.latin/.LatinIME
02-20 20:20:24.304  1660  1660 V InputMethodManagerService: Adding window token: android.os.Binder@2b96bca
02-20 20:20:24.305  1660  1724 D MountService: Thinking about init, mSystemReady=true, mDaemonConnected=true
02-20 20:20:24.305  1660  1724 D MountService: Setting up emulation state, initlocked=false
02-20 20:20:24.305  1660  1724 D CryptdConnector: SND -> {2 cryptfs unlock_user_key 0 0 ! !}
02-20 20:20:24.305  1267  1303 D vold    : e4crypt_unlock_user_key 0 serial=0 token_present=0
02-20 20:20:24.306  1660  1726 D CryptdConnector: RCV <- {200 2 Command succeeded}
02-20 20:20:24.306  1660  1724 D MountService: Thinking about reset, mSystemReady=true, mDaemonConnected=true
02-20 20:20:24.306  1660  1724 D VoldConnector: SND -> {3 volume reset}
02-20 20:20:24.306  1660  1660 E BitmapFactory: Unable to decode stream: java.io.FileNotFoundException: /data/system/users/0/wallpaper_orig (No such file or directory)
02-20 20:20:24.306  1660  1660 E WallpaperManagerService: Invalid wallpaper data
02-20 20:20:24.306  1660  1660 E WallpaperManagerService: Unable to apply new wallpaper
02-20 20:20:24.306  1660  1691 I ActivityManager: Force stopping com.android.providers.media appid=10011 user=-1: vold reset
02-20 20:20:24.307  1267  1302 D vold    : Recognized experimental block major ID 253 as virtio-blk (emulator's virtual SD card device)
02-20 20:20:24.307  1267  1302 V vold    : /system/bin/sgdisk
02-20 20:20:24.307  1267  1302 V vold    :     --android-dump
02-20 20:20:24.307  1267  1302 V vold    :     /dev/block/vold/disk:253,64
02-20 20:20:24.307  1660  1725 D VoldConnector: RCV <- {651 emulated 7}
02-20 20:20:24.307  1660  1725 D VoldConnector: RCV <- {659 emulated}
02-20 20:20:24.307  1660  1725 D VoldConnector: RCV <- {650 emulated 2 "" ""}
02-20 20:20:24.307  1660  1725 D VoldConnector: RCV <- {651 emulated 0}
02-20 20:20:24.308  1660  1725 D VoldConnector: RCV <- {651 public:253,64 7}
02-20 20:20:24.308  1660  1725 D VoldConnector: RCV <- {659 public:253,64}
02-20 20:20:24.308  1660  1725 D VoldConnector: RCV <- {649 disk:253,64}
02-20 20:20:24.308  1660  1725 D VoldConnector: RCV <- {640 disk:253,64 5}
02-20 20:20:24.308  1660  1725 D VoldConnector: RCV <- {641 disk:253,64 536870912}
02-20 20:20:24.309  1660  1696 V MountService: Found primary storage at VolumeInfo{emulated}:
02-20 20:20:24.309  1660  1696 V MountService:     type=EMULATED diskId=null partGuid=null mountFlags=0 mountUserId=-1 
02-20 20:20:24.309  1660  1696 V MountService:     state=UNMOUNTED 
02-20 20:20:24.309  1660  1696 V MountService:     fsType=null fsUuid=null fsLabel=null 
02-20 20:20:24.309  1660  1696 V MountService:     path=null internalPath=null 
02-20 20:20:24.309  1660  1725 D VoldConnector: RCV <- {642 disk:253,64 Virtual}
02-20 20:20:24.309  1660  1725 D VoldConnector: RCV <- {644 disk:253,64 /sys//devices/pci0000:00/0000:00:07.0/virtio4/block/vde}
02-20 20:20:24.310  1756  1756 W art     : Unexpected CPU variant for X86 using defaults: x86_64
02-20 20:20:24.317  1660  1692 D         : HostConnection::get() New Host Connection established 0x7a40c10137a0, tid 1692
02-20 20:20:24.319  1660  1660 I am_proc_start: [0,1763,10028,com.android.systemui,service,com.android.systemui/.ImageWallpaper]
02-20 20:20:24.319  1660  1660 I ActivityManager: Start proc 1763:com.android.systemui/u0a28 for service com.android.systemui/.ImageWallpaper
02-20 20:20:24.319  1660  1744 E BluetoothAdapter: Bluetooth binder is null
02-20 20:20:24.319  1660  1660 D UsbAlsaManager: Adding ALSA device AlsaDevice: [card: 0, device: 0, type: 1]
02-20 20:20:24.320  1660  1660 D UsbAlsaManager: Adding ALSA device AlsaDevice: [card: 0, device: 0, type: 2]
02-20 20:20:24.320  1660  1660 I SystemServer: WebViewFactory preparation
02-20 20:20:24.320  1660  1744 E BluetoothAdapter: Bluetooth binder is null
02-20 20:20:24.321  1364  1402 I AudioFlinger: systemReady
02-20 20:20:24.329  1660  1660 D WebViewFactory: Setting new address space to 137955392
02-20 20:20:24.329  1763  1763 W art     : Unexpected CPU variant for X86 using defaults: x86_64
02-20 20:20:24.368  1267  1302 V vold    : DISK mbr
02-20 20:20:24.368  1267  1302 V vold    : 
02-20 20:20:24.369  1267  1302 W vold    : disk:253,64 has unknown partition table; trying entire device
02-20 20:20:24.369  1267  1302 V vold    : /system/bin/blkid
02-20 20:20:24.369  1267  1302 V vold    :     -c
02-20 20:20:24.369  1267  1302 V vold    :     /dev/null
02-20 20:20:24.369  1267  1302 V vold    :     -s
02-20 20:20:24.369  1267  1302 V vold    :     TYPE
02-20 20:20:24.369  1267  1302 V vold    :     -s
02-20 20:20:24.369  1267  1302 V vold    :     UUID
02-20 20:20:24.369  1267  1302 V vold    :     -s
02-20 20:20:24.369  1267  1302 V vold    :     LABEL
02-20 20:20:24.369  1267  1302 V vold    :     /dev/block/vold/disk:253,64
02-20 20:20:24.383  1660  1660 I Zygote  : Process: zygote socket opened, supported ABIS: x86
02-20 20:20:24.384  1363  1561 I art     : Starting a blocking GC HeapTrim
02-20 20:20:24.386  1363  1363 I art     : Starting a blocking GC Background
02-20 20:20:24.388  1267  1302 V vold    : /dev/block/vold/disk:253,64: LABEL="SDCARD" UUID="1E12-0B12" TYPE="vfat" 
02-20 20:20:24.388  1267  1302 V vold    : 
02-20 20:20:24.389  1660  1725 D VoldConnector: RCV <- {650 public:253,64 0 "disk:253,64" ""}
02-20 20:20:24.389  1660  1725 D VoldConnector: RCV <- {651 public:253,64 0}
02-20 20:20:24.389  1660  1725 D VoldConnector: RCV <- {643 disk:253,64}
02-20 20:20:24.389  1660  1725 D VoldConnector: RCV <- {200 3 Command succeeded}
02-20 20:20:24.402  1660  1724 D VoldConnector: SND -> {4 volume user_added 0 0}
02-20 20:20:24.402  1660  1725 D VoldConnector: RCV <- {200 4 Command succeeded}
