02-20 20:21:41.312  1267  1302 V vold    : /dev/block/vold/disk:253,64: LABEL="SDCARD" UUID="1E12-0B12" TYPE="vfat" 
02-20 20:21:41.312  1267  1302 V vold    : 
02-20 20:21:41.337     0     0 D ieee80211 phy1: hw scan 2417 MHz
02-20 20:21:41.345     0     0 W healthd : battery l=100 v=0 t=0.0 h=2 st=2 chg=a
02-20 20:21:41.392     0     0 D SELinux : initialized (dev fuse, type fuse), uses genfs_contexts
02-20 20:21:41.394     0     0 D SELinux : initialized (dev fuse, type fuse), uses genfs_contexts
02-20 20:21:41.321  1677  1722 D VoldConnector: RCV <- {650 public:253,64 0 "disk:253,64" ""}
02-20 20:21:41.321  1677  1722 D VoldConnector: RCV <- {651 public:253,64 0}
02-20 20:21:41.321  1677  1722 D VoldConnector: RCV <- {643 disk:253,64}
02-20 20:21:41.321  1677  1722 D VoldConnector: RCV <- {200 3 Command succeeded}
02-20 20:21:41.321  1677  1721 D VoldConnector: SND -> {4 volume user_added 0 0}
02-20 20:21:41.322  1677  1722 D VoldConnector: RCV <- {200 4 Command succeeded}
02-20 20:21:41.325  1677  1677 I am_proc_start: [0,1789,1037,WebViewLoader-x86,,]
02-20 20:21:41.325  1677  1677 I ActivityManager: Start proc 1789:WebViewLoader-x86/1037 [android.webkit.WebViewFactory$RelroFileCreator] for 
02-20 20:21:41.341  1373  1484 D AT      : AT< +CGREG: 1,1
02-20 20:21:41.342  1373  1484 D AT      : AT< +CTEC: 1+CREG: 2,1, "0003", "005b"
02-20 20:21:41.342  1373  1484 D RIL     : Response: +CTEC: 1+CREG: 2,1, "0003", "005b"
02-20 20:21:41.342  1373  1484 D RIL     : line remaining after int: 1, "0003", "005b"
02-20 20:21:41.342  1373  1484 D RIL     : setRadioTechnology(1)
02-20 20:21:41.342  1373  1484 D RIL     : Tech change (0 => 1)
02-20 20:21:41.342  1373  1484 D AT      : AT< +CGREG: 1,1
02-20 20:21:41.349  1677  1677 I am_proc_start: [0,1796,1037,WebViewLoader-x86_64,,]
02-20 20:21:41.349  1677  1677 I ActivityManager: Start proc 1796:WebViewLoader-x86_64/1037 [android.webkit.WebViewFactory$RelroFileCreator] for 
02-20 20:21:41.350  1677  1689 I am_proc_bound: [0,1768,com.android.systemui]
02-20 20:21:41.350  1677  1677 D NetworkManagement: enabling bandwidth control
02-20 20:21:41.352  1677  1721 D VoldConnector: SND -> {5 volume mount emulated 3 -1}
02-20 20:21:41.353  1267  1302 V vold    : Waiting for FUSE to spin up...
02-20 20:21:41.369  1789  1789 W art     : Unexpected CPU variant for X86 using defaults: x86
02-20 20:21:41.369  1677  1722 D VoldConnector: RCV <- {651 emulated 1}
02-20 20:21:41.371  1677  1722 D VoldConnector: RCV <- {656 emulated /data/media}
02-20 20:21:41.372  1677  1722 D VoldConnector: RCV <- {655 emulated /storage/emulated}
02-20 20:21:41.375  1796  1796 W art     : Unexpected CPU variant for X86 using defaults: x86_64
02-20 20:21:41.389  1371  1371 I MediaPlayerService: MediaPlayerService::getOMX
02-20 20:21:41.389  1802  1802 W sdcard  : Device explicitly disabled sdcardfs
02-20 20:21:41.390  1371  1371 I OMXClient: MuxOMX ctor
02-20 20:21:41.392  1371  1371 I MediaPlayerService: MediaPlayerService::getOMX
02-20 20:21:41.392  1371  1371 I OMXClient: MuxOMX ctor
02-20 20:21:41.392  1368  1368 I OMXMaster: makeComponentInstance(OMX.google.mp3.decoder) in mediacodec process
02-20 20:21:41.411  1789  1789 V WebViewFactory: RelroFileCreator (64bit = false),  32-bit lib: /system/app/Chrome/Chrome.apk!/lib/x86/libmonochrome.so, 64-bit lib: /system/app/Chrome/Chrome.apk!/lib/x86_64/libmonochrome.so
02-20 20:21:41.411  1267  1302 V vold    : Waiting for FUSE to spin up...
02-20 20:21:41.415  1796  1796 V WebViewFactory: RelroFileCreator (64bit = true),  32-bit lib: /system/app/Chrome/Chrome.apk!/lib/x86/libmonochrome.so, 64-bit lib: /system/app/Chrome/Chrome.apk!/lib/x86_64/libmonochrome.so
02-20 20:21:41.415  1768  1768 W System  : ClassLoader referenced unknown path: /system/priv-app/SystemUIGoogle/lib/x86_64
02-20 20:21:41.428     0     0 D SELinux : initialized (dev fuse, type fuse), uses genfs_contexts
02-20 20:21:41.456     0     0 D ieee80211 phy1: hw scan 2422 MHz
02-20 20:21:41.470  1677  1722 D VoldConnector: RCV <- {651 emulated 2}
02-20 20:21:41.471  1677  1722 D VoldConnector: RCV <- {200 5 Command succeeded}
02-20 20:21:41.472  1677  1721 D VoldConnector: SND -> {6 volume mount public:253,64 2 0}
02-20 20:21:41.472  1267  1302 V vold    : /system/bin/blkid
02-20 20:21:41.472  1267  1302 V vold    :     -c
02-20 20:21:41.472  1267  1302 V vold    :     /dev/null
02-20 20:21:41.472  1267  1302 V vold    :     -s
02-20 20:21:41.472  1267  1302 V vold    :     TYPE
02-20 20:21:41.472  1267  1302 V vold    :     -s
02-20 20:21:41.472  1267  1302 V vold    :     UUID
02-20 20:21:41.472  1267  1302 V vold    :     -s
02-20 20:21:41.472  1267  1302 V vold    :     LABEL
02-20 20:21:41.472  1267  1302 V vold    :     /dev/block/vold/public:253,64
02-20 20:21:41.473  1677  1722 D VoldConnector: RCV <- {651 public:253,64 1}
02-20 20:21:41.550  1267  1302 V vold    : /dev/block/vold/public:253,64: LABEL="SDCARD" UUID="1E12-0B12" TYPE="vfat" 
02-20 20:21:41.550  1267  1302 V vold    : 
02-20 20:21:41.551  1267  1302 V vold    : /system/bin/fsck_msdos
02-20 20:21:41.551  1267  1302 V vold    :     -p
02-20 20:21:41.551  1267  1302 V vold    :     -f
02-20 20:21:41.551  1267  1302 V vold    :     /dev/block/vold/public:253,64
02-20 20:21:41.552  1677  1722 D VoldConnector: RCV <- {652 public:253,64 vfat}
02-20 20:21:41.552  1677  1722 D VoldConnector: RCV <- {653 public:253,64 1E12-0B12}
02-20 20:21:41.552  1677  1722 D VoldConnector: RCV <- {654 public:253,64 SDCARD}
02-20 20:21:41.570     0     0 D ieee80211 phy1: hw scan 2427 MHz
02-20 20:21:41.587  1267  1302 I fsck_msdos: ** /dev/block/vold/public:253,64
02-20 20:21:41.588  1267  1302 I fsck_msdos: ** Phase 1 - Read and Compare FATs
02-20 20:21:41.588  1267  1302 I fsck_msdos: Attempting to allocate 1022 KB for FAT
02-20 20:21:41.616  1677  1732 D WifiController: DEFERRED_TOGGLE handled
02-20 20:21:41.640  1755  1755 I LatinIME: Hardware accelerated drawing: true
02-20 20:21:41.642  1267  1302 I fsck_msdos: Attempting to allocate 1022 KB for FAT
02-20 20:21:41.642  1372  1674 D SoftapController: Softap fwReload - Ok
02-20 20:21:41.648  1371  1371 I MediaPlayerService: MediaPlayerService::getOMX
02-20 20:21:41.649  1371  1371 I OMXClient: MuxOMX ctor
02-20 20:21:41.649  1368  1368 I OMXMaster: makeComponentInstance(OMX.google.amrnb.decoder) in mediacodec process
02-20 20:21:41.650  1768  1768 V SystemUIService: Starting SystemUI services for user 0.
02-20 20:21:41.664  1371  1371 I MediaPlayerService: MediaPlayerService::getOMX
02-20 20:21:41.664  1371  1371 I OMXClient: MuxOMX ctor
02-20 20:21:41.664  1368  1387 I OMXMaster: makeComponentInstance(OMX.google.amrwb.decoder) in mediacodec process
02-20 20:21:41.687  1371  1371 I MediaPlayerService: MediaPlayerService::getOMX
02-20 20:21:41.687  1371  1371 I OMXClient: MuxOMX ctor
02-20 20:21:41.688  1368  1368 I OMXMaster: makeComponentInstance(OMX.google.aac.decoder) in mediacodec process
02-20 20:21:41.696     0     0 D ieee80211 phy1: hw scan 2432 MHz
02-20 20:21:41.710  1371  1371 I MediaPlayerService: MediaPlayerService::getOMX
02-20 20:21:41.710  1371  1371 I OMXClient: MuxOMX ctor
02-20 20:21:41.710  1368  1368 I OMXMaster: makeComponentInstance(OMX.google.g711.alaw.decoder) in mediacodec process
02-20 20:21:41.733  1768  1768 V MediaRouter: Adding route: RouteInfo{ name=Phone, description=null, status=null, category=RouteCategory{ name=null types=ROUTE_TYPE_LIVE_AUDIO ROUTE_TYPE_LIVE_VIDEO  groupable=false }, supportedTypes=ROUTE_TYPE_LIVE_AUDIO ROUTE_TYPE_LIVE_VIDEO , presentationDisplay=null }
02-20 20:21:41.734  1768  1768 V MediaRouter: Updating audio routes: AudioRoutesInfo{ type=SPEAKER }
02-20 20:21:41.735  1768  1768 V MediaRouter: Selecting route: RouteInfo{ name=Phone, description=null, status=null, category=RouteCategory{ name=null types=ROUTE_TYPE_LIVE_AUDIO ROUTE_TYPE_LIVE_VIDEO  groupable=false }, supportedTypes=ROUTE_TYPE_LIVE_AUDIO ROUTE_TYPE_LIVE_VIDEO , presentationDisplay=null }
02-20 20:21:41.736  1267  1302 I fsck_msdos: ** Phase 2 - Check Cluster Chains
02-20 20:21:41.745  1677  1794 D TelephonyRegistry: listen oscl: hasNotifySubscriptionInfoChangedOccurred==false no callback
02-20 20:21:41.748  1267  1302 I fsck_msdos: ** Phase 3 - Checking Directories
02-20 20:21:41.750  1267  1302 I fsck_msdos: ** Phase 4 - Checking for Lost Files
02-20 20:21:41.752  1267  1302 I fsck_msdos: 27 files, 522176 free (261088 clusters)
02-20 20:21:41.768  1267  1302 I Vold    : Filesystem check completed OK
02-20 20:21:41.768  1677  1722 D VoldConnector: RCV <- {656 public:253,64 /mnt/media_rw/1E12-0B12}
02-20 20:21:41.768  1677  1722 D VoldConnector: RCV <- {655 public:253,64 /storage/1E12-0B12}
02-20 20:21:41.778     0     0 W FAT-fs (vde): Volume was not properly unmounted. Some data may be corrupt. Please run fsck.
02-20 20:21:41.782     0     0 D SELinux : initialized (dev vde, type vfat), uses genfs_contexts
02-20 20:21:41.771  1371  1371 I MediaPlayerService: MediaPlayerService::getOMX
02-20 20:21:41.772  1371  1371 I OMXClient: MuxOMX ctor
02-20 20:21:41.772  1368  1368 I OMXMaster: makeComponentInstance(OMX.google.g711.mlaw.decoder) in mediacodec process
02-20 20:21:41.788  1267  1302 V vold    : Waiting for FUSE to spin up...
02-20 20:21:41.817  1855  1855 W sdcard  : Device explicitly disabled sdcardfs
02-20 20:21:41.818  1371  1371 I MediaPlayerService: MediaPlayerService::getOMX
02-20 20:21:41.818  1371  1371 I OMXClient: MuxOMX ctor
02-20 20:21:41.818  1368  1368 I OMXMaster: makeComponentInstance(OMX.google.vorbis.decoder) in mediacodec process
02-20 20:21:41.812     0     0 D ieee80211 phy1: hw scan 2437 MHz
02-20 20:21:41.819     0     0 D SELinux : initialized (dev fuse, type fuse), uses genfs_contexts
02-20 20:21:41.824  1789  1789 I art     : System.exit called, status: 0
02-20 20:21:41.825  1789  1789 I AndroidRuntime: VM exiting with result code 0, cleanup skipped.
02-20 20:21:41.840  1267  1302 V vold    : Waiting for FUSE to spin up...
02-20 20:21:41.842  1768  1864 E WVMExtractor: Failed to open libwvm.so: dlopen failed: library "libwvm.so" not found
02-20 20:21:41.841     0     0 D SELinux : initialized (dev fuse, type fuse), uses genfs_contexts
02-20 20:21:41.843     0     0 D SELinux : initialized (dev fuse, type fuse), uses genfs_contexts
02-20 20:21:41.849  1677  1677 W NetworkManagement: setDataSaverMode(): already false
02-20 20:21:41.860  1372  1674 D CommandListener: Setting iface cfg
02-20 20:21:41.860  1372  1674 D CommandListener: Trying to bring down wlan0
02-20 20:21:41.861  1372  1674 D CommandListener: Clearing all IP addresses on wlan0
02-20 20:21:41.866  1677  1733 E WifiMonitor: killSupplicant p2pfalse init.svc.wpa_supplicant=unknown init.svc.p2p_supplicant=unknown
02-20 20:21:41.866  1677  1733 E wifi    : Can not initialize the vendor function pointer table
02-20 20:21:41.866  1677  1733 E WifiNative-HAL: Could not start hal
02-20 20:21:41.866  1677  1733 E WifiStateMachine: Failed to start HAL
02-20 20:21:41.875     0     0 I init    : Starting service 'wpa_supplicant'...
02-20 20:21:41.886  1677  1733 D WifiMonitor: startMonitoring(wlan0) with mConnected = false
02-20 20:21:41.887  1755  1755 W InputAttributes: No editor info for this field. Bug?
02-20 20:21:41.891  1677  1722 D VoldConnector: RCV <- {651 public:253,64 2}
02-20 20:21:41.891  1677  1722 D VoldConnector: RCV <- {200 6 Command succeeded}
02-20 20:21:41.891  1796  1796 I art     : System.exit called, status: 0
02-20 20:21:41.891  1796  1796 I AndroidRuntime: VM exiting with result code 0, cleanup skipped.
02-20 20:21:41.892  1371  1371 I MediaPlayerService: MediaPlayerService::getOMX
02-20 20:21:41.930     0     0 D ieee80211 phy1: hw scan 2442 MHz
02-20 20:21:41.894  1371  1371 I OMXClient: MuxOMX ctor
02-20 20:21:41.895  1368  1368 I OMXMaster: makeComponentInstance(OMX.google.opus.decoder) in mediacodec process
02-20 20:21:41.949  1371  1371 I MediaPlayerService: MediaPlayerService::getOMX
02-20 20:21:41.956  1371  1371 I OMXClient: MuxOMX ctor
02-20 20:21:41.956  1368  1845 I OMXMaster: makeComponentInstance(OMX.google.raw.decoder) in mediacodec process
02-20 20:21:41.962  1371  1371 I MediaPlayerService: MediaPlayerService::getOMX
02-20 20:21:41.963  1371  1371 I OMXClient: MuxOMX ctor
02-20 20:21:41.963  1368  1387 I OMXMaster: makeComponentInstance(OMX.google.aac.encoder) in mediacodec process
02-20 20:21:41.980  1371  1371 I MediaPlayerService: MediaPlayerService::getOMX
02-20 20:21:41.981  1371  1371 I OMXClient: MuxOMX ctor
02-20 20:21:41.981  1368  1368 I OMXMaster: makeComponentInstance(OMX.google.amrnb.encoder) in mediacodec process
02-20 20:21:41.986  1371  1371 I MediaPlayerService: MediaPlayerService::getOMX
02-20 20:21:41.986  1677  1677 D NetworkPolicy: setRestrictBackgroundUL(): false
02-20 20:21:41.986  1371  1371 I OMXClient: MuxOMX ctor
02-20 20:21:41.986  1368  1387 I OMXMaster: makeComponentInstance(OMX.google.amrwb.encoder) in mediacodec process
02-20 20:21:41.986  1677  1677 W NetworkManagement: setDataSaverMode(): already false
02-20 20:21:41.988  1755  1882 I LatinIME:LogUtils: Dictionary info: dictionary = userunigram.en_US ; version = 1519158101 ; date = ?
02-20 20:21:41.994  1755  1882 E ActivityThread: Failed to find provider info for user_dictionary
02-20 20:21:42.009  1755  1882 I LatinIME:LogUtils: Dictionary info: dictionary = UserHistoryDictionary.en_US ; version = 1519158101 ; date = ?
02-20 20:21:42.013  1371  1371 I MediaPlayerService: MediaPlayerService::getOMX
02-20 20:21:42.014  1371  1371 I OMXClient: MuxOMX ctor
02-20 20:21:42.014  1368  1845 I OMXMaster: makeComponentInstance(OMX.google.flac.encoder) in mediacodec process
02-20 20:21:42.030     0     0 D ieee80211 phy0: mac80211_hwsim_start
02-20 20:21:42.030     0     0 D ieee80211 phy0: mac80211_hwsim_add_interface (type=2 mac_addr=02:00:00:44:55:66)
02-20 20:21:42.030     0     0 D ieee80211 phy0: mac80211_hwsim_bss_info_changed(changed=0xe)
02-20 20:21:42.030     0     0 D ieee80211 phy0: ERP_CTS_PROT: 0
02-20 20:21:42.030     0     0 D ieee80211 phy0: ERP_PREAMBLE: 0
02-20 20:21:42.030     0     0 D ieee80211 phy0: ERP_SLOT: 0
02-20 20:21:42.030     0     0 D ieee80211 phy0: mac80211_hwsim_conf_tx (queue=0 txop=0 cw_min=15 cw_max=1023 aifs=2)
02-20 20:21:42.030     0     0 D ieee80211 phy0: mac80211_hwsim_conf_tx (queue=1 txop=0 cw_min=15 cw_max=1023 aifs=2)
02-20 20:21:42.030     0     0 D ieee80211 phy0: mac80211_hwsim_conf_tx (queue=2 txop=0 cw_min=15 cw_max=1023 aifs=2)
02-20 20:21:42.030     0     0 D ieee80211 phy0: mac80211_hwsim_conf_tx (queue=3 txop=0 cw_min=15 cw_max=1023 aifs=2)
02-20 20:21:42.030     0     0 D ieee80211 phy0: mac80211_hwsim_bss_info_changed(changed=0x2000)
02-20 20:21:42.030     0     0 D ieee80211 phy0: mac80211_hwsim_config (freq=0 idle=0 ps=0 smps=auto)
02-20 20:21:42.030     0     0 I IPv6    : ADDRCONF(NETDEV_UP): wlan0: link is not ready
02-20 20:21:42.030     0     0 D ieee80211 phy0: mac80211_hwsim_configure_filter
02-20 20:21:42.029  1871  1871 I wpa_supplicant: Successfully initialized wpa_supplicant
02-20 20:21:42.030  1871  1871 I wpa_supplicant: rfkill: Cannot open RFKILL control device
02-20 20:21:42.031  1871  1871 I wpa_supplicant: nl80211: Could not re-add multicast membership for vendor events: -2 (No such file or directory)
02-20 20:21:42.057  1768  1768 I vol.Events: writeEvent collection_started
02-20 20:21:42.060  1371  1371 I MediaPlayerService: MediaPlayerService::getOMX
02-20 20:21:42.060  1371  1371 I OMXClient: MuxOMX ctor
02-20 20:21:42.060  1368  1845 I OMXMaster: makeComponentInstance(OMX.google.gsm.decoder) in mediacodec process
02-20 20:21:42.063  1768  1900 I sysui_action: [213,2]
02-20 20:21:42.063  1768  1900 I vol.Events: writeEvent external_ringer_mode_changed normal
02-20 20:21:42.063  1768  1900 I vol.Events: writeEvent internal_ringer_mode_changed normal
02-20 20:21:42.061     0     0 D ieee80211 phy1: hw scan 2447 MHz
02-20 20:21:42.111  1871  1871 E wpa_supplicant: global ctrl interface @android:wpa_wlan0 matches ctrl interface wlan0 - do not open per-interface ctrl interface
02-20 20:21:42.112  1677  1733 D WifiConfigManager: Loading config and enabling all networks 
02-20 20:21:42.121  1677  1677 I SystemServiceManager: Starting phase 600
02-20 20:21:42.123  1677  1733 W WifiNetworkHistory: Upgrading network 0 to android.uid.system:1000
02-20 20:21:42.134  1677  1733 D WifiConfigManager: loaded 0 passpoint configs
02-20 20:21:42.134  1677  1677 D SensorNotificationService: Cannot obtain dynamic meta sensor, not supported.
02-20 20:21:42.134  1677  1733 E IpConfigStore: Error parsing configuration: java.io.FileNotFoundException: /data/misc/wifi/ipconfig.txt (No such file or directory)
02-20 20:21:42.139  1677  1733 D WifiNative-HAL: Setting external_sim to 1
02-20 20:21:42.139  1677  1733 D WifiStateMachine: Setting OUI to DA-A1-19
02-20 20:21:42.142  1371  1371 I MediaPlayerService: MediaPlayerService::getOMX
02-20 20:21:42.142  1371  1371 I OMXClient: MuxOMX ctor
02-20 20:21:42.142  1368  1368 I OMXMaster: makeComponentInstance(OMX.google.mpeg4.decoder) in mediacodec process
02-20 20:21:42.142  1677  1677 D TelephonyRegistry: listen oscl: hasNotifySubscriptionInfoChangedOccurred==false no callback
02-20 20:21:42.146  1677  1733 I WifiConnectivityManager: PNO settings: min5GHzRssi -82 min24GHzRssi -85 currentConnectionBonus 16 sameNetworkBonus 24 secureNetworkBonus 80 initialScoreMax 100
02-20 20:21:42.180     0     0 D ieee80211 phy1: hw scan 2452 MHz
02-20 20:21:42.152  1677  1733 I WifiConnectivityManager: ConnectivityScanManager initialized and disabled
02-20 20:21:42.152  1677  1733 I WifiConnectivityManager: setUntrustedConnectionAllowed: allowed=false
02-20 20:21:42.152  1677  1733 E WifiLogger: no ring buffers found
02-20 20:21:42.152  1677  1733 E WifiLogger: Failed to start packet fate monitoring
02-20 20:21:42.153  1677  1692 W WindowManager: Keyguard drawn timeout. Setting mKeyguardDrawComplete
02-20 20:21:42.154  1677  1677 I GnssLocationProvider: WakeLock acquired by sendMessage(13, 0, null)
02-20 20:21:42.155  1677  1677 W LocationProviderProxy-network: Odd, no component found for service com.android.location.service.v3.NetworkLocationProvider
02-20 20:21:42.164  1677  1677 W GeocoderProxy: Odd, no component found for service com.android.location.service.GeocodeProvider
02-20 20:21:42.165  1677  1677 E FlpHardwareProvider: Error hw_get_module 'flp': -2
02-20 20:21:42.165  1677  1677 D LocationManagerService: FLP HAL not supported
02-20 20:21:42.177  1677  1677 W GeofenceProxy: Odd, no component found for service com.android.location.service.GeofenceProvider
02-20 20:21:42.178  1677  1677 E ActivityRecognitionHardware: Error hw_get_module: -2
02-20 20:21:42.178  1677  1677 D LocationManagerService: Hardware Activity-Recognition not supported.
02-20 20:21:42.179  1677  1677 W ActivityRecognitionProxy: Odd, no component found for service com.android.location.service.ActivityRecognitionProvider
02-20 20:21:42.179  1677  1677 I GnssLocationProvider: WakeLock acquired by sendMessage(2, 1, null)
02-20 20:21:42.181  1677  1690 W GnssLocationProvider: Could not open GPS configuration file /etc/gps.conf
02-20 20:21:42.182  1677  1690 E GnssLocationProvider: no AGPS interface in set_agps_server
02-20 20:21:42.185  1368  1387 E OMXNodeInstance: getExtensionIndex(558000f:google.mpeg4.decoder, OMX.google.android.index.configureVideoTunnelMode) ERROR: UnsupportedIndex(0x8000101a)
02-20 20:21:42.185  1368  1845 W OMXNodeInstance: [558000f:google.mpeg4.decoder] component does not support metadata mode; using fallback
02-20 20:21:42.186  1677  1733 I WifiConnectivityManager: Set WiFi enabled
02-20 20:21:42.186  1677  1677 I CommonTimeManagementService: No common time service detected on this platform.  Common time services will be unavailable.
02-20 20:21:42.186  1677  1733 I WifiConnectivityManager: scheduleWatchdogTimer
02-20 20:21:42.187  1677  1677 D TelephonyRegistry: systemRunning register for intents
02-20 20:21:42.187  1677  1677 I MmsServiceBroker: Delay connecting to MmsService until an API is called
02-20 20:21:42.191  1677  1720 I InputReader: Reconfiguring input devices.  changes=0x00000030
02-20 20:21:42.187  1677  1733 D WifiNative-HAL: Failing getSupportedFeatureset because HAL isn't started
02-20 20:21:42.192  1677  1694 E BatteryStatsService: no controller energy info supplied
02-20 20:21:42.192  1677  1694 E KernelCpuSpeedReader: Failed to read cpu-freq: /sys/devices/system/cpu/cpu0/cpufreq/stats/time_in_state (No such file or directory)
02-20 20:21:42.192  1677  1694 E KernelUidCpuTimeReader: Failed to read uid_cputime: /proc/uid_cputime/show_uid_stat (No such file or directory)
02-20 20:21:42.193  1371  1371 I MediaPlayerService: MediaPlayerService::getOMX
02-20 20:21:42.193  1371  1371 I OMXClient: MuxOMX ctor
02-20 20:21:42.193  1368  1368 I OMXMaster: makeComponentInstance(OMX.google.h263.decoder) in mediacodec process
02-20 20:21:42.201  1677  1733 D WifiNative-HAL: Failing getSupportedFeatureset because HAL isn't started
02-20 20:21:42.202  1677  1694 E BatteryStatsService: no controller energy info supplied
02-20 20:21:42.202  1677  1694 E KernelCpuSpeedReader: Failed to read cpu-freq: /sys/devices/system/cpu/cpu0/cpufreq/stats/time_in_state (No such file or directory)
02-20 20:21:42.203  1677  1694 E KernelUidCpuTimeReader: Failed to read uid_cputime: /proc/uid_cputime/show_uid_stat (No such file or directory)
02-20 20:21:42.206  1677  1677 I am_proc_start: [0,1917,1001,com.android.phone,added application,com.android.phone]
02-20 20:21:42.206  1677  1677 I ActivityManager: Start proc 1917:com.android.phone/1001 for added application com.android.phone
02-20 20:21:42.207  1677  1677 I ActivityManager: START u0 {act=android.intent.action.MAIN cat=[android.intent.category.HOME] flg=0x10000100 cmp=com.android.settings/.FallbackHome} from uid 0 on display 0
02-20 20:21:42.208  1677  1677 W System  : ClassLoader referenced unknown path: 
02-20 20:21:42.208  1677  1677 W System  : ClassLoader referenced unknown path: /system/priv-app/Settings/lib/x86_64
02-20 20:21:42.209  1677  1677 D ApplicationLoaders: ignored Vulkan layer search path /system/priv-app/Settings/lib/x86_64:/system/priv-app/Settings/Settings.apk!/lib/x86_64:/system/lib64:/vendor/lib64 for namespace 0x7655634b3160
02-20 20:21:42.211  1917  1917 W art     : Unexpected CPU variant for X86 using defaults: x86_64
02-20 20:21:42.218  1677  1690 D TelephonyRegistry: listen oscl: hasNotifySubscriptionInfoChangedOccurred==false no callback
02-20 20:21:42.219  1368  1387 E OMXNodeInstance: getExtensionIndex(5580010:google.h263.decoder, OMX.google.android.index.configureVideoTunnelMode) ERROR: UnsupportedIndex(0x8000101a)
02-20 20:21:42.219  1368  1845 W OMXNodeInstance: [5580010:google.h263.decoder] component does not support metadata mode; using fallback
02-20 20:21:42.220  1371  1371 I MediaPlayerService: MediaPlayerService::getOMX
02-20 20:21:42.220  1371  1371 I OMXClient: MuxOMX ctor
02-20 20:21:42.220  1368  1845 I OMXMaster: makeComponentInstance(OMX.google.h264.decoder) in mediacodec process
02-20 20:21:42.225  1755  1882 I LatinIME:LogUtils: Dictionary info: dictionary = main:en ; version = 54 ; date = 1414726273
02-20 20:21:42.230  1677  1677 I ActivityManager: Loaded persisted task ids for user 0
02-20 20:21:42.231  1677  1677 I am_create_task: [0,1]
02-20 20:21:42.231  1677  1677 I am_create_activity: [0,73504558,1,com.android.settings/.FallbackHome,android.intent.action.MAIN,NULL,NULL,276824320]
02-20 20:21:42.231  1677  1677 I wm_task_created: [1,0]
02-20 20:21:42.231  1677  1677 I wm_task_moved: [1,1,0]
02-20 20:21:42.231  1677  1677 I wm_task_moved: [1,1,0]
02-20 20:21:42.241  1677  1677 I am_focused_activity: [0,com.android.settings/.FallbackHome,startedActivity]
02-20 20:21:42.246  1677  1677 I am_proc_start: [0,1934,1000,com.android.settings,activity,com.android.settings/.FallbackHome]
02-20 20:21:42.246  1677  1677 I ActivityManager: Start proc 1934:com.android.settings/1000 for activity com.android.settings/.FallbackHome
02-20 20:21:42.259  1371  1371 W ACodec  : [OMX.google.h264.decoder] stopping checking profiles after 32: 2/8000
02-20 20:21:42.259  1368  1368 E OMXNodeInstance: getExtensionIndex(5580011:google.h264.decoder, OMX.google.android.index.configureVideoTunnelMode) ERROR: UnsupportedIndex(0x8000101a)
02-20 20:21:42.259  1368  1387 W OMXNodeInstance: [5580011:google.h264.decoder] component does not support metadata mode; using fallback
02-20 20:21:42.260  1371  1371 I MediaPlayerService: MediaPlayerService::getOMX
02-20 20:21:42.260  1371  1371 I OMXClient: MuxOMX ctor
02-20 20:21:42.260  1368  1845 I OMXMaster: makeComponentInstance(OMX.google.hevc.decoder) in mediacodec process
02-20 20:21:42.260  1934  1934 W art     : Unexpected CPU variant for X86 using defaults: x86_64
02-20 20:21:42.263  1677  1688 I am_proc_bound: [0,1917,com.android.phone]
02-20 20:21:42.276  1677  1689 I am_proc_bound: [0,1934,com.android.settings]
02-20 20:21:42.276  1677  1677 I SystemServer: Enabled StrictMode for system server main thread.
02-20 20:21:42.284  1917  1917 W System  : ClassLoader referenced unknown path: /system/priv-app/TeleService/lib/x86_64
02-20 20:21:42.301     0     0 D ieee80211 phy1: hw scan 2457 MHz
02-20 20:21:42.312  1368  1387 E OMXNodeInstance: getExtensionIndex(5580012:google.hevc.decoder, OMX.google.android.index.configureVideoTunnelMode) ERROR: UnsupportedIndex(0x8000101a)
02-20 20:21:42.312  1368  1845 W OMXNodeInstance: [5580012:google.hevc.decoder] component does not support metadata mode; using fallback
02-20 20:21:42.314  1371  1371 I MediaPlayerService: MediaPlayerService::getOMX
02-20 20:21:42.315  1371  1371 I OMXClient: MuxOMX ctor
02-20 20:21:42.315  1368  1845 I OMXMaster: makeComponentInstance(OMX.google.vp8.decoder) in mediacodec process
02-20 20:21:42.327  1677  1851 I stream_devices_changed: [0,0,2]
02-20 20:21:42.342  1312  1324 D PermissionCache: checking android.permission.READ_FRAME_BUFFER for uid=1000 => granted (3166 us)
02-20 20:21:42.343  1312  1324 D gralloc_ranchu: gralloc_alloc: Creating ashmem region of size 17051648
02-20 20:21:42.343  1368  1368 E OMXNodeInstance: getExtensionIndex(5580013:google.vp8.decoder, OMX.google.android.index.configureVideoTunnelMode) ERROR: UnsupportedIndex(0x8000101a)
02-20 20:21:42.343  1368  1387 W OMXNodeInstance: [5580013:google.vp8.decoder] component does not support metadata mode; using fallback
02-20 20:21:42.345  1371  1371 I MediaPlayerService: MediaPlayerService::getOMX
02-20 20:21:42.345  1371  1371 I OMXClient: MuxOMX ctor
02-20 20:21:42.345  1368  1845 I OMXMaster: makeComponentInstance(OMX.google.vp9.decoder) in mediacodec process
02-20 20:21:42.363  1368  1845 E OMXNodeInstance: getExtensionIndex(5580014:google.vp9.decoder, OMX.google.android.index.configureVideoTunnelMode) ERROR: UnsupportedIndex(0x8000101a)
02-20 20:21:42.369  1368  1368 W OMXNodeInstance: [5580014:google.vp9.decoder] component does not support metadata mode; using fallback
02-20 20:21:42.370  1371  1371 I MediaPlayerService: MediaPlayerService::getOMX
02-20 20:21:42.371  1371  1371 I OMXClient: MuxOMX ctor
02-20 20:21:42.371  1368  1387 I OMXMaster: makeComponentInstance(OMX.google.h263.encoder) in mediacodec process
02-20 20:21:42.387  1368  1387 I SoftMPEG4Encoder: Construct SoftMPEG4Encoder
02-20 20:21:42.388  1371  1371 W ACodec  : do not know color format 0x7f000789 = 2130708361
02-20 20:21:42.389  1368  1387 E OMXNodeInstance: getConfig(5580015:google.h263.encoder, ConfigAndroidIntraRefresh(0x6f60000a)) ERROR: Undefined(0x80001001)
02-20 20:21:42.390  1371  1371 I MediaPlayerService: MediaPlayerService::getOMX
02-20 20:21:42.390  1371  1371 I OMXClient: MuxOMX ctor
02-20 20:21:42.390  1368  1387 I OMXMaster: makeComponentInstance(OMX.google.h264.encoder) in mediacodec process
02-20 20:21:42.411  1371  1371 W ACodec  : do not know color format 0x7f000789 = 2130708361
02-20 20:21:42.412  1371  1371 I MediaPlayerService: MediaPlayerService::getOMX
02-20 20:21:42.412  1371  1371 I OMXClient: MuxOMX ctor
02-20 20:21:42.412  1368  1387 I OMXMaster: makeComponentInstance(OMX.google.mpeg4.encoder) in mediacodec process
02-20 20:21:42.430  1368  1387 I SoftMPEG4Encoder: Construct SoftMPEG4Encoder
02-20 20:21:42.421     0     0 D ieee80211 phy1: hw scan 2462 MHz
02-20 20:21:42.432  1371  1371 W ACodec  : do not know color format 0x7f000789 = 2130708361
02-20 20:21:42.433  1368  1368 E OMXNodeInstance: getConfig(5580017:google.mpeg4.encoder, ConfigAndroidIntraRefresh(0x6f60000a)) ERROR: Undefined(0x80001001)
02-20 20:21:42.434  1371  1371 I MediaPlayerService: MediaPlayerService::getOMX
02-20 20:21:42.434  1371  1371 I OMXClient: MuxOMX ctor
02-20 20:21:42.434  1368  1368 I OMXMaster: makeComponentInstance(OMX.google.vp8.encoder) in mediacodec process
02-20 20:21:42.463  1677  1689 I am_restart_activity: [0,73504558,1,com.android.settings/.FallbackHome]
02-20 20:21:42.464  1677  1677 D ConditionProviders.SCP: onConnected
02-20 20:21:42.464  1677  1677 D ZenLog  : set_zen_mode: off,readXml
02-20 20:21:42.465  1677  1677 D ConditionProviders: Subscribing to condition://android/schedule?days=6.7&start=23.30&end=10.0&exitAtAlarm=false with ComponentInfo{android/com.android.server.notification.ScheduleConditionProvider}
02-20 20:21:42.465  1677  1677 D ZenLog  : subscribe: condition://android/schedule?days=6.7&start=23.30&end=10.0&exitAtAlarm=false,ok
02-20 20:21:42.465  1677  1677 D ConditionProviders: Subscribing to condition://android/event?userId=-10000&calendar=&reply=1 with ComponentInfo{android/com.android.server.notification.EventConditionProvider}
02-20 20:21:42.465  1677  1677 D ZenLog  : subscribe: condition://android/event?userId=-10000&calendar=&reply=1,ok
02-20 20:21:42.465  1677  1677 D ConditionProviders: Subscribing to condition://android/schedule?days=1.2.3.4.5&start=22.0&end=7.0&exitAtAlarm=false with ComponentInfo{android/com.android.server.notification.ScheduleConditionProvider}
02-20 20:21:42.465  1677  1677 D ZenLog  : subscribe: condition://android/schedule?days=1.2.3.4.5&start=22.0&end=7.0&exitAtAlarm=false,ok
02-20 20:21:42.465  1677  1698 W art     : Long monitor contention with owner Binder:1677_2 (1689) at void com.android.server.am.ActivityManagerService.attachApplication(android.app.IApplicationThread)(ActivityManagerService.java:6669) waiters=2 in void com.android.server.am.ActivityManagerService$LocalService.notifyAppTransitionCancelled() for 167ms
02-20 20:21:42.465  1677  1698 I dvm_lock_sample: [system_server,1,android.display,167,ActivityManagerService.java,21995,-,6669,33]
02-20 20:21:42.466  1677  1851 W art     : Long monitor contention with owner Binder:1677_2 (1689) at void com.android.server.am.ActivityManagerService.attachApplication(android.app.IApplicationThread)(ActivityManagerService.java:6669) waiters=4 in int com.android.server.am.ActivityManagerService.broadcastIntent(android.app.IApplicationThread, android.content.Intent, java.lang.String, android.content.IIntentReceiver, int, java.lang.String, android.os.Bundle, java.lang.String[], int, android.os.Bundle, boolean, boolean, int) for 139ms
02-20 20:21:42.466  1677  1851 I dvm_lock_sample: [system_server,1,Binder:1677_4,139,ActivityManagerService.java,18551,-,6669,27]
02-20 20:21:42.468  1677  1851 I stream_devices_changed: [2,0,2]
02-20 20:21:42.468  1677  1851 I stream_devices_changed: [3,0,2]
02-20 20:21:42.469  1677  1851 I stream_devices_changed: [6,0,2]
02-20 20:21:42.469  1677  1690 W art     : Long monitor contention with owner Binder:1677_2 (1689) at void com.android.server.am.ActivityManagerService.attachApplication(android.app.IApplicationThread)(ActivityManagerService.java:6669) waiters=1 in android.content.Intent com.android.server.am.ActivityManagerService.registerReceiver(android.app.IApplicationThread, java.lang.String, android.content.IIntentReceiver, android.content.IntentFilter, java.lang.String, int) for 187ms
02-20 20:21:42.469  1677  1690 I dvm_lock_sample: [system_server,0,android.bg,187,ActivityManagerService.java,17625,-,6669,37]
02-20 20:21:42.470  1371  1371 W ACodec  : do not know color format 0x7f000789 = 2130708361
02-20 20:21:42.470  1368  1368 E OMXNodeInstance: getConfig(5580018:google.vp8.encoder, ConfigAndroidIntraRefresh(0x6f60000a)) ERROR: Undefined(0x80001001)
02-20 20:21:42.473  1677  1851 I stream_devices_changed: [4,0,2]
02-20 20:21:42.475  1768  1900 I vol.Events: writeEvent level_changed STREAM_ALARM 6
02-20 20:21:42.476  1917  1917 W System  : ClassLoader referenced unknown path: /system/priv-app/TelephonyProvider/lib/x86_64
02-20 20:21:42.476  1917  1917 D ApplicationLoaders: ignored Vulkan layer search path /system/priv-app/TelephonyProvider/lib/x86_64:/system/lib64:/vendor/lib64 for namespace 0x7655634480f0
02-20 20:21:42.480  1677  1737 I WifiScanningService: wifi driver unloaded
02-20 20:21:42.480  1677  1677 D RttService: SCAN_AVAILABLE : 1
02-20 20:21:42.480  1677  1738 D RttService: DefaultState got{ when=0 what=160513 target=com.android.internal.util.StateMachine$SmHandler }
02-20 20:21:42.480  1677  1677 D ZenLog  : set_zen_mode: off,cleanUpZenRules
02-20 20:21:42.492  1371  1371 I MediaPlayerService: MediaPlayerService::getOMX
02-20 20:21:42.492  1371  1371 I OMXClient: MuxOMX ctor
02-20 20:21:42.494  1677  1690 I GnssLocationProvider: WakeLock released by handleMessage(13, 0, null)
02-20 20:21:42.494  1371  1371 I MediaPlayerService: MediaPlayerService::getOMX
02-20 20:21:42.495  1371  1371 I OMXClient: MuxOMX ctor
02-20 20:21:42.495  1371  1371 W MediaCodecList: unable to open media codecs configuration xml file: /data/misc/media/media_codecs_profiling_results.xml
02-20 20:21:42.495  1371  1878 I MediaPlayerService: MediaPlayerService::getOMX
02-20 20:21:42.496  1768  1877 I OMXClient: MuxOMX ctor
02-20 20:21:42.496  1368  1368 I OMXMaster: makeComponentInstance(OMX.google.vorbis.decoder) in mediacodec process
02-20 20:21:42.496  1677  1690 E GnssLocationProvider: no AGPS interface in set_agps_server
02-20 20:21:42.506  1934  1934 W System  : ClassLoader referenced unknown path: /system/priv-app/Settings/lib/x86_64
02-20 20:21:42.511  1312  1324 E SurfaceFlinger: ro.sf.lcd_density must be defined as a build property
02-20 20:21:42.512  1371  1878 I MediaPlayerService: MediaPlayerService::getOMX
02-20 20:21:42.512  1677  1812 I OMXClient: MuxOMX ctor
02-20 20:21:42.516  1677  1690 I GnssLocationProvider: WakeLock released by handleMessage(2, 1, null)
02-20 20:21:42.541     0     0 D ieee80211 phy1: hw scan complete
02-20 20:21:42.544     0     0 D ieee80211 phy1: mac80211_hwsim_get_survey (idx=0)
02-20 20:21:42.573     0     0 D ieee80211 phy1: mac80211_hwsim_config (freq=0 idle=0 ps=0 smps=auto)
02-20 20:21:42.573     0     0 D ieee80211 phy1: add channel context control: 2447 MHz/width: 2/cfreqs:2437/0 MHz
02-20 20:21:42.573     0     0 D ieee80211 phy1: mac80211_hwsim_bss_info_changed(changed=0x40000)
02-20 20:21:42.573     0     0 D ieee80211 phy1: TX Power: 20 dBm
02-20 20:21:42.573     0     0 D ieee80211 phy1: mac80211_hwsim_bss_info_changed(changed=0x4000)
02-20 20:21:42.573     0     0 D ieee80211 phy1: change channel context control: 2447 MHz/width: 2/cfreqs:2437/0 MHz
02-20 20:21:42.573     0     0 D ieee80211 phy1: mac80211_hwsim_bss_info_changed(changed=0x88340)
02-20 20:21:42.573     0     0 D ieee80211 phy1: BCNINT: 100
02-20 20:21:42.573     0     0 D ieee80211 phy1: BCN EN: 1
02-20 20:21:42.573     0     0 D ieee80211 phy1: mac80211_hwsim_bss_info_changed(changed=0x3e)
02-20 20:21:42.573     0     0 D ieee80211 phy1: ERP_CTS_PROT: 0
02-20 20:21:42.573     0     0 D ieee80211 phy1: ERP_PREAMBLE: 0
02-20 20:21:42.573     0     0 D ieee80211 phy1: ERP_SLOT: 1
02-20 20:21:42.573     0     0 D ieee80211 phy1: HT: op_mode=0x0
02-20 20:21:42.573     0     0 D ieee80211 phy1: BASIC_RATES: 0xf
02-20 20:21:42.573     0     0 D ieee80211 phy1: mac80211_hwsim_conf_tx (queue=0 txop=47 cw_min=3 cw_max=7 aifs=1)
02-20 20:21:42.573     0     0 D ieee80211 phy1: mac80211_hwsim_bss_info_changed(changed=0x2000)
02-20 20:21:42.573     0     0 D ieee80211 phy1: mac80211_hwsim_conf_tx (queue=1 txop=94 cw_min=7 cw_max=15 aifs=1)
02-20 20:21:42.573     0     0 D ieee80211 phy1: mac80211_hwsim_bss_info_changed(changed=0x2000)
02-20 20:21:42.574     0     0 D ieee80211 phy1: mac80211_hwsim_conf_tx (queue=2 txop=0 cw_min=15 cw_max=63 aifs=3)
02-20 20:21:42.574     0     0 D ieee80211 phy1: mac80211_hwsim_bss_info_changed(changed=0x2000)
02-20 20:21:42.574     0     0 D ieee80211 phy1: mac80211_hwsim_conf_tx (queue=3 txop=0 cw_min=15 cw_max=1023 aifs=7)
02-20 20:21:42.574     0     0 D ieee80211 phy1: mac80211_hwsim_bss_info_changed(changed=0x2000)
02-20 20:21:42.574     0     0 I IPv6    : ADDRCONF(NETDEV_CHANGE): wlan1: link becomes ready
02-20 20:21:42.575     0     0 D ieee80211 phy1: mac80211_hwsim_configure_filter
02-20 20:21:42.523  1768  1900 I vol.Events: writeEvent level_changed STREAM_BLUETOOTH_SCO 7
02-20 20:21:42.524  1768  1900 I vol.Events: writeEvent level_changed STREAM_MUSIC 11
02-20 20:21:42.525  1768  1900 I vol.Events: writeEvent level_changed STREAM_RING 5
02-20 20:21:42.525  1768  1900 I vol.Events: writeEvent level_changed STREAM_SYSTEM 5
02-20 20:21:42.526  1768  1900 I vol.Events: writeEvent level_changed STREAM_VOICE_CALL 4
02-20 20:21:42.532  1677  1677 W System  : ClassLoader referenced unknown path: /system/priv-app/Telecom/lib/x86_64
02-20 20:21:42.533  1677  1677 D ApplicationLoaders: ignored Vulkan layer search path /system/priv-app/Telecom/lib/x86_64:/system/priv-app/Telecom/Telecom.apk!/lib/x86_64:/system/lib64:/vendor/lib64 for namespace 0x7655634b31d0
02-20 20:21:42.530  1768  1768 D         : HostConnection::get() New Host Connection established 0x765544266600, tid 1768
02-20 20:21:42.572  1516  1516 E hostapd : Using interface wlan1 with hwaddr 02:00:00:00:01:00 and ssid "AndroidWifi"
02-20 20:21:42.574  1516  1516 I hostapd : wlan1: interface state HT_SCAN->ENABLED
02-20 20:21:42.574  1516  1516 I hostapd : wlan1: AP-ENABLED 
02-20 20:21:42.575  1368  1845 I OMXMaster: makeComponentInstance(OMX.google.vorbis.decoder) in mediacodec process
02-20 20:21:42.586  1934  1934 I am_on_resume_called: [0,com.android.settings.FallbackHome,LAUNCH_ACTIVITY]
02-20 20:21:42.592  1312  1967 E SurfaceFlinger: ro.sf.lcd_density must be defined as a build property
02-20 20:21:42.604  1934  1934 D         : HostConnection::get() New Host Connection established 0x7655549f8fa0, tid 1934
02-20 20:21:42.628  1768  1768 D StorageNotification: Notifying about private volume: VolumeInfo{private}:
02-20 20:21:42.628  1768  1768 D StorageNotification:     type=PRIVATE diskId=null partGuid=null mountFlags=0 mountUserId=-1 
02-20 20:21:42.628  1768  1768 D StorageNotification:     state=MOUNTED 
02-20 20:21:42.628  1768  1768 D StorageNotification:     fsType=null fsUuid=null fsLabel=null 
02-20 20:21:42.628  1768  1768 D StorageNotification:     path=/data internalPath=null 
02-20 20:21:42.631  1768  1768 D StorageNotification: Notifying about public volume: VolumeInfo{public:253,64}:
02-20 20:21:42.631  1768  1768 D StorageNotification:     type=PUBLIC diskId=disk:253,64 partGuid=null mountFlags=VISIBLE 
02-20 20:21:42.631  1768  1768 D StorageNotification:     mountUserId=0 state=MOUNTED 
02-20 20:21:42.631  1768  1768 D StorageNotification:     fsType=vfat fsUuid=1E12-0B12 fsLabel=SDCARD 
02-20 20:21:42.631  1768  1768 D StorageNotification:     path=/storage/1E12-0B12 internalPath=/mnt/media_rw/1E12-0B12 
02-20 20:21:42.640  1917  1917 D TelephonyProvider: dbh.onOpen: ok, queried table=siminfo
02-20 20:21:42.641  1917  1917 D TelephonyProvider: dbh.onOpen: ok, queried table=carriers
02-20 20:21:42.645  1677  1677 E BluetoothAdapter: Bluetooth binder is null
02-20 20:21:42.655  1371  1841 I MediaPlayerService: MediaPlayerService::getOMX
02-20 20:21:42.655  1677  1987 I OMXClient: MuxOMX ctor
02-20 20:21:42.655  1368  1368 I OMXMaster: makeComponentInstance(OMX.google.vorbis.decoder) in mediacodec process
02-20 20:21:42.662  1371  1878 I MediaPlayerService: MediaPlayerService::getOMX
02-20 20:21:42.662  1677  1677 I Telecom : SystemStateProvider: Registering car mode receiver: android.content.IntentFilter@ff96efa: TS.init@AAA
02-20 20:21:42.662  1768  1989 I OMXClient: MuxOMX ctor
02-20 20:21:42.693  1677  1698 I dvm_lock_sample: [system_server,1,android.display,16,WindowManagerService.java,8857,-,2857,3]
02-20 20:21:42.694  1934  1985 D         : HostConnection::get() New Host Connection established 0x7655572126c0, tid 1985
02-20 20:21:42.695  1934  1985 I OpenGLRenderer: Initialized EGL, version 1.4
02-20 20:21:42.695  1934  1985 D OpenGLRenderer: Swap behavior 1
02-20 20:21:42.696  1677  1690 W LocationProviderProxy-network: Odd, no component found for service com.android.location.service.v3.NetworkLocationProvider
02-20 20:21:42.696  1677  1690 W GeocoderProxy: Odd, no component found for service com.android.location.service.GeocodeProvider
02-20 20:21:42.699  1677  1991 I Telecom : Telecom: Non-call EVENT: AUDIO_ROUTE, Entering state QuiescentEarpieceRoute
02-20 20:21:42.711  1917  1917 D TDC     : updateOrInsert: inserting: Modem { uuid=modem, state=0, rilModel=0, rat={}, maxActiveVoiceCall=1, maxActiveDataCall=1, maxStandby=1 }
02-20 20:21:42.711  1917  1917 D TDC     : updateOrInsert: inserting: Sim { uuid=sim, modemUuid=modem, state=0 }
02-20 20:21:42.717  1677  1992 I Telecom : CallAudioModeStateMachine: Message received: null.: TS.init->CAMSM.pM_1@AAA_0
02-20 20:21:42.718  1917  1917 D CdmaSSM : subscriptionSource from settings: 0
02-20 20:21:42.718  1917  1917 I PhoneFactory: Cdma Subscription set to 0
02-20 20:21:42.718  1677  1677 E BluetoothAdapter: Bluetooth binder is null
02-20 20:21:42.719  1934  1985 D EGL_emulation: eglCreateContext: 0x765557264320: maj 3 min 0 rcv 3
02-20 20:21:42.721  1677  1993 E ActivityThread: Failed to find provider info for call_log
02-20 20:21:42.727  1677  1677 I Telecom : Class: TelecomSystem.INSTANCE being set
02-20 20:21:42.727  1677  1677 E BluetoothAdapter: Bluetooth binder is null
02-20 20:21:42.728  1677  1677 W ContextImpl: Calling a method in the system process without a qualified user: android.app.ContextImpl.startService:1357 com.android.server.content.SyncManager$13.run:658 android.os.Handler.handleCallback:751 android.os.Handler.dispatchMessage:95 android.os.Looper.loop:154 
02-20 20:21:42.732  1917  1917 I PhoneFactory: Network Mode set to 0
02-20 20:21:42.733  1368  1387 I OMXMaster: makeComponentInstance(OMX.google.vorbis.decoder) in mediacodec process
02-20 20:21:42.744  1917  1917 D RILJ    : RIL(context, preferredNetworkType=0 cdmaSubscription=0)
02-20 20:21:42.755  1677  1677 W System  : ClassLoader referenced unknown path: /system/priv-app/FusedLocation/lib/x86_64
02-20 20:21:42.756  1917  1917 D RILJ    : Starting RILReceiver0 [SUB0]
02-20 20:21:42.756  1677  1677 D ApplicationLoaders: ignored Vulkan layer search path /system/priv-app/FusedLocation/lib/x86_64:/system/priv-app/FusedLocation/FusedLocation.apk!/lib/x86_64:/system/lib64:/vendor/lib64 for namespace 0x7655634b3240
02-20 20:21:42.756  1677  1690 W GeofenceProxy: Odd, no component found for service com.android.location.service.GeofenceProvider
02-20 20:21:42.757  1677  1690 W ActivityRecognitionProxy: Odd, no component found for service com.android.location.service.ActivityRecognitionProvider
02-20 20:21:42.760  1917  1917 D RILJ    : [3648]> GET_HARDWARE_CONFIG [SUB0]
02-20 20:21:42.760  1373  1482 I RILC    : libril: new connection to RIL_SOCKET_1
02-20 20:21:42.760  1373  1482 I RILC    : RIL Daemon version: android reference-ril 1.0
02-20 20:21:42.760  1917  1917 D RilRequest: [3648]< GET_HARDWARE_CONFIG error: com.android.internal.telephony.CommandException: RADIO_NOT_AVAILABLE ret=
02-20 20:21:42.760  1917  2011 I RILJ    : (0) Connected to 'rild' socket
02-20 20:21:42.760  1917  1917 I PhoneFactory: Creating SubscriptionController
02-20 20:21:42.761  1917  2011 D RILJ    : [UNSL]< UNSOL_RIL_CONNECTED {12} [SUB0]
02-20 20:21:42.761  1917  2011 D RILJ    : [3649]> RADIO_POWER off [SUB0]
02-20 20:21:42.762  1917  2011 D RILJ    : [3650]> RIL_REQUEST_CDMA_SET_SUBSCRIPTION_SOURCE : 0 [SUB0]
02-20 20:21:42.762  1373  1482 D RIL     : onRequest: RADIO_POWER
02-20 20:21:42.762  1917  2011 D RILJ    : setCellInfoListRate: 2147483647 [SUB0]
02-20 20:21:42.762  1917  2011 D RILJ    : [3651]> RIL_REQUEST_SET_CELL_INFO_LIST_RATE [SUB0]
02-20 20:21:42.762  1373  1482 D RIL     : onRequest: CDMA_SET_SUBSCRIPTION_SOURCE
02-20 20:21:42.762  1917  2011 D RILJ    : [UNSL]< UNSOL_RESPONSE_RADIO_STATE_CHANGED RADIO_OFF [SUB0]
02-20 20:21:42.763  1917  2011 D RILJ    : [3652]> SCREEN_STATE: true [SUB0]
02-20 20:21:42.763  1373  1482 D RIL     : onRequest: SET_UNSOL_CELL_INFO_LIST_RATE
02-20 20:21:42.763  1917  1917 D SubscriptionController: [SubscriptionController] init by Context
02-20 20:21:42.765  1917  2011 D RILJ    : [UNSL]< UNSOL_NITZ_TIME_RECEIVED 18/02/20:20:21:37+0:0:Unknown!Unknown [SUB0]
02-20 20:21:42.765  1373  1482 D RIL     : onRequest: SCREEN_STATE
02-20 20:21:42.766  1917  2011 D RILJ    : [3649]< RADIO_POWER  [SUB0]
02-20 20:21:42.766  1917  2011 D RilRequest: [3650]< RIL_REQUEST_CDMA_SET_SUBSCRIPTION_SOURCE error: com.android.internal.telephony.CommandException: RADIO_NOT_AVAILABLE ret=
02-20 20:21:42.767  1917  2011 D RilRequest: [3651]< RIL_REQUEST_SET_CELL_INFO_LIST_RATE error: com.android.internal.telephony.CommandException: RADIO_NOT_AVAILABLE ret=
02-20 20:21:42.767  1917  2011 D RilRequest: [3652]< SCREEN_STATE error: com.android.internal.telephony.CommandException: RADIO_NOT_AVAILABLE ret=
02-20 20:21:42.768  1917  1917 D UiccController: Creating UiccController
02-20 20:21:42.778  1677  1677 D GpsNetInitiatedHandler: location enabled :true
02-20 20:21:42.778  1677  1677 D RttService: SCAN_AVAILABLE : 3
02-20 20:21:42.778  1677  1677 V WiredAccessoryManager: notifyWiredAccessoryChanged: when=0 bits= mask=54
02-20 20:21:42.778  1677  1677 V WiredAccessoryManager: newName=h2w newState=0 headsetState=0 prev headsetState=0
02-20 20:21:42.778  1677  1677 E WiredAccessoryManager: No state change.
02-20 20:21:42.778  1677  1677 V WiredAccessoryManager: init()
02-20 20:21:42.779  1677  1737 I WifiScanningService: wifi driver loaded with scan capabilities: max buckets=16
02-20 20:21:42.779  1677  1738 D RttService: DefaultState got{ when=-1ms what=160512 target=com.android.internal.util.StateMachine$SmHandler }
02-20 20:21:42.780  1917  1917 D TelephonyTester: register for intent action=com.android.internal.telephony.action_detached
02-20 20:21:42.781  1917  1917 D TelephonyTester: register for intent action=com.android.internal.telephony.action_attached
02-20 20:21:42.787  1371  1371 I MediaPlayerService: MediaPlayerService::getOMX
02-20 20:21:42.787  1768  2014 I OMXClient: MuxOMX ctor
02-20 20:21:42.787  1368  2003 I OMXMaster: makeComponentInstance(OMX.google.vorbis.decoder) in mediacodec process
02-20 20:21:42.789  1917  1917 D Phone   : mDoesRilSendMultipleCallRing=true
02-20 20:21:42.789  1917  1917 D Phone   : mCallRingDelay=3000
02-20 20:21:42.793  1917  1917 D RILJ    : [3653]> RIL_REQUEST_START_LCE [SUB0]
02-20 20:21:42.793  1373  1482 D RIL     : onRequest: <unknown request>
02-20 20:21:42.793  1917  2011 D RilRequest: [3653]< RIL_REQUEST_START_LCE error: com.android.internal.telephony.CommandException: RADIO_NOT_AVAILABLE ret=
02-20 20:21:42.803  1934  1985 D EGL_emulation: eglMakeCurrent: 0x765557264320: ver 3 0 (tinfo 0x76555720c840)
02-20 20:21:42.813  1677  1954 I StatusBarManagerService: registerStatusBar bar=com.android.internal.statusbar.IStatusBar$Stub$Proxy@1244cd4
02-20 20:21:42.814  1917  1917 E RIL_ImsSms: getFormat should never be called from here!
02-20 20:21:42.814  1917  1917 D SMSDispatcher: SMSDispatcher: ctor mSmsCapable=true format=unknown mSmsSendDisabled=false
02-20 20:21:42.814  1917  1917 D RIL_ImsSms: ImsSMSDispatcher created
02-20 20:21:42.815  1917  1917 D SMSDispatcher: SMSDispatcher: ctor mSmsCapable=true format=3gpp2 mSmsSendDisabled=false
02-20 20:21:42.815  1917  1917 D CdmaSMSDispatcher: CdmaSMSDispatcher created
02-20 20:21:42.838  1371  1878 I MediaPlayerService: MediaPlayerService::getOMX
02-20 20:21:42.838  1677  2018 I OMXClient: MuxOMX ctor
02-20 20:21:42.839  1368  1368 I OMXMaster: makeComponentInstance(OMX.google.vorbis.decoder) in mediacodec process
02-20 20:21:42.858  1917  1917 D GsmInboundSmsHandler: created InboundSmsHandler
02-20 20:21:42.875  1934  1985 D EGL_emulation: eglMakeCurrent: 0x765557264320: ver 3 0 (tinfo 0x76555720c840)
02-20 20:21:42.880  1677  1677 W VibratorService: Tried to stop vibrating but there is no vibrator device.
02-20 20:21:42.896  1677  1677 D ConditionProviders.SCP: onSubscribe condition://android/schedule?days=6.7&start=23.30&end=10.0&exitAtAlarm=false
02-20 20:21:42.897  1677  1677 D ConditionProviders.SCP: setRegistered true
02-20 20:21:42.897  1677  1677 D ConditionProviders.SCP: notifyCondition condition://android/schedule?days=6.7&start=23.30&end=10.0&exitAtAlarm=false STATE_FALSE reason=!meetsSchedule
02-20 20:21:42.899  1677  1677 D ConditionProviders.SCP: Scheduling evaluate for Tue Feb 20 23:30:00 GMT+00:00 2018 (1519169400000), in +3h8m17s103ms, now=Tue Feb 20 20:21:42 GMT+00:00 2018 (1519158102897)
02-20 20:21:42.899  1677  1677 D ConditionProviders.SCP: onSubscribe condition://android/schedule?days=1.2.3.4.5&start=22.0&end=7.0&exitAtAlarm=false
02-20 20:21:42.899  1677  1677 D ConditionProviders.SCP: notifyCondition condition://android/schedule?days=6.7&start=23.30&end=10.0&exitAtAlarm=false STATE_FALSE reason=!meetsSchedule
02-20 20:21:42.899  1677  1677 D ConditionProviders.SCP: notifyCondition condition://android/schedule?days=1.2.3.4.5&start=22.0&end=7.0&exitAtAlarm=false STATE_FALSE reason=!meetsSchedule
