02-20 20:21:42.900  1917  1917 D CdmaInboundSmsHandler: created InboundSmsHandler
02-20 20:21:42.902  1677  1677 D ConditionProviders.SCP: Scheduling evaluate for Tue Feb 20 22:00:00 GMT+00:00 2018 (1519164000000), in +1h38m17s101ms, now=Tue Feb 20 20:21:42 GMT+00:00 2018 (1519158102899)
02-20 20:21:42.918  1677  1729 I netstats_mobile_sample: [0,0,0,0,0,0,0,0,0,0,0,0,-1]
02-20 20:21:42.919  1677  1729 I netstats_wifi_sample: [0,0,0,0,0,0,0,0,0,0,0,0,-1]
02-20 20:21:42.919  1677  1677 I Telecom : WiredHeadsetManager: ACTION_HEADSET_PLUG event, plugged in: false, : WHC.oADA@AAE
02-20 20:21:42.920  1677  1677 I notification_enqueue: [10028,1768,com.android.systemui,1397773634,public:253,64,-1,Notification(pri=0 contentView=null vibrate=null sound=null defaults=0x0 flags=0x100 color=0xff607d8b category=sys actions=2 vis=PUBLIC),0]
02-20 20:21:42.925  1917  1917 D SMSDispatcher: SMSDispatcher: ctor mSmsCapable=true format=3gpp mSmsSendDisabled=false
02-20 20:21:42.925  1917  1917 D GsmSMSDispatcher: GsmSMSDispatcher created
02-20 20:21:42.927  1917  2026 D GsmInboundSmsHandler: StartupState.processMessage:6
02-20 20:21:42.927  1917  2026 D GsmInboundSmsHandler: entering Idle state
02-20 20:21:42.927  1917  2028 D CdmaInboundSmsHandler: StartupState.processMessage:6
02-20 20:21:42.927  1917  2028 D CdmaInboundSmsHandler: entering Idle state
02-20 20:21:42.932  1917  1917 D IccCardProxy: ctor: ci=com.android.internal.telephony.RIL@4a8d44d phoneId=0
02-20 20:21:42.932  1917  1917 D CdmaSSM : subscriptionSource from settings: 0
02-20 20:21:42.932  1917  1917 D CdmaSSM : cdmaSSM constructor: 0
02-20 20:21:42.932  1917  1917 D IccCardProxy: update icc_operator_numeric=
02-20 20:21:42.932  1917  1917 D TelephonyManager: setTelephonyProperty: success phoneId=0 property=gsm.sim.operator.numeric value:  propVal=
02-20 20:21:42.932  1917  1917 D TelephonyManager: setTelephonyProperty: success phoneId=0 property=gsm.sim.operator.iso-country value:  propVal=
02-20 20:21:42.932  1917  1917 D TelephonyManager: setTelephonyProperty: success phoneId=0 property=gsm.sim.operator.alpha value:  propVal=
02-20 20:21:42.932  1917  1917 E IccCardProxy: setExternalState: set mPhoneId=0 mExternalState=NOT_READY
02-20 20:21:42.932  1917  1917 D TelephonyManager: setTelephonyProperty: success phoneId=0 property=gsm.sim.state value: NOT_READY propVal=NOT_READY
02-20 20:21:42.933  1917  1917 D IccCardProxy: broadcastIccStateChangedIntent intent ACTION_SIM_STATE_CHANGED value=NOT_READY reason=null for mPhoneId=0
02-20 20:21:42.955  1677  1691 I am_proc_start: [0,2032,10004,com.android.cellbroadcastreceiver,broadcast,com.android.cellbroadcastreceiver/.CellBroadcastReceiver]
02-20 20:21:42.956  1677  1691 I ActivityManager: Start proc 2032:com.android.cellbroadcastreceiver/u0a4 for broadcast com.android.cellbroadcastreceiver/.CellBroadcastReceiver
02-20 20:21:42.957  1677  1677 I ActivityManager: user 0 is still locked. Cannot load recents
02-20 20:21:42.957  1917  1917 D RILJ    : setPhoneType=1 old value=0 [SUB0]
02-20 20:21:42.957  1917  1917 D TelephonyManager: setTelephonyProperty: success phoneId=0 property=gsm.current.phone-type value: 1 propVal=1
02-20 20:21:42.958  1917  1917 D IccCardProxy: Setting radio tech UMTS
02-20 20:21:42.958  1917  1917 D IccCardProxy: updateQuietMode: 3GPP subscription -> newQuietMode=false
02-20 20:21:42.958  1917  1917 D IccCardProxy: updateQuietMode: no changes don't setExternalState
02-20 20:21:42.958  1917  1917 D IccCardProxy: updateQuietMode: QuietMode is false (app_type=1 cdmaSource=-1)
02-20 20:21:42.958  1371  1410 I MediaPlayerService: MediaPlayerService::getOMX
02-20 20:21:42.959  1677  1691 I boot_progress_enable_screen: 10959
02-20 20:21:42.959  1677  2031 I OMXClient: MuxOMX ctor
02-20 20:21:42.959  1677  1698 I am_activity_launch_time: [0,73504558,com.android.settings/.FallbackHome,718,718]
02-20 20:21:42.959  1677  1698 I ActivityManager: Displayed com.android.settings/.FallbackHome: +718ms
02-20 20:21:42.959  1368  2003 I OMXMaster: makeComponentInstance(OMX.google.vorbis.decoder) in mediacodec process
02-20 20:21:42.960  1677  1691 V KeyguardServiceDelegate: *** Keyguard started
02-20 20:21:42.960  1677  1691 I screen_toggled: 1
02-20 20:21:42.964  1677  1691 W KeyguardServiceDelegate: onScreenTurningOn(): no keyguard service!
02-20 20:21:42.965  1677  1677 D TelephonyRegistry: notifyCellLocationForSubscriber: subId=0 cellLocation=Bundle[{}]
02-20 20:21:42.966  1917  1933 D SubscriptionController: [getPhoneId]- no sims, returning default phoneId=2147483647
02-20 20:21:42.969  1917  1917 W CarrierConfigManager: Error getting config for subId -1 ICarrierConfigLoader is null
02-20 20:21:42.970  1677  1968 D TelephonyRegistry: listen oscl: hasNotifySubscriptionInfoChangedOccurred==false no callback
02-20 20:21:42.971  1917  1917 D TelephonyManager: setTelephonyProperty: success phoneId=0 property=gsm.network.type value: Unknown propVal=Unknown
02-20 20:21:42.971  1917  1917 D RILJ    : [3654]> SIGNAL_STRENGTH [SUB0]
02-20 20:21:42.971  1373  1482 D RIL     : onRequest: SIGNAL_STRENGTH
02-20 20:21:42.971  1917  2011 D RilRequest: [3654]< SIGNAL_STRENGTH error: com.android.internal.telephony.CommandException: RADIO_NOT_AVAILABLE ret=
02-20 20:21:42.972  1917  1917 D SST     : notifyDataRegStateRilRadioTechnologyChanged: drs=1 rat=0
02-20 20:21:42.972  1917  1917 D TelephonyManager: setTelephonyProperty: success phoneId=0 property=gsm.network.type value: Unknown propVal=Unknown
02-20 20:21:42.978  1917  1917 D DCT     : [0]DCT.constructor
02-20 20:21:42.980  2032  2032 W art     : Unexpected CPU variant for X86 using defaults: x86_64
02-20 20:21:42.981  1677  1968 D TelephonyRegistry: listen oscl: hasNotifySubscriptionInfoChangedOccurred==false no callback
02-20 20:21:42.983  1917  1917 D Dcc     : E ctor
02-20 20:21:42.983  1917  1917 D Dcc     : X ctor
02-20 20:21:42.984  1917  1917 D SubscriptionController: [getPhoneId] asked for default subId=-1
02-20 20:21:42.989  1677  1698 I WindowManager: Screen frozen for +713ms due to AppWindowToken{c7fd365 token=Token{53192cf ActivityRecord{461972e u0 com.android.settings/.FallbackHome t1}}}
02-20 20:21:42.990  1917  1917 D DcTesterFailBrinupAll: register for intent action=com.android.internal.telephony.dataconnection.action_fail_bringup
02-20 20:21:42.990  1917  1917 D DcTesterFailBrinupAll: register for intent action=com.android.internal.telephony.action_detached
02-20 20:21:42.990  1917  1917 D DcTesterFailBrinupAll: register for intent action=com.android.internal.telephony.action_attached
02-20 20:21:42.992  1917  1917 D SST     : notifyDataRegStateRilRadioTechnologyChanged: drs=1 rat=0
02-20 20:21:42.992  1917  1917 D TelephonyManager: setTelephonyProperty: success phoneId=0 property=gsm.network.type value: Unknown propVal=Unknown
02-20 20:21:42.993  1917  1917 D DCT     : [0]update sub = -2
02-20 20:21:42.993  1917  1917 D DCT     : [0]update(): Active DDS, register for all events now!
02-20 20:21:42.993  1917  1917 D GsmCdmaPhone: [GsmCdmaPhone] updateCurrentCarrierInProvider: mSubId = -2 currentDds = 1 operatorNumeric = null
02-20 20:21:42.994  1917  1917 D DCT     : [0]initApnContexts: E
02-20 20:21:42.994  1917  1917 D DCT     : [0]initApnContexts: skipping unknown type=1
02-20 20:21:42.994  1917  1917 D DCT     : [0]initApnContexts: apnContext={mApnType=default mState=IDLE mWaitingApns={null} mApnSetting={null} mReason=dataEnabled mDataEnabled=false mDependencyMet=true}
02-20 20:21:42.994  1917  1917 D DCT     : [0]initApnContexts: apnContext={mApnType=mms mState=IDLE mWaitingApns={null} mApnSetting={null} mReason=dataEnabled mDataEnabled=false mDependencyMet=true}
02-20 20:21:42.994  1917  1917 D DCT     : [0]initApnContexts: apnContext={mApnType=supl mState=IDLE mWaitingApns={null} mApnSetting={null} mReason=dataEnabled mDataEnabled=false mDependencyMet=true}
02-20 20:21:42.994  1917  1917 D DCT     : [0]initApnContexts: apnContext={mApnType=hipri mState=IDLE mWaitingApns={null} mApnSetting={null} mReason=dataEnabled mDataEnabled=false mDependencyMet=true}
02-20 20:21:42.994  1917  1917 D DCT     : [0]initApnContexts: apnContext={mApnType=fota mState=IDLE mWaitingApns={null} mApnSetting={null} mReason=dataEnabled mDataEnabled=false mDependencyMet=true}
02-20 20:21:42.994  1917  1917 D DCT     : [0]initApnContexts: apnContext={mApnType=ims mState=IDLE mWaitingApns={null} mApnSetting={null} mReason=dataEnabled mDataEnabled=false mDependencyMet=true}
02-20 20:21:42.994  1917  1917 D DCT     : [0]initApnContexts: apnContext={mApnType=cbs mState=IDLE mWaitingApns={null} mApnSetting={null} mReason=dataEnabled mDataEnabled=false mDependencyMet=true}
02-20 20:21:42.994  1917  1917 D DCT     : [0]initApnContexts: skipping unknown type=13
02-20 20:21:42.994  1917  1917 D DCT     : [0]initApnContexts: apnContext={mApnType=ia mState=IDLE mWaitingApns={null} mApnSetting={null} mReason=dataEnabled mDataEnabled=false mDependencyMet=true}
02-20 20:21:42.994  1917  1917 D DCT     : [0]initApnContexts: apnContext={mApnType=emergency mState=IDLE mWaitingApns={null} mApnSetting={null} mReason=dataEnabled mDataEnabled=false mDependencyMet=true}
02-20 20:21:42.995  1917  2038 D DcTesterDeacativateAll: register for intent action=com.android.internal.telephony.dataconnection.action_deactivate_all
02-20 20:21:42.995  1917  2038 D DcTesterDeacativateAll: register for intent action=com.android.internal.telephony.action_detached
02-20 20:21:42.995  1917  2038 D Dcc     : DccDefaultState: msg.what=EVENT_RIL_CONNECTED mRilVersion=12
02-20 20:21:43.029  1677  1687 I art     : Background sticky concurrent mark sweep GC freed 24874(2MB) AllocSpace objects, 10(232KB) LOS objects, 9% free, 22MB/24MB, paused 4.204ms total 131.323ms
02-20 20:21:43.032  1677  1953 I am_proc_bound: [0,2032,com.android.cellbroadcastreceiver]
02-20 20:21:43.051  1917  1917 D GsmCdmaPhone: [GsmCdmaPhone] GsmCdmaPhone: constructor: sub = 0
02-20 20:21:43.051  1917  1917 I PhoneFactory: Creating Phone with type = 1 sub = 0
02-20 20:21:43.056  1917  1917 I PhoneFactory: defaultSmsApplication: NONE
02-20 20:21:43.056  1917  1917 I PhoneFactory: Creating SubInfoRecordUpdater 
02-20 20:21:43.057  1917  1917 D SubscriptionInfoUpdater: Constructor invoked
02-20 20:21:43.084  1371  1410 I MediaPlayerService: MediaPlayerService::getOMX
02-20 20:21:43.085  1677  2050 I OMXClient: MuxOMX ctor
02-20 20:21:43.085  1368  1845 I OMXMaster: makeComponentInstance(OMX.google.vorbis.decoder) in mediacodec process
02-20 20:21:43.095  1677  1851 D TelephonyRegistry: listen oscl: hasNotifySubscriptionInfoChangedOccurred==false no callback
02-20 20:21:43.096  1917  1917 D SubscriptionController: [getPhoneId]- no sims, returning default phoneId=2147483647
02-20 20:21:43.096  1677  1953 D TelephonyRegistry: listen oscl: hasNotifySubscriptionInfoChangedOccurred==false no callback
02-20 20:21:43.097  1917  1917 D PhoneSwitcherNetworkRequstListener: Registering NetworkFactory
02-20 20:21:43.125  1677  1739 D ConnectivityService: Got NetworkFactory Messenger for PhoneSwitcherNetworkRequstListener
02-20 20:21:43.128  1917  1917 D PhoneSwitcher: PhoneSwitcher started
02-20 20:21:43.130  1917  1917 D ProxyController: Constructor - Enter
02-20 20:21:43.140  1917  1917 D ProxyController: clearTransaction
02-20 20:21:43.140  1917  1917 D ProxyController: clearTransaction: phoneId=0 status=IDLE
02-20 20:21:43.140  1917  1917 D ProxyController: Constructor - Exit
02-20 20:21:43.140  1917  1917 D TelephonyNetworkFactory[0]: Registering NetworkFactory
02-20 20:21:43.140  1677  1739 D ConnectivityService: Got NetworkFactory Messenger for TelephonyNetworkFactory[0]
02-20 20:21:43.142  1917  1917 D CallManager: registerPhone(GSM Handler (com.android.internal.telephony.GsmCdmaPhone) {ef6b80})
02-20 20:21:43.144  1677  1851 D TelephonyRegistry: listen oscl: hasNotifySubscriptionInfoChangedOccurred==false no callback
02-20 20:21:43.171  1371  1410 I MediaPlayerService: MediaPlayerService::getOMX
02-20 20:21:43.172  1677  2054 I OMXClient: MuxOMX ctor
02-20 20:21:43.172  1917  1917 D CarrierConfigLoader: CarrierConfigLoader has started
02-20 20:21:43.172  1368  1387 I OMXMaster: makeComponentInstance(OMX.google.vorbis.decoder) in mediacodec process
02-20 20:21:43.174  1917  1917 E BluetoothAdapter: Bluetooth binder is null
02-20 20:21:43.175  1677  1851 D TelephonyRegistry: listen oscl: hasNotifySubscriptionInfoChangedOccurred==false no callback
02-20 20:21:43.223  1917  1917 D RILJ    : [3655]> RIL_REQUEST_SET_TTY_MODE : 0 [SUB0]
02-20 20:21:43.225  1373  1482 D RIL     : onRequest: SET_TTY_MODE
02-20 20:21:43.225  1917  2011 D RilRequest: [3655]< RIL_REQUEST_SET_TTY_MODE error: com.android.internal.telephony.CommandException: RADIO_NOT_AVAILABLE ret=
02-20 20:21:43.225  1917  1917 I Telephony: TtyManager: updateUiTtyMode -1 -> 0
02-20 20:21:43.228  1677  1953 D TelephonyRegistry: listen oscl: hasNotifySubscriptionInfoChangedOccurred==false no callback
02-20 20:21:43.229  1917  1917 D SubscriptionController: [getPhoneId] asked for default subId=-1
02-20 20:21:43.230  1917  1917 D UiccController: Received EVENT_ICC_STATUS_CHANGED, calling getIccCardStatus
02-20 20:21:43.230  1917  1917 D RILJ    : [3656]> GET_SIM_STATUS [SUB0]
02-20 20:21:43.231  1917  1917 D Phone   : config LCE service failed: com.android.internal.telephony.CommandException: RADIO_NOT_AVAILABLE
02-20 20:21:43.231  1917  1917 D GsmSMSDispatcher: GsmSMSDispatcher: subId = -2 slotId = 0
02-20 20:21:43.231  1917  1917 E IccCardProxy: setExternalState: !override and newstate unchanged from NOT_READY
02-20 20:21:43.231  1917  1917 D RILJ    : [3657]> BASEBAND_VERSION [SUB0]
02-20 20:21:43.231  1373  1482 D RIL     : onRequest: GET_SIM_STATUS
02-20 20:21:43.231  1373  1482 D RIL     : getSIMStatus(). sState: 0
02-20 20:21:43.231  1917  2011 D RILJ    : [3656]< GET_SIM_STATUS IccCardState {CARDSTATE_PRESENT,PINSTATE_UNKNOWN,num_apps=2,gsm_id=0{APPTYPE_SIM,APPSTATE_DETECTED},cdma_id=1{APPTYPE_RUIM,APPSTATE_DETECTED},ims_id=8} [SUB0]
02-20 20:21:43.237  1917  1917 D RILJ    : [3658]> GET_IMEI [SUB0]
02-20 20:21:43.237  1373  1482 D RIL     : onRequest: BASEBAND_VERSION
02-20 20:21:43.239  1917  2011 D RilRequest: [3657]< BASEBAND_VERSION error: com.android.internal.telephony.CommandException: RADIO_NOT_AVAILABLE ret=
02-20 20:21:43.239  1373  1482 D RIL     : onRequest: GET_IMEI
02-20 20:21:43.240  1373  1482 D AT      : AT> AT+CGSN
02-20 20:21:43.240  1373  1484 D AT      : AT< 000000000000000
02-20 20:21:43.240  1373  1484 D AT      : AT< OK
02-20 20:21:43.240  1917  1917 D RILJ    : [3659]> GET_IMEISV [SUB0]
02-20 20:21:43.249  1373  1482 D RIL     : onRequest: GET_IMEISV
02-20 20:21:43.249  1917  1917 D RILJ    : [3660]> RIL_REQUEST_GET_RADIO_CAPABILITY [SUB0]
02-20 20:21:43.250  1917  2011 D RILJ    : [3658]< GET_IMEI  [SUB0]
02-20 20:21:43.250  1373  1482 D RIL     : onRequest: RIL_REQUEST_GET_RADIO_CAPABILITY
02-20 20:21:43.250  1917  1917 D RILJ    : [3661]> RIL_REQUEST_START_LCE [SUB0]
02-20 20:21:43.250  1917  2011 D RilRequest: [3659]< GET_IMEISV error: com.android.internal.telephony.CommandException: RADIO_NOT_AVAILABLE ret=
02-20 20:21:43.250  1917  2011 D RilRequest: [3660]< RIL_REQUEST_GET_RADIO_CAPABILITY error: com.android.internal.telephony.CommandException: RADIO_NOT_AVAILABLE ret=
02-20 20:21:43.250  1373  1482 D RIL     : onRequest: <unknown request>
02-20 20:21:43.250  1917  1917 D GsmCdmaPhone: [GsmCdmaPhone] Event EVENT_RADIO_OFF_OR_NOT_AVAILABLE Received
02-20 20:21:43.250  1917  1917 E IccCardProxy: setExternalState: !override and newstate unchanged from NOT_READY
02-20 20:21:43.250  1917  1917 D SST     : mDeviceShuttingDown=false, mDesiredPowerState=true, getRadioState=RADIO_OFF, mPowerOffDelayNeed=true, mAlarmSwitch=false, mRadioDisabledByCarrier=false
02-20 20:21:43.250  1917  1917 D RILJ    : [3662]> RADIO_POWER on [SUB0]
02-20 20:21:43.250  1917  2011 D RilRequest: [3661]< RIL_REQUEST_START_LCE error: com.android.internal.telephony.CommandException: RADIO_NOT_AVAILABLE ret=
02-20 20:21:43.250  1917  1917 D RILJ    : [3663]> OPERATOR [SUB0]
02-20 20:21:43.251  1373  1482 D RIL     : onRequest: RADIO_POWER
02-20 20:21:43.251  1373  1482 D AT      : AT> AT+CFUN=1
02-20 20:21:43.251  1917  1917 D RILJ    : [3664]> DATA_REGISTRATION_STATE [SUB0]
02-20 20:21:43.251  1917  1917 D RILJ    : [3665]> VOICE_REGISTRATION_STATE [SUB0]
02-20 20:21:43.251  1917  1917 D RILJ    : [3666]> QUERY_NETWORK_SELECTION_MODE [SUB0]
02-20 20:21:43.251  1917  1917 D SST     : NITZ: 18/02/20:20:21:37+0:0:Unknown!Unknown,4053 start=11251 delay=7198
02-20 20:21:43.251  1917  1917 D SST     : NITZ: tzOffset=0 dst=0 zone=GMT iso= mGotCountryCode=false mNeedFixZoneAfterNitz=false
02-20 20:21:43.252  1917  1917 D SST     : setAndBroadcastNetworkSetTimeZone: setTimeZone=GMT
02-20 20:21:43.252  1677  1968 D AlarmManagerService: Kernel timezone updated to 0 minutes west of GMT
02-20 20:21:43.252  1373  1484 D AT      : AT< OK
02-20 20:21:43.252  1373  1482 D RIL     : setRadioState(10)
02-20 20:21:43.252  1373  1482 D RIL     : onRequest: OPERATOR
02-20 20:21:43.252  1373  1482 D AT      : AT> AT+COPS=3,0;+COPS?;+COPS=3,1;+COPS?;+COPS=3,2;+COPS?
02-20 20:21:43.252  1373  1484 D AT      : AT< +COPS: 0,0,"Android"
02-20 20:21:43.252  1373  1484 D AT      : AT< +COPS: 0,1,"Android"
02-20 20:21:43.252  1373  1484 D AT      : AT< +COPS: 0,2,"310260"
02-20 20:21:43.252  1373  1484 D AT      : AT< OK
02-20 20:21:43.253  1373  1482 D RIL     : onRequest: DATA_REGISTRATION_STATE
02-20 20:21:43.253  1373  1482 D RIL     : requestRegistrationState
02-20 20:21:43.253  1373  1482 D AT      : AT> AT+CGREG?
02-20 20:21:43.253  1917  2011 D RILJ    : [UNSL]< UNSOL_RESPONSE_RADIO_STATE_CHANGED RADIO_ON [SUB0]
02-20 20:21:43.253  1917  2011 D RILJ    : [UNSL]< UNSOL_RESPONSE_SIM_STATUS_CHANGED [SUB0]
02-20 20:21:43.253  1917  2011 D RILJ    : [3662]< RADIO_POWER  [SUB0]
02-20 20:21:43.253  1917  2011 D RILJ    : [3663]< OPERATOR {Android, Android, 310260} [SUB0]
02-20 20:21:43.253  1917  1917 D SST     : setAndBroadcastNetworkSetTimeZone: call alarm.setTimeZone and broadcast zoneId=GMT
02-20 20:21:43.254  1917  1917 D SST     : NITZ: Setting time of day to Tue Feb 20 20:21:44 GMT+00:00 2018 NITZ receive delay(ms): 7201 gained(ms): 947 from 18/02/20:20:21:37+0:0:Unknown!Unknown
02-20 20:21:43.254  1917  1917 D SST     : setAndBroadcastNetworkSetTime: time=1519158104201ms
02-20 20:21:43.254  1677  1953 D AlarmManagerService: Setting time of day to sec=1519158104
02-20 20:21:44.201  1373  1484 D AT      : AT< +CGREG: 1,1,"0003","005b","000e"
02-20 20:21:44.201  1373  1484 D AT      : AT< OK
02-20 20:21:44.210  1373  1482 D RIL     : parseRegistrationState. Parsing: +CGREG: 1,1,"0003","005b","000e"
02-20 20:21:44.210  1373  1482 D RIL     : registration state type: 3GPP
02-20 20:21:44.210  1373  1482 D RIL     : onRequest: VOICE_REGISTRATION_STATE
02-20 20:21:44.210  1373  1482 D RIL     : requestRegistrationState
02-20 20:21:44.210  1373  1482 D AT      : AT> AT+CREG?
02-20 20:21:44.211  1917  2011 D RILJ    : [3664]< DATA_REGISTRATION_STATE {1, 3, 5b, 14, null, null} [SUB0]
02-20 20:21:44.201  1677  1953 W AlarmManagerService: Unable to set rtc to 1519158104: No such device
02-20 20:21:44.211  1373  1484 D AT      : AT< +CREG: 2,1, "0003", "005b"
02-20 20:21:44.211  1373  1484 D AT      : AT< OK
02-20 20:21:44.211  1373  1482 D RIL     : parseRegistrationState. Parsing: +CREG: 2,1, "0003", "005b"
02-20 20:21:44.211  1373  1482 D RIL     : registration state type: 3GPP
02-20 20:21:44.211  1373  1482 D RIL     : onRequest: QUERY_NETWORK_SELECTION_MODE
02-20 20:21:44.211  1373  1482 D AT      : AT> AT+COPS?
02-20 20:21:44.212  1373  1484 D AT      : AT< +COPS: 0,2,310260
02-20 20:21:44.212  1373  1484 D AT      : AT< OK
02-20 20:21:44.212  1917  2011 D RILJ    : [3665]< VOICE_REGISTRATION_STATE {1, 3, 5b, 0, null, null, null, null, null, null, null, null, null, null, null} [SUB0]
02-20 20:21:44.212  1917  2011 D RILJ    : [3666]< QUERY_NETWORK_SELECTION_MODE {0} [SUB0]
02-20 20:21:44.215  1677  1677 D ConditionProviders.SCP: onReceive android.intent.action.TIME_SET
02-20 20:21:44.215  1677  1677 D ConditionProviders.SCP: notifyCondition condition://android/schedule?days=6.7&start=23.30&end=10.0&exitAtAlarm=false STATE_FALSE reason=!meetsSchedule
02-20 20:21:44.215  1677  1677 D ConditionProviders.SCP: notifyCondition condition://android/schedule?days=1.2.3.4.5&start=22.0&end=7.0&exitAtAlarm=false STATE_FALSE reason=!meetsSchedule
02-20 20:21:44.215  1677  1677 D ConditionProviders.SCP: Scheduling evaluate for Tue Feb 20 22:00:00 GMT+00:00 2018 (1519164000000), in +1h38m15s785ms, now=Tue Feb 20 20:21:44 GMT+00:00 2018 (1519158104215)
02-20 20:21:44.232  1917  1917 I SST     : NITZ: after Setting time of day
02-20 20:21:44.233  1917  1917 D SST     : NITZ: end=11286 dur=35
02-20 20:21:44.233  1917  1917 D SST     : onSignalStrengthResult() Exception from RIL : com.android.internal.telephony.CommandException: RADIO_NOT_AVAILABLE
02-20 20:21:44.234  1917  1917 D SST     : mDeviceShuttingDown=false, mDesiredPowerState=true, getRadioState=RADIO_ON, mPowerOffDelayNeed=true, mAlarmSwitch=false, mRadioDisabledByCarrier=false
02-20 20:21:44.234  1917  1917 D RILJ    : [3667]> OPERATOR [SUB0]
02-20 20:21:44.234  1373  1482 D RIL     : onRequest: OPERATOR
02-20 20:21:44.234  1373  1482 D AT      : AT> AT+COPS=3,0;+COPS?;+COPS=3,1;+COPS?;+COPS=3,2;+COPS?
02-20 20:21:44.234  1917  1917 D RILJ    : [3668]> DATA_REGISTRATION_STATE [SUB0]
02-20 20:21:44.235  1917  1917 D RILJ    : [3669]> VOICE_REGISTRATION_STATE [SUB0]
02-20 20:21:44.235  1917  1917 D RILJ    : [3670]> QUERY_NETWORK_SELECTION_MODE [SUB0]
02-20 20:21:44.235  1373  1484 D AT      : AT< +COPS: 0,0,"Android"
02-20 20:21:44.235  1373  1484 D AT      : AT< +COPS: 0,1,"Android"
02-20 20:21:44.235  1373  1484 D AT      : AT< +COPS: 0,2,"310260"
02-20 20:21:44.235  1373  1484 D AT      : AT< OK
02-20 20:21:44.235  1373  1482 D RIL     : onRequest: DATA_REGISTRATION_STATE
02-20 20:21:44.235  1373  1482 D RIL     : requestRegistrationState
02-20 20:21:44.235  1373  1482 D AT      : AT> AT+CGREG?
02-20 20:21:44.235  1373  1484 D AT      : AT< +CGREG: 1,1,"0003","005b","000e"
02-20 20:21:44.235  1373  1484 D AT      : AT< OK
02-20 20:21:44.235  1917  2011 D RILJ    : [3667]< OPERATOR {Android, Android, 310260} [SUB0]
02-20 20:21:44.235  1917  1917 D DCT     : [0]NETWORK_STATE_CHANGED_ACTION: mIsWifiConnected=false
02-20 20:21:44.235  1917  1917 D DCT     : [0]Wifi state changed
02-20 20:21:44.235  1917  1917 D DCT     : [0]WIFI_STATE_CHANGED_ACTION: enabled=true mIsWifiConnected=false
02-20 20:21:44.235  1917  1917 D DCT     : [0]onRadioAvailable
02-20 20:21:44.235  1917  1917 D DCT     : [0]onRadioOffOrNotAvailable: is off and clean up all connections
02-20 20:21:44.236  1917  1917 D DCT     : [0]cleanUpAllConnections: tearDown=false reason=radioTurnedOff
02-20 20:21:44.236  1917  1917 D GsmCdmaPhone: [GsmCdmaPhone] getDataConnectionState apnType=default ret=DISCONNECTED
02-20 20:21:44.236  1373  1482 D RIL     : parseRegistrationState. Parsing: +CGREG: 1,1,"0003","005b","000e"
02-20 20:21:44.236  1373  1482 D RIL     : registration state type: 3GPP
02-20 20:21:44.236  1373  1482 D RIL     : onRequest: VOICE_REGISTRATION_STATE
02-20 20:21:44.236  1373  1482 D RIL     : requestRegistrationState
02-20 20:21:44.236  1373  1482 D AT      : AT> AT+CREG?
02-20 20:21:44.236  1373  1484 D AT      : AT< +CREG: 2,1, "0003", "005b"
02-20 20:21:44.236  1373  1484 D AT      : AT< OK
02-20 20:21:44.239  1373  1482 D RIL     : parseRegistrationState. Parsing: +CREG: 2,1, "0003", "005b"
02-20 20:21:44.239  1373  1482 D RIL     : registration state type: 3GPP
02-20 20:21:44.239  1373  1482 D RIL     : onRequest: QUERY_NETWORK_SELECTION_MODE
02-20 20:21:44.239  1373  1482 D AT      : AT> AT+COPS?
02-20 20:21:44.240  1373  1484 D AT      : AT< +COPS: 0,2,310260
02-20 20:21:44.240  1373  1484 D AT      : AT< OK
02-20 20:21:44.247  1917  2011 D RILJ    : [3668]< DATA_REGISTRATION_STATE {1, 3, 5b, 14, null, null} [SUB0]
02-20 20:21:44.247  1917  2011 D RILJ    : [3669]< VOICE_REGISTRATION_STATE {1, 3, 5b, 0, null, null, null, null, null, null, null, null, null, null, null} [SUB0]
02-20 20:21:44.247  1917  2011 D RILJ    : [3670]< QUERY_NETWORK_SELECTION_MODE {0} [SUB0]
02-20 20:21:44.248  1917  1917 D DCT     : [0]cleanUpConnection: X tearDown=false reason=radioTurnedOff apnContext={mApnType=default mState=IDLE mWaitingApns={null} mApnSetting={null} mReason=radioTurnedOff mDataEnabled=false mDependencyMet=true} dcac=null
02-20 20:21:44.248  1917  1917 D GsmCdmaPhone: [GsmCdmaPhone] getDataConnectionState apnType=mms ret=DISCONNECTED
02-20 20:21:44.249  1917  1917 D DCT     : [0]cleanUpConnection: X tearDown=false reason=radioTurnedOff apnContext={mApnType=mms mState=IDLE mWaitingApns={null} mApnSetting={null} mReason=radioTurnedOff mDataEnabled=false mDependencyMet=true} dcac=null
02-20 20:21:44.249  1917  1917 D GsmCdmaPhone: [GsmCdmaPhone] getDataConnectionState apnType=cbs ret=DISCONNECTED
02-20 20:21:44.250  1917  1917 D DCT     : [0]cleanUpConnection: X tearDown=false reason=radioTurnedOff apnContext={mApnType=cbs mState=IDLE mWaitingApns={null} mApnSetting={null} mReason=radioTurnedOff mDataEnabled=false mDependencyMet=true} dcac=null
02-20 20:21:44.251  1917  1917 D GsmCdmaPhone: [GsmCdmaPhone] getDataConnectionState apnType=fota ret=DISCONNECTED
02-20 20:21:44.251  1917  1917 D DCT     : [0]cleanUpConnection: X tearDown=false reason=radioTurnedOff apnContext={mApnType=fota mState=IDLE mWaitingApns={null} mApnSetting={null} mReason=radioTurnedOff mDataEnabled=false mDependencyMet=true} dcac=null
02-20 20:21:44.251  1917  1917 D GsmCdmaPhone: [GsmCdmaPhone] getDataConnectionState apnType=supl ret=DISCONNECTED
02-20 20:21:44.252  1917  1917 D DCT     : [0]cleanUpConnection: X tearDown=false reason=radioTurnedOff apnContext={mApnType=supl mState=IDLE mWaitingApns={null} mApnSetting={null} mReason=radioTurnedOff mDataEnabled=false mDependencyMet=true} dcac=null
02-20 20:21:44.252  1917  1917 D GsmCdmaPhone: [GsmCdmaPhone] getDataConnectionState apnType=ia ret=DISCONNECTED
02-20 20:21:44.254  1917  1917 D DCT     : [0]cleanUpConnection: X tearDown=false reason=radioTurnedOff apnContext={mApnType=ia mState=IDLE mWaitingApns={null} mApnSetting={null} mReason=radioTurnedOff mDataEnabled=false mDependencyMet=true} dcac=null
02-20 20:21:44.255  1917  1917 D GsmCdmaPhone: [GsmCdmaPhone] getDataConnectionState apnType=emergency ret=DISCONNECTED
02-20 20:21:44.258  1917  1917 D DCT     : [0]cleanUpConnection: X tearDown=false reason=radioTurnedOff apnContext={mApnType=emergency mState=IDLE mWaitingApns={null} mApnSetting={null} mReason=radioTurnedOff mDataEnabled=false mDependencyMet=true} dcac=null
02-20 20:21:44.262  2032  2032 W System  : ClassLoader referenced unknown path: /system/priv-app/CellBroadcastReceiver/lib/x86_64
02-20 20:21:44.263  1917  1917 D GsmCdmaPhone: [GsmCdmaPhone] getDataConnectionState apnType=hipri ret=DISCONNECTED
02-20 20:21:44.269  1917  1917 D DCT     : [0]cleanUpConnection: X tearDown=false reason=radioTurnedOff apnContext={mApnType=hipri mState=IDLE mWaitingApns={null} mApnSetting={null} mReason=radioTurnedOff mDataEnabled=false mDependencyMet=true} dcac=null
02-20 20:21:44.269  1917  1917 D GsmCdmaPhone: [GsmCdmaPhone] getDataConnectionState apnType=ims ret=DISCONNECTED
02-20 20:21:44.272  1917  1917 D DCT     : [0]cleanUpConnection: X tearDown=false reason=radioTurnedOff apnContext={mApnType=ims mState=IDLE mWaitingApns={null} mApnSetting={null} mReason=radioTurnedOff mDataEnabled=false mDependencyMet=true} dcac=null
02-20 20:21:44.272  1917  1917 D DCT     : [0]stopNetStatPoll
02-20 20:21:44.273  1917  1917 D DCT     : [0]cleanUpConnection: mDisconnectPendingCount = 0
02-20 20:21:44.273  1917  1917 D DCT     : [0]isDataAllowed: No - Not attached - SIM not loaded
02-20 20:21:44.279  1917  1917 D DCT     : [0]onDataConnectionDetached: stop polling and notify detached
02-20 20:21:44.279  1917  1917 D DCT     : [0]stopNetStatPoll
02-20 20:21:44.279  1917  1917 D DCT     : [0]notifyDataConnection: reason=dataDetached
02-20 20:21:44.280  1917  1917 D DCT     : [0]isDataAllowed: No - Not attached - SIM not loaded
02-20 20:21:44.307  1768  1768 I OpaLayout: Setting opa enabled to false
02-20 20:21:44.309  1768  1768 I OpaLayout: Setting opa enabled to false
02-20 20:21:44.325  1917  1917 D DCT     : [0]onRoamingOff
02-20 20:21:44.326  1917  1917 D DCT     : [0]isDataAllowed: No - Not attached - SIM not loaded
02-20 20:21:44.333  1917  1917 D DCT     : [0]setupDataOnConnectableApns: roamingOff hipri:[state=IDLE,enabled=false] mms:[state=IDLE,enabled=false] supl:[state=IDLE,enabled=false] ia:[state=IDLE,enabled=false] fota:[state=IDLE,enabled=false] ims:[state=IDLE,enabled=false] cbs:[state=IDLE,enabled=false] default:[state=IDLE,enabled=false] emergency:[state=IDLE,enabled=false] 
02-20 20:21:44.333  1917  1917 D DCT     : [0]setupDataOnConnectableApns: nwTypeChanged hipri:[state=IDLE,enabled=false] mms:[state=IDLE,enabled=false] supl:[state=IDLE,enabled=false] ia:[state=IDLE,enabled=false] fota:[state=IDLE,enabled=false] ims:[state=IDLE,enabled=false] cbs:[state=IDLE,enabled=false] default:[state=IDLE,enabled=false] emergency:[state=IDLE,enabled=false] 
02-20 20:21:44.333  1917  1917 D SubscriptionInfoUpdater: [Receiver]+
02-20 20:21:44.333  1917  1917 D SubscriptionInfoUpdater: Action: android.intent.action.SIM_STATE_CHANGED
02-20 20:21:44.333  1917  1917 D SubscriptionInfoUpdater: slotId: 0
02-20 20:21:44.333  1917  1917 D SubscriptionInfoUpdater: simStatus: NOT_READY
02-20 20:21:44.333  1917  1917 D SubscriptionInfoUpdater: Ignoring simStatus: NOT_READY
02-20 20:21:44.333  1917  1917 D SubscriptionInfoUpdater: [Receiver]-
02-20 20:21:44.333  1917  1917 D PhoneSwitcherNetworkRequstListener: got request NetworkRequest [ REQUEST id=1, [ Capabilities: INTERNET&NOT_RESTRICTED&TRUSTED&NOT_VPN] ] with score 0
02-20 20:21:44.333  1917  1917 D TelephonyNetworkFactory[0]: onSubIdChange -1->-2
02-20 20:21:44.333  1917  1917 D TelephonyNetworkFactory[0]: got request NetworkRequest [ REQUEST id=1, [ Capabilities: INTERNET&NOT_RESTRICTED&TRUSTED&NOT_VPN] ] with score 0
02-20 20:21:44.336  1917  1917 D DebugService: DebugService DebugService:
02-20 20:21:44.336  1917  1917 D TelephonyDebugService: TelephonyDebugService()
02-20 20:21:44.337  1917  1917 D CarrierConfigLoader: mHandler: 12 phoneId: 0
02-20 20:21:44.337  1917  1917 D RILJ    : [3671]> RIL_REQUEST_QUERY_TTY_MODE [SUB0]
02-20 20:21:44.338  1917  1917 D UiccController: Received EVENT_GET_ICC_STATUS_DONE
02-20 20:21:44.338  1373  1482 D RIL     : onRequest: QUERY_TTY_MODE
02-20 20:21:44.338  1373  1482 D RIL     : Request not supported. Tech: 1
02-20 20:21:44.338  1917  2011 D RilRequest: [3671]< RIL_REQUEST_QUERY_TTY_MODE error: com.android.internal.telephony.CommandException: REQUEST_NOT_SUPPORTED ret=
02-20 20:21:44.346  1768  1768 W System  : ClassLoader referenced unknown path: 
02-20 20:21:44.346  1768  1768 W System  : ClassLoader referenced unknown path: /system/priv-app/Dialer/lib/x86_64
02-20 20:21:44.347  1768  1768 D ApplicationLoaders: ignored Vulkan layer search path /system/priv-app/Dialer/lib/x86_64:/system/lib64:/vendor/lib64 for namespace 0x7655634480f0
02-20 20:21:44.347  1677  1744 D NotificationSQLiteLog: Pruned event entries: 0
02-20 20:21:44.356  1677  1745 E ActivityThread: Failed to find provider info for com.android.calendar
02-20 20:21:44.356  1677  1745 E ActivityThread: Failed to find provider info for com.android.calendar
02-20 20:21:44.357  1917  1917 D UiccCard: 2 applications
02-20 20:21:44.357  1917  1917 D UiccCardApplication: Creating UiccApp: {APPTYPE_SIM,APPSTATE_DETECTED}
02-20 20:21:44.358  1917  2062 E ActivityThread: Failed to find provider info for com.android.contacts
02-20 20:21:44.358  1917  2062 W CallerInfoCache: cursor is null
02-20 20:21:44.360  1917  1917 W VoiceMailConstants: Can't open /system/etc/voicemail-conf.xml
02-20 20:21:44.361  1917  1917 D SpnOverride: No SPN in OEM image = /oem/telephony/spn-conf.xml Load SPN from system image
02-20 20:21:44.361  1917  1917 W SpnOverride: Can not open /system/etc/spn-conf.xml
02-20 20:21:44.361  1917  1917 D SIMRecords: [SIMRecords] setting0 mMncLength-1
02-20 20:21:44.361  1917  1917 D SIMRecords: [SIMRecords] SIMRecords: onRadioOffOrNotAvailable set 'gsm.sim.operator.numeric' to operator=null
02-20 20:21:44.361  1917  1917 D SIMRecords: [SIMRecords] update icc_operator_numeric=null
02-20 20:21:44.361  1917  1917 D TelephonyManager: setTelephonyProperty: success phoneId=0 property=gsm.sim.operator.numeric value:  propVal=
02-20 20:21:44.361  1917  1917 D TelephonyManager: setTelephonyProperty: success phoneId=0 property=gsm.sim.operator.alpha value:  propVal=
02-20 20:21:44.361  1917  1917 D TelephonyManager: setTelephonyProperty: success phoneId=0 property=gsm.sim.operator.iso-country value:  propVal=
02-20 20:21:44.362  1917  1917 D SIMRecords: [SIMRecords] getOperatorNumeric: IMSI == null
02-20 20:21:44.362  1917  1917 D SIMRecords: [SIMRecords] SIMRecords X ctor this=SimRecords: mDestroyed=false mContext=com.android.phone.PhoneGlobals@b907ff3 mCi=com.android.internal.telephony.RIL@4a8d44d mFh=Handler (com.android.internal.telephony.uicc.SIMFileHandler) {c74b4b0} mParentApp=com.android.internal.telephony.uicc.UiccCardApplication@cdebf29 recordsLoadedRegistrants=android.os.RegistrantList@bcc12ae mImsiReadyRegistrants=android.os.RegistrantList@429284f mRecordsEventsRegistrants=android.os.RegistrantList@be86bdc mNewSmsRegistrants=android.os.RegistrantList@afb24e5 mNetworkSelectionModeAutomaticRegistrants=android.os.RegistrantList@4aabba recordsToLoad=0 adnCache=Handler (com.android.internal.telephony.uicc.AdnRecordCache) {bf9fa6b} recordsRequested=false iccid=null msisdnTag=null voiceMailNum=null voiceMailTag=null voiceMailNum=null newVoiceMailTag=null isVoiceMailFixed=false mImsi=null mncLength=-1 mailboxIndex=0 spn=null mVmConfigcom.android.internal.telephony.uicc.VoiceMailConstants@d7e69c8 mSpnOverride=mSpnOverride callForwardingEnabled=0 spnState=null mCphsInfo=null mCspPlmnEnabled=true efMWIS=null efCPHS_MWI=null mEfCff=null mEfCfis=null getOperatorNumeric=null
02-20 20:21:44.362  1917  1917 D UiccCardApplication: Creating UiccApp: {APPTYPE_RUIM,APPSTATE_DETECTED}
02-20 20:21:44.362  1917  1917 D RuimRecords: [RuimRecords] setting0 mMncLength-1
02-20 20:21:44.363  1917  1917 D RuimRecords: [RuimRecords] RuimRecords X ctor this=RuimRecords: mDestroyed=false mContext=com.android.phone.PhoneGlobals@b907ff3 mCi=com.android.internal.telephony.RIL@4a8d44d mFh=Handler (com.android.internal.telephony.uicc.RuimFileHandler) {8e7c986} mParentApp=com.android.internal.telephony.uicc.UiccCardApplication@dbbd247 recordsLoadedRegistrants=android.os.RegistrantList@cf45a74 mImsiReadyRegistrants=android.os.RegistrantList@1520b9d mRecordsEventsRegistrants=android.os.RegistrantList@7e6f812 mNewSmsRegistrants=android.os.RegistrantList@cd94be3 mNetworkSelectionModeAutomaticRegistrants=android.os.RegistrantList@236a9e0 recordsToLoad=0 adnCache=Handler (com.android.internal.telephony.uicc.AdnRecordCache) {c48c499} recordsRequested=false iccid=null msisdnTag=null voiceMailNum=null voiceMailTag=null voiceMailNum=null newVoiceMailTag=null isVoiceMailFixed=false mImsi=null mncLength=-1 mailboxIndex=0 spn=null m_ota_commitedfalse mMyMobileNumber=xxxx mMin2Min1=null mPrlVersion=null mEFpl=null mEFli=null mCsimSpnDisplayCondition=false mMdn=null mMin=null mHomeSystemId=null mHomeNetworkId=null
02-20 20:21:44.367  1917  1917 D CAT     : CatService: registerForRecordsLoaded slotid=0 instance:Handler (com.android.internal.telephony.cat.CatService) {985776a}
02-20 20:21:44.367  1917  1917 D CAT     : CatService: Running CAT service on Slotid: 0. STK app installed:false
02-20 20:21:44.367  1917  1917 D UiccCard: Before privilege rules: null : CARDSTATE_PRESENT
02-20 20:21:44.369  1917  1917 D RILJ    : [3672]> RIL_REQUEST_SIM_OPEN_CHANNEL [SUB0]
02-20 20:21:44.372  1373  1482 D RIL     : onRequest: SIM_OPEN_CHANNEL
02-20 20:21:44.372  1373  1482 D AT      : AT> AT+CCHO=A00000015141434C00
02-20 20:21:44.372  1373  1484 D AT      : AT< 1
02-20 20:21:44.372  1373  1484 D AT      : AT< OK
02-20 20:21:44.372  1917  2011 D RILJ    : [3672]< RIL_REQUEST_SIM_OPEN_CHANNEL  [SUB0]
02-20 20:21:44.372  1917  1917 E UiccCard: App index 8 is invalid since there are no applications
02-20 20:21:44.372  1917  1917 D UiccCard: update: radioState=RADIO_ON mLastRadioState=RADIO_UNAVAILABLE
02-20 20:21:44.372  1917  1917 D UiccController: Notifying IccChangedRegistrants
02-20 20:21:44.376  1917  1917 D GsmCdmaPhone: get phone radio capability fail, no need to change mRadioCapability
02-20 20:21:44.376  1917  1917 D GsmCdmaPhone: EVENT_GET_RADIO_CAPABILITY: phone rc: null
02-20 20:21:44.376  1917  1917 D Phone   : config LCE service failed: com.android.internal.telephony.CommandException: RADIO_NOT_AVAILABLE
02-20 20:21:44.376  1917  1917 D SST     : mDeviceShuttingDown=false, mDesiredPowerState=true, getRadioState=RADIO_ON, mPowerOffDelayNeed=true, mAlarmSwitch=false, mRadioDisabledByCarrier=false
02-20 20:21:44.376  1917  1917 D RILJ    : [3673]> OPERATOR [SUB0]
02-20 20:21:44.376  1373  1482 D RIL     : onRequest: OPERATOR
02-20 20:21:44.376  1373  1482 D AT      : AT> AT+COPS=3,0;+COPS?;+COPS=3,1;+COPS?;+COPS=3,2;+COPS?
02-20 20:21:44.377  1373  1484 D AT      : AT< +COPS: 0,0,"Android"
02-20 20:21:44.377  1373  1484 D AT      : AT< +COPS: 0,1,"Android"
02-20 20:21:44.377  1373  1484 D AT      : AT< +COPS: 0,2,"310260"
02-20 20:21:44.377  1373  1484 D AT      : AT< OK
02-20 20:21:44.377  1917  2011 D RILJ    : [3673]< OPERATOR {Android, Android, 310260} [SUB0]
02-20 20:21:44.378  1917  1917 D RILJ    : [3674]> DATA_REGISTRATION_STATE [SUB0]
02-20 20:21:44.378  1373  1482 D RIL     : onRequest: DATA_REGISTRATION_STATE
02-20 20:21:44.378  1373  1482 D RIL     : requestRegistrationState
02-20 20:21:44.378  1373  1482 D AT      : AT> AT+CGREG?
02-20 20:21:44.378  1373  1484 D AT      : AT< +CGREG: 1,1,"0003","005b","000e"
02-20 20:21:44.378  1373  1484 D AT      : AT< OK
02-20 20:21:44.378  1373  1482 D RIL     : parseRegistrationState. Parsing: +CGREG: 1,1,"0003","005b","000e"
02-20 20:21:44.378  1373  1482 D RIL     : registration state type: 3GPP
02-20 20:21:44.378  1917  2011 D RILJ    : [3674]< DATA_REGISTRATION_STATE {1, 3, 5b, 14, null, null} [SUB0]
02-20 20:21:44.378  1917  1917 D RILJ    : [3675]> VOICE_REGISTRATION_STATE [SUB0]
02-20 20:21:44.379  1917  1917 D RILJ    : [3676]> QUERY_NETWORK_SELECTION_MODE [SUB0]
02-20 20:21:44.380  1373  1482 D RIL     : onRequest: VOICE_REGISTRATION_STATE
02-20 20:21:44.380  1373  1482 D RIL     : requestRegistrationState
02-20 20:21:44.380  1373  1482 D AT      : AT> AT+CREG?
02-20 20:21:44.380  1373  1484 D AT      : AT< +CREG: 2,1, "0003", "005b"
02-20 20:21:44.380  1373  1484 D AT      : AT< OK
02-20 20:21:44.380  1373  1482 D RIL     : parseRegistrationState. Parsing: +CREG: 2,1, "0003", "005b"
02-20 20:21:44.380  1373  1482 D RIL     : registration state type: 3GPP
02-20 20:21:44.380  1917  1917 D RILJ    : [3677]> GET_CURRENT_CALLS [SUB0]
02-20 20:21:44.381  1917  2011 D RILJ    : [3675]< VOICE_REGISTRATION_STATE {1, 3, 5b, 0, null, null, null, null, null, null, null, null, null, null, null} [SUB0]
02-20 20:21:44.381  1373  1482 D RIL     : onRequest: QUERY_NETWORK_SELECTION_MODE
02-20 20:21:44.381  1373  1482 D AT      : AT> AT+COPS?
02-20 20:21:44.381  1373  1484 D AT      : AT< +COPS: 0,2,310260
02-20 20:21:44.381  1373  1484 D AT      : AT< OK
02-20 20:21:44.381  1917  1917 D RILJ    : [3678]> RIL_REQUEST_IMS_REGISTRATION_STATE [SUB0]
02-20 20:21:44.381  1373  1482 D RIL     : onRequest: GET_CURRENT_CALLS
02-20 20:21:44.381  1373  1482 D AT      : AT> AT+CLCC
02-20 20:21:44.382  1373  1484 D AT      : AT< OK
02-20 20:21:44.382  1917  1917 D RILJ    : [3679]> RIL_REQUEST_CDMA_GET_SUBSCRIPTION_SOURCE [SUB0]
02-20 20:21:44.382  1373  1482 D RIL     : onRequest: IMS_REGISTRATION_STATE
02-20 20:21:44.382  1373  1482 D RIL     : IMS_REGISTRATION=0, format=1 
02-20 20:21:44.382  1917  1917 D GsmCdmaPhone: [GsmCdmaPhone] Event EVENT_RADIO_ON Received
02-20 20:21:44.382  1917  1917 D RILJ    : [3680]> RIL_REQUEST_VOICE_RADIO_TECH [SUB0]
02-20 20:21:44.382  1373  1482 D RIL     : onRequest: CDMA_GET_SUBSCRIPTION_SOURCE
02-20 20:21:44.382  1373  1482 D RIL     : Request not supported. Tech: 1
02-20 20:21:44.382  1917  1917 D UiccController: Received EVENT_ICC_STATUS_CHANGED, calling getIccCardStatus
02-20 20:21:44.382  1917  1917 D RILJ    : [3681]> GET_SIM_STATUS [SUB0]
02-20 20:21:44.382  1373  1482 D RIL     : onRequest: VOICE_RADIO_TECH
02-20 20:21:44.382  1917  1917 D SST     : EVENT_POLL_STATE_NETWORK_SELECTION_MODE
02-20 20:21:44.382  1917  1917 D SST     : EVENT_POLL_STATE_NETWORK_SELECTION_MODE
02-20 20:21:44.383  1917  1917 D PhoneSwitcher: evaluating due to netRequest default 0->1 phone[0] 0->-2
02-20 20:21:44.384  1917  1917 D TelephonyNetworkFactory[0]: not acting - isApp=false, isAct=false NetworkRequest [ REQUEST id=1, [ Capabilities: INTERNET&NOT_RESTRICTED&TRUSTED&NOT_VPN] ]
02-20 20:21:44.384  1917  2011 D RILJ    : [3676]< QUERY_NETWORK_SELECTION_MODE {0} [SUB0]
02-20 20:21:44.384  1917  2011 D RILJ    : [3677]< GET_CURRENT_CALLS {} [SUB0]
02-20 20:21:44.384  1917  2011 D RILJ    : [3678]< RIL_REQUEST_IMS_REGISTRATION_STATE {0, 1} [SUB0]
02-20 20:21:44.384  1917  2011 D RilRequest: [3679]< RIL_REQUEST_CDMA_GET_SUBSCRIPTION_SOURCE error: com.android.internal.telephony.CommandException: REQUEST_NOT_SUPPORTED ret=
02-20 20:21:44.384  1917  2011 D RILJ    : [3680]< RIL_REQUEST_VOICE_RADIO_TECH {11} [SUB0]
02-20 20:21:44.384  1373  1482 D RIL     : onRequest: GET_SIM_STATUS
02-20 20:21:44.384  1373  1482 D RIL     : getSIMStatus(). sState: 10
02-20 20:21:44.384  1373  1482 D AT      : AT> AT+CPIN?
02-20 20:21:44.384  1373  1484 D AT      : AT< +CPIN: READY
02-20 20:21:44.385  1373  1484 D AT      : AT< OK
02-20 20:21:44.385  1917  2011 D RILJ    : [3681]< GET_SIM_STATUS IccCardState {CARDSTATE_PRESENT,PINSTATE_UNKNOWN,num_apps=2,gsm_id=0{APPTYPE_SIM,APPSTATE_READY},cdma_id=1{APPTYPE_RUIM,APPSTATE_READY},ims_id=8} [SUB0]
02-20 20:21:44.385  1917  1917 D CAT     : CatService: handleMessage[8]
02-20 20:21:44.385  1917  1917 D CAT     : CatService: MSG_ID_ICC_CHANGED
02-20 20:21:44.385  1917  1917 D CAT     : CatService: New Card State = CARDSTATE_PRESENT Old Card State = CARDSTATE_ABSENT
02-20 20:21:44.385  1917  1917 D RILJ    : [3682]> RIL_REQUEST_REPORT_STK_SERVICE_IS_RUNNING [SUB0]
02-20 20:21:44.385  1373  1482 D RIL     : onRequest: REPORT_STK_SERVICE_IS_RUNNING
02-20 20:21:44.385  1373  1482 D RIL     : Request not supported. Tech: 1
02-20 20:21:44.385  1917  2011 D RilRequest: [3682]< RIL_REQUEST_REPORT_STK_SERVICE_IS_RUNNING error: com.android.internal.telephony.CommandException: REQUEST_NOT_SUPPORTED ret=
02-20 20:21:44.385  1917  1917 D GsmCdmaPhone: [GsmCdmaPhone] New Uicc application found. type = APPTYPE_SIM
02-20 20:21:44.385  1917  1917 D GsmSMSDispatcher: GsmSMSDispatcher: subId = -2 slotId = 0
02-20 20:21:44.385  1917  1917 D GsmSMSDispatcher: New Uicc application found
02-20 20:21:44.385  1917  1917 D IccCardProxy: Icc changed. Reregestering.
02-20 20:21:44.386  1917  1917 D SST     : New card found
02-20 20:21:44.386  1917  1917 D CAT     : CatService: handleMessage[8]
02-20 20:21:44.386  1917  1917 D CAT     : CatService: MSG_ID_ICC_CHANGED
02-20 20:21:44.386  1917  1917 D CAT     : CatService: New Card State = CARDSTATE_PRESENT Old Card State = CARDSTATE_PRESENT
02-20 20:21:44.386  1917  1917 E SST     : error parsing GprsRegistrationState: java.lang.NumberFormatException: null
02-20 20:21:44.386  1917  1917 D SST     : handlPollStateResultMessage: GsmSST setDataRegState=0 regState=1 dataRadioTechnology=14
02-20 20:21:44.386  1917  1917 D SST     : EVENT_POLL_STATE_NETWORK_SELECTION_MODE
02-20 20:21:44.387  1917  1917 D SST     : Poll ServiceState done:  oldSS=[1 1 voice home data home null null null null null null  Unknown Unknown CSS not supported 0 0 RoamInd=0 DefRoamInd=0 EmergOnly=false IsDataRoamingFromRegistration=false IsUsingCarrierAggregation=false] newSS=[0 0 voice home data home Android Android 310260 Android Android 310260  Unknown LTE CSS not supported -1 -1 RoamInd=-1 DefRoamInd=-1 EmergOnly=false IsDataRoamingFromRegistration=false IsUsingCarrierAggregation=false] oldMaxDataCalls=1 mNewMaxDataCalls=1 oldReasonDataDenied=-1 mNewReasonDataDenied=-1
02-20 20:21:44.387  1917  1917 I gsm_service_state_change: [1,1,0,0]
02-20 20:21:44.387  1917  1917 D TelephonyManager: setTelephonyProperty: success phoneId=0 property=gsm.network.type value: LTE propVal=LTE
02-20 20:21:44.387  1917  1917 D SST     : pollStateDone: registering current mNitzUpdatedTime=true changing to false
02-20 20:21:44.387  1917  1917 D SIMRecords: [SIMRecords] getServiceProviderName: no brandOverride, providerName=null
02-20 20:21:44.387  1917  1917 D SIMRecords: [SIMRecords] getServiceProviderName: no brandOverride, providerName=null
02-20 20:21:44.387  1917  1917 D SST     : updateSpnDisplay: changed sending intent rule=2 showPlmn='true' plmn='Android' showSpn='false' spn='null' dataSpn='null' subId='-2'
02-20 20:21:44.388  1917  1917 D SubscriptionController: [setPlmnSpn] No valid subscription to store info
02-20 20:21:44.388  1917  1917 D SubscriptionController: notifySubscriptionInfoChanged:
02-20 20:21:44.388  1677  1794 D TelephonyRegistry: notifySubscriptionInfoChanged: first invocation mRecords.size=16
02-20 20:21:44.389  1677  1677 I GnssLocationProvider: WakeLock acquired by sendMessage(12, 0, null)
02-20 20:21:44.389  1917  1917 D TelephonyManager: setTelephonyProperty: success phoneId=0 property=gsm.operator.alpha value: Android propVal=Android
02-20 20:21:44.389  1917  1932 D SubscriptionController: [getActiveSubInfoList] Sub Controller not ready
02-20 20:21:44.390  1917  1917 D TelephonyManager: setTelephonyProperty: success phoneId=0 property=gsm.operator.numeric value: 310260 propVal=310260
02-20 20:21:44.391  1917  1917 D SST     : update mccmnc=310260 fromServiceState=true
02-20 20:21:44.391  1917  1917 D MccTable: updateMccMncConfiguration mccmnc='310260' fromServiceState=true
02-20 20:21:44.392  1917  1917 D SubscriptionController: [getPhoneId]- no sims, returning default phoneId=2147483647
02-20 20:21:44.392  1917  1917 D MccTable: updateMccMncConfiguration defaultMccMnc=
02-20 20:21:44.392  1917  1917 D MccTable: updateMccMncConfiguration: mcc=310, mnc=260
02-20 20:21:44.392  1917  1917 D MccTable: WIFI_COUNTRY_CODE set to us
02-20 20:21:44.392  1768  1768 E BluetoothAdapter: Bluetooth binder is null
02-20 20:21:44.393  1677  1953 I WifiService: WifiService trying to set country code to us with persist set to false
02-20 20:21:44.393  1677  1953 D WifiCountryCode: Succeeded to set country code to: US
02-20 20:21:44.393  1917  1917 D TelephonyManager: setTelephonyProperty: success phoneId=0 property=gsm.operator.iso-country value: us propVal=us
02-20 20:21:44.400  1917  1917 D SST     : pollStateDone: there are 6 unique offsets for iso-cc='us testOneUniqueOffsetPath=false', do nothing
02-20 20:21:44.401  1917  1917 D SST     : shouldFixTimeZoneNow: retVal=true iccCardExist=true operatorNumeric=310260 mcc=310 prevOperatorNumeric= prevMcc=311 needToFixTimeZone=false ltod=02-20 20:21:44.401
02-20 20:21:44.401  1917  1917 D SST     : fixTimeZone zoneName='GMT' mZoneOffset=0 mZoneDst=false iso-cc='us' iso-cc-idx=-21
02-20 20:21:44.401  1917  1917 D SST     : fixTimeZone: using default TimeZone
02-20 20:21:44.401  1917  1917 D SST     : fixTimeZone: zone != null zone.getID=GMT
02-20 20:21:44.401  1917  1917 D SST     : setAndBroadcastNetworkSetTimeZone: setTimeZone=GMT
02-20 20:21:44.401  1677  1851 D AlarmManagerService: Kernel timezone updated to 0 minutes west of GMT
02-20 20:21:44.404  1917  1917 D SST     : setAndBroadcastNetworkSetTimeZone: call alarm.setTimeZone and broadcast zoneId=GMT
02-20 20:21:44.404  1917  1917 D TelephonyManager: setTelephonyProperty: success phoneId=0 property=gsm.operator.isroaming value: false propVal=false
02-20 20:21:44.405  1917  1917 D SST     : Broadcasting ServiceState : 0 0 voice home data home Android Android 310260 Android Android 310260  Unknown LTE CSS not supported -1 -1 RoamInd=-1 DefRoamInd=-1 EmergOnly=false IsDataRoamingFromRegistration=false IsUsingCarrierAggregation=false
02-20 20:21:44.405  1917  1917 D DefaultPhoneNotifier: nofityServiceState: mRegistry=com.android.internal.telephony.ITelephonyRegistry$Stub$Proxy@4d56dd1 ss=0 0 voice home data home Android Android 310260 Android Android 310260  Unknown LTE CSS not supported -1 -1 RoamInd=-1 DefRoamInd=-1 EmergOnly=false IsDataRoamingFromRegistration=false IsUsingCarrierAggregation=false sender=Handler (com.android.internal.telephony.GsmCdmaPhone) {ef6b80} phondId=0 subId=-2
02-20 20:21:44.406  1917  1917 D SubscriptionController: [getSlotId]- subId invalid
02-20 20:21:44.406  1677  1688 D TelephonyManager: getSimState: default sim:-1, sim state for slotIdx=0 is 6, return state as unknown
02-20 20:21:44.406  1768  1768 I CameraManagerGlobal: Connecting to camera service
02-20 20:21:44.406  1917  1917 D SST     : notifyDataRegStateRilRadioTechnologyChanged: drs=0 rat=14
02-20 20:21:44.406  1917  1917 D TelephonyManager: setTelephonyProperty: success phoneId=0 property=gsm.network.type value: LTE propVal=LTE
02-20 20:21:44.407  1364  1364 V EmulatedCamera_Camera: getCameraInfo
02-20 20:21:44.407  1364  1364 V EmulatedCamera_BaseCamera: getCameraInfo
02-20 20:21:44.407  1364  1364 I CameraService: getCameraCharacteristics: Switching to HAL1 shim implementation...
02-20 20:21:44.407  1364  1364 V EmulatedCamera_Camera: getCameraInfo
02-20 20:21:44.407  1364  1364 V EmulatedCamera_BaseCamera: getCameraInfo
