02-20 20:24:09.947  1919  1919 D TelephonyManager: setTelephonyProperty: success phoneId=0 property=gsm.operator.numeric value: 310260 propVal=310260
02-20 20:24:09.948  1919  1919 D SST     : update mccmnc=310260 fromServiceState=true
02-20 20:24:09.948  1919  1919 D MccTable: updateMccMncConfiguration mccmnc='310260' fromServiceState=true
02-20 20:24:09.950  1919  1919 D SubscriptionController: [getPhoneId]- no sims, returning default phoneId=2147483647
02-20 20:24:09.950  1919  1919 D MccTable: updateMccMncConfiguration defaultMccMnc=
02-20 20:24:09.950  1919  1919 D MccTable: updateMccMncConfiguration: mcc=310, mnc=260
02-20 20:24:09.950  1919  1919 D MccTable: WIFI_COUNTRY_CODE set to us
02-20 20:24:09.810  2042  2042 I auditd  : type=1400 audit(0.0:11): avc: denied { getattr } for comm="bootstat" path="/vendor" dev="rootfs" ino=4001 scontext=u:r:bootstat:s0 tcontext=u:object_r:rootfs:s0 tclass=lnk_file permissive=0
02-20 20:24:09.810  2042  2042 W bootstat: type=1400 audit(0.0:11): avc: denied { getattr } for path="/vendor" dev="rootfs" ino=4001 scontext=u:r:bootstat:s0 tcontext=u:object_r:rootfs:s0 tclass=lnk_file permissive=0
02-20 20:24:09.829  2044  2044 I auditd  : type=1400 audit(0.0:12): avc: denied { getattr } for comm="bootstat" path="/vendor" dev="rootfs" ino=4001 scontext=u:r:bootstat:s0 tcontext=u:object_r:rootfs:s0 tclass=lnk_file permissive=0
02-20 20:24:09.829  2044  2044 W bootstat: type=1400 audit(0.0:12): avc: denied { getattr } for path="/vendor" dev="rootfs" ino=4001 scontext=u:r:bootstat:s0 tcontext=u:object_r:rootfs:s0 tclass=lnk_file permissive=0
02-20 20:24:09.958  1919  1949 D SubscriptionController: [getActiveSubInfoList] Sub Controller not ready
02-20 20:24:09.869  2051  2051 I auditd  : type=1400 audit(0.0:13): avc: denied { getattr } for comm="bootstat" path="/vendor" dev="rootfs" ino=4001 scontext=u:r:bootstat:s0 tcontext=u:object_r:rootfs:s0 tclass=lnk_file permissive=0
02-20 20:24:09.869  2051  2051 W bootstat: type=1400 audit(0.0:13): avc: denied { getattr } for path="/vendor" dev="rootfs" ino=4001 scontext=u:r:bootstat:s0 tcontext=u:object_r:rootfs:s0 tclass=lnk_file permissive=0
02-20 20:24:09.889  2054  2054 I auditd  : type=1400 audit(0.0:14): avc: denied { getattr } for comm="bootstat" path="/vendor" dev="rootfs" ino=4001 scontext=u:r:bootstat:s0 tcontext=u:object_r:rootfs:s0 tclass=lnk_file permissive=0
02-20 20:24:09.889  2054  2054 W bootstat: type=1400 audit(0.0:14): avc: denied { getattr } for path="/vendor" dev="rootfs" ino=4001 scontext=u:r:bootstat:s0 tcontext=u:object_r:rootfs:s0 tclass=lnk_file permissive=0
02-20 20:24:09.175     0     0 I init    : write_file: Unable to open '/sys/class/android_usb/android0/enable': No such file or directory
02-20 20:24:09.176     0     0 I init    : write_file: Unable to open '/sys/class/android_usb/android0/idVendor': No such file or directory
02-20 20:24:09.176     0     0 I init    : write_file: Unable to open '/sys/class/android_usb/android0/idProduct': No such file or directory
02-20 20:24:09.177     0     0 I init    : write_file: Unable to open '/sys/class/android_usb/android0/functions': No such file or directory
02-20 20:24:09.179     0     0 I init    : write_file: Unable to open '/sys/class/android_usb/android0/enable': No such file or directory
02-20 20:24:09.966  1676  1699 I wm_boot_animation_done: 11161
02-20 20:24:09.967  1676  1699 I SystemServiceManager: Starting phase 1000
02-20 20:24:09.968  1372  1372 I MediaPlayerService: MediaPlayerService::getOMX
02-20 20:24:09.968  1676  2059 I OMXClient: MuxOMX ctor
02-20 20:24:09.968  1369  1369 I OMXMaster: makeComponentInstance(OMX.google.vorbis.decoder) in mediacodec process
02-20 20:24:09.979  1676  1699 I am_proc_start: [0,2060,10015,com.google.android.ext.services,on-hold,]
02-20 20:24:09.979  1676  1699 I ActivityManager: Start proc 2060:com.google.android.ext.services/u0a15 for on-hold
02-20 20:24:09.990  2060  2060 W art     : Unexpected CPU variant for X86 using defaults: x86_64
02-20 20:24:09.990  1676  1699 D ActivityManager: Finishing user boot 0
02-20 20:24:09.991  1676  1699 I sysui_histogram: [framework_locked_boot_completed,11]
02-20 20:24:09.991  1676  1699 D CryptdConnector: SND -> {3 cryptfs prepare_user_storage ! 0 0 2}
02-20 20:24:09.991  1267  1304 D vold    : e4crypt_prepare_user_storage for volume null, user 0, serial 0, flags 2
02-20 20:24:09.991  1267  1304 D vold    : Preparing: /data/system_ce/0
02-20 20:24:09.991  1267  1304 D vold    : Preparing: /data/misc_ce/0
02-20 20:24:09.991  1267  1304 D vold    : Preparing: /data/media/0
02-20 20:24:09.991  1267  1304 D vold    : Preparing: /data/data
02-20 20:24:09.991  1676  1724 D CryptdConnector: RCV <- {200 3 Command succeeded}
02-20 20:24:09.992  1676  1699 V UserManagerService: Found /data/user/0 with serial number 0
02-20 20:24:09.992  1676  1699 V UserManagerService: Found /data/system_ce/0 with serial number 0
02-20 20:24:09.992  1676  1699 V PackageManager: reconcileAppsData for null u0 0x2
02-20 20:24:10.025  1372  1372 I MediaPlayerService: MediaPlayerService::getOMX
02-20 20:24:10.025  1676  2078 I OMXClient: MuxOMX ctor
02-20 20:24:10.025  1369  2049 I OMXMaster: makeComponentInstance(OMX.google.vorbis.decoder) in mediacodec process
02-20 20:24:10.054  1676  1796 I WifiService: WifiService trying to set country code to us with persist set to false
02-20 20:24:10.054  1676  1796 D WifiCountryCode: Succeeded to set country code to: US
02-20 20:24:10.054  1919  1919 D TelephonyManager: setTelephonyProperty: success phoneId=0 property=gsm.operator.iso-country value: us propVal=us
02-20 20:24:10.057  1919  1919 D SST     : pollStateDone: there are 6 unique offsets for iso-cc='us testOneUniqueOffsetPath=false', do nothing
02-20 20:24:10.057  1919  1919 D SST     : shouldFixTimeZoneNow: retVal=true iccCardExist=true operatorNumeric=310260 mcc=310 prevOperatorNumeric= prevMcc=311 needToFixTimeZone=false ltod=02-20 20:24:10.057
02-20 20:24:10.057  1919  1919 D SST     : fixTimeZone zoneName='GMT' mZoneOffset=0 mZoneDst=false iso-cc='us' iso-cc-idx=-21
02-20 20:24:10.057  1919  1919 D SST     : fixTimeZone: using default TimeZone
02-20 20:24:10.057  1919  1919 D SST     : fixTimeZone: zone != null zone.getID=GMT
02-20 20:24:10.057  1919  1919 D SST     : setAndBroadcastNetworkSetTimeZone: setTimeZone=GMT
02-20 20:24:10.058  1676  1688 D AlarmManagerService: Kernel timezone updated to 0 minutes west of GMT
02-20 20:24:10.084  1676  1699 V PackageManager: reconcileAppsData finished 100 packages
02-20 20:24:10.084  1676  1692 D MountService: onUnlockUser 0
02-20 20:24:10.084  1676  1692 D VoldConnector: SND -> {7 volume user_started 0}
02-20 20:24:10.086  1267  1303 D vold    : Linking /storage/emulated/0 to /mnt/user/0/primary
02-20 20:24:10.086  1676  1723 D VoldConnector: RCV <- {200 7 Command succeeded}
02-20 20:24:10.088  1676  1722 D MountService: Volume public:253,64 broadcasting mounted to UserHandle{0}
02-20 20:24:10.096  1676  1989 I am_proc_bound: [0,2060,com.google.android.ext.services]
02-20 20:24:10.118  1676  2031 I am_proc_start: [0,2084,10001,android.process.acore,content provider,com.android.providers.contacts/.ContactsProvider2]
02-20 20:24:10.118  1676  2031 I ActivityManager: Start proc 2084:android.process.acore/u0a1 for content provider com.android.providers.contacts/.ContactsProvider2
02-20 20:24:10.118  1919  1919 D SST     : setAndBroadcastNetworkSetTimeZone: call alarm.setTimeZone and broadcast zoneId=GMT
02-20 20:24:10.118  1919  1919 D TelephonyManager: setTelephonyProperty: success phoneId=0 property=gsm.operator.isroaming value: false propVal=false
02-20 20:24:10.118  1919  1919 D SST     : Broadcasting ServiceState : 0 0 voice home data home Android Android 310260 Android Android 310260  Unknown LTE CSS not supported -1 -1 RoamInd=-1 DefRoamInd=-1 EmergOnly=false IsDataRoamingFromRegistration=false IsUsingCarrierAggregation=false
02-20 20:24:10.119  1919  1919 D DefaultPhoneNotifier: nofityServiceState: mRegistry=com.android.internal.telephony.ITelephonyRegistry$Stub$Proxy@5bdc43b ss=0 0 voice home data home Android Android 310260 Android Android 310260  Unknown LTE CSS not supported -1 -1 RoamInd=-1 DefRoamInd=-1 EmergOnly=false IsDataRoamingFromRegistration=false IsUsingCarrierAggregation=false sender=Handler (com.android.internal.telephony.GsmCdmaPhone) {d904012} phondId=0 subId=-2
02-20 20:24:10.120  1676  1722 D MountService: Volume emulated broadcasting mounted to UserHandle{0}
02-20 20:24:10.125  2060  2060 W System  : ClassLoader referenced unknown path: /system/priv-app/GoogleExtServices/lib/x86_64
02-20 20:24:10.125  1919  1919 D SubscriptionController: [getSlotId]- subId invalid
02-20 20:24:10.133  1676  1989 D TelephonyManager: getSimState: default sim:-1, sim state for slotIdx=0 is 6, return state as unknown
02-20 20:24:10.134  2084  2084 W art     : Unexpected CPU variant for X86 using defaults: x86_64
02-20 20:24:10.154  1919  1919 D SST     : notifyDataRegStateRilRadioTechnologyChanged: drs=0 rat=14
02-20 20:24:10.154  1919  1919 D TelephonyManager: setTelephonyProperty: success phoneId=0 property=gsm.network.type value: LTE propVal=LTE
02-20 20:24:10.156  1919  1919 D DCT     : [0]get all active apn types
02-20 20:24:10.156  1919  1919 D SST     : getCellLocation(): X good mCellLoc=[3,91,-1]
02-20 20:24:10.163  1676  1810 I am_proc_bound: [0,2084,android.process.acore]
02-20 20:24:10.177  1676  1688 D TelephonyRegistry: notifyCellLocationForSubscriber: subId=-2 cellLocation=Bundle[mParcelledData.dataSize=64]
02-20 20:24:10.178  1919  1919 D GsmCdmaCallTracker: Event EVENT_POLL_CALLS_RESULT Received
02-20 20:24:10.178  1919  1919 D GsmCdmaCallTracker: [GsmCdmaCallTracker] update phone state, old=IDLE new=IDLE
02-20 20:24:10.178  1919  1919 D RIL_ImsSms: IMS is NOT registered!
02-20 20:24:10.178  1919  1919 D CdmaSSM : CDMA_SUBSCRIPTION_SOURCE event = 2
02-20 20:24:10.178  1919  1919 W CdmaSSM : Unable to get CDMA Subscription Source, Exception: com.android.internal.telephony.CommandException: REQUEST_NOT_SUPPORTED, result: null
02-20 20:24:10.178  1919  1919 D GsmCdmaPhone: [GsmCdmaPhone] EVENT_REQUEST_VOICE_RADIO_TECH_DONE: newVoiceTech=11
02-20 20:24:10.178  1919  1919 D GsmCdmaPhone: [GsmCdmaPhone] phoneObjectUpdater: newVoiceRadioTech=11
02-20 20:24:10.178  1919  1919 D GsmCdmaPhone: [GsmCdmaPhone] phoneObjectUpdater: No change ignore, newVoiceRadioTech=11 mActivePhone=GSM
02-20 20:24:10.178  1919  1919 D UiccController: Received EVENT_GET_ICC_STATUS_DONE
02-20 20:24:10.178  1919  1919 D UiccCard: 2 applications
02-20 20:24:10.178  1919  1919 D UiccCardApplication: APPTYPE_SIM update. New {APPTYPE_SIM,APPSTATE_READY}
02-20 20:24:10.178  1919  1919 D UiccCardApplication: APPTYPE_SIM changed state: APPSTATE_DETECTED -> APPSTATE_READY
02-20 20:24:10.178  1919  1919 D RILJ    : [3683]> QUERY_FACILITY_LOCK [FD 7 null] [SUB0]
02-20 20:24:10.180  1919  1919 D RILJ    : [3684]> QUERY_FACILITY_LOCK [SC 7 null] [SUB0]
02-20 20:24:10.180  1374  1486 D RIL     : onRequest: QUERY_FACILITY_LOCK
02-20 20:24:10.180  1374  1486 D RIL     : Request not supported. Tech: 1
02-20 20:24:10.180  1919  1992 D RilRequest: [3683]< QUERY_FACILITY_LOCK error: com.android.internal.telephony.CommandException: REQUEST_NOT_SUPPORTED ret=
02-20 20:24:10.180  1919  1919 D UiccCardApplication: Notifying registrants: READY
02-20 20:24:10.180  1919  1919 D UiccCardApplication: APPTYPE_RUIM update. New {APPTYPE_RUIM,APPSTATE_READY}
02-20 20:24:10.180  1919  1919 D UiccCardApplication: APPTYPE_RUIM changed state: APPSTATE_DETECTED -> APPSTATE_READY
02-20 20:24:10.181  1919  1919 D RILJ    : [3685]> QUERY_FACILITY_LOCK [FD 7 null] [SUB0]
02-20 20:24:10.181  1374  1486 D RIL     : onRequest: QUERY_FACILITY_LOCK
02-20 20:24:10.181  1374  1486 D RIL     : Request not supported. Tech: 1
02-20 20:24:10.181  1919  1919 D RILJ    : [3686]> QUERY_FACILITY_LOCK [SC 7 null] [SUB0]
02-20 20:24:10.181  1374  1486 D RIL     : onRequest: QUERY_FACILITY_LOCK
02-20 20:24:10.181  1374  1486 D RIL     : Request not supported. Tech: 1
02-20 20:24:10.181  1919  1919 D UiccCardApplication: Notifying registrants: READY
02-20 20:24:10.181  1919  1919 D UiccCard: Before privilege rules: Handler (com.android.internal.telephony.uicc.UiccCarrierPrivilegeRules) {438b758} : CARDSTATE_PRESENT
02-20 20:24:10.181  1919  1919 E UiccCard: App index 8 is invalid since there are no applications
02-20 20:24:10.181  1919  1919 D UiccCard: update: radioState=RADIO_ON mLastRadioState=RADIO_ON
02-20 20:24:10.181  1919  1919 D UiccController: Notifying IccChangedRegistrants
02-20 20:24:10.181  1919  1992 D RilRequest: [3684]< QUERY_FACILITY_LOCK error: com.android.internal.telephony.CommandException: REQUEST_NOT_SUPPORTED ret=
02-20 20:24:10.182  1919  1992 D RilRequest: [3685]< QUERY_FACILITY_LOCK error: com.android.internal.telephony.CommandException: REQUEST_NOT_SUPPORTED ret=
02-20 20:24:10.182  1374  1486 D RIL     : onRequest: QUERY_FACILITY_LOCK
02-20 20:24:10.182  1374  1486 D RIL     : Request not supported. Tech: 1
02-20 20:24:10.182  1919  1992 D RilRequest: [3686]< QUERY_FACILITY_LOCK error: com.android.internal.telephony.CommandException: REQUEST_NOT_SUPPORTED ret=
02-20 20:24:10.182  1919  1919 D RILJ    : [3687]> RIL_REQUEST_SIM_TRANSMIT_APDU_CHANNEL [SUB0]
02-20 20:24:10.182  1919  1919 D GsmCdmaPhone: [GsmCdmaPhone] Event EVENT_REGISTERED_TO_NETWORK Received
02-20 20:24:10.182  1919  1919 D SST     : SubscriptionListener.onSubscriptionInfoChanged
02-20 20:24:10.182  1919  1919 E Phone   : getStoredVoiceMessageCount: invalid subId -2
02-20 20:24:10.182  1919  1919 D GsmCdmaPhone: [GsmCdmaPhone] updateVoiceMail countVoiceMessages = 0 subId -2
02-20 20:24:10.182  1919  1919 E Phone   : setVoiceMessageCount in sharedPreference: invalid subId -2
02-20 20:24:10.182  1374  1486 D RIL     : onRequest: SIM_TRANSMIT_APDU_CHANNEL
02-20 20:24:10.183  1374  1486 D AT      : AT> AT+CGLA=1,10,80caff4000
02-20 20:24:10.183  1919  1919 D DCT     : [0]SubscriptionListener.onSubscriptionInfoChanged
02-20 20:24:10.183  1919  1919 D SubscriptionController: [getActiveSubInfoList] Sub Controller not ready
02-20 20:24:10.183  1374  1489 D AT      : AT< +CGLA: 144,0,FF403eE23cE12eC11461ed377e85d386a8dfee6b864bd85b0bfaa5af81CA16616e64726f69642e636172726965726170692e637473E30aDB080000000000000000
02-20 20:24:10.183  1374  1489 D AT      : AT< OK
02-20 20:24:10.183  1919  1992 D RILJ    : [3687]< RIL_REQUEST_SIM_TRANSMIT_APDU_CHANNEL  [SUB0]
02-20 20:24:10.184  1919  1919 D SubscriptionController: [getActiveSubInfoList] Sub Controller not ready
02-20 20:24:10.190  1919  1919 E PhoneInterfaceManager: [PhoneIntfMgr] getIccId: No UICC
02-20 20:24:10.193  1676  1692 V BackupManagerService: No ancestral data
02-20 20:24:10.199  2084  2084 W System  : ClassLoader referenced unknown path: /system/priv-app/ContactsProvider/lib/x86_64
02-20 20:24:10.202  1676  1692 V BackupManagerService: Starting with transport android/com.android.internal.backup.LocalTransport
02-20 20:24:10.202  1676  1692 V BackupManagerService: Found transports: 2
02-20 20:24:10.205  1676  1688 I Telecom : PhoneAccountRegistrar: New phone account registered: [[ ] PhoneAccount: ComponentInfo{com.android.phone/com.android.services.telephony.TelephonyConnectionService}, [e0184adedf913b076626646d3f52c3b49c39ad6d], UserHandle{0} Capabilities: CallProvider MultiUser PlaceEmerg SimSub  Schemes: tel voicemail  Extras: null GroupId: [da39a3ee5e6b4b0d3255bfef95601890afd80709]]: TSI.rPA@AAM
02-20 20:24:10.207  1676  1688 I Telecom : : Sending phone-account registered intent as user: TSI.rPA@AAM
02-20 20:24:10.215  1676  1692 I am_proc_start: [0,2101,10014,com.google.android.gms.persistent,service,com.google.android.gms/.backup.BackupTransportService]
02-20 20:24:10.215  1676  1692 I ActivityManager: Start proc 2101:com.google.android.gms.persistent/u0a14 for service com.google.android.gms/.backup.BackupTransportService
02-20 20:24:10.216  2101  2101 W art     : Unexpected CPU variant for X86 using defaults: x86_64
02-20 20:24:10.216  1676  1676 V BackupManagerService: Connected to transport ComponentInfo{android/com.android.internal.backup.LocalTransportService}
02-20 20:24:10.216  1676  1676 V BackupManagerService: Registering transport android/com.android.internal.backup.LocalTransportService::android/com.android.internal.backup.LocalTransport = android.app.backup.BackupTransport$TransportImpl@ce3b47
02-20 20:24:10.219  1757  1757 I InputAttributes: InputType.TYPE_NULL is specified
02-20 20:24:10.224  1676  1692 I BackupManagerService: Backup enabled => false
02-20 20:24:10.224  1676  1676 I backup_transport_lifecycle: [android/com.android.internal.backup.LocalTransportService,1]
02-20 20:24:10.226  1919  1919 I Telephony: AccountEntry: Registered phoneAccount: [[ ] PhoneAccount: ComponentInfo{com.android.phone/com.android.services.telephony.TelephonyConnectionService}, [e0184adedf913b076626646d3f52c3b49c39ad6d], UserHandle{0} Capabilities: CallProvider MultiUser PlaceEmerg SimSub  Schemes: tel voicemail  Extras: null GroupId: [da39a3ee5e6b4b0d3255bfef95601890afd80709]] with handle: ComponentInfo{com.android.phone/com.android.services.telephony.TelephonyConnectionService}, [e0184adedf913b076626646d3f52c3b49c39ad6d], UserHandle{0}
02-20 20:24:10.227  1676  2083 I am_proc_bound: [0,2101,com.google.android.gms.persistent]
02-20 20:24:10.236  1919  1919 I Telephony: PstnIncomingCallNotifier: Registering: Handler (com.android.internal.telephony.GsmCdmaPhone) {d904012}
02-20 20:24:10.240  1919  1919 I Telephony: TelecomAccountRegistry: Unregistering phone account ComponentInfo{com.android.phone/com.android.services.telephony.TelephonyConnectionService}, [e2f7d48dd2b5ca523e7313cf4ba0f6ea830b6281], UserHandle{0}.
02-20 20:24:10.241  1676  1989 I Telecom : : Sending phone-account unregistered intent as user: TSI.uPA@AAU
02-20 20:24:10.241  1919  1919 D DCT     : [0]onDataConnectionAttached
02-20 20:24:10.242  1919  1919 D DCT     : [0]isDataAllowed: No - SIM not loaded
02-20 20:24:10.248  1919  1919 D DCT     : [0]setupDataOnConnectableApns: dataAttached hipri:[state=IDLE,enabled=false] mms:[state=IDLE,enabled=false] supl:[state=IDLE,enabled=false] ia:[state=IDLE,enabled=false] fota:[state=IDLE,enabled=false] ims:[state=IDLE,enabled=false] cbs:[state=IDLE,enabled=false] default:[state=IDLE,enabled=false] emergency:[state=IDLE,enabled=false] 
02-20 20:24:10.248  1919  1919 D DCT     : [0]setupDataOnConnectableApns: nwTypeChanged hipri:[state=IDLE,enabled=false] mms:[state=IDLE,enabled=false] supl:[state=IDLE,enabled=false] ia:[state=IDLE,enabled=false] fota:[state=IDLE,enabled=false] ims:[state=IDLE,enabled=false] cbs:[state=IDLE,enabled=false] default:[state=IDLE,enabled=false] emergency:[state=IDLE,enabled=false] 
02-20 20:24:10.248  1919  1919 D UiccCardApplication: Error in querying facility lock:com.android.internal.telephony.CommandException: REQUEST_NOT_SUPPORTED
02-20 20:24:10.248  1919  1919 D SIMRecords: [SIMRecords] fetchSimRecords 0
02-20 20:24:10.248  1919  1919 D RILJ    : [3688]> getIMSI: GET_IMSI aid: null [SUB0]
02-20 20:24:10.249  1919  1919 D RILJ    : [3689]> iccIO: SIM_IO 0xc0 0x2fe2  path: 3F00,0,0,15 aid: null [SUB0]
02-20 20:24:10.249  1374  1486 D RIL     : onRequest: GET_IMSI
02-20 20:24:10.249  1374  1486 D AT      : AT> AT+CIMI
02-20 20:24:10.249  1374  1489 D AT      : AT< 310260000000000
02-20 20:24:10.249  1374  1489 D AT      : AT< OK
02-20 20:24:10.249  1919  1992 D RILJ    : [3688]< GET_IMSI  [SUB0]
02-20 20:24:10.249  1374  1486 D RIL     : onRequest: SIM_IO
02-20 20:24:10.249  1374  1486 D AT      : AT> AT+CRSM=192,12258,0,0,15
02-20 20:24:10.249  1374  1489 D AT      : AT< +CRSM: 144,0,0000000a2fe204000fa0aa01020000
02-20 20:24:10.250  1374  1489 D AT      : AT< OK
02-20 20:24:10.250  1919  1919 D RILJ    : [3690]> iccIO: SIM_IO 0xc0 0x6f40  path: 3F007F10,0,0,15 aid: null [SUB0]
02-20 20:24:10.250  1919  1992 D RILJ    : [3689]< SIM_IO IccIoResponse sw1:0x90 sw2:0x0 [SUB0]
02-20 20:24:10.250  1374  1486 D RIL     : onRequest: SIM_IO
02-20 20:24:10.250  1374  1486 D AT      : AT> AT+CRSM=192,28480,0,0,15
02-20 20:24:10.250  1374  1489 D AT      : AT< +CRSM: 144,0,000000806f40040011a0aa01020120
02-20 20:24:10.250  1374  1489 D AT      : AT< OK
02-20 20:24:10.250  1919  1919 D RILJ    : [3691]> iccIO: SIM_IO 0xc0 0x6fc9  path: 3F007F20,0,0,15 aid: null [SUB0]
02-20 20:24:10.250  1919  1992 D RILJ    : [3690]< SIM_IO IccIoResponse sw1:0x90 sw2:0x0 [SUB0]
02-20 20:24:10.251  1374  1486 D RIL     : onRequest: SIM_IO
02-20 20:24:10.251  1374  1486 D AT      : AT> AT+CRSM=192,28617,0,0,15
02-20 20:24:10.252  1374  1489 D AT      : AT< +CRSM: 144,0,000000086fc9040011a0aa01020104
02-20 20:24:10.252  1374  1489 D AT      : AT< OK
02-20 20:24:10.252  1919  1919 D RILJ    : [3692]> iccIO: SIM_IO 0xc0 0x6fad  path: 3F007F20,0,0,15 aid: null [SUB0]
02-20 20:24:10.252  1919  1992 D RILJ    : [3691]< SIM_IO IccIoResponse sw1:0x90 sw2:0x0 [SUB0]
02-20 20:24:10.252  1374  1486 D RIL     : onRequest: SIM_IO
02-20 20:24:10.252  1374  1486 D AT      : AT> AT+CRSM=192,28589,0,0,15
02-20 20:24:10.252  1374  1489 D AT      : AT< +CRSM: 144,0,000000046fad04000aa0aa01020000
02-20 20:24:10.252  1374  1489 D AT      : AT< OK
02-20 20:24:10.252  1919  1992 D RILJ    : [3692]< SIM_IO IccIoResponse sw1:0x90 sw2:0x0 [SUB0]
02-20 20:24:10.252  1919  1919 D RILJ    : [3693]> iccIO: SIM_IO 0xc0 0x6fca  path: 3F007F20,0,0,15 aid: null [SUB0]
02-20 20:24:10.253  1374  1486 D RIL     : onRequest: SIM_IO
02-20 20:24:10.253  1374  1486 D AT      : AT> AT+CRSM=192,28618,0,0,15
02-20 20:24:10.253  1374  1489 D AT      : AT< +CRSM: 144,0,0000000a6fca040011a0aa01020105
02-20 20:24:10.253  1374  1489 D AT      : AT< OK
02-20 20:24:10.253  1919  1919 D RILJ    : [3694]> iccIO: SIM_IO 0xc0 0x6f11  path: 3F007F20,0,0,15 aid: null [SUB0]
02-20 20:24:10.253  1919  1992 D RILJ    : [3693]< SIM_IO IccIoResponse sw1:0x90 sw2:0x0 [SUB0]
02-20 20:24:10.254  1374  1486 D RIL     : onRequest: SIM_IO
02-20 20:24:10.254  1374  1486 D AT      : AT> AT+CRSM=192,28433,0,0,15
02-20 20:24:10.254  1374  1489 D AT      : AT< +CRSM: 144,0,000000016f11040011a0aa01020000
02-20 20:24:10.254  1374  1489 D AT      : AT< OK
02-20 20:24:10.254  1919  1992 D RILJ    : [3694]< SIM_IO IccIoResponse sw1:0x90 sw2:0x0 [SUB0]
02-20 20:24:10.254  1919  1919 D RILJ    : [3695]> iccIO: SIM_IO 0xc0 0x6fcb  path: 3F007F20,0,0,15 aid: null [SUB0]
02-20 20:24:10.264  1374  1486 D RIL     : onRequest: SIM_IO
02-20 20:24:10.264  1374  1486 D AT      : AT> AT+CRSM=192,28619,0,0,15
02-20 20:24:10.264  1374  1489 D AT      : AT< ERROR: BAD COMMAND
02-20 20:24:10.264  1919  1919 D RILJ    : [3696]> iccIO: SIM_IO 0xc0 0x6f13  path: 3F007F20,0,0,15 aid: null [SUB0]
02-20 20:24:10.265  1374  1486 D RIL     : onRequest: SIM_IO
02-20 20:24:10.265  1374  1486 D AT      : AT> AT+CRSM=192,28435,0,0,15
02-20 20:24:10.265  1374  1489 D AT      : AT< +CRSM: 144,0,000000016f13040011a0aa01020000
02-20 20:24:10.265  1374  1489 D AT      : AT< OK
02-20 20:24:10.265  1919  1919 D RILJ    : [3697]> iccIO: SIM_IO 0xc0 0x6f46  path: 3F007F20,0,0,15 aid: null [SUB0]
02-20 20:24:10.265  1919  1992 D RilRequest: [3695]< SIM_IO error: com.android.internal.telephony.CommandException: GENERIC_FAILURE ret=
02-20 20:24:10.265  1374  1486 D RIL     : onRequest: SIM_IO
02-20 20:24:10.265  1374  1486 D AT      : AT> AT+CRSM=192,28486,0,0,15
02-20 20:24:10.265  1919  1992 D RILJ    : [3696]< SIM_IO IccIoResponse sw1:0x90 sw2:0x0 [SUB0]
02-20 20:24:10.265  1374  1489 D AT      : AT< +CRSM: 148,4
02-20 20:24:10.265  1374  1489 D AT      : AT< OK
02-20 20:24:10.265  1919  1919 D RILJ    : [3698]> iccIO: SIM_IO 0xc0 0x6fcd  path: 3F007F20,0,0,15 aid: null [SUB0]
02-20 20:24:10.267  1919  1919 D RILJ    : [3699]> iccIO: SIM_IO 0xc0 0x6fc5  path: 3F007F20,0,0,15 aid: null [SUB0]
02-20 20:24:10.267  1919  1992 D RILJ    : [3697]< SIM_IO IccIoResponse sw1:0x94 sw2:0x4 [SUB0]
02-20 20:24:10.267  1374  1486 D RIL     : onRequest: SIM_IO
02-20 20:24:10.267  1374  1486 D AT      : AT> AT+CRSM=192,28621,0,0,15
02-20 20:24:10.268  1919  1919 D RILJ    : [3700]> iccIO: SIM_IO 0xc0 0x6f38  path: 3F007F20,0,0,15 aid: null [SUB0]
02-20 20:24:10.269  1919  1919 D RILJ    : [3701]> iccIO: SIM_IO 0xc0 0x6f16  path: 3F007F20,0,0,15 aid: null [SUB0]
02-20 20:24:10.269  1374  1489 D AT      : AT< +CRSM: 148,4
02-20 20:24:10.269  1374  1489 D AT      : AT< OK
02-20 20:24:10.269  1374  1486 D RIL     : onRequest: SIM_IO
02-20 20:24:10.269  1374  1486 D AT      : AT> AT+CRSM=192,28613,0,0,15
02-20 20:24:10.269  1919  1919 D RILJ    : [3702]> iccIO: SIM_IO 0xc0 0x6f15  path: 3F007F20,0,0,15 aid: null [SUB0]
02-20 20:24:10.269  1919  1992 D RILJ    : [3698]< SIM_IO IccIoResponse sw1:0x94 sw2:0x4 [SUB0]
02-20 20:24:10.269  1919  1919 D RILJ    : [3703]> iccIO: SIM_IO 0xc0 0x6f3e  path: 3F007F20,0,0,15 aid: null [SUB0]
02-20 20:24:10.270  1919  1919 D RILJ    : [3704]> iccIO: SIM_IO 0xc0 0x6f3f  path: 3F007F20,0,0,15 aid: null [SUB0]
02-20 20:24:10.270  1374  1489 D AT      : AT< +CRSM: 144,0,000000f06fc504000aa0aa01020118
02-20 20:24:10.270  1374  1489 D AT      : AT< OK
02-20 20:24:10.270  1374  1486 D RIL     : onRequest: SIM_IO
02-20 20:24:10.270  1919  1919 D SIMRecords: [SIMRecords] fetchSimRecords 17 requested: true
02-20 20:24:10.270  1374  1486 D AT      : AT> AT+CRSM=192,28472,0,0,15
02-20 20:24:10.270  1919  1919 E IccCardProxy: setExternalState: set mPhoneId=0 mExternalState=READY
02-20 20:24:10.270  1919  1919 D TelephonyManager: setTelephonyProperty: success phoneId=0 property=gsm.sim.state value: READY propVal=READY
02-20 20:24:10.270  1919  1992 D RILJ    : [3699]< SIM_IO IccIoResponse sw1:0x90 sw2:0x0 [SUB0]
02-20 20:24:10.270  1374  1489 D AT      : AT< +CRSM: 144,0,0000000f6f3804001aa0aa01020000
02-20 20:24:10.270  1374  1489 D AT      : AT< OK
02-20 20:24:10.270  1919  1919 D IccCardProxy: broadcastIccStateChangedIntent intent ACTION_SIM_STATE_CHANGED value=READY reason=null for mPhoneId=0
02-20 20:24:10.270  1374  1486 D RIL     : onRequest: SIM_IO
02-20 20:24:10.270  1374  1486 D AT      : AT> AT+CRSM=192,28438,0,0,15
02-20 20:24:10.271  1919  1992 D RILJ    : [3700]< SIM_IO IccIoResponse sw1:0x90 sw2:0x0 [SUB0]
02-20 20:24:10.271  1374  1489 D AT      : AT< +CRSM: 144,0,000000026f1604001aa0aa01020000
02-20 20:24:10.271  1374  1489 D AT      : AT< OK
02-20 20:24:10.271  1374  1486 D RIL     : onRequest: SIM_IO
02-20 20:24:10.271  1374  1486 D AT      : AT> AT+CRSM=192,28437,0,0,15
02-20 20:24:10.271  1374  1489 D AT      : AT< ERROR: BAD COMMAND
02-20 20:24:10.271  1919  1919 D RILJ    : [3705]> OPERATOR [SUB0]
02-20 20:24:10.271  1919  1992 D RILJ    : [3701]< SIM_IO IccIoResponse sw1:0x90 sw2:0x0 [SUB0]
02-20 20:24:10.271  1374  1486 D RIL     : onRequest: SIM_IO
02-20 20:24:10.271  1374  1486 D AT      : AT> AT+CRSM=192,28478,0,0,15
02-20 20:24:10.271  1919  1919 D RILJ    : [3706]> DATA_REGISTRATION_STATE [SUB0]
02-20 20:24:10.271  1374  1489 D AT      : AT< ERROR: BAD COMMAND
02-20 20:24:10.271  1374  1486 D RIL     : onRequest: SIM_IO
02-20 20:24:10.271  1374  1486 D AT      : AT> AT+CRSM=192,28479,0,0,15
02-20 20:24:10.271  1374  1489 D AT      : AT< ERROR: BAD COMMAND
02-20 20:24:10.271  1374  1486 D RIL     : onRequest: OPERATOR
02-20 20:24:10.271  1374  1486 D AT      : AT> AT+COPS=3,0;+COPS?;+COPS=3,1;+COPS?;+COPS=3,2;+COPS?
02-20 20:24:10.271  1919  1919 D RILJ    : [3707]> VOICE_REGISTRATION_STATE [SUB0]
02-20 20:24:10.271  1374  1489 D AT      : AT< +COPS: 0,0,"Android"
02-20 20:24:10.271  1374  1489 D AT      : AT< +COPS: 0,1,"Android"
02-20 20:24:10.271  1374  1489 D AT      : AT< +COPS: 0,2,"310260"
02-20 20:24:10.271  1374  1489 D AT      : AT< OK
02-20 20:24:10.271  1919  1919 D RILJ    : [3708]> QUERY_NETWORK_SELECTION_MODE [SUB0]
02-20 20:24:10.272  1374  1486 D RIL     : onRequest: DATA_REGISTRATION_STATE
02-20 20:24:10.272  1374  1486 D RIL     : requestRegistrationState
02-20 20:24:10.272  1374  1486 D AT      : AT> AT+CGREG?
02-20 20:24:10.272  1374  1489 D AT      : AT< +CGREG: 1,1,"0003","005b","000e"
02-20 20:24:10.272  1374  1489 D AT      : AT< OK
02-20 20:24:10.272  1919  1919 D RuimRecords: [RuimRecords] fetchRuimRecords 0
02-20 20:24:10.272  1374  1486 D RIL     : parseRegistrationState. Parsing: +CGREG: 1,1,"0003","005b","000e"
02-20 20:24:10.272  1374  1486 D RIL     : registration state type: 3GPP
02-20 20:24:10.272  1919  1919 D RILJ    : [3709]> getIMSI: GET_IMSI aid: null [SUB0]
02-20 20:24:10.272  1374  1486 D RIL     : onRequest: VOICE_REGISTRATION_STATE
02-20 20:24:10.272  1374  1486 D RIL     : requestRegistrationState
02-20 20:24:10.272  1374  1486 D AT      : AT> AT+CREG?
02-20 20:24:10.272  1374  1489 D AT      : AT< +CREG: 2,1, "0003", "005b"
02-20 20:24:10.272  1374  1489 D AT      : AT< OK
02-20 20:24:10.272  1374  1486 D RIL     : parseRegistrationState. Parsing: +CREG: 2,1, "0003", "005b"
02-20 20:24:10.272  1374  1486 D RIL     : registration state type: 3GPP
02-20 20:24:10.272  1374  1486 D RIL     : onRequest: QUERY_NETWORK_SELECTION_MODE
02-20 20:24:10.272  1374  1486 D AT      : AT> AT+COPS?
02-20 20:24:10.272  1919  1919 D RILJ    : [3710]> iccIO: SIM_IO 0xc0 0x2fe2  path: 3F00,0,0,15 aid: null [SUB0]
02-20 20:24:10.272  1374  1489 D AT      : AT< +COPS: 0,2,310260
02-20 20:24:10.272  1374  1489 D AT      : AT< OK
02-20 20:24:10.272  1919  1919 D RILJ    : [3711]> iccIO: SIM_IO 0xc0 0x2f05  path: 3F00,0,0,15 aid: null [SUB0]
02-20 20:24:10.273  1919  1919 D RILJ    : [3712]> iccIO: SIM_IO 0xc0 0x6f3a  path: 3F007F25,0,0,15 aid: null [SUB0]
02-20 20:24:10.273  1919  1919 D RILJ    : [3713]> iccIO: SIM_IO 0xc0 0x6f41  path: 3F007F25,0,0,15 aid: null [SUB0]
02-20 20:24:10.273  1919  1919 D RILJ    : [3714]> iccIO: SIM_IO 0xc0 0x6f44  path: 3F007F25,0,0,15 aid: null [SUB0]
02-20 20:24:10.274  1919  1919 D RILJ    : [3715]> iccIO: SIM_IO 0xc0 0x6f22  path: 3F007F25,0,0,15 aid: null [SUB0]
02-20 20:24:10.274  1919  1992 D RilRequest: [3702]< SIM_IO error: com.android.internal.telephony.CommandException: GENERIC_FAILURE ret=
02-20 20:24:10.274  1919  1992 D RilRequest: [3703]< SIM_IO error: com.android.internal.telephony.CommandException: GENERIC_FAILURE ret=
02-20 20:24:10.274  1919  1992 D RilRequest: [3704]< SIM_IO error: com.android.internal.telephony.CommandException: GENERIC_FAILURE ret=
02-20 20:24:10.274  1919  1992 D RILJ    : [3705]< OPERATOR {Android, Android, 310260} [SUB0]
02-20 20:24:10.274  1919  1992 D RILJ    : [3706]< DATA_REGISTRATION_STATE {1, 3, 5b, 14, null, null} [SUB0]
02-20 20:24:10.274  1919  1992 D RILJ    : [3707]< VOICE_REGISTRATION_STATE {1, 3, 5b, 0, null, null, null, null, null, null, null, null, null, null, null} [SUB0]
02-20 20:24:10.274  1919  1919 D RILJ    : [3716]> iccIO: SIM_IO 0xc0 0x6f28  path: 3F007F25,0,0,15 aid: null [SUB0]
02-20 20:24:10.275  1919  1919 D RILJ    : [3717]> iccIO: SIM_IO 0xb0 0x6f5a  path: 3F007F25,0,0,4 aid: null [SUB0]
02-20 20:24:10.275  1919  1919 D RILJ    : [3718]> iccIO: SIM_IO 0xc0 0x6f4d  path: 3F007F25,0,0,15 aid: null [SUB0]
02-20 20:24:10.275  1919  1919 D RuimRecords: [RuimRecords] fetchRuimRecords 10 requested: true
02-20 20:24:10.275  1919  1919 D RILJ    : [3719]> RIL_REQUEST_CDMA_SUBSCRIPTION [SUB0]
02-20 20:24:10.275  1919  1919 D GsmSMSDispatcher: GsmSMSDispatcher: subId = -2 slotId = 0
02-20 20:24:10.275  1919  1919 E IccCardProxy: setExternalState: !override and newstate unchanged from READY
02-20 20:24:10.275  1919  1919 D CAT     : CatService: handleMessage[8]
02-20 20:24:10.275  1919  1919 D CAT     : CatService: MSG_ID_ICC_CHANGED
02-20 20:24:10.275  1919  1919 D CAT     : CatService: New Card State = CARDSTATE_PRESENT Old Card State = CARDSTATE_PRESENT
02-20 20:24:10.275  1919  1919 D UiccCardApplication: Error in querying facility lock:com.android.internal.telephony.CommandException: REQUEST_NOT_SUPPORTED
02-20 20:24:10.275  1919  1919 D UiccCardApplication: Error in querying facility lock:com.android.internal.telephony.CommandException: REQUEST_NOT_SUPPORTED
02-20 20:24:10.275  1919  1919 D UiccCardApplication: Error in querying facility lock:com.android.internal.telephony.CommandException: REQUEST_NOT_SUPPORTED
02-20 20:24:10.275  2101  2101 W System  : ClassLoader referenced unknown path: /system/priv-app/PrebuiltGmsCore/lib/x86_64
02-20 20:24:10.276  1919  1919 E PhoneInterfaceManager: [PhoneIntfMgr] getIccId: No UICC
02-20 20:24:10.277  1374  1486 D RIL     : onRequest: GET_IMSI
02-20 20:24:10.277  1374  1486 D AT      : AT> AT+CIMI
02-20 20:24:10.277  1919  1992 D RILJ    : [3708]< QUERY_NETWORK_SELECTION_MODE {0} [SUB0]
02-20 20:24:10.277  1374  1489 D AT      : AT< 310260000000000
02-20 20:24:10.277  1374  1489 D AT      : AT< OK
02-20 20:24:10.277  1374  1486 D RIL     : onRequest: SIM_IO
02-20 20:24:10.277  1374  1486 D AT      : AT> AT+CRSM=192,12258,0,0,15
02-20 20:24:10.277  1919  1992 D RILJ    : [3709]< GET_IMSI  [SUB0]
02-20 20:24:10.277  1374  1489 D AT      : AT< +CRSM: 144,0,0000000a2fe204000fa0aa01020000
02-20 20:24:10.277  1374  1489 D AT      : AT< OK
02-20 20:24:10.277  1374  1486 D RIL     : onRequest: SIM_IO
02-20 20:24:10.277  1374  1486 D AT      : AT> AT+CRSM=192,12037,0,0,15
02-20 20:24:10.277  1919  1992 D RILJ    : [3710]< SIM_IO IccIoResponse sw1:0x90 sw2:0x0 [SUB0]
02-20 20:24:10.277  1374  1489 D AT      : AT< ERROR: BAD COMMAND
02-20 20:24:10.277  1374  1486 D RIL     : onRequest: SIM_IO
02-20 20:24:10.277  1374  1486 D AT      : AT> AT+CRSM=192,28474,0,0,15
02-20 20:24:10.277  1374  1489 D AT      : AT< ERROR: BAD COMMAND
02-20 20:24:10.277  1919  1992 D RilRequest: [3711]< SIM_IO error: com.android.internal.telephony.CommandException: GENERIC_FAILURE ret=
02-20 20:24:10.277  1374  1486 D RIL     : onRequest: SIM_IO
02-20 20:24:10.277  1374  1486 D AT      : AT> AT+CRSM=192,28481,0,0,15
02-20 20:24:10.277  1919  1992 D RilRequest: [3712]< SIM_IO error: com.android.internal.telephony.CommandException: GENERIC_FAILURE ret=
02-20 20:24:10.277  1374  1489 D AT      : AT< ERROR: BAD COMMAND
02-20 20:24:10.277  1374  1486 D RIL     : onRequest: SIM_IO
02-20 20:24:10.277  1374  1486 D AT      : AT> AT+CRSM=192,28484,0,0,15
02-20 20:24:10.277  1919  1992 D RilRequest: [3713]< SIM_IO error: com.android.internal.telephony.CommandException: GENERIC_FAILURE ret=
02-20 20:24:10.277  1374  1489 D AT      : AT< ERROR: BAD COMMAND
02-20 20:24:10.278  1374  1486 D RIL     : onRequest: SIM_IO
02-20 20:24:10.278  1374  1486 D AT      : AT> AT+CRSM=192,28450,0,0,15
02-20 20:24:10.278  1374  1489 D AT      : AT< ERROR: BAD COMMAND
02-20 20:24:10.279  1374  1486 D RIL     : onRequest: SIM_IO
02-20 20:24:10.279  1374  1486 D AT      : AT> AT+CRSM=192,28456,0,0,15
02-20 20:24:10.279  1374  1489 D AT      : AT< ERROR: BAD COMMAND
02-20 20:24:10.279  1374  1486 D RIL     : onRequest: SIM_IO
02-20 20:24:10.279  1374  1486 D AT      : AT> AT+CRSM=176,28506,0,0,4
02-20 20:24:10.279  1919  1992 D RilRequest: [3714]< SIM_IO error: com.android.internal.telephony.CommandException: GENERIC_FAILURE ret=
02-20 20:24:10.279  1374  1489 D AT      : AT< ERROR: BAD COMMAND
02-20 20:24:10.279  1919  1992 D RilRequest: [3715]< SIM_IO error: com.android.internal.telephony.CommandException: GENERIC_FAILURE ret=
02-20 20:24:10.279  1374  1486 D RIL     : onRequest: SIM_IO
02-20 20:24:10.279  1374  1486 D AT      : AT> AT+CRSM=192,28493,0,0,15
02-20 20:24:10.279  1919  1992 D RilRequest: [3716]< SIM_IO error: com.android.internal.telephony.CommandException: GENERIC_FAILURE ret=
02-20 20:24:10.279  1374  1489 D AT      : AT< ERROR: BAD COMMAND
02-20 20:24:10.279  1374  1486 D RIL     : onRequest: CDMA_SUBSCRIPTION
02-20 20:24:10.279  1374  1486 D RIL     : Request not supported. Tech: 1
02-20 20:24:10.279  1919  1992 D RilRequest: [3717]< SIM_IO error: com.android.internal.telephony.CommandException: GENERIC_FAILURE ret=
02-20 20:24:10.279  1919  1992 D RilRequest: [3718]< SIM_IO error: com.android.internal.telephony.CommandException: GENERIC_FAILURE ret=
02-20 20:24:10.279  1919  1992 D RilRequest: [3719]< RIL_REQUEST_CDMA_SUBSCRIPTION error: com.android.internal.telephony.CommandException: REQUEST_NOT_SUPPORTED ret=
02-20 20:24:10.281  1676  1810 I Telecom : PhoneAccountRegistrar: [ComponentInfo{com.android.phone/com.android.services.telephony.TelephonyConnectionService}, [e0184adedf913b076626646d3f52c3b49c39ad6d], UserHandle{0}(icon: Icon(typ=BITMAP size=76x96) -> Icon(typ=BITMAP size=76x96))]: TSI.rPA@AAc
02-20 20:24:10.282  1676  1810 I Telecom : : Sending phone-account registered intent as user: TSI.rPA@AAc
02-20 20:24:10.283  1919  1919 D SIMRecords: [SIMRecords] IMSI: mMncLength=-1
02-20 20:24:10.283  1919  1919 D SIMRecords: [SIMRecords] IMSI: 310260[D1jVpVFfGoqdF5qliFi2ey-KM4g]
02-20 20:24:10.283  1919  1919 D SIMRecords: [SIMRecords] onRecordLoaded 16 requested: true
02-20 20:24:10.283  1919  1919 D RILJ    : [3720]> iccIO: SIM_IO 0xb0 0x2fe2  path: 3F00,0,0,10 aid: null [SUB0]
02-20 20:24:10.283  1374  1486 D RIL     : onRequest: SIM_IO
02-20 20:24:10.283  1374  1486 D AT      : AT> AT+CRSM=176,12258,0,0,10
02-20 20:24:10.283  1919  1919 D RILJ    : [3721]> iccIO: SIM_IO 0xb2 0x6f40  path: 3F007F10,1,4,32 aid: null [SUB0]
02-20 20:24:10.283  1374  1489 D AT      : AT< +CRSM: 144,0,98101430121181157002
02-20 20:24:10.283  1374  1489 D AT      : AT< OK
02-20 20:24:10.283  1919  1992 D RILJ    : [3720]< SIM_IO IccIoResponse sw1:0x90 sw2:0x0 [SUB0]
02-20 20:24:10.283  1374  1486 D RIL     : onRequest: SIM_IO
02-20 20:24:10.283  1374  1486 D AT      : AT> AT+CRSM=178,28480,1,4,32
02-20 20:24:10.283  1919  1919 D RILJ    : [3722]> iccIO: SIM_IO 0xb2 0x6fc9  path: 3F007F20,1,4,4 aid: null [SUB0]
02-20 20:24:10.283  1374  1489 D AT      : AT< +CRSM: 144,0,ffffffffffffffffffffffffffffffffffff07815155255155f4ffffffffffff
02-20 20:24:10.283  1374  1489 D AT      : AT< OK
02-20 20:24:10.283  1919  1992 D RILJ    : [3721]< SIM_IO IccIoResponse sw1:0x90 sw2:0x0 [SUB0]
02-20 20:24:10.283  1374  1486 D RIL     : onRequest: SIM_IO
02-20 20:24:10.283  1374  1486 D AT      : AT> AT+CRSM=178,28617,1,4,4
02-20 20:24:10.284  1919  1919 D RILJ    : [3723]> iccIO: SIM_IO 0xb0 0x6fad  path: 3F007F20,0,0,4 aid: null [SUB0]
02-20 20:24:10.284  1374  1489 D AT      : AT< +CRSM: 144,0,01000000
02-20 20:24:10.284  1374  1489 D AT      : AT< OK
02-20 20:24:10.284  1919  1992 D RILJ    : [3722]< SIM_IO IccIoResponse sw1:0x90 sw2:0x0 [SUB0]
02-20 20:24:10.284  1374  1486 D RIL     : onRequest: SIM_IO
02-20 20:24:10.284  1374  1486 D AT      : AT> AT+CRSM=176,28589,0,0,4
02-20 20:24:10.284  1919  1919 D RILJ    : [3724]> iccIO: SIM_IO 0xb2 0x6fca  path: 3F007F20,1,4,5 aid: null [SUB0]
02-20 20:24:10.284  1374  1489 D AT      : AT< +CRSM: 144,0,00000003
02-20 20:24:10.284  1374  1489 D AT      : AT< OK
02-20 20:24:10.286  1919  1992 D RILJ    : [3723]< SIM_IO IccIoResponse sw1:0x90 sw2:0x0 [SUB0]
02-20 20:24:10.286  1374  1486 D RIL     : onRequest: SIM_IO
02-20 20:24:10.286  1374  1486 D AT      : AT> AT+CRSM=178,28618,1,4,5
02-20 20:24:10.286  1919  1919 D RILJ    : [3725]> iccIO: SIM_IO 0xb0 0x6f11  path: 3F007F20,0,0,1 aid: null [SUB0]
02-20 20:24:10.286  1919  1919 D RILJ    : [3726]> iccIO: SIM_IO 0xb0 0x6f13  path: 3F007F20,0,0,1 aid: null [SUB0]
02-20 20:24:10.287  1374  1489 D AT      : AT< +CRSM: 144,0,0000000000
02-20 20:24:10.287  1374  1489 D AT      : AT< OK
02-20 20:24:10.287  1374  1486 D RIL     : onRequest: SIM_IO
02-20 20:24:10.287  1374  1486 D AT      : AT> AT+CRSM=176,28433,0,0,1
02-20 20:24:10.287  1374  1489 D AT      : AT< +CRSM: 144,0,55
02-20 20:24:10.287  1374  1489 D AT      : AT< OK
02-20 20:24:10.287  1919  1992 D RILJ    : [3724]< SIM_IO IccIoResponse sw1:0x90 sw2:0x0 [SUB0]
02-20 20:24:10.287  1374  1486 D RIL     : onRequest: SIM_IO
02-20 20:24:10.287  1374  1486 D AT      : AT> AT+CRSM=176,28435,0,0,1
02-20 20:24:10.287  1374  1489 D AT      : AT< +CRSM: 144,0,55
02-20 20:24:10.287  1374  1489 D AT      : AT< OK
02-20 20:24:10.288  1919  1992 D RILJ    : [3725]< SIM_IO IccIoResponse sw1:0x90 sw2:0x0 [SUB0]
02-20 20:24:10.288  1919  1992 D RILJ    : [3726]< SIM_IO IccIoResponse sw1:0x90 sw2:0x0 [SUB0]
02-20 20:24:10.288  1919  1919 D RILJ    : [3727]> iccIO: SIM_IO 0xb2 0x6fc5  path: 3F007F20,1,4,24 aid: null [SUB0]
02-20 20:24:10.291  1919  1919 D RILJ    : [3728]> iccIO: SIM_IO 0xb0 0x6f38  path: 3F007F20,0,0,15 aid: null [SUB0]
02-20 20:24:10.291  1374  1486 D RIL     : onRequest: SIM_IO
02-20 20:24:10.291  1374  1486 D AT      : AT> AT+CRSM=178,28613,1,4,24
02-20 20:24:10.291  1919  1919 D RILJ    : [3729]> iccIO: SIM_IO 0xb0 0x6f16  path: 3F007F20,0,0,2 aid: null [SUB0]
02-20 20:24:10.291  1374  1489 D AT      : AT< +CRSM: 144,0,43058441aa890affffffffffffffffffffffffffffffffff
02-20 20:24:10.291  1374  1489 D AT      : AT< OK
02-20 20:24:10.292  1919  1919 E SST     : error parsing GprsRegistrationState: java.lang.NumberFormatException: null
02-20 20:24:10.292  1919  1919 D SST     : handlPollStateResultMessage: GsmSST setDataRegState=0 regState=1 dataRadioTechnology=14
02-20 20:24:10.293  1919  1919 D RILJ    : [3730]> RIL_REQUEST_SIM_CLOSE_CHANNEL [SUB0]
02-20 20:24:10.293  1374  1486 D RIL     : onRequest: SIM_IO
02-20 20:24:10.293  1374  1486 D AT      : AT> AT+CRSM=176,28472,0,0,15
02-20 20:24:10.293  1919  1919 D SST     : EVENT_POLL_STATE_NETWORK_SELECTION_MODE
02-20 20:24:10.294  1374  1489 D AT      : AT< +CRSM: 144,0,ff30ffff3c003c03000c0000f03f00
02-20 20:24:10.294  1374  1489 D AT      : AT< OK
02-20 20:24:10.294  1374  1486 D RIL     : onRequest: SIM_IO
02-20 20:24:10.294  1374  1486 D AT      : AT> AT+CRSM=176,28438,0,0,2
02-20 20:24:10.294  1374  1489 D AT      : AT< +CRSM: 144,0,0233
02-20 20:24:10.294  1374  1489 D AT      : AT< OK
02-20 20:24:10.294  1374  1486 D RIL     : onRequest: SIM_CLOSE_CHANNEL
02-20 20:24:10.294  1374  1486 D AT      : AT> AT+CCHC=1
02-20 20:24:10.294  1374  1489 D AT      : AT< +CCHC
02-20 20:24:10.294  1374  1489 D AT      : AT< OK
02-20 20:24:10.294  1919  1919 D SST     : Poll ServiceState done:  oldSS=[0 0 voice home data home Android Android 310260 Android Android 310260  Unknown LTE CSS not supported -1 -1 RoamInd=-1 DefRoamInd=-1 EmergOnly=false IsDataRoamingFromRegistration=false IsUsingCarrierAggregation=false] newSS=[0 0 voice home data home Android Android 310260 Android Android 310260  Unknown LTE CSS not supported -1 -1 RoamInd=-1 DefRoamInd=-1 EmergOnly=false IsDataRoamingFromRegistration=false IsUsingCarrierAggregation=false] oldMaxDataCalls=1 mNewMaxDataCalls=1 oldReasonDataDenied=-1 mNewReasonDataDenied=-1
02-20 20:24:10.294  1919  1919 D RuimRecords: [RuimRecords] NO update mccmnc=310260
02-20 20:24:10.294  1919  1919 D RuimRecords: [RuimRecords] onRecordLoaded 9 requested: true
02-20 20:24:10.295  1919  1919 D RILJ    : [3731]> iccIO: SIM_IO 0xb0 0x2fe2  path: 3F00,0,0,10 aid: null [SUB0]
02-20 20:24:10.295  1919  1992 D RILJ    : [3727]< SIM_IO IccIoResponse sw1:0x90 sw2:0x0 [SUB0]
02-20 20:24:10.295  1919  1919 D IccCardProxy: broadcastIccStateChangedIntent intent ACTION_SIM_STATE_CHANGED value=IMSI reason=null for mPhoneId=0
02-20 20:24:10.295  1374  1486 D RIL     : onRequest: SIM_IO
02-20 20:24:10.295  1374  1486 D AT      : AT> AT+CRSM=176,12258,0,0,10
02-20 20:24:10.295  1374  1489 D AT      : AT< +CRSM: 144,0,98101430121181157002
02-20 20:24:10.295  1374  1489 D AT      : AT< OK
02-20 20:24:10.296  1919  1919 D SIMRecords: [SIMRecords] onRecordLoaded 15 requested: true
02-20 20:24:10.296  1919  1919 D RILJ    : [3732]> iccIO: SIM_IO 0xc0 0x6f14  path: 3F007F20,0,0,15 aid: null [SUB0]
02-20 20:24:10.296  1919  1992 D RILJ    : [3728]< SIM_IO IccIoResponse sw1:0x90 sw2:0x0 [SUB0]
02-20 20:24:10.297  1919  1919 D SIMRecords: [SIMRecords] onRecordLoaded 15 requested: true
02-20 20:24:10.297  1919  1919 D SIMRecords: [SIMRecords] onRecordLoaded 14 requested: true
02-20 20:24:10.297  1919  1919 D SubscriptionInfoUpdater: [Receiver]+
02-20 20:24:10.297  1919  1919 D SubscriptionInfoUpdater: Action: android.intent.action.SIM_STATE_CHANGED
02-20 20:24:10.297  1919  1919 D SubscriptionInfoUpdater: slotId: 0
02-20 20:24:10.297  1919  1919 D SubscriptionInfoUpdater: simStatus: READY
02-20 20:24:10.297  1919  1919 D SubscriptionInfoUpdater: Ignoring simStatus: READY
02-20 20:24:10.297  1919  1919 D SubscriptionInfoUpdater: [Receiver]-
02-20 20:24:10.297  1374  1486 D RIL     : onRequest: SIM_IO
02-20 20:24:10.297  1374  1486 D AT      : AT> AT+CRSM=192,28436,0,0,15
02-20 20:24:10.297  1374  1489 D AT      : AT< +CRSM: 144,0,000000146f1404001aa0aa01020000
02-20 20:24:10.297  1374  1489 D AT      : AT< OK
02-20 20:24:10.297  1919  1992 D RILJ    : [3729]< SIM_IO IccIoResponse sw1:0x90 sw2:0x0 [SUB0]
02-20 20:24:10.297  1919  1992 D RILJ    : [3730]< RIL_REQUEST_SIM_CLOSE_CHANNEL  [SUB0]
02-20 20:24:10.297  1919  1992 D RILJ    : [3731]< SIM_IO IccIoResponse sw1:0x90 sw2:0x0 [SUB0]
02-20 20:24:10.299  1919  1919 E SIMRecords: [SIMRecords] Exception in fetching EF_CSP data com.android.internal.telephony.CommandException: GENERIC_FAILURE
02-20 20:24:10.299  1919  1919 D SIMRecords: [SIMRecords] onRecordLoaded 13 requested: true
02-20 20:24:10.299  1919  1919 E SIMRecords: [SIMRecords] Exception in get GID1 com.android.internal.telephony.CommandException: GENERIC_FAILURE
02-20 20:24:10.299  1919  1919 D SIMRecords: [SIMRecords] onRecordLoaded 12 requested: true
02-20 20:24:10.299  1919  1919 E SIMRecords: [SIMRecords] Exception in get GID2 com.android.internal.telephony.CommandException: GENERIC_FAILURE
02-20 20:24:10.299  1919  1919 D SIMRecords: [SIMRecords] onRecordLoaded 11 requested: true
02-20 20:24:10.300  1919  1992 D RILJ    : [3732]< SIM_IO IccIoResponse sw1:0x90 sw2:0x0 [SUB0]
02-20 20:24:10.307  1919  1919 D RuimRecords: [RuimRecords] EF_PL LOADED
02-20 20:24:10.307  1919  1919 E RuimRecords: [RuimRecords] Record Load Exception: com.android.internal.telephony.CommandException: GENERIC_FAILURE
02-20 20:24:10.307  1919  1919 D RuimRecords: [RuimRecords] onRecordLoaded 8 requested: true
02-20 20:24:10.307  1919  1919 D RuimRecords: [RuimRecords] EF_CSIM_LI LOADED
02-20 20:24:10.307  1919  1919 E RuimRecords: [RuimRecords] Record Load Exception: com.android.internal.telephony.CommandException: GENERIC_FAILURE
02-20 20:24:10.307  1919  1919 D RuimRecords: [RuimRecords] onRecordLoaded 7 requested: true
02-20 20:24:10.307  1919  1919 D RuimRecords: [RuimRecords] EF_CSIM_SPN LOADED
02-20 20:24:10.307  1919  1919 E RuimRecords: [RuimRecords] Record Load Exception: com.android.internal.telephony.CommandException: GENERIC_FAILURE
02-20 20:24:10.307  1919  1919 D RuimRecords: [RuimRecords] onRecordLoaded 6 requested: true
02-20 20:24:10.307  1919  1919 D RuimRecords: [RuimRecords] EF_CSIM_MDN LOADED
02-20 20:24:10.307  1919  1919 E RuimRecords: [RuimRecords] Record Load Exception: com.android.internal.telephony.CommandException: GENERIC_FAILURE
02-20 20:24:10.307  1919  1919 D RuimRecords: [RuimRecords] onRecordLoaded 5 requested: true
02-20 20:24:10.307  1919  1919 D RuimRecords: [RuimRecords] EF_CSIM_IMSIM LOADED
02-20 20:24:10.307  1919  1919 E RuimRecords: [RuimRecords] Record Load Exception: com.android.internal.telephony.CommandException: GENERIC_FAILURE
02-20 20:24:10.307  1919  1919 D RuimRecords: [RuimRecords] onRecordLoaded 4 requested: true
02-20 20:24:10.307  1919  1919 D RuimRecords: [RuimRecords] EF_CSIM_CDMAHOME LOADED
02-20 20:24:10.307  1919  1919 E RuimRecords: [RuimRecords] Record Load Exception: com.android.internal.telephony.CommandException: GENERIC_FAILURE
02-20 20:24:10.307  1919  1919 D RuimRecords: [RuimRecords] onRecordLoaded 3 requested: true
02-20 20:24:10.307  1919  1919 D RuimRecords: [RuimRecords] EF_CSIM_EPRL LOADED
02-20 20:24:10.307  1919  1919 E RuimRecords: [RuimRecords] Record Load Exception: com.android.internal.telephony.CommandException: GENERIC_FAILURE
02-20 20:24:10.307  1919  1919 D RuimRecords: [RuimRecords] onRecordLoaded 2 requested: true
02-20 20:24:10.307  1919  1919 D RuimRecords: [RuimRecords] EF_CSIM_MIPUPP LOADED
02-20 20:24:10.307  1919  1919 E RuimRecords: [RuimRecords] Record Load Exception: com.android.internal.telephony.CommandException: GENERIC_FAILURE
02-20 20:24:10.307  1919  1919 D RuimRecords: [RuimRecords] onRecordLoaded 1 requested: true
02-20 20:24:10.307  1919  1919 D SIMRecords: [SIMRecords] iccid: 89014103211118510720
02-20 20:24:10.307  1919  1919 D SIMRecords: [SIMRecords] onRecordLoaded 10 requested: true
02-20 20:24:10.309  1919  1919 D SIMRecords: [SIMRecords] EF_MBI: 01000000
02-20 20:24:10.309  1919  1919 D SIMRecords: [SIMRecords] Got valid mailbox number for MBDN
02-20 20:24:10.309  1919  1919 D RILJ    : [3733]> iccIO: SIM_IO 0xc0 0x6fc7  path: 3F007F20,0,0,15 aid: null [SUB0]
02-20 20:24:10.310  1374  1486 D RIL     : onRequest: SIM_IO
02-20 20:24:10.310  1374  1486 D AT      : AT> AT+CRSM=192,28615,0,0,15
02-20 20:24:10.310  1374  1489 D AT      : AT< +CRSM: 144,0,000000406fc7040011a0aa01020120
02-20 20:24:10.310  1374  1489 D AT      : AT< OK
02-20 20:24:10.310  1919  1992 D RILJ    : [3733]< SIM_IO IccIoResponse sw1:0x90 sw2:0x0 [SUB0]
02-20 20:24:10.310  1919  1919 D SIMRecords: [SIMRecords] onRecordLoaded 10 requested: true
02-20 20:24:10.310  1919  1919 D SIMRecords: [SIMRecords] EF_AD: 00000003
02-20 20:24:10.310  1919  1919 D SIMRecords: [SIMRecords] setting4 mMncLength=3
02-20 20:24:10.310  1919  1919 D SIMRecords: [SIMRecords] update mccmnc=310260
02-20 20:24:10.311  1919  1919 D MccTable: updateMccMncConfiguration mccmnc='310260' fromServiceState=false
02-20 20:24:10.313  1676  1796 I am_proc_start: [0,2126,10067,com.google.android.deskclock,broadcast,com.google.android.deskclock/com.android.deskclock.AlarmInitReceiver]
02-20 20:24:10.313  1676  1796 I ActivityManager: Start proc 2126:com.google.android.deskclock/u0a67 for broadcast com.google.android.deskclock/com.android.deskclock.AlarmInitReceiver
