02-20 20:24:08.735  1919  1919 D DCT     : [0]initApnContexts: apnContext={mApnType=fota mState=IDLE mWaitingApns={null} mApnSetting={null} mReason=dataEnabled mDataEnabled=false mDependencyMet=true}
02-20 20:24:08.735  1919  1919 D DCT     : [0]initApnContexts: apnContext={mApnType=ims mState=IDLE mWaitingApns={null} mApnSetting={null} mReason=dataEnabled mDataEnabled=false mDependencyMet=true}
02-20 20:24:08.735  1919  1919 D DCT     : [0]initApnContexts: apnContext={mApnType=cbs mState=IDLE mWaitingApns={null} mApnSetting={null} mReason=dataEnabled mDataEnabled=false mDependencyMet=true}
02-20 20:24:08.735  1919  1919 D DCT     : [0]initApnContexts: skipping unknown type=13
02-20 20:24:08.735  1919  1919 D DCT     : [0]initApnContexts: apnContext={mApnType=ia mState=IDLE mWaitingApns={null} mApnSetting={null} mReason=dataEnabled mDataEnabled=false mDependencyMet=true}
02-20 20:24:08.735  1919  1919 D DCT     : [0]initApnContexts: apnContext={mApnType=emergency mState=IDLE mWaitingApns={null} mApnSetting={null} mReason=dataEnabled mDataEnabled=false mDependencyMet=true}
02-20 20:24:08.769  1372  1372 W ACodec  : do not know color format 0x7f000789 = 2130708361
02-20 20:24:08.769  1369  1827 E OMXNodeInstance: getConfig(5590018:google.vp8.encoder, ConfigAndroidIntraRefresh(0x6f60000a)) ERROR: Undefined(0x80001001)
02-20 20:24:08.773  1676  1989 I am_proc_bound: [0,2007,com.android.cellbroadcastreceiver]
02-20 20:24:08.775  1372  1372 I MediaPlayerService: MediaPlayerService::getOMX
02-20 20:24:08.776  1372  1372 I OMXClient: MuxOMX ctor
02-20 20:24:08.776  1919  1919 D GsmCdmaPhone: [GsmCdmaPhone] GsmCdmaPhone: constructor: sub = 0
02-20 20:24:08.776  1919  1919 I PhoneFactory: Creating Phone with type = 1 sub = 0
02-20 20:24:08.777  1372  1372 I MediaPlayerService: MediaPlayerService::getOMX
02-20 20:24:08.777  1372  1372 I OMXClient: MuxOMX ctor
02-20 20:24:08.777  1372  1372 W MediaCodecList: unable to open media codecs configuration xml file: /data/misc/media/media_codecs_profiling_results.xml
02-20 20:24:08.777  1372  1886 I MediaPlayerService: MediaPlayerService::getOMX
02-20 20:24:08.777  1676  1812 I OMXClient: MuxOMX ctor
02-20 20:24:08.778  1919  1919 I PhoneFactory: defaultSmsApplication: NONE
02-20 20:24:08.778  1369  1384 I OMXMaster: makeComponentInstance(OMX.google.vorbis.decoder) in mediacodec process
02-20 20:24:08.778  1919  1919 I PhoneFactory: Creating SubInfoRecordUpdater 
02-20 20:24:08.779  1919  1919 D SubscriptionInfoUpdater: Constructor invoked
02-20 20:24:08.789  1930  1968 D EGL_emulation: eglMakeCurrent: 0x744e044a5ec0: ver 3 0 (tinfo 0x744e0e9ec2c0)
02-20 20:24:08.802  1676  1796 D TelephonyRegistry: listen oscl: hasNotifySubscriptionInfoChangedOccurred==false no callback
02-20 20:24:08.802  1919  1919 D SubscriptionController: [getPhoneId]- no sims, returning default phoneId=2147483647
02-20 20:24:08.802  1676  1989 D TelephonyRegistry: listen oscl: hasNotifySubscriptionInfoChangedOccurred==false no callback
02-20 20:24:08.803  1919  1919 D PhoneSwitcherNetworkRequstListener: Registering NetworkFactory
02-20 20:24:08.817  1372  1886 I MediaPlayerService: MediaPlayerService::getOMX
02-20 20:24:08.818  1764  1885 I OMXClient: MuxOMX ctor
02-20 20:24:08.819  1676  1738 D ConnectivityService: Got NetworkFactory Messenger for PhoneSwitcherNetworkRequstListener
02-20 20:24:08.828  1919  1919 D PhoneSwitcher: PhoneSwitcher started
02-20 20:24:08.828  1919  1919 D ProxyController: Constructor - Enter
02-20 20:24:08.830  1369  1827 I OMXMaster: makeComponentInstance(OMX.google.vorbis.decoder) in mediacodec process
02-20 20:24:08.831  1919  1919 D ProxyController: clearTransaction
02-20 20:24:08.831  1919  1919 D ProxyController: clearTransaction: phoneId=0 status=IDLE
02-20 20:24:08.832  1919  1919 D ProxyController: Constructor - Exit
02-20 20:24:08.832  1919  1919 D TelephonyNetworkFactory[0]: Registering NetworkFactory
02-20 20:24:08.832  1676  1738 D ConnectivityService: Got NetworkFactory Messenger for TelephonyNetworkFactory[0]
02-20 20:24:08.834  1919  1919 D CallManager: registerPhone(GSM Handler (com.android.internal.telephony.GsmCdmaPhone) {d904012})
02-20 20:24:08.836  1676  1688 D TelephonyRegistry: listen oscl: hasNotifySubscriptionInfoChangedOccurred==false no callback
02-20 20:24:08.856  1676  1687 I dvm_lock_sample: [system_server,1,Binder:1676_1,27,WindowManagerService.java,2719,WindowAnimator.java,144,5]
02-20 20:24:08.868  2007  2007 W System  : ClassLoader referenced unknown path: /system/priv-app/CellBroadcastReceiver/lib/x86_64
02-20 20:24:08.878  1676  1692 I boot_progress_enable_screen: 10878
02-20 20:24:08.878  1372  1372 I MediaPlayerService: MediaPlayerService::getOMX
02-20 20:24:08.879  1764  2032 I OMXClient: MuxOMX ctor
02-20 20:24:08.879  1369  1384 I OMXMaster: makeComponentInstance(OMX.google.vorbis.decoder) in mediacodec process
02-20 20:24:08.879  1676  1699 I am_activity_launch_time: [0,154193071,com.android.settings/.FallbackHome,674,674]
02-20 20:24:08.879  1676  1699 I ActivityManager: Displayed com.android.settings/.FallbackHome: +674ms
02-20 20:24:08.882  1676  1692 V KeyguardServiceDelegate: *** Keyguard started
02-20 20:24:08.882  1676  1692 I screen_toggled: 1
02-20 20:24:08.885  1676  1692 W KeyguardServiceDelegate: onScreenTurningOn(): no keyguard service!
02-20 20:24:08.898  1919  1919 D CarrierConfigLoader: CarrierConfigLoader has started
02-20 20:24:08.898  1919  1919 E BluetoothAdapter: Bluetooth binder is null
02-20 20:24:08.899  1676  1688 D TelephonyRegistry: listen oscl: hasNotifySubscriptionInfoChangedOccurred==false no callback
02-20 20:24:08.902  1676  1810 I StatusBarManagerService: registerStatusBar bar=com.android.internal.statusbar.IStatusBar$Stub$Proxy@cf483c0
02-20 20:24:08.904  1676  1733 D WifiConfigManager: Loading config and enabling all networks 
02-20 20:24:08.914  1312  1323 I SurfaceFlinger: Boot is finished (9095 ms)
02-20 20:24:08.921  1312  1323 I sf_stop_bootanim: 10915
02-20 20:24:08.923  1372  1886 I MediaPlayerService: MediaPlayerService::getOMX
02-20 20:24:08.923  1676  2037 I OMXClient: MuxOMX ctor
02-20 20:24:08.923  1369  1827 I OMXMaster: makeComponentInstance(OMX.google.vorbis.decoder) in mediacodec process
02-20 20:24:08.935  1676  1733 W WifiNetworkHistory: Upgrading network 0 to android.uid.system:1000
02-20 20:24:08.935  1676  1733 D WifiConfigManager: loaded 0 passpoint configs
02-20 20:24:08.935  1676  1733 E IpConfigStore: Error parsing configuration: java.io.FileNotFoundException: /data/misc/wifi/ipconfig.txt (No such file or directory)
02-20 20:24:08.936  1676  1733 D WifiNative-HAL: Setting external_sim to 1
02-20 20:24:08.936  1676  1733 D WifiStateMachine: Setting OUI to DA-A1-19
02-20 20:24:08.941  1676  1733 I WifiConnectivityManager: PNO settings: min5GHzRssi -82 min24GHzRssi -85 currentConnectionBonus 16 sameNetworkBonus 24 secureNetworkBonus 80 initialScoreMax 100
02-20 20:24:08.941  1676  1733 I WifiConnectivityManager: ConnectivityScanManager initialized and disabled
02-20 20:24:08.941  1676  1733 I WifiConnectivityManager: setUntrustedConnectionAllowed: allowed=false
02-20 20:24:08.941  1676  1733 E WifiLogger: no ring buffers found
02-20 20:24:08.941  1676  1733 E WifiLogger: Failed to start packet fate monitoring
02-20 20:24:08.943  1676  1733 I WifiConnectivityManager: Set WiFi enabled
02-20 20:24:08.943  1676  1676 D RttService: SCAN_AVAILABLE : 3
02-20 20:24:08.944  1676  1736 I WifiScanningService: wifi driver loaded with scan capabilities: max buckets=16
02-20 20:24:08.944  1676  1737 D RttService: DefaultState got{ when=-1ms what=160512 target=com.android.internal.util.StateMachine$SmHandler }
02-20 20:24:08.944  1676  1733 I WifiConnectivityManager: scheduleWatchdogTimer
02-20 20:24:08.944  1676  1733 D WifiNative-HAL: Failing getSupportedFeatureset because HAL isn't started
02-20 20:24:08.944  1676  1695 E BatteryStatsService: no controller energy info supplied
02-20 20:24:08.945  1676  1695 E KernelCpuSpeedReader: Failed to read cpu-freq: /sys/devices/system/cpu/cpu0/cpufreq/stats/time_in_state (No such file or directory)
02-20 20:24:08.945  1676  1695 E KernelUidCpuTimeReader: Failed to read uid_cputime: /proc/uid_cputime/show_uid_stat (No such file or directory)
02-20 20:24:08.947  1676  1733 D WifiNative-HAL: Failing getSupportedFeatureset because HAL isn't started
02-20 20:24:08.947  1676  1695 E BatteryStatsService: no controller energy info supplied
02-20 20:24:08.947  1676  1695 E KernelCpuSpeedReader: Failed to read cpu-freq: /sys/devices/system/cpu/cpu0/cpufreq/stats/time_in_state (No such file or directory)
02-20 20:24:08.947  1676  1695 E KernelUidCpuTimeReader: Failed to read uid_cputime: /proc/uid_cputime/show_uid_stat (No such file or directory)
02-20 20:24:08.975  1919  1919 D RILJ    : [3655]> RIL_REQUEST_SET_TTY_MODE : 0 [SUB0]
02-20 20:24:08.975  1374  1486 D RIL     : onRequest: SET_TTY_MODE
02-20 20:24:08.975  1919  1992 D RilRequest: [3655]< RIL_REQUEST_SET_TTY_MODE error: com.android.internal.telephony.CommandException: RADIO_NOT_AVAILABLE ret=
02-20 20:24:08.976  1919  1919 I Telephony: TtyManager: updateUiTtyMode -1 -> 0
02-20 20:24:08.987  1676  2031 D TelephonyRegistry: listen oscl: hasNotifySubscriptionInfoChangedOccurred==false no callback
02-20 20:24:08.987  1919  1919 D SubscriptionController: [getPhoneId] asked for default subId=-1
02-20 20:24:08.989  1919  1919 D UiccController: Received EVENT_ICC_STATUS_CHANGED, calling getIccCardStatus
02-20 20:24:08.989  1919  1919 D RILJ    : [3656]> GET_SIM_STATUS [SUB0]
02-20 20:24:08.989  1374  1486 D RIL     : onRequest: GET_SIM_STATUS
02-20 20:24:08.989  1374  1486 D RIL     : getSIMStatus(). sState: 0
02-20 20:24:08.989  1919  1919 D Phone   : config LCE service failed: com.android.internal.telephony.CommandException: RADIO_NOT_AVAILABLE
02-20 20:24:08.989  1919  1919 D GsmSMSDispatcher: GsmSMSDispatcher: subId = -2 slotId = 0
02-20 20:24:08.989  1919  1919 E IccCardProxy: setExternalState: !override and newstate unchanged from NOT_READY
02-20 20:24:08.989  1919  1919 D RILJ    : [3657]> BASEBAND_VERSION [SUB0]
02-20 20:24:08.990  1919  1992 D RILJ    : [3656]< GET_SIM_STATUS IccCardState {CARDSTATE_PRESENT,PINSTATE_UNKNOWN,num_apps=2,gsm_id=0{APPTYPE_SIM,APPSTATE_DETECTED},cdma_id=1{APPTYPE_RUIM,APPSTATE_DETECTED},ims_id=8} [SUB0]
02-20 20:24:08.990  1919  1919 D RILJ    : [3658]> GET_IMEI [SUB0]
02-20 20:24:08.990  1374  1486 D RIL     : onRequest: BASEBAND_VERSION
02-20 20:24:08.990  1919  1919 D RILJ    : [3659]> GET_IMEISV [SUB0]
02-20 20:24:08.990  1919  1992 D RilRequest: [3657]< BASEBAND_VERSION error: com.android.internal.telephony.CommandException: RADIO_NOT_AVAILABLE ret=
02-20 20:24:08.990  1374  1486 D RIL     : onRequest: GET_IMEI
02-20 20:24:08.990  1374  1486 D AT      : AT> AT+CGSN
02-20 20:24:08.990  1374  1489 D AT      : AT< 000000000000000
02-20 20:24:08.990  1374  1489 D AT      : AT< OK
02-20 20:24:08.990  1919  1919 D RILJ    : [3660]> RIL_REQUEST_GET_RADIO_CAPABILITY [SUB0]
02-20 20:24:08.990  1919  1992 D RILJ    : [3658]< GET_IMEI  [SUB0]
02-20 20:24:08.991  1374  1486 D RIL     : onRequest: GET_IMEISV
02-20 20:24:08.992  1919  1919 D RILJ    : [3661]> RIL_REQUEST_START_LCE [SUB0]
02-20 20:24:08.992  1374  1486 D RIL     : onRequest: RIL_REQUEST_GET_RADIO_CAPABILITY
02-20 20:24:08.992  1919  1919 D GsmCdmaPhone: [GsmCdmaPhone] Event EVENT_RADIO_OFF_OR_NOT_AVAILABLE Received
02-20 20:24:08.992  1919  1919 E IccCardProxy: setExternalState: !override and newstate unchanged from NOT_READY
02-20 20:24:08.992  1919  1919 D SST     : mDeviceShuttingDown=false, mDesiredPowerState=true, getRadioState=RADIO_OFF, mPowerOffDelayNeed=true, mAlarmSwitch=false, mRadioDisabledByCarrier=false
02-20 20:24:08.992  1919  1919 D RILJ    : [3662]> RADIO_POWER on [SUB0]
02-20 20:24:08.992  1374  1486 D RIL     : onRequest: <unknown request>
02-20 20:24:08.992  1919  1919 D RILJ    : [3663]> OPERATOR [SUB0]
02-20 20:24:08.995  1374  1486 D RIL     : onRequest: RADIO_POWER
02-20 20:24:08.995  1374  1486 D AT      : AT> AT+CFUN=1
02-20 20:24:08.995  1374  1489 D AT      : AT< OK
02-20 20:24:08.995  1374  1486 D RIL     : setRadioState(10)
02-20 20:24:08.996  1919  1992 D RilRequest: [3659]< GET_IMEISV error: com.android.internal.telephony.CommandException: RADIO_NOT_AVAILABLE ret=
02-20 20:24:08.996  1919  1992 D RilRequest: [3660]< RIL_REQUEST_GET_RADIO_CAPABILITY error: com.android.internal.telephony.CommandException: RADIO_NOT_AVAILABLE ret=
02-20 20:24:08.996  1919  1992 D RilRequest: [3661]< RIL_REQUEST_START_LCE error: com.android.internal.telephony.CommandException: RADIO_NOT_AVAILABLE ret=
02-20 20:24:08.996  1919  1992 D RILJ    : [UNSL]< UNSOL_RESPONSE_RADIO_STATE_CHANGED RADIO_ON [SUB0]
02-20 20:24:08.996  1919  1992 D RILJ    : [UNSL]< UNSOL_RESPONSE_SIM_STATUS_CHANGED [SUB0]
02-20 20:24:08.996  1919  1992 D RILJ    : [3662]< RADIO_POWER  [SUB0]
02-20 20:24:08.997  1374  1486 D RIL     : onRequest: OPERATOR
02-20 20:24:08.997  1374  1486 D AT      : AT> AT+COPS=3,0;+COPS?;+COPS=3,1;+COPS?;+COPS=3,2;+COPS?
02-20 20:24:08.997  1374  1489 D AT      : AT< +COPS: 0,0,"Android"
02-20 20:24:08.997  1374  1489 D AT      : AT< +COPS: 0,1,"Android"
02-20 20:24:08.997  1374  1489 D AT      : AT< +COPS: 0,2,"310260"
02-20 20:24:08.997  1374  1489 D AT      : AT< OK
02-20 20:24:08.997  1919  1992 D RILJ    : [3663]< OPERATOR {Android, Android, 310260} [SUB0]
02-20 20:24:08.997  1919  1919 D RILJ    : [3664]> DATA_REGISTRATION_STATE [SUB0]
02-20 20:24:09.000  1919  1919 D RILJ    : [3665]> VOICE_REGISTRATION_STATE [SUB0]
02-20 20:24:09.000  1374  1486 D RIL     : onRequest: DATA_REGISTRATION_STATE
02-20 20:24:09.000  1374  1486 D RIL     : requestRegistrationState
02-20 20:24:09.000  1374  1486 D AT      : AT> AT+CGREG?
02-20 20:24:09.000  1374  1489 D AT      : AT< +CGREG: 1,1,"0003","005b","000e"
02-20 20:24:09.000  1374  1489 D AT      : AT< OK
02-20 20:24:09.000  1374  1486 D RIL     : parseRegistrationState. Parsing: +CGREG: 1,1,"0003","005b","000e"
02-20 20:24:09.000  1374  1486 D RIL     : registration state type: 3GPP
02-20 20:24:09.000  1919  1992 D RILJ    : [3664]< DATA_REGISTRATION_STATE {1, 3, 5b, 14, null, null} [SUB0]
02-20 20:24:09.001  1919  1919 D RILJ    : [3666]> QUERY_NETWORK_SELECTION_MODE [SUB0]
02-20 20:24:09.001  1374  1486 D RIL     : onRequest: VOICE_REGISTRATION_STATE
02-20 20:24:09.001  1374  1486 D RIL     : requestRegistrationState
02-20 20:24:09.001  1374  1486 D AT      : AT> AT+CREG?
02-20 20:24:09.001  1374  1489 D AT      : AT< +CREG: 2,1, "0003", "005b"
02-20 20:24:09.001  1374  1489 D AT      : AT< OK
02-20 20:24:09.002  1919  1919 D SST     : NITZ: 18/02/20:20:24:03+0:0:Unknown!Unknown,4195 start=11002 delay=6807
02-20 20:24:09.002  1374  1486 D RIL     : parseRegistrationState. Parsing: +CREG: 2,1, "0003", "005b"
02-20 20:24:09.002  1374  1486 D RIL     : registration state type: 3GPP
02-20 20:24:09.002  1374  1486 D RIL     : onRequest: QUERY_NETWORK_SELECTION_MODE
02-20 20:24:09.002  1374  1486 D AT      : AT> AT+COPS?
02-20 20:24:09.002  1374  1489 D AT      : AT< +COPS: 0,2,310260
02-20 20:24:09.002  1374  1489 D AT      : AT< OK
02-20 20:24:09.002  1919  1992 D RILJ    : [3665]< VOICE_REGISTRATION_STATE {1, 3, 5b, 0, null, null, null, null, null, null, null, null, null, null, null} [SUB0]
02-20 20:24:09.002  1919  1919 D SST     : NITZ: tzOffset=0 dst=0 zone=GMT iso= mGotCountryCode=false mNeedFixZoneAfterNitz=false
02-20 20:24:09.002  1919  1992 D RILJ    : [3666]< QUERY_NETWORK_SELECTION_MODE {0} [SUB0]
02-20 20:24:09.002  1919  1919 D SST     : setAndBroadcastNetworkSetTimeZone: setTimeZone=GMT
02-20 20:24:09.002  1676  1796 D AlarmManagerService: Kernel timezone updated to 0 minutes west of GMT
02-20 20:24:09.004  1919  1919 D SST     : setAndBroadcastNetworkSetTimeZone: call alarm.setTimeZone and broadcast zoneId=GMT
02-20 20:24:09.005  1919  1919 D SST     : NITZ: Setting time of day to Tue Feb 20 20:24:09 GMT+00:00 2018 NITZ receive delay(ms): 6810 gained(ms): 805 from 18/02/20:20:24:03+0:0:Unknown!Unknown
02-20 20:24:09.005  1919  1919 D SST     : setAndBroadcastNetworkSetTime: time=1519158249810ms
02-20 20:24:09.005  1676  1796 D AlarmManagerService: Setting time of day to sec=1519158249
02-20 20:24:09.810  1676  1796 W AlarmManagerService: Unable to set rtc to 1519158249: No such device
02-20 20:24:09.810  1676  1676 D ConditionProviders.SCP: onReceive android.intent.action.TIME_SET
02-20 20:24:09.810  1676  1676 D ConditionProviders.SCP: notifyCondition condition://android/schedule?days=6.7&start=23.30&end=10.0&exitAtAlarm=false STATE_FALSE reason=!meetsSchedule
02-20 20:24:09.811  1676  1676 D ConditionProviders.SCP: notifyCondition condition://android/schedule?days=1.2.3.4.5&start=22.0&end=7.0&exitAtAlarm=false STATE_FALSE reason=!meetsSchedule
02-20 20:24:09.811  1676  1676 D ConditionProviders.SCP: Scheduling evaluate for Tue Feb 20 22:00:00 GMT+00:00 2018 (1519164000000), in +1h35m50s190ms, now=Tue Feb 20 20:24:09 GMT+00:00 2018 (1519158249810)
02-20 20:24:09.815  1372  1372 I MediaPlayerService: MediaPlayerService::getOMX
02-20 20:24:09.815  1764  2041 I OMXClient: MuxOMX ctor
02-20 20:24:09.815  1369  2030 I OMXMaster: makeComponentInstance(OMX.google.vorbis.decoder) in mediacodec process
02-20 20:24:09.816  1312  1312 I sf_frame_dur: [BootAnimation,0,12,170,6,2,0,0]
02-20 20:24:08.983     0     0 I init    : Service 'bootanim' (pid 1347) exited with status 0
02-20 20:24:08.984     0     0 I init    : Starting service 'exec 6 (/system/bin/bootstat)'...
02-20 20:24:09.019     0     0 I init    : Service 'exec 6 (/system/bin/bootstat)' (pid 2042) exited with status 0
02-20 20:24:09.020     0     0 I init    : Starting service 'exec 7 (/system/bin/bootstat)'...
02-20 20:24:09.058     0     0 I init    : Service 'exec 7 (/system/bin/bootstat)' (pid 2044) exited with status 0
02-20 20:24:09.059     0     0 I init    : Starting service 'exec 8 (/system/bin/bootstat)'...
02-20 20:24:09.076     0     0 I init    : Service 'exec 8 (/system/bin/bootstat)' (pid 2051) exited with status 0
02-20 20:24:09.078     0     0 I init    : Starting service 'exec 9 (/system/bin/bootstat)'...
02-20 20:24:09.121     0     0 I init    : Service 'exec 9 (/system/bin/bootstat)' (pid 2054) exited with status 0
02-20 20:24:09.819  2042  2042 I bootstat: Service started: /system/bin/bootstat --record_boot_complete 
02-20 20:24:09.820  1372  1410 I MediaPlayerService: MediaPlayerService::getOMX
02-20 20:24:09.820  1676  2043 I OMXClient: MuxOMX ctor
02-20 20:24:09.821  2042  2042 I bootstat: Logging histogram: bootstat_mtime_matches_content 1
02-20 20:24:09.821  2042  2042 I sysui_histogram: [bootstat_mtime_matches_content,1]
02-20 20:24:09.823  2042  2042 I bootstat: Logging histogram: bootstat_mtime_matches_content 1
02-20 20:24:09.823  2042  2042 I sysui_histogram: [bootstat_mtime_matches_content,1]
02-20 20:24:09.823  2042  2042 I bootstat: Logging histogram: bootstat_mtime_matches_content 1
02-20 20:24:09.823  2042  2042 I sysui_histogram: [bootstat_mtime_matches_content,1]
02-20 20:24:09.824  1919  1919 I SST     : NITZ: after Setting time of day
02-20 20:24:09.829  1369  1827 I OMXMaster: makeComponentInstance(OMX.google.vorbis.decoder) in mediacodec process
02-20 20:24:09.830  1676  1744 E ActivityThread: Failed to find provider info for com.android.calendar
02-20 20:24:09.830  1676  1744 E ActivityThread: Failed to find provider info for com.android.calendar
02-20 20:24:09.831  1919  1919 D SST     : NITZ: end=11026 dur=24
02-20 20:24:09.831  1919  1919 D SST     : mDeviceShuttingDown=false, mDesiredPowerState=true, getRadioState=RADIO_ON, mPowerOffDelayNeed=true, mAlarmSwitch=false, mRadioDisabledByCarrier=false
02-20 20:24:09.831  1919  1919 D RILJ    : [3667]> OPERATOR [SUB0]
02-20 20:24:09.831  1374  1486 D RIL     : onRequest: OPERATOR
02-20 20:24:09.831  1374  1486 D AT      : AT> AT+COPS=3,0;+COPS?;+COPS=3,1;+COPS?;+COPS=3,2;+COPS?
02-20 20:24:09.832  1919  1919 D RILJ    : [3668]> DATA_REGISTRATION_STATE [SUB0]
02-20 20:24:09.832  1919  1919 D RILJ    : [3669]> VOICE_REGISTRATION_STATE [SUB0]
02-20 20:24:09.832  1374  1489 D AT      : AT< +COPS: 0,0,"Android"
02-20 20:24:09.832  1374  1489 D AT      : AT< +COPS: 0,1,"Android"
02-20 20:24:09.832  1374  1489 D AT      : AT< +COPS: 0,2,"310260"
02-20 20:24:09.832  1374  1489 D AT      : AT< OK
02-20 20:24:09.832  1374  1486 D RIL     : onRequest: DATA_REGISTRATION_STATE
02-20 20:24:09.832  1374  1486 D RIL     : requestRegistrationState
02-20 20:24:09.832  1374  1486 D AT      : AT> AT+CGREG?
02-20 20:24:09.832  1919  1992 D RILJ    : [3667]< OPERATOR {Android, Android, 310260} [SUB0]
02-20 20:24:09.832  1374  1489 D AT      : AT< +CGREG: 1,1,"0003","005b","000e"
02-20 20:24:09.832  1374  1489 D AT      : AT< OK
02-20 20:24:09.832  1919  1919 D RILJ    : [3670]> QUERY_NETWORK_SELECTION_MODE [SUB0]
02-20 20:24:09.832  1374  1486 D RIL     : parseRegistrationState. Parsing: +CGREG: 1,1,"0003","005b","000e"
02-20 20:24:09.832  1374  1486 D RIL     : registration state type: 3GPP
02-20 20:24:09.832  1374  1486 D RIL     : onRequest: VOICE_REGISTRATION_STATE
02-20 20:24:09.832  1374  1486 D RIL     : requestRegistrationState
02-20 20:24:09.832  1374  1486 D AT      : AT> AT+CREG?
02-20 20:24:09.833  1919  1919 D SST     : onSignalStrengthResult() Exception from RIL : com.android.internal.telephony.CommandException: RADIO_NOT_AVAILABLE
02-20 20:24:09.833  1374  1489 D AT      : AT< +CREG: 2,1, "0003", "005b"
02-20 20:24:09.833  1374  1489 D AT      : AT< OK
02-20 20:24:09.833  1919  1992 D RILJ    : [3668]< DATA_REGISTRATION_STATE {1, 3, 5b, 14, null, null} [SUB0]
02-20 20:24:09.833  1374  1486 D RIL     : parseRegistrationState. Parsing: +CREG: 2,1, "0003", "005b"
02-20 20:24:09.833  1374  1486 D RIL     : registration state type: 3GPP
02-20 20:24:09.833  1374  1486 D RIL     : onRequest: QUERY_NETWORK_SELECTION_MODE
02-20 20:24:09.833  1374  1486 D AT      : AT> AT+COPS?
02-20 20:24:09.833  1374  1489 D AT      : AT< +COPS: 0,2,310260
02-20 20:24:09.833  1374  1489 D AT      : AT< OK
02-20 20:24:09.833  1919  1992 D RILJ    : [3669]< VOICE_REGISTRATION_STATE {1, 3, 5b, 0, null, null, null, null, null, null, null, null, null, null, null} [SUB0]
02-20 20:24:09.833  1919  1992 D RILJ    : [3670]< QUERY_NETWORK_SELECTION_MODE {0} [SUB0]
02-20 20:24:09.833  1919  1919 D DCT     : [0]Wifi state changed
02-20 20:24:09.833  1919  1919 D DCT     : [0]WIFI_STATE_CHANGED_ACTION: enabled=false mIsWifiConnected=false
02-20 20:24:09.833  1919  1919 D DCT     : [0]onRadioAvailable
02-20 20:24:09.833  1919  1919 D DCT     : [0]onRadioOffOrNotAvailable: is off and clean up all connections
02-20 20:24:09.833  1919  1919 D DCT     : [0]cleanUpAllConnections: tearDown=false reason=radioTurnedOff
02-20 20:24:09.833  1919  1919 D GsmCdmaPhone: [GsmCdmaPhone] getDataConnectionState apnType=default ret=DISCONNECTED
02-20 20:24:09.834  1919  1919 D DCT     : [0]cleanUpConnection: X tearDown=false reason=radioTurnedOff apnContext={mApnType=default mState=IDLE mWaitingApns={null} mApnSetting={null} mReason=radioTurnedOff mDataEnabled=false mDependencyMet=true} dcac=null
02-20 20:24:09.834  1919  1919 D GsmCdmaPhone: [GsmCdmaPhone] getDataConnectionState apnType=mms ret=DISCONNECTED
02-20 20:24:09.837  1919  1919 D DCT     : [0]cleanUpConnection: X tearDown=false reason=radioTurnedOff apnContext={mApnType=mms mState=IDLE mWaitingApns={null} mApnSetting={null} mReason=radioTurnedOff mDataEnabled=false mDependencyMet=true} dcac=null
02-20 20:24:09.837  1919  1919 D GsmCdmaPhone: [GsmCdmaPhone] getDataConnectionState apnType=cbs ret=DISCONNECTED
02-20 20:24:09.846  1919  1919 D DCT     : [0]cleanUpConnection: X tearDown=false reason=radioTurnedOff apnContext={mApnType=cbs mState=IDLE mWaitingApns={null} mApnSetting={null} mReason=radioTurnedOff mDataEnabled=false mDependencyMet=true} dcac=null
02-20 20:24:09.848  1919  1919 D GsmCdmaPhone: [GsmCdmaPhone] getDataConnectionState apnType=fota ret=DISCONNECTED
02-20 20:24:09.850  1919  1919 D DCT     : [0]cleanUpConnection: X tearDown=false reason=radioTurnedOff apnContext={mApnType=fota mState=IDLE mWaitingApns={null} mApnSetting={null} mReason=radioTurnedOff mDataEnabled=false mDependencyMet=true} dcac=null
02-20 20:24:09.850  1919  1919 D GsmCdmaPhone: [GsmCdmaPhone] getDataConnectionState apnType=supl ret=DISCONNECTED
02-20 20:24:09.855  1919  1919 D DCT     : [0]cleanUpConnection: X tearDown=false reason=radioTurnedOff apnContext={mApnType=supl mState=IDLE mWaitingApns={null} mApnSetting={null} mReason=radioTurnedOff mDataEnabled=false mDependencyMet=true} dcac=null
02-20 20:24:09.855  1919  1919 D GsmCdmaPhone: [GsmCdmaPhone] getDataConnectionState apnType=ia ret=DISCONNECTED
02-20 20:24:09.856  1676  1743 D NotificationSQLiteLog: Pruned event entries: 0
02-20 20:24:09.858  1919  1919 D DCT     : [0]cleanUpConnection: X tearDown=false reason=radioTurnedOff apnContext={mApnType=ia mState=IDLE mWaitingApns={null} mApnSetting={null} mReason=radioTurnedOff mDataEnabled=false mDependencyMet=true} dcac=null
02-20 20:24:09.858  1919  1919 D GsmCdmaPhone: [GsmCdmaPhone] getDataConnectionState apnType=emergency ret=DISCONNECTED
02-20 20:24:09.859  1919  1919 D DCT     : [0]cleanUpConnection: X tearDown=false reason=radioTurnedOff apnContext={mApnType=emergency mState=IDLE mWaitingApns={null} mApnSetting={null} mReason=radioTurnedOff mDataEnabled=false mDependencyMet=true} dcac=null
02-20 20:24:09.859  1919  1919 D GsmCdmaPhone: [GsmCdmaPhone] getDataConnectionState apnType=hipri ret=DISCONNECTED
02-20 20:24:09.859  1919  1919 D DCT     : [0]cleanUpConnection: X tearDown=false reason=radioTurnedOff apnContext={mApnType=hipri mState=IDLE mWaitingApns={null} mApnSetting={null} mReason=radioTurnedOff mDataEnabled=false mDependencyMet=true} dcac=null
02-20 20:24:09.859  1919  1919 D GsmCdmaPhone: [GsmCdmaPhone] getDataConnectionState apnType=ims ret=DISCONNECTED
02-20 20:24:09.859  2044  2044 I bootstat: Service started: /system/bin/bootstat --record_boot_reason 
02-20 20:24:09.859  2044  2044 I bootstat: Unknown boot reason: 
02-20 20:24:09.860  1919  1919 D DCT     : [0]cleanUpConnection: X tearDown=false reason=radioTurnedOff apnContext={mApnType=ims mState=IDLE mWaitingApns={null} mApnSetting={null} mReason=radioTurnedOff mDataEnabled=false mDependencyMet=true} dcac=null
02-20 20:24:09.860  1919  1919 D DCT     : [0]stopNetStatPoll
02-20 20:24:09.860  1919  1919 D DCT     : [0]cleanUpConnection: mDisconnectPendingCount = 0
02-20 20:24:09.860  1919  1919 D DCT     : [0]isDataAllowed: No - SIM not loaded - Not attached
02-20 20:24:09.865  1372  1372 I MediaPlayerService: MediaPlayerService::getOMX
02-20 20:24:09.865  1676  2050 I OMXClient: MuxOMX ctor
02-20 20:24:09.865  1369  2030 I OMXMaster: makeComponentInstance(OMX.google.vorbis.decoder) in mediacodec process
02-20 20:24:09.877  1919  1919 D DCT     : [0]onDataConnectionDetached: stop polling and notify detached
02-20 20:24:09.877  1919  1919 D DCT     : [0]stopNetStatPoll
02-20 20:24:09.879  2051  2051 I bootstat: Service started: /system/bin/bootstat --record_time_since_factory_reset 
02-20 20:24:09.879  2051  2051 I bootstat: Logging histogram: factory_reset_current_time 1519158249
02-20 20:24:09.879  2051  2051 I sysui_histogram: [factory_reset_current_time,1519158249]
02-20 20:24:09.879  1919  1919 D DCT     : [0]notifyDataConnection: reason=dataDetached
02-20 20:24:09.879  1919  1919 D DCT     : [0]isDataAllowed: No - SIM not loaded - Not attached
02-20 20:24:09.880  2051  2051 I bootstat: Logging histogram: bootstat_mtime_matches_content 1
02-20 20:24:09.880  2051  2051 I sysui_histogram: [bootstat_mtime_matches_content,1]
02-20 20:24:09.880  2051  2051 I bootstat: Logging histogram: factory_reset_record_value 1519154248
02-20 20:24:09.880  2051  2051 I sysui_histogram: [factory_reset_record_value,1519154248]
02-20 20:24:09.894  1919  1919 D DCT     : [0]onRoamingOff
02-20 20:24:09.894  1919  1919 D DCT     : [0]isDataAllowed: No - SIM not loaded - Not attached
02-20 20:24:09.899  1919  1919 D DCT     : [0]setupDataOnConnectableApns: roamingOff hipri:[state=IDLE,enabled=false] mms:[state=IDLE,enabled=false] supl:[state=IDLE,enabled=false] ia:[state=IDLE,enabled=false] fota:[state=IDLE,enabled=false] ims:[state=IDLE,enabled=false] cbs:[state=IDLE,enabled=false] default:[state=IDLE,enabled=false] emergency:[state=IDLE,enabled=false] 
02-20 20:24:09.899  1919  1919 D DCT     : [0]setupDataOnConnectableApns: nwTypeChanged hipri:[state=IDLE,enabled=false] mms:[state=IDLE,enabled=false] supl:[state=IDLE,enabled=false] ia:[state=IDLE,enabled=false] fota:[state=IDLE,enabled=false] ims:[state=IDLE,enabled=false] cbs:[state=IDLE,enabled=false] default:[state=IDLE,enabled=false] emergency:[state=IDLE,enabled=false] 
02-20 20:24:09.899  1919  1919 D SubscriptionInfoUpdater: [Receiver]+
02-20 20:24:09.899  1919  1919 D SubscriptionInfoUpdater: Action: android.intent.action.SIM_STATE_CHANGED
02-20 20:24:09.899  1919  1919 D SubscriptionInfoUpdater: slotId: 0
02-20 20:24:09.899  1919  1919 D SubscriptionInfoUpdater: simStatus: NOT_READY
02-20 20:24:09.899  1919  1919 D SubscriptionInfoUpdater: Ignoring simStatus: NOT_READY
02-20 20:24:09.899  1919  1919 D SubscriptionInfoUpdater: [Receiver]-
02-20 20:24:09.900  1919  1919 D TelephonyNetworkFactory[0]: onSubIdChange -1->-2
02-20 20:24:09.900  1919  1919 D PhoneSwitcherNetworkRequstListener: got request NetworkRequest [ REQUEST id=1, [ Capabilities: INTERNET&NOT_RESTRICTED&TRUSTED&NOT_VPN] ] with score 0
02-20 20:24:09.900  1919  1919 D TelephonyNetworkFactory[0]: got request NetworkRequest [ REQUEST id=1, [ Capabilities: INTERNET&NOT_RESTRICTED&TRUSTED&NOT_VPN] ] with score 0
02-20 20:24:09.901  1919  1919 D DebugService: DebugService DebugService:
02-20 20:24:09.901  1919  1919 D TelephonyDebugService: TelephonyDebugService()
02-20 20:24:09.901  1919  1919 D CarrierConfigLoader: mHandler: 12 phoneId: 0
02-20 20:24:09.901  1919  1919 D DCT     : [0]Wifi state changed
02-20 20:24:09.901  1919  1919 D DCT     : [0]WIFI_STATE_CHANGED_ACTION: enabled=true mIsWifiConnected=false
02-20 20:24:09.901  1919  1919 D DCT     : [0]NETWORK_STATE_CHANGED_ACTION: mIsWifiConnected=false
02-20 20:24:09.901  1919  1919 D RILJ    : [3671]> RIL_REQUEST_QUERY_TTY_MODE [SUB0]
02-20 20:24:09.902  1374  1486 D RIL     : onRequest: QUERY_TTY_MODE
02-20 20:24:09.902  1374  1486 D RIL     : Request not supported. Tech: 1
02-20 20:24:09.902  1919  1992 D RilRequest: [3671]< RIL_REQUEST_QUERY_TTY_MODE error: com.android.internal.telephony.CommandException: REQUEST_NOT_SUPPORTED ret=
02-20 20:24:09.905  1919  1919 D UiccController: Received EVENT_GET_ICC_STATUS_DONE
02-20 20:24:09.905  1919  1919 D UiccCard: 2 applications
02-20 20:24:09.905  1919  1919 D UiccCardApplication: Creating UiccApp: {APPTYPE_SIM,APPSTATE_DETECTED}
02-20 20:24:09.907  1919  1919 W VoiceMailConstants: Can't open /system/etc/voicemail-conf.xml
02-20 20:24:09.908  1919  1919 D SpnOverride: No SPN in OEM image = /oem/telephony/spn-conf.xml Load SPN from system image
02-20 20:24:09.908  1919  1919 W SpnOverride: Can not open /system/etc/spn-conf.xml
02-20 20:24:09.908  1919  1919 D SIMRecords: [SIMRecords] setting0 mMncLength-1
02-20 20:24:09.908  1919  1919 D SIMRecords: [SIMRecords] SIMRecords: onRadioOffOrNotAvailable set 'gsm.sim.operator.numeric' to operator=null
02-20 20:24:09.908  1919  1919 D SIMRecords: [SIMRecords] update icc_operator_numeric=null
02-20 20:24:09.908  1919  1919 D TelephonyManager: setTelephonyProperty: success phoneId=0 property=gsm.sim.operator.numeric value:  propVal=
02-20 20:24:09.909  1919  1919 D TelephonyManager: setTelephonyProperty: success phoneId=0 property=gsm.sim.operator.alpha value:  propVal=
02-20 20:24:09.909  1919  1919 D TelephonyManager: setTelephonyProperty: success phoneId=0 property=gsm.sim.operator.iso-country value:  propVal=
02-20 20:24:09.909  1919  1919 D SIMRecords: [SIMRecords] getOperatorNumeric: IMSI == null
02-20 20:24:09.909  1919  1919 D SIMRecords: [SIMRecords] SIMRecords X ctor this=SimRecords: mDestroyed=false mContext=com.android.phone.PhoneGlobals@2fd7e0d mCi=com.android.internal.telephony.RIL@b0c0d57 mFh=Handler (com.android.internal.telephony.uicc.SIMFileHandler) {d64d1c2} mParentApp=com.android.internal.telephony.uicc.UiccCardApplication@9e29bd3 recordsLoadedRegistrants=android.os.RegistrantList@928d310 mImsiReadyRegistrants=android.os.RegistrantList@510ee09 mRecordsEventsRegistrants=android.os.RegistrantList@4b2480e mNewSmsRegistrants=android.os.RegistrantList@ab1222f mNetworkSelectionModeAutomaticRegistrants=android.os.RegistrantList@530103c recordsToLoad=0 adnCache=Handler (com.android.internal.telephony.uicc.AdnRecordCache) {4d161c5} recordsRequested=false iccid=null msisdnTag=null voiceMailNum=null voiceMailTag=null voiceMailNum=null newVoiceMailTag=null isVoiceMailFixed=false mImsi=null mncLength=-1 mailboxIndex=0 spn=null mVmConfigcom.android.internal.telephony.uicc.VoiceMailConstants@c4ed71a mSpnOverride=mSpnOverride callForwardingEnabled=0 spnState=null mCphsInfo=null mCspPlmnEnabled=true efMWIS=null efCPHS_MWI=null mEfCff=null mEfCfis=null getOperatorNumeric=null
02-20 20:24:09.910  1919  1919 D UiccCardApplication: Creating UiccApp: {APPTYPE_RUIM,APPSTATE_DETECTED}
02-20 20:24:09.910  1919  1919 D RuimRecords: [RuimRecords] setting0 mMncLength-1
02-20 20:24:09.911  1919  1919 D RuimRecords: [RuimRecords] RuimRecords X ctor this=RuimRecords: mDestroyed=false mContext=com.android.phone.PhoneGlobals@2fd7e0d mCi=com.android.internal.telephony.RIL@b0c0d57 mFh=Handler (com.android.internal.telephony.uicc.RuimFileHandler) {bf428} mParentApp=com.android.internal.telephony.uicc.UiccCardApplication@86b5541 recordsLoadedRegistrants=android.os.RegistrantList@af34ae6 mImsiReadyRegistrants=android.os.RegistrantList@e4d2827 mRecordsEventsRegistrants=android.os.RegistrantList@e402ad4 mNewSmsRegistrants=android.os.RegistrantList@257047d mNetworkSelectionModeAutomaticRegistrants=android.os.RegistrantList@8192f72 recordsToLoad=0 adnCache=Handler (com.android.internal.telephony.uicc.AdnRecordCache) {35a1fc3} recordsRequested=false iccid=null msisdnTag=null voiceMailNum=null voiceMailTag=null voiceMailNum=null newVoiceMailTag=null isVoiceMailFixed=false mImsi=null mncLength=-1 mailboxIndex=0 spn=null m_ota_commitedfalse mMyMobileNumber=xxxx mMin2Min1=null mPrlVersion=null mEFpl=null mEFli=null mCsimSpnDisplayCondition=false mMdn=null mMin=null mHomeSystemId=null mHomeNetworkId=null
02-20 20:24:09.912  1919  1919 D CAT     : CatService: registerForRecordsLoaded slotid=0 instance:Handler (com.android.internal.telephony.cat.CatService) {db6006c}
02-20 20:24:09.912  1919  1919 D CAT     : CatService: Running CAT service on Slotid: 0. STK app installed:false
02-20 20:24:09.912  1919  1919 D UiccCard: Before privilege rules: null : CARDSTATE_PRESENT
02-20 20:24:09.912  1919  1919 D RILJ    : [3672]> RIL_REQUEST_SIM_OPEN_CHANNEL [SUB0]
02-20 20:24:09.913  1919  1919 E UiccCard: App index 8 is invalid since there are no applications
02-20 20:24:09.913  1919  1919 D UiccCard: update: radioState=RADIO_ON mLastRadioState=RADIO_UNAVAILABLE
02-20 20:24:09.913  1919  1919 D UiccController: Notifying IccChangedRegistrants
02-20 20:24:09.913  1374  1486 D RIL     : onRequest: SIM_OPEN_CHANNEL
02-20 20:24:09.913  1374  1486 D AT      : AT> AT+CCHO=A00000015141434C00
02-20 20:24:09.913  1374  1489 D AT      : AT< 1
02-20 20:24:09.914  1374  1489 D AT      : AT< OK
02-20 20:24:09.914  1919  1992 D RILJ    : [3672]< RIL_REQUEST_SIM_OPEN_CHANNEL  [SUB0]
02-20 20:24:09.917  1919  1919 D GsmCdmaPhone: get phone radio capability fail, no need to change mRadioCapability
02-20 20:24:09.917  1919  1919 D GsmCdmaPhone: EVENT_GET_RADIO_CAPABILITY: phone rc: null
02-20 20:24:09.917  1919  1919 D Phone   : config LCE service failed: com.android.internal.telephony.CommandException: RADIO_NOT_AVAILABLE
02-20 20:24:09.917  1919  1919 D SST     : mDeviceShuttingDown=false, mDesiredPowerState=true, getRadioState=RADIO_ON, mPowerOffDelayNeed=true, mAlarmSwitch=false, mRadioDisabledByCarrier=false
02-20 20:24:09.917  1919  1919 D RILJ    : [3673]> OPERATOR [SUB0]
02-20 20:24:09.918  1919  1919 D RILJ    : [3674]> DATA_REGISTRATION_STATE [SUB0]
02-20 20:24:09.918  1374  1486 D RIL     : onRequest: OPERATOR
02-20 20:24:09.918  1374  1486 D AT      : AT> AT+COPS=3,0;+COPS?;+COPS=3,1;+COPS?;+COPS=3,2;+COPS?
02-20 20:24:09.918  1374  1489 D AT      : AT< +COPS: 0,0,"Android"
02-20 20:24:09.918  1374  1489 D AT      : AT< +COPS: 0,1,"Android"
02-20 20:24:09.918  1374  1489 D AT      : AT< +COPS: 0,2,"310260"
02-20 20:24:09.918  1374  1489 D AT      : AT< OK
02-20 20:24:09.918  1919  1992 D RILJ    : [3673]< OPERATOR {Android, Android, 310260} [SUB0]
02-20 20:24:09.918  1919  1919 D RILJ    : [3675]> VOICE_REGISTRATION_STATE [SUB0]
02-20 20:24:09.918  1374  1486 D RIL     : onRequest: DATA_REGISTRATION_STATE
02-20 20:24:09.918  1374  1486 D RIL     : requestRegistrationState
02-20 20:24:09.918  1374  1486 D AT      : AT> AT+CGREG?
02-20 20:24:09.919  1374  1489 D AT      : AT< +CGREG: 1,1,"0003","005b","000e"
02-20 20:24:09.919  1374  1489 D AT      : AT< OK
02-20 20:24:09.919  1374  1486 D RIL     : parseRegistrationState. Parsing: +CGREG: 1,1,"0003","005b","000e"
02-20 20:24:09.919  1374  1486 D RIL     : registration state type: 3GPP
02-20 20:24:09.919  1919  1919 D RILJ    : [3676]> QUERY_NETWORK_SELECTION_MODE [SUB0]
02-20 20:24:09.919  1374  1486 D RIL     : onRequest: VOICE_REGISTRATION_STATE
02-20 20:24:09.919  1374  1486 D RIL     : requestRegistrationState
02-20 20:24:09.919  1374  1486 D AT      : AT> AT+CREG?
02-20 20:24:09.919  1374  1489 D AT      : AT< +CREG: 2,1, "0003", "005b"
02-20 20:24:09.919  1374  1489 D AT      : AT< OK
02-20 20:24:09.919  1374  1486 D RIL     : parseRegistrationState. Parsing: +CREG: 2,1, "0003", "005b"
02-20 20:24:09.919  1374  1486 D RIL     : registration state type: 3GPP
02-20 20:24:09.919  2054  2054 I bootstat: Service started: /system/bin/bootstat -l 
02-20 20:24:09.919  1919  1919 D RILJ    : [3677]> GET_CURRENT_CALLS [SUB0]
02-20 20:24:09.919  2054  2054 I bootstat: Logging histogram: bootstat_mtime_matches_content 1
02-20 20:24:09.919  2054  2054 I sysui_histogram: [bootstat_mtime_matches_content,1]
02-20 20:24:09.919  1374  1486 D RIL     : onRequest: QUERY_NETWORK_SELECTION_MODE
02-20 20:24:09.919  1374  1486 D AT      : AT> AT+COPS?
02-20 20:24:09.919  2054  2054 I bootstat: Logging histogram: bootstat_mtime_matches_content 1
02-20 20:24:09.919  2054  2054 I sysui_histogram: [bootstat_mtime_matches_content,1]
02-20 20:24:09.919  2054  2054 I bootstat: Logging histogram: bootstat_mtime_matches_content 1
02-20 20:24:09.919  2054  2054 I sysui_histogram: [bootstat_mtime_matches_content,1]
02-20 20:24:09.919  2054  2054 I bootstat: Logging histogram: bootstat_mtime_matches_content 1
02-20 20:24:09.919  2054  2054 I sysui_histogram: [bootstat_mtime_matches_content,1]
02-20 20:24:09.920  1374  1489 D AT      : AT< +COPS: 0,2,310260
02-20 20:24:09.920  1374  1489 D AT      : AT< OK
02-20 20:24:09.920  1919  1919 D RILJ    : [3678]> RIL_REQUEST_IMS_REGISTRATION_STATE [SUB0]
02-20 20:24:09.920  1374  1486 D RIL     : onRequest: GET_CURRENT_CALLS
02-20 20:24:09.920  1374  1486 D AT      : AT> AT+CLCC
02-20 20:24:09.920  1374  1489 D AT      : AT< OK
02-20 20:24:09.920  1919  1919 D RILJ    : [3679]> RIL_REQUEST_CDMA_GET_SUBSCRIPTION_SOURCE [SUB0]
02-20 20:24:09.921  1374  1486 D RIL     : onRequest: IMS_REGISTRATION_STATE
02-20 20:24:09.921  1374  1486 D RIL     : IMS_REGISTRATION=0, format=1 
02-20 20:24:09.921  1919  1992 D RILJ    : [3674]< DATA_REGISTRATION_STATE {1, 3, 5b, 14, null, null} [SUB0]
02-20 20:24:09.921  1919  1992 D RILJ    : [3675]< VOICE_REGISTRATION_STATE {1, 3, 5b, 0, null, null, null, null, null, null, null, null, null, null, null} [SUB0]
02-20 20:24:09.921  1919  1992 D RILJ    : [3676]< QUERY_NETWORK_SELECTION_MODE {0} [SUB0]
02-20 20:24:09.921  1919  1992 D RILJ    : [3677]< GET_CURRENT_CALLS {} [SUB0]
02-20 20:24:09.921  1919  1992 D RILJ    : [3678]< RIL_REQUEST_IMS_REGISTRATION_STATE {0, 1} [SUB0]
02-20 20:24:09.921  1919  1919 D GsmCdmaPhone: [GsmCdmaPhone] Event EVENT_RADIO_ON Received
02-20 20:24:09.921  1919  1919 D RILJ    : [3680]> RIL_REQUEST_VOICE_RADIO_TECH [SUB0]
02-20 20:24:09.921  1374  1486 D RIL     : onRequest: CDMA_GET_SUBSCRIPTION_SOURCE
02-20 20:24:09.921  1374  1486 D RIL     : Request not supported. Tech: 1
02-20 20:24:09.921  1919  1992 D RilRequest: [3679]< RIL_REQUEST_CDMA_GET_SUBSCRIPTION_SOURCE error: com.android.internal.telephony.CommandException: REQUEST_NOT_SUPPORTED ret=
02-20 20:24:09.922  1374  1486 D RIL     : onRequest: VOICE_RADIO_TECH
02-20 20:24:09.922  1919  1992 D RILJ    : [3680]< RIL_REQUEST_VOICE_RADIO_TECH {11} [SUB0]
02-20 20:24:09.923  1919  1919 D UiccController: Received EVENT_ICC_STATUS_CHANGED, calling getIccCardStatus
02-20 20:24:09.923  1919  1919 D RILJ    : [3681]> GET_SIM_STATUS [SUB0]
02-20 20:24:09.923  1919  1919 D SST     : EVENT_POLL_STATE_NETWORK_SELECTION_MODE
02-20 20:24:09.923  1919  1919 D SST     : EVENT_POLL_STATE_NETWORK_SELECTION_MODE
02-20 20:24:09.923  1374  1486 D RIL     : onRequest: GET_SIM_STATUS
02-20 20:24:09.923  1374  1486 D RIL     : getSIMStatus(). sState: 10
02-20 20:24:09.923  1374  1486 D AT      : AT> AT+CPIN?
02-20 20:24:09.923  1374  1489 D AT      : AT< +CPIN: READY
02-20 20:24:09.923  1374  1489 D AT      : AT< OK
02-20 20:24:09.923  2054  2054 I bootstat: Logging histogram: bootstat_mtime_matches_content 1
02-20 20:24:09.924  2054  2054 I sysui_histogram: [bootstat_mtime_matches_content,1]
02-20 20:24:09.924  1919  1992 D RILJ    : [3681]< GET_SIM_STATUS IccCardState {CARDSTATE_PRESENT,PINSTATE_UNKNOWN,num_apps=2,gsm_id=0{APPTYPE_SIM,APPSTATE_READY},cdma_id=1{APPTYPE_RUIM,APPSTATE_READY},ims_id=8} [SUB0]
02-20 20:24:09.925  2054  2054 I bootstat: Logging histogram: bootstat_mtime_matches_content 1
02-20 20:24:09.925  2054  2054 I sysui_histogram: [bootstat_mtime_matches_content,1]
02-20 20:24:09.925  2054  2054 I bootstat: Logging histogram: bootstat_mtime_matches_content 1
02-20 20:24:09.925  2054  2054 I sysui_histogram: [bootstat_mtime_matches_content,1]
02-20 20:24:09.925  2054  2054 I bootstat: Logging histogram: bootstat_mtime_matches_content 1
02-20 20:24:09.925  2054  2054 I sysui_histogram: [bootstat_mtime_matches_content,1]
02-20 20:24:09.925  2054  2054 I bootstat: Logging histogram: bootstat_mtime_matches_content 1
02-20 20:24:09.925  2054  2054 I sysui_histogram: [bootstat_mtime_matches_content,1]
02-20 20:24:09.925  2054  2054 I bootstat: Logging histogram: bootstat_mtime_matches_content 1
02-20 20:24:09.925  2054  2054 I sysui_histogram: [bootstat_mtime_matches_content,1]
02-20 20:24:09.925  2054  2054 I bootstat: Logging histogram: bootstat_mtime_matches_content 1
02-20 20:24:09.925  2054  2054 I sysui_histogram: [bootstat_mtime_matches_content,1]
02-20 20:24:09.925  2054  2054 I bootstat: Logging histogram: bootstat_mtime_matches_content 1
02-20 20:24:09.925  2054  2054 I sysui_histogram: [bootstat_mtime_matches_content,1]
02-20 20:24:09.925  2054  2054 I bootstat: Logging histogram: bootstat_mtime_matches_content 1
02-20 20:24:09.925  2054  2054 I sysui_histogram: [bootstat_mtime_matches_content,1]
02-20 20:24:09.925  2054  2054 I bootstat: Logging histogram: bootstat_mtime_matches_content 1
02-20 20:24:09.925  2054  2054 I sysui_histogram: [bootstat_mtime_matches_content,1]
02-20 20:24:09.925  2054  2054 I bootstat: Logging histogram: post_decrypt_time_elapsed 2
02-20 20:24:09.925  2054  2054 I sysui_histogram: [post_decrypt_time_elapsed,2]
02-20 20:24:09.925  2054  2054 I bootstat: Logging histogram: last_boot_time_utc 1519158249
02-20 20:24:09.925  2054  2054 I sysui_histogram: [last_boot_time_utc,1519158249]
02-20 20:24:09.925  2054  2054 I bootstat: Logging histogram: build_date 1513095943
02-20 20:24:09.925  2054  2054 I sysui_histogram: [build_date,1513095943]
02-20 20:24:09.925  2054  2054 I bootstat: Logging histogram: boot_decryption_complete 11
02-20 20:24:09.925  2054  2054 I sysui_histogram: [boot_decryption_complete,11]
02-20 20:24:09.925  2054  2054 I bootstat: Logging histogram: ota_boot_complete_post_decrypt 7
02-20 20:24:09.925  2054  2054 I sysui_histogram: [ota_boot_complete_post_decrypt,7]
02-20 20:24:09.925  2054  2054 I bootstat: Logging histogram: ota_boot_complete 9
02-20 20:24:09.925  2054  2054 I sysui_histogram: [ota_boot_complete,9]
02-20 20:24:09.925  2054  2054 I bootstat: Logging histogram: boot_reason 1
02-20 20:24:09.925  2054  2054 I sysui_histogram: [boot_reason,1]
02-20 20:24:09.925  2054  2054 I bootstat: Logging histogram: factory_reset_current_time 1519158249
02-20 20:24:09.925  2054  2054 I sysui_histogram: [factory_reset_current_time,1519158249]
02-20 20:24:09.925  2054  2054 I bootstat: Logging histogram: factory_reset 1519154248
02-20 20:24:09.925  2054  2054 I sysui_histogram: [factory_reset,1519154248]
02-20 20:24:09.925  2054  2054 I bootstat: Logging histogram: time_since_last_boot 74
02-20 20:24:09.925  2054  2054 I sysui_histogram: [time_since_last_boot,74]
02-20 20:24:09.925  2054  2054 I bootstat: Logging histogram: boot_complete_post_decrypt 9
02-20 20:24:09.925  2054  2054 I sysui_histogram: [boot_complete_post_decrypt,9]
02-20 20:24:09.925  2054  2054 I bootstat: Logging histogram: boot_complete 11
02-20 20:24:09.925  2054  2054 I sysui_histogram: [boot_complete,11]
02-20 20:24:09.925  2054  2054 I bootstat: Logging histogram: factory_reset_record_value 1519154248
02-20 20:24:09.925  2054  2054 I sysui_histogram: [factory_reset_record_value,1519154248]
02-20 20:24:09.925  2054  2054 I bootstat: Logging histogram: time_since_factory_reset 4001
02-20 20:24:09.925  2054  2054 I sysui_histogram: [time_since_factory_reset,4001]
02-20 20:24:09.926  1919  1919 D PhoneSwitcher: evaluating due to netRequest default 0->1 phone[0] 0->-2
02-20 20:24:09.926  1919  1919 D TelephonyNetworkFactory[0]: not acting - isApp=false, isAct=false NetworkRequest [ REQUEST id=1, [ Capabilities: INTERNET&NOT_RESTRICTED&TRUSTED&NOT_VPN] ]
02-20 20:24:09.926  1919  1919 D CAT     : CatService: handleMessage[8]
02-20 20:24:09.926  1919  1919 D CAT     : CatService: MSG_ID_ICC_CHANGED
02-20 20:24:09.926  1919  1919 D CAT     : CatService: New Card State = CARDSTATE_PRESENT Old Card State = CARDSTATE_ABSENT
02-20 20:24:09.926  1919  1919 D RILJ    : [3682]> RIL_REQUEST_REPORT_STK_SERVICE_IS_RUNNING [SUB0]
02-20 20:24:09.927  1374  1486 D RIL     : onRequest: REPORT_STK_SERVICE_IS_RUNNING
02-20 20:24:09.927  1374  1486 D RIL     : Request not supported. Tech: 1
02-20 20:24:09.927  1919  1992 D RilRequest: [3682]< RIL_REQUEST_REPORT_STK_SERVICE_IS_RUNNING error: com.android.internal.telephony.CommandException: REQUEST_NOT_SUPPORTED ret=
02-20 20:24:09.927  1919  1919 D GsmCdmaPhone: [GsmCdmaPhone] New Uicc application found. type = APPTYPE_SIM
02-20 20:24:09.927  1919  1919 D GsmSMSDispatcher: GsmSMSDispatcher: subId = -2 slotId = 0
02-20 20:24:09.927  1919  1919 D GsmSMSDispatcher: New Uicc application found
02-20 20:24:09.927  1919  1919 D IccCardProxy: Icc changed. Reregestering.
02-20 20:24:09.927  1919  1919 D SST     : New card found
02-20 20:24:09.927  1919  1919 D CAT     : CatService: handleMessage[8]
02-20 20:24:09.927  1919  1919 D CAT     : CatService: MSG_ID_ICC_CHANGED
02-20 20:24:09.927  1919  1919 D CAT     : CatService: New Card State = CARDSTATE_PRESENT Old Card State = CARDSTATE_PRESENT
02-20 20:24:09.927  1919  1919 E SST     : error parsing GprsRegistrationState: java.lang.NumberFormatException: null
02-20 20:24:09.927  1919  1919 D SST     : handlPollStateResultMessage: GsmSST setDataRegState=0 regState=1 dataRadioTechnology=14
02-20 20:24:09.927  1919  1919 D SST     : EVENT_POLL_STATE_NETWORK_SELECTION_MODE
02-20 20:24:09.928  1919  1919 D SST     : Poll ServiceState done:  oldSS=[1 1 voice home data home null null null null null null  Unknown Unknown CSS not supported 0 0 RoamInd=0 DefRoamInd=0 EmergOnly=false IsDataRoamingFromRegistration=false IsUsingCarrierAggregation=false] newSS=[0 0 voice home data home Android Android 310260 Android Android 310260  Unknown LTE CSS not supported -1 -1 RoamInd=-1 DefRoamInd=-1 EmergOnly=false IsDataRoamingFromRegistration=false IsUsingCarrierAggregation=false] oldMaxDataCalls=1 mNewMaxDataCalls=1 oldReasonDataDenied=-1 mNewReasonDataDenied=-1
02-20 20:24:09.928  1919  1919 I gsm_service_state_change: [1,1,0,0]
02-20 20:24:09.928  1919  1919 D TelephonyManager: setTelephonyProperty: success phoneId=0 property=gsm.network.type value: LTE propVal=LTE
02-20 20:24:09.932  1676  1810 I dvm_lock_sample: [system_server,1,Binder:1676_4,63,AlarmManagerService.java,1709,-,1072,12]
02-20 20:24:09.934  1919  1919 D SST     : pollStateDone: registering current mNitzUpdatedTime=true changing to false
02-20 20:24:09.934  1919  1919 D SIMRecords: [SIMRecords] getServiceProviderName: no brandOverride, providerName=null
02-20 20:24:09.935  1919  1919 D SIMRecords: [SIMRecords] getServiceProviderName: no brandOverride, providerName=null
02-20 20:24:09.935  1919  1919 D SST     : updateSpnDisplay: changed sending intent rule=2 showPlmn='true' plmn='Android' showSpn='false' spn='null' dataSpn='null' subId='-2'
02-20 20:24:09.939  1919  1919 D SubscriptionController: [setPlmnSpn] No valid subscription to store info
02-20 20:24:09.939  1919  1919 D SubscriptionController: notifySubscriptionInfoChanged:
02-20 20:24:09.939  1676  1687 D TelephonyRegistry: notifySubscriptionInfoChanged: first invocation mRecords.size=16
02-20 20:24:09.947  1676  1676 I GnssLocationProvider: WakeLock acquired by sendMessage(12, 0, null)
02-20 20:24:09.947  1919  1919 D TelephonyManager: setTelephonyProperty: success phoneId=0 property=gsm.operator.alpha value: Android propVal=Android
