02-20 20:24:10.314  1919  1919 D SubscriptionController: [getPhoneId]- no sims, returning default phoneId=2147483647
02-20 20:24:10.314  1919  1919 D MccTable: updateMccMncConfiguration defaultMccMnc=
02-20 20:24:10.315  1919  1919 D MccTable: updateMccMncConfiguration: mcc=310, mnc=260
02-20 20:24:10.315  1919  1919 D MccTable: updateMccMncConfiguration updateConfig config={1.0 310mcc260mnc ?localeList ?layoutDir ?swdp ?wdp ?hdp ?density ?lsize ?long ?orien ?uimode ?night ?touch ?keyb/?/? ?nav/?}
02-20 20:24:10.316  1676  1688 I configuration_changed: 3
02-20 20:24:10.316  1676  1688 I ActivityManager: Config changes=3 {1.0 310mcc260mnc [en_US] ldltr sw360dp w360dp h668dp 640dpi nrml long port finger -keyb/v/h -nav/h s.6}
02-20 20:24:10.318  2084  2084 I ContactsPerf: VoicemailContentProvider.onCreate start
02-20 20:24:10.318  2126  2126 W art     : Unexpected CPU variant for X86 using defaults: x86_64
02-20 20:24:10.333  2084  2084 I ContactsPerf: VoicemailContentProvider.onCreate finish
02-20 20:24:10.338  1676  1688 I am_relaunch_resume_activity: [0,154193071,1,com.android.settings/.FallbackHome]
02-20 20:24:10.338  1930  1930 I am_on_paused_called: [0,com.android.settings.FallbackHome,handleRelaunchActivity]
02-20 20:24:10.338  1930  1968 D EGL_emulation: eglMakeCurrent: 0x744e044a5ec0: ver 3 0 (tinfo 0x744e0e9ec2c0)
02-20 20:24:10.339  1930  1930 I am_on_stop_called: [0,com.android.settings.FallbackHome,destroy]
02-20 20:24:10.342  1676  1687 I am_proc_bound: [0,2126,com.google.android.deskclock]
02-20 20:24:10.342  1919  1919 D SIMRecords: [SIMRecords] onRecordLoaded 9 requested: true
02-20 20:24:10.342  1919  1919 D SIMRecords: [SIMRecords] EF_MWIS : 0000000000
02-20 20:24:10.342  1919  1919 D SIMRecords: [SIMRecords] onRecordLoaded 8 requested: true
02-20 20:24:10.342  1919  1919 D SIMRecords: [SIMRecords] EF_CPHS_MWI: 55
02-20 20:24:10.342  1919  1919 D SIMRecords: [SIMRecords] onRecordLoaded 7 requested: true
02-20 20:24:10.342  1919  1919 D SIMRecords: [SIMRecords] EF_CFF_CPHS: 55
02-20 20:24:10.343  1919  1919 D SIMRecords: [SIMRecords] onRecordLoaded 6 requested: true
02-20 20:24:10.343  1919  1919 D RILJ    : [3734]> iccIO: SIM_IO 0xb0 0x6f14  path: 3F007F20,0,0,20 aid: null [SUB0]
02-20 20:24:10.343  1919  1919 D SubscriptionInfoUpdater: [Receiver]+
02-20 20:24:10.343  1919  1919 D SubscriptionInfoUpdater: Action: android.intent.action.SIM_STATE_CHANGED
02-20 20:24:10.343  1919  1919 D SubscriptionInfoUpdater: slotId: 0
02-20 20:24:10.343  1919  1919 D SubscriptionInfoUpdater: simStatus: IMSI
02-20 20:24:10.343  1919  1919 D SubscriptionInfoUpdater: Ignoring simStatus: IMSI
02-20 20:24:10.343  1919  1919 D SubscriptionInfoUpdater: [Receiver]-
02-20 20:24:10.343  1919  1919 D SIMRecords: [SIMRecords] onRecordLoaded 5 requested: true
02-20 20:24:10.343  1374  1486 D RIL     : onRequest: SIM_IO
02-20 20:24:10.343  1919  1919 D SIMRecords: [SIMRecords] MSISDN: [t-WgLegCyIMgfHgPkOdM6pkZbpA]
02-20 20:24:10.343  1919  1919 D SIMRecords: [SIMRecords] onRecordLoaded 4 requested: true
02-20 20:24:10.343  1374  1486 D AT      : AT> AT+CRSM=176,28436,0,0,20
02-20 20:24:10.344  1919  1919 D RILJ    : [3735]> iccIO: SIM_IO 0xb2 0x6fc7  path: 3F007F20,1,4,32 aid: null [SUB0]
02-20 20:24:10.344  1374  1489 D AT      : AT< +CRSM: 144,0,416e64726f6964ffffffffffffffffffffffffff
02-20 20:24:10.344  1374  1489 D AT      : AT< OK
02-20 20:24:10.344  1919  1992 D RILJ    : [3734]< SIM_IO IccIoResponse sw1:0x90 sw2:0x0 [SUB0]
02-20 20:24:10.348  1676  1691 I SyncManager: Got SyncJobService instance.
02-20 20:24:10.350  1676  2099 V KeyValueBackupJob: Scheduling k/v pass in 245 minutes
02-20 20:24:10.367  1374  1486 D RIL     : onRequest: SIM_IO
02-20 20:24:10.367  1374  1486 D AT      : AT> AT+CRSM=178,28615,1,4,32
02-20 20:24:10.367  1374  1489 D AT      : AT< +CRSM: 144,0,566f6963656d61696cffffffffffffffffff07915155125740f9ffffffffffff
02-20 20:24:10.367  1374  1489 D AT      : AT< OK
02-20 20:24:10.368  1919  1992 D RILJ    : [3735]< SIM_IO IccIoResponse sw1:0x90 sw2:0x0 [SUB0]
02-20 20:24:10.369  1930  1930 I am_on_resume_called: [0,com.android.settings.FallbackHome,handleRelaunchActivity]
02-20 20:24:10.370  1919  1919 D SIMRecords: [SIMRecords] SST: UsimServiceTable[120]={ PHONEBOOK, FDN, FDN_EXTENSION, SDN, SDN_EXTENSION, BDN, BDN_EXTENSION, OUTGOING_CALL_INFO, ADVICE_OF_CHARGE, CAP_CONFIG_PARAMS_2, GROUP_ID_LEVEL_1, GROUP_ID_LEVEL_2, SPN, USER_PLMN_SELECT, MSISDN, IMAGE, LOCALISED_SERVICE_AREAS, EMLPP, EMLPP_AUTO_ANSWER, RFU, GSM_ACCESS, DATA_DL_VIA_SMS_PP, DATA_DL_VIA_SMS_CB, CALL_CONTROL_BY_USIM, MO_SMS_CONTROL_BY_USIM, RUN_AT_COMMAND, APN_CONTROL_LIST, DEPERSONALISATION_CONTROL_KEYS, COOPERATIVE_NETWORK_LIST, GSM_SECURITY_CONTEXT, SERVICE_PROVIDER_DISPLAY_INFO, MMS_NOTIFICATION, MMS_NOTIFICATION_EXTENSION, GPRS_CALL_CONTROL_BY_USIM, VGCS_GROUP_ID_LIST, VBS_GROUP_ID_LIST, OMA_BCAST_PROFILE, GBA_LOCAL_KEY_ESTABLISHMENT, #101, #102, #103, #104, #105, #106, #107, #108, #109, #110 }
02-20 20:24:10.370  1919  1919 D SIMRecords: [SIMRecords] onRecordLoaded 3 requested: true
02-20 20:24:10.370  1919  1919 D SIMRecords: [SIMRecords] iCPHS: 0233
02-20 20:24:10.370  1919  1919 D SIMRecords: [SIMRecords] onRecordLoaded 2 requested: true
02-20 20:24:10.370  1919  1919 D RuimRecords: [RuimRecords] iccid: 89014103211118510720
02-20 20:24:10.370  1919  1919 D RuimRecords: [RuimRecords] onRecordLoaded 0 requested: true
02-20 20:24:10.370  1919  1919 D RuimRecords: [RuimRecords] record load complete
02-20 20:24:10.370  1919  1919 D SIMRecords: [SIMRecords] getServiceProviderName: no brandOverride, providerName=Android
02-20 20:24:10.370  1919  1919 D SIMRecords: [SIMRecords] Load EF_SPN_CPHS: Android
02-20 20:24:10.370  1919  1919 D TelephonyManager: setTelephonyProperty: success phoneId=0 property=gsm.sim.operator.alpha value: Android propVal=Android
02-20 20:24:10.371  1919  1919 D SIMRecords: [SIMRecords] onRecordLoaded 1 requested: true
02-20 20:24:10.371  1919  1919 D SIMRecords: [SIMRecords] VM: ADN Record 'Voicemail' '[-MWU1cAlDrkXUZ8dpHi_wU_YOpU] null' EF[MBDN]
02-20 20:24:10.371  1919  1919 D SIMRecords: [SIMRecords] onRecordLoaded 0 requested: true
02-20 20:24:10.371  1919  1919 D SIMRecords: [SIMRecords] record load complete
02-20 20:24:10.371  1919  1919 D SIMRecords: [SIMRecords] Not using EF LI/EF PL
02-20 20:24:10.371  1919  1919 D SIMRecords: [SIMRecords] EF_CFF: callForwardingEnabled=0
02-20 20:24:10.371  1919  1919 D SIMRecords: [SIMRecords] onAllRecordsLoaded set 'gsm.sim.operator.numeric' to operator='310260'
02-20 20:24:10.371  1919  1919 D SIMRecords: [SIMRecords] update icc_operator_numeric=310260
02-20 20:24:10.371  1919  1919 D TelephonyManager: setTelephonyProperty: success phoneId=0 property=gsm.sim.operator.numeric value: 310260 propVal=310260
02-20 20:24:10.371  1919  1919 D SubscriptionController: [setMccMnc]+ mcc/mnc:310/260 subId:-1
02-20 20:24:10.372  1676  1676 I FusedLocation: engine started (com.android.location.fused)
02-20 20:24:10.375  1919  1950 D SubscriptionController: [getPhoneId]- no sims, returning default phoneId=2147483647
02-20 20:24:10.421  2084  2084 W System  : ClassLoader referenced unknown path: /system/priv-app/BlockedNumberProvider/lib/x86_64
02-20 20:24:10.422  2084  2084 D ApplicationLoaders: ignored Vulkan layer search path /system/priv-app/BlockedNumberProvider/lib/x86_64:/system/lib64:/vendor/lib64 for namespace 0x744e12f920f0
02-20 20:24:10.422  1919  1919 D SubscriptionController: notifySubscriptionInfoChanged:
02-20 20:24:10.423  1676  1676 I GnssLocationProvider: WakeLock acquired by sendMessage(12, 0, null)
02-20 20:24:10.424  1919  1950 D SubscriptionController: [getActiveSubInfoList] Sub Controller not ready
02-20 20:24:10.424  1919  1919 D SIMRecords: [SIMRecords] onAllRecordsLoaded set mcc imsi
02-20 20:24:10.425  1919  1919 D TelephonyManager: setTelephonyProperty: success phoneId=0 property=gsm.sim.operator.iso-country value: us propVal=us
02-20 20:24:10.427  1919  1919 D SST     : SubscriptionListener.onSubscriptionInfoChanged
02-20 20:24:10.427  1919  1919 D SIMRecords: [SIMRecords]  VoiceMessageCount from SIM MWIS = 0
02-20 20:24:10.427  1919  1919 E Phone   : getStoredVoiceMessageCount: invalid subId -2
02-20 20:24:10.427  1919  1919 D GsmCdmaPhone: [GsmCdmaPhone] updateVoiceMail countVoiceMessages = 0 subId -2
02-20 20:24:10.427  1919  1919 E Phone   : setVoiceMessageCount in sharedPreference: invalid subId -2
02-20 20:24:10.433  1919  1919 D DCT     : [0]SubscriptionListener.onSubscriptionInfoChanged
02-20 20:24:10.436  1919  1919 D SubscriptionController: [getActiveSubInfoList] Sub Controller not ready
02-20 20:24:10.440  2084  2084 W System  : ClassLoader referenced unknown path: /system/app/UserDictionaryProvider/lib/x86_64
02-20 20:24:10.440  2084  2084 D ApplicationLoaders: ignored Vulkan layer search path /system/app/UserDictionaryProvider/lib/x86_64:/system/lib64:/vendor/lib64 for namespace 0x744e12f92160
02-20 20:24:10.441  1919  1919 D SubscriptionController: [getActiveSubInfoList] Sub Controller not ready
02-20 20:24:10.441  1919  1919 I Telephony: PstnIncomingCallNotifier: Unregistering: Handler (com.android.internal.telephony.GsmCdmaPhone) {d904012}
02-20 20:24:10.445  1919  1919 E PhoneInterfaceManager: [PhoneIntfMgr] getIccId: No UICC
02-20 20:24:10.449  1764  1764 I OpaLayout: Setting opa enabled to false
02-20 20:24:10.452  1676  1796 I Telecom : PhoneAccountRegistrar: [ComponentInfo{com.android.phone/com.android.services.telephony.TelephonyConnectionService}, [e0184adedf913b076626646d3f52c3b49c39ad6d], UserHandle{0}(addr: tel:*********** -> tel:)(icon: Icon(typ=BITMAP size=76x96) -> Icon(typ=BITMAP size=76x96))(subAddr: tel:*********** -> tel:)]: TSI.rPA@AAg
02-20 20:24:10.467  1764  1764 I OpaLayout: Setting opa enabled to false
02-20 20:24:10.473  1676  1796 I Telecom : : Sending phone-account registered intent as user: TSI.rPA@AAg
02-20 20:24:10.477  1312  1849 D         : HostConnection::get() New Host Connection established 0x7d654162f580, tid 1849
02-20 20:24:10.479  1919  1919 I Telephony: AccountEntry: Registered phoneAccount: [[ ] PhoneAccount: ComponentInfo{com.android.phone/com.android.services.telephony.TelephonyConnectionService}, [e0184adedf913b076626646d3f52c3b49c39ad6d], UserHandle{0} Capabilities: CallProvider MultiUser PlaceEmerg SimSub  Schemes: tel voicemail  Extras: null GroupId: [da39a3ee5e6b4b0d3255bfef95601890afd80709]] with handle: ComponentInfo{com.android.phone/com.android.services.telephony.TelephonyConnectionService}, [e0184adedf913b076626646d3f52c3b49c39ad6d], UserHandle{0}
02-20 20:24:10.490  1919  1919 I Telephony: PstnIncomingCallNotifier: Registering: Handler (com.android.internal.telephony.GsmCdmaPhone) {d904012}
02-20 20:24:10.496  1363  1794 I art     : Starting a blocking GC HeapTrim
02-20 20:24:10.500  1676  1692 I am_proc_start: [0,2145,10029,com.google.android.googlequicksearchbox:interactor,service,com.google.android.googlequicksearchbox/com.google.android.voiceinteraction.GsaVoiceInteractionService]
02-20 20:24:10.500  1676  1692 I ActivityManager: Start proc 2145:com.google.android.googlequicksearchbox:interactor/u0a29 for service com.google.android.googlequicksearchbox/com.google.android.voiceinteraction.GsaVoiceInteractionService
02-20 20:24:10.501  1676  1692 I ActivityManager: Loading recents for user 0 into memory.
02-20 20:24:10.503  2126  2126 W System  : ClassLoader referenced unknown path: /system/app/PrebuiltDeskClockGoogle/lib/x86_64
02-20 20:24:10.505  1676  1692 D ActivityManager: Sending BOOT_COMPLETE user #0
02-20 20:24:10.505  1676  1692 I sysui_histogram: [framework_boot_completed,11]
02-20 20:24:10.509  1919  1950 D DCT     : [0]hasMatchedTetherApnSetting: APN=null
02-20 20:24:10.515  1919  1919 D CAT     : CatService: handleMessage[20]
02-20 20:24:10.516  1919  1919 D GsmCdmaPhone: [GsmCdmaPhone] updateCurrentCarrierInProvider: mSubId = -2 currentDds = 1 operatorNumeric = 310260
02-20 20:24:10.516  1919  1919 D IccCardProxy: operator=310260 mPhoneId=0
02-20 20:24:10.516  1919  1919 D TelephonyManager: setTelephonyProperty: success phoneId=0 property=gsm.sim.operator.numeric value: 310260 propVal=310260
02-20 20:24:10.517  1919  1919 D TelephonyManager: setTelephonyProperty: success phoneId=0 property=gsm.sim.operator.iso-country value: us propVal=us
02-20 20:24:10.517  1919  1919 D IccCardProxy: Sending intent ACTION_INTERNAL_SIM_STATE_CHANGED for mPhoneId : 0
02-20 20:24:10.518  1919  1919 D SST     : EVENT_SIM_RECORDS_LOADED: what=16
02-20 20:24:10.518  1919  1919 D GsmCdmaPhone: [GsmCdmaPhone] updatePhoneObject: radioTechnology=0
02-20 20:24:10.518  1919  1919 D SST     : getOtasp: otasp not needed for GSM
02-20 20:24:10.518  1919  1919 D SST     : updateOtaspState: call notifyOtaspChanged old otaspMode=0 new otaspMode=3
02-20 20:24:10.518  1919  1919 D SIMRecords: [SIMRecords] getServiceProviderName: no brandOverride, providerName=Android
02-20 20:24:10.518  1919  1919 D SIMRecords: [SIMRecords] getServiceProviderName: no brandOverride, providerName=Android
02-20 20:24:10.518  1919  1919 D SST     : updateSpnDisplay: changed sending intent rule=1 showPlmn='false' plmn='Android' showSpn='true' spn='Android' dataSpn='Android' subId='-2'
02-20 20:24:10.519  1919  1919 D SubscriptionController: [setPlmnSpn] No valid subscription to store info
02-20 20:24:10.522  1919  1919 D SubscriptionController: notifySubscriptionInfoChanged:
02-20 20:24:10.524  1919  1919 E PhoneInterfaceManager: [PhoneIntfMgr] getIccId: No UICC
02-20 20:24:10.538  2145  2145 W art     : Unexpected CPU variant for X86 using defaults: x86
02-20 20:24:10.549  1930  1930 D FallbackHome: User unlocked and real home found; let's go!
02-20 20:24:10.555  1676  2031 I am_finish_activity: [0,154193071,1,com.android.settings/.FallbackHome,app-request]
02-20 20:24:10.556  1676  2031 I am_pause_activity: [0,154193071,com.android.settings/.FallbackHome]
02-20 20:24:10.561  1676  1676 I AccountManagerService: User 0 is unlocked - opening CE database
02-20 20:24:10.564  1676  1687 I Telecom : PhoneAccountRegistrar: [ComponentInfo{com.android.phone/com.android.services.telephony.TelephonyConnectionService}, [e0184adedf913b076626646d3f52c3b49c39ad6d], UserHandle{0}(icon: Icon(typ=BITMAP size=76x96) -> Icon(typ=BITMAP size=76x96))]: TSI.rPA@AAs
02-20 20:24:10.569  1676  1810 I am_proc_bound: [0,2145,com.google.android.googlequicksearchbox:interactor]
02-20 20:24:10.569  1930  1968 D EGL_emulation: eglMakeCurrent: 0x744e044a5ec0: ver 3 0 (tinfo 0x744e0e9ec2c0)
02-20 20:24:10.582  1676  1687 I Telecom : : Sending phone-account registered intent as user: TSI.rPA@AAs
02-20 20:24:10.582  1919  1919 D WAP PUSH: Received broadcast android.intent.action.USER_UNLOCKED
02-20 20:24:10.583  1919  1919 D WAP PUSH: Received broadcast android.intent.action.USER_UNLOCKED
02-20 20:24:10.583  1919  1919 D SmsBroadcastUndelivered: Received broadcast android.intent.action.USER_UNLOCKED
02-20 20:24:10.583  1919  1919 D SubscriptionInfoUpdater: [Receiver]+
02-20 20:24:10.583  1919  1919 D SubscriptionInfoUpdater: Action: android.intent.action.USER_UNLOCKED
02-20 20:24:10.583  1919  1919 D SubscriptionInfoUpdater: Broadcasting intent ACTION_SIM_STATE_CHANGED for mCardIndex: 0
02-20 20:24:10.583  1919  1919 D SubscriptionInfoUpdater: [Receiver]-
02-20 20:24:10.584  1919  1919 D CarrierSvcBindHelper: Received android.intent.action.USER_UNLOCKED
02-20 20:24:10.585  1919  1919 D CarrierSvcBindHelper: No carrier app for: 0
02-20 20:24:10.585  1919  1919 D GsmCdmaPhone: [GsmCdmaPhone] phoneObjectUpdater: newVoiceRadioTech=0
02-20 20:24:10.586  1919  1919 D GsmCdmaPhone: [GsmCdmaPhone] phoneObjectUpdater: volteReplacementRat=0
02-20 20:24:10.586  1919  1919 E GsmCdmaPhone: [GsmCdmaPhone] phoneObjectUpdater: newVoiceRadioTech=0 doesn't match either CDMA or GSM - error! No phone change
02-20 20:24:10.586  1919  1919 D SubscriptionInfoUpdater: [Receiver]+
02-20 20:24:10.586  1919  1919 D SubscriptionInfoUpdater: Action: android.intent.action.internal_sim_state_changed
02-20 20:24:10.586  1919  1919 D SubscriptionInfoUpdater: slotId: 0
02-20 20:24:10.586  1919  1919 D SubscriptionInfoUpdater: simStatus: LOADED
02-20 20:24:10.586  1919  1919 D SubscriptionInfoUpdater: [Receiver]-
02-20 20:24:10.586  1919  1919 D SST     : SubscriptionListener.onSubscriptionInfoChanged
02-20 20:24:10.586  1919  1919 D DCT     : [0]SubscriptionListener.onSubscriptionInfoChanged
02-20 20:24:10.586  1919  1919 D SubscriptionController: [getActiveSubInfoList] Sub Controller not ready
02-20 20:24:10.587  1919  1919 D SubscriptionController: [getActiveSubInfoList] Sub Controller not ready
02-20 20:24:10.587  1919  1919 I Telephony: PstnIncomingCallNotifier: Unregistering: Handler (com.android.internal.telephony.GsmCdmaPhone) {d904012}
02-20 20:24:10.588  1919  1919 E PhoneInterfaceManager: [PhoneIntfMgr] getIccId: No UICC
02-20 20:24:10.610  1919  2170 E WAP PUSH: bindService() for wappush manager failed
02-20 20:24:10.617  1919  2172 D SmsBroadcastUndelivered: scanning raw table for undelivered messages
02-20 20:24:10.619  1676  1676 I GnssLocationProvider: WakeLock acquired by sendMessage(12, 0, null)
02-20 20:24:10.636  1919  2171 E WAP PUSH: bindService() for wappush manager failed
02-20 20:24:10.637  1919  2144 D SubscriptionController: [getActiveSubInfoList] Sub Controller not ready
02-20 20:24:10.638  1930  1930 I am_on_paused_called: [0,com.android.settings.FallbackHome,handlePauseActivity]
02-20 20:24:10.640  1919  2144 D SubscriptionController: [getPhoneId]- no sims, returning default phoneId=2147483647
02-20 20:24:10.648  2101  2101 I LoadedApk: No resource references to update in package FFFFFFFFFFFFFFFFFFFFFF
02-20 20:24:10.660  1676  1691 I GnssLocationProvider: WakeLock released by handleMessage(12, 0, null)
02-20 20:24:10.695  1676  1693 W WindowManager: Keyguard drawn timeout. Setting mKeyguardDrawComplete
02-20 20:24:10.719  1676  2031 I ActivityManager: START u0 {act=android.intent.action.MAIN cat=[android.intent.category.HOME] flg=0x10000100 cmp=com.google.android.apps.nexuslauncher/.NexusLauncherActivity} from uid 0 on display 0
02-20 20:24:10.720  1676  2031 I am_create_task: [0,149]
02-20 20:24:10.720  1676  2031 I am_create_activity: [0,236769279,149,com.google.android.apps.nexuslauncher/.NexusLauncherActivity,android.intent.action.MAIN,NULL,NULL,268435712]
02-20 20:24:10.720  1676  1989 I Telecom : PhoneAccountRegistrar: [ComponentInfo{com.android.phone/com.android.services.telephony.TelephonyConnectionService}, [e0184adedf913b076626646d3f52c3b49c39ad6d], UserHandle{0}(icon: Icon(typ=BITMAP size=76x96) -> Icon(typ=BITMAP size=76x96))]: TSI.rPA@AAw
02-20 20:24:10.720  1676  2031 I wm_task_created: [149,0]
02-20 20:24:10.720  1676  2031 I wm_task_moved: [149,1,1]
02-20 20:24:10.720  1676  2031 I wm_task_moved: [149,1,1]
02-20 20:24:10.723  1676  2031 I am_focused_activity: [0,com.google.android.apps.nexuslauncher/.NexusLauncherActivity,startedActivity]
02-20 20:24:10.728  1676  1989 I Telecom : : Sending phone-account registered intent as user: TSI.rPA@AAw
02-20 20:24:10.782  1676  2031 W ActivityManager: Slow operation: 55ms so far, now at startProcess: returned from zygote!
02-20 20:24:10.782  1676  2031 W ActivityManager: Slow operation: 55ms so far, now at startProcess: done updating battery stats
02-20 20:24:10.782  1676  2031 I am_proc_start: [0,2188,10021,com.google.android.apps.nexuslauncher,activity,com.google.android.apps.nexuslauncher/.NexusLauncherActivity]
02-20 20:24:10.782  1676  2031 W ActivityManager: Slow operation: 55ms so far, now at startProcess: building log message
02-20 20:24:10.782  1676  2031 I ActivityManager: Start proc 2188:com.google.android.apps.nexuslauncher/u0a21 for activity com.google.android.apps.nexuslauncher/.NexusLauncherActivity
02-20 20:24:10.782  1676  2031 W ActivityManager: Slow operation: 55ms so far, now at startProcess: starting to update pids map
02-20 20:24:10.782  1676  2031 W ActivityManager: Slow operation: 55ms so far, now at startProcess: done updating pids map
02-20 20:24:10.782  1676  2031 W ActivityManager: Slow operation: 55ms so far, now at startProcess: done starting proc!
02-20 20:24:10.783  1676  1796 W art     : Long monitor contention with owner Binder:1676_6 (2031) at void com.android.server.am.ActivityManagerService.activityPaused(android.os.IBinder)(ActivityManagerService.java:6916) waiters=1 in java.lang.String com.android.server.am.ActivityManagerService.checkContentProviderAccess(java.lang.String, int) for 131ms
02-20 20:24:10.783  1676  1796 I dvm_lock_sample: [system_server,1,Binder:1676_3,131,ActivityManagerService.java,10435,-,6916,26]
02-20 20:24:10.786  1676  1692 I sysui_count: [window_time_0,5]
02-20 20:24:10.787  1919  1919 I Telephony: AccountEntry: Registered phoneAccount: [[ ] PhoneAccount: ComponentInfo{com.android.phone/com.android.services.telephony.TelephonyConnectionService}, [e0184adedf913b076626646d3f52c3b49c39ad6d], UserHandle{0} Capabilities: CallProvider MultiUser PlaceEmerg SimSub  Schemes: tel voicemail  Extras: null GroupId: [da39a3ee5e6b4b0d3255bfef95601890afd80709]] with handle: ComponentInfo{com.android.phone/com.android.services.telephony.TelephonyConnectionService}, [e0184adedf913b076626646d3f52c3b49c39ad6d], UserHandle{0}
02-20 20:24:10.787  1919  1919 I Telephony: PstnIncomingCallNotifier: Registering: Handler (com.android.internal.telephony.GsmCdmaPhone) {d904012}
02-20 20:24:10.788  1676  1692 I am_destroy_activity: [0,154193071,1,com.android.settings/.FallbackHome,finish-idle]
02-20 20:24:10.790  1919  2172 D SmsBroadcastUndelivered: finished scanning raw table in 173 ms
02-20 20:24:10.818  2188  2188 W art     : Unexpected CPU variant for X86 using defaults: x86_64
02-20 20:24:10.819  1919  1919 D SubscriptionInfoUpdater: [Receiver]+
02-20 20:24:10.819  1919  1919 D SubscriptionInfoUpdater: Action: android.intent.action.SIM_STATE_CHANGED
02-20 20:24:10.819  1919  1919 D SubscriptionInfoUpdater: slotId: 0
02-20 20:24:10.819  1919  1919 D SubscriptionInfoUpdater: simStatus: IMSI
02-20 20:24:10.819  1919  1919 D SubscriptionInfoUpdater: Ignoring simStatus: IMSI
02-20 20:24:10.819  1919  1919 D SubscriptionInfoUpdater: [Receiver]-
02-20 20:24:10.819  1919  1919 D SubscriptionInfoUpdater: handleSimStateLoadedInternal: slotId: 0
02-20 20:24:10.819  1919  1919 D SubscriptionInfoUpdater: All IccIds query complete
02-20 20:24:10.819  1919  1919 D SubscriptionInfoUpdater: updateSubscriptionInfoByIccId:+ Start
02-20 20:24:10.820  1919  1919 D SubscriptionController: [clearSubInfo]- no simInfo size=0
02-20 20:24:10.820  1930  1968 D EGL_emulation: eglMakeCurrent: 0x744e044a5ec0: ver 3 0 (tinfo 0x744e0e9ec2c0)
02-20 20:24:10.820  1919  1919 D SubscriptionInfoUpdater: insertedSimCount = 1
02-20 20:24:10.820  1919  1919 D SubscriptionController: [getSubInfoUsingSlotIdWithCheck]+ slotId:0
02-20 20:24:10.823  2193  2193 W art     : Unexpected CPU variant for X86 using defaults: x86_64
02-20 20:24:10.833  1676  1989 I am_proc_start: [0,2193,10014,com.google.process.gapps,content provider,com.google.android.gsf/.gservices.GservicesProvider]
02-20 20:24:10.833  1676  1989 I ActivityManager: Start proc 2193:com.google.process.gapps/u0a14 for content provider com.google.android.gsf/.gservices.GservicesProvider
02-20 20:24:10.846  1919  1919 D SubscriptionController: [getPhoneId]- no sims, returning default phoneId=2147483647
02-20 20:24:10.848  1919  1919 D SubscriptionController: [getPhoneId]- no sims, returning default phoneId=2147483647
02-20 20:24:10.849  1919  1919 D SubscriptionController: [getPhoneId]- no sims, returning default phoneId=2147483647
02-20 20:24:10.849  1919  1919 D SubscriptionController: [getSubInfoUsingSlotId]- null info return
02-20 20:24:10.849  1919  1919 D SubscriptionInfoUpdater: updateSubscriptionInfoByIccId: oldSubId = 1
02-20 20:24:10.849  1919  1919 D SubscriptionInfoUpdater: updateSubscriptionInfoByIccId: oldIccId[0] = 89014103211118510720, sIccId[0] = 89014103211118510720
02-20 20:24:10.849  1919  1919 D SubscriptionController: [addSubInfoRecord]+ iccId:89014103211118510720 slotId:0
02-20 20:24:10.853  1764  1764 E BluetoothAdapter: Bluetooth binder is null
02-20 20:24:10.858  1676  1688 I am_proc_bound: [0,2188,com.google.android.apps.nexuslauncher]
02-20 20:24:10.882  1919  1919 D SubscriptionController: [getActiveSubInfoList] Sub Controller not ready
02-20 20:24:10.883  1919  1919 D SubscriptionController: [addSubInfoRecord] Record already exists
02-20 20:24:10.905  1676  1688 I am_restart_activity: [0,236769279,149,com.google.android.apps.nexuslauncher/.NexusLauncherActivity]
02-20 20:24:10.910  1930  1930 I am_on_stop_called: [0,com.android.settings.FallbackHome,destroy]
02-20 20:24:10.922  1676  1796 I am_proc_bound: [0,2193,com.google.process.gapps]
02-20 20:24:10.971  1919  1919 D SubscriptionController: [addSubInfoRecord] sSlotIdxToSubId.size=1 slotId=0 subId=1 defaultSubId=1 simCount=1
02-20 20:24:10.971  1919  1919 D SubscriptionController: [setDefaultFallbackSubId] subId=1
02-20 20:24:10.973  1919  1919 D SubscriptionController: [setDefaultFallbackSubId] set mDefaultFallbackSubId=1
02-20 20:24:10.977  1919  1919 D MccTable: updateMccMncConfiguration mccmnc='310260' fromServiceState=false
02-20 20:24:10.978  2188  2188 W System  : ClassLoader referenced unknown path: /system/priv-app/NexusLauncherPrebuilt/lib/x86_64
02-20 20:24:10.980  1919  1919 D MccTable: updateMccMncConfiguration defaultMccMnc=310260
02-20 20:24:10.980  1919  1919 D MccTable: updateMccMncConfiguration: mcc=310, mnc=260
02-20 20:24:10.980  1919  1919 D MccTable: updateMccMncConfiguration updateConfig config={1.0 310mcc260mnc ?localeList ?layoutDir ?swdp ?wdp ?hdp ?density ?lsize ?long ?orien ?uimode ?night ?touch ?keyb/?/? ?nav/?}
02-20 20:24:11.024  1930  1930 I art     : Starting a blocking GC Explicit
02-20 20:24:10.220     0     0 D ieee80211 phy1: mac80211_hwsim_configure_filter
02-20 20:24:11.038  1919  1919 D SubscriptionController: [setDefaultFallbackSubId] broadcast default subId changed phoneId=0 subId=1
02-20 20:24:11.043  2193  2193 I art     : Starting a blocking GC AddRemoveAppImageSpace
02-20 20:24:11.043  1764  1764 I CameraManagerGlobal: Connecting to camera service
02-20 20:24:11.067  1919  1919 D SubscriptionController: [addSubInfoRecord] one sim set defaults to subId=1
02-20 20:24:11.069  1365  1365 V EmulatedCamera_Camera: getCameraInfo
02-20 20:24:11.069  1365  1365 V EmulatedCamera_BaseCamera: getCameraInfo
02-20 20:24:11.069  1365  1365 I CameraService: getCameraCharacteristics: Switching to HAL1 shim implementation...
02-20 20:24:11.069  1365  1365 V EmulatedCamera_Camera: getCameraInfo
02-20 20:24:11.069  1365  1365 V EmulatedCamera_BaseCamera: getCameraInfo
02-20 20:24:11.069  1365  1365 I CameraService: CameraService::connect call (PID -1 "cameraserver", camera ID 0) for HAL version default and Camera API version 1
02-20 20:24:11.069  1919  1919 D SubscriptionController: [setDefaultDataSubId] num phones=1, subId=1
02-20 20:24:11.069  1919  1919 D SubscriptionController: [setDefaultDataSubId] phoneId=0 subId=1 RAF=1
02-20 20:24:11.070  1919  1919 D ProxyController: setRadioCapability: Already in requested configuration, nothing to do.
02-20 20:24:11.070  1919  1919 D SubscriptionController: [updateAllDataConnectionTrackers] sPhones.length=1
02-20 20:24:11.070  1919  1919 D SubscriptionController: [updateAllDataConnectionTrackers] phoneId=0
02-20 20:24:11.070  1919  1919 D DCT     : [0]update sub = 1
02-20 20:24:11.070  1919  1919 D DCT     : [0]update(): Active DDS, register for all events now!
02-20 20:24:11.070  1919  1919 D DCT     : [0]New records found.
02-20 20:24:11.070  1919  1919 D SST     : mDeviceShuttingDown=false, mDesiredPowerState=true, getRadioState=RADIO_ON, mPowerOffDelayNeed=true, mAlarmSwitch=false, mRadioDisabledByCarrier=false
02-20 20:24:11.070  1365  1365 E CameraService: getCameraPriorityFromProcState: Received invalid process state -1 from ActivityManagerService!
02-20 20:24:11.072  1919  1919 D GsmCdmaPhone: [GsmCdmaPhone] updateCurrentCarrierInProvider: mSubId = 1 currentDds = 1 operatorNumeric = 310260
02-20 20:24:11.072  1365  1365 V EmulatedCamera_Camera: getCameraInfo
02-20 20:24:11.072  1365  1365 V EmulatedCamera_BaseCamera: getCameraInfo
02-20 20:24:11.129  1372  2221 E WVMExtractor: Failed to open libwvm.so: dlopen failed: library "libwvm.so" not found
02-20 20:24:11.142  1372  2220 D NuPlayerDriver: notifyListener_l(0xe9e28d20), (1, 0, 0), loop setting(0, 0)
02-20 20:24:11.143  2193  2193 W System  : ClassLoader referenced unknown path: /system/priv-app/GoogleServicesFramework/lib/x86_64
02-20 20:24:11.156  1372  2222 D NuPlayerDriver: notifyListener_l(0xe9e28f60), (1, 0, 0), loop setting(0, 0)
02-20 20:24:11.171  1372  2225 D NuPlayerDriver: notifyListener_l(0xe9e28fc0), (1, 0, 0), loop setting(0, 0)
02-20 20:24:11.172  1365  1365 I CameraFlashlight: Opening camera 0
02-20 20:24:11.172  1365  1365 V EmulatedCamera_Camera: getCameraInfo
02-20 20:24:11.172  1365  1365 V EmulatedCamera_BaseCamera: getCameraInfo
02-20 20:24:11.172  1365  1365 V EmulatedCamera_Camera: connectCamera
02-20 20:24:11.172  1365  1365 V EmulatedCamera_FakeDevice: connectDevice
02-20 20:24:11.172  1365  1365 V EmulatedCamera_CallbackNotifier: setCallbacks: 0xf1fa8e80, 0xf1fa8ed0, 0xf1fa8ff0, 0xf1fa9110 (0xf18c3320)
02-20 20:24:11.172  1365  1365 V EmulatedCamera_CallbackNotifier: enableMessage: msg_type = 0xc0d
02-20 20:24:11.172  1365  1365 V EmulatedCamera_CallbackNotifier:     CAMERA_MSG_ERROR
02-20 20:24:11.172  1365  1365 V EmulatedCamera_CallbackNotifier:     CAMERA_MSG_FOCUS
02-20 20:24:11.172  1365  1365 V EmulatedCamera_CallbackNotifier:     CAMERA_MSG_ZOOM
02-20 20:24:11.172  1365  1365 V EmulatedCamera_CallbackNotifier:     CAMERA_MSG_PREVIEW_METADATA
02-20 20:24:11.172  1365  1365 V EmulatedCamera_CallbackNotifier: **** Currently enabled messages:
02-20 20:24:11.172  1365  1365 V EmulatedCamera_CallbackNotifier:     CAMERA_MSG_ERROR
02-20 20:24:11.172  1365  1365 V EmulatedCamera_CallbackNotifier:     CAMERA_MSG_FOCUS
02-20 20:24:11.172  1365  1365 V EmulatedCamera_CallbackNotifier:     CAMERA_MSG_ZOOM
02-20 20:24:11.172  1365  1365 V EmulatedCamera_CallbackNotifier:     CAMERA_MSG_PREVIEW_METADATA
02-20 20:24:11.172  1365  1365 V EmulatedCamera_CallbackNotifier: disableMessage: msg_type = 0xffff
02-20 20:24:11.172  1365  1365 V EmulatedCamera_CallbackNotifier:     CAMERA_MSG_ERROR
02-20 20:24:11.172  1365  1365 V EmulatedCamera_CallbackNotifier:     CAMERA_MSG_SHUTTER
02-20 20:24:11.172  1365  1365 V EmulatedCamera_CallbackNotifier:     CAMERA_MSG_FOCUS
02-20 20:24:11.172  1365  1365 V EmulatedCamera_CallbackNotifier:     CAMERA_MSG_ZOOM
02-20 20:24:11.172  1365  1365 V EmulatedCamera_CallbackNotifier:     CAMERA_MSG_PREVIEW_FRAME
02-20 20:24:11.172  1365  1365 V EmulatedCamera_CallbackNotifier:     CAMERA_MSG_VIDEO_FRAME
02-20 20:24:11.172  1365  1365 V EmulatedCamera_CallbackNotifier:     CAMERA_MSG_POSTVIEW_FRAME
02-20 20:24:11.172  1365  1365 V EmulatedCamera_CallbackNotifier:     CAMERA_MSG_RAW_IMAGE
02-20 20:24:11.172  1365  1365 V EmulatedCamera_CallbackNotifier:     CAMERA_MSG_COMPRESSED_IMAGE
02-20 20:24:11.172  1365  1365 V EmulatedCamera_CallbackNotifier:     CAMERA_MSG_RAW_IMAGE_NOTIFY
02-20 20:24:11.172  1365  1365 V EmulatedCamera_CallbackNotifier:     CAMERA_MSG_PREVIEW_METADATA
02-20 20:24:11.172  1365  1365 V EmulatedCamera_CallbackNotifier: **** Currently enabled messages:
02-20 20:24:11.172  1365  1365 V EmulatedCamera_Preview: setPreviewWindow: current: 0x0 -> new: 0x0
02-20 20:24:11.172  1365  1365 V EmulatedCamera_Camera: doStopPreview
02-20 20:24:11.173  1365  1365 V EmulatedCamera_Camera: cancelPicture
02-20 20:24:11.173  1365  1365 V EmulatedCamera_Camera: releaseCamera
02-20 20:24:11.173  1365  1365 V EmulatedCamera_Camera: doStopPreview
02-20 20:24:11.173  1365  1365 V EmulatedCamera_FakeDevice: disconnectDevice
02-20 20:24:11.173  1365  1365 W EmulatedCamera_Device: Initialize: Emulated camera device is already initialized: mState = 1
02-20 20:24:11.173  1365  1365 D EmulatedCamera_FakeCamera: Initialize: Fake camera is facing back
02-20 20:24:11.173  1365  1365 V EmulatedCamera_Device: initializeWhiteBalanceModes with auto, 1.000000, 1.000000
02-20 20:24:11.173  1365  1365 V EmulatedCamera_Device: initializeWhiteBalanceModes with incandescent, 1.380000, 0.600000
02-20 20:24:11.173  1365  1365 V EmulatedCamera_Device: initializeWhiteBalanceModes with daylight, 1.090000, 0.920000
02-20 20:24:11.173  1365  1365 V EmulatedCamera_Device: initializeWhiteBalanceModes with twilight, 0.920000, 1.220000
02-20 20:24:11.173  1365  1365 V EmulatedCamera_Device: setWhiteBalanceMode with white balance auto
02-20 20:24:11.173  1365  1365 I CameraFlashlight: Destroying camera 0
02-20 20:24:11.173  1365  1365 V EmulatedCamera_Camera: closeCamera
02-20 20:24:11.173  1365  1365 V EmulatedCamera_Camera: doStopPreview
02-20 20:24:11.173  1365  1365 W EmulatedCamera_Device: Initialize: Emulated camera device is already initialized: mState = 1
02-20 20:24:11.173  1365  1365 D EmulatedCamera_FakeCamera: Initialize: Fake camera is facing back
02-20 20:24:11.173  1365  1365 V EmulatedCamera_Device: initializeWhiteBalanceModes with auto, 1.000000, 1.000000
02-20 20:24:11.173  1365  1365 V EmulatedCamera_Device: initializeWhiteBalanceModes with incandescent, 1.380000, 0.600000
02-20 20:24:11.173  1365  1365 V EmulatedCamera_Device: initializeWhiteBalanceModes with daylight, 1.090000, 0.920000
02-20 20:24:11.173  1365  1365 V EmulatedCamera_Device: initializeWhiteBalanceModes with twilight, 0.920000, 1.220000
02-20 20:24:11.173  1365  1365 V EmulatedCamera_Device: setWhiteBalanceMode with white balance auto
02-20 20:24:11.173  1365  1365 I CameraService: disconnect: Disconnected client for camera 0 for PID 1365
02-20 20:24:11.173  1372  1886 D NuPlayerDriver: reset(0xe9e28d20) at state 4
02-20 20:24:11.173  1372  1886 D NuPlayerDriver: notifyListener_l(0xe9e28d20), (8, 0, 0), loop setting(0, 0)
02-20 20:24:11.174  1372  2220 D NuPlayerDriver: notifyResetComplete(0xe9e28d20)
02-20 20:24:11.174  1372  1829 D NuPlayerDriver: reset(0xe9e28f60) at state 4
02-20 20:24:11.174  1372  1829 D NuPlayerDriver: notifyListener_l(0xe9e28f60), (8, 0, 0), loop setting(0, 0)
02-20 20:24:11.174  1372  2222 D NuPlayerDriver: notifyResetComplete(0xe9e28f60)
02-20 20:24:11.175  1372  1372 D NuPlayerDriver: reset(0xe9e28fc0) at state 4
02-20 20:24:11.175  1372  1372 D NuPlayerDriver: notifyListener_l(0xe9e28fc0), (8, 0, 0), loop setting(0, 0)
02-20 20:24:11.175  1372  2225 D NuPlayerDriver: notifyResetComplete(0xe9e28fc0)
02-20 20:24:11.175  1365  1712 V EmulatedCamera_Camera: getCameraInfo
02-20 20:24:11.175  1365  1712 V EmulatedCamera_BaseCamera: getCameraInfo
02-20 20:24:11.176  1365  1365 V EmulatedCamera_Camera: getCameraInfo
02-20 20:24:11.176  1365  1365 V EmulatedCamera_BaseCamera: getCameraInfo
02-20 20:24:11.215  1676  1746 W ActivityManager: Slow operation: 150ms so far, now at startProcess: returned from zygote!
02-20 20:24:11.215  1676  1746 W ActivityManager: Slow operation: 150ms so far, now at startProcess: done updating battery stats
02-20 20:24:11.215  1676  1746 I am_proc_start: [0,2227,1000,com.android.keychain,service,com.android.keychain/.KeyChainService]
02-20 20:24:11.215  1676  1746 W ActivityManager: Slow operation: 150ms so far, now at startProcess: building log message
02-20 20:24:11.215  1676  1746 I ActivityManager: Start proc 2227:com.android.keychain/1000 for service com.android.keychain/.KeyChainService
02-20 20:24:11.215  1676  1746 W ActivityManager: Slow operation: 150ms so far, now at startProcess: starting to update pids map
02-20 20:24:11.215  1676  1746 W ActivityManager: Slow operation: 150ms so far, now at startProcess: done updating pids map
02-20 20:24:11.215  1676  1746 W ActivityManager: Slow operation: 150ms so far, now at startProcess: done starting proc!
02-20 20:24:11.215  1676  1676 W art     : Long monitor contention with owner AsyncTask #1 (1746) at int com.android.server.am.ActivityManagerService.bindService(android.app.IApplicationThread, android.os.IBinder, android.content.Intent, java.lang.String, android.app.IServiceConnection, int, java.lang.String, int)(ActivityManagerService.java:17301) waiters=1 in android.content.pm.UserInfo com.android.server.am.UserController.getCurrentUser() for 114ms
02-20 20:24:11.215  1676  1676 I dvm_lock_sample: [system_server,1,main,114,UserController.java,1438,ActivityManagerService.java,17301,22]
02-20 20:24:11.216  1676  2031 I dvm_lock_sample: [system_server,1,Binder:1676_6,28,ActivityManagerService.java,11160,-,17301,5]
02-20 20:24:11.217  1919  2144 D RILJ    : [3736]> RIL_REQUEST_GET_CELL_INFO_LIST [SUB0]
02-20 20:24:11.217  1374  1486 D RIL     : onRequest: GET_CELL_INFO_LIST
02-20 20:24:11.217  1374  1486 D RILC    : responseCellInfoList: v12
02-20 20:24:11.218  1919  1992 D RILJ    : [3736]< RIL_REQUEST_GET_CELL_INFO_LIST [CellInfoGsm:{mRegistered=YES mTimeStampType=modem mTimeStamp=12412804409ns CellIdentityGsm:{ mMcc=310 mMnc=260 mLac=3 mCid=91 mArfcn=10 mBsic=0x0} CellSignalStrengthGsm: ss=-1835011656 ber=32056 mTa=-1828266884}] [SUB0]
02-20 20:24:11.219  2227  2227 W art     : Unexpected CPU variant for X86 using defaults: x86_64
02-20 20:24:11.222  1764  1764 I StatusBar: isKeyguardShowing() called before startKeyguard(), returning true
02-20 20:24:11.225  1676  1810 I am_proc_bound: [0,2227,com.android.keychain]
02-20 20:24:11.229  2188  2188 V Launcher: LauncherAppState inited
02-20 20:24:11.238  2227  2227 W System  : ClassLoader referenced unknown path: /system/app/KeyChain/lib/x86_64
02-20 20:24:11.241  1764  1764 W StatusBar: isKeyguardSecure() called before startKeyguard(), returning false
02-20 20:24:11.241  1764  1764 W StatusBar: java.lang.Throwable
02-20 20:24:11.241  1764  1764 W StatusBar: 	at com.android.systemui.statusbar.BaseStatusBar.isKeyguardSecure(BaseStatusBar.java:2647)
02-20 20:24:11.241  1764  1764 W StatusBar: 	at com.android.systemui.statusbar.BaseStatusBar.isCameraAllowedByAdmin(BaseStatusBar.java:2670)
02-20 20:24:11.241  1764  1764 W StatusBar: 	at com.android.systemui.statusbar.phone.KeyguardBottomAreaView.updateCameraVisibility(KeyguardBottomAreaView.java:309)
02-20 20:24:11.241  1764  1764 W StatusBar: 	at com.android.systemui.statusbar.phone.KeyguardBottomAreaView.setPhoneStatusBar(KeyguardBottomAreaView.java:272)
02-20 20:24:11.241  1764  1764 W StatusBar: 	at com.android.systemui.statusbar.phone.PhoneStatusBar.makeStatusBarView(PhoneStatusBar.java:904)
02-20 20:24:11.241  1764  1764 W StatusBar: 	at com.android.systemui.statusbar.phone.PhoneStatusBar.addStatusBarWindow(PhoneStatusBar.java:3432)
02-20 20:24:11.241  1764  1764 W StatusBar: 	at com.android.systemui.statusbar.phone.PhoneStatusBar.createAndAddWindows(PhoneStatusBar.java:3428)
02-20 20:24:11.241  1764  1764 W StatusBar: 	at com.android.systemui.statusbar.BaseStatusBar.start(BaseStatusBar.java:765)
02-20 20:24:11.241  1764  1764 W StatusBar: 	at com.android.systemui.statusbar.phone.PhoneStatusBar.start(PhoneStatusBar.java:686)
02-20 20:24:11.241  1764  1764 W StatusBar: 	at com.android.systemui.statusbar.SystemBars.createStatusBarFromConfig(SystemBars.java:106)
02-20 20:24:11.241  1764  1764 W StatusBar: 	at com.android.systemui.statusbar.SystemBars.onNoService(SystemBars.java:58)
02-20 20:24:11.241  1764  1764 W StatusBar: 	at com.android.systemui.statusbar.ServiceMonitor.startService(ServiceMonitor.java:230)
02-20 20:24:11.241  1764  1764 W StatusBar: 	at com.android.systemui.statusbar.ServiceMonitor.-wrap5(ServiceMonitor.java)
02-20 20:24:11.241  1764  1764 W StatusBar: 	at com.android.systemui.statusbar.ServiceMonitor$1.handleMessage(ServiceMonitor.java:73)
02-20 20:24:11.241  1764  1764 W StatusBar: 	at android.os.Handler.dispatchMessage(Handler.java:102)
02-20 20:24:11.241  1764  1764 W StatusBar: 	at android.os.Looper.loop(Looper.java:154)
02-20 20:24:11.241  1764  1764 W StatusBar: 	at android.app.ActivityThread.main(ActivityThread.java:6119)
02-20 20:24:11.241  1764  1764 W StatusBar: 	at java.lang.reflect.Method.invoke(Native Method)
02-20 20:24:11.241  1764  1764 W StatusBar: 	at com.android.internal.os.ZygoteInit$MethodAndArgsCaller.run(ZygoteInit.java:886)
02-20 20:24:11.241  1764  1764 W StatusBar: 	at com.android.internal.os.ZygoteInit.main(ZygoteInit.java:776)
02-20 20:24:11.243  2193  2193 I GservicesProvider: Gservices pushing to system: true; secure/global: true
02-20 20:24:11.245  1764  1764 I StatusBar: isKeyguardShowing() called before startKeyguard(), returning true
02-20 20:24:11.245  1764  1764 W StatusBar: isKeyguardSecure() called before startKeyguard(), returning false
02-20 20:24:11.245  1764  1764 W StatusBar: java.lang.Throwable
02-20 20:24:11.245  1764  1764 W StatusBar: 	at com.android.systemui.statusbar.BaseStatusBar.isKeyguardSecure(BaseStatusBar.java:2647)
02-20 20:24:11.245  1764  1764 W StatusBar: 	at com.android.systemui.statusbar.BaseStatusBar.isCameraAllowedByAdmin(BaseStatusBar.java:2670)
02-20 20:24:11.245  1764  1764 W StatusBar: 	at com.android.systemui.statusbar.phone.KeyguardBottomAreaView.updateCameraVisibility(KeyguardBottomAreaView.java:309)
02-20 20:24:11.245  1764  1764 W StatusBar: 	at com.android.systemui.statusbar.phone.KeyguardBottomAreaView.setUserSetupComplete(KeyguardBottomAreaView.java:281)
02-20 20:24:11.245  1764  1764 W StatusBar: 	at com.android.systemui.statusbar.phone.PhoneStatusBar.makeStatusBarView(PhoneStatusBar.java:905)
02-20 20:24:11.245  1764  1764 W StatusBar: 	at com.android.systemui.statusbar.phone.PhoneStatusBar.addStatusBarWindow(PhoneStatusBar.java:3432)
02-20 20:24:11.245  1764  1764 W StatusBar: 	at com.android.systemui.statusbar.phone.PhoneStatusBar.createAndAddWindows(PhoneStatusBar.java:3428)
02-20 20:24:11.245  1764  1764 W StatusBar: 	at com.android.systemui.statusbar.BaseStatusBar.start(BaseStatusBar.java:765)
02-20 20:24:11.245  1764  1764 W StatusBar: 	at com.android.systemui.statusbar.phone.PhoneStatusBar.start(PhoneStatusBar.java:686)
02-20 20:24:11.245  1764  1764 W StatusBar: 	at com.android.systemui.statusbar.SystemBars.createStatusBarFromConfig(SystemBars.java:106)
02-20 20:24:11.245  1764  1764 W StatusBar: 	at com.android.systemui.statusbar.SystemBars.onNoService(SystemBars.java:58)
02-20 20:24:11.245  1764  1764 W StatusBar: 	at com.android.systemui.statusbar.ServiceMonitor.startService(ServiceMonitor.java:230)
02-20 20:24:11.245  1764  1764 W StatusBar: 	at com.android.systemui.statusbar.ServiceMonitor.-wrap5(ServiceMonitor.java)
02-20 20:24:11.245  1764  1764 W StatusBar: 	at com.android.systemui.statusbar.ServiceMonitor$1.handleMessage(ServiceMonitor.java:73)
02-20 20:24:11.245  1764  1764 W StatusBar: 	at android.os.Handler.dispatchMessage(Handler.java:102)
02-20 20:24:11.245  1764  1764 W StatusBar: 	at android.os.Looper.loop(Looper.java:154)
02-20 20:24:11.245  1764  1764 W StatusBar: 	at android.app.ActivityThread.main(ActivityThread.java:6119)
02-20 20:24:11.245  1764  1764 W StatusBar: 	at java.lang.reflect.Method.invoke(Native Method)
02-20 20:24:11.245  1764  1764 W StatusBar: 	at com.android.internal.os.ZygoteInit$MethodAndArgsCaller.run(ZygoteInit.java:886)
02-20 20:24:11.245  1764  1764 W StatusBar: 	at com.android.internal.os.ZygoteInit.main(ZygoteInit.java:776)
02-20 20:24:11.279  1930  1930 I art     : Explicit concurrent mark sweep GC freed 3965(316KB) AllocSpace objects, 0(0B) LOS objects, 19% free, 8MB/10MB, paused 88us total 254.362ms
02-20 20:24:11.319  1930  1930 I art     : Starting a blocking GC Explicit
02-20 20:24:11.320  2247  2247 W art     : Unexpected CPU variant for X86 using defaults: x86
02-20 20:24:11.321  1676  2031 I am_proc_start: [0,2247,10029,com.google.android.googlequicksearchbox:search,service,com.google.android.googlequicksearchbox/com.google.android.hotword.service.HotwordService]
02-20 20:24:11.321  1676  2031 I ActivityManager: Start proc 2247:com.google.android.googlequicksearchbox:search/u0a29 for service com.google.android.googlequicksearchbox/com.google.android.hotword.service.HotwordService
02-20 20:24:11.339  1676  1810 I am_proc_bound: [0,2247,com.google.android.googlequicksearchbox:search]
02-20 20:24:11.386  1919  1950 D SubscriptionController: [getPhoneId] asked for default subId=1
02-20 20:24:11.400  1365  1712 V EmulatedCamera_Camera: getCameraInfo
02-20 20:24:11.400  1365  1712 V EmulatedCamera_BaseCamera: getCameraInfo
02-20 20:24:11.400  1365  1365 V EmulatedCamera_Camera: getCameraInfo
02-20 20:24:11.400  1365  1365 V EmulatedCamera_BaseCamera: getCameraInfo
02-20 20:24:11.436  2188  2242 V GridSizeMigrationTask: Workspace migration completed in 24
02-20 20:24:11.436  2188  2242 D Launcher.Model: loadWorkspace: loading default favorites
02-20 20:24:11.450  1764  1764 I StatusBar: isKeyguardShowing() called before startKeyguard(), returning true
02-20 20:24:11.451  1764  1764 W StatusBar: isKeyguardSecure() called before startKeyguard(), returning false
02-20 20:24:11.451  1764  1764 W StatusBar: java.lang.Throwable
02-20 20:24:11.451  1764  1764 W StatusBar: 	at com.android.systemui.statusbar.BaseStatusBar.isKeyguardSecure(BaseStatusBar.java:2647)
02-20 20:24:11.451  1764  1764 W StatusBar: 	at com.android.systemui.statusbar.BaseStatusBar.isCameraAllowedByAdmin(BaseStatusBar.java:2670)
02-20 20:24:11.451  1764  1764 W StatusBar: 	at com.android.systemui.statusbar.phone.KeyguardBottomAreaView.updateCameraVisibility(KeyguardBottomAreaView.java:309)
02-20 20:24:11.451  1764  1764 W StatusBar: 	at com.android.systemui.statusbar.phone.KeyguardBottomAreaView.setUserSetupComplete(KeyguardBottomAreaView.java:281)
02-20 20:24:11.451  1764  1764 W StatusBar: 	at com.android.systemui.statusbar.phone.PhoneStatusBar$1.onChange(PhoneStatusBar.java:441)
02-20 20:24:11.451  1764  1764 W StatusBar: 	at com.android.systemui.statusbar.phone.PhoneStatusBar.resetUserSetupObserver(PhoneStatusBar.java:3676)
02-20 20:24:11.451  1764  1764 W StatusBar: 	at com.android.systemui.statusbar.phone.PhoneStatusBar.makeStatusBarView(PhoneStatusBar.java:1008)
02-20 20:24:11.451  1764  1764 W StatusBar: 	at com.android.systemui.statusbar.phone.PhoneStatusBar.addStatusBarWindow(PhoneStatusBar.java:3432)
02-20 20:24:11.451  1764  1764 W StatusBar: 	at com.android.systemui.statusbar.phone.PhoneStatusBar.createAndAddWindows(PhoneStatusBar.java:3428)
02-20 20:24:11.451  1764  1764 W StatusBar: 	at com.android.systemui.statusbar.BaseStatusBar.start(BaseStatusBar.java:765)
02-20 20:24:11.451  1764  1764 W StatusBar: 	at com.android.systemui.statusbar.phone.PhoneStatusBar.start(PhoneStatusBar.java:686)
02-20 20:24:11.451  1764  1764 W StatusBar: 	at com.android.systemui.statusbar.SystemBars.createStatusBarFromConfig(SystemBars.java:106)
02-20 20:24:11.451  1764  1764 W StatusBar: 	at com.android.systemui.statusbar.SystemBars.onNoService(SystemBars.java:58)
02-20 20:24:11.451  1764  1764 W StatusBar: 	at com.android.systemui.statusbar.ServiceMonitor.startService(ServiceMonitor.java:230)
02-20 20:24:11.451  1764  1764 W StatusBar: 	at com.android.systemui.statusbar.ServiceMonitor.-wrap5(ServiceMonitor.java)
02-20 20:24:11.451  1764  1764 W StatusBar: 	at com.android.systemui.statusbar.ServiceMonitor$1.handleMessage(ServiceMonitor.java:73)
02-20 20:24:11.451  1764  1764 W StatusBar: 	at android.os.Handler.dispatchMessage(Handler.java:102)
02-20 20:24:11.451  1764  1764 W StatusBar: 	at android.os.Looper.loop(Looper.java:154)
02-20 20:24:11.451  1764  1764 W StatusBar: 	at android.app.ActivityThread.main(ActivityThread.java:6119)
02-20 20:24:11.451  1764  1764 W StatusBar: 	at java.lang.reflect.Method.invoke(Native Method)
02-20 20:24:11.451  1764  1764 W StatusBar: 	at com.android.internal.os.ZygoteInit$MethodAndArgsCaller.run(ZygoteInit.java:886)
02-20 20:24:11.451  1764  1764 W StatusBar: 	at com.android.internal.os.ZygoteInit.main(ZygoteInit.java:776)
02-20 20:24:11.453  1764  1963 D OpenGLRenderer: profile bars disabled
02-20 20:24:11.453  1764  1963 D OpenGLRenderer: ambientRatio = 1.50
02-20 20:24:11.455  2193  2193 I GoogleHttpClient: GMS http client unavailable, use old client
02-20 20:24:11.460  1764  1764 D PhoneStatusBar: disable: < EXPAND* icons alerts system_info BACK* HOME* RECENT* clock SEARCH* quick_settings >
02-20 20:24:11.464  2188  2188 I am_on_resume_called: [0,com.google.android.apps.nexuslauncher.NexusLauncherActivity,LAUNCH_ACTIVITY]
02-20 20:24:11.471  1312  1995 E SurfaceFlinger: ro.sf.lcd_density must be defined as a build property
02-20 20:24:11.480  2188  2188 D         : HostConnection::get() New Host Connection established 0x744e0244d240, tid 2188
02-20 20:24:11.519  2188  2275 D         : HostConnection::get() New Host Connection established 0x744e06e1b8a0, tid 2275
02-20 20:24:11.522  2188  2275 I OpenGLRenderer: Initialized EGL, version 1.4
02-20 20:24:11.522  2188  2275 D OpenGLRenderer: Swap behavior 1
02-20 20:24:11.545  2188  2275 D EGL_emulation: eglCreateContext: 0x744e06e35820: maj 3 min 0 rcv 3
02-20 20:24:11.546  1676  2143 I force_gc: Binder
02-20 20:24:11.606  1919  1919 D SubscriptionController: [broadcastDefaultDataSubIdChanged] subId=1
02-20 20:24:11.609  1930  1930 I art     : Explicit concurrent mark sweep GC freed 699(36KB) AllocSpace objects, 0(0B) LOS objects, 19% free, 8MB/10MB, paused 71us total 289.481ms
02-20 20:24:11.616  2188  2275 D EGL_emulation: eglMakeCurrent: 0x744e06e35820: ver 3 0 (tinfo 0x744e06e0c620)
02-20 20:24:11.661  1919  1919 D SubscriptionController: [setDefaultSmsSubId] subId=1
02-20 20:24:11.662  1919  1919 D SubscriptionController: [broadcastDefaultSmsSubIdChanged] subId=1
02-20 20:24:11.664  1919  1919 D SubscriptionController: [setDefaultVoiceSubId] subId=1
02-20 20:24:11.664  1919  1919 D SubscriptionController: [broadcastDefaultVoiceSubIdChanged] subId=1
02-20 20:24:11.676  1919  1919 D SubscriptionController: [addSubInfoRecord] hashmap(0,1)
