02-20 20:25:20.267  1920  1920 D TelephonyManager: setTelephonyProperty: success phoneId=0 property=gsm.sim.state value: NOT_READY propVal=NOT_READY
02-20 20:25:20.268  1920  1920 D IccCardProxy: broadcastIccStateChangedIntent intent ACTION_SIM_STATE_CHANGED value=NOT_READY reason=null for mPhoneId=0
02-20 20:25:20.269  1678  1678 V WiredAccessoryManager: notifyWiredAccessoryChanged: when=0 bits= mask=54
02-20 20:25:20.269  1678  1678 V WiredAccessoryManager: newName=h2w newState=0 headsetState=0 prev headsetState=0
02-20 20:25:20.269  1678  1678 E WiredAccessoryManager: No state change.
02-20 20:25:20.269  1678  1678 V WiredAccessoryManager: init()
02-20 20:25:20.271  1920  1920 D RILJ    : setPhoneType=1 old value=0 [SUB0]
02-20 20:25:20.271  1920  1920 D TelephonyManager: setTelephonyProperty: success phoneId=0 property=gsm.current.phone-type value: 1 propVal=1
02-20 20:25:20.271  1372  1879 I MediaPlayerService: MediaPlayerService::getOMX
02-20 20:25:20.272  1678  2026 I OMXClient: MuxOMX ctor
02-20 20:25:20.272  1920  1920 D IccCardProxy: Setting radio tech UMTS
02-20 20:25:20.272  1920  1920 D IccCardProxy: updateQuietMode: 3GPP subscription -> newQuietMode=false
02-20 20:25:20.272  1920  1920 D IccCardProxy: updateQuietMode: no changes don't setExternalState
02-20 20:25:20.272  1920  1920 D IccCardProxy: updateQuietMode: QuietMode is false (app_type=1 cdmaSource=-1)
02-20 20:25:20.272  1369  1838 I OMXMaster: makeComponentInstance(OMX.google.vorbis.decoder) in mediacodec process
02-20 20:25:20.273  1920  1920 W CarrierConfigManager: Error getting config for subId -1 ICarrierConfigLoader is null
02-20 20:25:20.274  1678  1750 D TelephonyRegistry: listen oscl: hasNotifySubscriptionInfoChangedOccurred==false no callback
02-20 20:25:20.276  1920  1920 D TelephonyManager: setTelephonyProperty: success phoneId=0 property=gsm.network.type value: Unknown propVal=Unknown
02-20 20:25:20.278  1920  1920 D RILJ    : [3654]> SIGNAL_STRENGTH [SUB0]
02-20 20:25:20.279  1374  1500 D RIL     : onRequest: SIGNAL_STRENGTH
02-20 20:25:20.280  1920  2014 D RilRequest: [3654]< SIGNAL_STRENGTH error: com.android.internal.telephony.CommandException: RADIO_NOT_AVAILABLE ret=
02-20 20:25:20.282  1920  1920 D SST     : notifyDataRegStateRilRadioTechnologyChanged: drs=1 rat=0
02-20 20:25:20.283  1920  1920 D TelephonyManager: setTelephonyProperty: success phoneId=0 property=gsm.network.type value: Unknown propVal=Unknown
02-20 20:25:20.286  1920  1920 D DCT     : [0]DCT.constructor
02-20 20:25:20.288  1678  1750 D TelephonyRegistry: listen oscl: hasNotifySubscriptionInfoChangedOccurred==false no callback
02-20 20:25:20.290  1920  1920 D Dcc     : E ctor
02-20 20:25:20.290  1920  1920 D Dcc     : X ctor
02-20 20:25:20.291  1920  1920 D SubscriptionController: [getPhoneId] asked for default subId=-1
02-20 20:25:20.292  1920  2027 D DcTesterDeacativateAll: register for intent action=com.android.internal.telephony.dataconnection.action_deactivate_all
02-20 20:25:20.292  1920  2027 D DcTesterDeacativateAll: register for intent action=com.android.internal.telephony.action_detached
02-20 20:25:20.293  1920  1920 D DcTesterFailBrinupAll: register for intent action=com.android.internal.telephony.dataconnection.action_fail_bringup
02-20 20:25:20.293  1920  1920 D DcTesterFailBrinupAll: register for intent action=com.android.internal.telephony.action_detached
02-20 20:25:20.293  1920  1920 D DcTesterFailBrinupAll: register for intent action=com.android.internal.telephony.action_attached
02-20 20:25:20.294  1920  1920 D SST     : notifyDataRegStateRilRadioTechnologyChanged: drs=1 rat=0
02-20 20:25:20.294  1920  1920 D TelephonyManager: setTelephonyProperty: success phoneId=0 property=gsm.network.type value: Unknown propVal=Unknown
02-20 20:25:20.294  1920  1920 D DCT     : [0]update sub = -2
02-20 20:25:20.294  1920  1920 D DCT     : [0]update(): Active DDS, register for all events now!
02-20 20:25:20.294  1920  1920 D GsmCdmaPhone: [GsmCdmaPhone] updateCurrentCarrierInProvider: mSubId = -2 currentDds = 1 operatorNumeric = null
02-20 20:25:20.295  1920  1920 D DCT     : [0]initApnContexts: E
02-20 20:25:20.295  1920  1920 D DCT     : [0]initApnContexts: skipping unknown type=1
02-20 20:25:20.295  1920  1920 D DCT     : [0]initApnContexts: apnContext={mApnType=default mState=IDLE mWaitingApns={null} mApnSetting={null} mReason=dataEnabled mDataEnabled=false mDependencyMet=true}
02-20 20:25:20.295  1920  1920 D DCT     : [0]initApnContexts: apnContext={mApnType=mms mState=IDLE mWaitingApns={null} mApnSetting={null} mReason=dataEnabled mDataEnabled=false mDependencyMet=true}
02-20 20:25:20.295  1920  1920 D DCT     : [0]initApnContexts: apnContext={mApnType=supl mState=IDLE mWaitingApns={null} mApnSetting={null} mReason=dataEnabled mDataEnabled=false mDependencyMet=true}
02-20 20:25:20.295  1920  1920 D DCT     : [0]initApnContexts: apnContext={mApnType=hipri mState=IDLE mWaitingApns={null} mApnSetting={null} mReason=dataEnabled mDataEnabled=false mDependencyMet=true}
02-20 20:25:20.295  1920  1920 D DCT     : [0]initApnContexts: apnContext={mApnType=fota mState=IDLE mWaitingApns={null} mApnSetting={null} mReason=dataEnabled mDataEnabled=false mDependencyMet=true}
02-20 20:25:20.295  1920  1920 D DCT     : [0]initApnContexts: apnContext={mApnType=ims mState=IDLE mWaitingApns={null} mApnSetting={null} mReason=dataEnabled mDataEnabled=false mDependencyMet=true}
02-20 20:25:20.295  1920  1920 D DCT     : [0]initApnContexts: apnContext={mApnType=cbs mState=IDLE mWaitingApns={null} mApnSetting={null} mReason=dataEnabled mDataEnabled=false mDependencyMet=true}
02-20 20:25:20.295  1920  1920 D DCT     : [0]initApnContexts: skipping unknown type=13
02-20 20:25:20.295  1920  1920 D DCT     : [0]initApnContexts: apnContext={mApnType=ia mState=IDLE mWaitingApns={null} mApnSetting={null} mReason=dataEnabled mDataEnabled=false mDependencyMet=true}
02-20 20:25:20.295  1920  1920 D DCT     : [0]initApnContexts: apnContext={mApnType=emergency mState=IDLE mWaitingApns={null} mApnSetting={null} mReason=dataEnabled mDataEnabled=false mDependencyMet=true}
02-20 20:25:20.296  1920  2027 D Dcc     : DccDefaultState: msg.what=EVENT_RIL_CONNECTED mRilVersion=12
02-20 20:25:20.299  1934  1986 D EGL_emulation: eglMakeCurrent: 0x74e6f93ee5e0: ver 3 0 (tinfo 0x74e70389c0c0)
02-20 20:25:20.330  1678  1678 W VibratorService: Tried to stop vibrating but there is no vibrator device.
02-20 20:25:20.351  1920  1920 D GsmCdmaPhone: [GsmCdmaPhone] GsmCdmaPhone: constructor: sub = 0
02-20 20:25:20.351  1920  1920 I PhoneFactory: Creating Phone with type = 1 sub = 0
02-20 20:25:20.357  1920  1920 I PhoneFactory: defaultSmsApplication: NONE
02-20 20:25:20.362  2034  2034 W art     : Unexpected CPU variant for X86 using defaults: x86_64
02-20 20:25:20.368  1678  1678 I am_proc_start: [0,2034,10004,com.android.cellbroadcastreceiver,broadcast,com.android.cellbroadcastreceiver/.CellBroadcastReceiver]
02-20 20:25:20.368  1678  1678 I ActivityManager: Start proc 2034:com.android.cellbroadcastreceiver/u0a4 for broadcast com.android.cellbroadcastreceiver/.CellBroadcastReceiver
02-20 20:25:20.369  1678  1960 I am_proc_bound: [0,2034,com.android.cellbroadcastreceiver]
02-20 20:25:20.371  1678  1678 D ConditionProviders.SCP: onSubscribe condition://android/schedule?days=6.7&start=23.30&end=10.0&exitAtAlarm=false
02-20 20:25:20.372  1678  1678 D ConditionProviders.SCP: setRegistered true
02-20 20:25:20.378  1678  1692 I boot_progress_enable_screen: 11378
02-20 20:25:20.379  1678  1692 V KeyguardServiceDelegate: *** Keyguard started
02-20 20:25:20.379  1678  1692 I screen_toggled: 1
02-20 20:25:20.380  1678  1692 W KeyguardServiceDelegate: onScreenTurningOn(): no keyguard service!
02-20 20:25:20.380  1678  1678 D ConditionProviders.SCP: notifyCondition condition://android/schedule?days=6.7&start=23.30&end=10.0&exitAtAlarm=false STATE_FALSE reason=!meetsSchedule
02-20 20:25:20.381  1678  1678 D ConditionProviders.SCP: Scheduling evaluate for Tue Feb 20 23:30:00 GMT+00:00 2018 (1519169400000), in +3h4m39s620ms, now=Tue Feb 20 20:25:20 GMT+00:00 2018 (1519158320380)
02-20 20:25:20.381  1678  1678 D ConditionProviders.SCP: onSubscribe condition://android/schedule?days=1.2.3.4.5&start=22.0&end=7.0&exitAtAlarm=false
02-20 20:25:20.381  1678  1678 D ConditionProviders.SCP: notifyCondition condition://android/schedule?days=6.7&start=23.30&end=10.0&exitAtAlarm=false STATE_FALSE reason=!meetsSchedule
02-20 20:25:20.381  1678  1678 D ConditionProviders.SCP: notifyCondition condition://android/schedule?days=1.2.3.4.5&start=22.0&end=7.0&exitAtAlarm=false STATE_FALSE reason=!meetsSchedule
02-20 20:25:20.381  1678  1678 D ConditionProviders.SCP: Scheduling evaluate for Tue Feb 20 22:00:00 GMT+00:00 2018 (1519164000000), in +1h34m39s619ms, now=Tue Feb 20 20:25:20 GMT+00:00 2018 (1519158320381)
02-20 20:25:20.381  1678  1678 I Telecom : WiredHeadsetManager: ACTION_HEADSET_PLUG event, plugged in: false, : WHC.oADA@AAE
02-20 20:25:20.381  1678  1678 I notification_enqueue: [10028,1772,com.android.systemui,1397773634,public:253,64,-1,Notification(pri=0 contentView=null vibrate=null sound=null defaults=0x0 flags=0x100 color=0xff607d8b category=sys actions=2 vis=PUBLIC),0]
02-20 20:25:20.385  1678  1678 I ActivityManager: user 0 is still locked. Cannot load recents
02-20 20:25:20.394  1920  1920 I PhoneFactory: Creating SubInfoRecordUpdater 
02-20 20:25:20.396  1920  1920 D SubscriptionInfoUpdater: Constructor invoked
02-20 20:25:20.398  1678  1699 I am_activity_launch_time: [0,263646288,com.android.settings/.FallbackHome,941,941]
02-20 20:25:20.398  1678  1699 I ActivityManager: Displayed com.android.settings/.FallbackHome: +941ms
02-20 20:25:20.405  1678  1678 D RttService: SCAN_AVAILABLE : 3
02-20 20:25:20.414  1678  1678 D TelephonyRegistry: notifyCellLocationForSubscriber: subId=0 cellLocation=Bundle[{}]
02-20 20:25:20.415  1920  1932 D SubscriptionController: [getPhoneId]- no sims, returning default phoneId=2147483647
02-20 20:25:20.430  1678  1699 I WindowManager: Screen frozen for +868ms due to AppWindowToken{bf3fc6f token=Token{2c32e49 ActivityRecord{fb6ec50 u0 com.android.settings/.FallbackHome t1}}}
02-20 20:25:20.436  1678  1739 D RttService: DefaultState got{ when=-23ms what=160512 target=com.android.internal.util.StateMachine$SmHandler }
02-20 20:25:20.443  1678  1750 D TelephonyRegistry: listen oscl: hasNotifySubscriptionInfoChangedOccurred==false no callback
02-20 20:25:20.443  1678  1688 I art     : Background sticky concurrent mark sweep GC freed 28505(2MB) AllocSpace objects, 10(232KB) LOS objects, 7% free, 22MB/24MB, paused 4.387ms total 166.186ms
02-20 20:25:20.443  1678  1738 I WifiScanningService: wifi driver loaded with scan capabilities: max buckets=16
02-20 20:25:20.444  1920  1920 D SubscriptionController: [getPhoneId]- no sims, returning default phoneId=2147483647
02-20 20:25:20.445  1678  1974 D TelephonyRegistry: listen oscl: hasNotifySubscriptionInfoChangedOccurred==false no callback
02-20 20:25:20.453  1920  1920 D PhoneSwitcherNetworkRequstListener: Registering NetworkFactory
02-20 20:25:20.458  1678  1740 D ConnectivityService: Got NetworkFactory Messenger for PhoneSwitcherNetworkRequstListener
02-20 20:25:20.458  1920  1920 D PhoneSwitcher: PhoneSwitcher started
02-20 20:25:20.459  2034  2034 W System  : ClassLoader referenced unknown path: /system/priv-app/CellBroadcastReceiver/lib/x86_64
02-20 20:25:20.459  1920  1920 D ProxyController: Constructor - Enter
02-20 20:25:20.459  1372  1840 I MediaPlayerService: MediaPlayerService::getOMX
02-20 20:25:20.460  1678  2051 I OMXClient: MuxOMX ctor
02-20 20:25:20.460  1369  1369 I OMXMaster: makeComponentInstance(OMX.google.vorbis.decoder) in mediacodec process
02-20 20:25:20.462  1920  1920 D ProxyController: clearTransaction
02-20 20:25:20.462  1920  1920 D ProxyController: clearTransaction: phoneId=0 status=IDLE
02-20 20:25:20.462  1920  1920 D ProxyController: Constructor - Exit
02-20 20:25:20.462  1920  1920 D TelephonyNetworkFactory[0]: Registering NetworkFactory
02-20 20:25:20.466  1678  1740 D ConnectivityService: Got NetworkFactory Messenger for TelephonyNetworkFactory[0]
02-20 20:25:20.467  1920  1920 D CallManager: registerPhone(GSM Handler (com.android.internal.telephony.GsmCdmaPhone) {7de7659})
02-20 20:25:20.477  1678  1960 D TelephonyRegistry: listen oscl: hasNotifySubscriptionInfoChangedOccurred==false no callback
02-20 20:25:20.600  1372  1412 I MediaPlayerService: MediaPlayerService::getOMX
02-20 20:25:20.600  1678  2056 I OMXClient: MuxOMX ctor
02-20 20:25:20.600  1369  1369 I OMXMaster: makeComponentInstance(OMX.google.vorbis.decoder) in mediacodec process
02-20 20:25:20.612  1678  1693 W art     : Long monitor contention with owner android.display (1699) at void com.android.server.wm.WindowManagerService$H.handleMessage(android.os.Message)(WindowManagerService.java:8368) waiters=0 in void com.android.server.wm.WindowManagerService.updateRotationUnchecked(boolean, boolean) for 166ms
02-20 20:25:20.612  1678  1693 I dvm_lock_sample: [system_server,1,android.ui,166,WindowManagerService.java,6783,-,8368,33]
02-20 20:25:20.651  1920  1920 D CarrierConfigLoader: CarrierConfigLoader has started
02-20 20:25:20.652  1920  1920 E BluetoothAdapter: Bluetooth binder is null
02-20 20:25:20.652  1678  1960 D TelephonyRegistry: listen oscl: hasNotifySubscriptionInfoChangedOccurred==false no callback
02-20 20:25:20.673  1772  1772 I OpaLayout: Setting opa enabled to false
02-20 20:25:20.684  1678  1688 I art     : Background partial concurrent mark sweep GC freed 23768(1445KB) AllocSpace objects, 2(7MB) LOS objects, 21% free, 14MB/18MB, paused 1.692ms total 203.800ms
02-20 20:25:20.687  1772  1772 I OpaLayout: Setting opa enabled to false
02-20 20:25:20.689  1920  2058 E ActivityThread: Failed to find provider info for com.android.contacts
02-20 20:25:20.689  1920  2058 W CallerInfoCache: cursor is null
02-20 20:25:20.698  1678  1746 E ActivityThread: Failed to find provider info for com.android.calendar
02-20 20:25:20.698  1678  1746 E ActivityThread: Failed to find provider info for com.android.calendar
02-20 20:25:20.711  1920  1920 D RILJ    : [3655]> RIL_REQUEST_SET_TTY_MODE : 0 [SUB0]
02-20 20:25:20.712  1374  1500 D RIL     : onRequest: SET_TTY_MODE
02-20 20:25:20.712  1920  2014 D RilRequest: [3655]< RIL_REQUEST_SET_TTY_MODE error: com.android.internal.telephony.CommandException: RADIO_NOT_AVAILABLE ret=
02-20 20:25:20.712  1920  1920 I Telephony: TtyManager: updateUiTtyMode -1 -> 0
02-20 20:25:20.715  1678  1690 D TelephonyRegistry: listen oscl: hasNotifySubscriptionInfoChangedOccurred==false no callback
02-20 20:25:20.724  1920  1920 D SubscriptionController: [getPhoneId] asked for default subId=-1
02-20 20:25:20.725  1920  1920 D UiccController: EVENT_RADIO_UNAVAILABLE, dispose card
02-20 20:25:20.725  1920  1920 D UiccController: Received EVENT_ICC_STATUS_CHANGED, calling getIccCardStatus
02-20 20:25:20.725  1920  1920 D RILJ    : [3656]> GET_SIM_STATUS [SUB0]
02-20 20:25:20.726  1374  1500 D RIL     : onRequest: GET_SIM_STATUS
02-20 20:25:20.726  1374  1500 D RIL     : getSIMStatus(). sState: 0
02-20 20:25:20.726  1920  2014 D RILJ    : [3656]< GET_SIM_STATUS IccCardState {CARDSTATE_PRESENT,PINSTATE_UNKNOWN,num_apps=2,gsm_id=0{APPTYPE_SIM,APPSTATE_DETECTED},cdma_id=1{APPTYPE_RUIM,APPSTATE_DETECTED},ims_id=8} [SUB0]
02-20 20:25:20.727  1920  1920 D Phone   : config LCE service failed: com.android.internal.telephony.CommandException: RADIO_NOT_AVAILABLE
02-20 20:25:20.727  1920  1920 D GsmSMSDispatcher: GsmSMSDispatcher: subId = -2 slotId = 0
02-20 20:25:20.727  1920  1920 E IccCardProxy: setExternalState: !override and newstate unchanged from NOT_READY
02-20 20:25:20.727  1920  1920 D RILJ    : [3657]> BASEBAND_VERSION [SUB0]
02-20 20:25:20.727  1920  1920 D RILJ    : [3658]> GET_IMEI [SUB0]
02-20 20:25:20.727  1374  1500 D RIL     : onRequest: BASEBAND_VERSION
02-20 20:25:20.727  1920  2014 D RilRequest: [3657]< BASEBAND_VERSION error: com.android.internal.telephony.CommandException: RADIO_NOT_AVAILABLE ret=
02-20 20:25:20.727  1374  1500 D RIL     : onRequest: GET_IMEI
02-20 20:25:20.727  1374  1500 D AT      : AT> AT+CGSN
02-20 20:25:20.727  1374  1503 D AT      : AT< 000000000000000
02-20 20:25:20.727  1374  1503 D AT      : AT< OK
02-20 20:25:20.727  1920  1920 D RILJ    : [3659]> GET_IMEISV [SUB0]
02-20 20:25:20.727  1920  2014 D RILJ    : [3658]< GET_IMEI  [SUB0]
02-20 20:25:20.728  1374  1500 D RIL     : onRequest: GET_IMEISV
02-20 20:25:20.728  1920  1920 D RILJ    : [3660]> RIL_REQUEST_GET_RADIO_CAPABILITY [SUB0]
02-20 20:25:20.728  1920  2014 D RilRequest: [3659]< GET_IMEISV error: com.android.internal.telephony.CommandException: RADIO_NOT_AVAILABLE ret=
02-20 20:25:20.729  1374  1500 D RIL     : onRequest: RIL_REQUEST_GET_RADIO_CAPABILITY
02-20 20:25:20.729  1920  2014 D RilRequest: [3660]< RIL_REQUEST_GET_RADIO_CAPABILITY error: com.android.internal.telephony.CommandException: RADIO_NOT_AVAILABLE ret=
02-20 20:25:20.729  1920  1920 D RILJ    : [3661]> RIL_REQUEST_START_LCE [SUB0]
02-20 20:25:20.729  1374  1500 D RIL     : onRequest: <unknown request>
02-20 20:25:20.729  1920  2014 D RilRequest: [3661]< RIL_REQUEST_START_LCE error: com.android.internal.telephony.CommandException: RADIO_NOT_AVAILABLE ret=
02-20 20:25:20.730  1920  1920 D GsmCdmaPhone: [GsmCdmaPhone] Event EVENT_RADIO_OFF_OR_NOT_AVAILABLE Received
02-20 20:25:20.730  1920  1920 E IccCardProxy: setExternalState: !override and newstate unchanged from NOT_READY
02-20 20:25:20.730  1920  1920 D SST     : mDeviceShuttingDown=false, mDesiredPowerState=true, getRadioState=RADIO_OFF, mPowerOffDelayNeed=true, mAlarmSwitch=false, mRadioDisabledByCarrier=false
02-20 20:25:20.730  1920  1920 D RILJ    : [3662]> RADIO_POWER on [SUB0]
02-20 20:25:20.730  1374  1500 D RIL     : onRequest: RADIO_POWER
02-20 20:25:20.730  1374  1500 D AT      : AT> AT+CFUN=1
02-20 20:25:20.730  1374  1503 D AT      : AT< OK
02-20 20:25:20.730  1374  1500 D RIL     : setRadioState(10)
02-20 20:25:20.730  1920  2014 D RILJ    : [UNSL]< UNSOL_RESPONSE_RADIO_STATE_CHANGED RADIO_ON [SUB0]
02-20 20:25:20.731  1920  2014 D RILJ    : [UNSL]< UNSOL_RESPONSE_SIM_STATUS_CHANGED [SUB0]
02-20 20:25:20.731  1920  2014 D RILJ    : [3662]< RADIO_POWER  [SUB0]
02-20 20:25:20.740  1920  1920 D RILJ    : [3663]> OPERATOR [SUB0]
02-20 20:25:20.741  1772  1772 W System  : ClassLoader referenced unknown path: 
02-20 20:25:20.741  1772  1772 W System  : ClassLoader referenced unknown path: /system/priv-app/Dialer/lib/x86_64
02-20 20:25:20.742  1772  1772 D ApplicationLoaders: ignored Vulkan layer search path /system/priv-app/Dialer/lib/x86_64:/system/lib64:/vendor/lib64 for namespace 0x74e707fa10f0
02-20 20:25:20.744  1374  1500 D RIL     : onRequest: OPERATOR
02-20 20:25:20.744  1374  1500 D AT      : AT> AT+COPS=3,0;+COPS?;+COPS=3,1;+COPS?;+COPS=3,2;+COPS?
02-20 20:25:20.745  1374  1503 D AT      : AT< +COPS: 0,0,"Android"
02-20 20:25:20.745  1374  1503 D AT      : AT< +COPS: 0,1,"Android"
02-20 20:25:20.745  1374  1503 D AT      : AT< +COPS: 0,2,"310260"
02-20 20:25:20.745  1374  1503 D AT      : AT< OK
02-20 20:25:20.745  1920  2014 D RILJ    : [3663]< OPERATOR {Android, Android, 310260} [SUB0]
02-20 20:25:20.745  1920  1920 D RILJ    : [3664]> DATA_REGISTRATION_STATE [SUB0]
02-20 20:25:20.746  1920  1920 D RILJ    : [3665]> VOICE_REGISTRATION_STATE [SUB0]
02-20 20:25:20.746  1374  1500 D RIL     : onRequest: DATA_REGISTRATION_STATE
02-20 20:25:20.746  1374  1500 D RIL     : requestRegistrationState
02-20 20:25:20.746  1374  1500 D AT      : AT> AT+CGREG?
02-20 20:25:20.746  1374  1503 D AT      : AT< +CGREG: 1,1,"0003","005b","000e"
02-20 20:25:20.746  1374  1503 D AT      : AT< OK
02-20 20:25:20.746  1374  1500 D RIL     : parseRegistrationState. Parsing: +CGREG: 1,1,"0003","005b","000e"
02-20 20:25:20.746  1374  1500 D RIL     : registration state type: 3GPP
02-20 20:25:20.746  1920  2014 D RILJ    : [3664]< DATA_REGISTRATION_STATE {1, 3, 5b, 14, null, null} [SUB0]
02-20 20:25:20.746  1920  1920 D RILJ    : [3666]> QUERY_NETWORK_SELECTION_MODE [SUB0]
02-20 20:25:20.747  1374  1500 D RIL     : onRequest: VOICE_REGISTRATION_STATE
02-20 20:25:20.747  1374  1500 D RIL     : requestRegistrationState
02-20 20:25:20.747  1374  1500 D AT      : AT> AT+CREG?
02-20 20:25:20.747  1374  1503 D AT      : AT< +CREG: 2,1, "0003", "005b"
02-20 20:25:20.747  1374  1503 D AT      : AT< OK
02-20 20:25:20.747  1374  1500 D RIL     : parseRegistrationState. Parsing: +CREG: 2,1, "0003", "005b"
02-20 20:25:20.747  1374  1500 D RIL     : registration state type: 3GPP
02-20 20:25:20.747  1920  1920 D SST     : NITZ: 18/02/20:20:25:14+0:0:Unknown!Unknown,4330 start=11747 delay=7417
02-20 20:25:20.747  1920  1920 D SST     : NITZ: tzOffset=0 dst=0 zone=GMT iso= mGotCountryCode=false mNeedFixZoneAfterNitz=false
02-20 20:25:20.747  1920  2014 D RILJ    : [3665]< VOICE_REGISTRATION_STATE {1, 3, 5b, 0, null, null, null, null, null, null, null, null, null, null, null} [SUB0]
02-20 20:25:20.748  1374  1500 D RIL     : onRequest: QUERY_NETWORK_SELECTION_MODE
02-20 20:25:20.748  1374  1500 D AT      : AT> AT+COPS?
02-20 20:25:20.748  1374  1503 D AT      : AT< +COPS: 0,2,310260
02-20 20:25:20.748  1374  1503 D AT      : AT< OK
02-20 20:25:20.748  1920  2014 D RILJ    : [3666]< QUERY_NETWORK_SELECTION_MODE {0} [SUB0]
02-20 20:25:20.748  1920  1920 D SST     : setAndBroadcastNetworkSetTimeZone: setTimeZone=GMT
02-20 20:25:20.748  1678  1690 D AlarmManagerService: Kernel timezone updated to 0 minutes west of GMT
02-20 20:25:20.749  1920  1920 D SST     : setAndBroadcastNetworkSetTimeZone: call alarm.setTimeZone and broadcast zoneId=GMT
02-20 20:25:20.749  1920  1920 D SST     : NITZ: Setting time of day to Tue Feb 20 20:25:21 GMT+00:00 2018 NITZ receive delay(ms): 7419 gained(ms): 670 from 18/02/20:20:25:14+0:0:Unknown!Unknown
02-20 20:25:20.749  1920  1920 D SST     : setAndBroadcastNetworkSetTime: time=1519158321419ms
02-20 20:25:20.749  1678  1974 D AlarmManagerService: Setting time of day to sec=1519158321
02-20 20:25:21.421  1678  1974 W AlarmManagerService: Unable to set rtc to 1519158321: No such device
02-20 20:25:21.423  1678  1678 D ConditionProviders.SCP: onReceive android.intent.action.TIME_SET
02-20 20:25:21.423  1678  1678 D ConditionProviders.SCP: notifyCondition condition://android/schedule?days=6.7&start=23.30&end=10.0&exitAtAlarm=false STATE_FALSE reason=!meetsSchedule
02-20 20:25:21.423  1678  1678 D ConditionProviders.SCP: notifyCondition condition://android/schedule?days=1.2.3.4.5&start=22.0&end=7.0&exitAtAlarm=false STATE_FALSE reason=!meetsSchedule
02-20 20:25:21.424  1678  1678 D ConditionProviders.SCP: Scheduling evaluate for Tue Feb 20 22:00:00 GMT+00:00 2018 (1519164000000), in +1h34m38s577ms, now=Tue Feb 20 20:25:21 GMT+00:00 2018 (1519158321423)
02-20 20:25:21.431  1920  1920 I SST     : NITZ: after Setting time of day
02-20 20:25:21.432  1920  1920 D SST     : NITZ: end=11763 dur=16
02-20 20:25:21.432  1920  1920 D SST     : onSignalStrengthResult() Exception from RIL : com.android.internal.telephony.CommandException: RADIO_NOT_AVAILABLE
02-20 20:25:21.433  1920  1920 D SST     : mDeviceShuttingDown=false, mDesiredPowerState=true, getRadioState=RADIO_ON, mPowerOffDelayNeed=true, mAlarmSwitch=false, mRadioDisabledByCarrier=false
02-20 20:25:21.433  1920  1920 D RILJ    : [3667]> OPERATOR [SUB0]
02-20 20:25:21.433  1920  1920 D RILJ    : [3668]> DATA_REGISTRATION_STATE [SUB0]
02-20 20:25:21.433  1374  1500 D RIL     : onRequest: OPERATOR
02-20 20:25:21.433  1374  1500 D AT      : AT> AT+COPS=3,0;+COPS?;+COPS=3,1;+COPS?;+COPS=3,2;+COPS?
02-20 20:25:21.433  1374  1503 D AT      : AT< +COPS: 0,0,"Android"
02-20 20:25:21.433  1374  1503 D AT      : AT< +COPS: 0,1,"Android"
02-20 20:25:21.433  1374  1503 D AT      : AT< +COPS: 0,2,"310260"
02-20 20:25:21.433  1374  1503 D AT      : AT< OK
02-20 20:25:21.433  1920  2014 D RILJ    : [3667]< OPERATOR {Android, Android, 310260} [SUB0]
02-20 20:25:21.433  1920  1920 D RILJ    : [3669]> VOICE_REGISTRATION_STATE [SUB0]
02-20 20:25:21.433  1374  1500 D RIL     : onRequest: DATA_REGISTRATION_STATE
02-20 20:25:21.433  1374  1500 D RIL     : requestRegistrationState
02-20 20:25:21.433  1374  1500 D AT      : AT> AT+CGREG?
02-20 20:25:21.433  1374  1503 D AT      : AT< +CGREG: 1,1,"0003","005b","000e"
02-20 20:25:21.433  1374  1503 D AT      : AT< OK
02-20 20:25:21.434  1374  1500 D RIL     : parseRegistrationState. Parsing: +CGREG: 1,1,"0003","005b","000e"
02-20 20:25:21.434  1374  1500 D RIL     : registration state type: 3GPP
02-20 20:25:21.434  1920  1920 D RILJ    : [3670]> QUERY_NETWORK_SELECTION_MODE [SUB0]
02-20 20:25:21.434  1374  1500 D RIL     : onRequest: VOICE_REGISTRATION_STATE
02-20 20:25:21.434  1374  1500 D RIL     : requestRegistrationState
02-20 20:25:21.434  1374  1500 D AT      : AT> AT+CREG?
02-20 20:25:21.434  1374  1503 D AT      : AT< +CREG: 2,1, "0003", "005b"
02-20 20:25:21.434  1374  1503 D AT      : AT< OK
02-20 20:25:21.434  1374  1500 D RIL     : parseRegistrationState. Parsing: +CREG: 2,1, "0003", "005b"
02-20 20:25:21.434  1374  1500 D RIL     : registration state type: 3GPP
02-20 20:25:21.435  1920  1920 D DCT     : [0]NETWORK_STATE_CHANGED_ACTION: mIsWifiConnected=false
02-20 20:25:21.435  1920  1920 D DCT     : [0]Wifi state changed
02-20 20:25:21.435  1920  1920 D DCT     : [0]WIFI_STATE_CHANGED_ACTION: enabled=true mIsWifiConnected=false
02-20 20:25:21.435  1920  1920 D DCT     : [0]onRadioAvailable
02-20 20:25:21.435  1920  1920 D DCT     : [0]onRadioOffOrNotAvailable: is off and clean up all connections
02-20 20:25:21.435  1920  1920 D DCT     : [0]cleanUpAllConnections: tearDown=false reason=radioTurnedOff
02-20 20:25:21.435  1920  1920 D GsmCdmaPhone: [GsmCdmaPhone] getDataConnectionState apnType=default ret=DISCONNECTED
02-20 20:25:21.435  1920  2014 D RILJ    : [3668]< DATA_REGISTRATION_STATE {1, 3, 5b, 14, null, null} [SUB0]
02-20 20:25:21.436  1920  2014 D RILJ    : [3669]< VOICE_REGISTRATION_STATE {1, 3, 5b, 0, null, null, null, null, null, null, null, null, null, null, null} [SUB0]
02-20 20:25:21.436  1374  1500 D RIL     : onRequest: QUERY_NETWORK_SELECTION_MODE
02-20 20:25:21.436  1374  1500 D AT      : AT> AT+COPS?
02-20 20:25:21.436  1374  1503 D AT      : AT< +COPS: 0,2,310260
02-20 20:25:21.436  1374  1503 D AT      : AT< OK
02-20 20:25:21.436  1920  2014 D RILJ    : [3670]< QUERY_NETWORK_SELECTION_MODE {0} [SUB0]
02-20 20:25:21.437  1678  1745 D NotificationSQLiteLog: Pruned event entries: 0
02-20 20:25:21.437  1678  1746 E ActivityThread: Failed to find provider info for com.android.calendar
02-20 20:25:21.438  1772  1772 E BluetoothAdapter: Bluetooth binder is null
02-20 20:25:21.445  1678  1746 E ActivityThread: Failed to find provider info for com.android.calendar
02-20 20:25:21.446  1920  1920 D DCT     : [0]cleanUpConnection: X tearDown=false reason=radioTurnedOff apnContext={mApnType=default mState=IDLE mWaitingApns={null} mApnSetting={null} mReason=radioTurnedOff mDataEnabled=false mDependencyMet=true} dcac=null
02-20 20:25:21.446  1920  1920 D GsmCdmaPhone: [GsmCdmaPhone] getDataConnectionState apnType=mms ret=DISCONNECTED
02-20 20:25:21.447  1920  1920 D DCT     : [0]cleanUpConnection: X tearDown=false reason=radioTurnedOff apnContext={mApnType=mms mState=IDLE mWaitingApns={null} mApnSetting={null} mReason=radioTurnedOff mDataEnabled=false mDependencyMet=true} dcac=null
02-20 20:25:21.447  1920  1920 D GsmCdmaPhone: [GsmCdmaPhone] getDataConnectionState apnType=cbs ret=DISCONNECTED
02-20 20:25:21.448  1920  1920 D DCT     : [0]cleanUpConnection: X tearDown=false reason=radioTurnedOff apnContext={mApnType=cbs mState=IDLE mWaitingApns={null} mApnSetting={null} mReason=radioTurnedOff mDataEnabled=false mDependencyMet=true} dcac=null
02-20 20:25:21.448  1920  1920 D GsmCdmaPhone: [GsmCdmaPhone] getDataConnectionState apnType=fota ret=DISCONNECTED
02-20 20:25:21.448  1920  1920 D DCT     : [0]cleanUpConnection: X tearDown=false reason=radioTurnedOff apnContext={mApnType=fota mState=IDLE mWaitingApns={null} mApnSetting={null} mReason=radioTurnedOff mDataEnabled=false mDependencyMet=true} dcac=null
02-20 20:25:21.448  1920  1920 D GsmCdmaPhone: [GsmCdmaPhone] getDataConnectionState apnType=supl ret=DISCONNECTED
02-20 20:25:21.451  1920  1920 D DCT     : [0]cleanUpConnection: X tearDown=false reason=radioTurnedOff apnContext={mApnType=supl mState=IDLE mWaitingApns={null} mApnSetting={null} mReason=radioTurnedOff mDataEnabled=false mDependencyMet=true} dcac=null
02-20 20:25:21.451  1920  1920 D GsmCdmaPhone: [GsmCdmaPhone] getDataConnectionState apnType=ia ret=DISCONNECTED
02-20 20:25:21.452  1920  1920 D DCT     : [0]cleanUpConnection: X tearDown=false reason=radioTurnedOff apnContext={mApnType=ia mState=IDLE mWaitingApns={null} mApnSetting={null} mReason=radioTurnedOff mDataEnabled=false mDependencyMet=true} dcac=null
02-20 20:25:21.452  1920  1920 D GsmCdmaPhone: [GsmCdmaPhone] getDataConnectionState apnType=emergency ret=DISCONNECTED
02-20 20:25:21.452  1920  1920 D DCT     : [0]cleanUpConnection: X tearDown=false reason=radioTurnedOff apnContext={mApnType=emergency mState=IDLE mWaitingApns={null} mApnSetting={null} mReason=radioTurnedOff mDataEnabled=false mDependencyMet=true} dcac=null
02-20 20:25:21.452  1920  1920 D GsmCdmaPhone: [GsmCdmaPhone] getDataConnectionState apnType=hipri ret=DISCONNECTED
02-20 20:25:21.453  1920  1920 D DCT     : [0]cleanUpConnection: X tearDown=false reason=radioTurnedOff apnContext={mApnType=hipri mState=IDLE mWaitingApns={null} mApnSetting={null} mReason=radioTurnedOff mDataEnabled=false mDependencyMet=true} dcac=null
02-20 20:25:21.453  1920  1920 D GsmCdmaPhone: [GsmCdmaPhone] getDataConnectionState apnType=ims ret=DISCONNECTED
02-20 20:25:21.453  1920  1920 D DCT     : [0]cleanUpConnection: X tearDown=false reason=radioTurnedOff apnContext={mApnType=ims mState=IDLE mWaitingApns={null} mApnSetting={null} mReason=radioTurnedOff mDataEnabled=false mDependencyMet=true} dcac=null
02-20 20:25:21.453  1920  1920 D DCT     : [0]stopNetStatPoll
02-20 20:25:21.453  1920  1920 D DCT     : [0]cleanUpConnection: mDisconnectPendingCount = 0
02-20 20:25:21.453  1920  1920 D DCT     : [0]isDataAllowed: No - Not attached - SIM not loaded
02-20 20:25:21.457  1772  1772 I CameraManagerGlobal: Connecting to camera service
02-20 20:25:21.464  1365  1365 V EmulatedCamera_Camera: getCameraInfo
02-20 20:25:21.464  1365  1365 V EmulatedCamera_BaseCamera: getCameraInfo
02-20 20:25:21.464  1365  1365 I CameraService: getCameraCharacteristics: Switching to HAL1 shim implementation...
02-20 20:25:21.464  1365  1365 V EmulatedCamera_Camera: getCameraInfo
02-20 20:25:21.464  1365  1365 V EmulatedCamera_BaseCamera: getCameraInfo
02-20 20:25:21.464  1365  1365 I CameraService: CameraService::connect call (PID -1 "cameraserver", camera ID 0) for HAL version default and Camera API version 1
02-20 20:25:21.465  1365  1365 E CameraService: getCameraPriorityFromProcState: Received invalid process state -1 from ActivityManagerService!
02-20 20:25:21.465  1365  1365 V EmulatedCamera_Camera: getCameraInfo
02-20 20:25:21.465  1365  1365 V EmulatedCamera_BaseCamera: getCameraInfo
02-20 20:25:21.470  1678  1864 D TelephonyRegistry: listen oscl: hasNotifySubscriptionInfoChangedOccurred==false no callback
02-20 20:25:21.472  1920  1920 D DCT     : [0]onDataConnectionDetached: stop polling and notify detached
02-20 20:25:21.472  1920  1920 D DCT     : [0]stopNetStatPoll
02-20 20:25:21.472  1372  2067 E WVMExtractor: Failed to open libwvm.so: dlopen failed: library "libwvm.so" not found
02-20 20:25:21.472  1920  1920 D DCT     : [0]notifyDataConnection: reason=dataDetached
02-20 20:25:21.472  1920  1920 D DCT     : [0]isDataAllowed: No - Not attached - SIM not loaded
02-20 20:25:21.480  1920  1920 D DCT     : [0]onRoamingOff
02-20 20:25:21.481  1920  1920 D DCT     : [0]isDataAllowed: No - Not attached - SIM not loaded
02-20 20:25:21.481  1372  2066 D NuPlayerDriver: notifyListener_l(0xf5ba9200), (1, 0, 0), loop setting(0, 0)
02-20 20:25:21.498  1920  2052 D SubscriptionController: [getActiveSubInfoList] Sub Controller not ready
02-20 20:25:21.499  1920  1920 D DCT     : [0]setupDataOnConnectableApns: roamingOff hipri:[state=IDLE,enabled=false] mms:[state=IDLE,enabled=false] supl:[state=IDLE,enabled=false] ia:[state=IDLE,enabled=false] fota:[state=IDLE,enabled=false] ims:[state=IDLE,enabled=false] cbs:[state=IDLE,enabled=false] default:[state=IDLE,enabled=false] emergency:[state=IDLE,enabled=false] 
02-20 20:25:21.499  1920  1920 D DCT     : [0]setupDataOnConnectableApns: nwTypeChanged hipri:[state=IDLE,enabled=false] mms:[state=IDLE,enabled=false] supl:[state=IDLE,enabled=false] ia:[state=IDLE,enabled=false] fota:[state=IDLE,enabled=false] ims:[state=IDLE,enabled=false] cbs:[state=IDLE,enabled=false] default:[state=IDLE,enabled=false] emergency:[state=IDLE,enabled=false] 
02-20 20:25:21.499  1920  1920 D SubscriptionInfoUpdater: [Receiver]+
02-20 20:25:21.499  1920  1920 D SubscriptionInfoUpdater: Action: android.intent.action.SIM_STATE_CHANGED
02-20 20:25:21.499  1920  1920 D SubscriptionInfoUpdater: slotId: 0
02-20 20:25:21.499  1920  1920 D SubscriptionInfoUpdater: simStatus: NOT_READY
02-20 20:25:21.499  1920  1920 D SubscriptionInfoUpdater: Ignoring simStatus: NOT_READY
02-20 20:25:21.499  1920  1920 D SubscriptionInfoUpdater: [Receiver]-
02-20 20:25:21.499  1920  1920 D PhoneSwitcherNetworkRequstListener: got request NetworkRequest [ REQUEST id=1, [ Capabilities: INTERNET&NOT_RESTRICTED&TRUSTED&NOT_VPN] ] with score 0
02-20 20:25:21.500  1920  1920 D TelephonyNetworkFactory[0]: onSubIdChange -1->-2
02-20 20:25:21.500  1372  2068 D NuPlayerDriver: notifyListener_l(0xf43934e0), (1, 0, 0), loop setting(0, 0)
02-20 20:25:21.500  1920  1920 D DebugService: DebugService DebugService:
02-20 20:25:21.500  1920  1920 D TelephonyDebugService: TelephonyDebugService()
02-20 20:25:21.501  1920  1920 D TelephonyNetworkFactory[0]: got request NetworkRequest [ REQUEST id=1, [ Capabilities: INTERNET&NOT_RESTRICTED&TRUSTED&NOT_VPN] ] with score 0
02-20 20:25:21.501  1920  1920 D CarrierConfigLoader: mHandler: 12 phoneId: 0
02-20 20:25:21.502  1920  2052 D SubscriptionController: [getActiveSubInfoList] Sub Controller not ready
02-20 20:25:21.503  1920  1920 D RILJ    : [3671]> RIL_REQUEST_QUERY_TTY_MODE [SUB0]
02-20 20:25:21.505  1920  1920 D GsmSMSDispatcher: GsmSMSDispatcher: subId = -2 slotId = 0
02-20 20:25:21.505  1920  1920 E IccCardProxy: setExternalState: !override and newstate unchanged from NOT_READY
02-20 20:25:21.505  1920  1920 D UiccController: Received EVENT_GET_ICC_STATUS_DONE
02-20 20:25:21.506  1374  1500 D RIL     : onRequest: QUERY_TTY_MODE
02-20 20:25:21.506  1374  1500 D RIL     : Request not supported. Tech: 1
02-20 20:25:21.506  1920  2014 D RilRequest: [3671]< RIL_REQUEST_QUERY_TTY_MODE error: com.android.internal.telephony.CommandException: REQUEST_NOT_SUPPORTED ret=
02-20 20:25:21.508  1920  1920 D UiccCard: 2 applications
02-20 20:25:21.508  1920  1920 D UiccCardApplication: Creating UiccApp: {APPTYPE_SIM,APPSTATE_DETECTED}
02-20 20:25:21.510  1678  1732 I netstats_mobile_sample: [0,0,0,0,0,0,0,0,0,0,0,0,-1]
02-20 20:25:21.510  1678  1732 I netstats_wifi_sample: [0,0,0,0,0,0,0,0,0,0,0,0,-1]
02-20 20:25:21.515  1372  2070 D NuPlayerDriver: notifyListener_l(0xf5ba90e0), (1, 0, 0), loop setting(0, 0)
02-20 20:25:21.516  1920  1920 W VoiceMailConstants: Can't open /system/etc/voicemail-conf.xml
02-20 20:25:21.517  1920  1920 D SpnOverride: No SPN in OEM image = /oem/telephony/spn-conf.xml Load SPN from system image
02-20 20:25:21.517  1365  1365 I CameraFlashlight: Opening camera 0
02-20 20:25:21.517  1365  1365 V EmulatedCamera_Camera: getCameraInfo
02-20 20:25:21.517  1365  1365 V EmulatedCamera_BaseCamera: getCameraInfo
02-20 20:25:21.517  1365  1365 V EmulatedCamera_Camera: connectCamera
02-20 20:25:21.517  1365  1365 V EmulatedCamera_FakeDevice: connectDevice
02-20 20:25:21.517  1365  1365 V EmulatedCamera_CallbackNotifier: setCallbacks: 0xec086e80, 0xec086ed0, 0xec086ff0, 0xec087110 (0xeb6c3320)
02-20 20:25:21.517  1365  1365 V EmulatedCamera_CallbackNotifier: enableMessage: msg_type = 0xc0d
02-20 20:25:21.517  1365  1365 V EmulatedCamera_CallbackNotifier:     CAMERA_MSG_ERROR
02-20 20:25:21.517  1365  1365 V EmulatedCamera_CallbackNotifier:     CAMERA_MSG_FOCUS
02-20 20:25:21.517  1365  1365 V EmulatedCamera_CallbackNotifier:     CAMERA_MSG_ZOOM
02-20 20:25:21.517  1365  1365 V EmulatedCamera_CallbackNotifier:     CAMERA_MSG_PREVIEW_METADATA
02-20 20:25:21.517  1365  1365 V EmulatedCamera_CallbackNotifier: **** Currently enabled messages:
02-20 20:25:21.517  1365  1365 V EmulatedCamera_CallbackNotifier:     CAMERA_MSG_ERROR
02-20 20:25:21.517  1365  1365 V EmulatedCamera_CallbackNotifier:     CAMERA_MSG_FOCUS
02-20 20:25:21.517  1365  1365 V EmulatedCamera_CallbackNotifier:     CAMERA_MSG_ZOOM
02-20 20:25:21.517  1365  1365 V EmulatedCamera_CallbackNotifier:     CAMERA_MSG_PREVIEW_METADATA
02-20 20:25:21.517  1365  1365 V EmulatedCamera_CallbackNotifier: disableMessage: msg_type = 0xffff
02-20 20:25:21.517  1365  1365 V EmulatedCamera_CallbackNotifier:     CAMERA_MSG_ERROR
02-20 20:25:21.517  1365  1365 V EmulatedCamera_CallbackNotifier:     CAMERA_MSG_SHUTTER
02-20 20:25:21.517  1365  1365 V EmulatedCamera_CallbackNotifier:     CAMERA_MSG_FOCUS
02-20 20:25:21.517  1365  1365 V EmulatedCamera_CallbackNotifier:     CAMERA_MSG_ZOOM
02-20 20:25:21.517  1365  1365 V EmulatedCamera_CallbackNotifier:     CAMERA_MSG_PREVIEW_FRAME
02-20 20:25:21.517  1365  1365 V EmulatedCamera_CallbackNotifier:     CAMERA_MSG_VIDEO_FRAME
02-20 20:25:21.517  1365  1365 V EmulatedCamera_CallbackNotifier:     CAMERA_MSG_POSTVIEW_FRAME
02-20 20:25:21.517  1365  1365 V EmulatedCamera_CallbackNotifier:     CAMERA_MSG_RAW_IMAGE
02-20 20:25:21.517  1365  1365 V EmulatedCamera_CallbackNotifier:     CAMERA_MSG_COMPRESSED_IMAGE
02-20 20:25:21.517  1365  1365 V EmulatedCamera_CallbackNotifier:     CAMERA_MSG_RAW_IMAGE_NOTIFY
02-20 20:25:21.517  1365  1365 V EmulatedCamera_CallbackNotifier:     CAMERA_MSG_PREVIEW_METADATA
02-20 20:25:21.517  1365  1365 V EmulatedCamera_CallbackNotifier: **** Currently enabled messages:
02-20 20:25:21.517  1365  1365 V EmulatedCamera_Preview: setPreviewWindow: current: 0x0 -> new: 0x0
02-20 20:25:21.517  1365  1365 V EmulatedCamera_Camera: doStopPreview
02-20 20:25:21.517  1920  1920 W SpnOverride: Can not open /system/etc/spn-conf.xml
02-20 20:25:21.517  1920  1920 D SIMRecords: [SIMRecords] setting0 mMncLength-1
02-20 20:25:21.517  1365  1365 V EmulatedCamera_Camera: cancelPicture
02-20 20:25:21.517  1365  1365 V EmulatedCamera_Camera: releaseCamera
02-20 20:25:21.517  1365  1365 V EmulatedCamera_Camera: doStopPreview
02-20 20:25:21.517  1365  1365 V EmulatedCamera_FakeDevice: disconnectDevice
02-20 20:25:21.517  1365  1365 W EmulatedCamera_Device: Initialize: Emulated camera device is already initialized: mState = 1
02-20 20:25:21.517  1365  1365 D EmulatedCamera_FakeCamera: Initialize: Fake camera is facing back
02-20 20:25:21.517  1920  1920 D SIMRecords: [SIMRecords] SIMRecords: onRadioOffOrNotAvailable set 'gsm.sim.operator.numeric' to operator=null
02-20 20:25:21.517  1920  1920 D SIMRecords: [SIMRecords] update icc_operator_numeric=null
02-20 20:25:21.517  1920  1920 D TelephonyManager: setTelephonyProperty: success phoneId=0 property=gsm.sim.operator.numeric value:  propVal=
02-20 20:25:21.517  1365  1365 V EmulatedCamera_Device: initializeWhiteBalanceModes with auto, 1.000000, 1.000000
02-20 20:25:21.518  1365  1365 V EmulatedCamera_Device: initializeWhiteBalanceModes with incandescent, 1.380000, 0.600000
02-20 20:25:21.518  1365  1365 V EmulatedCamera_Device: initializeWhiteBalanceModes with daylight, 1.090000, 0.920000
02-20 20:25:21.518  1365  1365 V EmulatedCamera_Device: initializeWhiteBalanceModes with twilight, 0.920000, 1.220000
02-20 20:25:21.518  1365  1365 V EmulatedCamera_Device: setWhiteBalanceMode with white balance auto
02-20 20:25:21.518  1365  1365 I CameraFlashlight: Destroying camera 0
02-20 20:25:21.518  1365  1365 V EmulatedCamera_Camera: closeCamera
02-20 20:25:21.518  1365  1365 V EmulatedCamera_Camera: doStopPreview
02-20 20:25:21.518  1365  1365 W EmulatedCamera_Device: Initialize: Emulated camera device is already initialized: mState = 1
02-20 20:25:21.518  1365  1365 D EmulatedCamera_FakeCamera: Initialize: Fake camera is facing back
02-20 20:25:21.518  1365  1365 V EmulatedCamera_Device: initializeWhiteBalanceModes with auto, 1.000000, 1.000000
02-20 20:25:21.518  1365  1365 V EmulatedCamera_Device: initializeWhiteBalanceModes with incandescent, 1.380000, 0.600000
02-20 20:25:21.518  1365  1365 V EmulatedCamera_Device: initializeWhiteBalanceModes with daylight, 1.090000, 0.920000
02-20 20:25:21.518  1365  1365 V EmulatedCamera_Device: initializeWhiteBalanceModes with twilight, 0.920000, 1.220000
02-20 20:25:21.518  1920  1920 D TelephonyManager: setTelephonyProperty: success phoneId=0 property=gsm.sim.operator.alpha value:  propVal=
02-20 20:25:21.518  1365  1365 V EmulatedCamera_Device: setWhiteBalanceMode with white balance auto
02-20 20:25:21.518  1920  1920 D TelephonyManager: setTelephonyProperty: success phoneId=0 property=gsm.sim.operator.iso-country value:  propVal=
02-20 20:25:21.518  1920  1920 D SIMRecords: [SIMRecords] getOperatorNumeric: IMSI == null
02-20 20:25:21.518  1920  1920 D SIMRecords: [SIMRecords] SIMRecords X ctor this=SimRecords: mDestroyed=false mContext=com.android.phone.PhoneGlobals@b6c5bd0 mCi=com.android.internal.telephony.RIL@52ac522 mFh=Handler (com.android.internal.telephony.uicc.SIMFileHandler) {3fca7c9} mParentApp=com.android.internal.telephony.uicc.UiccCardApplication@c28dece recordsLoadedRegistrants=android.os.RegistrantList@29dd1ef mImsiReadyRegistrants=android.os.RegistrantList@10364fc mRecordsEventsRegistrants=android.os.RegistrantList@e1ef785 mNewSmsRegistrants=android.os.RegistrantList@87819da mNetworkSelectionModeAutomaticRegistrants=android.os.RegistrantList@b9f9e0b recordsToLoad=0 adnCache=Handler (com.android.internal.telephony.uicc.AdnRecordCache) {c9fd4e8} recordsRequested=false iccid=null msisdnTag=null voiceMailNum=null voiceMailTag=null voiceMailNum=null newVoiceMailTag=null isVoiceMailFixed=false mImsi=null mncLength=-1 mailboxIndex=0 spn=null mVmConfigcom.android.internal.telephony.uicc.VoiceMailConstants@65c8701 mSpnOverride=mSpnOverride callForwardingEnabled=0 spnState=null mCphsInfo=null mCspPlmnEnabled=true efMWIS=null efCPHS_MWI=null mEfCff=null mEfCfis=null getOperatorNumeric=null
02-20 20:25:21.521  1365  1365 I CameraService: disconnect: Disconnected client for camera 0 for PID 1365
02-20 20:25:21.521  1372  1879 D NuPlayerDriver: reset(0xf5ba9200) at state 4
02-20 20:25:21.521  1372  1879 D NuPlayerDriver: notifyListener_l(0xf5ba9200), (8, 0, 0), loop setting(0, 0)
02-20 20:25:21.522  1678  1732 I am_proc_start: [0,2072,10067,com.google.android.deskclock,broadcast,com.google.android.deskclock/com.android.deskclock.AlarmInitReceiver]
02-20 20:25:21.522  1678  1732 I ActivityManager: Start proc 2072:com.google.android.deskclock/u0a67 for broadcast com.google.android.deskclock/com.android.deskclock.AlarmInitReceiver
02-20 20:25:21.523  1920  1920 D UiccCardApplication: Creating UiccApp: {APPTYPE_RUIM,APPSTATE_DETECTED}
02-20 20:25:21.523  1920  1920 D RuimRecords: [RuimRecords] setting0 mMncLength-1
02-20 20:25:21.523  1372  2066 D NuPlayerDriver: notifyResetComplete(0xf5ba9200)
02-20 20:25:21.523  1920  1920 D RuimRecords: [RuimRecords] RuimRecords X ctor this=RuimRecords: mDestroyed=false mContext=com.android.phone.PhoneGlobals@b6c5bd0 mCi=com.android.internal.telephony.RIL@52ac522 mFh=Handler (com.android.internal.telephony.uicc.RuimFileHandler) {9a80fe7} mParentApp=com.android.internal.telephony.uicc.UiccCardApplication@5115794 recordsLoadedRegistrants=android.os.RegistrantList@189923d mImsiReadyRegistrants=android.os.RegistrantList@a500a32 mRecordsEventsRegistrants=android.os.RegistrantList@bdbc383 mNewSmsRegistrants=android.os.RegistrantList@c765900 mNetworkSelectionModeAutomaticRegistrants=android.os.RegistrantList@3821539 recordsToLoad=0 adnCache=Handler (com.android.internal.telephony.uicc.AdnRecordCache) {3f0977e} recordsRequested=false iccid=null msisdnTag=null voiceMailNum=null voiceMailTag=null voiceMailNum=null newVoiceMailTag=null isVoiceMailFixed=false mImsi=null mncLength=-1 mailboxIndex=0 spn=null m_ota_commitedfalse mMyMobileNumber=xxxx mMin2Min1=null mPrlVersion=null mEFpl=null mEFli=null mCsimSpnDisplayCondition=false mMdn=null mMin=null mHomeSystemId=null mHomeNetworkId=null
02-20 20:25:21.524  1372  1973 D NuPlayerDriver: reset(0xf43934e0) at state 4
02-20 20:25:21.524  1372  1973 D NuPlayerDriver: notifyListener_l(0xf43934e0), (8, 0, 0), loop setting(0, 0)
02-20 20:25:21.524  1372  2068 D NuPlayerDriver: notifyResetComplete(0xf43934e0)
02-20 20:25:21.525  1372  1372 D NuPlayerDriver: reset(0xf5ba90e0) at state 4
02-20 20:25:21.525  1372  1372 D NuPlayerDriver: notifyListener_l(0xf5ba90e0), (8, 0, 0), loop setting(0, 0)
02-20 20:25:21.525  2072  2072 W art     : Unexpected CPU variant for X86 using defaults: x86_64
02-20 20:25:21.526  1372  2070 D NuPlayerDriver: notifyResetComplete(0xf5ba90e0)
02-20 20:25:21.526  1365  2065 V EmulatedCamera_Camera: getCameraInfo
02-20 20:25:21.526  1365  2065 V EmulatedCamera_BaseCamera: getCameraInfo
02-20 20:25:21.526  1365  1365 V EmulatedCamera_Camera: getCameraInfo
02-20 20:25:21.526  1365  1365 V EmulatedCamera_BaseCamera: getCameraInfo
02-20 20:25:21.528  1920  1920 D CAT     : CatService: registerForRecordsLoaded slotid=0 instance:Handler (com.android.internal.telephony.cat.CatService) {8d81ffb}
02-20 20:25:21.528  1920  1920 D CAT     : CatService: Running CAT service on Slotid: 0. STK app installed:false
02-20 20:25:21.528  1920  1920 D UiccCard: Before privilege rules: null : CARDSTATE_PRESENT
02-20 20:25:21.528  1920  1920 D RILJ    : [3672]> RIL_REQUEST_SIM_OPEN_CHANNEL [SUB0]
02-20 20:25:21.529  1920  1920 E UiccCard: App index 8 is invalid since there are no applications
02-20 20:25:21.529  1920  1920 D UiccCard: update: radioState=RADIO_ON mLastRadioState=RADIO_UNAVAILABLE
02-20 20:25:21.529  1920  1920 D UiccController: Notifying IccChangedRegistrants
02-20 20:25:21.529  1374  1500 D RIL     : onRequest: SIM_OPEN_CHANNEL
02-20 20:25:21.529  1374  1500 D AT      : AT> AT+CCHO=A00000015141434C00
02-20 20:25:21.529  1374  1503 D AT      : AT< 1
02-20 20:25:21.529  1374  1503 D AT      : AT< OK
02-20 20:25:21.529  1920  2014 D RILJ    : [3672]< RIL_REQUEST_SIM_OPEN_CHANNEL  [SUB0]
02-20 20:25:21.530  1920  1920 D GsmCdmaPhone: get phone radio capability fail, no need to change mRadioCapability
02-20 20:25:21.530  1920  1920 D GsmCdmaPhone: EVENT_GET_RADIO_CAPABILITY: phone rc: null
02-20 20:25:21.530  1920  1920 D Phone   : config LCE service failed: com.android.internal.telephony.CommandException: RADIO_NOT_AVAILABLE
02-20 20:25:21.530  1920  1920 D SST     : mDeviceShuttingDown=false, mDesiredPowerState=true, getRadioState=RADIO_ON, mPowerOffDelayNeed=true, mAlarmSwitch=false, mRadioDisabledByCarrier=false
02-20 20:25:21.530  1920  1920 D RILJ    : [3673]> OPERATOR [SUB0]
02-20 20:25:21.530  1920  1920 D RILJ    : [3674]> DATA_REGISTRATION_STATE [SUB0]
02-20 20:25:21.530  1374  1500 D RIL     : onRequest: OPERATOR
02-20 20:25:21.530  1374  1500 D AT      : AT> AT+COPS=3,0;+COPS?;+COPS=3,1;+COPS?;+COPS=3,2;+COPS?
02-20 20:25:21.530  1374  1503 D AT      : AT< +COPS: 0,0,"Android"
02-20 20:25:21.530  1374  1503 D AT      : AT< +COPS: 0,1,"Android"
02-20 20:25:21.530  1374  1503 D AT      : AT< +COPS: 0,2,"310260"
02-20 20:25:21.530  1374  1503 D AT      : AT< OK
02-20 20:25:21.530  1920  1920 D RILJ    : [3675]> VOICE_REGISTRATION_STATE [SUB0]
02-20 20:25:21.531  1920  1920 D RILJ    : [3676]> QUERY_NETWORK_SELECTION_MODE [SUB0]
02-20 20:25:21.531  1920  1920 D RILJ    : [3677]> GET_CURRENT_CALLS [SUB0]
02-20 20:25:21.531  1920  1920 D RILJ    : [3678]> RIL_REQUEST_IMS_REGISTRATION_STATE [SUB0]
02-20 20:25:21.531  1920  1920 D RILJ    : [3679]> RIL_REQUEST_CDMA_GET_SUBSCRIPTION_SOURCE [SUB0]
02-20 20:25:21.531  1920  1920 D GsmCdmaPhone: [GsmCdmaPhone] Event EVENT_RADIO_ON Received
02-20 20:25:21.531  1920  1920 D RILJ    : [3680]> RIL_REQUEST_VOICE_RADIO_TECH [SUB0]
02-20 20:25:21.531  1920  1920 D UiccController: Received EVENT_ICC_STATUS_CHANGED, calling getIccCardStatus
02-20 20:25:21.531  1920  1920 D RILJ    : [3681]> GET_SIM_STATUS [SUB0]
02-20 20:25:21.531  1920  1920 D SST     : EVENT_POLL_STATE_NETWORK_SELECTION_MODE
02-20 20:25:21.531  1920  1920 D SST     : EVENT_POLL_STATE_NETWORK_SELECTION_MODE
02-20 20:25:21.532  1920  1920 D PhoneSwitcher: evaluating due to netRequest default 0->1 phone[0] 0->-2
02-20 20:25:21.532  1920  1920 D TelephonyNetworkFactory[0]: not acting - isApp=false, isAct=false NetworkRequest [ REQUEST id=1, [ Capabilities: INTERNET&NOT_RESTRICTED&TRUSTED&NOT_VPN] ]
02-20 20:25:21.533  1920  1920 D CAT     : CatService: handleMessage[8]
02-20 20:25:21.533  1920  1920 D CAT     : CatService: MSG_ID_ICC_CHANGED
02-20 20:25:21.533  1920  1920 D CAT     : CatService: New Card State = CARDSTATE_PRESENT Old Card State = CARDSTATE_ABSENT
02-20 20:25:21.533  1920  1920 D RILJ    : [3682]> RIL_REQUEST_REPORT_STK_SERVICE_IS_RUNNING [SUB0]
02-20 20:25:21.533  1374  1500 D RIL     : onRequest: DATA_REGISTRATION_STATE
02-20 20:25:21.533  1374  1500 D RIL     : requestRegistrationState
02-20 20:25:21.533  1374  1500 D AT      : AT> AT+CGREG?
02-20 20:25:21.533  1374  1503 D AT      : AT< +CGREG: 1,1,"0003","005b","000e"
02-20 20:25:21.533  1374  1503 D AT      : AT< OK
02-20 20:25:21.533  1920  2014 D RILJ    : [3673]< OPERATOR {Android, Android, 310260} [SUB0]
