02-20 20:26:32.321  1920  1920 E RuimRecords: [RuimRecords] Record Load Exception: com.android.internal.telephony.CommandException: GENERIC_FAILURE
02-20 20:26:32.321  1920  1920 D RuimRecords: [RuimRecords] onRecordLoaded 8 requested: true
02-20 20:26:32.322  1920  1920 D RuimRecords: [RuimRecords] EF_CSIM_LI LOADED
02-20 20:26:32.322  1920  1920 E RuimRecords: [RuimRecords] Record Load Exception: com.android.internal.telephony.CommandException: GENERIC_FAILURE
02-20 20:26:32.322  1920  1920 D RuimRecords: [RuimRecords] onRecordLoaded 7 requested: true
02-20 20:26:32.325  1920  1920 D RuimRecords: [RuimRecords] EF_CSIM_SPN LOADED
02-20 20:26:32.325  1920  1920 E RuimRecords: [RuimRecords] Record Load Exception: com.android.internal.telephony.CommandException: GENERIC_FAILURE
02-20 20:26:32.325  1920  1920 D RuimRecords: [RuimRecords] onRecordLoaded 6 requested: true
02-20 20:26:32.325  1920  1920 D RuimRecords: [RuimRecords] EF_CSIM_MDN LOADED
02-20 20:26:32.325  1920  1920 E RuimRecords: [RuimRecords] Record Load Exception: com.android.internal.telephony.CommandException: GENERIC_FAILURE
02-20 20:26:32.325  1920  1920 D RuimRecords: [RuimRecords] onRecordLoaded 5 requested: true
02-20 20:26:32.325  1920  1920 D RuimRecords: [RuimRecords] EF_CSIM_IMSIM LOADED
02-20 20:26:32.325  1920  1920 E RuimRecords: [RuimRecords] Record Load Exception: com.android.internal.telephony.CommandException: GENERIC_FAILURE
02-20 20:26:32.325  1920  1920 D RuimRecords: [RuimRecords] onRecordLoaded 4 requested: true
02-20 20:26:32.325  1920  1920 D RuimRecords: [RuimRecords] EF_CSIM_CDMAHOME LOADED
02-20 20:26:32.325  1920  1920 E RuimRecords: [RuimRecords] Record Load Exception: com.android.internal.telephony.CommandException: GENERIC_FAILURE
02-20 20:26:32.326  1920  1920 D RuimRecords: [RuimRecords] onRecordLoaded 3 requested: true
02-20 20:26:32.326  1920  1920 D RuimRecords: [RuimRecords] EF_CSIM_EPRL LOADED
02-20 20:26:32.326  1920  1920 E RuimRecords: [RuimRecords] Record Load Exception: com.android.internal.telephony.CommandException: GENERIC_FAILURE
02-20 20:26:32.326  1920  1920 D RuimRecords: [RuimRecords] onRecordLoaded 2 requested: true
02-20 20:26:32.326  1920  1920 D RuimRecords: [RuimRecords] EF_CSIM_MIPUPP LOADED
02-20 20:26:32.326  1920  1920 E RuimRecords: [RuimRecords] Record Load Exception: com.android.internal.telephony.CommandException: GENERIC_FAILURE
02-20 20:26:32.326  1920  1920 D RuimRecords: [RuimRecords] onRecordLoaded 1 requested: true
02-20 20:26:32.326  1920  1920 D SIMRecords: [SIMRecords] iccid: 89014103211118510720
02-20 20:26:32.326  1920  1920 D SIMRecords: [SIMRecords] onRecordLoaded 10 requested: true
02-20 20:26:32.330  1763  1763 I StatusBar: isKeyguardShowing() called before startKeyguard(), returning true
02-20 20:26:32.333  1763  1763 W StatusBar: isKeyguardSecure() called before startKeyguard(), returning false
02-20 20:26:32.333  1763  1763 W StatusBar: java.lang.Throwable
02-20 20:26:32.333  1763  1763 W StatusBar: 	at com.android.systemui.statusbar.BaseStatusBar.isKeyguardSecure(BaseStatusBar.java:2647)
02-20 20:26:32.333  1763  1763 W StatusBar: 	at com.android.systemui.statusbar.BaseStatusBar.isCameraAllowedByAdmin(BaseStatusBar.java:2670)
02-20 20:26:32.333  1763  1763 W StatusBar: 	at com.android.systemui.statusbar.phone.KeyguardBottomAreaView.updateCameraVisibility(KeyguardBottomAreaView.java:309)
02-20 20:26:32.333  1763  1763 W StatusBar: 	at com.android.systemui.statusbar.phone.KeyguardBottomAreaView.setUserSetupComplete(KeyguardBottomAreaView.java:281)
02-20 20:26:32.333  1763  1763 W StatusBar: 	at com.android.systemui.statusbar.phone.PhoneStatusBar$1.onChange(PhoneStatusBar.java:441)
02-20 20:26:32.333  1763  1763 W StatusBar: 	at com.android.systemui.statusbar.phone.PhoneStatusBar.resetUserSetupObserver(PhoneStatusBar.java:3676)
02-20 20:26:32.333  1763  1763 W StatusBar: 	at com.android.systemui.statusbar.phone.PhoneStatusBar.makeStatusBarView(PhoneStatusBar.java:1008)
02-20 20:26:32.333  1763  1763 W StatusBar: 	at com.android.systemui.statusbar.phone.PhoneStatusBar.addStatusBarWindow(PhoneStatusBar.java:3432)
02-20 20:26:32.333  1763  1763 W StatusBar: 	at com.android.systemui.statusbar.phone.PhoneStatusBar.createAndAddWindows(PhoneStatusBar.java:3428)
02-20 20:26:32.333  1763  1763 W StatusBar: 	at com.android.systemui.statusbar.BaseStatusBar.start(BaseStatusBar.java:765)
02-20 20:26:32.333  1763  1763 W StatusBar: 	at com.android.systemui.statusbar.phone.PhoneStatusBar.start(PhoneStatusBar.java:686)
02-20 20:26:32.333  1763  1763 W StatusBar: 	at com.android.systemui.statusbar.SystemBars.createStatusBarFromConfig(SystemBars.java:106)
02-20 20:26:32.333  1763  1763 W StatusBar: 	at com.android.systemui.statusbar.SystemBars.onNoService(SystemBars.java:58)
02-20 20:26:32.333  1763  1763 W StatusBar: 	at com.android.systemui.statusbar.ServiceMonitor.startService(ServiceMonitor.java:230)
02-20 20:26:32.333  1763  1763 W StatusBar: 	at com.android.systemui.statusbar.ServiceMonitor.-wrap5(ServiceMonitor.java)
02-20 20:26:32.333  1763  1763 W StatusBar: 	at com.android.systemui.statusbar.ServiceMonitor$1.handleMessage(ServiceMonitor.java:73)
02-20 20:26:32.333  1763  1763 W StatusBar: 	at android.os.Handler.dispatchMessage(Handler.java:102)
02-20 20:26:32.333  1763  1763 W StatusBar: 	at android.os.Looper.loop(Looper.java:154)
02-20 20:26:32.333  1763  1763 W StatusBar: 	at android.app.ActivityThread.main(ActivityThread.java:6119)
02-20 20:26:32.333  1763  1763 W StatusBar: 	at java.lang.reflect.Method.invoke(Native Method)
02-20 20:26:32.333  1763  1763 W StatusBar: 	at com.android.internal.os.ZygoteInit$MethodAndArgsCaller.run(ZygoteInit.java:886)
02-20 20:26:32.333  1763  1763 W StatusBar: 	at com.android.internal.os.ZygoteInit.main(ZygoteInit.java:776)
02-20 20:26:32.334  1920  1920 D SIMRecords: [SIMRecords] EF_MBI: 01000000
02-20 20:26:32.334  1920  1920 D SIMRecords: [SIMRecords] Got valid mailbox number for MBDN
02-20 20:26:32.334  1920  1920 D RILJ    : [3733]> iccIO: SIM_IO 0xc0 0x6fc7  path: 3F007F20,0,0,15 aid: null [SUB0]
02-20 20:26:32.334  1763  1981 D OpenGLRenderer: profile bars disabled
02-20 20:26:32.334  1374  1485 D RIL     : onRequest: SIM_IO
02-20 20:26:32.334  1374  1485 D AT      : AT> AT+CRSM=192,28615,0,0,15
02-20 20:26:32.334  1763  1981 D OpenGLRenderer: ambientRatio = 1.50
02-20 20:26:32.334  1374  1487 D AT      : AT< +CRSM: 144,0,000000406fc7040011a0aa01020120
02-20 20:26:32.334  1374  1487 D AT      : AT< OK
02-20 20:26:32.334  1920  2006 D RILJ    : [3733]< SIM_IO IccIoResponse sw1:0x90 sw2:0x0 [SUB0]
02-20 20:26:32.334  1920  1920 D SIMRecords: [SIMRecords] onRecordLoaded 10 requested: true
02-20 20:26:32.334  1920  1920 D SIMRecords: [SIMRecords] EF_AD: 00000003
02-20 20:26:32.334  1920  1920 D SIMRecords: [SIMRecords] setting4 mMncLength=3
02-20 20:26:32.334  1920  1920 D SIMRecords: [SIMRecords] update mccmnc=310260
02-20 20:26:32.334  1920  1920 D MccTable: updateMccMncConfiguration mccmnc='310260' fromServiceState=false
02-20 20:26:32.335  1920  1920 D SubscriptionController: [getPhoneId]- no sims, returning default phoneId=2147483647
02-20 20:26:32.335  1920  1920 D MccTable: updateMccMncConfiguration defaultMccMnc=
02-20 20:26:32.335  1920  1920 D MccTable: updateMccMncConfiguration: mcc=310, mnc=260
02-20 20:26:32.335  1920  1920 D MccTable: updateMccMncConfiguration updateConfig config={1.0 310mcc260mnc ?localeList ?layoutDir ?swdp ?wdp ?hdp ?density ?lsize ?long ?orien ?uimode ?night ?touch ?keyb/?/? ?nav/?}
02-20 20:26:32.335  1676  1689 I configuration_changed: 3
02-20 20:26:32.336  1676  1689 I ActivityManager: Config changes=3 {1.0 310mcc260mnc [en_US] ldltr sw360dp w360dp h668dp 640dpi nrml long port finger -keyb/v/h -nav/h s.6}
02-20 20:26:32.337  1763  1763 D PhoneStatusBar: disable: < EXPAND* icons alerts system_info BACK* HOME* RECENT* clock SEARCH* quick_settings >
02-20 20:26:32.338  1676  1689 I am_relaunch_resume_activity: [0,184778757,1,com.android.settings/.FallbackHome]
02-20 20:26:32.339  1920  1920 D SIMRecords: [SIMRecords] onRecordLoaded 9 requested: true
02-20 20:26:32.339  1920  1920 D SIMRecords: [SIMRecords] EF_MWIS : 0000000000
02-20 20:26:32.339  1920  1920 D SIMRecords: [SIMRecords] onRecordLoaded 8 requested: true
02-20 20:26:32.339  1920  1920 D SIMRecords: [SIMRecords] EF_CPHS_MWI: 55
02-20 20:26:32.339  1934  1934 I am_on_paused_called: [0,com.android.settings.FallbackHome,handleRelaunchActivity]
02-20 20:26:32.340  1920  1920 D SIMRecords: [SIMRecords] onRecordLoaded 7 requested: true
02-20 20:26:32.340  1920  1920 D SIMRecords: [SIMRecords] EF_CFF_CPHS: 55
02-20 20:26:32.340  1920  1920 D SIMRecords: [SIMRecords] onRecordLoaded 6 requested: true
02-20 20:26:32.340  1920  1920 D SubscriptionInfoUpdater: [Receiver]+
02-20 20:26:32.340  1920  1920 D SubscriptionInfoUpdater: Action: android.intent.action.SIM_STATE_CHANGED
02-20 20:26:32.340  1920  1920 D SubscriptionInfoUpdater: slotId: 0
02-20 20:26:32.340  1920  1920 D SubscriptionInfoUpdater: simStatus: IMSI
02-20 20:26:32.340  1920  1920 D SubscriptionInfoUpdater: Ignoring simStatus: IMSI
02-20 20:26:32.340  1920  1920 D SubscriptionInfoUpdater: [Receiver]-
02-20 20:26:32.343  1934  1986 D EGL_emulation: eglMakeCurrent: 0x7fec2c379b60: ver 3 0 (tinfo 0x7fec369ecd00)
02-20 20:26:32.343  1920  2061 D DCT     : [0]hasMatchedTetherApnSetting: APN=null
02-20 20:26:32.344  1920  1920 D RILJ    : [3734]> iccIO: SIM_IO 0xb0 0x6f14  path: 3F007F20,0,0,20 aid: null [SUB0]
02-20 20:26:32.344  1374  1485 D RIL     : onRequest: SIM_IO
02-20 20:26:32.344  1374  1485 D AT      : AT> AT+CRSM=176,28436,0,0,20
02-20 20:26:32.344  1374  1487 D AT      : AT< +CRSM: 144,0,416e64726f6964ffffffffffffffffffffffffff
02-20 20:26:32.344  1374  1487 D AT      : AT< OK
02-20 20:26:32.344  1920  2006 D RILJ    : [3734]< SIM_IO IccIoResponse sw1:0x90 sw2:0x0 [SUB0]
02-20 20:26:32.344  1920  1920 D SIMRecords: [SIMRecords] onRecordLoaded 5 requested: true
02-20 20:26:32.345  1920  1920 D SIMRecords: [SIMRecords] SST: UsimServiceTable[120]={ PHONEBOOK, FDN, FDN_EXTENSION, SDN, SDN_EXTENSION, BDN, BDN_EXTENSION, OUTGOING_CALL_INFO, ADVICE_OF_CHARGE, CAP_CONFIG_PARAMS_2, GROUP_ID_LEVEL_1, GROUP_ID_LEVEL_2, SPN, USER_PLMN_SELECT, MSISDN, IMAGE, LOCALISED_SERVICE_AREAS, EMLPP, EMLPP_AUTO_ANSWER, RFU, GSM_ACCESS, DATA_DL_VIA_SMS_PP, DATA_DL_VIA_SMS_CB, CALL_CONTROL_BY_USIM, MO_SMS_CONTROL_BY_USIM, RUN_AT_COMMAND, APN_CONTROL_LIST, DEPERSONALISATION_CONTROL_KEYS, COOPERATIVE_NETWORK_LIST, GSM_SECURITY_CONTEXT, SERVICE_PROVIDER_DISPLAY_INFO, MMS_NOTIFICATION, MMS_NOTIFICATION_EXTENSION, GPRS_CALL_CONTROL_BY_USIM, VGCS_GROUP_ID_LIST, VBS_GROUP_ID_LIST, OMA_BCAST_PROFILE, GBA_LOCAL_KEY_ESTABLISHMENT, #101, #102, #103, #104, #105, #106, #107, #108, #109, #110 }
02-20 20:26:32.345  1920  1920 D SIMRecords: [SIMRecords] onRecordLoaded 4 requested: true
02-20 20:26:32.345  1920  1920 D SIMRecords: [SIMRecords] iCPHS: 0233
02-20 20:26:32.345  1920  1920 D SIMRecords: [SIMRecords] onRecordLoaded 3 requested: true
02-20 20:26:32.345  1920  1920 D RuimRecords: [RuimRecords] iccid: 89014103211118510720
02-20 20:26:32.345  1920  1920 D RuimRecords: [RuimRecords] onRecordLoaded 0 requested: true
02-20 20:26:32.345  1920  1920 D RuimRecords: [RuimRecords] record load complete
02-20 20:26:32.345  1920  1920 D SIMRecords: [SIMRecords] MSISDN: [t-WgLegCyIMgfHgPkOdM6pkZbpA]
02-20 20:26:32.345  1920  1920 D SIMRecords: [SIMRecords] onRecordLoaded 2 requested: true
02-20 20:26:32.345  1920  1920 D RILJ    : [3735]> iccIO: SIM_IO 0xb2 0x6fc7  path: 3F007F20,1,4,32 aid: null [SUB0]
02-20 20:26:32.345  1374  1485 D RIL     : onRequest: SIM_IO
02-20 20:26:32.345  1374  1485 D AT      : AT> AT+CRSM=178,28615,1,4,32
02-20 20:26:32.348  1374  1487 D AT      : AT< +CRSM: 144,0,566f6963656d61696cffffffffffffffffff07915155125740f9ffffffffffff
02-20 20:26:32.348  1374  1487 D AT      : AT< OK
02-20 20:26:32.348  1920  2006 D RILJ    : [3735]< SIM_IO IccIoResponse sw1:0x90 sw2:0x0 [SUB0]
02-20 20:26:32.349  1934  1934 I am_on_stop_called: [0,com.android.settings.FallbackHome,destroy]
02-20 20:26:32.351  1920  1920 D SIMRecords: [SIMRecords] getServiceProviderName: no brandOverride, providerName=Android
02-20 20:26:32.351  1920  1920 D SIMRecords: [SIMRecords] Load EF_SPN_CPHS: Android
02-20 20:26:32.351  1920  1920 D TelephonyManager: setTelephonyProperty: success phoneId=0 property=gsm.sim.operator.alpha value: Android propVal=Android
02-20 20:26:32.352  1920  1920 D SIMRecords: [SIMRecords] onRecordLoaded 1 requested: true
02-20 20:26:32.352  1920  1920 D SIMRecords: [SIMRecords] VM: ADN Record 'Voicemail' '[-MWU1cAlDrkXUZ8dpHi_wU_YOpU] null' EF[MBDN]
02-20 20:26:32.352  1920  1920 D SIMRecords: [SIMRecords] onRecordLoaded 0 requested: true
02-20 20:26:32.352  1920  1920 D SIMRecords: [SIMRecords] record load complete
02-20 20:26:32.352  1920  1920 D SIMRecords: [SIMRecords] Not using EF LI/EF PL
02-20 20:26:32.352  1920  1920 D SIMRecords: [SIMRecords] EF_CFF: callForwardingEnabled=0
02-20 20:26:32.352  1920  1920 D SIMRecords: [SIMRecords] onAllRecordsLoaded set 'gsm.sim.operator.numeric' to operator='310260'
02-20 20:26:32.352  1920  1920 D SIMRecords: [SIMRecords] update icc_operator_numeric=310260
02-20 20:26:32.352  1920  1920 D TelephonyManager: setTelephonyProperty: success phoneId=0 property=gsm.sim.operator.numeric value: 310260 propVal=310260
02-20 20:26:32.353  1920  1920 D SubscriptionController: [setMccMnc]+ mcc/mnc:310/260 subId:-1
02-20 20:26:32.369  1920  1940 D SubscriptionController: [getActiveSubInfoList] Sub Controller not ready
02-20 20:26:32.370  1920  1920 D SubscriptionController: notifySubscriptionInfoChanged:
02-20 20:26:32.370  1676  1676 I GnssLocationProvider: WakeLock acquired by sendMessage(12, 0, null)
02-20 20:26:32.371  1920  1920 D SIMRecords: [SIMRecords] onAllRecordsLoaded set mcc imsi
02-20 20:26:32.371  1920  1920 D TelephonyManager: setTelephonyProperty: success phoneId=0 property=gsm.sim.operator.iso-country value: us propVal=us
02-20 20:26:32.371  1920  2061 D SubscriptionController: [getActiveSubInfoList] Sub Controller not ready
02-20 20:26:32.378  1920  1920 D SST     : SubscriptionListener.onSubscriptionInfoChanged
02-20 20:26:32.378  1920  1920 D SIMRecords: [SIMRecords]  VoiceMessageCount from SIM MWIS = 0
02-20 20:26:32.378  1920  1920 E Phone   : getStoredVoiceMessageCount: invalid subId -2
02-20 20:26:32.378  1920  1920 D GsmCdmaPhone: [GsmCdmaPhone] updateVoiceMail countVoiceMessages = 0 subId -2
02-20 20:26:32.379  1920  1920 E Phone   : setVoiceMessageCount in sharedPreference: invalid subId -2
02-20 20:26:32.379  1920  1920 D DCT     : [0]SubscriptionListener.onSubscriptionInfoChanged
02-20 20:26:32.379  1920  1920 D SubscriptionController: [getActiveSubInfoList] Sub Controller not ready
02-20 20:26:32.402  1934  1934 I am_on_resume_called: [0,com.android.settings.FallbackHome,handleRelaunchActivity]
02-20 20:26:32.423  1763  1763 D PhoneStatusBar: heads up is enabled
02-20 20:26:32.426  1313  1355 D gralloc_ranchu: gralloc_alloc: Creating ashmem region of size 15945728
02-20 20:26:32.441  1920  1920 D SubscriptionController: [getActiveSubInfoList] Sub Controller not ready
02-20 20:26:32.442  1920  1920 D CAT     : CatService: handleMessage[20]
02-20 20:26:32.465  1920  1920 D GsmCdmaPhone: [GsmCdmaPhone] updateCurrentCarrierInProvider: mSubId = -2 currentDds = 1 operatorNumeric = 310260
02-20 20:26:32.465  1920  1920 D IccCardProxy: operator=310260 mPhoneId=0
02-20 20:26:32.465  1920  1920 D TelephonyManager: setTelephonyProperty: success phoneId=0 property=gsm.sim.operator.numeric value: 310260 propVal=310260
02-20 20:26:32.465  1920  1920 D TelephonyManager: setTelephonyProperty: success phoneId=0 property=gsm.sim.operator.iso-country value: us propVal=us
02-20 20:26:32.465  1920  1920 D IccCardProxy: Sending intent ACTION_INTERNAL_SIM_STATE_CHANGED for mPhoneId : 0
02-20 20:26:32.468  1920  1920 D SST     : EVENT_SIM_RECORDS_LOADED: what=16
02-20 20:26:32.468  1920  1920 D GsmCdmaPhone: [GsmCdmaPhone] updatePhoneObject: radioTechnology=0
02-20 20:26:32.468  1920  1920 D SST     : getOtasp: otasp not needed for GSM
02-20 20:26:32.468  1920  1920 D SST     : updateOtaspState: call notifyOtaspChanged old otaspMode=0 new otaspMode=3
02-20 20:26:32.468  1920  1920 D SIMRecords: [SIMRecords] getServiceProviderName: no brandOverride, providerName=Android
02-20 20:26:32.468  1920  1920 D SIMRecords: [SIMRecords] getServiceProviderName: no brandOverride, providerName=Android
02-20 20:26:32.468  1920  1920 D SST     : updateSpnDisplay: changed sending intent rule=1 showPlmn='false' plmn='Android' showSpn='true' spn='Android' dataSpn='Android' subId='-2'
02-20 20:26:32.470  1920  1920 D SubscriptionController: [setPlmnSpn] No valid subscription to store info
02-20 20:26:32.471  1920  1920 D SubscriptionController: notifySubscriptionInfoChanged:
02-20 20:26:32.471  1676  1676 I GnssLocationProvider: WakeLock acquired by sendMessage(12, 0, null)
02-20 20:26:32.471  1920  2061 D SubscriptionController: [getActiveSubInfoList] Sub Controller not ready
02-20 20:26:32.478  1920  1920 I Telephony: PstnIncomingCallNotifier: Unregistering: Handler (com.android.internal.telephony.GsmCdmaPhone) {22caca0}
02-20 20:26:32.479  1920  1920 E PhoneInterfaceManager: [PhoneIntfMgr] getIccId: No UICC
02-20 20:26:32.481  1676  1841 I Telecom : PhoneAccountRegistrar: [ComponentInfo{com.android.phone/com.android.services.telephony.TelephonyConnectionService}, [e0184adedf913b076626646d3f52c3b49c39ad6d], UserHandle{0}(addr: tel:*********** -> tel:)(icon: Icon(typ=BITMAP size=76x96) -> Icon(typ=BITMAP size=76x96))(subAddr: tel:*********** -> tel:)]: TSI.rPA@AAo
02-20 20:26:32.483  1676  1841 I Telecom : : Sending phone-account registered intent as user: TSI.rPA@AAo
02-20 20:26:32.486  1920  1920 I Telephony: AccountEntry: Registered phoneAccount: [[ ] PhoneAccount: ComponentInfo{com.android.phone/com.android.services.telephony.TelephonyConnectionService}, [e0184adedf913b076626646d3f52c3b49c39ad6d], UserHandle{0} Capabilities: CallProvider MultiUser PlaceEmerg SimSub  Schemes: tel voicemail  Extras: null GroupId: [da39a3ee5e6b4b0d3255bfef95601890afd80709]] with handle: ComponentInfo{com.android.phone/com.android.services.telephony.TelephonyConnectionService}, [e0184adedf913b076626646d3f52c3b49c39ad6d], UserHandle{0}
02-20 20:26:32.486  1920  1920 I Telephony: PstnIncomingCallNotifier: Registering: Handler (com.android.internal.telephony.GsmCdmaPhone) {22caca0}
02-20 20:26:32.487  1920  1920 D SubscriptionInfoUpdater: [Receiver]+
02-20 20:26:32.487  1920  1920 D SubscriptionInfoUpdater: Action: android.intent.action.internal_sim_state_changed
02-20 20:26:32.487  1920  1920 D SubscriptionInfoUpdater: slotId: 0
02-20 20:26:32.487  1920  1920 D SubscriptionInfoUpdater: simStatus: LOADED
02-20 20:26:32.487  1920  1920 D SubscriptionInfoUpdater: [Receiver]-
02-20 20:26:32.487  1920  1920 D GsmCdmaPhone: [GsmCdmaPhone] phoneObjectUpdater: newVoiceRadioTech=0
02-20 20:26:32.488  1920  1920 D GsmCdmaPhone: [GsmCdmaPhone] phoneObjectUpdater: volteReplacementRat=0
02-20 20:26:32.488  1920  1920 E GsmCdmaPhone: [GsmCdmaPhone] phoneObjectUpdater: newVoiceRadioTech=0 doesn't match either CDMA or GSM - error! No phone change
02-20 20:26:32.488  1920  1920 D SST     : SubscriptionListener.onSubscriptionInfoChanged
02-20 20:26:32.488  1920  1920 D DCT     : [0]SubscriptionListener.onSubscriptionInfoChanged
02-20 20:26:32.488  1920  1920 D SubscriptionController: [getActiveSubInfoList] Sub Controller not ready
02-20 20:26:32.489  1920  1920 D SubscriptionController: [getActiveSubInfoList] Sub Controller not ready
02-20 20:26:32.489  1920  1920 I Telephony: PstnIncomingCallNotifier: Unregistering: Handler (com.android.internal.telephony.GsmCdmaPhone) {22caca0}
02-20 20:26:32.490  1920  1920 E PhoneInterfaceManager: [PhoneIntfMgr] getIccId: No UICC
02-20 20:26:32.495  1676  1961 I Telecom : PhoneAccountRegistrar: [ComponentInfo{com.android.phone/com.android.services.telephony.TelephonyConnectionService}, [e0184adedf913b076626646d3f52c3b49c39ad6d], UserHandle{0}(icon: Icon(typ=BITMAP size=76x96) -> Icon(typ=BITMAP size=76x96))]: TSI.rPA@AA0
02-20 20:26:32.496  1676  1961 I Telecom : : Sending phone-account registered intent as user: TSI.rPA@AA0
02-20 20:26:32.496  1920  1920 I Telephony: AccountEntry: Registered phoneAccount: [[ ] PhoneAccount: ComponentInfo{com.android.phone/com.android.services.telephony.TelephonyConnectionService}, [e0184adedf913b076626646d3f52c3b49c39ad6d], UserHandle{0} Capabilities: CallProvider MultiUser PlaceEmerg SimSub  Schemes: tel voicemail  Extras: null GroupId: [da39a3ee5e6b4b0d3255bfef95601890afd80709]] with handle: ComponentInfo{com.android.phone/com.android.services.telephony.TelephonyConnectionService}, [e0184adedf913b076626646d3f52c3b49c39ad6d], UserHandle{0}
02-20 20:26:32.496  1920  1920 I Telephony: PstnIncomingCallNotifier: Registering: Handler (com.android.internal.telephony.GsmCdmaPhone) {22caca0}
02-20 20:26:32.500  1920  1920 D SubscriptionInfoUpdater: handleSimStateLoadedInternal: slotId: 0
02-20 20:26:32.500  1920  1920 D SubscriptionInfoUpdater: All IccIds query complete
02-20 20:26:32.500  1920  1920 D SubscriptionInfoUpdater: updateSubscriptionInfoByIccId:+ Start
02-20 20:26:32.500  1920  1920 D SubscriptionController: [clearSubInfo]- no simInfo size=0
02-20 20:26:32.500  1920  1920 D SubscriptionInfoUpdater: insertedSimCount = 1
02-20 20:26:32.500  1920  1920 D SubscriptionController: [getSubInfoUsingSlotIdWithCheck]+ slotId:0
02-20 20:26:32.501  1920  2061 D SubscriptionController: [getSlotId]- subId invalid
02-20 20:26:32.502  1763  2087 D TelephonyManager: getSimState: default sim:-1, sim state for slotIdx=0 is 5, return state as unknown
02-20 20:26:32.512  1920  1920 D SubscriptionController: [getPhoneId]- no sims, returning default phoneId=2147483647
02-20 20:26:32.512  1920  1920 D SubscriptionController: [getPhoneId]- no sims, returning default phoneId=2147483647
02-20 20:26:32.512  1920  1920 D SubscriptionController: [getPhoneId]- no sims, returning default phoneId=2147483647
02-20 20:26:32.513  1920  1920 D SubscriptionController: [getSubInfoUsingSlotId]- null info return
02-20 20:26:32.513  1920  1920 D SubscriptionInfoUpdater: updateSubscriptionInfoByIccId: oldSubId = 1
02-20 20:26:32.513  1920  1920 D SubscriptionInfoUpdater: updateSubscriptionInfoByIccId: oldIccId[0] = 89014103211118510720, sIccId[0] = 89014103211118510720
02-20 20:26:32.513  1920  1920 D SubscriptionController: [addSubInfoRecord]+ iccId:89014103211118510720 slotId:0
02-20 20:26:32.516  1920  1920 D SubscriptionController: [getActiveSubInfoList] Sub Controller not ready
02-20 20:26:32.526  1920  1920 D SubscriptionController: [addSubInfoRecord] Record already exists
02-20 20:26:32.530  1920  1920 D SubscriptionController: [addSubInfoRecord] sSlotIdxToSubId.size=1 slotId=0 subId=1 defaultSubId=1 simCount=1
02-20 20:26:32.530  1920  1920 D SubscriptionController: [setDefaultFallbackSubId] subId=1
02-20 20:26:32.531  1920  1920 D SubscriptionController: [setDefaultFallbackSubId] set mDefaultFallbackSubId=1
02-20 20:26:32.531  1920  1920 D MccTable: updateMccMncConfiguration mccmnc='310260' fromServiceState=false
02-20 20:26:32.531  1920  1920 D MccTable: updateMccMncConfiguration defaultMccMnc=310260
02-20 20:26:32.531  1920  1920 D MccTable: updateMccMncConfiguration: mcc=310, mnc=260
02-20 20:26:32.531  1920  1920 D MccTable: updateMccMncConfiguration updateConfig config={1.0 310mcc260mnc ?localeList ?layoutDir ?swdp ?wdp ?hdp ?density ?lsize ?long ?orien ?uimode ?night ?touch ?keyb/?/? ?nav/?}
02-20 20:26:32.542  1763  1779 W art     : Suspending all threads took: 36.549ms
02-20 20:26:32.547  1676  1691 W GnssLocationProvider: Could not open GPS configuration file /etc/gps.conf
02-20 20:26:32.547  1676  1691 E GnssLocationProvider: no AGPS interface in set_agps_server
02-20 20:26:32.554  1763  1779 I art     : Background partial concurrent mark sweep GC freed 9739(1577KB) AllocSpace objects, 3(96KB) LOS objects, 19% free, 16MB/20MB, paused 36.812ms total 59.343ms
02-20 20:26:32.555  1676  1691 W GnssLocationProvider: Could not open GPS configuration file /etc/gps.conf
02-20 20:26:32.555  1676  1691 E GnssLocationProvider: no AGPS interface in set_agps_server
02-20 20:26:32.555  1676  1691 I GnssLocationProvider: WakeLock released by handleMessage(12, 0, null)
02-20 20:26:32.559  1676  1691 W GnssLocationProvider: Could not open GPS configuration file /etc/gps.conf
02-20 20:26:32.559  1676  1691 E GnssLocationProvider: no AGPS interface in set_agps_server
02-20 20:26:32.560  1676  1691 I GnssLocationProvider: WakeLock released by handleMessage(12, 0, null)
02-20 20:26:32.572  1313  1354 D         : HostConnection::get() New Host Connection established 0x7214540eacc0, tid 1354
02-20 20:26:32.573  1920  1920 D SubscriptionController: [setDefaultFallbackSubId] broadcast default subId changed phoneId=0 subId=1
02-20 20:26:32.573  1920  1920 D SubscriptionController: [addSubInfoRecord] one sim set defaults to subId=1
02-20 20:26:32.574  1920  1920 D SubscriptionController: [setDefaultDataSubId] num phones=1, subId=1
02-20 20:26:32.574  1920  1920 D SubscriptionController: [setDefaultDataSubId] phoneId=0 subId=1 RAF=1
02-20 20:26:32.574  1920  1920 D ProxyController: setRadioCapability: Already in requested configuration, nothing to do.
02-20 20:26:32.574  1920  1920 D SubscriptionController: [updateAllDataConnectionTrackers] sPhones.length=1
02-20 20:26:32.574  1920  1920 D SubscriptionController: [updateAllDataConnectionTrackers] phoneId=0
02-20 20:26:32.574  1920  1920 D DCT     : [0]update sub = 1
02-20 20:26:32.574  1920  1920 D DCT     : [0]update(): Active DDS, register for all events now!
02-20 20:26:32.574  1920  1920 D DCT     : [0]New records found.
02-20 20:26:32.574  1920  1920 D SST     : mDeviceShuttingDown=false, mDesiredPowerState=true, getRadioState=RADIO_ON, mPowerOffDelayNeed=true, mAlarmSwitch=false, mRadioDisabledByCarrier=false
02-20 20:26:32.574  1920  1920 D GsmCdmaPhone: [GsmCdmaPhone] updateCurrentCarrierInProvider: mSubId = 1 currentDds = 1 operatorNumeric = 310260
02-20 20:26:32.576  1676  1690 I dvm_lock_sample: [system_server,1,Binder:1676_2,94,WindowManagerService.java,1887,-,2857,18]
02-20 20:26:32.585  1763  2088 E ActivityThread: Failed to find provider info for com.android.contacts
02-20 20:26:32.595  1920  1932 D RILJ    : [3736]> RIL_REQUEST_GET_CELL_INFO_LIST [SUB0]
02-20 20:26:32.596  1374  1485 D RIL     : onRequest: GET_CELL_INFO_LIST
02-20 20:26:32.596  1374  1485 D RILC    : responseCellInfoList: v12
02-20 20:26:32.600  1920  2006 D RILJ    : [3736]< RIL_REQUEST_GET_CELL_INFO_LIST [CellInfoGsm:{mRegistered=YES mTimeStampType=modem mTimeStamp=11612742783ns CellIdentityGsm:{ mMcc=310 mMnc=260 mLac=3 mCid=91 mArfcn=10 mBsic=0x0} CellSignalStrengthGsm: ss=1755312568 ber=29513 mTa=1761860732}] [SUB0]
02-20 20:26:32.653  1920  1920 D SubscriptionController: [broadcastDefaultDataSubIdChanged] subId=1
02-20 20:26:32.654  1920  1920 D SubscriptionController: [setDefaultSmsSubId] subId=1
02-20 20:26:32.654  1920  1920 D SubscriptionController: [broadcastDefaultSmsSubIdChanged] subId=1
02-20 20:26:32.655  1920  1920 D SubscriptionController: [setDefaultVoiceSubId] subId=1
02-20 20:26:32.656  1920  1920 D SubscriptionController: [broadcastDefaultVoiceSubIdChanged] subId=1
02-20 20:26:32.663  1920  1920 D SubscriptionController: [addSubInfoRecord] hashmap(0,1)
02-20 20:26:32.677  1920  1920 D SubscriptionController: [addSubInfoRecord] sim name = Android
02-20 20:26:32.679  1920  1920 D DCT     : [0]update sub = 1
02-20 20:26:32.679  1920  1920 D DCT     : [0]update(): Active DDS, register for all events now!
02-20 20:26:32.680  1920  1920 D GsmCdmaPhone: [GsmCdmaPhone] updateCurrentCarrierInProvider: mSubId = 1 currentDds = 1 operatorNumeric = 310260
02-20 20:26:32.686  2062  2062 I GAv4    : Google Analytics 9.2.56 is starting up. To enable debug logging on a device run:
02-20 20:26:32.686  2062  2062 I GAv4    :   adb shell setprop log.tag.GAv4 DEBUG
02-20 20:26:32.686  2062  2062 I GAv4    :   adb logcat -s GAv4
02-20 20:26:32.703  2062  2103 W GAv4    : AnalyticsReceiver is not registered or is disabled. Register the receiver for reliable dispatching on non-Google Play devices. See http://goo.gl/8Rd3yj for instructions.
02-20 20:26:32.706  2062  2103 W GAv4    : CampaignTrackingReceiver is not registered, not exported or is disabled. Installation campaign tracking is not possible. See http://goo.gl/8Rd3yj for instructions.
02-20 20:26:32.708  1920  1920 D SubscriptionController: [addSubInfoRecord]- info size=1
02-20 20:26:32.708  1920  1920 D SubscriptionInfoUpdater: newSim = false
02-20 20:26:32.708  1920  1920 D SubscriptionInfoUpdater: updateSubscriptionInfoByIccId: sInsertSimState[0] = 0
02-20 20:26:32.711  1920  1920 D SubscriptionInfoUpdater: updateSubscriptionInfoByIccId: nSubCount = 1
02-20 20:26:32.714  1920  1920 D SubscriptionController: [setDefaultDataSubId] num phones=1, subId=1
02-20 20:26:32.714  1920  1920 D SubscriptionController: [setDefaultDataSubId] phoneId=0 subId=1 RAF=1
02-20 20:26:32.714  1920  1920 D ProxyController: setRadioCapability: Already in requested configuration, nothing to do.
02-20 20:26:32.714  1920  1920 D SubscriptionController: [updateAllDataConnectionTrackers] sPhones.length=1
02-20 20:26:32.714  1920  1920 D SubscriptionController: [updateAllDataConnectionTrackers] phoneId=0
02-20 20:26:32.714  1920  1920 D DCT     : [0]update sub = 1
02-20 20:26:32.714  1920  1920 D DCT     : [0]update(): Active DDS, register for all events now!
02-20 20:26:32.714  1920  1920 D GsmCdmaPhone: [GsmCdmaPhone] updateCurrentCarrierInProvider: mSubId = 1 currentDds = 1 operatorNumeric = 310260
02-20 20:26:32.717  2062  2103 W GAv4    : AnalyticsService not registered in the app manifest. Hits might not be delivered reliably. See http://goo.gl/8Rd3yj for instructions.
02-20 20:26:32.718  1934  1986 D EGL_emulation: eglMakeCurrent: 0x7fec2c379b60: ver 3 0 (tinfo 0x7fec369ecd00)
02-20 20:26:32.765  1920  1920 D SubscriptionController: [broadcastDefaultDataSubIdChanged] subId=1
02-20 20:26:32.768  1920  1920 D SubscriptionController: notifySubscriptionInfoChanged:
02-20 20:26:32.768  1676  1676 I GnssLocationProvider: WakeLock acquired by sendMessage(12, 0, null)
02-20 20:26:32.768  1920  2061 D SubscriptionMonitor: Phone[0] subId changed -2->1, 1 registrants
02-20 20:26:32.768  1920  2061 D SubscriptionMonitor: mDefaultDataSubId = 1, 1 registrants
02-20 20:26:32.769  1920  1920 D SubscriptionInfoUpdater: updateSubscriptionInfoByIccId:- SsubscriptionInfo update complete
02-20 20:26:32.769  1920  1920 D MccTable: updateMccMncConfiguration mccmnc='310260' fromServiceState=false
02-20 20:26:32.769  1920  1920 D MccTable: updateMccMncConfiguration defaultMccMnc=310260
02-20 20:26:32.769  1920  1920 D MccTable: updateMccMncConfiguration: mcc=310, mnc=260
02-20 20:26:32.769  1920  1920 D MccTable: updateMccMncConfiguration updateConfig config={1.0 310mcc260mnc ?localeList ?layoutDir ?swdp ?wdp ?hdp ?density ?lsize ?long ?orien ?uimode ?night ?touch ?keyb/?/? ?nav/?}
02-20 20:26:32.774  1676  1691 W GnssLocationProvider: Could not open GPS configuration file /etc/gps.conf
02-20 20:26:32.775  1676  1691 E GnssLocationProvider: no AGPS interface in set_agps_server
02-20 20:26:32.775  1676  1691 I GnssLocationProvider: WakeLock released by handleMessage(12, 0, null)
02-20 20:26:32.796  1676  1693 W WindowManager: Keyguard drawn timeout. Setting mKeyguardDrawComplete
02-20 20:26:32.796  1676  1689 W art     : Long monitor contention with owner Binder:1676_5 (1961) at int com.android.server.wm.WindowManagerService.relayoutWindow(com.android.server.wm.Session, android.view.IWindow, int, android.view.WindowManager$LayoutParams, int, int, int, int, android.graphics.Rect, android.graphics.Rect, android.graphics.Rect, android.graphics.Rect, android.graphics.Rect, android.graphics.Rect, android.graphics.Rect, android.content.res.Configuration, android.view.Surface)(WindowManagerService.java:2857) waiters=1 in void com.android.server.wm.WindowManagerService.getInitialDisplaySize(int, android.graphics.Point) for 144ms
02-20 20:26:32.796  1676  1689 I dvm_lock_sample: [system_server,1,Binder:1676_1,144,WindowManagerService.java,9051,-,2857,28]
02-20 20:26:32.799  1920  1920 D SubscriptionController: [setMccMnc]+ mcc/mnc:310/260 subId:1
02-20 20:26:32.803  1763  1763 I Choreographer: Skipped 40 frames!  The application may be doing too much work on its main thread.
02-20 20:26:32.803  1313  1323 I SurfaceFlinger: Boot is finished (10041 ms)
02-20 20:26:32.806  1763  1763 D ViewRootImpl[StatusBar]: changeCanvasOpacity: opaque=true
02-20 20:26:32.807  1313  1323 I sf_stop_bootanim: 11822
02-20 20:26:32.811  2062  2062 I AlarmClock: AlarmInitReceiver android.intent.action.TIME_SET
02-20 20:26:32.821     0     0 D ieee80211 phy1: mac80211_hwsim_configure_filter
02-20 20:26:32.821  1920  1920 D SubscriptionController: notifySubscriptionInfoChanged:
02-20 20:26:32.821  1676  1676 I GnssLocationProvider: WakeLock acquired by sendMessage(12, 0, null)
02-20 20:26:32.824  1920  1920 D SubscriptionController: [getActiveSubscriptionInfo]+ subId=1 subInfo={id=1, iccId=89014103211118510720 simSlotIndex=0 displayName=Android carrierName=Android nameSource=0 iconTint=-16746133 dataRoaming=0 iconBitmap=android.graphics.Bitmap@5f4d1d mcc 310 mnc 260}
02-20 20:26:32.824  1920  1920 D SubscriptionInfoUpdater: sim name = Android
02-20 20:26:32.870     0     0 I init    : Service 'bootanim' (pid 1332) exited with status 0
02-20 20:26:32.871     0     0 I init    : Starting service 'exec 6 (/system/bin/bootstat)'...
02-20 20:26:32.830  1676  1693 V KeyguardServiceDelegate: *** Keyguard connected (yay!)
02-20 20:26:32.848  1920  1920 D SubscriptionInfoUpdater: Broadcasting intent ACTION_SIM_STATE_CHANGED LOADED reason null for mCardIndex: 0
02-20 20:26:32.849  1676  1676 D WifiService: resetting networks because SIM was loaded
02-20 20:26:32.850  1676  1732 D WifiStateMachine: resetting EAP-SIM/AKA/AKA' networks since SIM was changed
02-20 20:26:32.850  1920  1920 D CarrierConfigLoader: update config for phoneId: 0 simState: LOADED
02-20 20:26:32.850  1920  1920 D CarrierSvcBindHelper: update binding for phoneId: 0 simState: LOADED
02-20 20:26:32.855  1920  1920 D SubscriptionController: [getActiveSubscriptionInfo]+ subId=1 subInfo={id=1, iccId=89014103211118510720 simSlotIndex=0 displayName=Android carrierName=Android nameSource=0 iconTint=-16746133 dataRoaming=0 iconBitmap=android.graphics.Bitmap@e2ff960 mcc 310 mnc 260}
02-20 20:26:32.857  1676  2099 I Telecom : PhoneAccountRegistrar: [ComponentInfo{com.android.phone/com.android.services.telephony.TelephonyConnectionService}, [e0184adedf913b076626646d3f52c3b49c39ad6d], UserHandle{0}(icon: Icon(typ=BITMAP size=76x96) -> Icon(typ=BITMAP size=76x96))]: TSI.rPA@ABA
02-20 20:26:32.857  1676  2099 I Telecom : : Sending phone-account registered intent as user: TSI.rPA@ABA
02-20 20:26:32.858  1920  1920 D DCT     : [0]onRecordsLoadedOrSubIdChanged: createAllApnList
02-20 20:26:32.858  1920  1920 D DCT     : [0]createAllApnList: selection=numeric = '310260'
02-20 20:26:32.859  1920  1920 D DCT     : [0]createApnList: X result=[[ApnSettingV3] T-Mobile US, 1, 310260, epc.tmobile.com, , http://mms.msg.eng.t-mobile.com/mms/wapenc, , , , -1, *, IP, IP, true, 0, 0, 0, false, 0, 0, 0, 0, , , false]
02-20 20:26:32.859  1920  1920 D TelephonyProvider: subIdString = 1 subId = 1
02-20 20:26:32.869  2107  2107 I bootstat: Service started: /system/bin/bootstat --record_boot_complete 
02-20 20:26:32.871  1920  1920 D DCT     : [0]getPreferredApn: mRequestedApnType=default cursor=android.content.ContentResolver$CursorWrapperInner@45761db cursor.count=1
02-20 20:26:32.871  1920  1920 D DCT     : [0]getPreferredApn: apnSetting=[ApnSettingV3] T-Mobile US, 1, 310260, epc.tmobile.com, , http://mms.msg.eng.t-mobile.com/mms/wapenc, , , , -1, *, IP, IP, true, 0, 0, 0, false, 0, 0, 0, 0, , , false
02-20 20:26:32.871  1920  1920 D DCT     : [0]getPreferredApn: X found apnSetting[ApnSettingV3] T-Mobile US, 1, 310260, epc.tmobile.com, , http://mms.msg.eng.t-mobile.com/mms/wapenc, , , , -1, *, IP, IP, true, 0, 0, 0, false, 0, 0, 0, 0, , , false
02-20 20:26:32.872  1920  1920 D DCT     : [0]createAllApnList: mPreferredApn=[ApnSettingV3] T-Mobile US, 1, 310260, epc.tmobile.com, , http://mms.msg.eng.t-mobile.com/mms/wapenc, , , , -1, *, IP, IP, true, 0, 0, 0, false, 0, 0, 0, 0, , , false
02-20 20:26:32.872  1920  1920 D DCT     : [0]createAllApnList: X mAllApnSettings=[[ApnSettingV3] T-Mobile US, 1, 310260, epc.tmobile.com, , http://mms.msg.eng.t-mobile.com/mms/wapenc, , , , -1, *, IP, IP, true, 0, 0, 0, false, 0, 0, 0, 0, , , false]
02-20 20:26:32.872  1920  1920 D DCT     : [0]setDataProfilesAsNeeded
02-20 20:26:32.901     0     0 I init    : Service 'exec 6 (/system/bin/bootstat)' (pid 2107) exited with status 0
02-20 20:26:32.902     0     0 I init    : Starting service 'exec 7 (/system/bin/bootstat)'...
02-20 20:26:32.920     0     0 I init    : Service 'exec 7 (/system/bin/bootstat)' (pid 2111) exited with status 0
02-20 20:26:32.921     0     0 I init    : Starting service 'exec 8 (/system/bin/bootstat)'...
02-20 20:26:32.952     0     0 I init    : Service 'exec 8 (/system/bin/bootstat)' (pid 2112) exited with status 0
02-20 20:26:32.954     0     0 I init    : Starting service 'exec 9 (/system/bin/bootstat)'...
02-20 20:26:32.872  1920  1920 D DCT     : [0]setInitialApn: E mPreferredApn=[ApnSettingV3] T-Mobile US, 1, 310260, epc.tmobile.com, , http://mms.msg.eng.t-mobile.com/mms/wapenc, , , , -1, *, IP, IP, true, 0, 0, 0, false, 0, 0, 0, 0, , , false
02-20 20:26:32.872  1920  1920 D DCT     : [0]setInitialApn: firstApnSetting=[ApnSettingV3] T-Mobile US, 1, 310260, epc.tmobile.com, , http://mms.msg.eng.t-mobile.com/mms/wapenc, , , , -1, *, IP, IP, true, 0, 0, 0, false, 0, 0, 0, 0, , , false
02-20 20:26:32.872  1920  1920 D DCT     : [0]setInitialApn: defaultApnSetting=[ApnSettingV3] T-Mobile US, 1, 310260, epc.tmobile.com, , http://mms.msg.eng.t-mobile.com/mms/wapenc, , , , -1, *, IP, IP, true, 0, 0, 0, false, 0, 0, 0, 0, , , false
02-20 20:26:32.872  1920  1920 D DCT     : [0]setInitialAttachApn: using mPreferredApn
02-20 20:26:32.872  1920  1920 D DCT     : [0]setInitialAttachApn: X selected Apn=[ApnSettingV3] T-Mobile US, 1, 310260, epc.tmobile.com, , http://mms.msg.eng.t-mobile.com/mms/wapenc, , , , -1, *, IP, IP, true, 0, 0, 0, false, 0, 0, 0, 0, , , false
02-20 20:26:32.872  1920  1920 D RILJ    : Set RIL_REQUEST_SET_INITIAL_ATTACH_APN [SUB0]
02-20 20:26:32.872  1920  1920 D RILJ    : [3737]> RIL_REQUEST_SET_INITIAL_ATTACH_APN, apn:epc.tmobile.com, protocol:IP, authType:-1, username:none, password:none [SUB0]
02-20 20:26:32.873  1374  1485 D RIL     : onRequest: RIL_REQUEST_SET_INITIAL_ATTACH_APN
02-20 20:26:32.873  1374  1485 D RIL     : Request not supported. Tech: 1
02-20 20:26:32.873  1920  2006 D RilRequest: [3737]< RIL_REQUEST_SET_INITIAL_ATTACH_APN error: com.android.internal.telephony.CommandException: REQUEST_NOT_SUPPORTED ret=
02-20 20:26:32.873  1920  1920 D DCT     : [0]onRecordsLoadedOrSubIdChanged: notifying data availability
02-20 20:26:32.874  1676  1841 D TelephonyRegistry: Notify data connection state changed on sub: 1
02-20 20:26:32.874  1676  1841 D TelephonyRegistry: Notify data connection state changed on sub: 1
02-20 20:26:32.883  2107  2107 I bootstat: Logging histogram: bootstat_mtime_matches_content 1
02-20 20:26:32.883  2107  2107 I sysui_histogram: [bootstat_mtime_matches_content,1]
02-20 20:26:32.884  2107  2107 I bootstat: Logging histogram: bootstat_mtime_matches_content 1
02-20 20:26:32.884  2107  2107 I sysui_histogram: [bootstat_mtime_matches_content,1]
02-20 20:26:32.884  2107  2107 I bootstat: Logging histogram: bootstat_mtime_matches_content 1
02-20 20:26:32.884  2107  2107 I sysui_histogram: [bootstat_mtime_matches_content,1]
02-20 20:26:32.886  1920  1920 D DCT     : [0]setupDataOnConnectableApns: simLoaded hipri:[state=IDLE,enabled=false] mms:[state=IDLE,enabled=false] supl:[state=IDLE,enabled=false] ia:[state=IDLE,enabled=false] fota:[state=IDLE,enabled=false] ims:[state=IDLE,enabled=false] cbs:[state=IDLE,enabled=false] default:[state=IDLE,enabled=false] emergency:[state=IDLE,enabled=false] 
02-20 20:26:32.887  1920  1920 I Telephony: PstnIncomingCallNotifier: Unregistering: Handler (com.android.internal.telephony.GsmCdmaPhone) {22caca0}
02-20 20:26:32.887  1313  1313 I sf_frame_dur: [BootAnimation,0,26,174,12,2,0,0]
02-20 20:26:32.890  1920  1920 D SubscriptionController: [getActiveSubscriptionInfo]+ subId=1 subInfo={id=1, iccId=89014103211118510720 simSlotIndex=0 displayName=Android carrierName=Android nameSource=0 iconTint=-16746133 dataRoaming=0 iconBitmap=android.graphics.Bitmap@c982bb6 mcc 310 mnc 260}
02-20 20:26:32.892  1676  1689 I Telecom : PhoneAccountRegistrar: New phone account registered: [[ ] PhoneAccount: ComponentInfo{com.android.phone/com.android.services.telephony.TelephonyConnectionService}, [e2f7d48dd2b5ca523e7313cf4ba0f6ea830b6281], UserHandle{0} Capabilities: CallProvider MultiUser PlaceEmerg SimSub  Schemes: tel voicemail  Extras: null GroupId: [da39a3ee5e6b4b0d3255bfef95601890afd80709]]: TSI.rPA@ABE
02-20 20:26:32.893  1676  1689 I Telecom : : Sending phone-account registered intent as user: TSI.rPA@ABE
02-20 20:26:32.894  1920  1920 I Telephony: AccountEntry: Registered phoneAccount: [[ ] PhoneAccount: ComponentInfo{com.android.phone/com.android.services.telephony.TelephonyConnectionService}, [e2f7d48dd2b5ca523e7313cf4ba0f6ea830b6281], UserHandle{0} Capabilities: CallProvider MultiUser PlaceEmerg SimSub  Schemes: tel voicemail  Extras: null GroupId: [da39a3ee5e6b4b0d3255bfef95601890afd80709]] with handle: ComponentInfo{com.android.phone/com.android.services.telephony.TelephonyConnectionService}, [e2f7d48dd2b5ca523e7313cf4ba0f6ea830b6281], UserHandle{0}
02-20 20:26:32.894  1920  1920 I Telephony: PstnIncomingCallNotifier: Registering: Handler (com.android.internal.telephony.GsmCdmaPhone) {22caca0}
02-20 20:26:32.894  1920  1920 I Telephony: TelecomAccountRegistry: Unregistering phone account ComponentInfo{com.android.phone/com.android.services.telephony.TelephonyConnectionService}, [e0184adedf913b076626646d3f52c3b49c39ad6d], UserHandle{0}.
02-20 20:26:32.895  1676  2096 I Telecom : : Sending phone-account unregistered intent as user: TSI.uPA@ABM
02-20 20:26:32.901  1920  1932 D SST     : SST.getAllCellInfo(): return last, back to back calls
02-20 20:26:32.901  1920  2101 D SST     : SST.getAllCellInfo(): return last, back to back calls
02-20 20:26:32.901  1920  2101 D SST     : SST.getAllCellInfo(): return last, back to back calls
02-20 20:26:32.903  2111  2111 I bootstat: Service started: /system/bin/bootstat --record_boot_reason 
02-20 20:26:32.903  2111  2111 I bootstat: Unknown boot reason: 
02-20 20:26:32.906  1920  1920 D SST     : SubscriptionListener.onSubscriptionInfoChanged
02-20 20:26:32.907  1920  1920 D PhoneFactory: calculatePreferredNetworkType: phoneSubId = 1 networkType = 0
02-20 20:26:32.907  1920  1920 D Phone   : setPreferredNetworkType: Abort, unknown RAF: 1 101902
02-20 20:26:32.908  1920  1920 D Phone   : setNetworkSelectionModeAutomatic, querying current mode
02-20 20:26:32.908  1920  1920 D RILJ    : [3738]> QUERY_NETWORK_SELECTION_MODE [SUB0]
02-20 20:26:32.909  1374  1485 D RIL     : onRequest: QUERY_NETWORK_SELECTION_MODE
02-20 20:26:32.909  1374  1485 D AT      : AT> AT+COPS?
02-20 20:26:32.909  1374  1487 D AT      : AT< +COPS: 0,2,310260
02-20 20:26:32.909  1374  1487 D AT      : AT< OK
02-20 20:26:32.910  1920  2006 D RILJ    : [3738]< QUERY_NETWORK_SELECTION_MODE {0} [SUB0]
02-20 20:26:32.910  1920  1920 D TelephonyManager: setTelephonyProperty: success phoneId=0 property=gsm.network.type value: LTE propVal=LTE
02-20 20:26:32.911  1920  1920 D SubscriptionController: [setCarrierText]+ text:Android subId:1
02-20 20:26:32.922  1920  1920 D SubscriptionController: notifySubscriptionInfoChanged:
02-20 20:26:32.922  1676  1676 I GnssLocationProvider: WakeLock acquired by sendMessage(12, 0, null)
02-20 20:26:32.923  1920  1920 D SIMRecords: [SIMRecords] getServiceProviderName: no brandOverride, providerName=Android
02-20 20:26:32.923  1920  1920 D SIMRecords: [SIMRecords] getServiceProviderName: no brandOverride, providerName=Android
02-20 20:26:32.923  1920  1920 D SST     : updateSpnDisplay: changed sending intent rule=1 showPlmn='false' plmn='Android' showSpn='true' spn='Android' dataSpn='Android' subId='1'
02-20 20:26:32.924  1920  1920 D SubscriptionController: [setCarrierText]+ text:Android subId:1
02-20 20:26:32.929  2112  2112 I bootstat: Service started: /system/bin/bootstat --record_time_since_factory_reset 
02-20 20:26:32.929  2112  2112 I bootstat: Logging histogram: factory_reset_current_time 1519158392
02-20 20:26:32.929  2112  2112 I sysui_histogram: [factory_reset_current_time,1519158392]
02-20 20:26:32.932  1920  1920 D SubscriptionController: notifySubscriptionInfoChanged:
02-20 20:26:32.932  1676  1676 I GnssLocationProvider: WakeLock acquired by sendMessage(12, 0, null)
02-20 20:26:32.934  1920  1920 D SIMRecords: [SIMRecords]  VoiceMessageCount from SIM MWIS = 0
02-20 20:26:32.934  1920  1920 D Phone   : getStoredVoiceMessageCount: from preference for subId 1= 0
02-20 20:26:32.934  1920  1920 D GsmCdmaPhone: [GsmCdmaPhone] updateVoiceMail countVoiceMessages = 0 subId 1
02-20 20:26:32.934  1920  1920 D Phone   : setVoiceMessageCount: Storing Voice Mail Count = 0 for mVmCountKey = vm_count_key1 in preferences.
02-20 20:26:32.935  2112  2112 I bootstat: Logging histogram: bootstat_mtime_matches_content 1
02-20 20:26:32.935  2112  2112 I sysui_histogram: [bootstat_mtime_matches_content,1]
02-20 20:26:32.935  2112  2112 I bootstat: Logging histogram: factory_reset_record_value 1519154248
02-20 20:26:32.935  2112  2112 I sysui_histogram: [factory_reset_record_value,1519154248]
02-20 20:26:32.937  1920  1920 D DCT     : [0]SubscriptionListener.onSubscriptionInfoChanged
02-20 20:26:32.938  1920  1920 D DCT     : [0]onRecordsLoadedOrSubIdChanged: createAllApnList
02-20 20:26:32.939  1920  1920 D DCT     : [0]createAllApnList: selection=numeric = '310260'
02-20 20:26:32.940  1920  1920 D DCT     : [0]createApnList: X result=[[ApnSettingV3] T-Mobile US, 1, 310260, epc.tmobile.com, , http://mms.msg.eng.t-mobile.com/mms/wapenc, , , , -1, *, IP, IP, true, 0, 0, 0, false, 0, 0, 0, 0, , , false]
02-20 20:26:32.940  1920  1920 D TelephonyProvider: subIdString = 1 subId = 1
02-20 20:26:32.940  1920  1920 D DCT     : [0]getPreferredApn: mRequestedApnType=default cursor=android.content.ContentResolver$CursorWrapperInner@7608faf cursor.count=1
02-20 20:26:32.940  1920  1920 D DCT     : [0]getPreferredApn: apnSetting=[ApnSettingV3] T-Mobile US, 1, 310260, epc.tmobile.com, , http://mms.msg.eng.t-mobile.com/mms/wapenc, , , , -1, *, IP, IP, true, 0, 0, 0, false, 0, 0, 0, 0, , , false
02-20 20:26:32.940  1920  1920 D DCT     : [0]getPreferredApn: X found apnSetting[ApnSettingV3] T-Mobile US, 1, 310260, epc.tmobile.com, , http://mms.msg.eng.t-mobile.com/mms/wapenc, , , , -1, *, IP, IP, true, 0, 0, 0, false, 0, 0, 0, 0, , , false
02-20 20:26:32.941  1920  1920 D DCT     : [0]createAllApnList: mPreferredApn=[ApnSettingV3] T-Mobile US, 1, 310260, epc.tmobile.com, , http://mms.msg.eng.t-mobile.com/mms/wapenc, , , , -1, *, IP, IP, true, 0, 0, 0, false, 0, 0, 0, 0, , , false
02-20 20:26:32.941  1920  1920 D DCT     : [0]createAllApnList: X mAllApnSettings=[[ApnSettingV3] T-Mobile US, 1, 310260, epc.tmobile.com, , http://mms.msg.eng.t-mobile.com/mms/wapenc, , , , -1, *, IP, IP, true, 0, 0, 0, false, 0, 0, 0, 0, , , false]
02-20 20:26:32.941  1920  1920 D DCT     : [0]setDataProfilesAsNeeded
02-20 20:26:32.941  1920  1920 D DCT     : [0]setInitialApn: E mPreferredApn=[ApnSettingV3] T-Mobile US, 1, 310260, epc.tmobile.com, , http://mms.msg.eng.t-mobile.com/mms/wapenc, , , , -1, *, IP, IP, true, 0, 0, 0, false, 0, 0, 0, 0, , , false
02-20 20:26:32.941  1920  1920 D DCT     : [0]setInitialApn: firstApnSetting=[ApnSettingV3] T-Mobile US, 1, 310260, epc.tmobile.com, , http://mms.msg.eng.t-mobile.com/mms/wapenc, , , , -1, *, IP, IP, true, 0, 0, 0, false, 0, 0, 0, 0, , , false
02-20 20:26:32.941  1920  1920 D DCT     : [0]setInitialApn: defaultApnSetting=[ApnSettingV3] T-Mobile US, 1, 310260, epc.tmobile.com, , http://mms.msg.eng.t-mobile.com/mms/wapenc, , , , -1, *, IP, IP, true, 0, 0, 0, false, 0, 0, 0, 0, , , false
02-20 20:26:32.941  1920  1920 D DCT     : [0]setInitialAttachApn: using mPreferredApn
02-20 20:26:32.941  1920  1920 D DCT     : [0]setInitialAttachApn: X selected Apn=[ApnSettingV3] T-Mobile US, 1, 310260, epc.tmobile.com, , http://mms.msg.eng.t-mobile.com/mms/wapenc, , , , -1, *, IP, IP, true, 0, 0, 0, false, 0, 0, 0, 0, , , false
02-20 20:26:32.941  1920  1920 D RILJ    : Set RIL_REQUEST_SET_INITIAL_ATTACH_APN [SUB0]
02-20 20:26:32.941  1920  1920 D RILJ    : [3739]> RIL_REQUEST_SET_INITIAL_ATTACH_APN, apn:epc.tmobile.com, protocol:IP, authType:-1, username:none, password:none [SUB0]
02-20 20:26:32.941  1374  1485 D RIL     : onRequest: RIL_REQUEST_SET_INITIAL_ATTACH_APN
02-20 20:26:32.941  1374  1485 D RIL     : Request not supported. Tech: 1
02-20 20:26:32.941  1920  2006 D RilRequest: [3739]< RIL_REQUEST_SET_INITIAL_ATTACH_APN error: com.android.internal.telephony.CommandException: REQUEST_NOT_SUPPORTED ret=
02-20 20:26:32.941  1920  1920 D DCT     : [0]onRecordsLoadedOrSubIdChanged: notifying data availability
