02-20 20:26:32.148  1920  1920 D DefaultPhoneNotifier: nofityServiceState: mRegistry=com.android.internal.telephony.ITelephonyRegistry$Stub$Proxy@3fe6c71 ss=0 0 voice home data home Android Android 310260 Android Android 310260  Unknown LTE CSS not supported -1 -1 RoamInd=-1 DefRoamInd=-1 EmergOnly=false IsDataRoamingFromRegistration=false IsUsingCarrierAggregation=false sender=Handler (com.android.internal.telephony.GsmCdmaPhone) {22caca0} phondId=0 subId=-2
02-20 20:26:32.149  1920  1920 D SubscriptionController: [getSlotId]- subId invalid
02-20 20:26:32.149  1676  1705 D TelephonyManager: getSimState: default sim:-1, sim state for slotIdx=0 is 6, return state as unknown
02-20 20:26:32.150  1920  1920 D SST     : notifyDataRegStateRilRadioTechnologyChanged: drs=0 rat=14
02-20 20:26:32.150  1920  1920 D TelephonyManager: setTelephonyProperty: success phoneId=0 property=gsm.network.type value: LTE propVal=LTE
02-20 20:26:32.150  1920  1920 D DCT     : [0]get all active apn types
02-20 20:26:32.150  1920  1920 D SST     : getCellLocation(): X good mCellLoc=[3,91,-1]
02-20 20:26:32.150  1676  1841 D TelephonyRegistry: notifyCellLocationForSubscriber: subId=-2 cellLocation=Bundle[mParcelledData.dataSize=64]
02-20 20:26:32.150  1920  1920 D GsmCdmaCallTracker: Event EVENT_POLL_CALLS_RESULT Received
02-20 20:26:32.151  1920  1920 D GsmCdmaCallTracker: [GsmCdmaCallTracker] update phone state, old=IDLE new=IDLE
02-20 20:26:32.151  1920  1920 D RIL_ImsSms: IMS is NOT registered!
02-20 20:26:32.151  1920  1920 D CdmaSSM : CDMA_SUBSCRIPTION_SOURCE event = 2
02-20 20:26:32.151  1920  1920 W CdmaSSM : Unable to get CDMA Subscription Source, Exception: com.android.internal.telephony.CommandException: REQUEST_NOT_SUPPORTED, result: null
02-20 20:26:32.151  1920  1920 D GsmCdmaPhone: [GsmCdmaPhone] EVENT_REQUEST_VOICE_RADIO_TECH_DONE: newVoiceTech=11
02-20 20:26:32.151  1920  1920 D GsmCdmaPhone: [GsmCdmaPhone] phoneObjectUpdater: newVoiceRadioTech=11
02-20 20:26:32.151  1920  1920 D GsmCdmaPhone: [GsmCdmaPhone] phoneObjectUpdater: No change ignore, newVoiceRadioTech=11 mActivePhone=GSM
02-20 20:26:32.151  1920  1920 D UiccController: Received EVENT_GET_ICC_STATUS_DONE
02-20 20:26:32.151  1920  1920 D UiccCard: 2 applications
02-20 20:26:32.151  1920  1920 D UiccCardApplication: APPTYPE_SIM update. New {APPTYPE_SIM,APPSTATE_READY}
02-20 20:26:32.151  1920  1920 D UiccCardApplication: APPTYPE_SIM changed state: APPSTATE_DETECTED -> APPSTATE_READY
02-20 20:26:32.151  1920  1920 D RILJ    : [3683]> QUERY_FACILITY_LOCK [FD 7 null] [SUB0]
02-20 20:26:32.151  1374  1485 D RIL     : onRequest: QUERY_FACILITY_LOCK
02-20 20:26:32.151  1374  1485 D RIL     : Request not supported. Tech: 1
02-20 20:26:32.151  1920  2006 D RilRequest: [3683]< QUERY_FACILITY_LOCK error: com.android.internal.telephony.CommandException: REQUEST_NOT_SUPPORTED ret=
02-20 20:26:32.151  1920  1920 D RILJ    : [3684]> QUERY_FACILITY_LOCK [SC 7 null] [SUB0]
02-20 20:26:32.152  1374  1485 D RIL     : onRequest: QUERY_FACILITY_LOCK
02-20 20:26:32.152  1374  1485 D RIL     : Request not supported. Tech: 1
02-20 20:26:32.152  1920  2006 D RilRequest: [3684]< QUERY_FACILITY_LOCK error: com.android.internal.telephony.CommandException: REQUEST_NOT_SUPPORTED ret=
02-20 20:26:32.152  1920  1920 D UiccCardApplication: Notifying registrants: READY
02-20 20:26:32.152  1920  1920 D UiccCardApplication: APPTYPE_RUIM update. New {APPTYPE_RUIM,APPSTATE_READY}
02-20 20:26:32.152  1920  1920 D UiccCardApplication: APPTYPE_RUIM changed state: APPSTATE_DETECTED -> APPSTATE_READY
02-20 20:26:32.152  1920  1920 D RILJ    : [3685]> QUERY_FACILITY_LOCK [FD 7 null] [SUB0]
02-20 20:26:32.153  1374  1485 D RIL     : onRequest: QUERY_FACILITY_LOCK
02-20 20:26:32.153  1374  1485 D RIL     : Request not supported. Tech: 1
02-20 20:26:32.153  1920  2006 D RilRequest: [3685]< QUERY_FACILITY_LOCK error: com.android.internal.telephony.CommandException: REQUEST_NOT_SUPPORTED ret=
02-20 20:26:32.153  1920  1920 D RILJ    : [3686]> QUERY_FACILITY_LOCK [SC 7 null] [SUB0]
02-20 20:26:32.153  1920  1920 D UiccCardApplication: Notifying registrants: READY
02-20 20:26:32.153  1920  1920 D UiccCard: Before privilege rules: Handler (com.android.internal.telephony.uicc.UiccCarrierPrivilegeRules) {8c4ca56} : CARDSTATE_PRESENT
02-20 20:26:32.153  1920  1920 E UiccCard: App index 8 is invalid since there are no applications
02-20 20:26:32.153  1920  1920 D UiccCard: update: radioState=RADIO_ON mLastRadioState=RADIO_ON
02-20 20:26:32.153  1920  1920 D UiccController: Notifying IccChangedRegistrants
02-20 20:26:32.154  1374  1485 D RIL     : onRequest: QUERY_FACILITY_LOCK
02-20 20:26:32.154  1374  1485 D RIL     : Request not supported. Tech: 1
02-20 20:26:32.154  1920  2006 D RilRequest: [3686]< QUERY_FACILITY_LOCK error: com.android.internal.telephony.CommandException: REQUEST_NOT_SUPPORTED ret=
02-20 20:26:32.155  1920  1920 D RILJ    : [3687]> RIL_REQUEST_SIM_TRANSMIT_APDU_CHANNEL [SUB0]
02-20 20:26:32.155  1920  1920 D GsmCdmaPhone: [GsmCdmaPhone] Event EVENT_REGISTERED_TO_NETWORK Received
02-20 20:26:32.155  1920  1920 D SST     : SubscriptionListener.onSubscriptionInfoChanged
02-20 20:26:32.155  1920  1920 E Phone   : getStoredVoiceMessageCount: invalid subId -2
02-20 20:26:32.155  1920  1920 D GsmCdmaPhone: [GsmCdmaPhone] updateVoiceMail countVoiceMessages = 0 subId -2
02-20 20:26:32.155  1920  1920 E Phone   : setVoiceMessageCount in sharedPreference: invalid subId -2
02-20 20:26:32.155  1374  1485 D RIL     : onRequest: SIM_TRANSMIT_APDU_CHANNEL
02-20 20:26:32.155  1374  1485 D AT      : AT> AT+CGLA=1,10,80caff4000
02-20 20:26:32.155  1920  1920 D DCT     : [0]SubscriptionListener.onSubscriptionInfoChanged
02-20 20:26:32.155  1374  1487 D AT      : AT< +CGLA: 144,0,FF403eE23cE12eC11461ed377e85d386a8dfee6b864bd85b0bfaa5af81CA16616e64726f69642e636172726965726170692e637473E30aDB080000000000000000
02-20 20:26:32.155  1374  1487 D AT      : AT< OK
02-20 20:26:32.156  1920  2006 D RILJ    : [3687]< RIL_REQUEST_SIM_TRANSMIT_APDU_CHANNEL  [SUB0]
02-20 20:26:32.156  1920  1920 D SubscriptionController: [getActiveSubInfoList] Sub Controller not ready
02-20 20:26:32.156  1920  1920 D SubscriptionController: [getActiveSubInfoList] Sub Controller not ready
02-20 20:26:32.156  1763  1763 E BluetoothAdapter: Bluetooth binder is null
02-20 20:26:32.159  1920  1920 E PhoneInterfaceManager: [PhoneIntfMgr] getIccId: No UICC
02-20 20:26:32.169  1920  2061 D SubscriptionController: [getActiveSubInfoList] Sub Controller not ready
02-20 20:26:32.169  1920  1932 D SubscriptionController: [getActiveSubInfoList] Sub Controller not ready
02-20 20:26:32.170  1920  1940 D SubscriptionController: [getActiveSubInfoList] Sub Controller not ready
02-20 20:26:32.174  1763  1763 I CameraManagerGlobal: Connecting to camera service
02-20 20:26:32.176  1365  1365 V EmulatedCamera_Camera: getCameraInfo
02-20 20:26:32.176  1365  1365 V EmulatedCamera_BaseCamera: getCameraInfo
02-20 20:26:32.176  1365  1365 I CameraService: getCameraCharacteristics: Switching to HAL1 shim implementation...
02-20 20:26:32.176  1365  1365 V EmulatedCamera_Camera: getCameraInfo
02-20 20:26:32.176  1365  1365 V EmulatedCamera_BaseCamera: getCameraInfo
02-20 20:26:32.176  1365  1365 I CameraService: CameraService::connect call (PID -1 "cameraserver", camera ID 0) for HAL version default and Camera API version 1
02-20 20:26:32.176  1365  1365 E CameraService: getCameraPriorityFromProcState: Received invalid process state -1 from ActivityManagerService!
02-20 20:26:32.176  1365  1365 V EmulatedCamera_Camera: getCameraInfo
02-20 20:26:32.176  1365  1365 V EmulatedCamera_BaseCamera: getCameraInfo
02-20 20:26:32.176  1676  1690 I Telecom : PhoneAccountRegistrar: New phone account registered: [[ ] PhoneAccount: ComponentInfo{com.android.phone/com.android.services.telephony.TelephonyConnectionService}, [e0184adedf913b076626646d3f52c3b49c39ad6d], UserHandle{0} Capabilities: CallProvider MultiUser PlaceEmerg SimSub  Schemes: tel voicemail  Extras: null GroupId: [da39a3ee5e6b4b0d3255bfef95601890afd80709]]: TSI.rPA@AAM
02-20 20:26:32.180  1676  1690 I Telecom : : Sending phone-account registered intent as user: TSI.rPA@AAM
02-20 20:26:32.191  1372  2081 E WVMExtractor: Failed to open libwvm.so: dlopen failed: library "libwvm.so" not found
02-20 20:26:32.193  1920  1920 I Telephony: AccountEntry: Registered phoneAccount: [[ ] PhoneAccount: ComponentInfo{com.android.phone/com.android.services.telephony.TelephonyConnectionService}, [e0184adedf913b076626646d3f52c3b49c39ad6d], UserHandle{0} Capabilities: CallProvider MultiUser PlaceEmerg SimSub  Schemes: tel voicemail  Extras: null GroupId: [da39a3ee5e6b4b0d3255bfef95601890afd80709]] with handle: ComponentInfo{com.android.phone/com.android.services.telephony.TelephonyConnectionService}, [e0184adedf913b076626646d3f52c3b49c39ad6d], UserHandle{0}
02-20 20:26:32.211  1372  2080 D NuPlayerDriver: notifyListener_l(0xf128c420), (1, 0, 0), loop setting(0, 0)
02-20 20:26:32.213  2062  2062 W System  : ClassLoader referenced unknown path: /system/app/PrebuiltDeskClockGoogle/lib/x86_64
02-20 20:26:32.219  1372  2082 D NuPlayerDriver: notifyListener_l(0xf128c660), (1, 0, 0), loop setting(0, 0)
02-20 20:26:32.243  1372  2084 D NuPlayerDriver: notifyListener_l(0xf128c6c0), (1, 0, 0), loop setting(0, 0)
02-20 20:26:32.244  1920  1920 I Telephony: PstnIncomingCallNotifier: Registering: Handler (com.android.internal.telephony.GsmCdmaPhone) {22caca0}
02-20 20:26:32.245  1365  1365 I CameraFlashlight: Opening camera 0
02-20 20:26:32.245  1365  1365 V EmulatedCamera_Camera: getCameraInfo
02-20 20:26:32.245  1365  1365 V EmulatedCamera_BaseCamera: getCameraInfo
02-20 20:26:32.245  1365  1365 V EmulatedCamera_Camera: connectCamera
02-20 20:26:32.245  1365  1365 V EmulatedCamera_FakeDevice: connectDevice
02-20 20:26:32.245  1365  1365 V EmulatedCamera_CallbackNotifier: setCallbacks: 0xe7818e80, 0xe7818ed0, 0xe7818ff0, 0xe7819110 (0xe74c3320)
02-20 20:26:32.245  1365  1365 V EmulatedCamera_CallbackNotifier: enableMessage: msg_type = 0xc0d
02-20 20:26:32.245  1365  1365 V EmulatedCamera_CallbackNotifier:     CAMERA_MSG_ERROR
02-20 20:26:32.245  1365  1365 V EmulatedCamera_CallbackNotifier:     CAMERA_MSG_FOCUS
02-20 20:26:32.245  1365  1365 V EmulatedCamera_CallbackNotifier:     CAMERA_MSG_ZOOM
02-20 20:26:32.245  1365  1365 V EmulatedCamera_CallbackNotifier:     CAMERA_MSG_PREVIEW_METADATA
02-20 20:26:32.245  1365  1365 V EmulatedCamera_CallbackNotifier: **** Currently enabled messages:
02-20 20:26:32.245  1365  1365 V EmulatedCamera_CallbackNotifier:     CAMERA_MSG_ERROR
02-20 20:26:32.245  1365  1365 V EmulatedCamera_CallbackNotifier:     CAMERA_MSG_FOCUS
02-20 20:26:32.245  1365  1365 V EmulatedCamera_CallbackNotifier:     CAMERA_MSG_ZOOM
02-20 20:26:32.245  1365  1365 V EmulatedCamera_CallbackNotifier:     CAMERA_MSG_PREVIEW_METADATA
02-20 20:26:32.245  1365  1365 V EmulatedCamera_CallbackNotifier: disableMessage: msg_type = 0xffff
02-20 20:26:32.245  1365  1365 V EmulatedCamera_CallbackNotifier:     CAMERA_MSG_ERROR
02-20 20:26:32.245  1365  1365 V EmulatedCamera_CallbackNotifier:     CAMERA_MSG_SHUTTER
02-20 20:26:32.245  1365  1365 V EmulatedCamera_CallbackNotifier:     CAMERA_MSG_FOCUS
02-20 20:26:32.245  1365  1365 V EmulatedCamera_CallbackNotifier:     CAMERA_MSG_ZOOM
02-20 20:26:32.245  1365  1365 V EmulatedCamera_CallbackNotifier:     CAMERA_MSG_PREVIEW_FRAME
02-20 20:26:32.245  1365  1365 V EmulatedCamera_CallbackNotifier:     CAMERA_MSG_VIDEO_FRAME
02-20 20:26:32.245  1365  1365 V EmulatedCamera_CallbackNotifier:     CAMERA_MSG_POSTVIEW_FRAME
02-20 20:26:32.245  1365  1365 V EmulatedCamera_CallbackNotifier:     CAMERA_MSG_RAW_IMAGE
02-20 20:26:32.245  1365  1365 V EmulatedCamera_CallbackNotifier:     CAMERA_MSG_COMPRESSED_IMAGE
02-20 20:26:32.245  1365  1365 V EmulatedCamera_CallbackNotifier:     CAMERA_MSG_RAW_IMAGE_NOTIFY
02-20 20:26:32.245  1365  1365 V EmulatedCamera_CallbackNotifier:     CAMERA_MSG_PREVIEW_METADATA
02-20 20:26:32.245  1365  1365 V EmulatedCamera_CallbackNotifier: **** Currently enabled messages:
02-20 20:26:32.245  1365  1365 V EmulatedCamera_Preview: setPreviewWindow: current: 0x0 -> new: 0x0
02-20 20:26:32.245  1365  1365 V EmulatedCamera_Camera: doStopPreview
02-20 20:26:32.245  1365  1365 V EmulatedCamera_Camera: cancelPicture
02-20 20:26:32.245  1365  1365 V EmulatedCamera_Camera: releaseCamera
02-20 20:26:32.245  1365  1365 V EmulatedCamera_Camera: doStopPreview
02-20 20:26:32.245  1365  1365 V EmulatedCamera_FakeDevice: disconnectDevice
02-20 20:26:32.245  1365  1365 W EmulatedCamera_Device: Initialize: Emulated camera device is already initialized: mState = 1
02-20 20:26:32.245  1365  1365 D EmulatedCamera_FakeCamera: Initialize: Fake camera is facing back
02-20 20:26:32.245  1365  1365 V EmulatedCamera_Device: initializeWhiteBalanceModes with auto, 1.000000, 1.000000
02-20 20:26:32.245  1365  1365 V EmulatedCamera_Device: initializeWhiteBalanceModes with incandescent, 1.380000, 0.600000
02-20 20:26:32.245  1365  1365 V EmulatedCamera_Device: initializeWhiteBalanceModes with daylight, 1.090000, 0.920000
02-20 20:26:32.245  1365  1365 V EmulatedCamera_Device: initializeWhiteBalanceModes with twilight, 0.920000, 1.220000
02-20 20:26:32.245  1365  1365 V EmulatedCamera_Device: setWhiteBalanceMode with white balance auto
02-20 20:26:32.245  1365  1365 I CameraFlashlight: Destroying camera 0
02-20 20:26:32.245  1365  1365 V EmulatedCamera_Camera: closeCamera
02-20 20:26:32.245  1365  1365 V EmulatedCamera_Camera: doStopPreview
02-20 20:26:32.245  1365  1365 W EmulatedCamera_Device: Initialize: Emulated camera device is already initialized: mState = 1
02-20 20:26:32.245  1365  1365 D EmulatedCamera_FakeCamera: Initialize: Fake camera is facing back
02-20 20:26:32.245  1365  1365 V EmulatedCamera_Device: initializeWhiteBalanceModes with auto, 1.000000, 1.000000
02-20 20:26:32.245  1365  1365 V EmulatedCamera_Device: initializeWhiteBalanceModes with incandescent, 1.380000, 0.600000
02-20 20:26:32.245  1365  1365 V EmulatedCamera_Device: initializeWhiteBalanceModes with daylight, 1.090000, 0.920000
02-20 20:26:32.245  1365  1365 V EmulatedCamera_Device: initializeWhiteBalanceModes with twilight, 0.920000, 1.220000
02-20 20:26:32.245  1365  1365 V EmulatedCamera_Device: setWhiteBalanceMode with white balance auto
02-20 20:26:32.245  1365  1365 I CameraService: disconnect: Disconnected client for camera 0 for PID 1365
02-20 20:26:32.246  1372  1833 D NuPlayerDriver: reset(0xf128c420) at state 4
02-20 20:26:32.246  1372  1833 D NuPlayerDriver: notifyListener_l(0xf128c420), (8, 0, 0), loop setting(0, 0)
02-20 20:26:32.246  1372  2080 D NuPlayerDriver: notifyResetComplete(0xf128c420)
02-20 20:26:32.249  1372  1386 D NuPlayerDriver: reset(0xf128c660) at state 4
02-20 20:26:32.249  1372  1386 D NuPlayerDriver: notifyListener_l(0xf128c660), (8, 0, 0), loop setting(0, 0)
02-20 20:26:32.249  1372  2082 D NuPlayerDriver: notifyResetComplete(0xf128c660)
02-20 20:26:32.250  1372  1874 D NuPlayerDriver: reset(0xf128c6c0) at state 4
02-20 20:26:32.250  1372  1874 D NuPlayerDriver: notifyListener_l(0xf128c6c0), (8, 0, 0), loop setting(0, 0)
02-20 20:26:32.250  1372  2084 D NuPlayerDriver: notifyResetComplete(0xf128c6c0)
02-20 20:26:32.251  1365  2079 V EmulatedCamera_Camera: getCameraInfo
02-20 20:26:32.251  1365  2079 V EmulatedCamera_BaseCamera: getCameraInfo
02-20 20:26:32.251  1920  1920 I Telephony: TelecomAccountRegistry: Unregistering phone account ComponentInfo{com.android.phone/com.android.services.telephony.TelephonyConnectionService}, [e2f7d48dd2b5ca523e7313cf4ba0f6ea830b6281], UserHandle{0}.
02-20 20:26:32.251  1365  1365 V EmulatedCamera_Camera: getCameraInfo
02-20 20:26:32.251  1365  1365 V EmulatedCamera_BaseCamera: getCameraInfo
02-20 20:26:32.253  1676  1690 I Telecom : : Sending phone-account unregistered intent as user: TSI.uPA@AAU
02-20 20:26:32.254  1920  1920 D DCT     : [0]onDataConnectionAttached
02-20 20:26:32.254  1920  1920 D DCT     : [0]isDataAllowed: No - SIM not loaded
02-20 20:26:32.258  1763  1763 I StatusBar: isKeyguardShowing() called before startKeyguard(), returning true
02-20 20:26:32.259  1763  1763 W StatusBar: isKeyguardSecure() called before startKeyguard(), returning false
02-20 20:26:32.259  1763  1763 W StatusBar: java.lang.Throwable
02-20 20:26:32.259  1763  1763 W StatusBar: 	at com.android.systemui.statusbar.BaseStatusBar.isKeyguardSecure(BaseStatusBar.java:2647)
02-20 20:26:32.259  1763  1763 W StatusBar: 	at com.android.systemui.statusbar.BaseStatusBar.isCameraAllowedByAdmin(BaseStatusBar.java:2670)
02-20 20:26:32.259  1763  1763 W StatusBar: 	at com.android.systemui.statusbar.phone.KeyguardBottomAreaView.updateCameraVisibility(KeyguardBottomAreaView.java:309)
02-20 20:26:32.259  1763  1763 W StatusBar: 	at com.android.systemui.statusbar.phone.KeyguardBottomAreaView.setPhoneStatusBar(KeyguardBottomAreaView.java:272)
02-20 20:26:32.259  1763  1763 W StatusBar: 	at com.android.systemui.statusbar.phone.PhoneStatusBar.makeStatusBarView(PhoneStatusBar.java:904)
02-20 20:26:32.259  1763  1763 W StatusBar: 	at com.android.systemui.statusbar.phone.PhoneStatusBar.addStatusBarWindow(PhoneStatusBar.java:3432)
02-20 20:26:32.259  1763  1763 W StatusBar: 	at com.android.systemui.statusbar.phone.PhoneStatusBar.createAndAddWindows(PhoneStatusBar.java:3428)
02-20 20:26:32.259  1763  1763 W StatusBar: 	at com.android.systemui.statusbar.BaseStatusBar.start(BaseStatusBar.java:765)
02-20 20:26:32.259  1763  1763 W StatusBar: 	at com.android.systemui.statusbar.phone.PhoneStatusBar.start(PhoneStatusBar.java:686)
02-20 20:26:32.259  1763  1763 W StatusBar: 	at com.android.systemui.statusbar.SystemBars.createStatusBarFromConfig(SystemBars.java:106)
02-20 20:26:32.259  1763  1763 W StatusBar: 	at com.android.systemui.statusbar.SystemBars.onNoService(SystemBars.java:58)
02-20 20:26:32.259  1763  1763 W StatusBar: 	at com.android.systemui.statusbar.ServiceMonitor.startService(ServiceMonitor.java:230)
02-20 20:26:32.259  1763  1763 W StatusBar: 	at com.android.systemui.statusbar.ServiceMonitor.-wrap5(ServiceMonitor.java)
02-20 20:26:32.259  1763  1763 W StatusBar: 	at com.android.systemui.statusbar.ServiceMonitor$1.handleMessage(ServiceMonitor.java:73)
02-20 20:26:32.259  1763  1763 W StatusBar: 	at android.os.Handler.dispatchMessage(Handler.java:102)
02-20 20:26:32.259  1763  1763 W StatusBar: 	at android.os.Looper.loop(Looper.java:154)
02-20 20:26:32.259  1763  1763 W StatusBar: 	at android.app.ActivityThread.main(ActivityThread.java:6119)
02-20 20:26:32.259  1763  1763 W StatusBar: 	at java.lang.reflect.Method.invoke(Native Method)
02-20 20:26:32.259  1763  1763 W StatusBar: 	at com.android.internal.os.ZygoteInit$MethodAndArgsCaller.run(ZygoteInit.java:886)
02-20 20:26:32.259  1763  1763 W StatusBar: 	at com.android.internal.os.ZygoteInit.main(ZygoteInit.java:776)
02-20 20:26:32.259  1763  1763 I StatusBar: isKeyguardShowing() called before startKeyguard(), returning true
02-20 20:26:32.259  1763  1763 W StatusBar: isKeyguardSecure() called before startKeyguard(), returning false
02-20 20:26:32.259  1763  1763 W StatusBar: java.lang.Throwable
02-20 20:26:32.259  1763  1763 W StatusBar: 	at com.android.systemui.statusbar.BaseStatusBar.isKeyguardSecure(BaseStatusBar.java:2647)
02-20 20:26:32.259  1763  1763 W StatusBar: 	at com.android.systemui.statusbar.BaseStatusBar.isCameraAllowedByAdmin(BaseStatusBar.java:2670)
02-20 20:26:32.259  1763  1763 W StatusBar: 	at com.android.systemui.statusbar.phone.KeyguardBottomAreaView.updateCameraVisibility(KeyguardBottomAreaView.java:309)
02-20 20:26:32.259  1763  1763 W StatusBar: 	at com.android.systemui.statusbar.phone.KeyguardBottomAreaView.setUserSetupComplete(KeyguardBottomAreaView.java:281)
02-20 20:26:32.259  1763  1763 W StatusBar: 	at com.android.systemui.statusbar.phone.PhoneStatusBar.makeStatusBarView(PhoneStatusBar.java:905)
02-20 20:26:32.259  1763  1763 W StatusBar: 	at com.android.systemui.statusbar.phone.PhoneStatusBar.addStatusBarWindow(PhoneStatusBar.java:3432)
02-20 20:26:32.259  1763  1763 W StatusBar: 	at com.android.systemui.statusbar.phone.PhoneStatusBar.createAndAddWindows(PhoneStatusBar.java:3428)
02-20 20:26:32.259  1763  1763 W StatusBar: 	at com.android.systemui.statusbar.BaseStatusBar.start(BaseStatusBar.java:765)
02-20 20:26:32.259  1763  1763 W StatusBar: 	at com.android.systemui.statusbar.phone.PhoneStatusBar.start(PhoneStatusBar.java:686)
02-20 20:26:32.259  1763  1763 W StatusBar: 	at com.android.systemui.statusbar.SystemBars.createStatusBarFromConfig(SystemBars.java:106)
02-20 20:26:32.259  1763  1763 W StatusBar: 	at com.android.systemui.statusbar.SystemBars.onNoService(SystemBars.java:58)
02-20 20:26:32.259  1763  1763 W StatusBar: 	at com.android.systemui.statusbar.ServiceMonitor.startService(ServiceMonitor.java:230)
02-20 20:26:32.259  1763  1763 W StatusBar: 	at com.android.systemui.statusbar.ServiceMonitor.-wrap5(ServiceMonitor.java)
02-20 20:26:32.259  1763  1763 W StatusBar: 	at com.android.systemui.statusbar.ServiceMonitor$1.handleMessage(ServiceMonitor.java:73)
02-20 20:26:32.259  1763  1763 W StatusBar: 	at android.os.Handler.dispatchMessage(Handler.java:102)
02-20 20:26:32.259  1763  1763 W StatusBar: 	at android.os.Looper.loop(Looper.java:154)
02-20 20:26:32.259  1763  1763 W StatusBar: 	at android.app.ActivityThread.main(ActivityThread.java:6119)
02-20 20:26:32.259  1763  1763 W StatusBar: 	at java.lang.reflect.Method.invoke(Native Method)
02-20 20:26:32.259  1763  1763 W StatusBar: 	at com.android.internal.os.ZygoteInit$MethodAndArgsCaller.run(ZygoteInit.java:886)
02-20 20:26:32.259  1763  1763 W StatusBar: 	at com.android.internal.os.ZygoteInit.main(ZygoteInit.java:776)
02-20 20:26:32.261  1920  1920 D DCT     : [0]setupDataOnConnectableApns: dataAttached hipri:[state=IDLE,enabled=false] mms:[state=IDLE,enabled=false] supl:[state=IDLE,enabled=false] ia:[state=IDLE,enabled=false] fota:[state=IDLE,enabled=false] ims:[state=IDLE,enabled=false] cbs:[state=IDLE,enabled=false] default:[state=IDLE,enabled=false] emergency:[state=IDLE,enabled=false] 
02-20 20:26:32.261  1920  1920 D DCT     : [0]setupDataOnConnectableApns: nwTypeChanged hipri:[state=IDLE,enabled=false] mms:[state=IDLE,enabled=false] supl:[state=IDLE,enabled=false] ia:[state=IDLE,enabled=false] fota:[state=IDLE,enabled=false] ims:[state=IDLE,enabled=false] cbs:[state=IDLE,enabled=false] default:[state=IDLE,enabled=false] emergency:[state=IDLE,enabled=false] 
02-20 20:26:32.261  1920  1920 D UiccCardApplication: Error in querying facility lock:com.android.internal.telephony.CommandException: REQUEST_NOT_SUPPORTED
02-20 20:26:32.261  1920  1920 D UiccCardApplication: Error in querying facility lock:com.android.internal.telephony.CommandException: REQUEST_NOT_SUPPORTED
02-20 20:26:32.261  1920  1920 D SIMRecords: [SIMRecords] fetchSimRecords 0
02-20 20:26:32.261  1920  1920 D RILJ    : [3688]> getIMSI: GET_IMSI aid: null [SUB0]
02-20 20:26:32.261  1920  1920 D RILJ    : [3689]> iccIO: SIM_IO 0xc0 0x2fe2  path: 3F00,0,0,15 aid: null [SUB0]
02-20 20:26:32.262  1374  1485 D RIL     : onRequest: GET_IMSI
02-20 20:26:32.262  1374  1485 D AT      : AT> AT+CIMI
02-20 20:26:32.263  1374  1487 D AT      : AT< 310260000000000
02-20 20:26:32.263  1374  1487 D AT      : AT< OK
02-20 20:26:32.263  1920  1920 D RILJ    : [3690]> iccIO: SIM_IO 0xc0 0x6f40  path: 3F007F10,0,0,15 aid: null [SUB0]
02-20 20:26:32.263  1920  2006 D RILJ    : [3688]< GET_IMSI  [SUB0]
02-20 20:26:32.263  1374  1485 D RIL     : onRequest: SIM_IO
02-20 20:26:32.263  1374  1485 D AT      : AT> AT+CRSM=192,12258,0,0,15
02-20 20:26:32.264  1920  1920 D RILJ    : [3691]> iccIO: SIM_IO 0xc0 0x6fc9  path: 3F007F20,0,0,15 aid: null [SUB0]
02-20 20:26:32.264  1374  1487 D AT      : AT< +CRSM: 144,0,0000000a2fe204000fa0aa01020000
02-20 20:26:32.264  1374  1487 D AT      : AT< OK
02-20 20:26:32.264  1374  1485 D RIL     : onRequest: SIM_IO
02-20 20:26:32.264  1920  1920 D RILJ    : [3692]> iccIO: SIM_IO 0xc0 0x6fad  path: 3F007F20,0,0,15 aid: null [SUB0]
02-20 20:26:32.264  1374  1485 D AT      : AT> AT+CRSM=192,28480,0,0,15
02-20 20:26:32.264  1374  1487 D AT      : AT< +CRSM: 144,0,000000806f40040011a0aa01020120
02-20 20:26:32.264  1374  1487 D AT      : AT< OK
02-20 20:26:32.264  1374  1485 D RIL     : onRequest: SIM_IO
02-20 20:26:32.264  1374  1485 D AT      : AT> AT+CRSM=192,28617,0,0,15
02-20 20:26:32.264  1920  1920 D RILJ    : [3693]> iccIO: SIM_IO 0xc0 0x6fca  path: 3F007F20,0,0,15 aid: null [SUB0]
02-20 20:26:32.264  1374  1487 D AT      : AT< +CRSM: 144,0,000000086fc9040011a0aa01020104
02-20 20:26:32.264  1374  1487 D AT      : AT< OK
02-20 20:26:32.264  1374  1485 D RIL     : onRequest: SIM_IO
02-20 20:26:32.264  1374  1485 D AT      : AT> AT+CRSM=192,28589,0,0,15
02-20 20:26:32.264  1920  1920 D RILJ    : [3694]> iccIO: SIM_IO 0xc0 0x6f11  path: 3F007F20,0,0,15 aid: null [SUB0]
02-20 20:26:32.264  1374  1487 D AT      : AT< +CRSM: 144,0,000000046fad04000aa0aa01020000
02-20 20:26:32.264  1374  1487 D AT      : AT< OK
02-20 20:26:32.265  1374  1485 D RIL     : onRequest: SIM_IO
02-20 20:26:32.265  1374  1485 D AT      : AT> AT+CRSM=192,28618,0,0,15
02-20 20:26:32.265  1920  1920 D RILJ    : [3695]> iccIO: SIM_IO 0xc0 0x6fcb  path: 3F007F20,0,0,15 aid: null [SUB0]
02-20 20:26:32.265  1374  1487 D AT      : AT< +CRSM: 144,0,0000000a6fca040011a0aa01020105
02-20 20:26:32.265  1374  1487 D AT      : AT< OK
02-20 20:26:32.265  1374  1485 D RIL     : onRequest: SIM_IO
02-20 20:26:32.265  1374  1485 D AT      : AT> AT+CRSM=192,28433,0,0,15
02-20 20:26:32.265  1920  1920 D RILJ    : [3696]> iccIO: SIM_IO 0xc0 0x6f13  path: 3F007F20,0,0,15 aid: null [SUB0]
02-20 20:26:32.265  1374  1487 D AT      : AT< +CRSM: 144,0,000000016f11040011a0aa01020000
02-20 20:26:32.265  1374  1487 D AT      : AT< OK
02-20 20:26:32.265  1374  1485 D RIL     : onRequest: SIM_IO
02-20 20:26:32.265  1374  1485 D AT      : AT> AT+CRSM=192,28619,0,0,15
02-20 20:26:32.265  1920  1920 D RILJ    : [3697]> iccIO: SIM_IO 0xc0 0x6f46  path: 3F007F20,0,0,15 aid: null [SUB0]
02-20 20:26:32.265  1374  1487 D AT      : AT< ERROR: BAD COMMAND
02-20 20:26:32.265  1374  1485 D RIL     : onRequest: SIM_IO
02-20 20:26:32.265  1374  1485 D AT      : AT> AT+CRSM=192,28435,0,0,15
02-20 20:26:32.265  1374  1487 D AT      : AT< +CRSM: 144,0,000000016f13040011a0aa01020000
02-20 20:26:32.265  1374  1487 D AT      : AT< OK
02-20 20:26:32.265  1920  1920 D RILJ    : [3698]> iccIO: SIM_IO 0xc0 0x6fcd  path: 3F007F20,0,0,15 aid: null [SUB0]
02-20 20:26:32.266  1374  1485 D RIL     : onRequest: SIM_IO
02-20 20:26:32.266  1374  1485 D AT      : AT> AT+CRSM=192,28486,0,0,15
02-20 20:26:32.266  1374  1487 D AT      : AT< +CRSM: 148,4
02-20 20:26:32.266  1374  1487 D AT      : AT< OK
02-20 20:26:32.266  1920  1920 D RILJ    : [3699]> iccIO: SIM_IO 0xc0 0x6fc5  path: 3F007F20,0,0,15 aid: null [SUB0]
02-20 20:26:32.266  1374  1485 D RIL     : onRequest: SIM_IO
02-20 20:26:32.266  1374  1485 D AT      : AT> AT+CRSM=192,28621,0,0,15
02-20 20:26:32.267  1920  1920 D RILJ    : [3700]> iccIO: SIM_IO 0xc0 0x6f38  path: 3F007F20,0,0,15 aid: null [SUB0]
02-20 20:26:32.267  1374  1487 D AT      : AT< +CRSM: 148,4
02-20 20:26:32.267  1374  1487 D AT      : AT< OK
02-20 20:26:32.267  1374  1485 D RIL     : onRequest: SIM_IO
02-20 20:26:32.267  1374  1485 D AT      : AT> AT+CRSM=192,28613,0,0,15
02-20 20:26:32.267  1920  1920 D RILJ    : [3701]> iccIO: SIM_IO 0xc0 0x6f16  path: 3F007F20,0,0,15 aid: null [SUB0]
02-20 20:26:32.267  1374  1487 D AT      : AT< +CRSM: 144,0,000000f06fc504000aa0aa01020118
02-20 20:26:32.267  1374  1487 D AT      : AT< OK
02-20 20:26:32.267  1374  1485 D RIL     : onRequest: SIM_IO
02-20 20:26:32.267  1374  1485 D AT      : AT> AT+CRSM=192,28472,0,0,15
02-20 20:26:32.267  1920  1920 D RILJ    : [3702]> iccIO: SIM_IO 0xc0 0x6f15  path: 3F007F20,0,0,15 aid: null [SUB0]
02-20 20:26:32.267  1374  1487 D AT      : AT< +CRSM: 144,0,0000000f6f3804001aa0aa01020000
02-20 20:26:32.267  1374  1487 D AT      : AT< OK
02-20 20:26:32.267  1374  1485 D RIL     : onRequest: SIM_IO
02-20 20:26:32.267  1374  1485 D AT      : AT> AT+CRSM=192,28438,0,0,15
02-20 20:26:32.267  1920  1920 D RILJ    : [3703]> iccIO: SIM_IO 0xc0 0x6f3e  path: 3F007F20,0,0,15 aid: null [SUB0]
02-20 20:26:32.267  1374  1487 D AT      : AT< +CRSM: 144,0,000000026f1604001aa0aa01020000
02-20 20:26:32.267  1374  1487 D AT      : AT< OK
02-20 20:26:32.267  1374  1485 D RIL     : onRequest: SIM_IO
02-20 20:26:32.267  1374  1485 D AT      : AT> AT+CRSM=192,28437,0,0,15
02-20 20:26:32.267  1920  1920 D RILJ    : [3704]> iccIO: SIM_IO 0xc0 0x6f3f  path: 3F007F20,0,0,15 aid: null [SUB0]
02-20 20:26:32.268  1374  1487 D AT      : AT< ERROR: BAD COMMAND
02-20 20:26:32.268  1920  1920 D SIMRecords: [SIMRecords] fetchSimRecords 17 requested: true
02-20 20:26:32.268  1374  1485 D RIL     : onRequest: SIM_IO
02-20 20:26:32.268  1374  1485 D AT      : AT> AT+CRSM=192,28478,0,0,15
02-20 20:26:32.268  1920  1920 E IccCardProxy: setExternalState: set mPhoneId=0 mExternalState=READY
02-20 20:26:32.268  1920  1920 D TelephonyManager: setTelephonyProperty: success phoneId=0 property=gsm.sim.state value: READY propVal=READY
02-20 20:26:32.268  1374  1487 D AT      : AT< ERROR: BAD COMMAND
02-20 20:26:32.268  1920  2006 D RILJ    : [3689]< SIM_IO IccIoResponse sw1:0x90 sw2:0x0 [SUB0]
02-20 20:26:32.268  1920  2006 D RILJ    : [3690]< SIM_IO IccIoResponse sw1:0x90 sw2:0x0 [SUB0]
02-20 20:26:32.268  1920  2006 D RILJ    : [3691]< SIM_IO IccIoResponse sw1:0x90 sw2:0x0 [SUB0]
02-20 20:26:32.268  1920  2006 D RILJ    : [3692]< SIM_IO IccIoResponse sw1:0x90 sw2:0x0 [SUB0]
02-20 20:26:32.268  1920  2006 D RILJ    : [3693]< SIM_IO IccIoResponse sw1:0x90 sw2:0x0 [SUB0]
02-20 20:26:32.268  1920  2006 D RILJ    : [3694]< SIM_IO IccIoResponse sw1:0x90 sw2:0x0 [SUB0]
02-20 20:26:32.268  1920  2006 D RilRequest: [3695]< SIM_IO error: com.android.internal.telephony.CommandException: GENERIC_FAILURE ret=
02-20 20:26:32.268  1920  2006 D RILJ    : [3696]< SIM_IO IccIoResponse sw1:0x90 sw2:0x0 [SUB0]
02-20 20:26:32.268  1920  2006 D RILJ    : [3697]< SIM_IO IccIoResponse sw1:0x94 sw2:0x4 [SUB0]
02-20 20:26:32.268  1920  2006 D RILJ    : [3698]< SIM_IO IccIoResponse sw1:0x94 sw2:0x4 [SUB0]
02-20 20:26:32.268  1920  2006 D RILJ    : [3699]< SIM_IO IccIoResponse sw1:0x90 sw2:0x0 [SUB0]
02-20 20:26:32.268  1920  2006 D RILJ    : [3700]< SIM_IO IccIoResponse sw1:0x90 sw2:0x0 [SUB0]
02-20 20:26:32.268  1920  2006 D RILJ    : [3701]< SIM_IO IccIoResponse sw1:0x90 sw2:0x0 [SUB0]
02-20 20:26:32.268  1920  2006 D RilRequest: [3702]< SIM_IO error: com.android.internal.telephony.CommandException: GENERIC_FAILURE ret=
02-20 20:26:32.269  1920  2006 D RilRequest: [3703]< SIM_IO error: com.android.internal.telephony.CommandException: GENERIC_FAILURE ret=
02-20 20:26:32.269  1374  1485 D RIL     : onRequest: SIM_IO
02-20 20:26:32.269  1374  1485 D AT      : AT> AT+CRSM=192,28479,0,0,15
02-20 20:26:32.269  1920  1920 D IccCardProxy: broadcastIccStateChangedIntent intent ACTION_SIM_STATE_CHANGED value=READY reason=null for mPhoneId=0
02-20 20:26:32.269  1374  1487 D AT      : AT< ERROR: BAD COMMAND
02-20 20:26:32.269  1920  2006 D RilRequest: [3704]< SIM_IO error: com.android.internal.telephony.CommandException: GENERIC_FAILURE ret=
02-20 20:26:32.270  1920  1920 D RILJ    : [3705]> OPERATOR [SUB0]
02-20 20:26:32.270  1920  1940 D SubscriptionController: [getPhoneId] asked for default subId=-1
02-20 20:26:32.270  1374  1485 D RIL     : onRequest: OPERATOR
02-20 20:26:32.270  1374  1485 D AT      : AT> AT+COPS=3,0;+COPS?;+COPS=3,1;+COPS?;+COPS=3,2;+COPS?
02-20 20:26:32.270  1374  1487 D AT      : AT< +COPS: 0,0,"Android"
02-20 20:26:32.270  1374  1487 D AT      : AT< +COPS: 0,1,"Android"
02-20 20:26:32.270  1374  1487 D AT      : AT< +COPS: 0,2,"310260"
02-20 20:26:32.270  1374  1487 D AT      : AT< OK
02-20 20:26:32.271  1920  2006 D RILJ    : [3705]< OPERATOR {Android, Android, 310260} [SUB0]
02-20 20:26:32.271  1920  1920 D RILJ    : [3706]> DATA_REGISTRATION_STATE [SUB0]
02-20 20:26:32.271  1374  1485 D RIL     : onRequest: DATA_REGISTRATION_STATE
02-20 20:26:32.271  1374  1485 D RIL     : requestRegistrationState
02-20 20:26:32.271  1374  1485 D AT      : AT> AT+CGREG?
02-20 20:26:32.271  1374  1487 D AT      : AT< +CGREG: 1,1,"0003","005b","000e"
02-20 20:26:32.271  1374  1487 D AT      : AT< OK
02-20 20:26:32.271  1374  1485 D RIL     : parseRegistrationState. Parsing: +CGREG: 1,1,"0003","005b","000e"
02-20 20:26:32.271  1374  1485 D RIL     : registration state type: 3GPP
02-20 20:26:32.271  1920  2006 D RILJ    : [3706]< DATA_REGISTRATION_STATE {1, 3, 5b, 14, null, null} [SUB0]
02-20 20:26:32.271  1920  1920 D RILJ    : [3707]> VOICE_REGISTRATION_STATE [SUB0]
02-20 20:26:32.272  1920  1932 D SubscriptionController: [getActiveSubInfoList] Sub Controller not ready
02-20 20:26:32.272  1374  1485 D RIL     : onRequest: VOICE_REGISTRATION_STATE
02-20 20:26:32.272  1374  1485 D RIL     : requestRegistrationState
02-20 20:26:32.272  1374  1485 D AT      : AT> AT+CREG?
02-20 20:26:32.272  1374  1487 D AT      : AT< +CREG: 2,1, "0003", "005b"
02-20 20:26:32.272  1374  1487 D AT      : AT< OK
02-20 20:26:32.272  1374  1485 D RIL     : parseRegistrationState. Parsing: +CREG: 2,1, "0003", "005b"
02-20 20:26:32.272  1374  1485 D RIL     : registration state type: 3GPP
02-20 20:26:32.272  1920  2006 D RILJ    : [3707]< VOICE_REGISTRATION_STATE {1, 3, 5b, 0, null, null, null, null, null, null, null, null, null, null, null} [SUB0]
02-20 20:26:32.272  1920  1920 D RILJ    : [3708]> QUERY_NETWORK_SELECTION_MODE [SUB0]
02-20 20:26:32.272  1374  1485 D RIL     : onRequest: QUERY_NETWORK_SELECTION_MODE
02-20 20:26:32.272  1374  1485 D AT      : AT> AT+COPS?
02-20 20:26:32.273  1374  1487 D AT      : AT< +COPS: 0,2,310260
02-20 20:26:32.273  1374  1487 D AT      : AT< OK
02-20 20:26:32.273  1920  2006 D RILJ    : [3708]< QUERY_NETWORK_SELECTION_MODE {0} [SUB0]
02-20 20:26:32.273  1920  1920 D UiccCardApplication: Error in querying facility lock:com.android.internal.telephony.CommandException: REQUEST_NOT_SUPPORTED
02-20 20:26:32.273  1920  1920 D RuimRecords: [RuimRecords] fetchRuimRecords 0
02-20 20:26:32.273  1920  1920 D RILJ    : [3709]> getIMSI: GET_IMSI aid: null [SUB0]
02-20 20:26:32.290  1374  1485 D RIL     : onRequest: GET_IMSI
02-20 20:26:32.290  1374  1485 D AT      : AT> AT+CIMI
02-20 20:26:32.290  1374  1487 D AT      : AT< 310260000000000
02-20 20:26:32.290  1374  1487 D AT      : AT< OK
02-20 20:26:32.290  1920  2006 D RILJ    : [3709]< GET_IMSI  [SUB0]
02-20 20:26:32.291  1920  1920 D RILJ    : [3710]> iccIO: SIM_IO 0xc0 0x2fe2  path: 3F00,0,0,15 aid: null [SUB0]
02-20 20:26:32.291  1374  1485 D RIL     : onRequest: SIM_IO
02-20 20:26:32.291  1374  1485 D AT      : AT> AT+CRSM=192,12258,0,0,15
02-20 20:26:32.291  1365  2079 V EmulatedCamera_Camera: getCameraInfo
02-20 20:26:32.291  1365  2079 V EmulatedCamera_BaseCamera: getCameraInfo
02-20 20:26:32.291  1374  1487 D AT      : AT< +CRSM: 144,0,0000000a2fe204000fa0aa01020000
02-20 20:26:32.291  1374  1487 D AT      : AT< OK
02-20 20:26:32.291  1920  2006 D RILJ    : [3710]< SIM_IO IccIoResponse sw1:0x90 sw2:0x0 [SUB0]
02-20 20:26:32.291  1365  1365 V EmulatedCamera_Camera: getCameraInfo
02-20 20:26:32.291  1365  1365 V EmulatedCamera_BaseCamera: getCameraInfo
02-20 20:26:32.291  1920  1920 D RILJ    : [3711]> iccIO: SIM_IO 0xc0 0x2f05  path: 3F00,0,0,15 aid: null [SUB0]
02-20 20:26:32.292  1374  1485 D RIL     : onRequest: SIM_IO
02-20 20:26:32.292  1374  1485 D AT      : AT> AT+CRSM=192,12037,0,0,15
02-20 20:26:32.292  1374  1487 D AT      : AT< ERROR: BAD COMMAND
02-20 20:26:32.292  1920  2006 D RilRequest: [3711]< SIM_IO error: com.android.internal.telephony.CommandException: GENERIC_FAILURE ret=
02-20 20:26:32.292  1920  1920 D RILJ    : [3712]> iccIO: SIM_IO 0xc0 0x6f3a  path: 3F007F25,0,0,15 aid: null [SUB0]
02-20 20:26:32.292  1920  1920 D RILJ    : [3713]> iccIO: SIM_IO 0xc0 0x6f41  path: 3F007F25,0,0,15 aid: null [SUB0]
02-20 20:26:32.292  1374  1485 D RIL     : onRequest: SIM_IO
02-20 20:26:32.292  1374  1485 D AT      : AT> AT+CRSM=192,28474,0,0,15
02-20 20:26:32.292  1374  1487 D AT      : AT< ERROR: BAD COMMAND
02-20 20:26:32.293  1920  1920 D RILJ    : [3714]> iccIO: SIM_IO 0xc0 0x6f44  path: 3F007F25,0,0,15 aid: null [SUB0]
02-20 20:26:32.293  1374  1485 D RIL     : onRequest: SIM_IO
02-20 20:26:32.293  1374  1485 D AT      : AT> AT+CRSM=192,28481,0,0,15
02-20 20:26:32.293  1374  1487 D AT      : AT< ERROR: BAD COMMAND
02-20 20:26:32.293  1920  2006 D RilRequest: [3712]< SIM_IO error: com.android.internal.telephony.CommandException: GENERIC_FAILURE ret=
02-20 20:26:32.294  1920  1920 D RILJ    : [3715]> iccIO: SIM_IO 0xc0 0x6f22  path: 3F007F25,0,0,15 aid: null [SUB0]
02-20 20:26:32.294  1374  1485 D RIL     : onRequest: SIM_IO
02-20 20:26:32.294  1374  1485 D AT      : AT> AT+CRSM=192,28484,0,0,15
02-20 20:26:32.294  1374  1487 D AT      : AT< ERROR: BAD COMMAND
02-20 20:26:32.295  1920  1920 D RILJ    : [3716]> iccIO: SIM_IO 0xc0 0x6f28  path: 3F007F25,0,0,15 aid: null [SUB0]
02-20 20:26:32.295  1374  1485 D RIL     : onRequest: SIM_IO
02-20 20:26:32.295  1374  1485 D AT      : AT> AT+CRSM=192,28450,0,0,15
02-20 20:26:32.295  1374  1487 D AT      : AT< ERROR: BAD COMMAND
02-20 20:26:32.295  1920  1920 D RILJ    : [3717]> iccIO: SIM_IO 0xb0 0x6f5a  path: 3F007F25,0,0,4 aid: null [SUB0]
02-20 20:26:32.295  1374  1485 D RIL     : onRequest: SIM_IO
02-20 20:26:32.295  1374  1485 D AT      : AT> AT+CRSM=192,28456,0,0,15
02-20 20:26:32.295  1374  1487 D AT      : AT< ERROR: BAD COMMAND
02-20 20:26:32.295  1920  1920 D RILJ    : [3718]> iccIO: SIM_IO 0xc0 0x6f4d  path: 3F007F25,0,0,15 aid: null [SUB0]
02-20 20:26:32.295  1374  1485 D RIL     : onRequest: SIM_IO
02-20 20:26:32.295  1374  1485 D AT      : AT> AT+CRSM=176,28506,0,0,4
02-20 20:26:32.296  1374  1487 D AT      : AT< ERROR: BAD COMMAND
02-20 20:26:32.296  1920  1920 D RuimRecords: [RuimRecords] fetchRuimRecords 10 requested: true
02-20 20:26:32.296  1920  1920 D RILJ    : [3719]> RIL_REQUEST_CDMA_SUBSCRIPTION [SUB0]
02-20 20:26:32.296  1374  1485 D RIL     : onRequest: SIM_IO
02-20 20:26:32.296  1374  1485 D AT      : AT> AT+CRSM=192,28493,0,0,15
02-20 20:26:32.296  1374  1487 D AT      : AT< ERROR: BAD COMMAND
02-20 20:26:32.296  1920  1920 D GsmSMSDispatcher: GsmSMSDispatcher: subId = -2 slotId = 0
02-20 20:26:32.296  1920  1920 E IccCardProxy: setExternalState: !override and newstate unchanged from READY
02-20 20:26:32.296  1920  1920 D CAT     : CatService: handleMessage[8]
02-20 20:26:32.296  1920  1920 D CAT     : CatService: MSG_ID_ICC_CHANGED
02-20 20:26:32.296  1920  1920 D CAT     : CatService: New Card State = CARDSTATE_PRESENT Old Card State = CARDSTATE_PRESENT
02-20 20:26:32.296  1920  1920 D UiccCardApplication: Error in querying facility lock:com.android.internal.telephony.CommandException: REQUEST_NOT_SUPPORTED
02-20 20:26:32.296  1920  2006 D RilRequest: [3713]< SIM_IO error: com.android.internal.telephony.CommandException: GENERIC_FAILURE ret=
02-20 20:26:32.296  1920  2006 D RilRequest: [3714]< SIM_IO error: com.android.internal.telephony.CommandException: GENERIC_FAILURE ret=
02-20 20:26:32.296  1920  2006 D RilRequest: [3715]< SIM_IO error: com.android.internal.telephony.CommandException: GENERIC_FAILURE ret=
02-20 20:26:32.296  1920  2006 D RilRequest: [3716]< SIM_IO error: com.android.internal.telephony.CommandException: GENERIC_FAILURE ret=
02-20 20:26:32.297  1920  2006 D RilRequest: [3717]< SIM_IO error: com.android.internal.telephony.CommandException: GENERIC_FAILURE ret=
02-20 20:26:32.297  1920  2006 D RilRequest: [3718]< SIM_IO error: com.android.internal.telephony.CommandException: GENERIC_FAILURE ret=
02-20 20:26:32.297  1374  1485 D RIL     : onRequest: CDMA_SUBSCRIPTION
02-20 20:26:32.297  1374  1485 D RIL     : Request not supported. Tech: 1
02-20 20:26:32.297  1920  2006 D RilRequest: [3719]< RIL_REQUEST_CDMA_SUBSCRIPTION error: com.android.internal.telephony.CommandException: REQUEST_NOT_SUPPORTED ret=
02-20 20:26:32.297  1920  1920 E PhoneInterfaceManager: [PhoneIntfMgr] getIccId: No UICC
02-20 20:26:32.305  1676  1705 I Telecom : PhoneAccountRegistrar: [ComponentInfo{com.android.phone/com.android.services.telephony.TelephonyConnectionService}, [e0184adedf913b076626646d3f52c3b49c39ad6d], UserHandle{0}(icon: Icon(typ=BITMAP size=76x96) -> Icon(typ=BITMAP size=76x96))]: TSI.rPA@AAg
02-20 20:26:32.307  1676  1705 I Telecom : : Sending phone-account registered intent as user: TSI.rPA@AAg
02-20 20:26:32.308  1920  1920 D SIMRecords: [SIMRecords] IMSI: mMncLength=-1
02-20 20:26:32.308  1920  1920 D SIMRecords: [SIMRecords] IMSI: 310260[D1jVpVFfGoqdF5qliFi2ey-KM4g]
02-20 20:26:32.308  1920  1920 D SIMRecords: [SIMRecords] onRecordLoaded 16 requested: true
02-20 20:26:32.308  1920  1920 D RILJ    : [3720]> iccIO: SIM_IO 0xb0 0x2fe2  path: 3F00,0,0,10 aid: null [SUB0]
02-20 20:26:32.309  1920  2061 D SubscriptionController: [getPhoneId]- no sims, returning default phoneId=2147483647
02-20 20:26:32.309  1920  1920 D RILJ    : [3721]> iccIO: SIM_IO 0xb2 0x6f40  path: 3F007F10,1,4,32 aid: null [SUB0]
02-20 20:26:32.309  1374  1485 D RIL     : onRequest: SIM_IO
02-20 20:26:32.309  1374  1485 D AT      : AT> AT+CRSM=176,12258,0,0,10
02-20 20:26:32.309  1374  1487 D AT      : AT< +CRSM: 144,0,98101430121181157002
02-20 20:26:32.309  1374  1487 D AT      : AT< OK
02-20 20:26:32.309  1920  2006 D RILJ    : [3720]< SIM_IO IccIoResponse sw1:0x90 sw2:0x0 [SUB0]
02-20 20:26:32.309  1920  1920 D RILJ    : [3722]> iccIO: SIM_IO 0xb2 0x6fc9  path: 3F007F20,1,4,4 aid: null [SUB0]
02-20 20:26:32.309  1374  1485 D RIL     : onRequest: SIM_IO
02-20 20:26:32.309  1374  1485 D AT      : AT> AT+CRSM=178,28480,1,4,32
02-20 20:26:32.309  1374  1487 D AT      : AT< +CRSM: 144,0,ffffffffffffffffffffffffffffffffffff07815155255155f4ffffffffffff
02-20 20:26:32.309  1374  1487 D AT      : AT< OK
02-20 20:26:32.310  1920  1920 D RILJ    : [3723]> iccIO: SIM_IO 0xb0 0x6fad  path: 3F007F20,0,0,4 aid: null [SUB0]
02-20 20:26:32.310  1374  1485 D RIL     : onRequest: SIM_IO
02-20 20:26:32.310  1374  1485 D AT      : AT> AT+CRSM=178,28617,1,4,4
02-20 20:26:32.310  1374  1487 D AT      : AT< +CRSM: 144,0,01000000
02-20 20:26:32.310  1374  1487 D AT      : AT< OK
02-20 20:26:32.310  1920  1920 D RILJ    : [3724]> iccIO: SIM_IO 0xb2 0x6fca  path: 3F007F20,1,4,5 aid: null [SUB0]
02-20 20:26:32.310  1374  1485 D RIL     : onRequest: SIM_IO
02-20 20:26:32.310  1374  1485 D AT      : AT> AT+CRSM=176,28589,0,0,4
02-20 20:26:32.310  1374  1487 D AT      : AT< +CRSM: 144,0,00000003
02-20 20:26:32.310  1374  1487 D AT      : AT< OK
02-20 20:26:32.311  1920  1920 D RILJ    : [3725]> iccIO: SIM_IO 0xb0 0x6f11  path: 3F007F20,0,0,1 aid: null [SUB0]
02-20 20:26:32.313  1374  1485 D RIL     : onRequest: SIM_IO
02-20 20:26:32.313  1374  1485 D AT      : AT> AT+CRSM=178,28618,1,4,5
02-20 20:26:32.314  1374  1487 D AT      : AT< +CRSM: 144,0,0000000000
02-20 20:26:32.314  1374  1487 D AT      : AT< OK
02-20 20:26:32.314  1920  2006 D RILJ    : [3721]< SIM_IO IccIoResponse sw1:0x90 sw2:0x0 [SUB0]
02-20 20:26:32.314  1920  2006 D RILJ    : [3722]< SIM_IO IccIoResponse sw1:0x90 sw2:0x0 [SUB0]
02-20 20:26:32.314  1920  2006 D RILJ    : [3723]< SIM_IO IccIoResponse sw1:0x90 sw2:0x0 [SUB0]
02-20 20:26:32.314  1920  2006 D RILJ    : [3724]< SIM_IO IccIoResponse sw1:0x90 sw2:0x0 [SUB0]
02-20 20:26:32.314  1374  1485 D RIL     : onRequest: SIM_IO
02-20 20:26:32.314  1374  1485 D AT      : AT> AT+CRSM=176,28433,0,0,1
02-20 20:26:32.314  1374  1487 D AT      : AT< +CRSM: 144,0,55
02-20 20:26:32.314  1374  1487 D AT      : AT< OK
02-20 20:26:32.314  1920  2006 D RILJ    : [3725]< SIM_IO IccIoResponse sw1:0x90 sw2:0x0 [SUB0]
02-20 20:26:32.314  1920  1920 D RILJ    : [3726]> iccIO: SIM_IO 0xb0 0x6f13  path: 3F007F20,0,0,1 aid: null [SUB0]
02-20 20:26:32.315  1374  1485 D RIL     : onRequest: SIM_IO
02-20 20:26:32.315  1374  1485 D AT      : AT> AT+CRSM=176,28435,0,0,1
02-20 20:26:32.315  1374  1487 D AT      : AT< +CRSM: 144,0,55
02-20 20:26:32.315  1374  1487 D AT      : AT< OK
02-20 20:26:32.315  1920  2006 D RILJ    : [3726]< SIM_IO IccIoResponse sw1:0x90 sw2:0x0 [SUB0]
02-20 20:26:32.315  1920  1920 D RILJ    : [3727]> iccIO: SIM_IO 0xb2 0x6fc5  path: 3F007F20,1,4,24 aid: null [SUB0]
02-20 20:26:32.316  1920  1920 D RILJ    : [3728]> iccIO: SIM_IO 0xb0 0x6f38  path: 3F007F20,0,0,15 aid: null [SUB0]
02-20 20:26:32.316  1374  1485 D RIL     : onRequest: SIM_IO
02-20 20:26:32.316  1374  1485 D AT      : AT> AT+CRSM=178,28613,1,4,24
02-20 20:26:32.316  1374  1487 D AT      : AT< +CRSM: 144,0,43058441aa890affffffffffffffffffffffffffffffffff
02-20 20:26:32.316  1374  1487 D AT      : AT< OK
02-20 20:26:32.316  1920  2006 D RILJ    : [3727]< SIM_IO IccIoResponse sw1:0x90 sw2:0x0 [SUB0]
02-20 20:26:32.316  1920  1920 D RILJ    : [3729]> iccIO: SIM_IO 0xb0 0x6f16  path: 3F007F20,0,0,2 aid: null [SUB0]
02-20 20:26:32.316  1374  1485 D RIL     : onRequest: SIM_IO
02-20 20:26:32.316  1374  1485 D AT      : AT> AT+CRSM=176,28472,0,0,15
02-20 20:26:32.316  1374  1487 D AT      : AT< +CRSM: 144,0,ff30ffff3c003c03000c0000f03f00
02-20 20:26:32.316  1374  1487 D AT      : AT< OK
02-20 20:26:32.316  1920  2006 D RILJ    : [3728]< SIM_IO IccIoResponse sw1:0x90 sw2:0x0 [SUB0]
02-20 20:26:32.316  1920  1920 D SubscriptionInfoUpdater: [Receiver]+
02-20 20:26:32.317  1920  1920 D SubscriptionInfoUpdater: Action: android.intent.action.SIM_STATE_CHANGED
02-20 20:26:32.317  1920  1920 D SubscriptionInfoUpdater: slotId: 0
02-20 20:26:32.317  1920  1920 D SubscriptionInfoUpdater: simStatus: READY
02-20 20:26:32.317  1920  1920 D SubscriptionInfoUpdater: Ignoring simStatus: READY
02-20 20:26:32.317  1920  1920 D SubscriptionInfoUpdater: [Receiver]-
02-20 20:26:32.317  1920  1920 E SST     : error parsing GprsRegistrationState: java.lang.NumberFormatException: null
02-20 20:26:32.317  1920  1920 D SST     : handlPollStateResultMessage: GsmSST setDataRegState=0 regState=1 dataRadioTechnology=14
02-20 20:26:32.317  1920  1920 D SST     : EVENT_POLL_STATE_NETWORK_SELECTION_MODE
02-20 20:26:32.317  1374  1485 D RIL     : onRequest: SIM_IO
02-20 20:26:32.317  1374  1485 D AT      : AT> AT+CRSM=176,28438,0,0,2
02-20 20:26:32.317  1374  1487 D AT      : AT< +CRSM: 144,0,0233
02-20 20:26:32.317  1374  1487 D AT      : AT< OK
02-20 20:26:32.317  1920  2006 D RILJ    : [3729]< SIM_IO IccIoResponse sw1:0x90 sw2:0x0 [SUB0]
02-20 20:26:32.317  1920  1920 D SST     : Poll ServiceState done:  oldSS=[0 0 voice home data home Android Android 310260 Android Android 310260  Unknown LTE CSS not supported -1 -1 RoamInd=-1 DefRoamInd=-1 EmergOnly=false IsDataRoamingFromRegistration=false IsUsingCarrierAggregation=false] newSS=[0 0 voice home data home Android Android 310260 Android Android 310260  Unknown LTE CSS not supported -1 -1 RoamInd=-1 DefRoamInd=-1 EmergOnly=false IsDataRoamingFromRegistration=false IsUsingCarrierAggregation=false] oldMaxDataCalls=1 mNewMaxDataCalls=1 oldReasonDataDenied=-1 mNewReasonDataDenied=-1
02-20 20:26:32.317  1920  1920 D RuimRecords: [RuimRecords] NO update mccmnc=310260
02-20 20:26:32.317  1920  1920 D RuimRecords: [RuimRecords] onRecordLoaded 9 requested: true
02-20 20:26:32.318  1920  1920 D RILJ    : [3730]> iccIO: SIM_IO 0xb0 0x2fe2  path: 3F00,0,0,10 aid: null [SUB0]
02-20 20:26:32.318  1374  1485 D RIL     : onRequest: SIM_IO
02-20 20:26:32.318  1374  1485 D AT      : AT> AT+CRSM=176,12258,0,0,10
02-20 20:26:32.318  1374  1487 D AT      : AT< +CRSM: 144,0,98101430121181157002
02-20 20:26:32.318  1374  1487 D AT      : AT< OK
02-20 20:26:32.318  1920  2006 D RILJ    : [3730]< SIM_IO IccIoResponse sw1:0x90 sw2:0x0 [SUB0]
02-20 20:26:32.319  1920  1920 D RILJ    : [3731]> RIL_REQUEST_SIM_CLOSE_CHANNEL [SUB0]
02-20 20:26:32.319  1374  1485 D RIL     : onRequest: SIM_CLOSE_CHANNEL
02-20 20:26:32.319  1374  1485 D AT      : AT> AT+CCHC=1
02-20 20:26:32.319  1374  1487 D AT      : AT< +CCHC
02-20 20:26:32.319  1374  1487 D AT      : AT< OK
02-20 20:26:32.319  1920  2006 D RILJ    : [3731]< RIL_REQUEST_SIM_CLOSE_CHANNEL  [SUB0]
02-20 20:26:32.320  1920  1920 D IccCardProxy: broadcastIccStateChangedIntent intent ACTION_SIM_STATE_CHANGED value=IMSI reason=null for mPhoneId=0
02-20 20:26:32.320  1920  1920 D SIMRecords: [SIMRecords] onRecordLoaded 15 requested: true
02-20 20:26:32.320  1920  1920 D RILJ    : [3732]> iccIO: SIM_IO 0xc0 0x6f14  path: 3F007F20,0,0,15 aid: null [SUB0]
02-20 20:26:32.320  1374  1485 D RIL     : onRequest: SIM_IO
02-20 20:26:32.320  1374  1485 D AT      : AT> AT+CRSM=192,28436,0,0,15
02-20 20:26:32.320  1374  1487 D AT      : AT< +CRSM: 144,0,000000146f1404001aa0aa01020000
02-20 20:26:32.321  1374  1487 D AT      : AT< OK
02-20 20:26:32.321  1920  2006 D RILJ    : [3732]< SIM_IO IccIoResponse sw1:0x90 sw2:0x0 [SUB0]
02-20 20:26:32.321  1920  1920 D SIMRecords: [SIMRecords] onRecordLoaded 15 requested: true
02-20 20:26:32.321  1920  1920 D SIMRecords: [SIMRecords] onRecordLoaded 14 requested: true
02-20 20:26:32.321  1920  1920 E SIMRecords: [SIMRecords] Exception in fetching EF_CSP data com.android.internal.telephony.CommandException: GENERIC_FAILURE
02-20 20:26:32.321  1920  1920 D SIMRecords: [SIMRecords] onRecordLoaded 13 requested: true
02-20 20:26:32.321  1920  1920 E SIMRecords: [SIMRecords] Exception in get GID1 com.android.internal.telephony.CommandException: GENERIC_FAILURE
02-20 20:26:32.321  1920  1920 D SIMRecords: [SIMRecords] onRecordLoaded 12 requested: true
02-20 20:26:32.321  1920  1920 E SIMRecords: [SIMRecords] Exception in get GID2 com.android.internal.telephony.CommandException: GENERIC_FAILURE
02-20 20:26:32.321  1920  1920 D SIMRecords: [SIMRecords] onRecordLoaded 11 requested: true
02-20 20:26:32.321  1920  1920 D RuimRecords: [RuimRecords] EF_PL LOADED
