02-20 19:28:46.324  1375  1471 D AT      : AT> AT+CIMI
02-20 19:28:46.324  1926  1926 D RILJ    : [3689]> iccIO: SIM_IO 0xc0 0x2fe2  path: 3F00,0,0,15 aid: null [SUB0]
02-20 19:28:46.324  1375  1473 D AT      : AT< 310260000000000
02-20 19:28:46.324  1375  1473 D AT      : AT< OK
02-20 19:28:46.324  1375  1471 D RIL     : onRequest: SIM_IO
02-20 19:28:46.324  1375  1471 D AT      : AT> AT+CRSM=192,12258,0,0,15
02-20 19:28:46.325  1375  1473 D AT      : AT< +CRSM: 144,0,0000000a2fe204000fa0aa01020000
02-20 19:28:46.325  1926  2018 D RILJ    : [3688]< GET_IMSI  [SUB0]
02-20 19:28:46.325  1375  1473 D AT      : AT< OK
02-20 19:28:46.325  1926  2018 D RILJ    : [3689]< SIM_IO IccIoResponse sw1:0x90 sw2:0x0 [SUB0]
02-20 19:28:46.325  1926  1926 D RILJ    : [3690]> iccIO: SIM_IO 0xc0 0x6f40  path: 3F007F10,0,0,15 aid: null [SUB0]
02-20 19:28:46.326  1926  1926 D RILJ    : [3691]> iccIO: SIM_IO 0xc0 0x6fc9  path: 3F007F20,0,0,15 aid: null [SUB0]
02-20 19:28:46.326  1375  1471 D RIL     : onRequest: SIM_IO
02-20 19:28:46.326  1375  1471 D AT      : AT> AT+CRSM=192,28480,0,0,15
02-20 19:28:46.327  1375  1473 D AT      : AT< +CRSM: 144,0,000000806f40040011a0aa01020120
02-20 19:28:46.327  1375  1473 D AT      : AT< OK
02-20 19:28:46.327  1926  1926 D RILJ    : [3692]> iccIO: SIM_IO 0xc0 0x6fad  path: 3F007F20,0,0,15 aid: null [SUB0]
02-20 19:28:46.327  1375  1471 D RIL     : onRequest: SIM_IO
02-20 19:28:46.327  1375  1471 D AT      : AT> AT+CRSM=192,28617,0,0,15
02-20 19:28:46.327  1926  2018 D RILJ    : [3690]< SIM_IO IccIoResponse sw1:0x90 sw2:0x0 [SUB0]
02-20 19:28:46.327  1926  1926 D RILJ    : [3693]> iccIO: SIM_IO 0xc0 0x6fca  path: 3F007F20,0,0,15 aid: null [SUB0]
02-20 19:28:46.327  1926  1926 D RILJ    : [3694]> iccIO: SIM_IO 0xc0 0x6f11  path: 3F007F20,0,0,15 aid: null [SUB0]
02-20 19:28:46.327  1375  1473 D AT      : AT< +CRSM: 144,0,000000086fc9040011a0aa01020104
02-20 19:28:46.327  1375  1473 D AT      : AT< OK
02-20 19:28:46.327  1375  1471 D RIL     : onRequest: SIM_IO
02-20 19:28:46.327  1375  1471 D AT      : AT> AT+CRSM=192,28589,0,0,15
02-20 19:28:46.327  1375  1473 D AT      : AT< +CRSM: 144,0,000000046fad04000aa0aa01020000
02-20 19:28:46.327  1375  1473 D AT      : AT< OK
02-20 19:28:46.327  1375  1471 D RIL     : onRequest: SIM_IO
02-20 19:28:46.327  1375  1471 D AT      : AT> AT+CRSM=192,28618,0,0,15
02-20 19:28:46.327  1375  1473 D AT      : AT< +CRSM: 144,0,0000000a6fca040011a0aa01020105
02-20 19:28:46.327  1375  1473 D AT      : AT< OK
02-20 19:28:46.328  1926  1926 D RILJ    : [3695]> iccIO: SIM_IO 0xc0 0x6fcb  path: 3F007F20,0,0,15 aid: null [SUB0]
02-20 19:28:46.328  1926  1926 D RILJ    : [3696]> iccIO: SIM_IO 0xc0 0x6f13  path: 3F007F20,0,0,15 aid: null [SUB0]
02-20 19:28:46.328  1375  1471 D RIL     : onRequest: SIM_IO
02-20 19:28:46.328  1375  1471 D AT      : AT> AT+CRSM=192,28433,0,0,15
02-20 19:28:46.328  1375  1473 D AT      : AT< +CRSM: 144,0,000000016f11040011a0aa01020000
02-20 19:28:46.328  1375  1473 D AT      : AT< OK
02-20 19:28:46.328  1375  1471 D RIL     : onRequest: SIM_IO
02-20 19:28:46.328  1375  1471 D AT      : AT> AT+CRSM=192,28619,0,0,15
02-20 19:28:46.328  1926  1926 D RILJ    : [3697]> iccIO: SIM_IO 0xc0 0x6f46  path: 3F007F20,0,0,15 aid: null [SUB0]
02-20 19:28:46.328  1375  1473 D AT      : AT< ERROR: BAD COMMAND
02-20 19:28:46.328  1926  1926 D RILJ    : [3698]> iccIO: SIM_IO 0xc0 0x6fcd  path: 3F007F20,0,0,15 aid: null [SUB0]
02-20 19:28:46.328  1375  1471 D RIL     : onRequest: SIM_IO
02-20 19:28:46.328  1375  1471 D AT      : AT> AT+CRSM=192,28435,0,0,15
02-20 19:28:46.328  1375  1473 D AT      : AT< +CRSM: 144,0,000000016f13040011a0aa01020000
02-20 19:28:46.328  1375  1473 D AT      : AT< OK
02-20 19:28:46.328  1375  1471 D RIL     : onRequest: SIM_IO
02-20 19:28:46.328  1375  1471 D AT      : AT> AT+CRSM=192,28486,0,0,15
02-20 19:28:46.329  1375  1473 D AT      : AT< +CRSM: 148,4
02-20 19:28:46.329  1375  1473 D AT      : AT< OK
02-20 19:28:46.329  1926  1926 D RILJ    : [3699]> iccIO: SIM_IO 0xc0 0x6fc5  path: 3F007F20,0,0,15 aid: null [SUB0]
02-20 19:28:46.329  1926  1926 D RILJ    : [3700]> iccIO: SIM_IO 0xc0 0x6f38  path: 3F007F20,0,0,15 aid: null [SUB0]
02-20 19:28:46.329  1926  1926 D RILJ    : [3701]> iccIO: SIM_IO 0xc0 0x6f16  path: 3F007F20,0,0,15 aid: null [SUB0]
02-20 19:28:46.329  1926  1926 D RILJ    : [3702]> iccIO: SIM_IO 0xc0 0x6f15  path: 3F007F20,0,0,15 aid: null [SUB0]
02-20 19:28:46.330  1375  1471 D RIL     : onRequest: SIM_IO
02-20 19:28:46.330  1375  1471 D AT      : AT> AT+CRSM=192,28621,0,0,15
02-20 19:28:46.330  1375  1473 D AT      : AT< +CRSM: 148,4
02-20 19:28:46.330  1375  1473 D AT      : AT< OK
02-20 19:28:46.330  1375  1471 D RIL     : onRequest: SIM_IO
02-20 19:28:46.330  1375  1471 D AT      : AT> AT+CRSM=192,28613,0,0,15
02-20 19:28:46.330  1926  1926 D RILJ    : [3703]> iccIO: SIM_IO 0xc0 0x6f3e  path: 3F007F20,0,0,15 aid: null [SUB0]
02-20 19:28:46.330  1375  1473 D AT      : AT< +CRSM: 144,0,000000f06fc504000aa0aa01020118
02-20 19:28:46.330  1375  1473 D AT      : AT< OK
02-20 19:28:46.330  1375  1471 D RIL     : onRequest: SIM_IO
02-20 19:28:46.330  1375  1471 D AT      : AT> AT+CRSM=192,28472,0,0,15
02-20 19:28:46.330  1375  1473 D AT      : AT< +CRSM: 144,0,0000000f6f3804001aa0aa01020000
02-20 19:28:46.330  1375  1473 D AT      : AT< OK
02-20 19:28:46.330  1375  1471 D RIL     : onRequest: SIM_IO
02-20 19:28:46.330  1375  1471 D AT      : AT> AT+CRSM=192,28438,0,0,15
02-20 19:28:46.330  1375  1473 D AT      : AT< +CRSM: 144,0,000000026f1604001aa0aa01020000
02-20 19:28:46.330  1375  1473 D AT      : AT< OK
02-20 19:28:46.330  1375  1471 D RIL     : onRequest: SIM_IO
02-20 19:28:46.330  1375  1471 D AT      : AT> AT+CRSM=192,28437,0,0,15
02-20 19:28:46.330  1926  1926 D RILJ    : [3704]> iccIO: SIM_IO 0xc0 0x6f3f  path: 3F007F20,0,0,15 aid: null [SUB0]
02-20 19:28:46.330  1375  1473 D AT      : AT< ERROR: BAD COMMAND
02-20 19:28:46.330  1926  1926 D SIMRecords: [SIMRecords] fetchSimRecords 17 requested: true
02-20 19:28:46.330  1926  1926 E IccCardProxy: setExternalState: set mPhoneId=0 mExternalState=READY
02-20 19:28:46.330  1926  1926 D TelephonyManager: setTelephonyProperty: success phoneId=0 property=gsm.sim.state value: READY propVal=READY
02-20 19:28:46.330  1926  2018 D RILJ    : [3691]< SIM_IO IccIoResponse sw1:0x90 sw2:0x0 [SUB0]
02-20 19:28:46.330  1926  2018 D RILJ    : [3692]< SIM_IO IccIoResponse sw1:0x90 sw2:0x0 [SUB0]
02-20 19:28:46.330  1926  2018 D RILJ    : [3693]< SIM_IO IccIoResponse sw1:0x90 sw2:0x0 [SUB0]
02-20 19:28:46.330  1926  2018 D RILJ    : [3694]< SIM_IO IccIoResponse sw1:0x90 sw2:0x0 [SUB0]
02-20 19:28:46.330  1926  2018 D RilRequest: [3695]< SIM_IO error: com.android.internal.telephony.CommandException: GENERIC_FAILURE ret=
02-20 19:28:46.330  1926  2018 D RILJ    : [3696]< SIM_IO IccIoResponse sw1:0x90 sw2:0x0 [SUB0]
02-20 19:28:46.330  1375  1471 D RIL     : onRequest: SIM_IO
02-20 19:28:46.330  1926  2018 D RILJ    : [3697]< SIM_IO IccIoResponse sw1:0x94 sw2:0x4 [SUB0]
02-20 19:28:46.330  1375  1471 D AT      : AT> AT+CRSM=192,28478,0,0,15
02-20 19:28:46.330  1926  2018 D RILJ    : [3698]< SIM_IO IccIoResponse sw1:0x94 sw2:0x4 [SUB0]
02-20 19:28:46.330  1375  1473 D AT      : AT< ERROR: BAD COMMAND
02-20 19:28:46.330  1926  2018 D RILJ    : [3699]< SIM_IO IccIoResponse sw1:0x90 sw2:0x0 [SUB0]
02-20 19:28:46.330  1926  1926 D IccCardProxy: broadcastIccStateChangedIntent intent ACTION_SIM_STATE_CHANGED value=READY reason=null for mPhoneId=0
02-20 19:28:46.330  1926  2018 D RILJ    : [3700]< SIM_IO IccIoResponse sw1:0x90 sw2:0x0 [SUB0]
02-20 19:28:46.330  1926  2018 D RILJ    : [3701]< SIM_IO IccIoResponse sw1:0x90 sw2:0x0 [SUB0]
02-20 19:28:46.330  1926  2018 D RilRequest: [3702]< SIM_IO error: com.android.internal.telephony.CommandException: GENERIC_FAILURE ret=
02-20 19:28:46.331  1375  1471 D RIL     : onRequest: SIM_IO
02-20 19:28:46.331  1375  1471 D AT      : AT> AT+CRSM=192,28479,0,0,15
02-20 19:28:46.331  1375  1473 D AT      : AT< ERROR: BAD COMMAND
02-20 19:28:46.331  1926  1926 D RILJ    : [3705]> OPERATOR [SUB0]
02-20 19:28:46.332  1926  2018 D RilRequest: [3703]< SIM_IO error: com.android.internal.telephony.CommandException: GENERIC_FAILURE ret=
02-20 19:28:46.332  1926  1926 D RILJ    : [3706]> DATA_REGISTRATION_STATE [SUB0]
02-20 19:28:46.332  1375  1471 D RIL     : onRequest: OPERATOR
02-20 19:28:46.332  1375  1471 D AT      : AT> AT+COPS=3,0;+COPS?;+COPS=3,1;+COPS?;+COPS=3,2;+COPS?
02-20 19:28:46.332  1375  1473 D AT      : AT< +COPS: 0,0,"Android"
02-20 19:28:46.332  1375  1473 D AT      : AT< +COPS: 0,1,"Android"
02-20 19:28:46.332  1375  1473 D AT      : AT< +COPS: 0,2,"310260"
02-20 19:28:46.332  1375  1473 D AT      : AT< OK
02-20 19:28:46.332  1366  1709 V EmulatedCamera_Camera: getCameraInfo
02-20 19:28:46.332  1926  1926 D RILJ    : [3707]> VOICE_REGISTRATION_STATE [SUB0]
02-20 19:28:46.332  1366  1709 V EmulatedCamera_BaseCamera: getCameraInfo
02-20 19:28:46.332  1366  2148 V EmulatedCamera_Camera: getCameraInfo
02-20 19:28:46.332  1366  2148 V EmulatedCamera_BaseCamera: getCameraInfo
02-20 19:28:46.332  1375  1471 D RIL     : onRequest: DATA_REGISTRATION_STATE
02-20 19:28:46.332  1375  1471 D RIL     : requestRegistrationState
02-20 19:28:46.332  1375  1471 D AT      : AT> AT+CGREG?
02-20 19:28:46.333  1926  1926 D RILJ    : [3708]> QUERY_NETWORK_SELECTION_MODE [SUB0]
02-20 19:28:46.333  1375  1473 D AT      : AT< +CGREG: 1,1,"0003","005b","000e"
02-20 19:28:46.333  1375  1473 D AT      : AT< OK
02-20 19:28:46.333  1375  1471 D RIL     : parseRegistrationState. Parsing: +CGREG: 1,1,"0003","005b","000e"
02-20 19:28:46.333  1375  1471 D RIL     : registration state type: 3GPP
02-20 19:28:46.333  1375  1471 D RIL     : onRequest: VOICE_REGISTRATION_STATE
02-20 19:28:46.333  1375  1471 D RIL     : requestRegistrationState
02-20 19:28:46.333  1375  1471 D AT      : AT> AT+CREG?
02-20 19:28:46.333  1926  1926 D UiccCardApplication: Error in querying facility lock:com.android.internal.telephony.CommandException: REQUEST_NOT_SUPPORTED
02-20 19:28:46.333  1926  1926 D RuimRecords: [RuimRecords] fetchRuimRecords 0
02-20 19:28:46.333  1926  1926 D RILJ    : [3709]> getIMSI: GET_IMSI aid: null [SUB0]
02-20 19:28:46.333  1375  1473 D AT      : AT< +CREG: 2,1, "0003", "005b"
02-20 19:28:46.333  1375  1473 D AT      : AT< OK
02-20 19:28:46.333  1926  1926 D RILJ    : [3710]> iccIO: SIM_IO 0xc0 0x2fe2  path: 3F00,0,0,15 aid: null [SUB0]
02-20 19:28:46.334  1375  1471 D RIL     : parseRegistrationState. Parsing: +CREG: 2,1, "0003", "005b"
02-20 19:28:46.334  1375  1471 D RIL     : registration state type: 3GPP
02-20 19:28:46.334  1375  1471 D RIL     : onRequest: QUERY_NETWORK_SELECTION_MODE
02-20 19:28:46.334  1375  1471 D AT      : AT> AT+COPS?
02-20 19:28:46.334  1375  1473 D AT      : AT< +COPS: 0,2,310260
02-20 19:28:46.334  1375  1473 D AT      : AT< OK
02-20 19:28:46.334  1375  1471 D RIL     : onRequest: GET_IMSI
02-20 19:28:46.334  1375  1471 D AT      : AT> AT+CIMI
02-20 19:28:46.334  1926  1926 D RILJ    : [3711]> iccIO: SIM_IO 0xc0 0x2f05  path: 3F00,0,0,15 aid: null [SUB0]
02-20 19:28:46.334  1375  1473 D AT      : AT< 310260000000000
02-20 19:28:46.334  1375  1473 D AT      : AT< OK
02-20 19:28:46.335  1375  1471 D RIL     : onRequest: SIM_IO
02-20 19:28:46.335  1375  1471 D AT      : AT> AT+CRSM=192,12258,0,0,15
02-20 19:28:46.335  1926  2018 D RilRequest: [3704]< SIM_IO error: com.android.internal.telephony.CommandException: GENERIC_FAILURE ret=
02-20 19:28:46.335  1926  2018 D RILJ    : [3705]< OPERATOR {Android, Android, 310260} [SUB0]
02-20 19:28:46.335  1926  2018 D RILJ    : [3706]< DATA_REGISTRATION_STATE {1, 3, 5b, 14, null, null} [SUB0]
02-20 19:28:46.335  1926  2018 D RILJ    : [3707]< VOICE_REGISTRATION_STATE {1, 3, 5b, 0, null, null, null, null, null, null, null, null, null, null, null} [SUB0]
02-20 19:28:46.335  1926  2018 D RILJ    : [3708]< QUERY_NETWORK_SELECTION_MODE {0} [SUB0]
02-20 19:28:46.335  1926  2018 D RILJ    : [3709]< GET_IMSI  [SUB0]
02-20 19:28:46.335  1375  1473 D AT      : AT< +CRSM: 144,0,0000000a2fe204000fa0aa01020000
02-20 19:28:46.335  1375  1473 D AT      : AT< OK
02-20 19:28:46.335  1926  1926 D RILJ    : [3712]> iccIO: SIM_IO 0xc0 0x6f3a  path: 3F007F25,0,0,15 aid: null [SUB0]
02-20 19:28:46.336  1375  1471 D RIL     : onRequest: SIM_IO
02-20 19:28:46.336  1375  1471 D AT      : AT> AT+CRSM=192,12037,0,0,15
02-20 19:28:46.336  1375  1473 D AT      : AT< ERROR: BAD COMMAND
02-20 19:28:46.336  1926  2018 D RILJ    : [3710]< SIM_IO IccIoResponse sw1:0x90 sw2:0x0 [SUB0]
02-20 19:28:46.336  1926  1926 D RILJ    : [3713]> iccIO: SIM_IO 0xc0 0x6f41  path: 3F007F25,0,0,15 aid: null [SUB0]
02-20 19:28:46.336  1375  1471 D RIL     : onRequest: SIM_IO
02-20 19:28:46.336  1375  1471 D AT      : AT> AT+CRSM=192,28474,0,0,15
02-20 19:28:46.336  1375  1473 D AT      : AT< ERROR: BAD COMMAND
02-20 19:28:46.336  1926  1926 D RILJ    : [3714]> iccIO: SIM_IO 0xc0 0x6f44  path: 3F007F25,0,0,15 aid: null [SUB0]
02-20 19:28:46.336  1926  2018 D RilRequest: [3711]< SIM_IO error: com.android.internal.telephony.CommandException: GENERIC_FAILURE ret=
02-20 19:28:46.336  1375  1471 D RIL     : onRequest: SIM_IO
02-20 19:28:46.336  1375  1471 D AT      : AT> AT+CRSM=192,28481,0,0,15
02-20 19:28:46.336  1926  1926 D RILJ    : [3715]> iccIO: SIM_IO 0xc0 0x6f22  path: 3F007F25,0,0,15 aid: null [SUB0]
02-20 19:28:46.336  1375  1473 D AT      : AT< ERROR: BAD COMMAND
02-20 19:28:46.336  1375  1471 D RIL     : onRequest: SIM_IO
02-20 19:28:46.336  1375  1471 D AT      : AT> AT+CRSM=192,28484,0,0,15
02-20 19:28:46.336  1375  1473 D AT      : AT< ERROR: BAD COMMAND
02-20 19:28:46.336  1926  1926 D RILJ    : [3716]> iccIO: SIM_IO 0xc0 0x6f28  path: 3F007F25,0,0,15 aid: null [SUB0]
02-20 19:28:46.336  1375  1471 D RIL     : onRequest: SIM_IO
02-20 19:28:46.336  1375  1471 D AT      : AT> AT+CRSM=192,28450,0,0,15
02-20 19:28:46.337  1375  1473 D AT      : AT< ERROR: BAD COMMAND
02-20 19:28:46.337  1926  1926 D RILJ    : [3717]> iccIO: SIM_IO 0xb0 0x6f5a  path: 3F007F25,0,0,4 aid: null [SUB0]
02-20 19:28:46.337  1375  1471 D RIL     : onRequest: SIM_IO
02-20 19:28:46.337  1375  1471 D AT      : AT> AT+CRSM=192,28456,0,0,15
02-20 19:28:46.337  1375  1473 D AT      : AT< ERROR: BAD COMMAND
02-20 19:28:46.337  1926  1926 D RILJ    : [3718]> iccIO: SIM_IO 0xc0 0x6f4d  path: 3F007F25,0,0,15 aid: null [SUB0]
02-20 19:28:46.337  1375  1471 D RIL     : onRequest: SIM_IO
02-20 19:28:46.337  1375  1471 D AT      : AT> AT+CRSM=176,28506,0,0,4
02-20 19:28:46.337  1375  1473 D AT      : AT< ERROR: BAD COMMAND
02-20 19:28:46.102     0     0 D ieee80211 phy0: hw scan complete
02-20 19:28:46.102     0     0 D ieee80211 phy0: hwsim hw_scan request
02-20 19:28:46.102     0     0 D ieee80211 phy0: hw scan 5180 MHz
02-20 19:28:46.337  1926  1926 D RuimRecords: [RuimRecords] fetchRuimRecords 10 requested: true
02-20 19:28:46.337  1926  1926 D RILJ    : [3719]> RIL_REQUEST_CDMA_SUBSCRIPTION [SUB0]
02-20 19:28:46.337  1375  1471 D RIL     : onRequest: SIM_IO
02-20 19:28:46.337  1375  1471 D AT      : AT> AT+CRSM=192,28493,0,0,15
02-20 19:28:46.337  1375  1473 D AT      : AT< ERROR: BAD COMMAND
02-20 19:28:46.337  1926  1926 D GsmSMSDispatcher: GsmSMSDispatcher: subId = -2 slotId = 0
02-20 19:28:46.337  1375  1471 D RIL     : onRequest: CDMA_SUBSCRIPTION
02-20 19:28:46.337  1375  1471 D RIL     : Request not supported. Tech: 1
02-20 19:28:46.337  1926  1926 E IccCardProxy: setExternalState: !override and newstate unchanged from READY
02-20 19:28:46.337  1926  1926 D CAT     : CatService: handleMessage[8]
02-20 19:28:46.337  1926  1926 D CAT     : CatService: MSG_ID_ICC_CHANGED
02-20 19:28:46.337  1926  1926 D CAT     : CatService: New Card State = CARDSTATE_PRESENT Old Card State = CARDSTATE_PRESENT
02-20 19:28:46.337  1926  1926 D UiccCardApplication: Error in querying facility lock:com.android.internal.telephony.CommandException: REQUEST_NOT_SUPPORTED
02-20 19:28:46.337  1926  1926 D UiccCardApplication: Error in querying facility lock:com.android.internal.telephony.CommandException: REQUEST_NOT_SUPPORTED
02-20 19:28:46.337  1926  2018 D RilRequest: [3712]< SIM_IO error: com.android.internal.telephony.CommandException: GENERIC_FAILURE ret=
02-20 19:28:46.337  1926  2018 D RilRequest: [3713]< SIM_IO error: com.android.internal.telephony.CommandException: GENERIC_FAILURE ret=
02-20 19:28:46.337  1926  2018 D RilRequest: [3714]< SIM_IO error: com.android.internal.telephony.CommandException: GENERIC_FAILURE ret=
02-20 19:28:46.337  1926  1926 E PhoneInterfaceManager: [PhoneIntfMgr] getIccId: No UICC
02-20 19:28:46.337  1926  2018 D RilRequest: [3715]< SIM_IO error: com.android.internal.telephony.CommandException: GENERIC_FAILURE ret=
02-20 19:28:46.338  1926  2018 D RilRequest: [3716]< SIM_IO error: com.android.internal.telephony.CommandException: GENERIC_FAILURE ret=
02-20 19:28:46.338  1926  2018 D RilRequest: [3717]< SIM_IO error: com.android.internal.telephony.CommandException: GENERIC_FAILURE ret=
02-20 19:28:46.338  1926  2018 D RilRequest: [3718]< SIM_IO error: com.android.internal.telephony.CommandException: GENERIC_FAILURE ret=
02-20 19:28:46.338  1926  2018 D RilRequest: [3719]< RIL_REQUEST_CDMA_SUBSCRIPTION error: com.android.internal.telephony.CommandException: REQUEST_NOT_SUPPORTED ret=
02-20 19:28:46.338  1926  2215 D SubscriptionController: [getActiveSubInfoList] Sub Controller not ready
02-20 19:28:46.340  1680  1963 I Telecom : PhoneAccountRegistrar: [ComponentInfo{com.android.phone/com.android.services.telephony.TelephonyConnectionService}, [e0184adedf913b076626646d3f52c3b49c39ad6d], UserHandle{0}(icon: Icon(typ=BITMAP size=76x96) -> Icon(typ=BITMAP size=76x96))]: TSI.rPA@AAc
02-20 19:28:46.341  1680  1963 I Telecom : : Sending phone-account registered intent as user: TSI.rPA@AAc
02-20 19:28:46.342  1926  1926 D SubscriptionInfoUpdater: [Receiver]+
02-20 19:28:46.342  1926  1926 D SubscriptionInfoUpdater: Action: android.intent.action.SIM_STATE_CHANGED
02-20 19:28:46.342  1926  1926 D SubscriptionInfoUpdater: slotId: 0
02-20 19:28:46.342  1926  1926 D SubscriptionInfoUpdater: simStatus: NOT_READY
02-20 19:28:46.342  1926  1926 D SubscriptionInfoUpdater: Ignoring simStatus: NOT_READY
02-20 19:28:46.342  1926  1926 D SubscriptionInfoUpdater: [Receiver]-
02-20 19:28:46.342  1926  1926 D SIMRecords: [SIMRecords] IMSI: mMncLength=-1
02-20 19:28:46.342  1926  1926 D SIMRecords: [SIMRecords] IMSI: 310260[D1jVpVFfGoqdF5qliFi2ey-KM4g]
02-20 19:28:46.342  1926  1926 D SIMRecords: [SIMRecords] onRecordLoaded 16 requested: true
02-20 19:28:46.343  1926  1926 D RILJ    : [3720]> iccIO: SIM_IO 0xb0 0x2fe2  path: 3F00,0,0,10 aid: null [SUB0]
02-20 19:28:46.343  1926  1926 D RILJ    : [3721]> iccIO: SIM_IO 0xb2 0x6f40  path: 3F007F10,1,4,32 aid: null [SUB0]
02-20 19:28:46.343  1375  1471 D RIL     : onRequest: SIM_IO
02-20 19:28:46.343  1375  1471 D AT      : AT> AT+CRSM=176,12258,0,0,10
02-20 19:28:46.343  1375  1473 D AT      : AT< +CRSM: 144,0,98101430121181157002
02-20 19:28:46.344  1375  1473 D AT      : AT< OK
02-20 19:28:46.344  1375  1471 D RIL     : onRequest: SIM_IO
02-20 19:28:46.344  1375  1471 D AT      : AT> AT+CRSM=178,28480,1,4,32
02-20 19:28:46.344  1926  2018 D RILJ    : [3720]< SIM_IO IccIoResponse sw1:0x90 sw2:0x0 [SUB0]
02-20 19:28:46.344  1926  1926 D RILJ    : [3722]> iccIO: SIM_IO 0xb2 0x6fc9  path: 3F007F20,1,4,4 aid: null [SUB0]
02-20 19:28:46.344  1375  1473 D AT      : AT< +CRSM: 144,0,ffffffffffffffffffffffffffffffffffff07815155255155f4ffffffffffff
02-20 19:28:46.344  1375  1473 D AT      : AT< OK
02-20 19:28:46.344  1375  1471 D RIL     : onRequest: SIM_IO
02-20 19:28:46.344  1375  1471 D AT      : AT> AT+CRSM=178,28617,1,4,4
02-20 19:28:46.344  1926  2018 D RILJ    : [3721]< SIM_IO IccIoResponse sw1:0x90 sw2:0x0 [SUB0]
02-20 19:28:46.344  1926  1926 D RILJ    : [3723]> iccIO: SIM_IO 0xb0 0x6fad  path: 3F007F20,0,0,4 aid: null [SUB0]
02-20 19:28:46.344  1926  1926 D RILJ    : [3724]> iccIO: SIM_IO 0xb2 0x6fca  path: 3F007F20,1,4,5 aid: null [SUB0]
02-20 19:28:46.344  1926  1926 D RILJ    : [3725]> iccIO: SIM_IO 0xb0 0x6f11  path: 3F007F20,0,0,1 aid: null [SUB0]
02-20 19:28:46.345  1926  1926 D RILJ    : [3726]> iccIO: SIM_IO 0xb0 0x6f13  path: 3F007F20,0,0,1 aid: null [SUB0]
02-20 19:28:46.345  1926  1926 D RILJ    : [3727]> iccIO: SIM_IO 0xb2 0x6fc5  path: 3F007F20,1,4,24 aid: null [SUB0]
02-20 19:28:46.345  1375  1473 D AT      : AT< +CRSM: 144,0,01000000
02-20 19:28:46.345  1375  1473 D AT      : AT< OK
02-20 19:28:46.346  1926  2018 D RILJ    : [3722]< SIM_IO IccIoResponse sw1:0x90 sw2:0x0 [SUB0]
02-20 19:28:46.346  1375  1471 D RIL     : onRequest: SIM_IO
02-20 19:28:46.347  1375  1471 D AT      : AT> AT+CRSM=176,28589,0,0,4
02-20 19:28:46.347  1926  1926 D RILJ    : [3728]> iccIO: SIM_IO 0xb0 0x6f38  path: 3F007F20,0,0,15 aid: null [SUB0]
02-20 19:28:46.348  1926  1926 D RILJ    : [3729]> iccIO: SIM_IO 0xb0 0x6f16  path: 3F007F20,0,0,2 aid: null [SUB0]
02-20 19:28:46.348  1375  1473 D AT      : AT< +CRSM: 144,0,00000003
02-20 19:28:46.354  1926  1926 D SubscriptionInfoUpdater: [Receiver]+
02-20 19:28:46.354  1926  1926 D SubscriptionInfoUpdater: Action: android.intent.action.SIM_STATE_CHANGED
02-20 19:28:46.354  1926  1926 D SubscriptionInfoUpdater: slotId: 0
02-20 19:28:46.354  1926  1926 D SubscriptionInfoUpdater: simStatus: READY
02-20 19:28:46.354  1926  1926 D SubscriptionInfoUpdater: Ignoring simStatus: READY
02-20 19:28:46.354  1926  1926 D SubscriptionInfoUpdater: [Receiver]-
02-20 19:28:46.354  1926  1926 E SST     : error parsing GprsRegistrationState: java.lang.NumberFormatException: null
02-20 19:28:46.354  1926  1926 D SST     : handlPollStateResultMessage: GsmSST setDataRegState=0 regState=1 dataRadioTechnology=14
02-20 19:28:46.354  1926  1926 D SST     : EVENT_POLL_STATE_NETWORK_SELECTION_MODE
02-20 19:28:46.357  1926  1926 D SST     : Poll ServiceState done:  oldSS=[0 0 voice home data home Android Android 310260 Android Android 310260  Unknown LTE CSS not supported -1 -1 RoamInd=-1 DefRoamInd=-1 EmergOnly=false IsDataRoamingFromRegistration=false IsUsingCarrierAggregation=false] newSS=[0 0 voice home data home Android Android 310260 Android Android 310260  Unknown LTE CSS not supported -1 -1 RoamInd=-1 DefRoamInd=-1 EmergOnly=false IsDataRoamingFromRegistration=false IsUsingCarrierAggregation=false] oldMaxDataCalls=1 mNewMaxDataCalls=1 oldReasonDataDenied=-1 mNewReasonDataDenied=-1
02-20 19:28:46.357  1926  1926 D RuimRecords: [RuimRecords] NO update mccmnc=310260
02-20 19:28:46.357  1926  1926 D RuimRecords: [RuimRecords] onRecordLoaded 9 requested: true
02-20 19:28:46.357  1926  1926 D RILJ    : [3730]> iccIO: SIM_IO 0xb0 0x2fe2  path: 3F00,0,0,10 aid: null [SUB0]
02-20 19:28:46.358  1926  1926 D RILJ    : [3731]> RIL_REQUEST_SIM_CLOSE_CHANNEL [SUB0]
02-20 19:28:46.358  1375  1473 D AT      : AT< OK
02-20 19:28:46.358  1375  1471 D RIL     : onRequest: SIM_IO
02-20 19:28:46.358  1375  1471 D AT      : AT> AT+CRSM=178,28618,1,4,5
02-20 19:28:46.359  1926  2018 D RILJ    : [3723]< SIM_IO IccIoResponse sw1:0x90 sw2:0x0 [SUB0]
02-20 19:28:46.359  1375  1473 D AT      : AT< +CRSM: 144,0,0000000000
02-20 19:28:46.359  1375  1473 D AT      : AT< OK
02-20 19:28:46.359  1375  1471 D RIL     : onRequest: SIM_IO
02-20 19:28:46.359  1926  1926 D IccCardProxy: broadcastIccStateChangedIntent intent ACTION_SIM_STATE_CHANGED value=IMSI reason=null for mPhoneId=0
02-20 19:28:46.359  1375  1471 D AT      : AT> AT+CRSM=176,28433,0,0,1
02-20 19:28:46.359  1375  1473 D AT      : AT< +CRSM: 144,0,55
02-20 19:28:46.220     0     0 D ieee80211 phy0: hw scan 5200 MHz
02-20 19:28:46.359  1375  1473 D AT      : AT< OK
02-20 19:28:46.359  1926  2018 D RILJ    : [3724]< SIM_IO IccIoResponse sw1:0x90 sw2:0x0 [SUB0]
02-20 19:28:46.359  1375  1471 D RIL     : onRequest: SIM_IO
02-20 19:28:46.359  1375  1471 D AT      : AT> AT+CRSM=176,28435,0,0,1
02-20 19:28:46.359  1926  2018 D RILJ    : [3725]< SIM_IO IccIoResponse sw1:0x90 sw2:0x0 [SUB0]
02-20 19:28:46.359  1375  1473 D AT      : AT< +CRSM: 144,0,55
02-20 19:28:46.359  1375  1473 D AT      : AT< OK
02-20 19:28:46.359  1375  1471 D RIL     : onRequest: SIM_IO
02-20 19:28:46.359  1375  1471 D AT      : AT> AT+CRSM=178,28613,1,4,24
02-20 19:28:46.359  1375  1473 D AT      : AT< +CRSM: 144,0,43058441aa890affffffffffffffffffffffffffffffffff
02-20 19:28:46.359  1375  1473 D AT      : AT< OK
02-20 19:28:46.359  1926  2018 D RILJ    : [3726]< SIM_IO IccIoResponse sw1:0x90 sw2:0x0 [SUB0]
02-20 19:28:46.359  1375  1471 D RIL     : onRequest: SIM_IO
02-20 19:28:46.359  1375  1471 D AT      : AT> AT+CRSM=176,28472,0,0,15
02-20 19:28:46.359  1926  2018 D RILJ    : [3727]< SIM_IO IccIoResponse sw1:0x90 sw2:0x0 [SUB0]
02-20 19:28:46.359  1375  1473 D AT      : AT< +CRSM: 144,0,ff30ffff3c003c03000c0000f03f00
02-20 19:28:46.359  1375  1473 D AT      : AT< OK
02-20 19:28:46.360  1926  1926 D SIMRecords: [SIMRecords] onRecordLoaded 15 requested: true
02-20 19:28:46.360  1375  1471 D RIL     : onRequest: SIM_IO
02-20 19:28:46.360  1375  1471 D AT      : AT> AT+CRSM=176,28438,0,0,2
02-20 19:28:46.360  1375  1473 D AT      : AT< +CRSM: 144,0,0233
02-20 19:28:46.360  1375  1473 D AT      : AT< OK
02-20 19:28:46.360  1926  1926 D RILJ    : [3732]> iccIO: SIM_IO 0xc0 0x6f14  path: 3F007F20,0,0,15 aid: null [SUB0]
02-20 19:28:46.360  1375  1471 D RIL     : onRequest: SIM_IO
02-20 19:28:46.360  1375  1471 D AT      : AT> AT+CRSM=176,12258,0,0,10
02-20 19:28:46.360  1926  2018 D RILJ    : [3728]< SIM_IO IccIoResponse sw1:0x90 sw2:0x0 [SUB0]
02-20 19:28:46.360  1375  1473 D AT      : AT< +CRSM: 144,0,98101430121181157002
02-20 19:28:46.360  1926  1926 D SIMRecords: [SIMRecords] onRecordLoaded 15 requested: true
02-20 19:28:46.360  1926  1926 D SIMRecords: [SIMRecords] onRecordLoaded 14 requested: true
02-20 19:28:46.361  1926  1926 E SIMRecords: [SIMRecords] Exception in fetching EF_CSP data com.android.internal.telephony.CommandException: GENERIC_FAILURE
02-20 19:28:46.361  1926  1926 D SIMRecords: [SIMRecords] onRecordLoaded 13 requested: true
02-20 19:28:46.361  1926  1926 E SIMRecords: [SIMRecords] Exception in get GID1 com.android.internal.telephony.CommandException: GENERIC_FAILURE
02-20 19:28:46.361  1926  1926 D SIMRecords: [SIMRecords] onRecordLoaded 12 requested: true
02-20 19:28:46.361  1926  1926 E SIMRecords: [SIMRecords] Exception in get GID2 com.android.internal.telephony.CommandException: GENERIC_FAILURE
02-20 19:28:46.361  1926  1926 D SIMRecords: [SIMRecords] onRecordLoaded 11 requested: true
02-20 19:28:46.361  1926  1926 D RuimRecords: [RuimRecords] EF_PL LOADED
02-20 19:28:46.361  1926  1926 E RuimRecords: [RuimRecords] Record Load Exception: com.android.internal.telephony.CommandException: GENERIC_FAILURE
02-20 19:28:46.361  1926  1926 D RuimRecords: [RuimRecords] onRecordLoaded 8 requested: true
02-20 19:28:46.361  1926  2018 D RILJ    : [3729]< SIM_IO IccIoResponse sw1:0x90 sw2:0x0 [SUB0]
02-20 19:28:46.362  1375  1473 D AT      : AT< OK
02-20 19:28:46.362  1375  1471 D RIL     : onRequest: SIM_CLOSE_CHANNEL
02-20 19:28:46.362  1375  1471 D AT      : AT> AT+CCHC=1
02-20 19:28:46.362  1926  2018 D RILJ    : [3730]< SIM_IO IccIoResponse sw1:0x90 sw2:0x0 [SUB0]
02-20 19:28:46.362  1926  1926 D RuimRecords: [RuimRecords] EF_CSIM_LI LOADED
02-20 19:28:46.362  1926  1926 E RuimRecords: [RuimRecords] Record Load Exception: com.android.internal.telephony.CommandException: GENERIC_FAILURE
02-20 19:28:46.362  1926  1926 D RuimRecords: [RuimRecords] onRecordLoaded 7 requested: true
02-20 19:28:46.362  1926  1926 D RuimRecords: [RuimRecords] EF_CSIM_SPN LOADED
02-20 19:28:46.362  1926  1926 E RuimRecords: [RuimRecords] Record Load Exception: com.android.internal.telephony.CommandException: GENERIC_FAILURE
02-20 19:28:46.362  1926  1926 D RuimRecords: [RuimRecords] onRecordLoaded 6 requested: true
02-20 19:28:46.362  1926  1926 D RuimRecords: [RuimRecords] EF_CSIM_MDN LOADED
02-20 19:28:46.362  1926  1926 E RuimRecords: [RuimRecords] Record Load Exception: com.android.internal.telephony.CommandException: GENERIC_FAILURE
02-20 19:28:46.362  1926  1926 D RuimRecords: [RuimRecords] onRecordLoaded 5 requested: true
02-20 19:28:46.354     0     0 D ieee80211 phy0: hw scan 5220 MHz
02-20 19:28:46.471     0     0 D ieee80211 phy0: hw scan 5240 MHz
02-20 19:28:46.591     0     0 D ieee80211 phy0: hw scan 5745 MHz
02-20 19:28:46.711     0     0 D ieee80211 phy0: hw scan 5765 MHz
02-20 19:28:46.362  1926  1926 D RuimRecords: [RuimRecords] EF_CSIM_IMSIM LOADED
02-20 19:28:46.362  1926  1926 E RuimRecords: [RuimRecords] Record Load Exception: com.android.internal.telephony.CommandException: GENERIC_FAILURE
02-20 19:28:46.362  1926  1926 D RuimRecords: [RuimRecords] onRecordLoaded 4 requested: true
02-20 19:28:46.362  1926  1926 D RuimRecords: [RuimRecords] EF_CSIM_CDMAHOME LOADED
02-20 19:28:46.362  1926  1926 E RuimRecords: [RuimRecords] Record Load Exception: com.android.internal.telephony.CommandException: GENERIC_FAILURE
02-20 19:28:46.362  1926  1926 D RuimRecords: [RuimRecords] onRecordLoaded 3 requested: true
02-20 19:28:46.362  1926  1926 D RuimRecords: [RuimRecords] EF_CSIM_EPRL LOADED
02-20 19:28:46.362  1926  1926 E RuimRecords: [RuimRecords] Record Load Exception: com.android.internal.telephony.CommandException: GENERIC_FAILURE
02-20 19:28:46.362  1926  1926 D RuimRecords: [RuimRecords] onRecordLoaded 2 requested: true
02-20 19:28:46.362  1926  1926 D RuimRecords: [RuimRecords] EF_CSIM_MIPUPP LOADED
02-20 19:28:46.362  1926  1926 E RuimRecords: [RuimRecords] Record Load Exception: com.android.internal.telephony.CommandException: GENERIC_FAILURE
02-20 19:28:46.362  1926  1926 D RuimRecords: [RuimRecords] onRecordLoaded 1 requested: true
02-20 19:28:46.362  1926  1926 D SubscriptionInfoUpdater: [Receiver]+
02-20 19:28:46.362  1926  1926 D SubscriptionInfoUpdater: Action: android.intent.action.SIM_STATE_CHANGED
02-20 19:28:46.362  1926  1926 D SubscriptionInfoUpdater: slotId: 0
02-20 19:28:46.362  1926  1926 D SubscriptionInfoUpdater: simStatus: IMSI
02-20 19:28:46.362  1926  1926 D SubscriptionInfoUpdater: Ignoring simStatus: IMSI
02-20 19:28:46.362  1926  1926 D SubscriptionInfoUpdater: [Receiver]-
02-20 19:28:46.362  1926  1926 D SIMRecords: [SIMRecords] iccid: 89014103211118510720
02-20 19:28:46.362  1926  1926 D SIMRecords: [SIMRecords] onRecordLoaded 10 requested: true
02-20 19:28:46.366  1926  1926 D SIMRecords: [SIMRecords] EF_MBI: 01000000
02-20 19:28:46.366  1926  1926 D SIMRecords: [SIMRecords] Got valid mailbox number for MBDN
02-20 19:28:46.366  1926  1926 D RILJ    : [3733]> iccIO: SIM_IO 0xc0 0x6fc7  path: 3F007F20,0,0,15 aid: null [SUB0]
02-20 19:28:46.366  2193  2193 V Launcher: LauncherAppState inited
02-20 19:28:46.366  1926  1926 D SIMRecords: [SIMRecords] onRecordLoaded 10 requested: true
02-20 19:28:46.366  1926  1926 D SIMRecords: [SIMRecords] EF_AD: 00000003
02-20 19:28:46.366  1926  1926 D SIMRecords: [SIMRecords] setting4 mMncLength=3
02-20 19:28:46.366  1926  1926 D SIMRecords: [SIMRecords] update mccmnc=310260
02-20 19:28:46.366  1926  1926 D MccTable: updateMccMncConfiguration mccmnc='310260' fromServiceState=false
02-20 19:28:46.367  1926  1926 D SubscriptionController: [getPhoneId]- no sims, returning default phoneId=2147483647
02-20 19:28:46.367  1926  1926 D MccTable: updateMccMncConfiguration defaultMccMnc=
02-20 19:28:46.367  1926  1926 D MccTable: updateMccMncConfiguration: mcc=310, mnc=260
02-20 19:28:46.367  1926  1926 D MccTable: updateMccMncConfiguration updateConfig config={1.0 310mcc260mnc ?localeList ?layoutDir ?swdp ?wdp ?hdp ?density ?lsize ?long ?orien ?uimode ?night ?touch ?keyb/?/? ?nav/?}
02-20 19:28:46.367  1680  1963 I configuration_changed: 3
02-20 19:28:46.367  1680  1963 I ActivityManager: Config changes=3 {1.0 310mcc260mnc [en_US] ldltr sw360dp w360dp h668dp 640dpi nrml long port finger -keyb/v/h -nav/h s.5}
02-20 19:28:46.372  1375  1473 D AT      : AT< +CCHC
02-20 19:28:46.372  1375  1473 D AT      : AT< OK
02-20 19:28:46.372  1926  2018 D RILJ    : [3731]< RIL_REQUEST_SIM_CLOSE_CHANNEL  [SUB0]
02-20 19:28:46.375  1375  1471 D RIL     : onRequest: SIM_IO
02-20 19:28:46.375  1375  1471 D AT      : AT> AT+CRSM=192,28436,0,0,15
02-20 19:28:46.379  1312  2031 D gralloc_ranchu: gralloc_alloc: Creating ashmem region of size 17051648
02-20 19:28:46.379  1375  1473 D AT      : AT< +CRSM: 144,0,000000146f1404001aa0aa01020000
02-20 19:28:46.379  1375  1473 D AT      : AT< OK
02-20 19:28:46.381  1926  2018 D RILJ    : [3732]< SIM_IO IccIoResponse sw1:0x90 sw2:0x0 [SUB0]
02-20 19:28:46.383  1375  1471 D RIL     : onRequest: SIM_IO
02-20 19:28:46.383  1375  1471 D AT      : AT> AT+CRSM=192,28615,0,0,15
02-20 19:28:46.383  1375  1473 D AT      : AT< +CRSM: 144,0,000000406fc7040011a0aa01020120
02-20 19:28:46.383  1375  1473 D AT      : AT< OK
02-20 19:28:46.384  1926  2018 D RILJ    : [3733]< SIM_IO IccIoResponse sw1:0x90 sw2:0x0 [SUB0]
02-20 19:28:46.389  1926  1948 D SubscriptionController: [getActiveSubInfoList] Sub Controller not ready
02-20 19:28:46.403  1680  1963 I am_relaunch_resume_activity: [0,199582268,23,com.google.android.apps.nexuslauncher/.NexusLauncherActivity]
02-20 19:28:46.413  1926  1926 D SIMRecords: [SIMRecords] onRecordLoaded 9 requested: true
02-20 19:28:46.413  1926  1926 D SIMRecords: [SIMRecords] EF_MWIS : 0000000000
02-20 19:28:46.413  1926  1926 D SIMRecords: [SIMRecords] onRecordLoaded 8 requested: true
02-20 19:28:46.413  1926  1926 D SIMRecords: [SIMRecords] EF_CPHS_MWI: 55
02-20 19:28:46.413  1926  1926 D SIMRecords: [SIMRecords] onRecordLoaded 7 requested: true
02-20 19:28:46.413  1926  1926 D SIMRecords: [SIMRecords] EF_CFF_CPHS: 55
02-20 19:28:46.413  1926  1926 D SIMRecords: [SIMRecords] onRecordLoaded 6 requested: true
02-20 19:28:46.413  1926  1926 D SIMRecords: [SIMRecords] onRecordLoaded 5 requested: true
02-20 19:28:46.413  1926  1926 D SIMRecords: [SIMRecords] MSISDN: [t-WgLegCyIMgfHgPkOdM6pkZbpA]
02-20 19:28:46.413  1926  1926 D SIMRecords: [SIMRecords] onRecordLoaded 4 requested: true
02-20 19:28:46.413  1926  1926 D SIMRecords: [SIMRecords] SST: UsimServiceTable[120]={ PHONEBOOK, FDN, FDN_EXTENSION, SDN, SDN_EXTENSION, BDN, BDN_EXTENSION, OUTGOING_CALL_INFO, ADVICE_OF_CHARGE, CAP_CONFIG_PARAMS_2, GROUP_ID_LEVEL_1, GROUP_ID_LEVEL_2, SPN, USER_PLMN_SELECT, MSISDN, IMAGE, LOCALISED_SERVICE_AREAS, EMLPP, EMLPP_AUTO_ANSWER, RFU, GSM_ACCESS, DATA_DL_VIA_SMS_PP, DATA_DL_VIA_SMS_CB, CALL_CONTROL_BY_USIM, MO_SMS_CONTROL_BY_USIM, RUN_AT_COMMAND, APN_CONTROL_LIST, DEPERSONALISATION_CONTROL_KEYS, COOPERATIVE_NETWORK_LIST, GSM_SECURITY_CONTEXT, SERVICE_PROVIDER_DISPLAY_INFO, MMS_NOTIFICATION, MMS_NOTIFICATION_EXTENSION, GPRS_CALL_CONTROL_BY_USIM, VGCS_GROUP_ID_LIST, VBS_GROUP_ID_LIST, OMA_BCAST_PROFILE, GBA_LOCAL_KEY_ESTABLISHMENT, #101, #102, #103, #104, #105, #106, #107, #108, #109, #110 }
02-20 19:28:46.413  1926  1926 D SIMRecords: [SIMRecords] onRecordLoaded 3 requested: true
02-20 19:28:46.413  1926  1926 D SIMRecords: [SIMRecords] iCPHS: 0233
02-20 19:28:46.413  1926  1926 D SIMRecords: [SIMRecords] onRecordLoaded 2 requested: true
02-20 19:28:46.416  1926  2222 D DCT     : [0]hasMatchedTetherApnSetting: APN=null
02-20 19:28:46.422  1926  1926 D RILJ    : [3734]> iccIO: SIM_IO 0xb0 0x6f14  path: 3F007F20,0,0,20 aid: null [SUB0]
02-20 19:28:46.423  1375  1471 D RIL     : onRequest: SIM_IO
02-20 19:28:46.423  1375  1471 D AT      : AT> AT+CRSM=176,28436,0,0,20
02-20 19:28:46.423  1926  1926 D RILJ    : [3735]> iccIO: SIM_IO 0xb2 0x6fc7  path: 3F007F20,1,4,32 aid: null [SUB0]
02-20 19:28:46.423  1926  1926 D RuimRecords: [RuimRecords] iccid: 89014103211118510720
02-20 19:28:46.423  1926  1926 D RuimRecords: [RuimRecords] onRecordLoaded 0 requested: true
02-20 19:28:46.423  1926  1926 D RuimRecords: [RuimRecords] record load complete
02-20 19:28:46.426  1375  1473 D AT      : AT< +CRSM: 144,0,416e64726f6964ffffffffffffffffffffffffff
02-20 19:28:46.426  1375  1473 D AT      : AT< OK
02-20 19:28:46.426  1375  1471 D RIL     : onRequest: SIM_IO
02-20 19:28:46.426  1375  1471 D AT      : AT> AT+CRSM=178,28615,1,4,32
02-20 19:28:46.426  1926  2018 D RILJ    : [3734]< SIM_IO IccIoResponse sw1:0x90 sw2:0x0 [SUB0]
02-20 19:28:46.427  1926  1926 D SIMRecords: [SIMRecords] getServiceProviderName: no brandOverride, providerName=Android
02-20 19:28:46.427  1926  1926 D SIMRecords: [SIMRecords] Load EF_SPN_CPHS: Android
02-20 19:28:46.427  1926  1926 D TelephonyManager: setTelephonyProperty: success phoneId=0 property=gsm.sim.operator.alpha value: Android propVal=Android
02-20 19:28:46.429  1926  1926 D SIMRecords: [SIMRecords] onRecordLoaded 1 requested: true
02-20 19:28:46.430  1375  1473 D AT      : AT< +CRSM: 144,0,566f6963656d61696cffffffffffffffffff07915155125740f9ffffffffffff
02-20 19:28:46.430  1375  1473 D AT      : AT< OK
02-20 19:28:46.431  1926  2018 D RILJ    : [3735]< SIM_IO IccIoResponse sw1:0x90 sw2:0x0 [SUB0]
02-20 19:28:46.433  1926  1926 D SIMRecords: [SIMRecords] VM: ADN Record 'Voicemail' '[-MWU1cAlDrkXUZ8dpHi_wU_YOpU] null' EF[MBDN]
02-20 19:28:46.433  1926  1926 D SIMRecords: [SIMRecords] onRecordLoaded 0 requested: true
02-20 19:28:46.433  1926  1926 D SIMRecords: [SIMRecords] record load complete
02-20 19:28:46.433  1926  1926 D SIMRecords: [SIMRecords] Not using EF LI/EF PL
02-20 19:28:46.433  1926  1926 D SIMRecords: [SIMRecords] EF_CFF: callForwardingEnabled=0
02-20 19:28:46.433  1926  1926 D SIMRecords: [SIMRecords] onAllRecordsLoaded set 'gsm.sim.operator.numeric' to operator='310260'
02-20 19:28:46.433  1926  1926 D SIMRecords: [SIMRecords] update icc_operator_numeric=310260
02-20 19:28:46.433  1926  1926 D TelephonyManager: setTelephonyProperty: success phoneId=0 property=gsm.sim.operator.numeric value: 310260 propVal=310260
02-20 19:28:46.433  1926  1926 D SubscriptionController: [setMccMnc]+ mcc/mnc:310/260 subId:-1
02-20 19:28:46.435  1680  1970 I am_proc_start: [0,2250,10014,com.google.process.gapps,content provider,com.google.android.gsf/.gservices.GservicesProvider]
02-20 19:28:46.435  1680  1970 I ActivityManager: Start proc 2250:com.google.process.gapps/u0a14 for content provider com.google.android.gsf/.gservices.GservicesProvider
02-20 19:28:46.449  1926  1926 D SubscriptionController: notifySubscriptionInfoChanged:
02-20 19:28:46.449  1926  1926 D SIMRecords: [SIMRecords] onAllRecordsLoaded set mcc imsi
02-20 19:28:46.450  1926  1926 D TelephonyManager: setTelephonyProperty: success phoneId=0 property=gsm.sim.operator.iso-country value: us propVal=us
02-20 19:28:46.451  1926  1926 D SST     : SubscriptionListener.onSubscriptionInfoChanged
02-20 19:28:46.451  1926  1926 D SIMRecords: [SIMRecords]  VoiceMessageCount from SIM MWIS = 0
02-20 19:28:46.451  1926  1926 E Phone   : getStoredVoiceMessageCount: invalid subId -2
02-20 19:28:46.451  1926  1926 D GsmCdmaPhone: [GsmCdmaPhone] updateVoiceMail countVoiceMessages = 0 subId -2
02-20 19:28:46.451  1926  1926 E Phone   : setVoiceMessageCount in sharedPreference: invalid subId -2
02-20 19:28:46.452  1926  1926 D DCT     : [0]SubscriptionListener.onSubscriptionInfoChanged
02-20 19:28:46.452  1926  1926 D SubscriptionController: [getActiveSubInfoList] Sub Controller not ready
02-20 19:28:46.452  1926  1926 D SubscriptionController: [getActiveSubInfoList] Sub Controller not ready
02-20 19:28:46.453  1926  1926 I Telephony: PstnIncomingCallNotifier: Unregistering: Handler (com.android.internal.telephony.GsmCdmaPhone) {53f4d13}
02-20 19:28:46.453  1926  1926 E PhoneInterfaceManager: [PhoneIntfMgr] getIccId: No UICC
02-20 19:28:46.455  2250  2250 W art     : Unexpected CPU variant for X86 using defaults: x86_64
02-20 19:28:46.505  1926  1939 D SubscriptionController: [getActiveSubInfoList] Sub Controller not ready
02-20 19:28:46.505  1680  1680 I GnssLocationProvider: WakeLock acquired by sendMessage(12, 0, null)
02-20 19:28:46.506  1680  1692 I Telecom : PhoneAccountRegistrar: [ComponentInfo{com.android.phone/com.android.services.telephony.TelephonyConnectionService}, [e0184adedf913b076626646d3f52c3b49c39ad6d], UserHandle{0}(addr: tel:*********** -> tel:)(icon: Icon(typ=BITMAP size=76x96) -> Icon(typ=BITMAP size=76x96))(subAddr: tel:*********** -> tel:)]: TSI.rPA@AAg
02-20 19:28:46.522  1926  2215 D SubscriptionController: [getActiveSubInfoList] Sub Controller not ready
02-20 19:28:46.526  1926  1948 D SubscriptionController: [getActiveSubInfoList] Sub Controller not ready
02-20 19:28:46.528  1926  2222 D SubscriptionController: [getActiveSubInfoList] Sub Controller not ready
02-20 19:28:46.529  1926  1939 D SubscriptionController: [getActiveSubInfoList] Sub Controller not ready
02-20 19:28:46.541  1680  1691 I am_proc_bound: [0,2250,com.google.process.gapps]
02-20 19:28:46.542  1680  1692 I Telecom : : Sending phone-account registered intent as user: TSI.rPA@AAg
02-20 19:28:46.543  1926  1926 I Telephony: AccountEntry: Registered phoneAccount: [[ ] PhoneAccount: ComponentInfo{com.android.phone/com.android.services.telephony.TelephonyConnectionService}, [e0184adedf913b076626646d3f52c3b49c39ad6d], UserHandle{0} Capabilities: CallProvider MultiUser PlaceEmerg SimSub  Schemes: tel voicemail  Extras: null GroupId: [da39a3ee5e6b4b0d3255bfef95601890afd80709]] with handle: ComponentInfo{com.android.phone/com.android.services.telephony.TelephonyConnectionService}, [e0184adedf913b076626646d3f52c3b49c39ad6d], UserHandle{0}
02-20 19:28:46.543  1926  1926 I Telephony: PstnIncomingCallNotifier: Registering: Handler (com.android.internal.telephony.GsmCdmaPhone) {53f4d13}
02-20 19:28:46.545  1926  1926 D CAT     : CatService: handleMessage[20]
02-20 19:28:46.545  1926  1926 D GsmCdmaPhone: [GsmCdmaPhone] updateCurrentCarrierInProvider: mSubId = -2 currentDds = 1 operatorNumeric = 310260
02-20 19:28:46.545  1926  1926 D IccCardProxy: operator=310260 mPhoneId=0
02-20 19:28:46.545  1926  1926 D TelephonyManager: setTelephonyProperty: success phoneId=0 property=gsm.sim.operator.numeric value: 310260 propVal=310260
02-20 19:28:46.546  1926  1926 D TelephonyManager: setTelephonyProperty: success phoneId=0 property=gsm.sim.operator.iso-country value: us propVal=us
02-20 19:28:46.546  1926  1926 D IccCardProxy: Sending intent ACTION_INTERNAL_SIM_STATE_CHANGED for mPhoneId : 0
02-20 19:28:46.547  1926  1926 D SST     : EVENT_SIM_RECORDS_LOADED: what=16
02-20 19:28:46.547  1926  1926 D GsmCdmaPhone: [GsmCdmaPhone] updatePhoneObject: radioTechnology=0
02-20 19:28:46.547  1926  1926 D SST     : getOtasp: otasp not needed for GSM
02-20 19:28:46.547  1926  1926 D SST     : updateOtaspState: call notifyOtaspChanged old otaspMode=0 new otaspMode=3
02-20 19:28:46.547  1926  1926 D SIMRecords: [SIMRecords] getServiceProviderName: no brandOverride, providerName=Android
02-20 19:28:46.547  1926  1926 D SIMRecords: [SIMRecords] getServiceProviderName: no brandOverride, providerName=Android
02-20 19:28:46.547  1926  1926 D SST     : updateSpnDisplay: changed sending intent rule=1 showPlmn='false' plmn='Android' showSpn='true' spn='Android' dataSpn='Android' subId='-2'
02-20 19:28:46.548  1926  1926 D SubscriptionController: [setPlmnSpn] No valid subscription to store info
02-20 19:28:46.548  1926  1926 D SubscriptionController: notifySubscriptionInfoChanged:
02-20 19:28:46.549  1680  1680 I GnssLocationProvider: WakeLock acquired by sendMessage(12, 0, null)
02-20 19:28:46.549  1926  1948 D SubscriptionController: [getActiveSubInfoList] Sub Controller not ready
02-20 19:28:46.550  1926  1926 E PhoneInterfaceManager: [PhoneIntfMgr] getIccId: No UICC
02-20 19:28:46.553  1680  1691 I Telecom : PhoneAccountRegistrar: [ComponentInfo{com.android.phone/com.android.services.telephony.TelephonyConnectionService}, [e0184adedf913b076626646d3f52c3b49c39ad6d], UserHandle{0}(icon: Icon(typ=BITMAP size=76x96) -> Icon(typ=BITMAP size=76x96))]: TSI.rPA@AAw
02-20 19:28:46.554  1680  1691 I Telecom : : Sending phone-account registered intent as user: TSI.rPA@AAw
02-20 19:28:46.555  1926  1926 D SubscriptionInfoUpdater: [Receiver]+
02-20 19:28:46.555  1926  1926 D SubscriptionInfoUpdater: Action: android.intent.action.internal_sim_state_changed
02-20 19:28:46.555  1926  1926 D SubscriptionInfoUpdater: slotId: 0
02-20 19:28:46.555  1926  1926 D SubscriptionInfoUpdater: simStatus: LOADED
02-20 19:28:46.555  1926  1926 D SubscriptionInfoUpdater: [Receiver]-
02-20 19:28:46.555  1926  1926 D GsmCdmaPhone: [GsmCdmaPhone] phoneObjectUpdater: newVoiceRadioTech=0
02-20 19:28:46.556  1926  1926 D GsmCdmaPhone: [GsmCdmaPhone] phoneObjectUpdater: volteReplacementRat=0
02-20 19:28:46.556  1926  1926 E GsmCdmaPhone: [GsmCdmaPhone] phoneObjectUpdater: newVoiceRadioTech=0 doesn't match either CDMA or GSM - error! No phone change
02-20 19:28:46.556  1926  1926 D SST     : SubscriptionListener.onSubscriptionInfoChanged
02-20 19:28:46.556  1926  1926 D DCT     : [0]SubscriptionListener.onSubscriptionInfoChanged
02-20 19:28:46.556  1926  1926 D SubscriptionController: [getActiveSubInfoList] Sub Controller not ready
02-20 19:28:46.557  1926  1926 D SubscriptionController: [getActiveSubInfoList] Sub Controller not ready
02-20 19:28:46.557  1926  1926 I Telephony: PstnIncomingCallNotifier: Unregistering: Handler (com.android.internal.telephony.GsmCdmaPhone) {53f4d13}
02-20 19:28:46.557  1926  1926 E PhoneInterfaceManager: [PhoneIntfMgr] getIccId: No UICC
02-20 19:28:46.561  1680  1692 I Telecom : PhoneAccountRegistrar: [ComponentInfo{com.android.phone/com.android.services.telephony.TelephonyConnectionService}, [e0184adedf913b076626646d3f52c3b49c39ad6d], UserHandle{0}(icon: Icon(typ=BITMAP size=76x96) -> Icon(typ=BITMAP size=76x96))]: TSI.rPA@AA0
02-20 19:28:46.563  1680  1692 I Telecom : : Sending phone-account registered intent as user: TSI.rPA@AA0
02-20 19:28:46.566  1926  1926 I Telephony: AccountEntry: Registered phoneAccount: [[ ] PhoneAccount: ComponentInfo{com.android.phone/com.android.services.telephony.TelephonyConnectionService}, [e0184adedf913b076626646d3f52c3b49c39ad6d], UserHandle{0} Capabilities: CallProvider MultiUser PlaceEmerg SimSub  Schemes: tel voicemail  Extras: null GroupId: [da39a3ee5e6b4b0d3255bfef95601890afd80709]] with handle: ComponentInfo{com.android.phone/com.android.services.telephony.TelephonyConnectionService}, [e0184adedf913b076626646d3f52c3b49c39ad6d], UserHandle{0}
02-20 19:28:46.566  1926  1926 I Telephony: PstnIncomingCallNotifier: Registering: Handler (com.android.internal.telephony.GsmCdmaPhone) {53f4d13}
02-20 19:28:46.568  1926  1926 D SubscriptionInfoUpdater: handleSimStateLoadedInternal: slotId: 0
02-20 19:28:46.568  1926  1926 D SubscriptionInfoUpdater: All IccIds query complete
02-20 19:28:46.568  1926  1926 D SubscriptionInfoUpdater: updateSubscriptionInfoByIccId:+ Start
02-20 19:28:46.568  1926  1926 D SubscriptionController: [clearSubInfo]- no simInfo size=0
02-20 19:28:46.568  1926  1926 D SubscriptionInfoUpdater: insertedSimCount = 1
02-20 19:28:46.568  1926  1926 D SubscriptionController: [getSubInfoUsingSlotIdWithCheck]+ slotId:0
02-20 19:28:46.569  2250  2250 I art     : Starting a blocking GC AddRemoveAppImageSpace
02-20 19:28:46.570  2250  2250 W System  : ClassLoader referenced unknown path: /system/priv-app/GoogleServicesFramework/lib/x86_64
02-20 19:28:46.574  1926  1926 D SubscriptionController: [getPhoneId]- no sims, returning default phoneId=2147483647
02-20 19:28:46.574  1926  1926 D SubscriptionController: [getPhoneId]- no sims, returning default phoneId=2147483647
02-20 19:28:46.574  1926  1926 D SubscriptionController: [getPhoneId]- no sims, returning default phoneId=2147483647
02-20 19:28:46.575  1926  1926 D SubscriptionController: [getSubInfoUsingSlotId]- null info return
02-20 19:28:46.575  1926  1926 D SubscriptionInfoUpdater: updateSubscriptionInfoByIccId: oldSubId = 1
02-20 19:28:46.575  1926  1926 D SubscriptionInfoUpdater: updateSubscriptionInfoByIccId: oldIccId[0] = 89014103211118510720, sIccId[0] = 89014103211118510720
02-20 19:28:46.578  1926  1926 D SubscriptionController: [addSubInfoRecord]+ iccId:89014103211118510720 slotId:0
02-20 19:28:46.580  1926  1926 D SubscriptionController: [getActiveSubInfoList] Sub Controller not ready
02-20 19:28:46.580  1926  1926 D SubscriptionController: [addSubInfoRecord] Record already exists
02-20 19:28:46.583  1926  1926 D SubscriptionController: [addSubInfoRecord] sSlotIdxToSubId.size=1 slotId=0 subId=1 defaultSubId=1 simCount=1
02-20 19:28:46.583  1926  1926 D SubscriptionController: [setDefaultFallbackSubId] subId=1
02-20 19:28:46.584  1926  1926 D SubscriptionController: [setDefaultFallbackSubId] set mDefaultFallbackSubId=1
02-20 19:28:46.589  1926  1926 D MccTable: updateMccMncConfiguration mccmnc='310260' fromServiceState=false
02-20 19:28:46.589  1926  1926 D MccTable: updateMccMncConfiguration defaultMccMnc=310260
02-20 19:28:46.589  1926  1926 D MccTable: updateMccMncConfiguration: mcc=310, mnc=260
02-20 19:28:46.589  1926  1926 D MccTable: updateMccMncConfiguration updateConfig config={1.0 310mcc260mnc ?localeList ?layoutDir ?swdp ?wdp ?hdp ?density ?lsize ?long ?orien ?uimode ?night ?touch ?keyb/?/? ?nav/?}
02-20 19:28:46.597  1926  1926 D SubscriptionController: [setDefaultFallbackSubId] broadcast default subId changed phoneId=0 subId=1
02-20 19:28:46.600  1926  1948 D RILJ    : [3736]> RIL_REQUEST_GET_CELL_INFO_LIST [SUB0]
02-20 19:28:46.600  1375  1471 D RIL     : onRequest: GET_CELL_INFO_LIST
02-20 19:28:46.600  1375  1471 D RILC    : responseCellInfoList: v12
02-20 19:28:46.600  1926  2018 D RILJ    : [3736]< RIL_REQUEST_GET_CELL_INFO_LIST [CellInfoGsm:{mRegistered=YES mTimeStampType=modem mTimeStamp=15295038907ns CellIdentityGsm:{ mMcc=310 mMnc=260 mLac=3 mCid=91 mArfcn=10 mBsic=0x0} CellSignalStrengthGsm: ss=159117752 ber=28912 mTa=165334140}] [SUB0]
02-20 19:28:46.601  1926  1926 D SubscriptionController: [addSubInfoRecord] one sim set defaults to subId=1
