02-20 20:27:53.618  1919  1919 D RILJ    : [3654]> SIGNAL_STRENGTH [SUB0]
02-20 20:27:53.619  1374  1498 D RIL     : onRequest: SIGNAL_STRENGTH
02-20 20:27:53.619  1919  1988 D RilRequest: [3654]< SIGNAL_STRENGTH error: com.android.internal.telephony.CommandException: RADIO_NOT_AVAILABLE ret=
02-20 20:27:53.619  1919  1919 D SST     : notifyDataRegStateRilRadioTechnologyChanged: drs=1 rat=0
02-20 20:27:53.619  1919  1919 D TelephonyManager: setTelephonyProperty: success phoneId=0 property=gsm.network.type value: Unknown propVal=Unknown
02-20 20:27:53.630  1676  1790 I am_proc_bound: [0,2012,com.android.cellbroadcastreceiver]
02-20 20:27:53.633  1919  1919 D DCT     : [0]DCT.constructor
02-20 20:27:53.634  1676  1743 D NotificationSQLiteLog: Pruned event entries: 0
02-20 20:27:53.639  1372  1871 I MediaPlayerService: MediaPlayerService::getOMX
02-20 20:27:53.639  1676  2021 I OMXClient: MuxOMX ctor
02-20 20:27:53.640  1369  1381 I OMXMaster: makeComponentInstance(OMX.google.vorbis.decoder) in mediacodec process
02-20 20:27:53.640  1676  1790 D TelephonyRegistry: listen oscl: hasNotifySubscriptionInfoChangedOccurred==false no callback
02-20 20:27:53.654  1919  1919 D Dcc     : E ctor
02-20 20:27:53.654  1919  1919 D Dcc     : X ctor
02-20 20:27:53.654  1919  1919 D SubscriptionController: [getPhoneId] asked for default subId=-1
02-20 20:27:53.657  1919  1919 D DcTesterFailBrinupAll: register for intent action=com.android.internal.telephony.dataconnection.action_fail_bringup
02-20 20:27:53.658  1919  1919 D DcTesterFailBrinupAll: register for intent action=com.android.internal.telephony.action_detached
02-20 20:27:53.658  1919  1919 D DcTesterFailBrinupAll: register for intent action=com.android.internal.telephony.action_attached
02-20 20:27:53.658  1919  1919 D SST     : notifyDataRegStateRilRadioTechnologyChanged: drs=1 rat=0
02-20 20:27:53.658  1919  1919 D TelephonyManager: setTelephonyProperty: success phoneId=0 property=gsm.network.type value: Unknown propVal=Unknown
02-20 20:27:53.658  1919  1919 D DCT     : [0]update sub = -2
02-20 20:27:53.658  1919  1919 D DCT     : [0]update(): Active DDS, register for all events now!
02-20 20:27:53.658  1919  2027 D DcTesterDeacativateAll: register for intent action=com.android.internal.telephony.dataconnection.action_deactivate_all
02-20 20:27:53.658  1919  2027 D DcTesterDeacativateAll: register for intent action=com.android.internal.telephony.action_detached
02-20 20:27:53.659  1919  2027 D Dcc     : DccDefaultState: msg.what=EVENT_RIL_CONNECTED mRilVersion=12
02-20 20:27:53.659  1919  1919 D GsmCdmaPhone: [GsmCdmaPhone] updateCurrentCarrierInProvider: mSubId = -2 currentDds = 1 operatorNumeric = null
02-20 20:27:53.659  1372  1840 I MediaPlayerService: MediaPlayerService::getOMX
02-20 20:27:53.659  1772  2028 I OMXClient: MuxOMX ctor
02-20 20:27:53.659  1919  1919 D DCT     : [0]initApnContexts: E
02-20 20:27:53.659  1919  1919 D DCT     : [0]initApnContexts: skipping unknown type=1
02-20 20:27:53.659  1919  1919 D DCT     : [0]initApnContexts: apnContext={mApnType=default mState=IDLE mWaitingApns={null} mApnSetting={null} mReason=dataEnabled mDataEnabled=false mDependencyMet=true}
02-20 20:27:53.659  1919  1919 D DCT     : [0]initApnContexts: apnContext={mApnType=mms mState=IDLE mWaitingApns={null} mApnSetting={null} mReason=dataEnabled mDataEnabled=false mDependencyMet=true}
02-20 20:27:53.660  1919  1919 D DCT     : [0]initApnContexts: apnContext={mApnType=supl mState=IDLE mWaitingApns={null} mApnSetting={null} mReason=dataEnabled mDataEnabled=false mDependencyMet=true}
02-20 20:27:53.660  1919  1919 D DCT     : [0]initApnContexts: apnContext={mApnType=hipri mState=IDLE mWaitingApns={null} mApnSetting={null} mReason=dataEnabled mDataEnabled=false mDependencyMet=true}
02-20 20:27:53.660  1919  1919 D DCT     : [0]initApnContexts: apnContext={mApnType=fota mState=IDLE mWaitingApns={null} mApnSetting={null} mReason=dataEnabled mDataEnabled=false mDependencyMet=true}
02-20 20:27:53.660  1919  1919 D DCT     : [0]initApnContexts: apnContext={mApnType=ims mState=IDLE mWaitingApns={null} mApnSetting={null} mReason=dataEnabled mDataEnabled=false mDependencyMet=true}
02-20 20:27:53.660  1919  1919 D DCT     : [0]initApnContexts: apnContext={mApnType=cbs mState=IDLE mWaitingApns={null} mApnSetting={null} mReason=dataEnabled mDataEnabled=false mDependencyMet=true}
02-20 20:27:53.660  1919  1919 D DCT     : [0]initApnContexts: skipping unknown type=13
02-20 20:27:53.661  1919  1919 D DCT     : [0]initApnContexts: apnContext={mApnType=ia mState=IDLE mWaitingApns={null} mApnSetting={null} mReason=dataEnabled mDataEnabled=false mDependencyMet=true}
02-20 20:27:53.661  1919  1919 D DCT     : [0]initApnContexts: apnContext={mApnType=emergency mState=IDLE mWaitingApns={null} mApnSetting={null} mReason=dataEnabled mDataEnabled=false mDependencyMet=true}
02-20 20:27:53.707  1369  1369 I OMXMaster: makeComponentInstance(OMX.google.vorbis.decoder) in mediacodec process
02-20 20:27:53.708  1919  1919 D GsmCdmaPhone: [GsmCdmaPhone] GsmCdmaPhone: constructor: sub = 0
02-20 20:27:53.708  1919  1919 I PhoneFactory: Creating Phone with type = 1 sub = 0
02-20 20:27:53.714  1919  1919 I PhoneFactory: defaultSmsApplication: NONE
02-20 20:27:53.715  1919  1919 I PhoneFactory: Creating SubInfoRecordUpdater 
02-20 20:27:53.715  1919  1919 D SubscriptionInfoUpdater: Constructor invoked
02-20 20:27:53.734  1676  1731 D WifiConfigManager: Loading config and enabling all networks 
02-20 20:27:53.751  1676  1731 W WifiNetworkHistory: Upgrading network 0 to android.uid.system:1000
02-20 20:27:53.752  1676  1731 D WifiConfigManager: loaded 0 passpoint configs
02-20 20:27:53.752  1676  1731 E IpConfigStore: Error parsing configuration: java.io.FileNotFoundException: /data/misc/wifi/ipconfig.txt (No such file or directory)
02-20 20:27:53.753  1676  1731 D WifiNative-HAL: Setting external_sim to 1
02-20 20:27:53.753  1676  1731 D WifiStateMachine: Setting OUI to DA-A1-19
02-20 20:27:53.754  1676  1731 I WifiConnectivityManager: PNO settings: min5GHzRssi -82 min24GHzRssi -85 currentConnectionBonus 16 sameNetworkBonus 24 secureNetworkBonus 80 initialScoreMax 100
02-20 20:27:53.754  1676  1731 I WifiConnectivityManager: ConnectivityScanManager initialized and disabled
02-20 20:27:53.754  1676  1731 I WifiConnectivityManager: setUntrustedConnectionAllowed: allowed=false
02-20 20:27:53.754  1676  1731 E WifiLogger: no ring buffers found
02-20 20:27:53.754  1676  1731 E WifiLogger: Failed to start packet fate monitoring
02-20 20:27:53.755  1372  1871 I MediaPlayerService: MediaPlayerService::getOMX
02-20 20:27:53.755  1676  2036 I OMXClient: MuxOMX ctor
02-20 20:27:53.755  1369  1839 I OMXMaster: makeComponentInstance(OMX.google.vorbis.decoder) in mediacodec process
02-20 20:27:53.775  1676  1731 I WifiConnectivityManager: Set WiFi enabled
02-20 20:27:53.776  1676  1676 D RttService: SCAN_AVAILABLE : 3
02-20 20:27:53.776  1676  1731 I WifiConnectivityManager: scheduleWatchdogTimer
02-20 20:27:53.776  1676  1736 I WifiScanningService: wifi driver loaded with scan capabilities: max buckets=16
02-20 20:27:53.776  1676  1737 D RttService: DefaultState got{ when=0 what=160512 target=com.android.internal.util.StateMachine$SmHandler }
02-20 20:27:53.777  1676  1731 D WifiNative-HAL: Failing getSupportedFeatureset because HAL isn't started
02-20 20:27:53.778  1676  1693 E BatteryStatsService: no controller energy info supplied
02-20 20:27:53.778  1676  1693 E KernelCpuSpeedReader: Failed to read cpu-freq: /sys/devices/system/cpu/cpu0/cpufreq/stats/time_in_state (No such file or directory)
02-20 20:27:53.778  1676  1693 E KernelUidCpuTimeReader: Failed to read uid_cputime: /proc/uid_cputime/show_uid_stat (No such file or directory)
02-20 20:27:53.779  1676  1731 D WifiNative-HAL: Failing getSupportedFeatureset because HAL isn't started
02-20 20:27:53.779  1676  1693 E BatteryStatsService: no controller energy info supplied
02-20 20:27:53.779  1676  1693 E KernelCpuSpeedReader: Failed to read cpu-freq: /sys/devices/system/cpu/cpu0/cpufreq/stats/time_in_state (No such file or directory)
02-20 20:27:53.779  1676  1693 E KernelUidCpuTimeReader: Failed to read uid_cputime: /proc/uid_cputime/show_uid_stat (No such file or directory)
02-20 20:27:53.781  1676  1687 D TelephonyRegistry: listen oscl: hasNotifySubscriptionInfoChangedOccurred==false no callback
02-20 20:27:53.783  1919  1919 D SubscriptionController: [getPhoneId]- no sims, returning default phoneId=2147483647
02-20 20:27:53.794  1676  1687 D TelephonyRegistry: listen oscl: hasNotifySubscriptionInfoChangedOccurred==false no callback
02-20 20:27:53.794  1919  1919 D PhoneSwitcherNetworkRequstListener: Registering NetworkFactory
02-20 20:27:53.794  1676  1738 D ConnectivityService: Got NetworkFactory Messenger for PhoneSwitcherNetworkRequstListener
02-20 20:27:53.794  1919  1919 D PhoneSwitcher: PhoneSwitcher started
02-20 20:27:53.795  1919  1919 D ProxyController: Constructor - Enter
02-20 20:27:53.798  1919  1919 D ProxyController: clearTransaction
02-20 20:27:53.798  1919  1919 D ProxyController: clearTransaction: phoneId=0 status=IDLE
02-20 20:27:53.798  1919  1919 D ProxyController: Constructor - Exit
02-20 20:27:53.798  1919  1919 D TelephonyNetworkFactory[0]: Registering NetworkFactory
02-20 20:27:53.798  1676  1738 D ConnectivityService: Got NetworkFactory Messenger for TelephonyNetworkFactory[0]
02-20 20:27:53.806  1919  1919 D CallManager: registerPhone(GSM Handler (com.android.internal.telephony.GsmCdmaPhone) {4881af3})
02-20 20:27:53.808  1372  1871 I MediaPlayerService: MediaPlayerService::getOMX
02-20 20:27:53.808  1676  2040 I OMXClient: MuxOMX ctor
02-20 20:27:53.809  1676  1687 D TelephonyRegistry: listen oscl: hasNotifySubscriptionInfoChangedOccurred==false no callback
02-20 20:27:53.809  1372  1840 I MediaPlayerService: MediaPlayerService::getOMX
02-20 20:27:53.809  1772  2039 I OMXClient: MuxOMX ctor
02-20 20:27:53.809  1369  1369 I OMXMaster: makeComponentInstance(OMX.google.vorbis.decoder) in mediacodec process
02-20 20:27:53.834  1919  1919 D CarrierConfigLoader: CarrierConfigLoader has started
02-20 20:27:53.834  1369  1838 I OMXMaster: makeComponentInstance(OMX.google.vorbis.decoder) in mediacodec process
02-20 20:27:53.834  1919  1919 E BluetoothAdapter: Bluetooth binder is null
02-20 20:27:53.834  1676  1790 D TelephonyRegistry: listen oscl: hasNotifySubscriptionInfoChangedOccurred==false no callback
02-20 20:27:53.858  1919  2042 E ActivityThread: Failed to find provider info for com.android.contacts
02-20 20:27:53.858  1919  2042 W CallerInfoCache: cursor is null
02-20 20:27:53.881  1919  1919 D RILJ    : [3655]> RIL_REQUEST_SET_TTY_MODE : 0 [SUB0]
02-20 20:27:53.882  1374  1498 D RIL     : onRequest: SET_TTY_MODE
02-20 20:27:53.882  1919  1988 D RilRequest: [3655]< RIL_REQUEST_SET_TTY_MODE error: com.android.internal.telephony.CommandException: RADIO_NOT_AVAILABLE ret=
02-20 20:27:53.883  1919  1919 I Telephony: TtyManager: updateUiTtyMode -1 -> 0
02-20 20:27:53.885  1676  1857 D TelephonyRegistry: listen oscl: hasNotifySubscriptionInfoChangedOccurred==false no callback
02-20 20:27:53.886  1919  1919 D SubscriptionController: [getPhoneId] asked for default subId=-1
02-20 20:27:53.887  1919  1919 D UiccController: Received EVENT_ICC_STATUS_CHANGED, calling getIccCardStatus
02-20 20:27:53.887  1919  1919 D RILJ    : [3656]> GET_SIM_STATUS [SUB0]
02-20 20:27:53.887  1374  1498 D RIL     : onRequest: GET_SIM_STATUS
02-20 20:27:53.887  1374  1498 D RIL     : getSIMStatus(). sState: 0
02-20 20:27:53.888  1919  1988 D RILJ    : [3656]< GET_SIM_STATUS IccCardState {CARDSTATE_PRESENT,PINSTATE_UNKNOWN,num_apps=2,gsm_id=0{APPTYPE_SIM,APPSTATE_DETECTED},cdma_id=1{APPTYPE_RUIM,APPSTATE_DETECTED},ims_id=8} [SUB0]
02-20 20:27:53.888  1919  1919 D Phone   : config LCE service failed: com.android.internal.telephony.CommandException: RADIO_NOT_AVAILABLE
02-20 20:27:53.888  1919  1919 D GsmSMSDispatcher: GsmSMSDispatcher: subId = -2 slotId = 0
02-20 20:27:53.888  1919  1919 E IccCardProxy: setExternalState: !override and newstate unchanged from NOT_READY
02-20 20:27:53.888  1919  1919 D RILJ    : [3657]> BASEBAND_VERSION [SUB0]
02-20 20:27:53.889  1374  1498 D RIL     : onRequest: BASEBAND_VERSION
02-20 20:27:53.889  1919  1988 D RilRequest: [3657]< BASEBAND_VERSION error: com.android.internal.telephony.CommandException: RADIO_NOT_AVAILABLE ret=
02-20 20:27:53.889  1919  1919 D RILJ    : [3658]> GET_IMEI [SUB0]
02-20 20:27:53.889  1374  1498 D RIL     : onRequest: GET_IMEI
02-20 20:27:53.889  1374  1498 D AT      : AT> AT+CGSN
02-20 20:27:53.889  1919  1919 D RILJ    : [3659]> GET_IMEISV [SUB0]
02-20 20:27:53.889  1374  1500 D AT      : AT< 000000000000000
02-20 20:27:53.889  1374  1500 D AT      : AT< OK
02-20 20:27:53.889  1919  1988 D RILJ    : [3658]< GET_IMEI  [SUB0]
02-20 20:27:53.890  1374  1498 D RIL     : onRequest: GET_IMEISV
02-20 20:27:53.890  1919  1988 D RilRequest: [3659]< GET_IMEISV error: com.android.internal.telephony.CommandException: RADIO_NOT_AVAILABLE ret=
02-20 20:27:53.890  1919  1919 D RILJ    : [3660]> RIL_REQUEST_GET_RADIO_CAPABILITY [SUB0]
02-20 20:27:53.890  1374  1498 D RIL     : onRequest: RIL_REQUEST_GET_RADIO_CAPABILITY
02-20 20:27:53.890  1919  1988 D RilRequest: [3660]< RIL_REQUEST_GET_RADIO_CAPABILITY error: com.android.internal.telephony.CommandException: RADIO_NOT_AVAILABLE ret=
02-20 20:27:53.890  1919  1919 D RILJ    : [3661]> RIL_REQUEST_START_LCE [SUB0]
02-20 20:27:53.890  1374  1498 D RIL     : onRequest: <unknown request>
02-20 20:27:53.891  1919  1988 D RilRequest: [3661]< RIL_REQUEST_START_LCE error: com.android.internal.telephony.CommandException: RADIO_NOT_AVAILABLE ret=
02-20 20:27:53.891  1919  1919 D GsmCdmaPhone: [GsmCdmaPhone] Event EVENT_RADIO_OFF_OR_NOT_AVAILABLE Received
02-20 20:27:53.891  1919  1919 E IccCardProxy: setExternalState: !override and newstate unchanged from NOT_READY
02-20 20:27:53.891  1919  1919 D SST     : mDeviceShuttingDown=false, mDesiredPowerState=true, getRadioState=RADIO_OFF, mPowerOffDelayNeed=true, mAlarmSwitch=false, mRadioDisabledByCarrier=false
02-20 20:27:53.891  1919  1919 D RILJ    : [3662]> RADIO_POWER on [SUB0]
02-20 20:27:53.891  1374  1498 D RIL     : onRequest: RADIO_POWER
02-20 20:27:53.891  1374  1498 D AT      : AT> AT+CFUN=1
02-20 20:27:53.891  1374  1500 D AT      : AT< OK
02-20 20:27:53.892  1374  1498 D RIL     : setRadioState(10)
02-20 20:27:53.892  1919  1988 D RILJ    : [UNSL]< UNSOL_RESPONSE_RADIO_STATE_CHANGED RADIO_ON [SUB0]
02-20 20:27:53.892  1919  1988 D RILJ    : [UNSL]< UNSOL_RESPONSE_SIM_STATUS_CHANGED [SUB0]
02-20 20:27:53.892  1919  1988 D RILJ    : [3662]< RADIO_POWER  [SUB0]
02-20 20:27:53.892  1919  1919 D RILJ    : [3663]> OPERATOR [SUB0]
02-20 20:27:53.892  1374  1498 D RIL     : onRequest: OPERATOR
02-20 20:27:53.892  1374  1498 D AT      : AT> AT+COPS=3,0;+COPS?;+COPS=3,1;+COPS?;+COPS=3,2;+COPS?
02-20 20:27:53.892  1919  1919 D RILJ    : [3664]> DATA_REGISTRATION_STATE [SUB0]
02-20 20:27:53.892  1374  1500 D AT      : AT< +COPS: 0,0,"Android"
02-20 20:27:53.892  1374  1500 D AT      : AT< +COPS: 0,1,"Android"
02-20 20:27:53.892  1374  1500 D AT      : AT< +COPS: 0,2,"310260"
02-20 20:27:53.892  1374  1500 D AT      : AT< OK
02-20 20:27:53.893  1919  1988 D RILJ    : [3663]< OPERATOR {Android, Android, 310260} [SUB0]
02-20 20:27:53.893  1919  1919 D RILJ    : [3665]> VOICE_REGISTRATION_STATE [SUB0]
02-20 20:27:53.893  1374  1498 D RIL     : onRequest: DATA_REGISTRATION_STATE
02-20 20:27:53.893  1374  1498 D RIL     : requestRegistrationState
02-20 20:27:53.893  1374  1498 D AT      : AT> AT+CGREG?
02-20 20:27:53.893  1919  1919 D RILJ    : [3666]> QUERY_NETWORK_SELECTION_MODE [SUB0]
02-20 20:27:53.894  1374  1500 D AT      : AT< +CGREG: 1,1,"0003","005b","000e"
02-20 20:27:53.894  1374  1500 D AT      : AT< OK
02-20 20:27:53.894  1919  1919 D SST     : NITZ: 18/02/20:20:27:48+0:0:Unknown!Unknown,4056 start=10894 delay=6838
02-20 20:27:53.894  1374  1498 D RIL     : parseRegistrationState. Parsing: +CGREG: 1,1,"0003","005b","000e"
02-20 20:27:53.894  1374  1498 D RIL     : registration state type: 3GPP
02-20 20:27:53.894  1374  1498 D RIL     : onRequest: VOICE_REGISTRATION_STATE
02-20 20:27:53.894  1374  1498 D RIL     : requestRegistrationState
02-20 20:27:53.894  1374  1498 D AT      : AT> AT+CREG?
02-20 20:27:53.894  1374  1500 D AT      : AT< +CREG: 2,1, "0003", "005b"
02-20 20:27:53.894  1374  1500 D AT      : AT< OK
02-20 20:27:53.894  1374  1498 D RIL     : parseRegistrationState. Parsing: +CREG: 2,1, "0003", "005b"
02-20 20:27:53.894  1374  1498 D RIL     : registration state type: 3GPP
02-20 20:27:53.894  1919  1919 D SST     : NITZ: tzOffset=0 dst=0 zone=GMT iso= mGotCountryCode=false mNeedFixZoneAfterNitz=false
02-20 20:27:53.895  1919  1988 D RILJ    : [3664]< DATA_REGISTRATION_STATE {1, 3, 5b, 14, null, null} [SUB0]
02-20 20:27:53.895  1919  1988 D RILJ    : [3665]< VOICE_REGISTRATION_STATE {1, 3, 5b, 0, null, null, null, null, null, null, null, null, null, null, null} [SUB0]
02-20 20:27:53.895  1374  1498 D RIL     : onRequest: QUERY_NETWORK_SELECTION_MODE
02-20 20:27:53.895  1919  1919 D SST     : setAndBroadcastNetworkSetTimeZone: setTimeZone=GMT
02-20 20:27:53.895  1374  1498 D AT      : AT> AT+COPS?
02-20 20:27:53.895  1374  1500 D AT      : AT< +COPS: 0,2,310260
02-20 20:27:53.895  1374  1500 D AT      : AT< OK
02-20 20:27:53.895  1919  1988 D RILJ    : [3666]< QUERY_NETWORK_SELECTION_MODE {0} [SUB0]
02-20 20:27:53.895  1676  1857 D AlarmManagerService: Kernel timezone updated to 0 minutes west of GMT
02-20 20:27:53.896  1919  1919 D SST     : setAndBroadcastNetworkSetTimeZone: call alarm.setTimeZone and broadcast zoneId=GMT
02-20 20:27:53.897  1919  1919 D SST     : NITZ: Setting time of day to Tue Feb 20 20:27:54 GMT+00:00 2018 NITZ receive delay(ms): 6841 gained(ms): 944 from 18/02/20:20:27:48+0:0:Unknown!Unknown
02-20 20:27:53.897  1919  1919 D SST     : setAndBroadcastNetworkSetTime: time=1519158474841ms
02-20 20:27:53.898  1676  1857 D AlarmManagerService: Setting time of day to sec=1519158474
02-20 20:27:54.841  1676  1857 W AlarmManagerService: Unable to set rtc to 1519158474: No such device
02-20 20:27:54.842  1676  1676 D ConditionProviders.SCP: onReceive android.intent.action.TIME_SET
02-20 20:27:54.842  1676  1676 D ConditionProviders.SCP: notifyCondition condition://android/schedule?days=6.7&start=23.30&end=10.0&exitAtAlarm=false STATE_FALSE reason=!meetsSchedule
02-20 20:27:54.843  1676  1676 D ConditionProviders.SCP: notifyCondition condition://android/schedule?days=1.2.3.4.5&start=22.0&end=7.0&exitAtAlarm=false STATE_FALSE reason=!meetsSchedule
02-20 20:27:54.843  1676  1676 D ConditionProviders.SCP: Scheduling evaluate for Tue Feb 20 22:00:00 GMT+00:00 2018 (1519164000000), in +1h32m5s158ms, now=Tue Feb 20 20:27:54 GMT+00:00 2018 (1519158474842)
02-20 20:27:54.845  1372  1408 I MediaPlayerService: MediaPlayerService::getOMX
02-20 20:27:54.845  1676  2048 I OMXClient: MuxOMX ctor
02-20 20:27:54.845  1369  2020 I OMXMaster: makeComponentInstance(OMX.google.vorbis.decoder) in mediacodec process
02-20 20:27:54.845  1919  1919 I SST     : NITZ: after Setting time of day
02-20 20:27:54.845  1919  1919 D SST     : NITZ: end=10902 dur=8
02-20 20:27:54.846  1919  1919 D SST     : mDeviceShuttingDown=false, mDesiredPowerState=true, getRadioState=RADIO_ON, mPowerOffDelayNeed=true, mAlarmSwitch=false, mRadioDisabledByCarrier=false
02-20 20:27:54.846  1919  1919 D RILJ    : [3667]> OPERATOR [SUB0]
02-20 20:27:54.846  1919  1919 D RILJ    : [3668]> DATA_REGISTRATION_STATE [SUB0]
02-20 20:27:54.846  1374  1498 D RIL     : onRequest: OPERATOR
02-20 20:27:54.846  1374  1498 D AT      : AT> AT+COPS=3,0;+COPS?;+COPS=3,1;+COPS?;+COPS=3,2;+COPS?
02-20 20:27:54.846  1374  1500 D AT      : AT< +COPS: 0,0,"Android"
02-20 20:27:54.846  1374  1500 D AT      : AT< +COPS: 0,1,"Android"
02-20 20:27:54.846  1374  1500 D AT      : AT< +COPS: 0,2,"310260"
02-20 20:27:54.846  1374  1500 D AT      : AT< OK
02-20 20:27:54.846  1919  1988 D RILJ    : [3667]< OPERATOR {Android, Android, 310260} [SUB0]
02-20 20:27:54.846  1919  1919 D RILJ    : [3669]> VOICE_REGISTRATION_STATE [SUB0]
02-20 20:27:54.847  1374  1498 D RIL     : onRequest: DATA_REGISTRATION_STATE
02-20 20:27:54.847  1374  1498 D RIL     : requestRegistrationState
02-20 20:27:54.847  1374  1498 D AT      : AT> AT+CGREG?
02-20 20:27:54.847  1374  1500 D AT      : AT< +CGREG: 1,1,"0003","005b","000e"
02-20 20:27:54.847  1374  1500 D AT      : AT< OK
02-20 20:27:54.847  1374  1498 D RIL     : parseRegistrationState. Parsing: +CGREG: 1,1,"0003","005b","000e"
02-20 20:27:54.847  1374  1498 D RIL     : registration state type: 3GPP
02-20 20:27:54.850  1919  1919 D RILJ    : [3670]> QUERY_NETWORK_SELECTION_MODE [SUB0]
02-20 20:27:54.850  1374  1498 D RIL     : onRequest: VOICE_REGISTRATION_STATE
02-20 20:27:54.850  1374  1498 D RIL     : requestRegistrationState
02-20 20:27:54.850  1374  1498 D AT      : AT> AT+CREG?
02-20 20:27:54.850  1374  1500 D AT      : AT< +CREG: 2,1, "0003", "005b"
02-20 20:27:54.850  1374  1500 D AT      : AT< OK
02-20 20:27:54.850  1919  1919 D SST     : onSignalStrengthResult() Exception from RIL : com.android.internal.telephony.CommandException: RADIO_NOT_AVAILABLE
02-20 20:27:54.851  1919  1988 D RILJ    : [3668]< DATA_REGISTRATION_STATE {1, 3, 5b, 14, null, null} [SUB0]
02-20 20:27:54.851  1374  1498 D RIL     : parseRegistrationState. Parsing: +CREG: 2,1, "0003", "005b"
02-20 20:27:54.851  1374  1498 D RIL     : registration state type: 3GPP
02-20 20:27:54.851  1374  1498 D RIL     : onRequest: QUERY_NETWORK_SELECTION_MODE
02-20 20:27:54.851  1374  1498 D AT      : AT> AT+COPS?
02-20 20:27:54.851  1374  1500 D AT      : AT< +COPS: 0,2,310260
02-20 20:27:54.851  1374  1500 D AT      : AT< OK
02-20 20:27:54.851  1919  1988 D RILJ    : [3669]< VOICE_REGISTRATION_STATE {1, 3, 5b, 0, null, null, null, null, null, null, null, null, null, null, null} [SUB0]
02-20 20:27:54.851  1919  1988 D RILJ    : [3670]< QUERY_NETWORK_SELECTION_MODE {0} [SUB0]
02-20 20:27:54.851  1919  1919 D DCT     : [0]Wifi state changed
02-20 20:27:54.851  1919  1919 D DCT     : [0]WIFI_STATE_CHANGED_ACTION: enabled=false mIsWifiConnected=false
02-20 20:27:54.851  1919  1919 D DCT     : [0]onRadioAvailable
02-20 20:27:54.851  1919  1919 D DCT     : [0]onRadioOffOrNotAvailable: is off and clean up all connections
02-20 20:27:54.851  1919  1919 D DCT     : [0]cleanUpAllConnections: tearDown=false reason=radioTurnedOff
02-20 20:27:54.852  1919  1919 D GsmCdmaPhone: [GsmCdmaPhone] getDataConnectionState apnType=default ret=DISCONNECTED
02-20 20:27:54.856  1919  1919 D DCT     : [0]cleanUpConnection: X tearDown=false reason=radioTurnedOff apnContext={mApnType=default mState=IDLE mWaitingApns={null} mApnSetting={null} mReason=radioTurnedOff mDataEnabled=false mDependencyMet=true} dcac=null
02-20 20:27:54.856  1919  1919 D GsmCdmaPhone: [GsmCdmaPhone] getDataConnectionState apnType=mms ret=DISCONNECTED
02-20 20:27:54.859  1919  1919 D DCT     : [0]cleanUpConnection: X tearDown=false reason=radioTurnedOff apnContext={mApnType=mms mState=IDLE mWaitingApns={null} mApnSetting={null} mReason=radioTurnedOff mDataEnabled=false mDependencyMet=true} dcac=null
02-20 20:27:54.859  1919  1919 D GsmCdmaPhone: [GsmCdmaPhone] getDataConnectionState apnType=cbs ret=DISCONNECTED
02-20 20:27:54.861  1919  1919 D DCT     : [0]cleanUpConnection: X tearDown=false reason=radioTurnedOff apnContext={mApnType=cbs mState=IDLE mWaitingApns={null} mApnSetting={null} mReason=radioTurnedOff mDataEnabled=false mDependencyMet=true} dcac=null
02-20 20:27:54.861  1919  1919 D GsmCdmaPhone: [GsmCdmaPhone] getDataConnectionState apnType=fota ret=DISCONNECTED
02-20 20:27:54.862  1919  1919 D DCT     : [0]cleanUpConnection: X tearDown=false reason=radioTurnedOff apnContext={mApnType=fota mState=IDLE mWaitingApns={null} mApnSetting={null} mReason=radioTurnedOff mDataEnabled=false mDependencyMet=true} dcac=null
02-20 20:27:54.862  1919  1919 D GsmCdmaPhone: [GsmCdmaPhone] getDataConnectionState apnType=supl ret=DISCONNECTED
02-20 20:27:54.866  1919  1919 D DCT     : [0]cleanUpConnection: X tearDown=false reason=radioTurnedOff apnContext={mApnType=supl mState=IDLE mWaitingApns={null} mApnSetting={null} mReason=radioTurnedOff mDataEnabled=false mDependencyMet=true} dcac=null
02-20 20:27:54.866  1919  1919 D GsmCdmaPhone: [GsmCdmaPhone] getDataConnectionState apnType=ia ret=DISCONNECTED
02-20 20:27:54.872  1919  1919 D DCT     : [0]cleanUpConnection: X tearDown=false reason=radioTurnedOff apnContext={mApnType=ia mState=IDLE mWaitingApns={null} mApnSetting={null} mReason=radioTurnedOff mDataEnabled=false mDependencyMet=true} dcac=null
02-20 20:27:54.872  1919  1919 D GsmCdmaPhone: [GsmCdmaPhone] getDataConnectionState apnType=emergency ret=DISCONNECTED
02-20 20:27:54.873  1919  1919 D DCT     : [0]cleanUpConnection: X tearDown=false reason=radioTurnedOff apnContext={mApnType=emergency mState=IDLE mWaitingApns={null} mApnSetting={null} mReason=radioTurnedOff mDataEnabled=false mDependencyMet=true} dcac=null
02-20 20:27:54.873  1919  1919 D GsmCdmaPhone: [GsmCdmaPhone] getDataConnectionState apnType=hipri ret=DISCONNECTED
02-20 20:27:54.874  1919  1919 D DCT     : [0]cleanUpConnection: X tearDown=false reason=radioTurnedOff apnContext={mApnType=hipri mState=IDLE mWaitingApns={null} mApnSetting={null} mReason=radioTurnedOff mDataEnabled=false mDependencyMet=true} dcac=null
02-20 20:27:54.874  1919  1919 D GsmCdmaPhone: [GsmCdmaPhone] getDataConnectionState apnType=ims ret=DISCONNECTED
02-20 20:27:54.874  1919  1919 D DCT     : [0]cleanUpConnection: X tearDown=false reason=radioTurnedOff apnContext={mApnType=ims mState=IDLE mWaitingApns={null} mApnSetting={null} mReason=radioTurnedOff mDataEnabled=false mDependencyMet=true} dcac=null
02-20 20:27:54.874  1919  1919 D DCT     : [0]stopNetStatPoll
02-20 20:27:54.874  1919  1919 D DCT     : [0]cleanUpConnection: mDisconnectPendingCount = 0
02-20 20:27:54.875  1919  1919 D DCT     : [0]isDataAllowed: No - SIM not loaded - Not attached
02-20 20:27:54.871  1676  1744 E ActivityThread: Failed to find provider info for com.android.calendar
02-20 20:27:54.896  1919  1919 D DCT     : [0]onDataConnectionDetached: stop polling and notify detached
02-20 20:27:54.896  1919  1919 D DCT     : [0]stopNetStatPoll
02-20 20:27:54.896  1919  1919 D DCT     : [0]notifyDataConnection: reason=dataDetached
02-20 20:27:54.896  1919  1919 D DCT     : [0]isDataAllowed: No - SIM not loaded - Not attached
02-20 20:27:54.904  1919  1919 D DCT     : [0]onRoamingOff
02-20 20:27:54.905  1919  1919 D DCT     : [0]isDataAllowed: No - SIM not loaded - Not attached
02-20 20:27:54.911  1772  1772 I OpaLayout: Setting opa enabled to false
02-20 20:27:54.913  1772  1772 I OpaLayout: Setting opa enabled to false
02-20 20:27:54.913  1919  1919 D DCT     : [0]setupDataOnConnectableApns: roamingOff hipri:[state=IDLE,enabled=false] mms:[state=IDLE,enabled=false] supl:[state=IDLE,enabled=false] ia:[state=IDLE,enabled=false] fota:[state=IDLE,enabled=false] ims:[state=IDLE,enabled=false] cbs:[state=IDLE,enabled=false] default:[state=IDLE,enabled=false] emergency:[state=IDLE,enabled=false] 
02-20 20:27:54.913  1919  1919 D DCT     : [0]setupDataOnConnectableApns: nwTypeChanged hipri:[state=IDLE,enabled=false] mms:[state=IDLE,enabled=false] supl:[state=IDLE,enabled=false] ia:[state=IDLE,enabled=false] fota:[state=IDLE,enabled=false] ims:[state=IDLE,enabled=false] cbs:[state=IDLE,enabled=false] default:[state=IDLE,enabled=false] emergency:[state=IDLE,enabled=false] 
02-20 20:27:54.913  1919  1919 D SubscriptionInfoUpdater: [Receiver]+
02-20 20:27:54.913  1919  1919 D SubscriptionInfoUpdater: Action: android.intent.action.SIM_STATE_CHANGED
02-20 20:27:54.913  1919  1919 D SubscriptionInfoUpdater: slotId: 0
02-20 20:27:54.913  1919  1919 D SubscriptionInfoUpdater: simStatus: NOT_READY
02-20 20:27:54.913  1919  1919 D SubscriptionInfoUpdater: Ignoring simStatus: NOT_READY
02-20 20:27:54.913  1919  1919 D SubscriptionInfoUpdater: [Receiver]-
02-20 20:27:54.913  1919  1919 D DCT     : [0]Wifi state changed
02-20 20:27:54.913  1919  1919 D DCT     : [0]WIFI_STATE_CHANGED_ACTION: enabled=true mIsWifiConnected=false
02-20 20:27:54.914  1919  1919 D DCT     : [0]NETWORK_STATE_CHANGED_ACTION: mIsWifiConnected=false
02-20 20:27:54.914  1919  1919 D PhoneSwitcherNetworkRequstListener: got request NetworkRequest [ REQUEST id=1, [ Capabilities: INTERNET&NOT_RESTRICTED&TRUSTED&NOT_VPN] ] with score 0
02-20 20:27:54.914  1919  1919 D TelephonyNetworkFactory[0]: onSubIdChange -1->-2
02-20 20:27:54.914  1919  1919 D TelephonyNetworkFactory[0]: got request NetworkRequest [ REQUEST id=1, [ Capabilities: INTERNET&NOT_RESTRICTED&TRUSTED&NOT_VPN] ] with score 0
02-20 20:27:54.914  1372  1408 I MediaPlayerService: MediaPlayerService::getOMX
02-20 20:27:54.914  1676  2052 I OMXClient: MuxOMX ctor
02-20 20:27:54.914  1369  1381 I OMXMaster: makeComponentInstance(OMX.google.vorbis.decoder) in mediacodec process
02-20 20:27:54.922  2012  2012 W System  : ClassLoader referenced unknown path: /system/priv-app/CellBroadcastReceiver/lib/x86_64
02-20 20:27:54.924  1919  1919 D DebugService: DebugService DebugService:
02-20 20:27:54.924  1919  1919 D TelephonyDebugService: TelephonyDebugService()
02-20 20:27:54.925  1919  1919 D CarrierConfigLoader: mHandler: 12 phoneId: 0
02-20 20:27:54.927  1919  1919 D RILJ    : [3671]> RIL_REQUEST_QUERY_TTY_MODE [SUB0]
02-20 20:27:54.927  1374  1498 D RIL     : onRequest: QUERY_TTY_MODE
02-20 20:27:54.927  1374  1498 D RIL     : Request not supported. Tech: 1
02-20 20:27:54.927  1919  1988 D RilRequest: [3671]< RIL_REQUEST_QUERY_TTY_MODE error: com.android.internal.telephony.CommandException: REQUEST_NOT_SUPPORTED ret=
02-20 20:27:54.928  1919  1919 D UiccController: Received EVENT_GET_ICC_STATUS_DONE
02-20 20:27:54.929  1919  1919 D UiccCard: 2 applications
02-20 20:27:54.929  1919  1919 D UiccCardApplication: Creating UiccApp: {APPTYPE_SIM,APPSTATE_DETECTED}
02-20 20:27:54.930  1919  1919 W VoiceMailConstants: Can't open /system/etc/voicemail-conf.xml
02-20 20:27:54.931  1919  1919 D SpnOverride: No SPN in OEM image = /oem/telephony/spn-conf.xml Load SPN from system image
02-20 20:27:54.931  1919  1919 W SpnOverride: Can not open /system/etc/spn-conf.xml
02-20 20:27:54.931  1919  1919 D SIMRecords: [SIMRecords] setting0 mMncLength-1
02-20 20:27:54.931  1919  1919 D SIMRecords: [SIMRecords] SIMRecords: onRadioOffOrNotAvailable set 'gsm.sim.operator.numeric' to operator=null
02-20 20:27:54.931  1919  1919 D SIMRecords: [SIMRecords] update icc_operator_numeric=null
02-20 20:27:54.931  1919  1919 D TelephonyManager: setTelephonyProperty: success phoneId=0 property=gsm.sim.operator.numeric value:  propVal=
02-20 20:27:54.931  1772  1772 W System  : ClassLoader referenced unknown path: 
02-20 20:27:54.931  1772  1772 W System  : ClassLoader referenced unknown path: /system/priv-app/Dialer/lib/x86_64
02-20 20:27:54.932  1772  1772 D ApplicationLoaders: ignored Vulkan layer search path /system/priv-app/Dialer/lib/x86_64:/system/lib64:/vendor/lib64 for namespace 0x72c5b04310f0
02-20 20:27:54.933  1919  1919 D TelephonyManager: setTelephonyProperty: success phoneId=0 property=gsm.sim.operator.alpha value:  propVal=
02-20 20:27:54.933  1919  1919 D TelephonyManager: setTelephonyProperty: success phoneId=0 property=gsm.sim.operator.iso-country value:  propVal=
02-20 20:27:54.934  1919  1919 D SIMRecords: [SIMRecords] getOperatorNumeric: IMSI == null
02-20 20:27:54.934  1919  1919 D SIMRecords: [SIMRecords] SIMRecords X ctor this=SimRecords: mDestroyed=false mContext=com.android.phone.PhoneGlobals@ff7df12 mCi=com.android.internal.telephony.RIL@fd99114 mFh=Handler (com.android.internal.telephony.uicc.SIMFileHandler) {c6da6e3} mParentApp=com.android.internal.telephony.uicc.UiccCardApplication@a1b68e0 recordsLoadedRegistrants=android.os.RegistrantList@4e01799 mImsiReadyRegistrants=android.os.RegistrantList@3f0da5e mRecordsEventsRegistrants=android.os.RegistrantList@2c9ce3f mNewSmsRegistrants=android.os.RegistrantList@7e330c mNetworkSelectionModeAutomaticRegistrants=android.os.RegistrantList@919455 recordsToLoad=0 adnCache=Handler (com.android.internal.telephony.uicc.AdnRecordCache) {7ec3e6a} recordsRequested=false iccid=null msisdnTag=null voiceMailNum=null voiceMailTag=null voiceMailNum=null newVoiceMailTag=null isVoiceMailFixed=false mImsi=null mncLength=-1 mailboxIndex=0 spn=null mVmConfigcom.android.internal.telephony.uicc.VoiceMailConstants@a970f5b mSpnOverride=mSpnOverride callForwardingEnabled=0 spnState=null mCphsInfo=null mCspPlmnEnabled=true efMWIS=null efCPHS_MWI=null mEfCff=null mEfCfis=null getOperatorNumeric=null
02-20 20:27:54.934  1919  1919 D UiccCardApplication: Creating UiccApp: {APPTYPE_RUIM,APPSTATE_DETECTED}
02-20 20:27:54.934  1919  1919 D RuimRecords: [RuimRecords] setting0 mMncLength-1
02-20 20:27:54.934  1919  1919 D RuimRecords: [RuimRecords] RuimRecords X ctor this=RuimRecords: mDestroyed=false mContext=com.android.phone.PhoneGlobals@ff7df12 mCi=com.android.internal.telephony.RIL@fd99114 mFh=Handler (com.android.internal.telephony.uicc.RuimFileHandler) {8a420d1} mParentApp=com.android.internal.telephony.uicc.UiccCardApplication@287d736 recordsLoadedRegistrants=android.os.RegistrantList@12d4637 mImsiReadyRegistrants=android.os.RegistrantList@135d7a4 mRecordsEventsRegistrants=android.os.RegistrantList@878f90d mNewSmsRegistrants=android.os.RegistrantList@47230c2 mNetworkSelectionModeAutomaticRegistrants=android.os.RegistrantList@7860ed3 recordsToLoad=0 adnCache=Handler (com.android.internal.telephony.uicc.AdnRecordCache) {6caca10} recordsRequested=false iccid=null msisdnTag=null voiceMailNum=null voiceMailTag=null voiceMailNum=null newVoiceMailTag=null isVoiceMailFixed=false mImsi=null mncLength=-1 mailboxIndex=0 spn=null m_ota_commitedfalse mMyMobileNumber=xxxx mMin2Min1=null mPrlVersion=null mEFpl=null mEFli=null mCsimSpnDisplayCondition=false mMdn=null mMin=null mHomeSystemId=null mHomeNetworkId=null
02-20 20:27:54.950  1919  1919 D CAT     : CatService: registerForRecordsLoaded slotid=0 instance:Handler (com.android.internal.telephony.cat.CatService) {8e13cc5}
02-20 20:27:54.951  1676  1744 E ActivityThread: Failed to find provider info for com.android.calendar
02-20 20:27:54.952  1919  1919 D CAT     : CatService: Running CAT service on Slotid: 0. STK app installed:false
02-20 20:27:54.952  1919  1919 D UiccCard: Before privilege rules: null : CARDSTATE_PRESENT
02-20 20:27:54.952  1919  1919 D RILJ    : [3672]> RIL_REQUEST_SIM_OPEN_CHANNEL [SUB0]
02-20 20:27:54.954  1919  1919 E UiccCard: App index 8 is invalid since there are no applications
02-20 20:27:54.954  1919  1919 D UiccCard: update: radioState=RADIO_ON mLastRadioState=RADIO_UNAVAILABLE
02-20 20:27:54.954  1919  1919 D UiccController: Notifying IccChangedRegistrants
02-20 20:27:54.954  1374  1498 D RIL     : onRequest: SIM_OPEN_CHANNEL
02-20 20:27:54.954  1374  1498 D AT      : AT> AT+CCHO=A00000015141434C00
02-20 20:27:54.954  1374  1500 D AT      : AT< 1
02-20 20:27:54.954  1374  1500 D AT      : AT< OK
02-20 20:27:54.954  1919  1988 D RILJ    : [3672]< RIL_REQUEST_SIM_OPEN_CHANNEL  [SUB0]
02-20 20:27:54.954  1676  1686 I art     : Background sticky concurrent mark sweep GC freed 31096(1850KB) AllocSpace objects, 3(92KB) LOS objects, 8% free, 22MB/24MB, paused 1.446ms total 109.506ms
02-20 20:27:54.956  1919  1919 D GsmCdmaPhone: get phone radio capability fail, no need to change mRadioCapability
02-20 20:27:54.956  1919  1919 D GsmCdmaPhone: EVENT_GET_RADIO_CAPABILITY: phone rc: null
02-20 20:27:54.956  1919  1919 D Phone   : config LCE service failed: com.android.internal.telephony.CommandException: RADIO_NOT_AVAILABLE
02-20 20:27:54.956  1919  1919 D SST     : mDeviceShuttingDown=false, mDesiredPowerState=true, getRadioState=RADIO_ON, mPowerOffDelayNeed=true, mAlarmSwitch=false, mRadioDisabledByCarrier=false
02-20 20:27:54.956  1919  1919 D RILJ    : [3673]> OPERATOR [SUB0]
02-20 20:27:54.957  1919  1919 D RILJ    : [3674]> DATA_REGISTRATION_STATE [SUB0]
02-20 20:27:54.957  1374  1498 D RIL     : onRequest: OPERATOR
02-20 20:27:54.957  1374  1498 D AT      : AT> AT+COPS=3,0;+COPS?;+COPS=3,1;+COPS?;+COPS=3,2;+COPS?
02-20 20:27:54.957  1374  1500 D AT      : AT< +COPS: 0,0,"Android"
02-20 20:27:54.957  1374  1500 D AT      : AT< +COPS: 0,1,"Android"
02-20 20:27:54.957  1374  1500 D AT      : AT< +COPS: 0,2,"310260"
02-20 20:27:54.957  1374  1500 D AT      : AT< OK
02-20 20:27:54.957  1919  1988 D RILJ    : [3673]< OPERATOR {Android, Android, 310260} [SUB0]
02-20 20:27:54.957  1919  1919 D RILJ    : [3675]> VOICE_REGISTRATION_STATE [SUB0]
02-20 20:27:54.957  1374  1498 D RIL     : onRequest: DATA_REGISTRATION_STATE
02-20 20:27:54.957  1374  1498 D RIL     : requestRegistrationState
02-20 20:27:54.957  1374  1498 D AT      : AT> AT+CGREG?
02-20 20:27:54.957  1374  1500 D AT      : AT< +CGREG: 1,1,"0003","005b","000e"
02-20 20:27:54.957  1374  1500 D AT      : AT< OK
02-20 20:27:54.957  1374  1498 D RIL     : parseRegistrationState. Parsing: +CGREG: 1,1,"0003","005b","000e"
02-20 20:27:54.957  1374  1498 D RIL     : registration state type: 3GPP
02-20 20:27:54.957  1919  1919 D RILJ    : [3676]> QUERY_NETWORK_SELECTION_MODE [SUB0]
02-20 20:27:54.958  1374  1498 D RIL     : onRequest: VOICE_REGISTRATION_STATE
02-20 20:27:54.958  1374  1498 D RIL     : requestRegistrationState
02-20 20:27:54.958  1374  1498 D AT      : AT> AT+CREG?
02-20 20:27:54.958  1374  1500 D AT      : AT< +CREG: 2,1, "0003", "005b"
02-20 20:27:54.958  1374  1500 D AT      : AT< OK
02-20 20:27:54.958  1919  1919 D RILJ    : [3677]> GET_CURRENT_CALLS [SUB0]
02-20 20:27:54.958  1919  1988 D RILJ    : [3674]< DATA_REGISTRATION_STATE {1, 3, 5b, 14, null, null} [SUB0]
02-20 20:27:54.958  1374  1498 D RIL     : parseRegistrationState. Parsing: +CREG: 2,1, "0003", "005b"
02-20 20:27:54.958  1374  1498 D RIL     : registration state type: 3GPP
02-20 20:27:54.958  1919  1919 D RILJ    : [3678]> RIL_REQUEST_IMS_REGISTRATION_STATE [SUB0]
02-20 20:27:54.959  1374  1498 D RIL     : onRequest: QUERY_NETWORK_SELECTION_MODE
02-20 20:27:54.959  1919  1919 D RILJ    : [3679]> RIL_REQUEST_CDMA_GET_SUBSCRIPTION_SOURCE [SUB0]
02-20 20:27:54.959  1374  1498 D AT      : AT> AT+COPS?
02-20 20:27:54.959  1374  1500 D AT      : AT< +COPS: 0,2,310260
02-20 20:27:54.959  1374  1500 D AT      : AT< OK
02-20 20:27:54.959  1374  1498 D RIL     : onRequest: GET_CURRENT_CALLS
02-20 20:27:54.959  1374  1498 D AT      : AT> AT+CLCC
02-20 20:27:54.959  1919  1919 D GsmCdmaPhone: [GsmCdmaPhone] Event EVENT_RADIO_ON Received
02-20 20:27:54.959  1919  1919 D RILJ    : [3680]> RIL_REQUEST_VOICE_RADIO_TECH [SUB0]
02-20 20:27:54.959  1374  1500 D AT      : AT< OK
02-20 20:27:54.959  1374  1498 D RIL     : onRequest: IMS_REGISTRATION_STATE
02-20 20:27:54.959  1374  1498 D RIL     : IMS_REGISTRATION=0, format=1 
02-20 20:27:54.959  1374  1498 D RIL     : onRequest: CDMA_GET_SUBSCRIPTION_SOURCE
02-20 20:27:54.959  1374  1498 D RIL     : Request not supported. Tech: 1
02-20 20:27:54.960  1374  1498 D RIL     : onRequest: VOICE_RADIO_TECH
02-20 20:27:54.960  1919  1988 D RILJ    : [3675]< VOICE_REGISTRATION_STATE {1, 3, 5b, 0, null, null, null, null, null, null, null, null, null, null, null} [SUB0]
02-20 20:27:54.960  1919  1988 D RILJ    : [3676]< QUERY_NETWORK_SELECTION_MODE {0} [SUB0]
02-20 20:27:54.960  1919  1988 D RILJ    : [3677]< GET_CURRENT_CALLS {} [SUB0]
02-20 20:27:54.960  1919  1988 D RILJ    : [3678]< RIL_REQUEST_IMS_REGISTRATION_STATE {0, 1} [SUB0]
02-20 20:27:54.960  1919  1988 D RilRequest: [3679]< RIL_REQUEST_CDMA_GET_SUBSCRIPTION_SOURCE error: com.android.internal.telephony.CommandException: REQUEST_NOT_SUPPORTED ret=
02-20 20:27:54.960  1919  1988 D RILJ    : [3680]< RIL_REQUEST_VOICE_RADIO_TECH {11} [SUB0]
02-20 20:27:54.964  1919  1919 D UiccController: Received EVENT_ICC_STATUS_CHANGED, calling getIccCardStatus
02-20 20:27:54.968  1919  1919 D RILJ    : [3681]> GET_SIM_STATUS [SUB0]
02-20 20:27:54.968  1919  1919 D SST     : EVENT_POLL_STATE_NETWORK_SELECTION_MODE
02-20 20:27:54.968  1919  1919 D SST     : EVENT_POLL_STATE_NETWORK_SELECTION_MODE
02-20 20:27:54.968  1374  1498 D RIL     : onRequest: GET_SIM_STATUS
02-20 20:27:54.968  1374  1498 D RIL     : getSIMStatus(). sState: 10
02-20 20:27:54.968  1374  1498 D AT      : AT> AT+CPIN?
02-20 20:27:54.969  1374  1500 D AT      : AT< +CPIN: READY
02-20 20:27:54.969  1374  1500 D AT      : AT< OK
02-20 20:27:54.969  1919  1988 D RILJ    : [3681]< GET_SIM_STATUS IccCardState {CARDSTATE_PRESENT,PINSTATE_UNKNOWN,num_apps=2,gsm_id=0{APPTYPE_SIM,APPSTATE_READY},cdma_id=1{APPTYPE_RUIM,APPSTATE_READY},ims_id=8} [SUB0]
02-20 20:27:54.970  1772  1772 E BluetoothAdapter: Bluetooth binder is null
02-20 20:27:54.971  1919  1919 D PhoneSwitcher: evaluating due to netRequest default 0->1 phone[0] 0->-2
02-20 20:27:54.972  1919  1919 D TelephonyNetworkFactory[0]: not acting - isApp=false, isAct=false NetworkRequest [ REQUEST id=1, [ Capabilities: INTERNET&NOT_RESTRICTED&TRUSTED&NOT_VPN] ]
02-20 20:27:54.972  1919  1919 D CAT     : CatService: handleMessage[8]
02-20 20:27:54.972  1919  1919 D CAT     : CatService: MSG_ID_ICC_CHANGED
02-20 20:27:54.972  1919  1919 D CAT     : CatService: New Card State = CARDSTATE_PRESENT Old Card State = CARDSTATE_ABSENT
02-20 20:27:54.973  1919  1919 D RILJ    : [3682]> RIL_REQUEST_REPORT_STK_SERVICE_IS_RUNNING [SUB0]
02-20 20:27:54.973  1374  1498 D RIL     : onRequest: REPORT_STK_SERVICE_IS_RUNNING
02-20 20:27:54.973  1374  1498 D RIL     : Request not supported. Tech: 1
02-20 20:27:54.973  1919  1919 D GsmCdmaPhone: [GsmCdmaPhone] New Uicc application found. type = APPTYPE_SIM
02-20 20:27:54.973  1919  1919 D GsmSMSDispatcher: GsmSMSDispatcher: subId = -2 slotId = 0
02-20 20:27:54.973  1919  1919 D GsmSMSDispatcher: New Uicc application found
02-20 20:27:54.973  1919  1919 D IccCardProxy: Icc changed. Reregestering.
02-20 20:27:54.973  1919  1988 D RilRequest: [3682]< RIL_REQUEST_REPORT_STK_SERVICE_IS_RUNNING error: com.android.internal.telephony.CommandException: REQUEST_NOT_SUPPORTED ret=
02-20 20:27:54.973  1919  1919 D SST     : New card found
02-20 20:27:54.974  1919  1919 D CAT     : CatService: handleMessage[8]
02-20 20:27:54.974  1919  1919 D CAT     : CatService: MSG_ID_ICC_CHANGED
02-20 20:27:54.974  1919  1919 D CAT     : CatService: New Card State = CARDSTATE_PRESENT Old Card State = CARDSTATE_PRESENT
02-20 20:27:54.974  1919  1919 E SST     : error parsing GprsRegistrationState: java.lang.NumberFormatException: null
02-20 20:27:54.974  1919  1919 D SST     : handlPollStateResultMessage: GsmSST setDataRegState=0 regState=1 dataRadioTechnology=14
02-20 20:27:54.974  1919  1919 D SST     : EVENT_POLL_STATE_NETWORK_SELECTION_MODE
02-20 20:27:54.982  1919  1919 D SST     : Poll ServiceState done:  oldSS=[1 1 voice home data home null null null null null null  Unknown Unknown CSS not supported 0 0 RoamInd=0 DefRoamInd=0 EmergOnly=false IsDataRoamingFromRegistration=false IsUsingCarrierAggregation=false] newSS=[0 0 voice home data home Android Android 310260 Android Android 310260  Unknown LTE CSS not supported -1 -1 RoamInd=-1 DefRoamInd=-1 EmergOnly=false IsDataRoamingFromRegistration=false IsUsingCarrierAggregation=false] oldMaxDataCalls=1 mNewMaxDataCalls=1 oldReasonDataDenied=-1 mNewReasonDataDenied=-1
02-20 20:27:54.982  1919  1919 I gsm_service_state_change: [1,1,0,0]
02-20 20:27:54.982  1919  1919 D TelephonyManager: setTelephonyProperty: success phoneId=0 property=gsm.network.type value: LTE propVal=LTE
02-20 20:27:54.982  1919  1919 D SST     : pollStateDone: registering current mNitzUpdatedTime=true changing to false
02-20 20:27:54.982  1919  1919 D SIMRecords: [SIMRecords] getServiceProviderName: no brandOverride, providerName=null
02-20 20:27:54.982  1919  1919 D SIMRecords: [SIMRecords] getServiceProviderName: no brandOverride, providerName=null
02-20 20:27:54.982  1919  1919 D SST     : updateSpnDisplay: changed sending intent rule=2 showPlmn='true' plmn='Android' showSpn='false' spn='null' dataSpn='null' subId='-2'
02-20 20:27:54.983  1919  1919 D SubscriptionController: [setPlmnSpn] No valid subscription to store info
02-20 20:27:54.983  1919  1919 D SubscriptionController: notifySubscriptionInfoChanged:
02-20 20:27:54.983  1676  1790 D TelephonyRegistry: notifySubscriptionInfoChanged: first invocation mRecords.size=16
02-20 20:27:54.983  1676  1676 I GnssLocationProvider: WakeLock acquired by sendMessage(12, 0, null)
02-20 20:27:54.984  1919  1919 D TelephonyManager: setTelephonyProperty: success phoneId=0 property=gsm.operator.alpha value: Android propVal=Android
02-20 20:27:54.985  1919  1934 D SubscriptionController: [getActiveSubInfoList] Sub Controller not ready
02-20 20:27:54.985  1919  1919 D TelephonyManager: setTelephonyProperty: success phoneId=0 property=gsm.operator.numeric value: 310260 propVal=310260
02-20 20:27:54.985  1919  1919 D SST     : update mccmnc=310260 fromServiceState=true
02-20 20:27:54.986  1919  1919 D MccTable: updateMccMncConfiguration mccmnc='310260' fromServiceState=true
02-20 20:27:54.987  1919  1919 D SubscriptionController: [getPhoneId]- no sims, returning default phoneId=2147483647
02-20 20:27:54.988  1772  1772 I CameraManagerGlobal: Connecting to camera service
02-20 20:27:54.989  1919  1919 D MccTable: updateMccMncConfiguration defaultMccMnc=
02-20 20:27:54.989  1919  1919 D MccTable: updateMccMncConfiguration: mcc=310, mnc=260
02-20 20:27:54.989  1919  1919 D MccTable: WIFI_COUNTRY_CODE set to us
02-20 20:27:54.990  1365  1365 V EmulatedCamera_Camera: getCameraInfo
02-20 20:27:54.990  1365  1365 V EmulatedCamera_BaseCamera: getCameraInfo
02-20 20:27:54.990  1365  1365 I CameraService: getCameraCharacteristics: Switching to HAL1 shim implementation...
02-20 20:27:54.990  1365  1365 V EmulatedCamera_Camera: getCameraInfo
02-20 20:27:54.990  1365  1365 V EmulatedCamera_BaseCamera: getCameraInfo
02-20 20:27:54.990  1365  1365 I CameraService: CameraService::connect call (PID -1 "cameraserver", camera ID 0) for HAL version default and Camera API version 1
02-20 20:27:54.991  1676  1688 I WifiService: WifiService trying to set country code to us with persist set to false
02-20 20:27:54.991  1365  1365 E CameraService: getCameraPriorityFromProcState: Received invalid process state -1 from ActivityManagerService!
02-20 20:27:54.991  1365  1365 V EmulatedCamera_Camera: getCameraInfo
02-20 20:27:54.991  1365  1365 V EmulatedCamera_BaseCamera: getCameraInfo
02-20 20:27:54.991  1676  1688 D WifiCountryCode: Succeeded to set country code to: US
02-20 20:27:54.991  1919  1919 D TelephonyManager: setTelephonyProperty: success phoneId=0 property=gsm.operator.iso-country value: us propVal=us
02-20 20:27:55.001  1372  2065 E WVMExtractor: Failed to open libwvm.so: dlopen failed: library "libwvm.so" not found
02-20 20:27:55.004  1919  1919 D SST     : pollStateDone: there are 6 unique offsets for iso-cc='us testOneUniqueOffsetPath=false', do nothing
02-20 20:27:55.004  1919  1919 D SST     : shouldFixTimeZoneNow: retVal=true iccCardExist=true operatorNumeric=310260 mcc=310 prevOperatorNumeric= prevMcc=311 needToFixTimeZone=false ltod=02-20 20:27:55.004
02-20 20:27:55.004  1919  1919 D SST     : fixTimeZone zoneName='GMT' mZoneOffset=0 mZoneDst=false iso-cc='us' iso-cc-idx=-21
02-20 20:27:55.004  1919  1919 D SST     : fixTimeZone: using default TimeZone
02-20 20:27:55.004  1919  1919 D SST     : fixTimeZone: zone != null zone.getID=GMT
02-20 20:27:55.005  1919  1919 D SST     : setAndBroadcastNetworkSetTimeZone: setTimeZone=GMT
02-20 20:27:55.005  1676  1857 D AlarmManagerService: Kernel timezone updated to 0 minutes west of GMT
02-20 20:27:55.006  1919  1919 D SST     : setAndBroadcastNetworkSetTimeZone: call alarm.setTimeZone and broadcast zoneId=GMT
02-20 20:27:55.006  1919  1919 D TelephonyManager: setTelephonyProperty: success phoneId=0 property=gsm.operator.isroaming value: false propVal=false
02-20 20:27:55.006  1919  1919 D SST     : Broadcasting ServiceState : 0 0 voice home data home Android Android 310260 Android Android 310260  Unknown LTE CSS not supported -1 -1 RoamInd=-1 DefRoamInd=-1 EmergOnly=false IsDataRoamingFromRegistration=false IsUsingCarrierAggregation=false
02-20 20:27:55.006  1919  1919 D DefaultPhoneNotifier: nofityServiceState: mRegistry=com.android.internal.telephony.ITelephonyRegistry$Stub$Proxy@315cb28 ss=0 0 voice home data home Android Android 310260 Android Android 310260  Unknown LTE CSS not supported -1 -1 RoamInd=-1 DefRoamInd=-1 EmergOnly=false IsDataRoamingFromRegistration=false IsUsingCarrierAggregation=false sender=Handler (com.android.internal.telephony.GsmCdmaPhone) {4881af3} phondId=0 subId=-2
02-20 20:27:55.006  1919  1919 D SubscriptionController: [getSlotId]- subId invalid
02-20 20:27:55.006  1372  2064 D NuPlayerDriver: notifyListener_l(0xe538c480), (1, 0, 0), loop setting(0, 0)
02-20 20:27:55.006  1676  1687 D TelephonyManager: getSimState: default sim:-1, sim state for slotIdx=0 is 6, return state as unknown
02-20 20:27:55.007  1919  1919 D SST     : notifyDataRegStateRilRadioTechnologyChanged: drs=0 rat=14
02-20 20:27:55.007  1919  1919 D TelephonyManager: setTelephonyProperty: success phoneId=0 property=gsm.network.type value: LTE propVal=LTE
02-20 20:27:55.007  1919  1919 D DCT     : [0]get all active apn types
02-20 20:27:55.007  1919  1919 D SST     : getCellLocation(): X good mCellLoc=[3,91,-1]
02-20 20:27:55.007  1676  1857 D TelephonyRegistry: notifyCellLocationForSubscriber: subId=-2 cellLocation=Bundle[mParcelledData.dataSize=64]
02-20 20:27:55.007  1919  1919 D GsmCdmaCallTracker: Event EVENT_POLL_CALLS_RESULT Received
02-20 20:27:55.007  1919  1919 D GsmCdmaCallTracker: [GsmCdmaCallTracker] update phone state, old=IDLE new=IDLE
