02-20 20:29:12.655  1647  1950 D TelephonyRegistry: listen oscl: hasNotifySubscriptionInfoChangedOccurred==false no callback
02-20 20:29:12.660  1647  1729 I WifiConnectivityManager: Set WiFi enabled
02-20 20:29:12.660  1647  1729 I WifiConnectivityManager: scheduleWatchdogTimer
02-20 20:29:12.660  1647  1729 D WifiNative-HAL: Failing getSupportedFeatureset because HAL isn't started
02-20 20:29:12.675  1647  1693 E BatteryStatsService: no controller energy info supplied
02-20 20:29:12.676  1647  1693 E KernelCpuSpeedReader: Failed to read cpu-freq: /sys/devices/system/cpu/cpu0/cpufreq/stats/time_in_state (No such file or directory)
02-20 20:29:12.676  1647  1693 E KernelUidCpuTimeReader: Failed to read uid_cputime: /proc/uid_cputime/show_uid_stat (No such file or directory)
02-20 20:29:12.677  2021  2021 W art     : Unexpected CPU variant for X86 using defaults: x86_64
02-20 20:29:12.684  1647  1729 D WifiNative-HAL: Failing getSupportedFeatureset because HAL isn't started
02-20 20:29:12.684  1647  1693 E BatteryStatsService: no controller energy info supplied
02-20 20:29:12.684  1647  1693 E KernelCpuSpeedReader: Failed to read cpu-freq: /sys/devices/system/cpu/cpu0/cpufreq/stats/time_in_state (No such file or directory)
02-20 20:29:12.684  1910  1910 D Dcc     : E ctor
02-20 20:29:12.684  1910  1910 D Dcc     : X ctor
02-20 20:29:12.684  1647  1693 E KernelUidCpuTimeReader: Failed to read uid_cputime: /proc/uid_cputime/show_uid_stat (No such file or directory)
02-20 20:29:12.685  1910  1910 D SubscriptionController: [getPhoneId] asked for default subId=-1
02-20 20:29:12.685  1647  1647 D TelephonyRegistry: notifyCellLocationForSubscriber: subId=0 cellLocation=Bundle[{}]
02-20 20:29:12.685  1910  1940 D SubscriptionController: [getPhoneId]- no sims, returning default phoneId=2147483647
02-20 20:29:12.686  1910  2026 D DcTesterDeacativateAll: register for intent action=com.android.internal.telephony.dataconnection.action_deactivate_all
02-20 20:29:12.686  1910  2026 D DcTesterDeacativateAll: register for intent action=com.android.internal.telephony.action_detached
02-20 20:29:12.687  1910  1910 D DcTesterFailBrinupAll: register for intent action=com.android.internal.telephony.dataconnection.action_fail_bringup
02-20 20:29:12.687  1910  1910 D DcTesterFailBrinupAll: register for intent action=com.android.internal.telephony.action_detached
02-20 20:29:12.687  1910  1910 D DcTesterFailBrinupAll: register for intent action=com.android.internal.telephony.action_attached
02-20 20:29:12.689  1910  1910 D SST     : notifyDataRegStateRilRadioTechnologyChanged: drs=1 rat=0
02-20 20:29:12.689  1910  1910 D TelephonyManager: setTelephonyProperty: success phoneId=0 property=gsm.network.type value: Unknown propVal=Unknown
02-20 20:29:12.689  1647  1647 D RttService: SCAN_AVAILABLE : 3
02-20 20:29:12.690  1910  1910 D DCT     : [0]update sub = -2
02-20 20:29:12.690  1910  1910 D DCT     : [0]update(): Active DDS, register for all events now!
02-20 20:29:12.691  1910  1910 D GsmCdmaPhone: [GsmCdmaPhone] updateCurrentCarrierInProvider: mSubId = -2 currentDds = 1 operatorNumeric = null
02-20 20:29:12.691  1647  1735 I WifiScanningService: wifi driver loaded with scan capabilities: max buckets=16
02-20 20:29:12.691  1647  1736 D RttService: DefaultState got{ when=-2ms what=160512 target=com.android.internal.util.StateMachine$SmHandler }
02-20 20:29:12.692  1910  1910 D DCT     : [0]initApnContexts: E
02-20 20:29:12.692  1910  1910 D DCT     : [0]initApnContexts: skipping unknown type=1
02-20 20:29:12.692  1910  1910 D DCT     : [0]initApnContexts: apnContext={mApnType=default mState=IDLE mWaitingApns={null} mApnSetting={null} mReason=dataEnabled mDataEnabled=false mDependencyMet=true}
02-20 20:29:12.692  1910  1910 D DCT     : [0]initApnContexts: apnContext={mApnType=mms mState=IDLE mWaitingApns={null} mApnSetting={null} mReason=dataEnabled mDataEnabled=false mDependencyMet=true}
02-20 20:29:12.692  1910  1910 D DCT     : [0]initApnContexts: apnContext={mApnType=supl mState=IDLE mWaitingApns={null} mApnSetting={null} mReason=dataEnabled mDataEnabled=false mDependencyMet=true}
02-20 20:29:12.692  1910  1910 D DCT     : [0]initApnContexts: apnContext={mApnType=hipri mState=IDLE mWaitingApns={null} mApnSetting={null} mReason=dataEnabled mDataEnabled=false mDependencyMet=true}
02-20 20:29:12.692  1910  1910 D DCT     : [0]initApnContexts: apnContext={mApnType=fota mState=IDLE mWaitingApns={null} mApnSetting={null} mReason=dataEnabled mDataEnabled=false mDependencyMet=true}
02-20 20:29:12.692  1910  1910 D DCT     : [0]initApnContexts: apnContext={mApnType=ims mState=IDLE mWaitingApns={null} mApnSetting={null} mReason=dataEnabled mDataEnabled=false mDependencyMet=true}
02-20 20:29:12.692  1910  1910 D DCT     : [0]initApnContexts: apnContext={mApnType=cbs mState=IDLE mWaitingApns={null} mApnSetting={null} mReason=dataEnabled mDataEnabled=false mDependencyMet=true}
02-20 20:29:12.692  1910  1910 D DCT     : [0]initApnContexts: skipping unknown type=13
02-20 20:29:12.693  1910  1910 D DCT     : [0]initApnContexts: apnContext={mApnType=ia mState=IDLE mWaitingApns={null} mApnSetting={null} mReason=dataEnabled mDataEnabled=false mDependencyMet=true}
02-20 20:29:12.693  1910  1910 D DCT     : [0]initApnContexts: apnContext={mApnType=emergency mState=IDLE mWaitingApns={null} mApnSetting={null} mReason=dataEnabled mDataEnabled=false mDependencyMet=true}
02-20 20:29:12.695  1910  2026 D Dcc     : DccDefaultState: msg.what=EVENT_RIL_CONNECTED mRilVersion=12
02-20 20:29:12.707  1910  1910 D GsmCdmaPhone: [GsmCdmaPhone] GsmCdmaPhone: constructor: sub = 0
02-20 20:29:12.707  1910  1910 I PhoneFactory: Creating Phone with type = 1 sub = 0
02-20 20:29:12.709  1910  1910 I PhoneFactory: defaultSmsApplication: NONE
02-20 20:29:12.710  1312  1324 E SurfaceFlinger: ro.sf.lcd_density must be defined as a build property
02-20 20:29:12.723  1918  1986 D EGL_emulation: eglMakeCurrent: 0x75d681379480: ver 3 0 (tinfo 0x75d68b9f6f80)
02-20 20:29:12.724  1765  1765 D         : HostConnection::get() New Host Connection established 0x75d670e52480, tid 1765
02-20 20:29:12.728  1371  1371 I MediaPlayerService: MediaPlayerService::getOMX
02-20 20:29:12.729  1647  2033 I OMXClient: MuxOMX ctor
02-20 20:29:12.745  1368  1386 I OMXMaster: makeComponentInstance(OMX.google.vorbis.decoder) in mediacodec process
02-20 20:29:12.752  1647  1749 I am_proc_bound: [0,2021,com.android.cellbroadcastreceiver]
02-20 20:29:12.754  1910  1910 I PhoneFactory: Creating SubInfoRecordUpdater 
02-20 20:29:12.755  1910  1910 D SubscriptionInfoUpdater: Constructor invoked
02-20 20:29:12.782  2021  2021 W System  : ClassLoader referenced unknown path: /system/priv-app/CellBroadcastReceiver/lib/x86_64
02-20 20:29:12.788  1647  1697 I am_activity_launch_time: [0,53660736,com.android.settings/.FallbackHome,866,866]
02-20 20:29:12.788  1647  1697 I ActivityManager: Displayed com.android.settings/.FallbackHome: +866ms
02-20 20:29:12.790  1647  1690 I boot_progress_enable_screen: 10790
02-20 20:29:12.799  1647  1690 V KeyguardServiceDelegate: *** Keyguard started
02-20 20:29:12.800  1647  1690 I screen_toggled: 1
02-20 20:29:12.800  1647  1697 I WindowManager: Screen frozen for +772ms due to AppWindowToken{32d911f token=Token{5ca779 ActivityRecord{332cc40 u0 com.android.settings/.FallbackHome t1}}}
02-20 20:29:12.808  1647  1690 W KeyguardServiceDelegate: onScreenTurningOn(): no keyguard service!
02-20 20:29:12.814  1765  1765 D StorageNotification: Notifying about private volume: VolumeInfo{private}:
02-20 20:29:12.814  1765  1765 D StorageNotification:     type=PRIVATE diskId=null partGuid=null mountFlags=0 mountUserId=-1 
02-20 20:29:12.814  1765  1765 D StorageNotification:     state=MOUNTED 
02-20 20:29:12.814  1765  1765 D StorageNotification:     fsType=null fsUuid=null fsLabel=null 
02-20 20:29:12.814  1765  1765 D StorageNotification:     path=/data internalPath=null 
02-20 20:29:12.816  1765  1765 D StorageNotification: Notifying about public volume: VolumeInfo{public:253,64}:
02-20 20:29:12.816  1765  1765 D StorageNotification:     type=PUBLIC diskId=disk:253,64 partGuid=null mountFlags=VISIBLE 
02-20 20:29:12.816  1765  1765 D StorageNotification:     mountUserId=0 state=MOUNTED 
02-20 20:29:12.816  1765  1765 D StorageNotification:     fsType=vfat fsUuid=1E12-0B12 fsLabel=SDCARD 
02-20 20:29:12.816  1765  1765 D StorageNotification:     path=/storage/1E12-0B12 internalPath=/mnt/media_rw/1E12-0B12 
02-20 20:29:12.820  1647  1647 I notification_enqueue: [10028,1765,com.android.systemui,1397773634,public:253,64,-1,Notification(pri=0 contentView=null vibrate=null sound=null defaults=0x0 flags=0x100 color=0xff607d8b category=sys actions=2 vis=PUBLIC),0]
02-20 20:29:12.822  1371  1957 I MediaPlayerService: MediaPlayerService::getOMX
02-20 20:29:12.822  1647  2044 I OMXClient: MuxOMX ctor
02-20 20:29:12.822  1368  1386 I OMXMaster: makeComponentInstance(OMX.google.vorbis.decoder) in mediacodec process
02-20 20:29:12.823  1647  1686 D TelephonyRegistry: listen oscl: hasNotifySubscriptionInfoChangedOccurred==false no callback
02-20 20:29:12.823  1910  1910 D SubscriptionController: [getPhoneId]- no sims, returning default phoneId=2147483647
02-20 20:29:12.824  1647  1685 D TelephonyRegistry: listen oscl: hasNotifySubscriptionInfoChangedOccurred==false no callback
02-20 20:29:12.824  1910  1910 D PhoneSwitcherNetworkRequstListener: Registering NetworkFactory
02-20 20:29:12.825  1647  1737 D ConnectivityService: Got NetworkFactory Messenger for PhoneSwitcherNetworkRequstListener
02-20 20:29:12.825  1910  1910 D PhoneSwitcher: PhoneSwitcher started
02-20 20:29:12.825  1910  1910 D ProxyController: Constructor - Enter
02-20 20:29:12.836  1910  1910 D ProxyController: clearTransaction
02-20 20:29:12.836  1910  1910 D ProxyController: clearTransaction: phoneId=0 status=IDLE
02-20 20:29:12.836  1910  1910 D ProxyController: Constructor - Exit
02-20 20:29:12.837  1910  1910 D TelephonyNetworkFactory[0]: Registering NetworkFactory
02-20 20:29:12.837  1647  1737 D ConnectivityService: Got NetworkFactory Messenger for TelephonyNetworkFactory[0]
02-20 20:29:12.838  1910  1910 D CallManager: registerPhone(GSM Handler (com.android.internal.telephony.GsmCdmaPhone) {edf2142})
02-20 20:29:12.840  1647  1790 D TelephonyRegistry: listen oscl: hasNotifySubscriptionInfoChangedOccurred==false no callback
02-20 20:29:12.877  1647  1743 E ActivityThread: Failed to find provider info for com.android.calendar
02-20 20:29:12.878  1647  1743 E ActivityThread: Failed to find provider info for com.android.calendar
02-20 20:29:12.916  1371  1841 I MediaPlayerService: MediaPlayerService::getOMX
02-20 20:29:12.916  1647  2050 I OMXClient: MuxOMX ctor
02-20 20:29:12.916  1368  1368 I OMXMaster: makeComponentInstance(OMX.google.vorbis.decoder) in mediacodec process
02-20 20:29:12.985  1647  1742 D NotificationSQLiteLog: Pruned event entries: 0
02-20 20:29:12.986  1910  1940 D SubscriptionController: [getPhoneId]- no sims, returning default phoneId=2147483647
02-20 20:29:13.019  1910  1910 D CarrierConfigLoader: CarrierConfigLoader has started
02-20 20:29:13.020  1910  1910 E BluetoothAdapter: Bluetooth binder is null
02-20 20:29:13.020  1647  1749 D TelephonyRegistry: listen oscl: hasNotifySubscriptionInfoChangedOccurred==false no callback
02-20 20:29:13.029  1647  1689 I SyncManager: Got SyncJobService instance.
02-20 20:29:13.030  1910  2056 E ActivityThread: Failed to find provider info for com.android.contacts
02-20 20:29:13.030  1910  2056 W CallerInfoCache: cursor is null
02-20 20:29:13.031  1647  1647 I FusedLocation: engine started (com.android.location.fused)
02-20 20:29:13.074  1910  1910 D RILJ    : [3655]> RIL_REQUEST_SET_TTY_MODE : 0 [SUB0]
02-20 20:29:13.074  1373  1496 D RIL     : onRequest: SET_TTY_MODE
02-20 20:29:13.074  1910  1993 D RilRequest: [3655]< RIL_REQUEST_SET_TTY_MODE error: com.android.internal.telephony.CommandException: RADIO_NOT_AVAILABLE ret=
02-20 20:29:13.075  1910  1910 I Telephony: TtyManager: updateUiTtyMode -1 -> 0
02-20 20:29:13.077  1647  1790 D TelephonyRegistry: listen oscl: hasNotifySubscriptionInfoChangedOccurred==false no callback
02-20 20:29:13.077  1910  1910 D SubscriptionController: [getPhoneId] asked for default subId=-1
02-20 20:29:13.078  1910  1910 D UiccController: EVENT_RADIO_UNAVAILABLE, dispose card
02-20 20:29:13.078  1910  1910 D UiccController: Received EVENT_ICC_STATUS_CHANGED, calling getIccCardStatus
02-20 20:29:13.078  1910  1910 D RILJ    : [3656]> GET_SIM_STATUS [SUB0]
02-20 20:29:13.079  1373  1496 D RIL     : onRequest: GET_SIM_STATUS
02-20 20:29:13.079  1373  1496 D RIL     : getSIMStatus(). sState: 0
02-20 20:29:13.079  1910  1910 D Phone   : config LCE service failed: com.android.internal.telephony.CommandException: RADIO_NOT_AVAILABLE
02-20 20:29:13.079  1910  1910 D GsmSMSDispatcher: GsmSMSDispatcher: subId = -2 slotId = 0
02-20 20:29:13.079  1910  1910 E IccCardProxy: setExternalState: !override and newstate unchanged from NOT_READY
02-20 20:29:13.079  1910  1910 D RILJ    : [3657]> BASEBAND_VERSION [SUB0]
02-20 20:29:13.079  1910  1910 D RILJ    : [3658]> GET_IMEI [SUB0]
02-20 20:29:13.079  1910  1993 D RILJ    : [3656]< GET_SIM_STATUS IccCardState {CARDSTATE_PRESENT,PINSTATE_UNKNOWN,num_apps=2,gsm_id=0{APPTYPE_SIM,APPSTATE_DETECTED},cdma_id=1{APPTYPE_RUIM,APPSTATE_DETECTED},ims_id=8} [SUB0]
02-20 20:29:13.079  1373  1496 D RIL     : onRequest: BASEBAND_VERSION
02-20 20:29:13.079  1910  1910 D RILJ    : [3659]> GET_IMEISV [SUB0]
02-20 20:29:13.079  1910  1993 D RilRequest: [3657]< BASEBAND_VERSION error: com.android.internal.telephony.CommandException: RADIO_NOT_AVAILABLE ret=
02-20 20:29:13.079  1373  1496 D RIL     : onRequest: GET_IMEI
02-20 20:29:13.079  1373  1496 D AT      : AT> AT+CGSN
02-20 20:29:13.079  1373  1499 D AT      : AT< 000000000000000
02-20 20:29:13.079  1373  1499 D AT      : AT< OK
02-20 20:29:13.079  1910  1910 D RILJ    : [3660]> RIL_REQUEST_GET_RADIO_CAPABILITY [SUB0]
02-20 20:29:13.079  1910  1993 D RILJ    : [3658]< GET_IMEI  [SUB0]
02-20 20:29:13.079  1373  1496 D RIL     : onRequest: GET_IMEISV
02-20 20:29:13.080  1910  1910 D RILJ    : [3661]> RIL_REQUEST_START_LCE [SUB0]
02-20 20:29:13.080  1373  1496 D RIL     : onRequest: RIL_REQUEST_GET_RADIO_CAPABILITY
02-20 20:29:13.081  1910  1910 D GsmCdmaPhone: [GsmCdmaPhone] Event EVENT_RADIO_OFF_OR_NOT_AVAILABLE Received
02-20 20:29:13.081  1910  1910 E IccCardProxy: setExternalState: !override and newstate unchanged from NOT_READY
02-20 20:29:13.081  1910  1910 D SST     : mDeviceShuttingDown=false, mDesiredPowerState=true, getRadioState=RADIO_OFF, mPowerOffDelayNeed=true, mAlarmSwitch=false, mRadioDisabledByCarrier=false
02-20 20:29:13.081  1910  1910 D RILJ    : [3662]> RADIO_POWER on [SUB0]
02-20 20:29:13.081  1910  1993 D RilRequest: [3659]< GET_IMEISV error: com.android.internal.telephony.CommandException: RADIO_NOT_AVAILABLE ret=
02-20 20:29:13.081  1373  1496 D RIL     : onRequest: <unknown request>
02-20 20:29:13.081  1910  1910 D RILJ    : [3663]> OPERATOR [SUB0]
02-20 20:29:13.081  1373  1496 D RIL     : onRequest: RADIO_POWER
02-20 20:29:13.081  1373  1496 D AT      : AT> AT+CFUN=1
02-20 20:29:13.082  1373  1499 D AT      : AT< OK
02-20 20:29:13.082  1373  1496 D RIL     : setRadioState(10)
02-20 20:29:13.082  1910  1993 D RilRequest: [3660]< RIL_REQUEST_GET_RADIO_CAPABILITY error: com.android.internal.telephony.CommandException: RADIO_NOT_AVAILABLE ret=
02-20 20:29:13.082  1910  1993 D RilRequest: [3661]< RIL_REQUEST_START_LCE error: com.android.internal.telephony.CommandException: RADIO_NOT_AVAILABLE ret=
02-20 20:29:13.082  1910  1993 D RILJ    : [UNSL]< UNSOL_RESPONSE_RADIO_STATE_CHANGED RADIO_ON [SUB0]
02-20 20:29:13.082  1910  1993 D RILJ    : [UNSL]< UNSOL_RESPONSE_SIM_STATUS_CHANGED [SUB0]
02-20 20:29:13.083  1910  1910 D RILJ    : [3664]> DATA_REGISTRATION_STATE [SUB0]
02-20 20:29:13.083  1373  1496 D RIL     : onRequest: OPERATOR
02-20 20:29:13.083  1373  1496 D AT      : AT> AT+COPS=3,0;+COPS?;+COPS=3,1;+COPS?;+COPS=3,2;+COPS?
02-20 20:29:13.083  1373  1499 D AT      : AT< +COPS: 0,0,"Android"
02-20 20:29:13.083  1373  1499 D AT      : AT< +COPS: 0,1,"Android"
02-20 20:29:13.083  1373  1499 D AT      : AT< +COPS: 0,2,"310260"
02-20 20:29:13.083  1373  1499 D AT      : AT< OK
02-20 20:29:13.083  1910  1993 D RILJ    : [3662]< RADIO_POWER  [SUB0]
02-20 20:29:13.084  1910  1910 D RILJ    : [3665]> VOICE_REGISTRATION_STATE [SUB0]
02-20 20:29:13.085  1373  1496 D RIL     : onRequest: DATA_REGISTRATION_STATE
02-20 20:29:13.085  1373  1496 D RIL     : requestRegistrationState
02-20 20:29:13.085  1373  1496 D AT      : AT> AT+CGREG?
02-20 20:29:13.085  1373  1499 D AT      : AT< +CGREG: 1,1,"0003","005b","000e"
02-20 20:29:13.085  1373  1499 D AT      : AT< OK
02-20 20:29:13.085  1373  1496 D RIL     : parseRegistrationState. Parsing: +CGREG: 1,1,"0003","005b","000e"
02-20 20:29:13.085  1373  1496 D RIL     : registration state type: 3GPP
02-20 20:29:13.085  1910  1993 D RILJ    : [3663]< OPERATOR {Android, Android, 310260} [SUB0]
02-20 20:29:13.085  1910  1993 D RILJ    : [3664]< DATA_REGISTRATION_STATE {1, 3, 5b, 14, null, null} [SUB0]
02-20 20:29:13.089  1910  1910 D RILJ    : [3666]> QUERY_NETWORK_SELECTION_MODE [SUB0]
02-20 20:29:13.089  1373  1496 D RIL     : onRequest: VOICE_REGISTRATION_STATE
02-20 20:29:13.089  1373  1496 D RIL     : requestRegistrationState
02-20 20:29:13.089  1373  1496 D AT      : AT> AT+CREG?
02-20 20:29:13.090  1373  1499 D AT      : AT< +CREG: 2,1, "0003", "005b"
02-20 20:29:13.090  1373  1499 D AT      : AT< OK
02-20 20:29:13.090  1373  1496 D RIL     : parseRegistrationState. Parsing: +CREG: 2,1, "0003", "005b"
02-20 20:29:13.090  1373  1496 D RIL     : registration state type: 3GPP
02-20 20:29:13.090  1910  1993 D RILJ    : [3665]< VOICE_REGISTRATION_STATE {1, 3, 5b, 0, null, null, null, null, null, null, null, null, null, null, null} [SUB0]
02-20 20:29:13.090  1373  1496 D RIL     : onRequest: QUERY_NETWORK_SELECTION_MODE
02-20 20:29:13.090  1373  1496 D AT      : AT> AT+COPS?
02-20 20:29:13.090  1910  1910 D SST     : NITZ: 18/02/20:20:29:07+0:0:Unknown!Unknown,4148 start=11090 delay=6942
02-20 20:29:13.091  1910  1910 D SST     : NITZ: tzOffset=0 dst=0 zone=GMT iso= mGotCountryCode=false mNeedFixZoneAfterNitz=false
02-20 20:29:13.091  1373  1499 D AT      : AT< +COPS: 0,2,310260
02-20 20:29:13.091  1373  1499 D AT      : AT< OK
02-20 20:29:13.091  1910  1993 D RILJ    : [3666]< QUERY_NETWORK_SELECTION_MODE {0} [SUB0]
02-20 20:29:13.091  1910  1910 D SST     : setAndBroadcastNetworkSetTimeZone: setTimeZone=GMT
02-20 20:29:13.091  1647  1790 D AlarmManagerService: Kernel timezone updated to 0 minutes west of GMT
02-20 20:29:13.095  1910  1910 D SST     : setAndBroadcastNetworkSetTimeZone: call alarm.setTimeZone and broadcast zoneId=GMT
02-20 20:29:13.095  1910  1910 D SST     : NITZ: Setting time of day to Tue Feb 20 20:29:13 GMT+00:00 2018 NITZ receive delay(ms): 6947 gained(ms): 852 from 18/02/20:20:29:07+0:0:Unknown!Unknown
02-20 20:29:13.095  1910  1910 D SST     : setAndBroadcastNetworkSetTime: time=1519158553947ms
02-20 20:29:13.095  1647  1749 D AlarmManagerService: Setting time of day to sec=1519158553
02-20 20:29:13.947  1647  1749 W AlarmManagerService: Unable to set rtc to 1519158553: No such device
02-20 20:29:13.950  1647  1647 D ConditionProviders.SCP: onReceive android.intent.action.TIME_SET
02-20 20:29:13.950  1647  1647 D ConditionProviders.SCP: notifyCondition condition://android/schedule?days=6.7&start=23.30&end=10.0&exitAtAlarm=false STATE_FALSE reason=!meetsSchedule
02-20 20:29:13.950  1647  1647 D ConditionProviders.SCP: notifyCondition condition://android/schedule?days=1.2.3.4.5&start=22.0&end=7.0&exitAtAlarm=false STATE_FALSE reason=!meetsSchedule
02-20 20:29:13.951  1647  1647 D ConditionProviders.SCP: Scheduling evaluate for Tue Feb 20 22:00:00 GMT+00:00 2018 (1519164000000), in +1h30m46s50ms, now=Tue Feb 20 20:29:13 GMT+00:00 2018 (1519158553950)
02-20 20:29:13.951  1647  1743 E ActivityThread: Failed to find provider info for com.android.calendar
02-20 20:29:13.951  1647  1743 E ActivityThread: Failed to find provider info for com.android.calendar
02-20 20:29:13.955  1910  1910 I SST     : NITZ: after Setting time of day
02-20 20:29:13.956  1910  1910 D SST     : NITZ: end=11105 dur=15
02-20 20:29:13.957  1910  1910 D SST     : mDeviceShuttingDown=false, mDesiredPowerState=true, getRadioState=RADIO_ON, mPowerOffDelayNeed=true, mAlarmSwitch=false, mRadioDisabledByCarrier=false
02-20 20:29:13.957  1910  1910 D RILJ    : [3667]> OPERATOR [SUB0]
02-20 20:29:13.957  1910  1910 D RILJ    : [3668]> DATA_REGISTRATION_STATE [SUB0]
02-20 20:29:13.957  1373  1496 D RIL     : onRequest: OPERATOR
02-20 20:29:13.957  1373  1496 D AT      : AT> AT+COPS=3,0;+COPS?;+COPS=3,1;+COPS?;+COPS=3,2;+COPS?
02-20 20:29:13.957  1373  1499 D AT      : AT< +COPS: 0,0,"Android"
02-20 20:29:13.957  1373  1499 D AT      : AT< +COPS: 0,1,"Android"
02-20 20:29:13.957  1373  1499 D AT      : AT< +COPS: 0,2,"310260"
02-20 20:29:13.957  1373  1499 D AT      : AT< OK
02-20 20:29:13.958  1910  1910 D RILJ    : [3669]> VOICE_REGISTRATION_STATE [SUB0]
02-20 20:29:13.958  1910  1993 D RILJ    : [3667]< OPERATOR {Android, Android, 310260} [SUB0]
02-20 20:29:13.958  1373  1496 D RIL     : onRequest: DATA_REGISTRATION_STATE
02-20 20:29:13.958  1373  1496 D RIL     : requestRegistrationState
02-20 20:29:13.958  1373  1496 D AT      : AT> AT+CGREG?
02-20 20:29:13.958  1373  1499 D AT      : AT< +CGREG: 1,1,"0003","005b","000e"
02-20 20:29:13.958  1373  1499 D AT      : AT< OK
02-20 20:29:13.958  1373  1496 D RIL     : parseRegistrationState. Parsing: +CGREG: 1,1,"0003","005b","000e"
02-20 20:29:13.958  1373  1496 D RIL     : registration state type: 3GPP
02-20 20:29:13.958  1910  1910 D RILJ    : [3670]> QUERY_NETWORK_SELECTION_MODE [SUB0]
02-20 20:29:13.958  1373  1496 D RIL     : onRequest: VOICE_REGISTRATION_STATE
02-20 20:29:13.958  1373  1496 D RIL     : requestRegistrationState
02-20 20:29:13.958  1373  1496 D AT      : AT> AT+CREG?
02-20 20:29:13.959  1373  1499 D AT      : AT< +CREG: 2,1, "0003", "005b"
02-20 20:29:13.959  1373  1499 D AT      : AT< OK
02-20 20:29:13.959  1373  1496 D RIL     : parseRegistrationState. Parsing: +CREG: 2,1, "0003", "005b"
02-20 20:29:13.959  1373  1496 D RIL     : registration state type: 3GPP
02-20 20:29:13.959  1910  1993 D RILJ    : [3668]< DATA_REGISTRATION_STATE {1, 3, 5b, 14, null, null} [SUB0]
02-20 20:29:13.959  1910  1993 D RILJ    : [3669]< VOICE_REGISTRATION_STATE {1, 3, 5b, 0, null, null, null, null, null, null, null, null, null, null, null} [SUB0]
02-20 20:29:13.959  1910  1910 D SST     : onSignalStrengthResult() Exception from RIL : com.android.internal.telephony.CommandException: RADIO_NOT_AVAILABLE
02-20 20:29:13.959  1373  1496 D RIL     : onRequest: QUERY_NETWORK_SELECTION_MODE
02-20 20:29:13.959  1373  1496 D AT      : AT> AT+COPS?
02-20 20:29:13.960  1373  1499 D AT      : AT< +COPS: 0,2,310260
02-20 20:29:13.960  1373  1499 D AT      : AT< OK
02-20 20:29:13.960  1910  1993 D RILJ    : [3670]< QUERY_NETWORK_SELECTION_MODE {0} [SUB0]
02-20 20:29:13.961  1910  1910 D DCT     : [0]Wifi state changed
02-20 20:29:13.961  1910  1910 D DCT     : [0]WIFI_STATE_CHANGED_ACTION: enabled=true mIsWifiConnected=false
02-20 20:29:13.961  1910  1910 D DCT     : [0]NETWORK_STATE_CHANGED_ACTION: mIsWifiConnected=false
02-20 20:29:13.961  1910  1910 D DCT     : [0]onRadioAvailable
02-20 20:29:13.961  1910  1910 D DCT     : [0]onRadioOffOrNotAvailable: is off and clean up all connections
02-20 20:29:13.961  1910  1910 D DCT     : [0]cleanUpAllConnections: tearDown=false reason=radioTurnedOff
02-20 20:29:13.961  1910  1910 D GsmCdmaPhone: [GsmCdmaPhone] getDataConnectionState apnType=default ret=DISCONNECTED
02-20 20:29:13.963  1910  1910 D DCT     : [0]cleanUpConnection: X tearDown=false reason=radioTurnedOff apnContext={mApnType=default mState=IDLE mWaitingApns={null} mApnSetting={null} mReason=radioTurnedOff mDataEnabled=false mDependencyMet=true} dcac=null
02-20 20:29:13.963  1910  1910 D GsmCdmaPhone: [GsmCdmaPhone] getDataConnectionState apnType=mms ret=DISCONNECTED
02-20 20:29:13.973  1910  1910 D DCT     : [0]cleanUpConnection: X tearDown=false reason=radioTurnedOff apnContext={mApnType=mms mState=IDLE mWaitingApns={null} mApnSetting={null} mReason=radioTurnedOff mDataEnabled=false mDependencyMet=true} dcac=null
02-20 20:29:13.973  1910  1910 D GsmCdmaPhone: [GsmCdmaPhone] getDataConnectionState apnType=cbs ret=DISCONNECTED
02-20 20:29:13.974  1910  1910 D DCT     : [0]cleanUpConnection: X tearDown=false reason=radioTurnedOff apnContext={mApnType=cbs mState=IDLE mWaitingApns={null} mApnSetting={null} mReason=radioTurnedOff mDataEnabled=false mDependencyMet=true} dcac=null
02-20 20:29:13.974  1910  1910 D GsmCdmaPhone: [GsmCdmaPhone] getDataConnectionState apnType=fota ret=DISCONNECTED
02-20 20:29:13.974  1910  1910 D DCT     : [0]cleanUpConnection: X tearDown=false reason=radioTurnedOff apnContext={mApnType=fota mState=IDLE mWaitingApns={null} mApnSetting={null} mReason=radioTurnedOff mDataEnabled=false mDependencyMet=true} dcac=null
02-20 20:29:13.974  1910  1910 D GsmCdmaPhone: [GsmCdmaPhone] getDataConnectionState apnType=supl ret=DISCONNECTED
02-20 20:29:13.975  1910  1910 D DCT     : [0]cleanUpConnection: X tearDown=false reason=radioTurnedOff apnContext={mApnType=supl mState=IDLE mWaitingApns={null} mApnSetting={null} mReason=radioTurnedOff mDataEnabled=false mDependencyMet=true} dcac=null
02-20 20:29:13.975  1910  1910 D GsmCdmaPhone: [GsmCdmaPhone] getDataConnectionState apnType=ia ret=DISCONNECTED
02-20 20:29:13.978  1910  1910 D DCT     : [0]cleanUpConnection: X tearDown=false reason=radioTurnedOff apnContext={mApnType=ia mState=IDLE mWaitingApns={null} mApnSetting={null} mReason=radioTurnedOff mDataEnabled=false mDependencyMet=true} dcac=null
02-20 20:29:13.978  1910  1910 D GsmCdmaPhone: [GsmCdmaPhone] getDataConnectionState apnType=emergency ret=DISCONNECTED
02-20 20:29:13.986  1910  1910 D DCT     : [0]cleanUpConnection: X tearDown=false reason=radioTurnedOff apnContext={mApnType=emergency mState=IDLE mWaitingApns={null} mApnSetting={null} mReason=radioTurnedOff mDataEnabled=false mDependencyMet=true} dcac=null
02-20 20:29:13.986  1910  1910 D GsmCdmaPhone: [GsmCdmaPhone] getDataConnectionState apnType=hipri ret=DISCONNECTED
02-20 20:29:13.988  1910  1910 D DCT     : [0]cleanUpConnection: X tearDown=false reason=radioTurnedOff apnContext={mApnType=hipri mState=IDLE mWaitingApns={null} mApnSetting={null} mReason=radioTurnedOff mDataEnabled=false mDependencyMet=true} dcac=null
02-20 20:29:13.988  1910  1910 D GsmCdmaPhone: [GsmCdmaPhone] getDataConnectionState apnType=ims ret=DISCONNECTED
02-20 20:29:13.991  1910  1910 D DCT     : [0]cleanUpConnection: X tearDown=false reason=radioTurnedOff apnContext={mApnType=ims mState=IDLE mWaitingApns={null} mApnSetting={null} mReason=radioTurnedOff mDataEnabled=false mDependencyMet=true} dcac=null
02-20 20:29:13.991  1910  1910 D DCT     : [0]stopNetStatPoll
02-20 20:29:13.992  1910  1910 D DCT     : [0]cleanUpConnection: mDisconnectPendingCount = 0
02-20 20:29:13.992  1910  1910 D DCT     : [0]isDataAllowed: No - SIM not loaded - Not attached
02-20 20:29:14.003  1910  1910 D DCT     : [0]onDataConnectionDetached: stop polling and notify detached
02-20 20:29:14.004  1910  1910 D DCT     : [0]stopNetStatPoll
02-20 20:29:14.004  1910  1910 D DCT     : [0]notifyDataConnection: reason=dataDetached
02-20 20:29:14.004  1910  1910 D DCT     : [0]isDataAllowed: No - SIM not loaded - Not attached
02-20 20:29:14.013  1910  1910 D DCT     : [0]onRoamingOff
02-20 20:29:14.013  1910  1910 D DCT     : [0]isDataAllowed: No - SIM not loaded - Not attached
02-20 20:29:14.028  1910  1910 D DCT     : [0]setupDataOnConnectableApns: roamingOff hipri:[state=IDLE,enabled=false] mms:[state=IDLE,enabled=false] supl:[state=IDLE,enabled=false] ia:[state=IDLE,enabled=false] fota:[state=IDLE,enabled=false] ims:[state=IDLE,enabled=false] cbs:[state=IDLE,enabled=false] default:[state=IDLE,enabled=false] emergency:[state=IDLE,enabled=false] 
02-20 20:29:14.028  1910  1910 D DCT     : [0]setupDataOnConnectableApns: nwTypeChanged hipri:[state=IDLE,enabled=false] mms:[state=IDLE,enabled=false] supl:[state=IDLE,enabled=false] ia:[state=IDLE,enabled=false] fota:[state=IDLE,enabled=false] ims:[state=IDLE,enabled=false] cbs:[state=IDLE,enabled=false] default:[state=IDLE,enabled=false] emergency:[state=IDLE,enabled=false] 
02-20 20:29:14.028  1910  1910 D SubscriptionInfoUpdater: [Receiver]+
02-20 20:29:14.028  1910  1910 D SubscriptionInfoUpdater: Action: android.intent.action.SIM_STATE_CHANGED
02-20 20:29:14.028  1910  1910 D SubscriptionInfoUpdater: slotId: 0
02-20 20:29:14.028  1910  1910 D SubscriptionInfoUpdater: simStatus: NOT_READY
02-20 20:29:14.028  1910  1910 D SubscriptionInfoUpdater: Ignoring simStatus: NOT_READY
02-20 20:29:14.028  1910  1910 D SubscriptionInfoUpdater: [Receiver]-
02-20 20:29:14.028  1910  1910 D PhoneSwitcherNetworkRequstListener: got request NetworkRequest [ REQUEST id=1, [ Capabilities: INTERNET&NOT_RESTRICTED&TRUSTED&NOT_VPN] ] with score 0
02-20 20:29:14.028  1910  1910 D TelephonyNetworkFactory[0]: onSubIdChange -1->-2
02-20 20:29:14.028  1910  1910 D TelephonyNetworkFactory[0]: got request NetworkRequest [ REQUEST id=1, [ Capabilities: INTERNET&NOT_RESTRICTED&TRUSTED&NOT_VPN] ] with score 0
02-20 20:29:14.035  1910  1910 D DebugService: DebugService DebugService:
02-20 20:29:14.036  1910  1910 D TelephonyDebugService: TelephonyDebugService()
02-20 20:29:14.039  1910  1910 D CarrierConfigLoader: mHandler: 12 phoneId: 0
02-20 20:29:14.040  1910  1910 D RILJ    : [3671]> RIL_REQUEST_QUERY_TTY_MODE [SUB0]
02-20 20:29:14.044  1373  1496 D RIL     : onRequest: QUERY_TTY_MODE
02-20 20:29:14.044  1373  1496 D RIL     : Request not supported. Tech: 1
02-20 20:29:14.044  1910  1993 D RilRequest: [3671]< RIL_REQUEST_QUERY_TTY_MODE error: com.android.internal.telephony.CommandException: REQUEST_NOT_SUPPORTED ret=
02-20 20:29:14.045  1910  1910 D GsmSMSDispatcher: GsmSMSDispatcher: subId = -2 slotId = 0
02-20 20:29:14.045  1910  1910 E IccCardProxy: setExternalState: !override and newstate unchanged from NOT_READY
02-20 20:29:14.045  1910  1910 D UiccController: Received EVENT_GET_ICC_STATUS_DONE
02-20 20:29:14.045  1910  1910 D UiccCard: 2 applications
02-20 20:29:14.045  1910  1910 D UiccCardApplication: Creating UiccApp: {APPTYPE_SIM,APPSTATE_DETECTED}
02-20 20:29:14.050  1910  1910 W VoiceMailConstants: Can't open /system/etc/voicemail-conf.xml
02-20 20:29:14.050  1910  1910 D SpnOverride: No SPN in OEM image = /oem/telephony/spn-conf.xml Load SPN from system image
02-20 20:29:14.051  1910  1910 W SpnOverride: Can not open /system/etc/spn-conf.xml
02-20 20:29:14.051  1910  1910 D SIMRecords: [SIMRecords] setting0 mMncLength-1
02-20 20:29:14.051  1910  1910 D SIMRecords: [SIMRecords] SIMRecords: onRadioOffOrNotAvailable set 'gsm.sim.operator.numeric' to operator=null
02-20 20:29:14.051  1910  1910 D SIMRecords: [SIMRecords] update icc_operator_numeric=null
02-20 20:29:14.051  1910  1910 D TelephonyManager: setTelephonyProperty: success phoneId=0 property=gsm.sim.operator.numeric value:  propVal=
02-20 20:29:14.052  1910  1910 D TelephonyManager: setTelephonyProperty: success phoneId=0 property=gsm.sim.operator.alpha value:  propVal=
02-20 20:29:14.053  1910  1910 D TelephonyManager: setTelephonyProperty: success phoneId=0 property=gsm.sim.operator.iso-country value:  propVal=
02-20 20:29:14.054  1910  1910 D SIMRecords: [SIMRecords] getOperatorNumeric: IMSI == null
02-20 20:29:14.054  1910  1910 D SIMRecords: [SIMRecords] SIMRecords X ctor this=SimRecords: mDestroyed=false mContext=com.android.phone.PhoneGlobals@58541fd mCi=com.android.internal.telephony.RIL@e43dbc7 mFh=Handler (com.android.internal.telephony.uicc.SIMFileHandler) {a865ef2} mParentApp=com.android.internal.telephony.uicc.UiccCardApplication@d505943 recordsLoadedRegistrants=android.os.RegistrantList@33a9bc0 mImsiReadyRegistrants=android.os.RegistrantList@1e900f9 mRecordsEventsRegistrants=android.os.RegistrantList@817783e mNewSmsRegistrants=android.os.RegistrantList@695469f mNetworkSelectionModeAutomaticRegistrants=android.os.RegistrantList@70db3ec recordsToLoad=0 adnCache=Handler (com.android.internal.telephony.uicc.AdnRecordCache) {22fb3b5} recordsRequested=false iccid=null msisdnTag=null voiceMailNum=null voiceMailTag=null voiceMailNum=null newVoiceMailTag=null isVoiceMailFixed=false mImsi=null mncLength=-1 mailboxIndex=0 spn=null mVmConfigcom.android.internal.telephony.uicc.VoiceMailConstants@a0eda4a mSpnOverride=mSpnOverride callForwardingEnabled=0 spnState=null mCphsInfo=null mCspPlmnEnabled=true efMWIS=null efCPHS_MWI=null mEfCff=null mEfCfis=null getOperatorNumeric=null
02-20 20:29:14.057  1647  1950 I am_proc_start: [0,2059,10067,com.google.android.deskclock,broadcast,com.google.android.deskclock/com.android.deskclock.AlarmInitReceiver]
02-20 20:29:14.057  1647  1950 I ActivityManager: Start proc 2059:com.google.android.deskclock/u0a67 for broadcast com.google.android.deskclock/com.android.deskclock.AlarmInitReceiver
02-20 20:29:14.058  1910  1910 D UiccCardApplication: Creating UiccApp: {APPTYPE_RUIM,APPSTATE_DETECTED}
02-20 20:29:14.059  1910  1910 D RuimRecords: [RuimRecords] setting0 mMncLength-1
02-20 20:29:14.059  1910  1910 D RuimRecords: [RuimRecords] RuimRecords X ctor this=RuimRecords: mDestroyed=false mContext=com.android.phone.PhoneGlobals@58541fd mCi=com.android.internal.telephony.RIL@e43dbc7 mFh=Handler (com.android.internal.telephony.uicc.RuimFileHandler) {a1822d8} mParentApp=com.android.internal.telephony.uicc.UiccCardApplication@1f4d631 recordsLoadedRegistrants=android.os.RegistrantList@9685116 mImsiReadyRegistrants=android.os.RegistrantList@7236a97 mRecordsEventsRegistrants=android.os.RegistrantList@c589484 mNewSmsRegistrants=android.os.RegistrantList@10fa46d mNetworkSelectionModeAutomaticRegistrants=android.os.RegistrantList@11068a2 recordsToLoad=0 adnCache=Handler (com.android.internal.telephony.uicc.AdnRecordCache) {32a1933} recordsRequested=false iccid=null msisdnTag=null voiceMailNum=null voiceMailTag=null voiceMailNum=null newVoiceMailTag=null isVoiceMailFixed=false mImsi=null mncLength=-1 mailboxIndex=0 spn=null m_ota_commitedfalse mMyMobileNumber=xxxx mMin2Min1=null mPrlVersion=null mEFpl=null mEFli=null mCsimSpnDisplayCondition=false mMdn=null mMin=null mHomeSystemId=null mHomeNetworkId=null
02-20 20:29:14.059  2059  2059 W art     : Unexpected CPU variant for X86 using defaults: x86_64
02-20 20:29:14.062  1910  1910 D CAT     : CatService: registerForRecordsLoaded slotid=0 instance:Handler (com.android.internal.telephony.cat.CatService) {fdbf01c}
02-20 20:29:14.063  1910  1910 D CAT     : CatService: Running CAT service on Slotid: 0. STK app installed:false
02-20 20:29:14.063  1910  1910 D UiccCard: Before privilege rules: null : CARDSTATE_PRESENT
02-20 20:29:14.063  1910  1910 D RILJ    : [3672]> RIL_REQUEST_SIM_OPEN_CHANNEL [SUB0]
02-20 20:29:14.064  1910  1910 E UiccCard: App index 8 is invalid since there are no applications
02-20 20:29:14.064  1910  1910 D UiccCard: update: radioState=RADIO_ON mLastRadioState=RADIO_UNAVAILABLE
02-20 20:29:14.064  1910  1910 D UiccController: Notifying IccChangedRegistrants
02-20 20:29:14.065  1373  1496 D RIL     : onRequest: SIM_OPEN_CHANNEL
02-20 20:29:14.065  1373  1496 D AT      : AT> AT+CCHO=A00000015141434C00
02-20 20:29:14.065  1373  1499 D AT      : AT< 1
02-20 20:29:14.065  1373  1499 D AT      : AT< OK
02-20 20:29:14.065  1910  1993 D RILJ    : [3672]< RIL_REQUEST_SIM_OPEN_CHANNEL  [SUB0]
02-20 20:29:14.069  1910  1910 D GsmCdmaPhone: get phone radio capability fail, no need to change mRadioCapability
02-20 20:29:14.069  1910  1910 D GsmCdmaPhone: EVENT_GET_RADIO_CAPABILITY: phone rc: null
02-20 20:29:14.069  1910  1910 D Phone   : config LCE service failed: com.android.internal.telephony.CommandException: RADIO_NOT_AVAILABLE
02-20 20:29:14.077  1910  1910 D SST     : mDeviceShuttingDown=false, mDesiredPowerState=true, getRadioState=RADIO_ON, mPowerOffDelayNeed=true, mAlarmSwitch=false, mRadioDisabledByCarrier=false
02-20 20:29:14.077  1910  1910 D RILJ    : [3673]> OPERATOR [SUB0]
02-20 20:29:14.077  1373  1496 D RIL     : onRequest: OPERATOR
02-20 20:29:14.077  1373  1496 D AT      : AT> AT+COPS=3,0;+COPS?;+COPS=3,1;+COPS?;+COPS=3,2;+COPS?
02-20 20:29:14.077  1373  1499 D AT      : AT< +COPS: 0,0,"Android"
02-20 20:29:14.077  1373  1499 D AT      : AT< +COPS: 0,1,"Android"
02-20 20:29:14.077  1373  1499 D AT      : AT< +COPS: 0,2,"310260"
02-20 20:29:14.077  1373  1499 D AT      : AT< OK
02-20 20:29:14.078  1910  1993 D RILJ    : [3673]< OPERATOR {Android, Android, 310260} [SUB0]
02-20 20:29:14.078  1910  1910 D RILJ    : [3674]> DATA_REGISTRATION_STATE [SUB0]
02-20 20:29:14.078  1373  1496 D RIL     : onRequest: DATA_REGISTRATION_STATE
02-20 20:29:14.078  1373  1496 D RIL     : requestRegistrationState
02-20 20:29:14.078  1373  1496 D AT      : AT> AT+CGREG?
02-20 20:29:14.078  1373  1499 D AT      : AT< +CGREG: 1,1,"0003","005b","000e"
02-20 20:29:14.078  1373  1499 D AT      : AT< OK
02-20 20:29:14.078  1373  1496 D RIL     : parseRegistrationState. Parsing: +CGREG: 1,1,"0003","005b","000e"
02-20 20:29:14.078  1373  1496 D RIL     : registration state type: 3GPP
02-20 20:29:14.078  1910  1993 D RILJ    : [3674]< DATA_REGISTRATION_STATE {1, 3, 5b, 14, null, null} [SUB0]
02-20 20:29:14.078  1910  1910 D RILJ    : [3675]> VOICE_REGISTRATION_STATE [SUB0]
02-20 20:29:14.078  1373  1496 D RIL     : onRequest: VOICE_REGISTRATION_STATE
02-20 20:29:14.078  1373  1496 D RIL     : requestRegistrationState
02-20 20:29:14.078  1373  1496 D AT      : AT> AT+CREG?
02-20 20:29:14.078  1373  1499 D AT      : AT< +CREG: 2,1, "0003", "005b"
02-20 20:29:14.078  1373  1499 D AT      : AT< OK
02-20 20:29:14.078  1373  1496 D RIL     : parseRegistrationState. Parsing: +CREG: 2,1, "0003", "005b"
02-20 20:29:14.078  1373  1496 D RIL     : registration state type: 3GPP
02-20 20:29:14.079  1910  1993 D RILJ    : [3675]< VOICE_REGISTRATION_STATE {1, 3, 5b, 0, null, null, null, null, null, null, null, null, null, null, null} [SUB0]
02-20 20:29:14.079  1910  1910 D RILJ    : [3676]> QUERY_NETWORK_SELECTION_MODE [SUB0]
02-20 20:29:14.080  1373  1496 D RIL     : onRequest: QUERY_NETWORK_SELECTION_MODE
02-20 20:29:14.080  1373  1496 D AT      : AT> AT+COPS?
02-20 20:29:14.080  1373  1499 D AT      : AT< +COPS: 0,2,310260
02-20 20:29:14.080  1373  1499 D AT      : AT< OK
02-20 20:29:14.080  1910  1993 D RILJ    : [3676]< QUERY_NETWORK_SELECTION_MODE {0} [SUB0]
02-20 20:29:14.080  1910  1910 D RILJ    : [3677]> GET_CURRENT_CALLS [SUB0]
02-20 20:29:14.080  1373  1496 D RIL     : onRequest: GET_CURRENT_CALLS
02-20 20:29:14.080  1373  1496 D AT      : AT> AT+CLCC
02-20 20:29:14.081  1373  1499 D AT      : AT< OK
02-20 20:29:14.081  1647  2043 I am_proc_bound: [0,2059,com.google.android.deskclock]
02-20 20:29:14.081  1910  1993 D RILJ    : [3677]< GET_CURRENT_CALLS {} [SUB0]
02-20 20:29:14.081  1910  1910 D RILJ    : [3678]> RIL_REQUEST_IMS_REGISTRATION_STATE [SUB0]
02-20 20:29:14.082  1373  1496 D RIL     : onRequest: IMS_REGISTRATION_STATE
02-20 20:29:14.082  1373  1496 D RIL     : IMS_REGISTRATION=0, format=1 
02-20 20:29:14.082  1910  1993 D RILJ    : [3678]< RIL_REQUEST_IMS_REGISTRATION_STATE {0, 1} [SUB0]
02-20 20:29:14.082  1910  1910 D RILJ    : [3679]> RIL_REQUEST_CDMA_GET_SUBSCRIPTION_SOURCE [SUB0]
02-20 20:29:14.082  1373  1496 D RIL     : onRequest: CDMA_GET_SUBSCRIPTION_SOURCE
02-20 20:29:14.082  1373  1496 D RIL     : Request not supported. Tech: 1
02-20 20:29:14.082  1910  1993 D RilRequest: [3679]< RIL_REQUEST_CDMA_GET_SUBSCRIPTION_SOURCE error: com.android.internal.telephony.CommandException: REQUEST_NOT_SUPPORTED ret=
02-20 20:29:14.083  1910  1910 D GsmCdmaPhone: [GsmCdmaPhone] Event EVENT_RADIO_ON Received
02-20 20:29:14.083  1910  1910 D RILJ    : [3680]> RIL_REQUEST_VOICE_RADIO_TECH [SUB0]
02-20 20:29:14.084  1373  1496 D RIL     : onRequest: VOICE_RADIO_TECH
02-20 20:29:14.085  1910  1993 D RILJ    : [3680]< RIL_REQUEST_VOICE_RADIO_TECH {11} [SUB0]
02-20 20:29:14.085  1910  1910 D UiccController: Received EVENT_ICC_STATUS_CHANGED, calling getIccCardStatus
02-20 20:29:14.085  1910  1910 D RILJ    : [3681]> GET_SIM_STATUS [SUB0]
02-20 20:29:14.085  1373  1496 D RIL     : onRequest: GET_SIM_STATUS
02-20 20:29:14.085  1373  1496 D RIL     : getSIMStatus(). sState: 10
02-20 20:29:14.085  1373  1496 D AT      : AT> AT+CPIN?
02-20 20:29:14.085  1373  1499 D AT      : AT< +CPIN: READY
02-20 20:29:14.085  1373  1499 D AT      : AT< OK
02-20 20:29:14.085  1910  1993 D RILJ    : [3681]< GET_SIM_STATUS IccCardState {CARDSTATE_PRESENT,PINSTATE_UNKNOWN,num_apps=2,gsm_id=0{APPTYPE_SIM,APPSTATE_READY},cdma_id=1{APPTYPE_RUIM,APPSTATE_READY},ims_id=8} [SUB0]
02-20 20:29:14.085  1910  1910 D SST     : EVENT_POLL_STATE_NETWORK_SELECTION_MODE
02-20 20:29:14.085  1910  1910 D SST     : EVENT_POLL_STATE_NETWORK_SELECTION_MODE
02-20 20:29:14.086  1910  1910 D PhoneSwitcher: evaluating due to netRequest default 0->1 phone[0] 0->-2
02-20 20:29:14.103  1910  1910 D TelephonyNetworkFactory[0]: not acting - isApp=false, isAct=false NetworkRequest [ REQUEST id=1, [ Capabilities: INTERNET&NOT_RESTRICTED&TRUSTED&NOT_VPN] ]
02-20 20:29:14.103  1910  1910 D CAT     : CatService: handleMessage[8]
02-20 20:29:14.103  1910  1910 D CAT     : CatService: MSG_ID_ICC_CHANGED
02-20 20:29:14.103  1910  1910 D CAT     : CatService: New Card State = CARDSTATE_PRESENT Old Card State = CARDSTATE_ABSENT
02-20 20:29:14.103  1910  1910 D RILJ    : [3682]> RIL_REQUEST_REPORT_STK_SERVICE_IS_RUNNING [SUB0]
02-20 20:29:14.104  1373  1496 D RIL     : onRequest: REPORT_STK_SERVICE_IS_RUNNING
02-20 20:29:14.104  1373  1496 D RIL     : Request not supported. Tech: 1
02-20 20:29:14.104  1910  1993 D RilRequest: [3682]< RIL_REQUEST_REPORT_STK_SERVICE_IS_RUNNING error: com.android.internal.telephony.CommandException: REQUEST_NOT_SUPPORTED ret=
02-20 20:29:14.104  1910  1910 D GsmCdmaPhone: [GsmCdmaPhone] New Uicc application found. type = APPTYPE_SIM
02-20 20:29:14.104  1910  1910 D GsmSMSDispatcher: GsmSMSDispatcher: subId = -2 slotId = 0
02-20 20:29:14.104  1910  1910 D GsmSMSDispatcher: New Uicc application found
02-20 20:29:14.104  1910  1910 D IccCardProxy: Icc changed. Reregestering.
02-20 20:29:14.104  1910  1910 D SST     : New card found
02-20 20:29:14.104  1910  1910 D CAT     : CatService: handleMessage[8]
02-20 20:29:14.104  1910  1910 D CAT     : CatService: MSG_ID_ICC_CHANGED
02-20 20:29:14.104  1910  1910 D CAT     : CatService: New Card State = CARDSTATE_PRESENT Old Card State = CARDSTATE_PRESENT
02-20 20:29:14.105  1910  1910 E SST     : error parsing GprsRegistrationState: java.lang.NumberFormatException: null
02-20 20:29:14.105  1910  1910 D SST     : handlPollStateResultMessage: GsmSST setDataRegState=0 regState=1 dataRadioTechnology=14
02-20 20:29:14.105  1910  1910 D SST     : EVENT_POLL_STATE_NETWORK_SELECTION_MODE
02-20 20:29:14.106  1910  1910 D SST     : Poll ServiceState done:  oldSS=[1 1 voice home data home null null null null null null  Unknown Unknown CSS not supported 0 0 RoamInd=0 DefRoamInd=0 EmergOnly=false IsDataRoamingFromRegistration=false IsUsingCarrierAggregation=false] newSS=[0 0 voice home data home Android Android 310260 Android Android 310260  Unknown LTE CSS not supported -1 -1 RoamInd=-1 DefRoamInd=-1 EmergOnly=false IsDataRoamingFromRegistration=false IsUsingCarrierAggregation=false] oldMaxDataCalls=1 mNewMaxDataCalls=1 oldReasonDataDenied=-1 mNewReasonDataDenied=-1
02-20 20:29:14.106  1910  1910 I gsm_service_state_change: [1,1,0,0]
02-20 20:29:14.106  1910  1910 D TelephonyManager: setTelephonyProperty: success phoneId=0 property=gsm.network.type value: LTE propVal=LTE
02-20 20:29:14.108  1910  1910 D SST     : pollStateDone: registering current mNitzUpdatedTime=true changing to false
02-20 20:29:14.108  1910  1910 D SIMRecords: [SIMRecords] getServiceProviderName: no brandOverride, providerName=null
02-20 20:29:14.108  1910  1910 D SIMRecords: [SIMRecords] getServiceProviderName: no brandOverride, providerName=null
02-20 20:29:14.108  1910  1910 D SST     : updateSpnDisplay: changed sending intent rule=2 showPlmn='true' plmn='Android' showSpn='false' spn='null' dataSpn='null' subId='-2'
02-20 20:29:14.109  1910  1910 D SubscriptionController: [setPlmnSpn] No valid subscription to store info
02-20 20:29:14.109  1910  1910 D SubscriptionController: notifySubscriptionInfoChanged:
02-20 20:29:14.109  1647  2043 D TelephonyRegistry: notifySubscriptionInfoChanged: first invocation mRecords.size=16
02-20 20:29:14.110  1647  1647 I GnssLocationProvider: WakeLock acquired by sendMessage(12, 0, null)
02-20 20:29:14.111  1910  1940 D SubscriptionController: [getActiveSubInfoList] Sub Controller not ready
02-20 20:29:14.111  1910  1910 D TelephonyManager: setTelephonyProperty: success phoneId=0 property=gsm.operator.alpha value: Android propVal=Android
02-20 20:29:14.111  1910  1910 D TelephonyManager: setTelephonyProperty: success phoneId=0 property=gsm.operator.numeric value: 310260 propVal=310260
02-20 20:29:14.111  1910  1933 D SubscriptionController: [getPhoneId]- no sims, returning default phoneId=2147483647
02-20 20:29:14.111  1910  1910 D SST     : update mccmnc=310260 fromServiceState=true
02-20 20:29:14.112  1910  1910 D MccTable: updateMccMncConfiguration mccmnc='310260' fromServiceState=true
02-20 20:29:14.112  1910  1910 D SubscriptionController: [getPhoneId]- no sims, returning default phoneId=2147483647
02-20 20:29:14.118  1910  1910 D MccTable: updateMccMncConfiguration defaultMccMnc=
02-20 20:29:14.118  1910  1910 D MccTable: updateMccMncConfiguration: mcc=310, mnc=260
02-20 20:29:14.118  1910  1910 D MccTable: WIFI_COUNTRY_CODE set to us
02-20 20:29:14.119  1647  1685 I WifiService: WifiService trying to set country code to us with persist set to false
02-20 20:29:14.119  1647  1689 I GnssLocationProvider: WakeLock released by handleMessage(12, 0, null)
02-20 20:29:14.121  1647  1685 D WifiCountryCode: Succeeded to set country code to: US
02-20 20:29:14.122  1910  1910 D TelephonyManager: setTelephonyProperty: success phoneId=0 property=gsm.operator.iso-country value: us propVal=us
02-20 20:29:14.123  2059  2059 W System  : ClassLoader referenced unknown path: /system/app/PrebuiltDeskClockGoogle/lib/x86_64
02-20 20:29:14.124  1312  1409 I SurfaceFlinger: Boot is finished (9417 ms)
02-20 20:29:14.131  1312  1409 I sf_stop_bootanim: 11274
02-20 20:29:14.133  1910  1910 D SST     : pollStateDone: there are 6 unique offsets for iso-cc='us testOneUniqueOffsetPath=false', do nothing
02-20 20:29:14.133  1910  1910 D SST     : shouldFixTimeZoneNow: retVal=true iccCardExist=true operatorNumeric=310260 mcc=310 prevOperatorNumeric= prevMcc=311 needToFixTimeZone=false ltod=02-20 20:29:14.133
02-20 20:29:14.133  1910  1910 D SST     : fixTimeZone zoneName='GMT' mZoneOffset=0 mZoneDst=false iso-cc='us' iso-cc-idx=-21
02-20 20:29:14.133  1910  1910 D SST     : fixTimeZone: using default TimeZone
02-20 20:29:14.133  1910  1910 D SST     : fixTimeZone: zone != null zone.getID=GMT
02-20 20:29:14.133  1910  1910 D SST     : setAndBroadcastNetworkSetTimeZone: setTimeZone=GMT
02-20 20:29:14.133  1647  2043 D AlarmManagerService: Kernel timezone updated to 0 minutes west of GMT
02-20 20:29:14.134  1910  1910 D SST     : setAndBroadcastNetworkSetTimeZone: call alarm.setTimeZone and broadcast zoneId=GMT
02-20 20:29:14.134  1910  1910 D TelephonyManager: setTelephonyProperty: success phoneId=0 property=gsm.operator.isroaming value: false propVal=false
02-20 20:29:14.134  1910  1910 D SST     : Broadcasting ServiceState : 0 0 voice home data home Android Android 310260 Android Android 310260  Unknown LTE CSS not supported -1 -1 RoamInd=-1 DefRoamInd=-1 EmergOnly=false IsDataRoamingFromRegistration=false IsUsingCarrierAggregation=false
02-20 20:29:14.135  1910  1910 D DefaultPhoneNotifier: nofityServiceState: mRegistry=com.android.internal.telephony.ITelephonyRegistry$Stub$Proxy@f857bab ss=0 0 voice home data home Android Android 310260 Android Android 310260  Unknown LTE CSS not supported -1 -1 RoamInd=-1 DefRoamInd=-1 EmergOnly=false IsDataRoamingFromRegistration=false IsUsingCarrierAggregation=false sender=Handler (com.android.internal.telephony.GsmCdmaPhone) {edf2142} phondId=0 subId=-2
02-20 20:29:14.135  1910  1910 D SubscriptionController: [getSlotId]- subId invalid
02-20 20:29:14.136  1647  1686 D TelephonyManager: getSimState: default sim:-1, sim state for slotIdx=0 is 6, return state as unknown
02-20 20:29:14.137  1910  1910 D SST     : notifyDataRegStateRilRadioTechnologyChanged: drs=0 rat=14
02-20 20:29:14.137  1910  1910 D TelephonyManager: setTelephonyProperty: success phoneId=0 property=gsm.network.type value: LTE propVal=LTE
02-20 20:29:14.137  1910  1910 D DCT     : [0]get all active apn types
02-20 20:29:14.137  1910  1910 D SST     : getCellLocation(): X good mCellLoc=[3,91,-1]
02-20 20:29:14.137  1647  1685 D TelephonyRegistry: notifyCellLocationForSubscriber: subId=-2 cellLocation=Bundle[mParcelledData.dataSize=64]
02-20 20:29:14.137  1910  1910 D GsmCdmaCallTracker: Event EVENT_POLL_CALLS_RESULT Received
02-20 20:29:14.137  1910  1910 D GsmCdmaCallTracker: [GsmCdmaCallTracker] update phone state, old=IDLE new=IDLE
02-20 20:29:14.137  1910  1910 D RIL_ImsSms: IMS is NOT registered!
02-20 20:29:14.137  1910  1910 D CdmaSSM : CDMA_SUBSCRIPTION_SOURCE event = 2
02-20 20:29:14.137  1910  1910 W CdmaSSM : Unable to get CDMA Subscription Source, Exception: com.android.internal.telephony.CommandException: REQUEST_NOT_SUPPORTED, result: null
02-20 20:29:14.137  1910  1910 D GsmCdmaPhone: [GsmCdmaPhone] EVENT_REQUEST_VOICE_RADIO_TECH_DONE: newVoiceTech=11
