02-20 20:29:11.150  1647  1647 W ActivityManager: Slow operation: 81ms so far, now at startProcess: returned from zygote!
02-20 20:29:11.150  1647  1647 W ActivityManager: Slow operation: 81ms so far, now at startProcess: done updating battery stats
02-20 20:29:11.150  1647  1647 I am_proc_start: [0,1791,1037,WebViewLoader-x86,,]
02-20 20:29:11.150  1647  1647 W ActivityManager: Slow operation: 81ms so far, now at startProcess: building log message
02-20 20:29:11.150  1647  1647 I ActivityManager: Start proc 1791:WebViewLoader-x86/1037 [android.webkit.WebViewFactory$RelroFileCreator] for 
02-20 20:29:11.150  1647  1647 W ActivityManager: Slow operation: 81ms so far, now at startProcess: starting to update pids map
02-20 20:29:11.150  1647  1647 W ActivityManager: Slow operation: 81ms so far, now at startProcess: done updating pids map
02-20 20:29:11.150  1647  1647 W ActivityManager: Slow operation: 81ms so far, now at startProcess: done starting proc!
02-20 20:29:11.155  1647  1786 E WVMExtractor: Failed to open libwvm.so: dlopen failed: library "libwvm.so" not found
02-20 20:29:11.156  1796  1796 W art     : Unexpected CPU variant for X86 using defaults: x86_64
02-20 20:29:11.160  1647  1647 I am_proc_start: [0,1796,1037,WebViewLoader-x86_64,,]
02-20 20:29:11.160  1647  1647 I ActivityManager: Start proc 1796:WebViewLoader-x86_64/1037 [android.webkit.WebViewFactory$RelroFileCreator] for 
02-20 20:29:11.163  1647  1686 I am_proc_bound: [0,1765,com.android.systemui]
02-20 20:29:11.164  1791  1791 W art     : Unexpected CPU variant for X86 using defaults: x86
02-20 20:29:11.167  1647  1749 I am_proc_bound: [0,1756,com.android.inputmethod.latin]
02-20 20:29:11.170  1647  1720 D VoldConnector: SND -> {5 volume mount emulated 3 -1}
02-20 20:29:11.174  1647  1721 D VoldConnector: RCV <- {651 emulated 1}
02-20 20:29:11.175  1647  1721 D VoldConnector: RCV <- {656 emulated /data/media}
02-20 20:29:11.179  1267  1303 V vold    : Waiting for FUSE to spin up...
02-20 20:29:11.183  1647  1647 D NetworkManagement: enabling bandwidth control
02-20 20:29:11.190  1647  1721 D VoldConnector: RCV <- {655 emulated /storage/emulated}
02-20 20:29:11.224  1808  1808 W sdcard  : Device explicitly disabled sdcardfs
02-20 20:29:11.181     0     0 D ieee80211 phy1: hw scan 2417 MHz
02-20 20:29:11.246     0     0 D SELinux : initialized (dev fuse, type fuse), uses genfs_contexts
02-20 20:29:11.247     0     0 D SELinux : initialized (dev fuse, type fuse), uses genfs_contexts
02-20 20:29:11.248     0     0 D SELinux : initialized (dev fuse, type fuse), uses genfs_contexts
02-20 20:29:11.301     0     0 W healthd : battery l=100 v=0 t=0.0 h=2 st=2 chg=a
02-20 20:29:11.303     0     0 D ieee80211 phy1: hw scan 2422 MHz
02-20 20:29:11.231  1267  1303 V vold    : Waiting for FUSE to spin up...
02-20 20:29:11.232  1796  1796 V WebViewFactory: RelroFileCreator (64bit = true),  32-bit lib: /system/app/Chrome/Chrome.apk!/lib/x86/libmonochrome.so, 64-bit lib: /system/app/Chrome/Chrome.apk!/lib/x86_64/libmonochrome.so
02-20 20:29:11.297  1647  1721 D VoldConnector: RCV <- {651 emulated 2}
02-20 20:29:11.297  1647  1721 D VoldConnector: RCV <- {200 5 Command succeeded}
02-20 20:29:11.298  1791  1791 V WebViewFactory: RelroFileCreator (64bit = false),  32-bit lib: /system/app/Chrome/Chrome.apk!/lib/x86/libmonochrome.so, 64-bit lib: /system/app/Chrome/Chrome.apk!/lib/x86_64/libmonochrome.so
02-20 20:29:11.298  1647  1720 D VoldConnector: SND -> {6 volume mount public:253,64 2 0}
02-20 20:29:11.298  1267  1303 V vold    : /system/bin/blkid
02-20 20:29:11.298  1267  1303 V vold    :     -c
02-20 20:29:11.298  1267  1303 V vold    :     /dev/null
02-20 20:29:11.298  1267  1303 V vold    :     -s
02-20 20:29:11.298  1267  1303 V vold    :     TYPE
02-20 20:29:11.298  1267  1303 V vold    :     -s
02-20 20:29:11.298  1267  1303 V vold    :     UUID
02-20 20:29:11.298  1267  1303 V vold    :     -s
02-20 20:29:11.298  1267  1303 V vold    :     LABEL
02-20 20:29:11.298  1267  1303 V vold    :     /dev/block/vold/public:253,64
02-20 20:29:11.298  1647  1721 D VoldConnector: RCV <- {651 public:253,64 1}
02-20 20:29:11.299  1371  1371 I MediaPlayerService: MediaPlayerService::getOMX
02-20 20:29:11.299  1371  1371 I OMXClient: MuxOMX ctor
02-20 20:29:11.303  1373  1499 D AT      : AT< +CGREG: 1,1
02-20 20:29:11.303  1373  1499 D AT      : AT< +CTEC: 1+CREG: 2,1, "0003", "005b"
02-20 20:29:11.303  1373  1499 D RIL     : Response: +CTEC: 1+CREG: 2,1, "0003", "005b"
02-20 20:29:11.303  1373  1499 D RIL     : line remaining after int: 1, "0003", "005b"
02-20 20:29:11.303  1373  1499 D RIL     : setRadioTechnology(1)
02-20 20:29:11.303  1373  1499 D RIL     : Tech change (0 => 1)
02-20 20:29:11.310  1373  1499 D AT      : AT< +CGREG: 1,1
02-20 20:29:11.311  1371  1371 I MediaPlayerService: MediaPlayerService::getOMX
02-20 20:29:11.311  1371  1371 I OMXClient: MuxOMX ctor
02-20 20:29:11.312  1368  1368 I OMXMaster: makeComponentInstance(OMX.google.mp3.decoder) in mediacodec process
02-20 20:29:11.336  1765  1765 W System  : ClassLoader referenced unknown path: /system/priv-app/SystemUIGoogle/lib/x86_64
02-20 20:29:11.417  1647  1728 D WifiController: DEFERRED_TOGGLE handled
02-20 20:29:11.429  1371  1371 I MediaPlayerService: MediaPlayerService::getOMX
02-20 20:29:11.429  1371  1371 I OMXClient: MuxOMX ctor
02-20 20:29:11.429  1368  1386 I OMXMaster: makeComponentInstance(OMX.google.amrnb.decoder) in mediacodec process
02-20 20:29:11.432  1267  1303 V vold    : /dev/block/vold/public:253,64: LABEL="SDCARD" UUID="1E12-0B12" TYPE="vfat" 
02-20 20:29:11.432  1267  1303 V vold    : 
02-20 20:29:11.432  1267  1303 V vold    : /system/bin/fsck_msdos
02-20 20:29:11.432  1267  1303 V vold    :     -p
02-20 20:29:11.432  1267  1303 V vold    :     -f
02-20 20:29:11.432  1267  1303 V vold    :     /dev/block/vold/public:253,64
02-20 20:29:11.433  1647  1721 D VoldConnector: RCV <- {652 public:253,64 vfat}
02-20 20:29:11.433  1647  1721 D VoldConnector: RCV <- {653 public:253,64 1E12-0B12}
02-20 20:29:11.433  1647  1721 D VoldConnector: RCV <- {654 public:253,64 SDCARD}
02-20 20:29:11.420     0     0 D ieee80211 phy1: hw scan 2427 MHz
02-20 20:29:11.437  1371  1371 I MediaPlayerService: MediaPlayerService::getOMX
02-20 20:29:11.440  1371  1371 I OMXClient: MuxOMX ctor
02-20 20:29:11.443  1368  1840 I OMXMaster: makeComponentInstance(OMX.google.amrwb.decoder) in mediacodec process
02-20 20:29:11.471  1371  1371 I MediaPlayerService: MediaPlayerService::getOMX
02-20 20:29:11.471  1371  1371 I OMXClient: MuxOMX ctor
02-20 20:29:11.471  1368  1368 I OMXMaster: makeComponentInstance(OMX.google.aac.decoder) in mediacodec process
02-20 20:29:11.476  1796  1796 I art     : System.exit called, status: 0
02-20 20:29:11.476  1796  1796 I AndroidRuntime: VM exiting with result code 0, cleanup skipped.
02-20 20:29:11.487  1371  1371 I MediaPlayerService: MediaPlayerService::getOMX
02-20 20:29:11.487  1371  1371 I OMXClient: MuxOMX ctor
02-20 20:29:11.488  1368  1386 I OMXMaster: makeComponentInstance(OMX.google.g711.alaw.decoder) in mediacodec process
02-20 20:29:11.492  1791  1791 I art     : System.exit called, status: 0
02-20 20:29:11.492  1791  1791 I AndroidRuntime: VM exiting with result code 0, cleanup skipped.
02-20 20:29:11.502  1647  1647 W NetworkManagement: setDataSaverMode(): already false
02-20 20:29:11.502  1756  1756 I LatinIME: Hardware accelerated drawing: true
02-20 20:29:11.502  1372  1684 D SoftapController: Softap fwReload - Ok
02-20 20:29:11.515  1372  1684 D CommandListener: Setting iface cfg
02-20 20:29:11.515  1372  1684 D CommandListener: Trying to bring down wlan0
02-20 20:29:11.516  1372  1684 D CommandListener: Clearing all IP addresses on wlan0
02-20 20:29:11.516  1267  1303 I fsck_msdos: ** /dev/block/vold/public:253,64
02-20 20:29:11.517  1647  1729 E WifiMonitor: killSupplicant p2pfalse init.svc.wpa_supplicant=unknown init.svc.p2p_supplicant=unknown
02-20 20:29:11.517  1267  1303 I fsck_msdos: ** Phase 1 - Read and Compare FATs
02-20 20:29:11.517  1267  1303 I fsck_msdos: Attempting to allocate 1022 KB for FAT
02-20 20:29:11.521  1647  1729 E wifi    : Can not initialize the vendor function pointer table
02-20 20:29:11.521  1647  1729 E WifiNative-HAL: Could not start hal
02-20 20:29:11.521  1647  1729 E WifiStateMachine: Failed to start HAL
02-20 20:29:11.529     0     0 I init    : Starting service 'wpa_supplicant'...
02-20 20:29:11.531  1647  1729 D WifiMonitor: startMonitoring(wlan0) with mConnected = false
02-20 20:29:11.531  1647  1729 E WifiHW  : Unable to open connection to supplicant on "@android:wpa_wlan0": No such file or directory
02-20 20:29:11.548     0     0 D ieee80211 phy1: hw scan 2432 MHz
02-20 20:29:11.554  1267  1303 I fsck_msdos: Attempting to allocate 1022 KB for FAT
02-20 20:29:11.584  1371  1371 I MediaPlayerService: MediaPlayerService::getOMX
02-20 20:29:11.584  1371  1371 I OMXClient: MuxOMX ctor
02-20 20:29:11.585  1368  1386 I OMXMaster: makeComponentInstance(OMX.google.g711.mlaw.decoder) in mediacodec process
02-20 20:29:11.595  1765  1765 V SystemUIService: Starting SystemUI services for user 0.
02-20 20:29:11.616  1765  1765 V MediaRouter: Adding route: RouteInfo{ name=Phone, description=null, status=null, category=RouteCategory{ name=null types=ROUTE_TYPE_LIVE_AUDIO ROUTE_TYPE_LIVE_VIDEO  groupable=false }, supportedTypes=ROUTE_TYPE_LIVE_AUDIO ROUTE_TYPE_LIVE_VIDEO , presentationDisplay=null }
02-20 20:29:11.626  1765  1765 V MediaRouter: Updating audio routes: AudioRoutesInfo{ type=SPEAKER }
02-20 20:29:11.627  1765  1765 V MediaRouter: Selecting route: RouteInfo{ name=Phone, description=null, status=null, category=RouteCategory{ name=null types=ROUTE_TYPE_LIVE_AUDIO ROUTE_TYPE_LIVE_VIDEO  groupable=false }, supportedTypes=ROUTE_TYPE_LIVE_AUDIO ROUTE_TYPE_LIVE_VIDEO , presentationDisplay=null }
02-20 20:29:11.628  1267  1303 I fsck_msdos: ** Phase 2 - Check Cluster Chains
02-20 20:29:11.632  1267  1303 I fsck_msdos: ** Phase 3 - Checking Directories
02-20 20:29:11.635  1267  1303 I fsck_msdos: ** Phase 4 - Checking for Lost Files
02-20 20:29:11.639  1267  1303 I fsck_msdos: 27 files, 522176 free (261088 clusters)
02-20 20:29:11.651  1647  1686 D TelephonyRegistry: listen oscl: hasNotifySubscriptionInfoChangedOccurred==false no callback
02-20 20:29:11.657  1756  1756 W InputAttributes: No editor info for this field. Bug?
02-20 20:29:11.659  1371  1371 I MediaPlayerService: MediaPlayerService::getOMX
02-20 20:29:11.659  1371  1371 I OMXClient: MuxOMX ctor
02-20 20:29:11.659  1368  1386 I OMXMaster: makeComponentInstance(OMX.google.vorbis.decoder) in mediacodec process
02-20 20:29:11.660     0     0 D ieee80211 phy1: hw scan 2437 MHz
02-20 20:29:11.672     0     0 W FAT-fs (vde): Volume was not properly unmounted. Some data may be corrupt. Please run fsck.
02-20 20:29:11.673     0     0 D SELinux : initialized (dev vde, type vfat), uses genfs_contexts
02-20 20:29:11.699     0     0 D SELinux : initialized (dev fuse, type fuse), uses genfs_contexts
02-20 20:29:11.699     0     0 D SELinux : initialized (dev fuse, type fuse), uses genfs_contexts
02-20 20:29:11.669  1267  1303 I Vold    : Filesystem check completed OK
02-20 20:29:11.669  1647  1721 D VoldConnector: RCV <- {656 public:253,64 /mnt/media_rw/1E12-0B12}
02-20 20:29:11.670  1647  1721 D VoldConnector: RCV <- {655 public:253,64 /storage/1E12-0B12}
02-20 20:29:11.678  1267  1303 V vold    : Waiting for FUSE to spin up...
02-20 20:29:11.691  1371  1371 I MediaPlayerService: MediaPlayerService::getOMX
02-20 20:29:11.691  1371  1371 I OMXClient: MuxOMX ctor
02-20 20:29:11.691  1368  1386 I OMXMaster: makeComponentInstance(OMX.google.opus.decoder) in mediacodec process
02-20 20:29:11.695  1868  1868 W sdcard  : Device explicitly disabled sdcardfs
02-20 20:29:11.702     0     0 D SELinux : initialized (dev fuse, type fuse), uses genfs_contexts
02-20 20:29:11.713  1647  1647 D NetworkPolicy: setRestrictBackgroundUL(): false
02-20 20:29:11.713  1647  1647 W NetworkManagement: setDataSaverMode(): already false
02-20 20:29:11.719  1859  1859 I wpa_supplicant: Successfully initialized wpa_supplicant
02-20 20:29:11.726  1756  1867 I LatinIME:LogUtils: Dictionary info: dictionary = userunigram.en_US ; version = 1519158551 ; date = ?
02-20 20:29:11.727  1859  1859 I wpa_supplicant: rfkill: Cannot open RFKILL control device
02-20 20:29:11.729  1647  1721 D VoldConnector: RCV <- {651 public:253,64 2}
02-20 20:29:11.729  1647  1721 D VoldConnector: RCV <- {200 6 Command succeeded}
02-20 20:29:11.740  1859  1859 I wpa_supplicant: nl80211: Could not re-add multicast membership for vendor events: -2 (No such file or directory)
02-20 20:29:11.745  1756  1867 E ActivityThread: Failed to find provider info for user_dictionary
02-20 20:29:11.749  1371  1371 I MediaPlayerService: MediaPlayerService::getOMX
02-20 20:29:11.749  1371  1371 I OMXClient: MuxOMX ctor
02-20 20:29:11.749  1368  1386 I OMXMaster: makeComponentInstance(OMX.google.raw.decoder) in mediacodec process
02-20 20:29:11.752  1765  1882 E WVMExtractor: Failed to open libwvm.so: dlopen failed: library "libwvm.so" not found
02-20 20:29:11.727     0     0 D ieee80211 phy0: mac80211_hwsim_start
02-20 20:29:11.727     0     0 D ieee80211 phy0: mac80211_hwsim_add_interface (type=2 mac_addr=02:00:00:44:55:66)
02-20 20:29:11.727     0     0 D ieee80211 phy0: mac80211_hwsim_bss_info_changed(changed=0xe)
02-20 20:29:11.727     0     0 D ieee80211 phy0: ERP_CTS_PROT: 0
02-20 20:29:11.727     0     0 D ieee80211 phy0: ERP_PREAMBLE: 0
02-20 20:29:11.727     0     0 D ieee80211 phy0: ERP_SLOT: 0
02-20 20:29:11.727     0     0 D ieee80211 phy0: mac80211_hwsim_conf_tx (queue=0 txop=0 cw_min=15 cw_max=1023 aifs=2)
02-20 20:29:11.727     0     0 D ieee80211 phy0: mac80211_hwsim_conf_tx (queue=1 txop=0 cw_min=15 cw_max=1023 aifs=2)
02-20 20:29:11.727     0     0 D ieee80211 phy0: mac80211_hwsim_conf_tx (queue=2 txop=0 cw_min=15 cw_max=1023 aifs=2)
02-20 20:29:11.727     0     0 D ieee80211 phy0: mac80211_hwsim_conf_tx (queue=3 txop=0 cw_min=15 cw_max=1023 aifs=2)
02-20 20:29:11.727     0     0 D ieee80211 phy0: mac80211_hwsim_bss_info_changed(changed=0x2000)
02-20 20:29:11.727     0     0 D ieee80211 phy0: mac80211_hwsim_config (freq=0 idle=0 ps=0 smps=auto)
02-20 20:29:11.731     0     0 I IPv6    : ADDRCONF(NETDEV_UP): wlan0: link is not ready
02-20 20:29:11.734     0     0 D ieee80211 phy0: mac80211_hwsim_configure_filter
02-20 20:29:11.757  1371  1371 I MediaPlayerService: MediaPlayerService::getOMX
02-20 20:29:11.757  1371  1371 I OMXClient: MuxOMX ctor
02-20 20:29:11.757  1368  1840 I OMXMaster: makeComponentInstance(OMX.google.aac.encoder) in mediacodec process
02-20 20:29:11.762  1756  1867 I LatinIME:LogUtils: Dictionary info: dictionary = UserHistoryDictionary.en_US ; version = 1519158551 ; date = ?
02-20 20:29:11.764  1371  1371 I MediaPlayerService: MediaPlayerService::getOMX
02-20 20:29:11.765  1371  1371 I OMXClient: MuxOMX ctor
02-20 20:29:11.765  1368  1368 I OMXMaster: makeComponentInstance(OMX.google.amrnb.encoder) in mediacodec process
02-20 20:29:11.767  1371  1371 I MediaPlayerService: MediaPlayerService::getOMX
02-20 20:29:11.767  1371  1371 I OMXClient: MuxOMX ctor
02-20 20:29:11.767  1368  1386 I OMXMaster: makeComponentInstance(OMX.google.amrwb.encoder) in mediacodec process
02-20 20:29:11.772  1371  1371 I MediaPlayerService: MediaPlayerService::getOMX
02-20 20:29:11.772  1371  1371 I OMXClient: MuxOMX ctor
02-20 20:29:11.772  1368  1840 I OMXMaster: makeComponentInstance(OMX.google.flac.encoder) in mediacodec process
02-20 20:29:11.794  1859  1859 E wpa_supplicant: global ctrl interface @android:wpa_wlan0 matches ctrl interface wlan0 - do not open per-interface ctrl interface
02-20 20:29:11.806  1647  1647 I SystemServiceManager: Starting phase 600
02-20 20:29:11.781     0     0 D ieee80211 phy1: hw scan 2442 MHz
02-20 20:29:11.814  1647  1647 D SensorNotificationService: Cannot obtain dynamic meta sensor, not supported.
02-20 20:29:11.814  1371  1371 I MediaPlayerService: MediaPlayerService::getOMX
02-20 20:29:11.815  1371  1371 I OMXClient: MuxOMX ctor
02-20 20:29:11.815  1368  1840 I OMXMaster: makeComponentInstance(OMX.google.gsm.decoder) in mediacodec process
02-20 20:29:11.817  1647  1647 D TelephonyRegistry: listen oscl: hasNotifySubscriptionInfoChangedOccurred==false no callback
02-20 20:29:11.842  1756  1867 I LatinIME:LogUtils: Dictionary info: dictionary = main:en ; version = 54 ; date = 1414726273
02-20 20:29:11.844  1647  1647 I GnssLocationProvider: WakeLock acquired by sendMessage(13, 0, null)
02-20 20:29:11.844  1647  1689 W GnssLocationProvider: Could not open GPS configuration file /etc/gps.conf
02-20 20:29:11.844  1647  1689 E GnssLocationProvider: no AGPS interface in set_agps_server
02-20 20:29:11.846  1647  1647 W LocationProviderProxy-network: Odd, no component found for service com.android.location.service.v3.NetworkLocationProvider
02-20 20:29:11.847  1647  1647 W GeocoderProxy: Odd, no component found for service com.android.location.service.GeocodeProvider
02-20 20:29:11.848  1647  1647 E FlpHardwareProvider: Error hw_get_module 'flp': -2
02-20 20:29:11.848  1647  1647 D LocationManagerService: FLP HAL not supported
02-20 20:29:11.851  1647  1647 W GeofenceProxy: Odd, no component found for service com.android.location.service.GeofenceProvider
02-20 20:29:11.853  1647  1647 E ActivityRecognitionHardware: Error hw_get_module: -2
02-20 20:29:11.853  1647  1647 D LocationManagerService: Hardware Activity-Recognition not supported.
02-20 20:29:11.855  1371  1371 I MediaPlayerService: MediaPlayerService::getOMX
02-20 20:29:11.855  1371  1371 I OMXClient: MuxOMX ctor
02-20 20:29:11.855  1368  1386 I OMXMaster: makeComponentInstance(OMX.google.mpeg4.decoder) in mediacodec process
02-20 20:29:11.855  1647  1689 D TelephonyRegistry: listen oscl: hasNotifySubscriptionInfoChangedOccurred==false no callback
02-20 20:29:11.856  1647  1647 W ActivityRecognitionProxy: Odd, no component found for service com.android.location.service.ActivityRecognitionProvider
02-20 20:29:11.857  1647  1647 I GnssLocationProvider: WakeLock acquired by sendMessage(2, 1, null)
02-20 20:29:11.861  1647  1647 I CommonTimeManagementService: No common time service detected on this platform.  Common time services will be unavailable.
02-20 20:29:11.862  1647  1647 D TelephonyRegistry: systemRunning register for intents
02-20 20:29:11.863  1647  1647 I MmsServiceBroker: Delay connecting to MmsService until an API is called
02-20 20:29:11.871  1647  1719 I InputReader: Reconfiguring input devices.  changes=0x00000020
02-20 20:29:11.862  1647  1689 I GnssLocationProvider: WakeLock released by handleMessage(13, 0, null)
02-20 20:29:11.880  1647  1689 E GnssLocationProvider: no AGPS interface in set_agps_server
02-20 20:29:11.881  1647  1719 I InputReader: Reconfiguring input devices.  changes=0x00000010
02-20 20:29:11.900  1368  1840 E OMXNodeInstance: getExtensionIndex(558000f:google.mpeg4.decoder, OMX.google.android.index.configureVideoTunnelMode) ERROR: UnsupportedIndex(0x8000101a)
02-20 20:29:11.900  1368  1368 W OMXNodeInstance: [558000f:google.mpeg4.decoder] component does not support metadata mode; using fallback
02-20 20:29:11.900     0     0 D ieee80211 phy1: hw scan 2447 MHz
02-20 20:29:11.901  1647  1647 I am_proc_start: [0,1910,1001,com.android.phone,added application,com.android.phone]
02-20 20:29:11.901  1647  1647 I ActivityManager: Start proc 1910:com.android.phone/1001 for added application com.android.phone
02-20 20:29:11.902  1647  1647 I ActivityManager: START u0 {act=android.intent.action.MAIN cat=[android.intent.category.HOME] flg=0x10000100 cmp=com.android.settings/.FallbackHome} from uid 0 on display 0
02-20 20:29:11.902  1371  1371 I MediaPlayerService: MediaPlayerService::getOMX
02-20 20:29:11.902  1371  1371 I OMXClient: MuxOMX ctor
02-20 20:29:11.902  1368  1386 I OMXMaster: makeComponentInstance(OMX.google.h263.decoder) in mediacodec process
02-20 20:29:11.908  1647  1647 W System  : ClassLoader referenced unknown path: 
02-20 20:29:11.908  1647  1647 W System  : ClassLoader referenced unknown path: /system/priv-app/Settings/lib/x86_64
02-20 20:29:11.909  1647  1647 D ApplicationLoaders: ignored Vulkan layer search path /system/priv-app/Settings/lib/x86_64:/system/priv-app/Settings/Settings.apk!/lib/x86_64:/system/lib64:/vendor/lib64 for namespace 0x75d69005d160
02-20 20:29:11.918  1910  1910 W art     : Unexpected CPU variant for X86 using defaults: x86_64
02-20 20:29:11.918  1647  1647 I ActivityManager: Loaded persisted task ids for user 0
02-20 20:29:11.920  1647  1647 I am_create_task: [0,1]
02-20 20:29:11.920  1647  1647 I am_create_activity: [0,53660736,1,com.android.settings/.FallbackHome,android.intent.action.MAIN,NULL,NULL,276824320]
02-20 20:29:11.920  1647  1647 I wm_task_created: [1,0]
02-20 20:29:11.920  1647  1647 I wm_task_moved: [1,1,0]
02-20 20:29:11.920  1647  1647 I wm_task_moved: [1,1,0]
02-20 20:29:11.922  1647  1647 I am_focused_activity: [0,com.android.settings/.FallbackHome,startedActivity]
02-20 20:29:11.930  1647  1647 I am_proc_start: [0,1918,1000,com.android.settings,activity,com.android.settings/.FallbackHome]
02-20 20:29:11.930  1647  1647 I ActivityManager: Start proc 1918:com.android.settings/1000 for activity com.android.settings/.FallbackHome
02-20 20:29:11.932  1918  1918 W art     : Unexpected CPU variant for X86 using defaults: x86_64
02-20 20:29:11.933  1368  1368 E OMXNodeInstance: getExtensionIndex(5580010:google.h263.decoder, OMX.google.android.index.configureVideoTunnelMode) ERROR: UnsupportedIndex(0x8000101a)
02-20 20:29:11.933  1368  1840 W OMXNodeInstance: [5580010:google.h263.decoder] component does not support metadata mode; using fallback
02-20 20:29:11.939  1371  1371 I MediaPlayerService: MediaPlayerService::getOMX
02-20 20:29:11.939  1371  1371 I OMXClient: MuxOMX ctor
02-20 20:29:11.939  1368  1386 I OMXMaster: makeComponentInstance(OMX.google.h264.decoder) in mediacodec process
02-20 20:29:11.941  1647  1691 W WindowManager: Keyguard drawn timeout. Setting mKeyguardDrawComplete
02-20 20:29:11.948  1647  1647 I SystemServer: Enabled StrictMode for system server main thread.
02-20 20:29:11.949  1647  1647 D ConditionProviders.SCP: onConnected
02-20 20:29:11.950  1647  1647 D ZenLog  : set_zen_mode: off,readXml
02-20 20:29:11.982  1647  1685 I am_proc_bound: [0,1910,com.android.phone]
02-20 20:29:11.984  1647  1647 D ConditionProviders: Subscribing to condition://android/schedule?days=6.7&start=23.30&end=10.0&exitAtAlarm=false with ComponentInfo{android/com.android.server.notification.ScheduleConditionProvider}
02-20 20:29:11.985  1647  1647 D ZenLog  : subscribe: condition://android/schedule?days=6.7&start=23.30&end=10.0&exitAtAlarm=false,ok
02-20 20:29:11.985  1647  1647 D ConditionProviders: Subscribing to condition://android/event?userId=-10000&calendar=&reply=1 with ComponentInfo{android/com.android.server.notification.EventConditionProvider}
02-20 20:29:11.985  1647  1647 D ZenLog  : subscribe: condition://android/event?userId=-10000&calendar=&reply=1,ok
02-20 20:29:11.985  1647  1647 D ConditionProviders: Subscribing to condition://android/schedule?days=1.2.3.4.5&start=22.0&end=7.0&exitAtAlarm=false with ComponentInfo{android/com.android.server.notification.ScheduleConditionProvider}
02-20 20:29:11.985  1647  1647 D ZenLog  : subscribe: condition://android/schedule?days=1.2.3.4.5&start=22.0&end=7.0&exitAtAlarm=false,ok
02-20 20:29:12.015  1647  1689 I GnssLocationProvider: WakeLock released by handleMessage(2, 1, null)
02-20 20:29:12.015  1647  1689 W LocationProviderProxy-network: Odd, no component found for service com.android.location.service.v3.NetworkLocationProvider
02-20 20:29:12.016  1647  1647 D RttService: SCAN_AVAILABLE : 1
02-20 20:29:12.016  1647  1749 I am_proc_bound: [0,1918,com.android.settings]
02-20 20:29:12.016  1647  1647 D ZenLog  : set_zen_mode: off,cleanUpZenRules
02-20 20:29:12.016  1647  1735 I WifiScanningService: wifi driver unloaded
02-20 20:29:12.019  1647  1736 D RttService: DefaultState got{ when=-3ms what=160513 target=com.android.internal.util.StateMachine$SmHandler }
02-20 20:29:12.033  1647  1689 W GeocoderProxy: Odd, no component found for service com.android.location.service.GeocodeProvider
02-20 20:29:12.034  1647  1689 W GeofenceProxy: Odd, no component found for service com.android.location.service.GeofenceProvider
02-20 20:29:12.034  1647  1689 W ActivityRecognitionProxy: Odd, no component found for service com.android.location.service.ActivityRecognitionProvider
02-20 20:29:12.020     0     0 D ieee80211 phy1: hw scan 2452 MHz
02-20 20:29:12.034  1371  1371 W ACodec  : [OMX.google.h264.decoder] stopping checking profiles after 32: 2/8000
02-20 20:29:12.034  1368  1386 E OMXNodeInstance: getExtensionIndex(5580011:google.h264.decoder, OMX.google.android.index.configureVideoTunnelMode) ERROR: UnsupportedIndex(0x8000101a)
02-20 20:29:12.034  1368  1368 W OMXNodeInstance: [5580011:google.h264.decoder] component does not support metadata mode; using fallback
02-20 20:29:12.036  1371  1371 I MediaPlayerService: MediaPlayerService::getOMX
02-20 20:29:12.037  1371  1371 I OMXClient: MuxOMX ctor
02-20 20:29:12.037  1368  1840 I OMXMaster: makeComponentInstance(OMX.google.hevc.decoder) in mediacodec process
02-20 20:29:12.043  1910  1910 W System  : ClassLoader referenced unknown path: /system/priv-app/TeleService/lib/x86_64
02-20 20:29:12.050  1312  1324 D PermissionCache: checking android.permission.READ_FRAME_BUFFER for uid=1000 => granted (218 us)
02-20 20:29:12.052  1312  1324 D gralloc_ranchu: gralloc_alloc: Creating ashmem region of size 17051648
02-20 20:29:12.073  1368  1386 E OMXNodeInstance: getExtensionIndex(5580012:google.hevc.decoder, OMX.google.android.index.configureVideoTunnelMode) ERROR: UnsupportedIndex(0x8000101a)
02-20 20:29:12.073  1368  1368 W OMXNodeInstance: [5580012:google.hevc.decoder] component does not support metadata mode; using fallback
02-20 20:29:12.076  1371  1371 I MediaPlayerService: MediaPlayerService::getOMX
02-20 20:29:12.077  1371  1371 I OMXClient: MuxOMX ctor
02-20 20:29:12.077  1368  1840 I OMXMaster: makeComponentInstance(OMX.google.vp8.decoder) in mediacodec process
02-20 20:29:12.096  1368  1368 E OMXNodeInstance: getExtensionIndex(5580013:google.vp8.decoder, OMX.google.android.index.configureVideoTunnelMode) ERROR: UnsupportedIndex(0x8000101a)
02-20 20:29:12.096  1368  1386 W OMXNodeInstance: [5580013:google.vp8.decoder] component does not support metadata mode; using fallback
02-20 20:29:12.098  1371  1371 I MediaPlayerService: MediaPlayerService::getOMX
02-20 20:29:12.098  1371  1371 I OMXClient: MuxOMX ctor
02-20 20:29:12.098  1368  1840 I OMXMaster: makeComponentInstance(OMX.google.vp9.decoder) in mediacodec process
02-20 20:29:12.112  1368  1840 E OMXNodeInstance: getExtensionIndex(5580014:google.vp9.decoder, OMX.google.android.index.configureVideoTunnelMode) ERROR: UnsupportedIndex(0x8000101a)
02-20 20:29:12.112  1368  1368 W OMXNodeInstance: [5580014:google.vp9.decoder] component does not support metadata mode; using fallback
02-20 20:29:12.113  1371  1371 I MediaPlayerService: MediaPlayerService::getOMX
02-20 20:29:12.114  1371  1371 I OMXClient: MuxOMX ctor
02-20 20:29:12.114  1368  1840 I OMXMaster: makeComponentInstance(OMX.google.h263.encoder) in mediacodec process
02-20 20:29:12.135  1368  1840 I SoftMPEG4Encoder: Construct SoftMPEG4Encoder
02-20 20:29:12.137  1371  1371 W ACodec  : do not know color format 0x7f000789 = 2130708361
02-20 20:29:12.137  1368  1386 E OMXNodeInstance: getConfig(5580015:google.h263.encoder, ConfigAndroidIntraRefresh(0x6f60000a)) ERROR: Undefined(0x80001001)
02-20 20:29:12.139  1371  1371 I MediaPlayerService: MediaPlayerService::getOMX
02-20 20:29:12.139  1371  1371 I OMXClient: MuxOMX ctor
02-20 20:29:12.139  1368  1386 I OMXMaster: makeComponentInstance(OMX.google.h264.encoder) in mediacodec process
02-20 20:29:12.140     0     0 D ieee80211 phy1: hw scan 2457 MHz
02-20 20:29:12.164  1647  1749 I am_restart_activity: [0,53660736,1,com.android.settings/.FallbackHome]
02-20 20:29:12.172  1647  1647 W System  : ClassLoader referenced unknown path: /system/priv-app/Telecom/lib/x86_64
02-20 20:29:12.172  1647  1647 D ApplicationLoaders: ignored Vulkan layer search path /system/priv-app/Telecom/lib/x86_64:/system/priv-app/Telecom/Telecom.apk!/lib/x86_64:/system/lib64:/vendor/lib64 for namespace 0x75d69005d1d0
02-20 20:29:12.173  1910  1910 W System  : ClassLoader referenced unknown path: /system/priv-app/TelephonyProvider/lib/x86_64
02-20 20:29:12.173  1910  1910 D ApplicationLoaders: ignored Vulkan layer search path /system/priv-app/TelephonyProvider/lib/x86_64:/system/lib64:/vendor/lib64 for namespace 0x75d68fff20f0
02-20 20:29:12.192  1765  1765 I vol.Events: writeEvent collection_started
02-20 20:29:12.197  1371  1371 W ACodec  : do not know color format 0x7f000789 = 2130708361
02-20 20:29:12.198  1371  1371 I MediaPlayerService: MediaPlayerService::getOMX
02-20 20:29:12.198  1371  1371 I OMXClient: MuxOMX ctor
02-20 20:29:12.198  1368  1386 I OMXMaster: makeComponentInstance(OMX.google.mpeg4.encoder) in mediacodec process
02-20 20:29:12.202  1765  1963 I sysui_action: [213,2]
02-20 20:29:12.202  1765  1963 I vol.Events: writeEvent external_ringer_mode_changed normal
02-20 20:29:12.202  1765  1963 I vol.Events: writeEvent internal_ringer_mode_changed normal
02-20 20:29:12.209  1910  1910 D TelephonyProvider: dbh.onOpen: ok, queried table=siminfo
02-20 20:29:12.209  1910  1910 D TelephonyProvider: dbh.onOpen: ok, queried table=carriers
02-20 20:29:12.212  1918  1918 W System  : ClassLoader referenced unknown path: /system/priv-app/Settings/lib/x86_64
02-20 20:29:12.223  1368  1386 I SoftMPEG4Encoder: Construct SoftMPEG4Encoder
02-20 20:29:12.224  1371  1371 W ACodec  : do not know color format 0x7f000789 = 2130708361
02-20 20:29:12.224  1368  1368 E OMXNodeInstance: getConfig(5580017:google.mpeg4.encoder, ConfigAndroidIntraRefresh(0x6f60000a)) ERROR: Undefined(0x80001001)
02-20 20:29:12.224  1371  1371 I MediaPlayerService: MediaPlayerService::getOMX
02-20 20:29:12.228  1371  1371 I OMXClient: MuxOMX ctor
02-20 20:29:12.228  1368  1368 I OMXMaster: makeComponentInstance(OMX.google.vp8.encoder) in mediacodec process
02-20 20:29:12.252  1647  1647 E BluetoothAdapter: Bluetooth binder is null
02-20 20:29:12.265  1647  1647 I Telecom : SystemStateProvider: Registering car mode receiver: android.content.IntentFilter@acd121e: TS.init@AAA
02-20 20:29:12.260     0     0 D ieee80211 phy1: hw scan 2462 MHz
02-20 20:29:12.285  1647  1970 I Telecom : Telecom: Non-call EVENT: AUDIO_ROUTE, Entering state QuiescentEarpieceRoute
02-20 20:29:12.287  1647  1971 I Telecom : CallAudioModeStateMachine: Message received: null.: TS.init->CAMSM.pM_1@AAA_0
02-20 20:29:12.290  1647  1647 E BluetoothAdapter: Bluetooth binder is null
02-20 20:29:12.290  1647  1972 E ActivityThread: Failed to find provider info for call_log
02-20 20:29:12.301  1910  1910 D TDC     : updateOrInsert: inserting: Modem { uuid=modem, state=0, rilModel=0, rat={}, maxActiveVoiceCall=1, maxActiveDataCall=1, maxStandby=1 }
02-20 20:29:12.301  1910  1910 D TDC     : updateOrInsert: inserting: Sim { uuid=sim, modemUuid=modem, state=0 }
02-20 20:29:12.316  1371  1371 W ACodec  : do not know color format 0x7f000789 = 2130708361
02-20 20:29:12.317  1368  1840 E OMXNodeInstance: getConfig(5580018:google.vp8.encoder, ConfigAndroidIntraRefresh(0x6f60000a)) ERROR: Undefined(0x80001001)
02-20 20:29:12.319  1371  1371 I MediaPlayerService: MediaPlayerService::getOMX
02-20 20:29:12.324  1647  1647 I Telecom : Class: TelecomSystem.INSTANCE being set
02-20 20:29:12.326  1371  1371 I OMXClient: MuxOMX ctor
02-20 20:29:12.327  1647  1647 E BluetoothAdapter: Bluetooth binder is null
02-20 20:29:12.328  1371  1371 I MediaPlayerService: MediaPlayerService::getOMX
02-20 20:29:12.328  1371  1371 I OMXClient: MuxOMX ctor
02-20 20:29:12.328  1371  1371 W MediaCodecList: unable to open media codecs configuration xml file: /data/misc/media/media_codecs_profiling_results.xml
02-20 20:29:12.329  1371  1846 I MediaPlayerService: MediaPlayerService::getOMX
02-20 20:29:12.329  1765  1898 I OMXClient: MuxOMX ctor
02-20 20:29:12.332  1368  1386 I OMXMaster: makeComponentInstance(OMX.google.vorbis.decoder) in mediacodec process
02-20 20:29:12.381     0     0 D ieee80211 phy1: hw scan complete
02-20 20:29:12.381     0     0 D ieee80211 phy1: mac80211_hwsim_get_survey (idx=0)
02-20 20:29:12.340  1647  1647 W ContextImpl: Calling a method in the system process without a qualified user: android.app.ContextImpl.startService:1357 com.android.server.content.SyncManager$13.run:658 android.os.Handler.handleCallback:751 android.os.Handler.dispatchMessage:95 android.os.Looper.loop:154 
02-20 20:29:12.341  1371  1371 I MediaPlayerService: MediaPlayerService::getOMX
02-20 20:29:12.342  1647  1828 I OMXClient: MuxOMX ctor
02-20 20:29:12.359  1910  1910 D CdmaSSM : subscriptionSource from settings: 0
02-20 20:29:12.359  1910  1910 I PhoneFactory: Cdma Subscription set to 0
02-20 20:29:12.376  1918  1918 I am_on_resume_called: [0,com.android.settings.FallbackHome,LAUNCH_ACTIVITY]
02-20 20:29:12.383  1647  1647 W System  : ClassLoader referenced unknown path: /system/priv-app/FusedLocation/lib/x86_64
02-20 20:29:12.383  1647  1647 D ApplicationLoaders: ignored Vulkan layer search path /system/priv-app/FusedLocation/lib/x86_64:/system/priv-app/FusedLocation/FusedLocation.apk!/lib/x86_64:/system/lib64:/vendor/lib64 for namespace 0x75d69005d240
02-20 20:29:12.387  1910  1910 I PhoneFactory: Network Mode set to 0
02-20 20:29:12.388  1312  1326 E SurfaceFlinger: ro.sf.lcd_density must be defined as a build property
02-20 20:29:12.402  1910  1910 D RILJ    : RIL(context, preferredNetworkType=0 cdmaSubscription=0)
02-20 20:29:12.411  1368  1368 I OMXMaster: makeComponentInstance(OMX.google.vorbis.decoder) in mediacodec process
02-20 20:29:12.428     0     0 D ieee80211 phy1: mac80211_hwsim_config (freq=0 idle=0 ps=0 smps=auto)
02-20 20:29:12.428     0     0 D ieee80211 phy1: add channel context control: 2447 MHz/width: 2/cfreqs:2437/0 MHz
02-20 20:29:12.428     0     0 D ieee80211 phy1: mac80211_hwsim_bss_info_changed(changed=0x40000)
02-20 20:29:12.428     0     0 D ieee80211 phy1: TX Power: 20 dBm
02-20 20:29:12.428     0     0 D ieee80211 phy1: mac80211_hwsim_bss_info_changed(changed=0x4000)
02-20 20:29:12.428     0     0 D ieee80211 phy1: change channel context control: 2447 MHz/width: 2/cfreqs:2437/0 MHz
02-20 20:29:12.428     0     0 D ieee80211 phy1: mac80211_hwsim_bss_info_changed(changed=0x88340)
02-20 20:29:12.428     0     0 D ieee80211 phy1: BCNINT: 100
02-20 20:29:12.428     0     0 D ieee80211 phy1: BCN EN: 1
02-20 20:29:12.428     0     0 D ieee80211 phy1: mac80211_hwsim_bss_info_changed(changed=0x3e)
02-20 20:29:12.428     0     0 D ieee80211 phy1: ERP_CTS_PROT: 0
02-20 20:29:12.428     0     0 D ieee80211 phy1: ERP_PREAMBLE: 0
02-20 20:29:12.428     0     0 D ieee80211 phy1: ERP_SLOT: 1
02-20 20:29:12.428     0     0 D ieee80211 phy1: HT: op_mode=0x0
02-20 20:29:12.428     0     0 D ieee80211 phy1: BASIC_RATES: 0xf
02-20 20:29:12.428     0     0 D ieee80211 phy1: mac80211_hwsim_conf_tx (queue=0 txop=47 cw_min=3 cw_max=7 aifs=1)
02-20 20:29:12.428     0     0 D ieee80211 phy1: mac80211_hwsim_bss_info_changed(changed=0x2000)
02-20 20:29:12.428     0     0 D ieee80211 phy1: mac80211_hwsim_conf_tx (queue=1 txop=94 cw_min=7 cw_max=15 aifs=1)
02-20 20:29:12.428     0     0 D ieee80211 phy1: mac80211_hwsim_bss_info_changed(changed=0x2000)
02-20 20:29:12.428     0     0 D ieee80211 phy1: mac80211_hwsim_conf_tx (queue=2 txop=0 cw_min=15 cw_max=63 aifs=3)
02-20 20:29:12.428     0     0 D ieee80211 phy1: mac80211_hwsim_bss_info_changed(changed=0x2000)
02-20 20:29:12.428     0     0 D ieee80211 phy1: mac80211_hwsim_conf_tx (queue=3 txop=0 cw_min=15 cw_max=1023 aifs=7)
02-20 20:29:12.428     0     0 D ieee80211 phy1: mac80211_hwsim_bss_info_changed(changed=0x2000)
02-20 20:29:12.439     0     0 I IPv6    : ADDRCONF(NETDEV_CHANGE): wlan1: link becomes ready
02-20 20:29:12.440     0     0 D ieee80211 phy1: mac80211_hwsim_configure_filter
02-20 20:29:12.427  1505  1505 E hostapd : Using interface wlan1 with hwaddr 02:00:00:00:01:00 and ssid "AndroidWifi"
02-20 20:29:12.428  1505  1505 I hostapd : wlan1: interface state HT_SCAN->ENABLED
02-20 20:29:12.428  1505  1505 I hostapd : wlan1: AP-ENABLED 
02-20 20:29:12.429  1918  1918 D         : HostConnection::get() New Host Connection established 0x75d6813f8e20, tid 1918
02-20 20:29:12.441  1910  1910 D RILJ    : Starting RILReceiver0 [SUB0]
02-20 20:29:12.444  1910  1910 D RILJ    : [3648]> GET_HARDWARE_CONFIG [SUB0]
02-20 20:29:12.446  1910  1910 D RilRequest: [3648]< GET_HARDWARE_CONFIG error: com.android.internal.telephony.CommandException: RADIO_NOT_AVAILABLE ret=
02-20 20:29:12.446  1910  1910 I PhoneFactory: Creating SubscriptionController
02-20 20:29:12.458  1910  1910 D SubscriptionController: [SubscriptionController] init by Context
02-20 20:29:12.459  1373  1496 I RILC    : libril: new connection to RIL_SOCKET_1
02-20 20:29:12.459  1373  1496 I RILC    : RIL Daemon version: android reference-ril 1.0
02-20 20:29:12.459  1910  1993 I RILJ    : (0) Connected to 'rild' socket
02-20 20:29:12.459  1910  1993 D RILJ    : [UNSL]< UNSOL_RIL_CONNECTED {12} [SUB0]
02-20 20:29:12.459  1910  1993 D RILJ    : [3649]> RADIO_POWER off [SUB0]
02-20 20:29:12.460  1371  1846 I MediaPlayerService: MediaPlayerService::getOMX
02-20 20:29:12.460  1765  1994 I OMXClient: MuxOMX ctor
02-20 20:29:12.461  1373  1496 D RIL     : onRequest: RADIO_POWER
02-20 20:29:12.461  1910  1993 D RILJ    : [3650]> RIL_REQUEST_CDMA_SET_SUBSCRIPTION_SOURCE : 0 [SUB0]
02-20 20:29:12.461  1647  1647 D GpsNetInitiatedHandler: location enabled :true
02-20 20:29:12.462  1647  1647 V WiredAccessoryManager: notifyWiredAccessoryChanged: when=0 bits= mask=54
02-20 20:29:12.462  1647  1647 V WiredAccessoryManager: newName=h2w newState=0 headsetState=0 prev headsetState=0
02-20 20:29:12.462  1647  1647 E WiredAccessoryManager: No state change.
02-20 20:29:12.462  1647  1647 V WiredAccessoryManager: init()
02-20 20:29:12.464  1368  1840 I OMXMaster: makeComponentInstance(OMX.google.vorbis.decoder) in mediacodec process
02-20 20:29:12.483  1373  1496 D RIL     : onRequest: CDMA_SET_SUBSCRIPTION_SOURCE
02-20 20:29:12.483  1910  1993 D RILJ    : setCellInfoListRate: 2147483647 [SUB0]
02-20 20:29:12.483  1910  1993 D RILJ    : [3651]> RIL_REQUEST_SET_CELL_INFO_LIST_RATE [SUB0]
02-20 20:29:12.484  1371  1371 I MediaPlayerService: MediaPlayerService::getOMX
02-20 20:29:12.484  1910  1910 D UiccController: Creating UiccController
02-20 20:29:12.484  1647  1995 I OMXClient: MuxOMX ctor
02-20 20:29:12.485  1910  1910 D TelephonyTester: register for intent action=com.android.internal.telephony.action_detached
02-20 20:29:12.485  1910  1910 D TelephonyTester: register for intent action=com.android.internal.telephony.action_attached
02-20 20:29:12.485  1373  1496 D RIL     : onRequest: SET_UNSOL_CELL_INFO_LIST_RATE
02-20 20:29:12.486  1910  1993 D RILJ    : [UNSL]< UNSOL_RESPONSE_RADIO_STATE_CHANGED RADIO_OFF [SUB0]
02-20 20:29:12.486  1910  1993 D RILJ    : [3652]> SCREEN_STATE: true [SUB0]
02-20 20:29:12.486  1373  1496 D RIL     : onRequest: SCREEN_STATE
02-20 20:29:12.486  1910  1993 D RILJ    : [UNSL]< UNSOL_NITZ_TIME_RECEIVED 18/02/20:20:29:07+0:0:Unknown!Unknown [SUB0]
02-20 20:29:12.486  1910  1993 D RILJ    : [3649]< RADIO_POWER  [SUB0]
02-20 20:29:12.494  1368  1368 I OMXMaster: makeComponentInstance(OMX.google.vorbis.decoder) in mediacodec process
02-20 20:29:12.498  1910  1993 D RilRequest: [3650]< RIL_REQUEST_CDMA_SET_SUBSCRIPTION_SOURCE error: com.android.internal.telephony.CommandException: RADIO_NOT_AVAILABLE ret=
02-20 20:29:12.498  1910  1993 D RilRequest: [3651]< RIL_REQUEST_SET_CELL_INFO_LIST_RATE error: com.android.internal.telephony.CommandException: RADIO_NOT_AVAILABLE ret=
02-20 20:29:12.498  1910  1993 D RilRequest: [3652]< SCREEN_STATE error: com.android.internal.telephony.CommandException: RADIO_NOT_AVAILABLE ret=
02-20 20:29:12.506  1910  1910 D Phone   : mDoesRilSendMultipleCallRing=true
02-20 20:29:12.506  1910  1910 D Phone   : mCallRingDelay=3000
02-20 20:29:12.509  1910  1910 D RILJ    : [3653]> RIL_REQUEST_START_LCE [SUB0]
02-20 20:29:12.510  1373  1496 D RIL     : onRequest: <unknown request>
02-20 20:29:12.510  1910  1993 D RilRequest: [3653]< RIL_REQUEST_START_LCE error: com.android.internal.telephony.CommandException: RADIO_NOT_AVAILABLE ret=
02-20 20:29:12.515  1910  1910 E RIL_ImsSms: getFormat should never be called from here!
02-20 20:29:12.515  1910  1910 D SMSDispatcher: SMSDispatcher: ctor mSmsCapable=true format=unknown mSmsSendDisabled=false
02-20 20:29:12.515  1910  1910 D RIL_ImsSms: ImsSMSDispatcher created
02-20 20:29:12.516  1910  1910 D SMSDispatcher: SMSDispatcher: ctor mSmsCapable=true format=3gpp2 mSmsSendDisabled=false
02-20 20:29:12.516  1910  1910 D CdmaSMSDispatcher: CdmaSMSDispatcher created
02-20 20:29:12.539  1312  1409 D         : HostConnection::get() New Host Connection established 0x7c17a68e2180, tid 1409
02-20 20:29:12.540  1918  1986 D         : HostConnection::get() New Host Connection established 0x75d6813f8ee0, tid 1986
02-20 20:29:12.542  1918  1986 I OpenGLRenderer: Initialized EGL, version 1.4
02-20 20:29:12.542  1918  1986 D OpenGLRenderer: Swap behavior 1
02-20 20:29:12.543  1910  1910 D GsmInboundSmsHandler: created InboundSmsHandler
02-20 20:29:12.545  1371  1841 I MediaPlayerService: MediaPlayerService::getOMX
02-20 20:29:12.545  1765  2011 I OMXClient: MuxOMX ctor
02-20 20:29:12.546  1368  1386 I OMXMaster: makeComponentInstance(OMX.google.vorbis.decoder) in mediacodec process
02-20 20:29:12.568  1918  1986 D EGL_emulation: eglCreateContext: 0x75d681379480: maj 3 min 0 rcv 3
02-20 20:29:12.573  1647  1729 D WifiConfigManager: Loading config and enabling all networks 
02-20 20:29:12.577  1910  1910 D CdmaInboundSmsHandler: created InboundSmsHandler
02-20 20:29:12.577  1647  1647 W VibratorService: Tried to stop vibrating but there is no vibrator device.
02-20 20:29:12.587  1647  1647 D ConditionProviders.SCP: onSubscribe condition://android/schedule?days=6.7&start=23.30&end=10.0&exitAtAlarm=false
02-20 20:29:12.588  1647  1647 D ConditionProviders.SCP: setRegistered true
02-20 20:29:12.588  1647  1647 D ConditionProviders.SCP: notifyCondition condition://android/schedule?days=6.7&start=23.30&end=10.0&exitAtAlarm=false STATE_FALSE reason=!meetsSchedule
02-20 20:29:12.588  1647  1647 D ConditionProviders.SCP: Scheduling evaluate for Tue Feb 20 23:30:00 GMT+00:00 2018 (1519169400000), in +3h0m47s412ms, now=Tue Feb 20 20:29:12 GMT+00:00 2018 (1519158552588)
02-20 20:29:12.588  1647  1647 D ConditionProviders.SCP: onSubscribe condition://android/schedule?days=1.2.3.4.5&start=22.0&end=7.0&exitAtAlarm=false
02-20 20:29:12.589  1647  1647 D ConditionProviders.SCP: notifyCondition condition://android/schedule?days=6.7&start=23.30&end=10.0&exitAtAlarm=false STATE_FALSE reason=!meetsSchedule
02-20 20:29:12.589  1647  1647 D ConditionProviders.SCP: notifyCondition condition://android/schedule?days=1.2.3.4.5&start=22.0&end=7.0&exitAtAlarm=false STATE_FALSE reason=!meetsSchedule
02-20 20:29:12.589  1647  1647 D ConditionProviders.SCP: Scheduling evaluate for Tue Feb 20 22:00:00 GMT+00:00 2018 (1519164000000), in +1h30m47s412ms, now=Tue Feb 20 20:29:12 GMT+00:00 2018 (1519158552588)
02-20 20:29:12.591  1910  1910 D SMSDispatcher: SMSDispatcher: ctor mSmsCapable=true format=3gpp mSmsSendDisabled=false
02-20 20:29:12.591  1910  1910 D GsmSMSDispatcher: GsmSMSDispatcher created
02-20 20:29:12.594  1910  2008 D GsmInboundSmsHandler: StartupState.processMessage:6
02-20 20:29:12.594  1910  2008 D GsmInboundSmsHandler: entering Idle state
02-20 20:29:12.594  1910  2012 D CdmaInboundSmsHandler: StartupState.processMessage:6
02-20 20:29:12.594  1910  2012 D CdmaInboundSmsHandler: entering Idle state
02-20 20:29:12.597  1910  1910 D IccCardProxy: ctor: ci=com.android.internal.telephony.RIL@e43dbc7 phoneId=0
02-20 20:29:12.597  1910  1910 D CdmaSSM : subscriptionSource from settings: 0
02-20 20:29:12.597  1910  1910 D CdmaSSM : cdmaSSM constructor: 0
02-20 20:29:12.597  1910  1910 D IccCardProxy: update icc_operator_numeric=
02-20 20:29:12.597  1910  1910 D TelephonyManager: setTelephonyProperty: success phoneId=0 property=gsm.sim.operator.numeric value:  propVal=
02-20 20:29:12.600  1910  1910 D TelephonyManager: setTelephonyProperty: success phoneId=0 property=gsm.sim.operator.iso-country value:  propVal=
02-20 20:29:12.600  1910  1910 D TelephonyManager: setTelephonyProperty: success phoneId=0 property=gsm.sim.operator.alpha value:  propVal=
02-20 20:29:12.600  1910  1910 E IccCardProxy: setExternalState: set mPhoneId=0 mExternalState=NOT_READY
02-20 20:29:12.600  1910  1910 D TelephonyManager: setTelephonyProperty: success phoneId=0 property=gsm.sim.state value: NOT_READY propVal=NOT_READY
02-20 20:29:12.601  1910  1910 D IccCardProxy: broadcastIccStateChangedIntent intent ACTION_SIM_STATE_CHANGED value=NOT_READY reason=null for mPhoneId=0
02-20 20:29:12.602  1647  1647 I Telecom : WiredHeadsetManager: ACTION_HEADSET_PLUG event, plugged in: false, : WHC.oADA@AAE
02-20 20:29:12.602  1910  1910 D RILJ    : setPhoneType=1 old value=0 [SUB0]
02-20 20:29:12.603  1910  1910 D TelephonyManager: setTelephonyProperty: success phoneId=0 property=gsm.current.phone-type value: 1 propVal=1
02-20 20:29:12.603  1910  1910 D IccCardProxy: Setting radio tech UMTS
02-20 20:29:12.603  1910  1910 D IccCardProxy: updateQuietMode: 3GPP subscription -> newQuietMode=false
02-20 20:29:12.603  1910  1910 D IccCardProxy: updateQuietMode: no changes don't setExternalState
02-20 20:29:12.603  1910  1910 D IccCardProxy: updateQuietMode: QuietMode is false (app_type=1 cdmaSource=-1)
02-20 20:29:12.603  1647  1729 W WifiNetworkHistory: Upgrading network 0 to android.uid.system:1000
02-20 20:29:12.608  1647  1729 D WifiConfigManager: loaded 0 passpoint configs
02-20 20:29:12.610  1647  1729 E IpConfigStore: Error parsing configuration: java.io.FileNotFoundException: /data/misc/wifi/ipconfig.txt (No such file or directory)
02-20 20:29:12.611  1647  1749 I stream_devices_changed: [0,0,2]
02-20 20:29:12.613  1647  1749 I stream_devices_changed: [2,0,2]
02-20 20:29:12.613  1647  1749 I stream_devices_changed: [3,0,2]
02-20 20:29:12.613  1910  1910 W CarrierConfigManager: Error getting config for subId -1 ICarrierConfigLoader is null
02-20 20:29:12.614  1647  1686 D TelephonyRegistry: listen oscl: hasNotifySubscriptionInfoChangedOccurred==false no callback
02-20 20:29:12.614  1647  1749 I stream_devices_changed: [6,0,2]
02-20 20:29:12.615  1647  1749 I stream_devices_changed: [4,0,2]
02-20 20:29:12.616  1765  1963 I vol.Events: writeEvent level_changed STREAM_ALARM 6
02-20 20:29:12.617  1765  1963 I vol.Events: writeEvent level_changed STREAM_BLUETOOTH_SCO 7
02-20 20:29:12.619  1647  1725 I netstats_mobile_sample: [0,0,0,0,0,0,0,0,0,0,0,0,-1]
02-20 20:29:12.619  1647  1725 I netstats_wifi_sample: [0,0,0,0,0,0,0,0,0,0,0,0,-1]
02-20 20:29:12.621  1910  1910 D TelephonyManager: setTelephonyProperty: success phoneId=0 property=gsm.network.type value: Unknown propVal=Unknown
02-20 20:29:12.621  1765  1963 I vol.Events: writeEvent level_changed STREAM_MUSIC 11
02-20 20:29:12.621  1371  1398 I MediaPlayerService: MediaPlayerService::getOMX
02-20 20:29:12.621  1647  2016 I OMXClient: MuxOMX ctor
02-20 20:29:12.621  1368  1840 I OMXMaster: makeComponentInstance(OMX.google.vorbis.decoder) in mediacodec process
02-20 20:29:12.624  1918  1986 D EGL_emulation: eglMakeCurrent: 0x75d681379480: ver 3 0 (tinfo 0x75d68b9f6f80)
02-20 20:29:12.632  1910  1910 D RILJ    : [3654]> SIGNAL_STRENGTH [SUB0]
02-20 20:29:12.636  1910  1910 D SST     : notifyDataRegStateRilRadioTechnologyChanged: drs=1 rat=0
02-20 20:29:12.636  1910  1910 D TelephonyManager: setTelephonyProperty: success phoneId=0 property=gsm.network.type value: Unknown propVal=Unknown
02-20 20:29:12.637  1373  1496 D RIL     : onRequest: SIGNAL_STRENGTH
02-20 20:29:12.637  1910  1993 D RilRequest: [3654]< SIGNAL_STRENGTH error: com.android.internal.telephony.CommandException: RADIO_NOT_AVAILABLE ret=
02-20 20:29:12.637  1765  1963 I vol.Events: writeEvent level_changed STREAM_RING 5
02-20 20:29:12.639  1765  1963 I vol.Events: writeEvent level_changed STREAM_SYSTEM 5
02-20 20:29:12.641  1765  1963 I vol.Events: writeEvent level_changed STREAM_VOICE_CALL 4
02-20 20:29:12.647  1910  1910 D DCT     : [0]DCT.constructor
02-20 20:29:12.652  1647  1725 I am_proc_start: [0,2021,10004,com.android.cellbroadcastreceiver,broadcast,com.android.cellbroadcastreceiver/.CellBroadcastReceiver]
02-20 20:29:12.653  1647  1725 I ActivityManager: Start proc 2021:com.android.cellbroadcastreceiver/u0a4 for broadcast com.android.cellbroadcastreceiver/.CellBroadcastReceiver
02-20 20:29:12.654  1647  1729 D WifiNative-HAL: Setting external_sim to 1
02-20 20:29:12.654  1647  1729 D WifiStateMachine: Setting OUI to DA-A1-19
02-20 20:29:12.654  1647  1647 I ActivityManager: user 0 is still locked. Cannot load recents
02-20 20:29:12.655  1647  1729 I WifiConnectivityManager: PNO settings: min5GHzRssi -82 min24GHzRssi -85 currentConnectionBonus 16 sameNetworkBonus 24 secureNetworkBonus 80 initialScoreMax 100
02-20 20:29:12.655  1647  1729 I WifiConnectivityManager: ConnectivityScanManager initialized and disabled
02-20 20:29:12.655  1647  1729 I WifiConnectivityManager: setUntrustedConnectionAllowed: allowed=false
02-20 20:29:12.655  1647  1729 E WifiLogger: no ring buffers found
02-20 20:29:12.655  1647  1729 E WifiLogger: Failed to start packet fate monitoring
