02-20 20:29:14.434  1647  1690 V BackupManagerService: Found transports: 2
02-20 20:29:14.441  1647  1690 I am_proc_start: [0,2103,10014,com.google.android.gms.persistent,service,com.google.android.gms/.backup.BackupTransportService]
02-20 20:29:14.441  1647  1690 I ActivityManager: Start proc 2103:com.google.android.gms.persistent/u0a14 for service com.google.android.gms/.backup.BackupTransportService
02-20 20:29:14.451  1910  1910 D SIMRecords: [SIMRecords] EF_MBI: 01000000
02-20 20:29:14.451  1910  1910 D SIMRecords: [SIMRecords] Got valid mailbox number for MBDN
02-20 20:29:14.451  1910  1910 D RILJ    : [3733]> iccIO: SIM_IO 0xc0 0x6fc7  path: 3F007F20,0,0,15 aid: null [SUB0]
02-20 20:29:14.452  1373  1496 D RIL     : onRequest: SIM_IO
02-20 20:29:14.452  1373  1496 D AT      : AT> AT+CRSM=192,28615,0,0,15
02-20 20:29:14.452  1910  1910 D SIMRecords: [SIMRecords] onRecordLoaded 10 requested: true
02-20 20:29:14.452  1910  1910 D SIMRecords: [SIMRecords] EF_AD: 00000003
02-20 20:29:14.452  1910  1910 D SIMRecords: [SIMRecords] setting4 mMncLength=3
02-20 20:29:14.452  1910  1910 D SIMRecords: [SIMRecords] update mccmnc=310260
02-20 20:29:14.452  1910  1910 D MccTable: updateMccMncConfiguration mccmnc='310260' fromServiceState=false
02-20 20:29:14.452  1910  1910 D SubscriptionController: [getPhoneId]- no sims, returning default phoneId=2147483647
02-20 20:29:14.452  1910  1910 D MccTable: updateMccMncConfiguration defaultMccMnc=
02-20 20:29:14.452  1910  1910 D MccTable: updateMccMncConfiguration: mcc=310, mnc=260
02-20 20:29:14.452  1910  1910 D MccTable: updateMccMncConfiguration updateConfig config={1.0 310mcc260mnc ?localeList ?layoutDir ?swdp ?wdp ?hdp ?density ?lsize ?long ?orien ?uimode ?night ?touch ?keyb/?/? ?nav/?}
02-20 20:29:14.452  1647  1647 V BackupManagerService: Connected to transport ComponentInfo{android/com.android.internal.backup.LocalTransportService}
02-20 20:29:14.452  1647  1685 I configuration_changed: 3
02-20 20:29:14.452  1647  1685 I ActivityManager: Config changes=3 {1.0 310mcc260mnc [en_US] ldltr sw360dp w360dp h668dp 640dpi nrml long port finger -keyb/v/h -nav/h s.6}
02-20 20:29:14.453  1647  1647 V BackupManagerService: Registering transport android/com.android.internal.backup.LocalTransportService::android/com.android.internal.backup.LocalTransport = android.app.backup.BackupTransport$TransportImpl@bcac5b7
02-20 20:29:14.456  1373  1499 D AT      : AT< +CRSM: 144,0,000000406fc7040011a0aa01020120
02-20 20:29:14.456  1373  1499 D AT      : AT< OK
02-20 20:29:14.456  1910  1993 D RILJ    : [3733]< SIM_IO IccIoResponse sw1:0x90 sw2:0x0 [SUB0]
02-20 20:29:14.456  1647  1647 I backup_transport_lifecycle: [android/com.android.internal.backup.LocalTransportService,1]
02-20 20:29:14.458  1647  1685 I am_relaunch_resume_activity: [0,53660736,1,com.android.settings/.FallbackHome]
02-20 20:29:14.458  1918  1918 I am_on_paused_called: [0,com.android.settings.FallbackHome,handleRelaunchActivity]
02-20 20:29:14.459  1910  1910 D SIMRecords: [SIMRecords] onRecordLoaded 9 requested: true
02-20 20:29:14.459  1910  1910 D RILJ    : [3734]> iccIO: SIM_IO 0xb0 0x6f14  path: 3F007F20,0,0,20 aid: null [SUB0]
02-20 20:29:14.460  1373  1496 D RIL     : onRequest: SIM_IO
02-20 20:29:14.460  1373  1496 D AT      : AT> AT+CRSM=176,28436,0,0,20
02-20 20:29:14.461  1373  1499 D AT      : AT< +CRSM: 144,0,416e64726f6964ffffffffffffffffffffffffff
02-20 20:29:14.461  1373  1499 D AT      : AT< OK
02-20 20:29:14.461  1910  1993 D RILJ    : [3734]< SIM_IO IccIoResponse sw1:0x90 sw2:0x0 [SUB0]
02-20 20:29:14.461  1910  1910 D SIMRecords: [SIMRecords] EF_MWIS : 0000000000
02-20 20:29:14.461  1910  1910 D SIMRecords: [SIMRecords] onRecordLoaded 8 requested: true
02-20 20:29:14.461  1910  1910 D SIMRecords: [SIMRecords] EF_CPHS_MWI: 55
02-20 20:29:14.461  1910  1910 D SIMRecords: [SIMRecords] onRecordLoaded 7 requested: true
02-20 20:29:14.461  1910  1910 D SIMRecords: [SIMRecords] EF_CFF_CPHS: 55
02-20 20:29:14.461  1910  1910 D SIMRecords: [SIMRecords] onRecordLoaded 6 requested: true
02-20 20:29:14.461  1910  1910 D SIMRecords: [SIMRecords] onRecordLoaded 5 requested: true
02-20 20:29:14.462  1910  1910 D SIMRecords: [SIMRecords] SST: UsimServiceTable[120]={ PHONEBOOK, FDN, FDN_EXTENSION, SDN, SDN_EXTENSION, BDN, BDN_EXTENSION, OUTGOING_CALL_INFO, ADVICE_OF_CHARGE, CAP_CONFIG_PARAMS_2, GROUP_ID_LEVEL_1, GROUP_ID_LEVEL_2, SPN, USER_PLMN_SELECT, MSISDN, IMAGE, LOCALISED_SERVICE_AREAS, EMLPP, EMLPP_AUTO_ANSWER, RFU, GSM_ACCESS, DATA_DL_VIA_SMS_PP, DATA_DL_VIA_SMS_CB, CALL_CONTROL_BY_USIM, MO_SMS_CONTROL_BY_USIM, RUN_AT_COMMAND, APN_CONTROL_LIST, DEPERSONALISATION_CONTROL_KEYS, COOPERATIVE_NETWORK_LIST, GSM_SECURITY_CONTEXT, SERVICE_PROVIDER_DISPLAY_INFO, MMS_NOTIFICATION, MMS_NOTIFICATION_EXTENSION, GPRS_CALL_CONTROL_BY_USIM, VGCS_GROUP_ID_LIST, VBS_GROUP_ID_LIST, OMA_BCAST_PROFILE, GBA_LOCAL_KEY_ESTABLISHMENT, #101, #102, #103, #104, #105, #106, #107, #108, #109, #110 }
02-20 20:29:14.462  1910  1910 D SIMRecords: [SIMRecords] onRecordLoaded 4 requested: true
02-20 20:29:14.462  1910  1910 D SIMRecords: [SIMRecords] iCPHS: 0233
02-20 20:29:14.462  1910  1910 D SIMRecords: [SIMRecords] onRecordLoaded 3 requested: true
02-20 20:29:14.462  1910  1910 D RuimRecords: [RuimRecords] iccid: 89014103211118510720
02-20 20:29:14.462  1910  1910 D RuimRecords: [RuimRecords] onRecordLoaded 0 requested: true
02-20 20:29:14.462  1910  1910 D RuimRecords: [RuimRecords] record load complete
02-20 20:29:14.462  1910  1910 D SIMRecords: [SIMRecords] MSISDN: [t-WgLegCyIMgfHgPkOdM6pkZbpA]
02-20 20:29:14.462  1910  1910 D SIMRecords: [SIMRecords] onRecordLoaded 2 requested: true
02-20 20:29:14.462  1910  1910 D RILJ    : [3735]> iccIO: SIM_IO 0xb2 0x6fc7  path: 3F007F20,1,4,32 aid: null [SUB0]
02-20 20:29:14.462  1647  1690 I BackupManagerService: Backup enabled => false
02-20 20:29:14.463  1373  1496 D RIL     : onRequest: SIM_IO
02-20 20:29:14.463  1373  1496 D AT      : AT> AT+CRSM=178,28615,1,4,32
02-20 20:29:14.463  1373  1499 D AT      : AT< +CRSM: 144,0,566f6963656d61696cffffffffffffffffff07915155125740f9ffffffffffff
02-20 20:29:14.463  1373  1499 D AT      : AT< OK
02-20 20:29:14.463  1910  1993 D RILJ    : [3735]< SIM_IO IccIoResponse sw1:0x90 sw2:0x0 [SUB0]
02-20 20:29:14.464  2103  2103 W art     : Unexpected CPU variant for X86 using defaults: x86_64
02-20 20:29:14.468  1918  1986 D EGL_emulation: eglMakeCurrent: 0x75d681379480: ver 3 0 (tinfo 0x75d68b9f6f80)
02-20 20:29:14.470  1918  1918 I am_on_stop_called: [0,com.android.settings.FallbackHome,destroy]
02-20 20:29:14.523  1910  1910 D SIMRecords: [SIMRecords] getServiceProviderName: no brandOverride, providerName=Android
02-20 20:29:14.524  1910  1910 D SIMRecords: [SIMRecords] Load EF_SPN_CPHS: Android
02-20 20:29:14.524  1910  1910 D TelephonyManager: setTelephonyProperty: success phoneId=0 property=gsm.sim.operator.alpha value: Android propVal=Android
02-20 20:29:14.524  1910  1910 D SIMRecords: [SIMRecords] onRecordLoaded 1 requested: true
02-20 20:29:14.525  1647  1686 I am_proc_bound: [0,2103,com.google.android.gms.persistent]
02-20 20:29:14.525  1910  1910 D SIMRecords: [SIMRecords] VM: ADN Record 'Voicemail' '[-MWU1cAlDrkXUZ8dpHi_wU_YOpU] null' EF[MBDN]
02-20 20:29:14.525  1910  1910 D SIMRecords: [SIMRecords] onRecordLoaded 0 requested: true
02-20 20:29:14.525  1910  1910 D SIMRecords: [SIMRecords] record load complete
02-20 20:29:14.525  1910  1910 D SIMRecords: [SIMRecords] Not using EF LI/EF PL
02-20 20:29:14.525  1910  1910 D SIMRecords: [SIMRecords] EF_CFF: callForwardingEnabled=0
02-20 20:29:14.525  1910  1910 D SIMRecords: [SIMRecords] onAllRecordsLoaded set 'gsm.sim.operator.numeric' to operator='310260'
02-20 20:29:14.525  1910  1910 D SIMRecords: [SIMRecords] update icc_operator_numeric=310260
02-20 20:29:14.525  1910  1910 D TelephonyManager: setTelephonyProperty: success phoneId=0 property=gsm.sim.operator.numeric value: 310260 propVal=310260
02-20 20:29:14.526  1910  1910 D SubscriptionController: [setMccMnc]+ mcc/mnc:310/260 subId:-1
02-20 20:29:14.529  1910  1910 D SubscriptionController: notifySubscriptionInfoChanged:
02-20 20:29:14.529  1647  1647 I GnssLocationProvider: WakeLock acquired by sendMessage(12, 0, null)
02-20 20:29:14.530  1910  1910 D SIMRecords: [SIMRecords] onAllRecordsLoaded set mcc imsi
02-20 20:29:14.530  1910  1910 D TelephonyManager: setTelephonyProperty: success phoneId=0 property=gsm.sim.operator.iso-country value: us propVal=us
02-20 20:29:14.532  1910  1910 D SST     : SubscriptionListener.onSubscriptionInfoChanged
02-20 20:29:14.532  1910  1910 D SIMRecords: [SIMRecords]  VoiceMessageCount from SIM MWIS = 0
02-20 20:29:14.532  1910  1910 E Phone   : getStoredVoiceMessageCount: invalid subId -2
02-20 20:29:14.532  1910  1910 D GsmCdmaPhone: [GsmCdmaPhone] updateVoiceMail countVoiceMessages = 0 subId -2
02-20 20:29:14.532  1910  1910 E Phone   : setVoiceMessageCount in sharedPreference: invalid subId -2
02-20 20:29:14.532  1910  2057 D SubscriptionController: [getActiveSubInfoList] Sub Controller not ready
02-20 20:29:14.533  1910  1910 D DCT     : [0]SubscriptionListener.onSubscriptionInfoChanged
02-20 20:29:14.537  1910  1910 D SubscriptionController: [getActiveSubInfoList] Sub Controller not ready
02-20 20:29:14.538  1910  1910 D SubscriptionController: [getActiveSubInfoList] Sub Controller not ready
02-20 20:29:14.538  1910  1910 I Telephony: PstnIncomingCallNotifier: Unregistering: Handler (com.android.internal.telephony.GsmCdmaPhone) {edf2142}
02-20 20:29:14.538  1910  1910 E PhoneInterfaceManager: [PhoneIntfMgr] getIccId: No UICC
02-20 20:29:14.546  1918  1918 I am_on_resume_called: [0,com.android.settings.FallbackHome,handleRelaunchActivity]
02-20 20:29:14.554  1647  1950 I Telecom : PhoneAccountRegistrar: [ComponentInfo{com.android.phone/com.android.services.telephony.TelephonyConnectionService}, [e0184adedf913b076626646d3f52c3b49c39ad6d], UserHandle{0}(addr: tel:*********** -> tel:)(icon: Icon(typ=BITMAP size=76x96) -> Icon(typ=BITMAP size=76x96))(subAddr: tel:*********** -> tel:)]: TSI.rPA@AAg
02-20 20:29:14.557  1647  1950 I Telecom : : Sending phone-account registered intent as user: TSI.rPA@AAg
02-20 20:29:14.570  1910  1910 I Telephony: AccountEntry: Registered phoneAccount: [[ ] PhoneAccount: ComponentInfo{com.android.phone/com.android.services.telephony.TelephonyConnectionService}, [e0184adedf913b076626646d3f52c3b49c39ad6d], UserHandle{0} Capabilities: CallProvider MultiUser PlaceEmerg SimSub  Schemes: tel voicemail  Extras: null GroupId: [da39a3ee5e6b4b0d3255bfef95601890afd80709]] with handle: ComponentInfo{com.android.phone/com.android.services.telephony.TelephonyConnectionService}, [e0184adedf913b076626646d3f52c3b49c39ad6d], UserHandle{0}
02-20 20:29:14.570  1910  1910 I Telephony: PstnIncomingCallNotifier: Registering: Handler (com.android.internal.telephony.GsmCdmaPhone) {edf2142}
02-20 20:29:14.571  1910  1910 D CAT     : CatService: handleMessage[20]
02-20 20:29:14.572  1910  1910 D GsmCdmaPhone: [GsmCdmaPhone] updateCurrentCarrierInProvider: mSubId = -2 currentDds = 1 operatorNumeric = 310260
02-20 20:29:14.572  1910  1910 D IccCardProxy: operator=310260 mPhoneId=0
02-20 20:29:14.572  1910  1910 D TelephonyManager: setTelephonyProperty: success phoneId=0 property=gsm.sim.operator.numeric value: 310260 propVal=310260
02-20 20:29:14.573  1910  1910 D TelephonyManager: setTelephonyProperty: success phoneId=0 property=gsm.sim.operator.iso-country value: us propVal=us
02-20 20:29:14.573  1910  1910 D IccCardProxy: Sending intent ACTION_INTERNAL_SIM_STATE_CHANGED for mPhoneId : 0
02-20 20:29:14.573  1910  1910 D SST     : EVENT_SIM_RECORDS_LOADED: what=16
02-20 20:29:14.573  1910  1910 D GsmCdmaPhone: [GsmCdmaPhone] updatePhoneObject: radioTechnology=0
02-20 20:29:14.573  1910  1910 D SST     : getOtasp: otasp not needed for GSM
02-20 20:29:14.573  1910  1910 D SST     : updateOtaspState: call notifyOtaspChanged old otaspMode=0 new otaspMode=3
02-20 20:29:14.574  1910  1910 D SIMRecords: [SIMRecords] getServiceProviderName: no brandOverride, providerName=Android
02-20 20:29:14.574  1910  1910 D SIMRecords: [SIMRecords] getServiceProviderName: no brandOverride, providerName=Android
02-20 20:29:14.574  2103  2103 W System  : ClassLoader referenced unknown path: /system/priv-app/PrebuiltGmsCore/lib/x86_64
02-20 20:29:14.574  1910  1910 D SST     : updateSpnDisplay: changed sending intent rule=1 showPlmn='false' plmn='Android' showSpn='true' spn='Android' dataSpn='Android' subId='-2'
02-20 20:29:14.574  1910  1910 D SubscriptionController: [setPlmnSpn] No valid subscription to store info
02-20 20:29:14.574  1910  1910 D SubscriptionController: notifySubscriptionInfoChanged:
02-20 20:29:14.575  1647  1647 I GnssLocationProvider: WakeLock acquired by sendMessage(12, 0, null)
02-20 20:29:14.575  1910  1933 D SubscriptionController: [getActiveSubInfoList] Sub Controller not ready
02-20 20:29:14.576  1910  1910 E PhoneInterfaceManager: [PhoneIntfMgr] getIccId: No UICC
02-20 20:29:14.582  1647  1686 I Telecom : PhoneAccountRegistrar: [ComponentInfo{com.android.phone/com.android.services.telephony.TelephonyConnectionService}, [e0184adedf913b076626646d3f52c3b49c39ad6d], UserHandle{0}(icon: Icon(typ=BITMAP size=76x96) -> Icon(typ=BITMAP size=76x96))]: TSI.rPA@AAs
02-20 20:29:14.584  1647  1686 I Telecom : : Sending phone-account registered intent as user: TSI.rPA@AAs
02-20 20:29:14.584  1910  1910 D GsmCdmaPhone: [GsmCdmaPhone] phoneObjectUpdater: newVoiceRadioTech=0
02-20 20:29:14.584  1910  1910 D GsmCdmaPhone: [GsmCdmaPhone] phoneObjectUpdater: volteReplacementRat=0
02-20 20:29:14.584  1910  1910 E GsmCdmaPhone: [GsmCdmaPhone] phoneObjectUpdater: newVoiceRadioTech=0 doesn't match either CDMA or GSM - error! No phone change
02-20 20:29:14.584  1910  1910 D SST     : SubscriptionListener.onSubscriptionInfoChanged
02-20 20:29:14.584  1910  1910 D DCT     : [0]SubscriptionListener.onSubscriptionInfoChanged
02-20 20:29:14.585  1910  1910 D SubscriptionController: [getActiveSubInfoList] Sub Controller not ready
02-20 20:29:14.585  1910  1910 D SubscriptionController: [getActiveSubInfoList] Sub Controller not ready
02-20 20:29:14.585  1910  1910 I Telephony: PstnIncomingCallNotifier: Unregistering: Handler (com.android.internal.telephony.GsmCdmaPhone) {edf2142}
02-20 20:29:14.585  1910  1910 E PhoneInterfaceManager: [PhoneIntfMgr] getIccId: No UICC
02-20 20:29:14.588  1647  2043 I Telecom : PhoneAccountRegistrar: [ComponentInfo{com.android.phone/com.android.services.telephony.TelephonyConnectionService}, [e0184adedf913b076626646d3f52c3b49c39ad6d], UserHandle{0}(icon: Icon(typ=BITMAP size=76x96) -> Icon(typ=BITMAP size=76x96))]: TSI.rPA@AAw
02-20 20:29:14.589  1647  2043 I Telecom : : Sending phone-account registered intent as user: TSI.rPA@AAw
02-20 20:29:14.590  1910  1910 I Telephony: AccountEntry: Registered phoneAccount: [[ ] PhoneAccount: ComponentInfo{com.android.phone/com.android.services.telephony.TelephonyConnectionService}, [e0184adedf913b076626646d3f52c3b49c39ad6d], UserHandle{0} Capabilities: CallProvider MultiUser PlaceEmerg SimSub  Schemes: tel voicemail  Extras: null GroupId: [da39a3ee5e6b4b0d3255bfef95601890afd80709]] with handle: ComponentInfo{com.android.phone/com.android.services.telephony.TelephonyConnectionService}, [e0184adedf913b076626646d3f52c3b49c39ad6d], UserHandle{0}
02-20 20:29:14.590  1910  1910 I Telephony: PstnIncomingCallNotifier: Registering: Handler (com.android.internal.telephony.GsmCdmaPhone) {edf2142}
02-20 20:29:14.591  1910  1910 E PhoneInterfaceManager: [PhoneIntfMgr] getIccId: No UICC
02-20 20:29:14.609  1362  1795 I art     : Starting a blocking GC HeapTrim
02-20 20:29:14.615  1647  1749 I Telecom : PhoneAccountRegistrar: [ComponentInfo{com.android.phone/com.android.services.telephony.TelephonyConnectionService}, [e0184adedf913b076626646d3f52c3b49c39ad6d], UserHandle{0}(icon: Icon(typ=BITMAP size=76x96) -> Icon(typ=BITMAP size=76x96))]: TSI.rPA@AA8
02-20 20:29:14.622  1647  1690 I am_proc_start: [0,2127,10029,com.google.android.googlequicksearchbox:interactor,service,com.google.android.googlequicksearchbox/com.google.android.voiceinteraction.GsaVoiceInteractionService]
02-20 20:29:14.622  1647  1690 I ActivityManager: Start proc 2127:com.google.android.googlequicksearchbox:interactor/u0a29 for service com.google.android.googlequicksearchbox/com.google.android.voiceinteraction.GsaVoiceInteractionService
02-20 20:29:14.625  1647  1690 I ActivityManager: Loading recents for user 0 into memory.
02-20 20:29:14.633  1647  1749 I Telecom : : Sending phone-account registered intent as user: TSI.rPA@AA8
02-20 20:29:14.638  1647  1690 D ActivityManager: Sending BOOT_COMPLETE user #0
02-20 20:29:14.638  1647  1690 I sysui_histogram: [framework_boot_completed,11]
02-20 20:29:14.647  1910  1940 D DCT     : [0]hasMatchedTetherApnSetting: APN=null
02-20 20:29:14.656  1910  1910 D SubscriptionInfoUpdater: [Receiver]+
02-20 20:29:14.657  1910  1910 D SubscriptionInfoUpdater: Action: android.intent.action.SIM_STATE_CHANGED
02-20 20:29:14.657  1910  1910 D SubscriptionInfoUpdater: slotId: 0
02-20 20:29:14.657  1910  1910 D SubscriptionInfoUpdater: simStatus: IMSI
02-20 20:29:14.657  1910  1910 D SubscriptionInfoUpdater: Ignoring simStatus: IMSI
02-20 20:29:14.657  1910  1910 D SubscriptionInfoUpdater: [Receiver]-
02-20 20:29:14.657  1910  1910 D SubscriptionInfoUpdater: [Receiver]+
02-20 20:29:14.657  1910  1910 D SubscriptionInfoUpdater: Action: android.intent.action.internal_sim_state_changed
02-20 20:29:14.657  1910  1910 D SubscriptionInfoUpdater: slotId: 0
02-20 20:29:14.657  1910  1910 D SubscriptionInfoUpdater: simStatus: LOADED
02-20 20:29:14.657  1910  1910 D SubscriptionInfoUpdater: [Receiver]-
02-20 20:29:14.657  1910  1910 D WAP PUSH: Received broadcast android.intent.action.USER_UNLOCKED
02-20 20:29:14.657  1910  1910 D WAP PUSH: Received broadcast android.intent.action.USER_UNLOCKED
02-20 20:29:14.657  1910  1910 D SmsBroadcastUndelivered: Received broadcast android.intent.action.USER_UNLOCKED
02-20 20:29:14.658  1910  1910 D SubscriptionInfoUpdater: [Receiver]+
02-20 20:29:14.658  1910  1910 D SubscriptionInfoUpdater: Action: android.intent.action.USER_UNLOCKED
02-20 20:29:14.658  1910  1910 D SubscriptionInfoUpdater: Broadcasting intent ACTION_SIM_STATE_CHANGED for mCardIndex: 0
02-20 20:29:14.658  1910  1910 D SubscriptionInfoUpdater: [Receiver]-
02-20 20:29:14.658  1910  1910 D CarrierSvcBindHelper: Received android.intent.action.USER_UNLOCKED
02-20 20:29:14.662  1647  1691 W WindowManager: Keyguard drawn timeout. Setting mKeyguardDrawComplete
02-20 20:29:14.664  1910  1910 D CarrierSvcBindHelper: No carrier app for: 0
02-20 20:29:14.664  1910  1910 D SubscriptionInfoUpdater: handleSimStateLoadedInternal: slotId: 0
02-20 20:29:14.664  1910  1910 D SubscriptionInfoUpdater: All IccIds query complete
02-20 20:29:14.664  1910  1910 D SubscriptionInfoUpdater: updateSubscriptionInfoByIccId:+ Start
02-20 20:29:14.665  1910  1910 D SubscriptionController: [clearSubInfo]- no simInfo size=0
02-20 20:29:14.665  1910  1910 D SubscriptionInfoUpdater: insertedSimCount = 1
02-20 20:29:14.665  1910  1910 D SubscriptionController: [getSubInfoUsingSlotIdWithCheck]+ slotId:0
02-20 20:29:14.666  2127  2127 W art     : Unexpected CPU variant for X86 using defaults: x86
02-20 20:29:14.667  1910  2144 E WAP PUSH: bindService() for wappush manager failed
02-20 20:29:14.675  1910  2145 D SmsBroadcastUndelivered: scanning raw table for undelivered messages
02-20 20:29:14.676  1910  2143 E WAP PUSH: bindService() for wappush manager failed
02-20 20:29:14.683  1910  1910 D SubscriptionController: [getPhoneId]- no sims, returning default phoneId=2147483647
02-20 20:29:14.683  1910  1910 D SubscriptionController: [getPhoneId]- no sims, returning default phoneId=2147483647
02-20 20:29:14.684  1910  1910 D SubscriptionController: [getPhoneId]- no sims, returning default phoneId=2147483647
02-20 20:29:14.691  1918  1918 D FallbackHome: User unlocked and real home found; let's go!
02-20 20:29:14.695  1910  1910 D SubscriptionController: [getSubInfoUsingSlotId]- null info return
02-20 20:29:14.695  1910  1910 D SubscriptionInfoUpdater: updateSubscriptionInfoByIccId: oldSubId = 1
02-20 20:29:14.695  1910  1910 D SubscriptionInfoUpdater: updateSubscriptionInfoByIccId: oldIccId[0] = 89014103211118510720, sIccId[0] = 89014103211118510720
02-20 20:29:14.696  1647  2124 I am_finish_activity: [0,53660736,1,com.android.settings/.FallbackHome,app-request]
02-20 20:29:14.696  1910  1910 D SubscriptionController: [addSubInfoRecord]+ iccId:89014103211118510720 slotId:0
02-20 20:29:14.719  1647  2124 I am_pause_activity: [0,53660736,com.android.settings/.FallbackHome]
02-20 20:29:14.729  1910  1910 D SubscriptionController: [getActiveSubInfoList] Sub Controller not ready
02-20 20:29:14.729  1910  1910 D SubscriptionController: [addSubInfoRecord] Record already exists
02-20 20:29:14.735  1910  1910 D SubscriptionController: [addSubInfoRecord] sSlotIdxToSubId.size=1 slotId=0 subId=1 defaultSubId=1 simCount=1
02-20 20:29:14.736  1918  1986 D EGL_emulation: eglMakeCurrent: 0x75d681379480: ver 3 0 (tinfo 0x75d68b9f6f80)
02-20 20:29:14.742  1910  1910 D SubscriptionController: [setDefaultFallbackSubId] subId=1
02-20 20:29:14.742  1910  1910 D SubscriptionController: [setDefaultFallbackSubId] set mDefaultFallbackSubId=1
02-20 20:29:14.742  1910  1910 D MccTable: updateMccMncConfiguration mccmnc='310260' fromServiceState=false
02-20 20:29:14.742  1910  1910 D MccTable: updateMccMncConfiguration defaultMccMnc=310260
02-20 20:29:14.743  1910  1910 D MccTable: updateMccMncConfiguration: mcc=310, mnc=260
02-20 20:29:14.743  1910  1910 D MccTable: updateMccMncConfiguration updateConfig config={1.0 310mcc260mnc ?localeList ?layoutDir ?swdp ?wdp ?hdp ?density ?lsize ?long ?orien ?uimode ?night ?touch ?keyb/?/? ?nav/?}
02-20 20:29:14.744  1910  2145 D SmsBroadcastUndelivered: finished scanning raw table in 68 ms
02-20 20:29:14.744  1910  1910 D SubscriptionController: [setDefaultFallbackSubId] broadcast default subId changed phoneId=0 subId=1
02-20 20:29:14.745  1910  1910 D SubscriptionController: [addSubInfoRecord] one sim set defaults to subId=1
02-20 20:29:14.745  1910  1910 D SubscriptionController: [setDefaultDataSubId] num phones=1, subId=1
02-20 20:29:14.746  1910  1910 D SubscriptionController: [setDefaultDataSubId] phoneId=0 subId=1 RAF=1
02-20 20:29:14.750  2103  2103 I LoadedApk: No resource references to update in package FFFFFFFFFFFFFFFFFFFFFF
02-20 20:29:14.750  1910  1910 D ProxyController: setRadioCapability: Already in requested configuration, nothing to do.
02-20 20:29:14.750  1910  1910 D SubscriptionController: [updateAllDataConnectionTrackers] sPhones.length=1
02-20 20:29:14.750  1910  1910 D SubscriptionController: [updateAllDataConnectionTrackers] phoneId=0
02-20 20:29:14.750  1910  1910 D DCT     : [0]update sub = 1
02-20 20:29:14.750  1910  1910 D DCT     : [0]update(): Active DDS, register for all events now!
02-20 20:29:14.750  1910  1910 D DCT     : [0]New records found.
02-20 20:29:14.750  1910  1910 D SST     : mDeviceShuttingDown=false, mDesiredPowerState=true, getRadioState=RADIO_ON, mPowerOffDelayNeed=true, mAlarmSwitch=false, mRadioDisabledByCarrier=false
02-20 20:29:14.752  1910  1910 D GsmCdmaPhone: [GsmCdmaPhone] updateCurrentCarrierInProvider: mSubId = 1 currentDds = 1 operatorNumeric = 310260
02-20 20:29:14.763  1647  2101 V KeyValueBackupJob: Scheduling k/v pass in 246 minutes
02-20 20:29:14.766  1647  1647 I AccountManagerService: User 0 is unlocked - opening CE database
02-20 20:29:14.768  1647  1790 I am_proc_bound: [0,2127,com.google.android.googlequicksearchbox:interactor]
02-20 20:29:14.790  1910  1910 D SubscriptionController: [broadcastDefaultDataSubIdChanged] subId=1
02-20 20:29:14.791  1910  1910 D SubscriptionController: [setDefaultSmsSubId] subId=1
02-20 20:29:14.791  1910  1910 D SubscriptionController: [broadcastDefaultSmsSubIdChanged] subId=1
02-20 20:29:14.792  1910  1910 D SubscriptionController: [setDefaultVoiceSubId] subId=1
02-20 20:29:14.793  1910  1910 D SubscriptionController: [broadcastDefaultVoiceSubIdChanged] subId=1
02-20 20:29:14.793  1910  1910 D SubscriptionController: [addSubInfoRecord] hashmap(0,1)
02-20 20:29:14.812  1910  1910 D SubscriptionController: [addSubInfoRecord] sim name = Android
02-20 20:29:14.812  1910  1910 D DCT     : [0]update sub = 1
02-20 20:29:14.812  1910  1910 D DCT     : [0]update(): Active DDS, register for all events now!
02-20 20:29:14.813  1910  1910 D GsmCdmaPhone: [GsmCdmaPhone] updateCurrentCarrierInProvider: mSubId = 1 currentDds = 1 operatorNumeric = 310260
02-20 20:29:14.836  1910  1910 D SubscriptionController: [addSubInfoRecord]- info size=1
02-20 20:29:14.836  1910  1910 D SubscriptionInfoUpdater: newSim = false
02-20 20:29:14.836  1910  1910 D SubscriptionInfoUpdater: updateSubscriptionInfoByIccId: sInsertSimState[0] = 0
02-20 20:29:14.840  1910  1910 D SubscriptionInfoUpdater: updateSubscriptionInfoByIccId: nSubCount = 1
02-20 20:29:14.841  1910  1910 D SubscriptionController: [setDefaultDataSubId] num phones=1, subId=1
02-20 20:29:14.841  1910  1910 D SubscriptionController: [setDefaultDataSubId] phoneId=0 subId=1 RAF=1
02-20 20:29:14.841  1910  1910 D ProxyController: setRadioCapability: Already in requested configuration, nothing to do.
02-20 20:29:14.841  1910  1910 D SubscriptionController: [updateAllDataConnectionTrackers] sPhones.length=1
02-20 20:29:14.841  1910  1910 D SubscriptionController: [updateAllDataConnectionTrackers] phoneId=0
02-20 20:29:14.841  1910  1910 D DCT     : [0]update sub = 1
02-20 20:29:14.841  1910  1910 D DCT     : [0]update(): Active DDS, register for all events now!
02-20 20:29:14.842  1910  1910 D GsmCdmaPhone: [GsmCdmaPhone] updateCurrentCarrierInProvider: mSubId = 1 currentDds = 1 operatorNumeric = 310260
02-20 20:29:14.879  1910  1910 D SubscriptionController: [broadcastDefaultDataSubIdChanged] subId=1
02-20 20:29:14.880  1910  1910 D SubscriptionController: notifySubscriptionInfoChanged:
02-20 20:29:14.880  1910  1933 D SubscriptionMonitor: Phone[0] subId changed -2->1, 1 registrants
02-20 20:29:14.880  1910  1933 D SubscriptionMonitor: mDefaultDataSubId = 1, 1 registrants
02-20 20:29:14.880  1910  1910 D SubscriptionInfoUpdater: updateSubscriptionInfoByIccId:- SsubscriptionInfo update complete
02-20 20:29:14.880  1910  1910 D MccTable: updateMccMncConfiguration mccmnc='310260' fromServiceState=false
02-20 20:29:14.880  1910  1910 D MccTable: updateMccMncConfiguration defaultMccMnc=310260
02-20 20:29:14.880  1910  1910 D MccTable: updateMccMncConfiguration: mcc=310, mnc=260
02-20 20:29:14.880  1910  1910 D MccTable: updateMccMncConfiguration updateConfig config={1.0 310mcc260mnc ?localeList ?layoutDir ?swdp ?wdp ?hdp ?density ?lsize ?long ?orien ?uimode ?night ?touch ?keyb/?/? ?nav/?}
02-20 20:29:14.907  1756  1756 I InputAttributes: InputType.TYPE_NULL is specified
02-20 20:29:14.943  2059  2059 I GAv4    : Google Analytics 9.2.56 is starting up. To enable debug logging on a device run:
02-20 20:29:14.943  2059  2059 I GAv4    :   adb shell setprop log.tag.GAv4 DEBUG
02-20 20:29:14.943  2059  2059 I GAv4    :   adb logcat -s GAv4
02-20 20:29:14.999  1647  2101 I BackupManagerService: Found stale backup journal, scheduling
02-20 20:29:15.022  1647  1689 W GnssLocationProvider: Could not open GPS configuration file /etc/gps.conf
02-20 20:29:15.023  1647  1689 E GnssLocationProvider: no AGPS interface in set_agps_server
02-20 20:29:15.023  1647  1689 I GnssLocationProvider: WakeLock released by handleMessage(12, 0, null)
02-20 20:29:15.028  1647  1689 W GnssLocationProvider: Could not open GPS configuration file /etc/gps.conf
02-20 20:29:15.028  1647  1689 E GnssLocationProvider: no AGPS interface in set_agps_server
02-20 20:29:15.028  1647  1689 I GnssLocationProvider: WakeLock released by handleMessage(12, 0, null)
02-20 20:29:14.191     0     0 D ieee80211 phy1: mac80211_hwsim_configure_filter
02-20 20:29:15.105  1918  1918 I am_on_paused_called: [0,com.android.settings.FallbackHome,handlePauseActivity]
02-20 20:29:15.162  1647  1690 W art     : Long monitor contention with owner Binder:1647_1 (1685) at void com.android.server.am.ActivityManagerService.updateConfiguration(android.content.res.Configuration)(ActivityManagerService.java:18937) waiters=0 in void com.android.server.am.ActivityManagerService$MainHandler.handleMessage(android.os.Message) for 281ms
02-20 20:29:15.162  1647  1690 I dvm_lock_sample: [system_server,1,ActivityManager,281,ActivityManagerService.java,2294,-,18937,56]
02-20 20:29:15.162  1647  1647 W art     : Long monitor contention with owner Binder:1647_1 (1685) at void com.android.server.am.ActivityManagerService.updateConfiguration(android.content.res.Configuration)(ActivityManagerService.java:18937) waiters=2 in int com.android.server.am.ActivityManagerService.getMemoryTrimLevel() for 255ms
02-20 20:29:15.162  1647  1647 I dvm_lock_sample: [system_server,1,main,255,ActivityManagerService.java,14091,-,18937,51]
02-20 20:29:15.162  1647  1647 I GnssLocationProvider: WakeLock acquired by sendMessage(12, 0, null)
02-20 20:29:15.169  1647  2043 W art     : Long monitor contention with owner Binder:1647_1 (1685) at void com.android.server.am.ActivityManagerService.updateConfiguration(android.content.res.Configuration)(ActivityManagerService.java:18937) waiters=7 in void com.android.server.am.ActivityManagerService.publishContentProviders(android.app.IApplicationThread, java.util.List) for 123ms
02-20 20:29:15.169  1910  1910 D SubscriptionController: [setMccMnc]+ mcc/mnc:310/260 subId:1
02-20 20:29:15.170  1647  2043 I dvm_lock_sample: [system_server,1,Binder:1647_6,123,ActivityManagerService.java,11160,-,18937,24]
02-20 20:29:15.177  2059  2172 W GAv4    : AnalyticsReceiver is not registered or is disabled. Register the receiver for reliable dispatching on non-Google Play devices. See http://goo.gl/8Rd3yj for instructions.
02-20 20:29:15.179  1647  2124 I am_proc_start: [0,2174,10014,com.google.process.gapps,content provider,com.google.android.gsf/.gservices.GservicesProvider]
02-20 20:29:15.179  1647  2124 I ActivityManager: Start proc 2174:com.google.process.gapps/u0a14 for content provider com.google.android.gsf/.gservices.GservicesProvider
02-20 20:29:15.181  2174  2174 W art     : Unexpected CPU variant for X86 using defaults: x86_64
02-20 20:29:15.182  2059  2172 W GAv4    : CampaignTrackingReceiver is not registered, not exported or is disabled. Installation campaign tracking is not possible. See http://goo.gl/8Rd3yj for instructions.
02-20 20:29:15.185  2059  2172 W GAv4    : AnalyticsService not registered in the app manifest. Hits might not be delivered reliably. See http://goo.gl/8Rd3yj for instructions.
02-20 20:29:15.187  1647  2169 I ActivityManager: START u0 {act=android.intent.action.MAIN cat=[android.intent.category.HOME] flg=0x10000100 cmp=com.google.android.apps.nexuslauncher/.NexusLauncherActivity} from uid 0 on display 0
02-20 20:29:15.188  1647  2169 I am_create_task: [0,161]
02-20 20:29:15.188  1647  2169 I am_create_activity: [0,212750851,161,com.google.android.apps.nexuslauncher/.NexusLauncherActivity,android.intent.action.MAIN,NULL,NULL,268435712]
02-20 20:29:15.188  1647  2169 I wm_task_created: [161,0]
02-20 20:29:15.188  1647  2169 I wm_task_moved: [161,1,1]
02-20 20:29:15.188  1647  2169 I wm_task_moved: [161,1,1]
02-20 20:29:15.188  1647  2169 I am_focused_activity: [0,com.google.android.apps.nexuslauncher/.NexusLauncherActivity,startedActivity]
02-20 20:29:15.202  1647  2169 I am_proc_start: [0,2187,10021,com.google.android.apps.nexuslauncher,activity,com.google.android.apps.nexuslauncher/.NexusLauncherActivity]
02-20 20:29:15.202  1647  2169 I ActivityManager: Start proc 2187:com.google.android.apps.nexuslauncher/u0a21 for activity com.google.android.apps.nexuslauncher/.NexusLauncherActivity
02-20 20:29:15.203  1647  1690 I sysui_count: [window_time_0,6]
02-20 20:29:15.203  1647  1749 I am_proc_bound: [0,2174,com.google.process.gapps]
02-20 20:29:15.204  1910  1910 D SubscriptionController: notifySubscriptionInfoChanged:
02-20 20:29:15.221  1647  1647 I GnssLocationProvider: WakeLock acquired by sendMessage(12, 0, null)
02-20 20:29:15.223  1910  2057 D RILJ    : [3736]> RIL_REQUEST_GET_CELL_INFO_LIST [SUB0]
02-20 20:29:15.223  1373  1496 D RIL     : onRequest: GET_CELL_INFO_LIST
02-20 20:29:15.223  1373  1496 D RILC    : responseCellInfoList: v12
02-20 20:29:15.224  1910  1993 D RILJ    : [3736]< RIL_REQUEST_GET_CELL_INFO_LIST [CellInfoGsm:{mRegistered=YES mTimeStampType=modem mTimeStamp=12372602560ns CellIdentityGsm:{ mMcc=310 mMnc=260 mLac=3 mCid=91 mArfcn=10 mBsic=0x0} CellSignalStrengthGsm: ss=-2040532552 ber=29733 mTa=-2031346564}] [SUB0]
02-20 20:29:15.245  2174  2174 I art     : Starting a blocking GC AddRemoveAppImageSpace
02-20 20:29:15.246  2174  2174 W System  : ClassLoader referenced unknown path: /system/priv-app/GoogleServicesFramework/lib/x86_64
02-20 20:29:15.248  2187  2187 W art     : Unexpected CPU variant for X86 using defaults: x86_64
02-20 20:29:15.256  1910  1910 D SubscriptionController: [getActiveSubscriptionInfo]+ subId=1 subInfo={id=1, iccId=89014103211118510720 simSlotIndex=0 displayName=Android carrierName=Android nameSource=0 iconTint=-16746133 dataRoaming=0 iconBitmap=android.graphics.Bitmap@420a4e4 mcc 310 mnc 260}
02-20 20:29:15.256  1910  1910 D SubscriptionInfoUpdater: sim name = Android
02-20 20:29:15.268  1765  1765 I OpaLayout: Setting opa enabled to false
02-20 20:29:15.269  1647  1966 I am_proc_start: [0,2198,1000,com.android.keychain,service,com.android.keychain/.KeyChainService]
02-20 20:29:15.269  1647  1966 I ActivityManager: Start proc 2198:com.android.keychain/1000 for service com.android.keychain/.KeyChainService
02-20 20:29:15.270  1910  1910 D SubscriptionInfoUpdater: Broadcasting intent ACTION_SIM_STATE_CHANGED LOADED reason null for mCardIndex: 0
02-20 20:29:15.271  1647  1647 D WifiService: resetting networks because SIM was loaded
02-20 20:29:15.271  1647  1729 D WifiStateMachine: resetting EAP-SIM/AKA/AKA' networks since SIM was changed
02-20 20:29:15.272  1910  1910 D CarrierConfigLoader: update config for phoneId: 0 simState: LOADED
02-20 20:29:15.272  1910  1910 D CarrierSvcBindHelper: update binding for phoneId: 0 simState: LOADED
02-20 20:29:15.277  1910  1910 D SubscriptionInfoUpdater: [Receiver]+
02-20 20:29:15.277  1910  1910 D SubscriptionInfoUpdater: Action: android.intent.action.SIM_STATE_CHANGED
02-20 20:29:15.277  1910  1910 D SubscriptionInfoUpdater: slotId: 0
02-20 20:29:15.277  1910  1910 D SubscriptionInfoUpdater: simStatus: IMSI
02-20 20:29:15.277  1910  1910 D SubscriptionInfoUpdater: Ignoring simStatus: IMSI
02-20 20:29:15.277  1910  1910 D SubscriptionInfoUpdater: [Receiver]-
02-20 20:29:15.277  1910  1910 D DCT     : [0]onRecordsLoadedOrSubIdChanged: createAllApnList
02-20 20:29:15.277  1910  1910 D DCT     : [0]createAllApnList: selection=numeric = '310260'
02-20 20:29:15.293  1765  1765 I OpaLayout: Setting opa enabled to false
02-20 20:29:15.294  1647  2169 I am_proc_bound: [0,2187,com.google.android.apps.nexuslauncher]
02-20 20:29:15.304  2198  2198 W art     : Unexpected CPU variant for X86 using defaults: x86_64
02-20 20:29:15.304  2174  2174 I GservicesProvider: Gservices pushing to system: true; secure/global: true
02-20 20:29:15.306  1910  1910 D DCT     : [0]createApnList: X result=[[ApnSettingV3] T-Mobile US, 1, 310260, epc.tmobile.com, , http://mms.msg.eng.t-mobile.com/mms/wapenc, , , , -1, *, IP, IP, true, 0, 0, 0, false, 0, 0, 0, 0, , , false]
02-20 20:29:15.311  1910  1910 D TelephonyProvider: subIdString = 1 subId = 1
02-20 20:29:15.364  1647  1689 W art     : Long monitor contention with owner Binder:1647_7 (2124) at android.app.IActivityManager$ContentProviderHolder com.android.server.am.ActivityManagerService.getContentProviderImpl(android.app.IApplicationThread, java.lang.String, android.os.IBinder, boolean, int)(ActivityManagerService.java:10666) waiters=5 in boolean com.android.server.am.ActivityManagerService.isUserRunning(int, int) for 193ms
02-20 20:29:15.364  1647  1689 I dvm_lock_sample: [system_server,0,android.bg,193,ActivityManagerService.java,21741,-,10666,38]
02-20 20:29:15.397  1647  2169 I am_restart_activity: [0,212750851,161,com.google.android.apps.nexuslauncher/.NexusLauncherActivity]
02-20 20:29:15.402  1647  1647 I dvm_lock_sample: [system_server,1,main,81,ActivityManagerService.java,18551,-,6669,16]
02-20 20:29:15.412  1910  1910 D DCT     : [0]getPreferredApn: mRequestedApnType=default cursor=android.content.ContentResolver$CursorWrapperInner@7360149 cursor.count=1
02-20 20:29:15.412  1910  1910 D DCT     : [0]getPreferredApn: apnSetting=[ApnSettingV3] T-Mobile US, 1, 310260, epc.tmobile.com, , http://mms.msg.eng.t-mobile.com/mms/wapenc, , , , -1, *, IP, IP, true, 0, 0, 0, false, 0, 0, 0, 0, , , false
02-20 20:29:15.412  1910  1910 D DCT     : [0]getPreferredApn: X found apnSetting[ApnSettingV3] T-Mobile US, 1, 310260, epc.tmobile.com, , http://mms.msg.eng.t-mobile.com/mms/wapenc, , , , -1, *, IP, IP, true, 0, 0, 0, false, 0, 0, 0, 0, , , false
02-20 20:29:15.412  1647  1685 I am_proc_bound: [0,2198,com.android.keychain]
02-20 20:29:15.413  1910  1910 D DCT     : [0]createAllApnList: mPreferredApn=[ApnSettingV3] T-Mobile US, 1, 310260, epc.tmobile.com, , http://mms.msg.eng.t-mobile.com/mms/wapenc, , , , -1, *, IP, IP, true, 0, 0, 0, false, 0, 0, 0, 0, , , false
02-20 20:29:15.413  1910  1910 D DCT     : [0]createAllApnList: X mAllApnSettings=[[ApnSettingV3] T-Mobile US, 1, 310260, epc.tmobile.com, , http://mms.msg.eng.t-mobile.com/mms/wapenc, , , , -1, *, IP, IP, true, 0, 0, 0, false, 0, 0, 0, 0, , , false]
02-20 20:29:15.413  1910  1910 D DCT     : [0]setDataProfilesAsNeeded
02-20 20:29:15.413  1910  1910 D DCT     : [0]setInitialApn: E mPreferredApn=[ApnSettingV3] T-Mobile US, 1, 310260, epc.tmobile.com, , http://mms.msg.eng.t-mobile.com/mms/wapenc, , , , -1, *, IP, IP, true, 0, 0, 0, false, 0, 0, 0, 0, , , false
02-20 20:29:15.413  1910  1910 D DCT     : [0]setInitialApn: firstApnSetting=[ApnSettingV3] T-Mobile US, 1, 310260, epc.tmobile.com, , http://mms.msg.eng.t-mobile.com/mms/wapenc, , , , -1, *, IP, IP, true, 0, 0, 0, false, 0, 0, 0, 0, , , false
02-20 20:29:15.413  1910  1910 D DCT     : [0]setInitialApn: defaultApnSetting=[ApnSettingV3] T-Mobile US, 1, 310260, epc.tmobile.com, , http://mms.msg.eng.t-mobile.com/mms/wapenc, , , , -1, *, IP, IP, true, 0, 0, 0, false, 0, 0, 0, 0, , , false
02-20 20:29:15.413  1910  1910 D DCT     : [0]setInitialAttachApn: using mPreferredApn
02-20 20:29:15.413  1910  1910 D DCT     : [0]setInitialAttachApn: X selected Apn=[ApnSettingV3] T-Mobile US, 1, 310260, epc.tmobile.com, , http://mms.msg.eng.t-mobile.com/mms/wapenc, , , , -1, *, IP, IP, true, 0, 0, 0, false, 0, 0, 0, 0, , , false
02-20 20:29:15.413  1910  1910 D RILJ    : Set RIL_REQUEST_SET_INITIAL_ATTACH_APN [SUB0]
02-20 20:29:15.413  1910  1910 D RILJ    : [3737]> RIL_REQUEST_SET_INITIAL_ATTACH_APN, apn:epc.tmobile.com, protocol:IP, authType:-1, username:none, password:none [SUB0]
02-20 20:29:15.417  1910  1910 D DCT     : [0]onRecordsLoadedOrSubIdChanged: notifying data availability
02-20 20:29:15.417  1373  1496 D RIL     : onRequest: RIL_REQUEST_SET_INITIAL_ATTACH_APN
02-20 20:29:15.417  1373  1496 D RIL     : Request not supported. Tech: 1
02-20 20:29:15.417  1910  1993 D RilRequest: [3737]< RIL_REQUEST_SET_INITIAL_ATTACH_APN error: com.android.internal.telephony.CommandException: REQUEST_NOT_SUPPORTED ret=
02-20 20:29:15.419  1647  1790 D TelephonyRegistry: Notify data connection state changed on sub: 1
02-20 20:29:15.420  2187  2187 W System  : ClassLoader referenced unknown path: /system/priv-app/NexusLauncherPrebuilt/lib/x86_64
02-20 20:29:15.445  1647  1689 I am_proc_start: [0,2235,10069,com.android.printspooler,service,com.android.printspooler/.model.PrintSpoolerService]
02-20 20:29:15.445  1647  1689 I ActivityManager: Start proc 2235:com.android.printspooler/u0a69 for service com.android.printspooler/.model.PrintSpoolerService
02-20 20:29:15.446  2198  2198 W System  : ClassLoader referenced unknown path: /system/app/KeyChain/lib/x86_64
02-20 20:29:15.448  1910  1910 D DCT     : [0]setupDataOnConnectableApns: simLoaded hipri:[state=IDLE,enabled=false] mms:[state=IDLE,enabled=false] supl:[state=IDLE,enabled=false] ia:[state=IDLE,enabled=false] fota:[state=IDLE,enabled=false] ims:[state=IDLE,enabled=false] cbs:[state=IDLE,enabled=false] default:[state=IDLE,enabled=false] emergency:[state=IDLE,enabled=false] 
02-20 20:29:15.450  1910  1910 D SST     : SubscriptionListener.onSubscriptionInfoChanged
02-20 20:29:15.453  1910  1910 D PhoneFactory: calculatePreferredNetworkType: phoneSubId = 1 networkType = 0
02-20 20:29:15.453  1910  1910 D Phone   : setPreferredNetworkType: Abort, unknown RAF: 1 101902
02-20 20:29:15.453  1910  1910 D Phone   : setNetworkSelectionModeAutomatic, querying current mode
02-20 20:29:15.453  1910  1910 D RILJ    : [3738]> QUERY_NETWORK_SELECTION_MODE [SUB0]
02-20 20:29:15.454  1910  1910 D TelephonyManager: setTelephonyProperty: success phoneId=0 property=gsm.network.type value: LTE propVal=LTE
02-20 20:29:15.454  1373  1496 D RIL     : onRequest: QUERY_NETWORK_SELECTION_MODE
02-20 20:29:15.454  1373  1496 D AT      : AT> AT+COPS?
02-20 20:29:15.454  1910  1910 D SubscriptionController: [setCarrierText]+ text:Android subId:1
02-20 20:29:15.456  1373  1499 D AT      : AT< +COPS: 0,2,310260
02-20 20:29:15.456  1373  1499 D AT      : AT< OK
02-20 20:29:15.457  1910  1993 D RILJ    : [3738]< QUERY_NETWORK_SELECTION_MODE {0} [SUB0]
02-20 20:29:15.458  2235  2235 W art     : Unexpected CPU variant for X86 using defaults: x86_64
02-20 20:29:15.502  1647  1950 I am_proc_start: [0,2243,10029,com.google.android.googlequicksearchbox:search,service,com.google.android.googlequicksearchbox/com.google.android.hotword.service.HotwordService]
02-20 20:29:15.502  1647  1950 I ActivityManager: Start proc 2243:com.google.android.googlequicksearchbox:search/u0a29 for service com.google.android.googlequicksearchbox/com.google.android.hotword.service.HotwordService
02-20 20:29:15.504  1910  1910 D SubscriptionController: notifySubscriptionInfoChanged:
02-20 20:29:15.505  1647  1647 I GnssLocationProvider: WakeLock acquired by sendMessage(12, 0, null)
02-20 20:29:15.505  2174  2174 I GoogleHttpClient: GMS http client unavailable, use old client
02-20 20:29:15.505  1910  1910 D SIMRecords: [SIMRecords] getServiceProviderName: no brandOverride, providerName=Android
02-20 20:29:15.505  1910  1910 D SIMRecords: [SIMRecords] getServiceProviderName: no brandOverride, providerName=Android
02-20 20:29:15.505  1910  1910 D SST     : updateSpnDisplay: changed sending intent rule=1 showPlmn='false' plmn='Android' showSpn='true' spn='Android' dataSpn='Android' subId='1'
02-20 20:29:15.506  1910  1910 D SubscriptionController: [setCarrierText]+ text:Android subId:1
02-20 20:29:15.531  2243  2243 W art     : Unexpected CPU variant for X86 using defaults: x86
02-20 20:29:15.547  1910  1910 D SubscriptionController: notifySubscriptionInfoChanged:
02-20 20:29:15.547  1647  1647 I GnssLocationProvider: WakeLock acquired by sendMessage(12, 0, null)
02-20 20:29:15.548  1910  1910 D SIMRecords: [SIMRecords]  VoiceMessageCount from SIM MWIS = 0
02-20 20:29:15.548  1910  1910 D Phone   : getStoredVoiceMessageCount: from preference for subId 1= 0
02-20 20:29:15.548  1910  1910 D GsmCdmaPhone: [GsmCdmaPhone] updateVoiceMail countVoiceMessages = 0 subId 1
02-20 20:29:15.548  1910  1910 D Phone   : setVoiceMessageCount: Storing Voice Mail Count = 0 for mVmCountKey = vm_count_key1 in preferences.
02-20 20:29:15.549  1910  1910 D DCT     : [0]SubscriptionListener.onSubscriptionInfoChanged
02-20 20:29:15.549  1910  1910 D DCT     : [0]onRecordsLoadedOrSubIdChanged: createAllApnList
02-20 20:29:15.549  1910  1910 D DCT     : [0]createAllApnList: selection=numeric = '310260'
02-20 20:29:15.550  2187  2187 V Launcher: LauncherAppState inited
02-20 20:29:15.551  1910  1910 D DCT     : [0]createApnList: X result=[[ApnSettingV3] T-Mobile US, 1, 310260, epc.tmobile.com, , http://mms.msg.eng.t-mobile.com/mms/wapenc, , , , -1, *, IP, IP, true, 0, 0, 0, false, 0, 0, 0, 0, , , false]
02-20 20:29:15.552  1910  1910 D TelephonyProvider: subIdString = 1 subId = 1
02-20 20:29:15.553  1910  1910 D DCT     : [0]getPreferredApn: mRequestedApnType=default cursor=android.content.ContentResolver$CursorWrapperInner@7ce6d5a cursor.count=1
02-20 20:29:15.553  1910  1910 D DCT     : [0]getPreferredApn: apnSetting=[ApnSettingV3] T-Mobile US, 1, 310260, epc.tmobile.com, , http://mms.msg.eng.t-mobile.com/mms/wapenc, , , , -1, *, IP, IP, true, 0, 0, 0, false, 0, 0, 0, 0, , , false
02-20 20:29:15.553  1910  1910 D DCT     : [0]getPreferredApn: X found apnSetting[ApnSettingV3] T-Mobile US, 1, 310260, epc.tmobile.com, , http://mms.msg.eng.t-mobile.com/mms/wapenc, , , , -1, *, IP, IP, true, 0, 0, 0, false, 0, 0, 0, 0, , , false
02-20 20:29:15.556  1910  1910 D DCT     : [0]createAllApnList: mPreferredApn=[ApnSettingV3] T-Mobile US, 1, 310260, epc.tmobile.com, , http://mms.msg.eng.t-mobile.com/mms/wapenc, , , , -1, *, IP, IP, true, 0, 0, 0, false, 0, 0, 0, 0, , , false
02-20 20:29:15.556  1910  1910 D DCT     : [0]createAllApnList: X mAllApnSettings=[[ApnSettingV3] T-Mobile US, 1, 310260, epc.tmobile.com, , http://mms.msg.eng.t-mobile.com/mms/wapenc, , , , -1, *, IP, IP, true, 0, 0, 0, false, 0, 0, 0, 0, , , false]
02-20 20:29:15.556  1910  1910 D DCT     : [0]setDataProfilesAsNeeded
02-20 20:29:15.556  1910  1910 D DCT     : [0]setInitialApn: E mPreferredApn=[ApnSettingV3] T-Mobile US, 1, 310260, epc.tmobile.com, , http://mms.msg.eng.t-mobile.com/mms/wapenc, , , , -1, *, IP, IP, true, 0, 0, 0, false, 0, 0, 0, 0, , , false
02-20 20:29:15.556  1910  1910 D DCT     : [0]setInitialApn: firstApnSetting=[ApnSettingV3] T-Mobile US, 1, 310260, epc.tmobile.com, , http://mms.msg.eng.t-mobile.com/mms/wapenc, , , , -1, *, IP, IP, true, 0, 0, 0, false, 0, 0, 0, 0, , , false
02-20 20:29:15.556  1910  1910 D DCT     : [0]setInitialApn: defaultApnSetting=[ApnSettingV3] T-Mobile US, 1, 310260, epc.tmobile.com, , http://mms.msg.eng.t-mobile.com/mms/wapenc, , , , -1, *, IP, IP, true, 0, 0, 0, false, 0, 0, 0, 0, , , false
02-20 20:29:15.556  1910  1910 D DCT     : [0]setInitialAttachApn: using mPreferredApn
02-20 20:29:15.556  1910  1910 D DCT     : [0]setInitialAttachApn: X selected Apn=[ApnSettingV3] T-Mobile US, 1, 310260, epc.tmobile.com, , http://mms.msg.eng.t-mobile.com/mms/wapenc, , , , -1, *, IP, IP, true, 0, 0, 0, false, 0, 0, 0, 0, , , false
02-20 20:29:15.556  1910  1910 D RILJ    : Set RIL_REQUEST_SET_INITIAL_ATTACH_APN [SUB0]
02-20 20:29:15.556  1910  1910 D RILJ    : [3739]> RIL_REQUEST_SET_INITIAL_ATTACH_APN, apn:epc.tmobile.com, protocol:IP, authType:-1, username:none, password:none [SUB0]
02-20 20:29:15.577  1647  1699 I dvm_lock_sample: [system_server,1,PowerManagerService,20,PowerManagerService.java,1937,-,862,4]
02-20 20:29:15.577  1373  1496 D RIL     : onRequest: RIL_REQUEST_SET_INITIAL_ATTACH_APN
02-20 20:29:15.577  1373  1496 D RIL     : Request not supported. Tech: 1
02-20 20:29:15.577  1910  1993 D RilRequest: [3739]< RIL_REQUEST_SET_INITIAL_ATTACH_APN error: com.android.internal.telephony.CommandException: REQUEST_NOT_SUPPORTED ret=
02-20 20:29:15.578  1910  1910 D DCT     : [0]onRecordsLoadedOrSubIdChanged: notifying data availability
02-20 20:29:15.609  2059  2059 I AlarmClock: AlarmInitReceiver android.intent.action.TIME_SET
02-20 20:29:15.631  1765  1765 E BluetoothAdapter: Bluetooth binder is null
02-20 20:29:15.640  1765  1765 I CameraManagerGlobal: Connecting to camera service
02-20 20:29:15.640  1647  1685 I am_proc_bound: [0,2235,com.android.printspooler]
02-20 20:29:15.643  1364  1364 V EmulatedCamera_Camera: getCameraInfo
02-20 20:29:15.643  1364  1364 V EmulatedCamera_BaseCamera: getCameraInfo
02-20 20:29:15.643  1364  1364 I CameraService: getCameraCharacteristics: Switching to HAL1 shim implementation...
02-20 20:29:15.643  1364  1364 V EmulatedCamera_Camera: getCameraInfo
02-20 20:29:15.643  1364  1364 V EmulatedCamera_BaseCamera: getCameraInfo
02-20 20:29:15.643  1364  1364 I CameraService: CameraService::connect call (PID -1 "cameraserver", camera ID 0) for HAL version default and Camera API version 1
02-20 20:29:15.643  1364  1364 E CameraService: getCameraPriorityFromProcState: Received invalid process state -1 from ActivityManagerService!
02-20 20:29:15.643  1364  1364 V EmulatedCamera_Camera: getCameraInfo
02-20 20:29:15.643  1364  1364 V EmulatedCamera_BaseCamera: getCameraInfo
02-20 20:29:15.656  1371  2274 E WVMExtractor: Failed to open libwvm.so: dlopen failed: library "libwvm.so" not found
02-20 20:29:15.664  1647  1685 I am_proc_bound: [0,2243,com.google.android.googlequicksearchbox:search]
02-20 20:29:15.714  1910  1910 D DCT     : [0]setupDataOnConnectableApns: simLoaded hipri:[state=IDLE,enabled=false] mms:[state=IDLE,enabled=false] supl:[state=IDLE,enabled=false] ia:[state=IDLE,enabled=false] fota:[state=IDLE,enabled=false] ims:[state=IDLE,enabled=false] cbs:[state=IDLE,enabled=false] default:[state=IDLE,enabled=false] emergency:[state=IDLE,enabled=false] 
02-20 20:29:15.715  1910  1910 D PhoneSwitcher: evaluating due to subChanged phone[0] -2->1
02-20 20:29:15.715  1910  1910 D PhoneSwitcher: activate 0
02-20 20:29:15.715  1910  1910 D RILJ    : [3740]> RIL_REQUEST_ALLOW_DATA allowed: true [SUB0]
02-20 20:29:15.719  1373  1496 D RIL     : onRequest: ALLOW_DATA
02-20 20:29:15.719  1373  1496 D RIL     : Request not supported. Tech: 1
02-20 20:29:15.719  1910  1993 D RilRequest: [3740]< RIL_REQUEST_ALLOW_DATA error: com.android.internal.telephony.CommandException: REQUEST_NOT_SUPPORTED ret=
