02-20 20:30:23.246  2098  2098 I bootstat: Logging histogram: bootstat_mtime_matches_content 1
02-20 20:30:23.246  2098  2098 I sysui_histogram: [bootstat_mtime_matches_content,1]
02-20 20:30:23.128  2096  2096 I auditd  : type=1400 audit(0.0:13): avc: denied { getattr } for comm="bootstat" path="/vendor" dev="rootfs" ino=64 scontext=u:r:bootstat:s0 tcontext=u:object_r:rootfs:s0 tclass=lnk_file permissive=0
02-20 20:30:23.128  2096  2096 W bootstat: type=1400 audit(0.0:13): avc: denied { getattr } for path="/vendor" dev="rootfs" ino=64 scontext=u:r:bootstat:s0 tcontext=u:object_r:rootfs:s0 tclass=lnk_file permissive=0
02-20 20:30:23.168  2098  2098 I auditd  : type=1400 audit(0.0:14): avc: denied { getattr } for comm="bootstat" path="/vendor" dev="rootfs" ino=64 scontext=u:r:bootstat:s0 tcontext=u:object_r:rootfs:s0 tclass=lnk_file permissive=0
02-20 20:30:23.168  2098  2098 W bootstat: type=1400 audit(0.0:14): avc: denied { getattr } for path="/vendor" dev="rootfs" ino=64 scontext=u:r:bootstat:s0 tcontext=u:object_r:rootfs:s0 tclass=lnk_file permissive=0
02-20 20:30:23.249  2098  2098 I bootstat: Logging histogram: bootstat_mtime_matches_content 1
02-20 20:30:23.249  2098  2098 I sysui_histogram: [bootstat_mtime_matches_content,1]
02-20 20:30:23.257  2098  2098 I bootstat: Logging histogram: bootstat_mtime_matches_content 1
02-20 20:30:23.257  2098  2098 I sysui_histogram: [bootstat_mtime_matches_content,1]
02-20 20:30:23.257  2098  2098 I bootstat: Logging histogram: bootstat_mtime_matches_content 1
02-20 20:30:23.257  2098  2098 I sysui_histogram: [bootstat_mtime_matches_content,1]
02-20 20:30:23.257  2098  2098 I bootstat: Logging histogram: bootstat_mtime_matches_content 1
02-20 20:30:23.257  2098  2098 I sysui_histogram: [bootstat_mtime_matches_content,1]
02-20 20:30:23.257  2098  2098 I bootstat: Logging histogram: bootstat_mtime_matches_content 1
02-20 20:30:23.257  2098  2098 I sysui_histogram: [bootstat_mtime_matches_content,1]
02-20 20:30:23.257  2098  2098 I bootstat: Logging histogram: bootstat_mtime_matches_content 1
02-20 20:30:23.257  2098  2098 I sysui_histogram: [bootstat_mtime_matches_content,1]
02-20 20:30:23.257  2098  2098 I bootstat: Logging histogram: bootstat_mtime_matches_content 1
02-20 20:30:23.257  2098  2098 I sysui_histogram: [bootstat_mtime_matches_content,1]
02-20 20:30:23.257  2098  2098 I bootstat: Logging histogram: bootstat_mtime_matches_content 1
02-20 20:30:23.257  2098  2098 I sysui_histogram: [bootstat_mtime_matches_content,1]
02-20 20:30:23.257  2098  2098 I bootstat: Logging histogram: bootstat_mtime_matches_content 1
02-20 20:30:23.257  2098  2098 I sysui_histogram: [bootstat_mtime_matches_content,1]
02-20 20:30:23.257  2098  2098 I bootstat: Logging histogram: bootstat_mtime_matches_content 1
02-20 20:30:23.257  2098  2098 I sysui_histogram: [bootstat_mtime_matches_content,1]
02-20 20:30:23.257  2098  2098 I bootstat: Logging histogram: post_decrypt_time_elapsed 2
02-20 20:30:23.257  2098  2098 I sysui_histogram: [post_decrypt_time_elapsed,2]
02-20 20:30:23.257  2098  2098 I bootstat: Logging histogram: last_boot_time_utc 1519158623
02-20 20:30:23.257  2098  2098 I sysui_histogram: [last_boot_time_utc,1519158623]
02-20 20:30:23.257  2098  2098 I bootstat: Logging histogram: build_date 1513095943
02-20 20:30:23.257  2098  2098 I sysui_histogram: [build_date,1513095943]
02-20 20:30:23.257  2098  2098 I bootstat: Logging histogram: boot_decryption_complete 11
02-20 20:30:23.257  2098  2098 I sysui_histogram: [boot_decryption_complete,11]
02-20 20:30:23.257  2098  2098 I bootstat: Logging histogram: ota_boot_complete_post_decrypt 7
02-20 20:30:23.257  2098  2098 I sysui_histogram: [ota_boot_complete_post_decrypt,7]
02-20 20:30:23.257  2098  2098 I bootstat: Logging histogram: ota_boot_complete 9
02-20 20:30:23.257  2098  2098 I sysui_histogram: [ota_boot_complete,9]
02-20 20:30:23.257  2098  2098 I bootstat: Logging histogram: boot_reason 1
02-20 20:30:23.257  2098  2098 I sysui_histogram: [boot_reason,1]
02-20 20:30:23.257  2098  2098 I bootstat: Logging histogram: factory_reset_current_time 1519158623
02-20 20:30:23.257  2098  2098 I sysui_histogram: [factory_reset_current_time,1519158623]
02-20 20:30:23.257  2098  2098 I bootstat: Logging histogram: factory_reset 1519154248
02-20 20:30:23.257  2098  2098 I sysui_histogram: [factory_reset,1519154248]
02-20 20:30:23.257  2098  2098 I bootstat: Logging histogram: time_since_last_boot 69
02-20 20:30:23.257  2098  2098 I sysui_histogram: [time_since_last_boot,69]
02-20 20:30:23.257  2098  2098 I bootstat: Logging histogram: boot_complete_post_decrypt 9
02-20 20:30:23.257  2098  2098 I sysui_histogram: [boot_complete_post_decrypt,9]
02-20 20:30:23.257  2098  2098 I bootstat: Logging histogram: boot_complete 11
02-20 20:30:23.257  2098  2098 I sysui_histogram: [boot_complete,11]
02-20 20:30:23.257  2098  2098 I bootstat: Logging histogram: factory_reset_record_value 1519154248
02-20 20:30:23.257  2098  2098 I sysui_histogram: [factory_reset_record_value,1519154248]
02-20 20:30:23.257  2098  2098 I bootstat: Logging histogram: time_since_factory_reset 4375
02-20 20:30:23.257  2098  2098 I sysui_histogram: [time_since_factory_reset,4375]
02-20 20:30:23.263  1674  1690 V BackupManagerService: No ancestral data
02-20 20:30:23.287  1912  1912 D SIMRecords: [SIMRecords] onRecordLoaded 1 requested: true
02-20 20:30:23.287  1912  1912 D SIMRecords: [SIMRecords] VM: ADN Record 'Voicemail' '[-MWU1cAlDrkXUZ8dpHi_wU_YOpU] null' EF[MBDN]
02-20 20:30:23.287  1912  1912 D SIMRecords: [SIMRecords] onRecordLoaded 0 requested: true
02-20 20:30:23.287  1912  1912 D SIMRecords: [SIMRecords] record load complete
02-20 20:30:23.287  1912  1912 D SIMRecords: [SIMRecords] Not using EF LI/EF PL
02-20 20:30:23.287  1912  1912 D SIMRecords: [SIMRecords] EF_CFF: callForwardingEnabled=0
02-20 20:30:23.287  1912  1912 D SIMRecords: [SIMRecords] onAllRecordsLoaded set 'gsm.sim.operator.numeric' to operator='310260'
02-20 20:30:23.287  1912  1912 D SIMRecords: [SIMRecords] update icc_operator_numeric=310260
02-20 20:30:23.287  1912  1912 D TelephonyManager: setTelephonyProperty: success phoneId=0 property=gsm.sim.operator.numeric value: 310260 propVal=310260
02-20 20:30:23.288  1674  1690 V BackupManagerService: Starting with transport android/com.android.internal.backup.LocalTransport
02-20 20:30:23.288  1674  1690 V BackupManagerService: Found transports: 2
02-20 20:30:23.290  1912  1912 D SubscriptionController: [setMccMnc]+ mcc/mnc:310/260 subId:-1
02-20 20:30:22.435     0     0 I init    : Service 'exec 9 (/system/bin/bootstat)' (pid 2098) exited with status 0
02-20 20:30:22.439     0     0 I init    : write_file: Unable to open '/sys/class/android_usb/android0/enable': No such file or directory
02-20 20:30:22.443     0     0 I init    : write_file: Unable to open '/sys/class/android_usb/android0/idVendor': No such file or directory
02-20 20:30:22.444     0     0 I init    : write_file: Unable to open '/sys/class/android_usb/android0/idProduct': No such file or directory
02-20 20:30:22.446     0     0 I init    : write_file: Unable to open '/sys/class/android_usb/android0/functions': No such file or directory
02-20 20:30:22.447     0     0 I init    : write_file: Unable to open '/sys/class/android_usb/android0/enable': No such file or directory
02-20 20:30:23.300  1912  1912 D SubscriptionController: notifySubscriptionInfoChanged:
02-20 20:30:23.304  1674  1690 I am_proc_start: [0,2102,10014,com.google.android.gms.persistent,service,com.google.android.gms/.backup.BackupTransportService]
02-20 20:30:23.304  1674  1690 I ActivityManager: Start proc 2102:com.google.android.gms.persistent/u0a14 for service com.google.android.gms/.backup.BackupTransportService
02-20 20:30:23.305  1674  1674 I GnssLocationProvider: WakeLock acquired by sendMessage(12, 0, null)
02-20 20:30:23.305  1674  1674 V BackupManagerService: Connected to transport ComponentInfo{android/com.android.internal.backup.LocalTransportService}
02-20 20:30:23.305  1674  1674 V BackupManagerService: Registering transport android/com.android.internal.backup.LocalTransportService::android/com.android.internal.backup.LocalTransport = android.app.backup.BackupTransport$TransportImpl@82f4774
02-20 20:30:23.310  1912  1912 D SIMRecords: [SIMRecords] onAllRecordsLoaded set mcc imsi
02-20 20:30:23.310  1912  1912 D TelephonyManager: setTelephonyProperty: success phoneId=0 property=gsm.sim.operator.iso-country value: us propVal=us
02-20 20:30:23.310  1912  1912 D SST     : SubscriptionListener.onSubscriptionInfoChanged
02-20 20:30:23.310  1912  1912 D SIMRecords: [SIMRecords]  VoiceMessageCount from SIM MWIS = 0
02-20 20:30:23.310  1912  1912 E Phone   : getStoredVoiceMessageCount: invalid subId -2
02-20 20:30:23.310  1912  1912 D GsmCdmaPhone: [GsmCdmaPhone] updateVoiceMail countVoiceMessages = 0 subId -2
02-20 20:30:23.310  1912  1912 E Phone   : setVoiceMessageCount in sharedPreference: invalid subId -2
02-20 20:30:23.310  1912  1912 D DCT     : [0]SubscriptionListener.onSubscriptionInfoChanged
02-20 20:30:23.311  1912  1912 D SubscriptionController: [getActiveSubInfoList] Sub Controller not ready
02-20 20:30:23.311  1912  1912 D SubscriptionController: [getActiveSubInfoList] Sub Controller not ready
02-20 20:30:23.311  1912  1912 I Telephony: PstnIncomingCallNotifier: Unregistering: Handler (com.android.internal.telephony.GsmCdmaPhone) {72a0986}
02-20 20:30:23.311  1912  1912 E PhoneInterfaceManager: [PhoneIntfMgr] getIccId: No UICC
02-20 20:30:23.313  1912  1931 D SubscriptionController: [getActiveSubInfoList] Sub Controller not ready
02-20 20:30:23.319  1674  1674 I backup_transport_lifecycle: [android/com.android.internal.backup.LocalTransportService,1]
02-20 20:30:23.320  1674  2099 I Telecom : PhoneAccountRegistrar: [ComponentInfo{com.android.phone/com.android.services.telephony.TelephonyConnectionService}, [e0184adedf913b076626646d3f52c3b49c39ad6d], UserHandle{0}(addr: tel:*********** -> tel:)(icon: Icon(typ=BITMAP size=76x96) -> Icon(typ=BITMAP size=76x96))(subAddr: tel:*********** -> tel:)]: TSI.rPA@AAg
02-20 20:30:23.322  1674  1690 I BackupManagerService: Backup enabled => false
02-20 20:30:23.326  1674  2099 I Telecom : : Sending phone-account registered intent as user: TSI.rPA@AAg
02-20 20:30:23.327  1919  1981 D EGL_emulation: eglMakeCurrent: 0x72ca8bb74660: ver 3 0 (tinfo 0x72ca8bbe0fa0)
02-20 20:30:23.342  1912  1912 I Telephony: AccountEntry: Registered phoneAccount: [[ ] PhoneAccount: ComponentInfo{com.android.phone/com.android.services.telephony.TelephonyConnectionService}, [e0184adedf913b076626646d3f52c3b49c39ad6d], UserHandle{0} Capabilities: CallProvider MultiUser PlaceEmerg SimSub  Schemes: tel voicemail  Extras: null GroupId: [da39a3ee5e6b4b0d3255bfef95601890afd80709]] with handle: ComponentInfo{com.android.phone/com.android.services.telephony.TelephonyConnectionService}, [e0184adedf913b076626646d3f52c3b49c39ad6d], UserHandle{0}
02-20 20:30:23.343  1912  1912 I Telephony: PstnIncomingCallNotifier: Registering: Handler (com.android.internal.telephony.GsmCdmaPhone) {72a0986}
02-20 20:30:23.343  2102  2102 W art     : Unexpected CPU variant for X86 using defaults: x86_64
02-20 20:30:23.345  1912  1912 D CAT     : CatService: handleMessage[20]
02-20 20:30:23.345  1912  1912 D GsmCdmaPhone: [GsmCdmaPhone] updateCurrentCarrierInProvider: mSubId = -2 currentDds = 1 operatorNumeric = 310260
02-20 20:30:23.345  1912  1912 D IccCardProxy: operator=310260 mPhoneId=0
02-20 20:30:23.345  1912  1912 D TelephonyManager: setTelephonyProperty: success phoneId=0 property=gsm.sim.operator.numeric value: 310260 propVal=310260
02-20 20:30:23.345  1912  1912 D TelephonyManager: setTelephonyProperty: success phoneId=0 property=gsm.sim.operator.iso-country value: us propVal=us
02-20 20:30:23.346  1912  1912 D IccCardProxy: Sending intent ACTION_INTERNAL_SIM_STATE_CHANGED for mPhoneId : 0
02-20 20:30:23.346  1912  1912 D SST     : EVENT_SIM_RECORDS_LOADED: what=16
02-20 20:30:23.346  1912  1912 D GsmCdmaPhone: [GsmCdmaPhone] updatePhoneObject: radioTechnology=0
02-20 20:30:23.346  1912  1912 D SST     : getOtasp: otasp not needed for GSM
02-20 20:30:23.346  1912  1912 D SST     : updateOtaspState: call notifyOtaspChanged old otaspMode=0 new otaspMode=3
02-20 20:30:23.346  1912  1912 D SIMRecords: [SIMRecords] getServiceProviderName: no brandOverride, providerName=Android
02-20 20:30:23.346  1912  1912 D SIMRecords: [SIMRecords] getServiceProviderName: no brandOverride, providerName=Android
02-20 20:30:23.346  1912  1912 D SST     : updateSpnDisplay: changed sending intent rule=1 showPlmn='false' plmn='Android' showSpn='true' spn='Android' dataSpn='Android' subId='-2'
02-20 20:30:23.351  1674  1685 I am_proc_bound: [0,2102,com.google.android.gms.persistent]
02-20 20:30:23.356  1912  1912 D SubscriptionController: [setPlmnSpn] No valid subscription to store info
02-20 20:30:23.356  1912  1912 D SubscriptionController: notifySubscriptionInfoChanged:
02-20 20:30:23.356  1674  1674 I GnssLocationProvider: WakeLock acquired by sendMessage(12, 0, null)
02-20 20:30:23.357  1912  1931 D SubscriptionController: [getActiveSubInfoList] Sub Controller not ready
02-20 20:30:23.357  1912  1912 E PhoneInterfaceManager: [PhoneIntfMgr] getIccId: No UICC
02-20 20:30:23.359  1674  1685 I Telecom : PhoneAccountRegistrar: [ComponentInfo{com.android.phone/com.android.services.telephony.TelephonyConnectionService}, [e0184adedf913b076626646d3f52c3b49c39ad6d], UserHandle{0}(icon: Icon(typ=BITMAP size=76x96) -> Icon(typ=BITMAP size=76x96))]: TSI.rPA@AAs
02-20 20:30:23.362  1674  1685 I Telecom : : Sending phone-account registered intent as user: TSI.rPA@AAs
02-20 20:30:23.363  1912  1912 D GsmCdmaPhone: [GsmCdmaPhone] phoneObjectUpdater: newVoiceRadioTech=0
02-20 20:30:23.363  1912  1912 D GsmCdmaPhone: [GsmCdmaPhone] phoneObjectUpdater: volteReplacementRat=0
02-20 20:30:23.363  1912  1912 E GsmCdmaPhone: [GsmCdmaPhone] phoneObjectUpdater: newVoiceRadioTech=0 doesn't match either CDMA or GSM - error! No phone change
02-20 20:30:23.363  1912  1912 D SST     : SubscriptionListener.onSubscriptionInfoChanged
02-20 20:30:23.363  1912  1912 D DCT     : [0]SubscriptionListener.onSubscriptionInfoChanged
02-20 20:30:23.363  1912  1912 D SubscriptionController: [getActiveSubInfoList] Sub Controller not ready
02-20 20:30:23.371  1912  1912 D SubscriptionController: [getActiveSubInfoList] Sub Controller not ready
02-20 20:30:23.371  1912  1912 I Telephony: PstnIncomingCallNotifier: Unregistering: Handler (com.android.internal.telephony.GsmCdmaPhone) {72a0986}
02-20 20:30:23.372  1912  1912 E PhoneInterfaceManager: [PhoneIntfMgr] getIccId: No UICC
02-20 20:30:23.374  1674  1944 I Telecom : PhoneAccountRegistrar: [ComponentInfo{com.android.phone/com.android.services.telephony.TelephonyConnectionService}, [e0184adedf913b076626646d3f52c3b49c39ad6d], UserHandle{0}(icon: Icon(typ=BITMAP size=76x96) -> Icon(typ=BITMAP size=76x96))]: TSI.rPA@AAw
02-20 20:30:23.376  1674  1944 I Telecom : : Sending phone-account registered intent as user: TSI.rPA@AAw
02-20 20:30:23.376  1912  1912 I Telephony: AccountEntry: Registered phoneAccount: [[ ] PhoneAccount: ComponentInfo{com.android.phone/com.android.services.telephony.TelephonyConnectionService}, [e0184adedf913b076626646d3f52c3b49c39ad6d], UserHandle{0} Capabilities: CallProvider MultiUser PlaceEmerg SimSub  Schemes: tel voicemail  Extras: null GroupId: [da39a3ee5e6b4b0d3255bfef95601890afd80709]] with handle: ComponentInfo{com.android.phone/com.android.services.telephony.TelephonyConnectionService}, [e0184adedf913b076626646d3f52c3b49c39ad6d], UserHandle{0}
02-20 20:30:23.376  1912  1912 I Telephony: PstnIncomingCallNotifier: Registering: Handler (com.android.internal.telephony.GsmCdmaPhone) {72a0986}
02-20 20:30:23.377  1912  1912 E PhoneInterfaceManager: [PhoneIntfMgr] getIccId: No UICC
02-20 20:30:23.383  1674  1787 I Telecom : PhoneAccountRegistrar: [ComponentInfo{com.android.phone/com.android.services.telephony.TelephonyConnectionService}, [e0184adedf913b076626646d3f52c3b49c39ad6d], UserHandle{0}(icon: Icon(typ=BITMAP size=76x96) -> Icon(typ=BITMAP size=76x96))]: TSI.rPA@AA8
02-20 20:30:23.388  1674  1787 I Telecom : : Sending phone-account registered intent as user: TSI.rPA@AA8
02-20 20:30:23.403  1363  1802 I art     : Starting a blocking GC HeapTrim
02-20 20:30:23.416  1674  1690 I am_proc_start: [0,2124,10029,com.google.android.googlequicksearchbox:interactor,service,com.google.android.googlequicksearchbox/com.google.android.voiceinteraction.GsaVoiceInteractionService]
02-20 20:30:23.416  1674  1690 I ActivityManager: Start proc 2124:com.google.android.googlequicksearchbox:interactor/u0a29 for service com.google.android.googlequicksearchbox/com.google.android.voiceinteraction.GsaVoiceInteractionService
02-20 20:30:23.417  1674  1690 I ActivityManager: Loading recents for user 0 into memory.
02-20 20:30:23.420  2102  2102 W System  : ClassLoader referenced unknown path: /system/priv-app/PrebuiltGmsCore/lib/x86_64
02-20 20:30:23.422  1674  1690 D ActivityManager: Sending BOOT_COMPLETE user #0
02-20 20:30:23.422  1674  1690 I sysui_histogram: [framework_boot_completed,11]
02-20 20:30:23.424  1912  1912 D WAP PUSH: Received broadcast android.intent.action.USER_UNLOCKED
02-20 20:30:23.424  1912  1912 D WAP PUSH: Received broadcast android.intent.action.USER_UNLOCKED
02-20 20:30:23.425  1912  1932 D DCT     : [0]hasMatchedTetherApnSetting: APN=null
02-20 20:30:23.425  1919  1919 D FallbackHome: User unlocked and real home found; let's go!
02-20 20:30:23.426  1674  1785 I am_finish_activity: [0,30380324,1,com.android.settings/.FallbackHome,app-request]
02-20 20:30:23.426  1912  1912 D SmsBroadcastUndelivered: Received broadcast android.intent.action.USER_UNLOCKED
02-20 20:30:23.427  2124  2124 W art     : Unexpected CPU variant for X86 using defaults: x86
02-20 20:30:23.428  1912  1912 D SubscriptionInfoUpdater: [Receiver]+
02-20 20:30:23.428  1912  1912 D SubscriptionInfoUpdater: Action: android.intent.action.USER_UNLOCKED
02-20 20:30:23.428  1912  1912 D SubscriptionInfoUpdater: Broadcasting intent ACTION_SIM_STATE_CHANGED for mCardIndex: 0
02-20 20:30:23.429  1912  2141 E WAP PUSH: bindService() for wappush manager failed
02-20 20:30:23.429  1912  2143 D SmsBroadcastUndelivered: scanning raw table for undelivered messages
02-20 20:30:23.438  1674  1785 I am_pause_activity: [0,30380324,com.android.settings/.FallbackHome]
02-20 20:30:23.454  1674  1691 W WindowManager: Keyguard drawn timeout. Setting mKeyguardDrawComplete
02-20 20:30:23.457  1912  1912 D SubscriptionInfoUpdater: [Receiver]-
02-20 20:30:23.458  1912  1912 D CarrierSvcBindHelper: Received android.intent.action.USER_UNLOCKED
02-20 20:30:23.461  1912  1912 D CarrierSvcBindHelper: No carrier app for: 0
02-20 20:30:23.461  1912  1912 D SubscriptionInfoUpdater: [Receiver]+
02-20 20:30:23.461  1912  1912 D SubscriptionInfoUpdater: Action: android.intent.action.internal_sim_state_changed
02-20 20:30:23.461  1912  1912 D SubscriptionInfoUpdater: slotId: 0
02-20 20:30:23.461  1912  1912 D SubscriptionInfoUpdater: simStatus: LOADED
02-20 20:30:23.461  1912  1912 D SubscriptionInfoUpdater: [Receiver]-
02-20 20:30:23.461  1912  1912 D SubscriptionInfoUpdater: [Receiver]+
02-20 20:30:23.461  1912  1912 D SubscriptionInfoUpdater: Action: android.intent.action.SIM_STATE_CHANGED
02-20 20:30:23.461  1912  1912 D SubscriptionInfoUpdater: slotId: 0
02-20 20:30:23.461  1912  1912 D SubscriptionInfoUpdater: simStatus: IMSI
02-20 20:30:23.461  1912  1912 D SubscriptionInfoUpdater: Ignoring simStatus: IMSI
02-20 20:30:23.461  1912  1912 D SubscriptionInfoUpdater: [Receiver]-
02-20 20:30:23.461  1912  1912 D SubscriptionInfoUpdater: handleSimStateLoadedInternal: slotId: 0
02-20 20:30:23.461  1912  1912 D SubscriptionInfoUpdater: All IccIds query complete
02-20 20:30:23.461  1912  1912 D SubscriptionInfoUpdater: updateSubscriptionInfoByIccId:+ Start
02-20 20:30:23.470  1912  1912 D SubscriptionController: [clearSubInfo]- no simInfo size=0
02-20 20:30:23.470  1912  1912 D SubscriptionInfoUpdater: insertedSimCount = 1
02-20 20:30:23.470  1912  1912 D SubscriptionController: [getSubInfoUsingSlotIdWithCheck]+ slotId:0
02-20 20:30:23.472  1674  1787 I am_proc_bound: [0,2124,com.google.android.googlequicksearchbox:interactor]
02-20 20:30:23.472  1912  1912 D SubscriptionController: [getPhoneId]- no sims, returning default phoneId=2147483647
02-20 20:30:23.473  1912  1912 D SubscriptionController: [getPhoneId]- no sims, returning default phoneId=2147483647
02-20 20:30:23.474  1912  1912 D SubscriptionController: [getPhoneId]- no sims, returning default phoneId=2147483647
02-20 20:30:23.475  1912  1912 D SubscriptionController: [getSubInfoUsingSlotId]- null info return
02-20 20:30:23.475  1912  1912 D SubscriptionInfoUpdater: updateSubscriptionInfoByIccId: oldSubId = 1
02-20 20:30:23.475  1912  1912 D SubscriptionInfoUpdater: updateSubscriptionInfoByIccId: oldIccId[0] = 89014103211118510720, sIccId[0] = 89014103211118510720
02-20 20:30:23.475  1912  1912 D SubscriptionController: [addSubInfoRecord]+ iccId:89014103211118510720 slotId:0
02-20 20:30:23.482  1912  2140 E WAP PUSH: bindService() for wappush manager failed
02-20 20:30:23.482  1912  1912 D SubscriptionController: [getActiveSubInfoList] Sub Controller not ready
02-20 20:30:23.482  1912  1912 D SubscriptionController: [addSubInfoRecord] Record already exists
02-20 20:30:23.487  1912  1912 D SubscriptionController: [addSubInfoRecord] sSlotIdxToSubId.size=1 slotId=0 subId=1 defaultSubId=1 simCount=1
02-20 20:30:23.487  1912  1912 D SubscriptionController: [setDefaultFallbackSubId] subId=1
02-20 20:30:23.488  1912  1912 D SubscriptionController: [setDefaultFallbackSubId] set mDefaultFallbackSubId=1
02-20 20:30:23.488  1912  1912 D MccTable: updateMccMncConfiguration mccmnc='310260' fromServiceState=false
02-20 20:30:23.488  1912  2143 D SmsBroadcastUndelivered: finished scanning raw table in 59 ms
02-20 20:30:23.488  1919  1919 I am_on_paused_called: [0,com.android.settings.FallbackHome,handlePauseActivity]
02-20 20:30:23.490  1912  1912 D MccTable: updateMccMncConfiguration defaultMccMnc=310260
02-20 20:30:23.490  1912  1912 D MccTable: updateMccMncConfiguration: mcc=310, mnc=260
02-20 20:30:23.490  1912  1912 D MccTable: updateMccMncConfiguration updateConfig config={1.0 310mcc260mnc ?localeList ?layoutDir ?swdp ?wdp ?hdp ?density ?lsize ?long ?orien ?uimode ?night ?touch ?keyb/?/? ?nav/?}
02-20 20:30:23.541  1674  1674 I AccountManagerService: User 0 is unlocked - opening CE database
02-20 20:30:23.560  1674  1944 I ActivityManager: START u0 {act=android.intent.action.MAIN cat=[android.intent.category.HOME] flg=0x10000100 cmp=com.google.android.apps.nexuslauncher/.NexusLauncherActivity} from uid 0 on display 0
02-20 20:30:23.565  1674  1944 I am_create_task: [0,164]
02-20 20:30:23.565  1674  1944 I am_create_activity: [0,259823108,164,com.google.android.apps.nexuslauncher/.NexusLauncherActivity,android.intent.action.MAIN,NULL,NULL,268435712]
02-20 20:30:23.565  1674  1944 I wm_task_created: [164,0]
02-20 20:30:23.565  1674  1944 I wm_task_moved: [164,1,1]
02-20 20:30:23.565  1674  1944 I wm_task_moved: [164,1,1]
02-20 20:30:23.566  1674  1944 I am_focused_activity: [0,com.google.android.apps.nexuslauncher/.NexusLauncherActivity,startedActivity]
02-20 20:30:23.585  1674  1944 I am_proc_start: [0,2154,10021,com.google.android.apps.nexuslauncher,activity,com.google.android.apps.nexuslauncher/.NexusLauncherActivity]
02-20 20:30:23.585  1674  1944 I ActivityManager: Start proc 2154:com.google.android.apps.nexuslauncher/u0a21 for activity com.google.android.apps.nexuslauncher/.NexusLauncherActivity
02-20 20:30:23.595  2154  2154 W art     : Unexpected CPU variant for X86 using defaults: x86_64
02-20 20:30:23.609  1674  1690 I sysui_count: [window_time_0,5]
02-20 20:30:23.632  1919  1981 D EGL_emulation: eglMakeCurrent: 0x72ca8bb74660: ver 3 0 (tinfo 0x72ca8bbe0fa0)
02-20 20:30:23.634  1912  1912 D SubscriptionController: [setDefaultFallbackSubId] broadcast default subId changed phoneId=0 subId=1
02-20 20:30:23.634  1912  1912 D SubscriptionController: [addSubInfoRecord] one sim set defaults to subId=1
02-20 20:30:23.635  1912  1912 D SubscriptionController: [setDefaultDataSubId] num phones=1, subId=1
02-20 20:30:23.635  1912  1912 D SubscriptionController: [setDefaultDataSubId] phoneId=0 subId=1 RAF=1
02-20 20:30:23.635  1912  1912 D ProxyController: setRadioCapability: Already in requested configuration, nothing to do.
02-20 20:30:23.635  1912  1912 D SubscriptionController: [updateAllDataConnectionTrackers] sPhones.length=1
02-20 20:30:23.635  1912  1912 D SubscriptionController: [updateAllDataConnectionTrackers] phoneId=0
02-20 20:30:23.635  1912  1912 D DCT     : [0]update sub = 1
02-20 20:30:23.635  1912  1912 D DCT     : [0]update(): Active DDS, register for all events now!
02-20 20:30:23.635  1912  1912 D DCT     : [0]New records found.
02-20 20:30:23.635  1912  1912 D SST     : mDeviceShuttingDown=false, mDesiredPowerState=true, getRadioState=RADIO_ON, mPowerOffDelayNeed=true, mAlarmSwitch=false, mRadioDisabledByCarrier=false
02-20 20:30:23.635  1912  1912 D GsmCdmaPhone: [GsmCdmaPhone] updateCurrentCarrierInProvider: mSubId = 1 currentDds = 1 operatorNumeric = 310260
02-20 20:30:23.641  1912  2081 D RILJ    : [3736]> RIL_REQUEST_GET_CELL_INFO_LIST [SUB0]
02-20 20:30:23.642  1374  1501 D RIL     : onRequest: GET_CELL_INFO_LIST
02-20 20:30:23.642  1374  1501 D RILC    : responseCellInfoList: v12
02-20 20:30:23.643  1912  2011 D RILJ    : [3736]< RIL_REQUEST_GET_CELL_INFO_LIST [CellInfoGsm:{mRegistered=YES mTimeStampType=modem mTimeStamp=11791963950ns CellIdentityGsm:{ mMcc=310 mMnc=260 mLac=3 mCid=91 mArfcn=10 mBsic=0x0} CellSignalStrengthGsm: ss=-751046216 ber=31084 mTa=-743400324}] [SUB0]
02-20 20:30:23.647  1754  1754 W RichInputConnection: Slow InputConnection: GET_TEXT_BEFORE_CURSOR took 298 ms.
02-20 20:30:23.651  1674  1686 I am_proc_bound: [0,2154,com.google.android.apps.nexuslauncher]
02-20 20:30:23.668  1674  2100 V KeyValueBackupJob: Scheduling k/v pass in 249 minutes
02-20 20:30:23.669  1674  1686 I am_restart_activity: [0,259823108,164,com.google.android.apps.nexuslauncher/.NexusLauncherActivity]
02-20 20:30:23.673  1912  1912 D SubscriptionController: [broadcastDefaultDataSubIdChanged] subId=1
02-20 20:30:23.674  1912  1912 D SubscriptionController: [setDefaultSmsSubId] subId=1
02-20 20:30:23.676  1912  1912 D SubscriptionController: [broadcastDefaultSmsSubIdChanged] subId=1
02-20 20:30:23.682  1912  1912 D SubscriptionController: [setDefaultVoiceSubId] subId=1
02-20 20:30:23.682  1912  1912 D SubscriptionController: [broadcastDefaultVoiceSubIdChanged] subId=1
02-20 20:30:23.683  1912  1912 D SubscriptionController: [addSubInfoRecord] hashmap(0,1)
02-20 20:30:23.699  1912  1912 D SubscriptionController: [addSubInfoRecord] sim name = Android
02-20 20:30:23.699  1912  1912 D DCT     : [0]update sub = 1
02-20 20:30:23.699  1912  1912 D DCT     : [0]update(): Active DDS, register for all events now!
02-20 20:30:23.699  1912  1912 D GsmCdmaPhone: [GsmCdmaPhone] updateCurrentCarrierInProvider: mSubId = 1 currentDds = 1 operatorNumeric = 310260
02-20 20:30:23.721  1912  1912 D SubscriptionController: [addSubInfoRecord]- info size=1
02-20 20:30:23.722  1912  1912 D SubscriptionInfoUpdater: newSim = false
02-20 20:30:23.722  1912  1912 D SubscriptionInfoUpdater: updateSubscriptionInfoByIccId: sInsertSimState[0] = 0
02-20 20:30:23.743  1912  1912 D SubscriptionInfoUpdater: updateSubscriptionInfoByIccId: nSubCount = 1
02-20 20:30:23.743  1912  1912 D SubscriptionController: [setDefaultDataSubId] num phones=1, subId=1
02-20 20:30:23.743  1912  1912 D SubscriptionController: [setDefaultDataSubId] phoneId=0 subId=1 RAF=1
02-20 20:30:23.743  2154  2154 W System  : ClassLoader referenced unknown path: /system/priv-app/NexusLauncherPrebuilt/lib/x86_64
02-20 20:30:23.744  1912  1912 D ProxyController: setRadioCapability: Already in requested configuration, nothing to do.
02-20 20:30:23.744  1912  1912 D SubscriptionController: [updateAllDataConnectionTrackers] sPhones.length=1
02-20 20:30:23.744  1912  1912 D SubscriptionController: [updateAllDataConnectionTrackers] phoneId=0
02-20 20:30:23.744  1912  1912 D DCT     : [0]update sub = 1
02-20 20:30:23.744  1912  1912 D DCT     : [0]update(): Active DDS, register for all events now!
02-20 20:30:23.744  1912  1912 D GsmCdmaPhone: [GsmCdmaPhone] updateCurrentCarrierInProvider: mSubId = 1 currentDds = 1 operatorNumeric = 310260
02-20 20:30:23.760  1912  1912 D SubscriptionController: [broadcastDefaultDataSubIdChanged] subId=1
02-20 20:30:23.762  1912  1912 D SubscriptionController: notifySubscriptionInfoChanged:
02-20 20:30:23.763  1912  1932 D SubscriptionMonitor: Phone[0] subId changed -2->1, 1 registrants
02-20 20:30:23.763  1912  1932 D SubscriptionMonitor: mDefaultDataSubId = 1, 1 registrants
02-20 20:30:23.763  1674  1674 I GnssLocationProvider: WakeLock acquired by sendMessage(12, 0, null)
02-20 20:30:23.787  2102  2102 I LoadedApk: No resource references to update in package FFFFFFFFFFFFFFFFFFFFFF
02-20 20:30:23.803  2183  2183 W art     : Unexpected CPU variant for X86 using defaults: x86_64
02-20 20:30:23.804  1674  1741 I am_proc_start: [0,2183,1000,com.android.keychain,service,com.android.keychain/.KeyChainService]
02-20 20:30:23.804  1674  1741 I ActivityManager: Start proc 2183:com.android.keychain/1000 for service com.android.keychain/.KeyChainService
02-20 20:30:23.020     0     0 D ieee80211 phy1: mac80211_hwsim_configure_filter
02-20 20:30:23.806  1754  1754 I InputAttributes: InputType.TYPE_NULL is specified
02-20 20:30:23.818  1912  1912 D SubscriptionInfoUpdater: updateSubscriptionInfoByIccId:- SsubscriptionInfo update complete
02-20 20:30:23.818  1912  1912 D MccTable: updateMccMncConfiguration mccmnc='310260' fromServiceState=false
02-20 20:30:23.818  1912  1912 D MccTable: updateMccMncConfiguration defaultMccMnc=310260
02-20 20:30:23.818  1912  1912 D MccTable: updateMccMncConfiguration: mcc=310, mnc=260
02-20 20:30:23.818  1912  1912 D MccTable: updateMccMncConfiguration updateConfig config={1.0 310mcc260mnc ?localeList ?layoutDir ?swdp ?wdp ?hdp ?density ?lsize ?long ?orien ?uimode ?night ?touch ?keyb/?/? ?nav/?}
02-20 20:30:23.819  1912  1912 D SubscriptionController: [setMccMnc]+ mcc/mnc:310/260 subId:1
02-20 20:30:23.833  1912  1912 D SubscriptionController: notifySubscriptionInfoChanged:
02-20 20:30:23.833  1674  1685 I am_proc_bound: [0,2183,com.android.keychain]
02-20 20:30:23.833  1674  1674 I GnssLocationProvider: WakeLock acquired by sendMessage(12, 0, null)
02-20 20:30:23.834  2154  2154 V Launcher: LauncherAppState inited
02-20 20:30:23.846  1912  1912 D SubscriptionController: [getActiveSubscriptionInfo]+ subId=1 subInfo={id=1, iccId=89014103211118510720 simSlotIndex=0 displayName=Android carrierName=Android nameSource=0 iconTint=-16746133 dataRoaming=0 iconBitmap=android.graphics.Bitmap@706ca2b mcc 310 mnc 260}
02-20 20:30:23.847  1912  1912 D SubscriptionInfoUpdater: sim name = Android
02-20 20:30:23.866  1912  1912 D SubscriptionInfoUpdater: Broadcasting intent ACTION_SIM_STATE_CHANGED LOADED reason null for mCardIndex: 0
02-20 20:30:23.867  1674  1674 D WifiService: resetting networks because SIM was loaded
02-20 20:30:23.867  1674  1729 D WifiStateMachine: resetting EAP-SIM/AKA/AKA' networks since SIM was changed
02-20 20:30:23.868  1912  1912 D CarrierConfigLoader: update config for phoneId: 0 simState: LOADED
02-20 20:30:23.868  1912  1912 D CarrierSvcBindHelper: update binding for phoneId: 0 simState: LOADED
02-20 20:30:23.880  1912  1912 D DCT     : [0]onRecordsLoadedOrSubIdChanged: createAllApnList
02-20 20:30:23.880  1912  1912 D DCT     : [0]createAllApnList: selection=numeric = '310260'
02-20 20:30:23.881  1912  1912 D DCT     : [0]createApnList: X result=[[ApnSettingV3] T-Mobile US, 1, 310260, epc.tmobile.com, , http://mms.msg.eng.t-mobile.com/mms/wapenc, , , , -1, *, IP, IP, true, 0, 0, 0, false, 0, 0, 0, 0, , , false]
02-20 20:30:23.882  1912  1912 D TelephonyProvider: subIdString = 1 subId = 1
02-20 20:30:23.910  1674  1685 I am_proc_start: [0,2210,10014,com.google.process.gapps,content provider,com.google.android.gsf/.gservices.GservicesProvider]
02-20 20:30:23.910  1674  1685 I ActivityManager: Start proc 2210:com.google.process.gapps/u0a14 for content provider com.google.android.gsf/.gservices.GservicesProvider
02-20 20:30:23.910  2210  2210 W art     : Unexpected CPU variant for X86 using defaults: x86_64
02-20 20:30:23.913  2183  2183 W System  : ClassLoader referenced unknown path: /system/app/KeyChain/lib/x86_64
02-20 20:30:23.915  1912  1912 D DCT     : [0]getPreferredApn: mRequestedApnType=default cursor=android.content.ContentResolver$CursorWrapperInner@12fdb34 cursor.count=1
02-20 20:30:23.915  1912  1912 D DCT     : [0]getPreferredApn: apnSetting=[ApnSettingV3] T-Mobile US, 1, 310260, epc.tmobile.com, , http://mms.msg.eng.t-mobile.com/mms/wapenc, , , , -1, *, IP, IP, true, 0, 0, 0, false, 0, 0, 0, 0, , , false
02-20 20:30:23.915  1912  1912 D DCT     : [0]getPreferredApn: X found apnSetting[ApnSettingV3] T-Mobile US, 1, 310260, epc.tmobile.com, , http://mms.msg.eng.t-mobile.com/mms/wapenc, , , , -1, *, IP, IP, true, 0, 0, 0, false, 0, 0, 0, 0, , , false
02-20 20:30:23.915  1912  1912 D DCT     : [0]createAllApnList: mPreferredApn=[ApnSettingV3] T-Mobile US, 1, 310260, epc.tmobile.com, , http://mms.msg.eng.t-mobile.com/mms/wapenc, , , , -1, *, IP, IP, true, 0, 0, 0, false, 0, 0, 0, 0, , , false
02-20 20:30:23.915  1912  1912 D DCT     : [0]createAllApnList: X mAllApnSettings=[[ApnSettingV3] T-Mobile US, 1, 310260, epc.tmobile.com, , http://mms.msg.eng.t-mobile.com/mms/wapenc, , , , -1, *, IP, IP, true, 0, 0, 0, false, 0, 0, 0, 0, , , false]
02-20 20:30:23.915  1912  1912 D DCT     : [0]setDataProfilesAsNeeded
02-20 20:30:23.915  1912  1912 D DCT     : [0]setInitialApn: E mPreferredApn=[ApnSettingV3] T-Mobile US, 1, 310260, epc.tmobile.com, , http://mms.msg.eng.t-mobile.com/mms/wapenc, , , , -1, *, IP, IP, true, 0, 0, 0, false, 0, 0, 0, 0, , , false
02-20 20:30:23.915  1912  1912 D DCT     : [0]setInitialApn: firstApnSetting=[ApnSettingV3] T-Mobile US, 1, 310260, epc.tmobile.com, , http://mms.msg.eng.t-mobile.com/mms/wapenc, , , , -1, *, IP, IP, true, 0, 0, 0, false, 0, 0, 0, 0, , , false
02-20 20:30:23.915  1912  1912 D DCT     : [0]setInitialApn: defaultApnSetting=[ApnSettingV3] T-Mobile US, 1, 310260, epc.tmobile.com, , http://mms.msg.eng.t-mobile.com/mms/wapenc, , , , -1, *, IP, IP, true, 0, 0, 0, false, 0, 0, 0, 0, , , false
02-20 20:30:23.915  1912  1912 D DCT     : [0]setInitialAttachApn: using mPreferredApn
02-20 20:30:23.915  1912  1912 D DCT     : [0]setInitialAttachApn: X selected Apn=[ApnSettingV3] T-Mobile US, 1, 310260, epc.tmobile.com, , http://mms.msg.eng.t-mobile.com/mms/wapenc, , , , -1, *, IP, IP, true, 0, 0, 0, false, 0, 0, 0, 0, , , false
02-20 20:30:23.915  1912  1912 D RILJ    : Set RIL_REQUEST_SET_INITIAL_ATTACH_APN [SUB0]
02-20 20:30:23.915  1912  1912 D RILJ    : [3737]> RIL_REQUEST_SET_INITIAL_ATTACH_APN, apn:epc.tmobile.com, protocol:IP, authType:-1, username:none, password:none [SUB0]
02-20 20:30:23.915  1912  1912 D DCT     : [0]onRecordsLoadedOrSubIdChanged: notifying data availability
02-20 20:30:23.916  1374  1501 D RIL     : onRequest: RIL_REQUEST_SET_INITIAL_ATTACH_APN
02-20 20:30:23.916  1374  1501 D RIL     : Request not supported. Tech: 1
02-20 20:30:23.916  1912  2011 D RilRequest: [3737]< RIL_REQUEST_SET_INITIAL_ATTACH_APN error: com.android.internal.telephony.CommandException: REQUEST_NOT_SUPPORTED ret=
02-20 20:30:23.917  1674  1944 D TelephonyRegistry: Notify data connection state changed on sub: 1
02-20 20:30:23.923  1912  1912 D DCT     : [0]setupDataOnConnectableApns: simLoaded hipri:[state=IDLE,enabled=false] mms:[state=IDLE,enabled=false] supl:[state=IDLE,enabled=false] ia:[state=IDLE,enabled=false] fota:[state=IDLE,enabled=false] ims:[state=IDLE,enabled=false] cbs:[state=IDLE,enabled=false] default:[state=IDLE,enabled=false] emergency:[state=IDLE,enabled=false] 
02-20 20:30:23.933  1912  1912 I Telephony: PstnIncomingCallNotifier: Unregistering: Handler (com.android.internal.telephony.GsmCdmaPhone) {72a0986}
02-20 20:30:23.942  1674  1686 I am_proc_bound: [0,2210,com.google.process.gapps]
02-20 20:30:23.944  1760  1760 I OpaLayout: Setting opa enabled to false
02-20 20:30:23.945  1760  1760 I OpaLayout: Setting opa enabled to false
02-20 20:30:23.948  1912  1912 D SubscriptionController: [getActiveSubscriptionInfo]+ subId=1 subInfo={id=1, iccId=89014103211118510720 simSlotIndex=0 displayName=Android carrierName=Android nameSource=0 iconTint=-16746133 dataRoaming=0 iconBitmap=android.graphics.Bitmap@b3853a3 mcc 310 mnc 260}
02-20 20:30:23.962  2210  2210 I art     : Starting a blocking GC AddRemoveAppImageSpace
02-20 20:30:23.962  2210  2210 W System  : ClassLoader referenced unknown path: /system/priv-app/GoogleServicesFramework/lib/x86_64
02-20 20:30:23.995  1674  2099 I Telecom : PhoneAccountRegistrar: New phone account registered: [[ ] PhoneAccount: ComponentInfo{com.android.phone/com.android.services.telephony.TelephonyConnectionService}, [e2f7d48dd2b5ca523e7313cf4ba0f6ea830b6281], UserHandle{0} Capabilities: CallProvider MultiUser PlaceEmerg SimSub  Schemes: tel voicemail  Extras: null GroupId: [da39a3ee5e6b4b0d3255bfef95601890afd80709]]: TSI.rPA@ABA
02-20 20:30:23.995  2229  2229 W art     : Unexpected CPU variant for X86 using defaults: x86
02-20 20:30:23.995  1674  1944 I am_proc_start: [0,2229,10029,com.google.android.googlequicksearchbox:search,service,com.google.android.googlequicksearchbox/com.google.android.apps.gsa.nowoverlayservice.DrawerOverlayService]
02-20 20:30:23.995  1674  1944 I ActivityManager: Start proc 2229:com.google.android.googlequicksearchbox:search/u0a29 for service com.google.android.googlequicksearchbox/com.google.android.apps.gsa.nowoverlayservice.DrawerOverlayService
02-20 20:30:23.996  1674  2099 I Telecom : : Sending phone-account registered intent as user: TSI.rPA@ABA
02-20 20:30:23.997  1912  1912 I Telephony: AccountEntry: Registered phoneAccount: [[ ] PhoneAccount: ComponentInfo{com.android.phone/com.android.services.telephony.TelephonyConnectionService}, [e2f7d48dd2b5ca523e7313cf4ba0f6ea830b6281], UserHandle{0} Capabilities: CallProvider MultiUser PlaceEmerg SimSub  Schemes: tel voicemail  Extras: null GroupId: [da39a3ee5e6b4b0d3255bfef95601890afd80709]] with handle: ComponentInfo{com.android.phone/com.android.services.telephony.TelephonyConnectionService}, [e2f7d48dd2b5ca523e7313cf4ba0f6ea830b6281], UserHandle{0}
02-20 20:30:23.998  1912  1912 I Telephony: PstnIncomingCallNotifier: Registering: Handler (com.android.internal.telephony.GsmCdmaPhone) {72a0986}
02-20 20:30:23.999  1912  1912 I Telephony: TelecomAccountRegistry: Unregistering phone account ComponentInfo{com.android.phone/com.android.services.telephony.TelephonyConnectionService}, [e0184adedf913b076626646d3f52c3b49c39ad6d], UserHandle{0}.
02-20 20:30:23.999  1674  2099 I Telecom : : Sending phone-account unregistered intent as user: TSI.uPA@ABI
02-20 20:30:24.012  1912  1912 D SST     : SubscriptionListener.onSubscriptionInfoChanged
02-20 20:30:24.013  1674  2100 I dvm_lock_sample: [system_server,0,backup,77,ActivityManagerService.java,7896,-,6669,15]
02-20 20:30:24.023  2154  2154 I am_on_resume_called: [0,com.google.android.apps.nexuslauncher.NexusLauncherActivity,LAUNCH_ACTIVITY]
02-20 20:30:24.025  2210  2210 I GservicesProvider: Gservices pushing to system: true; secure/global: true
02-20 20:30:24.026  1674  1944 I am_proc_bound: [0,2229,com.google.android.googlequicksearchbox:search]
02-20 20:30:24.028  1912  2081 D SST     : SST.getAllCellInfo(): return last, back to back calls
02-20 20:30:24.028  2154  2199 V GridSizeMigrationTask: Workspace migration completed in 41
02-20 20:30:24.029  2154  2199 D Launcher.Model: loadWorkspace: loading default favorites
02-20 20:30:24.030  1912  1912 D PhoneFactory: calculatePreferredNetworkType: phoneSubId = 1 networkType = 0
02-20 20:30:24.030  1912  1912 D Phone   : setPreferredNetworkType: Abort, unknown RAF: 1 101902
02-20 20:30:24.030  1912  1912 D Phone   : setNetworkSelectionModeAutomatic, querying current mode
02-20 20:30:24.030  1912  1912 D RILJ    : [3738]> QUERY_NETWORK_SELECTION_MODE [SUB0]
02-20 20:30:24.033  1912  1931 D SST     : SST.getAllCellInfo(): return last, back to back calls
02-20 20:30:24.033  1912  1931 D SST     : SST.getAllCellInfo(): return last, back to back calls
02-20 20:30:24.034  1912  1912 D TelephonyManager: setTelephonyProperty: success phoneId=0 property=gsm.network.type value: LTE propVal=LTE
02-20 20:30:24.034  1374  1501 D RIL     : onRequest: QUERY_NETWORK_SELECTION_MODE
02-20 20:30:24.034  1374  1501 D AT      : AT> AT+COPS?
02-20 20:30:24.034  1374  1503 D AT      : AT< +COPS: 0,2,310260
02-20 20:30:24.034  1374  1503 D AT      : AT< OK
02-20 20:30:24.035  1912  2011 D RILJ    : [3738]< QUERY_NETWORK_SELECTION_MODE {0} [SUB0]
02-20 20:30:24.035  1912  1912 D SubscriptionController: [setCarrierText]+ text:Android subId:1
02-20 20:30:24.059  1912  1912 D SubscriptionController: notifySubscriptionInfoChanged:
02-20 20:30:24.060  1674  1674 I GnssLocationProvider: WakeLock acquired by sendMessage(12, 0, null)
02-20 20:30:24.061  1912  1912 D SIMRecords: [SIMRecords] getServiceProviderName: no brandOverride, providerName=Android
02-20 20:30:24.061  1912  1912 D SIMRecords: [SIMRecords] getServiceProviderName: no brandOverride, providerName=Android
02-20 20:30:24.063  1912  1912 D SST     : updateSpnDisplay: changed sending intent rule=1 showPlmn='false' plmn='Android' showSpn='true' spn='Android' dataSpn='Android' subId='1'
02-20 20:30:24.064  1912  1912 D SubscriptionController: [setCarrierText]+ text:Android subId:1
02-20 20:30:24.065  1313  1358 E SurfaceFlinger: ro.sf.lcd_density must be defined as a build property
02-20 20:30:24.076  2154  2154 D         : HostConnection::get() New Host Connection established 0x72ca7c03f060, tid 2154
02-20 20:30:24.132  1912  1912 D SubscriptionController: notifySubscriptionInfoChanged:
02-20 20:30:24.132  1674  1674 I GnssLocationProvider: WakeLock acquired by sendMessage(12, 0, null)
02-20 20:30:24.132  1912  1912 D SIMRecords: [SIMRecords]  VoiceMessageCount from SIM MWIS = 0
02-20 20:30:24.132  1912  1912 D Phone   : getStoredVoiceMessageCount: from preference for subId 1= 0
02-20 20:30:24.132  1912  1912 D GsmCdmaPhone: [GsmCdmaPhone] updateVoiceMail countVoiceMessages = 0 subId 1
02-20 20:30:24.132  1912  1912 D Phone   : setVoiceMessageCount: Storing Voice Mail Count = 0 for mVmCountKey = vm_count_key1 in preferences.
02-20 20:30:24.135  1912  1912 D DCT     : [0]SubscriptionListener.onSubscriptionInfoChanged
02-20 20:30:24.139  1912  1912 D DCT     : [0]onRecordsLoadedOrSubIdChanged: createAllApnList
02-20 20:30:24.139  1912  1912 D DCT     : [0]createAllApnList: selection=numeric = '310260'
02-20 20:30:24.148  1912  1912 D DCT     : [0]createApnList: X result=[[ApnSettingV3] T-Mobile US, 1, 310260, epc.tmobile.com, , http://mms.msg.eng.t-mobile.com/mms/wapenc, , , , -1, *, IP, IP, true, 0, 0, 0, false, 0, 0, 0, 0, , , false]
02-20 20:30:24.153  1912  1912 D TelephonyProvider: subIdString = 1 subId = 1
02-20 20:30:24.154  1912  1912 D DCT     : [0]getPreferredApn: mRequestedApnType=default cursor=android.content.ContentResolver$CursorWrapperInner@879b2f6 cursor.count=1
02-20 20:30:24.154  1912  1912 D DCT     : [0]getPreferredApn: apnSetting=[ApnSettingV3] T-Mobile US, 1, 310260, epc.tmobile.com, , http://mms.msg.eng.t-mobile.com/mms/wapenc, , , , -1, *, IP, IP, true, 0, 0, 0, false, 0, 0, 0, 0, , , false
02-20 20:30:24.154  1912  1912 D DCT     : [0]getPreferredApn: X found apnSetting[ApnSettingV3] T-Mobile US, 1, 310260, epc.tmobile.com, , http://mms.msg.eng.t-mobile.com/mms/wapenc, , , , -1, *, IP, IP, true, 0, 0, 0, false, 0, 0, 0, 0, , , false
02-20 20:30:24.155  1912  1912 D DCT     : [0]createAllApnList: mPreferredApn=[ApnSettingV3] T-Mobile US, 1, 310260, epc.tmobile.com, , http://mms.msg.eng.t-mobile.com/mms/wapenc, , , , -1, *, IP, IP, true, 0, 0, 0, false, 0, 0, 0, 0, , , false
02-20 20:30:24.155  1912  1912 D DCT     : [0]createAllApnList: X mAllApnSettings=[[ApnSettingV3] T-Mobile US, 1, 310260, epc.tmobile.com, , http://mms.msg.eng.t-mobile.com/mms/wapenc, , , , -1, *, IP, IP, true, 0, 0, 0, false, 0, 0, 0, 0, , , false]
02-20 20:30:24.155  1912  1912 D DCT     : [0]setDataProfilesAsNeeded
02-20 20:30:24.155  1912  1912 D DCT     : [0]setInitialApn: E mPreferredApn=[ApnSettingV3] T-Mobile US, 1, 310260, epc.tmobile.com, , http://mms.msg.eng.t-mobile.com/mms/wapenc, , , , -1, *, IP, IP, true, 0, 0, 0, false, 0, 0, 0, 0, , , false
02-20 20:30:24.155  1912  1912 D DCT     : [0]setInitialApn: firstApnSetting=[ApnSettingV3] T-Mobile US, 1, 310260, epc.tmobile.com, , http://mms.msg.eng.t-mobile.com/mms/wapenc, , , , -1, *, IP, IP, true, 0, 0, 0, false, 0, 0, 0, 0, , , false
02-20 20:30:24.155  1912  1912 D DCT     : [0]setInitialApn: defaultApnSetting=[ApnSettingV3] T-Mobile US, 1, 310260, epc.tmobile.com, , http://mms.msg.eng.t-mobile.com/mms/wapenc, , , , -1, *, IP, IP, true, 0, 0, 0, false, 0, 0, 0, 0, , , false
02-20 20:30:24.155  1912  1912 D DCT     : [0]setInitialAttachApn: using mPreferredApn
02-20 20:30:24.155  1912  1912 D DCT     : [0]setInitialAttachApn: X selected Apn=[ApnSettingV3] T-Mobile US, 1, 310260, epc.tmobile.com, , http://mms.msg.eng.t-mobile.com/mms/wapenc, , , , -1, *, IP, IP, true, 0, 0, 0, false, 0, 0, 0, 0, , , false
02-20 20:30:24.155  1912  1912 D RILJ    : Set RIL_REQUEST_SET_INITIAL_ATTACH_APN [SUB0]
02-20 20:30:24.155  1912  1912 D RILJ    : [3739]> RIL_REQUEST_SET_INITIAL_ATTACH_APN, apn:epc.tmobile.com, protocol:IP, authType:-1, username:none, password:none [SUB0]
02-20 20:30:24.156  1374  1501 D RIL     : onRequest: RIL_REQUEST_SET_INITIAL_ATTACH_APN
02-20 20:30:24.156  1374  1501 D RIL     : Request not supported. Tech: 1
02-20 20:30:24.156  1912  2011 D RilRequest: [3739]< RIL_REQUEST_SET_INITIAL_ATTACH_APN error: com.android.internal.telephony.CommandException: REQUEST_NOT_SUPPORTED ret=
02-20 20:30:24.156  1912  1912 D DCT     : [0]onRecordsLoadedOrSubIdChanged: notifying data availability
02-20 20:30:24.171  1313  2014 D         : HostConnection::get() New Host Connection established 0x7ffc35ce4260, tid 2014
02-20 20:30:24.172  2154  2245 D         : HostConnection::get() New Host Connection established 0x72ca7c03f480, tid 2245
02-20 20:30:24.175  2154  2245 I OpenGLRenderer: Initialized EGL, version 1.4
02-20 20:30:24.175  2154  2245 D OpenGLRenderer: Swap behavior 1
02-20 20:30:24.207  2154  2245 D EGL_emulation: eglCreateContext: 0x72ca7c089c20: maj 3 min 0 rcv 3
02-20 20:30:24.214  1760  1760 E BluetoothAdapter: Bluetooth binder is null
02-20 20:30:24.223  1912  1912 D DCT     : [0]setupDataOnConnectableApns: simLoaded hipri:[state=IDLE,enabled=false] mms:[state=IDLE,enabled=false] supl:[state=IDLE,enabled=false] ia:[state=IDLE,enabled=false] fota:[state=IDLE,enabled=false] ims:[state=IDLE,enabled=false] cbs:[state=IDLE,enabled=false] default:[state=IDLE,enabled=false] emergency:[state=IDLE,enabled=false] 
02-20 20:30:24.225  1912  1912 D TelephonyNetworkFactory[0]: onSubIdChange -2->1
02-20 20:30:24.225  1912  1912 D TelephonyNetworkFactory[0]: onDefaultChange(false,true)
02-20 20:30:24.225  1912  1912 D PhoneSwitcher: evaluating due to subChanged phone[0] -2->1
02-20 20:30:24.225  1912  1912 D PhoneSwitcher: activate 0
02-20 20:30:24.225  1912  1912 D RILJ    : [3740]> RIL_REQUEST_ALLOW_DATA allowed: true [SUB0]
02-20 20:30:24.226  1374  1501 D RIL     : onRequest: ALLOW_DATA
02-20 20:30:24.226  1374  1501 D RIL     : Request not supported. Tech: 1
02-20 20:30:24.226  1912  2011 D RilRequest: [3740]< RIL_REQUEST_ALLOW_DATA error: com.android.internal.telephony.CommandException: REQUEST_NOT_SUPPORTED ret=
02-20 20:30:24.255  2154  2245 D EGL_emulation: eglMakeCurrent: 0x72ca7c089c20: ver 3 0 (tinfo 0x72ca7c0a6660)
02-20 20:30:24.257  1760  1760 I CameraManagerGlobal: Connecting to camera service
02-20 20:30:24.280  1912  1912 I Telephony: PstnIncomingCallNotifier: Unregistering: Handler (com.android.internal.telephony.GsmCdmaPhone) {72a0986}
02-20 20:30:24.284  1365  1365 V EmulatedCamera_Camera: getCameraInfo
02-20 20:30:24.284  1365  1365 V EmulatedCamera_BaseCamera: getCameraInfo
02-20 20:30:24.284  1365  1365 I CameraService: getCameraCharacteristics: Switching to HAL1 shim implementation...
02-20 20:30:24.284  1365  1365 V EmulatedCamera_Camera: getCameraInfo
02-20 20:30:24.284  1365  1365 V EmulatedCamera_BaseCamera: getCameraInfo
02-20 20:30:24.285  1365  1365 I CameraService: CameraService::connect call (PID -1 "cameraserver", camera ID 0) for HAL version default and Camera API version 1
02-20 20:30:24.286  1365  1365 E CameraService: getCameraPriorityFromProcState: Received invalid process state -1 from ActivityManagerService!
02-20 20:30:24.286  1365  1365 V EmulatedCamera_Camera: getCameraInfo
02-20 20:30:24.286  1365  1365 V EmulatedCamera_BaseCamera: getCameraInfo
02-20 20:30:24.301  2154  2245 D EGL_emulation: eglMakeCurrent: 0x72ca7c089c20: ver 3 0 (tinfo 0x72ca7c0a6660)
02-20 20:30:24.306  1912  1912 D SubscriptionController: [getActiveSubscriptionInfo]+ subId=1 subInfo={id=1, iccId=89014103211118510720 simSlotIndex=0 displayName=Android carrierName=Android nameSource=0 iconTint=-16746133 dataRoaming=0 iconBitmap=android.graphics.Bitmap@d01a3c9 mcc 310 mnc 260}
02-20 20:30:24.324  1372  2265 E WVMExtractor: Failed to open libwvm.so: dlopen failed: library "libwvm.so" not found
