02-20 20:30:19.959  1674  1686 I am_proc_bound: [0,1760,com.android.systemui]
02-20 20:30:19.957     0     0 D SELinux : initialized (dev fuse, type fuse), uses genfs_contexts
02-20 20:30:19.957     0     0 D SELinux : initialized (dev fuse, type fuse), uses genfs_contexts
02-20 20:30:19.957     0     0 D SELinux : initialized (dev fuse, type fuse), uses genfs_contexts
02-20 20:30:19.965  1495  1495 E ipv6proxy: Failed to forward Router Advertisement from eth0 to wlan1: Network is unreachable
02-20 20:30:19.969  1674  1674 D WebViewFactory: Setting new address space to 137955392
02-20 20:30:19.983  1674  1674 I Zygote  : Process: zygote socket opened, supported ABIS: x86
02-20 20:30:19.983  1363  1568 I art     : Starting a blocking GC HeapTrim
02-20 20:30:19.985  1363  1363 I art     : Starting a blocking GC Background
02-20 20:30:19.998  1674  1721 D VoldConnector: RCV <- {651 emulated 2}
02-20 20:30:19.999  1674  1721 D VoldConnector: RCV <- {200 5 Command succeeded}
02-20 20:30:20.000  1674  1720 D VoldConnector: SND -> {6 volume mount public:253,64 2 0}
02-20 20:30:20.001  1267  1302 V vold    : /system/bin/blkid
02-20 20:30:20.001  1267  1302 V vold    :     -c
02-20 20:30:20.001  1267  1302 V vold    :     /dev/null
02-20 20:30:20.001  1267  1302 V vold    :     -s
02-20 20:30:20.001  1267  1302 V vold    :     TYPE
02-20 20:30:20.001  1267  1302 V vold    :     -s
02-20 20:30:20.001  1267  1302 V vold    :     UUID
02-20 20:30:20.001  1267  1302 V vold    :     -s
02-20 20:30:20.001  1267  1302 V vold    :     LABEL
02-20 20:30:20.001  1267  1302 V vold    :     /dev/block/vold/public:253,64
02-20 20:30:20.002  1674  1721 D VoldConnector: RCV <- {651 public:253,64 1}
02-20 20:30:20.021  1760  1760 W System  : ClassLoader referenced unknown path: /system/priv-app/SystemUIGoogle/lib/x86_64
02-20 20:30:20.025  1674  1674 I am_proc_start: [0,1798,1037,WebViewLoader-x86,,]
02-20 20:30:20.025  1674  1674 I ActivityManager: Start proc 1798:WebViewLoader-x86/1037 [android.webkit.WebViewFactory$RelroFileCreator] for 
02-20 20:30:20.042  1798  1798 W art     : Unexpected CPU variant for X86 using defaults: x86
02-20 20:30:20.047  1674  1674 I am_proc_start: [0,1804,1037,WebViewLoader-x86_64,,]
02-20 20:30:20.047  1674  1674 I ActivityManager: Start proc 1804:WebViewLoader-x86_64/1037 [android.webkit.WebViewFactory$RelroFileCreator] for 
02-20 20:30:20.050  1804  1804 W art     : Unexpected CPU variant for X86 using defaults: x86_64
02-20 20:30:20.054  1674  1674 D NetworkManagement: enabling bandwidth control
02-20 20:30:20.060  1674  1796 E WVMExtractor: Failed to open libwvm.so: dlopen failed: library "libwvm.so" not found
02-20 20:30:20.069  1804  1804 V WebViewFactory: RelroFileCreator (64bit = true),  32-bit lib: /system/app/Chrome/Chrome.apk!/lib/x86/libmonochrome.so, 64-bit lib: /system/app/Chrome/Chrome.apk!/lib/x86_64/libmonochrome.so
02-20 20:30:20.076  1267  1302 V vold    : /dev/block/vold/public:253,64: LABEL="SDCARD" UUID="1E12-0B12" TYPE="vfat" 
02-20 20:30:20.076  1267  1302 V vold    : 
02-20 20:30:20.077  1267  1302 V vold    : /system/bin/fsck_msdos
02-20 20:30:20.077  1267  1302 V vold    :     -p
02-20 20:30:20.077  1267  1302 V vold    :     -f
02-20 20:30:20.077  1267  1302 V vold    :     /dev/block/vold/public:253,64
02-20 20:30:20.077  1674  1721 D VoldConnector: RCV <- {652 public:253,64 vfat}
02-20 20:30:20.078  1674  1721 D VoldConnector: RCV <- {653 public:253,64 1E12-0B12}
02-20 20:30:20.078  1674  1721 D VoldConnector: RCV <- {654 public:253,64 SDCARD}
02-20 20:30:20.098  1754  1754 I LatinIME: Hardware accelerated drawing: true
02-20 20:30:20.116  1372  1372 I MediaPlayerService: MediaPlayerService::getOMX
02-20 20:30:20.117  1267  1302 I fsck_msdos: ** /dev/block/vold/public:253,64
02-20 20:30:20.118  1372  1372 I OMXClient: MuxOMX ctor
02-20 20:30:20.121  1372  1372 I MediaPlayerService: MediaPlayerService::getOMX
02-20 20:30:20.121  1372  1372 I OMXClient: MuxOMX ctor
02-20 20:30:20.122  1369  1369 I OMXMaster: makeComponentInstance(OMX.google.mp3.decoder) in mediacodec process
02-20 20:30:20.127  1267  1302 I fsck_msdos: ** Phase 1 - Read and Compare FATs
02-20 20:30:20.127  1267  1302 I fsck_msdos: Attempting to allocate 1022 KB for FAT
02-20 20:30:20.138  1798  1798 V WebViewFactory: RelroFileCreator (64bit = false),  32-bit lib: /system/app/Chrome/Chrome.apk!/lib/x86/libmonochrome.so, 64-bit lib: /system/app/Chrome/Chrome.apk!/lib/x86_64/libmonochrome.so
02-20 20:30:20.183  1267  1302 I fsck_msdos: Attempting to allocate 1022 KB for FAT
02-20 20:30:20.199  1674  1728 D WifiController: DEFERRED_TOGGLE handled
02-20 20:30:20.199  1506  1506 I hostapd : wlan1: interface state COUNTRY_UPDATE->HT_SCAN
02-20 20:30:20.217  1372  1372 I MediaPlayerService: MediaPlayerService::getOMX
02-20 20:30:20.217  1372  1372 I OMXClient: MuxOMX ctor
02-20 20:30:20.217  1369  1837 I OMXMaster: makeComponentInstance(OMX.google.amrnb.decoder) in mediacodec process
02-20 20:30:20.220  1372  1372 I MediaPlayerService: MediaPlayerService::getOMX
02-20 20:30:20.221  1372  1372 I OMXClient: MuxOMX ctor
02-20 20:30:20.221  1369  1837 I OMXMaster: makeComponentInstance(OMX.google.amrwb.decoder) in mediacodec process
02-20 20:30:20.240  1372  1372 I MediaPlayerService: MediaPlayerService::getOMX
02-20 20:30:20.240  1372  1372 I OMXClient: MuxOMX ctor
02-20 20:30:20.240  1369  1837 I OMXMaster: makeComponentInstance(OMX.google.aac.decoder) in mediacodec process
02-20 20:30:20.281  1373  1673 D SoftapController: Softap fwReload - Ok
02-20 20:30:20.291  1372  1372 I MediaPlayerService: MediaPlayerService::getOMX
02-20 20:30:20.291  1372  1372 I OMXClient: MuxOMX ctor
02-20 20:30:20.292  1369  1369 I OMXMaster: makeComponentInstance(OMX.google.g711.alaw.decoder) in mediacodec process
02-20 20:30:20.199     0     0 D ieee80211 phy1: mac80211_hwsim_config (freq=0 idle=1 ps=0 smps=auto)
02-20 20:30:20.199     0     0 D ieee80211 phy1: hwsim hw_scan request
02-20 20:30:20.200     0     0 D ieee80211 phy1: hw scan 2412 MHz
02-20 20:30:20.352  1374  1503 D AT      : AT< +CGREG: 1,1
02-20 20:30:20.352  1374  1503 D AT      : AT< +CTEC: 1+CREG: 2,1, "0003", "005b"
02-20 20:30:20.352  1374  1503 D RIL     : Response: +CTEC: 1+CREG: 2,1, "0003", "005b"
02-20 20:30:20.352  1374  1503 D RIL     : line remaining after int: 1, "0003", "005b"
02-20 20:30:20.352  1374  1503 D RIL     : setRadioTechnology(1)
02-20 20:30:20.352  1374  1503 D RIL     : Tech change (0 => 1)
02-20 20:30:20.352  1374  1503 D AT      : AT< +CGREG: 1,1
02-20 20:30:20.311     0     0 D ieee80211 phy1: hw scan 2417 MHz
02-20 20:30:20.352     0     0 W healthd : battery l=100 v=0 t=0.0 h=2 st=2 chg=a
02-20 20:30:20.357  1798  1798 I art     : System.exit called, status: 0
02-20 20:30:20.357  1798  1798 I AndroidRuntime: VM exiting with result code 0, cleanup skipped.
02-20 20:30:20.380  1267  1302 I fsck_msdos: ** Phase 2 - Check Cluster Chains
02-20 20:30:20.388  1267  1302 I fsck_msdos: ** Phase 3 - Checking Directories
02-20 20:30:20.388  1267  1302 I fsck_msdos: ** Phase 4 - Checking for Lost Files
02-20 20:30:20.393  1267  1302 I fsck_msdos: 27 files, 522176 free (261088 clusters)
02-20 20:30:20.398  1760  1760 V SystemUIService: Starting SystemUI services for user 0.
02-20 20:30:20.409  1267  1302 I Vold    : Filesystem check completed OK
02-20 20:30:20.409  1674  1721 D VoldConnector: RCV <- {656 public:253,64 /mnt/media_rw/1E12-0B12}
02-20 20:30:20.409  1674  1721 D VoldConnector: RCV <- {655 public:253,64 /storage/1E12-0B12}
02-20 20:30:20.425  1267  1302 V vold    : Waiting for FUSE to spin up...
02-20 20:30:20.424     0     0 W FAT-fs (vde): Volume was not properly unmounted. Some data may be corrupt. Please run fsck.
02-20 20:30:20.424     0     0 D SELinux : initialized (dev vde, type vfat), uses genfs_contexts
02-20 20:30:20.431     0     0 D ieee80211 phy1: hw scan 2422 MHz
02-20 20:30:20.428  1754  1754 W InputAttributes: No editor info for this field. Bug?
02-20 20:30:20.435  1674  1674 W NetworkManagement: setDataSaverMode(): already false
02-20 20:30:20.440  1854  1854 W sdcard  : Device explicitly disabled sdcardfs
02-20 20:30:20.444  1373  1673 D CommandListener: Setting iface cfg
02-20 20:30:20.445  1373  1673 D CommandListener: Trying to bring down wlan0
02-20 20:30:20.447  1373  1673 D CommandListener: Clearing all IP addresses on wlan0
02-20 20:30:20.448  1674  1729 E WifiMonitor: killSupplicant p2pfalse init.svc.wpa_supplicant=unknown init.svc.p2p_supplicant=unknown
02-20 20:30:20.448  1674  1729 E wifi    : Can not initialize the vendor function pointer table
02-20 20:30:20.448  1674  1729 E WifiNative-HAL: Could not start hal
02-20 20:30:20.448  1674  1729 E WifiStateMachine: Failed to start HAL
02-20 20:30:20.449  1760  1760 V MediaRouter: Adding route: RouteInfo{ name=Phone, description=null, status=null, category=RouteCategory{ name=null types=ROUTE_TYPE_LIVE_AUDIO ROUTE_TYPE_LIVE_VIDEO  groupable=false }, supportedTypes=ROUTE_TYPE_LIVE_AUDIO ROUTE_TYPE_LIVE_VIDEO , presentationDisplay=null }
02-20 20:30:20.452  1674  1729 D WifiMonitor: startMonitoring(wlan0) with mConnected = false
02-20 20:30:20.452  1674  1729 E WifiHW  : Unable to open connection to supplicant on "@android:wpa_wlan0": No such file or directory
02-20 20:30:20.451     0     0 I init    : Starting service 'wpa_supplicant'...
02-20 20:30:20.462  1760  1760 V MediaRouter: Updating audio routes: AudioRoutesInfo{ type=SPEAKER }
02-20 20:30:20.468  1760  1760 V MediaRouter: Selecting route: RouteInfo{ name=Phone, description=null, status=null, category=RouteCategory{ name=null types=ROUTE_TYPE_LIVE_AUDIO ROUTE_TYPE_LIVE_VIDEO  groupable=false }, supportedTypes=ROUTE_TYPE_LIVE_AUDIO ROUTE_TYPE_LIVE_VIDEO , presentationDisplay=null }
02-20 20:30:20.470     0     0 D SELinux : initialized (dev fuse, type fuse), uses genfs_contexts
02-20 20:30:20.473  1674  1685 D TelephonyRegistry: listen oscl: hasNotifySubscriptionInfoChangedOccurred==false no callback
02-20 20:30:20.477  1267  1302 V vold    : Waiting for FUSE to spin up...
02-20 20:30:20.483  1372  1372 I MediaPlayerService: MediaPlayerService::getOMX
02-20 20:30:20.483  1372  1372 I OMXClient: MuxOMX ctor
02-20 20:30:20.481     0     0 D SELinux : initialized (dev fuse, type fuse), uses genfs_contexts
02-20 20:30:20.483  1369  1837 I OMXMaster: makeComponentInstance(OMX.google.g711.mlaw.decoder) in mediacodec process
02-20 20:30:20.502  1804  1804 I art     : System.exit called, status: 0
02-20 20:30:20.502  1804  1804 I AndroidRuntime: VM exiting with result code 0, cleanup skipped.
02-20 20:30:20.527  1372  1372 I MediaPlayerService: MediaPlayerService::getOMX
02-20 20:30:20.527  1372  1372 I OMXClient: MuxOMX ctor
02-20 20:30:20.527  1369  1369 I OMXMaster: makeComponentInstance(OMX.google.vorbis.decoder) in mediacodec process
02-20 20:30:20.529  1674  1721 D VoldConnector: RCV <- {651 public:253,64 2}
02-20 20:30:20.529  1674  1721 D VoldConnector: RCV <- {200 6 Command succeeded}
02-20 20:30:20.532  1674  1720 E VoldConnector: NDC Command {6 volume mount public:253,64 2 0} took too long (532ms)
02-20 20:30:20.537  1674  1674 D NetworkPolicy: setRestrictBackgroundUL(): false
02-20 20:30:20.537  1674  1674 W NetworkManagement: setDataSaverMode(): already false
02-20 20:30:20.503     0     0 D SELinux : initialized (dev fuse, type fuse), uses genfs_contexts
02-20 20:30:20.548  1754  1872 I LatinIME:LogUtils: Dictionary info: dictionary = userunigram.en_US ; version = 1519158620 ; date = ?
02-20 20:30:20.548  1754  1872 E ActivityThread: Failed to find provider info for user_dictionary
02-20 20:30:20.548  1754  1872 I LatinIME:LogUtils: Dictionary info: dictionary = UserHistoryDictionary.en_US ; version = 1519158620 ; date = ?
02-20 20:30:20.550  1372  1372 I MediaPlayerService: MediaPlayerService::getOMX
02-20 20:30:20.550  1372  1372 I OMXClient: MuxOMX ctor
02-20 20:30:20.550  1369  1837 I OMXMaster: makeComponentInstance(OMX.google.opus.decoder) in mediacodec process
02-20 20:30:20.551     0     0 D ieee80211 phy1: hw scan 2427 MHz
02-20 20:30:20.571  1372  1372 I MediaPlayerService: MediaPlayerService::getOMX
02-20 20:30:20.571  1372  1372 I OMXClient: MuxOMX ctor
02-20 20:30:20.571  1369  1837 I OMXMaster: makeComponentInstance(OMX.google.raw.decoder) in mediacodec process
02-20 20:30:20.583  1372  1372 I MediaPlayerService: MediaPlayerService::getOMX
02-20 20:30:20.583  1372  1372 I OMXClient: MuxOMX ctor
02-20 20:30:20.583  1369  1837 I OMXMaster: makeComponentInstance(OMX.google.aac.encoder) in mediacodec process
02-20 20:30:20.594  1372  1372 I MediaPlayerService: MediaPlayerService::getOMX
02-20 20:30:20.594  1372  1372 I OMXClient: MuxOMX ctor
02-20 20:30:20.594  1369  1836 I OMXMaster: makeComponentInstance(OMX.google.amrnb.encoder) in mediacodec process
02-20 20:30:20.597  1372  1372 I MediaPlayerService: MediaPlayerService::getOMX
02-20 20:30:20.597  1372  1372 I OMXClient: MuxOMX ctor
02-20 20:30:20.597  1369  1836 I OMXMaster: makeComponentInstance(OMX.google.amrwb.encoder) in mediacodec process
02-20 20:30:20.601  1372  1372 I MediaPlayerService: MediaPlayerService::getOMX
02-20 20:30:20.601  1372  1372 I OMXClient: MuxOMX ctor
02-20 20:30:20.601  1369  1836 I OMXMaster: makeComponentInstance(OMX.google.flac.encoder) in mediacodec process
02-20 20:30:20.601  1856  1856 I wpa_supplicant: Successfully initialized wpa_supplicant
02-20 20:30:20.602  1856  1856 I wpa_supplicant: rfkill: Cannot open RFKILL control device
02-20 20:30:20.603  1856  1856 I wpa_supplicant: nl80211: Could not re-add multicast membership for vendor events: -2 (No such file or directory)
02-20 20:30:20.602     0     0 D ieee80211 phy0: mac80211_hwsim_start
02-20 20:30:20.602     0     0 D ieee80211 phy0: mac80211_hwsim_add_interface (type=2 mac_addr=02:00:00:44:55:66)
02-20 20:30:20.602     0     0 D ieee80211 phy0: mac80211_hwsim_bss_info_changed(changed=0xe)
02-20 20:30:20.602     0     0 D ieee80211 phy0: ERP_CTS_PROT: 0
02-20 20:30:20.602     0     0 D ieee80211 phy0: ERP_PREAMBLE: 0
02-20 20:30:20.602     0     0 D ieee80211 phy0: ERP_SLOT: 0
02-20 20:30:20.602     0     0 D ieee80211 phy0: mac80211_hwsim_conf_tx (queue=0 txop=0 cw_min=15 cw_max=1023 aifs=2)
02-20 20:30:20.602     0     0 D ieee80211 phy0: mac80211_hwsim_conf_tx (queue=1 txop=0 cw_min=15 cw_max=1023 aifs=2)
02-20 20:30:20.602     0     0 D ieee80211 phy0: mac80211_hwsim_conf_tx (queue=2 txop=0 cw_min=15 cw_max=1023 aifs=2)
02-20 20:30:20.602     0     0 D ieee80211 phy0: mac80211_hwsim_conf_tx (queue=3 txop=0 cw_min=15 cw_max=1023 aifs=2)
02-20 20:30:20.602     0     0 D ieee80211 phy0: mac80211_hwsim_bss_info_changed(changed=0x2000)
02-20 20:30:20.602     0     0 D ieee80211 phy0: mac80211_hwsim_config (freq=0 idle=0 ps=0 smps=auto)
02-20 20:30:20.602     0     0 I IPv6    : ADDRCONF(NETDEV_UP): wlan0: link is not ready
02-20 20:30:20.603     0     0 D ieee80211 phy0: mac80211_hwsim_configure_filter
02-20 20:30:20.617  1760  1896 E WVMExtractor: Failed to open libwvm.so: dlopen failed: library "libwvm.so" not found
02-20 20:30:20.631  1372  1372 I MediaPlayerService: MediaPlayerService::getOMX
02-20 20:30:20.632  1372  1372 I OMXClient: MuxOMX ctor
02-20 20:30:20.632  1369  1369 I OMXMaster: makeComponentInstance(OMX.google.gsm.decoder) in mediacodec process
02-20 20:30:20.632  1754  1872 I LatinIME:LogUtils: Dictionary info: dictionary = main:en ; version = 54 ; date = 1414726273
02-20 20:30:20.633  1674  1674 I SystemServiceManager: Starting phase 600
02-20 20:30:20.635  1674  1674 D SensorNotificationService: Cannot obtain dynamic meta sensor, not supported.
02-20 20:30:20.636  1674  1674 D TelephonyRegistry: listen oscl: hasNotifySubscriptionInfoChangedOccurred==false no callback
02-20 20:30:20.648  1674  1674 I GnssLocationProvider: WakeLock acquired by sendMessage(13, 0, null)
02-20 20:30:20.650  1674  1674 W LocationProviderProxy-network: Odd, no component found for service com.android.location.service.v3.NetworkLocationProvider
02-20 20:30:20.654  1674  1674 W GeocoderProxy: Odd, no component found for service com.android.location.service.GeocodeProvider
02-20 20:30:20.655  1674  1725 I netstats_mobile_sample: [0,0,0,0,0,0,0,0,0,0,0,0,-1]
02-20 20:30:20.655  1674  1725 I netstats_wifi_sample: [0,0,0,0,0,0,0,0,0,0,0,0,-1]
02-20 20:30:20.655  1674  1674 E FlpHardwareProvider: Error hw_get_module 'flp': -2
02-20 20:30:20.655  1674  1674 D LocationManagerService: FLP HAL not supported
02-20 20:30:20.656  1372  1372 I MediaPlayerService: MediaPlayerService::getOMX
02-20 20:30:20.656  1372  1372 I OMXClient: MuxOMX ctor
02-20 20:30:20.656  1369  1836 I OMXMaster: makeComponentInstance(OMX.google.mpeg4.decoder) in mediacodec process
02-20 20:30:20.657  1674  1674 W GeofenceProxy: Odd, no component found for service com.android.location.service.GeofenceProvider
02-20 20:30:20.657  1674  1674 E ActivityRecognitionHardware: Error hw_get_module: -2
02-20 20:30:20.664  1674  1674 D LocationManagerService: Hardware Activity-Recognition not supported.
02-20 20:30:20.666  1674  1674 W ActivityRecognitionProxy: Odd, no component found for service com.android.location.service.ActivityRecognitionProvider
02-20 20:30:20.668  1674  1674 I GnssLocationProvider: WakeLock acquired by sendMessage(2, 1, null)
02-20 20:30:20.676  1674  1689 W GnssLocationProvider: Could not open GPS configuration file /etc/gps.conf
02-20 20:30:20.676  1674  1689 E GnssLocationProvider: no AGPS interface in set_agps_server
02-20 20:30:20.676     0     0 D ieee80211 phy1: hw scan 2432 MHz
02-20 20:30:20.690  1856  1856 E wpa_supplicant: global ctrl interface @android:wpa_wlan0 matches ctrl interface wlan0 - do not open per-interface ctrl interface
02-20 20:30:20.691  1674  1674 I CommonTimeManagementService: No common time service detected on this platform.  Common time services will be unavailable.
02-20 20:30:20.692  1674  1674 D TelephonyRegistry: systemRunning register for intents
02-20 20:30:20.693  1674  1674 I MmsServiceBroker: Delay connecting to MmsService until an API is called
02-20 20:30:20.694  1674  1719 I InputReader: Reconfiguring input devices.  changes=0x00000030
02-20 20:30:20.694  1369  1384 E OMXNodeInstance: getExtensionIndex(559000f:google.mpeg4.decoder, OMX.google.android.index.configureVideoTunnelMode) ERROR: UnsupportedIndex(0x8000101a)
02-20 20:30:20.694  1369  1369 W OMXNodeInstance: [559000f:google.mpeg4.decoder] component does not support metadata mode; using fallback
02-20 20:30:20.696  1674  1689 D TelephonyRegistry: listen oscl: hasNotifySubscriptionInfoChangedOccurred==false no callback
02-20 20:30:20.698  1674  1689 I GnssLocationProvider: WakeLock released by handleMessage(13, 0, null)
02-20 20:30:20.699  1372  1372 I MediaPlayerService: MediaPlayerService::getOMX
02-20 20:30:20.699  1372  1372 I OMXClient: MuxOMX ctor
02-20 20:30:20.699  1369  1837 I OMXMaster: makeComponentInstance(OMX.google.h263.decoder) in mediacodec process
02-20 20:30:20.700  1674  1689 E GnssLocationProvider: no AGPS interface in set_agps_server
02-20 20:30:20.713  1674  1689 I GnssLocationProvider: WakeLock released by handleMessage(2, 1, null)
02-20 20:30:20.716  1674  1674 I am_proc_start: [0,1912,1001,com.android.phone,added application,com.android.phone]
02-20 20:30:20.716  1674  1674 I ActivityManager: Start proc 1912:com.android.phone/1001 for added application com.android.phone
02-20 20:30:20.717  1674  1674 I ActivityManager: START u0 {act=android.intent.action.MAIN cat=[android.intent.category.HOME] flg=0x10000100 cmp=com.android.settings/.FallbackHome} from uid 0 on display 0
02-20 20:30:20.717  1674  1674 W System  : ClassLoader referenced unknown path: 
02-20 20:30:20.717  1674  1674 W System  : ClassLoader referenced unknown path: /system/priv-app/Settings/lib/x86_64
02-20 20:30:20.718  1674  1674 D ApplicationLoaders: ignored Vulkan layer search path /system/priv-app/Settings/lib/x86_64:/system/priv-app/Settings/Settings.apk!/lib/x86_64:/system/lib64:/vendor/lib64 for namespace 0x72ca9a832160
02-20 20:30:20.721  1674  1674 I ActivityManager: Loaded persisted task ids for user 0
02-20 20:30:20.723  1674  1674 I am_create_task: [0,1]
02-20 20:30:20.723  1674  1674 I am_create_activity: [0,30380324,1,com.android.settings/.FallbackHome,android.intent.action.MAIN,NULL,NULL,276824320]
02-20 20:30:20.724  1674  1674 I wm_task_created: [1,0]
02-20 20:30:20.724  1674  1674 I wm_task_moved: [1,1,0]
02-20 20:30:20.724  1674  1674 I wm_task_moved: [1,1,0]
02-20 20:30:20.725  1369  1836 E OMXNodeInstance: getExtensionIndex(5590010:google.h263.decoder, OMX.google.android.index.configureVideoTunnelMode) ERROR: UnsupportedIndex(0x8000101a)
02-20 20:30:20.725  1369  1384 W OMXNodeInstance: [5590010:google.h263.decoder] component does not support metadata mode; using fallback
02-20 20:30:20.725  1674  1674 I am_focused_activity: [0,com.android.settings/.FallbackHome,startedActivity]
02-20 20:30:20.725  1372  1372 I MediaPlayerService: MediaPlayerService::getOMX
02-20 20:30:20.725  1372  1372 I OMXClient: MuxOMX ctor
02-20 20:30:20.726  1369  1369 I OMXMaster: makeComponentInstance(OMX.google.h264.decoder) in mediacodec process
02-20 20:30:20.732  1674  1674 I am_proc_start: [0,1919,1000,com.android.settings,activity,com.android.settings/.FallbackHome]
02-20 20:30:20.732  1674  1674 I ActivityManager: Start proc 1919:com.android.settings/1000 for activity com.android.settings/.FallbackHome
02-20 20:30:20.736  1912  1912 W art     : Unexpected CPU variant for X86 using defaults: x86_64
02-20 20:30:20.740  1674  1691 W WindowManager: Keyguard drawn timeout. Setting mKeyguardDrawComplete
02-20 20:30:20.740  1674  1689 W LocationProviderProxy-network: Odd, no component found for service com.android.location.service.v3.NetworkLocationProvider
02-20 20:30:20.741  1674  1674 I SystemServer: Enabled StrictMode for system server main thread.
02-20 20:30:20.742  1919  1919 W art     : Unexpected CPU variant for X86 using defaults: x86_64
02-20 20:30:20.773  1674  1785 I am_proc_bound: [0,1912,com.android.phone]
02-20 20:30:20.775  1674  1689 W GeocoderProxy: Odd, no component found for service com.android.location.service.GeocodeProvider
02-20 20:30:20.776  1674  1689 W GeofenceProxy: Odd, no component found for service com.android.location.service.GeofenceProvider
02-20 20:30:20.776  1674  1689 W ActivityRecognitionProxy: Odd, no component found for service com.android.location.service.ActivityRecognitionProvider
02-20 20:30:20.783  1372  1372 W ACodec  : [OMX.google.h264.decoder] stopping checking profiles after 32: 2/8000
02-20 20:30:20.783  1369  1384 E OMXNodeInstance: getExtensionIndex(5590011:google.h264.decoder, OMX.google.android.index.configureVideoTunnelMode) ERROR: UnsupportedIndex(0x8000101a)
02-20 20:30:20.783  1369  1369 W OMXNodeInstance: [5590011:google.h264.decoder] component does not support metadata mode; using fallback
02-20 20:30:20.785  1372  1372 I MediaPlayerService: MediaPlayerService::getOMX
02-20 20:30:20.785  1372  1372 I OMXClient: MuxOMX ctor
02-20 20:30:20.785  1369  1369 I OMXMaster: makeComponentInstance(OMX.google.hevc.decoder) in mediacodec process
02-20 20:30:20.804  1674  1685 I am_proc_bound: [0,1919,com.android.settings]
02-20 20:30:20.808  1369  1837 E OMXNodeInstance: getExtensionIndex(5590012:google.hevc.decoder, OMX.google.android.index.configureVideoTunnelMode) ERROR: UnsupportedIndex(0x8000101a)
02-20 20:30:20.808  1369  1836 W OMXNodeInstance: [5590012:google.hevc.decoder] component does not support metadata mode; using fallback
02-20 20:30:20.809  1372  1372 I MediaPlayerService: MediaPlayerService::getOMX
02-20 20:30:20.809  1372  1372 I OMXClient: MuxOMX ctor
02-20 20:30:20.810  1369  1384 I OMXMaster: makeComponentInstance(OMX.google.vp8.decoder) in mediacodec process
02-20 20:30:20.790     0     0 D ieee80211 phy1: hw scan 2437 MHz
02-20 20:30:20.835  1912  1912 W System  : ClassLoader referenced unknown path: /system/priv-app/TeleService/lib/x86_64
02-20 20:30:20.838  1369  1369 E OMXNodeInstance: getExtensionIndex(5590013:google.vp8.decoder, OMX.google.android.index.configureVideoTunnelMode) ERROR: UnsupportedIndex(0x8000101a)
02-20 20:30:20.838  1369  1837 W OMXNodeInstance: [5590013:google.vp8.decoder] component does not support metadata mode; using fallback
02-20 20:30:20.840  1372  1372 I MediaPlayerService: MediaPlayerService::getOMX
02-20 20:30:20.840  1372  1372 I OMXClient: MuxOMX ctor
02-20 20:30:20.840  1369  1836 I OMXMaster: makeComponentInstance(OMX.google.vp9.decoder) in mediacodec process
02-20 20:30:20.861  1313  1357 D PermissionCache: checking android.permission.READ_FRAME_BUFFER for uid=1000 => granted (435 us)
02-20 20:30:20.877  1369  1384 E OMXNodeInstance: getExtensionIndex(5590014:google.vp9.decoder, OMX.google.android.index.configureVideoTunnelMode) ERROR: UnsupportedIndex(0x8000101a)
02-20 20:30:20.877  1369  1836 W OMXNodeInstance: [5590014:google.vp9.decoder] component does not support metadata mode; using fallback
02-20 20:30:20.878  1372  1372 I MediaPlayerService: MediaPlayerService::getOMX
02-20 20:30:20.878  1372  1372 I OMXClient: MuxOMX ctor
02-20 20:30:20.878  1369  1369 I OMXMaster: makeComponentInstance(OMX.google.h263.encoder) in mediacodec process
02-20 20:30:20.892  1369  1369 I SoftMPEG4Encoder: Construct SoftMPEG4Encoder
02-20 20:30:20.895  1313  1357 D gralloc_ranchu: gralloc_alloc: Creating ashmem region of size 17051648
02-20 20:30:20.895  1372  1372 W ACodec  : do not know color format 0x7f000789 = 2130708361
02-20 20:30:20.896  1369  1836 E OMXNodeInstance: getConfig(5590015:google.h263.encoder, ConfigAndroidIntraRefresh(0x6f60000a)) ERROR: Undefined(0x80001001)
02-20 20:30:20.897  1372  1372 I MediaPlayerService: MediaPlayerService::getOMX
02-20 20:30:20.897  1372  1372 I OMXClient: MuxOMX ctor
02-20 20:30:20.897  1369  1837 I OMXMaster: makeComponentInstance(OMX.google.h264.encoder) in mediacodec process
02-20 20:30:20.911     0     0 D ieee80211 phy1: hw scan 2442 MHz
02-20 20:30:20.921  1372  1372 W ACodec  : do not know color format 0x7f000789 = 2130708361
02-20 20:30:20.922  1372  1372 I MediaPlayerService: MediaPlayerService::getOMX
02-20 20:30:20.922  1372  1372 I OMXClient: MuxOMX ctor
02-20 20:30:20.923  1369  1384 I OMXMaster: makeComponentInstance(OMX.google.mpeg4.encoder) in mediacodec process
02-20 20:30:20.940  1369  1384 I SoftMPEG4Encoder: Construct SoftMPEG4Encoder
02-20 20:30:20.942  1372  1372 W ACodec  : do not know color format 0x7f000789 = 2130708361
02-20 20:30:20.943  1369  1369 E OMXNodeInstance: getConfig(5590017:google.mpeg4.encoder, ConfigAndroidIntraRefresh(0x6f60000a)) ERROR: Undefined(0x80001001)
02-20 20:30:20.945  1372  1372 I MediaPlayerService: MediaPlayerService::getOMX
02-20 20:30:20.945  1372  1372 I OMXClient: MuxOMX ctor
02-20 20:30:20.945  1369  1837 I OMXMaster: makeComponentInstance(OMX.google.vp8.encoder) in mediacodec process
02-20 20:30:20.964  1372  1372 W ACodec  : do not know color format 0x7f000789 = 2130708361
02-20 20:30:20.964  1369  1384 E OMXNodeInstance: getConfig(5590018:google.vp8.encoder, ConfigAndroidIntraRefresh(0x6f60000a)) ERROR: Undefined(0x80001001)
02-20 20:30:20.966  1372  1372 I MediaPlayerService: MediaPlayerService::getOMX
02-20 20:30:20.966  1372  1372 I OMXClient: MuxOMX ctor
02-20 20:30:20.967  1372  1372 I MediaPlayerService: MediaPlayerService::getOMX
02-20 20:30:20.967  1372  1372 I OMXClient: MuxOMX ctor
02-20 20:30:20.967  1372  1372 W MediaCodecList: unable to open media codecs configuration xml file: /data/misc/media/media_codecs_profiling_results.xml
02-20 20:30:20.969  1372  1431 I MediaPlayerService: MediaPlayerService::getOMX
02-20 20:30:20.969  1760  1904 I OMXClient: MuxOMX ctor
02-20 20:30:20.969  1372  1910 I MediaPlayerService: MediaPlayerService::getOMX
02-20 20:30:20.969  1674  1830 I OMXClient: MuxOMX ctor
02-20 20:30:20.969  1369  1369 I OMXMaster: makeComponentInstance(OMX.google.vorbis.decoder) in mediacodec process
02-20 20:30:20.982  1369  1384 I OMXMaster: makeComponentInstance(OMX.google.vorbis.decoder) in mediacodec process
02-20 20:30:21.013  1674  1685 I am_restart_activity: [0,30380324,1,com.android.settings/.FallbackHome]
02-20 20:30:21.017  1674  1690 W art     : Long monitor contention with owner Binder:1674_1 (1685) at void com.android.server.am.ActivityManagerService.attachApplication(android.app.IApplicationThread)(ActivityManagerService.java:6669) waiters=2 in void com.android.server.am.BroadcastQueue.processNextBroadcast(boolean) for 211ms
02-20 20:30:21.017  1674  1690 I dvm_lock_sample: [system_server,1,ActivityManager,211,BroadcastQueue.java,760,ActivityManagerService.java,6669,42]
02-20 20:30:21.017  1674  1785 W art     : Long monitor contention with owner Binder:1674_1 (1685) at void com.android.server.am.ActivityManagerService.attachApplication(android.app.IApplicationThread)(ActivityManagerService.java:6669) waiters=4 in void com.android.server.am.ActivityManagerService.addPackageDependency(java.lang.String) for 142ms
02-20 20:30:21.017  1674  1785 I dvm_lock_sample: [system_server,1,Binder:1674_3,142,ActivityManagerService.java,5765,-,6669,28]
02-20 20:30:21.025  1912  1912 W System  : ClassLoader referenced unknown path: /system/priv-app/TelephonyProvider/lib/x86_64
02-20 20:30:21.025  1674  1674 D ConditionProviders.SCP: onConnected
02-20 20:30:21.033  1912  1912 D ApplicationLoaders: ignored Vulkan layer search path /system/priv-app/TelephonyProvider/lib/x86_64:/system/lib64:/vendor/lib64 for namespace 0x72ca9a7c70f0
02-20 20:30:21.031     0     0 D ieee80211 phy1: hw scan 2447 MHz
02-20 20:30:21.045  1919  1919 W System  : ClassLoader referenced unknown path: /system/priv-app/Settings/lib/x86_64
02-20 20:30:21.056  1674  1674 D ZenLog  : set_zen_mode: off,readXml
02-20 20:30:21.058  1674  1674 D ConditionProviders: Subscribing to condition://android/schedule?days=6.7&start=23.30&end=10.0&exitAtAlarm=false with ComponentInfo{android/com.android.server.notification.ScheduleConditionProvider}
02-20 20:30:21.059  1674  1674 D ZenLog  : subscribe: condition://android/schedule?days=6.7&start=23.30&end=10.0&exitAtAlarm=false,ok
02-20 20:30:21.059  1674  1674 D ConditionProviders: Subscribing to condition://android/event?userId=-10000&calendar=&reply=1 with ComponentInfo{android/com.android.server.notification.EventConditionProvider}
02-20 20:30:21.059  1674  1674 D ZenLog  : subscribe: condition://android/event?userId=-10000&calendar=&reply=1,ok
02-20 20:30:21.059  1674  1674 D ConditionProviders: Subscribing to condition://android/schedule?days=1.2.3.4.5&start=22.0&end=7.0&exitAtAlarm=false with ComponentInfo{android/com.android.server.notification.ScheduleConditionProvider}
02-20 20:30:21.059  1674  1674 D ZenLog  : subscribe: condition://android/schedule?days=1.2.3.4.5&start=22.0&end=7.0&exitAtAlarm=false,ok
02-20 20:30:21.072  1674  1731 I WifiScanningService: wifi driver unloaded
02-20 20:30:21.072  1674  1674 D RttService: SCAN_AVAILABLE : 1
02-20 20:30:21.072  1674  1732 D RttService: DefaultState got{ when=0 what=160513 target=com.android.internal.util.StateMachine$SmHandler }
02-20 20:30:21.072  1674  1674 D ZenLog  : set_zen_mode: off,cleanUpZenRules
02-20 20:30:21.073  1372  1431 I MediaPlayerService: MediaPlayerService::getOMX
02-20 20:30:21.079  1760  1969 I OMXClient: MuxOMX ctor
02-20 20:30:21.079  1372  1839 I MediaPlayerService: MediaPlayerService::getOMX
02-20 20:30:21.079  1674  1968 I OMXClient: MuxOMX ctor
02-20 20:30:21.080  1369  1837 I OMXMaster: makeComponentInstance(OMX.google.vorbis.decoder) in mediacodec process
02-20 20:30:21.096  1674  1674 W System  : ClassLoader referenced unknown path: /system/priv-app/Telecom/lib/x86_64
02-20 20:30:21.096  1674  1674 D ApplicationLoaders: ignored Vulkan layer search path /system/priv-app/Telecom/lib/x86_64:/system/priv-app/Telecom/Telecom.apk!/lib/x86_64:/system/lib64:/vendor/lib64 for namespace 0x72ca9a8321d0
02-20 20:30:21.117  1369  1384 I OMXMaster: makeComponentInstance(OMX.google.vorbis.decoder) in mediacodec process
02-20 20:30:21.122  1919  1919 I am_on_resume_called: [0,com.android.settings.FallbackHome,LAUNCH_ACTIVITY]
02-20 20:30:21.148  1313  1358 E SurfaceFlinger: ro.sf.lcd_density must be defined as a build property
02-20 20:30:21.165  1919  1919 D         : HostConnection::get() New Host Connection established 0x72ca8bbf2e20, tid 1919
02-20 20:30:21.185  1372  1910 I MediaPlayerService: MediaPlayerService::getOMX
02-20 20:30:21.186  1674  1984 I OMXClient: MuxOMX ctor
02-20 20:30:21.186  1369  1369 I OMXMaster: makeComponentInstance(OMX.google.vorbis.decoder) in mediacodec process
02-20 20:30:21.202  1372  1431 I MediaPlayerService: MediaPlayerService::getOMX
02-20 20:30:21.202  1760  1982 I OMXClient: MuxOMX ctor
02-20 20:30:21.204  1912  1912 D TelephonyProvider: dbh.onOpen: ok, queried table=siminfo
02-20 20:30:21.204  1912  1912 D TelephonyProvider: dbh.onOpen: ok, queried table=carriers
02-20 20:30:21.207  1674  1674 E BluetoothAdapter: Bluetooth binder is null
02-20 20:30:21.222  1369  1836 I OMXMaster: makeComponentInstance(OMX.google.vorbis.decoder) in mediacodec process
02-20 20:30:21.153     0     0 D ieee80211 phy1: hw scan 2452 MHz
02-20 20:30:21.242  1674  1674 I Telecom : SystemStateProvider: Registering car mode receiver: android.content.IntentFilter@1ab668f: TS.init@AAA
02-20 20:30:21.257  1674  1992 I Telecom : Telecom: Non-call EVENT: AUDIO_ROUTE, Entering state QuiescentEarpieceRoute
02-20 20:30:21.275  1674  1993 I Telecom : CallAudioModeStateMachine: Message received: null.: TS.init->CAMSM.pM_1@AAA_0
02-20 20:30:21.270     0     0 D ieee80211 phy1: hw scan 2457 MHz
02-20 20:30:21.283  1674  1674 E BluetoothAdapter: Bluetooth binder is null
02-20 20:30:21.283  1674  1994 E ActivityThread: Failed to find provider info for call_log
02-20 20:30:21.284  1760  1760 I vol.Events: writeEvent collection_started
02-20 20:30:21.285  1912  1912 D TDC     : updateOrInsert: inserting: Modem { uuid=modem, state=0, rilModel=0, rat={}, maxActiveVoiceCall=1, maxActiveDataCall=1, maxStandby=1 }
02-20 20:30:21.285  1912  1912 D TDC     : updateOrInsert: inserting: Sim { uuid=sim, modemUuid=modem, state=0 }
02-20 20:30:21.287  1674  1674 I Telecom : Class: TelecomSystem.INSTANCE being set
02-20 20:30:21.288  1674  1674 E BluetoothAdapter: Bluetooth binder is null
02-20 20:30:21.289  1674  1674 W ContextImpl: Calling a method in the system process without a qualified user: android.app.ContextImpl.startService:1357 com.android.server.content.SyncManager$13.run:658 android.os.Handler.handleCallback:751 android.os.Handler.dispatchMessage:95 android.os.Looper.loop:154 
02-20 20:30:21.299  1674  1697 I dvm_lock_sample: [system_server,1,android.display,70,WindowManagerService.java,8857,-,2857,14]
02-20 20:30:21.307  1919  1981 D         : HostConnection::get() New Host Connection established 0x72ca8bbf2ee0, tid 1981
02-20 20:30:21.308  1919  1981 I OpenGLRenderer: Initialized EGL, version 1.4
02-20 20:30:21.308  1919  1981 D OpenGLRenderer: Swap behavior 1
02-20 20:30:21.309  1372  1910 I MediaPlayerService: MediaPlayerService::getOMX
02-20 20:30:21.311  1912  1912 D CdmaSSM : subscriptionSource from settings: 0
02-20 20:30:21.312  1912  1912 I PhoneFactory: Cdma Subscription set to 0
02-20 20:30:21.310  1674  1996 I OMXClient: MuxOMX ctor
02-20 20:30:21.313  1369  1384 I OMXMaster: makeComponentInstance(OMX.google.vorbis.decoder) in mediacodec process
02-20 20:30:21.329  1674  1674 W System  : ClassLoader referenced unknown path: /system/priv-app/FusedLocation/lib/x86_64
02-20 20:30:21.329  1674  1674 D ApplicationLoaders: ignored Vulkan layer search path /system/priv-app/FusedLocation/lib/x86_64:/system/priv-app/FusedLocation/FusedLocation.apk!/lib/x86_64:/system/lib64:/vendor/lib64 for namespace 0x72ca9a832240
02-20 20:30:21.334  1760  1995 I sysui_action: [213,2]
02-20 20:30:21.334  1760  1995 I vol.Events: writeEvent external_ringer_mode_changed normal
02-20 20:30:21.334  1760  1995 I vol.Events: writeEvent internal_ringer_mode_changed normal
02-20 20:30:21.339  1919  1981 D EGL_emulation: eglCreateContext: 0x72ca8bb74660: maj 3 min 0 rcv 3
02-20 20:30:21.353  1912  1912 I PhoneFactory: Network Mode set to 0
02-20 20:30:21.356  1674  1674 D GpsNetInitiatedHandler: location enabled :true
02-20 20:30:21.357  1674  1674 V WiredAccessoryManager: notifyWiredAccessoryChanged: when=0 bits= mask=54
02-20 20:30:21.357  1674  1674 V WiredAccessoryManager: newName=h2w newState=0 headsetState=0 prev headsetState=0
02-20 20:30:21.390     0     0 D ieee80211 phy1: hw scan 2462 MHz
02-20 20:30:21.357  1674  1674 E WiredAccessoryManager: No state change.
02-20 20:30:21.357  1674  1674 V WiredAccessoryManager: init()
02-20 20:30:21.358  1912  1912 D RILJ    : RIL(context, preferredNetworkType=0 cdmaSubscription=0)
02-20 20:30:21.359  1912  1912 D RILJ    : Starting RILReceiver0 [SUB0]
02-20 20:30:21.377  1912  1912 D RILJ    : [3648]> GET_HARDWARE_CONFIG [SUB0]
02-20 20:30:21.377  1912  1912 D RilRequest: [3648]< GET_HARDWARE_CONFIG error: com.android.internal.telephony.CommandException: RADIO_NOT_AVAILABLE ret=
02-20 20:30:21.377  1912  1912 I PhoneFactory: Creating SubscriptionController
02-20 20:30:21.379  1912  1912 D SubscriptionController: [SubscriptionController] init by Context
02-20 20:30:21.380  1374  1501 I RILC    : libril: new connection to RIL_SOCKET_1
02-20 20:30:21.380  1374  1501 I RILC    : RIL Daemon version: android reference-ril 1.0
02-20 20:30:21.381  1372  1372 I MediaPlayerService: MediaPlayerService::getOMX
02-20 20:30:21.381  1912  2011 I RILJ    : (0) Connected to 'rild' socket
02-20 20:30:21.381  1674  2012 I OMXClient: MuxOMX ctor
02-20 20:30:21.381  1912  2011 D RILJ    : [UNSL]< UNSOL_RIL_CONNECTED {12} [SUB0]
02-20 20:30:21.382  1912  2011 D RILJ    : [3649]> RADIO_POWER off [SUB0]
02-20 20:30:21.382  1374  1501 D RIL     : onRequest: RADIO_POWER
02-20 20:30:21.383  1912  2011 D RILJ    : [3650]> RIL_REQUEST_CDMA_SET_SUBSCRIPTION_SOURCE : 0 [SUB0]
02-20 20:30:21.383  1374  1501 D RIL     : onRequest: CDMA_SET_SUBSCRIPTION_SOURCE
02-20 20:30:21.383  1912  2011 D RILJ    : setCellInfoListRate: 2147483647 [SUB0]
02-20 20:30:21.383  1912  2011 D RILJ    : [3651]> RIL_REQUEST_SET_CELL_INFO_LIST_RATE [SUB0]
02-20 20:30:21.383  1374  1501 D RIL     : onRequest: SET_UNSOL_CELL_INFO_LIST_RATE
02-20 20:30:21.383  1912  2011 D RILJ    : [UNSL]< UNSOL_RESPONSE_RADIO_STATE_CHANGED RADIO_OFF [SUB0]
02-20 20:30:21.385  1912  1912 D UiccController: Creating UiccController
02-20 20:30:21.384  1912  2011 D RILJ    : [3652]> SCREEN_STATE: true [SUB0]
02-20 20:30:21.385  1374  1501 D RIL     : onRequest: SCREEN_STATE
02-20 20:30:21.387  1912  1912 D TelephonyTester: register for intent action=com.android.internal.telephony.action_detached
02-20 20:30:21.387  1912  1912 D TelephonyTester: register for intent action=com.android.internal.telephony.action_attached
02-20 20:30:21.387  1369  1836 I OMXMaster: makeComponentInstance(OMX.google.vorbis.decoder) in mediacodec process
02-20 20:30:21.409  1912  2011 D RILJ    : [UNSL]< UNSOL_NITZ_TIME_RECEIVED 18/02/20:20:30:16+0:0:Unknown!Unknown [SUB0]
02-20 20:30:21.410  1912  2011 D RILJ    : [3649]< RADIO_POWER  [SUB0]
02-20 20:30:21.410  1912  2011 D RilRequest: [3650]< RIL_REQUEST_CDMA_SET_SUBSCRIPTION_SOURCE error: com.android.internal.telephony.CommandException: RADIO_NOT_AVAILABLE ret=
02-20 20:30:21.410  1912  2011 D RilRequest: [3651]< RIL_REQUEST_SET_CELL_INFO_LIST_RATE error: com.android.internal.telephony.CommandException: RADIO_NOT_AVAILABLE ret=
02-20 20:30:21.410  1912  2011 D RilRequest: [3652]< SCREEN_STATE error: com.android.internal.telephony.CommandException: RADIO_NOT_AVAILABLE ret=
02-20 20:30:21.415  1912  1912 D Phone   : mDoesRilSendMultipleCallRing=true
02-20 20:30:21.415  1912  1912 D Phone   : mCallRingDelay=3000
02-20 20:30:21.420  1912  1912 D RILJ    : [3653]> RIL_REQUEST_START_LCE [SUB0]
02-20 20:30:21.420  1374  1501 D RIL     : onRequest: <unknown request>
02-20 20:30:21.421  1912  2011 D RilRequest: [3653]< RIL_REQUEST_START_LCE error: com.android.internal.telephony.CommandException: RADIO_NOT_AVAILABLE ret=
02-20 20:30:21.433  1919  1981 D EGL_emulation: eglMakeCurrent: 0x72ca8bb74660: ver 3 0 (tinfo 0x72ca8bbe0fa0)
02-20 20:30:21.436  1912  1912 E RIL_ImsSms: getFormat should never be called from here!
02-20 20:30:21.436  1912  1912 D SMSDispatcher: SMSDispatcher: ctor mSmsCapable=true format=unknown mSmsSendDisabled=false
02-20 20:30:21.436  1912  1912 D RIL_ImsSms: ImsSMSDispatcher created
02-20 20:30:21.437  1912  1912 D SMSDispatcher: SMSDispatcher: ctor mSmsCapable=true format=3gpp2 mSmsSendDisabled=false
02-20 20:30:21.437  1912  1912 D CdmaSMSDispatcher: CdmaSMSDispatcher created
02-20 20:30:21.469  1674  1674 W VibratorService: Tried to stop vibrating but there is no vibrator device.
02-20 20:30:21.470  1674  1729 D WifiConfigManager: Loading config and enabling all networks 
02-20 20:30:21.471  1674  1674 D ConditionProviders.SCP: onSubscribe condition://android/schedule?days=6.7&start=23.30&end=10.0&exitAtAlarm=false
02-20 20:30:21.471  1674  1674 D ConditionProviders.SCP: setRegistered true
02-20 20:30:21.471  1674  1674 D ConditionProviders.SCP: notifyCondition condition://android/schedule?days=6.7&start=23.30&end=10.0&exitAtAlarm=false STATE_FALSE reason=!meetsSchedule
02-20 20:30:21.472  1674  1674 D ConditionProviders.SCP: Scheduling evaluate for Tue Feb 20 23:30:00 GMT+00:00 2018 (1519169400000), in +2h59m38s529ms, now=Tue Feb 20 20:30:21 GMT+00:00 2018 (1519158621471)
02-20 20:30:21.472  1674  1674 D ConditionProviders.SCP: onSubscribe condition://android/schedule?days=1.2.3.4.5&start=22.0&end=7.0&exitAtAlarm=false
02-20 20:30:21.472  1674  1674 D ConditionProviders.SCP: notifyCondition condition://android/schedule?days=6.7&start=23.30&end=10.0&exitAtAlarm=false STATE_FALSE reason=!meetsSchedule
02-20 20:30:21.472  1674  1674 D ConditionProviders.SCP: notifyCondition condition://android/schedule?days=1.2.3.4.5&start=22.0&end=7.0&exitAtAlarm=false STATE_FALSE reason=!meetsSchedule
02-20 20:30:21.472  1674  1674 D ConditionProviders.SCP: Scheduling evaluate for Tue Feb 20 22:00:00 GMT+00:00 2018 (1519164000000), in +1h29m38s528ms, now=Tue Feb 20 20:30:21 GMT+00:00 2018 (1519158621472)
02-20 20:30:21.473  1674  1674 I Telecom : WiredHeadsetManager: ACTION_HEADSET_PLUG event, plugged in: false, : WHC.oADA@AAE
02-20 20:30:21.501  1674  1729 W WifiNetworkHistory: Upgrading network 0 to android.uid.system:1000
02-20 20:30:21.502  1674  1729 D WifiConfigManager: loaded 0 passpoint configs
02-20 20:30:21.511     0     0 D ieee80211 phy1: hw scan complete
02-20 20:30:21.511     0     0 D ieee80211 phy1: mac80211_hwsim_get_survey (idx=0)
02-20 20:30:21.502  1674  1729 E IpConfigStore: Error parsing configuration: java.io.FileNotFoundException: /data/misc/wifi/ipconfig.txt (No such file or directory)
02-20 20:30:21.503  1674  1674 I ActivityManager: user 0 is still locked. Cannot load recents
02-20 20:30:21.507  1912  1912 D GsmInboundSmsHandler: created InboundSmsHandler
02-20 20:30:21.509  1674  1729 D WifiNative-HAL: Setting external_sim to 1
02-20 20:30:21.509  1674  1729 D WifiStateMachine: Setting OUI to DA-A1-19
02-20 20:30:21.511  1372  1839 I MediaPlayerService: MediaPlayerService::getOMX
02-20 20:30:21.511  1674  2026 I OMXClient: MuxOMX ctor
02-20 20:30:21.511  1674  1674 D TelephonyRegistry: notifyCellLocationForSubscriber: subId=0 cellLocation=Bundle[{}]
02-20 20:30:21.512  1369  1836 I OMXMaster: makeComponentInstance(OMX.google.vorbis.decoder) in mediacodec process
02-20 20:30:21.512  1912  1932 D SubscriptionController: [getPhoneId]- no sims, returning default phoneId=2147483647
02-20 20:30:21.530  1674  1729 I WifiConnectivityManager: PNO settings: min5GHzRssi -82 min24GHzRssi -85 currentConnectionBonus 16 sameNetworkBonus 24 secureNetworkBonus 80 initialScoreMax 100
02-20 20:30:21.531  1674  1729 I WifiConnectivityManager: ConnectivityScanManager initialized and disabled
02-20 20:30:21.531  1674  1729 I WifiConnectivityManager: setUntrustedConnectionAllowed: allowed=false
02-20 20:30:21.531  1674  1729 E WifiLogger: no ring buffers found
02-20 20:30:21.531  1674  1729 E WifiLogger: Failed to start packet fate monitoring
02-20 20:30:21.540  1919  1981 D EGL_emulation: eglMakeCurrent: 0x72ca8bb74660: ver 3 0 (tinfo 0x72ca8bbe0fa0)
02-20 20:30:21.549  1912  1912 D CdmaInboundSmsHandler: created InboundSmsHandler
02-20 20:30:21.549  1674  1787 I stream_devices_changed: [0,0,2]
02-20 20:30:21.552  1674  1787 I stream_devices_changed: [2,0,2]
02-20 20:30:21.552  1674  1787 I stream_devices_changed: [3,0,2]
02-20 20:30:21.552  1674  1787 I stream_devices_changed: [6,0,2]
02-20 20:30:21.553  1674  1787 I stream_devices_changed: [4,0,2]
02-20 20:30:21.553  1760  1995 I vol.Events: writeEvent level_changed STREAM_ALARM 6
02-20 20:30:21.554  1760  1995 I vol.Events: writeEvent level_changed STREAM_BLUETOOTH_SCO 7
02-20 20:30:21.555  1760  1995 I vol.Events: writeEvent level_changed STREAM_MUSIC 11
02-20 20:30:21.578  1760  1995 I vol.Events: writeEvent level_changed STREAM_RING 5
02-20 20:30:21.580  1760  1995 I vol.Events: writeEvent level_changed STREAM_SYSTEM 5
02-20 20:30:21.581  1760  1995 I vol.Events: writeEvent level_changed STREAM_VOICE_CALL 4
02-20 20:30:21.597  1674  1690 I boot_progress_enable_screen: 10597
02-20 20:30:21.598  1674  1697 I am_activity_launch_time: [0,30380324,com.android.settings/.FallbackHome,873,873]
02-20 20:30:21.598  1674  1697 I ActivityManager: Displayed com.android.settings/.FallbackHome: +873ms
02-20 20:30:21.599  1674  1690 V KeyguardServiceDelegate: *** Keyguard started
02-20 20:30:21.599  1674  1690 I screen_toggled: 1
02-20 20:30:21.600  1506  1506 E hostapd : Using interface wlan1 with hwaddr 02:00:00:00:01:00 and ssid "AndroidWifi"
02-20 20:30:21.600  1674  1690 W KeyguardServiceDelegate: onScreenTurningOn(): no keyguard service!
02-20 20:30:21.601  1674  1697 I WindowManager: Screen frozen for +791ms due to AppWindowToken{bf03653 token=Token{971f48d ActivityRecord{1cf9124 u0 com.android.settings/.FallbackHome t1}}}
02-20 20:30:21.601  1506  1506 I hostapd : wlan1: interface state HT_SCAN->ENABLED
02-20 20:30:21.601  1506  1506 I hostapd : wlan1: AP-ENABLED 
02-20 20:30:21.601     0     0 D ieee80211 phy1: mac80211_hwsim_config (freq=0 idle=0 ps=0 smps=auto)
02-20 20:30:21.601     0     0 D ieee80211 phy1: add channel context control: 2447 MHz/width: 2/cfreqs:2437/0 MHz
02-20 20:30:21.601     0     0 D ieee80211 phy1: mac80211_hwsim_bss_info_changed(changed=0x40000)
02-20 20:30:21.601     0     0 D ieee80211 phy1: TX Power: 20 dBm
02-20 20:30:21.601     0     0 D ieee80211 phy1: mac80211_hwsim_bss_info_changed(changed=0x4000)
02-20 20:30:21.601     0     0 D ieee80211 phy1: change channel context control: 2447 MHz/width: 2/cfreqs:2437/0 MHz
02-20 20:30:21.601     0     0 D ieee80211 phy1: mac80211_hwsim_bss_info_changed(changed=0x88340)
02-20 20:30:21.601     0     0 D ieee80211 phy1: BCNINT: 100
02-20 20:30:21.601     0     0 D ieee80211 phy1: BCN EN: 1
02-20 20:30:21.601     0     0 D ieee80211 phy1: mac80211_hwsim_bss_info_changed(changed=0x3e)
02-20 20:30:21.601     0     0 D ieee80211 phy1: ERP_CTS_PROT: 0
02-20 20:30:21.601     0     0 D ieee80211 phy1: ERP_PREAMBLE: 0
02-20 20:30:21.601     0     0 D ieee80211 phy1: ERP_SLOT: 1
02-20 20:30:21.601     0     0 D ieee80211 phy1: HT: op_mode=0x0
02-20 20:30:21.601     0     0 D ieee80211 phy1: BASIC_RATES: 0xf
02-20 20:30:21.601     0     0 D ieee80211 phy1: mac80211_hwsim_conf_tx (queue=0 txop=47 cw_min=3 cw_max=7 aifs=1)
02-20 20:30:21.601     0     0 D ieee80211 phy1: mac80211_hwsim_bss_info_changed(changed=0x2000)
02-20 20:30:21.601     0     0 D ieee80211 phy1: mac80211_hwsim_conf_tx (queue=1 txop=94 cw_min=7 cw_max=15 aifs=1)
02-20 20:30:21.601     0     0 D ieee80211 phy1: mac80211_hwsim_bss_info_changed(changed=0x2000)
02-20 20:30:21.601     0     0 D ieee80211 phy1: mac80211_hwsim_conf_tx (queue=2 txop=0 cw_min=15 cw_max=63 aifs=3)
02-20 20:30:21.601     0     0 D ieee80211 phy1: mac80211_hwsim_bss_info_changed(changed=0x2000)
02-20 20:30:21.601     0     0 D ieee80211 phy1: mac80211_hwsim_conf_tx (queue=3 txop=0 cw_min=15 cw_max=1023 aifs=7)
02-20 20:30:21.601     0     0 D ieee80211 phy1: mac80211_hwsim_bss_info_changed(changed=0x2000)
02-20 20:30:21.601     0     0 I IPv6    : ADDRCONF(NETDEV_CHANGE): wlan1: link becomes ready
02-20 20:30:21.603     0     0 D ieee80211 phy1: mac80211_hwsim_configure_filter
02-20 20:30:21.614  1674  1729 I WifiConnectivityManager: Set WiFi enabled
02-20 20:30:21.614  1674  1729 I WifiConnectivityManager: scheduleWatchdogTimer
02-20 20:30:21.615  1674  1729 D WifiNative-HAL: Failing getSupportedFeatureset because HAL isn't started
02-20 20:30:21.617  1674  1693 E BatteryStatsService: no controller energy info supplied
02-20 20:30:21.618  1674  1674 D RttService: SCAN_AVAILABLE : 3
02-20 20:30:21.618  1674  1693 E KernelCpuSpeedReader: Failed to read cpu-freq: /sys/devices/system/cpu/cpu0/cpufreq/stats/time_in_state (No such file or directory)
02-20 20:30:21.618  1674  1693 E KernelUidCpuTimeReader: Failed to read uid_cputime: /proc/uid_cputime/show_uid_stat (No such file or directory)
02-20 20:30:21.618  1674  1731 I WifiScanningService: wifi driver loaded with scan capabilities: max buckets=16
02-20 20:30:21.618  1674  1732 D RttService: DefaultState got{ when=0 what=160512 target=com.android.internal.util.StateMachine$SmHandler }
02-20 20:30:21.618  1674  1729 D WifiNative-HAL: Failing getSupportedFeatureset because HAL isn't started
02-20 20:30:21.619  1674  1693 E BatteryStatsService: no controller energy info supplied
02-20 20:30:21.619  1674  1693 E KernelCpuSpeedReader: Failed to read cpu-freq: /sys/devices/system/cpu/cpu0/cpufreq/stats/time_in_state (No such file or directory)
