02-20 20:30:22.929  1912  1912 D RIL_ImsSms: IMS is NOT registered!
02-20 20:30:22.930  1912  1912 D CdmaSSM : CDMA_SUBSCRIPTION_SOURCE event = 2
02-20 20:30:22.930  1912  1912 W CdmaSSM : Unable to get CDMA Subscription Source, Exception: com.android.internal.telephony.CommandException: REQUEST_NOT_SUPPORTED, result: null
02-20 20:30:22.930  1912  1912 D GsmCdmaPhone: [GsmCdmaPhone] EVENT_REQUEST_VOICE_RADIO_TECH_DONE: newVoiceTech=11
02-20 20:30:22.931  1912  1912 D GsmCdmaPhone: [GsmCdmaPhone] phoneObjectUpdater: newVoiceRadioTech=11
02-20 20:30:22.931  1912  1912 D GsmCdmaPhone: [GsmCdmaPhone] phoneObjectUpdater: No change ignore, newVoiceRadioTech=11 mActivePhone=GSM
02-20 20:30:22.931  1912  1912 D UiccController: Received EVENT_GET_ICC_STATUS_DONE
02-20 20:30:22.931  1912  1912 D UiccCard: 2 applications
02-20 20:30:22.931  1912  1912 D UiccCardApplication: APPTYPE_SIM update. New {APPTYPE_SIM,APPSTATE_READY}
02-20 20:30:22.931  1912  1912 D UiccCardApplication: APPTYPE_SIM changed state: APPSTATE_DETECTED -> APPSTATE_READY
02-20 20:30:22.931  1912  1912 D RILJ    : [3683]> QUERY_FACILITY_LOCK [FD 7 null] [SUB0]
02-20 20:30:22.932  1374  1501 D RIL     : onRequest: QUERY_FACILITY_LOCK
02-20 20:30:22.932  1374  1501 D RIL     : Request not supported. Tech: 1
02-20 20:30:22.932  1912  2011 D RilRequest: [3683]< QUERY_FACILITY_LOCK error: com.android.internal.telephony.CommandException: REQUEST_NOT_SUPPORTED ret=
02-20 20:30:22.932  2057  2057 W System  : ClassLoader referenced unknown path: /system/app/PrebuiltDeskClockGoogle/lib/x86_64
02-20 20:30:22.932  1912  1912 D RILJ    : [3684]> QUERY_FACILITY_LOCK [SC 7 null] [SUB0]
02-20 20:30:22.932  1374  1501 D RIL     : onRequest: QUERY_FACILITY_LOCK
02-20 20:30:22.932  1374  1501 D RIL     : Request not supported. Tech: 1
02-20 20:30:22.932  1912  2011 D RilRequest: [3684]< QUERY_FACILITY_LOCK error: com.android.internal.telephony.CommandException: REQUEST_NOT_SUPPORTED ret=
02-20 20:30:22.932  1912  1912 D UiccCardApplication: Notifying registrants: READY
02-20 20:30:22.932  1912  1912 D UiccCardApplication: APPTYPE_RUIM update. New {APPTYPE_RUIM,APPSTATE_READY}
02-20 20:30:22.932  1912  1912 D UiccCardApplication: APPTYPE_RUIM changed state: APPSTATE_DETECTED -> APPSTATE_READY
02-20 20:30:22.932  1912  1912 D RILJ    : [3685]> QUERY_FACILITY_LOCK [FD 7 null] [SUB0]
02-20 20:30:22.933  1374  1501 D RIL     : onRequest: QUERY_FACILITY_LOCK
02-20 20:30:22.933  1374  1501 D RIL     : Request not supported. Tech: 1
02-20 20:30:22.933  1912  2011 D RilRequest: [3685]< QUERY_FACILITY_LOCK error: com.android.internal.telephony.CommandException: REQUEST_NOT_SUPPORTED ret=
02-20 20:30:22.933  1912  1912 D RILJ    : [3686]> QUERY_FACILITY_LOCK [SC 7 null] [SUB0]
02-20 20:30:22.933  1374  1501 D RIL     : onRequest: QUERY_FACILITY_LOCK
02-20 20:30:22.933  1374  1501 D RIL     : Request not supported. Tech: 1
02-20 20:30:22.933  1912  2011 D RilRequest: [3686]< QUERY_FACILITY_LOCK error: com.android.internal.telephony.CommandException: REQUEST_NOT_SUPPORTED ret=
02-20 20:30:22.934  1912  1912 D UiccCardApplication: Notifying registrants: READY
02-20 20:30:22.934  1912  1912 D UiccCard: Before privilege rules: Handler (com.android.internal.telephony.uicc.UiccCarrierPrivilegeRules) {c87386c} : CARDSTATE_PRESENT
02-20 20:30:22.934  1912  1912 E UiccCard: App index 8 is invalid since there are no applications
02-20 20:30:22.934  1912  1912 D UiccCard: update: radioState=RADIO_ON mLastRadioState=RADIO_ON
02-20 20:30:22.934  1912  1912 D UiccController: Notifying IccChangedRegistrants
02-20 20:30:22.934  1912  1912 D RILJ    : [3687]> RIL_REQUEST_SIM_TRANSMIT_APDU_CHANNEL [SUB0]
02-20 20:30:22.935  1374  1501 D RIL     : onRequest: SIM_TRANSMIT_APDU_CHANNEL
02-20 20:30:22.935  1374  1501 D AT      : AT> AT+CGLA=1,10,80caff4000
02-20 20:30:22.935  1374  1503 D AT      : AT< +CGLA: 144,0,FF403eE23cE12eC11461ed377e85d386a8dfee6b864bd85b0bfaa5af81CA16616e64726f69642e636172726965726170692e637473E30aDB080000000000000000
02-20 20:30:22.935  1374  1503 D AT      : AT< OK
02-20 20:30:22.935  1912  2011 D RILJ    : [3687]< RIL_REQUEST_SIM_TRANSMIT_APDU_CHANNEL  [SUB0]
02-20 20:30:22.936  1912  1912 D GsmCdmaPhone: [GsmCdmaPhone] Event EVENT_REGISTERED_TO_NETWORK Received
02-20 20:30:22.936  1912  1912 D SST     : SubscriptionListener.onSubscriptionInfoChanged
02-20 20:30:22.936  1912  1912 E Phone   : getStoredVoiceMessageCount: invalid subId -2
02-20 20:30:22.936  1912  1912 D GsmCdmaPhone: [GsmCdmaPhone] updateVoiceMail countVoiceMessages = 0 subId -2
02-20 20:30:22.936  1912  1912 E Phone   : setVoiceMessageCount in sharedPreference: invalid subId -2
02-20 20:30:22.936  1912  1912 D DCT     : [0]SubscriptionListener.onSubscriptionInfoChanged
02-20 20:30:22.937  1912  1912 D SubscriptionController: [getActiveSubInfoList] Sub Controller not ready
02-20 20:30:22.938  1912  1912 D SubscriptionController: [getActiveSubInfoList] Sub Controller not ready
02-20 20:30:22.939  1912  1912 E PhoneInterfaceManager: [PhoneIntfMgr] getIccId: No UICC
02-20 20:30:22.952  1674  1685 I Telecom : PhoneAccountRegistrar: New phone account registered: [[ ] PhoneAccount: ComponentInfo{com.android.phone/com.android.services.telephony.TelephonyConnectionService}, [e0184adedf913b076626646d3f52c3b49c39ad6d], UserHandle{0} Capabilities: CallProvider MultiUser PlaceEmerg SimSub  Schemes: tel voicemail  Extras: null GroupId: [da39a3ee5e6b4b0d3255bfef95601890afd80709]]: TSI.rPA@AAM
02-20 20:30:22.956  1674  1685 I Telecom : : Sending phone-account registered intent as user: TSI.rPA@AAM
02-20 20:30:22.957  1912  1912 I Telephony: AccountEntry: Registered phoneAccount: [[ ] PhoneAccount: ComponentInfo{com.android.phone/com.android.services.telephony.TelephonyConnectionService}, [e0184adedf913b076626646d3f52c3b49c39ad6d], UserHandle{0} Capabilities: CallProvider MultiUser PlaceEmerg SimSub  Schemes: tel voicemail  Extras: null GroupId: [da39a3ee5e6b4b0d3255bfef95601890afd80709]] with handle: ComponentInfo{com.android.phone/com.android.services.telephony.TelephonyConnectionService}, [e0184adedf913b076626646d3f52c3b49c39ad6d], UserHandle{0}
02-20 20:30:22.125     0     0 I init    : Service 'bootanim' (pid 1333) exited with status 0
02-20 20:30:22.983  1912  1912 I Telephony: PstnIncomingCallNotifier: Registering: Handler (com.android.internal.telephony.GsmCdmaPhone) {72a0986}
02-20 20:30:22.985  1912  1912 I Telephony: TelecomAccountRegistry: Unregistering phone account ComponentInfo{com.android.phone/com.android.services.telephony.TelephonyConnectionService}, [e2f7d48dd2b5ca523e7313cf4ba0f6ea830b6281], UserHandle{0}.
02-20 20:30:22.987  1674  1787 I Telecom : : Sending phone-account unregistered intent as user: TSI.uPA@AAU
02-20 20:30:22.987  1912  1912 D DCT     : [0]onDataConnectionAttached
02-20 20:30:22.987  1912  1912 D DCT     : [0]isDataAllowed: No - SIM not loaded
02-20 20:30:22.135     0     0 I init    : Starting service 'exec 6 (/system/bin/bootstat)'...
02-20 20:30:23.000  1912  1912 D DCT     : [0]setupDataOnConnectableApns: dataAttached hipri:[state=IDLE,enabled=false] mms:[state=IDLE,enabled=false] supl:[state=IDLE,enabled=false] ia:[state=IDLE,enabled=false] fota:[state=IDLE,enabled=false] ims:[state=IDLE,enabled=false] cbs:[state=IDLE,enabled=false] default:[state=IDLE,enabled=false] emergency:[state=IDLE,enabled=false] 
02-20 20:30:23.000  1912  1912 D DCT     : [0]setupDataOnConnectableApns: nwTypeChanged hipri:[state=IDLE,enabled=false] mms:[state=IDLE,enabled=false] supl:[state=IDLE,enabled=false] ia:[state=IDLE,enabled=false] fota:[state=IDLE,enabled=false] ims:[state=IDLE,enabled=false] cbs:[state=IDLE,enabled=false] default:[state=IDLE,enabled=false] emergency:[state=IDLE,enabled=false] 
02-20 20:30:23.000  1912  1912 D UiccCardApplication: Error in querying facility lock:com.android.internal.telephony.CommandException: REQUEST_NOT_SUPPORTED
02-20 20:30:23.000  1912  1912 D UiccCardApplication: Error in querying facility lock:com.android.internal.telephony.CommandException: REQUEST_NOT_SUPPORTED
02-20 20:30:23.000  1912  1912 D SIMRecords: [SIMRecords] fetchSimRecords 0
02-20 20:30:23.000  1912  1912 D RILJ    : [3688]> getIMSI: GET_IMSI aid: null [SUB0]
02-20 20:30:23.000  1912  1912 D RILJ    : [3689]> iccIO: SIM_IO 0xc0 0x2fe2  path: 3F00,0,0,15 aid: null [SUB0]
02-20 20:30:23.001  1912  1912 D RILJ    : [3690]> iccIO: SIM_IO 0xc0 0x6f40  path: 3F007F10,0,0,15 aid: null [SUB0]
02-20 20:30:23.001  1374  1501 D RIL     : onRequest: GET_IMSI
02-20 20:30:23.001  1374  1501 D AT      : AT> AT+CIMI
02-20 20:30:23.001  1374  1503 D AT      : AT< 310260000000000
02-20 20:30:23.001  1374  1503 D AT      : AT< OK
02-20 20:30:23.001  1912  1912 D RILJ    : [3691]> iccIO: SIM_IO 0xc0 0x6fc9  path: 3F007F20,0,0,15 aid: null [SUB0]
02-20 20:30:23.001  1374  1501 D RIL     : onRequest: SIM_IO
02-20 20:30:23.001  1374  1501 D AT      : AT> AT+CRSM=192,12258,0,0,15
02-20 20:30:23.001  1912  1912 D RILJ    : [3692]> iccIO: SIM_IO 0xc0 0x6fad  path: 3F007F20,0,0,15 aid: null [SUB0]
02-20 20:30:23.001  1912  2011 D RILJ    : [3688]< GET_IMSI  [SUB0]
02-20 20:30:23.001  1374  1503 D AT      : AT< +CRSM: 144,0,0000000a2fe204000fa0aa01020000
02-20 20:30:23.001  1374  1503 D AT      : AT< OK
02-20 20:30:23.001  1374  1501 D RIL     : onRequest: SIM_IO
02-20 20:30:23.001  1374  1501 D AT      : AT> AT+CRSM=192,28480,0,0,15
02-20 20:30:23.001  1374  1503 D AT      : AT< +CRSM: 144,0,000000806f40040011a0aa01020120
02-20 20:30:23.001  1374  1503 D AT      : AT< OK
02-20 20:30:23.001  1912  1912 D RILJ    : [3693]> iccIO: SIM_IO 0xc0 0x6fca  path: 3F007F20,0,0,15 aid: null [SUB0]
02-20 20:30:23.001  1912  2011 D RILJ    : [3689]< SIM_IO IccIoResponse sw1:0x90 sw2:0x0 [SUB0]
02-20 20:30:23.001  1374  1501 D RIL     : onRequest: SIM_IO
02-20 20:30:23.001  1374  1501 D AT      : AT> AT+CRSM=192,28617,0,0,15
02-20 20:30:23.001  1912  1912 D RILJ    : [3694]> iccIO: SIM_IO 0xc0 0x6f11  path: 3F007F20,0,0,15 aid: null [SUB0]
02-20 20:30:23.001  1374  1503 D AT      : AT< +CRSM: 144,0,000000086fc9040011a0aa01020104
02-20 20:30:23.001  1374  1503 D AT      : AT< OK
02-20 20:30:23.001  1374  1501 D RIL     : onRequest: SIM_IO
02-20 20:30:23.001  1374  1501 D AT      : AT> AT+CRSM=192,28589,0,0,15
02-20 20:30:23.001  1374  1503 D AT      : AT< +CRSM: 144,0,000000046fad04000aa0aa01020000
02-20 20:30:23.001  1374  1503 D AT      : AT< OK
02-20 20:30:23.001  1374  1501 D RIL     : onRequest: SIM_IO
02-20 20:30:23.001  1374  1501 D AT      : AT> AT+CRSM=192,28618,0,0,15
02-20 20:30:23.001  1912  1912 D RILJ    : [3695]> iccIO: SIM_IO 0xc0 0x6fcb  path: 3F007F20,0,0,15 aid: null [SUB0]
02-20 20:30:23.001  1374  1503 D AT      : AT< +CRSM: 144,0,0000000a6fca040011a0aa01020105
02-20 20:30:23.001  1374  1503 D AT      : AT< OK
02-20 20:30:23.001  1912  1912 D RILJ    : [3696]> iccIO: SIM_IO 0xc0 0x6f13  path: 3F007F20,0,0,15 aid: null [SUB0]
02-20 20:30:23.002  1374  1501 D RIL     : onRequest: SIM_IO
02-20 20:30:23.002  1374  1501 D AT      : AT> AT+CRSM=192,28433,0,0,15
02-20 20:30:23.002  1912  1912 D RILJ    : [3697]> iccIO: SIM_IO 0xc0 0x6f46  path: 3F007F20,0,0,15 aid: null [SUB0]
02-20 20:30:23.002  1912  1912 D RILJ    : [3698]> iccIO: SIM_IO 0xc0 0x6fcd  path: 3F007F20,0,0,15 aid: null [SUB0]
02-20 20:30:23.002  1912  1912 D RILJ    : [3699]> iccIO: SIM_IO 0xc0 0x6fc5  path: 3F007F20,0,0,15 aid: null [SUB0]
02-20 20:30:23.002  1912  1912 D RILJ    : [3700]> iccIO: SIM_IO 0xc0 0x6f38  path: 3F007F20,0,0,15 aid: null [SUB0]
02-20 20:30:23.002  1912  1912 D RILJ    : [3701]> iccIO: SIM_IO 0xc0 0x6f16  path: 3F007F20,0,0,15 aid: null [SUB0]
02-20 20:30:22.260     0     0 I init    : Service 'exec 6 (/system/bin/bootstat)' (pid 2080) exited with status 0
02-20 20:30:22.261     0     0 I init    : Starting service 'exec 7 (/system/bin/bootstat)'...
02-20 20:30:22.283     0     0 I init    : Service 'exec 7 (/system/bin/bootstat)' (pid 2089) exited with status 0
02-20 20:30:22.283     0     0 I init    : Starting service 'exec 8 (/system/bin/bootstat)'...
02-20 20:30:22.305     0     0 I init    : Service 'exec 8 (/system/bin/bootstat)' (pid 2096) exited with status 0
02-20 20:30:22.306     0     0 I init    : Starting service 'exec 9 (/system/bin/bootstat)'...
02-20 20:30:23.002  1912  1912 D RILJ    : [3702]> iccIO: SIM_IO 0xc0 0x6f15  path: 3F007F20,0,0,15 aid: null [SUB0]
02-20 20:30:23.003  1912  1912 D RILJ    : [3703]> iccIO: SIM_IO 0xc0 0x6f3e  path: 3F007F20,0,0,15 aid: null [SUB0]
02-20 20:30:23.003  1912  1912 D RILJ    : [3704]> iccIO: SIM_IO 0xc0 0x6f3f  path: 3F007F20,0,0,15 aid: null [SUB0]
02-20 20:30:23.005  1912  1912 D SIMRecords: [SIMRecords] fetchSimRecords 17 requested: true
02-20 20:30:23.005  1912  1912 E IccCardProxy: setExternalState: set mPhoneId=0 mExternalState=READY
02-20 20:30:23.005  1912  1912 D TelephonyManager: setTelephonyProperty: success phoneId=0 property=gsm.sim.state value: READY propVal=READY
02-20 20:30:23.005  1374  1503 D AT      : AT< +CRSM: 144,0,000000016f11040011a0aa01020000
02-20 20:30:23.005  1374  1503 D AT      : AT< OK
02-20 20:30:23.005  1374  1501 D RIL     : onRequest: SIM_IO
02-20 20:30:23.005  1374  1501 D AT      : AT> AT+CRSM=192,28619,0,0,15
02-20 20:30:23.005  1912  2011 D RILJ    : [3690]< SIM_IO IccIoResponse sw1:0x90 sw2:0x0 [SUB0]
02-20 20:30:23.005  1374  1503 D AT      : AT< ERROR: BAD COMMAND
02-20 20:30:23.005  1912  2011 D RILJ    : [3691]< SIM_IO IccIoResponse sw1:0x90 sw2:0x0 [SUB0]
02-20 20:30:23.005  1374  1501 D RIL     : onRequest: SIM_IO
02-20 20:30:23.005  1374  1501 D AT      : AT> AT+CRSM=192,28435,0,0,15
02-20 20:30:23.005  1912  2011 D RILJ    : [3692]< SIM_IO IccIoResponse sw1:0x90 sw2:0x0 [SUB0]
02-20 20:30:23.005  1912  2011 D RILJ    : [3693]< SIM_IO IccIoResponse sw1:0x90 sw2:0x0 [SUB0]
02-20 20:30:23.005  1374  1503 D AT      : AT< +CRSM: 144,0,000000016f13040011a0aa01020000
02-20 20:30:23.005  1374  1503 D AT      : AT< OK
02-20 20:30:23.005  1912  2011 D RILJ    : [3694]< SIM_IO IccIoResponse sw1:0x90 sw2:0x0 [SUB0]
02-20 20:30:23.005  1374  1501 D RIL     : onRequest: SIM_IO
02-20 20:30:23.005  1374  1501 D AT      : AT> AT+CRSM=192,28486,0,0,15
02-20 20:30:23.005  1374  1503 D AT      : AT< +CRSM: 148,4
02-20 20:30:23.005  1912  2011 D RilRequest: [3695]< SIM_IO error: com.android.internal.telephony.CommandException: GENERIC_FAILURE ret=
02-20 20:30:23.005  1374  1503 D AT      : AT< OK
02-20 20:30:23.005  1374  1501 D RIL     : onRequest: SIM_IO
02-20 20:30:23.005  1374  1501 D AT      : AT> AT+CRSM=192,28621,0,0,15
02-20 20:30:23.005  1912  2011 D RILJ    : [3696]< SIM_IO IccIoResponse sw1:0x90 sw2:0x0 [SUB0]
02-20 20:30:23.005  1912  2011 D RILJ    : [3697]< SIM_IO IccIoResponse sw1:0x94 sw2:0x4 [SUB0]
02-20 20:30:23.005  1374  1503 D AT      : AT< +CRSM: 148,4
02-20 20:30:23.005  1374  1503 D AT      : AT< OK
02-20 20:30:23.006  1374  1501 D RIL     : onRequest: SIM_IO
02-20 20:30:23.006  1374  1501 D AT      : AT> AT+CRSM=192,28613,0,0,15
02-20 20:30:23.006  1374  1503 D AT      : AT< +CRSM: 144,0,000000f06fc504000aa0aa01020118
02-20 20:30:23.006  1374  1503 D AT      : AT< OK
02-20 20:30:23.006  1374  1501 D RIL     : onRequest: SIM_IO
02-20 20:30:23.006  1374  1501 D AT      : AT> AT+CRSM=192,28472,0,0,15
02-20 20:30:23.006  1374  1503 D AT      : AT< +CRSM: 144,0,0000000f6f3804001aa0aa01020000
02-20 20:30:23.006  1374  1503 D AT      : AT< OK
02-20 20:30:23.006  1374  1501 D RIL     : onRequest: SIM_IO
02-20 20:30:23.006  1374  1501 D AT      : AT> AT+CRSM=192,28438,0,0,15
02-20 20:30:23.006  1912  2011 D RILJ    : [3698]< SIM_IO IccIoResponse sw1:0x94 sw2:0x4 [SUB0]
02-20 20:30:23.006  1912  2011 D RILJ    : [3699]< SIM_IO IccIoResponse sw1:0x90 sw2:0x0 [SUB0]
02-20 20:30:23.006  1912  2011 D RILJ    : [3700]< SIM_IO IccIoResponse sw1:0x90 sw2:0x0 [SUB0]
02-20 20:30:23.006  1374  1503 D AT      : AT< +CRSM: 144,0,000000026f1604001aa0aa01020000
02-20 20:30:23.006  1374  1503 D AT      : AT< OK
02-20 20:30:23.006  1374  1501 D RIL     : onRequest: SIM_IO
02-20 20:30:23.006  1374  1501 D AT      : AT> AT+CRSM=192,28437,0,0,15
02-20 20:30:23.006  1912  2011 D RILJ    : [3701]< SIM_IO IccIoResponse sw1:0x90 sw2:0x0 [SUB0]
02-20 20:30:23.006  1374  1503 D AT      : AT< ERROR: BAD COMMAND
02-20 20:30:23.006  1374  1501 D RIL     : onRequest: SIM_IO
02-20 20:30:23.006  1374  1501 D AT      : AT> AT+CRSM=192,28478,0,0,15
02-20 20:30:23.006  1374  1503 D AT      : AT< ERROR: BAD COMMAND
02-20 20:30:23.006  1912  2011 D RilRequest: [3702]< SIM_IO error: com.android.internal.telephony.CommandException: GENERIC_FAILURE ret=
02-20 20:30:23.006  1374  1501 D RIL     : onRequest: SIM_IO
02-20 20:30:23.006  1374  1501 D AT      : AT> AT+CRSM=192,28479,0,0,15
02-20 20:30:23.006  1374  1503 D AT      : AT< ERROR: BAD COMMAND
02-20 20:30:23.006  1912  2011 D RilRequest: [3703]< SIM_IO error: com.android.internal.telephony.CommandException: GENERIC_FAILURE ret=
02-20 20:30:23.006  1912  2011 D RilRequest: [3704]< SIM_IO error: com.android.internal.telephony.CommandException: GENERIC_FAILURE ret=
02-20 20:30:23.008  1912  1912 D IccCardProxy: broadcastIccStateChangedIntent intent ACTION_SIM_STATE_CHANGED value=READY reason=null for mPhoneId=0
02-20 20:30:23.009  1912  1912 D RILJ    : [3705]> OPERATOR [SUB0]
02-20 20:30:23.009  1912  1912 D RILJ    : [3706]> DATA_REGISTRATION_STATE [SUB0]
02-20 20:30:23.010  1374  1501 D RIL     : onRequest: OPERATOR
02-20 20:30:23.010  1374  1501 D AT      : AT> AT+COPS=3,0;+COPS?;+COPS=3,1;+COPS?;+COPS=3,2;+COPS?
02-20 20:30:23.010  1374  1503 D AT      : AT< +COPS: 0,0,"Android"
02-20 20:30:23.010  1912  1912 D RILJ    : [3707]> VOICE_REGISTRATION_STATE [SUB0]
02-20 20:30:23.010  1374  1503 D AT      : AT< +COPS: 0,1,"Android"
02-20 20:30:23.010  1374  1503 D AT      : AT< +COPS: 0,2,"310260"
02-20 20:30:23.010  1374  1503 D AT      : AT< OK
02-20 20:30:23.010  1912  2011 D RILJ    : [3705]< OPERATOR {Android, Android, 310260} [SUB0]
02-20 20:30:23.010  1374  1501 D RIL     : onRequest: DATA_REGISTRATION_STATE
02-20 20:30:23.010  1374  1501 D RIL     : requestRegistrationState
02-20 20:30:23.010  1912  1912 D RILJ    : [3708]> QUERY_NETWORK_SELECTION_MODE [SUB0]
02-20 20:30:23.010  1374  1501 D AT      : AT> AT+CGREG?
02-20 20:30:23.011  1374  1503 D AT      : AT< +CGREG: 1,1,"0003","005b","000e"
02-20 20:30:23.011  1374  1503 D AT      : AT< OK
02-20 20:30:23.011  1374  1501 D RIL     : parseRegistrationState. Parsing: +CGREG: 1,1,"0003","005b","000e"
02-20 20:30:23.011  1374  1501 D RIL     : registration state type: 3GPP
02-20 20:30:23.011  1912  2011 D RILJ    : [3706]< DATA_REGISTRATION_STATE {1, 3, 5b, 14, null, null} [SUB0]
02-20 20:30:23.011  1912  1912 D UiccCardApplication: Error in querying facility lock:com.android.internal.telephony.CommandException: REQUEST_NOT_SUPPORTED
02-20 20:30:23.011  1912  1912 D UiccCardApplication: Error in querying facility lock:com.android.internal.telephony.CommandException: REQUEST_NOT_SUPPORTED
02-20 20:30:23.011  1374  1501 D RIL     : onRequest: VOICE_REGISTRATION_STATE
02-20 20:30:23.011  1374  1501 D RIL     : requestRegistrationState
02-20 20:30:23.011  1374  1501 D AT      : AT> AT+CREG?
02-20 20:30:23.011  1912  1912 D RuimRecords: [RuimRecords] fetchRuimRecords 0
02-20 20:30:23.011  1374  1503 D AT      : AT< +CREG: 2,1, "0003", "005b"
02-20 20:30:23.011  1374  1503 D AT      : AT< OK
02-20 20:30:23.011  1912  1912 D RILJ    : [3709]> getIMSI: GET_IMSI aid: null [SUB0]
02-20 20:30:23.011  1374  1501 D RIL     : parseRegistrationState. Parsing: +CREG: 2,1, "0003", "005b"
02-20 20:30:23.011  1374  1501 D RIL     : registration state type: 3GPP
02-20 20:30:23.011  1912  2011 D RILJ    : [3707]< VOICE_REGISTRATION_STATE {1, 3, 5b, 0, null, null, null, null, null, null, null, null, null, null, null} [SUB0]
02-20 20:30:23.011  1912  1912 D RILJ    : [3710]> iccIO: SIM_IO 0xc0 0x2fe2  path: 3F00,0,0,15 aid: null [SUB0]
02-20 20:30:23.011  1374  1501 D RIL     : onRequest: QUERY_NETWORK_SELECTION_MODE
02-20 20:30:23.011  1374  1501 D AT      : AT> AT+COPS?
02-20 20:30:23.011  1374  1503 D AT      : AT< +COPS: 0,2,310260
02-20 20:30:23.011  1374  1503 D AT      : AT< OK
02-20 20:30:23.011  1912  2011 D RILJ    : [3708]< QUERY_NETWORK_SELECTION_MODE {0} [SUB0]
02-20 20:30:23.011  1912  1912 D RILJ    : [3711]> iccIO: SIM_IO 0xc0 0x2f05  path: 3F00,0,0,15 aid: null [SUB0]
02-20 20:30:23.011  1374  1501 D RIL     : onRequest: GET_IMSI
02-20 20:30:23.011  1374  1501 D AT      : AT> AT+CIMI
02-20 20:30:23.011  1374  1503 D AT      : AT< 310260000000000
02-20 20:30:23.011  1374  1503 D AT      : AT< OK
02-20 20:30:23.011  1374  1501 D RIL     : onRequest: SIM_IO
02-20 20:30:23.011  1374  1501 D AT      : AT> AT+CRSM=192,12258,0,0,15
02-20 20:30:23.012  1912  2011 D RILJ    : [3709]< GET_IMSI  [SUB0]
02-20 20:30:23.012  1912  1912 D RILJ    : [3712]> iccIO: SIM_IO 0xc0 0x6f3a  path: 3F007F25,0,0,15 aid: null [SUB0]
02-20 20:30:23.012  1374  1503 D AT      : AT< +CRSM: 144,0,0000000a2fe204000fa0aa01020000
02-20 20:30:23.012  1374  1503 D AT      : AT< OK
02-20 20:30:23.012  1912  2011 D RILJ    : [3710]< SIM_IO IccIoResponse sw1:0x90 sw2:0x0 [SUB0]
02-20 20:30:23.012  1374  1501 D RIL     : onRequest: SIM_IO
02-20 20:30:23.012  1374  1501 D AT      : AT> AT+CRSM=192,12037,0,0,15
02-20 20:30:23.012  1912  1912 D RILJ    : [3713]> iccIO: SIM_IO 0xc0 0x6f41  path: 3F007F25,0,0,15 aid: null [SUB0]
02-20 20:30:23.012  1374  1503 D AT      : AT< ERROR: BAD COMMAND
02-20 20:30:23.012  1912  2011 D RilRequest: [3711]< SIM_IO error: com.android.internal.telephony.CommandException: GENERIC_FAILURE ret=
02-20 20:30:23.012  1912  1912 D RILJ    : [3714]> iccIO: SIM_IO 0xc0 0x6f44  path: 3F007F25,0,0,15 aid: null [SUB0]
02-20 20:30:23.012  1374  1501 D RIL     : onRequest: SIM_IO
02-20 20:30:23.012  1374  1501 D AT      : AT> AT+CRSM=192,28474,0,0,15
02-20 20:30:23.012  1374  1503 D AT      : AT< ERROR: BAD COMMAND
02-20 20:30:23.012  1912  2011 D RilRequest: [3712]< SIM_IO error: com.android.internal.telephony.CommandException: GENERIC_FAILURE ret=
02-20 20:30:23.012  1912  1912 D RILJ    : [3715]> iccIO: SIM_IO 0xc0 0x6f22  path: 3F007F25,0,0,15 aid: null [SUB0]
02-20 20:30:23.012  1374  1501 D RIL     : onRequest: SIM_IO
02-20 20:30:23.012  1374  1501 D AT      : AT> AT+CRSM=192,28481,0,0,15
02-20 20:30:23.012  1374  1503 D AT      : AT< ERROR: BAD COMMAND
02-20 20:30:23.012  1912  2011 D RilRequest: [3713]< SIM_IO error: com.android.internal.telephony.CommandException: GENERIC_FAILURE ret=
02-20 20:30:23.012  1912  1912 D RILJ    : [3716]> iccIO: SIM_IO 0xc0 0x6f28  path: 3F007F25,0,0,15 aid: null [SUB0]
02-20 20:30:23.012  1374  1501 D RIL     : onRequest: SIM_IO
02-20 20:30:23.012  1374  1501 D AT      : AT> AT+CRSM=192,28484,0,0,15
02-20 20:30:23.012  1374  1503 D AT      : AT< ERROR: BAD COMMAND
02-20 20:30:23.012  1912  2011 D RilRequest: [3714]< SIM_IO error: com.android.internal.telephony.CommandException: GENERIC_FAILURE ret=
02-20 20:30:23.012  1912  1912 D RILJ    : [3717]> iccIO: SIM_IO 0xb0 0x6f5a  path: 3F007F25,0,0,4 aid: null [SUB0]
02-20 20:30:23.013  1374  1501 D RIL     : onRequest: SIM_IO
02-20 20:30:23.013  1374  1501 D AT      : AT> AT+CRSM=192,28450,0,0,15
02-20 20:30:23.013  1374  1503 D AT      : AT< ERROR: BAD COMMAND
02-20 20:30:23.013  1912  1912 D RILJ    : [3718]> iccIO: SIM_IO 0xc0 0x6f4d  path: 3F007F25,0,0,15 aid: null [SUB0]
02-20 20:30:23.013  1912  2011 D RilRequest: [3715]< SIM_IO error: com.android.internal.telephony.CommandException: GENERIC_FAILURE ret=
02-20 20:30:23.013  1374  1501 D RIL     : onRequest: SIM_IO
02-20 20:30:23.013  1374  1501 D AT      : AT> AT+CRSM=192,28456,0,0,15
02-20 20:30:23.013  1912  1912 D RuimRecords: [RuimRecords] fetchRuimRecords 10 requested: true
02-20 20:30:23.013  1374  1503 D AT      : AT< ERROR: BAD COMMAND
02-20 20:30:23.013  1912  2011 D RilRequest: [3716]< SIM_IO error: com.android.internal.telephony.CommandException: GENERIC_FAILURE ret=
02-20 20:30:23.013  1374  1501 D RIL     : onRequest: SIM_IO
02-20 20:30:23.014  1374  1501 D AT      : AT> AT+CRSM=176,28506,0,0,4
02-20 20:30:23.014  1912  1912 D RILJ    : [3719]> RIL_REQUEST_CDMA_SUBSCRIPTION [SUB0]
02-20 20:30:23.014  1374  1503 D AT      : AT< ERROR: BAD COMMAND
02-20 20:30:23.014  1912  2011 D RilRequest: [3717]< SIM_IO error: com.android.internal.telephony.CommandException: GENERIC_FAILURE ret=
02-20 20:30:23.014  1374  1501 D RIL     : onRequest: SIM_IO
02-20 20:30:23.014  1374  1501 D AT      : AT> AT+CRSM=192,28493,0,0,15
02-20 20:30:23.014  1912  1912 D GsmSMSDispatcher: GsmSMSDispatcher: subId = -2 slotId = 0
02-20 20:30:23.014  1374  1503 D AT      : AT< ERROR: BAD COMMAND
02-20 20:30:23.014  1912  1912 E IccCardProxy: setExternalState: !override and newstate unchanged from READY
02-20 20:30:23.014  1912  1912 D CAT     : CatService: handleMessage[8]
02-20 20:30:23.014  1912  1912 D CAT     : CatService: MSG_ID_ICC_CHANGED
02-20 20:30:23.014  1912  1912 D CAT     : CatService: New Card State = CARDSTATE_PRESENT Old Card State = CARDSTATE_PRESENT
02-20 20:30:23.014  1912  2011 D RilRequest: [3718]< SIM_IO error: com.android.internal.telephony.CommandException: GENERIC_FAILURE ret=
02-20 20:30:23.014  1374  1501 D RIL     : onRequest: CDMA_SUBSCRIPTION
02-20 20:30:23.014  1374  1501 D RIL     : Request not supported. Tech: 1
02-20 20:30:23.014  1912  2011 D RilRequest: [3719]< RIL_REQUEST_CDMA_SUBSCRIPTION error: com.android.internal.telephony.CommandException: REQUEST_NOT_SUPPORTED ret=
02-20 20:30:23.015  1912  1912 E PhoneInterfaceManager: [PhoneIntfMgr] getIccId: No UICC
02-20 20:30:23.016  1674  1787 I Telecom : PhoneAccountRegistrar: [ComponentInfo{com.android.phone/com.android.services.telephony.TelephonyConnectionService}, [e0184adedf913b076626646d3f52c3b49c39ad6d], UserHandle{0}(icon: Icon(typ=BITMAP size=76x96) -> Icon(typ=BITMAP size=76x96))]: TSI.rPA@AAc
02-20 20:30:23.017  1674  1787 I Telecom : : Sending phone-account registered intent as user: TSI.rPA@AAc
02-20 20:30:23.017  1912  1912 D SIMRecords: [SIMRecords] IMSI: mMncLength=-1
02-20 20:30:23.017  1912  1912 D SIMRecords: [SIMRecords] IMSI: 310260[D1jVpVFfGoqdF5qliFi2ey-KM4g]
02-20 20:30:23.017  1912  1912 D SIMRecords: [SIMRecords] onRecordLoaded 16 requested: true
02-20 20:30:23.017  1912  1912 D RILJ    : [3720]> iccIO: SIM_IO 0xb0 0x2fe2  path: 3F00,0,0,10 aid: null [SUB0]
02-20 20:30:23.018  1912  1912 D RILJ    : [3721]> iccIO: SIM_IO 0xb2 0x6f40  path: 3F007F10,1,4,32 aid: null [SUB0]
02-20 20:30:23.018  1374  1501 D RIL     : onRequest: SIM_IO
02-20 20:30:23.018  1374  1501 D AT      : AT> AT+CRSM=176,12258,0,0,10
02-20 20:30:23.018  1374  1503 D AT      : AT< +CRSM: 144,0,98101430121181157002
02-20 20:30:23.018  1374  1503 D AT      : AT< OK
02-20 20:30:23.018  1912  1912 D RILJ    : [3722]> iccIO: SIM_IO 0xb2 0x6fc9  path: 3F007F20,1,4,4 aid: null [SUB0]
02-20 20:30:23.018  1374  1501 D RIL     : onRequest: SIM_IO
02-20 20:30:23.018  1374  1501 D AT      : AT> AT+CRSM=178,28480,1,4,32
02-20 20:30:23.018  1912  2011 D RILJ    : [3720]< SIM_IO IccIoResponse sw1:0x90 sw2:0x0 [SUB0]
02-20 20:30:23.018  1374  1503 D AT      : AT< +CRSM: 144,0,ffffffffffffffffffffffffffffffffffff07815155255155f4ffffffffffff
02-20 20:30:23.018  1912  1912 D RILJ    : [3723]> iccIO: SIM_IO 0xb0 0x6fad  path: 3F007F20,0,0,4 aid: null [SUB0]
02-20 20:30:23.018  1374  1503 D AT      : AT< OK
02-20 20:30:23.018  1374  1501 D RIL     : onRequest: SIM_IO
02-20 20:30:23.018  1374  1501 D AT      : AT> AT+CRSM=178,28617,1,4,4
02-20 20:30:23.018  1912  2011 D RILJ    : [3721]< SIM_IO IccIoResponse sw1:0x90 sw2:0x0 [SUB0]
02-20 20:30:23.018  1374  1503 D AT      : AT< +CRSM: 144,0,01000000
02-20 20:30:23.018  1374  1503 D AT      : AT< OK
02-20 20:30:23.018  1374  1501 D RIL     : onRequest: SIM_IO
02-20 20:30:23.018  1374  1501 D AT      : AT> AT+CRSM=176,28589,0,0,4
02-20 20:30:23.018  1912  1912 D RILJ    : [3724]> iccIO: SIM_IO 0xb2 0x6fca  path: 3F007F20,1,4,5 aid: null [SUB0]
02-20 20:30:23.018  1912  2011 D RILJ    : [3722]< SIM_IO IccIoResponse sw1:0x90 sw2:0x0 [SUB0]
02-20 20:30:23.019  1374  1503 D AT      : AT< +CRSM: 144,0,00000003
02-20 20:30:23.019  1374  1503 D AT      : AT< OK
02-20 20:30:23.019  1912  1912 D RILJ    : [3725]> iccIO: SIM_IO 0xb0 0x6f11  path: 3F007F20,0,0,1 aid: null [SUB0]
02-20 20:30:23.019  1374  1501 D RIL     : onRequest: SIM_IO
02-20 20:30:23.019  1374  1501 D AT      : AT> AT+CRSM=178,28618,1,4,5
02-20 20:30:23.019  1374  1503 D AT      : AT< +CRSM: 144,0,0000000000
02-20 20:30:23.019  1374  1503 D AT      : AT< OK
02-20 20:30:23.019  1912  2011 D RILJ    : [3723]< SIM_IO IccIoResponse sw1:0x90 sw2:0x0 [SUB0]
02-20 20:30:23.019  1374  1501 D RIL     : onRequest: SIM_IO
02-20 20:30:23.019  1374  1501 D AT      : AT> AT+CRSM=176,28433,0,0,1
02-20 20:30:23.019  1912  1912 D RILJ    : [3726]> iccIO: SIM_IO 0xb0 0x6f13  path: 3F007F20,0,0,1 aid: null [SUB0]
02-20 20:30:23.019  1374  1503 D AT      : AT< +CRSM: 144,0,55
02-20 20:30:23.019  1374  1503 D AT      : AT< OK
02-20 20:30:23.019  1912  2011 D RILJ    : [3724]< SIM_IO IccIoResponse sw1:0x90 sw2:0x0 [SUB0]
02-20 20:30:23.019  1912  2011 D RILJ    : [3725]< SIM_IO IccIoResponse sw1:0x90 sw2:0x0 [SUB0]
02-20 20:30:23.019  1374  1501 D RIL     : onRequest: SIM_IO
02-20 20:30:23.019  1374  1501 D AT      : AT> AT+CRSM=176,28435,0,0,1
02-20 20:30:23.020  1374  1503 D AT      : AT< +CRSM: 144,0,55
02-20 20:30:23.020  1374  1503 D AT      : AT< OK
02-20 20:30:23.020  1912  1912 D RILJ    : [3727]> iccIO: SIM_IO 0xb2 0x6fc5  path: 3F007F20,1,4,24 aid: null [SUB0]
02-20 20:30:23.020  1912  2011 D RILJ    : [3726]< SIM_IO IccIoResponse sw1:0x90 sw2:0x0 [SUB0]
02-20 20:30:23.021  1912  1912 D RILJ    : [3728]> iccIO: SIM_IO 0xb0 0x6f38  path: 3F007F20,0,0,15 aid: null [SUB0]
02-20 20:30:23.021  1374  1501 D RIL     : onRequest: SIM_IO
02-20 20:30:23.021  1374  1501 D AT      : AT> AT+CRSM=178,28613,1,4,24
02-20 20:30:23.021  1374  1503 D AT      : AT< +CRSM: 144,0,43058441aa890affffffffffffffffffffffffffffffffff
02-20 20:30:23.021  1374  1503 D AT      : AT< OK
02-20 20:30:23.021  1912  2011 D RILJ    : [3727]< SIM_IO IccIoResponse sw1:0x90 sw2:0x0 [SUB0]
02-20 20:30:23.021  1912  1912 D RILJ    : [3729]> iccIO: SIM_IO 0xb0 0x6f16  path: 3F007F20,0,0,2 aid: null [SUB0]
02-20 20:30:23.021  1374  1501 D RIL     : onRequest: SIM_IO
02-20 20:30:23.021  1374  1501 D AT      : AT> AT+CRSM=176,28472,0,0,15
02-20 20:30:23.021  1374  1503 D AT      : AT< +CRSM: 144,0,ff30ffff3c003c03000c0000f03f00
02-20 20:30:23.021  1374  1503 D AT      : AT< OK
02-20 20:30:23.021  1912  2011 D RILJ    : [3728]< SIM_IO IccIoResponse sw1:0x90 sw2:0x0 [SUB0]
02-20 20:30:23.022  1374  1501 D RIL     : onRequest: SIM_IO
02-20 20:30:23.022  1912  1912 D SubscriptionInfoUpdater: [Receiver]+
02-20 20:30:23.022  1374  1501 D AT      : AT> AT+CRSM=176,28438,0,0,2
02-20 20:30:23.022  1912  1912 D SubscriptionInfoUpdater: Action: android.intent.action.SIM_STATE_CHANGED
02-20 20:30:23.022  1912  1912 D SubscriptionInfoUpdater: slotId: 0
02-20 20:30:23.022  1912  1912 D SubscriptionInfoUpdater: simStatus: READY
02-20 20:30:23.022  1912  1912 D SubscriptionInfoUpdater: Ignoring simStatus: READY
02-20 20:30:23.022  1912  1912 D SubscriptionInfoUpdater: [Receiver]-
02-20 20:30:23.022  1374  1503 D AT      : AT< +CRSM: 144,0,0233
02-20 20:30:23.022  1374  1503 D AT      : AT< OK
02-20 20:30:23.022  1912  2011 D RILJ    : [3729]< SIM_IO IccIoResponse sw1:0x90 sw2:0x0 [SUB0]
02-20 20:30:23.022  1912  1912 E SST     : error parsing GprsRegistrationState: java.lang.NumberFormatException: null
02-20 20:30:23.022  1912  1912 D SST     : handlPollStateResultMessage: GsmSST setDataRegState=0 regState=1 dataRadioTechnology=14
02-20 20:30:23.022  1912  1912 D SST     : EVENT_POLL_STATE_NETWORK_SELECTION_MODE
02-20 20:30:23.022  1912  1912 D SST     : Poll ServiceState done:  oldSS=[0 0 voice home data home Android Android 310260 Android Android 310260  Unknown LTE CSS not supported -1 -1 RoamInd=-1 DefRoamInd=-1 EmergOnly=false IsDataRoamingFromRegistration=false IsUsingCarrierAggregation=false] newSS=[0 0 voice home data home Android Android 310260 Android Android 310260  Unknown LTE CSS not supported -1 -1 RoamInd=-1 DefRoamInd=-1 EmergOnly=false IsDataRoamingFromRegistration=false IsUsingCarrierAggregation=false] oldMaxDataCalls=1 mNewMaxDataCalls=1 oldReasonDataDenied=-1 mNewReasonDataDenied=-1
02-20 20:30:23.024  1912  1912 D RuimRecords: [RuimRecords] NO update mccmnc=310260
02-20 20:30:23.024  1912  1912 D RuimRecords: [RuimRecords] onRecordLoaded 9 requested: true
02-20 20:30:23.024  1912  1912 D RILJ    : [3730]> iccIO: SIM_IO 0xb0 0x2fe2  path: 3F00,0,0,10 aid: null [SUB0]
02-20 20:30:23.025  1313  1313 I sf_frame_dur: [BootAnimation,0,26,160,10,2,0,0]
02-20 20:30:23.026  1674  1697 I wm_boot_animation_done: 11176
02-20 20:30:23.027  1674  1697 I SystemServiceManager: Starting phase 1000
02-20 20:30:23.051  1374  1501 D RIL     : onRequest: SIM_IO
02-20 20:30:23.051  1374  1501 D AT      : AT> AT+CRSM=176,12258,0,0,10
02-20 20:30:23.051  1374  1503 D AT      : AT< +CRSM: 144,0,98101430121181157002
02-20 20:30:23.051  1374  1503 D AT      : AT< OK
02-20 20:30:23.051  1912  2011 D RILJ    : [3730]< SIM_IO IccIoResponse sw1:0x90 sw2:0x0 [SUB0]
02-20 20:30:23.057  1912  1912 D RILJ    : [3731]> RIL_REQUEST_SIM_CLOSE_CHANNEL [SUB0]
02-20 20:30:23.057  1374  1501 D RIL     : onRequest: SIM_CLOSE_CHANNEL
02-20 20:30:23.057  1374  1501 D AT      : AT> AT+CCHC=1
02-20 20:30:23.057  1912  1912 D IccCardProxy: broadcastIccStateChangedIntent intent ACTION_SIM_STATE_CHANGED value=IMSI reason=null for mPhoneId=0
02-20 20:30:23.058  1912  1912 D SIMRecords: [SIMRecords] onRecordLoaded 15 requested: true
02-20 20:30:23.059  1912  1912 D RILJ    : [3732]> iccIO: SIM_IO 0xc0 0x6f14  path: 3F007F20,0,0,15 aid: null [SUB0]
02-20 20:30:23.059  1912  1912 D SIMRecords: [SIMRecords] onRecordLoaded 15 requested: true
02-20 20:30:23.059  1912  1912 D SIMRecords: [SIMRecords] onRecordLoaded 14 requested: true
02-20 20:30:23.059  1912  1912 E SIMRecords: [SIMRecords] Exception in fetching EF_CSP data com.android.internal.telephony.CommandException: GENERIC_FAILURE
02-20 20:30:23.059  1912  1912 D SIMRecords: [SIMRecords] onRecordLoaded 13 requested: true
02-20 20:30:23.059  1912  1912 E SIMRecords: [SIMRecords] Exception in get GID1 com.android.internal.telephony.CommandException: GENERIC_FAILURE
02-20 20:30:23.059  1912  1912 D SIMRecords: [SIMRecords] onRecordLoaded 12 requested: true
02-20 20:30:23.059  1912  1912 E SIMRecords: [SIMRecords] Exception in get GID2 com.android.internal.telephony.CommandException: GENERIC_FAILURE
02-20 20:30:23.059  1912  1912 D SIMRecords: [SIMRecords] onRecordLoaded 11 requested: true
02-20 20:30:23.059  1912  1912 D RuimRecords: [RuimRecords] EF_PL LOADED
02-20 20:30:23.059  1912  1912 E RuimRecords: [RuimRecords] Record Load Exception: com.android.internal.telephony.CommandException: GENERIC_FAILURE
02-20 20:30:23.059  1912  1912 D RuimRecords: [RuimRecords] onRecordLoaded 8 requested: true
02-20 20:30:23.059  1912  1912 D RuimRecords: [RuimRecords] EF_CSIM_LI LOADED
02-20 20:30:23.059  1912  1912 E RuimRecords: [RuimRecords] Record Load Exception: com.android.internal.telephony.CommandException: GENERIC_FAILURE
02-20 20:30:23.059  1912  1912 D RuimRecords: [RuimRecords] onRecordLoaded 7 requested: true
02-20 20:30:23.059  1912  1912 D RuimRecords: [RuimRecords] EF_CSIM_SPN LOADED
02-20 20:30:23.059  1912  1912 E RuimRecords: [RuimRecords] Record Load Exception: com.android.internal.telephony.CommandException: GENERIC_FAILURE
02-20 20:30:23.059  1912  1912 D RuimRecords: [RuimRecords] onRecordLoaded 6 requested: true
02-20 20:30:23.062  1374  1503 D AT      : AT< +CCHC
02-20 20:30:23.062  1374  1503 D AT      : AT< OK
02-20 20:30:23.062  1374  1501 D RIL     : onRequest: SIM_IO
02-20 20:30:23.062  1374  1501 D AT      : AT> AT+CRSM=192,28436,0,0,15
02-20 20:30:23.062  1912  2011 D RILJ    : [3731]< RIL_REQUEST_SIM_CLOSE_CHANNEL  [SUB0]
02-20 20:30:23.062  1374  1503 D AT      : AT< +CRSM: 144,0,000000146f1404001aa0aa01020000
02-20 20:30:23.062  1374  1503 D AT      : AT< OK
02-20 20:30:23.062  1912  2011 D RILJ    : [3732]< SIM_IO IccIoResponse sw1:0x90 sw2:0x0 [SUB0]
02-20 20:30:23.063  1912  1912 D RuimRecords: [RuimRecords] EF_CSIM_MDN LOADED
02-20 20:30:23.063  1912  1912 E RuimRecords: [RuimRecords] Record Load Exception: com.android.internal.telephony.CommandException: GENERIC_FAILURE
02-20 20:30:23.063  1912  1912 D RuimRecords: [RuimRecords] onRecordLoaded 5 requested: true
02-20 20:30:23.063  1912  1912 D RuimRecords: [RuimRecords] EF_CSIM_IMSIM LOADED
02-20 20:30:23.063  1912  1912 E RuimRecords: [RuimRecords] Record Load Exception: com.android.internal.telephony.CommandException: GENERIC_FAILURE
02-20 20:30:23.063  1912  1912 D RuimRecords: [RuimRecords] onRecordLoaded 4 requested: true
02-20 20:30:23.063  1912  1912 D RuimRecords: [RuimRecords] EF_CSIM_CDMAHOME LOADED
02-20 20:30:23.063  1912  1912 E RuimRecords: [RuimRecords] Record Load Exception: com.android.internal.telephony.CommandException: GENERIC_FAILURE
02-20 20:30:23.063  1912  1912 D RuimRecords: [RuimRecords] onRecordLoaded 3 requested: true
02-20 20:30:23.063  1912  1912 D RuimRecords: [RuimRecords] EF_CSIM_EPRL LOADED
02-20 20:30:23.063  1912  1912 E RuimRecords: [RuimRecords] Record Load Exception: com.android.internal.telephony.CommandException: GENERIC_FAILURE
02-20 20:30:23.063  1912  1912 D RuimRecords: [RuimRecords] onRecordLoaded 2 requested: true
02-20 20:30:23.064  1912  1912 D RuimRecords: [RuimRecords] EF_CSIM_MIPUPP LOADED
02-20 20:30:23.064  1912  1912 E RuimRecords: [RuimRecords] Record Load Exception: com.android.internal.telephony.CommandException: GENERIC_FAILURE
02-20 20:30:23.064  1912  1912 D RuimRecords: [RuimRecords] onRecordLoaded 1 requested: true
02-20 20:30:23.064  1912  1912 D SubscriptionInfoUpdater: [Receiver]+
02-20 20:30:23.064  1912  1912 D SubscriptionInfoUpdater: Action: android.intent.action.SIM_STATE_CHANGED
02-20 20:30:23.064  1912  1912 D SubscriptionInfoUpdater: slotId: 0
02-20 20:30:23.064  1912  1912 D SubscriptionInfoUpdater: simStatus: IMSI
02-20 20:30:23.064  1912  1912 D SubscriptionInfoUpdater: Ignoring simStatus: IMSI
02-20 20:30:23.064  1912  1912 D SubscriptionInfoUpdater: [Receiver]-
02-20 20:30:23.064  1912  1912 D SIMRecords: [SIMRecords] iccid: 89014103211118510720
02-20 20:30:23.064  1912  1912 D SIMRecords: [SIMRecords] onRecordLoaded 10 requested: true
02-20 20:30:23.067  1912  1912 D SIMRecords: [SIMRecords] EF_MBI: 01000000
02-20 20:30:23.067  1912  1912 D SIMRecords: [SIMRecords] Got valid mailbox number for MBDN
02-20 20:30:23.067  1912  1912 D RILJ    : [3733]> iccIO: SIM_IO 0xc0 0x6fc7  path: 3F007F20,0,0,15 aid: null [SUB0]
02-20 20:30:23.067  1374  1501 D RIL     : onRequest: SIM_IO
02-20 20:30:23.067  1374  1501 D AT      : AT> AT+CRSM=192,28615,0,0,15
02-20 20:30:23.067  1912  1912 D SIMRecords: [SIMRecords] onRecordLoaded 10 requested: true
02-20 20:30:23.067  1912  1912 D SIMRecords: [SIMRecords] EF_AD: 00000003
02-20 20:30:23.067  1912  1912 D SIMRecords: [SIMRecords] setting4 mMncLength=3
02-20 20:30:23.067  1912  1912 D SIMRecords: [SIMRecords] update mccmnc=310260
02-20 20:30:23.067  1912  1912 D MccTable: updateMccMncConfiguration mccmnc='310260' fromServiceState=false
02-20 20:30:23.068  1912  1912 D SubscriptionController: [getPhoneId]- no sims, returning default phoneId=2147483647
02-20 20:30:23.068  1374  1503 D AT      : AT< +CRSM: 144,0,000000406fc7040011a0aa01020120
02-20 20:30:23.068  1374  1503 D AT      : AT< OK
02-20 20:30:23.070  1912  2011 D RILJ    : [3733]< SIM_IO IccIoResponse sw1:0x90 sw2:0x0 [SUB0]
02-20 20:30:23.070  1674  1697 I am_proc_start: [0,2082,10015,com.google.android.ext.services,on-hold,]
02-20 20:30:23.070  1674  1697 I ActivityManager: Start proc 2082:com.google.android.ext.services/u0a15 for on-hold
02-20 20:30:23.070  1912  1912 D MccTable: updateMccMncConfiguration defaultMccMnc=
02-20 20:30:23.070  1912  1912 D MccTable: updateMccMncConfiguration: mcc=310, mnc=260
02-20 20:30:23.070  1912  1912 D MccTable: updateMccMncConfiguration updateConfig config={1.0 310mcc260mnc ?localeList ?layoutDir ?swdp ?wdp ?hdp ?density ?lsize ?long ?orien ?uimode ?night ?touch ?keyb/?/? ?nav/?}
02-20 20:30:23.072  1674  1697 D ActivityManager: Finishing user boot 0
02-20 20:30:23.072  1674  1697 I sysui_histogram: [framework_locked_boot_completed,11]
02-20 20:30:23.072  1674  1697 D CryptdConnector: SND -> {3 cryptfs prepare_user_storage ! 0 0 2}
02-20 20:30:23.072  1267  1303 D vold    : e4crypt_prepare_user_storage for volume null, user 0, serial 0, flags 2
02-20 20:30:23.072  1267  1303 D vold    : Preparing: /data/system_ce/0
02-20 20:30:23.072  1267  1303 D vold    : Preparing: /data/misc_ce/0
02-20 20:30:23.072  1267  1303 D vold    : Preparing: /data/media/0
02-20 20:30:23.072  1267  1303 D vold    : Preparing: /data/data
02-20 20:30:23.072  1674  1722 D CryptdConnector: RCV <- {200 3 Command succeeded}
02-20 20:30:23.073  1674  1697 V UserManagerService: Found /data/user/0 with serial number 0
02-20 20:30:23.073  1674  1697 V UserManagerService: Found /data/system_ce/0 with serial number 0
02-20 20:30:23.073  1674  1697 V PackageManager: reconcileAppsData for null u0 0x2
02-20 20:30:23.086  2082  2082 W art     : Unexpected CPU variant for X86 using defaults: x86_64
02-20 20:30:23.086  2080  2080 I bootstat: Service started: /system/bin/bootstat --record_boot_complete 
02-20 20:30:23.088  2080  2080 I bootstat: Logging histogram: bootstat_mtime_matches_content 1
02-20 20:30:23.088  2080  2080 I sysui_histogram: [bootstat_mtime_matches_content,1]
02-20 20:30:23.108  2080  2080 I bootstat: Logging histogram: bootstat_mtime_matches_content 1
02-20 20:30:23.108  2080  2080 I sysui_histogram: [bootstat_mtime_matches_content,1]
02-20 20:30:23.108  2080  2080 I bootstat: Logging histogram: bootstat_mtime_matches_content 1
02-20 20:30:23.108  2080  2080 I sysui_histogram: [bootstat_mtime_matches_content,1]
02-20 20:30:23.110  1912  1931 D SubscriptionController: [getPhoneId]- no sims, returning default phoneId=2147483647
02-20 20:30:23.127  2089  2089 I bootstat: Service started: /system/bin/bootstat --record_boot_reason 
02-20 20:30:23.127  2089  2089 I bootstat: Unknown boot reason: 
02-20 20:30:23.140  2096  2096 I bootstat: Service started: /system/bin/bootstat --record_time_since_factory_reset 
02-20 20:30:23.140  2096  2096 I bootstat: Logging histogram: factory_reset_current_time 1519158623
02-20 20:30:23.140  2096  2096 I sysui_histogram: [factory_reset_current_time,1519158623]
02-20 20:30:23.151  2096  2096 I bootstat: Logging histogram: bootstat_mtime_matches_content 1
02-20 20:30:23.151  2096  2096 I sysui_histogram: [bootstat_mtime_matches_content,1]
02-20 20:30:23.151  2096  2096 I bootstat: Logging histogram: factory_reset_record_value 1519154248
02-20 20:30:23.151  2096  2096 I sysui_histogram: [factory_reset_record_value,1519154248]
02-20 20:30:23.171  1674  1697 V PackageManager: reconcileAppsData finished 100 packages
02-20 20:30:23.172  1674  1787 I configuration_changed: 3
02-20 20:30:23.172  1674  1787 I ActivityManager: Config changes=3 {1.0 310mcc260mnc [en_US] ldltr sw360dp w360dp h668dp 640dpi nrml long port finger -keyb/v/h -nav/h s.5}
02-20 20:30:23.175  1674  1787 I am_relaunch_resume_activity: [0,30380324,1,com.android.settings/.FallbackHome]
02-20 20:30:23.176  1919  1919 I am_on_paused_called: [0,com.android.settings.FallbackHome,handleRelaunchActivity]
02-20 20:30:23.176  1919  1981 D EGL_emulation: eglMakeCurrent: 0x72ca8bb74660: ver 3 0 (tinfo 0x72ca8bbe0fa0)
02-20 20:30:23.177  1919  1919 I am_on_stop_called: [0,com.android.settings.FallbackHome,destroy]
02-20 20:30:23.177  1674  1690 D MountService: onUnlockUser 0
02-20 20:30:23.177  1674  1690 D VoldConnector: SND -> {7 volume user_started 0}
02-20 20:30:23.178  1674  1944 I am_proc_bound: [0,2082,com.google.android.ext.services]
02-20 20:30:23.179  1267  1302 D vold    : Linking /storage/emulated/0 to /mnt/user/0/primary
02-20 20:30:23.179  1674  1721 D VoldConnector: RCV <- {200 7 Command succeeded}
02-20 20:30:23.183  1674  1720 D MountService: Volume public:253,64 broadcasting mounted to UserHandle{0}
02-20 20:30:23.204  1674  1720 D MountService: Volume emulated broadcasting mounted to UserHandle{0}
02-20 20:30:23.204  1674  1686 I StatusBarManagerService: registerStatusBar bar=com.android.internal.statusbar.IStatusBar$Stub$Proxy@6610d5a
02-20 20:30:23.205  1912  1912 D SIMRecords: [SIMRecords] onRecordLoaded 9 requested: true
02-20 20:30:23.205  1912  1912 D SIMRecords: [SIMRecords] EF_MWIS : 0000000000
02-20 20:30:23.205  1912  1912 D SIMRecords: [SIMRecords] onRecordLoaded 8 requested: true
02-20 20:30:23.205  1912  1912 D SIMRecords: [SIMRecords] EF_CPHS_MWI: 55
02-20 20:30:23.205  1912  1912 D SIMRecords: [SIMRecords] onRecordLoaded 7 requested: true
02-20 20:30:23.205  1912  1912 D SIMRecords: [SIMRecords] EF_CFF_CPHS: 55
02-20 20:30:23.205  1912  1912 D SIMRecords: [SIMRecords] onRecordLoaded 6 requested: true
02-20 20:30:23.205  1912  1912 D SIMRecords: [SIMRecords] onRecordLoaded 5 requested: true
02-20 20:30:23.205  1912  1912 D SIMRecords: [SIMRecords] SST: UsimServiceTable[120]={ PHONEBOOK, FDN, FDN_EXTENSION, SDN, SDN_EXTENSION, BDN, BDN_EXTENSION, OUTGOING_CALL_INFO, ADVICE_OF_CHARGE, CAP_CONFIG_PARAMS_2, GROUP_ID_LEVEL_1, GROUP_ID_LEVEL_2, SPN, USER_PLMN_SELECT, MSISDN, IMAGE, LOCALISED_SERVICE_AREAS, EMLPP, EMLPP_AUTO_ANSWER, RFU, GSM_ACCESS, DATA_DL_VIA_SMS_PP, DATA_DL_VIA_SMS_CB, CALL_CONTROL_BY_USIM, MO_SMS_CONTROL_BY_USIM, RUN_AT_COMMAND, APN_CONTROL_LIST, DEPERSONALISATION_CONTROL_KEYS, COOPERATIVE_NETWORK_LIST, GSM_SECURITY_CONTEXT, SERVICE_PROVIDER_DISPLAY_INFO, MMS_NOTIFICATION, MMS_NOTIFICATION_EXTENSION, GPRS_CALL_CONTROL_BY_USIM, VGCS_GROUP_ID_LIST, VBS_GROUP_ID_LIST, OMA_BCAST_PROFILE, GBA_LOCAL_KEY_ESTABLISHMENT, #101, #102, #103, #104, #105, #106, #107, #108, #109, #110 }
02-20 20:30:23.205  1912  1912 D SIMRecords: [SIMRecords] onRecordLoaded 4 requested: true
02-20 20:30:23.205  1912  1912 D SIMRecords: [SIMRecords] iCPHS: 0233
02-20 20:30:23.205  1912  1912 D SIMRecords: [SIMRecords] onRecordLoaded 3 requested: true
02-20 20:30:23.205  1912  1912 D RILJ    : [3734]> iccIO: SIM_IO 0xb0 0x6f14  path: 3F007F20,0,0,20 aid: null [SUB0]
02-20 20:30:23.206  1912  1912 D RuimRecords: [RuimRecords] iccid: 89014103211118510720
02-20 20:30:23.206  1912  1912 D RuimRecords: [RuimRecords] onRecordLoaded 0 requested: true
02-20 20:30:23.206  1912  1912 D RuimRecords: [RuimRecords] record load complete
02-20 20:30:23.206  1912  1912 D SIMRecords: [SIMRecords] MSISDN: [t-WgLegCyIMgfHgPkOdM6pkZbpA]
02-20 20:30:23.206  1912  1912 D SIMRecords: [SIMRecords] onRecordLoaded 2 requested: true
02-20 20:30:23.206  1912  1912 D RILJ    : [3735]> iccIO: SIM_IO 0xb2 0x6fc7  path: 3F007F20,1,4,32 aid: null [SUB0]
02-20 20:30:23.206  1374  1501 D RIL     : onRequest: SIM_IO
02-20 20:30:23.206  1374  1501 D AT      : AT> AT+CRSM=176,28436,0,0,20
02-20 20:30:23.206  1374  1503 D AT      : AT< +CRSM: 144,0,416e64726f6964ffffffffffffffffffffffffff
02-20 20:30:23.206  1374  1503 D AT      : AT< OK
02-20 20:30:23.206  1912  2011 D RILJ    : [3734]< SIM_IO IccIoResponse sw1:0x90 sw2:0x0 [SUB0]
02-20 20:30:23.206  1374  1501 D RIL     : onRequest: SIM_IO
02-20 20:30:23.206  1374  1501 D AT      : AT> AT+CRSM=178,28615,1,4,32
02-20 20:30:23.206  1374  1503 D AT      : AT< +CRSM: 144,0,566f6963656d61696cffffffffffffffffff07915155125740f9ffffffffffff
02-20 20:30:23.206  1374  1503 D AT      : AT< OK
02-20 20:30:23.206  1912  2011 D RILJ    : [3735]< SIM_IO IccIoResponse sw1:0x90 sw2:0x0 [SUB0]
02-20 20:30:23.207  1912  1912 D SIMRecords: [SIMRecords] getServiceProviderName: no brandOverride, providerName=Android
02-20 20:30:23.207  1912  1912 D SIMRecords: [SIMRecords] Load EF_SPN_CPHS: Android
02-20 20:30:23.207  1912  1912 D TelephonyManager: setTelephonyProperty: success phoneId=0 property=gsm.sim.operator.alpha value: Android propVal=Android
02-20 20:30:23.018  2080  2080 I auditd  : type=1400 audit(0.0:11): avc: denied { getattr } for comm="bootstat" path="/vendor" dev="rootfs" ino=64 scontext=u:r:bootstat:s0 tcontext=u:object_r:rootfs:s0 tclass=lnk_file permissive=0
02-20 20:30:23.018  2080  2080 W bootstat: type=1400 audit(0.0:11): avc: denied { getattr } for path="/vendor" dev="rootfs" ino=64 scontext=u:r:bootstat:s0 tcontext=u:object_r:rootfs:s0 tclass=lnk_file permissive=0
02-20 20:30:23.118  2089  2089 I auditd  : type=1400 audit(0.0:12): avc: denied { getattr } for comm="bootstat" path="/vendor" dev="rootfs" ino=64 scontext=u:r:bootstat:s0 tcontext=u:object_r:rootfs:s0 tclass=lnk_file permissive=0
02-20 20:30:23.118  2089  2089 W bootstat: type=1400 audit(0.0:12): avc: denied { getattr } for path="/vendor" dev="rootfs" ino=64 scontext=u:r:bootstat:s0 tcontext=u:object_r:rootfs:s0 tclass=lnk_file permissive=0
02-20 20:30:23.223  1919  1919 I am_on_resume_called: [0,com.android.settings.FallbackHome,handleRelaunchActivity]
02-20 20:30:23.230  2082  2082 W System  : ClassLoader referenced unknown path: /system/priv-app/GoogleExtServices/lib/x86_64
02-20 20:30:23.246  2098  2098 I bootstat: Service started: /system/bin/bootstat -l 
02-20 20:30:23.246  2098  2098 I bootstat: Logging histogram: bootstat_mtime_matches_content 1
02-20 20:30:23.246  2098  2098 I sysui_histogram: [bootstat_mtime_matches_content,1]
02-20 20:30:23.246  2098  2098 I bootstat: Logging histogram: bootstat_mtime_matches_content 1
02-20 20:30:23.246  2098  2098 I sysui_histogram: [bootstat_mtime_matches_content,1]
02-20 20:30:23.246  2098  2098 I bootstat: Logging histogram: bootstat_mtime_matches_content 1
02-20 20:30:23.246  2098  2098 I sysui_histogram: [bootstat_mtime_matches_content,1]
