02-20 20:31:32.749     0     0 E init    : do_stop: Service akmd not found
02-20 20:31:32.749     0     0 I init    : Starting service 'console'...
02-20 20:31:32.749     0     0 I init    : write_file: Unable to open '/sys/class/android_usb/android0/enable': No such file or directory
02-20 20:31:32.749     0     0 I init    : write_file: Unable to open '/sys/class/android_usb/android0/idVendor': No such file or directory
02-20 20:31:32.749     0     0 I init    : write_file: Unable to open '/sys/class/android_usb/android0/idProduct': No such file or directory
02-20 20:31:32.749     0     0 I init    : write_file: Unable to open '/sys/class/android_usb/android0/functions': No such file or directory
02-20 20:31:32.749     0     0 I init    : write_file: Unable to open '/sys/class/android_usb/android0/enable': No such file or directory
02-20 20:31:32.749     0     0 I init    : Starting service 'adbd'...
02-20 20:31:32.749     0     0 I init    : Starting service 'exec 2 (/system/bin/vdc)'...
02-20 20:31:32.756     0     0 I init    : Service 'logd-reinit' (pid 1306) exited with status 0
02-20 20:31:32.756     0     0 I binder  : 1307:1307 transaction failed 29189, size 0-0
02-20 20:31:32.761  1267  1303 D VoldCryptCmdListener: cryptfs mountdefaultencrypted
02-20 20:31:32.764  1309  1309 I qemu-props: connected to 'boot-properties' qemud service.
02-20 20:31:32.764  1309  1309 I qemu-props: receiving..
02-20 20:31:32.764  1309  1309 I qemu-props: received: ro.opengles.version=196608
02-20 20:31:32.765  1267  1317 I Cryptfs : cryptfs_check_passwd
02-20 20:31:32.766  1267  1317 D Cryptfs : crypt_ftr->fs_size = 2097152
02-20 20:31:32.766  1267  1317 I Cryptfs : Using scrypt for cryptfs KDF
02-20 20:31:32.768  1309  1309 I qemu-props: receiving..
02-20 20:31:32.768  1309  1309 I qemu-props: received: qemu.sf.fake_camera=back
02-20 20:31:32.768     0     0 I init    : Service 'exec 2 (/system/bin/vdc)' (pid 1315) exited with status 0
02-20 20:31:32.769  1310  1310 I lowmemorykiller: Using in-kernel low memory killer interface
02-20 20:31:32.770     0     0 I init    : write_file: Unable to open '/sys/class/android_usb/android0/enable': No such file or directory
02-20 20:31:32.773  1309  1309 I qemu-props: receiving..
02-20 20:31:32.773  1309  1309 I qemu-props: received: dalvik.vm.heapsize=512m
02-20 20:31:32.773     0     0 I init    : write_file: Unable to open '/sys/class/android_usb/android0/idVendor': No such file or directory
02-20 20:31:32.774  1309  1309 I qemu-props: receiving..
02-20 20:31:32.774  1309  1309 I qemu-props: received: qemu.hw.mainkeys=0
02-20 20:31:32.774     0     0 I init    : write_file: Unable to open '/sys/class/android_usb/android0/idProduct': No such file or directory
02-20 20:31:32.775  1309  1309 I qemu-props: receiving..
02-20 20:31:32.775  1309  1309 I qemu-props: received: qemu.sf.lcd_density=640
02-20 20:31:32.775     0     0 I init    : write_file: Unable to open '/sys/class/android_usb/android0/functions': No such file or directory
02-20 20:31:32.776  1309  1309 I qemu-props: receiving..
02-20 20:31:32.776  1309  1309 I qemu-props: exiting (5 properties set).
02-20 20:31:32.776     0     0 I init    : write_file: Unable to open '/sys/class/android_usb/android0/enable': No such file or directory
02-20 20:31:32.777     0     0 I init    : Service 'qemu-props' (pid 1309) exited with status 0
02-20 20:31:32.779     0     0 I init    : write_file: Unable to open '/sys/class/android_usb/android0/enable': No such file or directory
02-20 20:31:32.781     0     0 I init    : write_file: Unable to open '/sys/class/android_usb/android0/idVendor': No such file or directory
02-20 20:31:32.782     0     0 I init    : write_file: Unable to open '/sys/class/android_usb/android0/idProduct': No such file or directory
02-20 20:31:32.783     0     0 I init    : write_file: Unable to open '/sys/class/android_usb/android0/functions': No such file or directory
02-20 20:31:32.784     0     0 I init    : write_file: Unable to open '/sys/class/android_usb/android0/enable': No such file or directory
02-20 20:31:32.795     0     0 I init    : Service 'ranchu-setup' (pid 1308) exited with status 0
02-20 20:31:32.831  1312  1312 I SurfaceFlinger: SurfaceFlinger is starting
02-20 20:31:32.831  1312  1312 I SurfaceFlinger: SurfaceFlinger's main thread ready to run. Initializing graphics H/W...
02-20 20:31:32.831  1312  1312 D libEGL  : Emulator has host GPU support, qemu.gles is set to 1.
02-20 20:31:32.832  1312  1312 E libEGL  : load_driver(/system/lib64/egl/libGLES_emulation.so): dlopen failed: library "/system/lib64/egl/libGLES_emulation.so" not found
02-20 20:31:32.839  1312  1312 D libEGL  : loaded /system/lib64/egl/libEGL_emulation.so
02-20 20:31:32.841  1312  1312 D libEGL  : loaded /system/lib64/egl/libGLESv1_CM_emulation.so
02-20 20:31:32.846  1312  1312 D libEGL  : loaded /system/lib64/egl/libGLESv2_emulation.so
02-20 20:31:32.849  1312  1312 D         : HostConnection::get() New Host Connection established 0x70e9a542d540, tid 1312
02-20 20:31:32.853  1312  1312 E SurfaceFlinger: hwcomposer module not found
02-20 20:31:32.853  1312  1312 I SurfaceFlinger: EGL information:
02-20 20:31:32.853  1312  1312 I SurfaceFlinger: vendor    : Android
02-20 20:31:32.853  1312  1312 I SurfaceFlinger: version   : 1.4 Android META-EGL
02-20 20:31:32.853  1312  1312 I SurfaceFlinger: extensions: EGL_KHR_get_all_proc_addresses EGL_ANDROID_presentation_time EGL_KHR_swap_buffers_with_damage EGL_ANDROID_create_native_client_buffer EGL_ANDROID_front_buffer_auto_refresh EGL_KHR_image EGL_KHR_image_base EGL_KHR_gl_texture_2D_image EGL_KHR_fence_sync EGL_KHR_create_context EGL_ANDROID_image_native_buffer EGL_ANDROID_recordable 
02-20 20:31:32.853  1312  1312 I SurfaceFlinger: Client API: OpenGL_ES
02-20 20:31:32.853  1312  1312 I SurfaceFlinger: EGLSurface: 8-8-8-8, config=0x2
02-20 20:31:32.854  1312  1312 D EGL_emulation: eglCreateContext: 0x70e9a5442140: maj 3 min 0 rcv 3
02-20 20:31:32.856  1312  1312 D EGL_emulation: eglMakeCurrent: 0x70e9a5442140: ver 3 0 (tinfo 0x70e9a5465000)
02-20 20:31:32.860  1312  1312 I SurfaceFlinger: OpenGL ES informations:
02-20 20:31:32.860  1312  1312 I SurfaceFlinger: vendor    : Google (Google Inc.)
02-20 20:31:32.860  1312  1312 I SurfaceFlinger: renderer  : Android Emulator OpenGL ES Translator (Google SwiftShader)
02-20 20:31:32.860  1312  1312 I SurfaceFlinger: version   : OpenGL ES 3.0 (OpenGL ES 3.0 SwiftShader 4.0.0.0)
02-20 20:31:32.860  1312  1312 I SurfaceFlinger: extensions: GL_EXT_debug_marker GL_OES_EGL_image GL_OES_EGL_image_external GL_OES_depth24 GL_OES_depth32 GL_OES_element_index_uint GL_OES_texture_float GL_OES_texture_float_linear GL_OES_compressed_paletted_texture GL_OES_compressed_ETC1_RGB8_texture GL_OES_depth_texture GL_OES_texture_half_float GL_OES_texture_half_float_linear GL_OES_packed_depth_stencil GL_OES_vertex_half_float GL_OES_standard_derivatives GL_OES_texture_npot GL_OES_rgb8_rgba8 GL_EXT_color_buffer_float ANDROID_EMU_CHECKSUM_HELPER_v1 ANDROID_EMU_native_sync_v2 ANDROID_EMU_dma_v1 ANDROID_EMU_gles_max_version_3_0 GL_OES_vertex_array_object 
02-20 20:31:32.860  1312  1312 I SurfaceFlinger: GL_MAX_TEXTURE_SIZE = 8192
02-20 20:31:32.860  1312  1312 I SurfaceFlinger: GL_MAX_VIEWPORT_DIMS = 8192
02-20 20:31:32.861  1312  1312 D gralloc_ranchu: gralloc_alloc: Creating ashmem region of size 4096
02-20 20:31:32.878  1312  1312 D EGL_emulation: eglMakeCurrent: 0x70e9a5442140: ver 3 0 (tinfo 0x70e9a5465000)
02-20 20:31:32.942  1334  1334 I auditd  : type=1400 audit(0.0:5): avc: denied { getattr } for comm="bootanimation" path="/vendor" dev="rootfs" ino=4006 scontext=u:r:bootanim:s0 tcontext=u:object_r:rootfs:s0 tclass=lnk_file permissive=0
02-20 20:31:32.942  1334  1334 W bootanimation: type=1400 audit(0.0:5): avc: denied { getattr } for path="/vendor" dev="rootfs" ino=4006 scontext=u:r:bootanim:s0 tcontext=u:object_r:rootfs:s0 tclass=lnk_file permissive=0
02-20 20:31:32.953  1312  1312 D SurfaceFlinger: shader cache generated - 24 shaders in 74.081078 ms
02-20 20:31:32.953     0     0 I init    : Starting service 'bootanim'...
02-20 20:31:32.954  1312  1312 D SurfaceFlinger: Set power mode=2, type=0 flinger=0x70e9a5447000
02-20 20:31:32.967  1267  1317 I Cryptfs : Enabling support for allow_discards in dmcrypt.
02-20 20:31:32.968     0     0 I bio     : create slab <bio-1> at 1
02-20 20:31:32.969  1267  1271 D vold    : Disk at 252:0 changed
02-20 20:31:33.130  1267  1317 I Cryptfs : Password matches
02-20 20:31:33.130  1267  1317 D Cryptfs : test_mount_encrypted_fs(): Master key saved
02-20 20:31:33.131  1267  1317 I Cryptfs : keymaster module name is Keymaster OpenSSL HAL
02-20 20:31:33.131  1267  1317 I Cryptfs : keymaster version is 2
02-20 20:31:33.131  1267  1317 I Cryptfs : Found keymaster0 module, using keymaster0 API.
02-20 20:31:33.131  1267  1317 D Cryptfs : Password is default - restarting filesystem
02-20 20:31:33.132  1267  1317 D Cryptfs : unmounting /data succeeded
02-20 20:31:33.132     0     0 W EXT4-fs (dm-0): Ignoring removed nomblk_io_submit option
02-20 20:31:33.158  1312  1312 D gralloc_ranchu: gralloc_alloc: Creating ashmem region of size 4096
02-20 20:31:33.182     0     0 I EXT4-fs (dm-0): 2 orphan inodes deleted
02-20 20:31:33.182     0     0 I EXT4-fs (dm-0): recovery complete
02-20 20:31:33.192     0     0 I EXT4-fs (dm-0): mounted filesystem with ordered data mode. Opts: errors=remount-ro,nomblk_io_submit
02-20 20:31:33.193     0     0 D SELinux : initialized (dev dm-0, type ext4), uses xattr
02-20 20:31:33.193     0     0 I fs_mgr  : check_fs(): mount(/dev/block/dm-0,/data,ext4)=0: Success
02-20 20:31:33.195     0     0 I fs_mgr  : check_fs(): unmount(/data) succeeded
02-20 20:31:33.196     0     0 I fs_mgr  : Running /system/bin/e2fsck on /dev/block/dm-0
02-20 20:31:33.326  1312  1323 E SurfaceFlinger: ro.sf.lcd_density must be defined as a build property
02-20 20:31:33.328  1334  1355 D libEGL  : Emulator has host GPU support, qemu.gles is set to 1.
02-20 20:31:33.328  1334  1355 E libEGL  : load_driver(/system/lib64/egl/libGLES_emulation.so): dlopen failed: library "/system/lib64/egl/libGLES_emulation.so" not found
02-20 20:31:33.329  1334  1355 D libEGL  : loaded /system/lib64/egl/libEGL_emulation.so
02-20 20:31:33.330  1334  1355 D libEGL  : loaded /system/lib64/egl/libGLESv1_CM_emulation.so
02-20 20:31:33.334  1334  1355 D libEGL  : loaded /system/lib64/egl/libGLESv2_emulation.so
02-20 20:31:33.340  1334  1355 D         : HostConnection::get() New Host Connection established 0x7f530881d860, tid 1355
02-20 20:31:33.342  1312  1323 D         : HostConnection::get() New Host Connection established 0x70e9a4e1b360, tid 1323
02-20 20:31:33.358     0     0 I e2fsck  : e2fsck 1.42.9 (28-Dec-2013)
02-20 20:31:33.359     0     0 I e2fsck  : Pass 1: Checking inodes, blocks, and sizes
02-20 20:31:33.359     0     0 I e2fsck  : Pass 2: Checking directory structure
02-20 20:31:33.360     0     0 I e2fsck  : Pass 3: Checking directory connectivity
02-20 20:31:33.360     0     0 I e2fsck  : Pass 4: Checking reference counts
02-20 20:31:33.361     0     0 I e2fsck  : Pass 5: Checking group summary information
02-20 20:31:33.361     0     0 I e2fsck  : /dev/block/dm-0: 3392/65536 files (7.7% non-contiguous), 51892/262144 blocks
02-20 20:31:33.363     0     0 W EXT4-fs (dm-0): Ignoring removed nomblk_io_submit option
02-20 20:31:33.366     0     0 I EXT4-fs (dm-0): mounted filesystem with ordered data mode. Opts: nomblk_io_submit,errors=panic
02-20 20:31:33.366     0     0 D SELinux : initialized (dev dm-0, type ext4), uses xattr
02-20 20:31:33.366     0     0 I fs_mgr  : __mount(source=/dev/block/dm-0,target=/data,type=ext4)=0
02-20 20:31:33.367     0     0 I init    : (Loading properties from /data/local.prop took 0.00s.)
02-20 20:31:33.383  1334  1355 D EGL_emulation: eglCreateContext: 0x7f5308813640: maj 1 min 0 rcv 1
02-20 20:31:33.409  1334  1355 D EGL_emulation: eglMakeCurrent: 0x7f5308813640: ver 1 0 (tinfo 0x7f5308818140)
02-20 20:31:33.411     0     0 I init    : Starting service 'logd-reinit'...
02-20 20:31:33.413  1267  1317 D Cryptfs : Just triggered post_fs_data
02-20 20:31:33.414     0     0 I init    : Not bootcharting.
02-20 20:31:33.428     0     0 I logd.daemon: reinit
02-20 20:31:33.429     0     0 I init    : Service 'logd-reinit' (pid 1358) exited with status 0
02-20 20:31:33.446  1267  1303 D vold    : e4crypt_init_user0
02-20 20:31:33.446  1267  1303 D vold    : e4crypt_prepare_user_storage for volume null, user 0, serial 0, flags 1
02-20 20:31:33.446  1267  1303 D vold    : Preparing: /data/system/users/0
02-20 20:31:33.447  1267  1303 D vold    : Preparing: /data/misc/profiles/cur/0
02-20 20:31:33.447  1267  1303 D vold    : Preparing: /data/misc/profiles/cur/0/foreign-dex
02-20 20:31:33.447  1267  1303 D vold    : Preparing: /data/system_de/0
02-20 20:31:33.448  1267  1303 D vold    : Preparing: /data/misc_de/0
02-20 20:31:33.448  1267  1303 D vold    : Preparing: /data/user_de/0
02-20 20:31:33.448  1267  1303 D vold    : e4crypt_unlock_user_key 0 serial=0 token_present=0
02-20 20:31:33.449     1     1 I vdc     : 200 1359 Command succeeded
02-20 20:31:33.449     0     0 I init    : Starting service 'exec 3 (/system/bin/tzdatacheck)'...
02-20 20:31:33.452  1361  1361 I auditd  : type=1400 audit(0.0:6): avc: denied { getattr } for comm="bootstat" path="/vendor" dev="rootfs" ino=4006 scontext=u:r:bootstat:s0 tcontext=u:object_r:rootfs:s0 tclass=lnk_file permissive=0
02-20 20:31:33.452  1361  1361 W bootstat: type=1400 audit(0.0:6): avc: denied { getattr } for path="/vendor" dev="rootfs" ino=4006 scontext=u:r:bootstat:s0 tcontext=u:object_r:rootfs:s0 tclass=lnk_file permissive=0
02-20 20:31:33.452  1360  1360 I /system/bin/tzdatacheck: tzdata file /data/misc/zoneinfo/current/tzdata does not exist. No action required.
02-20 20:31:33.461     0     0 I init    : Service 'exec 3 (/system/bin/tzdatacheck)' (pid 1360) exited with status 0
02-20 20:31:33.462  1369  1369 I auditd  : type=1400 audit(0.0:7): avc: denied { getattr } for comm="mediacodec" path="/vendor" dev="rootfs" ino=4006 scontext=u:r:mediacodec:s0 tcontext=u:object_r:rootfs:s0 tclass=lnk_file permissive=0
02-20 20:31:33.462  1369  1369 W mediacodec: type=1400 audit(0.0:7): avc: denied { getattr } for path="/vendor" dev="rootfs" ino=4006 scontext=u:r:mediacodec:s0 tcontext=u:object_r:rootfs:s0 tclass=lnk_file permissive=0
02-20 20:31:33.463     0     0 I init    : Starting service 'exec 4 (/system/bin/bootstat)'...
02-20 20:31:33.463  1267  1317 D Cryptfs : post_fs_data done
02-20 20:31:33.463  1267  1317 D Cryptfs : Just triggered restart_framework
02-20 20:31:33.466  1361  1361 I bootstat: Service started: /system/bin/bootstat -r post_decrypt_time_elapsed 
02-20 20:31:33.467     0     0 I init    : Service 'exec 4 (/system/bin/bootstat)' (pid 1361) exited with status 0
02-20 20:31:33.467     0     0 E init    : cannot find '/system/bin/update_verifier' (No such file or directory), disabling 'exec 5 (/system/bin/update_verifier)'
02-20 20:31:33.468     0     0 E init    : cannot find '/system/bin/install-recovery.sh' (No such file or directory), disabling 'flash_recovery'
02-20 20:31:33.469     0     0 I init    : Starting service 'zygote'...
02-20 20:31:33.470     0     0 I init    : Starting service 'zygote_secondary'...
02-20 20:31:33.470     0     0 I init    : Starting service 'audioserver'...
02-20 20:31:33.471     0     0 I init    : Starting service 'cameraserver'...
02-20 20:31:33.472  1370  1370 I auditd  : type=1400 audit(0.0:8): avc: denied { getattr } for comm="mediadrmserver" path="/vendor" dev="rootfs" ino=4006 scontext=u:r:mediadrmserver:s0 tcontext=u:object_r:rootfs:s0 tclass=lnk_file permissive=0
02-20 20:31:33.472  1370  1370 W mediadrmserver: type=1400 audit(0.0:8): avc: denied { getattr } for path="/vendor" dev="rootfs" ino=4006 scontext=u:r:mediadrmserver:s0 tcontext=u:object_r:rootfs:s0 tclass=lnk_file permissive=0
02-20 20:31:33.472  1365  1365 I auditd  : type=1400 audit(0.0:9): avc: denied { getattr } for comm="cameraserver" path="/vendor" dev="rootfs" ino=4006 scontext=u:r:cameraserver:s0 tcontext=u:object_r:rootfs:s0 tclass=lnk_file permissive=0
02-20 20:31:33.472  1365  1365 W cameraserver: type=1400 audit(0.0:9): avc: denied { getattr } for path="/vendor" dev="rootfs" ino=4006 scontext=u:r:cameraserver:s0 tcontext=u:object_r:rootfs:s0 tclass=lnk_file permissive=0
02-20 20:31:33.472  1364  1364 I auditd  : type=1400 audit(0.0:10): avc: denied { getattr } for comm="audioserver" path="/vendor" dev="rootfs" ino=4006 scontext=u:r:audioserver:s0 tcontext=u:object_r:rootfs:s0 tclass=lnk_file permissive=0
02-20 20:31:33.472  1364  1364 W audioserver: type=1400 audit(0.0:10): avc: denied { getattr } for path="/vendor" dev="rootfs" ino=4006 scontext=u:r:audioserver:s0 tcontext=u:object_r:rootfs:s0 tclass=lnk_file permissive=0
02-20 20:31:33.472     0     0 I init    : Starting service 'drm'...
02-20 20:31:33.472     0     0 I init    : Starting service 'installd'...
02-20 20:31:33.473     0     0 I init    : Starting service 'keystore'...
02-20 20:31:33.474     0     0 I init    : Starting service 'mediacodec'...
02-20 20:31:33.474     0     0 I init    : Starting service 'mediadrm'...
02-20 20:31:33.474     0     0 I init    : Starting service 'mediaextractor'...
02-20 20:31:33.475     0     0 I init    : Starting service 'media'...
02-20 20:31:33.475     0     0 I init    : Starting service 'netd'...
02-20 20:31:33.476     0     0 I init    : Starting service 'ril-daemon'...
02-20 20:31:33.476     0     0 I init    : Starting service 'ranchu-net'...
02-20 20:31:33.477     0     0 I init    : Starting service 'fingerprintd'...
02-20 20:31:33.477     0     0 I init    : Starting service 'gatekeeperd'...
02-20 20:31:33.479     0     0 E init    : couldn't write 1365 to /dev/cpuset/camera-daemon/tasks: No such file or directory
02-20 20:31:33.539  1368  1368 I keystore: Found keymaster0 module Keymaster OpenSSL HAL, version 2
02-20 20:31:33.539  1368  1368 I SoftKeymaster: system/keymaster/soft_keymaster_device.cpp, Line 131: Creating device
02-20 20:31:33.539  1368  1368 D SoftKeymaster: system/keymaster/soft_keymaster_device.cpp, Line 132: Device address: 0x75525c63d000
02-20 20:31:33.539  1368  1368 I keystore: Keymaster0 module is software-only.  Using SoftKeymasterDevice instead.
02-20 20:31:33.539  1368  1368 I SoftKeymaster: system/keymaster/soft_keymaster_device.cpp, Line 131: Creating device
02-20 20:31:33.539  1368  1368 D SoftKeymaster: system/keymaster/soft_keymaster_device.cpp, Line 132: Device address: 0x75525c63d400
02-20 20:31:33.543  1367  1367 I         : installd firing up
02-20 20:31:33.578  1376  1376 I fingerprintd: Starting fingerprintd
02-20 20:31:33.609  1377  1377 I gatekeeperd: Starting gatekeeperd...
02-20 20:31:33.609  1377  1377 W gatekeeperd: falling back to software GateKeeper
02-20 20:31:33.677  1362  1362 D AndroidRuntime: >>>>>> START com.android.internal.os.ZygoteInit uid 0 <<<<<<
02-20 20:31:33.677  1362  1362 I boot_progress_start: 2677
--------- beginning of radio
02-20 20:31:33.687  1374  1374 D RILD    : **RIL Daemon Started**
02-20 20:31:33.687  1374  1374 D RILD    : **RILd param count=1**
02-20 20:31:33.691  1362  1362 D AndroidRuntime: CheckJNI is ON
02-20 20:31:33.693  1373  1373 I Netd    : Netd 1.0 starting
02-20 20:31:33.694  1373  1373 D TetherController: Setting IP forward enable = 0
02-20 20:31:33.695  1362  1362 I art     : option[0]=-Xzygote
02-20 20:31:33.695  1362  1362 I art     : option[1]=-Xcheck:jni
02-20 20:31:33.695  1362  1362 I art     : option[2]=-Xstacktracefile:/data/anr/traces.txt
02-20 20:31:33.695  1362  1362 I art     : option[3]=exit
02-20 20:31:33.695  1362  1362 I art     : option[4]=vfprintf
02-20 20:31:33.695  1362  1362 I art     : option[5]=sensitiveThread
02-20 20:31:33.695  1362  1362 I art     : option[6]=-verbose:gc
02-20 20:31:33.695  1362  1362 I art     : option[7]=-Xms4m
02-20 20:31:33.695  1362  1362 I art     : option[8]=-Xmx512m
02-20 20:31:33.695  1362  1362 I art     : option[9]=-Xusejit:true
02-20 20:31:33.695  1362  1362 I art     : option[10]=-Xjitsaveprofilinginfo
02-20 20:31:33.695  1362  1362 I art     : option[11]=-agentlib:jdwp=transport=dt_android_adb,suspend=n,server=y
02-20 20:31:33.695  1362  1362 I art     : option[12]=-Xlockprofthreshold:500
02-20 20:31:33.695  1362  1362 I art     : option[13]=-Ximage-compiler-option
02-20 20:31:33.695  1362  1362 I art     : option[14]=--runtime-arg
02-20 20:31:33.695  1362  1362 I art     : option[15]=-Ximage-compiler-option
02-20 20:31:33.695  1362  1362 I art     : option[16]=-Xms64m
02-20 20:31:33.695  1362  1362 I art     : option[17]=-Ximage-compiler-option
02-20 20:31:33.695  1362  1362 I art     : option[18]=--runtime-arg
02-20 20:31:33.695  1362  1362 I art     : option[19]=-Ximage-compiler-option
02-20 20:31:33.695  1362  1362 I art     : option[20]=-Xmx64m
02-20 20:31:33.695  1362  1362 I art     : option[21]=-Ximage-compiler-option
02-20 20:31:33.695  1362  1362 I art     : option[22]=--image-classes=/system/etc/preloaded-classes
02-20 20:31:33.695  1362  1362 I art     : option[23]=-Ximage-compiler-option
02-20 20:31:33.695  1362  1362 I art     : option[24]=--compiled-classes=/system/etc/compiled-classes
02-20 20:31:33.695  1362  1362 I art     : option[25]=-Xcompiler-option
02-20 20:31:33.695  1362  1362 I art     : option[26]=--runtime-arg
02-20 20:31:33.695  1362  1362 I art     : option[27]=-Xcompiler-option
02-20 20:31:33.695  1362  1362 I art     : option[28]=-Xms64m
02-20 20:31:33.695  1362  1362 I art     : option[29]=-Xcompiler-option
02-20 20:31:33.695  1362  1362 I art     : option[30]=--runtime-arg
02-20 20:31:33.695  1362  1362 I art     : option[31]=-Xcompiler-option
02-20 20:31:33.695  1362  1362 I art     : option[32]=-Xmx512m
02-20 20:31:33.695  1362  1362 I art     : option[33]=-Ximage-compiler-option
02-20 20:31:33.695  1362  1362 I art     : option[34]=--instruction-set-variant=x86_64
02-20 20:31:33.696  1362  1362 I art     : option[35]=-Xcompiler-option
02-20 20:31:33.696  1362  1362 I art     : option[36]=--instruction-set-variant=x86_64
02-20 20:31:33.696  1362  1362 I art     : option[37]=-Ximage-compiler-option
02-20 20:31:33.696  1362  1362 I art     : option[38]=--instruction-set-features=default
02-20 20:31:33.696  1362  1362 I art     : option[39]=-Xcompiler-option
02-20 20:31:33.696  1362  1362 I art     : option[40]=--instruction-set-features=default
02-20 20:31:33.696  1362  1362 I art     : option[41]=-Duser.locale=en-US
02-20 20:31:33.696  1362  1362 I art     : option[42]=--cpu-abilist=x86_64
02-20 20:31:33.696  1362  1362 I art     : option[43]=-Xfingerprint:Android/sdk_google_phone_x86_64/generic_x86_64:7.1.1/NYC/4498512:userdebug/test-keys
02-20 20:31:33.758     0     0 W healthd : BatteryVoltagePath not found
02-20 20:31:33.758     0     0 W healthd : BatteryTemperaturePath not found
02-20 20:31:33.758     0     0 W healthd : BatteryCurrentNowPath not found
02-20 20:31:33.759     0     0 W healthd : BatteryFullChargePath not found
02-20 20:31:33.759     0     0 W healthd : BatteryCycleCountPath not found
02-20 20:31:33.882     0     0 I init    : Starting service 'perfprofd'...
02-20 20:31:33.956  1365  1365 I cameraserver: ServiceManager: 0xe8fbc020
02-20 20:31:33.957  1365  1365 I CameraService: CameraService started (pid=1365)
02-20 20:31:33.957  1365  1365 I CameraService: CameraService process starting
02-20 20:31:33.957  1365  1365 W BatteryNotifier: batterystats service unavailable!
02-20 20:31:33.957  1365  1365 W BatteryNotifier: batterystats service unavailable!
02-20 20:31:33.967  1365  1365 D EmulatedCamera_QemuClient: Emulated camera list: 
02-20 20:31:33.967  1365  1365 D EmulatedCamera_FakeCamera: Initialize: Fake camera is facing back
02-20 20:31:33.967  1365  1365 V EmulatedCamera_Device: initializeWhiteBalanceModes with auto, 1.000000, 1.000000
02-20 20:31:33.967  1365  1365 V EmulatedCamera_Device: initializeWhiteBalanceModes with incandescent, 1.380000, 0.600000
02-20 20:31:33.967  1365  1365 V EmulatedCamera_Device: initializeWhiteBalanceModes with daylight, 1.090000, 0.920000
02-20 20:31:33.967  1365  1365 V EmulatedCamera_Device: initializeWhiteBalanceModes with twilight, 0.920000, 1.220000
02-20 20:31:33.967  1365  1365 V EmulatedCamera_Device: setWhiteBalanceMode with white balance auto
02-20 20:31:33.967  1365  1365 E EmulatedCamera_Factory: 1 cameras are being emulated. 0 of them are fake cameras.
02-20 20:31:33.967  1365  1365 E EmulatedCamera_HotplugThread: createFileIfNotExists: Could not create file '/data/misc/media/emulator.camera.hotplug.0', error: 'Permission denied' (13)
02-20 20:31:33.968  1365  1365 I CameraService: Loaded "Emulated Camera Module" camera module
02-20 20:31:33.968  1365  1365 E CameraService: setUpVendorTags: Vendor tag operations not fully defined. Ignoring definitions.
02-20 20:31:33.968  1365  1365 V EmulatedCamera_Camera: getCameraInfo
02-20 20:31:33.968  1365  1365 V EmulatedCamera_BaseCamera: getCameraInfo
02-20 20:31:33.968  1365  1365 I CameraFlashlight: Opening camera 0
02-20 20:31:33.968  1365  1365 V EmulatedCamera_Camera: getCameraInfo
02-20 20:31:33.968  1365  1365 V EmulatedCamera_BaseCamera: getCameraInfo
02-20 20:31:33.968  1365  1365 V EmulatedCamera_Camera: connectCamera
02-20 20:31:33.968  1365  1365 V EmulatedCamera_FakeDevice: connectDevice
02-20 20:31:33.968  1365  1365 V EmulatedCamera_CallbackNotifier: setCallbacks: 0xe98bee80, 0xe98beed0, 0xe98beff0, 0xe98bf110 (0xe8fc3140)
02-20 20:31:33.970  1365  1365 V EmulatedCamera_Preview: setPreviewWindow: current: 0x0 -> new: 0xe8fc3150
02-20 20:31:33.970  1365  1365 V EmulatedCamera_Preview: setPreviewWindow: current: 0xe8fc3150 -> new: 0x0
02-20 20:31:33.970  1365  1365 V EmulatedCamera_Camera: doStopPreview
02-20 20:31:33.970  1365  1365 V EmulatedCamera_Preview: setPreviewWindow: current: 0x0 -> new: 0x0
02-20 20:31:33.970  1365  1365 V EmulatedCamera_Camera: releaseCamera
02-20 20:31:33.970  1365  1365 V EmulatedCamera_Camera: doStopPreview
02-20 20:31:33.970  1365  1365 V EmulatedCamera_FakeDevice: disconnectDevice
02-20 20:31:33.970  1365  1365 W EmulatedCamera_Device: Initialize: Emulated camera device is already initialized: mState = 1
02-20 20:31:33.970  1365  1365 D EmulatedCamera_FakeCamera: Initialize: Fake camera is facing back
02-20 20:31:33.970  1365  1365 V EmulatedCamera_Device: initializeWhiteBalanceModes with auto, 1.000000, 1.000000
02-20 20:31:33.970  1365  1365 V EmulatedCamera_Device: initializeWhiteBalanceModes with incandescent, 1.380000, 0.600000
02-20 20:31:33.970  1365  1365 V EmulatedCamera_Device: initializeWhiteBalanceModes with daylight, 1.090000, 0.920000
02-20 20:31:33.970  1365  1365 V EmulatedCamera_Device: initializeWhiteBalanceModes with twilight, 0.920000, 1.220000
02-20 20:31:33.970  1365  1365 V EmulatedCamera_Device: setWhiteBalanceMode with white balance auto
02-20 20:31:33.970  1365  1365 I CameraFlashlight: Destroying camera 0
02-20 20:31:33.970  1365  1365 V EmulatedCamera_Camera: closeCamera
02-20 20:31:33.970  1365  1365 V EmulatedCamera_Camera: doStopPreview
02-20 20:31:33.970  1365  1365 W EmulatedCamera_Device: Initialize: Emulated camera device is already initialized: mState = 1
02-20 20:31:33.970  1365  1365 D EmulatedCamera_FakeCamera: Initialize: Fake camera is facing back
02-20 20:31:33.970  1365  1365 V EmulatedCamera_Device: initializeWhiteBalanceModes with auto, 1.000000, 1.000000
02-20 20:31:33.970  1365  1365 V EmulatedCamera_Device: initializeWhiteBalanceModes with incandescent, 1.380000, 0.600000
02-20 20:31:33.970  1365  1365 V EmulatedCamera_Device: initializeWhiteBalanceModes with daylight, 1.090000, 0.920000
02-20 20:31:33.970  1365  1365 V EmulatedCamera_Device: initializeWhiteBalanceModes with twilight, 0.920000, 1.220000
02-20 20:31:33.970  1365  1365 V EmulatedCamera_Device: setWhiteBalanceMode with white balance auto
02-20 20:31:33.970  1365  1365 V EmulatedCamera_Camera: getCameraInfo
02-20 20:31:33.970  1365  1365 V EmulatedCamera_BaseCamera: getCameraInfo
02-20 20:31:33.971  1365  1365 I ServiceManager: Waiting for service media.camera.proxy...
02-20 20:31:33.986  1410  1410 I perfprofd: starting Android Wide Profiling daemon
02-20 20:31:34.005  1369  1369 I mediacodec: @@@ mediacodecservice starting
02-20 20:31:34.007  1369  1369 W         : No seccomp filter defined for this architecture.
02-20 20:31:34.012  1410  1410 I perfprofd: random seed set to 2781582065
02-20 20:31:34.071     0     0 I IPv6    : ADDRCONF(NETDEV_UP): radio0-peer: link is not ready
02-20 20:31:34.124  1364  1364 I         : sMaxFastTracks = 8
02-20 20:31:34.125  1364  1364 I audioserver: ServiceManager: 0xf34bc020
02-20 20:31:34.125  1364  1364 W BatteryNotifier: batterystats service unavailable!
02-20 20:31:34.125  1364  1364 I AudioFlinger: Using default 3000 mSec as standby time.
02-20 20:31:34.125  1364  1364 I AudioPolicyService: AudioPolicyService CSTOR in new mode
02-20 20:31:34.134  1364  1364 I APM::ConfigParsingUtils: loadAudioPolicyConfig() loaded /system/etc/audio_policy.conf
02-20 20:31:34.138     0     0 I init    : Starting service 'dhcpclient_rtr'...
02-20 20:31:34.140  1364  1364 D audio_hw_generic: Emulator host-side ALSA audio emulation detected.
02-20 20:31:34.140  1364  1364 D audio_hw_generic: mixer 0 name Master Playback Volume
02-20 20:31:34.140  1364  1364 D audio_hw_generic: set ctl 0 to 100
02-20 20:31:34.140  1364  1364 D audio_hw_generic: set ctl 1 to 100
02-20 20:31:34.140  1364  1364 D audio_hw_generic: mixer 1 name Master Playback Switch
02-20 20:31:34.140  1364  1364 D audio_hw_generic: set ctl 0 to 1
02-20 20:31:34.140  1364  1364 D audio_hw_generic: set ctl 1 to 1
02-20 20:31:34.140  1364  1364 D audio_hw_generic: mixer 2 name Capture Volume
02-20 20:31:34.140  1364  1364 D audio_hw_generic: set ctl 0 to 100
02-20 20:31:34.140  1364  1364 D audio_hw_generic: set ctl 1 to 100
02-20 20:31:34.140  1364  1364 D audio_hw_generic: mixer 3 name Capture Switch
02-20 20:31:34.140  1364  1364 D audio_hw_generic: set ctl 0 to 1
02-20 20:31:34.140  1364  1364 D audio_hw_generic: set ctl 1 to 1
02-20 20:31:34.140  1364  1364 D audio_hw_generic: mixer 4 name Line Phantom Jack
02-20 20:31:34.140  1364  1364 D audio_hw_generic: mixer 5 name Line Out Phantom Jack
02-20 20:31:34.140  1364  1364 D audio_hw_generic: mixer 6 name Playback Channel Map
02-20 20:31:34.140  1364  1364 D audio_hw_generic: mixer 7 name Capture Channel Map
02-20 20:31:34.141  1364  1364 I AudioFlinger: loadHwModule() Loaded primary audio interface from Generic audio HW HAL (audio) handle 10
02-20 20:31:34.141  1364  1364 I AudioFlinger: openOutput(), module 10 Device 2, SamplingRate 48000, Format 0x000001, Channels 3, flags 2
02-20 20:31:34.163  1364  1364 I AudioFlinger: HAL output buffer size 720 frames, normal sink buffer size 1152 frames
02-20 20:31:34.192  1370  1370 I mediaserver: ServiceManager: 0xe86bc0a0
02-20 20:31:34.205  1364  1364 I BufferProvider: found effect "Multichannel Downmix To Stereo" from The Android Open Source Project
02-20 20:31:34.206  1364  1364 I AudioFlinger: Using module 10 has the primary audio interface
02-20 20:31:34.207  1372  1372 I mediaserver: ServiceManager: 0xf173c0a0
02-20 20:31:34.211  1364  1431 I AudioFlinger: AudioFlinger's thread 0xf2f03380 ready to run
02-20 20:31:34.214  1364  1431 W BatteryNotifier: batterystats service unavailable!
02-20 20:31:34.214  1364  1431 W BatteryNotifier: batterystats service unavailable!
02-20 20:31:34.214  1364  1431 W BatteryNotifier: batterystats service unavailable!
02-20 20:31:34.214  1364  1431 W AudioFlinger: no wake lock to update, system not ready yet
02-20 20:31:34.220  1372  1372 W BatteryNotifier: batterystats service unavailable!
02-20 20:31:34.231  1364  1435 I AudioFlinger: AudioFlinger's thread 0xf2a03cc0 ready to run
02-20 20:31:34.233  1364  1364 I r_submix: adev_open(name=audio_hw_if)
02-20 20:31:34.233  1364  1364 I r_submix: adev_init_check()
02-20 20:31:34.233  1364  1364 I AudioFlinger: loadHwModule() Loaded r_submix audio interface from Wifi Display audio HAL (audio) handle 18
02-20 20:31:34.233  1364  1364 D r_submix: adev_open_input_stream(addr=0)
02-20 20:31:34.233  1364  1364 D r_submix: submix_audio_device_create_pipe_l(addr=0, idx=9)
02-20 20:31:34.233  1364  1364 D r_submix:   now using address 0 for route 9
02-20 20:31:34.234  1371  1371 V MediaUtils: physMem: 2099294208
02-20 20:31:34.234  1371  1371 V MediaUtils: requested limit: 419858840
02-20 20:31:34.234  1371  1371 V MediaUtils: actual limit: 419858840
02-20 20:31:34.234  1371  1371 V MediaUtils: original limits: 4294967295/4294967295
02-20 20:31:34.234  1371  1371 V MediaUtils: new limits: 419858840/4294967295
02-20 20:31:34.234  1371  1371 W /system/bin/mediaextractor: libminijail: allowing syscall: socketcall
02-20 20:31:34.234  1371  1371 W /system/bin/mediaextractor: libminijail: allowing syscall: writev
02-20 20:31:34.234  1371  1371 W /system/bin/mediaextractor: libminijail: allowing syscall: fcntl64
02-20 20:31:34.234  1371  1371 W /system/bin/mediaextractor: libminijail: allowing syscall: clock_gettime
02-20 20:31:34.234  1364  1439 I AudioFlinger: AudioFlinger's thread 0xf2b03440 ready to run
02-20 20:31:34.234  1364  1364 D r_submix: adev_close_input_stream()
02-20 20:31:34.234  1364  1364 D r_submix: submix_audio_device_release_pipe_l(idx=9) addr=0
02-20 20:31:34.234  1364  1364 D r_submix: submix_audio_device_destroy_pipe_l(): pipe destroyed
02-20 20:31:34.234  1364  1364 I RadioService: RadioService
02-20 20:31:34.234  1364  1364 I RadioService: onFirstRef
02-20 20:31:34.234  1364  1364 E RadioService: couldn't load radio module radio.primary (No such file or directory)
02-20 20:31:34.234  1364  1364 E SoundTriggerHwService: couldn't load sound trigger module sound_trigger.primary (No such file or directory)
02-20 20:31:34.235  1371  1371 W /system/bin/mediaextractor: libminijail: logging seccomp filter failures
02-20 20:31:34.468  1362  1362 D ICU     : No timezone override file found: /data/misc/zoneinfo/current/icu/icu_tzdata.dat
02-20 20:31:34.507     0     0 D ieee80211 phy1: mac80211_hwsim_start
02-20 20:31:34.507     0     0 D ieee80211 phy1: mac80211_hwsim_add_interface (type=2 mac_addr=02:00:00:00:01:00)
02-20 20:31:34.507     0     0 D ieee80211 phy1: mac80211_hwsim_bss_info_changed(changed=0xe)
02-20 20:31:34.507     0     0 D ieee80211 phy1: ERP_CTS_PROT: 0
02-20 20:31:34.507     0     0 D ieee80211 phy1: ERP_PREAMBLE: 0
02-20 20:31:34.507     0     0 D ieee80211 phy1: ERP_SLOT: 0
02-20 20:31:34.507     0     0 D ieee80211 phy1: mac80211_hwsim_conf_tx (queue=0 txop=0 cw_min=15 cw_max=1023 aifs=2)
02-20 20:31:34.507     0     0 D ieee80211 phy1: mac80211_hwsim_conf_tx (queue=1 txop=0 cw_min=15 cw_max=1023 aifs=2)
02-20 20:31:34.507     0     0 D ieee80211 phy1: mac80211_hwsim_conf_tx (queue=2 txop=0 cw_min=15 cw_max=1023 aifs=2)
02-20 20:31:34.507     0     0 D ieee80211 phy1: mac80211_hwsim_conf_tx (queue=3 txop=0 cw_min=15 cw_max=1023 aifs=2)
02-20 20:31:34.507     0     0 D ieee80211 phy1: mac80211_hwsim_bss_info_changed(changed=0x2000)
02-20 20:31:34.507     0     0 D ieee80211 phy1: mac80211_hwsim_config (freq=0 idle=0 ps=0 smps=auto)
02-20 20:31:34.507     0     0 I IPv6    : ADDRCONF(NETDEV_UP): wlan1: link is not ready
02-20 20:31:34.508     0     0 D ieee80211 phy1: mac80211_hwsim_configure_filter
02-20 20:31:34.552     0     0 I init    : Starting service 'ipv6proxy'...
02-20 20:31:34.620     0     0 D ieee80211 phy1: mac80211_hwsim_configure_filter
02-20 20:31:34.647     0     0 I init    : Starting service 'emu_hostapd'...
02-20 20:31:34.664     0     0 I init    : Starting service 'dhcpserver'...
02-20 20:31:34.688  1374  1374 D RILD    : overriding with -s /dev/socket/qemud
02-20 20:31:34.694     0     0 I IPv6    : ADDRCONF(NETDEV_CHANGE): radio0-peer: link becomes ready
02-20 20:31:34.723     0     0 I init    : Service 'ranchu-net' (pid 1375) exited with status 0
02-20 20:31:34.738  1374  1374 W RILD    : RIL_SAP_Init not defined or exported in libreference-ril.so: undefined symbol: RIL_SAP_Init
02-20 20:31:34.738  1374  1374 D RILD    : RIL_Init argc = 5 clientId = 0
02-20 20:31:34.738  1374  1374 I RIL     : Opening socket /dev/socket/qemud
02-20 20:31:34.738  1374  1374 I RIL     : Client id received 0
02-20 20:31:34.738  1374  1374 D RILD    : RIL_Init rilInit completed
02-20 20:31:34.738  1374  1374 I RILC    : SIM_COUNT: 1
02-20 20:31:34.738  1374  1374 E RILC    : RIL_register: RIL version 12
02-20 20:31:34.738  1374  1374 I RILC    : s_registerCalled flag set, 1
02-20 20:31:34.738  1374  1374 I RILC    : Start to listen RIL_SOCKET_1
02-20 20:31:34.738  1374  1374 D RILD    : RIL_Init RIL_register completed
02-20 20:31:34.738  1374  1374 D RILD    : RIL_register_socket completed
02-20 20:31:34.738  1374  1374 D RILD    : RIL_Init starting sleep loop
02-20 20:31:34.738  1374  1489 D RIL     : setRadioState(0)
02-20 20:31:34.739  1374  1489 D AT      : AT> ATE0Q0V1
02-20 20:31:34.739  1374  1491 D AT      : AT< OK
02-20 20:31:34.745     0     0 I warning : `hostapd' uses 32-bit capabilities (legacy support in use)
02-20 20:31:34.751  1480  1480 E hostapd : Configuration file: /system/etc/simulated_hostapd.conf
02-20 20:31:34.830     0     0 D ieee80211 phy1: mac80211_hwsim_configure_filter
02-20 20:31:34.862     0     0 D ieee80211 phy1: mac80211_hwsim_change_interface (old type=2, new type=3, mac_addr=02:00:00:00:01:00)
02-20 20:31:34.862     0     0 D ieee80211 phy1: mac80211_hwsim_configure_filter
02-20 20:31:34.862     0     0 D ieee80211 phy1: mac80211_hwsim_bss_info_changed(changed=0xe)
02-20 20:31:34.862     0     0 D ieee80211 phy1: ERP_CTS_PROT: 0
02-20 20:31:34.862     0     0 D ieee80211 phy1: ERP_PREAMBLE: 0
02-20 20:31:34.862     0     0 D ieee80211 phy1: ERP_SLOT: 0
02-20 20:31:34.862     0     0 D ieee80211 phy1: mac80211_hwsim_conf_tx (queue=0 txop=47 cw_min=3 cw_max=7 aifs=2)
02-20 20:31:34.862     0     0 D ieee80211 phy1: mac80211_hwsim_conf_tx (queue=1 txop=94 cw_min=7 cw_max=15 aifs=2)
02-20 20:31:34.862     0     0 D ieee80211 phy1: mac80211_hwsim_conf_tx (queue=2 txop=0 cw_min=15 cw_max=1023 aifs=3)
02-20 20:31:34.862     0     0 D ieee80211 phy1: mac80211_hwsim_conf_tx (queue=3 txop=0 cw_min=15 cw_max=1023 aifs=7)
02-20 20:31:34.862     0     0 D ieee80211 phy1: mac80211_hwsim_bss_info_changed(changed=0x2000)
02-20 20:31:34.862  1480  1480 I hostapd : rfkill: Cannot get wiphy information
02-20 20:31:34.862  1480  1480 I hostapd : nl80211: Could not re-add multicast membership for vendor events: -2 (No such file or directory)
02-20 20:31:34.862  1480  1480 I hostapd : wlan1: interface state UNINITIALIZED->COUNTRY_UPDATE
02-20 20:31:34.862     0     0 D ieee80211 phy1: mac80211_hwsim_configure_filter
02-20 20:31:34.888  1363  1363 D AndroidRuntime: >>>>>> START com.android.internal.os.ZygoteInit uid 0 <<<<<<
02-20 20:31:34.900  1362  1362 E memtrack: Couldn't load memtrack module (No such file or directory)
02-20 20:31:34.900  1362  1362 E android.os.Debug: failed to load memtrack module: -2
02-20 20:31:34.929  1362  1362 I Radio-JNI: register_android_hardware_Radio DONE
02-20 20:31:34.931  1363  1363 D AndroidRuntime: CheckJNI is ON
02-20 20:31:34.944  1363  1363 I art     : option[0]=-Xzygote
02-20 20:31:34.944  1363  1363 I art     : option[1]=-Xcheck:jni
02-20 20:31:34.944  1363  1363 I art     : option[2]=-Xstacktracefile:/data/anr/traces.txt
02-20 20:31:34.944  1363  1363 I art     : option[3]=exit
02-20 20:31:34.945  1363  1363 I art     : option[4]=vfprintf
02-20 20:31:34.945  1363  1363 I art     : option[5]=sensitiveThread
02-20 20:31:34.945  1363  1363 I art     : option[6]=-verbose:gc
02-20 20:31:34.945  1363  1363 I art     : option[7]=-Xms4m
02-20 20:31:34.945  1363  1363 I art     : option[8]=-Xmx512m
02-20 20:31:34.945  1363  1363 I art     : option[9]=-Xusejit:true
02-20 20:31:34.945  1363  1363 I art     : option[10]=-Xjitsaveprofilinginfo
02-20 20:31:34.945  1363  1363 I art     : option[11]=-agentlib:jdwp=transport=dt_android_adb,suspend=n,server=y
02-20 20:31:34.945  1363  1363 I art     : option[12]=-Xlockprofthreshold:500
02-20 20:31:34.945  1363  1363 I art     : option[13]=-Ximage-compiler-option
02-20 20:31:34.945  1363  1363 I art     : option[14]=--runtime-arg
02-20 20:31:34.945  1363  1363 I art     : option[15]=-Ximage-compiler-option
02-20 20:31:34.945  1363  1363 I art     : option[16]=-Xms64m
02-20 20:31:34.945  1363  1363 I art     : option[17]=-Ximage-compiler-option
02-20 20:31:34.945  1363  1363 I art     : option[18]=--runtime-arg
02-20 20:31:34.945  1363  1363 I art     : option[19]=-Ximage-compiler-option
02-20 20:31:34.945  1363  1363 I art     : option[20]=-Xmx64m
02-20 20:31:34.945  1363  1363 I art     : option[21]=-Ximage-compiler-option
02-20 20:31:34.945  1363  1363 I art     : option[22]=--image-classes=/system/etc/preloaded-classes
02-20 20:31:34.945  1363  1363 I art     : option[23]=-Ximage-compiler-option
02-20 20:31:34.945  1363  1363 I art     : option[24]=--compiled-classes=/system/etc/compiled-classes
02-20 20:31:34.945  1363  1363 I art     : option[25]=-Xcompiler-option
02-20 20:31:34.945  1363  1363 I art     : option[26]=--runtime-arg
02-20 20:31:34.945  1363  1363 I art     : option[27]=-Xcompiler-option
02-20 20:31:34.945  1363  1363 I art     : option[28]=-Xms64m
02-20 20:31:34.945  1363  1363 I art     : option[29]=-Xcompiler-option
02-20 20:31:34.945  1363  1363 I art     : option[30]=--runtime-arg
02-20 20:31:34.945  1363  1363 I art     : option[31]=-Xcompiler-option
02-20 20:31:34.945  1363  1363 I art     : option[32]=-Xmx512m
02-20 20:31:34.945  1363  1363 I art     : option[33]=-Ximage-compiler-option
02-20 20:31:34.945  1363  1363 I art     : option[34]=--instruction-set-variant=x86
02-20 20:31:34.945  1363  1363 I art     : option[35]=-Xcompiler-option
02-20 20:31:34.945  1363  1363 I art     : option[36]=--instruction-set-variant=x86
02-20 20:31:34.945  1363  1363 I art     : option[37]=-Ximage-compiler-option
02-20 20:31:34.945  1363  1363 I art     : option[38]=--instruction-set-features=default
02-20 20:31:34.945  1363  1363 I art     : option[39]=-Xcompiler-option
02-20 20:31:34.945  1363  1363 I art     : option[40]=--instruction-set-features=default
02-20 20:31:34.945  1363  1363 I art     : option[41]=-Duser.locale=en-US
02-20 20:31:34.945  1363  1363 I art     : option[42]=--cpu-abilist=x86
02-20 20:31:34.945  1363  1363 I art     : option[43]=-Xfingerprint:Android/sdk_google_phone_x86_64/generic_x86_64:7.1.1/NYC/4498512:userdebug/test-keys
02-20 20:31:34.958  1362  1362 I SamplingProfilerIntegration: Profiling disabled.
02-20 20:31:34.959  1362  1362 I boot_progress_preload_start: 3959
02-20 20:31:34.959  1362  1362 D Zygote  : begin preload
02-20 20:31:34.959  1362  1362 I Zygote  : Installing ICU cache reference pinning...
02-20 20:31:34.961  1362  1362 I Zygote  : Preloading ICU data...
02-20 20:31:34.972  1365  1365 I ServiceManager: Waiting for service media.camera.proxy...
02-20 20:31:34.990  1374  1489 D RIL     : query_ctec. current: 0x7614821ff2ac, preferred: 0x7614821ff2a8
02-20 20:31:34.991  1374  1489 D AT      : AT> AT+CTEC?
02-20 20:31:34.991  1374  1491 D AT      : AT< +CTEC: 0,f
02-20 20:31:34.991  1374  1491 D AT      : AT< OK
02-20 20:31:34.991  1374  1489 D RIL     : Response: +CTEC: 0,f
02-20 20:31:34.991  1374  1489 D RIL     : line remaining after int: f
02-20 20:31:34.991  1374  1489 D RIL     : query_supported_techs
02-20 20:31:34.991  1374  1489 D AT      : AT> AT+CTEC=?
02-20 20:31:34.991  1374  1491 D AT      : AT< +CTEC: 0,1,2,3
02-20 20:31:34.991  1374  1491 D AT      : AT< OK
02-20 20:31:34.992  1374  1489 I RIL     : Found Multimode Modem. Supported techs mask: 0000000f. Current tech: 0
02-20 20:31:34.992  1374  1489 D AT      : AT> ATE0Q0V1
02-20 20:31:34.992  1374  1491 D AT      : AT< OK
02-20 20:31:34.992  1374  1489 D AT      : AT> ATS0=0
02-20 20:31:34.992  1374  1491 D AT      : AT< OK
02-20 20:31:34.993  1374  1489 D AT      : AT> AT+CMEE=1
02-20 20:31:34.993  1374  1491 D AT      : AT< OK
02-20 20:31:34.993  1374  1489 D AT      : AT> AT+CREG=2
02-20 20:31:34.993  1374  1491 D AT      : AT< OK
02-20 20:31:34.993  1374  1489 D AT      : AT> AT+CGREG=1
02-20 20:31:34.993  1374  1491 D AT      : AT< OK
02-20 20:31:34.993  1374  1489 D AT      : AT> AT+CCWA=1
02-20 20:31:34.993  1374  1491 D AT      : AT< OK
02-20 20:31:34.993  1374  1489 D AT      : AT> AT+CMOD=0
02-20 20:31:34.993  1374  1491 D AT      : AT< OK
02-20 20:31:34.993  1374  1489 D AT      : AT> AT+CMUT=0
02-20 20:31:34.994  1374  1491 D AT      : AT< OK
02-20 20:31:34.994  1374  1489 D AT      : AT> AT+CSSN=0,1
02-20 20:31:34.994  1374  1491 D AT      : AT< OK
02-20 20:31:34.994  1374  1489 D AT      : AT> AT+COLP=0
02-20 20:31:35.002  1374  1491 D AT      : AT< OK
02-20 20:31:35.002  1374  1489 D AT      : AT> AT+CSCS="HEX"
02-20 20:31:35.002  1374  1491 D AT      : AT< OK
02-20 20:31:35.002  1374  1489 D AT      : AT> AT+CUSD=1
02-20 20:31:35.002  1374  1491 D AT      : AT< OK
02-20 20:31:35.002  1374  1489 D AT      : AT> AT+CGEREP=1,0
02-20 20:31:35.003  1374  1491 D AT      : AT< OK
02-20 20:31:35.003  1374  1489 D AT      : AT> AT+CMGF=0
02-20 20:31:35.003  1374  1491 D AT      : AT< %CTZV: 18/02/20:20:31:36+0:0:Unknown!Unknown
02-20 20:31:35.003  1374  1491 D AT      : AT< OK
02-20 20:31:35.003  1374  1489 D AT      : AT> AT+CFUN?
02-20 20:31:35.003  1374  1491 D AT      : AT< +CFUN: 0
02-20 20:31:35.003  1374  1491 D AT      : AT< OK
02-20 20:31:35.065  1362  1362 I Zygote  : Preloading classes...
02-20 20:31:35.085  1362  1362 W Zygote  : Class not found for preloading: [Landroid.view.Display$ColorTransform;
02-20 20:31:35.331  1363  1363 D ICU     : No timezone override file found: /data/misc/zoneinfo/current/icu/icu_tzdata.dat
02-20 20:31:35.485  1362  1362 E Typeface: Error mapping font file /system/fonts/DroidSansFallback.ttf
02-20 20:31:35.566  1363  1363 E memtrack: Couldn't load memtrack module (No such file or directory)
02-20 20:31:35.566  1363  1363 E android.os.Debug: failed to load memtrack module: -2
02-20 20:31:35.569  1363  1363 I Radio-JNI: register_android_hardware_Radio DONE
02-20 20:31:35.596  1363  1363 I SamplingProfilerIntegration: Profiling disabled.
02-20 20:31:35.599  1363  1363 I boot_progress_preload_start: 4599
02-20 20:31:35.599  1363  1363 D Zygote  : begin preload
02-20 20:31:35.599  1363  1363 I Zygote  : Installing ICU cache reference pinning...
02-20 20:31:35.607  1363  1363 I Zygote  : Preloading ICU data...
02-20 20:31:35.645  1363  1363 I Zygote  : Preloading classes...
02-20 20:31:35.650  1363  1363 W Zygote  : Class not found for preloading: [Landroid.view.Display$ColorTransform;
02-20 20:31:35.713  1468  1468 E ipv6proxy: Failed to forward Router Advertisement from eth0 to wlan1: Network is unreachable
02-20 20:31:35.713  1468  1468 E ipv6proxy: Failed to forward Router Advertisement from eth0 to radio0-peer: Cannot assign requested address
02-20 20:31:35.760  1362  1362 I art     : Thread[1,tid=1362,Native,Thread*=0x722dce495a00,peer=0x12c060d0,"main"] recursive attempt to load library "/system/lib64/libmedia_jni.so"
02-20 20:31:35.761  1362  1362 D MtpDeviceJNI: register_android_mtp_MtpDevice
02-20 20:31:35.763  1362  1362 I art     : Thread[1,tid=1362,Native,Thread*=0x722dce495a00,peer=0x12c060d0,"main"] recursive attempt to load library "/system/lib64/libmedia_jni.so"
02-20 20:31:35.763  1362  1362 I art     : Thread[1,tid=1362,Native,Thread*=0x722dce495a00,peer=0x12c060d0,"main"] recursive attempt to load library "/system/lib64/libmedia_jni.so"
02-20 20:31:35.766  1363  1363 E Typeface: Error mapping font file /system/fonts/DroidSansFallback.ttf
02-20 20:31:35.905  1362  1362 D TelephonyManager: No /proc/cmdline exception=java.io.FileNotFoundException: /proc/cmdline (Permission denied)
02-20 20:31:35.905  1362  1362 D TelephonyManager: /proc/cmdline=
02-20 20:31:35.909  1362  1362 W Zygote  : Class not found for preloading: android.view.Display$ColorTransform
02-20 20:31:35.909  1362  1362 W Zygote  : Class not found for preloading: android.view.Display$ColorTransform$1
02-20 20:31:35.975  1365  1365 I ServiceManager: Waiting for service media.camera.proxy...
02-20 20:31:36.011  1362  1362 I System  : Loaded time zone names for "" in 38ms (36ms in ICU)
02-20 20:31:36.026  1362  1362 I System  : Loaded time zone names for "en_US" in 14ms (14ms in ICU)
02-20 20:31:36.055  1362  1362 I Zygote  : ...preloaded 4158 classes in 990ms.
02-20 20:31:36.055  1362  1362 I art     : VMRuntime.preloadDexCaches starting
02-20 20:31:36.067  1363  1363 I art     : Thread[1,tid=1363,Native,Thread*=0xf258b400,peer=0x12c060d0,"main"] recursive attempt to load library "/system/lib/libmedia_jni.so"
02-20 20:31:36.068  1363  1363 D MtpDeviceJNI: register_android_mtp_MtpDevice
02-20 20:31:36.068  1363  1363 I art     : Thread[1,tid=1363,Native,Thread*=0xf258b400,peer=0x12c060d0,"main"] recursive attempt to load library "/system/lib/libmedia_jni.so"
02-20 20:31:36.068  1363  1363 I art     : Thread[1,tid=1363,Native,Thread*=0xf258b400,peer=0x12c060d0,"main"] recursive attempt to load library "/system/lib/libmedia_jni.so"
02-20 20:31:36.140  1363  1363 D TelephonyManager: No /proc/cmdline exception=java.io.FileNotFoundException: /proc/cmdline (Permission denied)
02-20 20:31:36.141  1363  1363 D TelephonyManager: /proc/cmdline=
02-20 20:31:36.145  1363  1363 W Zygote  : Class not found for preloading: android.view.Display$ColorTransform
02-20 20:31:36.145  1363  1363 W Zygote  : Class not found for preloading: android.view.Display$ColorTransform$1
02-20 20:31:36.167  1362  1362 I art     : VMRuntime.preloadDexCaches strings total=283712 before=39625 after=39625
