02-20 20:31:41.732  1913  1913 W CarrierConfigManager: Error getting config for subId -1 ICarrierConfigLoader is null
02-20 20:31:41.733  1650  1797 D TelephonyRegistry: listen oscl: hasNotifySubscriptionInfoChangedOccurred==false no callback
02-20 20:31:41.733  1372  1372 I MediaPlayerService: MediaPlayerService::getOMX
02-20 20:31:41.734  1650  2022 I OMXClient: MuxOMX ctor
02-20 20:31:41.737  1369  1369 I OMXMaster: makeComponentInstance(OMX.google.vorbis.decoder) in mediacodec process
02-20 20:31:41.737  1928  1987 D EGL_emulation: eglMakeCurrent: 0x722dc6864320: ver 3 0 (tinfo 0x722dc680c900)
02-20 20:31:41.751  1650  1650 I am_proc_start: [0,2028,10004,com.android.cellbroadcastreceiver,broadcast,com.android.cellbroadcastreceiver/.CellBroadcastReceiver]
02-20 20:31:41.751  1650  1650 I ActivityManager: Start proc 2028:com.android.cellbroadcastreceiver/u0a4 for broadcast com.android.cellbroadcastreceiver/.CellBroadcastReceiver
02-20 20:31:41.751  2028  2028 W art     : Unexpected CPU variant for X86 using defaults: x86_64
02-20 20:31:41.751  1650  1650 D ConditionProviders.SCP: onSubscribe condition://android/schedule?days=6.7&start=23.30&end=10.0&exitAtAlarm=false
02-20 20:31:41.751  1650  1650 D ConditionProviders.SCP: setRegistered true
02-20 20:31:41.752  1650  1650 D ConditionProviders.SCP: notifyCondition condition://android/schedule?days=6.7&start=23.30&end=10.0&exitAtAlarm=false STATE_FALSE reason=!meetsSchedule
02-20 20:31:41.765  1312  1383 E SurfaceFlinger: ro.sf.lcd_density must be defined as a build property
02-20 20:31:41.767  1650  1650 D ConditionProviders.SCP: Scheduling evaluate for Tue Feb 20 23:30:00 GMT+00:00 2018 (1519169400000), in +2h58m18s248ms, now=Tue Feb 20 20:31:41 GMT+00:00 2018 (1519158701752)
02-20 20:31:41.768  1650  1650 D ConditionProviders.SCP: onSubscribe condition://android/schedule?days=1.2.3.4.5&start=22.0&end=7.0&exitAtAlarm=false
02-20 20:31:41.768  1650  1650 D ConditionProviders.SCP: notifyCondition condition://android/schedule?days=6.7&start=23.30&end=10.0&exitAtAlarm=false STATE_FALSE reason=!meetsSchedule
02-20 20:31:41.768  1650  1650 D ConditionProviders.SCP: notifyCondition condition://android/schedule?days=1.2.3.4.5&start=22.0&end=7.0&exitAtAlarm=false STATE_FALSE reason=!meetsSchedule
02-20 20:31:41.768  1650  1650 D ConditionProviders.SCP: Scheduling evaluate for Tue Feb 20 22:00:00 GMT+00:00 2018 (1519164000000), in +1h28m18s232ms, now=Tue Feb 20 20:31:41 GMT+00:00 2018 (1519158701768)
02-20 20:31:41.770  1650  1650 I Telecom : WiredHeadsetManager: ACTION_HEADSET_PLUG event, plugged in: false, : WHC.oADA@AAE
02-20 20:31:41.776  1764  1764 D         : HostConnection::get() New Host Connection established 0x722db38766c0, tid 1764
02-20 20:31:41.776  1913  1913 D TelephonyManager: setTelephonyProperty: success phoneId=0 property=gsm.network.type value: Unknown propVal=Unknown
02-20 20:31:41.777  1913  1913 D RILJ    : [3654]> SIGNAL_STRENGTH [SUB0]
02-20 20:31:41.780  1913  1913 D SST     : notifyDataRegStateRilRadioTechnologyChanged: drs=1 rat=0
02-20 20:31:41.780  1913  1913 D TelephonyManager: setTelephonyProperty: success phoneId=0 property=gsm.network.type value: Unknown propVal=Unknown
02-20 20:31:41.780  1374  1489 D RIL     : onRequest: SIGNAL_STRENGTH
02-20 20:31:41.780  1913  1997 D RilRequest: [3654]< SIGNAL_STRENGTH error: com.android.internal.telephony.CommandException: RADIO_NOT_AVAILABLE ret=
02-20 20:31:41.783  1650  1650 I ActivityManager: user 0 is still locked. Cannot load recents
02-20 20:31:41.784  1650  1957 I am_proc_bound: [0,2028,com.android.cellbroadcastreceiver]
02-20 20:31:41.804  1650  1699 I am_activity_launch_time: [0,224926309,com.android.settings/.FallbackHome,912,912]
02-20 20:31:41.804  1650  1699 I ActivityManager: Displayed com.android.settings/.FallbackHome: +912ms
02-20 20:31:41.805  1913  1913 D DCT     : [0]DCT.constructor
02-20 20:31:41.807  1650  1692 I boot_progress_enable_screen: 10807
02-20 20:31:41.815  1650  1683 D TelephonyRegistry: listen oscl: hasNotifySubscriptionInfoChangedOccurred==false no callback
02-20 20:31:41.818  1650  1692 V KeyguardServiceDelegate: *** Keyguard started
02-20 20:31:41.818  1650  1692 I screen_toggled: 1
02-20 20:31:41.818  1650  1699 I WindowManager: Screen frozen for +820ms due to AppWindowToken{851fd48 token=Token{c7c333a ActivityRecord{d681a65 u0 com.android.settings/.FallbackHome t1}}}
02-20 20:31:41.818  1650  1650 D RttService: SCAN_AVAILABLE : 3
02-20 20:31:41.819  1913  1913 D Dcc     : E ctor
02-20 20:31:41.819  1913  1913 D Dcc     : X ctor
02-20 20:31:41.822  1650  1738 D RttService: DefaultState got{ when=-1ms what=160512 target=com.android.internal.util.StateMachine$SmHandler }
02-20 20:31:41.829  1913  1913 D SubscriptionController: [getPhoneId] asked for default subId=-1
02-20 20:31:41.829  1650  1737 I WifiScanningService: wifi driver loaded with scan capabilities: max buckets=16
02-20 20:31:41.829  1913  2047 D DcTesterDeacativateAll: register for intent action=com.android.internal.telephony.dataconnection.action_deactivate_all
02-20 20:31:41.829  1913  2047 D DcTesterDeacativateAll: register for intent action=com.android.internal.telephony.action_detached
02-20 20:31:41.830  1913  2047 D Dcc     : DccDefaultState: msg.what=EVENT_RIL_CONNECTED mRilVersion=12
02-20 20:31:41.831  1913  1913 D DcTesterFailBrinupAll: register for intent action=com.android.internal.telephony.dataconnection.action_fail_bringup
02-20 20:31:41.831  1913  1913 D DcTesterFailBrinupAll: register for intent action=com.android.internal.telephony.action_detached
02-20 20:31:41.831  1913  1913 D DcTesterFailBrinupAll: register for intent action=com.android.internal.telephony.action_attached
02-20 20:31:41.831  1913  1913 D SST     : notifyDataRegStateRilRadioTechnologyChanged: drs=1 rat=0
02-20 20:31:41.832  1650  1692 W KeyguardServiceDelegate: onScreenTurningOn(): no keyguard service!
02-20 20:31:41.831  1913  1913 D TelephonyManager: setTelephonyProperty: success phoneId=0 property=gsm.network.type value: Unknown propVal=Unknown
02-20 20:31:41.832  1913  1913 D DCT     : [0]update sub = -2
02-20 20:31:41.832  1913  1913 D DCT     : [0]update(): Active DDS, register for all events now!
02-20 20:31:41.835  1913  1913 D GsmCdmaPhone: [GsmCdmaPhone] updateCurrentCarrierInProvider: mSubId = -2 currentDds = 1 operatorNumeric = null
02-20 20:31:41.838  1650  1650 D TelephonyRegistry: notifyCellLocationForSubscriber: subId=0 cellLocation=Bundle[{}]
02-20 20:31:41.838  1913  1913 D DCT     : [0]initApnContexts: E
02-20 20:31:41.838  1913  1913 D DCT     : [0]initApnContexts: skipping unknown type=1
02-20 20:31:41.838  1764  1764 D StorageNotification: Notifying about private volume: VolumeInfo{private}:
02-20 20:31:41.838  1764  1764 D StorageNotification:     type=PRIVATE diskId=null partGuid=null mountFlags=0 mountUserId=-1 
02-20 20:31:41.838  1764  1764 D StorageNotification:     state=MOUNTED 
02-20 20:31:41.838  1764  1764 D StorageNotification:     fsType=null fsUuid=null fsLabel=null 
02-20 20:31:41.838  1764  1764 D StorageNotification:     path=/data internalPath=null 
02-20 20:31:41.838  1913  1913 D DCT     : [0]initApnContexts: apnContext={mApnType=default mState=IDLE mWaitingApns={null} mApnSetting={null} mReason=dataEnabled mDataEnabled=false mDependencyMet=true}
02-20 20:31:41.839  1913  1913 D DCT     : [0]initApnContexts: apnContext={mApnType=mms mState=IDLE mWaitingApns={null} mApnSetting={null} mReason=dataEnabled mDataEnabled=false mDependencyMet=true}
02-20 20:31:41.839  1913  1913 D DCT     : [0]initApnContexts: apnContext={mApnType=supl mState=IDLE mWaitingApns={null} mApnSetting={null} mReason=dataEnabled mDataEnabled=false mDependencyMet=true}
02-20 20:31:41.839  1913  1913 D DCT     : [0]initApnContexts: apnContext={mApnType=hipri mState=IDLE mWaitingApns={null} mApnSetting={null} mReason=dataEnabled mDataEnabled=false mDependencyMet=true}
02-20 20:31:41.839  1913  1913 D DCT     : [0]initApnContexts: apnContext={mApnType=fota mState=IDLE mWaitingApns={null} mApnSetting={null} mReason=dataEnabled mDataEnabled=false mDependencyMet=true}
02-20 20:31:41.839  1913  1913 D DCT     : [0]initApnContexts: apnContext={mApnType=ims mState=IDLE mWaitingApns={null} mApnSetting={null} mReason=dataEnabled mDataEnabled=false mDependencyMet=true}
02-20 20:31:41.839  1913  1913 D DCT     : [0]initApnContexts: apnContext={mApnType=cbs mState=IDLE mWaitingApns={null} mApnSetting={null} mReason=dataEnabled mDataEnabled=false mDependencyMet=true}
02-20 20:31:41.839  1913  1913 D DCT     : [0]initApnContexts: skipping unknown type=13
02-20 20:31:41.839  1764  1764 D StorageNotification: Notifying about public volume: VolumeInfo{public:253,64}:
02-20 20:31:41.839  1764  1764 D StorageNotification:     type=PUBLIC diskId=disk:253,64 partGuid=null mountFlags=VISIBLE 
02-20 20:31:41.839  1764  1764 D StorageNotification:     mountUserId=0 state=MOUNTED 
02-20 20:31:41.839  1764  1764 D StorageNotification:     fsType=vfat fsUuid=1E12-0B12 fsLabel=SDCARD 
02-20 20:31:41.839  1764  1764 D StorageNotification:     path=/storage/1E12-0B12 internalPath=/mnt/media_rw/1E12-0B12 
02-20 20:31:41.839  1913  1913 D DCT     : [0]initApnContexts: apnContext={mApnType=ia mState=IDLE mWaitingApns={null} mApnSetting={null} mReason=dataEnabled mDataEnabled=false mDependencyMet=true}
02-20 20:31:41.839  1913  1913 D DCT     : [0]initApnContexts: apnContext={mApnType=emergency mState=IDLE mWaitingApns={null} mApnSetting={null} mReason=dataEnabled mDataEnabled=false mDependencyMet=true}
02-20 20:31:41.839  1913  1927 D SubscriptionController: [getPhoneId]- no sims, returning default phoneId=2147483647
02-20 20:31:41.853  1372  1372 I MediaPlayerService: MediaPlayerService::getOMX
02-20 20:31:41.853  1650  2050 I OMXClient: MuxOMX ctor
02-20 20:31:41.854  1369  1415 I OMXMaster: makeComponentInstance(OMX.google.vorbis.decoder) in mediacodec process
02-20 20:31:41.860  1913  1913 D GsmCdmaPhone: [GsmCdmaPhone] GsmCdmaPhone: constructor: sub = 0
02-20 20:31:41.860  1913  1913 I PhoneFactory: Creating Phone with type = 1 sub = 0
02-20 20:31:41.865  1913  1913 I PhoneFactory: defaultSmsApplication: NONE
02-20 20:31:41.873  1913  1913 I PhoneFactory: Creating SubInfoRecordUpdater 
02-20 20:31:41.873  1913  1913 D SubscriptionInfoUpdater: Constructor invoked
02-20 20:31:41.906  1650  1686 D TelephonyRegistry: listen oscl: hasNotifySubscriptionInfoChangedOccurred==false no callback
02-20 20:31:41.907  1650  1650 I notification_enqueue: [10028,1764,com.android.systemui,1397773634,public:253,64,-1,Notification(pri=0 contentView=null vibrate=null sound=null defaults=0x0 flags=0x100 color=0xff607d8b category=sys actions=2 vis=PUBLIC),0]
02-20 20:31:41.915  1913  1913 D SubscriptionController: [getPhoneId]- no sims, returning default phoneId=2147483647
02-20 20:31:41.917  1650  1686 D TelephonyRegistry: listen oscl: hasNotifySubscriptionInfoChangedOccurred==false no callback
02-20 20:31:41.918  1913  1913 D PhoneSwitcherNetworkRequstListener: Registering NetworkFactory
02-20 20:31:41.918  1913  1913 D PhoneSwitcher: PhoneSwitcher started
02-20 20:31:41.918  1913  1913 D ProxyController: Constructor - Enter
02-20 20:31:41.919  1913  1913 D ProxyController: clearTransaction
02-20 20:31:41.919  1913  1913 D ProxyController: clearTransaction: phoneId=0 status=IDLE
02-20 20:31:41.919  1913  1913 D ProxyController: Constructor - Exit
02-20 20:31:41.920  1913  1913 D TelephonyNetworkFactory[0]: Registering NetworkFactory
02-20 20:31:41.921  1913  1913 D CallManager: registerPhone(GSM Handler (com.android.internal.telephony.GsmCdmaPhone) {a289d98})
02-20 20:31:41.923  1650  1686 D TelephonyRegistry: listen oscl: hasNotifySubscriptionInfoChangedOccurred==false no callback
02-20 20:31:41.924  1650  1745 E ActivityThread: Failed to find provider info for com.android.calendar
02-20 20:31:41.924  1650  1745 E ActivityThread: Failed to find provider info for com.android.calendar
02-20 20:31:41.925  1650  1739 D ConnectivityService: Got NetworkFactory Messenger for PhoneSwitcherNetworkRequstListener
02-20 20:31:41.925  1650  1739 D ConnectivityService: Got NetworkFactory Messenger for TelephonyNetworkFactory[0]
02-20 20:31:41.963  1913  1913 D CarrierConfigLoader: CarrierConfigLoader has started
02-20 20:31:41.965  1913  1913 E BluetoothAdapter: Bluetooth binder is null
02-20 20:31:41.969  1650  1957 D TelephonyRegistry: listen oscl: hasNotifySubscriptionInfoChangedOccurred==false no callback
02-20 20:31:41.969  1650  1661 I art     : Background sticky concurrent mark sweep GC freed 44953(3MB) AllocSpace objects, 10(232KB) LOS objects, 8% free, 22MB/24MB, paused 655us total 119.653ms
02-20 20:31:41.981  1913  2055 E ActivityThread: Failed to find provider info for com.android.contacts
02-20 20:31:41.981  1913  2055 W CallerInfoCache: cursor is null
02-20 20:31:42.006  1650  1744 D NotificationSQLiteLog: Pruned event entries: 0
02-20 20:31:42.014  2028  2028 W System  : ClassLoader referenced unknown path: /system/priv-app/CellBroadcastReceiver/lib/x86_64
02-20 20:31:42.046  1913  1913 D RILJ    : [3655]> RIL_REQUEST_SET_TTY_MODE : 0 [SUB0]
02-20 20:31:42.047  1374  1489 D RIL     : onRequest: SET_TTY_MODE
02-20 20:31:42.047  1913  1997 D RilRequest: [3655]< RIL_REQUEST_SET_TTY_MODE error: com.android.internal.telephony.CommandException: RADIO_NOT_AVAILABLE ret=
02-20 20:31:42.047  1913  1913 I Telephony: TtyManager: updateUiTtyMode -1 -> 0
02-20 20:31:42.050  1650  1797 D TelephonyRegistry: listen oscl: hasNotifySubscriptionInfoChangedOccurred==false no callback
02-20 20:31:42.051  1913  1913 D SubscriptionController: [getPhoneId] asked for default subId=-1
02-20 20:31:42.053  1913  1913 D UiccController: Received EVENT_ICC_STATUS_CHANGED, calling getIccCardStatus
02-20 20:31:42.053  1913  1913 D RILJ    : [3656]> GET_SIM_STATUS [SUB0]
02-20 20:31:42.053  1913  1913 D Phone   : config LCE service failed: com.android.internal.telephony.CommandException: RADIO_NOT_AVAILABLE
02-20 20:31:42.053  1913  1913 D GsmSMSDispatcher: GsmSMSDispatcher: subId = -2 slotId = 0
02-20 20:31:42.054  1913  1913 E IccCardProxy: setExternalState: !override and newstate unchanged from NOT_READY
02-20 20:31:42.054  1913  1913 D RILJ    : [3657]> BASEBAND_VERSION [SUB0]
02-20 20:31:42.054  1374  1489 D RIL     : onRequest: GET_SIM_STATUS
02-20 20:31:42.054  1374  1489 D RIL     : getSIMStatus(). sState: 0
02-20 20:31:42.054  1913  1997 D RILJ    : [3656]< GET_SIM_STATUS IccCardState {CARDSTATE_PRESENT,PINSTATE_UNKNOWN,num_apps=2,gsm_id=0{APPTYPE_SIM,APPSTATE_DETECTED},cdma_id=1{APPTYPE_RUIM,APPSTATE_DETECTED},ims_id=8} [SUB0]
02-20 20:31:42.054  1913  1913 D RILJ    : [3658]> GET_IMEI [SUB0]
02-20 20:31:42.054  1374  1489 D RIL     : onRequest: BASEBAND_VERSION
02-20 20:31:42.055  1913  1913 D RILJ    : [3659]> GET_IMEISV [SUB0]
02-20 20:31:42.055  1374  1489 D RIL     : onRequest: GET_IMEI
02-20 20:31:42.055  1374  1489 D AT      : AT> AT+CGSN
02-20 20:31:42.055  1913  1913 D RILJ    : [3660]> RIL_REQUEST_GET_RADIO_CAPABILITY [SUB0]
02-20 20:31:42.055  1913  1913 D RILJ    : [3661]> RIL_REQUEST_START_LCE [SUB0]
02-20 20:31:42.059  1374  1491 D AT      : AT< 000000000000000
02-20 20:31:42.059  1374  1491 D AT      : AT< OK
02-20 20:31:42.059  1913  1913 D GsmCdmaPhone: [GsmCdmaPhone] Event EVENT_RADIO_OFF_OR_NOT_AVAILABLE Received
02-20 20:31:42.059  1913  1913 E IccCardProxy: setExternalState: !override and newstate unchanged from NOT_READY
02-20 20:31:42.060  1913  1913 D SST     : mDeviceShuttingDown=false, mDesiredPowerState=true, getRadioState=RADIO_OFF, mPowerOffDelayNeed=true, mAlarmSwitch=false, mRadioDisabledByCarrier=false
02-20 20:31:42.060  1913  1913 D RILJ    : [3662]> RADIO_POWER on [SUB0]
02-20 20:31:42.060  1374  1489 D RIL     : onRequest: GET_IMEISV
02-20 20:31:42.060  1374  1489 D RIL     : onRequest: RIL_REQUEST_GET_RADIO_CAPABILITY
02-20 20:31:42.060  1374  1489 D RIL     : onRequest: <unknown request>
02-20 20:31:42.068  1913  1913 D RILJ    : [3663]> OPERATOR [SUB0]
02-20 20:31:42.068  1374  1489 D RIL     : onRequest: RADIO_POWER
02-20 20:31:42.068  1374  1489 D AT      : AT> AT+CFUN=1
02-20 20:31:42.068  1374  1491 D AT      : AT< OK
02-20 20:31:42.068  1374  1489 D RIL     : setRadioState(10)
02-20 20:31:42.068  1913  1913 D RILJ    : [3664]> DATA_REGISTRATION_STATE [SUB0]
02-20 20:31:42.069  1374  1489 D RIL     : onRequest: OPERATOR
02-20 20:31:42.069  1374  1489 D AT      : AT> AT+COPS=3,0;+COPS?;+COPS=3,1;+COPS?;+COPS=3,2;+COPS?
02-20 20:31:42.069  1913  1913 D RILJ    : [3665]> VOICE_REGISTRATION_STATE [SUB0]
02-20 20:31:42.069  1374  1491 D AT      : AT< +COPS: 0,0,"Android"
02-20 20:31:42.069  1374  1491 D AT      : AT< +COPS: 0,1,"Android"
02-20 20:31:42.069  1374  1491 D AT      : AT< +COPS: 0,2,"310260"
02-20 20:31:42.069  1374  1491 D AT      : AT< OK
02-20 20:31:42.070  1374  1489 D RIL     : onRequest: DATA_REGISTRATION_STATE
02-20 20:31:42.070  1374  1489 D RIL     : requestRegistrationState
02-20 20:31:42.070  1374  1489 D AT      : AT> AT+CGREG?
02-20 20:31:42.070  1374  1491 D AT      : AT< +CGREG: 1,1,"0003","005b","000e"
02-20 20:31:42.070  1374  1491 D AT      : AT< OK
02-20 20:31:42.070  1374  1489 D RIL     : parseRegistrationState. Parsing: +CGREG: 1,1,"0003","005b","000e"
02-20 20:31:42.070  1374  1489 D RIL     : registration state type: 3GPP
02-20 20:31:42.071  1913  1913 D RILJ    : [3666]> QUERY_NETWORK_SELECTION_MODE [SUB0]
02-20 20:31:42.071  1374  1489 D RIL     : onRequest: VOICE_REGISTRATION_STATE
02-20 20:31:42.071  1374  1489 D RIL     : requestRegistrationState
02-20 20:31:42.071  1374  1489 D AT      : AT> AT+CREG?
02-20 20:31:42.079  1374  1491 D AT      : AT< +CREG: 2,1, "0003", "005b"
02-20 20:31:42.079  1374  1491 D AT      : AT< OK
02-20 20:31:42.081  1374  1489 D RIL     : parseRegistrationState. Parsing: +CREG: 2,1, "0003", "005b"
02-20 20:31:42.081  1374  1489 D RIL     : registration state type: 3GPP
02-20 20:31:42.082  1913  1913 D SST     : NITZ: 18/02/20:20:31:36+0:0:Unknown!Unknown,4003 start=11082 delay=7079
02-20 20:31:42.083  1913  1913 D SST     : NITZ: tzOffset=0 dst=0 zone=GMT iso= mGotCountryCode=false mNeedFixZoneAfterNitz=false
02-20 20:31:42.083  1913  1997 D RilRequest: [3657]< BASEBAND_VERSION error: com.android.internal.telephony.CommandException: RADIO_NOT_AVAILABLE ret=
02-20 20:31:42.083  1913  1997 D RILJ    : [3658]< GET_IMEI  [SUB0]
02-20 20:31:42.083  1913  1997 D RilRequest: [3659]< GET_IMEISV error: com.android.internal.telephony.CommandException: RADIO_NOT_AVAILABLE ret=
02-20 20:31:42.083  1913  1997 D RilRequest: [3660]< RIL_REQUEST_GET_RADIO_CAPABILITY error: com.android.internal.telephony.CommandException: RADIO_NOT_AVAILABLE ret=
02-20 20:31:42.083  1913  1913 D SST     : setAndBroadcastNetworkSetTimeZone: setTimeZone=GMT
02-20 20:31:42.083  1913  1997 D RilRequest: [3661]< RIL_REQUEST_START_LCE error: com.android.internal.telephony.CommandException: RADIO_NOT_AVAILABLE ret=
02-20 20:31:42.083  1913  1997 D RILJ    : [UNSL]< UNSOL_RESPONSE_RADIO_STATE_CHANGED RADIO_ON [SUB0]
02-20 20:31:42.083  1913  1997 D RILJ    : [UNSL]< UNSOL_RESPONSE_SIM_STATUS_CHANGED [SUB0]
02-20 20:31:42.083  1913  1997 D RILJ    : [3662]< RADIO_POWER  [SUB0]
02-20 20:31:42.083  1650  1683 D AlarmManagerService: Kernel timezone updated to 0 minutes west of GMT
02-20 20:31:42.083  1913  1997 D RILJ    : [3663]< OPERATOR {Android, Android, 310260} [SUB0]
02-20 20:31:42.083  1913  1997 D RILJ    : [3664]< DATA_REGISTRATION_STATE {1, 3, 5b, 14, null, null} [SUB0]
02-20 20:31:42.084  1374  1489 D RIL     : onRequest: QUERY_NETWORK_SELECTION_MODE
02-20 20:31:42.084  1374  1489 D AT      : AT> AT+COPS?
02-20 20:31:42.084  1913  1997 D RILJ    : [3665]< VOICE_REGISTRATION_STATE {1, 3, 5b, 0, null, null, null, null, null, null, null, null, null, null, null} [SUB0]
02-20 20:31:42.084  1374  1491 D AT      : AT< +COPS: 0,2,310260
02-20 20:31:42.084  1374  1491 D AT      : AT< OK
02-20 20:31:42.084  1913  1997 D RILJ    : [3666]< QUERY_NETWORK_SELECTION_MODE {0} [SUB0]
02-20 20:31:42.084  1913  1913 D SST     : setAndBroadcastNetworkSetTimeZone: call alarm.setTimeZone and broadcast zoneId=GMT
02-20 20:31:42.084  1913  1913 D SST     : NITZ: Setting time of day to Tue Feb 20 20:31:43 GMT+00:00 2018 NITZ receive delay(ms): 7081 gained(ms): 997 from 18/02/20:20:31:36+0:0:Unknown!Unknown
02-20 20:31:42.084  1913  1913 D SST     : setAndBroadcastNetworkSetTime: time=1519158703081ms
02-20 20:31:42.085  1650  2048 D AlarmManagerService: Setting time of day to sec=1519158703
02-20 20:31:43.081  1650  2048 W AlarmManagerService: Unable to set rtc to 1519158703: No such device
02-20 20:31:43.097  1650  1650 D ConditionProviders.SCP: onReceive android.intent.action.TIME_SET
02-20 20:31:43.097  1650  1650 D ConditionProviders.SCP: notifyCondition condition://android/schedule?days=6.7&start=23.30&end=10.0&exitAtAlarm=false STATE_FALSE reason=!meetsSchedule
02-20 20:31:43.098  1650  1650 D ConditionProviders.SCP: notifyCondition condition://android/schedule?days=1.2.3.4.5&start=22.0&end=7.0&exitAtAlarm=false STATE_FALSE reason=!meetsSchedule
02-20 20:31:43.098  1650  1650 D ConditionProviders.SCP: Scheduling evaluate for Tue Feb 20 22:00:00 GMT+00:00 2018 (1519164000000), in +1h28m16s903ms, now=Tue Feb 20 20:31:43 GMT+00:00 2018 (1519158703097)
02-20 20:31:43.099  1650  1745 E ActivityThread: Failed to find provider info for com.android.calendar
02-20 20:31:43.101  1650  1745 E ActivityThread: Failed to find provider info for com.android.calendar
02-20 20:31:43.105  1913  1913 I SST     : NITZ: after Setting time of day
02-20 20:31:43.105  1913  1913 D SST     : NITZ: end=11109 dur=27
02-20 20:31:43.105  1913  1913 D SST     : mDeviceShuttingDown=false, mDesiredPowerState=true, getRadioState=RADIO_ON, mPowerOffDelayNeed=true, mAlarmSwitch=false, mRadioDisabledByCarrier=false
02-20 20:31:43.105  1913  1913 D RILJ    : [3667]> OPERATOR [SUB0]
02-20 20:31:43.106  1913  1913 D RILJ    : [3668]> DATA_REGISTRATION_STATE [SUB0]
02-20 20:31:43.106  1374  1489 D RIL     : onRequest: OPERATOR
02-20 20:31:43.106  1374  1489 D AT      : AT> AT+COPS=3,0;+COPS?;+COPS=3,1;+COPS?;+COPS=3,2;+COPS?
02-20 20:31:43.106  1374  1491 D AT      : AT< +COPS: 0,0,"Android"
02-20 20:31:43.106  1374  1491 D AT      : AT< +COPS: 0,1,"Android"
02-20 20:31:43.106  1374  1491 D AT      : AT< +COPS: 0,2,"310260"
02-20 20:31:43.106  1374  1491 D AT      : AT< OK
02-20 20:31:43.106  1913  1997 D RILJ    : [3667]< OPERATOR {Android, Android, 310260} [SUB0]
02-20 20:31:43.106  1913  1913 D RILJ    : [3669]> VOICE_REGISTRATION_STATE [SUB0]
02-20 20:31:43.106  1374  1489 D RIL     : onRequest: DATA_REGISTRATION_STATE
02-20 20:31:43.106  1374  1489 D RIL     : requestRegistrationState
02-20 20:31:43.106  1374  1489 D AT      : AT> AT+CGREG?
02-20 20:31:43.106  1374  1491 D AT      : AT< +CGREG: 1,1,"0003","005b","000e"
02-20 20:31:43.106  1374  1491 D AT      : AT< OK
02-20 20:31:43.106  1374  1489 D RIL     : parseRegistrationState. Parsing: +CGREG: 1,1,"0003","005b","000e"
02-20 20:31:43.106  1374  1489 D RIL     : registration state type: 3GPP
02-20 20:31:43.106  1913  1913 D RILJ    : [3670]> QUERY_NETWORK_SELECTION_MODE [SUB0]
02-20 20:31:43.107  1374  1489 D RIL     : onRequest: VOICE_REGISTRATION_STATE
02-20 20:31:43.107  1374  1489 D RIL     : requestRegistrationState
02-20 20:31:43.107  1374  1489 D AT      : AT> AT+CREG?
02-20 20:31:43.107  1374  1491 D AT      : AT< +CREG: 2,1, "0003", "005b"
02-20 20:31:43.107  1374  1491 D AT      : AT< OK
02-20 20:31:43.107  1374  1489 D RIL     : parseRegistrationState. Parsing: +CREG: 2,1, "0003", "005b"
02-20 20:31:43.107  1374  1489 D RIL     : registration state type: 3GPP
02-20 20:31:43.108  1913  1997 D RILJ    : [3668]< DATA_REGISTRATION_STATE {1, 3, 5b, 14, null, null} [SUB0]
02-20 20:31:43.108  1913  1997 D RILJ    : [3669]< VOICE_REGISTRATION_STATE {1, 3, 5b, 0, null, null, null, null, null, null, null, null, null, null, null} [SUB0]
02-20 20:31:43.108  1913  1913 D SST     : onSignalStrengthResult() Exception from RIL : com.android.internal.telephony.CommandException: RADIO_NOT_AVAILABLE
02-20 20:31:43.110  1374  1489 D RIL     : onRequest: QUERY_NETWORK_SELECTION_MODE
02-20 20:31:43.110  1374  1489 D AT      : AT> AT+COPS?
02-20 20:31:43.110  1374  1491 D AT      : AT< +COPS: 0,2,310260
02-20 20:31:43.110  1374  1491 D AT      : AT< OK
02-20 20:31:43.110  1913  1997 D RILJ    : [3670]< QUERY_NETWORK_SELECTION_MODE {0} [SUB0]
02-20 20:31:43.111  1913  1913 D DCT     : [0]onRadioAvailable
02-20 20:31:43.111  1913  1913 D DCT     : [0]onRadioOffOrNotAvailable: is off and clean up all connections
02-20 20:31:43.111  1913  1913 D DCT     : [0]cleanUpAllConnections: tearDown=false reason=radioTurnedOff
02-20 20:31:43.111  1913  1913 D GsmCdmaPhone: [GsmCdmaPhone] getDataConnectionState apnType=default ret=DISCONNECTED
02-20 20:31:43.114  1913  1913 D DCT     : [0]cleanUpConnection: X tearDown=false reason=radioTurnedOff apnContext={mApnType=default mState=IDLE mWaitingApns={null} mApnSetting={null} mReason=radioTurnedOff mDataEnabled=false mDependencyMet=true} dcac=null
02-20 20:31:43.114  1913  1913 D GsmCdmaPhone: [GsmCdmaPhone] getDataConnectionState apnType=mms ret=DISCONNECTED
02-20 20:31:43.116  1913  1913 D DCT     : [0]cleanUpConnection: X tearDown=false reason=radioTurnedOff apnContext={mApnType=mms mState=IDLE mWaitingApns={null} mApnSetting={null} mReason=radioTurnedOff mDataEnabled=false mDependencyMet=true} dcac=null
02-20 20:31:43.116  1913  1913 D GsmCdmaPhone: [GsmCdmaPhone] getDataConnectionState apnType=cbs ret=DISCONNECTED
02-20 20:31:43.117  1913  1913 D DCT     : [0]cleanUpConnection: X tearDown=false reason=radioTurnedOff apnContext={mApnType=cbs mState=IDLE mWaitingApns={null} mApnSetting={null} mReason=radioTurnedOff mDataEnabled=false mDependencyMet=true} dcac=null
02-20 20:31:43.117  1913  1913 D GsmCdmaPhone: [GsmCdmaPhone] getDataConnectionState apnType=fota ret=DISCONNECTED
02-20 20:31:43.118  1913  1913 D DCT     : [0]cleanUpConnection: X tearDown=false reason=radioTurnedOff apnContext={mApnType=fota mState=IDLE mWaitingApns={null} mApnSetting={null} mReason=radioTurnedOff mDataEnabled=false mDependencyMet=true} dcac=null
02-20 20:31:43.125  1913  1913 D GsmCdmaPhone: [GsmCdmaPhone] getDataConnectionState apnType=supl ret=DISCONNECTED
02-20 20:31:43.128  1913  1913 D DCT     : [0]cleanUpConnection: X tearDown=false reason=radioTurnedOff apnContext={mApnType=supl mState=IDLE mWaitingApns={null} mApnSetting={null} mReason=radioTurnedOff mDataEnabled=false mDependencyMet=true} dcac=null
02-20 20:31:43.128  1913  1913 D GsmCdmaPhone: [GsmCdmaPhone] getDataConnectionState apnType=ia ret=DISCONNECTED
02-20 20:31:43.129  1913  1913 D DCT     : [0]cleanUpConnection: X tearDown=false reason=radioTurnedOff apnContext={mApnType=ia mState=IDLE mWaitingApns={null} mApnSetting={null} mReason=radioTurnedOff mDataEnabled=false mDependencyMet=true} dcac=null
02-20 20:31:43.129  1913  1913 D GsmCdmaPhone: [GsmCdmaPhone] getDataConnectionState apnType=emergency ret=DISCONNECTED
02-20 20:31:43.130  1913  1913 D DCT     : [0]cleanUpConnection: X tearDown=false reason=radioTurnedOff apnContext={mApnType=emergency mState=IDLE mWaitingApns={null} mApnSetting={null} mReason=radioTurnedOff mDataEnabled=false mDependencyMet=true} dcac=null
02-20 20:31:43.130  1913  1913 D GsmCdmaPhone: [GsmCdmaPhone] getDataConnectionState apnType=hipri ret=DISCONNECTED
02-20 20:31:43.130  1913  1913 D DCT     : [0]cleanUpConnection: X tearDown=false reason=radioTurnedOff apnContext={mApnType=hipri mState=IDLE mWaitingApns={null} mApnSetting={null} mReason=radioTurnedOff mDataEnabled=false mDependencyMet=true} dcac=null
02-20 20:31:43.131  1913  1913 D GsmCdmaPhone: [GsmCdmaPhone] getDataConnectionState apnType=ims ret=DISCONNECTED
02-20 20:31:43.132  1913  1913 D DCT     : [0]cleanUpConnection: X tearDown=false reason=radioTurnedOff apnContext={mApnType=ims mState=IDLE mWaitingApns={null} mApnSetting={null} mReason=radioTurnedOff mDataEnabled=false mDependencyMet=true} dcac=null
02-20 20:31:43.132  1913  1913 D DCT     : [0]stopNetStatPoll
02-20 20:31:43.132  1913  1913 D DCT     : [0]cleanUpConnection: mDisconnectPendingCount = 0
02-20 20:31:43.132  1913  1913 D DCT     : [0]isDataAllowed: No - SIM not loaded - Not attached
02-20 20:31:43.137  1913  1913 D DCT     : [0]onDataConnectionDetached: stop polling and notify detached
02-20 20:31:43.137  1913  1913 D DCT     : [0]stopNetStatPoll
02-20 20:31:43.137  1913  1913 D DCT     : [0]notifyDataConnection: reason=dataDetached
02-20 20:31:43.137  1913  1913 D DCT     : [0]isDataAllowed: No - SIM not loaded - Not attached
02-20 20:31:43.140  1913  1913 D DCT     : [0]onRoamingOff
02-20 20:31:43.140  1913  1913 D DCT     : [0]isDataAllowed: No - SIM not loaded - Not attached
02-20 20:31:43.147  1913  1913 D DCT     : [0]setupDataOnConnectableApns: roamingOff hipri:[state=IDLE,enabled=false] mms:[state=IDLE,enabled=false] supl:[state=IDLE,enabled=false] ia:[state=IDLE,enabled=false] fota:[state=IDLE,enabled=false] ims:[state=IDLE,enabled=false] cbs:[state=IDLE,enabled=false] default:[state=IDLE,enabled=false] emergency:[state=IDLE,enabled=false] 
02-20 20:31:43.147  1913  1913 D DCT     : [0]setupDataOnConnectableApns: nwTypeChanged hipri:[state=IDLE,enabled=false] mms:[state=IDLE,enabled=false] supl:[state=IDLE,enabled=false] ia:[state=IDLE,enabled=false] fota:[state=IDLE,enabled=false] ims:[state=IDLE,enabled=false] cbs:[state=IDLE,enabled=false] default:[state=IDLE,enabled=false] emergency:[state=IDLE,enabled=false] 
02-20 20:31:43.147  1913  1913 D TelephonyNetworkFactory[0]: onSubIdChange -1->-2
02-20 20:31:43.148  1913  1913 D DebugService: DebugService DebugService:
02-20 20:31:43.148  1913  1913 D TelephonyDebugService: TelephonyDebugService()
02-20 20:31:43.157  1913  1913 D PhoneSwitcherNetworkRequstListener: got request NetworkRequest [ REQUEST id=1, [ Capabilities: INTERNET&NOT_RESTRICTED&TRUSTED&NOT_VPN] ] with score 0
02-20 20:31:43.157  1913  1913 D TelephonyNetworkFactory[0]: got request NetworkRequest [ REQUEST id=1, [ Capabilities: INTERNET&NOT_RESTRICTED&TRUSTED&NOT_VPN] ] with score 0
02-20 20:31:43.157  1913  1913 D DCT     : [0]NETWORK_STATE_CHANGED_ACTION: mIsWifiConnected=false
02-20 20:31:43.157  1913  1913 D DCT     : [0]Wifi state changed
02-20 20:31:43.157  1913  1913 D DCT     : [0]WIFI_STATE_CHANGED_ACTION: enabled=true mIsWifiConnected=false
02-20 20:31:43.157  1913  1913 D SubscriptionInfoUpdater: [Receiver]+
02-20 20:31:43.157  1913  1913 D SubscriptionInfoUpdater: Action: android.intent.action.SIM_STATE_CHANGED
02-20 20:31:43.157  1913  1913 D SubscriptionInfoUpdater: slotId: 0
02-20 20:31:43.157  1913  1913 D SubscriptionInfoUpdater: simStatus: NOT_READY
02-20 20:31:43.157  1913  1913 D SubscriptionInfoUpdater: Ignoring simStatus: NOT_READY
02-20 20:31:43.157  1913  1913 D SubscriptionInfoUpdater: [Receiver]-
02-20 20:31:43.157  1913  1913 D CarrierConfigLoader: mHandler: 12 phoneId: 0
02-20 20:31:43.157  1913  1913 D RILJ    : [3671]> RIL_REQUEST_QUERY_TTY_MODE [SUB0]
02-20 20:31:43.158  1374  1489 D RIL     : onRequest: QUERY_TTY_MODE
02-20 20:31:43.158  1374  1489 D RIL     : Request not supported. Tech: 1
02-20 20:31:43.158  1913  1997 D RilRequest: [3671]< RIL_REQUEST_QUERY_TTY_MODE error: com.android.internal.telephony.CommandException: REQUEST_NOT_SUPPORTED ret=
02-20 20:31:43.160  1913  1913 D UiccController: Received EVENT_GET_ICC_STATUS_DONE
02-20 20:31:43.160  1913  1913 D UiccCard: 2 applications
02-20 20:31:43.160  1913  1913 D UiccCardApplication: Creating UiccApp: {APPTYPE_SIM,APPSTATE_DETECTED}
02-20 20:31:43.191  1913  1913 W VoiceMailConstants: Can't open /system/etc/voicemail-conf.xml
02-20 20:31:43.191  1913  1913 D SpnOverride: No SPN in OEM image = /oem/telephony/spn-conf.xml Load SPN from system image
02-20 20:31:43.192  1913  1913 W SpnOverride: Can not open /system/etc/spn-conf.xml
02-20 20:31:43.192  1913  1913 D SIMRecords: [SIMRecords] setting0 mMncLength-1
02-20 20:31:43.192  1913  1913 D SIMRecords: [SIMRecords] SIMRecords: onRadioOffOrNotAvailable set 'gsm.sim.operator.numeric' to operator=null
02-20 20:31:43.192  1913  1913 D SIMRecords: [SIMRecords] update icc_operator_numeric=null
02-20 20:31:43.192  1913  1913 D TelephonyManager: setTelephonyProperty: success phoneId=0 property=gsm.sim.operator.numeric value:  propVal=
02-20 20:31:43.193  1913  1913 D TelephonyManager: setTelephonyProperty: success phoneId=0 property=gsm.sim.operator.alpha value:  propVal=
02-20 20:31:43.193  1913  1913 D TelephonyManager: setTelephonyProperty: success phoneId=0 property=gsm.sim.operator.iso-country value:  propVal=
02-20 20:31:43.194  1913  1913 D SIMRecords: [SIMRecords] getOperatorNumeric: IMSI == null
02-20 20:31:43.195  1913  1913 D SIMRecords: [SIMRecords] SIMRecords X ctor this=SimRecords: mDestroyed=false mContext=com.android.phone.PhoneGlobals@839e161 mCi=com.android.internal.telephony.RIL@db9f98b mFh=Handler (com.android.internal.telephony.uicc.SIMFileHandler) {556b486} mParentApp=com.android.internal.telephony.uicc.UiccCardApplication@68fe147 recordsLoadedRegistrants=android.os.RegistrantList@5d0bd74 mImsiReadyRegistrants=android.os.RegistrantList@f52329d mRecordsEventsRegistrants=android.os.RegistrantList@3d99312 mNewSmsRegistrants=android.os.RegistrantList@5f4ae3 mNetworkSelectionModeAutomaticRegistrants=android.os.RegistrantList@ff63ce0 recordsToLoad=0 adnCache=Handler (com.android.internal.telephony.uicc.AdnRecordCache) {7a45b99} recordsRequested=false iccid=null msisdnTag=null voiceMailNum=null voiceMailTag=null voiceMailNum=null newVoiceMailTag=null isVoiceMailFixed=false mImsi=null mncLength=-1 mailboxIndex=0 spn=null mVmConfigcom.android.internal.telephony.uicc.VoiceMailConstants@639ce5e mSpnOverride=mSpnOverride callForwardingEnabled=0 spnState=null mCphsInfo=null mCspPlmnEnabled=true efMWIS=null efCPHS_MWI=null mEfCff=null mEfCfis=null getOperatorNumeric=null
02-20 20:31:43.206  2061  2061 W art     : Unexpected CPU variant for X86 using defaults: x86_64
02-20 20:31:43.208  1650  2048 I am_proc_start: [0,2061,10067,com.google.android.deskclock,broadcast,com.google.android.deskclock/com.android.deskclock.AlarmInitReceiver]
02-20 20:31:43.208  1650  2048 I ActivityManager: Start proc 2061:com.google.android.deskclock/u0a67 for broadcast com.google.android.deskclock/com.android.deskclock.AlarmInitReceiver
02-20 20:31:43.209  1913  1913 D UiccCardApplication: Creating UiccApp: {APPTYPE_RUIM,APPSTATE_DETECTED}
02-20 20:31:43.209  1913  1913 D RuimRecords: [RuimRecords] setting0 mMncLength-1
02-20 20:31:43.209  1913  1913 D RuimRecords: [RuimRecords] RuimRecords X ctor this=RuimRecords: mDestroyed=false mContext=com.android.phone.PhoneGlobals@839e161 mCi=com.android.internal.telephony.RIL@db9f98b mFh=Handler (com.android.internal.telephony.uicc.RuimFileHandler) {b32470c} mParentApp=com.android.internal.telephony.uicc.UiccCardApplication@5561855 recordsLoadedRegistrants=android.os.RegistrantList@7d0726a mImsiReadyRegistrants=android.os.RegistrantList@e99335b mRecordsEventsRegistrants=android.os.RegistrantList@842c7f8 mNewSmsRegistrants=android.os.RegistrantList@f2ce4d1 mNetworkSelectionModeAutomaticRegistrants=android.os.RegistrantList@e7b4b36 recordsToLoad=0 adnCache=Handler (com.android.internal.telephony.uicc.AdnRecordCache) {d2daa37} recordsRequested=false iccid=null msisdnTag=null voiceMailNum=null voiceMailTag=null voiceMailNum=null newVoiceMailTag=null isVoiceMailFixed=false mImsi=null mncLength=-1 mailboxIndex=0 spn=null m_ota_commitedfalse mMyMobileNumber=xxxx mMin2Min1=null mPrlVersion=null mEFpl=null mEFli=null mCsimSpnDisplayCondition=false mMdn=null mMin=null mHomeSystemId=null mHomeNetworkId=null
02-20 20:31:43.226  1913  1913 D CAT     : CatService: registerForRecordsLoaded slotid=0 instance:Handler (com.android.internal.telephony.cat.CatService) {3029e10}
02-20 20:31:43.227  1913  1913 D CAT     : CatService: Running CAT service on Slotid: 0. STK app installed:false
02-20 20:31:43.227  1913  1913 D UiccCard: Before privilege rules: null : CARDSTATE_PRESENT
02-20 20:31:43.227  1913  1913 D RILJ    : [3672]> RIL_REQUEST_SIM_OPEN_CHANNEL [SUB0]
02-20 20:31:43.227  1913  1913 E UiccCard: App index 8 is invalid since there are no applications
02-20 20:31:43.228  1913  1913 D UiccCard: update: radioState=RADIO_ON mLastRadioState=RADIO_UNAVAILABLE
02-20 20:31:43.228  1913  1913 D UiccController: Notifying IccChangedRegistrants
02-20 20:31:43.228  1374  1489 D RIL     : onRequest: SIM_OPEN_CHANNEL
02-20 20:31:43.228  1374  1489 D AT      : AT> AT+CCHO=A00000015141434C00
02-20 20:31:43.228  1374  1491 D AT      : AT< 1
02-20 20:31:43.228  1374  1491 D AT      : AT< OK
02-20 20:31:43.228  1913  1997 D RILJ    : [3672]< RIL_REQUEST_SIM_OPEN_CHANNEL  [SUB0]
02-20 20:31:43.230  1650  2048 I am_proc_bound: [0,2061,com.google.android.deskclock]
02-20 20:31:43.231  1913  1913 D GsmCdmaPhone: get phone radio capability fail, no need to change mRadioCapability
02-20 20:31:43.231  1913  1913 D GsmCdmaPhone: EVENT_GET_RADIO_CAPABILITY: phone rc: null
02-20 20:31:43.231  1913  1913 D Phone   : config LCE service failed: com.android.internal.telephony.CommandException: RADIO_NOT_AVAILABLE
02-20 20:31:43.232  1913  1913 D SST     : mDeviceShuttingDown=false, mDesiredPowerState=true, getRadioState=RADIO_ON, mPowerOffDelayNeed=true, mAlarmSwitch=false, mRadioDisabledByCarrier=false
02-20 20:31:43.232  1913  1913 D RILJ    : [3673]> OPERATOR [SUB0]
02-20 20:31:43.232  1913  1913 D RILJ    : [3674]> DATA_REGISTRATION_STATE [SUB0]
02-20 20:31:43.232  1374  1489 D RIL     : onRequest: OPERATOR
02-20 20:31:43.232  1374  1489 D AT      : AT> AT+COPS=3,0;+COPS?;+COPS=3,1;+COPS?;+COPS=3,2;+COPS?
02-20 20:31:43.232  1374  1491 D AT      : AT< +COPS: 0,0,"Android"
02-20 20:31:43.232  1374  1491 D AT      : AT< +COPS: 0,1,"Android"
02-20 20:31:43.232  1374  1491 D AT      : AT< +COPS: 0,2,"310260"
02-20 20:31:43.232  1374  1491 D AT      : AT< OK
02-20 20:31:43.232  1913  1997 D RILJ    : [3673]< OPERATOR {Android, Android, 310260} [SUB0]
02-20 20:31:43.232  1913  1913 D RILJ    : [3675]> VOICE_REGISTRATION_STATE [SUB0]
02-20 20:31:43.232  1374  1489 D RIL     : onRequest: DATA_REGISTRATION_STATE
02-20 20:31:43.232  1374  1489 D RIL     : requestRegistrationState
02-20 20:31:43.232  1374  1489 D AT      : AT> AT+CGREG?
02-20 20:31:43.233  1374  1491 D AT      : AT< +CGREG: 1,1,"0003","005b","000e"
02-20 20:31:43.233  1374  1491 D AT      : AT< OK
02-20 20:31:43.233  1374  1489 D RIL     : parseRegistrationState. Parsing: +CGREG: 1,1,"0003","005b","000e"
02-20 20:31:43.233  1374  1489 D RIL     : registration state type: 3GPP
02-20 20:31:43.233  1913  1913 D RILJ    : [3676]> QUERY_NETWORK_SELECTION_MODE [SUB0]
02-20 20:31:43.233  1374  1489 D RIL     : onRequest: VOICE_REGISTRATION_STATE
02-20 20:31:43.233  1374  1489 D RIL     : requestRegistrationState
02-20 20:31:43.233  1374  1489 D AT      : AT> AT+CREG?
02-20 20:31:43.233  1374  1491 D AT      : AT< +CREG: 2,1, "0003", "005b"
02-20 20:31:43.233  1374  1491 D AT      : AT< OK
02-20 20:31:43.233  1374  1489 D RIL     : parseRegistrationState. Parsing: +CREG: 2,1, "0003", "005b"
02-20 20:31:43.233  1374  1489 D RIL     : registration state type: 3GPP
02-20 20:31:43.233  1913  1913 D RILJ    : [3677]> GET_CURRENT_CALLS [SUB0]
02-20 20:31:43.233  1374  1489 D RIL     : onRequest: QUERY_NETWORK_SELECTION_MODE
02-20 20:31:43.233  1374  1489 D AT      : AT> AT+COPS?
02-20 20:31:43.233  1374  1491 D AT      : AT< +COPS: 0,2,310260
02-20 20:31:43.233  1374  1491 D AT      : AT< OK
02-20 20:31:43.233  1913  1913 D RILJ    : [3678]> RIL_REQUEST_IMS_REGISTRATION_STATE [SUB0]
02-20 20:31:43.233  1913  1997 D RILJ    : [3674]< DATA_REGISTRATION_STATE {1, 3, 5b, 14, null, null} [SUB0]
02-20 20:31:43.233  1913  1913 D RILJ    : [3679]> RIL_REQUEST_CDMA_GET_SUBSCRIPTION_SOURCE [SUB0]
02-20 20:31:43.233  1374  1489 D RIL     : onRequest: GET_CURRENT_CALLS
02-20 20:31:43.233  1374  1489 D AT      : AT> AT+CLCC
02-20 20:31:43.234  1374  1491 D AT      : AT< OK
02-20 20:31:43.234  1913  1913 D GsmCdmaPhone: [GsmCdmaPhone] Event EVENT_RADIO_ON Received
02-20 20:31:43.234  1374  1489 D RIL     : onRequest: IMS_REGISTRATION_STATE
02-20 20:31:43.234  1374  1489 D RIL     : IMS_REGISTRATION=0, format=1 
02-20 20:31:43.234  1913  1913 D RILJ    : [3680]> RIL_REQUEST_VOICE_RADIO_TECH [SUB0]
02-20 20:31:43.234  1374  1489 D RIL     : onRequest: CDMA_GET_SUBSCRIPTION_SOURCE
02-20 20:31:43.234  1374  1489 D RIL     : Request not supported. Tech: 1
02-20 20:31:43.234  1913  1913 D UiccController: Received EVENT_ICC_STATUS_CHANGED, calling getIccCardStatus
02-20 20:31:43.234  1913  1913 D RILJ    : [3681]> GET_SIM_STATUS [SUB0]
02-20 20:31:43.234  1374  1489 D RIL     : onRequest: VOICE_RADIO_TECH
02-20 20:31:43.234  1913  1913 D SST     : EVENT_POLL_STATE_NETWORK_SELECTION_MODE
02-20 20:31:43.234  1913  1913 D SST     : EVENT_POLL_STATE_NETWORK_SELECTION_MODE
02-20 20:31:43.235  1913  1997 D RILJ    : [3675]< VOICE_REGISTRATION_STATE {1, 3, 5b, 0, null, null, null, null, null, null, null, null, null, null, null} [SUB0]
02-20 20:31:43.235  1913  1997 D RILJ    : [3676]< QUERY_NETWORK_SELECTION_MODE {0} [SUB0]
02-20 20:31:43.235  1913  1997 D RILJ    : [3677]< GET_CURRENT_CALLS {} [SUB0]
02-20 20:31:43.235  1913  1997 D RILJ    : [3678]< RIL_REQUEST_IMS_REGISTRATION_STATE {0, 1} [SUB0]
02-20 20:31:43.235  1913  1997 D RilRequest: [3679]< RIL_REQUEST_CDMA_GET_SUBSCRIPTION_SOURCE error: com.android.internal.telephony.CommandException: REQUEST_NOT_SUPPORTED ret=
02-20 20:31:43.235  1913  1997 D RILJ    : [3680]< RIL_REQUEST_VOICE_RADIO_TECH {11} [SUB0]
02-20 20:31:43.235  1374  1489 D RIL     : onRequest: GET_SIM_STATUS
02-20 20:31:43.235  1374  1489 D RIL     : getSIMStatus(). sState: 10
02-20 20:31:43.235  1374  1489 D AT      : AT> AT+CPIN?
02-20 20:31:43.235  1374  1491 D AT      : AT< +CPIN: READY
02-20 20:31:43.235  1374  1491 D AT      : AT< OK
02-20 20:31:43.235  1913  1997 D RILJ    : [3681]< GET_SIM_STATUS IccCardState {CARDSTATE_PRESENT,PINSTATE_UNKNOWN,num_apps=2,gsm_id=0{APPTYPE_SIM,APPSTATE_READY},cdma_id=1{APPTYPE_RUIM,APPSTATE_READY},ims_id=8} [SUB0]
02-20 20:31:43.235  1913  1913 D PhoneSwitcher: evaluating due to netRequest default 0->1 phone[0] 0->-2
02-20 20:31:43.239  1913  1913 D TelephonyNetworkFactory[0]: not acting - isApp=false, isAct=false NetworkRequest [ REQUEST id=1, [ Capabilities: INTERNET&NOT_RESTRICTED&TRUSTED&NOT_VPN] ]
02-20 20:31:43.239  1913  1913 D CAT     : CatService: handleMessage[8]
02-20 20:31:43.239  1913  1913 D CAT     : CatService: MSG_ID_ICC_CHANGED
02-20 20:31:43.239  1913  1913 D CAT     : CatService: New Card State = CARDSTATE_PRESENT Old Card State = CARDSTATE_ABSENT
02-20 20:31:43.240  1913  1913 D RILJ    : [3682]> RIL_REQUEST_REPORT_STK_SERVICE_IS_RUNNING [SUB0]
02-20 20:31:43.242  1374  1489 D RIL     : onRequest: REPORT_STK_SERVICE_IS_RUNNING
02-20 20:31:43.242  1374  1489 D RIL     : Request not supported. Tech: 1
02-20 20:31:43.242  1913  1997 D RilRequest: [3682]< RIL_REQUEST_REPORT_STK_SERVICE_IS_RUNNING error: com.android.internal.telephony.CommandException: REQUEST_NOT_SUPPORTED ret=
02-20 20:31:43.243  1913  1913 D GsmCdmaPhone: [GsmCdmaPhone] New Uicc application found. type = APPTYPE_SIM
02-20 20:31:43.243  1913  1913 D GsmSMSDispatcher: GsmSMSDispatcher: subId = -2 slotId = 0
02-20 20:31:43.243  1913  1913 D GsmSMSDispatcher: New Uicc application found
02-20 20:31:43.243  1913  1913 D IccCardProxy: Icc changed. Reregestering.
02-20 20:31:43.243  1913  1913 D SST     : New card found
02-20 20:31:43.243  1913  1913 D CAT     : CatService: handleMessage[8]
02-20 20:31:43.243  1913  1913 D CAT     : CatService: MSG_ID_ICC_CHANGED
02-20 20:31:43.243  1913  1913 D CAT     : CatService: New Card State = CARDSTATE_PRESENT Old Card State = CARDSTATE_PRESENT
02-20 20:31:43.243  1913  1913 E SST     : error parsing GprsRegistrationState: java.lang.NumberFormatException: null
02-20 20:31:43.243  1913  1913 D SST     : handlPollStateResultMessage: GsmSST setDataRegState=0 regState=1 dataRadioTechnology=14
02-20 20:31:43.243  1913  1913 D SST     : EVENT_POLL_STATE_NETWORK_SELECTION_MODE
02-20 20:31:43.244  2061  2061 W System  : ClassLoader referenced unknown path: /system/app/PrebuiltDeskClockGoogle/lib/x86_64
02-20 20:31:43.244  1913  1913 D SST     : Poll ServiceState done:  oldSS=[1 1 voice home data home null null null null null null  Unknown Unknown CSS not supported 0 0 RoamInd=0 DefRoamInd=0 EmergOnly=false IsDataRoamingFromRegistration=false IsUsingCarrierAggregation=false] newSS=[0 0 voice home data home Android Android 310260 Android Android 310260  Unknown LTE CSS not supported -1 -1 RoamInd=-1 DefRoamInd=-1 EmergOnly=false IsDataRoamingFromRegistration=false IsUsingCarrierAggregation=false] oldMaxDataCalls=1 mNewMaxDataCalls=1 oldReasonDataDenied=-1 mNewReasonDataDenied=-1
02-20 20:31:43.244  1913  1913 I gsm_service_state_change: [1,1,0,0]
02-20 20:31:43.244  1913  1913 D TelephonyManager: setTelephonyProperty: success phoneId=0 property=gsm.network.type value: LTE propVal=LTE
02-20 20:31:43.244  1913  1913 D SST     : pollStateDone: registering current mNitzUpdatedTime=true changing to false
02-20 20:31:43.244  1913  1913 D SIMRecords: [SIMRecords] getServiceProviderName: no brandOverride, providerName=null
02-20 20:31:43.244  1913  1913 D SIMRecords: [SIMRecords] getServiceProviderName: no brandOverride, providerName=null
02-20 20:31:43.244  1913  1913 D SST     : updateSpnDisplay: changed sending intent rule=2 showPlmn='true' plmn='Android' showSpn='false' spn='null' dataSpn='null' subId='-2'
02-20 20:31:43.245  1913  1913 D SubscriptionController: [setPlmnSpn] No valid subscription to store info
02-20 20:31:43.245  1913  1913 D SubscriptionController: notifySubscriptionInfoChanged:
02-20 20:31:43.245  1650  1686 D TelephonyRegistry: notifySubscriptionInfoChanged: first invocation mRecords.size=16
02-20 20:31:43.245  1650  1650 I GnssLocationProvider: WakeLock acquired by sendMessage(12, 0, null)
02-20 20:31:43.246  1913  1927 D SubscriptionController: [getActiveSubInfoList] Sub Controller not ready
02-20 20:31:43.246  1913  1913 D TelephonyManager: setTelephonyProperty: success phoneId=0 property=gsm.operator.alpha value: Android propVal=Android
02-20 20:31:43.246  1913  1913 D TelephonyManager: setTelephonyProperty: success phoneId=0 property=gsm.operator.numeric value: 310260 propVal=310260
02-20 20:31:43.246  1913  1913 D SST     : update mccmnc=310260 fromServiceState=true
02-20 20:31:43.246  1913  1913 D MccTable: updateMccMncConfiguration mccmnc='310260' fromServiceState=true
02-20 20:31:43.247  1913  1913 D SubscriptionController: [getPhoneId]- no sims, returning default phoneId=2147483647
02-20 20:31:43.247  1913  1913 D MccTable: updateMccMncConfiguration defaultMccMnc=
02-20 20:31:43.247  1913  1913 D MccTable: updateMccMncConfiguration: mcc=310, mnc=260
02-20 20:31:43.247  1913  1913 D MccTable: WIFI_COUNTRY_CODE set to us
02-20 20:31:43.247  1650  1686 I WifiService: WifiService trying to set country code to us with persist set to false
02-20 20:31:43.248  1650  1686 D WifiCountryCode: Succeeded to set country code to: US
02-20 20:31:43.248  1913  1913 D TelephonyManager: setTelephonyProperty: success phoneId=0 property=gsm.operator.iso-country value: us propVal=us
02-20 20:31:43.269  1913  1913 D SST     : pollStateDone: there are 6 unique offsets for iso-cc='us testOneUniqueOffsetPath=false', do nothing
02-20 20:31:43.269  1913  1913 D SST     : shouldFixTimeZoneNow: retVal=true iccCardExist=true operatorNumeric=310260 mcc=310 prevOperatorNumeric= prevMcc=311 needToFixTimeZone=false ltod=02-20 20:31:43.269
02-20 20:31:43.269  1913  1913 D SST     : fixTimeZone zoneName='GMT' mZoneOffset=0 mZoneDst=false iso-cc='us' iso-cc-idx=-21
02-20 20:31:43.269  1913  1913 D SST     : fixTimeZone: using default TimeZone
02-20 20:31:43.269  1913  1913 D SST     : fixTimeZone: zone != null zone.getID=GMT
02-20 20:31:43.269  1913  1913 D SST     : setAndBroadcastNetworkSetTimeZone: setTimeZone=GMT
02-20 20:31:43.269  1650  2048 D AlarmManagerService: Kernel timezone updated to 0 minutes west of GMT
02-20 20:31:43.272  1913  1913 D SST     : setAndBroadcastNetworkSetTimeZone: call alarm.setTimeZone and broadcast zoneId=GMT
02-20 20:31:43.272  1913  1913 D TelephonyManager: setTelephonyProperty: success phoneId=0 property=gsm.operator.isroaming value: false propVal=false
02-20 20:31:43.272  1913  1913 D SST     : Broadcasting ServiceState : 0 0 voice home data home Android Android 310260 Android Android 310260  Unknown LTE CSS not supported -1 -1 RoamInd=-1 DefRoamInd=-1 EmergOnly=false IsDataRoamingFromRegistration=false IsUsingCarrierAggregation=false
02-20 20:31:43.272  1913  1933 D SubscriptionController: [getPhoneId]- no sims, returning default phoneId=2147483647
02-20 20:31:43.273  1913  1913 D DefaultPhoneNotifier: nofityServiceState: mRegistry=com.android.internal.telephony.ITelephonyRegistry$Stub$Proxy@1c1a92f ss=0 0 voice home data home Android Android 310260 Android Android 310260  Unknown LTE CSS not supported -1 -1 RoamInd=-1 DefRoamInd=-1 EmergOnly=false IsDataRoamingFromRegistration=false IsUsingCarrierAggregation=false sender=Handler (com.android.internal.telephony.GsmCdmaPhone) {a289d98} phondId=0 subId=-2
02-20 20:31:43.281  1913  1913 D SubscriptionController: [getSlotId]- subId invalid
02-20 20:31:43.281  1650  1686 D TelephonyManager: getSimState: default sim:-1, sim state for slotIdx=0 is 6, return state as unknown
02-20 20:31:43.282  1913  1913 D SST     : notifyDataRegStateRilRadioTechnologyChanged: drs=0 rat=14
02-20 20:31:43.282  1913  1913 D TelephonyManager: setTelephonyProperty: success phoneId=0 property=gsm.network.type value: LTE propVal=LTE
02-20 20:31:43.282  1913  1913 D DCT     : [0]get all active apn types
