02-20 20:31:40.126  1650  1650 W ActivityManager: Slow operation: 63ms so far, now at startProcess: done updating pids map
02-20 20:31:40.126  1650  1650 W ActivityManager: Slow operation: 63ms so far, now at startProcess: done starting proc!
02-20 20:31:40.141  1650  1683 I am_proc_bound: [0,1764,com.android.systemui]
02-20 20:31:40.146  1650  1686 I am_proc_bound: [0,1758,com.android.inputmethod.latin]
02-20 20:31:40.159  1650  1650 I am_proc_start: [0,1798,1037,WebViewLoader-x86_64,,]
02-20 20:31:40.159  1650  1650 I ActivityManager: Start proc 1798:WebViewLoader-x86_64/1037 [android.webkit.WebViewFactory$RelroFileCreator] for 
02-20 20:31:40.159  1650  1650 D NetworkManagement: enabling bandwidth control
02-20 20:31:40.181  1798  1798 W art     : Unexpected CPU variant for X86 using defaults: x86_64
02-20 20:31:40.183  1267  1302 V vold    : /dev/block/vold/disk:253,64: LABEL="SDCARD" UUID="1E12-0B12" TYPE="vfat" 
02-20 20:31:40.183  1267  1302 V vold    : 
02-20 20:31:40.183  1650  1724 D VoldConnector: RCV <- {650 public:253,64 0 "disk:253,64" ""}
02-20 20:31:40.183  1650  1724 D VoldConnector: RCV <- {651 public:253,64 0}
02-20 20:31:40.183  1650  1724 D VoldConnector: RCV <- {643 disk:253,64}
02-20 20:31:40.183  1650  1724 D VoldConnector: RCV <- {200 3 Command succeeded}
02-20 20:31:40.183  1650  1723 D VoldConnector: SND -> {4 volume user_added 0 0}
02-20 20:31:40.184  1650  1724 D VoldConnector: RCV <- {200 4 Command succeeded}
02-20 20:31:40.184  1650  1723 D VoldConnector: SND -> {5 volume mount emulated 3 -1}
02-20 20:31:40.185  1267  1302 V vold    : Waiting for FUSE to spin up...
02-20 20:31:40.185  1650  1724 D VoldConnector: RCV <- {651 emulated 1}
02-20 20:31:40.186  1650  1724 D VoldConnector: RCV <- {656 emulated /data/media}
02-20 20:31:40.186  1650  1724 D VoldConnector: RCV <- {655 emulated /storage/emulated}
02-20 20:31:40.188  1650  1790 E WVMExtractor: Failed to open libwvm.so: dlopen failed: library "libwvm.so" not found
02-20 20:31:40.198  1798  1798 V WebViewFactory: RelroFileCreator (64bit = true),  32-bit lib: /system/app/Chrome/Chrome.apk!/lib/x86/libmonochrome.so, 64-bit lib: /system/app/Chrome/Chrome.apk!/lib/x86_64/libmonochrome.so
02-20 20:31:40.208  1792  1792 W art     : Unexpected CPU variant for X86 using defaults: x86
02-20 20:31:40.233  1372  1372 I MediaPlayerService: MediaPlayerService::getOMX
02-20 20:31:40.221     0     0 D ieee80211 phy1: hw scan 2427 MHz
02-20 20:31:40.240  1267  1302 V vold    : Waiting for FUSE to spin up...
02-20 20:31:40.242  1372  1372 I OMXClient: MuxOMX ctor
02-20 20:31:40.243  1372  1372 I MediaPlayerService: MediaPlayerService::getOMX
02-20 20:31:40.245  1372  1372 I OMXClient: MuxOMX ctor
02-20 20:31:40.245  1369  1369 I OMXMaster: makeComponentInstance(OMX.google.mp3.decoder) in mediacodec process
02-20 20:31:40.269  1372  1372 I MediaPlayerService: MediaPlayerService::getOMX
02-20 20:31:40.269  1372  1372 I OMXClient: MuxOMX ctor
02-20 20:31:40.270  1650  1750 D AssetAtlas: Rendered atlas in 568.51ms (227.04+341.47ms)
02-20 20:31:40.278  1369  1415 I OMXMaster: makeComponentInstance(OMX.google.amrnb.decoder) in mediacodec process
02-20 20:31:40.281  1372  1372 I MediaPlayerService: MediaPlayerService::getOMX
02-20 20:31:40.282  1372  1372 I OMXClient: MuxOMX ctor
02-20 20:31:40.282  1369  1415 I OMXMaster: makeComponentInstance(OMX.google.amrwb.decoder) in mediacodec process
02-20 20:31:40.284  1372  1372 I MediaPlayerService: MediaPlayerService::getOMX
02-20 20:31:40.298  1267  1302 V vold    : Waiting for FUSE to spin up...
02-20 20:31:40.313  1805  1805 W sdcard  : Device explicitly disabled sdcardfs
02-20 20:31:40.316  1792  1792 V WebViewFactory: RelroFileCreator (64bit = false),  32-bit lib: /system/app/Chrome/Chrome.apk!/lib/x86/libmonochrome.so, 64-bit lib: /system/app/Chrome/Chrome.apk!/lib/x86_64/libmonochrome.so
02-20 20:31:40.320  1372  1372 I OMXClient: MuxOMX ctor
02-20 20:31:40.320  1369  1415 I OMXMaster: makeComponentInstance(OMX.google.aac.decoder) in mediacodec process
02-20 20:31:40.327     0     0 D SELinux : initialized (dev fuse, type fuse), uses genfs_contexts
02-20 20:31:40.324  1764  1764 W System  : ClassLoader referenced unknown path: /system/priv-app/SystemUIGoogle/lib/x86_64
02-20 20:31:40.331     0     0 D SELinux : initialized (dev fuse, type fuse), uses genfs_contexts
02-20 20:31:40.335     0     0 D SELinux : initialized (dev fuse, type fuse), uses genfs_contexts
02-20 20:31:40.345     0     0 D ieee80211 phy1: hw scan 2432 MHz
02-20 20:31:40.351  1650  1731 D WifiController: DEFERRED_TOGGLE handled
02-20 20:31:40.358  1372  1372 I MediaPlayerService: MediaPlayerService::getOMX
02-20 20:31:40.358  1372  1372 I OMXClient: MuxOMX ctor
02-20 20:31:40.358  1369  1369 I OMXMaster: makeComponentInstance(OMX.google.g711.alaw.decoder) in mediacodec process
02-20 20:31:40.361  1650  1724 D VoldConnector: RCV <- {651 emulated 2}
02-20 20:31:40.361  1650  1724 D VoldConnector: RCV <- {200 5 Command succeeded}
02-20 20:31:40.361  1650  1723 D VoldConnector: SND -> {6 volume mount public:253,64 2 0}
02-20 20:31:40.362  1267  1302 V vold    : /system/bin/blkid
02-20 20:31:40.362  1267  1302 V vold    :     -c
02-20 20:31:40.362  1267  1302 V vold    :     /dev/null
02-20 20:31:40.362  1267  1302 V vold    :     -s
02-20 20:31:40.362  1267  1302 V vold    :     TYPE
02-20 20:31:40.362  1267  1302 V vold    :     -s
02-20 20:31:40.362  1267  1302 V vold    :     UUID
02-20 20:31:40.362  1267  1302 V vold    :     -s
02-20 20:31:40.362  1267  1302 V vold    :     LABEL
02-20 20:31:40.362  1267  1302 V vold    :     /dev/block/vold/public:253,64
02-20 20:31:40.362  1650  1724 D VoldConnector: RCV <- {651 public:253,64 1}
02-20 20:31:40.432  1267  1302 V vold    : /dev/block/vold/public:253,64: LABEL="SDCARD" UUID="1E12-0B12" TYPE="vfat" 
02-20 20:31:40.432  1267  1302 V vold    : 
02-20 20:31:40.436  1267  1302 V vold    : /system/bin/fsck_msdos
02-20 20:31:40.436  1267  1302 V vold    :     -p
02-20 20:31:40.436  1267  1302 V vold    :     -f
02-20 20:31:40.436  1267  1302 V vold    :     /dev/block/vold/public:253,64
02-20 20:31:40.437  1650  1724 D VoldConnector: RCV <- {652 public:253,64 vfat}
02-20 20:31:40.437  1650  1724 D VoldConnector: RCV <- {653 public:253,64 1E12-0B12}
02-20 20:31:40.437  1650  1724 D VoldConnector: RCV <- {654 public:253,64 SDCARD}
02-20 20:31:40.443  1372  1372 I MediaPlayerService: MediaPlayerService::getOMX
02-20 20:31:40.443  1372  1372 I OMXClient: MuxOMX ctor
02-20 20:31:40.443  1369  1829 I OMXMaster: makeComponentInstance(OMX.google.g711.mlaw.decoder) in mediacodec process
02-20 20:31:40.445  1267  1302 I fsck_msdos: ** /dev/block/vold/public:253,64
02-20 20:31:40.446  1267  1302 I fsck_msdos: ** Phase 1 - Read and Compare FATs
02-20 20:31:40.446  1267  1302 I fsck_msdos: Attempting to allocate 1022 KB for FAT
02-20 20:31:40.459  1374  1491 D AT      : AT< +CGREG: 1,1
02-20 20:31:40.459  1374  1491 D AT      : AT< +CTEC: 1+CREG: 2,1, "0003", "005b"
02-20 20:31:40.459  1374  1491 D RIL     : Response: +CTEC: 1+CREG: 2,1, "0003", "005b"
02-20 20:31:40.459  1374  1491 D RIL     : line remaining after int: 1, "0003", "005b"
02-20 20:31:40.459  1374  1491 D RIL     : setRadioTechnology(1)
02-20 20:31:40.459  1374  1491 D RIL     : Tech change (0 => 1)
02-20 20:31:40.459  1374  1491 D AT      : AT< +CGREG: 1,1
02-20 20:31:40.461     0     0 W healthd : battery l=100 v=0 t=0.0 h=2 st=2 chg=a
02-20 20:31:40.462     0     0 D ieee80211 phy1: hw scan 2437 MHz
02-20 20:31:40.492  1372  1372 I MediaPlayerService: MediaPlayerService::getOMX
02-20 20:31:40.492  1372  1372 I OMXClient: MuxOMX ctor
02-20 20:31:40.492  1369  1415 I OMXMaster: makeComponentInstance(OMX.google.vorbis.decoder) in mediacodec process
02-20 20:31:40.541  1650  1650 W NetworkManagement: setDataSaverMode(): already false
02-20 20:31:40.542  1373  1688 D SoftapController: Softap fwReload - Ok
02-20 20:31:40.543  1267  1302 I fsck_msdos: Attempting to allocate 1022 KB for FAT
02-20 20:31:40.555  1373  1688 D CommandListener: Setting iface cfg
02-20 20:31:40.555  1373  1688 D CommandListener: Trying to bring down wlan0
02-20 20:31:40.556  1758  1758 I LatinIME: Hardware accelerated drawing: true
02-20 20:31:40.556  1373  1688 D CommandListener: Clearing all IP addresses on wlan0
02-20 20:31:40.559  1650  1732 E WifiMonitor: killSupplicant p2pfalse init.svc.wpa_supplicant=unknown init.svc.p2p_supplicant=unknown
02-20 20:31:40.561  1650  1732 E wifi    : Can not initialize the vendor function pointer table
02-20 20:31:40.561  1650  1732 E WifiNative-HAL: Could not start hal
02-20 20:31:40.561  1650  1732 E WifiStateMachine: Failed to start HAL
02-20 20:31:40.562  1650  1732 D WifiMonitor: startMonitoring(wlan0) with mConnected = false
02-20 20:31:40.562  1650  1732 E WifiHW  : Unable to open connection to supplicant on "@android:wpa_wlan0": No such file or directory
02-20 20:31:40.561     0     0 I init    : Starting service 'wpa_supplicant'...
02-20 20:31:40.576  1764  1764 V SystemUIService: Starting SystemUI services for user 0.
02-20 20:31:40.581     0     0 D ieee80211 phy1: hw scan 2442 MHz
02-20 20:31:40.600  1372  1372 I MediaPlayerService: MediaPlayerService::getOMX
02-20 20:31:40.601  1372  1372 I OMXClient: MuxOMX ctor
02-20 20:31:40.601  1369  1829 I OMXMaster: makeComponentInstance(OMX.google.opus.decoder) in mediacodec process
02-20 20:31:40.643  1267  1302 I fsck_msdos: ** Phase 2 - Check Cluster Chains
02-20 20:31:40.644  1267  1302 I fsck_msdos: ** Phase 3 - Checking Directories
02-20 20:31:40.645  1267  1302 I fsck_msdos: ** Phase 4 - Checking for Lost Files
02-20 20:31:40.646  1267  1302 I fsck_msdos: 27 files, 522176 free (261088 clusters)
02-20 20:31:40.655  1267  1302 I Vold    : Filesystem check completed OK
02-20 20:31:40.655  1650  1724 D VoldConnector: RCV <- {656 public:253,64 /mnt/media_rw/1E12-0B12}
02-20 20:31:40.656  1650  1724 D VoldConnector: RCV <- {655 public:253,64 /storage/1E12-0B12}
02-20 20:31:40.658  1798  1798 I art     : System.exit called, status: 0
02-20 20:31:40.658  1798  1798 I AndroidRuntime: VM exiting with result code 0, cleanup skipped.
02-20 20:31:40.661  1792  1792 I art     : System.exit called, status: 0
02-20 20:31:40.661  1792  1792 I AndroidRuntime: VM exiting with result code 0, cleanup skipped.
02-20 20:31:40.662  1267  1302 V vold    : Waiting for FUSE to spin up...
02-20 20:31:40.663  1861  1861 I wpa_supplicant: Successfully initialized wpa_supplicant
02-20 20:31:40.659     0     0 W FAT-fs (vde): Volume was not properly unmounted. Some data may be corrupt. Please run fsck.
02-20 20:31:40.661     0     0 D SELinux : initialized (dev vde, type vfat), uses genfs_contexts
02-20 20:31:40.664     0     0 D ieee80211 phy0: mac80211_hwsim_start
02-20 20:31:40.664     0     0 D ieee80211 phy0: mac80211_hwsim_add_interface (type=2 mac_addr=02:00:00:44:55:66)
02-20 20:31:40.664     0     0 D ieee80211 phy0: mac80211_hwsim_bss_info_changed(changed=0xe)
02-20 20:31:40.664     0     0 D ieee80211 phy0: ERP_CTS_PROT: 0
02-20 20:31:40.664     0     0 D ieee80211 phy0: ERP_PREAMBLE: 0
02-20 20:31:40.664     0     0 D ieee80211 phy0: ERP_SLOT: 0
02-20 20:31:40.664     0     0 D ieee80211 phy0: mac80211_hwsim_conf_tx (queue=0 txop=0 cw_min=15 cw_max=1023 aifs=2)
02-20 20:31:40.664     0     0 D ieee80211 phy0: mac80211_hwsim_conf_tx (queue=1 txop=0 cw_min=15 cw_max=1023 aifs=2)
02-20 20:31:40.664     0     0 D ieee80211 phy0: mac80211_hwsim_conf_tx (queue=2 txop=0 cw_min=15 cw_max=1023 aifs=2)
02-20 20:31:40.664     0     0 D ieee80211 phy0: mac80211_hwsim_conf_tx (queue=3 txop=0 cw_min=15 cw_max=1023 aifs=2)
02-20 20:31:40.664     0     0 D ieee80211 phy0: mac80211_hwsim_bss_info_changed(changed=0x2000)
02-20 20:31:40.664     0     0 D ieee80211 phy0: mac80211_hwsim_config (freq=0 idle=0 ps=0 smps=auto)
02-20 20:31:40.664     0     0 I IPv6    : ADDRCONF(NETDEV_UP): wlan0: link is not ready
02-20 20:31:40.665     0     0 D ieee80211 phy0: mac80211_hwsim_configure_filter
02-20 20:31:40.664  1861  1861 I wpa_supplicant: rfkill: Cannot open RFKILL control device
02-20 20:31:40.665  1861  1861 I wpa_supplicant: nl80211: Could not re-add multicast membership for vendor events: -2 (No such file or directory)
02-20 20:31:40.669  1372  1372 I MediaPlayerService: MediaPlayerService::getOMX
02-20 20:31:40.670  1372  1372 I OMXClient: MuxOMX ctor
02-20 20:31:40.670  1369  1830 I OMXMaster: makeComponentInstance(OMX.google.raw.decoder) in mediacodec process
02-20 20:31:40.677  1372  1372 I MediaPlayerService: MediaPlayerService::getOMX
02-20 20:31:40.677  1372  1372 I OMXClient: MuxOMX ctor
02-20 20:31:40.677  1369  1830 I OMXMaster: makeComponentInstance(OMX.google.aac.encoder) in mediacodec process
02-20 20:31:40.678  1650  1650 D NetworkPolicy: setRestrictBackgroundUL(): false
02-20 20:31:40.678  1650  1650 W NetworkManagement: setDataSaverMode(): already false
02-20 20:31:40.689  1875  1875 W sdcard  : Device explicitly disabled sdcardfs
02-20 20:31:40.700  1372  1372 I MediaPlayerService: MediaPlayerService::getOMX
02-20 20:31:40.700  1372  1372 I OMXClient: MuxOMX ctor
02-20 20:31:40.700  1369  1369 I OMXMaster: makeComponentInstance(OMX.google.amrnb.encoder) in mediacodec process
02-20 20:31:40.704  1372  1372 I MediaPlayerService: MediaPlayerService::getOMX
02-20 20:31:40.704  1372  1372 I OMXClient: MuxOMX ctor
02-20 20:31:40.704  1369  1369 I OMXMaster: makeComponentInstance(OMX.google.amrwb.encoder) in mediacodec process
02-20 20:31:40.709  1372  1372 I MediaPlayerService: MediaPlayerService::getOMX
02-20 20:31:40.709  1372  1372 I OMXClient: MuxOMX ctor
02-20 20:31:40.709  1369  1369 I OMXMaster: makeComponentInstance(OMX.google.flac.encoder) in mediacodec process
02-20 20:31:40.701     0     0 D ieee80211 phy1: hw scan 2447 MHz
02-20 20:31:40.703     0     0 D SELinux : initialized (dev fuse, type fuse), uses genfs_contexts
02-20 20:31:40.704     0     0 D SELinux : initialized (dev fuse, type fuse), uses genfs_contexts
02-20 20:31:40.704     0     0 D SELinux : initialized (dev fuse, type fuse), uses genfs_contexts
02-20 20:31:40.727  1650  1724 D VoldConnector: RCV <- {651 public:253,64 2}
02-20 20:31:40.728  1650  1724 D VoldConnector: RCV <- {200 6 Command succeeded}
02-20 20:31:40.732  1764  1764 V MediaRouter: Adding route: RouteInfo{ name=Phone, description=null, status=null, category=RouteCategory{ name=null types=ROUTE_TYPE_LIVE_AUDIO ROUTE_TYPE_LIVE_VIDEO  groupable=false }, supportedTypes=ROUTE_TYPE_LIVE_AUDIO ROUTE_TYPE_LIVE_VIDEO , presentationDisplay=null }
02-20 20:31:40.733  1764  1764 V MediaRouter: Updating audio routes: AudioRoutesInfo{ type=SPEAKER }
02-20 20:31:40.735  1764  1764 V MediaRouter: Selecting route: RouteInfo{ name=Phone, description=null, status=null, category=RouteCategory{ name=null types=ROUTE_TYPE_LIVE_AUDIO ROUTE_TYPE_LIVE_VIDEO  groupable=false }, supportedTypes=ROUTE_TYPE_LIVE_AUDIO ROUTE_TYPE_LIVE_VIDEO , presentationDisplay=null }
02-20 20:31:40.742  1758  1758 W InputAttributes: No editor info for this field. Bug?
02-20 20:31:40.754  1861  1861 E wpa_supplicant: global ctrl interface @android:wpa_wlan0 matches ctrl interface wlan0 - do not open per-interface ctrl interface
02-20 20:31:40.765  1758  1894 I LatinIME:LogUtils: Dictionary info: dictionary = userunigram.en_US ; version = 1519158700 ; date = ?
02-20 20:31:40.766  1650  1705 D TelephonyRegistry: listen oscl: hasNotifySubscriptionInfoChangedOccurred==false no callback
02-20 20:31:40.771  1758  1894 E ActivityThread: Failed to find provider info for user_dictionary
02-20 20:31:40.771  1758  1894 I LatinIME:LogUtils: Dictionary info: dictionary = UserHistoryDictionary.en_US ; version = 1519158700 ; date = ?
02-20 20:31:40.779  1372  1372 I MediaPlayerService: MediaPlayerService::getOMX
02-20 20:31:40.779  1372  1372 I OMXClient: MuxOMX ctor
02-20 20:31:40.779  1369  1415 I OMXMaster: makeComponentInstance(OMX.google.gsm.decoder) in mediacodec process
02-20 20:31:40.805  1372  1372 I MediaPlayerService: MediaPlayerService::getOMX
02-20 20:31:40.820     0     0 D ieee80211 phy1: hw scan 2452 MHz
02-20 20:31:40.805  1372  1372 I OMXClient: MuxOMX ctor
02-20 20:31:40.806  1369  1369 I OMXMaster: makeComponentInstance(OMX.google.mpeg4.decoder) in mediacodec process
02-20 20:31:40.834  1650  1650 I SystemServiceManager: Starting phase 600
02-20 20:31:40.839  1650  1650 D SensorNotificationService: Cannot obtain dynamic meta sensor, not supported.
02-20 20:31:40.840  1650  1650 D TelephonyRegistry: listen oscl: hasNotifySubscriptionInfoChangedOccurred==false no callback
02-20 20:31:40.844  1650  1728 I netstats_mobile_sample: [0,0,0,0,0,0,0,0,0,0,0,0,-1]
02-20 20:31:40.844  1650  1728 I netstats_wifi_sample: [0,0,0,0,0,0,0,0,0,0,0,0,-1]
02-20 20:31:40.850  1764  1904 E WVMExtractor: Failed to open libwvm.so: dlopen failed: library "libwvm.so" not found
02-20 20:31:40.853  1650  1650 I GnssLocationProvider: WakeLock acquired by sendMessage(13, 0, null)
02-20 20:31:40.857  1650  1650 W LocationProviderProxy-network: Odd, no component found for service com.android.location.service.v3.NetworkLocationProvider
02-20 20:31:40.858  1650  1650 W GeocoderProxy: Odd, no component found for service com.android.location.service.GeocodeProvider
02-20 20:31:40.859  1650  1650 E FlpHardwareProvider: Error hw_get_module 'flp': -2
02-20 20:31:40.859  1650  1650 D LocationManagerService: FLP HAL not supported
02-20 20:31:40.860  1369  1830 E OMXNodeInstance: getExtensionIndex(559000f:google.mpeg4.decoder, OMX.google.android.index.configureVideoTunnelMode) ERROR: UnsupportedIndex(0x8000101a)
02-20 20:31:40.860  1369  1829 W OMXNodeInstance: [559000f:google.mpeg4.decoder] component does not support metadata mode; using fallback
02-20 20:31:40.860  1650  1650 W GeofenceProxy: Odd, no component found for service com.android.location.service.GeofenceProvider
02-20 20:31:40.861  1650  1650 E ActivityRecognitionHardware: Error hw_get_module: -2
02-20 20:31:40.861  1650  1650 D LocationManagerService: Hardware Activity-Recognition not supported.
02-20 20:31:40.861  1650  1650 W ActivityRecognitionProxy: Odd, no component found for service com.android.location.service.ActivityRecognitionProvider
02-20 20:31:40.861  1650  1650 I GnssLocationProvider: WakeLock acquired by sendMessage(2, 1, null)
02-20 20:31:40.865  1372  1372 I MediaPlayerService: MediaPlayerService::getOMX
02-20 20:31:40.865  1372  1372 I OMXClient: MuxOMX ctor
02-20 20:31:40.865  1369  1415 I OMXMaster: makeComponentInstance(OMX.google.h263.decoder) in mediacodec process
02-20 20:31:40.869  1650  1650 I CommonTimeManagementService: No common time service detected on this platform.  Common time services will be unavailable.
02-20 20:31:40.870  1650  1722 I InputReader: Reconfiguring input devices.  changes=0x00000020
02-20 20:31:40.871  1650  1722 I InputReader: Reconfiguring input devices.  changes=0x00000010
02-20 20:31:40.871  1650  1650 D TelephonyRegistry: systemRunning register for intents
02-20 20:31:40.871  1650  1650 I MmsServiceBroker: Delay connecting to MmsService until an API is called
02-20 20:31:40.880  1650  1650 I am_proc_start: [0,1913,1001,com.android.phone,added application,com.android.phone]
02-20 20:31:40.880  1650  1650 I ActivityManager: Start proc 1913:com.android.phone/1001 for added application com.android.phone
02-20 20:31:40.885  1650  1650 I ActivityManager: START u0 {act=android.intent.action.MAIN cat=[android.intent.category.HOME] flg=0x10000100 cmp=com.android.settings/.FallbackHome} from uid 0 on display 0
02-20 20:31:40.886  1650  1650 W System  : ClassLoader referenced unknown path: 
02-20 20:31:40.886  1650  1650 W System  : ClassLoader referenced unknown path: /system/priv-app/Settings/lib/x86_64
02-20 20:31:40.886  1913  1913 W art     : Unexpected CPU variant for X86 using defaults: x86_64
02-20 20:31:40.887  1650  1650 D ApplicationLoaders: ignored Vulkan layer search path /system/priv-app/Settings/lib/x86_64:/system/priv-app/Settings/Settings.apk!/lib/x86_64:/system/lib64:/vendor/lib64 for namespace 0x722dd2b50160
02-20 20:31:40.889  1650  1650 I ActivityManager: Loaded persisted task ids for user 0
02-20 20:31:40.890  1650  1650 I am_create_task: [0,1]
02-20 20:31:40.891  1650  1650 I am_create_activity: [0,224926309,1,com.android.settings/.FallbackHome,android.intent.action.MAIN,NULL,NULL,276824320]
02-20 20:31:40.891  1650  1650 I wm_task_created: [1,0]
02-20 20:31:40.892  1650  1650 I wm_task_moved: [1,1,0]
02-20 20:31:40.892  1650  1650 I wm_task_moved: [1,1,0]
02-20 20:31:40.892  1650  1650 I am_focused_activity: [0,com.android.settings/.FallbackHome,startedActivity]
02-20 20:31:40.893  1650  1691 W GnssLocationProvider: Could not open GPS configuration file /etc/gps.conf
02-20 20:31:40.893  1650  1691 E GnssLocationProvider: no AGPS interface in set_agps_server
02-20 20:31:40.893  1650  1691 D TelephonyRegistry: listen oscl: hasNotifySubscriptionInfoChangedOccurred==false no callback
02-20 20:31:40.897  1369  1829 E OMXNodeInstance: getExtensionIndex(5590010:google.h263.decoder, OMX.google.android.index.configureVideoTunnelMode) ERROR: UnsupportedIndex(0x8000101a)
02-20 20:31:40.897  1369  1369 W OMXNodeInstance: [5590010:google.h263.decoder] component does not support metadata mode; using fallback
02-20 20:31:40.897  1650  1650 I am_proc_start: [0,1928,1000,com.android.settings,activity,com.android.settings/.FallbackHome]
02-20 20:31:40.897  1650  1650 I ActivityManager: Start proc 1928:com.android.settings/1000 for activity com.android.settings/.FallbackHome
02-20 20:31:40.898  1650  1650 I SystemServer: Enabled StrictMode for system server main thread.
02-20 20:31:40.898  1650  1683 I am_proc_bound: [0,1913,com.android.phone]
02-20 20:31:40.940     0     0 D ieee80211 phy1: hw scan 2457 MHz
02-20 20:31:40.923  1650  1650 D ConditionProviders.SCP: onConnected
02-20 20:31:40.923  1650  1650 D ZenLog  : set_zen_mode: off,readXml
02-20 20:31:40.923  1372  1372 I MediaPlayerService: MediaPlayerService::getOMX
02-20 20:31:40.923  1372  1372 I OMXClient: MuxOMX ctor
02-20 20:31:40.923  1369  1369 I OMXMaster: makeComponentInstance(OMX.google.h264.decoder) in mediacodec process
02-20 20:31:40.924  1928  1928 W art     : Unexpected CPU variant for X86 using defaults: x86_64
02-20 20:31:40.924  1650  1650 D ConditionProviders: Subscribing to condition://android/schedule?days=6.7&start=23.30&end=10.0&exitAtAlarm=false with ComponentInfo{android/com.android.server.notification.ScheduleConditionProvider}
02-20 20:31:40.924  1650  1650 D ZenLog  : subscribe: condition://android/schedule?days=6.7&start=23.30&end=10.0&exitAtAlarm=false,ok
02-20 20:31:40.924  1650  1650 D ConditionProviders: Subscribing to condition://android/event?userId=-10000&calendar=&reply=1 with ComponentInfo{android/com.android.server.notification.EventConditionProvider}
02-20 20:31:40.924  1650  1650 D ZenLog  : subscribe: condition://android/event?userId=-10000&calendar=&reply=1,ok
02-20 20:31:40.924  1650  1650 D ConditionProviders: Subscribing to condition://android/schedule?days=1.2.3.4.5&start=22.0&end=7.0&exitAtAlarm=false with ComponentInfo{android/com.android.server.notification.ScheduleConditionProvider}
02-20 20:31:40.924  1650  1650 D ZenLog  : subscribe: condition://android/schedule?days=1.2.3.4.5&start=22.0&end=7.0&exitAtAlarm=false,ok
02-20 20:31:40.928  1650  1693 W WindowManager: Keyguard drawn timeout. Setting mKeyguardDrawComplete
02-20 20:31:40.930  1650  1691 I GnssLocationProvider: WakeLock released by handleMessage(13, 0, null)
02-20 20:31:40.930  1650  1691 E GnssLocationProvider: no AGPS interface in set_agps_server
02-20 20:31:40.930  1650  1691 I GnssLocationProvider: WakeLock released by handleMessage(2, 1, null)
02-20 20:31:40.940  1650  1691 W LocationProviderProxy-network: Odd, no component found for service com.android.location.service.v3.NetworkLocationProvider
02-20 20:31:40.945  1650  1691 W GeocoderProxy: Odd, no component found for service com.android.location.service.GeocodeProvider
02-20 20:31:40.955  1650  1691 W GeofenceProxy: Odd, no component found for service com.android.location.service.GeofenceProvider
02-20 20:31:40.957  1650  1691 W ActivityRecognitionProxy: Odd, no component found for service com.android.location.service.ActivityRecognitionProvider
02-20 20:31:40.958  1650  1650 D RttService: SCAN_AVAILABLE : 1
02-20 20:31:40.958  1650  1650 D ZenLog  : set_zen_mode: off,cleanUpZenRules
02-20 20:31:40.960  1650  1738 D RttService: DefaultState got{ when=-2ms what=160513 target=com.android.internal.util.StateMachine$SmHandler }
02-20 20:31:40.960  1650  1737 I WifiScanningService: wifi driver unloaded
02-20 20:31:40.971  1650  1797 I am_proc_bound: [0,1928,com.android.settings]
02-20 20:31:40.972  1650  1650 W System  : ClassLoader referenced unknown path: /system/priv-app/Telecom/lib/x86_64
02-20 20:31:40.972  1650  1650 D ApplicationLoaders: ignored Vulkan layer search path /system/priv-app/Telecom/lib/x86_64:/system/priv-app/Telecom/Telecom.apk!/lib/x86_64:/system/lib64:/vendor/lib64 for namespace 0x722dd2b501d0
02-20 20:31:40.994  1913  1913 W System  : ClassLoader referenced unknown path: /system/priv-app/TeleService/lib/x86_64
02-20 20:31:40.995  1372  1372 W ACodec  : [OMX.google.h264.decoder] stopping checking profiles after 32: 2/8000
02-20 20:31:40.995  1369  1830 E OMXNodeInstance: getExtensionIndex(5590011:google.h264.decoder, OMX.google.android.index.configureVideoTunnelMode) ERROR: UnsupportedIndex(0x8000101a)
02-20 20:31:40.995  1369  1369 W OMXNodeInstance: [5590011:google.h264.decoder] component does not support metadata mode; using fallback
02-20 20:31:41.003  1372  1372 I MediaPlayerService: MediaPlayerService::getOMX
02-20 20:31:41.003  1372  1372 I OMXClient: MuxOMX ctor
02-20 20:31:41.003  1369  1369 I OMXMaster: makeComponentInstance(OMX.google.hevc.decoder) in mediacodec process
02-20 20:31:41.012  1758  1894 I LatinIME:LogUtils: Dictionary info: dictionary = main:en ; version = 54 ; date = 1414726273
02-20 20:31:41.045  1369  1829 E OMXNodeInstance: getExtensionIndex(5590012:google.hevc.decoder, OMX.google.android.index.configureVideoTunnelMode) ERROR: UnsupportedIndex(0x8000101a)
02-20 20:31:41.045  1369  1369 W OMXNodeInstance: [5590012:google.hevc.decoder] component does not support metadata mode; using fallback
02-20 20:31:41.046  1372  1372 I MediaPlayerService: MediaPlayerService::getOMX
02-20 20:31:41.047  1372  1372 I OMXClient: MuxOMX ctor
02-20 20:31:41.047  1369  1415 I OMXMaster: makeComponentInstance(OMX.google.vp8.decoder) in mediacodec process
02-20 20:31:41.062     0     0 D ieee80211 phy1: hw scan 2462 MHz
02-20 20:31:41.073  1312  1325 D PermissionCache: checking android.permission.READ_FRAME_BUFFER for uid=1000 => granted (10032 us)
02-20 20:31:41.089  1369  1369 E OMXNodeInstance: getExtensionIndex(5590013:google.vp8.decoder, OMX.google.android.index.configureVideoTunnelMode) ERROR: UnsupportedIndex(0x8000101a)
02-20 20:31:41.089  1369  1830 W OMXNodeInstance: [5590013:google.vp8.decoder] component does not support metadata mode; using fallback
02-20 20:31:41.090  1372  1372 I MediaPlayerService: MediaPlayerService::getOMX
02-20 20:31:41.090  1372  1372 I OMXClient: MuxOMX ctor
02-20 20:31:41.090  1369  1829 I OMXMaster: makeComponentInstance(OMX.google.vp9.decoder) in mediacodec process
02-20 20:31:41.107  1312  1325 D gralloc_ranchu: gralloc_alloc: Creating ashmem region of size 17051648
02-20 20:31:41.112  1369  1369 E OMXNodeInstance: getExtensionIndex(5590014:google.vp9.decoder, OMX.google.android.index.configureVideoTunnelMode) ERROR: UnsupportedIndex(0x8000101a)
02-20 20:31:41.112  1369  1415 W OMXNodeInstance: [5590014:google.vp9.decoder] component does not support metadata mode; using fallback
02-20 20:31:41.115  1372  1372 I MediaPlayerService: MediaPlayerService::getOMX
02-20 20:31:41.115  1372  1372 I OMXClient: MuxOMX ctor
02-20 20:31:41.115  1369  1415 I OMXMaster: makeComponentInstance(OMX.google.h263.encoder) in mediacodec process
02-20 20:31:41.133  1369  1415 I SoftMPEG4Encoder: Construct SoftMPEG4Encoder
02-20 20:31:41.134  1372  1372 W ACodec  : do not know color format 0x7f000789 = 2130708361
02-20 20:31:41.135  1369  1415 E OMXNodeInstance: getConfig(5590015:google.h263.encoder, ConfigAndroidIntraRefresh(0x6f60000a)) ERROR: Undefined(0x80001001)
02-20 20:31:41.136  1372  1372 I MediaPlayerService: MediaPlayerService::getOMX
02-20 20:31:41.136  1372  1372 I OMXClient: MuxOMX ctor
02-20 20:31:41.136  1369  1829 I OMXMaster: makeComponentInstance(OMX.google.h264.encoder) in mediacodec process
02-20 20:31:41.165  1372  1372 W ACodec  : do not know color format 0x7f000789 = 2130708361
02-20 20:31:41.167  1372  1372 I MediaPlayerService: MediaPlayerService::getOMX
02-20 20:31:41.167  1372  1372 I OMXClient: MuxOMX ctor
02-20 20:31:41.167  1369  1830 I OMXMaster: makeComponentInstance(OMX.google.mpeg4.encoder) in mediacodec process
02-20 20:31:41.180  1369  1830 I SoftMPEG4Encoder: Construct SoftMPEG4Encoder
02-20 20:31:41.180  1372  1372 W ACodec  : do not know color format 0x7f000789 = 2130708361
02-20 20:31:41.180  1369  1415 E OMXNodeInstance: getConfig(5590017:google.mpeg4.encoder, ConfigAndroidIntraRefresh(0x6f60000a)) ERROR: Undefined(0x80001001)
02-20 20:31:41.182  1372  1372 I MediaPlayerService: MediaPlayerService::getOMX
02-20 20:31:41.182  1372  1372 I OMXClient: MuxOMX ctor
02-20 20:31:41.182  1369  1829 I OMXMaster: makeComponentInstance(OMX.google.vp8.encoder) in mediacodec process
02-20 20:31:41.180     0     0 D ieee80211 phy1: hw scan complete
02-20 20:31:41.180     0     0 D ieee80211 phy1: mac80211_hwsim_get_survey (idx=0)
02-20 20:31:41.199  1372  1372 W ACodec  : do not know color format 0x7f000789 = 2130708361
02-20 20:31:41.200  1369  1829 E OMXNodeInstance: getConfig(5590018:google.vp8.encoder, ConfigAndroidIntraRefresh(0x6f60000a)) ERROR: Undefined(0x80001001)
02-20 20:31:41.201  1372  1372 I MediaPlayerService: MediaPlayerService::getOMX
02-20 20:31:41.201  1372  1372 I OMXClient: MuxOMX ctor
02-20 20:31:41.202  1372  1372 I MediaPlayerService: MediaPlayerService::getOMX
02-20 20:31:41.202  1372  1372 I OMXClient: MuxOMX ctor
02-20 20:31:41.202  1372  1372 W MediaCodecList: unable to open media codecs configuration xml file: /data/misc/media/media_codecs_profiling_results.xml
02-20 20:31:41.204  1372  1437 I MediaPlayerService: MediaPlayerService::getOMX
02-20 20:31:41.204  1372  1832 I MediaPlayerService: MediaPlayerService::getOMX
02-20 20:31:41.205  1764  1908 I OMXClient: MuxOMX ctor
02-20 20:31:41.205  1650  1820 I OMXClient: MuxOMX ctor
02-20 20:31:41.205  1369  1369 I OMXMaster: makeComponentInstance(OMX.google.vorbis.decoder) in mediacodec process
02-20 20:31:41.220  1650  1797 I am_restart_activity: [0,224926309,1,com.android.settings/.FallbackHome]
02-20 20:31:41.221  1650  1699 W art     : Long monitor contention with owner Binder:1650_4 (1797) at void com.android.server.wm.WindowManagerService.startAppFreezingScreen(android.os.IBinder, int)(WindowManagerService.java:4812) waiters=0 in void com.android.server.wm.WindowAnimator$1.doFrame(long) for 216ms
02-20 20:31:41.221  1650  1699 I dvm_lock_sample: [system_server,1,android.display,216,WindowAnimator.java,144,WindowManagerService.java,4812,43]
02-20 20:31:41.222  1480  1480 E hostapd : Using interface wlan1 with hwaddr 02:00:00:00:01:00 and ssid "AndroidWifi"
02-20 20:31:41.222  1480  1480 I hostapd : wlan1: interface state HT_SCAN->ENABLED
02-20 20:31:41.223  1480  1480 I hostapd : wlan1: AP-ENABLED 
02-20 20:31:41.224  1650  1683 W art     : Long monitor contention with owner Binder:1650_4 (1797) at void com.android.server.am.ActivityManagerService.attachApplication(android.app.IApplicationThread)(ActivityManagerService.java:6669) waiters=0 in java.lang.String com.android.server.am.ActivityManagerService.checkContentProviderAccess(java.lang.String, int) for 251ms
02-20 20:31:41.224  1650  1683 I dvm_lock_sample: [system_server,1,Binder:1650_1,251,ActivityManagerService.java,10435,-,6669,50]
02-20 20:31:41.224  1650  1650 W art     : Long monitor contention with owner Binder:1650_4 (1797) at void com.android.server.am.ActivityManagerService.attachApplication(android.app.IApplicationThread)(ActivityManagerService.java:6669) waiters=1 in void com.android.server.am.ActivityManagerService.serviceDoneExecuting(android.os.IBinder, int, int, int) for 234ms
02-20 20:31:41.224  1650  1650 I dvm_lock_sample: [system_server,1,main,234,ActivityManagerService.java,17339,-,6669,46]
02-20 20:31:41.222     0     0 D ieee80211 phy1: mac80211_hwsim_config (freq=0 idle=0 ps=0 smps=auto)
02-20 20:31:41.222     0     0 D ieee80211 phy1: add channel context control: 2447 MHz/width: 2/cfreqs:2437/0 MHz
02-20 20:31:41.222     0     0 D ieee80211 phy1: mac80211_hwsim_bss_info_changed(changed=0x40000)
02-20 20:31:41.222     0     0 D ieee80211 phy1: TX Power: 20 dBm
02-20 20:31:41.222     0     0 D ieee80211 phy1: mac80211_hwsim_bss_info_changed(changed=0x4000)
02-20 20:31:41.222     0     0 D ieee80211 phy1: change channel context control: 2447 MHz/width: 2/cfreqs:2437/0 MHz
02-20 20:31:41.222     0     0 D ieee80211 phy1: mac80211_hwsim_bss_info_changed(changed=0x88340)
02-20 20:31:41.222     0     0 D ieee80211 phy1: BCNINT: 100
02-20 20:31:41.222     0     0 D ieee80211 phy1: BCN EN: 1
02-20 20:31:41.222     0     0 D ieee80211 phy1: mac80211_hwsim_bss_info_changed(changed=0x3e)
02-20 20:31:41.222     0     0 D ieee80211 phy1: ERP_CTS_PROT: 0
02-20 20:31:41.222     0     0 D ieee80211 phy1: ERP_PREAMBLE: 0
02-20 20:31:41.222     0     0 D ieee80211 phy1: ERP_SLOT: 1
02-20 20:31:41.222     0     0 D ieee80211 phy1: HT: op_mode=0x0
02-20 20:31:41.222     0     0 D ieee80211 phy1: BASIC_RATES: 0xf
02-20 20:31:41.222     0     0 D ieee80211 phy1: mac80211_hwsim_conf_tx (queue=0 txop=47 cw_min=3 cw_max=7 aifs=1)
02-20 20:31:41.222     0     0 D ieee80211 phy1: mac80211_hwsim_bss_info_changed(changed=0x2000)
02-20 20:31:41.222     0     0 D ieee80211 phy1: mac80211_hwsim_conf_tx (queue=1 txop=94 cw_min=7 cw_max=15 aifs=1)
02-20 20:31:41.222     0     0 D ieee80211 phy1: mac80211_hwsim_bss_info_changed(changed=0x2000)
02-20 20:31:41.222     0     0 D ieee80211 phy1: mac80211_hwsim_conf_tx (queue=2 txop=0 cw_min=15 cw_max=63 aifs=3)
02-20 20:31:41.222     0     0 D ieee80211 phy1: mac80211_hwsim_bss_info_changed(changed=0x2000)
02-20 20:31:41.222     0     0 D ieee80211 phy1: mac80211_hwsim_conf_tx (queue=3 txop=0 cw_min=15 cw_max=1023 aifs=7)
02-20 20:31:41.222     0     0 D ieee80211 phy1: mac80211_hwsim_bss_info_changed(changed=0x2000)
02-20 20:31:41.223     0     0 I IPv6    : ADDRCONF(NETDEV_CHANGE): wlan1: link becomes ready
02-20 20:31:41.224     0     0 D ieee80211 phy1: mac80211_hwsim_configure_filter
02-20 20:31:41.247  1369  1415 I OMXMaster: makeComponentInstance(OMX.google.vorbis.decoder) in mediacodec process
02-20 20:31:41.273  1913  1913 W System  : ClassLoader referenced unknown path: /system/priv-app/TelephonyProvider/lib/x86_64
02-20 20:31:41.274  1913  1913 D ApplicationLoaders: ignored Vulkan layer search path /system/priv-app/TelephonyProvider/lib/x86_64:/system/lib64:/vendor/lib64 for namespace 0x722dd2ae50f0
02-20 20:31:41.312  1928  1928 W System  : ClassLoader referenced unknown path: /system/priv-app/Settings/lib/x86_64
02-20 20:31:41.326  1372  1437 I MediaPlayerService: MediaPlayerService::getOMX
02-20 20:31:41.326  1650  1979 I OMXClient: MuxOMX ctor
02-20 20:31:41.326  1369  1415 I OMXMaster: makeComponentInstance(OMX.google.vorbis.decoder) in mediacodec process
02-20 20:31:41.327  1372  1910 I MediaPlayerService: MediaPlayerService::getOMX
02-20 20:31:41.327  1764  1980 I OMXClient: MuxOMX ctor
02-20 20:31:41.332  1650  1650 E BluetoothAdapter: Bluetooth binder is null
02-20 20:31:41.354  1913  1913 D TelephonyProvider: dbh.onOpen: ok, queried table=siminfo
02-20 20:31:41.356  1913  1913 D TelephonyProvider: dbh.onOpen: ok, queried table=carriers
02-20 20:31:41.377  1928  1928 I am_on_resume_called: [0,com.android.settings.FallbackHome,LAUNCH_ACTIVITY]
02-20 20:31:41.380  1369  1829 I OMXMaster: makeComponentInstance(OMX.google.vorbis.decoder) in mediacodec process
02-20 20:31:41.390  1312  1323 E SurfaceFlinger: ro.sf.lcd_density must be defined as a build property
02-20 20:31:41.405  1650  1650 I Telecom : SystemStateProvider: Registering car mode receiver: android.content.IntentFilter@26040f9: TS.init@AAA
02-20 20:31:41.423  1913  1913 D TDC     : updateOrInsert: inserting: Modem { uuid=modem, state=0, rilModel=0, rat={}, maxActiveVoiceCall=1, maxActiveDataCall=1, maxStandby=1 }
02-20 20:31:41.423  1913  1913 D TDC     : updateOrInsert: inserting: Sim { uuid=sim, modemUuid=modem, state=0 }
02-20 20:31:41.431  1913  1913 D CdmaSSM : subscriptionSource from settings: 0
02-20 20:31:41.431  1913  1913 I PhoneFactory: Cdma Subscription set to 0
02-20 20:31:41.436  1928  1928 D         : HostConnection::get() New Host Connection established 0x722dce42f100, tid 1928
02-20 20:31:41.444  1372  1437 I MediaPlayerService: MediaPlayerService::getOMX
02-20 20:31:41.446  1764  1989 I OMXClient: MuxOMX ctor
02-20 20:31:41.447  1369  1369 I OMXMaster: makeComponentInstance(OMX.google.vorbis.decoder) in mediacodec process
02-20 20:31:41.458  1764  1764 I vol.Events: writeEvent collection_started
02-20 20:31:41.463  1650  1988 I Telecom : Telecom: Non-call EVENT: AUDIO_ROUTE, Entering state QuiescentEarpieceRoute
02-20 20:31:41.476  1764  1992 I sysui_action: [213,2]
02-20 20:31:41.476  1764  1992 I vol.Events: writeEvent external_ringer_mode_changed normal
02-20 20:31:41.476  1764  1992 I vol.Events: writeEvent internal_ringer_mode_changed normal
02-20 20:31:41.477  1913  1913 I PhoneFactory: Network Mode set to 0
02-20 20:31:41.486  1650  1993 I Telecom : CallAudioModeStateMachine: Message received: null.: TS.init->CAMSM.pM_1@AAA_0
02-20 20:31:41.495  1913  1913 D RILJ    : RIL(context, preferredNetworkType=0 cdmaSubscription=0)
02-20 20:31:41.500  1650  1650 E BluetoothAdapter: Bluetooth binder is null
02-20 20:31:41.508  1650  1994 E ActivityThread: Failed to find provider info for call_log
02-20 20:31:41.510  1913  1913 D RILJ    : Starting RILReceiver0 [SUB0]
02-20 20:31:41.511  1374  1489 I RILC    : libril: new connection to RIL_SOCKET_1
02-20 20:31:41.511  1374  1489 I RILC    : RIL Daemon version: android reference-ril 1.0
02-20 20:31:41.511  1913  1997 I RILJ    : (0) Connected to 'rild' socket
02-20 20:31:41.513  1913  1997 D RILJ    : [UNSL]< UNSOL_RIL_CONNECTED {12} [SUB0]
02-20 20:31:41.514  1913  1913 D RILJ    : [3648]> GET_HARDWARE_CONFIG [SUB0]
02-20 20:31:41.514  1913  1997 D RILJ    : [3649]> RADIO_POWER off [SUB0]
02-20 20:31:41.515  1913  1913 I PhoneFactory: Creating SubscriptionController
02-20 20:31:41.516  1374  1489 D RIL     : onRequest: GET_HARDWARE_CONFIG
02-20 20:31:41.523  1913  1997 D RILJ    : [3650]> RIL_REQUEST_CDMA_SET_SUBSCRIPTION_SOURCE : 0 [SUB0]
02-20 20:31:41.523  1374  1489 D RIL     : onRequest: RADIO_POWER
02-20 20:31:41.523  1913  1997 D RILJ    : setCellInfoListRate: 2147483647 [SUB0]
02-20 20:31:41.523  1913  1997 D RILJ    : [3651]> RIL_REQUEST_SET_CELL_INFO_LIST_RATE [SUB0]
02-20 20:31:41.524  1374  1489 D RIL     : onRequest: CDMA_SET_SUBSCRIPTION_SOURCE
02-20 20:31:41.524  1650  1650 I Telecom : Class: TelecomSystem.INSTANCE being set
02-20 20:31:41.524  1650  1650 E BluetoothAdapter: Bluetooth binder is null
02-20 20:31:41.524  1913  1997 D RILJ    : [UNSL]< UNSOL_RESPONSE_RADIO_STATE_CHANGED RADIO_OFF [SUB0]
02-20 20:31:41.524  1913  1997 D RILJ    : [3652]> SCREEN_STATE: true [SUB0]
02-20 20:31:41.524  1374  1489 D RIL     : onRequest: SET_UNSOL_CELL_INFO_LIST_RATE
02-20 20:31:41.524  1372  1372 I MediaPlayerService: MediaPlayerService::getOMX
02-20 20:31:41.526  1913  1997 D RILJ    : [UNSL]< UNSOL_NITZ_TIME_RECEIVED 18/02/20:20:31:36+0:0:Unknown!Unknown [SUB0]
02-20 20:31:41.527  1374  1489 D RIL     : onRequest: SCREEN_STATE
02-20 20:31:41.527  1913  1997 D RilRequest: [3648]< GET_HARDWARE_CONFIG error: com.android.internal.telephony.CommandException: RADIO_NOT_AVAILABLE ret=
02-20 20:31:41.527  1913  1997 D RILJ    : [3649]< RADIO_POWER  [SUB0]
02-20 20:31:41.528  1913  1997 D RilRequest: [3650]< RIL_REQUEST_CDMA_SET_SUBSCRIPTION_SOURCE error: com.android.internal.telephony.CommandException: RADIO_NOT_AVAILABLE ret=
02-20 20:31:41.528  1913  1997 D RilRequest: [3651]< RIL_REQUEST_SET_CELL_INFO_LIST_RATE error: com.android.internal.telephony.CommandException: RADIO_NOT_AVAILABLE ret=
02-20 20:31:41.528  1913  1997 D RilRequest: [3652]< SCREEN_STATE error: com.android.internal.telephony.CommandException: RADIO_NOT_AVAILABLE ret=
02-20 20:31:41.528  1650  1996 I OMXClient: MuxOMX ctor
02-20 20:31:41.529  1369  1829 I OMXMaster: makeComponentInstance(OMX.google.vorbis.decoder) in mediacodec process
02-20 20:31:41.529  1650  1650 W ContextImpl: Calling a method in the system process without a qualified user: android.app.ContextImpl.startService:1357 com.android.server.content.SyncManager$13.run:658 android.os.Handler.handleCallback:751 android.os.Handler.dispatchMessage:95 android.os.Looper.loop:154 
02-20 20:31:41.534  1913  1913 D SubscriptionController: [SubscriptionController] init by Context
02-20 20:31:41.559  1913  1913 D UiccController: Creating UiccController
02-20 20:31:41.561  1928  1987 D         : HostConnection::get() New Host Connection established 0x722dc6812720, tid 1987
02-20 20:31:41.562  1312  1959 D         : HostConnection::get() New Host Connection established 0x70e9a4e1b300, tid 1959
02-20 20:31:41.564  1928  1987 I OpenGLRenderer: Initialized EGL, version 1.4
02-20 20:31:41.564  1928  1987 D OpenGLRenderer: Swap behavior 1
02-20 20:31:41.581  1650  1732 D WifiConfigManager: Loading config and enabling all networks 
02-20 20:31:41.583  1913  1913 D TelephonyTester: register for intent action=com.android.internal.telephony.action_detached
02-20 20:31:41.583  1913  1913 D TelephonyTester: register for intent action=com.android.internal.telephony.action_attached
02-20 20:31:41.586  1928  1987 D EGL_emulation: eglCreateContext: 0x722dc6864320: maj 3 min 0 rcv 3
02-20 20:31:41.593  1650  1732 W WifiNetworkHistory: Upgrading network 0 to android.uid.system:1000
02-20 20:31:41.594  1650  1732 D WifiConfigManager: loaded 0 passpoint configs
02-20 20:31:41.596  1650  1732 E IpConfigStore: Error parsing configuration: java.io.FileNotFoundException: /data/misc/wifi/ipconfig.txt (No such file or directory)
02-20 20:31:41.615  1650  1732 D WifiNative-HAL: Setting external_sim to 1
02-20 20:31:41.615  1650  1732 D WifiStateMachine: Setting OUI to DA-A1-19
02-20 20:31:41.620  1913  1913 D Phone   : mDoesRilSendMultipleCallRing=true
02-20 20:31:41.620  1913  1913 D Phone   : mCallRingDelay=3000
02-20 20:31:41.621  1650  1732 I WifiConnectivityManager: PNO settings: min5GHzRssi -82 min24GHzRssi -85 currentConnectionBonus 16 sameNetworkBonus 24 secureNetworkBonus 80 initialScoreMax 100
02-20 20:31:41.621  1650  1732 I WifiConnectivityManager: ConnectivityScanManager initialized and disabled
02-20 20:31:41.621  1650  1732 I WifiConnectivityManager: setUntrustedConnectionAllowed: allowed=false
02-20 20:31:41.621  1650  1732 E WifiLogger: no ring buffers found
02-20 20:31:41.621  1650  1732 E WifiLogger: Failed to start packet fate monitoring
02-20 20:31:41.623  1372  1372 I MediaPlayerService: MediaPlayerService::getOMX
02-20 20:31:41.623  1650  2014 I OMXClient: MuxOMX ctor
02-20 20:31:41.624  1369  1830 I OMXMaster: makeComponentInstance(OMX.google.vorbis.decoder) in mediacodec process
02-20 20:31:41.626  1650  1650 W System  : ClassLoader referenced unknown path: /system/priv-app/FusedLocation/lib/x86_64
02-20 20:31:41.626  1650  1650 D ApplicationLoaders: ignored Vulkan layer search path /system/priv-app/FusedLocation/lib/x86_64:/system/priv-app/FusedLocation/FusedLocation.apk!/lib/x86_64:/system/lib64:/vendor/lib64 for namespace 0x722dd2b50240
02-20 20:31:41.630  1650  1732 I WifiConnectivityManager: Set WiFi enabled
02-20 20:31:41.630  1650  1732 I WifiConnectivityManager: scheduleWatchdogTimer
02-20 20:31:41.630  1650  1732 D WifiNative-HAL: Failing getSupportedFeatureset because HAL isn't started
02-20 20:31:41.630  1650  1695 E BatteryStatsService: no controller energy info supplied
02-20 20:31:41.631  1650  1695 E KernelCpuSpeedReader: Failed to read cpu-freq: /sys/devices/system/cpu/cpu0/cpufreq/stats/time_in_state (No such file or directory)
02-20 20:31:41.631  1650  1695 E KernelUidCpuTimeReader: Failed to read uid_cputime: /proc/uid_cputime/show_uid_stat (No such file or directory)
02-20 20:31:41.634  1650  1732 D WifiNative-HAL: Failing getSupportedFeatureset because HAL isn't started
02-20 20:31:41.635  1913  1913 D RILJ    : [3653]> RIL_REQUEST_START_LCE [SUB0]
02-20 20:31:41.636  1374  1489 D RIL     : onRequest: <unknown request>
02-20 20:31:41.636  1913  1997 D RilRequest: [3653]< RIL_REQUEST_START_LCE error: com.android.internal.telephony.CommandException: RADIO_NOT_AVAILABLE ret=
02-20 20:31:41.637  1650  1695 E BatteryStatsService: no controller energy info supplied
02-20 20:31:41.637  1650  1695 E KernelCpuSpeedReader: Failed to read cpu-freq: /sys/devices/system/cpu/cpu0/cpufreq/stats/time_in_state (No such file or directory)
02-20 20:31:41.637  1650  1695 E KernelUidCpuTimeReader: Failed to read uid_cputime: /proc/uid_cputime/show_uid_stat (No such file or directory)
02-20 20:31:41.641  1913  1913 E RIL_ImsSms: getFormat should never be called from here!
02-20 20:31:41.641  1913  1913 D SMSDispatcher: SMSDispatcher: ctor mSmsCapable=true format=unknown mSmsSendDisabled=false
02-20 20:31:41.641  1913  1913 D RIL_ImsSms: ImsSMSDispatcher created
02-20 20:31:41.643  1913  1913 D SMSDispatcher: SMSDispatcher: ctor mSmsCapable=true format=3gpp2 mSmsSendDisabled=false
02-20 20:31:41.643  1913  1913 D CdmaSMSDispatcher: CdmaSMSDispatcher created
02-20 20:31:41.661  1913  1913 D GsmInboundSmsHandler: created InboundSmsHandler
02-20 20:31:41.671  1650  1650 D GpsNetInitiatedHandler: location enabled :true
02-20 20:31:41.672  1650  1650 V WiredAccessoryManager: notifyWiredAccessoryChanged: when=0 bits= mask=54
02-20 20:31:41.672  1650  1650 V WiredAccessoryManager: newName=h2w newState=0 headsetState=0 prev headsetState=0
02-20 20:31:41.672  1650  1650 E WiredAccessoryManager: No state change.
02-20 20:31:41.672  1650  1650 V WiredAccessoryManager: init()
02-20 20:31:41.675  1913  1913 D CdmaInboundSmsHandler: created InboundSmsHandler
02-20 20:31:41.680  1928  1987 D EGL_emulation: eglMakeCurrent: 0x722dc6864320: ver 3 0 (tinfo 0x722dc680c900)
02-20 20:31:41.699  1913  1913 D SMSDispatcher: SMSDispatcher: ctor mSmsCapable=true format=3gpp mSmsSendDisabled=false
02-20 20:31:41.699  1913  1913 D GsmSMSDispatcher: GsmSMSDispatcher created
02-20 20:31:41.703  1913  2016 D GsmInboundSmsHandler: StartupState.processMessage:6
02-20 20:31:41.703  1913  2016 D GsmInboundSmsHandler: entering Idle state
02-20 20:31:41.703  1913  2020 D CdmaInboundSmsHandler: StartupState.processMessage:6
02-20 20:31:41.703  1913  2020 D CdmaInboundSmsHandler: entering Idle state
02-20 20:31:41.706  1650  1705 I stream_devices_changed: [0,0,2]
02-20 20:31:41.711  1650  1705 I stream_devices_changed: [2,0,2]
02-20 20:31:41.711  1650  1705 I stream_devices_changed: [3,0,2]
02-20 20:31:41.712  1650  1705 I stream_devices_changed: [6,0,2]
02-20 20:31:41.712  1913  1913 D IccCardProxy: ctor: ci=com.android.internal.telephony.RIL@db9f98b phoneId=0
02-20 20:31:41.712  1913  1913 D CdmaSSM : subscriptionSource from settings: 0
02-20 20:31:41.712  1913  1913 D CdmaSSM : cdmaSSM constructor: 0
02-20 20:31:41.712  1913  1913 D IccCardProxy: update icc_operator_numeric=
02-20 20:31:41.712  1913  1913 D TelephonyManager: setTelephonyProperty: success phoneId=0 property=gsm.sim.operator.numeric value:  propVal=
02-20 20:31:41.713  1913  1913 D TelephonyManager: setTelephonyProperty: success phoneId=0 property=gsm.sim.operator.iso-country value:  propVal=
02-20 20:31:41.713  1913  1913 D TelephonyManager: setTelephonyProperty: success phoneId=0 property=gsm.sim.operator.alpha value:  propVal=
02-20 20:31:41.713  1913  1913 E IccCardProxy: setExternalState: set mPhoneId=0 mExternalState=NOT_READY
02-20 20:31:41.713  1913  1913 D TelephonyManager: setTelephonyProperty: success phoneId=0 property=gsm.sim.state value: NOT_READY propVal=NOT_READY
02-20 20:31:41.713  1650  1705 I stream_devices_changed: [4,0,2]
02-20 20:31:41.713  1913  1913 D IccCardProxy: broadcastIccStateChangedIntent intent ACTION_SIM_STATE_CHANGED value=NOT_READY reason=null for mPhoneId=0
02-20 20:31:41.714  1764  1992 I vol.Events: writeEvent level_changed STREAM_ALARM 6
02-20 20:31:41.716  1764  1992 I vol.Events: writeEvent level_changed STREAM_BLUETOOTH_SCO 7
02-20 20:31:41.716  1913  1913 D RILJ    : setPhoneType=1 old value=0 [SUB0]
02-20 20:31:41.716  1913  1913 D TelephonyManager: setTelephonyProperty: success phoneId=0 property=gsm.current.phone-type value: 1 propVal=1
02-20 20:31:41.716  1913  1913 D IccCardProxy: Setting radio tech UMTS
02-20 20:31:41.716  1764  1992 I vol.Events: writeEvent level_changed STREAM_MUSIC 11
02-20 20:31:41.716  1913  1913 D IccCardProxy: updateQuietMode: 3GPP subscription -> newQuietMode=false
02-20 20:31:41.716  1913  1913 D IccCardProxy: updateQuietMode: no changes don't setExternalState
02-20 20:31:41.716  1913  1913 D IccCardProxy: updateQuietMode: QuietMode is false (app_type=1 cdmaSource=-1)
02-20 20:31:41.717  1764  1992 I vol.Events: writeEvent level_changed STREAM_RING 5
02-20 20:31:41.718  1764  1992 I vol.Events: writeEvent level_changed STREAM_SYSTEM 5
02-20 20:31:41.718  1764  1992 I vol.Events: writeEvent level_changed STREAM_VOICE_CALL 4
02-20 20:31:41.728  1650  1650 W VibratorService: Tried to stop vibrating but there is no vibrator device.
