02-20 20:32:53.223  1925  1925 D RuimRecords: [RuimRecords] onRecordLoaded 9 requested: true
02-20 20:32:53.223  1925  1925 D RILJ    : [3730]> iccIO: SIM_IO 0xb0 0x2fe2  path: 3F00,0,0,10 aid: null [SUB0]
02-20 20:32:53.224  1372  1474 D RIL     : onRequest: SIM_IO
02-20 20:32:53.224  1372  1474 D AT      : AT> AT+CRSM=176,12258,0,0,10
02-20 20:32:53.224  1372  1477 D AT      : AT< +CRSM: 144,0,98101430121181157002
02-20 20:32:53.224  1372  1477 D AT      : AT< OK
02-20 20:32:53.226  1925  1925 D RILJ    : [3731]> RIL_REQUEST_SIM_CLOSE_CHANNEL [SUB0]
02-20 20:32:53.226  1372  1474 D RIL     : onRequest: SIM_CLOSE_CHANNEL
02-20 20:32:53.226  1372  1474 D AT      : AT> AT+CCHC=1
02-20 20:32:53.227  1372  1477 D AT      : AT< +CCHC
02-20 20:32:53.227  1372  1477 D AT      : AT< OK
02-20 20:32:53.227  1925  1925 D IccCardProxy: broadcastIccStateChangedIntent intent ACTION_SIM_STATE_CHANGED value=IMSI reason=null for mPhoneId=0
02-20 20:32:53.230  1925  1925 D SIMRecords: [SIMRecords] onRecordLoaded 15 requested: true
02-20 20:32:53.239  1925  2055 D SubscriptionController: [getActiveSubInfoList] Sub Controller not ready
02-20 20:32:53.231  1925  2005 D RILJ    : [3727]< SIM_IO IccIoResponse sw1:0x90 sw2:0x0 [SUB0]
02-20 20:32:53.248  1655  1690 I GnssLocationProvider: WakeLock released by handleMessage(12, 0, null)
02-20 20:32:53.248  1925  2005 D RILJ    : [3728]< SIM_IO IccIoResponse sw1:0x90 sw2:0x0 [SUB0]
02-20 20:32:53.248  1925  2005 D RILJ    : [3729]< SIM_IO IccIoResponse sw1:0x90 sw2:0x0 [SUB0]
02-20 20:32:53.248  1925  2005 D RILJ    : [3730]< SIM_IO IccIoResponse sw1:0x90 sw2:0x0 [SUB0]
02-20 20:32:53.248  1925  2005 D RILJ    : [3731]< RIL_REQUEST_SIM_CLOSE_CHANNEL  [SUB0]
02-20 20:32:53.252  1925  1925 D RILJ    : [3732]> iccIO: SIM_IO 0xc0 0x6f14  path: 3F007F20,0,0,15 aid: null [SUB0]
02-20 20:32:53.252  1372  1474 D RIL     : onRequest: SIM_IO
02-20 20:32:53.252  1925  1925 D SIMRecords: [SIMRecords] onRecordLoaded 15 requested: true
02-20 20:32:53.252  1925  1925 D SIMRecords: [SIMRecords] onRecordLoaded 14 requested: true
02-20 20:32:53.252  1925  1925 E SIMRecords: [SIMRecords] Exception in fetching EF_CSP data com.android.internal.telephony.CommandException: GENERIC_FAILURE
02-20 20:32:53.252  1925  1925 D SIMRecords: [SIMRecords] onRecordLoaded 13 requested: true
02-20 20:32:53.252  1925  1925 E SIMRecords: [SIMRecords] Exception in get GID1 com.android.internal.telephony.CommandException: GENERIC_FAILURE
02-20 20:32:53.252  1925  1925 D SIMRecords: [SIMRecords] onRecordLoaded 12 requested: true
02-20 20:32:53.252  1925  1925 E SIMRecords: [SIMRecords] Exception in get GID2 com.android.internal.telephony.CommandException: GENERIC_FAILURE
02-20 20:32:53.252  1925  1925 D SIMRecords: [SIMRecords] onRecordLoaded 11 requested: true
02-20 20:32:53.252  1925  1925 D RuimRecords: [RuimRecords] EF_PL LOADED
02-20 20:32:53.252  1372  1474 D AT      : AT> AT+CRSM=192,28436,0,0,15
02-20 20:32:53.252  1925  1925 E RuimRecords: [RuimRecords] Record Load Exception: com.android.internal.telephony.CommandException: GENERIC_FAILURE
02-20 20:32:53.252  1925  1925 D RuimRecords: [RuimRecords] onRecordLoaded 8 requested: true
02-20 20:32:53.252  1925  1925 D RuimRecords: [RuimRecords] EF_CSIM_LI LOADED
02-20 20:32:53.252  1372  1477 D AT      : AT< +CRSM: 144,0,000000146f1404001aa0aa01020000
02-20 20:32:53.252  1372  1477 D AT      : AT< OK
02-20 20:32:53.253  1925  1925 E RuimRecords: [RuimRecords] Record Load Exception: com.android.internal.telephony.CommandException: GENERIC_FAILURE
02-20 20:32:53.253  1925  1925 D RuimRecords: [RuimRecords] onRecordLoaded 7 requested: true
02-20 20:32:53.253  1925  1925 D RuimRecords: [RuimRecords] EF_CSIM_SPN LOADED
02-20 20:32:53.253  1925  1925 E RuimRecords: [RuimRecords] Record Load Exception: com.android.internal.telephony.CommandException: GENERIC_FAILURE
02-20 20:32:53.253  1925  1925 D RuimRecords: [RuimRecords] onRecordLoaded 6 requested: true
02-20 20:32:53.253  1925  1925 D RuimRecords: [RuimRecords] EF_CSIM_MDN LOADED
02-20 20:32:53.253  1925  1925 E RuimRecords: [RuimRecords] Record Load Exception: com.android.internal.telephony.CommandException: GENERIC_FAILURE
02-20 20:32:53.253  1925  1925 D RuimRecords: [RuimRecords] onRecordLoaded 5 requested: true
02-20 20:32:53.253  1925  1925 D RuimRecords: [RuimRecords] EF_CSIM_IMSIM LOADED
02-20 20:32:53.253  1925  1925 E RuimRecords: [RuimRecords] Record Load Exception: com.android.internal.telephony.CommandException: GENERIC_FAILURE
02-20 20:32:53.253  1925  1925 D RuimRecords: [RuimRecords] onRecordLoaded 4 requested: true
02-20 20:32:53.253  1925  1925 D RuimRecords: [RuimRecords] EF_CSIM_CDMAHOME LOADED
02-20 20:32:53.253  1925  1925 E RuimRecords: [RuimRecords] Record Load Exception: com.android.internal.telephony.CommandException: GENERIC_FAILURE
02-20 20:32:53.253  1925  1925 D RuimRecords: [RuimRecords] onRecordLoaded 3 requested: true
02-20 20:32:53.253  1925  1925 D RuimRecords: [RuimRecords] EF_CSIM_EPRL LOADED
02-20 20:32:53.253  1925  1925 E RuimRecords: [RuimRecords] Record Load Exception: com.android.internal.telephony.CommandException: GENERIC_FAILURE
02-20 20:32:53.253  1925  1925 D RuimRecords: [RuimRecords] onRecordLoaded 2 requested: true
02-20 20:32:53.253  1925  1925 D RuimRecords: [RuimRecords] EF_CSIM_MIPUPP LOADED
02-20 20:32:53.253  1925  1925 E RuimRecords: [RuimRecords] Record Load Exception: com.android.internal.telephony.CommandException: GENERIC_FAILURE
02-20 20:32:53.253  1925  1925 D RuimRecords: [RuimRecords] onRecordLoaded 1 requested: true
02-20 20:32:53.253  1925  2005 D RILJ    : [3732]< SIM_IO IccIoResponse sw1:0x90 sw2:0x0 [SUB0]
02-20 20:32:53.255  1925  1925 D SIMRecords: [SIMRecords] iccid: 89014103211118510720
02-20 20:32:53.255  1925  1925 D SIMRecords: [SIMRecords] onRecordLoaded 10 requested: true
02-20 20:32:53.256  1925  1940 D SubscriptionController: [getPhoneId]- no sims, returning default phoneId=2147483647
02-20 20:32:53.257  1925  1925 D SIMRecords: [SIMRecords] EF_MBI: 01000000
02-20 20:32:53.257  1925  1925 D SIMRecords: [SIMRecords] Got valid mailbox number for MBDN
02-20 20:32:53.257  1925  1925 D RILJ    : [3733]> iccIO: SIM_IO 0xc0 0x6fc7  path: 3F007F20,0,0,15 aid: null [SUB0]
02-20 20:32:53.258  1372  1474 D RIL     : onRequest: SIM_IO
02-20 20:32:53.258  1372  1474 D AT      : AT> AT+CRSM=192,28615,0,0,15
02-20 20:32:53.258  1925  1925 D SIMRecords: [SIMRecords] onRecordLoaded 10 requested: true
02-20 20:32:53.258  1925  1925 D SIMRecords: [SIMRecords] EF_AD: 00000003
02-20 20:32:53.258  1925  1925 D SIMRecords: [SIMRecords] setting4 mMncLength=3
02-20 20:32:53.258  1925  1925 D SIMRecords: [SIMRecords] update mccmnc=310260
02-20 20:32:53.258  1925  1925 D MccTable: updateMccMncConfiguration mccmnc='310260' fromServiceState=false
02-20 20:32:53.258  1925  1925 D SubscriptionController: [getPhoneId]- no sims, returning default phoneId=2147483647
02-20 20:32:53.258  1925  1925 D MccTable: updateMccMncConfiguration defaultMccMnc=
02-20 20:32:53.258  1925  1925 D MccTable: updateMccMncConfiguration: mcc=310, mnc=260
02-20 20:32:53.258  1925  1925 D MccTable: updateMccMncConfiguration updateConfig config={1.0 310mcc260mnc ?localeList ?layoutDir ?swdp ?wdp ?hdp ?density ?lsize ?long ?orien ?uimode ?night ?touch ?keyb/?/? ?nav/?}
02-20 20:32:53.258  1655  1704 I configuration_changed: 3
02-20 20:32:53.260  1655  1704 I ActivityManager: Config changes=3 {1.0 310mcc260mnc [en_US] ldltr sw360dp w360dp h668dp 640dpi nrml long port finger -keyb/v/h -nav/h s.6}
02-20 20:32:53.260  1372  1477 D AT      : AT< +CRSM: 144,0,000000406fc7040011a0aa01020120
02-20 20:32:53.260  1372  1477 D AT      : AT< OK
02-20 20:32:53.262  1925  2005 D RILJ    : [3733]< SIM_IO IccIoResponse sw1:0x90 sw2:0x0 [SUB0]
02-20 20:32:53.263  1655  1704 I am_relaunch_resume_activity: [0,111418108,1,com.android.settings/.FallbackHome]
02-20 20:32:53.263  1941  1941 I am_on_paused_called: [0,com.android.settings.FallbackHome,handleRelaunchActivity]
02-20 20:32:53.265  1925  1925 D SIMRecords: [SIMRecords] onRecordLoaded 9 requested: true
02-20 20:32:53.265  1925  1925 D SIMRecords: [SIMRecords] EF_MWIS : 0000000000
02-20 20:32:53.265  1925  1925 D SIMRecords: [SIMRecords] onRecordLoaded 8 requested: true
02-20 20:32:53.265  1925  1925 D SIMRecords: [SIMRecords] EF_CPHS_MWI: 55
02-20 20:32:53.265  1925  1925 D SIMRecords: [SIMRecords] onRecordLoaded 7 requested: true
02-20 20:32:53.265  1925  1925 D SubscriptionInfoUpdater: [Receiver]+
02-20 20:32:53.265  1925  1925 D SubscriptionInfoUpdater: Action: android.intent.action.SIM_STATE_CHANGED
02-20 20:32:53.265  1925  1925 D SubscriptionInfoUpdater: slotId: 0
02-20 20:32:53.265  1925  1925 D SubscriptionInfoUpdater: simStatus: IMSI
02-20 20:32:53.265  1925  1925 D SubscriptionInfoUpdater: Ignoring simStatus: IMSI
02-20 20:32:53.265  1925  1925 D SubscriptionInfoUpdater: [Receiver]-
02-20 20:32:53.265  1925  1925 D SIMRecords: [SIMRecords] EF_CFF_CPHS: 55
02-20 20:32:53.265  1925  1925 D SIMRecords: [SIMRecords] onRecordLoaded 6 requested: true
02-20 20:32:53.265  1925  1925 D RILJ    : [3734]> iccIO: SIM_IO 0xb0 0x6f14  path: 3F007F20,0,0,20 aid: null [SUB0]
02-20 20:32:53.266  1925  2091 D DCT     : [0]hasMatchedTetherApnSetting: APN=null
02-20 20:32:53.266  1372  1474 D RIL     : onRequest: SIM_IO
02-20 20:32:53.266  1372  1474 D AT      : AT> AT+CRSM=176,28436,0,0,20
02-20 20:32:53.266  1372  1477 D AT      : AT< +CRSM: 144,0,416e64726f6964ffffffffffffffffffffffffff
02-20 20:32:53.266  1372  1477 D AT      : AT< OK
02-20 20:32:53.266  1925  2005 D RILJ    : [3734]< SIM_IO IccIoResponse sw1:0x90 sw2:0x0 [SUB0]
02-20 20:32:53.266  1925  1925 D SIMRecords: [SIMRecords] MSISDN: [t-WgLegCyIMgfHgPkOdM6pkZbpA]
02-20 20:32:53.266  1925  1925 D SIMRecords: [SIMRecords] onRecordLoaded 5 requested: true
02-20 20:32:53.267  1925  1925 D RILJ    : [3735]> iccIO: SIM_IO 0xb2 0x6fc7  path: 3F007F20,1,4,32 aid: null [SUB0]
02-20 20:32:53.267  1372  1474 D RIL     : onRequest: SIM_IO
02-20 20:32:53.267  1372  1474 D AT      : AT> AT+CRSM=178,28615,1,4,32
02-20 20:32:53.267  1372  1477 D AT      : AT< +CRSM: 144,0,566f6963656d61696cffffffffffffffffff07915155125740f9ffffffffffff
02-20 20:32:53.267  1372  1477 D AT      : AT< OK
02-20 20:32:53.267  1925  2005 D RILJ    : [3735]< SIM_IO IccIoResponse sw1:0x90 sw2:0x0 [SUB0]
02-20 20:32:53.269  1925  1925 D SIMRecords: [SIMRecords] onRecordLoaded 4 requested: true
02-20 20:32:53.269  1925  1925 D SIMRecords: [SIMRecords] SST: UsimServiceTable[120]={ PHONEBOOK, FDN, FDN_EXTENSION, SDN, SDN_EXTENSION, BDN, BDN_EXTENSION, OUTGOING_CALL_INFO, ADVICE_OF_CHARGE, CAP_CONFIG_PARAMS_2, GROUP_ID_LEVEL_1, GROUP_ID_LEVEL_2, SPN, USER_PLMN_SELECT, MSISDN, IMAGE, LOCALISED_SERVICE_AREAS, EMLPP, EMLPP_AUTO_ANSWER, RFU, GSM_ACCESS, DATA_DL_VIA_SMS_PP, DATA_DL_VIA_SMS_CB, CALL_CONTROL_BY_USIM, MO_SMS_CONTROL_BY_USIM, RUN_AT_COMMAND, APN_CONTROL_LIST, DEPERSONALISATION_CONTROL_KEYS, COOPERATIVE_NETWORK_LIST, GSM_SECURITY_CONTEXT, SERVICE_PROVIDER_DISPLAY_INFO, MMS_NOTIFICATION, MMS_NOTIFICATION_EXTENSION, GPRS_CALL_CONTROL_BY_USIM, VGCS_GROUP_ID_LIST, VBS_GROUP_ID_LIST, OMA_BCAST_PROFILE, GBA_LOCAL_KEY_ESTABLISHMENT, #101, #102, #103, #104, #105, #106, #107, #108, #109, #110 }
02-20 20:32:53.269  1925  1925 D SIMRecords: [SIMRecords] onRecordLoaded 3 requested: true
02-20 20:32:53.269  1925  1925 D SIMRecords: [SIMRecords] iCPHS: 0233
02-20 20:32:53.269  1925  1925 D SIMRecords: [SIMRecords] onRecordLoaded 2 requested: true
02-20 20:32:53.269  1925  1925 D RuimRecords: [RuimRecords] iccid: 89014103211118510720
02-20 20:32:53.269  1925  1925 D RuimRecords: [RuimRecords] onRecordLoaded 0 requested: true
02-20 20:32:53.269  1925  1925 D RuimRecords: [RuimRecords] record load complete
02-20 20:32:53.269  1925  1925 D SIMRecords: [SIMRecords] getServiceProviderName: no brandOverride, providerName=Android
02-20 20:32:53.269  1925  1925 D SIMRecords: [SIMRecords] Load EF_SPN_CPHS: Android
02-20 20:32:53.269  1925  1925 D TelephonyManager: setTelephonyProperty: success phoneId=0 property=gsm.sim.operator.alpha value: Android propVal=Android
02-20 20:32:53.270  1925  1925 D SIMRecords: [SIMRecords] onRecordLoaded 1 requested: true
02-20 20:32:53.270  1925  1925 D SIMRecords: [SIMRecords] VM: ADN Record 'Voicemail' '[-MWU1cAlDrkXUZ8dpHi_wU_YOpU] null' EF[MBDN]
02-20 20:32:53.270  1925  1925 D SIMRecords: [SIMRecords] onRecordLoaded 0 requested: true
02-20 20:32:53.270  1925  1925 D SIMRecords: [SIMRecords] record load complete
02-20 20:32:53.270  1925  1925 D SIMRecords: [SIMRecords] Not using EF LI/EF PL
02-20 20:32:53.270  1925  1925 D SIMRecords: [SIMRecords] EF_CFF: callForwardingEnabled=0
02-20 20:32:53.270  1925  1925 D SIMRecords: [SIMRecords] onAllRecordsLoaded set 'gsm.sim.operator.numeric' to operator='310260'
02-20 20:32:53.270  1925  1925 D SIMRecords: [SIMRecords] update icc_operator_numeric=310260
02-20 20:32:53.270  1925  1925 D TelephonyManager: setTelephonyProperty: success phoneId=0 property=gsm.sim.operator.numeric value: 310260 propVal=310260
02-20 20:32:53.270  1925  1925 D SubscriptionController: [setMccMnc]+ mcc/mnc:310/260 subId:-1
02-20 20:32:53.276  1941  1996 D EGL_emulation: eglMakeCurrent: 0x7f977c264320: ver 3 0 (tinfo 0x7f977c20c8e0)
02-20 20:32:53.277  1941  1941 I am_on_stop_called: [0,com.android.settings.FallbackHome,destroy]
02-20 20:32:53.278  1925  1939 D SubscriptionController: [getPhoneId]- no sims, returning default phoneId=2147483647
02-20 20:32:53.282  1925  1925 D SubscriptionController: notifySubscriptionInfoChanged:
02-20 20:32:53.282  1655  1655 I GnssLocationProvider: WakeLock acquired by sendMessage(12, 0, null)
02-20 20:32:53.283  1925  1939 D SubscriptionController: [getActiveSubInfoList] Sub Controller not ready
02-20 20:32:53.284  1925  1925 D SIMRecords: [SIMRecords] onAllRecordsLoaded set mcc imsi
02-20 20:32:53.284  1925  1925 D TelephonyManager: setTelephonyProperty: success phoneId=0 property=gsm.sim.operator.iso-country value: us propVal=us
02-20 20:32:53.284  1925  1925 D SST     : SubscriptionListener.onSubscriptionInfoChanged
02-20 20:32:53.284  1925  1925 D SIMRecords: [SIMRecords]  VoiceMessageCount from SIM MWIS = 0
02-20 20:32:53.284  1925  1925 E Phone   : getStoredVoiceMessageCount: invalid subId -2
02-20 20:32:53.284  1925  1925 D GsmCdmaPhone: [GsmCdmaPhone] updateVoiceMail countVoiceMessages = 0 subId -2
02-20 20:32:53.284  1925  1925 E Phone   : setVoiceMessageCount in sharedPreference: invalid subId -2
02-20 20:32:53.284  1925  1925 D DCT     : [0]SubscriptionListener.onSubscriptionInfoChanged
02-20 20:32:53.285  1925  2055 D SubscriptionController: [getActiveSubInfoList] Sub Controller not ready
02-20 20:32:53.285  1925  1925 D SubscriptionController: [getActiveSubInfoList] Sub Controller not ready
02-20 20:32:53.304  1771  1771 D PhoneStatusBar: heads up is enabled
02-20 20:32:53.302  1925  1940 D SubscriptionController: [getPhoneId]- no sims, returning default phoneId=2147483647
02-20 20:32:53.305  1925  2091 D SubscriptionController: [getSlotId]- subId invalid
02-20 20:32:53.306  1941  1941 I am_on_resume_called: [0,com.android.settings.FallbackHome,handleRelaunchActivity]
02-20 20:32:53.316  1925  1925 D SubscriptionController: [getActiveSubInfoList] Sub Controller not ready
02-20 20:32:53.316  1925  1925 I Telephony: PstnIncomingCallNotifier: Unregistering: Handler (com.android.internal.telephony.GsmCdmaPhone) {68252ee}
02-20 20:32:53.316  1925  1925 E PhoneInterfaceManager: [PhoneIntfMgr] getIccId: No UICC
02-20 20:32:53.324  1771  2088 D TelephonyManager: getSimState: default sim:-1, sim state for slotIdx=0 is 5, return state as unknown
02-20 20:32:53.332  1655  1689 I Telecom : PhoneAccountRegistrar: [ComponentInfo{com.android.phone/com.android.services.telephony.TelephonyConnectionService}, [e0184adedf913b076626646d3f52c3b49c39ad6d], UserHandle{0}(addr: tel:*********** -> tel:)(icon: Icon(typ=BITMAP size=76x96) -> Icon(typ=BITMAP size=76x96))(subAddr: tel:*********** -> tel:)]: TSI.rPA@AAk
02-20 20:32:53.337  1313  1393 D gralloc_ranchu: gralloc_alloc: Creating ashmem region of size 15945728
02-20 20:32:53.342  1655  1689 I Telecom : : Sending phone-account registered intent as user: TSI.rPA@AAk
02-20 20:32:53.343  1925  1925 I Telephony: AccountEntry: Registered phoneAccount: [[ ] PhoneAccount: ComponentInfo{com.android.phone/com.android.services.telephony.TelephonyConnectionService}, [e0184adedf913b076626646d3f52c3b49c39ad6d], UserHandle{0} Capabilities: CallProvider MultiUser PlaceEmerg SimSub  Schemes: tel voicemail  Extras: null GroupId: [da39a3ee5e6b4b0d3255bfef95601890afd80709]] with handle: ComponentInfo{com.android.phone/com.android.services.telephony.TelephonyConnectionService}, [e0184adedf913b076626646d3f52c3b49c39ad6d], UserHandle{0}
02-20 20:32:53.343  1925  1925 I Telephony: PstnIncomingCallNotifier: Registering: Handler (com.android.internal.telephony.GsmCdmaPhone) {68252ee}
02-20 20:32:53.345  1925  1925 D CAT     : CatService: handleMessage[20]
02-20 20:32:53.345  1925  1925 D GsmCdmaPhone: [GsmCdmaPhone] updateCurrentCarrierInProvider: mSubId = -2 currentDds = 1 operatorNumeric = 310260
02-20 20:32:53.345  1925  1925 D IccCardProxy: operator=310260 mPhoneId=0
02-20 20:32:53.345  1925  1925 D TelephonyManager: setTelephonyProperty: success phoneId=0 property=gsm.sim.operator.numeric value: 310260 propVal=310260
02-20 20:32:53.345  1925  1925 D TelephonyManager: setTelephonyProperty: success phoneId=0 property=gsm.sim.operator.iso-country value: us propVal=us
02-20 20:32:53.346  1925  1925 D IccCardProxy: Sending intent ACTION_INTERNAL_SIM_STATE_CHANGED for mPhoneId : 0
02-20 20:32:53.359  1655  1666 W art     : Suspending all threads took: 7.043ms
02-20 20:32:53.363  1925  1925 D SST     : EVENT_SIM_RECORDS_LOADED: what=16
02-20 20:32:53.363  1925  1925 D GsmCdmaPhone: [GsmCdmaPhone] updatePhoneObject: radioTechnology=0
02-20 20:32:53.363  1925  1925 D SST     : getOtasp: otasp not needed for GSM
02-20 20:32:53.363  1925  1925 D SST     : updateOtaspState: call notifyOtaspChanged old otaspMode=0 new otaspMode=3
02-20 20:32:53.365  1655  1666 I art     : Background partial concurrent mark sweep GC freed 16396(1188KB) AllocSpace objects, 13(7MB) LOS objects, 21% free, 14MB/18MB, paused 7.959ms total 47.692ms
02-20 20:32:53.365  1925  1925 D SIMRecords: [SIMRecords] getServiceProviderName: no brandOverride, providerName=Android
02-20 20:32:53.365  1925  1925 D SIMRecords: [SIMRecords] getServiceProviderName: no brandOverride, providerName=Android
02-20 20:32:53.365  1925  1925 D SST     : updateSpnDisplay: changed sending intent rule=1 showPlmn='false' plmn='Android' showSpn='true' spn='Android' dataSpn='Android' subId='-2'
02-20 20:32:53.379  1925  1925 D SubscriptionController: [setPlmnSpn] No valid subscription to store info
02-20 20:32:53.379  1925  1925 D SubscriptionController: notifySubscriptionInfoChanged:
02-20 20:32:53.379  1655  1655 I GnssLocationProvider: WakeLock acquired by sendMessage(12, 0, null)
02-20 20:32:53.388  1925  1925 E PhoneInterfaceManager: [PhoneIntfMgr] getIccId: No UICC
02-20 20:32:53.390  1925  2055 D SubscriptionController: [getActiveSubInfoList] Sub Controller not ready
02-20 20:32:53.393  1655  1981 I Telecom : PhoneAccountRegistrar: [ComponentInfo{com.android.phone/com.android.services.telephony.TelephonyConnectionService}, [e0184adedf913b076626646d3f52c3b49c39ad6d], UserHandle{0}(icon: Icon(typ=BITMAP size=76x96) -> Icon(typ=BITMAP size=76x96))]: TSI.rPA@AA0
02-20 20:32:53.394  1655  1981 I Telecom : : Sending phone-account registered intent as user: TSI.rPA@AA0
02-20 20:32:53.395  1925  1925 D SubscriptionInfoUpdater: [Receiver]+
02-20 20:32:53.395  1925  1925 D SubscriptionInfoUpdater: Action: android.intent.action.internal_sim_state_changed
02-20 20:32:53.395  1925  1925 D SubscriptionInfoUpdater: slotId: 0
02-20 20:32:53.395  1925  1925 D SubscriptionInfoUpdater: simStatus: LOADED
02-20 20:32:53.395  1925  1925 D SubscriptionInfoUpdater: [Receiver]-
02-20 20:32:53.395  1925  1925 D GsmCdmaPhone: [GsmCdmaPhone] phoneObjectUpdater: newVoiceRadioTech=0
02-20 20:32:53.395  1925  1925 D GsmCdmaPhone: [GsmCdmaPhone] phoneObjectUpdater: volteReplacementRat=0
02-20 20:32:53.395  1925  1925 E GsmCdmaPhone: [GsmCdmaPhone] phoneObjectUpdater: newVoiceRadioTech=0 doesn't match either CDMA or GSM - error! No phone change
02-20 20:32:53.395  1925  1925 D SST     : SubscriptionListener.onSubscriptionInfoChanged
02-20 20:32:53.395  1925  1925 D DCT     : [0]SubscriptionListener.onSubscriptionInfoChanged
02-20 20:32:53.396  1925  1925 D SubscriptionController: [getActiveSubInfoList] Sub Controller not ready
02-20 20:32:53.396  1925  1925 D SubscriptionController: [getActiveSubInfoList] Sub Controller not ready
02-20 20:32:53.396  1925  1925 I Telephony: PstnIncomingCallNotifier: Unregistering: Handler (com.android.internal.telephony.GsmCdmaPhone) {68252ee}
02-20 20:32:53.396  1925  1925 E PhoneInterfaceManager: [PhoneIntfMgr] getIccId: No UICC
02-20 20:32:53.398  1655  1688 I Telecom : PhoneAccountRegistrar: [ComponentInfo{com.android.phone/com.android.services.telephony.TelephonyConnectionService}, [e0184adedf913b076626646d3f52c3b49c39ad6d], UserHandle{0}(icon: Icon(typ=BITMAP size=76x96) -> Icon(typ=BITMAP size=76x96))]: TSI.rPA@AA4
02-20 20:32:53.401  1655  1688 I Telecom : : Sending phone-account registered intent as user: TSI.rPA@AA4
02-20 20:32:53.402  1925  1925 I Telephony: AccountEntry: Registered phoneAccount: [[ ] PhoneAccount: ComponentInfo{com.android.phone/com.android.services.telephony.TelephonyConnectionService}, [e0184adedf913b076626646d3f52c3b49c39ad6d], UserHandle{0} Capabilities: CallProvider MultiUser PlaceEmerg SimSub  Schemes: tel voicemail  Extras: null GroupId: [da39a3ee5e6b4b0d3255bfef95601890afd80709]] with handle: ComponentInfo{com.android.phone/com.android.services.telephony.TelephonyConnectionService}, [e0184adedf913b076626646d3f52c3b49c39ad6d], UserHandle{0}
02-20 20:32:53.402  1925  1925 I Telephony: PstnIncomingCallNotifier: Registering: Handler (com.android.internal.telephony.GsmCdmaPhone) {68252ee}
02-20 20:32:53.403  1925  1925 D SubscriptionInfoUpdater: handleSimStateLoadedInternal: slotId: 0
02-20 20:32:53.403  1925  1925 D SubscriptionInfoUpdater: All IccIds query complete
02-20 20:32:53.403  1925  1925 D SubscriptionInfoUpdater: updateSubscriptionInfoByIccId:+ Start
02-20 20:32:53.403  1925  1925 D SubscriptionController: [clearSubInfo]- no simInfo size=0
02-20 20:32:53.403  1925  1925 D SubscriptionInfoUpdater: insertedSimCount = 1
02-20 20:32:53.403  1925  1925 D SubscriptionController: [getSubInfoUsingSlotIdWithCheck]+ slotId:0
02-20 20:32:53.404  1925  1925 D SubscriptionController: [getPhoneId]- no sims, returning default phoneId=2147483647
02-20 20:32:53.405  1925  1925 D SubscriptionController: [getPhoneId]- no sims, returning default phoneId=2147483647
02-20 20:32:53.405  1925  1925 D SubscriptionController: [getPhoneId]- no sims, returning default phoneId=2147483647
02-20 20:32:53.406  1925  1925 D SubscriptionController: [getSubInfoUsingSlotId]- null info return
02-20 20:32:53.406  1925  1925 D SubscriptionInfoUpdater: updateSubscriptionInfoByIccId: oldSubId = 1
02-20 20:32:53.406  1925  1925 D SubscriptionInfoUpdater: updateSubscriptionInfoByIccId: oldIccId[0] = 89014103211118510720, sIccId[0] = 89014103211118510720
02-20 20:32:53.406  1925  1925 D SubscriptionController: [addSubInfoRecord]+ iccId:89014103211118510720 slotId:0
02-20 20:32:53.408  1925  1925 D SubscriptionController: [getActiveSubInfoList] Sub Controller not ready
02-20 20:32:53.408  1925  1925 D SubscriptionController: [addSubInfoRecord] Record already exists
02-20 20:32:53.409  1925  1925 D SubscriptionController: [addSubInfoRecord] sSlotIdxToSubId.size=1 slotId=0 subId=1 defaultSubId=1 simCount=1
02-20 20:32:53.409  1925  1925 D SubscriptionController: [setDefaultFallbackSubId] subId=1
02-20 20:32:53.409  1925  1925 D SubscriptionController: [setDefaultFallbackSubId] set mDefaultFallbackSubId=1
02-20 20:32:53.409  1925  1925 D MccTable: updateMccMncConfiguration mccmnc='310260' fromServiceState=false
02-20 20:32:53.409  1925  1925 D MccTable: updateMccMncConfiguration defaultMccMnc=310260
02-20 20:32:53.409  1925  1925 D MccTable: updateMccMncConfiguration: mcc=310, mnc=260
02-20 20:32:53.409  1925  1925 D MccTable: updateMccMncConfiguration updateConfig config={1.0 310mcc260mnc ?localeList ?layoutDir ?swdp ?wdp ?hdp ?density ?lsize ?long ?orien ?uimode ?night ?touch ?keyb/?/? ?nav/?}
02-20 20:32:53.410  1655  1690 I GnssLocationProvider: WakeLock released by handleMessage(12, 0, null)
02-20 20:32:53.490  1925  1925 D SubscriptionController: [setDefaultFallbackSubId] broadcast default subId changed phoneId=0 subId=1
02-20 20:32:53.490  1925  1925 D SubscriptionController: [addSubInfoRecord] one sim set defaults to subId=1
02-20 20:32:53.491  1925  1925 D SubscriptionController: [setDefaultDataSubId] num phones=1, subId=1
02-20 20:32:53.491  1925  1925 D SubscriptionController: [setDefaultDataSubId] phoneId=0 subId=1 RAF=1
02-20 20:32:53.491  1925  1925 D ProxyController: setRadioCapability: Already in requested configuration, nothing to do.
02-20 20:32:53.491  1925  1925 D SubscriptionController: [updateAllDataConnectionTrackers] sPhones.length=1
02-20 20:32:53.491  1925  1925 D SubscriptionController: [updateAllDataConnectionTrackers] phoneId=0
02-20 20:32:53.491  1925  1925 D DCT     : [0]update sub = 1
02-20 20:32:53.491  1925  1925 D DCT     : [0]update(): Active DDS, register for all events now!
02-20 20:32:53.491  1925  1925 D DCT     : [0]New records found.
02-20 20:32:53.491  1925  1925 D SST     : mDeviceShuttingDown=false, mDesiredPowerState=true, getRadioState=RADIO_ON, mPowerOffDelayNeed=true, mAlarmSwitch=false, mRadioDisabledByCarrier=false
02-20 20:32:53.491  1925  1925 D GsmCdmaPhone: [GsmCdmaPhone] updateCurrentCarrierInProvider: mSubId = 1 currentDds = 1 operatorNumeric = 310260
02-20 20:32:53.493  1925  2091 D RILJ    : [3736]> RIL_REQUEST_GET_CELL_INFO_LIST [SUB0]
02-20 20:32:53.493  1372  1474 D RIL     : onRequest: GET_CELL_INFO_LIST
02-20 20:32:53.493  1372  1474 D RILC    : responseCellInfoList: v12
02-20 20:32:53.505  1925  2005 D RILJ    : [3736]< RIL_REQUEST_GET_CELL_INFO_LIST [CellInfoGsm:{mRegistered=YES mTimeStampType=modem mTimeStamp=11554599879ns CellIdentityGsm:{ mMcc=310 mMnc=260 mLac=3 mCid=91 mArfcn=10 mBsic=0x0} CellSignalStrengthGsm: ss=298979768 ber=31348 mTa=302251132}] [SUB0]
02-20 20:32:53.514  1655  1690 W GnssLocationProvider: Could not open GPS configuration file /etc/gps.conf
02-20 20:32:53.514  1655  1690 E GnssLocationProvider: no AGPS interface in set_agps_server
02-20 20:32:53.514  1655  1690 I GnssLocationProvider: WakeLock released by handleMessage(12, 0, null)
02-20 20:32:53.525  1925  1925 D SubscriptionController: [broadcastDefaultDataSubIdChanged] subId=1
02-20 20:32:53.527  1925  1925 D SubscriptionController: [setDefaultSmsSubId] subId=1
02-20 20:32:53.528  1925  1925 D SubscriptionController: [broadcastDefaultSmsSubIdChanged] subId=1
02-20 20:32:53.530  1925  1925 D SubscriptionController: [setDefaultVoiceSubId] subId=1
02-20 20:32:53.531  1925  1925 D SubscriptionController: [broadcastDefaultVoiceSubIdChanged] subId=1
02-20 20:32:53.532  1925  1925 D SubscriptionController: [addSubInfoRecord] hashmap(0,1)
02-20 20:32:53.533  1771  2092 E ActivityThread: Failed to find provider info for com.android.contacts
02-20 20:32:53.537  1655  2096 I dvm_lock_sample: [system_server,1,Binder:1655_8,48,WindowManagerService.java,2857,WindowAnimator.java,144,9]
02-20 20:32:53.543  1925  1925 D SubscriptionController: [addSubInfoRecord] sim name = Android
02-20 20:32:53.543  1925  1925 D DCT     : [0]update sub = 1
02-20 20:32:53.543  1925  1925 D DCT     : [0]update(): Active DDS, register for all events now!
02-20 20:32:53.544  1925  1925 D GsmCdmaPhone: [GsmCdmaPhone] updateCurrentCarrierInProvider: mSubId = 1 currentDds = 1 operatorNumeric = 310260
02-20 20:32:53.574  1925  1925 D SubscriptionController: [addSubInfoRecord]- info size=1
02-20 20:32:53.574  1925  1925 D SubscriptionInfoUpdater: newSim = false
02-20 20:32:53.574  1925  1925 D SubscriptionInfoUpdater: updateSubscriptionInfoByIccId: sInsertSimState[0] = 0
02-20 20:32:53.577  1925  1925 D SubscriptionInfoUpdater: updateSubscriptionInfoByIccId: nSubCount = 1
02-20 20:32:53.578  1925  1925 D SubscriptionController: [setDefaultDataSubId] num phones=1, subId=1
02-20 20:32:53.578  1925  1925 D SubscriptionController: [setDefaultDataSubId] phoneId=0 subId=1 RAF=1
02-20 20:32:53.578  1925  1925 D ProxyController: setRadioCapability: Already in requested configuration, nothing to do.
02-20 20:32:53.578  1925  1925 D SubscriptionController: [updateAllDataConnectionTrackers] sPhones.length=1
02-20 20:32:53.578  1925  1925 D SubscriptionController: [updateAllDataConnectionTrackers] phoneId=0
02-20 20:32:53.578  1925  1925 D DCT     : [0]update sub = 1
02-20 20:32:53.578  1925  1925 D DCT     : [0]update(): Active DDS, register for all events now!
02-20 20:32:53.578  1925  1925 D GsmCdmaPhone: [GsmCdmaPhone] updateCurrentCarrierInProvider: mSubId = 1 currentDds = 1 operatorNumeric = 310260
02-20 20:32:53.596  1925  1925 D SubscriptionController: [broadcastDefaultDataSubIdChanged] subId=1
02-20 20:32:53.596  1925  1925 D SubscriptionController: notifySubscriptionInfoChanged:
02-20 20:32:53.597  1925  1939 D SubscriptionMonitor: Phone[0] subId changed -2->1, 1 registrants
02-20 20:32:53.597  1655  1655 I GnssLocationProvider: WakeLock acquired by sendMessage(12, 0, null)
02-20 20:32:53.597  1925  1939 D SubscriptionMonitor: mDefaultDataSubId = 1, 1 registrants
02-20 20:32:53.597  1925  1925 D SubscriptionInfoUpdater: updateSubscriptionInfoByIccId:- SsubscriptionInfo update complete
02-20 20:32:53.597  1925  1925 D MccTable: updateMccMncConfiguration mccmnc='310260' fromServiceState=false
02-20 20:32:53.597  1925  1925 D MccTable: updateMccMncConfiguration defaultMccMnc=310260
02-20 20:32:53.597  1925  1925 D MccTable: updateMccMncConfiguration: mcc=310, mnc=260
02-20 20:32:53.597  1925  1925 D MccTable: updateMccMncConfiguration updateConfig config={1.0 310mcc260mnc ?localeList ?layoutDir ?swdp ?wdp ?hdp ?density ?lsize ?long ?orien ?uimode ?night ?touch ?keyb/?/? ?nav/?}
02-20 20:32:53.601  1655  1690 W GnssLocationProvider: Could not open GPS configuration file /etc/gps.conf
02-20 20:32:53.601  1655  1690 E GnssLocationProvider: no AGPS interface in set_agps_server
02-20 20:32:53.601  1655  1690 I GnssLocationProvider: WakeLock released by handleMessage(12, 0, null)
02-20 20:32:53.621  2073  2073 I GAv4    : Google Analytics 9.2.56 is starting up. To enable debug logging on a device run:
02-20 20:32:53.621  2073  2073 I GAv4    :   adb shell setprop log.tag.GAv4 DEBUG
02-20 20:32:53.621  2073  2073 I GAv4    :   adb logcat -s GAv4
02-20 20:32:53.634  1941  1996 D EGL_emulation: eglMakeCurrent: 0x7f977c264320: ver 3 0 (tinfo 0x7f977c20c8e0)
02-20 20:32:53.651  1655  1692 W WindowManager: Keyguard drawn timeout. Setting mKeyguardDrawComplete
02-20 20:32:53.676  1655  1698 W art     : Long monitor contention with owner Binder:1655_8 (2096) at int com.android.server.wm.WindowManagerService.relayoutWindow(com.android.server.wm.Session, android.view.IWindow, int, android.view.WindowManager$LayoutParams, int, int, int, int, android.graphics.Rect, android.graphics.Rect, android.graphics.Rect, android.graphics.Rect, android.graphics.Rect, android.graphics.Rect, android.graphics.Rect, android.content.res.Configuration, android.view.Surface)(WindowManagerService.java:2857) waiters=0 in void com.android.server.wm.WindowManagerService$H.handleMessage(android.os.Message) for 139ms
02-20 20:32:53.677  1655  1698 I dvm_lock_sample: [system_server,1,android.display,139,WindowManagerService.java,8368,-,2857,27]
02-20 20:32:53.683  1655  1981 W art     : Long monitor contention with owner Binder:1655_8 (2096) at int com.android.server.wm.WindowManagerService.relayoutWindow(com.android.server.wm.Session, android.view.IWindow, int, android.view.WindowManager$LayoutParams, int, int, int, int, android.graphics.Rect, android.graphics.Rect, android.graphics.Rect, android.graphics.Rect, android.graphics.Rect, android.graphics.Rect, android.graphics.Rect, android.content.res.Configuration, android.view.Surface)(WindowManagerService.java:2857) waiters=1 in void com.android.server.wm.WindowManagerService.getInitialDisplaySize(int, android.graphics.Point) for 140ms
02-20 20:32:53.683  1655  1981 I dvm_lock_sample: [system_server,1,Binder:1655_6,140,WindowManagerService.java,9051,-,2857,28]
02-20 20:32:53.684  1925  1925 D SubscriptionController: [setMccMnc]+ mcc/mnc:310/260 subId:1
02-20 20:32:53.687  1771  1771 I Choreographer: Skipped 44 frames!  The application may be doing too much work on its main thread.
02-20 20:32:53.689  1771  1771 D ViewRootImpl[StatusBar]: changeCanvasOpacity: opaque=true
02-20 20:32:53.689  2073  2100 W GAv4    : AnalyticsReceiver is not registered or is disabled. Register the receiver for reliable dispatching on non-Google Play devices. See http://goo.gl/8Rd3yj for instructions.
02-20 20:32:53.691  1655  1692 V KeyguardServiceDelegate: *** Keyguard connected (yay!)
02-20 20:32:53.695  1313  1323 I SurfaceFlinger: Boot is finished (9906 ms)
02-20 20:32:53.695  1313  1323 I sf_stop_bootanim: 11756
02-20 20:32:53.706  2073  2100 W GAv4    : CampaignTrackingReceiver is not registered, not exported or is disabled. Installation campaign tracking is not possible. See http://goo.gl/8Rd3yj for instructions.
02-20 20:32:52.795     0     0 I init    : Service 'bootanim' (pid 1345) exited with status 0
02-20 20:32:52.798     0     0 I init    : Starting service 'exec 6 (/system/bin/bootstat)'...
02-20 20:32:52.832     0     0 I init    : Service 'exec 6 (/system/bin/bootstat)' (pid 2104) exited with status 0
02-20 20:32:52.833     0     0 I init    : Starting service 'exec 7 (/system/bin/bootstat)'...
02-20 20:32:52.867     0     0 I init    : Service 'exec 7 (/system/bin/bootstat)' (pid 2119) exited with status 0
02-20 20:32:52.869     0     0 I init    : Starting service 'exec 8 (/system/bin/bootstat)'...
02-20 20:32:52.881     0     0 D ieee80211 phy1: mac80211_hwsim_configure_filter
02-20 20:32:52.887     0     0 I init    : Service 'exec 8 (/system/bin/bootstat)' (pid 2120) exited with status 0
02-20 20:32:52.889     0     0 I init    : Starting service 'exec 9 (/system/bin/bootstat)'...
02-20 20:32:52.949     0     0 I init    : Service 'exec 9 (/system/bin/bootstat)' (pid 2121) exited with status 0
02-20 20:32:52.950     0     0 I init    : write_file: Unable to open '/sys/class/android_usb/android0/enable': No such file or directory
02-20 20:32:52.954     0     0 I init    : write_file: Unable to open '/sys/class/android_usb/android0/idVendor': No such file or directory
02-20 20:32:52.954     0     0 I init    : write_file: Unable to open '/sys/class/android_usb/android0/idProduct': No such file or directory
02-20 20:32:52.957     0     0 I init    : write_file: Unable to open '/sys/class/android_usb/android0/functions': No such file or directory
02-20 20:32:52.958     0     0 I init    : write_file: Unable to open '/sys/class/android_usb/android0/enable': No such file or directory
02-20 20:32:53.708  1925  1925 D SubscriptionController: notifySubscriptionInfoChanged:
02-20 20:32:53.709  1655  1655 I GnssLocationProvider: WakeLock acquired by sendMessage(12, 0, null)
02-20 20:32:53.711  2073  2100 W GAv4    : AnalyticsService not registered in the app manifest. Hits might not be delivered reliably. See http://goo.gl/8Rd3yj for instructions.
02-20 20:32:53.716  2073  2073 I AlarmClock: AlarmInitReceiver android.intent.action.TIME_SET
02-20 20:32:53.728  1313  2023 D         : HostConnection::get() New Host Connection established 0x720b1cee2cc0, tid 2023
02-20 20:32:53.741  1655  1698 I wm_boot_animation_done: 11802
02-20 20:32:53.742  1655  1698 I SystemServiceManager: Starting phase 1000
02-20 20:32:53.746  2105  2105 W art     : Unexpected CPU variant for X86 using defaults: x86_64
02-20 20:32:53.753  1655  1698 I am_proc_start: [0,2105,10015,com.google.android.ext.services,on-hold,]
02-20 20:32:53.754  1655  1698 I ActivityManager: Start proc 2105:com.google.android.ext.services/u0a15 for on-hold
02-20 20:32:53.754  1655  1698 D ActivityManager: Finishing user boot 0
02-20 20:32:53.754  1655  1698 I sysui_histogram: [framework_locked_boot_completed,11]
02-20 20:32:53.756  1655  1698 D CryptdConnector: SND -> {3 cryptfs prepare_user_storage ! 0 0 2}
02-20 20:32:53.756  1267  1303 D vold    : e4crypt_prepare_user_storage for volume null, user 0, serial 0, flags 2
02-20 20:32:53.756  1267  1303 D vold    : Preparing: /data/system_ce/0
02-20 20:32:53.756  1267  1303 D vold    : Preparing: /data/misc_ce/0
02-20 20:32:53.756  1267  1303 D vold    : Preparing: /data/media/0
02-20 20:32:53.756  1267  1303 D vold    : Preparing: /data/data
02-20 20:32:53.756  1655  1725 D CryptdConnector: RCV <- {200 3 Command succeeded}
02-20 20:32:53.756  1655  1698 V UserManagerService: Found /data/user/0 with serial number 0
02-20 20:32:53.756  1655  1698 V UserManagerService: Found /data/system_ce/0 with serial number 0
02-20 20:32:53.757  1655  1698 V PackageManager: reconcileAppsData for null u0 0x2
02-20 20:32:53.760  2104  2104 I bootstat: Service started: /system/bin/bootstat --record_boot_complete 
02-20 20:32:53.767  2104  2104 I bootstat: Logging histogram: bootstat_mtime_matches_content 1
02-20 20:32:53.768  2104  2104 I sysui_histogram: [bootstat_mtime_matches_content,1]
02-20 20:32:53.770  2104  2104 I bootstat: Logging histogram: bootstat_mtime_matches_content 1
02-20 20:32:53.770  2104  2104 I sysui_histogram: [bootstat_mtime_matches_content,1]
02-20 20:32:53.770  2104  2104 I bootstat: Logging histogram: bootstat_mtime_matches_content 1
02-20 20:32:53.770  2104  2104 I sysui_histogram: [bootstat_mtime_matches_content,1]
02-20 20:32:53.778  1313  1313 I sf_frame_dur: [BootAnimation,0,18,182,10,0,0,0]
02-20 20:32:53.806  2119  2119 I bootstat: Service started: /system/bin/bootstat --record_boot_reason 
02-20 20:32:53.806  2119  2119 I bootstat: Unknown boot reason: 
02-20 20:32:53.825  2120  2120 I bootstat: Service started: /system/bin/bootstat --record_time_since_factory_reset 
02-20 20:32:53.825  2120  2120 I bootstat: Logging histogram: factory_reset_current_time 1519158773
02-20 20:32:53.825  2120  2120 I sysui_histogram: [factory_reset_current_time,1519158773]
02-20 20:32:53.826  2120  2120 I bootstat: Logging histogram: bootstat_mtime_matches_content 1
02-20 20:32:53.826  2120  2120 I sysui_histogram: [bootstat_mtime_matches_content,1]
02-20 20:32:53.826  2120  2120 I bootstat: Logging histogram: factory_reset_record_value 1519154248
02-20 20:32:53.826  2120  2120 I sysui_histogram: [factory_reset_record_value,1519154248]
02-20 20:32:53.844  2121  2121 I bootstat: Service started: /system/bin/bootstat -l 
02-20 20:32:53.844  2121  2121 I bootstat: Logging histogram: bootstat_mtime_matches_content 1
02-20 20:32:53.844  2121  2121 I sysui_histogram: [bootstat_mtime_matches_content,1]
02-20 20:32:53.844  2121  2121 I bootstat: Logging histogram: bootstat_mtime_matches_content 1
02-20 20:32:53.844  2121  2121 I sysui_histogram: [bootstat_mtime_matches_content,1]
02-20 20:32:53.844  2121  2121 I bootstat: Logging histogram: bootstat_mtime_matches_content 1
02-20 20:32:53.844  2121  2121 I sysui_histogram: [bootstat_mtime_matches_content,1]
02-20 20:32:53.844  2121  2121 I bootstat: Logging histogram: bootstat_mtime_matches_content 1
02-20 20:32:53.844  2121  2121 I sysui_histogram: [bootstat_mtime_matches_content,1]
02-20 20:32:53.849  1655  1698 V PackageManager: reconcileAppsData finished 100 packages
02-20 20:32:53.850  1655  1691 I dvm_lock_sample: [system_server,1,ActivityManager,95,BroadcastQueue.java,760,ActivityManagerService.java,6823,19]
02-20 20:32:53.850  1655  1691 D MountService: onUnlockUser 0
02-20 20:32:53.850  1655  1691 D VoldConnector: SND -> {7 volume user_started 0}
02-20 20:32:53.850  1267  1302 D vold    : Linking /storage/emulated/0 to /mnt/user/0/primary
02-20 20:32:53.850  1655  1724 D VoldConnector: RCV <- {200 7 Command succeeded}
02-20 20:32:53.856  1655  1981 I am_proc_bound: [0,2105,com.google.android.ext.services]
02-20 20:32:53.858  1655  1723 D MountService: Volume public:253,64 broadcasting mounted to UserHandle{0}
02-20 20:32:53.876  1655  1723 D MountService: Volume emulated broadcasting mounted to UserHandle{0}
02-20 20:32:53.879  2121  2121 I bootstat: Logging histogram: bootstat_mtime_matches_content 1
02-20 20:32:53.879  2121  2121 I sysui_histogram: [bootstat_mtime_matches_content,1]
02-20 20:32:53.880  2121  2121 I bootstat: Logging histogram: bootstat_mtime_matches_content 1
02-20 20:32:53.880  2121  2121 I sysui_histogram: [bootstat_mtime_matches_content,1]
02-20 20:32:53.880  2121  2121 I bootstat: Logging histogram: bootstat_mtime_matches_content 1
02-20 20:32:53.880  2121  2121 I sysui_histogram: [bootstat_mtime_matches_content,1]
02-20 20:32:53.880  2121  2121 I bootstat: Logging histogram: bootstat_mtime_matches_content 1
02-20 20:32:53.880  2121  2121 I sysui_histogram: [bootstat_mtime_matches_content,1]
02-20 20:32:53.880  2121  2121 I bootstat: Logging histogram: bootstat_mtime_matches_content 1
02-20 20:32:53.880  2121  2121 I sysui_histogram: [bootstat_mtime_matches_content,1]
02-20 20:32:53.880  2121  2121 I bootstat: Logging histogram: bootstat_mtime_matches_content 1
02-20 20:32:53.880  2121  2121 I sysui_histogram: [bootstat_mtime_matches_content,1]
02-20 20:32:53.880  2121  2121 I bootstat: Logging histogram: bootstat_mtime_matches_content 1
02-20 20:32:53.880  2121  2121 I sysui_histogram: [bootstat_mtime_matches_content,1]
02-20 20:32:53.880  2121  2121 I bootstat: Logging histogram: bootstat_mtime_matches_content 1
02-20 20:32:53.880  2121  2121 I sysui_histogram: [bootstat_mtime_matches_content,1]
02-20 20:32:53.880  2121  2121 I bootstat: Logging histogram: bootstat_mtime_matches_content 1
02-20 20:32:53.880  2121  2121 I sysui_histogram: [bootstat_mtime_matches_content,1]
02-20 20:32:53.880  2121  2121 I bootstat: Logging histogram: bootstat_mtime_matches_content 1
02-20 20:32:53.880  2121  2121 I sysui_histogram: [bootstat_mtime_matches_content,1]
02-20 20:32:53.880  2121  2121 I bootstat: Logging histogram: post_decrypt_time_elapsed 2
02-20 20:32:53.880  2121  2121 I sysui_histogram: [post_decrypt_time_elapsed,2]
02-20 20:32:53.880  2121  2121 I bootstat: Logging histogram: last_boot_time_utc 1519158773
02-20 20:32:53.880  2121  2121 I sysui_histogram: [last_boot_time_utc,1519158773]
02-20 20:32:53.880  2121  2121 I bootstat: Logging histogram: build_date 1513095943
02-20 20:32:53.880  2121  2121 I sysui_histogram: [build_date,1513095943]
02-20 20:32:53.880  2121  2121 I bootstat: Logging histogram: boot_decryption_complete 11
02-20 20:32:53.880  2121  2121 I sysui_histogram: [boot_decryption_complete,11]
02-20 20:32:53.880  2121  2121 I bootstat: Logging histogram: ota_boot_complete_post_decrypt 7
02-20 20:32:53.880  2121  2121 I sysui_histogram: [ota_boot_complete_post_decrypt,7]
02-20 20:32:53.880  2121  2121 I bootstat: Logging histogram: ota_boot_complete 9
02-20 20:32:53.880  2121  2121 I sysui_histogram: [ota_boot_complete,9]
02-20 20:32:53.880  2121  2121 I bootstat: Logging histogram: boot_reason 1
02-20 20:32:53.880  2121  2121 I sysui_histogram: [boot_reason,1]
02-20 20:32:53.880  2121  2121 I bootstat: Logging histogram: factory_reset_current_time 1519158773
02-20 20:32:53.880  2121  2121 I sysui_histogram: [factory_reset_current_time,1519158773]
02-20 20:32:53.880  2121  2121 I bootstat: Logging histogram: factory_reset 1519154248
02-20 20:32:53.880  2121  2121 I sysui_histogram: [factory_reset,1519154248]
02-20 20:32:53.880  2121  2121 I bootstat: Logging histogram: time_since_last_boot 70
02-20 20:32:53.880  2121  2121 I sysui_histogram: [time_since_last_boot,70]
02-20 20:32:53.880  2121  2121 I bootstat: Logging histogram: boot_complete_post_decrypt 9
02-20 20:32:53.880  2121  2121 I sysui_histogram: [boot_complete_post_decrypt,9]
02-20 20:32:53.880  2121  2121 I bootstat: Logging histogram: boot_complete 11
02-20 20:32:53.880  2121  2121 I sysui_histogram: [boot_complete,11]
02-20 20:32:53.880  2121  2121 I bootstat: Logging histogram: factory_reset_record_value 1519154248
02-20 20:32:53.880  2121  2121 I sysui_histogram: [factory_reset_record_value,1519154248]
02-20 20:32:53.880  2121  2121 I bootstat: Logging histogram: time_since_factory_reset 4525
02-20 20:32:53.880  2121  2121 I sysui_histogram: [time_since_factory_reset,4525]
02-20 20:32:53.890  2105  2105 W System  : ClassLoader referenced unknown path: /system/priv-app/GoogleExtServices/lib/x86_64
02-20 20:32:53.896  1925  1925 D SubscriptionController: [getActiveSubscriptionInfo]+ subId=1 subInfo={id=1, iccId=89014103211118510720 simSlotIndex=0 displayName=Android carrierName=Android nameSource=0 iconTint=-16746133 dataRoaming=0 iconBitmap=android.graphics.Bitmap@9f99629 mcc 310 mnc 260}
02-20 20:32:53.900  1925  1925 D SubscriptionInfoUpdater: sim name = Android
02-20 20:32:53.905  1655  1691 V BackupManagerService: No ancestral data
02-20 20:32:53.910  1655  1690 W GnssLocationProvider: Could not open GPS configuration file /etc/gps.conf
02-20 20:32:53.910  1655  1690 E GnssLocationProvider: no AGPS interface in set_agps_server
02-20 20:32:53.910  1655  1690 I GnssLocationProvider: WakeLock released by handleMessage(12, 0, null)
02-20 20:32:53.920  1655  1691 V BackupManagerService: Starting with transport android/com.android.internal.backup.LocalTransport
02-20 20:32:53.920  1655  1691 V BackupManagerService: Found transports: 2
02-20 20:32:53.933  1655  1691 I am_proc_start: [0,2126,10014,com.google.android.gms.persistent,service,com.google.android.gms/.backup.BackupTransportService]
02-20 20:32:53.934  1655  1691 I ActivityManager: Start proc 2126:com.google.android.gms.persistent/u0a14 for service com.google.android.gms/.backup.BackupTransportService
02-20 20:32:53.936  1925  1925 D SubscriptionInfoUpdater: Broadcasting intent ACTION_SIM_STATE_CHANGED LOADED reason null for mCardIndex: 0
02-20 20:32:53.936  1925  1925 D CarrierConfigLoader: update config for phoneId: 0 simState: LOADED
02-20 20:32:53.936  1925  1925 D CarrierSvcBindHelper: update binding for phoneId: 0 simState: LOADED
02-20 20:32:53.953  1655  1655 V BackupManagerService: Connected to transport ComponentInfo{android/com.android.internal.backup.LocalTransportService}
02-20 20:32:53.953  1655  1655 V BackupManagerService: Registering transport android/com.android.internal.backup.LocalTransportService::android/com.android.internal.backup.LocalTransport = android.app.backup.BackupTransport$TransportImpl@c58ea5
02-20 20:32:53.954  1655  1655 I backup_transport_lifecycle: [android/com.android.internal.backup.LocalTransportService,1]
02-20 20:32:53.955  2126  2126 W art     : Unexpected CPU variant for X86 using defaults: x86_64
02-20 20:32:53.957  1925  1925 D SubscriptionController: [getActiveSubscriptionInfo]+ subId=1 subInfo={id=1, iccId=89014103211118510720 simSlotIndex=0 displayName=Android carrierName=Android nameSource=0 iconTint=-16746133 dataRoaming=0 iconBitmap=android.graphics.Bitmap@c66edc mcc 310 mnc 260}
02-20 20:32:53.959  1655  1704 I Telecom : PhoneAccountRegistrar: [ComponentInfo{com.android.phone/com.android.services.telephony.TelephonyConnectionService}, [e0184adedf913b076626646d3f52c3b49c39ad6d], UserHandle{0}(icon: Icon(typ=BITMAP size=76x96) -> Icon(typ=BITMAP size=76x96))]: TSI.rPA@ABE
02-20 20:32:53.961  1655  1704 I Telecom : : Sending phone-account registered intent as user: TSI.rPA@ABE
02-20 20:32:53.964  1925  1925 D DCT     : [0]onRecordsLoadedOrSubIdChanged: createAllApnList
02-20 20:32:53.964  1925  1925 D DCT     : [0]createAllApnList: selection=numeric = '310260'
02-20 20:32:53.966  1925  1925 D DCT     : [0]createApnList: X result=[[ApnSettingV3] T-Mobile US, 1, 310260, epc.tmobile.com, , http://mms.msg.eng.t-mobile.com/mms/wapenc, , , , -1, *, IP, IP, true, 0, 0, 0, false, 0, 0, 0, 0, , , false]
02-20 20:32:53.966  1925  1925 D TelephonyProvider: subIdString = 1 subId = 1
02-20 20:32:53.972  1655  1969 I am_proc_bound: [0,2126,com.google.android.gms.persistent]
02-20 20:32:53.998  1925  1925 D DCT     : [0]getPreferredApn: mRequestedApnType=default cursor=android.content.ContentResolver$CursorWrapperInner@ae147 cursor.count=1
02-20 20:32:53.998  1925  1925 D DCT     : [0]getPreferredApn: apnSetting=[ApnSettingV3] T-Mobile US, 1, 310260, epc.tmobile.com, , http://mms.msg.eng.t-mobile.com/mms/wapenc, , , , -1, *, IP, IP, true, 0, 0, 0, false, 0, 0, 0, 0, , , false
02-20 20:32:53.998  1925  1925 D DCT     : [0]getPreferredApn: X found apnSetting[ApnSettingV3] T-Mobile US, 1, 310260, epc.tmobile.com, , http://mms.msg.eng.t-mobile.com/mms/wapenc, , , , -1, *, IP, IP, true, 0, 0, 0, false, 0, 0, 0, 0, , , false
02-20 20:32:53.998  1925  1925 D DCT     : [0]createAllApnList: mPreferredApn=[ApnSettingV3] T-Mobile US, 1, 310260, epc.tmobile.com, , http://mms.msg.eng.t-mobile.com/mms/wapenc, , , , -1, *, IP, IP, true, 0, 0, 0, false, 0, 0, 0, 0, , , false
02-20 20:32:53.998  1925  1925 D DCT     : [0]createAllApnList: X mAllApnSettings=[[ApnSettingV3] T-Mobile US, 1, 310260, epc.tmobile.com, , http://mms.msg.eng.t-mobile.com/mms/wapenc, , , , -1, *, IP, IP, true, 0, 0, 0, false, 0, 0, 0, 0, , , false]
02-20 20:32:53.998  1925  1925 D DCT     : [0]setDataProfilesAsNeeded
02-20 20:32:53.998  1925  1925 D DCT     : [0]setInitialApn: E mPreferredApn=[ApnSettingV3] T-Mobile US, 1, 310260, epc.tmobile.com, , http://mms.msg.eng.t-mobile.com/mms/wapenc, , , , -1, *, IP, IP, true, 0, 0, 0, false, 0, 0, 0, 0, , , false
