02-20 20:32:50.077  1655  1655 W ActivityManager: Slow operation: 53ms so far, now at startProcess: done updating battery stats
02-20 20:32:50.077  1655  1655 I am_proc_start: [0,1791,1037,WebViewLoader-x86,,]
02-20 20:32:50.077  1655  1655 W ActivityManager: Slow operation: 53ms so far, now at startProcess: building log message
02-20 20:32:50.077  1655  1655 I ActivityManager: Start proc 1791:WebViewLoader-x86/1037 [android.webkit.WebViewFactory$RelroFileCreator] for 
02-20 20:32:50.077  1655  1655 W ActivityManager: Slow operation: 53ms so far, now at startProcess: starting to update pids map
02-20 20:32:50.077  1655  1655 W ActivityManager: Slow operation: 53ms so far, now at startProcess: done updating pids map
02-20 20:32:50.077  1655  1655 W ActivityManager: Slow operation: 53ms so far, now at startProcess: done starting proc!
02-20 20:32:50.083  1492  1492 I hostapd : wlan1: interface state COUNTRY_UPDATE->HT_SCAN
02-20 20:32:50.088  1655  1655 I am_proc_start: [0,1796,1037,WebViewLoader-x86_64,,]
02-20 20:32:50.088  1655  1655 I ActivityManager: Start proc 1796:WebViewLoader-x86_64/1037 [android.webkit.WebViewFactory$RelroFileCreator] for 
02-20 20:32:50.088  1655  1723 D VoldConnector: SND -> {5 volume mount emulated 3 -1}
02-20 20:32:50.089  1267  1302 V vold    : Waiting for FUSE to spin up...
02-20 20:32:50.089  1655  1724 D VoldConnector: RCV <- {651 emulated 1}
02-20 20:32:50.096  1796  1796 W art     : Unexpected CPU variant for X86 using defaults: x86_64
02-20 20:32:50.098  1655  1655 D NetworkManagement: enabling bandwidth control
02-20 20:32:50.100  1655  1724 D VoldConnector: RCV <- {656 emulated /data/media}
02-20 20:32:50.100  1655  1724 D VoldConnector: RCV <- {655 emulated /storage/emulated}
02-20 20:32:50.102  1485  1485 E ipv6proxy: Failed to forward Router Advertisement from eth0 to wlan1: Network is unreachable
02-20 20:32:50.136  1796  1796 V WebViewFactory: RelroFileCreator (64bit = true),  32-bit lib: /system/app/Chrome/Chrome.apk!/lib/x86/libmonochrome.so, 64-bit lib: /system/app/Chrome/Chrome.apk!/lib/x86_64/libmonochrome.so
02-20 20:32:50.140  1267  1302 V vold    : Waiting for FUSE to spin up...
02-20 20:32:50.146  1771  1771 V SystemUIService: Starting SystemUI services for user 0.
02-20 20:32:50.158  1801  1801 W sdcard  : Device explicitly disabled sdcardfs
02-20 20:32:50.167     0     0 D SELinux : initialized (dev fuse, type fuse), uses genfs_contexts
02-20 20:32:50.168     0     0 D SELinux : initialized (dev fuse, type fuse), uses genfs_contexts
02-20 20:32:50.176     0     0 D SELinux : initialized (dev fuse, type fuse), uses genfs_contexts
02-20 20:32:50.204     0     0 D ieee80211 phy1: hw scan 2417 MHz
02-20 20:32:50.165  1655  1789 E WVMExtractor: Failed to open libwvm.so: dlopen failed: library "libwvm.so" not found
02-20 20:32:50.176  1791  1791 W art     : Unexpected CPU variant for X86 using defaults: x86
02-20 20:32:50.191  1655  1724 D VoldConnector: RCV <- {651 emulated 2}
02-20 20:32:50.191  1655  1724 D VoldConnector: RCV <- {200 5 Command succeeded}
02-20 20:32:50.191  1655  1723 D VoldConnector: SND -> {6 volume mount public:253,64 2 0}
02-20 20:32:50.192  1267  1302 V vold    : /system/bin/blkid
02-20 20:32:50.192  1267  1302 V vold    :     -c
02-20 20:32:50.192  1267  1302 V vold    :     /dev/null
02-20 20:32:50.192  1267  1302 V vold    :     -s
02-20 20:32:50.192  1267  1302 V vold    :     TYPE
02-20 20:32:50.192  1267  1302 V vold    :     -s
02-20 20:32:50.192  1267  1302 V vold    :     UUID
02-20 20:32:50.192  1267  1302 V vold    :     -s
02-20 20:32:50.192  1267  1302 V vold    :     LABEL
02-20 20:32:50.192  1267  1302 V vold    :     /dev/block/vold/public:253,64
02-20 20:32:50.192  1655  1724 D VoldConnector: RCV <- {651 public:253,64 1}
02-20 20:32:50.207  1370  1370 I MediaPlayerService: MediaPlayerService::getOMX
02-20 20:32:50.209  1370  1370 I OMXClient: MuxOMX ctor
02-20 20:32:50.213  1370  1370 I MediaPlayerService: MediaPlayerService::getOMX
02-20 20:32:50.214  1370  1370 I OMXClient: MuxOMX ctor
02-20 20:32:50.214  1367  1367 I OMXMaster: makeComponentInstance(OMX.google.mp3.decoder) in mediacodec process
02-20 20:32:50.240  1791  1791 V WebViewFactory: RelroFileCreator (64bit = false),  32-bit lib: /system/app/Chrome/Chrome.apk!/lib/x86/libmonochrome.so, 64-bit lib: /system/app/Chrome/Chrome.apk!/lib/x86_64/libmonochrome.so
02-20 20:32:50.265  1771  1771 V MediaRouter: Adding route: RouteInfo{ name=Phone, description=null, status=null, category=RouteCategory{ name=null types=ROUTE_TYPE_LIVE_AUDIO ROUTE_TYPE_LIVE_VIDEO  groupable=false }, supportedTypes=ROUTE_TYPE_LIVE_AUDIO ROUTE_TYPE_LIVE_VIDEO , presentationDisplay=null }
02-20 20:32:50.266  1771  1771 V MediaRouter: Updating audio routes: AudioRoutesInfo{ type=SPEAKER }
02-20 20:32:50.267  1771  1771 V MediaRouter: Selecting route: RouteInfo{ name=Phone, description=null, status=null, category=RouteCategory{ name=null types=ROUTE_TYPE_LIVE_AUDIO ROUTE_TYPE_LIVE_VIDEO  groupable=false }, supportedTypes=ROUTE_TYPE_LIVE_AUDIO ROUTE_TYPE_LIVE_VIDEO , presentationDisplay=null }
02-20 20:32:50.275  1372  1477 D AT      : AT< +CGREG: 1,1
02-20 20:32:50.275  1372  1477 D AT      : AT< +CTEC: 1+CREG: 2,1, "0003", "005b"
02-20 20:32:50.275  1372  1477 D RIL     : Response: +CTEC: 1+CREG: 2,1, "0003", "005b"
02-20 20:32:50.275  1372  1477 D RIL     : line remaining after int: 1, "0003", "005b"
02-20 20:32:50.275  1372  1477 D RIL     : setRadioTechnology(1)
02-20 20:32:50.275  1372  1477 D RIL     : Tech change (0 => 1)
02-20 20:32:50.275  1372  1477 D AT      : AT< +CGREG: 1,1
02-20 20:32:50.276     0     0 W healthd : battery l=100 v=0 t=0.0 h=2 st=2 chg=a
02-20 20:32:50.321     0     0 D ieee80211 phy1: hw scan 2422 MHz
02-20 20:32:50.292  1757  1757 I LatinIME: Hardware accelerated drawing: true
02-20 20:32:50.293  1655  1688 D TelephonyRegistry: listen oscl: hasNotifySubscriptionInfoChangedOccurred==false no callback
02-20 20:32:50.297  1655  1731 D WifiController: DEFERRED_TOGGLE handled
02-20 20:32:50.299  1370  1370 I MediaPlayerService: MediaPlayerService::getOMX
02-20 20:32:50.299  1370  1370 I OMXClient: MuxOMX ctor
02-20 20:32:50.299  1367  1839 I OMXMaster: makeComponentInstance(OMX.google.amrnb.decoder) in mediacodec process
02-20 20:32:50.301  1267  1302 V vold    : /dev/block/vold/public:253,64: LABEL="SDCARD" UUID="1E12-0B12" TYPE="vfat" 
02-20 20:32:50.301  1267  1302 V vold    : 
02-20 20:32:50.301  1267  1302 V vold    : /system/bin/fsck_msdos
02-20 20:32:50.301  1267  1302 V vold    :     -p
02-20 20:32:50.301  1267  1302 V vold    :     -f
02-20 20:32:50.301  1267  1302 V vold    :     /dev/block/vold/public:253,64
02-20 20:32:50.302  1655  1724 D VoldConnector: RCV <- {652 public:253,64 vfat}
02-20 20:32:50.302  1655  1724 D VoldConnector: RCV <- {653 public:253,64 1E12-0B12}
02-20 20:32:50.302  1655  1724 D VoldConnector: RCV <- {654 public:253,64 SDCARD}
02-20 20:32:50.321  1370  1370 I MediaPlayerService: MediaPlayerService::getOMX
02-20 20:32:50.321  1370  1370 I OMXClient: MuxOMX ctor
02-20 20:32:50.321  1367  1367 I OMXMaster: makeComponentInstance(OMX.google.amrwb.decoder) in mediacodec process
02-20 20:32:50.343  1370  1370 I MediaPlayerService: MediaPlayerService::getOMX
02-20 20:32:50.343  1370  1370 I OMXClient: MuxOMX ctor
02-20 20:32:50.343  1367  1367 I OMXMaster: makeComponentInstance(OMX.google.aac.decoder) in mediacodec process
02-20 20:32:50.366  1267  1302 I fsck_msdos: ** /dev/block/vold/public:253,64
02-20 20:32:50.367  1267  1302 I fsck_msdos: ** Phase 1 - Read and Compare FATs
02-20 20:32:50.367  1267  1302 I fsck_msdos: Attempting to allocate 1022 KB for FAT
02-20 20:32:50.382  1370  1370 I MediaPlayerService: MediaPlayerService::getOMX
02-20 20:32:50.382  1370  1370 I OMXClient: MuxOMX ctor
02-20 20:32:50.382  1367  1403 I OMXMaster: makeComponentInstance(OMX.google.g711.alaw.decoder) in mediacodec process
02-20 20:32:50.432  1791  1791 I art     : System.exit called, status: 0
02-20 20:32:50.432  1791  1791 I AndroidRuntime: VM exiting with result code 0, cleanup skipped.
02-20 20:32:50.441     0     0 D ieee80211 phy1: hw scan 2427 MHz
02-20 20:32:50.453  1757  1757 W InputAttributes: No editor info for this field. Bug?
02-20 20:32:50.453  1771  1857 E WVMExtractor: Failed to open libwvm.so: dlopen failed: library "libwvm.so" not found
02-20 20:32:50.457  1655  1655 W NetworkManagement: setDataSaverMode(): already false
02-20 20:32:50.457  1371  1687 D SoftapController: Softap fwReload - Ok
02-20 20:32:50.474  1371  1687 D CommandListener: Setting iface cfg
02-20 20:32:50.474  1371  1687 D CommandListener: Trying to bring down wlan0
02-20 20:32:50.474  1370  1370 I MediaPlayerService: MediaPlayerService::getOMX
02-20 20:32:50.474  1370  1370 I OMXClient: MuxOMX ctor
02-20 20:32:50.474  1371  1687 D CommandListener: Clearing all IP addresses on wlan0
02-20 20:32:50.474  1367  1836 I OMXMaster: makeComponentInstance(OMX.google.g711.mlaw.decoder) in mediacodec process
02-20 20:32:50.476  1267  1302 I fsck_msdos: Attempting to allocate 1022 KB for FAT
02-20 20:32:50.481  1655  1732 E WifiMonitor: killSupplicant p2pfalse init.svc.wpa_supplicant=unknown init.svc.p2p_supplicant=unknown
02-20 20:32:50.514  1796  1796 I art     : System.exit called, status: 0
02-20 20:32:50.515  1796  1796 I AndroidRuntime: VM exiting with result code 0, cleanup skipped.
02-20 20:32:50.515  1370  1370 I MediaPlayerService: MediaPlayerService::getOMX
02-20 20:32:50.515  1370  1370 I OMXClient: MuxOMX ctor
02-20 20:32:50.515  1367  1403 I OMXMaster: makeComponentInstance(OMX.google.vorbis.decoder) in mediacodec process
02-20 20:32:50.536  1267  1302 I fsck_msdos: ** Phase 2 - Check Cluster Chains
02-20 20:32:50.538  1267  1302 I fsck_msdos: ** Phase 3 - Checking Directories
02-20 20:32:50.538  1267  1302 I fsck_msdos: ** Phase 4 - Checking for Lost Files
02-20 20:32:50.539  1267  1302 I fsck_msdos: 27 files, 522176 free (261088 clusters)
02-20 20:32:50.548  1267  1302 I Vold    : Filesystem check completed OK
02-20 20:32:50.549  1655  1724 D VoldConnector: RCV <- {656 public:253,64 /mnt/media_rw/1E12-0B12}
02-20 20:32:50.549  1655  1724 D VoldConnector: RCV <- {655 public:253,64 /storage/1E12-0B12}
02-20 20:32:50.554  1370  1370 I MediaPlayerService: MediaPlayerService::getOMX
02-20 20:32:50.554  1267  1302 V vold    : Waiting for FUSE to spin up...
02-20 20:32:50.555  1370  1370 I OMXClient: MuxOMX ctor
02-20 20:32:50.555  1367  1367 I OMXMaster: makeComponentInstance(OMX.google.opus.decoder) in mediacodec process
02-20 20:32:50.551     0     0 W FAT-fs (vde): Volume was not properly unmounted. Some data may be corrupt. Please run fsck.
02-20 20:32:50.553     0     0 D SELinux : initialized (dev vde, type vfat), uses genfs_contexts
02-20 20:32:50.561     0     0 D ieee80211 phy1: hw scan 2432 MHz
02-20 20:32:50.573  1874  1874 W sdcard  : Device explicitly disabled sdcardfs
02-20 20:32:50.574     0     0 D SELinux : initialized (dev fuse, type fuse), uses genfs_contexts
02-20 20:32:50.576     0     0 D SELinux : initialized (dev fuse, type fuse), uses genfs_contexts
02-20 20:32:50.577     0     0 D SELinux : initialized (dev fuse, type fuse), uses genfs_contexts
02-20 20:32:50.591  1655  1732 E wifi    : Can not initialize the vendor function pointer table
02-20 20:32:50.591  1655  1732 E WifiNative-HAL: Could not start hal
02-20 20:32:50.591  1655  1732 E WifiStateMachine: Failed to start HAL
02-20 20:32:50.596  1655  1732 D WifiMonitor: startMonitoring(wlan0) with mConnected = false
02-20 20:32:50.597  1655  1732 E WifiHW  : Unable to open connection to supplicant on "@android:wpa_wlan0": No such file or directory
02-20 20:32:50.607  1655  1724 D VoldConnector: RCV <- {651 public:253,64 2}
02-20 20:32:50.607  1655  1724 D VoldConnector: RCV <- {200 6 Command succeeded}
02-20 20:32:50.612  1771  1771 I vol.Events: writeEvent collection_started
02-20 20:32:50.618  1771  1884 I sysui_action: [213,2]
02-20 20:32:50.618  1771  1884 I vol.Events: writeEvent external_ringer_mode_changed normal
02-20 20:32:50.618  1771  1884 I vol.Events: writeEvent internal_ringer_mode_changed normal
02-20 20:32:50.621  1370  1370 I MediaPlayerService: MediaPlayerService::getOMX
02-20 20:32:50.621  1370  1370 I OMXClient: MuxOMX ctor
02-20 20:32:50.621  1367  1839 I OMXMaster: makeComponentInstance(OMX.google.raw.decoder) in mediacodec process
02-20 20:32:50.592     0     0 I init    : Starting service 'wpa_supplicant'...
02-20 20:32:50.529  1757  1865 I LatinIME:LogUtils: Dictionary info: dictionary = userunigram.en_US ; version = 1519158770 ; date = ?
02-20 20:32:50.624  1757  1865 E ActivityThread: Failed to find provider info for user_dictionary
02-20 20:32:50.625  1757  1865 I LatinIME:LogUtils: Dictionary info: dictionary = UserHistoryDictionary.en_US ; version = 1519158770 ; date = ?
02-20 20:32:50.630  1370  1370 I MediaPlayerService: MediaPlayerService::getOMX
02-20 20:32:50.630  1370  1370 I OMXClient: MuxOMX ctor
02-20 20:32:50.630  1367  1839 I OMXMaster: makeComponentInstance(OMX.google.aac.encoder) in mediacodec process
02-20 20:32:50.636  1370  1370 I MediaPlayerService: MediaPlayerService::getOMX
02-20 20:32:50.637  1370  1370 I OMXClient: MuxOMX ctor
02-20 20:32:50.637  1367  1403 I OMXMaster: makeComponentInstance(OMX.google.amrnb.encoder) in mediacodec process
02-20 20:32:50.643  1370  1370 I MediaPlayerService: MediaPlayerService::getOMX
02-20 20:32:50.643  1370  1370 I OMXClient: MuxOMX ctor
02-20 20:32:50.643  1367  1403 I OMXMaster: makeComponentInstance(OMX.google.amrwb.encoder) in mediacodec process
02-20 20:32:50.646  1370  1370 I MediaPlayerService: MediaPlayerService::getOMX
02-20 20:32:50.646  1370  1370 I OMXClient: MuxOMX ctor
02-20 20:32:50.646  1367  1403 I OMXMaster: makeComponentInstance(OMX.google.flac.encoder) in mediacodec process
02-20 20:32:50.653  1655  1655 D NetworkPolicy: setRestrictBackgroundUL(): false
02-20 20:32:50.654  1655  1655 W NetworkManagement: setDataSaverMode(): already false
02-20 20:32:50.664  1757  1865 I LatinIME:LogUtils: Dictionary info: dictionary = main:en ; version = 54 ; date = 1414726273
02-20 20:32:50.666  1370  1370 I MediaPlayerService: MediaPlayerService::getOMX
02-20 20:32:50.666  1370  1370 I OMXClient: MuxOMX ctor
02-20 20:32:50.666  1367  1367 I OMXMaster: makeComponentInstance(OMX.google.gsm.decoder) in mediacodec process
02-20 20:32:50.697  1370  1370 I MediaPlayerService: MediaPlayerService::getOMX
02-20 20:32:50.697  1370  1370 I OMXClient: MuxOMX ctor
02-20 20:32:50.697  1367  1403 I OMXMaster: makeComponentInstance(OMX.google.mpeg4.decoder) in mediacodec process
02-20 20:32:50.690     0     0 D ieee80211 phy1: hw scan 2437 MHz
02-20 20:32:50.718  1882  1882 I wpa_supplicant: Successfully initialized wpa_supplicant
02-20 20:32:50.721  1882  1882 I wpa_supplicant: rfkill: Cannot open RFKILL control device
02-20 20:32:50.722  1882  1882 I wpa_supplicant: nl80211: Could not re-add multicast membership for vendor events: -2 (No such file or directory)
02-20 20:32:50.726  1367  1836 E OMXNodeInstance: getExtensionIndex(557000f:google.mpeg4.decoder, OMX.google.android.index.configureVideoTunnelMode) ERROR: UnsupportedIndex(0x8000101a)
02-20 20:32:50.726  1367  1367 W OMXNodeInstance: [557000f:google.mpeg4.decoder] component does not support metadata mode; using fallback
02-20 20:32:50.721     0     0 D ieee80211 phy0: mac80211_hwsim_start
02-20 20:32:50.721     0     0 D ieee80211 phy0: mac80211_hwsim_add_interface (type=2 mac_addr=02:00:00:44:55:66)
02-20 20:32:50.721     0     0 D ieee80211 phy0: mac80211_hwsim_bss_info_changed(changed=0xe)
02-20 20:32:50.721     0     0 D ieee80211 phy0: ERP_CTS_PROT: 0
02-20 20:32:50.721     0     0 D ieee80211 phy0: ERP_PREAMBLE: 0
02-20 20:32:50.721     0     0 D ieee80211 phy0: ERP_SLOT: 0
02-20 20:32:50.721     0     0 D ieee80211 phy0: mac80211_hwsim_conf_tx (queue=0 txop=0 cw_min=15 cw_max=1023 aifs=2)
02-20 20:32:50.721     0     0 D ieee80211 phy0: mac80211_hwsim_conf_tx (queue=1 txop=0 cw_min=15 cw_max=1023 aifs=2)
02-20 20:32:50.721     0     0 D ieee80211 phy0: mac80211_hwsim_conf_tx (queue=2 txop=0 cw_min=15 cw_max=1023 aifs=2)
02-20 20:32:50.721     0     0 D ieee80211 phy0: mac80211_hwsim_conf_tx (queue=3 txop=0 cw_min=15 cw_max=1023 aifs=2)
02-20 20:32:50.721     0     0 D ieee80211 phy0: mac80211_hwsim_bss_info_changed(changed=0x2000)
02-20 20:32:50.721     0     0 D ieee80211 phy0: mac80211_hwsim_config (freq=0 idle=0 ps=0 smps=auto)
02-20 20:32:50.721     0     0 I IPv6    : ADDRCONF(NETDEV_UP): wlan0: link is not ready
02-20 20:32:50.721     0     0 D ieee80211 phy0: mac80211_hwsim_configure_filter
02-20 20:32:50.731  1370  1370 I MediaPlayerService: MediaPlayerService::getOMX
02-20 20:32:50.731  1370  1370 I OMXClient: MuxOMX ctor
02-20 20:32:50.731  1367  1839 I OMXMaster: makeComponentInstance(OMX.google.h263.decoder) in mediacodec process
02-20 20:32:50.751  1367  1836 E OMXNodeInstance: getExtensionIndex(5570010:google.h263.decoder, OMX.google.android.index.configureVideoTunnelMode) ERROR: UnsupportedIndex(0x8000101a)
02-20 20:32:50.751  1367  1839 W OMXNodeInstance: [5570010:google.h263.decoder] component does not support metadata mode; using fallback
02-20 20:32:50.760  1370  1370 I MediaPlayerService: MediaPlayerService::getOMX
02-20 20:32:50.760  1370  1370 I OMXClient: MuxOMX ctor
02-20 20:32:50.760  1367  1839 I OMXMaster: makeComponentInstance(OMX.google.h264.decoder) in mediacodec process
02-20 20:32:50.774  1655  1655 I SystemServiceManager: Starting phase 600
02-20 20:32:50.778  1655  1655 D SensorNotificationService: Cannot obtain dynamic meta sensor, not supported.
02-20 20:32:50.783  1655  1728 I netstats_mobile_sample: [0,0,0,0,0,0,0,0,0,0,0,0,-1]
02-20 20:32:50.783  1655  1728 I netstats_wifi_sample: [0,0,0,0,0,0,0,0,0,0,0,0,-1]
02-20 20:32:50.783  1655  1655 D TelephonyRegistry: listen oscl: hasNotifySubscriptionInfoChangedOccurred==false no callback
02-20 20:32:50.797  1370  1370 W ACodec  : [OMX.google.h264.decoder] stopping checking profiles after 32: 2/8000
02-20 20:32:50.797  1367  1403 E OMXNodeInstance: getExtensionIndex(5570011:google.h264.decoder, OMX.google.android.index.configureVideoTunnelMode) ERROR: UnsupportedIndex(0x8000101a)
02-20 20:32:50.797  1367  1839 W OMXNodeInstance: [5570011:google.h264.decoder] component does not support metadata mode; using fallback
02-20 20:32:50.801  1370  1370 I MediaPlayerService: MediaPlayerService::getOMX
02-20 20:32:50.802  1882  1882 E wpa_supplicant: global ctrl interface @android:wpa_wlan0 matches ctrl interface wlan0 - do not open per-interface ctrl interface
02-20 20:32:50.802  1370  1370 I OMXClient: MuxOMX ctor
02-20 20:32:50.802  1367  1839 I OMXMaster: makeComponentInstance(OMX.google.hevc.decoder) in mediacodec process
02-20 20:32:50.811     0     0 D ieee80211 phy1: hw scan 2442 MHz
02-20 20:32:50.806  1655  1655 I GnssLocationProvider: WakeLock acquired by sendMessage(13, 0, null)
02-20 20:32:50.807  1655  1655 W LocationProviderProxy-network: Odd, no component found for service com.android.location.service.v3.NetworkLocationProvider
02-20 20:32:50.808  1655  1655 W GeocoderProxy: Odd, no component found for service com.android.location.service.GeocodeProvider
02-20 20:32:50.809  1655  1655 E FlpHardwareProvider: Error hw_get_module 'flp': -2
02-20 20:32:50.809  1655  1655 D LocationManagerService: FLP HAL not supported
02-20 20:32:50.809  1655  1655 W GeofenceProxy: Odd, no component found for service com.android.location.service.GeofenceProvider
02-20 20:32:50.809  1655  1655 E ActivityRecognitionHardware: Error hw_get_module: -2
02-20 20:32:50.809  1655  1655 D LocationManagerService: Hardware Activity-Recognition not supported.
02-20 20:32:50.810  1655  1655 W ActivityRecognitionProxy: Odd, no component found for service com.android.location.service.ActivityRecognitionProvider
02-20 20:32:50.810  1655  1655 I GnssLocationProvider: WakeLock acquired by sendMessage(2, 1, null)
02-20 20:32:50.811  1655  1666 I art     : Background sticky concurrent mark sweep GC freed 47806(2MB) AllocSpace objects, 13(272KB) LOS objects, 13% free, 21MB/24MB, paused 9.171ms total 37.670ms
02-20 20:32:50.812  1655  1689 I stream_devices_changed: [0,0,2]
02-20 20:32:50.812  1655  1689 I stream_devices_changed: [2,0,2]
02-20 20:32:50.812  1655  1689 I stream_devices_changed: [3,0,2]
02-20 20:32:50.813  1655  1689 I stream_devices_changed: [6,0,2]
02-20 20:32:50.814  1655  1689 I stream_devices_changed: [4,0,2]
02-20 20:32:50.814  1771  1884 I vol.Events: writeEvent level_changed STREAM_ALARM 6
02-20 20:32:50.824  1771  1884 I vol.Events: writeEvent level_changed STREAM_BLUETOOTH_SCO 7
02-20 20:32:50.825  1771  1884 I vol.Events: writeEvent level_changed STREAM_MUSIC 11
02-20 20:32:50.826  1771  1884 I vol.Events: writeEvent level_changed STREAM_RING 5
02-20 20:32:50.827  1771  1884 I vol.Events: writeEvent level_changed STREAM_SYSTEM 5
02-20 20:32:50.827  1771  1884 I vol.Events: writeEvent level_changed STREAM_VOICE_CALL 4
02-20 20:32:50.829  1655  1690 W GnssLocationProvider: Could not open GPS configuration file /etc/gps.conf
02-20 20:32:50.829  1655  1690 E GnssLocationProvider: no AGPS interface in set_agps_server
02-20 20:32:50.829  1655  1655 I CommonTimeManagementService: No common time service detected on this platform.  Common time services will be unavailable.
02-20 20:32:50.830  1655  1721 I InputReader: Reconfiguring input devices.  changes=0x00000020
02-20 20:32:50.832  1655  1721 I InputReader: Reconfiguring input devices.  changes=0x00000010
02-20 20:32:50.832  1655  1655 D TelephonyRegistry: systemRunning register for intents
02-20 20:32:50.832  1655  1655 I MmsServiceBroker: Delay connecting to MmsService until an API is called
02-20 20:32:50.837  1367  1839 E OMXNodeInstance: getExtensionIndex(5570012:google.hevc.decoder, OMX.google.android.index.configureVideoTunnelMode) ERROR: UnsupportedIndex(0x8000101a)
02-20 20:32:50.838  1367  1367 W OMXNodeInstance: [5570012:google.hevc.decoder] component does not support metadata mode; using fallback
02-20 20:32:50.841  1655  1690 D TelephonyRegistry: listen oscl: hasNotifySubscriptionInfoChangedOccurred==false no callback
02-20 20:32:50.843  1370  1370 I MediaPlayerService: MediaPlayerService::getOMX
02-20 20:32:50.843  1370  1370 I OMXClient: MuxOMX ctor
02-20 20:32:50.843  1367  1367 I OMXMaster: makeComponentInstance(OMX.google.vp8.decoder) in mediacodec process
02-20 20:32:50.856  1655  1692 W WindowManager: Keyguard drawn timeout. Setting mKeyguardDrawComplete
02-20 20:32:50.858  1313  1756 E SurfaceFlinger: ro.sf.lcd_density must be defined as a build property
02-20 20:32:50.858  1655  1690 I GnssLocationProvider: WakeLock released by handleMessage(13, 0, null)
02-20 20:32:50.864  1771  1771 D         : HostConnection::get() New Host Connection established 0x7f976923c5a0, tid 1771
02-20 20:32:50.869  1655  1690 E GnssLocationProvider: no AGPS interface in set_agps_server
02-20 20:32:50.871  1925  1925 W art     : Unexpected CPU variant for X86 using defaults: x86_64
02-20 20:32:50.873  1655  1690 I GnssLocationProvider: WakeLock released by handleMessage(2, 1, null)
02-20 20:32:50.878  1655  1655 I am_proc_start: [0,1925,1001,com.android.phone,added application,com.android.phone]
02-20 20:32:50.878  1655  1655 I ActivityManager: Start proc 1925:com.android.phone/1001 for added application com.android.phone
02-20 20:32:50.881  1655  1655 I ActivityManager: START u0 {act=android.intent.action.MAIN cat=[android.intent.category.HOME] flg=0x10000100 cmp=com.android.settings/.FallbackHome} from uid 0 on display 0
02-20 20:32:50.882  1367  1839 E OMXNodeInstance: getExtensionIndex(5570013:google.vp8.decoder, OMX.google.android.index.configureVideoTunnelMode) ERROR: UnsupportedIndex(0x8000101a)
02-20 20:32:50.882  1367  1367 W OMXNodeInstance: [5570013:google.vp8.decoder] component does not support metadata mode; using fallback
02-20 20:32:50.883  1655  1655 W System  : ClassLoader referenced unknown path: 
02-20 20:32:50.883  1655  1655 W System  : ClassLoader referenced unknown path: /system/priv-app/Settings/lib/x86_64
02-20 20:32:50.884  1655  1655 D ApplicationLoaders: ignored Vulkan layer search path /system/priv-app/Settings/lib/x86_64:/system/priv-app/Settings/Settings.apk!/lib/x86_64:/system/lib64:/vendor/lib64 for namespace 0x7f97885d7160
02-20 20:32:50.893  1370  1370 I MediaPlayerService: MediaPlayerService::getOMX
02-20 20:32:50.894  1370  1370 I OMXClient: MuxOMX ctor
02-20 20:32:50.894  1367  1367 I OMXMaster: makeComponentInstance(OMX.google.vp9.decoder) in mediacodec process
02-20 20:32:50.894  1655  1655 I ActivityManager: Loaded persisted task ids for user 0
02-20 20:32:50.903  1655  1655 I am_create_task: [0,1]
02-20 20:32:50.903  1655  1655 I am_create_activity: [0,111418108,1,com.android.settings/.FallbackHome,android.intent.action.MAIN,NULL,NULL,276824320]
02-20 20:32:50.903  1655  1655 I wm_task_created: [1,0]
02-20 20:32:50.904  1655  1655 I wm_task_moved: [1,1,0]
02-20 20:32:50.904  1655  1655 I wm_task_moved: [1,1,0]
02-20 20:32:50.905  1655  1655 I am_focused_activity: [0,com.android.settings/.FallbackHome,startedActivity]
02-20 20:32:50.922  1941  1941 W art     : Unexpected CPU variant for X86 using defaults: x86_64
02-20 20:32:50.923  1655  1655 I am_proc_start: [0,1941,1000,com.android.settings,activity,com.android.settings/.FallbackHome]
02-20 20:32:50.923  1655  1655 I ActivityManager: Start proc 1941:com.android.settings/1000 for activity com.android.settings/.FallbackHome
02-20 20:32:50.928  1655  1705 I am_proc_bound: [0,1925,com.android.phone]
02-20 20:32:50.933  1655  1690 W LocationProviderProxy-network: Odd, no component found for service com.android.location.service.v3.NetworkLocationProvider
02-20 20:32:50.933  1655  1690 W GeocoderProxy: Odd, no component found for service com.android.location.service.GeocodeProvider
02-20 20:32:50.933  1655  1690 W GeofenceProxy: Odd, no component found for service com.android.location.service.GeofenceProvider
02-20 20:32:50.933  1655  1690 W ActivityRecognitionProxy: Odd, no component found for service com.android.location.service.ActivityRecognitionProvider
02-20 20:32:50.936  1655  1655 I SystemServer: Enabled StrictMode for system server main thread.
02-20 20:32:50.932     0     0 D ieee80211 phy1: hw scan 2447 MHz
02-20 20:32:50.945  1771  1771 D StorageNotification: Notifying about private volume: VolumeInfo{private}:
02-20 20:32:50.945  1771  1771 D StorageNotification:     type=PRIVATE diskId=null partGuid=null mountFlags=0 mountUserId=-1 
02-20 20:32:50.945  1771  1771 D StorageNotification:     state=MOUNTED 
02-20 20:32:50.945  1771  1771 D StorageNotification:     fsType=null fsUuid=null fsLabel=null 
02-20 20:32:50.945  1771  1771 D StorageNotification:     path=/data internalPath=null 
02-20 20:32:50.945  1771  1771 D StorageNotification: Notifying about public volume: VolumeInfo{public:253,64}:
02-20 20:32:50.945  1771  1771 D StorageNotification:     type=PUBLIC diskId=disk:253,64 partGuid=null mountFlags=VISIBLE 
02-20 20:32:50.945  1771  1771 D StorageNotification:     mountUserId=0 state=MOUNTED 
02-20 20:32:50.945  1771  1771 D StorageNotification:     fsType=vfat fsUuid=1E12-0B12 fsLabel=SDCARD 
02-20 20:32:50.945  1771  1771 D StorageNotification:     path=/storage/1E12-0B12 internalPath=/mnt/media_rw/1E12-0B12 
02-20 20:32:50.957  1655  1655 D ConditionProviders.SCP: onConnected
02-20 20:32:50.957  1655  1655 D ZenLog  : set_zen_mode: off,readXml
02-20 20:32:50.958  1655  1655 D ConditionProviders: Subscribing to condition://android/schedule?days=6.7&start=23.30&end=10.0&exitAtAlarm=false with ComponentInfo{android/com.android.server.notification.ScheduleConditionProvider}
02-20 20:32:50.958  1655  1655 D ZenLog  : subscribe: condition://android/schedule?days=6.7&start=23.30&end=10.0&exitAtAlarm=false,ok
02-20 20:32:50.958  1655  1655 D ConditionProviders: Subscribing to condition://android/event?userId=-10000&calendar=&reply=1 with ComponentInfo{android/com.android.server.notification.EventConditionProvider}
02-20 20:32:50.958  1655  1655 D ZenLog  : subscribe: condition://android/event?userId=-10000&calendar=&reply=1,ok
02-20 20:32:50.958  1655  1655 D ConditionProviders: Subscribing to condition://android/schedule?days=1.2.3.4.5&start=22.0&end=7.0&exitAtAlarm=false with ComponentInfo{android/com.android.server.notification.ScheduleConditionProvider}
02-20 20:32:50.958  1655  1655 D ZenLog  : subscribe: condition://android/schedule?days=1.2.3.4.5&start=22.0&end=7.0&exitAtAlarm=false,ok
02-20 20:32:50.959  1925  1925 W System  : ClassLoader referenced unknown path: /system/priv-app/TeleService/lib/x86_64
02-20 20:32:50.974  1655  1705 I am_proc_bound: [0,1941,com.android.settings]
02-20 20:32:50.975  1367  1403 E OMXNodeInstance: getExtensionIndex(5570014:google.vp9.decoder, OMX.google.android.index.configureVideoTunnelMode) ERROR: UnsupportedIndex(0x8000101a)
02-20 20:32:50.975  1367  1839 W OMXNodeInstance: [5570014:google.vp9.decoder] component does not support metadata mode; using fallback
02-20 20:32:50.984  1370  1370 I MediaPlayerService: MediaPlayerService::getOMX
02-20 20:32:50.985  1370  1370 I OMXClient: MuxOMX ctor
02-20 20:32:50.985  1367  1836 I OMXMaster: makeComponentInstance(OMX.google.h263.encoder) in mediacodec process
02-20 20:32:51.020  1367  1836 I SoftMPEG4Encoder: Construct SoftMPEG4Encoder
02-20 20:32:51.023  1370  1370 W ACodec  : do not know color format 0x7f000789 = 2130708361
02-20 20:32:51.023  1367  1836 E OMXNodeInstance: getConfig(5570015:google.h263.encoder, ConfigAndroidIntraRefresh(0x6f60000a)) ERROR: Undefined(0x80001001)
02-20 20:32:51.024  1370  1370 I MediaPlayerService: MediaPlayerService::getOMX
02-20 20:32:51.024  1370  1370 I OMXClient: MuxOMX ctor
02-20 20:32:51.024  1367  1367 I OMXMaster: makeComponentInstance(OMX.google.h264.encoder) in mediacodec process
02-20 20:32:51.053  1313  1393 D PermissionCache: checking android.permission.READ_FRAME_BUFFER for uid=1000 => granted (504 us)
02-20 20:32:51.057  1370  1370 W ACodec  : do not know color format 0x7f000789 = 2130708361
02-20 20:32:51.059  1370  1370 I MediaPlayerService: MediaPlayerService::getOMX
02-20 20:32:51.059  1370  1370 I OMXClient: MuxOMX ctor
02-20 20:32:51.059  1367  1836 I OMXMaster: makeComponentInstance(OMX.google.mpeg4.encoder) in mediacodec process
02-20 20:32:51.060     0     0 D ieee80211 phy1: hw scan 2452 MHz
02-20 20:32:51.094  1367  1836 I SoftMPEG4Encoder: Construct SoftMPEG4Encoder
02-20 20:32:51.097  1370  1370 W ACodec  : do not know color format 0x7f000789 = 2130708361
02-20 20:32:51.097  1367  1367 E OMXNodeInstance: getConfig(5570017:google.mpeg4.encoder, ConfigAndroidIntraRefresh(0x6f60000a)) ERROR: Undefined(0x80001001)
02-20 20:32:51.098  1313  1393 D gralloc_ranchu: gralloc_alloc: Creating ashmem region of size 17051648
02-20 20:32:51.100  1370  1370 I MediaPlayerService: MediaPlayerService::getOMX
02-20 20:32:51.100  1370  1370 I OMXClient: MuxOMX ctor
02-20 20:32:51.100  1367  1839 I OMXMaster: makeComponentInstance(OMX.google.vp8.encoder) in mediacodec process
02-20 20:32:51.125  1370  1370 W ACodec  : do not know color format 0x7f000789 = 2130708361
02-20 20:32:51.125  1367  1367 E OMXNodeInstance: getConfig(5570018:google.vp8.encoder, ConfigAndroidIntraRefresh(0x6f60000a)) ERROR: Undefined(0x80001001)
02-20 20:32:51.127  1370  1370 I MediaPlayerService: MediaPlayerService::getOMX
02-20 20:32:51.127  1370  1370 I OMXClient: MuxOMX ctor
02-20 20:32:51.129  1370  1370 I MediaPlayerService: MediaPlayerService::getOMX
02-20 20:32:51.129  1370  1370 I OMXClient: MuxOMX ctor
02-20 20:32:51.129  1370  1370 W MediaCodecList: unable to open media codecs configuration xml file: /data/misc/media/media_codecs_profiling_results.xml
02-20 20:32:51.130  1370  1846 I MediaPlayerService: MediaPlayerService::getOMX
02-20 20:32:51.130  1370  1406 I MediaPlayerService: MediaPlayerService::getOMX
02-20 20:32:51.130  1655  1827 I OMXClient: MuxOMX ctor
02-20 20:32:51.130  1771  1861 I OMXClient: MuxOMX ctor
02-20 20:32:51.131  1367  1403 I OMXMaster: makeComponentInstance(OMX.google.vorbis.decoder) in mediacodec process
02-20 20:32:51.144  1367  1836 I OMXMaster: makeComponentInstance(OMX.google.vorbis.decoder) in mediacodec process
02-20 20:32:51.178  1370  1887 I MediaPlayerService: MediaPlayerService::getOMX
02-20 20:32:51.178  1655  1982 I OMXClient: MuxOMX ctor
02-20 20:32:51.179  1367  1403 I OMXMaster: makeComponentInstance(OMX.google.vorbis.decoder) in mediacodec process
02-20 20:32:51.180     0     0 D ieee80211 phy1: hw scan 2457 MHz
02-20 20:32:51.188  1655  1705 I am_restart_activity: [0,111418108,1,com.android.settings/.FallbackHome]
02-20 20:32:51.208  1655  1655 W art     : Long monitor contention with owner Binder:1655_4 (1705) at void com.android.server.am.ActivityManagerService.attachApplication(android.app.IApplicationThread)(ActivityManagerService.java:6669) waiters=0 in int com.android.server.am.ActivityManagerService.getMemoryTrimLevel() for 233ms
02-20 20:32:51.208  1655  1655 I dvm_lock_sample: [system_server,1,main,233,ActivityManagerService.java,14091,-,6669,46]
02-20 20:32:51.209  1655  1698 W art     : Long monitor contention with owner Binder:1655_4 (1705) at void com.android.server.am.ActivityManagerService.attachApplication(android.app.IApplicationThread)(ActivityManagerService.java:6669) waiters=3 in void com.android.server.am.ActivityManagerService$LocalService.notifyAppTransitionCancelled() for 197ms
02-20 20:32:51.209  1655  1698 I dvm_lock_sample: [system_server,1,android.display,197,ActivityManagerService.java,21995,-,6669,39]
02-20 20:32:51.210  1655  1655 D ZenLog  : set_zen_mode: off,cleanUpZenRules
02-20 20:32:51.210  1655  1734 I WifiScanningService: wifi driver unloaded
02-20 20:32:51.300     0     0 D ieee80211 phy1: hw scan 2462 MHz
02-20 20:32:51.212  1655  1655 D RttService: SCAN_AVAILABLE : 1
02-20 20:32:51.212  1655  1735 D RttService: DefaultState got{ when=0 what=160513 target=com.android.internal.util.StateMachine$SmHandler }
02-20 20:32:51.214  1925  1925 W System  : ClassLoader referenced unknown path: /system/priv-app/TelephonyProvider/lib/x86_64
02-20 20:32:51.218  1925  1925 D ApplicationLoaders: ignored Vulkan layer search path /system/priv-app/TelephonyProvider/lib/x86_64:/system/lib64:/vendor/lib64 for namespace 0x7f978856c0f0
02-20 20:32:51.224  1655  1655 W System  : ClassLoader referenced unknown path: /system/priv-app/Telecom/lib/x86_64
02-20 20:32:51.228  1655  1655 D ApplicationLoaders: ignored Vulkan layer search path /system/priv-app/Telecom/lib/x86_64:/system/priv-app/Telecom/Telecom.apk!/lib/x86_64:/system/lib64:/vendor/lib64 for namespace 0x7f97885d71d0
02-20 20:32:51.234  1941  1941 W System  : ClassLoader referenced unknown path: /system/priv-app/Settings/lib/x86_64
02-20 20:32:51.252  1370  1887 I MediaPlayerService: MediaPlayerService::getOMX
02-20 20:32:51.252  1771  1986 I OMXClient: MuxOMX ctor
02-20 20:32:51.252  1367  1836 I OMXMaster: makeComponentInstance(OMX.google.vorbis.decoder) in mediacodec process
02-20 20:32:51.295  1925  1925 D TelephonyProvider: dbh.onOpen: ok, queried table=siminfo
02-20 20:32:51.295  1925  1925 D TelephonyProvider: dbh.onOpen: ok, queried table=carriers
02-20 20:32:51.307  1941  1941 I am_on_resume_called: [0,com.android.settings.FallbackHome,LAUNCH_ACTIVITY]
02-20 20:32:51.323  1655  1655 E BluetoothAdapter: Bluetooth binder is null
02-20 20:32:51.323  1370  1887 I MediaPlayerService: MediaPlayerService::getOMX
02-20 20:32:51.331  1655  1993 I OMXClient: MuxOMX ctor
02-20 20:32:51.332  1367  1403 I OMXMaster: makeComponentInstance(OMX.google.vorbis.decoder) in mediacodec process
02-20 20:32:51.340  1313  1323 E SurfaceFlinger: ro.sf.lcd_density must be defined as a build property
02-20 20:32:51.342  1655  1689 I StatusBarManagerService: registerStatusBar bar=com.android.internal.statusbar.IStatusBar$Stub$Proxy@10184b7
02-20 20:32:51.354  1941  1941 D         : HostConnection::get() New Host Connection established 0x7f97799fafa0, tid 1941
02-20 20:32:51.369  1925  1925 D TDC     : updateOrInsert: inserting: Modem { uuid=modem, state=0, rilModel=0, rat={}, maxActiveVoiceCall=1, maxActiveDataCall=1, maxStandby=1 }
02-20 20:32:51.370  1925  1925 D TDC     : updateOrInsert: inserting: Sim { uuid=sim, modemUuid=modem, state=0 }
02-20 20:32:51.379  1370  1887 I MediaPlayerService: MediaPlayerService::getOMX
02-20 20:32:51.379  1771  1997 I OMXClient: MuxOMX ctor
02-20 20:32:51.380  1367  1980 I OMXMaster: makeComponentInstance(OMX.google.vorbis.decoder) in mediacodec process
02-20 20:32:51.385  1655  1655 I Telecom : SystemStateProvider: Registering car mode receiver: android.content.IntentFilter@be653af: TS.init@AAA
02-20 20:32:51.391  1925  1925 D CdmaSSM : subscriptionSource from settings: 0
02-20 20:32:51.391  1925  1925 I PhoneFactory: Cdma Subscription set to 0
02-20 20:32:51.416  1655  2001 I Telecom : CallAudioModeStateMachine: Message received: null.: TS.init->CAMSM.pM_1@AAA_0
02-20 20:32:51.417  1655  2000 I Telecom : Telecom: Non-call EVENT: AUDIO_ROUTE, Entering state QuiescentEarpieceRoute
02-20 20:32:51.423     0     0 D ieee80211 phy1: hw scan complete
02-20 20:32:51.423     0     0 D ieee80211 phy1: mac80211_hwsim_get_survey (idx=0)
02-20 20:32:51.472     0     0 D ieee80211 phy1: mac80211_hwsim_config (freq=0 idle=0 ps=0 smps=auto)
02-20 20:32:51.472     0     0 D ieee80211 phy1: add channel context control: 2447 MHz/width: 2/cfreqs:2437/0 MHz
02-20 20:32:51.472     0     0 D ieee80211 phy1: mac80211_hwsim_bss_info_changed(changed=0x40000)
02-20 20:32:51.472     0     0 D ieee80211 phy1: TX Power: 20 dBm
02-20 20:32:51.472     0     0 D ieee80211 phy1: mac80211_hwsim_bss_info_changed(changed=0x4000)
02-20 20:32:51.472     0     0 D ieee80211 phy1: change channel context control: 2447 MHz/width: 2/cfreqs:2437/0 MHz
02-20 20:32:51.472     0     0 D ieee80211 phy1: mac80211_hwsim_bss_info_changed(changed=0x88340)
02-20 20:32:51.472     0     0 D ieee80211 phy1: BCNINT: 100
02-20 20:32:51.472     0     0 D ieee80211 phy1: BCN EN: 1
02-20 20:32:51.472     0     0 D ieee80211 phy1: mac80211_hwsim_bss_info_changed(changed=0x3e)
02-20 20:32:51.472     0     0 D ieee80211 phy1: ERP_CTS_PROT: 0
02-20 20:32:51.472     0     0 D ieee80211 phy1: ERP_PREAMBLE: 0
02-20 20:32:51.472     0     0 D ieee80211 phy1: ERP_SLOT: 1
02-20 20:32:51.472     0     0 D ieee80211 phy1: HT: op_mode=0x0
02-20 20:32:51.472     0     0 D ieee80211 phy1: BASIC_RATES: 0xf
02-20 20:32:51.472     0     0 D ieee80211 phy1: mac80211_hwsim_conf_tx (queue=0 txop=47 cw_min=3 cw_max=7 aifs=1)
02-20 20:32:51.472     0     0 D ieee80211 phy1: mac80211_hwsim_bss_info_changed(changed=0x2000)
02-20 20:32:51.472     0     0 D ieee80211 phy1: mac80211_hwsim_conf_tx (queue=1 txop=94 cw_min=7 cw_max=15 aifs=1)
02-20 20:32:51.472     0     0 D ieee80211 phy1: mac80211_hwsim_bss_info_changed(changed=0x2000)
02-20 20:32:51.472     0     0 D ieee80211 phy1: mac80211_hwsim_conf_tx (queue=2 txop=0 cw_min=15 cw_max=63 aifs=3)
02-20 20:32:51.472     0     0 D ieee80211 phy1: mac80211_hwsim_bss_info_changed(changed=0x2000)
02-20 20:32:51.472     0     0 D ieee80211 phy1: mac80211_hwsim_conf_tx (queue=3 txop=0 cw_min=15 cw_max=1023 aifs=7)
02-20 20:32:51.472     0     0 D ieee80211 phy1: mac80211_hwsim_bss_info_changed(changed=0x2000)
02-20 20:32:51.472     0     0 I IPv6    : ADDRCONF(NETDEV_CHANGE): wlan1: link becomes ready
02-20 20:32:51.473     0     0 D ieee80211 phy1: mac80211_hwsim_configure_filter
02-20 20:32:51.419  1370  1370 I MediaPlayerService: MediaPlayerService::getOMX
02-20 20:32:51.424  1655  2002 I OMXClient: MuxOMX ctor
02-20 20:32:51.424  1925  1925 I PhoneFactory: Network Mode set to 0
02-20 20:32:51.424  1367  1367 I OMXMaster: makeComponentInstance(OMX.google.vorbis.decoder) in mediacodec process
02-20 20:32:51.428  1925  1925 D RILJ    : RIL(context, preferredNetworkType=0 cdmaSubscription=0)
02-20 20:32:51.430  1655  1655 E BluetoothAdapter: Bluetooth binder is null
02-20 20:32:51.432  1655  2003 E ActivityThread: Failed to find provider info for call_log
02-20 20:32:51.434  1925  1925 D RILJ    : Starting RILReceiver0 [SUB0]
02-20 20:32:51.435  1655  1655 I Telecom : Class: TelecomSystem.INSTANCE being set
02-20 20:32:51.435  1655  1655 E BluetoothAdapter: Bluetooth binder is null
02-20 20:32:51.436  1925  1925 D RILJ    : [3648]> GET_HARDWARE_CONFIG [SUB0]
02-20 20:32:51.454  1655  1655 W ContextImpl: Calling a method in the system process without a qualified user: android.app.ContextImpl.startService:1357 com.android.server.content.SyncManager$13.run:658 android.os.Handler.handleCallback:751 android.os.Handler.dispatchMessage:95 android.os.Looper.loop:154 
02-20 20:32:51.455  1941  1996 D         : HostConnection::get() New Host Connection established 0x7f977c2126c0, tid 1996
02-20 20:32:51.456  1941  1996 I OpenGLRenderer: Initialized EGL, version 1.4
02-20 20:32:51.456  1941  1996 D OpenGLRenderer: Swap behavior 1
02-20 20:32:51.459  1372  1474 I RILC    : libril: new connection to RIL_SOCKET_1
02-20 20:32:51.470  1372  1474 I RILC    : RIL Daemon version: android reference-ril 1.0
02-20 20:32:51.472  1492  1492 E hostapd : Using interface wlan1 with hwaddr 02:00:00:00:01:00 and ssid "AndroidWifi"
02-20 20:32:51.472  1492  1492 I hostapd : wlan1: interface state HT_SCAN->ENABLED
02-20 20:32:51.472  1492  1492 I hostapd : wlan1: AP-ENABLED 
02-20 20:32:51.475  1925  1925 D RilRequest: [3648]< GET_HARDWARE_CONFIG error: com.android.internal.telephony.CommandException: RADIO_NOT_AVAILABLE ret=
02-20 20:32:51.476  1925  1925 I PhoneFactory: Creating SubscriptionController
02-20 20:32:51.476  1925  2005 I RILJ    : (0) Connected to 'rild' socket
02-20 20:32:51.476  1925  2005 D RILJ    : [UNSL]< UNSOL_RIL_CONNECTED {12} [SUB0]
02-20 20:32:51.476  1925  2005 D RILJ    : [3649]> RADIO_POWER off [SUB0]
02-20 20:32:51.477  1372  1474 D RIL     : onRequest: RADIO_POWER
02-20 20:32:51.478  1925  2005 D RILJ    : [3650]> RIL_REQUEST_CDMA_SET_SUBSCRIPTION_SOURCE : 0 [SUB0]
02-20 20:32:51.478  1372  1474 D RIL     : onRequest: CDMA_SET_SUBSCRIPTION_SOURCE
02-20 20:32:51.478  1925  2005 D RILJ    : setCellInfoListRate: 2147483647 [SUB0]
02-20 20:32:51.478  1925  2005 D RILJ    : [3651]> RIL_REQUEST_SET_CELL_INFO_LIST_RATE [SUB0]
02-20 20:32:51.482  1941  1996 D EGL_emulation: eglCreateContext: 0x7f977c264320: maj 3 min 0 rcv 3
02-20 20:32:51.483  1372  1474 D RIL     : onRequest: SET_UNSOL_CELL_INFO_LIST_RATE
02-20 20:32:51.484  1925  2005 D RILJ    : [UNSL]< UNSOL_RESPONSE_RADIO_STATE_CHANGED RADIO_OFF [SUB0]
02-20 20:32:51.486  1925  2005 D RILJ    : [3652]> SCREEN_STATE: true [SUB0]
02-20 20:32:51.492  1372  1474 D RIL     : onRequest: SCREEN_STATE
02-20 20:32:51.492  1925  2005 D RILJ    : [UNSL]< UNSOL_NITZ_TIME_RECEIVED 18/02/20:20:32:46+0:0:Unknown!Unknown [SUB0]
02-20 20:32:51.493  1925  1925 D SubscriptionController: [SubscriptionController] init by Context
02-20 20:32:51.496  1925  2005 D RILJ    : [3649]< RADIO_POWER  [SUB0]
02-20 20:32:51.496  1925  2005 D RilRequest: [3650]< RIL_REQUEST_CDMA_SET_SUBSCRIPTION_SOURCE error: com.android.internal.telephony.CommandException: RADIO_NOT_AVAILABLE ret=
02-20 20:32:51.496  1925  2005 D RilRequest: [3651]< RIL_REQUEST_SET_CELL_INFO_LIST_RATE error: com.android.internal.telephony.CommandException: RADIO_NOT_AVAILABLE ret=
02-20 20:32:51.497  1655  1655 W System  : ClassLoader referenced unknown path: /system/priv-app/FusedLocation/lib/x86_64
02-20 20:32:51.497  1925  2005 D RilRequest: [3652]< SCREEN_STATE error: com.android.internal.telephony.CommandException: RADIO_NOT_AVAILABLE ret=
02-20 20:32:51.501  1655  1655 D ApplicationLoaders: ignored Vulkan layer search path /system/priv-app/FusedLocation/lib/x86_64:/system/priv-app/FusedLocation/FusedLocation.apk!/lib/x86_64:/system/lib64:/vendor/lib64 for namespace 0x7f97885d7240
02-20 20:32:51.501  1925  1925 D UiccController: Creating UiccController
02-20 20:32:51.502  1925  1925 D TelephonyTester: register for intent action=com.android.internal.telephony.action_detached
02-20 20:32:51.503  1925  1925 D TelephonyTester: register for intent action=com.android.internal.telephony.action_attached
02-20 20:32:51.508  1655  1655 D GpsNetInitiatedHandler: location enabled :true
02-20 20:32:51.509  1655  1655 V WiredAccessoryManager: notifyWiredAccessoryChanged: when=0 bits= mask=54
02-20 20:32:51.509  1655  1655 V WiredAccessoryManager: newName=h2w newState=0 headsetState=0 prev headsetState=0
02-20 20:32:51.509  1655  1655 E WiredAccessoryManager: No state change.
02-20 20:32:51.509  1655  1655 V WiredAccessoryManager: init()
02-20 20:32:51.511  1925  1925 D Phone   : mDoesRilSendMultipleCallRing=true
02-20 20:32:51.511  1925  1925 D Phone   : mCallRingDelay=3000
02-20 20:32:51.514  1370  1887 I MediaPlayerService: MediaPlayerService::getOMX
02-20 20:32:51.515  1655  2019 I OMXClient: MuxOMX ctor
02-20 20:32:51.515  1367  1980 I OMXMaster: makeComponentInstance(OMX.google.vorbis.decoder) in mediacodec process
02-20 20:32:51.516  1925  1925 D RILJ    : [3653]> RIL_REQUEST_START_LCE [SUB0]
02-20 20:32:51.517  1372  1474 D RIL     : onRequest: <unknown request>
02-20 20:32:51.517  1925  2005 D RilRequest: [3653]< RIL_REQUEST_START_LCE error: com.android.internal.telephony.CommandException: RADIO_NOT_AVAILABLE ret=
02-20 20:32:51.521  1925  1925 E RIL_ImsSms: getFormat should never be called from here!
02-20 20:32:51.521  1925  1925 D SMSDispatcher: SMSDispatcher: ctor mSmsCapable=true format=unknown mSmsSendDisabled=false
02-20 20:32:51.521  1925  1925 D RIL_ImsSms: ImsSMSDispatcher created
02-20 20:32:51.521  1925  1925 D SMSDispatcher: SMSDispatcher: ctor mSmsCapable=true format=3gpp2 mSmsSendDisabled=false
02-20 20:32:51.521  1925  1925 D CdmaSMSDispatcher: CdmaSMSDispatcher created
02-20 20:32:51.557  1925  1925 D GsmInboundSmsHandler: created InboundSmsHandler
02-20 20:32:51.558  1655  1655 W VibratorService: Tried to stop vibrating but there is no vibrator device.
02-20 20:32:51.558  1370  1846 I MediaPlayerService: MediaPlayerService::getOMX
02-20 20:32:51.558  1655  2029 I OMXClient: MuxOMX ctor
02-20 20:32:51.565  1941  1996 D EGL_emulation: eglMakeCurrent: 0x7f977c264320: ver 3 0 (tinfo 0x7f977c20c8e0)
02-20 20:32:51.568  1925  1925 D CdmaInboundSmsHandler: created InboundSmsHandler
02-20 20:32:51.569  1655  1655 I notification_enqueue: [10028,1771,com.android.systemui,1397773634,public:253,64,-1,Notification(pri=0 contentView=null vibrate=null sound=null defaults=0x0 flags=0x100 color=0xff607d8b category=sys actions=2 vis=PUBLIC),0]
02-20 20:32:51.570  1655  1655 D ConditionProviders.SCP: onSubscribe condition://android/schedule?days=6.7&start=23.30&end=10.0&exitAtAlarm=false
02-20 20:32:51.571  1655  1655 D ConditionProviders.SCP: setRegistered true
02-20 20:32:51.571  1655  1655 D ConditionProviders.SCP: notifyCondition condition://android/schedule?days=6.7&start=23.30&end=10.0&exitAtAlarm=false STATE_FALSE reason=!meetsSchedule
02-20 20:32:51.572  1367  1367 I OMXMaster: makeComponentInstance(OMX.google.vorbis.decoder) in mediacodec process
02-20 20:32:51.581  1655  1655 D ConditionProviders.SCP: Scheduling evaluate for Tue Feb 20 23:30:00 GMT+00:00 2018 (1519169400000), in +2h57m8s429ms, now=Tue Feb 20 20:32:51 GMT+00:00 2018 (1519158771571)
02-20 20:32:51.582  1655  1655 D ConditionProviders.SCP: onSubscribe condition://android/schedule?days=1.2.3.4.5&start=22.0&end=7.0&exitAtAlarm=false
02-20 20:32:51.582  1655  1655 D ConditionProviders.SCP: notifyCondition condition://android/schedule?days=6.7&start=23.30&end=10.0&exitAtAlarm=false STATE_FALSE reason=!meetsSchedule
02-20 20:32:51.582  1655  1655 D ConditionProviders.SCP: notifyCondition condition://android/schedule?days=1.2.3.4.5&start=22.0&end=7.0&exitAtAlarm=false STATE_FALSE reason=!meetsSchedule
02-20 20:32:51.582  1655  1655 D ConditionProviders.SCP: Scheduling evaluate for Tue Feb 20 22:00:00 GMT+00:00 2018 (1519164000000), in +1h27m8s418ms, now=Tue Feb 20 20:32:51 GMT+00:00 2018 (1519158771582)
02-20 20:32:51.583  1655  1655 I Telecom : WiredHeadsetManager: ACTION_HEADSET_PLUG event, plugged in: false, : WHC.oADA@AAE
02-20 20:32:51.585  1655  1655 I ActivityManager: user 0 is still locked. Cannot load recents
02-20 20:32:51.600  1655  1655 D TelephonyRegistry: notifyCellLocationForSubscriber: subId=0 cellLocation=Bundle[{}]
02-20 20:32:51.613  1925  1940 D SubscriptionController: [getPhoneId]- no sims, returning default phoneId=2147483647
02-20 20:32:51.633  1941  1996 D EGL_emulation: eglMakeCurrent: 0x7f977c264320: ver 3 0 (tinfo 0x7f977c20c8e0)
02-20 20:32:51.646  1925  1925 D SMSDispatcher: SMSDispatcher: ctor mSmsCapable=true format=3gpp mSmsSendDisabled=false
02-20 20:32:51.646  1925  1925 D GsmSMSDispatcher: GsmSMSDispatcher created
02-20 20:32:51.648  1925  2031 D CdmaInboundSmsHandler: StartupState.processMessage:6
02-20 20:32:51.648  1925  2024 D GsmInboundSmsHandler: StartupState.processMessage:6
02-20 20:32:51.648  1925  2031 D CdmaInboundSmsHandler: entering Idle state
02-20 20:32:51.648  1925  2024 D GsmInboundSmsHandler: entering Idle state
02-20 20:32:51.652  1655  1732 D WifiConfigManager: Loading config and enabling all networks 
02-20 20:32:51.656  1925  1925 D IccCardProxy: ctor: ci=com.android.internal.telephony.RIL@b4f3ef9 phoneId=0
02-20 20:32:51.657  1925  1925 D CdmaSSM : subscriptionSource from settings: 0
02-20 20:32:51.657  1925  1925 D CdmaSSM : cdmaSSM constructor: 0
02-20 20:32:51.657  1925  1925 D IccCardProxy: update icc_operator_numeric=
02-20 20:32:51.657  1925  1925 D TelephonyManager: setTelephonyProperty: success phoneId=0 property=gsm.sim.operator.numeric value:  propVal=
02-20 20:32:51.657  1925  1925 D TelephonyManager: setTelephonyProperty: success phoneId=0 property=gsm.sim.operator.iso-country value:  propVal=
