02-20 20:34:03.381  1661  1684 D TelephonyRegistry: listen oscl: hasNotifySubscriptionInfoChangedOccurred==false no callback
02-20 20:34:03.382  1907  1907 D Dcc     : E ctor
02-20 20:34:03.382  1907  1907 D Dcc     : X ctor
02-20 20:34:03.392  1907  1907 D SubscriptionController: [getPhoneId] asked for default subId=-1
02-20 20:34:03.394  1661  1729 I WifiConnectivityManager: PNO settings: min5GHzRssi -82 min24GHzRssi -85 currentConnectionBonus 16 sameNetworkBonus 24 secureNetworkBonus 80 initialScoreMax 100
02-20 20:34:03.394  1661  1729 I WifiConnectivityManager: ConnectivityScanManager initialized and disabled
02-20 20:34:03.394  1661  1729 I WifiConnectivityManager: setUntrustedConnectionAllowed: allowed=false
02-20 20:34:03.394  1661  1729 E WifiLogger: no ring buffers found
02-20 20:34:03.394  1661  1729 E WifiLogger: Failed to start packet fate monitoring
02-20 20:34:03.396  1907  1907 D DcTesterFailBrinupAll: register for intent action=com.android.internal.telephony.dataconnection.action_fail_bringup
02-20 20:34:03.396  1907  1907 D DcTesterFailBrinupAll: register for intent action=com.android.internal.telephony.action_detached
02-20 20:34:03.396  1907  1907 D DcTesterFailBrinupAll: register for intent action=com.android.internal.telephony.action_attached
02-20 20:34:03.396  1907  1907 D SST     : notifyDataRegStateRilRadioTechnologyChanged: drs=1 rat=0
02-20 20:34:03.396  1907  1907 D TelephonyManager: setTelephonyProperty: success phoneId=0 property=gsm.network.type value: Unknown propVal=Unknown
02-20 20:34:03.397  1907  1907 D DCT     : [0]update sub = -2
02-20 20:34:03.397  1907  1907 D DCT     : [0]update(): Active DDS, register for all events now!
02-20 20:34:03.408  1907  1907 D GsmCdmaPhone: [GsmCdmaPhone] updateCurrentCarrierInProvider: mSubId = -2 currentDds = 1 operatorNumeric = null
02-20 20:34:03.408  1907  1907 D DCT     : [0]initApnContexts: E
02-20 20:34:03.409  1907  1907 D DCT     : [0]initApnContexts: skipping unknown type=1
02-20 20:34:03.409  1907  1907 D DCT     : [0]initApnContexts: apnContext={mApnType=default mState=IDLE mWaitingApns={null} mApnSetting={null} mReason=dataEnabled mDataEnabled=false mDependencyMet=true}
02-20 20:34:03.409  1907  1907 D DCT     : [0]initApnContexts: apnContext={mApnType=mms mState=IDLE mWaitingApns={null} mApnSetting={null} mReason=dataEnabled mDataEnabled=false mDependencyMet=true}
02-20 20:34:03.409  1907  1907 D DCT     : [0]initApnContexts: apnContext={mApnType=supl mState=IDLE mWaitingApns={null} mApnSetting={null} mReason=dataEnabled mDataEnabled=false mDependencyMet=true}
02-20 20:34:03.409  1907  1907 D DCT     : [0]initApnContexts: apnContext={mApnType=hipri mState=IDLE mWaitingApns={null} mApnSetting={null} mReason=dataEnabled mDataEnabled=false mDependencyMet=true}
02-20 20:34:03.409  1907  1907 D DCT     : [0]initApnContexts: apnContext={mApnType=fota mState=IDLE mWaitingApns={null} mApnSetting={null} mReason=dataEnabled mDataEnabled=false mDependencyMet=true}
02-20 20:34:03.409  1907  1907 D DCT     : [0]initApnContexts: apnContext={mApnType=ims mState=IDLE mWaitingApns={null} mApnSetting={null} mReason=dataEnabled mDataEnabled=false mDependencyMet=true}
02-20 20:34:03.409  1907  1907 D DCT     : [0]initApnContexts: apnContext={mApnType=cbs mState=IDLE mWaitingApns={null} mApnSetting={null} mReason=dataEnabled mDataEnabled=false mDependencyMet=true}
02-20 20:34:03.409  1907  1907 D DCT     : [0]initApnContexts: skipping unknown type=13
02-20 20:34:03.409  1907  1907 D DCT     : [0]initApnContexts: apnContext={mApnType=ia mState=IDLE mWaitingApns={null} mApnSetting={null} mReason=dataEnabled mDataEnabled=false mDependencyMet=true}
02-20 20:34:03.409  1907  1907 D DCT     : [0]initApnContexts: apnContext={mApnType=emergency mState=IDLE mWaitingApns={null} mApnSetting={null} mReason=dataEnabled mDataEnabled=false mDependencyMet=true}
02-20 20:34:03.411  1661  1729 I WifiConnectivityManager: Set WiFi enabled
02-20 20:34:03.411  1661  1729 I WifiConnectivityManager: scheduleWatchdogTimer
02-20 20:34:03.411  1661  1729 D WifiNative-HAL: Failing getSupportedFeatureset because HAL isn't started
02-20 20:34:03.411  1661  1690 E BatteryStatsService: no controller energy info supplied
02-20 20:34:03.412  1661  1690 E KernelCpuSpeedReader: Failed to read cpu-freq: /sys/devices/system/cpu/cpu0/cpufreq/stats/time_in_state (No such file or directory)
02-20 20:34:03.412  1661  1690 E KernelUidCpuTimeReader: Failed to read uid_cputime: /proc/uid_cputime/show_uid_stat (No such file or directory)
02-20 20:34:03.413  1661  1729 D WifiNative-HAL: Failing getSupportedFeatureset because HAL isn't started
02-20 20:34:03.413  1907  2037 D DcTesterDeacativateAll: register for intent action=com.android.internal.telephony.dataconnection.action_deactivate_all
02-20 20:34:03.413  1907  2037 D DcTesterDeacativateAll: register for intent action=com.android.internal.telephony.action_detached
02-20 20:34:03.413  1661  1690 E BatteryStatsService: no controller energy info supplied
02-20 20:34:03.413  1661  1690 E KernelCpuSpeedReader: Failed to read cpu-freq: /sys/devices/system/cpu/cpu0/cpufreq/stats/time_in_state (No such file or directory)
02-20 20:34:03.413  1661  1690 E KernelUidCpuTimeReader: Failed to read uid_cputime: /proc/uid_cputime/show_uid_stat (No such file or directory)
02-20 20:34:03.414  1661  1661 D RttService: SCAN_AVAILABLE : 3
02-20 20:34:03.414  1661  1732 D RttService: DefaultState got{ when=0 what=160512 target=com.android.internal.util.StateMachine$SmHandler }
02-20 20:34:03.415  1661  1731 I WifiScanningService: wifi driver loaded with scan capabilities: max buckets=16
02-20 20:34:03.415  1907  2037 D Dcc     : DccDefaultState: msg.what=EVENT_RIL_CONNECTED mRilVersion=12
02-20 20:34:03.376     0     0 D ieee80211 phy1: hw scan 2457 MHz
02-20 20:34:03.491     0     0 D ieee80211 phy1: hw scan 2462 MHz
02-20 20:34:03.428  1907  1907 D GsmCdmaPhone: [GsmCdmaPhone] GsmCdmaPhone: constructor: sub = 0
02-20 20:34:03.428  1907  1907 I PhoneFactory: Creating Phone with type = 1 sub = 0
02-20 20:34:03.430  1370  1398 I MediaPlayerService: MediaPlayerService::getOMX
02-20 20:34:03.430  1661  2039 I OMXClient: MuxOMX ctor
02-20 20:34:03.431  1367  1998 I OMXMaster: makeComponentInstance(OMX.google.vorbis.decoder) in mediacodec process
02-20 20:34:03.432  1907  1907 I PhoneFactory: defaultSmsApplication: NONE
02-20 20:34:03.433  1907  1907 I PhoneFactory: Creating SubInfoRecordUpdater 
02-20 20:34:03.433  1907  1907 D SubscriptionInfoUpdater: Constructor invoked
02-20 20:34:03.461  1312  1357 I SurfaceFlinger: Boot is finished (8619 ms)
02-20 20:34:03.463  1312  1357 I sf_stop_bootanim: 10463
02-20 20:34:03.464  2012  2012 W System  : ClassLoader referenced unknown path: /system/priv-app/CellBroadcastReceiver/lib/x86_64
02-20 20:34:03.481  1661  1701 D TelephonyRegistry: listen oscl: hasNotifySubscriptionInfoChangedOccurred==false no callback
02-20 20:34:03.481  1907  1907 D SubscriptionController: [getPhoneId]- no sims, returning default phoneId=2147483647
02-20 20:34:03.482  1661  1688 V KeyguardServiceDelegate: *** Keyguard connected (yay!)
02-20 20:34:03.484  1661  1685 D TelephonyRegistry: listen oscl: hasNotifySubscriptionInfoChangedOccurred==false no callback
02-20 20:34:03.485  1907  1907 D PhoneSwitcherNetworkRequstListener: Registering NetworkFactory
02-20 20:34:03.486  1661  1733 D ConnectivityService: Got NetworkFactory Messenger for PhoneSwitcherNetworkRequstListener
02-20 20:34:03.486  1907  1907 D PhoneSwitcher: PhoneSwitcher started
02-20 20:34:03.487  1907  1907 D ProxyController: Constructor - Enter
02-20 20:34:03.503  1907  1907 D ProxyController: clearTransaction
02-20 20:34:03.503  1907  1907 D ProxyController: clearTransaction: phoneId=0 status=IDLE
02-20 20:34:03.503  1907  1907 D ProxyController: Constructor - Exit
02-20 20:34:03.503  1907  1907 D TelephonyNetworkFactory[0]: Registering NetworkFactory
02-20 20:34:03.503  1661  1733 D ConnectivityService: Got NetworkFactory Messenger for TelephonyNetworkFactory[0]
02-20 20:34:03.505  1907  1907 D CallManager: registerPhone(GSM Handler (com.android.internal.telephony.GsmCdmaPhone) {21fb065})
02-20 20:34:03.508  1661  1685 D TelephonyRegistry: listen oscl: hasNotifySubscriptionInfoChangedOccurred==false no callback
02-20 20:34:03.517  1370  1398 I MediaPlayerService: MediaPlayerService::getOMX
02-20 20:34:03.517  1661  2045 I OMXClient: MuxOMX ctor
02-20 20:34:03.518  1367  1379 I OMXMaster: makeComponentInstance(OMX.google.vorbis.decoder) in mediacodec process
02-20 20:34:03.538  2047  2047 I bootstat: Service started: /system/bin/bootstat --record_boot_complete 
02-20 20:34:03.542  2047  2047 I bootstat: Logging histogram: bootstat_mtime_matches_content 1
02-20 20:34:03.542  2047  2047 I sysui_histogram: [bootstat_mtime_matches_content,1]
02-20 20:34:03.542  2047  2047 I bootstat: Logging histogram: bootstat_mtime_matches_content 1
02-20 20:34:03.542  2047  2047 I sysui_histogram: [bootstat_mtime_matches_content,1]
02-20 20:34:03.542  2047  2047 I bootstat: Logging histogram: bootstat_mtime_matches_content 1
02-20 20:34:03.542  2047  2047 I sysui_histogram: [bootstat_mtime_matches_content,1]
02-20 20:34:03.547  1312  1312 I sf_frame_dur: [BootAnimation,0,18,156,6,2,0,0]
02-20 20:34:03.548  1661  1694 I wm_boot_animation_done: 10548
02-20 20:34:03.549  1661  1694 I SystemServiceManager: Starting phase 1000
02-20 20:34:03.562  1661  1694 I am_proc_start: [0,2051,10015,com.google.android.ext.services,on-hold,]
02-20 20:34:03.562  1661  1694 I ActivityManager: Start proc 2051:com.google.android.ext.services/u0a15 for on-hold
02-20 20:34:03.562  1661  1694 D ActivityManager: Finishing user boot 0
02-20 20:34:03.562  1661  1694 I sysui_histogram: [framework_locked_boot_completed,10]
02-20 20:34:03.563  1661  1694 D CryptdConnector: SND -> {3 cryptfs prepare_user_storage ! 0 0 2}
02-20 20:34:03.563  1267  1304 D vold    : e4crypt_prepare_user_storage for volume null, user 0, serial 0, flags 2
02-20 20:34:03.563  1267  1304 D vold    : Preparing: /data/system_ce/0
02-20 20:34:03.563  1267  1304 D vold    : Preparing: /data/misc_ce/0
02-20 20:34:03.563  1267  1304 D vold    : Preparing: /data/media/0
02-20 20:34:03.563  1267  1304 D vold    : Preparing: /data/data
02-20 20:34:03.563  1661  1720 D CryptdConnector: RCV <- {200 3 Command succeeded}
02-20 20:34:03.563  1661  1694 V UserManagerService: Found /data/user/0 with serial number 0
02-20 20:34:03.563  1661  1694 V UserManagerService: Found /data/system_ce/0 with serial number 0
02-20 20:34:03.563  1661  1694 V PackageManager: reconcileAppsData for null u0 0x2
02-20 20:34:03.563  2051  2051 W art     : Unexpected CPU variant for X86 using defaults: x86_64
02-20 20:34:03.564  1370  1398 I MediaPlayerService: MediaPlayerService::getOMX
02-20 20:34:03.564  1661  2056 I OMXClient: MuxOMX ctor
02-20 20:34:03.565  1367  1367 I OMXMaster: makeComponentInstance(OMX.google.vorbis.decoder) in mediacodec process
02-20 20:34:03.586  2050  2050 I bootstat: Service started: /system/bin/bootstat --record_boot_reason 
02-20 20:34:03.586  2050  2050 I bootstat: Unknown boot reason: 
02-20 20:34:03.599  2069  2069 I bootstat: Service started: /system/bin/bootstat --record_time_since_factory_reset 
02-20 20:34:03.599  2069  2069 I bootstat: Logging histogram: factory_reset_current_time 1519158843
02-20 20:34:03.599  2069  2069 I sysui_histogram: [factory_reset_current_time,1519158843]
02-20 20:34:03.521  2047  2047 I auditd  : type=1400 audit(0.0:11): avc: denied { getattr } for comm="bootstat" path="/vendor" dev="rootfs" ino=68 scontext=u:r:bootstat:s0 tcontext=u:object_r:rootfs:s0 tclass=lnk_file permissive=0
02-20 20:34:03.521  2047  2047 W bootstat: type=1400 audit(0.0:11): avc: denied { getattr } for path="/vendor" dev="rootfs" ino=68 scontext=u:r:bootstat:s0 tcontext=u:object_r:rootfs:s0 tclass=lnk_file permissive=0
02-20 20:34:03.571  2050  2050 I auditd  : type=1400 audit(0.0:12): avc: denied { getattr } for comm="bootstat" path="/vendor" dev="rootfs" ino=68 scontext=u:r:bootstat:s0 tcontext=u:object_r:rootfs:s0 tclass=lnk_file permissive=0
02-20 20:34:03.571  2050  2050 W bootstat: type=1400 audit(0.0:12): avc: denied { getattr } for path="/vendor" dev="rootfs" ino=68 scontext=u:r:bootstat:s0 tcontext=u:object_r:rootfs:s0 tclass=lnk_file permissive=0
02-20 20:34:03.581  2069  2069 I auditd  : type=1400 audit(0.0:13): avc: denied { getattr } for comm="bootstat" path="/vendor" dev="rootfs" ino=68 scontext=u:r:bootstat:s0 tcontext=u:object_r:rootfs:s0 tclass=lnk_file permissive=0
02-20 20:34:03.581  2069  2069 W bootstat: type=1400 audit(0.0:13): avc: denied { getattr } for path="/vendor" dev="rootfs" ino=68 scontext=u:r:bootstat:s0 tcontext=u:object_r:rootfs:s0 tclass=lnk_file permissive=0
02-20 20:34:03.611  2069  2069 I bootstat: Logging histogram: bootstat_mtime_matches_content 1
02-20 20:34:03.611  2069  2069 I sysui_histogram: [bootstat_mtime_matches_content,1]
02-20 20:34:03.611  2069  2069 I bootstat: Logging histogram: factory_reset_record_value 1519154248
02-20 20:34:03.611  2069  2069 I sysui_histogram: [factory_reset_record_value,1519154248]
02-20 20:34:03.617  1661  1738 D NotificationSQLiteLog: Pruned event entries: 0
02-20 20:34:03.519     0     0 I init    : Service 'bootanim' (pid 1332) exited with status 0
02-20 20:34:03.521     0     0 I init    : Starting service 'exec 6 (/system/bin/bootstat)'...
02-20 20:34:03.546     0     0 I init    : Service 'exec 6 (/system/bin/bootstat)' (pid 2047) exited with status 0
02-20 20:34:03.549     0     0 I init    : Starting service 'exec 7 (/system/bin/bootstat)'...
02-20 20:34:03.591     0     0 I init    : Service 'exec 7 (/system/bin/bootstat)' (pid 2050) exited with status 0
02-20 20:34:03.592     0     0 I init    : Starting service 'exec 8 (/system/bin/bootstat)'...
02-20 20:34:03.611     0     0 D ieee80211 phy1: hw scan complete
02-20 20:34:03.611     0     0 D ieee80211 phy1: mac80211_hwsim_get_survey (idx=0)
02-20 20:34:03.616     0     0 I init    : Service 'exec 8 (/system/bin/bootstat)' (pid 2069) exited with status 0
02-20 20:34:03.617     0     0 I init    : Starting service 'exec 9 (/system/bin/bootstat)'...
02-20 20:34:03.651  1504  1504 E hostapd : Using interface wlan1 with hwaddr 02:00:00:00:01:00 and ssid "AndroidWifi"
02-20 20:34:03.651  1504  1504 I hostapd : wlan1: interface state HT_SCAN->ENABLED
02-20 20:34:03.651  1504  1504 I hostapd : wlan1: AP-ENABLED 
02-20 20:34:03.641  2071  2071 I auditd  : type=1400 audit(0.0:14): avc: denied { getattr } for comm="bootstat" path="/vendor" dev="rootfs" ino=68 scontext=u:r:bootstat:s0 tcontext=u:object_r:rootfs:s0 tclass=lnk_file permissive=0
02-20 20:34:03.641  2071  2071 W bootstat: type=1400 audit(0.0:14): avc: denied { getattr } for path="/vendor" dev="rootfs" ino=68 scontext=u:r:bootstat:s0 tcontext=u:object_r:rootfs:s0 tclass=lnk_file permissive=0
02-20 20:34:03.658  2071  2071 I bootstat: Service started: /system/bin/bootstat -l 
02-20 20:34:03.658  2071  2071 I bootstat: Logging histogram: bootstat_mtime_matches_content 1
02-20 20:34:03.658  2071  2071 I sysui_histogram: [bootstat_mtime_matches_content,1]
02-20 20:34:03.658  2071  2071 I bootstat: Logging histogram: bootstat_mtime_matches_content 1
02-20 20:34:03.658  2071  2071 I sysui_histogram: [bootstat_mtime_matches_content,1]
02-20 20:34:03.658  2071  2071 I bootstat: Logging histogram: bootstat_mtime_matches_content 1
02-20 20:34:03.658  2071  2071 I sysui_histogram: [bootstat_mtime_matches_content,1]
02-20 20:34:03.658  2071  2071 I bootstat: Logging histogram: bootstat_mtime_matches_content 1
02-20 20:34:03.658  2071  2071 I sysui_histogram: [bootstat_mtime_matches_content,1]
02-20 20:34:03.660  2071  2071 I bootstat: Logging histogram: bootstat_mtime_matches_content 1
02-20 20:34:03.660  2071  2071 I sysui_histogram: [bootstat_mtime_matches_content,1]
02-20 20:34:03.651     0     0 D ieee80211 phy1: mac80211_hwsim_config (freq=0 idle=0 ps=0 smps=auto)
02-20 20:34:03.651     0     0 D ieee80211 phy1: add channel context control: 2447 MHz/width: 2/cfreqs:2437/0 MHz
02-20 20:34:03.651     0     0 D ieee80211 phy1: mac80211_hwsim_bss_info_changed(changed=0x40000)
02-20 20:34:03.661  2071  2071 I bootstat: Logging histogram: bootstat_mtime_matches_content 1
02-20 20:34:03.661  2071  2071 I sysui_histogram: [bootstat_mtime_matches_content,1]
02-20 20:34:03.661  2071  2071 I bootstat: Logging histogram: bootstat_mtime_matches_content 1
02-20 20:34:03.661  2071  2071 I sysui_histogram: [bootstat_mtime_matches_content,1]
02-20 20:34:03.661  2071  2071 I bootstat: Logging histogram: bootstat_mtime_matches_content 1
02-20 20:34:03.661  2071  2071 I sysui_histogram: [bootstat_mtime_matches_content,1]
02-20 20:34:03.661  2071  2071 I bootstat: Logging histogram: bootstat_mtime_matches_content 1
02-20 20:34:03.661  2071  2071 I sysui_histogram: [bootstat_mtime_matches_content,1]
02-20 20:34:03.661  2071  2071 I bootstat: Logging histogram: bootstat_mtime_matches_content 1
02-20 20:34:03.661  2071  2071 I sysui_histogram: [bootstat_mtime_matches_content,1]
02-20 20:34:03.661  2071  2071 I bootstat: Logging histogram: bootstat_mtime_matches_content 1
02-20 20:34:03.661  2071  2071 I sysui_histogram: [bootstat_mtime_matches_content,1]
02-20 20:34:03.661  2071  2071 I bootstat: Logging histogram: bootstat_mtime_matches_content 1
02-20 20:34:03.661  2071  2071 I sysui_histogram: [bootstat_mtime_matches_content,1]
02-20 20:34:03.661  2071  2071 I bootstat: Logging histogram: bootstat_mtime_matches_content 1
02-20 20:34:03.661  2071  2071 I sysui_histogram: [bootstat_mtime_matches_content,1]
02-20 20:34:03.661  2071  2071 I bootstat: Logging histogram: bootstat_mtime_matches_content 1
02-20 20:34:03.661  2071  2071 I sysui_histogram: [bootstat_mtime_matches_content,1]
02-20 20:34:03.661  2071  2071 I bootstat: Logging histogram: post_decrypt_time_elapsed 2
02-20 20:34:03.661  2071  2071 I sysui_histogram: [post_decrypt_time_elapsed,2]
02-20 20:34:03.661  2071  2071 I bootstat: Logging histogram: last_boot_time_utc 1519158843
02-20 20:34:03.661  2071  2071 I sysui_histogram: [last_boot_time_utc,1519158843]
02-20 20:34:03.661  2071  2071 I bootstat: Logging histogram: build_date 1513095943
02-20 20:34:03.661  2071  2071 I sysui_histogram: [build_date,1513095943]
02-20 20:34:03.661  2071  2071 I bootstat: Logging histogram: boot_decryption_complete 10
02-20 20:34:03.661  2071  2071 I sysui_histogram: [boot_decryption_complete,10]
02-20 20:34:03.661  2071  2071 I bootstat: Logging histogram: ota_boot_complete_post_decrypt 7
02-20 20:34:03.661  2071  2071 I sysui_histogram: [ota_boot_complete_post_decrypt,7]
02-20 20:34:03.661  2071  2071 I bootstat: Logging histogram: ota_boot_complete 9
02-20 20:34:03.661  2071  2071 I sysui_histogram: [ota_boot_complete,9]
02-20 20:34:03.661  2071  2071 I bootstat: Logging histogram: boot_reason 1
02-20 20:34:03.661  2071  2071 I sysui_histogram: [boot_reason,1]
02-20 20:34:03.661  2071  2071 I bootstat: Logging histogram: factory_reset_current_time 1519158843
02-20 20:34:03.661  2071  2071 I sysui_histogram: [factory_reset_current_time,1519158843]
02-20 20:34:03.661  2071  2071 I bootstat: Logging histogram: factory_reset 1519154248
02-20 20:34:03.661  2071  2071 I sysui_histogram: [factory_reset,1519154248]
02-20 20:34:03.661  2071  2071 I bootstat: Logging histogram: time_since_last_boot 70
02-20 20:34:03.661  2071  2071 I sysui_histogram: [time_since_last_boot,70]
02-20 20:34:03.661  2071  2071 I bootstat: Logging histogram: boot_complete_post_decrypt 8
02-20 20:34:03.661  2071  2071 I sysui_histogram: [boot_complete_post_decrypt,8]
02-20 20:34:03.661  2071  2071 I bootstat: Logging histogram: boot_complete 10
02-20 20:34:03.661  2071  2071 I sysui_histogram: [boot_complete,10]
02-20 20:34:03.661  2071  2071 I bootstat: Logging histogram: factory_reset_record_value 1519154248
02-20 20:34:03.661  2071  2071 I sysui_histogram: [factory_reset_record_value,1519154248]
02-20 20:34:03.661  2071  2071 I bootstat: Logging histogram: time_since_factory_reset 4595
02-20 20:34:03.661  2071  2071 I sysui_histogram: [time_since_factory_reset,4595]
02-20 20:34:03.651     0     0 D ieee80211 phy1: TX Power: 20 dBm
02-20 20:34:03.651     0     0 D ieee80211 phy1: mac80211_hwsim_bss_info_changed(changed=0x4000)
02-20 20:34:03.651     0     0 D ieee80211 phy1: change channel context control: 2447 MHz/width: 2/cfreqs:2437/0 MHz
02-20 20:34:03.651     0     0 D ieee80211 phy1: mac80211_hwsim_bss_info_changed(changed=0x88340)
02-20 20:34:03.651     0     0 D ieee80211 phy1: BCNINT: 100
02-20 20:34:03.651     0     0 D ieee80211 phy1: BCN EN: 1
02-20 20:34:03.651     0     0 D ieee80211 phy1: mac80211_hwsim_bss_info_changed(changed=0x3e)
02-20 20:34:03.651     0     0 D ieee80211 phy1: ERP_CTS_PROT: 0
02-20 20:34:03.651     0     0 D ieee80211 phy1: ERP_PREAMBLE: 0
02-20 20:34:03.651     0     0 D ieee80211 phy1: ERP_SLOT: 1
02-20 20:34:03.651     0     0 D ieee80211 phy1: HT: op_mode=0x0
02-20 20:34:03.651     0     0 D ieee80211 phy1: BASIC_RATES: 0xf
02-20 20:34:03.651     0     0 D ieee80211 phy1: mac80211_hwsim_conf_tx (queue=0 txop=47 cw_min=3 cw_max=7 aifs=1)
02-20 20:34:03.651     0     0 D ieee80211 phy1: mac80211_hwsim_bss_info_changed(changed=0x2000)
02-20 20:34:03.651     0     0 D ieee80211 phy1: mac80211_hwsim_conf_tx (queue=1 txop=94 cw_min=7 cw_max=15 aifs=1)
02-20 20:34:03.651     0     0 D ieee80211 phy1: mac80211_hwsim_bss_info_changed(changed=0x2000)
02-20 20:34:03.651     0     0 D ieee80211 phy1: mac80211_hwsim_conf_tx (queue=2 txop=0 cw_min=15 cw_max=63 aifs=3)
02-20 20:34:03.651     0     0 D ieee80211 phy1: mac80211_hwsim_bss_info_changed(changed=0x2000)
02-20 20:34:03.651     0     0 D ieee80211 phy1: mac80211_hwsim_conf_tx (queue=3 txop=0 cw_min=15 cw_max=1023 aifs=7)
02-20 20:34:03.651     0     0 D ieee80211 phy1: mac80211_hwsim_bss_info_changed(changed=0x2000)
02-20 20:34:03.651     0     0 I IPv6    : ADDRCONF(NETDEV_CHANGE): wlan1: link becomes ready
02-20 20:34:03.652     0     0 D ieee80211 phy1: mac80211_hwsim_configure_filter
02-20 20:34:03.669     0     0 I init    : Service 'exec 9 (/system/bin/bootstat)' (pid 2071) exited with status 0
02-20 20:34:03.670     0     0 I init    : write_file: Unable to open '/sys/class/android_usb/android0/enable': No such file or directory
02-20 20:34:03.671     0     0 I init    : write_file: Unable to open '/sys/class/android_usb/android0/idVendor': No such file or directory
02-20 20:34:03.701  1661  1686 I SyncManager: Got SyncJobService instance.
02-20 20:34:03.700     0     0 I init    : write_file: Unable to open '/sys/class/android_usb/android0/idProduct': No such file or directory
02-20 20:34:03.702  1661  1661 I FusedLocation: engine started (com.android.location.fused)
02-20 20:34:03.704  1907  1922 D SubscriptionController: [getPhoneId]- no sims, returning default phoneId=2147483647
02-20 20:34:03.705     0     0 I init    : write_file: Unable to open '/sys/class/android_usb/android0/functions': No such file or directory
02-20 20:34:03.707     0     0 I init    : write_file: Unable to open '/sys/class/android_usb/android0/enable': No such file or directory
02-20 20:34:03.714  1661  1694 V PackageManager: reconcileAppsData finished 100 packages
02-20 20:34:03.715  1661  1687 D MountService: onUnlockUser 0
02-20 20:34:03.715  1661  1687 D VoldConnector: SND -> {7 volume user_started 0}
02-20 20:34:03.715  1661  1684 W art     : Long monitor contention with owner android.display (1694) at void com.android.server.am.ActivityManagerService.finishBooting()(ActivityManagerService.java:6823) waiters=2 in android.app.IActivityManager$ContentProviderHolder com.android.server.am.ActivityManagerService.getContentProviderImpl(android.app.IApplicationThread, java.lang.String, android.os.IBinder, boolean, int) for 135ms
02-20 20:34:03.715  1661  1684 I dvm_lock_sample: [system_server,1,Binder:1661_1,135,ActivityManagerService.java,10666,-,6823,27]
02-20 20:34:03.715  1267  1303 D vold    : Linking /storage/emulated/0 to /mnt/user/0/primary
02-20 20:34:03.716  1661  1719 D VoldConnector: RCV <- {200 7 Command succeeded}
02-20 20:34:03.720  1661  2011 W art     : Long monitor contention with owner android.display (1694) at void com.android.server.am.ActivityManagerService.finishBooting()(ActivityManagerService.java:6823) waiters=0 in android.content.Intent com.android.server.am.ActivityManagerService.registerReceiver(android.app.IApplicationThread, java.lang.String, android.content.IIntentReceiver, android.content.IntentFilter, java.lang.String, int) for 158ms
02-20 20:34:03.720  1661  2011 I dvm_lock_sample: [system_server,1,Binder:1661_5,158,ActivityManagerService.java,17547,-,6823,31]
02-20 20:34:03.720  1661  1718 D MountService: Volume public:253,64 broadcasting mounted to UserHandle{0}
02-20 20:34:03.727  1661  1684 I am_proc_start: [0,2073,10001,android.process.acore,content provider,com.android.providers.contacts/.ContactsProvider2]
02-20 20:34:03.727  1661  1684 I ActivityManager: Start proc 2073:android.process.acore/u0a1 for content provider com.android.providers.contacts/.ContactsProvider2
02-20 20:34:03.727  1661  1701 I am_proc_bound: [0,2051,com.google.android.ext.services]
02-20 20:34:03.729  1661  1740 W art     : Long monitor contention with owner android.display (1694) at void com.android.server.am.ActivityManagerService.finishBooting()(ActivityManagerService.java:6823) waiters=4 in int com.android.server.am.ActivityManagerService.broadcastIntent(android.app.IApplicationThread, android.content.Intent, java.lang.String, android.content.IIntentReceiver, int, java.lang.String, android.os.Bundle, java.lang.String[], int, android.os.Bundle, boolean, boolean, int) for 134ms
02-20 20:34:03.729  1661  1740 I dvm_lock_sample: [system_server,0,AudioService,134,ActivityManagerService.java,18551,-,6823,26]
02-20 20:34:03.729  1661  1718 D MountService: Volume emulated broadcasting mounted to UserHandle{0}
02-20 20:34:03.733  1907  1907 D CarrierConfigLoader: CarrierConfigLoader has started
02-20 20:34:03.733  1907  1907 E BluetoothAdapter: Bluetooth binder is null
02-20 20:34:03.733  1661  2011 D TelephonyRegistry: listen oscl: hasNotifySubscriptionInfoChangedOccurred==false no callback
02-20 20:34:03.734  1661  1701 I StatusBarManagerService: registerStatusBar bar=com.android.internal.statusbar.IStatusBar$Stub$Proxy@ca61cc
02-20 20:34:03.755  2073  2073 W art     : Unexpected CPU variant for X86 using defaults: x86_64
02-20 20:34:03.772  1661  2078 I am_proc_bound: [0,2073,android.process.acore]
02-20 20:34:03.783  1661  1687 V BackupManagerService: No ancestral data
02-20 20:34:03.790  1661  1687 V BackupManagerService: Starting with transport android/com.android.internal.backup.LocalTransport
02-20 20:34:03.790  1661  1687 V BackupManagerService: Found transports: 2
02-20 20:34:03.820  1661  1687 I am_proc_start: [0,2094,10014,com.google.android.gms.persistent,service,com.google.android.gms/.backup.BackupTransportService]
02-20 20:34:03.820  1661  1687 I ActivityManager: Start proc 2094:com.google.android.gms.persistent/u0a14 for service com.google.android.gms/.backup.BackupTransportService
02-20 20:34:03.820  2094  2094 W art     : Unexpected CPU variant for X86 using defaults: x86_64
02-20 20:34:03.821  1661  1687 I BackupManagerService: Backup enabled => false
02-20 20:34:03.823  1907  1907 D RILJ    : [3655]> RIL_REQUEST_SET_TTY_MODE : 0 [SUB0]
02-20 20:34:03.830  1661  1661 V BackupManagerService: Connected to transport ComponentInfo{android/com.android.internal.backup.LocalTransportService}
02-20 20:34:03.830  1661  1661 V BackupManagerService: Registering transport android/com.android.internal.backup.LocalTransportService::android/com.android.internal.backup.LocalTransport = android.app.backup.BackupTransport$TransportImpl@939ec4
02-20 20:34:03.830  1661  1661 I backup_transport_lifecycle: [android/com.android.internal.backup.LocalTransportService,1]
02-20 20:34:03.831  1372  1507 D RIL     : onRequest: SET_TTY_MODE
02-20 20:34:03.832  1907  1977 D RilRequest: [3655]< RIL_REQUEST_SET_TTY_MODE error: com.android.internal.telephony.CommandException: RADIO_NOT_AVAILABLE ret=
02-20 20:34:03.832  1907  1907 I Telephony: TtyManager: updateUiTtyMode -1 -> 0
02-20 20:34:03.835  1661  2070 D TelephonyRegistry: listen oscl: hasNotifySubscriptionInfoChangedOccurred==false no callback
02-20 20:34:03.835  1907  1907 D SubscriptionController: [getPhoneId] asked for default subId=-1
02-20 20:34:03.837  1907  1907 D UiccController: Received EVENT_ICC_STATUS_CHANGED, calling getIccCardStatus
02-20 20:34:03.837  1907  1907 D RILJ    : [3656]> GET_SIM_STATUS [SUB0]
02-20 20:34:03.837  1907  1907 D Phone   : config LCE service failed: com.android.internal.telephony.CommandException: RADIO_NOT_AVAILABLE
02-20 20:34:03.837  1907  1907 D GsmSMSDispatcher: GsmSMSDispatcher: subId = -2 slotId = 0
02-20 20:34:03.837  1907  1907 E IccCardProxy: setExternalState: !override and newstate unchanged from NOT_READY
02-20 20:34:03.837  1907  1907 D RILJ    : [3657]> BASEBAND_VERSION [SUB0]
02-20 20:34:03.837  1372  1507 D RIL     : onRequest: GET_SIM_STATUS
02-20 20:34:03.837  1372  1507 D RIL     : getSIMStatus(). sState: 0
02-20 20:34:03.838  1907  1977 D RILJ    : [3656]< GET_SIM_STATUS IccCardState {CARDSTATE_PRESENT,PINSTATE_UNKNOWN,num_apps=2,gsm_id=0{APPTYPE_SIM,APPSTATE_DETECTED},cdma_id=1{APPTYPE_RUIM,APPSTATE_DETECTED},ims_id=8} [SUB0]
02-20 20:34:03.838  1907  1907 D RILJ    : [3658]> GET_IMEI [SUB0]
02-20 20:34:03.838  1372  1507 D RIL     : onRequest: BASEBAND_VERSION
02-20 20:34:03.838  1907  1907 D RILJ    : [3659]> GET_IMEISV [SUB0]
02-20 20:34:03.838  1372  1507 D RIL     : onRequest: GET_IMEI
02-20 20:34:03.838  1372  1507 D AT      : AT> AT+CGSN
02-20 20:34:03.838  1907  1907 D RILJ    : [3660]> RIL_REQUEST_GET_RADIO_CAPABILITY [SUB0]
02-20 20:34:03.838  1372  1509 D AT      : AT< 000000000000000
02-20 20:34:03.838  1372  1509 D AT      : AT< OK
02-20 20:34:03.838  1907  1907 D RILJ    : [3661]> RIL_REQUEST_START_LCE [SUB0]
02-20 20:34:03.838  1372  1507 D RIL     : onRequest: GET_IMEISV
02-20 20:34:03.838  1372  1507 D RIL     : onRequest: RIL_REQUEST_GET_RADIO_CAPABILITY
02-20 20:34:03.839  1907  1907 D GsmCdmaPhone: [GsmCdmaPhone] Event EVENT_RADIO_OFF_OR_NOT_AVAILABLE Received
02-20 20:34:03.839  1907  1907 E IccCardProxy: setExternalState: !override and newstate unchanged from NOT_READY
02-20 20:34:03.839  1907  1907 D SST     : mDeviceShuttingDown=false, mDesiredPowerState=true, getRadioState=RADIO_OFF, mPowerOffDelayNeed=true, mAlarmSwitch=false, mRadioDisabledByCarrier=false
02-20 20:34:03.839  1907  1907 D RILJ    : [3662]> RADIO_POWER on [SUB0]
02-20 20:34:03.839  1372  1507 D RIL     : onRequest: <unknown request>
02-20 20:34:03.839  1907  1907 D RILJ    : [3663]> OPERATOR [SUB0]
02-20 20:34:03.840  1372  1507 D RIL     : onRequest: RADIO_POWER
02-20 20:34:03.840  1372  1507 D AT      : AT> AT+CFUN=1
02-20 20:34:03.840  1907  1907 D RILJ    : [3664]> DATA_REGISTRATION_STATE [SUB0]
02-20 20:34:03.840  1372  1509 D AT      : AT< OK
02-20 20:34:03.840  1372  1507 D RIL     : setRadioState(10)
02-20 20:34:03.840  1372  1507 D RIL     : onRequest: OPERATOR
02-20 20:34:03.840  1372  1507 D AT      : AT> AT+COPS=3,0;+COPS?;+COPS=3,1;+COPS?;+COPS=3,2;+COPS?
02-20 20:34:03.840  1907  1907 D RILJ    : [3665]> VOICE_REGISTRATION_STATE [SUB0]
02-20 20:34:03.841  1372  1509 D AT      : AT< +COPS: 0,0,"Android"
02-20 20:34:03.841  1372  1509 D AT      : AT< +COPS: 0,1,"Android"
02-20 20:34:03.841  1372  1509 D AT      : AT< +COPS: 0,2,"310260"
02-20 20:34:03.841  1372  1509 D AT      : AT< OK
02-20 20:34:03.841  1372  1507 D RIL     : onRequest: DATA_REGISTRATION_STATE
02-20 20:34:03.841  1372  1507 D RIL     : requestRegistrationState
02-20 20:34:03.841  1372  1507 D AT      : AT> AT+CGREG?
02-20 20:34:03.841  1907  1907 D RILJ    : [3666]> QUERY_NETWORK_SELECTION_MODE [SUB0]
02-20 20:34:03.841  1372  1509 D AT      : AT< +CGREG: 1,1,"0003","005b","000e"
02-20 20:34:03.841  1372  1509 D AT      : AT< OK
02-20 20:34:03.841  1372  1507 D RIL     : parseRegistrationState. Parsing: +CGREG: 1,1,"0003","005b","000e"
02-20 20:34:03.841  1372  1507 D RIL     : registration state type: 3GPP
02-20 20:34:03.841  1372  1507 D RIL     : onRequest: VOICE_REGISTRATION_STATE
02-20 20:34:03.841  1372  1507 D RIL     : requestRegistrationState
02-20 20:34:03.841  1372  1507 D AT      : AT> AT+CREG?
02-20 20:34:03.841  1372  1509 D AT      : AT< +CREG: 2,1, "0003", "005b"
02-20 20:34:03.841  1372  1509 D AT      : AT< OK
02-20 20:34:03.841  1372  1507 D RIL     : parseRegistrationState. Parsing: +CREG: 2,1, "0003", "005b"
02-20 20:34:03.841  1372  1507 D RIL     : registration state type: 3GPP
02-20 20:34:03.841  1907  1907 D SST     : NITZ: 18/02/20:20:33:58+0:0:Unknown!Unknown,4291 start=10841 delay=6550
02-20 20:34:03.841  1907  1907 D SST     : NITZ: tzOffset=0 dst=0 zone=GMT iso= mGotCountryCode=false mNeedFixZoneAfterNitz=false
02-20 20:34:03.841  1907  1977 D RilRequest: [3657]< BASEBAND_VERSION error: com.android.internal.telephony.CommandException: RADIO_NOT_AVAILABLE ret=
02-20 20:34:03.841  1907  1977 D RILJ    : [3658]< GET_IMEI  [SUB0]
02-20 20:34:03.841  1907  1977 D RilRequest: [3659]< GET_IMEISV error: com.android.internal.telephony.CommandException: RADIO_NOT_AVAILABLE ret=
02-20 20:34:03.841  1907  1977 D RilRequest: [3660]< RIL_REQUEST_GET_RADIO_CAPABILITY error: com.android.internal.telephony.CommandException: RADIO_NOT_AVAILABLE ret=
02-20 20:34:03.841  1907  1977 D RilRequest: [3661]< RIL_REQUEST_START_LCE error: com.android.internal.telephony.CommandException: RADIO_NOT_AVAILABLE ret=
02-20 20:34:03.841  1907  1977 D RILJ    : [UNSL]< UNSOL_RESPONSE_RADIO_STATE_CHANGED RADIO_ON [SUB0]
02-20 20:34:03.842  1907  1977 D RILJ    : [UNSL]< UNSOL_RESPONSE_SIM_STATUS_CHANGED [SUB0]
02-20 20:34:03.842  1907  1977 D RILJ    : [3662]< RADIO_POWER  [SUB0]
02-20 20:34:03.842  1907  1977 D RILJ    : [3663]< OPERATOR {Android, Android, 310260} [SUB0]
02-20 20:34:03.842  1907  1977 D RILJ    : [3664]< DATA_REGISTRATION_STATE {1, 3, 5b, 14, null, null} [SUB0]
02-20 20:34:03.842  1907  1977 D RILJ    : [3665]< VOICE_REGISTRATION_STATE {1, 3, 5b, 0, null, null, null, null, null, null, null, null, null, null, null} [SUB0]
02-20 20:34:03.842  1907  1907 D SST     : setAndBroadcastNetworkSetTimeZone: setTimeZone=GMT
02-20 20:34:03.842  1661  1685 D AlarmManagerService: Kernel timezone updated to 0 minutes west of GMT
02-20 20:34:03.842  1907  1907 D SST     : setAndBroadcastNetworkSetTimeZone: call alarm.setTimeZone and broadcast zoneId=GMT
02-20 20:34:03.843  1907  1907 D SST     : NITZ: Setting time of day to Tue Feb 20 20:34:04 GMT+00:00 2018 NITZ receive delay(ms): 6551 gained(ms): 708 from 18/02/20:20:33:58+0:0:Unknown!Unknown
02-20 20:34:03.843  1907  1907 D SST     : setAndBroadcastNetworkSetTime: time=1519158844551ms
02-20 20:34:03.843  1661  1685 D AlarmManagerService: Setting time of day to sec=1519158844
02-20 20:34:04.551  1661  1685 W AlarmManagerService: Unable to set rtc to 1519158844: No such device
02-20 20:34:04.551  1372  1507 D RIL     : onRequest: QUERY_NETWORK_SELECTION_MODE
02-20 20:34:04.551  1372  1507 D AT      : AT> AT+COPS?
02-20 20:34:04.551  1372  1509 D AT      : AT< +COPS: 0,2,310260
02-20 20:34:04.551  1372  1509 D AT      : AT< OK
02-20 20:34:04.552  1907  1977 D RILJ    : [3666]< QUERY_NETWORK_SELECTION_MODE {0} [SUB0]
02-20 20:34:04.552  1661  1701 I am_proc_bound: [0,2094,com.google.android.gms.persistent]
02-20 20:34:04.555  1907  1907 I SST     : NITZ: after Setting time of day
02-20 20:34:04.556  1907  1907 D SST     : NITZ: end=10848 dur=7
02-20 20:34:04.556  1907  1907 D SST     : mDeviceShuttingDown=false, mDesiredPowerState=true, getRadioState=RADIO_ON, mPowerOffDelayNeed=true, mAlarmSwitch=false, mRadioDisabledByCarrier=false
02-20 20:34:04.556  1907  1907 D RILJ    : [3667]> OPERATOR [SUB0]
02-20 20:34:04.556  1372  1507 D RIL     : onRequest: OPERATOR
02-20 20:34:04.556  1372  1507 D AT      : AT> AT+COPS=3,0;+COPS?;+COPS=3,1;+COPS?;+COPS=3,2;+COPS?
02-20 20:34:04.557  2051  2051 W System  : ClassLoader referenced unknown path: /system/priv-app/GoogleExtServices/lib/x86_64
02-20 20:34:04.558  1372  1509 D AT      : AT< +COPS: 0,0,"Android"
02-20 20:34:04.558  1372  1509 D AT      : AT< +COPS: 0,1,"Android"
02-20 20:34:04.558  1372  1509 D AT      : AT< +COPS: 0,2,"310260"
02-20 20:34:04.558  1372  1509 D AT      : AT< OK
02-20 20:34:04.558  1907  1977 D RILJ    : [3667]< OPERATOR {Android, Android, 310260} [SUB0]
02-20 20:34:04.560  1907  1907 D RILJ    : [3668]> DATA_REGISTRATION_STATE [SUB0]
02-20 20:34:04.560  2073  2073 W System  : ClassLoader referenced unknown path: /system/priv-app/ContactsProvider/lib/x86_64
02-20 20:34:04.564  1907  1907 D RILJ    : [3669]> VOICE_REGISTRATION_STATE [SUB0]
02-20 20:34:04.565  1372  1507 D RIL     : onRequest: DATA_REGISTRATION_STATE
02-20 20:34:04.565  1372  1507 D RIL     : requestRegistrationState
02-20 20:34:04.565  1372  1507 D AT      : AT> AT+CGREG?
02-20 20:34:04.565  1907  1907 D RILJ    : [3670]> QUERY_NETWORK_SELECTION_MODE [SUB0]
02-20 20:34:04.565  1372  1509 D AT      : AT< +CGREG: 1,1,"0003","005b","000e"
02-20 20:34:04.565  1372  1509 D AT      : AT< OK
02-20 20:34:04.565  1372  1507 D RIL     : parseRegistrationState. Parsing: +CGREG: 1,1,"0003","005b","000e"
02-20 20:34:04.565  1372  1507 D RIL     : registration state type: 3GPP
02-20 20:34:04.565  1372  1507 D RIL     : onRequest: VOICE_REGISTRATION_STATE
02-20 20:34:04.565  1372  1507 D RIL     : requestRegistrationState
02-20 20:34:04.565  1372  1507 D AT      : AT> AT+CREG?
02-20 20:34:04.566  1907  1977 D RILJ    : [3668]< DATA_REGISTRATION_STATE {1, 3, 5b, 14, null, null} [SUB0]
02-20 20:34:04.566  1372  1509 D AT      : AT< +CREG: 2,1, "0003", "005b"
02-20 20:34:04.566  1372  1509 D AT      : AT< OK
02-20 20:34:04.566  1372  1507 D RIL     : parseRegistrationState. Parsing: +CREG: 2,1, "0003", "005b"
02-20 20:34:04.566  1372  1507 D RIL     : registration state type: 3GPP
02-20 20:34:04.566  1907  1907 D SST     : onSignalStrengthResult() Exception from RIL : com.android.internal.telephony.CommandException: RADIO_NOT_AVAILABLE
02-20 20:34:04.567  1372  1507 D RIL     : onRequest: QUERY_NETWORK_SELECTION_MODE
02-20 20:34:04.567  1372  1507 D AT      : AT> AT+COPS?
02-20 20:34:04.567  1372  1509 D AT      : AT< +COPS: 0,2,310260
02-20 20:34:04.567  1372  1509 D AT      : AT< OK
02-20 20:34:04.567  1907  1907 D DCT     : [0]Wifi state changed
02-20 20:34:04.567  1907  1907 D DCT     : [0]WIFI_STATE_CHANGED_ACTION: enabled=true mIsWifiConnected=false
02-20 20:34:04.567  1907  1907 D DCT     : [0]onRadioAvailable
02-20 20:34:04.567  1907  1907 D DCT     : [0]onRadioOffOrNotAvailable: is off and clean up all connections
02-20 20:34:04.567  1907  1907 D DCT     : [0]cleanUpAllConnections: tearDown=false reason=radioTurnedOff
02-20 20:34:04.567  1907  1907 D GsmCdmaPhone: [GsmCdmaPhone] getDataConnectionState apnType=default ret=DISCONNECTED
02-20 20:34:04.570  1907  1907 D DCT     : [0]cleanUpConnection: X tearDown=false reason=radioTurnedOff apnContext={mApnType=default mState=IDLE mWaitingApns={null} mApnSetting={null} mReason=radioTurnedOff mDataEnabled=false mDependencyMet=true} dcac=null
02-20 20:34:04.571  1907  1907 D GsmCdmaPhone: [GsmCdmaPhone] getDataConnectionState apnType=mms ret=DISCONNECTED
02-20 20:34:04.572  1907  1907 D DCT     : [0]cleanUpConnection: X tearDown=false reason=radioTurnedOff apnContext={mApnType=mms mState=IDLE mWaitingApns={null} mApnSetting={null} mReason=radioTurnedOff mDataEnabled=false mDependencyMet=true} dcac=null
02-20 20:34:04.572  1907  1907 D GsmCdmaPhone: [GsmCdmaPhone] getDataConnectionState apnType=cbs ret=DISCONNECTED
02-20 20:34:04.572  1907  1977 D RILJ    : [3669]< VOICE_REGISTRATION_STATE {1, 3, 5b, 0, null, null, null, null, null, null, null, null, null, null, null} [SUB0]
02-20 20:34:04.572  1907  1977 D RILJ    : [3670]< QUERY_NETWORK_SELECTION_MODE {0} [SUB0]
02-20 20:34:04.573  1907  1907 D DCT     : [0]cleanUpConnection: X tearDown=false reason=radioTurnedOff apnContext={mApnType=cbs mState=IDLE mWaitingApns={null} mApnSetting={null} mReason=radioTurnedOff mDataEnabled=false mDependencyMet=true} dcac=null
02-20 20:34:04.573  1907  1907 D GsmCdmaPhone: [GsmCdmaPhone] getDataConnectionState apnType=fota ret=DISCONNECTED
02-20 20:34:04.574  1907  1907 D DCT     : [0]cleanUpConnection: X tearDown=false reason=radioTurnedOff apnContext={mApnType=fota mState=IDLE mWaitingApns={null} mApnSetting={null} mReason=radioTurnedOff mDataEnabled=false mDependencyMet=true} dcac=null
02-20 20:34:04.575  1907  1907 D GsmCdmaPhone: [GsmCdmaPhone] getDataConnectionState apnType=supl ret=DISCONNECTED
02-20 20:34:04.575  1907  1907 D DCT     : [0]cleanUpConnection: X tearDown=false reason=radioTurnedOff apnContext={mApnType=supl mState=IDLE mWaitingApns={null} mApnSetting={null} mReason=radioTurnedOff mDataEnabled=false mDependencyMet=true} dcac=null
02-20 20:34:04.575  1907  1907 D GsmCdmaPhone: [GsmCdmaPhone] getDataConnectionState apnType=ia ret=DISCONNECTED
02-20 20:34:04.576  1907  1907 D DCT     : [0]cleanUpConnection: X tearDown=false reason=radioTurnedOff apnContext={mApnType=ia mState=IDLE mWaitingApns={null} mApnSetting={null} mReason=radioTurnedOff mDataEnabled=false mDependencyMet=true} dcac=null
02-20 20:34:04.576  1907  1907 D GsmCdmaPhone: [GsmCdmaPhone] getDataConnectionState apnType=emergency ret=DISCONNECTED
02-20 20:34:04.576  1907  1907 D DCT     : [0]cleanUpConnection: X tearDown=false reason=radioTurnedOff apnContext={mApnType=emergency mState=IDLE mWaitingApns={null} mApnSetting={null} mReason=radioTurnedOff mDataEnabled=false mDependencyMet=true} dcac=null
02-20 20:34:04.576  1907  1907 D GsmCdmaPhone: [GsmCdmaPhone] getDataConnectionState apnType=hipri ret=DISCONNECTED
02-20 20:34:04.577  1907  1907 D DCT     : [0]cleanUpConnection: X tearDown=false reason=radioTurnedOff apnContext={mApnType=hipri mState=IDLE mWaitingApns={null} mApnSetting={null} mReason=radioTurnedOff mDataEnabled=false mDependencyMet=true} dcac=null
02-20 20:34:04.577  1907  1907 D GsmCdmaPhone: [GsmCdmaPhone] getDataConnectionState apnType=ims ret=DISCONNECTED
02-20 20:34:04.578  1907  1907 D DCT     : [0]cleanUpConnection: X tearDown=false reason=radioTurnedOff apnContext={mApnType=ims mState=IDLE mWaitingApns={null} mApnSetting={null} mReason=radioTurnedOff mDataEnabled=false mDependencyMet=true} dcac=null
02-20 20:34:04.578  1907  1907 D DCT     : [0]stopNetStatPoll
02-20 20:34:04.579  1907  1907 D DCT     : [0]cleanUpConnection: mDisconnectPendingCount = 0
02-20 20:34:04.579  1907  1907 D DCT     : [0]isDataAllowed: No - SIM not loaded - Not attached
02-20 20:34:03.933     0     0 D ieee80211 phy0: mac80211_hwsim_config (freq=0 idle=1 ps=0 smps=auto)
02-20 20:34:03.933     0     0 D ieee80211 phy0: hwsim hw_scan request
02-20 20:34:03.936     0     0 D ieee80211 phy0: hw scan 2412 MHz
02-20 20:34:04.585  1907  1907 D DCT     : [0]onDataConnectionDetached: stop polling and notify detached
02-20 20:34:04.585  1907  1907 D DCT     : [0]stopNetStatPoll
02-20 20:34:04.585  1907  1907 D DCT     : [0]notifyDataConnection: reason=dataDetached
02-20 20:34:04.585  1907  1907 D DCT     : [0]isDataAllowed: No - SIM not loaded - Not attached
02-20 20:34:04.591  1661  1661 D ConditionProviders.SCP: onReceive android.intent.action.TIME_SET
02-20 20:34:04.591  1661  1661 D ConditionProviders.SCP: notifyCondition condition://android/schedule?days=6.7&start=23.30&end=10.0&exitAtAlarm=false STATE_FALSE reason=!meetsSchedule
02-20 20:34:04.591  1661  1661 D ConditionProviders.SCP: notifyCondition condition://android/schedule?days=1.2.3.4.5&start=22.0&end=7.0&exitAtAlarm=false STATE_FALSE reason=!meetsSchedule
02-20 20:34:04.592  1661  1661 D ConditionProviders.SCP: Scheduling evaluate for Tue Feb 20 22:00:00 GMT+00:00 2018 (1519164000000), in +1h25m55s409ms, now=Tue Feb 20 20:34:04 GMT+00:00 2018 (1519158844591)
02-20 20:34:04.596  1907  1907 D DCT     : [0]onRoamingOff
02-20 20:34:04.597  1907  1907 D DCT     : [0]isDataAllowed: No - SIM not loaded - Not attached
02-20 20:34:04.603  2094  2094 W System  : ClassLoader referenced unknown path: /system/priv-app/PrebuiltGmsCore/lib/x86_64
02-20 20:34:04.609  1661  1739 I am_proc_start: [0,2117,10002,com.android.providers.calendar,content provider,com.android.providers.calendar/.CalendarProvider2]
02-20 20:34:04.609  1661  1739 I ActivityManager: Start proc 2117:com.android.providers.calendar/u0a2 for content provider com.android.providers.calendar/.CalendarProvider2
02-20 20:34:04.612  1907  1907 D DCT     : [0]setupDataOnConnectableApns: roamingOff hipri:[state=IDLE,enabled=false] mms:[state=IDLE,enabled=false] supl:[state=IDLE,enabled=false] ia:[state=IDLE,enabled=false] fota:[state=IDLE,enabled=false] ims:[state=IDLE,enabled=false] cbs:[state=IDLE,enabled=false] default:[state=IDLE,enabled=false] emergency:[state=IDLE,enabled=false] 
02-20 20:34:04.612  1907  1907 D DCT     : [0]setupDataOnConnectableApns: nwTypeChanged hipri:[state=IDLE,enabled=false] mms:[state=IDLE,enabled=false] supl:[state=IDLE,enabled=false] ia:[state=IDLE,enabled=false] fota:[state=IDLE,enabled=false] ims:[state=IDLE,enabled=false] cbs:[state=IDLE,enabled=false] default:[state=IDLE,enabled=false] emergency:[state=IDLE,enabled=false] 
02-20 20:34:04.612  1907  1907 D DCT     : [0]NETWORK_STATE_CHANGED_ACTION: mIsWifiConnected=false
02-20 20:34:04.612  1907  1907 D SubscriptionInfoUpdater: [Receiver]+
02-20 20:34:04.612  1907  1907 D SubscriptionInfoUpdater: Action: android.intent.action.SIM_STATE_CHANGED
02-20 20:34:04.613  1907  1907 D SubscriptionInfoUpdater: slotId: 0
02-20 20:34:04.613  1907  1907 D SubscriptionInfoUpdater: simStatus: NOT_READY
02-20 20:34:04.613  1907  1907 D SubscriptionInfoUpdater: Ignoring simStatus: NOT_READY
02-20 20:34:04.613  1907  1907 D SubscriptionInfoUpdater: [Receiver]-
02-20 20:34:04.613  1907  1907 D PhoneSwitcherNetworkRequstListener: got request NetworkRequest [ REQUEST id=1, [ Capabilities: INTERNET&NOT_RESTRICTED&TRUSTED&NOT_VPN] ] with score 0
02-20 20:34:04.613  1907  1907 D TelephonyNetworkFactory[0]: onSubIdChange -1->-2
02-20 20:34:04.613  1907  1907 D TelephonyNetworkFactory[0]: got request NetworkRequest [ REQUEST id=1, [ Capabilities: INTERNET&NOT_RESTRICTED&TRUSTED&NOT_VPN] ] with score 0
02-20 20:34:04.615  1907  1907 D DebugService: DebugService DebugService:
02-20 20:34:04.615  1907  1907 D TelephonyDebugService: TelephonyDebugService()
02-20 20:34:04.615  1907  1907 D CarrierConfigLoader: mHandler: 12 phoneId: 0
02-20 20:34:04.615  1907  1907 D RILJ    : [3671]> RIL_REQUEST_QUERY_TTY_MODE [SUB0]
02-20 20:34:04.615  1907  1907 D UiccController: Received EVENT_GET_ICC_STATUS_DONE
02-20 20:34:04.615  1372  1507 D RIL     : onRequest: QUERY_TTY_MODE
02-20 20:34:04.615  1372  1507 D RIL     : Request not supported. Tech: 1
02-20 20:34:04.616  1907  1977 D RilRequest: [3671]< RIL_REQUEST_QUERY_TTY_MODE error: com.android.internal.telephony.CommandException: REQUEST_NOT_SUPPORTED ret=
02-20 20:34:04.616  1907  1907 D UiccCard: 2 applications
02-20 20:34:04.616  1907  1907 D UiccCardApplication: Creating UiccApp: {APPTYPE_SIM,APPSTATE_DETECTED}
02-20 20:34:04.617  2117  2117 W art     : Unexpected CPU variant for X86 using defaults: x86_64
02-20 20:34:04.618  1907  1907 W VoiceMailConstants: Can't open /system/etc/voicemail-conf.xml
02-20 20:34:04.618  1907  1907 D SpnOverride: No SPN in OEM image = /oem/telephony/spn-conf.xml Load SPN from system image
02-20 20:34:04.618  1907  1907 W SpnOverride: Can not open /system/etc/spn-conf.xml
02-20 20:34:04.618  1907  1907 D SIMRecords: [SIMRecords] setting0 mMncLength-1
02-20 20:34:04.618  1907  1907 D SIMRecords: [SIMRecords] SIMRecords: onRadioOffOrNotAvailable set 'gsm.sim.operator.numeric' to operator=null
02-20 20:34:04.618  1907  1907 D SIMRecords: [SIMRecords] update icc_operator_numeric=null
02-20 20:34:04.618  1907  1907 D TelephonyManager: setTelephonyProperty: success phoneId=0 property=gsm.sim.operator.numeric value:  propVal=
02-20 20:34:04.618  1752  1752 I InputAttributes: InputType.TYPE_NULL is specified
02-20 20:34:04.619  1907  1907 D TelephonyManager: setTelephonyProperty: success phoneId=0 property=gsm.sim.operator.alpha value:  propVal=
02-20 20:34:04.619  1907  1907 D TelephonyManager: setTelephonyProperty: success phoneId=0 property=gsm.sim.operator.iso-country value:  propVal=
02-20 20:34:04.619  1907  1907 D SIMRecords: [SIMRecords] getOperatorNumeric: IMSI == null
02-20 20:34:04.619  1907  1907 D SIMRecords: [SIMRecords] SIMRecords X ctor this=SimRecords: mDestroyed=false mContext=com.android.phone.PhoneGlobals@6bb6d8c mCi=com.android.internal.telephony.RIL@e80db7e mFh=Handler (com.android.internal.telephony.uicc.SIMFileHandler) {f767cd5} mParentApp=com.android.internal.telephony.uicc.UiccCardApplication@13a3cea recordsLoadedRegistrants=android.os.RegistrantList@b576bdb mImsiReadyRegistrants=android.os.RegistrantList@d77d678 mRecordsEventsRegistrants=android.os.RegistrantList@82f1151 mNewSmsRegistrants=android.os.RegistrantList@8f73db6 mNetworkSelectionModeAutomaticRegistrants=android.os.RegistrantList@6d6eab7 recordsToLoad=0 adnCache=Handler (com.android.internal.telephony.uicc.AdnRecordCache) {58fe224} recordsRequested=false iccid=null msisdnTag=null voiceMailNum=null voiceMailTag=null voiceMailNum=null newVoiceMailTag=null isVoiceMailFixed=false mImsi=null mncLength=-1 mailboxIndex=0 spn=null mVmConfigcom.android.internal.telephony.uicc.VoiceMailConstants@102718d mSpnOverride=mSpnOverride callForwardingEnabled=0 spnState=null mCphsInfo=null mCspPlmnEnabled=true efMWIS=null efCPHS_MWI=null mEfCff=null mEfCfis=null getOperatorNumeric=null
