02-20 20:34:00.383  1661  1661 W PackageManager: Not granting permission android.permission.WRITE_MEDIA_STORAGE to package com.google.android.apps.photos (protectionLevel=18 flags=0x3858be45)
02-20 20:34:00.383  1661  1661 W PackageManager: Unknown permission com.google.android.gm.exchange.BIND in package com.google.android.calendar
02-20 20:34:00.383  1661  1661 W PackageManager: Not granting permission android.permission.CONTROL_KEYGUARD to package com.google.android.gsf.login (protectionLevel=2 flags=0x3048be45)
02-20 20:34:00.383  1661  1661 W PackageManager: Unknown permission com.android.vending.billing.BILLING_ACCOUNT_SERVICE in package com.google.android.gsf.login
02-20 20:34:00.383  1661  1661 W PackageManager: Unknown permission com.android.vending.billing.ADD_CREDIT_CARD in package com.google.android.gsf.login
02-20 20:34:00.383  1661  1661 W PackageManager: Unknown permission com.android.vending.billing.IBillingAccountService.BIND2 in package com.google.android.gsf.login
02-20 20:34:00.383  1661  1661 W PackageManager: Unknown permission com.android.vending.TOS_ACKED in package com.google.android.gsf.login
02-20 20:34:00.383  1661  1661 W PackageManager: Unknown permission com.android.launcher.permission.READ_SETTINGS in package com.android.settings
02-20 20:34:00.383  1661  1661 W PackageManager: Unknown permission com.android.launcher.permission.WRITE_SETTINGS in package com.android.settings
02-20 20:34:00.383  1661  1661 W PackageManager: Not granting permission android.permission.REGISTER_CONNECTION_MANAGER to package com.google.android.talk (protectionLevel=18 flags=0x3059be45)
02-20 20:34:00.383  1661  1661 W PackageManager: Unknown permission com.android.smspush.WAPPUSH_MANAGER_BIND in package com.android.phone
02-20 20:34:00.383  1661  1661 V PackageManager: reconcileAppsData for null u0 0x3
02-20 20:34:00.394  1365  1365 I SELinux : SELinux: Loaded file_contexts contexts from /file_contexts.bin.
02-20 20:34:00.619  1365  1365 D installd: Detected label change from u:object_r:app_data_file:s0 to u:object_r:app_data_file:s0:c512,c768 at /data/data/com.example.android.contactmanager/code_cache; running recursive restorecon
02-20 20:34:00.620  1365  1365 W installd: Mismatched inode value; found 58000 on disk but marked value was 58774; overwriting: Success
02-20 20:34:00.684  1661  1661 V PackageManager: reconcileAppsData finished 100 packages
02-20 20:34:00.706  1661  1661 I boot_progress_pms_ready: 7706
02-20 20:34:00.707  1661  1661 E PackageManager: There should probably be a verifier, but, none were found
02-20 20:34:00.710  1661  1661 D PackageManager: Ephemeral resolver NOT found; no matching intent filters
02-20 20:34:00.710  1661  1661 I PackageManager: Ephemeral deactivated; missing resolver and installer
02-20 20:34:00.711  1661  1661 I art     : Starting a blocking GC Explicit
02-20 20:34:00.729  1661  1661 I art     : Explicit concurrent mark sweep GC freed 43926(2MB) AllocSpace objects, 5(100KB) LOS objects, 24% free, 12MB/16MB, paused 78us total 18.200ms
02-20 20:34:00.730  1661  1661 I SystemServer: StartOtaDexOptService
02-20 20:34:00.731  1661  1661 I SystemServer: StartUserManagerService
02-20 20:34:00.731  1661  1661 I SystemServiceManager: Starting com.android.server.pm.UserManagerService$LifeCycle
02-20 20:34:00.738  1661  1661 D SensorService: nuSensorService starting...
02-20 20:34:00.739  1310  1310 I lowmemorykiller: ActivityManager connected
02-20 20:34:00.742  1661  1661 W SensorService: Unable to read HMAC key; generating new one.
02-20 20:34:00.742  1661  1661 W SensorService: Unable to write HMAC key; dynamic sensor getId() will change after reboot.
02-20 20:34:00.743  1661  1706 D SensorService: new thread SensorEventAckReceiver
02-20 20:34:00.743  1661  1707 D SensorService: nuSensorService thread starting...
02-20 20:34:00.743  1661  1661 I SystemServiceManager: Starting com.android.server.BatteryService
02-20 20:34:00.746     0     0 W healthd : battery l=100 v=0 t=0.0 h=2 st=2 chg=a
02-20 20:34:00.746  1661  1684 I battery_status: [2,2,1,1,Li-ion]
02-20 20:34:00.746  1661  1684 I battery_level: [100,0,0]
02-20 20:34:00.751  1661  1661 I SystemServiceManager: Starting com.android.server.usage.UsageStatsService
02-20 20:34:00.761  1661  1661 I SystemServiceManager: Starting com.android.server.webkit.WebViewUpdateService
02-20 20:34:00.765  1661  1661 I SystemServer: Reading configuration...
02-20 20:34:00.765  1661  1661 I SystemServer: StartSchedulingPolicyService
02-20 20:34:00.766  1661  1661 I SystemServiceManager: Starting com.android.server.telecom.TelecomLoaderService
02-20 20:34:00.766  1661  1661 I SystemServer: StartTelephonyRegistry
02-20 20:34:00.770  1661  1661 I SystemServer: StartEntropyMixer
02-20 20:34:00.771  1661  1661 I EntropyMixer: Writing entropy...
02-20 20:34:00.776  1661  1661 I SystemServer: Camera Service
02-20 20:34:00.777  1661  1661 I SystemServiceManager: Starting com.android.server.camera.CameraService
02-20 20:34:00.778  1661  1708 I ServiceThread: Enabled StrictMode logging for CameraService_proxy looper.
02-20 20:34:00.778  1661  1661 I SystemServer: StartAccountManagerService
02-20 20:34:00.779  1661  1661 I SystemServiceManager: Starting com.android.server.accounts.AccountManagerService$Lifecycle
02-20 20:34:00.786  1661  1661 I SystemServer: StartContentService
02-20 20:34:00.787  1661  1661 I SystemServiceManager: Starting com.android.server.content.ContentService$Lifecycle
02-20 20:34:00.788  1661  1661 I SystemServer: InstallSystemProviders
02-20 20:34:00.792  1661  1661 W System  : ClassLoader referenced unknown path: /system/priv-app/SettingsProvider/lib/x86_64
02-20 20:34:00.805  1661  1661 I SystemServer: StartVibratorService
02-20 20:34:00.806  1661  1661 E VibratorService: Couldn't load vibrator module (No such file or directory)
02-20 20:34:00.806  1661  1661 W VibratorService: Tried to stop vibrating but there is no vibrator device.
02-20 20:34:00.808  1661  1661 I SystemServer: StartConsumerIrService
02-20 20:34:00.808  1661  1661 E ConsumerIrService: Can't open consumer IR HW Module, error: -2
02-20 20:34:00.810  1661  1661 I SystemServer: StartAlarmManagerService
02-20 20:34:00.810  1661  1661 I SystemServiceManager: Starting com.android.server.AlarmManagerService
02-20 20:34:00.811  1661  1661 W AlarmManagerService: no wall clock RTC found
02-20 20:34:00.812  1661  1661 D AlarmManagerService: Kernel timezone updated to 0 minutes west of GMT
02-20 20:34:00.813  1661  1661 I SystemServer: InitWatchdog
02-20 20:34:00.813  1661  1661 I SystemServer: StartInputManagerService
02-20 20:34:00.814  1661  1661 I InputManager: Initializing input manager, mUseDevInputEventForAudioJack=true
02-20 20:34:00.815  1661  1661 I SystemServer: StartWindowManagerService
02-20 20:34:00.851  1661  1694 I WindowManager: No existing display settings /data/system/display_settings.xml; starting empty
02-20 20:34:00.870  1661  1661 I SystemServer: StartVrManagerService
02-20 20:34:00.871  1661  1661 I SystemServiceManager: Starting com.android.server.vr.VrManagerService
02-20 20:34:00.872  1661  1661 W VrManagerService: init_native: Could not open VR hardware module, error No such file or directory (-2).
02-20 20:34:00.873  1661  1661 I wm_stack_created: 0
02-20 20:34:00.874  1661  1661 I InputManager: Starting input manager
02-20 20:34:00.876  1661  1661 I SystemServer: No Bluetooth Service (emulator)
02-20 20:34:00.876  1661  1661 I SystemServer: ConnectivityMetricsLoggerService
02-20 20:34:00.876  1661  1716 D EventHub: No input device configuration file found for device 'Power Button'.
02-20 20:34:00.876  1661  1661 I SystemServiceManager: Starting com.android.server.connectivity.MetricsLoggerService
02-20 20:34:00.879  1661  1716 W EventHub: Unable to disable kernel key repeat for /dev/input/event0: Function not implemented
02-20 20:34:00.879  1661  1716 I EventHub: New device: id=1, fd=91, path='/dev/input/event0', name='Power Button', classes=0x1, configuration='', keyLayout='/system/usr/keylayout/Generic.kl', keyCharacterMap='/system/usr/keychars/Generic.kcm', builtinKeyboard=false, wakeMechanism=EPOLLWAKEUP, usingClockIoctl=true
02-20 20:34:00.881  1661  1716 W EventHub: Unable to disable kernel key repeat for /dev/input/event1: Function not implemented
02-20 20:34:00.881  1661  1716 I EventHub: New device: id=2, fd=92, path='/dev/input/event1', name='qwerty2', classes=0x95, configuration='/system/usr/idc/qwerty2.idc', keyLayout='/system/usr/keylayout/qwerty.kl', keyCharacterMap='/system/usr/keychars/qwerty2.kcm', builtinKeyboard=true, wakeMechanism=EPOLLWAKEUP, usingClockIoctl=true
02-20 20:34:00.881  1661  1716 E EventHub: could not get driver version for /dev/input/mice, Not a typewriter
02-20 20:34:00.896  1661  1661 I SystemServer: IpConnectivityMetrics
02-20 20:34:00.896  1661  1661 I SystemServiceManager: Starting com.android.server.connectivity.IpConnectivityMetrics
02-20 20:34:00.896  1661  1661 I SystemServer: PinnerService
02-20 20:34:00.896  1661  1661 I SystemServiceManager: Starting com.android.server.PinnerService
02-20 20:34:00.897  1661  1661 I SystemServiceManager: Starting com.android.server.InputMethodManagerService$Lifecycle
02-20 20:34:00.932  1661  1716 I InputReader: Device added: id=-1, name='Virtual', sources=0x00000301
02-20 20:34:00.933  1661  1716 I InputReader:   Touch device 'qwerty2' could not query the properties of its associated display.  The device will be inoperable until the display size becomes available.
02-20 20:34:00.933  1661  1716 I InputReader: Device added: id=0, name='qwerty2', sources=0x80001103
02-20 20:34:00.933  1661  1716 I InputReader: Device added: id=1, name='Power Button', sources=0x00000101
02-20 20:34:00.933  1661  1661 I SystemServer: StartAccessibilityManagerService
02-20 20:34:00.951  1661  1661 I configuration_changed: 7672
02-20 20:34:00.951  1661  1661 I ActivityManager: Config changes=1df8 {1.0 ?mcc?mnc [en_US] ldltr sw360dp w360dp h740dp 640dpi nrml long port ?uimode ?night -touch -keyb/v/h -nav/h s.2}
02-20 20:34:00.955  1661  1694 I configuration_changed: 1024
02-20 20:34:00.955  1661  1694 I ActivityManager: Config changes=400 {1.0 ?mcc?mnc [en_US] ldltr sw360dp w360dp h668dp 640dpi nrml long port ?uimode ?night -touch -keyb/v/h -nav/h s.3}
02-20 20:34:00.957  1661  1686 I UsageStatsService: User[0] Rollover scheduled @ 2018-02-21 20:34:00(1519245240951)
02-20 20:34:00.957  1661  1686 E AppIdleHistory: Unable to read app idle file for user 0
02-20 20:34:00.968  1661  1716 I InputReader: Reconfiguring input devices.  changes=0x00000004
02-20 20:34:00.968  1661  1716 I InputReader: Device reconfigured: id=0, name='qwerty2', size 1440x2960, orientation 0, mode 1, display id 0
02-20 20:34:00.969  1661  1661 I configuration_changed: 8
02-20 20:34:00.969  1661  1661 I ActivityManager: Config changes=8 {1.0 ?mcc?mnc [en_US] ldltr sw360dp w360dp h668dp 640dpi nrml long port ?uimode ?night finger -keyb/v/h -nav/h s.4}
02-20 20:34:00.970  1661  1661 I SystemServiceManager: Starting com.android.server.MountService$Lifecycle
02-20 20:34:00.990  1661  1661 I SystemServiceManager: Starting com.android.server.UiModeManagerService
02-20 20:34:00.990  1661  1718 D MountService: Thinking about init, mSystemReady=false, mDaemonConnected=true
02-20 20:34:00.990  1661  1718 D MountService: Thinking about reset, mSystemReady=false, mDaemonConnected=true
02-20 20:34:00.990  1661  1661 I configuration_changed: 512
02-20 20:34:00.990  1661  1661 I ActivityManager: Config changes=200 {1.0 ?mcc?mnc [en_US] ldltr sw360dp w360dp h668dp 640dpi nrml long port finger -keyb/v/h -nav/h s.5}
02-20 20:34:00.993  1661  1718 D MountService: Thinking about init, mSystemReady=false, mDaemonConnected=true
02-20 20:34:00.993  1661  1718 D MountService: Thinking about reset, mSystemReady=false, mDaemonConnected=true
02-20 20:34:00.993  1661  1718 D CryptdConnector: SND -> {1 cryptfs getfield SystemLocale}
02-20 20:34:01.001  1661  1661 I SystemServer: StartLockSettingsService
02-20 20:34:01.001  1661  1720 D CryptdConnector: RCV <- {200 1 -1}
02-20 20:34:01.001  1661  1661 I SystemServiceManager: Starting com.android.server.LockSettingsService$Lifecycle
02-20 20:34:01.009  1661  1661 I SystemServiceManager: Starting com.android.server.DeviceIdleController
02-20 20:34:01.011  1661  1661 E DeviceIdleController: Bad device idle settings
02-20 20:34:01.011  1661  1661 E DeviceIdleController: java.lang.IllegalArgumentException: 'null' in 'null' is not a valid key-value pair
02-20 20:34:01.011  1661  1661 E DeviceIdleController: 	at android.util.KeyValueListParser.setString(KeyValueListParser.java:57)
02-20 20:34:01.011  1661  1661 E DeviceIdleController: 	at com.android.server.DeviceIdleController$Constants.updateConstants(DeviceIdleController.java:788)
02-20 20:34:01.011  1661  1661 E DeviceIdleController: 	at com.android.server.DeviceIdleController$Constants.<init>(DeviceIdleController.java:777)
02-20 20:34:01.011  1661  1661 E DeviceIdleController: 	at com.android.server.DeviceIdleController.onStart(DeviceIdleController.java:1328)
02-20 20:34:01.011  1661  1661 E DeviceIdleController: 	at com.android.server.SystemServiceManager.startService(SystemServiceManager.java:112)
02-20 20:34:01.011  1661  1661 E DeviceIdleController: 	at com.android.server.SystemServer.startOtherServices(SystemServer.java:752)
02-20 20:34:01.011  1661  1661 E DeviceIdleController: 	at com.android.server.SystemServer.run(SystemServer.java:334)
02-20 20:34:01.011  1661  1661 E DeviceIdleController: 	at com.android.server.SystemServer.main(SystemServer.java:219)
02-20 20:34:01.011  1661  1661 E DeviceIdleController: 	at java.lang.reflect.Method.invoke(Native Method)
02-20 20:34:01.011  1661  1661 E DeviceIdleController: 	at com.android.internal.os.ZygoteInit$MethodAndArgsCaller.run(ZygoteInit.java:886)
02-20 20:34:01.011  1661  1661 E DeviceIdleController: 	at com.android.internal.os.ZygoteInit.main(ZygoteInit.java:776)
02-20 20:34:01.012  1661  1661 I SystemServiceManager: Starting com.android.server.devicepolicy.DevicePolicyManagerService$Lifecycle
02-20 20:34:01.018  1661  1661 I SystemServer: StartStatusBarManagerService
02-20 20:34:01.022  1661  1661 I SystemServer: StartClipboardService
02-20 20:34:01.022  1661  1718 W MountService: No primary storage mounted!
02-20 20:34:01.022  1661  1718 D VoldConnector: SND -> {1 asec list}
02-20 20:34:01.023  1661  1719 D VoldConnector: RCV <- {200 1 asec operation succeeded}
02-20 20:34:01.024  1661  1718 I PackageManager: No secure containers found
02-20 20:34:01.024  1661  1718 W PackageManager: Not granting permission android.permission.MANAGE_DOCUMENTS to package com.google.android.youtube (protectionLevel=2 flags=0x3c59be45)
02-20 20:34:01.024  1661  1718 W PackageManager: Not granting permission android.permission.READ_PHONE_STATE to package io.appium.settings because it was previously installed without
02-20 20:34:01.024  1661  1718 W PackageManager: Not granting permission android.permission.ACCESS_FINE_LOCATION to package io.appium.settings because it was previously installed without
02-20 20:34:01.024  1661  1718 W PackageManager: Not granting permission android.permission.ACCESS_COARSE_LOCATION to package io.appium.settings because it was previously installed without
02-20 20:34:01.024  1661  1718 W PackageManager: Not granting permission android.permission.ACCESS_MOCK_LOCATION to package io.appium.settings (protectionLevel=2 flags=0x3808be46)
02-20 20:34:01.024  1661  1718 W PackageManager: Unknown permission com.google.android.launcher.permission.CONTENT_REDIRECT in package com.google.android.googlequicksearchbox
02-20 20:34:01.024  1661  1718 W PackageManager: Unknown permission com.google.android.voicesearch.SHORTCUTS_ACCESS in package com.google.android.googlequicksearchbox
02-20 20:34:01.024  1661  1718 W PackageManager: Unknown permission com.google.android.voicesearch.ACCESS_SETTINGS in package com.google.android.googlequicksearchbox
02-20 20:34:01.024  1661  1718 W PackageManager: Unknown permission com.android.browser.permission.PRELOAD in package com.google.android.googlequicksearchbox
02-20 20:34:01.024  1661  1718 W PackageManager: Unknown permission com.google.android.ears.permission.WRITE in package com.google.android.googlequicksearchbox
02-20 20:34:01.024  1661  1718 W PackageManager: Unknown permission com.google.android.apps.googlevoice.permission.AUTO_SEND in package com.google.android.googlequicksearchbox
02-20 20:34:01.024  1661  1718 W PackageManager: Unknown permission com.android.chrome.PRERENDER_URL in package com.google.android.googlequicksearchbox
02-20 20:34:01.024  1661  1718 W PackageManager: Not granting permission com.google.android.googleapps.permission.GOOGLE_AUTH to package com.android.providers.calendar (protectionLevel=2 flags=0x30083e45)
02-20 20:34:01.024  1661  1718 W PackageManager: Not granting permission com.google.android.googleapps.permission.GOOGLE_AUTH.cl to package com.android.providers.calendar (protectionLevel=2 flags=0x30083e45)
02-20 20:34:01.024  1661  1718 W PackageManager: Unknown permission com.google.android.email.permission.ACCESS_PROVIDER in package com.google.android.gm
02-20 20:34:01.024  1661  1718 W PackageManager: Unknown permission com.google.android.gm.exchange.BIND in package com.google.android.gm
02-20 20:34:01.024  1661  1718 W PackageManager: Unknown permission com.android.email.partnerprovider.PARTNER_PROVIDER in package com.google.android.gm
02-20 20:34:01.024  1661  1718 W PackageManager: Unknown permission com.android.vending.TOS_ACKED in package com.google.android.setupwizard
02-20 20:34:01.024  1661  1718 W PackageManager: Unknown permission com.android.vending.setup.PLAY_SETUP_SERVICE in package com.google.android.setupwizard
02-20 20:34:01.024  1661  1718 W PackageManager: Unknown permission com.samsung.android.providers.context.permission.WRITE_USE_APP_FEATURE_SURVEY in package com.google.android.music
02-20 20:34:01.024  1661  1718 W PackageManager: Unknown permission com.android.vending.BILLING in package com.google.android.apps.docs
02-20 20:34:01.024  1661  1718 W PackageManager: Unknown permission android.permission.WRITE_SYNC_STATS in package com.google.android.apps.docs
02-20 20:34:01.024  1661  1718 W PackageManager: Not granting permission android.permission.INTERACT_ACROSS_USERS to package com.google.android.syncadapters.contacts (protectionLevel=50 flags=0x38083e45)
02-20 20:34:01.024  1661  1718 W PackageManager: Unknown permission com.google.android.syncadapters.contacts.permission.GAL_SEARCH in package com.google.android.syncadapters.contacts
02-20 20:34:01.024  1661  1718 W PackageManager: Unknown permission com.chrome.permission.DEVICE_EXTRAS in package com.android.chrome
02-20 20:34:01.024  1661  1718 W PackageManager: Unknown permission com.sec.enterprise.knox.MDM_CONTENT_PROVIDER in package com.android.chrome
02-20 20:34:01.024  1661  1718 W PackageManager: Unknown permission com.google.android.permission.INSTALL_WEARABLE_PACKAGES in package com.google.android.packageinstaller
02-20 20:34:01.024  1661  1718 W PackageManager: Unknown permission com.google.android.apps.enterprise.dmagent.permission.AutoSyncPermission in package com.google.android.gms
02-20 20:34:01.024  1661  1718 W PackageManager: Not granting permission android.permission.BIND_NOTIFICATION_LISTENER_SERVICE to package com.google.android.gms (protectionLevel=2 flags=0xb8c83e45)
02-20 20:34:01.024  1661  1718 W PackageManager: Unknown permission com.google.android.finsky.permission.INSTANT_APP_STATE in package com.google.android.gms
02-20 20:34:01.024  1661  1718 W PackageManager: Unknown permission com.google.android.finsky.permission.GEARHEAD_SERVICE in package com.google.android.gms
02-20 20:34:01.024  1661  1718 W PackageManager: Unknown permission com.google.android.permission.ACCESSIBILITY_SCAN_SERVICE in package com.google.android.gms
02-20 20:34:01.024  1661  1718 W PackageManager: Unknown permission android.permission.ACTIVITY_EMBEDDING in package com.google.android.gms
02-20 20:34:01.024  1661  1718 W PackageManager: Unknown permission android.permission.PROVIDE_RESOLVER_RANKER_SERVICE in package com.google.android.gms
02-20 20:34:01.024  1661  1718 W PackageManager: Unknown permission com.google.android.wearable.READ_SETTINGS in package com.google.android.gms
02-20 20:34:01.024  1661  1718 W PackageManager: Unknown permission android.permission.MANAGE_SUBSCRIPTION_PLANS in package com.google.android.gms
02-20 20:34:01.024  1661  1718 W PackageManager: Unknown permission com.android.vending.setup.PLAY_SETUP_SERVICE in package com.google.android.gms
02-20 20:34:01.024  1661  1718 W PackageManager: Unknown permission com.google.android.gms.game.notifications.permission.WRITE in package com.google.android.gms
02-20 20:34:01.024  1661  1718 W PackageManager: Unknown permission com.google.android.vending.verifier.ACCESS_VERIFIER in package com.google.android.gms
02-20 20:34:01.025  1661  1718 W PackageManager: Unknown permission com.android.launcher.permission.PRELOAD_WORKSPACE in package com.google.android.partnersetup
02-20 20:34:01.025  1661  1718 W PackageManager: Not granting permission com.google.android.googleapps.permission.GOOGLE_AUTH to package com.google.android.videos (protectionLevel=2 flags=0x385bbe45)
02-20 20:34:01.025  1661  1718 W PackageManager: Unknown permission com.android.launcher.permission.READ_SETTINGS in package com.google.android.apps.nexuslauncher
02-20 20:34:01.025  1661  1718 W PackageManager: Unknown permission android.permission.RUN_INSTRUMENTATION in package org.chromium.webview_shell
02-20 20:34:01.025  1661  1718 W PackageManager: Unknown permission com.google.android.gallery3d.permission.PICASA_STORE in package com.google.android.apps.photos
02-20 20:34:01.025  1661  1718 W PackageManager: Not granting permission android.permission.WRITE_MEDIA_STORAGE to package com.google.android.apps.photos (protectionLevel=18 flags=0x3858be45)
02-20 20:34:01.025  1661  1718 W PackageManager: Unknown permission com.google.android.gm.exchange.BIND in package com.google.android.calendar
02-20 20:34:01.025  1661  1718 W PackageManager: Not granting permission android.permission.CONTROL_KEYGUARD to package com.google.android.gsf.login (protectionLevel=2 flags=0x3048be45)
02-20 20:34:01.025  1661  1718 W PackageManager: Unknown permission com.android.vending.billing.BILLING_ACCOUNT_SERVICE in package com.google.android.gsf.login
02-20 20:34:01.025  1661  1718 W PackageManager: Unknown permission com.android.vending.billing.ADD_CREDIT_CARD in package com.google.android.gsf.login
02-20 20:34:01.025  1661  1718 W PackageManager: Unknown permission com.android.vending.billing.IBillingAccountService.BIND2 in package com.google.android.gsf.login
02-20 20:34:01.025  1661  1718 W PackageManager: Unknown permission com.android.vending.TOS_ACKED in package com.google.android.gsf.login
02-20 20:34:01.025  1661  1718 W PackageManager: Unknown permission com.android.launcher.permission.READ_SETTINGS in package com.android.settings
02-20 20:34:01.025  1661  1718 W PackageManager: Unknown permission com.android.launcher.permission.WRITE_SETTINGS in package com.android.settings
02-20 20:34:01.025  1661  1718 W PackageManager: Not granting permission android.permission.REGISTER_CONNECTION_MANAGER to package com.google.android.talk (protectionLevel=18 flags=0x3059be45)
02-20 20:34:01.025  1661  1718 W PackageManager: Unknown permission com.android.smspush.WAPPUSH_MANAGER_BIND in package com.android.phone
02-20 20:34:01.027  1661  1661 I SystemServer: StartNetworkManagementService
02-20 20:34:01.030  1661  1722 I NetworkManagement: onDaemonConnected()
02-20 20:34:01.033  1661  1661 I SystemServiceManager: Starting com.android.server.TextServicesManagerService$Lifecycle
02-20 20:34:01.057  1661  1661 I SystemServer: StartNetworkScoreService
02-20 20:34:01.058  1661  1661 I SystemServer: StartNetworkStatsService
02-20 20:34:01.065  1661  1661 I SystemServer: StartNetworkPolicyManagerService
02-20 20:34:01.069  1661  1661 I SystemServer: No Wi-Fi NAN Service (NAN support Not Present)
02-20 20:34:01.084  1661  1661 I SystemServiceManager: Starting com.android.server.wifi.p2p.WifiP2pService
02-20 20:34:01.098  1661  1661 I WifiP2pService: Registering wifip2p
02-20 20:34:01.099  1661  1661 I SystemServiceManager: Starting com.android.server.wifi.WifiService
02-20 20:34:01.112  1661  1718 W MountService: No primary storage defined yet; hacking together a stub
02-20 20:34:01.112  1661  1718 W MountService: No primary storage defined yet; hacking together a stub
02-20 20:34:01.112  1661  1718 W MountService: No primary storage mounted!
02-20 20:34:01.112  1661  1718 D VoldConnector: SND -> {2 asec list}
02-20 20:34:01.113  1661  1719 D VoldConnector: RCV <- {200 2 asec operation succeeded}
02-20 20:34:01.144  1661  1661 D HS20    : Passpoint is disabled
02-20 20:34:01.162  1371  1683 D CommandListener: Clearing all IP addresses on wlan0
02-20 20:34:01.363  1661  1661 E WifiLogger: no ring buffers found
02-20 20:34:01.363  1661  1729 D WifiApConfigStore: 2G band allowed channels are:1,6,11
02-20 20:34:01.363  1661  1661 E WifiLogger: Failed to start packet fate monitoring
02-20 20:34:01.365  1661  1661 D WifiController: isAirplaneModeOn = false, isWifiEnabled = true, isScanningAvailable = false
02-20 20:34:01.366  1661  1661 I WifiService: Registering wifi
02-20 20:34:01.367  1661  1661 I SystemServiceManager: Starting com.android.server.wifi.scanner.WifiScanningService
02-20 20:34:01.368  1661  1661 I WifiScanningService: Creating wifiscanner
02-20 20:34:01.369  1661  1661 I WifiScanningService: Publishing wifiscanner
02-20 20:34:01.370  1661  1661 I SystemServiceManager: Starting com.android.server.wifi.RttService
02-20 20:34:01.370  1661  1661 I RttService: Creating rttmanager
02-20 20:34:01.371  1661  1661 I RttService: Starting rttmanager
02-20 20:34:01.371  1661  1661 I SystemServer: StartConnectivityService
02-20 20:34:01.373  1661  1661 D ConnectivityService: ConnectivityService starting up
02-20 20:34:01.375  1661  1661 D ConnectivityService: wifiOnly=false
02-20 20:34:01.380  1661  1661 I SystemServer: StartNsdService
02-20 20:34:01.384  1661  1661 I SystemServer: StartUpdateLockService
02-20 20:34:01.384  1661  1661 I SystemServiceManager: Starting com.android.server.RecoverySystemService
02-20 20:34:01.385  1661  1661 I SystemServiceManager: Starting com.android.server.notification.NotificationManagerService
02-20 20:34:01.397  1661  1661 D ConditionProviders.SCP: new ScheduleConditionProvider()
02-20 20:34:01.400  1661  1661 D ZenLog  : config: readXml,ZenModeConfig[user=0,allowCalls=true,allowRepeatCallers=false,allowMessages=false,allowCallsFrom=contacts,allowMessagesFrom=contacts,allowReminders=true,allowEvents=true,allowWhenScreenOff=true,allowWhenScreenOn=true,automaticRules={9f9ced8d68674a989f37868f95d93ac7=ZenRule[enabled=false,snoozing=false,name=Weekend,zenMode=ZEN_MODE_ALARMS,conditionId=condition://android/schedule?days=6.7&start=23.30&end=10.0&exitAtAlarm=false,condition=Condition[id=condition://android/schedule?days=6.7&start=23.30&end=10.0&exitAtAlarm=false,summary=...,line1=...,line2=...,icon=0,state=STATE_FALSE,flags=2],component=ComponentInfo{android/com.android.server.notification.ScheduleConditionProvider},id=9f9ced8d68674a989f37868f95d93ac7,creationTime=1519154245406,enabler=null], 98612bb55a4646f5ba486d308ab94423=ZenRule[enabled=false,snoozing=false,name=Event,zenMode=ZEN_MODE_ALARMS,conditionId=condition://android/event?userId=-10000&calendar=&reply=1,condition=Condition[id=condition://android/event?userId=-10000&calendar=&reply=1,summary=...,line1=...,line2=...,icon=0,state=STATE_FALSE,flags=2],component=ComponentInfo{android/com.android.server.notification.EventConditionProvider},id=98612bb55a4646f5ba486d308ab94423,creationTime=1519154245406,enabler=null], 6f641ae47b9a4c289d295be5997fac22=ZenRule[enabled=false,snoozing=false,name=Weeknight,zenMode=ZEN_MODE_ALARMS,conditionId=condition://android/schedule?days=1.2.3.4.5&start=22.0&end=7.0&exitAtAlarm=false,condition=Condition[id=condition://android/schedule?days=1.2.3.4.5&start=22.0&end=7.0&exitAtAlarm=false,summary=...,line1=...,line2=...,icon=0,state=STATE_FALSE,flags=2],component=ComponentInfo{android/com.android.server.notification.ScheduleConditionProvider},id=6f641ae47b9a4c289d295be5997fac22,creationTime=1519154245406,enabler=null]},manualRule=null],Diff[automaticRule[9f9ced8d68674a989f37868f95d93ac7]:insert,automaticRule[91c7e4992b9b4eaab6162a8df5e28486]:delete,automaticRule[98612bb55a4646f5ba486d308ab94423]:insert,automaticRule[6f641ae47b9a4c289d295be5997fac22]:insert,automaticRule[97c42c258b7742aca898d7a7355faa63]:delete,automaticRule[ccd2c7b540cc4289aeaf54a60d65d31d]:delete]
02-20 20:34:01.403  1661  1661 D ZenLog  : set_zen_mode: off,init
02-20 20:34:01.407  1661  1661 I SystemServiceManager: Starting com.android.server.storage.DeviceStorageMonitorService
02-20 20:34:01.407  1661  1661 I free_storage_left: [844345344,168488960,844345344]
02-20 20:34:01.407  1661  1661 I free_storage_changed: 844345344
02-20 20:34:01.407  1661  1661 I SystemServer: StartLocationManagerService
02-20 20:34:01.410  1661  1661 I SystemServer: StartCountryDetectorService
02-20 20:34:01.411  1661  1661 I SystemServer: StartSearchManagerService
02-20 20:34:01.411  1661  1661 I SystemServiceManager: Starting com.android.server.search.SearchManagerService$Lifecycle
02-20 20:34:01.413  1661  1661 I SystemServiceManager: Starting com.android.server.DropBoxManagerService
02-20 20:34:01.413  1661  1661 I SystemServer: StartWallpaperManagerService
02-20 20:34:01.413  1661  1661 I SystemServiceManager: Starting com.android.server.wallpaper.WallpaperManagerService$Lifecycle
02-20 20:34:01.414  1661  1661 E BitmapFactory: Unable to decode stream: java.io.FileNotFoundException: /data/system/users/0/wallpaper_orig (No such file or directory)
02-20 20:34:01.414  1661  1661 E WallpaperManagerService: Invalid wallpaper data
02-20 20:34:01.414  1661  1661 E WallpaperManagerService: Unable to apply new wallpaper
02-20 20:34:01.416  1661  1661 I SystemServer: StartAudioService
02-20 20:34:01.416  1661  1661 I SystemServiceManager: Starting com.android.server.audio.AudioService$Lifecycle
02-20 20:34:01.429  1362  1397 D PermissionCache: checking android.permission.MODIFY_AUDIO_SETTINGS for uid=1000 => granted (220 us)
02-20 20:34:01.430  1661  1661 W TelecomManager: Telecom Service not found.
02-20 20:34:01.432  1362  1392 W AudioFlinger: no wake lock to update, system not ready yet
02-20 20:34:01.436  1661  1661 I SystemServiceManager: Starting com.android.server.DockObserver
02-20 20:34:01.436  1661  1661 W DockObserver: This kernel does not have dock station support
02-20 20:34:01.437  1661  1661 I SystemServer: StartWiredAccessoryManager
02-20 20:34:01.437  1661  1661 W WiredAccessoryManager: This kernel does not have usb audio support
02-20 20:34:01.437  1661  1661 W WiredAccessoryManager: This kernel does not have HDMI audio support
02-20 20:34:01.437  1661  1661 I SystemServiceManager: Starting com.android.server.midi.MidiService$Lifecycle
02-20 20:34:01.440  1661  1661 I SystemServiceManager: Starting com.android.server.usb.UsbService$Lifecycle
02-20 20:34:01.444  1661  1661 I SystemServer: StartSerialService
02-20 20:34:01.445  1661  1661 E HardwarePropertiesManagerService-JNI: Couldn't load thermal module (No such file or directory)
02-20 20:34:01.445  1661  1661 I SystemServiceManager: Starting com.android.server.twilight.TwilightService
02-20 20:34:01.445  1661  1661 I SystemServiceManager: Starting com.android.server.job.JobSchedulerService
02-20 20:34:01.447  1661  1661 D JobStore: Start tag: job-info
02-20 20:34:01.449  1661  1661 I SystemServiceManager: Starting com.android.server.soundtrigger.SoundTriggerService
02-20 20:34:01.450  1661  1661 I SystemServiceManager: Starting com.android.server.backup.BackupManagerService$Lifecycle
02-20 20:34:01.451  1661  1661 I SystemServiceManager: Starting com.android.server.appwidget.AppWidgetService
02-20 20:34:01.455  1661  1661 I SystemServiceManager: Starting com.android.server.voiceinteraction.VoiceInteractionManagerService
02-20 20:34:01.456  1661  1661 I SystemServer: Gesture Launcher Service
02-20 20:34:01.456  1661  1661 I SystemServiceManager: Starting com.android.server.GestureLauncherService
02-20 20:34:01.456  1661  1661 I SystemServiceManager: Starting com.android.server.SensorNotificationService
02-20 20:34:01.456  1661  1661 I SystemServiceManager: Starting com.android.server.ContextHubSystemService
02-20 20:34:01.457  1661  1661 E ContextHubService: ** Could not load context_hub module : err No such file or directory
02-20 20:34:01.457  1661  1661 W ContextHubService: No Context Hub Module present
02-20 20:34:01.457  1661  1661 I SystemServer: StartDiskStatsService
02-20 20:34:01.458  1661  1661 I SystemServer: StartSamplingProfilerService
02-20 20:34:01.460  1661  1661 I SystemServer: StartNetworkTimeUpdateService
02-20 20:34:01.461  1661  1661 I SystemServer: StartCommonTimeManagementService
02-20 20:34:01.461  1661  1661 I SystemServer: CertBlacklister
02-20 20:34:01.462  1661  1661 I SystemServiceManager: Starting com.android.server.emergency.EmergencyAffordanceService
02-20 20:34:01.462  1661  1661 I SystemServiceManager: Starting com.android.server.dreams.DreamManagerService
02-20 20:34:01.462  1661  1661 I SystemServer: StartAssetAtlasService
02-20 20:34:01.464  1661  1661 I SystemServiceManager: Starting com.android.server.print.PrintManagerService
02-20 20:34:01.465  1661  1744 D AssetAtlas: Loaded configuration: SliceMinArea (1280x1536) flags=0x2 count=91
02-20 20:34:01.472  1661  1661 I SystemServiceManager: Starting com.android.server.restrictions.RestrictionsManagerService
02-20 20:34:01.473  1661  1661 I SystemServiceManager: Starting com.android.server.media.MediaSessionService
02-20 20:34:01.476  1661  1661 I SystemServer: StartMediaRouterService
02-20 20:34:01.477  1661  1661 I SystemServiceManager: Starting com.android.server.trust.TrustManagerService
02-20 20:34:01.478  1661  1661 I SystemServiceManager: Starting com.android.server.fingerprint.FingerprintService
02-20 20:34:01.482  1661  1744 D         : HostConnection::get() New Host Connection established 0x7d7a1b6ebe60, tid 1744
02-20 20:34:01.483  1374  1374 D PermissionCache: checking android.permission.MANAGE_FINGERPRINT for uid=1000 => granted (414 us)
02-20 20:34:01.483  1374  1374 V fingerprintd: nativeOpenHal()
02-20 20:34:01.484  1374  1374 D FingerprintHal: ----------------> fingerprint_open ----------------->
02-20 20:34:01.484  1374  1374 E fingerprintd: Wrong fp version. Expected 512, got 513
02-20 20:34:01.484  1374  1374 D FingerprintHal: ----------------> set_notify_callback ----------------->
02-20 20:34:01.484  1374  1374 D FingerprintHal: fingerprint callback notification set
02-20 20:34:01.484  1374  1374 V fingerprintd: fingerprint HAL successfully initialized
02-20 20:34:01.484  1374  1745 D FingerprintHal: ----------------> listenerFunction ----------------->
02-20 20:34:01.485  1374  1374 V fingerprintd: setActiveGroup(0, /data/system/users/0/fpdata, 27)
02-20 20:34:01.485  1374  1374 D FingerprintHal: ----------------> fingerprint_set_active_group -----------------> path /data/system/users/0/fpdata
02-20 20:34:01.485  1374  1374 D FingerprintHal: ----------------> loadFingerprints ----------------->
02-20 20:34:01.485  1374  1374 E FingerprintHal: Could not load fingerprints from storage at /data/system/users/0/fpdata/emufp.bin; it has not yet been created.
02-20 20:34:01.485  1374  1374 D FingerprintHal: ----------------> loadAuthenticatorId ----------------->
02-20 20:34:01.485  1374  1374 D FingerprintHal: Read authenticator id (0x6b8b4567327b23c6)
02-20 20:34:01.485  1374  1374 D FingerprintHal: ----------------> fingerprint_get_auth_id ----------------->
02-20 20:34:01.485  1374  1374 D FingerprintHal: ----------------> fingerprint_get_auth_id auth id 6b8b4567327b23c6----------------->
02-20 20:34:01.485  1661  1661 V FingerprintService: Fingerprint HAL id: 129213846044672
02-20 20:34:01.485  1661  1661 I SystemServer: StartBackgroundDexOptService
02-20 20:34:01.486  1661  1661 I SystemServiceManager: Starting com.android.server.pm.ShortcutService$Lifecycle
02-20 20:34:01.487  1661  1661 I SystemServiceManager: Starting com.android.server.pm.LauncherAppsService
02-20 20:34:01.495  1661  1661 I SystemServiceManager: Starting com.android.server.media.projection.MediaProjectionManagerService
02-20 20:34:01.498  1661  1661 V MediaRouter: Adding route: RouteInfo{ name=Phone, description=null, status=null, category=RouteCategory{ name=null types=ROUTE_TYPE_LIVE_AUDIO ROUTE_TYPE_LIVE_VIDEO  groupable=false }, supportedTypes=ROUTE_TYPE_LIVE_AUDIO ROUTE_TYPE_LIVE_VIDEO , presentationDisplay=null }
02-20 20:34:01.499  1661  1661 V MediaRouter: Updating audio routes: AudioRoutesInfo{ type=SPEAKER }
02-20 20:34:01.499  1661  1661 V MediaRouter: Selecting route: RouteInfo{ name=Phone, description=null, status=null, category=RouteCategory{ name=null types=ROUTE_TYPE_LIVE_AUDIO ROUTE_TYPE_LIVE_VIDEO  groupable=false }, supportedTypes=ROUTE_TYPE_LIVE_AUDIO ROUTE_TYPE_LIVE_VIDEO , presentationDisplay=null }
02-20 20:34:01.500  1661  1661 I WindowManager: SAFE MODE not enabled
02-20 20:34:01.500  1661  1661 I SystemServiceManager: Starting com.android.server.MmsServiceBroker
02-20 20:34:01.501  1661  1661 W VibratorService: Tried to stop vibrating but there is no vibrator device.
02-20 20:34:01.531  1661  1661 E LockSettingsStorage: Cannot read file java.io.FileNotFoundException: /data/system/gatekeeper.password.key: open failed: ENOENT (No such file or directory)
02-20 20:34:01.531  1661  1661 E LockSettingsStorage: Cannot read file java.io.FileNotFoundException: /data/system/password.key: open failed: ENOENT (No such file or directory)
02-20 20:34:01.531  1661  1661 E LockSettingsStorage: Cannot read file java.io.FileNotFoundException: /data/system/gatekeeper.pattern.key: open failed: ENOENT (No such file or directory)
02-20 20:34:01.531  1661  1661 E LockSettingsStorage: Cannot read file java.io.FileNotFoundException: /data/system/gatekeeper.gesture.key: open failed: ENOENT (No such file or directory)
02-20 20:34:01.531  1661  1661 E LockSettingsStorage: Cannot read file java.io.FileNotFoundException: /data/system/gesture.key: open failed: ENOENT (No such file or directory)
02-20 20:34:01.531  1661  1661 I SystemServiceManager: Starting phase 480
02-20 20:34:01.538  1661  1661 I DevicePolicyManagerService: Set ro.device_owner property to false
02-20 20:34:01.555  1661  1661 I SystemServiceManager: Starting phase 500
02-20 20:34:01.557  1661  1661 D ConnectivityMetricsLoggerService: onBootPhase: PHASE_SYSTEM_SERVICES_READY
02-20 20:34:01.582  1661  1661 I WifiService: WifiService starting up with Wi-Fi enabled
02-20 20:34:01.583  1661  1661 D WifiService: setWifiEnabled: true pid=1661, uid=1000
02-20 20:34:01.583  1661  1661 I WifiScanningService: Starting wifiscanner
02-20 20:34:01.583  1661  1728 D WifiController: WifiController msg { when=0 what=155656 target=com.android.internal.util.StateMachine$SmHandler } deferred for 500ms
02-20 20:34:01.584  1661  1661 I RttService: Registering rttmanager
02-20 20:34:01.599  1661  1661 D ZenLog  : config: cleanUpZenRules,ZenModeConfig[user=0,allowCalls=true,allowRepeatCallers=false,allowMessages=false,allowCallsFrom=contacts,allowMessagesFrom=contacts,allowReminders=true,allowEvents=true,allowWhenScreenOff=true,allowWhenScreenOn=true,automaticRules={9f9ced8d68674a989f37868f95d93ac7=ZenRule[enabled=false,snoozing=false,name=Weekend,zenMode=ZEN_MODE_ALARMS,conditionId=condition://android/schedule?days=6.7&start=23.30&end=10.0&exitAtAlarm=false,condition=Condition[id=condition://android/schedule?days=6.7&start=23.30&end=10.0&exitAtAlarm=false,summary=...,line1=...,line2=...,icon=0,state=STATE_FALSE,flags=2],component=ComponentInfo{android/com.android.server.notification.ScheduleConditionProvider},id=9f9ced8d68674a989f37868f95d93ac7,creationTime=1519154245406,enabler=null], 98612bb55a4646f5ba486d308ab94423=ZenRule[enabled=false,snoozing=false,name=Event,zenMode=ZEN_MODE_ALARMS,conditionId=condition://android/event?userId=-10000&calendar=&reply=1,condition=Condition[id=condition://android/event?userId=-10000&calendar=&reply=1,summary=...,line1=...,line2=...,icon=0,state=STATE_FALSE,flags=2],component=ComponentInfo{android/com.android.server.notification.EventConditionProvider},id=98612bb55a4646f5ba486d308ab94423,creationTime=1519154245406,enabler=null], 6f641ae47b9a4c289d295be5997fac22=ZenRule[enabled=false,snoozing=false,name=Weeknight,zenMode=ZEN_MODE_ALARMS,conditionId=condition://android/schedule?days=1.2.3.4.5&start=22.0&end=7.0&exitAtAlarm=false,condition=Condition[id=condition://android/schedule?days=1.2.3.4.5&start=22.0&end=7.0&exitAtAlarm=false,summary=...,line1=...,line2=...,icon=0,state=STATE_FALSE,flags=2],component=ComponentInfo{android/com.android.server.notification.ScheduleConditionProvider},id=6f641ae47b9a4c289d295be5997fac22,creationTime=1519154245406,enabler=null]},manualRule=null],Diff[]
02-20 20:34:01.599  1661  1661 D ZenLog  : set_zen_mode: off,onSystemReady
02-20 20:34:01.610  1362  1742 D PermissionCache: checking android.permission.CAPTURE_AUDIO_HOTWORD for uid=1000 => granted (152 us)
02-20 20:34:01.610  1661  1661 W SoundTriggerHelper: listModules status=0, # of modules=0
02-20 20:34:01.610  1661  1661 D ContextHubSystemService: onBootPhase: PHASE_SYSTEM_SERVICES_READY
02-20 20:34:01.636  1661  1744 D EGL_emulation: eglCreateContext: 0x7d7a0f7a42a0: maj 3 min 0 rcv 3
02-20 20:34:01.662  1661  1661 V UserManagerService: Found /data/user_de/0 with serial number 0
02-20 20:34:01.663  1661  1661 V UserManagerService: Found /data/user/0 with serial number 0
02-20 20:34:01.663  1661  1661 V UserManagerService: Found /data/system_de/0 with serial number 0
02-20 20:34:01.663  1661  1661 V UserManagerService: Found /data/system_ce/0 with serial number 0
02-20 20:34:01.665  1661  1661 I ActivityManager: System now ready
02-20 20:34:01.665  1661  1661 I boot_progress_ams_ready: 8665
02-20 20:34:01.668  1312  1323 D gralloc_ranchu: gralloc_alloc: Creating ashmem region of size 17051648
02-20 20:34:01.675  1661  1661 I SystemServer: Making services ready
02-20 20:34:01.675  1661  1661 I SystemServiceManager: Starting phase 550
02-20 20:34:01.676  1661  1696 W KeyguardServiceDelegate: onScreenTurningOn(): no keyguard service!
02-20 20:34:01.695  1661  1661 E InputMethodManagerService: Ignoring updateSystemUiLocked due to an invalid token. uid:1000 token:null
02-20 20:34:01.711  1661  1688 D         : HostConnection::get() New Host Connection established 0x7d7a1fe1c440, tid 1688
02-20 20:34:01.719  1661  1661 I Zygote  : Process: zygote socket opened, supported ABIS: x86_64
02-20 20:34:01.720  1360  1665 I art     : Starting a blocking GC HeapTrim
02-20 20:34:01.727  1661  1661 I am_proc_start: [0,1752,10053,com.android.inputmethod.latin,service,com.android.inputmethod.latin/.LatinIME]
02-20 20:34:01.727  1661  1661 I ActivityManager: Start proc 1752:com.android.inputmethod.latin/u0a53 for service com.android.inputmethod.latin/.LatinIME
02-20 20:34:01.727  1661  1661 V InputMethodManagerService: Adding window token: android.os.Binder@c263744
02-20 20:34:01.727  1661  1718 D MountService: Thinking about init, mSystemReady=true, mDaemonConnected=true
02-20 20:34:01.727  1661  1718 D MountService: Setting up emulation state, initlocked=false
02-20 20:34:01.727  1661  1718 D CryptdConnector: SND -> {2 cryptfs unlock_user_key 0 0 ! !}
02-20 20:34:01.728  1661  1661 E BitmapFactory: Unable to decode stream: java.io.FileNotFoundException: /data/system/users/0/wallpaper_orig (No such file or directory)
02-20 20:34:01.728  1661  1661 E WallpaperManagerService: Invalid wallpaper data
02-20 20:34:01.728  1267  1304 D vold    : e4crypt_unlock_user_key 0 serial=0 token_present=0
02-20 20:34:01.728  1661  1661 E WallpaperManagerService: Unable to apply new wallpaper
02-20 20:34:01.728  1661  1720 D CryptdConnector: RCV <- {200 2 Command succeeded}
02-20 20:34:01.728  1661  1718 D MountService: Thinking about reset, mSystemReady=true, mDaemonConnected=true
02-20 20:34:01.728  1661  1718 D VoldConnector: SND -> {3 volume reset}
02-20 20:34:01.728  1661  1687 I ActivityManager: Force stopping com.android.providers.media appid=10011 user=-1: vold reset
02-20 20:34:01.729  1267  1303 D vold    : Recognized experimental block major ID 253 as virtio-blk (emulator's virtual SD card device)
02-20 20:34:01.729  1267  1303 V vold    : /system/bin/sgdisk
02-20 20:34:01.729  1267  1303 V vold    :     --android-dump
02-20 20:34:01.729  1267  1303 V vold    :     /dev/block/vold/disk:253,64
02-20 20:34:01.729  1661  1719 D VoldConnector: RCV <- {651 emulated 7}
02-20 20:34:01.729  1661  1719 D VoldConnector: RCV <- {659 emulated}
02-20 20:34:01.729  1661  1719 D VoldConnector: RCV <- {650 emulated 2 "" ""}
02-20 20:34:01.729  1661  1719 D VoldConnector: RCV <- {651 emulated 0}
02-20 20:34:01.729  1661  1719 D VoldConnector: RCV <- {651 public:253,64 7}
02-20 20:34:01.729  1661  1719 D VoldConnector: RCV <- {659 public:253,64}
02-20 20:34:01.729  1661  1719 D VoldConnector: RCV <- {649 disk:253,64}
02-20 20:34:01.729  1661  1719 D VoldConnector: RCV <- {640 disk:253,64 5}
02-20 20:34:01.729  1661  1719 D VoldConnector: RCV <- {641 disk:253,64 536870912}
02-20 20:34:01.730  1661  1719 D VoldConnector: RCV <- {642 disk:253,64 Virtual}
02-20 20:34:01.730  1661  1719 D VoldConnector: RCV <- {644 disk:253,64 /sys//devices/pci0000:00/0000:00:07.0/virtio4/block/vde}
02-20 20:34:01.731  1661  1692 V MountService: Found primary storage at VolumeInfo{emulated}:
02-20 20:34:01.731  1661  1692 V MountService:     type=EMULATED diskId=null partGuid=null mountFlags=0 mountUserId=-1 
02-20 20:34:01.731  1661  1692 V MountService:     state=UNMOUNTED 
02-20 20:34:01.731  1661  1692 V MountService:     fsType=null fsUuid=null fsLabel=null 
02-20 20:34:01.731  1661  1692 V MountService:     path=null internalPath=null 
02-20 20:34:01.738  1661  1744 D EGL_emulation: eglMakeCurrent: 0x7d7a0f7a42a0: ver 3 0 (tinfo 0x7d7a1b64a700)
02-20 20:34:01.742  1752  1752 W art     : Unexpected CPU variant for X86 using defaults: x86_64
02-20 20:34:01.743  1661  1661 I am_proc_start: [0,1758,10028,com.android.systemui,service,com.android.systemui/.ImageWallpaper]
02-20 20:34:01.743  1661  1661 I ActivityManager: Start proc 1758:com.android.systemui/u0a28 for service com.android.systemui/.ImageWallpaper
02-20 20:34:01.744  1661  1740 E BluetoothAdapter: Bluetooth binder is null
02-20 20:34:01.744  1661  1661 D UsbAlsaManager: Adding ALSA device AlsaDevice: [card: 0, device: 0, type: 1]
02-20 20:34:01.744  1661  1661 D UsbAlsaManager: Adding ALSA device AlsaDevice: [card: 0, device: 0, type: 2]
02-20 20:34:01.744  1661  1740 E BluetoothAdapter: Bluetooth binder is null
02-20 20:34:01.745  1661  1661 I SystemServer: WebViewFactory preparation
02-20 20:34:01.746  1362  1362 I AudioFlinger: systemReady
02-20 20:34:01.749  1661  1661 D WebViewFactory: Setting new address space to 137955392
02-20 20:34:01.751  1758  1758 W art     : Unexpected CPU variant for X86 using defaults: x86_64
02-20 20:34:01.765  1661  1661 I Zygote  : Process: zygote socket opened, supported ABIS: x86
02-20 20:34:01.766  1361  1539 I art     : Starting a blocking GC HeapTrim
02-20 20:34:01.780  1267  1303 V vold    : DISK mbr
02-20 20:34:01.780  1267  1303 V vold    : 
02-20 20:34:01.781  1267  1303 W vold    : disk:253,64 has unknown partition table; trying entire device
02-20 20:34:01.781  1267  1303 V vold    : /system/bin/blkid
02-20 20:34:01.781  1267  1303 V vold    :     -c
02-20 20:34:01.781  1267  1303 V vold    :     /dev/null
02-20 20:34:01.781  1267  1303 V vold    :     -s
02-20 20:34:01.781  1267  1303 V vold    :     TYPE
02-20 20:34:01.781  1267  1303 V vold    :     -s
02-20 20:34:01.781  1267  1303 V vold    :     UUID
02-20 20:34:01.781  1267  1303 V vold    :     -s
02-20 20:34:01.781  1267  1303 V vold    :     LABEL
02-20 20:34:01.781  1267  1303 V vold    :     /dev/block/vold/disk:253,64
02-20 20:34:01.789  1361  1361 I art     : Starting a blocking GC Background
02-20 20:34:01.798  1661  1744 D AssetAtlas: Rendered atlas in 301.65ms (127.61+174.03ms)
02-20 20:34:01.806  1312  1357 D         : HostConnection::get() New Host Connection established 0x7f55576e33c0, tid 1357
02-20 20:34:01.847  1267  1303 V vold    : /dev/block/vold/disk:253,64: LABEL="SDCARD" UUID="1E12-0B12" TYPE="vfat" 
02-20 20:34:01.847  1267  1303 V vold    : 
02-20 20:34:01.848  1661  1719 D VoldConnector: RCV <- {650 public:253,64 0 "disk:253,64" ""}
02-20 20:34:01.848  1661  1719 D VoldConnector: RCV <- {651 public:253,64 0}
02-20 20:34:01.848  1661  1719 D VoldConnector: RCV <- {643 disk:253,64}
02-20 20:34:01.848  1661  1719 D VoldConnector: RCV <- {200 3 Command succeeded}
02-20 20:34:01.849  1661  1718 D VoldConnector: SND -> {4 volume user_added 0 0}
02-20 20:34:01.849  1661  1719 D VoldConnector: RCV <- {200 4 Command succeeded}
02-20 20:34:01.859  1661  1770 E WVMExtractor: Failed to open libwvm.so: dlopen failed: library "libwvm.so" not found
02-20 20:34:01.862  1661  1661 W ActivityManager: Slow operation: 97ms so far, now at startProcess: returned from zygote!
02-20 20:34:01.862  1661  1661 W ActivityManager: Slow operation: 97ms so far, now at startProcess: done updating battery stats
02-20 20:34:01.862  1661  1661 I am_proc_start: [0,1785,1037,WebViewLoader-x86,,]
02-20 20:34:01.862  1661  1661 W ActivityManager: Slow operation: 97ms so far, now at startProcess: building log message
02-20 20:34:01.862  1661  1661 I ActivityManager: Start proc 1785:WebViewLoader-x86/1037 [android.webkit.WebViewFactory$RelroFileCreator] for 
