02-20 20:34:01.862  1661  1661 W ActivityManager: Slow operation: 97ms so far, now at startProcess: starting to update pids map
02-20 20:34:01.862  1661  1661 W ActivityManager: Slow operation: 97ms so far, now at startProcess: done updating pids map
02-20 20:34:01.862  1661  1661 W ActivityManager: Slow operation: 98ms so far, now at startProcess: done starting proc!
02-20 20:34:01.875  1661  1661 I am_proc_start: [0,1790,1037,WebViewLoader-x86_64,,]
02-20 20:34:01.875  1661  1661 I ActivityManager: Start proc 1790:WebViewLoader-x86_64/1037 [android.webkit.WebViewFactory$RelroFileCreator] for 
02-20 20:34:01.875  1661  1661 D NetworkManagement: enabling bandwidth control
02-20 20:34:01.876  1661  1684 I am_proc_bound: [0,1758,com.android.systemui]
02-20 20:34:01.876  1661  1718 D VoldConnector: SND -> {5 volume mount emulated 3 -1}
02-20 20:34:01.877  1267  1303 V vold    : Waiting for FUSE to spin up...
02-20 20:34:01.877  1661  1719 D VoldConnector: RCV <- {651 emulated 1}
02-20 20:34:01.877  1661  1719 D VoldConnector: RCV <- {656 emulated /data/media}
02-20 20:34:01.877  1661  1719 D VoldConnector: RCV <- {655 emulated /storage/emulated}
02-20 20:34:01.881  1661  1685 I am_proc_bound: [0,1752,com.android.inputmethod.latin]
02-20 20:34:01.887  1370  1370 I MediaPlayerService: MediaPlayerService::getOMX
02-20 20:34:01.887  1370  1370 I OMXClient: MuxOMX ctor
02-20 20:34:01.890  1370  1370 I MediaPlayerService: MediaPlayerService::getOMX
02-20 20:34:01.890  1370  1370 I OMXClient: MuxOMX ctor
02-20 20:34:01.891  1367  1367 I OMXMaster: makeComponentInstance(OMX.google.mp3.decoder) in mediacodec process
02-20 20:34:01.901  1790  1790 W art     : Unexpected CPU variant for X86 using defaults: x86_64
02-20 20:34:01.918  1758  1758 W System  : ClassLoader referenced unknown path: /system/priv-app/SystemUIGoogle/lib/x86_64
02-20 20:34:01.927  1790  1790 V WebViewFactory: RelroFileCreator (64bit = true),  32-bit lib: /system/app/Chrome/Chrome.apk!/lib/x86/libmonochrome.so, 64-bit lib: /system/app/Chrome/Chrome.apk!/lib/x86_64/libmonochrome.so
02-20 20:34:01.927  1267  1303 V vold    : Waiting for FUSE to spin up...
02-20 20:34:01.942  1785  1785 W art     : Unexpected CPU variant for X86 using defaults: x86
02-20 20:34:01.943  1797  1797 W sdcard  : Device explicitly disabled sdcardfs
02-20 20:34:01.970     0     0 D SELinux : initialized (dev fuse, type fuse), uses genfs_contexts
02-20 20:34:01.978     0     0 D SELinux : initialized (dev fuse, type fuse), uses genfs_contexts
02-20 20:34:01.981     0     0 D SELinux : initialized (dev fuse, type fuse), uses genfs_contexts
02-20 20:34:01.977  1267  1303 V vold    : Waiting for FUSE to spin up...
02-20 20:34:01.978  1785  1785 V WebViewFactory: RelroFileCreator (64bit = false),  32-bit lib: /system/app/Chrome/Chrome.apk!/lib/x86/libmonochrome.so, 64-bit lib: /system/app/Chrome/Chrome.apk!/lib/x86_64/libmonochrome.so
02-20 20:34:01.978  1370  1370 I MediaPlayerService: MediaPlayerService::getOMX
02-20 20:34:01.978  1370  1370 I OMXClient: MuxOMX ctor
02-20 20:34:01.978  1367  1379 I OMXMaster: makeComponentInstance(OMX.google.amrnb.decoder) in mediacodec process
02-20 20:34:01.984  1370  1370 I MediaPlayerService: MediaPlayerService::getOMX
02-20 20:34:01.984  1370  1370 I OMXClient: MuxOMX ctor
02-20 20:34:01.984  1367  1367 I OMXMaster: makeComponentInstance(OMX.google.amrwb.decoder) in mediacodec process
02-20 20:34:02.000  1370  1370 I MediaPlayerService: MediaPlayerService::getOMX
02-20 20:34:02.000  1370  1370 I OMXClient: MuxOMX ctor
02-20 20:34:02.000  1367  1367 I OMXMaster: makeComponentInstance(OMX.google.aac.decoder) in mediacodec process
02-20 20:34:02.007  1370  1370 I MediaPlayerService: MediaPlayerService::getOMX
02-20 20:34:02.008  1370  1370 I OMXClient: MuxOMX ctor
02-20 20:34:02.008  1367  1379 I OMXMaster: makeComponentInstance(OMX.google.g711.alaw.decoder) in mediacodec process
02-20 20:34:02.040  1661  1719 D VoldConnector: RCV <- {651 emulated 2}
02-20 20:34:02.047  1661  1719 D VoldConnector: RCV <- {200 5 Command succeeded}
02-20 20:34:02.047  1661  1718 D VoldConnector: SND -> {6 volume mount public:253,64 2 0}
02-20 20:34:02.048  1661  1719 D VoldConnector: RCV <- {651 public:253,64 1}
02-20 20:34:02.048  1267  1303 V vold    : /system/bin/blkid
02-20 20:34:02.048  1267  1303 V vold    :     -c
02-20 20:34:02.048  1267  1303 V vold    :     /dev/null
02-20 20:34:02.048  1267  1303 V vold    :     -s
02-20 20:34:02.048  1267  1303 V vold    :     TYPE
02-20 20:34:02.048  1267  1303 V vold    :     -s
02-20 20:34:02.048  1267  1303 V vold    :     UUID
02-20 20:34:02.048  1267  1303 V vold    :     -s
02-20 20:34:02.048  1267  1303 V vold    :     LABEL
02-20 20:34:02.048  1267  1303 V vold    :     /dev/block/vold/public:253,64
02-20 20:34:02.091  1661  1728 D WifiController: DEFERRED_TOGGLE handled
02-20 20:34:02.094  1494  1494 E ipv6proxy: Failed to forward Router Advertisement from eth0 to wlan1: Network is unreachable
02-20 20:34:02.104  1372  1509 D AT      : AT< +CGREG: 1,1
02-20 20:34:02.104  1372  1509 D AT      : AT< +CTEC: 1+CREG: 2,1, "0003", "005b"
02-20 20:34:02.104  1372  1509 D RIL     : Response: +CTEC: 1+CREG: 2,1, "0003", "005b"
02-20 20:34:02.104  1372  1509 D RIL     : line remaining after int: 1, "0003", "005b"
02-20 20:34:02.104  1372  1509 D RIL     : setRadioTechnology(1)
02-20 20:34:02.104  1372  1509 D RIL     : Tech change (0 => 1)
02-20 20:34:02.104  1372  1509 D AT      : AT< +CGREG: 1,1
02-20 20:34:02.104     0     0 W healthd : battery l=100 v=0 t=0.0 h=2 st=2 chg=a
02-20 20:34:02.142  1267  1303 V vold    : /dev/block/vold/public:253,64: LABEL="SDCARD" UUID="1E12-0B12" TYPE="vfat" 
02-20 20:34:02.142  1267  1303 V vold    : 
02-20 20:34:02.143  1267  1303 V vold    : /system/bin/fsck_msdos
02-20 20:34:02.143  1267  1303 V vold    :     -p
02-20 20:34:02.143  1267  1303 V vold    :     -f
02-20 20:34:02.143  1267  1303 V vold    :     /dev/block/vold/public:253,64
02-20 20:34:02.143  1661  1719 D VoldConnector: RCV <- {652 public:253,64 vfat}
02-20 20:34:02.144  1661  1719 D VoldConnector: RCV <- {653 public:253,64 1E12-0B12}
02-20 20:34:02.144  1661  1719 D VoldConnector: RCV <- {654 public:253,64 SDCARD}
02-20 20:34:02.184  1370  1370 I MediaPlayerService: MediaPlayerService::getOMX
02-20 20:34:02.184  1370  1370 I OMXClient: MuxOMX ctor
02-20 20:34:02.196  1367  1816 I OMXMaster: makeComponentInstance(OMX.google.g711.mlaw.decoder) in mediacodec process
02-20 20:34:02.235  1661  1661 W NetworkManagement: setDataSaverMode(): already false
02-20 20:34:02.235  1267  1303 I fsck_msdos: ** /dev/block/vold/public:253,64
02-20 20:34:02.236  1371  1683 D SoftapController: Softap fwReload - Ok
02-20 20:34:02.236  1267  1303 I fsck_msdos: ** Phase 1 - Read and Compare FATs
02-20 20:34:02.236  1267  1303 I fsck_msdos: Attempting to allocate 1022 KB for FAT
02-20 20:34:02.247  1752  1752 I LatinIME: Hardware accelerated drawing: true
02-20 20:34:02.251  1371  1683 D CommandListener: Setting iface cfg
02-20 20:34:02.251  1371  1683 D CommandListener: Trying to bring down wlan0
02-20 20:34:02.253  1371  1683 D CommandListener: Clearing all IP addresses on wlan0
02-20 20:34:02.258  1661  1729 E WifiMonitor: killSupplicant p2pfalse init.svc.wpa_supplicant=unknown init.svc.p2p_supplicant=unknown
02-20 20:34:02.269  1790  1790 I art     : System.exit called, status: 0
02-20 20:34:02.269  1790  1790 I AndroidRuntime: VM exiting with result code 0, cleanup skipped.
02-20 20:34:02.282  1661  1729 E wifi    : Can not initialize the vendor function pointer table
02-20 20:34:02.282  1661  1729 E WifiNative-HAL: Could not start hal
02-20 20:34:02.282  1661  1729 E WifiStateMachine: Failed to start HAL
02-20 20:34:02.283  1785  1785 I art     : System.exit called, status: 0
02-20 20:34:02.283  1785  1785 I AndroidRuntime: VM exiting with result code 0, cleanup skipped.
02-20 20:34:02.285  1504  1504 I hostapd : wlan1: interface state COUNTRY_UPDATE->HT_SCAN
02-20 20:34:02.287  1370  1370 I MediaPlayerService: MediaPlayerService::getOMX
02-20 20:34:02.287  1370  1370 I OMXClient: MuxOMX ctor
02-20 20:34:02.287  1367  1367 I OMXMaster: makeComponentInstance(OMX.google.vorbis.decoder) in mediacodec process
02-20 20:34:02.285     0     0 D ieee80211 phy1: mac80211_hwsim_config (freq=0 idle=1 ps=0 smps=auto)
02-20 20:34:02.285     0     0 D ieee80211 phy1: hwsim hw_scan request
02-20 20:34:02.285     0     0 D ieee80211 phy1: hw scan 2412 MHz
02-20 20:34:02.287     0     0 I init    : Starting service 'wpa_supplicant'...
02-20 20:34:02.288  1661  1729 D WifiMonitor: startMonitoring(wlan0) with mConnected = false
02-20 20:34:02.288  1661  1729 E WifiHW  : Unable to open connection to supplicant on "@android:wpa_wlan0": No such file or directory
02-20 20:34:02.290  1758  1758 V SystemUIService: Starting SystemUI services for user 0.
02-20 20:34:02.343  1267  1303 I fsck_msdos: Attempting to allocate 1022 KB for FAT
02-20 20:34:02.347  1758  1758 V MediaRouter: Adding route: RouteInfo{ name=Phone, description=null, status=null, category=RouteCategory{ name=null types=ROUTE_TYPE_LIVE_AUDIO ROUTE_TYPE_LIVE_VIDEO  groupable=false }, supportedTypes=ROUTE_TYPE_LIVE_AUDIO ROUTE_TYPE_LIVE_VIDEO , presentationDisplay=null }
02-20 20:34:02.363  1758  1758 V MediaRouter: Updating audio routes: AudioRoutesInfo{ type=SPEAKER }
02-20 20:34:02.364  1758  1758 V MediaRouter: Selecting route: RouteInfo{ name=Phone, description=null, status=null, category=RouteCategory{ name=null types=ROUTE_TYPE_LIVE_AUDIO ROUTE_TYPE_LIVE_VIDEO  groupable=false }, supportedTypes=ROUTE_TYPE_LIVE_AUDIO ROUTE_TYPE_LIVE_VIDEO , presentationDisplay=null }
02-20 20:34:02.366  1370  1370 I MediaPlayerService: MediaPlayerService::getOMX
02-20 20:34:02.366  1370  1370 I OMXClient: MuxOMX ctor
02-20 20:34:02.366  1367  1367 I OMXMaster: makeComponentInstance(OMX.google.opus.decoder) in mediacodec process
02-20 20:34:02.382  1752  1752 W InputAttributes: No editor info for this field. Bug?
02-20 20:34:02.382  1661  1685 D TelephonyRegistry: listen oscl: hasNotifySubscriptionInfoChangedOccurred==false no callback
02-20 20:34:02.390  1859  1859 I wpa_supplicant: Successfully initialized wpa_supplicant
02-20 20:34:02.392  1859  1859 I wpa_supplicant: rfkill: Cannot open RFKILL control device
02-20 20:34:02.393  1859  1859 I wpa_supplicant: nl80211: Could not re-add multicast membership for vendor events: -2 (No such file or directory)
02-20 20:34:02.392     0     0 D ieee80211 phy0: mac80211_hwsim_start
02-20 20:34:02.392     0     0 D ieee80211 phy0: mac80211_hwsim_add_interface (type=2 mac_addr=02:00:00:44:55:66)
02-20 20:34:02.392     0     0 D ieee80211 phy0: mac80211_hwsim_bss_info_changed(changed=0xe)
02-20 20:34:02.392     0     0 D ieee80211 phy0: ERP_CTS_PROT: 0
02-20 20:34:02.392     0     0 D ieee80211 phy0: ERP_PREAMBLE: 0
02-20 20:34:02.392     0     0 D ieee80211 phy0: ERP_SLOT: 0
02-20 20:34:02.392     0     0 D ieee80211 phy0: mac80211_hwsim_conf_tx (queue=0 txop=0 cw_min=15 cw_max=1023 aifs=2)
02-20 20:34:02.392     0     0 D ieee80211 phy0: mac80211_hwsim_conf_tx (queue=1 txop=0 cw_min=15 cw_max=1023 aifs=2)
02-20 20:34:02.392     0     0 D ieee80211 phy0: mac80211_hwsim_conf_tx (queue=2 txop=0 cw_min=15 cw_max=1023 aifs=2)
02-20 20:34:02.392     0     0 D ieee80211 phy0: mac80211_hwsim_conf_tx (queue=3 txop=0 cw_min=15 cw_max=1023 aifs=2)
02-20 20:34:02.392     0     0 D ieee80211 phy0: mac80211_hwsim_bss_info_changed(changed=0x2000)
02-20 20:34:02.392     0     0 D ieee80211 phy0: mac80211_hwsim_config (freq=0 idle=0 ps=0 smps=auto)
02-20 20:34:02.392     0     0 D ieee80211 phy0: mac80211_hwsim_configure_filter
02-20 20:34:02.393     0     0 I IPv6    : ADDRCONF(NETDEV_UP): wlan0: link is not ready
02-20 20:34:02.393     0     0 D ieee80211 phy0: mac80211_hwsim_configure_filter
02-20 20:34:02.415  1267  1303 I fsck_msdos: ** Phase 2 - Check Cluster Chains
02-20 20:34:02.423  1370  1370 I MediaPlayerService: MediaPlayerService::getOMX
02-20 20:34:02.423  1370  1370 I OMXClient: MuxOMX ctor
02-20 20:34:02.423  1367  1367 I OMXMaster: makeComponentInstance(OMX.google.raw.decoder) in mediacodec process
02-20 20:34:02.423  1267  1303 I fsck_msdos: ** Phase 3 - Checking Directories
02-20 20:34:02.424  1267  1303 I fsck_msdos: ** Phase 4 - Checking for Lost Files
02-20 20:34:02.400     0     0 D ieee80211 phy1: hw scan 2417 MHz
02-20 20:34:02.424  1267  1303 I fsck_msdos: 27 files, 522176 free (261088 clusters)
02-20 20:34:02.425  1752  1866 I LatinIME:LogUtils: Dictionary info: dictionary = userunigram.en_US ; version = 1519158842 ; date = ?
02-20 20:34:02.426  1752  1866 E ActivityThread: Failed to find provider info for user_dictionary
02-20 20:34:02.427  1752  1866 I LatinIME:LogUtils: Dictionary info: dictionary = UserHistoryDictionary.en_US ; version = 1519158842 ; date = ?
02-20 20:34:02.439  1267  1303 I Vold    : Filesystem check completed OK
02-20 20:34:02.439  1661  1719 D VoldConnector: RCV <- {656 public:253,64 /mnt/media_rw/1E12-0B12}
02-20 20:34:02.439  1661  1719 D VoldConnector: RCV <- {655 public:253,64 /storage/1E12-0B12}
02-20 20:34:02.442  1370  1370 I MediaPlayerService: MediaPlayerService::getOMX
02-20 20:34:02.442  1370  1370 I OMXClient: MuxOMX ctor
02-20 20:34:02.442  1367  1816 I OMXMaster: makeComponentInstance(OMX.google.aac.encoder) in mediacodec process
02-20 20:34:02.441     0     0 W FAT-fs (vde): Volume was not properly unmounted. Some data may be corrupt. Please run fsck.
02-20 20:34:02.447     0     0 D SELinux : initialized (dev vde, type vfat), uses genfs_contexts
02-20 20:34:02.449  1267  1303 V vold    : Waiting for FUSE to spin up...
02-20 20:34:02.450  1661  1661 D NetworkPolicy: setRestrictBackgroundUL(): false
02-20 20:34:02.451  1661  1661 W NetworkManagement: setDataSaverMode(): already false
02-20 20:34:02.451  1370  1370 I MediaPlayerService: MediaPlayerService::getOMX
02-20 20:34:02.452  1370  1370 I OMXClient: MuxOMX ctor
02-20 20:34:02.452  1367  1379 I OMXMaster: makeComponentInstance(OMX.google.amrnb.encoder) in mediacodec process
02-20 20:34:02.455  1874  1874 W sdcard  : Device explicitly disabled sdcardfs
02-20 20:34:02.456  1370  1370 I MediaPlayerService: MediaPlayerService::getOMX
02-20 20:34:02.456  1370  1370 I OMXClient: MuxOMX ctor
02-20 20:34:02.456  1367  1367 I OMXMaster: makeComponentInstance(OMX.google.amrwb.encoder) in mediacodec process
02-20 20:34:02.456     0     0 D SELinux : initialized (dev fuse, type fuse), uses genfs_contexts
02-20 20:34:02.456     0     0 D SELinux : initialized (dev fuse, type fuse), uses genfs_contexts
02-20 20:34:02.456     0     0 D SELinux : initialized (dev fuse, type fuse), uses genfs_contexts
02-20 20:34:02.462  1370  1370 I MediaPlayerService: MediaPlayerService::getOMX
02-20 20:34:02.462  1370  1370 I OMXClient: MuxOMX ctor
02-20 20:34:02.462  1367  1816 I OMXMaster: makeComponentInstance(OMX.google.flac.encoder) in mediacodec process
02-20 20:34:02.481  1370  1370 I MediaPlayerService: MediaPlayerService::getOMX
02-20 20:34:02.482  1370  1370 I OMXClient: MuxOMX ctor
02-20 20:34:02.482  1859  1859 E wpa_supplicant: global ctrl interface @android:wpa_wlan0 matches ctrl interface wlan0 - do not open per-interface ctrl interface
02-20 20:34:02.482  1367  1816 I OMXMaster: makeComponentInstance(OMX.google.gsm.decoder) in mediacodec process
02-20 20:34:02.503  1661  1719 D VoldConnector: RCV <- {651 public:253,64 2}
02-20 20:34:02.503  1661  1719 D VoldConnector: RCV <- {200 6 Command succeeded}
02-20 20:34:02.511  1752  1866 I LatinIME:LogUtils: Dictionary info: dictionary = main:en ; version = 54 ; date = 1414726273
02-20 20:34:02.517  1758  1892 E WVMExtractor: Failed to open libwvm.so: dlopen failed: library "libwvm.so" not found
02-20 20:34:02.526  1370  1370 I MediaPlayerService: MediaPlayerService::getOMX
02-20 20:34:02.526  1370  1370 I OMXClient: MuxOMX ctor
02-20 20:34:02.526  1367  1379 I OMXMaster: makeComponentInstance(OMX.google.mpeg4.decoder) in mediacodec process
02-20 20:34:02.524     0     0 D ieee80211 phy1: hw scan 2422 MHz
02-20 20:34:02.544  1661  1661 I SystemServiceManager: Starting phase 600
02-20 20:34:02.554  1661  1723 I netstats_mobile_sample: [0,0,0,0,0,0,0,0,0,0,0,0,-1]
02-20 20:34:02.554  1661  1723 I netstats_wifi_sample: [0,0,0,0,0,0,0,0,0,0,0,0,-1]
02-20 20:34:02.559  1661  1661 D SensorNotificationService: Cannot obtain dynamic meta sensor, not supported.
02-20 20:34:02.561  1661  1661 D TelephonyRegistry: listen oscl: hasNotifySubscriptionInfoChangedOccurred==false no callback
02-20 20:34:02.572  1661  1661 I GnssLocationProvider: WakeLock acquired by sendMessage(13, 0, null)
02-20 20:34:02.573  1661  1661 W LocationProviderProxy-network: Odd, no component found for service com.android.location.service.v3.NetworkLocationProvider
02-20 20:34:02.578  1661  1661 W GeocoderProxy: Odd, no component found for service com.android.location.service.GeocodeProvider
02-20 20:34:02.579  1661  1661 E FlpHardwareProvider: Error hw_get_module 'flp': -2
02-20 20:34:02.579  1661  1661 D LocationManagerService: FLP HAL not supported
02-20 20:34:02.580  1661  1661 W GeofenceProxy: Odd, no component found for service com.android.location.service.GeofenceProvider
02-20 20:34:02.580  1661  1661 E ActivityRecognitionHardware: Error hw_get_module: -2
02-20 20:34:02.580  1661  1661 D LocationManagerService: Hardware Activity-Recognition not supported.
02-20 20:34:02.581  1661  1661 W ActivityRecognitionProxy: Odd, no component found for service com.android.location.service.ActivityRecognitionProvider
02-20 20:34:02.581  1367  1816 E OMXNodeInstance: getExtensionIndex(557000f:google.mpeg4.decoder, OMX.google.android.index.configureVideoTunnelMode) ERROR: UnsupportedIndex(0x8000101a)
02-20 20:34:02.581  1367  1367 W OMXNodeInstance: [557000f:google.mpeg4.decoder] component does not support metadata mode; using fallback
02-20 20:34:02.581  1661  1661 I GnssLocationProvider: WakeLock acquired by sendMessage(2, 1, null)
02-20 20:34:02.582  1370  1370 I MediaPlayerService: MediaPlayerService::getOMX
02-20 20:34:02.582  1370  1370 I OMXClient: MuxOMX ctor
02-20 20:34:02.582  1367  1379 I OMXMaster: makeComponentInstance(OMX.google.h263.decoder) in mediacodec process
02-20 20:34:02.583  1661  1686 W GnssLocationProvider: Could not open GPS configuration file /etc/gps.conf
02-20 20:34:02.583  1661  1686 E GnssLocationProvider: no AGPS interface in set_agps_server
02-20 20:34:02.594  1661  1661 I CommonTimeManagementService: No common time service detected on this platform.  Common time services will be unavailable.
02-20 20:34:02.595  1661  1716 I InputReader: Reconfiguring input devices.  changes=0x00000020
02-20 20:34:02.595  1661  1661 D TelephonyRegistry: systemRunning register for intents
02-20 20:34:02.595  1661  1661 I MmsServiceBroker: Delay connecting to MmsService until an API is called
02-20 20:34:02.596  1661  1716 I InputReader: Reconfiguring input devices.  changes=0x00000010
02-20 20:34:02.618  1661  1661 I am_proc_start: [0,1907,1001,com.android.phone,added application,com.android.phone]
02-20 20:34:02.618  1661  1661 I ActivityManager: Start proc 1907:com.android.phone/1001 for added application com.android.phone
02-20 20:34:02.619  1661  1661 I ActivityManager: START u0 {act=android.intent.action.MAIN cat=[android.intent.category.HOME] flg=0x10000100 cmp=com.android.settings/.FallbackHome} from uid 0 on display 0
02-20 20:34:02.620  1661  1661 W System  : ClassLoader referenced unknown path: 
02-20 20:34:02.620  1661  1661 W System  : ClassLoader referenced unknown path: /system/priv-app/Settings/lib/x86_64
02-20 20:34:02.621  1367  1367 E OMXNodeInstance: getExtensionIndex(5570010:google.h263.decoder, OMX.google.android.index.configureVideoTunnelMode) ERROR: UnsupportedIndex(0x8000101a)
02-20 20:34:02.621  1367  1816 W OMXNodeInstance: [5570010:google.h263.decoder] component does not support metadata mode; using fallback
02-20 20:34:02.621  1661  1661 D ApplicationLoaders: ignored Vulkan layer search path /system/priv-app/Settings/lib/x86_64:/system/priv-app/Settings/Settings.apk!/lib/x86_64:/system/lib64:/vendor/lib64 for namespace 0x7d7a2c222160
02-20 20:34:02.621  1370  1370 I MediaPlayerService: MediaPlayerService::getOMX
02-20 20:34:02.621  1370  1370 I OMXClient: MuxOMX ctor
02-20 20:34:02.621  1367  1379 I OMXMaster: makeComponentInstance(OMX.google.h264.decoder) in mediacodec process
02-20 20:34:02.623  1661  1661 I ActivityManager: Loaded persisted task ids for user 0
02-20 20:34:02.625  1907  1907 W art     : Unexpected CPU variant for X86 using defaults: x86_64
02-20 20:34:02.626  1661  1686 D TelephonyRegistry: listen oscl: hasNotifySubscriptionInfoChangedOccurred==false no callback
02-20 20:34:02.630  1661  1661 I am_create_task: [0,1]
02-20 20:34:02.631  1661  1661 I am_create_activity: [0,233084254,1,com.android.settings/.FallbackHome,android.intent.action.MAIN,NULL,NULL,276824320]
02-20 20:34:02.631  1661  1661 I wm_task_created: [1,0]
02-20 20:34:02.631  1661  1661 I wm_task_moved: [1,1,0]
02-20 20:34:02.631  1661  1661 I wm_task_moved: [1,1,0]
02-20 20:34:02.631  1661  1661 I am_focused_activity: [0,com.android.settings/.FallbackHome,startedActivity]
02-20 20:34:02.636  1661  1661 I am_proc_start: [0,1923,1000,com.android.settings,activity,com.android.settings/.FallbackHome]
02-20 20:34:02.636  1661  1661 I ActivityManager: Start proc 1923:com.android.settings/1000 for activity com.android.settings/.FallbackHome
02-20 20:34:02.638  1661  1661 I SystemServer: Enabled StrictMode for system server main thread.
02-20 20:34:02.638  1661  1798 I am_proc_bound: [0,1907,com.android.phone]
02-20 20:34:02.642  1661  1661 D ConditionProviders.SCP: onConnected
02-20 20:34:02.642  1661  1661 D ZenLog  : set_zen_mode: off,readXml
02-20 20:34:02.647  1661  1661 D ConditionProviders: Subscribing to condition://android/schedule?days=6.7&start=23.30&end=10.0&exitAtAlarm=false with ComponentInfo{android/com.android.server.notification.ScheduleConditionProvider}
02-20 20:34:02.647  1661  1661 D ZenLog  : subscribe: condition://android/schedule?days=6.7&start=23.30&end=10.0&exitAtAlarm=false,ok
02-20 20:34:02.647  1661  1661 D ConditionProviders: Subscribing to condition://android/event?userId=-10000&calendar=&reply=1 with ComponentInfo{android/com.android.server.notification.EventConditionProvider}
02-20 20:34:02.647  1661  1661 D ZenLog  : subscribe: condition://android/event?userId=-10000&calendar=&reply=1,ok
02-20 20:34:02.647  1661  1661 D ConditionProviders: Subscribing to condition://android/schedule?days=1.2.3.4.5&start=22.0&end=7.0&exitAtAlarm=false with ComponentInfo{android/com.android.server.notification.ScheduleConditionProvider}
02-20 20:34:02.647  1661  1661 D ZenLog  : subscribe: condition://android/schedule?days=1.2.3.4.5&start=22.0&end=7.0&exitAtAlarm=false,ok
02-20 20:34:02.641     0     0 D ieee80211 phy1: hw scan 2427 MHz
02-20 20:34:02.651  1907  1907 W System  : ClassLoader referenced unknown path: /system/priv-app/TeleService/lib/x86_64
02-20 20:34:02.653  1923  1923 W art     : Unexpected CPU variant for X86 using defaults: x86_64
02-20 20:34:02.669  1370  1370 W ACodec  : [OMX.google.h264.decoder] stopping checking profiles after 32: 2/8000
02-20 20:34:02.669  1367  1367 E OMXNodeInstance: getExtensionIndex(5570011:google.h264.decoder, OMX.google.android.index.configureVideoTunnelMode) ERROR: UnsupportedIndex(0x8000101a)
02-20 20:34:02.669  1367  1379 W OMXNodeInstance: [5570011:google.h264.decoder] component does not support metadata mode; using fallback
02-20 20:34:02.670  1370  1370 I MediaPlayerService: MediaPlayerService::getOMX
02-20 20:34:02.670  1370  1370 I OMXClient: MuxOMX ctor
02-20 20:34:02.670  1367  1379 I OMXMaster: makeComponentInstance(OMX.google.hevc.decoder) in mediacodec process
02-20 20:34:02.675  1661  1701 I am_proc_bound: [0,1923,com.android.settings]
02-20 20:34:02.676  1661  1701 I am_restart_activity: [0,233084254,1,com.android.settings/.FallbackHome]
02-20 20:34:02.679  1661  1688 W WindowManager: Keyguard drawn timeout. Setting mKeyguardDrawComplete
02-20 20:34:02.698  1661  1686 I GnssLocationProvider: WakeLock released by handleMessage(13, 0, null)
02-20 20:34:02.699  1661  1686 E GnssLocationProvider: no AGPS interface in set_agps_server
02-20 20:34:02.699  1661  1686 I GnssLocationProvider: WakeLock released by handleMessage(2, 1, null)
02-20 20:34:02.702  1923  1923 W System  : ClassLoader referenced unknown path: /system/priv-app/Settings/lib/x86_64
02-20 20:34:02.705  1661  1661 D RttService: SCAN_AVAILABLE : 1
02-20 20:34:02.705  1661  1661 D ZenLog  : set_zen_mode: off,cleanUpZenRules
02-20 20:34:02.705  1661  1731 I WifiScanningService: wifi driver unloaded
02-20 20:34:02.705  1661  1732 D RttService: DefaultState got{ when=0 what=160513 target=com.android.internal.util.StateMachine$SmHandler }
02-20 20:34:02.718  1661  1686 W LocationProviderProxy-network: Odd, no component found for service com.android.location.service.v3.NetworkLocationProvider
02-20 20:34:02.719  1661  1686 W GeocoderProxy: Odd, no component found for service com.android.location.service.GeocodeProvider
02-20 20:34:02.719  1661  1686 W GeofenceProxy: Odd, no component found for service com.android.location.service.GeofenceProvider
02-20 20:34:02.719  1661  1686 W ActivityRecognitionProxy: Odd, no component found for service com.android.location.service.ActivityRecognitionProvider
02-20 20:34:02.721  1661  1661 W System  : ClassLoader referenced unknown path: /system/priv-app/Telecom/lib/x86_64
02-20 20:34:02.721  1661  1661 D ApplicationLoaders: ignored Vulkan layer search path /system/priv-app/Telecom/lib/x86_64:/system/priv-app/Telecom/Telecom.apk!/lib/x86_64:/system/lib64:/vendor/lib64 for namespace 0x7d7a2c2221d0
02-20 20:34:02.730  1907  1907 W System  : ClassLoader referenced unknown path: /system/priv-app/TelephonyProvider/lib/x86_64
02-20 20:34:02.732  1907  1907 D ApplicationLoaders: ignored Vulkan layer search path /system/priv-app/TelephonyProvider/lib/x86_64:/system/lib64:/vendor/lib64 for namespace 0x7d7a2c1b70f0
02-20 20:34:02.747  1367  1367 E OMXNodeInstance: getExtensionIndex(5570012:google.hevc.decoder, OMX.google.android.index.configureVideoTunnelMode) ERROR: UnsupportedIndex(0x8000101a)
02-20 20:34:02.748  1367  1816 W OMXNodeInstance: [5570012:google.hevc.decoder] component does not support metadata mode; using fallback
02-20 20:34:02.748  1370  1370 I MediaPlayerService: MediaPlayerService::getOMX
02-20 20:34:02.749  1370  1370 I OMXClient: MuxOMX ctor
02-20 20:34:02.749  1367  1379 I OMXMaster: makeComponentInstance(OMX.google.vp8.decoder) in mediacodec process
02-20 20:34:02.760     0     0 D ieee80211 phy1: hw scan 2432 MHz
02-20 20:34:02.785  1367  1367 E OMXNodeInstance: getExtensionIndex(5570013:google.vp8.decoder, OMX.google.android.index.configureVideoTunnelMode) ERROR: UnsupportedIndex(0x8000101a)
02-20 20:34:02.785  1367  1816 W OMXNodeInstance: [5570013:google.vp8.decoder] component does not support metadata mode; using fallback
02-20 20:34:02.787  1370  1370 I MediaPlayerService: MediaPlayerService::getOMX
02-20 20:34:02.787  1370  1370 I OMXClient: MuxOMX ctor
02-20 20:34:02.787  1367  1379 I OMXMaster: makeComponentInstance(OMX.google.vp9.decoder) in mediacodec process
02-20 20:34:02.827  1367  1816 E OMXNodeInstance: getExtensionIndex(5570014:google.vp9.decoder, OMX.google.android.index.configureVideoTunnelMode) ERROR: UnsupportedIndex(0x8000101a)
02-20 20:34:02.827  1367  1367 W OMXNodeInstance: [5570014:google.vp9.decoder] component does not support metadata mode; using fallback
02-20 20:34:02.827  1661  1661 E BluetoothAdapter: Bluetooth binder is null
02-20 20:34:02.827  1370  1370 I MediaPlayerService: MediaPlayerService::getOMX
02-20 20:34:02.828  1370  1370 I OMXClient: MuxOMX ctor
02-20 20:34:02.828  1367  1379 I OMXMaster: makeComponentInstance(OMX.google.h263.encoder) in mediacodec process
02-20 20:34:02.848  1661  1661 I Telecom : SystemStateProvider: Registering car mode receiver: android.content.IntentFilter@da924ca: TS.init@AAA
02-20 20:34:02.862  1907  1907 D TelephonyProvider: dbh.onOpen: ok, queried table=siminfo
02-20 20:34:02.862  1907  1907 D TelephonyProvider: dbh.onOpen: ok, queried table=carriers
02-20 20:34:02.868  1758  1758 I vol.Events: writeEvent collection_started
02-20 20:34:02.870  1923  1923 I am_on_resume_called: [0,com.android.settings.FallbackHome,LAUNCH_ACTIVITY]
02-20 20:34:02.872  1661  1956 I Telecom : Telecom: Non-call EVENT: AUDIO_ROUTE, Entering state QuiescentEarpieceRoute
02-20 20:34:02.873  1312  1323 E SurfaceFlinger: ro.sf.lcd_density must be defined as a build property
02-20 20:34:02.876  1661  1959 I Telecom : CallAudioModeStateMachine: Message received: null.: TS.init->CAMSM.pM_1@AAA_0
02-20 20:34:02.880     0     0 D ieee80211 phy1: hw scan 2437 MHz
02-20 20:34:02.891  1923  1923 D         : HostConnection::get() New Host Connection established 0x7d7a1d5fcd60, tid 1923
02-20 20:34:02.892  1758  1958 I sysui_action: [213,2]
02-20 20:34:02.892  1758  1958 I vol.Events: writeEvent external_ringer_mode_changed normal
02-20 20:34:02.892  1758  1958 I vol.Events: writeEvent internal_ringer_mode_changed normal
02-20 20:34:02.896  1661  1661 E BluetoothAdapter: Bluetooth binder is null
02-20 20:34:02.915  1367  1379 I SoftMPEG4Encoder: Construct SoftMPEG4Encoder
02-20 20:34:02.915  1370  1370 W ACodec  : do not know color format 0x7f000789 = 2130708361
02-20 20:34:02.915  1367  1367 E OMXNodeInstance: getConfig(5570015:google.h263.encoder, ConfigAndroidIntraRefresh(0x6f60000a)) ERROR: Undefined(0x80001001)
02-20 20:34:02.916  1370  1370 I MediaPlayerService: MediaPlayerService::getOMX
02-20 20:34:02.916  1370  1370 I OMXClient: MuxOMX ctor
02-20 20:34:02.916  1367  1379 I OMXMaster: makeComponentInstance(OMX.google.h264.encoder) in mediacodec process
02-20 20:34:02.918  1661  1962 E ActivityThread: Failed to find provider info for call_log
02-20 20:34:02.923  1661  1661 I Telecom : Class: TelecomSystem.INSTANCE being set
02-20 20:34:02.923  1661  1661 E BluetoothAdapter: Bluetooth binder is null
02-20 20:34:02.925  1661  1661 W ContextImpl: Calling a method in the system process without a qualified user: android.app.ContextImpl.startService:1357 com.android.server.content.SyncManager$13.run:658 android.os.Handler.handleCallback:751 android.os.Handler.dispatchMessage:95 android.os.Looper.loop:154 
02-20 20:34:02.935  1907  1907 D TDC     : updateOrInsert: inserting: Modem { uuid=modem, state=0, rilModel=0, rat={}, maxActiveVoiceCall=1, maxActiveDataCall=1, maxStandby=1 }
02-20 20:34:02.935  1907  1907 D TDC     : updateOrInsert: inserting: Sim { uuid=sim, modemUuid=modem, state=0 }
02-20 20:34:02.938  1661  1661 W System  : ClassLoader referenced unknown path: /system/priv-app/FusedLocation/lib/x86_64
02-20 20:34:02.938  1661  1661 D ApplicationLoaders: ignored Vulkan layer search path /system/priv-app/FusedLocation/lib/x86_64:/system/priv-app/FusedLocation/FusedLocation.apk!/lib/x86_64:/system/lib64:/vendor/lib64 for namespace 0x7d7a2c222240
02-20 20:34:02.948  1661  1661 D GpsNetInitiatedHandler: location enabled :true
02-20 20:34:02.948  1661  1661 V WiredAccessoryManager: notifyWiredAccessoryChanged: when=0 bits= mask=54
02-20 20:34:02.948  1661  1661 V WiredAccessoryManager: newName=h2w newState=0 headsetState=0 prev headsetState=0
02-20 20:34:02.948  1661  1661 E WiredAccessoryManager: No state change.
02-20 20:34:02.948  1661  1661 V WiredAccessoryManager: init()
02-20 20:34:02.960  1907  1907 D CdmaSSM : subscriptionSource from settings: 0
02-20 20:34:02.960  1907  1907 I PhoneFactory: Cdma Subscription set to 0
02-20 20:34:02.961  1923  1960 D         : HostConnection::get() New Host Connection established 0x7d7a1fe1d660, tid 1960
02-20 20:34:02.962  1923  1960 I OpenGLRenderer: Initialized EGL, version 1.4
02-20 20:34:02.962  1923  1960 D OpenGLRenderer: Swap behavior 1
02-20 20:34:02.982  1907  1907 I PhoneFactory: Network Mode set to 0
02-20 20:34:02.986  1907  1907 D RILJ    : RIL(context, preferredNetworkType=0 cdmaSubscription=0)
02-20 20:34:02.987  1907  1907 D RILJ    : Starting RILReceiver0 [SUB0]
02-20 20:34:02.989  1923  1960 D EGL_emulation: eglCreateContext: 0x7d7a1fe35820: maj 3 min 0 rcv 3
02-20 20:34:02.993  1907  1907 D RILJ    : [3648]> GET_HARDWARE_CONFIG [SUB0]
02-20 20:34:02.994  1907  1907 D RilRequest: [3648]< GET_HARDWARE_CONFIG error: com.android.internal.telephony.CommandException: RADIO_NOT_AVAILABLE ret=
02-20 20:34:02.994  1907  1907 I PhoneFactory: Creating SubscriptionController
02-20 20:34:03.001     0     0 D ieee80211 phy1: hw scan 2442 MHz
02-20 20:34:02.995  1907  1907 D SubscriptionController: [SubscriptionController] init by Context
02-20 20:34:02.996  1372  1507 I RILC    : libril: new connection to RIL_SOCKET_1
02-20 20:34:02.996  1372  1507 I RILC    : RIL Daemon version: android reference-ril 1.0
02-20 20:34:02.996  1370  1370 W ACodec  : do not know color format 0x7f000789 = 2130708361
02-20 20:34:02.997  1907  1977 I RILJ    : (0) Connected to 'rild' socket
02-20 20:34:02.997  1907  1977 D RILJ    : [UNSL]< UNSOL_RIL_CONNECTED {12} [SUB0]
02-20 20:34:02.997  1907  1977 D RILJ    : [3649]> RADIO_POWER off [SUB0]
02-20 20:34:03.000  1370  1370 I MediaPlayerService: MediaPlayerService::getOMX
02-20 20:34:03.000  1370  1370 I OMXClient: MuxOMX ctor
02-20 20:34:03.000  1367  1379 I OMXMaster: makeComponentInstance(OMX.google.mpeg4.encoder) in mediacodec process
02-20 20:34:03.000  1372  1507 D RIL     : onRequest: RADIO_POWER
02-20 20:34:03.001  1907  1977 D RILJ    : [3650]> RIL_REQUEST_CDMA_SET_SUBSCRIPTION_SOURCE : 0 [SUB0]
02-20 20:34:03.001  1372  1507 D RIL     : onRequest: CDMA_SET_SUBSCRIPTION_SOURCE
02-20 20:34:03.001  1907  1977 D RILJ    : setCellInfoListRate: 2147483647 [SUB0]
02-20 20:34:03.003  1907  1977 D RILJ    : [3651]> RIL_REQUEST_SET_CELL_INFO_LIST_RATE [SUB0]
02-20 20:34:03.011  1372  1507 D RIL     : onRequest: SET_UNSOL_CELL_INFO_LIST_RATE
02-20 20:34:03.012  1907  1977 D RILJ    : [UNSL]< UNSOL_RESPONSE_RADIO_STATE_CHANGED RADIO_OFF [SUB0]
02-20 20:34:03.012  1907  1977 D RILJ    : [3652]> SCREEN_STATE: true [SUB0]
02-20 20:34:03.013  1907  1907 D UiccController: Creating UiccController
02-20 20:34:03.013  1372  1507 D RIL     : onRequest: SCREEN_STATE
02-20 20:34:03.014  1907  1977 D RILJ    : [UNSL]< UNSOL_NITZ_TIME_RECEIVED 18/02/20:20:33:58+0:0:Unknown!Unknown [SUB0]
02-20 20:34:03.014  1907  1977 D RILJ    : [3649]< RADIO_POWER  [SUB0]
02-20 20:34:03.014  1907  1977 D RilRequest: [3650]< RIL_REQUEST_CDMA_SET_SUBSCRIPTION_SOURCE error: com.android.internal.telephony.CommandException: RADIO_NOT_AVAILABLE ret=
02-20 20:34:03.014  1907  1977 D RilRequest: [3651]< RIL_REQUEST_SET_CELL_INFO_LIST_RATE error: com.android.internal.telephony.CommandException: RADIO_NOT_AVAILABLE ret=
02-20 20:34:03.014  1907  1977 D RilRequest: [3652]< SCREEN_STATE error: com.android.internal.telephony.CommandException: RADIO_NOT_AVAILABLE ret=
02-20 20:34:03.016  1907  1907 D TelephonyTester: register for intent action=com.android.internal.telephony.action_detached
02-20 20:34:03.016  1907  1907 D TelephonyTester: register for intent action=com.android.internal.telephony.action_attached
02-20 20:34:03.022  1907  1907 D Phone   : mDoesRilSendMultipleCallRing=true
02-20 20:34:03.022  1907  1907 D Phone   : mCallRingDelay=3000
02-20 20:34:03.023  1367  1379 I SoftMPEG4Encoder: Construct SoftMPEG4Encoder
02-20 20:34:03.024  1370  1370 W ACodec  : do not know color format 0x7f000789 = 2130708361
02-20 20:34:03.024  1367  1816 E OMXNodeInstance: getConfig(5570017:google.mpeg4.encoder, ConfigAndroidIntraRefresh(0x6f60000a)) ERROR: Undefined(0x80001001)
02-20 20:34:03.024  1370  1370 I MediaPlayerService: MediaPlayerService::getOMX
02-20 20:34:03.024  1370  1370 I OMXClient: MuxOMX ctor
02-20 20:34:03.025  1367  1379 I OMXMaster: makeComponentInstance(OMX.google.vp8.encoder) in mediacodec process
02-20 20:34:03.025  1907  1907 D RILJ    : [3653]> RIL_REQUEST_START_LCE [SUB0]
02-20 20:34:03.027  1372  1507 D RIL     : onRequest: <unknown request>
02-20 20:34:03.028  1907  1977 D RilRequest: [3653]< RIL_REQUEST_START_LCE error: com.android.internal.telephony.CommandException: RADIO_NOT_AVAILABLE ret=
02-20 20:34:03.048  1907  1907 E RIL_ImsSms: getFormat should never be called from here!
02-20 20:34:03.048  1907  1907 D SMSDispatcher: SMSDispatcher: ctor mSmsCapable=true format=unknown mSmsSendDisabled=false
02-20 20:34:03.048  1907  1907 D RIL_ImsSms: ImsSMSDispatcher created
02-20 20:34:03.049  1907  1907 D SMSDispatcher: SMSDispatcher: ctor mSmsCapable=true format=3gpp2 mSmsSendDisabled=false
02-20 20:34:03.049  1907  1907 D CdmaSMSDispatcher: CdmaSMSDispatcher created
02-20 20:34:03.051  1370  1370 W ACodec  : do not know color format 0x7f000789 = 2130708361
02-20 20:34:03.051  1367  1816 E OMXNodeInstance: getConfig(5570018:google.vp8.encoder, ConfigAndroidIntraRefresh(0x6f60000a)) ERROR: Undefined(0x80001001)
02-20 20:34:03.055  1370  1370 I MediaPlayerService: MediaPlayerService::getOMX
02-20 20:34:03.055  1370  1370 I OMXClient: MuxOMX ctor
02-20 20:34:03.056  1370  1370 I MediaPlayerService: MediaPlayerService::getOMX
02-20 20:34:03.056  1370  1370 I OMXClient: MuxOMX ctor
02-20 20:34:03.056  1370  1370 W MediaCodecList: unable to open media codecs configuration xml file: /data/misc/media/media_codecs_profiling_results.xml
02-20 20:34:03.057  1370  1905 I MediaPlayerService: MediaPlayerService::getOMX
02-20 20:34:03.057  1370  1823 I MediaPlayerService: MediaPlayerService::getOMX
02-20 20:34:03.057  1661  1799 I OMXClient: MuxOMX ctor
02-20 20:34:03.057  1758  1901 I OMXClient: MuxOMX ctor
02-20 20:34:03.058  1367  1367 I OMXMaster: makeComponentInstance(OMX.google.vorbis.decoder) in mediacodec process
02-20 20:34:03.060  1661  1661 W VibratorService: Tried to stop vibrating but there is no vibrator device.
02-20 20:34:03.068  1923  1960 D EGL_emulation: eglMakeCurrent: 0x7d7a1fe35820: ver 3 0 (tinfo 0x7d7a1fe0c500)
02-20 20:34:03.071  1661  1661 D ConditionProviders.SCP: onSubscribe condition://android/schedule?days=6.7&start=23.30&end=10.0&exitAtAlarm=false
02-20 20:34:03.072  1661  1661 D ConditionProviders.SCP: setRegistered true
02-20 20:34:03.073  1661  1661 D ConditionProviders.SCP: notifyCondition condition://android/schedule?days=6.7&start=23.30&end=10.0&exitAtAlarm=false STATE_FALSE reason=!meetsSchedule
02-20 20:34:03.074  1661  1661 D ConditionProviders.SCP: Scheduling evaluate for Tue Feb 20 23:30:00 GMT+00:00 2018 (1519169400000), in +2h55m56s927ms, now=Tue Feb 20 20:34:03 GMT+00:00 2018 (1519158843073)
02-20 20:34:03.074  1661  1661 D ConditionProviders.SCP: onSubscribe condition://android/schedule?days=1.2.3.4.5&start=22.0&end=7.0&exitAtAlarm=false
02-20 20:34:03.074  1661  1661 D ConditionProviders.SCP: notifyCondition condition://android/schedule?days=6.7&start=23.30&end=10.0&exitAtAlarm=false STATE_FALSE reason=!meetsSchedule
02-20 20:34:03.074  1661  1661 D ConditionProviders.SCP: notifyCondition condition://android/schedule?days=1.2.3.4.5&start=22.0&end=7.0&exitAtAlarm=false STATE_FALSE reason=!meetsSchedule
02-20 20:34:03.074  1661  1661 D ConditionProviders.SCP: Scheduling evaluate for Tue Feb 20 22:00:00 GMT+00:00 2018 (1519164000000), in +1h25m56s926ms, now=Tue Feb 20 20:34:03 GMT+00:00 2018 (1519158843074)
02-20 20:34:03.082  1661  1661 I Telecom : WiredHeadsetManager: ACTION_HEADSET_PLUG event, plugged in: false, : WHC.oADA@AAE
02-20 20:34:03.091  1661  1661 I ActivityManager: user 0 is still locked. Cannot load recents
02-20 20:34:03.092  1661  1661 D TelephonyRegistry: notifyCellLocationForSubscriber: subId=0 cellLocation=Bundle[{}]
02-20 20:34:03.093  1907  1907 D GsmInboundSmsHandler: created InboundSmsHandler
02-20 20:34:03.093  1907  1921 D SubscriptionController: [getPhoneId]- no sims, returning default phoneId=2147483647
02-20 20:34:03.096  1661  1739 E ActivityThread: Failed to find provider info for com.android.calendar
02-20 20:34:03.097  1661  1739 E ActivityThread: Failed to find provider info for com.android.calendar
02-20 20:34:03.101  1907  1907 D CdmaInboundSmsHandler: created InboundSmsHandler
02-20 20:34:03.115  1923  1960 D EGL_emulation: eglMakeCurrent: 0x7d7a1fe35820: ver 3 0 (tinfo 0x7d7a1fe0c500)
02-20 20:34:03.116  1367  1816 I OMXMaster: makeComponentInstance(OMX.google.vorbis.decoder) in mediacodec process
02-20 20:34:03.124  1907  1907 D SMSDispatcher: SMSDispatcher: ctor mSmsCapable=true format=3gpp mSmsSendDisabled=false
02-20 20:34:03.124  1907  1907 D GsmSMSDispatcher: GsmSMSDispatcher created
02-20 20:34:03.131     0     0 D ieee80211 phy1: hw scan 2447 MHz
02-20 20:34:03.142  1661  1685 I stream_devices_changed: [0,0,2]
02-20 20:34:03.143  1661  1685 I stream_devices_changed: [2,0,2]
02-20 20:34:03.143  1661  1685 I stream_devices_changed: [3,0,2]
02-20 20:34:03.144  1661  1685 I stream_devices_changed: [6,0,2]
02-20 20:34:03.145  1907  1990 D GsmInboundSmsHandler: StartupState.processMessage:6
02-20 20:34:03.145  1661  1685 I stream_devices_changed: [4,0,2]
02-20 20:34:03.145  1907  1990 D GsmInboundSmsHandler: entering Idle state
02-20 20:34:03.145  1907  1994 D CdmaInboundSmsHandler: StartupState.processMessage:6
02-20 20:34:03.145  1907  1994 D CdmaInboundSmsHandler: entering Idle state
02-20 20:34:03.154  1758  1958 I vol.Events: writeEvent level_changed STREAM_ALARM 6
02-20 20:34:03.158  1758  1958 I vol.Events: writeEvent level_changed STREAM_BLUETOOTH_SCO 7
02-20 20:34:03.158  1758  1958 I vol.Events: writeEvent level_changed STREAM_MUSIC 11
02-20 20:34:03.159  1758  1958 I vol.Events: writeEvent level_changed STREAM_RING 5
02-20 20:34:03.160  1758  1958 I vol.Events: writeEvent level_changed STREAM_SYSTEM 5
02-20 20:34:03.163  1758  1958 I vol.Events: writeEvent level_changed STREAM_VOICE_CALL 4
02-20 20:34:03.174  1661  1694 I am_activity_launch_time: [0,233084254,com.android.settings/.FallbackHome,542,542]
02-20 20:34:03.174  1661  1694 I ActivityManager: Displayed com.android.settings/.FallbackHome: +542ms
02-20 20:34:03.176  1661  1687 I boot_progress_enable_screen: 10176
02-20 20:34:03.176  1661  1687 V KeyguardServiceDelegate: *** Keyguard started
02-20 20:34:03.176  1661  1687 I screen_toggled: 1
02-20 20:34:03.177  1661  1687 W KeyguardServiceDelegate: onScreenTurningOn(): no keyguard service!
02-20 20:34:03.190  1907  1907 D IccCardProxy: ctor: ci=com.android.internal.telephony.RIL@e80db7e phoneId=0
02-20 20:34:03.190  1907  1907 D CdmaSSM : subscriptionSource from settings: 0
02-20 20:34:03.190  1907  1907 D CdmaSSM : cdmaSSM constructor: 0
02-20 20:34:03.190  1907  1907 D IccCardProxy: update icc_operator_numeric=
02-20 20:34:03.190  1907  1907 D TelephonyManager: setTelephonyProperty: success phoneId=0 property=gsm.sim.operator.numeric value:  propVal=
02-20 20:34:03.191  1907  1907 D TelephonyManager: setTelephonyProperty: success phoneId=0 property=gsm.sim.operator.iso-country value:  propVal=
02-20 20:34:03.191  1907  1907 D TelephonyManager: setTelephonyProperty: success phoneId=0 property=gsm.sim.operator.alpha value:  propVal=
02-20 20:34:03.191  1907  1907 E IccCardProxy: setExternalState: set mPhoneId=0 mExternalState=NOT_READY
02-20 20:34:03.192  1907  1907 D TelephonyManager: setTelephonyProperty: success phoneId=0 property=gsm.sim.state value: NOT_READY propVal=NOT_READY
02-20 20:34:03.192  1907  1907 D IccCardProxy: broadcastIccStateChangedIntent intent ACTION_SIM_STATE_CHANGED value=NOT_READY reason=null for mPhoneId=0
02-20 20:34:03.250     0     0 D ieee80211 phy1: hw scan 2452 MHz
02-20 20:34:03.241  1370  1823 I MediaPlayerService: MediaPlayerService::getOMX
02-20 20:34:03.243  1661  2004 I OMXClient: MuxOMX ctor
02-20 20:34:03.243  1367  1367 I OMXMaster: makeComponentInstance(OMX.google.vorbis.decoder) in mediacodec process
02-20 20:34:03.249  1312  1323 E SurfaceFlinger: ro.sf.lcd_density must be defined as a build property
02-20 20:34:03.250  1370  1398 I MediaPlayerService: MediaPlayerService::getOMX
02-20 20:34:03.251  1758  2008 I OMXClient: MuxOMX ctor
02-20 20:34:03.251  1367  1379 I OMXMaster: makeComponentInstance(OMX.google.vorbis.decoder) in mediacodec process
02-20 20:34:03.283  1661  1687 W ActivityManager: Slow operation: 90ms so far, now at startProcess: returned from zygote!
02-20 20:34:03.283  1661  1687 W ActivityManager: Slow operation: 90ms so far, now at startProcess: done updating battery stats
02-20 20:34:03.283  1661  1687 I am_proc_start: [0,2012,10004,com.android.cellbroadcastreceiver,broadcast,com.android.cellbroadcastreceiver/.CellBroadcastReceiver]
02-20 20:34:03.283  1661  1687 W ActivityManager: Slow operation: 90ms so far, now at startProcess: building log message
02-20 20:34:03.283  1661  1687 I ActivityManager: Start proc 2012:com.android.cellbroadcastreceiver/u0a4 for broadcast com.android.cellbroadcastreceiver/.CellBroadcastReceiver
02-20 20:34:03.283  1661  1687 W ActivityManager: Slow operation: 90ms so far, now at startProcess: starting to update pids map
02-20 20:34:03.284  1661  1687 W ActivityManager: Slow operation: 91ms so far, now at startProcess: done updating pids map
02-20 20:34:03.284  1661  1687 W ActivityManager: Slow operation: 91ms so far, now at startProcess: done starting proc!
02-20 20:34:03.289  2012  2012 W art     : Unexpected CPU variant for X86 using defaults: x86_64
02-20 20:34:03.310  1661  1701 I am_proc_bound: [0,2012,com.android.cellbroadcastreceiver]
02-20 20:34:03.324  1661  1684 I dvm_lock_sample: [system_server,1,Binder:1661_1,79,ActivityManagerService.java,17547,BroadcastQueue.java,760,15]
02-20 20:34:03.324  1661  1671 I art     : Background sticky concurrent mark sweep GC freed 31393(2MB) AllocSpace objects, 8(160KB) LOS objects, 11% free, 21MB/24MB, paused 277us total 112.389ms
02-20 20:34:03.327  1758  1758 D         : HostConnection::get() New Host Connection established 0x7d7a1d59a720, tid 1758
02-20 20:34:03.328  1370  1905 I MediaPlayerService: MediaPlayerService::getOMX
02-20 20:34:03.329  1661  2029 I OMXClient: MuxOMX ctor
02-20 20:34:03.336  1907  1907 D RILJ    : setPhoneType=1 old value=0 [SUB0]
02-20 20:34:03.336  1907  1907 D TelephonyManager: setTelephonyProperty: success phoneId=0 property=gsm.current.phone-type value: 1 propVal=1
02-20 20:34:03.337  1907  1907 D IccCardProxy: Setting radio tech UMTS
02-20 20:34:03.337  1907  1907 D IccCardProxy: updateQuietMode: 3GPP subscription -> newQuietMode=false
02-20 20:34:03.337  1907  1907 D IccCardProxy: updateQuietMode: no changes don't setExternalState
02-20 20:34:03.337  1907  1907 D IccCardProxy: updateQuietMode: QuietMode is false (app_type=1 cdmaSource=-1)
02-20 20:34:03.341  1661  1729 D WifiConfigManager: Loading config and enabling all networks 
02-20 20:34:03.346  1367  2002 I OMXMaster: makeComponentInstance(OMX.google.vorbis.decoder) in mediacodec process
02-20 20:34:03.352  1370  1370 I MediaPlayerService: MediaPlayerService::getOMX
02-20 20:34:03.352  1758  2030 I OMXClient: MuxOMX ctor
02-20 20:34:03.359  1907  1907 W CarrierConfigManager: Error getting config for subId -1 ICarrierConfigLoader is null
02-20 20:34:03.360  1661  1701 D TelephonyRegistry: listen oscl: hasNotifySubscriptionInfoChangedOccurred==false no callback
02-20 20:34:03.363  1661  1729 W WifiNetworkHistory: Upgrading network 0 to android.uid.system:1000
02-20 20:34:03.363  1661  1729 D WifiConfigManager: loaded 0 passpoint configs
02-20 20:34:03.364  1661  1729 E IpConfigStore: Error parsing configuration: java.io.FileNotFoundException: /data/misc/wifi/ipconfig.txt (No such file or directory)
02-20 20:34:03.364  1758  1758 D StorageNotification: Notifying about private volume: VolumeInfo{private}:
02-20 20:34:03.364  1758  1758 D StorageNotification:     type=PRIVATE diskId=null partGuid=null mountFlags=0 mountUserId=-1 
02-20 20:34:03.364  1758  1758 D StorageNotification:     state=MOUNTED 
02-20 20:34:03.364  1758  1758 D StorageNotification:     fsType=null fsUuid=null fsLabel=null 
02-20 20:34:03.364  1758  1758 D StorageNotification:     path=/data internalPath=null 
02-20 20:34:03.364  1758  1758 D StorageNotification: Notifying about public volume: VolumeInfo{public:253,64}:
02-20 20:34:03.364  1758  1758 D StorageNotification:     type=PUBLIC diskId=disk:253,64 partGuid=null mountFlags=VISIBLE 
02-20 20:34:03.364  1758  1758 D StorageNotification:     mountUserId=0 state=MOUNTED 
02-20 20:34:03.364  1758  1758 D StorageNotification:     fsType=vfat fsUuid=1E12-0B12 fsLabel=SDCARD 
02-20 20:34:03.364  1758  1758 D StorageNotification:     path=/storage/1E12-0B12 internalPath=/mnt/media_rw/1E12-0B12 
02-20 20:34:03.365  1907  1907 D TelephonyManager: setTelephonyProperty: success phoneId=0 property=gsm.network.type value: Unknown propVal=Unknown
02-20 20:34:03.365  1907  1907 D RILJ    : [3654]> SIGNAL_STRENGTH [SUB0]
02-20 20:34:03.365  1372  1507 D RIL     : onRequest: SIGNAL_STRENGTH
02-20 20:34:03.365  1907  1907 D SST     : notifyDataRegStateRilRadioTechnologyChanged: drs=1 rat=0
02-20 20:34:03.366  1907  1907 D TelephonyManager: setTelephonyProperty: success phoneId=0 property=gsm.network.type value: Unknown propVal=Unknown
02-20 20:34:03.366  1907  1977 D RilRequest: [3654]< SIGNAL_STRENGTH error: com.android.internal.telephony.CommandException: RADIO_NOT_AVAILABLE ret=
02-20 20:34:03.366  1367  1816 I OMXMaster: makeComponentInstance(OMX.google.vorbis.decoder) in mediacodec process
02-20 20:34:03.369  1661  1729 D WifiNative-HAL: Setting external_sim to 1
02-20 20:34:03.369  1661  1729 D WifiStateMachine: Setting OUI to DA-A1-19
02-20 20:34:03.377  1907  1907 D DCT     : [0]DCT.constructor
02-20 20:34:03.379  1661  1661 I notification_enqueue: [10028,1758,com.android.systemui,1397773634,public:253,64,-1,Notification(pri=0 contentView=null vibrate=null sound=null defaults=0x0 flags=0x100 color=0xff607d8b category=sys actions=2 vis=PUBLIC),0]
