02-20 20:36:20.909  1678  1678 I notification_enqueue: [10028,1768,com.android.systemui,1397773634,public:253,64,-1,Notification(pri=0 contentView=null vibrate=null sound=null defaults=0x0 flags=0x100 color=0xff607d8b category=sys actions=2 vis=PUBLIC),0]
02-20 20:36:20.910  1678  1678 V WiredAccessoryManager: notifyWiredAccessoryChanged: when=0 bits= mask=54
02-20 20:36:20.910  1678  1678 V WiredAccessoryManager: newName=h2w newState=0 headsetState=0 prev headsetState=0
02-20 20:36:20.910  1678  1678 E WiredAccessoryManager: No state change.
02-20 20:36:20.910  1678  1678 V WiredAccessoryManager: init()
02-20 20:36:20.940  1678  1678 W VibratorService: Tried to stop vibrating but there is no vibrator device.
02-20 20:36:20.942  1931  1931 D GsmInboundSmsHandler: created InboundSmsHandler
02-20 20:36:20.942  1678  1678 D ConditionProviders.SCP: onSubscribe condition://android/schedule?days=6.7&start=23.30&end=10.0&exitAtAlarm=false
02-20 20:36:20.947  1678  1678 D ConditionProviders.SCP: setRegistered true
02-20 20:36:20.948  1678  1678 D ConditionProviders.SCP: notifyCondition condition://android/schedule?days=6.7&start=23.30&end=10.0&exitAtAlarm=false STATE_FALSE reason=!meetsSchedule
02-20 20:36:20.950  1948  2003 D EGL_emulation: eglMakeCurrent: 0x72fb55ea3e40: ver 3 0 (tinfo 0x72fb55fe6f00)
02-20 20:36:20.951  1678  1678 D ConditionProviders.SCP: Scheduling evaluate for Tue Feb 20 23:30:00 GMT+00:00 2018 (1519169400000), in +2h53m39s52ms, now=Tue Feb 20 20:36:20 GMT+00:00 2018 (1519158980948)
02-20 20:36:20.951  1678  1678 D ConditionProviders.SCP: onSubscribe condition://android/schedule?days=1.2.3.4.5&start=22.0&end=7.0&exitAtAlarm=false
02-20 20:36:20.951  1678  1678 D ConditionProviders.SCP: notifyCondition condition://android/schedule?days=6.7&start=23.30&end=10.0&exitAtAlarm=false STATE_FALSE reason=!meetsSchedule
02-20 20:36:20.951  1678  1678 D ConditionProviders.SCP: notifyCondition condition://android/schedule?days=1.2.3.4.5&start=22.0&end=7.0&exitAtAlarm=false STATE_FALSE reason=!meetsSchedule
02-20 20:36:20.952  1678  1678 D ConditionProviders.SCP: Scheduling evaluate for Tue Feb 20 22:00:00 GMT+00:00 2018 (1519164000000), in +1h23m39s49ms, now=Tue Feb 20 20:36:20 GMT+00:00 2018 (1519158980951)
02-20 20:36:20.952  1678  1678 I Telecom : WiredHeadsetManager: ACTION_HEADSET_PLUG event, plugged in: false, : WHC.oADA@AAE
02-20 20:36:20.957  1678  1678 I ActivityManager: user 0 is still locked. Cannot load recents
02-20 20:36:20.961  1678  1678 D TelephonyRegistry: notifyCellLocationForSubscriber: subId=0 cellLocation=Bundle[{}]
02-20 20:36:20.961  1931  1944 D SubscriptionController: [getPhoneId]- no sims, returning default phoneId=2147483647
02-20 20:36:20.993  1931  1931 D CdmaInboundSmsHandler: created InboundSmsHandler
02-20 20:36:20.998  1931  1931 D SMSDispatcher: SMSDispatcher: ctor mSmsCapable=true format=3gpp mSmsSendDisabled=false
02-20 20:36:20.998  1931  1931 D GsmSMSDispatcher: GsmSMSDispatcher created
02-20 20:36:20.999  1931  2029 D GsmInboundSmsHandler: StartupState.processMessage:6
02-20 20:36:20.999  1931  2029 D GsmInboundSmsHandler: entering Idle state
02-20 20:36:20.999  1931  2038 D CdmaInboundSmsHandler: StartupState.processMessage:6
02-20 20:36:20.999  1931  2038 D CdmaInboundSmsHandler: entering Idle state
02-20 20:36:21.009  1678  1694 I boot_progress_enable_screen: 11009
02-20 20:36:21.014  1678  1694 V KeyguardServiceDelegate: *** Keyguard started
02-20 20:36:21.014  1678  1694 I screen_toggled: 1
02-20 20:36:21.014  1678  1701 I am_activity_launch_time: [0,21358104,com.android.settings/.FallbackHome,793,793]
02-20 20:36:21.014  1678  1701 I ActivityManager: Displayed com.android.settings/.FallbackHome: +793ms
02-20 20:36:21.015  1678  1694 W KeyguardServiceDelegate: onScreenTurningOn(): no keyguard service!
02-20 20:36:21.016  1931  1931 D IccCardProxy: ctor: ci=com.android.internal.telephony.RIL@40f0f43 phoneId=0
02-20 20:36:21.016  1931  1931 D CdmaSSM : subscriptionSource from settings: 0
02-20 20:36:21.016  1931  1931 D CdmaSSM : cdmaSSM constructor: 0
02-20 20:36:21.016  1931  1931 D IccCardProxy: update icc_operator_numeric=
02-20 20:36:21.017  1931  1931 D TelephonyManager: setTelephonyProperty: success phoneId=0 property=gsm.sim.operator.numeric value:  propVal=
02-20 20:36:21.018  1931  1931 D TelephonyManager: setTelephonyProperty: success phoneId=0 property=gsm.sim.operator.iso-country value:  propVal=
02-20 20:36:21.018  1931  1931 D TelephonyManager: setTelephonyProperty: success phoneId=0 property=gsm.sim.operator.alpha value:  propVal=
02-20 20:36:21.018  1931  1931 E IccCardProxy: setExternalState: set mPhoneId=0 mExternalState=NOT_READY
02-20 20:36:21.018  1931  1931 D TelephonyManager: setTelephonyProperty: success phoneId=0 property=gsm.sim.state value: NOT_READY propVal=NOT_READY
02-20 20:36:21.019  1678  1701 I WindowManager: Screen frozen for +717ms due to AppWindowToken{c2176d7 token=Token{56e7871 ActivityRecord{145e618 u0 com.android.settings/.FallbackHome t1}}}
02-20 20:36:21.019  1931  1931 D IccCardProxy: broadcastIccStateChangedIntent intent ACTION_SIM_STATE_CHANGED value=NOT_READY reason=null for mPhoneId=0
02-20 20:36:21.034  2041  2041 W art     : Unexpected CPU variant for X86 using defaults: x86_64
02-20 20:36:21.042  1678  1688 W art     : Suspending all threads took: 20.542ms
02-20 20:36:21.047  1678  1694 I am_proc_start: [0,2041,10004,com.android.cellbroadcastreceiver,broadcast,com.android.cellbroadcastreceiver/.CellBroadcastReceiver]
02-20 20:36:21.047  1678  1694 I ActivityManager: Start proc 2041:com.android.cellbroadcastreceiver/u0a4 for broadcast com.android.cellbroadcastreceiver/.CellBroadcastReceiver
02-20 20:36:21.048  1931  1931 D RILJ    : setPhoneType=1 old value=0 [SUB0]
02-20 20:36:21.048  1931  1931 D TelephonyManager: setTelephonyProperty: success phoneId=0 property=gsm.current.phone-type value: 1 propVal=1
02-20 20:36:21.048  1931  1931 D IccCardProxy: Setting radio tech UMTS
02-20 20:36:21.048  1931  1931 D IccCardProxy: updateQuietMode: 3GPP subscription -> newQuietMode=false
02-20 20:36:21.048  1931  1931 D IccCardProxy: updateQuietMode: no changes don't setExternalState
02-20 20:36:21.048  1931  1931 D IccCardProxy: updateQuietMode: QuietMode is false (app_type=1 cdmaSource=-1)
02-20 20:36:21.051  1678  1688 I art     : Background partial concurrent mark sweep GC freed 37075(2MB) AllocSpace objects, 11(7MB) LOS objects, 21% free, 14MB/18MB, paused 22.167ms total 210.390ms
02-20 20:36:21.053  1931  1931 W CarrierConfigManager: Error getting config for subId -1 ICarrierConfigLoader is null
02-20 20:36:21.053  1678  1972 D TelephonyRegistry: listen oscl: hasNotifySubscriptionInfoChangedOccurred==false no callback
02-20 20:36:21.053  1768  1768 I OpaLayout: Setting opa enabled to false
02-20 20:36:21.055  1768  1768 I OpaLayout: Setting opa enabled to false
02-20 20:36:21.057  1678  1794 I am_proc_bound: [0,2041,com.android.cellbroadcastreceiver]
02-20 20:36:21.061  1931  1931 D TelephonyManager: setTelephonyProperty: success phoneId=0 property=gsm.network.type value: Unknown propVal=Unknown
02-20 20:36:21.061  1931  1931 D RILJ    : [3654]> SIGNAL_STRENGTH [SUB0]
02-20 20:36:21.063  1678  1745 D NotificationSQLiteLog: Pruned event entries: 0
02-20 20:36:21.071  1374  1520 D RIL     : onRequest: SIGNAL_STRENGTH
02-20 20:36:21.071  1931  1931 D SST     : notifyDataRegStateRilRadioTechnologyChanged: drs=1 rat=0
02-20 20:36:21.071  1931  1931 D TelephonyManager: setTelephonyProperty: success phoneId=0 property=gsm.network.type value: Unknown propVal=Unknown
02-20 20:36:21.071  1931  2015 D RilRequest: [3654]< SIGNAL_STRENGTH error: com.android.internal.telephony.CommandException: RADIO_NOT_AVAILABLE ret=
02-20 20:36:21.074  1931  1931 D DCT     : [0]DCT.constructor
02-20 20:36:21.088  1678  1692 D TelephonyRegistry: listen oscl: hasNotifySubscriptionInfoChangedOccurred==false no callback
02-20 20:36:21.094  1931  1931 D Dcc     : E ctor
02-20 20:36:21.094  1931  1931 D Dcc     : X ctor
02-20 20:36:21.097  1768  1768 W System  : ClassLoader referenced unknown path: 
02-20 20:36:21.097  1768  1768 W System  : ClassLoader referenced unknown path: /system/priv-app/Dialer/lib/x86_64
02-20 20:36:21.097  1768  1768 D ApplicationLoaders: ignored Vulkan layer search path /system/priv-app/Dialer/lib/x86_64:/system/lib64:/vendor/lib64 for namespace 0x72fb64aa70f0
02-20 20:36:21.100  1931  1931 D SubscriptionController: [getPhoneId] asked for default subId=-1
02-20 20:36:21.102  1931  1931 D DcTesterFailBrinupAll: register for intent action=com.android.internal.telephony.dataconnection.action_fail_bringup
02-20 20:36:21.102  1931  1931 D DcTesterFailBrinupAll: register for intent action=com.android.internal.telephony.action_detached
02-20 20:36:21.103  1931  1931 D DcTesterFailBrinupAll: register for intent action=com.android.internal.telephony.action_attached
02-20 20:36:21.105  1931  2055 D DcTesterDeacativateAll: register for intent action=com.android.internal.telephony.dataconnection.action_deactivate_all
02-20 20:36:21.105  1931  2055 D DcTesterDeacativateAll: register for intent action=com.android.internal.telephony.action_detached
02-20 20:36:21.106  1931  2055 D Dcc     : DccDefaultState: msg.what=EVENT_RIL_CONNECTED mRilVersion=12
02-20 20:36:21.106  1931  1931 D SST     : notifyDataRegStateRilRadioTechnologyChanged: drs=1 rat=0
02-20 20:36:21.106  1931  1931 D TelephonyManager: setTelephonyProperty: success phoneId=0 property=gsm.network.type value: Unknown propVal=Unknown
02-20 20:36:21.107  1931  1931 D DCT     : [0]update sub = -2
02-20 20:36:21.107  1931  1931 D DCT     : [0]update(): Active DDS, register for all events now!
02-20 20:36:21.107  1931  1931 D GsmCdmaPhone: [GsmCdmaPhone] updateCurrentCarrierInProvider: mSubId = -2 currentDds = 1 operatorNumeric = null
02-20 20:36:21.107  1931  1931 D DCT     : [0]initApnContexts: E
02-20 20:36:21.107  1931  1931 D DCT     : [0]initApnContexts: skipping unknown type=1
02-20 20:36:21.108  1931  1931 D DCT     : [0]initApnContexts: apnContext={mApnType=default mState=IDLE mWaitingApns={null} mApnSetting={null} mReason=dataEnabled mDataEnabled=false mDependencyMet=true}
02-20 20:36:21.108  1931  1931 D DCT     : [0]initApnContexts: apnContext={mApnType=mms mState=IDLE mWaitingApns={null} mApnSetting={null} mReason=dataEnabled mDataEnabled=false mDependencyMet=true}
02-20 20:36:21.108  1931  1931 D DCT     : [0]initApnContexts: apnContext={mApnType=supl mState=IDLE mWaitingApns={null} mApnSetting={null} mReason=dataEnabled mDataEnabled=false mDependencyMet=true}
02-20 20:36:21.108  1931  1931 D DCT     : [0]initApnContexts: apnContext={mApnType=hipri mState=IDLE mWaitingApns={null} mApnSetting={null} mReason=dataEnabled mDataEnabled=false mDependencyMet=true}
02-20 20:36:21.108  1931  1931 D DCT     : [0]initApnContexts: apnContext={mApnType=fota mState=IDLE mWaitingApns={null} mApnSetting={null} mReason=dataEnabled mDataEnabled=false mDependencyMet=true}
02-20 20:36:21.108  1931  1931 D DCT     : [0]initApnContexts: apnContext={mApnType=ims mState=IDLE mWaitingApns={null} mApnSetting={null} mReason=dataEnabled mDataEnabled=false mDependencyMet=true}
02-20 20:36:21.108  1931  1931 D DCT     : [0]initApnContexts: apnContext={mApnType=cbs mState=IDLE mWaitingApns={null} mApnSetting={null} mReason=dataEnabled mDataEnabled=false mDependencyMet=true}
02-20 20:36:21.108  1931  1931 D DCT     : [0]initApnContexts: skipping unknown type=13
02-20 20:36:21.108  1931  1931 D DCT     : [0]initApnContexts: apnContext={mApnType=ia mState=IDLE mWaitingApns={null} mApnSetting={null} mReason=dataEnabled mDataEnabled=false mDependencyMet=true}
02-20 20:36:21.108  1931  1931 D DCT     : [0]initApnContexts: apnContext={mApnType=emergency mState=IDLE mWaitingApns={null} mApnSetting={null} mReason=dataEnabled mDataEnabled=false mDependencyMet=true}
02-20 20:36:21.115  1931  1931 D GsmCdmaPhone: [GsmCdmaPhone] GsmCdmaPhone: constructor: sub = 0
02-20 20:36:21.115  1931  1931 I PhoneFactory: Creating Phone with type = 1 sub = 0
02-20 20:36:21.117  1931  1931 I PhoneFactory: defaultSmsApplication: NONE
02-20 20:36:21.122  1931  1931 I PhoneFactory: Creating SubInfoRecordUpdater 
02-20 20:36:21.122  1931  1931 D SubscriptionInfoUpdater: Constructor invoked
02-20 20:36:21.126  1768  1768 E BluetoothAdapter: Bluetooth binder is null
02-20 20:36:21.150  1768  1768 I CameraManagerGlobal: Connecting to camera service
02-20 20:36:21.151  1365  1365 V EmulatedCamera_Camera: getCameraInfo
02-20 20:36:21.151  1365  1365 V EmulatedCamera_BaseCamera: getCameraInfo
02-20 20:36:21.151  1365  1365 I CameraService: getCameraCharacteristics: Switching to HAL1 shim implementation...
02-20 20:36:21.151  1365  1365 V EmulatedCamera_Camera: getCameraInfo
02-20 20:36:21.151  1365  1365 V EmulatedCamera_BaseCamera: getCameraInfo
02-20 20:36:21.151  1365  1365 I CameraService: CameraService::connect call (PID -1 "cameraserver", camera ID 0) for HAL version default and Camera API version 1
02-20 20:36:21.154  1365  1365 E CameraService: getCameraPriorityFromProcState: Received invalid process state -1 from ActivityManagerService!
02-20 20:36:21.154  1365  1365 V EmulatedCamera_Camera: getCameraInfo
02-20 20:36:21.154  1365  1365 V EmulatedCamera_BaseCamera: getCameraInfo
02-20 20:36:21.156  1678  1691 D TelephonyRegistry: listen oscl: hasNotifySubscriptionInfoChangedOccurred==false no callback
02-20 20:36:21.156  1678  1971 D TelephonyRegistry: listen oscl: hasNotifySubscriptionInfoChangedOccurred==false no callback
02-20 20:36:21.157  1931  1931 D SubscriptionController: [getPhoneId]- no sims, returning default phoneId=2147483647
02-20 20:36:21.158  1678  1986 D TelephonyRegistry: listen oscl: hasNotifySubscriptionInfoChangedOccurred==false no callback
02-20 20:36:21.158  1372  2060 E WVMExtractor: Failed to open libwvm.so: dlopen failed: library "libwvm.so" not found
02-20 20:36:21.159  1931  1931 D PhoneSwitcherNetworkRequstListener: Registering NetworkFactory
02-20 20:36:21.159  1678  1740 D ConnectivityService: Got NetworkFactory Messenger for PhoneSwitcherNetworkRequstListener
02-20 20:36:21.160  1931  1931 D PhoneSwitcher: PhoneSwitcher started
02-20 20:36:21.162  1931  1931 D ProxyController: Constructor - Enter
02-20 20:36:21.171  1931  1931 D ProxyController: clearTransaction
02-20 20:36:21.171  1931  1931 D ProxyController: clearTransaction: phoneId=0 status=IDLE
02-20 20:36:21.171  1931  1931 D ProxyController: Constructor - Exit
02-20 20:36:21.171  1931  1931 D TelephonyNetworkFactory[0]: Registering NetworkFactory
02-20 20:36:21.172  1678  1740 D ConnectivityService: Got NetworkFactory Messenger for TelephonyNetworkFactory[0]
02-20 20:36:21.172  1372  2059 D NuPlayerDriver: notifyListener_l(0xf2b12480), (1, 0, 0), loop setting(0, 0)
02-20 20:36:21.173  1931  1931 D CallManager: registerPhone(GSM Handler (com.android.internal.telephony.GsmCdmaPhone) {8b69aee})
02-20 20:36:21.178  1678  1986 D TelephonyRegistry: listen oscl: hasNotifySubscriptionInfoChangedOccurred==false no callback
02-20 20:36:21.179  1678  1746 E ActivityThread: Failed to find provider info for com.android.calendar
02-20 20:36:21.183  1372  2061 D NuPlayerDriver: notifyListener_l(0xf4328f00), (1, 0, 0), loop setting(0, 0)
02-20 20:36:21.184  1931  1947 D SubscriptionController: [getActiveSubInfoList] Sub Controller not ready
02-20 20:36:21.186  1931  1944 D SubscriptionController: [getActiveSubInfoList] Sub Controller not ready
02-20 20:36:21.186  1372  2064 D NuPlayerDriver: notifyListener_l(0xf4329320), (1, 0, 0), loop setting(0, 0)
02-20 20:36:21.187  1678  1746 E ActivityThread: Failed to find provider info for com.android.calendar
02-20 20:36:21.188  1365  1365 I CameraFlashlight: Opening camera 0
02-20 20:36:21.188  1365  1365 V EmulatedCamera_Camera: getCameraInfo
02-20 20:36:21.188  1365  1365 V EmulatedCamera_BaseCamera: getCameraInfo
02-20 20:36:21.188  1365  1365 V EmulatedCamera_Camera: connectCamera
02-20 20:36:21.188  1365  1365 V EmulatedCamera_FakeDevice: connectDevice
02-20 20:36:21.188  1365  1365 V EmulatedCamera_CallbackNotifier: setCallbacks: 0xee864e80, 0xee864ed0, 0xee864ff0, 0xee865110 (0xee043320)
02-20 20:36:21.188  1365  1365 V EmulatedCamera_CallbackNotifier: enableMessage: msg_type = 0xc0d
02-20 20:36:21.188  1365  1365 V EmulatedCamera_CallbackNotifier:     CAMERA_MSG_ERROR
02-20 20:36:21.188  1365  1365 V EmulatedCamera_CallbackNotifier:     CAMERA_MSG_FOCUS
02-20 20:36:21.188  1365  1365 V EmulatedCamera_CallbackNotifier:     CAMERA_MSG_ZOOM
02-20 20:36:21.188  1365  1365 V EmulatedCamera_CallbackNotifier:     CAMERA_MSG_PREVIEW_METADATA
02-20 20:36:21.188  1365  1365 V EmulatedCamera_CallbackNotifier: **** Currently enabled messages:
02-20 20:36:21.188  1365  1365 V EmulatedCamera_CallbackNotifier:     CAMERA_MSG_ERROR
02-20 20:36:21.188  1365  1365 V EmulatedCamera_CallbackNotifier:     CAMERA_MSG_FOCUS
02-20 20:36:21.188  1365  1365 V EmulatedCamera_CallbackNotifier:     CAMERA_MSG_ZOOM
02-20 20:36:21.188  1365  1365 V EmulatedCamera_CallbackNotifier:     CAMERA_MSG_PREVIEW_METADATA
02-20 20:36:21.188  1365  1365 V EmulatedCamera_CallbackNotifier: disableMessage: msg_type = 0xffff
02-20 20:36:21.188  1365  1365 V EmulatedCamera_CallbackNotifier:     CAMERA_MSG_ERROR
02-20 20:36:21.188  1365  1365 V EmulatedCamera_CallbackNotifier:     CAMERA_MSG_SHUTTER
02-20 20:36:21.188  1365  1365 V EmulatedCamera_CallbackNotifier:     CAMERA_MSG_FOCUS
02-20 20:36:21.188  1365  1365 V EmulatedCamera_CallbackNotifier:     CAMERA_MSG_ZOOM
02-20 20:36:21.188  1365  1365 V EmulatedCamera_CallbackNotifier:     CAMERA_MSG_PREVIEW_FRAME
02-20 20:36:21.188  1365  1365 V EmulatedCamera_CallbackNotifier:     CAMERA_MSG_VIDEO_FRAME
02-20 20:36:21.188  1365  1365 V EmulatedCamera_CallbackNotifier:     CAMERA_MSG_POSTVIEW_FRAME
02-20 20:36:21.188  1365  1365 V EmulatedCamera_CallbackNotifier:     CAMERA_MSG_RAW_IMAGE
02-20 20:36:21.188  1365  1365 V EmulatedCamera_CallbackNotifier:     CAMERA_MSG_COMPRESSED_IMAGE
02-20 20:36:21.188  1365  1365 V EmulatedCamera_CallbackNotifier:     CAMERA_MSG_RAW_IMAGE_NOTIFY
02-20 20:36:21.188  1365  1365 V EmulatedCamera_CallbackNotifier:     CAMERA_MSG_PREVIEW_METADATA
02-20 20:36:21.188  1365  1365 V EmulatedCamera_CallbackNotifier: **** Currently enabled messages:
02-20 20:36:21.188  1365  1365 V EmulatedCamera_Preview: setPreviewWindow: current: 0x0 -> new: 0x0
02-20 20:36:21.188  1365  1365 V EmulatedCamera_Camera: doStopPreview
02-20 20:36:21.188  1365  1365 V EmulatedCamera_Camera: cancelPicture
02-20 20:36:21.188  1365  1365 V EmulatedCamera_Camera: releaseCamera
02-20 20:36:21.188  1365  1365 V EmulatedCamera_Camera: doStopPreview
02-20 20:36:21.188  1365  1365 V EmulatedCamera_FakeDevice: disconnectDevice
02-20 20:36:21.188  1365  1365 W EmulatedCamera_Device: Initialize: Emulated camera device is already initialized: mState = 1
02-20 20:36:21.188  1365  1365 D EmulatedCamera_FakeCamera: Initialize: Fake camera is facing back
02-20 20:36:21.189  1365  1365 V EmulatedCamera_Device: initializeWhiteBalanceModes with auto, 1.000000, 1.000000
02-20 20:36:21.189  1365  1365 V EmulatedCamera_Device: initializeWhiteBalanceModes with incandescent, 1.380000, 0.600000
02-20 20:36:21.189  1365  1365 V EmulatedCamera_Device: initializeWhiteBalanceModes with daylight, 1.090000, 0.920000
02-20 20:36:21.189  1365  1365 V EmulatedCamera_Device: initializeWhiteBalanceModes with twilight, 0.920000, 1.220000
02-20 20:36:21.189  1365  1365 V EmulatedCamera_Device: setWhiteBalanceMode with white balance auto
02-20 20:36:21.189  1365  1365 I CameraFlashlight: Destroying camera 0
02-20 20:36:21.189  1365  1365 V EmulatedCamera_Camera: closeCamera
02-20 20:36:21.189  1365  1365 V EmulatedCamera_Camera: doStopPreview
02-20 20:36:21.189  1365  1365 W EmulatedCamera_Device: Initialize: Emulated camera device is already initialized: mState = 1
02-20 20:36:21.189  1365  1365 D EmulatedCamera_FakeCamera: Initialize: Fake camera is facing back
02-20 20:36:21.189  1365  1365 V EmulatedCamera_Device: initializeWhiteBalanceModes with auto, 1.000000, 1.000000
02-20 20:36:21.189  1365  1365 V EmulatedCamera_Device: initializeWhiteBalanceModes with incandescent, 1.380000, 0.600000
02-20 20:36:21.189  1365  1365 V EmulatedCamera_Device: initializeWhiteBalanceModes with daylight, 1.090000, 0.920000
02-20 20:36:21.189  1365  1365 V EmulatedCamera_Device: initializeWhiteBalanceModes with twilight, 0.920000, 1.220000
02-20 20:36:21.191  1365  1365 V EmulatedCamera_Device: setWhiteBalanceMode with white balance auto
02-20 20:36:21.201  1365  1365 I CameraService: disconnect: Disconnected client for camera 0 for PID 1365
02-20 20:36:21.201  1372  1823 D NuPlayerDriver: reset(0xf2b12480) at state 4
02-20 20:36:21.201  1372  1823 D NuPlayerDriver: notifyListener_l(0xf2b12480), (8, 0, 0), loop setting(0, 0)
02-20 20:36:21.201  1372  2059 D NuPlayerDriver: notifyResetComplete(0xf2b12480)
02-20 20:36:21.202  1372  1372 D NuPlayerDriver: reset(0xf4328f00) at state 4
02-20 20:36:21.202  1372  1372 D NuPlayerDriver: notifyListener_l(0xf4328f00), (8, 0, 0), loop setting(0, 0)
02-20 20:36:21.202  1372  2061 D NuPlayerDriver: notifyResetComplete(0xf4328f00)
02-20 20:36:21.202  1372  1398 D NuPlayerDriver: reset(0xf4329320) at state 4
02-20 20:36:21.202  1372  1398 D NuPlayerDriver: notifyListener_l(0xf4329320), (8, 0, 0), loop setting(0, 0)
02-20 20:36:21.203  1372  2064 D NuPlayerDriver: notifyResetComplete(0xf4329320)
02-20 20:36:21.204  1365  1709 V EmulatedCamera_Camera: getCameraInfo
02-20 20:36:21.204  1365  1709 V EmulatedCamera_BaseCamera: getCameraInfo
02-20 20:36:21.205  1365  1365 V EmulatedCamera_Camera: getCameraInfo
02-20 20:36:21.205  1365  1365 V EmulatedCamera_BaseCamera: getCameraInfo
02-20 20:36:21.206  2041  2041 W System  : ClassLoader referenced unknown path: /system/priv-app/CellBroadcastReceiver/lib/x86_64
02-20 20:36:21.219  1768  1768 I StatusBar: isKeyguardShowing() called before startKeyguard(), returning true
02-20 20:36:21.220  1768  1768 W StatusBar: isKeyguardSecure() called before startKeyguard(), returning false
02-20 20:36:21.220  1768  1768 W StatusBar: java.lang.Throwable
02-20 20:36:21.220  1768  1768 W StatusBar: 	at com.android.systemui.statusbar.BaseStatusBar.isKeyguardSecure(BaseStatusBar.java:2647)
02-20 20:36:21.220  1768  1768 W StatusBar: 	at com.android.systemui.statusbar.BaseStatusBar.isCameraAllowedByAdmin(BaseStatusBar.java:2670)
02-20 20:36:21.220  1768  1768 W StatusBar: 	at com.android.systemui.statusbar.phone.KeyguardBottomAreaView.updateCameraVisibility(KeyguardBottomAreaView.java:309)
02-20 20:36:21.220  1768  1768 W StatusBar: 	at com.android.systemui.statusbar.phone.KeyguardBottomAreaView.setPhoneStatusBar(KeyguardBottomAreaView.java:272)
02-20 20:36:21.220  1768  1768 W StatusBar: 	at com.android.systemui.statusbar.phone.PhoneStatusBar.makeStatusBarView(PhoneStatusBar.java:904)
02-20 20:36:21.220  1768  1768 W StatusBar: 	at com.android.systemui.statusbar.phone.PhoneStatusBar.addStatusBarWindow(PhoneStatusBar.java:3432)
02-20 20:36:21.220  1768  1768 W StatusBar: 	at com.android.systemui.statusbar.phone.PhoneStatusBar.createAndAddWindows(PhoneStatusBar.java:3428)
02-20 20:36:21.220  1768  1768 W StatusBar: 	at com.android.systemui.statusbar.BaseStatusBar.start(BaseStatusBar.java:765)
02-20 20:36:21.220  1768  1768 W StatusBar: 	at com.android.systemui.statusbar.phone.PhoneStatusBar.start(PhoneStatusBar.java:686)
02-20 20:36:21.220  1768  1768 W StatusBar: 	at com.android.systemui.statusbar.SystemBars.createStatusBarFromConfig(SystemBars.java:106)
02-20 20:36:21.220  1768  1768 W StatusBar: 	at com.android.systemui.statusbar.SystemBars.onNoService(SystemBars.java:58)
02-20 20:36:21.220  1768  1768 W StatusBar: 	at com.android.systemui.statusbar.ServiceMonitor.startService(ServiceMonitor.java:230)
02-20 20:36:21.220  1768  1768 W StatusBar: 	at com.android.systemui.statusbar.ServiceMonitor.-wrap5(ServiceMonitor.java)
02-20 20:36:21.220  1768  1768 W StatusBar: 	at com.android.systemui.statusbar.ServiceMonitor$1.handleMessage(ServiceMonitor.java:73)
02-20 20:36:21.220  1768  1768 W StatusBar: 	at android.os.Handler.dispatchMessage(Handler.java:102)
02-20 20:36:21.220  1768  1768 W StatusBar: 	at android.os.Looper.loop(Looper.java:154)
02-20 20:36:21.220  1768  1768 W StatusBar: 	at android.app.ActivityThread.main(ActivityThread.java:6119)
02-20 20:36:21.220  1768  1768 W StatusBar: 	at java.lang.reflect.Method.invoke(Native Method)
02-20 20:36:21.220  1768  1768 W StatusBar: 	at com.android.internal.os.ZygoteInit$MethodAndArgsCaller.run(ZygoteInit.java:886)
02-20 20:36:21.220  1768  1768 W StatusBar: 	at com.android.internal.os.ZygoteInit.main(ZygoteInit.java:776)
02-20 20:36:21.231  1768  1768 I StatusBar: isKeyguardShowing() called before startKeyguard(), returning true
02-20 20:36:21.231  1768  1768 W StatusBar: isKeyguardSecure() called before startKeyguard(), returning false
02-20 20:36:21.231  1768  1768 W StatusBar: java.lang.Throwable
02-20 20:36:21.231  1768  1768 W StatusBar: 	at com.android.systemui.statusbar.BaseStatusBar.isKeyguardSecure(BaseStatusBar.java:2647)
02-20 20:36:21.231  1768  1768 W StatusBar: 	at com.android.systemui.statusbar.BaseStatusBar.isCameraAllowedByAdmin(BaseStatusBar.java:2670)
02-20 20:36:21.231  1768  1768 W StatusBar: 	at com.android.systemui.statusbar.phone.KeyguardBottomAreaView.updateCameraVisibility(KeyguardBottomAreaView.java:309)
02-20 20:36:21.231  1768  1768 W StatusBar: 	at com.android.systemui.statusbar.phone.KeyguardBottomAreaView.setUserSetupComplete(KeyguardBottomAreaView.java:281)
02-20 20:36:21.231  1768  1768 W StatusBar: 	at com.android.systemui.statusbar.phone.PhoneStatusBar.makeStatusBarView(PhoneStatusBar.java:905)
02-20 20:36:21.231  1768  1768 W StatusBar: 	at com.android.systemui.statusbar.phone.PhoneStatusBar.addStatusBarWindow(PhoneStatusBar.java:3432)
02-20 20:36:21.231  1768  1768 W StatusBar: 	at com.android.systemui.statusbar.phone.PhoneStatusBar.createAndAddWindows(PhoneStatusBar.java:3428)
02-20 20:36:21.231  1768  1768 W StatusBar: 	at com.android.systemui.statusbar.BaseStatusBar.start(BaseStatusBar.java:765)
02-20 20:36:21.231  1768  1768 W StatusBar: 	at com.android.systemui.statusbar.phone.PhoneStatusBar.start(PhoneStatusBar.java:686)
02-20 20:36:21.231  1768  1768 W StatusBar: 	at com.android.systemui.statusbar.SystemBars.createStatusBarFromConfig(SystemBars.java:106)
02-20 20:36:21.231  1768  1768 W StatusBar: 	at com.android.systemui.statusbar.SystemBars.onNoService(SystemBars.java:58)
02-20 20:36:21.231  1768  1768 W StatusBar: 	at com.android.systemui.statusbar.ServiceMonitor.startService(ServiceMonitor.java:230)
02-20 20:36:21.231  1768  1768 W StatusBar: 	at com.android.systemui.statusbar.ServiceMonitor.-wrap5(ServiceMonitor.java)
02-20 20:36:21.231  1768  1768 W StatusBar: 	at com.android.systemui.statusbar.ServiceMonitor$1.handleMessage(ServiceMonitor.java:73)
02-20 20:36:21.231  1768  1768 W StatusBar: 	at android.os.Handler.dispatchMessage(Handler.java:102)
02-20 20:36:21.231  1768  1768 W StatusBar: 	at android.os.Looper.loop(Looper.java:154)
02-20 20:36:21.231  1768  1768 W StatusBar: 	at android.app.ActivityThread.main(ActivityThread.java:6119)
02-20 20:36:21.231  1768  1768 W StatusBar: 	at java.lang.reflect.Method.invoke(Native Method)
02-20 20:36:21.231  1768  1768 W StatusBar: 	at com.android.internal.os.ZygoteInit$MethodAndArgsCaller.run(ZygoteInit.java:886)
02-20 20:36:21.231  1768  1768 W StatusBar: 	at com.android.internal.os.ZygoteInit.main(ZygoteInit.java:776)
02-20 20:36:21.247  1931  1947 D SubscriptionController: [getPhoneId] asked for default subId=-1
02-20 20:36:21.263  1931  1931 D CarrierConfigLoader: CarrierConfigLoader has started
02-20 20:36:21.264  1931  1931 E BluetoothAdapter: Bluetooth binder is null
02-20 20:36:21.265  1678  1691 D TelephonyRegistry: listen oscl: hasNotifySubscriptionInfoChangedOccurred==false no callback
02-20 20:36:21.276  1365  1709 V EmulatedCamera_Camera: getCameraInfo
02-20 20:36:21.276  1365  1709 V EmulatedCamera_BaseCamera: getCameraInfo
02-20 20:36:21.276  1365  1365 V EmulatedCamera_Camera: getCameraInfo
02-20 20:36:21.276  1365  1365 V EmulatedCamera_BaseCamera: getCameraInfo
02-20 20:36:21.281  1931  2068 E ActivityThread: Failed to find provider info for com.android.contacts
02-20 20:36:21.282  1931  2068 W CallerInfoCache: cursor is null
02-20 20:36:21.290  1678  1693 I SyncManager: Got SyncJobService instance.
02-20 20:36:21.290  1678  1678 I FusedLocation: engine started (com.android.location.fused)
02-20 20:36:21.294  1768  1768 I StatusBar: isKeyguardShowing() called before startKeyguard(), returning true
02-20 20:36:21.294  1768  1768 W StatusBar: isKeyguardSecure() called before startKeyguard(), returning false
02-20 20:36:21.294  1768  1768 W StatusBar: java.lang.Throwable
02-20 20:36:21.294  1768  1768 W StatusBar: 	at com.android.systemui.statusbar.BaseStatusBar.isKeyguardSecure(BaseStatusBar.java:2647)
02-20 20:36:21.294  1768  1768 W StatusBar: 	at com.android.systemui.statusbar.BaseStatusBar.isCameraAllowedByAdmin(BaseStatusBar.java:2670)
02-20 20:36:21.294  1768  1768 W StatusBar: 	at com.android.systemui.statusbar.phone.KeyguardBottomAreaView.updateCameraVisibility(KeyguardBottomAreaView.java:309)
02-20 20:36:21.294  1768  1768 W StatusBar: 	at com.android.systemui.statusbar.phone.KeyguardBottomAreaView.setUserSetupComplete(KeyguardBottomAreaView.java:281)
02-20 20:36:21.294  1768  1768 W StatusBar: 	at com.android.systemui.statusbar.phone.PhoneStatusBar$1.onChange(PhoneStatusBar.java:441)
02-20 20:36:21.294  1768  1768 W StatusBar: 	at com.android.systemui.statusbar.phone.PhoneStatusBar.resetUserSetupObserver(PhoneStatusBar.java:3676)
02-20 20:36:21.294  1768  1768 W StatusBar: 	at com.android.systemui.statusbar.phone.PhoneStatusBar.makeStatusBarView(PhoneStatusBar.java:1008)
02-20 20:36:21.294  1768  1768 W StatusBar: 	at com.android.systemui.statusbar.phone.PhoneStatusBar.addStatusBarWindow(PhoneStatusBar.java:3432)
02-20 20:36:21.294  1768  1768 W StatusBar: 	at com.android.systemui.statusbar.phone.PhoneStatusBar.createAndAddWindows(PhoneStatusBar.java:3428)
02-20 20:36:21.294  1768  1768 W StatusBar: 	at com.android.systemui.statusbar.BaseStatusBar.start(BaseStatusBar.java:765)
02-20 20:36:21.294  1768  1768 W StatusBar: 	at com.android.systemui.statusbar.phone.PhoneStatusBar.start(PhoneStatusBar.java:686)
02-20 20:36:21.294  1768  1768 W StatusBar: 	at com.android.systemui.statusbar.SystemBars.createStatusBarFromConfig(SystemBars.java:106)
02-20 20:36:21.294  1768  1768 W StatusBar: 	at com.android.systemui.statusbar.SystemBars.onNoService(SystemBars.java:58)
02-20 20:36:21.294  1768  1768 W StatusBar: 	at com.android.systemui.statusbar.ServiceMonitor.startService(ServiceMonitor.java:230)
02-20 20:36:21.294  1768  1768 W StatusBar: 	at com.android.systemui.statusbar.ServiceMonitor.-wrap5(ServiceMonitor.java)
02-20 20:36:21.294  1768  1768 W StatusBar: 	at com.android.systemui.statusbar.ServiceMonitor$1.handleMessage(ServiceMonitor.java:73)
02-20 20:36:21.294  1768  1768 W StatusBar: 	at android.os.Handler.dispatchMessage(Handler.java:102)
02-20 20:36:21.294  1768  1768 W StatusBar: 	at android.os.Looper.loop(Looper.java:154)
02-20 20:36:21.294  1768  1768 W StatusBar: 	at android.app.ActivityThread.main(ActivityThread.java:6119)
02-20 20:36:21.294  1768  1768 W StatusBar: 	at java.lang.reflect.Method.invoke(Native Method)
02-20 20:36:21.294  1768  1768 W StatusBar: 	at com.android.internal.os.ZygoteInit$MethodAndArgsCaller.run(ZygoteInit.java:886)
02-20 20:36:21.294  1768  1768 W StatusBar: 	at com.android.internal.os.ZygoteInit.main(ZygoteInit.java:776)
02-20 20:36:21.295  1768  1922 D OpenGLRenderer: profile bars disabled
02-20 20:36:21.295  1768  1922 D OpenGLRenderer: ambientRatio = 1.50
02-20 20:36:21.292  1931  1944 D SubscriptionController: [getPhoneId]- no sims, returning default phoneId=2147483647
02-20 20:36:21.306  1768  1768 D PhoneStatusBar: disable: < EXPAND* icons alerts system_info BACK* HOME* RECENT* clock SEARCH* quick_settings >
02-20 20:36:21.315  1931  1931 D RILJ    : [3655]> RIL_REQUEST_SET_TTY_MODE : 0 [SUB0]
02-20 20:36:21.318  1374  1520 D RIL     : onRequest: SET_TTY_MODE
02-20 20:36:21.318  1931  2015 D RilRequest: [3655]< RIL_REQUEST_SET_TTY_MODE error: com.android.internal.telephony.CommandException: RADIO_NOT_AVAILABLE ret=
02-20 20:36:21.318  1931  1931 I Telephony: TtyManager: updateUiTtyMode -1 -> 0
02-20 20:36:21.321  1678  1691 D TelephonyRegistry: listen oscl: hasNotifySubscriptionInfoChangedOccurred==false no callback
02-20 20:36:21.321  1931  1944 D SubscriptionController: [getSlotId]- subId invalid
02-20 20:36:21.321  1931  1931 D SubscriptionController: [getPhoneId] asked for default subId=-1
02-20 20:36:21.321  1768  2067 D TelephonyManager: getSimState: default sim:-1, sim state for slotIdx=0 is 6, return state as unknown
02-20 20:36:21.324  1931  1931 D UiccController: Received EVENT_ICC_STATUS_CHANGED, calling getIccCardStatus
02-20 20:36:21.324  1931  1931 D RILJ    : [3656]> GET_SIM_STATUS [SUB0]
02-20 20:36:21.325  1931  1931 D Phone   : config LCE service failed: com.android.internal.telephony.CommandException: RADIO_NOT_AVAILABLE
02-20 20:36:21.325  1931  1931 D GsmSMSDispatcher: GsmSMSDispatcher: subId = -2 slotId = 0
02-20 20:36:21.325  1931  1931 E IccCardProxy: setExternalState: !override and newstate unchanged from NOT_READY
02-20 20:36:21.325  1931  1931 D RILJ    : [3657]> BASEBAND_VERSION [SUB0]
02-20 20:36:21.326  1931  1931 D RILJ    : [3658]> GET_IMEI [SUB0]
02-20 20:36:21.326  1931  1931 D RILJ    : [3659]> GET_IMEISV [SUB0]
02-20 20:36:21.326  1931  1931 D RILJ    : [3660]> RIL_REQUEST_GET_RADIO_CAPABILITY [SUB0]
02-20 20:36:21.326  1931  1931 D RILJ    : [3661]> RIL_REQUEST_START_LCE [SUB0]
02-20 20:36:21.326  1931  1931 D GsmCdmaPhone: [GsmCdmaPhone] Event EVENT_RADIO_OFF_OR_NOT_AVAILABLE Received
02-20 20:36:21.326  1931  1931 E IccCardProxy: setExternalState: !override and newstate unchanged from NOT_READY
02-20 20:36:21.326  1931  1931 D SST     : mDeviceShuttingDown=false, mDesiredPowerState=true, getRadioState=RADIO_OFF, mPowerOffDelayNeed=true, mAlarmSwitch=false, mRadioDisabledByCarrier=false
02-20 20:36:21.326  1931  1931 D RILJ    : [3662]> RADIO_POWER on [SUB0]
02-20 20:36:21.326  1931  1931 D RILJ    : [3663]> OPERATOR [SUB0]
02-20 20:36:21.326  1931  1931 D RILJ    : [3664]> DATA_REGISTRATION_STATE [SUB0]
02-20 20:36:21.329  1931  1931 D RILJ    : [3665]> VOICE_REGISTRATION_STATE [SUB0]
02-20 20:36:21.329  1931  1931 D RILJ    : [3666]> QUERY_NETWORK_SELECTION_MODE [SUB0]
02-20 20:36:21.329  1374  1520 D RIL     : onRequest: GET_SIM_STATUS
02-20 20:36:21.329  1374  1520 D RIL     : getSIMStatus(). sState: 0
02-20 20:36:21.329  1931  1931 D SST     : NITZ: 18/02/20:20:36:15+0:0:Unknown!Unknown,4205 start=11329 delay=7124
02-20 20:36:21.329  1931  1931 D SST     : NITZ: tzOffset=0 dst=0 zone=GMT iso= mGotCountryCode=false mNeedFixZoneAfterNitz=false
02-20 20:36:21.329  1931  2015 D RILJ    : [3656]< GET_SIM_STATUS IccCardState {CARDSTATE_PRESENT,PINSTATE_UNKNOWN,num_apps=2,gsm_id=0{APPTYPE_SIM,APPSTATE_DETECTED},cdma_id=1{APPTYPE_RUIM,APPSTATE_DETECTED},ims_id=8} [SUB0]
02-20 20:36:21.330  1374  1520 D RIL     : onRequest: BASEBAND_VERSION
02-20 20:36:21.330  1931  1931 D SST     : setAndBroadcastNetworkSetTimeZone: setTimeZone=GMT
02-20 20:36:21.330  1931  2015 D RilRequest: [3657]< BASEBAND_VERSION error: com.android.internal.telephony.CommandException: RADIO_NOT_AVAILABLE ret=
02-20 20:36:21.330  1374  1520 D RIL     : onRequest: GET_IMEI
02-20 20:36:21.330  1374  1520 D AT      : AT> AT+CGSN
02-20 20:36:21.330  1678  1972 D AlarmManagerService: Kernel timezone updated to 0 minutes west of GMT
02-20 20:36:21.330  1374  1523 D AT      : AT< 000000000000000
02-20 20:36:21.330  1374  1523 D AT      : AT< OK
02-20 20:36:21.330  1374  1520 D RIL     : onRequest: GET_IMEISV
02-20 20:36:21.330  1374  1520 D RIL     : onRequest: RIL_REQUEST_GET_RADIO_CAPABILITY
02-20 20:36:21.330  1374  1520 D RIL     : onRequest: <unknown request>
02-20 20:36:21.330  1374  1520 D RIL     : onRequest: RADIO_POWER
02-20 20:36:21.330  1374  1520 D AT      : AT> AT+CFUN=1
02-20 20:36:21.330  1374  1523 D AT      : AT< OK
02-20 20:36:21.330  1931  2015 D RILJ    : [3658]< GET_IMEI  [SUB0]
02-20 20:36:21.330  1931  2015 D RilRequest: [3659]< GET_IMEISV error: com.android.internal.telephony.CommandException: RADIO_NOT_AVAILABLE ret=
02-20 20:36:21.330  1931  2015 D RilRequest: [3660]< RIL_REQUEST_GET_RADIO_CAPABILITY error: com.android.internal.telephony.CommandException: RADIO_NOT_AVAILABLE ret=
02-20 20:36:21.330  1931  2015 D RilRequest: [3661]< RIL_REQUEST_START_LCE error: com.android.internal.telephony.CommandException: RADIO_NOT_AVAILABLE ret=
02-20 20:36:21.330  1374  1520 D RIL     : setRadioState(10)
02-20 20:36:21.330  1374  1520 D RIL     : onRequest: OPERATOR
02-20 20:36:21.330  1374  1520 D AT      : AT> AT+COPS=3,0;+COPS?;+COPS=3,1;+COPS?;+COPS=3,2;+COPS?
02-20 20:36:21.330  1931  2015 D RILJ    : [UNSL]< UNSOL_RESPONSE_RADIO_STATE_CHANGED RADIO_ON [SUB0]
02-20 20:36:21.330  1374  1523 D AT      : AT< +COPS: 0,0,"Android"
02-20 20:36:21.330  1374  1523 D AT      : AT< +COPS: 0,1,"Android"
02-20 20:36:21.330  1931  2015 D RILJ    : [UNSL]< UNSOL_RESPONSE_SIM_STATUS_CHANGED [SUB0]
02-20 20:36:21.330  1374  1523 D AT      : AT< +COPS: 0,2,"310260"
02-20 20:36:21.330  1374  1523 D AT      : AT< OK
02-20 20:36:21.330  1931  2015 D RILJ    : [3662]< RADIO_POWER  [SUB0]
02-20 20:36:21.330  1374  1520 D RIL     : onRequest: DATA_REGISTRATION_STATE
02-20 20:36:21.330  1374  1520 D RIL     : requestRegistrationState
02-20 20:36:21.330  1374  1520 D AT      : AT> AT+CGREG?
02-20 20:36:21.330  1374  1523 D AT      : AT< +CGREG: 1,1,"0003","005b","000e"
02-20 20:36:21.330  1374  1523 D AT      : AT< OK
02-20 20:36:21.330  1931  2015 D RILJ    : [3663]< OPERATOR {Android, Android, 310260} [SUB0]
02-20 20:36:21.330  1374  1520 D RIL     : parseRegistrationState. Parsing: +CGREG: 1,1,"0003","005b","000e"
02-20 20:36:21.330  1374  1520 D RIL     : registration state type: 3GPP
02-20 20:36:21.330  1931  1931 D SST     : setAndBroadcastNetworkSetTimeZone: call alarm.setTimeZone and broadcast zoneId=GMT
02-20 20:36:21.330  1931  2015 D RILJ    : [3664]< DATA_REGISTRATION_STATE {1, 3, 5b, 14, null, null} [SUB0]
02-20 20:36:21.330  1374  1520 D RIL     : onRequest: VOICE_REGISTRATION_STATE
02-20 20:36:21.330  1374  1520 D RIL     : requestRegistrationState
02-20 20:36:21.330  1374  1520 D AT      : AT> AT+CREG?
02-20 20:36:21.331  1374  1523 D AT      : AT< +CREG: 2,1, "0003", "005b"
02-20 20:36:21.331  1374  1523 D AT      : AT< OK
02-20 20:36:21.331  1374  1520 D RIL     : parseRegistrationState. Parsing: +CREG: 2,1, "0003", "005b"
02-20 20:36:21.331  1374  1520 D RIL     : registration state type: 3GPP
02-20 20:36:21.331  1374  1520 D RIL     : onRequest: QUERY_NETWORK_SELECTION_MODE
02-20 20:36:21.331  1374  1520 D AT      : AT> AT+COPS?
02-20 20:36:21.331  1374  1523 D AT      : AT< +COPS: 0,2,310260
02-20 20:36:21.331  1374  1523 D AT      : AT< OK
02-20 20:36:21.331  1931  2015 D RILJ    : [3665]< VOICE_REGISTRATION_STATE {1, 3, 5b, 0, null, null, null, null, null, null, null, null, null, null, null} [SUB0]
02-20 20:36:21.331  1931  2015 D RILJ    : [3666]< QUERY_NETWORK_SELECTION_MODE {0} [SUB0]
02-20 20:36:21.331  1931  1931 D SST     : NITZ: Setting time of day to Tue Feb 20 20:36:22 GMT+00:00 2018 NITZ receive delay(ms): 7126 gained(ms): 795 from 18/02/20:20:36:15+0:0:Unknown!Unknown
02-20 20:36:21.331  1931  1931 D SST     : setAndBroadcastNetworkSetTime: time=1519158982126ms
02-20 20:36:21.331  1678  1972 D AlarmManagerService: Setting time of day to sec=1519158982
02-20 20:36:22.126  1678  1972 W AlarmManagerService: Unable to set rtc to 1519158982: No such device
02-20 20:36:22.127  1678  1678 D ConditionProviders.SCP: onReceive android.intent.action.TIME_SET
02-20 20:36:22.127  1678  1678 D ConditionProviders.SCP: notifyCondition condition://android/schedule?days=6.7&start=23.30&end=10.0&exitAtAlarm=false STATE_FALSE reason=!meetsSchedule
02-20 20:36:22.127  1678  1678 D ConditionProviders.SCP: notifyCondition condition://android/schedule?days=1.2.3.4.5&start=22.0&end=7.0&exitAtAlarm=false STATE_FALSE reason=!meetsSchedule
02-20 20:36:22.127  1678  1678 D ConditionProviders.SCP: Scheduling evaluate for Tue Feb 20 22:00:00 GMT+00:00 2018 (1519164000000), in +1h23m37s873ms, now=Tue Feb 20 20:36:22 GMT+00:00 2018 (1519158982127)
02-20 20:36:22.128  1678  1746 E ActivityThread: Failed to find provider info for com.android.calendar
02-20 20:36:22.128  1678  1746 E ActivityThread: Failed to find provider info for com.android.calendar
02-20 20:36:22.133  1931  1931 I SST     : NITZ: after Setting time of day
02-20 20:36:22.133  1931  1931 D SST     : NITZ: end=11339 dur=10
02-20 20:36:22.133  1768  2071 E ActivityThread: Failed to find provider info for com.android.contacts
02-20 20:36:22.134  1931  1931 D SST     : mDeviceShuttingDown=false, mDesiredPowerState=true, getRadioState=RADIO_ON, mPowerOffDelayNeed=true, mAlarmSwitch=false, mRadioDisabledByCarrier=false
02-20 20:36:22.134  1931  1931 D RILJ    : [3667]> OPERATOR [SUB0]
02-20 20:36:22.135  1931  1931 D RILJ    : [3668]> DATA_REGISTRATION_STATE [SUB0]
02-20 20:36:22.135  1374  1520 D RIL     : onRequest: OPERATOR
02-20 20:36:22.135  1374  1520 D AT      : AT> AT+COPS=3,0;+COPS?;+COPS=3,1;+COPS?;+COPS=3,2;+COPS?
02-20 20:36:22.135  1374  1523 D AT      : AT< +COPS: 0,0,"Android"
02-20 20:36:22.135  1374  1523 D AT      : AT< +COPS: 0,1,"Android"
02-20 20:36:22.135  1374  1523 D AT      : AT< +COPS: 0,2,"310260"
02-20 20:36:22.135  1374  1523 D AT      : AT< OK
02-20 20:36:22.135  1931  2015 D RILJ    : [3667]< OPERATOR {Android, Android, 310260} [SUB0]
02-20 20:36:22.135  1374  1520 D RIL     : onRequest: DATA_REGISTRATION_STATE
02-20 20:36:22.135  1374  1520 D RIL     : requestRegistrationState
02-20 20:36:22.135  1374  1520 D AT      : AT> AT+CGREG?
02-20 20:36:22.135  1374  1523 D AT      : AT< +CGREG: 1,1,"0003","005b","000e"
02-20 20:36:22.135  1374  1523 D AT      : AT< OK
02-20 20:36:22.135  1374  1520 D RIL     : parseRegistrationState. Parsing: +CGREG: 1,1,"0003","005b","000e"
02-20 20:36:22.135  1374  1520 D RIL     : registration state type: 3GPP
02-20 20:36:22.135  1931  2015 D RILJ    : [3668]< DATA_REGISTRATION_STATE {1, 3, 5b, 14, null, null} [SUB0]
02-20 20:36:22.136  1931  1931 D RILJ    : [3669]> VOICE_REGISTRATION_STATE [SUB0]
02-20 20:36:22.137  1931  1931 D RILJ    : [3670]> QUERY_NETWORK_SELECTION_MODE [SUB0]
02-20 20:36:22.137  1931  1931 D SST     : onSignalStrengthResult() Exception from RIL : com.android.internal.telephony.CommandException: RADIO_NOT_AVAILABLE
02-20 20:36:22.137  1374  1520 D RIL     : onRequest: VOICE_REGISTRATION_STATE
02-20 20:36:22.137  1374  1520 D RIL     : requestRegistrationState
02-20 20:36:22.137  1374  1520 D AT      : AT> AT+CREG?
02-20 20:36:22.138  1374  1523 D AT      : AT< +CREG: 2,1, "0003", "005b"
02-20 20:36:22.138  1374  1523 D AT      : AT< OK
02-20 20:36:22.138  1374  1520 D RIL     : parseRegistrationState. Parsing: +CREG: 2,1, "0003", "005b"
02-20 20:36:22.138  1374  1520 D RIL     : registration state type: 3GPP
02-20 20:36:22.138  1374  1520 D RIL     : onRequest: QUERY_NETWORK_SELECTION_MODE
02-20 20:36:22.138  1374  1520 D AT      : AT> AT+COPS?
02-20 20:36:22.138  1931  2015 D RILJ    : [3669]< VOICE_REGISTRATION_STATE {1, 3, 5b, 0, null, null, null, null, null, null, null, null, null, null, null} [SUB0]
02-20 20:36:22.139  1374  1523 D AT      : AT< +COPS: 0,2,310260
02-20 20:36:22.139  1374  1523 D AT      : AT< OK
02-20 20:36:22.139  1931  1931 D DCT     : [0]NETWORK_STATE_CHANGED_ACTION: mIsWifiConnected=false
02-20 20:36:22.139  1931  1931 D DCT     : [0]Wifi state changed
02-20 20:36:22.139  1931  2015 D RILJ    : [3670]< QUERY_NETWORK_SELECTION_MODE {0} [SUB0]
02-20 20:36:22.139  1931  1931 D DCT     : [0]WIFI_STATE_CHANGED_ACTION: enabled=true mIsWifiConnected=false
02-20 20:36:22.139  1931  1931 D DCT     : [0]onRadioAvailable
02-20 20:36:22.139  1931  1931 D DCT     : [0]onRadioOffOrNotAvailable: is off and clean up all connections
02-20 20:36:22.139  1931  1931 D DCT     : [0]cleanUpAllConnections: tearDown=false reason=radioTurnedOff
02-20 20:36:22.139  1931  1931 D GsmCdmaPhone: [GsmCdmaPhone] getDataConnectionState apnType=default ret=DISCONNECTED
02-20 20:36:22.141  1931  1931 D DCT     : [0]cleanUpConnection: X tearDown=false reason=radioTurnedOff apnContext={mApnType=default mState=IDLE mWaitingApns={null} mApnSetting={null} mReason=radioTurnedOff mDataEnabled=false mDependencyMet=true} dcac=null
02-20 20:36:22.141  1931  1931 D GsmCdmaPhone: [GsmCdmaPhone] getDataConnectionState apnType=mms ret=DISCONNECTED
02-20 20:36:22.143  1931  1931 D DCT     : [0]cleanUpConnection: X tearDown=false reason=radioTurnedOff apnContext={mApnType=mms mState=IDLE mWaitingApns={null} mApnSetting={null} mReason=radioTurnedOff mDataEnabled=false mDependencyMet=true} dcac=null
02-20 20:36:22.143  1931  1931 D GsmCdmaPhone: [GsmCdmaPhone] getDataConnectionState apnType=cbs ret=DISCONNECTED
02-20 20:36:22.149  1931  1931 D DCT     : [0]cleanUpConnection: X tearDown=false reason=radioTurnedOff apnContext={mApnType=cbs mState=IDLE mWaitingApns={null} mApnSetting={null} mReason=radioTurnedOff mDataEnabled=false mDependencyMet=true} dcac=null
02-20 20:36:22.149  1931  1931 D GsmCdmaPhone: [GsmCdmaPhone] getDataConnectionState apnType=fota ret=DISCONNECTED
02-20 20:36:22.150  1931  1931 D DCT     : [0]cleanUpConnection: X tearDown=false reason=radioTurnedOff apnContext={mApnType=fota mState=IDLE mWaitingApns={null} mApnSetting={null} mReason=radioTurnedOff mDataEnabled=false mDependencyMet=true} dcac=null
02-20 20:36:22.150  1931  1931 D GsmCdmaPhone: [GsmCdmaPhone] getDataConnectionState apnType=supl ret=DISCONNECTED
02-20 20:36:22.150  1931  1931 D DCT     : [0]cleanUpConnection: X tearDown=false reason=radioTurnedOff apnContext={mApnType=supl mState=IDLE mWaitingApns={null} mApnSetting={null} mReason=radioTurnedOff mDataEnabled=false mDependencyMet=true} dcac=null
02-20 20:36:22.150  1931  1931 D GsmCdmaPhone: [GsmCdmaPhone] getDataConnectionState apnType=ia ret=DISCONNECTED
02-20 20:36:22.151  1931  1931 D DCT     : [0]cleanUpConnection: X tearDown=false reason=radioTurnedOff apnContext={mApnType=ia mState=IDLE mWaitingApns={null} mApnSetting={null} mReason=radioTurnedOff mDataEnabled=false mDependencyMet=true} dcac=null
02-20 20:36:22.151  1931  1931 D GsmCdmaPhone: [GsmCdmaPhone] getDataConnectionState apnType=emergency ret=DISCONNECTED
02-20 20:36:22.151  1931  1931 D DCT     : [0]cleanUpConnection: X tearDown=false reason=radioTurnedOff apnContext={mApnType=emergency mState=IDLE mWaitingApns={null} mApnSetting={null} mReason=radioTurnedOff mDataEnabled=false mDependencyMet=true} dcac=null
02-20 20:36:22.151  1931  1931 D GsmCdmaPhone: [GsmCdmaPhone] getDataConnectionState apnType=hipri ret=DISCONNECTED
02-20 20:36:22.152  1931  1931 D DCT     : [0]cleanUpConnection: X tearDown=false reason=radioTurnedOff apnContext={mApnType=hipri mState=IDLE mWaitingApns={null} mApnSetting={null} mReason=radioTurnedOff mDataEnabled=false mDependencyMet=true} dcac=null
02-20 20:36:22.152  1931  1931 D GsmCdmaPhone: [GsmCdmaPhone] getDataConnectionState apnType=ims ret=DISCONNECTED
02-20 20:36:22.152  1931  1931 D DCT     : [0]cleanUpConnection: X tearDown=false reason=radioTurnedOff apnContext={mApnType=ims mState=IDLE mWaitingApns={null} mApnSetting={null} mReason=radioTurnedOff mDataEnabled=false mDependencyMet=true} dcac=null
02-20 20:36:22.152  1931  1931 D DCT     : [0]stopNetStatPoll
02-20 20:36:22.152  1931  1931 D DCT     : [0]cleanUpConnection: mDisconnectPendingCount = 0
02-20 20:36:22.152  1931  1931 D DCT     : [0]isDataAllowed: No - SIM not loaded - Not attached
02-20 20:36:22.157  1931  1931 D DCT     : [0]onDataConnectionDetached: stop polling and notify detached
02-20 20:36:22.157  1931  1931 D DCT     : [0]stopNetStatPoll
02-20 20:36:22.157  1931  1931 D DCT     : [0]notifyDataConnection: reason=dataDetached
02-20 20:36:22.157  1931  1931 D DCT     : [0]isDataAllowed: No - SIM not loaded - Not attached
02-20 20:36:22.158  1931  1947 D SubscriptionController: [getSlotId]- subId invalid
02-20 20:36:22.158  1768  2067 D TelephonyManager: getSimState: default sim:-1, sim state for slotIdx=0 is 6, return state as unknown
02-20 20:36:22.168  1931  1931 D DCT     : [0]onRoamingOff
02-20 20:36:22.168  1931  1931 D DCT     : [0]isDataAllowed: No - SIM not loaded - Not attached
02-20 20:36:22.173  1931  1931 D DCT     : [0]setupDataOnConnectableApns: roamingOff hipri:[state=IDLE,enabled=false] mms:[state=IDLE,enabled=false] supl:[state=IDLE,enabled=false] ia:[state=IDLE,enabled=false] fota:[state=IDLE,enabled=false] ims:[state=IDLE,enabled=false] cbs:[state=IDLE,enabled=false] default:[state=IDLE,enabled=false] emergency:[state=IDLE,enabled=false] 
02-20 20:36:22.173  1931  1931 D DCT     : [0]setupDataOnConnectableApns: nwTypeChanged hipri:[state=IDLE,enabled=false] mms:[state=IDLE,enabled=false] supl:[state=IDLE,enabled=false] ia:[state=IDLE,enabled=false] fota:[state=IDLE,enabled=false] ims:[state=IDLE,enabled=false] cbs:[state=IDLE,enabled=false] default:[state=IDLE,enabled=false] emergency:[state=IDLE,enabled=false] 
02-20 20:36:22.173  1931  1931 D SubscriptionInfoUpdater: [Receiver]+
02-20 20:36:22.173  1931  1931 D SubscriptionInfoUpdater: Action: android.intent.action.SIM_STATE_CHANGED
02-20 20:36:22.174  1931  1931 D SubscriptionInfoUpdater: slotId: 0
02-20 20:36:22.174  1931  1931 D SubscriptionInfoUpdater: simStatus: NOT_READY
02-20 20:36:22.174  1931  1931 D SubscriptionInfoUpdater: Ignoring simStatus: NOT_READY
