02-20 20:36:22.174  1931  1931 D SubscriptionInfoUpdater: [Receiver]-
02-20 20:36:22.174  1931  1931 D PhoneSwitcherNetworkRequstListener: got request NetworkRequest [ REQUEST id=1, [ Capabilities: INTERNET&NOT_RESTRICTED&TRUSTED&NOT_VPN] ] with score 0
02-20 20:36:22.174  1931  1931 D TelephonyNetworkFactory[0]: onSubIdChange -1->-2
02-20 20:36:22.175  1931  1931 D TelephonyNetworkFactory[0]: got request NetworkRequest [ REQUEST id=1, [ Capabilities: INTERNET&NOT_RESTRICTED&TRUSTED&NOT_VPN] ] with score 0
02-20 20:36:22.175  1931  1931 D DebugService: DebugService DebugService:
02-20 20:36:22.175  1931  1931 D TelephonyDebugService: TelephonyDebugService()
02-20 20:36:22.176  1931  1931 D CarrierConfigLoader: mHandler: 12 phoneId: 0
02-20 20:36:22.179  1931  1931 D RILJ    : [3671]> RIL_REQUEST_QUERY_TTY_MODE [SUB0]
02-20 20:36:22.188  1374  1520 D RIL     : onRequest: QUERY_TTY_MODE
02-20 20:36:22.188  1374  1520 D RIL     : Request not supported. Tech: 1
02-20 20:36:22.188  1931  2015 D RilRequest: [3671]< RIL_REQUEST_QUERY_TTY_MODE error: com.android.internal.telephony.CommandException: REQUEST_NOT_SUPPORTED ret=
02-20 20:36:22.194  1931  1931 D UiccController: Received EVENT_GET_ICC_STATUS_DONE
02-20 20:36:22.195  1931  1931 D UiccCard: 2 applications
02-20 20:36:22.195  1931  1931 D UiccCardApplication: Creating UiccApp: {APPTYPE_SIM,APPSTATE_DETECTED}
02-20 20:36:22.196  1931  1931 W VoiceMailConstants: Can't open /system/etc/voicemail-conf.xml
02-20 20:36:22.197  1931  1931 D SpnOverride: No SPN in OEM image = /oem/telephony/spn-conf.xml Load SPN from system image
02-20 20:36:22.197  1931  1931 W SpnOverride: Can not open /system/etc/spn-conf.xml
02-20 20:36:22.197  1931  1931 D SIMRecords: [SIMRecords] setting0 mMncLength-1
02-20 20:36:22.197  1931  1931 D SIMRecords: [SIMRecords] SIMRecords: onRadioOffOrNotAvailable set 'gsm.sim.operator.numeric' to operator=null
02-20 20:36:22.197  1931  1931 D SIMRecords: [SIMRecords] update icc_operator_numeric=null
02-20 20:36:22.198  1931  1931 D TelephonyManager: setTelephonyProperty: success phoneId=0 property=gsm.sim.operator.numeric value:  propVal=
02-20 20:36:22.200  1931  1931 D TelephonyManager: setTelephonyProperty: success phoneId=0 property=gsm.sim.operator.alpha value:  propVal=
02-20 20:36:22.200  1931  1931 D TelephonyManager: setTelephonyProperty: success phoneId=0 property=gsm.sim.operator.iso-country value:  propVal=
02-20 20:36:22.200  1931  1931 D SIMRecords: [SIMRecords] getOperatorNumeric: IMSI == null
02-20 20:36:22.201  1931  1931 D SIMRecords: [SIMRecords] SIMRecords X ctor this=SimRecords: mDestroyed=false mContext=com.android.phone.PhoneGlobals@36615d9 mCi=com.android.internal.telephony.RIL@40f0f43 mFh=Handler (com.android.internal.telephony.uicc.SIMFileHandler) {bf59b9e} mParentApp=com.android.internal.telephony.uicc.UiccCardApplication@731967f recordsLoadedRegistrants=android.os.RegistrantList@131f64c mImsiReadyRegistrants=android.os.RegistrantList@6193695 mRecordsEventsRegistrants=android.os.RegistrantList@39bd3aa mNewSmsRegistrants=android.os.RegistrantList@3531b9b mNetworkSelectionModeAutomaticRegistrants=android.os.RegistrantList@1ae2b38 recordsToLoad=0 adnCache=Handler (com.android.internal.telephony.uicc.AdnRecordCache) {da3a711} recordsRequested=false iccid=null msisdnTag=null voiceMailNum=null voiceMailTag=null voiceMailNum=null newVoiceMailTag=null isVoiceMailFixed=false mImsi=null mncLength=-1 mailboxIndex=0 spn=null mVmConfigcom.android.internal.telephony.uicc.VoiceMailConstants@3bb8076 mSpnOverride=mSpnOverride callForwardingEnabled=0 spnState=null mCphsInfo=null mCspPlmnEnabled=true efMWIS=null efCPHS_MWI=null mEfCff=null mEfCfis=null getOperatorNumeric=null
02-20 20:36:22.210  1678  1866 I am_proc_start: [0,2075,10067,com.google.android.deskclock,broadcast,com.google.android.deskclock/com.android.deskclock.AlarmInitReceiver]
02-20 20:36:22.210  1678  1866 I ActivityManager: Start proc 2075:com.google.android.deskclock/u0a67 for broadcast com.google.android.deskclock/com.android.deskclock.AlarmInitReceiver
02-20 20:36:22.211  1931  1931 D UiccCardApplication: Creating UiccApp: {APPTYPE_RUIM,APPSTATE_DETECTED}
02-20 20:36:22.211  1931  1931 D RuimRecords: [RuimRecords] setting0 mMncLength-1
02-20 20:36:22.212  1931  1931 D RuimRecords: [RuimRecords] RuimRecords X ctor this=RuimRecords: mDestroyed=false mContext=com.android.phone.PhoneGlobals@36615d9 mCi=com.android.internal.telephony.RIL@40f0f43 mFh=Handler (com.android.internal.telephony.uicc.RuimFileHandler) {db6c2e4} mParentApp=com.android.internal.telephony.uicc.UiccCardApplication@68aa34d recordsLoadedRegistrants=android.os.RegistrantList@1572e02 mImsiReadyRegistrants=android.os.RegistrantList@9af6313 mRecordsEventsRegistrants=android.os.RegistrantList@38f2950 mNewSmsRegistrants=android.os.RegistrantList@66b2749 mNetworkSelectionModeAutomaticRegistrants=android.os.RegistrantList@d0e284e recordsToLoad=0 adnCache=Handler (com.android.internal.telephony.uicc.AdnRecordCache) {9a31d6f} recordsRequested=false iccid=null msisdnTag=null voiceMailNum=null voiceMailTag=null voiceMailNum=null newVoiceMailTag=null isVoiceMailFixed=false mImsi=null mncLength=-1 mailboxIndex=0 spn=null m_ota_commitedfalse mMyMobileNumber=xxxx mMin2Min1=null mPrlVersion=null mEFpl=null mEFli=null mCsimSpnDisplayCondition=false mMdn=null mMin=null mHomeSystemId=null mHomeNetworkId=null
02-20 20:36:22.213  2075  2075 W art     : Unexpected CPU variant for X86 using defaults: x86_64
02-20 20:36:22.217  1931  1931 D CAT     : CatService: registerForRecordsLoaded slotid=0 instance:Handler (com.android.internal.telephony.cat.CatService) {19ed268}
02-20 20:36:22.218  1931  1931 D CAT     : CatService: Running CAT service on Slotid: 0. STK app installed:false
02-20 20:36:22.224  1931  1931 D UiccCard: Before privilege rules: null : CARDSTATE_PRESENT
02-20 20:36:22.225  1931  1931 D RILJ    : [3672]> RIL_REQUEST_SIM_OPEN_CHANNEL [SUB0]
02-20 20:36:22.226  1374  1520 D RIL     : onRequest: SIM_OPEN_CHANNEL
02-20 20:36:22.226  1374  1520 D AT      : AT> AT+CCHO=A00000015141434C00
02-20 20:36:22.226  1374  1523 D AT      : AT< 1
02-20 20:36:22.226  1374  1523 D AT      : AT< OK
02-20 20:36:22.226  1931  2015 D RILJ    : [3672]< RIL_REQUEST_SIM_OPEN_CHANNEL  [SUB0]
02-20 20:36:22.226  1931  1931 E UiccCard: App index 8 is invalid since there are no applications
02-20 20:36:22.226  1931  1931 D UiccCard: update: radioState=RADIO_ON mLastRadioState=RADIO_UNAVAILABLE
02-20 20:36:22.226  1931  1931 D UiccController: Notifying IccChangedRegistrants
02-20 20:36:22.228  1931  1931 D GsmCdmaPhone: get phone radio capability fail, no need to change mRadioCapability
02-20 20:36:22.228  1931  1931 D GsmCdmaPhone: EVENT_GET_RADIO_CAPABILITY: phone rc: null
02-20 20:36:22.228  1931  1931 D Phone   : config LCE service failed: com.android.internal.telephony.CommandException: RADIO_NOT_AVAILABLE
02-20 20:36:22.228  1931  1931 D SST     : mDeviceShuttingDown=false, mDesiredPowerState=true, getRadioState=RADIO_ON, mPowerOffDelayNeed=true, mAlarmSwitch=false, mRadioDisabledByCarrier=false
02-20 20:36:22.228  1931  1931 D RILJ    : [3673]> OPERATOR [SUB0]
02-20 20:36:22.228  1374  1520 D RIL     : onRequest: OPERATOR
02-20 20:36:22.228  1374  1520 D AT      : AT> AT+COPS=3,0;+COPS?;+COPS=3,1;+COPS?;+COPS=3,2;+COPS?
02-20 20:36:22.228  1374  1523 D AT      : AT< +COPS: 0,0,"Android"
02-20 20:36:22.228  1374  1523 D AT      : AT< +COPS: 0,1,"Android"
02-20 20:36:22.228  1374  1523 D AT      : AT< +COPS: 0,2,"310260"
02-20 20:36:22.228  1374  1523 D AT      : AT< OK
02-20 20:36:22.228  1931  2015 D RILJ    : [3673]< OPERATOR {Android, Android, 310260} [SUB0]
02-20 20:36:22.229  1931  1931 D RILJ    : [3674]> DATA_REGISTRATION_STATE [SUB0]
02-20 20:36:22.229  1374  1520 D RIL     : onRequest: DATA_REGISTRATION_STATE
02-20 20:36:22.229  1374  1520 D RIL     : requestRegistrationState
02-20 20:36:22.229  1374  1520 D AT      : AT> AT+CGREG?
02-20 20:36:22.229  1931  1931 D RILJ    : [3675]> VOICE_REGISTRATION_STATE [SUB0]
02-20 20:36:22.230  1931  1931 D RILJ    : [3676]> QUERY_NETWORK_SELECTION_MODE [SUB0]
02-20 20:36:22.230  1931  1931 D RILJ    : [3677]> GET_CURRENT_CALLS [SUB0]
02-20 20:36:22.230  1931  1931 D RILJ    : [3678]> RIL_REQUEST_IMS_REGISTRATION_STATE [SUB0]
02-20 20:36:22.230  1374  1523 D AT      : AT< +CGREG: 1,1,"0003","005b","000e"
02-20 20:36:22.230  1374  1523 D AT      : AT< OK
02-20 20:36:22.230  1374  1520 D RIL     : parseRegistrationState. Parsing: +CGREG: 1,1,"0003","005b","000e"
02-20 20:36:22.230  1374  1520 D RIL     : registration state type: 3GPP
02-20 20:36:22.230  1374  1520 D RIL     : onRequest: VOICE_REGISTRATION_STATE
02-20 20:36:22.230  1374  1520 D RIL     : requestRegistrationState
02-20 20:36:22.230  1374  1520 D AT      : AT> AT+CREG?
02-20 20:36:22.230  1931  2015 D RILJ    : [3674]< DATA_REGISTRATION_STATE {1, 3, 5b, 14, null, null} [SUB0]
02-20 20:36:22.231  1931  1931 D RILJ    : [3679]> RIL_REQUEST_CDMA_GET_SUBSCRIPTION_SOURCE [SUB0]
02-20 20:36:22.231  1374  1523 D AT      : AT< +CREG: 2,1, "0003", "005b"
02-20 20:36:22.231  1374  1523 D AT      : AT< OK
02-20 20:36:22.231  1374  1520 D RIL     : parseRegistrationState. Parsing: +CREG: 2,1, "0003", "005b"
02-20 20:36:22.231  1374  1520 D RIL     : registration state type: 3GPP
02-20 20:36:22.231  1374  1520 D RIL     : onRequest: QUERY_NETWORK_SELECTION_MODE
02-20 20:36:22.231  1374  1520 D AT      : AT> AT+COPS?
02-20 20:36:22.231  1931  1931 D GsmCdmaPhone: [GsmCdmaPhone] Event EVENT_RADIO_ON Received
02-20 20:36:22.231  1931  2015 D RILJ    : [3675]< VOICE_REGISTRATION_STATE {1, 3, 5b, 0, null, null, null, null, null, null, null, null, null, null, null} [SUB0]
02-20 20:36:22.231  1931  1931 D RILJ    : [3680]> RIL_REQUEST_VOICE_RADIO_TECH [SUB0]
02-20 20:36:22.231  1374  1523 D AT      : AT< +COPS: 0,2,310260
02-20 20:36:22.231  1374  1523 D AT      : AT< OK
02-20 20:36:22.231  1374  1520 D RIL     : onRequest: GET_CURRENT_CALLS
02-20 20:36:22.231  1374  1520 D AT      : AT> AT+CLCC
02-20 20:36:22.231  1931  2015 D RILJ    : [3676]< QUERY_NETWORK_SELECTION_MODE {0} [SUB0]
02-20 20:36:22.231  1931  1931 D UiccController: Received EVENT_ICC_STATUS_CHANGED, calling getIccCardStatus
02-20 20:36:22.231  1931  1931 D RILJ    : [3681]> GET_SIM_STATUS [SUB0]
02-20 20:36:22.231  1374  1523 D AT      : AT< OK
02-20 20:36:22.231  1374  1520 D RIL     : onRequest: IMS_REGISTRATION_STATE
02-20 20:36:22.231  1374  1520 D RIL     : IMS_REGISTRATION=0, format=1 
02-20 20:36:22.231  1374  1520 D RIL     : onRequest: CDMA_GET_SUBSCRIPTION_SOURCE
02-20 20:36:22.231  1374  1520 D RIL     : Request not supported. Tech: 1
02-20 20:36:22.231  1374  1520 D RIL     : onRequest: VOICE_RADIO_TECH
02-20 20:36:22.231  1931  1931 D SST     : EVENT_POLL_STATE_NETWORK_SELECTION_MODE
02-20 20:36:22.231  1931  1931 D SST     : EVENT_POLL_STATE_NETWORK_SELECTION_MODE
02-20 20:36:22.231  1931  2015 D RILJ    : [3677]< GET_CURRENT_CALLS {} [SUB0]
02-20 20:36:22.231  1931  2015 D RILJ    : [3678]< RIL_REQUEST_IMS_REGISTRATION_STATE {0, 1} [SUB0]
02-20 20:36:22.231  1931  2015 D RilRequest: [3679]< RIL_REQUEST_CDMA_GET_SUBSCRIPTION_SOURCE error: com.android.internal.telephony.CommandException: REQUEST_NOT_SUPPORTED ret=
02-20 20:36:22.231  1931  2015 D RILJ    : [3680]< RIL_REQUEST_VOICE_RADIO_TECH {11} [SUB0]
02-20 20:36:22.231  1374  1520 D RIL     : onRequest: GET_SIM_STATUS
02-20 20:36:22.231  1374  1520 D RIL     : getSIMStatus(). sState: 10
02-20 20:36:22.231  1374  1520 D AT      : AT> AT+CPIN?
02-20 20:36:22.232  1374  1523 D AT      : AT< +CPIN: READY
02-20 20:36:22.232  1374  1523 D AT      : AT< OK
02-20 20:36:22.232  1931  2015 D RILJ    : [3681]< GET_SIM_STATUS IccCardState {CARDSTATE_PRESENT,PINSTATE_UNKNOWN,num_apps=2,gsm_id=0{APPTYPE_SIM,APPSTATE_READY},cdma_id=1{APPTYPE_RUIM,APPSTATE_READY},ims_id=8} [SUB0]
02-20 20:36:22.232  1931  1931 D PhoneSwitcher: evaluating due to netRequest default 0->1 phone[0] 0->-2
02-20 20:36:22.232  1678  1866 I am_proc_bound: [0,2075,com.google.android.deskclock]
02-20 20:36:22.232  1931  1931 D TelephonyNetworkFactory[0]: not acting - isApp=false, isAct=false NetworkRequest [ REQUEST id=1, [ Capabilities: INTERNET&NOT_RESTRICTED&TRUSTED&NOT_VPN] ]
02-20 20:36:22.233  1931  1931 D CAT     : CatService: handleMessage[8]
02-20 20:36:22.233  1931  1931 D CAT     : CatService: MSG_ID_ICC_CHANGED
02-20 20:36:22.233  1931  1931 D CAT     : CatService: New Card State = CARDSTATE_PRESENT Old Card State = CARDSTATE_ABSENT
02-20 20:36:22.233  1931  1931 D RILJ    : [3682]> RIL_REQUEST_REPORT_STK_SERVICE_IS_RUNNING [SUB0]
02-20 20:36:22.233  1374  1520 D RIL     : onRequest: REPORT_STK_SERVICE_IS_RUNNING
02-20 20:36:22.233  1374  1520 D RIL     : Request not supported. Tech: 1
02-20 20:36:22.233  1931  2015 D RilRequest: [3682]< RIL_REQUEST_REPORT_STK_SERVICE_IS_RUNNING error: com.android.internal.telephony.CommandException: REQUEST_NOT_SUPPORTED ret=
02-20 20:36:22.233  1931  1931 D GsmCdmaPhone: [GsmCdmaPhone] New Uicc application found. type = APPTYPE_SIM
02-20 20:36:22.233  1931  1931 D GsmSMSDispatcher: GsmSMSDispatcher: subId = -2 slotId = 0
02-20 20:36:22.233  1931  1931 D GsmSMSDispatcher: New Uicc application found
02-20 20:36:22.233  1931  1931 D IccCardProxy: Icc changed. Reregestering.
02-20 20:36:22.233  1931  1931 D SST     : New card found
02-20 20:36:22.234  1931  1931 D CAT     : CatService: handleMessage[8]
02-20 20:36:22.234  1931  1931 D CAT     : CatService: MSG_ID_ICC_CHANGED
02-20 20:36:22.234  1931  1931 D CAT     : CatService: New Card State = CARDSTATE_PRESENT Old Card State = CARDSTATE_PRESENT
02-20 20:36:22.234  1931  1931 E SST     : error parsing GprsRegistrationState: java.lang.NumberFormatException: null
02-20 20:36:22.234  1931  1931 D SST     : handlPollStateResultMessage: GsmSST setDataRegState=0 regState=1 dataRadioTechnology=14
02-20 20:36:22.234  1931  1931 D SST     : EVENT_POLL_STATE_NETWORK_SELECTION_MODE
02-20 20:36:22.235  1931  1931 D SST     : Poll ServiceState done:  oldSS=[1 1 voice home data home null null null null null null  Unknown Unknown CSS not supported 0 0 RoamInd=0 DefRoamInd=0 EmergOnly=false IsDataRoamingFromRegistration=false IsUsingCarrierAggregation=false] newSS=[0 0 voice home data home Android Android 310260 Android Android 310260  Unknown LTE CSS not supported -1 -1 RoamInd=-1 DefRoamInd=-1 EmergOnly=false IsDataRoamingFromRegistration=false IsUsingCarrierAggregation=false] oldMaxDataCalls=1 mNewMaxDataCalls=1 oldReasonDataDenied=-1 mNewReasonDataDenied=-1
02-20 20:36:22.235  1931  1931 I gsm_service_state_change: [1,1,0,0]
02-20 20:36:22.235  1931  1931 D TelephonyManager: setTelephonyProperty: success phoneId=0 property=gsm.network.type value: LTE propVal=LTE
02-20 20:36:22.235  1931  1931 D SST     : pollStateDone: registering current mNitzUpdatedTime=true changing to false
02-20 20:36:22.235  1931  1931 D SIMRecords: [SIMRecords] getServiceProviderName: no brandOverride, providerName=null
02-20 20:36:22.235  1931  1931 D SIMRecords: [SIMRecords] getServiceProviderName: no brandOverride, providerName=null
02-20 20:36:22.235  1931  1931 D SST     : updateSpnDisplay: changed sending intent rule=2 showPlmn='true' plmn='Android' showSpn='false' spn='null' dataSpn='null' subId='-2'
02-20 20:36:22.236  1931  1931 D SubscriptionController: [setPlmnSpn] No valid subscription to store info
02-20 20:36:22.236  1931  1931 D SubscriptionController: notifySubscriptionInfoChanged:
02-20 20:36:22.236  1678  1972 D TelephonyRegistry: notifySubscriptionInfoChanged: first invocation mRecords.size=18
02-20 20:36:22.236  1678  1678 I GnssLocationProvider: WakeLock acquired by sendMessage(12, 0, null)
02-20 20:36:22.237  1931  2074 D SubscriptionController: [getActiveSubInfoList] Sub Controller not ready
02-20 20:36:22.237  1931  1944 D SubscriptionController: [getPhoneId]- no sims, returning default phoneId=2147483647
02-20 20:36:22.237  1931  1931 D TelephonyManager: setTelephonyProperty: success phoneId=0 property=gsm.operator.alpha value: Android propVal=Android
02-20 20:36:22.237  1931  2074 D SubscriptionController: [getActiveSubInfoList] Sub Controller not ready
02-20 20:36:22.237  1931  1931 D TelephonyManager: setTelephonyProperty: success phoneId=0 property=gsm.operator.numeric value: 310260 propVal=310260
02-20 20:36:22.237  1931  1931 D SST     : update mccmnc=310260 fromServiceState=true
02-20 20:36:22.238  1931  1931 D MccTable: updateMccMncConfiguration mccmnc='310260' fromServiceState=true
02-20 20:36:22.238  1931  1931 D SubscriptionController: [getPhoneId]- no sims, returning default phoneId=2147483647
02-20 20:36:22.243  1931  1947 D SubscriptionController: [getSlotId]- subId invalid
02-20 20:36:22.246  1931  1931 D MccTable: updateMccMncConfiguration defaultMccMnc=
02-20 20:36:22.246  1931  1931 D MccTable: updateMccMncConfiguration: mcc=310, mnc=260
02-20 20:36:22.246  1931  1931 D MccTable: WIFI_COUNTRY_CODE set to us
02-20 20:36:22.247  1678  1866 I WifiService: WifiService trying to set country code to us with persist set to false
02-20 20:36:22.249  1678  1866 D WifiCountryCode: Succeeded to set country code to: US
02-20 20:36:22.249  1931  1931 D TelephonyManager: setTelephonyProperty: success phoneId=0 property=gsm.operator.iso-country value: us propVal=us
02-20 20:36:22.251  1768  2067 D TelephonyManager: getSimState: default sim:-1, sim state for slotIdx=0 is 6, return state as unknown
02-20 20:36:22.253  1678  1693 I GnssLocationProvider: WakeLock released by handleMessage(12, 0, null)
02-20 20:36:22.255  2075  2075 W System  : ClassLoader referenced unknown path: /system/app/PrebuiltDeskClockGoogle/lib/x86_64
02-20 20:36:22.297  1931  1931 D SST     : pollStateDone: there are 6 unique offsets for iso-cc='us testOneUniqueOffsetPath=false', do nothing
02-20 20:36:22.297  1931  1931 D SST     : shouldFixTimeZoneNow: retVal=true iccCardExist=true operatorNumeric=310260 mcc=310 prevOperatorNumeric= prevMcc=311 needToFixTimeZone=false ltod=02-20 20:36:22.297
02-20 20:36:22.297  1931  1931 D SST     : fixTimeZone zoneName='GMT' mZoneOffset=0 mZoneDst=false iso-cc='us' iso-cc-idx=-21
02-20 20:36:22.297  1931  1931 D SST     : fixTimeZone: using default TimeZone
02-20 20:36:22.297  1931  1931 D SST     : fixTimeZone: zone != null zone.getID=GMT
02-20 20:36:22.298  1931  1931 D SST     : setAndBroadcastNetworkSetTimeZone: setTimeZone=GMT
02-20 20:36:22.298  1678  1692 D AlarmManagerService: Kernel timezone updated to 0 minutes west of GMT
02-20 20:36:22.298  1931  1931 D SST     : setAndBroadcastNetworkSetTimeZone: call alarm.setTimeZone and broadcast zoneId=GMT
02-20 20:36:22.299  1931  1931 D TelephonyManager: setTelephonyProperty: success phoneId=0 property=gsm.operator.isroaming value: false propVal=false
02-20 20:36:22.299  1931  1931 D SST     : Broadcasting ServiceState : 0 0 voice home data home Android Android 310260 Android Android 310260  Unknown LTE CSS not supported -1 -1 RoamInd=-1 DefRoamInd=-1 EmergOnly=false IsDataRoamingFromRegistration=false IsUsingCarrierAggregation=false
02-20 20:36:22.299  1931  1931 D DefaultPhoneNotifier: nofityServiceState: mRegistry=com.android.internal.telephony.ITelephonyRegistry$Stub$Proxy@b9b4b67 ss=0 0 voice home data home Android Android 310260 Android Android 310260  Unknown LTE CSS not supported -1 -1 RoamInd=-1 DefRoamInd=-1 EmergOnly=false IsDataRoamingFromRegistration=false IsUsingCarrierAggregation=false sender=Handler (com.android.internal.telephony.GsmCdmaPhone) {8b69aee} phondId=0 subId=-2
02-20 20:36:22.299  1931  1931 D SubscriptionController: [getSlotId]- subId invalid
02-20 20:36:22.299  1678  1866 D TelephonyManager: getSimState: default sim:-1, sim state for slotIdx=0 is 6, return state as unknown
02-20 20:36:22.300  1931  1931 D SST     : notifyDataRegStateRilRadioTechnologyChanged: drs=0 rat=14
02-20 20:36:22.300  1931  1931 D TelephonyManager: setTelephonyProperty: success phoneId=0 property=gsm.network.type value: LTE propVal=LTE
02-20 20:36:22.300  1931  1931 D DCT     : [0]get all active apn types
02-20 20:36:22.300  1931  1931 D SST     : getCellLocation(): X good mCellLoc=[3,91,-1]
02-20 20:36:22.301  1678  1794 D TelephonyRegistry: notifyCellLocationForSubscriber: subId=-2 cellLocation=Bundle[mParcelledData.dataSize=64]
02-20 20:36:22.301  1931  1931 D GsmCdmaCallTracker: Event EVENT_POLL_CALLS_RESULT Received
02-20 20:36:22.301  1931  1931 D GsmCdmaCallTracker: [GsmCdmaCallTracker] update phone state, old=IDLE new=IDLE
02-20 20:36:22.301  1931  1931 D RIL_ImsSms: IMS is NOT registered!
02-20 20:36:22.301  1931  1931 D CdmaSSM : CDMA_SUBSCRIPTION_SOURCE event = 2
02-20 20:36:22.301  1931  1931 W CdmaSSM : Unable to get CDMA Subscription Source, Exception: com.android.internal.telephony.CommandException: REQUEST_NOT_SUPPORTED, result: null
02-20 20:36:22.301  1931  1931 D GsmCdmaPhone: [GsmCdmaPhone] EVENT_REQUEST_VOICE_RADIO_TECH_DONE: newVoiceTech=11
02-20 20:36:22.301  1931  1931 D GsmCdmaPhone: [GsmCdmaPhone] phoneObjectUpdater: newVoiceRadioTech=11
02-20 20:36:22.301  1931  1931 D GsmCdmaPhone: [GsmCdmaPhone] phoneObjectUpdater: No change ignore, newVoiceRadioTech=11 mActivePhone=GSM
02-20 20:36:22.301  1931  1931 D UiccController: Received EVENT_GET_ICC_STATUS_DONE
02-20 20:36:22.301  1931  1931 D UiccCard: 2 applications
02-20 20:36:22.301  1931  1931 D UiccCardApplication: APPTYPE_SIM update. New {APPTYPE_SIM,APPSTATE_READY}
02-20 20:36:22.301  1931  1931 D UiccCardApplication: APPTYPE_SIM changed state: APPSTATE_DETECTED -> APPSTATE_READY
02-20 20:36:22.301  1931  1931 D RILJ    : [3683]> QUERY_FACILITY_LOCK [FD 7 null] [SUB0]
02-20 20:36:22.301  1931  1931 D RILJ    : [3684]> QUERY_FACILITY_LOCK [SC 7 null] [SUB0]
02-20 20:36:22.301  1374  1520 D RIL     : onRequest: QUERY_FACILITY_LOCK
02-20 20:36:22.301  1374  1520 D RIL     : Request not supported. Tech: 1
02-20 20:36:22.301  1931  2015 D RilRequest: [3683]< QUERY_FACILITY_LOCK error: com.android.internal.telephony.CommandException: REQUEST_NOT_SUPPORTED ret=
02-20 20:36:22.301  1931  1931 D UiccCardApplication: Notifying registrants: READY
02-20 20:36:22.301  1931  1931 D UiccCardApplication: APPTYPE_RUIM update. New {APPTYPE_RUIM,APPSTATE_READY}
02-20 20:36:22.301  1374  1520 D RIL     : onRequest: QUERY_FACILITY_LOCK
02-20 20:36:22.301  1374  1520 D RIL     : Request not supported. Tech: 1
02-20 20:36:22.301  1931  1931 D UiccCardApplication: APPTYPE_RUIM changed state: APPSTATE_DETECTED -> APPSTATE_READY
02-20 20:36:22.301  1931  1931 D RILJ    : [3685]> QUERY_FACILITY_LOCK [FD 7 null] [SUB0]
02-20 20:36:22.302  1931  2015 D RilRequest: [3684]< QUERY_FACILITY_LOCK error: com.android.internal.telephony.CommandException: REQUEST_NOT_SUPPORTED ret=
02-20 20:36:22.302  1931  1931 D RILJ    : [3686]> QUERY_FACILITY_LOCK [SC 7 null] [SUB0]
02-20 20:36:22.302  1374  1520 D RIL     : onRequest: QUERY_FACILITY_LOCK
02-20 20:36:22.302  1374  1520 D RIL     : Request not supported. Tech: 1
02-20 20:36:22.302  1931  2015 D RilRequest: [3685]< QUERY_FACILITY_LOCK error: com.android.internal.telephony.CommandException: REQUEST_NOT_SUPPORTED ret=
02-20 20:36:22.302  1931  1931 D UiccCardApplication: Notifying registrants: READY
02-20 20:36:22.302  1931  1931 D UiccCard: Before privilege rules: Handler (com.android.internal.telephony.uicc.UiccCarrierPrivilegeRules) {ac2ad14} : CARDSTATE_PRESENT
02-20 20:36:22.302  1374  1520 D RIL     : onRequest: QUERY_FACILITY_LOCK
02-20 20:36:22.302  1374  1520 D RIL     : Request not supported. Tech: 1
02-20 20:36:22.302  1931  1931 E UiccCard: App index 8 is invalid since there are no applications
02-20 20:36:22.302  1931  1931 D UiccCard: update: radioState=RADIO_ON mLastRadioState=RADIO_ON
02-20 20:36:22.302  1931  1931 D UiccController: Notifying IccChangedRegistrants
02-20 20:36:22.302  1931  1931 D RILJ    : [3687]> RIL_REQUEST_SIM_TRANSMIT_APDU_CHANNEL [SUB0]
02-20 20:36:22.302  1931  2015 D RilRequest: [3686]< QUERY_FACILITY_LOCK error: com.android.internal.telephony.CommandException: REQUEST_NOT_SUPPORTED ret=
02-20 20:36:22.302  1374  1520 D RIL     : onRequest: SIM_TRANSMIT_APDU_CHANNEL
02-20 20:36:22.302  1374  1520 D AT      : AT> AT+CGLA=1,10,80caff4000
02-20 20:36:22.302  1931  1931 D GsmCdmaPhone: [GsmCdmaPhone] Event EVENT_REGISTERED_TO_NETWORK Received
02-20 20:36:22.302  1374  1523 D AT      : AT< +CGLA: 144,0,FF403eE23cE12eC11461ed377e85d386a8dfee6b864bd85b0bfaa5af81CA16616e64726f69642e636172726965726170692e637473E30aDB080000000000000000
02-20 20:36:22.302  1374  1523 D AT      : AT< OK
02-20 20:36:22.302  1931  1931 D SST     : SubscriptionListener.onSubscriptionInfoChanged
02-20 20:36:22.302  1931  1931 E Phone   : getStoredVoiceMessageCount: invalid subId -2
02-20 20:36:22.302  1931  1931 D GsmCdmaPhone: [GsmCdmaPhone] updateVoiceMail countVoiceMessages = 0 subId -2
02-20 20:36:22.302  1931  1931 E Phone   : setVoiceMessageCount in sharedPreference: invalid subId -2
02-20 20:36:22.303  1931  1931 D DCT     : [0]SubscriptionListener.onSubscriptionInfoChanged
02-20 20:36:22.303  1931  1931 D SubscriptionController: [getActiveSubInfoList] Sub Controller not ready
02-20 20:36:22.303  1931  2015 D RILJ    : [3687]< RIL_REQUEST_SIM_TRANSMIT_APDU_CHANNEL  [SUB0]
02-20 20:36:22.303  1931  1931 D SubscriptionController: [getActiveSubInfoList] Sub Controller not ready
02-20 20:36:22.304  1931  1931 E PhoneInterfaceManager: [PhoneIntfMgr] getIccId: No UICC
02-20 20:36:22.315  1678  1692 I Telecom : PhoneAccountRegistrar: New phone account registered: [[ ] PhoneAccount: ComponentInfo{com.android.phone/com.android.services.telephony.TelephonyConnectionService}, [e0184adedf913b076626646d3f52c3b49c39ad6d], UserHandle{0} Capabilities: CallProvider MultiUser PlaceEmerg SimSub  Schemes: tel voicemail  Extras: null GroupId: [da39a3ee5e6b4b0d3255bfef95601890afd80709]]: TSI.rPA@AAU
02-20 20:36:22.327  1678  1692 I Telecom : : Sending phone-account registered intent as user: TSI.rPA@AAU
02-20 20:36:22.328  1931  1931 I Telephony: AccountEntry: Registered phoneAccount: [[ ] PhoneAccount: ComponentInfo{com.android.phone/com.android.services.telephony.TelephonyConnectionService}, [e0184adedf913b076626646d3f52c3b49c39ad6d], UserHandle{0} Capabilities: CallProvider MultiUser PlaceEmerg SimSub  Schemes: tel voicemail  Extras: null GroupId: [da39a3ee5e6b4b0d3255bfef95601890afd80709]] with handle: ComponentInfo{com.android.phone/com.android.services.telephony.TelephonyConnectionService}, [e0184adedf913b076626646d3f52c3b49c39ad6d], UserHandle{0}
02-20 20:36:22.329  1931  1931 I Telephony: PstnIncomingCallNotifier: Registering: Handler (com.android.internal.telephony.GsmCdmaPhone) {8b69aee}
02-20 20:36:22.336  1931  1931 I Telephony: TelecomAccountRegistry: Unregistering phone account ComponentInfo{com.android.phone/com.android.services.telephony.TelephonyConnectionService}, [e2f7d48dd2b5ca523e7313cf4ba0f6ea830b6281], UserHandle{0}.
02-20 20:36:22.338  1678  1866 I Telecom : : Sending phone-account unregistered intent as user: TSI.uPA@AAc
02-20 20:36:22.339  1931  1931 D DCT     : [0]onDataConnectionAttached
02-20 20:36:22.340  1931  1931 D DCT     : [0]isDataAllowed: No - SIM not loaded
02-20 20:36:22.351  2075  2075 I GAv4    : Google Analytics 9.2.56 is starting up. To enable debug logging on a device run:
02-20 20:36:22.351  2075  2075 I GAv4    :   adb shell setprop log.tag.GAv4 DEBUG
02-20 20:36:22.351  2075  2075 I GAv4    :   adb logcat -s GAv4
02-20 20:36:22.352  1931  1931 D DCT     : [0]setupDataOnConnectableApns: dataAttached hipri:[state=IDLE,enabled=false] mms:[state=IDLE,enabled=false] supl:[state=IDLE,enabled=false] ia:[state=IDLE,enabled=false] fota:[state=IDLE,enabled=false] ims:[state=IDLE,enabled=false] cbs:[state=IDLE,enabled=false] default:[state=IDLE,enabled=false] emergency:[state=IDLE,enabled=false] 
02-20 20:36:22.352  1931  1931 D DCT     : [0]setupDataOnConnectableApns: nwTypeChanged hipri:[state=IDLE,enabled=false] mms:[state=IDLE,enabled=false] supl:[state=IDLE,enabled=false] ia:[state=IDLE,enabled=false] fota:[state=IDLE,enabled=false] ims:[state=IDLE,enabled=false] cbs:[state=IDLE,enabled=false] default:[state=IDLE,enabled=false] emergency:[state=IDLE,enabled=false] 
02-20 20:36:22.352  1931  1931 D UiccCardApplication: Error in querying facility lock:com.android.internal.telephony.CommandException: REQUEST_NOT_SUPPORTED
02-20 20:36:22.352  1931  1931 D SIMRecords: [SIMRecords] fetchSimRecords 0
02-20 20:36:22.352  1931  1931 D RILJ    : [3688]> getIMSI: GET_IMSI aid: null [SUB0]
02-20 20:36:22.353  1931  1931 D RILJ    : [3689]> iccIO: SIM_IO 0xc0 0x2fe2  path: 3F00,0,0,15 aid: null [SUB0]
02-20 20:36:22.353  1374  1520 D RIL     : onRequest: GET_IMSI
02-20 20:36:22.353  1374  1520 D AT      : AT> AT+CIMI
02-20 20:36:22.353  1931  1931 D RILJ    : [3690]> iccIO: SIM_IO 0xc0 0x6f40  path: 3F007F10,0,0,15 aid: null [SUB0]
02-20 20:36:22.353  1374  1523 D AT      : AT< 310260000000000
02-20 20:36:22.353  1374  1523 D AT      : AT< OK
02-20 20:36:22.353  1374  1520 D RIL     : onRequest: SIM_IO
02-20 20:36:22.353  1374  1520 D AT      : AT> AT+CRSM=192,12258,0,0,15
02-20 20:36:22.353  1931  1931 D RILJ    : [3691]> iccIO: SIM_IO 0xc0 0x6fc9  path: 3F007F20,0,0,15 aid: null [SUB0]
02-20 20:36:22.353  1931  2015 D RILJ    : [3688]< GET_IMSI  [SUB0]
02-20 20:36:22.354  1374  1523 D AT      : AT< +CRSM: 144,0,0000000a2fe204000fa0aa01020000
02-20 20:36:22.354  1374  1523 D AT      : AT< OK
02-20 20:36:22.354  1374  1520 D RIL     : onRequest: SIM_IO
02-20 20:36:22.354  1374  1520 D AT      : AT> AT+CRSM=192,28480,0,0,15
02-20 20:36:22.354  1931  1931 D RILJ    : [3692]> iccIO: SIM_IO 0xc0 0x6fad  path: 3F007F20,0,0,15 aid: null [SUB0]
02-20 20:36:22.354  1931  2015 D RILJ    : [3689]< SIM_IO IccIoResponse sw1:0x90 sw2:0x0 [SUB0]
02-20 20:36:22.354  1374  1523 D AT      : AT< +CRSM: 144,0,000000806f40040011a0aa01020120
02-20 20:36:22.354  1374  1523 D AT      : AT< OK
02-20 20:36:22.354  1374  1520 D RIL     : onRequest: SIM_IO
02-20 20:36:22.354  1374  1520 D AT      : AT> AT+CRSM=192,28617,0,0,15
02-20 20:36:22.354  1931  1931 D RILJ    : [3693]> iccIO: SIM_IO 0xc0 0x6fca  path: 3F007F20,0,0,15 aid: null [SUB0]
02-20 20:36:22.354  1374  1523 D AT      : AT< +CRSM: 144,0,000000086fc9040011a0aa01020104
02-20 20:36:22.354  1374  1523 D AT      : AT< OK
02-20 20:36:22.354  1931  2015 D RILJ    : [3690]< SIM_IO IccIoResponse sw1:0x90 sw2:0x0 [SUB0]
02-20 20:36:22.354  1931  1931 D RILJ    : [3694]> iccIO: SIM_IO 0xc0 0x6f11  path: 3F007F20,0,0,15 aid: null [SUB0]
02-20 20:36:22.354  1374  1520 D RIL     : onRequest: SIM_IO
02-20 20:36:22.354  1374  1520 D AT      : AT> AT+CRSM=192,28589,0,0,15
02-20 20:36:22.354  1374  1523 D AT      : AT< +CRSM: 144,0,000000046fad04000aa0aa01020000
02-20 20:36:22.354  1374  1523 D AT      : AT< OK
02-20 20:36:22.354  1931  2015 D RILJ    : [3691]< SIM_IO IccIoResponse sw1:0x90 sw2:0x0 [SUB0]
02-20 20:36:22.354  1374  1520 D RIL     : onRequest: SIM_IO
02-20 20:36:22.354  1374  1520 D AT      : AT> AT+CRSM=192,28618,0,0,15
02-20 20:36:22.355  1931  1931 D RILJ    : [3695]> iccIO: SIM_IO 0xc0 0x6fcb  path: 3F007F20,0,0,15 aid: null [SUB0]
02-20 20:36:22.355  1931  2015 D RILJ    : [3692]< SIM_IO IccIoResponse sw1:0x90 sw2:0x0 [SUB0]
02-20 20:36:22.355  1374  1523 D AT      : AT< +CRSM: 144,0,0000000a6fca040011a0aa01020105
02-20 20:36:22.355  1374  1523 D AT      : AT< OK
02-20 20:36:22.355  1374  1520 D RIL     : onRequest: SIM_IO
02-20 20:36:22.355  1374  1520 D AT      : AT> AT+CRSM=192,28433,0,0,15
02-20 20:36:22.355  1931  1931 D RILJ    : [3696]> iccIO: SIM_IO 0xc0 0x6f13  path: 3F007F20,0,0,15 aid: null [SUB0]
02-20 20:36:22.355  1931  2015 D RILJ    : [3693]< SIM_IO IccIoResponse sw1:0x90 sw2:0x0 [SUB0]
02-20 20:36:22.355  1374  1523 D AT      : AT< +CRSM: 144,0,000000016f11040011a0aa01020000
02-20 20:36:22.355  1374  1523 D AT      : AT< OK
02-20 20:36:22.355  1374  1520 D RIL     : onRequest: SIM_IO
02-20 20:36:22.355  1374  1520 D AT      : AT> AT+CRSM=192,28619,0,0,15
02-20 20:36:22.355  1374  1523 D AT      : AT< ERROR: BAD COMMAND
02-20 20:36:22.355  1931  2015 D RILJ    : [3694]< SIM_IO IccIoResponse sw1:0x90 sw2:0x0 [SUB0]
02-20 20:36:22.355  1931  2015 D RilRequest: [3695]< SIM_IO error: com.android.internal.telephony.CommandException: GENERIC_FAILURE ret=
02-20 20:36:22.355  1374  1520 D RIL     : onRequest: SIM_IO
02-20 20:36:22.355  1374  1520 D AT      : AT> AT+CRSM=192,28435,0,0,15
02-20 20:36:22.355  1931  1931 D RILJ    : [3697]> iccIO: SIM_IO 0xc0 0x6f46  path: 3F007F20,0,0,15 aid: null [SUB0]
02-20 20:36:22.355  1374  1523 D AT      : AT< +CRSM: 144,0,000000016f13040011a0aa01020000
02-20 20:36:22.355  1374  1523 D AT      : AT< OK
02-20 20:36:22.355  1931  2015 D RILJ    : [3696]< SIM_IO IccIoResponse sw1:0x90 sw2:0x0 [SUB0]
02-20 20:36:22.355  1374  1520 D RIL     : onRequest: SIM_IO
02-20 20:36:22.355  1374  1520 D AT      : AT> AT+CRSM=192,28486,0,0,15
02-20 20:36:22.355  1931  1931 D RILJ    : [3698]> iccIO: SIM_IO 0xc0 0x6fcd  path: 3F007F20,0,0,15 aid: null [SUB0]
02-20 20:36:22.355  1374  1523 D AT      : AT< +CRSM: 148,4
02-20 20:36:22.355  1374  1523 D AT      : AT< OK
02-20 20:36:22.355  1931  2015 D RILJ    : [3697]< SIM_IO IccIoResponse sw1:0x94 sw2:0x4 [SUB0]
02-20 20:36:22.355  1931  1931 D RILJ    : [3699]> iccIO: SIM_IO 0xc0 0x6fc5  path: 3F007F20,0,0,15 aid: null [SUB0]
02-20 20:36:22.356  1374  1520 D RIL     : onRequest: SIM_IO
02-20 20:36:22.356  1374  1520 D AT      : AT> AT+CRSM=192,28621,0,0,15
02-20 20:36:22.356  1374  1523 D AT      : AT< +CRSM: 148,4
02-20 20:36:22.356  1374  1523 D AT      : AT< OK
02-20 20:36:22.356  1374  1520 D RIL     : onRequest: SIM_IO
02-20 20:36:22.356  1374  1520 D AT      : AT> AT+CRSM=192,28613,0,0,15
02-20 20:36:22.356  1931  1931 D RILJ    : [3700]> iccIO: SIM_IO 0xc0 0x6f38  path: 3F007F20,0,0,15 aid: null [SUB0]
02-20 20:36:22.356  1374  1523 D AT      : AT< +CRSM: 144,0,000000f06fc504000aa0aa01020118
02-20 20:36:22.356  1374  1523 D AT      : AT< OK
02-20 20:36:22.356  1931  1931 D RILJ    : [3701]> iccIO: SIM_IO 0xc0 0x6f16  path: 3F007F20,0,0,15 aid: null [SUB0]
02-20 20:36:22.356  1931  2015 D RILJ    : [3698]< SIM_IO IccIoResponse sw1:0x94 sw2:0x4 [SUB0]
02-20 20:36:22.356  1374  1520 D RIL     : onRequest: SIM_IO
02-20 20:36:22.356  1374  1520 D AT      : AT> AT+CRSM=192,28472,0,0,15
02-20 20:36:22.356  1374  1523 D AT      : AT< +CRSM: 144,0,0000000f6f3804001aa0aa01020000
02-20 20:36:22.356  1374  1523 D AT      : AT< OK
02-20 20:36:22.356  1931  2015 D RILJ    : [3699]< SIM_IO IccIoResponse sw1:0x90 sw2:0x0 [SUB0]
02-20 20:36:22.356  1931  2015 D RILJ    : [3700]< SIM_IO IccIoResponse sw1:0x90 sw2:0x0 [SUB0]
02-20 20:36:22.356  1931  1931 D RILJ    : [3702]> iccIO: SIM_IO 0xc0 0x6f15  path: 3F007F20,0,0,15 aid: null [SUB0]
02-20 20:36:22.356  1374  1520 D RIL     : onRequest: SIM_IO
02-20 20:36:22.356  1374  1520 D AT      : AT> AT+CRSM=192,28438,0,0,15
02-20 20:36:22.356  1374  1523 D AT      : AT< +CRSM: 144,0,000000026f1604001aa0aa01020000
02-20 20:36:22.356  1374  1523 D AT      : AT< OK
02-20 20:36:22.356  1931  1931 D RILJ    : [3703]> iccIO: SIM_IO 0xc0 0x6f3e  path: 3F007F20,0,0,15 aid: null [SUB0]
02-20 20:36:22.356  1931  2015 D RILJ    : [3701]< SIM_IO IccIoResponse sw1:0x90 sw2:0x0 [SUB0]
02-20 20:36:22.356  1374  1520 D RIL     : onRequest: SIM_IO
02-20 20:36:22.356  1374  1520 D AT      : AT> AT+CRSM=192,28437,0,0,15
02-20 20:36:22.356  1374  1523 D AT      : AT< ERROR: BAD COMMAND
02-20 20:36:22.356  1931  1931 D RILJ    : [3704]> iccIO: SIM_IO 0xc0 0x6f3f  path: 3F007F20,0,0,15 aid: null [SUB0]
02-20 20:36:22.356  1931  2015 D RilRequest: [3702]< SIM_IO error: com.android.internal.telephony.CommandException: GENERIC_FAILURE ret=
02-20 20:36:22.356  1374  1520 D RIL     : onRequest: SIM_IO
02-20 20:36:22.356  1374  1520 D AT      : AT> AT+CRSM=192,28478,0,0,15
02-20 20:36:22.356  1374  1523 D AT      : AT< ERROR: BAD COMMAND
02-20 20:36:22.356  1931  1931 D SIMRecords: [SIMRecords] fetchSimRecords 17 requested: true
02-20 20:36:22.356  1374  1520 D RIL     : onRequest: SIM_IO
02-20 20:36:22.356  1374  1520 D AT      : AT> AT+CRSM=192,28479,0,0,15
02-20 20:36:22.356  1931  1931 E IccCardProxy: setExternalState: set mPhoneId=0 mExternalState=READY
02-20 20:36:22.356  1931  1931 D TelephonyManager: setTelephonyProperty: success phoneId=0 property=gsm.sim.state value: READY propVal=READY
02-20 20:36:22.356  1374  1523 D AT      : AT< ERROR: BAD COMMAND
02-20 20:36:22.356  1931  2015 D RilRequest: [3703]< SIM_IO error: com.android.internal.telephony.CommandException: GENERIC_FAILURE ret=
02-20 20:36:22.357  1931  2015 D RilRequest: [3704]< SIM_IO error: com.android.internal.telephony.CommandException: GENERIC_FAILURE ret=
02-20 20:36:22.357  1931  1931 D IccCardProxy: broadcastIccStateChangedIntent intent ACTION_SIM_STATE_CHANGED value=READY reason=null for mPhoneId=0
02-20 20:36:22.357  1931  1931 D RILJ    : [3705]> OPERATOR [SUB0]
02-20 20:36:22.358  1931  1931 D RILJ    : [3706]> DATA_REGISTRATION_STATE [SUB0]
02-20 20:36:22.358  1374  1520 D RIL     : onRequest: OPERATOR
02-20 20:36:22.358  1374  1520 D AT      : AT> AT+COPS=3,0;+COPS?;+COPS=3,1;+COPS?;+COPS=3,2;+COPS?
02-20 20:36:22.358  1931  1931 D RILJ    : [3707]> VOICE_REGISTRATION_STATE [SUB0]
02-20 20:36:22.358  1374  1523 D AT      : AT< +COPS: 0,0,"Android"
02-20 20:36:22.358  1374  1523 D AT      : AT< +COPS: 0,1,"Android"
02-20 20:36:22.358  1374  1523 D AT      : AT< +COPS: 0,2,"310260"
02-20 20:36:22.358  1374  1523 D AT      : AT< OK
02-20 20:36:22.358  1931  2015 D RILJ    : [3705]< OPERATOR {Android, Android, 310260} [SUB0]
02-20 20:36:22.358  1931  1944 D SubscriptionController: [getActiveSubInfoList] Sub Controller not ready
02-20 20:36:22.358  1374  1520 D RIL     : onRequest: DATA_REGISTRATION_STATE
02-20 20:36:22.358  1374  1520 D RIL     : requestRegistrationState
02-20 20:36:22.358  1374  1520 D AT      : AT> AT+CGREG?
02-20 20:36:22.358  1931  1931 D RILJ    : [3708]> QUERY_NETWORK_SELECTION_MODE [SUB0]
02-20 20:36:22.359  1374  1523 D AT      : AT< +CGREG: 1,1,"0003","005b","000e"
02-20 20:36:22.359  1374  1523 D AT      : AT< OK
02-20 20:36:22.359  1374  1520 D RIL     : parseRegistrationState. Parsing: +CGREG: 1,1,"0003","005b","000e"
02-20 20:36:22.359  1374  1520 D RIL     : registration state type: 3GPP
02-20 20:36:22.359  1931  1931 D UiccCardApplication: Error in querying facility lock:com.android.internal.telephony.CommandException: REQUEST_NOT_SUPPORTED
02-20 20:36:22.359  1931  1931 D UiccCardApplication: Error in querying facility lock:com.android.internal.telephony.CommandException: REQUEST_NOT_SUPPORTED
02-20 20:36:22.359  1931  2015 D RILJ    : [3706]< DATA_REGISTRATION_STATE {1, 3, 5b, 14, null, null} [SUB0]
02-20 20:36:22.359  1931  1931 D RuimRecords: [RuimRecords] fetchRuimRecords 0
02-20 20:36:22.359  1931  1931 D RILJ    : [3709]> getIMSI: GET_IMSI aid: null [SUB0]
02-20 20:36:22.365  1374  1520 D RIL     : onRequest: VOICE_REGISTRATION_STATE
02-20 20:36:22.365  1374  1520 D RIL     : requestRegistrationState
02-20 20:36:22.365  1374  1520 D AT      : AT> AT+CREG?
02-20 20:36:22.367  1374  1523 D AT      : AT< +CREG: 2,1, "0003", "005b"
02-20 20:36:22.367  1374  1523 D AT      : AT< OK
02-20 20:36:22.367  1374  1520 D RIL     : parseRegistrationState. Parsing: +CREG: 2,1, "0003", "005b"
02-20 20:36:22.367  1374  1520 D RIL     : registration state type: 3GPP
02-20 20:36:22.367  1374  1520 D RIL     : onRequest: QUERY_NETWORK_SELECTION_MODE
02-20 20:36:22.367  1374  1520 D AT      : AT> AT+COPS?
02-20 20:36:22.367  1374  1523 D AT      : AT< +COPS: 0,2,310260
02-20 20:36:22.367  1374  1523 D AT      : AT< OK
02-20 20:36:22.367  1931  2015 D RILJ    : [3707]< VOICE_REGISTRATION_STATE {1, 3, 5b, 0, null, null, null, null, null, null, null, null, null, null, null} [SUB0]
02-20 20:36:22.368  1931  1931 D RILJ    : [3710]> iccIO: SIM_IO 0xc0 0x2fe2  path: 3F00,0,0,15 aid: null [SUB0]
02-20 20:36:22.368  1931  2015 D RILJ    : [3708]< QUERY_NETWORK_SELECTION_MODE {0} [SUB0]
02-20 20:36:22.368  1374  1520 D RIL     : onRequest: GET_IMSI
02-20 20:36:22.369  1374  1520 D AT      : AT> AT+CIMI
02-20 20:36:22.374  1374  1523 D AT      : AT< 310260000000000
02-20 20:36:22.374  1374  1523 D AT      : AT< OK
02-20 20:36:22.374  1931  2015 D RILJ    : [3709]< GET_IMSI  [SUB0]
02-20 20:36:22.374  1931  1931 D RILJ    : [3711]> iccIO: SIM_IO 0xc0 0x2f05  path: 3F00,0,0,15 aid: null [SUB0]
02-20 20:36:22.374  1374  1520 D RIL     : onRequest: SIM_IO
02-20 20:36:22.374  1374  1520 D AT      : AT> AT+CRSM=192,12258,0,0,15
02-20 20:36:22.377  1374  1523 D AT      : AT< +CRSM: 144,0,0000000a2fe204000fa0aa01020000
02-20 20:36:22.377  1374  1523 D AT      : AT< OK
02-20 20:36:22.377  1931  2015 D RILJ    : [3710]< SIM_IO IccIoResponse sw1:0x90 sw2:0x0 [SUB0]
02-20 20:36:22.377  1931  1931 D RILJ    : [3712]> iccIO: SIM_IO 0xc0 0x6f3a  path: 3F007F25,0,0,15 aid: null [SUB0]
02-20 20:36:22.378  1374  1520 D RIL     : onRequest: SIM_IO
02-20 20:36:22.378  1374  1520 D AT      : AT> AT+CRSM=192,12037,0,0,15
02-20 20:36:22.378  1374  1523 D AT      : AT< ERROR: BAD COMMAND
02-20 20:36:22.378  1931  1931 D RILJ    : [3713]> iccIO: SIM_IO 0xc0 0x6f41  path: 3F007F25,0,0,15 aid: null [SUB0]
02-20 20:36:22.378  1374  1520 D RIL     : onRequest: SIM_IO
02-20 20:36:22.378  1374  1520 D AT      : AT> AT+CRSM=192,28474,0,0,15
02-20 20:36:22.378  1374  1523 D AT      : AT< ERROR: BAD COMMAND
02-20 20:36:22.379  1931  1931 D RILJ    : [3714]> iccIO: SIM_IO 0xc0 0x6f44  path: 3F007F25,0,0,15 aid: null [SUB0]
02-20 20:36:22.379  1931  2015 D RilRequest: [3711]< SIM_IO error: com.android.internal.telephony.CommandException: GENERIC_FAILURE ret=
02-20 20:36:22.379  1374  1520 D RIL     : onRequest: SIM_IO
02-20 20:36:22.379  1374  1520 D AT      : AT> AT+CRSM=192,28481,0,0,15
02-20 20:36:22.379  1374  1523 D AT      : AT< ERROR: BAD COMMAND
02-20 20:36:22.379  1931  1931 D RILJ    : [3715]> iccIO: SIM_IO 0xc0 0x6f22  path: 3F007F25,0,0,15 aid: null [SUB0]
02-20 20:36:22.379  1374  1520 D RIL     : onRequest: SIM_IO
02-20 20:36:22.379  1374  1520 D AT      : AT> AT+CRSM=192,28484,0,0,15
02-20 20:36:22.379  1374  1523 D AT      : AT< ERROR: BAD COMMAND
02-20 20:36:22.379  1931  1931 D RILJ    : [3716]> iccIO: SIM_IO 0xc0 0x6f28  path: 3F007F25,0,0,15 aid: null [SUB0]
02-20 20:36:22.379  1374  1520 D RIL     : onRequest: SIM_IO
02-20 20:36:22.379  1374  1520 D AT      : AT> AT+CRSM=192,28450,0,0,15
02-20 20:36:22.380  1374  1523 D AT      : AT< ERROR: BAD COMMAND
02-20 20:36:22.381  1931  1931 D RILJ    : [3717]> iccIO: SIM_IO 0xb0 0x6f5a  path: 3F007F25,0,0,4 aid: null [SUB0]
02-20 20:36:22.381  1931  2015 D RilRequest: [3712]< SIM_IO error: com.android.internal.telephony.CommandException: GENERIC_FAILURE ret=
02-20 20:36:22.381  1374  1520 D RIL     : onRequest: SIM_IO
02-20 20:36:22.381  1374  1520 D AT      : AT> AT+CRSM=192,28456,0,0,15
02-20 20:36:22.381  1374  1523 D AT      : AT< ERROR: BAD COMMAND
02-20 20:36:22.381  1931  1931 D RILJ    : [3718]> iccIO: SIM_IO 0xc0 0x6f4d  path: 3F007F25,0,0,15 aid: null [SUB0]
02-20 20:36:22.381  1374  1520 D RIL     : onRequest: SIM_IO
02-20 20:36:22.381  1374  1520 D AT      : AT> AT+CRSM=176,28506,0,0,4
02-20 20:36:22.381  1374  1523 D AT      : AT< ERROR: BAD COMMAND
02-20 20:36:22.388  1931  1931 D RuimRecords: [RuimRecords] fetchRuimRecords 10 requested: true
02-20 20:36:22.388  1931  1931 D RILJ    : [3719]> RIL_REQUEST_CDMA_SUBSCRIPTION [SUB0]
02-20 20:36:22.388  1931  2015 D RilRequest: [3713]< SIM_IO error: com.android.internal.telephony.CommandException: GENERIC_FAILURE ret=
02-20 20:36:22.388  1374  1520 D RIL     : onRequest: SIM_IO
02-20 20:36:22.389  1374  1520 D AT      : AT> AT+CRSM=192,28493,0,0,15
02-20 20:36:22.389  1374  1523 D AT      : AT< ERROR: BAD COMMAND
02-20 20:36:22.389  1931  1931 D GsmSMSDispatcher: GsmSMSDispatcher: subId = -2 slotId = 0
02-20 20:36:22.389  1931  1931 E IccCardProxy: setExternalState: !override and newstate unchanged from READY
02-20 20:36:22.389  1931  1931 D CAT     : CatService: handleMessage[8]
02-20 20:36:22.389  1931  1931 D CAT     : CatService: MSG_ID_ICC_CHANGED
02-20 20:36:22.389  1931  2015 D RilRequest: [3714]< SIM_IO error: com.android.internal.telephony.CommandException: GENERIC_FAILURE ret=
02-20 20:36:22.389  1931  1931 D CAT     : CatService: New Card State = CARDSTATE_PRESENT Old Card State = CARDSTATE_PRESENT
02-20 20:36:22.389  1931  1931 D UiccCardApplication: Error in querying facility lock:com.android.internal.telephony.CommandException: REQUEST_NOT_SUPPORTED
02-20 20:36:22.389  1931  2015 D RilRequest: [3715]< SIM_IO error: com.android.internal.telephony.CommandException: GENERIC_FAILURE ret=
02-20 20:36:22.389  1374  1520 D RIL     : onRequest: CDMA_SUBSCRIPTION
02-20 20:36:22.389  1374  1520 D RIL     : Request not supported. Tech: 1
02-20 20:36:22.389  1931  2015 D RilRequest: [3716]< SIM_IO error: com.android.internal.telephony.CommandException: GENERIC_FAILURE ret=
02-20 20:36:22.389  1931  2015 D RilRequest: [3717]< SIM_IO error: com.android.internal.telephony.CommandException: GENERIC_FAILURE ret=
02-20 20:36:22.389  1931  2015 D RilRequest: [3718]< SIM_IO error: com.android.internal.telephony.CommandException: GENERIC_FAILURE ret=
02-20 20:36:22.389  1931  2015 D RilRequest: [3719]< RIL_REQUEST_CDMA_SUBSCRIPTION error: com.android.internal.telephony.CommandException: REQUEST_NOT_SUPPORTED ret=
02-20 20:36:22.390  1931  1931 E PhoneInterfaceManager: [PhoneIntfMgr] getIccId: No UICC
02-20 20:36:22.392  1678  1866 I Telecom : PhoneAccountRegistrar: [ComponentInfo{com.android.phone/com.android.services.telephony.TelephonyConnectionService}, [e0184adedf913b076626646d3f52c3b49c39ad6d], UserHandle{0}(icon: Icon(typ=BITMAP size=76x96) -> Icon(typ=BITMAP size=76x96))]: TSI.rPA@AAk
02-20 20:36:22.394  1678  1866 I Telecom : : Sending phone-account registered intent as user: TSI.rPA@AAk
02-20 20:36:22.394  1931  1931 D SIMRecords: [SIMRecords] IMSI: mMncLength=-1
02-20 20:36:22.394  1931  1931 D SIMRecords: [SIMRecords] IMSI: 310260[D1jVpVFfGoqdF5qliFi2ey-KM4g]
02-20 20:36:22.394  1931  1931 D SIMRecords: [SIMRecords] onRecordLoaded 16 requested: true
02-20 20:36:22.394  1931  1931 D RILJ    : [3720]> iccIO: SIM_IO 0xb0 0x2fe2  path: 3F00,0,0,10 aid: null [SUB0]
02-20 20:36:22.394  1931  1931 D RILJ    : [3721]> iccIO: SIM_IO 0xb2 0x6f40  path: 3F007F10,1,4,32 aid: null [SUB0]
02-20 20:36:22.395  1374  1520 D RIL     : onRequest: SIM_IO
02-20 20:36:22.395  1374  1520 D AT      : AT> AT+CRSM=176,12258,0,0,10
02-20 20:36:22.395  1374  1523 D AT      : AT< +CRSM: 144,0,98101430121181157002
02-20 20:36:22.395  1374  1523 D AT      : AT< OK
02-20 20:36:22.395  1931  2015 D RILJ    : [3720]< SIM_IO IccIoResponse sw1:0x90 sw2:0x0 [SUB0]
02-20 20:36:22.395  1931  1931 D RILJ    : [3722]> iccIO: SIM_IO 0xb2 0x6fc9  path: 3F007F20,1,4,4 aid: null [SUB0]
02-20 20:36:22.396  1374  1520 D RIL     : onRequest: SIM_IO
02-20 20:36:22.396  1374  1520 D AT      : AT> AT+CRSM=178,28480,1,4,32
02-20 20:36:22.396  1374  1523 D AT      : AT< +CRSM: 144,0,ffffffffffffffffffffffffffffffffffff07815155255155f4ffffffffffff
02-20 20:36:22.396  1374  1523 D AT      : AT< OK
02-20 20:36:22.396  1931  2015 D RILJ    : [3721]< SIM_IO IccIoResponse sw1:0x90 sw2:0x0 [SUB0]
02-20 20:36:22.396  1374  1520 D RIL     : onRequest: SIM_IO
02-20 20:36:22.396  1374  1520 D AT      : AT> AT+CRSM=178,28617,1,4,4
02-20 20:36:22.396  1374  1523 D AT      : AT< +CRSM: 144,0,01000000
02-20 20:36:22.396  1374  1523 D AT      : AT< OK
02-20 20:36:22.396  1931  2015 D RILJ    : [3722]< SIM_IO IccIoResponse sw1:0x90 sw2:0x0 [SUB0]
02-20 20:36:22.397  1931  1931 D RILJ    : [3723]> iccIO: SIM_IO 0xb0 0x6fad  path: 3F007F20,0,0,4 aid: null [SUB0]
02-20 20:36:22.397  1374  1520 D RIL     : onRequest: SIM_IO
02-20 20:36:22.397  1374  1520 D AT      : AT> AT+CRSM=176,28589,0,0,4
02-20 20:36:22.397  1374  1523 D AT      : AT< +CRSM: 144,0,00000003
02-20 20:36:22.397  1374  1523 D AT      : AT< OK
02-20 20:36:22.398  1931  2015 D RILJ    : [3723]< SIM_IO IccIoResponse sw1:0x90 sw2:0x0 [SUB0]
02-20 20:36:22.398  1931  1931 D RILJ    : [3724]> iccIO: SIM_IO 0xb2 0x6fca  path: 3F007F20,1,4,5 aid: null [SUB0]
02-20 20:36:22.398  1374  1520 D RIL     : onRequest: SIM_IO
02-20 20:36:22.398  1374  1520 D AT      : AT> AT+CRSM=178,28618,1,4,5
02-20 20:36:22.398  1374  1523 D AT      : AT< +CRSM: 144,0,0000000000
02-20 20:36:22.398  1374  1523 D AT      : AT< OK
02-20 20:36:22.398  1931  2015 D RILJ    : [3724]< SIM_IO IccIoResponse sw1:0x90 sw2:0x0 [SUB0]
02-20 20:36:22.398  1931  1931 D RILJ    : [3725]> iccIO: SIM_IO 0xb0 0x6f11  path: 3F007F20,0,0,1 aid: null [SUB0]
02-20 20:36:22.399  1374  1520 D RIL     : onRequest: SIM_IO
02-20 20:36:22.399  1374  1520 D AT      : AT> AT+CRSM=176,28433,0,0,1
02-20 20:36:22.399  1374  1523 D AT      : AT< +CRSM: 144,0,55
02-20 20:36:22.399  1374  1523 D AT      : AT< OK
02-20 20:36:22.399  1931  2015 D RILJ    : [3725]< SIM_IO IccIoResponse sw1:0x90 sw2:0x0 [SUB0]
02-20 20:36:22.399  1931  1931 D RILJ    : [3726]> iccIO: SIM_IO 0xb0 0x6f13  path: 3F007F20,0,0,1 aid: null [SUB0]
02-20 20:36:22.399  1374  1520 D RIL     : onRequest: SIM_IO
02-20 20:36:22.399  1374  1520 D AT      : AT> AT+CRSM=176,28435,0,0,1
02-20 20:36:22.399  1374  1523 D AT      : AT< +CRSM: 144,0,55
02-20 20:36:22.399  1374  1523 D AT      : AT< OK
02-20 20:36:22.399  1931  2015 D RILJ    : [3726]< SIM_IO IccIoResponse sw1:0x90 sw2:0x0 [SUB0]
02-20 20:36:22.399  1931  1931 D RILJ    : [3727]> iccIO: SIM_IO 0xb2 0x6fc5  path: 3F007F20,1,4,24 aid: null [SUB0]
02-20 20:36:22.400  1374  1520 D RIL     : onRequest: SIM_IO
02-20 20:36:22.400  1374  1520 D AT      : AT> AT+CRSM=178,28613,1,4,24
02-20 20:36:22.400  1374  1523 D AT      : AT< +CRSM: 144,0,43058441aa890affffffffffffffffffffffffffffffffff
02-20 20:36:22.400  1374  1523 D AT      : AT< OK
