02-20 20:37:32.111  1919  1919 D TelephonyManager: setTelephonyProperty: success phoneId=0 property=gsm.sim.operator.iso-country value:  propVal=
02-20 20:37:32.111  1919  1919 D SIMRecords: [SIMRecords] getOperatorNumeric: IMSI == null
02-20 20:37:32.111  1919  1919 D SIMRecords: [SIMRecords] SIMRecords X ctor this=SimRecords: mDestroyed=false mContext=com.android.phone.PhoneGlobals@e3122f7 mCi=com.android.internal.telephony.RIL@1a454b1 mFh=Handler (com.android.internal.telephony.uicc.SIMFileHandler) {59d5564} mParentApp=com.android.internal.telephony.uicc.UiccCardApplication@35a03cd recordsLoadedRegistrants=android.os.RegistrantList@80a4482 mImsiReadyRegistrants=android.os.RegistrantList@bcaf793 mRecordsEventsRegistrants=android.os.RegistrantList@b8c63d0 mNewSmsRegistrants=android.os.RegistrantList@4100fc9 mNetworkSelectionModeAutomaticRegistrants=android.os.RegistrantList@e1c26ce recordsToLoad=0 adnCache=Handler (com.android.internal.telephony.uicc.AdnRecordCache) {72379ef} recordsRequested=false iccid=null msisdnTag=null voiceMailNum=null voiceMailTag=null voiceMailNum=null newVoiceMailTag=null isVoiceMailFixed=false mImsi=null mncLength=-1 mailboxIndex=0 spn=null mVmConfigcom.android.internal.telephony.uicc.VoiceMailConstants@71becfc mSpnOverride=mSpnOverride callForwardingEnabled=0 spnState=null mCphsInfo=null mCspPlmnEnabled=true efMWIS=null efCPHS_MWI=null mEfCff=null mEfCfis=null getOperatorNumeric=null
02-20 20:37:32.112  1919  1919 D UiccCardApplication: Creating UiccApp: {APPTYPE_RUIM,APPSTATE_DETECTED}
02-20 20:37:32.112  1919  1919 D RuimRecords: [RuimRecords] setting0 mMncLength-1
02-20 20:37:32.112  1919  1919 D RuimRecords: [RuimRecords] RuimRecords X ctor this=RuimRecords: mDestroyed=false mContext=com.android.phone.PhoneGlobals@e3122f7 mCi=com.android.internal.telephony.RIL@1a454b1 mFh=Handler (com.android.internal.telephony.uicc.RuimFileHandler) {a57e1da} mParentApp=com.android.internal.telephony.uicc.UiccCardApplication@6d7c60b recordsLoadedRegistrants=android.os.RegistrantList@fb8dce8 mImsiReadyRegistrants=android.os.RegistrantList@874ef01 mRecordsEventsRegistrants=android.os.RegistrantList@66241a6 mNewSmsRegistrants=android.os.RegistrantList@43ab7e7 mNetworkSelectionModeAutomaticRegistrants=android.os.RegistrantList@4b2df94 recordsToLoad=0 adnCache=Handler (com.android.internal.telephony.uicc.AdnRecordCache) {c07a3d} recordsRequested=false iccid=null msisdnTag=null voiceMailNum=null voiceMailTag=null voiceMailNum=null newVoiceMailTag=null isVoiceMailFixed=false mImsi=null mncLength=-1 mailboxIndex=0 spn=null m_ota_commitedfalse mMyMobileNumber=xxxx mMin2Min1=null mPrlVersion=null mEFpl=null mEFli=null mCsimSpnDisplayCondition=false mMdn=null mMin=null mHomeSystemId=null mHomeNetworkId=null
02-20 20:37:32.130  1919  1919 D CAT     : CatService: registerForRecordsLoaded slotid=0 instance:Handler (com.android.internal.telephony.cat.CatService) {d45df7e}
02-20 20:37:32.133  1919  1919 D CAT     : CatService: Running CAT service on Slotid: 0. STK app installed:false
02-20 20:37:32.133  1919  1919 D UiccCard: Before privilege rules: null : CARDSTATE_PRESENT
02-20 20:37:32.133  1919  1919 D RILJ    : [3672]> RIL_REQUEST_SIM_OPEN_CHANNEL [SUB0]
02-20 20:37:32.134  1374  1503 D RIL     : onRequest: SIM_OPEN_CHANNEL
02-20 20:37:32.134  1374  1503 D AT      : AT> AT+CCHO=A00000015141434C00
02-20 20:37:32.134  1919  1919 E UiccCard: App index 8 is invalid since there are no applications
02-20 20:37:32.134  1919  1919 D UiccCard: update: radioState=RADIO_ON mLastRadioState=RADIO_UNAVAILABLE
02-20 20:37:32.134  1919  1919 D UiccController: Notifying IccChangedRegistrants
02-20 20:37:32.134  1374  1505 D AT      : AT< 1
02-20 20:37:32.134  1374  1505 D AT      : AT< OK
02-20 20:37:32.134  1919  2014 D RILJ    : [3672]< RIL_REQUEST_SIM_OPEN_CHANNEL  [SUB0]
02-20 20:37:32.136  1662  1690 I dvm_lock_sample: [system_server,0,android.bg,53,ActivityManagerService.java,21741,-,17301,10]
02-20 20:37:32.138  2114  2114 W art     : Unexpected CPU variant for X86 using defaults: x86_64
02-20 20:37:32.140  2088  2088 W System  : ClassLoader referenced unknown path: /system/priv-app/PrebuiltGmsCore/lib/x86_64
02-20 20:37:32.141  2106  2106 W art     : Unexpected CPU variant for X86 using defaults: x86_64
02-20 20:37:32.142  1662  1740 I am_proc_start: [0,2114,10002,com.android.providers.calendar,content provider,com.android.providers.calendar/.CalendarProvider2]
02-20 20:37:32.142  1662  1740 I ActivityManager: Start proc 2114:com.android.providers.calendar/u0a2 for content provider com.android.providers.calendar/.CalendarProvider2
02-20 20:37:32.152  1919  1919 D GsmCdmaPhone: get phone radio capability fail, no need to change mRadioCapability
02-20 20:37:32.152  1919  1919 D GsmCdmaPhone: EVENT_GET_RADIO_CAPABILITY: phone rc: null
02-20 20:37:32.152  1919  1919 D Phone   : config LCE service failed: com.android.internal.telephony.CommandException: RADIO_NOT_AVAILABLE
02-20 20:37:32.152  1919  1919 D SST     : mDeviceShuttingDown=false, mDesiredPowerState=true, getRadioState=RADIO_ON, mPowerOffDelayNeed=true, mAlarmSwitch=false, mRadioDisabledByCarrier=false
02-20 20:37:32.152  1919  1919 D RILJ    : [3673]> OPERATOR [SUB0]
02-20 20:37:32.152  1919  1919 D RILJ    : [3674]> DATA_REGISTRATION_STATE [SUB0]
02-20 20:37:32.152  1374  1503 D RIL     : onRequest: OPERATOR
02-20 20:37:32.152  1374  1503 D AT      : AT> AT+COPS=3,0;+COPS?;+COPS=3,1;+COPS?;+COPS=3,2;+COPS?
02-20 20:37:32.152  1374  1505 D AT      : AT< +COPS: 0,0,"Android"
02-20 20:37:32.152  1374  1505 D AT      : AT< +COPS: 0,1,"Android"
02-20 20:37:32.152  1374  1505 D AT      : AT< +COPS: 0,2,"310260"
02-20 20:37:32.152  1374  1505 D AT      : AT< OK
02-20 20:37:32.152  1919  1919 D RILJ    : [3675]> VOICE_REGISTRATION_STATE [SUB0]
02-20 20:37:32.152  1374  1503 D RIL     : onRequest: DATA_REGISTRATION_STATE
02-20 20:37:32.152  1374  1503 D RIL     : requestRegistrationState
02-20 20:37:32.152  1374  1503 D AT      : AT> AT+CGREG?
02-20 20:37:32.152  1374  1505 D AT      : AT< +CGREG: 1,1,"0003","005b","000e"
02-20 20:37:32.152  1374  1505 D AT      : AT< OK
02-20 20:37:32.152  1919  2014 D RILJ    : [3673]< OPERATOR {Android, Android, 310260} [SUB0]
02-20 20:37:32.152  1374  1503 D RIL     : parseRegistrationState. Parsing: +CGREG: 1,1,"0003","005b","000e"
02-20 20:37:32.152  1374  1503 D RIL     : registration state type: 3GPP
02-20 20:37:32.152  1919  1919 D RILJ    : [3676]> QUERY_NETWORK_SELECTION_MODE [SUB0]
02-20 20:37:32.153  1374  1503 D RIL     : onRequest: VOICE_REGISTRATION_STATE
02-20 20:37:32.153  1374  1503 D RIL     : requestRegistrationState
02-20 20:37:32.153  1374  1503 D AT      : AT> AT+CREG?
02-20 20:37:32.153  1374  1505 D AT      : AT< +CREG: 2,1, "0003", "005b"
02-20 20:37:32.153  1374  1505 D AT      : AT< OK
02-20 20:37:32.153  1919  1919 D RILJ    : [3677]> GET_CURRENT_CALLS [SUB0]
02-20 20:37:32.153  1374  1503 D RIL     : parseRegistrationState. Parsing: +CREG: 2,1, "0003", "005b"
02-20 20:37:32.153  1374  1503 D RIL     : registration state type: 3GPP
02-20 20:37:32.153  1374  1503 D RIL     : onRequest: QUERY_NETWORK_SELECTION_MODE
02-20 20:37:32.153  1374  1503 D AT      : AT> AT+COPS?
02-20 20:37:32.153  1374  1505 D AT      : AT< +COPS: 0,2,310260
02-20 20:37:32.153  1374  1505 D AT      : AT< OK
02-20 20:37:32.153  1919  1919 D RILJ    : [3678]> RIL_REQUEST_IMS_REGISTRATION_STATE [SUB0]
02-20 20:37:32.153  1374  1503 D RIL     : onRequest: GET_CURRENT_CALLS
02-20 20:37:32.153  1374  1503 D AT      : AT> AT+CLCC
02-20 20:37:32.153  1919  1919 D RILJ    : [3679]> RIL_REQUEST_CDMA_GET_SUBSCRIPTION_SOURCE [SUB0]
02-20 20:37:32.153  1374  1505 D AT      : AT< OK
02-20 20:37:32.153  1374  1503 D RIL     : onRequest: IMS_REGISTRATION_STATE
02-20 20:37:32.153  1374  1503 D RIL     : IMS_REGISTRATION=0, format=1 
02-20 20:37:32.153  1919  1919 D GsmCdmaPhone: [GsmCdmaPhone] Event EVENT_RADIO_ON Received
02-20 20:37:32.153  1919  1919 D RILJ    : [3680]> RIL_REQUEST_VOICE_RADIO_TECH [SUB0]
02-20 20:37:32.154  1374  1503 D RIL     : onRequest: CDMA_GET_SUBSCRIPTION_SOURCE
02-20 20:37:32.154  1374  1503 D RIL     : Request not supported. Tech: 1
02-20 20:37:32.154  1919  1919 D UiccController: Received EVENT_ICC_STATUS_CHANGED, calling getIccCardStatus
02-20 20:37:32.154  1919  1919 D RILJ    : [3681]> GET_SIM_STATUS [SUB0]
02-20 20:37:32.154  1374  1503 D RIL     : onRequest: VOICE_RADIO_TECH
02-20 20:37:32.154  1919  1919 D SST     : EVENT_POLL_STATE_NETWORK_SELECTION_MODE
02-20 20:37:32.154  1919  1919 D SST     : EVENT_POLL_STATE_NETWORK_SELECTION_MODE
02-20 20:37:32.154  1919  1919 D PhoneSwitcher: evaluating due to netRequest default 0->1 phone[0] 0->-2
02-20 20:37:32.155  1919  1919 D TelephonyNetworkFactory[0]: not acting - isApp=false, isAct=false NetworkRequest [ REQUEST id=1, [ Capabilities: INTERNET&NOT_RESTRICTED&TRUSTED&NOT_VPN] ]
02-20 20:37:32.156  1919  1919 D CAT     : CatService: handleMessage[8]
02-20 20:37:32.156  1919  1919 D CAT     : CatService: MSG_ID_ICC_CHANGED
02-20 20:37:32.156  1919  1919 D CAT     : CatService: New Card State = CARDSTATE_PRESENT Old Card State = CARDSTATE_ABSENT
02-20 20:37:32.157  1919  1919 D RILJ    : [3682]> RIL_REQUEST_REPORT_STK_SERVICE_IS_RUNNING [SUB0]
02-20 20:37:32.157  1374  1503 D RIL     : onRequest: GET_SIM_STATUS
02-20 20:37:32.157  1374  1503 D RIL     : getSIMStatus(). sState: 10
02-20 20:37:32.157  1374  1503 D AT      : AT> AT+CPIN?
02-20 20:37:32.157  1374  1505 D AT      : AT< +CPIN: READY
02-20 20:37:32.157  1919  2014 D RILJ    : [3674]< DATA_REGISTRATION_STATE {1, 3, 5b, 14, null, null} [SUB0]
02-20 20:37:32.157  1374  1505 D AT      : AT< OK
02-20 20:37:32.157  1919  2014 D RILJ    : [3675]< VOICE_REGISTRATION_STATE {1, 3, 5b, 0, null, null, null, null, null, null, null, null, null, null, null} [SUB0]
02-20 20:37:32.158  1919  2014 D RILJ    : [3676]< QUERY_NETWORK_SELECTION_MODE {0} [SUB0]
02-20 20:37:32.158  1919  2014 D RILJ    : [3677]< GET_CURRENT_CALLS {} [SUB0]
02-20 20:37:32.158  1919  2014 D RILJ    : [3678]< RIL_REQUEST_IMS_REGISTRATION_STATE {0, 1} [SUB0]
02-20 20:37:32.158  1919  2014 D RilRequest: [3679]< RIL_REQUEST_CDMA_GET_SUBSCRIPTION_SOURCE error: com.android.internal.telephony.CommandException: REQUEST_NOT_SUPPORTED ret=
02-20 20:37:32.158  1919  2014 D RILJ    : [3680]< RIL_REQUEST_VOICE_RADIO_TECH {11} [SUB0]
02-20 20:37:32.158  1919  2014 D RILJ    : [3681]< GET_SIM_STATUS IccCardState {CARDSTATE_PRESENT,PINSTATE_UNKNOWN,num_apps=2,gsm_id=0{APPTYPE_SIM,APPSTATE_READY},cdma_id=1{APPTYPE_RUIM,APPSTATE_READY},ims_id=8} [SUB0]
02-20 20:37:32.158  1374  1503 D RIL     : onRequest: REPORT_STK_SERVICE_IS_RUNNING
02-20 20:37:32.158  1374  1503 D RIL     : Request not supported. Tech: 1
02-20 20:37:32.158  1919  2014 D RilRequest: [3682]< RIL_REQUEST_REPORT_STK_SERVICE_IS_RUNNING error: com.android.internal.telephony.CommandException: REQUEST_NOT_SUPPORTED ret=
02-20 20:37:32.158  1919  1919 D GsmCdmaPhone: [GsmCdmaPhone] New Uicc application found. type = APPTYPE_SIM
02-20 20:37:32.158  1919  1919 D GsmSMSDispatcher: GsmSMSDispatcher: subId = -2 slotId = 0
02-20 20:37:32.158  1919  1919 D GsmSMSDispatcher: New Uicc application found
02-20 20:37:32.158  1919  1919 D IccCardProxy: Icc changed. Reregestering.
02-20 20:37:32.158  1919  1919 D SST     : New card found
02-20 20:37:32.158  1919  1919 D CAT     : CatService: handleMessage[8]
02-20 20:37:32.158  1919  1919 D CAT     : CatService: MSG_ID_ICC_CHANGED
02-20 20:37:32.158  1919  1919 D CAT     : CatService: New Card State = CARDSTATE_PRESENT Old Card State = CARDSTATE_PRESENT
02-20 20:37:32.158  1919  1919 E SST     : error parsing GprsRegistrationState: java.lang.NumberFormatException: null
02-20 20:37:32.158  1919  1919 D SST     : handlPollStateResultMessage: GsmSST setDataRegState=0 regState=1 dataRadioTechnology=14
02-20 20:37:32.158  1919  1919 D SST     : EVENT_POLL_STATE_NETWORK_SELECTION_MODE
02-20 20:37:32.159  1919  1919 D SST     : Poll ServiceState done:  oldSS=[1 1 voice home data home null null null null null null  Unknown Unknown CSS not supported 0 0 RoamInd=0 DefRoamInd=0 EmergOnly=false IsDataRoamingFromRegistration=false IsUsingCarrierAggregation=false] newSS=[0 0 voice home data home Android Android 310260 Android Android 310260  Unknown LTE CSS not supported -1 -1 RoamInd=-1 DefRoamInd=-1 EmergOnly=false IsDataRoamingFromRegistration=false IsUsingCarrierAggregation=false] oldMaxDataCalls=1 mNewMaxDataCalls=1 oldReasonDataDenied=-1 mNewReasonDataDenied=-1
02-20 20:37:32.159  1919  1919 I gsm_service_state_change: [1,1,0,0]
02-20 20:37:32.159  1919  1919 D TelephonyManager: setTelephonyProperty: success phoneId=0 property=gsm.network.type value: LTE propVal=LTE
02-20 20:37:32.160  1919  1919 D SST     : pollStateDone: registering current mNitzUpdatedTime=true changing to false
02-20 20:37:32.160  1919  1919 D SIMRecords: [SIMRecords] getServiceProviderName: no brandOverride, providerName=null
02-20 20:37:32.160  1919  1919 D SIMRecords: [SIMRecords] getServiceProviderName: no brandOverride, providerName=null
02-20 20:37:32.160  1919  1919 D SST     : updateSpnDisplay: changed sending intent rule=2 showPlmn='true' plmn='Android' showSpn='false' spn='null' dataSpn='null' subId='-2'
02-20 20:37:32.161  1919  1919 D SubscriptionController: [setPlmnSpn] No valid subscription to store info
02-20 20:37:32.161  1919  1919 D SubscriptionController: notifySubscriptionInfoChanged:
02-20 20:37:32.161  1662  1950 D TelephonyRegistry: notifySubscriptionInfoChanged: first invocation mRecords.size=16
02-20 20:37:32.162  1662  1662 I GnssLocationProvider: WakeLock acquired by sendMessage(12, 0, null)
02-20 20:37:32.162  1919  2051 D SubscriptionController: [getActiveSubInfoList] Sub Controller not ready
02-20 20:37:32.162  1919  1919 D TelephonyManager: setTelephonyProperty: success phoneId=0 property=gsm.operator.alpha value: Android propVal=Android
02-20 20:37:32.162  1919  1919 D TelephonyManager: setTelephonyProperty: success phoneId=0 property=gsm.operator.numeric value: 310260 propVal=310260
02-20 20:37:32.162  1919  1919 D SST     : update mccmnc=310260 fromServiceState=true
02-20 20:37:32.163  1919  1919 D MccTable: updateMccMncConfiguration mccmnc='310260' fromServiceState=true
02-20 20:37:32.167  1919  1919 D SubscriptionController: [getPhoneId]- no sims, returning default phoneId=2147483647
02-20 20:37:32.167  1919  1919 D MccTable: updateMccMncConfiguration defaultMccMnc=
02-20 20:37:32.167  1919  1919 D MccTable: updateMccMncConfiguration: mcc=310, mnc=260
02-20 20:37:32.167  1919  1919 D MccTable: WIFI_COUNTRY_CODE set to us
02-20 20:37:32.168  1363  1793 I art     : Starting a blocking GC HeapTrim
02-20 20:37:32.174  1662  1691 I am_proc_start: [0,2129,10029,com.google.android.googlequicksearchbox:interactor,service,com.google.android.googlequicksearchbox/com.google.android.voiceinteraction.GsaVoiceInteractionService]
02-20 20:37:32.174  1662  1691 I ActivityManager: Start proc 2129:com.google.android.googlequicksearchbox:interactor/u0a29 for service com.google.android.googlequicksearchbox/com.google.android.voiceinteraction.GsaVoiceInteractionService
02-20 20:37:32.175  1662  1691 I ActivityManager: Loading recents for user 0 into memory.
02-20 20:37:32.179  1662  1950 I WifiService: WifiService trying to set country code to us with persist set to false
02-20 20:37:32.180  1662  1950 D WifiCountryCode: Succeeded to set country code to: US
02-20 20:37:32.180  1662  1691 D ActivityManager: Sending BOOT_COMPLETE user #0
02-20 20:37:32.181  1662  1691 I sysui_histogram: [framework_boot_completed,11]
02-20 20:37:32.181  1662  1686 I am_proc_bound: [0,2106,com.google.android.deskclock]
02-20 20:37:32.185  1933  1933 D FallbackHome: User unlocked and real home found; let's go!
02-20 20:37:32.186  1662  1950 I am_finish_activity: [0,205952585,1,com.android.settings/.FallbackHome,app-request]
02-20 20:37:32.187  1662  1950 I am_pause_activity: [0,205952585,com.android.settings/.FallbackHome]
02-20 20:37:32.187  1933  1933 I am_on_paused_called: [0,com.android.settings.FallbackHome,handlePauseActivity]
02-20 20:37:32.188  1662  1950 I ActivityManager: START u0 {act=android.intent.action.MAIN cat=[android.intent.category.HOME] flg=0x10000100 cmp=com.google.android.apps.nexuslauncher/.NexusLauncherActivity} from uid 0 on display 0
02-20 20:37:32.188  2129  2129 W art     : Unexpected CPU variant for X86 using defaults: x86
02-20 20:37:32.188  1662  1950 I am_create_task: [0,179]
02-20 20:37:32.188  1662  1950 I am_create_activity: [0,193633759,179,com.google.android.apps.nexuslauncher/.NexusLauncherActivity,android.intent.action.MAIN,NULL,NULL,268435712]
02-20 20:37:32.189  1662  1950 I wm_task_created: [179,0]
02-20 20:37:32.189  1662  1950 I wm_task_moved: [179,1,1]
02-20 20:37:32.189  1662  1950 I wm_task_moved: [179,1,1]
02-20 20:37:32.189  1662  1950 I am_focused_activity: [0,com.google.android.apps.nexuslauncher/.NexusLauncherActivity,startedActivity]
02-20 20:37:32.189  1919  1919 D TelephonyManager: setTelephonyProperty: success phoneId=0 property=gsm.operator.iso-country value: us propVal=us
02-20 20:37:32.195  1919  1919 D SST     : pollStateDone: there are 6 unique offsets for iso-cc='us testOneUniqueOffsetPath=false', do nothing
02-20 20:37:32.195  1919  1919 D SST     : shouldFixTimeZoneNow: retVal=true iccCardExist=true operatorNumeric=310260 mcc=310 prevOperatorNumeric= prevMcc=311 needToFixTimeZone=false ltod=02-20 20:37:32.195
02-20 20:37:32.195  1919  1919 D SST     : fixTimeZone zoneName='GMT' mZoneOffset=0 mZoneDst=false iso-cc='us' iso-cc-idx=-21
02-20 20:37:32.196  1919  1919 D SST     : fixTimeZone: using default TimeZone
02-20 20:37:32.196  1919  1919 D SST     : fixTimeZone: zone != null zone.getID=GMT
02-20 20:37:32.196  1919  1919 D SST     : setAndBroadcastNetworkSetTimeZone: setTimeZone=GMT
02-20 20:37:32.199  1662  1687 D AlarmManagerService: Kernel timezone updated to 0 minutes west of GMT
02-20 20:37:32.209  1662  1950 I am_proc_start: [0,2148,10021,com.google.android.apps.nexuslauncher,activity,com.google.android.apps.nexuslauncher/.NexusLauncherActivity]
02-20 20:37:32.209  1662  1950 I ActivityManager: Start proc 2148:com.google.android.apps.nexuslauncher/u0a21 for activity com.google.android.apps.nexuslauncher/.NexusLauncherActivity
02-20 20:37:32.209  1662  1662 I AccountManagerService: User 0 is unlocked - opening CE database
02-20 20:37:32.209  1662  1691 I sysui_count: [window_time_0,6]
02-20 20:37:32.213  1919  1919 D SST     : setAndBroadcastNetworkSetTimeZone: call alarm.setTimeZone and broadcast zoneId=GMT
02-20 20:37:32.213  1919  1919 D TelephonyManager: setTelephonyProperty: success phoneId=0 property=gsm.operator.isroaming value: false propVal=false
02-20 20:37:32.214  1919  1919 D SST     : Broadcasting ServiceState : 0 0 voice home data home Android Android 310260 Android Android 310260  Unknown LTE CSS not supported -1 -1 RoamInd=-1 DefRoamInd=-1 EmergOnly=false IsDataRoamingFromRegistration=false IsUsingCarrierAggregation=false
02-20 20:37:32.214  1919  1919 D DefaultPhoneNotifier: nofityServiceState: mRegistry=com.android.internal.telephony.ITelephonyRegistry$Stub$Proxy@a11b3f5 ss=0 0 voice home data home Android Android 310260 Android Android 310260  Unknown LTE CSS not supported -1 -1 RoamInd=-1 DefRoamInd=-1 EmergOnly=false IsDataRoamingFromRegistration=false IsUsingCarrierAggregation=false sender=Handler (com.android.internal.telephony.GsmCdmaPhone) {4afaa07} phondId=0 subId=-2
02-20 20:37:32.224  1919  1919 D SubscriptionController: [getSlotId]- subId invalid
02-20 20:37:32.224  1662  1686 D TelephonyManager: getSimState: default sim:-1, sim state for slotIdx=0 is 6, return state as unknown
02-20 20:37:32.225  1919  1919 D SST     : notifyDataRegStateRilRadioTechnologyChanged: drs=0 rat=14
02-20 20:37:32.226  1933  1982 D EGL_emulation: eglMakeCurrent: 0x7a50c7c3b320: ver 3 0 (tinfo 0x7a50c7c0c3e0)
02-20 20:37:32.225  1919  1919 D TelephonyManager: setTelephonyProperty: success phoneId=0 property=gsm.network.type value: LTE propVal=LTE
02-20 20:37:32.226  1919  1919 D DCT     : [0]get all active apn types
02-20 20:37:32.226  1919  1919 D SST     : getCellLocation(): X good mCellLoc=[3,91,-1]
02-20 20:37:32.227  1662  1959 D TelephonyRegistry: notifyCellLocationForSubscriber: subId=-2 cellLocation=Bundle[mParcelledData.dataSize=64]
02-20 20:37:32.227  1919  1919 D GsmCdmaCallTracker: Event EVENT_POLL_CALLS_RESULT Received
02-20 20:37:32.228  1919  1919 D GsmCdmaCallTracker: [GsmCdmaCallTracker] update phone state, old=IDLE new=IDLE
02-20 20:37:32.228  1919  1919 D RIL_ImsSms: IMS is NOT registered!
02-20 20:37:32.228  1919  1919 D CdmaSSM : CDMA_SUBSCRIPTION_SOURCE event = 2
02-20 20:37:32.228  1919  1919 W CdmaSSM : Unable to get CDMA Subscription Source, Exception: com.android.internal.telephony.CommandException: REQUEST_NOT_SUPPORTED, result: null
02-20 20:37:32.228  1919  1919 D GsmCdmaPhone: [GsmCdmaPhone] EVENT_REQUEST_VOICE_RADIO_TECH_DONE: newVoiceTech=11
02-20 20:37:32.228  1919  1919 D GsmCdmaPhone: [GsmCdmaPhone] phoneObjectUpdater: newVoiceRadioTech=11
02-20 20:37:32.228  1919  1919 D GsmCdmaPhone: [GsmCdmaPhone] phoneObjectUpdater: No change ignore, newVoiceRadioTech=11 mActivePhone=GSM
02-20 20:37:32.228  1919  1919 D UiccController: Received EVENT_GET_ICC_STATUS_DONE
02-20 20:37:32.228  1919  1919 D UiccCard: 2 applications
02-20 20:37:32.228  1919  1919 D UiccCardApplication: APPTYPE_SIM update. New {APPTYPE_SIM,APPSTATE_READY}
02-20 20:37:32.228  1919  1919 D UiccCardApplication: APPTYPE_SIM changed state: APPSTATE_DETECTED -> APPSTATE_READY
02-20 20:37:32.228  1919  1919 D RILJ    : [3683]> QUERY_FACILITY_LOCK [FD 7 null] [SUB0]
02-20 20:37:32.228  1312  1973 D         : HostConnection::get() New Host Connection established 0x743db121b5a0, tid 1973
02-20 20:37:32.233  1374  1503 D RIL     : onRequest: QUERY_FACILITY_LOCK
02-20 20:37:32.233  1374  1503 D RIL     : Request not supported. Tech: 1
02-20 20:37:32.233  1919  2014 D RilRequest: [3683]< QUERY_FACILITY_LOCK error: com.android.internal.telephony.CommandException: REQUEST_NOT_SUPPORTED ret=
02-20 20:37:32.233  1919  1919 D RILJ    : [3684]> QUERY_FACILITY_LOCK [SC 7 null] [SUB0]
02-20 20:37:32.234  1374  1503 D RIL     : onRequest: QUERY_FACILITY_LOCK
02-20 20:37:32.234  1374  1503 D RIL     : Request not supported. Tech: 1
02-20 20:37:32.235  1919  2014 D RilRequest: [3684]< QUERY_FACILITY_LOCK error: com.android.internal.telephony.CommandException: REQUEST_NOT_SUPPORTED ret=
02-20 20:37:32.235  1919  1919 D UiccCardApplication: Notifying registrants: READY
02-20 20:37:32.235  1919  1919 D UiccCardApplication: APPTYPE_RUIM update. New {APPTYPE_RUIM,APPSTATE_READY}
02-20 20:37:32.235  1919  1919 D UiccCardApplication: APPTYPE_RUIM changed state: APPSTATE_DETECTED -> APPSTATE_READY
02-20 20:37:32.235  1919  1919 D RILJ    : [3685]> QUERY_FACILITY_LOCK [FD 7 null] [SUB0]
02-20 20:37:32.235  1374  1503 D RIL     : onRequest: QUERY_FACILITY_LOCK
02-20 20:37:32.235  1374  1503 D RIL     : Request not supported. Tech: 1
02-20 20:37:32.235  1919  2014 D RilRequest: [3685]< QUERY_FACILITY_LOCK error: com.android.internal.telephony.CommandException: REQUEST_NOT_SUPPORTED ret=
02-20 20:37:32.236  1919  1919 D RILJ    : [3686]> QUERY_FACILITY_LOCK [SC 7 null] [SUB0]
02-20 20:37:32.236  1374  1503 D RIL     : onRequest: QUERY_FACILITY_LOCK
02-20 20:37:32.236  1374  1503 D RIL     : Request not supported. Tech: 1
02-20 20:37:32.236  1919  2014 D RilRequest: [3686]< QUERY_FACILITY_LOCK error: com.android.internal.telephony.CommandException: REQUEST_NOT_SUPPORTED ret=
02-20 20:37:32.236  1919  1919 D UiccCardApplication: Notifying registrants: READY
02-20 20:37:32.236  1919  1919 D UiccCard: Before privilege rules: Handler (com.android.internal.telephony.uicc.UiccCarrierPrivilegeRules) {2dc758a} : CARDSTATE_PRESENT
02-20 20:37:32.236  1919  1919 E UiccCard: App index 8 is invalid since there are no applications
02-20 20:37:32.236  1919  1919 D UiccCard: update: radioState=RADIO_ON mLastRadioState=RADIO_ON
02-20 20:37:32.236  1919  1919 D UiccController: Notifying IccChangedRegistrants
02-20 20:37:32.236  1919  1919 D RILJ    : [3687]> RIL_REQUEST_SIM_TRANSMIT_APDU_CHANNEL [SUB0]
02-20 20:37:32.237  1374  1503 D RIL     : onRequest: SIM_TRANSMIT_APDU_CHANNEL
02-20 20:37:32.237  1374  1503 D AT      : AT> AT+CGLA=1,10,80caff4000
02-20 20:37:32.237  1374  1505 D AT      : AT< +CGLA: 144,0,FF403eE23cE12eC11461ed377e85d386a8dfee6b864bd85b0bfaa5af81CA16616e64726f69642e636172726965726170692e637473E30aDB080000000000000000
02-20 20:37:32.237  1374  1505 D AT      : AT< OK
02-20 20:37:32.237  1919  2014 D RILJ    : [3687]< RIL_REQUEST_SIM_TRANSMIT_APDU_CHANNEL  [SUB0]
02-20 20:37:32.237  1919  1919 D GsmCdmaPhone: [GsmCdmaPhone] Event EVENT_REGISTERED_TO_NETWORK Received
02-20 20:37:32.237  1919  1919 D SST     : SubscriptionListener.onSubscriptionInfoChanged
02-20 20:37:32.237  1919  1919 E Phone   : getStoredVoiceMessageCount: invalid subId -2
02-20 20:37:32.237  1919  1919 D GsmCdmaPhone: [GsmCdmaPhone] updateVoiceMail countVoiceMessages = 0 subId -2
02-20 20:37:32.237  1919  1919 E Phone   : setVoiceMessageCount in sharedPreference: invalid subId -2
02-20 20:37:32.237  1919  1919 D DCT     : [0]SubscriptionListener.onSubscriptionInfoChanged
02-20 20:37:32.237  1919  1919 D SubscriptionController: [getActiveSubInfoList] Sub Controller not ready
02-20 20:37:32.238  1919  1919 D SubscriptionController: [getActiveSubInfoList] Sub Controller not ready
02-20 20:37:32.238  1919  1919 E PhoneInterfaceManager: [PhoneIntfMgr] getIccId: No UICC
02-20 20:37:32.266  1662  1686 I am_proc_bound: [0,2114,com.android.providers.calendar]
02-20 20:37:32.267  1662  1959 I Telecom : PhoneAccountRegistrar: New phone account registered: [[ ] PhoneAccount: ComponentInfo{com.android.phone/com.android.services.telephony.TelephonyConnectionService}, [e0184adedf913b076626646d3f52c3b49c39ad6d], UserHandle{0} Capabilities: CallProvider MultiUser PlaceEmerg SimSub  Schemes: tel voicemail  Extras: null GroupId: [da39a3ee5e6b4b0d3255bfef95601890afd80709]]: TSI.rPA@AAM
02-20 20:37:32.286  2148  2148 W art     : Unexpected CPU variant for X86 using defaults: x86_64
02-20 20:37:32.290  2114  2114 W System  : ClassLoader referenced unknown path: /system/priv-app/CalendarProvider/lib/x86_64
02-20 20:37:32.292  1662  1686 I am_proc_bound: [0,2129,com.google.android.googlequicksearchbox:interactor]
02-20 20:37:32.300  1662  1959 I Telecom : : Sending phone-account registered intent as user: TSI.rPA@AAM
02-20 20:37:32.316  1662  1686 I am_proc_bound: [0,2148,com.google.android.apps.nexuslauncher]
02-20 20:37:32.318  1662  1686 I am_restart_activity: [0,193633759,179,com.google.android.apps.nexuslauncher/.NexusLauncherActivity]
02-20 20:37:32.330  1919  1919 I Telephony: AccountEntry: Registered phoneAccount: [[ ] PhoneAccount: ComponentInfo{com.android.phone/com.android.services.telephony.TelephonyConnectionService}, [e0184adedf913b076626646d3f52c3b49c39ad6d], UserHandle{0} Capabilities: CallProvider MultiUser PlaceEmerg SimSub  Schemes: tel voicemail  Extras: null GroupId: [da39a3ee5e6b4b0d3255bfef95601890afd80709]] with handle: ComponentInfo{com.android.phone/com.android.services.telephony.TelephonyConnectionService}, [e0184adedf913b076626646d3f52c3b49c39ad6d], UserHandle{0}
02-20 20:37:32.332  1919  1919 I Telephony: PstnIncomingCallNotifier: Registering: Handler (com.android.internal.telephony.GsmCdmaPhone) {4afaa07}
02-20 20:37:32.334  1919  1919 I Telephony: TelecomAccountRegistry: Unregistering phone account ComponentInfo{com.android.phone/com.android.services.telephony.TelephonyConnectionService}, [e2f7d48dd2b5ca523e7313cf4ba0f6ea830b6281], UserHandle{0}.
02-20 20:37:32.339  1662  1950 I Telecom : : Sending phone-account unregistered intent as user: TSI.uPA@AAU
02-20 20:37:32.341  1919  1919 D DCT     : [0]NETWORK_STATE_CHANGED_ACTION: mIsWifiConnected=false
02-20 20:37:32.341  1919  1919 D WAP PUSH: Received broadcast android.intent.action.USER_UNLOCKED
02-20 20:37:32.342  1919  1919 D WAP PUSH: Received broadcast android.intent.action.USER_UNLOCKED
02-20 20:37:32.342  1919  1919 D SmsBroadcastUndelivered: Received broadcast android.intent.action.USER_UNLOCKED
02-20 20:37:32.343  1919  1919 D SubscriptionInfoUpdater: [Receiver]+
02-20 20:37:32.343  1919  1919 D SubscriptionInfoUpdater: Action: android.intent.action.USER_UNLOCKED
02-20 20:37:32.343  1919  1919 D SubscriptionInfoUpdater: Broadcasting intent ACTION_SIM_STATE_CHANGED for mCardIndex: 0
02-20 20:37:32.344  1919  1919 D SubscriptionInfoUpdater: [Receiver]-
02-20 20:37:32.344  1919  1919 D CarrierSvcBindHelper: Received android.intent.action.USER_UNLOCKED
02-20 20:37:32.345  1919  2189 E WAP PUSH: bindService() for wappush manager failed
02-20 20:37:32.346  1919  1919 D CarrierSvcBindHelper: No carrier app for: 0
02-20 20:37:32.346  1919  1919 D DCT     : [0]onDataConnectionAttached
02-20 20:37:32.346  1919  1919 D DCT     : [0]isDataAllowed: No - SIM not loaded
02-20 20:37:32.346  1919  2190 D SmsBroadcastUndelivered: scanning raw table for undelivered messages
02-20 20:37:32.347  1919  2188 E WAP PUSH: bindService() for wappush manager failed
02-20 20:37:32.367  2148  2148 W System  : ClassLoader referenced unknown path: /system/priv-app/NexusLauncherPrebuilt/lib/x86_64
02-20 20:37:32.394  2191  2191 W art     : Unexpected CPU variant for X86 using defaults: x86_64
02-20 20:37:32.398  1662  1742 I am_proc_start: [0,2191,1000,com.android.keychain,service,com.android.keychain/.KeyChainService]
02-20 20:37:32.398  1662  1742 I ActivityManager: Start proc 2191:com.android.keychain/1000 for service com.android.keychain/.KeyChainService
02-20 20:37:32.420  1662  1686 I am_proc_bound: [0,2191,com.android.keychain]
02-20 20:37:32.441  1919  1919 D DCT     : [0]setupDataOnConnectableApns: dataAttached hipri:[state=IDLE,enabled=false] mms:[state=IDLE,enabled=false] supl:[state=IDLE,enabled=false] ia:[state=IDLE,enabled=false] fota:[state=IDLE,enabled=false] ims:[state=IDLE,enabled=false] cbs:[state=IDLE,enabled=false] default:[state=IDLE,enabled=false] emergency:[state=IDLE,enabled=false] 
02-20 20:37:32.441  1919  1919 D DCT     : [0]setupDataOnConnectableApns: nwTypeChanged hipri:[state=IDLE,enabled=false] mms:[state=IDLE,enabled=false] supl:[state=IDLE,enabled=false] ia:[state=IDLE,enabled=false] fota:[state=IDLE,enabled=false] ims:[state=IDLE,enabled=false] cbs:[state=IDLE,enabled=false] default:[state=IDLE,enabled=false] emergency:[state=IDLE,enabled=false] 
02-20 20:37:32.441  1919  1919 D UiccCardApplication: Error in querying facility lock:com.android.internal.telephony.CommandException: REQUEST_NOT_SUPPORTED
02-20 20:37:32.441  1919  1919 D UiccCardApplication: Error in querying facility lock:com.android.internal.telephony.CommandException: REQUEST_NOT_SUPPORTED
02-20 20:37:32.441  1919  1919 D SIMRecords: [SIMRecords] fetchSimRecords 0
02-20 20:37:32.441  1919  1919 D RILJ    : [3688]> getIMSI: GET_IMSI aid: null [SUB0]
02-20 20:37:32.442  1374  1503 D RIL     : onRequest: GET_IMSI
02-20 20:37:32.442  1374  1503 D AT      : AT> AT+CIMI
02-20 20:37:32.442  1919  1919 D RILJ    : [3689]> iccIO: SIM_IO 0xc0 0x2fe2  path: 3F00,0,0,15 aid: null [SUB0]
02-20 20:37:32.442  1374  1505 D AT      : AT< 310260000000000
02-20 20:37:32.442  1374  1505 D AT      : AT< OK
02-20 20:37:32.442  1374  1503 D RIL     : onRequest: SIM_IO
02-20 20:37:32.442  1374  1503 D AT      : AT> AT+CRSM=192,12258,0,0,15
02-20 20:37:32.442  1919  1919 D RILJ    : [3690]> iccIO: SIM_IO 0xc0 0x6f40  path: 3F007F10,0,0,15 aid: null [SUB0]
02-20 20:37:32.442  1919  2014 D RILJ    : [3688]< GET_IMSI  [SUB0]
02-20 20:37:32.442  1374  1505 D AT      : AT< +CRSM: 144,0,0000000a2fe204000fa0aa01020000
02-20 20:37:32.442  1374  1505 D AT      : AT< OK
02-20 20:37:32.443  1919  1919 D RILJ    : [3691]> iccIO: SIM_IO 0xc0 0x6fc9  path: 3F007F20,0,0,15 aid: null [SUB0]
02-20 20:37:32.443  1374  1503 D RIL     : onRequest: SIM_IO
02-20 20:37:32.443  1374  1503 D AT      : AT> AT+CRSM=192,28480,0,0,15
02-20 20:37:32.443  1374  1505 D AT      : AT< +CRSM: 144,0,000000806f40040011a0aa01020120
02-20 20:37:32.443  1374  1505 D AT      : AT< OK
02-20 20:37:32.443  1919  2014 D RILJ    : [3689]< SIM_IO IccIoResponse sw1:0x90 sw2:0x0 [SUB0]
02-20 20:37:32.444  1919  2014 D RILJ    : [3690]< SIM_IO IccIoResponse sw1:0x90 sw2:0x0 [SUB0]
02-20 20:37:32.444  1919  1919 D RILJ    : [3692]> iccIO: SIM_IO 0xc0 0x6fad  path: 3F007F20,0,0,15 aid: null [SUB0]
02-20 20:37:32.444  1374  1503 D RIL     : onRequest: SIM_IO
02-20 20:37:32.444  1374  1503 D AT      : AT> AT+CRSM=192,28617,0,0,15
02-20 20:37:32.444  1374  1505 D AT      : AT< +CRSM: 144,0,000000086fc9040011a0aa01020104
02-20 20:37:32.444  1374  1505 D AT      : AT< OK
02-20 20:37:32.444  1919  2014 D RILJ    : [3691]< SIM_IO IccIoResponse sw1:0x90 sw2:0x0 [SUB0]
02-20 20:37:32.445  1374  1503 D RIL     : onRequest: SIM_IO
02-20 20:37:32.445  1374  1503 D AT      : AT> AT+CRSM=192,28589,0,0,15
02-20 20:37:32.445  1919  1919 D RILJ    : [3693]> iccIO: SIM_IO 0xc0 0x6fca  path: 3F007F20,0,0,15 aid: null [SUB0]
02-20 20:37:32.445  1374  1505 D AT      : AT< +CRSM: 144,0,000000046fad04000aa0aa01020000
02-20 20:37:32.445  1374  1505 D AT      : AT< OK
02-20 20:37:32.445  1919  2014 D RILJ    : [3692]< SIM_IO IccIoResponse sw1:0x90 sw2:0x0 [SUB0]
02-20 20:37:32.446  1374  1503 D RIL     : onRequest: SIM_IO
02-20 20:37:32.446  1374  1503 D AT      : AT> AT+CRSM=192,28618,0,0,15
02-20 20:37:32.446  1919  1919 D RILJ    : [3694]> iccIO: SIM_IO 0xc0 0x6f11  path: 3F007F20,0,0,15 aid: null [SUB0]
02-20 20:37:32.446  1374  1505 D AT      : AT< +CRSM: 144,0,0000000a6fca040011a0aa01020105
02-20 20:37:32.446  1374  1505 D AT      : AT< OK
02-20 20:37:32.446  1919  2014 D RILJ    : [3693]< SIM_IO IccIoResponse sw1:0x90 sw2:0x0 [SUB0]
02-20 20:37:32.446  1374  1503 D RIL     : onRequest: SIM_IO
02-20 20:37:32.446  1374  1503 D AT      : AT> AT+CRSM=192,28433,0,0,15
02-20 20:37:32.446  1919  1919 D RILJ    : [3695]> iccIO: SIM_IO 0xc0 0x6fcb  path: 3F007F20,0,0,15 aid: null [SUB0]
02-20 20:37:32.446  1374  1505 D AT      : AT< +CRSM: 144,0,000000016f11040011a0aa01020000
02-20 20:37:32.446  1374  1505 D AT      : AT< OK
02-20 20:37:32.446  1919  1919 D RILJ    : [3696]> iccIO: SIM_IO 0xc0 0x6f13  path: 3F007F20,0,0,15 aid: null [SUB0]
02-20 20:37:32.446  1919  2014 D RILJ    : [3694]< SIM_IO IccIoResponse sw1:0x90 sw2:0x0 [SUB0]
02-20 20:37:32.446  1374  1503 D RIL     : onRequest: SIM_IO
02-20 20:37:32.446  1374  1503 D AT      : AT> AT+CRSM=192,28619,0,0,15
02-20 20:37:32.446  1374  1505 D AT      : AT< ERROR: BAD COMMAND
02-20 20:37:32.447  1919  2014 D RilRequest: [3695]< SIM_IO error: com.android.internal.telephony.CommandException: GENERIC_FAILURE ret=
02-20 20:37:32.447  1374  1503 D RIL     : onRequest: SIM_IO
02-20 20:37:32.447  1374  1503 D AT      : AT> AT+CRSM=192,28435,0,0,15
02-20 20:37:32.447  1374  1505 D AT      : AT< +CRSM: 144,0,000000016f13040011a0aa01020000
02-20 20:37:32.447  1374  1505 D AT      : AT< OK
02-20 20:37:32.447  1919  1919 D RILJ    : [3697]> iccIO: SIM_IO 0xc0 0x6f46  path: 3F007F20,0,0,15 aid: null [SUB0]
02-20 20:37:32.447  1919  2014 D RILJ    : [3696]< SIM_IO IccIoResponse sw1:0x90 sw2:0x0 [SUB0]
02-20 20:37:32.447  1374  1503 D RIL     : onRequest: SIM_IO
02-20 20:37:32.447  1919  1919 D RILJ    : [3698]> iccIO: SIM_IO 0xc0 0x6fcd  path: 3F007F20,0,0,15 aid: null [SUB0]
02-20 20:37:32.447  1374  1503 D AT      : AT> AT+CRSM=192,28486,0,0,15
02-20 20:37:32.447  1374  1505 D AT      : AT< +CRSM: 148,4
02-20 20:37:32.447  1374  1505 D AT      : AT< OK
02-20 20:37:32.447  1919  2014 D RILJ    : [3697]< SIM_IO IccIoResponse sw1:0x94 sw2:0x4 [SUB0]
02-20 20:37:32.447  1919  1919 D RILJ    : [3699]> iccIO: SIM_IO 0xc0 0x6fc5  path: 3F007F20,0,0,15 aid: null [SUB0]
02-20 20:37:32.447  1374  1503 D RIL     : onRequest: SIM_IO
02-20 20:37:32.447  1374  1503 D AT      : AT> AT+CRSM=192,28621,0,0,15
02-20 20:37:32.448  1374  1505 D AT      : AT< +CRSM: 148,4
02-20 20:37:32.448  1374  1505 D AT      : AT< OK
02-20 20:37:32.448  2114  2114 I CalendarProvider2: Created com.android.providers.calendar.CalendarAlarmManager@85f5661(com.android.providers.calendar.CalendarProvider2@cef8586)
02-20 20:37:32.450  1919  2014 D RILJ    : [3698]< SIM_IO IccIoResponse sw1:0x94 sw2:0x4 [SUB0]
02-20 20:37:32.450  2191  2191 W System  : ClassLoader referenced unknown path: /system/app/KeyChain/lib/x86_64
02-20 20:37:32.450  1374  1503 D RIL     : onRequest: SIM_IO
02-20 20:37:32.450  1374  1503 D AT      : AT> AT+CRSM=192,28613,0,0,15
02-20 20:37:32.451  1374  1505 D AT      : AT< +CRSM: 144,0,000000f06fc504000aa0aa01020118
02-20 20:37:32.451  1374  1505 D AT      : AT< OK
02-20 20:37:32.451  1919  2014 D RILJ    : [3699]< SIM_IO IccIoResponse sw1:0x90 sw2:0x0 [SUB0]
02-20 20:37:32.451  1919  1919 D RILJ    : [3700]> iccIO: SIM_IO 0xc0 0x6f38  path: 3F007F20,0,0,15 aid: null [SUB0]
02-20 20:37:32.451  1374  1503 D RIL     : onRequest: SIM_IO
02-20 20:37:32.451  1374  1503 D AT      : AT> AT+CRSM=192,28472,0,0,15
02-20 20:37:32.451  1374  1505 D AT      : AT< +CRSM: 144,0,0000000f6f3804001aa0aa01020000
02-20 20:37:32.451  1919  1919 D RILJ    : [3701]> iccIO: SIM_IO 0xc0 0x6f16  path: 3F007F20,0,0,15 aid: null [SUB0]
02-20 20:37:32.451  1374  1505 D AT      : AT< OK
02-20 20:37:32.452  1919  2014 D RILJ    : [3700]< SIM_IO IccIoResponse sw1:0x90 sw2:0x0 [SUB0]
02-20 20:37:32.452  1374  1503 D RIL     : onRequest: SIM_IO
02-20 20:37:32.452  1374  1503 D AT      : AT> AT+CRSM=192,28438,0,0,15
02-20 20:37:32.452  1919  1919 D RILJ    : [3702]> iccIO: SIM_IO 0xc0 0x6f15  path: 3F007F20,0,0,15 aid: null [SUB0]
02-20 20:37:32.452  1374  1505 D AT      : AT< +CRSM: 144,0,000000026f1604001aa0aa01020000
02-20 20:37:32.452  1374  1505 D AT      : AT< OK
02-20 20:37:32.452  1919  2014 D RILJ    : [3701]< SIM_IO IccIoResponse sw1:0x90 sw2:0x0 [SUB0]
02-20 20:37:32.452  1374  1503 D RIL     : onRequest: SIM_IO
02-20 20:37:32.452  1374  1503 D AT      : AT> AT+CRSM=192,28437,0,0,15
02-20 20:37:32.452  1919  1919 D RILJ    : [3703]> iccIO: SIM_IO 0xc0 0x6f3e  path: 3F007F20,0,0,15 aid: null [SUB0]
02-20 20:37:32.452  1374  1505 D AT      : AT< ERROR: BAD COMMAND
02-20 20:37:32.452  1919  2014 D RilRequest: [3702]< SIM_IO error: com.android.internal.telephony.CommandException: GENERIC_FAILURE ret=
02-20 20:37:32.452  1374  1503 D RIL     : onRequest: SIM_IO
02-20 20:37:32.452  1374  1503 D AT      : AT> AT+CRSM=192,28478,0,0,15
02-20 20:37:32.452  1919  1919 D RILJ    : [3704]> iccIO: SIM_IO 0xc0 0x6f3f  path: 3F007F20,0,0,15 aid: null [SUB0]
02-20 20:37:32.452  1374  1505 D AT      : AT< ERROR: BAD COMMAND
02-20 20:37:32.452  1919  2014 D RilRequest: [3703]< SIM_IO error: com.android.internal.telephony.CommandException: GENERIC_FAILURE ret=
02-20 20:37:32.453  1374  1503 D RIL     : onRequest: SIM_IO
02-20 20:37:32.453  1374  1503 D AT      : AT> AT+CRSM=192,28479,0,0,15
02-20 20:37:32.453  1919  1919 D SIMRecords: [SIMRecords] fetchSimRecords 17 requested: true
02-20 20:37:32.453  1919  1919 E IccCardProxy: setExternalState: set mPhoneId=0 mExternalState=READY
02-20 20:37:32.453  1919  1919 D TelephonyManager: setTelephonyProperty: success phoneId=0 property=gsm.sim.state value: READY propVal=READY
02-20 20:37:32.453  1374  1505 D AT      : AT< ERROR: BAD COMMAND
02-20 20:37:32.453  1919  2014 D RilRequest: [3704]< SIM_IO error: com.android.internal.telephony.CommandException: GENERIC_FAILURE ret=
02-20 20:37:32.453  1919  1919 D IccCardProxy: broadcastIccStateChangedIntent intent ACTION_SIM_STATE_CHANGED value=READY reason=null for mPhoneId=0
02-20 20:37:32.454  1919  1919 D RILJ    : [3705]> OPERATOR [SUB0]
02-20 20:37:32.455  1374  1503 D RIL     : onRequest: OPERATOR
02-20 20:37:32.455  1374  1503 D AT      : AT> AT+COPS=3,0;+COPS?;+COPS=3,1;+COPS?;+COPS=3,2;+COPS?
02-20 20:37:32.455  1919  1919 D RILJ    : [3706]> DATA_REGISTRATION_STATE [SUB0]
02-20 20:37:32.455  1374  1505 D AT      : AT< +COPS: 0,0,"Android"
02-20 20:37:32.455  1374  1505 D AT      : AT< +COPS: 0,1,"Android"
02-20 20:37:32.455  1374  1505 D AT      : AT< +COPS: 0,2,"310260"
02-20 20:37:32.455  1374  1505 D AT      : AT< OK
02-20 20:37:32.455  1919  2014 D RILJ    : [3705]< OPERATOR {Android, Android, 310260} [SUB0]
02-20 20:37:32.455  1374  1503 D RIL     : onRequest: DATA_REGISTRATION_STATE
02-20 20:37:32.455  1374  1503 D RIL     : requestRegistrationState
02-20 20:37:32.455  1374  1503 D AT      : AT> AT+CGREG?
02-20 20:37:32.455  1919  1919 D RILJ    : [3707]> VOICE_REGISTRATION_STATE [SUB0]
02-20 20:37:32.455  1374  1505 D AT      : AT< +CGREG: 1,1,"0003","005b","000e"
02-20 20:37:32.455  1374  1505 D AT      : AT< OK
02-20 20:37:32.455  1374  1503 D RIL     : parseRegistrationState. Parsing: +CGREG: 1,1,"0003","005b","000e"
02-20 20:37:32.455  1374  1503 D RIL     : registration state type: 3GPP
02-20 20:37:32.455  1919  2014 D RILJ    : [3706]< DATA_REGISTRATION_STATE {1, 3, 5b, 14, null, null} [SUB0]
02-20 20:37:32.456  1374  1503 D RIL     : onRequest: VOICE_REGISTRATION_STATE
02-20 20:37:32.456  1374  1503 D RIL     : requestRegistrationState
02-20 20:37:32.456  1374  1503 D AT      : AT> AT+CREG?
02-20 20:37:32.456  1919  1919 D RILJ    : [3708]> QUERY_NETWORK_SELECTION_MODE [SUB0]
02-20 20:37:32.456  1374  1505 D AT      : AT< +CREG: 2,1, "0003", "005b"
02-20 20:37:32.456  1374  1505 D AT      : AT< OK
02-20 20:37:32.456  1374  1503 D RIL     : parseRegistrationState. Parsing: +CREG: 2,1, "0003", "005b"
02-20 20:37:32.456  1374  1503 D RIL     : registration state type: 3GPP
02-20 20:37:32.456  1919  2014 D RILJ    : [3707]< VOICE_REGISTRATION_STATE {1, 3, 5b, 0, null, null, null, null, null, null, null, null, null, null, null} [SUB0]
02-20 20:37:32.456  1374  1503 D RIL     : onRequest: QUERY_NETWORK_SELECTION_MODE
02-20 20:37:32.456  1374  1503 D AT      : AT> AT+COPS?
02-20 20:37:32.456  1919  1919 D UiccCardApplication: Error in querying facility lock:com.android.internal.telephony.CommandException: REQUEST_NOT_SUPPORTED
02-20 20:37:32.456  1374  1505 D AT      : AT< +COPS: 0,2,310260
02-20 20:37:32.456  1919  1919 D UiccCardApplication: Error in querying facility lock:com.android.internal.telephony.CommandException: REQUEST_NOT_SUPPORTED
02-20 20:37:32.456  1374  1505 D AT      : AT< OK
02-20 20:37:32.457  1919  2014 D RILJ    : [3708]< QUERY_NETWORK_SELECTION_MODE {0} [SUB0]
02-20 20:37:32.457  1919  1919 D RuimRecords: [RuimRecords] fetchRuimRecords 0
02-20 20:37:32.457  1919  1919 D RILJ    : [3709]> getIMSI: GET_IMSI aid: null [SUB0]
02-20 20:37:32.457  1374  1503 D RIL     : onRequest: GET_IMSI
02-20 20:37:32.457  1374  1503 D AT      : AT> AT+CIMI
02-20 20:37:32.457  1374  1505 D AT      : AT< 310260000000000
02-20 20:37:32.457  1919  1919 D RILJ    : [3710]> iccIO: SIM_IO 0xc0 0x2fe2  path: 3F00,0,0,15 aid: null [SUB0]
02-20 20:37:32.457  1374  1505 D AT      : AT< OK
02-20 20:37:32.457  1919  2014 D RILJ    : [3709]< GET_IMSI  [SUB0]
02-20 20:37:32.457  1374  1503 D RIL     : onRequest: SIM_IO
02-20 20:37:32.457  1374  1503 D AT      : AT> AT+CRSM=192,12258,0,0,15
02-20 20:37:32.457  1374  1505 D AT      : AT< +CRSM: 144,0,0000000a2fe204000fa0aa01020000
02-20 20:37:32.457  1374  1505 D AT      : AT< OK
02-20 20:37:32.457  1919  2014 D RILJ    : [3710]< SIM_IO IccIoResponse sw1:0x90 sw2:0x0 [SUB0]
02-20 20:37:32.458  1919  1919 D RILJ    : [3711]> iccIO: SIM_IO 0xc0 0x2f05  path: 3F00,0,0,15 aid: null [SUB0]
02-20 20:37:32.458  1374  1503 D RIL     : onRequest: SIM_IO
02-20 20:37:32.458  1374  1503 D AT      : AT> AT+CRSM=192,12037,0,0,15
02-20 20:37:32.458  1919  1919 D RILJ    : [3712]> iccIO: SIM_IO 0xc0 0x6f3a  path: 3F007F25,0,0,15 aid: null [SUB0]
02-20 20:37:32.458  1374  1505 D AT      : AT< ERROR: BAD COMMAND
02-20 20:37:32.458  1919  1919 D RILJ    : [3713]> iccIO: SIM_IO 0xc0 0x6f41  path: 3F007F25,0,0,15 aid: null [SUB0]
02-20 20:37:32.458  1374  1503 D RIL     : onRequest: SIM_IO
02-20 20:37:32.458  1374  1503 D AT      : AT> AT+CRSM=192,28474,0,0,15
02-20 20:37:32.458  1374  1505 D AT      : AT< ERROR: BAD COMMAND
02-20 20:37:32.458  1919  2014 D RilRequest: [3711]< SIM_IO error: com.android.internal.telephony.CommandException: GENERIC_FAILURE ret=
02-20 20:37:32.458  1919  2014 D RilRequest: [3712]< SIM_IO error: com.android.internal.telephony.CommandException: GENERIC_FAILURE ret=
02-20 20:37:32.458  1374  1503 D RIL     : onRequest: SIM_IO
02-20 20:37:32.458  1374  1503 D AT      : AT> AT+CRSM=192,28481,0,0,15
02-20 20:37:32.459  1374  1505 D AT      : AT< ERROR: BAD COMMAND
02-20 20:37:32.459  1919  2014 D RilRequest: [3713]< SIM_IO error: com.android.internal.telephony.CommandException: GENERIC_FAILURE ret=
02-20 20:37:32.459  1919  1919 D RILJ    : [3714]> iccIO: SIM_IO 0xc0 0x6f44  path: 3F007F25,0,0,15 aid: null [SUB0]
02-20 20:37:32.459  1374  1503 D RIL     : onRequest: SIM_IO
02-20 20:37:32.459  1374  1503 D AT      : AT> AT+CRSM=192,28484,0,0,15
02-20 20:37:32.459  1374  1505 D AT      : AT< ERROR: BAD COMMAND
02-20 20:37:32.459  1919  2014 D RilRequest: [3714]< SIM_IO error: com.android.internal.telephony.CommandException: GENERIC_FAILURE ret=
02-20 20:37:32.460  1919  1919 D RILJ    : [3715]> iccIO: SIM_IO 0xc0 0x6f22  path: 3F007F25,0,0,15 aid: null [SUB0]
02-20 20:37:32.460  1374  1503 D RIL     : onRequest: SIM_IO
02-20 20:37:32.460  1374  1503 D AT      : AT> AT+CRSM=192,28450,0,0,15
02-20 20:37:32.460  1374  1505 D AT      : AT< ERROR: BAD COMMAND
02-20 20:37:32.460  1919  2014 D RilRequest: [3715]< SIM_IO error: com.android.internal.telephony.CommandException: GENERIC_FAILURE ret=
02-20 20:37:32.461  1919  1919 D RILJ    : [3716]> iccIO: SIM_IO 0xc0 0x6f28  path: 3F007F25,0,0,15 aid: null [SUB0]
02-20 20:37:32.461  1374  1503 D RIL     : onRequest: SIM_IO
02-20 20:37:32.461  1374  1503 D AT      : AT> AT+CRSM=192,28456,0,0,15
02-20 20:37:32.461  1374  1505 D AT      : AT< ERROR: BAD COMMAND
02-20 20:37:32.462  1919  2014 D RilRequest: [3716]< SIM_IO error: com.android.internal.telephony.CommandException: GENERIC_FAILURE ret=
02-20 20:37:32.461  1919  1919 D RILJ    : [3717]> iccIO: SIM_IO 0xb0 0x6f5a  path: 3F007F25,0,0,4 aid: null [SUB0]
02-20 20:37:32.462  1374  1503 D RIL     : onRequest: SIM_IO
02-20 20:37:32.462  1374  1503 D AT      : AT> AT+CRSM=176,28506,0,0,4
02-20 20:37:32.462  1374  1505 D AT      : AT< ERROR: BAD COMMAND
02-20 20:37:32.462  1919  2014 D RilRequest: [3717]< SIM_IO error: com.android.internal.telephony.CommandException: GENERIC_FAILURE ret=
02-20 20:37:32.463  1919  1919 D RILJ    : [3718]> iccIO: SIM_IO 0xc0 0x6f4d  path: 3F007F25,0,0,15 aid: null [SUB0]
02-20 20:37:32.463  1374  1503 D RIL     : onRequest: SIM_IO
02-20 20:37:32.463  1374  1503 D AT      : AT> AT+CRSM=192,28493,0,0,15
02-20 20:37:32.463  1919  1919 D RuimRecords: [RuimRecords] fetchRuimRecords 10 requested: true
02-20 20:37:32.463  1919  1919 D RILJ    : [3719]> RIL_REQUEST_CDMA_SUBSCRIPTION [SUB0]
02-20 20:37:32.463  1374  1505 D AT      : AT< ERROR: BAD COMMAND
02-20 20:37:32.463  1374  1503 D RIL     : onRequest: CDMA_SUBSCRIPTION
02-20 20:37:32.463  1374  1503 D RIL     : Request not supported. Tech: 1
02-20 20:37:32.463  1919  2014 D RilRequest: [3718]< SIM_IO error: com.android.internal.telephony.CommandException: GENERIC_FAILURE ret=
02-20 20:37:32.463  1919  2014 D RilRequest: [3719]< RIL_REQUEST_CDMA_SUBSCRIPTION error: com.android.internal.telephony.CommandException: REQUEST_NOT_SUPPORTED ret=
02-20 20:37:32.463  1919  1919 D GsmSMSDispatcher: GsmSMSDispatcher: subId = -2 slotId = 0
02-20 20:37:32.464  1919  1919 E IccCardProxy: setExternalState: !override and newstate unchanged from READY
02-20 20:37:32.464  1919  1919 D CAT     : CatService: handleMessage[8]
02-20 20:37:32.464  1919  1919 D CAT     : CatService: MSG_ID_ICC_CHANGED
02-20 20:37:32.464  1919  1919 D CAT     : CatService: New Card State = CARDSTATE_PRESENT Old Card State = CARDSTATE_PRESENT
02-20 20:37:32.464  1919  1919 E PhoneInterfaceManager: [PhoneIntfMgr] getIccId: No UICC
02-20 20:37:32.466  1662  1692 W WindowManager: Keyguard drawn timeout. Setting mKeyguardDrawComplete
02-20 20:37:32.493  2106  2106 W System  : ClassLoader referenced unknown path: /system/app/PrebuiltDeskClockGoogle/lib/x86_64
02-20 20:37:32.508  2148  2148 V Launcher: LauncherAppState inited
02-20 20:37:32.515  2088  2088 I LoadedApk: No resource references to update in package FFFFFFFFFFFFFFFFFFFFFF
02-20 20:37:32.512  1919  2190 D SmsBroadcastUndelivered: finished scanning raw table in 166 ms
02-20 20:37:32.559  1662  1950 I Telecom : PhoneAccountRegistrar: [ComponentInfo{com.android.phone/com.android.services.telephony.TelephonyConnectionService}, [e0184adedf913b076626646d3f52c3b49c39ad6d], UserHandle{0}(icon: Icon(typ=BITMAP size=76x96) -> Icon(typ=BITMAP size=76x96))]: TSI.rPA@AAc
02-20 20:37:32.561  1662  1950 I Telecom : : Sending phone-account registered intent as user: TSI.rPA@AAc
02-20 20:37:32.563  1919  1919 D SubscriptionInfoUpdater: [Receiver]+
02-20 20:37:32.563  1919  1919 D SubscriptionInfoUpdater: Action: android.intent.action.SIM_STATE_CHANGED
02-20 20:37:32.563  1919  1919 D SubscriptionInfoUpdater: slotId: 0
02-20 20:37:32.563  1919  1919 D SubscriptionInfoUpdater: simStatus: NOT_READY
02-20 20:37:32.563  1919  1919 D SubscriptionInfoUpdater: Ignoring simStatus: NOT_READY
02-20 20:37:32.563  1919  1919 D SubscriptionInfoUpdater: [Receiver]-
02-20 20:37:32.563  1919  1919 D SIMRecords: [SIMRecords] IMSI: mMncLength=-1
02-20 20:37:32.563  1919  1919 D SIMRecords: [SIMRecords] IMSI: 310260[D1jVpVFfGoqdF5qliFi2ey-KM4g]
02-20 20:37:32.563  1919  1919 D SIMRecords: [SIMRecords] onRecordLoaded 16 requested: true
02-20 20:37:32.563  1919  1919 D RILJ    : [3720]> iccIO: SIM_IO 0xb0 0x2fe2  path: 3F00,0,0,10 aid: null [SUB0]
