02-20 20:38:46.631  1656  1656 D WebViewFactory: Setting new address space to 137955392
02-20 20:38:46.635  1656  1656 I Zygote  : Process: zygote socket opened, supported ABIS: x86
02-20 20:38:46.635  1364  1544 I art     : Starting a blocking GC HeapTrim
02-20 20:38:46.636  1364  1364 I art     : Starting a blocking GC Background
02-20 20:38:46.680     0     0 D ieee80211 phy1: hw scan 2422 MHz
02-20 20:38:46.648  1765  1765 W System  : ClassLoader referenced unknown path: /system/priv-app/SystemUIGoogle/lib/x86_64
02-20 20:38:46.650  1656  1788 E WVMExtractor: Failed to open libwvm.so: dlopen failed: library "libwvm.so" not found
02-20 20:38:46.675  1267  1302 V vold    : /dev/block/vold/disk:253,64: LABEL="SDCARD" UUID="1E12-0B12" TYPE="vfat" 
02-20 20:38:46.675  1267  1302 V vold    : 
02-20 20:38:46.676  1656  1726 D VoldConnector: RCV <- {650 public:253,64 0 "disk:253,64" ""}
02-20 20:38:46.676  1656  1726 D VoldConnector: RCV <- {651 public:253,64 0}
02-20 20:38:46.676  1656  1726 D VoldConnector: RCV <- {643 disk:253,64}
02-20 20:38:46.680  1656  1726 D VoldConnector: RCV <- {200 3 Command succeeded}
02-20 20:38:46.682  1656  1725 D VoldConnector: SND -> {4 volume user_added 0 0}
02-20 20:38:46.682  1656  1726 D VoldConnector: RCV <- {200 4 Command succeeded}
02-20 20:38:46.701  1656  1656 W ActivityManager: Slow operation: 67ms so far, now at startProcess: returned from zygote!
02-20 20:38:46.701  1656  1656 W ActivityManager: Slow operation: 67ms so far, now at startProcess: done updating battery stats
02-20 20:38:46.701  1656  1656 I am_proc_start: [0,1792,1037,WebViewLoader-x86,,]
02-20 20:38:46.701  1656  1656 W ActivityManager: Slow operation: 67ms so far, now at startProcess: building log message
02-20 20:38:46.701  1656  1656 I ActivityManager: Start proc 1792:WebViewLoader-x86/1037 [android.webkit.WebViewFactory$RelroFileCreator] for 
02-20 20:38:46.701  1656  1656 W ActivityManager: Slow operation: 67ms so far, now at startProcess: starting to update pids map
02-20 20:38:46.701  1656  1656 W ActivityManager: Slow operation: 67ms so far, now at startProcess: done updating pids map
02-20 20:38:46.701  1656  1656 W ActivityManager: Slow operation: 67ms so far, now at startProcess: done starting proc!
02-20 20:38:46.702  1373  1373 I MediaPlayerService: MediaPlayerService::getOMX
02-20 20:38:46.711  1373  1373 I OMXClient: MuxOMX ctor
02-20 20:38:46.714  1656  1656 I am_proc_start: [0,1798,1037,WebViewLoader-x86_64,,]
02-20 20:38:46.714  1656  1656 I ActivityManager: Start proc 1798:WebViewLoader-x86_64/1037 [android.webkit.WebViewFactory$RelroFileCreator] for 
02-20 20:38:46.714  1656  1725 D VoldConnector: SND -> {5 volume mount emulated 3 -1}
02-20 20:38:46.715  1267  1302 V vold    : Waiting for FUSE to spin up...
02-20 20:38:46.715  1656  1726 D VoldConnector: RCV <- {651 emulated 1}
02-20 20:38:46.715  1656  1656 D NetworkManagement: enabling bandwidth control
02-20 20:38:46.715  1656  1726 D VoldConnector: RCV <- {656 emulated /data/media}
02-20 20:38:46.715  1656  1726 D VoldConnector: RCV <- {655 emulated /storage/emulated}
02-20 20:38:46.715  1373  1373 I MediaPlayerService: MediaPlayerService::getOMX
02-20 20:38:46.715  1373  1373 I OMXClient: MuxOMX ctor
02-20 20:38:46.724  1798  1798 W art     : Unexpected CPU variant for X86 using defaults: x86_64
02-20 20:38:46.725  1792  1792 W art     : Unexpected CPU variant for X86 using defaults: x86
02-20 20:38:46.728  1370  1370 I OMXMaster: makeComponentInstance(OMX.google.mp3.decoder) in mediacodec process
02-20 20:38:46.730  1798  1798 V WebViewFactory: RelroFileCreator (64bit = true),  32-bit lib: /system/app/Chrome/Chrome.apk!/lib/x86/libmonochrome.so, 64-bit lib: /system/app/Chrome/Chrome.apk!/lib/x86_64/libmonochrome.so
02-20 20:38:46.765  1267  1302 V vold    : Waiting for FUSE to spin up...
02-20 20:38:46.805  1803  1803 W sdcard  : Device explicitly disabled sdcardfs
02-20 20:38:46.800     0     0 D ieee80211 phy1: hw scan 2427 MHz
02-20 20:38:46.807     0     0 D SELinux : initialized (dev fuse, type fuse), uses genfs_contexts
02-20 20:38:46.820     0     0 D SELinux : initialized (dev fuse, type fuse), uses genfs_contexts
02-20 20:38:46.821     0     0 D SELinux : initialized (dev fuse, type fuse), uses genfs_contexts
02-20 20:38:46.813  1792  1792 V WebViewFactory: RelroFileCreator (64bit = false),  32-bit lib: /system/app/Chrome/Chrome.apk!/lib/x86/libmonochrome.so, 64-bit lib: /system/app/Chrome/Chrome.apk!/lib/x86_64/libmonochrome.so
02-20 20:38:46.816  1267  1302 V vold    : Waiting for FUSE to spin up...
02-20 20:38:46.821  1373  1373 I MediaPlayerService: MediaPlayerService::getOMX
02-20 20:38:46.821  1373  1373 I OMXClient: MuxOMX ctor
02-20 20:38:46.821  1370  1830 I OMXMaster: makeComponentInstance(OMX.google.amrnb.decoder) in mediacodec process
02-20 20:38:46.834  1373  1373 I MediaPlayerService: MediaPlayerService::getOMX
02-20 20:38:46.834  1373  1373 I OMXClient: MuxOMX ctor
02-20 20:38:46.834  1370  1395 I OMXMaster: makeComponentInstance(OMX.google.amrwb.decoder) in mediacodec process
02-20 20:38:46.841  1757  1757 I LatinIME: Hardware accelerated drawing: true
02-20 20:38:46.852  1765  1765 V SystemUIService: Starting SystemUI services for user 0.
02-20 20:38:46.859  1373  1373 I MediaPlayerService: MediaPlayerService::getOMX
02-20 20:38:46.859  1373  1373 I OMXClient: MuxOMX ctor
02-20 20:38:46.860  1370  1370 I OMXMaster: makeComponentInstance(OMX.google.aac.decoder) in mediacodec process
02-20 20:38:46.867  1656  1726 D VoldConnector: RCV <- {651 emulated 2}
02-20 20:38:46.867  1656  1726 D VoldConnector: RCV <- {200 5 Command succeeded}
02-20 20:38:46.867  1656  1725 D VoldConnector: SND -> {6 volume mount public:253,64 2 0}
02-20 20:38:46.869  1267  1302 V vold    : /system/bin/blkid
02-20 20:38:46.869  1267  1302 V vold    :     -c
02-20 20:38:46.874  1656  1726 D VoldConnector: RCV <- {651 public:253,64 1}
02-20 20:38:46.869  1267  1302 V vold    :     /dev/null
02-20 20:38:46.874  1267  1302 V vold    :     -s
02-20 20:38:46.874  1267  1302 V vold    :     TYPE
02-20 20:38:46.874  1267  1302 V vold    :     -s
02-20 20:38:46.874  1267  1302 V vold    :     UUID
02-20 20:38:46.874  1267  1302 V vold    :     -s
02-20 20:38:46.874  1267  1302 V vold    :     LABEL
02-20 20:38:46.874  1267  1302 V vold    :     /dev/block/vold/public:253,64
02-20 20:38:46.889  1373  1373 I MediaPlayerService: MediaPlayerService::getOMX
02-20 20:38:46.889  1373  1373 I OMXClient: MuxOMX ctor
02-20 20:38:46.889  1370  1830 I OMXMaster: makeComponentInstance(OMX.google.g711.alaw.decoder) in mediacodec process
02-20 20:38:46.920     0     0 D ieee80211 phy1: hw scan 2432 MHz
02-20 20:38:46.922  1656  1733 D WifiController: DEFERRED_TOGGLE handled
02-20 20:38:46.932  1765  1765 V MediaRouter: Adding route: RouteInfo{ name=Phone, description=null, status=null, category=RouteCategory{ name=null types=ROUTE_TYPE_LIVE_AUDIO ROUTE_TYPE_LIVE_VIDEO  groupable=false }, supportedTypes=ROUTE_TYPE_LIVE_AUDIO ROUTE_TYPE_LIVE_VIDEO , presentationDisplay=null }
02-20 20:38:46.947  1765  1765 V MediaRouter: Updating audio routes: AudioRoutesInfo{ type=SPEAKER }
02-20 20:38:46.948  1765  1765 V MediaRouter: Selecting route: RouteInfo{ name=Phone, description=null, status=null, category=RouteCategory{ name=null types=ROUTE_TYPE_LIVE_AUDIO ROUTE_TYPE_LIVE_VIDEO  groupable=false }, supportedTypes=ROUTE_TYPE_LIVE_AUDIO ROUTE_TYPE_LIVE_VIDEO , presentationDisplay=null }
02-20 20:38:46.963  1373  1373 I MediaPlayerService: MediaPlayerService::getOMX
02-20 20:38:46.970  1373  1373 I OMXClient: MuxOMX ctor
02-20 20:38:46.971  1370  1830 I OMXMaster: makeComponentInstance(OMX.google.g711.mlaw.decoder) in mediacodec process
02-20 20:38:46.978  1656  1688 D TelephonyRegistry: listen oscl: hasNotifySubscriptionInfoChangedOccurred==false no callback
02-20 20:38:47.032     0     0 I init    : Starting service 'wpa_supplicant'...
02-20 20:38:47.043     0     0 D ieee80211 phy1: hw scan 2437 MHz
02-20 20:38:46.999  1267  1302 V vold    : /dev/block/vold/public:253,64: LABEL="SDCARD" UUID="1E12-0B12" TYPE="vfat" 
02-20 20:38:46.999  1267  1302 V vold    : 
02-20 20:38:46.999  1267  1302 V vold    : /system/bin/fsck_msdos
02-20 20:38:46.999  1267  1302 V vold    :     -p
02-20 20:38:46.999  1267  1302 V vold    :     -f
02-20 20:38:46.999  1267  1302 V vold    :     /dev/block/vold/public:253,64
02-20 20:38:47.006  1656  1726 D VoldConnector: RCV <- {652 public:253,64 vfat}
02-20 20:38:47.006  1656  1726 D VoldConnector: RCV <- {653 public:253,64 1E12-0B12}
02-20 20:38:47.006  1656  1726 D VoldConnector: RCV <- {654 public:253,64 SDCARD}
02-20 20:38:47.008  1656  1656 W NetworkManagement: setDataSaverMode(): already false
02-20 20:38:47.009  1374  1685 D SoftapController: Softap fwReload - Ok
02-20 20:38:47.010  1792  1792 I art     : System.exit called, status: 0
02-20 20:38:47.010  1792  1792 I AndroidRuntime: VM exiting with result code 0, cleanup skipped.
02-20 20:38:47.014  1374  1685 D CommandListener: Setting iface cfg
02-20 20:38:47.014  1374  1685 D CommandListener: Trying to bring down wlan0
02-20 20:38:47.029  1374  1685 D CommandListener: Clearing all IP addresses on wlan0
02-20 20:38:47.031  1656  1734 E WifiMonitor: killSupplicant p2pfalse init.svc.wpa_supplicant=unknown init.svc.p2p_supplicant=unknown
02-20 20:38:47.031  1656  1734 E wifi    : Can not initialize the vendor function pointer table
02-20 20:38:47.031  1656  1734 E WifiNative-HAL: Could not start hal
02-20 20:38:47.031  1656  1734 E WifiStateMachine: Failed to start HAL
02-20 20:38:47.035  1656  1734 D WifiMonitor: startMonitoring(wlan0) with mConnected = false
02-20 20:38:47.036  1656  1734 E WifiHW  : Unable to open connection to supplicant on "@android:wpa_wlan0": No such file or directory
02-20 20:38:47.043  1798  1798 I art     : System.exit called, status: 0
02-20 20:38:47.043  1798  1798 I AndroidRuntime: VM exiting with result code 0, cleanup skipped.
02-20 20:38:47.057  1267  1302 I fsck_msdos: ** /dev/block/vold/public:253,64
02-20 20:38:47.058  1267  1302 I fsck_msdos: ** Phase 1 - Read and Compare FATs
02-20 20:38:47.058  1267  1302 I fsck_msdos: Attempting to allocate 1022 KB for FAT
02-20 20:38:47.066  1757  1757 W InputAttributes: No editor info for this field. Bug?
02-20 20:38:47.081  1373  1373 I MediaPlayerService: MediaPlayerService::getOMX
02-20 20:38:47.081  1267  1302 I fsck_msdos: Attempting to allocate 1022 KB for FAT
02-20 20:38:47.081  1373  1373 I OMXClient: MuxOMX ctor
02-20 20:38:47.081  1370  1370 I OMXMaster: makeComponentInstance(OMX.google.vorbis.decoder) in mediacodec process
02-20 20:38:47.118  1856  1856 I wpa_supplicant: Successfully initialized wpa_supplicant
02-20 20:38:47.126  1765  1865 E WVMExtractor: Failed to open libwvm.so: dlopen failed: library "libwvm.so" not found
02-20 20:38:47.137  1757  1866 I LatinIME:LogUtils: Dictionary info: dictionary = userunigram.en_US ; version = 1519159127 ; date = ?
02-20 20:38:47.138  1757  1866 E ActivityThread: Failed to find provider info for user_dictionary
02-20 20:38:47.139  1757  1866 I LatinIME:LogUtils: Dictionary info: dictionary = UserHistoryDictionary.en_US ; version = 1519159127 ; date = ?
02-20 20:38:47.145  1856  1856 I wpa_supplicant: rfkill: Cannot open RFKILL control device
02-20 20:38:47.145     0     0 D ieee80211 phy0: mac80211_hwsim_start
02-20 20:38:47.145     0     0 D ieee80211 phy0: mac80211_hwsim_add_interface (type=2 mac_addr=02:00:00:44:55:66)
02-20 20:38:47.145     0     0 D ieee80211 phy0: mac80211_hwsim_bss_info_changed(changed=0xe)
02-20 20:38:47.145     0     0 D ieee80211 phy0: ERP_CTS_PROT: 0
02-20 20:38:47.145     0     0 D ieee80211 phy0: ERP_PREAMBLE: 0
02-20 20:38:47.145     0     0 D ieee80211 phy0: ERP_SLOT: 0
02-20 20:38:47.145     0     0 D ieee80211 phy0: mac80211_hwsim_conf_tx (queue=0 txop=0 cw_min=15 cw_max=1023 aifs=2)
02-20 20:38:47.145     0     0 D ieee80211 phy0: mac80211_hwsim_conf_tx (queue=1 txop=0 cw_min=15 cw_max=1023 aifs=2)
02-20 20:38:47.145     0     0 D ieee80211 phy0: mac80211_hwsim_conf_tx (queue=2 txop=0 cw_min=15 cw_max=1023 aifs=2)
02-20 20:38:47.145     0     0 D ieee80211 phy0: mac80211_hwsim_conf_tx (queue=3 txop=0 cw_min=15 cw_max=1023 aifs=2)
02-20 20:38:47.145     0     0 D ieee80211 phy0: mac80211_hwsim_bss_info_changed(changed=0x2000)
02-20 20:38:47.145     0     0 D ieee80211 phy0: mac80211_hwsim_config (freq=0 idle=0 ps=0 smps=auto)
02-20 20:38:47.145     0     0 D ieee80211 phy0: mac80211_hwsim_configure_filter
02-20 20:38:47.145     0     0 D ieee80211 phy0: mac80211_hwsim_configure_filter
02-20 20:38:47.146     0     0 D ieee80211 phy0: mac80211_hwsim_configure_filter
02-20 20:38:47.146     0     0 I IPv6    : ADDRCONF(NETDEV_UP): wlan0: link is not ready
02-20 20:38:47.161     0     0 D ieee80211 phy1: hw scan 2442 MHz
02-20 20:38:47.166     0     0 W FAT-fs (vde): Volume was not properly unmounted. Some data may be corrupt. Please run fsck.
02-20 20:38:47.166     0     0 D SELinux : initialized (dev vde, type vfat), uses genfs_contexts
02-20 20:38:47.164  1267  1302 I fsck_msdos: ** Phase 2 - Check Cluster Chains
02-20 20:38:47.164  1267  1302 I fsck_msdos: ** Phase 3 - Checking Directories
02-20 20:38:47.164  1267  1302 I fsck_msdos: ** Phase 4 - Checking for Lost Files
02-20 20:38:47.164  1267  1302 I fsck_msdos: 27 files, 522176 free (261088 clusters)
02-20 20:38:47.164  1267  1302 I Vold    : Filesystem check completed OK
02-20 20:38:47.164  1656  1726 D VoldConnector: RCV <- {656 public:253,64 /mnt/media_rw/1E12-0B12}
02-20 20:38:47.165  1656  1726 D VoldConnector: RCV <- {655 public:253,64 /storage/1E12-0B12}
02-20 20:38:47.167  1373  1373 I MediaPlayerService: MediaPlayerService::getOMX
02-20 20:38:47.167  1373  1373 I OMXClient: MuxOMX ctor
02-20 20:38:47.167  1370  1830 I OMXMaster: makeComponentInstance(OMX.google.opus.decoder) in mediacodec process
02-20 20:38:47.167  1267  1302 V vold    : Waiting for FUSE to spin up...
02-20 20:38:47.181  1856  1856 I wpa_supplicant: nl80211: Could not re-add multicast membership for vendor events: -2 (No such file or directory)
02-20 20:38:47.187  1656  1656 D NetworkPolicy: setRestrictBackgroundUL(): false
02-20 20:38:47.187  1656  1656 W NetworkManagement: setDataSaverMode(): already false
02-20 20:38:47.194  1876  1876 W sdcard  : Device explicitly disabled sdcardfs
02-20 20:38:47.197     0     0 D SELinux : initialized (dev fuse, type fuse), uses genfs_contexts
02-20 20:38:47.197     0     0 D SELinux : initialized (dev fuse, type fuse), uses genfs_contexts
02-20 20:38:47.197     0     0 D SELinux : initialized (dev fuse, type fuse), uses genfs_contexts
02-20 20:38:47.223  1656  1726 D VoldConnector: RCV <- {651 public:253,64 2}
02-20 20:38:47.225  1656  1726 D VoldConnector: RCV <- {200 6 Command succeeded}
02-20 20:38:47.230  1373  1373 I MediaPlayerService: MediaPlayerService::getOMX
02-20 20:38:47.230  1373  1373 I OMXClient: MuxOMX ctor
02-20 20:38:47.230  1370  1830 I OMXMaster: makeComponentInstance(OMX.google.raw.decoder) in mediacodec process
02-20 20:38:47.233  1373  1373 I MediaPlayerService: MediaPlayerService::getOMX
02-20 20:38:47.233  1373  1373 I OMXClient: MuxOMX ctor
02-20 20:38:47.233  1370  1395 I OMXMaster: makeComponentInstance(OMX.google.aac.encoder) in mediacodec process
02-20 20:38:47.238  1373  1373 I MediaPlayerService: MediaPlayerService::getOMX
02-20 20:38:47.238  1373  1373 I OMXClient: MuxOMX ctor
02-20 20:38:47.238  1370  1370 I OMXMaster: makeComponentInstance(OMX.google.amrnb.encoder) in mediacodec process
02-20 20:38:47.249  1373  1373 I MediaPlayerService: MediaPlayerService::getOMX
02-20 20:38:47.250  1373  1373 I OMXClient: MuxOMX ctor
02-20 20:38:47.250  1370  1830 I OMXMaster: makeComponentInstance(OMX.google.amrwb.encoder) in mediacodec process
02-20 20:38:47.255  1373  1373 I MediaPlayerService: MediaPlayerService::getOMX
02-20 20:38:47.255  1373  1373 I OMXClient: MuxOMX ctor
02-20 20:38:47.255  1370  1395 I OMXMaster: makeComponentInstance(OMX.google.flac.encoder) in mediacodec process
02-20 20:38:47.261  1656  1656 I SystemServiceManager: Starting phase 600
02-20 20:38:47.271  1856  1856 E wpa_supplicant: global ctrl interface @android:wpa_wlan0 matches ctrl interface wlan0 - do not open per-interface ctrl interface
02-20 20:38:47.276  1656  1656 D SensorNotificationService: Cannot obtain dynamic meta sensor, not supported.
02-20 20:38:47.278  1656  1656 D TelephonyRegistry: listen oscl: hasNotifySubscriptionInfoChangedOccurred==false no callback
02-20 20:38:47.281     0     0 D ieee80211 phy1: hw scan 2447 MHz
02-20 20:38:47.295  1656  1656 I GnssLocationProvider: WakeLock acquired by sendMessage(13, 0, null)
02-20 20:38:47.308  1765  1765 I vol.Events: writeEvent collection_started
02-20 20:38:47.310  1656  1656 W LocationProviderProxy-network: Odd, no component found for service com.android.location.service.v3.NetworkLocationProvider
02-20 20:38:47.314  1656  1656 W GeocoderProxy: Odd, no component found for service com.android.location.service.GeocodeProvider
02-20 20:38:47.314  1656  1656 E FlpHardwareProvider: Error hw_get_module 'flp': -2
02-20 20:38:47.314  1656  1656 D LocationManagerService: FLP HAL not supported
02-20 20:38:47.315  1656  1656 W GeofenceProxy: Odd, no component found for service com.android.location.service.GeofenceProvider
02-20 20:38:47.316  1656  1656 E ActivityRecognitionHardware: Error hw_get_module: -2
02-20 20:38:47.316  1656  1656 D LocationManagerService: Hardware Activity-Recognition not supported.
02-20 20:38:47.316  1656  1656 W ActivityRecognitionProxy: Odd, no component found for service com.android.location.service.ActivityRecognitionProvider
02-20 20:38:47.320  1765  1903 I sysui_action: [213,2]
02-20 20:38:47.320  1765  1903 I vol.Events: writeEvent external_ringer_mode_changed normal
02-20 20:38:47.320  1765  1903 I vol.Events: writeEvent internal_ringer_mode_changed normal
02-20 20:38:47.320  1757  1866 I LatinIME:LogUtils: Dictionary info: dictionary = main:en ; version = 54 ; date = 1414726273
02-20 20:38:47.321  1656  1690 W GnssLocationProvider: Could not open GPS configuration file /etc/gps.conf
02-20 20:38:47.321  1656  1690 E GnssLocationProvider: no AGPS interface in set_agps_server
02-20 20:38:47.322  1656  1656 I GnssLocationProvider: WakeLock acquired by sendMessage(2, 1, null)
02-20 20:38:47.325  1656  1690 D TelephonyRegistry: listen oscl: hasNotifySubscriptionInfoChangedOccurred==false no callback
02-20 20:38:47.326  1373  1373 I MediaPlayerService: MediaPlayerService::getOMX
02-20 20:38:47.328  1373  1373 I OMXClient: MuxOMX ctor
02-20 20:38:47.328  1370  1395 I OMXMaster: makeComponentInstance(OMX.google.gsm.decoder) in mediacodec process
02-20 20:38:47.331  1656  1656 I CommonTimeManagementService: No common time service detected on this platform.  Common time services will be unavailable.
02-20 20:38:47.331  1656  1723 I InputReader: Reconfiguring input devices.  changes=0x00000020
02-20 20:38:47.332  1656  1656 D TelephonyRegistry: systemRunning register for intents
02-20 20:38:47.332  1656  1656 I MmsServiceBroker: Delay connecting to MmsService until an API is called
02-20 20:38:47.332  1656  1723 I InputReader: Reconfiguring input devices.  changes=0x00000010
02-20 20:38:47.340  1656  1690 I GnssLocationProvider: WakeLock released by handleMessage(13, 0, null)
02-20 20:38:47.341  1656  1690 E GnssLocationProvider: no AGPS interface in set_agps_server
02-20 20:38:47.341  1656  1690 I GnssLocationProvider: WakeLock released by handleMessage(2, 1, null)
02-20 20:38:47.363  1373  1373 I MediaPlayerService: MediaPlayerService::getOMX
02-20 20:38:47.363  1373  1373 I OMXClient: MuxOMX ctor
02-20 20:38:47.363  1370  1370 I OMXMaster: makeComponentInstance(OMX.google.mpeg4.decoder) in mediacodec process
02-20 20:38:47.379  1912  1912 W art     : Unexpected CPU variant for X86 using defaults: x86_64
02-20 20:38:47.388  1656  1656 I am_proc_start: [0,1912,1001,com.android.phone,added application,com.android.phone]
02-20 20:38:47.388  1656  1656 I ActivityManager: Start proc 1912:com.android.phone/1001 for added application com.android.phone
02-20 20:38:47.389  1656  1656 I ActivityManager: START u0 {act=android.intent.action.MAIN cat=[android.intent.category.HOME] flg=0x10000100 cmp=com.android.settings/.FallbackHome} from uid 0 on display 0
02-20 20:38:47.389  1656  1656 W System  : ClassLoader referenced unknown path: 
02-20 20:38:47.389  1656  1656 W System  : ClassLoader referenced unknown path: /system/priv-app/Settings/lib/x86_64
02-20 20:38:47.390  1656  1656 D ApplicationLoaders: ignored Vulkan layer search path /system/priv-app/Settings/lib/x86_64:/system/priv-app/Settings/Settings.apk!/lib/x86_64:/system/lib64:/vendor/lib64 for namespace 0x78aa097e1160
02-20 20:38:47.396  1656  1656 I ActivityManager: Loaded persisted task ids for user 0
02-20 20:38:47.396  1656  1656 I am_create_task: [0,1]
02-20 20:38:47.396  1656  1656 I am_create_activity: [0,4187251,1,com.android.settings/.FallbackHome,android.intent.action.MAIN,NULL,NULL,276824320]
02-20 20:38:47.397  1656  1656 I wm_task_created: [1,0]
02-20 20:38:47.397  1656  1656 I wm_task_moved: [1,1,0]
02-20 20:38:47.400     0     0 D ieee80211 phy1: hw scan 2452 MHz
02-20 20:38:47.397  1656  1656 I wm_task_moved: [1,1,0]
02-20 20:38:47.398  1656  1656 I am_focused_activity: [0,com.android.settings/.FallbackHome,startedActivity]
02-20 20:38:47.409  1656  1656 I am_proc_start: [0,1919,1000,com.android.settings,activity,com.android.settings/.FallbackHome]
02-20 20:38:47.409  1656  1656 I ActivityManager: Start proc 1919:com.android.settings/1000 for activity com.android.settings/.FallbackHome
02-20 20:38:47.410  1656  1656 I SystemServer: Enabled StrictMode for system server main thread.
02-20 20:38:47.411  1656  1690 W LocationProviderProxy-network: Odd, no component found for service com.android.location.service.v3.NetworkLocationProvider
02-20 20:38:47.411  1656  1690 W GeocoderProxy: Odd, no component found for service com.android.location.service.GeocodeProvider
02-20 20:38:47.411  1656  1690 W GeofenceProxy: Odd, no component found for service com.android.location.service.GeofenceProvider
02-20 20:38:47.411  1656  1690 W ActivityRecognitionProxy: Odd, no component found for service com.android.location.service.ActivityRecognitionProvider
02-20 20:38:47.412  1656  1656 D ConditionProviders.SCP: onConnected
02-20 20:38:47.412  1656  1656 D ZenLog  : set_zen_mode: off,readXml
02-20 20:38:47.412  1656  1656 D ConditionProviders: Subscribing to condition://android/schedule?days=6.7&start=23.30&end=10.0&exitAtAlarm=false with ComponentInfo{android/com.android.server.notification.ScheduleConditionProvider}
02-20 20:38:47.413  1656  1656 D ZenLog  : subscribe: condition://android/schedule?days=6.7&start=23.30&end=10.0&exitAtAlarm=false,ok
02-20 20:38:47.413  1656  1656 D ConditionProviders: Subscribing to condition://android/event?userId=-10000&calendar=&reply=1 with ComponentInfo{android/com.android.server.notification.EventConditionProvider}
02-20 20:38:47.413  1656  1656 D ZenLog  : subscribe: condition://android/event?userId=-10000&calendar=&reply=1,ok
02-20 20:38:47.413  1656  1656 D ConditionProviders: Subscribing to condition://android/schedule?days=1.2.3.4.5&start=22.0&end=7.0&exitAtAlarm=false with ComponentInfo{android/com.android.server.notification.ScheduleConditionProvider}
02-20 20:38:47.413  1656  1656 D ZenLog  : subscribe: condition://android/schedule?days=1.2.3.4.5&start=22.0&end=7.0&exitAtAlarm=false,ok
02-20 20:38:47.415  1919  1919 W art     : Unexpected CPU variant for X86 using defaults: x86_64
02-20 20:38:47.425  1370  1830 E OMXNodeInstance: getExtensionIndex(55a000f:google.mpeg4.decoder, OMX.google.android.index.configureVideoTunnelMode) ERROR: UnsupportedIndex(0x8000101a)
02-20 20:38:47.425  1370  1395 W OMXNodeInstance: [55a000f:google.mpeg4.decoder] component does not support metadata mode; using fallback
02-20 20:38:47.426  1373  1373 I MediaPlayerService: MediaPlayerService::getOMX
02-20 20:38:47.426  1373  1373 I OMXClient: MuxOMX ctor
02-20 20:38:47.426  1370  1370 I OMXMaster: makeComponentInstance(OMX.google.h263.decoder) in mediacodec process
02-20 20:38:47.431  1656  1688 I am_proc_bound: [0,1912,com.android.phone]
02-20 20:38:47.449  1656  1736 I WifiScanningService: wifi driver unloaded
02-20 20:38:47.449  1656  1656 D RttService: SCAN_AVAILABLE : 1
02-20 20:38:47.449  1656  1737 D RttService: DefaultState got{ when=0 what=160513 target=com.android.internal.util.StateMachine$SmHandler }
02-20 20:38:47.449  1656  1656 D ZenLog  : set_zen_mode: off,cleanUpZenRules
02-20 20:38:47.461  1656  1656 W System  : ClassLoader referenced unknown path: /system/priv-app/Telecom/lib/x86_64
02-20 20:38:47.461  1656  1656 D ApplicationLoaders: ignored Vulkan layer search path /system/priv-app/Telecom/lib/x86_64:/system/priv-app/Telecom/Telecom.apk!/lib/x86_64:/system/lib64:/vendor/lib64 for namespace 0x78aa097e11d0
02-20 20:38:47.467  1656  1692 W WindowManager: Keyguard drawn timeout. Setting mKeyguardDrawComplete
02-20 20:38:47.479  1370  1370 E OMXNodeInstance: getExtensionIndex(55a0010:google.h263.decoder, OMX.google.android.index.configureVideoTunnelMode) ERROR: UnsupportedIndex(0x8000101a)
02-20 20:38:47.479  1370  1395 W OMXNodeInstance: [55a0010:google.h263.decoder] component does not support metadata mode; using fallback
02-20 20:38:47.480  1656  1748 I am_proc_bound: [0,1919,com.android.settings]
02-20 20:38:47.492  1656  1748 I am_restart_activity: [0,4187251,1,com.android.settings/.FallbackHome]
02-20 20:38:47.492  1373  1373 I MediaPlayerService: MediaPlayerService::getOMX
02-20 20:38:47.492  1373  1373 I OMXClient: MuxOMX ctor
02-20 20:38:47.492  1370  1830 I OMXMaster: makeComponentInstance(OMX.google.h264.decoder) in mediacodec process
02-20 20:38:47.505  1919  1919 W System  : ClassLoader referenced unknown path: /system/priv-app/Settings/lib/x86_64
02-20 20:38:47.516  1912  1912 W System  : ClassLoader referenced unknown path: /system/priv-app/TeleService/lib/x86_64
02-20 20:38:47.534     0     0 D ieee80211 phy1: hw scan 2457 MHz
02-20 20:38:47.547  1373  1373 W ACodec  : [OMX.google.h264.decoder] stopping checking profiles after 32: 2/8000
02-20 20:38:47.548  1370  1395 E OMXNodeInstance: getExtensionIndex(55a0011:google.h264.decoder, OMX.google.android.index.configureVideoTunnelMode) ERROR: UnsupportedIndex(0x8000101a)
02-20 20:38:47.548  1370  1370 W OMXNodeInstance: [55a0011:google.h264.decoder] component does not support metadata mode; using fallback
02-20 20:38:47.551  1373  1373 I MediaPlayerService: MediaPlayerService::getOMX
02-20 20:38:47.551  1373  1373 I OMXClient: MuxOMX ctor
02-20 20:38:47.552  1370  1830 I OMXMaster: makeComponentInstance(OMX.google.hevc.decoder) in mediacodec process
02-20 20:38:47.584  1912  1912 W System  : ClassLoader referenced unknown path: /system/priv-app/TelephonyProvider/lib/x86_64
02-20 20:38:47.585  1912  1912 D ApplicationLoaders: ignored Vulkan layer search path /system/priv-app/TelephonyProvider/lib/x86_64:/system/lib64:/vendor/lib64 for namespace 0x78aa097760f0
02-20 20:38:47.595  1370  1370 E OMXNodeInstance: getExtensionIndex(55a0012:google.hevc.decoder, OMX.google.android.index.configureVideoTunnelMode) ERROR: UnsupportedIndex(0x8000101a)
02-20 20:38:47.595  1370  1395 W OMXNodeInstance: [55a0012:google.hevc.decoder] component does not support metadata mode; using fallback
02-20 20:38:47.597  1373  1373 I MediaPlayerService: MediaPlayerService::getOMX
02-20 20:38:47.597  1373  1373 I OMXClient: MuxOMX ctor
02-20 20:38:47.597  1370  1830 I OMXMaster: makeComponentInstance(OMX.google.vp8.decoder) in mediacodec process
02-20 20:38:47.612  1370  1830 E OMXNodeInstance: getExtensionIndex(55a0013:google.vp8.decoder, OMX.google.android.index.configureVideoTunnelMode) ERROR: UnsupportedIndex(0x8000101a)
02-20 20:38:47.612  1370  1395 W OMXNodeInstance: [55a0013:google.vp8.decoder] component does not support metadata mode; using fallback
02-20 20:38:47.613  1373  1373 I MediaPlayerService: MediaPlayerService::getOMX
02-20 20:38:47.613  1373  1373 I OMXClient: MuxOMX ctor
02-20 20:38:47.613  1370  1830 I OMXMaster: makeComponentInstance(OMX.google.vp9.decoder) in mediacodec process
02-20 20:38:47.626  1370  1370 E OMXNodeInstance: getExtensionIndex(55a0014:google.vp9.decoder, OMX.google.android.index.configureVideoTunnelMode) ERROR: UnsupportedIndex(0x8000101a)
02-20 20:38:47.626  1370  1395 W OMXNodeInstance: [55a0014:google.vp9.decoder] component does not support metadata mode; using fallback
02-20 20:38:47.644  1373  1373 I MediaPlayerService: MediaPlayerService::getOMX
02-20 20:38:47.644  1373  1373 I OMXClient: MuxOMX ctor
02-20 20:38:47.644  1370  1830 I OMXMaster: makeComponentInstance(OMX.google.h263.encoder) in mediacodec process
02-20 20:38:47.661  1919  1919 I am_on_resume_called: [0,com.android.settings.FallbackHome,LAUNCH_ACTIVITY]
02-20 20:38:47.653     0     0 D ieee80211 phy1: hw scan 2462 MHz
02-20 20:38:47.664  1656  1656 E BluetoothAdapter: Bluetooth binder is null
02-20 20:38:47.668  1656  1689 I stream_devices_changed: [0,0,2]
02-20 20:38:47.669  1312  1358 E SurfaceFlinger: ro.sf.lcd_density must be defined as a build property
02-20 20:38:47.671  1656  1689 I stream_devices_changed: [2,0,2]
02-20 20:38:47.671  1656  1689 I stream_devices_changed: [3,0,2]
02-20 20:38:47.673  1656  1689 I stream_devices_changed: [6,0,2]
02-20 20:38:47.677  1656  1689 I stream_devices_changed: [4,0,2]
02-20 20:38:47.678  1765  1903 I vol.Events: writeEvent level_changed STREAM_ALARM 6
02-20 20:38:47.678  1765  1903 I vol.Events: writeEvent level_changed STREAM_BLUETOOTH_SCO 7
02-20 20:38:47.679  1765  1903 I vol.Events: writeEvent level_changed STREAM_MUSIC 11
02-20 20:38:47.680  1765  1903 I vol.Events: writeEvent level_changed STREAM_RING 5
02-20 20:38:47.680  1919  1919 D         : HostConnection::get() New Host Connection established 0x78a9fabfae20, tid 1919
02-20 20:38:47.681  1765  1903 I vol.Events: writeEvent level_changed STREAM_SYSTEM 5
02-20 20:38:47.681  1656  1656 I Telecom : SystemStateProvider: Registering car mode receiver: android.content.IntentFilter@7ab7a45: TS.init@AAA
02-20 20:38:47.686  1765  1903 I vol.Events: writeEvent level_changed STREAM_VOICE_CALL 4
02-20 20:38:47.704  1370  1830 I SoftMPEG4Encoder: Construct SoftMPEG4Encoder
02-20 20:38:47.705  1373  1373 W ACodec  : do not know color format 0x7f000789 = 2130708361
02-20 20:38:47.705  1370  1370 E OMXNodeInstance: getConfig(55a0015:google.h263.encoder, ConfigAndroidIntraRefresh(0x6f60000a)) ERROR: Undefined(0x80001001)
02-20 20:38:47.705  1373  1373 I MediaPlayerService: MediaPlayerService::getOMX
02-20 20:38:47.706  1373  1373 I OMXClient: MuxOMX ctor
02-20 20:38:47.706  1370  1830 I OMXMaster: makeComponentInstance(OMX.google.h264.encoder) in mediacodec process
02-20 20:38:47.708  1656  1966 I Telecom : Telecom: Non-call EVENT: AUDIO_ROUTE, Entering state QuiescentEarpieceRoute
02-20 20:38:47.714  1312  1326 E SurfaceFlinger: ro.sf.lcd_density must be defined as a build property
02-20 20:38:47.720  1765  1765 D         : HostConnection::get() New Host Connection established 0x78a9ea42b720, tid 1765
02-20 20:38:47.722  1912  1912 D TelephonyProvider: dbh.onOpen: ok, queried table=siminfo
02-20 20:38:47.722  1912  1912 D TelephonyProvider: dbh.onOpen: ok, queried table=carriers
02-20 20:38:47.727  1656  1972 I Telecom : CallAudioModeStateMachine: Message received: null.: TS.init->CAMSM.pM_1@AAA_0
02-20 20:38:47.751  1656  1656 E BluetoothAdapter: Bluetooth binder is null
02-20 20:38:47.751  1656  1973 E ActivityThread: Failed to find provider info for call_log
02-20 20:38:47.756  1656  1656 I Telecom : Class: TelecomSystem.INSTANCE being set
02-20 20:38:47.757  1656  1656 E BluetoothAdapter: Bluetooth binder is null
02-20 20:38:47.765  1373  1373 W ACodec  : do not know color format 0x7f000789 = 2130708361
02-20 20:38:47.765  1656  1656 W ContextImpl: Calling a method in the system process without a qualified user: android.app.ContextImpl.startService:1357 com.android.server.content.SyncManager$13.run:658 android.os.Handler.handleCallback:751 android.os.Handler.dispatchMessage:95 android.os.Looper.loop:154 
02-20 20:38:47.770     0     0 D ieee80211 phy1: hw scan complete
02-20 20:38:47.770     0     0 D ieee80211 phy1: mac80211_hwsim_get_survey (idx=0)
02-20 20:38:47.766  1373  1373 I MediaPlayerService: MediaPlayerService::getOMX
02-20 20:38:47.766  1373  1373 I OMXClient: MuxOMX ctor
02-20 20:38:47.766  1370  1830 I OMXMaster: makeComponentInstance(OMX.google.mpeg4.encoder) in mediacodec process
02-20 20:38:47.769  1912  1912 D TDC     : updateOrInsert: inserting: Modem { uuid=modem, state=0, rilModel=0, rat={}, maxActiveVoiceCall=1, maxActiveDataCall=1, maxStandby=1 }
02-20 20:38:47.769  1912  1912 D TDC     : updateOrInsert: inserting: Sim { uuid=sim, modemUuid=modem, state=0 }
02-20 20:38:47.791  1912  1912 D CdmaSSM : subscriptionSource from settings: 0
02-20 20:38:47.791  1912  1912 I PhoneFactory: Cdma Subscription set to 0
02-20 20:38:47.805  1656  1656 W System  : ClassLoader referenced unknown path: /system/priv-app/FusedLocation/lib/x86_64
02-20 20:38:47.805  1656  1698 I dvm_lock_sample: [system_server,1,android.display,64,WindowManagerService.java,8857,-,2857,12]
02-20 20:38:47.805  1656  1656 D ApplicationLoaders: ignored Vulkan layer search path /system/priv-app/FusedLocation/lib/x86_64:/system/priv-app/FusedLocation/FusedLocation.apk!/lib/x86_64:/system/lib64:/vendor/lib64 for namespace 0x78aa097e1240
02-20 20:38:47.806  1919  1962 D         : HostConnection::get() New Host Connection established 0x78a9fabfaee0, tid 1962
02-20 20:38:47.808  1919  1962 I OpenGLRenderer: Initialized EGL, version 1.4
02-20 20:38:47.808  1919  1962 D OpenGLRenderer: Swap behavior 1
02-20 20:38:47.810  1912  1912 I PhoneFactory: Network Mode set to 0
02-20 20:38:47.824  1370  1830 I SoftMPEG4Encoder: Construct SoftMPEG4Encoder
02-20 20:38:47.825  1373  1373 W ACodec  : do not know color format 0x7f000789 = 2130708361
02-20 20:38:47.825  1370  1370 E OMXNodeInstance: getConfig(55a0017:google.mpeg4.encoder, ConfigAndroidIntraRefresh(0x6f60000a)) ERROR: Undefined(0x80001001)
02-20 20:38:47.829  1912  1912 D RILJ    : RIL(context, preferredNetworkType=0 cdmaSubscription=0)
02-20 20:38:47.829  1373  1373 I MediaPlayerService: MediaPlayerService::getOMX
02-20 20:38:47.829  1373  1373 I OMXClient: MuxOMX ctor
02-20 20:38:47.829  1765  1765 D StorageNotification: Notifying about private volume: VolumeInfo{private}:
02-20 20:38:47.829  1765  1765 D StorageNotification:     type=PRIVATE diskId=null partGuid=null mountFlags=0 mountUserId=-1 
02-20 20:38:47.829  1765  1765 D StorageNotification:     state=MOUNTED 
02-20 20:38:47.829  1765  1765 D StorageNotification:     fsType=null fsUuid=null fsLabel=null 
02-20 20:38:47.829  1765  1765 D StorageNotification:     path=/data internalPath=null 
02-20 20:38:47.829  1370  1830 I OMXMaster: makeComponentInstance(OMX.google.vp8.encoder) in mediacodec process
02-20 20:38:47.829  1765  1765 D StorageNotification: Notifying about public volume: VolumeInfo{public:253,64}:
02-20 20:38:47.829  1765  1765 D StorageNotification:     type=PUBLIC diskId=disk:253,64 partGuid=null mountFlags=VISIBLE 
02-20 20:38:47.829  1765  1765 D StorageNotification:     mountUserId=0 state=MOUNTED 
02-20 20:38:47.829  1765  1765 D StorageNotification:     fsType=vfat fsUuid=1E12-0B12 fsLabel=SDCARD 
02-20 20:38:47.829  1765  1765 D StorageNotification:     path=/storage/1E12-0B12 internalPath=/mnt/media_rw/1E12-0B12 
02-20 20:38:47.831  1912  1912 D RILJ    : Starting RILReceiver0 [SUB0]
02-20 20:38:47.836  1919  1962 D EGL_emulation: eglCreateContext: 0x78a9fabf1980: maj 3 min 0 rcv 3
02-20 20:38:47.837  1375  1475 I RILC    : libril: new connection to RIL_SOCKET_1
02-20 20:38:47.837  1375  1475 I RILC    : RIL Daemon version: android reference-ril 1.0
02-20 20:38:47.837  1912  1990 I RILJ    : (0) Connected to 'rild' socket
02-20 20:38:47.837  1912  1990 D RILJ    : [UNSL]< UNSOL_RIL_CONNECTED {12} [SUB0]
02-20 20:38:47.843  1656  1656 D GpsNetInitiatedHandler: location enabled :true
02-20 20:38:47.843  1656  1656 V WiredAccessoryManager: notifyWiredAccessoryChanged: when=0 bits= mask=54
02-20 20:38:47.843  1656  1656 V WiredAccessoryManager: newName=h2w newState=0 headsetState=0 prev headsetState=0
02-20 20:38:47.843  1656  1656 E WiredAccessoryManager: No state change.
02-20 20:38:47.843  1656  1656 V WiredAccessoryManager: init()
02-20 20:38:47.858  1373  1373 W ACodec  : do not know color format 0x7f000789 = 2130708361
02-20 20:38:47.859  1370  1370 E OMXNodeInstance: getConfig(55a0018:google.vp8.encoder, ConfigAndroidIntraRefresh(0x6f60000a)) ERROR: Undefined(0x80001001)
02-20 20:38:47.860  1373  1373 I MediaPlayerService: MediaPlayerService::getOMX
02-20 20:38:47.860  1373  1373 I OMXClient: MuxOMX ctor
02-20 20:38:47.861  1912  1912 D RILJ    : [3648]> GET_HARDWARE_CONFIG [SUB0]
02-20 20:38:47.861  1912  1990 D RILJ    : [3649]> RADIO_POWER off [SUB0]
02-20 20:38:47.862  1373  1373 I MediaPlayerService: MediaPlayerService::getOMX
02-20 20:38:47.862  1912  1912 I PhoneFactory: Creating SubscriptionController
02-20 20:38:47.863  1373  1373 I OMXClient: MuxOMX ctor
02-20 20:38:47.863  1373  1373 W MediaCodecList: unable to open media codecs configuration xml file: /data/misc/media/media_codecs_profiling_results.xml
02-20 20:38:47.863  1375  1475 D RIL     : onRequest: GET_HARDWARE_CONFIG
02-20 20:38:47.863  1912  1990 D RILJ    : [3650]> RIL_REQUEST_CDMA_SET_SUBSCRIPTION_SOURCE : 0 [SUB0]
02-20 20:38:47.863  1375  1475 D RIL     : onRequest: RADIO_POWER
02-20 20:38:47.864  1912  1990 D RILJ    : setCellInfoListRate: 2147483647 [SUB0]
02-20 20:38:47.864  1912  1990 D RILJ    : [3651]> RIL_REQUEST_SET_CELL_INFO_LIST_RATE [SUB0]
02-20 20:38:47.864  1373  1373 I MediaPlayerService: MediaPlayerService::getOMX
02-20 20:38:47.865  1375  1475 D RIL     : onRequest: CDMA_SET_SUBSCRIPTION_SOURCE
02-20 20:38:47.865  1375  1475 D RIL     : onRequest: SET_UNSOL_CELL_INFO_LIST_RATE
02-20 20:38:47.865  1912  1990 D RILJ    : [UNSL]< UNSOL_RESPONSE_RADIO_STATE_CHANGED RADIO_OFF [SUB0]
02-20 20:38:47.865  1912  1990 D RILJ    : [3652]> SCREEN_STATE: true [SUB0]
02-20 20:38:47.866  1765  1868 I OMXClient: MuxOMX ctor
02-20 20:38:47.867  1912  1990 D RILJ    : [UNSL]< UNSOL_NITZ_TIME_RECEIVED 18/02/20:20:38:42+0:0:Unknown!Unknown [SUB0]
02-20 20:38:47.867  1375  1475 D RIL     : onRequest: SCREEN_STATE
02-20 20:38:47.867  1370  1370 I OMXMaster: makeComponentInstance(OMX.google.vorbis.decoder) in mediacodec process
02-20 20:38:47.868  1912  1990 D RilRequest: [3648]< GET_HARDWARE_CONFIG error: com.android.internal.telephony.CommandException: RADIO_NOT_AVAILABLE ret=
02-20 20:38:47.868  1912  1990 D RILJ    : [3649]< RADIO_POWER  [SUB0]
02-20 20:38:47.868  1912  1990 D RilRequest: [3650]< RIL_REQUEST_CDMA_SET_SUBSCRIPTION_SOURCE error: com.android.internal.telephony.CommandException: RADIO_NOT_AVAILABLE ret=
02-20 20:38:47.868  1912  1990 D RilRequest: [3651]< RIL_REQUEST_SET_CELL_INFO_LIST_RATE error: com.android.internal.telephony.CommandException: RADIO_NOT_AVAILABLE ret=
02-20 20:38:47.868  1912  1990 D RilRequest: [3652]< SCREEN_STATE error: com.android.internal.telephony.CommandException: RADIO_NOT_AVAILABLE ret=
02-20 20:38:47.871     0     0 D ieee80211 phy1: mac80211_hwsim_config (freq=0 idle=0 ps=0 smps=auto)
02-20 20:38:47.871     0     0 D ieee80211 phy1: add channel context control: 2447 MHz/width: 2/cfreqs:2437/0 MHz
02-20 20:38:47.871     0     0 D ieee80211 phy1: mac80211_hwsim_bss_info_changed(changed=0x40000)
02-20 20:38:47.871     0     0 D ieee80211 phy1: TX Power: 20 dBm
02-20 20:38:47.871     0     0 D ieee80211 phy1: mac80211_hwsim_bss_info_changed(changed=0x4000)
02-20 20:38:47.871     0     0 D ieee80211 phy1: change channel context control: 2447 MHz/width: 2/cfreqs:2437/0 MHz
02-20 20:38:47.871     0     0 D ieee80211 phy1: mac80211_hwsim_bss_info_changed(changed=0x88340)
02-20 20:38:47.871     0     0 D ieee80211 phy1: BCNINT: 100
02-20 20:38:47.871     0     0 D ieee80211 phy1: BCN EN: 1
02-20 20:38:47.871     0     0 D ieee80211 phy1: mac80211_hwsim_bss_info_changed(changed=0x3e)
02-20 20:38:47.871     0     0 D ieee80211 phy1: ERP_CTS_PROT: 0
02-20 20:38:47.871     0     0 D ieee80211 phy1: ERP_PREAMBLE: 0
02-20 20:38:47.871     0     0 D ieee80211 phy1: ERP_SLOT: 1
02-20 20:38:47.871     0     0 D ieee80211 phy1: HT: op_mode=0x0
02-20 20:38:47.871     0     0 D ieee80211 phy1: BASIC_RATES: 0xf
02-20 20:38:47.871     0     0 D ieee80211 phy1: mac80211_hwsim_conf_tx (queue=0 txop=47 cw_min=3 cw_max=7 aifs=1)
02-20 20:38:47.871     0     0 D ieee80211 phy1: mac80211_hwsim_bss_info_changed(changed=0x2000)
02-20 20:38:47.871     0     0 D ieee80211 phy1: mac80211_hwsim_conf_tx (queue=1 txop=94 cw_min=7 cw_max=15 aifs=1)
02-20 20:38:47.871     0     0 D ieee80211 phy1: mac80211_hwsim_bss_info_changed(changed=0x2000)
02-20 20:38:47.871     0     0 D ieee80211 phy1: mac80211_hwsim_conf_tx (queue=2 txop=0 cw_min=15 cw_max=63 aifs=3)
02-20 20:38:47.871     0     0 D ieee80211 phy1: mac80211_hwsim_bss_info_changed(changed=0x2000)
02-20 20:38:47.871     0     0 D ieee80211 phy1: mac80211_hwsim_conf_tx (queue=3 txop=0 cw_min=15 cw_max=1023 aifs=7)
02-20 20:38:47.871     0     0 D ieee80211 phy1: mac80211_hwsim_bss_info_changed(changed=0x2000)
02-20 20:38:47.871     0     0 I IPv6    : ADDRCONF(NETDEV_CHANGE): wlan1: link becomes ready
02-20 20:38:47.872     0     0 D ieee80211 phy1: mac80211_hwsim_configure_filter
02-20 20:38:47.870  1373  1410 I MediaPlayerService: MediaPlayerService::getOMX
02-20 20:38:47.871  1497  1497 E hostapd : Using interface wlan1 with hwaddr 02:00:00:00:01:00 and ssid "AndroidWifi"
02-20 20:38:47.871  1497  1497 I hostapd : wlan1: interface state HT_SCAN->ENABLED
02-20 20:38:47.871  1497  1497 I hostapd : wlan1: AP-ENABLED 
02-20 20:38:47.872  1656  1794 I OMXClient: MuxOMX ctor
02-20 20:38:47.876  1912  1912 D SubscriptionController: [SubscriptionController] init by Context
02-20 20:38:47.878  1912  1912 D UiccController: Creating UiccController
02-20 20:38:47.880  1912  1912 D TelephonyTester: register for intent action=com.android.internal.telephony.action_detached
02-20 20:38:47.882  1912  1912 D TelephonyTester: register for intent action=com.android.internal.telephony.action_attached
02-20 20:38:47.892  1370  1395 I OMXMaster: makeComponentInstance(OMX.google.vorbis.decoder) in mediacodec process
02-20 20:38:47.900  1656  1656 W VibratorService: Tried to stop vibrating but there is no vibrator device.
02-20 20:38:47.905  1656  1656 D ConditionProviders.SCP: onSubscribe condition://android/schedule?days=6.7&start=23.30&end=10.0&exitAtAlarm=false
02-20 20:38:47.905  1656  1656 D ConditionProviders.SCP: setRegistered true
02-20 20:38:47.905  1656  1656 D ConditionProviders.SCP: notifyCondition condition://android/schedule?days=6.7&start=23.30&end=10.0&exitAtAlarm=false STATE_FALSE reason=!meetsSchedule
02-20 20:38:47.912  1656  1656 D ConditionProviders.SCP: Scheduling evaluate for Tue Feb 20 23:30:00 GMT+00:00 2018 (1519169400000), in +2h51m12s95ms, now=Tue Feb 20 20:38:47 GMT+00:00 2018 (1519159127905)
02-20 20:38:47.912  1656  1656 D ConditionProviders.SCP: onSubscribe condition://android/schedule?days=1.2.3.4.5&start=22.0&end=7.0&exitAtAlarm=false
02-20 20:38:47.920  1919  1962 D EGL_emulation: eglMakeCurrent: 0x78a9fabf1980: ver 3 0 (tinfo 0x78aa050f6a60)
02-20 20:38:47.924  1912  1912 D Phone   : mDoesRilSendMultipleCallRing=true
02-20 20:38:47.924  1912  1912 D Phone   : mCallRingDelay=3000
02-20 20:38:47.927  1656  1656 D ConditionProviders.SCP: notifyCondition condition://android/schedule?days=6.7&start=23.30&end=10.0&exitAtAlarm=false STATE_FALSE reason=!meetsSchedule
02-20 20:38:47.928  1656  1656 D ConditionProviders.SCP: notifyCondition condition://android/schedule?days=1.2.3.4.5&start=22.0&end=7.0&exitAtAlarm=false STATE_FALSE reason=!meetsSchedule
02-20 20:38:47.928  1912  1912 D RILJ    : [3653]> RIL_REQUEST_START_LCE [SUB0]
02-20 20:38:47.936  1375  1475 D RIL     : onRequest: <unknown request>
02-20 20:38:47.936  1912  1990 D RilRequest: [3653]< RIL_REQUEST_START_LCE error: com.android.internal.telephony.CommandException: RADIO_NOT_AVAILABLE ret=
02-20 20:38:47.941  1656  1656 D ConditionProviders.SCP: Scheduling evaluate for Tue Feb 20 22:00:00 GMT+00:00 2018 (1519164000000), in +1h21m12s73ms, now=Tue Feb 20 20:38:47 GMT+00:00 2018 (1519159127927)
02-20 20:38:47.942  1373  1410 I MediaPlayerService: MediaPlayerService::getOMX
02-20 20:38:47.942  1765  2007 I OMXClient: MuxOMX ctor
02-20 20:38:47.942  1370  2003 I OMXMaster: makeComponentInstance(OMX.google.vorbis.decoder) in mediacodec process
02-20 20:38:47.943  1912  1912 E RIL_ImsSms: getFormat should never be called from here!
02-20 20:38:47.943  1912  1912 D SMSDispatcher: SMSDispatcher: ctor mSmsCapable=true format=unknown mSmsSendDisabled=false
02-20 20:38:47.943  1912  1912 D RIL_ImsSms: ImsSMSDispatcher created
02-20 20:38:47.943  1912  1912 D SMSDispatcher: SMSDispatcher: ctor mSmsCapable=true format=3gpp2 mSmsSendDisabled=false
02-20 20:38:47.943  1912  1912 D CdmaSMSDispatcher: CdmaSMSDispatcher created
02-20 20:38:47.963  1656  1656 I Telecom : WiredHeadsetManager: ACTION_HEADSET_PLUG event, plugged in: false, : WHC.oADA@AAE
02-20 20:38:47.965  1912  1912 D GsmInboundSmsHandler: created InboundSmsHandler
02-20 20:38:47.967  1373  1875 I MediaPlayerService: MediaPlayerService::getOMX
02-20 20:38:47.968  1656  2008 I OMXClient: MuxOMX ctor
02-20 20:38:47.968  1656  1730 I netstats_mobile_sample: [0,0,0,0,0,0,0,0,0,0,0,0,-1]
02-20 20:38:47.968  1656  1730 I netstats_wifi_sample: [0,0,0,0,0,0,0,0,0,0,0,0,-1]
02-20 20:38:47.968  1370  1395 I OMXMaster: makeComponentInstance(OMX.google.vorbis.decoder) in mediacodec process
02-20 20:38:47.969  1656  1656 I ActivityManager: user 0 is still locked. Cannot load recents
02-20 20:38:47.970  1912  1912 D CdmaInboundSmsHandler: created InboundSmsHandler
02-20 20:38:47.972  1912  1912 D SMSDispatcher: SMSDispatcher: ctor mSmsCapable=true format=3gpp mSmsSendDisabled=false
02-20 20:38:47.972  1656  1656 I notification_enqueue: [10028,1765,com.android.systemui,1397773634,public:253,64,-1,Notification(pri=0 contentView=null vibrate=null sound=null defaults=0x0 flags=0x100 color=0xff607d8b category=sys actions=2 vis=PUBLIC),0]
02-20 20:38:47.972  1912  1912 D GsmSMSDispatcher: GsmSMSDispatcher created
02-20 20:38:47.973  1912  2012 D GsmInboundSmsHandler: StartupState.processMessage:6
02-20 20:38:47.973  1912  2012 D GsmInboundSmsHandler: entering Idle state
02-20 20:38:47.974  1912  2014 D CdmaInboundSmsHandler: StartupState.processMessage:6
02-20 20:38:47.974  1912  2014 D CdmaInboundSmsHandler: entering Idle state
02-20 20:38:47.976  1912  1912 D IccCardProxy: ctor: ci=com.android.internal.telephony.RIL@6fbbaaa phoneId=0
02-20 20:38:47.976  1912  1912 D CdmaSSM : subscriptionSource from settings: 0
02-20 20:38:47.976  1912  1912 D CdmaSSM : cdmaSSM constructor: 0
02-20 20:38:47.976  1912  1912 D IccCardProxy: update icc_operator_numeric=
02-20 20:38:47.977  1912  1912 D TelephonyManager: setTelephonyProperty: success phoneId=0 property=gsm.sim.operator.numeric value:  propVal=
02-20 20:38:47.978  1656  1656 D TelephonyRegistry: notifyCellLocationForSubscriber: subId=0 cellLocation=Bundle[{}]
02-20 20:38:47.985  1912  1948 D SubscriptionController: [getPhoneId]- no sims, returning default phoneId=2147483647
02-20 20:38:47.986  1912  1912 D TelephonyManager: setTelephonyProperty: success phoneId=0 property=gsm.sim.operator.iso-country value:  propVal=
02-20 20:38:47.986  1912  1912 D TelephonyManager: setTelephonyProperty: success phoneId=0 property=gsm.sim.operator.alpha value:  propVal=
02-20 20:38:47.986  1912  1912 E IccCardProxy: setExternalState: set mPhoneId=0 mExternalState=NOT_READY
02-20 20:38:47.986  1912  1912 D TelephonyManager: setTelephonyProperty: success phoneId=0 property=gsm.sim.state value: NOT_READY propVal=NOT_READY
02-20 20:38:47.986  1912  1912 D IccCardProxy: broadcastIccStateChangedIntent intent ACTION_SIM_STATE_CHANGED value=NOT_READY reason=null for mPhoneId=0
02-20 20:38:47.993  1919  1962 D EGL_emulation: eglMakeCurrent: 0x78a9fabf1980: ver 3 0 (tinfo 0x78aa050f6a60)
02-20 20:38:48.014  1656  1691 I am_proc_start: [0,2022,10004,com.android.cellbroadcastreceiver,broadcast,com.android.cellbroadcastreceiver/.CellBroadcastReceiver]
02-20 20:38:48.014  1656  1691 I ActivityManager: Start proc 2022:com.android.cellbroadcastreceiver/u0a4 for broadcast com.android.cellbroadcastreceiver/.CellBroadcastReceiver
02-20 20:38:48.017  1912  1912 D RILJ    : setPhoneType=1 old value=0 [SUB0]
02-20 20:38:48.017  1912  1912 D TelephonyManager: setTelephonyProperty: success phoneId=0 property=gsm.current.phone-type value: 1 propVal=1
02-20 20:38:48.019  1912  1912 D IccCardProxy: Setting radio tech UMTS
02-20 20:38:48.019  1912  1912 D IccCardProxy: updateQuietMode: 3GPP subscription -> newQuietMode=false
02-20 20:38:48.019  1912  1912 D IccCardProxy: updateQuietMode: no changes don't setExternalState
02-20 20:38:48.019  1912  1912 D IccCardProxy: updateQuietMode: QuietMode is false (app_type=1 cdmaSource=-1)
02-20 20:38:48.023  2022  2022 W art     : Unexpected CPU variant for X86 using defaults: x86_64
02-20 20:38:48.027  1912  1912 W CarrierConfigManager: Error getting config for subId -1 ICarrierConfigLoader is null
02-20 20:38:48.029  1656  1986 D TelephonyRegistry: listen oscl: hasNotifySubscriptionInfoChangedOccurred==false no callback
02-20 20:38:48.034  1656  2027 I am_proc_bound: [0,2022,com.android.cellbroadcastreceiver]
02-20 20:38:48.034  1373  1875 I MediaPlayerService: MediaPlayerService::getOMX
02-20 20:38:48.035  1656  2031 I OMXClient: MuxOMX ctor
