02-20 20:38:49.532  1912  1912 D RuimRecords: [RuimRecords] EF_CSIM_IMSIM LOADED
02-20 20:38:49.532  1912  1912 E RuimRecords: [RuimRecords] Record Load Exception: com.android.internal.telephony.CommandException: GENERIC_FAILURE
02-20 20:38:49.532  1912  1912 D RuimRecords: [RuimRecords] onRecordLoaded 4 requested: true
02-20 20:38:49.532  1912  1912 D RuimRecords: [RuimRecords] EF_CSIM_CDMAHOME LOADED
02-20 20:38:49.532  1912  1912 E RuimRecords: [RuimRecords] Record Load Exception: com.android.internal.telephony.CommandException: GENERIC_FAILURE
02-20 20:38:49.532  1656  1734 D WIFI_UT : Registering NetworkFactory
02-20 20:38:49.533  1912  1912 D RuimRecords: [RuimRecords] onRecordLoaded 3 requested: true
02-20 20:38:49.533  1912  1912 D RuimRecords: [RuimRecords] EF_CSIM_EPRL LOADED
02-20 20:38:49.533  1912  1912 E RuimRecords: [RuimRecords] Record Load Exception: com.android.internal.telephony.CommandException: GENERIC_FAILURE
02-20 20:38:49.533  1912  1912 D RuimRecords: [RuimRecords] onRecordLoaded 2 requested: true
02-20 20:38:49.533  1912  1912 D RuimRecords: [RuimRecords] EF_CSIM_MIPUPP LOADED
02-20 20:38:49.533  1912  1912 E RuimRecords: [RuimRecords] Record Load Exception: com.android.internal.telephony.CommandException: GENERIC_FAILURE
02-20 20:38:49.533  1912  1912 D RuimRecords: [RuimRecords] onRecordLoaded 1 requested: true
02-20 20:38:49.533  1375  1475 D RIL     : onRequest: SIM_IO
02-20 20:38:49.533  1375  1475 D AT      : AT> AT+CRSM=192,28436,0,0,15
02-20 20:38:49.533  1375  1478 D AT      : AT< +CRSM: 144,0,000000146f1404001aa0aa01020000
02-20 20:38:49.533  1375  1478 D AT      : AT< OK
02-20 20:38:49.533  1656  1738 D ConnectivityService: Got NetworkFactory Messenger for WIFI
02-20 20:38:49.533  1656  1738 D ConnectivityService: Got NetworkFactory Messenger for WIFI_UT
02-20 20:38:49.533  1912  1990 D RILJ    : [3732]< SIM_IO IccIoResponse sw1:0x90 sw2:0x0 [SUB0]
02-20 20:38:49.534  1656  1734 D WIFI    : got request NetworkRequest [ REQUEST id=1, [ Capabilities: INTERNET&NOT_RESTRICTED&TRUSTED&NOT_VPN] ] with score 0
02-20 20:38:49.534  1656  1734 I WifiConnectivityManager: Set WiFiConnectivityManager enabled
02-20 20:38:49.535  1912  1912 D SIMRecords: [SIMRecords] iccid: 89014103211118510720
02-20 20:38:49.535  1912  1912 D SIMRecords: [SIMRecords] onRecordLoaded 10 requested: true
02-20 20:38:49.535  1912  1912 D SubscriptionInfoUpdater: [Receiver]+
02-20 20:38:49.535  1912  1912 D SubscriptionInfoUpdater: Action: android.intent.action.SIM_STATE_CHANGED
02-20 20:38:49.535  1912  1912 D SubscriptionInfoUpdater: slotId: 0
02-20 20:38:49.535  1912  1912 D SubscriptionInfoUpdater: simStatus: IMSI
02-20 20:38:49.535  1912  1912 D SubscriptionInfoUpdater: Ignoring simStatus: IMSI
02-20 20:38:49.535  1912  1912 D SubscriptionInfoUpdater: [Receiver]-
02-20 20:38:49.544  1912  1912 D SIMRecords: [SIMRecords] EF_MBI: 01000000
02-20 20:38:49.544  1912  1912 D SIMRecords: [SIMRecords] Got valid mailbox number for MBDN
02-20 20:38:49.544  1912  1912 D RILJ    : [3733]> iccIO: SIM_IO 0xc0 0x6fc7  path: 3F007F20,0,0,15 aid: null [SUB0]
02-20 20:38:49.545  1375  1475 D RIL     : onRequest: SIM_IO
02-20 20:38:49.545  1375  1475 D AT      : AT> AT+CRSM=192,28615,0,0,15
02-20 20:38:49.545  1375  1478 D AT      : AT< +CRSM: 144,0,000000406fc7040011a0aa01020120
02-20 20:38:49.545  1375  1478 D AT      : AT< OK
02-20 20:38:49.545  1912  1990 D RILJ    : [3733]< SIM_IO IccIoResponse sw1:0x90 sw2:0x0 [SUB0]
02-20 20:38:49.545  1912  1912 D SIMRecords: [SIMRecords] onRecordLoaded 10 requested: true
02-20 20:38:49.545  1912  1912 D SIMRecords: [SIMRecords] EF_AD: 00000003
02-20 20:38:49.545  1912  1912 D SIMRecords: [SIMRecords] setting4 mMncLength=3
02-20 20:38:49.545  1912  1912 D SIMRecords: [SIMRecords] update mccmnc=310260
02-20 20:38:49.545  1912  1912 D MccTable: updateMccMncConfiguration mccmnc='310260' fromServiceState=false
02-20 20:38:49.545  1912  1912 D SubscriptionController: [getPhoneId]- no sims, returning default phoneId=2147483647
02-20 20:38:49.545  1912  1912 D MccTable: updateMccMncConfiguration defaultMccMnc=
02-20 20:38:49.545  1912  1912 D MccTable: updateMccMncConfiguration: mcc=310, mnc=260
02-20 20:38:49.545  1912  1912 D MccTable: updateMccMncConfiguration updateConfig config={1.0 310mcc260mnc ?localeList ?layoutDir ?swdp ?wdp ?hdp ?density ?lsize ?long ?orien ?uimode ?night ?touch ?keyb/?/? ?nav/?}
02-20 20:38:49.553  2131  2131 W art     : Unexpected CPU variant for X86 using defaults: x86_64
02-20 20:38:49.554  1656  1656 I am_proc_start: [0,2131,10067,com.google.android.deskclock,broadcast,com.google.android.deskclock/com.android.deskclock.AlarmInitReceiver]
02-20 20:38:49.554  1656  1656 I ActivityManager: Start proc 2131:com.google.android.deskclock/u0a67 for broadcast com.google.android.deskclock/com.android.deskclock.AlarmInitReceiver
02-20 20:38:49.554  1656  1689 I am_proc_bound: [0,2110,com.google.process.gapps]
02-20 20:38:49.555  1656  2027 I configuration_changed: 3
02-20 20:38:49.555  1656  2027 I ActivityManager: Config changes=3 {1.0 310mcc260mnc [en_US] ldltr sw360dp w360dp h668dp 640dpi nrml long port finger -keyb/v/h -nav/h s.6}
02-20 20:38:49.567  2110  2110 I art     : Starting a blocking GC AddRemoveAppImageSpace
02-20 20:38:49.567  2110  2110 W System  : ClassLoader referenced unknown path: /system/priv-app/GoogleServicesFramework/lib/x86_64
02-20 20:38:48.731     0     0 D ieee80211 phy0: hw scan 2417 MHz
02-20 20:38:49.588  1656  2027 I am_relaunch_resume_activity: [0,4187251,1,com.android.settings/.FallbackHome]
02-20 20:38:49.589  1656  1743 D NotificationSQLiteLog: Pruned event entries: 0
02-20 20:38:49.597  1912  1912 D SIMRecords: [SIMRecords] onRecordLoaded 9 requested: true
02-20 20:38:49.597  1912  1912 D SIMRecords: [SIMRecords] EF_MWIS : 0000000000
02-20 20:38:49.597  1912  1912 D SIMRecords: [SIMRecords] onRecordLoaded 8 requested: true
02-20 20:38:49.597  1912  1912 D SIMRecords: [SIMRecords] EF_CPHS_MWI: 55
02-20 20:38:49.597  1912  1912 D SIMRecords: [SIMRecords] onRecordLoaded 7 requested: true
02-20 20:38:49.597  1912  1912 D SIMRecords: [SIMRecords] EF_CFF_CPHS: 55
02-20 20:38:49.597  1912  1912 D SIMRecords: [SIMRecords] onRecordLoaded 6 requested: true
02-20 20:38:49.597  1656  1964 I am_proc_bound: [0,2115,com.android.providers.calendar]
02-20 20:38:49.597  1912  1912 D SIMRecords: [SIMRecords] onRecordLoaded 5 requested: true
02-20 20:38:49.597  1912  1912 D SIMRecords: [SIMRecords] SST: UsimServiceTable[120]={ PHONEBOOK, FDN, FDN_EXTENSION, SDN, SDN_EXTENSION, BDN, BDN_EXTENSION, OUTGOING_CALL_INFO, ADVICE_OF_CHARGE, CAP_CONFIG_PARAMS_2, GROUP_ID_LEVEL_1, GROUP_ID_LEVEL_2, SPN, USER_PLMN_SELECT, MSISDN, IMAGE, LOCALISED_SERVICE_AREAS, EMLPP, EMLPP_AUTO_ANSWER, RFU, GSM_ACCESS, DATA_DL_VIA_SMS_PP, DATA_DL_VIA_SMS_CB, CALL_CONTROL_BY_USIM, MO_SMS_CONTROL_BY_USIM, RUN_AT_COMMAND, APN_CONTROL_LIST, DEPERSONALISATION_CONTROL_KEYS, COOPERATIVE_NETWORK_LIST, GSM_SECURITY_CONTEXT, SERVICE_PROVIDER_DISPLAY_INFO, MMS_NOTIFICATION, MMS_NOTIFICATION_EXTENSION, GPRS_CALL_CONTROL_BY_USIM, VGCS_GROUP_ID_LIST, VBS_GROUP_ID_LIST, OMA_BCAST_PROFILE, GBA_LOCAL_KEY_ESTABLISHMENT, #101, #102, #103, #104, #105, #106, #107, #108, #109, #110 }
02-20 20:38:49.597  1912  1912 D SIMRecords: [SIMRecords] onRecordLoaded 4 requested: true
02-20 20:38:49.597  1912  1912 D SIMRecords: [SIMRecords] iCPHS: 0233
02-20 20:38:49.597  1912  1912 D SIMRecords: [SIMRecords] onRecordLoaded 3 requested: true
02-20 20:38:49.597  1919  1919 I am_on_paused_called: [0,com.android.settings.FallbackHome,handleRelaunchActivity]
02-20 20:38:49.597  1912  1912 D RILJ    : [3734]> iccIO: SIM_IO 0xb0 0x6f14  path: 3F007F20,0,0,20 aid: null [SUB0]
02-20 20:38:49.598  1919  1962 D EGL_emulation: eglMakeCurrent: 0x78a9fabf1980: ver 3 0 (tinfo 0x78aa050f6a60)
02-20 20:38:49.598  1912  1912 D RuimRecords: [RuimRecords] iccid: 89014103211118510720
02-20 20:38:49.598  1912  1912 D RuimRecords: [RuimRecords] onRecordLoaded 0 requested: true
02-20 20:38:49.598  1912  1912 D RuimRecords: [RuimRecords] record load complete
02-20 20:38:49.598  1912  1912 D SIMRecords: [SIMRecords] MSISDN: [t-WgLegCyIMgfHgPkOdM6pkZbpA]
02-20 20:38:49.598  1912  1912 D SIMRecords: [SIMRecords] onRecordLoaded 2 requested: true
02-20 20:38:49.598  1656  1692 I dvm_lock_sample: [system_server,1,android.ui,43,ActivityManagerService.java,4195,-,18937,8]
02-20 20:38:49.598  1375  1475 D RIL     : onRequest: SIM_IO
02-20 20:38:49.598  1375  1475 D AT      : AT> AT+CRSM=176,28436,0,0,20
02-20 20:38:49.598  1375  1478 D AT      : AT< +CRSM: 144,0,416e64726f6964ffffffffffffffffffffffffff
02-20 20:38:49.598  1375  1478 D AT      : AT< OK
02-20 20:38:49.599  1656  1748 I am_proc_bound: [0,2131,com.google.android.deskclock]
02-20 20:38:49.599  1656  1736 I dvm_lock_sample: [system_server,0,WifiScanningService,64,AlarmManagerService.java,1072,-,1072,12]
02-20 20:38:49.599  1912  1990 D RILJ    : [3734]< SIM_IO IccIoResponse sw1:0x90 sw2:0x0 [SUB0]
02-20 20:38:49.599  1919  1919 I am_on_stop_called: [0,com.android.settings.FallbackHome,destroy]
02-20 20:38:49.601  1656  1734 D WIFI_UT : got request NetworkRequest [ REQUEST id=1, [ Capabilities: INTERNET&NOT_RESTRICTED&TRUSTED&NOT_VPN] ] with score 0
02-20 20:38:49.601  1912  1912 D RILJ    : [3735]> iccIO: SIM_IO 0xb2 0x6fc7  path: 3F007F20,1,4,32 aid: null [SUB0]
02-20 20:38:49.601  1375  1475 D RIL     : onRequest: SIM_IO
02-20 20:38:49.601  1375  1475 D AT      : AT> AT+CRSM=178,28615,1,4,32
02-20 20:38:49.601  1375  1478 D AT      : AT< +CRSM: 144,0,566f6963656d61696cffffffffffffffffff07915155125740f9ffffffffffff
02-20 20:38:49.601  1375  1478 D AT      : AT< OK
02-20 20:38:49.602  1912  1990 D RILJ    : [3735]< SIM_IO IccIoResponse sw1:0x90 sw2:0x0 [SUB0]
02-20 20:38:49.602  1912  1912 D SIMRecords: [SIMRecords] getServiceProviderName: no brandOverride, providerName=Android
02-20 20:38:49.602  1912  1912 D SIMRecords: [SIMRecords] Load EF_SPN_CPHS: Android
02-20 20:38:49.602  1912  1912 D TelephonyManager: setTelephonyProperty: success phoneId=0 property=gsm.sim.operator.alpha value: Android propVal=Android
02-20 20:38:49.602  1912  1912 D SIMRecords: [SIMRecords] onRecordLoaded 1 requested: true
02-20 20:38:49.603  1912  1912 D SIMRecords: [SIMRecords] VM: ADN Record 'Voicemail' '[-MWU1cAlDrkXUZ8dpHi_wU_YOpU] null' EF[MBDN]
02-20 20:38:49.603  1912  1912 D SIMRecords: [SIMRecords] onRecordLoaded 0 requested: true
02-20 20:38:49.603  1912  1912 D SIMRecords: [SIMRecords] record load complete
02-20 20:38:49.603  1912  1912 D SIMRecords: [SIMRecords] Not using EF LI/EF PL
02-20 20:38:49.603  1912  1912 D SIMRecords: [SIMRecords] EF_CFF: callForwardingEnabled=0
02-20 20:38:49.603  1912  1912 D SIMRecords: [SIMRecords] onAllRecordsLoaded set 'gsm.sim.operator.numeric' to operator='310260'
02-20 20:38:49.603  1912  1912 D SIMRecords: [SIMRecords] update icc_operator_numeric=310260
02-20 20:38:49.603  1912  1912 D TelephonyManager: setTelephonyProperty: success phoneId=0 property=gsm.sim.operator.numeric value: 310260 propVal=310260
02-20 20:38:49.603  1912  1912 D SubscriptionController: [setMccMnc]+ mcc/mnc:310/260 subId:-1
02-20 20:38:48.760     0     0 D ieee80211 phy0: hw scan 2422 MHz
02-20 20:38:48.796     0     0 D ieee80211 phy0: hw scan 2427 MHz
02-20 20:38:48.821     0     0 D ieee80211 phy0: hw scan 2432 MHz
02-20 20:38:48.850     0     0 D ieee80211 phy0: hw scan 2437 MHz
02-20 20:38:48.880     0     0 D ieee80211 phy0: hw scan 2442 MHz
02-20 20:38:48.916     0     0 D ieee80211 phy0: hw scan 2447 MHz
02-20 20:38:48.941     0     0 D ieee80211 phy0: hw scan 2452 MHz
02-20 20:38:49.607  2156  2156 W art     : Unexpected CPU variant for X86 using defaults: x86_64
02-20 20:38:49.608  1912  1912 D SubscriptionController: notifySubscriptionInfoChanged:
02-20 20:38:49.609  1656  1656 I GnssLocationProvider: WakeLock acquired by sendMessage(12, 0, null)
02-20 20:38:49.609  1912  1940 D SubscriptionController: [getActiveSubInfoList] Sub Controller not ready
02-20 20:38:49.612  1656  2153 I am_proc_start: [0,2156,10001,android.process.acore,content provider,com.android.providers.contacts/.ContactsProvider2]
02-20 20:38:49.612  1656  2153 I ActivityManager: Start proc 2156:android.process.acore/u0a1 for content provider com.android.providers.contacts/.ContactsProvider2
02-20 20:38:49.613  2110  2110 I GservicesProvider: Gservices pushing to system: true; secure/global: true
02-20 20:38:49.623  1364  1797 I art     : Starting a blocking GC HeapTrim
02-20 20:38:49.626  2115  2115 W System  : ClassLoader referenced unknown path: /system/priv-app/CalendarProvider/lib/x86_64
02-20 20:38:49.641  1656  1691 I am_proc_start: [0,2168,10029,com.google.android.googlequicksearchbox:interactor,service,com.google.android.googlequicksearchbox/com.google.android.voiceinteraction.GsaVoiceInteractionService]
02-20 20:38:48.971     0     0 D ieee80211 phy0: hw scan 2457 MHz
02-20 20:38:49.000     0     0 D ieee80211 phy0: hw scan 2462 MHz
02-20 20:38:49.031     0     0 D ieee80211 phy0: hw scan 2467 MHz
02-20 20:38:49.150     0     0 D ieee80211 phy0: hw scan 2472 MHz
02-20 20:38:49.641  1656  1691 I ActivityManager: Start proc 2168:com.google.android.googlequicksearchbox:interactor/u0a29 for service com.google.android.googlequicksearchbox/com.google.android.voiceinteraction.GsaVoiceInteractionService
02-20 20:38:49.643  1656  1689 I am_proc_bound: [0,2156,android.process.acore]
02-20 20:38:49.648  1912  1912 D SIMRecords: [SIMRecords] onAllRecordsLoaded set mcc imsi
02-20 20:38:49.648  1912  1912 D TelephonyManager: setTelephonyProperty: success phoneId=0 property=gsm.sim.operator.iso-country value: us propVal=us
02-20 20:38:49.649  2168  2168 W art     : Unexpected CPU variant for X86 using defaults: x86
02-20 20:38:49.653  1656  1691 I ActivityManager: Loading recents for user 0 into memory.
02-20 20:38:49.655  1912  1912 D SST     : SubscriptionListener.onSubscriptionInfoChanged
02-20 20:38:49.655  1912  1912 D SIMRecords: [SIMRecords]  VoiceMessageCount from SIM MWIS = 0
02-20 20:38:49.655  1912  1912 E Phone   : getStoredVoiceMessageCount: invalid subId -2
02-20 20:38:49.655  1912  1912 D GsmCdmaPhone: [GsmCdmaPhone] updateVoiceMail countVoiceMessages = 0 subId -2
02-20 20:38:49.655  1912  1912 E Phone   : setVoiceMessageCount in sharedPreference: invalid subId -2
02-20 20:38:49.656  1912  1912 D DCT     : [0]SubscriptionListener.onSubscriptionInfoChanged
02-20 20:38:49.656  1912  1912 D SubscriptionController: [getActiveSubInfoList] Sub Controller not ready
02-20 20:38:49.657  1912  1912 D SubscriptionController: [getActiveSubInfoList] Sub Controller not ready
02-20 20:38:49.657  1656  1691 D ActivityManager: Sending BOOT_COMPLETE user #0
02-20 20:38:49.657  1912  1912 I Telephony: PstnIncomingCallNotifier: Unregistering: Handler (com.android.internal.telephony.GsmCdmaPhone) {b588981}
02-20 20:38:49.657  1656  1691 I sysui_histogram: [framework_boot_completed,11]
02-20 20:38:49.657  1912  1912 E PhoneInterfaceManager: [PhoneIntfMgr] getIccId: No UICC
02-20 20:38:49.676  1765  1765 E BluetoothAdapter: Bluetooth binder is null
02-20 20:38:49.678  1656  1748 I Telecom : PhoneAccountRegistrar: [ComponentInfo{com.android.phone/com.android.services.telephony.TelephonyConnectionService}, [e0184adedf913b076626646d3f52c3b49c39ad6d], UserHandle{0}(addr: tel:*********** -> tel:)(icon: Icon(typ=BITMAP size=76x96) -> Icon(typ=BITMAP size=76x96))(subAddr: tel:*********** -> tel:)]: TSI.rPA@AAg
02-20 20:38:49.678  1919  1919 D FallbackHome: User unlocked and real home found; let's go!
02-20 20:38:49.679  1656  1748 I Telecom : : Sending phone-account registered intent as user: TSI.rPA@AAg
02-20 20:38:49.679  1656  2027 I am_finish_activity: [0,4187251,1,com.android.settings/.FallbackHome,app-request]
02-20 20:38:49.680  1656  2027 I am_pause_activity: [0,4187251,com.android.settings/.FallbackHome]
02-20 20:38:49.691  1912  1940 D DCT     : [0]hasMatchedTetherApnSetting: APN=null
02-20 20:38:49.698  1912  1912 I Telephony: AccountEntry: Registered phoneAccount: [[ ] PhoneAccount: ComponentInfo{com.android.phone/com.android.services.telephony.TelephonyConnectionService}, [e0184adedf913b076626646d3f52c3b49c39ad6d], UserHandle{0} Capabilities: CallProvider MultiUser PlaceEmerg SimSub  Schemes: tel voicemail  Extras: null GroupId: [da39a3ee5e6b4b0d3255bfef95601890afd80709]] with handle: ComponentInfo{com.android.phone/com.android.services.telephony.TelephonyConnectionService}, [e0184adedf913b076626646d3f52c3b49c39ad6d], UserHandle{0}
02-20 20:38:49.698  1912  1912 I Telephony: PstnIncomingCallNotifier: Registering: Handler (com.android.internal.telephony.GsmCdmaPhone) {b588981}
02-20 20:38:49.699  1912  1912 D CAT     : CatService: handleMessage[20]
02-20 20:38:49.699  1912  1912 D GsmCdmaPhone: [GsmCdmaPhone] updateCurrentCarrierInProvider: mSubId = -2 currentDds = 1 operatorNumeric = 310260
02-20 20:38:49.700  1912  1912 D IccCardProxy: operator=310260 mPhoneId=0
02-20 20:38:49.700  1912  1912 D TelephonyManager: setTelephonyProperty: success phoneId=0 property=gsm.sim.operator.numeric value: 310260 propVal=310260
02-20 20:38:49.700  1912  1912 D TelephonyManager: setTelephonyProperty: success phoneId=0 property=gsm.sim.operator.iso-country value: us propVal=us
02-20 20:38:49.700  1912  1912 D IccCardProxy: Sending intent ACTION_INTERNAL_SIM_STATE_CHANGED for mPhoneId : 0
02-20 20:38:49.700  1912  1912 D SST     : EVENT_SIM_RECORDS_LOADED: what=16
02-20 20:38:49.700  1912  1912 D GsmCdmaPhone: [GsmCdmaPhone] updatePhoneObject: radioTechnology=0
02-20 20:38:49.700  1912  1912 D SST     : getOtasp: otasp not needed for GSM
02-20 20:38:49.700  1912  1912 D SST     : updateOtaspState: call notifyOtaspChanged old otaspMode=0 new otaspMode=3
02-20 20:38:49.700  1912  1912 D SIMRecords: [SIMRecords] getServiceProviderName: no brandOverride, providerName=Android
02-20 20:38:49.700  1912  1912 D SIMRecords: [SIMRecords] getServiceProviderName: no brandOverride, providerName=Android
02-20 20:38:49.701  1912  1912 D SST     : updateSpnDisplay: changed sending intent rule=1 showPlmn='false' plmn='Android' showSpn='true' spn='Android' dataSpn='Android' subId='-2'
02-20 20:38:49.701  1912  1912 D SubscriptionController: [setPlmnSpn] No valid subscription to store info
02-20 20:38:49.701  1912  1912 D SubscriptionController: notifySubscriptionInfoChanged:
02-20 20:38:49.702  1912  1912 D DCT     : [0]NETWORK_STATE_CHANGED_ACTION: mIsWifiConnected=false
02-20 20:38:49.702  1912  1912 D WAP PUSH: Received broadcast android.intent.action.USER_UNLOCKED
02-20 20:38:49.702  1912  1912 D WAP PUSH: Received broadcast android.intent.action.USER_UNLOCKED
02-20 20:38:49.702  1912  1912 D SmsBroadcastUndelivered: Received broadcast android.intent.action.USER_UNLOCKED
02-20 20:38:49.702  1912  1912 D SubscriptionInfoUpdater: [Receiver]+
02-20 20:38:49.702  1912  1912 D SubscriptionInfoUpdater: Action: android.intent.action.USER_UNLOCKED
02-20 20:38:49.702  1912  1912 D SubscriptionInfoUpdater: Broadcasting intent ACTION_SIM_STATE_CHANGED for mCardIndex: 0
02-20 20:38:49.703  1912  1912 D SubscriptionInfoUpdater: [Receiver]-
02-20 20:38:49.703  1912  1912 D CarrierSvcBindHelper: Received android.intent.action.USER_UNLOCKED
02-20 20:38:49.704  1912  1912 D CarrierSvcBindHelper: No carrier app for: 0
02-20 20:38:49.705  1656  1689 I ActivityManager: START u0 {act=android.intent.action.MAIN cat=[android.intent.category.HOME] flg=0x10000100 cmp=com.google.android.apps.nexuslauncher/.NexusLauncherActivity} from uid 0 on display 0
02-20 20:38:49.706  1656  1689 I am_create_task: [0,182]
02-20 20:38:49.706  1656  1689 I am_create_activity: [0,142419667,182,com.google.android.apps.nexuslauncher/.NexusLauncherActivity,android.intent.action.MAIN,NULL,NULL,268435712]
02-20 20:38:49.706  1656  1689 I wm_task_created: [182,0]
02-20 20:38:49.706  1656  1689 I wm_task_moved: [182,1,1]
02-20 20:38:49.706  1656  1689 I wm_task_moved: [182,1,1]
02-20 20:38:49.707  1656  1689 I am_focused_activity: [0,com.google.android.apps.nexuslauncher/.NexusLauncherActivity,startedActivity]
02-20 20:38:49.712  2156  2156 W System  : ClassLoader referenced unknown path: /system/priv-app/ContactsProvider/lib/x86_64
02-20 20:38:49.714  1912  2192 D SmsBroadcastUndelivered: scanning raw table for undelivered messages
02-20 20:38:49.715  1912  1912 E PhoneInterfaceManager: [PhoneIntfMgr] getIccId: No UICC
02-20 20:38:49.720  1912  2190 E WAP PUSH: bindService() for wappush manager failed
02-20 20:38:49.720  1912  2191 E WAP PUSH: bindService() for wappush manager failed
02-20 20:38:49.721  2193  2193 W art     : Unexpected CPU variant for X86 using defaults: x86_64
02-20 20:38:49.724  1656  1689 I am_proc_start: [0,2193,10021,com.google.android.apps.nexuslauncher,activity,com.google.android.apps.nexuslauncher/.NexusLauncherActivity]
02-20 20:38:49.724  1656  1689 I ActivityManager: Start proc 2193:com.google.android.apps.nexuslauncher/u0a21 for activity com.google.android.apps.nexuslauncher/.NexusLauncherActivity
02-20 20:38:49.727  1656  1691 I sysui_count: [window_time_0,5]
02-20 20:38:49.733  1656  1986 I Telecom : PhoneAccountRegistrar: [ComponentInfo{com.android.phone/com.android.services.telephony.TelephonyConnectionService}, [e0184adedf913b076626646d3f52c3b49c39ad6d], UserHandle{0}(icon: Icon(typ=BITMAP size=76x96) -> Icon(typ=BITMAP size=76x96))]: TSI.rPA@AAs
02-20 20:38:49.804  1656  1748 I am_proc_bound: [0,2168,com.google.android.googlequicksearchbox:interactor]
02-20 20:38:49.806  2115  2115 I CalendarProvider2: Created com.android.providers.calendar.CalendarAlarmManager@e984b9a(com.android.providers.calendar.CalendarProvider2@fd4ccb)
02-20 20:38:49.807  1656  2154 I am_proc_bound: [0,2193,com.google.android.apps.nexuslauncher]
02-20 20:38:49.809  1656  1986 I Telecom : : Sending phone-account registered intent as user: TSI.rPA@AAs
02-20 20:38:49.817  1765  1765 I CameraManagerGlobal: Connecting to camera service
02-20 20:38:49.819  1366  1366 V EmulatedCamera_Camera: getCameraInfo
02-20 20:38:49.819  1366  1366 V EmulatedCamera_BaseCamera: getCameraInfo
02-20 20:38:49.819  1366  1366 I CameraService: getCameraCharacteristics: Switching to HAL1 shim implementation...
02-20 20:38:49.819  1366  1366 V EmulatedCamera_Camera: getCameraInfo
02-20 20:38:49.819  1366  1366 V EmulatedCamera_BaseCamera: getCameraInfo
02-20 20:38:49.819  1366  1366 I CameraService: CameraService::connect call (PID -1 "cameraserver", camera ID 0) for HAL version default and Camera API version 1
02-20 20:38:49.819  1366  1366 E CameraService: getCameraPriorityFromProcState: Received invalid process state -1 from ActivityManagerService!
02-20 20:38:49.819  1366  1366 V EmulatedCamera_Camera: getCameraInfo
02-20 20:38:49.819  1366  1366 V EmulatedCamera_BaseCamera: getCameraInfo
02-20 20:38:49.822  1656  2154 I am_restart_activity: [0,142419667,182,com.google.android.apps.nexuslauncher/.NexusLauncherActivity]
02-20 20:38:49.824  2110  2110 I GoogleHttpClient: GMS http client unavailable, use old client
02-20 20:38:49.824  1373  2220 E WVMExtractor: Failed to open libwvm.so: dlopen failed: library "libwvm.so" not found
02-20 20:38:49.829  1656  1748 I dvm_lock_sample: [system_server,1,Binder:1656_3,21,ActivityManagerService.java,11160,-,6669,4]
02-20 20:38:49.839  1912  1912 D GsmCdmaPhone: [GsmCdmaPhone] phoneObjectUpdater: newVoiceRadioTech=0
02-20 20:38:49.839  1912  1912 D GsmCdmaPhone: [GsmCdmaPhone] phoneObjectUpdater: volteReplacementRat=0
02-20 20:38:49.839  1912  1912 E GsmCdmaPhone: [GsmCdmaPhone] phoneObjectUpdater: newVoiceRadioTech=0 doesn't match either CDMA or GSM - error! No phone change
02-20 20:38:49.839  1912  1912 D SST     : SubscriptionListener.onSubscriptionInfoChanged
02-20 20:38:49.839  1912  1912 D DCT     : [0]SubscriptionListener.onSubscriptionInfoChanged
02-20 20:38:49.839  1912  1912 D SubscriptionController: [getActiveSubInfoList] Sub Controller not ready
02-20 20:38:49.840  1912  1912 D SubscriptionController: [getActiveSubInfoList] Sub Controller not ready
02-20 20:38:49.840  1912  1912 I Telephony: PstnIncomingCallNotifier: Unregistering: Handler (com.android.internal.telephony.GsmCdmaPhone) {b588981}
02-20 20:38:49.841  1912  1912 E PhoneInterfaceManager: [PhoneIntfMgr] getIccId: No UICC
02-20 20:38:49.842  1656  2074 I BackupManagerService: Found stale backup journal, scheduling
02-20 20:38:49.853  1912  2192 D SmsBroadcastUndelivered: finished scanning raw table in 138 ms
02-20 20:38:49.853  1373  2219 D NuPlayerDriver: notifyListener_l(0xf5228d80), (1, 0, 0), loop setting(0, 0)
02-20 20:38:49.856  1656  2027 I Telecom : PhoneAccountRegistrar: [ComponentInfo{com.android.phone/com.android.services.telephony.TelephonyConnectionService}, [e0184adedf913b076626646d3f52c3b49c39ad6d], UserHandle{0}(icon: Icon(typ=BITMAP size=76x96) -> Icon(typ=BITMAP size=76x96))]: TSI.rPA@AAw
02-20 20:38:49.857  2193  2193 W System  : ClassLoader referenced unknown path: /system/priv-app/NexusLauncherPrebuilt/lib/x86_64
02-20 20:38:49.858  1656  2027 I Telecom : : Sending phone-account registered intent as user: TSI.rPA@AAw
02-20 20:38:49.858  1912  1912 I Telephony: AccountEntry: Registered phoneAccount: [[ ] PhoneAccount: ComponentInfo{com.android.phone/com.android.services.telephony.TelephonyConnectionService}, [e0184adedf913b076626646d3f52c3b49c39ad6d], UserHandle{0} Capabilities: CallProvider MultiUser PlaceEmerg SimSub  Schemes: tel voicemail  Extras: null GroupId: [da39a3ee5e6b4b0d3255bfef95601890afd80709]] with handle: ComponentInfo{com.android.phone/com.android.services.telephony.TelephonyConnectionService}, [e0184adedf913b076626646d3f52c3b49c39ad6d], UserHandle{0}
02-20 20:38:49.858  1912  1912 I Telephony: PstnIncomingCallNotifier: Registering: Handler (com.android.internal.telephony.GsmCdmaPhone) {b588981}
02-20 20:38:49.860  1912  1912 D SubscriptionInfoUpdater: [Receiver]+
02-20 20:38:49.860  1912  1912 D SubscriptionInfoUpdater: Action: android.intent.action.internal_sim_state_changed
02-20 20:38:49.860  1912  1912 D SubscriptionInfoUpdater: slotId: 0
02-20 20:38:49.860  1912  1912 D SubscriptionInfoUpdater: simStatus: LOADED
02-20 20:38:49.860  1912  1912 D SubscriptionInfoUpdater: [Receiver]-
02-20 20:38:49.860  1912  1912 D SubscriptionInfoUpdater: [Receiver]+
02-20 20:38:49.860  1912  1912 D SubscriptionInfoUpdater: Action: android.intent.action.SIM_STATE_CHANGED
02-20 20:38:49.860  1912  1912 D SubscriptionInfoUpdater: slotId: 0
02-20 20:38:49.860  1912  1912 D SubscriptionInfoUpdater: simStatus: IMSI
02-20 20:38:49.860  1912  1912 D SubscriptionInfoUpdater: Ignoring simStatus: IMSI
02-20 20:38:49.860  1912  1912 D SubscriptionInfoUpdater: [Receiver]-
02-20 20:38:49.860  1912  1912 E PhoneInterfaceManager: [PhoneIntfMgr] getIccId: No UICC
02-20 20:38:49.863  1656  2154 I Telecom : PhoneAccountRegistrar: [ComponentInfo{com.android.phone/com.android.services.telephony.TelephonyConnectionService}, [e0184adedf913b076626646d3f52c3b49c39ad6d], UserHandle{0}(icon: Icon(typ=BITMAP size=76x96) -> Icon(typ=BITMAP size=76x96))]: TSI.rPA@AA8
02-20 20:38:49.864  1373  2223 D NuPlayerDriver: notifyListener_l(0xf5228e40), (1, 0, 0), loop setting(0, 0)
02-20 20:38:49.864  1656  2154 I Telecom : : Sending phone-account registered intent as user: TSI.rPA@AA8
02-20 20:38:49.865  1912  1912 D SubscriptionInfoUpdater: handleSimStateLoadedInternal: slotId: 0
02-20 20:38:49.865  1912  1912 D SubscriptionInfoUpdater: All IccIds query complete
02-20 20:38:49.865  1912  1912 D SubscriptionInfoUpdater: updateSubscriptionInfoByIccId:+ Start
02-20 20:38:49.865  1912  1912 D SubscriptionController: [clearSubInfo]- no simInfo size=0
02-20 20:38:49.866  1912  1912 D SubscriptionInfoUpdater: insertedSimCount = 1
02-20 20:38:49.866  1912  1912 D SubscriptionController: [getSubInfoUsingSlotIdWithCheck]+ slotId:0
02-20 20:38:49.868  1912  1912 D SubscriptionController: [getPhoneId]- no sims, returning default phoneId=2147483647
02-20 20:38:49.868  1912  1912 D SubscriptionController: [getPhoneId]- no sims, returning default phoneId=2147483647
02-20 20:38:49.868  2131  2131 W System  : ClassLoader referenced unknown path: /system/app/PrebuiltDeskClockGoogle/lib/x86_64
02-20 20:38:49.868  1912  1912 D SubscriptionController: [getPhoneId]- no sims, returning default phoneId=2147483647
02-20 20:38:49.869  1912  1912 D SubscriptionController: [getSubInfoUsingSlotId]- null info return
02-20 20:38:49.869  1912  1912 D SubscriptionInfoUpdater: updateSubscriptionInfoByIccId: oldSubId = 1
02-20 20:38:49.869  1912  1912 D SubscriptionInfoUpdater: updateSubscriptionInfoByIccId: oldIccId[0] = 89014103211118510720, sIccId[0] = 89014103211118510720
02-20 20:38:49.869  1912  1912 D SubscriptionController: [addSubInfoRecord]+ iccId:89014103211118510720 slotId:0
02-20 20:38:49.869  1912  1940 D SubscriptionController: [getActiveSubInfoList] Sub Controller not ready
02-20 20:38:49.871  1912  1912 D SubscriptionController: [getActiveSubInfoList] Sub Controller not ready
02-20 20:38:49.871  1373  2225 D NuPlayerDriver: notifyListener_l(0xf52290e0), (1, 0, 0), loop setting(0, 0)
02-20 20:38:49.871  1912  1912 D SubscriptionController: [addSubInfoRecord] Record already exists
02-20 20:38:49.872  1366  1366 I CameraFlashlight: Opening camera 0
02-20 20:38:49.872  1366  1366 V EmulatedCamera_Camera: getCameraInfo
02-20 20:38:49.872  1366  1366 V EmulatedCamera_BaseCamera: getCameraInfo
02-20 20:38:49.872  1366  1366 V EmulatedCamera_Camera: connectCamera
02-20 20:38:49.872  1366  1366 V EmulatedCamera_FakeDevice: connectDevice
02-20 20:38:49.872  1366  1366 V EmulatedCamera_CallbackNotifier: setCallbacks: 0xed95ce80, 0xed95ced0, 0xed95cff0, 0xed95d110 (0xecd43320)
02-20 20:38:49.872  1366  1366 V EmulatedCamera_CallbackNotifier: enableMessage: msg_type = 0xc0d
02-20 20:38:49.872  1366  1366 V EmulatedCamera_CallbackNotifier:     CAMERA_MSG_ERROR
02-20 20:38:49.872  1366  1366 V EmulatedCamera_CallbackNotifier:     CAMERA_MSG_FOCUS
02-20 20:38:49.872  1366  1366 V EmulatedCamera_CallbackNotifier:     CAMERA_MSG_ZOOM
02-20 20:38:49.872  1366  1366 V EmulatedCamera_CallbackNotifier:     CAMERA_MSG_PREVIEW_METADATA
02-20 20:38:49.872  1366  1366 V EmulatedCamera_CallbackNotifier: **** Currently enabled messages:
02-20 20:38:49.872  1366  1366 V EmulatedCamera_CallbackNotifier:     CAMERA_MSG_ERROR
02-20 20:38:49.872  1366  1366 V EmulatedCamera_CallbackNotifier:     CAMERA_MSG_FOCUS
02-20 20:38:49.872  1366  1366 V EmulatedCamera_CallbackNotifier:     CAMERA_MSG_ZOOM
02-20 20:38:49.872  1366  1366 V EmulatedCamera_CallbackNotifier:     CAMERA_MSG_PREVIEW_METADATA
02-20 20:38:49.873  1366  1366 V EmulatedCamera_CallbackNotifier: disableMessage: msg_type = 0xffff
02-20 20:38:49.873  1366  1366 V EmulatedCamera_CallbackNotifier:     CAMERA_MSG_ERROR
02-20 20:38:49.873  1366  1366 V EmulatedCamera_CallbackNotifier:     CAMERA_MSG_SHUTTER
02-20 20:38:49.873  1366  1366 V EmulatedCamera_CallbackNotifier:     CAMERA_MSG_FOCUS
02-20 20:38:49.873  1366  1366 V EmulatedCamera_CallbackNotifier:     CAMERA_MSG_ZOOM
02-20 20:38:49.873  1366  1366 V EmulatedCamera_CallbackNotifier:     CAMERA_MSG_PREVIEW_FRAME
02-20 20:38:49.873  1366  1366 V EmulatedCamera_CallbackNotifier:     CAMERA_MSG_VIDEO_FRAME
02-20 20:38:49.873  1366  1366 V EmulatedCamera_CallbackNotifier:     CAMERA_MSG_POSTVIEW_FRAME
02-20 20:38:49.873  1366  1366 V EmulatedCamera_CallbackNotifier:     CAMERA_MSG_RAW_IMAGE
02-20 20:38:49.873  1366  1366 V EmulatedCamera_CallbackNotifier:     CAMERA_MSG_COMPRESSED_IMAGE
02-20 20:38:49.873  1366  1366 V EmulatedCamera_CallbackNotifier:     CAMERA_MSG_RAW_IMAGE_NOTIFY
02-20 20:38:49.873  1366  1366 V EmulatedCamera_CallbackNotifier:     CAMERA_MSG_PREVIEW_METADATA
02-20 20:38:49.873  1366  1366 V EmulatedCamera_CallbackNotifier: **** Currently enabled messages:
02-20 20:38:49.873  1366  1366 V EmulatedCamera_Preview: setPreviewWindow: current: 0x0 -> new: 0x0
02-20 20:38:49.873  1366  1366 V EmulatedCamera_Camera: doStopPreview
02-20 20:38:49.873  1366  1366 V EmulatedCamera_Camera: cancelPicture
02-20 20:38:49.873  1366  1366 V EmulatedCamera_Camera: releaseCamera
02-20 20:38:49.873  1366  1366 V EmulatedCamera_Camera: doStopPreview
02-20 20:38:49.873  1366  1366 V EmulatedCamera_FakeDevice: disconnectDevice
02-20 20:38:49.873  1366  1366 W EmulatedCamera_Device: Initialize: Emulated camera device is already initialized: mState = 1
02-20 20:38:49.873  1366  1366 D EmulatedCamera_FakeCamera: Initialize: Fake camera is facing back
02-20 20:38:49.873  1366  1366 V EmulatedCamera_Device: initializeWhiteBalanceModes with auto, 1.000000, 1.000000
02-20 20:38:49.873  1366  1366 V EmulatedCamera_Device: initializeWhiteBalanceModes with incandescent, 1.380000, 0.600000
02-20 20:38:49.873  1366  1366 V EmulatedCamera_Device: initializeWhiteBalanceModes with daylight, 1.090000, 0.920000
02-20 20:38:49.873  1366  1366 V EmulatedCamera_Device: initializeWhiteBalanceModes with twilight, 0.920000, 1.220000
02-20 20:38:49.873  1366  1366 V EmulatedCamera_Device: setWhiteBalanceMode with white balance auto
02-20 20:38:49.873  1366  1366 I CameraFlashlight: Destroying camera 0
02-20 20:38:49.873  1366  1366 V EmulatedCamera_Camera: closeCamera
02-20 20:38:49.873  1366  1366 V EmulatedCamera_Camera: doStopPreview
02-20 20:38:49.873  1366  1366 W EmulatedCamera_Device: Initialize: Emulated camera device is already initialized: mState = 1
02-20 20:38:49.873  1366  1366 D EmulatedCamera_FakeCamera: Initialize: Fake camera is facing back
02-20 20:38:49.873  1366  1366 V EmulatedCamera_Device: initializeWhiteBalanceModes with auto, 1.000000, 1.000000
02-20 20:38:49.873  1366  1366 V EmulatedCamera_Device: initializeWhiteBalanceModes with incandescent, 1.380000, 0.600000
02-20 20:38:49.873  1366  1366 V EmulatedCamera_Device: initializeWhiteBalanceModes with daylight, 1.090000, 0.920000
02-20 20:38:49.873  1366  1366 V EmulatedCamera_Device: initializeWhiteBalanceModes with twilight, 0.920000, 1.220000
02-20 20:38:49.873  1366  1366 V EmulatedCamera_Device: setWhiteBalanceMode with white balance auto
02-20 20:38:49.874  1366  1366 I CameraService: disconnect: Disconnected client for camera 0 for PID 1366
02-20 20:38:49.874  1912  1912 D SubscriptionController: [addSubInfoRecord] sSlotIdxToSubId.size=1 slotId=0 subId=1 defaultSubId=1 simCount=1
02-20 20:38:49.874  1373  1875 D NuPlayerDriver: reset(0xf5228d80) at state 4
02-20 20:38:49.874  1373  1875 D NuPlayerDriver: notifyListener_l(0xf5228d80), (8, 0, 0), loop setting(0, 0)
02-20 20:38:49.874  1912  1912 D SubscriptionController: [setDefaultFallbackSubId] subId=1
02-20 20:38:49.874  1373  2219 D NuPlayerDriver: notifyResetComplete(0xf5228d80)
02-20 20:38:49.875  1912  1912 D SubscriptionController: [setDefaultFallbackSubId] set mDefaultFallbackSubId=1
02-20 20:38:49.875  1912  1912 D MccTable: updateMccMncConfiguration mccmnc='310260' fromServiceState=false
02-20 20:38:49.879  1373  1410 D NuPlayerDriver: reset(0xf5228e40) at state 4
02-20 20:38:49.879  1373  1410 D NuPlayerDriver: notifyListener_l(0xf5228e40), (8, 0, 0), loop setting(0, 0)
02-20 20:38:49.879  1373  2223 D NuPlayerDriver: notifyResetComplete(0xf5228e40)
02-20 20:38:49.880  1912  1912 D MccTable: updateMccMncConfiguration defaultMccMnc=310260
02-20 20:38:49.880  1912  1912 D MccTable: updateMccMncConfiguration: mcc=310, mnc=260
02-20 20:38:49.880  1912  1912 D MccTable: updateMccMncConfiguration updateConfig config={1.0 310mcc260mnc ?localeList ?layoutDir ?swdp ?wdp ?hdp ?density ?lsize ?long ?orien ?uimode ?night ?touch ?keyb/?/? ?nav/?}
02-20 20:38:49.881  1373  1875 D NuPlayerDriver: reset(0xf52290e0) at state 4
02-20 20:38:49.881  1373  1875 D NuPlayerDriver: notifyListener_l(0xf52290e0), (8, 0, 0), loop setting(0, 0)
02-20 20:38:49.881  1373  2225 D NuPlayerDriver: notifyResetComplete(0xf52290e0)
02-20 20:38:49.887  1366  1706 V EmulatedCamera_Camera: getCameraInfo
02-20 20:38:49.887  1366  1706 V EmulatedCamera_BaseCamera: getCameraInfo
02-20 20:38:49.887  1366  1366 V EmulatedCamera_Camera: getCameraInfo
02-20 20:38:49.887  1366  1366 V EmulatedCamera_BaseCamera: getCameraInfo
02-20 20:38:49.889  2156  2156 I ContactsPerf: VoicemailContentProvider.onCreate start
02-20 20:38:49.890  1656  1656 I AccountManagerService: User 0 is unlocked - opening CE database
02-20 20:38:49.904  2156  2156 I ContactsPerf: VoicemailContentProvider.onCreate finish
02-20 20:38:49.906  1656  1747 I am_proc_start: [0,2229,1000,com.android.keychain,service,com.android.keychain/.KeyChainService]
02-20 20:38:49.906  1656  1747 I ActivityManager: Start proc 2229:com.android.keychain/1000 for service com.android.keychain/.KeyChainService
02-20 20:38:49.907  1912  1912 D SubscriptionController: [setDefaultFallbackSubId] broadcast default subId changed phoneId=0 subId=1
02-20 20:38:49.908  1912  1912 D SubscriptionController: [addSubInfoRecord] one sim set defaults to subId=1
02-20 20:38:49.908  1912  1912 D SubscriptionController: [setDefaultDataSubId] num phones=1, subId=1
02-20 20:38:49.908  1912  1912 D SubscriptionController: [setDefaultDataSubId] phoneId=0 subId=1 RAF=1
02-20 20:38:49.908  1912  1912 D ProxyController: setRadioCapability: Already in requested configuration, nothing to do.
02-20 20:38:49.908  1912  1912 D SubscriptionController: [updateAllDataConnectionTrackers] sPhones.length=1
02-20 20:38:49.909  1912  1912 D SubscriptionController: [updateAllDataConnectionTrackers] phoneId=0
02-20 20:38:49.909  1912  1912 D DCT     : [0]update sub = 1
02-20 20:38:49.909  1912  1912 D DCT     : [0]update(): Active DDS, register for all events now!
02-20 20:38:49.909  1912  1912 D DCT     : [0]New records found.
02-20 20:38:49.911  1912  1912 D SST     : mDeviceShuttingDown=false, mDesiredPowerState=true, getRadioState=RADIO_ON, mPowerOffDelayNeed=true, mAlarmSwitch=false, mRadioDisabledByCarrier=false
02-20 20:38:49.912  1912  1912 D GsmCdmaPhone: [GsmCdmaPhone] updateCurrentCarrierInProvider: mSubId = 1 currentDds = 1 operatorNumeric = 310260
02-20 20:38:49.919  2229  2229 W art     : Unexpected CPU variant for X86 using defaults: x86_64
02-20 20:38:49.921  2156  2156 W System  : ClassLoader referenced unknown path: /system/priv-app/BlockedNumberProvider/lib/x86_64
02-20 20:38:49.922  2156  2156 D ApplicationLoaders: ignored Vulkan layer search path /system/priv-app/BlockedNumberProvider/lib/x86_64:/system/lib64:/vendor/lib64 for namespace 0x78aa096b50f0
02-20 20:38:49.925  1765  1765 I StatusBar: isKeyguardShowing() called before startKeyguard(), returning true
02-20 20:38:49.925  1765  1765 W StatusBar: isKeyguardSecure() called before startKeyguard(), returning false
02-20 20:38:49.925  1765  1765 W StatusBar: java.lang.Throwable
02-20 20:38:49.925  1765  1765 W StatusBar: 	at com.android.systemui.statusbar.BaseStatusBar.isKeyguardSecure(BaseStatusBar.java:2647)
02-20 20:38:49.925  1765  1765 W StatusBar: 	at com.android.systemui.statusbar.BaseStatusBar.isCameraAllowedByAdmin(BaseStatusBar.java:2670)
02-20 20:38:49.925  1765  1765 W StatusBar: 	at com.android.systemui.statusbar.phone.KeyguardBottomAreaView.updateCameraVisibility(KeyguardBottomAreaView.java:309)
02-20 20:38:49.925  1765  1765 W StatusBar: 	at com.android.systemui.statusbar.phone.KeyguardBottomAreaView.setPhoneStatusBar(KeyguardBottomAreaView.java:272)
02-20 20:38:49.925  1765  1765 W StatusBar: 	at com.android.systemui.statusbar.phone.PhoneStatusBar.makeStatusBarView(PhoneStatusBar.java:904)
02-20 20:38:49.925  1765  1765 W StatusBar: 	at com.android.systemui.statusbar.phone.PhoneStatusBar.addStatusBarWindow(PhoneStatusBar.java:3432)
02-20 20:38:49.925  1765  1765 W StatusBar: 	at com.android.systemui.statusbar.phone.PhoneStatusBar.createAndAddWindows(PhoneStatusBar.java:3428)
02-20 20:38:49.925  1765  1765 W StatusBar: 	at com.android.systemui.statusbar.BaseStatusBar.start(BaseStatusBar.java:765)
02-20 20:38:49.925  1765  1765 W StatusBar: 	at com.android.systemui.statusbar.phone.PhoneStatusBar.start(PhoneStatusBar.java:686)
02-20 20:38:49.925  1765  1765 W StatusBar: 	at com.android.systemui.statusbar.SystemBars.createStatusBarFromConfig(SystemBars.java:106)
02-20 20:38:49.925  1765  1765 W StatusBar: 	at com.android.systemui.statusbar.SystemBars.onNoService(SystemBars.java:58)
02-20 20:38:49.925  1765  1765 W StatusBar: 	at com.android.systemui.statusbar.ServiceMonitor.startService(ServiceMonitor.java:230)
02-20 20:38:49.925  1765  1765 W StatusBar: 	at com.android.systemui.statusbar.ServiceMonitor.-wrap5(ServiceMonitor.java)
02-20 20:38:49.925  1765  1765 W StatusBar: 	at com.android.systemui.statusbar.ServiceMonitor$1.handleMessage(ServiceMonitor.java:73)
02-20 20:38:49.925  1765  1765 W StatusBar: 	at android.os.Handler.dispatchMessage(Handler.java:102)
02-20 20:38:49.925  1765  1765 W StatusBar: 	at android.os.Looper.loop(Looper.java:154)
02-20 20:38:49.925  1765  1765 W StatusBar: 	at android.app.ActivityThread.main(ActivityThread.java:6119)
02-20 20:38:49.925  1765  1765 W StatusBar: 	at java.lang.reflect.Method.invoke(Native Method)
02-20 20:38:49.925  1765  1765 W StatusBar: 	at com.android.internal.os.ZygoteInit$MethodAndArgsCaller.run(ZygoteInit.java:886)
02-20 20:38:49.925  1765  1765 W StatusBar: 	at com.android.internal.os.ZygoteInit.main(ZygoteInit.java:776)
02-20 20:38:49.926  1765  1765 I StatusBar: isKeyguardShowing() called before startKeyguard(), returning true
02-20 20:38:49.926  1765  1765 W StatusBar: isKeyguardSecure() called before startKeyguard(), returning false
02-20 20:38:49.926  1765  1765 W StatusBar: java.lang.Throwable
02-20 20:38:49.926  1765  1765 W StatusBar: 	at com.android.systemui.statusbar.BaseStatusBar.isKeyguardSecure(BaseStatusBar.java:2647)
02-20 20:38:49.926  1765  1765 W StatusBar: 	at com.android.systemui.statusbar.BaseStatusBar.isCameraAllowedByAdmin(BaseStatusBar.java:2670)
02-20 20:38:49.926  1765  1765 W StatusBar: 	at com.android.systemui.statusbar.phone.KeyguardBottomAreaView.updateCameraVisibility(KeyguardBottomAreaView.java:309)
02-20 20:38:49.926  1765  1765 W StatusBar: 	at com.android.systemui.statusbar.phone.KeyguardBottomAreaView.setUserSetupComplete(KeyguardBottomAreaView.java:281)
02-20 20:38:49.926  1765  1765 W StatusBar: 	at com.android.systemui.statusbar.phone.PhoneStatusBar.makeStatusBarView(PhoneStatusBar.java:905)
02-20 20:38:49.926  1765  1765 W StatusBar: 	at com.android.systemui.statusbar.phone.PhoneStatusBar.addStatusBarWindow(PhoneStatusBar.java:3432)
02-20 20:38:49.926  1765  1765 W StatusBar: 	at com.android.systemui.statusbar.phone.PhoneStatusBar.createAndAddWindows(PhoneStatusBar.java:3428)
02-20 20:38:49.926  1765  1765 W StatusBar: 	at com.android.systemui.statusbar.BaseStatusBar.start(BaseStatusBar.java:765)
02-20 20:38:49.926  1765  1765 W StatusBar: 	at com.android.systemui.statusbar.phone.PhoneStatusBar.start(PhoneStatusBar.java:686)
02-20 20:38:49.926  1765  1765 W StatusBar: 	at com.android.systemui.statusbar.SystemBars.createStatusBarFromConfig(SystemBars.java:106)
02-20 20:38:49.926  1765  1765 W StatusBar: 	at com.android.systemui.statusbar.SystemBars.onNoService(SystemBars.java:58)
02-20 20:38:49.926  1765  1765 W StatusBar: 	at com.android.systemui.statusbar.ServiceMonitor.startService(ServiceMonitor.java:230)
02-20 20:38:49.926  1765  1765 W StatusBar: 	at com.android.systemui.statusbar.ServiceMonitor.-wrap5(ServiceMonitor.java)
02-20 20:38:49.926  1765  1765 W StatusBar: 	at com.android.systemui.statusbar.ServiceMonitor$1.handleMessage(ServiceMonitor.java:73)
02-20 20:38:49.926  1765  1765 W StatusBar: 	at android.os.Handler.dispatchMessage(Handler.java:102)
02-20 20:38:49.926  1765  1765 W StatusBar: 	at android.os.Looper.loop(Looper.java:154)
02-20 20:38:49.926  1765  1765 W StatusBar: 	at android.app.ActivityThread.main(ActivityThread.java:6119)
02-20 20:38:49.926  1765  1765 W StatusBar: 	at java.lang.reflect.Method.invoke(Native Method)
02-20 20:38:49.926  1765  1765 W StatusBar: 	at com.android.internal.os.ZygoteInit$MethodAndArgsCaller.run(ZygoteInit.java:886)
02-20 20:38:49.926  1765  1765 W StatusBar: 	at com.android.internal.os.ZygoteInit.main(ZygoteInit.java:776)
02-20 20:38:49.942  1656  2154 I am_proc_bound: [0,2229,com.android.keychain]
02-20 20:38:49.945  1912  1912 D SubscriptionController: [broadcastDefaultDataSubIdChanged] subId=1
02-20 20:38:49.946  1912  1912 D SubscriptionController: [setDefaultSmsSubId] subId=1
02-20 20:38:49.949  1912  1912 D SubscriptionController: [broadcastDefaultSmsSubIdChanged] subId=1
02-20 20:38:49.953  1912  1912 D SubscriptionController: [setDefaultVoiceSubId] subId=1
02-20 20:38:49.954  1912  1912 D SubscriptionController: [broadcastDefaultVoiceSubIdChanged] subId=1
02-20 20:38:49.955  1912  1912 D SubscriptionController: [addSubInfoRecord] hashmap(0,1)
02-20 20:38:49.955  2156  2156 W System  : ClassLoader referenced unknown path: /system/app/UserDictionaryProvider/lib/x86_64
02-20 20:38:49.957  2156  2156 D ApplicationLoaders: ignored Vulkan layer search path /system/app/UserDictionaryProvider/lib/x86_64:/system/lib64:/vendor/lib64 for namespace 0x78aa096b5160
02-20 20:38:49.969  2193  2193 V Launcher: LauncherAppState inited
02-20 20:38:49.977  2229  2229 W System  : ClassLoader referenced unknown path: /system/app/KeyChain/lib/x86_64
02-20 20:38:49.981  1912  1912 D SubscriptionController: [addSubInfoRecord] sim name = Android
02-20 20:38:49.981  1912  1912 D DCT     : [0]update sub = 1
02-20 20:38:49.981  1912  1912 D DCT     : [0]update(): Active DDS, register for all events now!
02-20 20:38:49.981  1912  1912 D GsmCdmaPhone: [GsmCdmaPhone] updateCurrentCarrierInProvider: mSubId = 1 currentDds = 1 operatorNumeric = 310260
02-20 20:38:49.992  1912  1912 D SubscriptionController: [addSubInfoRecord]- info size=1
02-20 20:38:49.992  1912  1912 D SubscriptionInfoUpdater: newSim = false
02-20 20:38:49.992  1912  1912 D SubscriptionInfoUpdater: updateSubscriptionInfoByIccId: sInsertSimState[0] = 0
02-20 20:38:49.996  1912  1912 D SubscriptionInfoUpdater: updateSubscriptionInfoByIccId: nSubCount = 1
02-20 20:38:49.996  1912  1912 D SubscriptionController: [setDefaultDataSubId] num phones=1, subId=1
02-20 20:38:49.997  1912  1912 D SubscriptionController: [setDefaultDataSubId] phoneId=0 subId=1 RAF=1
02-20 20:38:49.997  1912  1912 D ProxyController: setRadioCapability: Already in requested configuration, nothing to do.
02-20 20:38:49.997  1912  1912 D SubscriptionController: [updateAllDataConnectionTrackers] sPhones.length=1
02-20 20:38:49.997  1912  1912 D SubscriptionController: [updateAllDataConnectionTrackers] phoneId=0
02-20 20:38:49.997  1912  1912 D DCT     : [0]update sub = 1
02-20 20:38:49.999  1912  1912 D DCT     : [0]update(): Active DDS, register for all events now!
02-20 20:38:49.999  1912  1912 D GsmCdmaPhone: [GsmCdmaPhone] updateCurrentCarrierInProvider: mSubId = 1 currentDds = 1 operatorNumeric = 310260
02-20 20:38:50.000  1656  1692 W WindowManager: Keyguard drawn timeout. Setting mKeyguardDrawComplete
02-20 20:38:50.015  1656  2027 I dvm_lock_sample: [system_server,1,Binder:1656_6,71,RegisteredServicesCache.java,338,AssetManager.java,-2,14]
02-20 20:38:50.051  1912  1940 D SubscriptionController: [getPhoneId] asked for default subId=1
02-20 20:38:50.123  1366  2217 V EmulatedCamera_Camera: getCameraInfo
02-20 20:38:50.123  1366  2217 V EmulatedCamera_BaseCamera: getCameraInfo
02-20 20:38:50.123  1366  1706 V EmulatedCamera_Camera: getCameraInfo
02-20 20:38:50.123  1366  1706 V EmulatedCamera_BaseCamera: getCameraInfo
02-20 20:38:50.136  1912  1912 D SubscriptionController: [broadcastDefaultDataSubIdChanged] subId=1
02-20 20:38:50.137  1912  1912 D SubscriptionController: notifySubscriptionInfoChanged:
02-20 20:38:50.138  1912  1940 D SubscriptionMonitor: Phone[0] subId changed -2->1, 1 registrants
02-20 20:38:50.138  1912  1940 D SubscriptionMonitor: mDefaultDataSubId = 1, 1 registrants
02-20 20:38:50.138  1912  1912 D SubscriptionInfoUpdater: updateSubscriptionInfoByIccId:- SsubscriptionInfo update complete
02-20 20:38:50.139  1912  1912 D MccTable: updateMccMncConfiguration mccmnc='310260' fromServiceState=false
02-20 20:38:50.139  1912  1912 D MccTable: updateMccMncConfiguration defaultMccMnc=310260
02-20 20:38:50.139  1912  1912 D MccTable: updateMccMncConfiguration: mcc=310, mnc=260
02-20 20:38:50.139  1912  1912 D MccTable: updateMccMncConfiguration updateConfig config={1.0 310mcc260mnc ?localeList ?layoutDir ?swdp ?wdp ?hdp ?density ?lsize ?long ?orien ?uimode ?night ?touch ?keyb/?/? ?nav/?}
02-20 20:38:50.140  1912  1912 D SubscriptionController: [setMccMnc]+ mcc/mnc:310/260 subId:1
02-20 20:38:50.198  1912  1912 D SubscriptionController: notifySubscriptionInfoChanged:
02-20 20:38:50.233  1656  2027 I am_proc_start: [0,2253,10029,com.google.android.googlequicksearchbox:search,service,com.google.android.googlequicksearchbox/com.google.android.apps.gsa.nowoverlayservice.DrawerOverlayService]
02-20 20:38:50.233  1656  2027 I ActivityManager: Start proc 2253:com.google.android.googlequicksearchbox:search/u0a29 for service com.google.android.googlequicksearchbox/com.google.android.apps.gsa.nowoverlayservice.DrawerOverlayService
02-20 20:38:50.247  2253  2253 W art     : Unexpected CPU variant for X86 using defaults: x86
02-20 20:38:50.251  2193  2193 I am_on_resume_called: [0,com.google.android.apps.nexuslauncher.NexusLauncherActivity,LAUNCH_ACTIVITY]
02-20 20:38:50.258  1312  1994 E SurfaceFlinger: ro.sf.lcd_density must be defined as a build property
02-20 20:38:50.261  2193  2193 D         : HostConnection::get() New Host Connection established 0x78a9eb045060, tid 2193
02-20 20:38:50.262  1765  1765 I StatusBar: isKeyguardShowing() called before startKeyguard(), returning true
02-20 20:38:50.263  1765  1765 W StatusBar: isKeyguardSecure() called before startKeyguard(), returning false
02-20 20:38:50.263  1765  1765 W StatusBar: java.lang.Throwable
