02-20 20:38:42.475  1363  1363 I art     : VMRuntime.preloadDexCaches strings total=283712 before=39625 after=39625
02-20 20:38:42.475  1363  1363 I art     : VMRuntime.preloadDexCaches types total=23581 before=7877 after=7904
02-20 20:38:42.475  1363  1363 I art     : VMRuntime.preloadDexCaches fields total=112007 before=40903 after=41117
02-20 20:38:42.475  1363  1363 I art     : VMRuntime.preloadDexCaches methods total=197534 before=82457 after=83017
02-20 20:38:42.475  1363  1363 I art     : VMRuntime.preloadDexCaches finished
02-20 20:38:42.478  1363  1466 I art     : Background sticky concurrent mark sweep GC freed 14910(948KB) AllocSpace objects, 0(0B) LOS objects, 37% free, 1554KB/2MB, paused 31us total 140.140ms
02-20 20:38:42.478  1363  1363 I Zygote  : Preloading resources...
02-20 20:38:42.579  1364  1364 I System  : Loaded time zone names for "" in 38ms (37ms in ICU)
02-20 20:38:42.587  1363  1363 W Resources: Preloaded drawable resource #0x108025c (android:drawable/dialog_background_material) that varies with configuration!!
02-20 20:38:42.588  1363  1363 W Resources: Preloaded drawable resource #0x1080298 (android:drawable/editbox_dropdown_background_dark) that varies with configuration!!
02-20 20:38:42.590  1364  1364 I System  : Loaded time zone names for "en_US" in 11ms (10ms in ICU)
02-20 20:38:42.604  1363  1363 W Resources: Preloaded color resource #0x10600e2 (android:color/material_grey_800) that varies with configuration!!
02-20 20:38:42.604  1363  1363 W Resources: Preloaded drawable resource #0x10802c9 (android:drawable/floating_popup_background_dark) that varies with configuration!!
02-20 20:38:42.628  1364  1364 I Zygote  : ...preloaded 4158 classes in 698ms.
02-20 20:38:42.629  1364  1364 I art     : VMRuntime.preloadDexCaches starting
02-20 20:38:42.652  1363  1363 W Resources: Preloaded drawable resource #0x108030b (android:drawable/ic_clear_disabled) that varies with configuration!!
02-20 20:38:42.653  1363  1363 W Resources: Preloaded drawable resource #0x1080310 (android:drawable/ic_clear_normal) that varies with configuration!!
02-20 20:38:42.674  1363  1363 W Resources: Preloaded drawable resource #0x1080359 (android:drawable/ic_go) that varies with configuration!!
02-20 20:38:42.688  1363  1363 W Resources: Preloaded drawable resource #0x1080038 (android:drawable/ic_menu_close_clear_cancel) that varies with configuration!!
02-20 20:38:42.690  1363  1363 W Resources: Preloaded drawable resource #0x1080045 (android:drawable/ic_menu_more) that varies with configuration!!
02-20 20:38:42.704  1363  1363 W Resources: Preloaded drawable resource #0x10804e8 (android:drawable/menu_background_fill_parent_width) that varies with configuration!!
02-20 20:38:42.744  1364  1364 I art     : VMRuntime.preloadDexCaches strings total=283712 before=39625 after=39625
02-20 20:38:42.744  1364  1364 I art     : VMRuntime.preloadDexCaches types total=23581 before=7877 after=7904
02-20 20:38:42.744  1364  1364 I art     : VMRuntime.preloadDexCaches fields total=112007 before=40903 after=41117
02-20 20:38:42.744  1364  1364 I art     : VMRuntime.preloadDexCaches methods total=197534 before=82457 after=83017
02-20 20:38:42.744  1364  1364 I art     : VMRuntime.preloadDexCaches finished
02-20 20:38:42.744  1364  1364 I Zygote  : Preloading resources...
02-20 20:38:42.791  1374  1374 V NatController: runCmd(/system/bin/iptables -w -F natctrl_FORWARD) res=0
02-20 20:38:42.800  1374  1374 V NatController: runCmd(/system/bin/ip6tables -w -F natctrl_FORWARD) res=0
02-20 20:38:42.811  1364  1364 W Resources: Preloaded drawable resource #0x108025c (android:drawable/dialog_background_material) that varies with configuration!!
02-20 20:38:42.814  1363  1363 W Resources: Preloaded drawable resource #0x108077e (android:drawable/text_edit_paste_window) that varies with configuration!!
02-20 20:38:42.818  1374  1374 V NatController: runCmd(/system/bin/iptables -w -A natctrl_FORWARD -j DROP) res=0
02-20 20:38:42.823  1364  1364 W Resources: Preloaded drawable resource #0x1080298 (android:drawable/editbox_dropdown_background_dark) that varies with configuration!!
02-20 20:38:42.826  1364  1364 W Resources: Preloaded color resource #0x10600e2 (android:color/material_grey_800) that varies with configuration!!
02-20 20:38:42.826  1364  1364 W Resources: Preloaded drawable resource #0x10802c9 (android:drawable/floating_popup_background_dark) that varies with configuration!!
02-20 20:38:42.832  1363  1363 W Resources: Preloaded drawable resource #0x1080096 (android:drawable/toast_frame) that varies with configuration!!
02-20 20:38:42.832  1363  1363 I Zygote  : ...preloaded 114 resources in 354ms.
02-20 20:38:42.836  1363  1363 W Resources: Preloaded color resource #0x106010b (android:color/background_cache_hint_selector_material_dark) that varies with configuration!!
02-20 20:38:42.837  1363  1363 W Resources: Preloaded color resource #0x1060110 (android:color/btn_default_material_dark) that varies with configuration!!
02-20 20:38:42.837  1363  1363 I Zygote  : ...preloaded 41 resources in 5ms.
02-20 20:38:42.837  1363  1363 D libEGL  : Emulator has host GPU support, qemu.gles is set to 1.
02-20 20:38:42.841  1374  1374 V NatController: runCmd(/system/bin/iptables -w -t nat -F natctrl_nat_POSTROUTING) res=0
02-20 20:38:42.848  1363  1363 E libEGL  : load_driver(/system/lib64/egl/libGLES_emulation.so): dlopen failed: library "/system/lib64/egl/libGLES_emulation.so" not found
02-20 20:38:42.849  1363  1363 D libEGL  : loaded /system/lib64/egl/libEGL_emulation.so
02-20 20:38:42.850  1363  1363 D libEGL  : loaded /system/lib64/egl/libGLESv1_CM_emulation.so
02-20 20:38:42.851  1374  1374 V NatController: runCmd(/system/bin/ip6tables -w -t raw -F natctrl_raw_PREROUTING) res=0
02-20 20:38:42.857  1363  1363 D libEGL  : loaded /system/lib64/egl/libGLESv2_emulation.so
02-20 20:38:42.861  1374  1374 V NatController: runCmd(/system/bin/iptables -w -F natctrl_tether_counters) res=1
02-20 20:38:42.863  1364  1364 W Resources: Preloaded drawable resource #0x108030b (android:drawable/ic_clear_disabled) that varies with configuration!!
02-20 20:38:42.864  1364  1364 W Resources: Preloaded drawable resource #0x1080310 (android:drawable/ic_clear_normal) that varies with configuration!!
02-20 20:38:42.866  1364  1364 W Resources: Preloaded drawable resource #0x1080359 (android:drawable/ic_go) that varies with configuration!!
02-20 20:38:42.872  1363  1363 I Zygote  : Preloading shared libraries...
02-20 20:38:42.875  1364  1364 W Resources: Preloaded drawable resource #0x1080038 (android:drawable/ic_menu_close_clear_cancel) that varies with configuration!!
02-20 20:38:42.878  1364  1364 W Resources: Preloaded drawable resource #0x1080045 (android:drawable/ic_menu_more) that varies with configuration!!
02-20 20:38:42.879  1363  1363 E Hyphenator: error loading hyphenation /system/usr/hyphen-data/hyph-as.hyb
02-20 20:38:42.879  1363  1363 E Hyphenator: java.io.FileNotFoundException: /system/usr/hyphen-data/hyph-as.hyb: open failed: ENOENT (No such file or directory)
02-20 20:38:42.879  1363  1363 E Hyphenator: 	at libcore.io.IoBridge.open(IoBridge.java:455)
02-20 20:38:42.879  1363  1363 E Hyphenator: 	at java.io.RandomAccessFile.<init>(RandomAccessFile.java:247)
02-20 20:38:42.879  1363  1363 E Hyphenator: 	at android.text.Hyphenator.loadHyphenator(Hyphenator.java:118)
02-20 20:38:42.879  1363  1363 E Hyphenator: 	at android.text.Hyphenator.init(Hyphenator.java:224)
02-20 20:38:42.879  1363  1363 E Hyphenator: 	at com.android.internal.os.ZygoteInit.preloadTextResources(ZygoteInit.java:252)
02-20 20:38:42.879  1363  1363 E Hyphenator: 	at com.android.internal.os.ZygoteInit.preload(ZygoteInit.java:206)
02-20 20:38:42.879  1363  1363 E Hyphenator: 	at com.android.internal.os.ZygoteInit.main(ZygoteInit.java:743)
02-20 20:38:42.879  1363  1363 E Hyphenator: Caused by: android.system.ErrnoException: open failed: ENOENT (No such file or directory)
02-20 20:38:42.879  1363  1363 E Hyphenator: 	at libcore.io.Posix.open(Native Method)
02-20 20:38:42.879  1363  1363 E Hyphenator: 	at libcore.io.BlockGuardOs.open(BlockGuardOs.java:187)
02-20 20:38:42.879  1363  1363 E Hyphenator: 	at libcore.io.IoBridge.open(IoBridge.java:441)
02-20 20:38:42.879  1363  1363 E Hyphenator: 	... 6 more
02-20 20:38:42.879  1363  1363 E Hyphenator: error loading hyphenation /system/usr/hyphen-data/hyph-bn.hyb
02-20 20:38:42.879  1363  1363 E Hyphenator: java.io.FileNotFoundException: /system/usr/hyphen-data/hyph-bn.hyb: open failed: ENOENT (No such file or directory)
02-20 20:38:42.879  1363  1363 E Hyphenator: 	at libcore.io.IoBridge.open(IoBridge.java:455)
02-20 20:38:42.879  1363  1363 E Hyphenator: 	at java.io.RandomAccessFile.<init>(RandomAccessFile.java:247)
02-20 20:38:42.879  1363  1363 E Hyphenator: 	at android.text.Hyphenator.loadHyphenator(Hyphenator.java:118)
02-20 20:38:42.879  1363  1363 E Hyphenator: 	at android.text.Hyphenator.init(Hyphenator.java:224)
02-20 20:38:42.879  1363  1363 E Hyphenator: 	at com.android.internal.os.ZygoteInit.preloadTextResources(ZygoteInit.java:252)
02-20 20:38:42.879  1363  1363 E Hyphenator: 	at com.android.internal.os.ZygoteInit.preload(ZygoteInit.java:206)
02-20 20:38:42.879  1363  1363 E Hyphenator: 	at com.android.internal.os.ZygoteInit.main(ZygoteInit.java:743)
02-20 20:38:42.879  1363  1363 E Hyphenator: Caused by: android.system.ErrnoException: open failed: ENOENT (No such file or directory)
02-20 20:38:42.879  1363  1363 E Hyphenator: 	at libcore.io.Posix.open(Native Method)
02-20 20:38:42.879  1363  1363 E Hyphenator: 	at libcore.io.BlockGuardOs.open(BlockGuardOs.java:187)
02-20 20:38:42.879  1363  1363 E Hyphenator: 	at libcore.io.IoBridge.open(IoBridge.java:441)
02-20 20:38:42.879  1363  1363 E Hyphenator: 	... 6 more
02-20 20:38:42.879  1363  1363 E Hyphenator: error loading hyphenation /system/usr/hyphen-data/hyph-cy.hyb
02-20 20:38:42.879  1363  1363 E Hyphenator: java.io.FileNotFoundException: /system/usr/hyphen-data/hyph-cy.hyb: open failed: ENOENT (No such file or directory)
02-20 20:38:42.879  1363  1363 E Hyphenator: 	at libcore.io.IoBridge.open(IoBridge.java:455)
02-20 20:38:42.879  1363  1363 E Hyphenator: 	at java.io.RandomAccessFile.<init>(RandomAccessFile.java:247)
02-20 20:38:42.879  1363  1363 E Hyphenator: 	at android.text.Hyphenator.loadHyphenator(Hyphenator.java:118)
02-20 20:38:42.879  1363  1363 E Hyphenator: 	at android.text.Hyphenator.init(Hyphenator.java:224)
02-20 20:38:42.879  1363  1363 E Hyphenator: 	at com.android.internal.os.ZygoteInit.preloadTextResources(ZygoteInit.java:252)
02-20 20:38:42.879  1363  1363 E Hyphenator: 	at com.android.internal.os.ZygoteInit.preload(ZygoteInit.java:206)
02-20 20:38:42.879  1363  1363 E Hyphenator: 	at com.android.internal.os.ZygoteInit.main(ZygoteInit.java:743)
02-20 20:38:42.879  1363  1363 E Hyphenator: Caused by: android.system.ErrnoException: open failed: ENOENT (No such file or directory)
02-20 20:38:42.879  1363  1363 E Hyphenator: 	at libcore.io.Posix.open(Native Method)
02-20 20:38:42.879  1363  1363 E Hyphenator: 	at libcore.io.BlockGuardOs.open(BlockGuardOs.java:187)
02-20 20:38:42.879  1363  1363 E Hyphenator: 	at libcore.io.IoBridge.open(IoBridge.java:441)
02-20 20:38:42.879  1363  1363 E Hyphenator: 	... 6 more
02-20 20:38:42.880  1363  1363 E Hyphenator: error loading hyphenation /system/usr/hyphen-data/hyph-da.hyb
02-20 20:38:42.880  1363  1363 E Hyphenator: java.io.FileNotFoundException: /system/usr/hyphen-data/hyph-da.hyb: open failed: ENOENT (No such file or directory)
02-20 20:38:42.880  1363  1363 E Hyphenator: 	at libcore.io.IoBridge.open(IoBridge.java:455)
02-20 20:38:42.880  1363  1363 E Hyphenator: 	at java.io.RandomAccessFile.<init>(RandomAccessFile.java:247)
02-20 20:38:42.880  1363  1363 E Hyphenator: 	at android.text.Hyphenator.loadHyphenator(Hyphenator.java:118)
02-20 20:38:42.880  1363  1363 E Hyphenator: 	at android.text.Hyphenator.init(Hyphenator.java:224)
02-20 20:38:42.880  1363  1363 E Hyphenator: 	at com.android.internal.os.ZygoteInit.preloadTextResources(ZygoteInit.java:252)
02-20 20:38:42.880  1363  1363 E Hyphenator: 	at com.android.internal.os.ZygoteInit.preload(ZygoteInit.java:206)
02-20 20:38:42.880  1363  1363 E Hyphenator: 	at com.android.internal.os.ZygoteInit.main(ZygoteInit.java:743)
02-20 20:38:42.880  1363  1363 E Hyphenator: Caused by: android.system.ErrnoException: open failed: ENOENT (No such file or directory)
02-20 20:38:42.880  1363  1363 E Hyphenator: 	at libcore.io.Posix.open(Native Method)
02-20 20:38:42.880  1363  1363 E Hyphenator: 	at libcore.io.BlockGuardOs.open(BlockGuardOs.java:187)
02-20 20:38:42.880  1363  1363 E Hyphenator: 	at libcore.io.IoBridge.open(IoBridge.java:441)
02-20 20:38:42.880  1363  1363 E Hyphenator: 	... 6 more
02-20 20:38:42.880  1363  1363 E Hyphenator: error loading hyphenation /system/usr/hyphen-data/hyph-de-1901.hyb
02-20 20:38:42.880  1363  1363 E Hyphenator: java.io.FileNotFoundException: /system/usr/hyphen-data/hyph-de-1901.hyb: open failed: ENOENT (No such file or directory)
02-20 20:38:42.880  1363  1363 E Hyphenator: 	at libcore.io.IoBridge.open(IoBridge.java:455)
02-20 20:38:42.880  1363  1363 E Hyphenator: 	at java.io.RandomAccessFile.<init>(RandomAccessFile.java:247)
02-20 20:38:42.880  1363  1363 E Hyphenator: 	at android.text.Hyphenator.loadHyphenator(Hyphenator.java:118)
02-20 20:38:42.880  1363  1363 E Hyphenator: 	at android.text.Hyphenator.init(Hyphenator.java:224)
02-20 20:38:42.880  1363  1363 E Hyphenator: 	at com.android.internal.os.ZygoteInit.preloadTextResources(ZygoteInit.java:252)
02-20 20:38:42.880  1363  1363 E Hyphenator: 	at com.android.internal.os.ZygoteInit.preload(ZygoteInit.java:206)
02-20 20:38:42.880  1363  1363 E Hyphenator: 	at com.android.internal.os.ZygoteInit.main(ZygoteInit.java:743)
02-20 20:38:42.880  1363  1363 E Hyphenator: Caused by: android.system.ErrnoException: open failed: ENOENT (No such file or directory)
02-20 20:38:42.880  1363  1363 E Hyphenator: 	at libcore.io.Posix.open(Native Method)
02-20 20:38:42.880  1363  1363 E Hyphenator: 	at libcore.io.BlockGuardOs.open(BlockGuardOs.java:187)
02-20 20:38:42.880  1363  1363 E Hyphenator: 	at libcore.io.IoBridge.open(IoBridge.java:441)
02-20 20:38:42.880  1363  1363 E Hyphenator: 	... 6 more
02-20 20:38:42.880  1363  1363 E Hyphenator: error loading hyphenation /system/usr/hyphen-data/hyph-de-1996.hyb
02-20 20:38:42.880  1363  1363 E Hyphenator: java.io.FileNotFoundException: /system/usr/hyphen-data/hyph-de-1996.hyb: open failed: ENOENT (No such file or directory)
02-20 20:38:42.880  1363  1363 E Hyphenator: 	at libcore.io.IoBridge.open(IoBridge.java:455)
02-20 20:38:42.880  1363  1363 E Hyphenator: 	at java.io.RandomAccessFile.<init>(RandomAccessFile.java:247)
02-20 20:38:42.880  1363  1363 E Hyphenator: 	at android.text.Hyphenator.loadHyphenator(Hyphenator.java:118)
02-20 20:38:42.880  1363  1363 E Hyphenator: 	at android.text.Hyphenator.init(Hyphenator.java:224)
02-20 20:38:42.880  1363  1363 E Hyphenator: 	at com.android.internal.os.ZygoteInit.preloadTextResources(ZygoteInit.java:252)
02-20 20:38:42.880  1363  1363 E Hyphenator: 	at com.android.internal.os.ZygoteInit.preload(ZygoteInit.java:206)
02-20 20:38:42.880  1363  1363 E Hyphenator: 	at com.android.internal.os.ZygoteInit.main(ZygoteInit.java:743)
02-20 20:38:42.880  1363  1363 E Hyphenator: Caused by: android.system.ErrnoException: open failed: ENOENT (No such file or directory)
02-20 20:38:42.880  1363  1363 E Hyphenator: 	at libcore.io.Posix.open(Native Method)
02-20 20:38:42.880  1363  1363 E Hyphenator: 	at libcore.io.BlockGuardOs.open(BlockGuardOs.java:187)
02-20 20:38:42.880  1363  1363 E Hyphenator: 	at libcore.io.IoBridge.open(IoBridge.java:441)
02-20 20:38:42.880  1363  1363 E Hyphenator: 	... 6 more
02-20 20:38:42.880  1363  1363 E Hyphenator: error loading hyphenation /system/usr/hyphen-data/hyph-de-ch-1901.hyb
02-20 20:38:42.880  1363  1363 E Hyphenator: java.io.FileNotFoundException: /system/usr/hyphen-data/hyph-de-ch-1901.hyb: open failed: ENOENT (No such file or directory)
02-20 20:38:42.880  1363  1363 E Hyphenator: 	at libcore.io.IoBridge.open(IoBridge.java:455)
02-20 20:38:42.880  1363  1363 E Hyphenator: 	at java.io.RandomAccessFile.<init>(RandomAccessFile.java:247)
02-20 20:38:42.880  1363  1363 E Hyphenator: 	at android.text.Hyphenator.loadHyphenator(Hyphenator.java:118)
02-20 20:38:42.880  1363  1363 E Hyphenator: 	at android.text.Hyphenator.init(Hyphenator.java:224)
02-20 20:38:42.880  1363  1363 E Hyphenator: 	at com.android.internal.os.ZygoteInit.preloadTextResources(ZygoteInit.java:252)
02-20 20:38:42.880  1363  1363 E Hyphenator: 	at com.android.internal.os.ZygoteInit.preload(ZygoteInit.java:206)
02-20 20:38:42.880  1363  1363 E Hyphenator: 	at com.android.internal.os.ZygoteInit.main(ZygoteInit.java:743)
02-20 20:38:42.880  1363  1363 E Hyphenator: Caused by: android.system.ErrnoException: open failed: ENOENT (No such file or directory)
02-20 20:38:42.880  1363  1363 E Hyphenator: 	at libcore.io.Posix.open(Native Method)
02-20 20:38:42.880  1363  1363 E Hyphenator: 	at libcore.io.BlockGuardOs.open(BlockGuardOs.java:187)
02-20 20:38:42.880  1363  1363 E Hyphenator: 	at libcore.io.IoBridge.open(IoBridge.java:441)
02-20 20:38:42.880  1363  1363 E Hyphenator: 	... 6 more
02-20 20:38:42.880  1363  1363 E Hyphenator: error loading hyphenation /system/usr/hyphen-data/hyph-en-gb.hyb
02-20 20:38:42.880  1363  1363 E Hyphenator: java.io.FileNotFoundException: /system/usr/hyphen-data/hyph-en-gb.hyb: open failed: ENOENT (No such file or directory)
02-20 20:38:42.880  1363  1363 E Hyphenator: 	at libcore.io.IoBridge.open(IoBridge.java:455)
02-20 20:38:42.880  1363  1363 E Hyphenator: 	at java.io.RandomAccessFile.<init>(RandomAccessFile.java:247)
02-20 20:38:42.880  1363  1363 E Hyphenator: 	at android.text.Hyphenator.loadHyphenator(Hyphenator.java:118)
02-20 20:38:42.880  1363  1363 E Hyphenator: 	at android.text.Hyphenator.init(Hyphenator.java:224)
02-20 20:38:42.880  1363  1363 E Hyphenator: 	at com.android.internal.os.ZygoteInit.preloadTextResources(ZygoteInit.java:252)
02-20 20:38:42.880  1363  1363 E Hyphenator: 	at com.android.internal.os.ZygoteInit.preload(ZygoteInit.java:206)
02-20 20:38:42.880  1363  1363 E Hyphenator: 	at com.android.internal.os.ZygoteInit.main(ZygoteInit.java:743)
02-20 20:38:42.880  1363  1363 E Hyphenator: Caused by: android.system.ErrnoException: open failed: ENOENT (No such file or directory)
02-20 20:38:42.880  1363  1363 E Hyphenator: 	at libcore.io.Posix.open(Native Method)
02-20 20:38:42.880  1363  1363 E Hyphenator: 	at libcore.io.BlockGuardOs.open(BlockGuardOs.java:187)
02-20 20:38:42.880  1363  1363 E Hyphenator: 	at libcore.io.IoBridge.open(IoBridge.java:441)
02-20 20:38:42.880  1363  1363 E Hyphenator: 	... 6 more
02-20 20:38:42.880  1363  1363 E Hyphenator: error loading hyphenation /system/usr/hyphen-data/hyph-en-us.hyb
02-20 20:38:42.880  1363  1363 E Hyphenator: java.io.FileNotFoundException: /system/usr/hyphen-data/hyph-en-us.hyb: open failed: ENOENT (No such file or directory)
02-20 20:38:42.880  1363  1363 E Hyphenator: 	at libcore.io.IoBridge.open(IoBridge.java:455)
02-20 20:38:42.880  1363  1363 E Hyphenator: 	at java.io.RandomAccessFile.<init>(RandomAccessFile.java:247)
02-20 20:38:42.880  1363  1363 E Hyphenator: 	at android.text.Hyphenator.loadHyphenator(Hyphenator.java:118)
02-20 20:38:42.880  1363  1363 E Hyphenator: 	at android.text.Hyphenator.init(Hyphenator.java:224)
02-20 20:38:42.880  1363  1363 E Hyphenator: 	at com.android.internal.os.ZygoteInit.preloadTextResources(ZygoteInit.java:252)
02-20 20:38:42.880  1363  1363 E Hyphenator: 	at com.android.internal.os.ZygoteInit.preload(ZygoteInit.java:206)
02-20 20:38:42.880  1363  1363 E Hyphenator: 	at com.android.internal.os.ZygoteInit.main(ZygoteInit.java:743)
02-20 20:38:42.880  1363  1363 E Hyphenator: Caused by: android.system.ErrnoException: open failed: ENOENT (No such file or directory)
02-20 20:38:42.880  1363  1363 E Hyphenator: 	at libcore.io.Posix.open(Native Method)
02-20 20:38:42.880  1363  1363 E Hyphenator: 	at libcore.io.BlockGuardOs.open(BlockGuardOs.java:187)
02-20 20:38:42.880  1363  1363 E Hyphenator: 	at libcore.io.IoBridge.open(IoBridge.java:441)
02-20 20:38:42.880  1363  1363 E Hyphenator: 	... 6 more
02-20 20:38:42.880  1363  1363 E Hyphenator: error loading hyphenation /system/usr/hyphen-data/hyph-es.hyb
02-20 20:38:42.880  1363  1363 E Hyphenator: java.io.FileNotFoundException: /system/usr/hyphen-data/hyph-es.hyb: open failed: ENOENT (No such file or directory)
02-20 20:38:42.880  1363  1363 E Hyphenator: 	at libcore.io.IoBridge.open(IoBridge.java:455)
02-20 20:38:42.880  1363  1363 E Hyphenator: 	at java.io.RandomAccessFile.<init>(RandomAccessFile.java:247)
02-20 20:38:42.880  1363  1363 E Hyphenator: 	at android.text.Hyphenator.loadHyphenator(Hyphenator.java:118)
02-20 20:38:42.880  1363  1363 E Hyphenator: 	at android.text.Hyphenator.init(Hyphenator.java:224)
02-20 20:38:42.880  1363  1363 E Hyphenator: 	at com.android.internal.os.ZygoteInit.preloadTextResources(ZygoteInit.java:252)
02-20 20:38:42.880  1363  1363 E Hyphenator: 	at com.android.internal.os.ZygoteInit.preload(ZygoteInit.java:206)
02-20 20:38:42.880  1363  1363 E Hyphenator: 	at com.android.internal.os.ZygoteInit.main(ZygoteInit.java:743)
02-20 20:38:42.880  1363  1363 E Hyphenator: Caused by: android.system.ErrnoException: open failed: ENOENT (No such file or directory)
02-20 20:38:42.880  1363  1363 E Hyphenator: 	at libcore.io.Posix.open(Native Method)
02-20 20:38:42.880  1363  1363 E Hyphenator: 	at libcore.io.BlockGuardOs.open(BlockGuardOs.java:187)
02-20 20:38:42.880  1363  1363 E Hyphenator: 	at libcore.io.IoBridge.open(IoBridge.java:441)
02-20 20:38:42.880  1363  1363 E Hyphenator: 	... 6 more
02-20 20:38:42.880  1363  1363 E Hyphenator: error loading hyphenation /system/usr/hyphen-data/hyph-et.hyb
02-20 20:38:42.880  1363  1363 E Hyphenator: java.io.FileNotFoundException: /system/usr/hyphen-data/hyph-et.hyb: open failed: ENOENT (No such file or directory)
02-20 20:38:42.880  1363  1363 E Hyphenator: 	at libcore.io.IoBridge.open(IoBridge.java:455)
02-20 20:38:42.880  1363  1363 E Hyphenator: 	at java.io.RandomAccessFile.<init>(RandomAccessFile.java:247)
02-20 20:38:42.880  1363  1363 E Hyphenator: 	at android.text.Hyphenator.loadHyphenator(Hyphenator.java:118)
02-20 20:38:42.880  1363  1363 E Hyphenator: 	at android.text.Hyphenator.init(Hyphenator.java:224)
02-20 20:38:42.880  1363  1363 E Hyphenator: 	at com.android.internal.os.ZygoteInit.preloadTextResources(ZygoteInit.java:252)
02-20 20:38:42.880  1363  1363 E Hyphenator: 	at com.android.internal.os.ZygoteInit.preload(ZygoteInit.java:206)
02-20 20:38:42.880  1363  1363 E Hyphenator: 	at com.android.internal.os.ZygoteInit.main(ZygoteInit.java:743)
02-20 20:38:42.880  1363  1363 E Hyphenator: Caused by: android.system.ErrnoException: open failed: ENOENT (No such file or directory)
02-20 20:38:42.880  1363  1363 E Hyphenator: 	at libcore.io.Posix.open(Native Method)
02-20 20:38:42.880  1363  1363 E Hyphenator: 	at libcore.io.BlockGuardOs.open(BlockGuardOs.java:187)
02-20 20:38:42.880  1363  1363 E Hyphenator: 	at libcore.io.IoBridge.open(IoBridge.java:441)
02-20 20:38:42.880  1363  1363 E Hyphenator: 	... 6 more
02-20 20:38:42.880  1363  1363 E Hyphenator: error loading hyphenation /system/usr/hyphen-data/hyph-eu.hyb
02-20 20:38:42.880  1363  1363 E Hyphenator: java.io.FileNotFoundException: /system/usr/hyphen-data/hyph-eu.hyb: open failed: ENOENT (No such file or directory)
02-20 20:38:42.880  1363  1363 E Hyphenator: 	at libcore.io.IoBridge.open(IoBridge.java:455)
02-20 20:38:42.880  1363  1363 E Hyphenator: 	at java.io.RandomAccessFile.<init>(RandomAccessFile.java:247)
02-20 20:38:42.880  1363  1363 E Hyphenator: 	at android.text.Hyphenator.loadHyphenator(Hyphenator.java:118)
02-20 20:38:42.880  1363  1363 E Hyphenator: 	at android.text.Hyphenator.init(Hyphenator.java:224)
02-20 20:38:42.880  1363  1363 E Hyphenator: 	at com.android.internal.os.ZygoteInit.preloadTextResources(ZygoteInit.java:252)
02-20 20:38:42.880  1363  1363 E Hyphenator: 	at com.android.internal.os.ZygoteInit.preload(ZygoteInit.java:206)
02-20 20:38:42.880  1363  1363 E Hyphenator: 	at com.android.internal.os.ZygoteInit.main(ZygoteInit.java:743)
02-20 20:38:42.880  1363  1363 E Hyphenator: Caused by: android.system.ErrnoException: open failed: ENOENT (No such file or directory)
02-20 20:38:42.880  1363  1363 E Hyphenator: 	at libcore.io.Posix.open(Native Method)
02-20 20:38:42.880  1363  1363 E Hyphenator: 	at libcore.io.BlockGuardOs.open(BlockGuardOs.java:187)
02-20 20:38:42.880  1363  1363 E Hyphenator: 	at libcore.io.IoBridge.open(IoBridge.java:441)
02-20 20:38:42.880  1363  1363 E Hyphenator: 	... 6 more
02-20 20:38:42.880  1363  1363 E Hyphenator: error loading hyphenation /system/usr/hyphen-data/hyph-fr.hyb
02-20 20:38:42.880  1363  1363 E Hyphenator: java.io.FileNotFoundException: /system/usr/hyphen-data/hyph-fr.hyb: open failed: ENOENT (No such file or directory)
02-20 20:38:42.880  1363  1363 E Hyphenator: 	at libcore.io.IoBridge.open(IoBridge.java:455)
02-20 20:38:42.880  1363  1363 E Hyphenator: 	at java.io.RandomAccessFile.<init>(RandomAccessFile.java:247)
02-20 20:38:42.880  1363  1363 E Hyphenator: 	at android.text.Hyphenator.loadHyphenator(Hyphenator.java:118)
02-20 20:38:42.880  1363  1363 E Hyphenator: 	at android.text.Hyphenator.init(Hyphenator.java:224)
02-20 20:38:42.880  1363  1363 E Hyphenator: 	at com.android.internal.os.ZygoteInit.preloadTextResources(ZygoteInit.java:252)
02-20 20:38:42.880  1363  1363 E Hyphenator: 	at com.android.internal.os.ZygoteInit.preload(ZygoteInit.java:206)
02-20 20:38:42.880  1363  1363 E Hyphenator: 	at com.android.internal.os.ZygoteInit.main(ZygoteInit.java:743)
02-20 20:38:42.880  1363  1363 E Hyphenator: Caused by: android.system.ErrnoException: open failed: ENOENT (No such file or directory)
02-20 20:38:42.880  1363  1363 E Hyphenator: 	at libcore.io.Posix.open(Native Method)
02-20 20:38:42.880  1363  1363 E Hyphenator: 	at libcore.io.BlockGuardOs.open(BlockGuardOs.java:187)
02-20 20:38:42.880  1363  1363 E Hyphenator: 	at libcore.io.IoBridge.open(IoBridge.java:441)
02-20 20:38:42.880  1363  1363 E Hyphenator: 	... 6 more
02-20 20:38:42.880  1363  1363 E Hyphenator: error loading hyphenation /system/usr/hyphen-data/hyph-ga.hyb
02-20 20:38:42.880  1363  1363 E Hyphenator: java.io.FileNotFoundException: /system/usr/hyphen-data/hyph-ga.hyb: open failed: ENOENT (No such file or directory)
02-20 20:38:42.880  1363  1363 E Hyphenator: 	at libcore.io.IoBridge.open(IoBridge.java:455)
02-20 20:38:42.880  1363  1363 E Hyphenator: 	at java.io.RandomAccessFile.<init>(RandomAccessFile.java:247)
02-20 20:38:42.880  1363  1363 E Hyphenator: 	at android.text.Hyphenator.loadHyphenator(Hyphenator.java:118)
02-20 20:38:42.880  1363  1363 E Hyphenator: 	at android.text.Hyphenator.init(Hyphenator.java:224)
02-20 20:38:42.880  1363  1363 E Hyphenator: 	at com.android.internal.os.ZygoteInit.preloadTextResources(ZygoteInit.java:252)
02-20 20:38:42.880  1363  1363 E Hyphenator: 	at com.android.internal.os.ZygoteInit.preload(ZygoteInit.java:206)
02-20 20:38:42.880  1363  1363 E Hyphenator: 	at com.android.internal.os.ZygoteInit.main(ZygoteInit.java:743)
02-20 20:38:42.880  1363  1363 E Hyphenator: Caused by: android.system.ErrnoException: open failed: ENOENT (No such file or directory)
02-20 20:38:42.880  1363  1363 E Hyphenator: 	at libcore.io.Posix.open(Native Method)
02-20 20:38:42.880  1363  1363 E Hyphenator: 	at libcore.io.BlockGuardOs.open(BlockGuardOs.java:187)
02-20 20:38:42.880  1363  1363 E Hyphenator: 	at libcore.io.IoBridge.open(IoBridge.java:441)
02-20 20:38:42.880  1363  1363 E Hyphenator: 	... 6 more
02-20 20:38:42.880  1363  1363 E Hyphenator: error loading hyphenation /system/usr/hyphen-data/hyph-gu.hyb
02-20 20:38:42.880  1363  1363 E Hyphenator: java.io.FileNotFoundException: /system/usr/hyphen-data/hyph-gu.hyb: open failed: ENOENT (No such file or directory)
02-20 20:38:42.880  1363  1363 E Hyphenator: 	at libcore.io.IoBridge.open(IoBridge.java:455)
02-20 20:38:42.880  1363  1363 E Hyphenator: 	at java.io.RandomAccessFile.<init>(RandomAccessFile.java:247)
02-20 20:38:42.880  1363  1363 E Hyphenator: 	at android.text.Hyphenator.loadHyphenator(Hyphenator.java:118)
02-20 20:38:42.880  1363  1363 E Hyphenator: 	at android.text.Hyphenator.init(Hyphenator.java:224)
02-20 20:38:42.880  1363  1363 E Hyphenator: 	at com.android.internal.os.ZygoteInit.preloadTextResources(ZygoteInit.java:252)
02-20 20:38:42.880  1363  1363 E Hyphenator: 	at com.android.internal.os.ZygoteInit.preload(ZygoteInit.java:206)
02-20 20:38:42.880  1363  1363 E Hyphenator: 	at com.android.internal.os.ZygoteInit.main(ZygoteInit.java:743)
02-20 20:38:42.880  1363  1363 E Hyphenator: Caused by: android.system.ErrnoException: open failed: ENOENT (No such file or directory)
02-20 20:38:42.880  1363  1363 E Hyphenator: 	at libcore.io.Posix.open(Native Method)
02-20 20:38:42.880  1363  1363 E Hyphenator: 	at libcore.io.BlockGuardOs.open(BlockGuardOs.java:187)
02-20 20:38:42.880  1363  1363 E Hyphenator: 	at libcore.io.IoBridge.open(IoBridge.java:441)
02-20 20:38:42.880  1363  1363 E Hyphenator: 	... 6 more
02-20 20:38:42.881  1363  1363 E Hyphenator: error loading hyphenation /system/usr/hyphen-data/hyph-hi.hyb
02-20 20:38:42.881  1363  1363 E Hyphenator: java.io.FileNotFoundException: /system/usr/hyphen-data/hyph-hi.hyb: open failed: ENOENT (No such file or directory)
02-20 20:38:42.881  1363  1363 E Hyphenator: 	at libcore.io.IoBridge.open(IoBridge.java:455)
02-20 20:38:42.881  1363  1363 E Hyphenator: 	at java.io.RandomAccessFile.<init>(RandomAccessFile.java:247)
02-20 20:38:42.881  1363  1363 E Hyphenator: 	at android.text.Hyphenator.loadHyphenator(Hyphenator.java:118)
02-20 20:38:42.881  1363  1363 E Hyphenator: 	at android.text.Hyphenator.init(Hyphenator.java:224)
02-20 20:38:42.881  1363  1363 E Hyphenator: 	at com.android.internal.os.ZygoteInit.preloadTextResources(ZygoteInit.java:252)
02-20 20:38:42.881  1363  1363 E Hyphenator: 	at com.android.internal.os.ZygoteInit.preload(ZygoteInit.java:206)
02-20 20:38:42.881  1363  1363 E Hyphenator: 	at com.android.internal.os.ZygoteInit.main(ZygoteInit.java:743)
02-20 20:38:42.881  1363  1363 E Hyphenator: Caused by: android.system.ErrnoException: open failed: ENOENT (No such file or directory)
02-20 20:38:42.881  1363  1363 E Hyphenator: 	at libcore.io.Posix.open(Native Method)
02-20 20:38:42.881  1363  1363 E Hyphenator: 	at libcore.io.BlockGuardOs.open(BlockGuardOs.java:187)
02-20 20:38:42.881  1363  1363 E Hyphenator: 	at libcore.io.IoBridge.open(IoBridge.java:441)
02-20 20:38:42.881  1363  1363 E Hyphenator: 	... 6 more
02-20 20:38:42.881  1374  1374 V NatController: runCmd(/system/bin/ip6tables -w -F natctrl_tether_counters) res=1
02-20 20:38:42.881  1363  1363 E Hyphenator: error loading hyphenation /system/usr/hyphen-data/hyph-hr.hyb
02-20 20:38:42.881  1363  1363 E Hyphenator: java.io.FileNotFoundException: /system/usr/hyphen-data/hyph-hr.hyb: open failed: ENOENT (No such file or directory)
02-20 20:38:42.881  1363  1363 E Hyphenator: 	at libcore.io.IoBridge.open(IoBridge.java:455)
02-20 20:38:42.881  1363  1363 E Hyphenator: 	at java.io.RandomAccessFile.<init>(RandomAccessFile.java:247)
02-20 20:38:42.881  1363  1363 E Hyphenator: 	at android.text.Hyphenator.loadHyphenator(Hyphenator.java:118)
02-20 20:38:42.881  1363  1363 E Hyphenator: 	at android.text.Hyphenator.init(Hyphenator.java:224)
02-20 20:38:42.881  1363  1363 E Hyphenator: 	at com.android.internal.os.ZygoteInit.preloadTextResources(ZygoteInit.java:252)
02-20 20:38:42.881  1363  1363 E Hyphenator: 	at com.android.internal.os.ZygoteInit.preload(ZygoteInit.java:206)
02-20 20:38:42.881  1363  1363 E Hyphenator: 	at com.android.internal.os.ZygoteInit.main(ZygoteInit.java:743)
02-20 20:38:42.881  1363  1363 E Hyphenator: Caused by: android.system.ErrnoException: open failed: ENOENT (No such file or directory)
02-20 20:38:42.881  1363  1363 E Hyphenator: 	at libcore.io.Posix.open(Native Method)
02-20 20:38:42.881  1363  1363 E Hyphenator: 	at libcore.io.BlockGuardOs.open(BlockGuardOs.java:187)
02-20 20:38:42.881  1363  1363 E Hyphenator: 	at libcore.io.IoBridge.open(IoBridge.java:441)
02-20 20:38:42.881  1363  1363 E Hyphenator: 	... 6 more
02-20 20:38:42.881  1363  1363 E Hyphenator: error loading hyphenation /system/usr/hyphen-data/hyph-hu.hyb
02-20 20:38:42.881  1363  1363 E Hyphenator: java.io.FileNotFoundException: /system/usr/hyphen-data/hyph-hu.hyb: open failed: ENOENT (No such file or directory)
02-20 20:38:42.881  1363  1363 E Hyphenator: 	at libcore.io.IoBridge.open(IoBridge.java:455)
02-20 20:38:42.881  1363  1363 E Hyphenator: 	at java.io.RandomAccessFile.<init>(RandomAccessFile.java:247)
02-20 20:38:42.881  1363  1363 E Hyphenator: 	at android.text.Hyphenator.loadHyphenator(Hyphenator.java:118)
02-20 20:38:42.881  1363  1363 E Hyphenator: 	at android.text.Hyphenator.init(Hyphenator.java:224)
02-20 20:38:42.881  1363  1363 E Hyphenator: 	at com.android.internal.os.ZygoteInit.preloadTextResources(ZygoteInit.java:252)
02-20 20:38:42.881  1363  1363 E Hyphenator: 	at com.android.internal.os.ZygoteInit.preload(ZygoteInit.java:206)
02-20 20:38:42.881  1363  1363 E Hyphenator: 	at com.android.internal.os.ZygoteInit.main(ZygoteInit.java:743)
02-20 20:38:42.881  1363  1363 E Hyphenator: Caused by: android.system.ErrnoException: open failed: ENOENT (No such file or directory)
02-20 20:38:42.881  1363  1363 E Hyphenator: 	at libcore.io.Posix.open(Native Method)
02-20 20:38:42.881  1363  1363 E Hyphenator: 	at libcore.io.BlockGuardOs.open(BlockGuardOs.java:187)
02-20 20:38:42.881  1363  1363 E Hyphenator: 	at libcore.io.IoBridge.open(IoBridge.java:441)
02-20 20:38:42.881  1363  1363 E Hyphenator: 	... 6 more
02-20 20:38:42.881  1363  1363 E Hyphenator: error loading hyphenation /system/usr/hyphen-data/hyph-hy.hyb
02-20 20:38:42.881  1363  1363 E Hyphenator: java.io.FileNotFoundException: /system/usr/hyphen-data/hyph-hy.hyb: open failed: ENOENT (No such file or directory)
02-20 20:38:42.881  1363  1363 E Hyphenator: 	at libcore.io.IoBridge.open(IoBridge.java:455)
02-20 20:38:42.881  1363  1363 E Hyphenator: 	at java.io.RandomAccessFile.<init>(RandomAccessFile.java:247)
02-20 20:38:42.881  1363  1363 E Hyphenator: 	at android.text.Hyphenator.loadHyphenator(Hyphenator.java:118)
02-20 20:38:42.881  1363  1363 E Hyphenator: 	at android.text.Hyphenator.init(Hyphenator.java:224)
02-20 20:38:42.881  1363  1363 E Hyphenator: 	at com.android.internal.os.ZygoteInit.preloadTextResources(ZygoteInit.java:252)
02-20 20:38:42.881  1363  1363 E Hyphenator: 	at com.android.internal.os.ZygoteInit.preload(ZygoteInit.java:206)
02-20 20:38:42.881  1363  1363 E Hyphenator: 	at com.android.internal.os.ZygoteInit.main(ZygoteInit.java:743)
02-20 20:38:42.881  1363  1363 E Hyphenator: Caused by: android.system.ErrnoException: open failed: ENOENT (No such file or directory)
02-20 20:38:42.881  1363  1363 E Hyphenator: 	at libcore.io.Posix.open(Native Method)
02-20 20:38:42.881  1363  1363 E Hyphenator: 	at libcore.io.BlockGuardOs.open(BlockGuardOs.java:187)
02-20 20:38:42.881  1363  1363 E Hyphenator: 	at libcore.io.IoBridge.open(IoBridge.java:441)
02-20 20:38:42.881  1363  1363 E Hyphenator: 	... 6 more
02-20 20:38:42.881  1363  1363 E Hyphenator: error loading hyphenation /system/usr/hyphen-data/hyph-kn.hyb
02-20 20:38:42.881  1363  1363 E Hyphenator: java.io.FileNotFoundException: /system/usr/hyphen-data/hyph-kn.hyb: open failed: ENOENT (No such file or directory)
02-20 20:38:42.881  1363  1363 E Hyphenator: 	at libcore.io.IoBridge.open(IoBridge.java:455)
02-20 20:38:42.881  1363  1363 E Hyphenator: 	at java.io.RandomAccessFile.<init>(RandomAccessFile.java:247)
02-20 20:38:42.881  1363  1363 E Hyphenator: 	at android.text.Hyphenator.loadHyphenator(Hyphenator.java:118)
02-20 20:38:42.881  1363  1363 E Hyphenator: 	at android.text.Hyphenator.init(Hyphenator.java:224)
02-20 20:38:42.881  1363  1363 E Hyphenator: 	at com.android.internal.os.ZygoteInit.preloadTextResources(ZygoteInit.java:252)
02-20 20:38:42.881  1363  1363 E Hyphenator: 	at com.android.internal.os.ZygoteInit.preload(ZygoteInit.java:206)
02-20 20:38:42.881  1363  1363 E Hyphenator: 	at com.android.internal.os.ZygoteInit.main(ZygoteInit.java:743)
02-20 20:38:42.881  1363  1363 E Hyphenator: Caused by: android.system.ErrnoException: open failed: ENOENT (No such file or directory)
02-20 20:38:42.881  1363  1363 E Hyphenator: 	at libcore.io.Posix.open(Native Method)
02-20 20:38:42.881  1363  1363 E Hyphenator: 	at libcore.io.BlockGuardOs.open(BlockGuardOs.java:187)
02-20 20:38:42.881  1363  1363 E Hyphenator: 	at libcore.io.IoBridge.open(IoBridge.java:441)
02-20 20:38:42.881  1363  1363 E Hyphenator: 	... 6 more
02-20 20:38:42.881  1363  1363 E Hyphenator: error loading hyphenation /system/usr/hyphen-data/hyph-ml.hyb
02-20 20:38:42.881  1363  1363 E Hyphenator: java.io.FileNotFoundException: /system/usr/hyphen-data/hyph-ml.hyb: open failed: ENOENT (No such file or directory)
02-20 20:38:42.881  1363  1363 E Hyphenator: 	at libcore.io.IoBridge.open(IoBridge.java:455)
02-20 20:38:42.881  1363  1363 E Hyphenator: 	at java.io.RandomAccessFile.<init>(RandomAccessFile.java:247)
02-20 20:38:42.881  1363  1363 E Hyphenator: 	at android.text.Hyphenator.loadHyphenator(Hyphenator.java:118)
02-20 20:38:42.881  1363  1363 E Hyphenator: 	at android.text.Hyphenator.init(Hyphenator.java:224)
02-20 20:38:42.881  1363  1363 E Hyphenator: 	at com.android.internal.os.ZygoteInit.preloadTextResources(ZygoteInit.java:252)
02-20 20:38:42.881  1363  1363 E Hyphenator: 	at com.android.internal.os.ZygoteInit.preload(ZygoteInit.java:206)
02-20 20:38:42.881  1363  1363 E Hyphenator: 	at com.android.internal.os.ZygoteInit.main(ZygoteInit.java:743)
02-20 20:38:42.881  1363  1363 E Hyphenator: Caused by: android.system.ErrnoException: open failed: ENOENT (No such file or directory)
02-20 20:38:42.881  1363  1363 E Hyphenator: 	at libcore.io.Posix.open(Native Method)
02-20 20:38:42.881  1363  1363 E Hyphenator: 	at libcore.io.BlockGuardOs.open(BlockGuardOs.java:187)
02-20 20:38:42.881  1363  1363 E Hyphenator: 	at libcore.io.IoBridge.open(IoBridge.java:441)
02-20 20:38:42.881  1363  1363 E Hyphenator: 	... 6 more
02-20 20:38:42.881  1363  1363 E Hyphenator: error loading hyphenation /system/usr/hyphen-data/hyph-mn-cyrl.hyb
02-20 20:38:42.881  1363  1363 E Hyphenator: java.io.FileNotFoundException: /system/usr/hyphen-data/hyph-mn-cyrl.hyb: open failed: ENOENT (No such file or directory)
02-20 20:38:42.881  1363  1363 E Hyphenator: 	at libcore.io.IoBridge.open(IoBridge.java:455)
02-20 20:38:42.881  1363  1363 E Hyphenator: 	at java.io.RandomAccessFile.<init>(RandomAccessFile.java:247)
02-20 20:38:42.881  1363  1363 E Hyphenator: 	at android.text.Hyphenator.loadHyphenator(Hyphenator.java:118)
02-20 20:38:42.881  1363  1363 E Hyphenator: 	at android.text.Hyphenator.init(Hyphenator.java:224)
02-20 20:38:42.881  1363  1363 E Hyphenator: 	at com.android.internal.os.ZygoteInit.preloadTextResources(ZygoteInit.java:252)
02-20 20:38:42.881  1363  1363 E Hyphenator: 	at com.android.internal.os.ZygoteInit.preload(ZygoteInit.java:206)
02-20 20:38:42.881  1363  1363 E Hyphenator: 	at com.android.internal.os.ZygoteInit.main(ZygoteInit.java:743)
02-20 20:38:42.881  1363  1363 E Hyphenator: Caused by: android.system.ErrnoException: open failed: ENOENT (No such file or directory)
02-20 20:38:42.881  1363  1363 E Hyphenator: 	at libcore.io.Posix.open(Native Method)
02-20 20:38:42.881  1363  1363 E Hyphenator: 	at libcore.io.BlockGuardOs.open(BlockGuardOs.java:187)
02-20 20:38:42.881  1363  1363 E Hyphenator: 	at libcore.io.IoBridge.open(IoBridge.java:441)
02-20 20:38:42.881  1363  1363 E Hyphenator: 	... 6 more
02-20 20:38:42.881  1363  1363 E Hyphenator: error loading hyphenation /system/usr/hyphen-data/hyph-mr.hyb
02-20 20:38:42.881  1363  1363 E Hyphenator: java.io.FileNotFoundException: /system/usr/hyphen-data/hyph-mr.hyb: open failed: ENOENT (No such file or directory)
02-20 20:38:42.881  1363  1363 E Hyphenator: 	at libcore.io.IoBridge.open(IoBridge.java:455)
02-20 20:38:42.881  1363  1363 E Hyphenator: 	at java.io.RandomAccessFile.<init>(RandomAccessFile.java:247)
02-20 20:38:42.881  1363  1363 E Hyphenator: 	at android.text.Hyphenator.loadHyphenator(Hyphenator.java:118)
02-20 20:38:42.881  1363  1363 E Hyphenator: 	at android.text.Hyphenator.init(Hyphenator.java:224)
02-20 20:38:42.881  1363  1363 E Hyphenator: 	at com.android.internal.os.ZygoteInit.preloadTextResources(ZygoteInit.java:252)
02-20 20:38:42.881  1363  1363 E Hyphenator: 	at com.android.internal.os.ZygoteInit.preload(ZygoteInit.java:206)
02-20 20:38:42.881  1363  1363 E Hyphenator: 	at com.android.internal.os.ZygoteInit.main(ZygoteInit.java:743)
02-20 20:38:42.881  1363  1363 E Hyphenator: Caused by: android.system.ErrnoException: open failed: ENOENT (No such file or directory)
02-20 20:38:42.881  1363  1363 E Hyphenator: 	at libcore.io.Posix.open(Native Method)
02-20 20:38:42.881  1363  1363 E Hyphenator: 	at libcore.io.BlockGuardOs.open(BlockGuardOs.java:187)
02-20 20:38:42.881  1363  1363 E Hyphenator: 	at libcore.io.IoBridge.open(IoBridge.java:441)
02-20 20:38:42.881  1363  1363 E Hyphenator: 	... 6 more
02-20 20:38:42.881  1363  1363 E Hyphenator: error loading hyphenation /system/usr/hyphen-data/hyph-nb.hyb
02-20 20:38:42.881  1363  1363 E Hyphenator: java.io.FileNotFoundException: /system/usr/hyphen-data/hyph-nb.hyb: open failed: ENOENT (No such file or directory)
02-20 20:38:42.881  1363  1363 E Hyphenator: 	at libcore.io.IoBridge.open(IoBridge.java:455)
02-20 20:38:42.881  1363  1363 E Hyphenator: 	at java.io.RandomAccessFile.<init>(RandomAccessFile.java:247)
02-20 20:38:42.881  1363  1363 E Hyphenator: 	at android.text.Hyphenator.loadHyphenator(Hyphenator.java:118)
02-20 20:38:42.881  1363  1363 E Hyphenator: 	at android.text.Hyphenator.init(Hyphenator.java:224)
02-20 20:38:42.881  1363  1363 E Hyphenator: 	at com.android.internal.os.ZygoteInit.preloadTextResources(ZygoteInit.java:252)
02-20 20:38:42.881  1363  1363 E Hyphenator: 	at com.android.internal.os.ZygoteInit.preload(ZygoteInit.java:206)
02-20 20:38:42.881  1363  1363 E Hyphenator: 	at com.android.internal.os.ZygoteInit.main(ZygoteInit.java:743)
02-20 20:38:42.881  1363  1363 E Hyphenator: Caused by: android.system.ErrnoException: open failed: ENOENT (No such file or directory)
02-20 20:38:42.881  1363  1363 E Hyphenator: 	at libcore.io.Posix.open(Native Method)
02-20 20:38:42.881  1363  1363 E Hyphenator: 	at libcore.io.BlockGuardOs.open(BlockGuardOs.java:187)
02-20 20:38:42.881  1363  1363 E Hyphenator: 	at libcore.io.IoBridge.open(IoBridge.java:441)
02-20 20:38:42.881  1363  1363 E Hyphenator: 	... 6 more
02-20 20:38:42.881  1363  1363 E Hyphenator: error loading hyphenation /system/usr/hyphen-data/hyph-nn.hyb
02-20 20:38:42.881  1363  1363 E Hyphenator: java.io.FileNotFoundException: /system/usr/hyphen-data/hyph-nn.hyb: open failed: ENOENT (No such file or directory)
02-20 20:38:42.881  1363  1363 E Hyphenator: 	at libcore.io.IoBridge.open(IoBridge.java:455)
02-20 20:38:42.881  1363  1363 E Hyphenator: 	at java.io.RandomAccessFile.<init>(RandomAccessFile.java:247)
02-20 20:38:42.881  1363  1363 E Hyphenator: 	at android.text.Hyphenator.loadHyphenator(Hyphenator.java:118)
02-20 20:38:42.881  1363  1363 E Hyphenator: 	at android.text.Hyphenator.init(Hyphenator.java:224)
02-20 20:38:42.881  1363  1363 E Hyphenator: 	at com.android.internal.os.ZygoteInit.preloadTextResources(ZygoteInit.java:252)
02-20 20:38:42.881  1363  1363 E Hyphenator: 	at com.android.internal.os.ZygoteInit.preload(ZygoteInit.java:206)
02-20 20:38:42.881  1363  1363 E Hyphenator: 	at com.android.internal.os.ZygoteInit.main(ZygoteInit.java:743)
02-20 20:38:42.881  1363  1363 E Hyphenator: Caused by: android.system.ErrnoException: open failed: ENOENT (No such file or directory)
02-20 20:38:42.881  1363  1363 E Hyphenator: 	at libcore.io.Posix.open(Native Method)
02-20 20:38:42.881  1363  1363 E Hyphenator: 	at libcore.io.BlockGuardOs.open(BlockGuardOs.java:187)
02-20 20:38:42.881  1363  1363 E Hyphenator: 	at libcore.io.IoBridge.open(IoBridge.java:441)
02-20 20:38:42.881  1363  1363 E Hyphenator: 	... 6 more
02-20 20:38:42.881  1363  1363 E Hyphenator: error loading hyphenation /system/usr/hyphen-data/hyph-or.hyb
02-20 20:38:42.881  1363  1363 E Hyphenator: java.io.FileNotFoundException: /system/usr/hyphen-data/hyph-or.hyb: open failed: ENOENT (No such file or directory)
02-20 20:38:42.881  1363  1363 E Hyphenator: 	at libcore.io.IoBridge.open(IoBridge.java:455)
02-20 20:38:42.881  1363  1363 E Hyphenator: 	at java.io.RandomAccessFile.<init>(RandomAccessFile.java:247)
02-20 20:38:42.881  1363  1363 E Hyphenator: 	at android.text.Hyphenator.loadHyphenator(Hyphenator.java:118)
02-20 20:38:42.881  1363  1363 E Hyphenator: 	at android.text.Hyphenator.init(Hyphenator.java:224)
02-20 20:38:42.881  1363  1363 E Hyphenator: 	at com.android.internal.os.ZygoteInit.preloadTextResources(ZygoteInit.java:252)
02-20 20:38:42.881  1363  1363 E Hyphenator: 	at com.android.internal.os.ZygoteInit.preload(ZygoteInit.java:206)
02-20 20:38:42.881  1363  1363 E Hyphenator: 	at com.android.internal.os.ZygoteInit.main(ZygoteInit.java:743)
02-20 20:38:42.881  1363  1363 E Hyphenator: Caused by: android.system.ErrnoException: open failed: ENOENT (No such file or directory)
02-20 20:38:42.881  1363  1363 E Hyphenator: 	at libcore.io.Posix.open(Native Method)
02-20 20:38:42.881  1363  1363 E Hyphenator: 	at libcore.io.BlockGuardOs.open(BlockGuardOs.java:187)
02-20 20:38:42.881  1363  1363 E Hyphenator: 	at libcore.io.IoBridge.open(IoBridge.java:441)
02-20 20:38:42.881  1363  1363 E Hyphenator: 	... 6 more
02-20 20:38:42.881  1363  1363 E Hyphenator: error loading hyphenation /system/usr/hyphen-data/hyph-pa.hyb
02-20 20:38:42.881  1363  1363 E Hyphenator: java.io.FileNotFoundException: /system/usr/hyphen-data/hyph-pa.hyb: open failed: ENOENT (No such file or directory)
02-20 20:38:42.881  1363  1363 E Hyphenator: 	at libcore.io.IoBridge.open(IoBridge.java:455)
02-20 20:38:42.881  1363  1363 E Hyphenator: 	at java.io.RandomAccessFile.<init>(RandomAccessFile.java:247)
02-20 20:38:42.881  1363  1363 E Hyphenator: 	at android.text.Hyphenator.loadHyphenator(Hyphenator.java:118)
02-20 20:38:42.881  1363  1363 E Hyphenator: 	at android.text.Hyphenator.init(Hyphenator.java:224)
02-20 20:38:42.881  1363  1363 E Hyphenator: 	at com.android.internal.os.ZygoteInit.preloadTextResources(ZygoteInit.java:252)
02-20 20:38:42.881  1363  1363 E Hyphenator: 	at com.android.internal.os.ZygoteInit.preload(ZygoteInit.java:206)
02-20 20:38:42.881  1363  1363 E Hyphenator: 	at com.android.internal.os.ZygoteInit.main(ZygoteInit.java:743)
02-20 20:38:42.881  1363  1363 E Hyphenator: Caused by: android.system.ErrnoException: open failed: ENOENT (No such file or directory)
02-20 20:38:42.881  1363  1363 E Hyphenator: 	at libcore.io.Posix.open(Native Method)
02-20 20:38:42.881  1363  1363 E Hyphenator: 	at libcore.io.BlockGuardOs.open(BlockGuardOs.java:187)
02-20 20:38:42.881  1363  1363 E Hyphenator: 	at libcore.io.IoBridge.open(IoBridge.java:441)
02-20 20:38:42.881  1363  1363 E Hyphenator: 	... 6 more
02-20 20:38:42.882  1363  1363 E Hyphenator: error loading hyphenation /system/usr/hyphen-data/hyph-pt.hyb
02-20 20:38:42.882  1363  1363 E Hyphenator: java.io.FileNotFoundException: /system/usr/hyphen-data/hyph-pt.hyb: open failed: ENOENT (No such file or directory)
02-20 20:38:42.882  1363  1363 E Hyphenator: 	at libcore.io.IoBridge.open(IoBridge.java:455)
02-20 20:38:42.882  1363  1363 E Hyphenator: 	at java.io.RandomAccessFile.<init>(RandomAccessFile.java:247)
02-20 20:38:42.882  1363  1363 E Hyphenator: 	at android.text.Hyphenator.loadHyphenator(Hyphenator.java:118)
02-20 20:38:42.882  1363  1363 E Hyphenator: 	at android.text.Hyphenator.init(Hyphenator.java:224)
02-20 20:38:42.882  1363  1363 E Hyphenator: 	at com.android.internal.os.ZygoteInit.preloadTextResources(ZygoteInit.java:252)
02-20 20:38:42.882  1363  1363 E Hyphenator: 	at com.android.internal.os.ZygoteInit.preload(ZygoteInit.java:206)
02-20 20:38:42.882  1363  1363 E Hyphenator: 	at com.android.internal.os.ZygoteInit.main(ZygoteInit.java:743)
02-20 20:38:42.882  1363  1363 E Hyphenator: Caused by: android.system.ErrnoException: open failed: ENOENT (No such file or directory)
02-20 20:38:42.882  1363  1363 E Hyphenator: 	at libcore.io.Posix.open(Native Method)
02-20 20:38:42.882  1363  1363 E Hyphenator: 	at libcore.io.BlockGuardOs.open(BlockGuardOs.java:187)
02-20 20:38:42.882  1363  1363 E Hyphenator: 	at libcore.io.IoBridge.open(IoBridge.java:441)
02-20 20:38:42.882  1363  1363 E Hyphenator: 	... 6 more
02-20 20:38:42.886  1363  1363 E Hyphenator: error loading hyphenation /system/usr/hyphen-data/hyph-sl.hyb
02-20 20:38:42.886  1363  1363 E Hyphenator: java.io.FileNotFoundException: /system/usr/hyphen-data/hyph-sl.hyb: open failed: ENOENT (No such file or directory)
02-20 20:38:42.886  1363  1363 E Hyphenator: 	at libcore.io.IoBridge.open(IoBridge.java:455)
02-20 20:38:42.886  1363  1363 E Hyphenator: 	at java.io.RandomAccessFile.<init>(RandomAccessFile.java:247)
02-20 20:38:42.886  1363  1363 E Hyphenator: 	at android.text.Hyphenator.loadHyphenator(Hyphenator.java:118)
02-20 20:38:42.886  1363  1363 E Hyphenator: 	at android.text.Hyphenator.init(Hyphenator.java:224)
02-20 20:38:42.886  1363  1363 E Hyphenator: 	at com.android.internal.os.ZygoteInit.preloadTextResources(ZygoteInit.java:252)
02-20 20:38:42.886  1363  1363 E Hyphenator: 	at com.android.internal.os.ZygoteInit.preload(ZygoteInit.java:206)
02-20 20:38:42.886  1363  1363 E Hyphenator: 	at com.android.internal.os.ZygoteInit.main(ZygoteInit.java:743)
