02-20 19:30:01.575  1676  1725 D VoldConnector: SND -> {4 volume user_added 0 0}
02-20 19:30:01.575  1676  1726 D VoldConnector: RCV <- {200 4 Command succeeded}
02-20 19:30:01.585     0     0 D ieee80211 phy1: hw scan 2437 MHz
02-20 19:30:01.601  1676  1790 E WVMExtractor: Failed to open libwvm.so: dlopen failed: library "libwvm.so" not found
02-20 19:30:01.623  1676  1676 W ActivityManager: Slow operation: 73ms so far, now at startProcess: returned from zygote!
02-20 19:30:01.623  1676  1676 W ActivityManager: Slow operation: 73ms so far, now at startProcess: done updating battery stats
02-20 19:30:01.623  1676  1676 I am_proc_start: [0,1793,1037,WebViewLoader-x86,,]
02-20 19:30:01.623  1676  1676 W ActivityManager: Slow operation: 73ms so far, now at startProcess: building log message
02-20 19:30:01.624  1676  1676 I ActivityManager: Start proc 1793:WebViewLoader-x86/1037 [android.webkit.WebViewFactory$RelroFileCreator] for 
02-20 19:30:01.624  1676  1676 W ActivityManager: Slow operation: 74ms so far, now at startProcess: starting to update pids map
02-20 19:30:01.624  1676  1676 W ActivityManager: Slow operation: 74ms so far, now at startProcess: done updating pids map
02-20 19:30:01.624  1676  1676 W ActivityManager: Slow operation: 74ms so far, now at startProcess: done starting proc!
02-20 19:30:01.624  1676  1688 I am_proc_bound: [0,1766,com.android.systemui]
02-20 19:30:01.628  1676  1725 D VoldConnector: SND -> {5 volume mount emulated 3 -1}
02-20 19:30:01.630  1267  1302 V vold    : Waiting for FUSE to spin up...
02-20 19:30:01.630  1676  1726 D VoldConnector: RCV <- {651 emulated 1}
02-20 19:30:01.631  1676  1726 D VoldConnector: RCV <- {656 emulated /data/media}
02-20 19:30:01.631  1676  1726 D VoldConnector: RCV <- {655 emulated /storage/emulated}
02-20 19:30:01.643  1793  1793 W art     : Unexpected CPU variant for X86 using defaults: x86
02-20 19:30:01.645  1372  1372 I MediaPlayerService: MediaPlayerService::getOMX
02-20 19:30:01.646  1676  1676 I am_proc_start: [0,1800,1037,WebViewLoader-x86_64,,]
02-20 19:30:01.646  1676  1676 I ActivityManager: Start proc 1800:WebViewLoader-x86_64/1037 [android.webkit.WebViewFactory$RelroFileCreator] for 
02-20 19:30:01.650  1676  1676 D NetworkManagement: enabling bandwidth control
02-20 19:30:01.652  1372  1372 I OMXClient: MuxOMX ctor
02-20 19:30:01.654  1372  1372 I MediaPlayerService: MediaPlayerService::getOMX
02-20 19:30:01.654  1372  1372 I OMXClient: MuxOMX ctor
02-20 19:30:01.655  1369  1369 I OMXMaster: makeComponentInstance(OMX.google.mp3.decoder) in mediacodec process
02-20 19:30:01.657  1800  1800 W art     : Unexpected CPU variant for X86 using defaults: x86_64
02-20 19:30:01.670  1800  1800 V WebViewFactory: RelroFileCreator (64bit = true),  32-bit lib: /system/app/Chrome/Chrome.apk!/lib/x86/libmonochrome.so, 64-bit lib: /system/app/Chrome/Chrome.apk!/lib/x86_64/libmonochrome.so
02-20 19:30:01.680  1267  1302 V vold    : Waiting for FUSE to spin up...
02-20 19:30:01.684  1793  1793 V WebViewFactory: RelroFileCreator (64bit = false),  32-bit lib: /system/app/Chrome/Chrome.apk!/lib/x86/libmonochrome.so, 64-bit lib: /system/app/Chrome/Chrome.apk!/lib/x86_64/libmonochrome.so
02-20 19:30:01.701     0     0 D ieee80211 phy1: hw scan 2442 MHz
02-20 19:30:01.716     0     0 D SELinux : initialized (dev fuse, type fuse), uses genfs_contexts
02-20 19:30:01.693  1798  1798 W sdcard  : Device explicitly disabled sdcardfs
02-20 19:30:01.696  1766  1766 W System  : ClassLoader referenced unknown path: /system/priv-app/SystemUIGoogle/lib/x86_64
02-20 19:30:01.730  1267  1302 V vold    : Waiting for FUSE to spin up...
02-20 19:30:01.726     0     0 D SELinux : initialized (dev fuse, type fuse), uses genfs_contexts
02-20 19:30:01.740     0     0 D SELinux : initialized (dev fuse, type fuse), uses genfs_contexts
02-20 19:30:01.752  1372  1372 I MediaPlayerService: MediaPlayerService::getOMX
02-20 19:30:01.752  1372  1372 I OMXClient: MuxOMX ctor
02-20 19:30:01.752  1369  1390 I OMXMaster: makeComponentInstance(OMX.google.amrnb.decoder) in mediacodec process
02-20 19:30:01.758  1372  1372 I MediaPlayerService: MediaPlayerService::getOMX
02-20 19:30:01.758  1372  1372 I OMXClient: MuxOMX ctor
02-20 19:30:01.758  1369  1390 I OMXMaster: makeComponentInstance(OMX.google.amrwb.decoder) in mediacodec process
02-20 19:30:01.769  1372  1372 I MediaPlayerService: MediaPlayerService::getOMX
02-20 19:30:01.769  1372  1372 I OMXClient: MuxOMX ctor
02-20 19:30:01.770  1369  1836 I OMXMaster: makeComponentInstance(OMX.google.aac.decoder) in mediacodec process
02-20 19:30:01.781  1676  1726 D VoldConnector: RCV <- {651 emulated 2}
02-20 19:30:01.782  1676  1726 D VoldConnector: RCV <- {200 5 Command succeeded}
02-20 19:30:01.788  1676  1725 D VoldConnector: SND -> {6 volume mount public:253,64 2 0}
02-20 19:30:01.788  1267  1302 V vold    : /system/bin/blkid
02-20 19:30:01.788  1267  1302 V vold    :     -c
02-20 19:30:01.788  1267  1302 V vold    :     /dev/null
02-20 19:30:01.788  1267  1302 V vold    :     -s
02-20 19:30:01.788  1267  1302 V vold    :     TYPE
02-20 19:30:01.788  1267  1302 V vold    :     -s
02-20 19:30:01.788  1267  1302 V vold    :     UUID
02-20 19:30:01.788  1267  1302 V vold    :     -s
02-20 19:30:01.788  1267  1302 V vold    :     LABEL
02-20 19:30:01.788  1267  1302 V vold    :     /dev/block/vold/public:253,64
02-20 19:30:01.788  1372  1372 I MediaPlayerService: MediaPlayerService::getOMX
02-20 19:30:01.788  1372  1372 I OMXClient: MuxOMX ctor
02-20 19:30:01.789  1369  1390 I OMXMaster: makeComponentInstance(OMX.google.g711.alaw.decoder) in mediacodec process
02-20 19:30:01.789  1676  1726 D VoldConnector: RCV <- {651 public:253,64 1}
02-20 19:30:01.823     0     0 D ieee80211 phy1: hw scan 2447 MHz
02-20 19:30:01.840  1676  1733 D WifiController: DEFERRED_TOGGLE handled
02-20 19:30:01.863  1372  1372 I MediaPlayerService: MediaPlayerService::getOMX
02-20 19:30:01.863  1372  1372 I OMXClient: MuxOMX ctor
02-20 19:30:01.864  1267  1302 V vold    : /dev/block/vold/public:253,64: LABEL="SDCARD" UUID="1E12-0B12" TYPE="vfat" 
02-20 19:30:01.864  1267  1302 V vold    : 
02-20 19:30:01.864  1267  1302 V vold    : /system/bin/fsck_msdos
02-20 19:30:01.864  1267  1302 V vold    :     -p
02-20 19:30:01.864  1267  1302 V vold    :     -f
02-20 19:30:01.864  1267  1302 V vold    :     /dev/block/vold/public:253,64
02-20 19:30:01.865  1759  1759 I LatinIME: Hardware accelerated drawing: true
02-20 19:30:01.865  1676  1726 D VoldConnector: RCV <- {652 public:253,64 vfat}
02-20 19:30:01.865  1676  1726 D VoldConnector: RCV <- {653 public:253,64 1E12-0B12}
02-20 19:30:01.866  1676  1726 D VoldConnector: RCV <- {654 public:253,64 SDCARD}
02-20 19:30:01.863  1369  1390 I OMXMaster: makeComponentInstance(OMX.google.g711.mlaw.decoder) in mediacodec process
02-20 19:30:01.886  1793  1793 I art     : System.exit called, status: 0
02-20 19:30:01.886  1793  1793 I AndroidRuntime: VM exiting with result code 0, cleanup skipped.
02-20 19:30:01.896  1267  1302 I fsck_msdos: ** /dev/block/vold/public:253,64
02-20 19:30:01.896  1267  1302 I fsck_msdos: ** Phase 1 - Read and Compare FATs
02-20 19:30:01.896  1267  1302 I fsck_msdos: Attempting to allocate 1022 KB for FAT
02-20 19:30:01.941  1372  1372 I MediaPlayerService: MediaPlayerService::getOMX
02-20 19:30:01.941  1372  1372 I OMXClient: MuxOMX ctor
02-20 19:30:01.941  1369  1390 I OMXMaster: makeComponentInstance(OMX.google.vorbis.decoder) in mediacodec process
02-20 19:30:01.941     0     0 D ieee80211 phy1: hw scan 2452 MHz
02-20 19:30:01.962  1267  1302 I fsck_msdos: Attempting to allocate 1022 KB for FAT
02-20 19:30:01.975  1766  1766 V SystemUIService: Starting SystemUI services for user 0.
02-20 19:30:02.006  1766  1766 V MediaRouter: Adding route: RouteInfo{ name=Phone, description=null, status=null, category=RouteCategory{ name=null types=ROUTE_TYPE_LIVE_AUDIO ROUTE_TYPE_LIVE_VIDEO  groupable=false }, supportedTypes=ROUTE_TYPE_LIVE_AUDIO ROUTE_TYPE_LIVE_VIDEO , presentationDisplay=null }
02-20 19:30:02.008  1372  1372 I MediaPlayerService: MediaPlayerService::getOMX
02-20 19:30:02.008  1372  1372 I OMXClient: MuxOMX ctor
02-20 19:30:02.008  1369  1390 I OMXMaster: makeComponentInstance(OMX.google.opus.decoder) in mediacodec process
02-20 19:30:02.008  1766  1766 V MediaRouter: Updating audio routes: AudioRoutesInfo{ type=SPEAKER }
02-20 19:30:02.009  1766  1766 V MediaRouter: Selecting route: RouteInfo{ name=Phone, description=null, status=null, category=RouteCategory{ name=null types=ROUTE_TYPE_LIVE_AUDIO ROUTE_TYPE_LIVE_VIDEO  groupable=false }, supportedTypes=ROUTE_TYPE_LIVE_AUDIO ROUTE_TYPE_LIVE_VIDEO , presentationDisplay=null }
02-20 19:30:02.023  1267  1302 I fsck_msdos: ** Phase 2 - Check Cluster Chains
02-20 19:30:02.025  1267  1302 I fsck_msdos: ** Phase 3 - Checking Directories
02-20 19:30:02.025  1267  1302 I fsck_msdos: ** Phase 4 - Checking for Lost Files
02-20 19:30:02.026  1267  1302 I fsck_msdos: 27 files, 522176 free (261088 clusters)
02-20 19:30:02.040  1267  1302 I Vold    : Filesystem check completed OK
02-20 19:30:02.040  1676  1726 D VoldConnector: RCV <- {656 public:253,64 /mnt/media_rw/1E12-0B12}
02-20 19:30:02.041  1676  1726 D VoldConnector: RCV <- {655 public:253,64 /storage/1E12-0B12}
02-20 19:30:02.042  1373  1675 D SoftapController: Softap fwReload - Ok
02-20 19:30:02.060  1676  1687 D TelephonyRegistry: listen oscl: hasNotifySubscriptionInfoChangedOccurred==false no callback
02-20 19:30:02.064  1267  1302 V vold    : Waiting for FUSE to spin up...
02-20 19:30:02.065  1800  1800 I art     : System.exit called, status: 0
02-20 19:30:02.065  1800  1800 I AndroidRuntime: VM exiting with result code 0, cleanup skipped.
02-20 19:30:02.061     0     0 D ieee80211 phy1: hw scan 2457 MHz
02-20 19:30:02.061     0     0 W FAT-fs (vde): Volume was not properly unmounted. Some data may be corrupt. Please run fsck.
02-20 19:30:02.062     0     0 D SELinux : initialized (dev vde, type vfat), uses genfs_contexts
02-20 19:30:02.091     0     0 D SELinux : initialized (dev fuse, type fuse), uses genfs_contexts
02-20 19:30:02.095     0     0 D SELinux : initialized (dev fuse, type fuse), uses genfs_contexts
02-20 19:30:02.098     0     0 D SELinux : initialized (dev fuse, type fuse), uses genfs_contexts
02-20 19:30:02.086  1861  1861 W sdcard  : Device explicitly disabled sdcardfs
02-20 19:30:02.106  1372  1372 I MediaPlayerService: MediaPlayerService::getOMX
02-20 19:30:02.106  1372  1372 I OMXClient: MuxOMX ctor
02-20 19:30:02.106  1369  1390 I OMXMaster: makeComponentInstance(OMX.google.raw.decoder) in mediacodec process
02-20 19:30:02.108  1372  1372 I MediaPlayerService: MediaPlayerService::getOMX
02-20 19:30:02.109  1372  1372 I OMXClient: MuxOMX ctor
02-20 19:30:02.109  1369  1369 I OMXMaster: makeComponentInstance(OMX.google.aac.encoder) in mediacodec process
02-20 19:30:02.120  1676  1726 D VoldConnector: RCV <- {651 public:253,64 2}
02-20 19:30:02.120  1676  1726 D VoldConnector: RCV <- {200 6 Command succeeded}
02-20 19:30:02.125  1372  1372 I MediaPlayerService: MediaPlayerService::getOMX
02-20 19:30:02.125  1372  1372 I OMXClient: MuxOMX ctor
02-20 19:30:02.125  1369  1369 I OMXMaster: makeComponentInstance(OMX.google.amrnb.encoder) in mediacodec process
02-20 19:30:02.129  1759  1759 W InputAttributes: No editor info for this field. Bug?
02-20 19:30:02.149  1372  1372 I MediaPlayerService: MediaPlayerService::getOMX
02-20 19:30:02.151  1372  1372 I OMXClient: MuxOMX ctor
02-20 19:30:02.151  1369  1390 I OMXMaster: makeComponentInstance(OMX.google.amrwb.encoder) in mediacodec process
02-20 19:30:02.190     0     0 D ieee80211 phy1: hw scan 2462 MHz
02-20 19:30:02.189  1372  1372 I MediaPlayerService: MediaPlayerService::getOMX
02-20 19:30:02.190  1372  1372 I OMXClient: MuxOMX ctor
02-20 19:30:02.190  1369  1390 I OMXMaster: makeComponentInstance(OMX.google.flac.encoder) in mediacodec process
02-20 19:30:02.203  1373  1675 D CommandListener: Setting iface cfg
02-20 19:30:02.203  1373  1675 D CommandListener: Trying to bring down wlan0
02-20 19:30:02.203  1676  1676 W NetworkManagement: setDataSaverMode(): already false
02-20 19:30:02.205  1373  1675 D CommandListener: Clearing all IP addresses on wlan0
02-20 19:30:02.229  1676  1734 E WifiMonitor: killSupplicant p2pfalse init.svc.wpa_supplicant=unknown init.svc.p2p_supplicant=unknown
02-20 19:30:02.231     0     0 I init    : Starting service 'wpa_supplicant'...
02-20 19:30:02.230  1676  1734 E wifi    : Can not initialize the vendor function pointer table
02-20 19:30:02.230  1676  1734 E WifiNative-HAL: Could not start hal
02-20 19:30:02.230  1676  1734 E WifiStateMachine: Failed to start HAL
02-20 19:30:02.232  1676  1734 D WifiMonitor: startMonitoring(wlan0) with mConnected = false
02-20 19:30:02.232  1676  1734 E WifiHW  : Unable to open connection to supplicant on "@android:wpa_wlan0": No such file or directory
02-20 19:30:02.235  1766  1884 E WVMExtractor: Failed to open libwvm.so: dlopen failed: library "libwvm.so" not found
02-20 19:30:02.263  1372  1372 I MediaPlayerService: MediaPlayerService::getOMX
02-20 19:30:02.263  1372  1372 I OMXClient: MuxOMX ctor
02-20 19:30:02.263  1369  1836 I OMXMaster: makeComponentInstance(OMX.google.gsm.decoder) in mediacodec process
02-20 19:30:02.274  1759  1881 I LatinIME:LogUtils: Dictionary info: dictionary = userunigram.en_US ; version = 1519155002 ; date = ?
02-20 19:30:02.275  1759  1881 E ActivityThread: Failed to find provider info for user_dictionary
02-20 19:30:02.275  1759  1881 I LatinIME:LogUtils: Dictionary info: dictionary = UserHistoryDictionary.en_US ; version = 1519155002 ; date = ?
02-20 19:30:02.297  1372  1372 I MediaPlayerService: MediaPlayerService::getOMX
02-20 19:30:02.298  1372  1372 I OMXClient: MuxOMX ctor
02-20 19:30:02.298  1369  1836 I OMXMaster: makeComponentInstance(OMX.google.mpeg4.decoder) in mediacodec process
02-20 19:30:02.341  1499  1499 E hostapd : Using interface wlan1 with hwaddr 02:00:00:00:01:00 and ssid "AndroidWifi"
02-20 19:30:02.341  1499  1499 I hostapd : wlan1: interface state HT_SCAN->ENABLED
02-20 19:30:02.341  1499  1499 I hostapd : wlan1: AP-ENABLED 
02-20 19:30:02.342  1676  1693 W WindowManager: Keyguard drawn timeout. Setting mKeyguardDrawComplete
02-20 19:30:02.343  1888  1888 I wpa_supplicant: Successfully initialized wpa_supplicant
02-20 19:30:02.347  1888  1888 I wpa_supplicant: rfkill: Cannot open RFKILL control device
02-20 19:30:02.348  1888  1888 I wpa_supplicant: nl80211: Could not re-add multicast membership for vendor events: -2 (No such file or directory)
02-20 19:30:02.310     0     0 D ieee80211 phy1: hw scan complete
02-20 19:30:02.310     0     0 D ieee80211 phy1: mac80211_hwsim_get_survey (idx=0)
02-20 19:30:02.341     0     0 D ieee80211 phy1: mac80211_hwsim_config (freq=0 idle=0 ps=0 smps=auto)
02-20 19:30:02.341     0     0 D ieee80211 phy1: add channel context control: 2447 MHz/width: 2/cfreqs:2437/0 MHz
02-20 19:30:02.341     0     0 D ieee80211 phy1: mac80211_hwsim_bss_info_changed(changed=0x40000)
02-20 19:30:02.341     0     0 D ieee80211 phy1: TX Power: 20 dBm
02-20 19:30:02.341     0     0 D ieee80211 phy1: mac80211_hwsim_bss_info_changed(changed=0x4000)
02-20 19:30:02.341     0     0 D ieee80211 phy1: change channel context control: 2447 MHz/width: 2/cfreqs:2437/0 MHz
02-20 19:30:02.341     0     0 D ieee80211 phy1: mac80211_hwsim_bss_info_changed(changed=0x88340)
02-20 19:30:02.341     0     0 D ieee80211 phy1: BCNINT: 100
02-20 19:30:02.341     0     0 D ieee80211 phy1: BCN EN: 1
02-20 19:30:02.341     0     0 D ieee80211 phy1: mac80211_hwsim_bss_info_changed(changed=0x3e)
02-20 19:30:02.341     0     0 D ieee80211 phy1: ERP_CTS_PROT: 0
02-20 19:30:02.341     0     0 D ieee80211 phy1: ERP_PREAMBLE: 0
02-20 19:30:02.341     0     0 D ieee80211 phy1: ERP_SLOT: 1
02-20 19:30:02.341     0     0 D ieee80211 phy1: HT: op_mode=0x0
02-20 19:30:02.341     0     0 D ieee80211 phy1: BASIC_RATES: 0xf
02-20 19:30:02.341     0     0 D ieee80211 phy1: mac80211_hwsim_conf_tx (queue=0 txop=47 cw_min=3 cw_max=7 aifs=1)
02-20 19:30:02.341     0     0 D ieee80211 phy1: mac80211_hwsim_bss_info_changed(changed=0x2000)
02-20 19:30:02.341     0     0 D ieee80211 phy1: mac80211_hwsim_conf_tx (queue=1 txop=94 cw_min=7 cw_max=15 aifs=1)
02-20 19:30:02.341     0     0 D ieee80211 phy1: mac80211_hwsim_bss_info_changed(changed=0x2000)
02-20 19:30:02.341     0     0 D ieee80211 phy1: mac80211_hwsim_conf_tx (queue=2 txop=0 cw_min=15 cw_max=63 aifs=3)
02-20 19:30:02.341     0     0 D ieee80211 phy1: mac80211_hwsim_bss_info_changed(changed=0x2000)
02-20 19:30:02.341     0     0 D ieee80211 phy1: mac80211_hwsim_conf_tx (queue=3 txop=0 cw_min=15 cw_max=1023 aifs=7)
02-20 19:30:02.341     0     0 D ieee80211 phy1: mac80211_hwsim_bss_info_changed(changed=0x2000)
02-20 19:30:02.341     0     0 I IPv6    : ADDRCONF(NETDEV_CHANGE): wlan1: link becomes ready
02-20 19:30:02.342     0     0 D ieee80211 phy1: mac80211_hwsim_configure_filter
02-20 19:30:02.347     0     0 D ieee80211 phy0: mac80211_hwsim_start
02-20 19:30:02.347     0     0 D ieee80211 phy0: mac80211_hwsim_add_interface (type=2 mac_addr=02:00:00:44:55:66)
02-20 19:30:02.347     0     0 D ieee80211 phy0: mac80211_hwsim_bss_info_changed(changed=0xe)
02-20 19:30:02.347     0     0 D ieee80211 phy0: ERP_CTS_PROT: 0
02-20 19:30:02.347     0     0 D ieee80211 phy0: ERP_PREAMBLE: 0
02-20 19:30:02.347     0     0 D ieee80211 phy0: ERP_SLOT: 0
02-20 19:30:02.347     0     0 D ieee80211 phy0: mac80211_hwsim_conf_tx (queue=0 txop=0 cw_min=15 cw_max=1023 aifs=2)
02-20 19:30:02.347     0     0 D ieee80211 phy0: mac80211_hwsim_conf_tx (queue=1 txop=0 cw_min=15 cw_max=1023 aifs=2)
02-20 19:30:02.347     0     0 D ieee80211 phy0: mac80211_hwsim_conf_tx (queue=2 txop=0 cw_min=15 cw_max=1023 aifs=2)
02-20 19:30:02.347     0     0 D ieee80211 phy0: mac80211_hwsim_conf_tx (queue=3 txop=0 cw_min=15 cw_max=1023 aifs=2)
02-20 19:30:02.347     0     0 D ieee80211 phy0: mac80211_hwsim_bss_info_changed(changed=0x2000)
02-20 19:30:02.347     0     0 D ieee80211 phy0: mac80211_hwsim_config (freq=0 idle=0 ps=0 smps=auto)
02-20 19:30:02.347     0     0 I IPv6    : ADDRCONF(NETDEV_UP): wlan0: link is not ready
02-20 19:30:02.347     0     0 D ieee80211 phy0: mac80211_hwsim_configure_filter
02-20 19:30:02.352  1369  1369 E OMXNodeInstance: getExtensionIndex(559000f:google.mpeg4.decoder, OMX.google.android.index.configureVideoTunnelMode) ERROR: UnsupportedIndex(0x8000101a)
02-20 19:30:02.352  1369  1390 W OMXNodeInstance: [559000f:google.mpeg4.decoder] component does not support metadata mode; using fallback
02-20 19:30:02.353  1372  1372 I MediaPlayerService: MediaPlayerService::getOMX
02-20 19:30:02.353  1372  1372 I OMXClient: MuxOMX ctor
02-20 19:30:02.353  1369  1836 I OMXMaster: makeComponentInstance(OMX.google.h263.decoder) in mediacodec process
02-20 19:30:02.374  1676  1676 D NetworkPolicy: setRestrictBackgroundUL(): false
02-20 19:30:02.374  1676  1676 W NetworkManagement: setDataSaverMode(): already false
02-20 19:30:02.397  1369  1390 E OMXNodeInstance: getExtensionIndex(5590010:google.h263.decoder, OMX.google.android.index.configureVideoTunnelMode) ERROR: UnsupportedIndex(0x8000101a)
02-20 19:30:02.397  1369  1369 W OMXNodeInstance: [5590010:google.h263.decoder] component does not support metadata mode; using fallback
02-20 19:30:02.408  1372  1372 I MediaPlayerService: MediaPlayerService::getOMX
02-20 19:30:02.408  1372  1372 I OMXClient: MuxOMX ctor
02-20 19:30:02.408  1369  1836 I OMXMaster: makeComponentInstance(OMX.google.h264.decoder) in mediacodec process
02-20 19:30:02.416  1888  1888 E wpa_supplicant: global ctrl interface @android:wpa_wlan0 matches ctrl interface wlan0 - do not open per-interface ctrl interface
02-20 19:30:02.441  1759  1881 I LatinIME:LogUtils: Dictionary info: dictionary = main:en ; version = 54 ; date = 1414726273
02-20 19:30:02.444  1766  1766 I vol.Events: writeEvent collection_started
02-20 19:30:02.451  1372  1372 W ACodec  : [OMX.google.h264.decoder] stopping checking profiles after 32: 2/8000
02-20 19:30:02.451  1369  1836 E OMXNodeInstance: getExtensionIndex(5590011:google.h264.decoder, OMX.google.android.index.configureVideoTunnelMode) ERROR: UnsupportedIndex(0x8000101a)
02-20 19:30:02.451  1369  1369 W OMXNodeInstance: [5590011:google.h264.decoder] component does not support metadata mode; using fallback
02-20 19:30:02.455  1372  1372 I MediaPlayerService: MediaPlayerService::getOMX
02-20 19:30:02.456  1372  1372 I OMXClient: MuxOMX ctor
02-20 19:30:02.456  1369  1390 I OMXMaster: makeComponentInstance(OMX.google.hevc.decoder) in mediacodec process
02-20 19:30:02.458  1766  1908 I sysui_action: [213,2]
02-20 19:30:02.458  1766  1908 I vol.Events: writeEvent external_ringer_mode_changed normal
02-20 19:30:02.458  1766  1908 I vol.Events: writeEvent internal_ringer_mode_changed normal
02-20 19:30:02.508  1369  1836 E OMXNodeInstance: getExtensionIndex(5590012:google.hevc.decoder, OMX.google.android.index.configureVideoTunnelMode) ERROR: UnsupportedIndex(0x8000101a)
02-20 19:30:02.508  1369  1836 W OMXNodeInstance: [5590012:google.hevc.decoder] component does not support metadata mode; using fallback
02-20 19:30:02.514  1372  1372 I MediaPlayerService: MediaPlayerService::getOMX
02-20 19:30:02.515  1372  1372 I OMXClient: MuxOMX ctor
02-20 19:30:02.515  1369  1390 I OMXMaster: makeComponentInstance(OMX.google.vp8.decoder) in mediacodec process
02-20 19:30:02.554  1369  1836 E OMXNodeInstance: getExtensionIndex(5590013:google.vp8.decoder, OMX.google.android.index.configureVideoTunnelMode) ERROR: UnsupportedIndex(0x8000101a)
02-20 19:30:02.555  1369  1369 W OMXNodeInstance: [5590013:google.vp8.decoder] component does not support metadata mode; using fallback
02-20 19:30:02.555  1676  1676 I SystemServiceManager: Starting phase 600
02-20 19:30:02.556  1372  1372 I MediaPlayerService: MediaPlayerService::getOMX
02-20 19:30:02.556  1372  1372 I OMXClient: MuxOMX ctor
02-20 19:30:02.556  1369  1390 I OMXMaster: makeComponentInstance(OMX.google.vp9.decoder) in mediacodec process
02-20 19:30:02.564  1676  1676 D SensorNotificationService: Cannot obtain dynamic meta sensor, not supported.
02-20 19:30:02.577  1676  1730 I netstats_mobile_sample: [0,0,0,0,0,0,0,0,0,0,0,0,-1]
02-20 19:30:02.577  1676  1730 I netstats_wifi_sample: [0,0,0,0,0,0,0,0,0,0,0,0,-1]
02-20 19:30:02.586  1369  1836 E OMXNodeInstance: getExtensionIndex(5590014:google.vp9.decoder, OMX.google.android.index.configureVideoTunnelMode) ERROR: UnsupportedIndex(0x8000101a)
02-20 19:30:02.586  1369  1369 W OMXNodeInstance: [5590014:google.vp9.decoder] component does not support metadata mode; using fallback
02-20 19:30:02.595  1372  1372 I MediaPlayerService: MediaPlayerService::getOMX
02-20 19:30:02.595  1372  1372 I OMXClient: MuxOMX ctor
02-20 19:30:02.595  1369  1390 I OMXMaster: makeComponentInstance(OMX.google.h263.encoder) in mediacodec process
02-20 19:30:02.596  1676  1676 D TelephonyRegistry: listen oscl: hasNotifySubscriptionInfoChangedOccurred==false no callback
02-20 19:30:02.610  1676  1676 I GnssLocationProvider: WakeLock acquired by sendMessage(13, 0, null)
02-20 19:30:02.610  1676  1691 W GnssLocationProvider: Could not open GPS configuration file /etc/gps.conf
02-20 19:30:02.610  1676  1691 E GnssLocationProvider: no AGPS interface in set_agps_server
02-20 19:30:02.614  1676  1676 W LocationProviderProxy-network: Odd, no component found for service com.android.location.service.v3.NetworkLocationProvider
02-20 19:30:02.616  1676  1676 W GeocoderProxy: Odd, no component found for service com.android.location.service.GeocodeProvider
02-20 19:30:02.617  1676  1691 D TelephonyRegistry: listen oscl: hasNotifySubscriptionInfoChangedOccurred==false no callback
02-20 19:30:02.623  1369  1390 I SoftMPEG4Encoder: Construct SoftMPEG4Encoder
02-20 19:30:02.624  1372  1372 W ACodec  : do not know color format 0x7f000789 = 2130708361
02-20 19:30:02.624  1369  1836 E OMXNodeInstance: getConfig(5590015:google.h263.encoder, ConfigAndroidIntraRefresh(0x6f60000a)) ERROR: Undefined(0x80001001)
02-20 19:30:02.625  1676  1676 E FlpHardwareProvider: Error hw_get_module 'flp': -2
02-20 19:30:02.625  1676  1676 D LocationManagerService: FLP HAL not supported
02-20 19:30:02.626  1676  1676 W GeofenceProxy: Odd, no component found for service com.android.location.service.GeofenceProvider
02-20 19:30:02.627  1676  1676 E ActivityRecognitionHardware: Error hw_get_module: -2
02-20 19:30:02.627  1676  1676 D LocationManagerService: Hardware Activity-Recognition not supported.
02-20 19:30:02.627  1676  1676 W ActivityRecognitionProxy: Odd, no component found for service com.android.location.service.ActivityRecognitionProvider
02-20 19:30:02.628  1676  1676 I GnssLocationProvider: WakeLock acquired by sendMessage(2, 1, null)
02-20 19:30:02.629  1372  1372 I MediaPlayerService: MediaPlayerService::getOMX
02-20 19:30:02.633  1372  1372 I OMXClient: MuxOMX ctor
02-20 19:30:02.633  1369  1390 I OMXMaster: makeComponentInstance(OMX.google.h264.encoder) in mediacodec process
02-20 19:30:02.638  1676  1676 I CommonTimeManagementService: No common time service detected on this platform.  Common time services will be unavailable.
02-20 19:30:02.639  1676  1676 D TelephonyRegistry: systemRunning register for intents
02-20 19:30:02.640  1676  1676 I MmsServiceBroker: Delay connecting to MmsService until an API is called
02-20 19:30:02.643  1676  1688 I stream_devices_changed: [0,0,2]
02-20 19:30:02.643  1676  1688 I stream_devices_changed: [2,0,2]
02-20 19:30:02.643  1676  1721 I InputReader: Reconfiguring input devices.  changes=0x00000020
02-20 19:30:02.643  1676  1688 I stream_devices_changed: [3,0,2]
02-20 19:30:02.644  1676  1688 I stream_devices_changed: [6,0,2]
02-20 19:30:02.645  1676  1688 I stream_devices_changed: [4,0,2]
02-20 19:30:02.646  1766  1908 I vol.Events: writeEvent level_changed STREAM_ALARM 6
02-20 19:30:02.653  1766  1908 I vol.Events: writeEvent level_changed STREAM_BLUETOOTH_SCO 7
02-20 19:30:02.653  1676  1721 I InputReader: Reconfiguring input devices.  changes=0x00000010
02-20 19:30:02.655  1766  1908 I vol.Events: writeEvent level_changed STREAM_MUSIC 11
02-20 19:30:02.656  1766  1908 I vol.Events: writeEvent level_changed STREAM_RING 5
02-20 19:30:02.656  1766  1908 I vol.Events: writeEvent level_changed STREAM_SYSTEM 5
02-20 19:30:02.656  1766  1908 I vol.Events: writeEvent level_changed STREAM_VOICE_CALL 4
02-20 19:30:02.661  1676  1691 I GnssLocationProvider: WakeLock released by handleMessage(13, 0, null)
02-20 19:30:02.662  1676  1691 E GnssLocationProvider: no AGPS interface in set_agps_server
02-20 19:30:02.665  1372  1372 W ACodec  : do not know color format 0x7f000789 = 2130708361
02-20 19:30:02.666  1676  1691 I GnssLocationProvider: WakeLock released by handleMessage(2, 1, null)
02-20 19:30:02.669  1372  1372 I MediaPlayerService: MediaPlayerService::getOMX
02-20 19:30:02.669  1372  1372 I OMXClient: MuxOMX ctor
02-20 19:30:02.669  1369  1390 I OMXMaster: makeComponentInstance(OMX.google.mpeg4.encoder) in mediacodec process
02-20 19:30:02.699  1369  1390 I SoftMPEG4Encoder: Construct SoftMPEG4Encoder
02-20 19:30:02.700  1372  1372 W ACodec  : do not know color format 0x7f000789 = 2130708361
02-20 19:30:02.700  1369  1836 E OMXNodeInstance: getConfig(5590017:google.mpeg4.encoder, ConfigAndroidIntraRefresh(0x6f60000a)) ERROR: Undefined(0x80001001)
02-20 19:30:02.703  1372  1372 I MediaPlayerService: MediaPlayerService::getOMX
02-20 19:30:02.704  1372  1372 I OMXClient: MuxOMX ctor
02-20 19:30:02.704  1369  1390 I OMXMaster: makeComponentInstance(OMX.google.vp8.encoder) in mediacodec process
02-20 19:30:02.713  1313  1324 E SurfaceFlinger: ro.sf.lcd_density must be defined as a build property
02-20 19:30:02.729  1934  1934 W art     : Unexpected CPU variant for X86 using defaults: x86_64
02-20 19:30:02.729  1372  1372 W ACodec  : do not know color format 0x7f000789 = 2130708361
02-20 19:30:02.729  1369  1836 E OMXNodeInstance: getConfig(5590018:google.vp8.encoder, ConfigAndroidIntraRefresh(0x6f60000a)) ERROR: Undefined(0x80001001)
02-20 19:30:02.736  1676  1676 I am_proc_start: [0,1934,1001,com.android.phone,added application,com.android.phone]
02-20 19:30:02.736  1676  1676 I ActivityManager: Start proc 1934:com.android.phone/1001 for added application com.android.phone
02-20 19:30:02.737  1372  1372 I MediaPlayerService: MediaPlayerService::getOMX
02-20 19:30:02.737  1372  1372 I OMXClient: MuxOMX ctor
02-20 19:30:02.737  1676  1676 I ActivityManager: START u0 {act=android.intent.action.MAIN cat=[android.intent.category.HOME] flg=0x10000100 cmp=com.android.settings/.FallbackHome} from uid 0 on display 0
02-20 19:30:02.740  1372  1372 I MediaPlayerService: MediaPlayerService::getOMX
02-20 19:30:02.740  1372  1372 I OMXClient: MuxOMX ctor
02-20 19:30:02.740  1676  1676 W System  : ClassLoader referenced unknown path: 
02-20 19:30:02.740  1372  1372 W MediaCodecList: unable to open media codecs configuration xml file: /data/misc/media/media_codecs_profiling_results.xml
02-20 19:30:02.740  1676  1676 W System  : ClassLoader referenced unknown path: /system/priv-app/Settings/lib/x86_64
02-20 19:30:02.740  1372  1837 I MediaPlayerService: MediaPlayerService::getOMX
02-20 19:30:02.740  1372  1399 I MediaPlayerService: MediaPlayerService::getOMX
02-20 19:30:02.741  1676  1676 D ApplicationLoaders: ignored Vulkan layer search path /system/priv-app/Settings/lib/x86_64:/system/priv-app/Settings/Settings.apk!/lib/x86_64:/system/lib64:/vendor/lib64 for namespace 0x768891618160
02-20 19:30:02.741  1766  1891 I OMXClient: MuxOMX ctor
02-20 19:30:02.741  1676  1799 I OMXClient: MuxOMX ctor
02-20 19:30:02.741  1369  1390 I OMXMaster: makeComponentInstance(OMX.google.vorbis.decoder) in mediacodec process
02-20 19:30:02.747  1676  1676 I ActivityManager: Loaded persisted task ids for user 0
02-20 19:30:02.748  1676  1676 I am_create_task: [0,1]
02-20 19:30:02.748  1676  1676 I am_create_activity: [0,173283028,1,com.android.settings/.FallbackHome,android.intent.action.MAIN,NULL,NULL,276824320]
02-20 19:30:02.748  1676  1676 I wm_task_created: [1,0]
02-20 19:30:02.748  1676  1676 I wm_task_moved: [1,1,0]
02-20 19:30:02.748  1676  1676 I wm_task_moved: [1,1,0]
02-20 19:30:02.749  1676  1676 I am_focused_activity: [0,com.android.settings/.FallbackHome,startedActivity]
02-20 19:30:02.761  1949  1949 W art     : Unexpected CPU variant for X86 using defaults: x86_64
02-20 19:30:02.765  1676  1676 I am_proc_start: [0,1949,1000,com.android.settings,activity,com.android.settings/.FallbackHome]
02-20 19:30:02.765  1676  1676 I ActivityManager: Start proc 1949:com.android.settings/1000 for activity com.android.settings/.FallbackHome
02-20 19:30:02.773  1676  1688 I am_proc_bound: [0,1934,com.android.phone]
02-20 19:30:02.777  1766  1766 D         : HostConnection::get() New Host Connection established 0x768880a2e780, tid 1766
02-20 19:30:02.777  1676  1676 I SystemServer: Enabled StrictMode for system server main thread.
02-20 19:30:02.779  1676  1676 D ConditionProviders.SCP: onConnected
02-20 19:30:02.780  1676  1676 D ZenLog  : set_zen_mode: off,readXml
02-20 19:30:02.783  1676  1691 W LocationProviderProxy-network: Odd, no component found for service com.android.location.service.v3.NetworkLocationProvider
02-20 19:30:02.784  1369  1369 I OMXMaster: makeComponentInstance(OMX.google.vorbis.decoder) in mediacodec process
02-20 19:30:02.790  1676  1676 D ConditionProviders: Subscribing to condition://android/schedule?days=6.7&start=23.30&end=10.0&exitAtAlarm=false with ComponentInfo{android/com.android.server.notification.ScheduleConditionProvider}
02-20 19:30:02.790  1676  1676 D ZenLog  : subscribe: condition://android/schedule?days=6.7&start=23.30&end=10.0&exitAtAlarm=false,ok
02-20 19:30:02.790  1676  1676 D ConditionProviders: Subscribing to condition://android/event?userId=-10000&calendar=&reply=1 with ComponentInfo{android/com.android.server.notification.EventConditionProvider}
02-20 19:30:02.790  1676  1676 D ZenLog  : subscribe: condition://android/event?userId=-10000&calendar=&reply=1,ok
02-20 19:30:02.790  1676  1676 D ConditionProviders: Subscribing to condition://android/schedule?days=1.2.3.4.5&start=22.0&end=7.0&exitAtAlarm=false with ComponentInfo{android/com.android.server.notification.ScheduleConditionProvider}
02-20 19:30:02.790  1676  1676 D ZenLog  : subscribe: condition://android/schedule?days=1.2.3.4.5&start=22.0&end=7.0&exitAtAlarm=false,ok
02-20 19:30:02.791  1676  1688 I am_proc_bound: [0,1949,com.android.settings]
02-20 19:30:02.805  1313  1323 D PermissionCache: checking android.permission.READ_FRAME_BUFFER for uid=1000 => granted (305 us)
02-20 19:30:02.826  1934  1934 W System  : ClassLoader referenced unknown path: /system/priv-app/TeleService/lib/x86_64
02-20 19:30:02.828  1676  1691 W GeocoderProxy: Odd, no component found for service com.android.location.service.GeocodeProvider
02-20 19:30:02.828  1676  1691 W GeofenceProxy: Odd, no component found for service com.android.location.service.GeofenceProvider
02-20 19:30:02.828  1676  1691 W ActivityRecognitionProxy: Odd, no component found for service com.android.location.service.ActivityRecognitionProvider
02-20 19:30:02.855  1313  1323 D gralloc_ranchu: gralloc_alloc: Creating ashmem region of size 17051648
02-20 19:30:02.873  1372  1894 I MediaPlayerService: MediaPlayerService::getOMX
02-20 19:30:02.878  1676  1980 I OMXClient: MuxOMX ctor
02-20 19:30:02.880  1369  1967 I OMXMaster: makeComponentInstance(OMX.google.vorbis.decoder) in mediacodec process
02-20 19:30:02.887  1372  1372 I MediaPlayerService: MediaPlayerService::getOMX
02-20 19:30:02.887  1766  1981 I OMXClient: MuxOMX ctor
02-20 19:30:02.914  1369  1836 I OMXMaster: makeComponentInstance(OMX.google.vorbis.decoder) in mediacodec process
02-20 19:30:02.942  1372  1837 I MediaPlayerService: MediaPlayerService::getOMX
02-20 19:30:02.943  1676  1987 I OMXClient: MuxOMX ctor
02-20 19:30:02.944  1369  1978 I OMXMaster: makeComponentInstance(OMX.google.vorbis.decoder) in mediacodec process
02-20 19:30:02.979  1676  1688 I am_restart_activity: [0,173283028,1,com.android.settings/.FallbackHome]
02-20 19:30:02.981  1676  1699 W art     : Long monitor contention with owner Binder:1676_2 (1688) at void com.android.server.am.ActivityManagerService.attachApplication(android.app.IApplicationThread)(ActivityManagerService.java:6669) waiters=0 in void com.android.server.am.ActivityManagerService$LocalService.notifyAppTransitionCancelled() for 187ms
02-20 19:30:02.981  1676  1699 I dvm_lock_sample: [system_server,1,android.display,187,ActivityManagerService.java,21995,-,6669,37]
02-20 19:30:02.983  1676  1676 D ZenLog  : set_zen_mode: off,cleanUpZenRules
02-20 19:30:02.983  1676  1676 D RttService: SCAN_AVAILABLE : 1
02-20 19:30:02.984  1676  1736 I WifiScanningService: wifi driver unloaded
02-20 19:30:02.984  1676  1737 D RttService: DefaultState got{ when=-1ms what=160513 target=com.android.internal.util.StateMachine$SmHandler }
02-20 19:30:02.996  1949  1949 W System  : ClassLoader referenced unknown path: /system/priv-app/Settings/lib/x86_64
02-20 19:30:03.006  1934  1934 W System  : ClassLoader referenced unknown path: /system/priv-app/TelephonyProvider/lib/x86_64
02-20 19:30:03.007  1934  1934 D ApplicationLoaders: ignored Vulkan layer search path /system/priv-app/TelephonyProvider/lib/x86_64:/system/lib64:/vendor/lib64 for namespace 0x7688915ad0f0
02-20 19:30:03.008  1676  1676 W System  : ClassLoader referenced unknown path: /system/priv-app/Telecom/lib/x86_64
02-20 19:30:03.010  1676  1676 D ApplicationLoaders: ignored Vulkan layer search path /system/priv-app/Telecom/lib/x86_64:/system/priv-app/Telecom/Telecom.apk!/lib/x86_64:/system/lib64:/vendor/lib64 for namespace 0x7688916181d0
02-20 19:30:03.027  1372  1372 I MediaPlayerService: MediaPlayerService::getOMX
02-20 19:30:03.029  1766  1991 I OMXClient: MuxOMX ctor
02-20 19:30:03.032  1369  1986 I OMXMaster: makeComponentInstance(OMX.google.vorbis.decoder) in mediacodec process
02-20 19:30:03.121  1949  1949 I am_on_resume_called: [0,com.android.settings.FallbackHome,LAUNCH_ACTIVITY]
02-20 19:30:03.124  1676  1676 E BluetoothAdapter: Bluetooth binder is null
02-20 19:30:03.132  1934  1934 D TelephonyProvider: dbh.onOpen: ok, queried table=siminfo
02-20 19:30:03.133  1934  1934 D TelephonyProvider: dbh.onOpen: ok, queried table=carriers
02-20 19:30:03.135  1766  1766 D StorageNotification: Notifying about private volume: VolumeInfo{private}:
02-20 19:30:03.135  1766  1766 D StorageNotification:     type=PRIVATE diskId=null partGuid=null mountFlags=0 mountUserId=-1 
02-20 19:30:03.135  1766  1766 D StorageNotification:     state=MOUNTED 
02-20 19:30:03.135  1766  1766 D StorageNotification:     fsType=null fsUuid=null fsLabel=null 
02-20 19:30:03.135  1766  1766 D StorageNotification:     path=/data internalPath=null 
02-20 19:30:03.136  1766  1766 D StorageNotification: Notifying about public volume: VolumeInfo{public:253,64}:
02-20 19:30:03.136  1766  1766 D StorageNotification:     type=PUBLIC diskId=disk:253,64 partGuid=null mountFlags=VISIBLE 
02-20 19:30:03.136  1766  1766 D StorageNotification:     mountUserId=0 state=MOUNTED 
02-20 19:30:03.136  1766  1766 D StorageNotification:     fsType=vfat fsUuid=1E12-0B12 fsLabel=SDCARD 
02-20 19:30:03.136  1766  1766 D StorageNotification:     path=/storage/1E12-0B12 internalPath=/mnt/media_rw/1E12-0B12 
02-20 19:30:03.136  1313  1988 E SurfaceFlinger: ro.sf.lcd_density must be defined as a build property
02-20 19:30:03.136  1676  1676 I Telecom : SystemStateProvider: Registering car mode receiver: android.content.IntentFilter@2a7dc82: TS.init@AAA
02-20 19:30:03.137  1372  1894 I MediaPlayerService: MediaPlayerService::getOMX
02-20 19:30:03.146  1949  1949 D         : HostConnection::get() New Host Connection established 0x7688829fdd60, tid 1949
02-20 19:30:03.147  1676  1996 I OMXClient: MuxOMX ctor
02-20 19:30:03.148  1369  1836 I OMXMaster: makeComponentInstance(OMX.google.vorbis.decoder) in mediacodec process
02-20 19:30:03.154  1676  1999 I Telecom : Telecom: Non-call EVENT: AUDIO_ROUTE, Entering state QuiescentEarpieceRoute
02-20 19:30:03.203  1676  2000 I Telecom : CallAudioModeStateMachine: Message received: null.: TS.init->CAMSM.pM_1@AAA_0
02-20 19:30:03.228  1676  2004 E ActivityThread: Failed to find provider info for call_log
02-20 19:30:03.229  1934  1934 D TDC     : updateOrInsert: inserting: Modem { uuid=modem, state=0, rilModel=0, rat={}, maxActiveVoiceCall=1, maxActiveDataCall=1, maxStandby=1 }
02-20 19:30:03.229  1934  1934 D TDC     : updateOrInsert: inserting: Sim { uuid=sim, modemUuid=modem, state=0 }
02-20 19:30:03.233  1676  1676 E BluetoothAdapter: Bluetooth binder is null
02-20 19:30:03.241  1676  1734 D WifiConfigManager: Loading config and enabling all networks 
02-20 19:30:03.246  1934  1934 D CdmaSSM : subscriptionSource from settings: 0
02-20 19:30:03.246  1934  1934 I PhoneFactory: Cdma Subscription set to 0
02-20 19:30:03.286  1676  1676 I Telecom : Class: TelecomSystem.INSTANCE being set
02-20 19:30:03.286  1676  1676 E BluetoothAdapter: Bluetooth binder is null
02-20 19:30:03.287  1676  1676 W ContextImpl: Calling a method in the system process without a qualified user: android.app.ContextImpl.startService:1357 com.android.server.content.SyncManager$13.run:658 android.os.Handler.handleCallback:751 android.os.Handler.dispatchMessage:95 android.os.Looper.loop:154 
02-20 19:30:03.290  1934  1934 I PhoneFactory: Network Mode set to 0
02-20 19:30:03.305  1949  1995 D         : HostConnection::get() New Host Connection established 0x76888521d660, tid 1995
02-20 19:30:03.313  1676  1734 W WifiNetworkHistory: Upgrading network 0 to android.uid.system:1000
02-20 19:30:03.318  1676  1734 D WifiConfigManager: loaded 0 passpoint configs
02-20 19:30:03.318  1949  1995 I OpenGLRenderer: Initialized EGL, version 1.4
02-20 19:30:03.318  1676  1734 E IpConfigStore: Error parsing configuration: java.io.FileNotFoundException: /data/misc/wifi/ipconfig.txt (No such file or directory)
02-20 19:30:03.318  1949  1995 D OpenGLRenderer: Swap behavior 1
02-20 19:30:03.323  1676  1734 D WifiNative-HAL: Setting external_sim to 1
02-20 19:30:03.330  1934  1934 D RILJ    : RIL(context, preferredNetworkType=0 cdmaSubscription=0)
02-20 19:30:03.331  1676  1734 D WifiStateMachine: Setting OUI to DA-A1-19
02-20 19:30:03.331  1934  1934 D RILJ    : Starting RILReceiver0 [SUB0]
02-20 19:30:03.334  1934  1934 D RILJ    : [3648]> GET_HARDWARE_CONFIG [SUB0]
02-20 19:30:03.348  1934  1934 D RilRequest: [3648]< GET_HARDWARE_CONFIG error: com.android.internal.telephony.CommandException: RADIO_NOT_AVAILABLE ret=
02-20 19:30:03.348  1934  1934 I PhoneFactory: Creating SubscriptionController
02-20 19:30:03.351  1374  1514 I RILC    : libril: new connection to RIL_SOCKET_1
02-20 19:30:03.351  1374  1514 I RILC    : RIL Daemon version: android reference-ril 1.0
02-20 19:30:03.351  1934  2017 I RILJ    : (0) Connected to 'rild' socket
02-20 19:30:03.351  1934  1934 D SubscriptionController: [SubscriptionController] init by Context
02-20 19:30:03.351  1934  2017 D RILJ    : [UNSL]< UNSOL_RIL_CONNECTED {12} [SUB0]
02-20 19:30:03.352  1934  2017 D RILJ    : [3649]> RADIO_POWER off [SUB0]
02-20 19:30:03.354  1934  2017 D RILJ    : [3650]> RIL_REQUEST_CDMA_SET_SUBSCRIPTION_SOURCE : 0 [SUB0]
02-20 19:30:03.355  1374  1514 D RIL     : onRequest: RADIO_POWER
02-20 19:30:03.355  1949  1995 D EGL_emulation: eglCreateContext: 0x76888523aaa0: maj 3 min 0 rcv 3
02-20 19:30:03.355  1934  2017 D RILJ    : setCellInfoListRate: 2147483647 [SUB0]
02-20 19:30:03.355  1934  2017 D RILJ    : [3651]> RIL_REQUEST_SET_CELL_INFO_LIST_RATE [SUB0]
02-20 19:30:03.356  1934  2017 D RILJ    : [UNSL]< UNSOL_RESPONSE_RADIO_STATE_CHANGED RADIO_OFF [SUB0]
02-20 19:30:03.356  1934  2017 D RILJ    : [3652]> SCREEN_STATE: true [SUB0]
02-20 19:30:03.356  1374  1514 D RIL     : onRequest: CDMA_SET_SUBSCRIPTION_SOURCE
02-20 19:30:03.356  1374  1514 D RIL     : onRequest: SET_UNSOL_CELL_INFO_LIST_RATE
02-20 19:30:03.357  1934  2017 D RILJ    : [UNSL]< UNSOL_NITZ_TIME_RECEIVED 18/02/20:19:29:57+0:0:Unknown!Unknown [SUB0]
02-20 19:30:03.357  1374  1514 D RIL     : onRequest: SCREEN_STATE
02-20 19:30:03.358  1934  2017 D RILJ    : [3649]< RADIO_POWER  [SUB0]
02-20 19:30:03.358  1934  2017 D RilRequest: [3650]< RIL_REQUEST_CDMA_SET_SUBSCRIPTION_SOURCE error: com.android.internal.telephony.CommandException: RADIO_NOT_AVAILABLE ret=
02-20 19:30:03.358  1934  1934 D UiccController: Creating UiccController
02-20 19:30:03.358  1934  2017 D RilRequest: [3651]< RIL_REQUEST_SET_CELL_INFO_LIST_RATE error: com.android.internal.telephony.CommandException: RADIO_NOT_AVAILABLE ret=
02-20 19:30:03.358  1934  2017 D RilRequest: [3652]< SCREEN_STATE error: com.android.internal.telephony.CommandException: RADIO_NOT_AVAILABLE ret=
02-20 19:30:03.360  1372  1894 I MediaPlayerService: MediaPlayerService::getOMX
02-20 19:30:03.361  1934  1934 D TelephonyTester: register for intent action=com.android.internal.telephony.action_detached
02-20 19:30:03.361  1934  1934 D TelephonyTester: register for intent action=com.android.internal.telephony.action_attached
02-20 19:30:03.364  1676  2013 I OMXClient: MuxOMX ctor
02-20 19:30:03.365  1369  1836 I OMXMaster: makeComponentInstance(OMX.google.vorbis.decoder) in mediacodec process
02-20 19:30:03.365  1676  1687 I StatusBarManagerService: registerStatusBar bar=com.android.internal.statusbar.IStatusBar$Stub$Proxy@d4e1831
02-20 19:30:03.367  1676  1734 I WifiConnectivityManager: PNO settings: min5GHzRssi -82 min24GHzRssi -85 currentConnectionBonus 16 sameNetworkBonus 24 secureNetworkBonus 80 initialScoreMax 100
02-20 19:30:03.367  1676  1734 I WifiConnectivityManager: ConnectivityScanManager initialized and disabled
02-20 19:30:03.367  1676  1734 I WifiConnectivityManager: setUntrustedConnectionAllowed: allowed=false
02-20 19:30:03.367  1676  1734 E WifiLogger: no ring buffers found
02-20 19:30:03.367  1676  1734 E WifiLogger: Failed to start packet fate monitoring
02-20 19:30:03.370  1934  1934 D Phone   : mDoesRilSendMultipleCallRing=true
02-20 19:30:03.370  1934  1934 D Phone   : mCallRingDelay=3000
02-20 19:30:03.373  1934  1934 D RILJ    : [3653]> RIL_REQUEST_START_LCE [SUB0]
02-20 19:30:03.374  1374  1514 D RIL     : onRequest: <unknown request>
02-20 19:30:03.374  1934  2017 D RilRequest: [3653]< RIL_REQUEST_START_LCE error: com.android.internal.telephony.CommandException: RADIO_NOT_AVAILABLE ret=
02-20 19:30:03.378  1934  1934 E RIL_ImsSms: getFormat should never be called from here!
02-20 19:30:03.378  1934  1934 D SMSDispatcher: SMSDispatcher: ctor mSmsCapable=true format=unknown mSmsSendDisabled=false
02-20 19:30:03.378  1934  1934 D RIL_ImsSms: ImsSMSDispatcher created
02-20 19:30:03.379  1934  1934 D SMSDispatcher: SMSDispatcher: ctor mSmsCapable=true format=3gpp2 mSmsSendDisabled=false
02-20 19:30:03.379  1934  1934 D CdmaSMSDispatcher: CdmaSMSDispatcher created
02-20 19:30:03.381  1676  1676 W System  : ClassLoader referenced unknown path: /system/priv-app/FusedLocation/lib/x86_64
02-20 19:30:03.382  1676  1676 D ApplicationLoaders: ignored Vulkan layer search path /system/priv-app/FusedLocation/lib/x86_64:/system/priv-app/FusedLocation/FusedLocation.apk!/lib/x86_64:/system/lib64:/vendor/lib64 for namespace 0x768891618240
02-20 19:30:03.384  1676  1734 I WifiConnectivityManager: Set WiFi enabled
02-20 19:30:03.384  1676  1734 I WifiConnectivityManager: scheduleWatchdogTimer
02-20 19:30:03.385  1676  1734 D WifiNative-HAL: Failing getSupportedFeatureset because HAL isn't started
02-20 19:30:03.630     0     0 D ieee80211 phy1: mac80211_hwsim_configure_filter
02-20 19:30:03.385  1676  1695 E BatteryStatsService: no controller energy info supplied
02-20 19:30:03.385  1676  1695 E KernelCpuSpeedReader: Failed to read cpu-freq: /sys/devices/system/cpu/cpu0/cpufreq/stats/time_in_state (No such file or directory)
02-20 19:30:03.385  1676  1695 E KernelUidCpuTimeReader: Failed to read uid_cputime: /proc/uid_cputime/show_uid_stat (No such file or directory)
02-20 19:30:03.392  1934  1934 D GsmInboundSmsHandler: created InboundSmsHandler
02-20 19:30:03.394  1676  1734 D WifiNative-HAL: Failing getSupportedFeatureset because HAL isn't started
02-20 19:30:03.394  1676  1695 E BatteryStatsService: no controller energy info supplied
02-20 19:30:03.394  1676  1695 E KernelCpuSpeedReader: Failed to read cpu-freq: /sys/devices/system/cpu/cpu0/cpufreq/stats/time_in_state (No such file or directory)
02-20 19:30:03.394  1676  1695 E KernelUidCpuTimeReader: Failed to read uid_cputime: /proc/uid_cputime/show_uid_stat (No such file or directory)
02-20 19:30:03.401  1934  1934 D CdmaInboundSmsHandler: created InboundSmsHandler
02-20 19:30:03.402  1934  1934 D SMSDispatcher: SMSDispatcher: ctor mSmsCapable=true format=3gpp mSmsSendDisabled=false
02-20 19:30:03.402  1934  1934 D GsmSMSDispatcher: GsmSMSDispatcher created
02-20 19:30:03.403  1934  2025 D GsmInboundSmsHandler: StartupState.processMessage:6
02-20 19:30:03.403  1934  2025 D GsmInboundSmsHandler: entering Idle state
02-20 19:30:03.403  1934  2027 D CdmaInboundSmsHandler: StartupState.processMessage:6
02-20 19:30:03.403  1934  2027 D CdmaInboundSmsHandler: entering Idle state
02-20 19:30:03.407  1934  1934 D IccCardProxy: ctor: ci=com.android.internal.telephony.RIL@7ba83c4 phoneId=0
02-20 19:30:03.408  1934  1934 D CdmaSSM : subscriptionSource from settings: 0
02-20 19:30:03.408  1934  1934 D CdmaSSM : cdmaSSM constructor: 0
02-20 19:30:03.408  1934  1934 D IccCardProxy: update icc_operator_numeric=
02-20 19:30:03.408  1934  1934 D TelephonyManager: setTelephonyProperty: success phoneId=0 property=gsm.sim.operator.numeric value:  propVal=
02-20 19:30:03.408  1934  1934 D TelephonyManager: setTelephonyProperty: success phoneId=0 property=gsm.sim.operator.iso-country value:  propVal=
02-20 19:30:03.408  1934  1934 D TelephonyManager: setTelephonyProperty: success phoneId=0 property=gsm.sim.operator.alpha value:  propVal=
02-20 19:30:03.409  1934  1934 E IccCardProxy: setExternalState: set mPhoneId=0 mExternalState=NOT_READY
02-20 19:30:03.409  1934  1934 D TelephonyManager: setTelephonyProperty: success phoneId=0 property=gsm.sim.state value: NOT_READY propVal=NOT_READY
02-20 19:30:03.409  1934  1934 D IccCardProxy: broadcastIccStateChangedIntent intent ACTION_SIM_STATE_CHANGED value=NOT_READY reason=null for mPhoneId=0
02-20 19:30:03.428  1949  1995 D EGL_emulation: eglMakeCurrent: 0x76888523aaa0: ver 3 0 (tinfo 0x76888520c520)
02-20 19:30:03.428  1934  1934 D RILJ    : setPhoneType=1 old value=0 [SUB0]
02-20 19:30:03.428  1934  1934 D TelephonyManager: setTelephonyProperty: success phoneId=0 property=gsm.current.phone-type value: 1 propVal=1
02-20 19:30:03.429  1934  1934 D IccCardProxy: Setting radio tech UMTS
02-20 19:30:03.429  1934  1934 D IccCardProxy: updateQuietMode: 3GPP subscription -> newQuietMode=false
02-20 19:30:03.429  1934  1934 D IccCardProxy: updateQuietMode: no changes don't setExternalState
02-20 19:30:03.429  1934  1934 D IccCardProxy: updateQuietMode: QuietMode is false (app_type=1 cdmaSource=-1)
02-20 19:30:03.432  1934  1934 W CarrierConfigManager: Error getting config for subId -1 ICarrierConfigLoader is null
02-20 19:30:03.434  1676  1676 D GpsNetInitiatedHandler: location enabled :true
02-20 19:30:03.434  1676  1676 V WiredAccessoryManager: notifyWiredAccessoryChanged: when=0 bits= mask=54
02-20 19:30:03.434  1676  1676 V WiredAccessoryManager: newName=h2w newState=0 headsetState=0 prev headsetState=0
02-20 19:30:03.434  1676  1676 E WiredAccessoryManager: No state change.
02-20 19:30:03.434  1676  1676 V WiredAccessoryManager: init()
02-20 19:30:03.434  1676  1687 D TelephonyRegistry: listen oscl: hasNotifySubscriptionInfoChangedOccurred==false no callback
