02-20 19:30:03.440  1934  1934 D TelephonyManager: setTelephonyProperty: success phoneId=0 property=gsm.network.type value: Unknown propVal=Unknown
02-20 19:30:03.440  1934  1934 D RILJ    : [3654]> SIGNAL_STRENGTH [SUB0]
02-20 19:30:03.441  1374  1514 D RIL     : onRequest: SIGNAL_STRENGTH
02-20 19:30:03.442  1934  2017 D RilRequest: [3654]< SIGNAL_STRENGTH error: com.android.internal.telephony.CommandException: RADIO_NOT_AVAILABLE ret=
02-20 19:30:03.443  1934  1934 D SST     : notifyDataRegStateRilRadioTechnologyChanged: drs=1 rat=0
02-20 19:30:03.443  1934  1934 D TelephonyManager: setTelephonyProperty: success phoneId=0 property=gsm.network.type value: Unknown propVal=Unknown
02-20 19:30:03.452  1934  1934 D DCT     : [0]DCT.constructor
02-20 19:30:03.473  1949  1995 D EGL_emulation: eglMakeCurrent: 0x76888523aaa0: ver 3 0 (tinfo 0x76888520c520)
02-20 19:30:03.479  1676  1676 I dvm_lock_sample: [system_server,1,main,17,ActivityManagerService.java,10168,-,21741,3]
02-20 19:30:03.482  1676  1977 D TelephonyRegistry: listen oscl: hasNotifySubscriptionInfoChangedOccurred==false no callback
02-20 19:30:03.485  1934  1934 D Dcc     : E ctor
02-20 19:30:03.485  1934  1934 D Dcc     : X ctor
02-20 19:30:03.492  1934  1934 D SubscriptionController: [getPhoneId] asked for default subId=-1
02-20 19:30:03.493  1934  2033 D DcTesterDeacativateAll: register for intent action=com.android.internal.telephony.dataconnection.action_deactivate_all
02-20 19:30:03.493  1934  2033 D DcTesterDeacativateAll: register for intent action=com.android.internal.telephony.action_detached
02-20 19:30:03.496  1934  1934 D DcTesterFailBrinupAll: register for intent action=com.android.internal.telephony.dataconnection.action_fail_bringup
02-20 19:30:03.496  1934  1934 D DcTesterFailBrinupAll: register for intent action=com.android.internal.telephony.action_detached
02-20 19:30:03.496  1934  1934 D DcTesterFailBrinupAll: register for intent action=com.android.internal.telephony.action_attached
02-20 19:30:03.497  1934  2033 D Dcc     : DccDefaultState: msg.what=EVENT_RIL_CONNECTED mRilVersion=12
02-20 19:30:03.497  1676  1676 W VibratorService: Tried to stop vibrating but there is no vibrator device.
02-20 19:30:03.498  1934  1934 D SST     : notifyDataRegStateRilRadioTechnologyChanged: drs=1 rat=0
02-20 19:30:03.498  1934  1934 D TelephonyManager: setTelephonyProperty: success phoneId=0 property=gsm.network.type value: Unknown propVal=Unknown
02-20 19:30:03.499  1934  1934 D DCT     : [0]update sub = -2
02-20 19:30:03.499  1934  1934 D DCT     : [0]update(): Active DDS, register for all events now!
02-20 19:30:03.502  1934  1934 D GsmCdmaPhone: [GsmCdmaPhone] updateCurrentCarrierInProvider: mSubId = -2 currentDds = 1 operatorNumeric = null
02-20 19:30:03.504  1934  1934 D DCT     : [0]initApnContexts: E
02-20 19:30:03.504  1934  1934 D DCT     : [0]initApnContexts: skipping unknown type=1
02-20 19:30:03.504  1934  1934 D DCT     : [0]initApnContexts: apnContext={mApnType=default mState=IDLE mWaitingApns={null} mApnSetting={null} mReason=dataEnabled mDataEnabled=false mDependencyMet=true}
02-20 19:30:03.504  1934  1934 D DCT     : [0]initApnContexts: apnContext={mApnType=mms mState=IDLE mWaitingApns={null} mApnSetting={null} mReason=dataEnabled mDataEnabled=false mDependencyMet=true}
02-20 19:30:03.504  1934  1934 D DCT     : [0]initApnContexts: apnContext={mApnType=supl mState=IDLE mWaitingApns={null} mApnSetting={null} mReason=dataEnabled mDataEnabled=false mDependencyMet=true}
02-20 19:30:03.504  1934  1934 D DCT     : [0]initApnContexts: apnContext={mApnType=hipri mState=IDLE mWaitingApns={null} mApnSetting={null} mReason=dataEnabled mDataEnabled=false mDependencyMet=true}
02-20 19:30:03.504  1934  1934 D DCT     : [0]initApnContexts: apnContext={mApnType=fota mState=IDLE mWaitingApns={null} mApnSetting={null} mReason=dataEnabled mDataEnabled=false mDependencyMet=true}
02-20 19:30:03.504  1934  1934 D DCT     : [0]initApnContexts: apnContext={mApnType=ims mState=IDLE mWaitingApns={null} mApnSetting={null} mReason=dataEnabled mDataEnabled=false mDependencyMet=true}
02-20 19:30:03.504  1934  1934 D DCT     : [0]initApnContexts: apnContext={mApnType=cbs mState=IDLE mWaitingApns={null} mApnSetting={null} mReason=dataEnabled mDataEnabled=false mDependencyMet=true}
02-20 19:30:03.504  1934  1934 D DCT     : [0]initApnContexts: skipping unknown type=13
02-20 19:30:03.504  1934  1934 D DCT     : [0]initApnContexts: apnContext={mApnType=ia mState=IDLE mWaitingApns={null} mApnSetting={null} mReason=dataEnabled mDataEnabled=false mDependencyMet=true}
02-20 19:30:03.504  1934  1934 D DCT     : [0]initApnContexts: apnContext={mApnType=emergency mState=IDLE mWaitingApns={null} mApnSetting={null} mReason=dataEnabled mDataEnabled=false mDependencyMet=true}
02-20 19:30:03.505  1372  1894 I MediaPlayerService: MediaPlayerService::getOMX
02-20 19:30:03.505  1676  2036 I OMXClient: MuxOMX ctor
02-20 19:30:03.508  1369  1978 I OMXMaster: makeComponentInstance(OMX.google.vorbis.decoder) in mediacodec process
02-20 19:30:03.551  1676  1676 I am_proc_start: [0,2037,10004,com.android.cellbroadcastreceiver,broadcast,com.android.cellbroadcastreceiver/.CellBroadcastReceiver]
02-20 19:30:03.551  1676  1676 I ActivityManager: Start proc 2037:com.android.cellbroadcastreceiver/u0a4 for broadcast com.android.cellbroadcastreceiver/.CellBroadcastReceiver
02-20 19:30:03.552  1676  1676 D ConditionProviders.SCP: onSubscribe condition://android/schedule?days=6.7&start=23.30&end=10.0&exitAtAlarm=false
02-20 19:30:03.552  1676  1676 D ConditionProviders.SCP: setRegistered true
02-20 19:30:03.552  1676  1699 I am_activity_launch_time: [0,173283028,com.android.settings/.FallbackHome,803,803]
02-20 19:30:03.552  1676  1699 I ActivityManager: Displayed com.android.settings/.FallbackHome: +803ms
02-20 19:30:03.554  1676  1692 I boot_progress_enable_screen: 11554
02-20 19:30:03.556  1676  1692 V KeyguardServiceDelegate: *** Keyguard started
02-20 19:30:03.556  1676  1692 I screen_toggled: 1
02-20 19:30:03.557  1676  1699 I WindowManager: Screen frozen for +765ms due to AppWindowToken{abffbc3 token=Token{ba807d ActivityRecord{a5416d4 u0 com.android.settings/.FallbackHome t1}}}
02-20 19:30:03.557  1676  1676 D ConditionProviders.SCP: notifyCondition condition://android/schedule?days=6.7&start=23.30&end=10.0&exitAtAlarm=false STATE_FALSE reason=!meetsSchedule
02-20 19:30:03.563  1676  1676 D ConditionProviders.SCP: Scheduling evaluate for Tue Feb 20 23:30:00 GMT+00:00 2018 (1519169400000), in +3h59m56s448ms, now=Tue Feb 20 19:30:03 GMT+00:00 2018 (1519155003552)
02-20 19:30:03.563  1676  1676 D ConditionProviders.SCP: onSubscribe condition://android/schedule?days=1.2.3.4.5&start=22.0&end=7.0&exitAtAlarm=false
02-20 19:30:03.564  1676  1676 D ConditionProviders.SCP: notifyCondition condition://android/schedule?days=6.7&start=23.30&end=10.0&exitAtAlarm=false STATE_FALSE reason=!meetsSchedule
02-20 19:30:03.564  1676  1676 D ConditionProviders.SCP: notifyCondition condition://android/schedule?days=1.2.3.4.5&start=22.0&end=7.0&exitAtAlarm=false STATE_FALSE reason=!meetsSchedule
02-20 19:30:03.564  1676  1676 D ConditionProviders.SCP: Scheduling evaluate for Tue Feb 20 22:00:00 GMT+00:00 2018 (1519164000000), in +2h29m56s436ms, now=Tue Feb 20 19:30:03 GMT+00:00 2018 (1519155003564)
02-20 19:30:03.564  1676  1676 I Telecom : WiredHeadsetManager: ACTION_HEADSET_PLUG event, plugged in: false, : WHC.oADA@AAE
02-20 19:30:03.565  1676  1676 I notification_enqueue: [10028,1766,com.android.systemui,1397773634,public:253,64,-1,Notification(pri=0 contentView=null vibrate=null sound=null defaults=0x0 flags=0x100 color=0xff607d8b category=sys actions=2 vis=PUBLIC),0]
02-20 19:30:03.566  1676  1692 W KeyguardServiceDelegate: onScreenTurningOn(): no keyguard service!
02-20 19:30:03.567  1934  1934 D GsmCdmaPhone: [GsmCdmaPhone] GsmCdmaPhone: constructor: sub = 0
02-20 19:30:03.567  1934  1934 I PhoneFactory: Creating Phone with type = 1 sub = 0
02-20 19:30:03.568  1676  1676 I ActivityManager: user 0 is still locked. Cannot load recents
02-20 19:30:03.569  1934  1934 I PhoneFactory: defaultSmsApplication: NONE
02-20 19:30:03.570  1934  1934 I PhoneFactory: Creating SubInfoRecordUpdater 
02-20 19:30:03.570  1934  1934 D SubscriptionInfoUpdater: Constructor invoked
02-20 19:30:03.571  1676  1676 D RttService: SCAN_AVAILABLE : 3
02-20 19:30:03.571  1676  1737 D RttService: DefaultState got{ when=0 what=160512 target=com.android.internal.util.StateMachine$SmHandler }
02-20 19:30:03.572  1676  1736 I WifiScanningService: wifi driver loaded with scan capabilities: max buckets=16
02-20 19:30:03.577  1676  1676 D TelephonyRegistry: notifyCellLocationForSubscriber: subId=0 cellLocation=Bundle[{}]
02-20 19:30:03.578  1934  1955 D SubscriptionController: [getPhoneId]- no sims, returning default phoneId=2147483647
02-20 19:30:03.606  2037  2037 W art     : Unexpected CPU variant for X86 using defaults: x86_64
02-20 19:30:03.622  1676  1687 D TelephonyRegistry: listen oscl: hasNotifySubscriptionInfoChangedOccurred==false no callback
02-20 19:30:03.623  1934  1934 D SubscriptionController: [getPhoneId]- no sims, returning default phoneId=2147483647
02-20 19:30:03.625  1676  1977 D TelephonyRegistry: listen oscl: hasNotifySubscriptionInfoChangedOccurred==false no callback
02-20 19:30:03.625  1934  1934 D PhoneSwitcherNetworkRequstListener: Registering NetworkFactory
02-20 19:30:03.625  1676  1738 D ConnectivityService: Got NetworkFactory Messenger for PhoneSwitcherNetworkRequstListener
02-20 19:30:03.627  1934  1934 D PhoneSwitcher: PhoneSwitcher started
02-20 19:30:03.627  1934  1934 D ProxyController: Constructor - Enter
02-20 19:30:03.632  1934  1934 D ProxyController: clearTransaction
02-20 19:30:03.632  1934  1934 D ProxyController: clearTransaction: phoneId=0 status=IDLE
02-20 19:30:03.632  1934  1934 D ProxyController: Constructor - Exit
02-20 19:30:03.632  1934  1934 D TelephonyNetworkFactory[0]: Registering NetworkFactory
02-20 19:30:03.633  1676  1738 D ConnectivityService: Got NetworkFactory Messenger for TelephonyNetworkFactory[0]
02-20 19:30:03.636  1676  1750 I am_proc_bound: [0,2037,com.android.cellbroadcastreceiver]
02-20 19:30:03.637  1934  1934 D CallManager: registerPhone(GSM Handler (com.android.internal.telephony.GsmCdmaPhone) {5976d63})
02-20 19:30:03.658  1676  1688 D TelephonyRegistry: listen oscl: hasNotifySubscriptionInfoChangedOccurred==false no callback
02-20 19:30:03.710  1934  1934 D CarrierConfigLoader: CarrierConfigLoader has started
02-20 19:30:03.716  1934  1934 E BluetoothAdapter: Bluetooth binder is null
02-20 19:30:03.724  1676  1687 D TelephonyRegistry: listen oscl: hasNotifySubscriptionInfoChangedOccurred==false no callback
02-20 19:30:03.778  1934  1934 D RILJ    : [3655]> RIL_REQUEST_SET_TTY_MODE : 0 [SUB0]
02-20 19:30:03.781  1374  1514 D RIL     : onRequest: SET_TTY_MODE
02-20 19:30:03.781  1934  2017 D RilRequest: [3655]< RIL_REQUEST_SET_TTY_MODE error: com.android.internal.telephony.CommandException: RADIO_NOT_AVAILABLE ret=
02-20 19:30:03.782  1934  1934 I Telephony: TtyManager: updateUiTtyMode -1 -> 0
02-20 19:30:03.785  1934  2056 E ActivityThread: Failed to find provider info for com.android.contacts
02-20 19:30:03.785  1934  2056 W CallerInfoCache: cursor is null
02-20 19:30:03.799  1676  1687 D TelephonyRegistry: listen oscl: hasNotifySubscriptionInfoChangedOccurred==false no callback
02-20 19:30:03.799  1934  1934 D SubscriptionController: [getPhoneId] asked for default subId=-1
02-20 19:30:03.802  1934  1934 D UiccController: Received EVENT_ICC_STATUS_CHANGED, calling getIccCardStatus
02-20 19:30:03.802  1934  1934 D RILJ    : [3656]> GET_SIM_STATUS [SUB0]
02-20 19:30:03.803  1374  1514 D RIL     : onRequest: GET_SIM_STATUS
02-20 19:30:03.803  1374  1514 D RIL     : getSIMStatus(). sState: 0
02-20 19:30:03.803  1934  2017 D RILJ    : [3656]< GET_SIM_STATUS IccCardState {CARDSTATE_PRESENT,PINSTATE_UNKNOWN,num_apps=2,gsm_id=0{APPTYPE_SIM,APPSTATE_DETECTED},cdma_id=1{APPTYPE_RUIM,APPSTATE_DETECTED},ims_id=8} [SUB0]
02-20 19:30:03.804  1934  1934 D Phone   : config LCE service failed: com.android.internal.telephony.CommandException: RADIO_NOT_AVAILABLE
02-20 19:30:03.804  1934  1934 D GsmSMSDispatcher: GsmSMSDispatcher: subId = -2 slotId = 0
02-20 19:30:03.804  1934  1934 E IccCardProxy: setExternalState: !override and newstate unchanged from NOT_READY
02-20 19:30:03.804  1934  1934 D RILJ    : [3657]> BASEBAND_VERSION [SUB0]
02-20 19:30:03.809  1934  1934 D RILJ    : [3658]> GET_IMEI [SUB0]
02-20 19:30:03.810  1934  1934 D RILJ    : [3659]> GET_IMEISV [SUB0]
02-20 19:30:03.811  1374  1514 D RIL     : onRequest: BASEBAND_VERSION
02-20 19:30:03.811  1374  1514 D RIL     : onRequest: GET_IMEI
02-20 19:30:03.811  1374  1514 D AT      : AT> AT+CGSN
02-20 19:30:03.811  1934  2017 D RilRequest: [3657]< BASEBAND_VERSION error: com.android.internal.telephony.CommandException: RADIO_NOT_AVAILABLE ret=
02-20 19:30:03.811  1374  1517 D AT      : AT< 000000000000000
02-20 19:30:03.811  1374  1517 D AT      : AT< OK
02-20 19:30:03.812  1374  1514 D RIL     : onRequest: GET_IMEISV
02-20 19:30:03.812  1934  1934 D RILJ    : [3660]> RIL_REQUEST_GET_RADIO_CAPABILITY [SUB0]
02-20 19:30:03.814  1374  1514 D RIL     : onRequest: RIL_REQUEST_GET_RADIO_CAPABILITY
02-20 19:30:03.814  1934  2017 D RILJ    : [3658]< GET_IMEI  [SUB0]
02-20 19:30:03.814  1934  1934 D RILJ    : [3661]> RIL_REQUEST_START_LCE [SUB0]
02-20 19:30:03.814  1934  2017 D RilRequest: [3659]< GET_IMEISV error: com.android.internal.telephony.CommandException: RADIO_NOT_AVAILABLE ret=
02-20 19:30:03.815  1374  1514 D RIL     : onRequest: <unknown request>
02-20 19:30:03.815  1934  1934 D GsmCdmaPhone: [GsmCdmaPhone] Event EVENT_RADIO_OFF_OR_NOT_AVAILABLE Received
02-20 19:30:03.815  1934  1934 E IccCardProxy: setExternalState: !override and newstate unchanged from NOT_READY
02-20 19:30:03.815  1934  1934 D SST     : mDeviceShuttingDown=false, mDesiredPowerState=true, getRadioState=RADIO_OFF, mPowerOffDelayNeed=true, mAlarmSwitch=false, mRadioDisabledByCarrier=false
02-20 19:30:03.816  1934  2017 D RilRequest: [3660]< RIL_REQUEST_GET_RADIO_CAPABILITY error: com.android.internal.telephony.CommandException: RADIO_NOT_AVAILABLE ret=
02-20 19:30:03.816  1934  2017 D RilRequest: [3661]< RIL_REQUEST_START_LCE error: com.android.internal.telephony.CommandException: RADIO_NOT_AVAILABLE ret=
02-20 19:30:03.818  1934  1934 D RILJ    : [3662]> RADIO_POWER on [SUB0]
02-20 19:30:03.819  1374  1514 D RIL     : onRequest: RADIO_POWER
02-20 19:30:03.819  1374  1514 D AT      : AT> AT+CFUN=1
02-20 19:30:03.819  1934  1934 D RILJ    : [3663]> OPERATOR [SUB0]
02-20 19:30:03.819  1374  1517 D AT      : AT< OK
02-20 19:30:03.819  1374  1514 D RIL     : setRadioState(10)
02-20 19:30:03.819  1934  2017 D RILJ    : [UNSL]< UNSOL_RESPONSE_RADIO_STATE_CHANGED RADIO_ON [SUB0]
02-20 19:30:03.819  1934  2017 D RILJ    : [UNSL]< UNSOL_RESPONSE_SIM_STATUS_CHANGED [SUB0]
02-20 19:30:03.819  1934  2017 D RILJ    : [3662]< RADIO_POWER  [SUB0]
02-20 19:30:03.819  1374  1514 D RIL     : onRequest: OPERATOR
02-20 19:30:03.822  1374  1514 D AT      : AT> AT+COPS=3,0;+COPS?;+COPS=3,1;+COPS?;+COPS=3,2;+COPS?
02-20 19:30:03.822  1374  1517 D AT      : AT< +COPS: 0,0,"Android"
02-20 19:30:03.822  1374  1517 D AT      : AT< +COPS: 0,1,"Android"
02-20 19:30:03.822  1374  1517 D AT      : AT< +COPS: 0,2,"310260"
02-20 19:30:03.822  1374  1517 D AT      : AT< OK
02-20 19:30:03.823  1934  2017 D RILJ    : [3663]< OPERATOR {Android, Android, 310260} [SUB0]
02-20 19:30:03.823  1934  1934 D RILJ    : [3664]> DATA_REGISTRATION_STATE [SUB0]
02-20 19:30:03.825  1934  1934 D RILJ    : [3665]> VOICE_REGISTRATION_STATE [SUB0]
02-20 19:30:03.827  1934  1934 D RILJ    : [3666]> QUERY_NETWORK_SELECTION_MODE [SUB0]
02-20 19:30:03.828  1934  1934 D SST     : NITZ: 18/02/20:19:29:57+0:0:Unknown!Unknown,4249 start=11828 delay=7579
02-20 19:30:03.828  1934  1934 D SST     : NITZ: tzOffset=0 dst=0 zone=GMT iso= mGotCountryCode=false mNeedFixZoneAfterNitz=false
02-20 19:30:03.829  1374  1514 D RIL     : onRequest: DATA_REGISTRATION_STATE
02-20 19:30:03.829  1374  1514 D RIL     : requestRegistrationState
02-20 19:30:03.829  1374  1514 D AT      : AT> AT+CGREG?
02-20 19:30:03.829  1934  1934 D SST     : setAndBroadcastNetworkSetTimeZone: setTimeZone=GMT
02-20 19:30:03.829  1676  1688 D AlarmManagerService: Kernel timezone updated to 0 minutes west of GMT
02-20 19:30:03.829  1374  1517 D AT      : AT< +CGREG: 1,1,"0003","005b","000e"
02-20 19:30:03.829  1374  1517 D AT      : AT< OK
02-20 19:30:03.829  1374  1514 D RIL     : parseRegistrationState. Parsing: +CGREG: 1,1,"0003","005b","000e"
02-20 19:30:03.830  1374  1514 D RIL     : registration state type: 3GPP
02-20 19:30:03.830  1374  1514 D RIL     : onRequest: VOICE_REGISTRATION_STATE
02-20 19:30:03.830  1374  1514 D RIL     : requestRegistrationState
02-20 19:30:03.830  1374  1514 D AT      : AT> AT+CREG?
02-20 19:30:03.830  1374  1517 D AT      : AT< +CREG: 2,1, "0003", "005b"
02-20 19:30:03.830  1374  1517 D AT      : AT< OK
02-20 19:30:03.830  1934  2017 D RILJ    : [3664]< DATA_REGISTRATION_STATE {1, 3, 5b, 14, null, null} [SUB0]
02-20 19:30:03.830  1374  1514 D RIL     : parseRegistrationState. Parsing: +CREG: 2,1, "0003", "005b"
02-20 19:30:03.830  1374  1514 D RIL     : registration state type: 3GPP
02-20 19:30:03.830  1374  1514 D RIL     : onRequest: QUERY_NETWORK_SELECTION_MODE
02-20 19:30:03.830  1374  1514 D AT      : AT> AT+COPS?
02-20 19:30:03.830  1374  1517 D AT      : AT< +COPS: 0,2,310260
02-20 19:30:03.830  1374  1517 D AT      : AT< OK
02-20 19:30:03.830  1934  2017 D RILJ    : [3665]< VOICE_REGISTRATION_STATE {1, 3, 5b, 0, null, null, null, null, null, null, null, null, null, null, null} [SUB0]
02-20 19:30:03.831  1934  2017 D RILJ    : [3666]< QUERY_NETWORK_SELECTION_MODE {0} [SUB0]
02-20 19:30:03.836  2037  2037 W System  : ClassLoader referenced unknown path: /system/priv-app/CellBroadcastReceiver/lib/x86_64
02-20 19:30:03.837  1934  1934 D SST     : setAndBroadcastNetworkSetTimeZone: call alarm.setTimeZone and broadcast zoneId=GMT
02-20 19:30:03.838  1934  1934 D SST     : NITZ: Setting time of day to Tue Feb 20 19:30:04 GMT+00:00 2018 NITZ receive delay(ms): 7589 gained(ms): 751 from 18/02/20:19:29:57+0:0:Unknown!Unknown
02-20 19:30:03.838  1934  1934 D SST     : setAndBroadcastNetworkSetTime: time=1519155004589ms
02-20 19:30:03.838  1676  1688 D AlarmManagerService: Setting time of day to sec=1519155004
02-20 19:30:04.589  1676  1688 W AlarmManagerService: Unable to set rtc to 1519155004: No such device
02-20 19:30:04.590  1676  1676 D ConditionProviders.SCP: onReceive android.intent.action.TIME_SET
02-20 19:30:04.590  1676  1676 D ConditionProviders.SCP: notifyCondition condition://android/schedule?days=6.7&start=23.30&end=10.0&exitAtAlarm=false STATE_FALSE reason=!meetsSchedule
02-20 19:30:04.590  1676  1676 D ConditionProviders.SCP: notifyCondition condition://android/schedule?days=1.2.3.4.5&start=22.0&end=7.0&exitAtAlarm=false STATE_FALSE reason=!meetsSchedule
02-20 19:30:04.590  1676  1676 D ConditionProviders.SCP: Scheduling evaluate for Tue Feb 20 22:00:00 GMT+00:00 2018 (1519164000000), in +2h29m55s410ms, now=Tue Feb 20 19:30:04 GMT+00:00 2018 (1519155004590)
02-20 19:30:04.594  1676  1746 E ActivityThread: Failed to find provider info for com.android.calendar
02-20 19:30:04.594  1676  1746 E ActivityThread: Failed to find provider info for com.android.calendar
02-20 19:30:04.605  1934  1934 I SST     : NITZ: after Setting time of day
02-20 19:30:04.606  1934  1934 D SST     : NITZ: end=11856 dur=28
02-20 19:30:04.606  1934  1934 D SST     : onSignalStrengthResult() Exception from RIL : com.android.internal.telephony.CommandException: RADIO_NOT_AVAILABLE
02-20 19:30:04.607  1934  1934 D SST     : mDeviceShuttingDown=false, mDesiredPowerState=true, getRadioState=RADIO_ON, mPowerOffDelayNeed=true, mAlarmSwitch=false, mRadioDisabledByCarrier=false
02-20 19:30:04.607  1934  1934 D RILJ    : [3667]> OPERATOR [SUB0]
02-20 19:30:04.607  1934  1934 D RILJ    : [3668]> DATA_REGISTRATION_STATE [SUB0]
02-20 19:30:04.607  1374  1514 D RIL     : onRequest: OPERATOR
02-20 19:30:04.607  1374  1514 D AT      : AT> AT+COPS=3,0;+COPS?;+COPS=3,1;+COPS?;+COPS=3,2;+COPS?
02-20 19:30:04.607  1934  1934 D RILJ    : [3669]> VOICE_REGISTRATION_STATE [SUB0]
02-20 19:30:04.607  1934  1934 D RILJ    : [3670]> QUERY_NETWORK_SELECTION_MODE [SUB0]
02-20 19:30:04.608  1934  1934 D DCT     : [0]NETWORK_STATE_CHANGED_ACTION: mIsWifiConnected=false
02-20 19:30:04.608  1934  1934 D DCT     : [0]Wifi state changed
02-20 19:30:04.608  1934  1934 D DCT     : [0]WIFI_STATE_CHANGED_ACTION: enabled=true mIsWifiConnected=false
02-20 19:30:04.608  1934  1934 D DCT     : [0]onRadioAvailable
02-20 19:30:04.608  1934  1934 D DCT     : [0]onRadioOffOrNotAvailable: is off and clean up all connections
02-20 19:30:04.608  1934  1934 D DCT     : [0]cleanUpAllConnections: tearDown=false reason=radioTurnedOff
02-20 19:30:04.608  1934  1934 D GsmCdmaPhone: [GsmCdmaPhone] getDataConnectionState apnType=default ret=DISCONNECTED
02-20 19:30:04.612  1374  1517 D AT      : AT< +COPS: 0,0,"Android"
02-20 19:30:04.612  1374  1517 D AT      : AT< +COPS: 0,1,"Android"
02-20 19:30:04.612  1374  1517 D AT      : AT< +COPS: 0,2,"310260"
02-20 19:30:04.612  1374  1517 D AT      : AT< OK
02-20 19:30:04.613  1934  1934 D DCT     : [0]cleanUpConnection: X tearDown=false reason=radioTurnedOff apnContext={mApnType=default mState=IDLE mWaitingApns={null} mApnSetting={null} mReason=radioTurnedOff mDataEnabled=false mDependencyMet=true} dcac=null
02-20 19:30:04.613  1934  1934 D GsmCdmaPhone: [GsmCdmaPhone] getDataConnectionState apnType=mms ret=DISCONNECTED
02-20 19:30:04.614  1374  1514 D RIL     : onRequest: DATA_REGISTRATION_STATE
02-20 19:30:04.614  1374  1514 D RIL     : requestRegistrationState
02-20 19:30:04.614  1374  1514 D AT      : AT> AT+CGREG?
02-20 19:30:04.614  1934  2017 D RILJ    : [3667]< OPERATOR {Android, Android, 310260} [SUB0]
02-20 19:30:04.614  1374  1517 D AT      : AT< +CGREG: 1,1,"0003","005b","000e"
02-20 19:30:04.614  1374  1517 D AT      : AT< OK
02-20 19:30:04.615  1934  1934 D DCT     : [0]cleanUpConnection: X tearDown=false reason=radioTurnedOff apnContext={mApnType=mms mState=IDLE mWaitingApns={null} mApnSetting={null} mReason=radioTurnedOff mDataEnabled=false mDependencyMet=true} dcac=null
02-20 19:30:04.615  1934  1934 D GsmCdmaPhone: [GsmCdmaPhone] getDataConnectionState apnType=cbs ret=DISCONNECTED
02-20 19:30:04.616  1374  1514 D RIL     : parseRegistrationState. Parsing: +CGREG: 1,1,"0003","005b","000e"
02-20 19:30:04.616  1374  1514 D RIL     : registration state type: 3GPP
02-20 19:30:04.616  1374  1514 D RIL     : onRequest: VOICE_REGISTRATION_STATE
02-20 19:30:04.616  1374  1514 D RIL     : requestRegistrationState
02-20 19:30:04.616  1374  1514 D AT      : AT> AT+CREG?
02-20 19:30:04.616  1934  2017 D RILJ    : [3668]< DATA_REGISTRATION_STATE {1, 3, 5b, 14, null, null} [SUB0]
02-20 19:30:04.616  1374  1517 D AT      : AT< +CREG: 2,1, "0003", "005b"
02-20 19:30:04.616  1374  1517 D AT      : AT< OK
02-20 19:30:04.616  1374  1514 D RIL     : parseRegistrationState. Parsing: +CREG: 2,1, "0003", "005b"
02-20 19:30:04.616  1374  1514 D RIL     : registration state type: 3GPP
02-20 19:30:04.616  1374  1514 D RIL     : onRequest: QUERY_NETWORK_SELECTION_MODE
02-20 19:30:04.616  1374  1514 D AT      : AT> AT+COPS?
02-20 19:30:04.616  1934  2017 D RILJ    : [3669]< VOICE_REGISTRATION_STATE {1, 3, 5b, 0, null, null, null, null, null, null, null, null, null, null, null} [SUB0]
02-20 19:30:04.616  1374  1517 D AT      : AT< +COPS: 0,2,310260
02-20 19:30:04.616  1374  1517 D AT      : AT< OK
02-20 19:30:04.617  1934  2017 D RILJ    : [3670]< QUERY_NETWORK_SELECTION_MODE {0} [SUB0]
02-20 19:30:04.618  1934  1934 D DCT     : [0]cleanUpConnection: X tearDown=false reason=radioTurnedOff apnContext={mApnType=cbs mState=IDLE mWaitingApns={null} mApnSetting={null} mReason=radioTurnedOff mDataEnabled=false mDependencyMet=true} dcac=null
02-20 19:30:04.618  1934  1934 D GsmCdmaPhone: [GsmCdmaPhone] getDataConnectionState apnType=fota ret=DISCONNECTED
02-20 19:30:04.619  1934  1934 D DCT     : [0]cleanUpConnection: X tearDown=false reason=radioTurnedOff apnContext={mApnType=fota mState=IDLE mWaitingApns={null} mApnSetting={null} mReason=radioTurnedOff mDataEnabled=false mDependencyMet=true} dcac=null
02-20 19:30:04.619  1934  1934 D GsmCdmaPhone: [GsmCdmaPhone] getDataConnectionState apnType=supl ret=DISCONNECTED
02-20 19:30:04.621  1934  1934 D DCT     : [0]cleanUpConnection: X tearDown=false reason=radioTurnedOff apnContext={mApnType=supl mState=IDLE mWaitingApns={null} mApnSetting={null} mReason=radioTurnedOff mDataEnabled=false mDependencyMet=true} dcac=null
02-20 19:30:04.621  1934  1934 D GsmCdmaPhone: [GsmCdmaPhone] getDataConnectionState apnType=ia ret=DISCONNECTED
02-20 19:30:04.622  1934  1934 D DCT     : [0]cleanUpConnection: X tearDown=false reason=radioTurnedOff apnContext={mApnType=ia mState=IDLE mWaitingApns={null} mApnSetting={null} mReason=radioTurnedOff mDataEnabled=false mDependencyMet=true} dcac=null
02-20 19:30:04.622  1934  1934 D GsmCdmaPhone: [GsmCdmaPhone] getDataConnectionState apnType=emergency ret=DISCONNECTED
02-20 19:30:04.622  1934  1934 D DCT     : [0]cleanUpConnection: X tearDown=false reason=radioTurnedOff apnContext={mApnType=emergency mState=IDLE mWaitingApns={null} mApnSetting={null} mReason=radioTurnedOff mDataEnabled=false mDependencyMet=true} dcac=null
02-20 19:30:04.623  1934  1934 D GsmCdmaPhone: [GsmCdmaPhone] getDataConnectionState apnType=hipri ret=DISCONNECTED
02-20 19:30:04.623  1934  1934 D DCT     : [0]cleanUpConnection: X tearDown=false reason=radioTurnedOff apnContext={mApnType=hipri mState=IDLE mWaitingApns={null} mApnSetting={null} mReason=radioTurnedOff mDataEnabled=false mDependencyMet=true} dcac=null
02-20 19:30:04.623  1934  1934 D GsmCdmaPhone: [GsmCdmaPhone] getDataConnectionState apnType=ims ret=DISCONNECTED
02-20 19:30:04.624  1934  1934 D DCT     : [0]cleanUpConnection: X tearDown=false reason=radioTurnedOff apnContext={mApnType=ims mState=IDLE mWaitingApns={null} mApnSetting={null} mReason=radioTurnedOff mDataEnabled=false mDependencyMet=true} dcac=null
02-20 19:30:04.624  1934  1934 D DCT     : [0]stopNetStatPoll
02-20 19:30:04.624  1934  1934 D DCT     : [0]cleanUpConnection: mDisconnectPendingCount = 0
02-20 19:30:04.625  1934  1934 D DCT     : [0]isDataAllowed: No - Not attached - SIM not loaded
02-20 19:30:04.663  1934  1934 D DCT     : [0]onDataConnectionDetached: stop polling and notify detached
02-20 19:30:04.663  1934  1934 D DCT     : [0]stopNetStatPoll
02-20 19:30:04.663  1934  1934 D DCT     : [0]notifyDataConnection: reason=dataDetached
02-20 19:30:04.663  1934  1934 D DCT     : [0]isDataAllowed: No - Not attached - SIM not loaded
02-20 19:30:04.688  1934  1934 D DCT     : [0]onRoamingOff
02-20 19:30:04.694  1934  1934 D DCT     : [0]isDataAllowed: No - Not attached - SIM not loaded
02-20 19:30:04.715  1934  1934 D DCT     : [0]setupDataOnConnectableApns: roamingOff hipri:[state=IDLE,enabled=false] mms:[state=IDLE,enabled=false] supl:[state=IDLE,enabled=false] ia:[state=IDLE,enabled=false] fota:[state=IDLE,enabled=false] ims:[state=IDLE,enabled=false] cbs:[state=IDLE,enabled=false] default:[state=IDLE,enabled=false] emergency:[state=IDLE,enabled=false] 
02-20 19:30:04.715  1934  1934 D DCT     : [0]setupDataOnConnectableApns: nwTypeChanged hipri:[state=IDLE,enabled=false] mms:[state=IDLE,enabled=false] supl:[state=IDLE,enabled=false] ia:[state=IDLE,enabled=false] fota:[state=IDLE,enabled=false] ims:[state=IDLE,enabled=false] cbs:[state=IDLE,enabled=false] default:[state=IDLE,enabled=false] emergency:[state=IDLE,enabled=false] 
02-20 19:30:04.715  1934  1934 D PhoneSwitcherNetworkRequstListener: got request NetworkRequest [ REQUEST id=1, [ Capabilities: INTERNET&NOT_RESTRICTED&TRUSTED&NOT_VPN] ] with score 0
02-20 19:30:04.715  1934  1934 D TelephonyNetworkFactory[0]: onSubIdChange -1->-2
02-20 19:30:04.715  1934  1934 D TelephonyNetworkFactory[0]: got request NetworkRequest [ REQUEST id=1, [ Capabilities: INTERNET&NOT_RESTRICTED&TRUSTED&NOT_VPN] ] with score 0
02-20 19:30:04.716  1934  1934 D DebugService: DebugService DebugService:
02-20 19:30:04.716  1934  1934 D TelephonyDebugService: TelephonyDebugService()
02-20 19:30:04.717  1934  1934 D SubscriptionInfoUpdater: [Receiver]+
02-20 19:30:04.717  1934  1934 D SubscriptionInfoUpdater: Action: android.intent.action.SIM_STATE_CHANGED
02-20 19:30:04.717  1934  1934 D SubscriptionInfoUpdater: slotId: 0
02-20 19:30:04.717  1934  1934 D SubscriptionInfoUpdater: simStatus: NOT_READY
02-20 19:30:04.717  1934  1934 D SubscriptionInfoUpdater: Ignoring simStatus: NOT_READY
02-20 19:30:04.717  1934  1934 D SubscriptionInfoUpdater: [Receiver]-
02-20 19:30:04.718  1934  1934 D CarrierConfigLoader: mHandler: 12 phoneId: 0
02-20 19:30:04.718  1934  1934 D RILJ    : [3671]> RIL_REQUEST_QUERY_TTY_MODE [SUB0]
02-20 19:30:04.719  1374  1514 D RIL     : onRequest: QUERY_TTY_MODE
02-20 19:30:04.719  1374  1514 D RIL     : Request not supported. Tech: 1
02-20 19:30:04.719  1934  1934 D UiccController: Received EVENT_GET_ICC_STATUS_DONE
02-20 19:30:04.719  1934  2017 D RilRequest: [3671]< RIL_REQUEST_QUERY_TTY_MODE error: com.android.internal.telephony.CommandException: REQUEST_NOT_SUPPORTED ret=
02-20 19:30:04.719  1934  1934 D UiccCard: 2 applications
02-20 19:30:04.719  1934  1934 D UiccCardApplication: Creating UiccApp: {APPTYPE_SIM,APPSTATE_DETECTED}
02-20 19:30:04.726  1934  1934 W VoiceMailConstants: Can't open /system/etc/voicemail-conf.xml
02-20 19:30:04.726  1934  1934 D SpnOverride: No SPN in OEM image = /oem/telephony/spn-conf.xml Load SPN from system image
02-20 19:30:04.727  1934  1934 W SpnOverride: Can not open /system/etc/spn-conf.xml
02-20 19:30:04.727  1934  1934 D SIMRecords: [SIMRecords] setting0 mMncLength-1
02-20 19:30:04.727  1934  1934 D SIMRecords: [SIMRecords] SIMRecords: onRadioOffOrNotAvailable set 'gsm.sim.operator.numeric' to operator=null
02-20 19:30:04.727  1934  1934 D SIMRecords: [SIMRecords] update icc_operator_numeric=null
02-20 19:30:04.727  1934  1934 D TelephonyManager: setTelephonyProperty: success phoneId=0 property=gsm.sim.operator.numeric value:  propVal=
02-20 19:30:04.729  1934  1934 D TelephonyManager: setTelephonyProperty: success phoneId=0 property=gsm.sim.operator.alpha value:  propVal=
02-20 19:30:04.729  1934  1934 D TelephonyManager: setTelephonyProperty: success phoneId=0 property=gsm.sim.operator.iso-country value:  propVal=
02-20 19:30:04.730  1934  1934 D SIMRecords: [SIMRecords] getOperatorNumeric: IMSI == null
02-20 19:30:04.730  1934  1934 D SIMRecords: [SIMRecords] SIMRecords X ctor this=SimRecords: mDestroyed=false mContext=com.android.phone.PhoneGlobals@23a2142 mCi=com.android.internal.telephony.RIL@7ba83c4 mFh=Handler (com.android.internal.telephony.uicc.SIMFileHandler) {3ee7553} mParentApp=com.android.internal.telephony.uicc.UiccCardApplication@5796e90 recordsLoadedRegistrants=android.os.RegistrantList@7c42389 mImsiReadyRegistrants=android.os.RegistrantList@64d0f8e mRecordsEventsRegistrants=android.os.RegistrantList@f6113af mNewSmsRegistrants=android.os.RegistrantList@8aee3bc mNetworkSelectionModeAutomaticRegistrants=android.os.RegistrantList@b426f45 recordsToLoad=0 adnCache=Handler (com.android.internal.telephony.uicc.AdnRecordCache) {d8e969a} recordsRequested=false iccid=null msisdnTag=null voiceMailNum=null voiceMailTag=null voiceMailNum=null newVoiceMailTag=null isVoiceMailFixed=false mImsi=null mncLength=-1 mailboxIndex=0 spn=null mVmConfigcom.android.internal.telephony.uicc.VoiceMailConstants@cb53bcb mSpnOverride=mSpnOverride callForwardingEnabled=0 spnState=null mCphsInfo=null mCspPlmnEnabled=true efMWIS=null efCPHS_MWI=null mEfCff=null mEfCfis=null getOperatorNumeric=null
02-20 19:30:04.731  1934  1934 D UiccCardApplication: Creating UiccApp: {APPTYPE_RUIM,APPSTATE_DETECTED}
02-20 19:30:04.731  1934  1934 D RuimRecords: [RuimRecords] setting0 mMncLength-1
02-20 19:30:04.732  1934  1934 D RuimRecords: [RuimRecords] RuimRecords X ctor this=RuimRecords: mDestroyed=false mContext=com.android.phone.PhoneGlobals@23a2142 mCi=com.android.internal.telephony.RIL@7ba83c4 mFh=Handler (com.android.internal.telephony.uicc.RuimFileHandler) {c9fbac1} mParentApp=com.android.internal.telephony.uicc.UiccCardApplication@d2f8266 recordsLoadedRegistrants=android.os.RegistrantList@7d9c9a7 mImsiReadyRegistrants=android.os.RegistrantList@155ee54 mRecordsEventsRegistrants=android.os.RegistrantList@92c41fd mNewSmsRegistrants=android.os.RegistrantList@aa15ef2 mNetworkSelectionModeAutomaticRegistrants=android.os.RegistrantList@2cf5943 recordsToLoad=0 adnCache=Handler (com.android.internal.telephony.uicc.AdnRecordCache) {c4d9bc0} recordsRequested=false iccid=null msisdnTag=null voiceMailNum=null voiceMailTag=null voiceMailNum=null newVoiceMailTag=null isVoiceMailFixed=false mImsi=null mncLength=-1 mailboxIndex=0 spn=null m_ota_commitedfalse mMyMobileNumber=xxxx mMin2Min1=null mPrlVersion=null mEFpl=null mEFli=null mCsimSpnDisplayCondition=false mMdn=null mMin=null mHomeSystemId=null mHomeNetworkId=null
02-20 19:30:04.743  1934  1934 D CAT     : CatService: registerForRecordsLoaded slotid=0 instance:Handler (com.android.internal.telephony.cat.CatService) {3b6b3b5}
02-20 19:30:04.743  1934  1934 D CAT     : CatService: Running CAT service on Slotid: 0. STK app installed:false
02-20 19:30:04.743  1934  1934 D UiccCard: Before privilege rules: null : CARDSTATE_PRESENT
02-20 19:30:04.744  1934  1934 D RILJ    : [3672]> RIL_REQUEST_SIM_OPEN_CHANNEL [SUB0]
02-20 19:30:04.749  1374  1514 D RIL     : onRequest: SIM_OPEN_CHANNEL
02-20 19:30:04.749  1374  1514 D AT      : AT> AT+CCHO=A00000015141434C00
02-20 19:30:04.750  1374  1517 D AT      : AT< 1
02-20 19:30:04.750  1374  1517 D AT      : AT< OK
02-20 19:30:04.750  1934  2017 D RILJ    : [3672]< RIL_REQUEST_SIM_OPEN_CHANNEL  [SUB0]
02-20 19:30:04.750  1934  1934 E UiccCard: App index 8 is invalid since there are no applications
02-20 19:30:04.750  1934  1934 D UiccCard: update: radioState=RADIO_ON mLastRadioState=RADIO_UNAVAILABLE
02-20 19:30:04.751  1934  1934 D UiccController: Notifying IccChangedRegistrants
02-20 19:30:04.767  1934  1934 D GsmCdmaPhone: get phone radio capability fail, no need to change mRadioCapability
02-20 19:30:04.767  1934  1934 D GsmCdmaPhone: EVENT_GET_RADIO_CAPABILITY: phone rc: null
02-20 19:30:04.767  1934  1934 D Phone   : config LCE service failed: com.android.internal.telephony.CommandException: RADIO_NOT_AVAILABLE
02-20 19:30:04.767  1934  1934 D SST     : mDeviceShuttingDown=false, mDesiredPowerState=true, getRadioState=RADIO_ON, mPowerOffDelayNeed=true, mAlarmSwitch=false, mRadioDisabledByCarrier=false
02-20 19:30:04.767  1934  1934 D RILJ    : [3673]> OPERATOR [SUB0]
02-20 19:30:04.768  1374  1514 D RIL     : onRequest: OPERATOR
02-20 19:30:04.768  1374  1514 D AT      : AT> AT+COPS=3,0;+COPS?;+COPS=3,1;+COPS?;+COPS=3,2;+COPS?
02-20 19:30:04.771  1934  1934 D RILJ    : [3674]> DATA_REGISTRATION_STATE [SUB0]
02-20 19:30:04.772  1934  1934 D RILJ    : [3675]> VOICE_REGISTRATION_STATE [SUB0]
02-20 19:30:04.772  1934  1934 D RILJ    : [3676]> QUERY_NETWORK_SELECTION_MODE [SUB0]
02-20 19:30:04.779  1934  1934 D RILJ    : [3677]> GET_CURRENT_CALLS [SUB0]
02-20 19:30:04.781  1374  1517 D AT      : AT< +COPS: 0,0,"Android"
02-20 19:30:04.781  1374  1517 D AT      : AT< +COPS: 0,1,"Android"
02-20 19:30:04.781  1374  1517 D AT      : AT< +COPS: 0,2,"310260"
02-20 19:30:04.781  1374  1517 D AT      : AT< OK
02-20 19:30:04.781  1374  1514 D RIL     : onRequest: DATA_REGISTRATION_STATE
02-20 19:30:04.781  1374  1514 D RIL     : requestRegistrationState
02-20 19:30:04.781  1374  1514 D AT      : AT> AT+CGREG?
02-20 19:30:04.781  1374  1517 D AT      : AT< +CGREG: 1,1,"0003","005b","000e"
02-20 19:30:04.781  1374  1517 D AT      : AT< OK
02-20 19:30:04.781  1374  1514 D RIL     : parseRegistrationState. Parsing: +CGREG: 1,1,"0003","005b","000e"
02-20 19:30:04.781  1374  1514 D RIL     : registration state type: 3GPP
02-20 19:30:04.782  1374  1514 D RIL     : onRequest: VOICE_REGISTRATION_STATE
02-20 19:30:04.782  1374  1514 D RIL     : requestRegistrationState
02-20 19:30:04.782  1374  1514 D AT      : AT> AT+CREG?
02-20 19:30:04.782  1374  1517 D AT      : AT< +CREG: 2,1, "0003", "005b"
02-20 19:30:04.782  1374  1517 D AT      : AT< OK
02-20 19:30:04.782  1374  1514 D RIL     : parseRegistrationState. Parsing: +CREG: 2,1, "0003", "005b"
02-20 19:30:04.782  1374  1514 D RIL     : registration state type: 3GPP
02-20 19:30:04.782  1934  2017 D RILJ    : [3673]< OPERATOR {Android, Android, 310260} [SUB0]
02-20 19:30:04.782  1374  1514 D RIL     : onRequest: QUERY_NETWORK_SELECTION_MODE
02-20 19:30:04.782  1374  1514 D AT      : AT> AT+COPS?
02-20 19:30:04.782  1934  2017 D RILJ    : [3674]< DATA_REGISTRATION_STATE {1, 3, 5b, 14, null, null} [SUB0]
02-20 19:30:04.782  1374  1517 D AT      : AT< +COPS: 0,2,310260
02-20 19:30:04.782  1374  1517 D AT      : AT< OK
02-20 19:30:04.782  1934  2017 D RILJ    : [3675]< VOICE_REGISTRATION_STATE {1, 3, 5b, 0, null, null, null, null, null, null, null, null, null, null, null} [SUB0]
02-20 19:30:04.782  1934  2017 D RILJ    : [3676]< QUERY_NETWORK_SELECTION_MODE {0} [SUB0]
02-20 19:30:04.782  1374  1514 D RIL     : onRequest: GET_CURRENT_CALLS
02-20 19:30:04.782  1374  1514 D AT      : AT> AT+CLCC
02-20 19:30:04.782  1374  1517 D AT      : AT< OK
02-20 19:30:04.782  1934  1934 D RILJ    : [3678]> RIL_REQUEST_IMS_REGISTRATION_STATE [SUB0]
02-20 19:30:04.785  1934  2017 D RILJ    : [3677]< GET_CURRENT_CALLS {} [SUB0]
02-20 19:30:04.793  1934  1934 D RILJ    : [3679]> RIL_REQUEST_CDMA_GET_SUBSCRIPTION_SOURCE [SUB0]
02-20 19:30:04.795  1934  1934 D GsmCdmaPhone: [GsmCdmaPhone] Event EVENT_RADIO_ON Received
02-20 19:30:04.795  1934  1934 D RILJ    : [3680]> RIL_REQUEST_VOICE_RADIO_TECH [SUB0]
02-20 19:30:04.795  1934  1934 D UiccController: Received EVENT_ICC_STATUS_CHANGED, calling getIccCardStatus
02-20 19:30:04.795  1934  1934 D RILJ    : [3681]> GET_SIM_STATUS [SUB0]
02-20 19:30:04.796  1934  1934 D SST     : EVENT_POLL_STATE_NETWORK_SELECTION_MODE
02-20 19:30:04.796  1934  1934 D SST     : EVENT_POLL_STATE_NETWORK_SELECTION_MODE
02-20 19:30:04.796  1766  1766 I OpaLayout: Setting opa enabled to false
02-20 19:30:04.797  1934  1934 D PhoneSwitcher: evaluating due to netRequest default 0->1 phone[0] 0->-2
02-20 19:30:04.797  1934  1934 D TelephonyNetworkFactory[0]: not acting - isApp=false, isAct=false NetworkRequest [ REQUEST id=1, [ Capabilities: INTERNET&NOT_RESTRICTED&TRUSTED&NOT_VPN] ]
02-20 19:30:04.798  1374  1514 D RIL     : onRequest: IMS_REGISTRATION_STATE
02-20 19:30:04.798  1374  1514 D RIL     : IMS_REGISTRATION=0, format=1 
02-20 19:30:04.798  1374  1514 D RIL     : onRequest: CDMA_GET_SUBSCRIPTION_SOURCE
02-20 19:30:04.798  1374  1514 D RIL     : Request not supported. Tech: 1
02-20 19:30:04.798  1934  2017 D RILJ    : [3678]< RIL_REQUEST_IMS_REGISTRATION_STATE {0, 1} [SUB0]
02-20 19:30:04.798  1374  1514 D RIL     : onRequest: VOICE_RADIO_TECH
02-20 19:30:04.798  1374  1514 D RIL     : onRequest: GET_SIM_STATUS
02-20 19:30:04.798  1374  1514 D RIL     : getSIMStatus(). sState: 10
02-20 19:30:04.798  1374  1514 D AT      : AT> AT+CPIN?
02-20 19:30:04.798  1934  2017 D RilRequest: [3679]< RIL_REQUEST_CDMA_GET_SUBSCRIPTION_SOURCE error: com.android.internal.telephony.CommandException: REQUEST_NOT_SUPPORTED ret=
02-20 19:30:04.798  1934  2017 D RILJ    : [3680]< RIL_REQUEST_VOICE_RADIO_TECH {11} [SUB0]
02-20 19:30:04.798  1374  1517 D AT      : AT< +CPIN: READY
02-20 19:30:04.798  1374  1517 D AT      : AT< OK
02-20 19:30:04.799  1934  2017 D RILJ    : [3681]< GET_SIM_STATUS IccCardState {CARDSTATE_PRESENT,PINSTATE_UNKNOWN,num_apps=2,gsm_id=0{APPTYPE_SIM,APPSTATE_READY},cdma_id=1{APPTYPE_RUIM,APPSTATE_READY},ims_id=8} [SUB0]
02-20 19:30:04.800  1934  1934 D CAT     : CatService: handleMessage[8]
02-20 19:30:04.800  1934  1934 D CAT     : CatService: MSG_ID_ICC_CHANGED
02-20 19:30:04.800  1934  1934 D CAT     : CatService: New Card State = CARDSTATE_PRESENT Old Card State = CARDSTATE_ABSENT
02-20 19:30:04.800  1934  1934 D RILJ    : [3682]> RIL_REQUEST_REPORT_STK_SERVICE_IS_RUNNING [SUB0]
02-20 19:30:04.801  1766  1766 I OpaLayout: Setting opa enabled to false
02-20 19:30:04.812  1934  1934 D GsmCdmaPhone: [GsmCdmaPhone] New Uicc application found. type = APPTYPE_SIM
02-20 19:30:04.812  1934  1934 D GsmSMSDispatcher: GsmSMSDispatcher: subId = -2 slotId = 0
02-20 19:30:04.812  1934  1934 D GsmSMSDispatcher: New Uicc application found
02-20 19:30:04.812  1934  1934 D IccCardProxy: Icc changed. Reregestering.
02-20 19:30:04.812  1934  1934 D SST     : New card found
02-20 19:30:04.812  1934  1934 D CAT     : CatService: handleMessage[8]
02-20 19:30:04.812  1934  1934 D CAT     : CatService: MSG_ID_ICC_CHANGED
02-20 19:30:04.812  1934  1934 D CAT     : CatService: New Card State = CARDSTATE_PRESENT Old Card State = CARDSTATE_PRESENT
02-20 19:30:04.812  1934  1934 E SST     : error parsing GprsRegistrationState: java.lang.NumberFormatException: null
02-20 19:30:04.812  1934  1934 D SST     : handlPollStateResultMessage: GsmSST setDataRegState=0 regState=1 dataRadioTechnology=14
02-20 19:30:04.812  1934  1934 D SST     : EVENT_POLL_STATE_NETWORK_SELECTION_MODE
02-20 19:30:04.812  1374  1514 D RIL     : onRequest: REPORT_STK_SERVICE_IS_RUNNING
02-20 19:30:04.813  1374  1514 D RIL     : Request not supported. Tech: 1
02-20 19:30:04.813  1934  2017 D RilRequest: [3682]< RIL_REQUEST_REPORT_STK_SERVICE_IS_RUNNING error: com.android.internal.telephony.CommandException: REQUEST_NOT_SUPPORTED ret=
02-20 19:30:04.815  1934  1934 D SST     : Poll ServiceState done:  oldSS=[1 1 voice home data home null null null null null null  Unknown Unknown CSS not supported 0 0 RoamInd=0 DefRoamInd=0 EmergOnly=false IsDataRoamingFromRegistration=false IsUsingCarrierAggregation=false] newSS=[0 0 voice home data home Android Android 310260 Android Android 310260  Unknown LTE CSS not supported -1 -1 RoamInd=-1 DefRoamInd=-1 EmergOnly=false IsDataRoamingFromRegistration=false IsUsingCarrierAggregation=false] oldMaxDataCalls=1 mNewMaxDataCalls=1 oldReasonDataDenied=-1 mNewReasonDataDenied=-1
02-20 19:30:04.815  1934  1934 I gsm_service_state_change: [1,1,0,0]
02-20 19:30:04.815  1934  1934 D TelephonyManager: setTelephonyProperty: success phoneId=0 property=gsm.network.type value: LTE propVal=LTE
02-20 19:30:04.815  1934  1934 D SST     : pollStateDone: registering current mNitzUpdatedTime=true changing to false
02-20 19:30:04.815  1934  1934 D SIMRecords: [SIMRecords] getServiceProviderName: no brandOverride, providerName=null
02-20 19:30:04.815  1934  1934 D SIMRecords: [SIMRecords] getServiceProviderName: no brandOverride, providerName=null
02-20 19:30:04.815  1934  1934 D SST     : updateSpnDisplay: changed sending intent rule=2 showPlmn='true' plmn='Android' showSpn='false' spn='null' dataSpn='null' subId='-2'
02-20 19:30:04.821  1676  1745 D NotificationSQLiteLog: Pruned event entries: 0
02-20 19:30:04.828  1676  1750 I am_proc_start: [0,2063,10067,com.google.android.deskclock,broadcast,com.google.android.deskclock/com.android.deskclock.AlarmInitReceiver]
02-20 19:30:04.828  1676  1750 I ActivityManager: Start proc 2063:com.google.android.deskclock/u0a67 for broadcast com.google.android.deskclock/com.android.deskclock.AlarmInitReceiver
02-20 19:30:04.830  1934  1934 D SubscriptionController: [setPlmnSpn] No valid subscription to store info
02-20 19:30:04.830  1934  1934 D SubscriptionController: notifySubscriptionInfoChanged:
02-20 19:30:04.830  1676  1801 D TelephonyRegistry: notifySubscriptionInfoChanged: first invocation mRecords.size=16
02-20 19:30:04.831  1676  1676 I GnssLocationProvider: WakeLock acquired by sendMessage(12, 0, null)
02-20 19:30:04.831  1934  1948 D SubscriptionController: [getActiveSubInfoList] Sub Controller not ready
02-20 19:30:04.832  2063  2063 W art     : Unexpected CPU variant for X86 using defaults: x86_64
02-20 19:30:04.842  1934  1934 D TelephonyManager: setTelephonyProperty: success phoneId=0 property=gsm.operator.alpha value: Android propVal=Android
02-20 19:30:04.842  1676  1977 I am_proc_bound: [0,2063,com.google.android.deskclock]
02-20 19:30:04.842  1934  1934 D TelephonyManager: setTelephonyProperty: success phoneId=0 property=gsm.operator.numeric value: 310260 propVal=310260
02-20 19:30:04.842  1934  1934 D SST     : update mccmnc=310260 fromServiceState=true
02-20 19:30:04.843  1934  1934 D MccTable: updateMccMncConfiguration mccmnc='310260' fromServiceState=true
02-20 19:30:04.843  1934  1934 D SubscriptionController: [getPhoneId]- no sims, returning default phoneId=2147483647
02-20 19:30:04.843  1934  1934 D MccTable: updateMccMncConfiguration defaultMccMnc=
02-20 19:30:04.843  1934  1934 D MccTable: updateMccMncConfiguration: mcc=310, mnc=260
02-20 19:30:04.843  1934  1934 D MccTable: WIFI_COUNTRY_CODE set to us
02-20 19:30:04.848  1766  1766 W System  : ClassLoader referenced unknown path: 
02-20 19:30:04.848  1766  1766 W System  : ClassLoader referenced unknown path: /system/priv-app/Dialer/lib/x86_64
02-20 19:30:04.856  1766  1766 D ApplicationLoaders: ignored Vulkan layer search path /system/priv-app/Dialer/lib/x86_64:/system/lib64:/vendor/lib64 for namespace 0x7688915ad0f0
02-20 19:30:04.864  1676  1687 I WifiService: WifiService trying to set country code to us with persist set to false
02-20 19:30:04.866  1676  1687 D WifiCountryCode: Succeeded to set country code to: US
02-20 19:30:04.866  1934  1934 D TelephonyManager: setTelephonyProperty: success phoneId=0 property=gsm.operator.iso-country value: us propVal=us
02-20 19:30:04.881  1934  1934 D SST     : pollStateDone: there are 6 unique offsets for iso-cc='us testOneUniqueOffsetPath=false', do nothing
02-20 19:30:04.881  1934  1934 D SST     : shouldFixTimeZoneNow: retVal=true iccCardExist=true operatorNumeric=310260 mcc=310 prevOperatorNumeric= prevMcc=311 needToFixTimeZone=false ltod=02-20 19:30:04.881
02-20 19:30:04.881  1934  1934 D SST     : fixTimeZone zoneName='GMT' mZoneOffset=0 mZoneDst=false iso-cc='us' iso-cc-idx=-21
02-20 19:30:04.881  1934  1934 D SST     : fixTimeZone: using default TimeZone
02-20 19:30:04.881  1934  1934 D SST     : fixTimeZone: zone != null zone.getID=GMT
02-20 19:30:04.882  1934  1934 D SST     : setAndBroadcastNetworkSetTimeZone: setTimeZone=GMT
02-20 19:30:04.882  1676  1688 D AlarmManagerService: Kernel timezone updated to 0 minutes west of GMT
02-20 19:30:04.882  1934  1934 D SST     : setAndBroadcastNetworkSetTimeZone: call alarm.setTimeZone and broadcast zoneId=GMT
02-20 19:30:04.883  1934  1934 D TelephonyManager: setTelephonyProperty: success phoneId=0 property=gsm.operator.isroaming value: false propVal=false
02-20 19:30:04.883  1934  1934 D SST     : Broadcasting ServiceState : 0 0 voice home data home Android Android 310260 Android Android 310260  Unknown LTE CSS not supported -1 -1 RoamInd=-1 DefRoamInd=-1 EmergOnly=false IsDataRoamingFromRegistration=false IsUsingCarrierAggregation=false
02-20 19:30:04.883  1934  1934 D DefaultPhoneNotifier: nofityServiceState: mRegistry=com.android.internal.telephony.ITelephonyRegistry$Stub$Proxy@28b22d8 ss=0 0 voice home data home Android Android 310260 Android Android 310260  Unknown LTE CSS not supported -1 -1 RoamInd=-1 DefRoamInd=-1 EmergOnly=false IsDataRoamingFromRegistration=false IsUsingCarrierAggregation=false sender=Handler (com.android.internal.telephony.GsmCdmaPhone) {5976d63} phondId=0 subId=-2
02-20 19:30:04.890  1934  1934 D SubscriptionController: [getSlotId]- subId invalid
02-20 19:30:04.890  1676  1801 D TelephonyManager: getSimState: default sim:-1, sim state for slotIdx=0 is 6, return state as unknown
02-20 19:30:04.892  1934  1934 D SST     : notifyDataRegStateRilRadioTechnologyChanged: drs=0 rat=14
02-20 19:30:04.892  1934  1934 D TelephonyManager: setTelephonyProperty: success phoneId=0 property=gsm.network.type value: LTE propVal=LTE
02-20 19:30:04.892  1934  1934 D DCT     : [0]get all active apn types
02-20 19:30:04.892  1934  1934 D SST     : getCellLocation(): X good mCellLoc=[3,91,-1]
02-20 19:30:04.893  1676  1688 D TelephonyRegistry: notifyCellLocationForSubscriber: subId=-2 cellLocation=Bundle[mParcelledData.dataSize=64]
02-20 19:30:04.893  1934  1934 D GsmCdmaCallTracker: Event EVENT_POLL_CALLS_RESULT Received
02-20 19:30:04.893  1934  1934 D GsmCdmaCallTracker: [GsmCdmaCallTracker] update phone state, old=IDLE new=IDLE
02-20 19:30:04.893  1934  1934 D RIL_ImsSms: IMS is NOT registered!
02-20 19:30:04.893  1934  1934 D CdmaSSM : CDMA_SUBSCRIPTION_SOURCE event = 2
02-20 19:30:04.893  1934  1934 W CdmaSSM : Unable to get CDMA Subscription Source, Exception: com.android.internal.telephony.CommandException: REQUEST_NOT_SUPPORTED, result: null
02-20 19:30:04.893  1934  1934 D GsmCdmaPhone: [GsmCdmaPhone] EVENT_REQUEST_VOICE_RADIO_TECH_DONE: newVoiceTech=11
02-20 19:30:04.893  1934  1934 D GsmCdmaPhone: [GsmCdmaPhone] phoneObjectUpdater: newVoiceRadioTech=11
02-20 19:30:04.893  1934  1934 D GsmCdmaPhone: [GsmCdmaPhone] phoneObjectUpdater: No change ignore, newVoiceRadioTech=11 mActivePhone=GSM
02-20 19:30:04.893  1934  1934 D UiccController: Received EVENT_GET_ICC_STATUS_DONE
02-20 19:30:04.893  1934  1934 D UiccCard: 2 applications
02-20 19:30:04.893  1934  1934 D UiccCardApplication: APPTYPE_SIM update. New {APPTYPE_SIM,APPSTATE_READY}
02-20 19:30:04.893  1934  1934 D UiccCardApplication: APPTYPE_SIM changed state: APPSTATE_DETECTED -> APPSTATE_READY
02-20 19:30:04.893  1934  1934 D RILJ    : [3683]> QUERY_FACILITY_LOCK [FD 7 null] [SUB0]
02-20 19:30:04.893  1934  1934 D RILJ    : [3684]> QUERY_FACILITY_LOCK [SC 7 null] [SUB0]
