02-20 19:30:05.104  1934  1934 D SIMRecords: [SIMRecords] EF_AD: 00000003
02-20 19:30:05.104  1934  1934 D SIMRecords: [SIMRecords] setting4 mMncLength=3
02-20 19:30:05.104  1934  1934 D SIMRecords: [SIMRecords] update mccmnc=310260
02-20 19:30:05.104  1934  1934 D MccTable: updateMccMncConfiguration mccmnc='310260' fromServiceState=false
02-20 19:30:05.104  1934  1934 D SubscriptionController: [getPhoneId]- no sims, returning default phoneId=2147483647
02-20 19:30:05.104  1374  1514 D RIL     : onRequest: SIM_IO
02-20 19:30:05.104  1374  1514 D AT      : AT> AT+CRSM=192,28615,0,0,15
02-20 19:30:05.104  1934  1934 D MccTable: updateMccMncConfiguration defaultMccMnc=
02-20 19:30:05.104  1934  1934 D MccTable: updateMccMncConfiguration: mcc=310, mnc=260
02-20 19:30:05.104  1374  1517 D AT      : AT< +CRSM: 144,0,000000406fc7040011a0aa01020120
02-20 19:30:05.104  1934  1934 D MccTable: updateMccMncConfiguration updateConfig config={1.0 310mcc260mnc ?localeList ?layoutDir ?swdp ?wdp ?hdp ?density ?lsize ?long ?orien ?uimode ?night ?touch ?keyb/?/? ?nav/?}
02-20 19:30:05.104  1374  1517 D AT      : AT< OK
02-20 19:30:05.104  1934  2017 D RILJ    : [3733]< SIM_IO IccIoResponse sw1:0x90 sw2:0x0 [SUB0]
02-20 19:30:05.111  1676  1688 I configuration_changed: 3
02-20 19:30:05.111  1676  1688 I ActivityManager: Config changes=3 {1.0 310mcc260mnc [en_US] ldltr sw360dp w360dp h668dp 640dpi nrml long port finger -keyb/v/h -nav/h s.6}
02-20 19:30:05.125  1676  1688 I am_relaunch_resume_activity: [0,173283028,1,com.android.settings/.FallbackHome]
02-20 19:30:05.125  1949  1949 I am_on_paused_called: [0,com.android.settings.FallbackHome,handleRelaunchActivity]
02-20 19:30:05.125  1949  1995 D EGL_emulation: eglMakeCurrent: 0x76888523aaa0: ver 3 0 (tinfo 0x76888520c520)
02-20 19:30:05.126  1949  1949 I am_on_stop_called: [0,com.android.settings.FallbackHome,destroy]
02-20 19:30:05.128  1934  1955 D DCT     : [0]hasMatchedTetherApnSetting: APN=null
02-20 19:30:05.132  1365  1707 V EmulatedCamera_Camera: getCameraInfo
02-20 19:30:05.132  1365  1707 V EmulatedCamera_BaseCamera: getCameraInfo
02-20 19:30:05.132  1365  1365 V EmulatedCamera_Camera: getCameraInfo
02-20 19:30:05.132  1365  1365 V EmulatedCamera_BaseCamera: getCameraInfo
02-20 19:30:05.136  1934  1934 D SIMRecords: [SIMRecords] onRecordLoaded 9 requested: true
02-20 19:30:05.136  1934  1934 D SIMRecords: [SIMRecords] EF_MWIS : 0000000000
02-20 19:30:05.136  1934  1934 D SIMRecords: [SIMRecords] onRecordLoaded 8 requested: true
02-20 19:30:05.136  1934  1934 D SIMRecords: [SIMRecords] EF_CPHS_MWI: 55
02-20 19:30:05.136  1934  1934 D SIMRecords: [SIMRecords] onRecordLoaded 7 requested: true
02-20 19:30:05.136  1934  1934 D SIMRecords: [SIMRecords] EF_CFF_CPHS: 55
02-20 19:30:05.136  1934  1934 D SIMRecords: [SIMRecords] onRecordLoaded 6 requested: true
02-20 19:30:05.136  1934  1934 D SIMRecords: [SIMRecords] onRecordLoaded 5 requested: true
02-20 19:30:05.136  1934  1934 D SIMRecords: [SIMRecords] SST: UsimServiceTable[120]={ PHONEBOOK, FDN, FDN_EXTENSION, SDN, SDN_EXTENSION, BDN, BDN_EXTENSION, OUTGOING_CALL_INFO, ADVICE_OF_CHARGE, CAP_CONFIG_PARAMS_2, GROUP_ID_LEVEL_1, GROUP_ID_LEVEL_2, SPN, USER_PLMN_SELECT, MSISDN, IMAGE, LOCALISED_SERVICE_AREAS, EMLPP, EMLPP_AUTO_ANSWER, RFU, GSM_ACCESS, DATA_DL_VIA_SMS_PP, DATA_DL_VIA_SMS_CB, CALL_CONTROL_BY_USIM, MO_SMS_CONTROL_BY_USIM, RUN_AT_COMMAND, APN_CONTROL_LIST, DEPERSONALISATION_CONTROL_KEYS, COOPERATIVE_NETWORK_LIST, GSM_SECURITY_CONTEXT, SERVICE_PROVIDER_DISPLAY_INFO, MMS_NOTIFICATION, MMS_NOTIFICATION_EXTENSION, GPRS_CALL_CONTROL_BY_USIM, VGCS_GROUP_ID_LIST, VBS_GROUP_ID_LIST, OMA_BCAST_PROFILE, GBA_LOCAL_KEY_ESTABLISHMENT, #101, #102, #103, #104, #105, #106, #107, #108, #109, #110 }
02-20 19:30:05.136  1934  1934 D SIMRecords: [SIMRecords] onRecordLoaded 4 requested: true
02-20 19:30:05.136  1934  1934 D SIMRecords: [SIMRecords] iCPHS: 0233
02-20 19:30:05.136  1934  1934 D SIMRecords: [SIMRecords] onRecordLoaded 3 requested: true
02-20 19:30:05.136  1934  1934 D RILJ    : [3734]> iccIO: SIM_IO 0xb0 0x6f14  path: 3F007F20,0,0,20 aid: null [SUB0]
02-20 19:30:05.137  1934  1934 D RuimRecords: [RuimRecords] iccid: 89014103211118510720
02-20 19:30:05.137  1934  1934 D RuimRecords: [RuimRecords] onRecordLoaded 0 requested: true
02-20 19:30:05.137  1934  1934 D RuimRecords: [RuimRecords] record load complete
02-20 19:30:05.137  1934  1934 D SIMRecords: [SIMRecords] MSISDN: [t-WgLegCyIMgfHgPkOdM6pkZbpA]
02-20 19:30:05.137  1934  1934 D SIMRecords: [SIMRecords] onRecordLoaded 2 requested: true
02-20 19:30:05.137  1934  1934 D RILJ    : [3735]> iccIO: SIM_IO 0xb2 0x6fc7  path: 3F007F20,1,4,32 aid: null [SUB0]
02-20 19:30:05.137  1374  1514 D RIL     : onRequest: SIM_IO
02-20 19:30:05.137  1374  1514 D AT      : AT> AT+CRSM=176,28436,0,0,20
02-20 19:30:05.137  1934  1934 D SubscriptionInfoUpdater: [Receiver]+
02-20 19:30:05.137  1934  1934 D SubscriptionInfoUpdater: Action: android.intent.action.SIM_STATE_CHANGED
02-20 19:30:05.137  1374  1517 D AT      : AT< +CRSM: 144,0,416e64726f6964ffffffffffffffffffffffffff
02-20 19:30:05.137  1374  1517 D AT      : AT< OK
02-20 19:30:05.137  1934  1934 D SubscriptionInfoUpdater: slotId: 0
02-20 19:30:05.137  1934  1934 D SubscriptionInfoUpdater: simStatus: IMSI
02-20 19:30:05.137  1934  1934 D SubscriptionInfoUpdater: Ignoring simStatus: IMSI
02-20 19:30:05.137  1934  1934 D SubscriptionInfoUpdater: [Receiver]-
02-20 19:30:05.137  1374  1514 D RIL     : onRequest: SIM_IO
02-20 19:30:05.137  1374  1514 D AT      : AT> AT+CRSM=178,28615,1,4,32
02-20 19:30:05.138  1934  2017 D RILJ    : [3734]< SIM_IO IccIoResponse sw1:0x90 sw2:0x0 [SUB0]
02-20 19:30:05.138  1374  1517 D AT      : AT< +CRSM: 144,0,566f6963656d61696cffffffffffffffffff07915155125740f9ffffffffffff
02-20 19:30:05.138  1374  1517 D AT      : AT< OK
02-20 19:30:05.142  1934  2017 D RILJ    : [3735]< SIM_IO IccIoResponse sw1:0x90 sw2:0x0 [SUB0]
02-20 19:30:05.150  1949  1949 I am_on_resume_called: [0,com.android.settings.FallbackHome,handleRelaunchActivity]
02-20 19:30:05.155  1934  1934 D SIMRecords: [SIMRecords] getServiceProviderName: no brandOverride, providerName=Android
02-20 19:30:05.155  1934  1934 D SIMRecords: [SIMRecords] Load EF_SPN_CPHS: Android
02-20 19:30:05.155  1934  1934 D TelephonyManager: setTelephonyProperty: success phoneId=0 property=gsm.sim.operator.alpha value: Android propVal=Android
02-20 19:30:05.155  1934  1934 D SIMRecords: [SIMRecords] onRecordLoaded 1 requested: true
02-20 19:30:05.172  1934  1934 D SIMRecords: [SIMRecords] VM: ADN Record 'Voicemail' '[-MWU1cAlDrkXUZ8dpHi_wU_YOpU] null' EF[MBDN]
02-20 19:30:05.172  1934  1934 D SIMRecords: [SIMRecords] onRecordLoaded 0 requested: true
02-20 19:30:05.172  1934  1934 D SIMRecords: [SIMRecords] record load complete
02-20 19:30:05.172  1934  1934 D SIMRecords: [SIMRecords] Not using EF LI/EF PL
02-20 19:30:05.172  1934  1934 D SIMRecords: [SIMRecords] EF_CFF: callForwardingEnabled=0
02-20 19:30:05.172  1934  1934 D SIMRecords: [SIMRecords] onAllRecordsLoaded set 'gsm.sim.operator.numeric' to operator='310260'
02-20 19:30:05.172  1934  1934 D SIMRecords: [SIMRecords] update icc_operator_numeric=310260
02-20 19:30:05.172  1934  1934 D TelephonyManager: setTelephonyProperty: success phoneId=0 property=gsm.sim.operator.numeric value: 310260 propVal=310260
02-20 19:30:05.173  1934  1934 D SubscriptionController: [setMccMnc]+ mcc/mnc:310/260 subId:-1
02-20 19:30:05.176  1934  1934 D SubscriptionController: notifySubscriptionInfoChanged:
02-20 19:30:05.176  1676  1676 I GnssLocationProvider: WakeLock acquired by sendMessage(12, 0, null)
02-20 19:30:05.177  1934  1955 D SubscriptionController: [getActiveSubInfoList] Sub Controller not ready
02-20 19:30:05.177  1934  1934 D SIMRecords: [SIMRecords] onAllRecordsLoaded set mcc imsi
02-20 19:30:05.177  1934  1934 D TelephonyManager: setTelephonyProperty: success phoneId=0 property=gsm.sim.operator.iso-country value: us propVal=us
02-20 19:30:05.178  1934  1934 D SST     : SubscriptionListener.onSubscriptionInfoChanged
02-20 19:30:05.178  1934  1934 D SIMRecords: [SIMRecords]  VoiceMessageCount from SIM MWIS = 0
02-20 19:30:05.178  1934  1934 E Phone   : getStoredVoiceMessageCount: invalid subId -2
02-20 19:30:05.178  1934  1934 D GsmCdmaPhone: [GsmCdmaPhone] updateVoiceMail countVoiceMessages = 0 subId -2
02-20 19:30:05.178  1934  1934 E Phone   : setVoiceMessageCount in sharedPreference: invalid subId -2
02-20 19:30:05.178  1934  1934 D DCT     : [0]SubscriptionListener.onSubscriptionInfoChanged
02-20 19:30:05.178  1934  1934 D SubscriptionController: [getActiveSubInfoList] Sub Controller not ready
02-20 19:30:05.179  1934  1934 D SubscriptionController: [getActiveSubInfoList] Sub Controller not ready
02-20 19:30:05.179  1934  1934 I Telephony: PstnIncomingCallNotifier: Unregistering: Handler (com.android.internal.telephony.GsmCdmaPhone) {5976d63}
02-20 19:30:05.179  1934  1934 E PhoneInterfaceManager: [PhoneIntfMgr] getIccId: No UICC
02-20 19:30:05.181  1676  1801 I Telecom : PhoneAccountRegistrar: [ComponentInfo{com.android.phone/com.android.services.telephony.TelephonyConnectionService}, [e0184adedf913b076626646d3f52c3b49c39ad6d], UserHandle{0}(addr: tel:*********** -> tel:)(icon: Icon(typ=BITMAP size=76x96) -> Icon(typ=BITMAP size=76x96))(subAddr: tel:*********** -> tel:)]: TSI.rPA@AAk
02-20 19:30:05.183  1676  1801 I Telecom : : Sending phone-account registered intent as user: TSI.rPA@AAk
02-20 19:30:05.184  1934  1934 I Telephony: AccountEntry: Registered phoneAccount: [[ ] PhoneAccount: ComponentInfo{com.android.phone/com.android.services.telephony.TelephonyConnectionService}, [e0184adedf913b076626646d3f52c3b49c39ad6d], UserHandle{0} Capabilities: CallProvider MultiUser PlaceEmerg SimSub  Schemes: tel voicemail  Extras: null GroupId: [da39a3ee5e6b4b0d3255bfef95601890afd80709]] with handle: ComponentInfo{com.android.phone/com.android.services.telephony.TelephonyConnectionService}, [e0184adedf913b076626646d3f52c3b49c39ad6d], UserHandle{0}
02-20 19:30:05.184  1766  1766 I StatusBar: isKeyguardShowing() called before startKeyguard(), returning true
02-20 19:30:05.184  1934  1934 I Telephony: PstnIncomingCallNotifier: Registering: Handler (com.android.internal.telephony.GsmCdmaPhone) {5976d63}
02-20 19:30:05.184  1766  1766 W StatusBar: isKeyguardSecure() called before startKeyguard(), returning false
02-20 19:30:05.184  1766  1766 W StatusBar: java.lang.Throwable
02-20 19:30:05.184  1766  1766 W StatusBar: 	at com.android.systemui.statusbar.BaseStatusBar.isKeyguardSecure(BaseStatusBar.java:2647)
02-20 19:30:05.184  1766  1766 W StatusBar: 	at com.android.systemui.statusbar.BaseStatusBar.isCameraAllowedByAdmin(BaseStatusBar.java:2670)
02-20 19:30:05.184  1766  1766 W StatusBar: 	at com.android.systemui.statusbar.phone.KeyguardBottomAreaView.updateCameraVisibility(KeyguardBottomAreaView.java:309)
02-20 19:30:05.184  1766  1766 W StatusBar: 	at com.android.systemui.statusbar.phone.KeyguardBottomAreaView.setUserSetupComplete(KeyguardBottomAreaView.java:281)
02-20 19:30:05.184  1766  1766 W StatusBar: 	at com.android.systemui.statusbar.phone.PhoneStatusBar$1.onChange(PhoneStatusBar.java:441)
02-20 19:30:05.184  1766  1766 W StatusBar: 	at com.android.systemui.statusbar.phone.PhoneStatusBar.resetUserSetupObserver(PhoneStatusBar.java:3676)
02-20 19:30:05.184  1766  1766 W StatusBar: 	at com.android.systemui.statusbar.phone.PhoneStatusBar.makeStatusBarView(PhoneStatusBar.java:1008)
02-20 19:30:05.184  1766  1766 W StatusBar: 	at com.android.systemui.statusbar.phone.PhoneStatusBar.addStatusBarWindow(PhoneStatusBar.java:3432)
02-20 19:30:05.184  1766  1766 W StatusBar: 	at com.android.systemui.statusbar.phone.PhoneStatusBar.createAndAddWindows(PhoneStatusBar.java:3428)
02-20 19:30:05.184  1766  1766 W StatusBar: 	at com.android.systemui.statusbar.BaseStatusBar.start(BaseStatusBar.java:765)
02-20 19:30:05.184  1766  1766 W StatusBar: 	at com.android.systemui.statusbar.phone.PhoneStatusBar.start(PhoneStatusBar.java:686)
02-20 19:30:05.184  1766  1766 W StatusBar: 	at com.android.systemui.statusbar.SystemBars.createStatusBarFromConfig(SystemBars.java:106)
02-20 19:30:05.184  1766  1766 W StatusBar: 	at com.android.systemui.statusbar.SystemBars.onNoService(SystemBars.java:58)
02-20 19:30:05.184  1766  1766 W StatusBar: 	at com.android.systemui.statusbar.ServiceMonitor.startService(ServiceMonitor.java:230)
02-20 19:30:05.184  1766  1766 W StatusBar: 	at com.android.systemui.statusbar.ServiceMonitor.-wrap5(ServiceMonitor.java)
02-20 19:30:05.184  1766  1766 W StatusBar: 	at com.android.systemui.statusbar.ServiceMonitor$1.handleMessage(ServiceMonitor.java:73)
02-20 19:30:05.184  1766  1766 W StatusBar: 	at android.os.Handler.dispatchMessage(Handler.java:102)
02-20 19:30:05.184  1766  1766 W StatusBar: 	at android.os.Looper.loop(Looper.java:154)
02-20 19:30:05.184  1766  1766 W StatusBar: 	at android.app.ActivityThread.main(ActivityThread.java:6119)
02-20 19:30:05.184  1766  1766 W StatusBar: 	at java.lang.reflect.Method.invoke(Native Method)
02-20 19:30:05.184  1766  1766 W StatusBar: 	at com.android.internal.os.ZygoteInit$MethodAndArgsCaller.run(ZygoteInit.java:886)
02-20 19:30:05.184  1766  1766 W StatusBar: 	at com.android.internal.os.ZygoteInit.main(ZygoteInit.java:776)
02-20 19:30:05.203  1934  1934 D CAT     : CatService: handleMessage[20]
02-20 19:30:05.203  1934  1934 D GsmCdmaPhone: [GsmCdmaPhone] updateCurrentCarrierInProvider: mSubId = -2 currentDds = 1 operatorNumeric = 310260
02-20 19:30:05.203  1934  1934 D IccCardProxy: operator=310260 mPhoneId=0
02-20 19:30:05.203  1934  1934 D TelephonyManager: setTelephonyProperty: success phoneId=0 property=gsm.sim.operator.numeric value: 310260 propVal=310260
02-20 19:30:05.203  1934  1934 D TelephonyManager: setTelephonyProperty: success phoneId=0 property=gsm.sim.operator.iso-country value: us propVal=us
02-20 19:30:05.204  1934  1934 D IccCardProxy: Sending intent ACTION_INTERNAL_SIM_STATE_CHANGED for mPhoneId : 0
02-20 19:30:05.204  1766  1933 D OpenGLRenderer: profile bars disabled
02-20 19:30:05.205  1766  1933 D OpenGLRenderer: ambientRatio = 1.50
02-20 19:30:05.207  1934  1934 D SST     : EVENT_SIM_RECORDS_LOADED: what=16
02-20 19:30:05.207  1934  1934 D GsmCdmaPhone: [GsmCdmaPhone] updatePhoneObject: radioTechnology=0
02-20 19:30:05.207  1934  1934 D SST     : getOtasp: otasp not needed for GSM
02-20 19:30:05.207  1934  1934 D SST     : updateOtaspState: call notifyOtaspChanged old otaspMode=0 new otaspMode=3
02-20 19:30:05.207  1934  1934 D SIMRecords: [SIMRecords] getServiceProviderName: no brandOverride, providerName=Android
02-20 19:30:05.207  1934  1934 D SIMRecords: [SIMRecords] getServiceProviderName: no brandOverride, providerName=Android
02-20 19:30:05.207  1934  1934 D SST     : updateSpnDisplay: changed sending intent rule=1 showPlmn='false' plmn='Android' showSpn='true' spn='Android' dataSpn='Android' subId='-2'
02-20 19:30:05.208  1934  1934 D SubscriptionController: [setPlmnSpn] No valid subscription to store info
02-20 19:30:05.208  1934  1934 D SubscriptionController: notifySubscriptionInfoChanged:
02-20 19:30:05.208  1676  1676 I GnssLocationProvider: WakeLock acquired by sendMessage(12, 0, null)
02-20 19:30:05.209  1934  1934 E PhoneInterfaceManager: [PhoneIntfMgr] getIccId: No UICC
02-20 19:30:05.217  1934  1955 D SubscriptionController: [getActiveSubInfoList] Sub Controller not ready
02-20 19:30:05.224  1934  2068 D SubscriptionController: [getActiveSubInfoList] Sub Controller not ready
02-20 19:30:05.230  1934  1955 D SubscriptionController: [getSlotId]- subId invalid
02-20 19:30:05.230  1766  2089 D TelephonyManager: getSimState: default sim:-1, sim state for slotIdx=0 is 5, return state as unknown
02-20 19:30:05.246  1676  1687 I Telecom : PhoneAccountRegistrar: [ComponentInfo{com.android.phone/com.android.services.telephony.TelephonyConnectionService}, [e0184adedf913b076626646d3f52c3b49c39ad6d], UserHandle{0}(icon: Icon(typ=BITMAP size=76x96) -> Icon(typ=BITMAP size=76x96))]: TSI.rPA@AAw
02-20 19:30:05.252  1676  1687 I Telecom : : Sending phone-account registered intent as user: TSI.rPA@AAw
02-20 19:30:05.255  1934  1934 D SubscriptionInfoUpdater: [Receiver]+
02-20 19:30:05.255  1934  1934 D SubscriptionInfoUpdater: Action: android.intent.action.internal_sim_state_changed
02-20 19:30:05.255  1934  1934 D SubscriptionInfoUpdater: slotId: 0
02-20 19:30:05.255  1934  1934 D SubscriptionInfoUpdater: simStatus: LOADED
02-20 19:30:05.255  1934  1934 D SubscriptionInfoUpdater: [Receiver]-
02-20 19:30:05.255  1934  1934 D GsmCdmaPhone: [GsmCdmaPhone] phoneObjectUpdater: newVoiceRadioTech=0
02-20 19:30:05.256  1934  1934 D GsmCdmaPhone: [GsmCdmaPhone] phoneObjectUpdater: volteReplacementRat=0
02-20 19:30:05.256  1934  1934 E GsmCdmaPhone: [GsmCdmaPhone] phoneObjectUpdater: newVoiceRadioTech=0 doesn't match either CDMA or GSM - error! No phone change
02-20 19:30:05.256  1934  1934 D SST     : SubscriptionListener.onSubscriptionInfoChanged
02-20 19:30:05.256  1934  1934 D DCT     : [0]SubscriptionListener.onSubscriptionInfoChanged
02-20 19:30:05.258  1934  1934 D SubscriptionController: [getActiveSubInfoList] Sub Controller not ready
02-20 19:30:05.260  1934  1934 D SubscriptionController: [getActiveSubInfoList] Sub Controller not ready
02-20 19:30:05.260  1934  1934 I Telephony: PstnIncomingCallNotifier: Unregistering: Handler (com.android.internal.telephony.GsmCdmaPhone) {5976d63}
02-20 19:30:05.261  1934  1934 E PhoneInterfaceManager: [PhoneIntfMgr] getIccId: No UICC
02-20 19:30:05.263  1934  1955 D SubscriptionController: [getActiveSubInfoList] Sub Controller not ready
02-20 19:30:05.274  1676  1750 I Telecom : PhoneAccountRegistrar: [ComponentInfo{com.android.phone/com.android.services.telephony.TelephonyConnectionService}, [e0184adedf913b076626646d3f52c3b49c39ad6d], UserHandle{0}(icon: Icon(typ=BITMAP size=76x96) -> Icon(typ=BITMAP size=76x96))]: TSI.rPA@AA0
02-20 19:30:05.275  1934  1948 D SubscriptionController: [getActiveSubInfoList] Sub Controller not ready
02-20 19:30:05.279  1676  1750 I Telecom : : Sending phone-account registered intent as user: TSI.rPA@AA0
02-20 19:30:05.299  1934  1934 I Telephony: AccountEntry: Registered phoneAccount: [[ ] PhoneAccount: ComponentInfo{com.android.phone/com.android.services.telephony.TelephonyConnectionService}, [e0184adedf913b076626646d3f52c3b49c39ad6d], UserHandle{0} Capabilities: CallProvider MultiUser PlaceEmerg SimSub  Schemes: tel voicemail  Extras: null GroupId: [da39a3ee5e6b4b0d3255bfef95601890afd80709]] with handle: ComponentInfo{com.android.phone/com.android.services.telephony.TelephonyConnectionService}, [e0184adedf913b076626646d3f52c3b49c39ad6d], UserHandle{0}
02-20 19:30:05.299  1934  1934 I Telephony: PstnIncomingCallNotifier: Registering: Handler (com.android.internal.telephony.GsmCdmaPhone) {5976d63}
02-20 19:30:05.316  1934  1934 D SubscriptionInfoUpdater: handleSimStateLoadedInternal: slotId: 0
02-20 19:30:05.316  1934  1934 D SubscriptionInfoUpdater: All IccIds query complete
02-20 19:30:05.317  1934  1934 D SubscriptionInfoUpdater: updateSubscriptionInfoByIccId:+ Start
02-20 19:30:05.320  1676  1693 W WindowManager: Keyguard drawn timeout. Setting mKeyguardDrawComplete
02-20 19:30:05.322  1934  1934 D SubscriptionController: [clearSubInfo]- no simInfo size=0
02-20 19:30:05.323  1934  1934 D SubscriptionInfoUpdater: insertedSimCount = 1
02-20 19:30:05.323  1934  1934 D SubscriptionController: [getSubInfoUsingSlotIdWithCheck]+ slotId:0
02-20 19:30:05.323  1934  2068 D SubscriptionController: [getSlotId]- subId invalid
02-20 19:30:05.324  1766  1766 D PhoneStatusBar: disable: < EXPAND* icons alerts system_info BACK* HOME* RECENT* clock SEARCH* quick_settings >
02-20 19:30:05.328  1934  1934 D SubscriptionController: [getPhoneId]- no sims, returning default phoneId=2147483647
02-20 19:30:05.329  1934  1934 D SubscriptionController: [getPhoneId]- no sims, returning default phoneId=2147483647
02-20 19:30:05.329  1934  1934 D SubscriptionController: [getPhoneId]- no sims, returning default phoneId=2147483647
02-20 19:30:05.331  1934  1934 D SubscriptionController: [getSubInfoUsingSlotId]- null info return
02-20 19:30:05.331  1934  1934 D SubscriptionInfoUpdater: updateSubscriptionInfoByIccId: oldSubId = 1
02-20 19:30:05.331  1934  1934 D SubscriptionInfoUpdater: updateSubscriptionInfoByIccId: oldIccId[0] = 89014103211118510720, sIccId[0] = 89014103211118510720
02-20 19:30:05.331  1934  1934 D SubscriptionController: [addSubInfoRecord]+ iccId:89014103211118510720 slotId:0
02-20 19:30:05.332  1934  1934 D SubscriptionController: [getActiveSubInfoList] Sub Controller not ready
02-20 19:30:05.332  1934  1934 D SubscriptionController: [addSubInfoRecord] Record already exists
02-20 19:30:05.340  1934  1934 D SubscriptionController: [addSubInfoRecord] sSlotIdxToSubId.size=1 slotId=0 subId=1 defaultSubId=1 simCount=1
02-20 19:30:05.340  1934  1934 D SubscriptionController: [setDefaultFallbackSubId] subId=1
02-20 19:30:05.340  1934  1934 D SubscriptionController: [setDefaultFallbackSubId] set mDefaultFallbackSubId=1
02-20 19:30:05.341  1934  1934 D MccTable: updateMccMncConfiguration mccmnc='310260' fromServiceState=false
02-20 19:30:05.342  1934  1934 D MccTable: updateMccMncConfiguration defaultMccMnc=310260
02-20 19:30:05.342  1934  1934 D MccTable: updateMccMncConfiguration: mcc=310, mnc=260
02-20 19:30:05.342  1934  1934 D MccTable: updateMccMncConfiguration updateConfig config={1.0 310mcc260mnc ?localeList ?layoutDir ?swdp ?wdp ?hdp ?density ?lsize ?long ?orien ?uimode ?night ?touch ?keyb/?/? ?nav/?}
02-20 19:30:05.343  1766  2089 D TelephonyManager: getSimState: default sim:-1, sim state for slotIdx=0 is 5, return state as unknown
02-20 19:30:05.356  1934  1934 D SubscriptionController: [setDefaultFallbackSubId] broadcast default subId changed phoneId=0 subId=1
02-20 19:30:05.357  1934  1934 D SubscriptionController: [addSubInfoRecord] one sim set defaults to subId=1
02-20 19:30:05.357  1934  1934 D SubscriptionController: [setDefaultDataSubId] num phones=1, subId=1
02-20 19:30:05.357  1934  1934 D SubscriptionController: [setDefaultDataSubId] phoneId=0 subId=1 RAF=1
02-20 19:30:05.358  1934  1934 D ProxyController: setRadioCapability: Already in requested configuration, nothing to do.
02-20 19:30:05.358  1934  1934 D SubscriptionController: [updateAllDataConnectionTrackers] sPhones.length=1
02-20 19:30:05.358  1934  1934 D SubscriptionController: [updateAllDataConnectionTrackers] phoneId=0
02-20 19:30:05.358  1934  1934 D DCT     : [0]update sub = 1
02-20 19:30:05.358  1934  1934 D DCT     : [0]update(): Active DDS, register for all events now!
02-20 19:30:05.358  1934  1934 D DCT     : [0]New records found.
02-20 19:30:05.358  1934  1934 D SST     : mDeviceShuttingDown=false, mDesiredPowerState=true, getRadioState=RADIO_ON, mPowerOffDelayNeed=true, mAlarmSwitch=false, mRadioDisabledByCarrier=false
02-20 19:30:05.364  1934  1934 D GsmCdmaPhone: [GsmCdmaPhone] updateCurrentCarrierInProvider: mSubId = 1 currentDds = 1 operatorNumeric = 310260
02-20 19:30:05.365  1934  1948 D RILJ    : [3736]> RIL_REQUEST_GET_CELL_INFO_LIST [SUB0]
02-20 19:30:05.365  1374  1514 D RIL     : onRequest: GET_CELL_INFO_LIST
02-20 19:30:05.365  1374  1514 D RILC    : responseCellInfoList: v12
02-20 19:30:05.367  1934  2017 D RILJ    : [3736]< RIL_REQUEST_GET_CELL_INFO_LIST [CellInfoGsm:{mRegistered=YES mTimeStampType=modem mTimeStamp=12615530377ns CellIdentityGsm:{ mMcc=310 mMnc=260 mLac=3 mCid=91 mArfcn=10 mBsic=0x0} CellSignalStrengthGsm: ss=-1170783816 ber=30575 mTa=-1169539972}] [SUB0]
02-20 19:30:05.394  1766  1766 D PhoneStatusBar: heads up is enabled
02-20 19:30:05.426  1934  1934 D SubscriptionController: [broadcastDefaultDataSubIdChanged] subId=1
02-20 19:30:05.433  1934  1934 D SubscriptionController: [setDefaultSmsSubId] subId=1
02-20 19:30:05.434  1934  1934 D SubscriptionController: [broadcastDefaultSmsSubIdChanged] subId=1
02-20 19:30:05.435  1934  1934 D SubscriptionController: [setDefaultVoiceSubId] subId=1
02-20 19:30:05.437  1934  1934 D SubscriptionController: [broadcastDefaultVoiceSubIdChanged] subId=1
02-20 19:30:05.442  1934  1934 D SubscriptionController: [addSubInfoRecord] hashmap(0,1)
02-20 19:30:05.447  1949  1995 D EGL_emulation: eglMakeCurrent: 0x76888523aaa0: ver 3 0 (tinfo 0x76888520c520)
02-20 19:30:05.448  1676  1977 I dvm_lock_sample: [system_server,1,Binder:1676_5,54,WindowManagerService.java,9051,WindowAnimator.java,144,10]
02-20 19:30:05.456  1934  1934 D SubscriptionController: [addSubInfoRecord] sim name = Android
02-20 19:30:05.456  1934  1934 D DCT     : [0]update sub = 1
02-20 19:30:05.456  1934  1934 D DCT     : [0]update(): Active DDS, register for all events now!
02-20 19:30:05.456  1934  1934 D GsmCdmaPhone: [GsmCdmaPhone] updateCurrentCarrierInProvider: mSubId = 1 currentDds = 1 operatorNumeric = 310260
02-20 19:30:05.465  1934  1934 D SubscriptionController: [addSubInfoRecord]- info size=1
02-20 19:30:05.466  1934  1934 D SubscriptionInfoUpdater: newSim = false
02-20 19:30:05.466  1934  1934 D SubscriptionInfoUpdater: updateSubscriptionInfoByIccId: sInsertSimState[0] = 0
02-20 19:30:05.467  1766  2093 E ActivityThread: Failed to find provider info for com.android.contacts
02-20 19:30:05.484  1934  1934 D SubscriptionInfoUpdater: updateSubscriptionInfoByIccId: nSubCount = 1
02-20 19:30:05.486  1934  1934 D SubscriptionController: [setDefaultDataSubId] num phones=1, subId=1
02-20 19:30:05.487  1934  1934 D SubscriptionController: [setDefaultDataSubId] phoneId=0 subId=1 RAF=1
02-20 19:30:05.487  1934  1934 D ProxyController: setRadioCapability: Already in requested configuration, nothing to do.
02-20 19:30:05.487  1934  1934 D SubscriptionController: [updateAllDataConnectionTrackers] sPhones.length=1
02-20 19:30:05.487  1934  1934 D SubscriptionController: [updateAllDataConnectionTrackers] phoneId=0
02-20 19:30:05.487  1934  1934 D DCT     : [0]update sub = 1
02-20 19:30:05.487  1934  1934 D DCT     : [0]update(): Active DDS, register for all events now!
02-20 19:30:05.487  1934  1934 D GsmCdmaPhone: [GsmCdmaPhone] updateCurrentCarrierInProvider: mSubId = 1 currentDds = 1 operatorNumeric = 310260
02-20 19:30:05.516  1934  1934 D SubscriptionController: [broadcastDefaultDataSubIdChanged] subId=1
02-20 19:30:05.517  1934  1934 D SubscriptionController: notifySubscriptionInfoChanged:
02-20 19:30:05.517  1676  1676 I GnssLocationProvider: WakeLock acquired by sendMessage(12, 0, null)
02-20 19:30:05.517  1934  1955 D SubscriptionMonitor: Phone[0] subId changed -2->1, 1 registrants
02-20 19:30:05.518  1934  1955 D SubscriptionMonitor: mDefaultDataSubId = 1, 1 registrants
02-20 19:30:05.519  1934  1934 D SubscriptionInfoUpdater: updateSubscriptionInfoByIccId:- SsubscriptionInfo update complete
02-20 19:30:05.519  1934  1934 D MccTable: updateMccMncConfiguration mccmnc='310260' fromServiceState=false
02-20 19:30:05.519  1934  1934 D MccTable: updateMccMncConfiguration defaultMccMnc=310260
02-20 19:30:05.519  1934  1934 D MccTable: updateMccMncConfiguration: mcc=310, mnc=260
02-20 19:30:05.519  1934  1934 D MccTable: updateMccMncConfiguration updateConfig config={1.0 310mcc260mnc ?localeList ?layoutDir ?swdp ?wdp ?hdp ?density ?lsize ?long ?orien ?uimode ?night ?touch ?keyb/?/? ?nav/?}
02-20 19:30:05.534  1676  1691 W GnssLocationProvider: Could not open GPS configuration file /etc/gps.conf
02-20 19:30:05.535  1676  1691 E GnssLocationProvider: no AGPS interface in set_agps_server
02-20 19:30:05.542  1676  1691 I SyncManager: Got SyncJobService instance.
02-20 19:30:05.542  1676  1676 I FusedLocation: engine started (com.android.location.fused)
02-20 19:30:05.547  1676  1693 I dvm_lock_sample: [system_server,1,android.ui,79,WindowManagerService.java,2857,WindowAnimator.java,144,15]
02-20 19:30:05.548  1676  1691 W GnssLocationProvider: Could not open GPS configuration file /etc/gps.conf
02-20 19:30:05.549  1676  1691 E GnssLocationProvider: no AGPS interface in set_agps_server
02-20 19:30:05.549  1676  1691 I GnssLocationProvider: WakeLock released by handleMessage(12, 0, null)
02-20 19:30:05.554  1676  1691 W GnssLocationProvider: Could not open GPS configuration file /etc/gps.conf
02-20 19:30:05.554  1676  1691 E GnssLocationProvider: no AGPS interface in set_agps_server
02-20 19:30:05.558  2063  2063 I GAv4    : Google Analytics 9.2.56 is starting up. To enable debug logging on a device run:
02-20 19:30:05.558  2063  2063 I GAv4    :   adb shell setprop log.tag.GAv4 DEBUG
02-20 19:30:05.558  2063  2063 I GAv4    :   adb logcat -s GAv4
02-20 19:30:05.560  1676  1691 W GnssLocationProvider: Could not open GPS configuration file /etc/gps.conf
02-20 19:30:05.560  1676  1691 E GnssLocationProvider: no AGPS interface in set_agps_server
02-20 19:30:05.565  1676  1691 W GnssLocationProvider: Could not open GPS configuration file /etc/gps.conf
02-20 19:30:05.565  1676  1691 E GnssLocationProvider: no AGPS interface in set_agps_server
02-20 19:30:05.565  1676  1691 I GnssLocationProvider: WakeLock released by handleMessage(12, 0, null)
02-20 19:30:05.577  1676  1691 W GnssLocationProvider: Could not open GPS configuration file /etc/gps.conf
02-20 19:30:05.577  1676  1691 E GnssLocationProvider: no AGPS interface in set_agps_server
02-20 19:30:05.577  1676  1691 I GnssLocationProvider: WakeLock released by handleMessage(12, 0, null)
02-20 19:30:05.581  1676  1691 W GnssLocationProvider: Could not open GPS configuration file /etc/gps.conf
02-20 19:30:05.581  1676  1691 E GnssLocationProvider: no AGPS interface in set_agps_server
02-20 19:30:05.582  1676  1691 I GnssLocationProvider: WakeLock released by handleMessage(12, 0, null)
02-20 19:30:05.594  1313  1378 D gralloc_ranchu: gralloc_alloc: Creating ashmem region of size 15945728
02-20 19:30:05.596  1313  1378 D         : HostConnection::get() New Host Connection established 0x71794f0e9b40, tid 1378
02-20 19:30:05.768  1676  1801 W art     : Long monitor contention with owner android.ui (1693) at int com.android.server.wm.WindowManagerService.relayoutWindow(com.android.server.wm.Session, android.view.IWindow, int, android.view.WindowManager$LayoutParams, int, int, int, int, android.graphics.Rect, android.graphics.Rect, android.graphics.Rect, android.graphics.Rect, android.graphics.Rect, android.graphics.Rect, android.graphics.Rect, android.content.res.Configuration, android.view.Surface)(WindowManagerService.java:2857) waiters=4 in void com.android.server.wm.WindowManagerService.finishDrawingWindow(com.android.server.wm.Session, android.view.IWindow) for 220ms
02-20 19:30:05.768  1676  1801 I dvm_lock_sample: [system_server,1,Binder:1676_4,220,WindowManagerService.java,3255,-,2857,44]
02-20 19:30:05.770  1676  2101 W art     : Long monitor contention with owner Binder:1676_1 (1687) at void com.android.server.am.ActivityManagerService.updateConfiguration(android.content.res.Configuration)(ActivityManagerService.java:18937) waiters=2 in android.content.pm.UserInfo com.android.server.am.UserController.getCurrentUser() for 170ms
02-20 19:30:05.770  1676  2101 I dvm_lock_sample: [system_server,1,Binder:1676_8,170,UserController.java,1438,ActivityManagerService.java,18937,34]
02-20 19:30:05.782  1934  1934 D SubscriptionController: [setMccMnc]+ mcc/mnc:310/260 subId:1
02-20 19:30:05.788  1766  1766 I Choreographer: Skipped 54 frames!  The application may be doing too much work on its main thread.
02-20 19:30:05.796  1934  1934 D SubscriptionController: notifySubscriptionInfoChanged:
02-20 19:30:05.796  1676  1676 I GnssLocationProvider: WakeLock acquired by sendMessage(12, 0, null)
02-20 19:30:05.798  1766  1766 D ViewRootImpl[StatusBar]: changeCanvasOpacity: opaque=true
02-20 19:30:05.865  2063  2103 W GAv4    : AnalyticsReceiver is not registered or is disabled. Register the receiver for reliable dispatching on non-Google Play devices. See http://goo.gl/8Rd3yj for instructions.
02-20 19:30:05.870  2063  2103 W GAv4    : CampaignTrackingReceiver is not registered, not exported or is disabled. Installation campaign tracking is not possible. See http://goo.gl/8Rd3yj for instructions.
02-20 19:30:05.855  1676  1691 W GnssLocationProvider: Could not open GPS configuration file /etc/gps.conf
02-20 19:30:05.871  2063  2103 W GAv4    : AnalyticsService not registered in the app manifest. Hits might not be delivered reliably. See http://goo.gl/8Rd3yj for instructions.
02-20 19:30:05.872  1676  1691 E GnssLocationProvider: no AGPS interface in set_agps_server
02-20 19:30:05.876  1676  1691 I GnssLocationProvider: WakeLock released by handleMessage(12, 0, null)
02-20 19:30:05.878  1934  1934 D SubscriptionController: [getActiveSubscriptionInfo]+ subId=1 subInfo={id=1, iccId=89014103211118510720 simSlotIndex=0 displayName=Android carrierName=Android nameSource=0 iconTint=-16746133 dataRoaming=0 iconBitmap=android.graphics.Bitmap@5ad2787 mcc 310 mnc 260}
02-20 19:30:05.878  1934  1934 D SubscriptionInfoUpdater: sim name = Android
02-20 19:30:05.885  1934  1934 D SubscriptionInfoUpdater: Broadcasting intent ACTION_SIM_STATE_CHANGED LOADED reason null for mCardIndex: 0
02-20 19:30:05.885  1934  1934 D CarrierConfigLoader: update config for phoneId: 0 simState: LOADED
02-20 19:30:05.886  1934  1934 D CarrierSvcBindHelper: update binding for phoneId: 0 simState: LOADED
02-20 19:30:05.886  1676  1676 D WifiService: resetting networks because SIM was loaded
02-20 19:30:05.886  1676  1734 D WifiStateMachine: resetting EAP-SIM/AKA/AKA' networks since SIM was changed
02-20 19:30:05.907  1676  1691 W GnssLocationProvider: Could not open GPS configuration file /etc/gps.conf
02-20 19:30:05.907  1676  1691 E GnssLocationProvider: no AGPS interface in set_agps_server
02-20 19:30:05.916  2063  2063 I AlarmClock: AlarmInitReceiver android.intent.action.TIME_SET
02-20 19:30:05.920  1934  1934 D SubscriptionController: [getActiveSubscriptionInfo]+ subId=1 subInfo={id=1, iccId=89014103211118510720 simSlotIndex=0 displayName=Android carrierName=Android nameSource=0 iconTint=-16746133 dataRoaming=0 iconBitmap=android.graphics.Bitmap@caab523 mcc 310 mnc 260}
02-20 19:30:05.925  1676  2100 I Telecom : PhoneAccountRegistrar: [ComponentInfo{com.android.phone/com.android.services.telephony.TelephonyConnectionService}, [e0184adedf913b076626646d3f52c3b49c39ad6d], UserHandle{0}(icon: Icon(typ=BITMAP size=76x96) -> Icon(typ=BITMAP size=76x96))]: TSI.rPA@ABE
02-20 19:30:05.927  1676  2100 I Telecom : : Sending phone-account registered intent as user: TSI.rPA@ABE
02-20 19:30:05.929  1934  1934 D DCT     : [0]onRecordsLoadedOrSubIdChanged: createAllApnList
02-20 19:30:05.929  1934  1934 D DCT     : [0]createAllApnList: selection=numeric = '310260'
02-20 19:30:05.933  1934  1934 D DCT     : [0]createApnList: X result=[[ApnSettingV3] T-Mobile US, 1, 310260, epc.tmobile.com, , http://mms.msg.eng.t-mobile.com/mms/wapenc, , , , -1, *, IP, IP, true, 0, 0, 0, false, 0, 0, 0, 0, , , false]
02-20 19:30:05.935  1934  1934 D TelephonyProvider: subIdString = 1 subId = 1
02-20 19:30:05.950  1934  1934 D DCT     : [0]getPreferredApn: mRequestedApnType=default cursor=android.content.ContentResolver$CursorWrapperInner@7fc45aa cursor.count=1
02-20 19:30:05.951  1934  1934 D DCT     : [0]getPreferredApn: apnSetting=[ApnSettingV3] T-Mobile US, 1, 310260, epc.tmobile.com, , http://mms.msg.eng.t-mobile.com/mms/wapenc, , , , -1, *, IP, IP, true, 0, 0, 0, false, 0, 0, 0, 0, , , false
02-20 19:30:05.951  1934  1934 D DCT     : [0]getPreferredApn: X found apnSetting[ApnSettingV3] T-Mobile US, 1, 310260, epc.tmobile.com, , http://mms.msg.eng.t-mobile.com/mms/wapenc, , , , -1, *, IP, IP, true, 0, 0, 0, false, 0, 0, 0, 0, , , false
02-20 19:30:05.951  1934  1934 D DCT     : [0]createAllApnList: mPreferredApn=[ApnSettingV3] T-Mobile US, 1, 310260, epc.tmobile.com, , http://mms.msg.eng.t-mobile.com/mms/wapenc, , , , -1, *, IP, IP, true, 0, 0, 0, false, 0, 0, 0, 0, , , false
02-20 19:30:05.951  1934  1934 D DCT     : [0]createAllApnList: X mAllApnSettings=[[ApnSettingV3] T-Mobile US, 1, 310260, epc.tmobile.com, , http://mms.msg.eng.t-mobile.com/mms/wapenc, , , , -1, *, IP, IP, true, 0, 0, 0, false, 0, 0, 0, 0, , , false]
02-20 19:30:05.951  1934  1934 D DCT     : [0]setDataProfilesAsNeeded
02-20 19:30:05.951  1934  1934 D DCT     : [0]setInitialApn: E mPreferredApn=[ApnSettingV3] T-Mobile US, 1, 310260, epc.tmobile.com, , http://mms.msg.eng.t-mobile.com/mms/wapenc, , , , -1, *, IP, IP, true, 0, 0, 0, false, 0, 0, 0, 0, , , false
02-20 19:30:05.951  1934  1934 D DCT     : [0]setInitialApn: firstApnSetting=[ApnSettingV3] T-Mobile US, 1, 310260, epc.tmobile.com, , http://mms.msg.eng.t-mobile.com/mms/wapenc, , , , -1, *, IP, IP, true, 0, 0, 0, false, 0, 0, 0, 0, , , false
02-20 19:30:05.951  1934  1934 D DCT     : [0]setInitialApn: defaultApnSetting=[ApnSettingV3] T-Mobile US, 1, 310260, epc.tmobile.com, , http://mms.msg.eng.t-mobile.com/mms/wapenc, , , , -1, *, IP, IP, true, 0, 0, 0, false, 0, 0, 0, 0, , , false
02-20 19:30:05.951  1934  1934 D DCT     : [0]setInitialAttachApn: using mPreferredApn
02-20 19:30:05.951  1934  1934 D DCT     : [0]setInitialAttachApn: X selected Apn=[ApnSettingV3] T-Mobile US, 1, 310260, epc.tmobile.com, , http://mms.msg.eng.t-mobile.com/mms/wapenc, , , , -1, *, IP, IP, true, 0, 0, 0, false, 0, 0, 0, 0, , , false
02-20 19:30:05.951  1934  1934 D RILJ    : Set RIL_REQUEST_SET_INITIAL_ATTACH_APN [SUB0]
02-20 19:30:05.951  1934  1934 D RILJ    : [3737]> RIL_REQUEST_SET_INITIAL_ATTACH_APN, apn:epc.tmobile.com, protocol:IP, authType:-1, username:none, password:none [SUB0]
02-20 19:30:05.952  1374  1514 D RIL     : onRequest: RIL_REQUEST_SET_INITIAL_ATTACH_APN
02-20 19:30:05.952  1374  1514 D RIL     : Request not supported. Tech: 1
02-20 19:30:05.952  1934  2017 D RilRequest: [3737]< RIL_REQUEST_SET_INITIAL_ATTACH_APN error: com.android.internal.telephony.CommandException: REQUEST_NOT_SUPPORTED ret=
02-20 19:30:05.953  1934  1934 D DCT     : [0]onRecordsLoadedOrSubIdChanged: notifying data availability
02-20 19:30:05.954  1676  1750 D TelephonyRegistry: Notify data connection state changed on sub: 1
02-20 19:30:05.954  1676  1750 D TelephonyRegistry: Notify data connection state changed on sub: 1
02-20 19:30:05.966  1934  1934 D DCT     : [0]setupDataOnConnectableApns: simLoaded hipri:[state=IDLE,enabled=false] mms:[state=IDLE,enabled=false] supl:[state=IDLE,enabled=false] ia:[state=IDLE,enabled=false] fota:[state=IDLE,enabled=false] ims:[state=IDLE,enabled=false] cbs:[state=IDLE,enabled=false] default:[state=IDLE,enabled=false] emergency:[state=IDLE,enabled=false] 
02-20 19:30:05.968  1934  1934 I Telephony: PstnIncomingCallNotifier: Unregistering: Handler (com.android.internal.telephony.GsmCdmaPhone) {5976d63}
02-20 19:30:05.972  1934  1934 D SubscriptionController: [getActiveSubscriptionInfo]+ subId=1 subInfo={id=1, iccId=89014103211118510720 simSlotIndex=0 displayName=Android carrierName=Android nameSource=0 iconTint=-16746133 dataRoaming=0 iconBitmap=android.graphics.Bitmap@2b11276 mcc 310 mnc 260}
02-20 19:30:05.975  1676  1688 I Telecom : PhoneAccountRegistrar: New phone account registered: [[ ] PhoneAccount: ComponentInfo{com.android.phone/com.android.services.telephony.TelephonyConnectionService}, [e2f7d48dd2b5ca523e7313cf4ba0f6ea830b6281], UserHandle{0} Capabilities: CallProvider MultiUser PlaceEmerg SimSub  Schemes: tel voicemail  Extras: null GroupId: [da39a3ee5e6b4b0d3255bfef95601890afd80709]]: TSI.rPA@ABI
02-20 19:30:05.977  1676  1688 I Telecom : : Sending phone-account registered intent as user: TSI.rPA@ABI
02-20 19:30:05.977  1934  1934 I Telephony: AccountEntry: Registered phoneAccount: [[ ] PhoneAccount: ComponentInfo{com.android.phone/com.android.services.telephony.TelephonyConnectionService}, [e2f7d48dd2b5ca523e7313cf4ba0f6ea830b6281], UserHandle{0} Capabilities: CallProvider MultiUser PlaceEmerg SimSub  Schemes: tel voicemail  Extras: null GroupId: [da39a3ee5e6b4b0d3255bfef95601890afd80709]] with handle: ComponentInfo{com.android.phone/com.android.services.telephony.TelephonyConnectionService}, [e2f7d48dd2b5ca523e7313cf4ba0f6ea830b6281], UserHandle{0}
02-20 19:30:05.977  1934  1934 I Telephony: PstnIncomingCallNotifier: Registering: Handler (com.android.internal.telephony.GsmCdmaPhone) {5976d63}
02-20 19:30:05.982  1934  1934 I Telephony: TelecomAccountRegistry: Unregistering phone account ComponentInfo{com.android.phone/com.android.services.telephony.TelephonyConnectionService}, [e0184adedf913b076626646d3f52c3b49c39ad6d], UserHandle{0}.
02-20 19:30:05.982  2063  2107 V AlarmClock: AlarmInitReceiver finished
02-20 19:30:05.984  2037  2037 D CellBroadcastReceiver: Service state changed! 0 Full: 0 0 voice home data home Android Android 310260 Android Android 310260  Unknown LTE CSS not supported -1 -1 RoamInd=-1 DefRoamInd=-1 EmergOnly=false IsDataRoamingFromRegistration=false IsUsingCarrierAggregation=false Current state=-1
02-20 19:30:05.987  2037  2037 D CellBroadcastReceiver: Start Cell Broadcast configuration.
02-20 19:30:05.990  2037  2110 D CellBroadcastConfigService: Enable CellBroadcast on sub 1
02-20 19:30:05.998  1676  1687 I Telecom : : Sending phone-account unregistered intent as user: TSI.uPA@ABQ
02-20 19:30:05.999  1934  1934 D SST     : SubscriptionListener.onSubscriptionInfoChanged
02-20 19:30:06.000  1934  1948 D SST     : SST.getAllCellInfo(): return last, back to back calls
02-20 19:30:06.001  1934  1934 D PhoneFactory: calculatePreferredNetworkType: phoneSubId = 1 networkType = 0
02-20 19:30:06.001  1934  1934 D Phone   : setPreferredNetworkType: Abort, unknown RAF: 1 101902
02-20 19:30:06.002  1934  2092 D SST     : SST.getAllCellInfo(): return last, back to back calls
02-20 19:30:06.002  1934  2092 D SST     : SST.getAllCellInfo(): return last, back to back calls
02-20 19:30:06.002  1934  1934 D Phone   : setNetworkSelectionModeAutomatic, querying current mode
02-20 19:30:06.002  1934  1934 D RILJ    : [3738]> QUERY_NETWORK_SELECTION_MODE [SUB0]
02-20 19:30:06.002  1934  1934 D TelephonyManager: setTelephonyProperty: success phoneId=0 property=gsm.network.type value: LTE propVal=LTE
02-20 19:30:06.003  1374  1514 D RIL     : onRequest: QUERY_NETWORK_SELECTION_MODE
02-20 19:30:06.003  1374  1514 D AT      : AT> AT+COPS?
02-20 19:30:06.003  1374  1517 D AT      : AT< +COPS: 0,2,310260
02-20 19:30:06.003  1374  1517 D AT      : AT< OK
02-20 19:30:06.003  1934  2017 D RILJ    : [3738]< QUERY_NETWORK_SELECTION_MODE {0} [SUB0]
02-20 19:30:06.003  1934  1934 D SubscriptionController: [setCarrierText]+ text:Android subId:1
02-20 19:30:06.025  1934  1934 D SubscriptionController: notifySubscriptionInfoChanged:
02-20 19:30:06.025  1676  1676 I GnssLocationProvider: WakeLock acquired by sendMessage(12, 0, null)
02-20 19:30:06.027  1934  1934 D SIMRecords: [SIMRecords] getServiceProviderName: no brandOverride, providerName=Android
02-20 19:30:06.027  1934  1934 D SIMRecords: [SIMRecords] getServiceProviderName: no brandOverride, providerName=Android
02-20 19:30:06.027  1934  1934 D SST     : updateSpnDisplay: changed sending intent rule=1 showPlmn='false' plmn='Android' showSpn='true' spn='Android' dataSpn='Android' subId='1'
02-20 19:30:06.029  1676  2100 W ActivityManager: Unable to start service Intent { act=com.google.android.gms.icing.LIGHTWEIGHT_INDEX_SERVICE pkg=com.google.android.gms } U=0: not found
02-20 19:30:06.029  1676  1977 W ActivityManager: Unbind failed: could not find connection for android.os.BinderProxy@ee78177
02-20 19:30:06.029  1934  1934 D SubscriptionController: [setCarrierText]+ text:Android subId:1
02-20 19:30:06.029  2063  2113 E GmsClient: unable to connect to service: com.google.android.gms.icing.LIGHTWEIGHT_INDEX_SERVICE on com.google.android.gms
02-20 19:30:06.038  1934  1934 D SubscriptionController: notifySubscriptionInfoChanged:
02-20 19:30:06.039  1676  1676 I GnssLocationProvider: WakeLock acquired by sendMessage(12, 0, null)
02-20 19:30:06.040  1934  1934 D SIMRecords: [SIMRecords]  VoiceMessageCount from SIM MWIS = 0
02-20 19:30:06.040  1934  1934 D Phone   : getStoredVoiceMessageCount: from preference for subId 1= 0
02-20 19:30:06.040  1934  1934 D GsmCdmaPhone: [GsmCdmaPhone] updateVoiceMail countVoiceMessages = 0 subId 1
02-20 19:30:06.040  1934  1934 D Phone   : setVoiceMessageCount: Storing Voice Mail Count = 0 for mVmCountKey = vm_count_key1 in preferences.
02-20 19:30:06.042  1934  1934 D DCT     : [0]SubscriptionListener.onSubscriptionInfoChanged
02-20 19:30:06.043  1934  1934 D DCT     : [0]onRecordsLoadedOrSubIdChanged: createAllApnList
02-20 19:30:06.043  1934  1934 D DCT     : [0]createAllApnList: selection=numeric = '310260'
02-20 19:30:06.044  2063  2106 E AlarmClock: Error initializing index: ConnectionResult{statusCode=API_UNAVAILABLE, resolution=null, message=null}
02-20 19:30:06.059  1676  1693 V KeyguardServiceDelegate: *** Keyguard connected (yay!)
02-20 19:30:06.059  1676  1699 W art     : Long monitor contention with owner Binder:1676_4 (1801) at int com.android.server.wm.WindowManagerService.relayoutWindow(com.android.server.wm.Session, android.view.IWindow, int, android.view.WindowManager$LayoutParams, int, int, int, int, android.graphics.Rect, android.graphics.Rect, android.graphics.Rect, android.graphics.Rect, android.graphics.Rect, android.graphics.Rect, android.graphics.Rect, android.content.res.Configuration, android.view.Surface)(WindowManagerService.java:2857) waiters=2 in void com.android.server.wm.WindowAnimator$1.doFrame(long) for 157ms
02-20 19:30:06.059  1676  1699 I dvm_lock_sample: [system_server,1,android.display,157,WindowAnimator.java,144,WindowManagerService.java,2857,31]
02-20 19:30:06.074  1934  1934 D DCT     : [0]createApnList: X result=[[ApnSettingV3] T-Mobile US, 1, 310260, epc.tmobile.com, , http://mms.msg.eng.t-mobile.com/mms/wapenc, , , , -1, *, IP, IP, true, 0, 0, 0, false, 0, 0, 0, 0, , , false]
02-20 19:30:06.079  1934  1934 D TelephonyProvider: subIdString = 1 subId = 1
02-20 19:30:06.085  1766  1933 D         : HostConnection::get() New Host Connection established 0x7688852187e0, tid 1933
02-20 19:30:06.087  1934  1934 D DCT     : [0]getPreferredApn: mRequestedApnType=default cursor=android.content.ContentResolver$CursorWrapperInner@21b6905 cursor.count=1
02-20 19:30:06.087  1934  1934 D DCT     : [0]getPreferredApn: apnSetting=[ApnSettingV3] T-Mobile US, 1, 310260, epc.tmobile.com, , http://mms.msg.eng.t-mobile.com/mms/wapenc, , , , -1, *, IP, IP, true, 0, 0, 0, false, 0, 0, 0, 0, , , false
02-20 19:30:06.087  1934  1934 D DCT     : [0]getPreferredApn: X found apnSetting[ApnSettingV3] T-Mobile US, 1, 310260, epc.tmobile.com, , http://mms.msg.eng.t-mobile.com/mms/wapenc, , , , -1, *, IP, IP, true, 0, 0, 0, false, 0, 0, 0, 0, , , false
02-20 19:30:06.088  1766  1933 I OpenGLRenderer: Initialized EGL, version 1.4
02-20 19:30:06.088  1766  1933 D OpenGLRenderer: Swap behavior 1
02-20 19:30:06.089  1934  2104 D IccSmsInterfaceManager: [IccSmsInterfaceManager] Calling setCdmaBroadcastConfig with 1 configurations
02-20 19:30:06.089  1934  2104 D RILJ    : [3739]> RIL_REQUEST_CDMA_SET_BROADCAST_CONFIG with 1 configs :  [SUB0]
02-20 19:30:06.089  1934  2104 D RILJ    : CdmaSmsBroadcastConfigInfo: Id [4096, 4096] ENABLED [SUB0]
02-20 19:30:06.090  1374  1514 D RIL     : onRequest: CDMA_SET_BROADCAST_SMS_CONFIG
02-20 19:30:06.090  1374  1514 D RIL     : Request not supported. Tech: 1
02-20 19:30:06.090  1934  1934 D DCT     : [0]createAllApnList: mPreferredApn=[ApnSettingV3] T-Mobile US, 1, 310260, epc.tmobile.com, , http://mms.msg.eng.t-mobile.com/mms/wapenc, , , , -1, *, IP, IP, true, 0, 0, 0, false, 0, 0, 0, 0, , , false
02-20 19:30:06.090  1934  2017 D RilRequest: [3739]< RIL_REQUEST_CDMA_SET_BROADCAST_CONFIG error: com.android.internal.telephony.CommandException: REQUEST_NOT_SUPPORTED ret=
02-20 19:30:06.090  1934  1934 D DCT     : [0]createAllApnList: X mAllApnSettings=[[ApnSettingV3] T-Mobile US, 1, 310260, epc.tmobile.com, , http://mms.msg.eng.t-mobile.com/mms/wapenc, , , , -1, *, IP, IP, true, 0, 0, 0, false, 0, 0, 0, 0, , , false]
02-20 19:30:06.090  1934  1934 D DCT     : [0]setDataProfilesAsNeeded
02-20 19:30:06.090  1934  1934 D DCT     : [0]setInitialApn: E mPreferredApn=[ApnSettingV3] T-Mobile US, 1, 310260, epc.tmobile.com, , http://mms.msg.eng.t-mobile.com/mms/wapenc, , , , -1, *, IP, IP, true, 0, 0, 0, false, 0, 0, 0, 0, , , false
02-20 19:30:06.090  1934  1934 D DCT     : [0]setInitialApn: firstApnSetting=[ApnSettingV3] T-Mobile US, 1, 310260, epc.tmobile.com, , http://mms.msg.eng.t-mobile.com/mms/wapenc, , , , -1, *, IP, IP, true, 0, 0, 0, false, 0, 0, 0, 0, , , false
02-20 19:30:06.090  1934  1934 D DCT     : [0]setInitialApn: defaultApnSetting=[ApnSettingV3] T-Mobile US, 1, 310260, epc.tmobile.com, , http://mms.msg.eng.t-mobile.com/mms/wapenc, , , , -1, *, IP, IP, true, 0, 0, 0, false, 0, 0, 0, 0, , , false
02-20 19:30:06.090  1934  1934 D DCT     : [0]setInitialAttachApn: using mPreferredApn
02-20 19:30:06.090  1934  1934 D DCT     : [0]setInitialAttachApn: X selected Apn=[ApnSettingV3] T-Mobile US, 1, 310260, epc.tmobile.com, , http://mms.msg.eng.t-mobile.com/mms/wapenc, , , , -1, *, IP, IP, true, 0, 0, 0, false, 0, 0, 0, 0, , , false
02-20 19:30:06.090  1934  1934 D RILJ    : Set RIL_REQUEST_SET_INITIAL_ATTACH_APN [SUB0]
02-20 19:30:06.090  1934  1934 D RILJ    : [3740]> RIL_REQUEST_SET_INITIAL_ATTACH_APN, apn:epc.tmobile.com, protocol:IP, authType:-1, username:none, password:none [SUB0]
02-20 19:30:06.091  1934  1934 D DCT     : [0]onRecordsLoadedOrSubIdChanged: notifying data availability
02-20 19:30:06.091  1374  1514 D RIL     : onRequest: RIL_REQUEST_SET_INITIAL_ATTACH_APN
02-20 19:30:06.091  1374  1514 D RIL     : Request not supported. Tech: 1
02-20 19:30:06.091  1934  2017 D RilRequest: [3740]< RIL_REQUEST_SET_INITIAL_ATTACH_APN error: com.android.internal.telephony.CommandException: REQUEST_NOT_SUPPORTED ret=
