02-20 20:39:57.176  1663  1724 D VoldConnector: RCV <- {655 emulated /storage/emulated}
02-20 20:39:57.188  1763  1763 W System  : ClassLoader referenced unknown path: /system/priv-app/SystemUIGoogle/lib/x86_64
02-20 20:39:57.191  1663  1663 D WebViewFactory: Setting new address space to 137955392
02-20 20:39:57.207  1663  1663 I Zygote  : Process: zygote socket opened, supported ABIS: x86
02-20 20:39:57.208  1365  1562 I art     : Starting a blocking GC HeapTrim
02-20 20:39:57.214     0     0 D SELinux : initialized (dev fuse, type fuse), uses genfs_contexts
02-20 20:39:57.210  1365  1365 I art     : Starting a blocking GC Background
02-20 20:39:57.210  1663  1779 E WVMExtractor: Failed to open libwvm.so: dlopen failed: library "libwvm.so" not found
02-20 20:39:57.214  1792  1792 W sdcard  : Device explicitly disabled sdcardfs
02-20 20:39:57.222  1267  1303 V vold    : Waiting for FUSE to spin up...
02-20 20:39:57.225     0     0 D SELinux : initialized (dev fuse, type fuse), uses genfs_contexts
02-20 20:39:57.225     0     0 D SELinux : initialized (dev fuse, type fuse), uses genfs_contexts
02-20 20:39:57.242  1513  1513 I hostapd : wlan1: interface state COUNTRY_UPDATE->HT_SCAN
02-20 20:39:57.242     0     0 D ieee80211 phy1: mac80211_hwsim_config (freq=0 idle=1 ps=0 smps=auto)
02-20 20:39:57.242     0     0 D ieee80211 phy1: hwsim hw_scan request
02-20 20:39:57.242     0     0 D ieee80211 phy1: hw scan 2412 MHz
02-20 20:39:57.268  1663  1663 W ActivityManager: Slow operation: 74ms so far, now at startProcess: returned from zygote!
02-20 20:39:57.268  1663  1663 W ActivityManager: Slow operation: 74ms so far, now at startProcess: done updating battery stats
02-20 20:39:57.268  1663  1663 I am_proc_start: [0,1799,1037,WebViewLoader-x86,,]
02-20 20:39:57.268  1663  1663 W ActivityManager: Slow operation: 74ms so far, now at startProcess: building log message
02-20 20:39:57.268  1663  1663 I ActivityManager: Start proc 1799:WebViewLoader-x86/1037 [android.webkit.WebViewFactory$RelroFileCreator] for 
02-20 20:39:57.268  1663  1663 W ActivityManager: Slow operation: 74ms so far, now at startProcess: starting to update pids map
02-20 20:39:57.268  1663  1663 W ActivityManager: Slow operation: 74ms so far, now at startProcess: done updating pids map
02-20 20:39:57.268  1663  1663 W ActivityManager: Slow operation: 74ms so far, now at startProcess: done starting proc!
02-20 20:39:57.269  1374  1374 I MediaPlayerService: MediaPlayerService::getOMX
02-20 20:39:57.272  1374  1374 I OMXClient: MuxOMX ctor
02-20 20:39:57.273  1663  1724 D VoldConnector: RCV <- {651 emulated 2}
02-20 20:39:57.273  1663  1724 D VoldConnector: RCV <- {200 5 Command succeeded}
02-20 20:39:57.274  1663  1723 D VoldConnector: SND -> {6 volume mount public:253,64 2 0}
02-20 20:39:57.275  1267  1303 V vold    : /system/bin/blkid
02-20 20:39:57.275  1267  1303 V vold    :     -c
02-20 20:39:57.275  1267  1303 V vold    :     /dev/null
02-20 20:39:57.275  1267  1303 V vold    :     -s
02-20 20:39:57.275  1267  1303 V vold    :     TYPE
02-20 20:39:57.275  1267  1303 V vold    :     -s
02-20 20:39:57.275  1267  1303 V vold    :     UUID
02-20 20:39:57.275  1267  1303 V vold    :     -s
02-20 20:39:57.275  1267  1303 V vold    :     LABEL
02-20 20:39:57.275  1267  1303 V vold    :     /dev/block/vold/public:253,64
02-20 20:39:57.275  1663  1724 D VoldConnector: RCV <- {651 public:253,64 1}
02-20 20:39:57.279  1374  1374 I MediaPlayerService: MediaPlayerService::getOMX
02-20 20:39:57.280  1374  1374 I OMXClient: MuxOMX ctor
02-20 20:39:57.280  1371  1371 I OMXMaster: makeComponentInstance(OMX.google.mp3.decoder) in mediacodec process
02-20 20:39:57.283  1663  1663 I am_proc_start: [0,1807,1037,WebViewLoader-x86_64,,]
02-20 20:39:57.283  1663  1663 I ActivityManager: Start proc 1807:WebViewLoader-x86_64/1037 [android.webkit.WebViewFactory$RelroFileCreator] for 
02-20 20:39:57.283  1663  1663 D NetworkManagement: enabling bandwidth control
02-20 20:39:57.318  1807  1807 W art     : Unexpected CPU variant for X86 using defaults: x86_64
02-20 20:39:57.343  1267  1303 V vold    : /dev/block/vold/public:253,64: LABEL="SDCARD" UUID="1E12-0B12" TYPE="vfat" 
02-20 20:39:57.343  1267  1303 V vold    : 
02-20 20:39:57.344  1267  1303 V vold    : /system/bin/fsck_msdos
02-20 20:39:57.344  1267  1303 V vold    :     -p
02-20 20:39:57.344  1267  1303 V vold    :     -f
02-20 20:39:57.344  1267  1303 V vold    :     /dev/block/vold/public:253,64
02-20 20:39:57.344  1663  1724 D VoldConnector: RCV <- {652 public:253,64 vfat}
02-20 20:39:57.344  1663  1724 D VoldConnector: RCV <- {653 public:253,64 1E12-0B12}
02-20 20:39:57.344  1663  1724 D VoldConnector: RCV <- {654 public:253,64 SDCARD}
02-20 20:39:57.351  1663  1731 D WifiController: DEFERRED_TOGGLE handled
02-20 20:39:57.362  1763  1763 V SystemUIService: Starting SystemUI services for user 0.
02-20 20:39:57.362  1799  1799 W art     : Unexpected CPU variant for X86 using defaults: x86
02-20 20:39:57.366  1376  1502 D AT      : AT< +CGREG: 1,1
02-20 20:39:57.366  1376  1502 D AT      : AT< +CTEC: 1+CREG: 2,1, "0003", "005b"
02-20 20:39:57.360     0     0 D ieee80211 phy1: hw scan 2417 MHz
02-20 20:39:57.366     0     0 W healthd : battery l=100 v=0 t=0.0 h=2 st=2 chg=a
02-20 20:39:57.366  1376  1502 D RIL     : line remaining after int: 1, "0003", "005b"
02-20 20:39:57.366  1376  1502 D RIL     : setRadioTechnology(1)
02-20 20:39:57.366  1376  1502 D RIL     : Tech change (0 => 1)
02-20 20:39:57.366  1376  1502 D AT      : AT< +CGREG: 1,1
02-20 20:39:57.367  1807  1807 V WebViewFactory: RelroFileCreator (64bit = true),  32-bit lib: /system/app/Chrome/Chrome.apk!/lib/x86/libmonochrome.so, 64-bit lib: /system/app/Chrome/Chrome.apk!/lib/x86_64/libmonochrome.so
02-20 20:39:57.373  1757  1757 I LatinIME: Hardware accelerated drawing: true
02-20 20:39:57.376  1267  1303 I fsck_msdos: ** /dev/block/vold/public:253,64
02-20 20:39:57.376  1267  1303 I fsck_msdos: ** Phase 1 - Read and Compare FATs
02-20 20:39:57.376  1267  1303 I fsck_msdos: Attempting to allocate 1022 KB for FAT
02-20 20:39:57.404  1374  1374 I MediaPlayerService: MediaPlayerService::getOMX
02-20 20:39:57.404  1374  1374 I OMXClient: MuxOMX ctor
02-20 20:39:57.404  1371  1371 I OMXMaster: makeComponentInstance(OMX.google.amrnb.decoder) in mediacodec process
02-20 20:39:57.412  1374  1374 I MediaPlayerService: MediaPlayerService::getOMX
02-20 20:39:57.412  1374  1374 I OMXClient: MuxOMX ctor
02-20 20:39:57.412  1371  1371 I OMXMaster: makeComponentInstance(OMX.google.amrwb.decoder) in mediacodec process
02-20 20:39:57.425  1374  1374 I MediaPlayerService: MediaPlayerService::getOMX
02-20 20:39:57.425  1374  1374 I OMXClient: MuxOMX ctor
02-20 20:39:57.425  1371  1830 I OMXMaster: makeComponentInstance(OMX.google.aac.decoder) in mediacodec process
02-20 20:39:57.446  1374  1374 I MediaPlayerService: MediaPlayerService::getOMX
02-20 20:39:57.447  1374  1374 I OMXClient: MuxOMX ctor
02-20 20:39:57.447  1371  1403 I OMXMaster: makeComponentInstance(OMX.google.g711.alaw.decoder) in mediacodec process
02-20 20:39:57.469  1267  1303 I fsck_msdos: Attempting to allocate 1022 KB for FAT
02-20 20:39:57.479  1763  1763 V MediaRouter: Adding route: RouteInfo{ name=Phone, description=null, status=null, category=RouteCategory{ name=null types=ROUTE_TYPE_LIVE_AUDIO ROUTE_TYPE_LIVE_VIDEO  groupable=false }, supportedTypes=ROUTE_TYPE_LIVE_AUDIO ROUTE_TYPE_LIVE_VIDEO , presentationDisplay=null }
02-20 20:39:57.487  1763  1763 V MediaRouter: Updating audio routes: AudioRoutesInfo{ type=SPEAKER }
02-20 20:39:57.488  1763  1763 V MediaRouter: Selecting route: RouteInfo{ name=Phone, description=null, status=null, category=RouteCategory{ name=null types=ROUTE_TYPE_LIVE_AUDIO ROUTE_TYPE_LIVE_VIDEO  groupable=false }, supportedTypes=ROUTE_TYPE_LIVE_AUDIO ROUTE_TYPE_LIVE_VIDEO , presentationDisplay=null }
02-20 20:39:57.481     0     0 D ieee80211 phy1: hw scan 2422 MHz
02-20 20:39:57.512  1375  1689 D SoftapController: Softap fwReload - Ok
02-20 20:39:57.516  1663  1791 D TelephonyRegistry: listen oscl: hasNotifySubscriptionInfoChangedOccurred==false no callback
02-20 20:39:57.524  1799  1799 V WebViewFactory: RelroFileCreator (64bit = false),  32-bit lib: /system/app/Chrome/Chrome.apk!/lib/x86/libmonochrome.so, 64-bit lib: /system/app/Chrome/Chrome.apk!/lib/x86_64/libmonochrome.so
02-20 20:39:57.525  1374  1374 I MediaPlayerService: MediaPlayerService::getOMX
02-20 20:39:57.525  1374  1374 I OMXClient: MuxOMX ctor
02-20 20:39:57.603     0     0 D ieee80211 phy1: hw scan 2427 MHz
02-20 20:39:57.650     0     0 W FAT-fs (vde): Volume was not properly unmounted. Some data may be corrupt. Please run fsck.
02-20 20:39:57.652     0     0 D SELinux : initialized (dev vde, type vfat), uses genfs_contexts
02-20 20:39:57.653     0     0 I init    : Starting service 'wpa_supplicant'...
02-20 20:39:57.678     0     0 D SELinux : initialized (dev fuse, type fuse), uses genfs_contexts
02-20 20:39:57.678     0     0 D SELinux : initialized (dev fuse, type fuse), uses genfs_contexts
02-20 20:39:57.680     0     0 D SELinux : initialized (dev fuse, type fuse), uses genfs_contexts
02-20 20:39:57.525  1371  1403 I OMXMaster: makeComponentInstance(OMX.google.g711.mlaw.decoder) in mediacodec process
02-20 20:39:57.594  1267  1303 I fsck_msdos: ** Phase 2 - Check Cluster Chains
02-20 20:39:57.595  1757  1757 W InputAttributes: No editor info for this field. Bug?
02-20 20:39:57.595  1267  1303 I fsck_msdos: ** Phase 3 - Checking Directories
02-20 20:39:57.597  1374  1374 I MediaPlayerService: MediaPlayerService::getOMX
02-20 20:39:57.597  1267  1303 I fsck_msdos: ** Phase 4 - Checking for Lost Files
02-20 20:39:57.597  1374  1374 I OMXClient: MuxOMX ctor
02-20 20:39:57.597  1371  1403 I OMXMaster: makeComponentInstance(OMX.google.vorbis.decoder) in mediacodec process
02-20 20:39:57.618  1267  1303 I fsck_msdos: 27 files, 522176 free (261088 clusters)
02-20 20:39:57.637  1663  1663 W NetworkManagement: setDataSaverMode(): already false
02-20 20:39:57.640  1375  1689 D CommandListener: Setting iface cfg
02-20 20:39:57.640  1375  1689 D CommandListener: Trying to bring down wlan0
02-20 20:39:57.641  1375  1689 D CommandListener: Clearing all IP addresses on wlan0
02-20 20:39:57.642  1267  1303 I Vold    : Filesystem check completed OK
02-20 20:39:57.642  1663  1724 D VoldConnector: RCV <- {656 public:253,64 /mnt/media_rw/1E12-0B12}
02-20 20:39:57.642  1663  1724 D VoldConnector: RCV <- {655 public:253,64 /storage/1E12-0B12}
02-20 20:39:57.645  1663  1732 E WifiMonitor: killSupplicant p2pfalse init.svc.wpa_supplicant=unknown init.svc.p2p_supplicant=unknown
02-20 20:39:57.650  1663  1732 E wifi    : Can not initialize the vendor function pointer table
02-20 20:39:57.650  1663  1732 E WifiNative-HAL: Could not start hal
02-20 20:39:57.650  1663  1732 E WifiStateMachine: Failed to start HAL
02-20 20:39:57.655  1663  1732 D WifiMonitor: startMonitoring(wlan0) with mConnected = false
02-20 20:39:57.655  1267  1303 V vold    : Waiting for FUSE to spin up...
02-20 20:39:57.655  1663  1732 E WifiHW  : Unable to open connection to supplicant on "@android:wpa_wlan0": No such file or directory
02-20 20:39:57.661  1763  1861 E WVMExtractor: Failed to open libwvm.so: dlopen failed: library "libwvm.so" not found
02-20 20:39:57.662  1374  1374 I MediaPlayerService: MediaPlayerService::getOMX
02-20 20:39:57.662  1374  1374 I OMXClient: MuxOMX ctor
02-20 20:39:57.662  1371  1403 I OMXMaster: makeComponentInstance(OMX.google.opus.decoder) in mediacodec process
02-20 20:39:57.665  1807  1807 I art     : System.exit called, status: 0
02-20 20:39:57.665  1807  1807 I AndroidRuntime: VM exiting with result code 0, cleanup skipped.
02-20 20:39:57.666  1864  1864 W sdcard  : Device explicitly disabled sdcardfs
02-20 20:39:57.677  1757  1859 I LatinIME:LogUtils: Dictionary info: dictionary = userunigram.en_US ; version = 1519159197 ; date = ?
02-20 20:39:57.679  1757  1859 E ActivityThread: Failed to find provider info for user_dictionary
02-20 20:39:57.679  1757  1859 I LatinIME:LogUtils: Dictionary info: dictionary = UserHistoryDictionary.en_US ; version = 1519159197 ; date = ?
02-20 20:39:57.709  1663  1724 D VoldConnector: RCV <- {651 public:253,64 2}
02-20 20:39:57.710  1663  1724 D VoldConnector: RCV <- {200 6 Command succeeded}
02-20 20:39:57.728  1374  1374 I MediaPlayerService: MediaPlayerService::getOMX
02-20 20:39:57.728  1374  1374 I OMXClient: MuxOMX ctor
02-20 20:39:57.728  1371  1830 I OMXMaster: makeComponentInstance(OMX.google.raw.decoder) in mediacodec process
02-20 20:39:57.732  1374  1374 I MediaPlayerService: MediaPlayerService::getOMX
02-20 20:39:57.732  1374  1374 I OMXClient: MuxOMX ctor
02-20 20:39:57.733  1371  1371 I OMXMaster: makeComponentInstance(OMX.google.aac.encoder) in mediacodec process
02-20 20:39:57.733  1799  1799 I art     : System.exit called, status: 0
02-20 20:39:57.733  1799  1799 I AndroidRuntime: VM exiting with result code 0, cleanup skipped.
02-20 20:39:57.735  1663  1663 D NetworkPolicy: setRestrictBackgroundUL(): false
02-20 20:39:57.735  1663  1663 W NetworkManagement: setDataSaverMode(): already false
02-20 20:39:57.721     0     0 D ieee80211 phy1: hw scan 2432 MHz
02-20 20:39:57.746  1374  1374 I MediaPlayerService: MediaPlayerService::getOMX
02-20 20:39:57.746  1374  1374 I OMXClient: MuxOMX ctor
02-20 20:39:57.746  1371  1403 I OMXMaster: makeComponentInstance(OMX.google.amrnb.encoder) in mediacodec process
02-20 20:39:57.756  1374  1374 I MediaPlayerService: MediaPlayerService::getOMX
02-20 20:39:57.757  1374  1374 I OMXClient: MuxOMX ctor
02-20 20:39:57.757  1371  1830 I OMXMaster: makeComponentInstance(OMX.google.amrwb.encoder) in mediacodec process
02-20 20:39:57.760  1374  1374 I MediaPlayerService: MediaPlayerService::getOMX
02-20 20:39:57.761  1374  1374 I OMXClient: MuxOMX ctor
02-20 20:39:57.761  1371  1371 I OMXMaster: makeComponentInstance(OMX.google.flac.encoder) in mediacodec process
02-20 20:39:57.762  1863  1863 I wpa_supplicant: Successfully initialized wpa_supplicant
02-20 20:39:57.765  1863  1863 I wpa_supplicant: rfkill: Cannot open RFKILL control device
02-20 20:39:57.781  1863  1863 I wpa_supplicant: nl80211: Could not re-add multicast membership for vendor events: -2 (No such file or directory)
02-20 20:39:57.782  1374  1374 I MediaPlayerService: MediaPlayerService::getOMX
02-20 20:39:57.782  1374  1374 I OMXClient: MuxOMX ctor
02-20 20:39:57.782  1371  1371 I OMXMaster: makeComponentInstance(OMX.google.gsm.decoder) in mediacodec process
02-20 20:39:57.765     0     0 D ieee80211 phy0: mac80211_hwsim_start
02-20 20:39:57.765     0     0 D ieee80211 phy0: mac80211_hwsim_add_interface (type=2 mac_addr=02:00:00:44:55:66)
02-20 20:39:57.765     0     0 D ieee80211 phy0: mac80211_hwsim_bss_info_changed(changed=0xe)
02-20 20:39:57.765     0     0 D ieee80211 phy0: ERP_CTS_PROT: 0
02-20 20:39:57.765     0     0 D ieee80211 phy0: ERP_PREAMBLE: 0
02-20 20:39:57.765     0     0 D ieee80211 phy0: ERP_SLOT: 0
02-20 20:39:57.765     0     0 D ieee80211 phy0: mac80211_hwsim_conf_tx (queue=0 txop=0 cw_min=15 cw_max=1023 aifs=2)
02-20 20:39:57.765     0     0 D ieee80211 phy0: mac80211_hwsim_conf_tx (queue=1 txop=0 cw_min=15 cw_max=1023 aifs=2)
02-20 20:39:57.765     0     0 D ieee80211 phy0: mac80211_hwsim_conf_tx (queue=2 txop=0 cw_min=15 cw_max=1023 aifs=2)
02-20 20:39:57.765     0     0 D ieee80211 phy0: mac80211_hwsim_conf_tx (queue=3 txop=0 cw_min=15 cw_max=1023 aifs=2)
02-20 20:39:57.765     0     0 D ieee80211 phy0: mac80211_hwsim_bss_info_changed(changed=0x2000)
02-20 20:39:57.765     0     0 D ieee80211 phy0: mac80211_hwsim_config (freq=0 idle=0 ps=0 smps=auto)
02-20 20:39:57.765     0     0 D ieee80211 phy0: mac80211_hwsim_configure_filter
02-20 20:39:57.765     0     0 D ieee80211 phy0: mac80211_hwsim_configure_filter
02-20 20:39:57.766     0     0 D ieee80211 phy0: mac80211_hwsim_configure_filter
02-20 20:39:57.766     0     0 I IPv6    : ADDRCONF(NETDEV_UP): wlan0: link is not ready
02-20 20:39:57.808  1374  1374 I MediaPlayerService: MediaPlayerService::getOMX
02-20 20:39:57.808  1374  1374 I OMXClient: MuxOMX ctor
02-20 20:39:57.808  1371  1371 I OMXMaster: makeComponentInstance(OMX.google.mpeg4.decoder) in mediacodec process
02-20 20:39:57.832  1371  1830 E OMXNodeInstance: getExtensionIndex(55b000f:google.mpeg4.decoder, OMX.google.android.index.configureVideoTunnelMode) ERROR: UnsupportedIndex(0x8000101a)
02-20 20:39:57.832  1371  1403 W OMXNodeInstance: [55b000f:google.mpeg4.decoder] component does not support metadata mode; using fallback
02-20 20:39:57.840     0     0 D ieee80211 phy1: hw scan 2437 MHz
02-20 20:39:57.842  1863  1863 E wpa_supplicant: global ctrl interface @android:wpa_wlan0 matches ctrl interface wlan0 - do not open per-interface ctrl interface
02-20 20:39:57.843  1374  1374 I MediaPlayerService: MediaPlayerService::getOMX
02-20 20:39:57.843  1374  1374 I OMXClient: MuxOMX ctor
02-20 20:39:57.843  1371  1371 I OMXMaster: makeComponentInstance(OMX.google.h263.decoder) in mediacodec process
02-20 20:39:57.861  1663  1663 I SystemServiceManager: Starting phase 600
02-20 20:39:57.867  1663  1663 D SensorNotificationService: Cannot obtain dynamic meta sensor, not supported.
02-20 20:39:57.871  1371  1830 E OMXNodeInstance: getExtensionIndex(55b0010:google.h263.decoder, OMX.google.android.index.configureVideoTunnelMode) ERROR: UnsupportedIndex(0x8000101a)
02-20 20:39:57.871  1371  1403 W OMXNodeInstance: [55b0010:google.h263.decoder] component does not support metadata mode; using fallback
02-20 20:39:57.873  1374  1374 I MediaPlayerService: MediaPlayerService::getOMX
02-20 20:39:57.873  1374  1374 I OMXClient: MuxOMX ctor
02-20 20:39:57.873  1371  1371 I OMXMaster: makeComponentInstance(OMX.google.h264.decoder) in mediacodec process
02-20 20:39:57.879  1663  1663 D TelephonyRegistry: listen oscl: hasNotifySubscriptionInfoChangedOccurred==false no callback
02-20 20:39:57.885  1763  1763 I vol.Events: writeEvent collection_started
02-20 20:39:57.890  1663  1663 I GnssLocationProvider: WakeLock acquired by sendMessage(13, 0, null)
02-20 20:39:57.895  1663  1692 W GnssLocationProvider: Could not open GPS configuration file /etc/gps.conf
02-20 20:39:57.895  1663  1692 E GnssLocationProvider: no AGPS interface in set_agps_server
02-20 20:39:57.896  1663  1663 W LocationProviderProxy-network: Odd, no component found for service com.android.location.service.v3.NetworkLocationProvider
02-20 20:39:57.897  1763  1913 I sysui_action: [213,2]
02-20 20:39:57.898  1763  1913 I vol.Events: writeEvent external_ringer_mode_changed normal
02-20 20:39:57.898  1763  1913 I vol.Events: writeEvent internal_ringer_mode_changed normal
02-20 20:39:57.898  1663  1663 W GeocoderProxy: Odd, no component found for service com.android.location.service.GeocodeProvider
02-20 20:39:57.899  1663  1663 E FlpHardwareProvider: Error hw_get_module 'flp': -2
02-20 20:39:57.899  1663  1663 D LocationManagerService: FLP HAL not supported
02-20 20:39:57.899  1663  1663 W GeofenceProxy: Odd, no component found for service com.android.location.service.GeofenceProvider
02-20 20:39:57.900  1663  1663 E ActivityRecognitionHardware: Error hw_get_module: -2
02-20 20:39:57.900  1663  1663 D LocationManagerService: Hardware Activity-Recognition not supported.
02-20 20:39:57.900  1663  1663 W ActivityRecognitionProxy: Odd, no component found for service com.android.location.service.ActivityRecognitionProvider
02-20 20:39:57.900  1663  1663 I GnssLocationProvider: WakeLock acquired by sendMessage(2, 1, null)
02-20 20:39:57.901  1757  1859 I LatinIME:LogUtils: Dictionary info: dictionary = main:en ; version = 54 ; date = 1414726273
02-20 20:39:57.901  1663  1692 D TelephonyRegistry: listen oscl: hasNotifySubscriptionInfoChangedOccurred==false no callback
02-20 20:39:57.905  1663  1692 I GnssLocationProvider: WakeLock released by handleMessage(13, 0, null)
02-20 20:39:57.906  1663  1692 E GnssLocationProvider: no AGPS interface in set_agps_server
02-20 20:39:57.907  1374  1374 W ACodec  : [OMX.google.h264.decoder] stopping checking profiles after 32: 2/8000
02-20 20:39:57.910  1371  1830 E OMXNodeInstance: getExtensionIndex(55b0011:google.h264.decoder, OMX.google.android.index.configureVideoTunnelMode) ERROR: UnsupportedIndex(0x8000101a)
02-20 20:39:57.910  1371  1403 W OMXNodeInstance: [55b0011:google.h264.decoder] component does not support metadata mode; using fallback
02-20 20:39:57.912  1663  1692 I GnssLocationProvider: WakeLock released by handleMessage(2, 1, null)
02-20 20:39:57.913  1663  1663 I CommonTimeManagementService: No common time service detected on this platform.  Common time services will be unavailable.
02-20 20:39:57.914  1663  1663 D TelephonyRegistry: systemRunning register for intents
02-20 20:39:57.914  1374  1374 I MediaPlayerService: MediaPlayerService::getOMX
02-20 20:39:57.914  1663  1663 I MmsServiceBroker: Delay connecting to MmsService until an API is called
02-20 20:39:57.914  1374  1374 I OMXClient: MuxOMX ctor
02-20 20:39:57.914  1371  1371 I OMXMaster: makeComponentInstance(OMX.google.hevc.decoder) in mediacodec process
02-20 20:39:57.915  1663  1722 I InputReader: Reconfiguring input devices.  changes=0x00000020
02-20 20:39:57.917  1663  1722 I InputReader: Reconfiguring input devices.  changes=0x00000010
02-20 20:39:57.918  1663  1694 W WindowManager: Keyguard drawn timeout. Setting mKeyguardDrawComplete
02-20 20:39:57.948  1918  1918 W art     : Unexpected CPU variant for X86 using defaults: x86_64
02-20 20:39:57.960     0     0 D ieee80211 phy1: hw scan 2442 MHz
02-20 20:39:57.955  1663  1663 I am_proc_start: [0,1918,1001,com.android.phone,added application,com.android.phone]
02-20 20:39:57.955  1663  1663 I ActivityManager: Start proc 1918:com.android.phone/1001 for added application com.android.phone
02-20 20:39:57.956  1663  1663 I ActivityManager: START u0 {act=android.intent.action.MAIN cat=[android.intent.category.HOME] flg=0x10000100 cmp=com.android.settings/.FallbackHome} from uid 0 on display 0
02-20 20:39:57.957  1663  1663 W System  : ClassLoader referenced unknown path: 
02-20 20:39:57.957  1663  1663 W System  : ClassLoader referenced unknown path: /system/priv-app/Settings/lib/x86_64
02-20 20:39:57.957  1663  1663 D ApplicationLoaders: ignored Vulkan layer search path /system/priv-app/Settings/lib/x86_64:/system/priv-app/Settings/Settings.apk!/lib/x86_64:/system/lib64:/vendor/lib64 for namespace 0x78e8b907c160
02-20 20:39:57.963  1663  1663 I ActivityManager: Loaded persisted task ids for user 0
02-20 20:39:57.973  1663  1663 I am_create_task: [0,1]
02-20 20:39:57.974  1663  1663 I am_create_activity: [0,196026640,1,com.android.settings/.FallbackHome,android.intent.action.MAIN,NULL,NULL,276824320]
02-20 20:39:58.000  1371  1403 E OMXNodeInstance: getExtensionIndex(55b0012:google.hevc.decoder, OMX.google.android.index.configureVideoTunnelMode) ERROR: UnsupportedIndex(0x8000101a)
02-20 20:39:58.000  1371  1830 W OMXNodeInstance: [55b0012:google.hevc.decoder] component does not support metadata mode; using fallback
02-20 20:39:58.008  1374  1374 I MediaPlayerService: MediaPlayerService::getOMX
02-20 20:39:58.014  1663  1663 I wm_task_created: [1,0]
02-20 20:39:58.014  1663  1663 I wm_task_moved: [1,1,0]
02-20 20:39:58.015  1374  1374 I OMXClient: MuxOMX ctor
02-20 20:39:58.015  1371  1371 I OMXMaster: makeComponentInstance(OMX.google.vp8.decoder) in mediacodec process
02-20 20:39:58.015  1663  1663 I wm_task_moved: [1,1,0]
02-20 20:39:58.016  1663  1663 I am_focused_activity: [0,com.android.settings/.FallbackHome,startedActivity]
02-20 20:39:58.028  1663  1663 I am_proc_start: [0,1937,1000,com.android.settings,activity,com.android.settings/.FallbackHome]
02-20 20:39:58.028  1663  1663 I ActivityManager: Start proc 1937:com.android.settings/1000 for activity com.android.settings/.FallbackHome
02-20 20:39:58.032  1663  1691 I am_proc_bound: [0,1918,com.android.phone]
02-20 20:39:58.033  1663  1663 I SystemServer: Enabled StrictMode for system server main thread.
02-20 20:39:58.040  1663  1663 D ConditionProviders.SCP: onConnected
02-20 20:39:58.040  1663  1663 D ZenLog  : set_zen_mode: off,readXml
02-20 20:39:58.042  1918  1918 W System  : ClassLoader referenced unknown path: /system/priv-app/TeleService/lib/x86_64
02-20 20:39:58.044  1937  1937 W art     : Unexpected CPU variant for X86 using defaults: x86_64
02-20 20:39:58.048  1663  1692 W LocationProviderProxy-network: Odd, no component found for service com.android.location.service.v3.NetworkLocationProvider
02-20 20:39:58.048  1663  1692 W GeocoderProxy: Odd, no component found for service com.android.location.service.GeocodeProvider
02-20 20:39:58.048  1663  1692 W GeofenceProxy: Odd, no component found for service com.android.location.service.GeofenceProvider
02-20 20:39:58.048  1663  1692 W ActivityRecognitionProxy: Odd, no component found for service com.android.location.service.ActivityRecognitionProvider
02-20 20:39:58.049  1663  1663 D ConditionProviders: Subscribing to condition://android/schedule?days=6.7&start=23.30&end=10.0&exitAtAlarm=false with ComponentInfo{android/com.android.server.notification.ScheduleConditionProvider}
02-20 20:39:58.052  1663  1663 D ZenLog  : subscribe: condition://android/schedule?days=6.7&start=23.30&end=10.0&exitAtAlarm=false,ok
02-20 20:39:58.052  1663  1663 D ConditionProviders: Subscribing to condition://android/event?userId=-10000&calendar=&reply=1 with ComponentInfo{android/com.android.server.notification.EventConditionProvider}
02-20 20:39:58.052  1663  1663 D ZenLog  : subscribe: condition://android/event?userId=-10000&calendar=&reply=1,ok
02-20 20:39:58.052  1663  1663 D ConditionProviders: Subscribing to condition://android/schedule?days=1.2.3.4.5&start=22.0&end=7.0&exitAtAlarm=false with ComponentInfo{android/com.android.server.notification.ScheduleConditionProvider}
02-20 20:39:58.052  1663  1663 D ZenLog  : subscribe: condition://android/schedule?days=1.2.3.4.5&start=22.0&end=7.0&exitAtAlarm=false,ok
02-20 20:39:58.080     0     0 D ieee80211 phy1: hw scan 2447 MHz
02-20 20:39:58.091  1918  1918 W System  : ClassLoader referenced unknown path: /system/priv-app/TelephonyProvider/lib/x86_64
02-20 20:39:58.091  1918  1918 D ApplicationLoaders: ignored Vulkan layer search path /system/priv-app/TelephonyProvider/lib/x86_64:/system/lib64:/vendor/lib64 for namespace 0x78e8b90110f0
02-20 20:39:58.094  1663  1850 I am_proc_bound: [0,1937,com.android.settings]
02-20 20:39:58.097  1663  1663 D RttService: SCAN_AVAILABLE : 1
02-20 20:39:58.097  1663  1663 D ZenLog  : set_zen_mode: off,cleanUpZenRules
02-20 20:39:58.098  1663  1734 I WifiScanningService: wifi driver unloaded
02-20 20:39:58.104  1663  1735 D RttService: DefaultState got{ when=-7ms what=160513 target=com.android.internal.util.StateMachine$SmHandler }
02-20 20:39:58.112  1371  1403 E OMXNodeInstance: getExtensionIndex(55b0013:google.vp8.decoder, OMX.google.android.index.configureVideoTunnelMode) ERROR: UnsupportedIndex(0x8000101a)
02-20 20:39:58.112  1371  1403 W OMXNodeInstance: [55b0013:google.vp8.decoder] component does not support metadata mode; using fallback
02-20 20:39:58.116  1374  1374 I MediaPlayerService: MediaPlayerService::getOMX
02-20 20:39:58.116  1374  1374 I OMXClient: MuxOMX ctor
02-20 20:39:58.116  1371  1403 I OMXMaster: makeComponentInstance(OMX.google.vp9.decoder) in mediacodec process
02-20 20:39:58.133  1371  1371 E OMXNodeInstance: getExtensionIndex(55b0014:google.vp9.decoder, OMX.google.android.index.configureVideoTunnelMode) ERROR: UnsupportedIndex(0x8000101a)
02-20 20:39:58.133  1371  1830 W OMXNodeInstance: [55b0014:google.vp9.decoder] component does not support metadata mode; using fallback
02-20 20:39:58.139  1374  1374 I MediaPlayerService: MediaPlayerService::getOMX
02-20 20:39:58.139  1374  1374 I OMXClient: MuxOMX ctor
02-20 20:39:58.139  1371  1403 I OMXMaster: makeComponentInstance(OMX.google.h263.encoder) in mediacodec process
02-20 20:39:58.157  1313  1327 D PermissionCache: checking android.permission.READ_FRAME_BUFFER for uid=1000 => granted (235 us)
02-20 20:39:58.165  1918  1918 D TelephonyProvider: dbh.onOpen: ok, queried table=siminfo
02-20 20:39:58.165  1918  1918 D TelephonyProvider: dbh.onOpen: ok, queried table=carriers
02-20 20:39:58.175  1371  1403 I SoftMPEG4Encoder: Construct SoftMPEG4Encoder
02-20 20:39:58.178  1374  1374 W ACodec  : do not know color format 0x7f000789 = 2130708361
02-20 20:39:58.178  1371  1371 E OMXNodeInstance: getConfig(55b0015:google.h263.encoder, ConfigAndroidIntraRefresh(0x6f60000a)) ERROR: Undefined(0x80001001)
02-20 20:39:58.180  1374  1374 I MediaPlayerService: MediaPlayerService::getOMX
02-20 20:39:58.181  1374  1374 I OMXClient: MuxOMX ctor
02-20 20:39:58.181  1371  1403 I OMXMaster: makeComponentInstance(OMX.google.h264.encoder) in mediacodec process
02-20 20:39:58.201  1313  1327 D gralloc_ranchu: gralloc_alloc: Creating ashmem region of size 17051648
02-20 20:39:58.204  1374  1374 W ACodec  : do not know color format 0x7f000789 = 2130708361
02-20 20:39:58.205  1374  1374 I MediaPlayerService: MediaPlayerService::getOMX
02-20 20:39:58.205  1374  1374 I OMXClient: MuxOMX ctor
02-20 20:39:58.200     0     0 D ieee80211 phy1: hw scan 2452 MHz
02-20 20:39:58.205  1371  1403 I OMXMaster: makeComponentInstance(OMX.google.mpeg4.encoder) in mediacodec process
02-20 20:39:58.222  1371  1403 I SoftMPEG4Encoder: Construct SoftMPEG4Encoder
02-20 20:39:58.223  1374  1374 W ACodec  : do not know color format 0x7f000789 = 2130708361
02-20 20:39:58.223  1371  1830 E OMXNodeInstance: getConfig(55b0017:google.mpeg4.encoder, ConfigAndroidIntraRefresh(0x6f60000a)) ERROR: Undefined(0x80001001)
02-20 20:39:58.225  1374  1374 I MediaPlayerService: MediaPlayerService::getOMX
02-20 20:39:58.225  1374  1374 I OMXClient: MuxOMX ctor
02-20 20:39:58.225  1371  1830 I OMXMaster: makeComponentInstance(OMX.google.vp8.encoder) in mediacodec process
02-20 20:39:58.250  1374  1374 W ACodec  : do not know color format 0x7f000789 = 2130708361
02-20 20:39:58.250  1371  1371 E OMXNodeInstance: getConfig(55b0018:google.vp8.encoder, ConfigAndroidIntraRefresh(0x6f60000a)) ERROR: Undefined(0x80001001)
02-20 20:39:58.252  1374  1374 I MediaPlayerService: MediaPlayerService::getOMX
02-20 20:39:58.252  1374  1374 I OMXClient: MuxOMX ctor
02-20 20:39:58.253  1374  1374 I MediaPlayerService: MediaPlayerService::getOMX
02-20 20:39:58.253  1374  1374 I OMXClient: MuxOMX ctor
02-20 20:39:58.253  1374  1374 W MediaCodecList: unable to open media codecs configuration xml file: /data/misc/media/media_codecs_profiling_results.xml
02-20 20:39:58.254  1374  1832 I MediaPlayerService: MediaPlayerService::getOMX
02-20 20:39:58.254  1374  1961 I MediaPlayerService: MediaPlayerService::getOMX
02-20 20:39:58.255  1663  1801 I OMXClient: MuxOMX ctor
02-20 20:39:58.255  1763  1877 I OMXClient: MuxOMX ctor
02-20 20:39:58.255  1371  1371 I OMXMaster: makeComponentInstance(OMX.google.vorbis.decoder) in mediacodec process
02-20 20:39:58.271  1371  1403 I OMXMaster: makeComponentInstance(OMX.google.vorbis.decoder) in mediacodec process
02-20 20:39:58.296  1374  1832 I MediaPlayerService: MediaPlayerService::getOMX
02-20 20:39:58.296  1663  1978 I OMXClient: MuxOMX ctor
02-20 20:39:58.296  1371  1973 I OMXMaster: makeComponentInstance(OMX.google.vorbis.decoder) in mediacodec process
02-20 20:39:58.297  1374  1374 I MediaPlayerService: MediaPlayerService::getOMX
02-20 20:39:58.297  1763  1979 I OMXClient: MuxOMX ctor
02-20 20:39:58.330     0     0 D ieee80211 phy1: hw scan 2457 MHz
02-20 20:39:58.310  1663  1850 I am_restart_activity: [0,196026640,1,com.android.settings/.FallbackHome]
02-20 20:39:58.311  1663  1663 W art     : Long monitor contention with owner Binder:1663_4 (1850) at void com.android.server.am.ActivityManagerService.attachApplication(android.app.IApplicationThread)(ActivityManagerService.java:6669) waiters=0 in int com.android.server.am.ActivityManagerService.broadcastIntent(android.app.IApplicationThread, android.content.Intent, java.lang.String, android.content.IIntentReceiver, int, java.lang.String, android.os.Bundle, java.lang.String[], int, android.os.Bundle, boolean, boolean, int) for 206ms
02-20 20:39:58.311  1663  1663 I dvm_lock_sample: [system_server,1,main,206,ActivityManagerService.java,18551,-,6669,41]
02-20 20:39:58.312  1663  1700 W art     : Long monitor contention with owner Binder:1663_4 (1850) at void com.android.server.am.ActivityManagerService.attachApplication(android.app.IApplicationThread)(ActivityManagerService.java:6669) waiters=1 in void com.android.server.am.ActivityManagerService$LocalService.notifyAppTransitionCancelled() for 207ms
02-20 20:39:58.312  1663  1700 I dvm_lock_sample: [system_server,1,android.display,207,ActivityManagerService.java,21995,-,6669,41]
02-20 20:39:58.335  1663  1663 W System  : ClassLoader referenced unknown path: /system/priv-app/Telecom/lib/x86_64
02-20 20:39:58.336  1663  1663 D ApplicationLoaders: ignored Vulkan layer search path /system/priv-app/Telecom/lib/x86_64:/system/priv-app/Telecom/Telecom.apk!/lib/x86_64:/system/lib64:/vendor/lib64 for namespace 0x78e8b907c1d0
02-20 20:39:58.341  1371  1403 I OMXMaster: makeComponentInstance(OMX.google.vorbis.decoder) in mediacodec process
02-20 20:39:58.342  1937  1937 W System  : ClassLoader referenced unknown path: /system/priv-app/Settings/lib/x86_64
02-20 20:39:58.358  1918  1918 D TDC     : updateOrInsert: inserting: Modem { uuid=modem, state=0, rilModel=0, rat={}, maxActiveVoiceCall=1, maxActiveDataCall=1, maxStandby=1 }
02-20 20:39:58.358  1918  1918 D TDC     : updateOrInsert: inserting: Sim { uuid=sim, modemUuid=modem, state=0 }
02-20 20:39:58.364  1918  1918 D CdmaSSM : subscriptionSource from settings: 0
02-20 20:39:58.364  1918  1918 I PhoneFactory: Cdma Subscription set to 0
02-20 20:39:58.389  1663  1691 I stream_devices_changed: [0,0,2]
02-20 20:39:58.398  1663  1691 I stream_devices_changed: [2,0,2]
02-20 20:39:58.398  1663  1691 I stream_devices_changed: [3,0,2]
02-20 20:39:58.399  1663  1691 I stream_devices_changed: [6,0,2]
02-20 20:39:58.400  1663  1691 I stream_devices_changed: [4,0,2]
02-20 20:39:58.401  1763  1913 I vol.Events: writeEvent level_changed STREAM_ALARM 6
02-20 20:39:58.402  1763  1913 I vol.Events: writeEvent level_changed STREAM_BLUETOOTH_SCO 7
02-20 20:39:58.403  1763  1913 I vol.Events: writeEvent level_changed STREAM_MUSIC 11
02-20 20:39:58.415  1763  1913 I vol.Events: writeEvent level_changed STREAM_RING 5
02-20 20:39:58.415  1763  1913 I vol.Events: writeEvent level_changed STREAM_SYSTEM 5
02-20 20:39:58.416  1763  1913 I vol.Events: writeEvent level_changed STREAM_VOICE_CALL 4
02-20 20:39:58.420  1918  1918 I PhoneFactory: Network Mode set to 0
02-20 20:39:58.433  1918  1918 D RILJ    : RIL(context, preferredNetworkType=0 cdmaSubscription=0)
02-20 20:39:58.435  1313  1360 E SurfaceFlinger: ro.sf.lcd_density must be defined as a build property
02-20 20:39:58.437  1918  1918 D RILJ    : Starting RILReceiver0 [SUB0]
02-20 20:39:58.440     0     0 D ieee80211 phy1: hw scan 2462 MHz
02-20 20:39:58.440  1918  1918 D RILJ    : [3648]> GET_HARDWARE_CONFIG [SUB0]
02-20 20:39:58.440  1918  1918 D RilRequest: [3648]< GET_HARDWARE_CONFIG error: com.android.internal.telephony.CommandException: RADIO_NOT_AVAILABLE ret=
02-20 20:39:58.440  1918  1918 I PhoneFactory: Creating SubscriptionController
02-20 20:39:58.440  1376  1499 I RILC    : libril: new connection to RIL_SOCKET_1
02-20 20:39:58.440  1376  1499 I RILC    : RIL Daemon version: android reference-ril 1.0
02-20 20:39:58.441  1918  1918 D SubscriptionController: [SubscriptionController] init by Context
02-20 20:39:58.442  1918  1988 I RILJ    : (0) Connected to 'rild' socket
02-20 20:39:58.442  1918  1988 D RILJ    : [UNSL]< UNSOL_RIL_CONNECTED {12} [SUB0]
02-20 20:39:58.442  1918  1988 D RILJ    : [3649]> RADIO_POWER off [SUB0]
02-20 20:39:58.443  1918  1988 D RILJ    : [3650]> RIL_REQUEST_CDMA_SET_SUBSCRIPTION_SOURCE : 0 [SUB0]
02-20 20:39:58.444  1376  1499 D RIL     : onRequest: RADIO_POWER
02-20 20:39:58.444  1918  1988 D RILJ    : setCellInfoListRate: 2147483647 [SUB0]
02-20 20:39:58.444  1918  1988 D RILJ    : [3651]> RIL_REQUEST_SET_CELL_INFO_LIST_RATE [SUB0]
02-20 20:39:58.444  1376  1499 D RIL     : onRequest: CDMA_SET_SUBSCRIPTION_SOURCE
02-20 20:39:58.461  1376  1499 D RIL     : onRequest: SET_UNSOL_CELL_INFO_LIST_RATE
02-20 20:39:58.462  1918  1918 D UiccController: Creating UiccController
02-20 20:39:58.463  1937  1937 I am_on_resume_called: [0,com.android.settings.FallbackHome,LAUNCH_ACTIVITY]
02-20 20:39:58.466  1918  1918 D TelephonyTester: register for intent action=com.android.internal.telephony.action_detached
02-20 20:39:58.466  1918  1918 D TelephonyTester: register for intent action=com.android.internal.telephony.action_attached
02-20 20:39:58.468  1313  1326 E SurfaceFlinger: ro.sf.lcd_density must be defined as a build property
02-20 20:39:58.475  1918  1918 D Phone   : mDoesRilSendMultipleCallRing=true
02-20 20:39:58.475  1918  1918 D Phone   : mCallRingDelay=3000
02-20 20:39:58.476  1918  1988 D RILJ    : [UNSL]< UNSOL_RESPONSE_RADIO_STATE_CHANGED RADIO_OFF [SUB0]
02-20 20:39:58.476  1918  1988 D RILJ    : [3652]> SCREEN_STATE: true [SUB0]
02-20 20:39:58.478  1376  1499 D RIL     : onRequest: SCREEN_STATE
02-20 20:39:58.478  1918  1988 D RILJ    : [UNSL]< UNSOL_NITZ_TIME_RECEIVED 18/02/20:20:39:53+0:0:Unknown!Unknown [SUB0]
02-20 20:39:58.478  1918  1918 D RILJ    : [3653]> RIL_REQUEST_START_LCE [SUB0]
02-20 20:39:58.478  1918  1988 D RILJ    : [3649]< RADIO_POWER  [SUB0]
02-20 20:39:58.479  1918  1988 D RilRequest: [3650]< RIL_REQUEST_CDMA_SET_SUBSCRIPTION_SOURCE error: com.android.internal.telephony.CommandException: RADIO_NOT_AVAILABLE ret=
02-20 20:39:58.479  1918  1988 D RilRequest: [3651]< RIL_REQUEST_SET_CELL_INFO_LIST_RATE error: com.android.internal.telephony.CommandException: RADIO_NOT_AVAILABLE ret=
02-20 20:39:58.479  1918  1988 D RilRequest: [3652]< SCREEN_STATE error: com.android.internal.telephony.CommandException: RADIO_NOT_AVAILABLE ret=
02-20 20:39:58.479  1376  1499 D RIL     : onRequest: <unknown request>
02-20 20:39:58.479  1918  1988 D RilRequest: [3653]< RIL_REQUEST_START_LCE error: com.android.internal.telephony.CommandException: RADIO_NOT_AVAILABLE ret=
02-20 20:39:58.483  1918  1918 E RIL_ImsSms: getFormat should never be called from here!
02-20 20:39:58.483  1918  1918 D SMSDispatcher: SMSDispatcher: ctor mSmsCapable=true format=unknown mSmsSendDisabled=false
02-20 20:39:58.483  1918  1918 D RIL_ImsSms: ImsSMSDispatcher created
02-20 20:39:58.483  1918  1918 D SMSDispatcher: SMSDispatcher: ctor mSmsCapable=true format=3gpp2 mSmsSendDisabled=false
02-20 20:39:58.483  1918  1918 D CdmaSMSDispatcher: CdmaSMSDispatcher created
02-20 20:39:58.498  1374  1885 I MediaPlayerService: MediaPlayerService::getOMX
02-20 20:39:58.506  1763  1995 I OMXClient: MuxOMX ctor
02-20 20:39:58.508  1918  1918 D GsmInboundSmsHandler: created InboundSmsHandler
02-20 20:39:58.508  1371  1403 I OMXMaster: makeComponentInstance(OMX.google.vorbis.decoder) in mediacodec process
02-20 20:39:58.519  1763  1763 D         : HostConnection::get() New Host Connection established 0x78e899e35720, tid 1763
02-20 20:39:58.520  1374  1374 I MediaPlayerService: MediaPlayerService::getOMX
02-20 20:39:58.520  1663  1997 I OMXClient: MuxOMX ctor
02-20 20:39:58.521  1918  1918 D CdmaInboundSmsHandler: created InboundSmsHandler
02-20 20:39:58.526  1937  1937 D         : HostConnection::get() New Host Connection established 0x78e8aa3f8e20, tid 1937
02-20 20:39:58.541  1918  1918 D SMSDispatcher: SMSDispatcher: ctor mSmsCapable=true format=3gpp mSmsSendDisabled=false
02-20 20:39:58.541  1918  1918 D GsmSMSDispatcher: GsmSMSDispatcher created
02-20 20:39:58.542  1663  1663 E BluetoothAdapter: Bluetooth binder is null
02-20 20:39:58.542  1918  1994 D GsmInboundSmsHandler: StartupState.processMessage:6
02-20 20:39:58.542  1918  1994 D GsmInboundSmsHandler: entering Idle state
02-20 20:39:58.542  1918  1998 D CdmaInboundSmsHandler: StartupState.processMessage:6
02-20 20:39:58.542  1918  1998 D CdmaInboundSmsHandler: entering Idle state
02-20 20:39:58.545  1918  1918 D IccCardProxy: ctor: ci=com.android.internal.telephony.RIL@4910018 phoneId=0
02-20 20:39:58.545  1918  1918 D CdmaSSM : subscriptionSource from settings: 0
02-20 20:39:58.545  1918  1918 D CdmaSSM : cdmaSSM constructor: 0
02-20 20:39:58.545  1918  1918 D IccCardProxy: update icc_operator_numeric=
02-20 20:39:58.545  1918  1918 D TelephonyManager: setTelephonyProperty: success phoneId=0 property=gsm.sim.operator.numeric value:  propVal=
02-20 20:39:58.545  1918  1918 D TelephonyManager: setTelephonyProperty: success phoneId=0 property=gsm.sim.operator.iso-country value:  propVal=
02-20 20:39:58.546  1918  1918 D TelephonyManager: setTelephonyProperty: success phoneId=0 property=gsm.sim.operator.alpha value:  propVal=
02-20 20:39:58.546  1918  1918 E IccCardProxy: setExternalState: set mPhoneId=0 mExternalState=NOT_READY
02-20 20:39:58.546  1918  1918 D TelephonyManager: setTelephonyProperty: success phoneId=0 property=gsm.sim.state value: NOT_READY propVal=NOT_READY
02-20 20:39:58.552  1918  1918 D IccCardProxy: broadcastIccStateChangedIntent intent ACTION_SIM_STATE_CHANGED value=NOT_READY reason=null for mPhoneId=0
02-20 20:39:58.556  1918  1918 D RILJ    : setPhoneType=1 old value=0 [SUB0]
02-20 20:39:58.556  1918  1918 D TelephonyManager: setTelephonyProperty: success phoneId=0 property=gsm.current.phone-type value: 1 propVal=1
02-20 20:39:58.557  1918  1918 D IccCardProxy: Setting radio tech UMTS
02-20 20:39:58.557  1918  1918 D IccCardProxy: updateQuietMode: 3GPP subscription -> newQuietMode=false
02-20 20:39:58.557  1918  1918 D IccCardProxy: updateQuietMode: no changes don't setExternalState
02-20 20:39:58.557  1918  1918 D IccCardProxy: updateQuietMode: QuietMode is false (app_type=1 cdmaSource=-1)
02-20 20:39:58.563  1663  1663 I Telecom : SystemStateProvider: Registering car mode receiver: android.content.IntentFilter@5943c32: TS.init@AAA
02-20 20:39:58.574  1918  1918 W CarrierConfigManager: Error getting config for subId -1 ICarrierConfigLoader is null
02-20 20:39:58.575  1663  1691 D TelephonyRegistry: listen oscl: hasNotifySubscriptionInfoChangedOccurred==false no callback
02-20 20:39:58.562     0     0 D ieee80211 phy1: hw scan complete
02-20 20:39:58.562     0     0 D ieee80211 phy1: mac80211_hwsim_get_survey (idx=0)
02-20 20:39:58.578  1663  2000 I Telecom : Telecom: Non-call EVENT: AUDIO_ROUTE, Entering state QuiescentEarpieceRoute
02-20 20:39:58.579  1763  1763 D StorageNotification: Notifying about private volume: VolumeInfo{private}:
02-20 20:39:58.579  1763  1763 D StorageNotification:     type=PRIVATE diskId=null partGuid=null mountFlags=0 mountUserId=-1 
02-20 20:39:58.579  1763  1763 D StorageNotification:     state=MOUNTED 
02-20 20:39:58.579  1763  1763 D StorageNotification:     fsType=null fsUuid=null fsLabel=null 
02-20 20:39:58.579  1763  1763 D StorageNotification:     path=/data internalPath=null 
02-20 20:39:58.582  1918  1918 D TelephonyManager: setTelephonyProperty: success phoneId=0 property=gsm.network.type value: Unknown propVal=Unknown
02-20 20:39:58.583  1763  1763 D StorageNotification: Notifying about public volume: VolumeInfo{public:253,64}:
02-20 20:39:58.583  1763  1763 D StorageNotification:     type=PUBLIC diskId=disk:253,64 partGuid=null mountFlags=VISIBLE 
02-20 20:39:58.583  1763  1763 D StorageNotification:     mountUserId=0 state=MOUNTED 
02-20 20:39:58.583  1763  1763 D StorageNotification:     fsType=vfat fsUuid=1E12-0B12 fsLabel=SDCARD 
02-20 20:39:58.583  1763  1763 D StorageNotification:     path=/storage/1E12-0B12 internalPath=/mnt/media_rw/1E12-0B12 
02-20 20:39:58.584  1663  2001 I Telecom : CallAudioModeStateMachine: Message received: null.: TS.init->CAMSM.pM_1@AAA_0
02-20 20:39:58.585  1371  1371 I OMXMaster: makeComponentInstance(OMX.google.vorbis.decoder) in mediacodec process
02-20 20:39:58.589  1663  1663 E BluetoothAdapter: Bluetooth binder is null
02-20 20:39:58.589  1918  1918 D RILJ    : [3654]> SIGNAL_STRENGTH [SUB0]
02-20 20:39:58.591  1918  1918 D SST     : notifyDataRegStateRilRadioTechnologyChanged: drs=1 rat=0
02-20 20:39:58.591  1918  1918 D TelephonyManager: setTelephonyProperty: success phoneId=0 property=gsm.network.type value: Unknown propVal=Unknown
02-20 20:39:58.592  1376  1499 D RIL     : onRequest: SIGNAL_STRENGTH
02-20 20:39:58.592  1918  1988 D RilRequest: [3654]< SIGNAL_STRENGTH error: com.android.internal.telephony.CommandException: RADIO_NOT_AVAILABLE ret=
02-20 20:39:58.601     0     0 D ieee80211 phy1: mac80211_hwsim_config (freq=0 idle=0 ps=0 smps=auto)
02-20 20:39:58.601     0     0 D ieee80211 phy1: add channel context control: 2447 MHz/width: 2/cfreqs:2437/0 MHz
02-20 20:39:58.601     0     0 D ieee80211 phy1: mac80211_hwsim_bss_info_changed(changed=0x40000)
02-20 20:39:58.601     0     0 D ieee80211 phy1: TX Power: 20 dBm
02-20 20:39:58.601     0     0 D ieee80211 phy1: mac80211_hwsim_bss_info_changed(changed=0x4000)
02-20 20:39:58.601     0     0 D ieee80211 phy1: change channel context control: 2447 MHz/width: 2/cfreqs:2437/0 MHz
02-20 20:39:58.601     0     0 D ieee80211 phy1: mac80211_hwsim_bss_info_changed(changed=0x88340)
02-20 20:39:58.601     0     0 D ieee80211 phy1: BCNINT: 100
02-20 20:39:58.601     0     0 D ieee80211 phy1: BCN EN: 1
02-20 20:39:58.601     0     0 D ieee80211 phy1: mac80211_hwsim_bss_info_changed(changed=0x3e)
02-20 20:39:58.601     0     0 D ieee80211 phy1: ERP_CTS_PROT: 0
02-20 20:39:58.601     0     0 D ieee80211 phy1: ERP_PREAMBLE: 0
02-20 20:39:58.601     0     0 D ieee80211 phy1: ERP_SLOT: 1
02-20 20:39:58.601     0     0 D ieee80211 phy1: HT: op_mode=0x0
02-20 20:39:58.601     0     0 D ieee80211 phy1: BASIC_RATES: 0xf
02-20 20:39:58.601     0     0 D ieee80211 phy1: mac80211_hwsim_conf_tx (queue=0 txop=47 cw_min=3 cw_max=7 aifs=1)
02-20 20:39:58.601     0     0 D ieee80211 phy1: mac80211_hwsim_bss_info_changed(changed=0x2000)
02-20 20:39:58.601     0     0 D ieee80211 phy1: mac80211_hwsim_conf_tx (queue=1 txop=94 cw_min=7 cw_max=15 aifs=1)
02-20 20:39:58.601     0     0 D ieee80211 phy1: mac80211_hwsim_bss_info_changed(changed=0x2000)
02-20 20:39:58.601     0     0 D ieee80211 phy1: mac80211_hwsim_conf_tx (queue=2 txop=0 cw_min=15 cw_max=63 aifs=3)
02-20 20:39:58.601     0     0 D ieee80211 phy1: mac80211_hwsim_bss_info_changed(changed=0x2000)
02-20 20:39:58.601     0     0 D ieee80211 phy1: mac80211_hwsim_conf_tx (queue=3 txop=0 cw_min=15 cw_max=1023 aifs=7)
02-20 20:39:58.601     0     0 D ieee80211 phy1: mac80211_hwsim_bss_info_changed(changed=0x2000)
02-20 20:39:58.601     0     0 I IPv6    : ADDRCONF(NETDEV_CHANGE): wlan1: link becomes ready
02-20 20:39:58.602     0     0 D ieee80211 phy1: mac80211_hwsim_configure_filter
02-20 20:39:58.599  1663  2002 E ActivityThread: Failed to find provider info for call_log
02-20 20:39:58.601  1513  1513 E hostapd : Using interface wlan1 with hwaddr 02:00:00:00:01:00 and ssid "AndroidWifi"
02-20 20:39:58.601  1513  1513 I hostapd : wlan1: interface state HT_SCAN->ENABLED
02-20 20:39:58.601  1513  1513 I hostapd : wlan1: AP-ENABLED 
02-20 20:39:58.602  1918  1918 D DCT     : [0]DCT.constructor
02-20 20:39:58.617  1663  1791 D TelephonyRegistry: listen oscl: hasNotifySubscriptionInfoChangedOccurred==false no callback
02-20 20:39:58.620  1918  1918 D Dcc     : E ctor
02-20 20:39:58.620  1918  1918 D Dcc     : X ctor
02-20 20:39:58.620  1663  1663 I Telecom : Class: TelecomSystem.INSTANCE being set
02-20 20:39:58.620  1663  1663 E BluetoothAdapter: Bluetooth binder is null
02-20 20:39:58.620  1918  1918 D SubscriptionController: [getPhoneId] asked for default subId=-1
02-20 20:39:58.621  1663  1663 W ContextImpl: Calling a method in the system process without a qualified user: android.app.ContextImpl.startService:1357 com.android.server.content.SyncManager$13.run:658 android.os.Handler.handleCallback:751 android.os.Handler.dispatchMessage:95 android.os.Looper.loop:154 
02-20 20:39:58.627  1918  1918 D DcTesterFailBrinupAll: register for intent action=com.android.internal.telephony.dataconnection.action_fail_bringup
02-20 20:39:58.627  1918  1918 D DcTesterFailBrinupAll: register for intent action=com.android.internal.telephony.action_detached
02-20 20:39:58.627  1918  1918 D DcTesterFailBrinupAll: register for intent action=com.android.internal.telephony.action_attached
02-20 20:39:58.627  1918  1918 D SST     : notifyDataRegStateRilRadioTechnologyChanged: drs=1 rat=0
02-20 20:39:58.627  1918  1918 D TelephonyManager: setTelephonyProperty: success phoneId=0 property=gsm.network.type value: Unknown propVal=Unknown
02-20 20:39:58.627  1918  1918 D DCT     : [0]update sub = -2
02-20 20:39:58.627  1918  1918 D DCT     : [0]update(): Active DDS, register for all events now!
02-20 20:39:58.628  1918  1918 D GsmCdmaPhone: [GsmCdmaPhone] updateCurrentCarrierInProvider: mSubId = -2 currentDds = 1 operatorNumeric = null
02-20 20:39:58.628  1918  1918 D DCT     : [0]initApnContexts: E
02-20 20:39:58.629  1918  1918 D DCT     : [0]initApnContexts: skipping unknown type=1
02-20 20:39:58.629  1918  1918 D DCT     : [0]initApnContexts: apnContext={mApnType=default mState=IDLE mWaitingApns={null} mApnSetting={null} mReason=dataEnabled mDataEnabled=false mDependencyMet=true}
02-20 20:39:58.629  1918  1918 D DCT     : [0]initApnContexts: apnContext={mApnType=mms mState=IDLE mWaitingApns={null} mApnSetting={null} mReason=dataEnabled mDataEnabled=false mDependencyMet=true}
02-20 20:39:58.629  1918  1918 D DCT     : [0]initApnContexts: apnContext={mApnType=supl mState=IDLE mWaitingApns={null} mApnSetting={null} mReason=dataEnabled mDataEnabled=false mDependencyMet=true}
