02-20 20:41:12.530     0     0 D ieee80211 phy1: mac80211_hwsim_conf_tx (queue=1 txop=94 cw_min=7 cw_max=15 aifs=1)
02-20 20:41:12.530     0     0 D ieee80211 phy1: mac80211_hwsim_bss_info_changed(changed=0x2000)
02-20 20:41:12.530     0     0 D ieee80211 phy1: mac80211_hwsim_conf_tx (queue=2 txop=0 cw_min=15 cw_max=63 aifs=3)
02-20 20:41:12.530     0     0 D ieee80211 phy1: mac80211_hwsim_bss_info_changed(changed=0x2000)
02-20 20:41:12.530     0     0 D ieee80211 phy1: mac80211_hwsim_conf_tx (queue=3 txop=0 cw_min=15 cw_max=1023 aifs=7)
02-20 20:41:12.530     0     0 D ieee80211 phy1: mac80211_hwsim_bss_info_changed(changed=0x2000)
02-20 20:41:12.530     0     0 I IPv6    : ADDRCONF(NETDEV_CHANGE): wlan1: link becomes ready
02-20 20:41:12.531     0     0 D ieee80211 phy1: mac80211_hwsim_configure_filter
02-20 20:41:12.416  1373  1373 I OMXClient: MuxOMX ctor
02-20 20:41:12.416  1370  1845 I OMXMaster: makeComponentInstance(OMX.google.vp8.encoder) in mediacodec process
02-20 20:41:12.416  1675  1675 I am_proc_start: [0,2007,10004,com.android.cellbroadcastreceiver,broadcast,com.android.cellbroadcastreceiver/.CellBroadcastReceiver]
02-20 20:41:12.417  1675  1675 I ActivityManager: Start proc 2007:com.android.cellbroadcastreceiver/u0a4 for broadcast com.android.cellbroadcastreceiver/.CellBroadcastReceiver
02-20 20:41:12.418  1675  1675 D ConditionProviders.SCP: onSubscribe condition://android/schedule?days=6.7&start=23.30&end=10.0&exitAtAlarm=false
02-20 20:41:12.418  1675  1675 D ConditionProviders.SCP: setRegistered true
02-20 20:41:12.418  1675  1675 D ConditionProviders.SCP: notifyCondition condition://android/schedule?days=6.7&start=23.30&end=10.0&exitAtAlarm=false STATE_FALSE reason=!meetsSchedule
02-20 20:41:12.422  1675  1675 D ConditionProviders.SCP: Scheduling evaluate for Tue Feb 20 23:30:00 GMT+00:00 2018 (1519169400000), in +2h48m47s582ms, now=Tue Feb 20 20:41:12 GMT+00:00 2018 (1519159272418)
02-20 20:41:12.422  1675  1675 D ConditionProviders.SCP: onSubscribe condition://android/schedule?days=1.2.3.4.5&start=22.0&end=7.0&exitAtAlarm=false
02-20 20:41:12.422  1675  1675 D ConditionProviders.SCP: notifyCondition condition://android/schedule?days=6.7&start=23.30&end=10.0&exitAtAlarm=false STATE_FALSE reason=!meetsSchedule
02-20 20:41:12.422  1675  1675 D ConditionProviders.SCP: notifyCondition condition://android/schedule?days=1.2.3.4.5&start=22.0&end=7.0&exitAtAlarm=false STATE_FALSE reason=!meetsSchedule
02-20 20:41:12.423  1675  1675 D ConditionProviders.SCP: Scheduling evaluate for Tue Feb 20 22:00:00 GMT+00:00 2018 (1519164000000), in +1h18m47s578ms, now=Tue Feb 20 20:41:12 GMT+00:00 2018 (1519159272422)
02-20 20:41:12.423  1675  1675 I Telecom : WiredHeadsetManager: ACTION_HEADSET_PLUG event, plugged in: false, : WHC.oADA@AAE
02-20 20:41:12.423  1914  1914 D GsmCdmaPhone: [GsmCdmaPhone] GsmCdmaPhone: constructor: sub = 0
02-20 20:41:12.423  1914  1914 I PhoneFactory: Creating Phone with type = 1 sub = 0
02-20 20:41:12.426  1914  1914 I PhoneFactory: defaultSmsApplication: NONE
02-20 20:41:12.427  1914  1914 I PhoneFactory: Creating SubInfoRecordUpdater 
02-20 20:41:12.427  1914  1914 D SubscriptionInfoUpdater: Constructor invoked
02-20 20:41:12.438  1675  1675 I ActivityManager: user 0 is still locked. Cannot load recents
02-20 20:41:12.440  1675  1789 D TelephonyRegistry: listen oscl: hasNotifySubscriptionInfoChangedOccurred==false no callback
02-20 20:41:12.440  1914  1914 D SubscriptionController: [getPhoneId]- no sims, returning default phoneId=2147483647
02-20 20:41:12.441  1675  1953 D TelephonyRegistry: listen oscl: hasNotifySubscriptionInfoChangedOccurred==false no callback
02-20 20:41:12.442  1914  1914 D PhoneSwitcherNetworkRequstListener: Registering NetworkFactory
02-20 20:41:12.442  1675  1736 D ConnectivityService: Got NetworkFactory Messenger for PhoneSwitcherNetworkRequstListener
02-20 20:41:12.442  1914  1914 D PhoneSwitcher: PhoneSwitcher started
02-20 20:41:12.443  1914  1914 D ProxyController: Constructor - Enter
02-20 20:41:12.443  1675  1675 I notification_enqueue: [10028,1763,com.android.systemui,1397773634,public:253,64,-1,Notification(pri=0 contentView=null vibrate=null sound=null defaults=0x0 flags=0x100 color=0xff607d8b category=sys actions=2 vis=PUBLIC),0]
02-20 20:41:12.443  1914  1914 D ProxyController: clearTransaction
02-20 20:41:12.443  1914  1914 D ProxyController: clearTransaction: phoneId=0 status=IDLE
02-20 20:41:12.443  1914  1914 D ProxyController: Constructor - Exit
02-20 20:41:12.443  1914  1914 D TelephonyNetworkFactory[0]: Registering NetworkFactory
02-20 20:41:12.444  1675  1736 D ConnectivityService: Got NetworkFactory Messenger for TelephonyNetworkFactory[0]
02-20 20:41:12.444  1675  1675 D TelephonyRegistry: notifyCellLocationForSubscriber: subId=0 cellLocation=Bundle[{}]
02-20 20:41:12.444  1914  1950 D SubscriptionController: [getPhoneId]- no sims, returning default phoneId=2147483647
02-20 20:41:12.444  1914  1914 D CallManager: registerPhone(GSM Handler (com.android.internal.telephony.GsmCdmaPhone) {1f84412})
02-20 20:41:12.452  1675  1688 D TelephonyRegistry: listen oscl: hasNotifySubscriptionInfoChangedOccurred==false no callback
02-20 20:41:12.468  1675  1689 I am_proc_bound: [0,2007,com.android.cellbroadcastreceiver]
02-20 20:41:12.485  1373  1373 W ACodec  : do not know color format 0x7f000789 = 2130708361
02-20 20:41:12.485  1370  1370 E OMXNodeInstance: getConfig(55a0018:google.vp8.encoder, ConfigAndroidIntraRefresh(0x6f60000a)) ERROR: Undefined(0x80001001)
02-20 20:41:12.488  1373  1373 I MediaPlayerService: MediaPlayerService::getOMX
02-20 20:41:12.488  1373  1373 I OMXClient: MuxOMX ctor
02-20 20:41:12.489  1373  1373 I MediaPlayerService: MediaPlayerService::getOMX
02-20 20:41:12.489  1373  1373 I OMXClient: MuxOMX ctor
02-20 20:41:12.489  1373  1373 W MediaCodecList: unable to open media codecs configuration xml file: /data/misc/media/media_codecs_profiling_results.xml
02-20 20:41:12.491  1373  1373 I MediaPlayerService: MediaPlayerService::getOMX
02-20 20:41:12.491  1373  1849 I MediaPlayerService: MediaPlayerService::getOMX
02-20 20:41:12.492  1675  1835 I OMXClient: MuxOMX ctor
02-20 20:41:12.492  1763  1886 I OMXClient: MuxOMX ctor
02-20 20:41:12.493  1370  1845 I OMXMaster: makeComponentInstance(OMX.google.vorbis.decoder) in mediacodec process
02-20 20:41:12.516  1922  1965 D EGL_emulation: eglMakeCurrent: 0x744a43979200: ver 3 0 (tinfo 0x744a4de9cf20)
02-20 20:41:12.519  1370  1846 I OMXMaster: makeComponentInstance(OMX.google.vorbis.decoder) in mediacodec process
02-20 20:41:12.526  2007  2007 W System  : ClassLoader referenced unknown path: /system/priv-app/CellBroadcastReceiver/lib/x86_64
02-20 20:41:12.530  1513  1513 E hostapd : Using interface wlan1 with hwaddr 02:00:00:00:01:00 and ssid "AndroidWifi"
02-20 20:41:12.530  1513  1513 I hostapd : wlan1: interface state HT_SCAN->ENABLED
02-20 20:41:12.530  1513  1513 I hostapd : wlan1: AP-ENABLED 
02-20 20:41:12.596  1373  1891 I MediaPlayerService: MediaPlayerService::getOMX
02-20 20:41:12.596  1675  2033 I OMXClient: MuxOMX ctor
02-20 20:41:12.596  1370  2031 I OMXMaster: makeComponentInstance(OMX.google.vorbis.decoder) in mediacodec process
02-20 20:41:12.622  1373  1373 I MediaPlayerService: MediaPlayerService::getOMX
02-20 20:41:12.623  1763  2034 I OMXClient: MuxOMX ctor
02-20 20:41:12.637  1370  1846 I OMXMaster: makeComponentInstance(OMX.google.vorbis.decoder) in mediacodec process
02-20 20:41:12.637  1675  1698 I am_activity_launch_time: [0,3695685,com.android.settings/.FallbackHome,770,770]
02-20 20:41:12.637  1675  1698 I ActivityManager: Displayed com.android.settings/.FallbackHome: +770ms
02-20 20:41:12.638  1914  1914 D CarrierConfigLoader: CarrierConfigLoader has started
02-20 20:41:12.638  1914  1914 E BluetoothAdapter: Bluetooth binder is null
02-20 20:41:12.638  1675  1789 D TelephonyRegistry: listen oscl: hasNotifySubscriptionInfoChangedOccurred==false no callback
02-20 20:41:12.640  1675  1691 I boot_progress_enable_screen: 10640
02-20 20:41:12.643  1675  1691 V KeyguardServiceDelegate: *** Keyguard started
02-20 20:41:12.643  1675  1691 I screen_toggled: 1
02-20 20:41:12.644  1675  1953 W art     : Long monitor contention with owner ConditionProviders.ECP (1742) at android.content.pm.ProviderInfo com.android.server.pm.PackageManagerService.resolveContentProvider(java.lang.String, int, int)(PackageManagerService.java:6460) waiters=1 in int com.android.server.pm.PackageManagerService.checkUidPermission(java.lang.String, int) for 108ms
02-20 20:41:12.644  1675  1953 I dvm_lock_sample: [system_server,1,Binder:1675_5,108,PackageManagerService.java,3732,-,6460,21]
02-20 20:41:12.644  1675  1691 W KeyguardServiceDelegate: onScreenTurningOn(): no keyguard service!
02-20 20:41:12.686  1373  1402 I MediaPlayerService: MediaPlayerService::getOMX
02-20 20:41:12.686  1675  2043 I OMXClient: MuxOMX ctor
02-20 20:41:12.699  1370  1370 I OMXMaster: makeComponentInstance(OMX.google.vorbis.decoder) in mediacodec process
02-20 20:41:12.699  1914  2039 E ActivityThread: Failed to find provider info for com.android.contacts
02-20 20:41:12.704  1914  2039 W CallerInfoCache: cursor is null
02-20 20:41:12.710  1675  1742 E ActivityThread: Failed to find provider info for com.android.calendar
02-20 20:41:12.710  1675  1742 E ActivityThread: Failed to find provider info for com.android.calendar
02-20 20:41:12.722  1914  1914 D RILJ    : [3655]> RIL_REQUEST_SET_TTY_MODE : 0 [SUB0]
02-20 20:41:12.722  1375  1507 D RIL     : onRequest: SET_TTY_MODE
02-20 20:41:12.722  1914  1984 D RilRequest: [3655]< RIL_REQUEST_SET_TTY_MODE error: com.android.internal.telephony.CommandException: RADIO_NOT_AVAILABLE ret=
02-20 20:41:12.733  1914  1914 I Telephony: TtyManager: updateUiTtyMode -1 -> 0
02-20 20:41:12.740  1373  1891 I MediaPlayerService: MediaPlayerService::getOMX
02-20 20:41:12.740  1675  2046 I OMXClient: MuxOMX ctor
02-20 20:41:12.741  1370  2031 I OMXMaster: makeComponentInstance(OMX.google.vorbis.decoder) in mediacodec process
02-20 20:41:12.747  1373  1849 I MediaPlayerService: MediaPlayerService::getOMX
02-20 20:41:12.747  1675  1789 D TelephonyRegistry: listen oscl: hasNotifySubscriptionInfoChangedOccurred==false no callback
02-20 20:41:12.747  1763  2047 I OMXClient: MuxOMX ctor
02-20 20:41:12.748  1914  1914 D SubscriptionController: [getPhoneId] asked for default subId=-1
02-20 20:41:12.748  1914  1914 D UiccController: Received EVENT_ICC_STATUS_CHANGED, calling getIccCardStatus
02-20 20:41:12.748  1914  1914 D RILJ    : [3656]> GET_SIM_STATUS [SUB0]
02-20 20:41:12.749  1914  1914 D Phone   : config LCE service failed: com.android.internal.telephony.CommandException: RADIO_NOT_AVAILABLE
02-20 20:41:12.749  1914  1914 D GsmSMSDispatcher: GsmSMSDispatcher: subId = -2 slotId = 0
02-20 20:41:12.749  1914  1914 E IccCardProxy: setExternalState: !override and newstate unchanged from NOT_READY
02-20 20:41:12.749  1914  1914 D RILJ    : [3657]> BASEBAND_VERSION [SUB0]
02-20 20:41:12.749  1375  1507 D RIL     : onRequest: GET_SIM_STATUS
02-20 20:41:12.749  1375  1507 D RIL     : getSIMStatus(). sState: 0
02-20 20:41:12.751  1914  1914 D RILJ    : [3658]> GET_IMEI [SUB0]
02-20 20:41:12.752  1375  1507 D RIL     : onRequest: BASEBAND_VERSION
02-20 20:41:12.755  1313  1327 I SurfaceFlinger: Boot is finished (8981 ms)
02-20 20:41:12.755  1914  1914 D RILJ    : [3659]> GET_IMEISV [SUB0]
02-20 20:41:12.755  1914  1914 D RILJ    : [3660]> RIL_REQUEST_GET_RADIO_CAPABILITY [SUB0]
02-20 20:41:12.755  1313  1327 I sf_stop_bootanim: 10755
02-20 20:41:12.755  1375  1507 D RIL     : onRequest: GET_IMEI
02-20 20:41:12.755  1375  1507 D AT      : AT> AT+CGSN
02-20 20:41:12.756  1375  1510 D AT      : AT< 000000000000000
02-20 20:41:12.756  1375  1510 D AT      : AT< OK
02-20 20:41:12.756  1914  1914 D RILJ    : [3661]> RIL_REQUEST_START_LCE [SUB0]
02-20 20:41:12.756  1375  1507 D RIL     : onRequest: GET_IMEISV
02-20 20:41:12.756  1914  1984 D RILJ    : [3656]< GET_SIM_STATUS IccCardState {CARDSTATE_PRESENT,PINSTATE_UNKNOWN,num_apps=2,gsm_id=0{APPTYPE_SIM,APPSTATE_DETECTED},cdma_id=1{APPTYPE_RUIM,APPSTATE_DETECTED},ims_id=8} [SUB0]
02-20 20:41:12.756  1375  1507 D RIL     : onRequest: RIL_REQUEST_GET_RADIO_CAPABILITY
02-20 20:41:12.756  1914  1914 D GsmCdmaPhone: [GsmCdmaPhone] Event EVENT_RADIO_OFF_OR_NOT_AVAILABLE Received
02-20 20:41:12.756  1914  1914 E IccCardProxy: setExternalState: !override and newstate unchanged from NOT_READY
02-20 20:41:12.756  1914  1914 D SST     : mDeviceShuttingDown=false, mDesiredPowerState=true, getRadioState=RADIO_OFF, mPowerOffDelayNeed=true, mAlarmSwitch=false, mRadioDisabledByCarrier=false
02-20 20:41:12.756  1914  1914 D RILJ    : [3662]> RADIO_POWER on [SUB0]
02-20 20:41:12.756  1914  1914 D RILJ    : [3663]> OPERATOR [SUB0]
02-20 20:41:12.757  1914  1914 D RILJ    : [3664]> DATA_REGISTRATION_STATE [SUB0]
02-20 20:41:12.757  1914  1914 D RILJ    : [3665]> VOICE_REGISTRATION_STATE [SUB0]
02-20 20:41:12.757  1375  1507 D RIL     : onRequest: <unknown request>
02-20 20:41:12.757  1375  1507 D RIL     : onRequest: RADIO_POWER
02-20 20:41:12.757  1375  1507 D AT      : AT> AT+CFUN=1
02-20 20:41:12.758  1375  1510 D AT      : AT< OK
02-20 20:41:12.758  1375  1507 D RIL     : setRadioState(10)
02-20 20:41:12.758  1375  1507 D RIL     : onRequest: OPERATOR
02-20 20:41:12.758  1375  1507 D AT      : AT> AT+COPS=3,0;+COPS?;+COPS=3,1;+COPS?;+COPS=3,2;+COPS?
02-20 20:41:12.758  1914  1914 D RILJ    : [3666]> QUERY_NETWORK_SELECTION_MODE [SUB0]
02-20 20:41:12.758  1914  1984 D RilRequest: [3657]< BASEBAND_VERSION error: com.android.internal.telephony.CommandException: RADIO_NOT_AVAILABLE ret=
02-20 20:41:12.758  1375  1510 D AT      : AT< +COPS: 0,0,"Android"
02-20 20:41:12.758  1375  1510 D AT      : AT< +COPS: 0,1,"Android"
02-20 20:41:12.758  1375  1510 D AT      : AT< +COPS: 0,2,"310260"
02-20 20:41:12.758  1375  1510 D AT      : AT< OK
02-20 20:41:12.759  1375  1507 D RIL     : onRequest: DATA_REGISTRATION_STATE
02-20 20:41:12.759  1375  1507 D RIL     : requestRegistrationState
02-20 20:41:12.759  1375  1507 D AT      : AT> AT+CGREG?
02-20 20:41:12.759  1914  1984 D RILJ    : [3658]< GET_IMEI  [SUB0]
02-20 20:41:12.759  1914  1914 D SST     : NITZ: 18/02/20:20:41:07+0:0:Unknown!Unknown,4209 start=10759 delay=6550
02-20 20:41:12.759  1914  1984 D RilRequest: [3659]< GET_IMEISV error: com.android.internal.telephony.CommandException: RADIO_NOT_AVAILABLE ret=
02-20 20:41:12.759  1914  1984 D RilRequest: [3660]< RIL_REQUEST_GET_RADIO_CAPABILITY error: com.android.internal.telephony.CommandException: RADIO_NOT_AVAILABLE ret=
02-20 20:41:12.759  1914  1984 D RilRequest: [3661]< RIL_REQUEST_START_LCE error: com.android.internal.telephony.CommandException: RADIO_NOT_AVAILABLE ret=
02-20 20:41:12.759  1914  1984 D RILJ    : [UNSL]< UNSOL_RESPONSE_RADIO_STATE_CHANGED RADIO_ON [SUB0]
02-20 20:41:12.759  1914  1914 D SST     : NITZ: tzOffset=0 dst=0 zone=GMT iso= mGotCountryCode=false mNeedFixZoneAfterNitz=false
02-20 20:41:12.759  1914  1984 D RILJ    : [UNSL]< UNSOL_RESPONSE_SIM_STATUS_CHANGED [SUB0]
02-20 20:41:12.759  1914  1984 D RILJ    : [3662]< RADIO_POWER  [SUB0]
02-20 20:41:12.759  1914  1984 D RILJ    : [3663]< OPERATOR {Android, Android, 310260} [SUB0]
02-20 20:41:12.759  1375  1510 D AT      : AT< +CGREG: 1,1,"0003","005b","000e"
02-20 20:41:12.759  1375  1510 D AT      : AT< OK
02-20 20:41:12.759  1375  1507 D RIL     : parseRegistrationState. Parsing: +CGREG: 1,1,"0003","005b","000e"
02-20 20:41:12.759  1375  1507 D RIL     : registration state type: 3GPP
02-20 20:41:12.759  1914  1914 D SST     : setAndBroadcastNetworkSetTimeZone: setTimeZone=GMT
02-20 20:41:12.759  1375  1507 D RIL     : onRequest: VOICE_REGISTRATION_STATE
02-20 20:41:12.759  1375  1507 D RIL     : requestRegistrationState
02-20 20:41:12.759  1375  1507 D AT      : AT> AT+CREG?
02-20 20:41:12.759  1375  1510 D AT      : AT< +CREG: 2,1, "0003", "005b"
02-20 20:41:12.759  1375  1510 D AT      : AT< OK
02-20 20:41:12.759  1375  1507 D RIL     : parseRegistrationState. Parsing: +CREG: 2,1, "0003", "005b"
02-20 20:41:12.759  1375  1507 D RIL     : registration state type: 3GPP
02-20 20:41:12.759  1375  1507 D RIL     : onRequest: QUERY_NETWORK_SELECTION_MODE
02-20 20:41:12.759  1375  1507 D AT      : AT> AT+COPS?
02-20 20:41:12.759  1375  1510 D AT      : AT< +COPS: 0,2,310260
02-20 20:41:12.759  1375  1510 D AT      : AT< OK
02-20 20:41:12.759  1675  1688 D AlarmManagerService: Kernel timezone updated to 0 minutes west of GMT
02-20 20:41:12.760  1914  1984 D RILJ    : [3664]< DATA_REGISTRATION_STATE {1, 3, 5b, 14, null, null} [SUB0]
02-20 20:41:12.760  1914  1984 D RILJ    : [3665]< VOICE_REGISTRATION_STATE {1, 3, 5b, 0, null, null, null, null, null, null, null, null, null, null, null} [SUB0]
02-20 20:41:12.760  1914  1984 D RILJ    : [3666]< QUERY_NETWORK_SELECTION_MODE {0} [SUB0]
02-20 20:41:12.760  1914  1914 D SST     : setAndBroadcastNetworkSetTimeZone: call alarm.setTimeZone and broadcast zoneId=GMT
02-20 20:41:12.761  1914  1914 D SST     : NITZ: Setting time of day to Tue Feb 20 20:41:13 GMT+00:00 2018 NITZ receive delay(ms): 6552 gained(ms): 791 from 18/02/20:20:41:07+0:0:Unknown!Unknown
02-20 20:41:12.761  1914  1914 D SST     : setAndBroadcastNetworkSetTime: time=1519159273552ms
02-20 20:41:12.761  1675  1689 D AlarmManagerService: Setting time of day to sec=1519159273
02-20 20:41:13.552  1675  1689 W AlarmManagerService: Unable to set rtc to 1519159273: No such device
02-20 20:41:13.553  1675  1675 D ConditionProviders.SCP: onReceive android.intent.action.TIME_SET
02-20 20:41:13.553  1675  1675 D ConditionProviders.SCP: notifyCondition condition://android/schedule?days=6.7&start=23.30&end=10.0&exitAtAlarm=false STATE_FALSE reason=!meetsSchedule
02-20 20:41:13.553  1675  1675 D ConditionProviders.SCP: notifyCondition condition://android/schedule?days=1.2.3.4.5&start=22.0&end=7.0&exitAtAlarm=false STATE_FALSE reason=!meetsSchedule
02-20 20:41:13.553  1675  1675 D ConditionProviders.SCP: Scheduling evaluate for Tue Feb 20 22:00:00 GMT+00:00 2018 (1519164000000), in +1h18m46s447ms, now=Tue Feb 20 20:41:13 GMT+00:00 2018 (1519159273553)
02-20 20:41:13.573  1370  1370 I OMXMaster: makeComponentInstance(OMX.google.vorbis.decoder) in mediacodec process
02-20 20:41:13.573  1914  1914 I SST     : NITZ: after Setting time of day
02-20 20:41:13.574  1914  1914 D SST     : NITZ: end=10783 dur=24
02-20 20:41:13.574  1914  1914 D SST     : onSignalStrengthResult() Exception from RIL : com.android.internal.telephony.CommandException: RADIO_NOT_AVAILABLE
02-20 20:41:13.575  1675  1742 E ActivityThread: Failed to find provider info for com.android.calendar
02-20 20:41:13.578  1675  1742 E ActivityThread: Failed to find provider info for com.android.calendar
02-20 20:41:13.586  1675  1741 D NotificationSQLiteLog: Pruned event entries: 0
02-20 20:41:13.600  1914  1914 D SST     : mDeviceShuttingDown=false, mDesiredPowerState=true, getRadioState=RADIO_ON, mPowerOffDelayNeed=true, mAlarmSwitch=false, mRadioDisabledByCarrier=false
02-20 20:41:13.600  1914  1914 D RILJ    : [3667]> OPERATOR [SUB0]
02-20 20:41:13.600  1914  1914 D RILJ    : [3668]> DATA_REGISTRATION_STATE [SUB0]
02-20 20:41:13.600  1375  1507 D RIL     : onRequest: OPERATOR
02-20 20:41:13.600  1375  1507 D AT      : AT> AT+COPS=3,0;+COPS?;+COPS=3,1;+COPS?;+COPS=3,2;+COPS?
02-20 20:41:13.600  1914  1914 D RILJ    : [3669]> VOICE_REGISTRATION_STATE [SUB0]
02-20 20:41:13.601  1914  1914 D RILJ    : [3670]> QUERY_NETWORK_SELECTION_MODE [SUB0]
02-20 20:41:13.601  1375  1510 D AT      : AT< +COPS: 0,0,"Android"
02-20 20:41:13.601  1375  1510 D AT      : AT< +COPS: 0,1,"Android"
02-20 20:41:13.601  1375  1510 D AT      : AT< +COPS: 0,2,"310260"
02-20 20:41:13.601  1375  1510 D AT      : AT< OK
02-20 20:41:13.601  1675  1689 I StatusBarManagerService: registerStatusBar bar=com.android.internal.statusbar.IStatusBar$Stub$Proxy@5d05edd
02-20 20:41:13.601  1375  1507 D RIL     : onRequest: DATA_REGISTRATION_STATE
02-20 20:41:13.601  1375  1507 D RIL     : requestRegistrationState
02-20 20:41:13.601  1375  1507 D AT      : AT> AT+CGREG?
02-20 20:41:13.601  1914  1984 D RILJ    : [3667]< OPERATOR {Android, Android, 310260} [SUB0]
02-20 20:41:13.601  1375  1510 D AT      : AT< +CGREG: 1,1,"0003","005b","000e"
02-20 20:41:13.601  1375  1510 D AT      : AT< OK
02-20 20:41:13.601  1914  1914 D DCT     : [0]NETWORK_STATE_CHANGED_ACTION: mIsWifiConnected=false
02-20 20:41:13.601  1914  1914 D DCT     : [0]Wifi state changed
02-20 20:41:13.602  1914  1914 D DCT     : [0]WIFI_STATE_CHANGED_ACTION: enabled=true mIsWifiConnected=false
02-20 20:41:13.602  1914  1914 D DCT     : [0]onRadioAvailable
02-20 20:41:13.602  1914  1914 D DCT     : [0]onRadioOffOrNotAvailable: is off and clean up all connections
02-20 20:41:13.602  1914  1914 D DCT     : [0]cleanUpAllConnections: tearDown=false reason=radioTurnedOff
02-20 20:41:13.602  1914  1914 D GsmCdmaPhone: [GsmCdmaPhone] getDataConnectionState apnType=default ret=DISCONNECTED
02-20 20:41:13.602  1375  1507 D RIL     : parseRegistrationState. Parsing: +CGREG: 1,1,"0003","005b","000e"
02-20 20:41:13.602  1375  1507 D RIL     : registration state type: 3GPP
02-20 20:41:13.602  1375  1507 D RIL     : onRequest: VOICE_REGISTRATION_STATE
02-20 20:41:13.602  1375  1507 D RIL     : requestRegistrationState
02-20 20:41:13.602  1375  1507 D AT      : AT> AT+CREG?
02-20 20:41:13.602  1914  1984 D RILJ    : [3668]< DATA_REGISTRATION_STATE {1, 3, 5b, 14, null, null} [SUB0]
02-20 20:41:13.602  1375  1510 D AT      : AT< +CREG: 2,1, "0003", "005b"
02-20 20:41:13.602  1375  1510 D AT      : AT< OK
02-20 20:41:13.602  1375  1507 D RIL     : parseRegistrationState. Parsing: +CREG: 2,1, "0003", "005b"
02-20 20:41:13.602  1375  1507 D RIL     : registration state type: 3GPP
02-20 20:41:13.603  1375  1507 D RIL     : onRequest: QUERY_NETWORK_SELECTION_MODE
02-20 20:41:13.603  1375  1507 D AT      : AT> AT+COPS?
02-20 20:41:13.603  1914  1984 D RILJ    : [3669]< VOICE_REGISTRATION_STATE {1, 3, 5b, 0, null, null, null, null, null, null, null, null, null, null, null} [SUB0]
02-20 20:41:13.603  1914  1914 D DCT     : [0]cleanUpConnection: X tearDown=false reason=radioTurnedOff apnContext={mApnType=default mState=IDLE mWaitingApns={null} mApnSetting={null} mReason=radioTurnedOff mDataEnabled=false mDependencyMet=true} dcac=null
02-20 20:41:13.603  1375  1510 D AT      : AT< +COPS: 0,2,310260
02-20 20:41:13.603  1375  1510 D AT      : AT< OK
02-20 20:41:13.603  1914  1984 D RILJ    : [3670]< QUERY_NETWORK_SELECTION_MODE {0} [SUB0]
02-20 20:41:13.603  1914  1914 D GsmCdmaPhone: [GsmCdmaPhone] getDataConnectionState apnType=mms ret=DISCONNECTED
02-20 20:41:13.618  1914  1914 D DCT     : [0]cleanUpConnection: X tearDown=false reason=radioTurnedOff apnContext={mApnType=mms mState=IDLE mWaitingApns={null} mApnSetting={null} mReason=radioTurnedOff mDataEnabled=false mDependencyMet=true} dcac=null
02-20 20:41:13.618  1914  1914 D GsmCdmaPhone: [GsmCdmaPhone] getDataConnectionState apnType=cbs ret=DISCONNECTED
02-20 20:41:13.619  1914  1914 D DCT     : [0]cleanUpConnection: X tearDown=false reason=radioTurnedOff apnContext={mApnType=cbs mState=IDLE mWaitingApns={null} mApnSetting={null} mReason=radioTurnedOff mDataEnabled=false mDependencyMet=true} dcac=null
02-20 20:41:13.619  1914  1914 D GsmCdmaPhone: [GsmCdmaPhone] getDataConnectionState apnType=fota ret=DISCONNECTED
02-20 20:41:13.619  1914  1914 D DCT     : [0]cleanUpConnection: X tearDown=false reason=radioTurnedOff apnContext={mApnType=fota mState=IDLE mWaitingApns={null} mApnSetting={null} mReason=radioTurnedOff mDataEnabled=false mDependencyMet=true} dcac=null
02-20 20:41:13.619  1914  1914 D GsmCdmaPhone: [GsmCdmaPhone] getDataConnectionState apnType=supl ret=DISCONNECTED
02-20 20:41:13.625  1914  1914 D DCT     : [0]cleanUpConnection: X tearDown=false reason=radioTurnedOff apnContext={mApnType=supl mState=IDLE mWaitingApns={null} mApnSetting={null} mReason=radioTurnedOff mDataEnabled=false mDependencyMet=true} dcac=null
02-20 20:41:13.625  1914  1914 D GsmCdmaPhone: [GsmCdmaPhone] getDataConnectionState apnType=ia ret=DISCONNECTED
02-20 20:41:13.626  1914  1914 D DCT     : [0]cleanUpConnection: X tearDown=false reason=radioTurnedOff apnContext={mApnType=ia mState=IDLE mWaitingApns={null} mApnSetting={null} mReason=radioTurnedOff mDataEnabled=false mDependencyMet=true} dcac=null
02-20 20:41:13.626  1914  1914 D GsmCdmaPhone: [GsmCdmaPhone] getDataConnectionState apnType=emergency ret=DISCONNECTED
02-20 20:41:13.627  1914  1914 D DCT     : [0]cleanUpConnection: X tearDown=false reason=radioTurnedOff apnContext={mApnType=emergency mState=IDLE mWaitingApns={null} mApnSetting={null} mReason=radioTurnedOff mDataEnabled=false mDependencyMet=true} dcac=null
02-20 20:41:13.627  1914  1914 D GsmCdmaPhone: [GsmCdmaPhone] getDataConnectionState apnType=hipri ret=DISCONNECTED
02-20 20:41:13.628  1313  1356 D         : HostConnection::get() New Host Connection established 0x7e3b866e7540, tid 1356
02-20 20:41:13.628  1914  1914 D DCT     : [0]cleanUpConnection: X tearDown=false reason=radioTurnedOff apnContext={mApnType=hipri mState=IDLE mWaitingApns={null} mApnSetting={null} mReason=radioTurnedOff mDataEnabled=false mDependencyMet=true} dcac=null
02-20 20:41:13.628  1914  1914 D GsmCdmaPhone: [GsmCdmaPhone] getDataConnectionState apnType=ims ret=DISCONNECTED
02-20 20:41:13.632  1914  1914 D DCT     : [0]cleanUpConnection: X tearDown=false reason=radioTurnedOff apnContext={mApnType=ims mState=IDLE mWaitingApns={null} mApnSetting={null} mReason=radioTurnedOff mDataEnabled=false mDependencyMet=true} dcac=null
02-20 20:41:13.632  1914  1914 D DCT     : [0]stopNetStatPoll
02-20 20:41:13.642  1373  1891 I MediaPlayerService: MediaPlayerService::getOMX
02-20 20:41:13.643  1675  2052 I OMXClient: MuxOMX ctor
02-20 20:41:13.644  1370  2031 I OMXMaster: makeComponentInstance(OMX.google.vorbis.decoder) in mediacodec process
02-20 20:41:12.847     0     0 I init    : Service 'bootanim' (pid 1334) exited with status 0
02-20 20:41:12.849     0     0 I init    : Starting service 'exec 6 (/system/bin/bootstat)'...
02-20 20:41:12.890     0     0 I init    : Service 'exec 6 (/system/bin/bootstat)' (pid 2053) exited with status 0
02-20 20:41:12.903     0     0 I init    : Starting service 'exec 7 (/system/bin/bootstat)'...
02-20 20:41:12.936     0     0 I init    : Service 'exec 7 (/system/bin/bootstat)' (pid 2061) exited with status 0
02-20 20:41:12.936     0     0 I init    : Starting service 'exec 8 (/system/bin/bootstat)'...
02-20 20:41:12.974     0     0 I init    : Service 'exec 8 (/system/bin/bootstat)' (pid 2064) exited with status 0
02-20 20:41:12.975     0     0 I init    : Starting service 'exec 9 (/system/bin/bootstat)'...
02-20 20:41:12.994     0     0 I init    : Service 'exec 9 (/system/bin/bootstat)' (pid 2077) exited with status 0
02-20 20:41:13.649  1914  1914 D DCT     : [0]cleanUpConnection: mDisconnectPendingCount = 0
02-20 20:41:13.649  1914  1914 D DCT     : [0]isDataAllowed: No - SIM not loaded - Not attached
02-20 20:41:13.656  1914  1914 D DCT     : [0]onDataConnectionDetached: stop polling and notify detached
02-20 20:41:13.656  1914  1914 D DCT     : [0]stopNetStatPoll
02-20 20:41:13.657  1914  1914 D DCT     : [0]notifyDataConnection: reason=dataDetached
02-20 20:41:13.657  1914  1914 D DCT     : [0]isDataAllowed: No - SIM not loaded - Not attached
02-20 20:41:13.666  2053  2053 I bootstat: Service started: /system/bin/bootstat --record_boot_complete 
02-20 20:41:13.669  1313  1313 I sf_frame_dur: [BootAnimation,0,18,170,8,0,0,0]
02-20 20:41:13.669  1914  1914 D DCT     : [0]onRoamingOff
02-20 20:41:13.669  1914  1914 D DCT     : [0]isDataAllowed: No - SIM not loaded - Not attached
02-20 20:41:13.674  2053  2053 I bootstat: Logging histogram: bootstat_mtime_matches_content 1
02-20 20:41:13.674  2053  2053 I sysui_histogram: [bootstat_mtime_matches_content,1]
02-20 20:41:13.675  1914  1914 D DCT     : [0]setupDataOnConnectableApns: roamingOff hipri:[state=IDLE,enabled=false] mms:[state=IDLE,enabled=false] supl:[state=IDLE,enabled=false] ia:[state=IDLE,enabled=false] fota:[state=IDLE,enabled=false] ims:[state=IDLE,enabled=false] cbs:[state=IDLE,enabled=false] default:[state=IDLE,enabled=false] emergency:[state=IDLE,enabled=false] 
02-20 20:41:13.675  1914  1914 D DCT     : [0]setupDataOnConnectableApns: nwTypeChanged hipri:[state=IDLE,enabled=false] mms:[state=IDLE,enabled=false] supl:[state=IDLE,enabled=false] ia:[state=IDLE,enabled=false] fota:[state=IDLE,enabled=false] ims:[state=IDLE,enabled=false] cbs:[state=IDLE,enabled=false] default:[state=IDLE,enabled=false] emergency:[state=IDLE,enabled=false] 
02-20 20:41:13.675  1914  1914 D SubscriptionInfoUpdater: [Receiver]+
02-20 20:41:13.675  1914  1914 D SubscriptionInfoUpdater: Action: android.intent.action.SIM_STATE_CHANGED
02-20 20:41:13.675  1914  1914 D SubscriptionInfoUpdater: slotId: 0
02-20 20:41:13.675  1914  1914 D SubscriptionInfoUpdater: simStatus: NOT_READY
02-20 20:41:13.675  1914  1914 D SubscriptionInfoUpdater: Ignoring simStatus: NOT_READY
02-20 20:41:13.675  1914  1914 D SubscriptionInfoUpdater: [Receiver]-
02-20 20:41:13.675  1914  1914 D PhoneSwitcherNetworkRequstListener: got request NetworkRequest [ REQUEST id=1, [ Capabilities: INTERNET&NOT_RESTRICTED&TRUSTED&NOT_VPN] ] with score 0
02-20 20:41:13.675  1914  1914 D TelephonyNetworkFactory[0]: onSubIdChange -1->-2
02-20 20:41:13.675  1914  1914 D TelephonyNetworkFactory[0]: got request NetworkRequest [ REQUEST id=1, [ Capabilities: INTERNET&NOT_RESTRICTED&TRUSTED&NOT_VPN] ] with score 0
02-20 20:41:13.680  2053  2053 I bootstat: Logging histogram: bootstat_mtime_matches_content 1
02-20 20:41:13.680  2053  2053 I sysui_histogram: [bootstat_mtime_matches_content,1]
02-20 20:41:13.680  2053  2053 I bootstat: Logging histogram: bootstat_mtime_matches_content 1
02-20 20:41:13.680  2053  2053 I sysui_histogram: [bootstat_mtime_matches_content,1]
02-20 20:41:13.680  1914  1914 D DebugService: DebugService DebugService:
02-20 20:41:13.680  1914  1914 D TelephonyDebugService: TelephonyDebugService()
02-20 20:41:13.681  1914  1914 D CarrierConfigLoader: mHandler: 12 phoneId: 0
02-20 20:41:13.685  1914  1914 D RILJ    : [3671]> RIL_REQUEST_QUERY_TTY_MODE [SUB0]
02-20 20:41:13.686  1375  1507 D RIL     : onRequest: QUERY_TTY_MODE
02-20 20:41:13.686  1375  1507 D RIL     : Request not supported. Tech: 1
02-20 20:41:13.686  1914  1984 D RilRequest: [3671]< RIL_REQUEST_QUERY_TTY_MODE error: com.android.internal.telephony.CommandException: REQUEST_NOT_SUPPORTED ret=
02-20 20:41:13.686  1914  1914 D UiccController: Received EVENT_GET_ICC_STATUS_DONE
02-20 20:41:13.688  1914  1914 D UiccCard: 2 applications
02-20 20:41:13.688  1914  1914 D UiccCardApplication: Creating UiccApp: {APPTYPE_SIM,APPSTATE_DETECTED}
02-20 20:41:13.690  1914  1914 W VoiceMailConstants: Can't open /system/etc/voicemail-conf.xml
02-20 20:41:13.691  1675  1728 I netstats_mobile_sample: [0,0,0,0,0,0,0,0,0,0,0,0,-1]
02-20 20:41:13.691  1675  1728 I netstats_wifi_sample: [0,0,0,0,0,0,0,0,0,0,0,0,-1]
02-20 20:41:13.701  1914  1914 D SpnOverride: No SPN in OEM image = /oem/telephony/spn-conf.xml Load SPN from system image
02-20 20:41:13.701  1914  1914 W SpnOverride: Can not open /system/etc/spn-conf.xml
02-20 20:41:13.701  1914  1914 D SIMRecords: [SIMRecords] setting0 mMncLength-1
02-20 20:41:13.701  1914  1914 D SIMRecords: [SIMRecords] SIMRecords: onRadioOffOrNotAvailable set 'gsm.sim.operator.numeric' to operator=null
02-20 20:41:13.701  1914  1914 D SIMRecords: [SIMRecords] update icc_operator_numeric=null
02-20 20:41:13.701  1914  1914 D TelephonyManager: setTelephonyProperty: success phoneId=0 property=gsm.sim.operator.numeric value:  propVal=
02-20 20:41:13.705  1675  1728 I am_proc_start: [0,2056,10067,com.google.android.deskclock,broadcast,com.google.android.deskclock/com.android.deskclock.AlarmInitReceiver]
02-20 20:41:13.705  1675  1728 I ActivityManager: Start proc 2056:com.google.android.deskclock/u0a67 for broadcast com.google.android.deskclock/com.android.deskclock.AlarmInitReceiver
02-20 20:41:13.712  1373  1891 I MediaPlayerService: MediaPlayerService::getOMX
02-20 20:41:13.713  1675  2062 I OMXClient: MuxOMX ctor
02-20 20:41:13.713  1370  1845 I OMXMaster: makeComponentInstance(OMX.google.vorbis.decoder) in mediacodec process
02-20 20:41:13.722  1914  1914 D TelephonyManager: setTelephonyProperty: success phoneId=0 property=gsm.sim.operator.alpha value:  propVal=
02-20 20:41:13.724  2056  2056 W art     : Unexpected CPU variant for X86 using defaults: x86_64
02-20 20:41:13.726  2061  2061 I bootstat: Service started: /system/bin/bootstat --record_boot_reason 
02-20 20:41:13.726  2061  2061 I bootstat: Unknown boot reason: 
02-20 20:41:13.726  1914  1914 D TelephonyManager: setTelephonyProperty: success phoneId=0 property=gsm.sim.operator.iso-country value:  propVal=
02-20 20:41:13.728  1914  1914 D SIMRecords: [SIMRecords] getOperatorNumeric: IMSI == null
02-20 20:41:13.728  1914  1914 D SIMRecords: [SIMRecords] SIMRecords X ctor this=SimRecords: mDestroyed=false mContext=com.android.phone.PhoneGlobals@240120d mCi=com.android.internal.telephony.RIL@d58157 mFh=Handler (com.android.internal.telephony.uicc.SIMFileHandler) {dd5d5c2} mParentApp=com.android.internal.telephony.uicc.UiccCardApplication@1394fd3 recordsLoadedRegistrants=android.os.RegistrantList@beb7710 mImsiReadyRegistrants=android.os.RegistrantList@7e8c209 mRecordsEventsRegistrants=android.os.RegistrantList@52f8c0e mNewSmsRegistrants=android.os.RegistrantList@2bf162f mNetworkSelectionModeAutomaticRegistrants=android.os.RegistrantList@b78f43c recordsToLoad=0 adnCache=Handler (com.android.internal.telephony.uicc.AdnRecordCache) {f5275c5} recordsRequested=false iccid=null msisdnTag=null voiceMailNum=null voiceMailTag=null voiceMailNum=null newVoiceMailTag=null isVoiceMailFixed=false mImsi=null mncLength=-1 mailboxIndex=0 spn=null mVmConfigcom.android.internal.telephony.uicc.VoiceMailConstants@15c5b1a mSpnOverride=mSpnOverride callForwardingEnabled=0 spnState=null mCphsInfo=null mCspPlmnEnabled=true efMWIS=null efCPHS_MWI=null mEfCff=null mEfCfis=null getOperatorNumeric=null
02-20 20:41:13.729  1914  1914 D UiccCardApplication: Creating UiccApp: {APPTYPE_RUIM,APPSTATE_DETECTED}
02-20 20:41:13.729  1914  1914 D RuimRecords: [RuimRecords] setting0 mMncLength-1
02-20 20:41:13.729  1914  1914 D RuimRecords: [RuimRecords] RuimRecords X ctor this=RuimRecords: mDestroyed=false mContext=com.android.phone.PhoneGlobals@240120d mCi=com.android.internal.telephony.RIL@d58157 mFh=Handler (com.android.internal.telephony.uicc.RuimFileHandler) {bff1828} mParentApp=com.android.internal.telephony.uicc.UiccCardApplication@be9a941 recordsLoadedRegistrants=android.os.RegistrantList@d550ee6 mImsiReadyRegistrants=android.os.RegistrantList@3a59c27 mRecordsEventsRegistrants=android.os.RegistrantList@418ed4 mNewSmsRegistrants=android.os.RegistrantList@166987d mNetworkSelectionModeAutomaticRegistrants=android.os.RegistrantList@8d33372 recordsToLoad=0 adnCache=Handler (com.android.internal.telephony.uicc.AdnRecordCache) {7c5d3c3} recordsRequested=false iccid=null msisdnTag=null voiceMailNum=null voiceMailTag=null voiceMailNum=null newVoiceMailTag=null isVoiceMailFixed=false mImsi=null mncLength=-1 mailboxIndex=0 spn=null m_ota_commitedfalse mMyMobileNumber=xxxx mMin2Min1=null mPrlVersion=null mEFpl=null mEFli=null mCsimSpnDisplayCondition=false mMdn=null mMin=null mHomeSystemId=null mHomeNetworkId=null
02-20 20:41:13.740  2064  2064 I bootstat: Service started: /system/bin/bootstat --record_time_since_factory_reset 
02-20 20:41:13.740  2064  2064 I bootstat: Logging histogram: factory_reset_current_time 1519159273
02-20 20:41:13.740  2064  2064 I sysui_histogram: [factory_reset_current_time,1519159273]
02-20 20:41:13.757  2064  2064 I bootstat: Logging histogram: bootstat_mtime_matches_content 1
02-20 20:41:13.757  2064  2064 I sysui_histogram: [bootstat_mtime_matches_content,1]
02-20 20:41:13.757  2064  2064 I bootstat: Logging histogram: factory_reset_record_value 1519154248
02-20 20:41:13.757  2064  2064 I sysui_histogram: [factory_reset_record_value,1519154248]
02-20 20:41:13.758  1914  1914 D CAT     : CatService: registerForRecordsLoaded slotid=0 instance:Handler (com.android.internal.telephony.cat.CatService) {9ffe46c}
02-20 20:41:13.758  1914  1914 D CAT     : CatService: Running CAT service on Slotid: 0. STK app installed:false
02-20 20:41:13.758  1914  1914 D UiccCard: Before privilege rules: null : CARDSTATE_PRESENT
02-20 20:41:13.758  1914  1914 D RILJ    : [3672]> RIL_REQUEST_SIM_OPEN_CHANNEL [SUB0]
02-20 20:41:13.759  1914  1914 E UiccCard: App index 8 is invalid since there are no applications
02-20 20:41:13.759  1914  1914 D UiccCard: update: radioState=RADIO_ON mLastRadioState=RADIO_UNAVAILABLE
02-20 20:41:13.759  1914  1914 D UiccController: Notifying IccChangedRegistrants
02-20 20:41:13.759  1914  1914 D GsmCdmaPhone: get phone radio capability fail, no need to change mRadioCapability
02-20 20:41:13.759  1914  1914 D GsmCdmaPhone: EVENT_GET_RADIO_CAPABILITY: phone rc: null
02-20 20:41:13.759  1914  1914 D Phone   : config LCE service failed: com.android.internal.telephony.CommandException: RADIO_NOT_AVAILABLE
02-20 20:41:13.759  1914  1914 D SST     : mDeviceShuttingDown=false, mDesiredPowerState=true, getRadioState=RADIO_ON, mPowerOffDelayNeed=true, mAlarmSwitch=false, mRadioDisabledByCarrier=false
02-20 20:41:13.760  1914  1914 D RILJ    : [3673]> OPERATOR [SUB0]
02-20 20:41:13.760  1914  1914 D RILJ    : [3674]> DATA_REGISTRATION_STATE [SUB0]
02-20 20:41:13.760  1914  1914 D RILJ    : [3675]> VOICE_REGISTRATION_STATE [SUB0]
02-20 20:41:13.760  1914  1914 D RILJ    : [3676]> QUERY_NETWORK_SELECTION_MODE [SUB0]
02-20 20:41:13.761  1914  1914 D RILJ    : [3677]> GET_CURRENT_CALLS [SUB0]
02-20 20:41:13.761  1914  1914 D RILJ    : [3678]> RIL_REQUEST_IMS_REGISTRATION_STATE [SUB0]
02-20 20:41:13.762  1914  1914 D RILJ    : [3679]> RIL_REQUEST_CDMA_GET_SUBSCRIPTION_SOURCE [SUB0]
02-20 20:41:13.763  1675  1953 I am_proc_bound: [0,2056,com.google.android.deskclock]
02-20 20:41:13.764  1914  1914 D GsmCdmaPhone: [GsmCdmaPhone] Event EVENT_RADIO_ON Received
02-20 20:41:13.764  1914  1914 D RILJ    : [3680]> RIL_REQUEST_VOICE_RADIO_TECH [SUB0]
02-20 20:41:13.776  1914  1914 D UiccController: Received EVENT_ICC_STATUS_CHANGED, calling getIccCardStatus
02-20 20:41:13.776  1914  1914 D RILJ    : [3681]> GET_SIM_STATUS [SUB0]
02-20 20:41:13.777  1914  1914 D SST     : EVENT_POLL_STATE_NETWORK_SELECTION_MODE
02-20 20:41:13.777  1914  1914 D SST     : EVENT_POLL_STATE_NETWORK_SELECTION_MODE
02-20 20:41:13.778  1914  1914 D PhoneSwitcher: evaluating due to netRequest default 0->1 phone[0] 0->-2
02-20 20:41:13.778  1914  1914 D TelephonyNetworkFactory[0]: not acting - isApp=false, isAct=false NetworkRequest [ REQUEST id=1, [ Capabilities: INTERNET&NOT_RESTRICTED&TRUSTED&NOT_VPN] ]
02-20 20:41:13.778  1914  1914 D CAT     : CatService: handleMessage[8]
02-20 20:41:13.778  1914  1914 D CAT     : CatService: MSG_ID_ICC_CHANGED
02-20 20:41:13.778  1914  1914 D CAT     : CatService: New Card State = CARDSTATE_PRESENT Old Card State = CARDSTATE_ABSENT
02-20 20:41:13.778  1914  1914 D RILJ    : [3682]> RIL_REQUEST_REPORT_STK_SERVICE_IS_RUNNING [SUB0]
02-20 20:41:13.779  2077  2077 I bootstat: Service started: /system/bin/bootstat -l 
02-20 20:41:13.779  2077  2077 I bootstat: Logging histogram: bootstat_mtime_matches_content 1
02-20 20:41:13.780  2077  2077 I sysui_histogram: [bootstat_mtime_matches_content,1]
02-20 20:41:13.780  2077  2077 I bootstat: Logging histogram: bootstat_mtime_matches_content 1
02-20 20:41:13.780  2077  2077 I sysui_histogram: [bootstat_mtime_matches_content,1]
02-20 20:41:13.780  2077  2077 I bootstat: Logging histogram: bootstat_mtime_matches_content 1
02-20 20:41:13.780  2077  2077 I sysui_histogram: [bootstat_mtime_matches_content,1]
02-20 20:41:13.780  2077  2077 I bootstat: Logging histogram: bootstat_mtime_matches_content 1
02-20 20:41:13.780  2077  2077 I sysui_histogram: [bootstat_mtime_matches_content,1]
02-20 20:41:13.782  2077  2077 I bootstat: Logging histogram: bootstat_mtime_matches_content 1
02-20 20:41:13.782  2077  2077 I sysui_histogram: [bootstat_mtime_matches_content,1]
02-20 20:41:13.783  2077  2077 I bootstat: Logging histogram: bootstat_mtime_matches_content 1
02-20 20:41:13.783  2077  2077 I sysui_histogram: [bootstat_mtime_matches_content,1]
02-20 20:41:13.783  1375  1507 D RIL     : onRequest: SIM_OPEN_CHANNEL
02-20 20:41:13.783  2077  2077 I bootstat: Logging histogram: bootstat_mtime_matches_content 1
02-20 20:41:13.783  1375  1507 D AT      : AT> AT+CCHO=A00000015141434C00
02-20 20:41:13.783  2077  2077 I sysui_histogram: [bootstat_mtime_matches_content,1]
02-20 20:41:13.783  2077  2077 I bootstat: Logging histogram: bootstat_mtime_matches_content 1
02-20 20:41:13.783  2077  2077 I sysui_histogram: [bootstat_mtime_matches_content,1]
02-20 20:41:13.783  2077  2077 I bootstat: Logging histogram: bootstat_mtime_matches_content 1
02-20 20:41:13.783  2077  2077 I sysui_histogram: [bootstat_mtime_matches_content,1]
02-20 20:41:13.783  2077  2077 I bootstat: Logging histogram: bootstat_mtime_matches_content 1
02-20 20:41:13.783  2077  2077 I sysui_histogram: [bootstat_mtime_matches_content,1]
02-20 20:41:13.783  2077  2077 I bootstat: Logging histogram: bootstat_mtime_matches_content 1
02-20 20:41:13.783  2077  2077 I sysui_histogram: [bootstat_mtime_matches_content,1]
02-20 20:41:13.783  2077  2077 I bootstat: Logging histogram: bootstat_mtime_matches_content 1
02-20 20:41:13.783  2077  2077 I sysui_histogram: [bootstat_mtime_matches_content,1]
02-20 20:41:13.783  2077  2077 I bootstat: Logging histogram: bootstat_mtime_matches_content 1
02-20 20:41:13.783  2077  2077 I sysui_histogram: [bootstat_mtime_matches_content,1]
02-20 20:41:13.783  2077  2077 I bootstat: Logging histogram: bootstat_mtime_matches_content 1
02-20 20:41:13.783  2077  2077 I sysui_histogram: [bootstat_mtime_matches_content,1]
02-20 20:41:13.783  2077  2077 I bootstat: Logging histogram: post_decrypt_time_elapsed 2
02-20 20:41:13.783  2077  2077 I sysui_histogram: [post_decrypt_time_elapsed,2]
02-20 20:41:13.783  2077  2077 I bootstat: Logging histogram: last_boot_time_utc 1519159273
02-20 20:41:13.783  2077  2077 I sysui_histogram: [last_boot_time_utc,1519159273]
02-20 20:41:13.783  2077  2077 I bootstat: Logging histogram: build_date 1513095943
02-20 20:41:13.783  2077  2077 I sysui_histogram: [build_date,1513095943]
02-20 20:41:13.783  1375  1510 D AT      : AT< 1
02-20 20:41:13.783  2077  2077 I bootstat: Logging histogram: boot_decryption_complete 10
02-20 20:41:13.783  2077  2077 I sysui_histogram: [boot_decryption_complete,10]
02-20 20:41:13.783  2077  2077 I bootstat: Logging histogram: ota_boot_complete_post_decrypt 7
02-20 20:41:13.783  2077  2077 I sysui_histogram: [ota_boot_complete_post_decrypt,7]
02-20 20:41:13.783  1375  1510 D AT      : AT< OK
02-20 20:41:13.783  2077  2077 I bootstat: Logging histogram: ota_boot_complete 9
02-20 20:41:13.783  2077  2077 I sysui_histogram: [ota_boot_complete,9]
02-20 20:41:13.783  2077  2077 I bootstat: Logging histogram: boot_reason 1
02-20 20:41:13.783  2077  2077 I sysui_histogram: [boot_reason,1]
02-20 20:41:13.783  2077  2077 I bootstat: Logging histogram: factory_reset_current_time 1519159273
02-20 20:41:13.783  2077  2077 I sysui_histogram: [factory_reset_current_time,1519159273]
02-20 20:41:13.783  2077  2077 I bootstat: Logging histogram: factory_reset 1519154248
02-20 20:41:13.783  2077  2077 I sysui_histogram: [factory_reset,1519154248]
02-20 20:41:13.783  2077  2077 I bootstat: Logging histogram: time_since_last_boot 73
02-20 20:41:13.783  2077  2077 I sysui_histogram: [time_since_last_boot,73]
02-20 20:41:13.783  2077  2077 I bootstat: Logging histogram: boot_complete_post_decrypt 8
02-20 20:41:13.783  2077  2077 I sysui_histogram: [boot_complete_post_decrypt,8]
02-20 20:41:13.783  2077  2077 I bootstat: Logging histogram: boot_complete 10
02-20 20:41:13.783  2077  2077 I sysui_histogram: [boot_complete,10]
02-20 20:41:13.783  2077  2077 I bootstat: Logging histogram: factory_reset_record_value 1519154248
02-20 20:41:13.783  2077  2077 I sysui_histogram: [factory_reset_record_value,1519154248]
02-20 20:41:13.783  2077  2077 I bootstat: Logging histogram: time_since_factory_reset 5025
02-20 20:41:13.784  2077  2077 I sysui_histogram: [time_since_factory_reset,5025]
02-20 20:41:13.784  1914  1984 D RILJ    : [3672]< RIL_REQUEST_SIM_OPEN_CHANNEL  [SUB0]
02-20 20:41:13.784  1375  1507 D RIL     : onRequest: OPERATOR
02-20 20:41:13.784  1375  1507 D AT      : AT> AT+COPS=3,0;+COPS?;+COPS=3,1;+COPS?;+COPS=3,2;+COPS?
02-20 20:41:13.784  1375  1510 D AT      : AT< +COPS: 0,0,"Android"
02-20 20:41:13.784  1375  1510 D AT      : AT< +COPS: 0,1,"Android"
02-20 20:41:13.784  1375  1510 D AT      : AT< +COPS: 0,2,"310260"
02-20 20:41:13.784  1375  1510 D AT      : AT< OK
02-20 20:41:13.784  1375  1507 D RIL     : onRequest: DATA_REGISTRATION_STATE
02-20 20:41:13.784  1375  1507 D RIL     : requestRegistrationState
02-20 20:41:13.784  1375  1507 D AT      : AT> AT+CGREG?
02-20 20:41:13.784  1375  1510 D AT      : AT< +CGREG: 1,1,"0003","005b","000e"
02-20 20:41:13.784  1375  1510 D AT      : AT< OK
02-20 20:41:13.784  1375  1507 D RIL     : parseRegistrationState. Parsing: +CGREG: 1,1,"0003","005b","000e"
02-20 20:41:13.784  1375  1507 D RIL     : registration state type: 3GPP
02-20 20:41:13.784  1375  1507 D RIL     : onRequest: VOICE_REGISTRATION_STATE
02-20 20:41:13.784  1375  1507 D RIL     : requestRegistrationState
02-20 20:41:13.784  1375  1507 D AT      : AT> AT+CREG?
02-20 20:41:13.784  1375  1510 D AT      : AT< +CREG: 2,1, "0003", "005b"
02-20 20:41:13.784  1375  1510 D AT      : AT< OK
02-20 20:41:13.784  1375  1507 D RIL     : parseRegistrationState. Parsing: +CREG: 2,1, "0003", "005b"
02-20 20:41:13.054     0     0 I init    : write_file: Unable to open '/sys/class/android_usb/android0/enable': No such file or directory
02-20 20:41:13.055     0     0 I init    : write_file: Unable to open '/sys/class/android_usb/android0/idVendor': No such file or directory
02-20 20:41:13.056     0     0 I init    : write_file: Unable to open '/sys/class/android_usb/android0/idProduct': No such file or directory
02-20 20:41:13.056     0     0 I init    : write_file: Unable to open '/sys/class/android_usb/android0/functions': No such file or directory
02-20 20:41:13.057     0     0 I init    : write_file: Unable to open '/sys/class/android_usb/android0/enable': No such file or directory
02-20 20:41:13.784  1375  1507 D RIL     : registration state type: 3GPP
02-20 20:41:13.784  1375  1507 D RIL     : onRequest: QUERY_NETWORK_SELECTION_MODE
02-20 20:41:13.784  1375  1507 D AT      : AT> AT+COPS?
02-20 20:41:13.785  1375  1510 D AT      : AT< +COPS: 0,2,310260
02-20 20:41:13.785  1375  1510 D AT      : AT< OK
02-20 20:41:13.785  1375  1507 D RIL     : onRequest: GET_CURRENT_CALLS
02-20 20:41:13.785  1375  1507 D AT      : AT> AT+CLCC
02-20 20:41:13.785  1375  1510 D AT      : AT< OK
02-20 20:41:13.785  1375  1507 D RIL     : onRequest: IMS_REGISTRATION_STATE
02-20 20:41:13.785  1375  1507 D RIL     : IMS_REGISTRATION=0, format=1 
02-20 20:41:13.785  1375  1507 D RIL     : onRequest: CDMA_GET_SUBSCRIPTION_SOURCE
02-20 20:41:13.785  1375  1507 D RIL     : Request not supported. Tech: 1
02-20 20:41:13.785  1375  1507 D RIL     : onRequest: VOICE_RADIO_TECH
02-20 20:41:13.785  1375  1507 D RIL     : onRequest: GET_SIM_STATUS
02-20 20:41:13.785  1375  1507 D RIL     : getSIMStatus(). sState: 10
02-20 20:41:13.785  1375  1507 D AT      : AT> AT+CPIN?
02-20 20:41:13.785  1375  1510 D AT      : AT< +CPIN: READY
02-20 20:41:13.785  1375  1510 D AT      : AT< OK
02-20 20:41:13.786  1914  1984 D RILJ    : [3673]< OPERATOR {Android, Android, 310260} [SUB0]
02-20 20:41:13.786  1914  1984 D RILJ    : [3674]< DATA_REGISTRATION_STATE {1, 3, 5b, 14, null, null} [SUB0]
02-20 20:41:13.786  1914  1984 D RILJ    : [3675]< VOICE_REGISTRATION_STATE {1, 3, 5b, 0, null, null, null, null, null, null, null, null, null, null, null} [SUB0]
02-20 20:41:13.786  1914  1984 D RILJ    : [3676]< QUERY_NETWORK_SELECTION_MODE {0} [SUB0]
02-20 20:41:13.786  1914  1984 D RILJ    : [3677]< GET_CURRENT_CALLS {} [SUB0]
02-20 20:41:13.786  1914  1984 D RILJ    : [3678]< RIL_REQUEST_IMS_REGISTRATION_STATE {0, 1} [SUB0]
02-20 20:41:13.786  1914  1984 D RilRequest: [3679]< RIL_REQUEST_CDMA_GET_SUBSCRIPTION_SOURCE error: com.android.internal.telephony.CommandException: REQUEST_NOT_SUPPORTED ret=
02-20 20:41:13.786  1914  1984 D RILJ    : [3680]< RIL_REQUEST_VOICE_RADIO_TECH {11} [SUB0]
02-20 20:41:13.786  1914  1984 D RILJ    : [3681]< GET_SIM_STATUS IccCardState {CARDSTATE_PRESENT,PINSTATE_UNKNOWN,num_apps=2,gsm_id=0{APPTYPE_SIM,APPSTATE_READY},cdma_id=1{APPTYPE_RUIM,APPSTATE_READY},ims_id=8} [SUB0]
02-20 20:41:13.786  1914  1914 D GsmCdmaPhone: [GsmCdmaPhone] New Uicc application found. type = APPTYPE_SIM
02-20 20:41:13.787  1914  1914 D GsmSMSDispatcher: GsmSMSDispatcher: subId = -2 slotId = 0
02-20 20:41:13.787  1914  1914 D GsmSMSDispatcher: New Uicc application found
02-20 20:41:13.787  1914  1914 D IccCardProxy: Icc changed. Reregestering.
02-20 20:41:13.787  1914  1914 D SST     : New card found
02-20 20:41:13.787  1914  1914 D CAT     : CatService: handleMessage[8]
02-20 20:41:13.787  1914  1914 D CAT     : CatService: MSG_ID_ICC_CHANGED
02-20 20:41:13.787  1914  1914 D CAT     : CatService: New Card State = CARDSTATE_PRESENT Old Card State = CARDSTATE_PRESENT
02-20 20:41:13.787  1914  1914 E SST     : error parsing GprsRegistrationState: java.lang.NumberFormatException: null
