02-20 20:41:11.140     0     0 D SELinux : initialized (dev fuse, type fuse), uses genfs_contexts
02-20 20:41:11.153     0     0 D SELinux : initialized (dev fuse, type fuse), uses genfs_contexts
02-20 20:41:11.176  1675  1675 W ActivityManager: Slow operation: 77ms so far, now at startProcess: returned from zygote!
02-20 20:41:11.176  1675  1675 W ActivityManager: Slow operation: 78ms so far, now at startProcess: done updating battery stats
02-20 20:41:11.176  1675  1675 I am_proc_start: [0,1800,1037,WebViewLoader-x86,,]
02-20 20:41:11.176  1675  1675 W ActivityManager: Slow operation: 78ms so far, now at startProcess: building log message
02-20 20:41:11.176  1675  1675 I ActivityManager: Start proc 1800:WebViewLoader-x86/1037 [android.webkit.WebViewFactory$RelroFileCreator] for 
02-20 20:41:11.176  1675  1675 W ActivityManager: Slow operation: 78ms so far, now at startProcess: starting to update pids map
02-20 20:41:11.176  1675  1675 W ActivityManager: Slow operation: 78ms so far, now at startProcess: done updating pids map
02-20 20:41:11.176  1675  1675 W ActivityManager: Slow operation: 78ms so far, now at startProcess: done starting proc!
02-20 20:41:11.181  1805  1805 W art     : Unexpected CPU variant for X86 using defaults: x86_64
02-20 20:41:11.185  1805  1805 V WebViewFactory: RelroFileCreator (64bit = true),  32-bit lib: /system/app/Chrome/Chrome.apk!/lib/x86/libmonochrome.so, 64-bit lib: /system/app/Chrome/Chrome.apk!/lib/x86_64/libmonochrome.so
02-20 20:41:11.186  1675  1675 I am_proc_start: [0,1805,1037,WebViewLoader-x86_64,,]
02-20 20:41:11.187  1675  1675 I ActivityManager: Start proc 1805:WebViewLoader-x86_64/1037 [android.webkit.WebViewFactory$RelroFileCreator] for 
02-20 20:41:11.187  1675  1724 D VoldConnector: RCV <- {651 emulated 2}
02-20 20:41:11.187  1675  1724 D VoldConnector: RCV <- {200 5 Command succeeded}
02-20 20:41:11.188  1675  1723 D VoldConnector: SND -> {6 volume mount public:253,64 2 0}
02-20 20:41:11.188  1267  1302 V vold    : /system/bin/blkid
02-20 20:41:11.188  1267  1302 V vold    :     -c
02-20 20:41:11.188  1267  1302 V vold    :     /dev/null
02-20 20:41:11.188  1267  1302 V vold    :     -s
02-20 20:41:11.188  1267  1302 V vold    :     TYPE
02-20 20:41:11.188  1267  1302 V vold    :     -s
02-20 20:41:11.188  1267  1302 V vold    :     UUID
02-20 20:41:11.188  1267  1302 V vold    :     -s
02-20 20:41:11.188  1267  1302 V vold    :     LABEL
02-20 20:41:11.188  1267  1302 V vold    :     /dev/block/vold/public:253,64
02-20 20:41:11.188  1675  1724 D VoldConnector: RCV <- {651 public:253,64 1}
02-20 20:41:11.189  1675  1675 D NetworkManagement: enabling bandwidth control
02-20 20:41:11.202  1675  1792 E WVMExtractor: Failed to open libwvm.so: dlopen failed: library "libwvm.so" not found
02-20 20:41:11.154     0     0 D SELinux : initialized (dev fuse, type fuse), uses genfs_contexts
02-20 20:41:11.220  1267  1302 V vold    : /dev/block/vold/public:253,64: LABEL="SDCARD" UUID="1E12-0B12" TYPE="vfat" 
02-20 20:41:11.220  1267  1302 V vold    : 
02-20 20:41:11.210     0     0 D ieee80211 phy1: hw scan 2417 MHz
02-20 20:41:11.222  1267  1302 V vold    : /system/bin/fsck_msdos
02-20 20:41:11.222  1267  1302 V vold    :     -p
02-20 20:41:11.222  1267  1302 V vold    :     -f
02-20 20:41:11.222  1267  1302 V vold    :     /dev/block/vold/public:253,64
02-20 20:41:11.222  1675  1724 D VoldConnector: RCV <- {652 public:253,64 vfat}
02-20 20:41:11.222  1675  1724 D VoldConnector: RCV <- {653 public:253,64 1E12-0B12}
02-20 20:41:11.223  1675  1724 D VoldConnector: RCV <- {654 public:253,64 SDCARD}
02-20 20:41:11.223  1800  1800 W art     : Unexpected CPU variant for X86 using defaults: x86
02-20 20:41:11.243  1800  1800 V WebViewFactory: RelroFileCreator (64bit = false),  32-bit lib: /system/app/Chrome/Chrome.apk!/lib/x86/libmonochrome.so, 64-bit lib: /system/app/Chrome/Chrome.apk!/lib/x86_64/libmonochrome.so
02-20 20:41:11.272  1373  1373 I MediaPlayerService: MediaPlayerService::getOMX
02-20 20:41:11.273  1373  1373 I OMXClient: MuxOMX ctor
02-20 20:41:11.275  1373  1373 I MediaPlayerService: MediaPlayerService::getOMX
02-20 20:41:11.275  1373  1373 I OMXClient: MuxOMX ctor
02-20 20:41:11.275  1370  1370 I OMXMaster: makeComponentInstance(OMX.google.mp3.decoder) in mediacodec process
02-20 20:41:11.331     0     0 D ieee80211 phy1: hw scan 2422 MHz
02-20 20:41:11.333     0     0 W healthd : battery l=100 v=0 t=0.0 h=2 st=2 chg=a
02-20 20:41:11.301  1267  1302 I fsck_msdos: ** /dev/block/vold/public:253,64
02-20 20:41:11.306  1675  1731 D WifiController: DEFERRED_TOGGLE handled
02-20 20:41:11.319  1267  1302 I fsck_msdos: ** Phase 1 - Read and Compare FATs
02-20 20:41:11.319  1267  1302 I fsck_msdos: Attempting to allocate 1022 KB for FAT
02-20 20:41:11.332  1375  1510 D AT      : AT< +CGREG: 1,1
02-20 20:41:11.332  1375  1510 D AT      : AT< +CTEC: 1+CREG: 2,1, "0003", "005b"
02-20 20:41:11.332  1375  1510 D RIL     : Response: +CTEC: 1+CREG: 2,1, "0003", "005b"
02-20 20:41:11.332  1375  1510 D RIL     : line remaining after int: 1, "0003", "005b"
02-20 20:41:11.332  1375  1510 D RIL     : setRadioTechnology(1)
02-20 20:41:11.332  1375  1510 D RIL     : Tech change (0 => 1)
02-20 20:41:11.332  1375  1510 D AT      : AT< +CGREG: 1,1
02-20 20:41:11.390  1675  1675 W NetworkManagement: setDataSaverMode(): already false
02-20 20:41:11.391  1374  1674 D SoftapController: Softap fwReload - Ok
02-20 20:41:11.403  1374  1674 D CommandListener: Setting iface cfg
02-20 20:41:11.403  1374  1674 D CommandListener: Trying to bring down wlan0
02-20 20:41:11.409  1763  1763 V SystemUIService: Starting SystemUI services for user 0.
02-20 20:41:11.424  1374  1674 D CommandListener: Clearing all IP addresses on wlan0
02-20 20:41:11.425  1675  1732 E WifiMonitor: killSupplicant p2pfalse init.svc.wpa_supplicant=unknown init.svc.p2p_supplicant=unknown
02-20 20:41:11.443  1373  1373 I MediaPlayerService: MediaPlayerService::getOMX
02-20 20:41:11.444  1373  1373 I OMXClient: MuxOMX ctor
02-20 20:41:11.444  1370  1846 I OMXMaster: makeComponentInstance(OMX.google.amrnb.decoder) in mediacodec process
02-20 20:41:11.448  1373  1373 I MediaPlayerService: MediaPlayerService::getOMX
02-20 20:41:11.448  1373  1373 I OMXClient: MuxOMX ctor
02-20 20:41:11.449  1370  1846 I OMXMaster: makeComponentInstance(OMX.google.amrwb.decoder) in mediacodec process
02-20 20:41:11.449  1267  1302 I fsck_msdos: Attempting to allocate 1022 KB for FAT
02-20 20:41:11.457     0     0 D ieee80211 phy1: hw scan 2427 MHz
02-20 20:41:11.484     0     0 I init    : Starting service 'wpa_supplicant'...
02-20 20:41:11.464  1763  1763 V MediaRouter: Adding route: RouteInfo{ name=Phone, description=null, status=null, category=RouteCategory{ name=null types=ROUTE_TYPE_LIVE_AUDIO ROUTE_TYPE_LIVE_VIDEO  groupable=false }, supportedTypes=ROUTE_TYPE_LIVE_AUDIO ROUTE_TYPE_LIVE_VIDEO , presentationDisplay=null }
02-20 20:41:11.467  1763  1763 V MediaRouter: Updating audio routes: AudioRoutesInfo{ type=SPEAKER }
02-20 20:41:11.468  1763  1763 V MediaRouter: Selecting route: RouteInfo{ name=Phone, description=null, status=null, category=RouteCategory{ name=null types=ROUTE_TYPE_LIVE_AUDIO ROUTE_TYPE_LIVE_VIDEO  groupable=false }, supportedTypes=ROUTE_TYPE_LIVE_AUDIO ROUTE_TYPE_LIVE_VIDEO , presentationDisplay=null }
02-20 20:41:11.472  1757  1757 I LatinIME: Hardware accelerated drawing: true
02-20 20:41:11.481  1373  1373 I MediaPlayerService: MediaPlayerService::getOMX
02-20 20:41:11.481  1373  1373 I OMXClient: MuxOMX ctor
02-20 20:41:11.481  1370  1846 I OMXMaster: makeComponentInstance(OMX.google.aac.decoder) in mediacodec process
02-20 20:41:11.482  1675  1732 E wifi    : Can not initialize the vendor function pointer table
02-20 20:41:11.482  1675  1732 E WifiNative-HAL: Could not start hal
02-20 20:41:11.482  1675  1732 E WifiStateMachine: Failed to start HAL
02-20 20:41:11.497  1373  1373 I MediaPlayerService: MediaPlayerService::getOMX
02-20 20:41:11.497  1373  1373 I OMXClient: MuxOMX ctor
02-20 20:41:11.497  1370  1387 I OMXMaster: makeComponentInstance(OMX.google.g711.alaw.decoder) in mediacodec process
02-20 20:41:11.526  1675  1789 D TelephonyRegistry: listen oscl: hasNotifySubscriptionInfoChangedOccurred==false no callback
02-20 20:41:11.549  1373  1373 I MediaPlayerService: MediaPlayerService::getOMX
02-20 20:41:11.549  1373  1373 I OMXClient: MuxOMX ctor
02-20 20:41:11.549  1370  1845 I OMXMaster: makeComponentInstance(OMX.google.g711.mlaw.decoder) in mediacodec process
02-20 20:41:11.556  1800  1800 I art     : System.exit called, status: 0
02-20 20:41:11.556  1800  1800 I AndroidRuntime: VM exiting with result code 0, cleanup skipped.
02-20 20:41:11.562  1267  1302 I fsck_msdos: ** Phase 2 - Check Cluster Chains
02-20 20:41:11.563  1267  1302 I fsck_msdos: ** Phase 3 - Checking Directories
02-20 20:41:11.563  1267  1302 I fsck_msdos: ** Phase 4 - Checking for Lost Files
02-20 20:41:11.564  1267  1302 I fsck_msdos: 27 files, 522176 free (261088 clusters)
02-20 20:41:11.565  1805  1805 I art     : System.exit called, status: 0
02-20 20:41:11.565  1805  1805 I AndroidRuntime: VM exiting with result code 0, cleanup skipped.
02-20 20:41:11.577  1267  1302 I Vold    : Filesystem check completed OK
02-20 20:41:11.578  1675  1724 D VoldConnector: RCV <- {656 public:253,64 /mnt/media_rw/1E12-0B12}
02-20 20:41:11.579  1675  1724 D VoldConnector: RCV <- {655 public:253,64 /storage/1E12-0B12}
02-20 20:41:11.573     0     0 D ieee80211 phy1: hw scan 2432 MHz
02-20 20:41:11.583     0     0 W FAT-fs (vde): Volume was not properly unmounted. Some data may be corrupt. Please run fsck.
02-20 20:41:11.593     0     0 D SELinux : initialized (dev vde, type vfat), uses genfs_contexts
02-20 20:41:11.596     0     0 D ieee80211 phy0: mac80211_hwsim_start
02-20 20:41:11.596     0     0 D ieee80211 phy0: mac80211_hwsim_add_interface (type=2 mac_addr=02:00:00:44:55:66)
02-20 20:41:11.596     0     0 D ieee80211 phy0: mac80211_hwsim_bss_info_changed(changed=0xe)
02-20 20:41:11.596     0     0 D ieee80211 phy0: ERP_CTS_PROT: 0
02-20 20:41:11.596     0     0 D ieee80211 phy0: ERP_PREAMBLE: 0
02-20 20:41:11.596     0     0 D ieee80211 phy0: ERP_SLOT: 0
02-20 20:41:11.596     0     0 D ieee80211 phy0: mac80211_hwsim_conf_tx (queue=0 txop=0 cw_min=15 cw_max=1023 aifs=2)
02-20 20:41:11.596     0     0 D ieee80211 phy0: mac80211_hwsim_conf_tx (queue=1 txop=0 cw_min=15 cw_max=1023 aifs=2)
02-20 20:41:11.596     0     0 D ieee80211 phy0: mac80211_hwsim_conf_tx (queue=2 txop=0 cw_min=15 cw_max=1023 aifs=2)
02-20 20:41:11.596     0     0 D ieee80211 phy0: mac80211_hwsim_conf_tx (queue=3 txop=0 cw_min=15 cw_max=1023 aifs=2)
02-20 20:41:11.596     0     0 D ieee80211 phy0: mac80211_hwsim_bss_info_changed(changed=0x2000)
02-20 20:41:11.596     0     0 D ieee80211 phy0: mac80211_hwsim_config (freq=0 idle=0 ps=0 smps=auto)
02-20 20:41:11.596     0     0 D ieee80211 phy0: mac80211_hwsim_configure_filter
02-20 20:41:11.596     0     0 D ieee80211 phy0: mac80211_hwsim_configure_filter
02-20 20:41:11.596     0     0 D ieee80211 phy0: mac80211_hwsim_configure_filter
02-20 20:41:11.596     0     0 I IPv6    : ADDRCONF(NETDEV_UP): wlan0: link is not ready
02-20 20:41:11.586  1675  1732 D WifiMonitor: startMonitoring(wlan0) with mConnected = false
02-20 20:41:11.589  1857  1857 I wpa_supplicant: Successfully initialized wpa_supplicant
02-20 20:41:11.594  1267  1302 V vold    : Waiting for FUSE to spin up...
02-20 20:41:11.596  1857  1857 I wpa_supplicant: rfkill: Cannot open RFKILL control device
02-20 20:41:11.598  1857  1857 I wpa_supplicant: nl80211: Could not re-add multicast membership for vendor events: -2 (No such file or directory)
02-20 20:41:11.616  1675  1675 D NetworkPolicy: setRestrictBackgroundUL(): false
02-20 20:41:11.617  1675  1675 W NetworkManagement: setDataSaverMode(): already false
02-20 20:41:11.626  1373  1373 I MediaPlayerService: MediaPlayerService::getOMX
02-20 20:41:11.626  1373  1373 I OMXClient: MuxOMX ctor
02-20 20:41:11.626  1370  1387 I OMXMaster: makeComponentInstance(OMX.google.vorbis.decoder) in mediacodec process
02-20 20:41:11.633  1867  1867 W sdcard  : Device explicitly disabled sdcardfs
02-20 20:41:11.643  1757  1757 W InputAttributes: No editor info for this field. Bug?
02-20 20:41:11.645  1267  1302 V vold    : Waiting for FUSE to spin up...
02-20 20:41:11.649  1763  1875 E WVMExtractor: Failed to open libwvm.so: dlopen failed: library "libwvm.so" not found
02-20 20:41:11.651  1857  1857 E wpa_supplicant: global ctrl interface @android:wpa_wlan0 matches ctrl interface wlan0 - do not open per-interface ctrl interface
02-20 20:41:11.663  1373  1373 I MediaPlayerService: MediaPlayerService::getOMX
02-20 20:41:11.663  1373  1373 I OMXClient: MuxOMX ctor
02-20 20:41:11.663  1370  1387 I OMXMaster: makeComponentInstance(OMX.google.opus.decoder) in mediacodec process
02-20 20:41:11.649     0     0 D SELinux : initialized (dev fuse, type fuse), uses genfs_contexts
02-20 20:41:11.649     0     0 D SELinux : initialized (dev fuse, type fuse), uses genfs_contexts
02-20 20:41:11.676     0     0 D SELinux : initialized (dev fuse, type fuse), uses genfs_contexts
02-20 20:41:11.691     0     0 D ieee80211 phy1: hw scan 2437 MHz
02-20 20:41:11.676  1757  1883 I LatinIME:LogUtils: Dictionary info: dictionary = userunigram.en_US ; version = 1519159271 ; date = ?
02-20 20:41:11.677  1675  1732 D WifiConfigManager: Loading config and enabling all networks 
02-20 20:41:11.692  1675  1732 W WifiNetworkHistory: Upgrading network 0 to android.uid.system:1000
02-20 20:41:11.692  1675  1732 D WifiConfigManager: loaded 0 passpoint configs
02-20 20:41:11.692  1675  1732 E IpConfigStore: Error parsing configuration: java.io.FileNotFoundException: /data/misc/wifi/ipconfig.txt (No such file or directory)
02-20 20:41:11.701  1373  1373 I MediaPlayerService: MediaPlayerService::getOMX
02-20 20:41:11.701  1373  1373 I OMXClient: MuxOMX ctor
02-20 20:41:11.701  1370  1845 I OMXMaster: makeComponentInstance(OMX.google.raw.decoder) in mediacodec process
02-20 20:41:11.703  1675  1724 D VoldConnector: RCV <- {651 public:253,64 2}
02-20 20:41:11.703  1675  1724 D VoldConnector: RCV <- {200 6 Command succeeded}
02-20 20:41:11.703  1675  1723 E VoldConnector: NDC Command {6 volume mount public:253,64 2 0} took too long (516ms)
02-20 20:41:11.715  1373  1373 I MediaPlayerService: MediaPlayerService::getOMX
02-20 20:41:11.715  1373  1373 I OMXClient: MuxOMX ctor
02-20 20:41:11.715  1370  1845 I OMXMaster: makeComponentInstance(OMX.google.aac.encoder) in mediacodec process
02-20 20:41:11.715  1675  1732 D WifiNative-HAL: Setting external_sim to 1
02-20 20:41:11.715  1675  1732 D WifiStateMachine: Setting OUI to DA-A1-19
02-20 20:41:11.717  1675  1732 I WifiConnectivityManager: PNO settings: min5GHzRssi -82 min24GHzRssi -85 currentConnectionBonus 16 sameNetworkBonus 24 secureNetworkBonus 80 initialScoreMax 100
02-20 20:41:11.717  1675  1732 I WifiConnectivityManager: ConnectivityScanManager initialized and disabled
02-20 20:41:11.717  1675  1732 I WifiConnectivityManager: setUntrustedConnectionAllowed: allowed=false
02-20 20:41:11.717  1675  1732 E WifiLogger: no ring buffers found
02-20 20:41:11.717  1675  1732 E WifiLogger: Failed to start packet fate monitoring
02-20 20:41:11.723  1373  1373 I MediaPlayerService: MediaPlayerService::getOMX
02-20 20:41:11.723  1373  1373 I OMXClient: MuxOMX ctor
02-20 20:41:11.723  1370  1846 I OMXMaster: makeComponentInstance(OMX.google.amrnb.encoder) in mediacodec process
02-20 20:41:11.726  1675  1732 I WifiConnectivityManager: Set WiFi enabled
02-20 20:41:11.727  1675  1732 I WifiConnectivityManager: scheduleWatchdogTimer
02-20 20:41:11.727  1675  1732 D WifiNative-HAL: Failing getSupportedFeatureset because HAL isn't started
02-20 20:41:11.727  1675  1694 E BatteryStatsService: no controller energy info supplied
02-20 20:41:11.728  1675  1694 E KernelCpuSpeedReader: Failed to read cpu-freq: /sys/devices/system/cpu/cpu0/cpufreq/stats/time_in_state (No such file or directory)
02-20 20:41:11.728  1675  1694 E KernelUidCpuTimeReader: Failed to read uid_cputime: /proc/uid_cputime/show_uid_stat (No such file or directory)
02-20 20:41:11.728  1675  1732 D WifiNative-HAL: Failing getSupportedFeatureset because HAL isn't started
02-20 20:41:11.729  1675  1694 E BatteryStatsService: no controller energy info supplied
02-20 20:41:11.729  1675  1694 E KernelCpuSpeedReader: Failed to read cpu-freq: /sys/devices/system/cpu/cpu0/cpufreq/stats/time_in_state (No such file or directory)
02-20 20:41:11.729  1675  1694 E KernelUidCpuTimeReader: Failed to read uid_cputime: /proc/uid_cputime/show_uid_stat (No such file or directory)
02-20 20:41:11.736  1373  1373 I MediaPlayerService: MediaPlayerService::getOMX
02-20 20:41:11.737  1373  1373 I OMXClient: MuxOMX ctor
02-20 20:41:11.737  1370  1846 I OMXMaster: makeComponentInstance(OMX.google.amrwb.encoder) in mediacodec process
02-20 20:41:11.749  1373  1373 I MediaPlayerService: MediaPlayerService::getOMX
02-20 20:41:11.749  1373  1373 I OMXClient: MuxOMX ctor
02-20 20:41:11.749  1370  1846 I OMXMaster: makeComponentInstance(OMX.google.flac.encoder) in mediacodec process
02-20 20:41:11.780  1757  1883 E ActivityThread: Failed to find provider info for user_dictionary
02-20 20:41:11.781  1757  1883 I LatinIME:LogUtils: Dictionary info: dictionary = UserHistoryDictionary.en_US ; version = 1519159271 ; date = ?
02-20 20:41:11.788  1675  1675 I SystemServiceManager: Starting phase 600
02-20 20:41:11.794  1675  1675 D SensorNotificationService: Cannot obtain dynamic meta sensor, not supported.
02-20 20:41:11.795  1675  1675 D TelephonyRegistry: listen oscl: hasNotifySubscriptionInfoChangedOccurred==false no callback
02-20 20:41:11.803  1373  1373 I MediaPlayerService: MediaPlayerService::getOMX
02-20 20:41:11.803  1373  1373 I OMXClient: MuxOMX ctor
02-20 20:41:11.803  1370  1370 I OMXMaster: makeComponentInstance(OMX.google.gsm.decoder) in mediacodec process
02-20 20:41:11.812  1675  1675 I GnssLocationProvider: WakeLock acquired by sendMessage(13, 0, null)
02-20 20:41:11.814  1675  1690 W GnssLocationProvider: Could not open GPS configuration file /etc/gps.conf
02-20 20:41:11.814  1675  1690 E GnssLocationProvider: no AGPS interface in set_agps_server
02-20 20:41:11.814  1675  1675 W LocationProviderProxy-network: Odd, no component found for service com.android.location.service.v3.NetworkLocationProvider
02-20 20:41:11.816  1675  1675 W GeocoderProxy: Odd, no component found for service com.android.location.service.GeocodeProvider
02-20 20:41:11.817  1763  1763 I vol.Events: writeEvent collection_started
02-20 20:41:11.817  1675  1675 E FlpHardwareProvider: Error hw_get_module 'flp': -2
02-20 20:41:11.817  1675  1675 D LocationManagerService: FLP HAL not supported
02-20 20:41:11.817  1675  1675 W GeofenceProxy: Odd, no component found for service com.android.location.service.GeofenceProvider
02-20 20:41:11.818  1675  1675 E ActivityRecognitionHardware: Error hw_get_module: -2
02-20 20:41:11.818  1675  1675 D LocationManagerService: Hardware Activity-Recognition not supported.
02-20 20:41:11.818  1675  1675 W ActivityRecognitionProxy: Odd, no component found for service com.android.location.service.ActivityRecognitionProvider
02-20 20:41:11.818  1675  1675 I GnssLocationProvider: WakeLock acquired by sendMessage(2, 1, null)
02-20 20:41:11.824  1675  1675 I CommonTimeManagementService: No common time service detected on this platform.  Common time services will be unavailable.
02-20 20:41:11.829  1675  1721 I InputReader: Reconfiguring input devices.  changes=0x00000020
02-20 20:41:11.829  1675  1721 I InputReader: Reconfiguring input devices.  changes=0x00000010
02-20 20:41:11.829  1675  1675 D TelephonyRegistry: systemRunning register for intents
02-20 20:41:11.830  1763  1909 I sysui_action: [213,2]
02-20 20:41:11.830  1763  1909 I vol.Events: writeEvent external_ringer_mode_changed normal
02-20 20:41:11.830  1763  1909 I vol.Events: writeEvent internal_ringer_mode_changed normal
02-20 20:41:11.831  1675  1690 D TelephonyRegistry: listen oscl: hasNotifySubscriptionInfoChangedOccurred==false no callback
02-20 20:41:11.811     0     0 D ieee80211 phy1: hw scan 2442 MHz
02-20 20:41:11.832  1675  1675 I MmsServiceBroker: Delay connecting to MmsService until an API is called
02-20 20:41:11.832  1373  1373 I MediaPlayerService: MediaPlayerService::getOMX
02-20 20:41:11.832  1373  1373 I OMXClient: MuxOMX ctor
02-20 20:41:11.832  1370  1370 I OMXMaster: makeComponentInstance(OMX.google.mpeg4.decoder) in mediacodec process
02-20 20:41:11.839  1675  1690 I GnssLocationProvider: WakeLock released by handleMessage(13, 0, null)
02-20 20:41:11.839  1675  1690 E GnssLocationProvider: no AGPS interface in set_agps_server
02-20 20:41:11.839  1675  1690 I GnssLocationProvider: WakeLock released by handleMessage(2, 1, null)
02-20 20:41:11.856  1675  1675 I am_proc_start: [0,1914,1001,com.android.phone,added application,com.android.phone]
02-20 20:41:11.856  1675  1675 I ActivityManager: Start proc 1914:com.android.phone/1001 for added application com.android.phone
02-20 20:41:11.857  1675  1675 I ActivityManager: START u0 {act=android.intent.action.MAIN cat=[android.intent.category.HOME] flg=0x10000100 cmp=com.android.settings/.FallbackHome} from uid 0 on display 0
02-20 20:41:11.857  1675  1675 W System  : ClassLoader referenced unknown path: 
02-20 20:41:11.857  1675  1675 W System  : ClassLoader referenced unknown path: /system/priv-app/Settings/lib/x86_64
02-20 20:41:11.858  1675  1675 D ApplicationLoaders: ignored Vulkan layer search path /system/priv-app/Settings/lib/x86_64:/system/priv-app/Settings/Settings.apk!/lib/x86_64:/system/lib64:/vendor/lib64 for namespace 0x744a52628160
02-20 20:41:11.858  1370  1846 E OMXNodeInstance: getExtensionIndex(55a000f:google.mpeg4.decoder, OMX.google.android.index.configureVideoTunnelMode) ERROR: UnsupportedIndex(0x8000101a)
02-20 20:41:11.858  1370  1845 W OMXNodeInstance: [55a000f:google.mpeg4.decoder] component does not support metadata mode; using fallback
02-20 20:41:11.859  1373  1373 I MediaPlayerService: MediaPlayerService::getOMX
02-20 20:41:11.859  1373  1373 I OMXClient: MuxOMX ctor
02-20 20:41:11.859  1370  1387 I OMXMaster: makeComponentInstance(OMX.google.h263.decoder) in mediacodec process
02-20 20:41:11.865  1675  1675 I ActivityManager: Loaded persisted task ids for user 0
02-20 20:41:11.866  1675  1675 I am_create_task: [0,1]
02-20 20:41:11.866  1675  1675 I am_create_activity: [0,3695685,1,com.android.settings/.FallbackHome,android.intent.action.MAIN,NULL,NULL,276824320]
02-20 20:41:11.866  1675  1675 I wm_task_created: [1,0]
02-20 20:41:11.866  1675  1675 I wm_task_moved: [1,1,0]
02-20 20:41:11.866  1675  1675 I wm_task_moved: [1,1,0]
02-20 20:41:11.867  1675  1675 I am_focused_activity: [0,com.android.settings/.FallbackHome,startedActivity]
02-20 20:41:11.873  1914  1914 W art     : Unexpected CPU variant for X86 using defaults: x86_64
02-20 20:41:11.876  1370  1845 E OMXNodeInstance: getExtensionIndex(55a0010:google.h263.decoder, OMX.google.android.index.configureVideoTunnelMode) ERROR: UnsupportedIndex(0x8000101a)
02-20 20:41:11.876  1370  1370 W OMXNodeInstance: [55a0010:google.h263.decoder] component does not support metadata mode; using fallback
02-20 20:41:11.878  1922  1922 W art     : Unexpected CPU variant for X86 using defaults: x86_64
02-20 20:41:11.878  1675  1675 I am_proc_start: [0,1922,1000,com.android.settings,activity,com.android.settings/.FallbackHome]
02-20 20:41:11.878  1675  1675 I ActivityManager: Start proc 1922:com.android.settings/1000 for activity com.android.settings/.FallbackHome
02-20 20:41:11.883  1675  1692 W WindowManager: Keyguard drawn timeout. Setting mKeyguardDrawComplete
02-20 20:41:11.883  1675  1675 I SystemServer: Enabled StrictMode for system server main thread.
02-20 20:41:11.893  1675  1675 D ConditionProviders.SCP: onConnected
02-20 20:41:11.893  1675  1675 D ZenLog  : set_zen_mode: off,readXml
02-20 20:41:11.930     0     0 D ieee80211 phy1: hw scan 2447 MHz
02-20 20:41:12.051     0     0 D ieee80211 phy1: hw scan 2452 MHz
02-20 20:41:11.897  1675  1675 D ConditionProviders: Subscribing to condition://android/schedule?days=6.7&start=23.30&end=10.0&exitAtAlarm=false with ComponentInfo{android/com.android.server.notification.ScheduleConditionProvider}
02-20 20:41:11.897  1675  1675 D ZenLog  : subscribe: condition://android/schedule?days=6.7&start=23.30&end=10.0&exitAtAlarm=false,ok
02-20 20:41:11.897  1675  1675 D ConditionProviders: Subscribing to condition://android/event?userId=-10000&calendar=&reply=1 with ComponentInfo{android/com.android.server.notification.EventConditionProvider}
02-20 20:41:11.897  1675  1675 D ZenLog  : subscribe: condition://android/event?userId=-10000&calendar=&reply=1,ok
02-20 20:41:11.897  1675  1675 D ConditionProviders: Subscribing to condition://android/schedule?days=1.2.3.4.5&start=22.0&end=7.0&exitAtAlarm=false with ComponentInfo{android/com.android.server.notification.ScheduleConditionProvider}
02-20 20:41:11.897  1675  1675 D ZenLog  : subscribe: condition://android/schedule?days=1.2.3.4.5&start=22.0&end=7.0&exitAtAlarm=false,ok
02-20 20:41:11.908  1675  1690 W LocationProviderProxy-network: Odd, no component found for service com.android.location.service.v3.NetworkLocationProvider
02-20 20:41:11.912  1373  1373 I MediaPlayerService: MediaPlayerService::getOMX
02-20 20:41:11.912  1373  1373 I OMXClient: MuxOMX ctor
02-20 20:41:11.912  1370  1846 I OMXMaster: makeComponentInstance(OMX.google.h264.decoder) in mediacodec process
02-20 20:41:11.928  1675  1689 I am_proc_bound: [0,1922,com.android.settings]
02-20 20:41:11.935  1675  1675 D RttService: SCAN_AVAILABLE : 1
02-20 20:41:11.935  1675  1675 D ZenLog  : set_zen_mode: off,cleanUpZenRules
02-20 20:41:11.939  1675  1734 I WifiScanningService: wifi driver unloaded
02-20 20:41:11.939  1675  1735 D RttService: DefaultState got{ when=-4ms what=160513 target=com.android.internal.util.StateMachine$SmHandler }
02-20 20:41:11.944  1675  1689 I am_restart_activity: [0,3695685,1,com.android.settings/.FallbackHome]
02-20 20:41:11.945  1675  1787 I am_proc_bound: [0,1914,com.android.phone]
02-20 20:41:11.970  1922  1922 W System  : ClassLoader referenced unknown path: /system/priv-app/Settings/lib/x86_64
02-20 20:41:11.982  1675  1675 W System  : ClassLoader referenced unknown path: /system/priv-app/Telecom/lib/x86_64
02-20 20:41:11.983  1675  1675 D ApplicationLoaders: ignored Vulkan layer search path /system/priv-app/Telecom/lib/x86_64:/system/priv-app/Telecom/Telecom.apk!/lib/x86_64:/system/lib64:/vendor/lib64 for namespace 0x744a526281d0
02-20 20:41:11.988  1914  1914 W System  : ClassLoader referenced unknown path: /system/priv-app/TeleService/lib/x86_64
02-20 20:41:12.035  1675  1787 I stream_devices_changed: [0,0,2]
02-20 20:41:12.036  1675  1787 I stream_devices_changed: [2,0,2]
02-20 20:41:12.036  1675  1787 I stream_devices_changed: [3,0,2]
02-20 20:41:12.036  1675  1787 I stream_devices_changed: [6,0,2]
02-20 20:41:12.038  1675  1787 I stream_devices_changed: [4,0,2]
02-20 20:41:12.038  1763  1909 I vol.Events: writeEvent level_changed STREAM_ALARM 6
02-20 20:41:12.039  1675  1675 E BluetoothAdapter: Bluetooth binder is null
02-20 20:41:12.055  1763  1909 I vol.Events: writeEvent level_changed STREAM_BLUETOOTH_SCO 7
02-20 20:41:12.056  1763  1909 I vol.Events: writeEvent level_changed STREAM_MUSIC 11
02-20 20:41:12.061  1763  1909 I vol.Events: writeEvent level_changed STREAM_RING 5
02-20 20:41:12.062  1763  1909 I vol.Events: writeEvent level_changed STREAM_SYSTEM 5
02-20 20:41:12.067  1763  1909 I vol.Events: writeEvent level_changed STREAM_VOICE_CALL 4
02-20 20:41:12.071  1675  1675 I Telecom : SystemStateProvider: Registering car mode receiver: android.content.IntentFilter@b58191c: TS.init@AAA
02-20 20:41:12.086  1914  1914 W System  : ClassLoader referenced unknown path: /system/priv-app/TelephonyProvider/lib/x86_64
02-20 20:41:12.087  1914  1914 D ApplicationLoaders: ignored Vulkan layer search path /system/priv-app/TelephonyProvider/lib/x86_64:/system/lib64:/vendor/lib64 for namespace 0x744a525bd0f0
02-20 20:41:12.119  1757  1883 I LatinIME:LogUtils: Dictionary info: dictionary = main:en ; version = 54 ; date = 1414726273
02-20 20:41:12.119  1922  1922 I am_on_resume_called: [0,com.android.settings.FallbackHome,LAUNCH_ACTIVITY]
02-20 20:41:12.122  1373  1373 W ACodec  : [OMX.google.h264.decoder] stopping checking profiles after 32: 2/8000
02-20 20:41:12.122  1370  1370 E OMXNodeInstance: getExtensionIndex(55a0011:google.h264.decoder, OMX.google.android.index.configureVideoTunnelMode) ERROR: UnsupportedIndex(0x8000101a)
02-20 20:41:12.122  1370  1846 W OMXNodeInstance: [55a0011:google.h264.decoder] component does not support metadata mode; using fallback
02-20 20:41:12.123  1373  1373 I MediaPlayerService: MediaPlayerService::getOMX
02-20 20:41:12.123  1373  1373 I OMXClient: MuxOMX ctor
02-20 20:41:12.123  1370  1846 I OMXMaster: makeComponentInstance(OMX.google.hevc.decoder) in mediacodec process
02-20 20:41:12.123  1675  1959 I Telecom : Telecom: Non-call EVENT: AUDIO_ROUTE, Entering state QuiescentEarpieceRoute
02-20 20:41:12.128  1675  1961 I Telecom : CallAudioModeStateMachine: Message received: null.: TS.init->CAMSM.pM_1@AAA_0
02-20 20:41:12.132  1313  1327 E SurfaceFlinger: ro.sf.lcd_density must be defined as a build property
02-20 20:41:12.132  1313  1325 E SurfaceFlinger: ro.sf.lcd_density must be defined as a build property
02-20 20:41:12.138  1922  1922 D         : HostConnection::get() New Host Connection established 0x744a439f8ca0, tid 1922
02-20 20:41:12.141  1675  1690 W GeocoderProxy: Odd, no component found for service com.android.location.service.GeocodeProvider
02-20 20:41:12.142  1763  1763 D         : HostConnection::get() New Host Connection established 0x744a33448600, tid 1763
02-20 20:41:12.142  1675  1690 W GeofenceProxy: Odd, no component found for service com.android.location.service.GeofenceProvider
02-20 20:41:12.142  1675  1690 W ActivityRecognitionProxy: Odd, no component found for service com.android.location.service.ActivityRecognitionProvider
02-20 20:41:12.144  1675  1675 E BluetoothAdapter: Bluetooth binder is null
02-20 20:41:12.145  1914  1914 D TelephonyProvider: dbh.onOpen: ok, queried table=siminfo
02-20 20:41:12.146  1914  1914 D TelephonyProvider: dbh.onOpen: ok, queried table=carriers
02-20 20:41:12.148  1675  1964 E ActivityThread: Failed to find provider info for call_log
02-20 20:41:12.149  1675  1675 I Telecom : Class: TelecomSystem.INSTANCE being set
02-20 20:41:12.149  1675  1675 E BluetoothAdapter: Bluetooth binder is null
02-20 20:41:12.150  1675  1675 W ContextImpl: Calling a method in the system process without a qualified user: android.app.ContextImpl.startService:1357 com.android.server.content.SyncManager$13.run:658 android.os.Handler.handleCallback:751 android.os.Handler.dispatchMessage:95 android.os.Looper.loop:154 
02-20 20:41:12.157  1370  1387 E OMXNodeInstance: getExtensionIndex(55a0012:google.hevc.decoder, OMX.google.android.index.configureVideoTunnelMode) ERROR: UnsupportedIndex(0x8000101a)
02-20 20:41:12.157  1370  1845 W OMXNodeInstance: [55a0012:google.hevc.decoder] component does not support metadata mode; using fallback
02-20 20:41:12.160  1675  1675 D RttService: SCAN_AVAILABLE : 3
02-20 20:41:12.160  1675  1735 D RttService: DefaultState got{ when=0 what=160512 target=com.android.internal.util.StateMachine$SmHandler }
02-20 20:41:12.163  1373  1373 I MediaPlayerService: MediaPlayerService::getOMX
02-20 20:41:12.163  1373  1373 I OMXClient: MuxOMX ctor
02-20 20:41:12.163  1370  1370 I OMXMaster: makeComponentInstance(OMX.google.vp8.decoder) in mediacodec process
02-20 20:41:12.166  1675  1734 I WifiScanningService: wifi driver loaded with scan capabilities: max buckets=16
02-20 20:41:12.174     0     0 D ieee80211 phy1: hw scan 2457 MHz
02-20 20:41:12.211  1675  1675 W System  : ClassLoader referenced unknown path: /system/priv-app/FusedLocation/lib/x86_64
02-20 20:41:12.211  1675  1675 D ApplicationLoaders: ignored Vulkan layer search path /system/priv-app/FusedLocation/lib/x86_64:/system/priv-app/FusedLocation/FusedLocation.apk!/lib/x86_64:/system/lib64:/vendor/lib64 for namespace 0x744a52628240
02-20 20:41:12.215  1675  1675 D GpsNetInitiatedHandler: location enabled :true
02-20 20:41:12.215  1675  1675 V WiredAccessoryManager: notifyWiredAccessoryChanged: when=0 bits= mask=54
02-20 20:41:12.215  1675  1675 V WiredAccessoryManager: newName=h2w newState=0 headsetState=0 prev headsetState=0
02-20 20:41:12.215  1675  1675 E WiredAccessoryManager: No state change.
02-20 20:41:12.215  1675  1675 V WiredAccessoryManager: init()
02-20 20:41:12.215  1914  1914 D TDC     : updateOrInsert: inserting: Modem { uuid=modem, state=0, rilModel=0, rat={}, maxActiveVoiceCall=1, maxActiveDataCall=1, maxStandby=1 }
02-20 20:41:12.215  1914  1914 D TDC     : updateOrInsert: inserting: Sim { uuid=sim, modemUuid=modem, state=0 }
02-20 20:41:12.221  1370  1846 E OMXNodeInstance: getExtensionIndex(55a0013:google.vp8.decoder, OMX.google.android.index.configureVideoTunnelMode) ERROR: UnsupportedIndex(0x8000101a)
02-20 20:41:12.221  1370  1387 W OMXNodeInstance: [55a0013:google.vp8.decoder] component does not support metadata mode; using fallback
02-20 20:41:12.227  1373  1373 I MediaPlayerService: MediaPlayerService::getOMX
02-20 20:41:12.227  1373  1373 I OMXClient: MuxOMX ctor
02-20 20:41:12.227  1370  1845 I OMXMaster: makeComponentInstance(OMX.google.vp9.decoder) in mediacodec process
02-20 20:41:12.236  1914  1914 D CdmaSSM : subscriptionSource from settings: 0
02-20 20:41:12.236  1914  1914 I PhoneFactory: Cdma Subscription set to 0
02-20 20:41:12.248  1914  1914 I PhoneFactory: Network Mode set to 0
02-20 20:41:12.254  1914  1914 D RILJ    : RIL(context, preferredNetworkType=0 cdmaSubscription=0)
02-20 20:41:12.256  1914  1914 D RILJ    : Starting RILReceiver0 [SUB0]
02-20 20:41:12.269  1375  1507 I RILC    : libril: new connection to RIL_SOCKET_1
02-20 20:41:12.269  1375  1507 I RILC    : RIL Daemon version: android reference-ril 1.0
02-20 20:41:12.270  1914  1914 D RILJ    : [3648]> GET_HARDWARE_CONFIG [SUB0]
02-20 20:41:12.270  1914  1914 D RilRequest: [3648]< GET_HARDWARE_CONFIG error: com.android.internal.telephony.CommandException: RADIO_NOT_AVAILABLE ret=
02-20 20:41:12.270  1914  1914 I PhoneFactory: Creating SubscriptionController
02-20 20:41:12.270  1914  1984 I RILJ    : (0) Connected to 'rild' socket
02-20 20:41:12.271  1914  1914 D SubscriptionController: [SubscriptionController] init by Context
02-20 20:41:12.272  1914  1984 D RILJ    : [UNSL]< UNSOL_RIL_CONNECTED {12} [SUB0]
02-20 20:41:12.272  1914  1984 D RILJ    : [3649]> RADIO_POWER off [SUB0]
02-20 20:41:12.273  1914  1984 D RILJ    : [3650]> RIL_REQUEST_CDMA_SET_SUBSCRIPTION_SOURCE : 0 [SUB0]
02-20 20:41:12.273  1375  1507 D RIL     : onRequest: RADIO_POWER
02-20 20:41:12.273  1914  1984 D RILJ    : setCellInfoListRate: 2147483647 [SUB0]
02-20 20:41:12.273  1375  1507 D RIL     : onRequest: CDMA_SET_SUBSCRIPTION_SOURCE
02-20 20:41:12.273  1914  1984 D RILJ    : [3651]> RIL_REQUEST_SET_CELL_INFO_LIST_RATE [SUB0]
02-20 20:41:12.274  1375  1507 D RIL     : onRequest: SET_UNSOL_CELL_INFO_LIST_RATE
02-20 20:41:12.274  1914  1984 D RILJ    : [UNSL]< UNSOL_RESPONSE_RADIO_STATE_CHANGED RADIO_OFF [SUB0]
02-20 20:41:12.274  1914  1984 D RILJ    : [3652]> SCREEN_STATE: true [SUB0]
02-20 20:41:12.275  1375  1507 D RIL     : onRequest: SCREEN_STATE
02-20 20:41:12.275  1914  1984 D RILJ    : [UNSL]< UNSOL_NITZ_TIME_RECEIVED 18/02/20:20:41:07+0:0:Unknown!Unknown [SUB0]
02-20 20:41:12.275  1914  1984 D RILJ    : [3649]< RADIO_POWER  [SUB0]
02-20 20:41:12.275  1914  1914 D UiccController: Creating UiccController
02-20 20:41:12.275  1370  1387 E OMXNodeInstance: getExtensionIndex(55a0014:google.vp9.decoder, OMX.google.android.index.configureVideoTunnelMode) ERROR: UnsupportedIndex(0x8000101a)
02-20 20:41:12.276  1370  1370 W OMXNodeInstance: [55a0014:google.vp9.decoder] component does not support metadata mode; using fallback
02-20 20:41:12.277  1914  1914 D TelephonyTester: register for intent action=com.android.internal.telephony.action_detached
02-20 20:41:12.277  1914  1914 D TelephonyTester: register for intent action=com.android.internal.telephony.action_attached
02-20 20:41:12.281  1914  1984 D RilRequest: [3650]< RIL_REQUEST_CDMA_SET_SUBSCRIPTION_SOURCE error: com.android.internal.telephony.CommandException: RADIO_NOT_AVAILABLE ret=
02-20 20:41:12.281  1922  1965 D         : HostConnection::get() New Host Connection established 0x744a439f8d60, tid 1965
02-20 20:41:12.281  1914  1984 D RilRequest: [3651]< RIL_REQUEST_SET_CELL_INFO_LIST_RATE error: com.android.internal.telephony.CommandException: RADIO_NOT_AVAILABLE ret=
02-20 20:41:12.282  1914  1984 D RilRequest: [3652]< SCREEN_STATE error: com.android.internal.telephony.CommandException: RADIO_NOT_AVAILABLE ret=
02-20 20:41:12.289  1373  1373 I MediaPlayerService: MediaPlayerService::getOMX
02-20 20:41:12.289  1373  1373 I OMXClient: MuxOMX ctor
02-20 20:41:12.289  1370  1846 I OMXMaster: makeComponentInstance(OMX.google.h263.encoder) in mediacodec process
02-20 20:41:12.289  1914  1914 D Phone   : mDoesRilSendMultipleCallRing=true
02-20 20:41:12.289  1914  1914 D Phone   : mCallRingDelay=3000
02-20 20:41:12.290  1922  1965 I OpenGLRenderer: Initialized EGL, version 1.4
02-20 20:41:12.290  1922  1965 D OpenGLRenderer: Swap behavior 1
02-20 20:41:12.290     0     0 D ieee80211 phy1: hw scan 2462 MHz
02-20 20:41:12.294  1914  1914 D RILJ    : [3653]> RIL_REQUEST_START_LCE [SUB0]
02-20 20:41:12.298  1375  1507 D RIL     : onRequest: <unknown request>
02-20 20:41:12.305  1914  1984 D RilRequest: [3653]< RIL_REQUEST_START_LCE error: com.android.internal.telephony.CommandException: RADIO_NOT_AVAILABLE ret=
02-20 20:41:12.314  1763  1763 D StorageNotification: Notifying about private volume: VolumeInfo{private}:
02-20 20:41:12.314  1763  1763 D StorageNotification:     type=PRIVATE diskId=null partGuid=null mountFlags=0 mountUserId=-1 
02-20 20:41:12.314  1763  1763 D StorageNotification:     state=MOUNTED 
02-20 20:41:12.314  1763  1763 D StorageNotification:     fsType=null fsUuid=null fsLabel=null 
02-20 20:41:12.314  1763  1763 D StorageNotification:     path=/data internalPath=null 
02-20 20:41:12.314  1763  1763 D StorageNotification: Notifying about public volume: VolumeInfo{public:253,64}:
02-20 20:41:12.314  1763  1763 D StorageNotification:     type=PUBLIC diskId=disk:253,64 partGuid=null mountFlags=VISIBLE 
02-20 20:41:12.314  1763  1763 D StorageNotification:     mountUserId=0 state=MOUNTED 
02-20 20:41:12.314  1763  1763 D StorageNotification:     fsType=vfat fsUuid=1E12-0B12 fsLabel=SDCARD 
02-20 20:41:12.314  1763  1763 D StorageNotification:     path=/storage/1E12-0B12 internalPath=/mnt/media_rw/1E12-0B12 
02-20 20:41:12.316  1370  1846 I SoftMPEG4Encoder: Construct SoftMPEG4Encoder
02-20 20:41:12.317  1373  1373 W ACodec  : do not know color format 0x7f000789 = 2130708361
02-20 20:41:12.317  1370  1387 E OMXNodeInstance: getConfig(55a0015:google.h263.encoder, ConfigAndroidIntraRefresh(0x6f60000a)) ERROR: Undefined(0x80001001)
02-20 20:41:12.318  1922  1965 D EGL_emulation: eglCreateContext: 0x744a43979200: maj 3 min 0 rcv 3
02-20 20:41:12.318  1373  1373 I MediaPlayerService: MediaPlayerService::getOMX
02-20 20:41:12.318  1373  1373 I OMXClient: MuxOMX ctor
02-20 20:41:12.318  1370  1387 I OMXMaster: makeComponentInstance(OMX.google.h264.encoder) in mediacodec process
02-20 20:41:12.338  1914  1914 E RIL_ImsSms: getFormat should never be called from here!
02-20 20:41:12.338  1914  1914 D SMSDispatcher: SMSDispatcher: ctor mSmsCapable=true format=unknown mSmsSendDisabled=false
02-20 20:41:12.338  1914  1914 D RIL_ImsSms: ImsSMSDispatcher created
02-20 20:41:12.338  1914  1914 D SMSDispatcher: SMSDispatcher: ctor mSmsCapable=true format=3gpp2 mSmsSendDisabled=false
02-20 20:41:12.338  1914  1914 D CdmaSMSDispatcher: CdmaSMSDispatcher created
02-20 20:41:12.346  1373  1373 W ACodec  : do not know color format 0x7f000789 = 2130708361
02-20 20:41:12.350  1914  1914 D GsmInboundSmsHandler: created InboundSmsHandler
02-20 20:41:12.354  1914  1914 D CdmaInboundSmsHandler: created InboundSmsHandler
02-20 20:41:12.356  1914  1914 D SMSDispatcher: SMSDispatcher: ctor mSmsCapable=true format=3gpp mSmsSendDisabled=false
02-20 20:41:12.356  1914  1914 D GsmSMSDispatcher: GsmSMSDispatcher created
02-20 20:41:12.358  1914  1998 D GsmInboundSmsHandler: StartupState.processMessage:6
02-20 20:41:12.358  1914  1998 D GsmInboundSmsHandler: entering Idle state
02-20 20:41:12.359  1373  1373 I MediaPlayerService: MediaPlayerService::getOMX
02-20 20:41:12.359  1373  1373 I OMXClient: MuxOMX ctor
02-20 20:41:12.359  1370  1845 I OMXMaster: makeComponentInstance(OMX.google.mpeg4.encoder) in mediacodec process
02-20 20:41:12.360  1914  1914 D IccCardProxy: ctor: ci=com.android.internal.telephony.RIL@d58157 phoneId=0
02-20 20:41:12.360  1914  1914 D CdmaSSM : subscriptionSource from settings: 0
02-20 20:41:12.360  1914  1914 D CdmaSSM : cdmaSSM constructor: 0
02-20 20:41:12.360  1914  1914 D IccCardProxy: update icc_operator_numeric=
02-20 20:41:12.361  1914  1914 D TelephonyManager: setTelephonyProperty: success phoneId=0 property=gsm.sim.operator.numeric value:  propVal=
02-20 20:41:12.361  1914  1914 D TelephonyManager: setTelephonyProperty: success phoneId=0 property=gsm.sim.operator.iso-country value:  propVal=
02-20 20:41:12.361  1914  1914 D TelephonyManager: setTelephonyProperty: success phoneId=0 property=gsm.sim.operator.alpha value:  propVal=
02-20 20:41:12.361  1914  1914 E IccCardProxy: setExternalState: set mPhoneId=0 mExternalState=NOT_READY
02-20 20:41:12.361  1914  1914 D TelephonyManager: setTelephonyProperty: success phoneId=0 property=gsm.sim.state value: NOT_READY propVal=NOT_READY
02-20 20:41:12.361  1914  1914 D IccCardProxy: broadcastIccStateChangedIntent intent ACTION_SIM_STATE_CHANGED value=NOT_READY reason=null for mPhoneId=0
02-20 20:41:12.362  1914  1914 D RILJ    : setPhoneType=1 old value=0 [SUB0]
02-20 20:41:12.362  1914  1914 D TelephonyManager: setTelephonyProperty: success phoneId=0 property=gsm.current.phone-type value: 1 propVal=1
02-20 20:41:12.363  1914  1914 D IccCardProxy: Setting radio tech UMTS
02-20 20:41:12.363  1914  1914 D IccCardProxy: updateQuietMode: 3GPP subscription -> newQuietMode=false
02-20 20:41:12.363  1914  1914 D IccCardProxy: updateQuietMode: no changes don't setExternalState
02-20 20:41:12.363  1914  1914 D IccCardProxy: updateQuietMode: QuietMode is false (app_type=1 cdmaSource=-1)
02-20 20:41:12.365  1914  1914 W CarrierConfigManager: Error getting config for subId -1 ICarrierConfigLoader is null
02-20 20:41:12.365  1675  1787 D TelephonyRegistry: listen oscl: hasNotifySubscriptionInfoChangedOccurred==false no callback
02-20 20:41:12.367  1914  1914 D TelephonyManager: setTelephonyProperty: success phoneId=0 property=gsm.network.type value: Unknown propVal=Unknown
02-20 20:41:12.367  1914  1914 D RILJ    : [3654]> SIGNAL_STRENGTH [SUB0]
02-20 20:41:12.367  1914  2000 D CdmaInboundSmsHandler: StartupState.processMessage:6
02-20 20:41:12.367  1914  2000 D CdmaInboundSmsHandler: entering Idle state
02-20 20:41:12.367  1375  1507 D RIL     : onRequest: SIGNAL_STRENGTH
02-20 20:41:12.367  1914  1984 D RilRequest: [3654]< SIGNAL_STRENGTH error: com.android.internal.telephony.CommandException: RADIO_NOT_AVAILABLE ret=
02-20 20:41:12.367  1914  1914 D SST     : notifyDataRegStateRilRadioTechnologyChanged: drs=1 rat=0
02-20 20:41:12.368  1914  1914 D TelephonyManager: setTelephonyProperty: success phoneId=0 property=gsm.network.type value: Unknown propVal=Unknown
02-20 20:41:12.373  1914  1914 D DCT     : [0]DCT.constructor
02-20 20:41:12.383  1675  1688 D TelephonyRegistry: listen oscl: hasNotifySubscriptionInfoChangedOccurred==false no callback
02-20 20:41:12.390  1914  1914 D Dcc     : E ctor
02-20 20:41:12.390  1914  1914 D Dcc     : X ctor
02-20 20:41:12.390  1914  1914 D SubscriptionController: [getPhoneId] asked for default subId=-1
02-20 20:41:12.395  1914  1914 D DcTesterFailBrinupAll: register for intent action=com.android.internal.telephony.dataconnection.action_fail_bringup
02-20 20:41:12.395  1914  1914 D DcTesterFailBrinupAll: register for intent action=com.android.internal.telephony.action_detached
02-20 20:41:12.395  1914  1914 D DcTesterFailBrinupAll: register for intent action=com.android.internal.telephony.action_attached
02-20 20:41:12.395  1914  1914 D SST     : notifyDataRegStateRilRadioTechnologyChanged: drs=1 rat=0
02-20 20:41:12.395  1914  1914 D TelephonyManager: setTelephonyProperty: success phoneId=0 property=gsm.network.type value: Unknown propVal=Unknown
02-20 20:41:12.395  1914  1914 D DCT     : [0]update sub = -2
02-20 20:41:12.395  1914  1914 D DCT     : [0]update(): Active DDS, register for all events now!
02-20 20:41:12.399  1914  2003 D DcTesterDeacativateAll: register for intent action=com.android.internal.telephony.dataconnection.action_deactivate_all
02-20 20:41:12.399  1914  2003 D DcTesterDeacativateAll: register for intent action=com.android.internal.telephony.action_detached
02-20 20:41:12.399  1914  1914 D GsmCdmaPhone: [GsmCdmaPhone] updateCurrentCarrierInProvider: mSubId = -2 currentDds = 1 operatorNumeric = null
02-20 20:41:12.400  1675  1675 W VibratorService: Tried to stop vibrating but there is no vibrator device.
02-20 20:41:12.400  1914  2003 D Dcc     : DccDefaultState: msg.what=EVENT_RIL_CONNECTED mRilVersion=12
02-20 20:41:12.400  1914  1914 D DCT     : [0]initApnContexts: E
02-20 20:41:12.400  1914  1914 D DCT     : [0]initApnContexts: skipping unknown type=1
02-20 20:41:12.400  1914  1914 D DCT     : [0]initApnContexts: apnContext={mApnType=default mState=IDLE mWaitingApns={null} mApnSetting={null} mReason=dataEnabled mDataEnabled=false mDependencyMet=true}
02-20 20:41:12.400  1914  1914 D DCT     : [0]initApnContexts: apnContext={mApnType=mms mState=IDLE mWaitingApns={null} mApnSetting={null} mReason=dataEnabled mDataEnabled=false mDependencyMet=true}
02-20 20:41:12.400  1914  1914 D DCT     : [0]initApnContexts: apnContext={mApnType=supl mState=IDLE mWaitingApns={null} mApnSetting={null} mReason=dataEnabled mDataEnabled=false mDependencyMet=true}
02-20 20:41:12.400  1914  1914 D DCT     : [0]initApnContexts: apnContext={mApnType=hipri mState=IDLE mWaitingApns={null} mApnSetting={null} mReason=dataEnabled mDataEnabled=false mDependencyMet=true}
02-20 20:41:12.400  1914  1914 D DCT     : [0]initApnContexts: apnContext={mApnType=fota mState=IDLE mWaitingApns={null} mApnSetting={null} mReason=dataEnabled mDataEnabled=false mDependencyMet=true}
02-20 20:41:12.400  1914  1914 D DCT     : [0]initApnContexts: apnContext={mApnType=ims mState=IDLE mWaitingApns={null} mApnSetting={null} mReason=dataEnabled mDataEnabled=false mDependencyMet=true}
02-20 20:41:12.400  1914  1914 D DCT     : [0]initApnContexts: apnContext={mApnType=cbs mState=IDLE mWaitingApns={null} mApnSetting={null} mReason=dataEnabled mDataEnabled=false mDependencyMet=true}
02-20 20:41:12.400  1914  1914 D DCT     : [0]initApnContexts: skipping unknown type=13
02-20 20:41:12.400  1914  1914 D DCT     : [0]initApnContexts: apnContext={mApnType=ia mState=IDLE mWaitingApns={null} mApnSetting={null} mReason=dataEnabled mDataEnabled=false mDependencyMet=true}
02-20 20:41:12.400  1914  1914 D DCT     : [0]initApnContexts: apnContext={mApnType=emergency mState=IDLE mWaitingApns={null} mApnSetting={null} mReason=dataEnabled mDataEnabled=false mDependencyMet=true}
02-20 20:41:12.404  1370  1845 I SoftMPEG4Encoder: Construct SoftMPEG4Encoder
02-20 20:41:12.404  1373  1373 W ACodec  : do not know color format 0x7f000789 = 2130708361
02-20 20:41:12.404  1370  1370 E OMXNodeInstance: getConfig(55a0017:google.mpeg4.encoder, ConfigAndroidIntraRefresh(0x6f60000a)) ERROR: Undefined(0x80001001)
02-20 20:41:12.407  2007  2007 W art     : Unexpected CPU variant for X86 using defaults: x86_64
02-20 20:41:12.407  1922  1965 D EGL_emulation: eglMakeCurrent: 0x744a43979200: ver 3 0 (tinfo 0x744a4de9cf20)
02-20 20:41:12.415  1373  1373 I MediaPlayerService: MediaPlayerService::getOMX
02-20 20:41:12.412     0     0 D ieee80211 phy1: hw scan complete
02-20 20:41:12.412     0     0 D ieee80211 phy1: mac80211_hwsim_get_survey (idx=0)
02-20 20:41:12.530     0     0 D ieee80211 phy1: mac80211_hwsim_config (freq=0 idle=0 ps=0 smps=auto)
02-20 20:41:12.530     0     0 D ieee80211 phy1: add channel context control: 2447 MHz/width: 2/cfreqs:2437/0 MHz
02-20 20:41:12.530     0     0 D ieee80211 phy1: mac80211_hwsim_bss_info_changed(changed=0x40000)
02-20 20:41:12.530     0     0 D ieee80211 phy1: TX Power: 20 dBm
02-20 20:41:12.530     0     0 D ieee80211 phy1: mac80211_hwsim_bss_info_changed(changed=0x4000)
02-20 20:41:12.530     0     0 D ieee80211 phy1: change channel context control: 2447 MHz/width: 2/cfreqs:2437/0 MHz
02-20 20:41:12.530     0     0 D ieee80211 phy1: mac80211_hwsim_bss_info_changed(changed=0x88340)
02-20 20:41:12.530     0     0 D ieee80211 phy1: BCNINT: 100
02-20 20:41:12.530     0     0 D ieee80211 phy1: BCN EN: 1
02-20 20:41:12.530     0     0 D ieee80211 phy1: mac80211_hwsim_bss_info_changed(changed=0x3e)
02-20 20:41:12.530     0     0 D ieee80211 phy1: ERP_CTS_PROT: 0
02-20 20:41:12.530     0     0 D ieee80211 phy1: ERP_PREAMBLE: 0
02-20 20:41:12.530     0     0 D ieee80211 phy1: ERP_SLOT: 1
02-20 20:41:12.530     0     0 D ieee80211 phy1: HT: op_mode=0x0
02-20 20:41:12.530     0     0 D ieee80211 phy1: BASIC_RATES: 0xf
02-20 20:41:12.530     0     0 D ieee80211 phy1: mac80211_hwsim_conf_tx (queue=0 txop=47 cw_min=3 cw_max=7 aifs=1)
02-20 20:41:12.530     0     0 D ieee80211 phy1: mac80211_hwsim_bss_info_changed(changed=0x2000)
