02-20 20:41:14.046  1914  1914 D SubscriptionController: [getPhoneId]- no sims, returning default phoneId=2147483647
02-20 20:41:14.046  1375  1510 D AT      : AT< +CRSM: 144,0,000000406fc7040011a0aa01020120
02-20 20:41:14.046  1375  1510 D AT      : AT< OK
02-20 20:41:14.046  1914  1984 D RILJ    : [3733]< SIM_IO IccIoResponse sw1:0x90 sw2:0x0 [SUB0]
02-20 20:41:14.046  1914  1914 D MccTable: updateMccMncConfiguration defaultMccMnc=
02-20 20:41:14.046  1914  1914 D MccTable: updateMccMncConfiguration: mcc=310, mnc=260
02-20 20:41:14.046  1914  1914 D MccTable: updateMccMncConfiguration updateConfig config={1.0 310mcc260mnc ?localeList ?layoutDir ?swdp ?wdp ?hdp ?density ?lsize ?long ?orien ?uimode ?night ?touch ?keyb/?/? ?nav/?}
02-20 20:41:14.046  1675  1787 I configuration_changed: 3
02-20 20:41:14.046  1675  1787 I ActivityManager: Config changes=3 {1.0 310mcc260mnc [en_US] ldltr sw360dp w360dp h668dp 640dpi nrml long port finger -keyb/v/h -nav/h s.5}
02-20 20:41:14.049  1675  1787 I am_relaunch_resume_activity: [0,3695685,1,com.android.settings/.FallbackHome]
02-20 20:41:14.050  1922  1922 I am_on_paused_called: [0,com.android.settings.FallbackHome,handleRelaunchActivity]
02-20 20:41:14.051  1922  1965 D EGL_emulation: eglMakeCurrent: 0x744a43979200: ver 3 0 (tinfo 0x744a4de9cf20)
02-20 20:41:14.051  1922  1922 I am_on_stop_called: [0,com.android.settings.FallbackHome,destroy]
02-20 20:41:14.054  1914  1914 D SIMRecords: [SIMRecords] onRecordLoaded 9 requested: true
02-20 20:41:14.054  1914  1914 D SIMRecords: [SIMRecords] EF_MWIS : 0000000000
02-20 20:41:14.054  1914  1914 D SIMRecords: [SIMRecords] onRecordLoaded 8 requested: true
02-20 20:41:14.054  1914  1914 D SIMRecords: [SIMRecords] EF_CPHS_MWI: 55
02-20 20:41:14.054  1914  1914 D SIMRecords: [SIMRecords] onRecordLoaded 7 requested: true
02-20 20:41:14.054  1914  1914 D SIMRecords: [SIMRecords] EF_CFF_CPHS: 55
02-20 20:41:14.054  1914  1914 D SIMRecords: [SIMRecords] onRecordLoaded 6 requested: true
02-20 20:41:14.054  1914  1914 D SIMRecords: [SIMRecords] onRecordLoaded 5 requested: true
02-20 20:41:14.054  1914  1914 D SIMRecords: [SIMRecords] SST: UsimServiceTable[120]={ PHONEBOOK, FDN, FDN_EXTENSION, SDN, SDN_EXTENSION, BDN, BDN_EXTENSION, OUTGOING_CALL_INFO, ADVICE_OF_CHARGE, CAP_CONFIG_PARAMS_2, GROUP_ID_LEVEL_1, GROUP_ID_LEVEL_2, SPN, USER_PLMN_SELECT, MSISDN, IMAGE, LOCALISED_SERVICE_AREAS, EMLPP, EMLPP_AUTO_ANSWER, RFU, GSM_ACCESS, DATA_DL_VIA_SMS_PP, DATA_DL_VIA_SMS_CB, CALL_CONTROL_BY_USIM, MO_SMS_CONTROL_BY_USIM, RUN_AT_COMMAND, APN_CONTROL_LIST, DEPERSONALISATION_CONTROL_KEYS, COOPERATIVE_NETWORK_LIST, GSM_SECURITY_CONTEXT, SERVICE_PROVIDER_DISPLAY_INFO, MMS_NOTIFICATION, MMS_NOTIFICATION_EXTENSION, GPRS_CALL_CONTROL_BY_USIM, VGCS_GROUP_ID_LIST, VBS_GROUP_ID_LIST, OMA_BCAST_PROFILE, GBA_LOCAL_KEY_ESTABLISHMENT, #101, #102, #103, #104, #105, #106, #107, #108, #109, #110 }
02-20 20:41:14.054  1914  1914 D SIMRecords: [SIMRecords] onRecordLoaded 4 requested: true
02-20 20:41:14.054  1914  1914 D SIMRecords: [SIMRecords] iCPHS: 0233
02-20 20:41:14.054  1914  1914 D SIMRecords: [SIMRecords] onRecordLoaded 3 requested: true
02-20 20:41:14.054  1914  1914 D SIMRecords: [SIMRecords] MSISDN: [t-WgLegCyIMgfHgPkOdM6pkZbpA]
02-20 20:41:14.054  1914  1914 D SIMRecords: [SIMRecords] onRecordLoaded 2 requested: true
02-20 20:41:14.054  1914  1914 D RILJ    : [3734]> iccIO: SIM_IO 0xb0 0x6f14  path: 3F007F20,0,0,20 aid: null [SUB0]
02-20 20:41:14.060  1375  1507 D RIL     : onRequest: SIM_IO
02-20 20:41:14.060  1375  1507 D AT      : AT> AT+CRSM=176,28436,0,0,20
02-20 20:41:14.060  1375  1510 D AT      : AT< +CRSM: 144,0,416e64726f6964ffffffffffffffffffffffffff
02-20 20:41:14.060  1375  1510 D AT      : AT< OK
02-20 20:41:14.061  1914  1984 D RILJ    : [3734]< SIM_IO IccIoResponse sw1:0x90 sw2:0x0 [SUB0]
02-20 20:41:14.061  1914  1914 D RILJ    : [3735]> iccIO: SIM_IO 0xb2 0x6fc7  path: 3F007F20,1,4,32 aid: null [SUB0]
02-20 20:41:14.061  1375  1507 D RIL     : onRequest: SIM_IO
02-20 20:41:14.061  1375  1507 D AT      : AT> AT+CRSM=178,28615,1,4,32
02-20 20:41:14.062  1375  1510 D AT      : AT< +CRSM: 144,0,566f6963656d61696cffffffffffffffffff07915155125740f9ffffffffffff
02-20 20:41:14.062  1375  1510 D AT      : AT< OK
02-20 20:41:14.062  1914  1984 D RILJ    : [3735]< SIM_IO IccIoResponse sw1:0x90 sw2:0x0 [SUB0]
02-20 20:41:14.063  1914  1914 D RuimRecords: [RuimRecords] iccid: 89014103211118510720
02-20 20:41:14.063  1914  1914 D RuimRecords: [RuimRecords] onRecordLoaded 0 requested: true
02-20 20:41:14.063  1914  1914 D RuimRecords: [RuimRecords] record load complete
02-20 20:41:14.063  1914  1914 D SIMRecords: [SIMRecords] getServiceProviderName: no brandOverride, providerName=Android
02-20 20:41:14.063  1914  1914 D SIMRecords: [SIMRecords] Load EF_SPN_CPHS: Android
02-20 20:41:14.063  1914  1914 D TelephonyManager: setTelephonyProperty: success phoneId=0 property=gsm.sim.operator.alpha value: Android propVal=Android
02-20 20:41:14.063  1914  1914 D SIMRecords: [SIMRecords] onRecordLoaded 1 requested: true
02-20 20:41:14.064  1914  1914 D SIMRecords: [SIMRecords] VM: ADN Record 'Voicemail' '[-MWU1cAlDrkXUZ8dpHi_wU_YOpU] null' EF[MBDN]
02-20 20:41:14.069  1914  1914 D SIMRecords: [SIMRecords] onRecordLoaded 0 requested: true
02-20 20:41:14.069  1914  1914 D SIMRecords: [SIMRecords] record load complete
02-20 20:41:14.069  1914  1914 D SIMRecords: [SIMRecords] Not using EF LI/EF PL
02-20 20:41:14.069  1914  1914 D SIMRecords: [SIMRecords] EF_CFF: callForwardingEnabled=0
02-20 20:41:14.069  1914  1914 D SIMRecords: [SIMRecords] onAllRecordsLoaded set 'gsm.sim.operator.numeric' to operator='310260'
02-20 20:41:14.069  1914  1914 D SIMRecords: [SIMRecords] update icc_operator_numeric=310260
02-20 20:41:14.069  1914  1914 D TelephonyManager: setTelephonyProperty: success phoneId=0 property=gsm.sim.operator.numeric value: 310260 propVal=310260
02-20 20:41:14.069  1914  1914 D SubscriptionController: [setMccMnc]+ mcc/mnc:310/260 subId:-1
02-20 20:41:14.073  1914  1914 D SubscriptionController: notifySubscriptionInfoChanged:
02-20 20:41:14.073  1675  1675 I GnssLocationProvider: WakeLock acquired by sendMessage(12, 0, null)
02-20 20:41:14.074  1922  1922 I am_on_resume_called: [0,com.android.settings.FallbackHome,handleRelaunchActivity]
02-20 20:41:14.074  1914  1950 D SubscriptionController: [getActiveSubInfoList] Sub Controller not ready
02-20 20:41:14.074  1914  1914 D SIMRecords: [SIMRecords] onAllRecordsLoaded set mcc imsi
02-20 20:41:14.075  1914  1914 D TelephonyManager: setTelephonyProperty: success phoneId=0 property=gsm.sim.operator.iso-country value: us propVal=us
02-20 20:41:14.075  1675  1692 W art     : Long monitor contention with owner android.bg (1690) at void java.lang.Object.wait!(long, int)(Object.java:-2) waiters=0 in void com.android.server.net.NetworkPolicyManagerService$1.onUidStateChanged(int, int) for 137ms
02-20 20:41:14.075  1675  1692 I dvm_lock_sample: [system_server,1,android.ui,137,NetworkPolicyManagerService.java,686,Object.java,-2,27]
02-20 20:41:14.076  1914  1914 D SST     : SubscriptionListener.onSubscriptionInfoChanged
02-20 20:41:14.076  1914  1914 D SIMRecords: [SIMRecords]  VoiceMessageCount from SIM MWIS = 0
02-20 20:41:14.076  1914  1914 E Phone   : getStoredVoiceMessageCount: invalid subId -2
02-20 20:41:14.076  1914  1914 D GsmCdmaPhone: [GsmCdmaPhone] updateVoiceMail countVoiceMessages = 0 subId -2
02-20 20:41:14.076  1914  1914 E Phone   : setVoiceMessageCount in sharedPreference: invalid subId -2
02-20 20:41:14.080  1914  1914 D DCT     : [0]SubscriptionListener.onSubscriptionInfoChanged
02-20 20:41:14.085  1757  1757 I InputAttributes: InputType.TYPE_NULL is specified
02-20 20:41:14.101  1675  2103 V KeyValueBackupJob: Scheduling k/v pass in 245 minutes
02-20 20:41:14.102  1914  1914 D SubscriptionController: [getActiveSubInfoList] Sub Controller not ready
02-20 20:41:14.104  1914  1914 D SubscriptionController: [getActiveSubInfoList] Sub Controller not ready
02-20 20:41:14.104  1914  1914 I Telephony: PstnIncomingCallNotifier: Unregistering: Handler (com.android.internal.telephony.GsmCdmaPhone) {1f84412}
02-20 20:41:14.104  1675  1787 I am_proc_bound: [0,2104,com.google.android.gms.persistent]
02-20 20:41:14.105  1914  1914 E PhoneInterfaceManager: [PhoneIntfMgr] getIccId: No UICC
02-20 20:41:14.108  1675  1787 I Telecom : PhoneAccountRegistrar: [ComponentInfo{com.android.phone/com.android.services.telephony.TelephonyConnectionService}, [e0184adedf913b076626646d3f52c3b49c39ad6d], UserHandle{0}(addr: tel:*********** -> tel:)(icon: Icon(typ=BITMAP size=76x96) -> Icon(typ=BITMAP size=76x96))(subAddr: tel:*********** -> tel:)]: TSI.rPA@AAg
02-20 20:41:14.111  1675  1787 I Telecom : : Sending phone-account registered intent as user: TSI.rPA@AAg
02-20 20:41:14.115  1914  1914 I Telephony: AccountEntry: Registered phoneAccount: [[ ] PhoneAccount: ComponentInfo{com.android.phone/com.android.services.telephony.TelephonyConnectionService}, [e0184adedf913b076626646d3f52c3b49c39ad6d], UserHandle{0} Capabilities: CallProvider MultiUser PlaceEmerg SimSub  Schemes: tel voicemail  Extras: null GroupId: [da39a3ee5e6b4b0d3255bfef95601890afd80709]] with handle: ComponentInfo{com.android.phone/com.android.services.telephony.TelephonyConnectionService}, [e0184adedf913b076626646d3f52c3b49c39ad6d], UserHandle{0}
02-20 20:41:14.115  1914  1914 I Telephony: PstnIncomingCallNotifier: Registering: Handler (com.android.internal.telephony.GsmCdmaPhone) {1f84412}
02-20 20:41:14.120  1763  1763 W System  : ClassLoader referenced unknown path: 
02-20 20:41:14.120  1763  1763 W System  : ClassLoader referenced unknown path: /system/priv-app/Dialer/lib/x86_64
02-20 20:41:14.122  1763  1763 D ApplicationLoaders: ignored Vulkan layer search path /system/priv-app/Dialer/lib/x86_64:/system/lib64:/vendor/lib64 for namespace 0x744a525bd0f0
02-20 20:41:14.123  1914  1914 D CAT     : CatService: handleMessage[20]
02-20 20:41:14.124  1914  1914 D GsmCdmaPhone: [GsmCdmaPhone] updateCurrentCarrierInProvider: mSubId = -2 currentDds = 1 operatorNumeric = 310260
02-20 20:41:14.124  1914  1914 D IccCardProxy: operator=310260 mPhoneId=0
02-20 20:41:14.124  1914  1914 D TelephonyManager: setTelephonyProperty: success phoneId=0 property=gsm.sim.operator.numeric value: 310260 propVal=310260
02-20 20:41:14.130  1914  1914 D TelephonyManager: setTelephonyProperty: success phoneId=0 property=gsm.sim.operator.iso-country value: us propVal=us
02-20 20:41:14.135  1914  1914 D IccCardProxy: Sending intent ACTION_INTERNAL_SIM_STATE_CHANGED for mPhoneId : 0
02-20 20:41:14.136  1914  1914 D SST     : EVENT_SIM_RECORDS_LOADED: what=16
02-20 20:41:14.136  1914  1914 D GsmCdmaPhone: [GsmCdmaPhone] updatePhoneObject: radioTechnology=0
02-20 20:41:14.136  1914  1914 D SST     : getOtasp: otasp not needed for GSM
02-20 20:41:14.136  1914  1914 D SST     : updateOtaspState: call notifyOtaspChanged old otaspMode=0 new otaspMode=3
02-20 20:41:14.136  1914  1914 D SIMRecords: [SIMRecords] getServiceProviderName: no brandOverride, providerName=Android
02-20 20:41:14.136  1914  1914 D SIMRecords: [SIMRecords] getServiceProviderName: no brandOverride, providerName=Android
02-20 20:41:14.136  1914  1914 D SST     : updateSpnDisplay: changed sending intent rule=1 showPlmn='false' plmn='Android' showSpn='true' spn='Android' dataSpn='Android' subId='-2'
02-20 20:41:14.137  1914  1914 D SubscriptionController: [setPlmnSpn] No valid subscription to store info
02-20 20:41:14.137  1914  1914 D SubscriptionController: notifySubscriptionInfoChanged:
02-20 20:41:14.137  1675  1675 I GnssLocationProvider: WakeLock acquired by sendMessage(12, 0, null)
02-20 20:41:14.138  1914  1952 D SubscriptionController: [getActiveSubInfoList] Sub Controller not ready
02-20 20:41:14.138  1914  1914 E PhoneInterfaceManager: [PhoneIntfMgr] getIccId: No UICC
02-20 20:41:14.147  1675  1688 I Telecom : PhoneAccountRegistrar: [ComponentInfo{com.android.phone/com.android.services.telephony.TelephonyConnectionService}, [e0184adedf913b076626646d3f52c3b49c39ad6d], UserHandle{0}(icon: Icon(typ=BITMAP size=76x96) -> Icon(typ=BITMAP size=76x96))]: TSI.rPA@AAs
02-20 20:41:14.148  1675  1688 I Telecom : : Sending phone-account registered intent as user: TSI.rPA@AAs
02-20 20:41:14.148  1914  1914 D GsmCdmaPhone: [GsmCdmaPhone] phoneObjectUpdater: newVoiceRadioTech=0
02-20 20:41:14.151  1914  1914 D GsmCdmaPhone: [GsmCdmaPhone] phoneObjectUpdater: volteReplacementRat=0
02-20 20:41:14.151  1914  1914 E GsmCdmaPhone: [GsmCdmaPhone] phoneObjectUpdater: newVoiceRadioTech=0 doesn't match either CDMA or GSM - error! No phone change
02-20 20:41:14.151  1914  1914 D SST     : SubscriptionListener.onSubscriptionInfoChanged
02-20 20:41:14.151  1914  1914 D DCT     : [0]SubscriptionListener.onSubscriptionInfoChanged
02-20 20:41:14.151  1914  1914 D SubscriptionController: [getActiveSubInfoList] Sub Controller not ready
02-20 20:41:14.153  1914  1914 D SubscriptionController: [getActiveSubInfoList] Sub Controller not ready
02-20 20:41:14.153  1914  1914 I Telephony: PstnIncomingCallNotifier: Unregistering: Handler (com.android.internal.telephony.GsmCdmaPhone) {1f84412}
02-20 20:41:14.154  1914  1914 E PhoneInterfaceManager: [PhoneIntfMgr] getIccId: No UICC
02-20 20:41:14.169  2104  2104 W System  : ClassLoader referenced unknown path: /system/priv-app/PrebuiltGmsCore/lib/x86_64
02-20 20:41:14.172  1313  2002 D         : HostConnection::get() New Host Connection established 0x7e3b8662fac0, tid 2002
02-20 20:41:14.174  1763  1763 E BluetoothAdapter: Bluetooth binder is null
02-20 20:41:14.182  1675  1953 I Telecom : PhoneAccountRegistrar: [ComponentInfo{com.android.phone/com.android.services.telephony.TelephonyConnectionService}, [e0184adedf913b076626646d3f52c3b49c39ad6d], UserHandle{0}(icon: Icon(typ=BITMAP size=76x96) -> Icon(typ=BITMAP size=76x96))]: TSI.rPA@AAw
02-20 20:41:14.184  1675  1953 I Telecom : : Sending phone-account registered intent as user: TSI.rPA@AAw
02-20 20:41:14.190  1914  1914 I Telephony: AccountEntry: Registered phoneAccount: [[ ] PhoneAccount: ComponentInfo{com.android.phone/com.android.services.telephony.TelephonyConnectionService}, [e0184adedf913b076626646d3f52c3b49c39ad6d], UserHandle{0} Capabilities: CallProvider MultiUser PlaceEmerg SimSub  Schemes: tel voicemail  Extras: null GroupId: [da39a3ee5e6b4b0d3255bfef95601890afd80709]] with handle: ComponentInfo{com.android.phone/com.android.services.telephony.TelephonyConnectionService}, [e0184adedf913b076626646d3f52c3b49c39ad6d], UserHandle{0}
02-20 20:41:14.190  1914  1914 I Telephony: PstnIncomingCallNotifier: Registering: Handler (com.android.internal.telephony.GsmCdmaPhone) {1f84412}
02-20 20:41:14.192  1914  1914 E PhoneInterfaceManager: [PhoneIntfMgr] getIccId: No UICC
02-20 20:41:14.201  1675  1688 I Telecom : PhoneAccountRegistrar: [ComponentInfo{com.android.phone/com.android.services.telephony.TelephonyConnectionService}, [e0184adedf913b076626646d3f52c3b49c39ad6d], UserHandle{0}(icon: Icon(typ=BITMAP size=76x96) -> Icon(typ=BITMAP size=76x96))]: TSI.rPA@AA8
02-20 20:41:14.203  1675  1688 I Telecom : : Sending phone-account registered intent as user: TSI.rPA@AA8
02-20 20:41:14.204  1763  1763 I CameraManagerGlobal: Connecting to camera service
02-20 20:41:14.205  1366  1366 V EmulatedCamera_Camera: getCameraInfo
02-20 20:41:14.205  1366  1366 V EmulatedCamera_BaseCamera: getCameraInfo
02-20 20:41:14.205  1366  1366 I CameraService: getCameraCharacteristics: Switching to HAL1 shim implementation...
02-20 20:41:14.205  1366  1366 V EmulatedCamera_Camera: getCameraInfo
02-20 20:41:14.205  1366  1366 V EmulatedCamera_BaseCamera: getCameraInfo
02-20 20:41:14.205  1366  1366 I CameraService: CameraService::connect call (PID -1 "cameraserver", camera ID 0) for HAL version default and Camera API version 1
02-20 20:41:14.206  1366  1366 E CameraService: getCameraPriorityFromProcState: Received invalid process state -1 from ActivityManagerService!
02-20 20:41:14.206  1366  1366 V EmulatedCamera_Camera: getCameraInfo
02-20 20:41:14.206  1366  1366 V EmulatedCamera_BaseCamera: getCameraInfo
02-20 20:41:14.206  1364  1804 I art     : Starting a blocking GC HeapTrim
02-20 20:41:14.215  2132  2132 W art     : Unexpected CPU variant for X86 using defaults: x86
02-20 20:41:14.216  1373  2131 E WVMExtractor: Failed to open libwvm.so: dlopen failed: library "libwvm.so" not found
02-20 20:41:14.217  1675  1691 I am_proc_start: [0,2132,10029,com.google.android.googlequicksearchbox:interactor,service,com.google.android.googlequicksearchbox/com.google.android.voiceinteraction.GsaVoiceInteractionService]
02-20 20:41:14.217  1675  1691 I ActivityManager: Start proc 2132:com.google.android.googlequicksearchbox:interactor/u0a29 for service com.google.android.googlequicksearchbox/com.google.android.voiceinteraction.GsaVoiceInteractionService
02-20 20:41:14.230  1675  1691 I ActivityManager: Loading recents for user 0 into memory.
02-20 20:41:14.231  1373  2130 D NuPlayerDriver: notifyListener_l(0xf2f0c480), (1, 0, 0), loop setting(0, 0)
02-20 20:41:14.244  1675  1691 D ActivityManager: Sending BOOT_COMPLETE user #0
02-20 20:41:14.244  1675  1691 I sysui_histogram: [framework_boot_completed,11]
02-20 20:41:14.245  1373  2145 D NuPlayerDriver: notifyListener_l(0xf2f0c540), (1, 0, 0), loop setting(0, 0)
02-20 20:41:14.255  1914  1914 D SubscriptionInfoUpdater: [Receiver]+
02-20 20:41:14.255  1914  1914 D SubscriptionInfoUpdater: Action: android.intent.action.SIM_STATE_CHANGED
02-20 20:41:14.255  1914  1914 D SubscriptionInfoUpdater: slotId: 0
02-20 20:41:14.255  1914  1914 D SubscriptionInfoUpdater: simStatus: READY
02-20 20:41:14.255  1914  1914 D SubscriptionInfoUpdater: Ignoring simStatus: READY
02-20 20:41:14.255  1914  1914 D SubscriptionInfoUpdater: [Receiver]-
02-20 20:41:14.255  1914  1914 D SubscriptionInfoUpdater: [Receiver]+
02-20 20:41:14.255  1914  1914 D SubscriptionInfoUpdater: Action: android.intent.action.SIM_STATE_CHANGED
02-20 20:41:14.255  1914  1914 D SubscriptionInfoUpdater: slotId: 0
02-20 20:41:14.255  1914  1914 D SubscriptionInfoUpdater: simStatus: IMSI
02-20 20:41:14.255  1914  1914 D SubscriptionInfoUpdater: Ignoring simStatus: IMSI
02-20 20:41:14.255  1914  1914 D SubscriptionInfoUpdater: [Receiver]-
02-20 20:41:14.255  1914  1914 D SubscriptionInfoUpdater: [Receiver]+
02-20 20:41:14.255  1914  1914 D SubscriptionInfoUpdater: Action: android.intent.action.internal_sim_state_changed
02-20 20:41:14.255  1914  1914 D SubscriptionInfoUpdater: slotId: 0
02-20 20:41:14.255  1914  1914 D SubscriptionInfoUpdater: simStatus: LOADED
02-20 20:41:14.255  1914  1914 D SubscriptionInfoUpdater: [Receiver]-
02-20 20:41:14.255  1914  1914 D WAP PUSH: Received broadcast android.intent.action.USER_UNLOCKED
02-20 20:41:14.255  1914  1950 D DCT     : [0]hasMatchedTetherApnSetting: APN=null
02-20 20:41:14.255  1914  1914 D WAP PUSH: Received broadcast android.intent.action.USER_UNLOCKED
02-20 20:41:14.256  1914  1914 D SmsBroadcastUndelivered: Received broadcast android.intent.action.USER_UNLOCKED
02-20 20:41:14.256  1914  1914 D SubscriptionInfoUpdater: [Receiver]+
02-20 20:41:14.256  1914  1914 D SubscriptionInfoUpdater: Action: android.intent.action.USER_UNLOCKED
02-20 20:41:14.256  1914  1914 D SubscriptionInfoUpdater: Broadcasting intent ACTION_SIM_STATE_CHANGED for mCardIndex: 0
02-20 20:41:14.259  1914  1914 D SubscriptionInfoUpdater: [Receiver]-
02-20 20:41:14.259  1914  1914 D CarrierSvcBindHelper: Received android.intent.action.USER_UNLOCKED
02-20 20:41:14.265  1914  1914 D CarrierSvcBindHelper: No carrier app for: 0
02-20 20:41:14.265  1914  1914 D SubscriptionInfoUpdater: handleSimStateLoadedInternal: slotId: 0
02-20 20:41:14.265  1914  1914 D SubscriptionInfoUpdater: All IccIds query complete
02-20 20:41:14.265  1914  1914 D SubscriptionInfoUpdater: updateSubscriptionInfoByIccId:+ Start
02-20 20:41:14.265  1914  2161 D SmsBroadcastUndelivered: scanning raw table for undelivered messages
02-20 20:41:14.266  1373  2156 D NuPlayerDriver: notifyListener_l(0xf2f0c5a0), (1, 0, 0), loop setting(0, 0)
02-20 20:41:14.266  1914  1914 D SubscriptionController: [clearSubInfo]- no simInfo size=0
02-20 20:41:14.266  1366  1366 I CameraFlashlight: Opening camera 0
02-20 20:41:14.266  1366  1366 V EmulatedCamera_Camera: getCameraInfo
02-20 20:41:14.266  1366  1366 V EmulatedCamera_BaseCamera: getCameraInfo
02-20 20:41:14.266  1366  1366 V EmulatedCamera_Camera: connectCamera
02-20 20:41:14.266  1366  1366 V EmulatedCamera_FakeDevice: connectDevice
02-20 20:41:14.266  1366  1366 V EmulatedCamera_CallbackNotifier: setCallbacks: 0xe79bee80, 0xe79beed0, 0xe79beff0, 0xe79bf110 (0xe71c3320)
02-20 20:41:14.266  1366  1366 V EmulatedCamera_CallbackNotifier: enableMessage: msg_type = 0xc0d
02-20 20:41:14.266  1366  1366 V EmulatedCamera_CallbackNotifier:     CAMERA_MSG_ERROR
02-20 20:41:14.266  1366  1366 V EmulatedCamera_CallbackNotifier:     CAMERA_MSG_FOCUS
02-20 20:41:14.266  1366  1366 V EmulatedCamera_CallbackNotifier:     CAMERA_MSG_ZOOM
02-20 20:41:14.266  1366  1366 V EmulatedCamera_CallbackNotifier:     CAMERA_MSG_PREVIEW_METADATA
02-20 20:41:14.266  1366  1366 V EmulatedCamera_CallbackNotifier: **** Currently enabled messages:
02-20 20:41:14.266  1366  1366 V EmulatedCamera_CallbackNotifier:     CAMERA_MSG_ERROR
02-20 20:41:14.266  1366  1366 V EmulatedCamera_CallbackNotifier:     CAMERA_MSG_FOCUS
02-20 20:41:14.266  1366  1366 V EmulatedCamera_CallbackNotifier:     CAMERA_MSG_ZOOM
02-20 20:41:14.266  1366  1366 V EmulatedCamera_CallbackNotifier:     CAMERA_MSG_PREVIEW_METADATA
02-20 20:41:14.266  1366  1366 V EmulatedCamera_CallbackNotifier: disableMessage: msg_type = 0xffff
02-20 20:41:14.266  1366  1366 V EmulatedCamera_CallbackNotifier:     CAMERA_MSG_ERROR
02-20 20:41:14.266  1366  1366 V EmulatedCamera_CallbackNotifier:     CAMERA_MSG_SHUTTER
02-20 20:41:14.266  1366  1366 V EmulatedCamera_CallbackNotifier:     CAMERA_MSG_FOCUS
02-20 20:41:14.266  1366  1366 V EmulatedCamera_CallbackNotifier:     CAMERA_MSG_ZOOM
02-20 20:41:14.266  1366  1366 V EmulatedCamera_CallbackNotifier:     CAMERA_MSG_PREVIEW_FRAME
02-20 20:41:14.266  1366  1366 V EmulatedCamera_CallbackNotifier:     CAMERA_MSG_VIDEO_FRAME
02-20 20:41:14.266  1366  1366 V EmulatedCamera_CallbackNotifier:     CAMERA_MSG_POSTVIEW_FRAME
02-20 20:41:14.266  1366  1366 V EmulatedCamera_CallbackNotifier:     CAMERA_MSG_RAW_IMAGE
02-20 20:41:14.266  1366  1366 V EmulatedCamera_CallbackNotifier:     CAMERA_MSG_COMPRESSED_IMAGE
02-20 20:41:14.266  1366  1366 V EmulatedCamera_CallbackNotifier:     CAMERA_MSG_RAW_IMAGE_NOTIFY
02-20 20:41:14.267  1366  1366 V EmulatedCamera_CallbackNotifier:     CAMERA_MSG_PREVIEW_METADATA
02-20 20:41:14.267  1366  1366 V EmulatedCamera_CallbackNotifier: **** Currently enabled messages:
02-20 20:41:14.267  1366  1366 V EmulatedCamera_Preview: setPreviewWindow: current: 0x0 -> new: 0x0
02-20 20:41:14.267  1366  1366 V EmulatedCamera_Camera: doStopPreview
02-20 20:41:14.267  1366  1366 V EmulatedCamera_Camera: cancelPicture
02-20 20:41:14.267  1366  1366 V EmulatedCamera_Camera: releaseCamera
02-20 20:41:14.267  1366  1366 V EmulatedCamera_Camera: doStopPreview
02-20 20:41:14.267  1366  1366 V EmulatedCamera_FakeDevice: disconnectDevice
02-20 20:41:14.267  1366  1366 W EmulatedCamera_Device: Initialize: Emulated camera device is already initialized: mState = 1
02-20 20:41:14.267  1366  1366 D EmulatedCamera_FakeCamera: Initialize: Fake camera is facing back
02-20 20:41:14.267  1366  1366 V EmulatedCamera_Device: initializeWhiteBalanceModes with auto, 1.000000, 1.000000
02-20 20:41:14.267  1366  1366 V EmulatedCamera_Device: initializeWhiteBalanceModes with incandescent, 1.380000, 0.600000
02-20 20:41:14.267  1366  1366 V EmulatedCamera_Device: initializeWhiteBalanceModes with daylight, 1.090000, 0.920000
02-20 20:41:14.267  1366  1366 V EmulatedCamera_Device: initializeWhiteBalanceModes with twilight, 0.920000, 1.220000
02-20 20:41:14.267  1366  1366 V EmulatedCamera_Device: setWhiteBalanceMode with white balance auto
02-20 20:41:14.267  1366  1366 I CameraFlashlight: Destroying camera 0
02-20 20:41:14.267  1366  1366 V EmulatedCamera_Camera: closeCamera
02-20 20:41:14.267  1366  1366 V EmulatedCamera_Camera: doStopPreview
02-20 20:41:14.267  1366  1366 W EmulatedCamera_Device: Initialize: Emulated camera device is already initialized: mState = 1
02-20 20:41:14.267  1366  1366 D EmulatedCamera_FakeCamera: Initialize: Fake camera is facing back
02-20 20:41:14.267  1366  1366 V EmulatedCamera_Device: initializeWhiteBalanceModes with auto, 1.000000, 1.000000
02-20 20:41:14.267  1366  1366 V EmulatedCamera_Device: initializeWhiteBalanceModes with incandescent, 1.380000, 0.600000
02-20 20:41:14.267  1366  1366 V EmulatedCamera_Device: initializeWhiteBalanceModes with daylight, 1.090000, 0.920000
02-20 20:41:14.267  1366  1366 V EmulatedCamera_Device: initializeWhiteBalanceModes with twilight, 0.920000, 1.220000
02-20 20:41:14.267  1366  1366 V EmulatedCamera_Device: setWhiteBalanceMode with white balance auto
02-20 20:41:14.267  1366  1366 I CameraService: disconnect: Disconnected client for camera 0 for PID 1366
02-20 20:41:14.267  1373  1373 D NuPlayerDriver: reset(0xf2f0c480) at state 4
02-20 20:41:14.267  1373  1373 D NuPlayerDriver: notifyListener_l(0xf2f0c480), (8, 0, 0), loop setting(0, 0)
02-20 20:41:14.267  1373  2130 D NuPlayerDriver: notifyResetComplete(0xf2f0c480)
02-20 20:41:14.268  1373  1849 D NuPlayerDriver: reset(0xf2f0c540) at state 4
02-20 20:41:14.268  1373  1849 D NuPlayerDriver: notifyListener_l(0xf2f0c540), (8, 0, 0), loop setting(0, 0)
02-20 20:41:14.268  1373  2145 D NuPlayerDriver: notifyResetComplete(0xf2f0c540)
02-20 20:41:14.269  1373  1891 D NuPlayerDriver: reset(0xf2f0c5a0) at state 4
02-20 20:41:14.269  1373  1891 D NuPlayerDriver: notifyListener_l(0xf2f0c5a0), (8, 0, 0), loop setting(0, 0)
02-20 20:41:14.269  1914  1914 D SubscriptionInfoUpdater: insertedSimCount = 1
02-20 20:41:14.269  1914  1914 D SubscriptionController: [getSubInfoUsingSlotIdWithCheck]+ slotId:0
02-20 20:41:14.272  1922  1965 D EGL_emulation: eglMakeCurrent: 0x744a43979200: ver 3 0 (tinfo 0x744a4de9cf20)
02-20 20:41:14.279  1373  2156 D NuPlayerDriver: notifyResetComplete(0xf2f0c5a0)
02-20 20:41:14.280  1366  1709 V EmulatedCamera_Camera: getCameraInfo
02-20 20:41:14.280  1366  1709 V EmulatedCamera_BaseCamera: getCameraInfo
02-20 20:41:14.284  1366  1366 V EmulatedCamera_Camera: getCameraInfo
02-20 20:41:14.284  1366  1366 V EmulatedCamera_BaseCamera: getCameraInfo
02-20 20:41:14.289  1914  2160 E WAP PUSH: bindService() for wappush manager failed
02-20 20:41:14.299  1914  1914 D SubscriptionController: [getPhoneId]- no sims, returning default phoneId=2147483647
02-20 20:41:14.312  1914  1914 D SubscriptionController: [getPhoneId]- no sims, returning default phoneId=2147483647
02-20 20:41:14.315  1914  1914 D SubscriptionController: [getPhoneId]- no sims, returning default phoneId=2147483647
02-20 20:41:14.316  1914  1914 D SubscriptionController: [getSubInfoUsingSlotId]- null info return
02-20 20:41:14.316  1914  1914 D SubscriptionInfoUpdater: updateSubscriptionInfoByIccId: oldSubId = 1
02-20 20:41:14.316  1914  1914 D SubscriptionInfoUpdater: updateSubscriptionInfoByIccId: oldIccId[0] = 89014103211118510720, sIccId[0] = 89014103211118510720
02-20 20:41:14.316  1914  1914 D SubscriptionController: [addSubInfoRecord]+ iccId:89014103211118510720 slotId:0
02-20 20:41:14.316  1914  2159 E WAP PUSH: bindService() for wappush manager failed
02-20 20:41:14.318  1675  1787 I am_proc_bound: [0,2132,com.google.android.googlequicksearchbox:interactor]
02-20 20:41:14.320  1763  1763 I StatusBar: isKeyguardShowing() called before startKeyguard(), returning true
02-20 20:41:14.320  1763  1763 W StatusBar: isKeyguardSecure() called before startKeyguard(), returning false
02-20 20:41:14.320  1763  1763 W StatusBar: java.lang.Throwable
02-20 20:41:14.320  1763  1763 W StatusBar: 	at com.android.systemui.statusbar.BaseStatusBar.isKeyguardSecure(BaseStatusBar.java:2647)
02-20 20:41:14.320  1763  1763 W StatusBar: 	at com.android.systemui.statusbar.BaseStatusBar.isCameraAllowedByAdmin(BaseStatusBar.java:2670)
02-20 20:41:14.320  1763  1763 W StatusBar: 	at com.android.systemui.statusbar.phone.KeyguardBottomAreaView.updateCameraVisibility(KeyguardBottomAreaView.java:309)
02-20 20:41:14.320  1763  1763 W StatusBar: 	at com.android.systemui.statusbar.phone.KeyguardBottomAreaView.setPhoneStatusBar(KeyguardBottomAreaView.java:272)
02-20 20:41:14.320  1763  1763 W StatusBar: 	at com.android.systemui.statusbar.phone.PhoneStatusBar.makeStatusBarView(PhoneStatusBar.java:904)
02-20 20:41:14.320  1763  1763 W StatusBar: 	at com.android.systemui.statusbar.phone.PhoneStatusBar.addStatusBarWindow(PhoneStatusBar.java:3432)
02-20 20:41:14.320  1763  1763 W StatusBar: 	at com.android.systemui.statusbar.phone.PhoneStatusBar.createAndAddWindows(PhoneStatusBar.java:3428)
02-20 20:41:14.320  1763  1763 W StatusBar: 	at com.android.systemui.statusbar.BaseStatusBar.start(BaseStatusBar.java:765)
02-20 20:41:14.320  1763  1763 W StatusBar: 	at com.android.systemui.statusbar.phone.PhoneStatusBar.start(PhoneStatusBar.java:686)
02-20 20:41:14.320  1763  1763 W StatusBar: 	at com.android.systemui.statusbar.SystemBars.createStatusBarFromConfig(SystemBars.java:106)
02-20 20:41:14.320  1763  1763 W StatusBar: 	at com.android.systemui.statusbar.SystemBars.onNoService(SystemBars.java:58)
02-20 20:41:14.320  1763  1763 W StatusBar: 	at com.android.systemui.statusbar.ServiceMonitor.startService(ServiceMonitor.java:230)
02-20 20:41:14.320  1763  1763 W StatusBar: 	at com.android.systemui.statusbar.ServiceMonitor.-wrap5(ServiceMonitor.java)
02-20 20:41:14.320  1763  1763 W StatusBar: 	at com.android.systemui.statusbar.ServiceMonitor$1.handleMessage(ServiceMonitor.java:73)
02-20 20:41:14.320  1763  1763 W StatusBar: 	at android.os.Handler.dispatchMessage(Handler.java:102)
02-20 20:41:14.320  1763  1763 W StatusBar: 	at android.os.Looper.loop(Looper.java:154)
02-20 20:41:14.320  1763  1763 W StatusBar: 	at android.app.ActivityThread.main(ActivityThread.java:6119)
02-20 20:41:14.320  1763  1763 W StatusBar: 	at java.lang.reflect.Method.invoke(Native Method)
02-20 20:41:14.320  1763  1763 W StatusBar: 	at com.android.internal.os.ZygoteInit$MethodAndArgsCaller.run(ZygoteInit.java:886)
02-20 20:41:14.320  1763  1763 W StatusBar: 	at com.android.internal.os.ZygoteInit.main(ZygoteInit.java:776)
02-20 20:41:14.322  1763  1763 I StatusBar: isKeyguardShowing() called before startKeyguard(), returning true
02-20 20:41:14.322  1763  1763 W StatusBar: isKeyguardSecure() called before startKeyguard(), returning false
02-20 20:41:14.322  1763  1763 W StatusBar: java.lang.Throwable
02-20 20:41:14.322  1763  1763 W StatusBar: 	at com.android.systemui.statusbar.BaseStatusBar.isKeyguardSecure(BaseStatusBar.java:2647)
02-20 20:41:14.322  1763  1763 W StatusBar: 	at com.android.systemui.statusbar.BaseStatusBar.isCameraAllowedByAdmin(BaseStatusBar.java:2670)
02-20 20:41:14.322  1763  1763 W StatusBar: 	at com.android.systemui.statusbar.phone.KeyguardBottomAreaView.updateCameraVisibility(KeyguardBottomAreaView.java:309)
02-20 20:41:14.322  1763  1763 W StatusBar: 	at com.android.systemui.statusbar.phone.KeyguardBottomAreaView.setUserSetupComplete(KeyguardBottomAreaView.java:281)
02-20 20:41:14.322  1763  1763 W StatusBar: 	at com.android.systemui.statusbar.phone.PhoneStatusBar.makeStatusBarView(PhoneStatusBar.java:905)
02-20 20:41:14.322  1763  1763 W StatusBar: 	at com.android.systemui.statusbar.phone.PhoneStatusBar.addStatusBarWindow(PhoneStatusBar.java:3432)
02-20 20:41:14.322  1763  1763 W StatusBar: 	at com.android.systemui.statusbar.phone.PhoneStatusBar.createAndAddWindows(PhoneStatusBar.java:3428)
02-20 20:41:14.322  1763  1763 W StatusBar: 	at com.android.systemui.statusbar.BaseStatusBar.start(BaseStatusBar.java:765)
02-20 20:41:14.322  1763  1763 W StatusBar: 	at com.android.systemui.statusbar.phone.PhoneStatusBar.start(PhoneStatusBar.java:686)
02-20 20:41:14.322  1763  1763 W StatusBar: 	at com.android.systemui.statusbar.SystemBars.createStatusBarFromConfig(SystemBars.java:106)
02-20 20:41:14.322  1763  1763 W StatusBar: 	at com.android.systemui.statusbar.SystemBars.onNoService(SystemBars.java:58)
02-20 20:41:14.322  1763  1763 W StatusBar: 	at com.android.systemui.statusbar.ServiceMonitor.startService(ServiceMonitor.java:230)
02-20 20:41:14.322  1763  1763 W StatusBar: 	at com.android.systemui.statusbar.ServiceMonitor.-wrap5(ServiceMonitor.java)
02-20 20:41:14.322  1763  1763 W StatusBar: 	at com.android.systemui.statusbar.ServiceMonitor$1.handleMessage(ServiceMonitor.java:73)
02-20 20:41:14.322  1763  1763 W StatusBar: 	at android.os.Handler.dispatchMessage(Handler.java:102)
02-20 20:41:14.322  1763  1763 W StatusBar: 	at android.os.Looper.loop(Looper.java:154)
02-20 20:41:14.322  1763  1763 W StatusBar: 	at android.app.ActivityThread.main(ActivityThread.java:6119)
02-20 20:41:14.322  1763  1763 W StatusBar: 	at java.lang.reflect.Method.invoke(Native Method)
02-20 20:41:14.322  1763  1763 W StatusBar: 	at com.android.internal.os.ZygoteInit$MethodAndArgsCaller.run(ZygoteInit.java:886)
02-20 20:41:14.322  1763  1763 W StatusBar: 	at com.android.internal.os.ZygoteInit.main(ZygoteInit.java:776)
02-20 20:41:14.326  1922  1922 D FallbackHome: User unlocked and real home found; let's go!
02-20 20:41:14.327  1675  1688 I am_finish_activity: [0,3695685,1,com.android.settings/.FallbackHome,app-request]
02-20 20:41:14.331  1914  1914 D SubscriptionController: [getActiveSubInfoList] Sub Controller not ready
02-20 20:41:14.331  1914  1914 D SubscriptionController: [addSubInfoRecord] Record already exists
02-20 20:41:14.338  1675  1688 I am_pause_activity: [0,3695685,com.android.settings/.FallbackHome]
02-20 20:41:14.339  1922  1922 I am_on_paused_called: [0,com.android.settings.FallbackHome,handlePauseActivity]
02-20 20:41:14.340  1675  1787 I ActivityManager: START u0 {act=android.intent.action.MAIN cat=[android.intent.category.HOME] flg=0x10000100 cmp=com.google.android.apps.nexuslauncher/.NexusLauncherActivity} from uid 0 on display 0
02-20 20:41:14.341  1675  1787 I am_create_task: [0,188]
02-20 20:41:14.341  1675  1787 I am_create_activity: [0,27294670,188,com.google.android.apps.nexuslauncher/.NexusLauncherActivity,android.intent.action.MAIN,NULL,NULL,268435712]
02-20 20:41:14.341  1675  1787 I wm_task_created: [188,0]
02-20 20:41:14.341  1675  1787 I wm_task_moved: [188,1,1]
02-20 20:41:14.341  1675  1787 I wm_task_moved: [188,1,1]
02-20 20:41:14.341  1675  1787 I am_focused_activity: [0,com.google.android.apps.nexuslauncher/.NexusLauncherActivity,startedActivity]
02-20 20:41:14.357  1675  1787 I am_proc_start: [0,2164,10021,com.google.android.apps.nexuslauncher,activity,com.google.android.apps.nexuslauncher/.NexusLauncherActivity]
02-20 20:41:14.357  1675  1787 I ActivityManager: Start proc 2164:com.google.android.apps.nexuslauncher/u0a21 for activity com.google.android.apps.nexuslauncher/.NexusLauncherActivity
02-20 20:41:14.357  1914  2080 D SubscriptionController: [getActiveSubInfoList] Sub Controller not ready
02-20 20:41:14.359  1675  1691 I sysui_count: [window_time_0,5]
02-20 20:41:14.360  1675  1691 I am_destroy_activity: [0,3695685,1,com.android.settings/.FallbackHome,finish-idle]
02-20 20:41:14.363  1914  1914 D SubscriptionController: [addSubInfoRecord] sSlotIdxToSubId.size=1 slotId=0 subId=1 defaultSubId=1 simCount=1
02-20 20:41:14.365  1914  1950 D SubscriptionController: [getPhoneId] asked for default subId=1
02-20 20:41:14.373  1922  1965 D EGL_emulation: eglMakeCurrent: 0x744a43979200: ver 3 0 (tinfo 0x744a4de9cf20)
02-20 20:41:14.383  2164  2164 W art     : Unexpected CPU variant for X86 using defaults: x86_64
02-20 20:41:14.388  1914  1914 D SubscriptionController: [setDefaultFallbackSubId] subId=1
02-20 20:41:14.388  1914  1914 D SubscriptionController: [setDefaultFallbackSubId] set mDefaultFallbackSubId=1
02-20 20:41:14.388  1914  1914 D MccTable: updateMccMncConfiguration mccmnc='310260' fromServiceState=false
02-20 20:41:14.389  1914  1914 D MccTable: updateMccMncConfiguration defaultMccMnc=310260
02-20 20:41:14.389  1914  1914 D MccTable: updateMccMncConfiguration: mcc=310, mnc=260
02-20 20:41:14.389  1914  1914 D MccTable: updateMccMncConfiguration updateConfig config={1.0 310mcc260mnc ?localeList ?layoutDir ?swdp ?wdp ?hdp ?density ?lsize ?long ?orien ?uimode ?night ?touch ?keyb/?/? ?nav/?}
02-20 20:41:14.390  1675  1953 I am_proc_bound: [0,2164,com.google.android.apps.nexuslauncher]
02-20 20:41:14.390  1914  1914 D SubscriptionController: [setDefaultFallbackSubId] broadcast default subId changed phoneId=0 subId=1
02-20 20:41:14.392  1675  1953 I am_restart_activity: [0,27294670,188,com.google.android.apps.nexuslauncher/.NexusLauncherActivity]
02-20 20:41:14.402  1922  1922 I am_on_stop_called: [0,com.android.settings.FallbackHome,destroy]
02-20 20:41:14.429  1922  1922 I art     : Starting a blocking GC Explicit
02-20 20:41:14.429  1914  1914 D SubscriptionController: [addSubInfoRecord] one sim set defaults to subId=1
02-20 20:41:14.429  1914  1914 D SubscriptionController: [setDefaultDataSubId] num phones=1, subId=1
02-20 20:41:14.430  1914  1914 D SubscriptionController: [setDefaultDataSubId] phoneId=0 subId=1 RAF=1
02-20 20:41:14.430  1914  1914 D ProxyController: setRadioCapability: Already in requested configuration, nothing to do.
02-20 20:41:14.438  1675  1692 W WindowManager: Keyguard drawn timeout. Setting mKeyguardDrawComplete
02-20 20:41:14.451  1675  1675 I AccountManagerService: User 0 is unlocked - opening CE database
02-20 20:41:14.457  2164  2164 W System  : ClassLoader referenced unknown path: /system/priv-app/NexusLauncherPrebuilt/lib/x86_64
02-20 20:41:14.468  1366  2129 V EmulatedCamera_Camera: getCameraInfo
02-20 20:41:14.468  1366  2129 V EmulatedCamera_BaseCamera: getCameraInfo
02-20 20:41:14.468  1366  1709 V EmulatedCamera_Camera: getCameraInfo
02-20 20:41:14.468  1366  1709 V EmulatedCamera_BaseCamera: getCameraInfo
02-20 20:41:14.471  1922  1922 I art     : Explicit concurrent mark sweep GC freed 3176(288KB) AllocSpace objects, 0(0B) LOS objects, 19% free, 8MB/10MB, paused 60us total 40.935ms
02-20 20:41:14.511  1922  1922 I art     : Starting a blocking GC Explicit
02-20 20:41:14.519  1375  1507 D RIL     : onRequest: GET_CELL_INFO_LIST
02-20 20:41:14.519  1375  1507 D RILC    : responseCellInfoList: v12
02-20 20:41:14.537  1763  1763 I StatusBar: isKeyguardShowing() called before startKeyguard(), returning true
02-20 20:41:14.537  1763  1763 W StatusBar: isKeyguardSecure() called before startKeyguard(), returning false
02-20 20:41:14.537  1763  1763 W StatusBar: java.lang.Throwable
02-20 20:41:14.537  1763  1763 W StatusBar: 	at com.android.systemui.statusbar.BaseStatusBar.isKeyguardSecure(BaseStatusBar.java:2647)
02-20 20:41:14.537  1763  1763 W StatusBar: 	at com.android.systemui.statusbar.BaseStatusBar.isCameraAllowedByAdmin(BaseStatusBar.java:2670)
02-20 20:41:14.537  1763  1763 W StatusBar: 	at com.android.systemui.statusbar.phone.KeyguardBottomAreaView.updateCameraVisibility(KeyguardBottomAreaView.java:309)
02-20 20:41:14.537  1763  1763 W StatusBar: 	at com.android.systemui.statusbar.phone.KeyguardBottomAreaView.setUserSetupComplete(KeyguardBottomAreaView.java:281)
02-20 20:41:14.537  1763  1763 W StatusBar: 	at com.android.systemui.statusbar.phone.PhoneStatusBar$1.onChange(PhoneStatusBar.java:441)
02-20 20:41:14.537  1763  1763 W StatusBar: 	at com.android.systemui.statusbar.phone.PhoneStatusBar.resetUserSetupObserver(PhoneStatusBar.java:3676)
02-20 20:41:14.537  1763  1763 W StatusBar: 	at com.android.systemui.statusbar.phone.PhoneStatusBar.makeStatusBarView(PhoneStatusBar.java:1008)
02-20 20:41:14.537  1763  1763 W StatusBar: 	at com.android.systemui.statusbar.phone.PhoneStatusBar.addStatusBarWindow(PhoneStatusBar.java:3432)
02-20 20:41:14.537  1763  1763 W StatusBar: 	at com.android.systemui.statusbar.phone.PhoneStatusBar.createAndAddWindows(PhoneStatusBar.java:3428)
02-20 20:41:14.537  1763  1763 W StatusBar: 	at com.android.systemui.statusbar.BaseStatusBar.start(BaseStatusBar.java:765)
02-20 20:41:14.537  1763  1763 W StatusBar: 	at com.android.systemui.statusbar.phone.PhoneStatusBar.start(PhoneStatusBar.java:686)
02-20 20:41:14.537  1763  1763 W StatusBar: 	at com.android.systemui.statusbar.SystemBars.createStatusBarFromConfig(SystemBars.java:106)
02-20 20:41:14.537  1763  1763 W StatusBar: 	at com.android.systemui.statusbar.SystemBars.onNoService(SystemBars.java:58)
02-20 20:41:14.537  1763  1763 W StatusBar: 	at com.android.systemui.statusbar.ServiceMonitor.startService(ServiceMonitor.java:230)
02-20 20:41:14.537  1763  1763 W StatusBar: 	at com.android.systemui.statusbar.ServiceMonitor.-wrap5(ServiceMonitor.java)
02-20 20:41:14.537  1763  1763 W StatusBar: 	at com.android.systemui.statusbar.ServiceMonitor$1.handleMessage(ServiceMonitor.java:73)
02-20 20:41:14.537  1763  1763 W StatusBar: 	at android.os.Handler.dispatchMessage(Handler.java:102)
02-20 20:41:14.537  1763  1763 W StatusBar: 	at android.os.Looper.loop(Looper.java:154)
02-20 20:41:14.537  1763  1763 W StatusBar: 	at android.app.ActivityThread.main(ActivityThread.java:6119)
02-20 20:41:14.537  1763  1763 W StatusBar: 	at java.lang.reflect.Method.invoke(Native Method)
02-20 20:41:14.537  1763  1763 W StatusBar: 	at com.android.internal.os.ZygoteInit$MethodAndArgsCaller.run(ZygoteInit.java:886)
02-20 20:41:14.537  1763  1763 W StatusBar: 	at com.android.internal.os.ZygoteInit.main(ZygoteInit.java:776)
02-20 20:41:14.537  1763  1966 D OpenGLRenderer: profile bars disabled
02-20 20:41:14.538  1763  1966 D OpenGLRenderer: ambientRatio = 1.50
02-20 20:41:14.551  1922  1922 I art     : Explicit concurrent mark sweep GC freed 699(36KB) AllocSpace objects, 0(0B) LOS objects, 19% free, 8MB/10MB, paused 63us total 39.960ms
02-20 20:41:14.572  2104  2104 I LoadedApk: No resource references to update in package FFFFFFFFFFFFFFFFFFFFFF
02-20 20:41:14.604  1763  1763 D PhoneStatusBar: disable: < EXPAND* icons alerts system_info BACK* HOME* RECENT* clock SEARCH* quick_settings >
02-20 20:41:14.635  1675  2180 I wm_task_removed: [1,removeAppToken: last token]
02-20 20:41:14.635  1675  2180 I wm_task_removed: [1,removeTask]
02-20 20:41:14.640  1914  1914 I liblog  : 10
02-20 20:41:14.640  1914  1914 D SubscriptionController: [broadcastDefaultDataSubIdChanged] subId=1
02-20 20:41:14.642  1914  1914 D SubscriptionController: [setDefaultSmsSubId] subId=1
02-20 20:41:14.642  1914  1914 D SubscriptionController: [broadcastDefaultSmsSubIdChanged] subId=1
02-20 20:41:14.643  1914  1914 D SubscriptionController: [setDefaultVoiceSubId] subId=1
02-20 20:41:14.643  1914  1914 D SubscriptionController: [broadcastDefaultVoiceSubIdChanged] subId=1
02-20 20:41:14.643  1914  1914 D SubscriptionController: [addSubInfoRecord] hashmap(0,1)
02-20 20:41:14.643  2164  2164 V Launcher: LauncherAppState inited
02-20 20:41:14.672  1914  1914 D SubscriptionController: [addSubInfoRecord] sim name = Android
02-20 20:41:14.673  1914  1914 D DCT     : [0]update sub = 1
02-20 20:41:14.673  1914  1914 D DCT     : [0]update(): Active DDS, register for all events now!
02-20 20:41:14.674  1914  1914 D GsmCdmaPhone: [GsmCdmaPhone] updateCurrentCarrierInProvider: mSubId = 1 currentDds = 1 operatorNumeric = 310260
02-20 20:41:14.707  1914  1914 D SubscriptionController: [addSubInfoRecord]- info size=1
02-20 20:41:14.707  1914  1914 D SubscriptionInfoUpdater: newSim = false
02-20 20:41:14.707  1914  1914 D SubscriptionInfoUpdater: updateSubscriptionInfoByIccId: sInsertSimState[0] = 0
02-20 20:41:14.714  2198  2198 W art     : Unexpected CPU variant for X86 using defaults: x86_64
02-20 20:41:14.714  1675  2183 I am_proc_start: [0,2198,10014,com.google.process.gapps,content provider,com.google.android.gsf/.gservices.GservicesProvider]
02-20 20:41:14.714  1675  2183 I ActivityManager: Start proc 2198:com.google.process.gapps/u0a14 for content provider com.google.android.gsf/.gservices.GservicesProvider
02-20 20:41:14.725  1675  1689 I am_proc_bound: [0,2198,com.google.process.gapps]
02-20 20:41:14.736  2214  2214 W art     : Unexpected CPU variant for X86 using defaults: x86
02-20 20:41:14.742  1675  1953 I am_proc_start: [0,2214,10029,com.google.android.googlequicksearchbox:search,service,com.google.android.googlequicksearchbox/com.google.android.hotword.service.HotwordService]
02-20 20:41:14.742  1675  1953 I ActivityManager: Start proc 2214:com.google.android.googlequicksearchbox:search/u0a29 for service com.google.android.googlequicksearchbox/com.google.android.hotword.service.HotwordService
02-20 20:41:14.745  1675  1688 I am_proc_bound: [0,2214,com.google.android.googlequicksearchbox:search]
02-20 20:41:14.758  2198  2198 I art     : Starting a blocking GC AddRemoveAppImageSpace
02-20 20:41:14.759  2198  2198 W System  : ClassLoader referenced unknown path: /system/priv-app/GoogleServicesFramework/lib/x86_64
02-20 20:41:14.794  2198  2198 I GservicesProvider: Gservices pushing to system: true; secure/global: true
02-20 20:41:14.811  1763  1763 D PhoneStatusBar: heads up is enabled
02-20 20:41:14.840  2164  2164 I am_on_resume_called: [0,com.google.android.apps.nexuslauncher.NexusLauncherActivity,LAUNCH_ACTIVITY]
02-20 20:41:14.850  2164  2197 V GridSizeMigrationTask: Workspace migration completed in 31
02-20 20:41:14.851  2164  2197 D Launcher.Model: loadWorkspace: loading default favorites
02-20 20:41:14.858  1313  2002 E SurfaceFlinger: ro.sf.lcd_density must be defined as a build property
02-20 20:41:14.872  2164  2164 D         : HostConnection::get() New Host Connection established 0x744a33e4a000, tid 2164
02-20 20:41:14.920  1313  1356 D gralloc_ranchu: gralloc_alloc: Creating ashmem region of size 15945728
02-20 20:41:14.943  1313  1325 D gralloc_ranchu: gralloc_alloc: Creating ashmem region of size 17051648
02-20 20:41:15.087  2164  2238 D         : HostConnection::get() New Host Connection established 0x744a33e4a420, tid 2238
02-20 20:41:15.088  2164  2238 I OpenGLRenderer: Initialized EGL, version 1.4
02-20 20:41:15.088  2164  2238 D OpenGLRenderer: Swap behavior 1
02-20 20:41:15.121  2164  2238 D EGL_emulation: eglCreateContext: 0x744a33e753a0: maj 3 min 0 rcv 3
02-20 20:41:15.151  2164  2238 D EGL_emulation: eglMakeCurrent: 0x744a33e753a0: ver 3 0 (tinfo 0x744a33ea3740)
02-20 20:41:15.213  2164  2238 D EGL_emulation: eglMakeCurrent: 0x744a33e753a0: ver 3 0 (tinfo 0x744a33ea3740)
02-20 20:41:15.232  1675  1685 I art     : Background partial concurrent mark sweep GC freed 18464(1374KB) AllocSpace objects, 13(8MB) LOS objects, 21% free, 14MB/18MB, paused 197us total 101.266ms
02-20 20:41:15.256  2198  2198 I GoogleHttpClient: GMS http client unavailable, use old client
02-20 20:41:15.261  1675  1698 I am_activity_launch_time: [0,27294670,com.google.android.apps.nexuslauncher/.NexusLauncherActivity,919,919]
02-20 20:41:15.261  1675  1698 I ActivityManager: Displayed com.google.android.apps.nexuslauncher/.NexusLauncherActivity: +919ms
02-20 20:41:15.302  1675  2103 I BackupManagerService: Found stale backup journal, scheduling
02-20 20:41:15.323  1675  1692 V KeyguardServiceDelegate: *** Keyguard connected (yay!)
02-20 20:41:15.396  1914  1914 W art     : Long monitor contention with owner Binder:1914_2 (1952) at java.util.List com.android.internal.telephony.SubscriptionController.getActiveSubscriptionInfoList(java.lang.String)(SubscriptionController.java:566) waiters=0 in java.util.List com.android.internal.telephony.SubscriptionController.getActiveSubscriptionInfoList(java.lang.String) for 502ms
02-20 20:41:15.397  1914  1914 I dvm_lock_sample: [com.android.phone,1,main,502,SubscriptionController.java,566,-,566,100]
02-20 20:41:15.397  1914  1914 D SubscriptionInfoUpdater: updateSubscriptionInfoByIccId: nSubCount = 1
02-20 20:41:15.400  1914  1914 D SubscriptionController: [setDefaultDataSubId] num phones=1, subId=1
02-20 20:41:15.401  1914  1914 D SubscriptionController: [setDefaultDataSubId] phoneId=0 subId=1 RAF=1
02-20 20:41:15.401  1914  1914 D ProxyController: setRadioCapability: Already in requested configuration, nothing to do.
02-20 20:41:15.401  1914  1914 D SubscriptionController: [updateAllDataConnectionTrackers] sPhones.length=1
02-20 20:41:15.401  1914  1914 D SubscriptionController: [updateAllDataConnectionTrackers] phoneId=0
02-20 20:41:15.401  1914  1914 D DCT     : [0]update sub = 1
02-20 20:41:15.401  1914  1914 D DCT     : [0]update(): Active DDS, register for all events now!
02-20 20:41:15.401  1914  1914 D GsmCdmaPhone: [GsmCdmaPhone] updateCurrentCarrierInProvider: mSubId = 1 currentDds = 1 operatorNumeric = 310260
02-20 20:41:15.414  2056  2056 I GAv4    : Google Analytics 9.2.56 is starting up. To enable debug logging on a device run:
02-20 20:41:15.414  2056  2056 I GAv4    :   adb shell setprop log.tag.GAv4 DEBUG
02-20 20:41:15.414  2056  2056 I GAv4    :   adb logcat -s GAv4
02-20 20:41:15.416  1675  1690 W GnssLocationProvider: Could not open GPS configuration file /etc/gps.conf
02-20 20:41:15.416  1675  1690 E GnssLocationProvider: no AGPS interface in set_agps_server
02-20 20:41:15.416  1675  1690 I GnssLocationProvider: WakeLock released by handleMessage(12, 0, null)
02-20 20:41:15.424  1914  1914 D SubscriptionController: [broadcastDefaultDataSubIdChanged] subId=1
02-20 20:41:15.432  1914  1914 D SubscriptionController: notifySubscriptionInfoChanged:
02-20 20:41:15.432  1675  1675 I GnssLocationProvider: WakeLock acquired by sendMessage(12, 0, null)
02-20 20:41:15.432  1914  2195 D SubscriptionMonitor: Phone[0] subId changed -2->1, 1 registrants
02-20 20:41:15.432  1914  2195 D SubscriptionMonitor: mDefaultDataSubId = 1, 1 registrants
02-20 20:41:15.433  1914  1914 D SubscriptionInfoUpdater: updateSubscriptionInfoByIccId:- SsubscriptionInfo update complete
