02-20 20:42:23.954  2035  2035 W art     : Unexpected CPU variant for X86 using defaults: x86_64
02-20 20:42:23.963  1676  1676 I am_proc_start: [0,2035,10004,com.android.cellbroadcastreceiver,broadcast,com.android.cellbroadcastreceiver/.CellBroadcastReceiver]
02-20 20:42:23.963  1676  1676 I ActivityManager: Start proc 2035:com.android.cellbroadcastreceiver/u0a4 for broadcast com.android.cellbroadcastreceiver/.CellBroadcastReceiver
02-20 20:42:23.963  1676  1691 I dvm_lock_sample: [system_server,1,android.ui,17,ActivityManagerService.java,4219,BroadcastQueue.java,760,3]
02-20 20:42:23.964  1676  1994 I am_proc_bound: [0,2035,com.android.cellbroadcastreceiver]
02-20 20:42:23.964  1676  1676 D ConditionProviders.SCP: onSubscribe condition://android/schedule?days=6.7&start=23.30&end=10.0&exitAtAlarm=false
02-20 20:42:23.965  1676  1676 D ConditionProviders.SCP: setRegistered true
02-20 20:42:23.982  1676  1676 D ConditionProviders.SCP: notifyCondition condition://android/schedule?days=6.7&start=23.30&end=10.0&exitAtAlarm=false STATE_FALSE reason=!meetsSchedule
02-20 20:42:23.982  1676  2014 D TelephonyRegistry: listen oscl: hasNotifySubscriptionInfoChangedOccurred==false no callback
02-20 20:42:23.983  1676  1731 D WifiNative-HAL: Setting external_sim to 1
02-20 20:42:23.988  1924  1924 D Dcc     : E ctor
02-20 20:42:23.988  1924  1924 D Dcc     : X ctor
02-20 20:42:23.992  1676  1731 D WifiStateMachine: Setting OUI to DA-A1-19
02-20 20:42:23.992  1676  1676 D ConditionProviders.SCP: Scheduling evaluate for Tue Feb 20 23:30:00 GMT+00:00 2018 (1519169400000), in +2h47m36s19ms, now=Tue Feb 20 20:42:23 GMT+00:00 2018 (1519159343981)
02-20 20:42:23.992  1676  1676 D ConditionProviders.SCP: onSubscribe condition://android/schedule?days=1.2.3.4.5&start=22.0&end=7.0&exitAtAlarm=false
02-20 20:42:23.992  1676  1676 D ConditionProviders.SCP: notifyCondition condition://android/schedule?days=6.7&start=23.30&end=10.0&exitAtAlarm=false STATE_FALSE reason=!meetsSchedule
02-20 20:42:23.994  1676  1676 D ConditionProviders.SCP: notifyCondition condition://android/schedule?days=1.2.3.4.5&start=22.0&end=7.0&exitAtAlarm=false STATE_FALSE reason=!meetsSchedule
02-20 20:42:23.995  1676  1676 D ConditionProviders.SCP: Scheduling evaluate for Tue Feb 20 22:00:00 GMT+00:00 2018 (1519164000000), in +1h17m36s8ms, now=Tue Feb 20 20:42:23 GMT+00:00 2018 (1519159343992)
02-20 20:42:23.995  1676  1676 I Telecom : WiredHeadsetManager: ACTION_HEADSET_PLUG event, plugged in: false, : WHC.oADA@AAE
02-20 20:42:23.997  1924  1924 D SubscriptionController: [getPhoneId] asked for default subId=-1
02-20 20:42:23.999  1676  1731 I WifiConnectivityManager: PNO settings: min5GHzRssi -82 min24GHzRssi -85 currentConnectionBonus 16 sameNetworkBonus 24 secureNetworkBonus 80 initialScoreMax 100
02-20 20:42:23.999  1676  1731 I WifiConnectivityManager: ConnectivityScanManager initialized and disabled
02-20 20:42:23.999  1676  1731 I WifiConnectivityManager: setUntrustedConnectionAllowed: allowed=false
02-20 20:42:23.999  1676  1731 E WifiLogger: no ring buffers found
02-20 20:42:23.999  1676  1731 E WifiLogger: Failed to start packet fate monitoring
02-20 20:42:24.002  1924  2051 D DcTesterDeacativateAll: register for intent action=com.android.internal.telephony.dataconnection.action_deactivate_all
02-20 20:42:24.002  1924  2051 D DcTesterDeacativateAll: register for intent action=com.android.internal.telephony.action_detached
02-20 20:42:24.004  1924  2051 D Dcc     : DccDefaultState: msg.what=EVENT_RIL_CONNECTED mRilVersion=12
02-20 20:42:24.004  1676  1676 I ActivityManager: user 0 is still locked. Cannot load recents
02-20 20:42:24.004  1924  1924 D DcTesterFailBrinupAll: register for intent action=com.android.internal.telephony.dataconnection.action_fail_bringup
02-20 20:42:24.004  1924  1924 D DcTesterFailBrinupAll: register for intent action=com.android.internal.telephony.action_detached
02-20 20:42:24.004  1924  1924 D DcTesterFailBrinupAll: register for intent action=com.android.internal.telephony.action_attached
02-20 20:42:24.004  1676  1676 I notification_enqueue: [10028,1760,com.android.systemui,1397773634,public:253,64,-1,Notification(pri=0 contentView=null vibrate=null sound=null defaults=0x0 flags=0x100 color=0xff607d8b category=sys actions=2 vis=PUBLIC),0]
02-20 20:42:24.005  1924  1924 D SST     : notifyDataRegStateRilRadioTechnologyChanged: drs=1 rat=0
02-20 20:42:24.005  1924  1924 D TelephonyManager: setTelephonyProperty: success phoneId=0 property=gsm.network.type value: Unknown propVal=Unknown
02-20 20:42:24.005  1924  1924 D DCT     : [0]update sub = -2
02-20 20:42:24.005  1924  1924 D DCT     : [0]update(): Active DDS, register for all events now!
02-20 20:42:24.005  1924  1924 D GsmCdmaPhone: [GsmCdmaPhone] updateCurrentCarrierInProvider: mSubId = -2 currentDds = 1 operatorNumeric = null
02-20 20:42:24.007  1924  1924 D DCT     : [0]initApnContexts: E
02-20 20:42:24.007  1924  1924 D DCT     : [0]initApnContexts: skipping unknown type=1
02-20 20:42:24.007  1924  1924 D DCT     : [0]initApnContexts: apnContext={mApnType=default mState=IDLE mWaitingApns={null} mApnSetting={null} mReason=dataEnabled mDataEnabled=false mDependencyMet=true}
02-20 20:42:24.007  1924  1924 D DCT     : [0]initApnContexts: apnContext={mApnType=mms mState=IDLE mWaitingApns={null} mApnSetting={null} mReason=dataEnabled mDataEnabled=false mDependencyMet=true}
02-20 20:42:24.007  1924  1924 D DCT     : [0]initApnContexts: apnContext={mApnType=supl mState=IDLE mWaitingApns={null} mApnSetting={null} mReason=dataEnabled mDataEnabled=false mDependencyMet=true}
02-20 20:42:24.007  1924  1924 D DCT     : [0]initApnContexts: apnContext={mApnType=hipri mState=IDLE mWaitingApns={null} mApnSetting={null} mReason=dataEnabled mDataEnabled=false mDependencyMet=true}
02-20 20:42:24.007  1924  1924 D DCT     : [0]initApnContexts: apnContext={mApnType=fota mState=IDLE mWaitingApns={null} mApnSetting={null} mReason=dataEnabled mDataEnabled=false mDependencyMet=true}
02-20 20:42:24.008  1676  1731 I WifiConnectivityManager: Set WiFi enabled
02-20 20:42:24.008  1924  1924 D DCT     : [0]initApnContexts: apnContext={mApnType=ims mState=IDLE mWaitingApns={null} mApnSetting={null} mReason=dataEnabled mDataEnabled=false mDependencyMet=true}
02-20 20:42:24.008  1924  1924 D DCT     : [0]initApnContexts: apnContext={mApnType=cbs mState=IDLE mWaitingApns={null} mApnSetting={null} mReason=dataEnabled mDataEnabled=false mDependencyMet=true}
02-20 20:42:24.008  1924  1924 D DCT     : [0]initApnContexts: skipping unknown type=13
02-20 20:42:24.008  1924  1924 D DCT     : [0]initApnContexts: apnContext={mApnType=ia mState=IDLE mWaitingApns={null} mApnSetting={null} mReason=dataEnabled mDataEnabled=false mDependencyMet=true}
02-20 20:42:24.008  1676  1731 I WifiConnectivityManager: scheduleWatchdogTimer
02-20 20:42:24.008  1924  1924 D DCT     : [0]initApnContexts: apnContext={mApnType=emergency mState=IDLE mWaitingApns={null} mApnSetting={null} mReason=dataEnabled mDataEnabled=false mDependencyMet=true}
02-20 20:42:24.018  1924  1924 D GsmCdmaPhone: [GsmCdmaPhone] GsmCdmaPhone: constructor: sub = 0
02-20 20:42:24.018  1924  1924 I PhoneFactory: Creating Phone with type = 1 sub = 0
02-20 20:42:24.025  1924  1924 I PhoneFactory: defaultSmsApplication: NONE
02-20 20:42:24.026  1676  1731 D WifiNative-HAL: Failing getSupportedFeatureset because HAL isn't started
02-20 20:42:24.033  1676  1693 E BatteryStatsService: no controller energy info supplied
02-20 20:42:24.033  1943  2003 D EGL_emulation: eglMakeCurrent: 0x7b6229d79c00: ver 3 0 (tinfo 0x7b62341fa880)
02-20 20:42:24.033  1676  1693 E KernelCpuSpeedReader: Failed to read cpu-freq: /sys/devices/system/cpu/cpu0/cpufreq/stats/time_in_state (No such file or directory)
02-20 20:42:24.034  1676  1693 E KernelUidCpuTimeReader: Failed to read uid_cputime: /proc/uid_cputime/show_uid_stat (No such file or directory)
02-20 20:42:24.044  1676  1731 D WifiNative-HAL: Failing getSupportedFeatureset because HAL isn't started
02-20 20:42:24.044  1676  1693 E BatteryStatsService: no controller energy info supplied
02-20 20:42:24.044  1676  1693 E KernelCpuSpeedReader: Failed to read cpu-freq: /sys/devices/system/cpu/cpu0/cpufreq/stats/time_in_state (No such file or directory)
02-20 20:42:24.044  1676  1693 E KernelUidCpuTimeReader: Failed to read uid_cputime: /proc/uid_cputime/show_uid_stat (No such file or directory)
02-20 20:42:24.045  1924  1924 I PhoneFactory: Creating SubInfoRecordUpdater 
02-20 20:42:24.046  1924  1924 D SubscriptionInfoUpdater: Constructor invoked
02-20 20:42:24.047  1676  1676 D TelephonyRegistry: notifyCellLocationForSubscriber: subId=0 cellLocation=Bundle[{}]
02-20 20:42:24.059  1924  1940 D SubscriptionController: [getPhoneId]- no sims, returning default phoneId=2147483647
02-20 20:42:24.061  1676  1676 D RttService: SCAN_AVAILABLE : 3
02-20 20:42:24.061  1676  1737 D RttService: DefaultState got{ when=0 what=160512 target=com.android.internal.util.StateMachine$SmHandler }
02-20 20:42:24.062  1676  1736 I WifiScanningService: wifi driver loaded with scan capabilities: max buckets=16
02-20 20:42:24.088  1676  1690 I boot_progress_enable_screen: 11088
02-20 20:42:24.089  1676  1697 I am_activity_launch_time: [0,94931165,com.android.settings/.FallbackHome,745,745]
02-20 20:42:24.089  1676  1697 I ActivityManager: Displayed com.android.settings/.FallbackHome: +745ms
02-20 20:42:24.090  1676  1690 V KeyguardServiceDelegate: *** Keyguard started
02-20 20:42:24.090  1676  1690 I screen_toggled: 1
02-20 20:42:24.091  1676  1690 W KeyguardServiceDelegate: onScreenTurningOn(): no keyguard service!
02-20 20:42:24.092  1676  2014 D TelephonyRegistry: listen oscl: hasNotifySubscriptionInfoChangedOccurred==false no callback
02-20 20:42:24.092  1924  1924 D SubscriptionController: [getPhoneId]- no sims, returning default phoneId=2147483647
02-20 20:42:24.093  1676  1994 D TelephonyRegistry: listen oscl: hasNotifySubscriptionInfoChangedOccurred==false no callback
02-20 20:42:24.093  1924  1924 D PhoneSwitcherNetworkRequstListener: Registering NetworkFactory
02-20 20:42:24.093  1924  1924 D PhoneSwitcher: PhoneSwitcher started
02-20 20:42:24.093  1676  1738 D ConnectivityService: Got NetworkFactory Messenger for PhoneSwitcherNetworkRequstListener
02-20 20:42:24.094  1924  1924 D ProxyController: Constructor - Enter
02-20 20:42:24.094  1924  1924 D ProxyController: clearTransaction
02-20 20:42:24.094  1924  1924 D ProxyController: clearTransaction: phoneId=0 status=IDLE
02-20 20:42:24.094  1924  1924 D ProxyController: Constructor - Exit
02-20 20:42:24.094  1924  1924 D TelephonyNetworkFactory[0]: Registering NetworkFactory
02-20 20:42:24.095  1676  1738 D ConnectivityService: Got NetworkFactory Messenger for TelephonyNetworkFactory[0]
02-20 20:42:24.095  1924  1924 D CallManager: registerPhone(GSM Handler (com.android.internal.telephony.GsmCdmaPhone) {6456058})
02-20 20:42:24.103  1676  1697 I WindowManager: Screen frozen for +712ms due to AppWindowToken{f983820 token=Token{a63cc52 ActivityRecord{5a888dd u0 com.android.settings/.FallbackHome t1}}}
02-20 20:42:24.103  1676  2014 D TelephonyRegistry: listen oscl: hasNotifySubscriptionInfoChangedOccurred==false no callback
02-20 20:42:24.140  2035  2035 W System  : ClassLoader referenced unknown path: /system/priv-app/CellBroadcastReceiver/lib/x86_64
02-20 20:42:24.170  1676  1744 E ActivityThread: Failed to find provider info for com.android.calendar
02-20 20:42:24.172  1676  1744 E ActivityThread: Failed to find provider info for com.android.calendar
02-20 20:42:24.210  1676  1743 D NotificationSQLiteLog: Pruned event entries: 0
02-20 20:42:24.220  1924  1940 D SubscriptionController: [getPhoneId]- no sims, returning default phoneId=2147483647
02-20 20:42:24.222  1676  1689 I SyncManager: Got SyncJobService instance.
02-20 20:42:24.222  1676  1676 I FusedLocation: engine started (com.android.location.fused)
02-20 20:42:24.241  1760  1760 I OpaLayout: Setting opa enabled to false
02-20 20:42:24.243  1760  1760 I OpaLayout: Setting opa enabled to false
02-20 20:42:24.262  1676  1687 W art     : Long monitor contention with owner android.display (1697) at void com.android.server.wm.WindowManagerService$H.handleMessage(android.os.Message)(WindowManagerService.java:8368) waiters=0 in float com.android.server.wm.WindowManagerService.getCurrentAnimatorScale() for 158ms
02-20 20:42:24.262  1676  1687 I dvm_lock_sample: [system_server,1,Binder:1676_1,158,WindowManagerService.java,5760,-,8368,31]
02-20 20:42:24.288  1760  1760 W System  : ClassLoader referenced unknown path: 
02-20 20:42:24.288  1760  1760 W System  : ClassLoader referenced unknown path: /system/priv-app/Dialer/lib/x86_64
02-20 20:42:24.288  1760  1760 D ApplicationLoaders: ignored Vulkan layer search path /system/priv-app/Dialer/lib/x86_64:/system/lib64:/vendor/lib64 for namespace 0x7b623885d0f0
02-20 20:42:24.289  1924  2058 E ActivityThread: Failed to find provider info for com.android.contacts
02-20 20:42:24.289  1924  2058 W CallerInfoCache: cursor is null
02-20 20:42:24.289  1924  1924 D CarrierConfigLoader: CarrierConfigLoader has started
02-20 20:42:24.289  1924  1924 E BluetoothAdapter: Bluetooth binder is null
02-20 20:42:24.291  1676  1966 D TelephonyRegistry: listen oscl: hasNotifySubscriptionInfoChangedOccurred==false no callback
02-20 20:42:24.329  1924  1924 D RILJ    : [3655]> RIL_REQUEST_SET_TTY_MODE : 0 [SUB0]
02-20 20:42:24.329  1373  1493 D RIL     : onRequest: SET_TTY_MODE
02-20 20:42:24.329  1924  1924 I Telephony: TtyManager: updateUiTtyMode -1 -> 0
02-20 20:42:24.330  1924  2013 D RilRequest: [3655]< RIL_REQUEST_SET_TTY_MODE error: com.android.internal.telephony.CommandException: RADIO_NOT_AVAILABLE ret=
02-20 20:42:24.332  1676  1966 D TelephonyRegistry: listen oscl: hasNotifySubscriptionInfoChangedOccurred==false no callback
02-20 20:42:24.333  1924  1924 D SubscriptionController: [getPhoneId] asked for default subId=-1
02-20 20:42:24.333  1676  1686 I art     : Background partial concurrent mark sweep GC freed 32068(1951KB) AllocSpace objects, 5(7MB) LOS objects, 21% free, 14MB/18MB, paused 7.041ms total 33.685ms
02-20 20:42:24.337  1924  1924 D UiccController: Received EVENT_ICC_STATUS_CHANGED, calling getIccCardStatus
02-20 20:42:24.337  1924  1924 D RILJ    : [3656]> GET_SIM_STATUS [SUB0]
02-20 20:42:24.337  1924  1924 D Phone   : config LCE service failed: com.android.internal.telephony.CommandException: RADIO_NOT_AVAILABLE
02-20 20:42:24.337  1924  1924 D GsmSMSDispatcher: GsmSMSDispatcher: subId = -2 slotId = 0
02-20 20:42:24.337  1924  1924 E IccCardProxy: setExternalState: !override and newstate unchanged from NOT_READY
02-20 20:42:24.338  1924  1924 D RILJ    : [3657]> BASEBAND_VERSION [SUB0]
02-20 20:42:24.338  1373  1493 D RIL     : onRequest: GET_SIM_STATUS
02-20 20:42:24.338  1373  1493 D RIL     : getSIMStatus(). sState: 0
02-20 20:42:24.339  1924  2013 D RILJ    : [3656]< GET_SIM_STATUS IccCardState {CARDSTATE_PRESENT,PINSTATE_UNKNOWN,num_apps=2,gsm_id=0{APPTYPE_SIM,APPSTATE_DETECTED},cdma_id=1{APPTYPE_RUIM,APPSTATE_DETECTED},ims_id=8} [SUB0]
02-20 20:42:24.339  1373  1493 D RIL     : onRequest: BASEBAND_VERSION
02-20 20:42:24.339  1924  2013 D RilRequest: [3657]< BASEBAND_VERSION error: com.android.internal.telephony.CommandException: RADIO_NOT_AVAILABLE ret=
02-20 20:42:24.340  1760  1760 E BluetoothAdapter: Bluetooth binder is null
02-20 20:42:24.340  1924  1924 D RILJ    : [3658]> GET_IMEI [SUB0]
02-20 20:42:24.341  1373  1493 D RIL     : onRequest: GET_IMEI
02-20 20:42:24.341  1373  1493 D AT      : AT> AT+CGSN
02-20 20:42:24.341  1924  1924 D RILJ    : [3659]> GET_IMEISV [SUB0]
02-20 20:42:24.341  1373  1496 D AT      : AT< 000000000000000
02-20 20:42:24.341  1373  1496 D AT      : AT< OK
02-20 20:42:24.341  1924  2013 D RILJ    : [3658]< GET_IMEI  [SUB0]
02-20 20:42:24.341  1373  1493 D RIL     : onRequest: GET_IMEISV
02-20 20:42:24.341  1924  2013 D RilRequest: [3659]< GET_IMEISV error: com.android.internal.telephony.CommandException: RADIO_NOT_AVAILABLE ret=
02-20 20:42:24.342  1676  1788 D TelephonyRegistry: listen oscl: hasNotifySubscriptionInfoChangedOccurred==false no callback
02-20 20:42:24.342  1924  1924 D RILJ    : [3660]> RIL_REQUEST_GET_RADIO_CAPABILITY [SUB0]
02-20 20:42:24.342  1373  1493 D RIL     : onRequest: RIL_REQUEST_GET_RADIO_CAPABILITY
02-20 20:42:24.342  1924  2013 D RilRequest: [3660]< RIL_REQUEST_GET_RADIO_CAPABILITY error: com.android.internal.telephony.CommandException: RADIO_NOT_AVAILABLE ret=
02-20 20:42:24.343  1924  1924 D RILJ    : [3661]> RIL_REQUEST_START_LCE [SUB0]
02-20 20:42:24.343  1373  1493 D RIL     : onRequest: <unknown request>
02-20 20:42:24.343  1924  2013 D RilRequest: [3661]< RIL_REQUEST_START_LCE error: com.android.internal.telephony.CommandException: RADIO_NOT_AVAILABLE ret=
02-20 20:42:24.343  1924  1924 D GsmCdmaPhone: [GsmCdmaPhone] Event EVENT_RADIO_OFF_OR_NOT_AVAILABLE Received
02-20 20:42:24.343  1924  1924 E IccCardProxy: setExternalState: !override and newstate unchanged from NOT_READY
02-20 20:42:24.343  1924  1924 D SST     : mDeviceShuttingDown=false, mDesiredPowerState=true, getRadioState=RADIO_OFF, mPowerOffDelayNeed=true, mAlarmSwitch=false, mRadioDisabledByCarrier=false
02-20 20:42:24.343  1924  1924 D RILJ    : [3662]> RADIO_POWER on [SUB0]
02-20 20:42:24.343  1373  1493 D RIL     : onRequest: RADIO_POWER
02-20 20:42:24.343  1373  1493 D AT      : AT> AT+CFUN=1
02-20 20:42:24.344  1924  1924 D RILJ    : [3663]> OPERATOR [SUB0]
02-20 20:42:24.344  1373  1496 D AT      : AT< OK
02-20 20:42:24.344  1373  1493 D RIL     : setRadioState(10)
02-20 20:42:24.344  1924  2013 D RILJ    : [UNSL]< UNSOL_RESPONSE_RADIO_STATE_CHANGED RADIO_ON [SUB0]
02-20 20:42:24.344  1924  2013 D RILJ    : [UNSL]< UNSOL_RESPONSE_SIM_STATUS_CHANGED [SUB0]
02-20 20:42:24.344  1924  2013 D RILJ    : [3662]< RADIO_POWER  [SUB0]
02-20 20:42:24.344  1373  1493 D RIL     : onRequest: OPERATOR
02-20 20:42:24.344  1373  1493 D AT      : AT> AT+COPS=3,0;+COPS?;+COPS=3,1;+COPS?;+COPS=3,2;+COPS?
02-20 20:42:24.344  1924  1924 D RILJ    : [3664]> DATA_REGISTRATION_STATE [SUB0]
02-20 20:42:24.344  1373  1496 D AT      : AT< +COPS: 0,0,"Android"
02-20 20:42:24.344  1373  1496 D AT      : AT< +COPS: 0,1,"Android"
02-20 20:42:24.344  1373  1496 D AT      : AT< +COPS: 0,2,"310260"
02-20 20:42:24.344  1373  1496 D AT      : AT< OK
02-20 20:42:24.344  1924  2013 D RILJ    : [3663]< OPERATOR {Android, Android, 310260} [SUB0]
02-20 20:42:24.344  1373  1493 D RIL     : onRequest: DATA_REGISTRATION_STATE
02-20 20:42:24.344  1373  1493 D RIL     : requestRegistrationState
02-20 20:42:24.344  1373  1493 D AT      : AT> AT+CGREG?
02-20 20:42:24.344  1924  1924 D RILJ    : [3665]> VOICE_REGISTRATION_STATE [SUB0]
02-20 20:42:24.344  1373  1496 D AT      : AT< +CGREG: 1,1,"0003","005b","000e"
02-20 20:42:24.344  1373  1496 D AT      : AT< OK
02-20 20:42:24.344  1373  1493 D RIL     : parseRegistrationState. Parsing: +CGREG: 1,1,"0003","005b","000e"
02-20 20:42:24.344  1373  1493 D RIL     : registration state type: 3GPP
02-20 20:42:24.344  1924  2013 D RILJ    : [3664]< DATA_REGISTRATION_STATE {1, 3, 5b, 14, null, null} [SUB0]
02-20 20:42:24.345  1373  1493 D RIL     : onRequest: VOICE_REGISTRATION_STATE
02-20 20:42:24.345  1373  1493 D RIL     : requestRegistrationState
02-20 20:42:24.345  1373  1493 D AT      : AT> AT+CREG?
02-20 20:42:24.345  1924  1924 D RILJ    : [3666]> QUERY_NETWORK_SELECTION_MODE [SUB0]
02-20 20:42:24.345  1373  1496 D AT      : AT< +CREG: 2,1, "0003", "005b"
02-20 20:42:24.345  1373  1496 D AT      : AT< OK
02-20 20:42:24.345  1373  1493 D RIL     : parseRegistrationState. Parsing: +CREG: 2,1, "0003", "005b"
02-20 20:42:24.345  1373  1493 D RIL     : registration state type: 3GPP
02-20 20:42:24.345  1924  2013 D RILJ    : [3665]< VOICE_REGISTRATION_STATE {1, 3, 5b, 0, null, null, null, null, null, null, null, null, null, null, null} [SUB0]
02-20 20:42:24.345  1373  1493 D RIL     : onRequest: QUERY_NETWORK_SELECTION_MODE
02-20 20:42:24.345  1373  1493 D AT      : AT> AT+COPS?
02-20 20:42:24.345  1373  1496 D AT      : AT< +COPS: 0,2,310260
02-20 20:42:24.345  1373  1496 D AT      : AT< OK
02-20 20:42:24.345  1924  2013 D RILJ    : [3666]< QUERY_NETWORK_SELECTION_MODE {0} [SUB0]
02-20 20:42:24.345  1924  1924 D SST     : NITZ: 18/02/20:20:42:18+0:0:Unknown!Unknown,4138 start=11345 delay=7207
02-20 20:42:24.346  1924  1924 D SST     : NITZ: tzOffset=0 dst=0 zone=GMT iso= mGotCountryCode=false mNeedFixZoneAfterNitz=false
02-20 20:42:24.346  1924  1924 D SST     : setAndBroadcastNetworkSetTimeZone: setTimeZone=GMT
02-20 20:42:24.346  1676  1789 D AlarmManagerService: Kernel timezone updated to 0 minutes west of GMT
02-20 20:42:24.347  1924  1924 D SST     : setAndBroadcastNetworkSetTimeZone: call alarm.setTimeZone and broadcast zoneId=GMT
02-20 20:42:24.347  1924  1924 D SST     : NITZ: Setting time of day to Tue Feb 20 20:42:25 GMT+00:00 2018 NITZ receive delay(ms): 7209 gained(ms): 862 from 18/02/20:20:42:18+0:0:Unknown!Unknown
02-20 20:42:24.347  1924  1924 D SST     : setAndBroadcastNetworkSetTime: time=1519159345209ms
02-20 20:42:24.347  1676  1687 D AlarmManagerService: Setting time of day to sec=1519159345
02-20 20:42:25.211  1676  1687 W AlarmManagerService: Unable to set rtc to 1519159345: No such device
02-20 20:42:25.212  1676  1676 D ConditionProviders.SCP: onReceive android.intent.action.TIME_SET
02-20 20:42:25.213  1676  1676 D ConditionProviders.SCP: notifyCondition condition://android/schedule?days=6.7&start=23.30&end=10.0&exitAtAlarm=false STATE_FALSE reason=!meetsSchedule
02-20 20:42:25.213  1676  1676 D ConditionProviders.SCP: notifyCondition condition://android/schedule?days=1.2.3.4.5&start=22.0&end=7.0&exitAtAlarm=false STATE_FALSE reason=!meetsSchedule
02-20 20:42:25.213  1676  1676 D ConditionProviders.SCP: Scheduling evaluate for Tue Feb 20 22:00:00 GMT+00:00 2018 (1519164000000), in +1h17m34s788ms, now=Tue Feb 20 20:42:25 GMT+00:00 2018 (1519159345212)
02-20 20:42:25.214  1676  1744 E ActivityThread: Failed to find provider info for com.android.calendar
02-20 20:42:25.214  1676  1744 E ActivityThread: Failed to find provider info for com.android.calendar
02-20 20:42:25.219  1924  1936 D SubscriptionController: [getActiveSubInfoList] Sub Controller not ready
02-20 20:42:25.221  1760  1760 I CameraManagerGlobal: Connecting to camera service
02-20 20:42:25.222  1924  1924 I SST     : NITZ: after Setting time of day
02-20 20:42:25.223  1924  1924 D SST     : NITZ: end=11361 dur=16
02-20 20:42:25.235  1364  1364 V EmulatedCamera_Camera: getCameraInfo
02-20 20:42:25.235  1364  1364 V EmulatedCamera_BaseCamera: getCameraInfo
02-20 20:42:25.235  1364  1364 I CameraService: getCameraCharacteristics: Switching to HAL1 shim implementation...
02-20 20:42:25.235  1364  1364 V EmulatedCamera_Camera: getCameraInfo
02-20 20:42:25.235  1364  1364 V EmulatedCamera_BaseCamera: getCameraInfo
02-20 20:42:25.235  1364  1364 I CameraService: CameraService::connect call (PID -1 "cameraserver", camera ID 0) for HAL version default and Camera API version 1
02-20 20:42:25.235  1924  1924 D SST     : onSignalStrengthResult() Exception from RIL : com.android.internal.telephony.CommandException: RADIO_NOT_AVAILABLE
02-20 20:42:25.236  1364  1364 E CameraService: getCameraPriorityFromProcState: Received invalid process state -1 from ActivityManagerService!
02-20 20:42:25.236  1364  1364 V EmulatedCamera_Camera: getCameraInfo
02-20 20:42:25.236  1364  1364 V EmulatedCamera_BaseCamera: getCameraInfo
02-20 20:42:25.236  1924  1924 D SST     : mDeviceShuttingDown=false, mDesiredPowerState=true, getRadioState=RADIO_ON, mPowerOffDelayNeed=true, mAlarmSwitch=false, mRadioDisabledByCarrier=false
02-20 20:42:25.236  1924  1924 D RILJ    : [3667]> OPERATOR [SUB0]
02-20 20:42:25.236  1924  1924 D RILJ    : [3668]> DATA_REGISTRATION_STATE [SUB0]
02-20 20:42:25.237  1373  1493 D RIL     : onRequest: OPERATOR
02-20 20:42:25.237  1373  1493 D AT      : AT> AT+COPS=3,0;+COPS?;+COPS=3,1;+COPS?;+COPS=3,2;+COPS?
02-20 20:42:25.237  1373  1496 D AT      : AT< +COPS: 0,0,"Android"
02-20 20:42:25.237  1373  1496 D AT      : AT< +COPS: 0,1,"Android"
02-20 20:42:25.237  1373  1496 D AT      : AT< +COPS: 0,2,"310260"
02-20 20:42:25.237  1373  1496 D AT      : AT< OK
02-20 20:42:25.237  1924  1924 D RILJ    : [3669]> VOICE_REGISTRATION_STATE [SUB0]
02-20 20:42:25.237  1924  1924 D RILJ    : [3670]> QUERY_NETWORK_SELECTION_MODE [SUB0]
02-20 20:42:25.237  1373  1493 D RIL     : onRequest: DATA_REGISTRATION_STATE
02-20 20:42:25.237  1373  1493 D RIL     : requestRegistrationState
02-20 20:42:25.237  1373  1493 D AT      : AT> AT+CGREG?
02-20 20:42:25.238  1373  1496 D AT      : AT< +CGREG: 1,1,"0003","005b","000e"
02-20 20:42:25.238  1373  1496 D AT      : AT< OK
02-20 20:42:25.238  1373  1493 D RIL     : parseRegistrationState. Parsing: +CGREG: 1,1,"0003","005b","000e"
02-20 20:42:25.238  1373  1493 D RIL     : registration state type: 3GPP
02-20 20:42:25.238  1373  1493 D RIL     : onRequest: VOICE_REGISTRATION_STATE
02-20 20:42:25.238  1373  1493 D RIL     : requestRegistrationState
02-20 20:42:25.238  1373  1493 D AT      : AT> AT+CREG?
02-20 20:42:25.238  1924  2013 D RILJ    : [3667]< OPERATOR {Android, Android, 310260} [SUB0]
02-20 20:42:25.238  1373  1496 D AT      : AT< +CREG: 2,1, "0003", "005b"
02-20 20:42:25.238  1373  1496 D AT      : AT< OK
02-20 20:42:25.238  1373  1493 D RIL     : parseRegistrationState. Parsing: +CREG: 2,1, "0003", "005b"
02-20 20:42:25.238  1373  1493 D RIL     : registration state type: 3GPP
02-20 20:42:25.238  1924  2013 D RILJ    : [3668]< DATA_REGISTRATION_STATE {1, 3, 5b, 14, null, null} [SUB0]
02-20 20:42:25.238  1924  2013 D RILJ    : [3669]< VOICE_REGISTRATION_STATE {1, 3, 5b, 0, null, null, null, null, null, null, null, null, null, null, null} [SUB0]
02-20 20:42:25.238  1373  1493 D RIL     : onRequest: QUERY_NETWORK_SELECTION_MODE
02-20 20:42:25.238  1373  1493 D AT      : AT> AT+COPS?
02-20 20:42:25.239  1373  1496 D AT      : AT< +COPS: 0,2,310260
02-20 20:42:25.239  1373  1496 D AT      : AT< OK
02-20 20:42:25.239  1924  1924 D DCT     : [0]Wifi state changed
02-20 20:42:25.239  1924  2013 D RILJ    : [3670]< QUERY_NETWORK_SELECTION_MODE {0} [SUB0]
02-20 20:42:25.239  1924  1924 D DCT     : [0]WIFI_STATE_CHANGED_ACTION: enabled=true mIsWifiConnected=false
02-20 20:42:25.239  1924  1924 D DCT     : [0]NETWORK_STATE_CHANGED_ACTION: mIsWifiConnected=false
02-20 20:42:25.240  1924  1924 D DCT     : [0]onRadioAvailable
02-20 20:42:25.247  1924  1924 D DCT     : [0]onRadioOffOrNotAvailable: is off and clean up all connections
02-20 20:42:25.247  1924  1924 D DCT     : [0]cleanUpAllConnections: tearDown=false reason=radioTurnedOff
02-20 20:42:25.247  1924  1924 D GsmCdmaPhone: [GsmCdmaPhone] getDataConnectionState apnType=default ret=DISCONNECTED
02-20 20:42:25.248  1371  2065 E WVMExtractor: Failed to open libwvm.so: dlopen failed: library "libwvm.so" not found
02-20 20:42:25.249  1924  1924 D DCT     : [0]cleanUpConnection: X tearDown=false reason=radioTurnedOff apnContext={mApnType=default mState=IDLE mWaitingApns={null} mApnSetting={null} mReason=radioTurnedOff mDataEnabled=false mDependencyMet=true} dcac=null
02-20 20:42:25.249  1924  1924 D GsmCdmaPhone: [GsmCdmaPhone] getDataConnectionState apnType=mms ret=DISCONNECTED
02-20 20:42:25.250  1924  1924 D DCT     : [0]cleanUpConnection: X tearDown=false reason=radioTurnedOff apnContext={mApnType=mms mState=IDLE mWaitingApns={null} mApnSetting={null} mReason=radioTurnedOff mDataEnabled=false mDependencyMet=true} dcac=null
02-20 20:42:25.250  1924  1924 D GsmCdmaPhone: [GsmCdmaPhone] getDataConnectionState apnType=cbs ret=DISCONNECTED
02-20 20:42:25.251  1924  1924 D DCT     : [0]cleanUpConnection: X tearDown=false reason=radioTurnedOff apnContext={mApnType=cbs mState=IDLE mWaitingApns={null} mApnSetting={null} mReason=radioTurnedOff mDataEnabled=false mDependencyMet=true} dcac=null
02-20 20:42:25.251  1924  1924 D GsmCdmaPhone: [GsmCdmaPhone] getDataConnectionState apnType=fota ret=DISCONNECTED
02-20 20:42:25.252  1371  2064 D NuPlayerDriver: notifyListener_l(0xe930c4e0), (1, 0, 0), loop setting(0, 0)
02-20 20:42:25.252  1924  1924 D DCT     : [0]cleanUpConnection: X tearDown=false reason=radioTurnedOff apnContext={mApnType=fota mState=IDLE mWaitingApns={null} mApnSetting={null} mReason=radioTurnedOff mDataEnabled=false mDependencyMet=true} dcac=null
02-20 20:42:25.252  1924  1924 D GsmCdmaPhone: [GsmCdmaPhone] getDataConnectionState apnType=supl ret=DISCONNECTED
02-20 20:42:25.253  1924  1924 D DCT     : [0]cleanUpConnection: X tearDown=false reason=radioTurnedOff apnContext={mApnType=supl mState=IDLE mWaitingApns={null} mApnSetting={null} mReason=radioTurnedOff mDataEnabled=false mDependencyMet=true} dcac=null
02-20 20:42:25.253  1924  1924 D GsmCdmaPhone: [GsmCdmaPhone] getDataConnectionState apnType=ia ret=DISCONNECTED
02-20 20:42:25.253  1924  1924 D DCT     : [0]cleanUpConnection: X tearDown=false reason=radioTurnedOff apnContext={mApnType=ia mState=IDLE mWaitingApns={null} mApnSetting={null} mReason=radioTurnedOff mDataEnabled=false mDependencyMet=true} dcac=null
02-20 20:42:25.253  1924  1924 D GsmCdmaPhone: [GsmCdmaPhone] getDataConnectionState apnType=emergency ret=DISCONNECTED
02-20 20:42:25.254  1924  1924 D DCT     : [0]cleanUpConnection: X tearDown=false reason=radioTurnedOff apnContext={mApnType=emergency mState=IDLE mWaitingApns={null} mApnSetting={null} mReason=radioTurnedOff mDataEnabled=false mDependencyMet=true} dcac=null
02-20 20:42:25.254  1924  1924 D GsmCdmaPhone: [GsmCdmaPhone] getDataConnectionState apnType=hipri ret=DISCONNECTED
02-20 20:42:25.254  1924  1924 D DCT     : [0]cleanUpConnection: X tearDown=false reason=radioTurnedOff apnContext={mApnType=hipri mState=IDLE mWaitingApns={null} mApnSetting={null} mReason=radioTurnedOff mDataEnabled=false mDependencyMet=true} dcac=null
02-20 20:42:25.254  1924  1924 D GsmCdmaPhone: [GsmCdmaPhone] getDataConnectionState apnType=ims ret=DISCONNECTED
02-20 20:42:25.256  1924  1924 D DCT     : [0]cleanUpConnection: X tearDown=false reason=radioTurnedOff apnContext={mApnType=ims mState=IDLE mWaitingApns={null} mApnSetting={null} mReason=radioTurnedOff mDataEnabled=false mDependencyMet=true} dcac=null
02-20 20:42:25.256  1924  1924 D DCT     : [0]stopNetStatPoll
02-20 20:42:25.257  1924  1924 D DCT     : [0]cleanUpConnection: mDisconnectPendingCount = 0
02-20 20:42:25.257  1924  1924 D DCT     : [0]isDataAllowed: No - SIM not loaded - Not attached
02-20 20:42:25.261  1924  1936 D SubscriptionController: [getActiveSubInfoList] Sub Controller not ready
02-20 20:42:25.264  1371  2066 D NuPlayerDriver: notifyListener_l(0xe930c5a0), (1, 0, 0), loop setting(0, 0)
02-20 20:42:25.269  1924  1924 D DCT     : [0]onDataConnectionDetached: stop polling and notify detached
02-20 20:42:25.269  1924  1924 D DCT     : [0]stopNetStatPoll
02-20 20:42:25.269  1924  1924 D DCT     : [0]notifyDataConnection: reason=dataDetached
02-20 20:42:25.269  1924  1924 D DCT     : [0]isDataAllowed: No - SIM not loaded - Not attached
02-20 20:42:25.276  1924  1924 D DCT     : [0]onRoamingOff
02-20 20:42:25.276  1924  1924 D DCT     : [0]isDataAllowed: No - SIM not loaded - Not attached
02-20 20:42:25.280  1371  2068 D NuPlayerDriver: notifyListener_l(0xe930c900), (1, 0, 0), loop setting(0, 0)
02-20 20:42:25.289  1364  1364 I CameraFlashlight: Opening camera 0
02-20 20:42:25.289  1364  1364 V EmulatedCamera_Camera: getCameraInfo
02-20 20:42:25.289  1364  1364 V EmulatedCamera_BaseCamera: getCameraInfo
02-20 20:42:25.289  1364  1364 V EmulatedCamera_Camera: connectCamera
02-20 20:42:25.289  1364  1364 V EmulatedCamera_FakeDevice: connectDevice
02-20 20:42:25.289  1364  1364 V EmulatedCamera_CallbackNotifier: setCallbacks: 0xf0cfee80, 0xf0cfeed0, 0xf0cfeff0, 0xf0cff110 (0xf0a43320)
02-20 20:42:25.289  1364  1364 V EmulatedCamera_CallbackNotifier: enableMessage: msg_type = 0xc0d
02-20 20:42:25.289  1364  1364 V EmulatedCamera_CallbackNotifier:     CAMERA_MSG_ERROR
02-20 20:42:25.289  1364  1364 V EmulatedCamera_CallbackNotifier:     CAMERA_MSG_FOCUS
02-20 20:42:25.289  1364  1364 V EmulatedCamera_CallbackNotifier:     CAMERA_MSG_ZOOM
02-20 20:42:25.289  1364  1364 V EmulatedCamera_CallbackNotifier:     CAMERA_MSG_PREVIEW_METADATA
02-20 20:42:25.289  1364  1364 V EmulatedCamera_CallbackNotifier: **** Currently enabled messages:
02-20 20:42:25.289  1364  1364 V EmulatedCamera_CallbackNotifier:     CAMERA_MSG_ERROR
02-20 20:42:25.289  1364  1364 V EmulatedCamera_CallbackNotifier:     CAMERA_MSG_FOCUS
02-20 20:42:25.289  1364  1364 V EmulatedCamera_CallbackNotifier:     CAMERA_MSG_ZOOM
02-20 20:42:25.289  1364  1364 V EmulatedCamera_CallbackNotifier:     CAMERA_MSG_PREVIEW_METADATA
02-20 20:42:25.289  1364  1364 V EmulatedCamera_CallbackNotifier: disableMessage: msg_type = 0xffff
02-20 20:42:25.289  1364  1364 V EmulatedCamera_CallbackNotifier:     CAMERA_MSG_ERROR
02-20 20:42:25.289  1364  1364 V EmulatedCamera_CallbackNotifier:     CAMERA_MSG_SHUTTER
02-20 20:42:25.289  1364  1364 V EmulatedCamera_CallbackNotifier:     CAMERA_MSG_FOCUS
02-20 20:42:25.289  1364  1364 V EmulatedCamera_CallbackNotifier:     CAMERA_MSG_ZOOM
02-20 20:42:25.289  1364  1364 V EmulatedCamera_CallbackNotifier:     CAMERA_MSG_PREVIEW_FRAME
02-20 20:42:25.289  1364  1364 V EmulatedCamera_CallbackNotifier:     CAMERA_MSG_VIDEO_FRAME
02-20 20:42:25.289  1364  1364 V EmulatedCamera_CallbackNotifier:     CAMERA_MSG_POSTVIEW_FRAME
02-20 20:42:25.289  1364  1364 V EmulatedCamera_CallbackNotifier:     CAMERA_MSG_RAW_IMAGE
02-20 20:42:25.289  1364  1364 V EmulatedCamera_CallbackNotifier:     CAMERA_MSG_COMPRESSED_IMAGE
02-20 20:42:25.289  1364  1364 V EmulatedCamera_CallbackNotifier:     CAMERA_MSG_RAW_IMAGE_NOTIFY
02-20 20:42:25.289  1364  1364 V EmulatedCamera_CallbackNotifier:     CAMERA_MSG_PREVIEW_METADATA
02-20 20:42:25.289  1364  1364 V EmulatedCamera_CallbackNotifier: **** Currently enabled messages:
02-20 20:42:25.289  1364  1364 V EmulatedCamera_Preview: setPreviewWindow: current: 0x0 -> new: 0x0
02-20 20:42:25.289  1364  1364 V EmulatedCamera_Camera: doStopPreview
02-20 20:42:25.290  1364  1364 V EmulatedCamera_Camera: cancelPicture
02-20 20:42:25.290  1364  1364 V EmulatedCamera_Camera: releaseCamera
02-20 20:42:25.290  1364  1364 V EmulatedCamera_Camera: doStopPreview
02-20 20:42:25.290  1364  1364 V EmulatedCamera_FakeDevice: disconnectDevice
02-20 20:42:25.290  1364  1364 W EmulatedCamera_Device: Initialize: Emulated camera device is already initialized: mState = 1
02-20 20:42:25.290  1364  1364 D EmulatedCamera_FakeCamera: Initialize: Fake camera is facing back
02-20 20:42:25.290  1364  1364 V EmulatedCamera_Device: initializeWhiteBalanceModes with auto, 1.000000, 1.000000
02-20 20:42:25.290  1364  1364 V EmulatedCamera_Device: initializeWhiteBalanceModes with incandescent, 1.380000, 0.600000
02-20 20:42:25.290  1364  1364 V EmulatedCamera_Device: initializeWhiteBalanceModes with daylight, 1.090000, 0.920000
02-20 20:42:25.290  1364  1364 V EmulatedCamera_Device: initializeWhiteBalanceModes with twilight, 0.920000, 1.220000
02-20 20:42:25.290  1364  1364 V EmulatedCamera_Device: setWhiteBalanceMode with white balance auto
02-20 20:42:25.290  1364  1364 I CameraFlashlight: Destroying camera 0
02-20 20:42:25.290  1364  1364 V EmulatedCamera_Camera: closeCamera
02-20 20:42:25.290  1364  1364 V EmulatedCamera_Camera: doStopPreview
02-20 20:42:25.290  1364  1364 W EmulatedCamera_Device: Initialize: Emulated camera device is already initialized: mState = 1
02-20 20:42:25.290  1364  1364 D EmulatedCamera_FakeCamera: Initialize: Fake camera is facing back
02-20 20:42:25.290  1364  1364 V EmulatedCamera_Device: initializeWhiteBalanceModes with auto, 1.000000, 1.000000
02-20 20:42:25.290  1364  1364 V EmulatedCamera_Device: initializeWhiteBalanceModes with incandescent, 1.380000, 0.600000
02-20 20:42:25.290  1364  1364 V EmulatedCamera_Device: initializeWhiteBalanceModes with daylight, 1.090000, 0.920000
02-20 20:42:25.290  1364  1364 V EmulatedCamera_Device: initializeWhiteBalanceModes with twilight, 0.920000, 1.220000
02-20 20:42:25.290  1364  1364 V EmulatedCamera_Device: setWhiteBalanceMode with white balance auto
02-20 20:42:25.290  1364  1364 I CameraService: disconnect: Disconnected client for camera 0 for PID 1364
02-20 20:42:25.290  1371  1825 D NuPlayerDriver: reset(0xe930c4e0) at state 4
02-20 20:42:25.290  1371  1825 D NuPlayerDriver: notifyListener_l(0xe930c4e0), (8, 0, 0), loop setting(0, 0)
02-20 20:42:25.291  1371  2064 D NuPlayerDriver: notifyResetComplete(0xe930c4e0)
02-20 20:42:25.292  1371  1395 D NuPlayerDriver: reset(0xe930c5a0) at state 4
02-20 20:42:25.292  1371  1395 D NuPlayerDriver: notifyListener_l(0xe930c5a0), (8, 0, 0), loop setting(0, 0)
02-20 20:42:25.292  1371  2066 D NuPlayerDriver: notifyResetComplete(0xe930c5a0)
02-20 20:42:25.292  1371  1880 D NuPlayerDriver: reset(0xe930c900) at state 4
02-20 20:42:25.292  1371  1880 D NuPlayerDriver: notifyListener_l(0xe930c900), (8, 0, 0), loop setting(0, 0)
02-20 20:42:25.292  1371  2068 D NuPlayerDriver: notifyResetComplete(0xe930c900)
02-20 20:42:25.296  1364  2063 V EmulatedCamera_Camera: getCameraInfo
02-20 20:42:25.296  1364  2063 V EmulatedCamera_BaseCamera: getCameraInfo
02-20 20:42:25.296  1364  1364 V EmulatedCamera_Camera: getCameraInfo
02-20 20:42:25.296  1364  1364 V EmulatedCamera_BaseCamera: getCameraInfo
02-20 20:42:25.297  1924  1924 D DCT     : [0]setupDataOnConnectableApns: roamingOff hipri:[state=IDLE,enabled=false] mms:[state=IDLE,enabled=false] supl:[state=IDLE,enabled=false] ia:[state=IDLE,enabled=false] fota:[state=IDLE,enabled=false] ims:[state=IDLE,enabled=false] cbs:[state=IDLE,enabled=false] default:[state=IDLE,enabled=false] emergency:[state=IDLE,enabled=false] 
02-20 20:42:25.297  1924  1924 D DCT     : [0]setupDataOnConnectableApns: nwTypeChanged hipri:[state=IDLE,enabled=false] mms:[state=IDLE,enabled=false] supl:[state=IDLE,enabled=false] ia:[state=IDLE,enabled=false] fota:[state=IDLE,enabled=false] ims:[state=IDLE,enabled=false] cbs:[state=IDLE,enabled=false] default:[state=IDLE,enabled=false] emergency:[state=IDLE,enabled=false] 
02-20 20:42:25.297  1924  1924 D SubscriptionInfoUpdater: [Receiver]+
02-20 20:42:25.297  1924  1924 D SubscriptionInfoUpdater: Action: android.intent.action.SIM_STATE_CHANGED
02-20 20:42:25.297  1924  1924 D SubscriptionInfoUpdater: slotId: 0
02-20 20:42:25.297  1924  1924 D SubscriptionInfoUpdater: simStatus: NOT_READY
02-20 20:42:25.297  1924  1924 D SubscriptionInfoUpdater: Ignoring simStatus: NOT_READY
02-20 20:42:25.297  1924  1924 D SubscriptionInfoUpdater: [Receiver]-
02-20 20:42:25.298  1924  1924 D PhoneSwitcherNetworkRequstListener: got request NetworkRequest [ REQUEST id=1, [ Capabilities: INTERNET&NOT_RESTRICTED&TRUSTED&NOT_VPN] ] with score 0
02-20 20:42:25.298  1924  1924 D TelephonyNetworkFactory[0]: onSubIdChange -1->-2
02-20 20:42:25.298  1924  1924 D TelephonyNetworkFactory[0]: got request NetworkRequest [ REQUEST id=1, [ Capabilities: INTERNET&NOT_RESTRICTED&TRUSTED&NOT_VPN] ] with score 0
02-20 20:42:25.299  1924  1924 D DebugService: DebugService DebugService:
02-20 20:42:25.299  1924  1924 D TelephonyDebugService: TelephonyDebugService()
02-20 20:42:25.302  1924  1924 D CarrierConfigLoader: mHandler: 12 phoneId: 0
02-20 20:42:25.302  1924  1924 D RILJ    : [3671]> RIL_REQUEST_QUERY_TTY_MODE [SUB0]
02-20 20:42:25.303  1924  1924 D UiccController: Received EVENT_GET_ICC_STATUS_DONE
02-20 20:42:25.303  1373  1493 D RIL     : onRequest: QUERY_TTY_MODE
02-20 20:42:25.303  1373  1493 D RIL     : Request not supported. Tech: 1
02-20 20:42:25.303  1924  1924 D UiccCard: 2 applications
02-20 20:42:25.303  1924  1924 D UiccCardApplication: Creating UiccApp: {APPTYPE_SIM,APPSTATE_DETECTED}
02-20 20:42:25.303  1924  2013 D RilRequest: [3671]< RIL_REQUEST_QUERY_TTY_MODE error: com.android.internal.telephony.CommandException: REQUEST_NOT_SUPPORTED ret=
02-20 20:42:25.304  1924  1924 W VoiceMailConstants: Can't open /system/etc/voicemail-conf.xml
02-20 20:42:25.304  1924  1924 D SpnOverride: No SPN in OEM image = /oem/telephony/spn-conf.xml Load SPN from system image
02-20 20:42:25.304  1924  1924 W SpnOverride: Can not open /system/etc/spn-conf.xml
02-20 20:42:25.304  1924  1924 D SIMRecords: [SIMRecords] setting0 mMncLength-1
02-20 20:42:25.304  1924  1924 D SIMRecords: [SIMRecords] SIMRecords: onRadioOffOrNotAvailable set 'gsm.sim.operator.numeric' to operator=null
02-20 20:42:25.304  1924  1924 D SIMRecords: [SIMRecords] update icc_operator_numeric=null
02-20 20:42:25.304  1924  1924 D TelephonyManager: setTelephonyProperty: success phoneId=0 property=gsm.sim.operator.numeric value:  propVal=
02-20 20:42:25.305  1924  1924 D TelephonyManager: setTelephonyProperty: success phoneId=0 property=gsm.sim.operator.alpha value:  propVal=
02-20 20:42:25.305  1924  1924 D TelephonyManager: setTelephonyProperty: success phoneId=0 property=gsm.sim.operator.iso-country value:  propVal=
02-20 20:42:25.306  1924  1924 D SIMRecords: [SIMRecords] getOperatorNumeric: IMSI == null
02-20 20:42:25.306  1924  1924 D SIMRecords: [SIMRecords] SIMRecords X ctor this=SimRecords: mDestroyed=false mContext=com.android.phone.PhoneGlobals@d0b1f2b mCi=com.android.internal.telephony.RIL@e6ac6c5 mFh=Handler (com.android.internal.telephony.uicc.SIMFileHandler) {77d8f88} mParentApp=com.android.internal.telephony.uicc.UiccCardApplication@d61bd21 recordsLoadedRegistrants=android.os.RegistrantList@2c3c546 mImsiReadyRegistrants=android.os.RegistrantList@d9a8307 mRecordsEventsRegistrants=android.os.RegistrantList@d201c34 mNewSmsRegistrants=android.os.RegistrantList@37c0a5d mNetworkSelectionModeAutomaticRegistrants=android.os.RegistrantList@7e6efd2 recordsToLoad=0 adnCache=Handler (com.android.internal.telephony.uicc.AdnRecordCache) {8d248a3} recordsRequested=false iccid=null msisdnTag=null voiceMailNum=null voiceMailTag=null voiceMailNum=null newVoiceMailTag=null isVoiceMailFixed=false mImsi=null mncLength=-1 mailboxIndex=0 spn=null mVmConfigcom.android.internal.telephony.uicc.VoiceMailConstants@4bcc7a0 mSpnOverride=mSpnOverride callForwardingEnabled=0 spnState=null mCphsInfo=null mCspPlmnEnabled=true efMWIS=null efCPHS_MWI=null mEfCff=null mEfCfis=null getOperatorNumeric=null
02-20 20:42:25.308  1760  1760 I StatusBar: isKeyguardShowing() called before startKeyguard(), returning true
02-20 20:42:25.309  1760  1760 W StatusBar: isKeyguardSecure() called before startKeyguard(), returning false
02-20 20:42:25.309  1760  1760 W StatusBar: java.lang.Throwable
02-20 20:42:25.309  1760  1760 W StatusBar: 	at com.android.systemui.statusbar.BaseStatusBar.isKeyguardSecure(BaseStatusBar.java:2647)
02-20 20:42:25.309  1760  1760 W StatusBar: 	at com.android.systemui.statusbar.BaseStatusBar.isCameraAllowedByAdmin(BaseStatusBar.java:2670)
02-20 20:42:25.309  1760  1760 W StatusBar: 	at com.android.systemui.statusbar.phone.KeyguardBottomAreaView.updateCameraVisibility(KeyguardBottomAreaView.java:309)
02-20 20:42:25.309  1760  1760 W StatusBar: 	at com.android.systemui.statusbar.phone.KeyguardBottomAreaView.setPhoneStatusBar(KeyguardBottomAreaView.java:272)
02-20 20:42:25.309  1760  1760 W StatusBar: 	at com.android.systemui.statusbar.phone.PhoneStatusBar.makeStatusBarView(PhoneStatusBar.java:904)
02-20 20:42:25.309  1760  1760 W StatusBar: 	at com.android.systemui.statusbar.phone.PhoneStatusBar.addStatusBarWindow(PhoneStatusBar.java:3432)
02-20 20:42:25.309  1760  1760 W StatusBar: 	at com.android.systemui.statusbar.phone.PhoneStatusBar.createAndAddWindows(PhoneStatusBar.java:3428)
02-20 20:42:25.309  1760  1760 W StatusBar: 	at com.android.systemui.statusbar.BaseStatusBar.start(BaseStatusBar.java:765)
02-20 20:42:25.309  1760  1760 W StatusBar: 	at com.android.systemui.statusbar.phone.PhoneStatusBar.start(PhoneStatusBar.java:686)
02-20 20:42:25.309  1760  1760 W StatusBar: 	at com.android.systemui.statusbar.SystemBars.createStatusBarFromConfig(SystemBars.java:106)
02-20 20:42:25.309  1760  1760 W StatusBar: 	at com.android.systemui.statusbar.SystemBars.onNoService(SystemBars.java:58)
02-20 20:42:25.309  1760  1760 W StatusBar: 	at com.android.systemui.statusbar.ServiceMonitor.startService(ServiceMonitor.java:230)
02-20 20:42:25.309  1760  1760 W StatusBar: 	at com.android.systemui.statusbar.ServiceMonitor.-wrap5(ServiceMonitor.java)
02-20 20:42:25.309  1760  1760 W StatusBar: 	at com.android.systemui.statusbar.ServiceMonitor$1.handleMessage(ServiceMonitor.java:73)
02-20 20:42:25.309  1760  1760 W StatusBar: 	at android.os.Handler.dispatchMessage(Handler.java:102)
02-20 20:42:25.309  1760  1760 W StatusBar: 	at android.os.Looper.loop(Looper.java:154)
02-20 20:42:25.309  1760  1760 W StatusBar: 	at android.app.ActivityThread.main(ActivityThread.java:6119)
02-20 20:42:25.309  1760  1760 W StatusBar: 	at java.lang.reflect.Method.invoke(Native Method)
02-20 20:42:25.309  1760  1760 W StatusBar: 	at com.android.internal.os.ZygoteInit$MethodAndArgsCaller.run(ZygoteInit.java:886)
02-20 20:42:25.309  1760  1760 W StatusBar: 	at com.android.internal.os.ZygoteInit.main(ZygoteInit.java:776)
02-20 20:42:25.310  1760  1760 I StatusBar: isKeyguardShowing() called before startKeyguard(), returning true
02-20 20:42:25.310  1760  1760 W StatusBar: isKeyguardSecure() called before startKeyguard(), returning false
02-20 20:42:25.310  1760  1760 W StatusBar: java.lang.Throwable
02-20 20:42:25.310  1760  1760 W StatusBar: 	at com.android.systemui.statusbar.BaseStatusBar.isKeyguardSecure(BaseStatusBar.java:2647)
02-20 20:42:25.310  1760  1760 W StatusBar: 	at com.android.systemui.statusbar.BaseStatusBar.isCameraAllowedByAdmin(BaseStatusBar.java:2670)
02-20 20:42:25.310  1760  1760 W StatusBar: 	at com.android.systemui.statusbar.phone.KeyguardBottomAreaView.updateCameraVisibility(KeyguardBottomAreaView.java:309)
02-20 20:42:25.310  1760  1760 W StatusBar: 	at com.android.systemui.statusbar.phone.KeyguardBottomAreaView.setUserSetupComplete(KeyguardBottomAreaView.java:281)
02-20 20:42:25.310  1760  1760 W StatusBar: 	at com.android.systemui.statusbar.phone.PhoneStatusBar.makeStatusBarView(PhoneStatusBar.java:905)
02-20 20:42:25.310  1760  1760 W StatusBar: 	at com.android.systemui.statusbar.phone.PhoneStatusBar.addStatusBarWindow(PhoneStatusBar.java:3432)
02-20 20:42:25.310  1760  1760 W StatusBar: 	at com.android.systemui.statusbar.phone.PhoneStatusBar.createAndAddWindows(PhoneStatusBar.java:3428)
02-20 20:42:25.310  1760  1760 W StatusBar: 	at com.android.systemui.statusbar.BaseStatusBar.start(BaseStatusBar.java:765)
02-20 20:42:25.310  1760  1760 W StatusBar: 	at com.android.systemui.statusbar.phone.PhoneStatusBar.start(PhoneStatusBar.java:686)
02-20 20:42:25.310  1760  1760 W StatusBar: 	at com.android.systemui.statusbar.SystemBars.createStatusBarFromConfig(SystemBars.java:106)
02-20 20:42:25.310  1760  1760 W StatusBar: 	at com.android.systemui.statusbar.SystemBars.onNoService(SystemBars.java:58)
02-20 20:42:25.310  1760  1760 W StatusBar: 	at com.android.systemui.statusbar.ServiceMonitor.startService(ServiceMonitor.java:230)
02-20 20:42:25.310  1760  1760 W StatusBar: 	at com.android.systemui.statusbar.ServiceMonitor.-wrap5(ServiceMonitor.java)
02-20 20:42:25.310  1760  1760 W StatusBar: 	at com.android.systemui.statusbar.ServiceMonitor$1.handleMessage(ServiceMonitor.java:73)
02-20 20:42:25.310  1760  1760 W StatusBar: 	at android.os.Handler.dispatchMessage(Handler.java:102)
02-20 20:42:25.310  1760  1760 W StatusBar: 	at android.os.Looper.loop(Looper.java:154)
02-20 20:42:25.310  1760  1760 W StatusBar: 	at android.app.ActivityThread.main(ActivityThread.java:6119)
02-20 20:42:25.310  1760  1760 W StatusBar: 	at java.lang.reflect.Method.invoke(Native Method)
02-20 20:42:25.310  1760  1760 W StatusBar: 	at com.android.internal.os.ZygoteInit$MethodAndArgsCaller.run(ZygoteInit.java:886)
02-20 20:42:25.310  1760  1760 W StatusBar: 	at com.android.internal.os.ZygoteInit.main(ZygoteInit.java:776)
02-20 20:42:25.313  2070  2070 W art     : Unexpected CPU variant for X86 using defaults: x86_64
02-20 20:42:25.315  1676  1966 I am_proc_start: [0,2070,10067,com.google.android.deskclock,broadcast,com.google.android.deskclock/com.android.deskclock.AlarmInitReceiver]
02-20 20:42:25.316  1676  1966 I ActivityManager: Start proc 2070:com.google.android.deskclock/u0a67 for broadcast com.google.android.deskclock/com.android.deskclock.AlarmInitReceiver
02-20 20:42:25.316  1924  1924 D UiccCardApplication: Creating UiccApp: {APPTYPE_RUIM,APPSTATE_DETECTED}
02-20 20:42:25.316  1924  1924 D RuimRecords: [RuimRecords] setting0 mMncLength-1
02-20 20:42:25.316  1924  1924 D RuimRecords: [RuimRecords] RuimRecords X ctor this=RuimRecords: mDestroyed=false mContext=com.android.phone.PhoneGlobals@d0b1f2b mCi=com.android.internal.telephony.RIL@e6ac6c5 mFh=Handler (com.android.internal.telephony.uicc.RuimFileHandler) {8a0371e} mParentApp=com.android.internal.telephony.uicc.UiccCardApplication@c36cbff recordsLoadedRegistrants=android.os.RegistrantList@bb6bdcc mImsiReadyRegistrants=android.os.RegistrantList@26b2815 mRecordsEventsRegistrants=android.os.RegistrantList@314a72a mNewSmsRegistrants=android.os.RegistrantList@f36291b mNetworkSelectionModeAutomaticRegistrants=android.os.RegistrantList@77eab8 recordsToLoad=0 adnCache=Handler (com.android.internal.telephony.uicc.AdnRecordCache) {ee33091} recordsRequested=false iccid=null msisdnTag=null voiceMailNum=null voiceMailTag=null voiceMailNum=null newVoiceMailTag=null isVoiceMailFixed=false mImsi=null mncLength=-1 mailboxIndex=0 spn=null m_ota_commitedfalse mMyMobileNumber=xxxx mMin2Min1=null mPrlVersion=null mEFpl=null mEFli=null mCsimSpnDisplayCondition=false mMdn=null mMin=null mHomeSystemId=null mHomeNetworkId=null
02-20 20:42:25.335  1676  1687 I am_proc_bound: [0,2070,com.google.android.deskclock]
