02-20 20:42:25.503  1924  2013 D RILJ    : [3724]< SIM_IO IccIoResponse sw1:0x90 sw2:0x0 [SUB0]
02-20 20:42:25.503  1924  2013 D RILJ    : [3725]< SIM_IO IccIoResponse sw1:0x90 sw2:0x0 [SUB0]
02-20 20:42:25.503  1924  2013 D RILJ    : [3726]< SIM_IO IccIoResponse sw1:0x90 sw2:0x0 [SUB0]
02-20 20:42:25.503  1924  1924 D SST     : Poll ServiceState done:  oldSS=[0 0 voice home data home Android Android 310260 Android Android 310260  Unknown LTE CSS not supported -1 -1 RoamInd=-1 DefRoamInd=-1 EmergOnly=false IsDataRoamingFromRegistration=false IsUsingCarrierAggregation=false] newSS=[0 0 voice home data home Android Android 310260 Android Android 310260  Unknown LTE CSS not supported -1 -1 RoamInd=-1 DefRoamInd=-1 EmergOnly=false IsDataRoamingFromRegistration=false IsUsingCarrierAggregation=false] oldMaxDataCalls=1 mNewMaxDataCalls=1 oldReasonDataDenied=-1 mNewReasonDataDenied=-1
02-20 20:42:25.503  1924  2013 D RILJ    : [3727]< SIM_IO IccIoResponse sw1:0x90 sw2:0x0 [SUB0]
02-20 20:42:25.503  1924  2013 D RILJ    : [3728]< SIM_IO IccIoResponse sw1:0x90 sw2:0x0 [SUB0]
02-20 20:42:25.503  1924  2013 D RILJ    : [3729]< SIM_IO IccIoResponse sw1:0x90 sw2:0x0 [SUB0]
02-20 20:42:25.503  1924  2013 D RILJ    : [3730]< SIM_IO IccIoResponse sw1:0x90 sw2:0x0 [SUB0]
02-20 20:42:25.503  1924  1924 D RuimRecords: [RuimRecords] NO update mccmnc=310260
02-20 20:42:25.503  1924  1924 D RuimRecords: [RuimRecords] onRecordLoaded 9 requested: true
02-20 20:42:25.504  1924  1924 D RILJ    : [3731]> iccIO: SIM_IO 0xb0 0x2fe2  path: 3F00,0,0,10 aid: null [SUB0]
02-20 20:42:25.504  1373  1493 D RIL     : onRequest: SIM_IO
02-20 20:42:25.504  1373  1493 D AT      : AT> AT+CRSM=176,12258,0,0,10
02-20 20:42:25.504  1924  1924 D IccCardProxy: broadcastIccStateChangedIntent intent ACTION_SIM_STATE_CHANGED value=IMSI reason=null for mPhoneId=0
02-20 20:42:25.504  1373  1496 D AT      : AT< +CRSM: 144,0,98101430121181157002
02-20 20:42:25.504  1373  1496 D AT      : AT< OK
02-20 20:42:25.505  1924  2013 D RILJ    : [3731]< SIM_IO IccIoResponse sw1:0x90 sw2:0x0 [SUB0]
02-20 20:42:25.505  1924  1924 D SIMRecords: [SIMRecords] onRecordLoaded 15 requested: true
02-20 20:42:25.505  1924  1924 D RILJ    : [3732]> iccIO: SIM_IO 0xc0 0x6f14  path: 3F007F20,0,0,15 aid: null [SUB0]
02-20 20:42:25.506  1924  1924 D SIMRecords: [SIMRecords] onRecordLoaded 15 requested: true
02-20 20:42:25.506  1924  1924 D SIMRecords: [SIMRecords] onRecordLoaded 14 requested: true
02-20 20:42:25.506  1924  1924 E SIMRecords: [SIMRecords] Exception in fetching EF_CSP data com.android.internal.telephony.CommandException: GENERIC_FAILURE
02-20 20:42:25.506  1924  1924 D SIMRecords: [SIMRecords] onRecordLoaded 13 requested: true
02-20 20:42:25.506  1924  1924 E SIMRecords: [SIMRecords] Exception in get GID1 com.android.internal.telephony.CommandException: GENERIC_FAILURE
02-20 20:42:25.506  1924  1924 D SIMRecords: [SIMRecords] onRecordLoaded 12 requested: true
02-20 20:42:25.506  1924  1924 E SIMRecords: [SIMRecords] Exception in get GID2 com.android.internal.telephony.CommandException: GENERIC_FAILURE
02-20 20:42:25.506  1924  1924 D SIMRecords: [SIMRecords] onRecordLoaded 11 requested: true
02-20 20:42:25.506  1924  1924 D RuimRecords: [RuimRecords] EF_PL LOADED
02-20 20:42:25.506  1924  1924 E RuimRecords: [RuimRecords] Record Load Exception: com.android.internal.telephony.CommandException: GENERIC_FAILURE
02-20 20:42:25.506  1924  1924 D RuimRecords: [RuimRecords] onRecordLoaded 8 requested: true
02-20 20:42:25.506  1924  1924 D RuimRecords: [RuimRecords] EF_CSIM_LI LOADED
02-20 20:42:25.506  1924  1924 E RuimRecords: [RuimRecords] Record Load Exception: com.android.internal.telephony.CommandException: GENERIC_FAILURE
02-20 20:42:25.506  1924  1924 D RuimRecords: [RuimRecords] onRecordLoaded 7 requested: true
02-20 20:42:25.506  1924  1924 D RuimRecords: [RuimRecords] EF_CSIM_SPN LOADED
02-20 20:42:25.506  1924  1924 E RuimRecords: [RuimRecords] Record Load Exception: com.android.internal.telephony.CommandException: GENERIC_FAILURE
02-20 20:42:25.506  1924  1924 D RuimRecords: [RuimRecords] onRecordLoaded 6 requested: true
02-20 20:42:25.506  1924  1924 D RuimRecords: [RuimRecords] EF_CSIM_MDN LOADED
02-20 20:42:25.506  1924  1924 E RuimRecords: [RuimRecords] Record Load Exception: com.android.internal.telephony.CommandException: GENERIC_FAILURE
02-20 20:42:25.506  1924  1924 D RuimRecords: [RuimRecords] onRecordLoaded 5 requested: true
02-20 20:42:25.506  1924  1924 D RuimRecords: [RuimRecords] EF_CSIM_IMSIM LOADED
02-20 20:42:25.506  1924  1924 E RuimRecords: [RuimRecords] Record Load Exception: com.android.internal.telephony.CommandException: GENERIC_FAILURE
02-20 20:42:25.506  1924  1924 D RuimRecords: [RuimRecords] onRecordLoaded 4 requested: true
02-20 20:42:25.506  1924  1924 D RuimRecords: [RuimRecords] EF_CSIM_CDMAHOME LOADED
02-20 20:42:25.506  1924  1924 E RuimRecords: [RuimRecords] Record Load Exception: com.android.internal.telephony.CommandException: GENERIC_FAILURE
02-20 20:42:25.506  1924  1924 D RuimRecords: [RuimRecords] onRecordLoaded 3 requested: true
02-20 20:42:25.506  1924  1924 D RuimRecords: [RuimRecords] EF_CSIM_EPRL LOADED
02-20 20:42:25.506  1924  1924 E RuimRecords: [RuimRecords] Record Load Exception: com.android.internal.telephony.CommandException: GENERIC_FAILURE
02-20 20:42:25.506  1924  1924 D RuimRecords: [RuimRecords] onRecordLoaded 2 requested: true
02-20 20:42:25.506  1924  1924 D RuimRecords: [RuimRecords] EF_CSIM_MIPUPP LOADED
02-20 20:42:25.506  1924  1924 E RuimRecords: [RuimRecords] Record Load Exception: com.android.internal.telephony.CommandException: GENERIC_FAILURE
02-20 20:42:25.507  1924  1924 D RuimRecords: [RuimRecords] onRecordLoaded 1 requested: true
02-20 20:42:25.507  1924  1924 D SubscriptionInfoUpdater: [Receiver]+
02-20 20:42:25.507  1924  1924 D SubscriptionInfoUpdater: Action: android.intent.action.SIM_STATE_CHANGED
02-20 20:42:25.507  1924  1924 D SubscriptionInfoUpdater: slotId: 0
02-20 20:42:25.507  1924  1924 D SubscriptionInfoUpdater: simStatus: IMSI
02-20 20:42:25.507  1924  1924 D SubscriptionInfoUpdater: Ignoring simStatus: IMSI
02-20 20:42:25.507  1924  1924 D SubscriptionInfoUpdater: [Receiver]-
02-20 20:42:25.507  1924  1924 D SIMRecords: [SIMRecords] iccid: 89014103211118510720
02-20 20:42:25.507  1924  1924 D SIMRecords: [SIMRecords] onRecordLoaded 10 requested: true
02-20 20:42:25.509  1924  1924 D SIMRecords: [SIMRecords] EF_MBI: 01000000
02-20 20:42:25.509  1924  1924 D SIMRecords: [SIMRecords] Got valid mailbox number for MBDN
02-20 20:42:25.509  1924  1924 D RILJ    : [3733]> iccIO: SIM_IO 0xc0 0x6fc7  path: 3F007F20,0,0,15 aid: null [SUB0]
02-20 20:42:25.510  1373  1493 D RIL     : onRequest: SIM_IO
02-20 20:42:25.510  1373  1493 D AT      : AT> AT+CRSM=192,28436,0,0,15
02-20 20:42:25.510  1924  1924 D SIMRecords: [SIMRecords] onRecordLoaded 10 requested: true
02-20 20:42:25.510  1373  1496 D AT      : AT< +CRSM: 144,0,000000146f1404001aa0aa01020000
02-20 20:42:25.510  1373  1496 D AT      : AT< OK
02-20 20:42:25.510  1924  1924 D SIMRecords: [SIMRecords] EF_AD: 00000003
02-20 20:42:25.510  1924  1924 D SIMRecords: [SIMRecords] setting4 mMncLength=3
02-20 20:42:25.510  1924  1924 D SIMRecords: [SIMRecords] update mccmnc=310260
02-20 20:42:25.510  1924  1924 D MccTable: updateMccMncConfiguration mccmnc='310260' fromServiceState=false
02-20 20:42:25.510  1373  1493 D RIL     : onRequest: SIM_IO
02-20 20:42:25.510  1373  1493 D AT      : AT> AT+CRSM=192,28615,0,0,15
02-20 20:42:25.510  1924  2013 D RILJ    : [3732]< SIM_IO IccIoResponse sw1:0x90 sw2:0x0 [SUB0]
02-20 20:42:25.510  1373  1496 D AT      : AT< +CRSM: 144,0,000000406fc7040011a0aa01020120
02-20 20:42:25.510  1373  1496 D AT      : AT< OK
02-20 20:42:25.511  1924  1924 D SubscriptionController: [getPhoneId]- no sims, returning default phoneId=2147483647
02-20 20:42:25.513  1924  2013 D RILJ    : [3733]< SIM_IO IccIoResponse sw1:0x90 sw2:0x0 [SUB0]
02-20 20:42:25.552  1760  1760 D PhoneStatusBar: heads up is enabled
02-20 20:42:25.562  1924  1936 D SubscriptionController: [getActiveSubInfoList] Sub Controller not ready
02-20 20:42:25.563  1924  1924 D MccTable: updateMccMncConfiguration defaultMccMnc=
02-20 20:42:25.563  1924  1924 D MccTable: updateMccMncConfiguration: mcc=310, mnc=260
02-20 20:42:25.563  1924  1924 D MccTable: updateMccMncConfiguration updateConfig config={1.0 310mcc260mnc ?localeList ?layoutDir ?swdp ?wdp ?hdp ?density ?lsize ?long ?orien ?uimode ?night ?touch ?keyb/?/? ?nav/?}
02-20 20:42:25.564  1676  1687 I configuration_changed: 3
02-20 20:42:25.564  1676  1687 I ActivityManager: Config changes=3 {1.0 310mcc260mnc [en_US] ldltr sw360dp w360dp h668dp 640dpi nrml long port finger -keyb/v/h -nav/h s.6}
02-20 20:42:25.566  1676  1687 I am_relaunch_resume_activity: [0,94931165,1,com.android.settings/.FallbackHome]
02-20 20:42:25.566  1943  1943 I am_on_paused_called: [0,com.android.settings.FallbackHome,handleRelaunchActivity]
02-20 20:42:25.568  1924  2089 D DCT     : [0]hasMatchedTetherApnSetting: APN=null
02-20 20:42:25.568  1924  1924 D SIMRecords: [SIMRecords] onRecordLoaded 9 requested: true
02-20 20:42:25.568  1924  1924 D SIMRecords: [SIMRecords] EF_MWIS : 0000000000
02-20 20:42:25.568  1924  1924 D SIMRecords: [SIMRecords] onRecordLoaded 8 requested: true
02-20 20:42:25.568  1924  1924 D SIMRecords: [SIMRecords] EF_CPHS_MWI: 55
02-20 20:42:25.568  1924  1924 D SIMRecords: [SIMRecords] onRecordLoaded 7 requested: true
02-20 20:42:25.568  1924  1924 D SIMRecords: [SIMRecords] EF_CFF_CPHS: 55
02-20 20:42:25.568  1924  1924 D SIMRecords: [SIMRecords] onRecordLoaded 6 requested: true
02-20 20:42:25.568  1924  1924 D SIMRecords: [SIMRecords] onRecordLoaded 5 requested: true
02-20 20:42:25.569  1924  1924 D SIMRecords: [SIMRecords] SST: UsimServiceTable[120]={ PHONEBOOK, FDN, FDN_EXTENSION, SDN, SDN_EXTENSION, BDN, BDN_EXTENSION, OUTGOING_CALL_INFO, ADVICE_OF_CHARGE, CAP_CONFIG_PARAMS_2, GROUP_ID_LEVEL_1, GROUP_ID_LEVEL_2, SPN, USER_PLMN_SELECT, MSISDN, IMAGE, LOCALISED_SERVICE_AREAS, EMLPP, EMLPP_AUTO_ANSWER, RFU, GSM_ACCESS, DATA_DL_VIA_SMS_PP, DATA_DL_VIA_SMS_CB, CALL_CONTROL_BY_USIM, MO_SMS_CONTROL_BY_USIM, RUN_AT_COMMAND, APN_CONTROL_LIST, DEPERSONALISATION_CONTROL_KEYS, COOPERATIVE_NETWORK_LIST, GSM_SECURITY_CONTEXT, SERVICE_PROVIDER_DISPLAY_INFO, MMS_NOTIFICATION, MMS_NOTIFICATION_EXTENSION, GPRS_CALL_CONTROL_BY_USIM, VGCS_GROUP_ID_LIST, VBS_GROUP_ID_LIST, OMA_BCAST_PROFILE, GBA_LOCAL_KEY_ESTABLISHMENT, #101, #102, #103, #104, #105, #106, #107, #108, #109, #110 }
02-20 20:42:25.569  1924  1924 D SIMRecords: [SIMRecords] onRecordLoaded 4 requested: true
02-20 20:42:25.570  1943  2003 D EGL_emulation: eglMakeCurrent: 0x7b6229d79c00: ver 3 0 (tinfo 0x7b62341fa880)
02-20 20:42:25.583  1924  1924 D SIMRecords: [SIMRecords] iCPHS: 0233
02-20 20:42:25.583  1924  1924 D SIMRecords: [SIMRecords] onRecordLoaded 3 requested: true
02-20 20:42:25.583  1924  1924 D RuimRecords: [RuimRecords] iccid: 89014103211118510720
02-20 20:42:25.583  1924  1924 D RuimRecords: [RuimRecords] onRecordLoaded 0 requested: true
02-20 20:42:25.583  1924  1924 D RuimRecords: [RuimRecords] record load complete
02-20 20:42:25.583  1924  1924 D SIMRecords: [SIMRecords] MSISDN: [t-WgLegCyIMgfHgPkOdM6pkZbpA]
02-20 20:42:25.583  1924  1924 D SIMRecords: [SIMRecords] onRecordLoaded 2 requested: true
02-20 20:42:25.583  1924  1924 D RILJ    : [3734]> iccIO: SIM_IO 0xb0 0x6f14  path: 3F007F20,0,0,20 aid: null [SUB0]
02-20 20:42:25.584  1943  1943 I am_on_stop_called: [0,com.android.settings.FallbackHome,destroy]
02-20 20:42:25.584  1373  1493 D RIL     : onRequest: SIM_IO
02-20 20:42:25.584  1373  1493 D AT      : AT> AT+CRSM=176,28436,0,0,20
02-20 20:42:25.585  1924  1924 D RILJ    : [3735]> iccIO: SIM_IO 0xb2 0x6fc7  path: 3F007F20,1,4,32 aid: null [SUB0]
02-20 20:42:25.585  1373  1496 D AT      : AT< +CRSM: 144,0,416e64726f6964ffffffffffffffffffffffffff
02-20 20:42:25.585  1373  1496 D AT      : AT< OK
02-20 20:42:25.585  1373  1493 D RIL     : onRequest: SIM_IO
02-20 20:42:25.585  1373  1493 D AT      : AT> AT+CRSM=178,28615,1,4,32
02-20 20:42:25.586  1924  2013 D RILJ    : [3734]< SIM_IO IccIoResponse sw1:0x90 sw2:0x0 [SUB0]
02-20 20:42:25.586  1373  1496 D AT      : AT< +CRSM: 144,0,566f6963656d61696cffffffffffffffffff07915155125740f9ffffffffffff
02-20 20:42:25.586  1373  1496 D AT      : AT< OK
02-20 20:42:25.586  1924  2013 D RILJ    : [3735]< SIM_IO IccIoResponse sw1:0x90 sw2:0x0 [SUB0]
02-20 20:42:25.594  1924  1924 D SIMRecords: [SIMRecords] getServiceProviderName: no brandOverride, providerName=Android
02-20 20:42:25.594  1924  1924 D SIMRecords: [SIMRecords] Load EF_SPN_CPHS: Android
02-20 20:42:25.594  1924  1924 D TelephonyManager: setTelephonyProperty: success phoneId=0 property=gsm.sim.operator.alpha value: Android propVal=Android
02-20 20:42:25.594  1924  1924 D SIMRecords: [SIMRecords] onRecordLoaded 1 requested: true
02-20 20:42:25.594  1924  1924 D SIMRecords: [SIMRecords] VM: ADN Record 'Voicemail' '[-MWU1cAlDrkXUZ8dpHi_wU_YOpU] null' EF[MBDN]
02-20 20:42:25.594  1924  1924 D SIMRecords: [SIMRecords] onRecordLoaded 0 requested: true
02-20 20:42:25.595  1924  1924 D SIMRecords: [SIMRecords] record load complete
02-20 20:42:25.595  1924  1924 D SIMRecords: [SIMRecords] Not using EF LI/EF PL
02-20 20:42:25.595  1924  1924 D SIMRecords: [SIMRecords] EF_CFF: callForwardingEnabled=0
02-20 20:42:25.595  1924  1924 D SIMRecords: [SIMRecords] onAllRecordsLoaded set 'gsm.sim.operator.numeric' to operator='310260'
02-20 20:42:25.595  1924  1924 D SIMRecords: [SIMRecords] update icc_operator_numeric=310260
02-20 20:42:25.595  1924  1924 D TelephonyManager: setTelephonyProperty: success phoneId=0 property=gsm.sim.operator.numeric value: 310260 propVal=310260
02-20 20:42:25.595  1924  1924 D SubscriptionController: [setMccMnc]+ mcc/mnc:310/260 subId:-1
02-20 20:42:25.597  1924  1924 D SubscriptionController: notifySubscriptionInfoChanged:
02-20 20:42:25.600  1676  1676 I GnssLocationProvider: WakeLock acquired by sendMessage(12, 0, null)
02-20 20:42:25.600  1924  2089 D SubscriptionController: [getActiveSubInfoList] Sub Controller not ready
02-20 20:42:25.601  1924  1924 D SIMRecords: [SIMRecords] onAllRecordsLoaded set mcc imsi
02-20 20:42:25.601  1924  1924 D TelephonyManager: setTelephonyProperty: success phoneId=0 property=gsm.sim.operator.iso-country value: us propVal=us
02-20 20:42:25.601  1924  2089 D SubscriptionController: [getPhoneId]- no sims, returning default phoneId=2147483647
02-20 20:42:25.601  1924  1924 D DCT     : [0]SubscriptionListener.onSubscriptionInfoChanged
02-20 20:42:25.601  1924  1924 D SubscriptionController: [getActiveSubInfoList] Sub Controller not ready
02-20 20:42:25.601  1924  1924 D SubscriptionController: [getActiveSubInfoList] Sub Controller not ready
02-20 20:42:25.602  1924  1924 I Telephony: PstnIncomingCallNotifier: Unregistering: Handler (com.android.internal.telephony.GsmCdmaPhone) {6456058}
02-20 20:42:25.602  1924  1924 E PhoneInterfaceManager: [PhoneIntfMgr] getIccId: No UICC
02-20 20:42:25.605  1676  2014 I Telecom : PhoneAccountRegistrar: [ComponentInfo{com.android.phone/com.android.services.telephony.TelephonyConnectionService}, [e0184adedf913b076626646d3f52c3b49c39ad6d], UserHandle{0}(addr: tel:*********** -> tel:)(icon: Icon(typ=BITMAP size=76x96) -> Icon(typ=BITMAP size=76x96))(subAddr: tel:*********** -> tel:)]: TSI.rPA@AAo
02-20 20:42:25.606  1676  2014 I Telecom : : Sending phone-account registered intent as user: TSI.rPA@AAo
02-20 20:42:25.606  1924  1924 I Telephony: AccountEntry: Registered phoneAccount: [[ ] PhoneAccount: ComponentInfo{com.android.phone/com.android.services.telephony.TelephonyConnectionService}, [e0184adedf913b076626646d3f52c3b49c39ad6d], UserHandle{0} Capabilities: CallProvider MultiUser PlaceEmerg SimSub  Schemes: tel voicemail  Extras: null GroupId: [da39a3ee5e6b4b0d3255bfef95601890afd80709]] with handle: ComponentInfo{com.android.phone/com.android.services.telephony.TelephonyConnectionService}, [e0184adedf913b076626646d3f52c3b49c39ad6d], UserHandle{0}
02-20 20:42:25.606  1924  1924 I Telephony: PstnIncomingCallNotifier: Registering: Handler (com.android.internal.telephony.GsmCdmaPhone) {6456058}
02-20 20:42:25.607  1924  1924 D SST     : SubscriptionListener.onSubscriptionInfoChanged
02-20 20:42:25.607  1924  1924 D SIMRecords: [SIMRecords]  VoiceMessageCount from SIM MWIS = 0
02-20 20:42:25.607  1924  1924 E Phone   : getStoredVoiceMessageCount: invalid subId -2
02-20 20:42:25.607  1924  1924 D GsmCdmaPhone: [GsmCdmaPhone] updateVoiceMail countVoiceMessages = 0 subId -2
02-20 20:42:25.607  1924  1924 E Phone   : setVoiceMessageCount in sharedPreference: invalid subId -2
02-20 20:42:25.607  1924  1924 D CAT     : CatService: handleMessage[20]
02-20 20:42:25.608  1924  1924 D GsmCdmaPhone: [GsmCdmaPhone] updateCurrentCarrierInProvider: mSubId = -2 currentDds = 1 operatorNumeric = 310260
02-20 20:42:25.608  1924  1924 D IccCardProxy: operator=310260 mPhoneId=0
02-20 20:42:25.608  1924  1924 D TelephonyManager: setTelephonyProperty: success phoneId=0 property=gsm.sim.operator.numeric value: 310260 propVal=310260
02-20 20:42:25.608  1924  1924 D TelephonyManager: setTelephonyProperty: success phoneId=0 property=gsm.sim.operator.iso-country value: us propVal=us
02-20 20:42:25.608  1924  1924 D IccCardProxy: Sending intent ACTION_INTERNAL_SIM_STATE_CHANGED for mPhoneId : 0
02-20 20:42:25.609  1924  1924 D SST     : EVENT_SIM_RECORDS_LOADED: what=16
02-20 20:42:25.609  1924  1924 D GsmCdmaPhone: [GsmCdmaPhone] updatePhoneObject: radioTechnology=0
02-20 20:42:25.609  1924  1924 D SST     : getOtasp: otasp not needed for GSM
02-20 20:42:25.609  1924  1924 D SST     : updateOtaspState: call notifyOtaspChanged old otaspMode=0 new otaspMode=3
02-20 20:42:25.609  1924  1924 D SIMRecords: [SIMRecords] getServiceProviderName: no brandOverride, providerName=Android
02-20 20:42:25.609  1924  1924 D SIMRecords: [SIMRecords] getServiceProviderName: no brandOverride, providerName=Android
02-20 20:42:25.609  1924  1924 D SST     : updateSpnDisplay: changed sending intent rule=1 showPlmn='false' plmn='Android' showSpn='true' spn='Android' dataSpn='Android' subId='-2'
02-20 20:42:25.610  1924  1924 D SubscriptionController: [setPlmnSpn] No valid subscription to store info
02-20 20:42:25.610  1924  1924 D SubscriptionController: notifySubscriptionInfoChanged:
02-20 20:42:25.610  1676  1676 I GnssLocationProvider: WakeLock acquired by sendMessage(12, 0, null)
02-20 20:42:25.610  1924  2095 D SubscriptionController: [getActiveSubInfoList] Sub Controller not ready
02-20 20:42:25.610  1924  1924 E PhoneInterfaceManager: [PhoneIntfMgr] getIccId: No UICC
02-20 20:42:25.613  1924  2097 D SubscriptionController: [getPhoneId]- no sims, returning default phoneId=2147483647
02-20 20:42:25.614  1676  1966 I Telecom : PhoneAccountRegistrar: [ComponentInfo{com.android.phone/com.android.services.telephony.TelephonyConnectionService}, [e0184adedf913b076626646d3f52c3b49c39ad6d], UserHandle{0}(icon: Icon(typ=BITMAP size=76x96) -> Icon(typ=BITMAP size=76x96))]: TSI.rPA@AA0
02-20 20:42:25.615  1676  1966 I Telecom : : Sending phone-account registered intent as user: TSI.rPA@AA0
02-20 20:42:25.615  1924  1924 D SubscriptionInfoUpdater: [Receiver]+
02-20 20:42:25.615  1312  1325 D gralloc_ranchu: gralloc_alloc: Creating ashmem region of size 15945728
02-20 20:42:25.615  1924  1924 D SubscriptionInfoUpdater: Action: android.intent.action.internal_sim_state_changed
02-20 20:42:25.615  1924  1924 D SubscriptionInfoUpdater: slotId: 0
02-20 20:42:25.615  1924  1924 D SubscriptionInfoUpdater: simStatus: LOADED
02-20 20:42:25.615  1924  1924 D SubscriptionInfoUpdater: [Receiver]-
02-20 20:42:25.615  1924  1924 D GsmCdmaPhone: [GsmCdmaPhone] phoneObjectUpdater: newVoiceRadioTech=0
02-20 20:42:25.615  1924  1924 D GsmCdmaPhone: [GsmCdmaPhone] phoneObjectUpdater: volteReplacementRat=0
02-20 20:42:25.615  1924  1924 E GsmCdmaPhone: [GsmCdmaPhone] phoneObjectUpdater: newVoiceRadioTech=0 doesn't match either CDMA or GSM - error! No phone change
02-20 20:42:25.615  1924  1924 D SST     : SubscriptionListener.onSubscriptionInfoChanged
02-20 20:42:25.615  1924  1924 D DCT     : [0]SubscriptionListener.onSubscriptionInfoChanged
02-20 20:42:25.616  1924  1924 D SubscriptionController: [getActiveSubInfoList] Sub Controller not ready
02-20 20:42:25.624  1924  1924 D SubscriptionController: [getActiveSubInfoList] Sub Controller not ready
02-20 20:42:25.624  1924  1924 I Telephony: PstnIncomingCallNotifier: Unregistering: Handler (com.android.internal.telephony.GsmCdmaPhone) {6456058}
02-20 20:42:25.626  1924  1924 E PhoneInterfaceManager: [PhoneIntfMgr] getIccId: No UICC
02-20 20:42:25.629  1676  1788 I Telecom : PhoneAccountRegistrar: [ComponentInfo{com.android.phone/com.android.services.telephony.TelephonyConnectionService}, [e0184adedf913b076626646d3f52c3b49c39ad6d], UserHandle{0}(icon: Icon(typ=BITMAP size=76x96) -> Icon(typ=BITMAP size=76x96))]: TSI.rPA@AA4
02-20 20:42:25.639  1760  1776 W art     : Suspending all threads took: 13.428ms
02-20 20:42:25.642  1943  1943 I am_on_resume_called: [0,com.android.settings.FallbackHome,handleRelaunchActivity]
02-20 20:42:25.643  1760  1776 I art     : Background partial concurrent mark sweep GC freed 10359(1599KB) AllocSpace objects, 3(96KB) LOS objects, 19% free, 16MB/20MB, paused 14.307ms total 35.963ms
02-20 20:42:25.647  1676  1788 I Telecom : : Sending phone-account registered intent as user: TSI.rPA@AA4
02-20 20:42:25.648  1924  1924 I Telephony: AccountEntry: Registered phoneAccount: [[ ] PhoneAccount: ComponentInfo{com.android.phone/com.android.services.telephony.TelephonyConnectionService}, [e0184adedf913b076626646d3f52c3b49c39ad6d], UserHandle{0} Capabilities: CallProvider MultiUser PlaceEmerg SimSub  Schemes: tel voicemail  Extras: null GroupId: [da39a3ee5e6b4b0d3255bfef95601890afd80709]] with handle: ComponentInfo{com.android.phone/com.android.services.telephony.TelephonyConnectionService}, [e0184adedf913b076626646d3f52c3b49c39ad6d], UserHandle{0}
02-20 20:42:25.648  1924  1924 I Telephony: PstnIncomingCallNotifier: Registering: Handler (com.android.internal.telephony.GsmCdmaPhone) {6456058}
02-20 20:42:25.648  1676  1689 I GnssLocationProvider: WakeLock released by handleMessage(12, 0, null)
02-20 20:42:25.650  1924  1924 D SubscriptionInfoUpdater: handleSimStateLoadedInternal: slotId: 0
02-20 20:42:25.650  1924  1924 D SubscriptionInfoUpdater: All IccIds query complete
02-20 20:42:25.650  1924  1924 D SubscriptionInfoUpdater: updateSubscriptionInfoByIccId:+ Start
02-20 20:42:25.650  1924  2089 D SubscriptionController: [getPhoneId]- no sims, returning default phoneId=2147483647
02-20 20:42:25.650  1924  1924 D SubscriptionController: [clearSubInfo]- no simInfo size=0
02-20 20:42:25.650  1924  1924 D SubscriptionInfoUpdater: insertedSimCount = 1
02-20 20:42:25.650  1924  1924 D SubscriptionController: [getSubInfoUsingSlotIdWithCheck]+ slotId:0
02-20 20:42:25.652  1676  1689 I GnssLocationProvider: WakeLock released by handleMessage(12, 0, null)
02-20 20:42:25.652  1924  1924 D SubscriptionController: [getPhoneId]- no sims, returning default phoneId=2147483647
02-20 20:42:25.653  1924  1924 D SubscriptionController: [getPhoneId]- no sims, returning default phoneId=2147483647
02-20 20:42:25.653  1924  1924 D SubscriptionController: [getPhoneId]- no sims, returning default phoneId=2147483647
02-20 20:42:25.653  1924  1924 D SubscriptionController: [getSubInfoUsingSlotId]- null info return
02-20 20:42:25.653  1924  1924 D SubscriptionInfoUpdater: updateSubscriptionInfoByIccId: oldSubId = 1
02-20 20:42:25.653  1924  1924 D SubscriptionInfoUpdater: updateSubscriptionInfoByIccId: oldIccId[0] = 89014103211118510720, sIccId[0] = 89014103211118510720
02-20 20:42:25.653  1924  1924 D SubscriptionController: [addSubInfoRecord]+ iccId:89014103211118510720 slotId:0
02-20 20:42:25.655  2070  2070 I GAv4    : Google Analytics 9.2.56 is starting up. To enable debug logging on a device run:
02-20 20:42:25.655  2070  2070 I GAv4    :   adb shell setprop log.tag.GAv4 DEBUG
02-20 20:42:25.655  2070  2070 I GAv4    :   adb logcat -s GAv4
02-20 20:42:25.655  1924  1924 D SubscriptionController: [getActiveSubInfoList] Sub Controller not ready
02-20 20:42:25.656  1924  1924 D SubscriptionController: [addSubInfoRecord] Record already exists
02-20 20:42:25.657  1924  1924 D SubscriptionController: [addSubInfoRecord] sSlotIdxToSubId.size=1 slotId=0 subId=1 defaultSubId=1 simCount=1
02-20 20:42:25.657  1924  1924 D SubscriptionController: [setDefaultFallbackSubId] subId=1
02-20 20:42:25.657  1924  1924 D SubscriptionController: [setDefaultFallbackSubId] set mDefaultFallbackSubId=1
02-20 20:42:25.657  1924  1924 D MccTable: updateMccMncConfiguration mccmnc='310260' fromServiceState=false
02-20 20:42:25.657  1924  1924 D MccTable: updateMccMncConfiguration defaultMccMnc=310260
02-20 20:42:25.657  1924  1924 D MccTable: updateMccMncConfiguration: mcc=310, mnc=260
02-20 20:42:25.657  1924  1924 D MccTable: updateMccMncConfiguration updateConfig config={1.0 310mcc260mnc ?localeList ?layoutDir ?swdp ?wdp ?hdp ?density ?lsize ?long ?orien ?uimode ?night ?touch ?keyb/?/? ?nav/?}
02-20 20:42:25.753  1676  1688 W art     : Long monitor contention with owner Binder:1676_7 (2014) at int com.android.server.wm.WindowManagerService.relayoutWindow(com.android.server.wm.Session, android.view.IWindow, int, android.view.WindowManager$LayoutParams, int, int, int, int, android.graphics.Rect, android.graphics.Rect, android.graphics.Rect, android.graphics.Rect, android.graphics.Rect, android.graphics.Rect, android.graphics.Rect, android.content.res.Configuration, android.view.Surface)(WindowManagerService.java:2857) waiters=1 in int com.android.server.wm.WindowManagerService.addWindow(com.android.server.wm.Session, android.view.IWindow, int, android.view.WindowManager$LayoutParams, int, int, android.graphics.Rect, android.graphics.Rect, android.graphics.Rect, android.view.InputChannel) for 110ms
02-20 20:42:25.753  1676  1688 I dvm_lock_sample: [system_server,1,Binder:1676_2,110,WindowManagerService.java,1887,-,2857,22]
02-20 20:42:25.755  1924  1924 D SubscriptionController: [setDefaultFallbackSubId] broadcast default subId changed phoneId=0 subId=1
02-20 20:42:25.756  1924  1924 D SubscriptionController: [addSubInfoRecord] one sim set defaults to subId=1
02-20 20:42:25.757  1924  1924 D SubscriptionController: [setDefaultDataSubId] num phones=1, subId=1
02-20 20:42:25.757  1924  1924 D SubscriptionController: [setDefaultDataSubId] phoneId=0 subId=1 RAF=1
02-20 20:42:25.757  1924  1924 D ProxyController: setRadioCapability: Already in requested configuration, nothing to do.
02-20 20:42:25.757  1924  1924 D SubscriptionController: [updateAllDataConnectionTrackers] sPhones.length=1
02-20 20:42:25.757  1924  1924 D SubscriptionController: [updateAllDataConnectionTrackers] phoneId=0
02-20 20:42:25.757  1924  1924 D DCT     : [0]update sub = 1
02-20 20:42:25.757  1924  1924 D DCT     : [0]update(): Active DDS, register for all events now!
02-20 20:42:25.757  1924  1924 D DCT     : [0]New records found.
02-20 20:42:25.757  1924  1924 D SST     : mDeviceShuttingDown=false, mDesiredPowerState=true, getRadioState=RADIO_ON, mPowerOffDelayNeed=true, mAlarmSwitch=false, mRadioDisabledByCarrier=false
02-20 20:42:25.757  1924  1924 D GsmCdmaPhone: [GsmCdmaPhone] updateCurrentCarrierInProvider: mSubId = 1 currentDds = 1 operatorNumeric = 310260
02-20 20:42:25.772  1924  1936 D RILJ    : [3736]> RIL_REQUEST_GET_CELL_INFO_LIST [SUB0]
02-20 20:42:25.773  1373  1493 D RIL     : onRequest: GET_CELL_INFO_LIST
02-20 20:42:25.773  1373  1493 D RILC    : responseCellInfoList: v12
02-20 20:42:25.774  1924  2013 D RILJ    : [3736]< RIL_REQUEST_GET_CELL_INFO_LIST [CellInfoGsm:{mRegistered=YES mTimeStampType=modem mTimeStamp=11912003199ns CellIdentityGsm:{ mMcc=310 mMnc=260 mLac=3 mCid=91 mArfcn=10 mBsic=0x0} CellSignalStrengthGsm: ss=-1781096008 ber=32639 mTa=-1778811780}] [SUB0]
02-20 20:42:25.775  1760  1760 I Choreographer: Skipped 36 frames!  The application may be doing too much work on its main thread.
02-20 20:42:25.778  1760  1760 D ViewRootImpl[StatusBar]: changeCanvasOpacity: opaque=true
02-20 20:42:25.796  2070  2100 W GAv4    : AnalyticsReceiver is not registered or is disabled. Register the receiver for reliable dispatching on non-Google Play devices. See http://goo.gl/8Rd3yj for instructions.
02-20 20:42:25.799  1924  1924 D SubscriptionController: [broadcastDefaultDataSubIdChanged] subId=1
02-20 20:42:25.800  1924  1924 D SubscriptionController: [setDefaultSmsSubId] subId=1
02-20 20:42:25.800  1924  1924 D SubscriptionController: [broadcastDefaultSmsSubIdChanged] subId=1
02-20 20:42:25.800  1924  1924 D SubscriptionController: [setDefaultVoiceSubId] subId=1
02-20 20:42:25.800  1924  1924 D SubscriptionController: [broadcastDefaultVoiceSubIdChanged] subId=1
02-20 20:42:25.810  1924  1924 D SubscriptionController: [addSubInfoRecord] hashmap(0,1)
02-20 20:42:25.820  1924  1924 D SubscriptionController: [addSubInfoRecord] sim name = Android
02-20 20:42:25.820  1924  1924 D DCT     : [0]update sub = 1
02-20 20:42:25.820  1924  1924 D DCT     : [0]update(): Active DDS, register for all events now!
02-20 20:42:25.820  1924  1924 D GsmCdmaPhone: [GsmCdmaPhone] updateCurrentCarrierInProvider: mSubId = 1 currentDds = 1 operatorNumeric = 310260
02-20 20:42:25.826  2070  2100 W GAv4    : CampaignTrackingReceiver is not registered, not exported or is disabled. Installation campaign tracking is not possible. See http://goo.gl/8Rd3yj for instructions.
02-20 20:42:25.827  2070  2100 W GAv4    : AnalyticsService not registered in the app manifest. Hits might not be delivered reliably. See http://goo.gl/8Rd3yj for instructions.
02-20 20:42:25.855  1676  2014 I dvm_lock_sample: [system_server,1,Binder:1676_7,82,WindowManagerService.java,9051,-,2857,16]
02-20 20:42:25.856  1312  1993 D         : HostConnection::get() New Host Connection established 0x739cea81b660, tid 1993
02-20 20:42:25.856  1676  1691 V KeyguardServiceDelegate: *** Keyguard connected (yay!)
02-20 20:42:25.859  1312  1323 I SurfaceFlinger: Boot is finished (10179 ms)
02-20 20:42:25.868  1312  1323 I sf_stop_bootanim: 12006
02-20 20:42:25.870  1924  1924 D SubscriptionController: [addSubInfoRecord]- info size=1
02-20 20:42:25.870  1924  1924 D SubscriptionInfoUpdater: newSim = false
02-20 20:42:25.870  1924  1924 D SubscriptionInfoUpdater: updateSubscriptionInfoByIccId: sInsertSimState[0] = 0
02-20 20:42:25.876  1924  1924 D SubscriptionInfoUpdater: updateSubscriptionInfoByIccId: nSubCount = 1
02-20 20:42:25.877  1924  1924 D SubscriptionController: [setDefaultDataSubId] num phones=1, subId=1
02-20 20:42:25.878  1924  1924 D SubscriptionController: [setDefaultDataSubId] phoneId=0 subId=1 RAF=1
02-20 20:42:25.878  1924  1924 D ProxyController: setRadioCapability: Already in requested configuration, nothing to do.
02-20 20:42:25.878  1924  1924 D SubscriptionController: [updateAllDataConnectionTrackers] sPhones.length=1
02-20 20:42:25.878  1924  1924 D SubscriptionController: [updateAllDataConnectionTrackers] phoneId=0
02-20 20:42:25.878  1924  1924 D DCT     : [0]update sub = 1
02-20 20:42:25.878  1924  1924 D DCT     : [0]update(): Active DDS, register for all events now!
02-20 20:42:25.878  1924  1924 D GsmCdmaPhone: [GsmCdmaPhone] updateCurrentCarrierInProvider: mSubId = 1 currentDds = 1 operatorNumeric = 310260
02-20 20:42:25.894  1924  1924 D SubscriptionController: [broadcastDefaultDataSubIdChanged] subId=1
02-20 20:42:25.895  1924  1924 D SubscriptionController: notifySubscriptionInfoChanged:
02-20 20:42:25.896  1676  1676 I GnssLocationProvider: WakeLock acquired by sendMessage(12, 0, null)
02-20 20:42:25.896  1924  2097 D SubscriptionMonitor: Phone[0] subId changed -2->1, 1 registrants
02-20 20:42:25.896  1924  2097 D SubscriptionMonitor: mDefaultDataSubId = 1, 1 registrants
02-20 20:42:25.896  1924  1924 D SubscriptionInfoUpdater: updateSubscriptionInfoByIccId:- SsubscriptionInfo update complete
02-20 20:42:25.896  1924  1924 D MccTable: updateMccMncConfiguration mccmnc='310260' fromServiceState=false
02-20 20:42:25.897  1924  1924 D MccTable: updateMccMncConfiguration defaultMccMnc=310260
02-20 20:42:25.897  1924  1924 D MccTable: updateMccMncConfiguration: mcc=310, mnc=260
02-20 20:42:25.897  1924  1924 D MccTable: updateMccMncConfiguration updateConfig config={1.0 310mcc260mnc ?localeList ?layoutDir ?swdp ?wdp ?hdp ?density ?lsize ?long ?orien ?uimode ?night ?touch ?keyb/?/? ?nav/?}
02-20 20:42:25.897  2070  2070 I AlarmClock: AlarmInitReceiver android.intent.action.TIME_SET
02-20 20:42:25.910  1924  1924 D SubscriptionController: [setMccMnc]+ mcc/mnc:310/260 subId:1
02-20 20:42:25.919  1924  1924 D SubscriptionController: notifySubscriptionInfoChanged:
02-20 20:42:25.920  1676  1676 I GnssLocationProvider: WakeLock acquired by sendMessage(12, 0, null)
02-20 20:42:25.058     0     0 I init    : Service 'bootanim' (pid 1345) exited with status 0
02-20 20:42:25.059     0     0 I init    : Starting service 'exec 6 (/system/bin/bootstat)'...
02-20 20:42:25.929  2103  2103 I auditd  : type=1400 audit(0.0:11): avc: denied { getattr } for comm="bootstat" path="/vendor" dev="rootfs" ino=3997 scontext=u:r:bootstat:s0 tcontext=u:object_r:rootfs:s0 tclass=lnk_file permissive=0
02-20 20:42:25.929  2103  2103 W bootstat: type=1400 audit(0.0:11): avc: denied { getattr } for path="/vendor" dev="rootfs" ino=3997 scontext=u:r:bootstat:s0 tcontext=u:object_r:rootfs:s0 tclass=lnk_file permissive=0
02-20 20:42:25.932  2103  2103 I bootstat: Service started: /system/bin/bootstat --record_boot_complete 
02-20 20:42:25.933  1924  1924 D SubscriptionController: [getActiveSubscriptionInfo]+ subId=1 subInfo={id=1, iccId=89014103211118510720 simSlotIndex=0 displayName=Android carrierName=Android nameSource=0 iconTint=-16746133 dataRoaming=0 iconBitmap=android.graphics.Bitmap@61254f5 mcc 310 mnc 260}
02-20 20:42:25.933  1924  1924 D SubscriptionInfoUpdater: sim name = Android
02-20 20:42:25.935  2103  2103 I bootstat: Logging histogram: bootstat_mtime_matches_content 1
02-20 20:42:25.935  2103  2103 I sysui_histogram: [bootstat_mtime_matches_content,1]
02-20 20:42:25.937  2103  2103 I bootstat: Logging histogram: bootstat_mtime_matches_content 1
02-20 20:42:25.937  2103  2103 I sysui_histogram: [bootstat_mtime_matches_content,1]
02-20 20:42:25.937  2103  2103 I bootstat: Logging histogram: bootstat_mtime_matches_content 1
02-20 20:42:25.937  2103  2103 I sysui_histogram: [bootstat_mtime_matches_content,1]
02-20 20:42:25.077     0     0 I init    : Service 'exec 6 (/system/bin/bootstat)' (pid 2103) exited with status 0
02-20 20:42:25.080     0     0 I init    : Starting service 'exec 7 (/system/bin/bootstat)'...
02-20 20:42:25.939  2104  2104 I auditd  : type=1400 audit(0.0:12): avc: denied { getattr } for comm="bootstat" path="/vendor" dev="rootfs" ino=3997 scontext=u:r:bootstat:s0 tcontext=u:object_r:rootfs:s0 tclass=lnk_file permissive=0
02-20 20:42:25.939  2104  2104 W bootstat: type=1400 audit(0.0:12): avc: denied { getattr } for path="/vendor" dev="rootfs" ino=3997 scontext=u:r:bootstat:s0 tcontext=u:object_r:rootfs:s0 tclass=lnk_file permissive=0
02-20 20:42:25.948  1924  1924 D SubscriptionInfoUpdater: Broadcasting intent ACTION_SIM_STATE_CHANGED LOADED reason null for mCardIndex: 0
02-20 20:42:25.949  1676  1676 D WifiService: resetting networks because SIM was loaded
02-20 20:42:25.949  1676  1731 D WifiStateMachine: resetting EAP-SIM/AKA/AKA' networks since SIM was changed
02-20 20:42:25.949  1924  1924 D CarrierConfigLoader: update config for phoneId: 0 simState: LOADED
02-20 20:42:25.949  1924  1924 D CarrierSvcBindHelper: update binding for phoneId: 0 simState: LOADED
02-20 20:42:25.959  1943  2003 D EGL_emulation: eglMakeCurrent: 0x7b6229d79c00: ver 3 0 (tinfo 0x7b62341fa880)
02-20 20:42:25.959  1312  1312 I sf_frame_dur: [BootAnimation,0,22,188,12,0,0,0]
02-20 20:42:25.965  1924  1924 D SubscriptionController: [getActiveSubscriptionInfo]+ subId=1 subInfo={id=1, iccId=89014103211118510720 simSlotIndex=0 displayName=Android carrierName=Android nameSource=0 iconTint=-16746133 dataRoaming=0 iconBitmap=android.graphics.Bitmap@3ff2518 mcc 310 mnc 260}
02-20 20:42:25.975  2104  2104 I bootstat: Service started: /system/bin/bootstat --record_boot_reason 
02-20 20:42:25.975  2104  2104 I bootstat: Unknown boot reason: 
02-20 20:42:25.977  1676  1687 I Telecom : PhoneAccountRegistrar: [ComponentInfo{com.android.phone/com.android.services.telephony.TelephonyConnectionService}, [e0184adedf913b076626646d3f52c3b49c39ad6d], UserHandle{0}(icon: Icon(typ=BITMAP size=76x96) -> Icon(typ=BITMAP size=76x96))]: TSI.rPA@ABE
02-20 20:42:25.979  1676  1687 I Telecom : : Sending phone-account registered intent as user: TSI.rPA@ABE
02-20 20:42:25.980  1924  1924 D DCT     : [0]onRecordsLoadedOrSubIdChanged: createAllApnList
02-20 20:42:25.980  1924  1924 D DCT     : [0]createAllApnList: selection=numeric = '310260'
02-20 20:42:26.010  2105  2105 I bootstat: Service started: /system/bin/bootstat --record_time_since_factory_reset 
02-20 20:42:26.010  2105  2105 I bootstat: Logging histogram: factory_reset_current_time 1519159346
02-20 20:42:26.011  2105  2105 I sysui_histogram: [factory_reset_current_time,1519159346]
02-20 20:42:26.013  2105  2105 I bootstat: Logging histogram: bootstat_mtime_matches_content 1
02-20 20:42:26.013  2105  2105 I sysui_histogram: [bootstat_mtime_matches_content,1]
02-20 20:42:26.013  2105  2105 I bootstat: Logging histogram: factory_reset_record_value 1519154248
02-20 20:42:26.013  2105  2105 I sysui_histogram: [factory_reset_record_value,1519154248]
02-20 20:42:26.013  1924  1924 D DCT     : [0]createApnList: X result=[[ApnSettingV3] T-Mobile US, 1, 310260, epc.tmobile.com, , http://mms.msg.eng.t-mobile.com/mms/wapenc, , , , -1, *, IP, IP, true, 0, 0, 0, false, 0, 0, 0, 0, , , false]
02-20 20:42:26.014  1924  1924 D TelephonyProvider: subIdString = 1 subId = 1
02-20 20:42:26.016  1924  1924 D DCT     : [0]getPreferredApn: mRequestedApnType=default cursor=android.content.ContentResolver$CursorWrapperInner@1a7e473 cursor.count=1
02-20 20:42:26.016  1924  1924 D DCT     : [0]getPreferredApn: apnSetting=[ApnSettingV3] T-Mobile US, 1, 310260, epc.tmobile.com, , http://mms.msg.eng.t-mobile.com/mms/wapenc, , , , -1, *, IP, IP, true, 0, 0, 0, false, 0, 0, 0, 0, , , false
02-20 20:42:26.016  1924  1924 D DCT     : [0]getPreferredApn: X found apnSetting[ApnSettingV3] T-Mobile US, 1, 310260, epc.tmobile.com, , http://mms.msg.eng.t-mobile.com/mms/wapenc, , , , -1, *, IP, IP, true, 0, 0, 0, false, 0, 0, 0, 0, , , false
02-20 20:42:26.016  1924  1924 D DCT     : [0]createAllApnList: mPreferredApn=[ApnSettingV3] T-Mobile US, 1, 310260, epc.tmobile.com, , http://mms.msg.eng.t-mobile.com/mms/wapenc, , , , -1, *, IP, IP, true, 0, 0, 0, false, 0, 0, 0, 0, , , false
02-20 20:42:26.016  1924  1924 D DCT     : [0]createAllApnList: X mAllApnSettings=[[ApnSettingV3] T-Mobile US, 1, 310260, epc.tmobile.com, , http://mms.msg.eng.t-mobile.com/mms/wapenc, , , , -1, *, IP, IP, true, 0, 0, 0, false, 0, 0, 0, 0, , , false]
02-20 20:42:26.016  1924  1924 D DCT     : [0]setDataProfilesAsNeeded
02-20 20:42:26.016  1924  1924 D DCT     : [0]setInitialApn: E mPreferredApn=[ApnSettingV3] T-Mobile US, 1, 310260, epc.tmobile.com, , http://mms.msg.eng.t-mobile.com/mms/wapenc, , , , -1, *, IP, IP, true, 0, 0, 0, false, 0, 0, 0, 0, , , false
02-20 20:42:26.016  1924  1924 D DCT     : [0]setInitialApn: firstApnSetting=[ApnSettingV3] T-Mobile US, 1, 310260, epc.tmobile.com, , http://mms.msg.eng.t-mobile.com/mms/wapenc, , , , -1, *, IP, IP, true, 0, 0, 0, false, 0, 0, 0, 0, , , false
02-20 20:42:26.017  1924  1924 D DCT     : [0]setInitialApn: defaultApnSetting=[ApnSettingV3] T-Mobile US, 1, 310260, epc.tmobile.com, , http://mms.msg.eng.t-mobile.com/mms/wapenc, , , , -1, *, IP, IP, true, 0, 0, 0, false, 0, 0, 0, 0, , , false
02-20 20:42:26.017  1924  1924 D DCT     : [0]setInitialAttachApn: using mPreferredApn
02-20 20:42:26.017  1924  1924 D DCT     : [0]setInitialAttachApn: X selected Apn=[ApnSettingV3] T-Mobile US, 1, 310260, epc.tmobile.com, , http://mms.msg.eng.t-mobile.com/mms/wapenc, , , , -1, *, IP, IP, true, 0, 0, 0, false, 0, 0, 0, 0, , , false
02-20 20:42:26.017  1924  1924 D RILJ    : Set RIL_REQUEST_SET_INITIAL_ATTACH_APN [SUB0]
02-20 20:42:26.017  1924  1924 D RILJ    : [3737]> RIL_REQUEST_SET_INITIAL_ATTACH_APN, apn:epc.tmobile.com, protocol:IP, authType:-1, username:none, password:none [SUB0]
02-20 20:42:26.017  1924  1924 D DCT     : [0]onRecordsLoadedOrSubIdChanged: notifying data availability
02-20 20:42:26.017  1373  1493 D RIL     : onRequest: RIL_REQUEST_SET_INITIAL_ATTACH_APN
02-20 20:42:26.017  1373  1493 D RIL     : Request not supported. Tech: 1
02-20 20:42:26.017  1924  2013 D RilRequest: [3737]< RIL_REQUEST_SET_INITIAL_ATTACH_APN error: com.android.internal.telephony.CommandException: REQUEST_NOT_SUPPORTED ret=
02-20 20:42:26.020  1676  1789 D TelephonyRegistry: Notify data connection state changed on sub: 1
02-20 20:42:26.020  1676  1789 D TelephonyRegistry: Notify data connection state changed on sub: 1
02-20 20:42:26.021  1676  1691 W WindowManager: Keyguard drawn timeout. Setting mKeyguardDrawComplete
02-20 20:42:25.116     0     0 I init    : Service 'exec 7 (/system/bin/bootstat)' (pid 2104) exited with status 0
02-20 20:42:25.117     0     0 I init    : Starting service 'exec 8 (/system/bin/bootstat)'...
02-20 20:42:25.152     0     0 I init    : Service 'exec 8 (/system/bin/bootstat)' (pid 2105) exited with status 0
02-20 20:42:25.153     0     0 I init    : Starting service 'exec 9 (/system/bin/bootstat)'...
02-20 20:42:25.183     0     0 I init    : Service 'exec 9 (/system/bin/bootstat)' (pid 2107) exited with status 0
02-20 20:42:25.999  2105  2105 I auditd  : type=1400 audit(0.0:13): avc: denied { getattr } for comm="bootstat" path="/vendor" dev="rootfs" ino=3997 scontext=u:r:bootstat:s0 tcontext=u:object_r:rootfs:s0 tclass=lnk_file permissive=0
02-20 20:42:25.999  2105  2105 W bootstat: type=1400 audit(0.0:13): avc: denied { getattr } for path="/vendor" dev="rootfs" ino=3997 scontext=u:r:bootstat:s0 tcontext=u:object_r:rootfs:s0 tclass=lnk_file permissive=0
02-20 20:42:26.030  2107  2107 I bootstat: Service started: /system/bin/bootstat -l 
02-20 20:42:26.030  2107  2107 I bootstat: Logging histogram: bootstat_mtime_matches_content 1
02-20 20:42:26.031  2107  2107 I sysui_histogram: [bootstat_mtime_matches_content,1]
02-20 20:42:26.031  2107  2107 I bootstat: Logging histogram: bootstat_mtime_matches_content 1
02-20 20:42:26.031  2107  2107 I sysui_histogram: [bootstat_mtime_matches_content,1]
02-20 20:42:26.031  2107  2107 I bootstat: Logging histogram: bootstat_mtime_matches_content 1
02-20 20:42:26.031  2107  2107 I sysui_histogram: [bootstat_mtime_matches_content,1]
02-20 20:42:26.031  2107  2107 I bootstat: Logging histogram: bootstat_mtime_matches_content 1
02-20 20:42:26.031  2107  2107 I sysui_histogram: [bootstat_mtime_matches_content,1]
02-20 20:42:26.039  2107  2107 I bootstat: Logging histogram: bootstat_mtime_matches_content 1
02-20 20:42:26.039  2107  2107 I sysui_histogram: [bootstat_mtime_matches_content,1]
02-20 20:42:26.040  2107  2107 I bootstat: Logging histogram: bootstat_mtime_matches_content 1
02-20 20:42:26.040  2107  2107 I sysui_histogram: [bootstat_mtime_matches_content,1]
02-20 20:42:26.040  2107  2107 I bootstat: Logging histogram: bootstat_mtime_matches_content 1
02-20 20:42:26.040  2107  2107 I sysui_histogram: [bootstat_mtime_matches_content,1]
02-20 20:42:26.040  2107  2107 I bootstat: Logging histogram: bootstat_mtime_matches_content 1
02-20 20:42:26.040  2107  2107 I sysui_histogram: [bootstat_mtime_matches_content,1]
02-20 20:42:26.040  2107  2107 I bootstat: Logging histogram: bootstat_mtime_matches_content 1
02-20 20:42:26.040  2107  2107 I sysui_histogram: [bootstat_mtime_matches_content,1]
02-20 20:42:26.040  2107  2107 I bootstat: Logging histogram: bootstat_mtime_matches_content 1
02-20 20:42:26.040  2107  2107 I sysui_histogram: [bootstat_mtime_matches_content,1]
02-20 20:42:26.040  2107  2107 I bootstat: Logging histogram: bootstat_mtime_matches_content 1
02-20 20:42:26.040  2107  2107 I sysui_histogram: [bootstat_mtime_matches_content,1]
02-20 20:42:26.040  2107  2107 I bootstat: Logging histogram: bootstat_mtime_matches_content 1
02-20 20:42:26.040  2107  2107 I sysui_histogram: [bootstat_mtime_matches_content,1]
02-20 20:42:26.040  2107  2107 I bootstat: Logging histogram: bootstat_mtime_matches_content 1
02-20 20:42:26.040  2107  2107 I sysui_histogram: [bootstat_mtime_matches_content,1]
02-20 20:42:26.040  2107  2107 I bootstat: Logging histogram: bootstat_mtime_matches_content 1
02-20 20:42:26.040  2107  2107 I sysui_histogram: [bootstat_mtime_matches_content,1]
02-20 20:42:26.040  2107  2107 I bootstat: Logging histogram: post_decrypt_time_elapsed 2
02-20 20:42:26.040  2107  2107 I sysui_histogram: [post_decrypt_time_elapsed,2]
02-20 20:42:26.040  2107  2107 I bootstat: Logging histogram: last_boot_time_utc 1519159345
02-20 20:42:26.040  2107  2107 I sysui_histogram: [last_boot_time_utc,1519159345]
02-20 20:42:26.040  2107  2107 I bootstat: Logging histogram: build_date 1513095943
02-20 20:42:26.040  2107  2107 I sysui_histogram: [build_date,1513095943]
02-20 20:42:26.040  2107  2107 I bootstat: Logging histogram: boot_decryption_complete 12
02-20 20:42:26.040  2107  2107 I sysui_histogram: [boot_decryption_complete,12]
02-20 20:42:26.040  2107  2107 I bootstat: Logging histogram: ota_boot_complete_post_decrypt 7
02-20 20:42:26.040  2107  2107 I sysui_histogram: [ota_boot_complete_post_decrypt,7]
02-20 20:42:26.040  2107  2107 I bootstat: Logging histogram: ota_boot_complete 9
02-20 20:42:26.040  2107  2107 I sysui_histogram: [ota_boot_complete,9]
02-20 20:42:26.040  2107  2107 I bootstat: Logging histogram: boot_reason 1
02-20 20:42:26.040  2107  2107 I sysui_histogram: [boot_reason,1]
02-20 20:42:26.040  2107  2107 I bootstat: Logging histogram: factory_reset_current_time 1519159346
02-20 20:42:26.040  2107  2107 I sysui_histogram: [factory_reset_current_time,1519159346]
02-20 20:42:26.040  2107  2107 I bootstat: Logging histogram: factory_reset 1519154248
02-20 20:42:26.040  2107  2107 I sysui_histogram: [factory_reset,1519154248]
02-20 20:42:26.040  2107  2107 I bootstat: Logging histogram: time_since_last_boot 72
02-20 20:42:26.040  2107  2107 I sysui_histogram: [time_since_last_boot,72]
02-20 20:42:26.040  2107  2107 I bootstat: Logging histogram: boot_complete_post_decrypt 10
02-20 20:42:26.040  2107  2107 I sysui_histogram: [boot_complete_post_decrypt,10]
02-20 20:42:26.040  2107  2107 I bootstat: Logging histogram: boot_complete 12
02-20 20:42:26.040  2107  2107 I sysui_histogram: [boot_complete,12]
02-20 20:42:26.040  2107  2107 I bootstat: Logging histogram: factory_reset_record_value 1519154248
02-20 20:42:26.040  2107  2107 I sysui_histogram: [factory_reset_record_value,1519154248]
02-20 20:42:26.040  2107  2107 I bootstat: Logging histogram: time_since_factory_reset 5098
02-20 20:42:26.040  2107  2107 I sysui_histogram: [time_since_factory_reset,5098]
02-20 20:42:26.059  1760  1995 D         : HostConnection::get() New Host Connection established 0x7b622c6129c0, tid 1995
02-20 20:42:26.059  1760  1995 I OpenGLRenderer: Initialized EGL, version 1.4
02-20 20:42:26.059  1760  1995 D OpenGLRenderer: Swap behavior 1
02-20 20:42:26.074  1760  1995 D EGL_emulation: eglCreateContext: 0x7b622c6645a0: maj 3 min 0 rcv 3
02-20 20:42:26.078  1760  1995 D EGL_emulation: eglMakeCurrent: 0x7b622c6645a0: ver 3 0 (tinfo 0x7b622c60cac0)
02-20 20:42:26.107  1676  1689 W GnssLocationProvider: Could not open GPS configuration file /etc/gps.conf
02-20 20:42:26.107  1676  1689 E GnssLocationProvider: no AGPS interface in set_agps_server
02-20 20:42:26.107  1676  1689 I GnssLocationProvider: WakeLock released by handleMessage(12, 0, null)
02-20 20:42:26.009  2107  2107 I auditd  : type=1400 audit(0.0:14): avc: denied { getattr } for comm="bootstat" path="/vendor" dev="rootfs" ino=3997 scontext=u:r:bootstat:s0 tcontext=u:object_r:rootfs:s0 tclass=lnk_file permissive=0
02-20 20:42:26.009  2107  2107 W bootstat: type=1400 audit(0.0:14): avc: denied { getattr } for path="/vendor" dev="rootfs" ino=3997 scontext=u:r:bootstat:s0 tcontext=u:object_r:rootfs:s0 tclass=lnk_file permissive=0
02-20 20:42:26.159  1760  1760 I OpaLayout: Setting opa enabled to false
02-20 20:42:26.160  1760  1760 I OpaLayout: Setting opa enabled to false
02-20 20:42:26.165  1924  1924 D DCT     : [0]setupDataOnConnectableApns: simLoaded hipri:[state=IDLE,enabled=false] mms:[state=IDLE,enabled=false] supl:[state=IDLE,enabled=false] ia:[state=IDLE,enabled=false] fota:[state=IDLE,enabled=false] ims:[state=IDLE,enabled=false] cbs:[state=IDLE,enabled=false] default:[state=IDLE,enabled=false] emergency:[state=IDLE,enabled=false] 
02-20 20:42:26.168  1924  1924 I Telephony: PstnIncomingCallNotifier: Unregistering: Handler (com.android.internal.telephony.GsmCdmaPhone) {6456058}
02-20 20:42:26.170  1924  1924 D SubscriptionController: [getActiveSubscriptionInfo]+ subId=1 subInfo={id=1, iccId=89014103211118510720 simSlotIndex=0 displayName=Android carrierName=Android nameSource=0 iconTint=-16746133 dataRoaming=0 iconBitmap=android.graphics.Bitmap@8e36565 mcc 310 mnc 260}
02-20 20:42:26.176  1676  2014 I Telecom : PhoneAccountRegistrar: New phone account registered: [[ ] PhoneAccount: ComponentInfo{com.android.phone/com.android.services.telephony.TelephonyConnectionService}, [e2f7d48dd2b5ca523e7313cf4ba0f6ea830b6281], UserHandle{0} Capabilities: CallProvider MultiUser PlaceEmerg SimSub  Schemes: tel voicemail  Extras: null GroupId: [da39a3ee5e6b4b0d3255bfef95601890afd80709]]: TSI.rPA@ABI
