02-20 20:43:37.395  1676  1721 D VoldConnector: RCV <- {651 public:253,64 0}
02-20 20:43:37.395  1676  1721 D VoldConnector: RCV <- {643 disk:253,64}
02-20 20:43:37.395  1676  1721 D VoldConnector: RCV <- {200 3 Command succeeded}
02-20 20:43:37.397  1676  1720 D VoldConnector: SND -> {4 volume user_added 0 0}
02-20 20:43:37.397  1676  1721 D VoldConnector: RCV <- {200 4 Command succeeded}
02-20 20:43:37.408  1676  1676 I Zygote  : Process: zygote socket opened, supported ABIS: x86
02-20 20:43:37.474     0     0 D ieee80211 phy1: hw scan 2427 MHz
02-20 20:43:37.594  1363  1557 I art     : Starting a blocking GC HeapTrim
02-20 20:43:37.599  1363  1363 I art     : Starting a blocking GC Background
02-20 20:43:37.702  1676  1676 W ActivityManager: Slow operation: 305ms so far, now at startProcess: returned from zygote!
02-20 20:43:37.702  1676  1676 W ActivityManager: Slow operation: 305ms so far, now at startProcess: done updating battery stats
02-20 20:43:37.702  1676  1676 I am_proc_start: [0,1792,1037,WebViewLoader-x86,,]
02-20 20:43:37.702  1676  1676 W ActivityManager: Slow operation: 305ms so far, now at startProcess: building log message
02-20 20:43:37.702  1676  1676 I ActivityManager: Start proc 1792:WebViewLoader-x86/1037 [android.webkit.WebViewFactory$RelroFileCreator] for 
02-20 20:43:37.702  1676  1676 W ActivityManager: Slow operation: 305ms so far, now at startProcess: starting to update pids map
02-20 20:43:37.702  1676  1676 W ActivityManager: Slow operation: 305ms so far, now at startProcess: done updating pids map
02-20 20:43:37.702  1676  1676 W ActivityManager: Slow operation: 305ms so far, now at startProcess: done starting proc!
02-20 20:43:37.710  1676  1772 E WVMExtractor: Failed to open libwvm.so: dlopen failed: library "libwvm.so" not found
02-20 20:43:37.714  1676  1676 I am_proc_start: [0,1797,1037,WebViewLoader-x86_64,,]
02-20 20:43:37.714  1676  1676 I ActivityManager: Start proc 1797:WebViewLoader-x86_64/1037 [android.webkit.WebViewFactory$RelroFileCreator] for 
02-20 20:43:37.715  1676  1676 D NetworkManagement: enabling bandwidth control
02-20 20:43:37.717  1676  1748 I am_proc_bound: [0,1757,com.android.inputmethod.latin]
02-20 20:43:37.724  1676  1734 D WifiController: DEFERRED_TOGGLE handled
02-20 20:43:37.727  1676  1720 W art     : Long monitor contention with owner main (1676) at int com.android.server.am.ActivityManagerService.startIsolatedProcess(java.lang.String, java.lang.String[], java.lang.String, java.lang.String, int, java.lang.Runnable)(ActivityManagerService.java:3509) waiters=1 in int com.android.server.am.ActivityManagerService.getAppStartMode(int, java.lang.String) for 316ms
02-20 20:43:37.727  1676  1720 I dvm_lock_sample: [system_server,0,MountService,316,ActivityManagerService.java,7896,-,3509,63]
02-20 20:43:37.727  1676  1688 W art     : Long monitor contention with owner main (1676) at int com.android.server.am.ActivityManagerService.startIsolatedProcess(java.lang.String, java.lang.String[], java.lang.String, java.lang.String, int, java.lang.Runnable)(ActivityManagerService.java:3509) waiters=0 in void com.android.server.am.ActivityManagerService.attachApplication(android.app.IApplicationThread) for 305ms
02-20 20:43:37.727  1676  1688 I dvm_lock_sample: [system_server,1,Binder:1676_2,305,ActivityManagerService.java,6669,-,3509,61]
02-20 20:43:37.731  1676  1720 D VoldConnector: SND -> {5 volume mount emulated 3 -1}
02-20 20:43:37.731  1676  1688 I am_proc_bound: [0,1763,com.android.systemui]
02-20 20:43:37.731  1267  1303 V vold    : Waiting for FUSE to spin up...
02-20 20:43:37.732  1676  1721 D VoldConnector: RCV <- {651 emulated 1}
02-20 20:43:37.732  1676  1721 D VoldConnector: RCV <- {656 emulated /data/media}
02-20 20:43:37.732  1676  1721 D VoldConnector: RCV <- {655 emulated /storage/emulated}
02-20 20:43:37.763  1792  1792 W art     : Unexpected CPU variant for X86 using defaults: x86
02-20 20:43:37.768  1797  1797 W art     : Unexpected CPU variant for X86 using defaults: x86_64
02-20 20:43:37.775  1763  1763 W System  : ClassLoader referenced unknown path: /system/priv-app/SystemUIGoogle/lib/x86_64
02-20 20:43:37.782  1267  1303 V vold    : Waiting for FUSE to spin up...
02-20 20:43:37.786  1803  1803 W sdcard  : Device explicitly disabled sdcardfs
02-20 20:43:37.838  1267  1303 V vold    : Waiting for FUSE to spin up...
02-20 20:43:37.840  1797  1797 V WebViewFactory: RelroFileCreator (64bit = true),  32-bit lib: /system/app/Chrome/Chrome.apk!/lib/x86/libmonochrome.so, 64-bit lib: /system/app/Chrome/Chrome.apk!/lib/x86_64/libmonochrome.so
02-20 20:43:37.846  1792  1792 V WebViewFactory: RelroFileCreator (64bit = false),  32-bit lib: /system/app/Chrome/Chrome.apk!/lib/x86/libmonochrome.so, 64-bit lib: /system/app/Chrome/Chrome.apk!/lib/x86_64/libmonochrome.so
02-20 20:43:37.871  1372  1372 I MediaPlayerService: MediaPlayerService::getOMX
02-20 20:43:37.873  1372  1372 I OMXClient: MuxOMX ctor
02-20 20:43:37.875  1372  1372 I MediaPlayerService: MediaPlayerService::getOMX
02-20 20:43:37.822     0     0 D ieee80211 phy1: hw scan 2432 MHz
02-20 20:43:37.839     0     0 D SELinux : initialized (dev fuse, type fuse), uses genfs_contexts
02-20 20:43:37.841     0     0 D SELinux : initialized (dev fuse, type fuse), uses genfs_contexts
02-20 20:43:37.845     0     0 D SELinux : initialized (dev fuse, type fuse), uses genfs_contexts
02-20 20:43:37.944     0     0 D ieee80211 phy1: hw scan 2437 MHz
02-20 20:43:37.877  1372  1372 I OMXClient: MuxOMX ctor
02-20 20:43:37.878  1369  1369 I OMXMaster: makeComponentInstance(OMX.google.mp3.decoder) in mediacodec process
02-20 20:43:37.892  1676  1721 D VoldConnector: RCV <- {651 emulated 2}
02-20 20:43:37.893  1676  1721 D VoldConnector: RCV <- {200 5 Command succeeded}
02-20 20:43:37.893  1676  1720 D VoldConnector: SND -> {6 volume mount public:253,64 2 0}
02-20 20:43:37.893  1267  1303 V vold    : /system/bin/blkid
02-20 20:43:37.893  1267  1303 V vold    :     -c
02-20 20:43:37.893  1267  1303 V vold    :     /dev/null
02-20 20:43:37.893  1267  1303 V vold    :     -s
02-20 20:43:37.893  1267  1303 V vold    :     TYPE
02-20 20:43:37.893  1267  1303 V vold    :     -s
02-20 20:43:37.893  1267  1303 V vold    :     UUID
02-20 20:43:37.893  1267  1303 V vold    :     -s
02-20 20:43:37.893  1267  1303 V vold    :     LABEL
02-20 20:43:37.893  1267  1303 V vold    :     /dev/block/vold/public:253,64
02-20 20:43:37.894  1676  1721 D VoldConnector: RCV <- {651 public:253,64 1}
02-20 20:43:37.933  1373  1673 D SoftapController: Softap fwReload - Ok
02-20 20:43:38.026  1763  1763 V SystemUIService: Starting SystemUI services for user 0.
02-20 20:43:38.031  1372  1372 I MediaPlayerService: MediaPlayerService::getOMX
02-20 20:43:38.031  1372  1372 I OMXClient: MuxOMX ctor
02-20 20:43:38.031  1369  1390 I OMXMaster: makeComponentInstance(OMX.google.amrnb.decoder) in mediacodec process
02-20 20:43:38.039  1372  1372 I MediaPlayerService: MediaPlayerService::getOMX
02-20 20:43:38.039  1372  1372 I OMXClient: MuxOMX ctor
02-20 20:43:38.039  1369  1369 I OMXMaster: makeComponentInstance(OMX.google.amrwb.decoder) in mediacodec process
02-20 20:43:38.051  1372  1372 I MediaPlayerService: MediaPlayerService::getOMX
02-20 20:43:38.051  1372  1372 I OMXClient: MuxOMX ctor
02-20 20:43:38.051  1369  1390 I OMXMaster: makeComponentInstance(OMX.google.aac.decoder) in mediacodec process
02-20 20:43:38.052  1267  1303 V vold    : /dev/block/vold/public:253,64: LABEL="SDCARD" UUID="1E12-0B12" TYPE="vfat" 
02-20 20:43:38.052  1267  1303 V vold    : 
02-20 20:43:38.053  1267  1303 V vold    : /system/bin/fsck_msdos
02-20 20:43:38.053  1267  1303 V vold    :     -p
02-20 20:43:38.053  1267  1303 V vold    :     -f
02-20 20:43:38.053  1267  1303 V vold    :     /dev/block/vold/public:253,64
02-20 20:43:38.054  1676  1721 D VoldConnector: RCV <- {652 public:253,64 vfat}
02-20 20:43:38.054  1676  1721 D VoldConnector: RCV <- {653 public:253,64 1E12-0B12}
02-20 20:43:38.054  1676  1721 D VoldConnector: RCV <- {654 public:253,64 SDCARD}
02-20 20:43:38.058  1372  1372 I MediaPlayerService: MediaPlayerService::getOMX
02-20 20:43:38.058  1372  1372 I OMXClient: MuxOMX ctor
02-20 20:43:38.058  1369  1390 I OMXMaster: makeComponentInstance(OMX.google.g711.alaw.decoder) in mediacodec process
02-20 20:43:38.060     0     0 D ieee80211 phy1: hw scan 2442 MHz
02-20 20:43:38.110  1267  1303 I fsck_msdos: ** /dev/block/vold/public:253,64
02-20 20:43:38.111  1267  1303 I fsck_msdos: ** Phase 1 - Read and Compare FATs
02-20 20:43:38.111  1267  1303 I fsck_msdos: Attempting to allocate 1022 KB for FAT
02-20 20:43:38.111  1792  1792 I art     : System.exit called, status: 0
02-20 20:43:38.111  1792  1792 I AndroidRuntime: VM exiting with result code 0, cleanup skipped.
02-20 20:43:38.117  1676  1676 W NetworkManagement: setDataSaverMode(): already false
02-20 20:43:38.120  1373  1673 D CommandListener: Setting iface cfg
02-20 20:43:38.120  1373  1673 D CommandListener: Trying to bring down wlan0
02-20 20:43:38.122  1373  1673 D CommandListener: Clearing all IP addresses on wlan0
02-20 20:43:38.123  1757  1757 I LatinIME: Hardware accelerated drawing: true
02-20 20:43:38.123  1797  1797 I art     : System.exit called, status: 0
02-20 20:43:38.123  1797  1797 I AndroidRuntime: VM exiting with result code 0, cleanup skipped.
02-20 20:43:38.124  1676  1735 E WifiMonitor: killSupplicant p2pfalse init.svc.wpa_supplicant=unknown init.svc.p2p_supplicant=unknown
02-20 20:43:38.125  1372  1372 I MediaPlayerService: MediaPlayerService::getOMX
02-20 20:43:38.125  1372  1372 I OMXClient: MuxOMX ctor
02-20 20:43:38.125  1369  1390 I OMXMaster: makeComponentInstance(OMX.google.g711.mlaw.decoder) in mediacodec process
02-20 20:43:38.131  1676  1735 E wifi    : Can not initialize the vendor function pointer table
02-20 20:43:38.131  1676  1735 E WifiNative-HAL: Could not start hal
02-20 20:43:38.131  1676  1735 E WifiStateMachine: Failed to start HAL
02-20 20:43:38.143     0     0 I init    : Starting service 'wpa_supplicant'...
02-20 20:43:38.152  1676  1735 D WifiMonitor: startMonitoring(wlan0) with mConnected = false
02-20 20:43:38.152  1676  1735 E WifiHW  : Unable to open connection to supplicant on "@android:wpa_wlan0": No such file or directory
02-20 20:43:38.169  1763  1763 V MediaRouter: Adding route: RouteInfo{ name=Phone, description=null, status=null, category=RouteCategory{ name=null types=ROUTE_TYPE_LIVE_AUDIO ROUTE_TYPE_LIVE_VIDEO  groupable=false }, supportedTypes=ROUTE_TYPE_LIVE_AUDIO ROUTE_TYPE_LIVE_VIDEO , presentationDisplay=null }
02-20 20:43:38.180     0     0 D ieee80211 phy1: hw scan 2447 MHz
02-20 20:43:38.178  1267  1303 I fsck_msdos: Attempting to allocate 1022 KB for FAT
02-20 20:43:38.186  1763  1763 V MediaRouter: Updating audio routes: AudioRoutesInfo{ type=SPEAKER }
02-20 20:43:38.186  1763  1763 V MediaRouter: Selecting route: RouteInfo{ name=Phone, description=null, status=null, category=RouteCategory{ name=null types=ROUTE_TYPE_LIVE_AUDIO ROUTE_TYPE_LIVE_VIDEO  groupable=false }, supportedTypes=ROUTE_TYPE_LIVE_AUDIO ROUTE_TYPE_LIVE_VIDEO , presentationDisplay=null }
02-20 20:43:38.194  1676  1791 D TelephonyRegistry: listen oscl: hasNotifySubscriptionInfoChangedOccurred==false no callback
02-20 20:43:38.212  1372  1372 I MediaPlayerService: MediaPlayerService::getOMX
02-20 20:43:38.213  1372  1372 I OMXClient: MuxOMX ctor
02-20 20:43:38.213  1369  1390 I OMXMaster: makeComponentInstance(OMX.google.vorbis.decoder) in mediacodec process
02-20 20:43:38.254  1862  1862 I wpa_supplicant: Successfully initialized wpa_supplicant
02-20 20:43:38.254  1372  1372 I MediaPlayerService: MediaPlayerService::getOMX
02-20 20:43:38.258  1372  1372 I OMXClient: MuxOMX ctor
02-20 20:43:38.258  1369  1390 I OMXMaster: makeComponentInstance(OMX.google.opus.decoder) in mediacodec process
02-20 20:43:38.272  1676  1691 W WindowManager: Keyguard drawn timeout. Setting mKeyguardDrawComplete
02-20 20:43:38.274  1862  1862 I wpa_supplicant: rfkill: Cannot open RFKILL control device
02-20 20:43:38.274     0     0 D ieee80211 phy0: mac80211_hwsim_start
02-20 20:43:38.274     0     0 D ieee80211 phy0: mac80211_hwsim_add_interface (type=2 mac_addr=02:00:00:44:55:66)
02-20 20:43:38.274     0     0 D ieee80211 phy0: mac80211_hwsim_bss_info_changed(changed=0xe)
02-20 20:43:38.275     0     0 D ieee80211 phy0: ERP_CTS_PROT: 0
02-20 20:43:38.275     0     0 D ieee80211 phy0: ERP_PREAMBLE: 0
02-20 20:43:38.275     0     0 D ieee80211 phy0: ERP_SLOT: 0
02-20 20:43:38.275     0     0 D ieee80211 phy0: mac80211_hwsim_conf_tx (queue=0 txop=0 cw_min=15 cw_max=1023 aifs=2)
02-20 20:43:38.275     0     0 D ieee80211 phy0: mac80211_hwsim_conf_tx (queue=1 txop=0 cw_min=15 cw_max=1023 aifs=2)
02-20 20:43:38.275     0     0 D ieee80211 phy0: mac80211_hwsim_conf_tx (queue=2 txop=0 cw_min=15 cw_max=1023 aifs=2)
02-20 20:43:38.275     0     0 D ieee80211 phy0: mac80211_hwsim_conf_tx (queue=3 txop=0 cw_min=15 cw_max=1023 aifs=2)
02-20 20:43:38.275     0     0 D ieee80211 phy0: mac80211_hwsim_bss_info_changed(changed=0x2000)
02-20 20:43:38.275     0     0 D ieee80211 phy0: mac80211_hwsim_config (freq=0 idle=0 ps=0 smps=auto)
02-20 20:43:38.275     0     0 D ieee80211 phy0: mac80211_hwsim_configure_filter
02-20 20:43:38.275     0     0 D ieee80211 phy0: mac80211_hwsim_configure_filter
02-20 20:43:38.276     0     0 D ieee80211 phy0: mac80211_hwsim_configure_filter
02-20 20:43:38.276     0     0 I IPv6    : ADDRCONF(NETDEV_UP): wlan0: link is not ready
02-20 20:43:38.275  1676  1676 D NetworkPolicy: setRestrictBackgroundUL(): false
02-20 20:43:38.276  1676  1676 W NetworkManagement: setDataSaverMode(): already false
02-20 20:43:38.277  1862  1862 I wpa_supplicant: nl80211: Could not re-add multicast membership for vendor events: -2 (No such file or directory)
02-20 20:43:38.287  1267  1303 I fsck_msdos: ** Phase 2 - Check Cluster Chains
02-20 20:43:38.288  1757  1757 W InputAttributes: No editor info for this field. Bug?
02-20 20:43:38.288  1267  1303 I fsck_msdos: ** Phase 3 - Checking Directories
02-20 20:43:38.294  1267  1303 I fsck_msdos: ** Phase 4 - Checking for Lost Files
02-20 20:43:38.294  1267  1303 I fsck_msdos: 27 files, 522176 free (261088 clusters)
02-20 20:43:38.301     0     0 D ieee80211 phy1: hw scan 2452 MHz
02-20 20:43:38.320  1763  1871 E WVMExtractor: Failed to open libwvm.so: dlopen failed: library "libwvm.so" not found
02-20 20:43:38.325  1267  1303 I Vold    : Filesystem check completed OK
02-20 20:43:38.325  1676  1721 D VoldConnector: RCV <- {656 public:253,64 /mnt/media_rw/1E12-0B12}
02-20 20:43:38.325  1676  1721 D VoldConnector: RCV <- {655 public:253,64 /storage/1E12-0B12}
02-20 20:43:38.328  1372  1372 I MediaPlayerService: MediaPlayerService::getOMX
02-20 20:43:38.328  1372  1372 I OMXClient: MuxOMX ctor
02-20 20:43:38.328  1369  1390 I OMXMaster: makeComponentInstance(OMX.google.raw.decoder) in mediacodec process
02-20 20:43:38.331  1372  1372 I MediaPlayerService: MediaPlayerService::getOMX
02-20 20:43:38.331  1372  1372 I OMXClient: MuxOMX ctor
02-20 20:43:38.331  1369  1369 I OMXMaster: makeComponentInstance(OMX.google.aac.encoder) in mediacodec process
02-20 20:43:38.338  1372  1372 I MediaPlayerService: MediaPlayerService::getOMX
02-20 20:43:38.338  1372  1372 I OMXClient: MuxOMX ctor
02-20 20:43:38.338  1369  1843 I OMXMaster: makeComponentInstance(OMX.google.amrnb.encoder) in mediacodec process
02-20 20:43:38.331     0     0 W FAT-fs (vde): Volume was not properly unmounted. Some data may be corrupt. Please run fsck.
02-20 20:43:38.336     0     0 D SELinux : initialized (dev vde, type vfat), uses genfs_contexts
02-20 20:43:38.340  1267  1303 V vold    : Waiting for FUSE to spin up...
02-20 20:43:38.340  1372  1372 I MediaPlayerService: MediaPlayerService::getOMX
02-20 20:43:38.341  1372  1372 I OMXClient: MuxOMX ctor
02-20 20:43:38.341  1369  1390 I OMXMaster: makeComponentInstance(OMX.google.amrwb.encoder) in mediacodec process
02-20 20:43:38.341  1757  1883 I LatinIME:LogUtils: Dictionary info: dictionary = userunigram.en_US ; version = 1519159418 ; date = ?
02-20 20:43:38.342  1757  1883 E ActivityThread: Failed to find provider info for user_dictionary
02-20 20:43:38.342  1757  1883 I LatinIME:LogUtils: Dictionary info: dictionary = UserHistoryDictionary.en_US ; version = 1519159418 ; date = ?
02-20 20:43:38.348  1372  1372 I MediaPlayerService: MediaPlayerService::getOMX
02-20 20:43:38.373  1862  1862 E wpa_supplicant: global ctrl interface @android:wpa_wlan0 matches ctrl interface wlan0 - do not open per-interface ctrl interface
02-20 20:43:38.374  1372  1372 I OMXClient: MuxOMX ctor
02-20 20:43:38.374  1369  1369 I OMXMaster: makeComponentInstance(OMX.google.flac.encoder) in mediacodec process
02-20 20:43:38.385  1884  1884 W sdcard  : Device explicitly disabled sdcardfs
02-20 20:43:38.386     0     0 D SELinux : initialized (dev fuse, type fuse), uses genfs_contexts
02-20 20:43:38.386     0     0 D SELinux : initialized (dev fuse, type fuse), uses genfs_contexts
02-20 20:43:38.386     0     0 D SELinux : initialized (dev fuse, type fuse), uses genfs_contexts
02-20 20:43:38.390  1676  1721 D VoldConnector: RCV <- {651 public:253,64 2}
02-20 20:43:38.390  1676  1721 D VoldConnector: RCV <- {200 6 Command succeeded}
02-20 20:43:38.421     0     0 D ieee80211 phy1: hw scan 2457 MHz
02-20 20:43:38.425  1372  1372 I MediaPlayerService: MediaPlayerService::getOMX
02-20 20:43:38.425  1372  1372 I OMXClient: MuxOMX ctor
02-20 20:43:38.425  1369  1369 I OMXMaster: makeComponentInstance(OMX.google.gsm.decoder) in mediacodec process
02-20 20:43:38.478  1757  1883 I LatinIME:LogUtils: Dictionary info: dictionary = main:en ; version = 54 ; date = 1414726273
02-20 20:43:38.479  1372  1372 I MediaPlayerService: MediaPlayerService::getOMX
02-20 20:43:38.479  1372  1372 I OMXClient: MuxOMX ctor
02-20 20:43:38.479  1369  1369 I OMXMaster: makeComponentInstance(OMX.google.mpeg4.decoder) in mediacodec process
02-20 20:43:38.502  1676  1676 I SystemServiceManager: Starting phase 600
02-20 20:43:38.503  1369  1390 E OMXNodeInstance: getExtensionIndex(559000f:google.mpeg4.decoder, OMX.google.android.index.configureVideoTunnelMode) ERROR: UnsupportedIndex(0x8000101a)
02-20 20:43:38.503  1369  1843 W OMXNodeInstance: [559000f:google.mpeg4.decoder] component does not support metadata mode; using fallback
02-20 20:43:38.504  1372  1372 I MediaPlayerService: MediaPlayerService::getOMX
02-20 20:43:38.504  1372  1372 I OMXClient: MuxOMX ctor
02-20 20:43:38.504  1369  1369 I OMXMaster: makeComponentInstance(OMX.google.h263.decoder) in mediacodec process
02-20 20:43:38.531  1676  1729 I netstats_mobile_sample: [0,0,0,0,0,0,0,0,0,0,0,0,-1]
02-20 20:43:38.531  1676  1729 I netstats_wifi_sample: [0,0,0,0,0,0,0,0,0,0,0,0,-1]
02-20 20:43:38.533  1369  1843 E OMXNodeInstance: getExtensionIndex(5590010:google.h263.decoder, OMX.google.android.index.configureVideoTunnelMode) ERROR: UnsupportedIndex(0x8000101a)
02-20 20:43:38.533  1369  1390 W OMXNodeInstance: [5590010:google.h263.decoder] component does not support metadata mode; using fallback
02-20 20:43:38.533  1372  1372 I MediaPlayerService: MediaPlayerService::getOMX
02-20 20:43:38.533  1676  1676 D SensorNotificationService: Cannot obtain dynamic meta sensor, not supported.
02-20 20:43:38.533  1372  1372 I OMXClient: MuxOMX ctor
02-20 20:43:38.533  1369  1369 I OMXMaster: makeComponentInstance(OMX.google.h264.decoder) in mediacodec process
02-20 20:43:38.535  1676  1676 D TelephonyRegistry: listen oscl: hasNotifySubscriptionInfoChangedOccurred==false no callback
02-20 20:43:38.555  1763  1763 I vol.Events: writeEvent collection_started
02-20 20:43:38.559  1763  1913 I sysui_action: [213,2]
02-20 20:43:38.559  1763  1913 I vol.Events: writeEvent external_ringer_mode_changed normal
02-20 20:43:38.559  1763  1913 I vol.Events: writeEvent internal_ringer_mode_changed normal
02-20 20:43:38.566  1676  1676 I GnssLocationProvider: WakeLock acquired by sendMessage(13, 0, null)
02-20 20:43:38.568  1372  1372 W ACodec  : [OMX.google.h264.decoder] stopping checking profiles after 32: 2/8000
02-20 20:43:38.569  1369  1369 E OMXNodeInstance: getExtensionIndex(5590011:google.h264.decoder, OMX.google.android.index.configureVideoTunnelMode) ERROR: UnsupportedIndex(0x8000101a)
02-20 20:43:38.569  1369  1390 W OMXNodeInstance: [5590011:google.h264.decoder] component does not support metadata mode; using fallback
02-20 20:43:38.569  1676  1676 W LocationProviderProxy-network: Odd, no component found for service com.android.location.service.v3.NetworkLocationProvider
02-20 20:43:38.569  1676  1689 W GnssLocationProvider: Could not open GPS configuration file /etc/gps.conf
02-20 20:43:38.569  1676  1689 E GnssLocationProvider: no AGPS interface in set_agps_server
02-20 20:43:38.570  1676  1689 D TelephonyRegistry: listen oscl: hasNotifySubscriptionInfoChangedOccurred==false no callback
02-20 20:43:38.573  1372  1372 I MediaPlayerService: MediaPlayerService::getOMX
02-20 20:43:38.573  1372  1372 I OMXClient: MuxOMX ctor
02-20 20:43:38.573  1369  1843 I OMXMaster: makeComponentInstance(OMX.google.hevc.decoder) in mediacodec process
02-20 20:43:38.575  1676  1676 W GeocoderProxy: Odd, no component found for service com.android.location.service.GeocodeProvider
02-20 20:43:38.575  1676  1676 E FlpHardwareProvider: Error hw_get_module 'flp': -2
02-20 20:43:38.575  1676  1676 D LocationManagerService: FLP HAL not supported
02-20 20:43:38.577  1676  1676 W GeofenceProxy: Odd, no component found for service com.android.location.service.GeofenceProvider
02-20 20:43:38.578  1676  1676 E ActivityRecognitionHardware: Error hw_get_module: -2
02-20 20:43:38.578  1676  1676 D LocationManagerService: Hardware Activity-Recognition not supported.
02-20 20:43:38.578  1676  1676 W ActivityRecognitionProxy: Odd, no component found for service com.android.location.service.ActivityRecognitionProvider
02-20 20:43:38.579  1676  1676 I GnssLocationProvider: WakeLock acquired by sendMessage(2, 1, null)
02-20 20:43:38.581  1676  1676 I CommonTimeManagementService: No common time service detected on this platform.  Common time services will be unavailable.
02-20 20:43:38.582  1676  1676 D TelephonyRegistry: systemRunning register for intents
02-20 20:43:38.582  1676  1676 I MmsServiceBroker: Delay connecting to MmsService until an API is called
02-20 20:43:38.584  1676  1719 I InputReader: Reconfiguring input devices.  changes=0x00000020
02-20 20:43:38.596  1676  1719 I InputReader: Reconfiguring input devices.  changes=0x00000010
02-20 20:43:38.597  1676  1689 I GnssLocationProvider: WakeLock released by handleMessage(13, 0, null)
02-20 20:43:38.597  1676  1689 E GnssLocationProvider: no AGPS interface in set_agps_server
02-20 20:43:38.603  1676  1689 I GnssLocationProvider: WakeLock released by handleMessage(2, 1, null)
02-20 20:43:38.618  1369  1369 E OMXNodeInstance: getExtensionIndex(5590012:google.hevc.decoder, OMX.google.android.index.configureVideoTunnelMode) ERROR: UnsupportedIndex(0x8000101a)
02-20 20:43:38.618  1369  1390 W OMXNodeInstance: [5590012:google.hevc.decoder] component does not support metadata mode; using fallback
02-20 20:43:38.619  1676  1676 I am_proc_start: [0,1919,1001,com.android.phone,added application,com.android.phone]
02-20 20:43:38.619  1676  1676 I ActivityManager: Start proc 1919:com.android.phone/1001 for added application com.android.phone
02-20 20:43:38.622  1676  1676 I ActivityManager: START u0 {act=android.intent.action.MAIN cat=[android.intent.category.HOME] flg=0x10000100 cmp=com.android.settings/.FallbackHome} from uid 0 on display 0
02-20 20:43:38.623  1676  1676 W System  : ClassLoader referenced unknown path: 
02-20 20:43:38.623  1676  1676 W System  : ClassLoader referenced unknown path: /system/priv-app/Settings/lib/x86_64
02-20 20:43:38.623  1676  1676 D ApplicationLoaders: ignored Vulkan layer search path /system/priv-app/Settings/lib/x86_64:/system/priv-app/Settings/Settings.apk!/lib/x86_64:/system/lib64:/vendor/lib64 for namespace 0x7a3bf11b4160
02-20 20:43:38.625  1919  1919 W art     : Unexpected CPU variant for X86 using defaults: x86_64
02-20 20:43:38.626  1372  1372 I MediaPlayerService: MediaPlayerService::getOMX
02-20 20:43:38.627  1372  1372 I OMXClient: MuxOMX ctor
02-20 20:43:38.627  1369  1843 I OMXMaster: makeComponentInstance(OMX.google.vp8.decoder) in mediacodec process
02-20 20:43:38.628  1676  1676 I ActivityManager: Loaded persisted task ids for user 0
02-20 20:43:38.635  1676  1676 I am_create_task: [0,1]
02-20 20:43:38.635  1676  1676 I am_create_activity: [0,69712377,1,com.android.settings/.FallbackHome,android.intent.action.MAIN,NULL,NULL,276824320]
02-20 20:43:38.636  1676  1676 I wm_task_created: [1,0]
02-20 20:43:38.636  1676  1676 I wm_task_moved: [1,1,0]
02-20 20:43:38.636  1676  1676 I wm_task_moved: [1,1,0]
02-20 20:43:38.637  1676  1676 I am_focused_activity: [0,com.android.settings/.FallbackHome,startedActivity]
02-20 20:43:38.639  1676  1676 I am_proc_start: [0,1935,1000,com.android.settings,activity,com.android.settings/.FallbackHome]
02-20 20:43:38.639  1676  1676 I ActivityManager: Start proc 1935:com.android.settings/1000 for activity com.android.settings/.FallbackHome
02-20 20:43:38.645  1676  1688 I am_proc_bound: [0,1919,com.android.phone]
02-20 20:43:38.645  1676  1676 I SystemServer: Enabled StrictMode for system server main thread.
02-20 20:43:38.650  1676  1676 D ConditionProviders.SCP: onConnected
02-20 20:43:38.650  1676  1676 D ZenLog  : set_zen_mode: off,readXml
02-20 20:43:38.658  1676  1676 D ConditionProviders: Subscribing to condition://android/schedule?days=6.7&start=23.30&end=10.0&exitAtAlarm=false with ComponentInfo{android/com.android.server.notification.ScheduleConditionProvider}
02-20 20:43:38.658  1676  1676 D ZenLog  : subscribe: condition://android/schedule?days=6.7&start=23.30&end=10.0&exitAtAlarm=false,ok
02-20 20:43:38.658  1676  1676 D ConditionProviders: Subscribing to condition://android/event?userId=-10000&calendar=&reply=1 with ComponentInfo{android/com.android.server.notification.EventConditionProvider}
02-20 20:43:38.658  1676  1676 D ZenLog  : subscribe: condition://android/event?userId=-10000&calendar=&reply=1,ok
02-20 20:43:38.658  1676  1676 D ConditionProviders: Subscribing to condition://android/schedule?days=1.2.3.4.5&start=22.0&end=7.0&exitAtAlarm=false with ComponentInfo{android/com.android.server.notification.ScheduleConditionProvider}
02-20 20:43:38.658  1676  1676 D ZenLog  : subscribe: condition://android/schedule?days=1.2.3.4.5&start=22.0&end=7.0&exitAtAlarm=false,ok
02-20 20:43:38.661     0     0 D ieee80211 phy1: hw scan complete
02-20 20:43:38.661     0     0 D ieee80211 phy1: mac80211_hwsim_get_survey (idx=0)
02-20 20:43:38.670  1919  1919 W System  : ClassLoader referenced unknown path: /system/priv-app/TeleService/lib/x86_64
02-20 20:43:38.674  1676  1689 W LocationProviderProxy-network: Odd, no component found for service com.android.location.service.v3.NetworkLocationProvider
02-20 20:43:38.674  1676  1689 W GeocoderProxy: Odd, no component found for service com.android.location.service.GeocodeProvider
02-20 20:43:38.674  1676  1689 W GeofenceProxy: Odd, no component found for service com.android.location.service.GeofenceProvider
02-20 20:43:38.674  1676  1689 W ActivityRecognitionProxy: Odd, no component found for service com.android.location.service.ActivityRecognitionProvider
02-20 20:43:38.677  1935  1935 W art     : Unexpected CPU variant for X86 using defaults: x86_64
02-20 20:43:38.699  1369  1369 E OMXNodeInstance: getExtensionIndex(5590013:google.vp8.decoder, OMX.google.android.index.configureVideoTunnelMode) ERROR: UnsupportedIndex(0x8000101a)
02-20 20:43:38.699  1369  1390 W OMXNodeInstance: [5590013:google.vp8.decoder] component does not support metadata mode; using fallback
02-20 20:43:38.703  1372  1372 I MediaPlayerService: MediaPlayerService::getOMX
02-20 20:43:38.704  1372  1372 I OMXClient: MuxOMX ctor
02-20 20:43:38.708  1369  1843 I OMXMaster: makeComponentInstance(OMX.google.vp9.decoder) in mediacodec process
02-20 20:43:38.710  1676  1737 I WifiScanningService: wifi driver unloaded
02-20 20:43:38.710  1676  1676 D RttService: SCAN_AVAILABLE : 1
02-20 20:43:38.710  1676  1738 D RttService: DefaultState got{ when=0 what=160513 target=com.android.internal.util.StateMachine$SmHandler }
02-20 20:43:38.711  1676  1676 D ZenLog  : set_zen_mode: off,cleanUpZenRules
02-20 20:43:38.712  1919  1919 W System  : ClassLoader referenced unknown path: /system/priv-app/TelephonyProvider/lib/x86_64
02-20 20:43:38.712  1919  1919 D ApplicationLoaders: ignored Vulkan layer search path /system/priv-app/TelephonyProvider/lib/x86_64:/system/lib64:/vendor/lib64 for namespace 0x7a3bf11490f0
02-20 20:43:38.716  1676  1688 I am_proc_bound: [0,1935,com.android.settings]
02-20 20:43:38.731  1502  1502 E hostapd : Using interface wlan1 with hwaddr 02:00:00:00:01:00 and ssid "AndroidWifi"
02-20 20:43:38.731  1502  1502 I hostapd : wlan1: interface state HT_SCAN->ENABLED
02-20 20:43:38.731  1502  1502 I hostapd : wlan1: AP-ENABLED 
02-20 20:43:38.731     0     0 D ieee80211 phy1: mac80211_hwsim_config (freq=0 idle=0 ps=0 smps=auto)
02-20 20:43:38.731     0     0 D ieee80211 phy1: add channel context control: 2447 MHz/width: 2/cfreqs:2437/0 MHz
02-20 20:43:38.731     0     0 D ieee80211 phy1: mac80211_hwsim_bss_info_changed(changed=0x40000)
02-20 20:43:38.731     0     0 D ieee80211 phy1: TX Power: 20 dBm
02-20 20:43:38.731     0     0 D ieee80211 phy1: mac80211_hwsim_bss_info_changed(changed=0x4000)
02-20 20:43:38.731     0     0 D ieee80211 phy1: change channel context control: 2447 MHz/width: 2/cfreqs:2437/0 MHz
02-20 20:43:38.731     0     0 D ieee80211 phy1: mac80211_hwsim_bss_info_changed(changed=0x88340)
02-20 20:43:38.731     0     0 D ieee80211 phy1: BCNINT: 100
02-20 20:43:38.731     0     0 D ieee80211 phy1: BCN EN: 1
02-20 20:43:38.731     0     0 D ieee80211 phy1: mac80211_hwsim_bss_info_changed(changed=0x3e)
02-20 20:43:38.731     0     0 D ieee80211 phy1: ERP_CTS_PROT: 0
02-20 20:43:38.731     0     0 D ieee80211 phy1: ERP_PREAMBLE: 0
02-20 20:43:38.731     0     0 D ieee80211 phy1: ERP_SLOT: 1
02-20 20:43:38.731     0     0 D ieee80211 phy1: HT: op_mode=0x0
02-20 20:43:38.731     0     0 D ieee80211 phy1: BASIC_RATES: 0xf
02-20 20:43:38.731     0     0 D ieee80211 phy1: mac80211_hwsim_conf_tx (queue=0 txop=47 cw_min=3 cw_max=7 aifs=1)
02-20 20:43:38.731     0     0 D ieee80211 phy1: mac80211_hwsim_bss_info_changed(changed=0x2000)
02-20 20:43:38.731     0     0 D ieee80211 phy1: mac80211_hwsim_conf_tx (queue=1 txop=94 cw_min=7 cw_max=15 aifs=1)
02-20 20:43:38.731     0     0 D ieee80211 phy1: mac80211_hwsim_bss_info_changed(changed=0x2000)
02-20 20:43:38.731     0     0 D ieee80211 phy1: mac80211_hwsim_conf_tx (queue=2 txop=0 cw_min=15 cw_max=63 aifs=3)
02-20 20:43:38.731     0     0 D ieee80211 phy1: mac80211_hwsim_bss_info_changed(changed=0x2000)
02-20 20:43:38.731     0     0 D ieee80211 phy1: mac80211_hwsim_conf_tx (queue=3 txop=0 cw_min=15 cw_max=1023 aifs=7)
02-20 20:43:38.731     0     0 D ieee80211 phy1: mac80211_hwsim_bss_info_changed(changed=0x2000)
02-20 20:43:38.731     0     0 I IPv6    : ADDRCONF(NETDEV_CHANGE): wlan1: link becomes ready
02-20 20:43:38.732     0     0 D ieee80211 phy1: mac80211_hwsim_configure_filter
02-20 20:43:38.741  1919  1919 D TelephonyProvider: dbh.onOpen: ok, queried table=siminfo
02-20 20:43:38.741  1919  1919 D TelephonyProvider: dbh.onOpen: ok, queried table=carriers
02-20 20:43:38.757  1369  1369 E OMXNodeInstance: getExtensionIndex(5590014:google.vp9.decoder, OMX.google.android.index.configureVideoTunnelMode) ERROR: UnsupportedIndex(0x8000101a)
02-20 20:43:38.765  1369  1390 W OMXNodeInstance: [5590014:google.vp9.decoder] component does not support metadata mode; using fallback
02-20 20:43:38.774  1313  1358 D PermissionCache: checking android.permission.READ_FRAME_BUFFER for uid=1000 => granted (397 us)
02-20 20:43:38.775  1372  1372 I MediaPlayerService: MediaPlayerService::getOMX
02-20 20:43:38.775  1372  1372 I OMXClient: MuxOMX ctor
02-20 20:43:38.775  1369  1369 I OMXMaster: makeComponentInstance(OMX.google.h263.encoder) in mediacodec process
02-20 20:43:38.800  1369  1369 I SoftMPEG4Encoder: Construct SoftMPEG4Encoder
02-20 20:43:38.803  1372  1372 W ACodec  : do not know color format 0x7f000789 = 2130708361
02-20 20:43:38.803  1369  1843 E OMXNodeInstance: getConfig(5590015:google.h263.encoder, ConfigAndroidIntraRefresh(0x6f60000a)) ERROR: Undefined(0x80001001)
02-20 20:43:38.804  1372  1372 I MediaPlayerService: MediaPlayerService::getOMX
02-20 20:43:38.805  1372  1372 I OMXClient: MuxOMX ctor
02-20 20:43:38.805  1369  1843 I OMXMaster: makeComponentInstance(OMX.google.h264.encoder) in mediacodec process
02-20 20:43:38.811  1313  1358 D gralloc_ranchu: gralloc_alloc: Creating ashmem region of size 17051648
02-20 20:43:38.827  1372  1372 W ACodec  : do not know color format 0x7f000789 = 2130708361
02-20 20:43:38.828  1372  1372 I MediaPlayerService: MediaPlayerService::getOMX
02-20 20:43:38.828  1372  1372 I OMXClient: MuxOMX ctor
02-20 20:43:38.829  1369  1369 I OMXMaster: makeComponentInstance(OMX.google.mpeg4.encoder) in mediacodec process
02-20 20:43:38.852  1369  1369 I SoftMPEG4Encoder: Construct SoftMPEG4Encoder
02-20 20:43:38.856  1372  1372 W ACodec  : do not know color format 0x7f000789 = 2130708361
02-20 20:43:38.856  1369  1843 E OMXNodeInstance: getConfig(5590017:google.mpeg4.encoder, ConfigAndroidIntraRefresh(0x6f60000a)) ERROR: Undefined(0x80001001)
02-20 20:43:38.858  1372  1372 I MediaPlayerService: MediaPlayerService::getOMX
02-20 20:43:38.858  1372  1372 I OMXClient: MuxOMX ctor
02-20 20:43:38.858  1369  1843 I OMXMaster: makeComponentInstance(OMX.google.vp8.encoder) in mediacodec process
02-20 20:43:38.878  1372  1372 W ACodec  : do not know color format 0x7f000789 = 2130708361
02-20 20:43:38.878  1369  1968 E OMXNodeInstance: getConfig(5590018:google.vp8.encoder, ConfigAndroidIntraRefresh(0x6f60000a)) ERROR: Undefined(0x80001001)
02-20 20:43:38.880  1372  1372 I MediaPlayerService: MediaPlayerService::getOMX
02-20 20:43:38.881  1372  1372 I OMXClient: MuxOMX ctor
02-20 20:43:38.882  1372  1372 I MediaPlayerService: MediaPlayerService::getOMX
02-20 20:43:38.882  1372  1372 I OMXClient: MuxOMX ctor
02-20 20:43:38.882  1372  1372 W MediaCodecList: unable to open media codecs configuration xml file: /data/misc/media/media_codecs_profiling_results.xml
02-20 20:43:38.883  1372  1842 I MediaPlayerService: MediaPlayerService::getOMX
02-20 20:43:38.883  1372  1401 I MediaPlayerService: MediaPlayerService::getOMX
02-20 20:43:38.883  1676  1832 I OMXClient: MuxOMX ctor
02-20 20:43:38.884  1763  1890 I OMXClient: MuxOMX ctor
02-20 20:43:38.885  1369  1390 I OMXMaster: makeComponentInstance(OMX.google.vorbis.decoder) in mediacodec process
02-20 20:43:38.898  1369  1843 I OMXMaster: makeComponentInstance(OMX.google.vorbis.decoder) in mediacodec process
02-20 20:43:38.936  1676  1688 I am_restart_activity: [0,69712377,1,com.android.settings/.FallbackHome]
02-20 20:43:38.937  1676  1697 W art     : Long monitor contention with owner Binder:1676_2 (1688) at void com.android.server.am.ActivityManagerService.attachApplication(android.app.IApplicationThread)(ActivityManagerService.java:6669) waiters=0 in void com.android.server.am.ActivityManagerService$LocalService.notifyAppTransitionCancelled() for 213ms
02-20 20:43:38.937  1676  1697 I dvm_lock_sample: [system_server,1,android.display,213,ActivityManagerService.java,21995,-,6669,42]
02-20 20:43:38.937  1676  1676 W art     : Long monitor contention with owner Binder:1676_2 (1688) at void com.android.server.am.ActivityManagerService.attachApplication(android.app.IApplicationThread)(ActivityManagerService.java:6669) waiters=1 in int com.android.server.am.ActivityManagerService.broadcastIntent(android.app.IApplicationThread, android.content.Intent, java.lang.String, android.content.IIntentReceiver, int, java.lang.String, android.os.Bundle, java.lang.String[], int, android.os.Bundle, boolean, boolean, int) for 209ms
02-20 20:43:38.937  1676  1676 I dvm_lock_sample: [system_server,1,main,209,ActivityManagerService.java,18551,-,6669,41]
02-20 20:43:38.952  1676  1676 W System  : ClassLoader referenced unknown path: /system/priv-app/Telecom/lib/x86_64
02-20 20:43:38.953  1676  1676 D ApplicationLoaders: ignored Vulkan layer search path /system/priv-app/Telecom/lib/x86_64:/system/priv-app/Telecom/Telecom.apk!/lib/x86_64:/system/lib64:/vendor/lib64 for namespace 0x7a3bf11b41d0
02-20 20:43:38.967  1935  1935 W System  : ClassLoader referenced unknown path: /system/priv-app/Settings/lib/x86_64
02-20 20:43:38.978  1372  1401 I MediaPlayerService: MediaPlayerService::getOMX
02-20 20:43:38.978  1676  1978 I OMXClient: MuxOMX ctor
02-20 20:43:38.979  1369  1968 I OMXMaster: makeComponentInstance(OMX.google.vorbis.decoder) in mediacodec process
02-20 20:43:38.991  1372  1842 I MediaPlayerService: MediaPlayerService::getOMX
02-20 20:43:38.999  1763  1981 I OMXClient: MuxOMX ctor
02-20 20:43:38.999  1369  1369 I OMXMaster: makeComponentInstance(OMX.google.vorbis.decoder) in mediacodec process
02-20 20:43:39.012  1919  1919 D TDC     : updateOrInsert: inserting: Modem { uuid=modem, state=0, rilModel=0, rat={}, maxActiveVoiceCall=1, maxActiveDataCall=1, maxStandby=1 }
02-20 20:43:39.012  1919  1919 D TDC     : updateOrInsert: inserting: Sim { uuid=sim, modemUuid=modem, state=0 }
02-20 20:43:39.026  1919  1919 D CdmaSSM : subscriptionSource from settings: 0
02-20 20:43:39.026  1919  1919 I PhoneFactory: Cdma Subscription set to 0
02-20 20:43:39.028  1676  1688 I stream_devices_changed: [0,0,2]
02-20 20:43:39.030  1676  1688 I stream_devices_changed: [2,0,2]
02-20 20:43:39.031  1676  1688 I stream_devices_changed: [3,0,2]
02-20 20:43:39.032  1676  1688 I stream_devices_changed: [6,0,2]
02-20 20:43:39.032  1676  1688 I stream_devices_changed: [4,0,2]
02-20 20:43:39.032  1763  1913 I vol.Events: writeEvent level_changed STREAM_ALARM 6
02-20 20:43:39.051  1763  1913 I vol.Events: writeEvent level_changed STREAM_BLUETOOTH_SCO 7
02-20 20:43:39.052  1763  1913 I vol.Events: writeEvent level_changed STREAM_MUSIC 11
02-20 20:43:39.053  1763  1913 I vol.Events: writeEvent level_changed STREAM_RING 5
02-20 20:43:39.053  1763  1913 I vol.Events: writeEvent level_changed STREAM_SYSTEM 5
02-20 20:43:39.055  1763  1913 I vol.Events: writeEvent level_changed STREAM_VOICE_CALL 4
02-20 20:43:39.073  1935  1935 I am_on_resume_called: [0,com.android.settings.FallbackHome,LAUNCH_ACTIVITY]
02-20 20:43:39.074  1919  1919 I PhoneFactory: Network Mode set to 0
02-20 20:43:39.079  1919  1919 D RILJ    : RIL(context, preferredNetworkType=0 cdmaSubscription=0)
02-20 20:43:39.080  1313  1325 E SurfaceFlinger: ro.sf.lcd_density must be defined as a build property
02-20 20:43:39.083  1372  1372 I MediaPlayerService: MediaPlayerService::getOMX
02-20 20:43:39.083  1763  1985 I OMXClient: MuxOMX ctor
02-20 20:43:39.084  1369  1968 I OMXMaster: makeComponentInstance(OMX.google.vorbis.decoder) in mediacodec process
02-20 20:43:39.084  1935  1935 D         : HostConnection::get() New Host Connection established 0x7a3be25f8fa0, tid 1935
02-20 20:43:39.088  1372  1401 I MediaPlayerService: MediaPlayerService::getOMX
02-20 20:43:39.089  1676  1988 I OMXClient: MuxOMX ctor
02-20 20:43:39.103  1676  1676 E BluetoothAdapter: Bluetooth binder is null
02-20 20:43:39.119  1919  1919 D RILJ    : Starting RILReceiver0 [SUB0]
02-20 20:43:39.121  1919  1990 I RILJ    : (0) Connected to 'rild' socket
02-20 20:43:39.121  1374  1503 I RILC    : libril: new connection to RIL_SOCKET_1
02-20 20:43:39.121  1374  1503 I RILC    : RIL Daemon version: android reference-ril 1.0
02-20 20:43:39.121  1919  1990 D RILJ    : [UNSL]< UNSOL_RIL_CONNECTED {12} [SUB0]
02-20 20:43:39.122  1919  1990 D RILJ    : [3648]> RADIO_POWER off [SUB0]
02-20 20:43:39.123  1919  1919 D RILJ    : [3649]> GET_HARDWARE_CONFIG [SUB0]
02-20 20:43:39.123  1919  1990 D RILJ    : [3650]> RIL_REQUEST_CDMA_SET_SUBSCRIPTION_SOURCE : 0 [SUB0]
02-20 20:43:39.126  1374  1503 D RIL     : onRequest: RADIO_POWER
02-20 20:43:39.126  1919  1919 I PhoneFactory: Creating SubscriptionController
02-20 20:43:39.126  1374  1503 D RIL     : onRequest: GET_HARDWARE_CONFIG
02-20 20:43:39.127  1919  1990 D RILJ    : setCellInfoListRate: 2147483647 [SUB0]
02-20 20:43:39.127  1919  1990 D RILJ    : [3651]> RIL_REQUEST_SET_CELL_INFO_LIST_RATE [SUB0]
02-20 20:43:39.127  1676  1676 I Telecom : SystemStateProvider: Registering car mode receiver: android.content.IntentFilter@b0d7f4e: TS.init@AAA
02-20 20:43:39.127  1919  1990 D RILJ    : [UNSL]< UNSOL_RESPONSE_RADIO_STATE_CHANGED RADIO_OFF [SUB0]
02-20 20:43:39.127  1919  1990 D RILJ    : [3652]> SCREEN_STATE: true [SUB0]
02-20 20:43:39.127  1374  1503 D RIL     : onRequest: CDMA_SET_SUBSCRIPTION_SOURCE
02-20 20:43:39.127  1374  1503 D RIL     : onRequest: SET_UNSOL_CELL_INFO_LIST_RATE
02-20 20:43:39.128  1919  1990 D RILJ    : [UNSL]< UNSOL_NITZ_TIME_RECEIVED 18/02/20:20:43:33+0:0:Unknown!Unknown [SUB0]
02-20 20:43:39.128  1919  1990 D RILJ    : [3648]< RADIO_POWER  [SUB0]
02-20 20:43:39.128  1919  1990 D RilRequest: [3649]< GET_HARDWARE_CONFIG error: com.android.internal.telephony.CommandException: RADIO_NOT_AVAILABLE ret=
02-20 20:43:39.128  1919  1990 D RilRequest: [3650]< RIL_REQUEST_CDMA_SET_SUBSCRIPTION_SOURCE error: com.android.internal.telephony.CommandException: RADIO_NOT_AVAILABLE ret=
02-20 20:43:39.128  1919  1990 D RilRequest: [3651]< RIL_REQUEST_SET_CELL_INFO_LIST_RATE error: com.android.internal.telephony.CommandException: RADIO_NOT_AVAILABLE ret=
02-20 20:43:39.129  1374  1503 D RIL     : onRequest: SCREEN_STATE
02-20 20:43:39.129  1919  1990 D RilRequest: [3652]< SCREEN_STATE error: com.android.internal.telephony.CommandException: RADIO_NOT_AVAILABLE ret=
02-20 20:43:39.131  1919  1919 D SubscriptionController: [SubscriptionController] init by Context
02-20 20:43:39.148  1676  1991 I Telecom : Telecom: Non-call EVENT: AUDIO_ROUTE, Entering state QuiescentEarpieceRoute
02-20 20:43:39.149  1369  1369 I OMXMaster: makeComponentInstance(OMX.google.vorbis.decoder) in mediacodec process
02-20 20:43:39.152  1919  1919 D UiccController: Creating UiccController
02-20 20:43:39.152  1676  1994 I Telecom : CallAudioModeStateMachine: Message received: null.: TS.init->CAMSM.pM_1@AAA_0
02-20 20:43:39.171  1676  1998 E ActivityThread: Failed to find provider info for call_log
02-20 20:43:39.171  1676  1676 E BluetoothAdapter: Bluetooth binder is null
02-20 20:43:39.175  1676  1735 D WifiConfigManager: Loading config and enabling all networks 
02-20 20:43:39.178  1919  1919 D TelephonyTester: register for intent action=com.android.internal.telephony.action_detached
02-20 20:43:39.178  1919  1919 D TelephonyTester: register for intent action=com.android.internal.telephony.action_attached
02-20 20:43:39.184  1919  1919 D Phone   : mDoesRilSendMultipleCallRing=true
02-20 20:43:39.184  1919  1919 D Phone   : mCallRingDelay=3000
02-20 20:43:39.185  1676  1735 W WifiNetworkHistory: Upgrading network 0 to android.uid.system:1000
02-20 20:43:39.186  1676  1735 D WifiConfigManager: loaded 0 passpoint configs
02-20 20:43:39.186  1676  1735 E IpConfigStore: Error parsing configuration: java.io.FileNotFoundException: /data/misc/wifi/ipconfig.txt (No such file or directory)
02-20 20:43:39.187  1676  1676 I Telecom : Class: TelecomSystem.INSTANCE being set
02-20 20:43:39.187  1919  1919 D RILJ    : [3653]> RIL_REQUEST_START_LCE [SUB0]
02-20 20:43:39.189  1374  1503 D RIL     : onRequest: <unknown request>
02-20 20:43:39.189  1919  1990 D RilRequest: [3653]< RIL_REQUEST_START_LCE error: com.android.internal.telephony.CommandException: RADIO_NOT_AVAILABLE ret=
02-20 20:43:39.189  1676  1676 E BluetoothAdapter: Bluetooth binder is null
02-20 20:43:39.190  1676  1735 D WifiNative-HAL: Setting external_sim to 1
02-20 20:43:39.191  1676  1676 W ContextImpl: Calling a method in the system process without a qualified user: android.app.ContextImpl.startService:1357 com.android.server.content.SyncManager$13.run:658 android.os.Handler.handleCallback:751 android.os.Handler.dispatchMessage:95 android.os.Looper.loop:154 
02-20 20:43:39.192  1676  1735 D WifiStateMachine: Setting OUI to DA-A1-19
02-20 20:43:39.199  1676  1735 I WifiConnectivityManager: PNO settings: min5GHzRssi -82 min24GHzRssi -85 currentConnectionBonus 16 sameNetworkBonus 24 secureNetworkBonus 80 initialScoreMax 100
02-20 20:43:39.199  1676  1735 I WifiConnectivityManager: ConnectivityScanManager initialized and disabled
02-20 20:43:39.199  1676  1735 I WifiConnectivityManager: setUntrustedConnectionAllowed: allowed=false
02-20 20:43:39.199  1676  1735 E WifiLogger: no ring buffers found
02-20 20:43:39.199  1676  1735 E WifiLogger: Failed to start packet fate monitoring
02-20 20:43:39.207  1935  1986 D         : HostConnection::get() New Host Connection established 0x7a3beca2f0a0, tid 1986
02-20 20:43:39.208  1935  1986 I OpenGLRenderer: Initialized EGL, version 1.4
02-20 20:43:39.208  1935  1986 D OpenGLRenderer: Swap behavior 1
02-20 20:43:39.227  1313  1324 E SurfaceFlinger: ro.sf.lcd_density must be defined as a build property
02-20 20:43:39.230  1763  1763 D         : HostConnection::get() New Host Connection established 0x7a3bd1e448a0, tid 1763
02-20 20:43:39.231  1676  1735 I WifiConnectivityManager: Set WiFi enabled
02-20 20:43:39.235  1935  1986 D EGL_emulation: eglCreateContext: 0x7a3be257a100: maj 3 min 0 rcv 3
02-20 20:43:39.235  1676  1735 I WifiConnectivityManager: scheduleWatchdogTimer
02-20 20:43:39.236  1676  1735 D WifiNative-HAL: Failing getSupportedFeatureset because HAL isn't started
02-20 20:43:39.236  1919  1919 E RIL_ImsSms: getFormat should never be called from here!
02-20 20:43:39.236  1919  1919 D SMSDispatcher: SMSDispatcher: ctor mSmsCapable=true format=unknown mSmsSendDisabled=false
02-20 20:43:39.236  1919  1919 D RIL_ImsSms: ImsSMSDispatcher created
02-20 20:43:39.236  1676  1693 E BatteryStatsService: no controller energy info supplied
02-20 20:43:39.236  1676  1693 E KernelCpuSpeedReader: Failed to read cpu-freq: /sys/devices/system/cpu/cpu0/cpufreq/stats/time_in_state (No such file or directory)
02-20 20:43:39.236  1919  1919 D SMSDispatcher: SMSDispatcher: ctor mSmsCapable=true format=3gpp2 mSmsSendDisabled=false
02-20 20:43:39.236  1919  1919 D CdmaSMSDispatcher: CdmaSMSDispatcher created
02-20 20:43:39.236  1676  1693 E KernelUidCpuTimeReader: Failed to read uid_cputime: /proc/uid_cputime/show_uid_stat (No such file or directory)
02-20 20:43:39.242  1676  1735 D WifiNative-HAL: Failing getSupportedFeatureset because HAL isn't started
02-20 20:43:39.242  1676  1693 E BatteryStatsService: no controller energy info supplied
02-20 20:43:39.242  1676  1693 E KernelCpuSpeedReader: Failed to read cpu-freq: /sys/devices/system/cpu/cpu0/cpufreq/stats/time_in_state (No such file or directory)
02-20 20:43:39.242  1676  1693 E KernelUidCpuTimeReader: Failed to read uid_cputime: /proc/uid_cputime/show_uid_stat (No such file or directory)
02-20 20:43:39.249  1919  1919 D GsmInboundSmsHandler: created InboundSmsHandler
02-20 20:43:39.252  1372  1842 I MediaPlayerService: MediaPlayerService::getOMX
02-20 20:43:39.252  1676  2013 I OMXClient: MuxOMX ctor
02-20 20:43:39.253  1369  1843 I OMXMaster: makeComponentInstance(OMX.google.vorbis.decoder) in mediacodec process
02-20 20:43:39.255  1919  1919 D CdmaInboundSmsHandler: created InboundSmsHandler
02-20 20:43:39.256  1676  1676 W System  : ClassLoader referenced unknown path: /system/priv-app/FusedLocation/lib/x86_64
02-20 20:43:39.257  1676  1676 D ApplicationLoaders: ignored Vulkan layer search path /system/priv-app/FusedLocation/lib/x86_64:/system/priv-app/FusedLocation/FusedLocation.apk!/lib/x86_64:/system/lib64:/vendor/lib64 for namespace 0x7a3bf11b4240
02-20 20:43:39.259  1919  1919 D SMSDispatcher: SMSDispatcher: ctor mSmsCapable=true format=3gpp mSmsSendDisabled=false
02-20 20:43:39.259  1919  1919 D GsmSMSDispatcher: GsmSMSDispatcher created
02-20 20:43:39.260  1919  2017 D CdmaInboundSmsHandler: StartupState.processMessage:6
02-20 20:43:39.260  1919  2017 D CdmaInboundSmsHandler: entering Idle state
02-20 20:43:39.260  1919  2014 D GsmInboundSmsHandler: StartupState.processMessage:6
02-20 20:43:39.260  1919  2014 D GsmInboundSmsHandler: entering Idle state
02-20 20:43:39.263  1919  1919 D IccCardProxy: ctor: ci=com.android.internal.telephony.RIL@738ba61 phoneId=0
02-20 20:43:39.263  1919  1919 D CdmaSSM : subscriptionSource from settings: 0
02-20 20:43:39.263  1919  1919 D CdmaSSM : cdmaSSM constructor: 0
02-20 20:43:39.263  1919  1919 D IccCardProxy: update icc_operator_numeric=
02-20 20:43:39.263  1919  1919 D TelephonyManager: setTelephonyProperty: success phoneId=0 property=gsm.sim.operator.numeric value:  propVal=
02-20 20:43:39.265  1919  1919 D TelephonyManager: setTelephonyProperty: success phoneId=0 property=gsm.sim.operator.iso-country value:  propVal=
02-20 20:43:39.265  1919  1919 D TelephonyManager: setTelephonyProperty: success phoneId=0 property=gsm.sim.operator.alpha value:  propVal=
02-20 20:43:39.267  1919  1919 E IccCardProxy: setExternalState: set mPhoneId=0 mExternalState=NOT_READY
02-20 20:43:39.267  1919  1919 D TelephonyManager: setTelephonyProperty: success phoneId=0 property=gsm.sim.state value: NOT_READY propVal=NOT_READY
02-20 20:43:39.267  1919  1919 D IccCardProxy: broadcastIccStateChangedIntent intent ACTION_SIM_STATE_CHANGED value=NOT_READY reason=null for mPhoneId=0
02-20 20:43:39.271  1676  1676 D GpsNetInitiatedHandler: location enabled :true
02-20 20:43:39.271  1676  1676 V WiredAccessoryManager: notifyWiredAccessoryChanged: when=0 bits= mask=54
02-20 20:43:39.271  1676  1676 V WiredAccessoryManager: newName=h2w newState=0 headsetState=0 prev headsetState=0
