02-20 20:43:39.271  1676  1676 E WiredAccessoryManager: No state change.
02-20 20:43:39.271  1676  1676 V WiredAccessoryManager: init()
02-20 20:43:39.273  1919  1919 D RILJ    : setPhoneType=1 old value=0 [SUB0]
02-20 20:43:39.273  1919  1919 D TelephonyManager: setTelephonyProperty: success phoneId=0 property=gsm.current.phone-type value: 1 propVal=1
02-20 20:43:39.274  1919  1919 D IccCardProxy: Setting radio tech UMTS
02-20 20:43:39.274  1919  1919 D IccCardProxy: updateQuietMode: 3GPP subscription -> newQuietMode=false
02-20 20:43:39.274  1919  1919 D IccCardProxy: updateQuietMode: no changes don't setExternalState
02-20 20:43:39.274  1919  1919 D IccCardProxy: updateQuietMode: QuietMode is false (app_type=1 cdmaSource=-1)
02-20 20:43:39.274  1763  1763 D StorageNotification: Notifying about private volume: VolumeInfo{private}:
02-20 20:43:39.274  1763  1763 D StorageNotification:     type=PRIVATE diskId=null partGuid=null mountFlags=0 mountUserId=-1 
02-20 20:43:39.274  1763  1763 D StorageNotification:     state=MOUNTED 
02-20 20:43:39.274  1763  1763 D StorageNotification:     fsType=null fsUuid=null fsLabel=null 
02-20 20:43:39.274  1763  1763 D StorageNotification:     path=/data internalPath=null 
02-20 20:43:39.287  1763  1763 D StorageNotification: Notifying about public volume: VolumeInfo{public:253,64}:
02-20 20:43:39.287  1763  1763 D StorageNotification:     type=PUBLIC diskId=disk:253,64 partGuid=null mountFlags=VISIBLE 
02-20 20:43:39.287  1763  1763 D StorageNotification:     mountUserId=0 state=MOUNTED 
02-20 20:43:39.287  1763  1763 D StorageNotification:     fsType=vfat fsUuid=1E12-0B12 fsLabel=SDCARD 
02-20 20:43:39.287  1763  1763 D StorageNotification:     path=/storage/1E12-0B12 internalPath=/mnt/media_rw/1E12-0B12 
02-20 20:43:39.292  1919  1919 W CarrierConfigManager: Error getting config for subId -1 ICarrierConfigLoader is null
02-20 20:43:39.292  1676  1688 D TelephonyRegistry: listen oscl: hasNotifySubscriptionInfoChangedOccurred==false no callback
02-20 20:43:39.295  1919  1919 D TelephonyManager: setTelephonyProperty: success phoneId=0 property=gsm.network.type value: Unknown propVal=Unknown
02-20 20:43:39.295  1919  1919 D RILJ    : [3654]> SIGNAL_STRENGTH [SUB0]
02-20 20:43:39.296  1374  1503 D RIL     : onRequest: SIGNAL_STRENGTH
02-20 20:43:39.296  1919  1990 D RilRequest: [3654]< SIGNAL_STRENGTH error: com.android.internal.telephony.CommandException: RADIO_NOT_AVAILABLE ret=
02-20 20:43:39.299  1935  1986 D EGL_emulation: eglMakeCurrent: 0x7a3be257a100: ver 3 0 (tinfo 0x7a3becbecce0)
02-20 20:43:39.305  1919  1919 D SST     : notifyDataRegStateRilRadioTechnologyChanged: drs=1 rat=0
02-20 20:43:39.305  1919  1919 D TelephonyManager: setTelephonyProperty: success phoneId=0 property=gsm.network.type value: Unknown propVal=Unknown
02-20 20:43:39.310  1676  1676 W VibratorService: Tried to stop vibrating but there is no vibrator device.
02-20 20:43:39.321  1919  1919 D DCT     : [0]DCT.constructor
02-20 20:43:39.329  2025  2025 W art     : Unexpected CPU variant for X86 using defaults: x86_64
02-20 20:43:39.331  1676  1676 I am_proc_start: [0,2025,10004,com.android.cellbroadcastreceiver,broadcast,com.android.cellbroadcastreceiver/.CellBroadcastReceiver]
02-20 20:43:39.331  1676  1676 I ActivityManager: Start proc 2025:com.android.cellbroadcastreceiver/u0a4 for broadcast com.android.cellbroadcastreceiver/.CellBroadcastReceiver
02-20 20:43:39.333  1676  1676 D ConditionProviders.SCP: onSubscribe condition://android/schedule?days=6.7&start=23.30&end=10.0&exitAtAlarm=false
02-20 20:43:39.333  1676  1676 D ConditionProviders.SCP: setRegistered true
02-20 20:43:39.333  1676  1963 D TelephonyRegistry: listen oscl: hasNotifySubscriptionInfoChangedOccurred==false no callback
02-20 20:43:39.333  1676  1676 D ConditionProviders.SCP: notifyCondition condition://android/schedule?days=6.7&start=23.30&end=10.0&exitAtAlarm=false STATE_FALSE reason=!meetsSchedule
02-20 20:43:39.333  1676  1676 D ConditionProviders.SCP: Scheduling evaluate for Tue Feb 20 23:30:00 GMT+00:00 2018 (1519169400000), in +2h46m20s667ms, now=Tue Feb 20 20:43:39 GMT+00:00 2018 (1519159419333)
02-20 20:43:39.335  1676  1676 D ConditionProviders.SCP: onSubscribe condition://android/schedule?days=1.2.3.4.5&start=22.0&end=7.0&exitAtAlarm=false
02-20 20:43:39.337  1676  1676 D ConditionProviders.SCP: notifyCondition condition://android/schedule?days=6.7&start=23.30&end=10.0&exitAtAlarm=false STATE_FALSE reason=!meetsSchedule
02-20 20:43:39.337  1676  1676 D ConditionProviders.SCP: notifyCondition condition://android/schedule?days=1.2.3.4.5&start=22.0&end=7.0&exitAtAlarm=false STATE_FALSE reason=!meetsSchedule
02-20 20:43:39.337  1676  1676 D ConditionProviders.SCP: Scheduling evaluate for Tue Feb 20 22:00:00 GMT+00:00 2018 (1519164000000), in +1h16m20s665ms, now=Tue Feb 20 20:43:39 GMT+00:00 2018 (1519159419335)
02-20 20:43:39.338  1935  1986 D EGL_emulation: eglMakeCurrent: 0x7a3be257a100: ver 3 0 (tinfo 0x7a3becbecce0)
02-20 20:43:39.344  1676  1676 I Telecom : WiredHeadsetManager: ACTION_HEADSET_PLUG event, plugged in: false, : WHC.oADA@AAE
02-20 20:43:39.349  1676  1676 I ActivityManager: user 0 is still locked. Cannot load recents
02-20 20:43:39.350  1919  1919 D Dcc     : E ctor
02-20 20:43:39.350  1919  1919 D Dcc     : X ctor
02-20 20:43:39.351  1919  1919 D SubscriptionController: [getPhoneId] asked for default subId=-1
02-20 20:43:39.351  1676  1737 I WifiScanningService: wifi driver loaded with scan capabilities: max buckets=16
02-20 20:43:39.351  1676  1676 D RttService: SCAN_AVAILABLE : 3
02-20 20:43:39.351  1676  1738 D RttService: DefaultState got{ when=0 what=160512 target=com.android.internal.util.StateMachine$SmHandler }
02-20 20:43:39.352  1919  2032 D DcTesterDeacativateAll: register for intent action=com.android.internal.telephony.dataconnection.action_deactivate_all
02-20 20:43:39.352  1919  2032 D DcTesterDeacativateAll: register for intent action=com.android.internal.telephony.action_detached
02-20 20:43:39.353  1676  1676 I notification_enqueue: [10028,1763,com.android.systemui,1397773634,public:253,64,-1,Notification(pri=0 contentView=null vibrate=null sound=null defaults=0x0 flags=0x100 color=0xff607d8b category=sys actions=2 vis=PUBLIC),0]
02-20 20:43:39.353  1919  1919 D DcTesterFailBrinupAll: register for intent action=com.android.internal.telephony.dataconnection.action_fail_bringup
02-20 20:43:39.353  1919  1919 D DcTesterFailBrinupAll: register for intent action=com.android.internal.telephony.action_detached
02-20 20:43:39.353  1919  1919 D DcTesterFailBrinupAll: register for intent action=com.android.internal.telephony.action_attached
02-20 20:43:39.360  1919  2032 D Dcc     : DccDefaultState: msg.what=EVENT_RIL_CONNECTED mRilVersion=12
02-20 20:43:39.362  1676  1676 D TelephonyRegistry: notifyCellLocationForSubscriber: subId=0 cellLocation=Bundle[{}]
02-20 20:43:39.362  1372  1842 I MediaPlayerService: MediaPlayerService::getOMX
02-20 20:43:39.362  1676  2034 I OMXClient: MuxOMX ctor
02-20 20:43:39.363  1919  1933 D SubscriptionController: [getPhoneId]- no sims, returning default phoneId=2147483647
02-20 20:43:39.363  1369  1968 I OMXMaster: makeComponentInstance(OMX.google.vorbis.decoder) in mediacodec process
02-20 20:43:39.369  1919  1919 D SST     : notifyDataRegStateRilRadioTechnologyChanged: drs=1 rat=0
02-20 20:43:39.369  1919  1919 D TelephonyManager: setTelephonyProperty: success phoneId=0 property=gsm.network.type value: Unknown propVal=Unknown
02-20 20:43:39.397  1676  1748 I am_proc_bound: [0,2025,com.android.cellbroadcastreceiver]
02-20 20:43:39.416  1919  1919 D DCT     : [0]update sub = -2
02-20 20:43:39.416  1919  1919 D DCT     : [0]update(): Active DDS, register for all events now!
02-20 20:43:39.418  1919  1919 D GsmCdmaPhone: [GsmCdmaPhone] updateCurrentCarrierInProvider: mSubId = -2 currentDds = 1 operatorNumeric = null
02-20 20:43:39.418  1919  1919 D DCT     : [0]initApnContexts: E
02-20 20:43:39.418  1919  1919 D DCT     : [0]initApnContexts: skipping unknown type=1
02-20 20:43:39.430  1919  1919 D DCT     : [0]initApnContexts: apnContext={mApnType=default mState=IDLE mWaitingApns={null} mApnSetting={null} mReason=dataEnabled mDataEnabled=false mDependencyMet=true}
02-20 20:43:39.430  1919  1919 D DCT     : [0]initApnContexts: apnContext={mApnType=mms mState=IDLE mWaitingApns={null} mApnSetting={null} mReason=dataEnabled mDataEnabled=false mDependencyMet=true}
02-20 20:43:39.430  1919  1919 D DCT     : [0]initApnContexts: apnContext={mApnType=supl mState=IDLE mWaitingApns={null} mApnSetting={null} mReason=dataEnabled mDataEnabled=false mDependencyMet=true}
02-20 20:43:39.430  1919  1919 D DCT     : [0]initApnContexts: apnContext={mApnType=hipri mState=IDLE mWaitingApns={null} mApnSetting={null} mReason=dataEnabled mDataEnabled=false mDependencyMet=true}
02-20 20:43:39.431  1919  1919 D DCT     : [0]initApnContexts: apnContext={mApnType=fota mState=IDLE mWaitingApns={null} mApnSetting={null} mReason=dataEnabled mDataEnabled=false mDependencyMet=true}
02-20 20:43:39.431  1919  1919 D DCT     : [0]initApnContexts: apnContext={mApnType=ims mState=IDLE mWaitingApns={null} mApnSetting={null} mReason=dataEnabled mDataEnabled=false mDependencyMet=true}
02-20 20:43:39.431  1919  1919 D DCT     : [0]initApnContexts: apnContext={mApnType=cbs mState=IDLE mWaitingApns={null} mApnSetting={null} mReason=dataEnabled mDataEnabled=false mDependencyMet=true}
02-20 20:43:39.431  1919  1919 D DCT     : [0]initApnContexts: skipping unknown type=13
02-20 20:43:39.431  1919  1919 D DCT     : [0]initApnContexts: apnContext={mApnType=ia mState=IDLE mWaitingApns={null} mApnSetting={null} mReason=dataEnabled mDataEnabled=false mDependencyMet=true}
02-20 20:43:39.431  1919  1919 D DCT     : [0]initApnContexts: apnContext={mApnType=emergency mState=IDLE mWaitingApns={null} mApnSetting={null} mReason=dataEnabled mDataEnabled=false mDependencyMet=true}
02-20 20:43:39.449  1919  1919 D GsmCdmaPhone: [GsmCdmaPhone] GsmCdmaPhone: constructor: sub = 0
02-20 20:43:39.449  1919  1919 I PhoneFactory: Creating Phone with type = 1 sub = 0
02-20 20:43:39.454  1919  1919 I PhoneFactory: defaultSmsApplication: NONE
02-20 20:43:39.455  1919  1919 I PhoneFactory: Creating SubInfoRecordUpdater 
02-20 20:43:39.455  1919  1919 D SubscriptionInfoUpdater: Constructor invoked
02-20 20:43:39.464  1676  1697 I am_activity_launch_time: [0,69712377,com.android.settings/.FallbackHome,826,826]
02-20 20:43:39.464  1676  1697 I ActivityManager: Displayed com.android.settings/.FallbackHome: +826ms
02-20 20:43:39.469  1676  1690 I boot_progress_enable_screen: 11469
02-20 20:43:39.471  1676  1690 V KeyguardServiceDelegate: *** Keyguard started
02-20 20:43:39.471  1676  1690 I screen_toggled: 1
02-20 20:43:39.471  1676  1697 I WindowManager: Screen frozen for +747ms due to Window{3f8000f u0 KeyguardScrim}
02-20 20:43:39.473  1676  1690 W KeyguardServiceDelegate: onScreenTurningOn(): no keyguard service!
02-20 20:43:39.496  1676  1963 D TelephonyRegistry: listen oscl: hasNotifySubscriptionInfoChangedOccurred==false no callback
02-20 20:43:39.496  1919  1919 D SubscriptionController: [getPhoneId]- no sims, returning default phoneId=2147483647
02-20 20:43:39.497  1676  1687 D TelephonyRegistry: listen oscl: hasNotifySubscriptionInfoChangedOccurred==false no callback
02-20 20:43:39.497  1919  1919 D PhoneSwitcherNetworkRequstListener: Registering NetworkFactory
02-20 20:43:39.497  1676  1739 D ConnectivityService: Got NetworkFactory Messenger for PhoneSwitcherNetworkRequstListener
02-20 20:43:39.498  1919  1919 D PhoneSwitcher: PhoneSwitcher started
02-20 20:43:39.498  1919  1919 D ProxyController: Constructor - Enter
02-20 20:43:39.499  1919  1919 D ProxyController: clearTransaction
02-20 20:43:39.499  1919  1919 D ProxyController: clearTransaction: phoneId=0 status=IDLE
02-20 20:43:39.499  1919  1919 D ProxyController: Constructor - Exit
02-20 20:43:39.501  1919  1919 D TelephonyNetworkFactory[0]: Registering NetworkFactory
02-20 20:43:39.502  1676  1739 D ConnectivityService: Got NetworkFactory Messenger for TelephonyNetworkFactory[0]
02-20 20:43:39.505  1919  1919 D CallManager: registerPhone(GSM Handler (com.android.internal.telephony.GsmCdmaPhone) {e9918a4})
02-20 20:43:39.509  1676  1687 D TelephonyRegistry: listen oscl: hasNotifySubscriptionInfoChangedOccurred==false no callback
02-20 20:43:39.509  1372  1401 I MediaPlayerService: MediaPlayerService::getOMX
02-20 20:43:39.509  1676  2046 I OMXClient: MuxOMX ctor
02-20 20:43:39.510  1369  1390 I OMXMaster: makeComponentInstance(OMX.google.vorbis.decoder) in mediacodec process
02-20 20:43:39.547  1676  1686 I art     : Background sticky concurrent mark sweep GC freed 48142(3MB) AllocSpace objects, 10(232KB) LOS objects, 8% free, 22MB/24MB, paused 10.739ms total 236.356ms
02-20 20:43:39.554  2025  2025 W System  : ClassLoader referenced unknown path: /system/priv-app/CellBroadcastReceiver/lib/x86_64
02-20 20:43:39.567  1676  1745 E ActivityThread: Failed to find provider info for com.android.calendar
02-20 20:43:39.567  1676  1745 E ActivityThread: Failed to find provider info for com.android.calendar
02-20 20:43:39.643  1676  1744 D NotificationSQLiteLog: Pruned event entries: 0
02-20 20:43:39.647  1919  1933 D SubscriptionController: [getPhoneId]- no sims, returning default phoneId=2147483647
02-20 20:43:39.649  1313  1324 I SurfaceFlinger: Boot is finished (9908 ms)
02-20 20:43:39.650  1313  1324 I sf_stop_bootanim: 11649
02-20 20:43:39.655  1676  1688 W art     : Long monitor contention with owner android.display (1697) at void com.android.server.wm.WindowManagerService$H.handleMessage(android.os.Message)(WindowManagerService.java:8368) waiters=1 in int com.android.server.wm.WindowManagerService.relayoutWindow(com.android.server.wm.Session, android.view.IWindow, int, android.view.WindowManager$LayoutParams, int, int, int, int, android.graphics.Rect, android.graphics.Rect, android.graphics.Rect, android.graphics.Rect, android.graphics.Rect, android.graphics.Rect, android.graphics.Rect, android.content.res.Configuration, android.view.Surface) for 172ms
02-20 20:43:39.656  1676  1688 I dvm_lock_sample: [system_server,1,Binder:1676_2,172,WindowManagerService.java,2857,-,8368,34]
02-20 20:43:39.656  1676  1689 I SyncManager: Got SyncJobService instance.
02-20 20:43:39.656  1676  1791 W art     : Long monitor contention with owner android.display (1697) at void com.android.server.wm.WindowManagerService$H.handleMessage(android.os.Message)(WindowManagerService.java:8368) waiters=2 in float com.android.server.wm.WindowManagerService.getCurrentAnimatorScale() for 147ms
02-20 20:43:39.656  1676  1791 I dvm_lock_sample: [system_server,1,Binder:1676_4,147,WindowManagerService.java,5760,-,8368,29]
02-20 20:43:39.657  1676  1676 I FusedLocation: engine started (com.android.location.fused)
02-20 20:43:39.675  1919  1919 D CarrierConfigLoader: CarrierConfigLoader has started
02-20 20:43:39.675  1919  1919 E BluetoothAdapter: Bluetooth binder is null
02-20 20:43:39.676  1676  1688 D TelephonyRegistry: listen oscl: hasNotifySubscriptionInfoChangedOccurred==false no callback
02-20 20:43:39.680  1676  1963 I StatusBarManagerService: registerStatusBar bar=com.android.internal.statusbar.IStatusBar$Stub$Proxy@d33b111
02-20 20:43:39.687  1919  2054 E ActivityThread: Failed to find provider info for com.android.contacts
02-20 20:43:39.688  1919  2054 W CallerInfoCache: cursor is null
02-20 20:43:39.720     0     0 I init    : Service 'bootanim' (pid 1333) exited with status 0
02-20 20:43:39.721     0     0 I init    : Starting service 'exec 6 (/system/bin/bootstat)'...
02-20 20:43:39.705  1919  1919 D RILJ    : [3655]> RIL_REQUEST_SET_TTY_MODE : 0 [SUB0]
02-20 20:43:39.706  1374  1503 D RIL     : onRequest: SET_TTY_MODE
02-20 20:43:39.706  1919  1990 D RilRequest: [3655]< RIL_REQUEST_SET_TTY_MODE error: com.android.internal.telephony.CommandException: RADIO_NOT_AVAILABLE ret=
02-20 20:43:39.706  1919  1919 I Telephony: TtyManager: updateUiTtyMode -1 -> 0
02-20 20:43:39.709  1676  1963 D TelephonyRegistry: listen oscl: hasNotifySubscriptionInfoChangedOccurred==false no callback
02-20 20:43:39.710  1919  1919 D SubscriptionController: [getPhoneId] asked for default subId=-1
02-20 20:43:39.723  1919  1919 D UiccController: Received EVENT_ICC_STATUS_CHANGED, calling getIccCardStatus
02-20 20:43:39.723  1919  1919 D RILJ    : [3656]> GET_SIM_STATUS [SUB0]
02-20 20:43:39.723  1919  1919 D Phone   : config LCE service failed: com.android.internal.telephony.CommandException: RADIO_NOT_AVAILABLE
02-20 20:43:39.723  1919  1919 D GsmSMSDispatcher: GsmSMSDispatcher: subId = -2 slotId = 0
02-20 20:43:39.723  1919  1919 E IccCardProxy: setExternalState: !override and newstate unchanged from NOT_READY
02-20 20:43:39.723  1919  1919 D RILJ    : [3657]> BASEBAND_VERSION [SUB0]
02-20 20:43:39.723  1374  1503 D RIL     : onRequest: GET_SIM_STATUS
02-20 20:43:39.723  1374  1503 D RIL     : getSIMStatus(). sState: 0
02-20 20:43:39.724  1919  1990 D RILJ    : [3656]< GET_SIM_STATUS IccCardState {CARDSTATE_PRESENT,PINSTATE_UNKNOWN,num_apps=2,gsm_id=0{APPTYPE_SIM,APPSTATE_DETECTED},cdma_id=1{APPTYPE_RUIM,APPSTATE_DETECTED},ims_id=8} [SUB0]
02-20 20:43:39.724  1919  1919 D RILJ    : [3658]> GET_IMEI [SUB0]
02-20 20:43:39.724  1374  1503 D RIL     : onRequest: BASEBAND_VERSION
02-20 20:43:39.724  1919  1919 D RILJ    : [3659]> GET_IMEISV [SUB0]
02-20 20:43:39.724  1374  1503 D RIL     : onRequest: GET_IMEI
02-20 20:43:39.724  1374  1503 D AT      : AT> AT+CGSN
02-20 20:43:39.724  1374  1506 D AT      : AT< 000000000000000
02-20 20:43:39.724  1374  1506 D AT      : AT< OK
02-20 20:43:39.724  1919  1919 D RILJ    : [3660]> RIL_REQUEST_GET_RADIO_CAPABILITY [SUB0]
02-20 20:43:39.724  1374  1503 D RIL     : onRequest: GET_IMEISV
02-20 20:43:39.724  1919  1919 D RILJ    : [3661]> RIL_REQUEST_START_LCE [SUB0]
02-20 20:43:39.724  1374  1503 D RIL     : onRequest: RIL_REQUEST_GET_RADIO_CAPABILITY
02-20 20:43:39.724  1919  1919 D GsmCdmaPhone: [GsmCdmaPhone] Event EVENT_RADIO_OFF_OR_NOT_AVAILABLE Received
02-20 20:43:39.724  1919  1919 E IccCardProxy: setExternalState: !override and newstate unchanged from NOT_READY
02-20 20:43:39.724  1919  1919 D SST     : mDeviceShuttingDown=false, mDesiredPowerState=true, getRadioState=RADIO_OFF, mPowerOffDelayNeed=true, mAlarmSwitch=false, mRadioDisabledByCarrier=false
02-20 20:43:39.724  1919  1919 D RILJ    : [3662]> RADIO_POWER on [SUB0]
02-20 20:43:39.724  1374  1503 D RIL     : onRequest: <unknown request>
02-20 20:43:39.724  1919  1919 D RILJ    : [3663]> OPERATOR [SUB0]
02-20 20:43:39.724  1374  1503 D RIL     : onRequest: RADIO_POWER
02-20 20:43:39.724  1374  1503 D AT      : AT> AT+CFUN=1
02-20 20:43:39.725  1374  1506 D AT      : AT< OK
02-20 20:43:39.725  1374  1503 D RIL     : setRadioState(10)
02-20 20:43:39.725  1919  1919 D RILJ    : [3664]> DATA_REGISTRATION_STATE [SUB0]
02-20 20:43:39.725  1374  1503 D RIL     : onRequest: OPERATOR
02-20 20:43:39.725  1374  1503 D AT      : AT> AT+COPS=3,0;+COPS?;+COPS=3,1;+COPS?;+COPS=3,2;+COPS?
02-20 20:43:39.725  1919  1919 D RILJ    : [3665]> VOICE_REGISTRATION_STATE [SUB0]
02-20 20:43:39.725  1374  1506 D AT      : AT< +COPS: 0,0,"Android"
02-20 20:43:39.725  1374  1506 D AT      : AT< +COPS: 0,1,"Android"
02-20 20:43:39.725  1374  1506 D AT      : AT< +COPS: 0,2,"310260"
02-20 20:43:39.725  1374  1506 D AT      : AT< OK
02-20 20:43:39.725  1374  1503 D RIL     : onRequest: DATA_REGISTRATION_STATE
02-20 20:43:39.725  1374  1503 D RIL     : requestRegistrationState
02-20 20:43:39.725  1374  1503 D AT      : AT> AT+CGREG?
02-20 20:43:39.725  1919  1919 D RILJ    : [3666]> QUERY_NETWORK_SELECTION_MODE [SUB0]
02-20 20:43:39.725  1374  1506 D AT      : AT< +CGREG: 1,1,"0003","005b","000e"
02-20 20:43:39.725  1374  1506 D AT      : AT< OK
02-20 20:43:39.725  1374  1503 D RIL     : parseRegistrationState. Parsing: +CGREG: 1,1,"0003","005b","000e"
02-20 20:43:39.725  1374  1503 D RIL     : registration state type: 3GPP
02-20 20:43:39.725  1374  1503 D RIL     : onRequest: VOICE_REGISTRATION_STATE
02-20 20:43:39.725  1374  1503 D RIL     : requestRegistrationState
02-20 20:43:39.725  1374  1503 D AT      : AT> AT+CREG?
02-20 20:43:39.725  1919  1919 D SST     : NITZ: 18/02/20:20:43:33+0:0:Unknown!Unknown,4166 start=11725 delay=7559
02-20 20:43:39.725  1374  1506 D AT      : AT< +CREG: 2,1, "0003", "005b"
02-20 20:43:39.725  1374  1506 D AT      : AT< OK
02-20 20:43:39.725  1374  1503 D RIL     : parseRegistrationState. Parsing: +CREG: 2,1, "0003", "005b"
02-20 20:43:39.725  1374  1503 D RIL     : registration state type: 3GPP
02-20 20:43:39.725  1919  1919 D SST     : NITZ: tzOffset=0 dst=0 zone=GMT iso= mGotCountryCode=false mNeedFixZoneAfterNitz=false
02-20 20:43:39.725  1374  1503 D RIL     : onRequest: QUERY_NETWORK_SELECTION_MODE
02-20 20:43:39.725  1374  1503 D AT      : AT> AT+COPS?
02-20 20:43:39.725  1919  1919 D SST     : setAndBroadcastNetworkSetTimeZone: setTimeZone=GMT
02-20 20:43:39.725  1374  1506 D AT      : AT< +COPS: 0,2,310260
02-20 20:43:39.725  1374  1506 D AT      : AT< OK
02-20 20:43:39.725  1676  1687 D AlarmManagerService: Kernel timezone updated to 0 minutes west of GMT
02-20 20:43:39.726  1919  1919 D SST     : setAndBroadcastNetworkSetTimeZone: call alarm.setTimeZone and broadcast zoneId=GMT
02-20 20:43:39.726  1919  1919 D SST     : NITZ: Setting time of day to Tue Feb 20 20:43:40 GMT+00:00 2018 NITZ receive delay(ms): 7560 gained(ms): 834 from 18/02/20:20:43:33+0:0:Unknown!Unknown
02-20 20:43:39.726  1919  1919 D SST     : setAndBroadcastNetworkSetTime: time=1519159420560ms
02-20 20:43:39.726  1676  1687 D AlarmManagerService: Setting time of day to sec=1519159420
02-20 20:43:40.560  1676  1687 W AlarmManagerService: Unable to set rtc to 1519159420: No such device
02-20 20:43:40.560  1676  1676 D ConditionProviders.SCP: onReceive android.intent.action.TIME_SET
02-20 20:43:40.560  1676  1676 D ConditionProviders.SCP: notifyCondition condition://android/schedule?days=6.7&start=23.30&end=10.0&exitAtAlarm=false STATE_FALSE reason=!meetsSchedule
02-20 20:43:40.560  1919  1990 D RilRequest: [3657]< BASEBAND_VERSION error: com.android.internal.telephony.CommandException: RADIO_NOT_AVAILABLE ret=
02-20 20:43:40.560  1919  1990 D RILJ    : [3658]< GET_IMEI  [SUB0]
02-20 20:43:40.560  1919  1990 D RilRequest: [3659]< GET_IMEISV error: com.android.internal.telephony.CommandException: RADIO_NOT_AVAILABLE ret=
02-20 20:43:40.560  1919  1990 D RilRequest: [3660]< RIL_REQUEST_GET_RADIO_CAPABILITY error: com.android.internal.telephony.CommandException: RADIO_NOT_AVAILABLE ret=
02-20 20:43:40.561  1919  1990 D RilRequest: [3661]< RIL_REQUEST_START_LCE error: com.android.internal.telephony.CommandException: RADIO_NOT_AVAILABLE ret=
02-20 20:43:40.561  1919  1990 D RILJ    : [UNSL]< UNSOL_RESPONSE_RADIO_STATE_CHANGED RADIO_ON [SUB0]
02-20 20:43:40.560  2056  2056 I auditd  : type=1400 audit(0.0:11): avc: denied { getattr } for comm="bootstat" path="/vendor" dev="rootfs" ino=4002 scontext=u:r:bootstat:s0 tcontext=u:object_r:rootfs:s0 tclass=lnk_file permissive=0
02-20 20:43:40.560  2056  2056 W bootstat: type=1400 audit(0.0:11): avc: denied { getattr } for path="/vendor" dev="rootfs" ino=4002 scontext=u:r:bootstat:s0 tcontext=u:object_r:rootfs:s0 tclass=lnk_file permissive=0
02-20 20:43:39.751     0     0 I init    : Service 'exec 6 (/system/bin/bootstat)' (pid 2056) exited with status 0
02-20 20:43:39.753     0     0 I init    : Starting service 'exec 7 (/system/bin/bootstat)'...
02-20 20:43:40.561  1919  1990 D RILJ    : [UNSL]< UNSOL_RESPONSE_SIM_STATUS_CHANGED [SUB0]
02-20 20:43:40.561  1919  1990 D RILJ    : [3662]< RADIO_POWER  [SUB0]
02-20 20:43:40.561  1919  1990 D RILJ    : [3663]< OPERATOR {Android, Android, 310260} [SUB0]
02-20 20:43:40.561  1919  1990 D RILJ    : [3664]< DATA_REGISTRATION_STATE {1, 3, 5b, 14, null, null} [SUB0]
02-20 20:43:40.561  1919  1990 D RILJ    : [3665]< VOICE_REGISTRATION_STATE {1, 3, 5b, 0, null, null, null, null, null, null, null, null, null, null, null} [SUB0]
02-20 20:43:40.561  1919  1990 D RILJ    : [3666]< QUERY_NETWORK_SELECTION_MODE {0} [SUB0]
02-20 20:43:40.561  1676  1676 D ConditionProviders.SCP: notifyCondition condition://android/schedule?days=1.2.3.4.5&start=22.0&end=7.0&exitAtAlarm=false STATE_FALSE reason=!meetsSchedule
02-20 20:43:40.561  1676  1676 D ConditionProviders.SCP: Scheduling evaluate for Tue Feb 20 22:00:00 GMT+00:00 2018 (1519164000000), in +1h16m19s440ms, now=Tue Feb 20 20:43:40 GMT+00:00 2018 (1519159420560)
02-20 20:43:40.562  1676  1745 E ActivityThread: Failed to find provider info for com.android.calendar
02-20 20:43:40.562  1676  1745 E ActivityThread: Failed to find provider info for com.android.calendar
02-20 20:43:40.567  1919  1919 I SST     : NITZ: after Setting time of day
02-20 20:43:40.567  1919  1919 D SST     : NITZ: end=11733 dur=8
02-20 20:43:40.568  1919  1919 D SST     : onSignalStrengthResult() Exception from RIL : com.android.internal.telephony.CommandException: RADIO_NOT_AVAILABLE
02-20 20:43:40.570  1919  1919 D SST     : mDeviceShuttingDown=false, mDesiredPowerState=true, getRadioState=RADIO_ON, mPowerOffDelayNeed=true, mAlarmSwitch=false, mRadioDisabledByCarrier=false
02-20 20:43:40.570  1919  1919 D RILJ    : [3667]> OPERATOR [SUB0]
02-20 20:43:40.571  1919  1919 D RILJ    : [3668]> DATA_REGISTRATION_STATE [SUB0]
02-20 20:43:40.571  1374  1503 D RIL     : onRequest: OPERATOR
02-20 20:43:40.571  1374  1503 D AT      : AT> AT+COPS=3,0;+COPS?;+COPS=3,1;+COPS?;+COPS=3,2;+COPS?
02-20 20:43:40.571  1374  1506 D AT      : AT< +COPS: 0,0,"Android"
02-20 20:43:40.571  1374  1506 D AT      : AT< +COPS: 0,1,"Android"
02-20 20:43:40.571  1374  1506 D AT      : AT< +COPS: 0,2,"310260"
02-20 20:43:40.571  1374  1506 D AT      : AT< OK
02-20 20:43:40.572  1919  1919 D RILJ    : [3669]> VOICE_REGISTRATION_STATE [SUB0]
02-20 20:43:40.572  1919  1990 D RILJ    : [3667]< OPERATOR {Android, Android, 310260} [SUB0]
02-20 20:43:40.572  1374  1503 D RIL     : onRequest: DATA_REGISTRATION_STATE
02-20 20:43:40.572  1374  1503 D RIL     : requestRegistrationState
02-20 20:43:40.572  1374  1503 D AT      : AT> AT+CGREG?
02-20 20:43:40.572  1374  1506 D AT      : AT< +CGREG: 1,1,"0003","005b","000e"
02-20 20:43:40.572  1374  1506 D AT      : AT< OK
02-20 20:43:40.572  1374  1503 D RIL     : parseRegistrationState. Parsing: +CGREG: 1,1,"0003","005b","000e"
02-20 20:43:40.572  1374  1503 D RIL     : registration state type: 3GPP
02-20 20:43:40.572  1919  1919 D RILJ    : [3670]> QUERY_NETWORK_SELECTION_MODE [SUB0]
02-20 20:43:40.572  1374  1503 D RIL     : onRequest: VOICE_REGISTRATION_STATE
02-20 20:43:40.572  1374  1503 D RIL     : requestRegistrationState
02-20 20:43:40.572  1374  1503 D AT      : AT> AT+CREG?
02-20 20:43:40.572  1374  1506 D AT      : AT< +CREG: 2,1, "0003", "005b"
02-20 20:43:40.572  1374  1506 D AT      : AT< OK
02-20 20:43:40.572  1374  1503 D RIL     : parseRegistrationState. Parsing: +CREG: 2,1, "0003", "005b"
02-20 20:43:40.572  1374  1503 D RIL     : registration state type: 3GPP
02-20 20:43:40.573  1919  1990 D RILJ    : [3668]< DATA_REGISTRATION_STATE {1, 3, 5b, 14, null, null} [SUB0]
02-20 20:43:40.573  1919  1990 D RILJ    : [3669]< VOICE_REGISTRATION_STATE {1, 3, 5b, 0, null, null, null, null, null, null, null, null, null, null, null} [SUB0]
02-20 20:43:40.573  1374  1503 D RIL     : onRequest: QUERY_NETWORK_SELECTION_MODE
02-20 20:43:40.573  1374  1503 D AT      : AT> AT+COPS?
02-20 20:43:40.573  1374  1506 D AT      : AT< +COPS: 0,2,310260
02-20 20:43:40.573  1374  1506 D AT      : AT< OK
02-20 20:43:40.573  1919  1990 D RILJ    : [3670]< QUERY_NETWORK_SELECTION_MODE {0} [SUB0]
02-20 20:43:40.574  1919  1919 D DCT     : [0]NETWORK_STATE_CHANGED_ACTION: mIsWifiConnected=false
02-20 20:43:40.574  1919  1919 D DCT     : [0]Wifi state changed
02-20 20:43:40.574  1919  1919 D DCT     : [0]WIFI_STATE_CHANGED_ACTION: enabled=true mIsWifiConnected=false
02-20 20:43:40.574  1919  1919 D DCT     : [0]onRadioAvailable
02-20 20:43:40.574  1919  1919 D DCT     : [0]onRadioOffOrNotAvailable: is off and clean up all connections
02-20 20:43:40.574  1919  1919 D DCT     : [0]cleanUpAllConnections: tearDown=false reason=radioTurnedOff
02-20 20:43:40.574  1919  1919 D GsmCdmaPhone: [GsmCdmaPhone] getDataConnectionState apnType=default ret=DISCONNECTED
02-20 20:43:40.575  1919  1919 D DCT     : [0]cleanUpConnection: X tearDown=false reason=radioTurnedOff apnContext={mApnType=default mState=IDLE mWaitingApns={null} mApnSetting={null} mReason=radioTurnedOff mDataEnabled=false mDependencyMet=true} dcac=null
02-20 20:43:40.575  1919  1919 D GsmCdmaPhone: [GsmCdmaPhone] getDataConnectionState apnType=mms ret=DISCONNECTED
02-20 20:43:40.576  2056  2056 I bootstat: Service started: /system/bin/bootstat --record_boot_complete 
02-20 20:43:40.577  1919  1919 D DCT     : [0]cleanUpConnection: X tearDown=false reason=radioTurnedOff apnContext={mApnType=mms mState=IDLE mWaitingApns={null} mApnSetting={null} mReason=radioTurnedOff mDataEnabled=false mDependencyMet=true} dcac=null
02-20 20:43:40.577  1919  1919 D GsmCdmaPhone: [GsmCdmaPhone] getDataConnectionState apnType=cbs ret=DISCONNECTED
02-20 20:43:40.578  1919  1919 D DCT     : [0]cleanUpConnection: X tearDown=false reason=radioTurnedOff apnContext={mApnType=cbs mState=IDLE mWaitingApns={null} mApnSetting={null} mReason=radioTurnedOff mDataEnabled=false mDependencyMet=true} dcac=null
02-20 20:43:40.578  1919  1919 D GsmCdmaPhone: [GsmCdmaPhone] getDataConnectionState apnType=fota ret=DISCONNECTED
02-20 20:43:40.580  1919  1919 D DCT     : [0]cleanUpConnection: X tearDown=false reason=radioTurnedOff apnContext={mApnType=fota mState=IDLE mWaitingApns={null} mApnSetting={null} mReason=radioTurnedOff mDataEnabled=false mDependencyMet=true} dcac=null
02-20 20:43:40.580  1919  1919 D GsmCdmaPhone: [GsmCdmaPhone] getDataConnectionState apnType=supl ret=DISCONNECTED
02-20 20:43:40.581  2056  2056 I bootstat: Logging histogram: bootstat_mtime_matches_content 1
02-20 20:43:40.581  2056  2056 I sysui_histogram: [bootstat_mtime_matches_content,1]
02-20 20:43:40.582  2056  2056 I bootstat: Logging histogram: bootstat_mtime_matches_content 1
02-20 20:43:40.582  2056  2056 I sysui_histogram: [bootstat_mtime_matches_content,1]
02-20 20:43:40.582  2056  2056 I bootstat: Logging histogram: bootstat_mtime_matches_content 1
02-20 20:43:40.582  2056  2056 I sysui_histogram: [bootstat_mtime_matches_content,1]
02-20 20:43:40.582  1919  1919 D DCT     : [0]cleanUpConnection: X tearDown=false reason=radioTurnedOff apnContext={mApnType=supl mState=IDLE mWaitingApns={null} mApnSetting={null} mReason=radioTurnedOff mDataEnabled=false mDependencyMet=true} dcac=null
02-20 20:43:40.582  1919  1919 D GsmCdmaPhone: [GsmCdmaPhone] getDataConnectionState apnType=ia ret=DISCONNECTED
02-20 20:43:40.583  1919  1919 D DCT     : [0]cleanUpConnection: X tearDown=false reason=radioTurnedOff apnContext={mApnType=ia mState=IDLE mWaitingApns={null} mApnSetting={null} mReason=radioTurnedOff mDataEnabled=false mDependencyMet=true} dcac=null
02-20 20:43:40.583  1919  1919 D GsmCdmaPhone: [GsmCdmaPhone] getDataConnectionState apnType=emergency ret=DISCONNECTED
02-20 20:43:40.584  1919  1919 D DCT     : [0]cleanUpConnection: X tearDown=false reason=radioTurnedOff apnContext={mApnType=emergency mState=IDLE mWaitingApns={null} mApnSetting={null} mReason=radioTurnedOff mDataEnabled=false mDependencyMet=true} dcac=null
02-20 20:43:40.584  1919  1919 D GsmCdmaPhone: [GsmCdmaPhone] getDataConnectionState apnType=hipri ret=DISCONNECTED
02-20 20:43:40.588  1313  1313 I sf_frame_dur: [BootAnimation,0,28,170,12,2,0,0]
02-20 20:43:40.593  1919  1919 D DCT     : [0]cleanUpConnection: X tearDown=false reason=radioTurnedOff apnContext={mApnType=hipri mState=IDLE mWaitingApns={null} mApnSetting={null} mReason=radioTurnedOff mDataEnabled=false mDependencyMet=true} dcac=null
02-20 20:43:40.593  1919  1919 D GsmCdmaPhone: [GsmCdmaPhone] getDataConnectionState apnType=ims ret=DISCONNECTED
02-20 20:43:40.616  1919  1919 D DCT     : [0]cleanUpConnection: X tearDown=false reason=radioTurnedOff apnContext={mApnType=ims mState=IDLE mWaitingApns={null} mApnSetting={null} mReason=radioTurnedOff mDataEnabled=false mDependencyMet=true} dcac=null
02-20 20:43:40.616  1919  1919 D DCT     : [0]stopNetStatPoll
02-20 20:43:40.617  1919  1919 D DCT     : [0]cleanUpConnection: mDisconnectPendingCount = 0
02-20 20:43:40.617  1919  1919 D DCT     : [0]isDataAllowed: No - Not attached - SIM not loaded
02-20 20:43:40.620  2057  2057 I bootstat: Service started: /system/bin/bootstat --record_boot_reason 
02-20 20:43:40.620  2057  2057 I bootstat: Unknown boot reason: 
02-20 20:43:40.627  2058  2058 I bootstat: Service started: /system/bin/bootstat --record_time_since_factory_reset 
02-20 20:43:40.627  2058  2058 I bootstat: Logging histogram: factory_reset_current_time 1519159420
02-20 20:43:40.627  2058  2058 I sysui_histogram: [factory_reset_current_time,1519159420]
02-20 20:43:40.628  2058  2058 I bootstat: Logging histogram: bootstat_mtime_matches_content 1
02-20 20:43:40.628  2058  2058 I sysui_histogram: [bootstat_mtime_matches_content,1]
02-20 20:43:40.628  2058  2058 I bootstat: Logging histogram: factory_reset_record_value 1519154248
02-20 20:43:40.628  2058  2058 I sysui_histogram: [factory_reset_record_value,1519154248]
02-20 20:43:40.631  1919  1919 D DCT     : [0]onDataConnectionDetached: stop polling and notify detached
02-20 20:43:40.631  1919  1919 D DCT     : [0]stopNetStatPoll
02-20 20:43:40.632  1919  1919 D DCT     : [0]notifyDataConnection: reason=dataDetached
02-20 20:43:40.632  1919  1919 D DCT     : [0]isDataAllowed: No - Not attached - SIM not loaded
02-20 20:43:40.642  1919  1919 D DCT     : [0]onRoamingOff
02-20 20:43:40.643  1919  1919 D DCT     : [0]isDataAllowed: No - Not attached - SIM not loaded
02-20 20:43:40.649  2059  2059 I bootstat: Service started: /system/bin/bootstat -l 
02-20 20:43:40.649  2059  2059 I bootstat: Logging histogram: bootstat_mtime_matches_content 1
02-20 20:43:40.649  2059  2059 I sysui_histogram: [bootstat_mtime_matches_content,1]
02-20 20:43:40.649  2059  2059 I bootstat: Logging histogram: bootstat_mtime_matches_content 1
02-20 20:43:40.649  2059  2059 I sysui_histogram: [bootstat_mtime_matches_content,1]
02-20 20:43:40.649  2059  2059 I bootstat: Logging histogram: bootstat_mtime_matches_content 1
02-20 20:43:40.649  2059  2059 I sysui_histogram: [bootstat_mtime_matches_content,1]
02-20 20:43:40.649  2059  2059 I bootstat: Logging histogram: bootstat_mtime_matches_content 1
02-20 20:43:40.649  2059  2059 I sysui_histogram: [bootstat_mtime_matches_content,1]
02-20 20:43:40.653  1919  1919 D DCT     : [0]setupDataOnConnectableApns: roamingOff hipri:[state=IDLE,enabled=false] mms:[state=IDLE,enabled=false] supl:[state=IDLE,enabled=false] ia:[state=IDLE,enabled=false] fota:[state=IDLE,enabled=false] ims:[state=IDLE,enabled=false] cbs:[state=IDLE,enabled=false] default:[state=IDLE,enabled=false] emergency:[state=IDLE,enabled=false] 
02-20 20:43:40.653  1919  1919 D DCT     : [0]setupDataOnConnectableApns: nwTypeChanged hipri:[state=IDLE,enabled=false] mms:[state=IDLE,enabled=false] supl:[state=IDLE,enabled=false] ia:[state=IDLE,enabled=false] fota:[state=IDLE,enabled=false] ims:[state=IDLE,enabled=false] cbs:[state=IDLE,enabled=false] default:[state=IDLE,enabled=false] emergency:[state=IDLE,enabled=false] 
02-20 20:43:40.653  1919  1919 D SubscriptionInfoUpdater: [Receiver]+
02-20 20:43:40.653  1919  1919 D SubscriptionInfoUpdater: Action: android.intent.action.SIM_STATE_CHANGED
02-20 20:43:40.653  1919  1919 D SubscriptionInfoUpdater: slotId: 0
02-20 20:43:40.653  1919  1919 D SubscriptionInfoUpdater: simStatus: NOT_READY
02-20 20:43:40.653  1919  1919 D SubscriptionInfoUpdater: Ignoring simStatus: NOT_READY
02-20 20:43:40.653  1919  1919 D SubscriptionInfoUpdater: [Receiver]-
02-20 20:43:40.653  1919  1919 D PhoneSwitcherNetworkRequstListener: got request NetworkRequest [ REQUEST id=1, [ Capabilities: INTERNET&NOT_RESTRICTED&TRUSTED&NOT_VPN] ] with score 0
02-20 20:43:40.653  1919  1919 D TelephonyNetworkFactory[0]: onSubIdChange -1->-2
02-20 20:43:40.653  1919  1919 D TelephonyNetworkFactory[0]: got request NetworkRequest [ REQUEST id=1, [ Capabilities: INTERNET&NOT_RESTRICTED&TRUSTED&NOT_VPN] ] with score 0
02-20 20:43:40.654  2059  2059 I bootstat: Logging histogram: bootstat_mtime_matches_content 1
02-20 20:43:40.654  2059  2059 I sysui_histogram: [bootstat_mtime_matches_content,1]
02-20 20:43:40.654  1919  1919 D DebugService: DebugService DebugService:
02-20 20:43:40.654  1919  1919 D TelephonyDebugService: TelephonyDebugService()
02-20 20:43:40.655  2059  2059 I bootstat: Logging histogram: bootstat_mtime_matches_content 1
02-20 20:43:40.655  2059  2059 I sysui_histogram: [bootstat_mtime_matches_content,1]
02-20 20:43:40.655  2059  2059 I bootstat: Logging histogram: bootstat_mtime_matches_content 1
02-20 20:43:40.655  2059  2059 I sysui_histogram: [bootstat_mtime_matches_content,1]
02-20 20:43:40.655  2059  2059 I bootstat: Logging histogram: bootstat_mtime_matches_content 1
02-20 20:43:40.655  2059  2059 I sysui_histogram: [bootstat_mtime_matches_content,1]
02-20 20:43:40.655  2059  2059 I bootstat: Logging histogram: bootstat_mtime_matches_content 1
02-20 20:43:40.655  2059  2059 I sysui_histogram: [bootstat_mtime_matches_content,1]
02-20 20:43:40.655  2059  2059 I bootstat: Logging histogram: bootstat_mtime_matches_content 1
02-20 20:43:40.655  2059  2059 I sysui_histogram: [bootstat_mtime_matches_content,1]
02-20 20:43:40.655  2059  2059 I bootstat: Logging histogram: bootstat_mtime_matches_content 1
02-20 20:43:40.655  2059  2059 I sysui_histogram: [bootstat_mtime_matches_content,1]
02-20 20:43:40.655  2059  2059 I bootstat: Logging histogram: bootstat_mtime_matches_content 1
02-20 20:43:40.609  2057  2057 I auditd  : type=1400 audit(0.0:12): avc: denied { getattr } for comm="bootstat" path="/vendor" dev="rootfs" ino=4002 scontext=u:r:bootstat:s0 tcontext=u:object_r:rootfs:s0 tclass=lnk_file permissive=0
02-20 20:43:40.609  2057  2057 W bootstat: type=1400 audit(0.0:12): avc: denied { getattr } for path="/vendor" dev="rootfs" ino=4002 scontext=u:r:bootstat:s0 tcontext=u:object_r:rootfs:s0 tclass=lnk_file permissive=0
02-20 20:43:39.787     0     0 I init    : Service 'exec 7 (/system/bin/bootstat)' (pid 2057) exited with status 0
02-20 20:43:39.787     0     0 I init    : Starting service 'exec 8 (/system/bin/bootstat)'...
02-20 20:43:39.805     0     0 I init    : Service 'exec 8 (/system/bin/bootstat)' (pid 2058) exited with status 0
02-20 20:43:39.806     0     0 I init    : Starting service 'exec 9 (/system/bin/bootstat)'...
02-20 20:43:39.821     0     0 I init    : Service 'exec 9 (/system/bin/bootstat)' (pid 2059) exited with status 0
02-20 20:43:40.655  2059  2059 I sysui_histogram: [bootstat_mtime_matches_content,1]
02-20 20:43:40.655  2059  2059 I bootstat: Logging histogram: bootstat_mtime_matches_content 1
02-20 20:43:40.655  2059  2059 I sysui_histogram: [bootstat_mtime_matches_content,1]
02-20 20:43:40.655  2059  2059 I bootstat: Logging histogram: bootstat_mtime_matches_content 1
02-20 20:43:40.655  2059  2059 I sysui_histogram: [bootstat_mtime_matches_content,1]
02-20 20:43:40.655  2059  2059 I bootstat: Logging histogram: post_decrypt_time_elapsed 2
02-20 20:43:40.655  2059  2059 I sysui_histogram: [post_decrypt_time_elapsed,2]
02-20 20:43:40.655  2059  2059 I bootstat: Logging histogram: last_boot_time_utc 1519159420
02-20 20:43:40.655  2059  2059 I sysui_histogram: [last_boot_time_utc,1519159420]
02-20 20:43:40.655  2059  2059 I bootstat: Logging histogram: build_date 1513095943
02-20 20:43:40.655  2059  2059 I sysui_histogram: [build_date,1513095943]
02-20 20:43:40.655  2059  2059 I bootstat: Logging histogram: boot_decryption_complete 11
02-20 20:43:40.655  2059  2059 I sysui_histogram: [boot_decryption_complete,11]
02-20 20:43:40.655  2059  2059 I bootstat: Logging histogram: ota_boot_complete_post_decrypt 7
02-20 20:43:40.655  2059  2059 I sysui_histogram: [ota_boot_complete_post_decrypt,7]
02-20 20:43:40.655  2059  2059 I bootstat: Logging histogram: ota_boot_complete 9
02-20 20:43:40.655  2059  2059 I sysui_histogram: [ota_boot_complete,9]
02-20 20:43:40.655  2059  2059 I bootstat: Logging histogram: boot_reason 1
02-20 20:43:40.655  2059  2059 I sysui_histogram: [boot_reason,1]
02-20 20:43:40.655  2059  2059 I bootstat: Logging histogram: factory_reset_current_time 1519159420
02-20 20:43:40.655  2059  2059 I sysui_histogram: [factory_reset_current_time,1519159420]
02-20 20:43:40.655  2059  2059 I bootstat: Logging histogram: factory_reset 1519154248
02-20 20:43:40.655  2059  2059 I sysui_histogram: [factory_reset,1519154248]
02-20 20:43:40.655  2059  2059 I bootstat: Logging histogram: time_since_last_boot 75
02-20 20:43:40.655  2059  2059 I sysui_histogram: [time_since_last_boot,75]
02-20 20:43:40.655  2059  2059 I bootstat: Logging histogram: boot_complete_post_decrypt 9
02-20 20:43:40.655  2059  2059 I sysui_histogram: [boot_complete_post_decrypt,9]
02-20 20:43:40.655  2059  2059 I bootstat: Logging histogram: boot_complete 11
02-20 20:43:40.655  2059  2059 I sysui_histogram: [boot_complete,11]
02-20 20:43:40.655  2059  2059 I bootstat: Logging histogram: factory_reset_record_value 1519154248
02-20 20:43:40.655  2059  2059 I sysui_histogram: [factory_reset_record_value,1519154248]
02-20 20:43:40.655  2059  2059 I bootstat: Logging histogram: time_since_factory_reset 5172
02-20 20:43:40.655  2059  2059 I sysui_histogram: [time_since_factory_reset,5172]
02-20 20:43:40.657  1919  1919 D CarrierConfigLoader: mHandler: 12 phoneId: 0
02-20 20:43:40.659  1919  1919 D RILJ    : [3671]> RIL_REQUEST_QUERY_TTY_MODE [SUB0]
02-20 20:43:40.659  1919  1919 D UiccController: Received EVENT_GET_ICC_STATUS_DONE
02-20 20:43:40.609  2058  2058 I auditd  : type=1400 audit(0.0:13): avc: denied { getattr } for comm="bootstat" path="/vendor" dev="rootfs" ino=4002 scontext=u:r:bootstat:s0 tcontext=u:object_r:rootfs:s0 tclass=lnk_file permissive=0
02-20 20:43:40.609  2058  2058 W bootstat: type=1400 audit(0.0:13): avc: denied { getattr } for path="/vendor" dev="rootfs" ino=4002 scontext=u:r:bootstat:s0 tcontext=u:object_r:rootfs:s0 tclass=lnk_file permissive=0
02-20 20:43:40.659  1919  1919 D UiccCardApplication: Creating UiccApp: {APPTYPE_SIM,APPSTATE_DETECTED}
02-20 20:43:40.660  1374  1503 D RIL     : onRequest: QUERY_TTY_MODE
02-20 20:43:40.660  1374  1503 D RIL     : Request not supported. Tech: 1
02-20 20:43:40.660  1919  1990 D RilRequest: [3671]< RIL_REQUEST_QUERY_TTY_MODE error: com.android.internal.telephony.CommandException: REQUEST_NOT_SUPPORTED ret=
02-20 20:43:40.671  1919  1919 W VoiceMailConstants: Can't open /system/etc/voicemail-conf.xml
02-20 20:43:40.671  1919  1919 D SpnOverride: No SPN in OEM image = /oem/telephony/spn-conf.xml Load SPN from system image
02-20 20:43:40.671  1919  1919 W SpnOverride: Can not open /system/etc/spn-conf.xml
02-20 20:43:40.671  1919  1919 D SIMRecords: [SIMRecords] setting0 mMncLength-1
02-20 20:43:40.671  1919  1919 D SIMRecords: [SIMRecords] SIMRecords: onRadioOffOrNotAvailable set 'gsm.sim.operator.numeric' to operator=null
02-20 20:43:40.671  1919  1919 D SIMRecords: [SIMRecords] update icc_operator_numeric=null
02-20 20:43:40.671  1919  1919 D TelephonyManager: setTelephonyProperty: success phoneId=0 property=gsm.sim.operator.numeric value:  propVal=
02-20 20:43:40.672  1676  1791 I am_proc_start: [0,2060,10067,com.google.android.deskclock,broadcast,com.google.android.deskclock/com.android.deskclock.AlarmInitReceiver]
02-20 20:43:40.672  1676  1791 I ActivityManager: Start proc 2060:com.google.android.deskclock/u0a67 for broadcast com.google.android.deskclock/com.android.deskclock.AlarmInitReceiver
02-20 20:43:40.674  1919  1919 D TelephonyManager: setTelephonyProperty: success phoneId=0 property=gsm.sim.operator.alpha value:  propVal=
02-20 20:43:40.674  1919  1919 D TelephonyManager: setTelephonyProperty: success phoneId=0 property=gsm.sim.operator.iso-country value:  propVal=
02-20 20:43:40.674  1919  1919 D SIMRecords: [SIMRecords] getOperatorNumeric: IMSI == null
02-20 20:43:39.900     0     0 D ieee80211 phy1: mac80211_hwsim_configure_filter
02-20 20:43:40.639  2059  2059 I auditd  : type=1400 audit(0.0:14): avc: denied { getattr } for comm="bootstat" path="/vendor" dev="rootfs" ino=4002 scontext=u:r:bootstat:s0 tcontext=u:object_r:rootfs:s0 tclass=lnk_file permissive=0
02-20 20:43:40.639  2059  2059 W bootstat: type=1400 audit(0.0:14): avc: denied { getattr } for path="/vendor" dev="rootfs" ino=4002 scontext=u:r:bootstat:s0 tcontext=u:object_r:rootfs:s0 tclass=lnk_file permissive=0
02-20 20:43:40.674  1919  1919 D UiccCardApplication: Creating UiccApp: {APPTYPE_RUIM,APPSTATE_DETECTED}
02-20 20:43:40.675  1919  1919 D RuimRecords: [RuimRecords] setting0 mMncLength-1
02-20 20:43:40.675  1919  1919 D RuimRecords: [RuimRecords] RuimRecords X ctor this=RuimRecords: mDestroyed=false mContext=com.android.phone.PhoneGlobals@9ad1027 mCi=com.android.internal.telephony.RIL@738ba61 mFh=Handler (com.android.internal.telephony.uicc.RuimFileHandler) {32342ca} mParentApp=com.android.internal.telephony.uicc.UiccCardApplication@6992c3b recordsLoadedRegistrants=android.os.RegistrantList@b53ff58 mImsiReadyRegistrants=android.os.RegistrantList@a0b8b1 mRecordsEventsRegistrants=android.os.RegistrantList@69ac196 mNewSmsRegistrants=android.os.RegistrantList@6e45117 mNetworkSelectionModeAutomaticRegistrants=android.os.RegistrantList@eb5b904 recordsToLoad=0 adnCache=Handler (com.android.internal.telephony.uicc.AdnRecordCache) {ed72eed} recordsRequested=false iccid=null msisdnTag=null voiceMailNum=null voiceMailTag=null voiceMailNum=null newVoiceMailTag=null isVoiceMailFixed=false mImsi=null mncLength=-1 mailboxIndex=0 spn=null m_ota_commitedfalse mMyMobileNumber=xxxx mMin2Min1=null mPrlVersion=null mEFpl=null mEFli=null mCsimSpnDisplayCondition=false mMdn=null mMin=null mHomeSystemId=null mHomeNetworkId=null
02-20 20:43:40.679  1919  1919 D CAT     : CatService: registerForRecordsLoaded slotid=0 instance:Handler (com.android.internal.telephony.cat.CatService) {e306d6e}
02-20 20:43:40.679  1919  1919 D CAT     : CatService: Running CAT service on Slotid: 0. STK app installed:false
02-20 20:43:40.679  1919  1919 D UiccCard: Before privilege rules: null : CARDSTATE_PRESENT
02-20 20:43:40.679  1919  1919 D RILJ    : [3672]> RIL_REQUEST_SIM_OPEN_CHANNEL [SUB0]
02-20 20:43:40.680  1919  1919 E UiccCard: App index 8 is invalid since there are no applications
02-20 20:43:40.680  1919  1919 D UiccCard: update: radioState=RADIO_ON mLastRadioState=RADIO_UNAVAILABLE
02-20 20:43:40.680  1919  1919 D UiccController: Notifying IccChangedRegistrants
02-20 20:43:40.680  1374  1503 D RIL     : onRequest: SIM_OPEN_CHANNEL
02-20 20:43:40.680  1374  1503 D AT      : AT> AT+CCHO=A00000015141434C00
02-20 20:43:40.680  1374  1506 D AT      : AT< 1
02-20 20:43:40.680  1374  1506 D AT      : AT< OK
02-20 20:43:40.681  1919  1990 D RILJ    : [3672]< RIL_REQUEST_SIM_OPEN_CHANNEL  [SUB0]
02-20 20:43:40.681  1919  1919 D GsmCdmaPhone: get phone radio capability fail, no need to change mRadioCapability
02-20 20:43:40.681  1919  1919 D GsmCdmaPhone: EVENT_GET_RADIO_CAPABILITY: phone rc: null
02-20 20:43:40.681  1919  1919 D Phone   : config LCE service failed: com.android.internal.telephony.CommandException: RADIO_NOT_AVAILABLE
02-20 20:43:40.681  1919  1919 D SST     : mDeviceShuttingDown=false, mDesiredPowerState=true, getRadioState=RADIO_ON, mPowerOffDelayNeed=true, mAlarmSwitch=false, mRadioDisabledByCarrier=false
02-20 20:43:40.681  1919  1919 D RILJ    : [3673]> OPERATOR [SUB0]
02-20 20:43:40.682  1919  1919 D RILJ    : [3674]> DATA_REGISTRATION_STATE [SUB0]
02-20 20:43:40.682  1374  1503 D RIL     : onRequest: OPERATOR
02-20 20:43:40.682  1374  1503 D AT      : AT> AT+COPS=3,0;+COPS?;+COPS=3,1;+COPS?;+COPS=3,2;+COPS?
02-20 20:43:40.682  1374  1506 D AT      : AT< +COPS: 0,0,"Android"
02-20 20:43:40.682  1374  1506 D AT      : AT< +COPS: 0,1,"Android"
02-20 20:43:40.682  1374  1506 D AT      : AT< +COPS: 0,2,"310260"
02-20 20:43:40.682  1374  1506 D AT      : AT< OK
02-20 20:43:40.682  1919  1919 D RILJ    : [3675]> VOICE_REGISTRATION_STATE [SUB0]
02-20 20:43:40.682  1374  1503 D RIL     : onRequest: DATA_REGISTRATION_STATE
02-20 20:43:40.683  1374  1503 D RIL     : requestRegistrationState
02-20 20:43:40.683  1374  1503 D AT      : AT> AT+CGREG?
02-20 20:43:40.683  1919  1990 D RILJ    : [3673]< OPERATOR {Android, Android, 310260} [SUB0]
02-20 20:43:40.683  1374  1506 D AT      : AT< +CGREG: 1,1,"0003","005b","000e"
02-20 20:43:40.683  1374  1506 D AT      : AT< OK
02-20 20:43:40.683  1919  1919 D RILJ    : [3676]> QUERY_NETWORK_SELECTION_MODE [SUB0]
02-20 20:43:40.683  1374  1503 D RIL     : parseRegistrationState. Parsing: +CGREG: 1,1,"0003","005b","000e"
02-20 20:43:40.683  1374  1503 D RIL     : registration state type: 3GPP
02-20 20:43:40.683  1374  1503 D RIL     : onRequest: VOICE_REGISTRATION_STATE
02-20 20:43:40.683  1374  1503 D RIL     : requestRegistrationState
02-20 20:43:40.683  1374  1503 D AT      : AT> AT+CREG?
02-20 20:43:40.683  1374  1506 D AT      : AT< +CREG: 2,1, "0003", "005b"
02-20 20:43:40.683  1919  1919 D RILJ    : [3677]> GET_CURRENT_CALLS [SUB0]
02-20 20:43:40.683  1374  1506 D AT      : AT< OK
02-20 20:43:40.684  1374  1503 D RIL     : parseRegistrationState. Parsing: +CREG: 2,1, "0003", "005b"
02-20 20:43:40.684  1374  1503 D RIL     : registration state type: 3GPP
02-20 20:43:40.684  1374  1503 D RIL     : onRequest: QUERY_NETWORK_SELECTION_MODE
02-20 20:43:40.684  1374  1503 D AT      : AT> AT+COPS?
02-20 20:43:40.684  1374  1506 D AT      : AT< +COPS: 0,2,310260
