02-20 20:44:55.955  1678  1678 I notification_enqueue: [10028,1764,com.android.systemui,1397773634,public:253,64,-1,Notification(pri=0 contentView=null vibrate=null sound=null defaults=0x0 flags=0x100 color=0xff607d8b category=sys actions=2 vis=PUBLIC),0]
02-20 20:44:55.969  1915  1915 D SMSDispatcher: SMSDispatcher: ctor mSmsCapable=true format=3gpp mSmsSendDisabled=false
02-20 20:44:55.969  1915  1915 D GsmSMSDispatcher: GsmSMSDispatcher created
02-20 20:44:55.970  1915  2025 D GsmInboundSmsHandler: StartupState.processMessage:6
02-20 20:44:55.971  1915  2025 D GsmInboundSmsHandler: entering Idle state
02-20 20:44:55.971  1915  2028 D CdmaInboundSmsHandler: StartupState.processMessage:6
02-20 20:44:55.971  1915  2028 D CdmaInboundSmsHandler: entering Idle state
02-20 20:44:55.973  1915  1915 D IccCardProxy: ctor: ci=com.android.internal.telephony.RIL@c90205a phoneId=0
02-20 20:44:55.974  1915  1915 D CdmaSSM : subscriptionSource from settings: 0
02-20 20:44:55.974  1915  1915 D CdmaSSM : cdmaSSM constructor: 0
02-20 20:44:55.974  1915  1915 D IccCardProxy: update icc_operator_numeric=
02-20 20:44:55.974  1915  1915 D TelephonyManager: setTelephonyProperty: success phoneId=0 property=gsm.sim.operator.numeric value:  propVal=
02-20 20:44:55.975  1915  1915 D TelephonyManager: setTelephonyProperty: success phoneId=0 property=gsm.sim.operator.iso-country value:  propVal=
02-20 20:44:55.975  1915  1915 D TelephonyManager: setTelephonyProperty: success phoneId=0 property=gsm.sim.operator.alpha value:  propVal=
02-20 20:44:55.975  1915  1915 E IccCardProxy: setExternalState: set mPhoneId=0 mExternalState=NOT_READY
02-20 20:44:55.975  1915  1915 D TelephonyManager: setTelephonyProperty: success phoneId=0 property=gsm.sim.state value: NOT_READY propVal=NOT_READY
02-20 20:44:55.976  1915  1915 D IccCardProxy: broadcastIccStateChangedIntent intent ACTION_SIM_STATE_CHANGED value=NOT_READY reason=null for mPhoneId=0
02-20 20:44:56.015  1923  1986 D EGL_emulation: eglMakeCurrent: 0x79a675feec00: ver 3 0 (tinfo 0x79a6804a9920)
02-20 20:44:56.036  2034  2034 W art     : Unexpected CPU variant for X86 using defaults: x86_64
02-20 20:44:56.037  1678  1692 I am_proc_start: [0,2034,10004,com.android.cellbroadcastreceiver,broadcast,com.android.cellbroadcastreceiver/.CellBroadcastReceiver]
02-20 20:44:56.037  1678  1692 I ActivityManager: Start proc 2034:com.android.cellbroadcastreceiver/u0a4 for broadcast com.android.cellbroadcastreceiver/.CellBroadcastReceiver
02-20 20:44:56.037  1373  1798 I MediaPlayerService: MediaPlayerService::getOMX
02-20 20:44:56.044  1678  2033 I OMXClient: MuxOMX ctor
02-20 20:44:56.044  1370  1406 I OMXMaster: makeComponentInstance(OMX.google.vorbis.decoder) in mediacodec process
02-20 20:44:56.049  1915  1915 D RILJ    : setPhoneType=1 old value=0 [SUB0]
02-20 20:44:56.049  1915  1915 D TelephonyManager: setTelephonyProperty: success phoneId=0 property=gsm.current.phone-type value: 1 propVal=1
02-20 20:44:56.050  1915  1915 D IccCardProxy: Setting radio tech UMTS
02-20 20:44:56.050  1915  1915 D IccCardProxy: updateQuietMode: 3GPP subscription -> newQuietMode=false
02-20 20:44:56.050  1915  1915 D IccCardProxy: updateQuietMode: no changes don't setExternalState
02-20 20:44:56.050  1915  1915 D IccCardProxy: updateQuietMode: QuietMode is false (app_type=1 cdmaSource=-1)
02-20 20:44:56.062  1678  1747 E ActivityThread: Failed to find provider info for com.android.calendar
02-20 20:44:56.062  1678  1747 E ActivityThread: Failed to find provider info for com.android.calendar
02-20 20:44:56.064  1678  1692 I boot_progress_enable_screen: 11064
02-20 20:44:56.067  1678  1699 I am_activity_launch_time: [0,144364061,com.android.settings/.FallbackHome,837,837]
02-20 20:44:56.067  1678  1699 I ActivityManager: Displayed com.android.settings/.FallbackHome: +837ms
02-20 20:44:56.068  1678  1699 I WindowManager: Screen frozen for +739ms due to AppWindowToken{6f10260 token=Token{55e7c92 ActivityRecord{89ad21d u0 com.android.settings/.FallbackHome t1}}}
02-20 20:44:56.086  1915  1915 W CarrierConfigManager: Error getting config for subId -1 ICarrierConfigLoader is null
02-20 20:44:56.087  1678  1690 I am_proc_bound: [0,2034,com.android.cellbroadcastreceiver]
02-20 20:44:56.088  1678  2010 D TelephonyRegistry: listen oscl: hasNotifySubscriptionInfoChangedOccurred==false no callback
02-20 20:44:56.091  1915  1915 D TelephonyManager: setTelephonyProperty: success phoneId=0 property=gsm.network.type value: Unknown propVal=Unknown
02-20 20:44:56.092  1915  1915 D RILJ    : [3654]> SIGNAL_STRENGTH [SUB0]
02-20 20:44:56.092  1915  1915 D SST     : notifyDataRegStateRilRadioTechnologyChanged: drs=1 rat=0
02-20 20:44:56.092  1915  1915 D TelephonyManager: setTelephonyProperty: success phoneId=0 property=gsm.network.type value: Unknown propVal=Unknown
02-20 20:44:56.093  1375  1484 D RIL     : onRequest: SIGNAL_STRENGTH
02-20 20:44:56.093  1915  2015 D RilRequest: [3654]< SIGNAL_STRENGTH error: com.android.internal.telephony.CommandException: RADIO_NOT_AVAILABLE ret=
02-20 20:44:56.101  1915  1915 D DCT     : [0]DCT.constructor
02-20 20:44:56.103  1678  1965 D TelephonyRegistry: listen oscl: hasNotifySubscriptionInfoChangedOccurred==false no callback
02-20 20:44:56.112  1915  1915 D Dcc     : E ctor
02-20 20:44:56.112  1915  1915 D Dcc     : X ctor
02-20 20:44:56.112  1915  1915 D SubscriptionController: [getPhoneId] asked for default subId=-1
02-20 20:44:56.113  1915  2049 D DcTesterDeacativateAll: register for intent action=com.android.internal.telephony.dataconnection.action_deactivate_all
02-20 20:44:56.113  1915  2049 D DcTesterDeacativateAll: register for intent action=com.android.internal.telephony.action_detached
02-20 20:44:56.114  1915  1915 D DcTesterFailBrinupAll: register for intent action=com.android.internal.telephony.dataconnection.action_fail_bringup
02-20 20:44:56.114  1915  1915 D DcTesterFailBrinupAll: register for intent action=com.android.internal.telephony.action_detached
02-20 20:44:56.114  1915  1915 D DcTesterFailBrinupAll: register for intent action=com.android.internal.telephony.action_attached
02-20 20:44:56.116  1915  1915 D SST     : notifyDataRegStateRilRadioTechnologyChanged: drs=1 rat=0
02-20 20:44:56.116  1915  1915 D TelephonyManager: setTelephonyProperty: success phoneId=0 property=gsm.network.type value: Unknown propVal=Unknown
02-20 20:44:56.117  1915  1915 D DCT     : [0]update sub = -2
02-20 20:44:56.117  1915  1915 D DCT     : [0]update(): Active DDS, register for all events now!
02-20 20:44:56.118  1915  1915 D GsmCdmaPhone: [GsmCdmaPhone] updateCurrentCarrierInProvider: mSubId = -2 currentDds = 1 operatorNumeric = null
02-20 20:44:56.118  1915  2049 D Dcc     : DccDefaultState: msg.what=EVENT_RIL_CONNECTED mRilVersion=12
02-20 20:44:56.133  1915  1915 D DCT     : [0]initApnContexts: E
02-20 20:44:56.133  1915  1915 D DCT     : [0]initApnContexts: skipping unknown type=1
02-20 20:44:56.134  1915  1915 D DCT     : [0]initApnContexts: apnContext={mApnType=default mState=IDLE mWaitingApns={null} mApnSetting={null} mReason=dataEnabled mDataEnabled=false mDependencyMet=true}
02-20 20:44:56.134  1915  1915 D DCT     : [0]initApnContexts: apnContext={mApnType=mms mState=IDLE mWaitingApns={null} mApnSetting={null} mReason=dataEnabled mDataEnabled=false mDependencyMet=true}
02-20 20:44:56.134  1915  1915 D DCT     : [0]initApnContexts: apnContext={mApnType=supl mState=IDLE mWaitingApns={null} mApnSetting={null} mReason=dataEnabled mDataEnabled=false mDependencyMet=true}
02-20 20:44:56.134  1915  1915 D DCT     : [0]initApnContexts: apnContext={mApnType=hipri mState=IDLE mWaitingApns={null} mApnSetting={null} mReason=dataEnabled mDataEnabled=false mDependencyMet=true}
02-20 20:44:56.134  1915  1915 D DCT     : [0]initApnContexts: apnContext={mApnType=fota mState=IDLE mWaitingApns={null} mApnSetting={null} mReason=dataEnabled mDataEnabled=false mDependencyMet=true}
02-20 20:44:56.134  1915  1915 D DCT     : [0]initApnContexts: apnContext={mApnType=ims mState=IDLE mWaitingApns={null} mApnSetting={null} mReason=dataEnabled mDataEnabled=false mDependencyMet=true}
02-20 20:44:56.134  1915  1915 D DCT     : [0]initApnContexts: apnContext={mApnType=cbs mState=IDLE mWaitingApns={null} mApnSetting={null} mReason=dataEnabled mDataEnabled=false mDependencyMet=true}
02-20 20:44:56.134  1915  1915 D DCT     : [0]initApnContexts: skipping unknown type=13
02-20 20:44:56.134  1915  1915 D DCT     : [0]initApnContexts: apnContext={mApnType=ia mState=IDLE mWaitingApns={null} mApnSetting={null} mReason=dataEnabled mDataEnabled=false mDependencyMet=true}
02-20 20:44:56.134  1915  1915 D DCT     : [0]initApnContexts: apnContext={mApnType=emergency mState=IDLE mWaitingApns={null} mApnSetting={null} mReason=dataEnabled mDataEnabled=false mDependencyMet=true}
02-20 20:44:56.160  2034  2034 W System  : ClassLoader referenced unknown path: /system/priv-app/CellBroadcastReceiver/lib/x86_64
02-20 20:44:56.163  1915  1915 D GsmCdmaPhone: [GsmCdmaPhone] GsmCdmaPhone: constructor: sub = 0
02-20 20:44:56.163  1915  1915 I PhoneFactory: Creating Phone with type = 1 sub = 0
02-20 20:44:56.168  1915  1915 I PhoneFactory: defaultSmsApplication: NONE
02-20 20:44:56.171  1915  1915 I PhoneFactory: Creating SubInfoRecordUpdater 
02-20 20:44:56.171  1915  1915 D SubscriptionInfoUpdater: Constructor invoked
02-20 20:44:56.197  1678  1746 D NotificationSQLiteLog: Pruned event entries: 0
02-20 20:44:56.210  1678  1691 I SyncManager: Got SyncJobService instance.
02-20 20:44:56.217  1678  1678 I FusedLocation: engine started (com.android.location.fused)
02-20 20:44:56.218  1678  1965 D TelephonyRegistry: listen oscl: hasNotifySubscriptionInfoChangedOccurred==false no callback
02-20 20:44:56.218  1915  1915 D SubscriptionController: [getPhoneId]- no sims, returning default phoneId=2147483647
02-20 20:44:56.219  1678  1778 D TelephonyRegistry: listen oscl: hasNotifySubscriptionInfoChangedOccurred==false no callback
02-20 20:44:56.219  1915  1915 D PhoneSwitcherNetworkRequstListener: Registering NetworkFactory
02-20 20:44:56.219  1678  1741 D ConnectivityService: Got NetworkFactory Messenger for PhoneSwitcherNetworkRequstListener
02-20 20:44:56.220  1915  1915 D PhoneSwitcher: PhoneSwitcher started
02-20 20:44:56.220  1915  1915 D ProxyController: Constructor - Enter
02-20 20:44:56.221  1915  1915 D ProxyController: clearTransaction
02-20 20:44:56.221  1915  1915 D ProxyController: clearTransaction: phoneId=0 status=IDLE
02-20 20:44:56.221  1915  1915 D ProxyController: Constructor - Exit
02-20 20:44:56.222  1915  1915 D TelephonyNetworkFactory[0]: Registering NetworkFactory
02-20 20:44:56.222  1678  1741 D ConnectivityService: Got NetworkFactory Messenger for TelephonyNetworkFactory[0]
02-20 20:44:56.223  1915  1915 D CallManager: registerPhone(GSM Handler (com.android.internal.telephony.GsmCdmaPhone) {cedeaf1})
02-20 20:44:56.228  1678  1965 D TelephonyRegistry: listen oscl: hasNotifySubscriptionInfoChangedOccurred==false no callback
02-20 20:44:56.232  1915  1938 D SubscriptionController: [getPhoneId]- no sims, returning default phoneId=2147483647
02-20 20:44:56.295  1678  2010 W art     : Long monitor contention with owner android.display (1699) at void com.android.server.wm.WindowManagerService$H.handleMessage(android.os.Message)(WindowManagerService.java:8368) waiters=1 in int com.android.server.wm.WindowManagerService.addWindow(com.android.server.wm.Session, android.view.IWindow, int, android.view.WindowManager$LayoutParams, int, int, android.graphics.Rect, android.graphics.Rect, android.graphics.Rect, android.view.InputChannel) for 181ms
02-20 20:44:56.295  1678  2010 I dvm_lock_sample: [system_server,1,Binder:1678_6,181,WindowManagerService.java,1887,-,8368,36]
02-20 20:44:56.301  1678  1692 V KeyguardServiceDelegate: *** Keyguard started
02-20 20:44:56.301  1678  1692 I screen_toggled: 1
02-20 20:44:56.303  1678  1692 W KeyguardServiceDelegate: onScreenTurningOn(): no keyguard service!
02-20 20:44:56.307  1915  2057 E ActivityThread: Failed to find provider info for com.android.contacts
02-20 20:44:56.307  1915  2057 W CallerInfoCache: cursor is null
02-20 20:44:56.310  1915  1915 D CarrierConfigLoader: CarrierConfigLoader has started
02-20 20:44:56.311  1915  1915 E BluetoothAdapter: Bluetooth binder is null
02-20 20:44:56.311  1678  2010 D TelephonyRegistry: listen oscl: hasNotifySubscriptionInfoChangedOccurred==false no callback
02-20 20:44:56.334  1915  1915 D RILJ    : [3655]> RIL_REQUEST_SET_TTY_MODE : 0 [SUB0]
02-20 20:44:56.335  1375  1484 D RIL     : onRequest: SET_TTY_MODE
02-20 20:44:56.335  1915  2015 D RilRequest: [3655]< RIL_REQUEST_SET_TTY_MODE error: com.android.internal.telephony.CommandException: RADIO_NOT_AVAILABLE ret=
02-20 20:44:56.336  1915  1915 I Telephony: TtyManager: updateUiTtyMode -1 -> 0
02-20 20:44:56.340  1678  1818 D TelephonyRegistry: listen oscl: hasNotifySubscriptionInfoChangedOccurred==false no callback
02-20 20:44:56.341  1915  1915 D SubscriptionController: [getPhoneId] asked for default subId=-1
02-20 20:44:56.343  1915  1915 D UiccController: EVENT_RADIO_UNAVAILABLE, dispose card
02-20 20:44:56.343  1915  1915 D UiccController: Received EVENT_ICC_STATUS_CHANGED, calling getIccCardStatus
02-20 20:44:56.343  1915  1915 D RILJ    : [3656]> GET_SIM_STATUS [SUB0]
02-20 20:44:56.344  1375  1484 D RIL     : onRequest: GET_SIM_STATUS
02-20 20:44:56.344  1375  1484 D RIL     : getSIMStatus(). sState: 0
02-20 20:44:56.344  1915  1915 D Phone   : config LCE service failed: com.android.internal.telephony.CommandException: RADIO_NOT_AVAILABLE
02-20 20:44:56.344  1915  1915 D GsmSMSDispatcher: GsmSMSDispatcher: subId = -2 slotId = 0
02-20 20:44:56.344  1915  1915 E IccCardProxy: setExternalState: !override and newstate unchanged from NOT_READY
02-20 20:44:56.344  1915  1915 D RILJ    : [3657]> BASEBAND_VERSION [SUB0]
02-20 20:44:56.344  1375  1484 D RIL     : onRequest: BASEBAND_VERSION
02-20 20:44:56.344  1915  1915 D RILJ    : [3658]> GET_IMEI [SUB0]
02-20 20:44:56.345  1915  2015 D RILJ    : [3656]< GET_SIM_STATUS IccCardState {CARDSTATE_PRESENT,PINSTATE_UNKNOWN,num_apps=2,gsm_id=0{APPTYPE_SIM,APPSTATE_DETECTED},cdma_id=1{APPTYPE_RUIM,APPSTATE_DETECTED},ims_id=8} [SUB0]
02-20 20:44:56.345  1375  1484 D RIL     : onRequest: GET_IMEI
02-20 20:44:56.345  1375  1484 D AT      : AT> AT+CGSN
02-20 20:44:56.345  1915  2015 D RilRequest: [3657]< BASEBAND_VERSION error: com.android.internal.telephony.CommandException: RADIO_NOT_AVAILABLE ret=
02-20 20:44:56.345  1915  1915 D RILJ    : [3659]> GET_IMEISV [SUB0]
02-20 20:44:56.345  1375  1486 D AT      : AT< 000000000000000
02-20 20:44:56.345  1375  1486 D AT      : AT< OK
02-20 20:44:56.345  1915  2015 D RILJ    : [3658]< GET_IMEI  [SUB0]
02-20 20:44:56.345  1915  1915 D RILJ    : [3660]> RIL_REQUEST_GET_RADIO_CAPABILITY [SUB0]
02-20 20:44:56.345  1375  1484 D RIL     : onRequest: GET_IMEISV
02-20 20:44:56.345  1915  2015 D RilRequest: [3659]< GET_IMEISV error: com.android.internal.telephony.CommandException: RADIO_NOT_AVAILABLE ret=
02-20 20:44:56.345  1375  1484 D RIL     : onRequest: RIL_REQUEST_GET_RADIO_CAPABILITY
02-20 20:44:56.345  1915  1915 D RILJ    : [3661]> RIL_REQUEST_START_LCE [SUB0]
02-20 20:44:56.345  1915  2015 D RilRequest: [3660]< RIL_REQUEST_GET_RADIO_CAPABILITY error: com.android.internal.telephony.CommandException: RADIO_NOT_AVAILABLE ret=
02-20 20:44:56.345  1375  1484 D RIL     : onRequest: <unknown request>
02-20 20:44:56.345  1915  1915 D GsmCdmaPhone: [GsmCdmaPhone] Event EVENT_RADIO_OFF_OR_NOT_AVAILABLE Received
02-20 20:44:56.345  1915  1915 E IccCardProxy: setExternalState: !override and newstate unchanged from NOT_READY
02-20 20:44:56.345  1915  1915 D SST     : mDeviceShuttingDown=false, mDesiredPowerState=true, getRadioState=RADIO_OFF, mPowerOffDelayNeed=true, mAlarmSwitch=false, mRadioDisabledByCarrier=false
02-20 20:44:56.345  1915  2015 D RilRequest: [3661]< RIL_REQUEST_START_LCE error: com.android.internal.telephony.CommandException: RADIO_NOT_AVAILABLE ret=
02-20 20:44:56.345  1915  1915 D RILJ    : [3662]> RADIO_POWER on [SUB0]
02-20 20:44:56.346  1915  1915 D RILJ    : [3663]> OPERATOR [SUB0]
02-20 20:44:56.346  1915  1915 D RILJ    : [3664]> DATA_REGISTRATION_STATE [SUB0]
02-20 20:44:56.346  1375  1484 D RIL     : onRequest: RADIO_POWER
02-20 20:44:56.346  1375  1484 D AT      : AT> AT+CFUN=1
02-20 20:44:56.346  1375  1486 D AT      : AT< OK
02-20 20:44:56.347  1375  1484 D RIL     : setRadioState(10)
02-20 20:44:56.347  1375  1484 D RIL     : onRequest: OPERATOR
02-20 20:44:56.347  1375  1484 D AT      : AT> AT+COPS=3,0;+COPS?;+COPS=3,1;+COPS?;+COPS=3,2;+COPS?
02-20 20:44:56.347  1915  2015 D RILJ    : [UNSL]< UNSOL_RESPONSE_RADIO_STATE_CHANGED RADIO_ON [SUB0]
02-20 20:44:56.347  1915  2015 D RILJ    : [UNSL]< UNSOL_RESPONSE_SIM_STATUS_CHANGED [SUB0]
02-20 20:44:56.347  1915  2015 D RILJ    : [3662]< RADIO_POWER  [SUB0]
02-20 20:44:56.347  1375  1486 D AT      : AT< +COPS: 0,0,"Android"
02-20 20:44:56.347  1375  1486 D AT      : AT< +COPS: 0,1,"Android"
02-20 20:44:56.347  1375  1486 D AT      : AT< +COPS: 0,2,"310260"
02-20 20:44:56.347  1375  1486 D AT      : AT< OK
02-20 20:44:56.347  1375  1484 D RIL     : onRequest: DATA_REGISTRATION_STATE
02-20 20:44:56.347  1375  1484 D RIL     : requestRegistrationState
02-20 20:44:56.347  1375  1484 D AT      : AT> AT+CGREG?
02-20 20:44:56.347  1375  1486 D AT      : AT< +CGREG: 1,1,"0003","005b","000e"
02-20 20:44:56.347  1375  1486 D AT      : AT< OK
02-20 20:44:56.347  1375  1484 D RIL     : parseRegistrationState. Parsing: +CGREG: 1,1,"0003","005b","000e"
02-20 20:44:56.347  1375  1484 D RIL     : registration state type: 3GPP
02-20 20:44:56.347  1915  2015 D RILJ    : [3663]< OPERATOR {Android, Android, 310260} [SUB0]
02-20 20:44:56.347  1915  1915 D RILJ    : [3665]> VOICE_REGISTRATION_STATE [SUB0]
02-20 20:44:56.347  1915  2015 D RILJ    : [3664]< DATA_REGISTRATION_STATE {1, 3, 5b, 14, null, null} [SUB0]
02-20 20:44:56.348  1915  1915 D RILJ    : [3666]> QUERY_NETWORK_SELECTION_MODE [SUB0]
02-20 20:44:56.348  1375  1484 D RIL     : onRequest: VOICE_REGISTRATION_STATE
02-20 20:44:56.348  1375  1484 D RIL     : requestRegistrationState
02-20 20:44:56.348  1375  1484 D AT      : AT> AT+CREG?
02-20 20:44:56.348  1375  1486 D AT      : AT< +CREG: 2,1, "0003", "005b"
02-20 20:44:56.348  1375  1486 D AT      : AT< OK
02-20 20:44:56.348  1375  1484 D RIL     : parseRegistrationState. Parsing: +CREG: 2,1, "0003", "005b"
02-20 20:44:56.348  1375  1484 D RIL     : registration state type: 3GPP
02-20 20:44:56.348  1915  1915 D SST     : NITZ: 18/02/20:20:44:50+0:0:Unknown!Unknown,4283 start=11348 delay=7065
02-20 20:44:56.348  1915  1915 D SST     : NITZ: tzOffset=0 dst=0 zone=GMT iso= mGotCountryCode=false mNeedFixZoneAfterNitz=false
02-20 20:44:56.348  1375  1484 D RIL     : onRequest: QUERY_NETWORK_SELECTION_MODE
02-20 20:44:56.348  1375  1484 D AT      : AT> AT+COPS?
02-20 20:44:56.348  1375  1486 D AT      : AT< +COPS: 0,2,310260
02-20 20:44:56.348  1375  1486 D AT      : AT< OK
02-20 20:44:56.348  1915  1915 D SST     : setAndBroadcastNetworkSetTimeZone: setTimeZone=GMT
02-20 20:44:56.352  1678  1690 D AlarmManagerService: Kernel timezone updated to 0 minutes west of GMT
02-20 20:44:56.352  1915  1915 D SST     : setAndBroadcastNetworkSetTimeZone: call alarm.setTimeZone and broadcast zoneId=GMT
02-20 20:44:56.362  1915  2015 D RILJ    : [3665]< VOICE_REGISTRATION_STATE {1, 3, 5b, 0, null, null, null, null, null, null, null, null, null, null, null} [SUB0]
02-20 20:44:56.363  1915  2015 D RILJ    : [3666]< QUERY_NETWORK_SELECTION_MODE {0} [SUB0]
02-20 20:44:56.353  1915  1915 D SST     : NITZ: Setting time of day to Tue Feb 20 20:44:57 GMT+00:00 2018 NITZ receive delay(ms): 7069 gained(ms): 716 from 18/02/20:20:44:50+0:0:Unknown!Unknown
02-20 20:44:56.363  1915  1915 D SST     : setAndBroadcastNetworkSetTime: time=1519159497069ms
02-20 20:44:56.363  1678  2010 D AlarmManagerService: Setting time of day to sec=1519159497
02-20 20:44:57.069  1678  2010 W AlarmManagerService: Unable to set rtc to 1519159497: No such device
02-20 20:44:57.074  1915  1915 I SST     : NITZ: after Setting time of day
02-20 20:44:57.074  1915  1915 D SST     : NITZ: end=11369 dur=21
02-20 20:44:57.077  1915  1915 D SST     : mDeviceShuttingDown=false, mDesiredPowerState=true, getRadioState=RADIO_ON, mPowerOffDelayNeed=true, mAlarmSwitch=false, mRadioDisabledByCarrier=false
02-20 20:44:57.077  1915  1915 D RILJ    : [3667]> OPERATOR [SUB0]
02-20 20:44:57.078  1915  1915 D RILJ    : [3668]> DATA_REGISTRATION_STATE [SUB0]
02-20 20:44:57.078  1375  1484 D RIL     : onRequest: OPERATOR
02-20 20:44:57.078  1375  1484 D AT      : AT> AT+COPS=3,0;+COPS?;+COPS=3,1;+COPS?;+COPS=3,2;+COPS?
02-20 20:44:57.078  1375  1486 D AT      : AT< +COPS: 0,0,"Android"
02-20 20:44:57.078  1375  1486 D AT      : AT< +COPS: 0,1,"Android"
02-20 20:44:57.078  1375  1486 D AT      : AT< +COPS: 0,2,"310260"
02-20 20:44:57.078  1375  1486 D AT      : AT< OK
02-20 20:44:57.078  1915  1915 D RILJ    : [3669]> VOICE_REGISTRATION_STATE [SUB0]
02-20 20:44:57.078  1375  1484 D RIL     : onRequest: DATA_REGISTRATION_STATE
02-20 20:44:57.078  1375  1484 D RIL     : requestRegistrationState
02-20 20:44:57.078  1375  1484 D AT      : AT> AT+CGREG?
02-20 20:44:57.079  1375  1486 D AT      : AT< +CGREG: 1,1,"0003","005b","000e"
02-20 20:44:57.079  1375  1486 D AT      : AT< OK
02-20 20:44:57.079  1375  1484 D RIL     : parseRegistrationState. Parsing: +CGREG: 1,1,"0003","005b","000e"
02-20 20:44:57.079  1375  1484 D RIL     : registration state type: 3GPP
02-20 20:44:57.079  1915  1915 D RILJ    : [3670]> QUERY_NETWORK_SELECTION_MODE [SUB0]
02-20 20:44:57.079  1375  1484 D RIL     : onRequest: VOICE_REGISTRATION_STATE
02-20 20:44:57.079  1375  1484 D RIL     : requestRegistrationState
02-20 20:44:57.079  1375  1484 D AT      : AT> AT+CREG?
02-20 20:44:57.079  1375  1486 D AT      : AT< +CREG: 2,1, "0003", "005b"
02-20 20:44:57.079  1375  1486 D AT      : AT< OK
02-20 20:44:57.079  1375  1484 D RIL     : parseRegistrationState. Parsing: +CREG: 2,1, "0003", "005b"
02-20 20:44:57.079  1375  1484 D RIL     : registration state type: 3GPP
02-20 20:44:57.079  1915  1915 D SST     : onSignalStrengthResult() Exception from RIL : com.android.internal.telephony.CommandException: RADIO_NOT_AVAILABLE
02-20 20:44:57.079  1375  1484 D RIL     : onRequest: QUERY_NETWORK_SELECTION_MODE
02-20 20:44:57.079  1375  1484 D AT      : AT> AT+COPS?
02-20 20:44:57.079  1375  1486 D AT      : AT< +COPS: 0,2,310260
02-20 20:44:57.079  1375  1486 D AT      : AT< OK
02-20 20:44:57.080  1915  1915 D DCT     : [0]onRadioAvailable
02-20 20:44:57.080  1915  1915 D DCT     : [0]onRadioOffOrNotAvailable: is off and clean up all connections
02-20 20:44:57.080  1915  1915 D DCT     : [0]cleanUpAllConnections: tearDown=false reason=radioTurnedOff
02-20 20:44:57.080  1915  1915 D GsmCdmaPhone: [GsmCdmaPhone] getDataConnectionState apnType=default ret=DISCONNECTED
02-20 20:44:57.081  1915  2015 D RILJ    : [3667]< OPERATOR {Android, Android, 310260} [SUB0]
02-20 20:44:57.081  1915  2015 D RILJ    : [3668]< DATA_REGISTRATION_STATE {1, 3, 5b, 14, null, null} [SUB0]
02-20 20:44:57.081  1915  2015 D RILJ    : [3669]< VOICE_REGISTRATION_STATE {1, 3, 5b, 0, null, null, null, null, null, null, null, null, null, null, null} [SUB0]
02-20 20:44:57.081  1915  2015 D RILJ    : [3670]< QUERY_NETWORK_SELECTION_MODE {0} [SUB0]
02-20 20:44:57.081  1915  1915 D DCT     : [0]cleanUpConnection: X tearDown=false reason=radioTurnedOff apnContext={mApnType=default mState=IDLE mWaitingApns={null} mApnSetting={null} mReason=radioTurnedOff mDataEnabled=false mDependencyMet=true} dcac=null
02-20 20:44:57.081  1915  1915 D GsmCdmaPhone: [GsmCdmaPhone] getDataConnectionState apnType=mms ret=DISCONNECTED
02-20 20:44:57.082  1915  1915 D DCT     : [0]cleanUpConnection: X tearDown=false reason=radioTurnedOff apnContext={mApnType=mms mState=IDLE mWaitingApns={null} mApnSetting={null} mReason=radioTurnedOff mDataEnabled=false mDependencyMet=true} dcac=null
02-20 20:44:57.082  1915  1915 D GsmCdmaPhone: [GsmCdmaPhone] getDataConnectionState apnType=cbs ret=DISCONNECTED
02-20 20:44:57.084  1915  1915 D DCT     : [0]cleanUpConnection: X tearDown=false reason=radioTurnedOff apnContext={mApnType=cbs mState=IDLE mWaitingApns={null} mApnSetting={null} mReason=radioTurnedOff mDataEnabled=false mDependencyMet=true} dcac=null
02-20 20:44:57.084  1915  1915 D GsmCdmaPhone: [GsmCdmaPhone] getDataConnectionState apnType=fota ret=DISCONNECTED
02-20 20:44:57.085  1915  1915 D DCT     : [0]cleanUpConnection: X tearDown=false reason=radioTurnedOff apnContext={mApnType=fota mState=IDLE mWaitingApns={null} mApnSetting={null} mReason=radioTurnedOff mDataEnabled=false mDependencyMet=true} dcac=null
02-20 20:44:57.085  1915  1915 D GsmCdmaPhone: [GsmCdmaPhone] getDataConnectionState apnType=supl ret=DISCONNECTED
02-20 20:44:57.087  1915  1915 D DCT     : [0]cleanUpConnection: X tearDown=false reason=radioTurnedOff apnContext={mApnType=supl mState=IDLE mWaitingApns={null} mApnSetting={null} mReason=radioTurnedOff mDataEnabled=false mDependencyMet=true} dcac=null
02-20 20:44:57.087  1915  1915 D GsmCdmaPhone: [GsmCdmaPhone] getDataConnectionState apnType=ia ret=DISCONNECTED
02-20 20:44:57.088  1915  1915 D DCT     : [0]cleanUpConnection: X tearDown=false reason=radioTurnedOff apnContext={mApnType=ia mState=IDLE mWaitingApns={null} mApnSetting={null} mReason=radioTurnedOff mDataEnabled=false mDependencyMet=true} dcac=null
02-20 20:44:57.088  1915  1915 D GsmCdmaPhone: [GsmCdmaPhone] getDataConnectionState apnType=emergency ret=DISCONNECTED
02-20 20:44:57.088  1915  1915 D DCT     : [0]cleanUpConnection: X tearDown=false reason=radioTurnedOff apnContext={mApnType=emergency mState=IDLE mWaitingApns={null} mApnSetting={null} mReason=radioTurnedOff mDataEnabled=false mDependencyMet=true} dcac=null
02-20 20:44:57.088  1915  1915 D GsmCdmaPhone: [GsmCdmaPhone] getDataConnectionState apnType=hipri ret=DISCONNECTED
02-20 20:44:57.088  1915  1915 D DCT     : [0]cleanUpConnection: X tearDown=false reason=radioTurnedOff apnContext={mApnType=hipri mState=IDLE mWaitingApns={null} mApnSetting={null} mReason=radioTurnedOff mDataEnabled=false mDependencyMet=true} dcac=null
02-20 20:44:57.088  1915  1915 D GsmCdmaPhone: [GsmCdmaPhone] getDataConnectionState apnType=ims ret=DISCONNECTED
02-20 20:44:57.089  1915  1915 D DCT     : [0]cleanUpConnection: X tearDown=false reason=radioTurnedOff apnContext={mApnType=ims mState=IDLE mWaitingApns={null} mApnSetting={null} mReason=radioTurnedOff mDataEnabled=false mDependencyMet=true} dcac=null
02-20 20:44:57.089  1915  1915 D DCT     : [0]stopNetStatPoll
02-20 20:44:57.089  1915  1915 D DCT     : [0]cleanUpConnection: mDisconnectPendingCount = 0
02-20 20:44:57.089  1915  1915 D DCT     : [0]isDataAllowed: No - Not attached - SIM not loaded
02-20 20:44:57.101  1915  1915 D DCT     : [0]onDataConnectionDetached: stop polling and notify detached
02-20 20:44:57.101  1915  1915 D DCT     : [0]stopNetStatPoll
02-20 20:44:57.103  1915  1915 D DCT     : [0]notifyDataConnection: reason=dataDetached
02-20 20:44:57.103  1915  1915 D DCT     : [0]isDataAllowed: No - Not attached - SIM not loaded
02-20 20:44:57.106  1678  1678 D ConditionProviders.SCP: onReceive android.intent.action.TIME_SET
02-20 20:44:57.107  1678  1678 D ConditionProviders.SCP: notifyCondition condition://android/schedule?days=6.7&start=23.30&end=10.0&exitAtAlarm=false STATE_FALSE reason=!meetsSchedule
02-20 20:44:57.107  1678  1678 D ConditionProviders.SCP: notifyCondition condition://android/schedule?days=1.2.3.4.5&start=22.0&end=7.0&exitAtAlarm=false STATE_FALSE reason=!meetsSchedule
02-20 20:44:57.107  1678  1678 D ConditionProviders.SCP: Scheduling evaluate for Tue Feb 20 22:00:00 GMT+00:00 2018 (1519164000000), in +1h15m2s894ms, now=Tue Feb 20 20:44:57 GMT+00:00 2018 (1519159497106)
02-20 20:44:57.109  1764  1764 I Choreographer: Skipped 30 frames!  The application may be doing too much work on its main thread.
02-20 20:44:57.110  1313  1323 I SurfaceFlinger: Boot is finished (9650 ms)
02-20 20:44:57.110  1313  1323 I sf_stop_bootanim: 11405
02-20 20:44:57.131  1678  1747 E ActivityThread: Failed to find provider info for com.android.calendar
02-20 20:44:57.139  1678  1965 I StatusBarManagerService: registerStatusBar bar=com.android.internal.statusbar.IStatusBar$Stub$Proxy@802dc84
02-20 20:44:57.140  1915  1915 D DCT     : [0]onRoamingOff
02-20 20:44:57.141  1678  1747 E ActivityThread: Failed to find provider info for com.android.calendar
02-20 20:44:57.141  1915  1915 D DCT     : [0]isDataAllowed: No - Not attached - SIM not loaded
02-20 20:44:57.149  1915  1915 D DCT     : [0]setupDataOnConnectableApns: roamingOff hipri:[state=IDLE,enabled=false] mms:[state=IDLE,enabled=false] supl:[state=IDLE,enabled=false] ia:[state=IDLE,enabled=false] fota:[state=IDLE,enabled=false] ims:[state=IDLE,enabled=false] cbs:[state=IDLE,enabled=false] default:[state=IDLE,enabled=false] emergency:[state=IDLE,enabled=false] 
02-20 20:44:57.149  1915  1915 D DCT     : [0]setupDataOnConnectableApns: nwTypeChanged hipri:[state=IDLE,enabled=false] mms:[state=IDLE,enabled=false] supl:[state=IDLE,enabled=false] ia:[state=IDLE,enabled=false] fota:[state=IDLE,enabled=false] ims:[state=IDLE,enabled=false] cbs:[state=IDLE,enabled=false] default:[state=IDLE,enabled=false] emergency:[state=IDLE,enabled=false] 
02-20 20:44:57.149  1915  1915 D PhoneSwitcherNetworkRequstListener: got request NetworkRequest [ REQUEST id=1, [ Capabilities: INTERNET&NOT_RESTRICTED&TRUSTED&NOT_VPN] ] with score 0
02-20 20:44:57.149  1915  1915 D TelephonyNetworkFactory[0]: onSubIdChange -1->-2
02-20 20:44:57.149  1915  1915 D TelephonyNetworkFactory[0]: got request NetworkRequest [ REQUEST id=1, [ Capabilities: INTERNET&NOT_RESTRICTED&TRUSTED&NOT_VPN] ] with score 0
02-20 20:44:57.150  1915  1915 D DebugService: DebugService DebugService:
02-20 20:44:57.150  1915  1915 D TelephonyDebugService: TelephonyDebugService()
02-20 20:44:57.151  1915  1915 D DCT     : [0]NETWORK_STATE_CHANGED_ACTION: mIsWifiConnected=false
02-20 20:44:57.151  1915  1915 D DCT     : [0]Wifi state changed
02-20 20:44:57.151  1915  1915 D DCT     : [0]WIFI_STATE_CHANGED_ACTION: enabled=true mIsWifiConnected=false
02-20 20:44:57.151  1915  1915 D SubscriptionInfoUpdater: [Receiver]+
02-20 20:44:57.151  1915  1915 D SubscriptionInfoUpdater: Action: android.intent.action.SIM_STATE_CHANGED
02-20 20:44:57.151  1915  1915 D SubscriptionInfoUpdater: slotId: 0
02-20 20:44:57.151  1915  1915 D SubscriptionInfoUpdater: simStatus: NOT_READY
02-20 20:44:57.151  1915  1915 D SubscriptionInfoUpdater: Ignoring simStatus: NOT_READY
02-20 20:44:57.151  1915  1915 D SubscriptionInfoUpdater: [Receiver]-
02-20 20:44:57.154  1915  1915 D CarrierConfigLoader: mHandler: 12 phoneId: 0
02-20 20:44:57.155  1915  1915 D RILJ    : [3671]> RIL_REQUEST_QUERY_TTY_MODE [SUB0]
02-20 20:44:57.155  1375  1484 D RIL     : onRequest: QUERY_TTY_MODE
02-20 20:44:57.155  1375  1484 D RIL     : Request not supported. Tech: 1
02-20 20:44:57.155  1915  2015 D RilRequest: [3671]< RIL_REQUEST_QUERY_TTY_MODE error: com.android.internal.telephony.CommandException: REQUEST_NOT_SUPPORTED ret=
02-20 20:44:57.156  1915  1915 D GsmSMSDispatcher: GsmSMSDispatcher: subId = -2 slotId = 0
02-20 20:44:57.156  1915  1915 E IccCardProxy: setExternalState: !override and newstate unchanged from NOT_READY
02-20 20:44:57.156  1915  1915 D UiccController: Received EVENT_GET_ICC_STATUS_DONE
02-20 20:44:57.156  1915  1915 D UiccCard: 2 applications
02-20 20:44:57.156  1915  1915 D UiccCardApplication: Creating UiccApp: {APPTYPE_SIM,APPSTATE_DETECTED}
02-20 20:44:57.158  1915  1915 W VoiceMailConstants: Can't open /system/etc/voicemail-conf.xml
02-20 20:44:57.159  1915  1915 D SpnOverride: No SPN in OEM image = /oem/telephony/spn-conf.xml Load SPN from system image
02-20 20:44:57.159  1915  1915 W SpnOverride: Can not open /system/etc/spn-conf.xml
02-20 20:44:57.159  1915  1915 D SIMRecords: [SIMRecords] setting0 mMncLength-1
02-20 20:44:57.159  1915  1915 D SIMRecords: [SIMRecords] SIMRecords: onRadioOffOrNotAvailable set 'gsm.sim.operator.numeric' to operator=null
02-20 20:44:57.159  1915  1915 D SIMRecords: [SIMRecords] update icc_operator_numeric=null
02-20 20:44:57.159  1915  1915 D TelephonyManager: setTelephonyProperty: success phoneId=0 property=gsm.sim.operator.numeric value:  propVal=
02-20 20:44:57.172  1915  1915 D TelephonyManager: setTelephonyProperty: success phoneId=0 property=gsm.sim.operator.alpha value:  propVal=
02-20 20:44:57.174  1915  1915 D TelephonyManager: setTelephonyProperty: success phoneId=0 property=gsm.sim.operator.iso-country value:  propVal=
02-20 20:44:57.175  1915  1915 D SIMRecords: [SIMRecords] getOperatorNumeric: IMSI == null
02-20 20:44:57.175  1915  1915 D SIMRecords: [SIMRecords] SIMRecords X ctor this=SimRecords: mDestroyed=false mContext=com.android.phone.PhoneGlobals@3f2d1c8 mCi=com.android.internal.telephony.RIL@c90205a mFh=Handler (com.android.internal.telephony.uicc.SIMFileHandler) {2fe7261} mParentApp=com.android.internal.telephony.uicc.UiccCardApplication@5367186 recordsLoadedRegistrants=android.os.RegistrantList@2695a47 mImsiReadyRegistrants=android.os.RegistrantList@a474274 mRecordsEventsRegistrants=android.os.RegistrantList@4ed39d mNewSmsRegistrants=android.os.RegistrantList@e782012 mNetworkSelectionModeAutomaticRegistrants=android.os.RegistrantList@2d753e3 recordsToLoad=0 adnCache=Handler (com.android.internal.telephony.uicc.AdnRecordCache) {5d011e0} recordsRequested=false iccid=null msisdnTag=null voiceMailNum=null voiceMailTag=null voiceMailNum=null newVoiceMailTag=null isVoiceMailFixed=false mImsi=null mncLength=-1 mailboxIndex=0 spn=null mVmConfigcom.android.internal.telephony.uicc.VoiceMailConstants@24a0c99 mSpnOverride=mSpnOverride callForwardingEnabled=0 spnState=null mCphsInfo=null mCspPlmnEnabled=true efMWIS=null efCPHS_MWI=null mEfCff=null mEfCfis=null getOperatorNumeric=null
02-20 20:44:57.175  1678  2010 I am_proc_start: [0,2060,10067,com.google.android.deskclock,broadcast,com.google.android.deskclock/com.android.deskclock.AlarmInitReceiver]
02-20 20:44:57.175  1678  2010 I ActivityManager: Start proc 2060:com.google.android.deskclock/u0a67 for broadcast com.google.android.deskclock/com.android.deskclock.AlarmInitReceiver
02-20 20:44:57.176  1915  1915 D UiccCardApplication: Creating UiccApp: {APPTYPE_RUIM,APPSTATE_DETECTED}
02-20 20:44:57.176  1915  1915 D RuimRecords: [RuimRecords] setting0 mMncLength-1
02-20 20:44:57.176  1915  1915 D RuimRecords: [RuimRecords] RuimRecords X ctor this=RuimRecords: mDestroyed=false mContext=com.android.phone.PhoneGlobals@3f2d1c8 mCi=com.android.internal.telephony.RIL@c90205a mFh=Handler (com.android.internal.telephony.uicc.RuimFileHandler) {aa14b3f} mParentApp=com.android.internal.telephony.uicc.UiccCardApplication@d546c0c recordsLoadedRegistrants=android.os.RegistrantList@325d955 mImsiReadyRegistrants=android.os.RegistrantList@c139f6a mRecordsEventsRegistrants=android.os.RegistrantList@4e95c5b mNewSmsRegistrants=android.os.RegistrantList@ae23cf8 mNetworkSelectionModeAutomaticRegistrants=android.os.RegistrantList@b7b5d1 recordsToLoad=0 adnCache=Handler (com.android.internal.telephony.uicc.AdnRecordCache) {8444836} recordsRequested=false iccid=null msisdnTag=null voiceMailNum=null voiceMailTag=null voiceMailNum=null newVoiceMailTag=null isVoiceMailFixed=false mImsi=null mncLength=-1 mailboxIndex=0 spn=null m_ota_commitedfalse mMyMobileNumber=xxxx mMin2Min1=null mPrlVersion=null mEFpl=null mEFli=null mCsimSpnDisplayCondition=false mMdn=null mMin=null mHomeSystemId=null mHomeNetworkId=null
02-20 20:44:57.184  2060  2060 W art     : Unexpected CPU variant for X86 using defaults: x86_64
02-20 20:44:57.187  1915  1915 D CAT     : CatService: registerForRecordsLoaded slotid=0 instance:Handler (com.android.internal.telephony.cat.CatService) {634fbd3}
02-20 20:44:57.187  1915  1915 D CAT     : CatService: Running CAT service on Slotid: 0. STK app installed:false
02-20 20:44:57.187  1915  1915 D UiccCard: Before privilege rules: null : CARDSTATE_PRESENT
02-20 20:44:57.188  1915  1915 D RILJ    : [3672]> RIL_REQUEST_SIM_OPEN_CHANNEL [SUB0]
02-20 20:44:56.515     0     0 I init    : Service 'bootanim' (pid 1335) exited with status 0
02-20 20:44:56.517     0     0 I init    : Starting service 'exec 6 (/system/bin/bootstat)'...
02-20 20:44:56.573     0     0 I init    : Service 'exec 6 (/system/bin/bootstat)' (pid 2078) exited with status 0
02-20 20:44:56.574     0     0 I init    : Starting service 'exec 7 (/system/bin/bootstat)'...
02-20 20:44:57.249  2078  2078 I auditd  : type=1400 audit(0.0:11): avc: denied { getattr } for comm="bootstat" path="/vendor" dev="rootfs" ino=3997 scontext=u:r:bootstat:s0 tcontext=u:object_r:rootfs:s0 tclass=lnk_file permissive=0
02-20 20:44:57.249  2078  2078 W bootstat: type=1400 audit(0.0:11): avc: denied { getattr } for path="/vendor" dev="rootfs" ino=3997 scontext=u:r:bootstat:s0 tcontext=u:object_r:rootfs:s0 tclass=lnk_file permissive=0
02-20 20:44:57.289  2084  2084 I auditd  : type=1400 audit(0.0:12): avc: denied { getattr } for comm="bootstat" path="/vendor" dev="rootfs" ino=3997 scontext=u:r:bootstat:s0 tcontext=u:object_r:rootfs:s0 tclass=lnk_file permissive=0
02-20 20:44:57.289  2084  2084 W bootstat: type=1400 audit(0.0:12): avc: denied { getattr } for path="/vendor" dev="rootfs" ino=3997 scontext=u:r:bootstat:s0 tcontext=u:object_r:rootfs:s0 tclass=lnk_file permissive=0
02-20 20:44:56.602     0     0 I init    : Service 'exec 7 (/system/bin/bootstat)' (pid 2084) exited with status 0
02-20 20:44:56.605     0     0 I init    : Starting service 'exec 8 (/system/bin/bootstat)'...
02-20 20:44:56.649     0     0 I init    : Service 'exec 8 (/system/bin/bootstat)' (pid 2095) exited with status 0
02-20 20:44:56.650     0     0 I init    : Starting service 'exec 9 (/system/bin/bootstat)'...
02-20 20:44:57.188  1915  1915 E UiccCard: App index 8 is invalid since there are no applications
02-20 20:44:57.188  1915  1915 D UiccCard: update: radioState=RADIO_ON mLastRadioState=RADIO_UNAVAILABLE
02-20 20:44:57.188  1915  1915 D UiccController: Notifying IccChangedRegistrants
02-20 20:44:57.190  1375  1484 D RIL     : onRequest: SIM_OPEN_CHANNEL
02-20 20:44:57.190  1375  1484 D AT      : AT> AT+CCHO=A00000015141434C00
02-20 20:44:57.190  1375  1486 D AT      : AT< 1
02-20 20:44:57.190  1375  1486 D AT      : AT< OK
02-20 20:44:57.190  1915  2015 D RILJ    : [3672]< RIL_REQUEST_SIM_OPEN_CHANNEL  [SUB0]
02-20 20:44:57.191  1915  1915 D GsmCdmaPhone: get phone radio capability fail, no need to change mRadioCapability
02-20 20:44:57.191  1915  1915 D GsmCdmaPhone: EVENT_GET_RADIO_CAPABILITY: phone rc: null
02-20 20:44:57.191  1915  1915 D Phone   : config LCE service failed: com.android.internal.telephony.CommandException: RADIO_NOT_AVAILABLE
02-20 20:44:57.191  1915  1915 D SST     : mDeviceShuttingDown=false, mDesiredPowerState=true, getRadioState=RADIO_ON, mPowerOffDelayNeed=true, mAlarmSwitch=false, mRadioDisabledByCarrier=false
02-20 20:44:57.191  1915  1915 D RILJ    : [3673]> OPERATOR [SUB0]
02-20 20:44:57.191  1915  1915 D RILJ    : [3674]> DATA_REGISTRATION_STATE [SUB0]
02-20 20:44:57.191  1375  1484 D RIL     : onRequest: OPERATOR
02-20 20:44:57.191  1375  1484 D AT      : AT> AT+COPS=3,0;+COPS?;+COPS=3,1;+COPS?;+COPS=3,2;+COPS?
02-20 20:44:57.191  1915  1915 D RILJ    : [3675]> VOICE_REGISTRATION_STATE [SUB0]
02-20 20:44:57.191  1915  1915 D RILJ    : [3676]> QUERY_NETWORK_SELECTION_MODE [SUB0]
02-20 20:44:57.192  1915  1915 D RILJ    : [3677]> GET_CURRENT_CALLS [SUB0]
02-20 20:44:57.194  1375  1486 D AT      : AT< +COPS: 0,0,"Android"
02-20 20:44:57.194  1375  1486 D AT      : AT< +COPS: 0,1,"Android"
02-20 20:44:57.194  1375  1486 D AT      : AT< +COPS: 0,2,"310260"
02-20 20:44:57.194  1375  1486 D AT      : AT< OK
02-20 20:44:57.194  1915  1915 D RILJ    : [3678]> RIL_REQUEST_IMS_REGISTRATION_STATE [SUB0]
02-20 20:44:57.194  1375  1484 D RIL     : onRequest: DATA_REGISTRATION_STATE
02-20 20:44:57.194  1375  1484 D RIL     : requestRegistrationState
02-20 20:44:57.194  1375  1484 D AT      : AT> AT+CGREG?
02-20 20:44:57.194  1915  2015 D RILJ    : [3673]< OPERATOR {Android, Android, 310260} [SUB0]
02-20 20:44:57.194  1375  1486 D AT      : AT< +CGREG: 1,1,"0003","005b","000e"
02-20 20:44:57.194  1375  1486 D AT      : AT< OK
02-20 20:44:57.194  1915  1915 D RILJ    : [3679]> RIL_REQUEST_CDMA_GET_SUBSCRIPTION_SOURCE [SUB0]
02-20 20:44:57.194  1375  1484 D RIL     : parseRegistrationState. Parsing: +CGREG: 1,1,"0003","005b","000e"
02-20 20:44:57.194  1375  1484 D RIL     : registration state type: 3GPP
02-20 20:44:57.194  1375  1484 D RIL     : onRequest: VOICE_REGISTRATION_STATE
02-20 20:44:57.194  1375  1484 D RIL     : requestRegistrationState
02-20 20:44:57.194  1375  1484 D AT      : AT> AT+CREG?
02-20 20:44:57.194  1915  1915 D GsmCdmaPhone: [GsmCdmaPhone] Event EVENT_RADIO_ON Received
02-20 20:44:57.194  1375  1486 D AT      : AT< +CREG: 2,1, "0003", "005b"
02-20 20:44:57.194  1375  1486 D AT      : AT< OK
02-20 20:44:57.194  1915  1915 D RILJ    : [3680]> RIL_REQUEST_VOICE_RADIO_TECH [SUB0]
02-20 20:44:57.195  1375  1484 D RIL     : parseRegistrationState. Parsing: +CREG: 2,1, "0003", "005b"
02-20 20:44:57.195  1375  1484 D RIL     : registration state type: 3GPP
02-20 20:44:57.195  1375  1484 D RIL     : onRequest: QUERY_NETWORK_SELECTION_MODE
02-20 20:44:57.195  1375  1484 D AT      : AT> AT+COPS?
02-20 20:44:57.195  1915  1915 D UiccController: Received EVENT_ICC_STATUS_CHANGED, calling getIccCardStatus
02-20 20:44:57.195  1375  1486 D AT      : AT< +COPS: 0,2,310260
02-20 20:44:57.195  1375  1486 D AT      : AT< OK
02-20 20:44:57.195  1915  1915 D RILJ    : [3681]> GET_SIM_STATUS [SUB0]
02-20 20:44:57.339  2095  2095 I auditd  : type=1400 audit(0.0:13): avc: denied { getattr } for comm="bootstat" path="/vendor" dev="rootfs" ino=3997 scontext=u:r:bootstat:s0 tcontext=u:object_r:rootfs:s0 tclass=lnk_file permissive=0
02-20 20:44:57.339  2095  2095 W bootstat: type=1400 audit(0.0:13): avc: denied { getattr } for path="/vendor" dev="rootfs" ino=3997 scontext=u:r:bootstat:s0 tcontext=u:object_r:rootfs:s0 tclass=lnk_file permissive=0
02-20 20:44:57.359  2099  2099 I auditd  : type=1400 audit(0.0:14): avc: denied { getattr } for comm="bootstat" path="/vendor" dev="rootfs" ino=3997 scontext=u:r:bootstat:s0 tcontext=u:object_r:rootfs:s0 tclass=lnk_file permissive=0
02-20 20:44:57.359  2099  2099 W bootstat: type=1400 audit(0.0:14): avc: denied { getattr } for path="/vendor" dev="rootfs" ino=3997 scontext=u:r:bootstat:s0 tcontext=u:object_r:rootfs:s0 tclass=lnk_file permissive=0
02-20 20:44:57.195  1915  1915 D SST     : EVENT_POLL_STATE_NETWORK_SELECTION_MODE
02-20 20:44:57.195  1915  1915 D SST     : EVENT_POLL_STATE_NETWORK_SELECTION_MODE
02-20 20:44:57.196  1915  1915 D PhoneSwitcher: evaluating due to netRequest default 0->1 phone[0] 0->-2
02-20 20:44:57.196  1915  1915 D TelephonyNetworkFactory[0]: not acting - isApp=false, isAct=false NetworkRequest [ REQUEST id=1, [ Capabilities: INTERNET&NOT_RESTRICTED&TRUSTED&NOT_VPN] ]
02-20 20:44:57.196  1915  1915 D CAT     : CatService: handleMessage[8]
02-20 20:44:57.196  1915  1915 D CAT     : CatService: MSG_ID_ICC_CHANGED
02-20 20:44:57.196  1915  1915 D CAT     : CatService: New Card State = CARDSTATE_PRESENT Old Card State = CARDSTATE_ABSENT
02-20 20:44:57.196  1915  1915 D RILJ    : [3682]> RIL_REQUEST_REPORT_STK_SERVICE_IS_RUNNING [SUB0]
02-20 20:44:57.197  1375  1484 D RIL     : onRequest: GET_CURRENT_CALLS
02-20 20:44:57.197  1375  1484 D AT      : AT> AT+CLCC
02-20 20:44:57.197  1375  1486 D AT      : AT< OK
02-20 20:44:57.197  1915  2015 D RILJ    : [3674]< DATA_REGISTRATION_STATE {1, 3, 5b, 14, null, null} [SUB0]
02-20 20:44:57.197  1915  2015 D RILJ    : [3675]< VOICE_REGISTRATION_STATE {1, 3, 5b, 0, null, null, null, null, null, null, null, null, null, null, null} [SUB0]
02-20 20:44:57.197  1915  2015 D RILJ    : [3676]< QUERY_NETWORK_SELECTION_MODE {0} [SUB0]
02-20 20:44:57.197  1375  1484 D RIL     : onRequest: IMS_REGISTRATION_STATE
02-20 20:44:57.197  1375  1484 D RIL     : IMS_REGISTRATION=0, format=1 
02-20 20:44:57.197  1375  1484 D RIL     : onRequest: CDMA_GET_SUBSCRIPTION_SOURCE
02-20 20:44:57.197  1375  1484 D RIL     : Request not supported. Tech: 1
02-20 20:44:57.197  1375  1484 D RIL     : onRequest: VOICE_RADIO_TECH
02-20 20:44:57.197  1375  1484 D RIL     : onRequest: GET_SIM_STATUS
02-20 20:44:57.197  1375  1484 D RIL     : getSIMStatus(). sState: 10
02-20 20:44:57.197  1375  1484 D AT      : AT> AT+CPIN?
02-20 20:44:57.197  1915  2015 D RILJ    : [3677]< GET_CURRENT_CALLS {} [SUB0]
02-20 20:44:57.197  1915  2015 D RILJ    : [3678]< RIL_REQUEST_IMS_REGISTRATION_STATE {0, 1} [SUB0]
02-20 20:44:57.197  1915  2015 D RilRequest: [3679]< RIL_REQUEST_CDMA_GET_SUBSCRIPTION_SOURCE error: com.android.internal.telephony.CommandException: REQUEST_NOT_SUPPORTED ret=
02-20 20:44:57.197  1915  2015 D RILJ    : [3680]< RIL_REQUEST_VOICE_RADIO_TECH {11} [SUB0]
02-20 20:44:57.197  1915  1915 D GsmCdmaPhone: [GsmCdmaPhone] New Uicc application found. type = APPTYPE_SIM
02-20 20:44:57.197  1915  1915 D GsmSMSDispatcher: GsmSMSDispatcher: subId = -2 slotId = 0
02-20 20:44:57.197  1915  1915 D GsmSMSDispatcher: New Uicc application found
02-20 20:44:57.197  1915  1915 D IccCardProxy: Icc changed. Reregestering.
02-20 20:44:57.197  1915  1915 D SST     : New card found
02-20 20:44:57.197  1375  1486 D AT      : AT< +CPIN: READY
02-20 20:44:57.197  1915  1915 D CAT     : CatService: handleMessage[8]
02-20 20:44:57.197  1915  1915 D CAT     : CatService: MSG_ID_ICC_CHANGED
02-20 20:44:57.197  1375  1486 D AT      : AT< OK
02-20 20:44:57.198  1375  1484 D RIL     : onRequest: REPORT_STK_SERVICE_IS_RUNNING
02-20 20:44:57.198  1375  1484 D RIL     : Request not supported. Tech: 1
02-20 20:44:57.198  1915  2015 D RILJ    : [3681]< GET_SIM_STATUS IccCardState {CARDSTATE_PRESENT,PINSTATE_UNKNOWN,num_apps=2,gsm_id=0{APPTYPE_SIM,APPSTATE_READY},cdma_id=1{APPTYPE_RUIM,APPSTATE_READY},ims_id=8} [SUB0]
02-20 20:44:57.198  1915  2015 D RilRequest: [3682]< RIL_REQUEST_REPORT_STK_SERVICE_IS_RUNNING error: com.android.internal.telephony.CommandException: REQUEST_NOT_SUPPORTED ret=
02-20 20:44:57.198  1915  1915 D CAT     : CatService: New Card State = CARDSTATE_PRESENT Old Card State = CARDSTATE_PRESENT
02-20 20:44:57.198  1915  1915 E SST     : error parsing GprsRegistrationState: java.lang.NumberFormatException: null
02-20 20:44:57.198  1915  1915 D SST     : handlPollStateResultMessage: GsmSST setDataRegState=0 regState=1 dataRadioTechnology=14
02-20 20:44:57.198  1915  1915 D SST     : EVENT_POLL_STATE_NETWORK_SELECTION_MODE
02-20 20:44:57.199  1915  1915 D SST     : Poll ServiceState done:  oldSS=[1 1 voice home data home null null null null null null  Unknown Unknown CSS not supported 0 0 RoamInd=0 DefRoamInd=0 EmergOnly=false IsDataRoamingFromRegistration=false IsUsingCarrierAggregation=false] newSS=[0 0 voice home data home Android Android 310260 Android Android 310260  Unknown LTE CSS not supported -1 -1 RoamInd=-1 DefRoamInd=-1 EmergOnly=false IsDataRoamingFromRegistration=false IsUsingCarrierAggregation=false] oldMaxDataCalls=1 mNewMaxDataCalls=1 oldReasonDataDenied=-1 mNewReasonDataDenied=-1
02-20 20:44:57.199  1915  1915 I gsm_service_state_change: [1,1,0,0]
02-20 20:44:57.199  1915  1915 D TelephonyManager: setTelephonyProperty: success phoneId=0 property=gsm.network.type value: LTE propVal=LTE
02-20 20:44:57.199  1915  1915 D SST     : pollStateDone: registering current mNitzUpdatedTime=true changing to false
02-20 20:44:57.199  1915  1915 D SIMRecords: [SIMRecords] getServiceProviderName: no brandOverride, providerName=null
02-20 20:44:57.199  1915  1915 D SIMRecords: [SIMRecords] getServiceProviderName: no brandOverride, providerName=null
02-20 20:44:57.199  1915  1915 D SST     : updateSpnDisplay: changed sending intent rule=2 showPlmn='true' plmn='Android' showSpn='false' spn='null' dataSpn='null' subId='-2'
02-20 20:44:57.200  1915  1915 D SubscriptionController: [setPlmnSpn] No valid subscription to store info
02-20 20:44:57.200  1915  1915 D SubscriptionController: notifySubscriptionInfoChanged:
02-20 20:44:56.673     0     0 I init    : Service 'exec 9 (/system/bin/bootstat)' (pid 2099) exited with status 0
02-20 20:44:56.674     0     0 I init    : write_file: Unable to open '/sys/class/android_usb/android0/enable': No such file or directory
02-20 20:44:56.675     0     0 I init    : write_file: Unable to open '/sys/class/android_usb/android0/idVendor': No such file or directory
02-20 20:44:56.675     0     0 I init    : write_file: Unable to open '/sys/class/android_usb/android0/idProduct': No such file or directory
02-20 20:44:56.676     0     0 I init    : write_file: Unable to open '/sys/class/android_usb/android0/functions': No such file or directory
02-20 20:44:56.677     0     0 I init    : write_file: Unable to open '/sys/class/android_usb/android0/enable': No such file or directory
02-20 20:44:57.200  1678  1818 D TelephonyRegistry: notifySubscriptionInfoChanged: first invocation mRecords.size=16
02-20 20:44:57.200  1678  1678 I GnssLocationProvider: WakeLock acquired by sendMessage(12, 0, null)
02-20 20:44:57.201  1915  1915 D TelephonyManager: setTelephonyProperty: success phoneId=0 property=gsm.operator.alpha value: Android propVal=Android
02-20 20:44:57.201  1915  1915 D TelephonyManager: setTelephonyProperty: success phoneId=0 property=gsm.operator.numeric value: 310260 propVal=310260
02-20 20:44:57.201  1915  1915 D SST     : update mccmnc=310260 fromServiceState=true
02-20 20:44:57.202  1915  1915 D MccTable: updateMccMncConfiguration mccmnc='310260' fromServiceState=true
