02-20 20:44:57.524  1915  1915 E RuimRecords: [RuimRecords] Record Load Exception: com.android.internal.telephony.CommandException: GENERIC_FAILURE
02-20 20:44:57.524  1915  1915 D RuimRecords: [RuimRecords] onRecordLoaded 3 requested: true
02-20 20:44:57.524  1915  1915 D RuimRecords: [RuimRecords] EF_CSIM_EPRL LOADED
02-20 20:44:57.524  1915  1915 E RuimRecords: [RuimRecords] Record Load Exception: com.android.internal.telephony.CommandException: GENERIC_FAILURE
02-20 20:44:57.524  1915  1915 D RuimRecords: [RuimRecords] onRecordLoaded 2 requested: true
02-20 20:44:57.524  1915  1915 D RuimRecords: [RuimRecords] EF_CSIM_MIPUPP LOADED
02-20 20:44:57.524  1915  1915 E RuimRecords: [RuimRecords] Record Load Exception: com.android.internal.telephony.CommandException: GENERIC_FAILURE
02-20 20:44:57.524  1915  1915 D RuimRecords: [RuimRecords] onRecordLoaded 1 requested: true
02-20 20:44:57.524  1915  1915 D SIMRecords: [SIMRecords] iccid: 89014103211118510720
02-20 20:44:57.524  1915  1915 D SIMRecords: [SIMRecords] onRecordLoaded 10 requested: true
02-20 20:44:57.528  1915  1915 D SIMRecords: [SIMRecords] EF_MBI: 01000000
02-20 20:44:57.528  1915  1915 D SIMRecords: [SIMRecords] Got valid mailbox number for MBDN
02-20 20:44:57.528  1915  1915 D RILJ    : [3733]> iccIO: SIM_IO 0xc0 0x6fc7  path: 3F007F20,0,0,15 aid: null [SUB0]
02-20 20:44:57.529  1375  1484 D RIL     : onRequest: SIM_IO
02-20 20:44:57.529  1375  1484 D AT      : AT> AT+CRSM=192,28615,0,0,15
02-20 20:44:57.529  1915  1915 D SIMRecords: [SIMRecords] onRecordLoaded 10 requested: true
02-20 20:44:57.529  1915  1915 D SIMRecords: [SIMRecords] EF_AD: 00000003
02-20 20:44:57.529  1375  1486 D AT      : AT< +CRSM: 144,0,000000406fc7040011a0aa01020120
02-20 20:44:57.529  1915  1915 D SIMRecords: [SIMRecords] setting4 mMncLength=3
02-20 20:44:57.529  1375  1486 D AT      : AT< OK
02-20 20:44:57.529  1915  2015 D RILJ    : [3733]< SIM_IO IccIoResponse sw1:0x90 sw2:0x0 [SUB0]
02-20 20:44:57.529  1915  1915 D SIMRecords: [SIMRecords] update mccmnc=310260
02-20 20:44:57.529  1915  1915 D MccTable: updateMccMncConfiguration mccmnc='310260' fromServiceState=false
02-20 20:44:57.529  1915  1915 D SubscriptionController: [getPhoneId]- no sims, returning default phoneId=2147483647
02-20 20:44:57.529  1915  1915 D MccTable: updateMccMncConfiguration defaultMccMnc=
02-20 20:44:57.529  1915  1915 D MccTable: updateMccMncConfiguration: mcc=310, mnc=260
02-20 20:44:57.529  1915  1915 D MccTable: updateMccMncConfiguration updateConfig config={1.0 310mcc260mnc ?localeList ?layoutDir ?swdp ?wdp ?hdp ?density ?lsize ?long ?orien ?uimode ?night ?touch ?keyb/?/? ?nav/?}
02-20 20:44:57.529  1678  1690 I configuration_changed: 3
02-20 20:44:57.529  1678  1690 I ActivityManager: Config changes=3 {1.0 310mcc260mnc [en_US] ldltr sw360dp w360dp h668dp 640dpi nrml long port finger -keyb/v/h -nav/h s.6}
02-20 20:44:57.537  1678  1690 I am_relaunch_resume_activity: [0,144364061,1,com.android.settings/.FallbackHome]
02-20 20:44:57.538  1923  1923 I am_on_paused_called: [0,com.android.settings.FallbackHome,handleRelaunchActivity]
02-20 20:44:57.540  1923  1986 D EGL_emulation: eglMakeCurrent: 0x79a675feec00: ver 3 0 (tinfo 0x79a6804a9920)
02-20 20:44:57.540  1923  1923 I am_on_stop_called: [0,com.android.settings.FallbackHome,destroy]
02-20 20:44:57.541  2103  2103 W art     : Unexpected CPU variant for X86 using defaults: x86_64
02-20 20:44:57.553  1923  1923 I am_on_resume_called: [0,com.android.settings.FallbackHome,handleRelaunchActivity]
02-20 20:44:57.557  1678  1678 V BackupManagerService: Connected to transport ComponentInfo{android/com.android.internal.backup.LocalTransportService}
02-20 20:44:57.557  1678  1678 V BackupManagerService: Registering transport android/com.android.internal.backup.LocalTransportService::android/com.android.internal.backup.LocalTransport = android.app.backup.BackupTransport$TransportImpl@7629b47
02-20 20:44:57.558  1915  1915 D SIMRecords: [SIMRecords] onRecordLoaded 9 requested: true
02-20 20:44:57.558  1915  1915 D SIMRecords: [SIMRecords] EF_MWIS : 0000000000
02-20 20:44:57.558  1915  1915 D SIMRecords: [SIMRecords] onRecordLoaded 8 requested: true
02-20 20:44:57.558  1915  1915 D SIMRecords: [SIMRecords] EF_CPHS_MWI: 55
02-20 20:44:57.558  1915  1915 D SIMRecords: [SIMRecords] onRecordLoaded 7 requested: true
02-20 20:44:57.558  1915  1915 D SIMRecords: [SIMRecords] EF_CFF_CPHS: 55
02-20 20:44:57.558  1915  1915 D SIMRecords: [SIMRecords] onRecordLoaded 6 requested: true
02-20 20:44:57.558  1915  1915 D SIMRecords: [SIMRecords] onRecordLoaded 5 requested: true
02-20 20:44:57.558  1915  1915 D SIMRecords: [SIMRecords] SST: UsimServiceTable[120]={ PHONEBOOK, FDN, FDN_EXTENSION, SDN, SDN_EXTENSION, BDN, BDN_EXTENSION, OUTGOING_CALL_INFO, ADVICE_OF_CHARGE, CAP_CONFIG_PARAMS_2, GROUP_ID_LEVEL_1, GROUP_ID_LEVEL_2, SPN, USER_PLMN_SELECT, MSISDN, IMAGE, LOCALISED_SERVICE_AREAS, EMLPP, EMLPP_AUTO_ANSWER, RFU, GSM_ACCESS, DATA_DL_VIA_SMS_PP, DATA_DL_VIA_SMS_CB, CALL_CONTROL_BY_USIM, MO_SMS_CONTROL_BY_USIM, RUN_AT_COMMAND, APN_CONTROL_LIST, DEPERSONALISATION_CONTROL_KEYS, COOPERATIVE_NETWORK_LIST, GSM_SECURITY_CONTEXT, SERVICE_PROVIDER_DISPLAY_INFO, MMS_NOTIFICATION, MMS_NOTIFICATION_EXTENSION, GPRS_CALL_CONTROL_BY_USIM, VGCS_GROUP_ID_LIST, VBS_GROUP_ID_LIST, OMA_BCAST_PROFILE, GBA_LOCAL_KEY_ESTABLISHMENT, #101, #102, #103, #104, #105, #106, #107, #108, #109, #110 }
02-20 20:44:57.558  1915  1915 D SIMRecords: [SIMRecords] onRecordLoaded 4 requested: true
02-20 20:44:57.558  1915  1915 D SIMRecords: [SIMRecords] iCPHS: 0233
02-20 20:44:57.558  1915  1915 D SIMRecords: [SIMRecords] onRecordLoaded 3 requested: true
02-20 20:44:57.558  1915  1915 D RILJ    : [3734]> iccIO: SIM_IO 0xb0 0x6f14  path: 3F007F20,0,0,20 aid: null [SUB0]
02-20 20:44:57.559  1375  1484 D RIL     : onRequest: SIM_IO
02-20 20:44:57.559  1375  1484 D AT      : AT> AT+CRSM=176,28436,0,0,20
02-20 20:44:57.559  1375  1486 D AT      : AT< +CRSM: 144,0,416e64726f6964ffffffffffffffffffffffffff
02-20 20:44:57.559  1375  1486 D AT      : AT< OK
02-20 20:44:57.559  1915  1915 D RuimRecords: [RuimRecords] iccid: 89014103211118510720
02-20 20:44:57.559  1915  1915 D RuimRecords: [RuimRecords] onRecordLoaded 0 requested: true
02-20 20:44:57.559  1915  1915 D RuimRecords: [RuimRecords] record load complete
02-20 20:44:57.559  1915  2015 D RILJ    : [3734]< SIM_IO IccIoResponse sw1:0x90 sw2:0x0 [SUB0]
02-20 20:44:57.559  1915  1915 D SIMRecords: [SIMRecords] MSISDN: [t-WgLegCyIMgfHgPkOdM6pkZbpA]
02-20 20:44:57.559  1915  1915 D SIMRecords: [SIMRecords] onRecordLoaded 2 requested: true
02-20 20:44:57.559  1915  1915 D RILJ    : [3735]> iccIO: SIM_IO 0xb2 0x6fc7  path: 3F007F20,1,4,32 aid: null [SUB0]
02-20 20:44:57.559  1678  1678 I backup_transport_lifecycle: [android/com.android.internal.backup.LocalTransportService,1]
02-20 20:44:57.560  1375  1484 D RIL     : onRequest: SIM_IO
02-20 20:44:57.560  1375  1484 D AT      : AT> AT+CRSM=178,28615,1,4,32
02-20 20:44:57.560  1375  1486 D AT      : AT< +CRSM: 144,0,566f6963656d61696cffffffffffffffffff07915155125740f9ffffffffffff
02-20 20:44:57.560  1375  1486 D AT      : AT< OK
02-20 20:44:57.560  1915  2015 D RILJ    : [3735]< SIM_IO IccIoResponse sw1:0x90 sw2:0x0 [SUB0]
02-20 20:44:57.566  1915  1915 D SIMRecords: [SIMRecords] getServiceProviderName: no brandOverride, providerName=Android
02-20 20:44:57.566  1915  1915 D SIMRecords: [SIMRecords] Load EF_SPN_CPHS: Android
02-20 20:44:57.566  1915  1915 D TelephonyManager: setTelephonyProperty: success phoneId=0 property=gsm.sim.operator.alpha value: Android propVal=Android
02-20 20:44:57.566  1915  1915 D SIMRecords: [SIMRecords] onRecordLoaded 1 requested: true
02-20 20:44:57.566  1915  1915 D SIMRecords: [SIMRecords] VM: ADN Record 'Voicemail' '[-MWU1cAlDrkXUZ8dpHi_wU_YOpU] null' EF[MBDN]
02-20 20:44:57.566  1915  1915 D SIMRecords: [SIMRecords] onRecordLoaded 0 requested: true
02-20 20:44:57.566  1915  1915 D SIMRecords: [SIMRecords] record load complete
02-20 20:44:57.566  1915  1915 D SIMRecords: [SIMRecords] Not using EF LI/EF PL
02-20 20:44:57.566  1915  1915 D SIMRecords: [SIMRecords] EF_CFF: callForwardingEnabled=0
02-20 20:44:57.566  1915  1915 D SIMRecords: [SIMRecords] onAllRecordsLoaded set 'gsm.sim.operator.numeric' to operator='310260'
02-20 20:44:57.566  1915  1915 D SIMRecords: [SIMRecords] update icc_operator_numeric=310260
02-20 20:44:57.566  1915  1915 D TelephonyManager: setTelephonyProperty: success phoneId=0 property=gsm.sim.operator.numeric value: 310260 propVal=310260
02-20 20:44:57.566  1915  1915 D SubscriptionController: [setMccMnc]+ mcc/mnc:310/260 subId:-1
02-20 20:44:57.574  1915  1915 D SubscriptionController: notifySubscriptionInfoChanged:
02-20 20:44:57.574  1678  1678 I GnssLocationProvider: WakeLock acquired by sendMessage(12, 0, null)
02-20 20:44:57.574  1915  1938 D SubscriptionController: [getActiveSubInfoList] Sub Controller not ready
02-20 20:44:57.575  1915  1915 D SIMRecords: [SIMRecords] onAllRecordsLoaded set mcc imsi
02-20 20:44:57.575  1915  1915 D TelephonyManager: setTelephonyProperty: success phoneId=0 property=gsm.sim.operator.iso-country value: us propVal=us
02-20 20:44:57.575  1915  1915 D SST     : SubscriptionListener.onSubscriptionInfoChanged
02-20 20:44:57.575  1915  1915 D SIMRecords: [SIMRecords]  VoiceMessageCount from SIM MWIS = 0
02-20 20:44:57.575  1915  1915 E Phone   : getStoredVoiceMessageCount: invalid subId -2
02-20 20:44:57.575  1915  1915 D GsmCdmaPhone: [GsmCdmaPhone] updateVoiceMail countVoiceMessages = 0 subId -2
02-20 20:44:57.575  1915  1915 E Phone   : setVoiceMessageCount in sharedPreference: invalid subId -2
02-20 20:44:57.575  1915  1915 D DCT     : [0]SubscriptionListener.onSubscriptionInfoChanged
02-20 20:44:57.576  1915  1915 D SubscriptionController: [getActiveSubInfoList] Sub Controller not ready
02-20 20:44:57.576  1915  1915 D SubscriptionController: [getActiveSubInfoList] Sub Controller not ready
02-20 20:44:57.576  1915  1915 I Telephony: PstnIncomingCallNotifier: Unregistering: Handler (com.android.internal.telephony.GsmCdmaPhone) {cedeaf1}
02-20 20:44:57.576  1915  1915 E PhoneInterfaceManager: [PhoneIntfMgr] getIccId: No UICC
02-20 20:44:57.577  1678  1818 I am_proc_bound: [0,2103,com.google.android.gms.persistent]
02-20 20:44:57.587  1364  1807 I art     : Starting a blocking GC HeapTrim
02-20 20:44:57.595  1678  1692 I am_proc_start: [0,2124,10029,com.google.android.googlequicksearchbox:interactor,service,com.google.android.googlequicksearchbox/com.google.android.voiceinteraction.GsaVoiceInteractionService]
02-20 20:44:57.595  1678  1692 I ActivityManager: Start proc 2124:com.google.android.googlequicksearchbox:interactor/u0a29 for service com.google.android.googlequicksearchbox/com.google.android.voiceinteraction.GsaVoiceInteractionService
02-20 20:44:57.595  1678  1692 I ActivityManager: Loading recents for user 0 into memory.
02-20 20:44:57.595  2124  2124 W art     : Unexpected CPU variant for X86 using defaults: x86
02-20 20:44:57.600  1678  1692 D ActivityManager: Sending BOOT_COMPLETE user #0
02-20 20:44:57.600  1678  1692 I sysui_histogram: [framework_boot_completed,11]
02-20 20:44:57.640  1678  2010 I am_proc_bound: [0,2124,com.google.android.googlequicksearchbox:interactor]
02-20 20:44:57.641  2103  2103 W System  : ClassLoader referenced unknown path: /system/priv-app/PrebuiltGmsCore/lib/x86_64
02-20 20:44:57.654  1757  1757 I InputAttributes: InputType.TYPE_NULL is specified
02-20 20:44:57.664  1678  1778 I Telecom : PhoneAccountRegistrar: [ComponentInfo{com.android.phone/com.android.services.telephony.TelephonyConnectionService}, [e0184adedf913b076626646d3f52c3b49c39ad6d], UserHandle{0}(addr: tel:*********** -> tel:)(icon: Icon(typ=BITMAP size=76x96) -> Icon(typ=BITMAP size=76x96))(subAddr: tel:*********** -> tel:)]: TSI.rPA@AAg
02-20 20:44:57.677  1678  1778 I Telecom : : Sending phone-account registered intent as user: TSI.rPA@AAg
02-20 20:44:57.678  1915  1915 I Telephony: AccountEntry: Registered phoneAccount: [[ ] PhoneAccount: ComponentInfo{com.android.phone/com.android.services.telephony.TelephonyConnectionService}, [e0184adedf913b076626646d3f52c3b49c39ad6d], UserHandle{0} Capabilities: CallProvider MultiUser PlaceEmerg SimSub  Schemes: tel voicemail  Extras: null GroupId: [da39a3ee5e6b4b0d3255bfef95601890afd80709]] with handle: ComponentInfo{com.android.phone/com.android.services.telephony.TelephonyConnectionService}, [e0184adedf913b076626646d3f52c3b49c39ad6d], UserHandle{0}
02-20 20:44:57.678  1915  1915 I Telephony: PstnIncomingCallNotifier: Registering: Handler (com.android.internal.telephony.GsmCdmaPhone) {cedeaf1}
02-20 20:44:57.680  1915  1915 D CAT     : CatService: handleMessage[20]
02-20 20:44:57.681  1915  1915 D GsmCdmaPhone: [GsmCdmaPhone] updateCurrentCarrierInProvider: mSubId = -2 currentDds = 1 operatorNumeric = 310260
02-20 20:44:57.681  1915  1915 D IccCardProxy: operator=310260 mPhoneId=0
02-20 20:44:57.681  1915  1915 D TelephonyManager: setTelephonyProperty: success phoneId=0 property=gsm.sim.operator.numeric value: 310260 propVal=310260
02-20 20:44:57.681  1915  1915 D TelephonyManager: setTelephonyProperty: success phoneId=0 property=gsm.sim.operator.iso-country value: us propVal=us
02-20 20:44:57.683  1915  1915 D IccCardProxy: Sending intent ACTION_INTERNAL_SIM_STATE_CHANGED for mPhoneId : 0
02-20 20:44:57.684  1915  1915 D SST     : EVENT_SIM_RECORDS_LOADED: what=16
02-20 20:44:57.684  1915  1915 D GsmCdmaPhone: [GsmCdmaPhone] updatePhoneObject: radioTechnology=0
02-20 20:44:57.684  1915  1915 D SST     : getOtasp: otasp not needed for GSM
02-20 20:44:57.684  1915  1915 D SST     : updateOtaspState: call notifyOtaspChanged old otaspMode=0 new otaspMode=3
02-20 20:44:57.684  1915  1915 D SIMRecords: [SIMRecords] getServiceProviderName: no brandOverride, providerName=Android
02-20 20:44:57.684  1915  1915 D SIMRecords: [SIMRecords] getServiceProviderName: no brandOverride, providerName=Android
02-20 20:44:57.684  1915  1915 D SST     : updateSpnDisplay: changed sending intent rule=1 showPlmn='false' plmn='Android' showSpn='true' spn='Android' dataSpn='Android' subId='-2'
02-20 20:44:57.685  1915  1915 D SubscriptionController: [setPlmnSpn] No valid subscription to store info
02-20 20:44:57.685  1915  1915 D SubscriptionController: notifySubscriptionInfoChanged:
02-20 20:44:57.694  1678  1678 I GnssLocationProvider: WakeLock acquired by sendMessage(12, 0, null)
02-20 20:44:57.695  1915  1937 D SubscriptionController: [getActiveSubInfoList] Sub Controller not ready
02-20 20:44:57.696  1915  1915 E PhoneInterfaceManager: [PhoneIntfMgr] getIccId: No UICC
02-20 20:44:57.706  1923  1986 D EGL_emulation: eglMakeCurrent: 0x79a675feec00: ver 3 0 (tinfo 0x79a6804a9920)
02-20 20:44:57.721  1915  1938 D DCT     : [0]hasMatchedTetherApnSetting: APN=null
02-20 20:44:57.728  1678  1965 I Telecom : PhoneAccountRegistrar: [ComponentInfo{com.android.phone/com.android.services.telephony.TelephonyConnectionService}, [e0184adedf913b076626646d3f52c3b49c39ad6d], UserHandle{0}(icon: Icon(typ=BITMAP size=76x96) -> Icon(typ=BITMAP size=76x96))]: TSI.rPA@AAs
02-20 20:44:57.760  1678  1965 I Telecom : : Sending phone-account registered intent as user: TSI.rPA@AAs
02-20 20:44:57.762  1915  1915 D GsmCdmaPhone: [GsmCdmaPhone] phoneObjectUpdater: newVoiceRadioTech=0
02-20 20:44:57.762  1915  1915 D GsmCdmaPhone: [GsmCdmaPhone] phoneObjectUpdater: volteReplacementRat=0
02-20 20:44:57.762  1915  1915 E GsmCdmaPhone: [GsmCdmaPhone] phoneObjectUpdater: newVoiceRadioTech=0 doesn't match either CDMA or GSM - error! No phone change
02-20 20:44:57.763  1915  1915 D SST     : SubscriptionListener.onSubscriptionInfoChanged
02-20 20:44:57.763  1915  1915 D DCT     : [0]SubscriptionListener.onSubscriptionInfoChanged
02-20 20:44:57.763  1915  1915 D SubscriptionController: [getActiveSubInfoList] Sub Controller not ready
02-20 20:44:57.763  1915  1915 D SubscriptionController: [getActiveSubInfoList] Sub Controller not ready
02-20 20:44:57.763  1915  1915 I Telephony: PstnIncomingCallNotifier: Unregistering: Handler (com.android.internal.telephony.GsmCdmaPhone) {cedeaf1}
02-20 20:44:57.763  1915  1915 E PhoneInterfaceManager: [PhoneIntfMgr] getIccId: No UICC
02-20 20:44:57.774  1923  1923 D FallbackHome: User unlocked and real home found; let's go!
02-20 20:44:57.781  1764  1764 I OpaLayout: Setting opa enabled to false
02-20 20:44:57.783  1764  1764 I OpaLayout: Setting opa enabled to false
02-20 20:44:57.790  1678  1778 I am_finish_activity: [0,144364061,1,com.android.settings/.FallbackHome,app-request]
02-20 20:44:57.795  1678  1778 I am_pause_activity: [0,144364061,com.android.settings/.FallbackHome]
02-20 20:44:57.796  1923  1923 I am_on_paused_called: [0,com.android.settings.FallbackHome,handlePauseActivity]
02-20 20:44:57.804  1678  1689 I ActivityManager: START u0 {act=android.intent.action.MAIN cat=[android.intent.category.HOME] flg=0x10000100 cmp=com.google.android.apps.nexuslauncher/.NexusLauncherActivity} from uid 0 on display 0
02-20 20:44:57.810  1678  1690 I Telecom : PhoneAccountRegistrar: [ComponentInfo{com.android.phone/com.android.services.telephony.TelephonyConnectionService}, [e0184adedf913b076626646d3f52c3b49c39ad6d], UserHandle{0}(icon: Icon(typ=BITMAP size=76x96) -> Icon(typ=BITMAP size=76x96))]: TSI.rPA@AAw
02-20 20:44:57.812  1678  1690 I Telecom : : Sending phone-account registered intent as user: TSI.rPA@AAw
02-20 20:44:57.813  1678  1689 I am_create_task: [0,197]
02-20 20:44:57.813  1678  1689 I am_create_activity: [0,266609455,197,com.google.android.apps.nexuslauncher/.NexusLauncherActivity,android.intent.action.MAIN,NULL,NULL,268435712]
02-20 20:44:57.813  1678  1689 I wm_task_created: [197,0]
02-20 20:44:57.813  1678  1689 I wm_task_moved: [197,1,1]
02-20 20:44:57.813  1678  1689 I wm_task_moved: [197,1,1]
02-20 20:44:57.814  1678  1689 I am_focused_activity: [0,com.google.android.apps.nexuslauncher/.NexusLauncherActivity,startedActivity]
02-20 20:44:57.834  2153  2153 W art     : Unexpected CPU variant for X86 using defaults: x86_64
02-20 20:44:57.835  1678  1689 I am_proc_start: [0,2153,10021,com.google.android.apps.nexuslauncher,activity,com.google.android.apps.nexuslauncher/.NexusLauncherActivity]
02-20 20:44:57.835  1678  1689 I ActivityManager: Start proc 2153:com.google.android.apps.nexuslauncher/u0a21 for activity com.google.android.apps.nexuslauncher/.NexusLauncherActivity
02-20 20:44:57.861  1678  1692 I sysui_count: [window_time_0,6]
02-20 20:44:57.861  1915  1915 I Telephony: AccountEntry: Registered phoneAccount: [[ ] PhoneAccount: ComponentInfo{com.android.phone/com.android.services.telephony.TelephonyConnectionService}, [e0184adedf913b076626646d3f52c3b49c39ad6d], UserHandle{0} Capabilities: CallProvider MultiUser PlaceEmerg SimSub  Schemes: tel voicemail  Extras: null GroupId: [da39a3ee5e6b4b0d3255bfef95601890afd80709]] with handle: ComponentInfo{com.android.phone/com.android.services.telephony.TelephonyConnectionService}, [e0184adedf913b076626646d3f52c3b49c39ad6d], UserHandle{0}
02-20 20:44:57.861  1915  1915 I Telephony: PstnIncomingCallNotifier: Registering: Handler (com.android.internal.telephony.GsmCdmaPhone) {cedeaf1}
02-20 20:44:57.870  1923  1986 D EGL_emulation: eglMakeCurrent: 0x79a675feec00: ver 3 0 (tinfo 0x79a6804a9920)
02-20 20:44:57.876  1915  1915 D SubscriptionInfoUpdater: [Receiver]+
02-20 20:44:57.876  1915  1915 D SubscriptionInfoUpdater: Action: android.intent.action.SIM_STATE_CHANGED
02-20 20:44:57.876  1915  1915 D SubscriptionInfoUpdater: slotId: 0
02-20 20:44:57.876  1915  1915 D SubscriptionInfoUpdater: simStatus: READY
02-20 20:44:57.876  1915  1915 D SubscriptionInfoUpdater: Ignoring simStatus: READY
02-20 20:44:57.876  1915  1915 D SubscriptionInfoUpdater: [Receiver]-
02-20 20:44:57.876  1915  1915 D SubscriptionInfoUpdater: [Receiver]+
02-20 20:44:57.876  1915  1915 D SubscriptionInfoUpdater: Action: android.intent.action.SIM_STATE_CHANGED
02-20 20:44:57.876  1915  1915 D SubscriptionInfoUpdater: slotId: 0
02-20 20:44:57.876  1915  1915 D SubscriptionInfoUpdater: simStatus: IMSI
02-20 20:44:57.876  1915  1915 D SubscriptionInfoUpdater: Ignoring simStatus: IMSI
02-20 20:44:57.876  1915  1915 D SubscriptionInfoUpdater: [Receiver]-
02-20 20:44:57.876  1915  1915 D SubscriptionInfoUpdater: [Receiver]+
02-20 20:44:57.876  1915  1915 D SubscriptionInfoUpdater: Action: android.intent.action.internal_sim_state_changed
02-20 20:44:57.876  1915  1915 D SubscriptionInfoUpdater: slotId: 0
02-20 20:44:57.876  1915  1915 D SubscriptionInfoUpdater: simStatus: LOADED
02-20 20:44:57.876  1915  1915 D SubscriptionInfoUpdater: [Receiver]-
02-20 20:44:57.876  1915  1915 D WAP PUSH: Received broadcast android.intent.action.USER_UNLOCKED
02-20 20:44:57.877  1915  1915 D WAP PUSH: Received broadcast android.intent.action.USER_UNLOCKED
02-20 20:44:57.877  1915  1915 D SmsBroadcastUndelivered: Received broadcast android.intent.action.USER_UNLOCKED
02-20 20:44:57.877  1915  1915 D SubscriptionInfoUpdater: [Receiver]+
02-20 20:44:57.877  1915  1915 D SubscriptionInfoUpdater: Action: android.intent.action.USER_UNLOCKED
02-20 20:44:57.877  1915  1915 D SubscriptionInfoUpdater: Broadcasting intent ACTION_SIM_STATE_CHANGED for mCardIndex: 0
02-20 20:44:57.878  1915  1915 D SubscriptionInfoUpdater: [Receiver]-
02-20 20:44:57.878  1915  1915 D CarrierSvcBindHelper: Received android.intent.action.USER_UNLOCKED
02-20 20:44:57.881  1915  1915 D CarrierSvcBindHelper: No carrier app for: 0
02-20 20:44:57.886  1915  1915 E PhoneInterfaceManager: [PhoneIntfMgr] getIccId: No UICC
02-20 20:44:57.889  1678  1690 I am_proc_bound: [0,2153,com.google.android.apps.nexuslauncher]
02-20 20:44:57.891  1915  2168 E WAP PUSH: bindService() for wappush manager failed
02-20 20:44:57.898  1678  1690 I am_restart_activity: [0,266609455,197,com.google.android.apps.nexuslauncher/.NexusLauncherActivity]
02-20 20:44:57.898  1915  2167 E WAP PUSH: bindService() for wappush manager failed
02-20 20:44:57.899  1915  2169 D SmsBroadcastUndelivered: scanning raw table for undelivered messages
02-20 20:44:57.917  2153  2153 W System  : ClassLoader referenced unknown path: /system/priv-app/NexusLauncherPrebuilt/lib/x86_64
02-20 20:44:57.917  1678  1689 I Telecom : PhoneAccountRegistrar: [ComponentInfo{com.android.phone/com.android.services.telephony.TelephonyConnectionService}, [e0184adedf913b076626646d3f52c3b49c39ad6d], UserHandle{0}(icon: Icon(typ=BITMAP size=76x96) -> Icon(typ=BITMAP size=76x96))]: TSI.rPA@AA8
02-20 20:44:57.918  1678  1689 I Telecom : : Sending phone-account registered intent as user: TSI.rPA@AA8
02-20 20:44:57.919  1915  1915 D SubscriptionInfoUpdater: handleSimStateLoadedInternal: slotId: 0
02-20 20:44:57.919  1915  1915 D SubscriptionInfoUpdater: All IccIds query complete
02-20 20:44:57.919  1915  1915 D SubscriptionInfoUpdater: updateSubscriptionInfoByIccId:+ Start
02-20 20:44:57.919  1915  1915 D SubscriptionController: [clearSubInfo]- no simInfo size=0
02-20 20:44:57.919  1915  1915 D SubscriptionInfoUpdater: insertedSimCount = 1
02-20 20:44:57.919  1915  1915 D SubscriptionController: [getSubInfoUsingSlotIdWithCheck]+ slotId:0
02-20 20:44:57.934  1915  1915 D SubscriptionController: [getPhoneId]- no sims, returning default phoneId=2147483647
02-20 20:44:57.934  1915  1915 D SubscriptionController: [getPhoneId]- no sims, returning default phoneId=2147483647
02-20 20:44:57.986  2103  2103 I LoadedApk: No resource references to update in package FFFFFFFFFFFFFFFFFFFFFF
02-20 20:44:58.018  1678  1693 W WindowManager: Keyguard drawn timeout. Setting mKeyguardDrawComplete
02-20 20:44:58.023  1915  1915 D SubscriptionController: [getPhoneId]- no sims, returning default phoneId=2147483647
02-20 20:44:58.027  1915  1915 D SubscriptionController: [getSubInfoUsingSlotId]- null info return
02-20 20:44:58.027  1915  1915 D SubscriptionInfoUpdater: updateSubscriptionInfoByIccId: oldSubId = 1
02-20 20:44:58.027  1915  1915 D SubscriptionInfoUpdater: updateSubscriptionInfoByIccId: oldIccId[0] = 89014103211118510720, sIccId[0] = 89014103211118510720
02-20 20:44:58.027  1915  1915 D SubscriptionController: [addSubInfoRecord]+ iccId:89014103211118510720 slotId:0
02-20 20:44:58.030  1915  1915 D SubscriptionController: [getActiveSubInfoList] Sub Controller not ready
02-20 20:44:58.030  1915  1915 D SubscriptionController: [addSubInfoRecord] Record already exists
02-20 20:44:58.034  1915  1915 D SubscriptionController: [addSubInfoRecord] sSlotIdxToSubId.size=1 slotId=0 subId=1 defaultSubId=1 simCount=1
02-20 20:44:58.035  1915  1915 D SubscriptionController: [setDefaultFallbackSubId] subId=1
02-20 20:44:58.035  1915  1915 D SubscriptionController: [setDefaultFallbackSubId] set mDefaultFallbackSubId=1
02-20 20:44:58.035  1915  1915 D MccTable: updateMccMncConfiguration mccmnc='310260' fromServiceState=false
02-20 20:44:58.037  1915  1915 D MccTable: updateMccMncConfiguration defaultMccMnc=310260
02-20 20:44:58.037  1915  1915 D MccTable: updateMccMncConfiguration: mcc=310, mnc=260
02-20 20:44:58.038  1915  1915 D MccTable: updateMccMncConfiguration updateConfig config={1.0 310mcc260mnc ?localeList ?layoutDir ?swdp ?wdp ?hdp ?density ?lsize ?long ?orien ?uimode ?night ?touch ?keyb/?/? ?nav/?}
02-20 20:44:58.054  1915  1915 D SubscriptionController: [setDefaultFallbackSubId] broadcast default subId changed phoneId=0 subId=1
02-20 20:44:58.058  1915  2169 D SmsBroadcastUndelivered: finished scanning raw table in 159 ms
02-20 20:44:57.344     0     0 D ieee80211 phy1: mac80211_hwsim_configure_filter
02-20 20:44:58.069  1915  1915 D SubscriptionController: [addSubInfoRecord] one sim set defaults to subId=1
02-20 20:44:58.070  1915  1915 D SubscriptionController: [setDefaultDataSubId] num phones=1, subId=1
02-20 20:44:58.072  1915  1915 D SubscriptionController: [setDefaultDataSubId] phoneId=0 subId=1 RAF=1
02-20 20:44:58.073  1915  1915 D ProxyController: setRadioCapability: Already in requested configuration, nothing to do.
02-20 20:44:58.073  1915  1915 D SubscriptionController: [updateAllDataConnectionTrackers] sPhones.length=1
02-20 20:44:58.073  1915  1915 D SubscriptionController: [updateAllDataConnectionTrackers] phoneId=0
02-20 20:44:58.073  1915  1915 D DCT     : [0]update sub = 1
02-20 20:44:58.073  1915  1915 D DCT     : [0]update(): Active DDS, register for all events now!
02-20 20:44:58.073  1915  1915 D DCT     : [0]New records found.
02-20 20:44:58.073  1915  1915 D SST     : mDeviceShuttingDown=false, mDesiredPowerState=true, getRadioState=RADIO_ON, mPowerOffDelayNeed=true, mAlarmSwitch=false, mRadioDisabledByCarrier=false
02-20 20:44:58.074  1915  1915 D GsmCdmaPhone: [GsmCdmaPhone] updateCurrentCarrierInProvider: mSubId = 1 currentDds = 1 operatorNumeric = 310260
02-20 20:44:58.077  2153  2153 V Launcher: LauncherAppState inited
02-20 20:44:58.101  1764  1764 E BluetoothAdapter: Bluetooth binder is null
02-20 20:44:58.118  1764  1764 I CameraManagerGlobal: Connecting to camera service
02-20 20:44:58.119  1366  1366 V EmulatedCamera_Camera: getCameraInfo
02-20 20:44:58.119  1366  1366 V EmulatedCamera_BaseCamera: getCameraInfo
02-20 20:44:58.119  1366  1366 I CameraService: getCameraCharacteristics: Switching to HAL1 shim implementation...
02-20 20:44:58.119  1366  1366 V EmulatedCamera_Camera: getCameraInfo
02-20 20:44:58.119  1366  1366 V EmulatedCamera_BaseCamera: getCameraInfo
02-20 20:44:58.119  1366  1366 I CameraService: CameraService::connect call (PID -1 "cameraserver", camera ID 0) for HAL version default and Camera API version 1
02-20 20:44:58.120  1366  1366 E CameraService: getCameraPriorityFromProcState: Received invalid process state -1 from ActivityManagerService!
02-20 20:44:58.120  1366  1366 V EmulatedCamera_Camera: getCameraInfo
02-20 20:44:58.120  1366  1366 V EmulatedCamera_BaseCamera: getCameraInfo
02-20 20:44:58.158  1678  1965 I am_proc_start: [0,2180,10014,com.google.process.gapps,content provider,com.google.android.gsf/.gservices.GservicesProvider]
02-20 20:44:58.158  1678  1965 I ActivityManager: Start proc 2180:com.google.process.gapps/u0a14 for content provider com.google.android.gsf/.gservices.GservicesProvider
02-20 20:44:58.163  2180  2180 W art     : Unexpected CPU variant for X86 using defaults: x86_64
02-20 20:44:58.164  1678  2102 V KeyValueBackupJob: Scheduling k/v pass in 241 minutes
02-20 20:44:58.175  1915  1915 D SubscriptionController: [broadcastDefaultDataSubIdChanged] subId=1
02-20 20:44:58.176  1915  1915 D SubscriptionController: [setDefaultSmsSubId] subId=1
02-20 20:44:58.177  1915  1915 D SubscriptionController: [broadcastDefaultSmsSubIdChanged] subId=1
02-20 20:44:58.177  1915  1915 D SubscriptionController: [setDefaultVoiceSubId] subId=1
02-20 20:44:58.178  1915  1915 D SubscriptionController: [broadcastDefaultVoiceSubIdChanged] subId=1
02-20 20:44:58.178  1915  1915 D SubscriptionController: [addSubInfoRecord] hashmap(0,1)
02-20 20:44:58.180  1373  2179 E WVMExtractor: Failed to open libwvm.so: dlopen failed: library "libwvm.so" not found
02-20 20:44:58.205  1373  2175 D NuPlayerDriver: notifyListener_l(0xee40c600), (1, 0, 0), loop setting(0, 0)
02-20 20:44:58.208  1678  1690 I am_proc_bound: [0,2180,com.google.process.gapps]
02-20 20:44:58.210  1915  1915 D SubscriptionController: [addSubInfoRecord] sim name = Android
02-20 20:44:58.215  1915  1915 D DCT     : [0]update sub = 1
02-20 20:44:58.215  1915  1915 D DCT     : [0]update(): Active DDS, register for all events now!
02-20 20:44:58.220  1373  2195 D NuPlayerDriver: notifyListener_l(0xefc28f60), (1, 0, 0), loop setting(0, 0)
02-20 20:44:58.221  1915  1915 D GsmCdmaPhone: [GsmCdmaPhone] updateCurrentCarrierInProvider: mSubId = 1 currentDds = 1 operatorNumeric = 310260
02-20 20:44:58.229  1373  2198 D NuPlayerDriver: notifyListener_l(0xefc29260), (1, 0, 0), loop setting(0, 0)
02-20 20:44:58.230  1366  1366 I CameraFlashlight: Opening camera 0
02-20 20:44:58.230  1366  1366 V EmulatedCamera_Camera: getCameraInfo
02-20 20:44:58.230  1366  1366 V EmulatedCamera_BaseCamera: getCameraInfo
02-20 20:44:58.230  1366  1366 V EmulatedCamera_Camera: connectCamera
02-20 20:44:58.230  1366  1366 V EmulatedCamera_FakeDevice: connectDevice
02-20 20:44:58.230  1366  1366 V EmulatedCamera_CallbackNotifier: setCallbacks: 0xf5a05e80, 0xf5a05ed0, 0xf5a05ff0, 0xf5a06110 (0xf5043320)
02-20 20:44:58.230  1366  1366 V EmulatedCamera_CallbackNotifier: enableMessage: msg_type = 0xc0d
02-20 20:44:58.230  1366  1366 V EmulatedCamera_CallbackNotifier:     CAMERA_MSG_ERROR
02-20 20:44:58.230  1366  1366 V EmulatedCamera_CallbackNotifier:     CAMERA_MSG_FOCUS
02-20 20:44:58.230  1366  1366 V EmulatedCamera_CallbackNotifier:     CAMERA_MSG_ZOOM
02-20 20:44:58.230  1366  1366 V EmulatedCamera_CallbackNotifier:     CAMERA_MSG_PREVIEW_METADATA
02-20 20:44:58.230  1366  1366 V EmulatedCamera_CallbackNotifier: **** Currently enabled messages:
02-20 20:44:58.230  1366  1366 V EmulatedCamera_CallbackNotifier:     CAMERA_MSG_ERROR
02-20 20:44:58.230  1366  1366 V EmulatedCamera_CallbackNotifier:     CAMERA_MSG_FOCUS
02-20 20:44:58.230  1366  1366 V EmulatedCamera_CallbackNotifier:     CAMERA_MSG_ZOOM
02-20 20:44:58.230  1366  1366 V EmulatedCamera_CallbackNotifier:     CAMERA_MSG_PREVIEW_METADATA
02-20 20:44:58.231  1366  1366 V EmulatedCamera_CallbackNotifier: disableMessage: msg_type = 0xffff
02-20 20:44:58.231  1366  1366 V EmulatedCamera_CallbackNotifier:     CAMERA_MSG_ERROR
02-20 20:44:58.231  1366  1366 V EmulatedCamera_CallbackNotifier:     CAMERA_MSG_SHUTTER
02-20 20:44:58.231  1366  1366 V EmulatedCamera_CallbackNotifier:     CAMERA_MSG_FOCUS
02-20 20:44:58.231  1366  1366 V EmulatedCamera_CallbackNotifier:     CAMERA_MSG_ZOOM
02-20 20:44:58.231  1366  1366 V EmulatedCamera_CallbackNotifier:     CAMERA_MSG_PREVIEW_FRAME
02-20 20:44:58.231  1366  1366 V EmulatedCamera_CallbackNotifier:     CAMERA_MSG_VIDEO_FRAME
02-20 20:44:58.231  1366  1366 V EmulatedCamera_CallbackNotifier:     CAMERA_MSG_POSTVIEW_FRAME
02-20 20:44:58.231  1366  1366 V EmulatedCamera_CallbackNotifier:     CAMERA_MSG_RAW_IMAGE
02-20 20:44:58.231  1366  1366 V EmulatedCamera_CallbackNotifier:     CAMERA_MSG_COMPRESSED_IMAGE
02-20 20:44:58.231  1366  1366 V EmulatedCamera_CallbackNotifier:     CAMERA_MSG_RAW_IMAGE_NOTIFY
02-20 20:44:58.231  1366  1366 V EmulatedCamera_CallbackNotifier:     CAMERA_MSG_PREVIEW_METADATA
02-20 20:44:58.231  1366  1366 V EmulatedCamera_CallbackNotifier: **** Currently enabled messages:
02-20 20:44:58.231  1366  1366 V EmulatedCamera_Preview: setPreviewWindow: current: 0x0 -> new: 0x0
02-20 20:44:58.231  1366  1366 V EmulatedCamera_Camera: doStopPreview
02-20 20:44:58.231  1366  1366 V EmulatedCamera_Camera: cancelPicture
02-20 20:44:58.231  1366  1366 V EmulatedCamera_Camera: releaseCamera
02-20 20:44:58.231  1366  1366 V EmulatedCamera_Camera: doStopPreview
02-20 20:44:58.231  1366  1366 V EmulatedCamera_FakeDevice: disconnectDevice
02-20 20:44:58.231  1366  1366 W EmulatedCamera_Device: Initialize: Emulated camera device is already initialized: mState = 1
02-20 20:44:58.231  1366  1366 D EmulatedCamera_FakeCamera: Initialize: Fake camera is facing back
02-20 20:44:58.232  1366  1366 V EmulatedCamera_Device: initializeWhiteBalanceModes with auto, 1.000000, 1.000000
02-20 20:44:58.232  1366  1366 V EmulatedCamera_Device: initializeWhiteBalanceModes with incandescent, 1.380000, 0.600000
02-20 20:44:58.232  1366  1366 V EmulatedCamera_Device: initializeWhiteBalanceModes with daylight, 1.090000, 0.920000
02-20 20:44:58.232  1366  1366 V EmulatedCamera_Device: initializeWhiteBalanceModes with twilight, 0.920000, 1.220000
02-20 20:44:58.232  1366  1366 V EmulatedCamera_Device: setWhiteBalanceMode with white balance auto
02-20 20:44:58.232  1366  1366 I CameraFlashlight: Destroying camera 0
02-20 20:44:58.232  1366  1366 V EmulatedCamera_Camera: closeCamera
02-20 20:44:58.232  1366  1366 V EmulatedCamera_Camera: doStopPreview
02-20 20:44:58.232  1366  1366 W EmulatedCamera_Device: Initialize: Emulated camera device is already initialized: mState = 1
02-20 20:44:58.232  1366  1366 D EmulatedCamera_FakeCamera: Initialize: Fake camera is facing back
02-20 20:44:58.232  1366  1366 V EmulatedCamera_Device: initializeWhiteBalanceModes with auto, 1.000000, 1.000000
02-20 20:44:58.232  1366  1366 V EmulatedCamera_Device: initializeWhiteBalanceModes with incandescent, 1.380000, 0.600000
02-20 20:44:58.232  1366  1366 V EmulatedCamera_Device: initializeWhiteBalanceModes with daylight, 1.090000, 0.920000
02-20 20:44:58.232  1366  1366 V EmulatedCamera_Device: initializeWhiteBalanceModes with twilight, 0.920000, 1.220000
02-20 20:44:58.232  1366  1366 V EmulatedCamera_Device: setWhiteBalanceMode with white balance auto
02-20 20:44:58.233  1366  1366 I CameraService: disconnect: Disconnected client for camera 0 for PID 1366
02-20 20:44:58.233  1373  1373 D NuPlayerDriver: reset(0xee40c600) at state 4
02-20 20:44:58.233  1373  1373 D NuPlayerDriver: notifyListener_l(0xee40c600), (8, 0, 0), loop setting(0, 0)
02-20 20:44:58.233  1373  2175 D NuPlayerDriver: notifyResetComplete(0xee40c600)
02-20 20:44:58.234  1373  1899 D NuPlayerDriver: reset(0xefc28f60) at state 4
02-20 20:44:58.234  1373  1899 D NuPlayerDriver: notifyListener_l(0xefc28f60), (8, 0, 0), loop setting(0, 0)
02-20 20:44:58.235  1373  2195 D NuPlayerDriver: notifyResetComplete(0xefc28f60)
02-20 20:44:58.235  1373  1421 D NuPlayerDriver: reset(0xefc29260) at state 4
02-20 20:44:58.235  1373  1421 D NuPlayerDriver: notifyListener_l(0xefc29260), (8, 0, 0), loop setting(0, 0)
02-20 20:44:58.235  1373  2198 D NuPlayerDriver: notifyResetComplete(0xefc29260)
02-20 20:44:58.237  1366  1707 V EmulatedCamera_Camera: getCameraInfo
02-20 20:44:58.237  1366  1707 V EmulatedCamera_BaseCamera: getCameraInfo
02-20 20:44:58.240  1366  1366 V EmulatedCamera_Camera: getCameraInfo
02-20 20:44:58.240  1366  1366 V EmulatedCamera_BaseCamera: getCameraInfo
02-20 20:44:58.242  2180  2180 I art     : Starting a blocking GC AddRemoveAppImageSpace
02-20 20:44:58.242  2180  2180 W System  : ClassLoader referenced unknown path: /system/priv-app/GoogleServicesFramework/lib/x86_64
02-20 20:44:58.244  1764  1764 I StatusBar: isKeyguardShowing() called before startKeyguard(), returning true
02-20 20:44:58.244  1764  1764 W StatusBar: isKeyguardSecure() called before startKeyguard(), returning false
02-20 20:44:58.244  1764  1764 W StatusBar: java.lang.Throwable
02-20 20:44:58.244  1764  1764 W StatusBar: 	at com.android.systemui.statusbar.BaseStatusBar.isKeyguardSecure(BaseStatusBar.java:2647)
02-20 20:44:58.244  1764  1764 W StatusBar: 	at com.android.systemui.statusbar.BaseStatusBar.isCameraAllowedByAdmin(BaseStatusBar.java:2670)
02-20 20:44:58.244  1764  1764 W StatusBar: 	at com.android.systemui.statusbar.phone.KeyguardBottomAreaView.updateCameraVisibility(KeyguardBottomAreaView.java:309)
02-20 20:44:58.244  1764  1764 W StatusBar: 	at com.android.systemui.statusbar.phone.KeyguardBottomAreaView.setPhoneStatusBar(KeyguardBottomAreaView.java:272)
02-20 20:44:58.244  1764  1764 W StatusBar: 	at com.android.systemui.statusbar.phone.PhoneStatusBar.makeStatusBarView(PhoneStatusBar.java:904)
02-20 20:44:58.244  1764  1764 W StatusBar: 	at com.android.systemui.statusbar.phone.PhoneStatusBar.addStatusBarWindow(PhoneStatusBar.java:3432)
02-20 20:44:58.244  1764  1764 W StatusBar: 	at com.android.systemui.statusbar.phone.PhoneStatusBar.createAndAddWindows(PhoneStatusBar.java:3428)
02-20 20:44:58.244  1764  1764 W StatusBar: 	at com.android.systemui.statusbar.BaseStatusBar.start(BaseStatusBar.java:765)
02-20 20:44:58.244  1764  1764 W StatusBar: 	at com.android.systemui.statusbar.phone.PhoneStatusBar.start(PhoneStatusBar.java:686)
02-20 20:44:58.244  1764  1764 W StatusBar: 	at com.android.systemui.statusbar.SystemBars.createStatusBarFromConfig(SystemBars.java:106)
02-20 20:44:58.244  1764  1764 W StatusBar: 	at com.android.systemui.statusbar.SystemBars.onNoService(SystemBars.java:58)
02-20 20:44:58.244  1764  1764 W StatusBar: 	at com.android.systemui.statusbar.ServiceMonitor.startService(ServiceMonitor.java:230)
02-20 20:44:58.244  1764  1764 W StatusBar: 	at com.android.systemui.statusbar.ServiceMonitor.-wrap5(ServiceMonitor.java)
02-20 20:44:58.244  1764  1764 W StatusBar: 	at com.android.systemui.statusbar.ServiceMonitor$1.handleMessage(ServiceMonitor.java:73)
02-20 20:44:58.244  1764  1764 W StatusBar: 	at android.os.Handler.dispatchMessage(Handler.java:102)
02-20 20:44:58.244  1764  1764 W StatusBar: 	at android.os.Looper.loop(Looper.java:154)
02-20 20:44:58.244  1764  1764 W StatusBar: 	at android.app.ActivityThread.main(ActivityThread.java:6119)
02-20 20:44:58.244  1764  1764 W StatusBar: 	at java.lang.reflect.Method.invoke(Native Method)
02-20 20:44:58.244  1764  1764 W StatusBar: 	at com.android.internal.os.ZygoteInit$MethodAndArgsCaller.run(ZygoteInit.java:886)
02-20 20:44:58.244  1764  1764 W StatusBar: 	at com.android.internal.os.ZygoteInit.main(ZygoteInit.java:776)
02-20 20:44:58.244  1764  1764 I StatusBar: isKeyguardShowing() called before startKeyguard(), returning true
02-20 20:44:58.245  1764  1764 W StatusBar: isKeyguardSecure() called before startKeyguard(), returning false
02-20 20:44:58.245  1764  1764 W StatusBar: java.lang.Throwable
02-20 20:44:58.245  1764  1764 W StatusBar: 	at com.android.systemui.statusbar.BaseStatusBar.isKeyguardSecure(BaseStatusBar.java:2647)
02-20 20:44:58.245  1764  1764 W StatusBar: 	at com.android.systemui.statusbar.BaseStatusBar.isCameraAllowedByAdmin(BaseStatusBar.java:2670)
02-20 20:44:58.245  1764  1764 W StatusBar: 	at com.android.systemui.statusbar.phone.KeyguardBottomAreaView.updateCameraVisibility(KeyguardBottomAreaView.java:309)
02-20 20:44:58.245  1764  1764 W StatusBar: 	at com.android.systemui.statusbar.phone.KeyguardBottomAreaView.setUserSetupComplete(KeyguardBottomAreaView.java:281)
02-20 20:44:58.245  1764  1764 W StatusBar: 	at com.android.systemui.statusbar.phone.PhoneStatusBar.makeStatusBarView(PhoneStatusBar.java:905)
02-20 20:44:58.245  1764  1764 W StatusBar: 	at com.android.systemui.statusbar.phone.PhoneStatusBar.addStatusBarWindow(PhoneStatusBar.java:3432)
02-20 20:44:58.245  1764  1764 W StatusBar: 	at com.android.systemui.statusbar.phone.PhoneStatusBar.createAndAddWindows(PhoneStatusBar.java:3428)
02-20 20:44:58.245  1764  1764 W StatusBar: 	at com.android.systemui.statusbar.BaseStatusBar.start(BaseStatusBar.java:765)
02-20 20:44:58.245  1764  1764 W StatusBar: 	at com.android.systemui.statusbar.phone.PhoneStatusBar.start(PhoneStatusBar.java:686)
02-20 20:44:58.245  1764  1764 W StatusBar: 	at com.android.systemui.statusbar.SystemBars.createStatusBarFromConfig(SystemBars.java:106)
02-20 20:44:58.245  1764  1764 W StatusBar: 	at com.android.systemui.statusbar.SystemBars.onNoService(SystemBars.java:58)
02-20 20:44:58.245  1764  1764 W StatusBar: 	at com.android.systemui.statusbar.ServiceMonitor.startService(ServiceMonitor.java:230)
02-20 20:44:58.245  1764  1764 W StatusBar: 	at com.android.systemui.statusbar.ServiceMonitor.-wrap5(ServiceMonitor.java)
02-20 20:44:58.245  1764  1764 W StatusBar: 	at com.android.systemui.statusbar.ServiceMonitor$1.handleMessage(ServiceMonitor.java:73)
02-20 20:44:58.245  1764  1764 W StatusBar: 	at android.os.Handler.dispatchMessage(Handler.java:102)
02-20 20:44:58.245  1764  1764 W StatusBar: 	at android.os.Looper.loop(Looper.java:154)
02-20 20:44:58.245  1764  1764 W StatusBar: 	at android.app.ActivityThread.main(ActivityThread.java:6119)
02-20 20:44:58.245  1764  1764 W StatusBar: 	at java.lang.reflect.Method.invoke(Native Method)
02-20 20:44:58.245  1764  1764 W StatusBar: 	at com.android.internal.os.ZygoteInit$MethodAndArgsCaller.run(ZygoteInit.java:886)
02-20 20:44:58.245  1764  1764 W StatusBar: 	at com.android.internal.os.ZygoteInit.main(ZygoteInit.java:776)
02-20 20:44:58.250  1915  1915 D SubscriptionController: [addSubInfoRecord]- info size=1
02-20 20:44:58.250  1915  1915 D SubscriptionInfoUpdater: newSim = false
02-20 20:44:58.250  1915  1915 D SubscriptionInfoUpdater: updateSubscriptionInfoByIccId: sInsertSimState[0] = 0
02-20 20:44:58.253  1915  1937 D SubscriptionController: [getPhoneId] asked for default subId=1
02-20 20:44:58.258  1366  1707 V EmulatedCamera_Camera: getCameraInfo
02-20 20:44:58.258  1366  1707 V EmulatedCamera_BaseCamera: getCameraInfo
02-20 20:44:58.258  1366  1366 V EmulatedCamera_Camera: getCameraInfo
02-20 20:44:58.258  1366  1366 V EmulatedCamera_BaseCamera: getCameraInfo
02-20 20:44:58.273  2180  2180 I GservicesProvider: Gservices pushing to system: true; secure/global: true
02-20 20:44:58.285  1678  1678 I AccountManagerService: User 0 is unlocked - opening CE database
02-20 20:44:58.307  1678  1978 I am_proc_start: [0,2204,1000,com.android.keychain,service,com.android.keychain/.KeyChainService]
02-20 20:44:58.307  1678  1978 I ActivityManager: Start proc 2204:com.android.keychain/1000 for service com.android.keychain/.KeyChainService
02-20 20:44:58.309  1915  1915 D SubscriptionInfoUpdater: updateSubscriptionInfoByIccId: nSubCount = 1
02-20 20:44:58.309  1764  1764 I StatusBar: isKeyguardShowing() called before startKeyguard(), returning true
02-20 20:44:58.310  1764  1764 W StatusBar: isKeyguardSecure() called before startKeyguard(), returning false
02-20 20:44:58.310  1764  1764 W StatusBar: java.lang.Throwable
02-20 20:44:58.310  1764  1764 W StatusBar: 	at com.android.systemui.statusbar.BaseStatusBar.isKeyguardSecure(BaseStatusBar.java:2647)
02-20 20:44:58.310  1764  1764 W StatusBar: 	at com.android.systemui.statusbar.BaseStatusBar.isCameraAllowedByAdmin(BaseStatusBar.java:2670)
02-20 20:44:58.310  1764  1764 W StatusBar: 	at com.android.systemui.statusbar.phone.KeyguardBottomAreaView.updateCameraVisibility(KeyguardBottomAreaView.java:309)
02-20 20:44:58.310  1764  1764 W StatusBar: 	at com.android.systemui.statusbar.phone.KeyguardBottomAreaView.setUserSetupComplete(KeyguardBottomAreaView.java:281)
02-20 20:44:58.310  1764  1764 W StatusBar: 	at com.android.systemui.statusbar.phone.PhoneStatusBar$1.onChange(PhoneStatusBar.java:441)
02-20 20:44:58.310  1764  1764 W StatusBar: 	at com.android.systemui.statusbar.phone.PhoneStatusBar.resetUserSetupObserver(PhoneStatusBar.java:3676)
02-20 20:44:58.310  1764  1764 W StatusBar: 	at com.android.systemui.statusbar.phone.PhoneStatusBar.makeStatusBarView(PhoneStatusBar.java:1008)
02-20 20:44:58.310  1764  1764 W StatusBar: 	at com.android.systemui.statusbar.phone.PhoneStatusBar.addStatusBarWindow(PhoneStatusBar.java:3432)
02-20 20:44:58.310  1764  1764 W StatusBar: 	at com.android.systemui.statusbar.phone.PhoneStatusBar.createAndAddWindows(PhoneStatusBar.java:3428)
02-20 20:44:58.310  1764  1764 W StatusBar: 	at com.android.systemui.statusbar.BaseStatusBar.start(BaseStatusBar.java:765)
02-20 20:44:58.310  1764  1764 W StatusBar: 	at com.android.systemui.statusbar.phone.PhoneStatusBar.start(PhoneStatusBar.java:686)
02-20 20:44:58.310  1764  1764 W StatusBar: 	at com.android.systemui.statusbar.SystemBars.createStatusBarFromConfig(SystemBars.java:106)
02-20 20:44:58.310  1764  1764 W StatusBar: 	at com.android.systemui.statusbar.SystemBars.onNoService(SystemBars.java:58)
02-20 20:44:58.310  1764  1764 W StatusBar: 	at com.android.systemui.statusbar.ServiceMonitor.startService(ServiceMonitor.java:230)
02-20 20:44:58.310  1764  1764 W StatusBar: 	at com.android.systemui.statusbar.ServiceMonitor.-wrap5(ServiceMonitor.java)
02-20 20:44:58.310  1764  1764 W StatusBar: 	at com.android.systemui.statusbar.ServiceMonitor$1.handleMessage(ServiceMonitor.java:73)
02-20 20:44:58.310  1764  1764 W StatusBar: 	at android.os.Handler.dispatchMessage(Handler.java:102)
02-20 20:44:58.310  1764  1764 W StatusBar: 	at android.os.Looper.loop(Looper.java:154)
02-20 20:44:58.310  1764  1764 W StatusBar: 	at android.app.ActivityThread.main(ActivityThread.java:6119)
02-20 20:44:58.310  1764  1764 W StatusBar: 	at java.lang.reflect.Method.invoke(Native Method)
02-20 20:44:58.310  1764  1764 W StatusBar: 	at com.android.internal.os.ZygoteInit$MethodAndArgsCaller.run(ZygoteInit.java:886)
02-20 20:44:58.310  1764  1764 W StatusBar: 	at com.android.internal.os.ZygoteInit.main(ZygoteInit.java:776)
02-20 20:44:58.310  1915  1915 D SubscriptionController: [setDefaultDataSubId] num phones=1, subId=1
02-20 20:44:58.310  1915  1915 D SubscriptionController: [setDefaultDataSubId] phoneId=0 subId=1 RAF=1
02-20 20:44:58.310  1915  1915 D ProxyController: setRadioCapability: Already in requested configuration, nothing to do.
02-20 20:44:58.310  1915  1915 D SubscriptionController: [updateAllDataConnectionTrackers] sPhones.length=1
02-20 20:44:58.310  1915  1915 D SubscriptionController: [updateAllDataConnectionTrackers] phoneId=0
02-20 20:44:58.310  1915  1915 D DCT     : [0]update sub = 1
02-20 20:44:58.310  1915  1915 D DCT     : [0]update(): Active DDS, register for all events now!
02-20 20:44:58.310  1764  2014 D OpenGLRenderer: profile bars disabled
02-20 20:44:58.310  1764  2014 D OpenGLRenderer: ambientRatio = 1.50
02-20 20:44:58.313  1915  1915 D GsmCdmaPhone: [GsmCdmaPhone] updateCurrentCarrierInProvider: mSubId = 1 currentDds = 1 operatorNumeric = 310260
02-20 20:44:58.313  1764  1764 D PhoneStatusBar: disable: < EXPAND* icons alerts system_info BACK* HOME* RECENT* clock SEARCH* quick_settings >
02-20 20:44:58.315  2204  2204 W art     : Unexpected CPU variant for X86 using defaults: x86_64
02-20 20:44:58.323  1915  2077 D RILJ    : [3736]> RIL_REQUEST_GET_CELL_INFO_LIST [SUB0]
02-20 20:44:58.324  1375  1484 D RIL     : onRequest: GET_CELL_INFO_LIST
02-20 20:44:58.324  1375  1484 D RILC    : responseCellInfoList: v12
02-20 20:44:58.324  1915  2015 D RILJ    : [3736]< RIL_REQUEST_GET_CELL_INFO_LIST [CellInfoGsm:{mRegistered=YES mTimeStampType=modem mTimeStamp=12619128132ns CellIdentityGsm:{ mMcc=310 mMnc=260 mLac=3 mCid=91 mArfcn=10 mBsic=0x0} CellSignalStrengthGsm: ss=1150689720 ber=32160 mTa=1151442044}] [SUB0]
02-20 20:44:58.333  1915  1915 D SubscriptionController: [broadcastDefaultDataSubIdChanged] subId=1
02-20 20:44:58.335  2221  2221 W art     : Unexpected CPU variant for X86 using defaults: x86
02-20 20:44:58.352  1678  2166 I am_proc_start: [0,2221,10029,com.google.android.googlequicksearchbox:search,service,com.google.android.googlequicksearchbox/com.google.android.hotword.service.HotwordService]
02-20 20:44:58.352  1678  2166 I ActivityManager: Start proc 2221:com.google.android.googlequicksearchbox:search/u0a29 for service com.google.android.googlequicksearchbox/com.google.android.hotword.service.HotwordService
02-20 20:44:58.362  1915  1915 D SubscriptionController: notifySubscriptionInfoChanged:
02-20 20:44:58.362  1678  1678 I GnssLocationProvider: WakeLock acquired by sendMessage(12, 0, null)
02-20 20:44:58.362  1915  1915 D SubscriptionInfoUpdater: updateSubscriptionInfoByIccId:- SsubscriptionInfo update complete
02-20 20:44:58.362  1915  1915 D MccTable: updateMccMncConfiguration mccmnc='310260' fromServiceState=false
02-20 20:44:58.362  1915  1937 D SubscriptionMonitor: Phone[0] subId changed -2->1, 1 registrants
02-20 20:44:58.362  1915  1937 D SubscriptionMonitor: mDefaultDataSubId = 1, 1 registrants
02-20 20:44:58.362  1678  1778 I am_proc_bound: [0,2221,com.google.android.googlequicksearchbox:search]
02-20 20:44:58.363  1915  1915 D MccTable: updateMccMncConfiguration defaultMccMnc=310260
02-20 20:44:58.363  1915  1915 D MccTable: updateMccMncConfiguration: mcc=310, mnc=260
02-20 20:44:58.363  1915  1915 D MccTable: updateMccMncConfiguration updateConfig config={1.0 310mcc260mnc ?localeList ?layoutDir ?swdp ?wdp ?hdp ?density ?lsize ?long ?orien ?uimode ?night ?touch ?keyb/?/? ?nav/?}
02-20 20:44:58.365  1915  1915 D SubscriptionController: [setMccMnc]+ mcc/mnc:310/260 subId:1
02-20 20:44:58.368  1678  2166 I am_proc_bound: [0,2204,com.android.keychain]
02-20 20:44:58.372  1915  1915 D SubscriptionController: notifySubscriptionInfoChanged:
