02-20 20:46:08.082  1914  1914 E RuimRecords: [RuimRecords] Record Load Exception: com.android.internal.telephony.CommandException: GENERIC_FAILURE
02-20 20:46:08.082  1914  1914 D RuimRecords: [RuimRecords] onRecordLoaded 6 requested: true
02-20 20:46:08.082  1914  1914 D RuimRecords: [RuimRecords] EF_CSIM_MDN LOADED
02-20 20:46:08.082  1914  1914 E RuimRecords: [RuimRecords] Record Load Exception: com.android.internal.telephony.CommandException: GENERIC_FAILURE
02-20 20:46:08.082  1914  1914 D RuimRecords: [RuimRecords] onRecordLoaded 5 requested: true
02-20 20:46:08.082  1914  1914 D RuimRecords: [RuimRecords] EF_CSIM_IMSIM LOADED
02-20 20:46:08.082  1914  1914 E RuimRecords: [RuimRecords] Record Load Exception: com.android.internal.telephony.CommandException: GENERIC_FAILURE
02-20 20:46:08.082  1914  1914 D RuimRecords: [RuimRecords] onRecordLoaded 4 requested: true
02-20 20:46:08.082  1914  1914 D RuimRecords: [RuimRecords] EF_CSIM_CDMAHOME LOADED
02-20 20:46:08.082  1914  1914 E RuimRecords: [RuimRecords] Record Load Exception: com.android.internal.telephony.CommandException: GENERIC_FAILURE
02-20 20:46:08.082  1914  1914 D RuimRecords: [RuimRecords] onRecordLoaded 3 requested: true
02-20 20:46:08.082  1914  1914 D RuimRecords: [RuimRecords] EF_CSIM_EPRL LOADED
02-20 20:46:08.082  1914  1914 E RuimRecords: [RuimRecords] Record Load Exception: com.android.internal.telephony.CommandException: GENERIC_FAILURE
02-20 20:46:08.082  1914  1914 D RuimRecords: [RuimRecords] onRecordLoaded 2 requested: true
02-20 20:46:08.082  1914  1914 D RuimRecords: [RuimRecords] EF_CSIM_MIPUPP LOADED
02-20 20:46:08.082  1914  1914 E RuimRecords: [RuimRecords] Record Load Exception: com.android.internal.telephony.CommandException: GENERIC_FAILURE
02-20 20:46:08.082  1914  1914 D RuimRecords: [RuimRecords] onRecordLoaded 1 requested: true
02-20 20:46:08.084  1914  1914 D SIMRecords: [SIMRecords] iccid: 89014103211118510720
02-20 20:46:08.084  1914  1914 D SIMRecords: [SIMRecords] onRecordLoaded 10 requested: true
02-20 20:46:08.088  1914  1914 D SIMRecords: [SIMRecords] EF_MBI: 01000000
02-20 20:46:08.088  1914  1914 D SIMRecords: [SIMRecords] Got valid mailbox number for MBDN
02-20 20:46:08.089  1914  1914 D RILJ    : [3733]> iccIO: SIM_IO 0xc0 0x6fc7  path: 3F007F20,0,0,15 aid: null [SUB0]
02-20 20:46:08.089  1914  1934 D SubscriptionController: [getActiveSubInfoList] Sub Controller not ready
02-20 20:46:08.089  1914  1914 D SIMRecords: [SIMRecords] onRecordLoaded 10 requested: true
02-20 20:46:08.089  1914  1914 D SIMRecords: [SIMRecords] EF_AD: 00000003
02-20 20:46:08.089  1914  1914 D SIMRecords: [SIMRecords] setting4 mMncLength=3
02-20 20:46:08.089  1914  1914 D SIMRecords: [SIMRecords] update mccmnc=310260
02-20 20:46:08.089  1914  1914 D MccTable: updateMccMncConfiguration mccmnc='310260' fromServiceState=false
02-20 20:46:08.089  1375  1467 D RIL     : onRequest: SIM_IO
02-20 20:46:08.089  1375  1467 D AT      : AT> AT+CRSM=192,28615,0,0,15
02-20 20:46:08.090  1914  1914 D SubscriptionController: [getPhoneId]- no sims, returning default phoneId=2147483647
02-20 20:46:08.090  1375  1470 D AT      : AT< +CRSM: 144,0,000000406fc7040011a0aa01020120
02-20 20:46:08.090  1375  1470 D AT      : AT< OK
02-20 20:46:08.090  1914  2003 D RILJ    : [3733]< SIM_IO IccIoResponse sw1:0x90 sw2:0x0 [SUB0]
02-20 20:46:08.094  1914  1933 D SubscriptionController: [getPhoneId] asked for default subId=-1
02-20 20:46:08.097  1914  1914 D MccTable: updateMccMncConfiguration defaultMccMnc=
02-20 20:46:08.097  1914  1914 D MccTable: updateMccMncConfiguration: mcc=310, mnc=260
02-20 20:46:08.097  1914  1914 D MccTable: updateMccMncConfiguration updateConfig config={1.0 310mcc260mnc ?localeList ?layoutDir ?swdp ?wdp ?hdp ?density ?lsize ?long ?orien ?uimode ?night ?touch ?keyb/?/? ?nav/?}
02-20 20:46:08.101  1914  2086 D SubscriptionController: [getActiveSubInfoList] Sub Controller not ready
02-20 20:46:08.105  1914  1933 D SubscriptionController: [getActiveSubInfoList] Sub Controller not ready
02-20 20:46:08.113  1667  1690 I configuration_changed: 3
02-20 20:46:08.113  1667  1690 I ActivityManager: Config changes=3 {1.0 310mcc260mnc [en_US] ldltr sw360dp w360dp h668dp 640dpi nrml long port finger -keyb/v/h -nav/h s.5}
02-20 20:46:08.123  1667  1747 D NotificationSQLiteLog: Pruned event entries: 0
02-20 20:46:08.124  1914  1934 D SubscriptionController: [getActiveSubInfoList] Sub Controller not ready
02-20 20:46:08.133  1667  1690 I am_relaunch_resume_activity: [0,59786432,1,com.android.settings/.FallbackHome]
02-20 20:46:08.134  1920  1920 I am_on_paused_called: [0,com.android.settings.FallbackHome,handleRelaunchActivity]
02-20 20:46:08.135  1914  1914 D SIMRecords: [SIMRecords] onRecordLoaded 9 requested: true
02-20 20:46:08.135  1914  1914 D SubscriptionInfoUpdater: [Receiver]+
02-20 20:46:08.135  1914  1914 D SubscriptionInfoUpdater: Action: android.intent.action.SIM_STATE_CHANGED
02-20 20:46:08.135  1914  1914 D SubscriptionInfoUpdater: slotId: 0
02-20 20:46:08.135  1914  1914 D SubscriptionInfoUpdater: simStatus: IMSI
02-20 20:46:08.135  1914  1914 D SubscriptionInfoUpdater: Ignoring simStatus: IMSI
02-20 20:46:08.135  1914  1914 D SubscriptionInfoUpdater: [Receiver]-
02-20 20:46:08.135  1914  1914 D RILJ    : [3734]> iccIO: SIM_IO 0xb0 0x6f14  path: 3F007F20,0,0,20 aid: null [SUB0]
02-20 20:46:08.136  1914  1914 D SIMRecords: [SIMRecords] EF_MWIS : 0000000000
02-20 20:46:08.136  1914  1914 D SIMRecords: [SIMRecords] onRecordLoaded 8 requested: true
02-20 20:46:08.136  1914  1914 D SIMRecords: [SIMRecords] EF_CPHS_MWI: 55
02-20 20:46:08.136  1914  1914 D SIMRecords: [SIMRecords] onRecordLoaded 7 requested: true
02-20 20:46:08.136  1914  1914 D SIMRecords: [SIMRecords] EF_CFF_CPHS: 55
02-20 20:46:08.136  1914  1914 D SIMRecords: [SIMRecords] onRecordLoaded 6 requested: true
02-20 20:46:08.137  1914  1914 D SIMRecords: [SIMRecords] onRecordLoaded 5 requested: true
02-20 20:46:08.137  1375  1467 D RIL     : onRequest: SIM_IO
02-20 20:46:08.137  1375  1467 D AT      : AT> AT+CRSM=176,28436,0,0,20
02-20 20:46:08.137  1914  1914 D SIMRecords: [SIMRecords] SST: UsimServiceTable[120]={ PHONEBOOK, FDN, FDN_EXTENSION, SDN, SDN_EXTENSION, BDN, BDN_EXTENSION, OUTGOING_CALL_INFO, ADVICE_OF_CHARGE, CAP_CONFIG_PARAMS_2, GROUP_ID_LEVEL_1, GROUP_ID_LEVEL_2, SPN, USER_PLMN_SELECT, MSISDN, IMAGE, LOCALISED_SERVICE_AREAS, EMLPP, EMLPP_AUTO_ANSWER, RFU, GSM_ACCESS, DATA_DL_VIA_SMS_PP, DATA_DL_VIA_SMS_CB, CALL_CONTROL_BY_USIM, MO_SMS_CONTROL_BY_USIM, RUN_AT_COMMAND, APN_CONTROL_LIST, DEPERSONALISATION_CONTROL_KEYS, COOPERATIVE_NETWORK_LIST, GSM_SECURITY_CONTEXT, SERVICE_PROVIDER_DISPLAY_INFO, MMS_NOTIFICATION, MMS_NOTIFICATION_EXTENSION, GPRS_CALL_CONTROL_BY_USIM, VGCS_GROUP_ID_LIST, VBS_GROUP_ID_LIST, OMA_BCAST_PROFILE, GBA_LOCAL_KEY_ESTABLISHMENT, #101, #102, #103, #104, #105, #106, #107, #108, #109, #110 }
02-20 20:46:08.137  1375  1470 D AT      : AT< +CRSM: 144,0,416e64726f6964ffffffffffffffffffffffffff
02-20 20:46:08.137  1914  1914 D SIMRecords: [SIMRecords] onRecordLoaded 4 requested: true
02-20 20:46:08.137  1375  1470 D AT      : AT< OK
02-20 20:46:08.137  1914  1914 D SIMRecords: [SIMRecords] iCPHS: 0233
02-20 20:46:08.137  1914  1914 D SIMRecords: [SIMRecords] onRecordLoaded 3 requested: true
02-20 20:46:08.137  1914  1914 D RuimRecords: [RuimRecords] iccid: 89014103211118510720
02-20 20:46:08.137  1914  1914 D RuimRecords: [RuimRecords] onRecordLoaded 0 requested: true
02-20 20:46:08.137  1914  1914 D RuimRecords: [RuimRecords] record load complete
02-20 20:46:08.137  1914  1914 D SIMRecords: [SIMRecords] MSISDN: [t-WgLegCyIMgfHgPkOdM6pkZbpA]
02-20 20:46:08.137  1914  2003 D RILJ    : [3734]< SIM_IO IccIoResponse sw1:0x90 sw2:0x0 [SUB0]
02-20 20:46:08.137  1914  1914 D SIMRecords: [SIMRecords] onRecordLoaded 2 requested: true
02-20 20:46:08.137  1914  1914 D RILJ    : [3735]> iccIO: SIM_IO 0xb2 0x6fc7  path: 3F007F20,1,4,32 aid: null [SUB0]
02-20 20:46:08.137  1914  2086 D DCT     : [0]hasMatchedTetherApnSetting: APN=null
02-20 20:46:08.138  1375  1467 D RIL     : onRequest: SIM_IO
02-20 20:46:08.138  1375  1467 D AT      : AT> AT+CRSM=178,28615,1,4,32
02-20 20:46:08.138  1375  1470 D AT      : AT< +CRSM: 144,0,566f6963656d61696cffffffffffffffffff07915155125740f9ffffffffffff
02-20 20:46:08.138  1375  1470 D AT      : AT< OK
02-20 20:46:08.138  1914  2003 D RILJ    : [3735]< SIM_IO IccIoResponse sw1:0x90 sw2:0x0 [SUB0]
02-20 20:46:08.140  1366  1710 V EmulatedCamera_Camera: getCameraInfo
02-20 20:46:08.140  1366  1710 V EmulatedCamera_BaseCamera: getCameraInfo
02-20 20:46:08.140  1366  1366 V EmulatedCamera_Camera: getCameraInfo
02-20 20:46:08.140  1366  1366 V EmulatedCamera_BaseCamera: getCameraInfo
02-20 20:46:08.140  1914  1914 D SIMRecords: [SIMRecords] getServiceProviderName: no brandOverride, providerName=Android
02-20 20:46:08.140  1914  1914 D SIMRecords: [SIMRecords] Load EF_SPN_CPHS: Android
02-20 20:46:08.140  1914  1914 D TelephonyManager: setTelephonyProperty: success phoneId=0 property=gsm.sim.operator.alpha value: Android propVal=Android
02-20 20:46:08.141  1914  1914 D SIMRecords: [SIMRecords] onRecordLoaded 1 requested: true
02-20 20:46:08.141  1914  1914 D SIMRecords: [SIMRecords] VM: ADN Record 'Voicemail' '[-MWU1cAlDrkXUZ8dpHi_wU_YOpU] null' EF[MBDN]
02-20 20:46:08.141  1914  1914 D SIMRecords: [SIMRecords] onRecordLoaded 0 requested: true
02-20 20:46:08.141  1914  1914 D SIMRecords: [SIMRecords] record load complete
02-20 20:46:08.141  1914  1914 D SIMRecords: [SIMRecords] Not using EF LI/EF PL
02-20 20:46:08.141  1914  1914 D SIMRecords: [SIMRecords] EF_CFF: callForwardingEnabled=0
02-20 20:46:08.141  1914  1914 D SIMRecords: [SIMRecords] onAllRecordsLoaded set 'gsm.sim.operator.numeric' to operator='310260'
02-20 20:46:08.141  1914  1914 D SIMRecords: [SIMRecords] update icc_operator_numeric=310260
02-20 20:46:08.141  1914  1914 D TelephonyManager: setTelephonyProperty: success phoneId=0 property=gsm.sim.operator.numeric value: 310260 propVal=310260
02-20 20:46:08.142  1914  1914 D SubscriptionController: [setMccMnc]+ mcc/mnc:310/260 subId:-1
02-20 20:46:08.146  1914  1914 D SubscriptionController: notifySubscriptionInfoChanged:
02-20 20:46:08.146  1667  1667 I GnssLocationProvider: WakeLock acquired by sendMessage(12, 0, null)
02-20 20:46:08.146  1914  1933 D SubscriptionController: [getActiveSubInfoList] Sub Controller not ready
02-20 20:46:08.147  1914  1914 D SIMRecords: [SIMRecords] onAllRecordsLoaded set mcc imsi
02-20 20:46:08.147  1914  1914 D TelephonyManager: setTelephonyProperty: success phoneId=0 property=gsm.sim.operator.iso-country value: us propVal=us
02-20 20:46:08.149  1914  1914 D SST     : SubscriptionListener.onSubscriptionInfoChanged
02-20 20:46:08.149  1914  1914 D SIMRecords: [SIMRecords]  VoiceMessageCount from SIM MWIS = 0
02-20 20:46:08.149  1914  1914 E Phone   : getStoredVoiceMessageCount: invalid subId -2
02-20 20:46:08.149  1914  1914 D GsmCdmaPhone: [GsmCdmaPhone] updateVoiceMail countVoiceMessages = 0 subId -2
02-20 20:46:08.149  1914  1914 E Phone   : setVoiceMessageCount in sharedPreference: invalid subId -2
02-20 20:46:08.149  1914  1914 D DCT     : [0]SubscriptionListener.onSubscriptionInfoChanged
02-20 20:46:08.150  1914  1914 D SubscriptionController: [getActiveSubInfoList] Sub Controller not ready
02-20 20:46:08.151  1914  1914 D SubscriptionController: [getActiveSubInfoList] Sub Controller not ready
02-20 20:46:08.151  1914  1914 I Telephony: PstnIncomingCallNotifier: Unregistering: Handler (com.android.internal.telephony.GsmCdmaPhone) {13b0737}
02-20 20:46:08.152  1914  1914 E PhoneInterfaceManager: [PhoneIntfMgr] getIccId: No UICC
02-20 20:46:08.157  1920  1994 D EGL_emulation: eglMakeCurrent: 0x747707379020: ver 3 0 (tinfo 0x74771169cf60)
02-20 20:46:08.166  1920  1920 I am_on_stop_called: [0,com.android.settings.FallbackHome,destroy]
02-20 20:46:08.167  1667  1957 I Telecom : PhoneAccountRegistrar: [ComponentInfo{com.android.phone/com.android.services.telephony.TelephonyConnectionService}, [e0184adedf913b076626646d3f52c3b49c39ad6d], UserHandle{0}(addr: tel:*********** -> tel:)(icon: Icon(typ=BITMAP size=76x96) -> Icon(typ=BITMAP size=76x96))(subAddr: tel:*********** -> tel:)]: TSI.rPA@AAg
02-20 20:46:08.170  1667  1957 I Telecom : : Sending phone-account registered intent as user: TSI.rPA@AAg
02-20 20:46:08.171  1914  1914 I Telephony: AccountEntry: Registered phoneAccount: [[ ] PhoneAccount: ComponentInfo{com.android.phone/com.android.services.telephony.TelephonyConnectionService}, [e0184adedf913b076626646d3f52c3b49c39ad6d], UserHandle{0} Capabilities: CallProvider MultiUser PlaceEmerg SimSub  Schemes: tel voicemail  Extras: null GroupId: [da39a3ee5e6b4b0d3255bfef95601890afd80709]] with handle: ComponentInfo{com.android.phone/com.android.services.telephony.TelephonyConnectionService}, [e0184adedf913b076626646d3f52c3b49c39ad6d], UserHandle{0}
02-20 20:46:08.171  1914  1914 I Telephony: PstnIncomingCallNotifier: Registering: Handler (com.android.internal.telephony.GsmCdmaPhone) {13b0737}
02-20 20:46:08.174  1914  1914 D CAT     : CatService: handleMessage[20]
02-20 20:46:08.174  1914  1914 D GsmCdmaPhone: [GsmCdmaPhone] updateCurrentCarrierInProvider: mSubId = -2 currentDds = 1 operatorNumeric = 310260
02-20 20:46:08.174  1914  1914 D IccCardProxy: operator=310260 mPhoneId=0
02-20 20:46:08.174  1914  1914 D TelephonyManager: setTelephonyProperty: success phoneId=0 property=gsm.sim.operator.numeric value: 310260 propVal=310260
02-20 20:46:08.174  1914  1914 D TelephonyManager: setTelephonyProperty: success phoneId=0 property=gsm.sim.operator.iso-country value: us propVal=us
02-20 20:46:08.174  1914  1914 D IccCardProxy: Sending intent ACTION_INTERNAL_SIM_STATE_CHANGED for mPhoneId : 0
02-20 20:46:08.186  1914  1914 D SST     : EVENT_SIM_RECORDS_LOADED: what=16
02-20 20:46:08.186  1914  1914 D GsmCdmaPhone: [GsmCdmaPhone] updatePhoneObject: radioTechnology=0
02-20 20:46:08.186  1914  1914 D SST     : getOtasp: otasp not needed for GSM
02-20 20:46:08.186  1914  1914 D SST     : updateOtaspState: call notifyOtaspChanged old otaspMode=0 new otaspMode=3
02-20 20:46:08.187  1914  1914 D SIMRecords: [SIMRecords] getServiceProviderName: no brandOverride, providerName=Android
02-20 20:46:08.187  1914  1914 D SIMRecords: [SIMRecords] getServiceProviderName: no brandOverride, providerName=Android
02-20 20:46:08.187  1914  1914 D SST     : updateSpnDisplay: changed sending intent rule=1 showPlmn='false' plmn='Android' showSpn='true' spn='Android' dataSpn='Android' subId='-2'
02-20 20:46:08.190  1914  1914 D SubscriptionController: [setPlmnSpn] No valid subscription to store info
02-20 20:46:08.201  1914  1914 D SubscriptionController: notifySubscriptionInfoChanged:
02-20 20:46:08.202  1667  1667 I GnssLocationProvider: WakeLock acquired by sendMessage(12, 0, null)
02-20 20:46:08.203  1914  2086 D SubscriptionController: [getActiveSubInfoList] Sub Controller not ready
02-20 20:46:08.203  1914  1933 D SubscriptionController: [getActiveSubInfoList] Sub Controller not ready
02-20 20:46:08.204  1764  1764 I StatusBar: isKeyguardShowing() called before startKeyguard(), returning true
02-20 20:46:08.204  1914  1914 E PhoneInterfaceManager: [PhoneIntfMgr] getIccId: No UICC
02-20 20:46:08.205  1764  1764 W StatusBar: isKeyguardSecure() called before startKeyguard(), returning false
02-20 20:46:08.205  1764  1764 W StatusBar: java.lang.Throwable
02-20 20:46:08.205  1764  1764 W StatusBar: 	at com.android.systemui.statusbar.BaseStatusBar.isKeyguardSecure(BaseStatusBar.java:2647)
02-20 20:46:08.205  1764  1764 W StatusBar: 	at com.android.systemui.statusbar.BaseStatusBar.isCameraAllowedByAdmin(BaseStatusBar.java:2670)
02-20 20:46:08.205  1764  1764 W StatusBar: 	at com.android.systemui.statusbar.phone.KeyguardBottomAreaView.updateCameraVisibility(KeyguardBottomAreaView.java:309)
02-20 20:46:08.205  1764  1764 W StatusBar: 	at com.android.systemui.statusbar.phone.KeyguardBottomAreaView.setUserSetupComplete(KeyguardBottomAreaView.java:281)
02-20 20:46:08.205  1764  1764 W StatusBar: 	at com.android.systemui.statusbar.phone.PhoneStatusBar$1.onChange(PhoneStatusBar.java:441)
02-20 20:46:08.205  1764  1764 W StatusBar: 	at com.android.systemui.statusbar.phone.PhoneStatusBar.resetUserSetupObserver(PhoneStatusBar.java:3676)
02-20 20:46:08.205  1764  1764 W StatusBar: 	at com.android.systemui.statusbar.phone.PhoneStatusBar.makeStatusBarView(PhoneStatusBar.java:1008)
02-20 20:46:08.205  1764  1764 W StatusBar: 	at com.android.systemui.statusbar.phone.PhoneStatusBar.addStatusBarWindow(PhoneStatusBar.java:3432)
02-20 20:46:08.205  1764  1764 W StatusBar: 	at com.android.systemui.statusbar.phone.PhoneStatusBar.createAndAddWindows(PhoneStatusBar.java:3428)
02-20 20:46:08.205  1764  1764 W StatusBar: 	at com.android.systemui.statusbar.BaseStatusBar.start(BaseStatusBar.java:765)
02-20 20:46:08.205  1764  1764 W StatusBar: 	at com.android.systemui.statusbar.phone.PhoneStatusBar.start(PhoneStatusBar.java:686)
02-20 20:46:08.205  1764  1764 W StatusBar: 	at com.android.systemui.statusbar.SystemBars.createStatusBarFromConfig(SystemBars.java:106)
02-20 20:46:08.205  1764  1764 W StatusBar: 	at com.android.systemui.statusbar.SystemBars.onNoService(SystemBars.java:58)
02-20 20:46:08.205  1764  1764 W StatusBar: 	at com.android.systemui.statusbar.ServiceMonitor.startService(ServiceMonitor.java:230)
02-20 20:46:08.205  1764  1764 W StatusBar: 	at com.android.systemui.statusbar.ServiceMonitor.-wrap5(ServiceMonitor.java)
02-20 20:46:08.205  1764  1764 W StatusBar: 	at com.android.systemui.statusbar.ServiceMonitor$1.handleMessage(ServiceMonitor.java:73)
02-20 20:46:08.205  1764  1764 W StatusBar: 	at android.os.Handler.dispatchMessage(Handler.java:102)
02-20 20:46:08.205  1764  1764 W StatusBar: 	at android.os.Looper.loop(Looper.java:154)
02-20 20:46:08.205  1764  1764 W StatusBar: 	at android.app.ActivityThread.main(ActivityThread.java:6119)
02-20 20:46:08.205  1764  1764 W StatusBar: 	at java.lang.reflect.Method.invoke(Native Method)
02-20 20:46:08.205  1764  1764 W StatusBar: 	at com.android.internal.os.ZygoteInit$MethodAndArgsCaller.run(ZygoteInit.java:886)
02-20 20:46:08.205  1764  1764 W StatusBar: 	at com.android.internal.os.ZygoteInit.main(ZygoteInit.java:776)
02-20 20:46:08.224  1764  1969 D OpenGLRenderer: profile bars disabled
02-20 20:46:08.225  1764  1969 D OpenGLRenderer: ambientRatio = 1.50
02-20 20:46:08.236  1920  1920 I am_on_resume_called: [0,com.android.settings.FallbackHome,handleRelaunchActivity]
02-20 20:46:08.241  1914  1934 D SubscriptionController: [getSlotId]- subId invalid
02-20 20:46:08.242  1764  2088 D TelephonyManager: getSimState: default sim:-1, sim state for slotIdx=0 is 5, return state as unknown
02-20 20:46:08.244  1914  2087 D SubscriptionController: [getActiveSubInfoList] Sub Controller not ready
02-20 20:46:08.245  1667  1954 I Telecom : PhoneAccountRegistrar: [ComponentInfo{com.android.phone/com.android.services.telephony.TelephonyConnectionService}, [e0184adedf913b076626646d3f52c3b49c39ad6d], UserHandle{0}(icon: Icon(typ=BITMAP size=76x96) -> Icon(typ=BITMAP size=76x96))]: TSI.rPA@AAw
02-20 20:46:08.247  1667  1954 I Telecom : : Sending phone-account registered intent as user: TSI.rPA@AAw
02-20 20:46:08.248  1914  1914 D SubscriptionInfoUpdater: [Receiver]+
02-20 20:46:08.248  1914  1914 D SubscriptionInfoUpdater: Action: android.intent.action.internal_sim_state_changed
02-20 20:46:08.248  1914  1914 D SubscriptionInfoUpdater: slotId: 0
02-20 20:46:08.248  1914  1914 D SubscriptionInfoUpdater: simStatus: LOADED
02-20 20:46:08.248  1914  1914 D SubscriptionInfoUpdater: [Receiver]-
02-20 20:46:08.248  1914  1914 D GsmCdmaPhone: [GsmCdmaPhone] phoneObjectUpdater: newVoiceRadioTech=0
02-20 20:46:08.248  1914  1914 D GsmCdmaPhone: [GsmCdmaPhone] phoneObjectUpdater: volteReplacementRat=0
02-20 20:46:08.248  1914  1914 E GsmCdmaPhone: [GsmCdmaPhone] phoneObjectUpdater: newVoiceRadioTech=0 doesn't match either CDMA or GSM - error! No phone change
02-20 20:46:08.248  1914  1914 D SST     : SubscriptionListener.onSubscriptionInfoChanged
02-20 20:46:08.248  1914  1914 D DCT     : [0]SubscriptionListener.onSubscriptionInfoChanged
02-20 20:46:08.248  1914  1914 D SubscriptionController: [getActiveSubInfoList] Sub Controller not ready
02-20 20:46:08.249  1914  1914 D SubscriptionController: [getActiveSubInfoList] Sub Controller not ready
02-20 20:46:08.249  1914  1914 I Telephony: PstnIncomingCallNotifier: Unregistering: Handler (com.android.internal.telephony.GsmCdmaPhone) {13b0737}
02-20 20:46:08.249  1914  1914 E PhoneInterfaceManager: [PhoneIntfMgr] getIccId: No UICC
02-20 20:46:08.255  1667  1691 I Telecom : PhoneAccountRegistrar: [ComponentInfo{com.android.phone/com.android.services.telephony.TelephonyConnectionService}, [e0184adedf913b076626646d3f52c3b49c39ad6d], UserHandle{0}(icon: Icon(typ=BITMAP size=76x96) -> Icon(typ=BITMAP size=76x96))]: TSI.rPA@AA0
02-20 20:46:08.259  1667  1691 I Telecom : : Sending phone-account registered intent as user: TSI.rPA@AA0
02-20 20:46:08.260  1914  1914 I Telephony: AccountEntry: Registered phoneAccount: [[ ] PhoneAccount: ComponentInfo{com.android.phone/com.android.services.telephony.TelephonyConnectionService}, [e0184adedf913b076626646d3f52c3b49c39ad6d], UserHandle{0} Capabilities: CallProvider MultiUser PlaceEmerg SimSub  Schemes: tel voicemail  Extras: null GroupId: [da39a3ee5e6b4b0d3255bfef95601890afd80709]] with handle: ComponentInfo{com.android.phone/com.android.services.telephony.TelephonyConnectionService}, [e0184adedf913b076626646d3f52c3b49c39ad6d], UserHandle{0}
02-20 20:46:08.260  1914  1914 I Telephony: PstnIncomingCallNotifier: Registering: Handler (com.android.internal.telephony.GsmCdmaPhone) {13b0737}
02-20 20:46:08.263  1914  1914 D SubscriptionInfoUpdater: handleSimStateLoadedInternal: slotId: 0
02-20 20:46:08.263  1914  1914 D SubscriptionInfoUpdater: All IccIds query complete
02-20 20:46:08.263  1914  1914 D SubscriptionInfoUpdater: updateSubscriptionInfoByIccId:+ Start
02-20 20:46:08.264  1914  1914 D SubscriptionController: [clearSubInfo]- no simInfo size=0
02-20 20:46:08.265  1914  1914 D SubscriptionInfoUpdater: insertedSimCount = 1
02-20 20:46:08.265  1914  1914 D SubscriptionController: [getSubInfoUsingSlotIdWithCheck]+ slotId:0
02-20 20:46:08.269  1914  1914 D SubscriptionController: [getPhoneId]- no sims, returning default phoneId=2147483647
02-20 20:46:08.269  1914  1914 D SubscriptionController: [getPhoneId]- no sims, returning default phoneId=2147483647
02-20 20:46:08.270  1914  1914 D SubscriptionController: [getPhoneId]- no sims, returning default phoneId=2147483647
02-20 20:46:08.271  1914  1914 D SubscriptionController: [getSubInfoUsingSlotId]- null info return
02-20 20:46:08.271  1914  1914 D SubscriptionInfoUpdater: updateSubscriptionInfoByIccId: oldSubId = 1
02-20 20:46:08.272  1914  1914 D SubscriptionInfoUpdater: updateSubscriptionInfoByIccId: oldIccId[0] = 89014103211118510720, sIccId[0] = 89014103211118510720
02-20 20:46:08.272  1914  1914 D SubscriptionController: [addSubInfoRecord]+ iccId:89014103211118510720 slotId:0
02-20 20:46:08.287  1914  1914 D SubscriptionController: [getActiveSubInfoList] Sub Controller not ready
02-20 20:46:08.287  1914  1914 D SubscriptionController: [addSubInfoRecord] Record already exists
02-20 20:46:08.299  1914  1914 D SubscriptionController: [addSubInfoRecord] sSlotIdxToSubId.size=1 slotId=0 subId=1 defaultSubId=1 simCount=1
02-20 20:46:08.299  1914  1914 D SubscriptionController: [setDefaultFallbackSubId] subId=1
02-20 20:46:08.300  1914  1914 D SubscriptionController: [setDefaultFallbackSubId] set mDefaultFallbackSubId=1
02-20 20:46:08.300  1914  1914 D MccTable: updateMccMncConfiguration mccmnc='310260' fromServiceState=false
02-20 20:46:08.300  1914  1914 D MccTable: updateMccMncConfiguration defaultMccMnc=310260
02-20 20:46:08.300  1914  1914 D MccTable: updateMccMncConfiguration: mcc=310, mnc=260
02-20 20:46:08.300  1914  1914 D MccTable: updateMccMncConfiguration updateConfig config={1.0 310mcc260mnc ?localeList ?layoutDir ?swdp ?wdp ?hdp ?density ?lsize ?long ?orien ?uimode ?night ?touch ?keyb/?/? ?nav/?}
02-20 20:46:08.327  1667  1751 I dvm_lock_sample: [system_server,1,Binder:1667_3,85,WindowManagerService.java,1887,-,2857,17]
02-20 20:46:08.328  1312  1379 D         : HostConnection::get() New Host Connection established 0x76834f82f9a0, tid 1379
02-20 20:46:08.329  1667  1957 I dvm_lock_sample: [system_server,1,Binder:1667_6,81,WindowManagerService.java,9051,-,2857,16]
02-20 20:46:08.330  1764  1764 D PhoneStatusBar: disable: < EXPAND* icons alerts system_info BACK* HOME* RECENT* clock SEARCH* quick_settings >
02-20 20:46:08.330  1764  2089 E ActivityThread: Failed to find provider info for com.android.contacts
02-20 20:46:08.331  1914  1914 D SubscriptionController: [setDefaultFallbackSubId] broadcast default subId changed phoneId=0 subId=1
02-20 20:46:08.332  1914  1914 D SubscriptionController: [addSubInfoRecord] one sim set defaults to subId=1
02-20 20:46:08.333  1914  1914 D SubscriptionController: [setDefaultDataSubId] num phones=1, subId=1
02-20 20:46:08.333  1914  1914 D SubscriptionController: [setDefaultDataSubId] phoneId=0 subId=1 RAF=1
02-20 20:46:08.333  1914  1914 D ProxyController: setRadioCapability: Already in requested configuration, nothing to do.
02-20 20:46:08.333  1914  1914 D SubscriptionController: [updateAllDataConnectionTrackers] sPhones.length=1
02-20 20:46:08.333  1914  1914 D SubscriptionController: [updateAllDataConnectionTrackers] phoneId=0
02-20 20:46:08.333  1914  1914 D DCT     : [0]update sub = 1
02-20 20:46:08.333  1914  1914 D DCT     : [0]update(): Active DDS, register for all events now!
02-20 20:46:08.333  1914  1914 D DCT     : [0]New records found.
02-20 20:46:08.333  1914  1914 D SST     : mDeviceShuttingDown=false, mDesiredPowerState=true, getRadioState=RADIO_ON, mPowerOffDelayNeed=true, mAlarmSwitch=false, mRadioDisabledByCarrier=false
02-20 20:46:08.333  1914  1914 D GsmCdmaPhone: [GsmCdmaPhone] updateCurrentCarrierInProvider: mSubId = 1 currentDds = 1 operatorNumeric = 310260
02-20 20:46:08.351  1914  1934 D RILJ    : [3736]> RIL_REQUEST_GET_CELL_INFO_LIST [SUB0]
02-20 20:46:08.353  1375  1467 D RIL     : onRequest: GET_CELL_INFO_LIST
02-20 20:46:08.353  1375  1467 D RILC    : responseCellInfoList: v12
02-20 20:46:08.354  1914  2003 D RILJ    : [3736]< RIL_REQUEST_GET_CELL_INFO_LIST [CellInfoGsm:{mRegistered=YES mTimeStampType=modem mTimeStamp=12408239744ns CellIdentityGsm:{ mMcc=310 mMnc=260 mLac=3 mCid=91 mArfcn=10 mBsic=0x0} CellSignalStrengthGsm: ss=175841720 ber=29209 mTa=177863804}] [SUB0]
02-20 20:46:08.358  1914  1914 D SubscriptionController: [broadcastDefaultDataSubIdChanged] subId=1
02-20 20:46:08.359  1914  1914 D SubscriptionController: [setDefaultSmsSubId] subId=1
02-20 20:46:08.359  1914  1914 D SubscriptionController: [broadcastDefaultSmsSubIdChanged] subId=1
02-20 20:46:08.360  1914  1914 D SubscriptionController: [setDefaultVoiceSubId] subId=1
02-20 20:46:08.360  1914  1914 D SubscriptionController: [broadcastDefaultVoiceSubIdChanged] subId=1
02-20 20:46:08.363  1667  1692 W GnssLocationProvider: Could not open GPS configuration file /etc/gps.conf
02-20 20:46:08.363  1667  1692 E GnssLocationProvider: no AGPS interface in set_agps_server
02-20 20:46:08.363  1667  1692 I SyncManager: Got SyncJobService instance.
02-20 20:46:08.363  1914  1914 D SubscriptionController: [addSubInfoRecord] hashmap(0,1)
02-20 20:46:08.366  1667  1667 I FusedLocation: engine started (com.android.location.fused)
02-20 20:46:08.371  1667  1692 W GnssLocationProvider: Could not open GPS configuration file /etc/gps.conf
02-20 20:46:08.371  1667  1692 E GnssLocationProvider: no AGPS interface in set_agps_server
02-20 20:46:08.371  1667  1692 I GnssLocationProvider: WakeLock released by handleMessage(12, 0, null)
02-20 20:46:08.371  1914  1914 D SubscriptionController: [addSubInfoRecord] sim name = Android
02-20 20:46:08.371  1914  1914 D DCT     : [0]update sub = 1
02-20 20:46:08.371  1914  1914 D DCT     : [0]update(): Active DDS, register for all events now!
02-20 20:46:08.371  1914  1914 D GsmCdmaPhone: [GsmCdmaPhone] updateCurrentCarrierInProvider: mSubId = 1 currentDds = 1 operatorNumeric = 310260
02-20 20:46:07.431     0     0 D ieee80211 phy1: mac80211_hwsim_configure_filter
02-20 20:46:08.395  1914  1914 D SubscriptionController: [addSubInfoRecord]- info size=1
02-20 20:46:08.395  1914  1914 D SubscriptionInfoUpdater: newSim = false
02-20 20:46:08.395  1914  1914 D SubscriptionInfoUpdater: updateSubscriptionInfoByIccId: sInsertSimState[0] = 0
02-20 20:46:08.407  1667  1692 W GnssLocationProvider: Could not open GPS configuration file /etc/gps.conf
02-20 20:46:08.407  1667  1692 E GnssLocationProvider: no AGPS interface in set_agps_server
02-20 20:46:08.409  1914  1914 D SubscriptionInfoUpdater: updateSubscriptionInfoByIccId: nSubCount = 1
02-20 20:46:08.411  1914  1914 D SubscriptionController: [setDefaultDataSubId] num phones=1, subId=1
02-20 20:46:08.411  1914  1914 D SubscriptionController: [setDefaultDataSubId] phoneId=0 subId=1 RAF=1
02-20 20:46:08.411  1914  1914 D ProxyController: setRadioCapability: Already in requested configuration, nothing to do.
02-20 20:46:08.411  1914  1914 D SubscriptionController: [updateAllDataConnectionTrackers] sPhones.length=1
02-20 20:46:08.411  1914  1914 D SubscriptionController: [updateAllDataConnectionTrackers] phoneId=0
02-20 20:46:08.411  1914  1914 D DCT     : [0]update sub = 1
02-20 20:46:08.411  1914  1914 D DCT     : [0]update(): Active DDS, register for all events now!
02-20 20:46:08.411  1914  1914 D GsmCdmaPhone: [GsmCdmaPhone] updateCurrentCarrierInProvider: mSubId = 1 currentDds = 1 operatorNumeric = 310260
02-20 20:46:08.434  1667  1692 W GnssLocationProvider: Could not open GPS configuration file /etc/gps.conf
02-20 20:46:08.434  1667  1692 E GnssLocationProvider: no AGPS interface in set_agps_server
02-20 20:46:08.439  1914  1914 D SubscriptionController: [broadcastDefaultDataSubIdChanged] subId=1
02-20 20:46:08.440  1914  1914 D SubscriptionController: notifySubscriptionInfoChanged:
02-20 20:46:08.442  1667  1667 I GnssLocationProvider: WakeLock acquired by sendMessage(12, 0, null)
02-20 20:46:08.443  1914  2086 D SubscriptionMonitor: Phone[0] subId changed -2->1, 1 registrants
02-20 20:46:08.443  1914  2086 D SubscriptionMonitor: mDefaultDataSubId = 1, 1 registrants
02-20 20:46:08.444  1914  1914 D SubscriptionInfoUpdater: updateSubscriptionInfoByIccId:- SsubscriptionInfo update complete
02-20 20:46:08.444  1914  1914 D MccTable: updateMccMncConfiguration mccmnc='310260' fromServiceState=false
02-20 20:46:08.444  1914  1914 D MccTable: updateMccMncConfiguration defaultMccMnc=310260
02-20 20:46:08.444  1914  1914 D MccTable: updateMccMncConfiguration: mcc=310, mnc=260
02-20 20:46:08.444  1914  1914 D MccTable: updateMccMncConfiguration updateConfig config={1.0 310mcc260mnc ?localeList ?layoutDir ?swdp ?wdp ?hdp ?density ?lsize ?long ?orien ?uimode ?night ?touch ?keyb/?/? ?nav/?}
02-20 20:46:08.445  1914  1914 D SubscriptionController: [setMccMnc]+ mcc/mnc:310/260 subId:1
02-20 20:46:08.446  1667  1692 W GnssLocationProvider: Could not open GPS configuration file /etc/gps.conf
02-20 20:46:08.446  1667  1692 E GnssLocationProvider: no AGPS interface in set_agps_server
02-20 20:46:08.448  1667  1692 I GnssLocationProvider: WakeLock released by handleMessage(12, 0, null)
02-20 20:46:08.451  1764  1764 D PhoneStatusBar: heads up is enabled
02-20 20:46:08.451  1914  1914 D SubscriptionController: notifySubscriptionInfoChanged:
02-20 20:46:08.451  1667  1667 I GnssLocationProvider: WakeLock acquired by sendMessage(12, 0, null)
02-20 20:46:08.453  1914  1914 D SubscriptionController: [getActiveSubscriptionInfo]+ subId=1 subInfo={id=1, iccId=89014103211118510720 simSlotIndex=0 displayName=Android carrierName=Android nameSource=0 iconTint=-16746133 dataRoaming=0 iconBitmap=android.graphics.Bitmap@8083a2a mcc 310 mnc 260}
02-20 20:46:08.453  1914  1914 D SubscriptionInfoUpdater: sim name = Android
02-20 20:46:08.461  1920  1994 D EGL_emulation: eglMakeCurrent: 0x747707379020: ver 3 0 (tinfo 0x74771169cf60)
02-20 20:46:08.498  2058  2058 I GAv4    : Google Analytics 9.2.56 is starting up. To enable debug logging on a device run:
02-20 20:46:08.498  2058  2058 I GAv4    :   adb shell setprop log.tag.GAv4 DEBUG
02-20 20:46:08.498  2058  2058 I GAv4    :   adb logcat -s GAv4
02-20 20:46:08.500  1914  1914 D SubscriptionInfoUpdater: Broadcasting intent ACTION_SIM_STATE_CHANGED LOADED reason null for mCardIndex: 0
02-20 20:46:08.501  1667  1667 D WifiService: resetting networks because SIM was loaded
02-20 20:46:08.501  1667  1735 D WifiStateMachine: resetting EAP-SIM/AKA/AKA' networks since SIM was changed
02-20 20:46:08.502  1914  1914 D CarrierConfigLoader: update config for phoneId: 0 simState: LOADED
02-20 20:46:08.502  1914  1914 D CarrierSvcBindHelper: update binding for phoneId: 0 simState: LOADED
02-20 20:46:08.513  1312  2007 D gralloc_ranchu: gralloc_alloc: Creating ashmem region of size 15945728
02-20 20:46:08.514  1312  2007 D         : HostConnection::get() New Host Connection established 0x76834f41b4e0, tid 2007
02-20 20:46:08.522  1914  1914 D SubscriptionController: [getActiveSubscriptionInfo]+ subId=1 subInfo={id=1, iccId=89014103211118510720 simSlotIndex=0 displayName=Android carrierName=Android nameSource=0 iconTint=-16746133 dataRoaming=0 iconBitmap=android.graphics.Bitmap@cc7cef6 mcc 310 mnc 260}
02-20 20:46:08.540  1667  1692 W GnssLocationProvider: Could not open GPS configuration file /etc/gps.conf
02-20 20:46:08.540  1667  1692 E GnssLocationProvider: no AGPS interface in set_agps_server
02-20 20:46:08.540  1667  1692 I GnssLocationProvider: WakeLock released by handleMessage(12, 0, null)
02-20 20:46:08.550  1667  1690 I Telecom : PhoneAccountRegistrar: [ComponentInfo{com.android.phone/com.android.services.telephony.TelephonyConnectionService}, [e0184adedf913b076626646d3f52c3b49c39ad6d], UserHandle{0}(icon: Icon(typ=BITMAP size=76x96) -> Icon(typ=BITMAP size=76x96))]: TSI.rPA@ABE
02-20 20:46:08.557  1764  1784 W art     : Suspending all threads took: 7.838ms
02-20 20:46:08.560  1764  1784 I art     : Background partial concurrent mark sweep GC freed 10489(1583KB) AllocSpace objects, 3(96KB) LOS objects, 19% free, 16MB/20MB, paused 8.445ms total 55.155ms
02-20 20:46:08.563  2058  2100 W GAv4    : AnalyticsReceiver is not registered or is disabled. Register the receiver for reliable dispatching on non-Google Play devices. See http://goo.gl/8Rd3yj for instructions.
02-20 20:46:08.565  1667  1690 I Telecom : : Sending phone-account registered intent as user: TSI.rPA@ABE
02-20 20:46:08.566  1914  1914 D DCT     : [0]onRecordsLoadedOrSubIdChanged: createAllApnList
02-20 20:46:08.566  1914  1914 D DCT     : [0]createAllApnList: selection=numeric = '310260'
02-20 20:46:08.569  1914  1914 D DCT     : [0]createApnList: X result=[[ApnSettingV3] T-Mobile US, 1, 310260, epc.tmobile.com, , http://mms.msg.eng.t-mobile.com/mms/wapenc, , , , -1, *, IP, IP, true, 0, 0, 0, false, 0, 0, 0, 0, , , false]
02-20 20:46:08.570  1914  1914 D TelephonyProvider: subIdString = 1 subId = 1
02-20 20:46:08.577  1667  1692 W GnssLocationProvider: Could not open GPS configuration file /etc/gps.conf
02-20 20:46:08.577  1667  1692 E GnssLocationProvider: no AGPS interface in set_agps_server
02-20 20:46:08.577  1667  1692 I GnssLocationProvider: WakeLock released by handleMessage(12, 0, null)
02-20 20:46:08.577  1914  1914 D DCT     : [0]getPreferredApn: mRequestedApnType=default cursor=android.content.ContentResolver$CursorWrapperInner@19c2fc9 cursor.count=1
02-20 20:46:08.577  1914  1914 D DCT     : [0]getPreferredApn: apnSetting=[ApnSettingV3] T-Mobile US, 1, 310260, epc.tmobile.com, , http://mms.msg.eng.t-mobile.com/mms/wapenc, , , , -1, *, IP, IP, true, 0, 0, 0, false, 0, 0, 0, 0, , , false
02-20 20:46:08.577  1914  1914 D DCT     : [0]getPreferredApn: X found apnSetting[ApnSettingV3] T-Mobile US, 1, 310260, epc.tmobile.com, , http://mms.msg.eng.t-mobile.com/mms/wapenc, , , , -1, *, IP, IP, true, 0, 0, 0, false, 0, 0, 0, 0, , , false
02-20 20:46:08.578  1914  1914 D DCT     : [0]createAllApnList: mPreferredApn=[ApnSettingV3] T-Mobile US, 1, 310260, epc.tmobile.com, , http://mms.msg.eng.t-mobile.com/mms/wapenc, , , , -1, *, IP, IP, true, 0, 0, 0, false, 0, 0, 0, 0, , , false
02-20 20:46:08.578  1914  1914 D DCT     : [0]createAllApnList: X mAllApnSettings=[[ApnSettingV3] T-Mobile US, 1, 310260, epc.tmobile.com, , http://mms.msg.eng.t-mobile.com/mms/wapenc, , , , -1, *, IP, IP, true, 0, 0, 0, false, 0, 0, 0, 0, , , false]
02-20 20:46:08.578  1914  1914 D DCT     : [0]setDataProfilesAsNeeded
02-20 20:46:08.578  1914  1914 D DCT     : [0]setInitialApn: E mPreferredApn=[ApnSettingV3] T-Mobile US, 1, 310260, epc.tmobile.com, , http://mms.msg.eng.t-mobile.com/mms/wapenc, , , , -1, *, IP, IP, true, 0, 0, 0, false, 0, 0, 0, 0, , , false
02-20 20:46:08.578  1914  1914 D DCT     : [0]setInitialApn: firstApnSetting=[ApnSettingV3] T-Mobile US, 1, 310260, epc.tmobile.com, , http://mms.msg.eng.t-mobile.com/mms/wapenc, , , , -1, *, IP, IP, true, 0, 0, 0, false, 0, 0, 0, 0, , , false
02-20 20:46:08.578  1914  1914 D DCT     : [0]setInitialApn: defaultApnSetting=[ApnSettingV3] T-Mobile US, 1, 310260, epc.tmobile.com, , http://mms.msg.eng.t-mobile.com/mms/wapenc, , , , -1, *, IP, IP, true, 0, 0, 0, false, 0, 0, 0, 0, , , false
02-20 20:46:08.578  1914  1914 D DCT     : [0]setInitialAttachApn: using mPreferredApn
02-20 20:46:08.578  1914  1914 D DCT     : [0]setInitialAttachApn: X selected Apn=[ApnSettingV3] T-Mobile US, 1, 310260, epc.tmobile.com, , http://mms.msg.eng.t-mobile.com/mms/wapenc, , , , -1, *, IP, IP, true, 0, 0, 0, false, 0, 0, 0, 0, , , false
02-20 20:46:08.578  1914  1914 D RILJ    : Set RIL_REQUEST_SET_INITIAL_ATTACH_APN [SUB0]
02-20 20:46:08.578  1914  1914 D RILJ    : [3737]> RIL_REQUEST_SET_INITIAL_ATTACH_APN, apn:epc.tmobile.com, protocol:IP, authType:-1, username:none, password:none [SUB0]
02-20 20:46:08.578  1914  1914 D DCT     : [0]onRecordsLoadedOrSubIdChanged: notifying data availability
02-20 20:46:08.579  1375  1467 D RIL     : onRequest: RIL_REQUEST_SET_INITIAL_ATTACH_APN
02-20 20:46:08.579  1375  1467 D RIL     : Request not supported. Tech: 1
02-20 20:46:08.579  1914  2003 D RilRequest: [3737]< RIL_REQUEST_SET_INITIAL_ATTACH_APN error: com.android.internal.telephony.CommandException: REQUEST_NOT_SUPPORTED ret=
02-20 20:46:08.579  1667  2091 D TelephonyRegistry: Notify data connection state changed on sub: 1
02-20 20:46:08.586  2058  2058 I AlarmClock: AlarmInitReceiver android.intent.action.TIME_SET
02-20 20:46:08.587  1914  1914 D DCT     : [0]setupDataOnConnectableApns: simLoaded hipri:[state=IDLE,enabled=false] mms:[state=IDLE,enabled=false] supl:[state=IDLE,enabled=false] ia:[state=IDLE,enabled=false] fota:[state=IDLE,enabled=false] ims:[state=IDLE,enabled=false] cbs:[state=IDLE,enabled=false] default:[state=IDLE,enabled=false] emergency:[state=IDLE,enabled=false] 
02-20 20:46:08.589  1914  1914 I Telephony: PstnIncomingCallNotifier: Unregistering: Handler (com.android.internal.telephony.GsmCdmaPhone) {13b0737}
02-20 20:46:08.589  2058  2100 W GAv4    : CampaignTrackingReceiver is not registered, not exported or is disabled. Installation campaign tracking is not possible. See http://goo.gl/8Rd3yj for instructions.
02-20 20:46:08.590  1667  1692 W GnssLocationProvider: Could not open GPS configuration file /etc/gps.conf
02-20 20:46:08.590  1667  1692 E GnssLocationProvider: no AGPS interface in set_agps_server
02-20 20:46:08.590  1667  1692 I GnssLocationProvider: WakeLock released by handleMessage(12, 0, null)
02-20 20:46:08.592  1914  1914 D SubscriptionController: [getActiveSubscriptionInfo]+ subId=1 subInfo={id=1, iccId=89014103211118510720 simSlotIndex=0 displayName=Android carrierName=Android nameSource=0 iconTint=-16746133 dataRoaming=0 iconBitmap=android.graphics.Bitmap@2ae8cfc mcc 310 mnc 260}
02-20 20:46:08.620  1667  1751 I Telecom : PhoneAccountRegistrar: New phone account registered: [[ ] PhoneAccount: ComponentInfo{com.android.phone/com.android.services.telephony.TelephonyConnectionService}, [e2f7d48dd2b5ca523e7313cf4ba0f6ea830b6281], UserHandle{0} Capabilities: CallProvider MultiUser PlaceEmerg SimSub  Schemes: tel voicemail  Extras: null GroupId: [da39a3ee5e6b4b0d3255bfef95601890afd80709]]: TSI.rPA@ABI
02-20 20:46:08.620  2058  2100 W GAv4    : AnalyticsService not registered in the app manifest. Hits might not be delivered reliably. See http://goo.gl/8Rd3yj for instructions.
02-20 20:46:08.636  1667  1692 W GnssLocationProvider: Could not open GPS configuration file /etc/gps.conf
02-20 20:46:08.636  1667  1692 E GnssLocationProvider: no AGPS interface in set_agps_server
02-20 20:46:08.640  1667  1751 I Telecom : : Sending phone-account registered intent as user: TSI.rPA@ABI
02-20 20:46:08.640  1914  1914 I Telephony: AccountEntry: Registered phoneAccount: [[ ] PhoneAccount: ComponentInfo{com.android.phone/com.android.services.telephony.TelephonyConnectionService}, [e2f7d48dd2b5ca523e7313cf4ba0f6ea830b6281], UserHandle{0} Capabilities: CallProvider MultiUser PlaceEmerg SimSub  Schemes: tel voicemail  Extras: null GroupId: [da39a3ee5e6b4b0d3255bfef95601890afd80709]] with handle: ComponentInfo{com.android.phone/com.android.services.telephony.TelephonyConnectionService}, [e2f7d48dd2b5ca523e7313cf4ba0f6ea830b6281], UserHandle{0}
02-20 20:46:08.640  1914  1914 I Telephony: PstnIncomingCallNotifier: Registering: Handler (com.android.internal.telephony.GsmCdmaPhone) {13b0737}
02-20 20:46:08.643  1914  1914 I Telephony: TelecomAccountRegistry: Unregistering phone account ComponentInfo{com.android.phone/com.android.services.telephony.TelephonyConnectionService}, [e0184adedf913b076626646d3f52c3b49c39ad6d], UserHandle{0}.
02-20 20:46:08.658  1667  1700 W art     : Long monitor contention with owner Binder:1667_8 (2092) at int com.android.server.wm.WindowManagerService.relayoutWindow(com.android.server.wm.Session, android.view.IWindow, int, android.view.WindowManager$LayoutParams, int, int, int, int, android.graphics.Rect, android.graphics.Rect, android.graphics.Rect, android.graphics.Rect, android.graphics.Rect, android.graphics.Rect, android.graphics.Rect, android.content.res.Configuration, android.view.Surface)(WindowManagerService.java:2857) waiters=0 in void com.android.server.wm.WindowManagerService$H.handleMessage(android.os.Message) for 142ms
02-20 20:46:08.658  1667  1700 I dvm_lock_sample: [system_server,1,android.display,142,WindowManagerService.java,8368,-,2857,28]
02-20 20:46:08.659  1667  1954 I Telecom : : Sending phone-account unregistered intent as user: TSI.uPA@ABQ
02-20 20:46:08.686  1914  1914 D SST     : SubscriptionListener.onSubscriptionInfoChanged
02-20 20:46:08.687  1914  1914 D PhoneFactory: calculatePreferredNetworkType: phoneSubId = 1 networkType = 0
02-20 20:46:08.687  1914  1914 D Phone   : setPreferredNetworkType: Abort, unknown RAF: 1 101902
02-20 20:46:08.687  1914  1914 D Phone   : setNetworkSelectionModeAutomatic, querying current mode
02-20 20:46:08.688  1914  1914 D RILJ    : [3738]> QUERY_NETWORK_SELECTION_MODE [SUB0]
02-20 20:46:08.688  1914  1914 D TelephonyManager: setTelephonyProperty: success phoneId=0 property=gsm.network.type value: LTE propVal=LTE
02-20 20:46:08.688  1375  1467 D RIL     : onRequest: QUERY_NETWORK_SELECTION_MODE
02-20 20:46:08.688  1375  1467 D AT      : AT> AT+COPS?
02-20 20:46:08.688  1375  1470 D AT      : AT< +COPS: 0,2,310260
02-20 20:46:08.688  1375  1470 D AT      : AT< OK
02-20 20:46:08.688  1914  2003 D RILJ    : [3738]< QUERY_NETWORK_SELECTION_MODE {0} [SUB0]
02-20 20:46:08.689  1914  1914 D SubscriptionController: [setCarrierText]+ text:Android subId:1
02-20 20:46:08.689  1914  1934 D SST     : SST.getAllCellInfo(): return last, back to back calls
02-20 20:46:08.693  1914  2086 D SST     : SST.getAllCellInfo(): return last, back to back calls
02-20 20:46:08.693  1914  2086 D SST     : SST.getAllCellInfo(): return last, back to back calls
02-20 20:46:08.702  1914  1914 D SubscriptionController: notifySubscriptionInfoChanged:
02-20 20:46:08.703  1667  1667 I GnssLocationProvider: WakeLock acquired by sendMessage(12, 0, null)
02-20 20:46:08.703  1914  1914 D SIMRecords: [SIMRecords] getServiceProviderName: no brandOverride, providerName=Android
02-20 20:46:08.703  1914  1914 D SIMRecords: [SIMRecords] getServiceProviderName: no brandOverride, providerName=Android
02-20 20:46:08.703  1914  1914 D SST     : updateSpnDisplay: changed sending intent rule=1 showPlmn='false' plmn='Android' showSpn='true' spn='Android' dataSpn='Android' subId='1'
02-20 20:46:08.721  1667  1694 W WindowManager: Keyguard drawn timeout. Setting mKeyguardDrawComplete
02-20 20:46:08.722  1914  1914 D SubscriptionController: [setCarrierText]+ text:Android subId:1
02-20 20:46:08.725  1764  1764 I Choreographer: Skipped 47 frames!  The application may be doing too much work on its main thread.
02-20 20:46:08.735  1667  1694 V KeyguardServiceDelegate: *** Keyguard connected (yay!)
02-20 20:46:08.737  1914  1914 D SubscriptionController: notifySubscriptionInfoChanged:
02-20 20:46:08.737  1667  1667 I GnssLocationProvider: WakeLock acquired by sendMessage(12, 0, null)
02-20 20:46:08.737  1914  1914 D SIMRecords: [SIMRecords]  VoiceMessageCount from SIM MWIS = 0
02-20 20:46:08.737  1914  1914 D Phone   : getStoredVoiceMessageCount: from preference for subId 1= 0
02-20 20:46:08.737  1914  1914 D GsmCdmaPhone: [GsmCdmaPhone] updateVoiceMail countVoiceMessages = 0 subId 1
02-20 20:46:08.737  1914  1914 D Phone   : setVoiceMessageCount: Storing Voice Mail Count = 0 for mVmCountKey = vm_count_key1 in preferences.
02-20 20:46:08.740  1914  1914 D DCT     : [0]SubscriptionListener.onSubscriptionInfoChanged
02-20 20:46:08.742  1914  1914 D DCT     : [0]onRecordsLoadedOrSubIdChanged: createAllApnList
02-20 20:46:08.742  1914  1914 D DCT     : [0]createAllApnList: selection=numeric = '310260'
02-20 20:46:08.747  1914  1914 D DCT     : [0]createApnList: X result=[[ApnSettingV3] T-Mobile US, 1, 310260, epc.tmobile.com, , http://mms.msg.eng.t-mobile.com/mms/wapenc, , , , -1, *, IP, IP, true, 0, 0, 0, false, 0, 0, 0, 0, , , false]
02-20 20:46:08.748  1914  1914 D TelephonyProvider: subIdString = 1 subId = 1
02-20 20:46:08.751  1914  1914 D DCT     : [0]getPreferredApn: mRequestedApnType=default cursor=android.content.ContentResolver$CursorWrapperInner@bf97f94 cursor.count=1
02-20 20:46:08.751  1914  1914 D DCT     : [0]getPreferredApn: apnSetting=[ApnSettingV3] T-Mobile US, 1, 310260, epc.tmobile.com, , http://mms.msg.eng.t-mobile.com/mms/wapenc, , , , -1, *, IP, IP, true, 0, 0, 0, false, 0, 0, 0, 0, , , false
02-20 20:46:08.751  1914  1914 D DCT     : [0]getPreferredApn: X found apnSetting[ApnSettingV3] T-Mobile US, 1, 310260, epc.tmobile.com, , http://mms.msg.eng.t-mobile.com/mms/wapenc, , , , -1, *, IP, IP, true, 0, 0, 0, false, 0, 0, 0, 0, , , false
02-20 20:46:08.752  1914  1914 D DCT     : [0]createAllApnList: mPreferredApn=[ApnSettingV3] T-Mobile US, 1, 310260, epc.tmobile.com, , http://mms.msg.eng.t-mobile.com/mms/wapenc, , , , -1, *, IP, IP, true, 0, 0, 0, false, 0, 0, 0, 0, , , false
02-20 20:46:08.752  1914  1914 D DCT     : [0]createAllApnList: X mAllApnSettings=[[ApnSettingV3] T-Mobile US, 1, 310260, epc.tmobile.com, , http://mms.msg.eng.t-mobile.com/mms/wapenc, , , , -1, *, IP, IP, true, 0, 0, 0, false, 0, 0, 0, 0, , , false]
02-20 20:46:08.752  1914  1914 D DCT     : [0]setDataProfilesAsNeeded
02-20 20:46:08.752  1914  1914 D DCT     : [0]setInitialApn: E mPreferredApn=[ApnSettingV3] T-Mobile US, 1, 310260, epc.tmobile.com, , http://mms.msg.eng.t-mobile.com/mms/wapenc, , , , -1, *, IP, IP, true, 0, 0, 0, false, 0, 0, 0, 0, , , false
02-20 20:46:08.752  1914  1914 D DCT     : [0]setInitialApn: firstApnSetting=[ApnSettingV3] T-Mobile US, 1, 310260, epc.tmobile.com, , http://mms.msg.eng.t-mobile.com/mms/wapenc, , , , -1, *, IP, IP, true, 0, 0, 0, false, 0, 0, 0, 0, , , false
02-20 20:46:08.752  1914  1914 D DCT     : [0]setInitialApn: defaultApnSetting=[ApnSettingV3] T-Mobile US, 1, 310260, epc.tmobile.com, , http://mms.msg.eng.t-mobile.com/mms/wapenc, , , , -1, *, IP, IP, true, 0, 0, 0, false, 0, 0, 0, 0, , , false
02-20 20:46:08.752  1914  1914 D DCT     : [0]setInitialAttachApn: using mPreferredApn
02-20 20:46:08.752  1914  1914 D DCT     : [0]setInitialAttachApn: X selected Apn=[ApnSettingV3] T-Mobile US, 1, 310260, epc.tmobile.com, , http://mms.msg.eng.t-mobile.com/mms/wapenc, , , , -1, *, IP, IP, true, 0, 0, 0, false, 0, 0, 0, 0, , , false
02-20 20:46:08.752  1914  1914 D RILJ    : Set RIL_REQUEST_SET_INITIAL_ATTACH_APN [SUB0]
02-20 20:46:08.752  1914  1914 D RILJ    : [3739]> RIL_REQUEST_SET_INITIAL_ATTACH_APN, apn:epc.tmobile.com, protocol:IP, authType:-1, username:none, password:none [SUB0]
02-20 20:46:08.754  1375  1467 D RIL     : onRequest: RIL_REQUEST_SET_INITIAL_ATTACH_APN
02-20 20:46:08.754  1375  1467 D RIL     : Request not supported. Tech: 1
02-20 20:46:08.754  1914  2003 D RilRequest: [3739]< RIL_REQUEST_SET_INITIAL_ATTACH_APN error: com.android.internal.telephony.CommandException: REQUEST_NOT_SUPPORTED ret=
02-20 20:46:08.754  1914  1914 D DCT     : [0]onRecordsLoadedOrSubIdChanged: notifying data availability
02-20 20:46:08.756  1312  1325 I SurfaceFlinger: Boot is finished (10989 ms)
02-20 20:46:08.757  1312  1325 I sf_stop_bootanim: 12812
02-20 20:46:08.764  1914  1914 D DCT     : [0]setupDataOnConnectableApns: simLoaded hipri:[state=IDLE,enabled=false] mms:[state=IDLE,enabled=false] supl:[state=IDLE,enabled=false] ia:[state=IDLE,enabled=false] fota:[state=IDLE,enabled=false] ims:[state=IDLE,enabled=false] cbs:[state=IDLE,enabled=false] default:[state=IDLE,enabled=false] emergency:[state=IDLE,enabled=false] 
