02-20 20:46:04.867  1667  1727 D VoldConnector: RCV <- {200 3 Command succeeded}
02-20 20:46:04.867  1667  1726 D VoldConnector: SND -> {4 volume user_added 0 0}
02-20 20:46:04.867  1667  1727 D VoldConnector: RCV <- {200 4 Command succeeded}
02-20 20:46:04.871  1667  1726 D VoldConnector: SND -> {5 volume mount emulated 3 -1}
02-20 20:46:04.872  1267  1302 V vold    : Waiting for FUSE to spin up...
02-20 20:46:04.872  1667  1727 D VoldConnector: RCV <- {651 emulated 1}
02-20 20:46:04.876  1667  1727 D VoldConnector: RCV <- {656 emulated /data/media}
02-20 20:46:04.876  1667  1727 D VoldConnector: RCV <- {655 emulated /storage/emulated}
02-20 20:46:04.879  1365  1401 I AudioFlinger: systemReady
02-20 20:46:04.882  1667  1691 I am_proc_bound: [0,1764,com.android.systemui]
02-20 20:46:04.897  1789  1789 W sdcard  : Device explicitly disabled sdcardfs
02-20 20:46:04.907  1667  1751 I am_proc_bound: [0,1758,com.android.inputmethod.latin]
02-20 20:46:04.908  1667  1667 D WebViewFactory: Setting new address space to 137955392
02-20 20:46:04.900     0     0 D SELinux : initialized (dev fuse, type fuse), uses genfs_contexts
02-20 20:46:04.903     0     0 D SELinux : initialized (dev fuse, type fuse), uses genfs_contexts
02-20 20:46:04.907     0     0 D SELinux : initialized (dev fuse, type fuse), uses genfs_contexts
02-20 20:46:04.922  1667  1727 D VoldConnector: RCV <- {651 emulated 2}
02-20 20:46:04.922  1667  1727 D VoldConnector: RCV <- {200 5 Command succeeded}
02-20 20:46:04.923  1667  1726 D VoldConnector: SND -> {6 volume mount public:253,64 2 0}
02-20 20:46:04.924  1267  1302 V vold    : /system/bin/blkid
02-20 20:46:04.924  1267  1302 V vold    :     -c
02-20 20:46:04.924  1267  1302 V vold    :     /dev/null
02-20 20:46:04.924  1267  1302 V vold    :     -s
02-20 20:46:04.924  1267  1302 V vold    :     TYPE
02-20 20:46:04.924  1267  1302 V vold    :     -s
02-20 20:46:04.924  1267  1302 V vold    :     UUID
02-20 20:46:04.924  1267  1302 V vold    :     -s
02-20 20:46:04.924  1267  1302 V vold    :     LABEL
02-20 20:46:04.924  1267  1302 V vold    :     /dev/block/vold/public:253,64
02-20 20:46:04.924  1667  1727 D VoldConnector: RCV <- {651 public:253,64 1}
02-20 20:46:04.933  1764  1764 W System  : ClassLoader referenced unknown path: /system/priv-app/SystemUIGoogle/lib/x86_64
02-20 20:46:04.937  1667  1667 I Zygote  : Process: zygote socket opened, supported ABIS: x86
02-20 20:46:04.937  1364  1565 I art     : Starting a blocking GC HeapTrim
02-20 20:46:04.940  1364  1364 I art     : Starting a blocking GC Background
02-20 20:46:04.951  1267  1302 V vold    : /dev/block/vold/public:253,64: LABEL="SDCARD" UUID="1E12-0B12" TYPE="vfat" 
02-20 20:46:04.951  1267  1302 V vold    : 
02-20 20:46:04.952  1267  1302 V vold    : /system/bin/fsck_msdos
02-20 20:46:04.952  1267  1302 V vold    :     -p
02-20 20:46:04.952  1267  1302 V vold    :     -f
02-20 20:46:04.952  1267  1302 V vold    :     /dev/block/vold/public:253,64
02-20 20:46:04.952  1667  1727 D VoldConnector: RCV <- {652 public:253,64 vfat}
02-20 20:46:04.952  1667  1727 D VoldConnector: RCV <- {653 public:253,64 1E12-0B12}
02-20 20:46:04.952  1667  1727 D VoldConnector: RCV <- {654 public:253,64 SDCARD}
02-20 20:46:04.974     0     0 D ieee80211 phy1: hw scan 2432 MHz
02-20 20:46:04.990  1667  1667 W ActivityManager: Slow operation: 67ms so far, now at startProcess: returned from zygote!
02-20 20:46:04.990  1667  1667 W ActivityManager: Slow operation: 67ms so far, now at startProcess: done updating battery stats
02-20 20:46:04.990  1667  1667 I am_proc_start: [0,1802,1037,WebViewLoader-x86,,]
02-20 20:46:04.990  1667  1667 W ActivityManager: Slow operation: 67ms so far, now at startProcess: building log message
02-20 20:46:04.990  1667  1667 I ActivityManager: Start proc 1802:WebViewLoader-x86/1037 [android.webkit.WebViewFactory$RelroFileCreator] for 
02-20 20:46:04.990  1667  1667 W ActivityManager: Slow operation: 67ms so far, now at startProcess: starting to update pids map
02-20 20:46:04.990  1667  1667 W ActivityManager: Slow operation: 67ms so far, now at startProcess: done updating pids map
02-20 20:46:04.990  1667  1667 W ActivityManager: Slow operation: 67ms so far, now at startProcess: done starting proc!
02-20 20:46:05.002  1667  1667 I am_proc_start: [0,1807,1037,WebViewLoader-x86_64,,]
02-20 20:46:05.002  1667  1667 I ActivityManager: Start proc 1807:WebViewLoader-x86_64/1037 [android.webkit.WebViewFactory$RelroFileCreator] for 
02-20 20:46:05.003  1667  1667 D NetworkManagement: enabling bandwidth control
02-20 20:46:05.004  1807  1807 W art     : Unexpected CPU variant for X86 using defaults: x86_64
02-20 20:46:05.024  1764  1764 V SystemUIService: Starting SystemUI services for user 0.
02-20 20:46:05.036  1807  1807 V WebViewFactory: RelroFileCreator (64bit = true),  32-bit lib: /system/app/Chrome/Chrome.apk!/lib/x86/libmonochrome.so, 64-bit lib: /system/app/Chrome/Chrome.apk!/lib/x86_64/libmonochrome.so
02-20 20:46:05.061  1764  1764 V MediaRouter: Adding route: RouteInfo{ name=Phone, description=null, status=null, category=RouteCategory{ name=null types=ROUTE_TYPE_LIVE_AUDIO ROUTE_TYPE_LIVE_VIDEO  groupable=false }, supportedTypes=ROUTE_TYPE_LIVE_AUDIO ROUTE_TYPE_LIVE_VIDEO , presentationDisplay=null }
02-20 20:46:05.063  1667  1799 E WVMExtractor: Failed to open libwvm.so: dlopen failed: library "libwvm.so" not found
02-20 20:46:05.071  1764  1764 V MediaRouter: Updating audio routes: AudioRoutesInfo{ type=SPEAKER }
02-20 20:46:05.073  1764  1764 V MediaRouter: Selecting route: RouteInfo{ name=Phone, description=null, status=null, category=RouteCategory{ name=null types=ROUTE_TYPE_LIVE_AUDIO ROUTE_TYPE_LIVE_VIDEO  groupable=false }, supportedTypes=ROUTE_TYPE_LIVE_AUDIO ROUTE_TYPE_LIVE_VIDEO , presentationDisplay=null }
02-20 20:46:05.076  1267  1302 I fsck_msdos: ** /dev/block/vold/public:253,64
02-20 20:46:05.078  1267  1302 I fsck_msdos: ** Phase 1 - Read and Compare FATs
02-20 20:46:05.078  1267  1302 I fsck_msdos: Attempting to allocate 1022 KB for FAT
02-20 20:46:05.083  1802  1802 W art     : Unexpected CPU variant for X86 using defaults: x86
02-20 20:46:05.098     0     0 D ieee80211 phy1: hw scan 2437 MHz
02-20 20:46:05.113  1667  1734 D WifiController: DEFERRED_TOGGLE handled
02-20 20:46:05.132  1758  1758 I LatinIME: Hardware accelerated drawing: true
02-20 20:46:05.143  1667  1751 D TelephonyRegistry: listen oscl: hasNotifySubscriptionInfoChangedOccurred==false no callback
02-20 20:46:05.154  1267  1302 I fsck_msdos: Attempting to allocate 1022 KB for FAT
02-20 20:46:05.163  1373  1373 I MediaPlayerService: MediaPlayerService::getOMX
02-20 20:46:05.167  1373  1373 I OMXClient: MuxOMX ctor
02-20 20:46:05.168  1373  1373 I MediaPlayerService: MediaPlayerService::getOMX
02-20 20:46:05.168  1373  1373 I OMXClient: MuxOMX ctor
02-20 20:46:05.168  1370  1370 I OMXMaster: makeComponentInstance(OMX.google.mp3.decoder) in mediacodec process
02-20 20:46:05.188  1374  1689 D SoftapController: Softap fwReload - Ok
02-20 20:46:05.205  1764  1835 E WVMExtractor: Failed to open libwvm.so: dlopen failed: library "libwvm.so" not found
02-20 20:46:05.212     0     0 D ieee80211 phy1: hw scan 2442 MHz
02-20 20:46:05.213  1802  1802 V WebViewFactory: RelroFileCreator (64bit = false),  32-bit lib: /system/app/Chrome/Chrome.apk!/lib/x86/libmonochrome.so, 64-bit lib: /system/app/Chrome/Chrome.apk!/lib/x86_64/libmonochrome.so
02-20 20:46:05.322  1373  1373 I MediaPlayerService: MediaPlayerService::getOMX
02-20 20:46:05.323  1373  1373 I OMXClient: MuxOMX ctor
02-20 20:46:05.323  1370  1849 I OMXMaster: makeComponentInstance(OMX.google.amrnb.decoder) in mediacodec process
02-20 20:46:05.335  1373  1373 I MediaPlayerService: MediaPlayerService::getOMX
02-20 20:46:05.336  1373  1373 I OMXClient: MuxOMX ctor
02-20 20:46:05.336  1370  1389 I OMXMaster: makeComponentInstance(OMX.google.amrwb.decoder) in mediacodec process
02-20 20:46:05.331     0     0 D ieee80211 phy1: hw scan 2447 MHz
02-20 20:46:05.347  1758  1758 W InputAttributes: No editor info for this field. Bug?
02-20 20:46:05.356  1373  1373 I MediaPlayerService: MediaPlayerService::getOMX
02-20 20:46:05.356  1373  1373 I OMXClient: MuxOMX ctor
02-20 20:46:05.356  1370  1370 I OMXMaster: makeComponentInstance(OMX.google.aac.decoder) in mediacodec process
02-20 20:46:05.374     0     0 W FAT-fs (vde): Volume was not properly unmounted. Some data may be corrupt. Please run fsck.
02-20 20:46:05.376     0     0 D SELinux : initialized (dev vde, type vfat), uses genfs_contexts
02-20 20:46:05.391     0     0 I init    : Starting service 'wpa_supplicant'...
02-20 20:46:05.363  1267  1302 I fsck_msdos: ** Phase 2 - Check Cluster Chains
02-20 20:46:05.366  1267  1302 I fsck_msdos: ** Phase 3 - Checking Directories
02-20 20:46:05.371  1267  1302 I fsck_msdos: ** Phase 4 - Checking for Lost Files
02-20 20:46:05.372  1267  1302 I fsck_msdos: 27 files, 522176 free (261088 clusters)
02-20 20:46:05.373  1267  1302 I Vold    : Filesystem check completed OK
02-20 20:46:05.373  1667  1667 W NetworkManagement: setDataSaverMode(): already false
02-20 20:46:05.373  1667  1727 D VoldConnector: RCV <- {656 public:253,64 /mnt/media_rw/1E12-0B12}
02-20 20:46:05.374  1667  1727 D VoldConnector: RCV <- {655 public:253,64 /storage/1E12-0B12}
02-20 20:46:05.377  1267  1302 V vold    : Waiting for FUSE to spin up...
02-20 20:46:05.379  1374  1689 D CommandListener: Setting iface cfg
02-20 20:46:05.380  1374  1689 D CommandListener: Trying to bring down wlan0
02-20 20:46:05.381  1374  1689 D CommandListener: Clearing all IP addresses on wlan0
02-20 20:46:05.382  1667  1735 E WifiMonitor: killSupplicant p2pfalse init.svc.wpa_supplicant=unknown init.svc.p2p_supplicant=unknown
02-20 20:46:05.383  1667  1735 E wifi    : Can not initialize the vendor function pointer table
02-20 20:46:05.383  1667  1735 E WifiNative-HAL: Could not start hal
02-20 20:46:05.441     0     0 D SELinux : initialized (dev fuse, type fuse), uses genfs_contexts
02-20 20:46:05.442     0     0 D SELinux : initialized (dev fuse, type fuse), uses genfs_contexts
02-20 20:46:05.444     0     0 D SELinux : initialized (dev fuse, type fuse), uses genfs_contexts
02-20 20:46:05.450     0     0 D ieee80211 phy1: hw scan 2452 MHz
02-20 20:46:05.383  1667  1735 E WifiStateMachine: Failed to start HAL
02-20 20:46:05.392  1667  1735 D WifiMonitor: startMonitoring(wlan0) with mConnected = false
02-20 20:46:05.393  1667  1735 E WifiHW  : Unable to open connection to supplicant on "@android:wpa_wlan0": No such file or directory
02-20 20:46:05.394  1373  1373 I MediaPlayerService: MediaPlayerService::getOMX
02-20 20:46:05.394  1373  1373 I OMXClient: MuxOMX ctor
02-20 20:46:05.394  1370  1849 I OMXMaster: makeComponentInstance(OMX.google.g711.alaw.decoder) in mediacodec process
02-20 20:46:05.395  1758  1861 I LatinIME:LogUtils: Dictionary info: dictionary = userunigram.en_US ; version = 1519159565 ; date = ?
02-20 20:46:05.397  1758  1861 E ActivityThread: Failed to find provider info for user_dictionary
02-20 20:46:05.397  1758  1861 I LatinIME:LogUtils: Dictionary info: dictionary = UserHistoryDictionary.en_US ; version = 1519159565 ; date = ?
02-20 20:46:05.413  1863  1863 W sdcard  : Device explicitly disabled sdcardfs
02-20 20:46:05.428  1267  1302 V vold    : Waiting for FUSE to spin up...
02-20 20:46:05.478  1667  1727 D VoldConnector: RCV <- {651 public:253,64 2}
02-20 20:46:05.478  1667  1727 D VoldConnector: RCV <- {200 6 Command succeeded}
02-20 20:46:05.479  1667  1726 E VoldConnector: NDC Command {6 volume mount public:253,64 2 0} took too long (556ms)
02-20 20:46:05.479  1802  1802 I art     : System.exit called, status: 0
02-20 20:46:05.479  1802  1802 I AndroidRuntime: VM exiting with result code 0, cleanup skipped.
02-20 20:46:05.480  1807  1807 I art     : System.exit called, status: 0
02-20 20:46:05.480  1807  1807 I AndroidRuntime: VM exiting with result code 0, cleanup skipped.
02-20 20:46:05.494  1373  1373 I MediaPlayerService: MediaPlayerService::getOMX
02-20 20:46:05.494  1373  1373 I OMXClient: MuxOMX ctor
02-20 20:46:05.494  1370  1389 I OMXMaster: makeComponentInstance(OMX.google.g711.mlaw.decoder) in mediacodec process
02-20 20:46:05.510     0     0 D ieee80211 phy0: mac80211_hwsim_start
02-20 20:46:05.510     0     0 D ieee80211 phy0: mac80211_hwsim_add_interface (type=2 mac_addr=02:00:00:44:55:66)
02-20 20:46:05.510     0     0 D ieee80211 phy0: mac80211_hwsim_bss_info_changed(changed=0xe)
02-20 20:46:05.510     0     0 D ieee80211 phy0: ERP_CTS_PROT: 0
02-20 20:46:05.510     0     0 D ieee80211 phy0: ERP_PREAMBLE: 0
02-20 20:46:05.510     0     0 D ieee80211 phy0: ERP_SLOT: 0
02-20 20:46:05.510     0     0 D ieee80211 phy0: mac80211_hwsim_conf_tx (queue=0 txop=0 cw_min=15 cw_max=1023 aifs=2)
02-20 20:46:05.510     0     0 D ieee80211 phy0: mac80211_hwsim_conf_tx (queue=1 txop=0 cw_min=15 cw_max=1023 aifs=2)
02-20 20:46:05.510     0     0 D ieee80211 phy0: mac80211_hwsim_conf_tx (queue=2 txop=0 cw_min=15 cw_max=1023 aifs=2)
02-20 20:46:05.510     0     0 D ieee80211 phy0: mac80211_hwsim_conf_tx (queue=3 txop=0 cw_min=15 cw_max=1023 aifs=2)
02-20 20:46:05.510     0     0 D ieee80211 phy0: mac80211_hwsim_bss_info_changed(changed=0x2000)
02-20 20:46:05.510     0     0 D ieee80211 phy0: mac80211_hwsim_config (freq=0 idle=0 ps=0 smps=auto)
02-20 20:46:05.510     0     0 I IPv6    : ADDRCONF(NETDEV_UP): wlan0: link is not ready
02-20 20:46:05.511     0     0 D ieee80211 phy0: mac80211_hwsim_configure_filter
02-20 20:46:05.508  1865  1865 I wpa_supplicant: Successfully initialized wpa_supplicant
02-20 20:46:05.510  1865  1865 I wpa_supplicant: rfkill: Cannot open RFKILL control device
02-20 20:46:05.512  1865  1865 I wpa_supplicant: nl80211: Could not re-add multicast membership for vendor events: -2 (No such file or directory)
02-20 20:46:05.518  1667  1667 D NetworkPolicy: setRestrictBackgroundUL(): false
02-20 20:46:05.518  1667  1667 W NetworkManagement: setDataSaverMode(): already false
02-20 20:46:05.541  1373  1373 I MediaPlayerService: MediaPlayerService::getOMX
02-20 20:46:05.541  1373  1373 I OMXClient: MuxOMX ctor
02-20 20:46:05.541  1370  1370 I OMXMaster: makeComponentInstance(OMX.google.vorbis.decoder) in mediacodec process
02-20 20:46:05.561  1764  1764 I vol.Events: writeEvent collection_started
02-20 20:46:05.575  1764  1888 I sysui_action: [213,2]
02-20 20:46:05.575  1764  1888 I vol.Events: writeEvent external_ringer_mode_changed normal
02-20 20:46:05.575  1764  1888 I vol.Events: writeEvent internal_ringer_mode_changed normal
02-20 20:46:05.580     0     0 D ieee80211 phy1: hw scan 2457 MHz
02-20 20:46:05.581  1373  1373 I MediaPlayerService: MediaPlayerService::getOMX
02-20 20:46:05.581  1373  1373 I OMXClient: MuxOMX ctor
02-20 20:46:05.581  1370  1370 I OMXMaster: makeComponentInstance(OMX.google.opus.decoder) in mediacodec process
02-20 20:46:05.591  1865  1865 E wpa_supplicant: global ctrl interface @android:wpa_wlan0 matches ctrl interface wlan0 - do not open per-interface ctrl interface
02-20 20:46:05.622  1373  1373 I MediaPlayerService: MediaPlayerService::getOMX
02-20 20:46:05.623  1373  1373 I OMXClient: MuxOMX ctor
02-20 20:46:05.623  1370  1370 I OMXMaster: makeComponentInstance(OMX.google.raw.decoder) in mediacodec process
02-20 20:46:05.627  1667  1667 I SystemServiceManager: Starting phase 600
02-20 20:46:05.628  1373  1373 I MediaPlayerService: MediaPlayerService::getOMX
02-20 20:46:05.629  1373  1373 I OMXClient: MuxOMX ctor
02-20 20:46:05.629  1370  1849 I OMXMaster: makeComponentInstance(OMX.google.aac.encoder) in mediacodec process
02-20 20:46:05.640  1667  1678 W art     : Suspending all threads took: 5.957ms
02-20 20:46:05.646  1373  1373 I MediaPlayerService: MediaPlayerService::getOMX
02-20 20:46:05.646  1373  1373 I OMXClient: MuxOMX ctor
02-20 20:46:05.646  1370  1389 I OMXMaster: makeComponentInstance(OMX.google.amrnb.encoder) in mediacodec process
02-20 20:46:05.646  1667  1667 D SensorNotificationService: Cannot obtain dynamic meta sensor, not supported.
02-20 20:46:05.647  1667  1678 I art     : Background sticky concurrent mark sweep GC freed 46877(2MB) AllocSpace objects, 13(272KB) LOS objects, 14% free, 21MB/24MB, paused 7.678ms total 19.150ms
02-20 20:46:05.650  1667  1667 D TelephonyRegistry: listen oscl: hasNotifySubscriptionInfoChangedOccurred==false no callback
02-20 20:46:05.659  1667  1694 W WindowManager: Keyguard drawn timeout. Setting mKeyguardDrawComplete
02-20 20:46:05.671  1373  1373 I MediaPlayerService: MediaPlayerService::getOMX
02-20 20:46:05.671  1373  1373 I OMXClient: MuxOMX ctor
02-20 20:46:05.671  1370  1370 I OMXMaster: makeComponentInstance(OMX.google.amrwb.encoder) in mediacodec process
02-20 20:46:05.673  1758  1861 I LatinIME:LogUtils: Dictionary info: dictionary = main:en ; version = 54 ; date = 1414726273
02-20 20:46:05.678  1667  1667 I GnssLocationProvider: WakeLock acquired by sendMessage(13, 0, null)
02-20 20:46:05.678  1373  1373 I MediaPlayerService: MediaPlayerService::getOMX
02-20 20:46:05.678  1373  1373 I OMXClient: MuxOMX ctor
02-20 20:46:05.678  1370  1370 I OMXMaster: makeComponentInstance(OMX.google.flac.encoder) in mediacodec process
02-20 20:46:05.680  1667  1692 W GnssLocationProvider: Could not open GPS configuration file /etc/gps.conf
02-20 20:46:05.680  1667  1692 E GnssLocationProvider: no AGPS interface in set_agps_server
02-20 20:46:05.680  1667  1692 D TelephonyRegistry: listen oscl: hasNotifySubscriptionInfoChangedOccurred==false no callback
02-20 20:46:05.681  1667  1667 W LocationProviderProxy-network: Odd, no component found for service com.android.location.service.v3.NetworkLocationProvider
02-20 20:46:05.700     0     0 D ieee80211 phy1: hw scan 2462 MHz
02-20 20:46:05.702  1667  1667 W GeocoderProxy: Odd, no component found for service com.android.location.service.GeocodeProvider
02-20 20:46:05.702  1667  1667 E FlpHardwareProvider: Error hw_get_module 'flp': -2
02-20 20:46:05.702  1667  1667 D LocationManagerService: FLP HAL not supported
02-20 20:46:05.706  1667  1667 W GeofenceProxy: Odd, no component found for service com.android.location.service.GeofenceProvider
02-20 20:46:05.709  1667  1667 E ActivityRecognitionHardware: Error hw_get_module: -2
02-20 20:46:05.709  1667  1667 D LocationManagerService: Hardware Activity-Recognition not supported.
02-20 20:46:05.709  1667  1667 W ActivityRecognitionProxy: Odd, no component found for service com.android.location.service.ActivityRecognitionProvider
02-20 20:46:05.713  1373  1373 I MediaPlayerService: MediaPlayerService::getOMX
02-20 20:46:05.713  1373  1373 I OMXClient: MuxOMX ctor
02-20 20:46:05.713  1370  1849 I OMXMaster: makeComponentInstance(OMX.google.gsm.decoder) in mediacodec process
02-20 20:46:05.714  1667  1667 I GnssLocationProvider: WakeLock acquired by sendMessage(2, 1, null)
02-20 20:46:05.715  1667  1692 I GnssLocationProvider: WakeLock released by handleMessage(13, 0, null)
02-20 20:46:05.715  1667  1692 E GnssLocationProvider: no AGPS interface in set_agps_server
02-20 20:46:05.715  1667  1692 I GnssLocationProvider: WakeLock released by handleMessage(2, 1, null)
02-20 20:46:05.721  1667  1667 I CommonTimeManagementService: No common time service detected on this platform.  Common time services will be unavailable.
02-20 20:46:05.721  1667  1667 D TelephonyRegistry: systemRunning register for intents
02-20 20:46:05.722  1667  1667 I MmsServiceBroker: Delay connecting to MmsService until an API is called
02-20 20:46:05.740  1373  1373 I MediaPlayerService: MediaPlayerService::getOMX
02-20 20:46:05.740  1373  1373 I OMXClient: MuxOMX ctor
02-20 20:46:05.740  1370  1849 I OMXMaster: makeComponentInstance(OMX.google.mpeg4.decoder) in mediacodec process
02-20 20:46:05.761  1667  1725 I InputReader: Reconfiguring input devices.  changes=0x00000020
02-20 20:46:05.763  1667  1667 I am_proc_start: [0,1914,1001,com.android.phone,added application,com.android.phone]
02-20 20:46:05.763  1667  1667 I ActivityManager: Start proc 1914:com.android.phone/1001 for added application com.android.phone
02-20 20:46:05.763  1667  1667 I ActivityManager: START u0 {act=android.intent.action.MAIN cat=[android.intent.category.HOME] flg=0x10000100 cmp=com.android.settings/.FallbackHome} from uid 0 on display 0
02-20 20:46:05.764  1667  1667 W System  : ClassLoader referenced unknown path: 
02-20 20:46:05.764  1667  1667 W System  : ClassLoader referenced unknown path: /system/priv-app/Settings/lib/x86_64
02-20 20:46:05.764  1667  1667 D ApplicationLoaders: ignored Vulkan layer search path /system/priv-app/Settings/lib/x86_64:/system/priv-app/Settings/Settings.apk!/lib/x86_64:/system/lib64:/vendor/lib64 for namespace 0x747715ebf160
02-20 20:46:05.767  1667  1725 I InputReader: Reconfiguring input devices.  changes=0x00000010
02-20 20:46:05.776  1667  1667 I ActivityManager: Loaded persisted task ids for user 0
02-20 20:46:05.777  1667  1667 I am_create_task: [0,1]
02-20 20:46:05.777  1667  1667 I am_create_activity: [0,59786432,1,com.android.settings/.FallbackHome,android.intent.action.MAIN,NULL,NULL,276824320]
02-20 20:46:05.777  1667  1667 I wm_task_created: [1,0]
02-20 20:46:05.778  1667  1667 I wm_task_moved: [1,1,0]
02-20 20:46:05.778  1667  1667 I wm_task_moved: [1,1,0]
02-20 20:46:05.779  1667  1667 I am_focused_activity: [0,com.android.settings/.FallbackHome,startedActivity]
02-20 20:46:05.783  1914  1914 W art     : Unexpected CPU variant for X86 using defaults: x86_64
02-20 20:46:05.792  1667  1667 I am_proc_start: [0,1920,1000,com.android.settings,activity,com.android.settings/.FallbackHome]
02-20 20:46:05.792  1667  1667 I ActivityManager: Start proc 1920:com.android.settings/1000 for activity com.android.settings/.FallbackHome
02-20 20:46:05.794  1667  1667 I SystemServer: Enabled StrictMode for system server main thread.
02-20 20:46:05.798  1370  1389 E OMXNodeInstance: getExtensionIndex(55a000f:google.mpeg4.decoder, OMX.google.android.index.configureVideoTunnelMode) ERROR: UnsupportedIndex(0x8000101a)
02-20 20:46:05.799  1370  1370 W OMXNodeInstance: [55a000f:google.mpeg4.decoder] component does not support metadata mode; using fallback
02-20 20:46:05.801  1920  1920 W art     : Unexpected CPU variant for X86 using defaults: x86_64
02-20 20:46:05.802  1667  1667 D ConditionProviders.SCP: onConnected
02-20 20:46:05.802  1667  1667 D ZenLog  : set_zen_mode: off,readXml
02-20 20:46:05.803  1373  1373 I MediaPlayerService: MediaPlayerService::getOMX
02-20 20:46:05.803  1373  1373 I OMXClient: MuxOMX ctor
02-20 20:46:05.803  1370  1849 I OMXMaster: makeComponentInstance(OMX.google.h263.decoder) in mediacodec process
02-20 20:46:05.805  1667  1667 D ConditionProviders: Subscribing to condition://android/schedule?days=6.7&start=23.30&end=10.0&exitAtAlarm=false with ComponentInfo{android/com.android.server.notification.ScheduleConditionProvider}
02-20 20:46:05.805  1667  1667 D ZenLog  : subscribe: condition://android/schedule?days=6.7&start=23.30&end=10.0&exitAtAlarm=false,ok
02-20 20:46:05.805  1667  1667 D ConditionProviders: Subscribing to condition://android/event?userId=-10000&calendar=&reply=1 with ComponentInfo{android/com.android.server.notification.EventConditionProvider}
02-20 20:46:05.805  1667  1667 D ZenLog  : subscribe: condition://android/event?userId=-10000&calendar=&reply=1,ok
02-20 20:46:05.805  1667  1667 D ConditionProviders: Subscribing to condition://android/schedule?days=1.2.3.4.5&start=22.0&end=7.0&exitAtAlarm=false with ComponentInfo{android/com.android.server.notification.ScheduleConditionProvider}
02-20 20:46:05.805  1667  1667 D ZenLog  : subscribe: condition://android/schedule?days=1.2.3.4.5&start=22.0&end=7.0&exitAtAlarm=false,ok
02-20 20:46:05.806  1667  1692 W LocationProviderProxy-network: Odd, no component found for service com.android.location.service.v3.NetworkLocationProvider
02-20 20:46:05.806  1667  1692 W GeocoderProxy: Odd, no component found for service com.android.location.service.GeocodeProvider
02-20 20:46:05.806  1667  1692 W GeofenceProxy: Odd, no component found for service com.android.location.service.GeofenceProvider
02-20 20:46:05.806  1667  1692 W ActivityRecognitionProxy: Odd, no component found for service com.android.location.service.ActivityRecognitionProvider
02-20 20:46:05.830     0     0 D ieee80211 phy1: hw scan complete
02-20 20:46:05.830     0     0 D ieee80211 phy1: mac80211_hwsim_get_survey (idx=0)
02-20 20:46:05.807  1667  1691 I am_proc_bound: [0,1914,com.android.phone]
02-20 20:46:05.829  1667  1667 D RttService: SCAN_AVAILABLE : 1
02-20 20:46:05.829  1667  1667 D ZenLog  : set_zen_mode: off,cleanUpZenRules
02-20 20:46:05.830  1667  1740 I WifiScanningService: wifi driver unloaded
02-20 20:46:05.831  1667  1741 D RttService: DefaultState got{ when=-2ms what=160513 target=com.android.internal.util.StateMachine$SmHandler }
02-20 20:46:05.847  1667  1667 W System  : ClassLoader referenced unknown path: /system/priv-app/Telecom/lib/x86_64
02-20 20:46:05.848  1667  1667 D ApplicationLoaders: ignored Vulkan layer search path /system/priv-app/Telecom/lib/x86_64:/system/priv-app/Telecom/Telecom.apk!/lib/x86_64:/system/lib64:/vendor/lib64 for namespace 0x747715ebf1d0
02-20 20:46:05.858  1667  1691 I stream_devices_changed: [0,0,2]
02-20 20:46:05.859  1667  1691 I stream_devices_changed: [2,0,2]
02-20 20:46:05.867  1914  1914 W System  : ClassLoader referenced unknown path: /system/priv-app/TeleService/lib/x86_64
02-20 20:46:05.871  1514  1514 E hostapd : Using interface wlan1 with hwaddr 02:00:00:00:01:00 and ssid "AndroidWifi"
02-20 20:46:05.872  1514  1514 I hostapd : wlan1: interface state HT_SCAN->ENABLED
02-20 20:46:05.872  1514  1514 I hostapd : wlan1: AP-ENABLED 
02-20 20:46:05.873  1667  1691 I stream_devices_changed: [3,0,2]
02-20 20:46:05.874  1667  1691 I stream_devices_changed: [6,0,2]
02-20 20:46:05.875  1667  1690 I am_proc_bound: [0,1920,com.android.settings]
02-20 20:46:05.891  1370  1370 E OMXNodeInstance: getExtensionIndex(55a0010:google.h263.decoder, OMX.google.android.index.configureVideoTunnelMode) ERROR: UnsupportedIndex(0x8000101a)
02-20 20:46:05.891  1370  1389 W OMXNodeInstance: [55a0010:google.h263.decoder] component does not support metadata mode; using fallback
02-20 20:46:05.893  1373  1373 I MediaPlayerService: MediaPlayerService::getOMX
02-20 20:46:05.893  1373  1373 I OMXClient: MuxOMX ctor
02-20 20:46:05.893  1370  1849 I OMXMaster: makeComponentInstance(OMX.google.h264.decoder) in mediacodec process
02-20 20:46:05.872     0     0 D ieee80211 phy1: add channel context control: 2447 MHz/width: 2/cfreqs:2437/0 MHz
02-20 20:46:05.872     0     0 D ieee80211 phy1: mac80211_hwsim_bss_info_changed(changed=0x40000)
02-20 20:46:05.872     0     0 D ieee80211 phy1: TX Power: 20 dBm
02-20 20:46:05.872     0     0 D ieee80211 phy1: mac80211_hwsim_bss_info_changed(changed=0x4000)
02-20 20:46:05.872     0     0 D ieee80211 phy1: change channel context control: 2447 MHz/width: 2/cfreqs:2437/0 MHz
02-20 20:46:05.872     0     0 D ieee80211 phy1: mac80211_hwsim_bss_info_changed(changed=0x88340)
02-20 20:46:05.872     0     0 D ieee80211 phy1: BCNINT: 100
02-20 20:46:05.872     0     0 D ieee80211 phy1: BCN EN: 1
02-20 20:46:05.872     0     0 D ieee80211 phy1: mac80211_hwsim_bss_info_changed(changed=0x3e)
02-20 20:46:05.872     0     0 D ieee80211 phy1: ERP_CTS_PROT: 0
02-20 20:46:05.872     0     0 D ieee80211 phy1: ERP_PREAMBLE: 0
02-20 20:46:05.872     0     0 D ieee80211 phy1: ERP_SLOT: 1
02-20 20:46:05.872     0     0 D ieee80211 phy1: HT: op_mode=0x0
02-20 20:46:05.872     0     0 D ieee80211 phy1: BASIC_RATES: 0xf
02-20 20:46:05.872     0     0 D ieee80211 phy1: mac80211_hwsim_conf_tx (queue=0 txop=47 cw_min=3 cw_max=7 aifs=1)
02-20 20:46:05.872     0     0 D ieee80211 phy1: mac80211_hwsim_bss_info_changed(changed=0x2000)
02-20 20:46:05.872     0     0 D ieee80211 phy1: mac80211_hwsim_conf_tx (queue=1 txop=94 cw_min=7 cw_max=15 aifs=1)
02-20 20:46:05.872     0     0 D ieee80211 phy1: mac80211_hwsim_bss_info_changed(changed=0x2000)
02-20 20:46:05.872     0     0 D ieee80211 phy1: mac80211_hwsim_conf_tx (queue=2 txop=0 cw_min=15 cw_max=63 aifs=3)
02-20 20:46:05.872     0     0 D ieee80211 phy1: mac80211_hwsim_bss_info_changed(changed=0x2000)
02-20 20:46:05.872     0     0 D ieee80211 phy1: mac80211_hwsim_conf_tx (queue=3 txop=0 cw_min=15 cw_max=1023 aifs=7)
02-20 20:46:05.872     0     0 D ieee80211 phy1: mac80211_hwsim_bss_info_changed(changed=0x2000)
02-20 20:46:05.872     0     0 I IPv6    : ADDRCONF(NETDEV_CHANGE): wlan1: link becomes ready
02-20 20:46:05.872     0     0 D ieee80211 phy1: mac80211_hwsim_configure_filter
02-20 20:46:05.917  1312  1325 D PermissionCache: checking android.permission.READ_FRAME_BUFFER for uid=1000 => granted (273 us)
02-20 20:46:05.942  1667  1667 E BluetoothAdapter: Bluetooth binder is null
02-20 20:46:05.948  1373  1373 W ACodec  : [OMX.google.h264.decoder] stopping checking profiles after 32: 2/8000
02-20 20:46:05.948  1370  1849 E OMXNodeInstance: getExtensionIndex(55a0011:google.h264.decoder, OMX.google.android.index.configureVideoTunnelMode) ERROR: UnsupportedIndex(0x8000101a)
02-20 20:46:05.948  1370  1389 W OMXNodeInstance: [55a0011:google.h264.decoder] component does not support metadata mode; using fallback
02-20 20:46:05.950  1373  1373 I MediaPlayerService: MediaPlayerService::getOMX
02-20 20:46:05.950  1373  1373 I OMXClient: MuxOMX ctor
02-20 20:46:05.950  1370  1370 I OMXMaster: makeComponentInstance(OMX.google.hevc.decoder) in mediacodec process
02-20 20:46:05.959  1312  1325 D gralloc_ranchu: gralloc_alloc: Creating ashmem region of size 17051648
02-20 20:46:05.972  1370  1389 E OMXNodeInstance: getExtensionIndex(55a0012:google.hevc.decoder, OMX.google.android.index.configureVideoTunnelMode) ERROR: UnsupportedIndex(0x8000101a)
02-20 20:46:05.972  1370  1849 W OMXNodeInstance: [55a0012:google.hevc.decoder] component does not support metadata mode; using fallback
02-20 20:46:05.974  1373  1373 I MediaPlayerService: MediaPlayerService::getOMX
02-20 20:46:05.974  1373  1373 I OMXClient: MuxOMX ctor
02-20 20:46:05.975  1370  1370 I OMXMaster: makeComponentInstance(OMX.google.vp8.decoder) in mediacodec process
02-20 20:46:05.999  1370  1849 E OMXNodeInstance: getExtensionIndex(55a0013:google.vp8.decoder, OMX.google.android.index.configureVideoTunnelMode) ERROR: UnsupportedIndex(0x8000101a)
02-20 20:46:05.999  1370  1389 W OMXNodeInstance: [55a0013:google.vp8.decoder] component does not support metadata mode; using fallback
02-20 20:46:06.000  1373  1373 I MediaPlayerService: MediaPlayerService::getOMX
02-20 20:46:06.000  1373  1373 I OMXClient: MuxOMX ctor
02-20 20:46:06.000  1370  1370 I OMXMaster: makeComponentInstance(OMX.google.vp9.decoder) in mediacodec process
02-20 20:46:06.018  1370  1849 E OMXNodeInstance: getExtensionIndex(55a0014:google.vp9.decoder, OMX.google.android.index.configureVideoTunnelMode) ERROR: UnsupportedIndex(0x8000101a)
02-20 20:46:06.018  1370  1389 W OMXNodeInstance: [55a0014:google.vp9.decoder] component does not support metadata mode; using fallback
02-20 20:46:06.020  1373  1373 I MediaPlayerService: MediaPlayerService::getOMX
02-20 20:46:06.020  1373  1373 I OMXClient: MuxOMX ctor
02-20 20:46:06.020  1370  1370 I OMXMaster: makeComponentInstance(OMX.google.h263.encoder) in mediacodec process
02-20 20:46:06.033  1370  1370 I SoftMPEG4Encoder: Construct SoftMPEG4Encoder
02-20 20:46:06.035  1373  1373 W ACodec  : do not know color format 0x7f000789 = 2130708361
02-20 20:46:06.035  1370  1849 E OMXNodeInstance: getConfig(55a0015:google.h263.encoder, ConfigAndroidIntraRefresh(0x6f60000a)) ERROR: Undefined(0x80001001)
02-20 20:46:06.037  1373  1373 I MediaPlayerService: MediaPlayerService::getOMX
02-20 20:46:06.038  1373  1373 I OMXClient: MuxOMX ctor
02-20 20:46:06.038  1370  1370 I OMXMaster: makeComponentInstance(OMX.google.h264.encoder) in mediacodec process
02-20 20:46:06.075  1667  1790 W art     : Long monitor contention with owner Binder:1667_1 (1690) at void com.android.server.wm.WindowManagerService.startAppFreezingScreen(android.os.IBinder, int)(WindowManagerService.java:4812) waiters=0 in float com.android.server.wm.WindowManagerService.getCurrentAnimatorScale() for 169ms
02-20 20:46:06.075  1667  1790 I dvm_lock_sample: [system_server,1,Binder:1667_4,169,WindowManagerService.java,5760,-,4812,33]
02-20 20:46:06.076  1667  1690 I am_restart_activity: [0,59786432,1,com.android.settings/.FallbackHome]
02-20 20:46:06.078  1667  1700 W art     : Long monitor contention with owner Binder:1667_1 (1690) at void com.android.server.am.ActivityManagerService.attachApplication(android.app.IApplicationThread)(ActivityManagerService.java:6669) waiters=1 in void com.android.server.am.ActivityManagerService$LocalService.notifyAppTransitionCancelled() for 190ms
02-20 20:46:06.078  1667  1700 I dvm_lock_sample: [system_server,1,android.display,190,ActivityManagerService.java,21995,-,6669,38]
02-20 20:46:06.078  1667  1667 W art     : Long monitor contention with owner Binder:1667_1 (1690) at void com.android.server.am.ActivityManagerService.attachApplication(android.app.IApplicationThread)(ActivityManagerService.java:6669) waiters=3 in android.content.Intent com.android.server.am.ActivityManagerService.registerReceiver(android.app.IApplicationThread, java.lang.String, android.content.IIntentReceiver, android.content.IntentFilter, java.lang.String, int) for 127ms
02-20 20:46:06.078  1667  1667 I dvm_lock_sample: [system_server,1,main,127,ActivityManagerService.java,17547,-,6669,25]
02-20 20:46:06.084  1667  1691 I stream_devices_changed: [4,0,2]
02-20 20:46:06.084  1764  1888 I vol.Events: writeEvent level_changed STREAM_ALARM 6
02-20 20:46:06.085  1764  1888 I vol.Events: writeEvent level_changed STREAM_BLUETOOTH_SCO 7
02-20 20:46:06.088  1373  1373 W ACodec  : do not know color format 0x7f000789 = 2130708361
02-20 20:46:06.088  1373  1373 I MediaPlayerService: MediaPlayerService::getOMX
02-20 20:46:06.089  1373  1373 I OMXClient: MuxOMX ctor
02-20 20:46:06.089  1370  1849 I OMXMaster: makeComponentInstance(OMX.google.mpeg4.encoder) in mediacodec process
02-20 20:46:06.092  1764  1888 I vol.Events: writeEvent level_changed STREAM_MUSIC 11
02-20 20:46:06.097  1920  1920 W System  : ClassLoader referenced unknown path: /system/priv-app/Settings/lib/x86_64
02-20 20:46:06.106  1667  1667 I Telecom : SystemStateProvider: Registering car mode receiver: android.content.IntentFilter@562729b: TS.init@AAA
02-20 20:46:06.107  1914  1914 W System  : ClassLoader referenced unknown path: /system/priv-app/TelephonyProvider/lib/x86_64
02-20 20:46:06.107  1914  1914 D ApplicationLoaders: ignored Vulkan layer search path /system/priv-app/TelephonyProvider/lib/x86_64:/system/lib64:/vendor/lib64 for namespace 0x747715ec00f0
02-20 20:46:06.111  1764  1888 I vol.Events: writeEvent level_changed STREAM_RING 5
02-20 20:46:06.112  1764  1888 I vol.Events: writeEvent level_changed STREAM_SYSTEM 5
02-20 20:46:06.112  1764  1888 I vol.Events: writeEvent level_changed STREAM_VOICE_CALL 4
02-20 20:46:06.114  1312  1325 E SurfaceFlinger: ro.sf.lcd_density must be defined as a build property
02-20 20:46:06.117  1667  1970 I Telecom : Telecom: Non-call EVENT: AUDIO_ROUTE, Entering state QuiescentEarpieceRoute
02-20 20:46:06.121  1667  1971 I Telecom : CallAudioModeStateMachine: Message received: null.: TS.init->CAMSM.pM_1@AAA_0
02-20 20:46:06.130  1764  1764 D         : HostConnection::get() New Host Connection established 0x74770736d5a0, tid 1764
02-20 20:46:06.130  1667  1667 E BluetoothAdapter: Bluetooth binder is null
02-20 20:46:06.137  1370  1849 I SoftMPEG4Encoder: Construct SoftMPEG4Encoder
02-20 20:46:06.137  1373  1373 W ACodec  : do not know color format 0x7f000789 = 2130708361
02-20 20:46:06.137  1370  1389 E OMXNodeInstance: getConfig(55a0017:google.mpeg4.encoder, ConfigAndroidIntraRefresh(0x6f60000a)) ERROR: Undefined(0x80001001)
02-20 20:46:06.139  1373  1373 I MediaPlayerService: MediaPlayerService::getOMX
02-20 20:46:06.139  1373  1373 I OMXClient: MuxOMX ctor
02-20 20:46:06.139  1370  1849 I OMXMaster: makeComponentInstance(OMX.google.vp8.encoder) in mediacodec process
02-20 20:46:06.141  1667  1972 E ActivityThread: Failed to find provider info for call_log
02-20 20:46:06.169  1667  1667 I Telecom : Class: TelecomSystem.INSTANCE being set
02-20 20:46:06.169  1667  1667 E BluetoothAdapter: Bluetooth binder is null
02-20 20:46:06.171  1667  1667 W ContextImpl: Calling a method in the system process without a qualified user: android.app.ContextImpl.startService:1357 com.android.server.content.SyncManager$13.run:658 android.os.Handler.handleCallback:751 android.os.Handler.dispatchMessage:95 android.os.Looper.loop:154 
02-20 20:46:06.183  1764  1764 D StorageNotification: Notifying about private volume: VolumeInfo{private}:
02-20 20:46:06.183  1764  1764 D StorageNotification:     type=PRIVATE diskId=null partGuid=null mountFlags=0 mountUserId=-1 
02-20 20:46:06.183  1764  1764 D StorageNotification:     state=MOUNTED 
02-20 20:46:06.183  1764  1764 D StorageNotification:     fsType=null fsUuid=null fsLabel=null 
02-20 20:46:06.183  1764  1764 D StorageNotification:     path=/data internalPath=null 
02-20 20:46:06.189  1764  1764 D StorageNotification: Notifying about public volume: VolumeInfo{public:253,64}:
02-20 20:46:06.189  1764  1764 D StorageNotification:     type=PUBLIC diskId=disk:253,64 partGuid=null mountFlags=VISIBLE 
02-20 20:46:06.189  1764  1764 D StorageNotification:     mountUserId=0 state=MOUNTED 
02-20 20:46:06.189  1764  1764 D StorageNotification:     fsType=vfat fsUuid=1E12-0B12 fsLabel=SDCARD 
02-20 20:46:06.189  1764  1764 D StorageNotification:     path=/storage/1E12-0B12 internalPath=/mnt/media_rw/1E12-0B12 
02-20 20:46:06.190  1914  1914 D TelephonyProvider: dbh.onOpen: ok, queried table=siminfo
02-20 20:46:06.190  1914  1914 D TelephonyProvider: dbh.onOpen: ok, queried table=carriers
02-20 20:46:06.210  1373  1373 W ACodec  : do not know color format 0x7f000789 = 2130708361
02-20 20:46:06.210  1370  1389 E OMXNodeInstance: getConfig(55a0018:google.vp8.encoder, ConfigAndroidIntraRefresh(0x6f60000a)) ERROR: Undefined(0x80001001)
02-20 20:46:06.211  1373  1373 I MediaPlayerService: MediaPlayerService::getOMX
02-20 20:46:06.211  1373  1373 I OMXClient: MuxOMX ctor
02-20 20:46:06.213  1373  1373 I MediaPlayerService: MediaPlayerService::getOMX
02-20 20:46:06.214  1373  1373 I OMXClient: MuxOMX ctor
02-20 20:46:06.214  1373  1373 W MediaCodecList: unable to open media codecs configuration xml file: /data/misc/media/media_codecs_profiling_results.xml
02-20 20:46:06.215  1373  1845 I MediaPlayerService: MediaPlayerService::getOMX
02-20 20:46:06.215  1764  1844 I OMXClient: MuxOMX ctor
02-20 20:46:06.215  1370  1370 I OMXMaster: makeComponentInstance(OMX.google.vorbis.decoder) in mediacodec process
02-20 20:46:06.217  1373  1845 I MediaPlayerService: MediaPlayerService::getOMX
02-20 20:46:06.217  1667  1830 I OMXClient: MuxOMX ctor
02-20 20:46:06.228  1667  1667 W System  : ClassLoader referenced unknown path: /system/priv-app/FusedLocation/lib/x86_64
02-20 20:46:06.228  1667  1667 D ApplicationLoaders: ignored Vulkan layer search path /system/priv-app/FusedLocation/lib/x86_64:/system/priv-app/FusedLocation/FusedLocation.apk!/lib/x86_64:/system/lib64:/vendor/lib64 for namespace 0x747715ebf240
02-20 20:46:06.238  1370  1849 I OMXMaster: makeComponentInstance(OMX.google.vorbis.decoder) in mediacodec process
02-20 20:46:06.239  1920  1920 I am_on_resume_called: [0,com.android.settings.FallbackHome,LAUNCH_ACTIVITY]
02-20 20:46:06.245  1312  1325 E SurfaceFlinger: ro.sf.lcd_density must be defined as a build property
02-20 20:46:06.251  1920  1920 D         : HostConnection::get() New Host Connection established 0x7477073f8e20, tid 1920
02-20 20:46:06.277  1914  1914 D TDC     : updateOrInsert: inserting: Modem { uuid=modem, state=0, rilModel=0, rat={}, maxActiveVoiceCall=1, maxActiveDataCall=1, maxStandby=1 }
02-20 20:46:06.277  1914  1914 D TDC     : updateOrInsert: inserting: Sim { uuid=sim, modemUuid=modem, state=0 }
02-20 20:46:06.286  1373  1851 I MediaPlayerService: MediaPlayerService::getOMX
02-20 20:46:06.286  1667  1996 I OMXClient: MuxOMX ctor
02-20 20:46:06.286  1370  1993 I OMXMaster: makeComponentInstance(OMX.google.vorbis.decoder) in mediacodec process
02-20 20:46:06.289  1914  1914 D CdmaSSM : subscriptionSource from settings: 0
02-20 20:46:06.289  1914  1914 I PhoneFactory: Cdma Subscription set to 0
02-20 20:46:06.303  1914  1914 I PhoneFactory: Network Mode set to 0
02-20 20:46:06.308  1914  1914 D RILJ    : RIL(context, preferredNetworkType=0 cdmaSubscription=0)
02-20 20:46:06.328  1373  1845 I MediaPlayerService: MediaPlayerService::getOMX
02-20 20:46:06.328  1764  1999 I OMXClient: MuxOMX ctor
02-20 20:46:06.328  1370  1993 I OMXMaster: makeComponentInstance(OMX.google.vorbis.decoder) in mediacodec process
02-20 20:46:06.331  1667  1667 D GpsNetInitiatedHandler: location enabled :true
02-20 20:46:06.331  1667  1667 V WiredAccessoryManager: notifyWiredAccessoryChanged: when=0 bits= mask=54
02-20 20:46:06.331  1667  1667 V WiredAccessoryManager: newName=h2w newState=0 headsetState=0 prev headsetState=0
02-20 20:46:06.331  1667  1667 E WiredAccessoryManager: No state change.
02-20 20:46:06.331  1667  1667 V WiredAccessoryManager: init()
02-20 20:46:06.334  1914  1914 D RILJ    : Starting RILReceiver0 [SUB0]
02-20 20:46:06.336  1375  1467 I RILC    : libril: new connection to RIL_SOCKET_1
02-20 20:46:06.336  1375  1467 I RILC    : RIL Daemon version: android reference-ril 1.0
02-20 20:46:06.336  1914  2003 I RILJ    : (0) Connected to 'rild' socket
02-20 20:46:06.336  1914  2003 D RILJ    : [UNSL]< UNSOL_RIL_CONNECTED {12} [SUB0]
02-20 20:46:06.341  1373  1373 I MediaPlayerService: MediaPlayerService::getOMX
02-20 20:46:06.341  1667  2004 I OMXClient: MuxOMX ctor
02-20 20:46:06.342  1914  1914 D RILJ    : [3648]> GET_HARDWARE_CONFIG [SUB0]
02-20 20:46:06.342  1370  1389 I OMXMaster: makeComponentInstance(OMX.google.vorbis.decoder) in mediacodec process
02-20 20:46:06.343  1914  1914 I PhoneFactory: Creating SubscriptionController
02-20 20:46:06.343  1375  1467 D RIL     : onRequest: GET_HARDWARE_CONFIG
02-20 20:46:06.344  1914  1914 D SubscriptionController: [SubscriptionController] init by Context
02-20 20:46:06.349  1914  2003 D RILJ    : [3649]> RADIO_POWER off [SUB0]
02-20 20:46:06.351  1375  1467 D RIL     : onRequest: RADIO_POWER
02-20 20:46:06.353  1914  2003 D RILJ    : [3650]> RIL_REQUEST_CDMA_SET_SUBSCRIPTION_SOURCE : 0 [SUB0]
02-20 20:46:06.354  1375  1467 D RIL     : onRequest: CDMA_SET_SUBSCRIPTION_SOURCE
02-20 20:46:06.355  1914  2003 D RILJ    : setCellInfoListRate: 2147483647 [SUB0]
02-20 20:46:06.357  1914  2003 D RILJ    : [3651]> RIL_REQUEST_SET_CELL_INFO_LIST_RATE [SUB0]
02-20 20:46:06.357  1375  1467 D RIL     : onRequest: SET_UNSOL_CELL_INFO_LIST_RATE
02-20 20:46:06.358  1914  2003 D RILJ    : [UNSL]< UNSOL_RESPONSE_RADIO_STATE_CHANGED RADIO_OFF [SUB0]
02-20 20:46:06.358  1914  2003 D RILJ    : [3652]> SCREEN_STATE: true [SUB0]
02-20 20:46:06.358  1914  1914 D UiccController: Creating UiccController
02-20 20:46:06.361  1375  1467 D RIL     : onRequest: SCREEN_STATE
02-20 20:46:06.365  1920  1994 D         : HostConnection::get() New Host Connection established 0x7477073f8ee0, tid 1994
02-20 20:46:06.366  1667  1790 I dvm_lock_sample: [system_server,1,Binder:1667_4,43,WindowManagerService.java,2857,-,2857,8]
02-20 20:46:06.371  1920  1994 I OpenGLRenderer: Initialized EGL, version 1.4
02-20 20:46:06.371  1920  1994 D OpenGLRenderer: Swap behavior 1
02-20 20:46:06.375  1914  1914 D TelephonyTester: register for intent action=com.android.internal.telephony.action_detached
02-20 20:46:06.375  1914  1914 D TelephonyTester: register for intent action=com.android.internal.telephony.action_attached
02-20 20:46:06.376  1914  2003 D RILJ    : [UNSL]< UNSOL_NITZ_TIME_RECEIVED 18/02/20:20:46:00+0:0:Unknown!Unknown [SUB0]
02-20 20:46:06.385  1914  2003 D RilRequest: [3648]< GET_HARDWARE_CONFIG error: com.android.internal.telephony.CommandException: RADIO_NOT_AVAILABLE ret=
02-20 20:46:06.387  1914  2003 D RILJ    : [3649]< RADIO_POWER  [SUB0]
02-20 20:46:06.388  1914  2003 D RilRequest: [3650]< RIL_REQUEST_CDMA_SET_SUBSCRIPTION_SOURCE error: com.android.internal.telephony.CommandException: RADIO_NOT_AVAILABLE ret=
02-20 20:46:06.388  1914  2003 D RilRequest: [3651]< RIL_REQUEST_SET_CELL_INFO_LIST_RATE error: com.android.internal.telephony.CommandException: RADIO_NOT_AVAILABLE ret=
02-20 20:46:06.388  1914  2003 D RilRequest: [3652]< SCREEN_STATE error: com.android.internal.telephony.CommandException: RADIO_NOT_AVAILABLE ret=
02-20 20:46:06.390  1373  1404 I MediaPlayerService: MediaPlayerService::getOMX
02-20 20:46:06.390  1667  2009 I OMXClient: MuxOMX ctor
02-20 20:46:06.391  1914  1914 D Phone   : mDoesRilSendMultipleCallRing=true
02-20 20:46:06.391  1914  1914 D Phone   : mCallRingDelay=3000
02-20 20:46:06.396  1920  1994 D EGL_emulation: eglCreateContext: 0x747707379020: maj 3 min 0 rcv 3
02-20 20:46:06.401  1914  1914 D RILJ    : [3653]> RIL_REQUEST_START_LCE [SUB0]
02-20 20:46:06.402  1375  1467 D RIL     : onRequest: <unknown request>
02-20 20:46:06.402  1914  2003 D RilRequest: [3653]< RIL_REQUEST_START_LCE error: com.android.internal.telephony.CommandException: RADIO_NOT_AVAILABLE ret=
02-20 20:46:06.403  1667  1735 D WifiConfigManager: Loading config and enabling all networks 
02-20 20:46:06.407  1370  1993 I OMXMaster: makeComponentInstance(OMX.google.vorbis.decoder) in mediacodec process
02-20 20:46:06.409  1667  1691 I StatusBarManagerService: registerStatusBar bar=com.android.internal.statusbar.IStatusBar$Stub$Proxy@6f6b21b
02-20 20:46:06.414  1667  1735 W WifiNetworkHistory: Upgrading network 0 to android.uid.system:1000
02-20 20:46:06.415  1667  1735 D WifiConfigManager: loaded 0 passpoint configs
02-20 20:46:06.415  1667  1735 E IpConfigStore: Error parsing configuration: java.io.FileNotFoundException: /data/misc/wifi/ipconfig.txt (No such file or directory)
02-20 20:46:06.418  1914  1914 E RIL_ImsSms: getFormat should never be called from here!
02-20 20:46:06.418  1914  1914 D SMSDispatcher: SMSDispatcher: ctor mSmsCapable=true format=unknown mSmsSendDisabled=false
02-20 20:46:06.418  1914  1914 D RIL_ImsSms: ImsSMSDispatcher created
02-20 20:46:06.418  1914  1914 D SMSDispatcher: SMSDispatcher: ctor mSmsCapable=true format=3gpp2 mSmsSendDisabled=false
02-20 20:46:06.418  1914  1914 D CdmaSMSDispatcher: CdmaSMSDispatcher created
02-20 20:46:06.422  1667  1735 D WifiNative-HAL: Setting external_sim to 1
02-20 20:46:06.422  1667  1735 D WifiStateMachine: Setting OUI to DA-A1-19
02-20 20:46:06.424  1667  1735 I WifiConnectivityManager: PNO settings: min5GHzRssi -82 min24GHzRssi -85 currentConnectionBonus 16 sameNetworkBonus 24 secureNetworkBonus 80 initialScoreMax 100
02-20 20:46:06.424  1667  1735 I WifiConnectivityManager: ConnectivityScanManager initialized and disabled
02-20 20:46:06.424  1667  1735 I WifiConnectivityManager: setUntrustedConnectionAllowed: allowed=false
02-20 20:46:06.424  1667  1735 E WifiLogger: no ring buffers found
02-20 20:46:06.424  1667  1735 E WifiLogger: Failed to start packet fate monitoring
02-20 20:46:06.449  1914  1914 D GsmInboundSmsHandler: created InboundSmsHandler
02-20 20:46:06.449  1667  1667 W VibratorService: Tried to stop vibrating but there is no vibrator device.
02-20 20:46:06.451  1667  1667 D ConditionProviders.SCP: onSubscribe condition://android/schedule?days=6.7&start=23.30&end=10.0&exitAtAlarm=false
02-20 20:46:06.452  1667  1667 D ConditionProviders.SCP: setRegistered true
02-20 20:46:06.452  1667  1667 D ConditionProviders.SCP: notifyCondition condition://android/schedule?days=6.7&start=23.30&end=10.0&exitAtAlarm=false STATE_FALSE reason=!meetsSchedule
02-20 20:46:06.453  1667  1667 D ConditionProviders.SCP: Scheduling evaluate for Tue Feb 20 23:30:00 GMT+00:00 2018 (1519169400000), in +2h43m53s548ms, now=Tue Feb 20 20:46:06 GMT+00:00 2018 (1519159566452)
02-20 20:46:06.453  1667  1667 D ConditionProviders.SCP: onSubscribe condition://android/schedule?days=1.2.3.4.5&start=22.0&end=7.0&exitAtAlarm=false
02-20 20:46:06.453  1667  1667 D ConditionProviders.SCP: notifyCondition condition://android/schedule?days=6.7&start=23.30&end=10.0&exitAtAlarm=false STATE_FALSE reason=!meetsSchedule
02-20 20:46:06.453  1667  1667 D ConditionProviders.SCP: notifyCondition condition://android/schedule?days=1.2.3.4.5&start=22.0&end=7.0&exitAtAlarm=false STATE_FALSE reason=!meetsSchedule
02-20 20:46:06.454  1667  1667 D ConditionProviders.SCP: Scheduling evaluate for Tue Feb 20 22:00:00 GMT+00:00 2018 (1519164000000), in +1h13m53s547ms, now=Tue Feb 20 20:46:06 GMT+00:00 2018 (1519159566453)
02-20 20:46:06.460  1920  1994 D EGL_emulation: eglMakeCurrent: 0x747707379020: ver 3 0 (tinfo 0x74771169cf60)
02-20 20:46:06.465  1667  1667 I Telecom : WiredHeadsetManager: ACTION_HEADSET_PLUG event, plugged in: false, : WHC.oADA@AAE
02-20 20:46:06.470  1667  1731 I netstats_mobile_sample: [0,0,0,0,0,0,0,0,0,0,0,0,-1]
02-20 20:46:06.470  1667  1731 I netstats_wifi_sample: [0,0,0,0,0,0,0,0,0,0,0,0,-1]
02-20 20:46:06.480  1914  1914 D CdmaInboundSmsHandler: created InboundSmsHandler
02-20 20:46:06.482  1914  1914 D SMSDispatcher: SMSDispatcher: ctor mSmsCapable=true format=3gpp mSmsSendDisabled=false
02-20 20:46:06.482  1914  1914 D GsmSMSDispatcher: GsmSMSDispatcher created
02-20 20:46:06.483  1914  2025 D CdmaInboundSmsHandler: StartupState.processMessage:6
02-20 20:46:06.483  1914  2025 D CdmaInboundSmsHandler: entering Idle state
02-20 20:46:06.485  1914  1914 D IccCardProxy: ctor: ci=com.android.internal.telephony.RIL@a2565c8 phoneId=0
02-20 20:46:06.485  1914  1914 D CdmaSSM : subscriptionSource from settings: 0
02-20 20:46:06.485  1914  1914 D CdmaSSM : cdmaSSM constructor: 0
