02-20 20:47:15.015  1674  1674 W ActivityManager: Slow operation: 74ms so far, now at startProcess: done starting proc!
02-20 20:47:15.015  1371  1371 I OMXClient: MuxOMX ctor
02-20 20:47:15.015  1368  1368 I OMXMaster: makeComponentInstance(OMX.google.mp3.decoder) in mediacodec process
02-20 20:47:15.016  1268  1303 V vold    : /dev/block/vold/disk:253,64: LABEL="SDCARD" UUID="1E12-0B12" TYPE="vfat" 
02-20 20:47:15.016  1268  1303 V vold    : 
02-20 20:47:15.019  1674  1721 D VoldConnector: RCV <- {650 public:253,64 0 "disk:253,64" ""}
02-20 20:47:15.019  1674  1721 D VoldConnector: RCV <- {651 public:253,64 0}
02-20 20:47:15.019  1674  1721 D VoldConnector: RCV <- {643 disk:253,64}
02-20 20:47:15.019  1674  1721 D VoldConnector: RCV <- {200 3 Command succeeded}
02-20 20:47:15.019  1674  1720 D VoldConnector: SND -> {4 volume user_added 0 0}
02-20 20:47:15.020  1674  1721 D VoldConnector: RCV <- {200 4 Command succeeded}
02-20 20:47:15.031  1796  1796 W art     : Unexpected CPU variant for X86 using defaults: x86_64
02-20 20:47:15.039  1674  1674 I am_proc_start: [0,1796,1037,WebViewLoader-x86_64,,]
02-20 20:47:15.039  1674  1674 I ActivityManager: Start proc 1796:WebViewLoader-x86_64/1037 [android.webkit.WebViewFactory$RelroFileCreator] for 
02-20 20:47:15.042  1674  1687 I am_proc_bound: [0,1754,com.android.inputmethod.latin]
02-20 20:47:15.043  1674  1688 I am_proc_bound: [0,1760,com.android.systemui]
02-20 20:47:15.050  1674  1720 D VoldConnector: SND -> {5 volume mount emulated 3 -1}
02-20 20:47:15.051  1268  1303 V vold    : Waiting for FUSE to spin up...
02-20 20:47:15.051  1674  1721 D VoldConnector: RCV <- {651 emulated 1}
02-20 20:47:15.051  1674  1721 D VoldConnector: RCV <- {656 emulated /data/media}
02-20 20:47:15.051  1674  1721 D VoldConnector: RCV <- {655 emulated /storage/emulated}
02-20 20:47:15.053  1674  1674 D NetworkManagement: enabling bandwidth control
02-20 20:47:15.059  1796  1796 V WebViewFactory: RelroFileCreator (64bit = true),  32-bit lib: /system/app/Chrome/Chrome.apk!/lib/x86/libmonochrome.so, 64-bit lib: /system/app/Chrome/Chrome.apk!/lib/x86_64/libmonochrome.so
02-20 20:47:15.061  1791  1791 W art     : Unexpected CPU variant for X86 using defaults: x86
02-20 20:47:15.084  1760  1760 W System  : ClassLoader referenced unknown path: /system/priv-app/SystemUIGoogle/lib/x86_64
02-20 20:47:15.096  1803  1803 W sdcard  : Device explicitly disabled sdcardfs
02-20 20:47:15.101  1268  1303 V vold    : Waiting for FUSE to spin up...
02-20 20:47:15.146  1791  1791 V WebViewFactory: RelroFileCreator (64bit = false),  32-bit lib: /system/app/Chrome/Chrome.apk!/lib/x86/libmonochrome.so, 64-bit lib: /system/app/Chrome/Chrome.apk!/lib/x86_64/libmonochrome.so
02-20 20:47:15.152  1268  1303 V vold    : Waiting for FUSE to spin up...
02-20 20:47:15.153     0     0 D SELinux : initialized (dev fuse, type fuse), uses genfs_contexts
02-20 20:47:15.172     0     0 D SELinux : initialized (dev fuse, type fuse), uses genfs_contexts
02-20 20:47:15.184     0     0 D SELinux : initialized (dev fuse, type fuse), uses genfs_contexts
02-20 20:47:15.206  1520  1520 I hostapd : wlan1: interface state COUNTRY_UPDATE->HT_SCAN
02-20 20:47:15.206  1674  1721 D VoldConnector: RCV <- {651 emulated 2}
02-20 20:47:15.206  1674  1721 D VoldConnector: RCV <- {200 5 Command succeeded}
02-20 20:47:15.207  1674  1720 D VoldConnector: SND -> {6 volume mount public:253,64 2 0}
02-20 20:47:15.207  1268  1303 V vold    : /system/bin/blkid
02-20 20:47:15.207  1268  1303 V vold    :     -c
02-20 20:47:15.207  1268  1303 V vold    :     /dev/null
02-20 20:47:15.207  1268  1303 V vold    :     -s
02-20 20:47:15.207  1268  1303 V vold    :     TYPE
02-20 20:47:15.207  1268  1303 V vold    :     -s
02-20 20:47:15.207  1268  1303 V vold    :     UUID
02-20 20:47:15.207  1268  1303 V vold    :     -s
02-20 20:47:15.207  1268  1303 V vold    :     LABEL
02-20 20:47:15.207  1268  1303 V vold    :     /dev/block/vold/public:253,64
02-20 20:47:15.207  1674  1721 D VoldConnector: RCV <- {651 public:253,64 1}
02-20 20:47:15.206     0     0 D ieee80211 phy1: mac80211_hwsim_config (freq=0 idle=1 ps=0 smps=auto)
02-20 20:47:15.206     0     0 D ieee80211 phy1: hwsim hw_scan request
02-20 20:47:15.206     0     0 D ieee80211 phy1: hw scan 2412 MHz
02-20 20:47:15.218     0     0 W healthd : battery l=100 v=0 t=0.0 h=2 st=2 chg=a
02-20 20:47:15.217  1373  1503 D AT      : AT< +CGREG: 1,1
02-20 20:47:15.217  1373  1503 D AT      : AT< +CTEC: 1+CREG: 2,1, "0003", "005b"
02-20 20:47:15.217  1373  1503 D RIL     : Response: +CTEC: 1+CREG: 2,1, "0003", "005b"
02-20 20:47:15.217  1373  1503 D RIL     : line remaining after int: 1, "0003", "005b"
02-20 20:47:15.217  1373  1503 D RIL     : setRadioTechnology(1)
02-20 20:47:15.217  1373  1503 D RIL     : Tech change (0 => 1)
02-20 20:47:15.217  1373  1503 D AT      : AT< +CGREG: 1,1
02-20 20:47:15.236  1371  1371 I MediaPlayerService: MediaPlayerService::getOMX
02-20 20:47:15.236  1371  1371 I OMXClient: MuxOMX ctor
02-20 20:47:15.236  1368  1368 I OMXMaster: makeComponentInstance(OMX.google.amrnb.decoder) in mediacodec process
02-20 20:47:15.268  1371  1371 I MediaPlayerService: MediaPlayerService::getOMX
02-20 20:47:15.269  1371  1371 I OMXClient: MuxOMX ctor
02-20 20:47:15.269  1368  1837 I OMXMaster: makeComponentInstance(OMX.google.amrwb.decoder) in mediacodec process
02-20 20:47:15.281  1268  1303 V vold    : /dev/block/vold/public:253,64: LABEL="SDCARD" UUID="1E12-0B12" TYPE="vfat" 
02-20 20:47:15.281  1268  1303 V vold    : 
02-20 20:47:15.282  1268  1303 V vold    : /system/bin/fsck_msdos
02-20 20:47:15.282  1268  1303 V vold    :     -p
02-20 20:47:15.282  1268  1303 V vold    :     -f
02-20 20:47:15.282  1268  1303 V vold    :     /dev/block/vold/public:253,64
02-20 20:47:15.282  1674  1721 D VoldConnector: RCV <- {652 public:253,64 vfat}
02-20 20:47:15.283  1674  1721 D VoldConnector: RCV <- {653 public:253,64 1E12-0B12}
02-20 20:47:15.283  1674  1721 D VoldConnector: RCV <- {654 public:253,64 SDCARD}
02-20 20:47:15.290  1371  1371 I MediaPlayerService: MediaPlayerService::getOMX
02-20 20:47:15.291  1371  1371 I OMXClient: MuxOMX ctor
02-20 20:47:15.291  1368  1383 I OMXMaster: makeComponentInstance(OMX.google.aac.decoder) in mediacodec process
02-20 20:47:15.301  1371  1371 I MediaPlayerService: MediaPlayerService::getOMX
02-20 20:47:15.301  1371  1371 I OMXClient: MuxOMX ctor
02-20 20:47:15.301  1368  1368 I OMXMaster: makeComponentInstance(OMX.google.g711.alaw.decoder) in mediacodec process
02-20 20:47:15.307  1674  1728 D WifiController: DEFERRED_TOGGLE handled
02-20 20:47:15.309  1760  1760 V SystemUIService: Starting SystemUI services for user 0.
02-20 20:47:15.321     0     0 D ieee80211 phy1: hw scan 2417 MHz
02-20 20:47:15.339  1754  1754 I LatinIME: Hardware accelerated drawing: true
02-20 20:47:15.351  1760  1760 V MediaRouter: Adding route: RouteInfo{ name=Phone, description=null, status=null, category=RouteCategory{ name=null types=ROUTE_TYPE_LIVE_AUDIO ROUTE_TYPE_LIVE_VIDEO  groupable=false }, supportedTypes=ROUTE_TYPE_LIVE_AUDIO ROUTE_TYPE_LIVE_VIDEO , presentationDisplay=null }
02-20 20:47:15.353  1760  1760 V MediaRouter: Updating audio routes: AudioRoutesInfo{ type=SPEAKER }
02-20 20:47:15.356  1760  1760 V MediaRouter: Selecting route: RouteInfo{ name=Phone, description=null, status=null, category=RouteCategory{ name=null types=ROUTE_TYPE_LIVE_AUDIO ROUTE_TYPE_LIVE_VIDEO  groupable=false }, supportedTypes=ROUTE_TYPE_LIVE_AUDIO ROUTE_TYPE_LIVE_VIDEO , presentationDisplay=null }
02-20 20:47:15.372  1371  1371 I MediaPlayerService: MediaPlayerService::getOMX
02-20 20:47:15.372  1371  1371 I OMXClient: MuxOMX ctor
02-20 20:47:15.372  1368  1368 I OMXMaster: makeComponentInstance(OMX.google.g711.mlaw.decoder) in mediacodec process
02-20 20:47:15.374  1268  1303 I fsck_msdos: ** /dev/block/vold/public:253,64
02-20 20:47:15.374  1268  1303 I fsck_msdos: ** Phase 1 - Read and Compare FATs
02-20 20:47:15.374  1268  1303 I fsck_msdos: Attempting to allocate 1022 KB for FAT
02-20 20:47:15.411  1796  1796 I art     : System.exit called, status: 0
02-20 20:47:15.411  1796  1796 I AndroidRuntime: VM exiting with result code 0, cleanup skipped.
02-20 20:47:15.413  1791  1791 I art     : System.exit called, status: 0
02-20 20:47:15.413  1791  1791 I AndroidRuntime: VM exiting with result code 0, cleanup skipped.
02-20 20:47:15.415  1674  1788 D TelephonyRegistry: listen oscl: hasNotifySubscriptionInfoChangedOccurred==false no callback
02-20 20:47:15.438  1372  1673 D SoftapController: Softap fwReload - Ok
02-20 20:47:15.439  1268  1303 I fsck_msdos: Attempting to allocate 1022 KB for FAT
02-20 20:47:15.443  1371  1371 I MediaPlayerService: MediaPlayerService::getOMX
02-20 20:47:15.443  1371  1371 I OMXClient: MuxOMX ctor
02-20 20:47:15.443  1368  1368 I OMXMaster: makeComponentInstance(OMX.google.vorbis.decoder) in mediacodec process
02-20 20:47:15.440     0     0 D ieee80211 phy1: hw scan 2422 MHz
02-20 20:47:15.501  1754  1754 W InputAttributes: No editor info for this field. Bug?
02-20 20:47:15.507  1268  1303 I fsck_msdos: ** Phase 2 - Check Cluster Chains
02-20 20:47:15.514  1760  1859 E WVMExtractor: Failed to open libwvm.so: dlopen failed: library "libwvm.so" not found
02-20 20:47:15.516  1371  1371 I MediaPlayerService: MediaPlayerService::getOMX
02-20 20:47:15.516  1371  1371 I OMXClient: MuxOMX ctor
02-20 20:47:15.516  1368  1368 I OMXMaster: makeComponentInstance(OMX.google.opus.decoder) in mediacodec process
02-20 20:47:15.518  1268  1303 I fsck_msdos: ** Phase 3 - Checking Directories
02-20 20:47:15.520  1268  1303 I fsck_msdos: ** Phase 4 - Checking for Lost Files
02-20 20:47:15.521  1268  1303 I fsck_msdos: 27 files, 522176 free (261088 clusters)
02-20 20:47:15.558  1268  1303 I Vold    : Filesystem check completed OK
02-20 20:47:15.558  1674  1721 D VoldConnector: RCV <- {656 public:253,64 /mnt/media_rw/1E12-0B12}
02-20 20:47:15.559  1674  1721 D VoldConnector: RCV <- {655 public:253,64 /storage/1E12-0B12}
02-20 20:47:15.564  1754  1864 I LatinIME:LogUtils: Dictionary info: dictionary = userunigram.en_US ; version = 1519159635 ; date = ?
02-20 20:47:15.565  1371  1371 I MediaPlayerService: MediaPlayerService::getOMX
02-20 20:47:15.565  1371  1371 I OMXClient: MuxOMX ctor
02-20 20:47:15.565  1368  1837 I OMXMaster: makeComponentInstance(OMX.google.raw.decoder) in mediacodec process
02-20 20:47:15.566  1754  1864 E ActivityThread: Failed to find provider info for user_dictionary
02-20 20:47:15.568  1754  1864 I LatinIME:LogUtils: Dictionary info: dictionary = UserHistoryDictionary.en_US ; version = 1519159635 ; date = ?
02-20 20:47:15.561     0     0 D ieee80211 phy1: hw scan 2427 MHz
02-20 20:47:15.567     0     0 W FAT-fs (vde): Volume was not properly unmounted. Some data may be corrupt. Please run fsck.
02-20 20:47:15.568     0     0 D SELinux : initialized (dev vde, type vfat), uses genfs_contexts
02-20 20:47:15.576  1268  1303 V vold    : Waiting for FUSE to spin up...
02-20 20:47:15.580  1371  1371 I MediaPlayerService: MediaPlayerService::getOMX
02-20 20:47:15.580  1371  1371 I OMXClient: MuxOMX ctor
02-20 20:47:15.580  1368  1383 I OMXMaster: makeComponentInstance(OMX.google.aac.encoder) in mediacodec process
02-20 20:47:15.582  1871  1871 W sdcard  : Device explicitly disabled sdcardfs
02-20 20:47:15.585     0     0 D SELinux : initialized (dev fuse, type fuse), uses genfs_contexts
02-20 20:47:15.586     0     0 D SELinux : initialized (dev fuse, type fuse), uses genfs_contexts
02-20 20:47:15.587     0     0 D SELinux : initialized (dev fuse, type fuse), uses genfs_contexts
02-20 20:47:15.591  1371  1371 I MediaPlayerService: MediaPlayerService::getOMX
02-20 20:47:15.591  1371  1371 I OMXClient: MuxOMX ctor
02-20 20:47:15.591  1368  1368 I OMXMaster: makeComponentInstance(OMX.google.amrnb.encoder) in mediacodec process
02-20 20:47:15.596  1371  1371 I MediaPlayerService: MediaPlayerService::getOMX
02-20 20:47:15.596  1371  1371 I OMXClient: MuxOMX ctor
02-20 20:47:15.596  1368  1837 I OMXMaster: makeComponentInstance(OMX.google.amrwb.encoder) in mediacodec process
02-20 20:47:15.601  1371  1371 I MediaPlayerService: MediaPlayerService::getOMX
02-20 20:47:15.601  1371  1371 I OMXClient: MuxOMX ctor
02-20 20:47:15.601  1368  1383 I OMXMaster: makeComponentInstance(OMX.google.flac.encoder) in mediacodec process
02-20 20:47:15.606  1674  1674 W NetworkManagement: setDataSaverMode(): already false
02-20 20:47:15.609  1372  1673 D CommandListener: Setting iface cfg
02-20 20:47:15.609  1372  1673 D CommandListener: Trying to bring down wlan0
02-20 20:47:15.610  1372  1673 D CommandListener: Clearing all IP addresses on wlan0
02-20 20:47:15.612  1674  1729 E WifiMonitor: killSupplicant p2pfalse init.svc.wpa_supplicant=unknown init.svc.p2p_supplicant=unknown
02-20 20:47:15.613  1674  1729 E wifi    : Can not initialize the vendor function pointer table
02-20 20:47:15.613  1674  1729 E WifiNative-HAL: Could not start hal
02-20 20:47:15.613  1674  1729 E WifiStateMachine: Failed to start HAL
02-20 20:47:15.624  1674  1729 D WifiMonitor: startMonitoring(wlan0) with mConnected = false
02-20 20:47:15.627  1674  1721 D VoldConnector: RCV <- {651 public:253,64 2}
02-20 20:47:15.627  1674  1721 D VoldConnector: RCV <- {200 6 Command succeeded}
02-20 20:47:15.621     0     0 I init    : Starting service 'wpa_supplicant'...
02-20 20:47:15.661  1371  1371 I MediaPlayerService: MediaPlayerService::getOMX
02-20 20:47:15.661  1371  1371 I OMXClient: MuxOMX ctor
02-20 20:47:15.661  1368  1837 I OMXMaster: makeComponentInstance(OMX.google.gsm.decoder) in mediacodec process
02-20 20:47:15.680     0     0 D ieee80211 phy1: hw scan 2432 MHz
02-20 20:47:15.690  1754  1864 I LatinIME:LogUtils: Dictionary info: dictionary = main:en ; version = 54 ; date = 1414726273
02-20 20:47:15.696  1674  1674 D NetworkPolicy: setRestrictBackgroundUL(): false
02-20 20:47:15.696  1674  1674 W NetworkManagement: setDataSaverMode(): already false
02-20 20:47:15.704  1371  1371 I MediaPlayerService: MediaPlayerService::getOMX
02-20 20:47:15.704  1371  1371 I OMXClient: MuxOMX ctor
02-20 20:47:15.704  1368  1837 I OMXMaster: makeComponentInstance(OMX.google.mpeg4.decoder) in mediacodec process
02-20 20:47:15.725  1888  1888 I wpa_supplicant: Successfully initialized wpa_supplicant
02-20 20:47:15.726  1888  1888 I wpa_supplicant: rfkill: Cannot open RFKILL control device
02-20 20:47:15.727  1888  1888 I wpa_supplicant: nl80211: Could not re-add multicast membership for vendor events: -2 (No such file or directory)
02-20 20:47:15.726     0     0 D ieee80211 phy0: mac80211_hwsim_start
02-20 20:47:15.726     0     0 D ieee80211 phy0: mac80211_hwsim_add_interface (type=2 mac_addr=02:00:00:44:55:66)
02-20 20:47:15.726     0     0 D ieee80211 phy0: mac80211_hwsim_bss_info_changed(changed=0xe)
02-20 20:47:15.726     0     0 D ieee80211 phy0: ERP_CTS_PROT: 0
02-20 20:47:15.726     0     0 D ieee80211 phy0: ERP_PREAMBLE: 0
02-20 20:47:15.726     0     0 D ieee80211 phy0: ERP_SLOT: 0
02-20 20:47:15.726     0     0 D ieee80211 phy0: mac80211_hwsim_conf_tx (queue=0 txop=0 cw_min=15 cw_max=1023 aifs=2)
02-20 20:47:15.726     0     0 D ieee80211 phy0: mac80211_hwsim_conf_tx (queue=1 txop=0 cw_min=15 cw_max=1023 aifs=2)
02-20 20:47:15.726     0     0 D ieee80211 phy0: mac80211_hwsim_conf_tx (queue=2 txop=0 cw_min=15 cw_max=1023 aifs=2)
02-20 20:47:15.726     0     0 D ieee80211 phy0: mac80211_hwsim_conf_tx (queue=3 txop=0 cw_min=15 cw_max=1023 aifs=2)
02-20 20:47:15.726     0     0 D ieee80211 phy0: mac80211_hwsim_bss_info_changed(changed=0x2000)
02-20 20:47:15.726     0     0 D ieee80211 phy0: mac80211_hwsim_config (freq=0 idle=0 ps=0 smps=auto)
02-20 20:47:15.726     0     0 I IPv6    : ADDRCONF(NETDEV_UP): wlan0: link is not ready
02-20 20:47:15.727     0     0 D ieee80211 phy0: mac80211_hwsim_configure_filter
02-20 20:47:15.736  1368  1383 E OMXNodeInstance: getExtensionIndex(558000f:google.mpeg4.decoder, OMX.google.android.index.configureVideoTunnelMode) ERROR: UnsupportedIndex(0x8000101a)
02-20 20:47:15.736  1368  1368 W OMXNodeInstance: [558000f:google.mpeg4.decoder] component does not support metadata mode; using fallback
02-20 20:47:15.742  1371  1371 I MediaPlayerService: MediaPlayerService::getOMX
02-20 20:47:15.742  1371  1371 I OMXClient: MuxOMX ctor
02-20 20:47:15.743  1368  1837 I OMXMaster: makeComponentInstance(OMX.google.h263.decoder) in mediacodec process
02-20 20:47:15.759  1760  1760 I vol.Events: writeEvent collection_started
02-20 20:47:15.759  1368  1368 E OMXNodeInstance: getExtensionIndex(5580010:google.h263.decoder, OMX.google.android.index.configureVideoTunnelMode) ERROR: UnsupportedIndex(0x8000101a)
02-20 20:47:15.759  1368  1383 W OMXNodeInstance: [5580010:google.h263.decoder] component does not support metadata mode; using fallback
02-20 20:47:15.760  1371  1371 I MediaPlayerService: MediaPlayerService::getOMX
02-20 20:47:15.760  1371  1371 I OMXClient: MuxOMX ctor
02-20 20:47:15.760  1368  1837 I OMXMaster: makeComponentInstance(OMX.google.h264.decoder) in mediacodec process
02-20 20:47:15.785  1760  1907 I sysui_action: [213,2]
02-20 20:47:15.785  1760  1907 I vol.Events: writeEvent external_ringer_mode_changed normal
02-20 20:47:15.785  1760  1907 I vol.Events: writeEvent internal_ringer_mode_changed normal
02-20 20:47:15.796  1371  1371 W ACodec  : [OMX.google.h264.decoder] stopping checking profiles after 32: 2/8000
02-20 20:47:15.796  1368  1368 E OMXNodeInstance: getExtensionIndex(5580011:google.h264.decoder, OMX.google.android.index.configureVideoTunnelMode) ERROR: UnsupportedIndex(0x8000101a)
02-20 20:47:15.796  1368  1383 W OMXNodeInstance: [5580011:google.h264.decoder] component does not support metadata mode; using fallback
02-20 20:47:15.798  1371  1371 I MediaPlayerService: MediaPlayerService::getOMX
02-20 20:47:15.798  1371  1371 I OMXClient: MuxOMX ctor
02-20 20:47:15.798  1368  1837 I OMXMaster: makeComponentInstance(OMX.google.hevc.decoder) in mediacodec process
02-20 20:47:15.801     0     0 D ieee80211 phy1: hw scan 2437 MHz
02-20 20:47:15.807  1674  1674 I SystemServiceManager: Starting phase 600
02-20 20:47:15.812  1674  1674 D SensorNotificationService: Cannot obtain dynamic meta sensor, not supported.
02-20 20:47:15.812  1674  1674 D TelephonyRegistry: listen oscl: hasNotifySubscriptionInfoChangedOccurred==false no callback
02-20 20:47:15.825  1674  1691 W WindowManager: Keyguard drawn timeout. Setting mKeyguardDrawComplete
02-20 20:47:15.826  1674  1674 I GnssLocationProvider: WakeLock acquired by sendMessage(13, 0, null)
02-20 20:47:15.827  1674  1674 W LocationProviderProxy-network: Odd, no component found for service com.android.location.service.v3.NetworkLocationProvider
02-20 20:47:15.829  1674  1674 W GeocoderProxy: Odd, no component found for service com.android.location.service.GeocodeProvider
02-20 20:47:15.830  1674  1674 E FlpHardwareProvider: Error hw_get_module 'flp': -2
02-20 20:47:15.830  1674  1674 D LocationManagerService: FLP HAL not supported
02-20 20:47:15.830  1674  1674 W GeofenceProxy: Odd, no component found for service com.android.location.service.GeofenceProvider
02-20 20:47:15.831  1674  1674 E ActivityRecognitionHardware: Error hw_get_module: -2
02-20 20:47:15.831  1674  1674 D LocationManagerService: Hardware Activity-Recognition not supported.
02-20 20:47:15.831  1674  1674 W ActivityRecognitionProxy: Odd, no component found for service com.android.location.service.ActivityRecognitionProvider
02-20 20:47:15.831  1674  1689 W GnssLocationProvider: Could not open GPS configuration file /etc/gps.conf
02-20 20:47:15.831  1674  1689 E GnssLocationProvider: no AGPS interface in set_agps_server
02-20 20:47:15.831  1674  1689 D TelephonyRegistry: listen oscl: hasNotifySubscriptionInfoChangedOccurred==false no callback
02-20 20:47:15.832  1888  1888 E wpa_supplicant: global ctrl interface @android:wpa_wlan0 matches ctrl interface wlan0 - do not open per-interface ctrl interface
02-20 20:47:15.832  1674  1674 I GnssLocationProvider: WakeLock acquired by sendMessage(2, 1, null)
02-20 20:47:15.845  1674  1729 D WifiConfigManager: Loading config and enabling all networks 
02-20 20:47:15.849  1674  1729 W WifiNetworkHistory: Upgrading network 0 to android.uid.system:1000
02-20 20:47:15.850  1674  1729 D WifiConfigManager: loaded 0 passpoint configs
02-20 20:47:15.850  1674  1729 E IpConfigStore: Error parsing configuration: java.io.FileNotFoundException: /data/misc/wifi/ipconfig.txt (No such file or directory)
02-20 20:47:15.852  1368  1368 E OMXNodeInstance: getExtensionIndex(5580012:google.hevc.decoder, OMX.google.android.index.configureVideoTunnelMode) ERROR: UnsupportedIndex(0x8000101a)
02-20 20:47:15.852  1368  1383 W OMXNodeInstance: [5580012:google.hevc.decoder] component does not support metadata mode; using fallback
02-20 20:47:15.853  1674  1674 I CommonTimeManagementService: No common time service detected on this platform.  Common time services will be unavailable.
02-20 20:47:15.859  1371  1371 I MediaPlayerService: MediaPlayerService::getOMX
02-20 20:47:15.859  1371  1371 I OMXClient: MuxOMX ctor
02-20 20:47:15.859  1368  1837 I OMXMaster: makeComponentInstance(OMX.google.vp8.decoder) in mediacodec process
02-20 20:47:15.865  1674  1674 D TelephonyRegistry: systemRunning register for intents
02-20 20:47:15.866  1674  1674 I MmsServiceBroker: Delay connecting to MmsService until an API is called
02-20 20:47:15.867  1674  1729 D WifiNative-HAL: Setting external_sim to 1
02-20 20:47:15.867  1674  1729 D WifiStateMachine: Setting OUI to DA-A1-19
02-20 20:47:15.874  1674  1689 I GnssLocationProvider: WakeLock released by handleMessage(13, 0, null)
02-20 20:47:15.874  1674  1689 E GnssLocationProvider: no AGPS interface in set_agps_server
02-20 20:47:15.890  1674  1719 I InputReader: Reconfiguring input devices.  changes=0x00000020
02-20 20:47:15.891  1674  1719 I InputReader: Reconfiguring input devices.  changes=0x00000010
02-20 20:47:15.892  1674  1674 I am_proc_start: [0,1920,1001,com.android.phone,added application,com.android.phone]
02-20 20:47:15.892  1674  1674 I ActivityManager: Start proc 1920:com.android.phone/1001 for added application com.android.phone
02-20 20:47:15.893  1674  1674 I ActivityManager: START u0 {act=android.intent.action.MAIN cat=[android.intent.category.HOME] flg=0x10000100 cmp=com.android.settings/.FallbackHome} from uid 0 on display 0
02-20 20:47:15.894  1674  1674 W System  : ClassLoader referenced unknown path: 
02-20 20:47:15.894  1674  1674 W System  : ClassLoader referenced unknown path: /system/priv-app/Settings/lib/x86_64
02-20 20:47:15.894  1674  1674 D ApplicationLoaders: ignored Vulkan layer search path /system/priv-app/Settings/lib/x86_64:/system/priv-app/Settings/Settings.apk!/lib/x86_64:/system/lib64:/vendor/lib64 for namespace 0x76a14eaa0160
02-20 20:47:15.903  1674  1729 I WifiConnectivityManager: PNO settings: min5GHzRssi -82 min24GHzRssi -85 currentConnectionBonus 16 sameNetworkBonus 24 secureNetworkBonus 80 initialScoreMax 100
02-20 20:47:15.904  1674  1729 I WifiConnectivityManager: ConnectivityScanManager initialized and disabled
02-20 20:47:15.904  1674  1729 I WifiConnectivityManager: setUntrustedConnectionAllowed: allowed=false
02-20 20:47:15.904  1674  1729 E WifiLogger: no ring buffers found
02-20 20:47:15.904  1674  1729 E WifiLogger: Failed to start packet fate monitoring
02-20 20:47:15.906  1920  1920 W art     : Unexpected CPU variant for X86 using defaults: x86_64
02-20 20:47:15.916  1674  1689 I GnssLocationProvider: WakeLock released by handleMessage(2, 1, null)
02-20 20:47:15.920  1674  1674 I ActivityManager: Loaded persisted task ids for user 0
02-20 20:47:15.920  1674  1674 I am_create_task: [0,1]
02-20 20:47:15.920  1674  1674 I am_create_activity: [0,228865423,1,com.android.settings/.FallbackHome,android.intent.action.MAIN,NULL,NULL,276824320]
02-20 20:47:15.921  1674  1674 I wm_task_created: [1,0]
02-20 20:47:15.922  1674  1674 I wm_task_moved: [1,1,0]
02-20 20:47:15.922  1674  1674 I wm_task_moved: [1,1,0]
02-20 20:47:15.923  1674  1674 I am_focused_activity: [0,com.android.settings/.FallbackHome,startedActivity]
02-20 20:47:15.925  1368  1383 E OMXNodeInstance: getExtensionIndex(5580013:google.vp8.decoder, OMX.google.android.index.configureVideoTunnelMode) ERROR: UnsupportedIndex(0x8000101a)
02-20 20:47:15.925  1368  1368 W OMXNodeInstance: [5580013:google.vp8.decoder] component does not support metadata mode; using fallback
02-20 20:47:15.934  1371  1371 I MediaPlayerService: MediaPlayerService::getOMX
02-20 20:47:15.934  1371  1371 I OMXClient: MuxOMX ctor
02-20 20:47:15.934  1368  1837 I OMXMaster: makeComponentInstance(OMX.google.vp9.decoder) in mediacodec process
02-20 20:47:15.930     0     0 D ieee80211 phy1: hw scan 2442 MHz
02-20 20:47:15.941  1674  1674 I am_proc_start: [0,1938,1000,com.android.settings,activity,com.android.settings/.FallbackHome]
02-20 20:47:15.941  1674  1674 I ActivityManager: Start proc 1938:com.android.settings/1000 for activity com.android.settings/.FallbackHome
02-20 20:47:15.942  1674  1674 I SystemServer: Enabled StrictMode for system server main thread.
02-20 20:47:15.943  1674  1788 I am_proc_bound: [0,1920,com.android.phone]
02-20 20:47:15.946  1674  1674 D ConditionProviders.SCP: onConnected
02-20 20:47:15.946  1674  1674 D ZenLog  : set_zen_mode: off,readXml
02-20 20:47:15.956  1674  1729 I WifiConnectivityManager: Set WiFi enabled
02-20 20:47:15.956  1674  1729 I WifiConnectivityManager: scheduleWatchdogTimer
02-20 20:47:15.956  1674  1729 D WifiNative-HAL: Failing getSupportedFeatureset because HAL isn't started
02-20 20:47:15.957  1674  1693 E BatteryStatsService: no controller energy info supplied
02-20 20:47:15.959  1674  1693 E KernelCpuSpeedReader: Failed to read cpu-freq: /sys/devices/system/cpu/cpu0/cpufreq/stats/time_in_state (No such file or directory)
02-20 20:47:15.959  1674  1693 E KernelUidCpuTimeReader: Failed to read uid_cputime: /proc/uid_cputime/show_uid_stat (No such file or directory)
02-20 20:47:15.959  1674  1674 D ConditionProviders: Subscribing to condition://android/schedule?days=6.7&start=23.30&end=10.0&exitAtAlarm=false with ComponentInfo{android/com.android.server.notification.ScheduleConditionProvider}
02-20 20:47:15.959  1674  1674 D ZenLog  : subscribe: condition://android/schedule?days=6.7&start=23.30&end=10.0&exitAtAlarm=false,ok
02-20 20:47:15.959  1674  1674 D ConditionProviders: Subscribing to condition://android/event?userId=-10000&calendar=&reply=1 with ComponentInfo{android/com.android.server.notification.EventConditionProvider}
02-20 20:47:15.959  1674  1674 D ZenLog  : subscribe: condition://android/event?userId=-10000&calendar=&reply=1,ok
02-20 20:47:15.960  1674  1674 D ConditionProviders: Subscribing to condition://android/schedule?days=1.2.3.4.5&start=22.0&end=7.0&exitAtAlarm=false with ComponentInfo{android/com.android.server.notification.ScheduleConditionProvider}
02-20 20:47:15.960  1674  1674 D ZenLog  : subscribe: condition://android/schedule?days=1.2.3.4.5&start=22.0&end=7.0&exitAtAlarm=false,ok
02-20 20:47:15.960  1674  1729 D WifiNative-HAL: Failing getSupportedFeatureset because HAL isn't started
02-20 20:47:15.961  1674  1693 E BatteryStatsService: no controller energy info supplied
02-20 20:47:15.961  1674  1693 E KernelCpuSpeedReader: Failed to read cpu-freq: /sys/devices/system/cpu/cpu0/cpufreq/stats/time_in_state (No such file or directory)
02-20 20:47:15.961  1674  1693 E KernelUidCpuTimeReader: Failed to read uid_cputime: /proc/uid_cputime/show_uid_stat (No such file or directory)
02-20 20:47:15.963  1938  1938 W art     : Unexpected CPU variant for X86 using defaults: x86_64
02-20 20:47:15.965  1674  1689 W LocationProviderProxy-network: Odd, no component found for service com.android.location.service.v3.NetworkLocationProvider
02-20 20:47:15.965  1674  1689 W GeocoderProxy: Odd, no component found for service com.android.location.service.GeocodeProvider
02-20 20:47:15.965  1674  1689 W GeofenceProxy: Odd, no component found for service com.android.location.service.GeofenceProvider
02-20 20:47:15.965  1674  1689 W ActivityRecognitionProxy: Odd, no component found for service com.android.location.service.ActivityRecognitionProvider
02-20 20:47:15.968  1920  1920 W System  : ClassLoader referenced unknown path: /system/priv-app/TeleService/lib/x86_64
02-20 20:47:15.969  1674  1688 I am_proc_bound: [0,1938,com.android.settings]
02-20 20:47:15.975  1674  1731 I WifiScanningService: wifi driver unloaded
02-20 20:47:15.975  1674  1674 D RttService: SCAN_AVAILABLE : 1
02-20 20:47:15.975  1674  1732 D RttService: DefaultState got{ when=0 what=160513 target=com.android.internal.util.StateMachine$SmHandler }
02-20 20:47:15.975  1674  1674 D ZenLog  : set_zen_mode: off,cleanUpZenRules
02-20 20:47:16.023  1313  1325 D PermissionCache: checking android.permission.READ_FRAME_BUFFER for uid=1000 => granted (432 us)
02-20 20:47:16.031  1368  1368 E OMXNodeInstance: getExtensionIndex(5580014:google.vp9.decoder, OMX.google.android.index.configureVideoTunnelMode) ERROR: UnsupportedIndex(0x8000101a)
02-20 20:47:16.031  1368  1837 W OMXNodeInstance: [5580014:google.vp9.decoder] component does not support metadata mode; using fallback
02-20 20:47:16.032  1371  1371 I MediaPlayerService: MediaPlayerService::getOMX
02-20 20:47:16.032  1371  1371 I OMXClient: MuxOMX ctor
02-20 20:47:16.032  1368  1383 I OMXMaster: makeComponentInstance(OMX.google.h263.encoder) in mediacodec process
02-20 20:47:16.047  1368  1383 I SoftMPEG4Encoder: Construct SoftMPEG4Encoder
02-20 20:47:16.048  1371  1371 W ACodec  : do not know color format 0x7f000789 = 2130708361
02-20 20:47:16.048  1368  1837 E OMXNodeInstance: getConfig(5580015:google.h263.encoder, ConfigAndroidIntraRefresh(0x6f60000a)) ERROR: Undefined(0x80001001)
02-20 20:47:16.049  1371  1371 I MediaPlayerService: MediaPlayerService::getOMX
02-20 20:47:16.051  1371  1371 I OMXClient: MuxOMX ctor
02-20 20:47:16.051  1368  1368 I OMXMaster: makeComponentInstance(OMX.google.h264.encoder) in mediacodec process
02-20 20:47:16.052     0     0 D ieee80211 phy1: hw scan 2447 MHz
02-20 20:47:16.085  1313  1325 D gralloc_ranchu: gralloc_alloc: Creating ashmem region of size 17051648
02-20 20:47:16.088  1371  1371 W ACodec  : do not know color format 0x7f000789 = 2130708361
02-20 20:47:16.091  1371  1371 I MediaPlayerService: MediaPlayerService::getOMX
02-20 20:47:16.091  1371  1371 I OMXClient: MuxOMX ctor
02-20 20:47:16.091  1368  1837 I OMXMaster: makeComponentInstance(OMX.google.mpeg4.encoder) in mediacodec process
02-20 20:47:16.110  1368  1837 I SoftMPEG4Encoder: Construct SoftMPEG4Encoder
02-20 20:47:16.111  1371  1371 W ACodec  : do not know color format 0x7f000789 = 2130708361
02-20 20:47:16.111  1368  1383 E OMXNodeInstance: getConfig(5580017:google.mpeg4.encoder, ConfigAndroidIntraRefresh(0x6f60000a)) ERROR: Undefined(0x80001001)
02-20 20:47:16.113  1371  1371 I MediaPlayerService: MediaPlayerService::getOMX
02-20 20:47:16.113  1371  1371 I OMXClient: MuxOMX ctor
02-20 20:47:16.114  1368  1383 I OMXMaster: makeComponentInstance(OMX.google.vp8.encoder) in mediacodec process
02-20 20:47:16.133  1371  1371 W ACodec  : do not know color format 0x7f000789 = 2130708361
02-20 20:47:16.133  1368  1368 E OMXNodeInstance: getConfig(5580018:google.vp8.encoder, ConfigAndroidIntraRefresh(0x6f60000a)) ERROR: Undefined(0x80001001)
02-20 20:47:16.135  1371  1371 I MediaPlayerService: MediaPlayerService::getOMX
02-20 20:47:16.135  1371  1371 I OMXClient: MuxOMX ctor
02-20 20:47:16.136  1371  1371 I MediaPlayerService: MediaPlayerService::getOMX
02-20 20:47:16.136  1371  1371 I OMXClient: MuxOMX ctor
02-20 20:47:16.136  1371  1371 W MediaCodecList: unable to open media codecs configuration xml file: /data/misc/media/media_codecs_profiling_results.xml
02-20 20:47:16.137  1371  1834 I MediaPlayerService: MediaPlayerService::getOMX
02-20 20:47:16.137  1371  1402 I MediaPlayerService: MediaPlayerService::getOMX
02-20 20:47:16.138  1760  1863 I OMXClient: MuxOMX ctor
02-20 20:47:16.138  1674  1790 I OMXClient: MuxOMX ctor
02-20 20:47:16.138  1368  1383 I OMXMaster: makeComponentInstance(OMX.google.vorbis.decoder) in mediacodec process
02-20 20:47:16.152  1368  1837 I OMXMaster: makeComponentInstance(OMX.google.vorbis.decoder) in mediacodec process
02-20 20:47:16.170     0     0 D ieee80211 phy1: hw scan 2452 MHz
02-20 20:47:16.183  1674  1688 I am_restart_activity: [0,228865423,1,com.android.settings/.FallbackHome]
02-20 20:47:16.186  1674  1674 W art     : Long monitor contention with owner Binder:1674_2 (1688) at void com.android.server.am.ActivityManagerService.attachApplication(android.app.IApplicationThread)(ActivityManagerService.java:6669) waiters=0 in int com.android.server.am.ActivityManagerService.broadcastIntent(android.app.IApplicationThread, android.content.Intent, java.lang.String, android.content.IIntentReceiver, int, java.lang.String, android.os.Bundle, java.lang.String[], int, android.os.Bundle, boolean, boolean, int) for 200ms
02-20 20:47:16.186  1674  1674 I dvm_lock_sample: [system_server,1,main,200,ActivityManagerService.java,18551,-,6669,40]
02-20 20:47:16.187  1674  1789 W art     : Long monitor contention with owner Binder:1674_2 (1688) at void com.android.server.am.ActivityManagerService.attachApplication(android.app.IApplicationThread)(ActivityManagerService.java:6669) waiters=2 in void com.android.server.am.ActivityManagerService.addPackageDependency(java.lang.String) for 188ms
02-20 20:47:16.187  1674  1789 I dvm_lock_sample: [system_server,1,Binder:1674_4,188,ActivityManagerService.java,5765,-,6669,37]
02-20 20:47:16.187  1674  1788 W art     : Long monitor contention with owner Binder:1674_2 (1688) at void com.android.server.am.ActivityManagerService.attachApplication(android.app.IApplicationThread)(ActivityManagerService.java:6669) waiters=3 in android.content.pm.UserInfo com.android.server.am.UserController.getCurrentUser() for 173ms
02-20 20:47:16.187  1674  1788 I dvm_lock_sample: [system_server,1,Binder:1674_3,173,UserController.java,1438,ActivityManagerService.java,6669,34]
02-20 20:47:16.197  1674  1674 W System  : ClassLoader referenced unknown path: /system/priv-app/Telecom/lib/x86_64
02-20 20:47:16.199  1920  1920 W System  : ClassLoader referenced unknown path: /system/priv-app/TelephonyProvider/lib/x86_64
02-20 20:47:16.199  1920  1920 D ApplicationLoaders: ignored Vulkan layer search path /system/priv-app/TelephonyProvider/lib/x86_64:/system/lib64:/vendor/lib64 for namespace 0x76a14ea350f0
02-20 20:47:16.204  1674  1674 D ApplicationLoaders: ignored Vulkan layer search path /system/priv-app/Telecom/lib/x86_64:/system/priv-app/Telecom/Telecom.apk!/lib/x86_64:/system/lib64:/vendor/lib64 for namespace 0x76a14eaa01d0
02-20 20:47:16.211  1938  1938 W System  : ClassLoader referenced unknown path: /system/priv-app/Settings/lib/x86_64
02-20 20:47:16.245  1674  1674 E BluetoothAdapter: Bluetooth binder is null
02-20 20:47:16.253  1920  1920 D TelephonyProvider: dbh.onOpen: ok, queried table=siminfo
02-20 20:47:16.253  1920  1920 D TelephonyProvider: dbh.onOpen: ok, queried table=carriers
02-20 20:47:16.280  1371  1371 I MediaPlayerService: MediaPlayerService::getOMX
02-20 20:47:16.281  1760  1980 I OMXClient: MuxOMX ctor
02-20 20:47:16.281  1368  1837 I OMXMaster: makeComponentInstance(OMX.google.vorbis.decoder) in mediacodec process
02-20 20:47:16.285  1371  1402 I MediaPlayerService: MediaPlayerService::getOMX
02-20 20:47:16.285  1674  1981 I OMXClient: MuxOMX ctor
02-20 20:47:16.290     0     0 D ieee80211 phy1: hw scan 2457 MHz
02-20 20:47:16.302  1674  1674 I Telecom : SystemStateProvider: Registering car mode receiver: android.content.IntentFilter@ccba76f: TS.init@AAA
02-20 20:47:16.308  1368  1974 I OMXMaster: makeComponentInstance(OMX.google.vorbis.decoder) in mediacodec process
02-20 20:47:16.327  1674  1983 I Telecom : Telecom: Non-call EVENT: AUDIO_ROUTE, Entering state QuiescentEarpieceRoute
02-20 20:47:16.331  1674  1988 I Telecom : CallAudioModeStateMachine: Message received: null.: TS.init->CAMSM.pM_1@AAA_0
02-20 20:47:16.332  1938  1938 I am_on_resume_called: [0,com.android.settings.FallbackHome,LAUNCH_ACTIVITY]
02-20 20:47:16.332  1920  1920 D TDC     : updateOrInsert: inserting: Modem { uuid=modem, state=0, rilModel=0, rat={}, maxActiveVoiceCall=1, maxActiveDataCall=1, maxStandby=1 }
02-20 20:47:16.332  1920  1920 D TDC     : updateOrInsert: inserting: Sim { uuid=sim, modemUuid=modem, state=0 }
02-20 20:47:16.348  1674  1989 E ActivityThread: Failed to find provider info for call_log
02-20 20:47:16.349  1674  1674 E BluetoothAdapter: Bluetooth binder is null
02-20 20:47:16.355  1920  1920 D CdmaSSM : subscriptionSource from settings: 0
02-20 20:47:16.355  1920  1920 I PhoneFactory: Cdma Subscription set to 0
02-20 20:47:16.365  1313  1326 E SurfaceFlinger: ro.sf.lcd_density must be defined as a build property
02-20 20:47:16.366  1674  1687 I stream_devices_changed: [0,0,2]
02-20 20:47:16.366  1674  1687 I stream_devices_changed: [2,0,2]
02-20 20:47:16.367  1674  1687 I stream_devices_changed: [3,0,2]
02-20 20:47:16.375  1674  1687 I stream_devices_changed: [6,0,2]
02-20 20:47:16.376  1674  1687 I stream_devices_changed: [4,0,2]
02-20 20:47:16.376  1760  1907 I vol.Events: writeEvent level_changed STREAM_ALARM 6
02-20 20:47:16.377  1760  1907 I vol.Events: writeEvent level_changed STREAM_BLUETOOTH_SCO 7
02-20 20:47:16.378  1760  1907 I vol.Events: writeEvent level_changed STREAM_MUSIC 11
02-20 20:47:16.379  1674  1674 I Telecom : Class: TelecomSystem.INSTANCE being set
02-20 20:47:16.389  1674  1674 E BluetoothAdapter: Bluetooth binder is null
02-20 20:47:16.389  1760  1907 I vol.Events: writeEvent level_changed STREAM_RING 5
02-20 20:47:16.389  1760  1907 I vol.Events: writeEvent level_changed STREAM_SYSTEM 5
02-20 20:47:16.389  1674  1674 W ContextImpl: Calling a method in the system process without a qualified user: android.app.ContextImpl.startService:1357 com.android.server.content.SyncManager$13.run:658 android.os.Handler.handleCallback:751 android.os.Handler.dispatchMessage:95 android.os.Looper.loop:154 
02-20 20:47:16.390  1760  1907 I vol.Events: writeEvent level_changed STREAM_VOICE_CALL 4
02-20 20:47:16.393  1920  1920 I PhoneFactory: Network Mode set to 0
02-20 20:47:16.398  1938  1938 D         : HostConnection::get() New Host Connection established 0x76a13fff8ee0, tid 1938
02-20 20:47:16.403  1920  1920 D RILJ    : RIL(context, preferredNetworkType=0 cdmaSubscription=0)
02-20 20:47:16.404  1371  1867 I MediaPlayerService: MediaPlayerService::getOMX
02-20 20:47:16.404  1674  1998 I OMXClient: MuxOMX ctor
02-20 20:47:16.405  1368  1837 I OMXMaster: makeComponentInstance(OMX.google.vorbis.decoder) in mediacodec process
02-20 20:47:16.406  1371  1834 I MediaPlayerService: MediaPlayerService::getOMX
02-20 20:47:16.406  1760  2000 I OMXClient: MuxOMX ctor
02-20 20:47:16.409  1313  1325 E SurfaceFlinger: ro.sf.lcd_density must be defined as a build property
02-20 20:47:16.410  1920  1920 D RILJ    : Starting RILReceiver0 [SUB0]
02-20 20:47:16.414     0     0 D ieee80211 phy1: hw scan 2462 MHz
02-20 20:47:16.414  1920  1920 D RILJ    : [3648]> GET_HARDWARE_CONFIG [SUB0]
02-20 20:47:16.415  1920  1920 D RilRequest: [3648]< GET_HARDWARE_CONFIG error: com.android.internal.telephony.CommandException: RADIO_NOT_AVAILABLE ret=
02-20 20:47:16.415  1920  1920 I PhoneFactory: Creating SubscriptionController
02-20 20:47:16.422  1920  1920 D SubscriptionController: [SubscriptionController] init by Context
02-20 20:47:16.423  1760  1760 D         : HostConnection::get() New Host Connection established 0x76a12f85b840, tid 1760
02-20 20:47:16.430  1368  1974 I OMXMaster: makeComponentInstance(OMX.google.vorbis.decoder) in mediacodec process
02-20 20:47:16.432  1373  1501 I RILC    : libril: new connection to RIL_SOCKET_1
02-20 20:47:16.432  1373  1501 I RILC    : RIL Daemon version: android reference-ril 1.0
02-20 20:47:16.433  1920  1920 D UiccController: Creating UiccController
02-20 20:47:16.435  1674  1674 W System  : ClassLoader referenced unknown path: /system/priv-app/FusedLocation/lib/x86_64
02-20 20:47:16.433  1920  2002 I RILJ    : (0) Connected to 'rild' socket
02-20 20:47:16.436  1920  2002 D RILJ    : [UNSL]< UNSOL_RIL_CONNECTED {12} [SUB0]
02-20 20:47:16.436  1920  2002 D RILJ    : [3649]> RADIO_POWER off [SUB0]
02-20 20:47:16.437  1373  1501 D RIL     : onRequest: RADIO_POWER
02-20 20:47:16.437  1920  2002 D RILJ    : [3650]> RIL_REQUEST_CDMA_SET_SUBSCRIPTION_SOURCE : 0 [SUB0]
02-20 20:47:16.437  1920  1920 D TelephonyTester: register for intent action=com.android.internal.telephony.action_detached
02-20 20:47:16.437  1920  1920 D TelephonyTester: register for intent action=com.android.internal.telephony.action_attached
02-20 20:47:16.439  1373  1501 D RIL     : onRequest: CDMA_SET_SUBSCRIPTION_SOURCE
02-20 20:47:16.439  1920  2002 D RILJ    : setCellInfoListRate: 2147483647 [SUB0]
02-20 20:47:16.439  1920  2002 D RILJ    : [3651]> RIL_REQUEST_SET_CELL_INFO_LIST_RATE [SUB0]
02-20 20:47:16.440  1373  1501 D RIL     : onRequest: SET_UNSOL_CELL_INFO_LIST_RATE
02-20 20:47:16.440  1920  2002 D RILJ    : [UNSL]< UNSOL_RESPONSE_RADIO_STATE_CHANGED RADIO_OFF [SUB0]
02-20 20:47:16.440  1920  2002 D RILJ    : [3652]> SCREEN_STATE: true [SUB0]
02-20 20:47:16.440  1373  1501 D RIL     : onRequest: SCREEN_STATE
02-20 20:47:16.440  1920  2002 D RILJ    : [UNSL]< UNSOL_NITZ_TIME_RECEIVED 18/02/20:20:47:11+0:0:Unknown!Unknown [SUB0]
02-20 20:47:16.441  1920  2002 D RILJ    : [3649]< RADIO_POWER  [SUB0]
02-20 20:47:16.441  1920  2002 D RilRequest: [3650]< RIL_REQUEST_CDMA_SET_SUBSCRIPTION_SOURCE error: com.android.internal.telephony.CommandException: RADIO_NOT_AVAILABLE ret=
02-20 20:47:16.441  1920  2002 D RilRequest: [3651]< RIL_REQUEST_SET_CELL_INFO_LIST_RATE error: com.android.internal.telephony.CommandException: RADIO_NOT_AVAILABLE ret=
02-20 20:47:16.441  1920  2002 D RilRequest: [3652]< SCREEN_STATE error: com.android.internal.telephony.CommandException: RADIO_NOT_AVAILABLE ret=
02-20 20:47:16.441  1674  1674 D ApplicationLoaders: ignored Vulkan layer search path /system/priv-app/FusedLocation/lib/x86_64:/system/priv-app/FusedLocation/FusedLocation.apk!/lib/x86_64:/system/lib64:/vendor/lib64 for namespace 0x76a14eaa0240
02-20 20:47:16.452  1920  1920 D Phone   : mDoesRilSendMultipleCallRing=true
02-20 20:47:16.452  1920  1920 D Phone   : mCallRingDelay=3000
02-20 20:47:16.453  1674  1674 D GpsNetInitiatedHandler: location enabled :true
02-20 20:47:16.453  1674  1674 V WiredAccessoryManager: notifyWiredAccessoryChanged: when=0 bits= mask=54
02-20 20:47:16.453  1674  1674 V WiredAccessoryManager: newName=h2w newState=0 headsetState=0 prev headsetState=0
02-20 20:47:16.453  1674  1674 E WiredAccessoryManager: No state change.
02-20 20:47:16.453  1674  1674 V WiredAccessoryManager: init()
02-20 20:47:16.457  1920  1920 D RILJ    : [3653]> RIL_REQUEST_START_LCE [SUB0]
02-20 20:47:16.459  1373  1501 D RIL     : onRequest: <unknown request>
02-20 20:47:16.459  1920  2002 D RilRequest: [3653]< RIL_REQUEST_START_LCE error: com.android.internal.telephony.CommandException: RADIO_NOT_AVAILABLE ret=
02-20 20:47:16.464  1920  1920 E RIL_ImsSms: getFormat should never be called from here!
02-20 20:47:16.464  1920  1920 D SMSDispatcher: SMSDispatcher: ctor mSmsCapable=true format=unknown mSmsSendDisabled=false
02-20 20:47:16.464  1920  1920 D RIL_ImsSms: ImsSMSDispatcher created
02-20 20:47:16.467  1920  1920 D SMSDispatcher: SMSDispatcher: ctor mSmsCapable=true format=3gpp2 mSmsSendDisabled=false
02-20 20:47:16.467  1920  1920 D CdmaSMSDispatcher: CdmaSMSDispatcher created
02-20 20:47:16.476  1920  1920 D GsmInboundSmsHandler: created InboundSmsHandler
02-20 20:47:16.481  1920  1920 D CdmaInboundSmsHandler: created InboundSmsHandler
02-20 20:47:16.484  1371  1402 I MediaPlayerService: MediaPlayerService::getOMX
02-20 20:47:16.484  1674  1788 I dvm_lock_sample: [system_server,1,Binder:1674_3,36,WindowManagerService.java,1887,-,2857,7]
02-20 20:47:16.532     0     0 D ieee80211 phy1: hw scan complete
02-20 20:47:16.535     0     0 D ieee80211 phy1: mac80211_hwsim_get_survey (idx=0)
02-20 20:47:16.486  1938  1990 D         : HostConnection::get() New Host Connection established 0x76a14a22f0a0, tid 1990
02-20 20:47:16.489  1938  1990 I OpenGLRenderer: Initialized EGL, version 1.4
02-20 20:47:16.489  1938  1990 D OpenGLRenderer: Swap behavior 1
02-20 20:47:16.489  1674  2019 I OMXClient: MuxOMX ctor
02-20 20:47:16.490  1920  1920 D SMSDispatcher: SMSDispatcher: ctor mSmsCapable=true format=3gpp mSmsSendDisabled=false
02-20 20:47:16.490  1920  1920 D GsmSMSDispatcher: GsmSMSDispatcher created
02-20 20:47:16.491  1920  2015 D GsmInboundSmsHandler: StartupState.processMessage:6
02-20 20:47:16.492  1920  2015 D GsmInboundSmsHandler: entering Idle state
02-20 20:47:16.492  1920  2017 D CdmaInboundSmsHandler: StartupState.processMessage:6
02-20 20:47:16.492  1920  2017 D CdmaInboundSmsHandler: entering Idle state
02-20 20:47:16.493  1760  1760 D StorageNotification: Notifying about private volume: VolumeInfo{private}:
02-20 20:47:16.493  1760  1760 D StorageNotification:     type=PRIVATE diskId=null partGuid=null mountFlags=0 mountUserId=-1 
02-20 20:47:16.493  1760  1760 D StorageNotification:     state=MOUNTED 
02-20 20:47:16.493  1760  1760 D StorageNotification:     fsType=null fsUuid=null fsLabel=null 
02-20 20:47:16.493  1760  1760 D StorageNotification:     path=/data internalPath=null 
02-20 20:47:16.493  1760  1760 D StorageNotification: Notifying about public volume: VolumeInfo{public:253,64}:
02-20 20:47:16.493  1760  1760 D StorageNotification:     type=PUBLIC diskId=disk:253,64 partGuid=null mountFlags=VISIBLE 
02-20 20:47:16.493  1760  1760 D StorageNotification:     mountUserId=0 state=MOUNTED 
02-20 20:47:16.493  1760  1760 D StorageNotification:     fsType=vfat fsUuid=1E12-0B12 fsLabel=SDCARD 
02-20 20:47:16.493  1760  1760 D StorageNotification:     path=/storage/1E12-0B12 internalPath=/mnt/media_rw/1E12-0B12 
02-20 20:47:16.511  1920  1920 D IccCardProxy: ctor: ci=com.android.internal.telephony.RIL@7baab36 phoneId=0
02-20 20:47:16.511  1920  1920 D CdmaSSM : subscriptionSource from settings: 0
02-20 20:47:16.511  1920  1920 D CdmaSSM : cdmaSSM constructor: 0
02-20 20:47:16.511  1920  1920 D IccCardProxy: update icc_operator_numeric=
02-20 20:47:16.511  1920  1920 D TelephonyManager: setTelephonyProperty: success phoneId=0 property=gsm.sim.operator.numeric value:  propVal=
02-20 20:47:16.512  1920  1920 D TelephonyManager: setTelephonyProperty: success phoneId=0 property=gsm.sim.operator.iso-country value:  propVal=
02-20 20:47:16.512  1920  1920 D TelephonyManager: setTelephonyProperty: success phoneId=0 property=gsm.sim.operator.alpha value:  propVal=
02-20 20:47:16.512  1920  1920 E IccCardProxy: setExternalState: set mPhoneId=0 mExternalState=NOT_READY
02-20 20:47:16.512  1920  1920 D TelephonyManager: setTelephonyProperty: success phoneId=0 property=gsm.sim.state value: NOT_READY propVal=NOT_READY
02-20 20:47:16.513  1920  1920 D IccCardProxy: broadcastIccStateChangedIntent intent ACTION_SIM_STATE_CHANGED value=NOT_READY reason=null for mPhoneId=0
02-20 20:47:16.517  1368  1383 I OMXMaster: makeComponentInstance(OMX.google.vorbis.decoder) in mediacodec process
02-20 20:47:16.518  1938  1990 D EGL_emulation: eglCreateContext: 0x76a13ff79980: maj 3 min 0 rcv 3
02-20 20:47:16.534  1920  1920 D RILJ    : setPhoneType=1 old value=0 [SUB0]
02-20 20:47:16.534  1920  1920 D TelephonyManager: setTelephonyProperty: success phoneId=0 property=gsm.current.phone-type value: 1 propVal=1
02-20 20:47:16.535  1920  1920 D IccCardProxy: Setting radio tech UMTS
02-20 20:47:16.535  1920  1920 D IccCardProxy: updateQuietMode: 3GPP subscription -> newQuietMode=false
02-20 20:47:16.535  1920  1920 D IccCardProxy: updateQuietMode: no changes don't setExternalState
02-20 20:47:16.535  1920  1920 D IccCardProxy: updateQuietMode: QuietMode is false (app_type=1 cdmaSource=-1)
02-20 20:47:16.537  1674  1674 W VibratorService: Tried to stop vibrating but there is no vibrator device.
02-20 20:47:16.539  1920  1920 W CarrierConfigManager: Error getting config for subId -1 ICarrierConfigLoader is null
02-20 20:47:16.539  1674  1963 D TelephonyRegistry: listen oscl: hasNotifySubscriptionInfoChangedOccurred==false no callback
02-20 20:47:16.551  1674  1674 I am_proc_start: [0,2024,10004,com.android.cellbroadcastreceiver,broadcast,com.android.cellbroadcastreceiver/.CellBroadcastReceiver]
02-20 20:47:16.551  1674  1674 I ActivityManager: Start proc 2024:com.android.cellbroadcastreceiver/u0a4 for broadcast com.android.cellbroadcastreceiver/.CellBroadcastReceiver
02-20 20:47:16.551  1674  1674 D RttService: SCAN_AVAILABLE : 3
02-20 20:47:16.551  1674  1674 D ConditionProviders.SCP: onSubscribe condition://android/schedule?days=6.7&start=23.30&end=10.0&exitAtAlarm=false
02-20 20:47:16.552  1674  1674 D ConditionProviders.SCP: setRegistered true
02-20 20:47:16.552  1674  1674 D ConditionProviders.SCP: notifyCondition condition://android/schedule?days=6.7&start=23.30&end=10.0&exitAtAlarm=false STATE_FALSE reason=!meetsSchedule
02-20 20:47:16.552  1674  1674 D ConditionProviders.SCP: Scheduling evaluate for Tue Feb 20 23:30:00 GMT+00:00 2018 (1519169400000), in +2h42m43s448ms, now=Tue Feb 20 20:47:16 GMT+00:00 2018 (1519159636552)
02-20 20:47:16.553  1674  1674 D ConditionProviders.SCP: onSubscribe condition://android/schedule?days=1.2.3.4.5&start=22.0&end=7.0&exitAtAlarm=false
02-20 20:47:16.553  1674  1674 D ConditionProviders.SCP: notifyCondition condition://android/schedule?days=6.7&start=23.30&end=10.0&exitAtAlarm=false STATE_FALSE reason=!meetsSchedule
