02-20 20:47:16.553  1674  1674 D ConditionProviders.SCP: notifyCondition condition://android/schedule?days=1.2.3.4.5&start=22.0&end=7.0&exitAtAlarm=false STATE_FALSE reason=!meetsSchedule
02-20 20:47:16.553  1674  1674 D ConditionProviders.SCP: Scheduling evaluate for Tue Feb 20 22:00:00 GMT+00:00 2018 (1519164000000), in +1h12m43s447ms, now=Tue Feb 20 20:47:16 GMT+00:00 2018 (1519159636553)
02-20 20:47:16.553  1674  1674 I Telecom : WiredHeadsetManager: ACTION_HEADSET_PLUG event, plugged in: false, : WHC.oADA@AAE
02-20 20:47:16.555  1674  1674 I ActivityManager: user 0 is still locked. Cannot load recents
02-20 20:47:16.562  1674  1674 D TelephonyRegistry: notifyCellLocationForSubscriber: subId=0 cellLocation=Bundle[{}]
02-20 20:47:16.562  1674  1732 D RttService: DefaultState got{ when=-11ms what=160512 target=com.android.internal.util.StateMachine$SmHandler }
02-20 20:47:16.563  1674  1731 I WifiScanningService: wifi driver loaded with scan capabilities: max buckets=16
02-20 20:47:16.564  2024  2024 W art     : Unexpected CPU variant for X86 using defaults: x86_64
02-20 20:47:16.565  1920  1934 D SubscriptionController: [getPhoneId]- no sims, returning default phoneId=2147483647
02-20 20:47:16.565  1674  1674 I notification_enqueue: [10028,1760,com.android.systemui,1397773634,public:253,64,-1,Notification(pri=0 contentView=null vibrate=null sound=null defaults=0x0 flags=0x100 color=0xff607d8b category=sys actions=2 vis=PUBLIC),0]
02-20 20:47:16.568  1920  1920 D TelephonyManager: setTelephonyProperty: success phoneId=0 property=gsm.network.type value: Unknown propVal=Unknown
02-20 20:47:16.569  1920  1920 D RILJ    : [3654]> SIGNAL_STRENGTH [SUB0]
02-20 20:47:16.569  1373  1501 D RIL     : onRequest: SIGNAL_STRENGTH
02-20 20:47:16.569  1920  2002 D RilRequest: [3654]< SIGNAL_STRENGTH error: com.android.internal.telephony.CommandException: RADIO_NOT_AVAILABLE ret=
02-20 20:47:16.576  1920  1920 D SST     : notifyDataRegStateRilRadioTechnologyChanged: drs=1 rat=0
02-20 20:47:16.576  1920  1920 D TelephonyManager: setTelephonyProperty: success phoneId=0 property=gsm.network.type value: Unknown propVal=Unknown
02-20 20:47:16.583  1920  1920 D DCT     : [0]DCT.constructor
02-20 20:47:16.611     0     0 D ieee80211 phy1: mac80211_hwsim_config (freq=0 idle=0 ps=0 smps=auto)
02-20 20:47:16.611     0     0 D ieee80211 phy1: add channel context control: 2447 MHz/width: 2/cfreqs:2437/0 MHz
02-20 20:47:16.611     0     0 D ieee80211 phy1: mac80211_hwsim_bss_info_changed(changed=0x40000)
02-20 20:47:16.611     0     0 D ieee80211 phy1: TX Power: 20 dBm
02-20 20:47:16.611     0     0 D ieee80211 phy1: mac80211_hwsim_bss_info_changed(changed=0x4000)
02-20 20:47:16.611     0     0 D ieee80211 phy1: change channel context control: 2447 MHz/width: 2/cfreqs:2437/0 MHz
02-20 20:47:16.611     0     0 D ieee80211 phy1: mac80211_hwsim_bss_info_changed(changed=0x88340)
02-20 20:47:16.611     0     0 D ieee80211 phy1: BCNINT: 100
02-20 20:47:16.611     0     0 D ieee80211 phy1: BCN EN: 1
02-20 20:47:16.611     0     0 D ieee80211 phy1: mac80211_hwsim_bss_info_changed(changed=0x3e)
02-20 20:47:16.612     0     0 D ieee80211 phy1: ERP_CTS_PROT: 0
02-20 20:47:16.612     0     0 D ieee80211 phy1: ERP_PREAMBLE: 0
02-20 20:47:16.612     0     0 D ieee80211 phy1: ERP_SLOT: 1
02-20 20:47:16.612     0     0 D ieee80211 phy1: HT: op_mode=0x0
02-20 20:47:16.612     0     0 D ieee80211 phy1: BASIC_RATES: 0xf
02-20 20:47:16.612     0     0 D ieee80211 phy1: mac80211_hwsim_conf_tx (queue=0 txop=47 cw_min=3 cw_max=7 aifs=1)
02-20 20:47:16.612     0     0 D ieee80211 phy1: mac80211_hwsim_bss_info_changed(changed=0x2000)
02-20 20:47:16.612     0     0 D ieee80211 phy1: mac80211_hwsim_conf_tx (queue=1 txop=94 cw_min=7 cw_max=15 aifs=1)
02-20 20:47:16.612     0     0 D ieee80211 phy1: mac80211_hwsim_bss_info_changed(changed=0x2000)
02-20 20:47:16.612     0     0 D ieee80211 phy1: mac80211_hwsim_conf_tx (queue=2 txop=0 cw_min=15 cw_max=63 aifs=3)
02-20 20:47:16.612     0     0 D ieee80211 phy1: mac80211_hwsim_bss_info_changed(changed=0x2000)
02-20 20:47:16.612     0     0 D ieee80211 phy1: mac80211_hwsim_conf_tx (queue=3 txop=0 cw_min=15 cw_max=1023 aifs=7)
02-20 20:47:16.612     0     0 D ieee80211 phy1: mac80211_hwsim_bss_info_changed(changed=0x2000)
02-20 20:47:16.612     0     0 I IPv6    : ADDRCONF(NETDEV_CHANGE): wlan1: link becomes ready
02-20 20:47:16.622     0     0 D ieee80211 phy1: mac80211_hwsim_configure_filter
02-20 20:47:16.607  1938  1990 D EGL_emulation: eglMakeCurrent: 0x76a13ff79980: ver 3 0 (tinfo 0x76a14a2f6bc0)
02-20 20:47:16.611  1520  1520 E hostapd : Using interface wlan1 with hwaddr 02:00:00:00:01:00 and ssid "AndroidWifi"
02-20 20:47:16.612  1520  1520 I hostapd : wlan1: interface state HT_SCAN->ENABLED
02-20 20:47:16.612  1520  1520 I hostapd : wlan1: AP-ENABLED 
02-20 20:47:16.625  1674  1788 D TelephonyRegistry: listen oscl: hasNotifySubscriptionInfoChangedOccurred==false no callback
02-20 20:47:16.630  1920  1920 D Dcc     : E ctor
02-20 20:47:16.630  1920  1920 D Dcc     : X ctor
02-20 20:47:16.638  1674  1975 I am_proc_bound: [0,2024,com.android.cellbroadcastreceiver]
02-20 20:47:16.639  1920  1920 D SubscriptionController: [getPhoneId] asked for default subId=-1
02-20 20:47:16.640  1920  2037 D DcTesterDeacativateAll: register for intent action=com.android.internal.telephony.dataconnection.action_deactivate_all
02-20 20:47:16.640  1920  2037 D DcTesterDeacativateAll: register for intent action=com.android.internal.telephony.action_detached
02-20 20:47:16.646  1920  1920 D DcTesterFailBrinupAll: register for intent action=com.android.internal.telephony.dataconnection.action_fail_bringup
02-20 20:47:16.647  1920  1920 D DcTesterFailBrinupAll: register for intent action=com.android.internal.telephony.action_detached
02-20 20:47:16.647  1920  1920 D DcTesterFailBrinupAll: register for intent action=com.android.internal.telephony.action_attached
02-20 20:47:16.648  1674  1682 I art     : Background sticky concurrent mark sweep GC freed 31576(2MB) AllocSpace objects, 10(232KB) LOS objects, 8% free, 22MB/24MB, paused 11.041ms total 128.969ms
02-20 20:47:16.648  1920  2037 D Dcc     : DccDefaultState: msg.what=EVENT_RIL_CONNECTED mRilVersion=12
02-20 20:47:16.652  1371  1402 I MediaPlayerService: MediaPlayerService::getOMX
02-20 20:47:16.654  1674  2044 I OMXClient: MuxOMX ctor
02-20 20:47:16.655  1368  1837 I OMXMaster: makeComponentInstance(OMX.google.vorbis.decoder) in mediacodec process
02-20 20:47:16.655  1920  1920 D SST     : notifyDataRegStateRilRadioTechnologyChanged: drs=1 rat=0
02-20 20:47:16.655  1920  1920 D TelephonyManager: setTelephonyProperty: success phoneId=0 property=gsm.network.type value: Unknown propVal=Unknown
02-20 20:47:16.656  1920  1920 D DCT     : [0]update sub = -2
02-20 20:47:16.656  1920  1920 D DCT     : [0]update(): Active DDS, register for all events now!
02-20 20:47:16.656  1920  1920 D GsmCdmaPhone: [GsmCdmaPhone] updateCurrentCarrierInProvider: mSubId = -2 currentDds = 1 operatorNumeric = null
02-20 20:47:16.657  1920  1920 D DCT     : [0]initApnContexts: E
02-20 20:47:16.657  1920  1920 D DCT     : [0]initApnContexts: skipping unknown type=1
02-20 20:47:16.657  1920  1920 D DCT     : [0]initApnContexts: apnContext={mApnType=default mState=IDLE mWaitingApns={null} mApnSetting={null} mReason=dataEnabled mDataEnabled=false mDependencyMet=true}
02-20 20:47:16.657  1920  1920 D DCT     : [0]initApnContexts: apnContext={mApnType=mms mState=IDLE mWaitingApns={null} mApnSetting={null} mReason=dataEnabled mDataEnabled=false mDependencyMet=true}
02-20 20:47:16.657  1920  1920 D DCT     : [0]initApnContexts: apnContext={mApnType=supl mState=IDLE mWaitingApns={null} mApnSetting={null} mReason=dataEnabled mDataEnabled=false mDependencyMet=true}
02-20 20:47:16.657  1920  1920 D DCT     : [0]initApnContexts: apnContext={mApnType=hipri mState=IDLE mWaitingApns={null} mApnSetting={null} mReason=dataEnabled mDataEnabled=false mDependencyMet=true}
02-20 20:47:16.657  1920  1920 D DCT     : [0]initApnContexts: apnContext={mApnType=fota mState=IDLE mWaitingApns={null} mApnSetting={null} mReason=dataEnabled mDataEnabled=false mDependencyMet=true}
02-20 20:47:16.657  1920  1920 D DCT     : [0]initApnContexts: apnContext={mApnType=ims mState=IDLE mWaitingApns={null} mApnSetting={null} mReason=dataEnabled mDataEnabled=false mDependencyMet=true}
02-20 20:47:16.657  1920  1920 D DCT     : [0]initApnContexts: apnContext={mApnType=cbs mState=IDLE mWaitingApns={null} mApnSetting={null} mReason=dataEnabled mDataEnabled=false mDependencyMet=true}
02-20 20:47:16.657  1920  1920 D DCT     : [0]initApnContexts: skipping unknown type=13
02-20 20:47:16.657  1920  1920 D DCT     : [0]initApnContexts: apnContext={mApnType=ia mState=IDLE mWaitingApns={null} mApnSetting={null} mReason=dataEnabled mDataEnabled=false mDependencyMet=true}
02-20 20:47:16.657  1920  1920 D DCT     : [0]initApnContexts: apnContext={mApnType=emergency mState=IDLE mWaitingApns={null} mApnSetting={null} mReason=dataEnabled mDataEnabled=false mDependencyMet=true}
02-20 20:47:16.674  1920  1920 D GsmCdmaPhone: [GsmCdmaPhone] GsmCdmaPhone: constructor: sub = 0
02-20 20:47:16.674  1920  1920 I PhoneFactory: Creating Phone with type = 1 sub = 0
02-20 20:47:16.675  1920  1920 I PhoneFactory: defaultSmsApplication: NONE
02-20 20:47:16.675  1920  1920 I PhoneFactory: Creating SubInfoRecordUpdater 
02-20 20:47:16.676  1920  1920 D SubscriptionInfoUpdater: Constructor invoked
02-20 20:47:16.717  1938  1990 D EGL_emulation: eglMakeCurrent: 0x76a13ff79980: ver 3 0 (tinfo 0x76a14a2f6bc0)
02-20 20:47:16.744  1674  1739 E ActivityThread: Failed to find provider info for com.android.calendar
02-20 20:47:16.747  1674  1739 E ActivityThread: Failed to find provider info for com.android.calendar
02-20 20:47:16.760  1371  1834 I MediaPlayerService: MediaPlayerService::getOMX
02-20 20:47:16.761  1674  2048 I OMXClient: MuxOMX ctor
02-20 20:47:16.761  1674  1789 D TelephonyRegistry: listen oscl: hasNotifySubscriptionInfoChangedOccurred==false no callback
02-20 20:47:16.761  1920  1920 D SubscriptionController: [getPhoneId]- no sims, returning default phoneId=2147483647
02-20 20:47:16.762  1368  2012 I OMXMaster: makeComponentInstance(OMX.google.vorbis.decoder) in mediacodec process
02-20 20:47:16.785  1674  1690 I boot_progress_enable_screen: 10785
02-20 20:47:16.786  1674  1697 I am_activity_launch_time: [0,228865423,com.android.settings/.FallbackHome,863,863]
02-20 20:47:16.786  1674  1697 I ActivityManager: Displayed com.android.settings/.FallbackHome: +863ms
02-20 20:47:16.787  1674  1690 V KeyguardServiceDelegate: *** Keyguard started
02-20 20:47:16.787  1674  1690 I screen_toggled: 1
02-20 20:47:16.789  1313  1326 I SurfaceFlinger: Boot is finished (9006 ms)
02-20 20:47:16.793  1313  1326 I sf_stop_bootanim: 10789
02-20 20:47:16.796  1674  1690 W KeyguardServiceDelegate: onScreenTurningOn(): no keyguard service!
02-20 20:47:16.804  1674  1688 D TelephonyRegistry: listen oscl: hasNotifySubscriptionInfoChangedOccurred==false no callback
02-20 20:47:16.804  1674  1697 I WindowManager: Screen frozen for +830ms due to Window{7eab356 u0 KeyguardScrim}
02-20 20:47:16.804  1920  1920 D PhoneSwitcherNetworkRequstListener: Registering NetworkFactory
02-20 20:47:16.805  1674  1733 D ConnectivityService: Got NetworkFactory Messenger for PhoneSwitcherNetworkRequstListener
02-20 20:47:16.805  1920  1920 D PhoneSwitcher: PhoneSwitcher started
02-20 20:47:16.805  1920  1920 D ProxyController: Constructor - Enter
02-20 20:47:16.813  1920  1920 D ProxyController: clearTransaction
02-20 20:47:16.813  1920  1920 D ProxyController: clearTransaction: phoneId=0 status=IDLE
02-20 20:47:16.813  1920  1920 D ProxyController: Constructor - Exit
02-20 20:47:16.813  1920  1920 D TelephonyNetworkFactory[0]: Registering NetworkFactory
02-20 20:47:16.815  1674  1733 D ConnectivityService: Got NetworkFactory Messenger for TelephonyNetworkFactory[0]
02-20 20:47:16.824  1920  1920 D CallManager: registerPhone(GSM Handler (com.android.internal.telephony.GsmCdmaPhone) {588237d})
02-20 20:47:16.826  1674  1688 D TelephonyRegistry: listen oscl: hasNotifySubscriptionInfoChangedOccurred==false no callback
02-20 20:47:16.837  1313  1943 D         : HostConnection::get() New Host Connection established 0x762565e1b8a0, tid 1943
02-20 20:47:16.844     0     0 I init    : Service 'bootanim' (pid 1334) exited with status 0
02-20 20:47:16.868  1674  1788 I StatusBarManagerService: registerStatusBar bar=com.android.internal.statusbar.IStatusBar$Stub$Proxy@686e508
02-20 20:47:16.851     0     0 I init    : Starting service 'exec 6 (/system/bin/bootstat)'...
02-20 20:47:16.877     0     0 I init    : Service 'exec 6 (/system/bin/bootstat)' (pid 2054) exited with status 0
02-20 20:47:16.879     0     0 I init    : Starting service 'exec 7 (/system/bin/bootstat)'...
02-20 20:47:16.908     0     0 I init    : Service 'exec 7 (/system/bin/bootstat)' (pid 2055) exited with status 0
02-20 20:47:16.909     0     0 I init    : Starting service 'exec 8 (/system/bin/bootstat)'...
02-20 20:47:16.934     0     0 I init    : Service 'exec 8 (/system/bin/bootstat)' (pid 2058) exited with status 0
02-20 20:47:16.936     0     0 I init    : Starting service 'exec 9 (/system/bin/bootstat)'...
02-20 20:47:16.865  2054  2054 I auditd  : type=1400 audit(0.0:11): avc: denied { getattr } for comm="bootstat" path="/vendor" dev="rootfs" ino=4008 scontext=u:r:bootstat:s0 tcontext=u:object_r:rootfs:s0 tclass=lnk_file permissive=0
02-20 20:47:16.865  2054  2054 W bootstat: type=1400 audit(0.0:11): avc: denied { getattr } for path="/vendor" dev="rootfs" ino=4008 scontext=u:r:bootstat:s0 tcontext=u:object_r:rootfs:s0 tclass=lnk_file permissive=0
02-20 20:47:16.895  2055  2055 I auditd  : type=1400 audit(0.0:12): avc: denied { getattr } for comm="bootstat" path="/vendor" dev="rootfs" ino=4008 scontext=u:r:bootstat:s0 tcontext=u:object_r:rootfs:s0 tclass=lnk_file permissive=0
02-20 20:47:16.895  2055  2055 W bootstat: type=1400 audit(0.0:12): avc: denied { getattr } for path="/vendor" dev="rootfs" ino=4008 scontext=u:r:bootstat:s0 tcontext=u:object_r:rootfs:s0 tclass=lnk_file permissive=0
02-20 20:47:16.872  2054  2054 I bootstat: Service started: /system/bin/bootstat --record_boot_complete 
02-20 20:47:16.872  1313  1313 I sf_frame_dur: [BootAnimation,0,14,170,10,0,0,0]
02-20 20:47:16.875  2054  2054 I bootstat: Logging histogram: bootstat_mtime_matches_content 1
02-20 20:47:16.875  2054  2054 I sysui_histogram: [bootstat_mtime_matches_content,1]
02-20 20:47:16.876  2054  2054 I bootstat: Logging histogram: bootstat_mtime_matches_content 1
02-20 20:47:16.876  2054  2054 I sysui_histogram: [bootstat_mtime_matches_content,1]
02-20 20:47:16.876  2054  2054 I bootstat: Logging histogram: bootstat_mtime_matches_content 1
02-20 20:47:16.876  2054  2054 I sysui_histogram: [bootstat_mtime_matches_content,1]
02-20 20:47:16.879  2024  2024 W System  : ClassLoader referenced unknown path: /system/priv-app/CellBroadcastReceiver/lib/x86_64
02-20 20:47:16.905  2055  2055 I bootstat: Service started: /system/bin/bootstat --record_boot_reason 
02-20 20:47:16.905  2055  2055 I bootstat: Unknown boot reason: 
02-20 20:47:16.933  2058  2058 I bootstat: Service started: /system/bin/bootstat --record_time_since_factory_reset 
02-20 20:47:16.933  2058  2058 I bootstat: Logging histogram: factory_reset_current_time 1519159636
02-20 20:47:16.933  2058  2058 I sysui_histogram: [factory_reset_current_time,1519159636]
02-20 20:47:16.934  2058  2058 I bootstat: Logging histogram: bootstat_mtime_matches_content 1
02-20 20:47:16.934  2058  2058 I sysui_histogram: [bootstat_mtime_matches_content,1]
02-20 20:47:16.934  2058  2058 I bootstat: Logging histogram: factory_reset_record_value 1519154248
02-20 20:47:16.934  2058  2058 I sysui_histogram: [factory_reset_record_value,1519154248]
02-20 20:47:16.936  1674  1738 D NotificationSQLiteLog: Pruned event entries: 0
02-20 20:47:16.943  2059  2059 I bootstat: Service started: /system/bin/bootstat -l 
02-20 20:47:16.943  2059  2059 I bootstat: Logging histogram: bootstat_mtime_matches_content 1
02-20 20:47:16.943  2059  2059 I sysui_histogram: [bootstat_mtime_matches_content,1]
02-20 20:47:16.943  2059  2059 I bootstat: Logging histogram: bootstat_mtime_matches_content 1
02-20 20:47:16.943  2059  2059 I sysui_histogram: [bootstat_mtime_matches_content,1]
02-20 20:47:16.943  2059  2059 I bootstat: Logging histogram: bootstat_mtime_matches_content 1
02-20 20:47:16.943  2059  2059 I sysui_histogram: [bootstat_mtime_matches_content,1]
02-20 20:47:16.943  2059  2059 I bootstat: Logging histogram: bootstat_mtime_matches_content 1
02-20 20:47:16.943  2059  2059 I sysui_histogram: [bootstat_mtime_matches_content,1]
02-20 20:47:16.945  2059  2059 I bootstat: Logging histogram: bootstat_mtime_matches_content 1
02-20 20:47:16.945  2059  2059 I sysui_histogram: [bootstat_mtime_matches_content,1]
02-20 20:47:16.946  2059  2059 I bootstat: Logging histogram: bootstat_mtime_matches_content 1
02-20 20:47:16.946  2059  2059 I sysui_histogram: [bootstat_mtime_matches_content,1]
02-20 20:47:16.946  2059  2059 I bootstat: Logging histogram: bootstat_mtime_matches_content 1
02-20 20:47:16.946  2059  2059 I sysui_histogram: [bootstat_mtime_matches_content,1]
02-20 20:47:16.946  2059  2059 I bootstat: Logging histogram: bootstat_mtime_matches_content 1
02-20 20:47:16.946  2059  2059 I sysui_histogram: [bootstat_mtime_matches_content,1]
02-20 20:47:16.946  2059  2059 I bootstat: Logging histogram: bootstat_mtime_matches_content 1
02-20 20:47:16.946  2059  2059 I sysui_histogram: [bootstat_mtime_matches_content,1]
02-20 20:47:16.946  2059  2059 I bootstat: Logging histogram: bootstat_mtime_matches_content 1
02-20 20:47:16.946  2059  2059 I sysui_histogram: [bootstat_mtime_matches_content,1]
02-20 20:47:16.946  2059  2059 I bootstat: Logging histogram: bootstat_mtime_matches_content 1
02-20 20:47:16.946  2059  2059 I sysui_histogram: [bootstat_mtime_matches_content,1]
02-20 20:47:16.946  2059  2059 I bootstat: Logging histogram: bootstat_mtime_matches_content 1
02-20 20:47:16.946  2059  2059 I sysui_histogram: [bootstat_mtime_matches_content,1]
02-20 20:47:16.946  2059  2059 I bootstat: Logging histogram: bootstat_mtime_matches_content 1
02-20 20:47:16.946  2059  2059 I sysui_histogram: [bootstat_mtime_matches_content,1]
02-20 20:47:16.946  2059  2059 I bootstat: Logging histogram: bootstat_mtime_matches_content 1
02-20 20:47:16.946  2059  2059 I sysui_histogram: [bootstat_mtime_matches_content,1]
02-20 20:47:16.946  2059  2059 I bootstat: Logging histogram: post_decrypt_time_elapsed 2
02-20 20:47:16.946  2059  2059 I sysui_histogram: [post_decrypt_time_elapsed,2]
02-20 20:47:16.946  2059  2059 I bootstat: Logging histogram: last_boot_time_utc 1519159636
02-20 20:47:16.946  2059  2059 I sysui_histogram: [last_boot_time_utc,1519159636]
02-20 20:47:16.946  2059  2059 I bootstat: Logging histogram: build_date 1513095943
02-20 20:47:16.946  2059  2059 I sysui_histogram: [build_date,1513095943]
02-20 20:47:16.946  2059  2059 I bootstat: Logging histogram: boot_decryption_complete 10
02-20 20:47:16.946  2059  2059 I sysui_histogram: [boot_decryption_complete,10]
02-20 20:47:16.946  2059  2059 I bootstat: Logging histogram: ota_boot_complete_post_decrypt 7
02-20 20:47:16.946  2059  2059 I sysui_histogram: [ota_boot_complete_post_decrypt,7]
02-20 20:47:16.946  2059  2059 I bootstat: Logging histogram: ota_boot_complete 9
02-20 20:47:16.946  2059  2059 I sysui_histogram: [ota_boot_complete,9]
02-20 20:47:16.946  2059  2059 I bootstat: Logging histogram: boot_reason 1
02-20 20:47:16.946  2059  2059 I sysui_histogram: [boot_reason,1]
02-20 20:47:16.946  2059  2059 I bootstat: Logging histogram: factory_reset_current_time 1519159636
02-20 20:47:16.946  2059  2059 I sysui_histogram: [factory_reset_current_time,1519159636]
02-20 20:47:16.946  2059  2059 I bootstat: Logging histogram: factory_reset 1519154248
02-20 20:47:16.946  2059  2059 I sysui_histogram: [factory_reset,1519154248]
02-20 20:47:16.946  2059  2059 I bootstat: Logging histogram: time_since_last_boot 68
02-20 20:47:16.946  2059  2059 I sysui_histogram: [time_since_last_boot,68]
02-20 20:47:16.946  2059  2059 I bootstat: Logging histogram: boot_complete_post_decrypt 8
02-20 20:47:16.946  2059  2059 I sysui_histogram: [boot_complete_post_decrypt,8]
02-20 20:47:16.946  2059  2059 I bootstat: Logging histogram: boot_complete 10
02-20 20:47:16.946  2059  2059 I sysui_histogram: [boot_complete,10]
02-20 20:47:16.946  2059  2059 I bootstat: Logging histogram: factory_reset_record_value 1519154248
02-20 20:47:16.946  2059  2059 I sysui_histogram: [factory_reset_record_value,1519154248]
02-20 20:47:16.946  2059  2059 I bootstat: Logging histogram: time_since_factory_reset 5388
02-20 20:47:16.946  2059  2059 I sysui_histogram: [time_since_factory_reset,5388]
02-20 20:47:16.946     0     0 I init    : Service 'exec 9 (/system/bin/bootstat)' (pid 2059) exited with status 0
02-20 20:47:16.925  2058  2058 I auditd  : type=1400 audit(0.0:13): avc: denied { getattr } for comm="bootstat" path="/vendor" dev="rootfs" ino=4008 scontext=u:r:bootstat:s0 tcontext=u:object_r:rootfs:s0 tclass=lnk_file permissive=0
02-20 20:47:16.925  2058  2058 W bootstat: type=1400 audit(0.0:13): avc: denied { getattr } for path="/vendor" dev="rootfs" ino=4008 scontext=u:r:bootstat:s0 tcontext=u:object_r:rootfs:s0 tclass=lnk_file permissive=0
02-20 20:47:16.925  2059  2059 I auditd  : type=1400 audit(0.0:14): avc: denied { getattr } for comm="bootstat" path="/vendor" dev="rootfs" ino=4008 scontext=u:r:bootstat:s0 tcontext=u:object_r:rootfs:s0 tclass=lnk_file permissive=0
02-20 20:47:16.925  2059  2059 W bootstat: type=1400 audit(0.0:14): avc: denied { getattr } for path="/vendor" dev="rootfs" ino=4008 scontext=u:r:bootstat:s0 tcontext=u:object_r:rootfs:s0 tclass=lnk_file permissive=0
02-20 20:47:16.988  1920  2052 D SubscriptionController: [getPhoneId]- no sims, returning default phoneId=2147483647
02-20 20:47:16.993  1674  1689 I SyncManager: Got SyncJobService instance.
02-20 20:47:16.994  1674  1674 I FusedLocation: engine started (com.android.location.fused)
02-20 20:47:17.042     0     0 I init    : write_file: Unable to open '/sys/class/android_usb/android0/enable': No such file or directory
02-20 20:47:17.043     0     0 I init    : write_file: Unable to open '/sys/class/android_usb/android0/idVendor': No such file or directory
02-20 20:47:17.044     0     0 I init    : write_file: Unable to open '/sys/class/android_usb/android0/idProduct': No such file or directory
02-20 20:47:17.045     0     0 I init    : write_file: Unable to open '/sys/class/android_usb/android0/functions': No such file or directory
02-20 20:47:17.047     0     0 I init    : write_file: Unable to open '/sys/class/android_usb/android0/enable': No such file or directory
02-20 20:47:17.013  1674  1697 I wm_boot_animation_done: 11013
02-20 20:47:17.013  1674  1975 W art     : Long monitor contention with owner android.display (1697) at void com.android.server.wm.WindowManagerService$H.handleMessage(android.os.Message)(WindowManagerService.java:8368) waiters=1 in float com.android.server.wm.WindowManagerService.getCurrentAnimatorScale() for 186ms
02-20 20:47:17.013  1674  1975 I dvm_lock_sample: [system_server,1,Binder:1674_6,186,WindowManagerService.java,5760,-,8368,37]
02-20 20:47:17.013  1674  1691 W art     : Long monitor contention with owner android.display (1697) at void com.android.server.wm.WindowManagerService$H.handleMessage(android.os.Message)(WindowManagerService.java:8368) waiters=2 in void com.android.server.wm.WindowManagerService.updateRotationUnchecked(boolean, boolean) for 151ms
02-20 20:47:17.014  1674  1691 I dvm_lock_sample: [system_server,1,android.ui,151,WindowManagerService.java,6783,-,8368,30]
02-20 20:47:17.014  1674  1697 I SystemServiceManager: Starting phase 1000
02-20 20:47:17.042  1674  1697 I am_proc_start: [0,2062,10015,com.google.android.ext.services,on-hold,]
02-20 20:47:17.042  1674  1697 I ActivityManager: Start proc 2062:com.google.android.ext.services/u0a15 for on-hold
02-20 20:47:17.059  2062  2062 W art     : Unexpected CPU variant for X86 using defaults: x86_64
02-20 20:47:17.061  1674  1697 D ActivityManager: Finishing user boot 0
02-20 20:47:17.062  1674  1697 I sysui_histogram: [framework_locked_boot_completed,11]
02-20 20:47:17.063  1674  1697 D CryptdConnector: SND -> {3 cryptfs prepare_user_storage ! 0 0 2}
02-20 20:47:17.064  1268  1304 D vold    : e4crypt_prepare_user_storage for volume null, user 0, serial 0, flags 2
02-20 20:47:17.064  1268  1304 D vold    : Preparing: /data/system_ce/0
02-20 20:47:17.064  1268  1304 D vold    : Preparing: /data/misc_ce/0
02-20 20:47:17.064  1268  1304 D vold    : Preparing: /data/media/0
02-20 20:47:17.064  1268  1304 D vold    : Preparing: /data/data
02-20 20:47:17.064  1674  1722 D CryptdConnector: RCV <- {200 3 Command succeeded}
02-20 20:47:17.064  1674  1697 V UserManagerService: Found /data/user/0 with serial number 0
02-20 20:47:17.064  1674  1697 V UserManagerService: Found /data/system_ce/0 with serial number 0
02-20 20:47:17.064  1674  1697 V PackageManager: reconcileAppsData for null u0 0x2
02-20 20:47:17.131  1674  1697 V PackageManager: reconcileAppsData finished 100 packages
02-20 20:47:17.132  1674  1690 D MountService: onUnlockUser 0
02-20 20:47:17.132  1674  1690 D VoldConnector: SND -> {7 volume user_started 0}
02-20 20:47:17.132  1674  1688 I am_proc_bound: [0,2062,com.google.android.ext.services]
02-20 20:47:17.133  1268  1303 D vold    : Linking /storage/emulated/0 to /mnt/user/0/primary
02-20 20:47:17.152  1674  1721 D VoldConnector: RCV <- {200 7 Command succeeded}
02-20 20:47:17.154  1674  1720 D MountService: Volume public:253,64 broadcasting mounted to UserHandle{0}
02-20 20:47:17.191  1674  1963 I am_proc_start: [0,2081,10001,android.process.acore,content provider,com.android.providers.contacts/.ContactsProvider2]
02-20 20:47:17.191  1674  1963 I ActivityManager: Start proc 2081:android.process.acore/u0a1 for content provider com.android.providers.contacts/.ContactsProvider2
02-20 20:47:17.192  1674  1720 D MountService: Volume emulated broadcasting mounted to UserHandle{0}
02-20 20:47:17.194  2081  2081 W art     : Unexpected CPU variant for X86 using defaults: x86_64
02-20 20:47:17.194  1920  1920 D CarrierConfigLoader: CarrierConfigLoader has started
02-20 20:47:17.195  1920  1920 E BluetoothAdapter: Bluetooth binder is null
02-20 20:47:17.195  1674  1789 D TelephonyRegistry: listen oscl: hasNotifySubscriptionInfoChangedOccurred==false no callback
02-20 20:47:17.195  2062  2062 W System  : ClassLoader referenced unknown path: /system/priv-app/GoogleExtServices/lib/x86_64
02-20 20:47:17.199  1674  1688 I am_proc_bound: [0,2081,android.process.acore]
02-20 20:47:17.244  1674  1690 V BackupManagerService: No ancestral data
02-20 20:47:17.248  2081  2081 W System  : ClassLoader referenced unknown path: /system/priv-app/ContactsProvider/lib/x86_64
02-20 20:47:17.254  1674  1690 V BackupManagerService: Starting with transport android/com.android.internal.backup.LocalTransport
02-20 20:47:17.254  1674  1690 V BackupManagerService: Found transports: 2
02-20 20:47:17.274  1920  1920 D RILJ    : [3655]> RIL_REQUEST_SET_TTY_MODE : 0 [SUB0]
02-20 20:47:17.277  1373  1501 D RIL     : onRequest: SET_TTY_MODE
02-20 20:47:17.277  1920  2002 D RilRequest: [3655]< RIL_REQUEST_SET_TTY_MODE error: com.android.internal.telephony.CommandException: RADIO_NOT_AVAILABLE ret=
02-20 20:47:17.277  1920  1920 I Telephony: TtyManager: updateUiTtyMode -1 -> 0
02-20 20:47:17.277  2098  2098 W art     : Unexpected CPU variant for X86 using defaults: x86_64
02-20 20:47:17.278  1674  1690 I am_proc_start: [0,2098,10014,com.google.android.gms.persistent,service,com.google.android.gms/.backup.BackupTransportService]
02-20 20:47:17.278  1674  1690 I ActivityManager: Start proc 2098:com.google.android.gms.persistent/u0a14 for service com.google.android.gms/.backup.BackupTransportService
02-20 20:47:17.280  1674  1690 I BackupManagerService: Backup enabled => false
02-20 20:47:17.281  1674  1674 V BackupManagerService: Connected to transport ComponentInfo{android/com.android.internal.backup.LocalTransportService}
02-20 20:47:17.285  1674  1674 V BackupManagerService: Registering transport android/com.android.internal.backup.LocalTransportService::android/com.android.internal.backup.LocalTransport = android.app.backup.BackupTransport$TransportImpl@938dc28
02-20 20:47:17.285  1674  1788 D TelephonyRegistry: listen oscl: hasNotifySubscriptionInfoChangedOccurred==false no callback
02-20 20:47:17.285  1920  1920 D SubscriptionController: [getPhoneId] asked for default subId=-1
02-20 20:47:17.286  1920  1920 D UiccController: EVENT_RADIO_UNAVAILABLE, dispose card
02-20 20:47:17.286  1920  1920 D UiccController: Received EVENT_ICC_STATUS_CHANGED, calling getIccCardStatus
02-20 20:47:17.286  1920  1920 D RILJ    : [3656]> GET_SIM_STATUS [SUB0]
02-20 20:47:17.287  1674  1688 I am_proc_bound: [0,2098,com.google.android.gms.persistent]
02-20 20:47:17.287  1674  1674 I backup_transport_lifecycle: [android/com.android.internal.backup.LocalTransportService,1]
02-20 20:47:17.288  1920  1920 D Phone   : config LCE service failed: com.android.internal.telephony.CommandException: RADIO_NOT_AVAILABLE
02-20 20:47:17.288  1920  1920 D GsmSMSDispatcher: GsmSMSDispatcher: subId = -2 slotId = 0
02-20 20:47:17.288  1920  1920 E IccCardProxy: setExternalState: !override and newstate unchanged from NOT_READY
02-20 20:47:17.288  1920  1920 D RILJ    : [3657]> BASEBAND_VERSION [SUB0]
02-20 20:47:17.288  1373  1501 D RIL     : onRequest: GET_SIM_STATUS
02-20 20:47:17.288  1373  1501 D RIL     : getSIMStatus(). sState: 0
02-20 20:47:17.288  1920  2002 D RILJ    : [3656]< GET_SIM_STATUS IccCardState {CARDSTATE_PRESENT,PINSTATE_UNKNOWN,num_apps=2,gsm_id=0{APPTYPE_SIM,APPSTATE_DETECTED},cdma_id=1{APPTYPE_RUIM,APPSTATE_DETECTED},ims_id=8} [SUB0]
02-20 20:47:17.289  1920  1920 D RILJ    : [3658]> GET_IMEI [SUB0]
02-20 20:47:17.289  1373  1501 D RIL     : onRequest: BASEBAND_VERSION
02-20 20:47:17.289  1920  1920 D RILJ    : [3659]> GET_IMEISV [SUB0]
02-20 20:47:17.289  1373  1501 D RIL     : onRequest: GET_IMEI
02-20 20:47:17.289  1373  1501 D AT      : AT> AT+CGSN
02-20 20:47:17.289  1373  1503 D AT      : AT< 000000000000000
02-20 20:47:17.289  1373  1503 D AT      : AT< OK
02-20 20:47:17.289  1920  1920 D RILJ    : [3660]> RIL_REQUEST_GET_RADIO_CAPABILITY [SUB0]
02-20 20:47:17.289  1373  1501 D RIL     : onRequest: GET_IMEISV
02-20 20:47:17.289  1920  1920 D RILJ    : [3661]> RIL_REQUEST_START_LCE [SUB0]
02-20 20:47:17.289  1373  1501 D RIL     : onRequest: RIL_REQUEST_GET_RADIO_CAPABILITY
02-20 20:47:17.289  1920  1920 D GsmCdmaPhone: [GsmCdmaPhone] Event EVENT_RADIO_OFF_OR_NOT_AVAILABLE Received
02-20 20:47:17.290  1920  1920 E IccCardProxy: setExternalState: !override and newstate unchanged from NOT_READY
02-20 20:47:17.290  1920  1920 D SST     : mDeviceShuttingDown=false, mDesiredPowerState=true, getRadioState=RADIO_OFF, mPowerOffDelayNeed=true, mAlarmSwitch=false, mRadioDisabledByCarrier=false
02-20 20:47:17.290  1373  1501 D RIL     : onRequest: <unknown request>
02-20 20:47:17.290  1920  1920 D RILJ    : [3662]> RADIO_POWER on [SUB0]
02-20 20:47:17.290  1373  1501 D RIL     : onRequest: RADIO_POWER
02-20 20:47:17.290  1373  1501 D AT      : AT> AT+CFUN=1
02-20 20:47:17.290  1920  1920 D RILJ    : [3663]> OPERATOR [SUB0]
02-20 20:47:17.290  1373  1503 D AT      : AT< OK
02-20 20:47:17.290  1373  1501 D RIL     : setRadioState(10)
02-20 20:47:17.291  1920  2002 D RilRequest: [3657]< BASEBAND_VERSION error: com.android.internal.telephony.CommandException: RADIO_NOT_AVAILABLE ret=
02-20 20:47:17.291  1920  2002 D RILJ    : [3658]< GET_IMEI  [SUB0]
02-20 20:47:17.292  1920  2002 D RilRequest: [3659]< GET_IMEISV error: com.android.internal.telephony.CommandException: RADIO_NOT_AVAILABLE ret=
02-20 20:47:17.292  1920  2002 D RilRequest: [3660]< RIL_REQUEST_GET_RADIO_CAPABILITY error: com.android.internal.telephony.CommandException: RADIO_NOT_AVAILABLE ret=
02-20 20:47:17.292  1920  2002 D RilRequest: [3661]< RIL_REQUEST_START_LCE error: com.android.internal.telephony.CommandException: RADIO_NOT_AVAILABLE ret=
02-20 20:47:17.292  1920  2002 D RILJ    : [UNSL]< UNSOL_RESPONSE_RADIO_STATE_CHANGED RADIO_ON [SUB0]
02-20 20:47:17.292  1920  2002 D RILJ    : [UNSL]< UNSOL_RESPONSE_SIM_STATUS_CHANGED [SUB0]
02-20 20:47:17.292  1920  2002 D RILJ    : [3662]< RADIO_POWER  [SUB0]
02-20 20:47:17.292  1373  1501 D RIL     : onRequest: OPERATOR
02-20 20:47:17.292  1373  1501 D AT      : AT> AT+COPS=3,0;+COPS?;+COPS=3,1;+COPS?;+COPS=3,2;+COPS?
02-20 20:47:17.292  1373  1503 D AT      : AT< +COPS: 0,0,"Android"
02-20 20:47:17.292  1373  1503 D AT      : AT< +COPS: 0,1,"Android"
02-20 20:47:17.292  1373  1503 D AT      : AT< +COPS: 0,2,"310260"
02-20 20:47:17.292  1373  1503 D AT      : AT< OK
02-20 20:47:17.292  1920  2002 D RILJ    : [3663]< OPERATOR {Android, Android, 310260} [SUB0]
02-20 20:47:17.293  1920  1920 D RILJ    : [3664]> DATA_REGISTRATION_STATE [SUB0]
02-20 20:47:17.294  1373  1501 D RIL     : onRequest: DATA_REGISTRATION_STATE
02-20 20:47:17.294  1373  1501 D RIL     : requestRegistrationState
02-20 20:47:17.294  1373  1501 D AT      : AT> AT+CGREG?
02-20 20:47:17.294  1373  1503 D AT      : AT< +CGREG: 1,1,"0003","005b","000e"
02-20 20:47:17.294  1373  1503 D AT      : AT< OK
02-20 20:47:17.294  1373  1501 D RIL     : parseRegistrationState. Parsing: +CGREG: 1,1,"0003","005b","000e"
02-20 20:47:17.294  1373  1501 D RIL     : registration state type: 3GPP
02-20 20:47:17.294  1920  1920 D RILJ    : [3665]> VOICE_REGISTRATION_STATE [SUB0]
02-20 20:47:17.294  1920  2002 D RILJ    : [3664]< DATA_REGISTRATION_STATE {1, 3, 5b, 14, null, null} [SUB0]
02-20 20:47:17.297  1373  1501 D RIL     : onRequest: VOICE_REGISTRATION_STATE
02-20 20:47:17.297  1373  1501 D RIL     : requestRegistrationState
02-20 20:47:17.297  1373  1501 D AT      : AT> AT+CREG?
02-20 20:47:17.297  1373  1503 D AT      : AT< +CREG: 2,1, "0003", "005b"
02-20 20:47:17.297  1373  1503 D AT      : AT< OK
02-20 20:47:17.297  1373  1501 D RIL     : parseRegistrationState. Parsing: +CREG: 2,1, "0003", "005b"
02-20 20:47:17.297  1373  1501 D RIL     : registration state type: 3GPP
02-20 20:47:17.297  1920  1920 D RILJ    : [3666]> QUERY_NETWORK_SELECTION_MODE [SUB0]
02-20 20:47:17.299  1373  1501 D RIL     : onRequest: QUERY_NETWORK_SELECTION_MODE
02-20 20:47:17.299  1373  1501 D AT      : AT> AT+COPS?
02-20 20:47:17.299  1373  1503 D AT      : AT< +COPS: 0,2,310260
02-20 20:47:17.299  1373  1503 D AT      : AT< OK
02-20 20:47:17.299  1920  1920 D SST     : NITZ: 18/02/20:20:47:11+0:0:Unknown!Unknown,4049 start=11299 delay=7250
02-20 20:47:17.300  1920  1920 D SST     : NITZ: tzOffset=0 dst=0 zone=GMT iso= mGotCountryCode=false mNeedFixZoneAfterNitz=false
02-20 20:47:17.300  1920  2002 D RILJ    : [3665]< VOICE_REGISTRATION_STATE {1, 3, 5b, 0, null, null, null, null, null, null, null, null, null, null, null} [SUB0]
02-20 20:47:17.300  1920  2002 D RILJ    : [3666]< QUERY_NETWORK_SELECTION_MODE {0} [SUB0]
02-20 20:47:17.300  1920  1920 D SST     : setAndBroadcastNetworkSetTimeZone: setTimeZone=GMT
02-20 20:47:17.301  1674  1789 D AlarmManagerService: Kernel timezone updated to 0 minutes west of GMT
02-20 20:47:17.305  1920  1920 D SST     : setAndBroadcastNetworkSetTimeZone: call alarm.setTimeZone and broadcast zoneId=GMT
02-20 20:47:17.305  1920  1920 D SST     : NITZ: Setting time of day to Tue Feb 20 20:47:18 GMT+00:00 2018 NITZ receive delay(ms): 7256 gained(ms): 951 from 18/02/20:20:47:11+0:0:Unknown!Unknown
02-20 20:47:17.305  1920  1920 D SST     : setAndBroadcastNetworkSetTime: time=1519159638256ms
02-20 20:47:17.305  1674  1687 D AlarmManagerService: Setting time of day to sec=1519159638
02-20 20:47:18.256  1674  1687 W AlarmManagerService: Unable to set rtc to 1519159638: No such device
02-20 20:47:18.260  1920  1920 I SST     : NITZ: after Setting time of day
02-20 20:47:18.260  1920  1920 D SST     : NITZ: end=11310 dur=11
02-20 20:47:18.260  1920  1920 D SST     : onSignalStrengthResult() Exception from RIL : com.android.internal.telephony.CommandException: RADIO_NOT_AVAILABLE
02-20 20:47:18.260  1920  1920 D SST     : mDeviceShuttingDown=false, mDesiredPowerState=true, getRadioState=RADIO_ON, mPowerOffDelayNeed=true, mAlarmSwitch=false, mRadioDisabledByCarrier=false
02-20 20:47:18.260  1920  1920 D RILJ    : [3667]> OPERATOR [SUB0]
02-20 20:47:18.261  1920  1920 D RILJ    : [3668]> DATA_REGISTRATION_STATE [SUB0]
02-20 20:47:18.261  1373  1501 D RIL     : onRequest: OPERATOR
02-20 20:47:18.261  1373  1501 D AT      : AT> AT+COPS=3,0;+COPS?;+COPS=3,1;+COPS?;+COPS=3,2;+COPS?
02-20 20:47:18.261  1373  1503 D AT      : AT< +COPS: 0,0,"Android"
02-20 20:47:18.261  1373  1503 D AT      : AT< +COPS: 0,1,"Android"
02-20 20:47:18.261  1373  1503 D AT      : AT< +COPS: 0,2,"310260"
02-20 20:47:18.261  1373  1503 D AT      : AT< OK
02-20 20:47:18.261  1920  1920 D RILJ    : [3669]> VOICE_REGISTRATION_STATE [SUB0]
02-20 20:47:18.261  1920  2002 D RILJ    : [3667]< OPERATOR {Android, Android, 310260} [SUB0]
02-20 20:47:18.261  1373  1501 D RIL     : onRequest: DATA_REGISTRATION_STATE
02-20 20:47:18.261  1373  1501 D RIL     : requestRegistrationState
02-20 20:47:18.261  1373  1501 D AT      : AT> AT+CGREG?
02-20 20:47:18.261  1373  1503 D AT      : AT< +CGREG: 1,1,"0003","005b","000e"
02-20 20:47:18.261  1373  1503 D AT      : AT< OK
02-20 20:47:18.261  1373  1501 D RIL     : parseRegistrationState. Parsing: +CGREG: 1,1,"0003","005b","000e"
02-20 20:47:18.261  1373  1501 D RIL     : registration state type: 3GPP
02-20 20:47:18.261  1920  1920 D RILJ    : [3670]> QUERY_NETWORK_SELECTION_MODE [SUB0]
02-20 20:47:18.261  1373  1501 D RIL     : onRequest: VOICE_REGISTRATION_STATE
02-20 20:47:18.261  1373  1501 D RIL     : requestRegistrationState
02-20 20:47:18.261  1373  1501 D AT      : AT> AT+CREG?
02-20 20:47:18.262  1373  1503 D AT      : AT< +CREG: 2,1, "0003", "005b"
02-20 20:47:18.262  1373  1503 D AT      : AT< OK
02-20 20:47:18.262  1920  2002 D RILJ    : [3668]< DATA_REGISTRATION_STATE {1, 3, 5b, 14, null, null} [SUB0]
02-20 20:47:18.262  1373  1501 D RIL     : parseRegistrationState. Parsing: +CREG: 2,1, "0003", "005b"
02-20 20:47:18.262  1373  1501 D RIL     : registration state type: 3GPP
02-20 20:47:18.262  1920  2002 D RILJ    : [3669]< VOICE_REGISTRATION_STATE {1, 3, 5b, 0, null, null, null, null, null, null, null, null, null, null, null} [SUB0]
02-20 20:47:18.262  1920  1920 D DCT     : [0]NETWORK_STATE_CHANGED_ACTION: mIsWifiConnected=false
02-20 20:47:18.262  1920  1920 D DCT     : [0]Wifi state changed
02-20 20:47:18.262  1920  1920 D DCT     : [0]WIFI_STATE_CHANGED_ACTION: enabled=true mIsWifiConnected=false
02-20 20:47:18.262  1920  1920 D DCT     : [0]onRadioAvailable
02-20 20:47:18.262  1920  1920 D DCT     : [0]onRadioOffOrNotAvailable: is off and clean up all connections
02-20 20:47:18.262  1920  1920 D DCT     : [0]cleanUpAllConnections: tearDown=false reason=radioTurnedOff
02-20 20:47:18.262  1920  1920 D GsmCdmaPhone: [GsmCdmaPhone] getDataConnectionState apnType=default ret=DISCONNECTED
02-20 20:47:18.263  1920  1920 D DCT     : [0]cleanUpConnection: X tearDown=false reason=radioTurnedOff apnContext={mApnType=default mState=IDLE mWaitingApns={null} mApnSetting={null} mReason=radioTurnedOff mDataEnabled=false mDependencyMet=true} dcac=null
02-20 20:47:18.263  1920  1920 D GsmCdmaPhone: [GsmCdmaPhone] getDataConnectionState apnType=mms ret=DISCONNECTED
02-20 20:47:18.264  1920  1920 D DCT     : [0]cleanUpConnection: X tearDown=false reason=radioTurnedOff apnContext={mApnType=mms mState=IDLE mWaitingApns={null} mApnSetting={null} mReason=radioTurnedOff mDataEnabled=false mDependencyMet=true} dcac=null
02-20 20:47:18.264  1920  1920 D GsmCdmaPhone: [GsmCdmaPhone] getDataConnectionState apnType=cbs ret=DISCONNECTED
02-20 20:47:18.264  1920  1920 D DCT     : [0]cleanUpConnection: X tearDown=false reason=radioTurnedOff apnContext={mApnType=cbs mState=IDLE mWaitingApns={null} mApnSetting={null} mReason=radioTurnedOff mDataEnabled=false mDependencyMet=true} dcac=null
02-20 20:47:18.264  1920  1920 D GsmCdmaPhone: [GsmCdmaPhone] getDataConnectionState apnType=fota ret=DISCONNECTED
02-20 20:47:18.264  1920  1920 D DCT     : [0]cleanUpConnection: X tearDown=false reason=radioTurnedOff apnContext={mApnType=fota mState=IDLE mWaitingApns={null} mApnSetting={null} mReason=radioTurnedOff mDataEnabled=false mDependencyMet=true} dcac=null
02-20 20:47:18.264  1920  1920 D GsmCdmaPhone: [GsmCdmaPhone] getDataConnectionState apnType=supl ret=DISCONNECTED
02-20 20:47:18.265  1920  1920 D DCT     : [0]cleanUpConnection: X tearDown=false reason=radioTurnedOff apnContext={mApnType=supl mState=IDLE mWaitingApns={null} mApnSetting={null} mReason=radioTurnedOff mDataEnabled=false mDependencyMet=true} dcac=null
02-20 20:47:18.265  1920  1920 D GsmCdmaPhone: [GsmCdmaPhone] getDataConnectionState apnType=ia ret=DISCONNECTED
02-20 20:47:18.265  1920  1920 D DCT     : [0]cleanUpConnection: X tearDown=false reason=radioTurnedOff apnContext={mApnType=ia mState=IDLE mWaitingApns={null} mApnSetting={null} mReason=radioTurnedOff mDataEnabled=false mDependencyMet=true} dcac=null
02-20 20:47:18.265  1920  1920 D GsmCdmaPhone: [GsmCdmaPhone] getDataConnectionState apnType=emergency ret=DISCONNECTED
02-20 20:47:18.265  1920  1920 D DCT     : [0]cleanUpConnection: X tearDown=false reason=radioTurnedOff apnContext={mApnType=emergency mState=IDLE mWaitingApns={null} mApnSetting={null} mReason=radioTurnedOff mDataEnabled=false mDependencyMet=true} dcac=null
02-20 20:47:18.265  1920  1920 D GsmCdmaPhone: [GsmCdmaPhone] getDataConnectionState apnType=hipri ret=DISCONNECTED
02-20 20:47:18.266  1920  1920 D DCT     : [0]cleanUpConnection: X tearDown=false reason=radioTurnedOff apnContext={mApnType=hipri mState=IDLE mWaitingApns={null} mApnSetting={null} mReason=radioTurnedOff mDataEnabled=false mDependencyMet=true} dcac=null
02-20 20:47:18.266  1920  1920 D GsmCdmaPhone: [GsmCdmaPhone] getDataConnectionState apnType=ims ret=DISCONNECTED
02-20 20:47:18.266  1920  1920 D DCT     : [0]cleanUpConnection: X tearDown=false reason=radioTurnedOff apnContext={mApnType=ims mState=IDLE mWaitingApns={null} mApnSetting={null} mReason=radioTurnedOff mDataEnabled=false mDependencyMet=true} dcac=null
02-20 20:47:18.266  1920  1920 D DCT     : [0]stopNetStatPoll
02-20 20:47:18.266  1920  1920 D DCT     : [0]cleanUpConnection: mDisconnectPendingCount = 0
02-20 20:47:18.267  1920  1920 D DCT     : [0]isDataAllowed: No - Not attached - SIM not loaded
02-20 20:47:18.268  1373  1501 D RIL     : onRequest: QUERY_NETWORK_SELECTION_MODE
02-20 20:47:18.268  1373  1501 D AT      : AT> AT+COPS?
02-20 20:47:18.268  1373  1503 D AT      : AT< +COPS: 0,2,310260
02-20 20:47:18.268  1373  1503 D AT      : AT< OK
02-20 20:47:18.268  1920  2002 D RILJ    : [3670]< QUERY_NETWORK_SELECTION_MODE {0} [SUB0]
02-20 20:47:18.268  1760  1760 I OpaLayout: Setting opa enabled to false
02-20 20:47:18.270  1920  1920 D DCT     : [0]onDataConnectionDetached: stop polling and notify detached
02-20 20:47:18.270  1920  1920 D DCT     : [0]stopNetStatPoll
02-20 20:47:18.270  1920  1920 D DCT     : [0]notifyDataConnection: reason=dataDetached
02-20 20:47:18.270  1920  1920 D DCT     : [0]isDataAllowed: No - Not attached - SIM not loaded
02-20 20:47:18.273  1920  1920 D DCT     : [0]onRoamingOff
02-20 20:47:18.274  1920  1920 D DCT     : [0]isDataAllowed: No - Not attached - SIM not loaded
02-20 20:47:18.275  1760  1760 I OpaLayout: Setting opa enabled to false
02-20 20:47:18.280  1920  1920 D DCT     : [0]setupDataOnConnectableApns: roamingOff hipri:[state=IDLE,enabled=false] mms:[state=IDLE,enabled=false] supl:[state=IDLE,enabled=false] ia:[state=IDLE,enabled=false] fota:[state=IDLE,enabled=false] ims:[state=IDLE,enabled=false] cbs:[state=IDLE,enabled=false] default:[state=IDLE,enabled=false] emergency:[state=IDLE,enabled=false] 
02-20 20:47:18.280  1920  1920 D DCT     : [0]setupDataOnConnectableApns: nwTypeChanged hipri:[state=IDLE,enabled=false] mms:[state=IDLE,enabled=false] supl:[state=IDLE,enabled=false] ia:[state=IDLE,enabled=false] fota:[state=IDLE,enabled=false] ims:[state=IDLE,enabled=false] cbs:[state=IDLE,enabled=false] default:[state=IDLE,enabled=false] emergency:[state=IDLE,enabled=false] 
02-20 20:47:18.280  1920  1920 D SubscriptionInfoUpdater: [Receiver]+
02-20 20:47:18.280  1920  1920 D SubscriptionInfoUpdater: Action: android.intent.action.SIM_STATE_CHANGED
02-20 20:47:18.281  1920  1920 D SubscriptionInfoUpdater: slotId: 0
02-20 20:47:18.281  1920  1920 D SubscriptionInfoUpdater: simStatus: NOT_READY
02-20 20:47:18.281  1920  1920 D SubscriptionInfoUpdater: Ignoring simStatus: NOT_READY
02-20 20:47:18.281  1920  1920 D SubscriptionInfoUpdater: [Receiver]-
02-20 20:47:18.282  1920  1920 D PhoneSwitcherNetworkRequstListener: got request NetworkRequest [ REQUEST id=1, [ Capabilities: INTERNET&NOT_RESTRICTED&TRUSTED&NOT_VPN] ] with score 0
02-20 20:47:18.282  1920  1920 D TelephonyNetworkFactory[0]: onSubIdChange -1->-2
02-20 20:47:18.283  1920  1920 D DebugService: DebugService DebugService:
02-20 20:47:18.284  1920  1920 D TelephonyDebugService: TelephonyDebugService()
02-20 20:47:18.285  1920  1920 D TelephonyNetworkFactory[0]: got request NetworkRequest [ REQUEST id=1, [ Capabilities: INTERNET&NOT_RESTRICTED&TRUSTED&NOT_VPN] ] with score 0
02-20 20:47:18.288  2081  2081 I ContactsPerf: VoicemailContentProvider.onCreate start
02-20 20:47:18.303  1754  1754 I InputAttributes: InputType.TYPE_NULL is specified
02-20 20:47:18.310  1920  1920 D CarrierConfigLoader: mHandler: 12 phoneId: 0
02-20 20:47:18.311  1920  1920 D RILJ    : [3671]> RIL_REQUEST_QUERY_TTY_MODE [SUB0]
02-20 20:47:18.311  1920  1920 D GsmSMSDispatcher: GsmSMSDispatcher: subId = -2 slotId = 0
02-20 20:47:18.311  1920  1920 E IccCardProxy: setExternalState: !override and newstate unchanged from NOT_READY
02-20 20:47:18.311  1920  1920 D UiccController: Received EVENT_GET_ICC_STATUS_DONE
02-20 20:47:18.312  1920  1920 D UiccCard: 2 applications
02-20 20:47:18.312  1920  1920 D UiccCardApplication: Creating UiccApp: {APPTYPE_SIM,APPSTATE_DETECTED}
02-20 20:47:18.312  2098  2098 W System  : ClassLoader referenced unknown path: /system/priv-app/PrebuiltGmsCore/lib/x86_64
02-20 20:47:18.313  1373  1501 D RIL     : onRequest: QUERY_TTY_MODE
02-20 20:47:18.313  1373  1501 D RIL     : Request not supported. Tech: 1
02-20 20:47:18.313  1920  2002 D RilRequest: [3671]< RIL_REQUEST_QUERY_TTY_MODE error: com.android.internal.telephony.CommandException: REQUEST_NOT_SUPPORTED ret=
02-20 20:47:18.326  1674  1674 D ConditionProviders.SCP: onReceive android.intent.action.TIME_SET
02-20 20:47:18.326  1674  1674 D ConditionProviders.SCP: notifyCondition condition://android/schedule?days=6.7&start=23.30&end=10.0&exitAtAlarm=false STATE_FALSE reason=!meetsSchedule
02-20 20:47:18.326  1674  1674 D ConditionProviders.SCP: notifyCondition condition://android/schedule?days=1.2.3.4.5&start=22.0&end=7.0&exitAtAlarm=false STATE_FALSE reason=!meetsSchedule
02-20 20:47:18.327  1674  1674 D ConditionProviders.SCP: Scheduling evaluate for Tue Feb 20 22:00:00 GMT+00:00 2018 (1519164000000), in +1h12m41s674ms, now=Tue Feb 20 20:47:18 GMT+00:00 2018 (1519159638326)
02-20 20:47:17.467     0     0 D ieee80211 phy0: mac80211_hwsim_config (freq=0 idle=1 ps=0 smps=auto)
02-20 20:47:17.467     0     0 D ieee80211 phy0: hwsim hw_scan request
02-20 20:47:17.467     0     0 D ieee80211 phy0: hw scan 2412 MHz
02-20 20:47:17.491     0     0 D ieee80211 phy0: hw scan 2417 MHz
02-20 20:47:18.328  1920  1920 W VoiceMailConstants: Can't open /system/etc/voicemail-conf.xml
02-20 20:47:18.330  1920  1920 D SpnOverride: No SPN in OEM image = /oem/telephony/spn-conf.xml Load SPN from system image
02-20 20:47:18.330  1920  1920 W SpnOverride: Can not open /system/etc/spn-conf.xml
02-20 20:47:18.330  1920  1920 D SIMRecords: [SIMRecords] setting0 mMncLength-1
02-20 20:47:18.330  1920  1920 D SIMRecords: [SIMRecords] SIMRecords: onRadioOffOrNotAvailable set 'gsm.sim.operator.numeric' to operator=null
02-20 20:47:18.330  1920  1920 D SIMRecords: [SIMRecords] update icc_operator_numeric=null
02-20 20:47:18.330  1920  1920 D TelephonyManager: setTelephonyProperty: success phoneId=0 property=gsm.sim.operator.numeric value:  propVal=
02-20 20:47:18.332  1920  1920 D TelephonyManager: setTelephonyProperty: success phoneId=0 property=gsm.sim.operator.alpha value:  propVal=
02-20 20:47:18.340  1920  1920 D TelephonyManager: setTelephonyProperty: success phoneId=0 property=gsm.sim.operator.iso-country value:  propVal=
02-20 20:47:18.341  1920  1920 D SIMRecords: [SIMRecords] getOperatorNumeric: IMSI == null
