02-20 20:47:18.785  1920  1920 D RILJ    : [3721]> iccIO: SIM_IO 0xb0 0x2fe2  path: 3F00,0,0,10 aid: null [SUB0]
02-20 20:47:18.785  1920  2002 D RilRequest: [3713]< SIM_IO error: com.android.internal.telephony.CommandException: GENERIC_FAILURE ret=
02-20 20:47:18.785  1373  1503 D AT      : AT< ERROR: BAD COMMAND
02-20 20:47:18.785  1373  1501 D RIL     : onRequest: SIM_IO
02-20 20:47:18.785  1373  1501 D AT      : AT> AT+CRSM=192,28450,0,0,15
02-20 20:47:18.785  1373  1503 D AT      : AT< ERROR: BAD COMMAND
02-20 20:47:18.785  1373  1501 D RIL     : onRequest: SIM_IO
02-20 20:47:18.785  1920  2002 D RilRequest: [3714]< SIM_IO error: com.android.internal.telephony.CommandException: GENERIC_FAILURE ret=
02-20 20:47:18.785  1920  2002 D RilRequest: [3715]< SIM_IO error: com.android.internal.telephony.CommandException: GENERIC_FAILURE ret=
02-20 20:47:18.785  1373  1501 D AT      : AT> AT+CRSM=192,28456,0,0,15
02-20 20:47:18.785  1920  1920 D RILJ    : [3722]> iccIO: SIM_IO 0xb2 0x6f40  path: 3F007F10,1,4,32 aid: null [SUB0]
02-20 20:47:18.785  1920  1920 D RILJ    : [3723]> iccIO: SIM_IO 0xb2 0x6fc9  path: 3F007F20,1,4,4 aid: null [SUB0]
02-20 20:47:18.786  1920  1920 D RILJ    : [3724]> iccIO: SIM_IO 0xb0 0x6fad  path: 3F007F20,0,0,4 aid: null [SUB0]
02-20 20:47:18.786  1920  1920 D RILJ    : [3725]> iccIO: SIM_IO 0xb2 0x6fca  path: 3F007F20,1,4,5 aid: null [SUB0]
02-20 20:47:18.786  1373  1503 D AT      : AT< ERROR: BAD COMMAND
02-20 20:47:18.786  1920  1920 D RILJ    : [3726]> iccIO: SIM_IO 0xb0 0x6f11  path: 3F007F20,0,0,1 aid: null [SUB0]
02-20 20:47:18.786  1373  1501 D RIL     : onRequest: SIM_IO
02-20 20:47:18.786  1373  1501 D AT      : AT> AT+CRSM=176,28506,0,0,4
02-20 20:47:18.787  1920  2002 D RilRequest: [3716]< SIM_IO error: com.android.internal.telephony.CommandException: GENERIC_FAILURE ret=
02-20 20:47:18.787  1920  1920 D RILJ    : [3727]> iccIO: SIM_IO 0xb0 0x6f13  path: 3F007F20,0,0,1 aid: null [SUB0]
02-20 20:47:18.787  1373  1503 D AT      : AT< ERROR: BAD COMMAND
02-20 20:47:18.788  1373  1501 D RIL     : onRequest: SIM_IO
02-20 20:47:18.788  1373  1501 D AT      : AT> AT+CRSM=192,28493,0,0,15
02-20 20:47:18.788  1920  2002 D RilRequest: [3717]< SIM_IO error: com.android.internal.telephony.CommandException: GENERIC_FAILURE ret=
02-20 20:47:18.788  1373  1503 D AT      : AT< ERROR: BAD COMMAND
02-20 20:47:18.788  1373  1501 D RIL     : onRequest: CDMA_SUBSCRIPTION
02-20 20:47:18.788  1373  1501 D RIL     : Request not supported. Tech: 1
02-20 20:47:18.788  1373  1501 D RIL     : onRequest: SIM_CLOSE_CHANNEL
02-20 20:47:18.788  1373  1501 D AT      : AT> AT+CCHC=1
02-20 20:47:18.788  1920  1920 D RILJ    : [3728]> iccIO: SIM_IO 0xb2 0x6fc5  path: 3F007F20,1,4,24 aid: null [SUB0]
02-20 20:47:18.790  1920  1920 D RILJ    : [3729]> iccIO: SIM_IO 0xb0 0x6f38  path: 3F007F20,0,0,15 aid: null [SUB0]
02-20 20:47:18.790  1920  1920 D RILJ    : [3730]> iccIO: SIM_IO 0xb0 0x6f16  path: 3F007F20,0,0,2 aid: null [SUB0]
02-20 20:47:18.791  1920  1920 D SubscriptionInfoUpdater: [Receiver]+
02-20 20:47:18.791  1920  1920 D SubscriptionInfoUpdater: Action: android.intent.action.SIM_STATE_CHANGED
02-20 20:47:18.791  1920  1920 D SubscriptionInfoUpdater: slotId: 0
02-20 20:47:18.791  1920  1920 D SubscriptionInfoUpdater: simStatus: READY
02-20 20:47:18.791  1920  1920 D SubscriptionInfoUpdater: Ignoring simStatus: READY
02-20 20:47:18.791  1920  1920 D SubscriptionInfoUpdater: [Receiver]-
02-20 20:47:18.791  1920  1920 E SST     : error parsing GprsRegistrationState: java.lang.NumberFormatException: null
02-20 20:47:18.791  1920  1920 D SST     : handlPollStateResultMessage: GsmSST setDataRegState=0 regState=1 dataRadioTechnology=14
02-20 20:47:18.791  1920  1920 D SST     : EVENT_POLL_STATE_NETWORK_SELECTION_MODE
02-20 20:47:18.791  1920  2002 D RilRequest: [3718]< SIM_IO error: com.android.internal.telephony.CommandException: GENERIC_FAILURE ret=
02-20 20:47:18.791  1920  1920 D SST     : Poll ServiceState done:  oldSS=[0 0 voice home data home Android Android 310260 Android Android 310260  Unknown LTE CSS not supported -1 -1 RoamInd=-1 DefRoamInd=-1 EmergOnly=false IsDataRoamingFromRegistration=false IsUsingCarrierAggregation=false] newSS=[0 0 voice home data home Android Android 310260 Android Android 310260  Unknown LTE CSS not supported -1 -1 RoamInd=-1 DefRoamInd=-1 EmergOnly=false IsDataRoamingFromRegistration=false IsUsingCarrierAggregation=false] oldMaxDataCalls=1 mNewMaxDataCalls=1 oldReasonDataDenied=-1 mNewReasonDataDenied=-1
02-20 20:47:18.791  1920  2002 D RilRequest: [3719]< RIL_REQUEST_CDMA_SUBSCRIPTION error: com.android.internal.telephony.CommandException: REQUEST_NOT_SUPPORTED ret=
02-20 20:47:18.791  1373  1503 D AT      : AT< +CCHC
02-20 20:47:18.791  1373  1503 D AT      : AT< OK
02-20 20:47:18.791  1920  1920 D RuimRecords: [RuimRecords] NO update mccmnc=310260
02-20 20:47:18.791  1920  1920 D RuimRecords: [RuimRecords] onRecordLoaded 9 requested: true
02-20 20:47:18.791  1920  1920 D RILJ    : [3731]> iccIO: SIM_IO 0xb0 0x2fe2  path: 3F00,0,0,10 aid: null [SUB0]
02-20 20:47:18.791  1373  1501 D RIL     : onRequest: SIM_IO
02-20 20:47:18.791  1373  1501 D AT      : AT> AT+CRSM=176,12258,0,0,10
02-20 20:47:18.792  1920  1920 D IccCardProxy: broadcastIccStateChangedIntent intent ACTION_SIM_STATE_CHANGED value=IMSI reason=null for mPhoneId=0
02-20 20:47:18.792  1920  2002 D RILJ    : [3720]< RIL_REQUEST_SIM_CLOSE_CHANNEL  [SUB0]
02-20 20:47:18.807  1373  1503 D AT      : AT< +CRSM: 144,0,98101430121181157002
02-20 20:47:18.807  1373  1503 D AT      : AT< OK
02-20 20:47:18.807  1373  1501 D RIL     : onRequest: SIM_IO
02-20 20:47:18.807  1373  1501 D AT      : AT> AT+CRSM=178,28480,1,4,32
02-20 20:47:18.807  1920  2002 D RILJ    : [3721]< SIM_IO IccIoResponse sw1:0x90 sw2:0x0 [SUB0]
02-20 20:47:18.807  1373  1503 D AT      : AT< +CRSM: 144,0,ffffffffffffffffffffffffffffffffffff07815155255155f4ffffffffffff
02-20 20:47:18.807  1373  1503 D AT      : AT< OK
02-20 20:47:18.807  1373  1501 D RIL     : onRequest: SIM_IO
02-20 20:47:18.807  1373  1501 D AT      : AT> AT+CRSM=178,28617,1,4,4
02-20 20:47:18.808  1920  2002 D RILJ    : [3722]< SIM_IO IccIoResponse sw1:0x90 sw2:0x0 [SUB0]
02-20 20:47:18.808  1373  1503 D AT      : AT< +CRSM: 144,0,01000000
02-20 20:47:18.808  1373  1503 D AT      : AT< OK
02-20 20:47:18.808  1373  1501 D RIL     : onRequest: SIM_IO
02-20 20:47:18.808  1373  1501 D AT      : AT> AT+CRSM=176,28589,0,0,4
02-20 20:47:18.808  1920  2002 D RILJ    : [3723]< SIM_IO IccIoResponse sw1:0x90 sw2:0x0 [SUB0]
02-20 20:47:18.808  1373  1503 D AT      : AT< +CRSM: 144,0,00000003
02-20 20:47:18.808  1373  1503 D AT      : AT< OK
02-20 20:47:18.808  1373  1501 D RIL     : onRequest: SIM_IO
02-20 20:47:18.808  1373  1501 D AT      : AT> AT+CRSM=178,28618,1,4,5
02-20 20:47:18.808  1920  2002 D RILJ    : [3724]< SIM_IO IccIoResponse sw1:0x90 sw2:0x0 [SUB0]
02-20 20:47:18.808  1373  1503 D AT      : AT< +CRSM: 144,0,0000000000
02-20 20:47:18.808  1373  1503 D AT      : AT< OK
02-20 20:47:18.808  1373  1501 D RIL     : onRequest: SIM_IO
02-20 20:47:18.808  1373  1501 D AT      : AT> AT+CRSM=176,28433,0,0,1
02-20 20:47:18.808  1920  2002 D RILJ    : [3725]< SIM_IO IccIoResponse sw1:0x90 sw2:0x0 [SUB0]
02-20 20:47:18.808  1373  1503 D AT      : AT< +CRSM: 144,0,55
02-20 20:47:18.808  1373  1503 D AT      : AT< OK
02-20 20:47:18.808  1373  1501 D RIL     : onRequest: SIM_IO
02-20 20:47:18.808  1373  1501 D AT      : AT> AT+CRSM=176,28435,0,0,1
02-20 20:47:18.808  1920  2002 D RILJ    : [3726]< SIM_IO IccIoResponse sw1:0x90 sw2:0x0 [SUB0]
02-20 20:47:18.808  1373  1503 D AT      : AT< +CRSM: 144,0,55
02-20 20:47:18.808  1373  1503 D AT      : AT< OK
02-20 20:47:18.808  1373  1501 D RIL     : onRequest: SIM_IO
02-20 20:47:18.808  1373  1501 D AT      : AT> AT+CRSM=178,28613,1,4,24
02-20 20:47:18.808  1920  2002 D RILJ    : [3727]< SIM_IO IccIoResponse sw1:0x90 sw2:0x0 [SUB0]
02-20 20:47:18.808  1373  1503 D AT      : AT< +CRSM: 144,0,43058441aa890affffffffffffffffffffffffffffffffff
02-20 20:47:18.808  1373  1503 D AT      : AT< OK
02-20 20:47:18.808  1373  1501 D RIL     : onRequest: SIM_IO
02-20 20:47:18.808  1373  1501 D AT      : AT> AT+CRSM=176,28472,0,0,15
02-20 20:47:18.808  1920  2002 D RILJ    : [3728]< SIM_IO IccIoResponse sw1:0x90 sw2:0x0 [SUB0]
02-20 20:47:18.808  1373  1503 D AT      : AT< +CRSM: 144,0,ff30ffff3c003c03000c0000f03f00
02-20 20:47:18.808  1373  1503 D AT      : AT< OK
02-20 20:47:18.808  1373  1501 D RIL     : onRequest: SIM_IO
02-20 20:47:18.808  1373  1501 D AT      : AT> AT+CRSM=176,28438,0,0,2
02-20 20:47:18.809  1920  2002 D RILJ    : [3729]< SIM_IO IccIoResponse sw1:0x90 sw2:0x0 [SUB0]
02-20 20:47:18.809  1373  1503 D AT      : AT< +CRSM: 144,0,0233
02-20 20:47:18.809  1373  1503 D AT      : AT< OK
02-20 20:47:18.809  1373  1501 D RIL     : onRequest: SIM_IO
02-20 20:47:18.809  1373  1501 D AT      : AT> AT+CRSM=176,12258,0,0,10
02-20 20:47:18.809  1920  2002 D RILJ    : [3730]< SIM_IO IccIoResponse sw1:0x90 sw2:0x0 [SUB0]
02-20 20:47:18.809  1373  1503 D AT      : AT< +CRSM: 144,0,98101430121181157002
02-20 20:47:18.809  1373  1503 D AT      : AT< OK
02-20 20:47:18.809  1920  2002 D RILJ    : [3731]< SIM_IO IccIoResponse sw1:0x90 sw2:0x0 [SUB0]
02-20 20:47:18.812  1920  1920 D SIMRecords: [SIMRecords] onRecordLoaded 15 requested: true
02-20 20:47:18.813  1920  1920 D RILJ    : [3732]> iccIO: SIM_IO 0xc0 0x6f14  path: 3F007F20,0,0,15 aid: null [SUB0]
02-20 20:47:18.814  1920  2200 D SmsBroadcastUndelivered: finished scanning raw table in 111 ms
02-20 20:47:18.814  1920  1920 D SIMRecords: [SIMRecords] onRecordLoaded 15 requested: true
02-20 20:47:18.814  1920  1920 D SIMRecords: [SIMRecords] onRecordLoaded 14 requested: true
02-20 20:47:18.814  1920  1920 E SIMRecords: [SIMRecords] Exception in fetching EF_CSP data com.android.internal.telephony.CommandException: GENERIC_FAILURE
02-20 20:47:18.814  1920  1920 D SIMRecords: [SIMRecords] onRecordLoaded 13 requested: true
02-20 20:47:18.814  1920  1920 E SIMRecords: [SIMRecords] Exception in get GID1 com.android.internal.telephony.CommandException: GENERIC_FAILURE
02-20 20:47:18.814  1920  1920 D SIMRecords: [SIMRecords] onRecordLoaded 12 requested: true
02-20 20:47:18.814  1920  1920 E SIMRecords: [SIMRecords] Exception in get GID2 com.android.internal.telephony.CommandException: GENERIC_FAILURE
02-20 20:47:18.814  1920  1920 D SIMRecords: [SIMRecords] onRecordLoaded 11 requested: true
02-20 20:47:18.814  1920  1920 D RuimRecords: [RuimRecords] EF_PL LOADED
02-20 20:47:18.814  1920  1920 E RuimRecords: [RuimRecords] Record Load Exception: com.android.internal.telephony.CommandException: GENERIC_FAILURE
02-20 20:47:18.814  1920  1920 D RuimRecords: [RuimRecords] onRecordLoaded 8 requested: true
02-20 20:47:18.814  1920  1920 D RuimRecords: [RuimRecords] EF_CSIM_LI LOADED
02-20 20:47:18.814  1920  1920 E RuimRecords: [RuimRecords] Record Load Exception: com.android.internal.telephony.CommandException: GENERIC_FAILURE
02-20 20:47:18.814  1920  1920 D RuimRecords: [RuimRecords] onRecordLoaded 7 requested: true
02-20 20:47:18.814  1920  1920 D RuimRecords: [RuimRecords] EF_CSIM_SPN LOADED
02-20 20:47:18.814  1920  1920 E RuimRecords: [RuimRecords] Record Load Exception: com.android.internal.telephony.CommandException: GENERIC_FAILURE
02-20 20:47:18.814  1920  1920 D RuimRecords: [RuimRecords] onRecordLoaded 6 requested: true
02-20 20:47:18.815  1920  1920 D RuimRecords: [RuimRecords] EF_CSIM_MDN LOADED
02-20 20:47:18.815  1920  1920 E RuimRecords: [RuimRecords] Record Load Exception: com.android.internal.telephony.CommandException: GENERIC_FAILURE
02-20 20:47:18.815  1920  1920 D RuimRecords: [RuimRecords] onRecordLoaded 5 requested: true
02-20 20:47:18.815  1920  1920 D RuimRecords: [RuimRecords] EF_CSIM_IMSIM LOADED
02-20 20:47:18.815  1920  1920 E RuimRecords: [RuimRecords] Record Load Exception: com.android.internal.telephony.CommandException: GENERIC_FAILURE
02-20 20:47:18.815  1920  1920 D RuimRecords: [RuimRecords] onRecordLoaded 4 requested: true
02-20 20:47:18.815  1920  1920 D RuimRecords: [RuimRecords] EF_CSIM_CDMAHOME LOADED
02-20 20:47:18.815  1920  1920 E RuimRecords: [RuimRecords] Record Load Exception: com.android.internal.telephony.CommandException: GENERIC_FAILURE
02-20 20:47:18.815  1920  1920 D RuimRecords: [RuimRecords] onRecordLoaded 3 requested: true
02-20 20:47:18.815  1920  1920 D RuimRecords: [RuimRecords] EF_CSIM_EPRL LOADED
02-20 20:47:18.815  1373  1501 D RIL     : onRequest: SIM_IO
02-20 20:47:18.815  1373  1501 D AT      : AT> AT+CRSM=192,28436,0,0,15
02-20 20:47:18.815  1920  1920 E RuimRecords: [RuimRecords] Record Load Exception: com.android.internal.telephony.CommandException: GENERIC_FAILURE
02-20 20:47:18.815  1920  1920 D RuimRecords: [RuimRecords] onRecordLoaded 2 requested: true
02-20 20:47:18.815  1920  1920 D SubscriptionInfoUpdater: [Receiver]+
02-20 20:47:18.815  1920  1920 D SubscriptionInfoUpdater: Action: android.intent.action.SIM_STATE_CHANGED
02-20 20:47:18.815  1920  1920 D SubscriptionInfoUpdater: slotId: 0
02-20 20:47:18.815  1920  1920 D SubscriptionInfoUpdater: simStatus: IMSI
02-20 20:47:18.815  1920  1920 D SubscriptionInfoUpdater: Ignoring simStatus: IMSI
02-20 20:47:18.815  1920  1920 D SubscriptionInfoUpdater: [Receiver]-
02-20 20:47:18.815  1920  1920 D RuimRecords: [RuimRecords] EF_CSIM_MIPUPP LOADED
02-20 20:47:18.815  1920  1920 E RuimRecords: [RuimRecords] Record Load Exception: com.android.internal.telephony.CommandException: GENERIC_FAILURE
02-20 20:47:18.815  1920  1920 D RuimRecords: [RuimRecords] onRecordLoaded 1 requested: true
02-20 20:47:18.815  1920  1920 D SIMRecords: [SIMRecords] iccid: 89014103211118510720
02-20 20:47:18.815  1920  1920 D SIMRecords: [SIMRecords] onRecordLoaded 10 requested: true
02-20 20:47:18.815  1373  1503 D AT      : AT< +CRSM: 144,0,000000146f1404001aa0aa01020000
02-20 20:47:18.815  1373  1503 D AT      : AT< OK
02-20 20:47:18.815  1920  2002 D RILJ    : [3732]< SIM_IO IccIoResponse sw1:0x90 sw2:0x0 [SUB0]
02-20 20:47:18.819  1920  1920 D SIMRecords: [SIMRecords] EF_MBI: 01000000
02-20 20:47:18.819  1920  1920 D SIMRecords: [SIMRecords] Got valid mailbox number for MBDN
02-20 20:47:18.819  1920  1920 D RILJ    : [3733]> iccIO: SIM_IO 0xc0 0x6fc7  path: 3F007F20,0,0,15 aid: null [SUB0]
02-20 20:47:18.821  1373  1501 D RIL     : onRequest: SIM_IO
02-20 20:47:18.821  1373  1501 D AT      : AT> AT+CRSM=192,28615,0,0,15
02-20 20:47:18.821  1920  1920 D SIMRecords: [SIMRecords] onRecordLoaded 10 requested: true
02-20 20:47:18.821  1920  1920 D SIMRecords: [SIMRecords] EF_AD: 00000003
02-20 20:47:18.821  1920  1920 D SIMRecords: [SIMRecords] setting4 mMncLength=3
02-20 20:47:18.821  1920  1920 D SIMRecords: [SIMRecords] update mccmnc=310260
02-20 20:47:18.821  1920  1920 D MccTable: updateMccMncConfiguration mccmnc='310260' fromServiceState=false
02-20 20:47:18.821  1920  1920 D SubscriptionController: [getPhoneId]- no sims, returning default phoneId=2147483647
02-20 20:47:18.822  1920  1920 D MccTable: updateMccMncConfiguration defaultMccMnc=
02-20 20:47:18.822  1920  1920 D MccTable: updateMccMncConfiguration: mcc=310, mnc=260
02-20 20:47:18.822  1920  1920 D MccTable: updateMccMncConfiguration updateConfig config={1.0 310mcc260mnc ?localeList ?layoutDir ?swdp ?wdp ?hdp ?density ?lsize ?long ?orien ?uimode ?night ?touch ?keyb/?/? ?nav/?}
02-20 20:47:18.823  1373  1503 D AT      : AT< +CRSM: 144,0,000000406fc7040011a0aa01020120
02-20 20:47:18.823  1373  1503 D AT      : AT< OK
02-20 20:47:18.827  1920  2002 D RILJ    : [3733]< SIM_IO IccIoResponse sw1:0x90 sw2:0x0 [SUB0]
02-20 20:47:18.853  1674  1975 I configuration_changed: 3
02-20 20:47:18.854  1674  1975 I ActivityManager: Config changes=3 {1.0 310mcc260mnc [en_US] ldltr sw360dp w360dp h668dp 640dpi nrml long port finger -keyb/v/h -nav/h s.6}
02-20 20:47:18.867  1674  1975 I am_relaunch_resume_activity: [0,247387610,203,com.google.android.apps.nexuslauncher/.NexusLauncherActivity]
02-20 20:47:18.868  1674  1688 I dvm_lock_sample: [system_server,1,Binder:1674_2,25,ActivityManagerService.java,10435,-,18937,5]
02-20 20:47:17.940     0     0 D ieee80211 phy0: hw scan 2472 MHz
02-20 20:47:18.880  1920  1920 D SIMRecords: [SIMRecords] onRecordLoaded 9 requested: true
02-20 20:47:18.880  1920  1920 D SIMRecords: [SIMRecords] EF_MWIS : 0000000000
02-20 20:47:18.880  1920  1920 D SIMRecords: [SIMRecords] onRecordLoaded 8 requested: true
02-20 20:47:18.880  1920  1920 D SIMRecords: [SIMRecords] EF_CPHS_MWI: 55
02-20 20:47:18.880  1920  1920 D SIMRecords: [SIMRecords] onRecordLoaded 7 requested: true
02-20 20:47:18.880  1920  1920 D SIMRecords: [SIMRecords] EF_CFF_CPHS: 55
02-20 20:47:18.880  1920  1920 D SIMRecords: [SIMRecords] onRecordLoaded 6 requested: true
02-20 20:47:18.880  1920  1920 D SIMRecords: [SIMRecords] onRecordLoaded 5 requested: true
02-20 20:47:18.882  1920  1920 D SIMRecords: [SIMRecords] SST: UsimServiceTable[120]={ PHONEBOOK, FDN, FDN_EXTENSION, SDN, SDN_EXTENSION, BDN, BDN_EXTENSION, OUTGOING_CALL_INFO, ADVICE_OF_CHARGE, CAP_CONFIG_PARAMS_2, GROUP_ID_LEVEL_1, GROUP_ID_LEVEL_2, SPN, USER_PLMN_SELECT, MSISDN, IMAGE, LOCALISED_SERVICE_AREAS, EMLPP, EMLPP_AUTO_ANSWER, RFU, GSM_ACCESS, DATA_DL_VIA_SMS_PP, DATA_DL_VIA_SMS_CB, CALL_CONTROL_BY_USIM, MO_SMS_CONTROL_BY_USIM, RUN_AT_COMMAND, APN_CONTROL_LIST, DEPERSONALISATION_CONTROL_KEYS, COOPERATIVE_NETWORK_LIST, GSM_SECURITY_CONTEXT, SERVICE_PROVIDER_DISPLAY_INFO, MMS_NOTIFICATION, MMS_NOTIFICATION_EXTENSION, GPRS_CALL_CONTROL_BY_USIM, VGCS_GROUP_ID_LIST, VBS_GROUP_ID_LIST, OMA_BCAST_PROFILE, GBA_LOCAL_KEY_ESTABLISHMENT, #101, #102, #103, #104, #105, #106, #107, #108, #109, #110 }
02-20 20:47:18.883  1920  1920 D SIMRecords: [SIMRecords] onRecordLoaded 4 requested: true
02-20 20:47:18.883  1920  1920 D SIMRecords: [SIMRecords] iCPHS: 0233
02-20 20:47:18.883  1920  1920 D SIMRecords: [SIMRecords] onRecordLoaded 3 requested: true
02-20 20:47:18.883  1920  1920 D RuimRecords: [RuimRecords] iccid: 89014103211118510720
02-20 20:47:18.883  1920  1920 D RuimRecords: [RuimRecords] onRecordLoaded 0 requested: true
02-20 20:47:18.883  1920  1920 D RuimRecords: [RuimRecords] record load complete
02-20 20:47:18.883  1920  1920 D RILJ    : [3734]> iccIO: SIM_IO 0xb0 0x6f14  path: 3F007F20,0,0,20 aid: null [SUB0]
02-20 20:47:18.884  1920  1920 D SIMRecords: [SIMRecords] MSISDN: [t-WgLegCyIMgfHgPkOdM6pkZbpA]
02-20 20:47:18.884  1920  1920 D SIMRecords: [SIMRecords] onRecordLoaded 2 requested: true
02-20 20:47:18.884  1920  1920 D RILJ    : [3735]> iccIO: SIM_IO 0xb2 0x6fc7  path: 3F007F20,1,4,32 aid: null [SUB0]
02-20 20:47:18.885  1373  1501 D RIL     : onRequest: SIM_IO
02-20 20:47:18.885  1373  1501 D AT      : AT> AT+CRSM=176,28436,0,0,20
02-20 20:47:18.885  1373  1503 D AT      : AT< +CRSM: 144,0,416e64726f6964ffffffffffffffffffffffffff
02-20 20:47:18.886  1373  1503 D AT      : AT< OK
02-20 20:47:18.886  1373  1501 D RIL     : onRequest: SIM_IO
02-20 20:47:18.886  1373  1501 D AT      : AT> AT+CRSM=178,28615,1,4,32
02-20 20:47:18.886  1920  2002 D RILJ    : [3734]< SIM_IO IccIoResponse sw1:0x90 sw2:0x0 [SUB0]
02-20 20:47:18.886  1373  1503 D AT      : AT< +CRSM: 144,0,566f6963656d61696cffffffffffffffffff07915155125740f9ffffffffffff
02-20 20:47:18.886  1373  1503 D AT      : AT< OK
02-20 20:47:18.888  1920  1920 D SIMRecords: [SIMRecords] getServiceProviderName: no brandOverride, providerName=Android
02-20 20:47:18.888  1920  1920 D SIMRecords: [SIMRecords] Load EF_SPN_CPHS: Android
02-20 20:47:18.888  1920  1920 D TelephonyManager: setTelephonyProperty: success phoneId=0 property=gsm.sim.operator.alpha value: Android propVal=Android
02-20 20:47:18.888  1920  1920 D SIMRecords: [SIMRecords] onRecordLoaded 1 requested: true
02-20 20:47:18.888  1920  1934 D DCT     : [0]hasMatchedTetherApnSetting: APN=null
02-20 20:47:18.890  1920  2002 D RILJ    : [3735]< SIM_IO IccIoResponse sw1:0x90 sw2:0x0 [SUB0]
02-20 20:47:18.891  1674  1687 I am_proc_start: [0,2214,10014,com.google.process.gapps,content provider,com.google.android.gsf/.gservices.GservicesProvider]
02-20 20:47:18.891  1674  1687 I ActivityManager: Start proc 2214:com.google.process.gapps/u0a14 for content provider com.google.android.gsf/.gservices.GservicesProvider
02-20 20:47:18.895  2184  2184 V Launcher: LauncherAppState inited
02-20 20:47:18.896  1920  1920 D SIMRecords: [SIMRecords] VM: ADN Record 'Voicemail' '[-MWU1cAlDrkXUZ8dpHi_wU_YOpU] null' EF[MBDN]
02-20 20:47:18.896  1920  1920 D SIMRecords: [SIMRecords] onRecordLoaded 0 requested: true
02-20 20:47:18.896  1920  1920 D SIMRecords: [SIMRecords] record load complete
02-20 20:47:18.896  1920  1920 D SIMRecords: [SIMRecords] Not using EF LI/EF PL
02-20 20:47:18.896  1920  1920 D SIMRecords: [SIMRecords] EF_CFF: callForwardingEnabled=0
02-20 20:47:18.896  1920  1920 D SIMRecords: [SIMRecords] onAllRecordsLoaded set 'gsm.sim.operator.numeric' to operator='310260'
02-20 20:47:18.896  1920  1920 D SIMRecords: [SIMRecords] update icc_operator_numeric=310260
02-20 20:47:18.909  1760  1760 E BluetoothAdapter: Bluetooth binder is null
02-20 20:47:18.896  1920  1920 D TelephonyManager: setTelephonyProperty: success phoneId=0 property=gsm.sim.operator.numeric value: 310260 propVal=310260
02-20 20:47:18.910  1920  1920 D SubscriptionController: [setMccMnc]+ mcc/mnc:310/260 subId:-1
02-20 20:47:18.927  1760  1760 I CameraManagerGlobal: Connecting to camera service
02-20 20:47:18.928  1364  1364 V EmulatedCamera_Camera: getCameraInfo
02-20 20:47:18.928  1364  1364 V EmulatedCamera_BaseCamera: getCameraInfo
02-20 20:47:18.928  1364  1364 I CameraService: getCameraCharacteristics: Switching to HAL1 shim implementation...
02-20 20:47:18.928  1364  1364 V EmulatedCamera_Camera: getCameraInfo
02-20 20:47:18.928  1364  1364 V EmulatedCamera_BaseCamera: getCameraInfo
02-20 20:47:18.928  1364  1364 I CameraService: CameraService::connect call (PID -1 "cameraserver", camera ID 0) for HAL version default and Camera API version 1
02-20 20:47:18.929  1364  1364 E CameraService: getCameraPriorityFromProcState: Received invalid process state -1 from ActivityManagerService!
02-20 20:47:18.929  1364  1364 V EmulatedCamera_Camera: getCameraInfo
02-20 20:47:18.929  1364  1364 V EmulatedCamera_BaseCamera: getCameraInfo
02-20 20:47:18.933  1920  1920 D SubscriptionController: notifySubscriptionInfoChanged:
02-20 20:47:18.935  1920  1920 D SIMRecords: [SIMRecords] onAllRecordsLoaded set mcc imsi
02-20 20:47:18.935  1920  1920 D TelephonyManager: setTelephonyProperty: success phoneId=0 property=gsm.sim.operator.iso-country value: us propVal=us
02-20 20:47:18.938  1920  1920 D SST     : SubscriptionListener.onSubscriptionInfoChanged
02-20 20:47:18.938  1920  1920 D SIMRecords: [SIMRecords]  VoiceMessageCount from SIM MWIS = 0
02-20 20:47:18.938  1920  1920 E Phone   : getStoredVoiceMessageCount: invalid subId -2
02-20 20:47:18.939  1920  1920 D GsmCdmaPhone: [GsmCdmaPhone] updateVoiceMail countVoiceMessages = 0 subId -2
02-20 20:47:18.939  1920  1920 E Phone   : setVoiceMessageCount in sharedPreference: invalid subId -2
02-20 20:47:18.946  2214  2214 W art     : Unexpected CPU variant for X86 using defaults: x86_64
02-20 20:47:18.948  1920  1920 D DCT     : [0]SubscriptionListener.onSubscriptionInfoChanged
02-20 20:47:18.955  1371  2224 E WVMExtractor: Failed to open libwvm.so: dlopen failed: library "libwvm.so" not found
02-20 20:47:18.956  1920  1920 D SubscriptionController: [getActiveSubInfoList] Sub Controller not ready
02-20 20:47:18.958  1920  1920 D SubscriptionController: [getActiveSubInfoList] Sub Controller not ready
02-20 20:47:18.958  1920  1920 I Telephony: PstnIncomingCallNotifier: Unregistering: Handler (com.android.internal.telephony.GsmCdmaPhone) {588237d}
02-20 20:47:18.959  1920  1920 E PhoneInterfaceManager: [PhoneIntfMgr] getIccId: No UICC
02-20 20:47:18.966  1371  2222 D NuPlayerDriver: notifyListener_l(0xf02a8f00), (1, 0, 0), loop setting(0, 0)
02-20 20:47:18.977  1371  2227 D NuPlayerDriver: notifyListener_l(0xf02a8fc0), (1, 0, 0), loop setting(0, 0)
02-20 20:47:18.985  1674  1788 I am_proc_bound: [0,2214,com.google.process.gapps]
02-20 20:47:18.061     0     0 D ieee80211 phy0: hw scan 2484 MHz
02-20 20:47:18.989  1371  2235 D NuPlayerDriver: notifyListener_l(0xf02a90e0), (1, 0, 0), loop setting(0, 0)
02-20 20:47:18.990  1364  1364 I CameraFlashlight: Opening camera 0
02-20 20:47:18.990  1364  1364 V EmulatedCamera_Camera: getCameraInfo
02-20 20:47:18.990  1364  1364 V EmulatedCamera_BaseCamera: getCameraInfo
02-20 20:47:18.990  1364  1364 V EmulatedCamera_Camera: connectCamera
02-20 20:47:18.990  1364  1364 V EmulatedCamera_FakeDevice: connectDevice
02-20 20:47:18.990  1364  1364 V EmulatedCamera_CallbackNotifier: setCallbacks: 0xf5945e80, 0xf5945ed0, 0xf5945ff0, 0xf5946110 (0xf4fc3320)
02-20 20:47:18.990  1364  1364 V EmulatedCamera_CallbackNotifier: enableMessage: msg_type = 0xc0d
02-20 20:47:18.990  1364  1364 V EmulatedCamera_CallbackNotifier:     CAMERA_MSG_ERROR
02-20 20:47:18.990  1364  1364 V EmulatedCamera_CallbackNotifier:     CAMERA_MSG_FOCUS
02-20 20:47:18.990  1364  1364 V EmulatedCamera_CallbackNotifier:     CAMERA_MSG_ZOOM
02-20 20:47:18.990  1364  1364 V EmulatedCamera_CallbackNotifier:     CAMERA_MSG_PREVIEW_METADATA
02-20 20:47:18.990  1364  1364 V EmulatedCamera_CallbackNotifier: **** Currently enabled messages:
02-20 20:47:18.990  1364  1364 V EmulatedCamera_CallbackNotifier:     CAMERA_MSG_ERROR
02-20 20:47:18.990  1364  1364 V EmulatedCamera_CallbackNotifier:     CAMERA_MSG_FOCUS
02-20 20:47:18.990  1364  1364 V EmulatedCamera_CallbackNotifier:     CAMERA_MSG_ZOOM
02-20 20:47:18.990  1364  1364 V EmulatedCamera_CallbackNotifier:     CAMERA_MSG_PREVIEW_METADATA
02-20 20:47:18.990  1364  1364 V EmulatedCamera_CallbackNotifier: disableMessage: msg_type = 0xffff
02-20 20:47:18.990  1364  1364 V EmulatedCamera_CallbackNotifier:     CAMERA_MSG_ERROR
02-20 20:47:18.990  1364  1364 V EmulatedCamera_CallbackNotifier:     CAMERA_MSG_SHUTTER
02-20 20:47:18.990  1364  1364 V EmulatedCamera_CallbackNotifier:     CAMERA_MSG_FOCUS
02-20 20:47:18.990  1364  1364 V EmulatedCamera_CallbackNotifier:     CAMERA_MSG_ZOOM
02-20 20:47:18.990  1364  1364 V EmulatedCamera_CallbackNotifier:     CAMERA_MSG_PREVIEW_FRAME
02-20 20:47:18.990  1364  1364 V EmulatedCamera_CallbackNotifier:     CAMERA_MSG_VIDEO_FRAME
02-20 20:47:18.990  1364  1364 V EmulatedCamera_CallbackNotifier:     CAMERA_MSG_POSTVIEW_FRAME
02-20 20:47:18.990  1364  1364 V EmulatedCamera_CallbackNotifier:     CAMERA_MSG_RAW_IMAGE
02-20 20:47:18.990  1364  1364 V EmulatedCamera_CallbackNotifier:     CAMERA_MSG_COMPRESSED_IMAGE
02-20 20:47:18.990  1364  1364 V EmulatedCamera_CallbackNotifier:     CAMERA_MSG_RAW_IMAGE_NOTIFY
02-20 20:47:18.990  1364  1364 V EmulatedCamera_CallbackNotifier:     CAMERA_MSG_PREVIEW_METADATA
02-20 20:47:18.990  1364  1364 V EmulatedCamera_CallbackNotifier: **** Currently enabled messages:
02-20 20:47:18.990  1364  1364 V EmulatedCamera_Preview: setPreviewWindow: current: 0x0 -> new: 0x0
02-20 20:47:18.990  1364  1364 V EmulatedCamera_Camera: doStopPreview
02-20 20:47:18.991  1364  1364 V EmulatedCamera_Camera: cancelPicture
02-20 20:47:18.991  1364  1364 V EmulatedCamera_Camera: releaseCamera
02-20 20:47:18.991  1364  1364 V EmulatedCamera_Camera: doStopPreview
02-20 20:47:18.991  1364  1364 V EmulatedCamera_FakeDevice: disconnectDevice
02-20 20:47:18.206     0     0 D ieee80211 phy0: hw scan complete
02-20 20:47:18.207     0     0 D ieee80211 phy0: hwsim hw_scan request
02-20 20:47:18.207     0     0 D ieee80211 phy0: hw scan 5180 MHz
02-20 20:47:18.991  1364  1364 W EmulatedCamera_Device: Initialize: Emulated camera device is already initialized: mState = 1
02-20 20:47:18.991  1364  1364 D EmulatedCamera_FakeCamera: Initialize: Fake camera is facing back
02-20 20:47:18.991  1364  1364 V EmulatedCamera_Device: initializeWhiteBalanceModes with auto, 1.000000, 1.000000
02-20 20:47:18.991  1364  1364 V EmulatedCamera_Device: initializeWhiteBalanceModes with incandescent, 1.380000, 0.600000
02-20 20:47:18.991  1364  1364 V EmulatedCamera_Device: initializeWhiteBalanceModes with daylight, 1.090000, 0.920000
02-20 20:47:18.991  1364  1364 V EmulatedCamera_Device: initializeWhiteBalanceModes with twilight, 0.920000, 1.220000
02-20 20:47:18.991  1364  1364 V EmulatedCamera_Device: setWhiteBalanceMode with white balance auto
02-20 20:47:18.991  1364  1364 I CameraFlashlight: Destroying camera 0
02-20 20:47:18.991  1364  1364 V EmulatedCamera_Camera: closeCamera
02-20 20:47:18.991  1364  1364 V EmulatedCamera_Camera: doStopPreview
02-20 20:47:18.991  1364  1364 W EmulatedCamera_Device: Initialize: Emulated camera device is already initialized: mState = 1
02-20 20:47:18.991  1364  1364 D EmulatedCamera_FakeCamera: Initialize: Fake camera is facing back
02-20 20:47:18.991  1364  1364 V EmulatedCamera_Device: initializeWhiteBalanceModes with auto, 1.000000, 1.000000
02-20 20:47:18.991  1364  1364 V EmulatedCamera_Device: initializeWhiteBalanceModes with incandescent, 1.380000, 0.600000
02-20 20:47:18.991  1364  1364 V EmulatedCamera_Device: initializeWhiteBalanceModes with daylight, 1.090000, 0.920000
02-20 20:47:18.991  1364  1364 V EmulatedCamera_Device: initializeWhiteBalanceModes with twilight, 0.920000, 1.220000
02-20 20:47:18.991  1364  1364 V EmulatedCamera_Device: setWhiteBalanceMode with white balance auto
02-20 20:47:18.993  1364  1364 I CameraService: disconnect: Disconnected client for camera 0 for PID 1364
02-20 20:47:18.993  1371  1867 D NuPlayerDriver: reset(0xf02a8f00) at state 4
02-20 20:47:18.993  1371  1867 D NuPlayerDriver: notifyListener_l(0xf02a8f00), (8, 0, 0), loop setting(0, 0)
02-20 20:47:18.994  1371  2222 D NuPlayerDriver: notifyResetComplete(0xf02a8f00)
02-20 20:47:18.995  1371  1402 D NuPlayerDriver: reset(0xf02a8fc0) at state 4
02-20 20:47:18.995  1371  1402 D NuPlayerDriver: notifyListener_l(0xf02a8fc0), (8, 0, 0), loop setting(0, 0)
02-20 20:47:18.995  1371  2227 D NuPlayerDriver: notifyResetComplete(0xf02a8fc0)
02-20 20:47:18.995  1371  1834 D NuPlayerDriver: reset(0xf02a90e0) at state 4
02-20 20:47:18.995  1371  1834 D NuPlayerDriver: notifyListener_l(0xf02a90e0), (8, 0, 0), loop setting(0, 0)
02-20 20:47:18.995  1371  2235 D NuPlayerDriver: notifyResetComplete(0xf02a90e0)
02-20 20:47:18.996  1364  1707 V EmulatedCamera_Camera: getCameraInfo
02-20 20:47:18.996  1364  1707 V EmulatedCamera_BaseCamera: getCameraInfo
02-20 20:47:18.996  1364  1364 V EmulatedCamera_Camera: getCameraInfo
02-20 20:47:18.996  1364  1364 V EmulatedCamera_BaseCamera: getCameraInfo
02-20 20:47:18.997  1674  1688 I Telecom : PhoneAccountRegistrar: [ComponentInfo{com.android.phone/com.android.services.telephony.TelephonyConnectionService}, [e0184adedf913b076626646d3f52c3b49c39ad6d], UserHandle{0}(addr: tel:*********** -> tel:)(icon: Icon(typ=BITMAP size=76x96) -> Icon(typ=BITMAP size=76x96))(subAddr: tel:*********** -> tel:)]: TSI.rPA@AAg
02-20 20:47:19.001  1674  1688 I Telecom : : Sending phone-account registered intent as user: TSI.rPA@AAg
02-20 20:47:19.003  1920  1920 I Telephony: AccountEntry: Registered phoneAccount: [[ ] PhoneAccount: ComponentInfo{com.android.phone/com.android.services.telephony.TelephonyConnectionService}, [e0184adedf913b076626646d3f52c3b49c39ad6d], UserHandle{0} Capabilities: CallProvider MultiUser PlaceEmerg SimSub  Schemes: tel voicemail  Extras: null GroupId: [da39a3ee5e6b4b0d3255bfef95601890afd80709]] with handle: ComponentInfo{com.android.phone/com.android.services.telephony.TelephonyConnectionService}, [e0184adedf913b076626646d3f52c3b49c39ad6d], UserHandle{0}
02-20 20:47:19.003  1920  1920 I Telephony: PstnIncomingCallNotifier: Registering: Handler (com.android.internal.telephony.GsmCdmaPhone) {588237d}
02-20 20:47:19.005  1920  1920 D CAT     : CatService: handleMessage[20]
02-20 20:47:19.005  1920  1920 D GsmCdmaPhone: [GsmCdmaPhone] updateCurrentCarrierInProvider: mSubId = -2 currentDds = 1 operatorNumeric = 310260
02-20 20:47:19.005  1920  1920 D IccCardProxy: operator=310260 mPhoneId=0
02-20 20:47:19.005  1920  1920 D TelephonyManager: setTelephonyProperty: success phoneId=0 property=gsm.sim.operator.numeric value: 310260 propVal=310260
02-20 20:47:19.009  1920  1920 D TelephonyManager: setTelephonyProperty: success phoneId=0 property=gsm.sim.operator.iso-country value: us propVal=us
02-20 20:47:19.010  1920  1920 D IccCardProxy: Sending intent ACTION_INTERNAL_SIM_STATE_CHANGED for mPhoneId : 0
02-20 20:47:19.010  1920  1920 D SST     : EVENT_SIM_RECORDS_LOADED: what=16
02-20 20:47:19.010  1920  1920 D GsmCdmaPhone: [GsmCdmaPhone] updatePhoneObject: radioTechnology=0
02-20 20:47:19.010  1920  1920 D SST     : getOtasp: otasp not needed for GSM
02-20 20:47:19.010  1920  1920 D SST     : updateOtaspState: call notifyOtaspChanged old otaspMode=0 new otaspMode=3
02-20 20:47:19.010  1920  1920 D SIMRecords: [SIMRecords] getServiceProviderName: no brandOverride, providerName=Android
02-20 20:47:19.010  1920  1920 D SIMRecords: [SIMRecords] getServiceProviderName: no brandOverride, providerName=Android
02-20 20:47:19.011  1920  1920 D SST     : updateSpnDisplay: changed sending intent rule=1 showPlmn='false' plmn='Android' showSpn='true' spn='Android' dataSpn='Android' subId='-2'
02-20 20:47:19.011  1920  1920 D SubscriptionController: [setPlmnSpn] No valid subscription to store info
02-20 20:47:19.011  1920  1920 D SubscriptionController: notifySubscriptionInfoChanged:
02-20 20:47:19.012  1920  1920 E PhoneInterfaceManager: [PhoneIntfMgr] getIccId: No UICC
02-20 20:47:19.017  1760  1760 I StatusBar: isKeyguardShowing() called before startKeyguard(), returning true
02-20 20:47:19.018  1760  1760 W StatusBar: isKeyguardSecure() called before startKeyguard(), returning false
02-20 20:47:19.018  1760  1760 W StatusBar: java.lang.Throwable
02-20 20:47:19.018  1760  1760 W StatusBar: 	at com.android.systemui.statusbar.BaseStatusBar.isKeyguardSecure(BaseStatusBar.java:2647)
02-20 20:47:19.018  1760  1760 W StatusBar: 	at com.android.systemui.statusbar.BaseStatusBar.isCameraAllowedByAdmin(BaseStatusBar.java:2670)
02-20 20:47:19.018  1760  1760 W StatusBar: 	at com.android.systemui.statusbar.phone.KeyguardBottomAreaView.updateCameraVisibility(KeyguardBottomAreaView.java:309)
02-20 20:47:19.018  1760  1760 W StatusBar: 	at com.android.systemui.statusbar.phone.KeyguardBottomAreaView.setPhoneStatusBar(KeyguardBottomAreaView.java:272)
02-20 20:47:19.018  1760  1760 W StatusBar: 	at com.android.systemui.statusbar.phone.PhoneStatusBar.makeStatusBarView(PhoneStatusBar.java:904)
02-20 20:47:19.018  1760  1760 W StatusBar: 	at com.android.systemui.statusbar.phone.PhoneStatusBar.addStatusBarWindow(PhoneStatusBar.java:3432)
02-20 20:47:19.018  1760  1760 W StatusBar: 	at com.android.systemui.statusbar.phone.PhoneStatusBar.createAndAddWindows(PhoneStatusBar.java:3428)
02-20 20:47:19.018  1760  1760 W StatusBar: 	at com.android.systemui.statusbar.BaseStatusBar.start(BaseStatusBar.java:765)
02-20 20:47:19.018  1760  1760 W StatusBar: 	at com.android.systemui.statusbar.phone.PhoneStatusBar.start(PhoneStatusBar.java:686)
02-20 20:47:19.018  1760  1760 W StatusBar: 	at com.android.systemui.statusbar.SystemBars.createStatusBarFromConfig(SystemBars.java:106)
02-20 20:47:19.018  1760  1760 W StatusBar: 	at com.android.systemui.statusbar.SystemBars.onNoService(SystemBars.java:58)
02-20 20:47:19.018  1760  1760 W StatusBar: 	at com.android.systemui.statusbar.ServiceMonitor.startService(ServiceMonitor.java:230)
02-20 20:47:19.018  1760  1760 W StatusBar: 	at com.android.systemui.statusbar.ServiceMonitor.-wrap5(ServiceMonitor.java)
02-20 20:47:19.018  1760  1760 W StatusBar: 	at com.android.systemui.statusbar.ServiceMonitor$1.handleMessage(ServiceMonitor.java:73)
02-20 20:47:19.018  1760  1760 W StatusBar: 	at android.os.Handler.dispatchMessage(Handler.java:102)
02-20 20:47:19.018  1760  1760 W StatusBar: 	at android.os.Looper.loop(Looper.java:154)
02-20 20:47:19.018  1760  1760 W StatusBar: 	at android.app.ActivityThread.main(ActivityThread.java:6119)
02-20 20:47:19.018  1760  1760 W StatusBar: 	at java.lang.reflect.Method.invoke(Native Method)
02-20 20:47:19.018  1760  1760 W StatusBar: 	at com.android.internal.os.ZygoteInit$MethodAndArgsCaller.run(ZygoteInit.java:886)
02-20 20:47:19.018  1760  1760 W StatusBar: 	at com.android.internal.os.ZygoteInit.main(ZygoteInit.java:776)
02-20 20:47:19.019  1674  2172 I Telecom : PhoneAccountRegistrar: [ComponentInfo{com.android.phone/com.android.services.telephony.TelephonyConnectionService}, [e0184adedf913b076626646d3f52c3b49c39ad6d], UserHandle{0}(icon: Icon(typ=BITMAP size=76x96) -> Icon(typ=BITMAP size=76x96))]: TSI.rPA@AAs
02-20 20:47:19.020  1760  1760 I StatusBar: isKeyguardShowing() called before startKeyguard(), returning true
02-20 20:47:19.020  1760  1760 W StatusBar: isKeyguardSecure() called before startKeyguard(), returning false
02-20 20:47:19.020  1760  1760 W StatusBar: java.lang.Throwable
02-20 20:47:19.020  1760  1760 W StatusBar: 	at com.android.systemui.statusbar.BaseStatusBar.isKeyguardSecure(BaseStatusBar.java:2647)
02-20 20:47:19.020  1760  1760 W StatusBar: 	at com.android.systemui.statusbar.BaseStatusBar.isCameraAllowedByAdmin(BaseStatusBar.java:2670)
02-20 20:47:19.020  1760  1760 W StatusBar: 	at com.android.systemui.statusbar.phone.KeyguardBottomAreaView.updateCameraVisibility(KeyguardBottomAreaView.java:309)
02-20 20:47:19.020  1760  1760 W StatusBar: 	at com.android.systemui.statusbar.phone.KeyguardBottomAreaView.setUserSetupComplete(KeyguardBottomAreaView.java:281)
02-20 20:47:19.020  1760  1760 W StatusBar: 	at com.android.systemui.statusbar.phone.PhoneStatusBar.makeStatusBarView(PhoneStatusBar.java:905)
02-20 20:47:19.020  1760  1760 W StatusBar: 	at com.android.systemui.statusbar.phone.PhoneStatusBar.addStatusBarWindow(PhoneStatusBar.java:3432)
02-20 20:47:19.020  1760  1760 W StatusBar: 	at com.android.systemui.statusbar.phone.PhoneStatusBar.createAndAddWindows(PhoneStatusBar.java:3428)
02-20 20:47:19.020  1760  1760 W StatusBar: 	at com.android.systemui.statusbar.BaseStatusBar.start(BaseStatusBar.java:765)
02-20 20:47:19.020  1760  1760 W StatusBar: 	at com.android.systemui.statusbar.phone.PhoneStatusBar.start(PhoneStatusBar.java:686)
02-20 20:47:19.020  1760  1760 W StatusBar: 	at com.android.systemui.statusbar.SystemBars.createStatusBarFromConfig(SystemBars.java:106)
02-20 20:47:19.020  1760  1760 W StatusBar: 	at com.android.systemui.statusbar.SystemBars.onNoService(SystemBars.java:58)
02-20 20:47:19.020  1760  1760 W StatusBar: 	at com.android.systemui.statusbar.ServiceMonitor.startService(ServiceMonitor.java:230)
02-20 20:47:19.020  1760  1760 W StatusBar: 	at com.android.systemui.statusbar.ServiceMonitor.-wrap5(ServiceMonitor.java)
02-20 20:47:19.020  1760  1760 W StatusBar: 	at com.android.systemui.statusbar.ServiceMonitor$1.handleMessage(ServiceMonitor.java:73)
02-20 20:47:19.020  1760  1760 W StatusBar: 	at android.os.Handler.dispatchMessage(Handler.java:102)
02-20 20:47:19.020  1760  1760 W StatusBar: 	at android.os.Looper.loop(Looper.java:154)
02-20 20:47:19.020  1760  1760 W StatusBar: 	at android.app.ActivityThread.main(ActivityThread.java:6119)
02-20 20:47:19.020  1760  1760 W StatusBar: 	at java.lang.reflect.Method.invoke(Native Method)
02-20 20:47:19.020  1760  1760 W StatusBar: 	at com.android.internal.os.ZygoteInit$MethodAndArgsCaller.run(ZygoteInit.java:886)
02-20 20:47:19.020  1760  1760 W StatusBar: 	at com.android.internal.os.ZygoteInit.main(ZygoteInit.java:776)
02-20 20:47:19.020  1674  2172 I Telecom : : Sending phone-account registered intent as user: TSI.rPA@AAs
02-20 20:47:19.020  1920  1920 D SubscriptionInfoUpdater: [Receiver]+
02-20 20:47:19.020  1920  1920 D SubscriptionInfoUpdater: Action: android.intent.action.internal_sim_state_changed
02-20 20:47:19.021  1920  1920 D SubscriptionInfoUpdater: slotId: 0
02-20 20:47:19.021  1920  1920 D SubscriptionInfoUpdater: simStatus: LOADED
02-20 20:47:19.021  1920  1920 D SubscriptionInfoUpdater: [Receiver]-
02-20 20:47:19.021  1920  1920 D GsmCdmaPhone: [GsmCdmaPhone] phoneObjectUpdater: newVoiceRadioTech=0
02-20 20:47:19.021  1920  1920 D GsmCdmaPhone: [GsmCdmaPhone] phoneObjectUpdater: volteReplacementRat=0
02-20 20:47:19.021  1920  1920 E GsmCdmaPhone: [GsmCdmaPhone] phoneObjectUpdater: newVoiceRadioTech=0 doesn't match either CDMA or GSM - error! No phone change
02-20 20:47:19.021  1920  1920 D SST     : SubscriptionListener.onSubscriptionInfoChanged
02-20 20:47:19.021  1920  1920 D DCT     : [0]SubscriptionListener.onSubscriptionInfoChanged
02-20 20:47:19.026  1920  1920 D SubscriptionController: [getActiveSubInfoList] Sub Controller not ready
02-20 20:47:19.026  2214  2214 I art     : Starting a blocking GC AddRemoveAppImageSpace
02-20 20:47:19.027  2214  2214 W System  : ClassLoader referenced unknown path: /system/priv-app/GoogleServicesFramework/lib/x86_64
02-20 20:47:19.030  1920  1920 D SubscriptionController: [getActiveSubInfoList] Sub Controller not ready
02-20 20:47:19.030  1920  1920 I Telephony: PstnIncomingCallNotifier: Unregistering: Handler (com.android.internal.telephony.GsmCdmaPhone) {588237d}
02-20 20:47:19.031  1920  1920 E PhoneInterfaceManager: [PhoneIntfMgr] getIccId: No UICC
02-20 20:47:19.035  1674  1788 I Telecom : PhoneAccountRegistrar: [ComponentInfo{com.android.phone/com.android.services.telephony.TelephonyConnectionService}, [e0184adedf913b076626646d3f52c3b49c39ad6d], UserHandle{0}(icon: Icon(typ=BITMAP size=76x96) -> Icon(typ=BITMAP size=76x96))]: TSI.rPA@AAw
02-20 20:47:19.035  1920  2052 D SubscriptionController: [getPhoneId] asked for default subId=-1
02-20 20:47:19.036  1674  1788 I Telecom : : Sending phone-account registered intent as user: TSI.rPA@AAw
02-20 20:47:19.036  1920  1934 D SubscriptionController: [getActiveSubInfoList] Sub Controller not ready
02-20 20:47:19.037  1674  1674 I GnssLocationProvider: WakeLock acquired by sendMessage(12, 0, null)
02-20 20:47:19.037  1920  1935 D SubscriptionController: [getActiveSubInfoList] Sub Controller not ready
02-20 20:47:19.037  1674  1674 I GnssLocationProvider: WakeLock acquired by sendMessage(12, 0, null)
02-20 20:47:19.038  1920  1920 I Telephony: AccountEntry: Registered phoneAccount: [[ ] PhoneAccount: ComponentInfo{com.android.phone/com.android.services.telephony.TelephonyConnectionService}, [e0184adedf913b076626646d3f52c3b49c39ad6d], UserHandle{0} Capabilities: CallProvider MultiUser PlaceEmerg SimSub  Schemes: tel voicemail  Extras: null GroupId: [da39a3ee5e6b4b0d3255bfef95601890afd80709]] with handle: ComponentInfo{com.android.phone/com.android.services.telephony.TelephonyConnectionService}, [e0184adedf913b076626646d3f52c3b49c39ad6d], UserHandle{0}
02-20 20:47:19.038  1920  1920 I Telephony: PstnIncomingCallNotifier: Registering: Handler (com.android.internal.telephony.GsmCdmaPhone) {588237d}
02-20 20:47:19.040  1920  1920 D SubscriptionInfoUpdater: handleSimStateLoadedInternal: slotId: 0
02-20 20:47:19.040  1920  1920 D SubscriptionInfoUpdater: All IccIds query complete
02-20 20:47:19.040  1920  1920 D SubscriptionInfoUpdater: updateSubscriptionInfoByIccId:+ Start
02-20 20:47:19.041  1920  1920 D SubscriptionController: [clearSubInfo]- no simInfo size=0
02-20 20:47:19.041  1920  1920 D SubscriptionInfoUpdater: insertedSimCount = 1
02-20 20:47:19.041  1920  1920 D SubscriptionController: [getSubInfoUsingSlotIdWithCheck]+ slotId:0
02-20 20:47:19.043  1920  1920 D SubscriptionController: [getPhoneId]- no sims, returning default phoneId=2147483647
02-20 20:47:19.043  1364  1707 V EmulatedCamera_Camera: getCameraInfo
02-20 20:47:19.043  1364  1707 V EmulatedCamera_BaseCamera: getCameraInfo
02-20 20:47:19.043  1364  1364 V EmulatedCamera_Camera: getCameraInfo
02-20 20:47:19.043  1364  1364 V EmulatedCamera_BaseCamera: getCameraInfo
02-20 20:47:19.044  1920  1920 D SubscriptionController: [getPhoneId]- no sims, returning default phoneId=2147483647
02-20 20:47:19.044  1920  1920 D SubscriptionController: [getPhoneId]- no sims, returning default phoneId=2147483647
02-20 20:47:19.044  1920  1920 D SubscriptionController: [getSubInfoUsingSlotId]- null info return
02-20 20:47:19.045  1920  1920 D SubscriptionInfoUpdater: updateSubscriptionInfoByIccId: oldSubId = 1
02-20 20:47:19.045  1920  1920 D SubscriptionInfoUpdater: updateSubscriptionInfoByIccId: oldIccId[0] = 89014103211118510720, sIccId[0] = 89014103211118510720
02-20 20:47:19.045  1920  1920 D SubscriptionController: [addSubInfoRecord]+ iccId:89014103211118510720 slotId:0
02-20 20:47:19.047  1920  1920 D SubscriptionController: [getActiveSubInfoList] Sub Controller not ready
02-20 20:47:19.047  1920  1920 D SubscriptionController: [addSubInfoRecord] Record already exists
02-20 20:47:19.052  1920  1920 D SubscriptionController: [addSubInfoRecord] sSlotIdxToSubId.size=1 slotId=0 subId=1 defaultSubId=1 simCount=1
02-20 20:47:19.052  1920  1920 D SubscriptionController: [setDefaultFallbackSubId] subId=1
02-20 20:47:19.053  1920  1920 D SubscriptionController: [setDefaultFallbackSubId] set mDefaultFallbackSubId=1
02-20 20:47:19.053  1920  1920 D MccTable: updateMccMncConfiguration mccmnc='310260' fromServiceState=false
02-20 20:47:19.056  1920  1920 D MccTable: updateMccMncConfiguration defaultMccMnc=310260
02-20 20:47:19.056  1920  1920 D MccTable: updateMccMncConfiguration: mcc=310, mnc=260
02-20 20:47:19.056  1920  1920 D MccTable: updateMccMncConfiguration updateConfig config={1.0 310mcc260mnc ?localeList ?layoutDir ?swdp ?wdp ?hdp ?density ?lsize ?long ?orien ?uimode ?night ?touch ?keyb/?/? ?nav/?}
02-20 20:47:19.058  1920  1920 D SubscriptionController: [setDefaultFallbackSubId] broadcast default subId changed phoneId=0 subId=1
02-20 20:47:19.058  1920  1920 D SubscriptionController: [addSubInfoRecord] one sim set defaults to subId=1
02-20 20:47:19.060  1920  1920 D SubscriptionController: [setDefaultDataSubId] num phones=1, subId=1
02-20 20:47:19.060  1920  1920 D SubscriptionController: [setDefaultDataSubId] phoneId=0 subId=1 RAF=1
02-20 20:47:19.064  1920  2052 D RILJ    : [3736]> RIL_REQUEST_GET_CELL_INFO_LIST [SUB0]
02-20 20:47:19.064  1373  1501 D RIL     : onRequest: GET_CELL_INFO_LIST
02-20 20:47:19.064  1373  1501 D RILC    : responseCellInfoList: v12
02-20 20:47:19.066  1920  2002 D RILJ    : [3736]< RIL_REQUEST_GET_CELL_INFO_LIST [CellInfoGsm:{mRegistered=YES mTimeStampType=modem mTimeStamp=12114595666ns CellIdentityGsm:{ mMcc=310 mMnc=260 mLac=3 mCid=91 mArfcn=10 mBsic=0x0} CellSignalStrengthGsm: ss=-380390984 ber=28694 mTa=-378803076}] [SUB0]
02-20 20:47:19.071  2214  2214 I GservicesProvider: Gservices pushing to system: true; secure/global: true
02-20 20:47:19.081  1920  1920 D ProxyController: setRadioCapability: Already in requested configuration, nothing to do.
02-20 20:47:19.081  1920  1920 D SubscriptionController: [updateAllDataConnectionTrackers] sPhones.length=1
02-20 20:47:19.081  1920  1920 D SubscriptionController: [updateAllDataConnectionTrackers] phoneId=0
02-20 20:47:19.081  1920  1920 D DCT     : [0]update sub = 1
02-20 20:47:19.081  1920  1920 D DCT     : [0]update(): Active DDS, register for all events now!
02-20 20:47:19.081  1920  1920 D DCT     : [0]New records found.
02-20 20:47:19.081  1920  1920 D SST     : mDeviceShuttingDown=false, mDesiredPowerState=true, getRadioState=RADIO_ON, mPowerOffDelayNeed=true, mAlarmSwitch=false, mRadioDisabledByCarrier=false
02-20 20:47:19.081  1920  1920 D GsmCdmaPhone: [GsmCdmaPhone] updateCurrentCarrierInProvider: mSubId = 1 currentDds = 1 operatorNumeric = 310260
02-20 20:47:19.087  1674  1788 I am_proc_start: [0,2241,10029,com.google.android.googlequicksearchbox:search,service,com.google.android.googlequicksearchbox/com.google.android.hotword.service.HotwordService]
02-20 20:47:19.087  1674  1788 I ActivityManager: Start proc 2241:com.google.android.googlequicksearchbox:search/u0a29 for service com.google.android.googlequicksearchbox/com.google.android.hotword.service.HotwordService
02-20 20:47:19.095  2241  2241 W art     : Unexpected CPU variant for X86 using defaults: x86
02-20 20:47:19.110  1920  1920 D SubscriptionController: [broadcastDefaultDataSubIdChanged] subId=1
02-20 20:47:19.112  1920  1920 D SubscriptionController: [setDefaultSmsSubId] subId=1
02-20 20:47:19.113  1920  1920 D SubscriptionController: [broadcastDefaultSmsSubIdChanged] subId=1
02-20 20:47:19.117  1760  1760 I StatusBar: isKeyguardShowing() called before startKeyguard(), returning true
02-20 20:47:19.117  1760  1760 W StatusBar: isKeyguardSecure() called before startKeyguard(), returning false
02-20 20:47:19.117  1760  1760 W StatusBar: java.lang.Throwable
02-20 20:47:19.117  1760  1760 W StatusBar: 	at com.android.systemui.statusbar.BaseStatusBar.isKeyguardSecure(BaseStatusBar.java:2647)
02-20 20:47:19.117  1760  1760 W StatusBar: 	at com.android.systemui.statusbar.BaseStatusBar.isCameraAllowedByAdmin(BaseStatusBar.java:2670)
02-20 20:47:19.117  1760  1760 W StatusBar: 	at com.android.systemui.statusbar.phone.KeyguardBottomAreaView.updateCameraVisibility(KeyguardBottomAreaView.java:309)
02-20 20:47:19.117  1760  1760 W StatusBar: 	at com.android.systemui.statusbar.phone.KeyguardBottomAreaView.setUserSetupComplete(KeyguardBottomAreaView.java:281)
02-20 20:47:19.117  1760  1760 W StatusBar: 	at com.android.systemui.statusbar.phone.PhoneStatusBar$1.onChange(PhoneStatusBar.java:441)
02-20 20:47:19.117  1760  1760 W StatusBar: 	at com.android.systemui.statusbar.phone.PhoneStatusBar.resetUserSetupObserver(PhoneStatusBar.java:3676)
02-20 20:47:19.117  1760  1760 W StatusBar: 	at com.android.systemui.statusbar.phone.PhoneStatusBar.makeStatusBarView(PhoneStatusBar.java:1008)
02-20 20:47:19.117  1760  1760 W StatusBar: 	at com.android.systemui.statusbar.phone.PhoneStatusBar.addStatusBarWindow(PhoneStatusBar.java:3432)
