02-20 20:47:18.341  1920  1920 D SIMRecords: [SIMRecords] SIMRecords X ctor this=SimRecords: mDestroyed=false mContext=com.android.phone.PhoneGlobals@988ec04 mCi=com.android.internal.telephony.RIL@7baab36 mFh=Handler (com.android.internal.telephony.uicc.SIMFileHandler) {64de5ed} mParentApp=com.android.internal.telephony.uicc.UiccCardApplication@d874c22 recordsLoadedRegistrants=android.os.RegistrantList@19f6b3 mImsiReadyRegistrants=android.os.RegistrantList@5aac470 mRecordsEventsRegistrants=android.os.RegistrantList@2ff3e9 mNewSmsRegistrants=android.os.RegistrantList@ff2086e mNetworkSelectionModeAutomaticRegistrants=android.os.RegistrantList@bb34b0f recordsToLoad=0 adnCache=Handler (com.android.internal.telephony.uicc.AdnRecordCache) {8cfb79c} recordsRequested=false iccid=null msisdnTag=null voiceMailNum=null voiceMailTag=null voiceMailNum=null newVoiceMailTag=null isVoiceMailFixed=false mImsi=null mncLength=-1 mailboxIndex=0 spn=null mVmConfigcom.android.internal.telephony.uicc.VoiceMailConstants@90ae5a5 mSpnOverride=mSpnOverride callForwardingEnabled=0 spnState=null mCphsInfo=null mCspPlmnEnabled=true efMWIS=null efCPHS_MWI=null mEfCff=null mEfCfis=null getOperatorNumeric=null
02-20 20:47:18.342  2081  2081 I ContactsPerf: VoicemailContentProvider.onCreate finish
02-20 20:47:18.348  1674  1739 I am_proc_start: [0,2125,10002,com.android.providers.calendar,content provider,com.android.providers.calendar/.CalendarProvider2]
02-20 20:47:18.348  1674  1739 I ActivityManager: Start proc 2125:com.android.providers.calendar/u0a2 for content provider com.android.providers.calendar/.CalendarProvider2
02-20 20:47:18.351  2125  2125 W art     : Unexpected CPU variant for X86 using defaults: x86_64
02-20 20:47:18.352  1920  1920 D UiccCardApplication: Creating UiccApp: {APPTYPE_RUIM,APPSTATE_DETECTED}
02-20 20:47:18.352  1920  1920 D RuimRecords: [RuimRecords] setting0 mMncLength-1
02-20 20:47:18.352  1920  1920 D RuimRecords: [RuimRecords] RuimRecords X ctor this=RuimRecords: mDestroyed=false mContext=com.android.phone.PhoneGlobals@988ec04 mCi=com.android.internal.telephony.RIL@7baab36 mFh=Handler (com.android.internal.telephony.uicc.RuimFileHandler) {3e3892b} mParentApp=com.android.internal.telephony.uicc.UiccCardApplication@deeb188 recordsLoadedRegistrants=android.os.RegistrantList@fe93721 mImsiReadyRegistrants=android.os.RegistrantList@99eb746 mRecordsEventsRegistrants=android.os.RegistrantList@a8f8d07 mNewSmsRegistrants=android.os.RegistrantList@6815e34 mNetworkSelectionModeAutomaticRegistrants=android.os.RegistrantList@1245d recordsToLoad=0 adnCache=Handler (com.android.internal.telephony.uicc.AdnRecordCache) {67f01d2} recordsRequested=false iccid=null msisdnTag=null voiceMailNum=null voiceMailTag=null voiceMailNum=null newVoiceMailTag=null isVoiceMailFixed=false mImsi=null mncLength=-1 mailboxIndex=0 spn=null m_ota_commitedfalse mMyMobileNumber=xxxx mMin2Min1=null mPrlVersion=null mEFpl=null mEFli=null mCsimSpnDisplayCondition=false mMdn=null mMin=null mHomeSystemId=null mHomeNetworkId=null
02-20 20:47:18.356  2081  2081 W System  : ClassLoader referenced unknown path: /system/priv-app/BlockedNumberProvider/lib/x86_64
02-20 20:47:18.358  2081  2081 D ApplicationLoaders: ignored Vulkan layer search path /system/priv-app/BlockedNumberProvider/lib/x86_64:/system/lib64:/vendor/lib64 for namespace 0x76a14e9740f0
02-20 20:47:18.386  1920  1920 D CAT     : CatService: registerForRecordsLoaded slotid=0 instance:Handler (com.android.internal.telephony.cat.CatService) {d8315ff}
02-20 20:47:18.386  1920  1920 D CAT     : CatService: Running CAT service on Slotid: 0. STK app installed:false
02-20 20:47:18.386  1920  1920 D UiccCard: Before privilege rules: null : CARDSTATE_PRESENT
02-20 20:47:18.386  1920  1920 D RILJ    : [3672]> RIL_REQUEST_SIM_OPEN_CHANNEL [SUB0]
02-20 20:47:18.387  1920  1920 E UiccCard: App index 8 is invalid since there are no applications
02-20 20:47:18.387  1920  1920 D UiccCard: update: radioState=RADIO_ON mLastRadioState=RADIO_UNAVAILABLE
02-20 20:47:18.387  1920  1920 D UiccController: Notifying IccChangedRegistrants
02-20 20:47:18.387  1373  1501 D RIL     : onRequest: SIM_OPEN_CHANNEL
02-20 20:47:18.387  1373  1501 D AT      : AT> AT+CCHO=A00000015141434C00
02-20 20:47:18.387  1373  1503 D AT      : AT< 1
02-20 20:47:18.387  1373  1503 D AT      : AT< OK
02-20 20:47:18.387  1920  2002 D RILJ    : [3672]< RIL_REQUEST_SIM_OPEN_CHANNEL  [SUB0]
02-20 20:47:18.388  1920  1920 D GsmCdmaPhone: get phone radio capability fail, no need to change mRadioCapability
02-20 20:47:18.388  1920  1920 D GsmCdmaPhone: EVENT_GET_RADIO_CAPABILITY: phone rc: null
02-20 20:47:18.388  1920  1920 D Phone   : config LCE service failed: com.android.internal.telephony.CommandException: RADIO_NOT_AVAILABLE
02-20 20:47:18.388  1920  1920 D SST     : mDeviceShuttingDown=false, mDesiredPowerState=true, getRadioState=RADIO_ON, mPowerOffDelayNeed=true, mAlarmSwitch=false, mRadioDisabledByCarrier=false
02-20 20:47:18.388  1920  1920 D RILJ    : [3673]> OPERATOR [SUB0]
02-20 20:47:18.389  1920  1920 D RILJ    : [3674]> DATA_REGISTRATION_STATE [SUB0]
02-20 20:47:18.389  1373  1501 D RIL     : onRequest: OPERATOR
02-20 20:47:18.389  1373  1501 D AT      : AT> AT+COPS=3,0;+COPS?;+COPS=3,1;+COPS?;+COPS=3,2;+COPS?
02-20 20:47:18.389  1920  1920 D RILJ    : [3675]> VOICE_REGISTRATION_STATE [SUB0]
02-20 20:47:18.389  1920  1920 D RILJ    : [3676]> QUERY_NETWORK_SELECTION_MODE [SUB0]
02-20 20:47:18.390  1920  1920 D RILJ    : [3677]> GET_CURRENT_CALLS [SUB0]
02-20 20:47:18.390  1920  1920 D RILJ    : [3678]> RIL_REQUEST_IMS_REGISTRATION_STATE [SUB0]
02-20 20:47:18.390  1920  1920 D RILJ    : [3679]> RIL_REQUEST_CDMA_GET_SUBSCRIPTION_SOURCE [SUB0]
02-20 20:47:18.390  1920  1920 D GsmCdmaPhone: [GsmCdmaPhone] Event EVENT_RADIO_ON Received
02-20 20:47:18.390  1920  1920 D RILJ    : [3680]> RIL_REQUEST_VOICE_RADIO_TECH [SUB0]
02-20 20:47:18.390  1373  1503 D AT      : AT< +COPS: 0,0,"Android"
02-20 20:47:18.390  1373  1503 D AT      : AT< +COPS: 0,1,"Android"
02-20 20:47:18.390  1373  1503 D AT      : AT< +COPS: 0,2,"310260"
02-20 20:47:18.390  1373  1503 D AT      : AT< OK
02-20 20:47:18.390  1373  1501 D RIL     : onRequest: DATA_REGISTRATION_STATE
02-20 20:47:18.390  1373  1501 D RIL     : requestRegistrationState
02-20 20:47:18.390  1373  1501 D AT      : AT> AT+CGREG?
02-20 20:47:18.390  1920  2002 D RILJ    : [3673]< OPERATOR {Android, Android, 310260} [SUB0]
02-20 20:47:18.390  1920  1920 D UiccController: Received EVENT_ICC_STATUS_CHANGED, calling getIccCardStatus
02-20 20:47:18.390  1920  1920 D RILJ    : [3681]> GET_SIM_STATUS [SUB0]
02-20 20:47:18.390  1373  1503 D AT      : AT< +CGREG: 1,1,"0003","005b","000e"
02-20 20:47:18.390  1373  1503 D AT      : AT< OK
02-20 20:47:18.390  1373  1501 D RIL     : parseRegistrationState. Parsing: +CGREG: 1,1,"0003","005b","000e"
02-20 20:47:18.390  1373  1501 D RIL     : registration state type: 3GPP
02-20 20:47:18.390  1373  1501 D RIL     : onRequest: VOICE_REGISTRATION_STATE
02-20 20:47:18.390  1373  1501 D RIL     : requestRegistrationState
02-20 20:47:18.390  1373  1501 D AT      : AT> AT+CREG?
02-20 20:47:18.391  1920  1920 D SST     : EVENT_POLL_STATE_NETWORK_SELECTION_MODE
02-20 20:47:18.391  1920  1920 D SST     : EVENT_POLL_STATE_NETWORK_SELECTION_MODE
02-20 20:47:18.391  1920  2002 D RILJ    : [3674]< DATA_REGISTRATION_STATE {1, 3, 5b, 14, null, null} [SUB0]
02-20 20:47:18.391  1373  1503 D AT      : AT< +CREG: 2,1, "0003", "005b"
02-20 20:47:18.391  1373  1503 D AT      : AT< OK
02-20 20:47:18.391  1373  1501 D RIL     : parseRegistrationState. Parsing: +CREG: 2,1, "0003", "005b"
02-20 20:47:18.391  1373  1501 D RIL     : registration state type: 3GPP
02-20 20:47:18.391  1373  1501 D RIL     : onRequest: QUERY_NETWORK_SELECTION_MODE
02-20 20:47:18.391  1373  1501 D AT      : AT> AT+COPS?
02-20 20:47:18.391  1920  1920 D PhoneSwitcher: evaluating due to netRequest default 0->1 phone[0] 0->-2
02-20 20:47:18.391  1920  2002 D RILJ    : [3675]< VOICE_REGISTRATION_STATE {1, 3, 5b, 0, null, null, null, null, null, null, null, null, null, null, null} [SUB0]
02-20 20:47:18.391  1373  1503 D AT      : AT< +COPS: 0,2,310260
02-20 20:47:18.391  1373  1503 D AT      : AT< OK
02-20 20:47:18.391  1373  1501 D RIL     : onRequest: GET_CURRENT_CALLS
02-20 20:47:18.391  1373  1501 D AT      : AT> AT+CLCC
02-20 20:47:18.391  1920  2002 D RILJ    : [3676]< QUERY_NETWORK_SELECTION_MODE {0} [SUB0]
02-20 20:47:18.391  1373  1503 D AT      : AT< OK
02-20 20:47:18.392  1373  1501 D RIL     : onRequest: IMS_REGISTRATION_STATE
02-20 20:47:18.392  1373  1501 D RIL     : IMS_REGISTRATION=0, format=1 
02-20 20:47:18.392  1920  1920 D TelephonyNetworkFactory[0]: not acting - isApp=false, isAct=false NetworkRequest [ REQUEST id=1, [ Capabilities: INTERNET&NOT_RESTRICTED&TRUSTED&NOT_VPN] ]
02-20 20:47:18.392  1373  1501 D RIL     : onRequest: CDMA_GET_SUBSCRIPTION_SOURCE
02-20 20:47:18.392  1373  1501 D RIL     : Request not supported. Tech: 1
02-20 20:47:18.392  1373  1501 D RIL     : onRequest: VOICE_RADIO_TECH
02-20 20:47:18.392  1920  2002 D RILJ    : [3677]< GET_CURRENT_CALLS {} [SUB0]
02-20 20:47:18.392  1920  2002 D RILJ    : [3678]< RIL_REQUEST_IMS_REGISTRATION_STATE {0, 1} [SUB0]
02-20 20:47:18.392  1920  2002 D RilRequest: [3679]< RIL_REQUEST_CDMA_GET_SUBSCRIPTION_SOURCE error: com.android.internal.telephony.CommandException: REQUEST_NOT_SUPPORTED ret=
02-20 20:47:18.392  1920  2002 D RILJ    : [3680]< RIL_REQUEST_VOICE_RADIO_TECH {11} [SUB0]
02-20 20:47:18.392  1920  1920 D CAT     : CatService: handleMessage[8]
02-20 20:47:18.392  1920  1920 D CAT     : CatService: MSG_ID_ICC_CHANGED
02-20 20:47:18.392  1920  1920 D CAT     : CatService: New Card State = CARDSTATE_PRESENT Old Card State = CARDSTATE_ABSENT
02-20 20:47:18.393  1920  1920 D RILJ    : [3682]> RIL_REQUEST_REPORT_STK_SERVICE_IS_RUNNING [SUB0]
02-20 20:47:18.393  1920  1920 D GsmCdmaPhone: [GsmCdmaPhone] New Uicc application found. type = APPTYPE_SIM
02-20 20:47:18.393  1920  1920 D GsmSMSDispatcher: GsmSMSDispatcher: subId = -2 slotId = 0
02-20 20:47:18.393  1920  1920 D GsmSMSDispatcher: New Uicc application found
02-20 20:47:18.393  1920  1920 D IccCardProxy: Icc changed. Reregestering.
02-20 20:47:18.393  1920  1920 D SST     : New card found
02-20 20:47:18.393  1920  1920 D CAT     : CatService: handleMessage[8]
02-20 20:47:18.393  1920  1920 D CAT     : CatService: MSG_ID_ICC_CHANGED
02-20 20:47:18.393  1920  1920 D CAT     : CatService: New Card State = CARDSTATE_PRESENT Old Card State = CARDSTATE_PRESENT
02-20 20:47:18.393  1920  1920 E SST     : error parsing GprsRegistrationState: java.lang.NumberFormatException: null
02-20 20:47:18.393  1920  1920 D SST     : handlPollStateResultMessage: GsmSST setDataRegState=0 regState=1 dataRadioTechnology=14
02-20 20:47:18.393  1920  1920 D SST     : EVENT_POLL_STATE_NETWORK_SELECTION_MODE
02-20 20:47:18.398  1920  1920 D SST     : Poll ServiceState done:  oldSS=[1 1 voice home data home null null null null null null  Unknown Unknown CSS not supported 0 0 RoamInd=0 DefRoamInd=0 EmergOnly=false IsDataRoamingFromRegistration=false IsUsingCarrierAggregation=false] newSS=[0 0 voice home data home Android Android 310260 Android Android 310260  Unknown LTE CSS not supported -1 -1 RoamInd=-1 DefRoamInd=-1 EmergOnly=false IsDataRoamingFromRegistration=false IsUsingCarrierAggregation=false] oldMaxDataCalls=1 mNewMaxDataCalls=1 oldReasonDataDenied=-1 mNewReasonDataDenied=-1
02-20 20:47:18.398  1920  1920 I gsm_service_state_change: [1,1,0,0]
02-20 20:47:18.398  1920  1920 D TelephonyManager: setTelephonyProperty: success phoneId=0 property=gsm.network.type value: LTE propVal=LTE
02-20 20:47:18.398  1920  1920 D SST     : pollStateDone: registering current mNitzUpdatedTime=true changing to false
02-20 20:47:18.398  1920  1920 D SIMRecords: [SIMRecords] getServiceProviderName: no brandOverride, providerName=null
02-20 20:47:18.398  1920  1920 D SIMRecords: [SIMRecords] getServiceProviderName: no brandOverride, providerName=null
02-20 20:47:18.398  1920  1920 D SST     : updateSpnDisplay: changed sending intent rule=2 showPlmn='true' plmn='Android' showSpn='false' spn='null' dataSpn='null' subId='-2'
02-20 20:47:18.398  1920  1920 D SubscriptionController: [setPlmnSpn] No valid subscription to store info
02-20 20:47:18.399  1920  1920 D SubscriptionController: notifySubscriptionInfoChanged:
02-20 20:47:18.399  1674  1688 D TelephonyRegistry: notifySubscriptionInfoChanged: first invocation mRecords.size=16
02-20 20:47:18.399  1373  1501 D RIL     : onRequest: GET_SIM_STATUS
02-20 20:47:18.399  1373  1501 D RIL     : getSIMStatus(). sState: 10
02-20 20:47:18.399  1373  1501 D AT      : AT> AT+CPIN?
02-20 20:47:18.400  1674  1674 I GnssLocationProvider: WakeLock acquired by sendMessage(12, 0, null)
02-20 20:47:18.401  1373  1503 D AT      : AT< +CPIN: READY
02-20 20:47:18.401  1373  1503 D AT      : AT< OK
02-20 20:47:18.401  1373  1501 D RIL     : onRequest: REPORT_STK_SERVICE_IS_RUNNING
02-20 20:47:18.401  1373  1501 D RIL     : Request not supported. Tech: 1
02-20 20:47:18.401  1920  2052 D SubscriptionController: [getActiveSubInfoList] Sub Controller not ready
02-20 20:47:18.401  1920  2002 D RILJ    : [3681]< GET_SIM_STATUS IccCardState {CARDSTATE_PRESENT,PINSTATE_UNKNOWN,num_apps=2,gsm_id=0{APPTYPE_SIM,APPSTATE_READY},cdma_id=1{APPTYPE_RUIM,APPSTATE_READY},ims_id=8} [SUB0]
02-20 20:47:18.401  1920  2002 D RilRequest: [3682]< RIL_REQUEST_REPORT_STK_SERVICE_IS_RUNNING error: com.android.internal.telephony.CommandException: REQUEST_NOT_SUPPORTED ret=
02-20 20:47:18.402  1920  1920 D TelephonyManager: setTelephonyProperty: success phoneId=0 property=gsm.operator.alpha value: Android propVal=Android
02-20 20:47:17.534     0     0 D ieee80211 phy0: hw scan 2422 MHz
02-20 20:47:17.561     0     0 D ieee80211 phy0: hw scan 2427 MHz
02-20 20:47:18.402  1920  1920 D TelephonyManager: setTelephonyProperty: success phoneId=0 property=gsm.operator.numeric value: 310260 propVal=310260
02-20 20:47:18.403  1920  1920 D SST     : update mccmnc=310260 fromServiceState=true
02-20 20:47:18.405  1674  1975 I am_proc_bound: [0,2125,com.android.providers.calendar]
02-20 20:47:18.411  1674  1725 I netstats_mobile_sample: [0,0,0,0,0,0,0,0,0,0,0,0,-1]
02-20 20:47:18.411  1674  1725 I netstats_wifi_sample: [0,0,0,0,0,0,0,0,0,0,0,0,-1]
02-20 20:47:18.411  1920  1920 D MccTable: updateMccMncConfiguration mccmnc='310260' fromServiceState=true
02-20 20:47:18.412  1920  1920 D SubscriptionController: [getPhoneId]- no sims, returning default phoneId=2147483647
02-20 20:47:18.412  1920  1920 D MccTable: updateMccMncConfiguration defaultMccMnc=
02-20 20:47:18.412  1920  1920 D MccTable: updateMccMncConfiguration: mcc=310, mnc=260
02-20 20:47:18.412  1920  1920 D MccTable: WIFI_COUNTRY_CODE set to us
02-20 20:47:18.416  1674  1729 D WIFI    : Registering NetworkFactory
02-20 20:47:18.416  1674  1729 D WIFI_UT : Registering NetworkFactory
02-20 20:47:18.416  1674  1733 D ConnectivityService: Got NetworkFactory Messenger for WIFI
02-20 20:47:18.416  1674  1733 D ConnectivityService: Got NetworkFactory Messenger for WIFI_UT
02-20 20:47:18.416  1674  1729 D WIFI    : got request NetworkRequest [ REQUEST id=1, [ Capabilities: INTERNET&NOT_RESTRICTED&TRUSTED&NOT_VPN] ] with score 0
02-20 20:47:18.416  1674  1729 I WifiConnectivityManager: Set WiFiConnectivityManager enabled
02-20 20:47:18.440  1674  1975 I WifiService: WifiService trying to set country code to us with persist set to false
02-20 20:47:18.440  1674  1975 D WifiCountryCode: Succeeded to set country code to: US
02-20 20:47:18.440  1920  1920 D TelephonyManager: setTelephonyProperty: success phoneId=0 property=gsm.operator.iso-country value: us propVal=us
02-20 20:47:18.448  1920  1920 D SST     : pollStateDone: there are 6 unique offsets for iso-cc='us testOneUniqueOffsetPath=false', do nothing
02-20 20:47:18.448  1920  1920 D SST     : shouldFixTimeZoneNow: retVal=true iccCardExist=true operatorNumeric=310260 mcc=310 prevOperatorNumeric= prevMcc=311 needToFixTimeZone=false ltod=02-20 20:47:18.448
02-20 20:47:18.448  1920  1920 D SST     : fixTimeZone zoneName='GMT' mZoneOffset=0 mZoneDst=false iso-cc='us' iso-cc-idx=-21
02-20 20:47:18.448  1920  1920 D SST     : fixTimeZone: using default TimeZone
02-20 20:47:18.448  1920  1920 D SST     : fixTimeZone: zone != null zone.getID=GMT
02-20 20:47:18.448  1920  1920 D SST     : setAndBroadcastNetworkSetTimeZone: setTimeZone=GMT
02-20 20:47:18.448  1674  1788 D AlarmManagerService: Kernel timezone updated to 0 minutes west of GMT
02-20 20:47:18.448  1674  1674 I am_proc_start: [0,2143,10067,com.google.android.deskclock,broadcast,com.google.android.deskclock/com.android.deskclock.AlarmInitReceiver]
02-20 20:47:18.448  1674  1674 I ActivityManager: Start proc 2143:com.google.android.deskclock/u0a67 for broadcast com.google.android.deskclock/com.android.deskclock.AlarmInitReceiver
02-20 20:47:18.448  1674  1729 D WIFI_UT : got request NetworkRequest [ REQUEST id=1, [ Capabilities: INTERNET&NOT_RESTRICTED&TRUSTED&NOT_VPN] ] with score 0
02-20 20:47:18.452  1920  1920 D SST     : setAndBroadcastNetworkSetTimeZone: call alarm.setTimeZone and broadcast zoneId=GMT
02-20 20:47:18.452  1920  1920 D TelephonyManager: setTelephonyProperty: success phoneId=0 property=gsm.operator.isroaming value: false propVal=false
02-20 20:47:18.453  1920  1920 D SST     : Broadcasting ServiceState : 0 0 voice home data home Android Android 310260 Android Android 310260  Unknown LTE CSS not supported -1 -1 RoamInd=-1 DefRoamInd=-1 EmergOnly=false IsDataRoamingFromRegistration=false IsUsingCarrierAggregation=false
02-20 20:47:18.453  1920  1920 D DefaultPhoneNotifier: nofityServiceState: mRegistry=com.android.internal.telephony.ITelephonyRegistry$Stub$Proxy@65cf92a ss=0 0 voice home data home Android Android 310260 Android Android 310260  Unknown LTE CSS not supported -1 -1 RoamInd=-1 DefRoamInd=-1 EmergOnly=false IsDataRoamingFromRegistration=false IsUsingCarrierAggregation=false sender=Handler (com.android.internal.telephony.GsmCdmaPhone) {588237d} phondId=0 subId=-2
02-20 20:47:18.454  1920  1920 D SubscriptionController: [getSlotId]- subId invalid
02-20 20:47:18.455  2081  2081 W System  : ClassLoader referenced unknown path: /system/app/UserDictionaryProvider/lib/x86_64
02-20 20:47:18.455  2081  2081 D ApplicationLoaders: ignored Vulkan layer search path /system/app/UserDictionaryProvider/lib/x86_64:/system/lib64:/vendor/lib64 for namespace 0x76a14e974160
02-20 20:47:18.456  1674  1789 D TelephonyManager: getSimState: default sim:-1, sim state for slotIdx=0 is 6, return state as unknown
02-20 20:47:18.457  1920  1920 D SST     : notifyDataRegStateRilRadioTechnologyChanged: drs=0 rat=14
02-20 20:47:18.457  1920  1920 D TelephonyManager: setTelephonyProperty: success phoneId=0 property=gsm.network.type value: LTE propVal=LTE
02-20 20:47:18.457  1920  1920 D DCT     : [0]get all active apn types
02-20 20:47:18.457  1920  1920 D SST     : getCellLocation(): X good mCellLoc=[3,91,-1]
02-20 20:47:18.457  1674  1788 D TelephonyRegistry: notifyCellLocationForSubscriber: subId=-2 cellLocation=Bundle[mParcelledData.dataSize=64]
02-20 20:47:18.457  1920  1920 D GsmCdmaCallTracker: Event EVENT_POLL_CALLS_RESULT Received
02-20 20:47:18.457  1920  1920 D GsmCdmaCallTracker: [GsmCdmaCallTracker] update phone state, old=IDLE new=IDLE
02-20 20:47:18.457  1920  1920 D RIL_ImsSms: IMS is NOT registered!
02-20 20:47:18.457  1920  1920 D CdmaSSM : CDMA_SUBSCRIPTION_SOURCE event = 2
02-20 20:47:18.457  1920  1920 W CdmaSSM : Unable to get CDMA Subscription Source, Exception: com.android.internal.telephony.CommandException: REQUEST_NOT_SUPPORTED, result: null
02-20 20:47:18.457  1920  1920 D GsmCdmaPhone: [GsmCdmaPhone] EVENT_REQUEST_VOICE_RADIO_TECH_DONE: newVoiceTech=11
02-20 20:47:18.458  1920  1920 D GsmCdmaPhone: [GsmCdmaPhone] phoneObjectUpdater: newVoiceRadioTech=11
02-20 20:47:18.458  1920  1920 D GsmCdmaPhone: [GsmCdmaPhone] phoneObjectUpdater: No change ignore, newVoiceRadioTech=11 mActivePhone=GSM
02-20 20:47:18.458  2143  2143 W art     : Unexpected CPU variant for X86 using defaults: x86_64
02-20 20:47:18.460  1920  1920 D RILJ    : [3683]> RIL_REQUEST_SIM_TRANSMIT_APDU_CHANNEL [SUB0]
02-20 20:47:18.460  1373  1501 D RIL     : onRequest: SIM_TRANSMIT_APDU_CHANNEL
02-20 20:47:18.460  1373  1501 D AT      : AT> AT+CGLA=1,10,80caff4000
02-20 20:47:18.460  1920  1920 D GsmCdmaPhone: [GsmCdmaPhone] Event EVENT_REGISTERED_TO_NETWORK Received
02-20 20:47:18.461  1920  1920 D SST     : SubscriptionListener.onSubscriptionInfoChanged
02-20 20:47:18.461  1920  1920 E Phone   : getStoredVoiceMessageCount: invalid subId -2
02-20 20:47:18.461  1920  1920 D GsmCdmaPhone: [GsmCdmaPhone] updateVoiceMail countVoiceMessages = 0 subId -2
02-20 20:47:18.461  1920  1920 E Phone   : setVoiceMessageCount in sharedPreference: invalid subId -2
02-20 20:47:18.461  1373  1503 D AT      : AT< +CGLA: 144,0,FF403eE23cE12eC11461ed377e85d386a8dfee6b864bd85b0bfaa5af81CA16616e64726f69642e636172726965726170692e637473E30aDB080000000000000000
02-20 20:47:18.461  1373  1503 D AT      : AT< OK
02-20 20:47:18.461  1920  2002 D RILJ    : [3683]< RIL_REQUEST_SIM_TRANSMIT_APDU_CHANNEL  [SUB0]
02-20 20:47:18.469  1920  1920 D DCT     : [0]SubscriptionListener.onSubscriptionInfoChanged
02-20 20:47:18.470  1920  1920 D SubscriptionController: [getActiveSubInfoList] Sub Controller not ready
02-20 20:47:18.470  1920  1920 D SubscriptionController: [getActiveSubInfoList] Sub Controller not ready
02-20 20:47:18.471  1920  1920 E PhoneInterfaceManager: [PhoneIntfMgr] getIccId: No UICC
02-20 20:47:18.472  2125  2125 W System  : ClassLoader referenced unknown path: /system/priv-app/CalendarProvider/lib/x86_64
02-20 20:47:18.479  1760  1760 W System  : ClassLoader referenced unknown path: 
02-20 20:47:18.479  1760  1760 W System  : ClassLoader referenced unknown path: /system/priv-app/Dialer/lib/x86_64
02-20 20:47:18.480  1760  1760 D ApplicationLoaders: ignored Vulkan layer search path /system/priv-app/Dialer/lib/x86_64:/system/lib64:/vendor/lib64 for namespace 0x76a14ea350f0
02-20 20:47:18.482  1362  1795 I art     : Starting a blocking GC HeapTrim
02-20 20:47:18.483  1674  1975 I Telecom : PhoneAccountRegistrar: New phone account registered: [[ ] PhoneAccount: ComponentInfo{com.android.phone/com.android.services.telephony.TelephonyConnectionService}, [e0184adedf913b076626646d3f52c3b49c39ad6d], UserHandle{0} Capabilities: CallProvider MultiUser PlaceEmerg SimSub  Schemes: tel voicemail  Extras: null GroupId: [da39a3ee5e6b4b0d3255bfef95601890afd80709]]: TSI.rPA@AAM
02-20 20:47:18.485  1674  1690 I am_proc_start: [0,2150,10029,com.google.android.googlequicksearchbox:interactor,service,com.google.android.googlequicksearchbox/com.google.android.voiceinteraction.GsaVoiceInteractionService]
02-20 20:47:18.485  1674  1690 I ActivityManager: Start proc 2150:com.google.android.googlequicksearchbox:interactor/u0a29 for service com.google.android.googlequicksearchbox/com.google.android.voiceinteraction.GsaVoiceInteractionService
02-20 20:47:18.486  1674  1690 I ActivityManager: Loading recents for user 0 into memory.
02-20 20:47:18.486  1674  1975 I Telecom : : Sending phone-account registered intent as user: TSI.rPA@AAM
02-20 20:47:18.411  1674  2097 V KeyValueBackupJob: Scheduling k/v pass in 244 minutes
02-20 20:47:18.512  2150  2150 W art     : Unexpected CPU variant for X86 using defaults: x86
02-20 20:47:18.547  1674  1690 D ActivityManager: Sending BOOT_COMPLETE user #0
02-20 20:47:18.547  1674  1690 I sysui_histogram: [framework_boot_completed,11]
02-20 20:47:18.550  1674  1687 I am_proc_bound: [0,2150,com.google.android.googlequicksearchbox:interactor]
02-20 20:47:18.557  1674  1963 I am_proc_bound: [0,2143,com.google.android.deskclock]
02-20 20:47:18.560  1674  2097 I dvm_lock_sample: [system_server,0,backup,45,ActivityManagerService.java,7896,-,2027,9]
02-20 20:47:18.564  1920  1920 I Telephony: AccountEntry: Registered phoneAccount: [[ ] PhoneAccount: ComponentInfo{com.android.phone/com.android.services.telephony.TelephonyConnectionService}, [e0184adedf913b076626646d3f52c3b49c39ad6d], UserHandle{0} Capabilities: CallProvider MultiUser PlaceEmerg SimSub  Schemes: tel voicemail  Extras: null GroupId: [da39a3ee5e6b4b0d3255bfef95601890afd80709]] with handle: ComponentInfo{com.android.phone/com.android.services.telephony.TelephonyConnectionService}, [e0184adedf913b076626646d3f52c3b49c39ad6d], UserHandle{0}
02-20 20:47:18.574  1920  1920 I Telephony: PstnIncomingCallNotifier: Registering: Handler (com.android.internal.telephony.GsmCdmaPhone) {588237d}
02-20 20:47:18.576  1938  1938 D FallbackHome: User unlocked and real home found; let's go!
02-20 20:47:18.577  1920  1920 I Telephony: TelecomAccountRegistry: Unregistering phone account ComponentInfo{com.android.phone/com.android.services.telephony.TelephonyConnectionService}, [e2f7d48dd2b5ca523e7313cf4ba0f6ea830b6281], UserHandle{0}.
02-20 20:47:18.577  1674  1789 I am_finish_activity: [0,228865423,1,com.android.settings/.FallbackHome,app-request]
02-20 20:47:18.581  1674  1789 I am_pause_activity: [0,228865423,com.android.settings/.FallbackHome]
02-20 20:47:18.582  1938  1938 I am_on_paused_called: [0,com.android.settings.FallbackHome,handlePauseActivity]
02-20 20:47:17.591     0     0 D ieee80211 phy0: hw scan 2432 MHz
02-20 20:47:17.622     0     0 D ieee80211 phy0: hw scan 2437 MHz
02-20 20:47:18.603  1674  1688 I ActivityManager: START u0 {act=android.intent.action.MAIN cat=[android.intent.category.HOME] flg=0x10000100 cmp=com.google.android.apps.nexuslauncher/.NexusLauncherActivity} from uid 0 on display 0
02-20 20:47:18.603  1674  1687 I Telecom : : Sending phone-account unregistered intent as user: TSI.uPA@AAU
02-20 20:47:18.606  1674  1688 I am_create_task: [0,203]
02-20 20:47:18.606  1674  1688 I am_create_activity: [0,247387610,203,com.google.android.apps.nexuslauncher/.NexusLauncherActivity,android.intent.action.MAIN,NULL,NULL,268435712]
02-20 20:47:18.606  1674  1688 I wm_task_created: [203,0]
02-20 20:47:17.650     0     0 D ieee80211 phy0: hw scan 2442 MHz
02-20 20:47:18.610  1674  1688 I wm_task_moved: [203,1,1]
02-20 20:47:18.610  1674  1688 I wm_task_moved: [203,1,1]
02-20 20:47:18.611  1674  1688 I am_focused_activity: [0,com.google.android.apps.nexuslauncher/.NexusLauncherActivity,startedActivity]
02-20 20:47:18.627  1674  1674 I AccountManagerService: User 0 is unlocked - opening CE database
02-20 20:47:18.640  1674  1688 I am_proc_start: [0,2184,10021,com.google.android.apps.nexuslauncher,activity,com.google.android.apps.nexuslauncher/.NexusLauncherActivity]
02-20 20:47:18.640  1674  1688 I ActivityManager: Start proc 2184:com.google.android.apps.nexuslauncher/u0a21 for activity com.google.android.apps.nexuslauncher/.NexusLauncherActivity
02-20 20:47:18.641  1674  1690 I sysui_count: [window_time_0,5]
02-20 20:47:18.643  2184  2184 W art     : Unexpected CPU variant for X86 using defaults: x86_64
02-20 20:47:18.643  1920  1920 D UiccController: Received EVENT_GET_ICC_STATUS_DONE
02-20 20:47:18.643  1920  1920 D UiccCard: 2 applications
02-20 20:47:18.643  1920  1920 D UiccCardApplication: APPTYPE_SIM update. New {APPTYPE_SIM,APPSTATE_READY}
02-20 20:47:18.643  1920  1920 D UiccCardApplication: APPTYPE_SIM changed state: APPSTATE_DETECTED -> APPSTATE_READY
02-20 20:47:18.643  1920  1920 D RILJ    : [3684]> QUERY_FACILITY_LOCK [FD 7 null] [SUB0]
02-20 20:47:18.643  1920  1920 D RILJ    : [3685]> QUERY_FACILITY_LOCK [SC 7 null] [SUB0]
02-20 20:47:18.643  1373  1501 D RIL     : onRequest: QUERY_FACILITY_LOCK
02-20 20:47:18.643  1373  1501 D RIL     : Request not supported. Tech: 1
02-20 20:47:18.643  1920  2002 D RilRequest: [3684]< QUERY_FACILITY_LOCK error: com.android.internal.telephony.CommandException: REQUEST_NOT_SUPPORTED ret=
02-20 20:47:18.644  1920  1920 D UiccCardApplication: Notifying registrants: READY
02-20 20:47:18.644  1920  1920 D UiccCardApplication: APPTYPE_RUIM update. New {APPTYPE_RUIM,APPSTATE_READY}
02-20 20:47:18.644  1920  1920 D UiccCardApplication: APPTYPE_RUIM changed state: APPSTATE_DETECTED -> APPSTATE_READY
02-20 20:47:18.644  1920  1920 D RILJ    : [3686]> QUERY_FACILITY_LOCK [FD 7 null] [SUB0]
02-20 20:47:18.644  1373  1501 D RIL     : onRequest: QUERY_FACILITY_LOCK
02-20 20:47:18.644  1373  1501 D RIL     : Request not supported. Tech: 1
02-20 20:47:18.646  2125  2125 I CalendarProvider2: Created com.android.providers.calendar.CalendarAlarmManager@91a0b26(com.android.providers.calendar.CalendarProvider2@4e08367)
02-20 20:47:18.647  1938  1990 D EGL_emulation: eglMakeCurrent: 0x76a13ff79980: ver 3 0 (tinfo 0x76a14a2f6bc0)
02-20 20:47:18.648  1920  1920 D RILJ    : [3687]> QUERY_FACILITY_LOCK [SC 7 null] [SUB0]
02-20 20:47:18.648  1373  1501 D RIL     : onRequest: QUERY_FACILITY_LOCK
02-20 20:47:18.648  1373  1501 D RIL     : Request not supported. Tech: 1
02-20 20:47:18.648  1920  1920 D UiccCardApplication: Notifying registrants: READY
02-20 20:47:18.648  1920  1920 D UiccCard: Before privilege rules: Handler (com.android.internal.telephony.uicc.UiccCarrierPrivilegeRules) {5297df6} : CARDSTATE_PRESENT
02-20 20:47:18.648  1920  1920 E UiccCard: App index 8 is invalid since there are no applications
02-20 20:47:18.648  1920  1920 D UiccCard: update: radioState=RADIO_ON mLastRadioState=RADIO_ON
02-20 20:47:18.648  1920  1920 D UiccController: Notifying IccChangedRegistrants
02-20 20:47:18.648  1920  1920 D DCT     : [0]onDataConnectionAttached
02-20 20:47:18.648  1920  2002 D RilRequest: [3685]< QUERY_FACILITY_LOCK error: com.android.internal.telephony.CommandException: REQUEST_NOT_SUPPORTED ret=
02-20 20:47:18.648  1920  2002 D RilRequest: [3686]< QUERY_FACILITY_LOCK error: com.android.internal.telephony.CommandException: REQUEST_NOT_SUPPORTED ret=
02-20 20:47:18.649  1373  1501 D RIL     : onRequest: QUERY_FACILITY_LOCK
02-20 20:47:18.649  1373  1501 D RIL     : Request not supported. Tech: 1
02-20 20:47:18.649  1920  2002 D RilRequest: [3687]< QUERY_FACILITY_LOCK error: com.android.internal.telephony.CommandException: REQUEST_NOT_SUPPORTED ret=
02-20 20:47:18.649  1920  1920 D DCT     : [0]isDataAllowed: No - SIM not loaded
02-20 20:47:18.651  1313  1380 D         : HostConnection::get() New Host Connection established 0x7625662e3240, tid 1380
02-20 20:47:17.690     0     0 D ieee80211 phy0: hw scan 2447 MHz
02-20 20:47:17.732     0     0 D ieee80211 phy0: hw scan 2452 MHz
02-20 20:47:17.751     0     0 D ieee80211 phy0: hw scan 2457 MHz
02-20 20:47:17.780     0     0 D ieee80211 phy0: hw scan 2462 MHz
02-20 20:47:17.811     0     0 D ieee80211 phy0: hw scan 2467 MHz
02-20 20:47:18.666  1920  1920 D DCT     : [0]setupDataOnConnectableApns: dataAttached hipri:[state=IDLE,enabled=false] mms:[state=IDLE,enabled=false] supl:[state=IDLE,enabled=false] ia:[state=IDLE,enabled=false] fota:[state=IDLE,enabled=false] ims:[state=IDLE,enabled=false] cbs:[state=IDLE,enabled=false] default:[state=IDLE,enabled=false] emergency:[state=IDLE,enabled=false] 
02-20 20:47:18.666  1920  1920 D DCT     : [0]setupDataOnConnectableApns: nwTypeChanged hipri:[state=IDLE,enabled=false] mms:[state=IDLE,enabled=false] supl:[state=IDLE,enabled=false] ia:[state=IDLE,enabled=false] fota:[state=IDLE,enabled=false] ims:[state=IDLE,enabled=false] cbs:[state=IDLE,enabled=false] default:[state=IDLE,enabled=false] emergency:[state=IDLE,enabled=false] 
02-20 20:47:18.666  1920  1920 D DCT     : [0]NETWORK_STATE_CHANGED_ACTION: mIsWifiConnected=false
02-20 20:47:18.666  1920  1920 D WAP PUSH: Received broadcast android.intent.action.USER_UNLOCKED
02-20 20:47:18.666  1920  1920 D WAP PUSH: Received broadcast android.intent.action.USER_UNLOCKED
02-20 20:47:18.666  1920  1920 D SmsBroadcastUndelivered: Received broadcast android.intent.action.USER_UNLOCKED
02-20 20:47:18.666  1920  1920 D SubscriptionInfoUpdater: [Receiver]+
02-20 20:47:18.666  1920  1920 D SubscriptionInfoUpdater: Action: android.intent.action.USER_UNLOCKED
02-20 20:47:18.666  1920  1920 D SubscriptionInfoUpdater: Broadcasting intent ACTION_SIM_STATE_CHANGED for mCardIndex: 0
02-20 20:47:18.689  1920  1920 D SubscriptionInfoUpdater: [Receiver]-
02-20 20:47:18.689  1920  1920 D CarrierSvcBindHelper: Received android.intent.action.USER_UNLOCKED
02-20 20:47:18.689  1674  1687 I am_proc_bound: [0,2184,com.google.android.apps.nexuslauncher]
02-20 20:47:18.691  1920  1920 D CarrierSvcBindHelper: No carrier app for: 0
02-20 20:47:18.692  1920  1920 E PhoneInterfaceManager: [PhoneIntfMgr] getIccId: No UICC
02-20 20:47:18.693  2098  2098 I LoadedApk: No resource references to update in package FFFFFFFFFFFFFFFFFFFFFF
02-20 20:47:18.693  1674  1687 I am_restart_activity: [0,247387610,203,com.google.android.apps.nexuslauncher/.NexusLauncherActivity]
02-20 20:47:18.697  1674  1963 I Telecom : PhoneAccountRegistrar: [ComponentInfo{com.android.phone/com.android.services.telephony.TelephonyConnectionService}, [e0184adedf913b076626646d3f52c3b49c39ad6d], UserHandle{0}(icon: Icon(typ=BITMAP size=76x96) -> Icon(typ=BITMAP size=76x96))]: TSI.rPA@AAc
02-20 20:47:18.698  1674  1963 I Telecom : : Sending phone-account registered intent as user: TSI.rPA@AAc
02-20 20:47:18.702  1920  2200 D SmsBroadcastUndelivered: scanning raw table for undelivered messages
02-20 20:47:18.704  1920  1920 D UiccCardApplication: Error in querying facility lock:com.android.internal.telephony.CommandException: REQUEST_NOT_SUPPORTED
02-20 20:47:18.704  1920  1920 D SIMRecords: [SIMRecords] fetchSimRecords 0
02-20 20:47:18.704  1920  1920 D RILJ    : [3688]> getIMSI: GET_IMSI aid: null [SUB0]
02-20 20:47:18.705  1373  1501 D RIL     : onRequest: GET_IMSI
02-20 20:47:18.705  1373  1501 D AT      : AT> AT+CIMI
02-20 20:47:18.705  1920  1920 D RILJ    : [3689]> iccIO: SIM_IO 0xc0 0x2fe2  path: 3F00,0,0,15 aid: null [SUB0]
02-20 20:47:18.705  1920  1920 D RILJ    : [3690]> iccIO: SIM_IO 0xc0 0x6f40  path: 3F007F10,0,0,15 aid: null [SUB0]
02-20 20:47:18.705  1920  1920 D RILJ    : [3691]> iccIO: SIM_IO 0xc0 0x6fc9  path: 3F007F20,0,0,15 aid: null [SUB0]
02-20 20:47:18.705  1920  1920 D RILJ    : [3692]> iccIO: SIM_IO 0xc0 0x6fad  path: 3F007F20,0,0,15 aid: null [SUB0]
02-20 20:47:18.709  1920  1920 D RILJ    : [3693]> iccIO: SIM_IO 0xc0 0x6fca  path: 3F007F20,0,0,15 aid: null [SUB0]
02-20 20:47:18.709  1373  1503 D AT      : AT< 310260000000000
02-20 20:47:18.709  1373  1503 D AT      : AT< OK
02-20 20:47:18.709  1373  1501 D RIL     : onRequest: SIM_IO
02-20 20:47:18.709  1373  1501 D AT      : AT> AT+CRSM=192,12258,0,0,15
02-20 20:47:18.709  1920  2002 D RILJ    : [3688]< GET_IMSI  [SUB0]
02-20 20:47:18.710  1373  1503 D AT      : AT< +CRSM: 144,0,0000000a2fe204000fa0aa01020000
02-20 20:47:18.710  1373  1503 D AT      : AT< OK
02-20 20:47:18.710  1373  1501 D RIL     : onRequest: SIM_IO
02-20 20:47:18.710  1373  1501 D AT      : AT> AT+CRSM=192,28480,0,0,15
02-20 20:47:18.710  1373  1503 D AT      : AT< +CRSM: 144,0,000000806f40040011a0aa01020120
02-20 20:47:18.710  1373  1503 D AT      : AT< OK
02-20 20:47:18.710  1373  1501 D RIL     : onRequest: SIM_IO
02-20 20:47:18.710  1373  1501 D AT      : AT> AT+CRSM=192,28617,0,0,15
02-20 20:47:18.711  1920  2002 D RILJ    : [3689]< SIM_IO IccIoResponse sw1:0x90 sw2:0x0 [SUB0]
02-20 20:47:18.711  1373  1503 D AT      : AT< +CRSM: 144,0,000000086fc9040011a0aa01020104
02-20 20:47:18.711  1373  1503 D AT      : AT< OK
02-20 20:47:18.711  1920  2002 D RILJ    : [3690]< SIM_IO IccIoResponse sw1:0x90 sw2:0x0 [SUB0]
02-20 20:47:18.711  1373  1501 D RIL     : onRequest: SIM_IO
02-20 20:47:18.711  1373  1501 D AT      : AT> AT+CRSM=192,28589,0,0,15
02-20 20:47:18.711  1373  1503 D AT      : AT< +CRSM: 144,0,000000046fad04000aa0aa01020000
02-20 20:47:18.711  1373  1503 D AT      : AT< OK
02-20 20:47:18.711  1920  2002 D RILJ    : [3691]< SIM_IO IccIoResponse sw1:0x90 sw2:0x0 [SUB0]
02-20 20:47:18.711  1920  2002 D RILJ    : [3692]< SIM_IO IccIoResponse sw1:0x90 sw2:0x0 [SUB0]
02-20 20:47:18.711  1373  1501 D RIL     : onRequest: SIM_IO
02-20 20:47:18.711  1373  1501 D AT      : AT> AT+CRSM=192,28618,0,0,15
02-20 20:47:18.711  1373  1503 D AT      : AT< +CRSM: 144,0,0000000a6fca040011a0aa01020105
02-20 20:47:18.711  1373  1503 D AT      : AT< OK
02-20 20:47:18.711  1920  2002 D RILJ    : [3693]< SIM_IO IccIoResponse sw1:0x90 sw2:0x0 [SUB0]
02-20 20:47:18.712  1920  1920 D RILJ    : [3694]> iccIO: SIM_IO 0xc0 0x6f11  path: 3F007F20,0,0,15 aid: null [SUB0]
02-20 20:47:18.712  1373  1501 D RIL     : onRequest: SIM_IO
02-20 20:47:18.712  1373  1501 D AT      : AT> AT+CRSM=192,28433,0,0,15
02-20 20:47:18.712  1373  1503 D AT      : AT< +CRSM: 144,0,000000016f11040011a0aa01020000
02-20 20:47:18.712  1373  1503 D AT      : AT< OK
02-20 20:47:18.712  1920  1920 D RILJ    : [3695]> iccIO: SIM_IO 0xc0 0x6fcb  path: 3F007F20,0,0,15 aid: null [SUB0]
02-20 20:47:18.713  1920  2002 D RILJ    : [3694]< SIM_IO IccIoResponse sw1:0x90 sw2:0x0 [SUB0]
02-20 20:47:18.714  1373  1501 D RIL     : onRequest: SIM_IO
02-20 20:47:18.714  1373  1501 D AT      : AT> AT+CRSM=192,28619,0,0,15
02-20 20:47:18.714  1920  1920 D RILJ    : [3696]> iccIO: SIM_IO 0xc0 0x6f13  path: 3F007F20,0,0,15 aid: null [SUB0]
02-20 20:47:18.714  1373  1503 D AT      : AT< ERROR: BAD COMMAND
02-20 20:47:18.715  1920  2002 D RilRequest: [3695]< SIM_IO error: com.android.internal.telephony.CommandException: GENERIC_FAILURE ret=
02-20 20:47:18.715  1373  1501 D RIL     : onRequest: SIM_IO
02-20 20:47:18.715  1373  1501 D AT      : AT> AT+CRSM=192,28435,0,0,15
02-20 20:47:18.715  1373  1503 D AT      : AT< +CRSM: 144,0,000000016f13040011a0aa01020000
02-20 20:47:18.715  1373  1503 D AT      : AT< OK
02-20 20:47:18.715  1920  2002 D RILJ    : [3696]< SIM_IO IccIoResponse sw1:0x90 sw2:0x0 [SUB0]
02-20 20:47:18.716  1920  1920 D RILJ    : [3697]> iccIO: SIM_IO 0xc0 0x6f46  path: 3F007F20,0,0,15 aid: null [SUB0]
02-20 20:47:18.718  1373  1501 D RIL     : onRequest: SIM_IO
02-20 20:47:18.718  1373  1501 D AT      : AT> AT+CRSM=192,28486,0,0,15
02-20 20:47:18.719  1920  1920 D RILJ    : [3698]> iccIO: SIM_IO 0xc0 0x6fcd  path: 3F007F20,0,0,15 aid: null [SUB0]
02-20 20:47:18.722  1373  1503 D AT      : AT< +CRSM: 148,4
02-20 20:47:18.722  1373  1503 D AT      : AT< OK
02-20 20:47:18.722  1920  2002 D RILJ    : [3697]< SIM_IO IccIoResponse sw1:0x94 sw2:0x4 [SUB0]
02-20 20:47:18.726  2184  2184 W System  : ClassLoader referenced unknown path: /system/priv-app/NexusLauncherPrebuilt/lib/x86_64
02-20 20:47:18.727  2143  2143 W System  : ClassLoader referenced unknown path: /system/app/PrebuiltDeskClockGoogle/lib/x86_64
02-20 20:47:18.733  1373  1501 D RIL     : onRequest: SIM_IO
02-20 20:47:18.733  1373  1501 D AT      : AT> AT+CRSM=192,28621,0,0,15
02-20 20:47:18.735  1373  1503 D AT      : AT< +CRSM: 148,4
02-20 20:47:18.735  1373  1503 D AT      : AT< OK
02-20 20:47:18.735  1920  2002 D RILJ    : [3698]< SIM_IO IccIoResponse sw1:0x94 sw2:0x4 [SUB0]
02-20 20:47:18.735  1920  1920 D RILJ    : [3699]> iccIO: SIM_IO 0xc0 0x6fc5  path: 3F007F20,0,0,15 aid: null [SUB0]
02-20 20:47:18.736  1373  1501 D RIL     : onRequest: SIM_IO
02-20 20:47:18.736  1373  1501 D AT      : AT> AT+CRSM=192,28613,0,0,15
02-20 20:47:18.736  1373  1503 D AT      : AT< +CRSM: 144,0,000000f06fc504000aa0aa01020118
02-20 20:47:18.736  1373  1503 D AT      : AT< OK
02-20 20:47:18.736  1920  2002 D RILJ    : [3699]< SIM_IO IccIoResponse sw1:0x90 sw2:0x0 [SUB0]
02-20 20:47:18.736  1920  1920 D RILJ    : [3700]> iccIO: SIM_IO 0xc0 0x6f38  path: 3F007F20,0,0,15 aid: null [SUB0]
02-20 20:47:18.736  1373  1501 D RIL     : onRequest: SIM_IO
02-20 20:47:18.736  1373  1501 D AT      : AT> AT+CRSM=192,28472,0,0,15
02-20 20:47:18.737  1373  1503 D AT      : AT< +CRSM: 144,0,0000000f6f3804001aa0aa01020000
02-20 20:47:18.737  1373  1503 D AT      : AT< OK
02-20 20:47:18.737  1920  2002 D RILJ    : [3700]< SIM_IO IccIoResponse sw1:0x90 sw2:0x0 [SUB0]
02-20 20:47:18.737  1920  1920 D RILJ    : [3701]> iccIO: SIM_IO 0xc0 0x6f16  path: 3F007F20,0,0,15 aid: null [SUB0]
02-20 20:47:18.737  1373  1501 D RIL     : onRequest: SIM_IO
02-20 20:47:18.737  1373  1501 D AT      : AT> AT+CRSM=192,28438,0,0,15
02-20 20:47:18.737  1373  1503 D AT      : AT< +CRSM: 144,0,000000026f1604001aa0aa01020000
02-20 20:47:18.737  1373  1503 D AT      : AT< OK
02-20 20:47:18.737  1920  2002 D RILJ    : [3701]< SIM_IO IccIoResponse sw1:0x90 sw2:0x0 [SUB0]
02-20 20:47:18.738  1920  1920 D RILJ    : [3702]> iccIO: SIM_IO 0xc0 0x6f15  path: 3F007F20,0,0,15 aid: null [SUB0]
02-20 20:47:18.739  1920  2198 E WAP PUSH: bindService() for wappush manager failed
02-20 20:47:18.740  1920  2199 E WAP PUSH: bindService() for wappush manager failed
02-20 20:47:18.740  1920  1920 D RILJ    : [3703]> iccIO: SIM_IO 0xc0 0x6f3e  path: 3F007F20,0,0,15 aid: null [SUB0]
02-20 20:47:18.740  1373  1501 D RIL     : onRequest: SIM_IO
02-20 20:47:18.740  1373  1501 D AT      : AT> AT+CRSM=192,28437,0,0,15
02-20 20:47:18.740  1373  1503 D AT      : AT< ERROR: BAD COMMAND
02-20 20:47:18.740  1920  2002 D RilRequest: [3702]< SIM_IO error: com.android.internal.telephony.CommandException: GENERIC_FAILURE ret=
02-20 20:47:18.740  1920  1920 D RILJ    : [3704]> iccIO: SIM_IO 0xc0 0x6f3f  path: 3F007F20,0,0,15 aid: null [SUB0]
02-20 20:47:18.740  1373  1501 D RIL     : onRequest: SIM_IO
02-20 20:47:18.740  1373  1501 D AT      : AT> AT+CRSM=192,28478,0,0,15
02-20 20:47:18.740  1373  1503 D AT      : AT< ERROR: BAD COMMAND
02-20 20:47:18.740  1920  1920 D SIMRecords: [SIMRecords] fetchSimRecords 17 requested: true
02-20 20:47:18.740  1920  1920 E IccCardProxy: setExternalState: set mPhoneId=0 mExternalState=READY
02-20 20:47:18.740  1920  1920 D TelephonyManager: setTelephonyProperty: success phoneId=0 property=gsm.sim.state value: READY propVal=READY
02-20 20:47:18.742  1920  1920 D IccCardProxy: broadcastIccStateChangedIntent intent ACTION_SIM_STATE_CHANGED value=READY reason=null for mPhoneId=0
02-20 20:47:18.743  1373  1501 D RIL     : onRequest: SIM_IO
02-20 20:47:18.743  1373  1501 D AT      : AT> AT+CRSM=192,28479,0,0,15
02-20 20:47:18.744  1920  1920 D RILJ    : [3705]> OPERATOR [SUB0]
02-20 20:47:18.744  1373  1503 D AT      : AT< ERROR: BAD COMMAND
02-20 20:47:18.744  1920  1920 D RILJ    : [3706]> DATA_REGISTRATION_STATE [SUB0]
02-20 20:47:18.744  1920  2002 D RilRequest: [3703]< SIM_IO error: com.android.internal.telephony.CommandException: GENERIC_FAILURE ret=
02-20 20:47:18.745  1373  1501 D RIL     : onRequest: OPERATOR
02-20 20:47:18.745  1373  1501 D AT      : AT> AT+COPS=3,0;+COPS?;+COPS=3,1;+COPS?;+COPS=3,2;+COPS?
02-20 20:47:18.745  1373  1503 D AT      : AT< +COPS: 0,0,"Android"
02-20 20:47:18.745  1373  1503 D AT      : AT< +COPS: 0,1,"Android"
02-20 20:47:18.745  1373  1503 D AT      : AT< +COPS: 0,2,"310260"
02-20 20:47:18.745  1373  1503 D AT      : AT< OK
02-20 20:47:18.745  1920  1920 D RILJ    : [3707]> VOICE_REGISTRATION_STATE [SUB0]
02-20 20:47:18.746  1920  1920 D RILJ    : [3708]> QUERY_NETWORK_SELECTION_MODE [SUB0]
02-20 20:47:18.747  1373  1501 D RIL     : onRequest: DATA_REGISTRATION_STATE
02-20 20:47:18.747  1373  1501 D RIL     : requestRegistrationState
02-20 20:47:18.747  1373  1501 D AT      : AT> AT+CGREG?
02-20 20:47:18.748  1674  1691 W WindowManager: Keyguard drawn timeout. Setting mKeyguardDrawComplete
02-20 20:47:18.748  1920  1920 D RuimRecords: [RuimRecords] fetchRuimRecords 0
02-20 20:47:18.748  1920  1920 D RILJ    : [3709]> getIMSI: GET_IMSI aid: null [SUB0]
02-20 20:47:18.753  1920  2002 D RilRequest: [3704]< SIM_IO error: com.android.internal.telephony.CommandException: GENERIC_FAILURE ret=
02-20 20:47:18.753  1920  2002 D RILJ    : [3705]< OPERATOR {Android, Android, 310260} [SUB0]
02-20 20:47:18.753  1373  1503 D AT      : AT< +CGREG: 1,1,"0003","005b","000e"
02-20 20:47:18.753  1373  1503 D AT      : AT< OK
02-20 20:47:18.753  1373  1501 D RIL     : parseRegistrationState. Parsing: +CGREG: 1,1,"0003","005b","000e"
02-20 20:47:18.753  1373  1501 D RIL     : registration state type: 3GPP
02-20 20:47:18.753  1373  1501 D RIL     : onRequest: VOICE_REGISTRATION_STATE
02-20 20:47:18.753  1373  1501 D RIL     : requestRegistrationState
02-20 20:47:18.753  1373  1501 D AT      : AT> AT+CREG?
02-20 20:47:18.753  1920  2002 D RILJ    : [3706]< DATA_REGISTRATION_STATE {1, 3, 5b, 14, null, null} [SUB0]
02-20 20:47:18.749  1920  1920 D RILJ    : [3710]> iccIO: SIM_IO 0xc0 0x2fe2  path: 3F00,0,0,15 aid: null [SUB0]
02-20 20:47:18.762  1920  1920 D RILJ    : [3711]> iccIO: SIM_IO 0xc0 0x2f05  path: 3F00,0,0,15 aid: null [SUB0]
02-20 20:47:18.763  1920  1920 D RILJ    : [3712]> iccIO: SIM_IO 0xc0 0x6f3a  path: 3F007F25,0,0,15 aid: null [SUB0]
02-20 20:47:18.764  1920  1920 D RILJ    : [3713]> iccIO: SIM_IO 0xc0 0x6f41  path: 3F007F25,0,0,15 aid: null [SUB0]
02-20 20:47:18.765  1920  1920 D RILJ    : [3714]> iccIO: SIM_IO 0xc0 0x6f44  path: 3F007F25,0,0,15 aid: null [SUB0]
02-20 20:47:18.766  1920  1920 D RILJ    : [3715]> iccIO: SIM_IO 0xc0 0x6f22  path: 3F007F25,0,0,15 aid: null [SUB0]
02-20 20:47:18.766  1373  1503 D AT      : AT< +CREG: 2,1, "0003", "005b"
02-20 20:47:18.766  1373  1503 D AT      : AT< OK
02-20 20:47:18.766  1373  1501 D RIL     : parseRegistrationState. Parsing: +CREG: 2,1, "0003", "005b"
02-20 20:47:18.766  1373  1501 D RIL     : registration state type: 3GPP
02-20 20:47:18.766  1373  1501 D RIL     : onRequest: QUERY_NETWORK_SELECTION_MODE
02-20 20:47:18.766  1373  1501 D AT      : AT> AT+COPS?
02-20 20:47:18.767  1920  2002 D RILJ    : [3707]< VOICE_REGISTRATION_STATE {1, 3, 5b, 0, null, null, null, null, null, null, null, null, null, null, null} [SUB0]
02-20 20:47:18.767  1920  1920 D RILJ    : [3716]> iccIO: SIM_IO 0xc0 0x6f28  path: 3F007F25,0,0,15 aid: null [SUB0]
02-20 20:47:18.778  1920  1920 D RILJ    : [3717]> iccIO: SIM_IO 0xb0 0x6f5a  path: 3F007F25,0,0,4 aid: null [SUB0]
02-20 20:47:18.779  1920  1920 D RILJ    : [3718]> iccIO: SIM_IO 0xc0 0x6f4d  path: 3F007F25,0,0,15 aid: null [SUB0]
02-20 20:47:18.779  1920  1920 D RuimRecords: [RuimRecords] fetchRuimRecords 10 requested: true
02-20 20:47:18.779  1920  1920 D RILJ    : [3719]> RIL_REQUEST_CDMA_SUBSCRIPTION [SUB0]
02-20 20:47:18.779  1373  1503 D AT      : AT< +COPS: 0,2,310260
02-20 20:47:18.779  1373  1503 D AT      : AT< OK
02-20 20:47:18.779  1373  1501 D RIL     : onRequest: GET_IMSI
02-20 20:47:18.779  1373  1501 D AT      : AT> AT+CIMI
02-20 20:47:18.779  1920  2002 D RILJ    : [3708]< QUERY_NETWORK_SELECTION_MODE {0} [SUB0]
02-20 20:47:18.779  1373  1503 D AT      : AT< 310260000000000
02-20 20:47:18.779  1373  1503 D AT      : AT< OK
02-20 20:47:18.779  1920  1920 D GsmSMSDispatcher: GsmSMSDispatcher: subId = -2 slotId = 0
02-20 20:47:18.779  1373  1501 D RIL     : onRequest: SIM_IO
02-20 20:47:18.779  1373  1501 D AT      : AT> AT+CRSM=192,12258,0,0,15
02-20 20:47:18.779  1920  1920 E IccCardProxy: setExternalState: !override and newstate unchanged from READY
02-20 20:47:18.779  1920  1920 D CAT     : CatService: handleMessage[8]
02-20 20:47:18.779  1920  1920 D CAT     : CatService: MSG_ID_ICC_CHANGED
02-20 20:47:18.779  1920  2002 D RILJ    : [3709]< GET_IMSI  [SUB0]
02-20 20:47:18.779  1920  1920 D CAT     : CatService: New Card State = CARDSTATE_PRESENT Old Card State = CARDSTATE_PRESENT
02-20 20:47:18.779  1373  1503 D AT      : AT< +CRSM: 144,0,0000000a2fe204000fa0aa01020000
02-20 20:47:18.779  1373  1503 D AT      : AT< OK
02-20 20:47:18.780  1373  1501 D RIL     : onRequest: SIM_IO
02-20 20:47:18.780  1373  1501 D AT      : AT> AT+CRSM=192,12037,0,0,15
02-20 20:47:18.780  1920  2002 D RILJ    : [3710]< SIM_IO IccIoResponse sw1:0x90 sw2:0x0 [SUB0]
02-20 20:47:18.780  1373  1503 D AT      : AT< ERROR: BAD COMMAND
02-20 20:47:18.780  1920  1920 D UiccCardApplication: Error in querying facility lock:com.android.internal.telephony.CommandException: REQUEST_NOT_SUPPORTED
02-20 20:47:18.780  1373  1501 D RIL     : onRequest: SIM_IO
02-20 20:47:18.780  1373  1501 D AT      : AT> AT+CRSM=192,28474,0,0,15
02-20 20:47:18.780  1920  1920 D UiccCardApplication: Error in querying facility lock:com.android.internal.telephony.CommandException: REQUEST_NOT_SUPPORTED
02-20 20:47:18.780  1920  1920 D UiccCardApplication: Error in querying facility lock:com.android.internal.telephony.CommandException: REQUEST_NOT_SUPPORTED
02-20 20:47:18.780  1920  2002 D RilRequest: [3711]< SIM_IO error: com.android.internal.telephony.CommandException: GENERIC_FAILURE ret=
02-20 20:47:18.780  1373  1503 D AT      : AT< ERROR: BAD COMMAND
02-20 20:47:18.781  1920  1920 D RILJ    : [3720]> RIL_REQUEST_SIM_CLOSE_CHANNEL [SUB0]
02-20 20:47:18.781  1373  1501 D RIL     : onRequest: SIM_IO
02-20 20:47:18.781  1373  1501 D AT      : AT> AT+CRSM=192,28481,0,0,15
02-20 20:47:18.784  1920  1920 D SubscriptionInfoUpdater: [Receiver]+
02-20 20:47:18.784  1920  1920 D SubscriptionInfoUpdater: Action: android.intent.action.SIM_STATE_CHANGED
02-20 20:47:18.784  1920  1920 D SubscriptionInfoUpdater: slotId: 0
02-20 20:47:18.784  1920  1920 D SubscriptionInfoUpdater: simStatus: NOT_READY
02-20 20:47:18.784  1920  1920 D SubscriptionInfoUpdater: Ignoring simStatus: NOT_READY
02-20 20:47:18.784  1920  1920 D SubscriptionInfoUpdater: [Receiver]-
02-20 20:47:18.784  1920  1920 D SIMRecords: [SIMRecords] IMSI: mMncLength=-1
02-20 20:47:18.785  1920  2002 D RilRequest: [3712]< SIM_IO error: com.android.internal.telephony.CommandException: GENERIC_FAILURE ret=
02-20 20:47:18.785  1920  1920 D SIMRecords: [SIMRecords] IMSI: 310260[D1jVpVFfGoqdF5qliFi2ey-KM4g]
02-20 20:47:18.785  1373  1503 D AT      : AT< ERROR: BAD COMMAND
02-20 20:47:18.785  1920  1920 D SIMRecords: [SIMRecords] onRecordLoaded 16 requested: true
02-20 20:47:18.785  1373  1501 D RIL     : onRequest: SIM_IO
02-20 20:47:18.785  1373  1501 D AT      : AT> AT+CRSM=192,28484,0,0,15
