02-20 20:48:11.354  1925  1925 D RILJ    : [3731]> RIL_REQUEST_SIM_CLOSE_CHANNEL [SUB0]
02-20 20:48:11.355  1374  1481 D RIL     : onRequest: SIM_CLOSE_CHANNEL
02-20 20:48:11.355  1374  1481 D AT      : AT> AT+CCHC=1
02-20 20:48:11.355  1374  1484 D AT      : AT< +CCHC
02-20 20:48:11.355  1374  1484 D AT      : AT< OK
02-20 20:48:11.355  1925  1925 D IccCardProxy: broadcastIccStateChangedIntent intent ACTION_SIM_STATE_CHANGED value=IMSI reason=null for mPhoneId=0
02-20 20:48:11.355  1925  1996 D RILJ    : [3731]< RIL_REQUEST_SIM_CLOSE_CHANNEL  [SUB0]
02-20 20:48:11.356  1925  1925 D SIMRecords: [SIMRecords] onRecordLoaded 15 requested: true
02-20 20:48:11.356  1925  1925 D RILJ    : [3732]> iccIO: SIM_IO 0xc0 0x6f14  path: 3F007F20,0,0,15 aid: null [SUB0]
02-20 20:48:11.356  1374  1481 D RIL     : onRequest: SIM_IO
02-20 20:48:11.356  1374  1481 D AT      : AT> AT+CRSM=192,28436,0,0,15
02-20 20:48:11.356  1925  1925 D SIMRecords: [SIMRecords] onRecordLoaded 15 requested: true
02-20 20:48:11.356  1925  1925 D SIMRecords: [SIMRecords] onRecordLoaded 14 requested: true
02-20 20:48:11.356  1925  1925 E SIMRecords: [SIMRecords] Exception in fetching EF_CSP data com.android.internal.telephony.CommandException: GENERIC_FAILURE
02-20 20:48:11.356  1925  1925 D SIMRecords: [SIMRecords] onRecordLoaded 13 requested: true
02-20 20:48:11.356  1925  1925 E SIMRecords: [SIMRecords] Exception in get GID1 com.android.internal.telephony.CommandException: GENERIC_FAILURE
02-20 20:48:11.356  1925  1925 D SIMRecords: [SIMRecords] onRecordLoaded 12 requested: true
02-20 20:48:11.356  1925  1925 E SIMRecords: [SIMRecords] Exception in get GID2 com.android.internal.telephony.CommandException: GENERIC_FAILURE
02-20 20:48:11.356  1925  1925 D SIMRecords: [SIMRecords] onRecordLoaded 11 requested: true
02-20 20:48:11.356  1925  1925 D RuimRecords: [RuimRecords] EF_PL LOADED
02-20 20:48:11.356  1925  1925 E RuimRecords: [RuimRecords] Record Load Exception: com.android.internal.telephony.CommandException: GENERIC_FAILURE
02-20 20:48:11.356  1374  1484 D AT      : AT< +CRSM: 144,0,000000146f1404001aa0aa01020000
02-20 20:48:11.356  1925  1925 D RuimRecords: [RuimRecords] onRecordLoaded 8 requested: true
02-20 20:48:11.356  1374  1484 D AT      : AT< OK
02-20 20:48:11.356  1925  1996 D RILJ    : [3732]< SIM_IO IccIoResponse sw1:0x90 sw2:0x0 [SUB0]
02-20 20:48:11.357  1925  1925 D RuimRecords: [RuimRecords] EF_CSIM_LI LOADED
02-20 20:48:11.357  1925  1925 E RuimRecords: [RuimRecords] Record Load Exception: com.android.internal.telephony.CommandException: GENERIC_FAILURE
02-20 20:48:11.357  1925  1925 D RuimRecords: [RuimRecords] onRecordLoaded 7 requested: true
02-20 20:48:11.357  1925  1925 D RuimRecords: [RuimRecords] EF_CSIM_SPN LOADED
02-20 20:48:11.357  1925  1925 E RuimRecords: [RuimRecords] Record Load Exception: com.android.internal.telephony.CommandException: GENERIC_FAILURE
02-20 20:48:11.357  1925  1925 D RuimRecords: [RuimRecords] onRecordLoaded 6 requested: true
02-20 20:48:11.357  1925  1925 D RuimRecords: [RuimRecords] EF_CSIM_MDN LOADED
02-20 20:48:11.357  1925  1925 E RuimRecords: [RuimRecords] Record Load Exception: com.android.internal.telephony.CommandException: GENERIC_FAILURE
02-20 20:48:11.357  1925  1925 D RuimRecords: [RuimRecords] onRecordLoaded 5 requested: true
02-20 20:48:11.357  1925  1925 D RuimRecords: [RuimRecords] EF_CSIM_IMSIM LOADED
02-20 20:48:11.357  1925  1925 E RuimRecords: [RuimRecords] Record Load Exception: com.android.internal.telephony.CommandException: GENERIC_FAILURE
02-20 20:48:11.357  1925  1925 D RuimRecords: [RuimRecords] onRecordLoaded 4 requested: true
02-20 20:48:11.357  1925  1925 D RuimRecords: [RuimRecords] EF_CSIM_CDMAHOME LOADED
02-20 20:48:11.357  1925  1925 E RuimRecords: [RuimRecords] Record Load Exception: com.android.internal.telephony.CommandException: GENERIC_FAILURE
02-20 20:48:11.357  1925  1925 D RuimRecords: [RuimRecords] onRecordLoaded 3 requested: true
02-20 20:48:11.357  1925  1925 D RuimRecords: [RuimRecords] EF_CSIM_EPRL LOADED
02-20 20:48:11.357  1925  1925 E RuimRecords: [RuimRecords] Record Load Exception: com.android.internal.telephony.CommandException: GENERIC_FAILURE
02-20 20:48:11.357  1925  1925 D RuimRecords: [RuimRecords] onRecordLoaded 2 requested: true
02-20 20:48:11.357  1925  1925 D RuimRecords: [RuimRecords] EF_CSIM_MIPUPP LOADED
02-20 20:48:11.358  1925  1925 E RuimRecords: [RuimRecords] Record Load Exception: com.android.internal.telephony.CommandException: GENERIC_FAILURE
02-20 20:48:11.358  1925  1925 D RuimRecords: [RuimRecords] onRecordLoaded 1 requested: true
02-20 20:48:11.373  1925  1925 D SubscriptionInfoUpdater: [Receiver]+
02-20 20:48:11.373  1925  1925 D SubscriptionInfoUpdater: Action: android.intent.action.SIM_STATE_CHANGED
02-20 20:48:11.373  1925  1925 D SubscriptionInfoUpdater: slotId: 0
02-20 20:48:11.373  1925  1925 D SubscriptionInfoUpdater: simStatus: IMSI
02-20 20:48:11.373  1925  1925 D SubscriptionInfoUpdater: Ignoring simStatus: IMSI
02-20 20:48:11.373  1925  1925 D SubscriptionInfoUpdater: [Receiver]-
02-20 20:48:11.373  1925  1925 D SIMRecords: [SIMRecords] iccid: 89014103211118510720
02-20 20:48:11.373  1925  1925 D SIMRecords: [SIMRecords] onRecordLoaded 10 requested: true
02-20 20:48:11.377  1760  1760 D PhoneStatusBar: disable: < EXPAND* icons alerts system_info BACK* HOME* RECENT* clock SEARCH* quick_settings >
02-20 20:48:11.383  1925  1925 D SIMRecords: [SIMRecords] EF_MBI: 01000000
02-20 20:48:11.383  1925  1925 D SIMRecords: [SIMRecords] Got valid mailbox number for MBDN
02-20 20:48:11.383  1925  1925 D RILJ    : [3733]> iccIO: SIM_IO 0xc0 0x6fc7  path: 3F007F20,0,0,15 aid: null [SUB0]
02-20 20:48:11.388  1925  1925 D SIMRecords: [SIMRecords] onRecordLoaded 10 requested: true
02-20 20:48:11.388  1925  1925 D SIMRecords: [SIMRecords] EF_AD: 00000003
02-20 20:48:11.388  1925  1925 D SIMRecords: [SIMRecords] setting4 mMncLength=3
02-20 20:48:11.388  1925  1925 D SIMRecords: [SIMRecords] update mccmnc=310260
02-20 20:48:11.388  1925  1925 D MccTable: updateMccMncConfiguration mccmnc='310260' fromServiceState=false
02-20 20:48:11.388  1374  1481 D RIL     : onRequest: SIM_IO
02-20 20:48:11.388  1374  1481 D AT      : AT> AT+CRSM=192,28615,0,0,15
02-20 20:48:11.388  1925  1925 D SubscriptionController: [getPhoneId]- no sims, returning default phoneId=2147483647
02-20 20:48:11.388  1925  1925 D MccTable: updateMccMncConfiguration defaultMccMnc=
02-20 20:48:11.388  1925  1925 D MccTable: updateMccMncConfiguration: mcc=310, mnc=260
02-20 20:48:11.388  1925  1925 D MccTable: updateMccMncConfiguration updateConfig config={1.0 310mcc260mnc ?localeList ?layoutDir ?swdp ?wdp ?hdp ?density ?lsize ?long ?orien ?uimode ?night ?touch ?keyb/?/? ?nav/?}
02-20 20:48:11.388  1374  1484 D AT      : AT< +CRSM: 144,0,000000406fc7040011a0aa01020120
02-20 20:48:11.388  1374  1484 D AT      : AT< OK
02-20 20:48:11.388  1925  1996 D RILJ    : [3733]< SIM_IO IccIoResponse sw1:0x90 sw2:0x0 [SUB0]
02-20 20:48:11.388  1659  1971 I configuration_changed: 3
02-20 20:48:11.388  1659  1971 I ActivityManager: Config changes=3 {1.0 310mcc260mnc [en_US] ldltr sw360dp w360dp h668dp 640dpi nrml long port finger -keyb/v/h -nav/h s.5}
02-20 20:48:11.392  1659  1971 I am_relaunch_resume_activity: [0,85562507,1,com.android.settings/.FallbackHome]
02-20 20:48:11.392  1938  1938 I am_on_paused_called: [0,com.android.settings.FallbackHome,handleRelaunchActivity]
02-20 20:48:11.396  1925  1943 D DCT     : [0]hasMatchedTetherApnSetting: APN=null
02-20 20:48:11.397  1925  1925 D SIMRecords: [SIMRecords] onRecordLoaded 9 requested: true
02-20 20:48:11.397  1925  1925 D SIMRecords: [SIMRecords] EF_MWIS : 0000000000
02-20 20:48:11.397  1925  1925 D SIMRecords: [SIMRecords] onRecordLoaded 8 requested: true
02-20 20:48:11.397  1925  1925 D SIMRecords: [SIMRecords] EF_CPHS_MWI: 55
02-20 20:48:11.397  1925  1925 D SIMRecords: [SIMRecords] onRecordLoaded 7 requested: true
02-20 20:48:11.397  1925  1925 D SIMRecords: [SIMRecords] EF_CFF_CPHS: 55
02-20 20:48:11.397  1925  1925 D SIMRecords: [SIMRecords] onRecordLoaded 6 requested: true
02-20 20:48:11.397  1925  1925 D SIMRecords: [SIMRecords] onRecordLoaded 5 requested: true
02-20 20:48:11.397  1925  1925 D SIMRecords: [SIMRecords] SST: UsimServiceTable[120]={ PHONEBOOK, FDN, FDN_EXTENSION, SDN, SDN_EXTENSION, BDN, BDN_EXTENSION, OUTGOING_CALL_INFO, ADVICE_OF_CHARGE, CAP_CONFIG_PARAMS_2, GROUP_ID_LEVEL_1, GROUP_ID_LEVEL_2, SPN, USER_PLMN_SELECT, MSISDN, IMAGE, LOCALISED_SERVICE_AREAS, EMLPP, EMLPP_AUTO_ANSWER, RFU, GSM_ACCESS, DATA_DL_VIA_SMS_PP, DATA_DL_VIA_SMS_CB, CALL_CONTROL_BY_USIM, MO_SMS_CONTROL_BY_USIM, RUN_AT_COMMAND, APN_CONTROL_LIST, DEPERSONALISATION_CONTROL_KEYS, COOPERATIVE_NETWORK_LIST, GSM_SECURITY_CONTEXT, SERVICE_PROVIDER_DISPLAY_INFO, MMS_NOTIFICATION, MMS_NOTIFICATION_EXTENSION, GPRS_CALL_CONTROL_BY_USIM, VGCS_GROUP_ID_LIST, VBS_GROUP_ID_LIST, OMA_BCAST_PROFILE, GBA_LOCAL_KEY_ESTABLISHMENT, #101, #102, #103, #104, #105, #106, #107, #108, #109, #110 }
02-20 20:48:11.397  1925  1925 D SIMRecords: [SIMRecords] onRecordLoaded 4 requested: true
02-20 20:48:11.397  1925  1925 D SIMRecords: [SIMRecords] iCPHS: 0233
02-20 20:48:11.397  1925  1925 D SIMRecords: [SIMRecords] onRecordLoaded 3 requested: true
02-20 20:48:11.397  1925  1925 D RILJ    : [3734]> iccIO: SIM_IO 0xb0 0x6f14  path: 3F007F20,0,0,20 aid: null [SUB0]
02-20 20:48:11.397  1925  1925 D RuimRecords: [RuimRecords] iccid: 89014103211118510720
02-20 20:48:11.397  1925  1925 D RuimRecords: [RuimRecords] onRecordLoaded 0 requested: true
02-20 20:48:11.397  1925  1925 D RuimRecords: [RuimRecords] record load complete
02-20 20:48:11.398  1925  1925 D SIMRecords: [SIMRecords] MSISDN: [t-WgLegCyIMgfHgPkOdM6pkZbpA]
02-20 20:48:11.398  1925  1925 D SIMRecords: [SIMRecords] onRecordLoaded 2 requested: true
02-20 20:48:11.398  1659  1669 I art     : Background partial concurrent mark sweep GC freed 33629(2MB) AllocSpace objects, 6(7MB) LOS objects, 21% free, 14MB/18MB, paused 8.309ms total 144.909ms
02-20 20:48:11.398  1925  1925 D RILJ    : [3735]> iccIO: SIM_IO 0xb2 0x6fc7  path: 3F007F20,1,4,32 aid: null [SUB0]
02-20 20:48:11.399  1374  1481 D RIL     : onRequest: SIM_IO
02-20 20:48:11.399  1374  1481 D AT      : AT> AT+CRSM=176,28436,0,0,20
02-20 20:48:11.401  1374  1484 D AT      : AT< +CRSM: 144,0,416e64726f6964ffffffffffffffffffffffffff
02-20 20:48:11.401  1374  1484 D AT      : AT< OK
02-20 20:48:11.401  1374  1481 D RIL     : onRequest: SIM_IO
02-20 20:48:11.401  1374  1481 D AT      : AT> AT+CRSM=178,28615,1,4,32
02-20 20:48:11.401  1925  1996 D RILJ    : [3734]< SIM_IO IccIoResponse sw1:0x90 sw2:0x0 [SUB0]
02-20 20:48:11.401  1374  1484 D AT      : AT< +CRSM: 144,0,566f6963656d61696cffffffffffffffffff07915155125740f9ffffffffffff
02-20 20:48:11.401  1374  1484 D AT      : AT< OK
02-20 20:48:11.402  1925  1996 D RILJ    : [3735]< SIM_IO IccIoResponse sw1:0x90 sw2:0x0 [SUB0]
02-20 20:48:11.403  1925  1925 D SIMRecords: [SIMRecords] getServiceProviderName: no brandOverride, providerName=Android
02-20 20:48:11.403  1925  1925 D SIMRecords: [SIMRecords] Load EF_SPN_CPHS: Android
02-20 20:48:11.403  1925  1925 D TelephonyManager: setTelephonyProperty: success phoneId=0 property=gsm.sim.operator.alpha value: Android propVal=Android
02-20 20:48:11.403  1925  1925 D SIMRecords: [SIMRecords] onRecordLoaded 1 requested: true
02-20 20:48:11.403  1925  1925 D SIMRecords: [SIMRecords] VM: ADN Record 'Voicemail' '[-MWU1cAlDrkXUZ8dpHi_wU_YOpU] null' EF[MBDN]
02-20 20:48:11.403  1925  1925 D SIMRecords: [SIMRecords] onRecordLoaded 0 requested: true
02-20 20:48:11.403  1925  1925 D SIMRecords: [SIMRecords] record load complete
02-20 20:48:11.403  1925  1925 D SIMRecords: [SIMRecords] Not using EF LI/EF PL
02-20 20:48:11.403  1925  1925 D SIMRecords: [SIMRecords] EF_CFF: callForwardingEnabled=0
02-20 20:48:11.403  1925  1925 D SIMRecords: [SIMRecords] onAllRecordsLoaded set 'gsm.sim.operator.numeric' to operator='310260'
02-20 20:48:11.403  1925  1925 D SIMRecords: [SIMRecords] update icc_operator_numeric=310260
02-20 20:48:11.403  1925  1925 D TelephonyManager: setTelephonyProperty: success phoneId=0 property=gsm.sim.operator.numeric value: 310260 propVal=310260
02-20 20:48:11.403  1925  1925 D SubscriptionController: [setMccMnc]+ mcc/mnc:310/260 subId:-1
02-20 20:48:11.406  1925  1925 D SubscriptionController: notifySubscriptionInfoChanged:
02-20 20:48:11.406  1659  1659 I GnssLocationProvider: WakeLock acquired by sendMessage(12, 0, null)
02-20 20:48:11.406  1925  1943 D SubscriptionController: [getActiveSubInfoList] Sub Controller not ready
02-20 20:48:11.406  1925  1925 D SIMRecords: [SIMRecords] onAllRecordsLoaded set mcc imsi
02-20 20:48:11.406  1925  1925 D TelephonyManager: setTelephonyProperty: success phoneId=0 property=gsm.sim.operator.iso-country value: us propVal=us
02-20 20:48:11.409  1925  1925 D SST     : SubscriptionListener.onSubscriptionInfoChanged
02-20 20:48:11.409  1925  1925 D SIMRecords: [SIMRecords]  VoiceMessageCount from SIM MWIS = 0
02-20 20:48:11.409  1925  1925 E Phone   : getStoredVoiceMessageCount: invalid subId -2
02-20 20:48:11.409  1925  1925 D GsmCdmaPhone: [GsmCdmaPhone] updateVoiceMail countVoiceMessages = 0 subId -2
02-20 20:48:11.409  1925  1925 E Phone   : setVoiceMessageCount in sharedPreference: invalid subId -2
02-20 20:48:11.409  1925  1925 D DCT     : [0]SubscriptionListener.onSubscriptionInfoChanged
02-20 20:48:11.409  1938  1999 D EGL_emulation: eglMakeCurrent: 0x77f900664320: ver 3 0 (tinfo 0x77f90060c860)
02-20 20:48:11.410  1938  1938 I am_on_stop_called: [0,com.android.settings.FallbackHome,destroy]
02-20 20:48:11.411  1925  1925 D SubscriptionController: [getActiveSubInfoList] Sub Controller not ready
02-20 20:48:11.418  1312  2021 D         : HostConnection::get() New Host Connection established 0x7d3df662fbe0, tid 2021
02-20 20:48:11.421  1925  1925 D SubscriptionController: [getActiveSubInfoList] Sub Controller not ready
02-20 20:48:11.422  1925  1925 I Telephony: PstnIncomingCallNotifier: Unregistering: Handler (com.android.internal.telephony.GsmCdmaPhone) {9c39fb3}
02-20 20:48:11.422  1925  1925 E PhoneInterfaceManager: [PhoneIntfMgr] getIccId: No UICC
02-20 20:48:11.437  1659  1787 I Telecom : PhoneAccountRegistrar: [ComponentInfo{com.android.phone/com.android.services.telephony.TelephonyConnectionService}, [e0184adedf913b076626646d3f52c3b49c39ad6d], UserHandle{0}(addr: tel:*********** -> tel:)(icon: Icon(typ=BITMAP size=76x96) -> Icon(typ=BITMAP size=76x96))(subAddr: tel:*********** -> tel:)]: TSI.rPA@AAo
02-20 20:48:11.438  1659  1787 I Telecom : : Sending phone-account registered intent as user: TSI.rPA@AAo
02-20 20:48:11.438  1925  1925 I Telephony: AccountEntry: Registered phoneAccount: [[ ] PhoneAccount: ComponentInfo{com.android.phone/com.android.services.telephony.TelephonyConnectionService}, [e0184adedf913b076626646d3f52c3b49c39ad6d], UserHandle{0} Capabilities: CallProvider MultiUser PlaceEmerg SimSub  Schemes: tel voicemail  Extras: null GroupId: [da39a3ee5e6b4b0d3255bfef95601890afd80709]] with handle: ComponentInfo{com.android.phone/com.android.services.telephony.TelephonyConnectionService}, [e0184adedf913b076626646d3f52c3b49c39ad6d], UserHandle{0}
02-20 20:48:11.438  1925  1925 I Telephony: PstnIncomingCallNotifier: Registering: Handler (com.android.internal.telephony.GsmCdmaPhone) {9c39fb3}
02-20 20:48:11.447  1925  1937 D SubscriptionController: [getActiveSubInfoList] Sub Controller not ready
02-20 20:48:11.452  1925  1925 D CAT     : CatService: handleMessage[20]
02-20 20:48:11.452  1925  1925 D GsmCdmaPhone: [GsmCdmaPhone] updateCurrentCarrierInProvider: mSubId = -2 currentDds = 1 operatorNumeric = 310260
02-20 20:48:11.452  1925  1925 D IccCardProxy: operator=310260 mPhoneId=0
02-20 20:48:11.452  1925  1925 D TelephonyManager: setTelephonyProperty: success phoneId=0 property=gsm.sim.operator.numeric value: 310260 propVal=310260
02-20 20:48:11.452  1925  1925 D TelephonyManager: setTelephonyProperty: success phoneId=0 property=gsm.sim.operator.iso-country value: us propVal=us
02-20 20:48:11.452  1925  1925 D IccCardProxy: Sending intent ACTION_INTERNAL_SIM_STATE_CHANGED for mPhoneId : 0
02-20 20:48:11.453  1925  1925 D SST     : EVENT_SIM_RECORDS_LOADED: what=16
02-20 20:48:11.453  1925  1925 D GsmCdmaPhone: [GsmCdmaPhone] updatePhoneObject: radioTechnology=0
02-20 20:48:11.453  1925  1925 D SST     : getOtasp: otasp not needed for GSM
02-20 20:48:11.453  1925  1925 D SST     : updateOtaspState: call notifyOtaspChanged old otaspMode=0 new otaspMode=3
02-20 20:48:11.453  1925  1925 D SIMRecords: [SIMRecords] getServiceProviderName: no brandOverride, providerName=Android
02-20 20:48:11.453  1925  1925 D SIMRecords: [SIMRecords] getServiceProviderName: no brandOverride, providerName=Android
02-20 20:48:11.453  1925  1925 D SST     : updateSpnDisplay: changed sending intent rule=1 showPlmn='false' plmn='Android' showSpn='true' spn='Android' dataSpn='Android' subId='-2'
02-20 20:48:11.453  1925  1925 D SubscriptionController: [setPlmnSpn] No valid subscription to store info
02-20 20:48:11.453  1925  1925 D SubscriptionController: notifySubscriptionInfoChanged:
02-20 20:48:11.454  1659  1659 I GnssLocationProvider: WakeLock acquired by sendMessage(12, 0, null)
02-20 20:48:11.455  1925  1943 D SubscriptionController: [getActiveSubInfoList] Sub Controller not ready
02-20 20:48:11.456  1925  1925 E PhoneInterfaceManager: [PhoneIntfMgr] getIccId: No UICC
02-20 20:48:11.459  1659  1677 I Telecom : PhoneAccountRegistrar: [ComponentInfo{com.android.phone/com.android.services.telephony.TelephonyConnectionService}, [e0184adedf913b076626646d3f52c3b49c39ad6d], UserHandle{0}(icon: Icon(typ=BITMAP size=76x96) -> Icon(typ=BITMAP size=76x96))]: TSI.rPA@AA0
02-20 20:48:11.472  1925  2070 D SubscriptionController: [getPhoneId]- no sims, returning default phoneId=2147483647
02-20 20:48:11.483  1659  1677 I Telecom : : Sending phone-account registered intent as user: TSI.rPA@AA0
02-20 20:48:11.483  1925  1925 D GsmCdmaPhone: [GsmCdmaPhone] phoneObjectUpdater: newVoiceRadioTech=0
02-20 20:48:11.483  1925  1925 D GsmCdmaPhone: [GsmCdmaPhone] phoneObjectUpdater: volteReplacementRat=0
02-20 20:48:11.483  1925  1925 E GsmCdmaPhone: [GsmCdmaPhone] phoneObjectUpdater: newVoiceRadioTech=0 doesn't match either CDMA or GSM - error! No phone change
02-20 20:48:11.483  1925  1925 D SubscriptionInfoUpdater: [Receiver]+
02-20 20:48:11.483  1925  1925 D SubscriptionInfoUpdater: Action: android.intent.action.internal_sim_state_changed
02-20 20:48:11.483  1925  1925 D SubscriptionInfoUpdater: slotId: 0
02-20 20:48:11.483  1925  1925 D SubscriptionInfoUpdater: simStatus: LOADED
02-20 20:48:11.483  1925  1925 D SubscriptionInfoUpdater: [Receiver]-
02-20 20:48:11.483  1925  1925 D SST     : SubscriptionListener.onSubscriptionInfoChanged
02-20 20:48:11.483  1925  1943 D SubscriptionController: [getActiveSubInfoList] Sub Controller not ready
02-20 20:48:11.483  1925  1925 D DCT     : [0]SubscriptionListener.onSubscriptionInfoChanged
02-20 20:48:11.483  1925  1925 D SubscriptionController: [getActiveSubInfoList] Sub Controller not ready
02-20 20:48:11.484  1925  1937 D SubscriptionController: [getActiveSubInfoList] Sub Controller not ready
02-20 20:48:11.484  1925  2070 D SubscriptionController: [getActiveSubInfoList] Sub Controller not ready
02-20 20:48:11.484  1925  1925 D SubscriptionController: [getActiveSubInfoList] Sub Controller not ready
02-20 20:48:11.484  1938  1938 I am_on_resume_called: [0,com.android.settings.FallbackHome,handleRelaunchActivity]
02-20 20:48:11.485  1925  1937 D SubscriptionController: [getPhoneId]- no sims, returning default phoneId=2147483647
02-20 20:48:11.485  1925  1925 I Telephony: PstnIncomingCallNotifier: Unregistering: Handler (com.android.internal.telephony.GsmCdmaPhone) {9c39fb3}
02-20 20:48:11.488  1925  1925 E PhoneInterfaceManager: [PhoneIntfMgr] getIccId: No UICC
02-20 20:48:11.489  1760  1760 D PhoneStatusBar: heads up is enabled
02-20 20:48:11.492  1659  1676 I Telecom : PhoneAccountRegistrar: [ComponentInfo{com.android.phone/com.android.services.telephony.TelephonyConnectionService}, [e0184adedf913b076626646d3f52c3b49c39ad6d], UserHandle{0}(icon: Icon(typ=BITMAP size=76x96) -> Icon(typ=BITMAP size=76x96))]: TSI.rPA@AA4
02-20 20:48:11.493  1659  1676 I Telecom : : Sending phone-account registered intent as user: TSI.rPA@AA4
02-20 20:48:11.493  1925  1925 I Telephony: AccountEntry: Registered phoneAccount: [[ ] PhoneAccount: ComponentInfo{com.android.phone/com.android.services.telephony.TelephonyConnectionService}, [e0184adedf913b076626646d3f52c3b49c39ad6d], UserHandle{0} Capabilities: CallProvider MultiUser PlaceEmerg SimSub  Schemes: tel voicemail  Extras: null GroupId: [da39a3ee5e6b4b0d3255bfef95601890afd80709]] with handle: ComponentInfo{com.android.phone/com.android.services.telephony.TelephonyConnectionService}, [e0184adedf913b076626646d3f52c3b49c39ad6d], UserHandle{0}
02-20 20:48:11.493  1925  1925 I Telephony: PstnIncomingCallNotifier: Registering: Handler (com.android.internal.telephony.GsmCdmaPhone) {9c39fb3}
02-20 20:48:11.495  1925  1925 D SubscriptionInfoUpdater: handleSimStateLoadedInternal: slotId: 0
02-20 20:48:11.495  1925  1925 D SubscriptionInfoUpdater: All IccIds query complete
02-20 20:48:11.495  1925  1925 D SubscriptionInfoUpdater: updateSubscriptionInfoByIccId:+ Start
02-20 20:48:11.495  1925  1925 D SubscriptionController: [clearSubInfo]- no simInfo size=0
02-20 20:48:11.495  1925  1925 D SubscriptionInfoUpdater: insertedSimCount = 1
02-20 20:48:11.495  1925  1925 D SubscriptionController: [getSubInfoUsingSlotIdWithCheck]+ slotId:0
02-20 20:48:11.497  1925  1925 D SubscriptionController: [getPhoneId]- no sims, returning default phoneId=2147483647
02-20 20:48:11.498  1925  1925 D SubscriptionController: [getPhoneId]- no sims, returning default phoneId=2147483647
02-20 20:48:11.498  1925  1925 D SubscriptionController: [getPhoneId]- no sims, returning default phoneId=2147483647
02-20 20:48:11.498  1925  1925 D SubscriptionController: [getSubInfoUsingSlotId]- null info return
02-20 20:48:11.498  1925  1925 D SubscriptionInfoUpdater: updateSubscriptionInfoByIccId: oldSubId = 1
02-20 20:48:11.498  1925  1925 D SubscriptionInfoUpdater: updateSubscriptionInfoByIccId: oldIccId[0] = 89014103211118510720, sIccId[0] = 89014103211118510720
02-20 20:48:11.498  1925  1925 D SubscriptionController: [addSubInfoRecord]+ iccId:89014103211118510720 slotId:0
02-20 20:48:11.505  1925  1925 D SubscriptionController: [getActiveSubInfoList] Sub Controller not ready
02-20 20:48:11.505  1925  1925 D SubscriptionController: [addSubInfoRecord] Record already exists
02-20 20:48:11.508  1925  1925 D SubscriptionController: [addSubInfoRecord] sSlotIdxToSubId.size=1 slotId=0 subId=1 defaultSubId=1 simCount=1
02-20 20:48:11.508  1925  1925 D SubscriptionController: [setDefaultFallbackSubId] subId=1
02-20 20:48:11.508  1925  1925 D SubscriptionController: [setDefaultFallbackSubId] set mDefaultFallbackSubId=1
02-20 20:48:11.509  1925  1925 D MccTable: updateMccMncConfiguration mccmnc='310260' fromServiceState=false
02-20 20:48:11.509  1925  1925 D MccTable: updateMccMncConfiguration defaultMccMnc=310260
02-20 20:48:11.509  1925  1925 D MccTable: updateMccMncConfiguration: mcc=310, mnc=260
02-20 20:48:11.509  1925  1925 D MccTable: updateMccMncConfiguration updateConfig config={1.0 310mcc260mnc ?localeList ?layoutDir ?swdp ?wdp ?hdp ?density ?lsize ?long ?orien ?uimode ?night ?touch ?keyb/?/? ?nav/?}
02-20 20:48:11.534  1659  1691 W GnssLocationProvider: Could not open GPS configuration file /etc/gps.conf
02-20 20:48:11.535  1659  1691 E GnssLocationProvider: no AGPS interface in set_agps_server
02-20 20:48:11.535  1659  1691 I GnssLocationProvider: WakeLock released by handleMessage(12, 0, null)
02-20 20:48:11.549  1659  1691 W GnssLocationProvider: Could not open GPS configuration file /etc/gps.conf
02-20 20:48:11.549  1659  1691 E GnssLocationProvider: no AGPS interface in set_agps_server
02-20 20:48:11.549  1659  1691 I GnssLocationProvider: WakeLock released by handleMessage(12, 0, null)
02-20 20:48:11.566  1925  1925 D SubscriptionController: [setDefaultFallbackSubId] broadcast default subId changed phoneId=0 subId=1
02-20 20:48:11.568  1925  1943 D RILJ    : [3736]> RIL_REQUEST_GET_CELL_INFO_LIST [SUB0]
02-20 20:48:11.568  1925  1925 D SubscriptionController: [addSubInfoRecord] one sim set defaults to subId=1
02-20 20:48:11.569  1374  1481 D RIL     : onRequest: GET_CELL_INFO_LIST
02-20 20:48:11.569  1374  1481 D RILC    : responseCellInfoList: v12
02-20 20:48:11.569  1925  1996 D RILJ    : [3736]< RIL_REQUEST_GET_CELL_INFO_LIST [CellInfoGsm:{mRegistered=YES mTimeStampType=modem mTimeStamp=11529252659ns CellIdentityGsm:{ mMcc=310 mMnc=260 mLac=3 mCid=91 mArfcn=10 mBsic=0x0} CellSignalStrengthGsm: ss=-2005786184 ber=29603 mTa=-2005070724}] [SUB0]
02-20 20:48:11.569  1925  1925 D SubscriptionController: [setDefaultDataSubId] num phones=1, subId=1
02-20 20:48:11.569  1925  1925 D SubscriptionController: [setDefaultDataSubId] phoneId=0 subId=1 RAF=1
02-20 20:48:11.569  1925  1925 D ProxyController: setRadioCapability: Already in requested configuration, nothing to do.
02-20 20:48:11.569  1925  1925 D SubscriptionController: [updateAllDataConnectionTrackers] sPhones.length=1
02-20 20:48:11.569  1925  1925 D SubscriptionController: [updateAllDataConnectionTrackers] phoneId=0
02-20 20:48:11.569  1925  1925 D DCT     : [0]update sub = 1
02-20 20:48:11.569  1925  1925 D DCT     : [0]update(): Active DDS, register for all events now!
02-20 20:48:11.569  1925  1925 D DCT     : [0]New records found.
02-20 20:48:11.569  1925  1925 D SST     : mDeviceShuttingDown=false, mDesiredPowerState=true, getRadioState=RADIO_ON, mPowerOffDelayNeed=true, mAlarmSwitch=false, mRadioDisabledByCarrier=false
02-20 20:48:11.570  1312  1324 D gralloc_ranchu: gralloc_alloc: Creating ashmem region of size 15945728
02-20 20:48:11.570  1925  1925 D GsmCdmaPhone: [GsmCdmaPhone] updateCurrentCarrierInProvider: mSubId = 1 currentDds = 1 operatorNumeric = 310260
02-20 20:48:11.575  1760  2073 E ActivityThread: Failed to find provider info for com.android.contacts
02-20 20:48:11.598  1925  1925 D SubscriptionController: [broadcastDefaultDataSubIdChanged] subId=1
02-20 20:48:11.599  1925  1925 D SubscriptionController: [setDefaultSmsSubId] subId=1
02-20 20:48:11.600  1925  1925 D SubscriptionController: [broadcastDefaultSmsSubIdChanged] subId=1
02-20 20:48:11.601  1925  1925 D SubscriptionController: [setDefaultVoiceSubId] subId=1
02-20 20:48:11.601  1925  1925 D SubscriptionController: [broadcastDefaultVoiceSubIdChanged] subId=1
02-20 20:48:11.602  1925  1925 D SubscriptionController: [addSubInfoRecord] hashmap(0,1)
02-20 20:48:11.611  1925  1925 D SubscriptionController: [addSubInfoRecord] sim name = Android
02-20 20:48:11.611  1925  1925 D DCT     : [0]update sub = 1
02-20 20:48:11.611  1925  1925 D DCT     : [0]update(): Active DDS, register for all events now!
02-20 20:48:11.611  1925  1925 D GsmCdmaPhone: [GsmCdmaPhone] updateCurrentCarrierInProvider: mSubId = 1 currentDds = 1 operatorNumeric = 310260
02-20 20:48:11.620  1925  1925 D SubscriptionController: [addSubInfoRecord]- info size=1
02-20 20:48:11.620  1925  1925 D SubscriptionInfoUpdater: newSim = false
02-20 20:48:11.620  1925  1925 D SubscriptionInfoUpdater: updateSubscriptionInfoByIccId: sInsertSimState[0] = 0
02-20 20:48:11.647  1925  1925 D SubscriptionInfoUpdater: updateSubscriptionInfoByIccId: nSubCount = 1
02-20 20:48:11.647  1925  1925 D SubscriptionController: [setDefaultDataSubId] num phones=1, subId=1
02-20 20:48:11.647  1925  1925 D SubscriptionController: [setDefaultDataSubId] phoneId=0 subId=1 RAF=1
02-20 20:48:11.647  1925  1925 D ProxyController: setRadioCapability: Already in requested configuration, nothing to do.
02-20 20:48:11.647  1925  1925 D SubscriptionController: [updateAllDataConnectionTrackers] sPhones.length=1
02-20 20:48:11.647  1925  1925 D SubscriptionController: [updateAllDataConnectionTrackers] phoneId=0
02-20 20:48:11.647  1925  1925 D DCT     : [0]update sub = 1
02-20 20:48:11.647  1925  1925 D DCT     : [0]update(): Active DDS, register for all events now!
02-20 20:48:11.648  1925  1925 D GsmCdmaPhone: [GsmCdmaPhone] updateCurrentCarrierInProvider: mSubId = 1 currentDds = 1 operatorNumeric = 310260
02-20 20:48:11.661  1925  1925 D SubscriptionController: [broadcastDefaultDataSubIdChanged] subId=1
02-20 20:48:11.662  1925  1925 D SubscriptionController: notifySubscriptionInfoChanged:
02-20 20:48:11.662  1925  2070 D SubscriptionMonitor: Phone[0] subId changed -2->1, 1 registrants
02-20 20:48:11.662  1925  2070 D SubscriptionMonitor: mDefaultDataSubId = 1, 1 registrants
02-20 20:48:11.663  1659  1659 I GnssLocationProvider: WakeLock acquired by sendMessage(12, 0, null)
02-20 20:48:11.663  1925  1925 D SubscriptionInfoUpdater: updateSubscriptionInfoByIccId:- SsubscriptionInfo update complete
02-20 20:48:11.663  1925  1925 D MccTable: updateMccMncConfiguration mccmnc='310260' fromServiceState=false
02-20 20:48:11.663  1925  1925 D MccTable: updateMccMncConfiguration defaultMccMnc=310260
02-20 20:48:11.663  1925  1925 D MccTable: updateMccMncConfiguration: mcc=310, mnc=260
02-20 20:48:11.663  1925  1925 D MccTable: updateMccMncConfiguration updateConfig config={1.0 310mcc260mnc ?localeList ?layoutDir ?swdp ?wdp ?hdp ?density ?lsize ?long ?orien ?uimode ?night ?touch ?keyb/?/? ?nav/?}
02-20 20:48:11.663  1760  1782 I art     : Background partial concurrent mark sweep GC freed 1246(128KB) AllocSpace objects, 0(0B) LOS objects, 20% free, 15MB/19MB, paused 5.512ms total 46.111ms
02-20 20:48:11.698  1925  1925 D SubscriptionController: [setMccMnc]+ mcc/mnc:310/260 subId:1
02-20 20:48:11.705  1925  1925 D SubscriptionController: notifySubscriptionInfoChanged:
02-20 20:48:11.707  1659  1659 I GnssLocationProvider: WakeLock acquired by sendMessage(12, 0, null)
02-20 20:48:11.712  1925  1925 D SubscriptionController: [getActiveSubscriptionInfo]+ subId=1 subInfo={id=1, iccId=89014103211118510720 simSlotIndex=0 displayName=Android carrierName=Android nameSource=0 iconTint=-16746133 dataRoaming=0 iconBitmap=android.graphics.Bitmap@8a9a4d7 mcc 310 mnc 260}
02-20 20:48:11.712  1925  1925 D SubscriptionInfoUpdater: sim name = Android
02-20 20:48:11.713  1659  1691 W GnssLocationProvider: Could not open GPS configuration file /etc/gps.conf
02-20 20:48:11.713  1659  1691 E GnssLocationProvider: no AGPS interface in set_agps_server
02-20 20:48:11.713  1659  1691 I GnssLocationProvider: WakeLock released by handleMessage(12, 0, null)
02-20 20:48:11.718  1925  1925 D SubscriptionInfoUpdater: Broadcasting intent ACTION_SIM_STATE_CHANGED LOADED reason null for mCardIndex: 0
02-20 20:48:11.733  1659  1659 D WifiService: resetting networks because SIM was loaded
02-20 20:48:11.733  1659  1731 D WifiStateMachine: resetting EAP-SIM/AKA/AKA' networks since SIM was changed
02-20 20:48:11.733  1925  1925 D CarrierConfigLoader: update config for phoneId: 0 simState: LOADED
02-20 20:48:11.733  1925  1925 D CarrierSvcBindHelper: update binding for phoneId: 0 simState: LOADED
02-20 20:48:11.751  1925  1925 D SubscriptionController: [getActiveSubscriptionInfo]+ subId=1 subInfo={id=1, iccId=89014103211118510720 simSlotIndex=0 displayName=Android carrierName=Android nameSource=0 iconTint=-16746133 dataRoaming=0 iconBitmap=android.graphics.Bitmap@8fe97e2 mcc 310 mnc 260}
02-20 20:48:11.759  1659  2078 I Telecom : PhoneAccountRegistrar: [ComponentInfo{com.android.phone/com.android.services.telephony.TelephonyConnectionService}, [e0184adedf913b076626646d3f52c3b49c39ad6d], UserHandle{0}(icon: Icon(typ=BITMAP size=76x96) -> Icon(typ=BITMAP size=76x96))]: TSI.rPA@ABE
02-20 20:48:11.761  1659  2078 I Telecom : : Sending phone-account registered intent as user: TSI.rPA@ABE
02-20 20:48:11.762  1925  1925 I Telephony: PstnIncomingCallNotifier: Unregistering: Handler (com.android.internal.telephony.GsmCdmaPhone) {9c39fb3}
02-20 20:48:11.767  1925  1925 D SubscriptionController: [getActiveSubscriptionInfo]+ subId=1 subInfo={id=1, iccId=89014103211118510720 simSlotIndex=0 displayName=Android carrierName=Android nameSource=0 iconTint=-16746133 dataRoaming=0 iconBitmap=android.graphics.Bitmap@82e57cf mcc 310 mnc 260}
02-20 20:48:11.767  1659  1691 W GnssLocationProvider: Could not open GPS configuration file /etc/gps.conf
02-20 20:48:11.767  1659  1691 E GnssLocationProvider: no AGPS interface in set_agps_server
02-20 20:48:11.767  1659  1691 I GnssLocationProvider: WakeLock released by handleMessage(12, 0, null)
02-20 20:48:11.770  1659  1691 W GnssLocationProvider: Could not open GPS configuration file /etc/gps.conf
02-20 20:48:11.770  1659  1691 E GnssLocationProvider: no AGPS interface in set_agps_server
02-20 20:48:11.770  1659  2074 I Telecom : PhoneAccountRegistrar: New phone account registered: [[ ] PhoneAccount: ComponentInfo{com.android.phone/com.android.services.telephony.TelephonyConnectionService}, [e2f7d48dd2b5ca523e7313cf4ba0f6ea830b6281], UserHandle{0} Capabilities: CallProvider MultiUser PlaceEmerg SimSub  Schemes: tel voicemail  Extras: null GroupId: [da39a3ee5e6b4b0d3255bfef95601890afd80709]]: TSI.rPA@ABI
02-20 20:48:11.773  1659  2074 I Telecom : : Sending phone-account registered intent as user: TSI.rPA@ABI
02-20 20:48:11.774  1925  1925 I Telephony: AccountEntry: Registered phoneAccount: [[ ] PhoneAccount: ComponentInfo{com.android.phone/com.android.services.telephony.TelephonyConnectionService}, [e2f7d48dd2b5ca523e7313cf4ba0f6ea830b6281], UserHandle{0} Capabilities: CallProvider MultiUser PlaceEmerg SimSub  Schemes: tel voicemail  Extras: null GroupId: [da39a3ee5e6b4b0d3255bfef95601890afd80709]] with handle: ComponentInfo{com.android.phone/com.android.services.telephony.TelephonyConnectionService}, [e2f7d48dd2b5ca523e7313cf4ba0f6ea830b6281], UserHandle{0}
02-20 20:48:11.774  1925  1925 I Telephony: PstnIncomingCallNotifier: Registering: Handler (com.android.internal.telephony.GsmCdmaPhone) {9c39fb3}
02-20 20:48:11.776  1925  1925 I Telephony: TelecomAccountRegistry: Unregistering phone account ComponentInfo{com.android.phone/com.android.services.telephony.TelephonyConnectionService}, [e0184adedf913b076626646d3f52c3b49c39ad6d], UserHandle{0}.
02-20 20:48:11.787  1659  1787 I Telecom : : Sending phone-account unregistered intent as user: TSI.uPA@ABQ
02-20 20:48:11.788  1925  1925 D DCT     : [0]onRecordsLoadedOrSubIdChanged: createAllApnList
02-20 20:48:11.788  1925  1925 D DCT     : [0]createAllApnList: selection=numeric = '310260'
02-20 20:48:11.788  1925  1943 D SST     : SST.getAllCellInfo(): return last, back to back calls
02-20 20:48:11.790  1925  2088 D SST     : SST.getAllCellInfo(): return last, back to back calls
02-20 20:48:11.790  1925  2088 D SST     : SST.getAllCellInfo(): return last, back to back calls
02-20 20:48:11.816  1925  1925 D DCT     : [0]createApnList: X result=[[ApnSettingV3] T-Mobile US, 1, 310260, epc.tmobile.com, , http://mms.msg.eng.t-mobile.com/mms/wapenc, , , , -1, *, IP, IP, true, 0, 0, 0, false, 0, 0, 0, 0, , , false]
02-20 20:48:11.817  1925  1925 D TelephonyProvider: subIdString = 1 subId = 1
02-20 20:48:11.821  1925  1925 D DCT     : [0]getPreferredApn: mRequestedApnType=default cursor=android.content.ContentResolver$CursorWrapperInner@20043f4 cursor.count=1
02-20 20:48:11.821  1925  1925 D DCT     : [0]getPreferredApn: apnSetting=[ApnSettingV3] T-Mobile US, 1, 310260, epc.tmobile.com, , http://mms.msg.eng.t-mobile.com/mms/wapenc, , , , -1, *, IP, IP, true, 0, 0, 0, false, 0, 0, 0, 0, , , false
02-20 20:48:11.821  1925  1925 D DCT     : [0]getPreferredApn: X found apnSetting[ApnSettingV3] T-Mobile US, 1, 310260, epc.tmobile.com, , http://mms.msg.eng.t-mobile.com/mms/wapenc, , , , -1, *, IP, IP, true, 0, 0, 0, false, 0, 0, 0, 0, , , false
02-20 20:48:11.821  1925  1925 D DCT     : [0]createAllApnList: mPreferredApn=[ApnSettingV3] T-Mobile US, 1, 310260, epc.tmobile.com, , http://mms.msg.eng.t-mobile.com/mms/wapenc, , , , -1, *, IP, IP, true, 0, 0, 0, false, 0, 0, 0, 0, , , false
02-20 20:48:11.821  1925  1925 D DCT     : [0]createAllApnList: X mAllApnSettings=[[ApnSettingV3] T-Mobile US, 1, 310260, epc.tmobile.com, , http://mms.msg.eng.t-mobile.com/mms/wapenc, , , , -1, *, IP, IP, true, 0, 0, 0, false, 0, 0, 0, 0, , , false]
02-20 20:48:11.821  1925  1925 D DCT     : [0]setDataProfilesAsNeeded
02-20 20:48:11.821  1925  1925 D DCT     : [0]setInitialApn: E mPreferredApn=[ApnSettingV3] T-Mobile US, 1, 310260, epc.tmobile.com, , http://mms.msg.eng.t-mobile.com/mms/wapenc, , , , -1, *, IP, IP, true, 0, 0, 0, false, 0, 0, 0, 0, , , false
02-20 20:48:11.821  1925  1925 D DCT     : [0]setInitialApn: firstApnSetting=[ApnSettingV3] T-Mobile US, 1, 310260, epc.tmobile.com, , http://mms.msg.eng.t-mobile.com/mms/wapenc, , , , -1, *, IP, IP, true, 0, 0, 0, false, 0, 0, 0, 0, , , false
02-20 20:48:11.821  1925  1925 D DCT     : [0]setInitialApn: defaultApnSetting=[ApnSettingV3] T-Mobile US, 1, 310260, epc.tmobile.com, , http://mms.msg.eng.t-mobile.com/mms/wapenc, , , , -1, *, IP, IP, true, 0, 0, 0, false, 0, 0, 0, 0, , , false
02-20 20:48:11.821  1925  1925 D DCT     : [0]setInitialAttachApn: using mPreferredApn
02-20 20:48:11.821  1925  1925 D DCT     : [0]setInitialAttachApn: X selected Apn=[ApnSettingV3] T-Mobile US, 1, 310260, epc.tmobile.com, , http://mms.msg.eng.t-mobile.com/mms/wapenc, , , , -1, *, IP, IP, true, 0, 0, 0, false, 0, 0, 0, 0, , , false
02-20 20:48:11.821  1925  1925 D RILJ    : Set RIL_REQUEST_SET_INITIAL_ATTACH_APN [SUB0]
02-20 20:48:11.821  1925  1925 D RILJ    : [3737]> RIL_REQUEST_SET_INITIAL_ATTACH_APN, apn:epc.tmobile.com, protocol:IP, authType:-1, username:none, password:none [SUB0]
02-20 20:48:11.822  1925  1925 D DCT     : [0]onRecordsLoadedOrSubIdChanged: notifying data availability
02-20 20:48:11.822  1374  1481 D RIL     : onRequest: RIL_REQUEST_SET_INITIAL_ATTACH_APN
02-20 20:48:11.822  1374  1481 D RIL     : Request not supported. Tech: 1
02-20 20:48:11.822  1925  1996 D RilRequest: [3737]< RIL_REQUEST_SET_INITIAL_ATTACH_APN error: com.android.internal.telephony.CommandException: REQUEST_NOT_SUPPORTED ret=
02-20 20:48:11.823  1659  2074 D TelephonyRegistry: Notify data connection state changed on sub: 1
02-20 20:48:11.823  1659  2074 D TelephonyRegistry: Notify data connection state changed on sub: 1
02-20 20:48:11.830  1938  1999 D EGL_emulation: eglMakeCurrent: 0x77f900664320: ver 3 0 (tinfo 0x77f90060c860)
02-20 20:48:11.841  1659  1693 W WindowManager: Keyguard drawn timeout. Setting mKeyguardDrawComplete
02-20 20:48:11.844  1312  1323 I SurfaceFlinger: Boot is finished (9948 ms)
02-20 20:48:11.845  1312  1323 I sf_stop_bootanim: 11805
02-20 20:48:11.863  1760  1760 I Choreographer: Skipped 51 frames!  The application may be doing too much work on its main thread.
02-20 20:48:11.864  1659  1693 V KeyguardServiceDelegate: *** Keyguard connected (yay!)
02-20 20:48:11.867  1760  1760 D ViewRootImpl[StatusBar]: changeCanvasOpacity: opaque=true
02-20 20:48:11.884  1925  1925 D DCT     : [0]setupDataOnConnectableApns: simLoaded hipri:[state=IDLE,enabled=false] mms:[state=IDLE,enabled=false] supl:[state=IDLE,enabled=false] ia:[state=IDLE,enabled=false] fota:[state=IDLE,enabled=false] ims:[state=IDLE,enabled=false] cbs:[state=IDLE,enabled=false] default:[state=IDLE,enabled=false] emergency:[state=IDLE,enabled=false] 
02-20 20:48:11.897  1925  1925 D SST     : SubscriptionListener.onSubscriptionInfoChanged
02-20 20:48:11.898  1925  1925 D PhoneFactory: calculatePreferredNetworkType: phoneSubId = 1 networkType = 0
02-20 20:48:11.898  1925  1925 D Phone   : setPreferredNetworkType: Abort, unknown RAF: 1 101902
02-20 20:48:11.899  1925  1925 D Phone   : setNetworkSelectionModeAutomatic, querying current mode
02-20 20:48:11.899  1925  1925 D RILJ    : [3738]> QUERY_NETWORK_SELECTION_MODE [SUB0]
02-20 20:48:11.899  1925  1925 D TelephonyManager: setTelephonyProperty: success phoneId=0 property=gsm.network.type value: LTE propVal=LTE
02-20 20:48:11.900  1374  1481 D RIL     : onRequest: QUERY_NETWORK_SELECTION_MODE
02-20 20:48:11.900  1374  1481 D AT      : AT> AT+COPS?
02-20 20:48:11.900  1925  1925 D SubscriptionController: [setCarrierText]+ text:Android subId:1
02-20 20:48:11.900  1374  1484 D AT      : AT< +COPS: 0,2,310260
02-20 20:48:11.900  1374  1484 D AT      : AT< OK
02-20 20:48:11.900  1925  1996 D RILJ    : [3738]< QUERY_NETWORK_SELECTION_MODE {0} [SUB0]
02-20 20:48:11.921  2091  2091 W art     : Unexpected CPU variant for X86 using defaults: x86_64
02-20 20:48:11.923  1659  2074 I am_proc_start: [0,2091,10067,com.google.android.deskclock,broadcast,com.google.android.deskclock/com.android.deskclock.AlarmInitReceiver]
02-20 20:48:11.923  1659  2074 I ActivityManager: Start proc 2091:com.google.android.deskclock/u0a67 for broadcast com.google.android.deskclock/com.android.deskclock.AlarmInitReceiver
02-20 20:48:11.924  1925  1925 D SubscriptionController: notifySubscriptionInfoChanged:
02-20 20:48:11.924  1659  1659 I GnssLocationProvider: WakeLock acquired by sendMessage(12, 0, null)
02-20 20:48:11.925  1925  1925 D SIMRecords: [SIMRecords] getServiceProviderName: no brandOverride, providerName=Android
02-20 20:48:11.925  1925  1925 D SIMRecords: [SIMRecords] getServiceProviderName: no brandOverride, providerName=Android
02-20 20:48:11.926  1925  1925 D SST     : updateSpnDisplay: changed sending intent rule=1 showPlmn='false' plmn='Android' showSpn='true' spn='Android' dataSpn='Android' subId='1'
02-20 20:48:11.928  1925  1925 D SubscriptionController: [setCarrierText]+ text:Android subId:1
02-20 20:48:11.931  1659  2079 I am_proc_bound: [0,2091,com.google.android.deskclock]
02-20 20:48:10.907     0     0 I init    : Service 'bootanim' (pid 1334) exited with status 0
02-20 20:48:10.908     0     0 I init    : Starting service 'exec 6 (/system/bin/bootstat)'...
02-20 20:48:10.931     0     0 I init    : Service 'exec 6 (/system/bin/bootstat)' (pid 2105) exited with status 0
02-20 20:48:10.931     0     0 I init    : Starting service 'exec 7 (/system/bin/bootstat)'...
02-20 20:48:11.930  2105  2105 I auditd  : type=1400 audit(0.0:11): avc: denied { getattr } for comm="bootstat" path="/vendor" dev="rootfs" ino=3995 scontext=u:r:bootstat:s0 tcontext=u:object_r:rootfs:s0 tclass=lnk_file permissive=0
02-20 20:48:11.930  2105  2105 W bootstat: type=1400 audit(0.0:11): avc: denied { getattr } for path="/vendor" dev="rootfs" ino=3995 scontext=u:r:bootstat:s0 tcontext=u:object_r:rootfs:s0 tclass=lnk_file permissive=0
02-20 20:48:10.947     0     0 I init    : Service 'exec 7 (/system/bin/bootstat)' (pid 2106) exited with status 0
02-20 20:48:10.951     0     0 I init    : Starting service 'exec 8 (/system/bin/bootstat)'...
02-20 20:48:11.960  2106  2106 I auditd  : type=1400 audit(0.0:12): avc: denied { getattr } for comm="bootstat" path="/vendor" dev="rootfs" ino=3995 scontext=u:r:bootstat:s0 tcontext=u:object_r:rootfs:s0 tclass=lnk_file permissive=0
02-20 20:48:11.960  2106  2106 W bootstat: type=1400 audit(0.0:12): avc: denied { getattr } for path="/vendor" dev="rootfs" ino=3995 scontext=u:r:bootstat:s0 tcontext=u:object_r:rootfs:s0 tclass=lnk_file permissive=0
02-20 20:48:10.996     0     0 I init    : Service 'exec 8 (/system/bin/bootstat)' (pid 2107) exited with status 0
02-20 20:48:10.996     0     0 I init    : Starting service 'exec 9 (/system/bin/bootstat)'...
02-20 20:48:11.002     0     0 I init    : Service 'exec 9 (/system/bin/bootstat)' (pid 2108) exited with status 0
02-20 20:48:11.028     0     0 I init    : write_file: Unable to open '/sys/class/android_usb/android0/enable': No such file or directory
02-20 20:48:11.029     0     0 I init    : write_file: Unable to open '/sys/class/android_usb/android0/idVendor': No such file or directory
02-20 20:48:11.030     0     0 I init    : write_file: Unable to open '/sys/class/android_usb/android0/idProduct': No such file or directory
02-20 20:48:11.951  1925  1925 D SubscriptionController: notifySubscriptionInfoChanged:
02-20 20:48:11.952  1659  1659 I GnssLocationProvider: WakeLock acquired by sendMessage(12, 0, null)
02-20 20:48:11.964  2105  2105 I bootstat: Service started: /system/bin/bootstat --record_boot_complete 
02-20 20:48:11.965  2105  2105 I bootstat: Logging histogram: bootstat_mtime_matches_content 1
02-20 20:48:11.968  1925  1925 D SIMRecords: [SIMRecords]  VoiceMessageCount from SIM MWIS = 0
02-20 20:48:11.968  1925  1925 D Phone   : getStoredVoiceMessageCount: from preference for subId 1= 0
02-20 20:48:11.968  1925  1925 D GsmCdmaPhone: [GsmCdmaPhone] updateVoiceMail countVoiceMessages = 0 subId 1
02-20 20:48:11.968  1925  1925 D Phone   : setVoiceMessageCount: Storing Voice Mail Count = 0 for mVmCountKey = vm_count_key1 in preferences.
02-20 20:48:11.969  1925  1925 D DCT     : [0]SubscriptionListener.onSubscriptionInfoChanged
02-20 20:48:11.969  2105  2105 I sysui_histogram: [bootstat_mtime_matches_content,1]
02-20 20:48:11.970  2105  2105 I bootstat: Logging histogram: bootstat_mtime_matches_content 1
02-20 20:48:11.970  2105  2105 I sysui_histogram: [bootstat_mtime_matches_content,1]
02-20 20:48:11.970  2105  2105 I bootstat: Logging histogram: bootstat_mtime_matches_content 1
02-20 20:48:11.970  2105  2105 I sysui_histogram: [bootstat_mtime_matches_content,1]
02-20 20:48:11.970  1925  1925 D DCT     : [0]onRecordsLoadedOrSubIdChanged: createAllApnList
02-20 20:48:11.970  1925  1925 D DCT     : [0]createAllApnList: selection=numeric = '310260'
02-20 20:48:11.976  1925  1925 D DCT     : [0]createApnList: X result=[[ApnSettingV3] T-Mobile US, 1, 310260, epc.tmobile.com, , http://mms.msg.eng.t-mobile.com/mms/wapenc, , , , -1, *, IP, IP, true, 0, 0, 0, false, 0, 0, 0, 0, , , false]
02-20 20:48:11.977  1925  1925 D TelephonyProvider: subIdString = 1 subId = 1
02-20 20:48:11.977  1925  1925 D DCT     : [0]getPreferredApn: mRequestedApnType=default cursor=android.content.ContentResolver$CursorWrapperInner@c3ad2bf cursor.count=1
02-20 20:48:11.977  1925  1925 D DCT     : [0]getPreferredApn: apnSetting=[ApnSettingV3] T-Mobile US, 1, 310260, epc.tmobile.com, , http://mms.msg.eng.t-mobile.com/mms/wapenc, , , , -1, *, IP, IP, true, 0, 0, 0, false, 0, 0, 0, 0, , , false
02-20 20:48:11.977  1925  1925 D DCT     : [0]getPreferredApn: X found apnSetting[ApnSettingV3] T-Mobile US, 1, 310260, epc.tmobile.com, , http://mms.msg.eng.t-mobile.com/mms/wapenc, , , , -1, *, IP, IP, true, 0, 0, 0, false, 0, 0, 0, 0, , , false
02-20 20:48:11.977  1925  1925 D DCT     : [0]createAllApnList: mPreferredApn=[ApnSettingV3] T-Mobile US, 1, 310260, epc.tmobile.com, , http://mms.msg.eng.t-mobile.com/mms/wapenc, , , , -1, *, IP, IP, true, 0, 0, 0, false, 0, 0, 0, 0, , , false
02-20 20:48:11.977  1925  1925 D DCT     : [0]createAllApnList: X mAllApnSettings=[[ApnSettingV3] T-Mobile US, 1, 310260, epc.tmobile.com, , http://mms.msg.eng.t-mobile.com/mms/wapenc, , , , -1, *, IP, IP, true, 0, 0, 0, false, 0, 0, 0, 0, , , false]
02-20 20:48:11.977  1925  1925 D DCT     : [0]setDataProfilesAsNeeded
02-20 20:48:11.977  1925  1925 D DCT     : [0]setInitialApn: E mPreferredApn=[ApnSettingV3] T-Mobile US, 1, 310260, epc.tmobile.com, , http://mms.msg.eng.t-mobile.com/mms/wapenc, , , , -1, *, IP, IP, true, 0, 0, 0, false, 0, 0, 0, 0, , , false
02-20 20:48:11.977  1925  1925 D DCT     : [0]setInitialApn: firstApnSetting=[ApnSettingV3] T-Mobile US, 1, 310260, epc.tmobile.com, , http://mms.msg.eng.t-mobile.com/mms/wapenc, , , , -1, *, IP, IP, true, 0, 0, 0, false, 0, 0, 0, 0, , , false
02-20 20:48:11.977  1925  1925 D DCT     : [0]setInitialApn: defaultApnSetting=[ApnSettingV3] T-Mobile US, 1, 310260, epc.tmobile.com, , http://mms.msg.eng.t-mobile.com/mms/wapenc, , , , -1, *, IP, IP, true, 0, 0, 0, false, 0, 0, 0, 0, , , false
02-20 20:48:11.977  1925  1925 D DCT     : [0]setInitialAttachApn: using mPreferredApn
02-20 20:48:11.978  1925  1925 D DCT     : [0]setInitialAttachApn: X selected Apn=[ApnSettingV3] T-Mobile US, 1, 310260, epc.tmobile.com, , http://mms.msg.eng.t-mobile.com/mms/wapenc, , , , -1, *, IP, IP, true, 0, 0, 0, false, 0, 0, 0, 0, , , false
02-20 20:48:11.978  1925  1925 D RILJ    : Set RIL_REQUEST_SET_INITIAL_ATTACH_APN [SUB0]
02-20 20:48:11.978  1925  1925 D RILJ    : [3739]> RIL_REQUEST_SET_INITIAL_ATTACH_APN, apn:epc.tmobile.com, protocol:IP, authType:-1, username:none, password:none [SUB0]
02-20 20:48:11.978  1925  1925 D DCT     : [0]onRecordsLoadedOrSubIdChanged: notifying data availability
02-20 20:48:11.978  1374  1481 D RIL     : onRequest: RIL_REQUEST_SET_INITIAL_ATTACH_APN
02-20 20:48:11.978  1374  1481 D RIL     : Request not supported. Tech: 1
02-20 20:48:11.978  1925  1996 D RilRequest: [3739]< RIL_REQUEST_SET_INITIAL_ATTACH_APN error: com.android.internal.telephony.CommandException: REQUEST_NOT_SUPPORTED ret=
02-20 20:48:11.982  2106  2106 I bootstat: Service started: /system/bin/bootstat --record_boot_reason 
02-20 20:48:11.982  2106  2106 I bootstat: Unknown boot reason: 
02-20 20:48:11.988  1312  1312 I sf_frame_dur: [BootAnimation,0,28,176,14,0,0,0]
02-20 20:48:11.992  1659  1699 I wm_boot_animation_done: 11952
02-20 20:48:12.012  1925  1925 D DCT     : [0]setupDataOnConnectableApns: simLoaded hipri:[state=IDLE,enabled=false] mms:[state=IDLE,enabled=false] supl:[state=IDLE,enabled=false] ia:[state=IDLE,enabled=false] fota:[state=IDLE,enabled=false] ims:[state=IDLE,enabled=false] cbs:[state=IDLE,enabled=false] default:[state=IDLE,enabled=false] emergency:[state=IDLE,enabled=false] 
02-20 20:48:12.013  1925  1925 D PhoneSwitcher: evaluating due to subChanged phone[0] -2->1
02-20 20:48:12.013  1925  1925 D PhoneSwitcher: activate 0
02-20 20:48:12.013  1925  1925 D RILJ    : [3740]> RIL_REQUEST_ALLOW_DATA allowed: true [SUB0]
02-20 20:48:12.013  1374  1481 D RIL     : onRequest: ALLOW_DATA
02-20 20:48:12.013  1374  1481 D RIL     : Request not supported. Tech: 1
