02-20 20:48:08.003  1500  1500 E ipv6proxy: Failed to forward Router Advertisement from eth0 to wlan1: Network is unreachable
02-20 20:48:08.012  1659  1659 I Zygote  : Process: zygote socket opened, supported ABIS: x86
02-20 20:48:08.012  1363  1542 I art     : Starting a blocking GC HeapTrim
02-20 20:48:08.018  1760  1760 W System  : ClassLoader referenced unknown path: /system/priv-app/SystemUIGoogle/lib/x86_64
02-20 20:48:08.021  1363  1363 I art     : Starting a blocking GC Background
02-20 20:48:08.031  1788  1788 W sdcard  : Device explicitly disabled sdcardfs
02-20 20:48:08.043     0     0 D SELinux : initialized (dev fuse, type fuse), uses genfs_contexts
02-20 20:48:08.054  1267  1302 V vold    : Waiting for FUSE to spin up...
02-20 20:48:08.056     0     0 D SELinux : initialized (dev fuse, type fuse), uses genfs_contexts
02-20 20:48:08.070     0     0 D SELinux : initialized (dev fuse, type fuse), uses genfs_contexts
02-20 20:48:08.084  1659  1793 E WVMExtractor: Failed to open libwvm.so: dlopen failed: library "libwvm.so" not found
02-20 20:48:08.087  1659  1659 W ActivityManager: Slow operation: 87ms so far, now at startProcess: returned from zygote!
02-20 20:48:08.087  1659  1659 W ActivityManager: Slow operation: 87ms so far, now at startProcess: done updating battery stats
02-20 20:48:08.087  1659  1659 I am_proc_start: [0,1798,1037,WebViewLoader-x86,,]
02-20 20:48:08.087  1659  1659 W ActivityManager: Slow operation: 87ms so far, now at startProcess: building log message
02-20 20:48:08.087  1659  1659 I ActivityManager: Start proc 1798:WebViewLoader-x86/1037 [android.webkit.WebViewFactory$RelroFileCreator] for 
02-20 20:48:08.087  1659  1659 W ActivityManager: Slow operation: 87ms so far, now at startProcess: starting to update pids map
02-20 20:48:08.087  1659  1659 W ActivityManager: Slow operation: 87ms so far, now at startProcess: done updating pids map
02-20 20:48:08.087  1659  1659 W ActivityManager: Slow operation: 87ms so far, now at startProcess: done starting proc!
02-20 20:48:08.105  1659  1723 D VoldConnector: RCV <- {651 emulated 2}
02-20 20:48:08.105  1659  1723 D VoldConnector: RCV <- {200 5 Command succeeded}
02-20 20:48:08.105  1659  1722 D VoldConnector: SND -> {6 volume mount public:253,64 2 0}
02-20 20:48:08.106  1267  1302 V vold    : /system/bin/blkid
02-20 20:48:08.106  1267  1302 V vold    :     -c
02-20 20:48:08.106  1267  1302 V vold    :     /dev/null
02-20 20:48:08.106  1267  1302 V vold    :     -s
02-20 20:48:08.106  1267  1302 V vold    :     TYPE
02-20 20:48:08.106  1267  1302 V vold    :     -s
02-20 20:48:08.106  1267  1302 V vold    :     UUID
02-20 20:48:08.106  1267  1302 V vold    :     -s
02-20 20:48:08.106  1267  1302 V vold    :     LABEL
02-20 20:48:08.106  1267  1302 V vold    :     /dev/block/vold/public:253,64
02-20 20:48:08.106  1659  1723 D VoldConnector: RCV <- {651 public:253,64 1}
02-20 20:48:08.107  1803  1803 W art     : Unexpected CPU variant for X86 using defaults: x86_64
02-20 20:48:08.125  1510  1510 I hostapd : wlan1: interface state COUNTRY_UPDATE->HT_SCAN
02-20 20:48:08.128  1659  1659 I am_proc_start: [0,1803,1037,WebViewLoader-x86_64,,]
02-20 20:48:08.128  1659  1659 I ActivityManager: Start proc 1803:WebViewLoader-x86_64/1037 [android.webkit.WebViewFactory$RelroFileCreator] for 
02-20 20:48:08.130  1659  1659 D NetworkManagement: enabling bandwidth control
02-20 20:48:08.125     0     0 D ieee80211 phy1: mac80211_hwsim_config (freq=0 idle=1 ps=0 smps=auto)
02-20 20:48:08.125     0     0 D ieee80211 phy1: hwsim hw_scan request
02-20 20:48:08.125     0     0 D ieee80211 phy1: hw scan 2412 MHz
02-20 20:48:08.146  1803  1803 V WebViewFactory: RelroFileCreator (64bit = true),  32-bit lib: /system/app/Chrome/Chrome.apk!/lib/x86/libmonochrome.so, 64-bit lib: /system/app/Chrome/Chrome.apk!/lib/x86_64/libmonochrome.so
02-20 20:48:08.154  1267  1302 V vold    : /dev/block/vold/public:253,64: LABEL="SDCARD" UUID="1E12-0B12" TYPE="vfat" 
02-20 20:48:08.154  1267  1302 V vold    : 
02-20 20:48:08.167  1659  1723 D VoldConnector: RCV <- {652 public:253,64 vfat}
02-20 20:48:08.167  1659  1723 D VoldConnector: RCV <- {653 public:253,64 1E12-0B12}
02-20 20:48:08.167  1659  1723 D VoldConnector: RCV <- {654 public:253,64 SDCARD}
02-20 20:48:08.169  1798  1798 W art     : Unexpected CPU variant for X86 using defaults: x86
02-20 20:48:08.171  1267  1302 V vold    : /system/bin/fsck_msdos
02-20 20:48:08.171  1267  1302 V vold    :     -p
02-20 20:48:08.171  1267  1302 V vold    :     -f
02-20 20:48:08.171  1267  1302 V vold    :     /dev/block/vold/public:253,64
02-20 20:48:08.190  1372  1372 I MediaPlayerService: MediaPlayerService::getOMX
02-20 20:48:08.191  1372  1372 I OMXClient: MuxOMX ctor
02-20 20:48:08.194  1798  1798 V WebViewFactory: RelroFileCreator (64bit = false),  32-bit lib: /system/app/Chrome/Chrome.apk!/lib/x86/libmonochrome.so, 64-bit lib: /system/app/Chrome/Chrome.apk!/lib/x86_64/libmonochrome.so
02-20 20:48:08.196  1659  1730 D WifiController: DEFERRED_TOGGLE handled
02-20 20:48:08.196  1372  1372 I MediaPlayerService: MediaPlayerService::getOMX
02-20 20:48:08.196  1372  1372 I OMXClient: MuxOMX ctor
02-20 20:48:08.197  1369  1369 I OMXMaster: makeComponentInstance(OMX.google.mp3.decoder) in mediacodec process
02-20 20:48:08.205  1267  1302 I fsck_msdos: ** /dev/block/vold/public:253,64
02-20 20:48:08.206  1267  1302 I fsck_msdos: ** Phase 1 - Read and Compare FATs
02-20 20:48:08.206  1267  1302 I fsck_msdos: Attempting to allocate 1022 KB for FAT
02-20 20:48:08.240     0     0 D ieee80211 phy1: hw scan 2417 MHz
02-20 20:48:08.262  1760  1760 V SystemUIService: Starting SystemUI services for user 0.
02-20 20:48:08.283  1267  1302 I fsck_msdos: Attempting to allocate 1022 KB for FAT
02-20 20:48:08.313  1760  1760 V MediaRouter: Adding route: RouteInfo{ name=Phone, description=null, status=null, category=RouteCategory{ name=null types=ROUTE_TYPE_LIVE_AUDIO ROUTE_TYPE_LIVE_VIDEO  groupable=false }, supportedTypes=ROUTE_TYPE_LIVE_AUDIO ROUTE_TYPE_LIVE_VIDEO , presentationDisplay=null }
02-20 20:48:08.317  1760  1760 V MediaRouter: Updating audio routes: AudioRoutesInfo{ type=SPEAKER }
02-20 20:48:08.319  1760  1760 V MediaRouter: Selecting route: RouteInfo{ name=Phone, description=null, status=null, category=RouteCategory{ name=null types=ROUTE_TYPE_LIVE_AUDIO ROUTE_TYPE_LIVE_VIDEO  groupable=false }, supportedTypes=ROUTE_TYPE_LIVE_AUDIO ROUTE_TYPE_LIVE_VIDEO , presentationDisplay=null }
02-20 20:48:08.337  1659  1676 D TelephonyRegistry: listen oscl: hasNotifySubscriptionInfoChangedOccurred==false no callback
02-20 20:48:08.361  1267  1302 I fsck_msdos: ** Phase 2 - Check Cluster Chains
02-20 20:48:08.363  1267  1302 I fsck_msdos: ** Phase 3 - Checking Directories
02-20 20:48:08.364  1372  1372 I MediaPlayerService: MediaPlayerService::getOMX
02-20 20:48:08.366  1372  1372 I OMXClient: MuxOMX ctor
02-20 20:48:08.366  1369  1388 I OMXMaster: makeComponentInstance(OMX.google.amrnb.decoder) in mediacodec process
02-20 20:48:08.370  1267  1302 I fsck_msdos: ** Phase 4 - Checking for Lost Files
02-20 20:48:08.371  1267  1302 I fsck_msdos: 27 files, 522176 free (261088 clusters)
02-20 20:48:08.372  1754  1754 I LatinIME: Hardware accelerated drawing: true
02-20 20:48:08.373  1373  1688 D SoftapController: Softap fwReload - Ok
02-20 20:48:08.378  1372  1372 I MediaPlayerService: MediaPlayerService::getOMX
02-20 20:48:08.378  1372  1372 I OMXClient: MuxOMX ctor
02-20 20:48:08.378  1369  1369 I OMXMaster: makeComponentInstance(OMX.google.amrwb.decoder) in mediacodec process
02-20 20:48:08.379  1372  1372 I MediaPlayerService: MediaPlayerService::getOMX
02-20 20:48:08.379  1372  1372 I OMXClient: MuxOMX ctor
02-20 20:48:08.379  1369  1369 I OMXMaster: makeComponentInstance(OMX.google.aac.decoder) in mediacodec process
02-20 20:48:08.370     0     0 D ieee80211 phy1: hw scan 2422 MHz
02-20 20:48:08.384  1267  1302 I Vold    : Filesystem check completed OK
02-20 20:48:08.384  1372  1372 I MediaPlayerService: MediaPlayerService::getOMX
02-20 20:48:08.384  1659  1723 D VoldConnector: RCV <- {656 public:253,64 /mnt/media_rw/1E12-0B12}
02-20 20:48:08.384  1372  1372 I OMXClient: MuxOMX ctor
02-20 20:48:08.384  1369  1388 I OMXMaster: makeComponentInstance(OMX.google.g711.alaw.decoder) in mediacodec process
02-20 20:48:08.385  1659  1723 D VoldConnector: RCV <- {655 public:253,64 /storage/1E12-0B12}
02-20 20:48:08.397  1267  1302 V vold    : Waiting for FUSE to spin up...
02-20 20:48:08.395     0     0 W FAT-fs (vde): Volume was not properly unmounted. Some data may be corrupt. Please run fsck.
02-20 20:48:08.396     0     0 D SELinux : initialized (dev vde, type vfat), uses genfs_contexts
02-20 20:48:08.424  1760  1853 E WVMExtractor: Failed to open libwvm.so: dlopen failed: library "libwvm.so" not found
02-20 20:48:08.426  1850  1850 W sdcard  : Device explicitly disabled sdcardfs
02-20 20:48:08.433     0     0 D SELinux : initialized (dev fuse, type fuse), uses genfs_contexts
02-20 20:48:08.445  1798  1798 I art     : System.exit called, status: 0
02-20 20:48:08.445  1798  1798 I AndroidRuntime: VM exiting with result code 0, cleanup skipped.
02-20 20:48:08.448  1659  1723 D VoldConnector: RCV <- {651 public:253,64 2}
02-20 20:48:08.448  1659  1723 D VoldConnector: RCV <- {200 6 Command succeeded}
02-20 20:48:08.440     0     0 D SELinux : initialized (dev fuse, type fuse), uses genfs_contexts
02-20 20:48:08.441     0     0 D SELinux : initialized (dev fuse, type fuse), uses genfs_contexts
02-20 20:48:08.466  1372  1372 I MediaPlayerService: MediaPlayerService::getOMX
02-20 20:48:08.467  1372  1372 I OMXClient: MuxOMX ctor
02-20 20:48:08.467  1369  1388 I OMXMaster: makeComponentInstance(OMX.google.g711.mlaw.decoder) in mediacodec process
02-20 20:48:08.501  1659  1659 W NetworkManagement: setDataSaverMode(): already false
02-20 20:48:08.502  1803  1803 I art     : System.exit called, status: 0
02-20 20:48:08.502  1803  1803 I AndroidRuntime: VM exiting with result code 0, cleanup skipped.
02-20 20:48:08.505  1373  1688 D CommandListener: Setting iface cfg
02-20 20:48:08.505  1373  1688 D CommandListener: Trying to bring down wlan0
02-20 20:48:08.509  1373  1688 D CommandListener: Clearing all IP addresses on wlan0
02-20 20:48:08.500     0     0 D ieee80211 phy1: hw scan 2427 MHz
02-20 20:48:08.513  1659  1731 E WifiMonitor: killSupplicant p2pfalse init.svc.wpa_supplicant=unknown init.svc.p2p_supplicant=unknown
02-20 20:48:08.513  1659  1731 E wifi    : Can not initialize the vendor function pointer table
02-20 20:48:08.513  1659  1731 E WifiNative-HAL: Could not start hal
02-20 20:48:08.513  1659  1731 E WifiStateMachine: Failed to start HAL
02-20 20:48:08.516  1659  1731 D WifiMonitor: startMonitoring(wlan0) with mConnected = false
02-20 20:48:08.516  1659  1731 E WifiHW  : Unable to open connection to supplicant on "@android:wpa_wlan0": No such file or directory
02-20 20:48:08.514     0     0 I init    : Starting service 'wpa_supplicant'...
02-20 20:48:08.524  1372  1372 I MediaPlayerService: MediaPlayerService::getOMX
02-20 20:48:08.524  1372  1372 I OMXClient: MuxOMX ctor
02-20 20:48:08.526  1369  1388 I OMXMaster: makeComponentInstance(OMX.google.vorbis.decoder) in mediacodec process
02-20 20:48:08.543  1754  1754 W InputAttributes: No editor info for this field. Bug?
02-20 20:48:08.574  1754  1878 I LatinIME:LogUtils: Dictionary info: dictionary = userunigram.en_US ; version = 1519159688 ; date = ?
02-20 20:48:08.575  1754  1878 E ActivityThread: Failed to find provider info for user_dictionary
02-20 20:48:08.576  1754  1878 I LatinIME:LogUtils: Dictionary info: dictionary = UserHistoryDictionary.en_US ; version = 1519159688 ; date = ?
02-20 20:48:08.588  1873  1873 I wpa_supplicant: Successfully initialized wpa_supplicant
02-20 20:48:08.594  1873  1873 I wpa_supplicant: rfkill: Cannot open RFKILL control device
02-20 20:48:08.595  1873  1873 I wpa_supplicant: nl80211: Could not re-add multicast membership for vendor events: -2 (No such file or directory)
02-20 20:48:08.600  1372  1372 I MediaPlayerService: MediaPlayerService::getOMX
02-20 20:48:08.600  1372  1372 I OMXClient: MuxOMX ctor
02-20 20:48:08.601  1369  1388 I OMXMaster: makeComponentInstance(OMX.google.opus.decoder) in mediacodec process
02-20 20:48:08.594     0     0 D ieee80211 phy0: mac80211_hwsim_start
02-20 20:48:08.594     0     0 D ieee80211 phy0: mac80211_hwsim_add_interface (type=2 mac_addr=02:00:00:44:55:66)
02-20 20:48:08.594     0     0 D ieee80211 phy0: mac80211_hwsim_bss_info_changed(changed=0xe)
02-20 20:48:08.594     0     0 D ieee80211 phy0: ERP_CTS_PROT: 0
02-20 20:48:08.594     0     0 D ieee80211 phy0: ERP_PREAMBLE: 0
02-20 20:48:08.594     0     0 D ieee80211 phy0: ERP_SLOT: 0
02-20 20:48:08.594     0     0 D ieee80211 phy0: mac80211_hwsim_conf_tx (queue=0 txop=0 cw_min=15 cw_max=1023 aifs=2)
02-20 20:48:08.594     0     0 D ieee80211 phy0: mac80211_hwsim_conf_tx (queue=1 txop=0 cw_min=15 cw_max=1023 aifs=2)
02-20 20:48:08.594     0     0 D ieee80211 phy0: mac80211_hwsim_conf_tx (queue=2 txop=0 cw_min=15 cw_max=1023 aifs=2)
02-20 20:48:08.594     0     0 D ieee80211 phy0: mac80211_hwsim_conf_tx (queue=3 txop=0 cw_min=15 cw_max=1023 aifs=2)
02-20 20:48:08.594     0     0 D ieee80211 phy0: mac80211_hwsim_bss_info_changed(changed=0x2000)
02-20 20:48:08.594     0     0 D ieee80211 phy0: mac80211_hwsim_config (freq=0 idle=0 ps=0 smps=auto)
02-20 20:48:08.594     0     0 I IPv6    : ADDRCONF(NETDEV_UP): wlan0: link is not ready
02-20 20:48:08.595     0     0 D ieee80211 phy0: mac80211_hwsim_configure_filter
02-20 20:48:08.613  1760  1760 I vol.Events: writeEvent collection_started
02-20 20:48:08.624  1372  1372 I MediaPlayerService: MediaPlayerService::getOMX
02-20 20:48:08.624  1372  1372 I OMXClient: MuxOMX ctor
02-20 20:48:08.624  1369  1388 I OMXMaster: makeComponentInstance(OMX.google.raw.decoder) in mediacodec process
02-20 20:48:08.631     0     0 D ieee80211 phy1: hw scan 2432 MHz
02-20 20:48:08.626  1760  1884 I sysui_action: [213,2]
02-20 20:48:08.626  1760  1884 I vol.Events: writeEvent external_ringer_mode_changed normal
02-20 20:48:08.626  1760  1884 I vol.Events: writeEvent internal_ringer_mode_changed normal
02-20 20:48:08.631  1873  1873 E wpa_supplicant: global ctrl interface @android:wpa_wlan0 matches ctrl interface wlan0 - do not open per-interface ctrl interface
02-20 20:48:08.636  1372  1372 I MediaPlayerService: MediaPlayerService::getOMX
02-20 20:48:08.636  1372  1372 I OMXClient: MuxOMX ctor
02-20 20:48:08.636  1369  1840 I OMXMaster: makeComponentInstance(OMX.google.aac.encoder) in mediacodec process
02-20 20:48:08.647  1659  1659 D NetworkPolicy: setRestrictBackgroundUL(): false
02-20 20:48:08.648  1659  1659 W NetworkManagement: setDataSaverMode(): already false
02-20 20:48:08.651  1372  1372 I MediaPlayerService: MediaPlayerService::getOMX
02-20 20:48:08.656  1372  1372 I OMXClient: MuxOMX ctor
02-20 20:48:08.656  1369  1369 I OMXMaster: makeComponentInstance(OMX.google.amrnb.encoder) in mediacodec process
02-20 20:48:08.664  1372  1372 I MediaPlayerService: MediaPlayerService::getOMX
02-20 20:48:08.664  1372  1372 I OMXClient: MuxOMX ctor
02-20 20:48:08.664  1369  1388 I OMXMaster: makeComponentInstance(OMX.google.amrwb.encoder) in mediacodec process
02-20 20:48:08.666  1754  1878 I LatinIME:LogUtils: Dictionary info: dictionary = main:en ; version = 54 ; date = 1414726273
02-20 20:48:08.666  1372  1372 I MediaPlayerService: MediaPlayerService::getOMX
02-20 20:48:08.666  1372  1372 I OMXClient: MuxOMX ctor
02-20 20:48:08.667  1369  1840 I OMXMaster: makeComponentInstance(OMX.google.flac.encoder) in mediacodec process
02-20 20:48:08.693  1372  1372 I MediaPlayerService: MediaPlayerService::getOMX
02-20 20:48:08.693  1372  1372 I OMXClient: MuxOMX ctor
02-20 20:48:08.693  1369  1369 I OMXMaster: makeComponentInstance(OMX.google.gsm.decoder) in mediacodec process
02-20 20:48:08.714  1372  1372 I MediaPlayerService: MediaPlayerService::getOMX
02-20 20:48:08.714  1372  1372 I OMXClient: MuxOMX ctor
02-20 20:48:08.714  1369  1369 I OMXMaster: makeComponentInstance(OMX.google.mpeg4.decoder) in mediacodec process
02-20 20:48:08.734  1659  1693 W WindowManager: Keyguard drawn timeout. Setting mKeyguardDrawComplete
02-20 20:48:08.753     0     0 D ieee80211 phy1: hw scan 2437 MHz
02-20 20:48:08.743  1369  1388 E OMXNodeInstance: getExtensionIndex(559000f:google.mpeg4.decoder, OMX.google.android.index.configureVideoTunnelMode) ERROR: UnsupportedIndex(0x8000101a)
02-20 20:48:08.743  1369  1840 W OMXNodeInstance: [559000f:google.mpeg4.decoder] component does not support metadata mode; using fallback
02-20 20:48:08.744  1372  1372 I MediaPlayerService: MediaPlayerService::getOMX
02-20 20:48:08.744  1372  1372 I OMXClient: MuxOMX ctor
02-20 20:48:08.744  1369  1369 I OMXMaster: makeComponentInstance(OMX.google.h263.decoder) in mediacodec process
02-20 20:48:08.762  1369  1840 E OMXNodeInstance: getExtensionIndex(5590010:google.h263.decoder, OMX.google.android.index.configureVideoTunnelMode) ERROR: UnsupportedIndex(0x8000101a)
02-20 20:48:08.762  1369  1388 W OMXNodeInstance: [5590010:google.h263.decoder] component does not support metadata mode; using fallback
02-20 20:48:08.763  1372  1372 I MediaPlayerService: MediaPlayerService::getOMX
02-20 20:48:08.763  1372  1372 I OMXClient: MuxOMX ctor
02-20 20:48:08.763  1369  1369 I OMXMaster: makeComponentInstance(OMX.google.h264.decoder) in mediacodec process
02-20 20:48:08.805  1372  1372 W ACodec  : [OMX.google.h264.decoder] stopping checking profiles after 32: 2/8000
02-20 20:48:08.805  1369  1369 E OMXNodeInstance: getExtensionIndex(5590011:google.h264.decoder, OMX.google.android.index.configureVideoTunnelMode) ERROR: UnsupportedIndex(0x8000101a)
02-20 20:48:08.805  1369  1840 W OMXNodeInstance: [5590011:google.h264.decoder] component does not support metadata mode; using fallback
02-20 20:48:08.806  1372  1372 I MediaPlayerService: MediaPlayerService::getOMX
02-20 20:48:08.806  1372  1372 I OMXClient: MuxOMX ctor
02-20 20:48:08.806  1369  1840 I OMXMaster: makeComponentInstance(OMX.google.hevc.decoder) in mediacodec process
02-20 20:48:08.818  1659  1784 I stream_devices_changed: [0,0,2]
02-20 20:48:08.818  1659  1784 I stream_devices_changed: [2,0,2]
02-20 20:48:08.818  1659  1784 I stream_devices_changed: [3,0,2]
02-20 20:48:08.819  1659  1784 I stream_devices_changed: [6,0,2]
02-20 20:48:08.820  1659  1784 I stream_devices_changed: [4,0,2]
02-20 20:48:08.820  1760  1884 I vol.Events: writeEvent level_changed STREAM_ALARM 6
02-20 20:48:08.826  1760  1884 I vol.Events: writeEvent level_changed STREAM_BLUETOOTH_SCO 7
02-20 20:48:08.826  1760  1884 I vol.Events: writeEvent level_changed STREAM_MUSIC 11
02-20 20:48:08.838  1760  1884 I vol.Events: writeEvent level_changed STREAM_RING 5
02-20 20:48:08.839  1760  1884 I vol.Events: writeEvent level_changed STREAM_SYSTEM 5
02-20 20:48:08.840  1760  1884 I vol.Events: writeEvent level_changed STREAM_VOICE_CALL 4
02-20 20:48:08.852  1659  1659 I SystemServiceManager: Starting phase 600
02-20 20:48:08.856  1369  1369 E OMXNodeInstance: getExtensionIndex(5590012:google.hevc.decoder, OMX.google.android.index.configureVideoTunnelMode) ERROR: UnsupportedIndex(0x8000101a)
02-20 20:48:08.856  1369  1388 W OMXNodeInstance: [5590012:google.hevc.decoder] component does not support metadata mode; using fallback
02-20 20:48:08.857  1312  1324 E SurfaceFlinger: ro.sf.lcd_density must be defined as a build property
02-20 20:48:08.863  1659  1659 D SensorNotificationService: Cannot obtain dynamic meta sensor, not supported.
02-20 20:48:08.865  1659  1727 I netstats_mobile_sample: [0,0,0,0,0,0,0,0,0,0,0,0,-1]
02-20 20:48:08.865  1659  1727 I netstats_wifi_sample: [0,0,0,0,0,0,0,0,0,0,0,0,-1]
02-20 20:48:08.866  1760  1760 D         : HostConnection::get() New Host Connection established 0x77f8ed8375a0, tid 1760
02-20 20:48:08.867  1372  1372 I MediaPlayerService: MediaPlayerService::getOMX
02-20 20:48:08.867  1372  1372 I OMXClient: MuxOMX ctor
02-20 20:48:08.867  1369  1840 I OMXMaster: makeComponentInstance(OMX.google.vp8.decoder) in mediacodec process
02-20 20:48:08.876  1659  1669 W art     : Suspending all threads took: 6.934ms
02-20 20:48:08.870     0     0 D ieee80211 phy1: hw scan 2442 MHz
02-20 20:48:08.884  1659  1659 D TelephonyRegistry: listen oscl: hasNotifySubscriptionInfoChangedOccurred==false no callback
02-20 20:48:08.897  1659  1669 I art     : Background sticky concurrent mark sweep GC freed 48445(2MB) AllocSpace objects, 12(252KB) LOS objects, 13% free, 21MB/24MB, paused 14.876ms total 35.194ms
02-20 20:48:08.898  1659  1659 I GnssLocationProvider: WakeLock acquired by sendMessage(13, 0, null)
02-20 20:48:08.901  1659  1659 W LocationProviderProxy-network: Odd, no component found for service com.android.location.service.v3.NetworkLocationProvider
02-20 20:48:08.902  1659  1659 W GeocoderProxy: Odd, no component found for service com.android.location.service.GeocodeProvider
02-20 20:48:08.902  1659  1659 E FlpHardwareProvider: Error hw_get_module 'flp': -2
02-20 20:48:08.902  1659  1659 D LocationManagerService: FLP HAL not supported
02-20 20:48:08.903  1659  1659 W GeofenceProxy: Odd, no component found for service com.android.location.service.GeofenceProvider
02-20 20:48:08.903  1659  1659 E ActivityRecognitionHardware: Error hw_get_module: -2
02-20 20:48:08.903  1659  1659 D LocationManagerService: Hardware Activity-Recognition not supported.
02-20 20:48:08.903  1659  1659 W ActivityRecognitionProxy: Odd, no component found for service com.android.location.service.ActivityRecognitionProvider
02-20 20:48:08.905  1659  1659 I GnssLocationProvider: WakeLock acquired by sendMessage(2, 1, null)
02-20 20:48:08.908  1659  1659 I CommonTimeManagementService: No common time service detected on this platform.  Common time services will be unavailable.
02-20 20:48:08.909  1659  1721 I InputReader: Reconfiguring input devices.  changes=0x00000020
02-20 20:48:08.909  1760  1760 D StorageNotification: Notifying about private volume: VolumeInfo{private}:
02-20 20:48:08.909  1760  1760 D StorageNotification:     type=PRIVATE diskId=null partGuid=null mountFlags=0 mountUserId=-1 
02-20 20:48:08.909  1760  1760 D StorageNotification:     state=MOUNTED 
02-20 20:48:08.909  1760  1760 D StorageNotification:     fsType=null fsUuid=null fsLabel=null 
02-20 20:48:08.909  1760  1760 D StorageNotification:     path=/data internalPath=null 
02-20 20:48:08.909  1760  1760 D StorageNotification: Notifying about public volume: VolumeInfo{public:253,64}:
02-20 20:48:08.909  1760  1760 D StorageNotification:     type=PUBLIC diskId=disk:253,64 partGuid=null mountFlags=VISIBLE 
02-20 20:48:08.909  1760  1760 D StorageNotification:     mountUserId=0 state=MOUNTED 
02-20 20:48:08.909  1760  1760 D StorageNotification:     fsType=vfat fsUuid=1E12-0B12 fsLabel=SDCARD 
02-20 20:48:08.909  1760  1760 D StorageNotification:     path=/storage/1E12-0B12 internalPath=/mnt/media_rw/1E12-0B12 
02-20 20:48:08.910  1659  1721 I InputReader: Reconfiguring input devices.  changes=0x00000010
02-20 20:48:08.911  1659  1659 D TelephonyRegistry: systemRunning register for intents
02-20 20:48:08.911  1659  1659 I MmsServiceBroker: Delay connecting to MmsService until an API is called
02-20 20:48:08.915  1659  1691 W GnssLocationProvider: Could not open GPS configuration file /etc/gps.conf
02-20 20:48:08.915  1659  1691 E GnssLocationProvider: no AGPS interface in set_agps_server
02-20 20:48:08.930  1369  1369 E OMXNodeInstance: getExtensionIndex(5590013:google.vp8.decoder, OMX.google.android.index.configureVideoTunnelMode) ERROR: UnsupportedIndex(0x8000101a)
02-20 20:48:08.930  1369  1388 W OMXNodeInstance: [5590013:google.vp8.decoder] component does not support metadata mode; using fallback
02-20 20:48:08.938  1659  1659 I am_proc_start: [0,1925,1001,com.android.phone,added application,com.android.phone]
02-20 20:48:08.938  1659  1659 I ActivityManager: Start proc 1925:com.android.phone/1001 for added application com.android.phone
02-20 20:48:08.940  1659  1659 I ActivityManager: START u0 {act=android.intent.action.MAIN cat=[android.intent.category.HOME] flg=0x10000100 cmp=com.android.settings/.FallbackHome} from uid 0 on display 0
02-20 20:48:08.941  1659  1659 W System  : ClassLoader referenced unknown path: 
02-20 20:48:08.941  1659  1659 W System  : ClassLoader referenced unknown path: /system/priv-app/Settings/lib/x86_64
02-20 20:48:08.941  1925  1925 W art     : Unexpected CPU variant for X86 using defaults: x86_64
02-20 20:48:08.941  1659  1659 D ApplicationLoaders: ignored Vulkan layer search path /system/priv-app/Settings/lib/x86_64:/system/priv-app/Settings/Settings.apk!/lib/x86_64:/system/lib64:/vendor/lib64 for namespace 0x77f90ca3a160
02-20 20:48:08.946  1659  1659 I ActivityManager: Loaded persisted task ids for user 0
02-20 20:48:08.947  1659  1659 I am_create_task: [0,1]
02-20 20:48:08.947  1659  1659 I am_create_activity: [0,85562507,1,com.android.settings/.FallbackHome,android.intent.action.MAIN,NULL,NULL,276824320]
02-20 20:48:08.947  1659  1659 I wm_task_created: [1,0]
02-20 20:48:08.947  1659  1659 I wm_task_moved: [1,1,0]
02-20 20:48:08.947  1659  1659 I wm_task_moved: [1,1,0]
02-20 20:48:08.948  1659  1659 I am_focused_activity: [0,com.android.settings/.FallbackHome,startedActivity]
02-20 20:48:08.951  1372  1372 I MediaPlayerService: MediaPlayerService::getOMX
02-20 20:48:08.951  1372  1372 I OMXClient: MuxOMX ctor
02-20 20:48:08.951  1369  1840 I OMXMaster: makeComponentInstance(OMX.google.vp9.decoder) in mediacodec process
02-20 20:48:08.960  1659  1659 I am_proc_start: [0,1938,1000,com.android.settings,activity,com.android.settings/.FallbackHome]
02-20 20:48:08.960  1659  1659 I ActivityManager: Start proc 1938:com.android.settings/1000 for activity com.android.settings/.FallbackHome
02-20 20:48:08.963  1659  1659 I SystemServer: Enabled StrictMode for system server main thread.
02-20 20:48:08.963  1659  1784 I am_proc_bound: [0,1925,com.android.phone]
02-20 20:48:08.963  1659  1691 D TelephonyRegistry: listen oscl: hasNotifySubscriptionInfoChangedOccurred==false no callback
02-20 20:48:08.990     0     0 D ieee80211 phy1: hw scan 2447 MHz
02-20 20:48:08.966  1659  1659 D ConditionProviders.SCP: onConnected
02-20 20:48:08.967  1659  1659 D ZenLog  : set_zen_mode: off,readXml
02-20 20:48:08.968  1659  1659 D ConditionProviders: Subscribing to condition://android/schedule?days=6.7&start=23.30&end=10.0&exitAtAlarm=false with ComponentInfo{android/com.android.server.notification.ScheduleConditionProvider}
02-20 20:48:08.968  1659  1659 D ZenLog  : subscribe: condition://android/schedule?days=6.7&start=23.30&end=10.0&exitAtAlarm=false,ok
02-20 20:48:08.968  1659  1659 D ConditionProviders: Subscribing to condition://android/event?userId=-10000&calendar=&reply=1 with ComponentInfo{android/com.android.server.notification.EventConditionProvider}
02-20 20:48:08.968  1659  1659 D ZenLog  : subscribe: condition://android/event?userId=-10000&calendar=&reply=1,ok
02-20 20:48:08.968  1659  1659 D ConditionProviders: Subscribing to condition://android/schedule?days=1.2.3.4.5&start=22.0&end=7.0&exitAtAlarm=false with ComponentInfo{android/com.android.server.notification.ScheduleConditionProvider}
02-20 20:48:08.968  1659  1659 D ZenLog  : subscribe: condition://android/schedule?days=1.2.3.4.5&start=22.0&end=7.0&exitAtAlarm=false,ok
02-20 20:48:08.995  1659  1659 D RttService: SCAN_AVAILABLE : 1
02-20 20:48:08.995  1659  1659 D ZenLog  : set_zen_mode: off,cleanUpZenRules
02-20 20:48:08.997  1659  1733 I WifiScanningService: wifi driver unloaded
02-20 20:48:08.997  1659  1734 D RttService: DefaultState got{ when=-2ms what=160513 target=com.android.internal.util.StateMachine$SmHandler }
02-20 20:48:09.004  1925  1925 W System  : ClassLoader referenced unknown path: /system/priv-app/TeleService/lib/x86_64
02-20 20:48:09.014  1659  1659 W System  : ClassLoader referenced unknown path: /system/priv-app/Telecom/lib/x86_64
02-20 20:48:09.015  1659  1659 D ApplicationLoaders: ignored Vulkan layer search path /system/priv-app/Telecom/lib/x86_64:/system/priv-app/Telecom/Telecom.apk!/lib/x86_64:/system/lib64:/vendor/lib64 for namespace 0x77f90ca3a1d0
02-20 20:48:09.028  1659  1787 I am_proc_bound: [0,1938,com.android.settings]
02-20 20:48:09.031  1659  1691 I GnssLocationProvider: WakeLock released by handleMessage(13, 0, null)
02-20 20:48:09.031  1659  1691 E GnssLocationProvider: no AGPS interface in set_agps_server
02-20 20:48:09.032  1659  1691 I GnssLocationProvider: WakeLock released by handleMessage(2, 1, null)
02-20 20:48:09.034  1659  1691 W LocationProviderProxy-network: Odd, no component found for service com.android.location.service.v3.NetworkLocationProvider
02-20 20:48:09.034  1659  1691 W GeocoderProxy: Odd, no component found for service com.android.location.service.GeocodeProvider
02-20 20:48:09.034  1659  1691 W GeofenceProxy: Odd, no component found for service com.android.location.service.GeofenceProvider
02-20 20:48:09.034  1659  1691 W ActivityRecognitionProxy: Odd, no component found for service com.android.location.service.ActivityRecognitionProvider
02-20 20:48:09.035  1925  1925 W System  : ClassLoader referenced unknown path: /system/priv-app/TelephonyProvider/lib/x86_64
02-20 20:48:09.035  1925  1925 D ApplicationLoaders: ignored Vulkan layer search path /system/priv-app/TelephonyProvider/lib/x86_64:/system/lib64:/vendor/lib64 for namespace 0x77f90c9cf0f0
02-20 20:48:09.039  1369  1369 E OMXNodeInstance: getExtensionIndex(5590014:google.vp9.decoder, OMX.google.android.index.configureVideoTunnelMode) ERROR: UnsupportedIndex(0x8000101a)
02-20 20:48:09.057  1369  1388 W OMXNodeInstance: [5590014:google.vp9.decoder] component does not support metadata mode; using fallback
02-20 20:48:09.071  1372  1372 I MediaPlayerService: MediaPlayerService::getOMX
02-20 20:48:09.072  1372  1372 I OMXClient: MuxOMX ctor
02-20 20:48:09.072  1369  1388 I OMXMaster: makeComponentInstance(OMX.google.h263.encoder) in mediacodec process
02-20 20:48:09.096  1312  1323 D PermissionCache: checking android.permission.READ_FRAME_BUFFER for uid=1000 => granted (6275 us)
02-20 20:48:09.101  1369  1388 I SoftMPEG4Encoder: Construct SoftMPEG4Encoder
02-20 20:48:09.102  1372  1372 W ACodec  : do not know color format 0x7f000789 = 2130708361
02-20 20:48:09.102  1925  1925 D TelephonyProvider: dbh.onOpen: ok, queried table=siminfo
02-20 20:48:09.102  1369  1840 E OMXNodeInstance: getConfig(5590015:google.h263.encoder, ConfigAndroidIntraRefresh(0x6f60000a)) ERROR: Undefined(0x80001001)
02-20 20:48:09.103  1925  1925 D TelephonyProvider: dbh.onOpen: ok, queried table=carriers
02-20 20:48:09.107  1372  1372 I MediaPlayerService: MediaPlayerService::getOMX
02-20 20:48:09.107  1372  1372 I OMXClient: MuxOMX ctor
02-20 20:48:09.107  1369  1388 I OMXMaster: makeComponentInstance(OMX.google.h264.encoder) in mediacodec process
02-20 20:48:09.111     0     0 D ieee80211 phy1: hw scan 2452 MHz
02-20 20:48:09.148  1312  1323 D gralloc_ranchu: gralloc_alloc: Creating ashmem region of size 17051648
02-20 20:48:09.149  1372  1372 W ACodec  : do not know color format 0x7f000789 = 2130708361
02-20 20:48:09.151  1372  1372 I MediaPlayerService: MediaPlayerService::getOMX
02-20 20:48:09.152  1372  1372 I OMXClient: MuxOMX ctor
02-20 20:48:09.152  1369  1840 I OMXMaster: makeComponentInstance(OMX.google.mpeg4.encoder) in mediacodec process
02-20 20:48:09.171  1369  1840 I SoftMPEG4Encoder: Construct SoftMPEG4Encoder
02-20 20:48:09.172  1372  1372 W ACodec  : do not know color format 0x7f000789 = 2130708361
02-20 20:48:09.173  1369  1388 E OMXNodeInstance: getConfig(5590017:google.mpeg4.encoder, ConfigAndroidIntraRefresh(0x6f60000a)) ERROR: Undefined(0x80001001)
02-20 20:48:09.176  1372  1372 I MediaPlayerService: MediaPlayerService::getOMX
02-20 20:48:09.176  1372  1372 I OMXClient: MuxOMX ctor
02-20 20:48:09.176  1369  1388 I OMXMaster: makeComponentInstance(OMX.google.vp8.encoder) in mediacodec process
02-20 20:48:09.195  1372  1372 W ACodec  : do not know color format 0x7f000789 = 2130708361
02-20 20:48:09.195  1369  1369 E OMXNodeInstance: getConfig(5590018:google.vp8.encoder, ConfigAndroidIntraRefresh(0x6f60000a)) ERROR: Undefined(0x80001001)
02-20 20:48:09.196  1372  1372 I MediaPlayerService: MediaPlayerService::getOMX
02-20 20:48:09.196  1372  1372 I OMXClient: MuxOMX ctor
02-20 20:48:09.198  1372  1372 I MediaPlayerService: MediaPlayerService::getOMX
02-20 20:48:09.198  1372  1372 I OMXClient: MuxOMX ctor
02-20 20:48:09.198  1372  1372 W MediaCodecList: unable to open media codecs configuration xml file: /data/misc/media/media_codecs_profiling_results.xml
02-20 20:48:09.199  1372  1867 I MediaPlayerService: MediaPlayerService::getOMX
02-20 20:48:09.199  1372  1402 I MediaPlayerService: MediaPlayerService::getOMX
02-20 20:48:09.199  1760  1864 I OMXClient: MuxOMX ctor
02-20 20:48:09.199  1659  1831 I OMXClient: MuxOMX ctor
02-20 20:48:09.200  1369  1840 I OMXMaster: makeComponentInstance(OMX.google.vorbis.decoder) in mediacodec process
02-20 20:48:09.221  1369  1369 I OMXMaster: makeComponentInstance(OMX.google.vorbis.decoder) in mediacodec process
02-20 20:48:09.230     0     0 D ieee80211 phy1: hw scan 2457 MHz
02-20 20:48:09.261  1659  1787 I am_restart_activity: [0,85562507,1,com.android.settings/.FallbackHome]
02-20 20:48:09.265  1659  1699 W art     : Long monitor contention with owner Binder:1659_4 (1787) at void com.android.server.am.ActivityManagerService.attachApplication(android.app.IApplicationThread)(ActivityManagerService.java:6669) waiters=0 in void com.android.server.am.ActivityManagerService$LocalService.notifyAppTransitionCancelled() for 233ms
02-20 20:48:09.265  1659  1699 I dvm_lock_sample: [system_server,1,android.display,233,ActivityManagerService.java,21995,-,6669,46]
02-20 20:48:09.267  1372  1867 I MediaPlayerService: MediaPlayerService::getOMX
02-20 20:48:09.272  1659  1983 I OMXClient: MuxOMX ctor
02-20 20:48:09.273  1369  1369 I OMXMaster: makeComponentInstance(OMX.google.vorbis.decoder) in mediacodec process
02-20 20:48:09.294  1938  1938 W System  : ClassLoader referenced unknown path: /system/priv-app/Settings/lib/x86_64
02-20 20:48:09.309  1372  1841 I MediaPlayerService: MediaPlayerService::getOMX
02-20 20:48:09.309  1760  1989 I OMXClient: MuxOMX ctor
02-20 20:48:09.310  1369  1840 I OMXMaster: makeComponentInstance(OMX.google.vorbis.decoder) in mediacodec process
02-20 20:48:09.350     0     0 D ieee80211 phy1: hw scan 2462 MHz
02-20 20:48:09.337  1925  1925 D TDC     : updateOrInsert: inserting: Modem { uuid=modem, state=0, rilModel=0, rat={}, maxActiveVoiceCall=1, maxActiveDataCall=1, maxStandby=1 }
02-20 20:48:09.337  1925  1925 D TDC     : updateOrInsert: inserting: Sim { uuid=sim, modemUuid=modem, state=0 }
02-20 20:48:09.358  1925  1925 D CdmaSSM : subscriptionSource from settings: 0
02-20 20:48:09.358  1925  1925 I PhoneFactory: Cdma Subscription set to 0
02-20 20:48:09.366  1372  1841 I MediaPlayerService: MediaPlayerService::getOMX
02-20 20:48:09.366  1760  1992 I OMXClient: MuxOMX ctor
02-20 20:48:09.366  1369  1986 I OMXMaster: makeComponentInstance(OMX.google.vorbis.decoder) in mediacodec process
02-20 20:48:09.370  1925  1925 I PhoneFactory: Network Mode set to 0
02-20 20:48:09.372  1925  1925 D RILJ    : RIL(context, preferredNetworkType=0 cdmaSubscription=0)
02-20 20:48:09.373  1659  1659 E BluetoothAdapter: Bluetooth binder is null
02-20 20:48:09.373  1372  1372 I MediaPlayerService: MediaPlayerService::getOMX
02-20 20:48:09.374  1659  1993 I OMXClient: MuxOMX ctor
02-20 20:48:09.374  1659  1971 I StatusBarManagerService: registerStatusBar bar=com.android.internal.statusbar.IStatusBar$Stub$Proxy@f419be0
02-20 20:48:09.376  1659  1659 I Telecom : SystemStateProvider: Registering car mode receiver: android.content.IntentFilter@968d96a: TS.init@AAA
02-20 20:48:09.388  1925  1925 D RILJ    : Starting RILReceiver0 [SUB0]
02-20 20:48:09.394  1925  1925 D RILJ    : [3648]> GET_HARDWARE_CONFIG [SUB0]
02-20 20:48:09.394  1925  1925 D RilRequest: [3648]< GET_HARDWARE_CONFIG error: com.android.internal.telephony.CommandException: RADIO_NOT_AVAILABLE ret=
02-20 20:48:09.394  1925  1925 I PhoneFactory: Creating SubscriptionController
02-20 20:48:09.395  1374  1481 I RILC    : libril: new connection to RIL_SOCKET_1
02-20 20:48:09.395  1374  1481 I RILC    : RIL Daemon version: android reference-ril 1.0
02-20 20:48:09.396  1925  1925 D SubscriptionController: [SubscriptionController] init by Context
02-20 20:48:09.400  1659  1995 I Telecom : Telecom: Non-call EVENT: AUDIO_ROUTE, Entering state QuiescentEarpieceRoute
02-20 20:48:09.400  1925  1996 I RILJ    : (0) Connected to 'rild' socket
02-20 20:48:09.401  1925  1996 D RILJ    : [UNSL]< UNSOL_RIL_CONNECTED {12} [SUB0]
02-20 20:48:09.408  1925  1996 D RILJ    : [3649]> RADIO_POWER off [SUB0]
02-20 20:48:09.409  1374  1481 D RIL     : onRequest: RADIO_POWER
02-20 20:48:09.409  1925  1996 D RILJ    : [3650]> RIL_REQUEST_CDMA_SET_SUBSCRIPTION_SOURCE : 0 [SUB0]
02-20 20:48:09.409  1374  1481 D RIL     : onRequest: CDMA_SET_SUBSCRIPTION_SOURCE
02-20 20:48:09.409  1925  1996 D RILJ    : setCellInfoListRate: 2147483647 [SUB0]
02-20 20:48:09.409  1925  1996 D RILJ    : [3651]> RIL_REQUEST_SET_CELL_INFO_LIST_RATE [SUB0]
02-20 20:48:09.409  1374  1481 D RIL     : onRequest: SET_UNSOL_CELL_INFO_LIST_RATE
02-20 20:48:09.409  1925  1996 D RILJ    : [UNSL]< UNSOL_RESPONSE_RADIO_STATE_CHANGED RADIO_OFF [SUB0]
02-20 20:48:09.409  1925  1996 D RILJ    : [3652]> SCREEN_STATE: true [SUB0]
02-20 20:48:09.409  1374  1481 D RIL     : onRequest: SCREEN_STATE
02-20 20:48:09.409  1925  1996 D RILJ    : [UNSL]< UNSOL_NITZ_TIME_RECEIVED 18/02/20:20:48:04+0:0:Unknown!Unknown [SUB0]
02-20 20:48:09.410  1925  1996 D RILJ    : [3649]< RADIO_POWER  [SUB0]
02-20 20:48:09.410  1925  1996 D RilRequest: [3650]< RIL_REQUEST_CDMA_SET_SUBSCRIPTION_SOURCE error: com.android.internal.telephony.CommandException: RADIO_NOT_AVAILABLE ret=
02-20 20:48:09.410  1925  1996 D RilRequest: [3651]< RIL_REQUEST_SET_CELL_INFO_LIST_RATE error: com.android.internal.telephony.CommandException: RADIO_NOT_AVAILABLE ret=
02-20 20:48:09.410  1925  1996 D RilRequest: [3652]< SCREEN_STATE error: com.android.internal.telephony.CommandException: RADIO_NOT_AVAILABLE ret=
02-20 20:48:09.415  1938  1938 I am_on_resume_called: [0,com.android.settings.FallbackHome,LAUNCH_ACTIVITY]
02-20 20:48:09.415  1659  1997 I Telecom : CallAudioModeStateMachine: Message received: null.: TS.init->CAMSM.pM_1@AAA_0
02-20 20:48:09.416  1659  1659 E BluetoothAdapter: Bluetooth binder is null
02-20 20:48:09.417  1659  1998 E ActivityThread: Failed to find provider info for call_log
02-20 20:48:09.417  1312  1323 E SurfaceFlinger: ro.sf.lcd_density must be defined as a build property
02-20 20:48:09.421  1938  1938 D         : HostConnection::get() New Host Connection established 0x77f8fddf8fa0, tid 1938
02-20 20:48:09.422  1925  1925 D UiccController: Creating UiccController
02-20 20:48:09.424  1925  1925 D TelephonyTester: register for intent action=com.android.internal.telephony.action_detached
02-20 20:48:09.424  1925  1925 D TelephonyTester: register for intent action=com.android.internal.telephony.action_attached
02-20 20:48:09.424  1369  1369 I OMXMaster: makeComponentInstance(OMX.google.vorbis.decoder) in mediacodec process
02-20 20:48:09.426  1659  1659 I Telecom : Class: TelecomSystem.INSTANCE being set
02-20 20:48:09.426  1659  1659 E BluetoothAdapter: Bluetooth binder is null
02-20 20:48:09.427  1659  1659 W ContextImpl: Calling a method in the system process without a qualified user: android.app.ContextImpl.startService:1357 com.android.server.content.SyncManager$13.run:658 android.os.Handler.handleCallback:751 android.os.Handler.dispatchMessage:95 android.os.Looper.loop:154 
02-20 20:48:09.462  1925  1925 D Phone   : mDoesRilSendMultipleCallRing=true
02-20 20:48:09.462  1925  1925 D Phone   : mCallRingDelay=3000
02-20 20:48:09.470  1925  1925 D RILJ    : [3653]> RIL_REQUEST_START_LCE [SUB0]
02-20 20:48:09.475  1374  1481 D RIL     : onRequest: <unknown request>
02-20 20:48:09.475  1925  1996 D RilRequest: [3653]< RIL_REQUEST_START_LCE error: com.android.internal.telephony.CommandException: RADIO_NOT_AVAILABLE ret=
02-20 20:48:09.471     0     0 D ieee80211 phy1: hw scan complete
02-20 20:48:09.473     0     0 D ieee80211 phy1: mac80211_hwsim_get_survey (idx=0)
02-20 20:48:09.496  1925  1925 E RIL_ImsSms: getFormat should never be called from here!
02-20 20:48:09.496  1925  1925 D SMSDispatcher: SMSDispatcher: ctor mSmsCapable=true format=unknown mSmsSendDisabled=false
02-20 20:48:09.496  1925  1925 D RIL_ImsSms: ImsSMSDispatcher created
02-20 20:48:09.496  1925  1925 D SMSDispatcher: SMSDispatcher: ctor mSmsCapable=true format=3gpp2 mSmsSendDisabled=false
02-20 20:48:09.496  1925  1925 D CdmaSMSDispatcher: CdmaSMSDispatcher created
02-20 20:48:09.512  1659  1659 W System  : ClassLoader referenced unknown path: /system/priv-app/FusedLocation/lib/x86_64
02-20 20:48:09.513  1659  1659 D ApplicationLoaders: ignored Vulkan layer search path /system/priv-app/FusedLocation/lib/x86_64:/system/priv-app/FusedLocation/FusedLocation.apk!/lib/x86_64:/system/lib64:/vendor/lib64 for namespace 0x77f90ca3a240
02-20 20:48:09.520  1510  1510 E hostapd : Using interface wlan1 with hwaddr 02:00:00:00:01:00 and ssid "AndroidWifi"
02-20 20:48:09.521  1510  1510 I hostapd : wlan1: interface state HT_SCAN->ENABLED
02-20 20:48:09.521  1510  1510 I hostapd : wlan1: AP-ENABLED 
02-20 20:48:09.525  1659  1731 D WifiConfigManager: Loading config and enabling all networks 
02-20 20:48:09.526  1925  1925 D GsmInboundSmsHandler: created InboundSmsHandler
02-20 20:48:09.520     0     0 D ieee80211 phy1: mac80211_hwsim_config (freq=0 idle=0 ps=0 smps=auto)
02-20 20:48:09.520     0     0 D ieee80211 phy1: add channel context control: 2447 MHz/width: 2/cfreqs:2437/0 MHz
02-20 20:48:09.520     0     0 D ieee80211 phy1: mac80211_hwsim_bss_info_changed(changed=0x40000)
02-20 20:48:09.520     0     0 D ieee80211 phy1: TX Power: 20 dBm
02-20 20:48:09.520     0     0 D ieee80211 phy1: mac80211_hwsim_bss_info_changed(changed=0x4000)
02-20 20:48:09.520     0     0 D ieee80211 phy1: change channel context control: 2447 MHz/width: 2/cfreqs:2437/0 MHz
02-20 20:48:09.520     0     0 D ieee80211 phy1: mac80211_hwsim_bss_info_changed(changed=0x88340)
02-20 20:48:09.520     0     0 D ieee80211 phy1: BCNINT: 100
02-20 20:48:09.520     0     0 D ieee80211 phy1: BCN EN: 1
02-20 20:48:09.520     0     0 D ieee80211 phy1: mac80211_hwsim_bss_info_changed(changed=0x3e)
02-20 20:48:09.520     0     0 D ieee80211 phy1: ERP_CTS_PROT: 0
02-20 20:48:09.520     0     0 D ieee80211 phy1: ERP_PREAMBLE: 0
02-20 20:48:09.520     0     0 D ieee80211 phy1: ERP_SLOT: 1
02-20 20:48:09.520     0     0 D ieee80211 phy1: HT: op_mode=0x0
02-20 20:48:09.520     0     0 D ieee80211 phy1: BASIC_RATES: 0xf
02-20 20:48:09.520     0     0 D ieee80211 phy1: mac80211_hwsim_conf_tx (queue=0 txop=47 cw_min=3 cw_max=7 aifs=1)
02-20 20:48:09.520     0     0 D ieee80211 phy1: mac80211_hwsim_bss_info_changed(changed=0x2000)
02-20 20:48:09.520     0     0 D ieee80211 phy1: mac80211_hwsim_conf_tx (queue=1 txop=94 cw_min=7 cw_max=15 aifs=1)
02-20 20:48:09.520     0     0 D ieee80211 phy1: mac80211_hwsim_bss_info_changed(changed=0x2000)
02-20 20:48:09.520     0     0 D ieee80211 phy1: mac80211_hwsim_conf_tx (queue=2 txop=0 cw_min=15 cw_max=63 aifs=3)
02-20 20:48:09.520     0     0 D ieee80211 phy1: mac80211_hwsim_bss_info_changed(changed=0x2000)
02-20 20:48:09.521     0     0 D ieee80211 phy1: mac80211_hwsim_conf_tx (queue=3 txop=0 cw_min=15 cw_max=1023 aifs=7)
02-20 20:48:09.521     0     0 D ieee80211 phy1: mac80211_hwsim_bss_info_changed(changed=0x2000)
02-20 20:48:09.521     0     0 I IPv6    : ADDRCONF(NETDEV_CHANGE): wlan1: link becomes ready
02-20 20:48:09.521     0     0 D ieee80211 phy1: mac80211_hwsim_configure_filter
02-20 20:48:09.534  1938  1999 D         : HostConnection::get() New Host Connection established 0x77f9006126c0, tid 1999
02-20 20:48:09.536  1938  1999 I OpenGLRenderer: Initialized EGL, version 1.4
02-20 20:48:09.536  1938  1999 D OpenGLRenderer: Swap behavior 1
02-20 20:48:09.536  1372  1867 I MediaPlayerService: MediaPlayerService::getOMX
02-20 20:48:09.537  1659  2018 I OMXClient: MuxOMX ctor
02-20 20:48:09.537  1369  1986 I OMXMaster: makeComponentInstance(OMX.google.vorbis.decoder) in mediacodec process
02-20 20:48:09.540  1659  1659 D GpsNetInitiatedHandler: location enabled :true
02-20 20:48:09.540  1659  1659 V WiredAccessoryManager: notifyWiredAccessoryChanged: when=0 bits= mask=54
02-20 20:48:09.540  1659  1659 V WiredAccessoryManager: newName=h2w newState=0 headsetState=0 prev headsetState=0
02-20 20:48:09.540  1659  1659 E WiredAccessoryManager: No state change.
02-20 20:48:09.540  1659  1659 V WiredAccessoryManager: init()
02-20 20:48:09.540  1659  1731 W WifiNetworkHistory: Upgrading network 0 to android.uid.system:1000
02-20 20:48:09.540  1659  1731 D WifiConfigManager: loaded 0 passpoint configs
02-20 20:48:09.541  1659  1731 E IpConfigStore: Error parsing configuration: java.io.FileNotFoundException: /data/misc/wifi/ipconfig.txt (No such file or directory)
02-20 20:48:09.541  1659  1731 D WifiNative-HAL: Setting external_sim to 1
02-20 20:48:09.542  1659  1731 D WifiStateMachine: Setting OUI to DA-A1-19
02-20 20:48:09.565  1938  1999 D EGL_emulation: eglCreateContext: 0x77f900664320: maj 3 min 0 rcv 3
02-20 20:48:09.570  1659  1731 I WifiConnectivityManager: PNO settings: min5GHzRssi -82 min24GHzRssi -85 currentConnectionBonus 16 sameNetworkBonus 24 secureNetworkBonus 80 initialScoreMax 100
02-20 20:48:09.570  1659  1731 I WifiConnectivityManager: ConnectivityScanManager initialized and disabled
02-20 20:48:09.570  1659  1731 I WifiConnectivityManager: setUntrustedConnectionAllowed: allowed=false
02-20 20:48:09.570  1659  1731 E WifiLogger: no ring buffers found
02-20 20:48:09.570  1659  1731 E WifiLogger: Failed to start packet fate monitoring
02-20 20:48:09.595  1925  1925 D CdmaInboundSmsHandler: created InboundSmsHandler
02-20 20:48:09.601  1925  1925 D SMSDispatcher: SMSDispatcher: ctor mSmsCapable=true format=3gpp mSmsSendDisabled=false
02-20 20:48:09.601  1925  1925 D GsmSMSDispatcher: GsmSMSDispatcher created
02-20 20:48:09.602  1925  2016 D GsmInboundSmsHandler: StartupState.processMessage:6
02-20 20:48:09.602  1925  2016 D GsmInboundSmsHandler: entering Idle state
02-20 20:48:09.602  1925  2022 D CdmaInboundSmsHandler: StartupState.processMessage:6
02-20 20:48:09.602  1925  2022 D CdmaInboundSmsHandler: entering Idle state
02-20 20:48:09.603  1925  1925 D IccCardProxy: ctor: ci=com.android.internal.telephony.RIL@cb8cad4 phoneId=0
02-20 20:48:09.603  1925  1925 D CdmaSSM : subscriptionSource from settings: 0
02-20 20:48:09.603  1925  1925 D CdmaSSM : cdmaSSM constructor: 0
02-20 20:48:09.603  1925  1925 D IccCardProxy: update icc_operator_numeric=
02-20 20:48:09.604  1925  1925 D TelephonyManager: setTelephonyProperty: success phoneId=0 property=gsm.sim.operator.numeric value:  propVal=
02-20 20:48:09.604  1925  1925 D TelephonyManager: setTelephonyProperty: success phoneId=0 property=gsm.sim.operator.iso-country value:  propVal=
02-20 20:48:09.605  1925  1925 D TelephonyManager: setTelephonyProperty: success phoneId=0 property=gsm.sim.operator.alpha value:  propVal=
02-20 20:48:09.605  1925  1925 E IccCardProxy: setExternalState: set mPhoneId=0 mExternalState=NOT_READY
02-20 20:48:09.605  1925  1925 D TelephonyManager: setTelephonyProperty: success phoneId=0 property=gsm.sim.state value: NOT_READY propVal=NOT_READY
02-20 20:48:09.608  1659  1731 I WifiConnectivityManager: Set WiFi enabled
02-20 20:48:09.608  1659  1731 I WifiConnectivityManager: scheduleWatchdogTimer
02-20 20:48:09.608  1659  1731 D WifiNative-HAL: Failing getSupportedFeatureset because HAL isn't started
02-20 20:48:09.609  1925  1925 D IccCardProxy: broadcastIccStateChangedIntent intent ACTION_SIM_STATE_CHANGED value=NOT_READY reason=null for mPhoneId=0
02-20 20:48:09.610  1659  1695 E BatteryStatsService: no controller energy info supplied
02-20 20:48:09.610  1659  1695 E KernelCpuSpeedReader: Failed to read cpu-freq: /sys/devices/system/cpu/cpu0/cpufreq/stats/time_in_state (No such file or directory)
02-20 20:48:09.610  1659  1695 E KernelUidCpuTimeReader: Failed to read uid_cputime: /proc/uid_cputime/show_uid_stat (No such file or directory)
02-20 20:48:09.612  1659  1731 D WifiNative-HAL: Failing getSupportedFeatureset because HAL isn't started
02-20 20:48:09.612  1659  1695 E BatteryStatsService: no controller energy info supplied
02-20 20:48:09.612  1659  1695 E KernelCpuSpeedReader: Failed to read cpu-freq: /sys/devices/system/cpu/cpu0/cpufreq/stats/time_in_state (No such file or directory)
02-20 20:48:09.612  1659  1695 E KernelUidCpuTimeReader: Failed to read uid_cputime: /proc/uid_cputime/show_uid_stat (No such file or directory)
02-20 20:48:09.620  1925  1925 D RILJ    : setPhoneType=1 old value=0 [SUB0]
02-20 20:48:09.620  1925  1925 D TelephonyManager: setTelephonyProperty: success phoneId=0 property=gsm.current.phone-type value: 1 propVal=1
02-20 20:48:09.621  1925  1925 D IccCardProxy: Setting radio tech UMTS
02-20 20:48:09.621  1925  1925 D IccCardProxy: updateQuietMode: 3GPP subscription -> newQuietMode=false
02-20 20:48:09.621  1925  1925 D IccCardProxy: updateQuietMode: no changes don't setExternalState
02-20 20:48:09.621  1925  1925 D IccCardProxy: updateQuietMode: QuietMode is false (app_type=1 cdmaSource=-1)
02-20 20:48:09.629  1925  1925 W CarrierConfigManager: Error getting config for subId -1 ICarrierConfigLoader is null
