02-20 20:48:09.633  1659  1659 I notification_enqueue: [10028,1760,com.android.systemui,1397773634,public:253,64,-1,Notification(pri=0 contentView=null vibrate=null sound=null defaults=0x0 flags=0x100 color=0xff607d8b category=sys actions=2 vis=PUBLIC),0]
02-20 20:48:09.636  1659  1971 D TelephonyRegistry: listen oscl: hasNotifySubscriptionInfoChangedOccurred==false no callback
02-20 20:48:09.639  1925  1925 D TelephonyManager: setTelephonyProperty: success phoneId=0 property=gsm.network.type value: Unknown propVal=Unknown
02-20 20:48:09.639  1925  1925 D RILJ    : [3654]> SIGNAL_STRENGTH [SUB0]
02-20 20:48:09.639  1374  1481 D RIL     : onRequest: SIGNAL_STRENGTH
02-20 20:48:09.640  1925  1996 D RilRequest: [3654]< SIGNAL_STRENGTH error: com.android.internal.telephony.CommandException: RADIO_NOT_AVAILABLE ret=
02-20 20:48:09.640  1925  1925 D SST     : notifyDataRegStateRilRadioTechnologyChanged: drs=1 rat=0
02-20 20:48:09.640  1925  1925 D TelephonyManager: setTelephonyProperty: success phoneId=0 property=gsm.network.type value: Unknown propVal=Unknown
02-20 20:48:09.649  1938  1999 D EGL_emulation: eglMakeCurrent: 0x77f900664320: ver 3 0 (tinfo 0x77f90060c860)
02-20 20:48:09.658  1925  1925 D DCT     : [0]DCT.constructor
02-20 20:48:09.671  1659  1787 D TelephonyRegistry: listen oscl: hasNotifySubscriptionInfoChangedOccurred==false no callback
02-20 20:48:09.676  1925  1925 D Dcc     : E ctor
02-20 20:48:09.676  1925  1925 D Dcc     : X ctor
02-20 20:48:09.677  1925  1925 D SubscriptionController: [getPhoneId] asked for default subId=-1
02-20 20:48:09.678  1925  2026 D DcTesterDeacativateAll: register for intent action=com.android.internal.telephony.dataconnection.action_deactivate_all
02-20 20:48:09.678  1925  2026 D DcTesterDeacativateAll: register for intent action=com.android.internal.telephony.action_detached
02-20 20:48:09.678  1925  2026 D Dcc     : DccDefaultState: msg.what=EVENT_RIL_CONNECTED mRilVersion=12
02-20 20:48:09.680  1372  1867 I MediaPlayerService: MediaPlayerService::getOMX
02-20 20:48:09.680  1659  2027 I OMXClient: MuxOMX ctor
02-20 20:48:09.680  1369  1369 I OMXMaster: makeComponentInstance(OMX.google.vorbis.decoder) in mediacodec process
02-20 20:48:09.681  1925  1925 D DcTesterFailBrinupAll: register for intent action=com.android.internal.telephony.dataconnection.action_fail_bringup
02-20 20:48:09.681  1925  1925 D DcTesterFailBrinupAll: register for intent action=com.android.internal.telephony.action_detached
02-20 20:48:09.681  1925  1925 D DcTesterFailBrinupAll: register for intent action=com.android.internal.telephony.action_attached
02-20 20:48:09.683  1925  1925 D SST     : notifyDataRegStateRilRadioTechnologyChanged: drs=1 rat=0
02-20 20:48:09.683  1925  1925 D TelephonyManager: setTelephonyProperty: success phoneId=0 property=gsm.network.type value: Unknown propVal=Unknown
02-20 20:48:09.696  1925  1925 D DCT     : [0]update sub = -2
02-20 20:48:09.696  1925  1925 D DCT     : [0]update(): Active DDS, register for all events now!
02-20 20:48:09.698  1925  1925 D GsmCdmaPhone: [GsmCdmaPhone] updateCurrentCarrierInProvider: mSubId = -2 currentDds = 1 operatorNumeric = null
02-20 20:48:09.699  1925  1925 D DCT     : [0]initApnContexts: E
02-20 20:48:09.699  1925  1925 D DCT     : [0]initApnContexts: skipping unknown type=1
02-20 20:48:09.700  1925  1925 D DCT     : [0]initApnContexts: apnContext={mApnType=default mState=IDLE mWaitingApns={null} mApnSetting={null} mReason=dataEnabled mDataEnabled=false mDependencyMet=true}
02-20 20:48:09.700  1925  1925 D DCT     : [0]initApnContexts: apnContext={mApnType=mms mState=IDLE mWaitingApns={null} mApnSetting={null} mReason=dataEnabled mDataEnabled=false mDependencyMet=true}
02-20 20:48:09.700  1925  1925 D DCT     : [0]initApnContexts: apnContext={mApnType=supl mState=IDLE mWaitingApns={null} mApnSetting={null} mReason=dataEnabled mDataEnabled=false mDependencyMet=true}
02-20 20:48:09.700  1925  1925 D DCT     : [0]initApnContexts: apnContext={mApnType=hipri mState=IDLE mWaitingApns={null} mApnSetting={null} mReason=dataEnabled mDataEnabled=false mDependencyMet=true}
02-20 20:48:09.700  1925  1925 D DCT     : [0]initApnContexts: apnContext={mApnType=fota mState=IDLE mWaitingApns={null} mApnSetting={null} mReason=dataEnabled mDataEnabled=false mDependencyMet=true}
02-20 20:48:09.700  1925  1925 D DCT     : [0]initApnContexts: apnContext={mApnType=ims mState=IDLE mWaitingApns={null} mApnSetting={null} mReason=dataEnabled mDataEnabled=false mDependencyMet=true}
02-20 20:48:09.700  1925  1925 D DCT     : [0]initApnContexts: apnContext={mApnType=cbs mState=IDLE mWaitingApns={null} mApnSetting={null} mReason=dataEnabled mDataEnabled=false mDependencyMet=true}
02-20 20:48:09.700  1925  1925 D DCT     : [0]initApnContexts: skipping unknown type=13
02-20 20:48:09.700  1925  1925 D DCT     : [0]initApnContexts: apnContext={mApnType=ia mState=IDLE mWaitingApns={null} mApnSetting={null} mReason=dataEnabled mDataEnabled=false mDependencyMet=true}
02-20 20:48:09.700  1925  1925 D DCT     : [0]initApnContexts: apnContext={mApnType=emergency mState=IDLE mWaitingApns={null} mApnSetting={null} mReason=dataEnabled mDataEnabled=false mDependencyMet=true}
02-20 20:48:09.711  1938  1999 D EGL_emulation: eglMakeCurrent: 0x77f900664320: ver 3 0 (tinfo 0x77f90060c860)
02-20 20:48:09.733  1925  1925 D GsmCdmaPhone: [GsmCdmaPhone] GsmCdmaPhone: constructor: sub = 0
02-20 20:48:09.733  1925  1925 I PhoneFactory: Creating Phone with type = 1 sub = 0
02-20 20:48:09.737  1925  1925 I PhoneFactory: defaultSmsApplication: NONE
02-20 20:48:09.738  1925  1925 I PhoneFactory: Creating SubInfoRecordUpdater 
02-20 20:48:09.739  1925  1925 D SubscriptionInfoUpdater: Constructor invoked
02-20 20:48:09.744  1659  1669 I art     : Background sticky concurrent mark sweep GC freed 25044(2MB) AllocSpace objects, 9(212KB) LOS objects, 10% free, 22MB/24MB, paused 10.372ms total 106.778ms
02-20 20:48:09.762  1659  1699 I am_activity_launch_time: [0,85562507,com.android.settings/.FallbackHome,814,814]
02-20 20:48:09.762  1659  1699 I ActivityManager: Displayed com.android.settings/.FallbackHome: +814ms
02-20 20:48:09.768  1659  1692 I boot_progress_enable_screen: 10768
02-20 20:48:09.770  1659  1692 V KeyguardServiceDelegate: *** Keyguard started
02-20 20:48:09.770  1659  1692 I screen_toggled: 1
02-20 20:48:09.773  1659  1699 I WindowManager: Screen frozen for +744ms due to AppWindowToken{30f4226 token=Token{5a8c968 ActivityRecord{519948b u0 com.android.settings/.FallbackHome t1}}}
02-20 20:48:09.772  1659  1692 W KeyguardServiceDelegate: onScreenTurningOn(): no keyguard service!
02-20 20:48:09.791  1372  1867 I MediaPlayerService: MediaPlayerService::getOMX
02-20 20:48:09.791  1659  2034 I OMXClient: MuxOMX ctor
02-20 20:48:09.791  1369  1986 I OMXMaster: makeComponentInstance(OMX.google.vorbis.decoder) in mediacodec process
02-20 20:48:09.809  1659  1971 D TelephonyRegistry: listen oscl: hasNotifySubscriptionInfoChangedOccurred==false no callback
02-20 20:48:09.809  1925  1925 D SubscriptionController: [getPhoneId]- no sims, returning default phoneId=2147483647
02-20 20:48:09.809  1659  1676 D TelephonyRegistry: listen oscl: hasNotifySubscriptionInfoChangedOccurred==false no callback
02-20 20:48:09.810  1925  1925 D PhoneSwitcherNetworkRequstListener: Registering NetworkFactory
02-20 20:48:09.811  1659  1735 D ConnectivityService: Got NetworkFactory Messenger for PhoneSwitcherNetworkRequstListener
02-20 20:48:09.812  1925  1925 D PhoneSwitcher: PhoneSwitcher started
02-20 20:48:09.812  1925  1925 D ProxyController: Constructor - Enter
02-20 20:48:09.831  1925  1925 D ProxyController: clearTransaction
02-20 20:48:09.831  1925  1925 D ProxyController: clearTransaction: phoneId=0 status=IDLE
02-20 20:48:09.831  1925  1925 D ProxyController: Constructor - Exit
02-20 20:48:09.831  1925  1925 D TelephonyNetworkFactory[0]: Registering NetworkFactory
02-20 20:48:09.832  1659  1735 D ConnectivityService: Got NetworkFactory Messenger for TelephonyNetworkFactory[0]
02-20 20:48:09.833  1925  1925 D CallManager: registerPhone(GSM Handler (com.android.internal.telephony.GsmCdmaPhone) {9c39fb3})
02-20 20:48:09.844  1659  1971 D TelephonyRegistry: listen oscl: hasNotifySubscriptionInfoChangedOccurred==false no callback
02-20 20:48:09.849  1659  1740 D NotificationSQLiteLog: Pruned event entries: 0
02-20 20:48:09.888  1760  1760 I OpaLayout: Setting opa enabled to false
02-20 20:48:09.889  1760  1760 I OpaLayout: Setting opa enabled to false
02-20 20:48:09.890  1925  1943 D SubscriptionController: [getPhoneId]- no sims, returning default phoneId=2147483647
02-20 20:48:09.920  1659  1692 W art     : Long monitor contention with owner android.display (1699) at void com.android.server.wm.WindowManagerService$H.handleMessage(android.os.Message)(WindowManagerService.java:8368) waiters=0 in void com.android.server.wm.WindowManagerService.performEnableScreen() for 146ms
02-20 20:48:09.920  1659  1692 I dvm_lock_sample: [system_server,1,ActivityManager,146,WindowManagerService.java,6036,-,8368,29]
02-20 20:48:09.920  1659  1659 W art     : Long monitor contention with owner android.display (1699) at void com.android.server.wm.WindowManagerService$H.handleMessage(android.os.Message)(WindowManagerService.java:8368) waiters=1 in void com.android.server.policy.PhoneWindowManager.updateSettings() for 146ms
02-20 20:48:09.920  1659  1659 I dvm_lock_sample: [system_server,1,main,146,PhoneWindowManager.java,2002,WindowManagerService.java,8368,29]
02-20 20:48:09.925  1659  1659 W VibratorService: Tried to stop vibrating but there is no vibrator device.
02-20 20:48:09.937  1659  1659 I am_proc_start: [0,2040,10004,com.android.cellbroadcastreceiver,broadcast,com.android.cellbroadcastreceiver/.CellBroadcastReceiver]
02-20 20:48:09.937  1659  1659 I ActivityManager: Start proc 2040:com.android.cellbroadcastreceiver/u0a4 for broadcast com.android.cellbroadcastreceiver/.CellBroadcastReceiver
02-20 20:48:09.937  1659  1659 D ConditionProviders.SCP: onSubscribe condition://android/schedule?days=6.7&start=23.30&end=10.0&exitAtAlarm=false
02-20 20:48:09.938  1659  1659 D ConditionProviders.SCP: setRegistered true
02-20 20:48:09.938  1659  1659 D ConditionProviders.SCP: notifyCondition condition://android/schedule?days=6.7&start=23.30&end=10.0&exitAtAlarm=false STATE_FALSE reason=!meetsSchedule
02-20 20:48:09.939  1659  1659 D ConditionProviders.SCP: Scheduling evaluate for Tue Feb 20 23:30:00 GMT+00:00 2018 (1519169400000), in +2h41m50s62ms, now=Tue Feb 20 20:48:09 GMT+00:00 2018 (1519159689938)
02-20 20:48:09.939  1659  1659 D ConditionProviders.SCP: onSubscribe condition://android/schedule?days=1.2.3.4.5&start=22.0&end=7.0&exitAtAlarm=false
02-20 20:48:09.939  1659  1659 D ConditionProviders.SCP: notifyCondition condition://android/schedule?days=6.7&start=23.30&end=10.0&exitAtAlarm=false STATE_FALSE reason=!meetsSchedule
02-20 20:48:09.939  1659  1659 D ConditionProviders.SCP: notifyCondition condition://android/schedule?days=1.2.3.4.5&start=22.0&end=7.0&exitAtAlarm=false STATE_FALSE reason=!meetsSchedule
02-20 20:48:09.940  1659  1659 D ConditionProviders.SCP: Scheduling evaluate for Tue Feb 20 22:00:00 GMT+00:00 2018 (1519164000000), in +1h11m50s61ms, now=Tue Feb 20 20:48:09 GMT+00:00 2018 (1519159689939)
02-20 20:48:09.940  1659  1659 I Telecom : WiredHeadsetManager: ACTION_HEADSET_PLUG event, plugged in: false, : WHC.oADA@AAE
02-20 20:48:09.941  1925  1925 D CarrierConfigLoader: CarrierConfigLoader has started
02-20 20:48:09.941  1925  1925 E BluetoothAdapter: Bluetooth binder is null
02-20 20:48:09.941  1659  1787 D TelephonyRegistry: listen oscl: hasNotifySubscriptionInfoChangedOccurred==false no callback
02-20 20:48:09.943  1659  1659 I ActivityManager: user 0 is still locked. Cannot load recents
02-20 20:48:09.946  2040  2040 W art     : Unexpected CPU variant for X86 using defaults: x86_64
02-20 20:48:09.947  1760  1760 W System  : ClassLoader referenced unknown path: 
02-20 20:48:09.947  1760  1760 W System  : ClassLoader referenced unknown path: /system/priv-app/Dialer/lib/x86_64
02-20 20:48:09.947  1760  1760 D ApplicationLoaders: ignored Vulkan layer search path /system/priv-app/Dialer/lib/x86_64:/system/lib64:/vendor/lib64 for namespace 0x77f90c9cf0f0
02-20 20:48:09.963  1925  2039 E ActivityThread: Failed to find provider info for com.android.contacts
02-20 20:48:09.963  1925  2039 W CallerInfoCache: cursor is null
02-20 20:48:09.964  1659  1691 I SyncManager: Got SyncJobService instance.
02-20 20:48:09.965  1659  1659 D RttService: SCAN_AVAILABLE : 3
02-20 20:48:09.965  1659  1734 D RttService: DefaultState got{ when=0 what=160512 target=com.android.internal.util.StateMachine$SmHandler }
02-20 20:48:09.966  1659  1787 I am_proc_bound: [0,2040,com.android.cellbroadcastreceiver]
02-20 20:48:09.979  1659  1733 I WifiScanningService: wifi driver loaded with scan capabilities: max buckets=16
02-20 20:48:09.980  1659  1659 D TelephonyRegistry: notifyCellLocationForSubscriber: subId=0 cellLocation=Bundle[{}]
02-20 20:48:09.981  1925  1937 D SubscriptionController: [getPhoneId]- no sims, returning default phoneId=2147483647
02-20 20:48:09.983  1659  1659 I FusedLocation: engine started (com.android.location.fused)
02-20 20:48:09.984  1925  1925 D RILJ    : [3655]> RIL_REQUEST_SET_TTY_MODE : 0 [SUB0]
02-20 20:48:09.984  1374  1481 D RIL     : onRequest: SET_TTY_MODE
02-20 20:48:09.985  1925  1996 D RilRequest: [3655]< RIL_REQUEST_SET_TTY_MODE error: com.android.internal.telephony.CommandException: RADIO_NOT_AVAILABLE ret=
02-20 20:48:09.985  1925  1925 I Telephony: TtyManager: updateUiTtyMode -1 -> 0
02-20 20:48:10.001  1659  1787 D TelephonyRegistry: listen oscl: hasNotifySubscriptionInfoChangedOccurred==false no callback
02-20 20:48:10.003  1925  1925 D SubscriptionController: [getPhoneId] asked for default subId=-1
02-20 20:48:10.013  1925  1925 D UiccController: Received EVENT_ICC_STATUS_CHANGED, calling getIccCardStatus
02-20 20:48:10.013  1925  1925 D RILJ    : [3656]> GET_SIM_STATUS [SUB0]
02-20 20:48:10.015  1925  1925 D Phone   : config LCE service failed: com.android.internal.telephony.CommandException: RADIO_NOT_AVAILABLE
02-20 20:48:10.015  1925  1925 D GsmSMSDispatcher: GsmSMSDispatcher: subId = -2 slotId = 0
02-20 20:48:10.015  1925  1925 E IccCardProxy: setExternalState: !override and newstate unchanged from NOT_READY
02-20 20:48:10.015  1925  1925 D RILJ    : [3657]> BASEBAND_VERSION [SUB0]
02-20 20:48:10.015  1374  1481 D RIL     : onRequest: GET_SIM_STATUS
02-20 20:48:10.015  1374  1481 D RIL     : getSIMStatus(). sState: 0
02-20 20:48:10.016  1925  1996 D RILJ    : [3656]< GET_SIM_STATUS IccCardState {CARDSTATE_PRESENT,PINSTATE_UNKNOWN,num_apps=2,gsm_id=0{APPTYPE_SIM,APPSTATE_DETECTED},cdma_id=1{APPTYPE_RUIM,APPSTATE_DETECTED},ims_id=8} [SUB0]
02-20 20:48:10.016  1925  1925 D RILJ    : [3658]> GET_IMEI [SUB0]
02-20 20:48:10.016  1925  1925 D RILJ    : [3659]> GET_IMEISV [SUB0]
02-20 20:48:10.016  1925  1925 D RILJ    : [3660]> RIL_REQUEST_GET_RADIO_CAPABILITY [SUB0]
02-20 20:48:10.017  1925  1925 D RILJ    : [3661]> RIL_REQUEST_START_LCE [SUB0]
02-20 20:48:10.017  1374  1481 D RIL     : onRequest: BASEBAND_VERSION
02-20 20:48:10.017  1374  1481 D RIL     : onRequest: GET_IMEI
02-20 20:48:10.017  1374  1481 D AT      : AT> AT+CGSN
02-20 20:48:10.017  1374  1484 D AT      : AT< 000000000000000
02-20 20:48:10.017  1374  1484 D AT      : AT< OK
02-20 20:48:10.017  1374  1481 D RIL     : onRequest: GET_IMEISV
02-20 20:48:10.017  1374  1481 D RIL     : onRequest: RIL_REQUEST_GET_RADIO_CAPABILITY
02-20 20:48:10.017  1925  1996 D RilRequest: [3657]< BASEBAND_VERSION error: com.android.internal.telephony.CommandException: RADIO_NOT_AVAILABLE ret=
02-20 20:48:10.017  1925  1925 D GsmCdmaPhone: [GsmCdmaPhone] Event EVENT_RADIO_OFF_OR_NOT_AVAILABLE Received
02-20 20:48:10.017  1925  1925 E IccCardProxy: setExternalState: !override and newstate unchanged from NOT_READY
02-20 20:48:10.017  1925  1925 D SST     : mDeviceShuttingDown=false, mDesiredPowerState=true, getRadioState=RADIO_OFF, mPowerOffDelayNeed=true, mAlarmSwitch=false, mRadioDisabledByCarrier=false
02-20 20:48:10.017  1925  1925 D RILJ    : [3662]> RADIO_POWER on [SUB0]
02-20 20:48:10.017  1374  1481 D RIL     : onRequest: <unknown request>
02-20 20:48:10.017  1925  1925 D RILJ    : [3663]> OPERATOR [SUB0]
02-20 20:48:10.017  1925  1925 D RILJ    : [3664]> DATA_REGISTRATION_STATE [SUB0]
02-20 20:48:10.017  1374  1481 D RIL     : onRequest: RADIO_POWER
02-20 20:48:10.017  1374  1481 D AT      : AT> AT+CFUN=1
02-20 20:48:10.017  1374  1484 D AT      : AT< OK
02-20 20:48:10.017  1374  1481 D RIL     : setRadioState(10)
02-20 20:48:10.018  1374  1481 D RIL     : onRequest: OPERATOR
02-20 20:48:10.018  1374  1481 D AT      : AT> AT+COPS=3,0;+COPS?;+COPS=3,1;+COPS?;+COPS=3,2;+COPS?
02-20 20:48:10.018  1374  1484 D AT      : AT< +COPS: 0,0,"Android"
02-20 20:48:10.018  1374  1484 D AT      : AT< +COPS: 0,1,"Android"
02-20 20:48:10.018  1374  1484 D AT      : AT< +COPS: 0,2,"310260"
02-20 20:48:10.018  1374  1484 D AT      : AT< OK
02-20 20:48:10.018  1925  1925 D RILJ    : [3665]> VOICE_REGISTRATION_STATE [SUB0]
02-20 20:48:10.018  1925  1925 D RILJ    : [3666]> QUERY_NETWORK_SELECTION_MODE [SUB0]
02-20 20:48:10.018  1925  1925 D SST     : NITZ: 18/02/20:20:48:04+0:0:Unknown!Unknown,3959 start=11018 delay=7059
02-20 20:48:10.018  1925  1925 D SST     : NITZ: tzOffset=0 dst=0 zone=GMT iso= mGotCountryCode=false mNeedFixZoneAfterNitz=false
02-20 20:48:10.018  1925  1996 D RILJ    : [3658]< GET_IMEI  [SUB0]
02-20 20:48:10.018  1925  1996 D RilRequest: [3659]< GET_IMEISV error: com.android.internal.telephony.CommandException: RADIO_NOT_AVAILABLE ret=
02-20 20:48:10.018  1925  1996 D RilRequest: [3660]< RIL_REQUEST_GET_RADIO_CAPABILITY error: com.android.internal.telephony.CommandException: RADIO_NOT_AVAILABLE ret=
02-20 20:48:10.018  1925  1996 D RilRequest: [3661]< RIL_REQUEST_START_LCE error: com.android.internal.telephony.CommandException: RADIO_NOT_AVAILABLE ret=
02-20 20:48:10.018  1925  1996 D RILJ    : [UNSL]< UNSOL_RESPONSE_RADIO_STATE_CHANGED RADIO_ON [SUB0]
02-20 20:48:10.018  1925  1925 D SST     : setAndBroadcastNetworkSetTimeZone: setTimeZone=GMT
02-20 20:48:10.018  1925  1996 D RILJ    : [UNSL]< UNSOL_RESPONSE_SIM_STATUS_CHANGED [SUB0]
02-20 20:48:10.018  1925  1996 D RILJ    : [3662]< RADIO_POWER  [SUB0]
02-20 20:48:10.018  1659  1784 D AlarmManagerService: Kernel timezone updated to 0 minutes west of GMT
02-20 20:48:10.018  1925  1996 D RILJ    : [3663]< OPERATOR {Android, Android, 310260} [SUB0]
02-20 20:48:10.019  1374  1481 D RIL     : onRequest: DATA_REGISTRATION_STATE
02-20 20:48:10.019  1374  1481 D RIL     : requestRegistrationState
02-20 20:48:10.019  1374  1481 D AT      : AT> AT+CGREG?
02-20 20:48:10.019  1374  1484 D AT      : AT< +CGREG: 1,1,"0003","005b","000e"
02-20 20:48:10.019  1374  1484 D AT      : AT< OK
02-20 20:48:10.019  1374  1481 D RIL     : parseRegistrationState. Parsing: +CGREG: 1,1,"0003","005b","000e"
02-20 20:48:10.019  1374  1481 D RIL     : registration state type: 3GPP
02-20 20:48:10.019  1374  1481 D RIL     : onRequest: VOICE_REGISTRATION_STATE
02-20 20:48:10.019  1374  1481 D RIL     : requestRegistrationState
02-20 20:48:10.019  1374  1481 D AT      : AT> AT+CREG?
02-20 20:48:10.019  1925  1996 D RILJ    : [3664]< DATA_REGISTRATION_STATE {1, 3, 5b, 14, null, null} [SUB0]
02-20 20:48:10.019  1374  1484 D AT      : AT< +CREG: 2,1, "0003", "005b"
02-20 20:48:10.019  1374  1484 D AT      : AT< OK
02-20 20:48:10.019  1925  1925 D SST     : setAndBroadcastNetworkSetTimeZone: call alarm.setTimeZone and broadcast zoneId=GMT
02-20 20:48:10.019  1374  1481 D RIL     : parseRegistrationState. Parsing: +CREG: 2,1, "0003", "005b"
02-20 20:48:10.019  1374  1481 D RIL     : registration state type: 3GPP
02-20 20:48:10.019  1374  1481 D RIL     : onRequest: QUERY_NETWORK_SELECTION_MODE
02-20 20:48:10.019  1374  1481 D AT      : AT> AT+COPS?
02-20 20:48:10.019  1925  1996 D RILJ    : [3665]< VOICE_REGISTRATION_STATE {1, 3, 5b, 0, null, null, null, null, null, null, null, null, null, null, null} [SUB0]
02-20 20:48:10.020  1374  1484 D AT      : AT< +COPS: 0,2,310260
02-20 20:48:10.020  1374  1484 D AT      : AT< OK
02-20 20:48:10.020  1925  1996 D RILJ    : [3666]< QUERY_NETWORK_SELECTION_MODE {0} [SUB0]
02-20 20:48:10.020  1925  1925 D SST     : NITZ: Setting time of day to Tue Feb 20 20:48:11 GMT+00:00 2018 NITZ receive delay(ms): 7061 gained(ms): 1041 from 18/02/20:20:48:04+0:0:Unknown!Unknown
02-20 20:48:10.020  1925  1925 D SST     : setAndBroadcastNetworkSetTime: time=1519159691061ms
02-20 20:48:10.021  1659  1971 D AlarmManagerService: Setting time of day to sec=1519159691
02-20 20:48:11.061  1659  1971 W AlarmManagerService: Unable to set rtc to 1519159691: No such device
02-20 20:48:11.066  1659  1741 E ActivityThread: Failed to find provider info for com.android.calendar
02-20 20:48:11.066  1659  1741 E ActivityThread: Failed to find provider info for com.android.calendar
02-20 20:48:11.066  1659  1659 D ConditionProviders.SCP: onReceive android.intent.action.TIME_SET
02-20 20:48:11.066  1659  1659 D ConditionProviders.SCP: notifyCondition condition://android/schedule?days=6.7&start=23.30&end=10.0&exitAtAlarm=false STATE_FALSE reason=!meetsSchedule
02-20 20:48:11.067  1659  1659 D ConditionProviders.SCP: notifyCondition condition://android/schedule?days=1.2.3.4.5&start=22.0&end=7.0&exitAtAlarm=false STATE_FALSE reason=!meetsSchedule
02-20 20:48:11.067  1659  1659 D ConditionProviders.SCP: Scheduling evaluate for Tue Feb 20 22:00:00 GMT+00:00 2018 (1519164000000), in +1h11m48s934ms, now=Tue Feb 20 20:48:11 GMT+00:00 2018 (1519159691066)
02-20 20:48:11.072  1925  1925 I SST     : NITZ: after Setting time of day
02-20 20:48:11.073  1925  1925 D SST     : NITZ: end=11033 dur=15
02-20 20:48:11.074  1925  1925 D SST     : onSignalStrengthResult() Exception from RIL : com.android.internal.telephony.CommandException: RADIO_NOT_AVAILABLE
02-20 20:48:11.074  1925  1925 D SST     : mDeviceShuttingDown=false, mDesiredPowerState=true, getRadioState=RADIO_ON, mPowerOffDelayNeed=true, mAlarmSwitch=false, mRadioDisabledByCarrier=false
02-20 20:48:11.074  1925  1925 D RILJ    : [3667]> OPERATOR [SUB0]
02-20 20:48:11.074  1925  1925 D RILJ    : [3668]> DATA_REGISTRATION_STATE [SUB0]
02-20 20:48:11.074  1374  1481 D RIL     : onRequest: OPERATOR
02-20 20:48:11.074  1374  1481 D AT      : AT> AT+COPS=3,0;+COPS?;+COPS=3,1;+COPS?;+COPS=3,2;+COPS?
02-20 20:48:11.075  1374  1484 D AT      : AT< +COPS: 0,0,"Android"
02-20 20:48:11.075  1374  1484 D AT      : AT< +COPS: 0,1,"Android"
02-20 20:48:11.075  1925  1925 D RILJ    : [3669]> VOICE_REGISTRATION_STATE [SUB0]
02-20 20:48:11.075  1374  1484 D AT      : AT< +COPS: 0,2,"310260"
02-20 20:48:11.075  1374  1484 D AT      : AT< OK
02-20 20:48:11.075  1374  1481 D RIL     : onRequest: DATA_REGISTRATION_STATE
02-20 20:48:11.075  1374  1481 D RIL     : requestRegistrationState
02-20 20:48:11.075  1374  1481 D AT      : AT> AT+CGREG?
02-20 20:48:11.075  1374  1484 D AT      : AT< +CGREG: 1,1,"0003","005b","000e"
02-20 20:48:11.075  1374  1484 D AT      : AT< OK
02-20 20:48:11.075  1925  1996 D RILJ    : [3667]< OPERATOR {Android, Android, 310260} [SUB0]
02-20 20:48:11.075  1374  1481 D RIL     : parseRegistrationState. Parsing: +CGREG: 1,1,"0003","005b","000e"
02-20 20:48:11.075  1374  1481 D RIL     : registration state type: 3GPP
02-20 20:48:11.075  1925  1925 D RILJ    : [3670]> QUERY_NETWORK_SELECTION_MODE [SUB0]
02-20 20:48:11.075  1374  1481 D RIL     : onRequest: VOICE_REGISTRATION_STATE
02-20 20:48:11.075  1374  1481 D RIL     : requestRegistrationState
02-20 20:48:11.075  1374  1481 D AT      : AT> AT+CREG?
02-20 20:48:11.075  1374  1484 D AT      : AT< +CREG: 2,1, "0003", "005b"
02-20 20:48:11.075  1374  1484 D AT      : AT< OK
02-20 20:48:11.075  1760  1760 E BluetoothAdapter: Bluetooth binder is null
02-20 20:48:11.075  1925  1925 D DCT     : [0]NETWORK_STATE_CHANGED_ACTION: mIsWifiConnected=false
02-20 20:48:11.075  1925  1925 D DCT     : [0]Wifi state changed
02-20 20:48:11.075  1925  1925 D DCT     : [0]WIFI_STATE_CHANGED_ACTION: enabled=true mIsWifiConnected=false
02-20 20:48:11.075  1925  1925 D DCT     : [0]onRadioAvailable
02-20 20:48:11.075  1925  1925 D DCT     : [0]onRadioOffOrNotAvailable: is off and clean up all connections
02-20 20:48:11.075  1925  1925 D DCT     : [0]cleanUpAllConnections: tearDown=false reason=radioTurnedOff
02-20 20:48:11.075  1925  1925 D GsmCdmaPhone: [GsmCdmaPhone] getDataConnectionState apnType=default ret=DISCONNECTED
02-20 20:48:11.075  1925  1996 D RILJ    : [3668]< DATA_REGISTRATION_STATE {1, 3, 5b, 14, null, null} [SUB0]
02-20 20:48:11.075  1374  1481 D RIL     : parseRegistrationState. Parsing: +CREG: 2,1, "0003", "005b"
02-20 20:48:11.075  1374  1481 D RIL     : registration state type: 3GPP
02-20 20:48:11.075  1374  1481 D RIL     : onRequest: QUERY_NETWORK_SELECTION_MODE
02-20 20:48:11.075  1374  1481 D AT      : AT> AT+COPS?
02-20 20:48:11.076  1925  1996 D RILJ    : [3669]< VOICE_REGISTRATION_STATE {1, 3, 5b, 0, null, null, null, null, null, null, null, null, null, null, null} [SUB0]
02-20 20:48:11.076  1374  1484 D AT      : AT< +COPS: 0,2,310260
02-20 20:48:11.076  1374  1484 D AT      : AT< OK
02-20 20:48:11.076  1925  1996 D RILJ    : [3670]< QUERY_NETWORK_SELECTION_MODE {0} [SUB0]
02-20 20:48:11.080  1925  1925 D DCT     : [0]cleanUpConnection: X tearDown=false reason=radioTurnedOff apnContext={mApnType=default mState=IDLE mWaitingApns={null} mApnSetting={null} mReason=radioTurnedOff mDataEnabled=false mDependencyMet=true} dcac=null
02-20 20:48:11.080  1925  1925 D GsmCdmaPhone: [GsmCdmaPhone] getDataConnectionState apnType=mms ret=DISCONNECTED
02-20 20:48:11.081  1925  1925 D DCT     : [0]cleanUpConnection: X tearDown=false reason=radioTurnedOff apnContext={mApnType=mms mState=IDLE mWaitingApns={null} mApnSetting={null} mReason=radioTurnedOff mDataEnabled=false mDependencyMet=true} dcac=null
02-20 20:48:11.081  1925  1925 D GsmCdmaPhone: [GsmCdmaPhone] getDataConnectionState apnType=cbs ret=DISCONNECTED
02-20 20:48:11.082  1925  1925 D DCT     : [0]cleanUpConnection: X tearDown=false reason=radioTurnedOff apnContext={mApnType=cbs mState=IDLE mWaitingApns={null} mApnSetting={null} mReason=radioTurnedOff mDataEnabled=false mDependencyMet=true} dcac=null
02-20 20:48:11.082  1925  1925 D GsmCdmaPhone: [GsmCdmaPhone] getDataConnectionState apnType=fota ret=DISCONNECTED
02-20 20:48:11.084  1925  1925 D DCT     : [0]cleanUpConnection: X tearDown=false reason=radioTurnedOff apnContext={mApnType=fota mState=IDLE mWaitingApns={null} mApnSetting={null} mReason=radioTurnedOff mDataEnabled=false mDependencyMet=true} dcac=null
02-20 20:48:11.084  1925  1925 D GsmCdmaPhone: [GsmCdmaPhone] getDataConnectionState apnType=supl ret=DISCONNECTED
02-20 20:48:11.085  1925  1925 D DCT     : [0]cleanUpConnection: X tearDown=false reason=radioTurnedOff apnContext={mApnType=supl mState=IDLE mWaitingApns={null} mApnSetting={null} mReason=radioTurnedOff mDataEnabled=false mDependencyMet=true} dcac=null
02-20 20:48:11.085  1925  1925 D GsmCdmaPhone: [GsmCdmaPhone] getDataConnectionState apnType=ia ret=DISCONNECTED
02-20 20:48:11.086  1925  1925 D DCT     : [0]cleanUpConnection: X tearDown=false reason=radioTurnedOff apnContext={mApnType=ia mState=IDLE mWaitingApns={null} mApnSetting={null} mReason=radioTurnedOff mDataEnabled=false mDependencyMet=true} dcac=null
02-20 20:48:11.086  1925  1925 D GsmCdmaPhone: [GsmCdmaPhone] getDataConnectionState apnType=emergency ret=DISCONNECTED
02-20 20:48:11.087  1925  1925 D DCT     : [0]cleanUpConnection: X tearDown=false reason=radioTurnedOff apnContext={mApnType=emergency mState=IDLE mWaitingApns={null} mApnSetting={null} mReason=radioTurnedOff mDataEnabled=false mDependencyMet=true} dcac=null
02-20 20:48:11.087  1925  1925 D GsmCdmaPhone: [GsmCdmaPhone] getDataConnectionState apnType=hipri ret=DISCONNECTED
02-20 20:48:11.088  1760  1760 I CameraManagerGlobal: Connecting to camera service
02-20 20:48:11.088  1925  1925 D DCT     : [0]cleanUpConnection: X tearDown=false reason=radioTurnedOff apnContext={mApnType=hipri mState=IDLE mWaitingApns={null} mApnSetting={null} mReason=radioTurnedOff mDataEnabled=false mDependencyMet=true} dcac=null
02-20 20:48:11.088  1925  1925 D GsmCdmaPhone: [GsmCdmaPhone] getDataConnectionState apnType=ims ret=DISCONNECTED
02-20 20:48:11.088  1365  1365 V EmulatedCamera_Camera: getCameraInfo
02-20 20:48:11.088  1365  1365 V EmulatedCamera_BaseCamera: getCameraInfo
02-20 20:48:11.088  1365  1365 I CameraService: getCameraCharacteristics: Switching to HAL1 shim implementation...
02-20 20:48:11.088  1365  1365 V EmulatedCamera_Camera: getCameraInfo
02-20 20:48:11.088  1365  1365 V EmulatedCamera_BaseCamera: getCameraInfo
02-20 20:48:11.088  1365  1365 I CameraService: CameraService::connect call (PID -1 "cameraserver", camera ID 0) for HAL version default and Camera API version 1
02-20 20:48:11.089  1925  1925 D DCT     : [0]cleanUpConnection: X tearDown=false reason=radioTurnedOff apnContext={mApnType=ims mState=IDLE mWaitingApns={null} mApnSetting={null} mReason=radioTurnedOff mDataEnabled=false mDependencyMet=true} dcac=null
02-20 20:48:11.089  1925  1925 D DCT     : [0]stopNetStatPoll
02-20 20:48:11.089  1365  1365 E CameraService: getCameraPriorityFromProcState: Received invalid process state -1 from ActivityManagerService!
02-20 20:48:11.089  1365  1365 V EmulatedCamera_Camera: getCameraInfo
02-20 20:48:11.089  1925  1925 D DCT     : [0]cleanUpConnection: mDisconnectPendingCount = 0
02-20 20:48:11.089  1365  1365 V EmulatedCamera_BaseCamera: getCameraInfo
02-20 20:48:11.089  1925  1925 D DCT     : [0]isDataAllowed: No - Not attached - SIM not loaded
02-20 20:48:11.096  1372  2061 E WVMExtractor: Failed to open libwvm.so: dlopen failed: library "libwvm.so" not found
02-20 20:48:11.102  1925  1925 D DCT     : [0]onDataConnectionDetached: stop polling and notify detached
02-20 20:48:11.102  1925  1925 D DCT     : [0]stopNetStatPoll
02-20 20:48:11.102  1925  1925 D DCT     : [0]notifyDataConnection: reason=dataDetached
02-20 20:48:11.103  1925  1925 D DCT     : [0]isDataAllowed: No - Not attached - SIM not loaded
02-20 20:48:11.120  1372  2060 D NuPlayerDriver: notifyListener_l(0xefa92360), (1, 0, 0), loop setting(0, 0)
02-20 20:48:11.136  1925  1925 D DCT     : [0]onRoamingOff
02-20 20:48:11.137  1925  1925 D DCT     : [0]isDataAllowed: No - Not attached - SIM not loaded
02-20 20:48:11.142  1372  2062 D NuPlayerDriver: notifyListener_l(0xefa92420), (1, 0, 0), loop setting(0, 0)
02-20 20:48:11.143  1925  1925 D DCT     : [0]setupDataOnConnectableApns: roamingOff hipri:[state=IDLE,enabled=false] mms:[state=IDLE,enabled=false] supl:[state=IDLE,enabled=false] ia:[state=IDLE,enabled=false] fota:[state=IDLE,enabled=false] ims:[state=IDLE,enabled=false] cbs:[state=IDLE,enabled=false] default:[state=IDLE,enabled=false] emergency:[state=IDLE,enabled=false] 
02-20 20:48:11.143  1925  1925 D DCT     : [0]setupDataOnConnectableApns: nwTypeChanged hipri:[state=IDLE,enabled=false] mms:[state=IDLE,enabled=false] supl:[state=IDLE,enabled=false] ia:[state=IDLE,enabled=false] fota:[state=IDLE,enabled=false] ims:[state=IDLE,enabled=false] cbs:[state=IDLE,enabled=false] default:[state=IDLE,enabled=false] emergency:[state=IDLE,enabled=false] 
02-20 20:48:11.143  1925  1925 D SubscriptionInfoUpdater: [Receiver]+
02-20 20:48:11.143  1925  1925 D SubscriptionInfoUpdater: Action: android.intent.action.SIM_STATE_CHANGED
02-20 20:48:11.143  1925  1925 D SubscriptionInfoUpdater: slotId: 0
02-20 20:48:11.143  1925  1925 D SubscriptionInfoUpdater: simStatus: NOT_READY
02-20 20:48:11.143  1925  1925 D SubscriptionInfoUpdater: Ignoring simStatus: NOT_READY
02-20 20:48:11.143  1925  1925 D SubscriptionInfoUpdater: [Receiver]-
02-20 20:48:11.143  1925  1925 D PhoneSwitcherNetworkRequstListener: got request NetworkRequest [ REQUEST id=1, [ Capabilities: INTERNET&NOT_RESTRICTED&TRUSTED&NOT_VPN] ] with score 0
02-20 20:48:11.143  1925  1925 D TelephonyNetworkFactory[0]: onSubIdChange -1->-2
02-20 20:48:11.143  1925  1925 D TelephonyNetworkFactory[0]: got request NetworkRequest [ REQUEST id=1, [ Capabilities: INTERNET&NOT_RESTRICTED&TRUSTED&NOT_VPN] ] with score 0
02-20 20:48:11.145  1925  1925 D DebugService: DebugService DebugService:
02-20 20:48:11.145  1925  1925 D TelephonyDebugService: TelephonyDebugService()
02-20 20:48:11.146  1925  1925 D CarrierConfigLoader: mHandler: 12 phoneId: 0
02-20 20:48:11.146  1925  1925 D RILJ    : [3671]> RIL_REQUEST_QUERY_TTY_MODE [SUB0]
02-20 20:48:11.146  1925  1925 D UiccController: Received EVENT_GET_ICC_STATUS_DONE
02-20 20:48:11.147  1925  1925 D UiccCard: 2 applications
02-20 20:48:11.147  1925  1925 D UiccCardApplication: Creating UiccApp: {APPTYPE_SIM,APPSTATE_DETECTED}
02-20 20:48:11.147  1374  1481 D RIL     : onRequest: QUERY_TTY_MODE
02-20 20:48:11.147  1374  1481 D RIL     : Request not supported. Tech: 1
02-20 20:48:11.147  1925  1996 D RilRequest: [3671]< RIL_REQUEST_QUERY_TTY_MODE error: com.android.internal.telephony.CommandException: REQUEST_NOT_SUPPORTED ret=
02-20 20:48:11.149  1925  1925 W VoiceMailConstants: Can't open /system/etc/voicemail-conf.xml
02-20 20:48:11.150  1925  1925 D SpnOverride: No SPN in OEM image = /oem/telephony/spn-conf.xml Load SPN from system image
02-20 20:48:11.150  1925  1925 W SpnOverride: Can not open /system/etc/spn-conf.xml
02-20 20:48:11.150  1925  1925 D SIMRecords: [SIMRecords] setting0 mMncLength-1
02-20 20:48:11.150  1925  1925 D SIMRecords: [SIMRecords] SIMRecords: onRadioOffOrNotAvailable set 'gsm.sim.operator.numeric' to operator=null
02-20 20:48:11.150  1925  1925 D SIMRecords: [SIMRecords] update icc_operator_numeric=null
02-20 20:48:11.150  1925  1925 D TelephonyManager: setTelephonyProperty: success phoneId=0 property=gsm.sim.operator.numeric value:  propVal=
02-20 20:48:11.151  1925  1925 D TelephonyManager: setTelephonyProperty: success phoneId=0 property=gsm.sim.operator.alpha value:  propVal=
02-20 20:48:11.151  1925  1925 D TelephonyManager: setTelephonyProperty: success phoneId=0 property=gsm.sim.operator.iso-country value:  propVal=
02-20 20:48:11.151  1925  1925 D SIMRecords: [SIMRecords] getOperatorNumeric: IMSI == null
02-20 20:48:11.152  1925  1925 D SIMRecords: [SIMRecords] SIMRecords X ctor this=SimRecords: mDestroyed=false mContext=com.android.phone.PhoneGlobals@a16eed2 mCi=com.android.internal.telephony.RIL@cb8cad4 mFh=Handler (com.android.internal.telephony.uicc.SIMFileHandler) {f3dba3} mParentApp=com.android.internal.telephony.uicc.UiccCardApplication@7d25ea0 recordsLoadedRegistrants=android.os.RegistrantList@d273a59 mImsiReadyRegistrants=android.os.RegistrantList@751261e mRecordsEventsRegistrants=android.os.RegistrantList@5e8eff mNewSmsRegistrants=android.os.RegistrantList@ec4cc mNetworkSelectionModeAutomaticRegistrants=android.os.RegistrantList@8082315 recordsToLoad=0 adnCache=Handler (com.android.internal.telephony.uicc.AdnRecordCache) {d65862a} recordsRequested=false iccid=null msisdnTag=null voiceMailNum=null voiceMailTag=null voiceMailNum=null newVoiceMailTag=null isVoiceMailFixed=false mImsi=null mncLength=-1 mailboxIndex=0 spn=null mVmConfigcom.android.internal.telephony.uicc.VoiceMailConstants@1971c1b mSpnOverride=mSpnOverride callForwardingEnabled=0 spnState=null mCphsInfo=null mCspPlmnEnabled=true efMWIS=null efCPHS_MWI=null mEfCff=null mEfCfis=null getOperatorNumeric=null
02-20 20:48:11.152  1659  1676 D TelephonyRegistry: listen oscl: hasNotifySubscriptionInfoChangedOccurred==false no callback
02-20 20:48:11.155  1925  1925 D UiccCardApplication: Creating UiccApp: {APPTYPE_RUIM,APPSTATE_DETECTED}
02-20 20:48:11.155  1925  1925 D RuimRecords: [RuimRecords] setting0 mMncLength-1
02-20 20:48:11.164  1925  1925 D RuimRecords: [RuimRecords] RuimRecords X ctor this=RuimRecords: mDestroyed=false mContext=com.android.phone.PhoneGlobals@a16eed2 mCi=com.android.internal.telephony.RIL@cb8cad4 mFh=Handler (com.android.internal.telephony.uicc.RuimFileHandler) {d4db91} mParentApp=com.android.internal.telephony.uicc.UiccCardApplication@8addaf6 recordsLoadedRegistrants=android.os.RegistrantList@b015ef7 mImsiReadyRegistrants=android.os.RegistrantList@48ee164 mRecordsEventsRegistrants=android.os.RegistrantList@da9fcd mNewSmsRegistrants=android.os.RegistrantList@f54b082 mNetworkSelectionModeAutomaticRegistrants=android.os.RegistrantList@b62f393 recordsToLoad=0 adnCache=Handler (com.android.internal.telephony.uicc.AdnRecordCache) {60aafd0} recordsRequested=false iccid=null msisdnTag=null voiceMailNum=null voiceMailTag=null voiceMailNum=null newVoiceMailTag=null isVoiceMailFixed=false mImsi=null mncLength=-1 mailboxIndex=0 spn=null m_ota_commitedfalse mMyMobileNumber=xxxx mMin2Min1=null mPrlVersion=null mEFpl=null mEFli=null mCsimSpnDisplayCondition=false mMdn=null mMin=null mHomeSystemId=null mHomeNetworkId=null
02-20 20:48:11.165  1372  2064 D NuPlayerDriver: notifyListener_l(0xefa92780), (1, 0, 0), loop setting(0, 0)
02-20 20:48:11.166  1365  1365 I CameraFlashlight: Opening camera 0
02-20 20:48:11.166  1365  1365 V EmulatedCamera_Camera: getCameraInfo
02-20 20:48:11.166  1365  1365 V EmulatedCamera_BaseCamera: getCameraInfo
02-20 20:48:11.166  1365  1365 V EmulatedCamera_Camera: connectCamera
02-20 20:48:11.166  1365  1365 V EmulatedCamera_FakeDevice: connectDevice
02-20 20:48:11.166  1365  1365 V EmulatedCamera_CallbackNotifier: setCallbacks: 0xf0d94e80, 0xf0d94ed0, 0xf0d94ff0, 0xf0d95110 (0xf0b43320)
02-20 20:48:11.166  1365  1365 V EmulatedCamera_CallbackNotifier: enableMessage: msg_type = 0xc0d
02-20 20:48:11.166  1365  1365 V EmulatedCamera_CallbackNotifier:     CAMERA_MSG_ERROR
02-20 20:48:11.166  1365  1365 V EmulatedCamera_CallbackNotifier:     CAMERA_MSG_FOCUS
02-20 20:48:11.166  1365  1365 V EmulatedCamera_CallbackNotifier:     CAMERA_MSG_ZOOM
02-20 20:48:11.166  1365  1365 V EmulatedCamera_CallbackNotifier:     CAMERA_MSG_PREVIEW_METADATA
02-20 20:48:11.166  1365  1365 V EmulatedCamera_CallbackNotifier: **** Currently enabled messages:
02-20 20:48:11.166  1365  1365 V EmulatedCamera_CallbackNotifier:     CAMERA_MSG_ERROR
02-20 20:48:11.166  1365  1365 V EmulatedCamera_CallbackNotifier:     CAMERA_MSG_FOCUS
02-20 20:48:11.166  1365  1365 V EmulatedCamera_CallbackNotifier:     CAMERA_MSG_ZOOM
02-20 20:48:11.166  1365  1365 V EmulatedCamera_CallbackNotifier:     CAMERA_MSG_PREVIEW_METADATA
02-20 20:48:11.166  1365  1365 V EmulatedCamera_CallbackNotifier: disableMessage: msg_type = 0xffff
02-20 20:48:11.166  1365  1365 V EmulatedCamera_CallbackNotifier:     CAMERA_MSG_ERROR
02-20 20:48:11.166  1365  1365 V EmulatedCamera_CallbackNotifier:     CAMERA_MSG_SHUTTER
02-20 20:48:11.166  1365  1365 V EmulatedCamera_CallbackNotifier:     CAMERA_MSG_FOCUS
02-20 20:48:11.166  1365  1365 V EmulatedCamera_CallbackNotifier:     CAMERA_MSG_ZOOM
02-20 20:48:11.166  1365  1365 V EmulatedCamera_CallbackNotifier:     CAMERA_MSG_PREVIEW_FRAME
02-20 20:48:11.166  1365  1365 V EmulatedCamera_CallbackNotifier:     CAMERA_MSG_VIDEO_FRAME
02-20 20:48:11.166  1365  1365 V EmulatedCamera_CallbackNotifier:     CAMERA_MSG_POSTVIEW_FRAME
02-20 20:48:11.166  1365  1365 V EmulatedCamera_CallbackNotifier:     CAMERA_MSG_RAW_IMAGE
02-20 20:48:11.166  1365  1365 V EmulatedCamera_CallbackNotifier:     CAMERA_MSG_COMPRESSED_IMAGE
02-20 20:48:11.166  1365  1365 V EmulatedCamera_CallbackNotifier:     CAMERA_MSG_RAW_IMAGE_NOTIFY
02-20 20:48:11.166  1365  1365 V EmulatedCamera_CallbackNotifier:     CAMERA_MSG_PREVIEW_METADATA
02-20 20:48:11.166  1365  1365 V EmulatedCamera_CallbackNotifier: **** Currently enabled messages:
02-20 20:48:11.166  1365  1365 V EmulatedCamera_Preview: setPreviewWindow: current: 0x0 -> new: 0x0
02-20 20:48:11.166  1365  1365 V EmulatedCamera_Camera: doStopPreview
02-20 20:48:11.166  1365  1365 V EmulatedCamera_Camera: cancelPicture
02-20 20:48:11.166  1365  1365 V EmulatedCamera_Camera: releaseCamera
02-20 20:48:11.166  1365  1365 V EmulatedCamera_Camera: doStopPreview
02-20 20:48:11.166  1365  1365 V EmulatedCamera_FakeDevice: disconnectDevice
02-20 20:48:11.166  1365  1365 W EmulatedCamera_Device: Initialize: Emulated camera device is already initialized: mState = 1
02-20 20:48:11.166  1365  1365 D EmulatedCamera_FakeCamera: Initialize: Fake camera is facing back
02-20 20:48:11.166  1365  1365 V EmulatedCamera_Device: initializeWhiteBalanceModes with auto, 1.000000, 1.000000
02-20 20:48:11.166  1365  1365 V EmulatedCamera_Device: initializeWhiteBalanceModes with incandescent, 1.380000, 0.600000
02-20 20:48:11.166  1365  1365 V EmulatedCamera_Device: initializeWhiteBalanceModes with daylight, 1.090000, 0.920000
02-20 20:48:11.166  1365  1365 V EmulatedCamera_Device: initializeWhiteBalanceModes with twilight, 0.920000, 1.220000
02-20 20:48:11.166  1365  1365 V EmulatedCamera_Device: setWhiteBalanceMode with white balance auto
02-20 20:48:11.166  1365  1365 I CameraFlashlight: Destroying camera 0
02-20 20:48:11.166  1365  1365 V EmulatedCamera_Camera: closeCamera
02-20 20:48:11.166  1365  1365 V EmulatedCamera_Camera: doStopPreview
02-20 20:48:11.166  1365  1365 W EmulatedCamera_Device: Initialize: Emulated camera device is already initialized: mState = 1
02-20 20:48:11.166  1365  1365 D EmulatedCamera_FakeCamera: Initialize: Fake camera is facing back
02-20 20:48:11.166  1365  1365 V EmulatedCamera_Device: initializeWhiteBalanceModes with auto, 1.000000, 1.000000
02-20 20:48:11.166  1365  1365 V EmulatedCamera_Device: initializeWhiteBalanceModes with incandescent, 1.380000, 0.600000
02-20 20:48:11.166  1365  1365 V EmulatedCamera_Device: initializeWhiteBalanceModes with daylight, 1.090000, 0.920000
02-20 20:48:11.166  1365  1365 V EmulatedCamera_Device: initializeWhiteBalanceModes with twilight, 0.920000, 1.220000
02-20 20:48:11.166  1365  1365 V EmulatedCamera_Device: setWhiteBalanceMode with white balance auto
02-20 20:48:11.167  1365  1365 I CameraService: disconnect: Disconnected client for camera 0 for PID 1365
02-20 20:48:11.167  1372  1402 D NuPlayerDriver: reset(0xefa92360) at state 4
02-20 20:48:11.167  1372  1402 D NuPlayerDriver: notifyListener_l(0xefa92360), (8, 0, 0), loop setting(0, 0)
02-20 20:48:11.167  1372  2060 D NuPlayerDriver: notifyResetComplete(0xefa92360)
02-20 20:48:11.168  1372  1841 D NuPlayerDriver: reset(0xefa92420) at state 4
02-20 20:48:11.168  1372  1841 D NuPlayerDriver: notifyListener_l(0xefa92420), (8, 0, 0), loop setting(0, 0)
02-20 20:48:11.169  1372  2062 D NuPlayerDriver: notifyResetComplete(0xefa92420)
02-20 20:48:11.169  1372  1402 D NuPlayerDriver: reset(0xefa92780) at state 4
02-20 20:48:11.169  1372  1402 D NuPlayerDriver: notifyListener_l(0xefa92780), (8, 0, 0), loop setting(0, 0)
02-20 20:48:11.170  1372  2064 D NuPlayerDriver: notifyResetComplete(0xefa92780)
02-20 20:48:11.174  1925  1925 D CAT     : CatService: registerForRecordsLoaded slotid=0 instance:Handler (com.android.internal.telephony.cat.CatService) {178fb85}
02-20 20:48:11.174  1925  1925 D CAT     : CatService: Running CAT service on Slotid: 0. STK app installed:false
02-20 20:48:11.174  1925  1925 D UiccCard: Before privilege rules: null : CARDSTATE_PRESENT
02-20 20:48:11.174  1925  1925 D RILJ    : [3672]> RIL_REQUEST_SIM_OPEN_CHANNEL [SUB0]
02-20 20:48:11.179  1925  1925 E UiccCard: App index 8 is invalid since there are no applications
02-20 20:48:11.179  1925  1925 D UiccCard: update: radioState=RADIO_ON mLastRadioState=RADIO_UNAVAILABLE
02-20 20:48:11.179  1925  1925 D UiccController: Notifying IccChangedRegistrants
02-20 20:48:11.180  1374  1481 D RIL     : onRequest: SIM_OPEN_CHANNEL
02-20 20:48:11.180  1374  1481 D AT      : AT> AT+CCHO=A00000015141434C00
02-20 20:48:11.180  1374  1484 D AT      : AT< 1
02-20 20:48:11.180  1374  1484 D AT      : AT< OK
02-20 20:48:11.180  1925  1996 D RILJ    : [3672]< RIL_REQUEST_SIM_OPEN_CHANNEL  [SUB0]
02-20 20:48:11.180  1365  1707 V EmulatedCamera_Camera: getCameraInfo
02-20 20:48:11.181  1365  1707 V EmulatedCamera_BaseCamera: getCameraInfo
02-20 20:48:11.181  1925  1925 D GsmCdmaPhone: get phone radio capability fail, no need to change mRadioCapability
02-20 20:48:11.181  1925  1925 D GsmCdmaPhone: EVENT_GET_RADIO_CAPABILITY: phone rc: null
02-20 20:48:11.181  1925  1925 D Phone   : config LCE service failed: com.android.internal.telephony.CommandException: RADIO_NOT_AVAILABLE
02-20 20:48:11.181  1925  1925 D SST     : mDeviceShuttingDown=false, mDesiredPowerState=true, getRadioState=RADIO_ON, mPowerOffDelayNeed=true, mAlarmSwitch=false, mRadioDisabledByCarrier=false
02-20 20:48:11.182  1925  1925 D RILJ    : [3673]> OPERATOR [SUB0]
02-20 20:48:11.182  1925  1925 D RILJ    : [3674]> DATA_REGISTRATION_STATE [SUB0]
02-20 20:48:11.182  1374  1481 D RIL     : onRequest: OPERATOR
02-20 20:48:11.182  1374  1481 D AT      : AT> AT+COPS=3,0;+COPS?;+COPS=3,1;+COPS?;+COPS=3,2;+COPS?
02-20 20:48:11.182  1925  1925 D RILJ    : [3675]> VOICE_REGISTRATION_STATE [SUB0]
02-20 20:48:11.182  1374  1484 D AT      : AT< +COPS: 0,0,"Android"
02-20 20:48:11.182  1374  1484 D AT      : AT< +COPS: 0,1,"Android"
02-20 20:48:11.182  1374  1484 D AT      : AT< +COPS: 0,2,"310260"
02-20 20:48:11.182  1374  1484 D AT      : AT< OK
02-20 20:48:11.182  1925  1925 D RILJ    : [3676]> QUERY_NETWORK_SELECTION_MODE [SUB0]
02-20 20:48:11.182  1374  1481 D RIL     : onRequest: DATA_REGISTRATION_STATE
02-20 20:48:11.182  1374  1481 D RIL     : requestRegistrationState
02-20 20:48:11.182  1374  1481 D AT      : AT> AT+CGREG?
02-20 20:48:11.182  1374  1484 D AT      : AT< +CGREG: 1,1,"0003","005b","000e"
02-20 20:48:11.182  1374  1484 D AT      : AT< OK
02-20 20:48:11.183  1925  1925 D RILJ    : [3677]> GET_CURRENT_CALLS [SUB0]
02-20 20:48:11.183  1925  1996 D RILJ    : [3673]< OPERATOR {Android, Android, 310260} [SUB0]
02-20 20:48:11.183  1374  1481 D RIL     : parseRegistrationState. Parsing: +CGREG: 1,1,"0003","005b","000e"
02-20 20:48:11.183  1374  1481 D RIL     : registration state type: 3GPP
02-20 20:48:11.183  1925  1925 D RILJ    : [3678]> RIL_REQUEST_IMS_REGISTRATION_STATE [SUB0]
02-20 20:48:11.183  1925  1925 D RILJ    : [3679]> RIL_REQUEST_CDMA_GET_SUBSCRIPTION_SOURCE [SUB0]
02-20 20:48:11.183  1925  1925 D GsmCdmaPhone: [GsmCdmaPhone] Event EVENT_RADIO_ON Received
02-20 20:48:11.183  1925  1925 D RILJ    : [3680]> RIL_REQUEST_VOICE_RADIO_TECH [SUB0]
02-20 20:48:11.183  1374  1481 D RIL     : onRequest: VOICE_REGISTRATION_STATE
02-20 20:48:11.183  1374  1481 D RIL     : requestRegistrationState
02-20 20:48:11.183  1374  1481 D AT      : AT> AT+CREG?
02-20 20:48:11.183  1925  1925 D UiccController: Received EVENT_ICC_STATUS_CHANGED, calling getIccCardStatus
02-20 20:48:11.183  1925  1996 D RILJ    : [3674]< DATA_REGISTRATION_STATE {1, 3, 5b, 14, null, null} [SUB0]
02-20 20:48:11.183  1925  1925 D RILJ    : [3681]> GET_SIM_STATUS [SUB0]
02-20 20:48:11.183  1374  1484 D AT      : AT< +CREG: 2,1, "0003", "005b"
02-20 20:48:11.183  1374  1484 D AT      : AT< OK
02-20 20:48:11.183  1374  1481 D RIL     : parseRegistrationState. Parsing: +CREG: 2,1, "0003", "005b"
02-20 20:48:11.183  1374  1481 D RIL     : registration state type: 3GPP
02-20 20:48:11.183  1374  1481 D RIL     : onRequest: QUERY_NETWORK_SELECTION_MODE
02-20 20:48:11.183  1374  1481 D AT      : AT> AT+COPS?
02-20 20:48:11.183  1925  1925 D SST     : EVENT_POLL_STATE_NETWORK_SELECTION_MODE
02-20 20:48:11.183  1925  1925 D SST     : EVENT_POLL_STATE_NETWORK_SELECTION_MODE
02-20 20:48:11.184  1925  1996 D RILJ    : [3675]< VOICE_REGISTRATION_STATE {1, 3, 5b, 0, null, null, null, null, null, null, null, null, null, null, null} [SUB0]
02-20 20:48:11.184  1374  1484 D AT      : AT< +COPS: 0,2,310260
02-20 20:48:11.184  1374  1484 D AT      : AT< OK
02-20 20:48:11.184  1374  1481 D RIL     : onRequest: GET_CURRENT_CALLS
02-20 20:48:11.184  1374  1481 D AT      : AT> AT+CLCC
02-20 20:48:11.184  1925  1996 D RILJ    : [3676]< QUERY_NETWORK_SELECTION_MODE {0} [SUB0]
02-20 20:48:11.184  1374  1484 D AT      : AT< OK
02-20 20:48:11.184  1374  1481 D RIL     : onRequest: IMS_REGISTRATION_STATE
02-20 20:48:11.184  1374  1481 D RIL     : IMS_REGISTRATION=0, format=1 
02-20 20:48:11.184  1374  1481 D RIL     : onRequest: CDMA_GET_SUBSCRIPTION_SOURCE
02-20 20:48:11.184  1374  1481 D RIL     : Request not supported. Tech: 1
02-20 20:48:11.184  1374  1481 D RIL     : onRequest: VOICE_RADIO_TECH
02-20 20:48:11.184  1374  1481 D RIL     : onRequest: GET_SIM_STATUS
02-20 20:48:11.184  1374  1481 D RIL     : getSIMStatus(). sState: 10
02-20 20:48:11.184  1374  1481 D AT      : AT> AT+CPIN?
02-20 20:48:11.184  1925  1996 D RILJ    : [3677]< GET_CURRENT_CALLS {} [SUB0]
02-20 20:48:11.184  1925  1996 D RILJ    : [3678]< RIL_REQUEST_IMS_REGISTRATION_STATE {0, 1} [SUB0]
02-20 20:48:11.184  1925  1996 D RilRequest: [3679]< RIL_REQUEST_CDMA_GET_SUBSCRIPTION_SOURCE error: com.android.internal.telephony.CommandException: REQUEST_NOT_SUPPORTED ret=
02-20 20:48:11.184  1925  1996 D RILJ    : [3680]< RIL_REQUEST_VOICE_RADIO_TECH {11} [SUB0]
02-20 20:48:11.184  1374  1484 D AT      : AT< +CPIN: READY
02-20 20:48:11.184  1374  1484 D AT      : AT< OK
02-20 20:48:11.184  1925  1925 D PhoneSwitcher: evaluating due to netRequest default 0->1 phone[0] 0->-2
02-20 20:48:11.184  1925  1996 D RILJ    : [3681]< GET_SIM_STATUS IccCardState {CARDSTATE_PRESENT,PINSTATE_UNKNOWN,num_apps=2,gsm_id=0{APPTYPE_SIM,APPSTATE_READY},cdma_id=1{APPTYPE_RUIM,APPSTATE_READY},ims_id=8} [SUB0]
02-20 20:48:11.185  1925  1925 D TelephonyNetworkFactory[0]: not acting - isApp=false, isAct=false NetworkRequest [ REQUEST id=1, [ Capabilities: INTERNET&NOT_RESTRICTED&TRUSTED&NOT_VPN] ]
02-20 20:48:11.185  1925  1925 D CAT     : CatService: handleMessage[8]
02-20 20:48:11.185  1925  1925 D CAT     : CatService: MSG_ID_ICC_CHANGED
