02-20 20:49:22.047     0     0 I init    : Starting service 'exec 8 (/system/bin/bootstat)'...
02-20 20:49:22.073     0     0 I init    : Service 'exec 8 (/system/bin/bootstat)' (pid 2095) exited with status 0
02-20 20:49:22.074     0     0 I init    : Starting service 'exec 9 (/system/bin/bootstat)'...
02-20 20:49:22.092     0     0 I init    : Service 'exec 9 (/system/bin/bootstat)' (pid 2097) exited with status 0
02-20 20:49:22.093     0     0 I init    : write_file: Unable to open '/sys/class/android_usb/android0/enable': No such file or directory
02-20 20:49:22.094     0     0 I init    : write_file: Unable to open '/sys/class/android_usb/android0/idVendor': No such file or directory
02-20 20:49:22.095     0     0 I init    : write_file: Unable to open '/sys/class/android_usb/android0/idProduct': No such file or directory
02-20 20:49:22.095     0     0 I init    : write_file: Unable to open '/sys/class/android_usb/android0/functions': No such file or directory
02-20 20:49:22.096     0     0 I init    : write_file: Unable to open '/sys/class/android_usb/android0/enable': No such file or directory
02-20 20:49:22.950  2058  2058 W System  : ClassLoader referenced unknown path: /system/app/PrebuiltDeskClockGoogle/lib/x86_64
02-20 20:49:22.964  1913  1913 D SST     : pollStateDone: registering current mNitzUpdatedTime=true changing to false
02-20 20:49:22.964  1913  1913 D SIMRecords: [SIMRecords] getServiceProviderName: no brandOverride, providerName=null
02-20 20:49:22.964  1913  1913 D SIMRecords: [SIMRecords] getServiceProviderName: no brandOverride, providerName=null
02-20 20:49:22.964  1913  1913 D SST     : updateSpnDisplay: changed sending intent rule=2 showPlmn='true' plmn='Android' showSpn='false' spn='null' dataSpn='null' subId='-2'
02-20 20:49:22.984  2095  2095 I bootstat: Service started: /system/bin/bootstat --record_time_since_factory_reset 
02-20 20:49:22.984  2095  2095 I bootstat: Logging histogram: factory_reset_current_time 1519159762
02-20 20:49:22.984  2095  2095 I sysui_histogram: [factory_reset_current_time,1519159762]
02-20 20:49:22.987  1654  1664 I art     : Background partial concurrent mark sweep GC freed 32539(1828KB) AllocSpace objects, 5(7MB) LOS objects, 21% free, 14MB/18MB, paused 536us total 132.659ms
02-20 20:49:22.988  2095  2095 I bootstat: Logging histogram: bootstat_mtime_matches_content 1
02-20 20:49:22.989  2095  2095 I sysui_histogram: [bootstat_mtime_matches_content,1]
02-20 20:49:22.989  2095  2095 I bootstat: Logging histogram: factory_reset_record_value 1519154248
02-20 20:49:22.989  2095  2095 I sysui_histogram: [factory_reset_record_value,1519154248]
02-20 20:49:23.007  2097  2097 I bootstat: Service started: /system/bin/bootstat -l 
02-20 20:49:23.007  2097  2097 I bootstat: Logging histogram: bootstat_mtime_matches_content 1
02-20 20:49:23.007  2097  2097 I sysui_histogram: [bootstat_mtime_matches_content,1]
02-20 20:49:23.007  2097  2097 I bootstat: Logging histogram: bootstat_mtime_matches_content 1
02-20 20:49:23.007  2097  2097 I sysui_histogram: [bootstat_mtime_matches_content,1]
02-20 20:49:23.007  2097  2097 I bootstat: Logging histogram: bootstat_mtime_matches_content 1
02-20 20:49:23.007  2097  2097 I sysui_histogram: [bootstat_mtime_matches_content,1]
02-20 20:49:23.007  2097  2097 I bootstat: Logging histogram: bootstat_mtime_matches_content 1
02-20 20:49:23.007  2097  2097 I sysui_histogram: [bootstat_mtime_matches_content,1]
02-20 20:49:23.010  2097  2097 I bootstat: Logging histogram: bootstat_mtime_matches_content 1
02-20 20:49:23.010  2097  2097 I sysui_histogram: [bootstat_mtime_matches_content,1]
02-20 20:49:23.010  2097  2097 I bootstat: Logging histogram: bootstat_mtime_matches_content 1
02-20 20:49:23.010  2097  2097 I sysui_histogram: [bootstat_mtime_matches_content,1]
02-20 20:49:23.010  2097  2097 I bootstat: Logging histogram: bootstat_mtime_matches_content 1
02-20 20:49:23.010  2097  2097 I sysui_histogram: [bootstat_mtime_matches_content,1]
02-20 20:49:23.010  2097  2097 I bootstat: Logging histogram: bootstat_mtime_matches_content 1
02-20 20:49:23.010  2097  2097 I sysui_histogram: [bootstat_mtime_matches_content,1]
02-20 20:49:23.010  2097  2097 I bootstat: Logging histogram: bootstat_mtime_matches_content 1
02-20 20:49:23.010  2097  2097 I sysui_histogram: [bootstat_mtime_matches_content,1]
02-20 20:49:23.010  2097  2097 I bootstat: Logging histogram: bootstat_mtime_matches_content 1
02-20 20:49:23.010  2097  2097 I sysui_histogram: [bootstat_mtime_matches_content,1]
02-20 20:49:23.010  2097  2097 I bootstat: Logging histogram: bootstat_mtime_matches_content 1
02-20 20:49:23.010  2097  2097 I sysui_histogram: [bootstat_mtime_matches_content,1]
02-20 20:49:23.010  2097  2097 I bootstat: Logging histogram: bootstat_mtime_matches_content 1
02-20 20:49:23.010  2097  2097 I sysui_histogram: [bootstat_mtime_matches_content,1]
02-20 20:49:23.010  2097  2097 I bootstat: Logging histogram: bootstat_mtime_matches_content 1
02-20 20:49:23.010  2097  2097 I sysui_histogram: [bootstat_mtime_matches_content,1]
02-20 20:49:23.010  2097  2097 I bootstat: Logging histogram: bootstat_mtime_matches_content 1
02-20 20:49:23.010  2097  2097 I sysui_histogram: [bootstat_mtime_matches_content,1]
02-20 20:49:23.010  2097  2097 I bootstat: Logging histogram: post_decrypt_time_elapsed 2
02-20 20:49:23.010  2097  2097 I sysui_histogram: [post_decrypt_time_elapsed,2]
02-20 20:49:23.010  2097  2097 I bootstat: Logging histogram: last_boot_time_utc 1519159762
02-20 20:49:23.010  2097  2097 I sysui_histogram: [last_boot_time_utc,1519159762]
02-20 20:49:23.010  2097  2097 I bootstat: Logging histogram: build_date 1513095943
02-20 20:49:23.010  2097  2097 I sysui_histogram: [build_date,1513095943]
02-20 20:49:23.010  2097  2097 I bootstat: Logging histogram: boot_decryption_complete 11
02-20 20:49:23.010  2097  2097 I sysui_histogram: [boot_decryption_complete,11]
02-20 20:49:23.010  2097  2097 I bootstat: Logging histogram: ota_boot_complete_post_decrypt 7
02-20 20:49:23.010  2097  2097 I sysui_histogram: [ota_boot_complete_post_decrypt,7]
02-20 20:49:23.010  2097  2097 I bootstat: Logging histogram: ota_boot_complete 9
02-20 20:49:23.010  2097  2097 I sysui_histogram: [ota_boot_complete,9]
02-20 20:49:23.010  2097  2097 I bootstat: Logging histogram: boot_reason 1
02-20 20:49:23.010  2097  2097 I sysui_histogram: [boot_reason,1]
02-20 20:49:23.010  2097  2097 I bootstat: Logging histogram: factory_reset_current_time 1519159762
02-20 20:49:23.010  2097  2097 I sysui_histogram: [factory_reset_current_time,1519159762]
02-20 20:49:23.010  2097  2097 I bootstat: Logging histogram: factory_reset 1519154248
02-20 20:49:23.010  2097  2097 I sysui_histogram: [factory_reset,1519154248]
02-20 20:49:23.010  2097  2097 I bootstat: Logging histogram: time_since_last_boot 71
02-20 20:49:23.010  2097  2097 I sysui_histogram: [time_since_last_boot,71]
02-20 20:49:23.010  2097  2097 I bootstat: Logging histogram: boot_complete_post_decrypt 9
02-20 20:49:23.010  2097  2097 I sysui_histogram: [boot_complete_post_decrypt,9]
02-20 20:49:23.010  2097  2097 I bootstat: Logging histogram: boot_complete 11
02-20 20:49:23.010  2097  2097 I sysui_histogram: [boot_complete,11]
02-20 20:49:23.010  2097  2097 I bootstat: Logging histogram: factory_reset_record_value 1519154248
02-20 20:49:23.010  2097  2097 I sysui_histogram: [factory_reset_record_value,1519154248]
02-20 20:49:23.010  2097  2097 I bootstat: Logging histogram: time_since_factory_reset 5514
02-20 20:49:23.010  2097  2097 I sysui_histogram: [time_since_factory_reset,5514]
02-20 20:49:23.037  1654  1696 V PackageManager: reconcileAppsData finished 100 packages
02-20 20:49:23.038  1654  1689 D MountService: onUnlockUser 0
02-20 20:49:23.038  1654  1689 D VoldConnector: SND -> {7 volume user_started 0}
02-20 20:49:23.038  1654  1686 I am_proc_bound: [0,2078,com.google.android.ext.services]
02-20 20:49:23.039  1267  1302 D vold    : Linking /storage/emulated/0 to /mnt/user/0/primary
02-20 20:49:23.039  1654  1725 D VoldConnector: RCV <- {200 7 Command succeeded}
02-20 20:49:23.040  1913  1913 D SubscriptionController: [setPlmnSpn] No valid subscription to store info
02-20 20:49:23.040  1913  1913 D SubscriptionController: notifySubscriptionInfoChanged:
02-20 20:49:23.040  1654  1724 D MountService: Volume public:253,64 broadcasting mounted to UserHandle{0}
02-20 20:49:23.040  1654  1687 D TelephonyRegistry: notifySubscriptionInfoChanged: first invocation mRecords.size=16
02-20 20:49:23.042  1654  1724 D MountService: Volume emulated broadcasting mounted to UserHandle{0}
02-20 20:49:23.042  1913  1913 D TelephonyManager: setTelephonyProperty: success phoneId=0 property=gsm.operator.alpha value: Android propVal=Android
02-20 20:49:23.042  1913  1913 D TelephonyManager: setTelephonyProperty: success phoneId=0 property=gsm.operator.numeric value: 310260 propVal=310260
02-20 20:49:23.043  1913  1913 D SST     : update mccmnc=310260 fromServiceState=true
02-20 20:49:23.043  1913  1913 D MccTable: updateMccMncConfiguration mccmnc='310260' fromServiceState=true
02-20 20:49:22.979  2095  2095 I auditd  : type=1400 audit(0.0:13): avc: denied { getattr } for comm="bootstat" path="/vendor" dev="rootfs" ino=66 scontext=u:r:bootstat:s0 tcontext=u:object_r:rootfs:s0 tclass=lnk_file permissive=0
02-20 20:49:22.979  2095  2095 W bootstat: type=1400 audit(0.0:13): avc: denied { getattr } for path="/vendor" dev="rootfs" ino=66 scontext=u:r:bootstat:s0 tcontext=u:object_r:rootfs:s0 tclass=lnk_file permissive=0
02-20 20:49:23.047  1913  1913 D SubscriptionController: [getPhoneId]- no sims, returning default phoneId=2147483647
02-20 20:49:23.047  1913  1913 D MccTable: updateMccMncConfiguration defaultMccMnc=
02-20 20:49:23.047  1913  1913 D MccTable: updateMccMncConfiguration: mcc=310, mnc=260
02-20 20:49:23.047  1913  1913 D MccTable: WIFI_COUNTRY_CODE set to us
02-20 20:49:23.070  1654  1927 I WifiService: WifiService trying to set country code to us with persist set to false
02-20 20:49:22.999  2097  2097 I auditd  : type=1400 audit(0.0:14): avc: denied { getattr } for comm="bootstat" path="/vendor" dev="rootfs" ino=66 scontext=u:r:bootstat:s0 tcontext=u:object_r:rootfs:s0 tclass=lnk_file permissive=0
02-20 20:49:22.999  2097  2097 W bootstat: type=1400 audit(0.0:14): avc: denied { getattr } for path="/vendor" dev="rootfs" ino=66 scontext=u:r:bootstat:s0 tcontext=u:object_r:rootfs:s0 tclass=lnk_file permissive=0
02-20 20:49:23.072  1654  1927 D WifiCountryCode: Succeeded to set country code to: US
02-20 20:49:23.073  1654  1689 V BackupManagerService: No ancestral data
02-20 20:49:23.076  2078  2078 W System  : ClassLoader referenced unknown path: /system/priv-app/GoogleExtServices/lib/x86_64
02-20 20:49:23.085  1654  1689 V BackupManagerService: Starting with transport android/com.android.internal.backup.LocalTransport
02-20 20:49:23.085  1654  1689 V BackupManagerService: Found transports: 2
02-20 20:49:23.088  1913  1913 D TelephonyManager: setTelephonyProperty: success phoneId=0 property=gsm.operator.iso-country value: us propVal=us
02-20 20:49:23.090  1913  1925 D SubscriptionController: [getActiveSubInfoList] Sub Controller not ready
02-20 20:49:23.092  1654  1654 I GnssLocationProvider: WakeLock acquired by sendMessage(12, 0, null)
02-20 20:49:23.102  2104  2104 W art     : Unexpected CPU variant for X86 using defaults: x86_64
02-20 20:49:23.153  1654  1689 W ActivityManager: Slow operation: 67ms so far, now at startProcess: returned from zygote!
02-20 20:49:23.153  1654  1689 W ActivityManager: Slow operation: 67ms so far, now at startProcess: done updating battery stats
02-20 20:49:23.153  1654  1689 I am_proc_start: [0,2104,10014,com.google.android.gms.persistent,service,com.google.android.gms/.backup.BackupTransportService]
02-20 20:49:23.153  1654  1689 W ActivityManager: Slow operation: 67ms so far, now at startProcess: building log message
02-20 20:49:23.153  1654  1689 I ActivityManager: Start proc 2104:com.google.android.gms.persistent/u0a14 for service com.google.android.gms/.backup.BackupTransportService
02-20 20:49:23.153  1654  1689 W ActivityManager: Slow operation: 67ms so far, now at startProcess: starting to update pids map
02-20 20:49:23.153  1654  1689 W ActivityManager: Slow operation: 68ms so far, now at startProcess: done updating pids map
02-20 20:49:23.153  1654  1689 W ActivityManager: Slow operation: 68ms so far, now at startProcess: done starting proc!
02-20 20:49:23.156  1654  1953 I am_proc_bound: [0,2104,com.google.android.gms.persistent]
02-20 20:49:23.162  1654  1689 I BackupManagerService: Backup enabled => false
02-20 20:49:23.166  1913  1913 D SST     : pollStateDone: there are 6 unique offsets for iso-cc='us testOneUniqueOffsetPath=false', do nothing
02-20 20:49:23.170  1913  1913 D SST     : shouldFixTimeZoneNow: retVal=true iccCardExist=true operatorNumeric=310260 mcc=310 prevOperatorNumeric= prevMcc=311 needToFixTimeZone=false ltod=02-20 20:49:23.166
02-20 20:49:23.170  1913  1913 D SST     : fixTimeZone zoneName='GMT' mZoneOffset=0 mZoneDst=false iso-cc='us' iso-cc-idx=-21
02-20 20:49:23.170  1913  1913 D SST     : fixTimeZone: using default TimeZone
02-20 20:49:23.170  1913  1913 D SST     : fixTimeZone: zone != null zone.getID=GMT
02-20 20:49:23.170  1913  1913 D SST     : setAndBroadcastNetworkSetTimeZone: setTimeZone=GMT
02-20 20:49:23.170  1654  1927 D AlarmManagerService: Kernel timezone updated to 0 minutes west of GMT
02-20 20:49:23.171  1913  1913 D SST     : setAndBroadcastNetworkSetTimeZone: call alarm.setTimeZone and broadcast zoneId=GMT
02-20 20:49:23.171  1913  1913 D TelephonyManager: setTelephonyProperty: success phoneId=0 property=gsm.operator.isroaming value: false propVal=false
02-20 20:49:23.171  1913  1913 D SST     : Broadcasting ServiceState : 0 0 voice home data home Android Android 310260 Android Android 310260  Unknown LTE CSS not supported -1 -1 RoamInd=-1 DefRoamInd=-1 EmergOnly=false IsDataRoamingFromRegistration=false IsUsingCarrierAggregation=false
02-20 20:49:23.171  1913  1913 D DefaultPhoneNotifier: nofityServiceState: mRegistry=com.android.internal.telephony.ITelephonyRegistry$Stub$Proxy@154fd03 ss=0 0 voice home data home Android Android 310260 Android Android 310260  Unknown LTE CSS not supported -1 -1 RoamInd=-1 DefRoamInd=-1 EmergOnly=false IsDataRoamingFromRegistration=false IsUsingCarrierAggregation=false sender=Handler (com.android.internal.telephony.GsmCdmaPhone) {411d5fa} phondId=0 subId=-2
02-20 20:49:23.171  1913  1913 D SubscriptionController: [getSlotId]- subId invalid
02-20 20:49:23.171  1654  1687 D TelephonyManager: getSimState: default sim:-1, sim state for slotIdx=0 is 6, return state as unknown
02-20 20:49:23.171  1654  1654 V BackupManagerService: Connected to transport ComponentInfo{android/com.android.internal.backup.LocalTransportService}
02-20 20:49:23.171  1654  1654 V BackupManagerService: Registering transport android/com.android.internal.backup.LocalTransportService::android/com.android.internal.backup.LocalTransport = android.app.backup.BackupTransport$TransportImpl@8dddfb4
02-20 20:49:23.172  1913  1913 D SST     : notifyDataRegStateRilRadioTechnologyChanged: drs=0 rat=14
02-20 20:49:23.172  1913  1913 D TelephonyManager: setTelephonyProperty: success phoneId=0 property=gsm.network.type value: LTE propVal=LTE
02-20 20:49:23.172  1913  1913 D DCT     : [0]get all active apn types
02-20 20:49:23.172  1913  1913 D SST     : getCellLocation(): X good mCellLoc=[3,91,-1]
02-20 20:49:23.172  1654  1654 I backup_transport_lifecycle: [android/com.android.internal.backup.LocalTransportService,1]
02-20 20:49:23.174  1654  1686 D TelephonyRegistry: notifyCellLocationForSubscriber: subId=-2 cellLocation=Bundle[mParcelledData.dataSize=64]
02-20 20:49:23.174  1913  1913 D GsmCdmaCallTracker: Event EVENT_POLL_CALLS_RESULT Received
02-20 20:49:23.174  1913  1913 D GsmCdmaCallTracker: [GsmCdmaCallTracker] update phone state, old=IDLE new=IDLE
02-20 20:49:23.174  1913  1913 D RIL_ImsSms: IMS is NOT registered!
02-20 20:49:23.174  1913  1913 D CdmaSSM : CDMA_SUBSCRIPTION_SOURCE event = 2
02-20 20:49:23.174  1913  1913 W CdmaSSM : Unable to get CDMA Subscription Source, Exception: com.android.internal.telephony.CommandException: REQUEST_NOT_SUPPORTED, result: null
02-20 20:49:23.175  1913  1913 D GsmCdmaPhone: [GsmCdmaPhone] EVENT_REQUEST_VOICE_RADIO_TECH_DONE: newVoiceTech=11
02-20 20:49:23.175  1913  1913 D GsmCdmaPhone: [GsmCdmaPhone] phoneObjectUpdater: newVoiceRadioTech=11
02-20 20:49:23.175  1913  1913 D GsmCdmaPhone: [GsmCdmaPhone] phoneObjectUpdater: No change ignore, newVoiceRadioTech=11 mActivePhone=GSM
02-20 20:49:23.175  1913  1913 D UiccController: Received EVENT_GET_ICC_STATUS_DONE
02-20 20:49:23.175  1913  1913 D UiccCard: 2 applications
02-20 20:49:23.175  1913  1913 D UiccCardApplication: APPTYPE_SIM update. New {APPTYPE_SIM,APPSTATE_READY}
02-20 20:49:23.175  1913  1913 D UiccCardApplication: APPTYPE_SIM changed state: APPSTATE_DETECTED -> APPSTATE_READY
02-20 20:49:23.175  1913  1913 D RILJ    : [3683]> QUERY_FACILITY_LOCK [FD 7 null] [SUB0]
02-20 20:49:23.175  1372  1479 D RIL     : onRequest: QUERY_FACILITY_LOCK
02-20 20:49:23.175  1372  1479 D RIL     : Request not supported. Tech: 1
02-20 20:49:23.175  1913  2008 D RilRequest: [3683]< QUERY_FACILITY_LOCK error: com.android.internal.telephony.CommandException: REQUEST_NOT_SUPPORTED ret=
02-20 20:49:23.176  1913  1913 D RILJ    : [3684]> QUERY_FACILITY_LOCK [SC 7 null] [SUB0]
02-20 20:49:23.176  1372  1479 D RIL     : onRequest: QUERY_FACILITY_LOCK
02-20 20:49:23.176  1372  1479 D RIL     : Request not supported. Tech: 1
02-20 20:49:23.176  1913  2008 D RilRequest: [3684]< QUERY_FACILITY_LOCK error: com.android.internal.telephony.CommandException: REQUEST_NOT_SUPPORTED ret=
02-20 20:49:23.176  1913  1913 D UiccCardApplication: Notifying registrants: READY
02-20 20:49:23.176  1913  1913 D UiccCardApplication: APPTYPE_RUIM update. New {APPTYPE_RUIM,APPSTATE_READY}
02-20 20:49:23.176  1913  1913 D UiccCardApplication: APPTYPE_RUIM changed state: APPSTATE_DETECTED -> APPSTATE_READY
02-20 20:49:23.176  1913  1913 D RILJ    : [3685]> QUERY_FACILITY_LOCK [FD 7 null] [SUB0]
02-20 20:49:23.179  1372  1479 D RIL     : onRequest: QUERY_FACILITY_LOCK
02-20 20:49:23.179  1372  1479 D RIL     : Request not supported. Tech: 1
02-20 20:49:23.179  1913  2008 D RilRequest: [3685]< QUERY_FACILITY_LOCK error: com.android.internal.telephony.CommandException: REQUEST_NOT_SUPPORTED ret=
02-20 20:49:23.179  1913  1913 D RILJ    : [3686]> QUERY_FACILITY_LOCK [SC 7 null] [SUB0]
02-20 20:49:23.179  1372  1479 D RIL     : onRequest: QUERY_FACILITY_LOCK
02-20 20:49:23.179  1372  1479 D RIL     : Request not supported. Tech: 1
02-20 20:49:23.179  1913  2008 D RilRequest: [3686]< QUERY_FACILITY_LOCK error: com.android.internal.telephony.CommandException: REQUEST_NOT_SUPPORTED ret=
02-20 20:49:23.180  1913  1913 D UiccCardApplication: Notifying registrants: READY
02-20 20:49:23.180  1913  1913 D UiccCard: Before privilege rules: Handler (com.android.internal.telephony.uicc.UiccCarrierPrivilegeRules) {998d480} : CARDSTATE_PRESENT
02-20 20:49:23.180  1913  1913 E UiccCard: App index 8 is invalid since there are no applications
02-20 20:49:23.180  1913  1913 D UiccCard: update: radioState=RADIO_ON mLastRadioState=RADIO_ON
02-20 20:49:23.180  1913  1913 D UiccController: Notifying IccChangedRegistrants
02-20 20:49:23.180  1913  1913 D RILJ    : [3687]> RIL_REQUEST_SIM_TRANSMIT_APDU_CHANNEL [SUB0]
02-20 20:49:23.180  1372  1479 D RIL     : onRequest: SIM_TRANSMIT_APDU_CHANNEL
02-20 20:49:23.180  1372  1479 D AT      : AT> AT+CGLA=1,10,80caff4000
02-20 20:49:23.180  1913  1913 D GsmCdmaPhone: [GsmCdmaPhone] Event EVENT_REGISTERED_TO_NETWORK Received
02-20 20:49:23.180  1372  1481 D AT      : AT< +CGLA: 144,0,FF403eE23cE12eC11461ed377e85d386a8dfee6b864bd85b0bfaa5af81CA16616e64726f69642e636172726965726170692e637473E30aDB080000000000000000
02-20 20:49:23.180  1913  1913 D SST     : SubscriptionListener.onSubscriptionInfoChanged
02-20 20:49:23.180  1372  1481 D AT      : AT< OK
02-20 20:49:23.180  1913  2008 D RILJ    : [3687]< RIL_REQUEST_SIM_TRANSMIT_APDU_CHANNEL  [SUB0]
02-20 20:49:23.180  1913  1913 E Phone   : getStoredVoiceMessageCount: invalid subId -2
02-20 20:49:23.180  1913  1913 D GsmCdmaPhone: [GsmCdmaPhone] updateVoiceMail countVoiceMessages = 0 subId -2
02-20 20:49:23.180  1913  1913 E Phone   : setVoiceMessageCount in sharedPreference: invalid subId -2
02-20 20:49:23.180  1913  1913 D DCT     : [0]SubscriptionListener.onSubscriptionInfoChanged
02-20 20:49:23.182  1913  1913 D SubscriptionController: [getActiveSubInfoList] Sub Controller not ready
02-20 20:49:23.182  1913  1913 D SubscriptionController: [getActiveSubInfoList] Sub Controller not ready
02-20 20:49:23.183  1913  1913 E PhoneInterfaceManager: [PhoneIntfMgr] getIccId: No UICC
02-20 20:49:23.187  1654  1927 I Telecom : PhoneAccountRegistrar: New phone account registered: [[ ] PhoneAccount: ComponentInfo{com.android.phone/com.android.services.telephony.TelephonyConnectionService}, [e0184adedf913b076626646d3f52c3b49c39ad6d], UserHandle{0} Capabilities: CallProvider MultiUser PlaceEmerg SimSub  Schemes: tel voicemail  Extras: null GroupId: [da39a3ee5e6b4b0d3255bfef95601890afd80709]]: TSI.rPA@AAM
02-20 20:49:23.190  1654  1927 I Telecom : : Sending phone-account registered intent as user: TSI.rPA@AAM
02-20 20:49:23.191  1913  1913 I Telephony: AccountEntry: Registered phoneAccount: [[ ] PhoneAccount: ComponentInfo{com.android.phone/com.android.services.telephony.TelephonyConnectionService}, [e0184adedf913b076626646d3f52c3b49c39ad6d], UserHandle{0} Capabilities: CallProvider MultiUser PlaceEmerg SimSub  Schemes: tel voicemail  Extras: null GroupId: [da39a3ee5e6b4b0d3255bfef95601890afd80709]] with handle: ComponentInfo{com.android.phone/com.android.services.telephony.TelephonyConnectionService}, [e0184adedf913b076626646d3f52c3b49c39ad6d], UserHandle{0}
02-20 20:49:23.195  2104  2104 W System  : ClassLoader referenced unknown path: /system/priv-app/PrebuiltGmsCore/lib/x86_64
02-20 20:49:23.198  1755  1755 I InputAttributes: InputType.TYPE_NULL is specified
02-20 20:49:23.201  1913  1913 I Telephony: PstnIncomingCallNotifier: Registering: Handler (com.android.internal.telephony.GsmCdmaPhone) {411d5fa}
02-20 20:49:23.202  1913  1913 I Telephony: TelecomAccountRegistry: Unregistering phone account ComponentInfo{com.android.phone/com.android.services.telephony.TelephonyConnectionService}, [e2f7d48dd2b5ca523e7313cf4ba0f6ea830b6281], UserHandle{0}.
02-20 20:49:23.203  1654  2103 V KeyValueBackupJob: Scheduling k/v pass in 243 minutes
02-20 20:49:23.211  1654  1953 I Telecom : : Sending phone-account unregistered intent as user: TSI.uPA@AAU
02-20 20:49:23.214  1913  1913 D DCT     : [0]onDataConnectionAttached
02-20 20:49:23.214  1913  1913 D DCT     : [0]isDataAllowed: No - SIM not loaded
02-20 20:49:23.234  1913  1913 D DCT     : [0]setupDataOnConnectableApns: dataAttached hipri:[state=IDLE,enabled=false] mms:[state=IDLE,enabled=false] supl:[state=IDLE,enabled=false] ia:[state=IDLE,enabled=false] fota:[state=IDLE,enabled=false] ims:[state=IDLE,enabled=false] cbs:[state=IDLE,enabled=false] default:[state=IDLE,enabled=false] emergency:[state=IDLE,enabled=false] 
02-20 20:49:23.234  1913  1913 D DCT     : [0]setupDataOnConnectableApns: nwTypeChanged hipri:[state=IDLE,enabled=false] mms:[state=IDLE,enabled=false] supl:[state=IDLE,enabled=false] ia:[state=IDLE,enabled=false] fota:[state=IDLE,enabled=false] ims:[state=IDLE,enabled=false] cbs:[state=IDLE,enabled=false] default:[state=IDLE,enabled=false] emergency:[state=IDLE,enabled=false] 
02-20 20:49:23.234  1913  1913 D UiccCardApplication: Error in querying facility lock:com.android.internal.telephony.CommandException: REQUEST_NOT_SUPPORTED
02-20 20:49:23.234  1913  1913 D UiccCardApplication: Error in querying facility lock:com.android.internal.telephony.CommandException: REQUEST_NOT_SUPPORTED
02-20 20:49:23.234  1913  1913 D SIMRecords: [SIMRecords] fetchSimRecords 0
02-20 20:49:23.234  1913  1913 D RILJ    : [3688]> getIMSI: GET_IMSI aid: null [SUB0]
02-20 20:49:23.237  1913  1913 D RILJ    : [3689]> iccIO: SIM_IO 0xc0 0x2fe2  path: 3F00,0,0,15 aid: null [SUB0]
02-20 20:49:23.237  1372  1479 D RIL     : onRequest: GET_IMSI
02-20 20:49:23.237  1372  1479 D AT      : AT> AT+CIMI
02-20 20:49:23.238  1372  1481 D AT      : AT< 310260000000000
02-20 20:49:23.238  1372  1481 D AT      : AT< OK
02-20 20:49:23.238  1913  1913 D RILJ    : [3690]> iccIO: SIM_IO 0xc0 0x6f40  path: 3F007F10,0,0,15 aid: null [SUB0]
02-20 20:49:23.238  1372  1479 D RIL     : onRequest: SIM_IO
02-20 20:49:23.238  1372  1479 D AT      : AT> AT+CRSM=192,12258,0,0,15
02-20 20:49:23.238  1913  2008 D RILJ    : [3688]< GET_IMSI  [SUB0]
02-20 20:49:23.238  1372  1481 D AT      : AT< +CRSM: 144,0,0000000a2fe204000fa0aa01020000
02-20 20:49:23.238  1372  1481 D AT      : AT< OK
02-20 20:49:23.238  1913  1913 D RILJ    : [3691]> iccIO: SIM_IO 0xc0 0x6fc9  path: 3F007F20,0,0,15 aid: null [SUB0]
02-20 20:49:23.238  1372  1479 D RIL     : onRequest: SIM_IO
02-20 20:49:23.238  1913  1913 D RILJ    : [3692]> iccIO: SIM_IO 0xc0 0x6fad  path: 3F007F20,0,0,15 aid: null [SUB0]
02-20 20:49:23.239  1372  1479 D AT      : AT> AT+CRSM=192,28480,0,0,15
02-20 20:49:23.239  1913  1913 D RILJ    : [3693]> iccIO: SIM_IO 0xc0 0x6fca  path: 3F007F20,0,0,15 aid: null [SUB0]
02-20 20:49:23.239  1372  1481 D AT      : AT< +CRSM: 144,0,000000806f40040011a0aa01020120
02-20 20:49:23.239  1372  1481 D AT      : AT< OK
02-20 20:49:23.239  1372  1479 D RIL     : onRequest: SIM_IO
02-20 20:49:23.239  1372  1479 D AT      : AT> AT+CRSM=192,28617,0,0,15
02-20 20:49:23.239  1372  1481 D AT      : AT< +CRSM: 144,0,000000086fc9040011a0aa01020104
02-20 20:49:23.239  1372  1481 D AT      : AT< OK
02-20 20:49:23.239  1372  1479 D RIL     : onRequest: SIM_IO
02-20 20:49:23.239  1913  1913 D RILJ    : [3694]> iccIO: SIM_IO 0xc0 0x6f11  path: 3F007F20,0,0,15 aid: null [SUB0]
02-20 20:49:23.239  1372  1479 D AT      : AT> AT+CRSM=192,28589,0,0,15
02-20 20:49:23.239  1372  1481 D AT      : AT< +CRSM: 144,0,000000046fad04000aa0aa01020000
02-20 20:49:23.239  1372  1481 D AT      : AT< OK
02-20 20:49:23.239  1372  1479 D RIL     : onRequest: SIM_IO
02-20 20:49:23.239  1372  1479 D AT      : AT> AT+CRSM=192,28618,0,0,15
02-20 20:49:23.239  1913  1913 D RILJ    : [3695]> iccIO: SIM_IO 0xc0 0x6fcb  path: 3F007F20,0,0,15 aid: null [SUB0]
02-20 20:49:23.239  1372  1481 D AT      : AT< +CRSM: 144,0,0000000a6fca040011a0aa01020105
02-20 20:49:23.239  1372  1481 D AT      : AT< OK
02-20 20:49:23.239  1372  1479 D RIL     : onRequest: SIM_IO
02-20 20:49:23.239  1372  1479 D AT      : AT> AT+CRSM=192,28433,0,0,15
02-20 20:49:23.239  1913  1913 D RILJ    : [3696]> iccIO: SIM_IO 0xc0 0x6f13  path: 3F007F20,0,0,15 aid: null [SUB0]
02-20 20:49:23.239  1372  1481 D AT      : AT< +CRSM: 144,0,000000016f11040011a0aa01020000
02-20 20:49:23.239  1372  1481 D AT      : AT< OK
02-20 20:49:23.239  1372  1479 D RIL     : onRequest: SIM_IO
02-20 20:49:23.239  1372  1479 D AT      : AT> AT+CRSM=192,28619,0,0,15
02-20 20:49:23.240  1913  2008 D RILJ    : [3689]< SIM_IO IccIoResponse sw1:0x90 sw2:0x0 [SUB0]
02-20 20:49:23.240  1913  2008 D RILJ    : [3690]< SIM_IO IccIoResponse sw1:0x90 sw2:0x0 [SUB0]
02-20 20:49:23.240  1913  2008 D RILJ    : [3691]< SIM_IO IccIoResponse sw1:0x90 sw2:0x0 [SUB0]
02-20 20:49:23.240  1913  2008 D RILJ    : [3692]< SIM_IO IccIoResponse sw1:0x90 sw2:0x0 [SUB0]
02-20 20:49:23.240  1372  1481 D AT      : AT< ERROR: BAD COMMAND
02-20 20:49:23.240  1913  2008 D RILJ    : [3693]< SIM_IO IccIoResponse sw1:0x90 sw2:0x0 [SUB0]
02-20 20:49:23.240  1913  2008 D RILJ    : [3694]< SIM_IO IccIoResponse sw1:0x90 sw2:0x0 [SUB0]
02-20 20:49:23.240  1913  2008 D RilRequest: [3695]< SIM_IO error: com.android.internal.telephony.CommandException: GENERIC_FAILURE ret=
02-20 20:49:23.240  1372  1479 D RIL     : onRequest: SIM_IO
02-20 20:49:23.240  1372  1479 D AT      : AT> AT+CRSM=192,28435,0,0,15
02-20 20:49:23.240  1372  1481 D AT      : AT< +CRSM: 144,0,000000016f13040011a0aa01020000
02-20 20:49:23.240  1372  1481 D AT      : AT< OK
02-20 20:49:23.240  1913  1913 D RILJ    : [3697]> iccIO: SIM_IO 0xc0 0x6f46  path: 3F007F20,0,0,15 aid: null [SUB0]
02-20 20:49:23.243  1913  2008 D RILJ    : [3696]< SIM_IO IccIoResponse sw1:0x90 sw2:0x0 [SUB0]
02-20 20:49:23.243  1913  1913 D RILJ    : [3698]> iccIO: SIM_IO 0xc0 0x6fcd  path: 3F007F20,0,0,15 aid: null [SUB0]
02-20 20:49:23.243  1372  1479 D RIL     : onRequest: SIM_IO
02-20 20:49:23.243  1372  1479 D AT      : AT> AT+CRSM=192,28486,0,0,15
02-20 20:49:23.243  1372  1481 D AT      : AT< +CRSM: 148,4
02-20 20:49:23.243  1372  1481 D AT      : AT< OK
02-20 20:49:23.243  1372  1479 D RIL     : onRequest: SIM_IO
02-20 20:49:23.243  1372  1479 D AT      : AT> AT+CRSM=192,28621,0,0,15
02-20 20:49:23.243  1913  1913 D RILJ    : [3699]> iccIO: SIM_IO 0xc0 0x6fc5  path: 3F007F20,0,0,15 aid: null [SUB0]
02-20 20:49:23.243  1372  1481 D AT      : AT< +CRSM: 148,4
02-20 20:49:23.243  1372  1481 D AT      : AT< OK
02-20 20:49:23.243  1372  1479 D RIL     : onRequest: SIM_IO
02-20 20:49:23.243  1372  1479 D AT      : AT> AT+CRSM=192,28613,0,0,15
02-20 20:49:23.243  1913  1913 D RILJ    : [3700]> iccIO: SIM_IO 0xc0 0x6f38  path: 3F007F20,0,0,15 aid: null [SUB0]
02-20 20:49:23.243  1372  1481 D AT      : AT< +CRSM: 144,0,000000f06fc504000aa0aa01020118
02-20 20:49:23.243  1372  1481 D AT      : AT< OK
02-20 20:49:23.243  1372  1479 D RIL     : onRequest: SIM_IO
02-20 20:49:23.243  1372  1479 D AT      : AT> AT+CRSM=192,28472,0,0,15
02-20 20:49:23.243  1913  2008 D RILJ    : [3697]< SIM_IO IccIoResponse sw1:0x94 sw2:0x4 [SUB0]
02-20 20:49:23.244  1913  1913 D RILJ    : [3701]> iccIO: SIM_IO 0xc0 0x6f16  path: 3F007F20,0,0,15 aid: null [SUB0]
02-20 20:49:23.244  1913  2008 D RILJ    : [3698]< SIM_IO IccIoResponse sw1:0x94 sw2:0x4 [SUB0]
02-20 20:49:23.244  1372  1481 D AT      : AT< +CRSM: 144,0,0000000f6f3804001aa0aa01020000
02-20 20:49:23.244  1372  1481 D AT      : AT< OK
02-20 20:49:23.244  1913  1913 D RILJ    : [3702]> iccIO: SIM_IO 0xc0 0x6f15  path: 3F007F20,0,0,15 aid: null [SUB0]
02-20 20:49:23.244  1372  1479 D RIL     : onRequest: SIM_IO
02-20 20:49:23.244  1372  1479 D AT      : AT> AT+CRSM=192,28438,0,0,15
02-20 20:49:23.244  1372  1481 D AT      : AT< +CRSM: 144,0,000000026f1604001aa0aa01020000
02-20 20:49:23.244  1372  1481 D AT      : AT< OK
02-20 20:49:23.244  1913  1913 D RILJ    : [3703]> iccIO: SIM_IO 0xc0 0x6f3e  path: 3F007F20,0,0,15 aid: null [SUB0]
02-20 20:49:23.244  1372  1479 D RIL     : onRequest: SIM_IO
02-20 20:49:23.244  1372  1479 D AT      : AT> AT+CRSM=192,28437,0,0,15
02-20 20:49:23.244  1372  1481 D AT      : AT< ERROR: BAD COMMAND
02-20 20:49:23.244  1372  1479 D RIL     : onRequest: SIM_IO
02-20 20:49:23.244  1913  1913 D RILJ    : [3704]> iccIO: SIM_IO 0xc0 0x6f3f  path: 3F007F20,0,0,15 aid: null [SUB0]
02-20 20:49:23.244  1372  1479 D AT      : AT> AT+CRSM=192,28478,0,0,15
02-20 20:49:23.244  1372  1481 D AT      : AT< ERROR: BAD COMMAND
02-20 20:49:23.244  1913  1913 D SIMRecords: [SIMRecords] fetchSimRecords 17 requested: true
02-20 20:49:23.244  1913  1913 E IccCardProxy: setExternalState: set mPhoneId=0 mExternalState=READY
02-20 20:49:23.244  1913  2008 D RILJ    : [3699]< SIM_IO IccIoResponse sw1:0x90 sw2:0x0 [SUB0]
02-20 20:49:23.244  1913  1913 D TelephonyManager: setTelephonyProperty: success phoneId=0 property=gsm.sim.state value: READY propVal=READY
02-20 20:49:23.244  1913  2008 D RILJ    : [3700]< SIM_IO IccIoResponse sw1:0x90 sw2:0x0 [SUB0]
02-20 20:49:23.244  1913  2008 D RILJ    : [3701]< SIM_IO IccIoResponse sw1:0x90 sw2:0x0 [SUB0]
02-20 20:49:23.244  1913  2008 D RilRequest: [3702]< SIM_IO error: com.android.internal.telephony.CommandException: GENERIC_FAILURE ret=
02-20 20:49:23.244  1913  2008 D RilRequest: [3703]< SIM_IO error: com.android.internal.telephony.CommandException: GENERIC_FAILURE ret=
02-20 20:49:23.245  1372  1479 D RIL     : onRequest: SIM_IO
02-20 20:49:23.245  1372  1479 D AT      : AT> AT+CRSM=192,28479,0,0,15
02-20 20:49:23.245  1913  1913 D IccCardProxy: broadcastIccStateChangedIntent intent ACTION_SIM_STATE_CHANGED value=READY reason=null for mPhoneId=0
02-20 20:49:23.245  1372  1481 D AT      : AT< ERROR: BAD COMMAND
02-20 20:49:23.245  1913  1913 D RILJ    : [3705]> OPERATOR [SUB0]
02-20 20:49:23.245  1372  1479 D RIL     : onRequest: OPERATOR
02-20 20:49:23.245  1372  1479 D AT      : AT> AT+COPS=3,0;+COPS?;+COPS=3,1;+COPS?;+COPS=3,2;+COPS?
02-20 20:49:23.245  1913  2008 D RilRequest: [3704]< SIM_IO error: com.android.internal.telephony.CommandException: GENERIC_FAILURE ret=
02-20 20:49:23.245  1913  1913 D RILJ    : [3706]> DATA_REGISTRATION_STATE [SUB0]
02-20 20:49:23.246  1372  1481 D AT      : AT< +COPS: 0,0,"Android"
02-20 20:49:23.246  1372  1481 D AT      : AT< +COPS: 0,1,"Android"
02-20 20:49:23.246  1372  1481 D AT      : AT< +COPS: 0,2,"310260"
02-20 20:49:23.246  1372  1481 D AT      : AT< OK
02-20 20:49:23.246  1372  1479 D RIL     : onRequest: DATA_REGISTRATION_STATE
02-20 20:49:23.246  1372  1479 D RIL     : requestRegistrationState
02-20 20:49:23.246  1372  1479 D AT      : AT> AT+CGREG?
02-20 20:49:23.246  1913  1913 D RILJ    : [3707]> VOICE_REGISTRATION_STATE [SUB0]
02-20 20:49:23.246  1372  1481 D AT      : AT< +CGREG: 1,1,"0003","005b","000e"
02-20 20:49:23.246  1372  1481 D AT      : AT< OK
02-20 20:49:23.246  1372  1479 D RIL     : parseRegistrationState. Parsing: +CGREG: 1,1,"0003","005b","000e"
02-20 20:49:23.246  1372  1479 D RIL     : registration state type: 3GPP
02-20 20:49:23.246  1372  1479 D RIL     : onRequest: VOICE_REGISTRATION_STATE
02-20 20:49:23.246  1372  1479 D RIL     : requestRegistrationState
02-20 20:49:23.246  1372  1479 D AT      : AT> AT+CREG?
02-20 20:49:23.247  1913  1913 D RILJ    : [3708]> QUERY_NETWORK_SELECTION_MODE [SUB0]
02-20 20:49:23.247  1372  1481 D AT      : AT< +CREG: 2,1, "0003", "005b"
02-20 20:49:23.247  1372  1481 D AT      : AT< OK
02-20 20:49:23.247  1372  1479 D RIL     : parseRegistrationState. Parsing: +CREG: 2,1, "0003", "005b"
02-20 20:49:23.247  1372  1479 D RIL     : registration state type: 3GPP
02-20 20:49:23.248  1913  2008 D RILJ    : [3705]< OPERATOR {Android, Android, 310260} [SUB0]
02-20 20:49:23.248  1913  2008 D RILJ    : [3706]< DATA_REGISTRATION_STATE {1, 3, 5b, 14, null, null} [SUB0]
02-20 20:49:23.248  1913  2008 D RILJ    : [3707]< VOICE_REGISTRATION_STATE {1, 3, 5b, 0, null, null, null, null, null, null, null, null, null, null, null} [SUB0]
02-20 20:49:23.248  1372  1479 D RIL     : onRequest: QUERY_NETWORK_SELECTION_MODE
02-20 20:49:23.248  1372  1479 D AT      : AT> AT+COPS?
02-20 20:49:23.248  1913  1913 D UiccCardApplication: Error in querying facility lock:com.android.internal.telephony.CommandException: REQUEST_NOT_SUPPORTED
02-20 20:49:23.248  1913  1913 D UiccCardApplication: Error in querying facility lock:com.android.internal.telephony.CommandException: REQUEST_NOT_SUPPORTED
02-20 20:49:23.248  1913  1913 D RuimRecords: [RuimRecords] fetchRuimRecords 0
02-20 20:49:23.248  1913  1913 D RILJ    : [3709]> getIMSI: GET_IMSI aid: null [SUB0]
02-20 20:49:23.249  1372  1481 D AT      : AT< +COPS: 0,2,310260
02-20 20:49:23.249  1372  1481 D AT      : AT< OK
02-20 20:49:23.249  1372  1479 D RIL     : onRequest: GET_IMSI
02-20 20:49:23.249  1372  1479 D AT      : AT> AT+CIMI
02-20 20:49:23.249  1913  2008 D RILJ    : [3708]< QUERY_NETWORK_SELECTION_MODE {0} [SUB0]
02-20 20:49:23.249  1913  1913 D RILJ    : [3710]> iccIO: SIM_IO 0xc0 0x2fe2  path: 3F00,0,0,15 aid: null [SUB0]
02-20 20:49:23.249  1372  1481 D AT      : AT< 310260000000000
02-20 20:49:23.249  1372  1481 D AT      : AT< OK
02-20 20:49:23.249  1913  2008 D RILJ    : [3709]< GET_IMSI  [SUB0]
02-20 20:49:23.250  1372  1479 D RIL     : onRequest: SIM_IO
02-20 20:49:23.250  1372  1479 D AT      : AT> AT+CRSM=192,12258,0,0,15
02-20 20:49:23.250  1372  1481 D AT      : AT< +CRSM: 144,0,0000000a2fe204000fa0aa01020000
02-20 20:49:23.250  1372  1481 D AT      : AT< OK
02-20 20:49:23.251  1913  2008 D RILJ    : [3710]< SIM_IO IccIoResponse sw1:0x90 sw2:0x0 [SUB0]
02-20 20:49:23.250  1913  1913 D RILJ    : [3711]> iccIO: SIM_IO 0xc0 0x2f05  path: 3F00,0,0,15 aid: null [SUB0]
02-20 20:49:23.254  1913  1913 D RILJ    : [3712]> iccIO: SIM_IO 0xc0 0x6f3a  path: 3F007F25,0,0,15 aid: null [SUB0]
02-20 20:49:23.254  1372  1479 D RIL     : onRequest: SIM_IO
02-20 20:49:23.254  1372  1479 D AT      : AT> AT+CRSM=192,12037,0,0,15
02-20 20:49:23.254  1913  1913 D RILJ    : [3713]> iccIO: SIM_IO 0xc0 0x6f41  path: 3F007F25,0,0,15 aid: null [SUB0]
02-20 20:49:23.254  1913  1913 D RILJ    : [3714]> iccIO: SIM_IO 0xc0 0x6f44  path: 3F007F25,0,0,15 aid: null [SUB0]
02-20 20:49:23.255  1913  1913 D RILJ    : [3715]> iccIO: SIM_IO 0xc0 0x6f22  path: 3F007F25,0,0,15 aid: null [SUB0]
02-20 20:49:23.255  1913  1913 D RILJ    : [3716]> iccIO: SIM_IO 0xc0 0x6f28  path: 3F007F25,0,0,15 aid: null [SUB0]
02-20 20:49:23.255  1913  1913 D RILJ    : [3717]> iccIO: SIM_IO 0xb0 0x6f5a  path: 3F007F25,0,0,4 aid: null [SUB0]
02-20 20:49:23.255  1913  1913 D RILJ    : [3718]> iccIO: SIM_IO 0xc0 0x6f4d  path: 3F007F25,0,0,15 aid: null [SUB0]
02-20 20:49:23.255  1913  1913 D RuimRecords: [RuimRecords] fetchRuimRecords 10 requested: true
02-20 20:49:23.255  1913  1913 D RILJ    : [3719]> RIL_REQUEST_CDMA_SUBSCRIPTION [SUB0]
02-20 20:49:23.255  1913  1913 D GsmSMSDispatcher: GsmSMSDispatcher: subId = -2 slotId = 0
02-20 20:49:23.255  1913  1913 E IccCardProxy: setExternalState: !override and newstate unchanged from READY
02-20 20:49:23.255  1913  1913 D CAT     : CatService: handleMessage[8]
02-20 20:49:23.255  1913  1913 D CAT     : CatService: MSG_ID_ICC_CHANGED
02-20 20:49:23.255  1913  1913 D CAT     : CatService: New Card State = CARDSTATE_PRESENT Old Card State = CARDSTATE_PRESENT
02-20 20:49:23.256  1913  1913 E PhoneInterfaceManager: [PhoneIntfMgr] getIccId: No UICC
02-20 20:49:23.257  1372  1481 D AT      : AT< ERROR: BAD COMMAND
02-20 20:49:23.258  1654  1953 I Telecom : PhoneAccountRegistrar: [ComponentInfo{com.android.phone/com.android.services.telephony.TelephonyConnectionService}, [e0184adedf913b076626646d3f52c3b49c39ad6d], UserHandle{0}(icon: Icon(typ=BITMAP size=76x96) -> Icon(typ=BITMAP size=76x96))]: TSI.rPA@AAc
02-20 20:49:23.258  1361  1793 I art     : Starting a blocking GC HeapTrim
02-20 20:49:23.259  1654  1953 I Telecom : : Sending phone-account registered intent as user: TSI.rPA@AAc
02-20 20:49:23.259  1372  1479 D RIL     : onRequest: SIM_IO
02-20 20:49:23.259  1372  1479 D AT      : AT> AT+CRSM=192,28474,0,0,15
02-20 20:49:23.259  1913  2008 D RilRequest: [3711]< SIM_IO error: com.android.internal.telephony.CommandException: GENERIC_FAILURE ret=
02-20 20:49:23.261  1372  1481 D AT      : AT< ERROR: BAD COMMAND
02-20 20:49:23.261  1372  1479 D RIL     : onRequest: SIM_IO
02-20 20:49:23.261  1372  1479 D AT      : AT> AT+CRSM=192,28481,0,0,15
02-20 20:49:23.261  1913  2008 D RilRequest: [3712]< SIM_IO error: com.android.internal.telephony.CommandException: GENERIC_FAILURE ret=
02-20 20:49:23.262  1372  1481 D AT      : AT< ERROR: BAD COMMAND
02-20 20:49:23.262  1372  1479 D RIL     : onRequest: SIM_IO
02-20 20:49:23.262  1372  1479 D AT      : AT> AT+CRSM=192,28484,0,0,15
02-20 20:49:23.262  1913  2008 D RilRequest: [3713]< SIM_IO error: com.android.internal.telephony.CommandException: GENERIC_FAILURE ret=
02-20 20:49:23.262  1372  1481 D AT      : AT< ERROR: BAD COMMAND
02-20 20:49:23.262  1372  1479 D RIL     : onRequest: SIM_IO
02-20 20:49:23.262  1372  1479 D AT      : AT> AT+CRSM=192,28450,0,0,15
02-20 20:49:23.262  1913  2008 D RilRequest: [3714]< SIM_IO error: com.android.internal.telephony.CommandException: GENERIC_FAILURE ret=
02-20 20:49:23.262  1372  1481 D AT      : AT< ERROR: BAD COMMAND
02-20 20:49:23.262  1372  1479 D RIL     : onRequest: SIM_IO
02-20 20:49:23.262  1372  1479 D AT      : AT> AT+CRSM=192,28456,0,0,15
02-20 20:49:23.262  1913  2008 D RilRequest: [3715]< SIM_IO error: com.android.internal.telephony.CommandException: GENERIC_FAILURE ret=
02-20 20:49:23.262  1372  1481 D AT      : AT< ERROR: BAD COMMAND
02-20 20:49:23.262  1372  1479 D RIL     : onRequest: SIM_IO
02-20 20:49:23.262  1372  1479 D AT      : AT> AT+CRSM=176,28506,0,0,4
02-20 20:49:23.262  1913  2008 D RilRequest: [3716]< SIM_IO error: com.android.internal.telephony.CommandException: GENERIC_FAILURE ret=
02-20 20:49:23.262  1372  1481 D AT      : AT< ERROR: BAD COMMAND
02-20 20:49:23.262  1372  1479 D RIL     : onRequest: SIM_IO
02-20 20:49:23.262  1372  1479 D AT      : AT> AT+CRSM=192,28493,0,0,15
02-20 20:49:23.262  1913  2008 D RilRequest: [3717]< SIM_IO error: com.android.internal.telephony.CommandException: GENERIC_FAILURE ret=
02-20 20:49:23.262  1372  1481 D AT      : AT< ERROR: BAD COMMAND
02-20 20:49:23.262  1372  1479 D RIL     : onRequest: CDMA_SUBSCRIPTION
02-20 20:49:23.262  1372  1479 D RIL     : Request not supported. Tech: 1
02-20 20:49:23.262  1913  2008 D RilRequest: [3718]< SIM_IO error: com.android.internal.telephony.CommandException: GENERIC_FAILURE ret=
02-20 20:49:23.262  1913  2008 D RilRequest: [3719]< RIL_REQUEST_CDMA_SUBSCRIPTION error: com.android.internal.telephony.CommandException: REQUEST_NOT_SUPPORTED ret=
02-20 20:49:23.265  2128  2128 W art     : Unexpected CPU variant for X86 using defaults: x86
02-20 20:49:23.270  1654  1689 I am_proc_start: [0,2128,10029,com.google.android.googlequicksearchbox:interactor,service,com.google.android.googlequicksearchbox/com.google.android.voiceinteraction.GsaVoiceInteractionService]
02-20 20:49:23.270  1654  1689 I ActivityManager: Start proc 2128:com.google.android.googlequicksearchbox:interactor/u0a29 for service com.google.android.googlequicksearchbox/com.google.android.voiceinteraction.GsaVoiceInteractionService
02-20 20:49:23.271  1913  1913 D SIMRecords: [SIMRecords] IMSI: mMncLength=-1
02-20 20:49:23.271  1913  1913 D SIMRecords: [SIMRecords] IMSI: 310260[D1jVpVFfGoqdF5qliFi2ey-KM4g]
02-20 20:49:23.271  1913  1913 D SIMRecords: [SIMRecords] onRecordLoaded 16 requested: true
02-20 20:49:23.271  1913  1913 D RILJ    : [3720]> iccIO: SIM_IO 0xb0 0x2fe2  path: 3F00,0,0,10 aid: null [SUB0]
02-20 20:49:23.273  1913  1913 D RILJ    : [3721]> iccIO: SIM_IO 0xb2 0x6f40  path: 3F007F10,1,4,32 aid: null [SUB0]
02-20 20:49:23.273  1372  1479 D RIL     : onRequest: SIM_IO
02-20 20:49:23.273  1372  1479 D AT      : AT> AT+CRSM=176,12258,0,0,10
02-20 20:49:23.273  1372  1481 D AT      : AT< +CRSM: 144,0,98101430121181157002
02-20 20:49:23.273  1372  1481 D AT      : AT< OK
02-20 20:49:23.273  1654  1689 I ActivityManager: Loading recents for user 0 into memory.
02-20 20:49:23.273  1913  2008 D RILJ    : [3720]< SIM_IO IccIoResponse sw1:0x90 sw2:0x0 [SUB0]
02-20 20:49:23.275  1913  1913 D RILJ    : [3722]> iccIO: SIM_IO 0xb2 0x6fc9  path: 3F007F20,1,4,4 aid: null [SUB0]
02-20 20:49:23.275  1372  1479 D RIL     : onRequest: SIM_IO
02-20 20:49:23.275  1372  1479 D AT      : AT> AT+CRSM=178,28480,1,4,32
02-20 20:49:23.276  1913  1913 D RILJ    : [3723]> iccIO: SIM_IO 0xb0 0x6fad  path: 3F007F20,0,0,4 aid: null [SUB0]
02-20 20:49:23.276  1372  1481 D AT      : AT< +CRSM: 144,0,ffffffffffffffffffffffffffffffffffff07815155255155f4ffffffffffff
02-20 20:49:23.276  1372  1481 D AT      : AT< OK
02-20 20:49:23.276  1913  2008 D RILJ    : [3721]< SIM_IO IccIoResponse sw1:0x90 sw2:0x0 [SUB0]
02-20 20:49:23.276  1372  1479 D RIL     : onRequest: SIM_IO
02-20 20:49:23.276  1372  1479 D AT      : AT> AT+CRSM=178,28617,1,4,4
02-20 20:49:23.277  1372  1481 D AT      : AT< +CRSM: 144,0,01000000
02-20 20:49:23.277  1372  1481 D AT      : AT< OK
02-20 20:49:23.277  1913  1913 D RILJ    : [3724]> iccIO: SIM_IO 0xb2 0x6fca  path: 3F007F20,1,4,5 aid: null [SUB0]
02-20 20:49:23.277  1913  2008 D RILJ    : [3722]< SIM_IO IccIoResponse sw1:0x90 sw2:0x0 [SUB0]
02-20 20:49:23.277  1372  1479 D RIL     : onRequest: SIM_IO
02-20 20:49:23.277  1372  1479 D AT      : AT> AT+CRSM=176,28589,0,0,4
02-20 20:49:23.277  1372  1481 D AT      : AT< +CRSM: 144,0,00000003
02-20 20:49:23.277  1372  1481 D AT      : AT< OK
02-20 20:49:23.277  1913  1913 D RILJ    : [3725]> iccIO: SIM_IO 0xb0 0x6f11  path: 3F007F20,0,0,1 aid: null [SUB0]
02-20 20:49:23.278  1372  1479 D RIL     : onRequest: SIM_IO
02-20 20:49:23.278  1372  1479 D AT      : AT> AT+CRSM=178,28618,1,4,5
02-20 20:49:23.278  1372  1481 D AT      : AT< +CRSM: 144,0,0000000000
02-20 20:49:23.278  1372  1481 D AT      : AT< OK
02-20 20:49:23.280  1654  1689 D ActivityManager: Sending BOOT_COMPLETE user #0
02-20 20:49:23.280  1654  1689 I sysui_histogram: [framework_boot_completed,12]
02-20 20:49:23.280  1654  1686 I am_proc_bound: [0,2128,com.google.android.googlequicksearchbox:interactor]
02-20 20:49:23.280  1913  1913 D RILJ    : [3726]> iccIO: SIM_IO 0xb0 0x6f13  path: 3F007F20,0,0,1 aid: null [SUB0]
02-20 20:49:23.281  1913  1913 D RILJ    : [3727]> iccIO: SIM_IO 0xb2 0x6fc5  path: 3F007F20,1,4,24 aid: null [SUB0]
02-20 20:49:23.281  1913  1913 D RILJ    : [3728]> iccIO: SIM_IO 0xb0 0x6f38  path: 3F007F20,0,0,15 aid: null [SUB0]
02-20 20:49:23.281  1913  1913 D RILJ    : [3729]> iccIO: SIM_IO 0xb0 0x6f16  path: 3F007F20,0,0,2 aid: null [SUB0]
02-20 20:49:23.281  1372  1479 D RIL     : onRequest: SIM_IO
02-20 20:49:23.281  1372  1479 D AT      : AT> AT+CRSM=176,28433,0,0,1
02-20 20:49:23.282  1372  1481 D AT      : AT< +CRSM: 144,0,55
02-20 20:49:23.282  1372  1481 D AT      : AT< OK
02-20 20:49:23.282  1913  1913 E SST     : error parsing GprsRegistrationState: java.lang.NumberFormatException: null
02-20 20:49:23.282  1913  1913 D SST     : handlPollStateResultMessage: GsmSST setDataRegState=0 regState=1 dataRadioTechnology=14
02-20 20:49:23.282  1913  1913 D SST     : EVENT_POLL_STATE_NETWORK_SELECTION_MODE
02-20 20:49:23.282  1913  2008 D RILJ    : [3723]< SIM_IO IccIoResponse sw1:0x90 sw2:0x0 [SUB0]
02-20 20:49:23.282  1913  2008 D RILJ    : [3724]< SIM_IO IccIoResponse sw1:0x90 sw2:0x0 [SUB0]
02-20 20:49:23.282  1372  1479 D RIL     : onRequest: SIM_IO
02-20 20:49:23.282  1372  1479 D AT      : AT> AT+CRSM=176,28435,0,0,1
02-20 20:49:23.282  1372  1481 D AT      : AT< +CRSM: 144,0,55
02-20 20:49:23.282  1372  1481 D AT      : AT< OK
02-20 20:49:23.282  1913  2008 D RILJ    : [3725]< SIM_IO IccIoResponse sw1:0x90 sw2:0x0 [SUB0]
02-20 20:49:23.282  1372  1479 D RIL     : onRequest: SIM_IO
02-20 20:49:23.282  1372  1479 D AT      : AT> AT+CRSM=178,28613,1,4,24
02-20 20:49:23.282  1913  1913 D SST     : Poll ServiceState done:  oldSS=[0 0 voice home data home Android Android 310260 Android Android 310260  Unknown LTE CSS not supported -1 -1 RoamInd=-1 DefRoamInd=-1 EmergOnly=false IsDataRoamingFromRegistration=false IsUsingCarrierAggregation=false] newSS=[0 0 voice home data home Android Android 310260 Android Android 310260  Unknown LTE CSS not supported -1 -1 RoamInd=-1 DefRoamInd=-1 EmergOnly=false IsDataRoamingFromRegistration=false IsUsingCarrierAggregation=false] oldMaxDataCalls=1 mNewMaxDataCalls=1 oldReasonDataDenied=-1 mNewReasonDataDenied=-1
02-20 20:49:23.282  1372  1481 D AT      : AT< +CRSM: 144,0,43058441aa890affffffffffffffffffffffffffffffffff
02-20 20:49:23.283  1372  1481 D AT      : AT< OK
02-20 20:49:23.283  1913  2008 D RILJ    : [3726]< SIM_IO IccIoResponse sw1:0x90 sw2:0x0 [SUB0]
02-20 20:49:23.283  1913  1913 D RuimRecords: [RuimRecords] NO update mccmnc=310260
02-20 20:49:23.283  1913  1913 D RuimRecords: [RuimRecords] onRecordLoaded 9 requested: true
02-20 20:49:23.283  1913  1913 D RILJ    : [3730]> iccIO: SIM_IO 0xb0 0x2fe2  path: 3F00,0,0,10 aid: null [SUB0]
02-20 20:49:23.283  1372  1479 D RIL     : onRequest: SIM_IO
02-20 20:49:23.283  1372  1479 D AT      : AT> AT+CRSM=176,28472,0,0,15
02-20 20:49:23.283  1372  1481 D AT      : AT< +CRSM: 144,0,ff30ffff3c003c03000c0000f03f00
02-20 20:49:23.283  1372  1481 D AT      : AT< OK
02-20 20:49:23.283  1913  2008 D RILJ    : [3727]< SIM_IO IccIoResponse sw1:0x90 sw2:0x0 [SUB0]
02-20 20:49:23.283  1372  1479 D RIL     : onRequest: SIM_IO
02-20 20:49:23.283  1372  1479 D AT      : AT> AT+CRSM=176,28438,0,0,2
02-20 20:49:23.283  1372  1481 D AT      : AT< +CRSM: 144,0,0233
02-20 20:49:23.283  1372  1481 D AT      : AT< OK
02-20 20:49:23.286  1913  2008 D RILJ    : [3728]< SIM_IO IccIoResponse sw1:0x90 sw2:0x0 [SUB0]
02-20 20:49:23.286  1913  2008 D RILJ    : [3729]< SIM_IO IccIoResponse sw1:0x90 sw2:0x0 [SUB0]
02-20 20:49:23.287  1930  1930 D FallbackHome: User unlocked and real home found; let's go!
02-20 20:49:23.287  1654  1686 I am_finish_activity: [0,16926463,1,com.android.settings/.FallbackHome,app-request]
02-20 20:49:23.287  1913  1913 D RILJ    : [3731]> RIL_REQUEST_SIM_CLOSE_CHANNEL [SUB0]
02-20 20:49:23.288  1372  1479 D RIL     : onRequest: SIM_IO
02-20 20:49:23.288  1372  1479 D AT      : AT> AT+CRSM=176,12258,0,0,10
02-20 20:49:23.288  1372  1481 D AT      : AT< +CRSM: 144,0,98101430121181157002
02-20 20:49:23.288  1372  1481 D AT      : AT< OK
02-20 20:49:23.288  1913  1913 D IccCardProxy: broadcastIccStateChangedIntent intent ACTION_SIM_STATE_CHANGED value=IMSI reason=null for mPhoneId=0
02-20 20:49:23.289  1654  1686 I am_pause_activity: [0,16926463,com.android.settings/.FallbackHome]
02-20 20:49:23.289  1930  1930 I am_on_paused_called: [0,com.android.settings.FallbackHome,handlePauseActivity]
02-20 20:49:23.289  1913  1913 D SIMRecords: [SIMRecords] onRecordLoaded 15 requested: true
02-20 20:49:23.290  1913  1913 D RILJ    : [3732]> iccIO: SIM_IO 0xc0 0x6f14  path: 3F007F20,0,0,15 aid: null [SUB0]
02-20 20:49:23.290  1913  1913 D SIMRecords: [SIMRecords] onRecordLoaded 15 requested: true
02-20 20:49:23.290  1913  1913 D SIMRecords: [SIMRecords] onRecordLoaded 14 requested: true
