02-20 20:49:23.290  1913  1913 E SIMRecords: [SIMRecords] Exception in fetching EF_CSP data com.android.internal.telephony.CommandException: GENERIC_FAILURE
02-20 20:49:23.290  1913  1913 D SIMRecords: [SIMRecords] onRecordLoaded 13 requested: true
02-20 20:49:23.290  1913  1913 E SIMRecords: [SIMRecords] Exception in get GID1 com.android.internal.telephony.CommandException: GENERIC_FAILURE
02-20 20:49:23.290  1913  1913 D SIMRecords: [SIMRecords] onRecordLoaded 12 requested: true
02-20 20:49:23.290  1913  1913 E SIMRecords: [SIMRecords] Exception in get GID2 com.android.internal.telephony.CommandException: GENERIC_FAILURE
02-20 20:49:23.290  1913  1913 D SIMRecords: [SIMRecords] onRecordLoaded 11 requested: true
02-20 20:49:23.290  1654  1686 I ActivityManager: START u0 {act=android.intent.action.MAIN cat=[android.intent.category.HOME] flg=0x10000100 cmp=com.google.android.apps.nexuslauncher/.NexusLauncherActivity} from uid 0 on display 0
02-20 20:49:23.290  1654  1690 W WindowManager: Keyguard drawn timeout. Setting mKeyguardDrawComplete
02-20 20:49:23.291  1913  1913 D SubscriptionInfoUpdater: [Receiver]+
02-20 20:49:23.291  1913  1913 D SubscriptionInfoUpdater: Action: android.intent.action.SIM_STATE_CHANGED
02-20 20:49:23.291  1913  1913 D SubscriptionInfoUpdater: slotId: 0
02-20 20:49:23.291  1913  1913 D SubscriptionInfoUpdater: simStatus: READY
02-20 20:49:23.291  1913  1913 D SubscriptionInfoUpdater: Ignoring simStatus: READY
02-20 20:49:23.291  1913  1913 D SubscriptionInfoUpdater: [Receiver]-
02-20 20:49:23.291  1913  1913 D WAP PUSH: Received broadcast android.intent.action.USER_UNLOCKED
02-20 20:49:23.291  1913  1913 D WAP PUSH: Received broadcast android.intent.action.USER_UNLOCKED
02-20 20:49:23.291  1913  1913 D SmsBroadcastUndelivered: Received broadcast android.intent.action.USER_UNLOCKED
02-20 20:49:23.291  1372  1479 D RIL     : onRequest: SIM_CLOSE_CHANNEL
02-20 20:49:23.291  1913  1913 D SubscriptionInfoUpdater: [Receiver]+
02-20 20:49:23.291  1372  1479 D AT      : AT> AT+CCHC=1
02-20 20:49:23.291  1913  1913 D SubscriptionInfoUpdater: Action: android.intent.action.USER_UNLOCKED
02-20 20:49:23.291  1913  1913 D SubscriptionInfoUpdater: Broadcasting intent ACTION_SIM_STATE_CHANGED for mCardIndex: 0
02-20 20:49:23.292  1372  1481 D AT      : AT< +CCHC
02-20 20:49:23.292  1372  1481 D AT      : AT< OK
02-20 20:49:23.292  1913  2008 D RILJ    : [3730]< SIM_IO IccIoResponse sw1:0x90 sw2:0x0 [SUB0]
02-20 20:49:23.293  1372  1479 D RIL     : onRequest: SIM_IO
02-20 20:49:23.293  1372  1479 D AT      : AT> AT+CRSM=192,28436,0,0,15
02-20 20:49:23.294  1913  2155 D SmsBroadcastUndelivered: scanning raw table for undelivered messages
02-20 20:49:23.294  1372  1481 D AT      : AT< +CRSM: 144,0,000000146f1404001aa0aa01020000
02-20 20:49:23.294  1372  1481 D AT      : AT< OK
02-20 20:49:23.294  1913  2008 D RILJ    : [3731]< RIL_REQUEST_SIM_CLOSE_CHANNEL  [SUB0]
02-20 20:49:23.295  1913  2008 D RILJ    : [3732]< SIM_IO IccIoResponse sw1:0x90 sw2:0x0 [SUB0]
02-20 20:49:23.297  1913  2154 E WAP PUSH: bindService() for wappush manager failed
02-20 20:49:23.298  1913  2153 E WAP PUSH: bindService() for wappush manager failed
02-20 20:49:23.323  1654  1686 I am_create_task: [0,209]
02-20 20:49:23.323  1654  1686 I am_create_activity: [0,122380810,209,com.google.android.apps.nexuslauncher/.NexusLauncherActivity,android.intent.action.MAIN,NULL,NULL,268435712]
02-20 20:49:23.323  1654  1686 I wm_task_created: [209,0]
02-20 20:49:23.324  1654  1686 I wm_task_moved: [209,1,1]
02-20 20:49:23.325  1654  1686 I wm_task_moved: [209,1,1]
02-20 20:49:23.326  1654  1686 I am_focused_activity: [0,com.google.android.apps.nexuslauncher/.NexusLauncherActivity,startedActivity]
02-20 20:49:23.343  1654  1686 I am_proc_start: [0,2156,10021,com.google.android.apps.nexuslauncher,activity,com.google.android.apps.nexuslauncher/.NexusLauncherActivity]
02-20 20:49:23.343  1654  1686 I ActivityManager: Start proc 2156:com.google.android.apps.nexuslauncher/u0a21 for activity com.google.android.apps.nexuslauncher/.NexusLauncherActivity
02-20 20:49:23.344  2156  2156 W art     : Unexpected CPU variant for X86 using defaults: x86_64
02-20 20:49:23.348  1913  1926 D SubscriptionController: [getPhoneId]- no sims, returning default phoneId=2147483647
02-20 20:49:23.362  1654  1689 I sysui_count: [window_time_0,6]
02-20 20:49:23.364  1913  1913 D SubscriptionInfoUpdater: [Receiver]-
02-20 20:49:23.364  1913  1913 D CarrierSvcBindHelper: Received android.intent.action.USER_UNLOCKED
02-20 20:49:23.366  1913  1913 D CarrierSvcBindHelper: No carrier app for: 0
02-20 20:49:23.381  1654  1686 I am_proc_bound: [0,2156,com.google.android.apps.nexuslauncher]
02-20 20:49:23.384  1930  1980 D EGL_emulation: eglMakeCurrent: 0x72efbf379200: ver 3 0 (tinfo 0x72efc989cf40)
02-20 20:49:23.384  1654  1654 I AccountManagerService: User 0 is unlocked - opening CE database
02-20 20:49:23.393  1913  1913 D RuimRecords: [RuimRecords] EF_PL LOADED
02-20 20:49:23.393  1913  2155 D SmsBroadcastUndelivered: finished scanning raw table in 98 ms
02-20 20:49:23.394  1913  1913 E RuimRecords: [RuimRecords] Record Load Exception: com.android.internal.telephony.CommandException: GENERIC_FAILURE
02-20 20:49:23.394  1913  1913 D RuimRecords: [RuimRecords] onRecordLoaded 8 requested: true
02-20 20:49:23.394  1913  1913 D RuimRecords: [RuimRecords] EF_CSIM_LI LOADED
02-20 20:49:23.394  1913  1913 E RuimRecords: [RuimRecords] Record Load Exception: com.android.internal.telephony.CommandException: GENERIC_FAILURE
02-20 20:49:23.394  1913  1913 D RuimRecords: [RuimRecords] onRecordLoaded 7 requested: true
02-20 20:49:23.394  1913  1913 D RuimRecords: [RuimRecords] EF_CSIM_SPN LOADED
02-20 20:49:23.394  1913  1913 E RuimRecords: [RuimRecords] Record Load Exception: com.android.internal.telephony.CommandException: GENERIC_FAILURE
02-20 20:49:23.394  1913  1913 D RuimRecords: [RuimRecords] onRecordLoaded 6 requested: true
02-20 20:49:23.394  1913  1913 D RuimRecords: [RuimRecords] EF_CSIM_MDN LOADED
02-20 20:49:23.394  1913  1913 E RuimRecords: [RuimRecords] Record Load Exception: com.android.internal.telephony.CommandException: GENERIC_FAILURE
02-20 20:49:23.394  1913  1913 D RuimRecords: [RuimRecords] onRecordLoaded 5 requested: true
02-20 20:49:23.394  1913  1913 D RuimRecords: [RuimRecords] EF_CSIM_IMSIM LOADED
02-20 20:49:23.394  1913  1913 E RuimRecords: [RuimRecords] Record Load Exception: com.android.internal.telephony.CommandException: GENERIC_FAILURE
02-20 20:49:23.394  1913  1913 D RuimRecords: [RuimRecords] onRecordLoaded 4 requested: true
02-20 20:49:23.394  1913  1913 D RuimRecords: [RuimRecords] EF_CSIM_CDMAHOME LOADED
02-20 20:49:23.394  1913  1913 E RuimRecords: [RuimRecords] Record Load Exception: com.android.internal.telephony.CommandException: GENERIC_FAILURE
02-20 20:49:23.394  1913  1913 D RuimRecords: [RuimRecords] onRecordLoaded 3 requested: true
02-20 20:49:23.394  1913  1913 D RuimRecords: [RuimRecords] EF_CSIM_EPRL LOADED
02-20 20:49:23.394  1913  1913 E RuimRecords: [RuimRecords] Record Load Exception: com.android.internal.telephony.CommandException: GENERIC_FAILURE
02-20 20:49:23.394  1913  1913 D RuimRecords: [RuimRecords] onRecordLoaded 2 requested: true
02-20 20:49:23.394  1913  1913 D RuimRecords: [RuimRecords] EF_CSIM_MIPUPP LOADED
02-20 20:49:23.394  1913  1913 E RuimRecords: [RuimRecords] Record Load Exception: com.android.internal.telephony.CommandException: GENERIC_FAILURE
02-20 20:49:23.394  1913  1913 D RuimRecords: [RuimRecords] onRecordLoaded 1 requested: true
02-20 20:49:23.394  1913  1913 D SIMRecords: [SIMRecords] iccid: 89014103211118510720
02-20 20:49:23.394  1913  1913 D SIMRecords: [SIMRecords] onRecordLoaded 10 requested: true
02-20 20:49:23.397  1913  1913 D SIMRecords: [SIMRecords] EF_MBI: 01000000
02-20 20:49:23.397  1913  1913 D SIMRecords: [SIMRecords] Got valid mailbox number for MBDN
02-20 20:49:23.397  1913  1913 D RILJ    : [3733]> iccIO: SIM_IO 0xc0 0x6fc7  path: 3F007F20,0,0,15 aid: null [SUB0]
02-20 20:49:23.406  1913  1913 D SIMRecords: [SIMRecords] onRecordLoaded 10 requested: true
02-20 20:49:23.406  1913  1913 D SIMRecords: [SIMRecords] EF_AD: 00000003
02-20 20:49:23.406  1913  1913 D SIMRecords: [SIMRecords] setting4 mMncLength=3
02-20 20:49:23.406  1913  1913 D SIMRecords: [SIMRecords] update mccmnc=310260
02-20 20:49:23.406  1913  1913 D MccTable: updateMccMncConfiguration mccmnc='310260' fromServiceState=false
02-20 20:49:23.408  1913  1913 D SubscriptionController: [getPhoneId]- no sims, returning default phoneId=2147483647
02-20 20:49:23.409  1913  1913 D MccTable: updateMccMncConfiguration defaultMccMnc=
02-20 20:49:23.409  1913  1913 D MccTable: updateMccMncConfiguration: mcc=310, mnc=260
02-20 20:49:23.409  1913  1913 D MccTable: updateMccMncConfiguration updateConfig config={1.0 310mcc260mnc ?localeList ?layoutDir ?swdp ?wdp ?hdp ?density ?lsize ?long ?orien ?uimode ?night ?touch ?keyb/?/? ?nav/?}
02-20 20:49:23.409  1372  1479 D RIL     : onRequest: SIM_IO
02-20 20:49:23.409  1372  1479 D AT      : AT> AT+CRSM=192,28615,0,0,15
02-20 20:49:23.409  1372  1481 D AT      : AT< +CRSM: 144,0,000000406fc7040011a0aa01020120
02-20 20:49:23.409  1372  1481 D AT      : AT< OK
02-20 20:49:23.410  1913  2008 D RILJ    : [3733]< SIM_IO IccIoResponse sw1:0x90 sw2:0x0 [SUB0]
02-20 20:49:23.411  1654  1686 I am_restart_activity: [0,122380810,209,com.google.android.apps.nexuslauncher/.NexusLauncherActivity]
02-20 20:49:23.412  1654  1688 I GnssLocationProvider: WakeLock released by handleMessage(12, 0, null)
02-20 20:49:23.425  1654  2160 I configuration_changed: 3
02-20 20:49:23.425  1654  2160 I ActivityManager: Config changes=3 {1.0 310mcc260mnc [en_US] ldltr sw360dp w360dp h668dp 640dpi nrml long port finger -keyb/v/h -nav/h s.6}
02-20 20:49:23.434  1761  1761 I OpaLayout: Setting opa enabled to false
02-20 20:49:23.435  2156  2156 W System  : ClassLoader referenced unknown path: /system/priv-app/NexusLauncherPrebuilt/lib/x86_64
02-20 20:49:23.437  1761  1761 I OpaLayout: Setting opa enabled to false
02-20 20:49:23.454  1654  2160 I am_relaunch_resume_activity: [0,122380810,209,com.google.android.apps.nexuslauncher/.NexusLauncherActivity]
02-20 20:49:23.459  1913  1913 D SIMRecords: [SIMRecords] onRecordLoaded 9 requested: true
02-20 20:49:23.459  1913  1913 D SIMRecords: [SIMRecords] EF_MWIS : 0000000000
02-20 20:49:23.459  1913  1913 D SIMRecords: [SIMRecords] onRecordLoaded 8 requested: true
02-20 20:49:23.459  1913  1913 D SIMRecords: [SIMRecords] EF_CPHS_MWI: 55
02-20 20:49:23.459  1913  1913 D SIMRecords: [SIMRecords] onRecordLoaded 7 requested: true
02-20 20:49:23.459  1913  1913 D SIMRecords: [SIMRecords] EF_CFF_CPHS: 55
02-20 20:49:23.459  1913  1913 D SIMRecords: [SIMRecords] onRecordLoaded 6 requested: true
02-20 20:49:23.459  1913  1913 D SIMRecords: [SIMRecords] onRecordLoaded 5 requested: true
02-20 20:49:23.459  1913  1913 D RILJ    : [3734]> iccIO: SIM_IO 0xb0 0x6f14  path: 3F007F20,0,0,20 aid: null [SUB0]
02-20 20:49:23.464  1913  1913 D SubscriptionInfoUpdater: [Receiver]+
02-20 20:49:23.464  1913  1913 D SubscriptionInfoUpdater: Action: android.intent.action.SIM_STATE_CHANGED
02-20 20:49:23.464  1913  1913 D SubscriptionInfoUpdater: slotId: 0
02-20 20:49:23.464  1913  1913 D SubscriptionInfoUpdater: simStatus: IMSI
02-20 20:49:23.464  1913  1913 D SubscriptionInfoUpdater: Ignoring simStatus: IMSI
02-20 20:49:23.464  1913  1913 D SubscriptionInfoUpdater: [Receiver]-
02-20 20:49:23.471  1372  1479 D RIL     : onRequest: SIM_IO
02-20 20:49:23.472  1372  1479 D AT      : AT> AT+CRSM=176,28436,0,0,20
02-20 20:49:23.472  1372  1481 D AT      : AT< +CRSM: 144,0,416e64726f6964ffffffffffffffffffffffffff
02-20 20:49:23.472  1372  1481 D AT      : AT< OK
02-20 20:49:23.472  1913  2008 D RILJ    : [3734]< SIM_IO IccIoResponse sw1:0x90 sw2:0x0 [SUB0]
02-20 20:49:23.478  1913  1913 D SIMRecords: [SIMRecords] SST: UsimServiceTable[120]={ PHONEBOOK, FDN, FDN_EXTENSION, SDN, SDN_EXTENSION, BDN, BDN_EXTENSION, OUTGOING_CALL_INFO, ADVICE_OF_CHARGE, CAP_CONFIG_PARAMS_2, GROUP_ID_LEVEL_1, GROUP_ID_LEVEL_2, SPN, USER_PLMN_SELECT, MSISDN, IMAGE, LOCALISED_SERVICE_AREAS, EMLPP, EMLPP_AUTO_ANSWER, RFU, GSM_ACCESS, DATA_DL_VIA_SMS_PP, DATA_DL_VIA_SMS_CB, CALL_CONTROL_BY_USIM, MO_SMS_CONTROL_BY_USIM, RUN_AT_COMMAND, APN_CONTROL_LIST, DEPERSONALISATION_CONTROL_KEYS, COOPERATIVE_NETWORK_LIST, GSM_SECURITY_CONTEXT, SERVICE_PROVIDER_DISPLAY_INFO, MMS_NOTIFICATION, MMS_NOTIFICATION_EXTENSION, GPRS_CALL_CONTROL_BY_USIM, VGCS_GROUP_ID_LIST, VBS_GROUP_ID_LIST, OMA_BCAST_PROFILE, GBA_LOCAL_KEY_ESTABLISHMENT, #101, #102, #103, #104, #105, #106, #107, #108, #109, #110 }
02-20 20:49:23.479  1913  1913 D SIMRecords: [SIMRecords] onRecordLoaded 4 requested: true
02-20 20:49:23.479  1913  1913 D SIMRecords: [SIMRecords] iCPHS: 0233
02-20 20:49:23.479  1913  1913 D SIMRecords: [SIMRecords] onRecordLoaded 3 requested: true
02-20 20:49:23.479  1913  1913 D SubscriptionInfoUpdater: [Receiver]+
02-20 20:49:23.479  1913  1913 D SubscriptionInfoUpdater: Action: android.intent.action.SIM_STATE_CHANGED
02-20 20:49:23.479  1913  1913 D SubscriptionInfoUpdater: slotId: 0
02-20 20:49:23.479  1913  1913 D SubscriptionInfoUpdater: simStatus: READY
02-20 20:49:23.479  1913  1913 D SubscriptionInfoUpdater: Ignoring simStatus: READY
02-20 20:49:23.479  1913  1913 D SubscriptionInfoUpdater: [Receiver]-
02-20 20:49:23.482  1913  1913 D SIMRecords: [SIMRecords] MSISDN: [t-WgLegCyIMgfHgPkOdM6pkZbpA]
02-20 20:49:23.482  1913  1913 D SIMRecords: [SIMRecords] onRecordLoaded 2 requested: true
02-20 20:49:23.489  1913  1913 D RILJ    : [3735]> iccIO: SIM_IO 0xb2 0x6fc7  path: 3F007F20,1,4,32 aid: null [SUB0]
02-20 20:49:23.490  2104  2104 I LoadedApk: No resource references to update in package FFFFFFFFFFFFFFFFFFFFFF
02-20 20:49:23.497  1654  1664 W art     : Suspending all threads took: 21.842ms
02-20 20:49:23.503  1372  1479 D RIL     : onRequest: SIM_IO
02-20 20:49:23.503  1372  1479 D AT      : AT> AT+CRSM=178,28615,1,4,32
02-20 20:49:23.504  1372  1481 D AT      : AT< +CRSM: 144,0,566f6963656d61696cffffffffffffffffff07915155125740f9ffffffffffff
02-20 20:49:23.504  1372  1481 D AT      : AT< OK
02-20 20:49:23.504  1913  2008 D RILJ    : [3735]< SIM_IO IccIoResponse sw1:0x90 sw2:0x0 [SUB0]
02-20 20:49:23.506  1913  1913 D RuimRecords: [RuimRecords] iccid: 89014103211118510720
02-20 20:49:23.508  1913  1913 D RuimRecords: [RuimRecords] onRecordLoaded 0 requested: true
02-20 20:49:23.508  1913  1913 D RuimRecords: [RuimRecords] record load complete
02-20 20:49:23.510  1913  1913 D SIMRecords: [SIMRecords] getServiceProviderName: no brandOverride, providerName=Android
02-20 20:49:23.519  1913  1913 D SIMRecords: [SIMRecords] Load EF_SPN_CPHS: Android
02-20 20:49:23.520  1913  1913 D TelephonyManager: setTelephonyProperty: success phoneId=0 property=gsm.sim.operator.alpha value: Android propVal=Android
02-20 20:49:23.520  1913  1913 D SIMRecords: [SIMRecords] onRecordLoaded 1 requested: true
02-20 20:49:23.524  1913  1913 D SIMRecords: [SIMRecords] VM: ADN Record 'Voicemail' '[-MWU1cAlDrkXUZ8dpHi_wU_YOpU] null' EF[MBDN]
02-20 20:49:23.524  1913  1913 D SIMRecords: [SIMRecords] onRecordLoaded 0 requested: true
02-20 20:49:23.524  1913  1913 D SIMRecords: [SIMRecords] record load complete
02-20 20:49:23.524  1913  1913 D SIMRecords: [SIMRecords] Not using EF LI/EF PL
02-20 20:49:23.524  1913  1913 D SIMRecords: [SIMRecords] EF_CFF: callForwardingEnabled=0
02-20 20:49:23.524  1913  1913 D SIMRecords: [SIMRecords] onAllRecordsLoaded set 'gsm.sim.operator.numeric' to operator='310260'
02-20 20:49:23.524  1913  1913 D SIMRecords: [SIMRecords] update icc_operator_numeric=310260
02-20 20:49:23.524  1913  1913 D TelephonyManager: setTelephonyProperty: success phoneId=0 property=gsm.sim.operator.numeric value: 310260 propVal=310260
02-20 20:49:23.525  1913  1913 D SubscriptionController: [setMccMnc]+ mcc/mnc:310/260 subId:-1
02-20 20:49:23.539  1913  1913 D SubscriptionController: notifySubscriptionInfoChanged:
02-20 20:49:23.542  1913  1913 D SIMRecords: [SIMRecords] onAllRecordsLoaded set mcc imsi
02-20 20:49:23.542  1913  1913 D TelephonyManager: setTelephonyProperty: success phoneId=0 property=gsm.sim.operator.iso-country value: us propVal=us
02-20 20:49:23.545  1913  1913 D SST     : SubscriptionListener.onSubscriptionInfoChanged
02-20 20:49:23.548  1913  1913 D SIMRecords: [SIMRecords]  VoiceMessageCount from SIM MWIS = 0
02-20 20:49:23.548  1913  1913 E Phone   : getStoredVoiceMessageCount: invalid subId -2
02-20 20:49:23.549  1913  1913 D GsmCdmaPhone: [GsmCdmaPhone] updateVoiceMail countVoiceMessages = 0 subId -2
02-20 20:49:23.549  1913  1913 E Phone   : setVoiceMessageCount in sharedPreference: invalid subId -2
02-20 20:49:23.550  1913  1913 D DCT     : [0]SubscriptionListener.onSubscriptionInfoChanged
02-20 20:49:23.551  1913  1913 D SubscriptionController: [getActiveSubInfoList] Sub Controller not ready
02-20 20:49:23.554  1913  1913 D SubscriptionController: [getActiveSubInfoList] Sub Controller not ready
02-20 20:49:23.554  1913  1913 I Telephony: PstnIncomingCallNotifier: Unregistering: Handler (com.android.internal.telephony.GsmCdmaPhone) {411d5fa}
02-20 20:49:23.559  1913  1913 E PhoneInterfaceManager: [PhoneIntfMgr] getIccId: No UICC
02-20 20:49:23.563  1654  1784 I am_proc_start: [0,2174,10014,com.google.process.gapps,content provider,com.google.android.gsf/.gservices.GservicesProvider]
02-20 20:49:23.563  1654  1784 I ActivityManager: Start proc 2174:com.google.process.gapps/u0a14 for content provider com.google.android.gsf/.gservices.GservicesProvider
02-20 20:49:23.566  2174  2174 W art     : Unexpected CPU variant for X86 using defaults: x86_64
02-20 20:49:23.574  1654  2160 I Telecom : PhoneAccountRegistrar: [ComponentInfo{com.android.phone/com.android.services.telephony.TelephonyConnectionService}, [e0184adedf913b076626646d3f52c3b49c39ad6d], UserHandle{0}(addr: tel:*********** -> tel:)(icon: Icon(typ=BITMAP size=76x96) -> Icon(typ=BITMAP size=76x96))(subAddr: tel:*********** -> tel:)]: TSI.rPA@AAg
02-20 20:49:23.575  1654  1664 I art     : Background sticky concurrent mark sweep GC freed 53212(3MB) AllocSpace objects, 8(172KB) LOS objects, 16% free, 15MB/18MB, paused 26.329ms total 203.311ms
02-20 20:49:23.577  1654  2160 I Telecom : : Sending phone-account registered intent as user: TSI.rPA@AAg
02-20 20:49:23.579  1913  1926 D DCT     : [0]hasMatchedTetherApnSetting: APN=null
02-20 20:49:23.580  1654  1686 I am_proc_bound: [0,2174,com.google.process.gapps]
02-20 20:49:23.581  1913  1913 I Telephony: AccountEntry: Registered phoneAccount: [[ ] PhoneAccount: ComponentInfo{com.android.phone/com.android.services.telephony.TelephonyConnectionService}, [e0184adedf913b076626646d3f52c3b49c39ad6d], UserHandle{0} Capabilities: CallProvider MultiUser PlaceEmerg SimSub  Schemes: tel voicemail  Extras: null GroupId: [da39a3ee5e6b4b0d3255bfef95601890afd80709]] with handle: ComponentInfo{com.android.phone/com.android.services.telephony.TelephonyConnectionService}, [e0184adedf913b076626646d3f52c3b49c39ad6d], UserHandle{0}
02-20 20:49:23.581  1913  1913 I Telephony: PstnIncomingCallNotifier: Registering: Handler (com.android.internal.telephony.GsmCdmaPhone) {411d5fa}
02-20 20:49:23.583  1913  1913 D CAT     : CatService: handleMessage[20]
02-20 20:49:23.583  1913  1913 D GsmCdmaPhone: [GsmCdmaPhone] updateCurrentCarrierInProvider: mSubId = -2 currentDds = 1 operatorNumeric = 310260
02-20 20:49:23.583  1913  1913 D IccCardProxy: operator=310260 mPhoneId=0
02-20 20:49:23.583  1913  1913 D TelephonyManager: setTelephonyProperty: success phoneId=0 property=gsm.sim.operator.numeric value: 310260 propVal=310260
02-20 20:49:23.583  1913  1913 D TelephonyManager: setTelephonyProperty: success phoneId=0 property=gsm.sim.operator.iso-country value: us propVal=us
02-20 20:49:23.583  1913  1913 D IccCardProxy: Sending intent ACTION_INTERNAL_SIM_STATE_CHANGED for mPhoneId : 0
02-20 20:49:23.584  1913  1913 D SST     : EVENT_SIM_RECORDS_LOADED: what=16
02-20 20:49:23.584  1913  1913 D GsmCdmaPhone: [GsmCdmaPhone] updatePhoneObject: radioTechnology=0
02-20 20:49:23.584  1913  1913 D SST     : getOtasp: otasp not needed for GSM
02-20 20:49:23.584  1913  1913 D SST     : updateOtaspState: call notifyOtaspChanged old otaspMode=0 new otaspMode=3
02-20 20:49:23.584  1913  1913 D SIMRecords: [SIMRecords] getServiceProviderName: no brandOverride, providerName=Android
02-20 20:49:23.584  1913  1913 D SIMRecords: [SIMRecords] getServiceProviderName: no brandOverride, providerName=Android
02-20 20:49:23.584  1913  1913 D SST     : updateSpnDisplay: changed sending intent rule=1 showPlmn='false' plmn='Android' showSpn='true' spn='Android' dataSpn='Android' subId='-2'
02-20 20:49:23.585  1913  1913 D SubscriptionController: [setPlmnSpn] No valid subscription to store info
02-20 20:49:23.585  1913  1913 D SubscriptionController: notifySubscriptionInfoChanged:
02-20 20:49:23.586  1913  1913 E PhoneInterfaceManager: [PhoneIntfMgr] getIccId: No UICC
02-20 20:49:23.591  1654  1686 I Telecom : PhoneAccountRegistrar: [ComponentInfo{com.android.phone/com.android.services.telephony.TelephonyConnectionService}, [e0184adedf913b076626646d3f52c3b49c39ad6d], UserHandle{0}(icon: Icon(typ=BITMAP size=76x96) -> Icon(typ=BITMAP size=76x96))]: TSI.rPA@AAs
02-20 20:49:23.593  1654  1686 I Telecom : : Sending phone-account registered intent as user: TSI.rPA@AAs
02-20 20:49:23.593  1913  1913 D SubscriptionInfoUpdater: [Receiver]+
02-20 20:49:23.593  1913  1913 D SubscriptionInfoUpdater: Action: android.intent.action.internal_sim_state_changed
02-20 20:49:23.593  1913  1913 D SubscriptionInfoUpdater: slotId: 0
02-20 20:49:23.593  1913  1913 D SubscriptionInfoUpdater: simStatus: LOADED
02-20 20:49:23.593  1913  1913 D SubscriptionInfoUpdater: [Receiver]-
02-20 20:49:23.593  1913  1913 D GsmCdmaPhone: [GsmCdmaPhone] phoneObjectUpdater: newVoiceRadioTech=0
02-20 20:49:23.593  1913  1913 D GsmCdmaPhone: [GsmCdmaPhone] phoneObjectUpdater: volteReplacementRat=0
02-20 20:49:23.593  1913  1913 E GsmCdmaPhone: [GsmCdmaPhone] phoneObjectUpdater: newVoiceRadioTech=0 doesn't match either CDMA or GSM - error! No phone change
02-20 20:49:23.593  1913  1913 D SST     : SubscriptionListener.onSubscriptionInfoChanged
02-20 20:49:23.593  1913  1913 D DCT     : [0]SubscriptionListener.onSubscriptionInfoChanged
02-20 20:49:23.593  1761  1761 E BluetoothAdapter: Bluetooth binder is null
02-20 20:49:23.595  1913  1913 D SubscriptionController: [getActiveSubInfoList] Sub Controller not ready
02-20 20:49:23.596  1913  1913 D SubscriptionController: [getActiveSubInfoList] Sub Controller not ready
02-20 20:49:23.596  1913  1913 I Telephony: PstnIncomingCallNotifier: Unregistering: Handler (com.android.internal.telephony.GsmCdmaPhone) {411d5fa}
02-20 20:49:23.600  1654  1745 I am_proc_start: [0,2199,1000,com.android.keychain,service,com.android.keychain/.KeyChainService]
02-20 20:49:23.600  1654  1745 I ActivityManager: Start proc 2199:com.android.keychain/1000 for service com.android.keychain/.KeyChainService
02-20 20:49:23.600  1913  1913 E PhoneInterfaceManager: [PhoneIntfMgr] getIccId: No UICC
02-20 20:49:23.609  1654  1953 I Telecom : PhoneAccountRegistrar: [ComponentInfo{com.android.phone/com.android.services.telephony.TelephonyConnectionService}, [e0184adedf913b076626646d3f52c3b49c39ad6d], UserHandle{0}(icon: Icon(typ=BITMAP size=76x96) -> Icon(typ=BITMAP size=76x96))]: TSI.rPA@AAw
02-20 20:49:23.611  1654  1953 I Telecom : : Sending phone-account registered intent as user: TSI.rPA@AAw
02-20 20:49:23.612  1913  1913 I Telephony: AccountEntry: Registered phoneAccount: [[ ] PhoneAccount: ComponentInfo{com.android.phone/com.android.services.telephony.TelephonyConnectionService}, [e0184adedf913b076626646d3f52c3b49c39ad6d], UserHandle{0} Capabilities: CallProvider MultiUser PlaceEmerg SimSub  Schemes: tel voicemail  Extras: null GroupId: [da39a3ee5e6b4b0d3255bfef95601890afd80709]] with handle: ComponentInfo{com.android.phone/com.android.services.telephony.TelephonyConnectionService}, [e0184adedf913b076626646d3f52c3b49c39ad6d], UserHandle{0}
02-20 20:49:23.612  1913  1913 I Telephony: PstnIncomingCallNotifier: Registering: Handler (com.android.internal.telephony.GsmCdmaPhone) {411d5fa}
02-20 20:49:23.614  2174  2174 I art     : Starting a blocking GC AddRemoveAppImageSpace
02-20 20:49:23.614  2174  2174 W System  : ClassLoader referenced unknown path: /system/priv-app/GoogleServicesFramework/lib/x86_64
02-20 20:49:23.618  1913  1913 D SubscriptionInfoUpdater: handleSimStateLoadedInternal: slotId: 0
02-20 20:49:23.618  1913  1913 D SubscriptionInfoUpdater: All IccIds query complete
02-20 20:49:23.618  1913  1913 D SubscriptionInfoUpdater: updateSubscriptionInfoByIccId:+ Start
02-20 20:49:23.619  2199  2199 W art     : Unexpected CPU variant for X86 using defaults: x86_64
02-20 20:49:23.619  1913  1913 D SubscriptionController: [clearSubInfo]- no simInfo size=0
02-20 20:49:23.619  1913  1913 D SubscriptionInfoUpdater: insertedSimCount = 1
02-20 20:49:23.619  1913  1913 D SubscriptionController: [getSubInfoUsingSlotIdWithCheck]+ slotId:0
02-20 20:49:23.623  1913  1913 D SubscriptionController: [getPhoneId]- no sims, returning default phoneId=2147483647
02-20 20:49:23.626  1761  1761 I CameraManagerGlobal: Connecting to camera service
02-20 20:49:23.626  1913  1913 D SubscriptionController: [getPhoneId]- no sims, returning default phoneId=2147483647
02-20 20:49:23.626  1913  1913 D SubscriptionController: [getPhoneId]- no sims, returning default phoneId=2147483647
02-20 20:49:23.627  1913  1913 D SubscriptionController: [getSubInfoUsingSlotId]- null info return
02-20 20:49:23.627  1913  1913 D SubscriptionInfoUpdater: updateSubscriptionInfoByIccId: oldSubId = 1
02-20 20:49:23.627  1913  1913 D SubscriptionInfoUpdater: updateSubscriptionInfoByIccId: oldIccId[0] = 89014103211118510720, sIccId[0] = 89014103211118510720
02-20 20:49:23.627  1363  1363 V EmulatedCamera_Camera: getCameraInfo
02-20 20:49:23.627  1363  1363 V EmulatedCamera_BaseCamera: getCameraInfo
02-20 20:49:23.627  1363  1363 I CameraService: getCameraCharacteristics: Switching to HAL1 shim implementation...
02-20 20:49:23.627  1363  1363 V EmulatedCamera_Camera: getCameraInfo
02-20 20:49:23.627  1363  1363 V EmulatedCamera_BaseCamera: getCameraInfo
02-20 20:49:23.627  1363  1363 I CameraService: CameraService::connect call (PID -1 "cameraserver", camera ID 0) for HAL version default and Camera API version 1
02-20 20:49:23.627  1363  1363 E CameraService: getCameraPriorityFromProcState: Received invalid process state -1 from ActivityManagerService!
02-20 20:49:23.628  1363  1363 V EmulatedCamera_Camera: getCameraInfo
02-20 20:49:23.628  1363  1363 V EmulatedCamera_BaseCamera: getCameraInfo
02-20 20:49:23.628  1913  1913 D SubscriptionController: [addSubInfoRecord]+ iccId:89014103211118510720 slotId:0
02-20 20:49:23.638  1654  1654 I GnssLocationProvider: WakeLock acquired by sendMessage(12, 0, null)
02-20 20:49:23.638  1654  1654 I GnssLocationProvider: WakeLock acquired by sendMessage(12, 0, null)
02-20 20:49:23.638  1913  1925 D SubscriptionController: [getActiveSubInfoList] Sub Controller not ready
02-20 20:49:23.638  1370  2210 E WVMExtractor: Failed to open libwvm.so: dlopen failed: library "libwvm.so" not found
02-20 20:49:23.638  1913  1926 D SubscriptionController: [getActiveSubInfoList] Sub Controller not ready
02-20 20:49:23.640  1654  1953 I am_proc_bound: [0,2199,com.android.keychain]
02-20 20:49:23.641  1913  1913 D SubscriptionController: [getActiveSubInfoList] Sub Controller not ready
02-20 20:49:23.641  1913  1913 D SubscriptionController: [addSubInfoRecord] Record already exists
02-20 20:49:23.647  1370  2207 D NuPlayerDriver: notifyListener_l(0xef428ea0), (1, 0, 0), loop setting(0, 0)
02-20 20:49:23.648  1913  1913 D SubscriptionController: [addSubInfoRecord] sSlotIdxToSubId.size=1 slotId=0 subId=1 defaultSubId=1 simCount=1
02-20 20:49:23.648  1913  1913 D SubscriptionController: [setDefaultFallbackSubId] subId=1
02-20 20:49:23.649  1913  1913 D SubscriptionController: [setDefaultFallbackSubId] set mDefaultFallbackSubId=1
02-20 20:49:23.649  1913  1913 D MccTable: updateMccMncConfiguration mccmnc='310260' fromServiceState=false
02-20 20:49:23.650  1913  1913 D MccTable: updateMccMncConfiguration defaultMccMnc=310260
02-20 20:49:23.650  1913  1913 D MccTable: updateMccMncConfiguration: mcc=310, mnc=260
02-20 20:49:23.650  1913  1913 D MccTable: updateMccMncConfiguration updateConfig config={1.0 310mcc260mnc ?localeList ?layoutDir ?swdp ?wdp ?hdp ?density ?lsize ?long ?orien ?uimode ?night ?touch ?keyb/?/? ?nav/?}
02-20 20:49:23.656  1913  1913 D SubscriptionController: [setDefaultFallbackSubId] broadcast default subId changed phoneId=0 subId=1
02-20 20:49:23.658  1913  1913 D SubscriptionController: [addSubInfoRecord] one sim set defaults to subId=1
02-20 20:49:23.659  1913  1913 D SubscriptionController: [setDefaultDataSubId] num phones=1, subId=1
02-20 20:49:23.659  1913  1913 D SubscriptionController: [setDefaultDataSubId] phoneId=0 subId=1 RAF=1
02-20 20:49:23.659  1913  1913 D ProxyController: setRadioCapability: Already in requested configuration, nothing to do.
02-20 20:49:23.659  1913  1913 D SubscriptionController: [updateAllDataConnectionTrackers] sPhones.length=1
02-20 20:49:23.660  1913  1913 D SubscriptionController: [updateAllDataConnectionTrackers] phoneId=0
02-20 20:49:23.660  1913  1913 D DCT     : [0]update sub = 1
02-20 20:49:23.660  1913  1913 D DCT     : [0]update(): Active DDS, register for all events now!
02-20 20:49:23.660  1913  1913 D DCT     : [0]New records found.
02-20 20:49:23.662  1913  1913 D SST     : mDeviceShuttingDown=false, mDesiredPowerState=true, getRadioState=RADIO_ON, mPowerOffDelayNeed=true, mAlarmSwitch=false, mRadioDisabledByCarrier=false
02-20 20:49:23.662  1913  1913 D GsmCdmaPhone: [GsmCdmaPhone] updateCurrentCarrierInProvider: mSubId = 1 currentDds = 1 operatorNumeric = 310260
02-20 20:49:23.666  2156  2156 V Launcher: LauncherAppState inited
02-20 20:49:23.668  1370  2217 D NuPlayerDriver: notifyListener_l(0xef4290e0), (1, 0, 0), loop setting(0, 0)
02-20 20:49:23.685  1370  2219 D NuPlayerDriver: notifyListener_l(0xef429140), (1, 0, 0), loop setting(0, 0)
02-20 20:49:23.685  2174  2174 I GservicesProvider: Gservices pushing to system: true; secure/global: true
02-20 20:49:23.692  1363  1363 I CameraFlashlight: Opening camera 0
02-20 20:49:23.692  1363  1363 V EmulatedCamera_Camera: getCameraInfo
02-20 20:49:23.692  1363  1363 V EmulatedCamera_BaseCamera: getCameraInfo
02-20 20:49:23.692  1363  1363 V EmulatedCamera_Camera: connectCamera
02-20 20:49:23.692  1363  1363 V EmulatedCamera_FakeDevice: connectDevice
02-20 20:49:23.692  1363  1363 V EmulatedCamera_CallbackNotifier: setCallbacks: 0xed227e80, 0xed227ed0, 0xed227ff0, 0xed228110 (0xec8c3320)
02-20 20:49:23.692  1363  1363 V EmulatedCamera_CallbackNotifier: enableMessage: msg_type = 0xc0d
02-20 20:49:23.692  1363  1363 V EmulatedCamera_CallbackNotifier:     CAMERA_MSG_ERROR
02-20 20:49:23.692  1363  1363 V EmulatedCamera_CallbackNotifier:     CAMERA_MSG_FOCUS
02-20 20:49:23.692  1363  1363 V EmulatedCamera_CallbackNotifier:     CAMERA_MSG_ZOOM
02-20 20:49:23.692  1363  1363 V EmulatedCamera_CallbackNotifier:     CAMERA_MSG_PREVIEW_METADATA
02-20 20:49:23.692  1363  1363 V EmulatedCamera_CallbackNotifier: **** Currently enabled messages:
02-20 20:49:23.692  1363  1363 V EmulatedCamera_CallbackNotifier:     CAMERA_MSG_ERROR
02-20 20:49:23.692  1363  1363 V EmulatedCamera_CallbackNotifier:     CAMERA_MSG_FOCUS
02-20 20:49:23.692  1363  1363 V EmulatedCamera_CallbackNotifier:     CAMERA_MSG_ZOOM
02-20 20:49:23.692  1363  1363 V EmulatedCamera_CallbackNotifier:     CAMERA_MSG_PREVIEW_METADATA
02-20 20:49:23.693  1363  1363 V EmulatedCamera_CallbackNotifier: disableMessage: msg_type = 0xffff
02-20 20:49:23.693  1363  1363 V EmulatedCamera_CallbackNotifier:     CAMERA_MSG_ERROR
02-20 20:49:23.693  1363  1363 V EmulatedCamera_CallbackNotifier:     CAMERA_MSG_SHUTTER
02-20 20:49:23.693  1363  1363 V EmulatedCamera_CallbackNotifier:     CAMERA_MSG_FOCUS
02-20 20:49:23.693  1363  1363 V EmulatedCamera_CallbackNotifier:     CAMERA_MSG_ZOOM
02-20 20:49:23.693  1363  1363 V EmulatedCamera_CallbackNotifier:     CAMERA_MSG_PREVIEW_FRAME
02-20 20:49:23.693  1363  1363 V EmulatedCamera_CallbackNotifier:     CAMERA_MSG_VIDEO_FRAME
02-20 20:49:23.693  1363  1363 V EmulatedCamera_CallbackNotifier:     CAMERA_MSG_POSTVIEW_FRAME
02-20 20:49:23.693  1363  1363 V EmulatedCamera_CallbackNotifier:     CAMERA_MSG_RAW_IMAGE
02-20 20:49:23.693  1363  1363 V EmulatedCamera_CallbackNotifier:     CAMERA_MSG_COMPRESSED_IMAGE
02-20 20:49:23.693  1363  1363 V EmulatedCamera_CallbackNotifier:     CAMERA_MSG_RAW_IMAGE_NOTIFY
02-20 20:49:23.693  1363  1363 V EmulatedCamera_CallbackNotifier:     CAMERA_MSG_PREVIEW_METADATA
02-20 20:49:23.693  1363  1363 V EmulatedCamera_CallbackNotifier: **** Currently enabled messages:
02-20 20:49:23.693  1363  1363 V EmulatedCamera_Preview: setPreviewWindow: current: 0x0 -> new: 0x0
02-20 20:49:23.693  1363  1363 V EmulatedCamera_Camera: doStopPreview
02-20 20:49:23.694  1363  1363 V EmulatedCamera_Camera: cancelPicture
02-20 20:49:23.694  1363  1363 V EmulatedCamera_Camera: releaseCamera
02-20 20:49:23.694  1363  1363 V EmulatedCamera_Camera: doStopPreview
02-20 20:49:23.694  1363  1363 V EmulatedCamera_FakeDevice: disconnectDevice
02-20 20:49:23.694  1363  1363 W EmulatedCamera_Device: Initialize: Emulated camera device is already initialized: mState = 1
02-20 20:49:23.694  1363  1363 D EmulatedCamera_FakeCamera: Initialize: Fake camera is facing back
02-20 20:49:23.694  1363  1363 V EmulatedCamera_Device: initializeWhiteBalanceModes with auto, 1.000000, 1.000000
02-20 20:49:23.694  1363  1363 V EmulatedCamera_Device: initializeWhiteBalanceModes with incandescent, 1.380000, 0.600000
02-20 20:49:23.694  1363  1363 V EmulatedCamera_Device: initializeWhiteBalanceModes with daylight, 1.090000, 0.920000
02-20 20:49:23.694  1363  1363 V EmulatedCamera_Device: initializeWhiteBalanceModes with twilight, 0.920000, 1.220000
02-20 20:49:23.694  1363  1363 V EmulatedCamera_Device: setWhiteBalanceMode with white balance auto
02-20 20:49:23.694  1363  1363 I CameraFlashlight: Destroying camera 0
02-20 20:49:23.694  1363  1363 V EmulatedCamera_Camera: closeCamera
02-20 20:49:23.694  1363  1363 V EmulatedCamera_Camera: doStopPreview
02-20 20:49:23.694  1363  1363 W EmulatedCamera_Device: Initialize: Emulated camera device is already initialized: mState = 1
02-20 20:49:23.694  1363  1363 D EmulatedCamera_FakeCamera: Initialize: Fake camera is facing back
02-20 20:49:23.694  1363  1363 V EmulatedCamera_Device: initializeWhiteBalanceModes with auto, 1.000000, 1.000000
02-20 20:49:23.694  1363  1363 V EmulatedCamera_Device: initializeWhiteBalanceModes with incandescent, 1.380000, 0.600000
02-20 20:49:23.694  1363  1363 V EmulatedCamera_Device: initializeWhiteBalanceModes with daylight, 1.090000, 0.920000
02-20 20:49:23.694  1363  1363 V EmulatedCamera_Device: initializeWhiteBalanceModes with twilight, 0.920000, 1.220000
02-20 20:49:23.694  1363  1363 V EmulatedCamera_Device: setWhiteBalanceMode with white balance auto
02-20 20:49:23.696  1363  1363 I CameraService: disconnect: Disconnected client for camera 0 for PID 1363
02-20 20:49:23.696  1370  1370 D NuPlayerDriver: reset(0xef428ea0) at state 4
02-20 20:49:23.696  1370  1370 D NuPlayerDriver: notifyListener_l(0xef428ea0), (8, 0, 0), loop setting(0, 0)
02-20 20:49:23.697  1370  2207 D NuPlayerDriver: notifyResetComplete(0xef428ea0)
02-20 20:49:23.697  1913  2172 D RILJ    : [3736]> RIL_REQUEST_GET_CELL_INFO_LIST [SUB0]
02-20 20:49:23.697  1372  1479 D RIL     : onRequest: GET_CELL_INFO_LIST
02-20 20:49:23.697  1372  1479 D RILC    : responseCellInfoList: v12
02-20 20:49:23.698  1370  1881 D NuPlayerDriver: reset(0xef4290e0) at state 4
02-20 20:49:23.698  1370  1881 D NuPlayerDriver: notifyListener_l(0xef4290e0), (8, 0, 0), loop setting(0, 0)
02-20 20:49:23.698  1370  2217 D NuPlayerDriver: notifyResetComplete(0xef4290e0)
02-20 20:49:23.698  1370  1407 D NuPlayerDriver: reset(0xef429140) at state 4
02-20 20:49:23.698  1370  1407 D NuPlayerDriver: notifyListener_l(0xef429140), (8, 0, 0), loop setting(0, 0)
02-20 20:49:23.698  1370  2219 D NuPlayerDriver: notifyResetComplete(0xef429140)
02-20 20:49:23.701  1363  1706 V EmulatedCamera_Camera: getCameraInfo
02-20 20:49:23.701  1363  1706 V EmulatedCamera_BaseCamera: getCameraInfo
02-20 20:49:23.701  1363  1363 V EmulatedCamera_Camera: getCameraInfo
02-20 20:49:23.701  1363  1363 V EmulatedCamera_BaseCamera: getCameraInfo
02-20 20:49:23.706  1913  2008 D RILJ    : [3736]< RIL_REQUEST_GET_CELL_INFO_LIST [CellInfoGsm:{mRegistered=YES mTimeStampType=modem mTimeStamp=12778839623ns CellIdentityGsm:{ mMcc=310 mMnc=260 mLac=3 mCid=91 mArfcn=10 mBsic=0x0} CellSignalStrengthGsm: ss=1451225528 ber=31424 mTa=1458470012}] [SUB0]
02-20 20:49:23.745  2199  2199 W System  : ClassLoader referenced unknown path: /system/app/KeyChain/lib/x86_64
02-20 20:49:23.749  1913  1913 D SubscriptionController: [broadcastDefaultDataSubIdChanged] subId=1
02-20 20:49:23.751  1913  1913 D SubscriptionController: [setDefaultSmsSubId] subId=1
02-20 20:49:23.753  1913  1913 D SubscriptionController: [broadcastDefaultSmsSubIdChanged] subId=1
02-20 20:49:23.753  1913  1913 D SubscriptionController: [setDefaultVoiceSubId] subId=1
02-20 20:49:23.753  1913  1913 D SubscriptionController: [broadcastDefaultVoiceSubIdChanged] subId=1
02-20 20:49:23.754  1913  1913 D SubscriptionController: [addSubInfoRecord] hashmap(0,1)
02-20 20:49:23.768  1913  1913 D SubscriptionController: [addSubInfoRecord] sim name = Android
02-20 20:49:23.768  1913  1913 D DCT     : [0]update sub = 1
02-20 20:49:23.768  1913  1913 D DCT     : [0]update(): Active DDS, register for all events now!
02-20 20:49:23.769  1913  1913 D GsmCdmaPhone: [GsmCdmaPhone] updateCurrentCarrierInProvider: mSubId = 1 currentDds = 1 operatorNumeric = 310260
02-20 20:49:23.786  1761  1761 I StatusBar: isKeyguardShowing() called before startKeyguard(), returning true
02-20 20:49:23.786  1761  1761 W StatusBar: isKeyguardSecure() called before startKeyguard(), returning false
02-20 20:49:23.786  1761  1761 W StatusBar: java.lang.Throwable
02-20 20:49:23.786  1761  1761 W StatusBar: 	at com.android.systemui.statusbar.BaseStatusBar.isKeyguardSecure(BaseStatusBar.java:2647)
02-20 20:49:23.786  1761  1761 W StatusBar: 	at com.android.systemui.statusbar.BaseStatusBar.isCameraAllowedByAdmin(BaseStatusBar.java:2670)
02-20 20:49:23.786  1761  1761 W StatusBar: 	at com.android.systemui.statusbar.phone.KeyguardBottomAreaView.updateCameraVisibility(KeyguardBottomAreaView.java:309)
02-20 20:49:23.786  1761  1761 W StatusBar: 	at com.android.systemui.statusbar.phone.KeyguardBottomAreaView.setPhoneStatusBar(KeyguardBottomAreaView.java:272)
02-20 20:49:23.786  1761  1761 W StatusBar: 	at com.android.systemui.statusbar.phone.PhoneStatusBar.makeStatusBarView(PhoneStatusBar.java:904)
02-20 20:49:23.786  1761  1761 W StatusBar: 	at com.android.systemui.statusbar.phone.PhoneStatusBar.addStatusBarWindow(PhoneStatusBar.java:3432)
02-20 20:49:23.786  1761  1761 W StatusBar: 	at com.android.systemui.statusbar.phone.PhoneStatusBar.createAndAddWindows(PhoneStatusBar.java:3428)
02-20 20:49:23.786  1761  1761 W StatusBar: 	at com.android.systemui.statusbar.BaseStatusBar.start(BaseStatusBar.java:765)
02-20 20:49:23.786  1761  1761 W StatusBar: 	at com.android.systemui.statusbar.phone.PhoneStatusBar.start(PhoneStatusBar.java:686)
02-20 20:49:23.786  1761  1761 W StatusBar: 	at com.android.systemui.statusbar.SystemBars.createStatusBarFromConfig(SystemBars.java:106)
02-20 20:49:23.786  1761  1761 W StatusBar: 	at com.android.systemui.statusbar.SystemBars.onNoService(SystemBars.java:58)
02-20 20:49:23.786  1761  1761 W StatusBar: 	at com.android.systemui.statusbar.ServiceMonitor.startService(ServiceMonitor.java:230)
02-20 20:49:23.786  1761  1761 W StatusBar: 	at com.android.systemui.statusbar.ServiceMonitor.-wrap5(ServiceMonitor.java)
02-20 20:49:23.786  1761  1761 W StatusBar: 	at com.android.systemui.statusbar.ServiceMonitor$1.handleMessage(ServiceMonitor.java:73)
02-20 20:49:23.786  1761  1761 W StatusBar: 	at android.os.Handler.dispatchMessage(Handler.java:102)
02-20 20:49:23.786  1761  1761 W StatusBar: 	at android.os.Looper.loop(Looper.java:154)
02-20 20:49:23.786  1761  1761 W StatusBar: 	at android.app.ActivityThread.main(ActivityThread.java:6119)
02-20 20:49:23.786  1761  1761 W StatusBar: 	at java.lang.reflect.Method.invoke(Native Method)
02-20 20:49:23.786  1761  1761 W StatusBar: 	at com.android.internal.os.ZygoteInit$MethodAndArgsCaller.run(ZygoteInit.java:886)
02-20 20:49:23.786  1761  1761 W StatusBar: 	at com.android.internal.os.ZygoteInit.main(ZygoteInit.java:776)
02-20 20:49:23.787  1913  1913 D SubscriptionController: [addSubInfoRecord]- info size=1
02-20 20:49:23.787  1913  1913 D SubscriptionInfoUpdater: newSim = false
02-20 20:49:23.787  1913  1913 D SubscriptionInfoUpdater: updateSubscriptionInfoByIccId: sInsertSimState[0] = 0
02-20 20:49:23.794  1761  1761 I StatusBar: isKeyguardShowing() called before startKeyguard(), returning true
02-20 20:49:23.795  1761  1761 W StatusBar: isKeyguardSecure() called before startKeyguard(), returning false
02-20 20:49:23.795  1761  1761 W StatusBar: java.lang.Throwable
02-20 20:49:23.795  1761  1761 W StatusBar: 	at com.android.systemui.statusbar.BaseStatusBar.isKeyguardSecure(BaseStatusBar.java:2647)
02-20 20:49:23.795  1761  1761 W StatusBar: 	at com.android.systemui.statusbar.BaseStatusBar.isCameraAllowedByAdmin(BaseStatusBar.java:2670)
02-20 20:49:23.795  1761  1761 W StatusBar: 	at com.android.systemui.statusbar.phone.KeyguardBottomAreaView.updateCameraVisibility(KeyguardBottomAreaView.java:309)
02-20 20:49:23.795  1761  1761 W StatusBar: 	at com.android.systemui.statusbar.phone.KeyguardBottomAreaView.setUserSetupComplete(KeyguardBottomAreaView.java:281)
02-20 20:49:23.795  1761  1761 W StatusBar: 	at com.android.systemui.statusbar.phone.PhoneStatusBar.makeStatusBarView(PhoneStatusBar.java:905)
02-20 20:49:23.795  1761  1761 W StatusBar: 	at com.android.systemui.statusbar.phone.PhoneStatusBar.addStatusBarWindow(PhoneStatusBar.java:3432)
02-20 20:49:23.795  1761  1761 W StatusBar: 	at com.android.systemui.statusbar.phone.PhoneStatusBar.createAndAddWindows(PhoneStatusBar.java:3428)
02-20 20:49:23.795  1761  1761 W StatusBar: 	at com.android.systemui.statusbar.BaseStatusBar.start(BaseStatusBar.java:765)
02-20 20:49:23.795  1761  1761 W StatusBar: 	at com.android.systemui.statusbar.phone.PhoneStatusBar.start(PhoneStatusBar.java:686)
02-20 20:49:23.795  1761  1761 W StatusBar: 	at com.android.systemui.statusbar.SystemBars.createStatusBarFromConfig(SystemBars.java:106)
02-20 20:49:23.795  1761  1761 W StatusBar: 	at com.android.systemui.statusbar.SystemBars.onNoService(SystemBars.java:58)
02-20 20:49:23.795  1761  1761 W StatusBar: 	at com.android.systemui.statusbar.ServiceMonitor.startService(ServiceMonitor.java:230)
02-20 20:49:23.795  1761  1761 W StatusBar: 	at com.android.systemui.statusbar.ServiceMonitor.-wrap5(ServiceMonitor.java)
02-20 20:49:23.795  1761  1761 W StatusBar: 	at com.android.systemui.statusbar.ServiceMonitor$1.handleMessage(ServiceMonitor.java:73)
02-20 20:49:23.795  1761  1761 W StatusBar: 	at android.os.Handler.dispatchMessage(Handler.java:102)
02-20 20:49:23.795  1761  1761 W StatusBar: 	at android.os.Looper.loop(Looper.java:154)
02-20 20:49:23.795  1761  1761 W StatusBar: 	at android.app.ActivityThread.main(ActivityThread.java:6119)
02-20 20:49:23.795  1761  1761 W StatusBar: 	at java.lang.reflect.Method.invoke(Native Method)
02-20 20:49:23.795  1761  1761 W StatusBar: 	at com.android.internal.os.ZygoteInit$MethodAndArgsCaller.run(ZygoteInit.java:886)
02-20 20:49:23.795  1761  1761 W StatusBar: 	at com.android.internal.os.ZygoteInit.main(ZygoteInit.java:776)
02-20 20:49:23.806  1654  1687 I am_proc_start: [0,2226,10029,com.google.android.googlequicksearchbox:search,service,com.google.android.googlequicksearchbox/com.google.android.hotword.service.HotwordService]
02-20 20:49:23.806  1654  1687 I ActivityManager: Start proc 2226:com.google.android.googlequicksearchbox:search/u0a29 for service com.google.android.googlequicksearchbox/com.google.android.hotword.service.HotwordService
02-20 20:49:23.806  1654  2160 I dvm_lock_sample: [system_server,1,Binder:1654_6,12,ActivityManagerService.java,10435,-,17301,2]
02-20 20:49:23.809  1913  1913 D SubscriptionInfoUpdater: updateSubscriptionInfoByIccId: nSubCount = 1
02-20 20:49:23.809  1913  1913 D SubscriptionController: [setDefaultDataSubId] num phones=1, subId=1
02-20 20:49:23.809  1913  1913 D SubscriptionController: [setDefaultDataSubId] phoneId=0 subId=1 RAF=1
02-20 20:49:23.809  1913  1913 D ProxyController: setRadioCapability: Already in requested configuration, nothing to do.
02-20 20:49:23.809  1913  1913 D SubscriptionController: [updateAllDataConnectionTrackers] sPhones.length=1
02-20 20:49:23.809  1913  1913 D SubscriptionController: [updateAllDataConnectionTrackers] phoneId=0
02-20 20:49:23.809  1913  1913 D DCT     : [0]update sub = 1
02-20 20:49:23.809  1913  1913 D DCT     : [0]update(): Active DDS, register for all events now!
02-20 20:49:23.816  1913  1913 D GsmCdmaPhone: [GsmCdmaPhone] updateCurrentCarrierInProvider: mSubId = 1 currentDds = 1 operatorNumeric = 310260
02-20 20:49:23.816  2226  2226 W art     : Unexpected CPU variant for X86 using defaults: x86
02-20 20:49:23.833  1654  1927 I am_proc_bound: [0,2226,com.google.android.googlequicksearchbox:search]
02-20 20:49:23.841  1913  1926 D SubscriptionController: [getPhoneId] asked for default subId=1
02-20 20:49:23.847  1913  1913 D SubscriptionController: [broadcastDefaultDataSubIdChanged] subId=1
02-20 20:49:23.848  1913  1913 D SubscriptionController: notifySubscriptionInfoChanged:
02-20 20:49:23.848  1654  1654 I GnssLocationProvider: WakeLock acquired by sendMessage(12, 0, null)
02-20 20:49:23.848  1913  1926 D SubscriptionMonitor: Phone[0] subId changed -2->1, 1 registrants
02-20 20:49:23.848  1913  1926 D SubscriptionMonitor: mDefaultDataSubId = 1, 1 registrants
02-20 20:49:23.849  1913  1913 D SubscriptionInfoUpdater: updateSubscriptionInfoByIccId:- SsubscriptionInfo update complete
02-20 20:49:23.849  1913  1913 D MccTable: updateMccMncConfiguration mccmnc='310260' fromServiceState=false
02-20 20:49:23.849  1913  1913 D MccTable: updateMccMncConfiguration defaultMccMnc=310260
02-20 20:49:23.849  1913  1913 D MccTable: updateMccMncConfiguration: mcc=310, mnc=260
02-20 20:49:23.849  1913  1913 D MccTable: updateMccMncConfiguration updateConfig config={1.0 310mcc260mnc ?localeList ?layoutDir ?swdp ?wdp ?hdp ?density ?lsize ?long ?orien ?uimode ?night ?touch ?keyb/?/? ?nav/?}
02-20 20:49:23.850  1913  1913 D SubscriptionController: [setMccMnc]+ mcc/mnc:310/260 subId:1
02-20 20:49:23.855  1363  1706 V EmulatedCamera_Camera: getCameraInfo
02-20 20:49:23.855  1363  1706 V EmulatedCamera_BaseCamera: getCameraInfo
02-20 20:49:23.867  1363  1363 V EmulatedCamera_Camera: getCameraInfo
02-20 20:49:23.867  1363  1363 V EmulatedCamera_BaseCamera: getCameraInfo
02-20 20:49:23.890  1913  1913 D SubscriptionController: notifySubscriptionInfoChanged:
02-20 20:49:23.890  1654  1654 I GnssLocationProvider: WakeLock acquired by sendMessage(12, 0, null)
02-20 20:49:23.900  1913  1913 D SubscriptionController: [getActiveSubscriptionInfo]+ subId=1 subInfo={id=1, iccId=89014103211118510720 simSlotIndex=0 displayName=Android carrierName=Android nameSource=0 iconTint=-16746133 dataRoaming=0 iconBitmap=android.graphics.Bitmap@3d5a54f mcc 310 mnc 260}
02-20 20:49:23.900  1913  1913 D SubscriptionInfoUpdater: sim name = Android
02-20 20:49:23.922  2156  2156 I am_on_resume_called: [0,com.google.android.apps.nexuslauncher.NexusLauncherActivity,LAUNCH_ACTIVITY]
02-20 20:49:23.936  1312  1324 E SurfaceFlinger: ro.sf.lcd_density must be defined as a build property
02-20 20:49:23.945  2156  2156 D         : HostConnection::get() New Host Connection established 0x72efaf853060, tid 2156
02-20 20:49:23.955  1913  1913 D SubscriptionInfoUpdater: Broadcasting intent ACTION_SIM_STATE_CHANGED LOADED reason null for mCardIndex: 0
02-20 20:49:23.956  1913  1913 D CarrierConfigLoader: update config for phoneId: 0 simState: LOADED
02-20 20:49:23.956  1654  1654 D WifiService: resetting networks because SIM was loaded
02-20 20:49:23.956  1913  1913 D CarrierSvcBindHelper: update binding for phoneId: 0 simState: LOADED
02-20 20:49:23.956  1654  1733 D WifiStateMachine: resetting EAP-SIM/AKA/AKA' networks since SIM was changed
02-20 20:49:23.963  2156  2156 I am_on_paused_called: [0,com.google.android.apps.nexuslauncher.NexusLauncherActivity,handleRelaunchActivity]
02-20 20:49:23.965  2156  2156 I am_on_stop_called: [0,com.google.android.apps.nexuslauncher.NexusLauncherActivity,destroy]
02-20 20:49:24.034  2156  2156 I am_on_resume_called: [0,com.google.android.apps.nexuslauncher.NexusLauncherActivity,handleRelaunchActivity]
02-20 20:49:24.036  2156  2221 V GridSizeMigrationTask: Workspace migration completed in 112
02-20 20:49:24.037  2156  2221 D Launcher.Model: loadWorkspace: loading default favorites
02-20 20:49:24.059  1913  1913 D SubscriptionController: [getActiveSubscriptionInfo]+ subId=1 subInfo={id=1, iccId=89014103211118510720 simSlotIndex=0 displayName=Android carrierName=Android nameSource=0 iconTint=-16746133 dataRoaming=0 iconBitmap=android.graphics.Bitmap@a0b0cba mcc 310 mnc 260}
