02-20 20:50:29.277  1648  1721 D VoldConnector: RCV <- {655 emulated /storage/emulated}
02-20 20:50:29.278  1648  1648 D WebViewFactory: Setting new address space to 137955392
02-20 20:50:29.284  1765  1765 W System  : ClassLoader referenced unknown path: /system/priv-app/SystemUIGoogle/lib/x86_64
02-20 20:50:29.292  1648  1648 I Zygote  : Process: zygote socket opened, supported ABIS: x86
02-20 20:50:29.293  1506  1506 I hostapd : wlan1: interface state COUNTRY_UPDATE->HT_SCAN
02-20 20:50:29.293  1648  1788 E WVMExtractor: Failed to open libwvm.so: dlopen failed: library "libwvm.so" not found
02-20 20:50:29.293  1360  1552 I art     : Starting a blocking GC HeapTrim
02-20 20:50:29.293     0     0 D ieee80211 phy1: mac80211_hwsim_config (freq=0 idle=1 ps=0 smps=auto)
02-20 20:50:29.293     0     0 D ieee80211 phy1: hwsim hw_scan request
02-20 20:50:29.293     0     0 D ieee80211 phy1: hw scan 2412 MHz
02-20 20:50:29.294  1360  1360 I art     : Starting a blocking GC Background
02-20 20:50:29.302  1791  1791 W sdcard  : Device explicitly disabled sdcardfs
02-20 20:50:29.314  1369  1369 I MediaPlayerService: MediaPlayerService::getOMX
02-20 20:50:29.315  1369  1369 I OMXClient: MuxOMX ctor
02-20 20:50:29.313     0     0 D SELinux : initialized (dev fuse, type fuse), uses genfs_contexts
02-20 20:50:29.314     0     0 D SELinux : initialized (dev fuse, type fuse), uses genfs_contexts
02-20 20:50:29.324  1369  1369 I MediaPlayerService: MediaPlayerService::getOMX
02-20 20:50:29.324  1369  1369 I OMXClient: MuxOMX ctor
02-20 20:50:29.325  1366  1366 I OMXMaster: makeComponentInstance(OMX.google.mp3.decoder) in mediacodec process
02-20 20:50:29.329  1648  1721 D VoldConnector: RCV <- {651 emulated 2}
02-20 20:50:29.329  1648  1721 D VoldConnector: RCV <- {200 5 Command succeeded}
02-20 20:50:29.329  1648  1720 D VoldConnector: SND -> {6 volume mount public:253,64 2 0}
02-20 20:50:29.329  1267  1303 V vold    : /system/bin/blkid
02-20 20:50:29.329  1267  1303 V vold    :     -c
02-20 20:50:29.329  1267  1303 V vold    :     /dev/null
02-20 20:50:29.329  1267  1303 V vold    :     -s
02-20 20:50:29.329  1267  1303 V vold    :     TYPE
02-20 20:50:29.329  1267  1303 V vold    :     -s
02-20 20:50:29.329  1267  1303 V vold    :     UUID
02-20 20:50:29.329  1267  1303 V vold    :     -s
02-20 20:50:29.329  1267  1303 V vold    :     LABEL
02-20 20:50:29.329  1267  1303 V vold    :     /dev/block/vold/public:253,64
02-20 20:50:29.329  1648  1721 D VoldConnector: RCV <- {651 public:253,64 1}
02-20 20:50:29.324     0     0 D SELinux : initialized (dev fuse, type fuse), uses genfs_contexts
02-20 20:50:29.351  1648  1648 W ActivityManager: Slow operation: 69ms so far, now at startProcess: returned from zygote!
02-20 20:50:29.351  1648  1648 W ActivityManager: Slow operation: 69ms so far, now at startProcess: done updating battery stats
02-20 20:50:29.351  1648  1648 I am_proc_start: [0,1800,1037,WebViewLoader-x86,,]
02-20 20:50:29.351  1648  1648 W ActivityManager: Slow operation: 69ms so far, now at startProcess: building log message
02-20 20:50:29.351  1648  1648 I ActivityManager: Start proc 1800:WebViewLoader-x86/1037 [android.webkit.WebViewFactory$RelroFileCreator] for 
02-20 20:50:29.351  1648  1648 W ActivityManager: Slow operation: 69ms so far, now at startProcess: starting to update pids map
02-20 20:50:29.351  1648  1648 W ActivityManager: Slow operation: 69ms so far, now at startProcess: done updating pids map
02-20 20:50:29.351  1648  1648 W ActivityManager: Slow operation: 69ms so far, now at startProcess: done starting proc!
02-20 20:50:29.363  1805  1805 W art     : Unexpected CPU variant for X86 using defaults: x86_64
02-20 20:50:29.365  1648  1648 I am_proc_start: [0,1805,1037,WebViewLoader-x86_64,,]
02-20 20:50:29.365  1648  1648 I ActivityManager: Start proc 1805:WebViewLoader-x86_64/1037 [android.webkit.WebViewFactory$RelroFileCreator] for 
02-20 20:50:29.366  1648  1648 D NetworkManagement: enabling bandwidth control
02-20 20:50:29.367  1369  1369 I MediaPlayerService: MediaPlayerService::getOMX
02-20 20:50:29.367  1369  1369 I OMXClient: MuxOMX ctor
02-20 20:50:29.367  1366  1808 I OMXMaster: makeComponentInstance(OMX.google.amrnb.decoder) in mediacodec process
02-20 20:50:29.372  1800  1800 W art     : Unexpected CPU variant for X86 using defaults: x86
02-20 20:50:29.377  1369  1369 I MediaPlayerService: MediaPlayerService::getOMX
02-20 20:50:29.377  1369  1369 I OMXClient: MuxOMX ctor
02-20 20:50:29.377  1366  1808 I OMXMaster: makeComponentInstance(OMX.google.amrwb.decoder) in mediacodec process
02-20 20:50:29.381  1805  1805 V WebViewFactory: RelroFileCreator (64bit = true),  32-bit lib: /system/app/Chrome/Chrome.apk!/lib/x86/libmonochrome.so, 64-bit lib: /system/app/Chrome/Chrome.apk!/lib/x86_64/libmonochrome.so
02-20 20:50:29.389  1369  1369 I MediaPlayerService: MediaPlayerService::getOMX
02-20 20:50:29.389  1800  1800 V WebViewFactory: RelroFileCreator (64bit = false),  32-bit lib: /system/app/Chrome/Chrome.apk!/lib/x86/libmonochrome.so, 64-bit lib: /system/app/Chrome/Chrome.apk!/lib/x86_64/libmonochrome.so
02-20 20:50:29.390  1369  1369 I OMXClient: MuxOMX ctor
02-20 20:50:29.390  1366  1366 I OMXMaster: makeComponentInstance(OMX.google.aac.decoder) in mediacodec process
02-20 20:50:29.392  1267  1303 V vold    : /dev/block/vold/public:253,64: LABEL="SDCARD" UUID="1E12-0B12" TYPE="vfat" 
02-20 20:50:29.392  1267  1303 V vold    : 
02-20 20:50:29.393  1267  1303 V vold    : /system/bin/fsck_msdos
02-20 20:50:29.393  1267  1303 V vold    :     -p
02-20 20:50:29.393  1267  1303 V vold    :     -f
02-20 20:50:29.393  1267  1303 V vold    :     /dev/block/vold/public:253,64
02-20 20:50:29.394  1648  1721 D VoldConnector: RCV <- {652 public:253,64 vfat}
02-20 20:50:29.394  1648  1721 D VoldConnector: RCV <- {653 public:253,64 1E12-0B12}
02-20 20:50:29.394  1648  1721 D VoldConnector: RCV <- {654 public:253,64 SDCARD}
02-20 20:50:29.409  1369  1369 I MediaPlayerService: MediaPlayerService::getOMX
02-20 20:50:29.409  1369  1369 I OMXClient: MuxOMX ctor
02-20 20:50:29.409  1366  1389 I OMXMaster: makeComponentInstance(OMX.google.g711.alaw.decoder) in mediacodec process
02-20 20:50:29.417     0     0 D ieee80211 phy1: hw scan 2417 MHz
02-20 20:50:29.432  1369  1369 I MediaPlayerService: MediaPlayerService::getOMX
02-20 20:50:29.440  1369  1369 I OMXClient: MuxOMX ctor
02-20 20:50:29.441  1366  1389 I OMXMaster: makeComponentInstance(OMX.google.g711.mlaw.decoder) in mediacodec process
02-20 20:50:29.465  1267  1303 I fsck_msdos: ** /dev/block/vold/public:253,64
02-20 20:50:29.465  1267  1303 I fsck_msdos: ** Phase 1 - Read and Compare FATs
02-20 20:50:29.465  1267  1303 I fsck_msdos: Attempting to allocate 1022 KB for FAT
02-20 20:50:29.490  1765  1765 V SystemUIService: Starting SystemUI services for user 0.
02-20 20:50:29.517  1648  1728 D WifiController: DEFERRED_TOGGLE handled
02-20 20:50:29.522  1267  1303 I fsck_msdos: Attempting to allocate 1022 KB for FAT
02-20 20:50:29.536  1765  1765 V MediaRouter: Adding route: RouteInfo{ name=Phone, description=null, status=null, category=RouteCategory{ name=null types=ROUTE_TYPE_LIVE_AUDIO ROUTE_TYPE_LIVE_VIDEO  groupable=false }, supportedTypes=ROUTE_TYPE_LIVE_AUDIO ROUTE_TYPE_LIVE_VIDEO , presentationDisplay=null }
02-20 20:50:29.539  1765  1765 V MediaRouter: Updating audio routes: AudioRoutesInfo{ type=SPEAKER }
02-20 20:50:29.541  1369  1369 I MediaPlayerService: MediaPlayerService::getOMX
02-20 20:50:29.541  1369  1369 I OMXClient: MuxOMX ctor
02-20 20:50:29.541  1366  1389 I OMXMaster: makeComponentInstance(OMX.google.vorbis.decoder) in mediacodec process
02-20 20:50:29.542  1765  1765 V MediaRouter: Selecting route: RouteInfo{ name=Phone, description=null, status=null, category=RouteCategory{ name=null types=ROUTE_TYPE_LIVE_AUDIO ROUTE_TYPE_LIVE_VIDEO  groupable=false }, supportedTypes=ROUTE_TYPE_LIVE_AUDIO ROUTE_TYPE_LIVE_VIDEO , presentationDisplay=null }
02-20 20:50:29.540     0     0 D ieee80211 phy1: hw scan 2422 MHz
02-20 20:50:29.564  1757  1757 I LatinIME: Hardware accelerated drawing: true
02-20 20:50:29.565  1648  1675 D TelephonyRegistry: listen oscl: hasNotifySubscriptionInfoChangedOccurred==false no callback
02-20 20:50:29.595  1267  1303 I fsck_msdos: ** Phase 2 - Check Cluster Chains
02-20 20:50:29.596  1267  1303 I fsck_msdos: ** Phase 3 - Checking Directories
02-20 20:50:29.597  1267  1303 I fsck_msdos: ** Phase 4 - Checking for Lost Files
02-20 20:50:29.598  1267  1303 I fsck_msdos: 27 files, 522176 free (261088 clusters)
02-20 20:50:29.608  1267  1303 I Vold    : Filesystem check completed OK
02-20 20:50:29.608  1648  1721 D VoldConnector: RCV <- {656 public:253,64 /mnt/media_rw/1E12-0B12}
02-20 20:50:29.608  1648  1721 D VoldConnector: RCV <- {655 public:253,64 /storage/1E12-0B12}
02-20 20:50:29.616  1267  1303 V vold    : Waiting for FUSE to spin up...
02-20 20:50:29.616  1369  1369 I MediaPlayerService: MediaPlayerService::getOMX
02-20 20:50:29.616  1369  1369 I OMXClient: MuxOMX ctor
02-20 20:50:29.616  1366  1389 I OMXMaster: makeComponentInstance(OMX.google.opus.decoder) in mediacodec process
02-20 20:50:29.612     0     0 W FAT-fs (vde): Volume was not properly unmounted. Some data may be corrupt. Please run fsck.
02-20 20:50:29.615     0     0 D SELinux : initialized (dev vde, type vfat), uses genfs_contexts
02-20 20:50:29.653  1853  1853 W sdcard  : Device explicitly disabled sdcardfs
02-20 20:50:29.657  1765  1855 E WVMExtractor: Failed to open libwvm.so: dlopen failed: library "libwvm.so" not found
02-20 20:50:29.659  1370  1687 D SoftapController: Softap fwReload - Ok
02-20 20:50:29.662  1800  1800 I art     : System.exit called, status: 0
02-20 20:50:29.662  1800  1800 I AndroidRuntime: VM exiting with result code 0, cleanup skipped.
02-20 20:50:29.667  1267  1303 V vold    : Waiting for FUSE to spin up...
02-20 20:50:29.668  1805  1805 I art     : System.exit called, status: 0
02-20 20:50:29.668  1805  1805 I AndroidRuntime: VM exiting with result code 0, cleanup skipped.
02-20 20:50:29.668  1369  1369 I MediaPlayerService: MediaPlayerService::getOMX
02-20 20:50:29.669  1369  1369 I OMXClient: MuxOMX ctor
02-20 20:50:29.669  1366  1389 I OMXMaster: makeComponentInstance(OMX.google.raw.decoder) in mediacodec process
02-20 20:50:29.660     0     0 D ieee80211 phy1: hw scan 2427 MHz
02-20 20:50:29.662     0     0 D SELinux : initialized (dev fuse, type fuse), uses genfs_contexts
02-20 20:50:29.664     0     0 D SELinux : initialized (dev fuse, type fuse), uses genfs_contexts
02-20 20:50:29.671  1369  1369 I MediaPlayerService: MediaPlayerService::getOMX
02-20 20:50:29.671  1369  1369 I OMXClient: MuxOMX ctor
02-20 20:50:29.671  1366  1808 I OMXMaster: makeComponentInstance(OMX.google.aac.encoder) in mediacodec process
02-20 20:50:29.670     0     0 D SELinux : initialized (dev fuse, type fuse), uses genfs_contexts
02-20 20:50:29.687  1369  1369 I MediaPlayerService: MediaPlayerService::getOMX
02-20 20:50:29.687  1369  1369 I OMXClient: MuxOMX ctor
02-20 20:50:29.687  1366  1808 I OMXMaster: makeComponentInstance(OMX.google.amrnb.encoder) in mediacodec process
02-20 20:50:29.693  1369  1369 I MediaPlayerService: MediaPlayerService::getOMX
02-20 20:50:29.694  1369  1369 I OMXClient: MuxOMX ctor
02-20 20:50:29.694  1366  1389 I OMXMaster: makeComponentInstance(OMX.google.amrwb.encoder) in mediacodec process
02-20 20:50:29.697  1369  1369 I MediaPlayerService: MediaPlayerService::getOMX
02-20 20:50:29.697  1369  1369 I OMXClient: MuxOMX ctor
02-20 20:50:29.697  1366  1366 I OMXMaster: makeComponentInstance(OMX.google.flac.encoder) in mediacodec process
02-20 20:50:29.718  1648  1721 D VoldConnector: RCV <- {651 public:253,64 2}
02-20 20:50:29.718  1648  1721 D VoldConnector: RCV <- {200 6 Command succeeded}
02-20 20:50:29.736  1369  1369 I MediaPlayerService: MediaPlayerService::getOMX
02-20 20:50:29.736  1369  1369 I OMXClient: MuxOMX ctor
02-20 20:50:29.736  1366  1366 I OMXMaster: makeComponentInstance(OMX.google.gsm.decoder) in mediacodec process
02-20 20:50:29.740  1757  1757 W InputAttributes: No editor info for this field. Bug?
02-20 20:50:29.761  1648  1648 W NetworkManagement: setDataSaverMode(): already false
02-20 20:50:29.763  1370  1687 D CommandListener: Setting iface cfg
02-20 20:50:29.763  1370  1687 D CommandListener: Trying to bring down wlan0
02-20 20:50:29.765  1370  1687 D CommandListener: Clearing all IP addresses on wlan0
02-20 20:50:29.771  1648  1729 E WifiMonitor: killSupplicant p2pfalse init.svc.wpa_supplicant=unknown init.svc.p2p_supplicant=unknown
02-20 20:50:29.772  1648  1729 E wifi    : Can not initialize the vendor function pointer table
02-20 20:50:29.772  1648  1729 E WifiNative-HAL: Could not start hal
02-20 20:50:29.772  1648  1729 E WifiStateMachine: Failed to start HAL
02-20 20:50:29.777  1648  1729 D WifiMonitor: startMonitoring(wlan0) with mConnected = false
02-20 20:50:29.777  1648  1729 E WifiHW  : Unable to open connection to supplicant on "@android:wpa_wlan0": No such file or directory
02-20 20:50:29.776     0     0 I init    : Starting service 'wpa_supplicant'...
02-20 20:50:29.781     0     0 D ieee80211 phy1: hw scan 2432 MHz
02-20 20:50:29.803  1369  1369 I MediaPlayerService: MediaPlayerService::getOMX
02-20 20:50:29.845     0     0 D ieee80211 phy0: mac80211_hwsim_start
02-20 20:50:29.845     0     0 D ieee80211 phy0: mac80211_hwsim_add_interface (type=2 mac_addr=02:00:00:44:55:66)
02-20 20:50:29.845     0     0 D ieee80211 phy0: mac80211_hwsim_bss_info_changed(changed=0xe)
02-20 20:50:29.845     0     0 D ieee80211 phy0: ERP_CTS_PROT: 0
02-20 20:50:29.845     0     0 D ieee80211 phy0: ERP_PREAMBLE: 0
02-20 20:50:29.845     0     0 D ieee80211 phy0: ERP_SLOT: 0
02-20 20:50:29.845     0     0 D ieee80211 phy0: mac80211_hwsim_conf_tx (queue=0 txop=0 cw_min=15 cw_max=1023 aifs=2)
02-20 20:50:29.845     0     0 D ieee80211 phy0: mac80211_hwsim_conf_tx (queue=1 txop=0 cw_min=15 cw_max=1023 aifs=2)
02-20 20:50:29.845     0     0 D ieee80211 phy0: mac80211_hwsim_conf_tx (queue=2 txop=0 cw_min=15 cw_max=1023 aifs=2)
02-20 20:50:29.845     0     0 D ieee80211 phy0: mac80211_hwsim_conf_tx (queue=3 txop=0 cw_min=15 cw_max=1023 aifs=2)
02-20 20:50:29.845     0     0 D ieee80211 phy0: mac80211_hwsim_bss_info_changed(changed=0x2000)
02-20 20:50:29.845     0     0 D ieee80211 phy0: mac80211_hwsim_config (freq=0 idle=0 ps=0 smps=auto)
02-20 20:50:29.845     0     0 I IPv6    : ADDRCONF(NETDEV_UP): wlan0: link is not ready
02-20 20:50:29.845     0     0 D ieee80211 phy0: mac80211_hwsim_configure_filter
02-20 20:50:29.803  1369  1369 I OMXClient: MuxOMX ctor
02-20 20:50:29.803  1366  1366 I OMXMaster: makeComponentInstance(OMX.google.mpeg4.decoder) in mediacodec process
02-20 20:50:29.810  1757  1891 I LatinIME:LogUtils: Dictionary info: dictionary = userunigram.en_US ; version = 1519159829 ; date = ?
02-20 20:50:29.811  1757  1891 E ActivityThread: Failed to find provider info for user_dictionary
02-20 20:50:29.813  1757  1891 I LatinIME:LogUtils: Dictionary info: dictionary = UserHistoryDictionary.en_US ; version = 1519159829 ; date = ?
02-20 20:50:29.828  1366  1389 E OMXNodeInstance: getExtensionIndex(556000f:google.mpeg4.decoder, OMX.google.android.index.configureVideoTunnelMode) ERROR: UnsupportedIndex(0x8000101a)
02-20 20:50:29.828  1366  1808 W OMXNodeInstance: [556000f:google.mpeg4.decoder] component does not support metadata mode; using fallback
02-20 20:50:29.831  1369  1369 I MediaPlayerService: MediaPlayerService::getOMX
02-20 20:50:29.831  1369  1369 I OMXClient: MuxOMX ctor
02-20 20:50:29.831  1366  1366 I OMXMaster: makeComponentInstance(OMX.google.h263.decoder) in mediacodec process
02-20 20:50:29.843  1888  1888 I wpa_supplicant: Successfully initialized wpa_supplicant
02-20 20:50:29.845  1888  1888 I wpa_supplicant: rfkill: Cannot open RFKILL control device
02-20 20:50:29.846  1888  1888 I wpa_supplicant: nl80211: Could not re-add multicast membership for vendor events: -2 (No such file or directory)
02-20 20:50:29.871  1648  1648 D NetworkPolicy: setRestrictBackgroundUL(): false
02-20 20:50:29.872  1648  1648 W NetworkManagement: setDataSaverMode(): already false
02-20 20:50:29.877  1765  1765 I vol.Events: writeEvent collection_started
02-20 20:50:29.883  1765  1900 I sysui_action: [213,2]
02-20 20:50:29.883  1765  1900 I vol.Events: writeEvent external_ringer_mode_changed normal
02-20 20:50:29.883  1765  1900 I vol.Events: writeEvent internal_ringer_mode_changed normal
02-20 20:50:29.887  1366  1808 E OMXNodeInstance: getExtensionIndex(5560010:google.h263.decoder, OMX.google.android.index.configureVideoTunnelMode) ERROR: UnsupportedIndex(0x8000101a)
02-20 20:50:29.887  1366  1389 W OMXNodeInstance: [5560010:google.h263.decoder] component does not support metadata mode; using fallback
02-20 20:50:29.892  1369  1369 I MediaPlayerService: MediaPlayerService::getOMX
02-20 20:50:29.892  1369  1369 I OMXClient: MuxOMX ctor
02-20 20:50:29.892  1366  1366 I OMXMaster: makeComponentInstance(OMX.google.h264.decoder) in mediacodec process
02-20 20:50:29.902     0     0 D ieee80211 phy1: hw scan 2437 MHz
02-20 20:50:29.926  1888  1888 E wpa_supplicant: global ctrl interface @android:wpa_wlan0 matches ctrl interface wlan0 - do not open per-interface ctrl interface
02-20 20:50:29.934  1757  1891 I LatinIME:LogUtils: Dictionary info: dictionary = main:en ; version = 54 ; date = 1414726273
02-20 20:50:29.943  1369  1369 W ACodec  : [OMX.google.h264.decoder] stopping checking profiles after 32: 2/8000
02-20 20:50:29.943  1366  1366 E OMXNodeInstance: getExtensionIndex(5560011:google.h264.decoder, OMX.google.android.index.configureVideoTunnelMode) ERROR: UnsupportedIndex(0x8000101a)
02-20 20:50:29.943  1366  1389 W OMXNodeInstance: [5560011:google.h264.decoder] component does not support metadata mode; using fallback
02-20 20:50:29.943  1369  1369 I MediaPlayerService: MediaPlayerService::getOMX
02-20 20:50:29.943  1369  1369 I OMXClient: MuxOMX ctor
02-20 20:50:29.944  1366  1808 I OMXMaster: makeComponentInstance(OMX.google.hevc.decoder) in mediacodec process
02-20 20:50:29.981  1366  1389 E OMXNodeInstance: getExtensionIndex(5560012:google.hevc.decoder, OMX.google.android.index.configureVideoTunnelMode) ERROR: UnsupportedIndex(0x8000101a)
02-20 20:50:29.981  1366  1389 W OMXNodeInstance: [5560012:google.hevc.decoder] component does not support metadata mode; using fallback
02-20 20:50:29.990  1369  1369 I MediaPlayerService: MediaPlayerService::getOMX
02-20 20:50:29.990  1369  1369 I OMXClient: MuxOMX ctor
02-20 20:50:29.990  1366  1808 I OMXMaster: makeComponentInstance(OMX.google.vp8.decoder) in mediacodec process
02-20 20:50:30.008  1648  1648 I SystemServiceManager: Starting phase 600
02-20 20:50:30.028  1648  1648 D SensorNotificationService: Cannot obtain dynamic meta sensor, not supported.
02-20 20:50:30.023     0     0 D ieee80211 phy1: hw scan 2442 MHz
02-20 20:50:30.034  1648  1747 I stream_devices_changed: [0,0,2]
02-20 20:50:30.034  1648  1747 I stream_devices_changed: [2,0,2]
02-20 20:50:30.034  1648  1747 I stream_devices_changed: [3,0,2]
02-20 20:50:30.035  1648  1747 I stream_devices_changed: [6,0,2]
02-20 20:50:30.036  1648  1747 I stream_devices_changed: [4,0,2]
02-20 20:50:30.036  1765  1900 I vol.Events: writeEvent level_changed STREAM_ALARM 6
02-20 20:50:30.036  1648  1725 I netstats_mobile_sample: [0,0,0,0,0,0,0,0,0,0,0,0,-1]
02-20 20:50:30.036  1648  1725 I netstats_wifi_sample: [0,0,0,0,0,0,0,0,0,0,0,0,-1]
02-20 20:50:30.041  1648  1648 D TelephonyRegistry: listen oscl: hasNotifySubscriptionInfoChangedOccurred==false no callback
02-20 20:50:30.041  1765  1900 I vol.Events: writeEvent level_changed STREAM_BLUETOOTH_SCO 7
02-20 20:50:30.042  1765  1900 I vol.Events: writeEvent level_changed STREAM_MUSIC 11
02-20 20:50:30.042  1765  1900 I vol.Events: writeEvent level_changed STREAM_RING 5
02-20 20:50:30.042  1765  1900 I vol.Events: writeEvent level_changed STREAM_SYSTEM 5
02-20 20:50:30.043  1765  1900 I vol.Events: writeEvent level_changed STREAM_VOICE_CALL 4
02-20 20:50:30.049  1366  1389 E OMXNodeInstance: getExtensionIndex(5560013:google.vp8.decoder, OMX.google.android.index.configureVideoTunnelMode) ERROR: UnsupportedIndex(0x8000101a)
02-20 20:50:30.049  1366  1366 W OMXNodeInstance: [5560013:google.vp8.decoder] component does not support metadata mode; using fallback
02-20 20:50:30.052  1648  1648 I GnssLocationProvider: WakeLock acquired by sendMessage(13, 0, null)
02-20 20:50:30.053  1648  1691 W WindowManager: Keyguard drawn timeout. Setting mKeyguardDrawComplete
02-20 20:50:30.054  1648  1648 W LocationProviderProxy-network: Odd, no component found for service com.android.location.service.v3.NetworkLocationProvider
02-20 20:50:30.055  1648  1648 W GeocoderProxy: Odd, no component found for service com.android.location.service.GeocodeProvider
02-20 20:50:30.056  1648  1648 E FlpHardwareProvider: Error hw_get_module 'flp': -2
02-20 20:50:30.056  1648  1648 D LocationManagerService: FLP HAL not supported
02-20 20:50:30.057  1648  1648 W GeofenceProxy: Odd, no component found for service com.android.location.service.GeofenceProvider
02-20 20:50:30.057  1648  1648 E ActivityRecognitionHardware: Error hw_get_module: -2
02-20 20:50:30.057  1648  1648 D LocationManagerService: Hardware Activity-Recognition not supported.
02-20 20:50:30.058  1648  1648 W ActivityRecognitionProxy: Odd, no component found for service com.android.location.service.ActivityRecognitionProvider
02-20 20:50:30.058  1648  1648 I GnssLocationProvider: WakeLock acquired by sendMessage(2, 1, null)
02-20 20:50:30.059  1648  1689 W GnssLocationProvider: Could not open GPS configuration file /etc/gps.conf
02-20 20:50:30.059  1648  1689 E GnssLocationProvider: no AGPS interface in set_agps_server
02-20 20:50:30.060  1369  1369 I MediaPlayerService: MediaPlayerService::getOMX
02-20 20:50:30.060  1369  1369 I OMXClient: MuxOMX ctor
02-20 20:50:30.060  1366  1808 I OMXMaster: makeComponentInstance(OMX.google.vp9.decoder) in mediacodec process
02-20 20:50:30.067  1648  1648 I CommonTimeManagementService: No common time service detected on this platform.  Common time services will be unavailable.
02-20 20:50:30.068  1648  1719 I InputReader: Reconfiguring input devices.  changes=0x00000020
02-20 20:50:30.068  1648  1648 D TelephonyRegistry: systemRunning register for intents
02-20 20:50:30.068  1648  1648 I MmsServiceBroker: Delay connecting to MmsService until an API is called
02-20 20:50:30.069  1648  1719 I InputReader: Reconfiguring input devices.  changes=0x00000010
02-20 20:50:30.093  1648  1689 D TelephonyRegistry: listen oscl: hasNotifySubscriptionInfoChangedOccurred==false no callback
02-20 20:50:30.103  1312  1844 E SurfaceFlinger: ro.sf.lcd_density must be defined as a build property
02-20 20:50:30.105  1366  1366 E OMXNodeInstance: getExtensionIndex(5560014:google.vp9.decoder, OMX.google.android.index.configureVideoTunnelMode) ERROR: UnsupportedIndex(0x8000101a)
02-20 20:50:30.105  1366  1389 W OMXNodeInstance: [5560014:google.vp9.decoder] component does not support metadata mode; using fallback
02-20 20:50:30.107  1369  1369 I MediaPlayerService: MediaPlayerService::getOMX
02-20 20:50:30.107  1369  1369 I OMXClient: MuxOMX ctor
02-20 20:50:30.107  1366  1808 I OMXMaster: makeComponentInstance(OMX.google.h263.encoder) in mediacodec process
02-20 20:50:30.110  1923  1923 W art     : Unexpected CPU variant for X86 using defaults: x86_64
02-20 20:50:30.115  1648  1648 I am_proc_start: [0,1923,1001,com.android.phone,added application,com.android.phone]
02-20 20:50:30.115  1648  1648 I ActivityManager: Start proc 1923:com.android.phone/1001 for added application com.android.phone
02-20 20:50:30.116  1648  1648 I ActivityManager: START u0 {act=android.intent.action.MAIN cat=[android.intent.category.HOME] flg=0x10000100 cmp=com.android.settings/.FallbackHome} from uid 0 on display 0
02-20 20:50:30.116  1648  1648 W System  : ClassLoader referenced unknown path: 
02-20 20:50:30.117  1648  1648 W System  : ClassLoader referenced unknown path: /system/priv-app/Settings/lib/x86_64
02-20 20:50:30.117  1648  1648 D ApplicationLoaders: ignored Vulkan layer search path /system/priv-app/Settings/lib/x86_64:/system/priv-app/Settings/Settings.apk!/lib/x86_64:/system/lib64:/vendor/lib64 for namespace 0x7c9b999a6160
02-20 20:50:30.128  1648  1648 I ActivityManager: Loaded persisted task ids for user 0
02-20 20:50:30.131  1648  1648 I am_create_task: [0,1]
02-20 20:50:30.131  1648  1648 I am_create_activity: [0,82516232,1,com.android.settings/.FallbackHome,android.intent.action.MAIN,NULL,NULL,276824320]
02-20 20:50:30.131  1366  1808 I SoftMPEG4Encoder: Construct SoftMPEG4Encoder
02-20 20:50:30.132  1369  1369 W ACodec  : do not know color format 0x7f000789 = 2130708361
02-20 20:50:30.132  1648  1648 I wm_task_created: [1,0]
02-20 20:50:30.132  1366  1366 E OMXNodeInstance: getConfig(5560015:google.h263.encoder, ConfigAndroidIntraRefresh(0x6f60000a)) ERROR: Undefined(0x80001001)
02-20 20:50:30.133  1648  1648 I wm_task_moved: [1,1,0]
02-20 20:50:30.134  1369  1369 I MediaPlayerService: MediaPlayerService::getOMX
02-20 20:50:30.134  1369  1369 I OMXClient: MuxOMX ctor
02-20 20:50:30.134  1366  1808 I OMXMaster: makeComponentInstance(OMX.google.h264.encoder) in mediacodec process
02-20 20:50:30.144     0     0 D ieee80211 phy1: hw scan 2447 MHz
02-20 20:50:30.165  1369  1369 W ACodec  : do not know color format 0x7f000789 = 2130708361
02-20 20:50:30.167  1369  1369 I MediaPlayerService: MediaPlayerService::getOMX
02-20 20:50:30.167  1369  1369 I OMXClient: MuxOMX ctor
02-20 20:50:30.167  1366  1366 I OMXMaster: makeComponentInstance(OMX.google.mpeg4.encoder) in mediacodec process
02-20 20:50:30.179  1648  1648 I wm_task_moved: [1,1,0]
02-20 20:50:30.180  1648  1648 I am_focused_activity: [0,com.android.settings/.FallbackHome,startedActivity]
02-20 20:50:30.189  1944  1944 W art     : Unexpected CPU variant for X86 using defaults: x86_64
02-20 20:50:30.192  1648  1648 I am_proc_start: [0,1944,1000,com.android.settings,activity,com.android.settings/.FallbackHome]
02-20 20:50:30.192  1648  1648 I ActivityManager: Start proc 1944:com.android.settings/1000 for activity com.android.settings/.FallbackHome
02-20 20:50:30.194  1648  1747 I am_proc_bound: [0,1923,com.android.phone]
02-20 20:50:30.206  1366  1366 I SoftMPEG4Encoder: Construct SoftMPEG4Encoder
02-20 20:50:30.206  1369  1369 W ACodec  : do not know color format 0x7f000789 = 2130708361
02-20 20:50:30.206  1366  1389 E OMXNodeInstance: getConfig(5560017:google.mpeg4.encoder, ConfigAndroidIntraRefresh(0x6f60000a)) ERROR: Undefined(0x80001001)
02-20 20:50:30.210  1648  1648 I SystemServer: Enabled StrictMode for system server main thread.
02-20 20:50:30.211  1648  1648 D ConditionProviders.SCP: onConnected
02-20 20:50:30.211  1648  1648 D ZenLog  : set_zen_mode: off,readXml
02-20 20:50:30.212  1765  1765 D         : HostConnection::get() New Host Connection established 0x7c9b8ac7f600, tid 1765
02-20 20:50:30.212  1648  1648 D ConditionProviders: Subscribing to condition://android/schedule?days=6.7&start=23.30&end=10.0&exitAtAlarm=false with ComponentInfo{android/com.android.server.notification.ScheduleConditionProvider}
02-20 20:50:30.212  1648  1648 D ZenLog  : subscribe: condition://android/schedule?days=6.7&start=23.30&end=10.0&exitAtAlarm=false,ok
02-20 20:50:30.212  1648  1648 D ConditionProviders: Subscribing to condition://android/event?userId=-10000&calendar=&reply=1 with ComponentInfo{android/com.android.server.notification.EventConditionProvider}
02-20 20:50:30.212  1648  1648 D ZenLog  : subscribe: condition://android/event?userId=-10000&calendar=&reply=1,ok
02-20 20:50:30.212  1648  1648 D ConditionProviders: Subscribing to condition://android/schedule?days=1.2.3.4.5&start=22.0&end=7.0&exitAtAlarm=false with ComponentInfo{android/com.android.server.notification.ScheduleConditionProvider}
02-20 20:50:30.212  1648  1648 D ZenLog  : subscribe: condition://android/schedule?days=1.2.3.4.5&start=22.0&end=7.0&exitAtAlarm=false,ok
02-20 20:50:30.214  1369  1369 I MediaPlayerService: MediaPlayerService::getOMX
02-20 20:50:30.214  1369  1369 I OMXClient: MuxOMX ctor
02-20 20:50:30.215  1366  1366 I OMXMaster: makeComponentInstance(OMX.google.vp8.encoder) in mediacodec process
02-20 20:50:30.217  1648  1939 I am_proc_bound: [0,1944,com.android.settings]
02-20 20:50:30.235  1648  1689 I GnssLocationProvider: WakeLock released by handleMessage(13, 0, null)
02-20 20:50:30.236  1648  1689 E GnssLocationProvider: no AGPS interface in set_agps_server
02-20 20:50:30.236  1648  1689 I GnssLocationProvider: WakeLock released by handleMessage(2, 1, null)
02-20 20:50:30.237  1648  1689 W LocationProviderProxy-network: Odd, no component found for service com.android.location.service.v3.NetworkLocationProvider
02-20 20:50:30.237  1648  1689 W GeocoderProxy: Odd, no component found for service com.android.location.service.GeocodeProvider
02-20 20:50:30.237  1648  1689 W GeofenceProxy: Odd, no component found for service com.android.location.service.GeofenceProvider
02-20 20:50:30.237  1648  1689 W ActivityRecognitionProxy: Odd, no component found for service com.android.location.service.ActivityRecognitionProvider
02-20 20:50:30.252  1923  1923 W System  : ClassLoader referenced unknown path: /system/priv-app/TeleService/lib/x86_64
02-20 20:50:30.268  1369  1369 W ACodec  : do not know color format 0x7f000789 = 2130708361
02-20 20:50:30.268  1366  1389 E OMXNodeInstance: getConfig(5560018:google.vp8.encoder, ConfigAndroidIntraRefresh(0x6f60000a)) ERROR: Undefined(0x80001001)
02-20 20:50:30.269  1369  1369 I MediaPlayerService: MediaPlayerService::getOMX
02-20 20:50:30.267     0     0 D ieee80211 phy1: hw scan 2452 MHz
02-20 20:50:30.269  1369  1369 I OMXClient: MuxOMX ctor
02-20 20:50:30.271  1369  1369 I MediaPlayerService: MediaPlayerService::getOMX
02-20 20:50:30.271  1369  1369 I OMXClient: MuxOMX ctor
02-20 20:50:30.271  1369  1369 W MediaCodecList: unable to open media codecs configuration xml file: /data/misc/media/media_codecs_profiling_results.xml
02-20 20:50:30.272  1369  1886 I MediaPlayerService: MediaPlayerService::getOMX
02-20 20:50:30.272  1369  1399 I MediaPlayerService: MediaPlayerService::getOMX
02-20 20:50:30.272  1765  1881 I OMXClient: MuxOMX ctor
02-20 20:50:30.272  1648  1793 I OMXClient: MuxOMX ctor
02-20 20:50:30.273  1366  1389 I OMXMaster: makeComponentInstance(OMX.google.vorbis.decoder) in mediacodec process
02-20 20:50:30.284  1312  1324 D PermissionCache: checking android.permission.READ_FRAME_BUFFER for uid=1000 => granted (4497 us)
02-20 20:50:30.298  1366  1366 I OMXMaster: makeComponentInstance(OMX.google.vorbis.decoder) in mediacodec process
02-20 20:50:30.322  1369  1399 I MediaPlayerService: MediaPlayerService::getOMX
02-20 20:50:30.322  1648  1977 I OMXClient: MuxOMX ctor
02-20 20:50:30.323  1366  1808 I OMXMaster: makeComponentInstance(OMX.google.vorbis.decoder) in mediacodec process
02-20 20:50:30.329  1369  1369 I MediaPlayerService: MediaPlayerService::getOMX
02-20 20:50:30.329  1765  1980 I OMXClient: MuxOMX ctor
02-20 20:50:30.329  1366  1808 I OMXMaster: makeComponentInstance(OMX.google.vorbis.decoder) in mediacodec process
02-20 20:50:30.339  1312  1324 D gralloc_ranchu: gralloc_alloc: Creating ashmem region of size 17051648
02-20 20:50:30.351  1369  1399 I MediaPlayerService: MediaPlayerService::getOMX
02-20 20:50:30.351  1648  1983 I OMXClient: MuxOMX ctor
02-20 20:50:30.352  1366  1366 I OMXMaster: makeComponentInstance(OMX.google.vorbis.decoder) in mediacodec process
02-20 20:50:30.363  1369  1369 I MediaPlayerService: MediaPlayerService::getOMX
02-20 20:50:30.364  1765  1986 I OMXClient: MuxOMX ctor
02-20 20:50:30.365  1366  1366 I OMXMaster: makeComponentInstance(OMX.google.vorbis.decoder) in mediacodec process
02-20 20:50:30.378  1369  1814 I MediaPlayerService: MediaPlayerService::getOMX
02-20 20:50:30.379  1648  1989 I OMXClient: MuxOMX ctor
02-20 20:50:30.381  1366  1366 I OMXMaster: makeComponentInstance(OMX.google.vorbis.decoder) in mediacodec process
02-20 20:50:30.380     0     0 D ieee80211 phy1: hw scan 2457 MHz
02-20 20:50:30.441  1648  1747 W art     : Long monitor contention with owner Binder:1648_4 (1939) at void com.android.server.wm.WindowManagerService.startAppFreezingScreen(android.os.IBinder, int)(WindowManagerService.java:4812) waiters=0 in int com.android.server.wm.WindowManagerService.addWindow(com.android.server.wm.Session, android.view.IWindow, int, android.view.WindowManager$LayoutParams, int, int, android.graphics.Rect, android.graphics.Rect, android.graphics.Rect, android.view.InputChannel) for 208ms
02-20 20:50:30.441  1648  1747 I dvm_lock_sample: [system_server,1,Binder:1648_3,208,WindowManagerService.java,1887,-,4812,41]
02-20 20:50:30.443  1648  1939 I am_restart_activity: [0,82516232,1,com.android.settings/.FallbackHome]
02-20 20:50:30.452  1648  1675 W art     : Long monitor contention with owner Binder:1648_4 (1939) at void com.android.server.am.ActivityManagerService.attachApplication(android.app.IApplicationThread)(ActivityManagerService.java:6669) waiters=2 in void com.android.server.am.ActivityManagerService.addPackageDependency(java.lang.String) for 152ms
02-20 20:50:30.452  1648  1675 I dvm_lock_sample: [system_server,1,Binder:1648_2,152,ActivityManagerService.java,5765,-,6669,30]
02-20 20:50:30.453  1648  1648 D RttService: SCAN_AVAILABLE : 1
02-20 20:50:30.453  1648  1648 D ZenLog  : set_zen_mode: off,cleanUpZenRules
02-20 20:50:30.458  1648  1735 I WifiScanningService: wifi driver unloaded
02-20 20:50:30.458  1648  1736 D RttService: DefaultState got{ when=-5ms what=160513 target=com.android.internal.util.StateMachine$SmHandler }
02-20 20:50:30.462  1923  1923 W System  : ClassLoader referenced unknown path: /system/priv-app/TelephonyProvider/lib/x86_64
02-20 20:50:30.462  1923  1923 D ApplicationLoaders: ignored Vulkan layer search path /system/priv-app/TelephonyProvider/lib/x86_64:/system/lib64:/vendor/lib64 for namespace 0x7c9b9993b0f0
02-20 20:50:30.472  1765  1765 D StorageNotification: Notifying about private volume: VolumeInfo{private}:
02-20 20:50:30.472  1765  1765 D StorageNotification:     type=PRIVATE diskId=null partGuid=null mountFlags=0 mountUserId=-1 
02-20 20:50:30.472  1765  1765 D StorageNotification:     state=MOUNTED 
02-20 20:50:30.472  1765  1765 D StorageNotification:     fsType=null fsUuid=null fsLabel=null 
02-20 20:50:30.472  1765  1765 D StorageNotification:     path=/data internalPath=null 
02-20 20:50:30.474  1765  1765 D StorageNotification: Notifying about public volume: VolumeInfo{public:253,64}:
02-20 20:50:30.474  1765  1765 D StorageNotification:     type=PUBLIC diskId=disk:253,64 partGuid=null mountFlags=VISIBLE 
02-20 20:50:30.474  1765  1765 D StorageNotification:     mountUserId=0 state=MOUNTED 
02-20 20:50:30.474  1765  1765 D StorageNotification:     fsType=vfat fsUuid=1E12-0B12 fsLabel=SDCARD 
02-20 20:50:30.474  1765  1765 D StorageNotification:     path=/storage/1E12-0B12 internalPath=/mnt/media_rw/1E12-0B12 
02-20 20:50:30.476  1648  1648 W System  : ClassLoader referenced unknown path: /system/priv-app/Telecom/lib/x86_64
02-20 20:50:30.478  1648  1648 D ApplicationLoaders: ignored Vulkan layer search path /system/priv-app/Telecom/lib/x86_64:/system/priv-app/Telecom/Telecom.apk!/lib/x86_64:/system/lib64:/vendor/lib64 for namespace 0x7c9b999a61d0
02-20 20:50:30.481  1369  1399 I MediaPlayerService: MediaPlayerService::getOMX
02-20 20:50:30.483  1944  1944 W System  : ClassLoader referenced unknown path: /system/priv-app/Settings/lib/x86_64
02-20 20:50:30.486  1648  1993 I OMXClient: MuxOMX ctor
02-20 20:50:30.488  1366  1972 I OMXMaster: makeComponentInstance(OMX.google.vorbis.decoder) in mediacodec process
02-20 20:50:30.503  1923  1923 D TelephonyProvider: dbh.onOpen: ok, queried table=siminfo
02-20 20:50:30.503  1923  1923 D TelephonyProvider: dbh.onOpen: ok, queried table=carriers
02-20 20:50:30.512     0     0 D ieee80211 phy1: hw scan 2462 MHz
02-20 20:50:30.565  1648  1648 E BluetoothAdapter: Bluetooth binder is null
02-20 20:50:30.570  1648  1648 I Telecom : SystemStateProvider: Registering car mode receiver: android.content.IntentFilter@484ae6b: TS.init@AAA
02-20 20:50:30.582  1944  1944 I am_on_resume_called: [0,com.android.settings.FallbackHome,LAUNCH_ACTIVITY]
02-20 20:50:30.586  1312  1375 E SurfaceFlinger: ro.sf.lcd_density must be defined as a build property
02-20 20:50:30.588  1923  1923 D TDC     : updateOrInsert: inserting: Modem { uuid=modem, state=0, rilModel=0, rat={}, maxActiveVoiceCall=1, maxActiveDataCall=1, maxStandby=1 }
02-20 20:50:30.588  1923  1923 D TDC     : updateOrInsert: inserting: Sim { uuid=sim, modemUuid=modem, state=0 }
02-20 20:50:30.602  1944  1944 D         : HostConnection::get() New Host Connection established 0x7c9b8ade5ee0, tid 1944
02-20 20:50:30.607  1648  1999 I Telecom : Telecom: Non-call EVENT: AUDIO_ROUTE, Entering state QuiescentEarpieceRoute
02-20 20:50:30.620  1923  1923 D CdmaSSM : subscriptionSource from settings: 0
02-20 20:50:30.620  1923  1923 I PhoneFactory: Cdma Subscription set to 0
02-20 20:50:30.628  1648  2000 I Telecom : CallAudioModeStateMachine: Message received: null.: TS.init->CAMSM.pM_1@AAA_0
02-20 20:50:30.629  1648  1648 E BluetoothAdapter: Bluetooth binder is null
02-20 20:50:30.629  1648  2002 E ActivityThread: Failed to find provider info for call_log
02-20 20:50:30.637  1648  1648 I Telecom : Class: TelecomSystem.INSTANCE being set
02-20 20:50:30.637  1648  1648 E BluetoothAdapter: Bluetooth binder is null
02-20 20:50:30.639  1648  1648 W ContextImpl: Calling a method in the system process without a qualified user: android.app.ContextImpl.startService:1357 com.android.server.content.SyncManager$13.run:658 android.os.Handler.handleCallback:751 android.os.Handler.dispatchMessage:95 android.os.Looper.loop:154 
02-20 20:50:30.646  1923  1923 I PhoneFactory: Network Mode set to 0
02-20 20:50:30.657  1312  1844 D         : HostConnection::get() New Host Connection established 0x76723841b3c0, tid 1844
02-20 20:50:30.659  1944  1998 D         : HostConnection::get() New Host Connection established 0x7c9b9522f040, tid 1998
02-20 20:50:30.632     0     0 D ieee80211 phy1: hw scan complete
02-20 20:50:30.632     0     0 D ieee80211 phy1: mac80211_hwsim_get_survey (idx=0)
02-20 20:50:30.669  1944  1998 I OpenGLRenderer: Initialized EGL, version 1.4
02-20 20:50:30.669  1944  1998 D OpenGLRenderer: Swap behavior 1
02-20 20:50:30.672  1923  1923 D RILJ    : RIL(context, preferredNetworkType=0 cdmaSubscription=0)
02-20 20:50:30.673  1923  1923 D RILJ    : Starting RILReceiver0 [SUB0]
02-20 20:50:30.677  1923  1923 D RILJ    : [3648]> GET_HARDWARE_CONFIG [SUB0]
02-20 20:50:30.677  1923  1923 D RilRequest: [3648]< GET_HARDWARE_CONFIG error: com.android.internal.telephony.CommandException: RADIO_NOT_AVAILABLE ret=
02-20 20:50:30.677  1923  1923 I PhoneFactory: Creating SubscriptionController
02-20 20:50:30.679  1371  1490 I RILC    : libril: new connection to RIL_SOCKET_1
02-20 20:50:30.679  1371  1490 I RILC    : RIL Daemon version: android reference-ril 1.0
02-20 20:50:30.680  1923  1923 D SubscriptionController: [SubscriptionController] init by Context
02-20 20:50:30.680  1923  2013 I RILJ    : (0) Connected to 'rild' socket
02-20 20:50:30.681  1923  2013 D RILJ    : [UNSL]< UNSOL_RIL_CONNECTED {12} [SUB0]
02-20 20:50:30.681  1923  2013 D RILJ    : [3649]> RADIO_POWER off [SUB0]
02-20 20:50:30.682  1923  2013 D RILJ    : [3650]> RIL_REQUEST_CDMA_SET_SUBSCRIPTION_SOURCE : 0 [SUB0]
02-20 20:50:30.682  1371  1490 D RIL     : onRequest: RADIO_POWER
02-20 20:50:30.682  1923  2013 D RILJ    : setCellInfoListRate: 2147483647 [SUB0]
02-20 20:50:30.682  1923  2013 D RILJ    : [3651]> RIL_REQUEST_SET_CELL_INFO_LIST_RATE [SUB0]
02-20 20:50:30.683  1371  1490 D RIL     : onRequest: CDMA_SET_SUBSCRIPTION_SOURCE
02-20 20:50:30.683  1923  2013 D RILJ    : [UNSL]< UNSOL_RESPONSE_RADIO_STATE_CHANGED RADIO_OFF [SUB0]
02-20 20:50:30.683  1923  2013 D RILJ    : [3652]> SCREEN_STATE: true [SUB0]
02-20 20:50:30.684  1371  1490 D RIL     : onRequest: SET_UNSOL_CELL_INFO_LIST_RATE
02-20 20:50:30.684  1923  2013 D RILJ    : [UNSL]< UNSOL_NITZ_TIME_RECEIVED 18/02/20:20:50:25+0:0:Unknown!Unknown [SUB0]
02-20 20:50:30.684  1923  2013 D RILJ    : [3649]< RADIO_POWER  [SUB0]
02-20 20:50:30.685  1371  1490 D RIL     : onRequest: SCREEN_STATE
02-20 20:50:30.685  1923  2013 D RilRequest: [3650]< RIL_REQUEST_CDMA_SET_SUBSCRIPTION_SOURCE error: com.android.internal.telephony.CommandException: RADIO_NOT_AVAILABLE ret=
02-20 20:50:30.685  1923  2013 D RilRequest: [3651]< RIL_REQUEST_SET_CELL_INFO_LIST_RATE error: com.android.internal.telephony.CommandException: RADIO_NOT_AVAILABLE ret=
02-20 20:50:30.685  1923  2013 D RilRequest: [3652]< SCREEN_STATE error: com.android.internal.telephony.CommandException: RADIO_NOT_AVAILABLE ret=
02-20 20:50:30.685  1923  1923 D UiccController: Creating UiccController
02-20 20:50:30.688  1923  1923 D TelephonyTester: register for intent action=com.android.internal.telephony.action_detached
02-20 20:50:30.688  1923  1923 D TelephonyTester: register for intent action=com.android.internal.telephony.action_attached
02-20 20:50:30.704  1506  1506 E hostapd : Using interface wlan1 with hwaddr 02:00:00:00:01:00 and ssid "AndroidWifi"
02-20 20:50:30.704  1506  1506 I hostapd : wlan1: interface state HT_SCAN->ENABLED
02-20 20:50:30.704  1506  1506 I hostapd : wlan1: AP-ENABLED 
02-20 20:50:30.706  1923  1923 D Phone   : mDoesRilSendMultipleCallRing=true
02-20 20:50:30.706  1923  1923 D Phone   : mCallRingDelay=3000
02-20 20:50:30.706  1648  1747 I StatusBarManagerService: registerStatusBar bar=com.android.internal.statusbar.IStatusBar$Stub$Proxy@f2eddb8
02-20 20:50:30.713  1944  1998 D EGL_emulation: eglCreateContext: 0x7c9b8adc1180: maj 3 min 0 rcv 3
02-20 20:50:30.704     0     0 D ieee80211 phy1: mac80211_hwsim_config (freq=0 idle=0 ps=0 smps=auto)
02-20 20:50:30.704     0     0 D ieee80211 phy1: add channel context control: 2447 MHz/width: 2/cfreqs:2437/0 MHz
02-20 20:50:30.704     0     0 D ieee80211 phy1: mac80211_hwsim_bss_info_changed(changed=0x40000)
02-20 20:50:30.704     0     0 D ieee80211 phy1: TX Power: 20 dBm
02-20 20:50:30.704     0     0 D ieee80211 phy1: mac80211_hwsim_bss_info_changed(changed=0x4000)
02-20 20:50:30.704     0     0 D ieee80211 phy1: change channel context control: 2447 MHz/width: 2/cfreqs:2437/0 MHz
02-20 20:50:30.704     0     0 D ieee80211 phy1: mac80211_hwsim_bss_info_changed(changed=0x88340)
02-20 20:50:30.704     0     0 D ieee80211 phy1: BCNINT: 100
02-20 20:50:30.704     0     0 D ieee80211 phy1: BCN EN: 1
02-20 20:50:30.704     0     0 D ieee80211 phy1: mac80211_hwsim_bss_info_changed(changed=0x3e)
02-20 20:50:30.704     0     0 D ieee80211 phy1: ERP_CTS_PROT: 0
02-20 20:50:30.704     0     0 D ieee80211 phy1: ERP_PREAMBLE: 0
02-20 20:50:30.704     0     0 D ieee80211 phy1: ERP_SLOT: 1
02-20 20:50:30.704     0     0 D ieee80211 phy1: HT: op_mode=0x0
02-20 20:50:30.704     0     0 D ieee80211 phy1: BASIC_RATES: 0xf
02-20 20:50:30.704     0     0 D ieee80211 phy1: mac80211_hwsim_conf_tx (queue=0 txop=47 cw_min=3 cw_max=7 aifs=1)
02-20 20:50:30.704     0     0 D ieee80211 phy1: mac80211_hwsim_bss_info_changed(changed=0x2000)
02-20 20:50:30.704     0     0 D ieee80211 phy1: mac80211_hwsim_conf_tx (queue=1 txop=94 cw_min=7 cw_max=15 aifs=1)
02-20 20:50:30.704     0     0 D ieee80211 phy1: mac80211_hwsim_bss_info_changed(changed=0x2000)
02-20 20:50:30.704     0     0 D ieee80211 phy1: mac80211_hwsim_conf_tx (queue=2 txop=0 cw_min=15 cw_max=63 aifs=3)
02-20 20:50:30.704     0     0 D ieee80211 phy1: mac80211_hwsim_bss_info_changed(changed=0x2000)
02-20 20:50:30.704     0     0 D ieee80211 phy1: mac80211_hwsim_conf_tx (queue=3 txop=0 cw_min=15 cw_max=1023 aifs=7)
02-20 20:50:30.704     0     0 D ieee80211 phy1: mac80211_hwsim_bss_info_changed(changed=0x2000)
02-20 20:50:30.704     0     0 I IPv6    : ADDRCONF(NETDEV_CHANGE): wlan1: link becomes ready
02-20 20:50:30.705     0     0 D ieee80211 phy1: mac80211_hwsim_configure_filter
02-20 20:50:30.715  1923  1923 D RILJ    : [3653]> RIL_REQUEST_START_LCE [SUB0]
02-20 20:50:30.717  1371  1490 D RIL     : onRequest: <unknown request>
02-20 20:50:30.717  1923  2013 D RilRequest: [3653]< RIL_REQUEST_START_LCE error: com.android.internal.telephony.CommandException: RADIO_NOT_AVAILABLE ret=
02-20 20:50:30.717  1369  1399 I MediaPlayerService: MediaPlayerService::getOMX
02-20 20:50:30.717  1648  2019 I OMXClient: MuxOMX ctor
02-20 20:50:30.718  1366  2005 I OMXMaster: makeComponentInstance(OMX.google.vorbis.decoder) in mediacodec process
02-20 20:50:30.719  1648  1648 W System  : ClassLoader referenced unknown path: /system/priv-app/FusedLocation/lib/x86_64
02-20 20:50:30.719  1648  1648 D ApplicationLoaders: ignored Vulkan layer search path /system/priv-app/FusedLocation/lib/x86_64:/system/priv-app/FusedLocation/FusedLocation.apk!/lib/x86_64:/system/lib64:/vendor/lib64 for namespace 0x7c9b999a6240
02-20 20:50:30.723  1923  1923 E RIL_ImsSms: getFormat should never be called from here!
02-20 20:50:30.723  1923  1923 D SMSDispatcher: SMSDispatcher: ctor mSmsCapable=true format=unknown mSmsSendDisabled=false
02-20 20:50:30.723  1923  1923 D RIL_ImsSms: ImsSMSDispatcher created
02-20 20:50:30.724  1923  1923 D SMSDispatcher: SMSDispatcher: ctor mSmsCapable=true format=3gpp2 mSmsSendDisabled=false
02-20 20:50:30.724  1923  1923 D CdmaSMSDispatcher: CdmaSMSDispatcher created
02-20 20:50:30.736  1923  1923 D GsmInboundSmsHandler: created InboundSmsHandler
02-20 20:50:30.742  1648  1648 D GpsNetInitiatedHandler: location enabled :true
02-20 20:50:30.743  1648  1648 V WiredAccessoryManager: notifyWiredAccessoryChanged: when=0 bits= mask=54
02-20 20:50:30.743  1648  1648 V WiredAccessoryManager: newName=h2w newState=0 headsetState=0 prev headsetState=0
02-20 20:50:30.743  1648  1648 E WiredAccessoryManager: No state change.
02-20 20:50:30.743  1648  1648 V WiredAccessoryManager: init()
02-20 20:50:30.762  1923  1923 D CdmaInboundSmsHandler: created InboundSmsHandler
02-20 20:50:30.763  1648  1648 W VibratorService: Tried to stop vibrating but there is no vibrator device.
02-20 20:50:30.765  1648  1648 D ConditionProviders.SCP: onSubscribe condition://android/schedule?days=6.7&start=23.30&end=10.0&exitAtAlarm=false
02-20 20:50:30.765  1648  1648 D ConditionProviders.SCP: setRegistered true
02-20 20:50:30.766  1648  1648 D ConditionProviders.SCP: notifyCondition condition://android/schedule?days=6.7&start=23.30&end=10.0&exitAtAlarm=false STATE_FALSE reason=!meetsSchedule
02-20 20:50:30.777  1944  1998 D EGL_emulation: eglMakeCurrent: 0x7c9b8adc1180: ver 3 0 (tinfo 0x7c9b8ade27a0)
02-20 20:50:30.786  1648  1648 D ConditionProviders.SCP: Scheduling evaluate for Tue Feb 20 23:30:00 GMT+00:00 2018 (1519169400000), in +2h39m29s234ms, now=Tue Feb 20 20:50:30 GMT+00:00 2018 (1519159830766)
02-20 20:50:30.786  1648  1648 D ConditionProviders.SCP: onSubscribe condition://android/schedule?days=1.2.3.4.5&start=22.0&end=7.0&exitAtAlarm=false
02-20 20:50:30.786  1648  1648 D ConditionProviders.SCP: notifyCondition condition://android/schedule?days=6.7&start=23.30&end=10.0&exitAtAlarm=false STATE_FALSE reason=!meetsSchedule
02-20 20:50:30.786  1648  1648 D ConditionProviders.SCP: notifyCondition condition://android/schedule?days=1.2.3.4.5&start=22.0&end=7.0&exitAtAlarm=false STATE_FALSE reason=!meetsSchedule
02-20 20:50:30.786  1648  1648 D ConditionProviders.SCP: Scheduling evaluate for Tue Feb 20 22:00:00 GMT+00:00 2018 (1519164000000), in +1h9m29s214ms, now=Tue Feb 20 20:50:30 GMT+00:00 2018 (1519159830786)
02-20 20:50:30.787  1648  1648 I notification_enqueue: [10028,1765,com.android.systemui,1397773634,public:253,64,-1,Notification(pri=0 contentView=null vibrate=null sound=null defaults=0x0 flags=0x100 color=0xff607d8b category=sys actions=2 vis=PUBLIC),0]
02-20 20:50:30.791  1648  1648 I Telecom : WiredHeadsetManager: ACTION_HEADSET_PLUG event, plugged in: false, : WHC.oADA@AAE
02-20 20:50:30.791  1923  1923 D SMSDispatcher: SMSDispatcher: ctor mSmsCapable=true format=3gpp mSmsSendDisabled=false
02-20 20:50:30.791  1923  1923 D GsmSMSDispatcher: GsmSMSDispatcher created
02-20 20:50:30.797  1648  1648 I ActivityManager: user 0 is still locked. Cannot load recents
02-20 20:50:30.797  1923  2021 D GsmInboundSmsHandler: StartupState.processMessage:6
02-20 20:50:30.797  1923  2021 D GsmInboundSmsHandler: entering Idle state
02-20 20:50:30.797  1923  2023 D CdmaInboundSmsHandler: StartupState.processMessage:6
02-20 20:50:30.797  1923  2023 D CdmaInboundSmsHandler: entering Idle state
02-20 20:50:30.798  1923  1923 D IccCardProxy: ctor: ci=com.android.internal.telephony.RIL@46cc80d phoneId=0
02-20 20:50:30.799  1923  1923 D CdmaSSM : subscriptionSource from settings: 0
02-20 20:50:30.799  1923  1923 D CdmaSSM : cdmaSSM constructor: 0
02-20 20:50:30.799  1923  1923 D IccCardProxy: update icc_operator_numeric=
02-20 20:50:30.799  1923  1923 D TelephonyManager: setTelephonyProperty: success phoneId=0 property=gsm.sim.operator.numeric value:  propVal=
02-20 20:50:30.799  1923  1923 D TelephonyManager: setTelephonyProperty: success phoneId=0 property=gsm.sim.operator.iso-country value:  propVal=
02-20 20:50:30.799  1648  1729 D WifiConfigManager: Loading config and enabling all networks 
02-20 20:50:30.799  1923  1923 D TelephonyManager: setTelephonyProperty: success phoneId=0 property=gsm.sim.operator.alpha value:  propVal=
02-20 20:50:30.800  1923  1923 E IccCardProxy: setExternalState: set mPhoneId=0 mExternalState=NOT_READY
02-20 20:50:30.800  1923  1923 D TelephonyManager: setTelephonyProperty: success phoneId=0 property=gsm.sim.state value: NOT_READY propVal=NOT_READY
