02-20 19:31:14.755     0     0 I init    : write_file: Unable to open '/sys/class/android_usb/android0/enable': No such file or directory
02-20 19:31:14.755     0     0 I init    : write_file: Unable to open '/sys/class/android_usb/android0/idVendor': No such file or directory
02-20 19:31:14.755     0     0 I init    : write_file: Unable to open '/sys/class/android_usb/android0/idProduct': No such file or directory
02-20 19:31:14.755     0     0 I init    : write_file: Unable to open '/sys/class/android_usb/android0/functions': No such file or directory
02-20 19:31:14.755     0     0 I init    : write_file: Unable to open '/sys/class/android_usb/android0/enable': No such file or directory
02-20 19:31:14.755     0     0 I init    : Starting service 'adbd'...
02-20 19:31:14.755     0     0 I init    : Starting service 'exec 2 (/system/bin/vdc)'...
02-20 19:31:14.762     0     0 I binder  : 1307:1307 transaction failed 29189, size 0-0
02-20 19:31:14.766  1309  1309 I qemu-props: connected to 'boot-properties' qemud service.
02-20 19:31:14.766  1309  1309 I qemu-props: receiving..
02-20 19:31:14.766  1309  1309 I qemu-props: received: ro.opengles.version=196608
02-20 19:31:14.768  1267  1304 D VoldCryptCmdListener: cryptfs mountdefaultencrypted
02-20 19:31:14.769  1309  1309 I qemu-props: receiving..
02-20 19:31:14.769  1309  1309 I qemu-props: received: qemu.sf.fake_camera=back
02-20 19:31:14.769     0     0 I init    : Service 'logd-reinit' (pid 1306) exited with status 0
02-20 19:31:14.770     0     0 I init    : Service 'exec 2 (/system/bin/vdc)' (pid 1315) exited with status 0
02-20 19:31:14.772     0     0 I init    : write_file: Unable to open '/sys/class/android_usb/android0/enable': No such file or directory
02-20 19:31:14.774  1267  1319 I Cryptfs : cryptfs_check_passwd
02-20 19:31:14.775  1267  1319 D Cryptfs : crypt_ftr->fs_size = 2097152
02-20 19:31:14.775  1267  1319 I Cryptfs : Using scrypt for cryptfs KDF
02-20 19:31:14.775  1310  1310 I lowmemorykiller: Using in-kernel low memory killer interface
02-20 19:31:14.782  1309  1309 I qemu-props: receiving..
02-20 19:31:14.783  1309  1309 I qemu-props: received: dalvik.vm.heapsize=512m
02-20 19:31:14.783     0     0 I init    : write_file: Unable to open '/sys/class/android_usb/android0/idVendor': No such file or directory
02-20 19:31:14.783  1309  1309 I qemu-props: receiving..
02-20 19:31:14.783  1309  1309 I qemu-props: received: qemu.hw.mainkeys=0
02-20 19:31:14.783     0     0 I init    : write_file: Unable to open '/sys/class/android_usb/android0/idProduct': No such file or directory
02-20 19:31:14.784  1309  1309 I qemu-props: receiving..
02-20 19:31:14.784  1309  1309 I qemu-props: received: qemu.sf.lcd_density=640
02-20 19:31:14.784     0     0 I init    : write_file: Unable to open '/sys/class/android_usb/android0/functions': No such file or directory
02-20 19:31:14.785  1309  1309 I qemu-props: receiving..
02-20 19:31:14.785  1309  1309 I qemu-props: exiting (5 properties set).
02-20 19:31:14.785     0     0 I init    : write_file: Unable to open '/sys/class/android_usb/android0/enable': No such file or directory
02-20 19:31:14.786     0     0 I init    : Service 'qemu-props' (pid 1309) exited with status 0
02-20 19:31:14.787     0     0 I init    : write_file: Unable to open '/sys/class/android_usb/android0/enable': No such file or directory
02-20 19:31:14.788     0     0 I init    : write_file: Unable to open '/sys/class/android_usb/android0/idVendor': No such file or directory
02-20 19:31:14.789     0     0 I init    : write_file: Unable to open '/sys/class/android_usb/android0/idProduct': No such file or directory
02-20 19:31:14.790     0     0 I init    : write_file: Unable to open '/sys/class/android_usb/android0/functions': No such file or directory
02-20 19:31:14.791     0     0 I init    : write_file: Unable to open '/sys/class/android_usb/android0/enable': No such file or directory
02-20 19:31:14.832     0     0 I init    : Service 'ranchu-setup' (pid 1308) exited with status 0
02-20 19:31:14.847  1312  1312 I SurfaceFlinger: SurfaceFlinger is starting
02-20 19:31:14.847  1312  1312 I SurfaceFlinger: SurfaceFlinger's main thread ready to run. Initializing graphics H/W...
02-20 19:31:14.847  1312  1312 D libEGL  : Emulator has host GPU support, qemu.gles is set to 1.
02-20 19:31:14.848  1312  1312 E libEGL  : load_driver(/system/lib64/egl/libGLES_emulation.so): dlopen failed: library "/system/lib64/egl/libGLES_emulation.so" not found
02-20 19:31:14.852  1312  1312 D libEGL  : loaded /system/lib64/egl/libEGL_emulation.so
02-20 19:31:14.854  1312  1312 D libEGL  : loaded /system/lib64/egl/libGLESv1_CM_emulation.so
02-20 19:31:14.859  1312  1312 D libEGL  : loaded /system/lib64/egl/libGLESv2_emulation.so
02-20 19:31:14.862  1312  1312 D         : HostConnection::get() New Host Connection established 0x706a0722d540, tid 1312
02-20 19:31:14.868  1312  1312 E SurfaceFlinger: hwcomposer module not found
02-20 19:31:14.868  1312  1312 I SurfaceFlinger: EGL information:
02-20 19:31:14.868  1312  1312 I SurfaceFlinger: vendor    : Android
02-20 19:31:14.868  1312  1312 I SurfaceFlinger: version   : 1.4 Android META-EGL
02-20 19:31:14.868  1312  1312 I SurfaceFlinger: extensions: EGL_KHR_get_all_proc_addresses EGL_ANDROID_presentation_time EGL_KHR_swap_buffers_with_damage EGL_ANDROID_create_native_client_buffer EGL_ANDROID_front_buffer_auto_refresh EGL_KHR_image EGL_KHR_image_base EGL_KHR_gl_texture_2D_image EGL_KHR_fence_sync EGL_KHR_create_context EGL_ANDROID_image_native_buffer EGL_ANDROID_recordable 
02-20 19:31:14.868  1312  1312 I SurfaceFlinger: Client API: OpenGL_ES
02-20 19:31:14.868  1312  1312 I SurfaceFlinger: EGLSurface: 8-8-8-8, config=0x2
02-20 19:31:14.869  1312  1312 D EGL_emulation: eglCreateContext: 0x706a07242140: maj 3 min 0 rcv 3
02-20 19:31:14.870  1312  1312 D EGL_emulation: eglMakeCurrent: 0x706a07242140: ver 3 0 (tinfo 0x706a07265000)
02-20 19:31:14.876  1312  1312 I SurfaceFlinger: OpenGL ES informations:
02-20 19:31:14.876  1312  1312 I SurfaceFlinger: vendor    : Google (Google Inc.)
02-20 19:31:14.876  1312  1312 I SurfaceFlinger: renderer  : Android Emulator OpenGL ES Translator (Google SwiftShader)
02-20 19:31:14.876  1312  1312 I SurfaceFlinger: version   : OpenGL ES 3.0 (OpenGL ES 3.0 SwiftShader 4.0.0.0)
02-20 19:31:14.876  1312  1312 I SurfaceFlinger: extensions: GL_EXT_debug_marker GL_OES_EGL_image GL_OES_EGL_image_external GL_OES_depth24 GL_OES_depth32 GL_OES_element_index_uint GL_OES_texture_float GL_OES_texture_float_linear GL_OES_compressed_paletted_texture GL_OES_compressed_ETC1_RGB8_texture GL_OES_depth_texture GL_OES_texture_half_float GL_OES_texture_half_float_linear GL_OES_packed_depth_stencil GL_OES_vertex_half_float GL_OES_standard_derivatives GL_OES_texture_npot GL_OES_rgb8_rgba8 GL_EXT_color_buffer_float ANDROID_EMU_CHECKSUM_HELPER_v1 ANDROID_EMU_native_sync_v2 ANDROID_EMU_dma_v1 ANDROID_EMU_gles_max_version_3_0 GL_OES_vertex_array_object 
02-20 19:31:14.876  1312  1312 I SurfaceFlinger: GL_MAX_TEXTURE_SIZE = 8192
02-20 19:31:14.876  1312  1312 I SurfaceFlinger: GL_MAX_VIEWPORT_DIMS = 8192
02-20 19:31:14.877  1312  1312 D gralloc_ranchu: gralloc_alloc: Creating ashmem region of size 4096
02-20 19:31:14.895  1312  1312 D EGL_emulation: eglMakeCurrent: 0x706a07242140: ver 3 0 (tinfo 0x706a07265000)
02-20 19:31:14.980  1267  1319 I Cryptfs : Enabling support for allow_discards in dmcrypt.
02-20 19:31:14.980     0     0 I bio     : create slab <bio-1> at 1
02-20 19:31:14.981  1267  1271 D vold    : Disk at 252:0 changed
02-20 19:31:15.003  1346  1346 I auditd  : type=1400 audit(0.0:5): avc: denied { getattr } for comm="bootanimation" path="/vendor" dev="rootfs" ino=3997 scontext=u:r:bootanim:s0 tcontext=u:object_r:rootfs:s0 tclass=lnk_file permissive=0
02-20 19:31:15.003  1346  1346 W bootanimation: type=1400 audit(0.0:5): avc: denied { getattr } for path="/vendor" dev="rootfs" ino=3997 scontext=u:r:bootanim:s0 tcontext=u:object_r:rootfs:s0 tclass=lnk_file permissive=0
02-20 19:31:15.011  1312  1312 D SurfaceFlinger: shader cache generated - 24 shaders in 116.217667 ms
02-20 19:31:15.012     0     0 I init    : Starting service 'bootanim'...
02-20 19:31:15.013  1312  1312 D SurfaceFlinger: Set power mode=2, type=0 flinger=0x706a07247000
02-20 19:31:15.155  1267  1319 I Cryptfs : Password matches
02-20 19:31:15.156  1267  1319 D Cryptfs : test_mount_encrypted_fs(): Master key saved
02-20 19:31:15.161  1267  1319 I Cryptfs : keymaster module name is Keymaster OpenSSL HAL
02-20 19:31:15.161  1267  1319 I Cryptfs : keymaster version is 2
02-20 19:31:15.161  1267  1319 I Cryptfs : Found keymaster0 module, using keymaster0 API.
02-20 19:31:15.161  1267  1319 D Cryptfs : Password is default - restarting filesystem
02-20 19:31:15.161  1267  1319 D Cryptfs : unmounting /data succeeded
02-20 19:31:15.161     0     0 W EXT4-fs (dm-0): Ignoring removed nomblk_io_submit option
02-20 19:31:15.220  1312  1312 D gralloc_ranchu: gralloc_alloc: Creating ashmem region of size 4096
02-20 19:31:15.275     0     0 I EXT4-fs (dm-0): 2 orphan inodes deleted
02-20 19:31:15.276     0     0 I EXT4-fs (dm-0): recovery complete
02-20 19:31:15.284     0     0 I EXT4-fs (dm-0): mounted filesystem with ordered data mode. Opts: errors=remount-ro,nomblk_io_submit
02-20 19:31:15.285     0     0 D SELinux : initialized (dev dm-0, type ext4), uses xattr
02-20 19:31:15.285     0     0 I fs_mgr  : check_fs(): mount(/dev/block/dm-0,/data,ext4)=0: Success
02-20 19:31:15.287     0     0 I fs_mgr  : check_fs(): unmount(/data) succeeded
02-20 19:31:15.288     0     0 I fs_mgr  : Running /system/bin/e2fsck on /dev/block/dm-0
02-20 19:31:15.457  1312  1324 E SurfaceFlinger: ro.sf.lcd_density must be defined as a build property
02-20 19:31:15.563  1346  1353 D libEGL  : Emulator has host GPU support, qemu.gles is set to 1.
02-20 19:31:15.564  1346  1353 E libEGL  : load_driver(/system/lib64/egl/libGLES_emulation.so): dlopen failed: library "/system/lib64/egl/libGLES_emulation.so" not found
02-20 19:31:15.573     0     0 I e2fsck  : e2fsck 1.42.9 (28-Dec-2013)
02-20 19:31:15.575  1346  1353 D libEGL  : loaded /system/lib64/egl/libEGL_emulation.so
02-20 19:31:15.575     0     0 I e2fsck  : Pass 1: Checking inodes, blocks, and sizes
02-20 19:31:15.577     0     0 I e2fsck  : Pass 2: Checking directory structure
02-20 19:31:15.577  1346  1353 D libEGL  : loaded /system/lib64/egl/libGLESv1_CM_emulation.so
02-20 19:31:15.577     0     0 I e2fsck  : Pass 3: Checking directory connectivity
02-20 19:31:15.578     0     0 I e2fsck  : Pass 4: Checking reference counts
02-20 19:31:15.579     0     0 I e2fsck  : Pass 5: Checking group summary information
02-20 19:31:15.586     0     0 I e2fsck  : /dev/block/dm-0: 2620/65536 files (7.8% non-contiguous), 50800/262144 blocks
02-20 19:31:15.588     0     0 W EXT4-fs (dm-0): Ignoring removed nomblk_io_submit option
02-20 19:31:15.588  1346  1353 D libEGL  : loaded /system/lib64/egl/libGLESv2_emulation.so
02-20 19:31:15.590     0     0 I EXT4-fs (dm-0): mounted filesystem with ordered data mode. Opts: nomblk_io_submit,errors=panic
02-20 19:31:15.591     0     0 D SELinux : initialized (dev dm-0, type ext4), uses xattr
02-20 19:31:15.591     0     0 I fs_mgr  : __mount(source=/dev/block/dm-0,target=/data,type=ext4)=0
02-20 19:31:15.593  1346  1353 D         : HostConnection::get() New Host Connection established 0x75528a42f8e0, tid 1353
02-20 19:31:15.594     0     0 I init    : (Loading properties from /data/local.prop took 0.00s.)
02-20 19:31:15.598  1312  1324 D         : HostConnection::get() New Host Connection established 0x706a06e1b360, tid 1324
02-20 19:31:15.627     0     0 I init    : Starting service 'logd-reinit'...
02-20 19:31:15.627  1267  1319 D Cryptfs : Just triggered post_fs_data
02-20 19:31:15.628     0     0 I init    : Not bootcharting.
02-20 19:31:15.635     0     0 I logd.daemon: reinit
02-20 19:31:15.637     0     0 I init    : Service 'logd-reinit' (pid 1356) exited with status 0
02-20 19:31:15.637  1346  1353 D EGL_emulation: eglCreateContext: 0x75528a47ab40: maj 1 min 0 rcv 1
02-20 19:31:15.648  1267  1304 D vold    : e4crypt_init_user0
02-20 19:31:15.648  1267  1304 D vold    : e4crypt_prepare_user_storage for volume null, user 0, serial 0, flags 1
02-20 19:31:15.648  1267  1304 D vold    : Preparing: /data/system/users/0
02-20 19:31:15.649  1267  1304 D vold    : Preparing: /data/misc/profiles/cur/0
02-20 19:31:15.649  1267  1304 D vold    : Preparing: /data/misc/profiles/cur/0/foreign-dex
02-20 19:31:15.649  1267  1304 D vold    : Preparing: /data/system_de/0
02-20 19:31:15.650  1267  1304 D vold    : Preparing: /data/misc_de/0
02-20 19:31:15.650  1267  1304 D vold    : Preparing: /data/user_de/0
02-20 19:31:15.651  1267  1304 D vold    : e4crypt_unlock_user_key 0 serial=0 token_present=0
02-20 19:31:15.651     1     1 I vdc     : 200 1357 Command succeeded
02-20 19:31:15.653  1361  1361 I auditd  : type=1400 audit(0.0:6): avc: denied { getattr } for comm="bootstat" path="/vendor" dev="rootfs" ino=3997 scontext=u:r:bootstat:s0 tcontext=u:object_r:rootfs:s0 tclass=lnk_file permissive=0
02-20 19:31:15.653  1361  1361 W bootstat: type=1400 audit(0.0:6): avc: denied { getattr } for path="/vendor" dev="rootfs" ino=3997 scontext=u:r:bootstat:s0 tcontext=u:object_r:rootfs:s0 tclass=lnk_file permissive=0
02-20 19:31:15.653     0     0 I init    : Starting service 'exec 3 (/system/bin/tzdatacheck)'...
02-20 19:31:15.656  1359  1359 I /system/bin/tzdatacheck: tzdata file /data/misc/zoneinfo/current/tzdata does not exist. No action required.
02-20 19:31:15.657     0     0 I init    : Service 'exec 3 (/system/bin/tzdatacheck)' (pid 1359) exited with status 0
02-20 19:31:15.659     0     0 I init    : Starting service 'exec 4 (/system/bin/bootstat)'...
02-20 19:31:15.663  1346  1353 D EGL_emulation: eglMakeCurrent: 0x75528a47ab40: ver 1 0 (tinfo 0x75528a4a9620)
02-20 19:31:15.672  1361  1361 I bootstat: Service started: /system/bin/bootstat -r post_decrypt_time_elapsed 
02-20 19:31:15.673     0     0 I init    : Service 'exec 4 (/system/bin/bootstat)' (pid 1361) exited with status 0
02-20 19:31:15.678  1267  1319 D Cryptfs : post_fs_data done
02-20 19:31:15.678  1267  1319 D Cryptfs : Just triggered restart_framework
02-20 19:31:15.678     0     0 E init    : cannot find '/system/bin/update_verifier' (No such file or directory), disabling 'exec 5 (/system/bin/update_verifier)'
02-20 19:31:15.679     0     0 E init    : cannot find '/system/bin/install-recovery.sh' (No such file or directory), disabling 'flash_recovery'
02-20 19:31:15.681     0     0 I init    : Starting service 'zygote'...
02-20 19:31:15.682     0     0 I init    : Starting service 'zygote_secondary'...
02-20 19:31:15.682     0     0 I init    : Starting service 'audioserver'...
02-20 19:31:15.683  1369  1369 I auditd  : type=1400 audit(0.0:7): avc: denied { getattr } for comm="mediacodec" path="/vendor" dev="rootfs" ino=3997 scontext=u:r:mediacodec:s0 tcontext=u:object_r:rootfs:s0 tclass=lnk_file permissive=0
02-20 19:31:15.683  1369  1369 W mediacodec: type=1400 audit(0.0:7): avc: denied { getattr } for path="/vendor" dev="rootfs" ino=3997 scontext=u:r:mediacodec:s0 tcontext=u:object_r:rootfs:s0 tclass=lnk_file permissive=0
02-20 19:31:15.683  1370  1370 I auditd  : type=1400 audit(0.0:8): avc: denied { getattr } for comm="mediadrmserver" path="/vendor" dev="rootfs" ino=3997 scontext=u:r:mediadrmserver:s0 tcontext=u:object_r:rootfs:s0 tclass=lnk_file permissive=0
02-20 19:31:15.683  1370  1370 W mediadrmserver: type=1400 audit(0.0:8): avc: denied { getattr } for path="/vendor" dev="rootfs" ino=3997 scontext=u:r:mediadrmserver:s0 tcontext=u:object_r:rootfs:s0 tclass=lnk_file permissive=0
02-20 19:31:15.683     0     0 I init    : Starting service 'cameraserver'...
02-20 19:31:15.684     0     0 I init    : Starting service 'drm'...
02-20 19:31:15.684     0     0 I init    : Starting service 'installd'...
02-20 19:31:15.685     0     0 I init    : Starting service 'keystore'...
02-20 19:31:15.685     0     0 I init    : Starting service 'mediacodec'...
02-20 19:31:15.686     0     0 I init    : Starting service 'mediadrm'...
02-20 19:31:15.688     0     0 E init    : couldn't write 1365 to /dev/cpuset/camera-daemon/tasks: No such file or directory
02-20 19:31:15.688     0     0 I init    : Starting service 'mediaextractor'...
02-20 19:31:15.689     0     0 I init    : Starting service 'media'...
02-20 19:31:15.689     0     0 I init    : Starting service 'netd'...
02-20 19:31:15.689     0     0 I init    : Starting service 'ril-daemon'...
02-20 19:31:15.689     0     0 I init    : Starting service 'ranchu-net'...
02-20 19:31:15.689     0     0 I init    : Starting service 'fingerprintd'...
02-20 19:31:15.689     0     0 I init    : Starting service 'gatekeeperd'...
02-20 19:31:15.693  1365  1365 I auditd  : type=1400 audit(0.0:9): avc: denied { getattr } for comm="cameraserver" path="/vendor" dev="rootfs" ino=3997 scontext=u:r:cameraserver:s0 tcontext=u:object_r:rootfs:s0 tclass=lnk_file permissive=0
02-20 19:31:15.693  1365  1365 W cameraserver: type=1400 audit(0.0:9): avc: denied { getattr } for path="/vendor" dev="rootfs" ino=3997 scontext=u:r:cameraserver:s0 tcontext=u:object_r:rootfs:s0 tclass=lnk_file permissive=0
02-20 19:31:15.693  1364  1364 I auditd  : type=1400 audit(0.0:10): avc: denied { getattr } for comm="audioserver" path="/vendor" dev="rootfs" ino=3997 scontext=u:r:audioserver:s0 tcontext=u:object_r:rootfs:s0 tclass=lnk_file permissive=0
02-20 19:31:15.693  1364  1364 W audioserver: type=1400 audit(0.0:10): avc: denied { getattr } for path="/vendor" dev="rootfs" ino=3997 scontext=u:r:audioserver:s0 tcontext=u:object_r:rootfs:s0 tclass=lnk_file permissive=0
02-20 19:31:15.768     0     0 W healthd : BatteryVoltagePath not found
02-20 19:31:15.768     0     0 W healthd : BatteryTemperaturePath not found
02-20 19:31:15.769     0     0 W healthd : BatteryCurrentNowPath not found
02-20 19:31:15.770     0     0 W healthd : BatteryFullChargePath not found
02-20 19:31:15.771     0     0 W healthd : BatteryCycleCountPath not found
02-20 19:31:15.958  1367  1367 I         : installd firing up
02-20 19:31:15.983     0     0 I init    : Starting service 'perfprofd'...
02-20 19:31:16.021  1368  1368 I keystore: Found keymaster0 module Keymaster OpenSSL HAL, version 2
02-20 19:31:16.021  1368  1368 I SoftKeymaster: system/keymaster/soft_keymaster_device.cpp, Line 131: Creating device
02-20 19:31:16.021  1368  1368 D SoftKeymaster: system/keymaster/soft_keymaster_device.cpp, Line 132: Device address: 0x7e2d7ae3d000
02-20 19:31:16.021  1368  1368 I keystore: Keymaster0 module is software-only.  Using SoftKeymasterDevice instead.
02-20 19:31:16.021  1368  1368 I SoftKeymaster: system/keymaster/soft_keymaster_device.cpp, Line 131: Creating device
02-20 19:31:16.021  1368  1368 D SoftKeymaster: system/keymaster/soft_keymaster_device.cpp, Line 132: Device address: 0x7e2d7ae3d400
02-20 19:31:16.032  1376  1376 I fingerprintd: Starting fingerprintd
02-20 19:31:16.057  1380  1380 I perfprofd: starting Android Wide Profiling daemon
02-20 19:31:16.086  1377  1377 I gatekeeperd: Starting gatekeeperd...
02-20 19:31:16.086  1377  1377 W gatekeeperd: falling back to software GateKeeper
02-20 19:31:16.091  1380  1380 I perfprofd: random seed set to 3952755119
02-20 19:31:16.096  1365  1365 I cameraserver: ServiceManager: 0xeccbc020
02-20 19:31:16.097  1365  1365 I CameraService: CameraService started (pid=1365)
02-20 19:31:16.097  1365  1365 I CameraService: CameraService process starting
02-20 19:31:16.097  1365  1365 W BatteryNotifier: batterystats service unavailable!
02-20 19:31:16.097  1365  1365 W BatteryNotifier: batterystats service unavailable!
02-20 19:31:16.113  1365  1365 D EmulatedCamera_QemuClient: Emulated camera list: 
02-20 19:31:16.113  1365  1365 D EmulatedCamera_FakeCamera: Initialize: Fake camera is facing back
02-20 19:31:16.113  1365  1365 V EmulatedCamera_Device: initializeWhiteBalanceModes with auto, 1.000000, 1.000000
02-20 19:31:16.113  1365  1365 V EmulatedCamera_Device: initializeWhiteBalanceModes with incandescent, 1.380000, 0.600000
02-20 19:31:16.113  1365  1365 V EmulatedCamera_Device: initializeWhiteBalanceModes with daylight, 1.090000, 0.920000
02-20 19:31:16.113  1365  1365 V EmulatedCamera_Device: initializeWhiteBalanceModes with twilight, 0.920000, 1.220000
02-20 19:31:16.113  1365  1365 V EmulatedCamera_Device: setWhiteBalanceMode with white balance auto
02-20 19:31:16.113  1365  1365 E EmulatedCamera_Factory: 1 cameras are being emulated. 0 of them are fake cameras.
02-20 19:31:16.114  1365  1365 E EmulatedCamera_HotplugThread: createFileIfNotExists: Could not create file '/data/misc/media/emulator.camera.hotplug.0', error: 'Permission denied' (13)
--------- beginning of radio
02-20 19:31:16.114  1374  1374 D RILD    : **RIL Daemon Started**
02-20 19:31:16.114  1374  1374 D RILD    : **RILd param count=1**
02-20 19:31:16.116  1365  1365 I CameraService: Loaded "Emulated Camera Module" camera module
02-20 19:31:16.116  1365  1365 E CameraService: setUpVendorTags: Vendor tag operations not fully defined. Ignoring definitions.
02-20 19:31:16.116  1365  1365 V EmulatedCamera_Camera: getCameraInfo
02-20 19:31:16.116  1365  1365 V EmulatedCamera_BaseCamera: getCameraInfo
02-20 19:31:16.116  1365  1365 I CameraFlashlight: Opening camera 0
02-20 19:31:16.116  1365  1365 V EmulatedCamera_Camera: getCameraInfo
02-20 19:31:16.116  1365  1365 V EmulatedCamera_BaseCamera: getCameraInfo
02-20 19:31:16.116  1365  1365 V EmulatedCamera_Camera: connectCamera
02-20 19:31:16.117  1365  1365 V EmulatedCamera_FakeDevice: connectDevice
02-20 19:31:16.117  1365  1365 V EmulatedCamera_CallbackNotifier: setCallbacks: 0xed46fe80, 0xed46fed0, 0xed46fff0, 0xed470110 (0xeccc3140)
02-20 19:31:16.131  1365  1365 V EmulatedCamera_Preview: setPreviewWindow: current: 0x0 -> new: 0xeccc3150
02-20 19:31:16.131  1365  1365 V EmulatedCamera_Preview: setPreviewWindow: current: 0xeccc3150 -> new: 0x0
02-20 19:31:16.131  1365  1365 V EmulatedCamera_Camera: doStopPreview
02-20 19:31:16.131  1365  1365 V EmulatedCamera_Preview: setPreviewWindow: current: 0x0 -> new: 0x0
02-20 19:31:16.131  1365  1365 V EmulatedCamera_Camera: releaseCamera
02-20 19:31:16.131  1365  1365 V EmulatedCamera_Camera: doStopPreview
02-20 19:31:16.131  1365  1365 V EmulatedCamera_FakeDevice: disconnectDevice
02-20 19:31:16.131  1365  1365 W EmulatedCamera_Device: Initialize: Emulated camera device is already initialized: mState = 1
02-20 19:31:16.131  1365  1365 D EmulatedCamera_FakeCamera: Initialize: Fake camera is facing back
02-20 19:31:16.131  1365  1365 V EmulatedCamera_Device: initializeWhiteBalanceModes with auto, 1.000000, 1.000000
02-20 19:31:16.131  1365  1365 V EmulatedCamera_Device: initializeWhiteBalanceModes with incandescent, 1.380000, 0.600000
02-20 19:31:16.131  1365  1365 V EmulatedCamera_Device: initializeWhiteBalanceModes with daylight, 1.090000, 0.920000
02-20 19:31:16.131  1365  1365 V EmulatedCamera_Device: initializeWhiteBalanceModes with twilight, 0.920000, 1.220000
02-20 19:31:16.131  1365  1365 V EmulatedCamera_Device: setWhiteBalanceMode with white balance auto
02-20 19:31:16.131  1365  1365 I CameraFlashlight: Destroying camera 0
02-20 19:31:16.131  1365  1365 V EmulatedCamera_Camera: closeCamera
02-20 19:31:16.131  1365  1365 V EmulatedCamera_Camera: doStopPreview
02-20 19:31:16.131  1365  1365 W EmulatedCamera_Device: Initialize: Emulated camera device is already initialized: mState = 1
02-20 19:31:16.131  1365  1365 D EmulatedCamera_FakeCamera: Initialize: Fake camera is facing back
02-20 19:31:16.131  1365  1365 V EmulatedCamera_Device: initializeWhiteBalanceModes with auto, 1.000000, 1.000000
02-20 19:31:16.131  1365  1365 V EmulatedCamera_Device: initializeWhiteBalanceModes with incandescent, 1.380000, 0.600000
02-20 19:31:16.132  1365  1365 V EmulatedCamera_Device: initializeWhiteBalanceModes with daylight, 1.090000, 0.920000
02-20 19:31:16.132  1365  1365 V EmulatedCamera_Device: initializeWhiteBalanceModes with twilight, 0.920000, 1.220000
02-20 19:31:16.132  1365  1365 V EmulatedCamera_Device: setWhiteBalanceMode with white balance auto
02-20 19:31:16.132  1365  1365 V EmulatedCamera_Camera: getCameraInfo
02-20 19:31:16.132  1365  1365 V EmulatedCamera_BaseCamera: getCameraInfo
02-20 19:31:16.132  1365  1365 I ServiceManager: Waiting for service media.camera.proxy...
02-20 19:31:16.170  1369  1369 I mediacodec: @@@ mediacodecservice starting
02-20 19:31:16.171  1369  1369 W         : No seccomp filter defined for this architecture.
02-20 19:31:16.236  1312  1326 D         : HostConnection::get() New Host Connection established 0x706a0722fc40, tid 1326
02-20 19:31:16.237  1373  1373 I Netd    : Netd 1.0 starting
02-20 19:31:16.239  1373  1373 D TetherController: Setting IP forward enable = 0
02-20 19:31:16.346  1364  1364 I         : sMaxFastTracks = 8
02-20 19:31:16.346  1364  1364 I audioserver: ServiceManager: 0xed3bc020
02-20 19:31:16.346  1364  1364 W BatteryNotifier: batterystats service unavailable!
02-20 19:31:16.346  1364  1364 I AudioFlinger: Using default 3000 mSec as standby time.
02-20 19:31:16.346  1364  1364 I AudioPolicyService: AudioPolicyService CSTOR in new mode
02-20 19:31:16.348  1370  1370 I mediaserver: ServiceManager: 0xecb3c0a0
02-20 19:31:16.352  1364  1364 I APM::ConfigParsingUtils: loadAudioPolicyConfig() loaded /system/etc/audio_policy.conf
02-20 19:31:16.362  1371  1371 V MediaUtils: physMem: 2099294208
02-20 19:31:16.362  1371  1371 V MediaUtils: requested limit: 419858840
02-20 19:31:16.362  1371  1371 V MediaUtils: actual limit: 419858840
02-20 19:31:16.362  1371  1371 V MediaUtils: original limits: 4294967295/4294967295
02-20 19:31:16.362  1371  1371 V MediaUtils: new limits: 419858840/4294967295
02-20 19:31:16.362  1371  1371 W /system/bin/mediaextractor: libminijail: allowing syscall: socketcall
02-20 19:31:16.362  1371  1371 W /system/bin/mediaextractor: libminijail: allowing syscall: writev
02-20 19:31:16.362  1371  1371 W /system/bin/mediaextractor: libminijail: allowing syscall: fcntl64
02-20 19:31:16.362  1371  1371 W /system/bin/mediaextractor: libminijail: allowing syscall: clock_gettime
02-20 19:31:16.363  1371  1371 W /system/bin/mediaextractor: libminijail: logging seccomp filter failures
02-20 19:31:16.366  1364  1364 D audio_hw_generic: Emulator host-side ALSA audio emulation detected.
02-20 19:31:16.366  1364  1364 D audio_hw_generic: mixer 0 name Master Playback Volume
02-20 19:31:16.366  1364  1364 D audio_hw_generic: set ctl 0 to 100
02-20 19:31:16.366  1364  1364 D audio_hw_generic: set ctl 1 to 100
02-20 19:31:16.366  1364  1364 D audio_hw_generic: mixer 1 name Master Playback Switch
02-20 19:31:16.366  1364  1364 D audio_hw_generic: set ctl 0 to 1
02-20 19:31:16.366  1364  1364 D audio_hw_generic: set ctl 1 to 1
02-20 19:31:16.366  1364  1364 D audio_hw_generic: mixer 2 name Capture Volume
02-20 19:31:16.366  1364  1364 D audio_hw_generic: set ctl 0 to 100
02-20 19:31:16.366  1364  1364 D audio_hw_generic: set ctl 1 to 100
02-20 19:31:16.366  1364  1364 D audio_hw_generic: mixer 3 name Capture Switch
02-20 19:31:16.366  1364  1364 D audio_hw_generic: set ctl 0 to 1
02-20 19:31:16.366  1364  1364 D audio_hw_generic: set ctl 1 to 1
02-20 19:31:16.366  1364  1364 D audio_hw_generic: mixer 4 name Line Phantom Jack
02-20 19:31:16.366  1364  1364 D audio_hw_generic: mixer 5 name Line Out Phantom Jack
02-20 19:31:16.366  1364  1364 D audio_hw_generic: mixer 6 name Playback Channel Map
02-20 19:31:16.366  1364  1364 D audio_hw_generic: mixer 7 name Capture Channel Map
02-20 19:31:16.366  1364  1364 I AudioFlinger: loadHwModule() Loaded primary audio interface from Generic audio HW HAL (audio) handle 10
02-20 19:31:16.366  1364  1364 I AudioFlinger: openOutput(), module 10 Device 2, SamplingRate 48000, Format 0x000001, Channels 3, flags 2
02-20 19:31:16.367  1364  1364 I AudioFlinger: HAL output buffer size 720 frames, normal sink buffer size 1152 frames
02-20 19:31:16.375  1372  1372 I mediaserver: ServiceManager: 0xea9bc0a0
02-20 19:31:16.379  1372  1372 W BatteryNotifier: batterystats service unavailable!
02-20 19:31:16.389  1364  1364 I BufferProvider: found effect "Multichannel Downmix To Stereo" from The Android Open Source Project
02-20 19:31:16.389  1364  1364 I AudioFlinger: Using module 10 has the primary audio interface
02-20 19:31:16.390  1364  1408 I AudioFlinger: AudioFlinger's thread 0xece03e40 ready to run
02-20 19:31:16.390  1364  1408 W BatteryNotifier: batterystats service unavailable!
02-20 19:31:16.390  1364  1408 W BatteryNotifier: batterystats service unavailable!
02-20 19:31:16.391  1364  1408 W BatteryNotifier: batterystats service unavailable!
02-20 19:31:16.391  1364  1408 W AudioFlinger: no wake lock to update, system not ready yet
02-20 19:31:16.394  1364  1411 I AudioFlinger: AudioFlinger's thread 0xec903c80 ready to run
02-20 19:31:16.395  1364  1364 I r_submix: adev_open(name=audio_hw_if)
02-20 19:31:16.395  1364  1364 I r_submix: adev_init_check()
02-20 19:31:16.395  1364  1364 I AudioFlinger: loadHwModule() Loaded r_submix audio interface from Wifi Display audio HAL (audio) handle 18
02-20 19:31:16.395  1364  1364 D r_submix: adev_open_input_stream(addr=0)
02-20 19:31:16.395  1364  1364 D r_submix: submix_audio_device_create_pipe_l(addr=0, idx=9)
02-20 19:31:16.395  1364  1364 D r_submix:   now using address 0 for route 9
02-20 19:31:16.396  1364  1419 I AudioFlinger: AudioFlinger's thread 0xeca03640 ready to run
02-20 19:31:16.396  1364  1364 D r_submix: adev_close_input_stream()
02-20 19:31:16.396  1364  1364 D r_submix: submix_audio_device_release_pipe_l(idx=9) addr=0
02-20 19:31:16.396  1364  1364 D r_submix: submix_audio_device_destroy_pipe_l(): pipe destroyed
02-20 19:31:16.396  1364  1364 I RadioService: RadioService
02-20 19:31:16.396  1364  1364 I RadioService: onFirstRef
02-20 19:31:16.396  1364  1364 E RadioService: couldn't load radio module radio.primary (No such file or directory)
02-20 19:31:16.396  1364  1364 E SoundTriggerHwService: couldn't load sound trigger module sound_trigger.primary (No such file or directory)
02-20 19:31:16.695     0     0 I IPv6    : ADDRCONF(NETDEV_UP): radio0-peer: link is not ready
02-20 19:31:16.735     0     0 I init    : Starting service 'dhcpclient_rtr'...
02-20 19:31:16.978  1362  1362 D AndroidRuntime: >>>>>> START com.android.internal.os.ZygoteInit uid 0 <<<<<<
02-20 19:31:16.979  1362  1362 I boot_progress_start: 3979
02-20 19:31:17.011  1362  1362 D AndroidRuntime: CheckJNI is ON
02-20 19:31:17.017  1362  1362 I art     : option[0]=-Xzygote
02-20 19:31:17.017  1362  1362 I art     : option[1]=-Xcheck:jni
02-20 19:31:17.017  1362  1362 I art     : option[2]=-Xstacktracefile:/data/anr/traces.txt
02-20 19:31:17.017  1362  1362 I art     : option[3]=exit
02-20 19:31:17.017  1362  1362 I art     : option[4]=vfprintf
02-20 19:31:17.017  1362  1362 I art     : option[5]=sensitiveThread
02-20 19:31:17.017  1362  1362 I art     : option[6]=-verbose:gc
02-20 19:31:17.017  1362  1362 I art     : option[7]=-Xms4m
02-20 19:31:17.017  1362  1362 I art     : option[8]=-Xmx512m
02-20 19:31:17.017  1362  1362 I art     : option[9]=-Xusejit:true
02-20 19:31:17.017  1362  1362 I art     : option[10]=-Xjitsaveprofilinginfo
02-20 19:31:17.017  1362  1362 I art     : option[11]=-agentlib:jdwp=transport=dt_android_adb,suspend=n,server=y
02-20 19:31:17.017  1362  1362 I art     : option[12]=-Xlockprofthreshold:500
02-20 19:31:17.017  1362  1362 I art     : option[13]=-Ximage-compiler-option
02-20 19:31:17.017  1362  1362 I art     : option[14]=--runtime-arg
02-20 19:31:17.017  1362  1362 I art     : option[15]=-Ximage-compiler-option
02-20 19:31:17.017  1362  1362 I art     : option[16]=-Xms64m
02-20 19:31:17.017  1362  1362 I art     : option[17]=-Ximage-compiler-option
02-20 19:31:17.017  1362  1362 I art     : option[18]=--runtime-arg
02-20 19:31:17.017  1362  1362 I art     : option[19]=-Ximage-compiler-option
02-20 19:31:17.017  1362  1362 I art     : option[20]=-Xmx64m
02-20 19:31:17.017  1362  1362 I art     : option[21]=-Ximage-compiler-option
02-20 19:31:17.017  1362  1362 I art     : option[22]=--image-classes=/system/etc/preloaded-classes
02-20 19:31:17.017  1362  1362 I art     : option[23]=-Ximage-compiler-option
02-20 19:31:17.017  1362  1362 I art     : option[24]=--compiled-classes=/system/etc/compiled-classes
02-20 19:31:17.017  1362  1362 I art     : option[25]=-Xcompiler-option
02-20 19:31:17.017  1362  1362 I art     : option[26]=--runtime-arg
02-20 19:31:17.017  1362  1362 I art     : option[27]=-Xcompiler-option
02-20 19:31:17.017  1362  1362 I art     : option[28]=-Xms64m
02-20 19:31:17.017  1362  1362 I art     : option[29]=-Xcompiler-option
02-20 19:31:17.017  1362  1362 I art     : option[30]=--runtime-arg
02-20 19:31:17.017  1362  1362 I art     : option[31]=-Xcompiler-option
02-20 19:31:17.017  1362  1362 I art     : option[32]=-Xmx512m
02-20 19:31:17.017  1362  1362 I art     : option[33]=-Ximage-compiler-option
02-20 19:31:17.017  1362  1362 I art     : option[34]=--instruction-set-variant=x86_64
02-20 19:31:17.017  1362  1362 I art     : option[35]=-Xcompiler-option
02-20 19:31:17.017  1362  1362 I art     : option[36]=--instruction-set-variant=x86_64
02-20 19:31:17.017  1362  1362 I art     : option[37]=-Ximage-compiler-option
02-20 19:31:17.017  1362  1362 I art     : option[38]=--instruction-set-features=default
02-20 19:31:17.017  1362  1362 I art     : option[39]=-Xcompiler-option
02-20 19:31:17.017  1362  1362 I art     : option[40]=--instruction-set-features=default
02-20 19:31:17.017  1362  1362 I art     : option[41]=-Duser.locale=en-US
02-20 19:31:17.017  1362  1362 I art     : option[42]=--cpu-abilist=x86_64
02-20 19:31:17.017  1362  1362 I art     : option[43]=-Xfingerprint:Android/sdk_google_phone_x86_64/generic_x86_64:7.1.1/NYC/4498512:userdebug/test-keys
02-20 19:31:17.115  1374  1374 D RILD    : overriding with -s /dev/socket/qemud
02-20 19:31:17.132  1365  1365 I ServiceManager: Waiting for service media.camera.proxy...
02-20 19:31:17.139  1374  1374 W RILD    : RIL_SAP_Init not defined or exported in libreference-ril.so: undefined symbol: RIL_SAP_Init
02-20 19:31:17.139  1374  1374 D RILD    : RIL_Init argc = 5 clientId = 0
02-20 19:31:17.139  1374  1374 I RIL     : Opening socket /dev/socket/qemud
02-20 19:31:17.139  1374  1374 I RIL     : Client id received 0
02-20 19:31:17.139  1374  1374 D RILD    : RIL_Init rilInit completed
02-20 19:31:17.139  1374  1374 I RILC    : SIM_COUNT: 1
02-20 19:31:17.139  1374  1374 E RILC    : RIL_register: RIL version 12
02-20 19:31:17.139  1374  1374 I RILC    : s_registerCalled flag set, 1
02-20 19:31:17.139  1374  1374 I RILC    : Start to listen RIL_SOCKET_1
02-20 19:31:17.139  1374  1374 D RILD    : RIL_Init RIL_register completed
02-20 19:31:17.139  1374  1374 D RILD    : RIL_register_socket completed
02-20 19:31:17.139  1374  1374 D RILD    : RIL_Init starting sleep loop
02-20 19:31:17.153  1374  1469 D RIL     : setRadioState(0)
02-20 19:31:17.154  1374  1469 D AT      : AT> ATE0Q0V1
02-20 19:31:17.158  1374  1471 D AT      : AT< OK
02-20 19:31:17.158     0     0 D ieee80211 phy1: mac80211_hwsim_start
02-20 19:31:17.158     0     0 D ieee80211 phy1: mac80211_hwsim_add_interface (type=2 mac_addr=02:00:00:00:01:00)
02-20 19:31:17.158     0     0 D ieee80211 phy1: mac80211_hwsim_bss_info_changed(changed=0xe)
02-20 19:31:17.158     0     0 D ieee80211 phy1: ERP_CTS_PROT: 0
02-20 19:31:17.158     0     0 D ieee80211 phy1: ERP_PREAMBLE: 0
02-20 19:31:17.158     0     0 D ieee80211 phy1: ERP_SLOT: 0
02-20 19:31:17.158     0     0 D ieee80211 phy1: mac80211_hwsim_conf_tx (queue=0 txop=0 cw_min=15 cw_max=1023 aifs=2)
02-20 19:31:17.158     0     0 D ieee80211 phy1: mac80211_hwsim_conf_tx (queue=1 txop=0 cw_min=15 cw_max=1023 aifs=2)
02-20 19:31:17.158     0     0 D ieee80211 phy1: mac80211_hwsim_conf_tx (queue=2 txop=0 cw_min=15 cw_max=1023 aifs=2)
02-20 19:31:17.158     0     0 D ieee80211 phy1: mac80211_hwsim_conf_tx (queue=3 txop=0 cw_min=15 cw_max=1023 aifs=2)
02-20 19:31:17.158     0     0 D ieee80211 phy1: mac80211_hwsim_bss_info_changed(changed=0x2000)
02-20 19:31:17.158     0     0 D ieee80211 phy1: mac80211_hwsim_config (freq=0 idle=0 ps=0 smps=auto)
02-20 19:31:17.158     0     0 D ieee80211 phy1: mac80211_hwsim_configure_filter
02-20 19:31:17.158     0     0 D ieee80211 phy1: mac80211_hwsim_configure_filter
02-20 19:31:17.158     0     0 D ieee80211 phy1: mac80211_hwsim_configure_filter
02-20 19:31:17.158     0     0 I IPv6    : ADDRCONF(NETDEV_UP): wlan1: link is not ready
02-20 19:31:17.200     0     0 I init    : Starting service 'ipv6proxy'...
02-20 19:31:17.284     0     0 I init    : Starting service 'emu_hostapd'...
02-20 19:31:17.302     0     0 D ieee80211 phy1: mac80211_hwsim_configure_filter
02-20 19:31:17.349     0     0 I init    : Starting service 'dhcpserver'...
02-20 19:31:17.400     0     0 I warning : `hostapd' uses 32-bit capabilities (legacy support in use)
02-20 19:31:17.414  1374  1469 D RIL     : query_ctec. current: 0x7f645abff2ac, preferred: 0x7f645abff2a8
02-20 19:31:17.414  1374  1469 D AT      : AT> AT+CTEC?
02-20 19:31:17.414  1374  1471 D AT      : AT< +CTEC: 0,f
02-20 19:31:17.414  1374  1471 D AT      : AT< OK
02-20 19:31:17.414  1374  1469 D RIL     : Response: +CTEC: 0,f
02-20 19:31:17.414  1374  1469 D RIL     : line remaining after int: f
02-20 19:31:17.414  1374  1469 D RIL     : query_supported_techs
02-20 19:31:17.414  1374  1469 D AT      : AT> AT+CTEC=?
02-20 19:31:17.417  1374  1471 D AT      : AT< +CTEC: 0,1,2,3
02-20 19:31:17.417  1374  1471 D AT      : AT< OK
02-20 19:31:17.417  1374  1469 I RIL     : Found Multimode Modem. Supported techs mask: 0000000f. Current tech: 0
02-20 19:31:17.417  1374  1469 D AT      : AT> ATE0Q0V1
02-20 19:31:17.418  1374  1471 D AT      : AT< OK
02-20 19:31:17.418  1374  1469 D AT      : AT> ATS0=0
02-20 19:31:17.419  1374  1471 D AT      : AT< OK
02-20 19:31:17.419  1374  1469 D AT      : AT> AT+CMEE=1
02-20 19:31:17.419  1374  1471 D AT      : AT< OK
02-20 19:31:17.419  1374  1469 D AT      : AT> AT+CREG=2
02-20 19:31:17.419  1374  1471 D AT      : AT< OK
02-20 19:31:17.419  1374  1469 D AT      : AT> AT+CGREG=1
02-20 19:31:17.420  1374  1471 D AT      : AT< OK
02-20 19:31:17.420  1374  1469 D AT      : AT> AT+CCWA=1
02-20 19:31:17.420  1374  1471 D AT      : AT< OK
02-20 19:31:17.420  1374  1469 D AT      : AT> AT+CMOD=0
02-20 19:31:17.420  1374  1471 D AT      : AT< OK
02-20 19:31:17.420  1374  1469 D AT      : AT> AT+CMUT=0
02-20 19:31:17.420  1374  1471 D AT      : AT< OK
02-20 19:31:17.420  1374  1469 D AT      : AT> AT+CSSN=0,1
02-20 19:31:17.420  1374  1471 D AT      : AT< OK
02-20 19:31:17.420  1374  1469 D AT      : AT> AT+COLP=0
02-20 19:31:17.421  1374  1471 D AT      : AT< OK
02-20 19:31:17.429  1374  1469 D AT      : AT> AT+CSCS="HEX"
02-20 19:31:17.449  1374  1471 D AT      : AT< OK
02-20 19:31:17.458  1374  1469 D AT      : AT> AT+CUSD=1
02-20 19:31:17.461  1484  1484 E hostapd : Configuration file: /system/etc/simulated_hostapd.conf
02-20 19:31:17.469  1374  1471 D AT      : AT< OK
02-20 19:31:17.469  1374  1469 D AT      : AT> AT+CGEREP=1,0
02-20 19:31:17.469  1374  1471 D AT      : AT< OK
02-20 19:31:17.469  1374  1469 D AT      : AT> AT+CMGF=0
02-20 19:31:17.469  1374  1471 D AT      : AT< %CTZV: 18/02/20:19:31:18+0:0:Unknown!Unknown
02-20 19:31:17.470  1374  1471 D AT      : AT< OK
02-20 19:31:17.472  1374  1469 D AT      : AT> AT+CFUN?
02-20 19:31:17.473  1374  1471 D AT      : AT< +CFUN: 0
02-20 19:31:17.473  1374  1471 D AT      : AT< OK
02-20 19:31:17.475  1476  1476 E ipv6proxy: Failed to forward Neighbor Solicitation for fe80::5417:cbff:feca:4e8f from radio0-peer to eth0: Cannot assign requested address
02-20 19:31:17.494  1363  1363 D AndroidRuntime: >>>>>> START com.android.internal.os.ZygoteInit uid 0 <<<<<<
02-20 19:31:17.495     0     0 I init    : Service 'ranchu-net' (pid 1375) exited with status 0
02-20 19:31:17.519  1363  1363 D AndroidRuntime: CheckJNI is ON
02-20 19:31:17.521     0     0 D ieee80211 phy1: mac80211_hwsim_configure_filter
02-20 19:31:17.528  1363  1363 I art     : option[0]=-Xzygote
02-20 19:31:17.528  1363  1363 I art     : option[1]=-Xcheck:jni
02-20 19:31:17.528  1363  1363 I art     : option[2]=-Xstacktracefile:/data/anr/traces.txt
02-20 19:31:17.528  1363  1363 I art     : option[3]=exit
02-20 19:31:17.528  1363  1363 I art     : option[4]=vfprintf
02-20 19:31:17.528  1363  1363 I art     : option[5]=sensitiveThread
02-20 19:31:17.528  1363  1363 I art     : option[6]=-verbose:gc
02-20 19:31:17.528  1363  1363 I art     : option[7]=-Xms4m
02-20 19:31:17.528  1363  1363 I art     : option[8]=-Xmx512m
02-20 19:31:17.528  1363  1363 I art     : option[9]=-Xusejit:true
02-20 19:31:17.528  1363  1363 I art     : option[10]=-Xjitsaveprofilinginfo
02-20 19:31:17.528  1363  1363 I art     : option[11]=-agentlib:jdwp=transport=dt_android_adb,suspend=n,server=y
02-20 19:31:17.528  1363  1363 I art     : option[12]=-Xlockprofthreshold:500
02-20 19:31:17.528  1363  1363 I art     : option[13]=-Ximage-compiler-option
02-20 19:31:17.528  1363  1363 I art     : option[14]=--runtime-arg
02-20 19:31:17.528  1363  1363 I art     : option[15]=-Ximage-compiler-option
02-20 19:31:17.528  1363  1363 I art     : option[16]=-Xms64m
02-20 19:31:17.528  1363  1363 I art     : option[17]=-Ximage-compiler-option
02-20 19:31:17.528  1363  1363 I art     : option[18]=--runtime-arg
02-20 19:31:17.528  1363  1363 I art     : option[19]=-Ximage-compiler-option
02-20 19:31:17.528  1363  1363 I art     : option[20]=-Xmx64m
02-20 19:31:17.528  1363  1363 I art     : option[21]=-Ximage-compiler-option
02-20 19:31:17.528  1363  1363 I art     : option[22]=--image-classes=/system/etc/preloaded-classes
02-20 19:31:17.528  1363  1363 I art     : option[23]=-Ximage-compiler-option
02-20 19:31:17.528  1363  1363 I art     : option[24]=--compiled-classes=/system/etc/compiled-classes
02-20 19:31:17.528  1363  1363 I art     : option[25]=-Xcompiler-option
02-20 19:31:17.528  1363  1363 I art     : option[26]=--runtime-arg
02-20 19:31:17.528  1363  1363 I art     : option[27]=-Xcompiler-option
02-20 19:31:17.528  1363  1363 I art     : option[28]=-Xms64m
02-20 19:31:17.528  1363  1363 I art     : option[29]=-Xcompiler-option
02-20 19:31:17.528  1363  1363 I art     : option[30]=--runtime-arg
02-20 19:31:17.528  1363  1363 I art     : option[31]=-Xcompiler-option
02-20 19:31:17.528  1363  1363 I art     : option[32]=-Xmx512m
02-20 19:31:17.528  1363  1363 I art     : option[33]=-Ximage-compiler-option
02-20 19:31:17.528  1363  1363 I art     : option[34]=--instruction-set-variant=x86
02-20 19:31:17.528  1363  1363 I art     : option[35]=-Xcompiler-option
02-20 19:31:17.528  1363  1363 I art     : option[36]=--instruction-set-variant=x86
02-20 19:31:17.528  1363  1363 I art     : option[37]=-Ximage-compiler-option
02-20 19:31:17.528  1363  1363 I art     : option[38]=--instruction-set-features=default
02-20 19:31:17.528  1363  1363 I art     : option[39]=-Xcompiler-option
02-20 19:31:17.528  1363  1363 I art     : option[40]=--instruction-set-features=default
02-20 19:31:17.528  1363  1363 I art     : option[41]=-Duser.locale=en-US
02-20 19:31:17.528  1363  1363 I art     : option[42]=--cpu-abilist=x86
02-20 19:31:17.528  1363  1363 I art     : option[43]=-Xfingerprint:Android/sdk_google_phone_x86_64/generic_x86_64:7.1.1/NYC/4498512:userdebug/test-keys
02-20 19:31:17.571     0     0 D ieee80211 phy1: mac80211_hwsim_change_interface (old type=2, new type=3, mac_addr=02:00:00:00:01:00)
02-20 19:31:17.572     0     0 D ieee80211 phy1: mac80211_hwsim_configure_filter
02-20 19:31:17.572     0     0 D ieee80211 phy1: mac80211_hwsim_bss_info_changed(changed=0xe)
02-20 19:31:17.572     0     0 D ieee80211 phy1: ERP_CTS_PROT: 0
02-20 19:31:17.572     0     0 D ieee80211 phy1: ERP_PREAMBLE: 0
02-20 19:31:17.572     0     0 D ieee80211 phy1: ERP_SLOT: 0
02-20 19:31:17.572     0     0 D ieee80211 phy1: mac80211_hwsim_conf_tx (queue=0 txop=47 cw_min=3 cw_max=7 aifs=2)
02-20 19:31:17.572     0     0 D ieee80211 phy1: mac80211_hwsim_conf_tx (queue=1 txop=94 cw_min=7 cw_max=15 aifs=2)
02-20 19:31:17.572     0     0 D ieee80211 phy1: mac80211_hwsim_conf_tx (queue=2 txop=0 cw_min=15 cw_max=1023 aifs=3)
02-20 19:31:17.572     0     0 D ieee80211 phy1: mac80211_hwsim_conf_tx (queue=3 txop=0 cw_min=15 cw_max=1023 aifs=7)
02-20 19:31:17.572     0     0 D ieee80211 phy1: mac80211_hwsim_bss_info_changed(changed=0x2000)
02-20 19:31:17.572     0     0 I IPv6    : ADDRCONF(NETDEV_CHANGE): radio0-peer: link becomes ready
02-20 19:31:17.577  1484  1484 I hostapd : rfkill: Cannot get wiphy information
02-20 19:31:17.577  1484  1484 I hostapd : nl80211: Could not re-add multicast membership for vendor events: -2 (No such file or directory)
02-20 19:31:17.577  1484  1484 I hostapd : wlan1: interface state UNINITIALIZED->COUNTRY_UPDATE
02-20 19:31:17.577     0     0 D ieee80211 phy1: mac80211_hwsim_configure_filter
02-20 19:31:17.906  1362  1362 D ICU     : No timezone override file found: /data/misc/zoneinfo/current/icu/icu_tzdata.dat
02-20 19:31:18.134  1365  1365 I ServiceManager: Waiting for service media.camera.proxy...
02-20 19:31:18.139  1363  1363 D ICU     : No timezone override file found: /data/misc/zoneinfo/current/icu/icu_tzdata.dat
02-20 19:31:18.244  1362  1362 E memtrack: Couldn't load memtrack module (No such file or directory)
02-20 19:31:18.244  1362  1362 E android.os.Debug: failed to load memtrack module: -2
02-20 19:31:18.267  1362  1362 I Radio-JNI: register_android_hardware_Radio DONE
02-20 19:31:18.309  1362  1362 I SamplingProfilerIntegration: Profiling disabled.
02-20 19:31:18.311  1362  1362 I boot_progress_preload_start: 5311
02-20 19:31:18.311  1362  1362 D Zygote  : begin preload
02-20 19:31:18.311  1362  1362 I Zygote  : Installing ICU cache reference pinning...
02-20 19:31:18.311  1362  1362 I Zygote  : Preloading ICU data...
02-20 19:31:18.412  1362  1362 I Zygote  : Preloading classes...
02-20 19:31:18.419  1363  1363 E memtrack: Couldn't load memtrack module (No such file or directory)
02-20 19:31:18.419  1363  1363 E android.os.Debug: failed to load memtrack module: -2
02-20 19:31:18.420  1362  1362 W Zygote  : Class not found for preloading: [Landroid.view.Display$ColorTransform;
02-20 19:31:18.440  1363  1363 I Radio-JNI: register_android_hardware_Radio DONE
02-20 19:31:18.465  1363  1363 I SamplingProfilerIntegration: Profiling disabled.
02-20 19:31:18.476  1363  1363 I boot_progress_preload_start: 5475
02-20 19:31:18.476  1476  1476 E ipv6proxy: Failed to forward Router Advertisement from eth0 to wlan1: Network is unreachable
02-20 19:31:18.476  1476  1476 E ipv6proxy: Failed to forward Router Advertisement from eth0 to radio0-peer: Cannot assign requested address
02-20 19:31:18.476  1363  1363 D Zygote  : begin preload
02-20 19:31:18.476  1363  1363 I Zygote  : Installing ICU cache reference pinning...
02-20 19:31:18.476  1363  1363 I Zygote  : Preloading ICU data...
02-20 19:31:18.561  1363  1363 I Zygote  : Preloading classes...
02-20 19:31:18.564  1363  1363 W Zygote  : Class not found for preloading: [Landroid.view.Display$ColorTransform;
02-20 19:31:18.793  1362  1362 E Typeface: Error mapping font file /system/fonts/DroidSansFallback.ttf
02-20 19:31:18.796  1363  1363 E Typeface: Error mapping font file /system/fonts/DroidSansFallback.ttf
02-20 19:31:19.136  1365  1365 I ServiceManager: Waiting for service media.camera.proxy...
02-20 19:31:19.167  1363  1363 I art     : Thread[1,tid=1363,Native,Thread*=0xeb40b400,peer=0x12c060d0,"main"] recursive attempt to load library "/system/lib/libmedia_jni.so"
02-20 19:31:19.168  1363  1363 D MtpDeviceJNI: register_android_mtp_MtpDevice
02-20 19:31:19.169  1363  1363 I art     : Thread[1,tid=1363,Native,Thread*=0xeb40b400,peer=0x12c060d0,"main"] recursive attempt to load library "/system/lib/libmedia_jni.so"
02-20 19:31:19.169  1363  1363 I art     : Thread[1,tid=1363,Native,Thread*=0xeb40b400,peer=0x12c060d0,"main"] recursive attempt to load library "/system/lib/libmedia_jni.so"
02-20 19:31:19.181  1362  1362 I art     : Thread[1,tid=1362,Native,Thread*=0x7aa76ba95a00,peer=0x12c060d0,"main"] recursive attempt to load library "/system/lib64/libmedia_jni.so"
02-20 19:31:19.181  1362  1362 D MtpDeviceJNI: register_android_mtp_MtpDevice
02-20 19:31:19.182  1362  1362 I art     : Thread[1,tid=1362,Native,Thread*=0x7aa76ba95a00,peer=0x12c060d0,"main"] recursive attempt to load library "/system/lib64/libmedia_jni.so"
02-20 19:31:19.183  1362  1362 I art     : Thread[1,tid=1362,Native,Thread*=0x7aa76ba95a00,peer=0x12c060d0,"main"] recursive attempt to load library "/system/lib64/libmedia_jni.so"
02-20 19:31:19.324  1373  1373 V NatController: runCmd(/system/bin/iptables -w -F natctrl_FORWARD) res=0
02-20 19:31:19.331  1373  1373 V NatController: runCmd(/system/bin/ip6tables -w -F natctrl_FORWARD) res=0
02-20 19:31:19.337  1373  1373 V NatController: runCmd(/system/bin/iptables -w -A natctrl_FORWARD -j DROP) res=0
02-20 19:31:19.343  1363  1363 D TelephonyManager: No /proc/cmdline exception=java.io.FileNotFoundException: /proc/cmdline (Permission denied)
02-20 19:31:19.343  1363  1363 D TelephonyManager: /proc/cmdline=
02-20 19:31:19.346  1363  1363 W Zygote  : Class not found for preloading: android.view.Display$ColorTransform
02-20 19:31:19.346  1363  1363 W Zygote  : Class not found for preloading: android.view.Display$ColorTransform$1
02-20 19:31:19.347  1373  1373 V NatController: runCmd(/system/bin/iptables -w -t nat -F natctrl_nat_POSTROUTING) res=0
02-20 19:31:19.356  1362  1362 D TelephonyManager: No /proc/cmdline exception=java.io.FileNotFoundException: /proc/cmdline (Permission denied)
