02-20 19:31:26.298  1678  1678 D ConditionProviders.SCP: Scheduling evaluate for Tue Feb 20 22:00:00 GMT+00:00 2018 (1519164000000), in +2h28m33s708ms, now=Tue Feb 20 19:31:26 GMT+00:00 2018 (1519155086292)
02-20 19:31:26.301  1932  1932 D TelephonyTester: register for intent action=com.android.internal.telephony.action_detached
02-20 19:31:26.301  1932  1932 D TelephonyTester: register for intent action=com.android.internal.telephony.action_attached
02-20 19:31:26.305  1932  1932 D Phone   : mDoesRilSendMultipleCallRing=true
02-20 19:31:26.305  1932  1932 D Phone   : mCallRingDelay=3000
02-20 19:31:26.312  1948  2000 D EGL_emulation: eglMakeCurrent: 0x7aa7615eb9a0: ver 3 0 (tinfo 0x7aa7615f2f60)
02-20 19:31:26.324  1932  1932 D RILJ    : [3653]> RIL_REQUEST_START_LCE [SUB0]
02-20 19:31:26.326  1374  1469 D RIL     : onRequest: <unknown request>
02-20 19:31:26.326  1932  2028 D RilRequest: [3653]< RIL_REQUEST_START_LCE error: com.android.internal.telephony.CommandException: RADIO_NOT_AVAILABLE ret=
02-20 19:31:26.338  1678  1678 I notification_enqueue: [10028,1770,com.android.systemui,1397773634,public:253,64,-1,Notification(pri=0 contentView=null vibrate=null sound=null defaults=0x0 flags=0x100 color=0xff607d8b category=sys actions=2 vis=PUBLIC),0]
02-20 19:31:26.342  1932  1932 E RIL_ImsSms: getFormat should never be called from here!
02-20 19:31:26.342  1932  1932 D SMSDispatcher: SMSDispatcher: ctor mSmsCapable=true format=unknown mSmsSendDisabled=false
02-20 19:31:26.342  1932  1932 D RIL_ImsSms: ImsSMSDispatcher created
02-20 19:31:26.343  1932  1932 D SMSDispatcher: SMSDispatcher: ctor mSmsCapable=true format=3gpp2 mSmsSendDisabled=false
02-20 19:31:26.343  1932  1932 D CdmaSMSDispatcher: CdmaSMSDispatcher created
02-20 19:31:26.346  1678  1678 I Telecom : WiredHeadsetManager: ACTION_HEADSET_PLUG event, plugged in: false, : WHC.oADA@AAE
02-20 19:31:26.350  1372  1811 I MediaPlayerService: MediaPlayerService::getOMX
02-20 19:31:26.350  1678  2033 I OMXClient: MuxOMX ctor
02-20 19:31:26.352  1369  1809 I OMXMaster: makeComponentInstance(OMX.google.vorbis.decoder) in mediacodec process
02-20 19:31:26.378  1932  1932 D GsmInboundSmsHandler: created InboundSmsHandler
02-20 19:31:26.385  1932  1932 D CdmaInboundSmsHandler: created InboundSmsHandler
02-20 19:31:26.386  1932  1932 D SMSDispatcher: SMSDispatcher: ctor mSmsCapable=true format=3gpp mSmsSendDisabled=false
02-20 19:31:26.386  1932  1932 D GsmSMSDispatcher: GsmSMSDispatcher created
02-20 19:31:26.388  1932  2035 D GsmInboundSmsHandler: StartupState.processMessage:6
02-20 19:31:26.388  1932  2035 D GsmInboundSmsHandler: entering Idle state
02-20 19:31:26.388  1932  2039 D CdmaInboundSmsHandler: StartupState.processMessage:6
02-20 19:31:26.388  1932  2039 D CdmaInboundSmsHandler: entering Idle state
02-20 19:31:26.388  1678  1748 E ActivityThread: Failed to find provider info for com.android.calendar
02-20 19:31:26.390  1678  1748 E ActivityThread: Failed to find provider info for com.android.calendar
02-20 19:31:26.407  1678  1699 I am_activity_launch_time: [0,38286201,com.android.settings/.FallbackHome,900,900]
02-20 19:31:26.407  1678  1699 I ActivityManager: Displayed com.android.settings/.FallbackHome: +900ms
02-20 19:31:26.407  1932  1932 D IccCardProxy: ctor: ci=com.android.internal.telephony.RIL@84a97eb phoneId=0
02-20 19:31:26.407  1932  1932 D CdmaSSM : subscriptionSource from settings: 0
02-20 19:31:26.407  1932  1932 D CdmaSSM : cdmaSSM constructor: 0
02-20 19:31:26.407  1932  1932 D IccCardProxy: update icc_operator_numeric=
02-20 19:31:26.407  1932  1932 D TelephonyManager: setTelephonyProperty: success phoneId=0 property=gsm.sim.operator.numeric value:  propVal=
02-20 19:31:26.407  1932  1932 D TelephonyManager: setTelephonyProperty: success phoneId=0 property=gsm.sim.operator.iso-country value:  propVal=
02-20 19:31:26.407  1932  1932 D TelephonyManager: setTelephonyProperty: success phoneId=0 property=gsm.sim.operator.alpha value:  propVal=
02-20 19:31:26.408  1932  1932 E IccCardProxy: setExternalState: set mPhoneId=0 mExternalState=NOT_READY
02-20 19:31:26.408  1932  1932 D TelephonyManager: setTelephonyProperty: success phoneId=0 property=gsm.sim.state value: NOT_READY propVal=NOT_READY
02-20 19:31:26.408  1932  1932 D IccCardProxy: broadcastIccStateChangedIntent intent ACTION_SIM_STATE_CHANGED value=NOT_READY reason=null for mPhoneId=0
02-20 19:31:26.408  1678  1678 I ActivityManager: user 0 is still locked. Cannot load recents
02-20 19:31:26.408  1678  1692 I boot_progress_enable_screen: 13398
02-20 19:31:26.409  1678  1692 V KeyguardServiceDelegate: *** Keyguard started
02-20 19:31:26.409  1678  1692 I screen_toggled: 1
02-20 19:31:26.413  1932  1932 D RILJ    : setPhoneType=1 old value=0 [SUB0]
02-20 19:31:26.413  1932  1932 D TelephonyManager: setTelephonyProperty: success phoneId=0 property=gsm.current.phone-type value: 1 propVal=1
02-20 19:31:26.413  1932  1932 D IccCardProxy: Setting radio tech UMTS
02-20 19:31:26.414  1932  1932 D IccCardProxy: updateQuietMode: 3GPP subscription -> newQuietMode=false
02-20 19:31:26.414  1932  1932 D IccCardProxy: updateQuietMode: no changes don't setExternalState
02-20 19:31:26.414  1932  1932 D IccCardProxy: updateQuietMode: QuietMode is false (app_type=1 cdmaSource=-1)
02-20 19:31:26.420  1678  1692 W KeyguardServiceDelegate: onScreenTurningOn(): no keyguard service!
02-20 19:31:26.421  1678  1699 I WindowManager: Screen frozen for +806ms due to AppWindowToken{bf2686c token=Token{102f8be ActivityRecord{2483379 u0 com.android.settings/.FallbackHome t1}}}
02-20 19:31:26.425  1678  1678 D TelephonyRegistry: notifyCellLocationForSubscriber: subId=0 cellLocation=Bundle[{}]
02-20 19:31:26.426  1932  1944 D SubscriptionController: [getPhoneId]- no sims, returning default phoneId=2147483647
02-20 19:31:26.474  1678  1691 I SyncManager: Got SyncJobService instance.
02-20 19:31:26.475  1678  1678 I FusedLocation: engine started (com.android.location.fused)
02-20 19:31:26.485  1678  1747 D NotificationSQLiteLog: Pruned event entries: 0
02-20 19:31:26.576  1678  1983 W art     : Long monitor contention with owner ActivityManager (1692) at void com.android.server.am.ActivityManagerService.enableScreenAfterBoot()(ActivityManagerService.java:6709) waiters=0 in android.content.Intent com.android.server.am.ActivityManagerService.registerReceiver(android.app.IApplicationThread, java.lang.String, android.content.IIntentReceiver, android.content.IntentFilter, java.lang.String, int) for 145ms
02-20 19:31:26.576  1678  1983 I dvm_lock_sample: [system_server,1,Binder:1678_6,145,ActivityManagerService.java,17547,-,6709,29]
02-20 19:31:26.577  1932  1945 D SubscriptionController: [getPhoneId]- no sims, returning default phoneId=2147483647
02-20 19:31:26.585  2043  2043 W art     : Unexpected CPU variant for X86 using defaults: x86_64
02-20 19:31:26.591  1678  1692 I am_proc_start: [0,2043,10004,com.android.cellbroadcastreceiver,broadcast,com.android.cellbroadcastreceiver/.CellBroadcastReceiver]
02-20 19:31:26.591  1678  1692 I ActivityManager: Start proc 2043:com.android.cellbroadcastreceiver/u0a4 for broadcast com.android.cellbroadcastreceiver/.CellBroadcastReceiver
02-20 19:31:26.591  1678  1749 W art     : Long monitor contention with owner ActivityManager (1692) at void com.android.server.am.ActivityManagerService.enableScreenAfterBoot()(ActivityManagerService.java:6709) waiters=1 in int com.android.server.am.ActivityManagerService.broadcastIntent(android.app.IApplicationThread, android.content.Intent, java.lang.String, android.content.IIntentReceiver, int, java.lang.String, android.os.Bundle, java.lang.String[], int, android.os.Bundle, boolean, boolean, int) for 143ms
02-20 19:31:26.591  1678  1749 I dvm_lock_sample: [system_server,0,AudioService,143,ActivityManagerService.java,18551,-,6709,28]
02-20 19:31:26.593  1932  1932 W CarrierConfigManager: Error getting config for subId -1 ICarrierConfigLoader is null
02-20 19:31:26.593  1678  1752 D TelephonyRegistry: listen oscl: hasNotifySubscriptionInfoChangedOccurred==false no callback
02-20 19:31:26.600  1678  1690 I am_proc_bound: [0,2043,com.android.cellbroadcastreceiver]
02-20 19:31:26.603  1932  1932 D TelephonyManager: setTelephonyProperty: success phoneId=0 property=gsm.network.type value: Unknown propVal=Unknown
02-20 19:31:26.608  1932  1932 D RILJ    : [3654]> SIGNAL_STRENGTH [SUB0]
02-20 19:31:26.609  1374  1469 D RIL     : onRequest: SIGNAL_STRENGTH
02-20 19:31:26.609  1932  2028 D RilRequest: [3654]< SIGNAL_STRENGTH error: com.android.internal.telephony.CommandException: RADIO_NOT_AVAILABLE ret=
02-20 19:31:26.609  1932  1932 D SST     : notifyDataRegStateRilRadioTechnologyChanged: drs=1 rat=0
02-20 19:31:26.609  1932  1932 D TelephonyManager: setTelephonyProperty: success phoneId=0 property=gsm.network.type value: Unknown propVal=Unknown
02-20 19:31:26.618  2043  2043 W System  : ClassLoader referenced unknown path: /system/priv-app/CellBroadcastReceiver/lib/x86_64
02-20 19:31:26.622  1932  1932 D DCT     : [0]DCT.constructor
02-20 19:31:26.626  1678  1983 D TelephonyRegistry: listen oscl: hasNotifySubscriptionInfoChangedOccurred==false no callback
02-20 19:31:26.627  1932  1932 D Dcc     : E ctor
02-20 19:31:26.627  1932  1932 D Dcc     : X ctor
02-20 19:31:26.629  1932  1932 D SubscriptionController: [getPhoneId] asked for default subId=-1
02-20 19:31:26.630  1932  2057 D DcTesterDeacativateAll: register for intent action=com.android.internal.telephony.dataconnection.action_deactivate_all
02-20 19:31:26.630  1932  2057 D DcTesterDeacativateAll: register for intent action=com.android.internal.telephony.action_detached
02-20 19:31:26.630  1932  2057 D Dcc     : DccDefaultState: msg.what=EVENT_RIL_CONNECTED mRilVersion=12
02-20 19:31:26.634  1932  1932 D DcTesterFailBrinupAll: register for intent action=com.android.internal.telephony.dataconnection.action_fail_bringup
02-20 19:31:26.634  1932  1932 D DcTesterFailBrinupAll: register for intent action=com.android.internal.telephony.action_detached
02-20 19:31:26.634  1932  1932 D DcTesterFailBrinupAll: register for intent action=com.android.internal.telephony.action_attached
02-20 19:31:26.634  1932  1932 D SST     : notifyDataRegStateRilRadioTechnologyChanged: drs=1 rat=0
02-20 19:31:26.634  1932  1932 D TelephonyManager: setTelephonyProperty: success phoneId=0 property=gsm.network.type value: Unknown propVal=Unknown
02-20 19:31:26.635  1932  1932 D DCT     : [0]update sub = -2
02-20 19:31:26.635  1932  1932 D DCT     : [0]update(): Active DDS, register for all events now!
02-20 19:31:26.635  1932  1932 D GsmCdmaPhone: [GsmCdmaPhone] updateCurrentCarrierInProvider: mSubId = -2 currentDds = 1 operatorNumeric = null
02-20 19:31:26.636  1932  1932 D DCT     : [0]initApnContexts: E
02-20 19:31:26.636  1932  1932 D DCT     : [0]initApnContexts: skipping unknown type=1
02-20 19:31:26.636  1932  1932 D DCT     : [0]initApnContexts: apnContext={mApnType=default mState=IDLE mWaitingApns={null} mApnSetting={null} mReason=dataEnabled mDataEnabled=false mDependencyMet=true}
02-20 19:31:26.636  1932  1932 D DCT     : [0]initApnContexts: apnContext={mApnType=mms mState=IDLE mWaitingApns={null} mApnSetting={null} mReason=dataEnabled mDataEnabled=false mDependencyMet=true}
02-20 19:31:26.636  1932  1932 D DCT     : [0]initApnContexts: apnContext={mApnType=supl mState=IDLE mWaitingApns={null} mApnSetting={null} mReason=dataEnabled mDataEnabled=false mDependencyMet=true}
02-20 19:31:26.636  1932  1932 D DCT     : [0]initApnContexts: apnContext={mApnType=hipri mState=IDLE mWaitingApns={null} mApnSetting={null} mReason=dataEnabled mDataEnabled=false mDependencyMet=true}
02-20 19:31:26.636  1932  1932 D DCT     : [0]initApnContexts: apnContext={mApnType=fota mState=IDLE mWaitingApns={null} mApnSetting={null} mReason=dataEnabled mDataEnabled=false mDependencyMet=true}
02-20 19:31:26.636  1932  1932 D DCT     : [0]initApnContexts: apnContext={mApnType=ims mState=IDLE mWaitingApns={null} mApnSetting={null} mReason=dataEnabled mDataEnabled=false mDependencyMet=true}
02-20 19:31:26.636  1932  1932 D DCT     : [0]initApnContexts: apnContext={mApnType=cbs mState=IDLE mWaitingApns={null} mApnSetting={null} mReason=dataEnabled mDataEnabled=false mDependencyMet=true}
02-20 19:31:26.636  1932  1932 D DCT     : [0]initApnContexts: skipping unknown type=13
02-20 19:31:26.636  1932  1932 D DCT     : [0]initApnContexts: apnContext={mApnType=ia mState=IDLE mWaitingApns={null} mApnSetting={null} mReason=dataEnabled mDataEnabled=false mDependencyMet=true}
02-20 19:31:26.636  1932  1932 D DCT     : [0]initApnContexts: apnContext={mApnType=emergency mState=IDLE mWaitingApns={null} mApnSetting={null} mReason=dataEnabled mDataEnabled=false mDependencyMet=true}
02-20 19:31:26.640  1770  1770 I OpaLayout: Setting opa enabled to false
02-20 19:31:26.641  1932  1932 D GsmCdmaPhone: [GsmCdmaPhone] GsmCdmaPhone: constructor: sub = 0
02-20 19:31:26.641  1932  1932 I PhoneFactory: Creating Phone with type = 1 sub = 0
02-20 19:31:26.642  1770  1770 I OpaLayout: Setting opa enabled to false
02-20 19:31:26.642  1932  1932 I PhoneFactory: defaultSmsApplication: NONE
02-20 19:31:26.643  1932  1932 I PhoneFactory: Creating SubInfoRecordUpdater 
02-20 19:31:26.644  1932  1932 D SubscriptionInfoUpdater: Constructor invoked
02-20 19:31:26.691  1678  1690 D TelephonyRegistry: listen oscl: hasNotifySubscriptionInfoChangedOccurred==false no callback
02-20 19:31:26.692  1932  1932 D SubscriptionController: [getPhoneId]- no sims, returning default phoneId=2147483647
02-20 19:31:26.693  1678  1983 D TelephonyRegistry: listen oscl: hasNotifySubscriptionInfoChangedOccurred==false no callback
02-20 19:31:26.693  1932  1932 D PhoneSwitcherNetworkRequstListener: Registering NetworkFactory
02-20 19:31:26.693  1932  1932 D PhoneSwitcher: PhoneSwitcher started
02-20 19:31:26.693  1678  1742 D ConnectivityService: Got NetworkFactory Messenger for PhoneSwitcherNetworkRequstListener
02-20 19:31:26.694  1932  1932 D ProxyController: Constructor - Enter
02-20 19:31:26.695  1770  1770 W System  : ClassLoader referenced unknown path: 
02-20 19:31:26.695  1770  1770 W System  : ClassLoader referenced unknown path: /system/priv-app/Dialer/lib/x86_64
02-20 19:31:26.695  1770  1770 D ApplicationLoaders: ignored Vulkan layer search path /system/priv-app/Dialer/lib/x86_64:/system/lib64:/vendor/lib64 for namespace 0x7aa7702220f0
02-20 19:31:26.700  1932  1932 D ProxyController: clearTransaction
02-20 19:31:26.700  1932  1932 D ProxyController: clearTransaction: phoneId=0 status=IDLE
02-20 19:31:26.700  1932  1932 D ProxyController: Constructor - Exit
02-20 19:31:26.701  1932  1932 D TelephonyNetworkFactory[0]: Registering NetworkFactory
02-20 19:31:26.711  1678  1742 D ConnectivityService: Got NetworkFactory Messenger for TelephonyNetworkFactory[0]
02-20 19:31:26.712  1932  1932 D CallManager: registerPhone(GSM Handler (com.android.internal.telephony.GsmCdmaPhone) {7f2dbb6})
02-20 19:31:26.728  1678  1983 D TelephonyRegistry: listen oscl: hasNotifySubscriptionInfoChangedOccurred==false no callback
02-20 19:31:26.770  1932  1932 D CarrierConfigLoader: CarrierConfigLoader has started
02-20 19:31:26.770  1932  1932 E BluetoothAdapter: Bluetooth binder is null
02-20 19:31:26.771  1678  1793 D TelephonyRegistry: listen oscl: hasNotifySubscriptionInfoChangedOccurred==false no callback
02-20 19:31:26.808  1932  2061 E ActivityThread: Failed to find provider info for com.android.contacts
02-20 19:31:26.808  1932  2061 W CallerInfoCache: cursor is null
02-20 19:31:26.814  1770  1770 E BluetoothAdapter: Bluetooth binder is null
02-20 19:31:26.814  1678  1752 D TelephonyRegistry: listen oscl: hasNotifySubscriptionInfoChangedOccurred==false no callback
02-20 19:31:26.816  1932  1945 D SubscriptionController: [getActiveSubInfoList] Sub Controller not ready
02-20 19:31:26.818  1932  1944 D SubscriptionController: [getActiveSubInfoList] Sub Controller not ready
02-20 19:31:26.834  1932  1932 D RILJ    : [3655]> RIL_REQUEST_SET_TTY_MODE : 0 [SUB0]
02-20 19:31:26.834  1374  1469 D RIL     : onRequest: SET_TTY_MODE
02-20 19:31:26.834  1932  2028 D RilRequest: [3655]< RIL_REQUEST_SET_TTY_MODE error: com.android.internal.telephony.CommandException: RADIO_NOT_AVAILABLE ret=
02-20 19:31:26.835  1932  1932 I Telephony: TtyManager: updateUiTtyMode -1 -> 0
02-20 19:31:26.837  1770  1770 I CameraManagerGlobal: Connecting to camera service
02-20 19:31:26.839  1365  1365 V EmulatedCamera_Camera: getCameraInfo
02-20 19:31:26.839  1365  1365 V EmulatedCamera_BaseCamera: getCameraInfo
02-20 19:31:26.839  1365  1365 I CameraService: getCameraCharacteristics: Switching to HAL1 shim implementation...
02-20 19:31:26.839  1365  1365 V EmulatedCamera_Camera: getCameraInfo
02-20 19:31:26.839  1365  1365 V EmulatedCamera_BaseCamera: getCameraInfo
02-20 19:31:26.839  1365  1365 I CameraService: CameraService::connect call (PID -1 "cameraserver", camera ID 0) for HAL version default and Camera API version 1
02-20 19:31:26.839  1365  1365 E CameraService: getCameraPriorityFromProcState: Received invalid process state -1 from ActivityManagerService!
02-20 19:31:26.839  1365  1365 V EmulatedCamera_Camera: getCameraInfo
02-20 19:31:26.839  1365  1365 V EmulatedCamera_BaseCamera: getCameraInfo
02-20 19:31:26.842  1678  1690 D TelephonyRegistry: listen oscl: hasNotifySubscriptionInfoChangedOccurred==false no callback
02-20 19:31:26.843  1372  2065 E WVMExtractor: Failed to open libwvm.so: dlopen failed: library "libwvm.so" not found
02-20 19:31:26.843  1932  1932 D SubscriptionController: [getPhoneId] asked for default subId=-1
02-20 19:31:26.845  1932  1932 D UiccController: Received EVENT_ICC_STATUS_CHANGED, calling getIccCardStatus
02-20 19:31:26.845  1932  1932 D RILJ    : [3656]> GET_SIM_STATUS [SUB0]
02-20 19:31:26.846  1374  1469 D RIL     : onRequest: GET_SIM_STATUS
02-20 19:31:26.846  1374  1469 D RIL     : getSIMStatus(). sState: 0
02-20 19:31:26.846  1932  1932 D Phone   : config LCE service failed: com.android.internal.telephony.CommandException: RADIO_NOT_AVAILABLE
02-20 19:31:26.846  1932  1932 D GsmSMSDispatcher: GsmSMSDispatcher: subId = -2 slotId = 0
02-20 19:31:26.846  1932  1932 E IccCardProxy: setExternalState: !override and newstate unchanged from NOT_READY
02-20 19:31:26.846  1932  1932 D RILJ    : [3657]> BASEBAND_VERSION [SUB0]
02-20 19:31:26.847  1932  2028 D RILJ    : [3656]< GET_SIM_STATUS IccCardState {CARDSTATE_PRESENT,PINSTATE_UNKNOWN,num_apps=2,gsm_id=0{APPTYPE_SIM,APPSTATE_DETECTED},cdma_id=1{APPTYPE_RUIM,APPSTATE_DETECTED},ims_id=8} [SUB0]
02-20 19:31:26.847  1932  1932 D RILJ    : [3658]> GET_IMEI [SUB0]
02-20 19:31:26.847  1932  1932 D RILJ    : [3659]> GET_IMEISV [SUB0]
02-20 19:31:26.847  1374  1469 D RIL     : onRequest: BASEBAND_VERSION
02-20 19:31:26.847  1374  1469 D RIL     : onRequest: GET_IMEI
02-20 19:31:26.847  1374  1469 D AT      : AT> AT+CGSN
02-20 19:31:26.847  1932  1932 D RILJ    : [3660]> RIL_REQUEST_GET_RADIO_CAPABILITY [SUB0]
02-20 19:31:26.848  1374  1471 D AT      : AT< 000000000000000
02-20 19:31:26.848  1374  1471 D AT      : AT< OK
02-20 19:31:26.848  1932  1932 D RILJ    : [3661]> RIL_REQUEST_START_LCE [SUB0]
02-20 19:31:26.848  1374  1469 D RIL     : onRequest: GET_IMEISV
02-20 19:31:26.848  1374  1469 D RIL     : onRequest: RIL_REQUEST_GET_RADIO_CAPABILITY
02-20 19:31:26.848  1932  1932 D GsmCdmaPhone: [GsmCdmaPhone] Event EVENT_RADIO_OFF_OR_NOT_AVAILABLE Received
02-20 19:31:26.848  1932  1932 E IccCardProxy: setExternalState: !override and newstate unchanged from NOT_READY
02-20 19:31:26.848  1932  1932 D SST     : mDeviceShuttingDown=false, mDesiredPowerState=true, getRadioState=RADIO_OFF, mPowerOffDelayNeed=true, mAlarmSwitch=false, mRadioDisabledByCarrier=false
02-20 19:31:26.848  1374  1469 D RIL     : onRequest: <unknown request>
02-20 19:31:26.848  1932  1932 D RILJ    : [3662]> RADIO_POWER on [SUB0]
02-20 19:31:26.848  1932  1932 D RILJ    : [3663]> OPERATOR [SUB0]
02-20 19:31:26.849  1374  1469 D RIL     : onRequest: RADIO_POWER
02-20 19:31:26.849  1374  1469 D AT      : AT> AT+CFUN=1
02-20 19:31:26.849  1374  1471 D AT      : AT< OK
02-20 19:31:26.849  1374  1469 D RIL     : setRadioState(10)
02-20 19:31:26.849  1932  1932 D RILJ    : [3664]> DATA_REGISTRATION_STATE [SUB0]
02-20 19:31:26.850  1932  2028 D RilRequest: [3657]< BASEBAND_VERSION error: com.android.internal.telephony.CommandException: RADIO_NOT_AVAILABLE ret=
02-20 19:31:26.850  1374  1469 D RIL     : onRequest: OPERATOR
02-20 19:31:26.850  1932  1932 D RILJ    : [3665]> VOICE_REGISTRATION_STATE [SUB0]
02-20 19:31:26.850  1374  1469 D AT      : AT> AT+COPS=3,0;+COPS?;+COPS=3,1;+COPS?;+COPS=3,2;+COPS?
02-20 19:31:26.852  1932  1932 D RILJ    : [3666]> QUERY_NETWORK_SELECTION_MODE [SUB0]
02-20 19:31:26.853  1932  1932 D SST     : NITZ: 18/02/20:19:31:18+0:0:Unknown!Unknown,4470 start=13853 delay=9383
02-20 19:31:26.854  1932  2028 D RILJ    : [3658]< GET_IMEI  [SUB0]
02-20 19:31:26.854  1932  2028 D RilRequest: [3659]< GET_IMEISV error: com.android.internal.telephony.CommandException: RADIO_NOT_AVAILABLE ret=
02-20 19:31:26.854  1932  2028 D RilRequest: [3660]< RIL_REQUEST_GET_RADIO_CAPABILITY error: com.android.internal.telephony.CommandException: RADIO_NOT_AVAILABLE ret=
02-20 19:31:26.854  1932  2028 D RilRequest: [3661]< RIL_REQUEST_START_LCE error: com.android.internal.telephony.CommandException: RADIO_NOT_AVAILABLE ret=
02-20 19:31:26.854  1932  2028 D RILJ    : [UNSL]< UNSOL_RESPONSE_RADIO_STATE_CHANGED RADIO_ON [SUB0]
02-20 19:31:26.854  1932  2028 D RILJ    : [UNSL]< UNSOL_RESPONSE_SIM_STATUS_CHANGED [SUB0]
02-20 19:31:26.855  1932  2028 D RILJ    : [3662]< RADIO_POWER  [SUB0]
02-20 19:31:26.855  1932  1932 D SST     : NITZ: tzOffset=0 dst=0 zone=GMT iso= mGotCountryCode=false mNeedFixZoneAfterNitz=false
02-20 19:31:26.856  1932  1932 D SST     : setAndBroadcastNetworkSetTimeZone: setTimeZone=GMT
02-20 19:31:26.856  1678  1974 D AlarmManagerService: Kernel timezone updated to 0 minutes west of GMT
02-20 19:31:26.857  1932  1932 D SST     : setAndBroadcastNetworkSetTimeZone: call alarm.setTimeZone and broadcast zoneId=GMT
02-20 19:31:26.858  1374  1471 D AT      : AT< +COPS: 0,0,"Android"
02-20 19:31:26.858  1374  1471 D AT      : AT< +COPS: 0,1,"Android"
02-20 19:31:26.858  1374  1471 D AT      : AT< +COPS: 0,2,"310260"
02-20 19:31:26.858  1374  1471 D AT      : AT< OK
02-20 19:31:26.858  1374  1469 D RIL     : onRequest: DATA_REGISTRATION_STATE
02-20 19:31:26.858  1374  1469 D RIL     : requestRegistrationState
02-20 19:31:26.858  1374  1469 D AT      : AT> AT+CGREG?
02-20 19:31:26.858  1374  1471 D AT      : AT< +CGREG: 1,1,"0003","005b","000e"
02-20 19:31:26.858  1932  2028 D RILJ    : [3663]< OPERATOR {Android, Android, 310260} [SUB0]
02-20 19:31:26.858  1374  1471 D AT      : AT< OK
02-20 19:31:26.858  1374  1469 D RIL     : parseRegistrationState. Parsing: +CGREG: 1,1,"0003","005b","000e"
02-20 19:31:26.858  1374  1469 D RIL     : registration state type: 3GPP
02-20 19:31:26.858  1374  1469 D RIL     : onRequest: VOICE_REGISTRATION_STATE
02-20 19:31:26.858  1374  1469 D RIL     : requestRegistrationState
02-20 19:31:26.858  1374  1469 D AT      : AT> AT+CREG?
02-20 19:31:26.858  1932  2028 D RILJ    : [3664]< DATA_REGISTRATION_STATE {1, 3, 5b, 14, null, null} [SUB0]
02-20 19:31:26.859  1374  1471 D AT      : AT< +CREG: 2,1, "0003", "005b"
02-20 19:31:26.859  1374  1471 D AT      : AT< OK
02-20 19:31:26.859  1932  1932 D SST     : NITZ: Setting time of day to Tue Feb 20 19:31:27 GMT+00:00 2018 NITZ receive delay(ms): 9388 gained(ms): 529 from 18/02/20:19:31:18+0:0:Unknown!Unknown
02-20 19:31:26.859  1374  1469 D RIL     : parseRegistrationState. Parsing: +CREG: 2,1, "0003", "005b"
02-20 19:31:26.859  1374  1469 D RIL     : registration state type: 3GPP
02-20 19:31:26.859  1932  1932 D SST     : setAndBroadcastNetworkSetTime: time=1519155087388ms
02-20 19:31:26.859  1374  1469 D RIL     : onRequest: QUERY_NETWORK_SELECTION_MODE
02-20 19:31:26.859  1374  1469 D AT      : AT> AT+COPS?
02-20 19:31:26.859  1678  1689 D AlarmManagerService: Setting time of day to sec=1519155087
02-20 19:31:26.859  1932  2028 D RILJ    : [3665]< VOICE_REGISTRATION_STATE {1, 3, 5b, 0, null, null, null, null, null, null, null, null, null, null, null} [SUB0]
02-20 19:31:27.388  1678  1689 W AlarmManagerService: Unable to set rtc to 1519155087: No such device
02-20 19:31:27.388  1374  1471 D AT      : AT< +COPS: 0,2,310260
02-20 19:31:27.388  1374  1471 D AT      : AT< OK
02-20 19:31:27.388  1932  2028 D RILJ    : [3666]< QUERY_NETWORK_SELECTION_MODE {0} [SUB0]
02-20 19:31:27.388  1372  2064 D NuPlayerDriver: notifyListener_l(0xea9a8d80), (1, 0, 0), loop setting(0, 0)
02-20 19:31:27.388  1678  1678 D ConditionProviders.SCP: onReceive android.intent.action.TIME_SET
02-20 19:31:27.389  1678  1678 D ConditionProviders.SCP: notifyCondition condition://android/schedule?days=6.7&start=23.30&end=10.0&exitAtAlarm=false STATE_FALSE reason=!meetsSchedule
02-20 19:31:27.389  1678  1678 D ConditionProviders.SCP: notifyCondition condition://android/schedule?days=1.2.3.4.5&start=22.0&end=7.0&exitAtAlarm=false STATE_FALSE reason=!meetsSchedule
02-20 19:31:27.389  1678  1678 D ConditionProviders.SCP: Scheduling evaluate for Tue Feb 20 22:00:00 GMT+00:00 2018 (1519164000000), in +2h28m32s612ms, now=Tue Feb 20 19:31:27 GMT+00:00 2018 (1519155087388)
02-20 19:31:27.392  1678  1748 E ActivityThread: Failed to find provider info for com.android.calendar
02-20 19:31:27.392  1678  1748 E ActivityThread: Failed to find provider info for com.android.calendar
02-20 19:31:27.400  1372  2067 D NuPlayerDriver: notifyListener_l(0xea9a8e40), (1, 0, 0), loop setting(0, 0)
02-20 19:31:27.401  1932  1932 I SST     : NITZ: after Setting time of day
02-20 19:31:27.401  1932  1932 D SST     : NITZ: end=13873 dur=20
02-20 19:31:27.402  1932  1932 D SST     : onSignalStrengthResult() Exception from RIL : com.android.internal.telephony.CommandException: RADIO_NOT_AVAILABLE
02-20 19:31:27.403  1932  1932 D SST     : mDeviceShuttingDown=false, mDesiredPowerState=true, getRadioState=RADIO_ON, mPowerOffDelayNeed=true, mAlarmSwitch=false, mRadioDisabledByCarrier=false
02-20 19:31:27.403  1932  1932 D RILJ    : [3667]> OPERATOR [SUB0]
02-20 19:31:27.403  1932  1932 D RILJ    : [3668]> DATA_REGISTRATION_STATE [SUB0]
02-20 19:31:27.403  1374  1469 D RIL     : onRequest: OPERATOR
02-20 19:31:27.403  1374  1469 D AT      : AT> AT+COPS=3,0;+COPS?;+COPS=3,1;+COPS?;+COPS=3,2;+COPS?
02-20 19:31:27.404  1932  1932 D RILJ    : [3669]> VOICE_REGISTRATION_STATE [SUB0]
02-20 19:31:27.404  1374  1471 D AT      : AT< +COPS: 0,0,"Android"
02-20 19:31:27.404  1374  1471 D AT      : AT< +COPS: 0,1,"Android"
02-20 19:31:27.404  1374  1471 D AT      : AT< +COPS: 0,2,"310260"
02-20 19:31:27.404  1374  1471 D AT      : AT< OK
02-20 19:31:27.404  1374  1469 D RIL     : onRequest: DATA_REGISTRATION_STATE
02-20 19:31:27.404  1374  1469 D RIL     : requestRegistrationState
02-20 19:31:27.404  1374  1469 D AT      : AT> AT+CGREG?
02-20 19:31:27.404  1372  2069 D NuPlayerDriver: notifyListener_l(0xea9a9020), (1, 0, 0), loop setting(0, 0)
02-20 19:31:27.404  1932  2028 D RILJ    : [3667]< OPERATOR {Android, Android, 310260} [SUB0]
02-20 19:31:27.404  1374  1471 D AT      : AT< +CGREG: 1,1,"0003","005b","000e"
02-20 19:31:27.404  1374  1471 D AT      : AT< OK
02-20 19:31:27.405  1374  1469 D RIL     : parseRegistrationState. Parsing: +CGREG: 1,1,"0003","005b","000e"
02-20 19:31:27.405  1374  1469 D RIL     : registration state type: 3GPP
02-20 19:31:27.405  1932  1932 D RILJ    : [3670]> QUERY_NETWORK_SELECTION_MODE [SUB0]
02-20 19:31:27.405  1374  1469 D RIL     : onRequest: VOICE_REGISTRATION_STATE
02-20 19:31:27.405  1374  1469 D RIL     : requestRegistrationState
02-20 19:31:27.405  1374  1469 D AT      : AT> AT+CREG?
02-20 19:31:27.405  1365  1365 I CameraFlashlight: Opening camera 0
02-20 19:31:27.405  1365  1365 V EmulatedCamera_Camera: getCameraInfo
02-20 19:31:27.405  1365  1365 V EmulatedCamera_BaseCamera: getCameraInfo
02-20 19:31:27.405  1365  1365 V EmulatedCamera_Camera: connectCamera
02-20 19:31:27.405  1365  1365 V EmulatedCamera_FakeDevice: connectDevice
02-20 19:31:27.405  1365  1365 V EmulatedCamera_CallbackNotifier: setCallbacks: 0xed46fe80, 0xed46fed0, 0xed46fff0, 0xed470110 (0xeccc3320)
02-20 19:31:27.405  1365  1365 V EmulatedCamera_CallbackNotifier: enableMessage: msg_type = 0xc0d
02-20 19:31:27.405  1365  1365 V EmulatedCamera_CallbackNotifier:     CAMERA_MSG_ERROR
02-20 19:31:27.405  1365  1365 V EmulatedCamera_CallbackNotifier:     CAMERA_MSG_FOCUS
02-20 19:31:27.405  1365  1365 V EmulatedCamera_CallbackNotifier:     CAMERA_MSG_ZOOM
02-20 19:31:27.405  1365  1365 V EmulatedCamera_CallbackNotifier:     CAMERA_MSG_PREVIEW_METADATA
02-20 19:31:27.405  1365  1365 V EmulatedCamera_CallbackNotifier: **** Currently enabled messages:
02-20 19:31:27.405  1365  1365 V EmulatedCamera_CallbackNotifier:     CAMERA_MSG_ERROR
02-20 19:31:27.405  1365  1365 V EmulatedCamera_CallbackNotifier:     CAMERA_MSG_FOCUS
02-20 19:31:27.405  1365  1365 V EmulatedCamera_CallbackNotifier:     CAMERA_MSG_ZOOM
02-20 19:31:27.405  1365  1365 V EmulatedCamera_CallbackNotifier:     CAMERA_MSG_PREVIEW_METADATA
02-20 19:31:27.405  1365  1365 V EmulatedCamera_CallbackNotifier: disableMessage: msg_type = 0xffff
02-20 19:31:27.405  1365  1365 V EmulatedCamera_CallbackNotifier:     CAMERA_MSG_ERROR
02-20 19:31:27.405  1365  1365 V EmulatedCamera_CallbackNotifier:     CAMERA_MSG_SHUTTER
02-20 19:31:27.405  1365  1365 V EmulatedCamera_CallbackNotifier:     CAMERA_MSG_FOCUS
02-20 19:31:27.405  1365  1365 V EmulatedCamera_CallbackNotifier:     CAMERA_MSG_ZOOM
02-20 19:31:27.405  1365  1365 V EmulatedCamera_CallbackNotifier:     CAMERA_MSG_PREVIEW_FRAME
02-20 19:31:27.405  1365  1365 V EmulatedCamera_CallbackNotifier:     CAMERA_MSG_VIDEO_FRAME
02-20 19:31:27.405  1365  1365 V EmulatedCamera_CallbackNotifier:     CAMERA_MSG_POSTVIEW_FRAME
02-20 19:31:27.406  1365  1365 V EmulatedCamera_CallbackNotifier:     CAMERA_MSG_RAW_IMAGE
02-20 19:31:27.406  1365  1365 V EmulatedCamera_CallbackNotifier:     CAMERA_MSG_COMPRESSED_IMAGE
02-20 19:31:27.406  1365  1365 V EmulatedCamera_CallbackNotifier:     CAMERA_MSG_RAW_IMAGE_NOTIFY
02-20 19:31:27.406  1365  1365 V EmulatedCamera_CallbackNotifier:     CAMERA_MSG_PREVIEW_METADATA
02-20 19:31:27.406  1365  1365 V EmulatedCamera_CallbackNotifier: **** Currently enabled messages:
02-20 19:31:27.406  1365  1365 V EmulatedCamera_Preview: setPreviewWindow: current: 0x0 -> new: 0x0
02-20 19:31:27.406  1365  1365 V EmulatedCamera_Camera: doStopPreview
02-20 19:31:27.406  1365  1365 V EmulatedCamera_Camera: cancelPicture
02-20 19:31:27.406  1365  1365 V EmulatedCamera_Camera: releaseCamera
02-20 19:31:27.406  1365  1365 V EmulatedCamera_Camera: doStopPreview
02-20 19:31:27.406  1365  1365 V EmulatedCamera_FakeDevice: disconnectDevice
02-20 19:31:27.406  1365  1365 W EmulatedCamera_Device: Initialize: Emulated camera device is already initialized: mState = 1
02-20 19:31:27.406  1365  1365 D EmulatedCamera_FakeCamera: Initialize: Fake camera is facing back
02-20 19:31:27.406  1365  1365 V EmulatedCamera_Device: initializeWhiteBalanceModes with auto, 1.000000, 1.000000
02-20 19:31:27.406  1365  1365 V EmulatedCamera_Device: initializeWhiteBalanceModes with incandescent, 1.380000, 0.600000
02-20 19:31:27.406  1365  1365 V EmulatedCamera_Device: initializeWhiteBalanceModes with daylight, 1.090000, 0.920000
02-20 19:31:27.406  1365  1365 V EmulatedCamera_Device: initializeWhiteBalanceModes with twilight, 0.920000, 1.220000
02-20 19:31:27.406  1365  1365 V EmulatedCamera_Device: setWhiteBalanceMode with white balance auto
02-20 19:31:27.406  1365  1365 I CameraFlashlight: Destroying camera 0
02-20 19:31:27.406  1365  1365 V EmulatedCamera_Camera: closeCamera
02-20 19:31:27.406  1365  1365 V EmulatedCamera_Camera: doStopPreview
02-20 19:31:27.406  1365  1365 W EmulatedCamera_Device: Initialize: Emulated camera device is already initialized: mState = 1
02-20 19:31:27.406  1365  1365 D EmulatedCamera_FakeCamera: Initialize: Fake camera is facing back
02-20 19:31:27.406  1365  1365 V EmulatedCamera_Device: initializeWhiteBalanceModes with auto, 1.000000, 1.000000
02-20 19:31:27.406  1365  1365 V EmulatedCamera_Device: initializeWhiteBalanceModes with incandescent, 1.380000, 0.600000
02-20 19:31:27.406  1365  1365 V EmulatedCamera_Device: initializeWhiteBalanceModes with daylight, 1.090000, 0.920000
02-20 19:31:27.406  1365  1365 V EmulatedCamera_Device: initializeWhiteBalanceModes with twilight, 0.920000, 1.220000
02-20 19:31:27.406  1365  1365 V EmulatedCamera_Device: setWhiteBalanceMode with white balance auto
02-20 19:31:27.406  1365  1365 I CameraService: disconnect: Disconnected client for camera 0 for PID 1365
02-20 19:31:27.406  1372  1895 D NuPlayerDriver: reset(0xea9a8d80) at state 4
02-20 19:31:27.406  1372  1895 D NuPlayerDriver: notifyListener_l(0xea9a8d80), (8, 0, 0), loop setting(0, 0)
02-20 19:31:27.406  1374  1471 D AT      : AT< +CREG: 2,1, "0003", "005b"
02-20 19:31:27.406  1374  1471 D AT      : AT< OK
02-20 19:31:27.407  1372  2064 D NuPlayerDriver: notifyResetComplete(0xea9a8d80)
02-20 19:31:27.407  1374  1469 D RIL     : parseRegistrationState. Parsing: +CREG: 2,1, "0003", "005b"
02-20 19:31:27.407  1374  1469 D RIL     : registration state type: 3GPP
02-20 19:31:27.407  1374  1469 D RIL     : onRequest: QUERY_NETWORK_SELECTION_MODE
02-20 19:31:27.407  1374  1469 D AT      : AT> AT+COPS?
02-20 19:31:27.407  1932  2028 D RILJ    : [3668]< DATA_REGISTRATION_STATE {1, 3, 5b, 14, null, null} [SUB0]
02-20 19:31:27.407  1932  2028 D RILJ    : [3669]< VOICE_REGISTRATION_STATE {1, 3, 5b, 0, null, null, null, null, null, null, null, null, null, null, null} [SUB0]
02-20 19:31:27.407  1374  1471 D AT      : AT< +COPS: 0,2,310260
02-20 19:31:27.407  1374  1471 D AT      : AT< OK
02-20 19:31:27.407  1932  2028 D RILJ    : [3670]< QUERY_NETWORK_SELECTION_MODE {0} [SUB0]
02-20 19:31:27.407  1372  1372 D NuPlayerDriver: reset(0xea9a8e40) at state 4
02-20 19:31:27.407  1372  1372 D NuPlayerDriver: notifyListener_l(0xea9a8e40), (8, 0, 0), loop setting(0, 0)
02-20 19:31:27.407  1372  2067 D NuPlayerDriver: notifyResetComplete(0xea9a8e40)
02-20 19:31:27.408  1932  1932 D DCT     : [0]NETWORK_STATE_CHANGED_ACTION: mIsWifiConnected=false
02-20 19:31:27.408  1932  1932 D DCT     : [0]Wifi state changed
02-20 19:31:27.408  1932  1932 D DCT     : [0]WIFI_STATE_CHANGED_ACTION: enabled=true mIsWifiConnected=false
02-20 19:31:27.408  1372  1372 D NuPlayerDriver: reset(0xea9a9020) at state 4
02-20 19:31:27.408  1932  1932 D DCT     : [0]onRadioAvailable
02-20 19:31:27.408  1372  1372 D NuPlayerDriver: notifyListener_l(0xea9a9020), (8, 0, 0), loop setting(0, 0)
02-20 19:31:27.408  1932  1932 D DCT     : [0]onRadioOffOrNotAvailable: is off and clean up all connections
02-20 19:31:27.408  1932  1932 D DCT     : [0]cleanUpAllConnections: tearDown=false reason=radioTurnedOff
02-20 19:31:27.408  1372  2069 D NuPlayerDriver: notifyResetComplete(0xea9a9020)
02-20 19:31:27.408  1932  1932 D GsmCdmaPhone: [GsmCdmaPhone] getDataConnectionState apnType=default ret=DISCONNECTED
02-20 19:31:27.411  1365  1707 V EmulatedCamera_Camera: getCameraInfo
02-20 19:31:27.411  1365  1707 V EmulatedCamera_BaseCamera: getCameraInfo
02-20 19:31:27.412  1365  1365 V EmulatedCamera_Camera: getCameraInfo
02-20 19:31:27.412  1365  1365 V EmulatedCamera_BaseCamera: getCameraInfo
02-20 19:31:27.414  1932  1932 D DCT     : [0]cleanUpConnection: X tearDown=false reason=radioTurnedOff apnContext={mApnType=default mState=IDLE mWaitingApns={null} mApnSetting={null} mReason=radioTurnedOff mDataEnabled=false mDependencyMet=true} dcac=null
02-20 19:31:27.414  1932  1932 D GsmCdmaPhone: [GsmCdmaPhone] getDataConnectionState apnType=mms ret=DISCONNECTED
02-20 19:31:27.415  1932  1932 D DCT     : [0]cleanUpConnection: X tearDown=false reason=radioTurnedOff apnContext={mApnType=mms mState=IDLE mWaitingApns={null} mApnSetting={null} mReason=radioTurnedOff mDataEnabled=false mDependencyMet=true} dcac=null
02-20 19:31:27.415  1932  1932 D GsmCdmaPhone: [GsmCdmaPhone] getDataConnectionState apnType=cbs ret=DISCONNECTED
02-20 19:31:27.415  1932  1932 D DCT     : [0]cleanUpConnection: X tearDown=false reason=radioTurnedOff apnContext={mApnType=cbs mState=IDLE mWaitingApns={null} mApnSetting={null} mReason=radioTurnedOff mDataEnabled=false mDependencyMet=true} dcac=null
02-20 19:31:27.415  1932  1932 D GsmCdmaPhone: [GsmCdmaPhone] getDataConnectionState apnType=fota ret=DISCONNECTED
02-20 19:31:27.416  1932  1932 D DCT     : [0]cleanUpConnection: X tearDown=false reason=radioTurnedOff apnContext={mApnType=fota mState=IDLE mWaitingApns={null} mApnSetting={null} mReason=radioTurnedOff mDataEnabled=false mDependencyMet=true} dcac=null
02-20 19:31:27.416  1932  1932 D GsmCdmaPhone: [GsmCdmaPhone] getDataConnectionState apnType=supl ret=DISCONNECTED
02-20 19:31:27.417  1932  1932 D DCT     : [0]cleanUpConnection: X tearDown=false reason=radioTurnedOff apnContext={mApnType=supl mState=IDLE mWaitingApns={null} mApnSetting={null} mReason=radioTurnedOff mDataEnabled=false mDependencyMet=true} dcac=null
02-20 19:31:27.417  1932  1932 D GsmCdmaPhone: [GsmCdmaPhone] getDataConnectionState apnType=ia ret=DISCONNECTED
02-20 19:31:27.417  1932  1932 D DCT     : [0]cleanUpConnection: X tearDown=false reason=radioTurnedOff apnContext={mApnType=ia mState=IDLE mWaitingApns={null} mApnSetting={null} mReason=radioTurnedOff mDataEnabled=false mDependencyMet=true} dcac=null
02-20 19:31:27.417  1932  1932 D GsmCdmaPhone: [GsmCdmaPhone] getDataConnectionState apnType=emergency ret=DISCONNECTED
02-20 19:31:27.418  1932  1932 D DCT     : [0]cleanUpConnection: X tearDown=false reason=radioTurnedOff apnContext={mApnType=emergency mState=IDLE mWaitingApns={null} mApnSetting={null} mReason=radioTurnedOff mDataEnabled=false mDependencyMet=true} dcac=null
02-20 19:31:27.418  1932  1932 D GsmCdmaPhone: [GsmCdmaPhone] getDataConnectionState apnType=hipri ret=DISCONNECTED
02-20 19:31:27.419  1932  1932 D DCT     : [0]cleanUpConnection: X tearDown=false reason=radioTurnedOff apnContext={mApnType=hipri mState=IDLE mWaitingApns={null} mApnSetting={null} mReason=radioTurnedOff mDataEnabled=false mDependencyMet=true} dcac=null
02-20 19:31:27.419  1932  1932 D GsmCdmaPhone: [GsmCdmaPhone] getDataConnectionState apnType=ims ret=DISCONNECTED
02-20 19:31:27.419  1932  1932 D DCT     : [0]cleanUpConnection: X tearDown=false reason=radioTurnedOff apnContext={mApnType=ims mState=IDLE mWaitingApns={null} mApnSetting={null} mReason=radioTurnedOff mDataEnabled=false mDependencyMet=true} dcac=null
02-20 19:31:27.419  1932  1932 D DCT     : [0]stopNetStatPoll
02-20 19:31:27.420  1770  1770 I StatusBar: isKeyguardShowing() called before startKeyguard(), returning true
02-20 19:31:27.420  1932  1932 D DCT     : [0]cleanUpConnection: mDisconnectPendingCount = 0
02-20 19:31:27.420  1932  1932 D DCT     : [0]isDataAllowed: No - SIM not loaded - Not attached
02-20 19:31:27.420  1770  1770 W StatusBar: isKeyguardSecure() called before startKeyguard(), returning false
02-20 19:31:27.420  1770  1770 W StatusBar: java.lang.Throwable
02-20 19:31:27.420  1770  1770 W StatusBar: 	at com.android.systemui.statusbar.BaseStatusBar.isKeyguardSecure(BaseStatusBar.java:2647)
02-20 19:31:27.420  1770  1770 W StatusBar: 	at com.android.systemui.statusbar.BaseStatusBar.isCameraAllowedByAdmin(BaseStatusBar.java:2670)
02-20 19:31:27.420  1770  1770 W StatusBar: 	at com.android.systemui.statusbar.phone.KeyguardBottomAreaView.updateCameraVisibility(KeyguardBottomAreaView.java:309)
02-20 19:31:27.420  1770  1770 W StatusBar: 	at com.android.systemui.statusbar.phone.KeyguardBottomAreaView.setPhoneStatusBar(KeyguardBottomAreaView.java:272)
02-20 19:31:27.420  1770  1770 W StatusBar: 	at com.android.systemui.statusbar.phone.PhoneStatusBar.makeStatusBarView(PhoneStatusBar.java:904)
02-20 19:31:27.420  1770  1770 W StatusBar: 	at com.android.systemui.statusbar.phone.PhoneStatusBar.addStatusBarWindow(PhoneStatusBar.java:3432)
02-20 19:31:27.420  1770  1770 W StatusBar: 	at com.android.systemui.statusbar.phone.PhoneStatusBar.createAndAddWindows(PhoneStatusBar.java:3428)
02-20 19:31:27.420  1770  1770 W StatusBar: 	at com.android.systemui.statusbar.BaseStatusBar.start(BaseStatusBar.java:765)
02-20 19:31:27.420  1770  1770 W StatusBar: 	at com.android.systemui.statusbar.phone.PhoneStatusBar.start(PhoneStatusBar.java:686)
02-20 19:31:27.420  1770  1770 W StatusBar: 	at com.android.systemui.statusbar.SystemBars.createStatusBarFromConfig(SystemBars.java:106)
02-20 19:31:27.420  1770  1770 W StatusBar: 	at com.android.systemui.statusbar.SystemBars.onNoService(SystemBars.java:58)
02-20 19:31:27.420  1770  1770 W StatusBar: 	at com.android.systemui.statusbar.ServiceMonitor.startService(ServiceMonitor.java:230)
02-20 19:31:27.420  1770  1770 W StatusBar: 	at com.android.systemui.statusbar.ServiceMonitor.-wrap5(ServiceMonitor.java)
02-20 19:31:27.420  1770  1770 W StatusBar: 	at com.android.systemui.statusbar.ServiceMonitor$1.handleMessage(ServiceMonitor.java:73)
02-20 19:31:27.420  1770  1770 W StatusBar: 	at android.os.Handler.dispatchMessage(Handler.java:102)
02-20 19:31:27.420  1770  1770 W StatusBar: 	at android.os.Looper.loop(Looper.java:154)
02-20 19:31:27.420  1770  1770 W StatusBar: 	at android.app.ActivityThread.main(ActivityThread.java:6119)
02-20 19:31:27.420  1770  1770 W StatusBar: 	at java.lang.reflect.Method.invoke(Native Method)
02-20 19:31:27.420  1770  1770 W StatusBar: 	at com.android.internal.os.ZygoteInit$MethodAndArgsCaller.run(ZygoteInit.java:886)
02-20 19:31:27.420  1770  1770 W StatusBar: 	at com.android.internal.os.ZygoteInit.main(ZygoteInit.java:776)
02-20 19:31:27.420  1770  1770 I StatusBar: isKeyguardShowing() called before startKeyguard(), returning true
02-20 19:31:27.421  1770  1770 W StatusBar: isKeyguardSecure() called before startKeyguard(), returning false
02-20 19:31:27.421  1770  1770 W StatusBar: java.lang.Throwable
02-20 19:31:27.421  1770  1770 W StatusBar: 	at com.android.systemui.statusbar.BaseStatusBar.isKeyguardSecure(BaseStatusBar.java:2647)
02-20 19:31:27.421  1770  1770 W StatusBar: 	at com.android.systemui.statusbar.BaseStatusBar.isCameraAllowedByAdmin(BaseStatusBar.java:2670)
02-20 19:31:27.421  1770  1770 W StatusBar: 	at com.android.systemui.statusbar.phone.KeyguardBottomAreaView.updateCameraVisibility(KeyguardBottomAreaView.java:309)
02-20 19:31:27.421  1770  1770 W StatusBar: 	at com.android.systemui.statusbar.phone.KeyguardBottomAreaView.setUserSetupComplete(KeyguardBottomAreaView.java:281)
02-20 19:31:27.421  1770  1770 W StatusBar: 	at com.android.systemui.statusbar.phone.PhoneStatusBar.makeStatusBarView(PhoneStatusBar.java:905)
02-20 19:31:27.421  1770  1770 W StatusBar: 	at com.android.systemui.statusbar.phone.PhoneStatusBar.addStatusBarWindow(PhoneStatusBar.java:3432)
02-20 19:31:27.421  1770  1770 W StatusBar: 	at com.android.systemui.statusbar.phone.PhoneStatusBar.createAndAddWindows(PhoneStatusBar.java:3428)
02-20 19:31:27.421  1770  1770 W StatusBar: 	at com.android.systemui.statusbar.BaseStatusBar.start(BaseStatusBar.java:765)
02-20 19:31:27.421  1770  1770 W StatusBar: 	at com.android.systemui.statusbar.phone.PhoneStatusBar.start(PhoneStatusBar.java:686)
02-20 19:31:27.421  1770  1770 W StatusBar: 	at com.android.systemui.statusbar.SystemBars.createStatusBarFromConfig(SystemBars.java:106)
02-20 19:31:27.421  1770  1770 W StatusBar: 	at com.android.systemui.statusbar.SystemBars.onNoService(SystemBars.java:58)
02-20 19:31:27.421  1770  1770 W StatusBar: 	at com.android.systemui.statusbar.ServiceMonitor.startService(ServiceMonitor.java:230)
02-20 19:31:27.421  1770  1770 W StatusBar: 	at com.android.systemui.statusbar.ServiceMonitor.-wrap5(ServiceMonitor.java)
02-20 19:31:27.421  1770  1770 W StatusBar: 	at com.android.systemui.statusbar.ServiceMonitor$1.handleMessage(ServiceMonitor.java:73)
02-20 19:31:27.421  1770  1770 W StatusBar: 	at android.os.Handler.dispatchMessage(Handler.java:102)
02-20 19:31:27.421  1770  1770 W StatusBar: 	at android.os.Looper.loop(Looper.java:154)
02-20 19:31:27.421  1770  1770 W StatusBar: 	at android.app.ActivityThread.main(ActivityThread.java:6119)
02-20 19:31:27.421  1770  1770 W StatusBar: 	at java.lang.reflect.Method.invoke(Native Method)
02-20 19:31:27.421  1770  1770 W StatusBar: 	at com.android.internal.os.ZygoteInit$MethodAndArgsCaller.run(ZygoteInit.java:886)
02-20 19:31:27.421  1770  1770 W StatusBar: 	at com.android.internal.os.ZygoteInit.main(ZygoteInit.java:776)
02-20 19:31:27.448  1932  1932 D DCT     : [0]onDataConnectionDetached: stop polling and notify detached
02-20 19:31:27.448  1932  1932 D DCT     : [0]stopNetStatPoll
02-20 19:31:27.453  1932  1945 D SubscriptionController: [getPhoneId] asked for default subId=-1
02-20 19:31:27.454  1932  1932 D DCT     : [0]notifyDataConnection: reason=dataDetached
02-20 19:31:27.454  1932  1932 D DCT     : [0]isDataAllowed: No - SIM not loaded - Not attached
02-20 19:31:27.460  1932  1932 D DCT     : [0]onRoamingOff
02-20 19:31:27.461  1932  1932 D DCT     : [0]isDataAllowed: No - SIM not loaded - Not attached
02-20 19:31:27.478  1365  1707 V EmulatedCamera_Camera: getCameraInfo
02-20 19:31:27.479  1365  1707 V EmulatedCamera_BaseCamera: getCameraInfo
02-20 19:31:27.479  1365  1365 V EmulatedCamera_Camera: getCameraInfo
02-20 19:31:27.479  1365  1365 V EmulatedCamera_BaseCamera: getCameraInfo
02-20 19:31:27.483  1932  1932 D DCT     : [0]setupDataOnConnectableApns: roamingOff hipri:[state=IDLE,enabled=false] mms:[state=IDLE,enabled=false] supl:[state=IDLE,enabled=false] ia:[state=IDLE,enabled=false] fota:[state=IDLE,enabled=false] ims:[state=IDLE,enabled=false] cbs:[state=IDLE,enabled=false] default:[state=IDLE,enabled=false] emergency:[state=IDLE,enabled=false] 
02-20 19:31:27.483  1932  1932 D DCT     : [0]setupDataOnConnectableApns: nwTypeChanged hipri:[state=IDLE,enabled=false] mms:[state=IDLE,enabled=false] supl:[state=IDLE,enabled=false] ia:[state=IDLE,enabled=false] fota:[state=IDLE,enabled=false] ims:[state=IDLE,enabled=false] cbs:[state=IDLE,enabled=false] default:[state=IDLE,enabled=false] emergency:[state=IDLE,enabled=false] 
02-20 19:31:27.483  1932  1932 D SubscriptionInfoUpdater: [Receiver]+
02-20 19:31:27.483  1932  1932 D SubscriptionInfoUpdater: Action: android.intent.action.SIM_STATE_CHANGED
02-20 19:31:27.483  1932  1932 D SubscriptionInfoUpdater: slotId: 0
02-20 19:31:27.483  1932  1932 D SubscriptionInfoUpdater: simStatus: NOT_READY
02-20 19:31:27.483  1932  1932 D SubscriptionInfoUpdater: Ignoring simStatus: NOT_READY
02-20 19:31:27.483  1932  1932 D SubscriptionInfoUpdater: [Receiver]-
02-20 19:31:27.484  1932  1932 D PhoneSwitcherNetworkRequstListener: got request NetworkRequest [ REQUEST id=1, [ Capabilities: INTERNET&NOT_RESTRICTED&TRUSTED&NOT_VPN] ] with score 0
02-20 19:31:27.484  1932  1932 D TelephonyNetworkFactory[0]: onSubIdChange -1->-2
02-20 19:31:27.484  1932  1932 D TelephonyNetworkFactory[0]: got request NetworkRequest [ REQUEST id=1, [ Capabilities: INTERNET&NOT_RESTRICTED&TRUSTED&NOT_VPN] ] with score 0
02-20 19:31:27.488  1932  1932 D DebugService: DebugService DebugService:
02-20 19:31:27.488  1932  1932 D TelephonyDebugService: TelephonyDebugService()
02-20 19:31:27.520  1932  1932 D CarrierConfigLoader: mHandler: 12 phoneId: 0
02-20 19:31:27.529  1932  1932 D RILJ    : [3671]> RIL_REQUEST_QUERY_TTY_MODE [SUB0]
02-20 19:31:27.530  1374  1469 D RIL     : onRequest: QUERY_TTY_MODE
02-20 19:31:27.530  1374  1469 D RIL     : Request not supported. Tech: 1
02-20 19:31:27.530  1932  2028 D RilRequest: [3671]< RIL_REQUEST_QUERY_TTY_MODE error: com.android.internal.telephony.CommandException: REQUEST_NOT_SUPPORTED ret=
02-20 19:31:27.530  1932  1932 D UiccController: Received EVENT_GET_ICC_STATUS_DONE
02-20 19:31:27.531  1932  1932 D UiccCard: 2 applications
02-20 19:31:27.531  1932  1932 D UiccCardApplication: Creating UiccApp: {APPTYPE_SIM,APPSTATE_DETECTED}
02-20 19:31:27.535  1932  1932 W VoiceMailConstants: Can't open /system/etc/voicemail-conf.xml
02-20 19:31:27.541  1932  1932 D SpnOverride: No SPN in OEM image = /oem/telephony/spn-conf.xml Load SPN from system image
02-20 19:31:27.552  1932  1932 W SpnOverride: Can not open /system/etc/spn-conf.xml
02-20 19:31:27.552  1932  1932 D SIMRecords: [SIMRecords] setting0 mMncLength-1
02-20 19:31:27.552  1932  1932 D SIMRecords: [SIMRecords] SIMRecords: onRadioOffOrNotAvailable set 'gsm.sim.operator.numeric' to operator=null
02-20 19:31:27.552  1932  1932 D SIMRecords: [SIMRecords] update icc_operator_numeric=null
02-20 19:31:27.554  1932  1932 D TelephonyManager: setTelephonyProperty: success phoneId=0 property=gsm.sim.operator.numeric value:  propVal=
02-20 19:31:27.568  1932  1932 D TelephonyManager: setTelephonyProperty: success phoneId=0 property=gsm.sim.operator.alpha value:  propVal=
02-20 19:31:27.568  1932  1932 D TelephonyManager: setTelephonyProperty: success phoneId=0 property=gsm.sim.operator.iso-country value:  propVal=
02-20 19:31:27.568  1932  1932 D SIMRecords: [SIMRecords] getOperatorNumeric: IMSI == null
