02-20 19:31:19.954  1363  1363 E Hyphenator: 	at libcore.io.IoBridge.open(IoBridge.java:455)
02-20 19:31:19.954  1363  1363 E Hyphenator: 	at java.io.RandomAccessFile.<init>(RandomAccessFile.java:247)
02-20 19:31:19.954  1363  1363 E Hyphenator: 	at android.text.Hyphenator.loadHyphenator(Hyphenator.java:118)
02-20 19:31:19.954  1363  1363 E Hyphenator: 	at android.text.Hyphenator.init(Hyphenator.java:224)
02-20 19:31:19.954  1363  1363 E Hyphenator: 	at com.android.internal.os.ZygoteInit.preloadTextResources(ZygoteInit.java:252)
02-20 19:31:19.954  1363  1363 E Hyphenator: 	at com.android.internal.os.ZygoteInit.preload(ZygoteInit.java:206)
02-20 19:31:19.954  1363  1363 E Hyphenator: 	at com.android.internal.os.ZygoteInit.main(ZygoteInit.java:743)
02-20 19:31:19.954  1363  1363 E Hyphenator: Caused by: android.system.ErrnoException: open failed: ENOENT (No such file or directory)
02-20 19:31:19.954  1363  1363 E Hyphenator: 	at libcore.io.Posix.open(Native Method)
02-20 19:31:19.954  1363  1363 E Hyphenator: 	at libcore.io.BlockGuardOs.open(BlockGuardOs.java:187)
02-20 19:31:19.954  1363  1363 E Hyphenator: 	at libcore.io.IoBridge.open(IoBridge.java:441)
02-20 19:31:19.954  1363  1363 E Hyphenator: 	... 6 more
02-20 19:31:19.954  1363  1363 E Hyphenator: error loading hyphenation /system/usr/hyphen-data/hyph-sl.hyb
02-20 19:31:19.954  1363  1363 E Hyphenator: java.io.FileNotFoundException: /system/usr/hyphen-data/hyph-sl.hyb: open failed: ENOENT (No such file or directory)
02-20 19:31:19.954  1363  1363 E Hyphenator: 	at libcore.io.IoBridge.open(IoBridge.java:455)
02-20 19:31:19.954  1363  1363 E Hyphenator: 	at java.io.RandomAccessFile.<init>(RandomAccessFile.java:247)
02-20 19:31:19.954  1363  1363 E Hyphenator: 	at android.text.Hyphenator.loadHyphenator(Hyphenator.java:118)
02-20 19:31:19.954  1363  1363 E Hyphenator: 	at android.text.Hyphenator.init(Hyphenator.java:224)
02-20 19:31:19.954  1363  1363 E Hyphenator: 	at com.android.internal.os.ZygoteInit.preloadTextResources(ZygoteInit.java:252)
02-20 19:31:19.954  1363  1363 E Hyphenator: 	at com.android.internal.os.ZygoteInit.preload(ZygoteInit.java:206)
02-20 19:31:19.954  1363  1363 E Hyphenator: 	at com.android.internal.os.ZygoteInit.main(ZygoteInit.java:743)
02-20 19:31:19.954  1363  1363 E Hyphenator: Caused by: android.system.ErrnoException: open failed: ENOENT (No such file or directory)
02-20 19:31:19.954  1363  1363 E Hyphenator: 	at libcore.io.Posix.open(Native Method)
02-20 19:31:19.954  1363  1363 E Hyphenator: 	at libcore.io.BlockGuardOs.open(BlockGuardOs.java:187)
02-20 19:31:19.954  1363  1363 E Hyphenator: 	at libcore.io.IoBridge.open(IoBridge.java:441)
02-20 19:31:19.954  1363  1363 E Hyphenator: 	... 6 more
02-20 19:31:19.954  1363  1363 E Hyphenator: error loading hyphenation /system/usr/hyphen-data/hyph-ta.hyb
02-20 19:31:19.954  1363  1363 E Hyphenator: java.io.FileNotFoundException: /system/usr/hyphen-data/hyph-ta.hyb: open failed: ENOENT (No such file or directory)
02-20 19:31:19.954  1363  1363 E Hyphenator: 	at libcore.io.IoBridge.open(IoBridge.java:455)
02-20 19:31:19.954  1363  1363 E Hyphenator: 	at java.io.RandomAccessFile.<init>(RandomAccessFile.java:247)
02-20 19:31:19.954  1363  1363 E Hyphenator: 	at android.text.Hyphenator.loadHyphenator(Hyphenator.java:118)
02-20 19:31:19.954  1363  1363 E Hyphenator: 	at android.text.Hyphenator.init(Hyphenator.java:224)
02-20 19:31:19.954  1363  1363 E Hyphenator: 	at com.android.internal.os.ZygoteInit.preloadTextResources(ZygoteInit.java:252)
02-20 19:31:19.954  1363  1363 E Hyphenator: 	at com.android.internal.os.ZygoteInit.preload(ZygoteInit.java:206)
02-20 19:31:19.954  1363  1363 E Hyphenator: 	at com.android.internal.os.ZygoteInit.main(ZygoteInit.java:743)
02-20 19:31:19.954  1363  1363 E Hyphenator: Caused by: android.system.ErrnoException: open failed: ENOENT (No such file or directory)
02-20 19:31:19.954  1363  1363 E Hyphenator: 	at libcore.io.Posix.open(Native Method)
02-20 19:31:19.954  1363  1363 E Hyphenator: 	at libcore.io.BlockGuardOs.open(BlockGuardOs.java:187)
02-20 19:31:19.954  1363  1363 E Hyphenator: 	at libcore.io.IoBridge.open(IoBridge.java:441)
02-20 19:31:19.954  1363  1363 E Hyphenator: 	... 6 more
02-20 19:31:19.954  1363  1363 E Hyphenator: error loading hyphenation /system/usr/hyphen-data/hyph-te.hyb
02-20 19:31:19.954  1363  1363 E Hyphenator: java.io.FileNotFoundException: /system/usr/hyphen-data/hyph-te.hyb: open failed: ENOENT (No such file or directory)
02-20 19:31:19.954  1363  1363 E Hyphenator: 	at libcore.io.IoBridge.open(IoBridge.java:455)
02-20 19:31:19.954  1363  1363 E Hyphenator: 	at java.io.RandomAccessFile.<init>(RandomAccessFile.java:247)
02-20 19:31:19.954  1363  1363 E Hyphenator: 	at android.text.Hyphenator.loadHyphenator(Hyphenator.java:118)
02-20 19:31:19.954  1363  1363 E Hyphenator: 	at android.text.Hyphenator.init(Hyphenator.java:224)
02-20 19:31:19.954  1363  1363 E Hyphenator: 	at com.android.internal.os.ZygoteInit.preloadTextResources(ZygoteInit.java:252)
02-20 19:31:19.954  1363  1363 E Hyphenator: 	at com.android.internal.os.ZygoteInit.preload(ZygoteInit.java:206)
02-20 19:31:19.954  1363  1363 E Hyphenator: 	at com.android.internal.os.ZygoteInit.main(ZygoteInit.java:743)
02-20 19:31:19.954  1363  1363 E Hyphenator: Caused by: android.system.ErrnoException: open failed: ENOENT (No such file or directory)
02-20 19:31:19.954  1363  1363 E Hyphenator: 	at libcore.io.Posix.open(Native Method)
02-20 19:31:19.954  1363  1363 E Hyphenator: 	at libcore.io.BlockGuardOs.open(BlockGuardOs.java:187)
02-20 19:31:19.954  1363  1363 E Hyphenator: 	at libcore.io.IoBridge.open(IoBridge.java:441)
02-20 19:31:19.954  1363  1363 E Hyphenator: 	... 6 more
02-20 19:31:19.954  1363  1363 E Hyphenator: error loading hyphenation /system/usr/hyphen-data/hyph-tk.hyb
02-20 19:31:19.954  1363  1363 E Hyphenator: java.io.FileNotFoundException: /system/usr/hyphen-data/hyph-tk.hyb: open failed: ENOENT (No such file or directory)
02-20 19:31:19.954  1363  1363 E Hyphenator: 	at libcore.io.IoBridge.open(IoBridge.java:455)
02-20 19:31:19.954  1363  1363 E Hyphenator: 	at java.io.RandomAccessFile.<init>(RandomAccessFile.java:247)
02-20 19:31:19.954  1363  1363 E Hyphenator: 	at android.text.Hyphenator.loadHyphenator(Hyphenator.java:118)
02-20 19:31:19.954  1363  1363 E Hyphenator: 	at android.text.Hyphenator.init(Hyphenator.java:224)
02-20 19:31:19.954  1363  1363 E Hyphenator: 	at com.android.internal.os.ZygoteInit.preloadTextResources(ZygoteInit.java:252)
02-20 19:31:19.954  1363  1363 E Hyphenator: 	at com.android.internal.os.ZygoteInit.preload(ZygoteInit.java:206)
02-20 19:31:19.954  1363  1363 E Hyphenator: 	at com.android.internal.os.ZygoteInit.main(ZygoteInit.java:743)
02-20 19:31:19.954  1363  1363 E Hyphenator: Caused by: android.system.ErrnoException: open failed: ENOENT (No such file or directory)
02-20 19:31:19.954  1363  1363 E Hyphenator: 	at libcore.io.Posix.open(Native Method)
02-20 19:31:19.954  1363  1363 E Hyphenator: 	at libcore.io.BlockGuardOs.open(BlockGuardOs.java:187)
02-20 19:31:19.954  1363  1363 E Hyphenator: 	at libcore.io.IoBridge.open(IoBridge.java:441)
02-20 19:31:19.954  1363  1363 E Hyphenator: 	... 6 more
02-20 19:31:19.955  1363  1363 E Hyphenator: error loading hyphenation /system/usr/hyphen-data/hyph-und-ethi.hyb
02-20 19:31:19.955  1363  1363 E Hyphenator: java.io.FileNotFoundException: /system/usr/hyphen-data/hyph-und-ethi.hyb: open failed: ENOENT (No such file or directory)
02-20 19:31:19.955  1363  1363 E Hyphenator: 	at libcore.io.IoBridge.open(IoBridge.java:455)
02-20 19:31:19.955  1363  1363 E Hyphenator: 	at java.io.RandomAccessFile.<init>(RandomAccessFile.java:247)
02-20 19:31:19.955  1363  1363 E Hyphenator: 	at android.text.Hyphenator.loadHyphenator(Hyphenator.java:118)
02-20 19:31:19.955  1363  1363 E Hyphenator: 	at android.text.Hyphenator.init(Hyphenator.java:224)
02-20 19:31:19.955  1363  1363 E Hyphenator: 	at com.android.internal.os.ZygoteInit.preloadTextResources(ZygoteInit.java:252)
02-20 19:31:19.955  1363  1363 E Hyphenator: 	at com.android.internal.os.ZygoteInit.preload(ZygoteInit.java:206)
02-20 19:31:19.955  1363  1363 E Hyphenator: 	at com.android.internal.os.ZygoteInit.main(ZygoteInit.java:743)
02-20 19:31:19.955  1363  1363 E Hyphenator: Caused by: android.system.ErrnoException: open failed: ENOENT (No such file or directory)
02-20 19:31:19.955  1363  1363 E Hyphenator: 	at libcore.io.Posix.open(Native Method)
02-20 19:31:19.955  1363  1363 E Hyphenator: 	at libcore.io.BlockGuardOs.open(BlockGuardOs.java:187)
02-20 19:31:19.955  1363  1363 E Hyphenator: 	at libcore.io.IoBridge.open(IoBridge.java:441)
02-20 19:31:19.955  1363  1363 E Hyphenator: 	... 6 more
02-20 19:31:19.965  1363  1363 I Zygote  : Uninstalled ICU cache reference pinning...
02-20 19:31:19.969  1363  1363 I Zygote  : Installed AndroidKeyStoreProvider in 4ms.
02-20 19:31:19.973  1362  1362 I Zygote  : Uninstalled ICU cache reference pinning...
02-20 19:31:19.977  1362  1362 I Zygote  : Installed AndroidKeyStoreProvider in 4ms.
02-20 19:31:19.991  1362  1362 I Zygote  : Warmed up JCA providers in 14ms.
02-20 19:31:19.991  1362  1362 D Zygote  : end preload
02-20 19:31:19.991  1362  1362 I boot_progress_preload_end: 6991
02-20 19:31:19.991  1362  1362 I art     : Starting a blocking GC Explicit
02-20 19:31:19.993  1363  1363 I Zygote  : Warmed up JCA providers in 24ms.
02-20 19:31:19.993  1363  1363 D Zygote  : end preload
02-20 19:31:19.993  1363  1363 I boot_progress_preload_end: 6993
02-20 19:31:19.993  1363  1363 I art     : Starting a blocking GC Explicit
02-20 19:31:19.996  1362  1362 I art     : Explicit concurrent mark sweep GC freed 15090(1158KB) AllocSpace objects, 0(0B) LOS objects, 29% free, 9MB/13MB, paused 41us total 4.269ms
02-20 19:31:19.996  1362  1362 I art     : Starting a blocking GC Explicit
02-20 19:31:20.002  1362  1362 I art     : Explicit concurrent mark sweep GC freed 737(26KB) AllocSpace objects, 2(204KB) LOS objects, 30% free, 9MB/13MB, paused 34us total 5.323ms
02-20 19:31:20.002  1362  1538 I art     : Starting a blocking GC HeapTrim
02-20 19:31:20.003  1363  1363 I art     : Explicit concurrent mark sweep GC freed 15035(1154KB) AllocSpace objects, 2(88KB) LOS objects, 30% free, 9MB/13MB, paused 1.476ms total 9.244ms
02-20 19:31:20.003  1363  1363 I art     : Starting a blocking GC Explicit
02-20 19:31:20.007  1362  1362 I art     : Starting a blocking GC Background
02-20 19:31:20.007  1363  1363 I art     : Explicit concurrent mark sweep GC freed 560(19KB) AllocSpace objects, 1(144KB) LOS objects, 30% free, 9MB/13MB, paused 41us total 3.882ms
02-20 19:31:20.007  1363  1363 I Zygote  : Accepting command socket connections
02-20 19:31:20.018  1362  1362 I Zygote  : System server process 1678 has been created
02-20 19:31:20.019  1362  1362 I Zygote  : Accepting command socket connections
02-20 19:31:20.040  1678  1678 I Zygote  : Process: zygote socket opened, supported ABIS: x86
02-20 19:31:20.041  1678  1678 I InstallerConnection: connecting...
02-20 19:31:20.041  1367  1367 I         : new connection
02-20 19:31:20.048  1678  1678 I InstallerConnection: disconnecting...
02-20 19:31:20.048  1367  1367 E         : eof
02-20 19:31:20.048  1367  1367 E         : failed to read size
02-20 19:31:20.048  1367  1367 I         : closing connection
02-20 19:31:20.087  1678  1678 I SystemServer: Entered the Android system server!
02-20 19:31:20.087  1678  1678 I boot_progress_system_run: 7087
02-20 19:31:20.139  1365  1365 I ServiceManager: Waiting for service media.camera.proxy...
02-20 19:31:20.194  1678  1678 I SystemServiceManager: Starting com.android.server.pm.Installer
02-20 19:31:20.197  1678  1678 I Installer: Waiting for installd to be ready.
02-20 19:31:20.197  1678  1678 I InstallerConnection: connecting...
02-20 19:31:20.197  1367  1367 I         : new connection
02-20 19:31:20.198  1678  1678 I SystemServiceManager: Starting com.android.server.am.ActivityManagerService$Lifecycle
02-20 19:31:20.232  1678  1678 I ActivityManager: Memory class: 512
02-20 19:31:20.243  1678  1692 I ServiceThread: Enabled StrictMode logging for ActivityManager looper.
02-20 19:31:20.253  1678  1693 I ServiceThread: Enabled StrictMode logging for android.ui looper.
02-20 19:31:20.273  1678  1678 D BatteryStatsImpl: Reading daily items from /data/system/batterystats-daily.xml
02-20 19:31:20.347  1678  1678 I IntentFirewall: Read new rules (A:0 B:0 S:0)
02-20 19:31:20.355  1678  1699 I ServiceThread: Enabled StrictMode logging for android.display looper.
02-20 19:31:20.361  1678  1678 D AppOps  : AppOpsService published
02-20 19:31:20.362  1678  1678 I SystemServiceManager: Starting com.android.server.power.PowerManagerService
02-20 19:31:20.365  1678  1701 I ServiceThread: Enabled StrictMode logging for PowerManagerService looper.
02-20 19:31:20.365  1678  1678 E PowerManagerService-JNI: Couldn't load power module (No such file or directory)
02-20 19:31:20.366  1678  1678 W libsuspend: Error writing 'on' to /sys/power/state: Invalid argument
02-20 19:31:20.366  1678  1678 I libsuspend: Selected wakeup count
02-20 19:31:20.369  1678  1678 I SystemServiceManager: Starting com.android.server.lights.LightsService
02-20 19:31:20.379  1678  1678 I SystemServiceManager: Starting com.android.server.display.DisplayManagerService
02-20 19:31:20.385  1678  1678 I SystemServiceManager: Starting phase 100
02-20 19:31:20.393  1312  1326 E SurfaceFlinger: ro.sf.lcd_density must be defined as a build property
02-20 19:31:20.397  1678  1699 I DisplayManagerService: Display device added: DisplayDeviceInfo{"Built-in Screen": uniqueId="local:0", 1440 x 2960, modeId 1, defaultModeId 1, supportedModes [{id=1, width=1440, height=2960, fps=60.000004}], colorMode 0, supportedColorModes [0], HdrCapabilities android.view.Display$HdrCapabilities@a69d6308, density 640, 640.0 x 640.0 dpi, appVsyncOff 1000000, presDeadline 16666666, touch INTERNAL, rotation 0, type BUILT_IN, state UNKNOWN, FLAG_DEFAULT_DISPLAY, FLAG_ROTATES_WITH_CONTENT, FLAG_SECURE, FLAG_SUPPORTS_PROTECTED_BUFFERS}
02-20 19:31:20.428  1312  1312 D SurfaceFlinger: Set power mode=2, type=0 flinger=0x706a07247000
02-20 19:31:20.428  1312  1312 D SurfaceFlinger: Screen type=0 is already mode=2
02-20 19:31:20.429  1678  1699 I DisplayManagerService: Display device changed state: "Built-in Screen", ON
02-20 19:31:20.429  1678  1678 I SystemServer: StartPackageManagerService
02-20 19:31:20.451  1678  1678 I boot_progress_pms_start: 7451
02-20 19:31:20.505  1678  1678 D SELinuxMMAC: Using policy file /system/etc/security/mac_permissions.xml
02-20 19:31:20.520  1678  1678 D PackageSettings: Read domain verification for package: com.google.android.youtube
02-20 19:31:20.528  1678  1678 D PackageSettings: Read domain verification for package: com.google.android.music
02-20 19:31:20.529  1678  1678 D PackageSettings: Read domain verification for package: com.google.android.apps.docs
02-20 19:31:20.531  1678  1678 D PackageSettings: Read domain verification for package: com.google.android.apps.maps
02-20 19:31:20.541  1678  1678 D PackageSettings: Read domain verification for package: com.google.android.videos
02-20 19:31:20.541  1678  1678 D PackageSettings: Read domain verification for package: com.google.android.apps.photos
02-20 19:31:20.542  1678  1678 D PackageSettings: Read domain verification for package: com.google.android.calendar
02-20 19:31:20.559  1678  1678 D PackageSettings: Read domain verification for package: com.google.android.talk
02-20 19:31:20.634  1678  1678 I boot_progress_pms_system_scan_start: 7634
02-20 19:31:20.660  1678  1678 E art     : DexFile_getDexOptNeeded file '/system/framework/org.apache.http.legacy.jar' does not exist
02-20 19:31:20.660  1678  1678 W PackageManager: Library not found: /system/framework/org.apache.http.legacy.jar
02-20 19:31:20.686  1678  1678 E art     : DexFile_getDexOptNeeded file '/system/framework/org.apache.http.legacy.jar' does not exist
02-20 19:31:20.686  1678  1678 W PackageManager: Library not found: /system/framework/org.apache.http.legacy.jar
02-20 19:31:20.689  1678  1678 D PackageManager: No files in app dir /vendor/overlay
02-20 19:31:20.719  1678  1678 W PackageManager: Failed to parse /system/framework/oat: Missing base APK in /system/framework/oat
02-20 19:31:20.719  1678  1678 W PackageManager: Failed to parse /system/framework/x86: Missing base APK in /system/framework/x86
02-20 19:31:20.719  1678  1678 W PackageManager: Failed to parse /system/framework/x86_64: Missing base APK in /system/framework/x86_64
02-20 19:31:20.776  1678  1678 W PackageParser: No actions in intent filter at /system/priv-app/Contacts/Contacts.apk Binary XML file line #409
02-20 19:31:20.807  1678  1678 W PackageParser: No actions in intent filter at /system/priv-app/Dialer/Dialer.apk Binary XML file line #186
02-20 19:31:20.839  1678  1678 W PackageManager: Permission android.permission.DOWNLOAD_WITHOUT_NOTIFICATION from package com.android.providers.downloads in an unknown group android.permission-group.NETWORK
02-20 19:31:20.870  1678  1678 W PackageParser: Unknown element under <manifest>: uses-library at /system/priv-app/GoogleFeedback/GoogleFeedback.apk Binary XML file line #33
02-20 19:31:20.930  1678  1678 W PackageParser: Ignoring duplicate uses-permissions/uses-permissions-sdk-m: com.google.android.providers.gsf.permission.READ_GSERVICES in package: com.google.android.partnersetup at: Binary XML file line #32
02-20 19:31:20.945  1678  1678 W PackageManager: Permission com.google.android.googleapps.permission.GOOGLE_AUTH from package com.google.android.gsf in an unknown group android.permission-group.ACCOUNTS
02-20 19:31:20.945  1678  1678 W PackageManager: Permission com.google.android.googleapps.permission.GOOGLE_AUTH.ALL_SERVICES from package com.google.android.gsf in an unknown group android.permission-group.ACCOUNTS
02-20 19:31:20.945  1678  1678 W PackageManager: Permission com.google.android.googleapps.permission.GOOGLE_AUTH.OTHER_SERVICES from package com.google.android.gsf in an unknown group android.permission-group.ACCOUNTS
02-20 19:31:20.945  1678  1678 W PackageManager: Permission com.google.android.googleapps.permission.GOOGLE_AUTH.mail from package com.google.android.gsf in an unknown group android.permission-group.ACCOUNTS
02-20 19:31:20.945  1678  1678 W PackageManager: Permission com.google.android.googleapps.permission.GOOGLE_AUTH.cl from package com.google.android.gsf in an unknown group android.permission-group.ACCOUNTS
02-20 19:31:20.945  1678  1678 W PackageManager: Permission com.google.android.googleapps.permission.GOOGLE_AUTH.android from package com.google.android.gsf in an unknown group android.permission-group.ACCOUNTS
02-20 19:31:20.945  1678  1678 W PackageManager: Permission com.google.android.googleapps.permission.GOOGLE_AUTH.androidsecure from package com.google.android.gsf in an unknown group android.permission-group.ACCOUNTS
02-20 19:31:20.945  1678  1678 W PackageManager: Permission com.google.android.googleapps.permission.GOOGLE_AUTH.sierra from package com.google.android.gsf in an unknown group android.permission-group.ACCOUNTS
02-20 19:31:20.945  1678  1678 W PackageManager: Permission com.google.android.googleapps.permission.GOOGLE_AUTH.sierraqa from package com.google.android.gsf in an unknown group android.permission-group.ACCOUNTS
02-20 19:31:20.945  1678  1678 W PackageManager: Permission com.google.android.googleapps.permission.GOOGLE_AUTH.sierrasandbox from package com.google.android.gsf in an unknown group android.permission-group.ACCOUNTS
02-20 19:31:20.945  1678  1678 W PackageManager: Permission com.google.android.googleapps.permission.GOOGLE_AUTH.youtube from package com.google.android.gsf in an unknown group android.permission-group.ACCOUNTS
02-20 19:31:20.945  1678  1678 W PackageManager: Permission com.google.android.googleapps.permission.GOOGLE_AUTH.YouTubeUser from package com.google.android.gsf in an unknown group android.permission-group.ACCOUNTS
02-20 19:31:20.945  1678  1678 W PackageManager: Permission com.google.android.googleapps.permission.GOOGLE_AUTH.talk from package com.google.android.gsf in an unknown group android.permission-group.ACCOUNTS
02-20 19:31:20.945  1678  1678 W PackageManager: Permission com.google.android.googleapps.permission.GOOGLE_AUTH.ig from package com.google.android.gsf in an unknown group android.permission-group.ACCOUNTS
02-20 19:31:20.945  1678  1678 W PackageManager: Permission com.google.android.googleapps.permission.GOOGLE_AUTH.lh2 from package com.google.android.gsf in an unknown group android.permission-group.ACCOUNTS
02-20 19:31:20.945  1678  1678 W PackageManager: Permission com.google.android.googleapps.permission.GOOGLE_AUTH.mobile from package com.google.android.gsf in an unknown group android.permission-group.ACCOUNTS
02-20 19:31:20.945  1678  1678 W PackageManager: Permission com.google.android.googleapps.permission.GOOGLE_AUTH.cp from package com.google.android.gsf in an unknown group android.permission-group.ACCOUNTS
02-20 19:31:20.945  1678  1678 W PackageManager: Permission com.google.android.googleapps.permission.GOOGLE_AUTH.adsense from package com.google.android.gsf in an unknown group android.permission-group.ACCOUNTS
02-20 19:31:20.945  1678  1678 W PackageManager: Permission com.google.android.googleapps.permission.GOOGLE_AUTH.adwords from package com.google.android.gsf in an unknown group android.permission-group.ACCOUNTS
02-20 19:31:20.945  1678  1678 W PackageManager: Permission com.google.android.googleapps.permission.GOOGLE_AUTH.blogger from package com.google.android.gsf in an unknown group android.permission-group.ACCOUNTS
02-20 19:31:20.945  1678  1678 W PackageManager: Permission com.google.android.googleapps.permission.GOOGLE_AUTH.dodgeball from package com.google.android.gsf in an unknown group android.permission-group.ACCOUNTS
02-20 19:31:20.945  1678  1678 W PackageManager: Permission com.google.android.googleapps.permission.GOOGLE_AUTH.gbase from package com.google.android.gsf in an unknown group android.permission-group.ACCOUNTS
02-20 19:31:20.945  1678  1678 W PackageManager: Permission com.google.android.googleapps.permission.GOOGLE_AUTH.groups2 from package com.google.android.gsf in an unknown group android.permission-group.ACCOUNTS
02-20 19:31:20.945  1678  1678 W PackageManager: Permission com.google.android.googleapps.permission.GOOGLE_AUTH.health from package com.google.android.gsf in an unknown group android.permission-group.ACCOUNTS
02-20 19:31:20.945  1678  1678 W PackageManager: Permission com.google.android.googleapps.permission.GOOGLE_AUTH.jotspot from package com.google.android.gsf in an unknown group android.permission-group.ACCOUNTS
02-20 19:31:20.945  1678  1678 W PackageManager: Permission com.google.android.googleapps.permission.GOOGLE_AUTH.knol from package com.google.android.gsf in an unknown group android.permission-group.ACCOUNTS
02-20 19:31:20.945  1678  1678 W PackageManager: Permission com.google.android.googleapps.permission.GOOGLE_AUTH.news from package com.google.android.gsf in an unknown group android.permission-group.ACCOUNTS
02-20 19:31:20.945  1678  1678 W PackageManager: Permission com.google.android.googleapps.permission.GOOGLE_AUTH.orkut from package com.google.android.gsf in an unknown group android.permission-group.ACCOUNTS
02-20 19:31:20.945  1678  1678 W PackageManager: Permission com.google.android.googleapps.permission.GOOGLE_AUTH.print from package com.google.android.gsf in an unknown group android.permission-group.ACCOUNTS
02-20 19:31:20.945  1678  1678 W PackageManager: Permission com.google.android.googleapps.permission.GOOGLE_AUTH.sitemaps from package com.google.android.gsf in an unknown group android.permission-group.ACCOUNTS
02-20 19:31:20.945  1678  1678 W PackageManager: Permission com.google.android.googleapps.permission.GOOGLE_AUTH.wifi from package com.google.android.gsf in an unknown group android.permission-group.ACCOUNTS
02-20 19:31:20.945  1678  1678 W PackageManager: Permission com.google.android.googleapps.permission.GOOGLE_AUTH.finance from package com.google.android.gsf in an unknown group android.permission-group.ACCOUNTS
02-20 19:31:20.945  1678  1678 W PackageManager: Permission com.google.android.googleapps.permission.GOOGLE_AUTH.local from package com.google.android.gsf in an unknown group android.permission-group.ACCOUNTS
02-20 19:31:20.945  1678  1678 W PackageManager: Permission com.google.android.googleapps.permission.GOOGLE_AUTH.ah from package com.google.android.gsf in an unknown group android.permission-group.ACCOUNTS
02-20 19:31:20.945  1678  1678 W PackageManager: Permission com.google.android.googleapps.permission.GOOGLE_AUTH.notebook from package com.google.android.gsf in an unknown group android.permission-group.ACCOUNTS
02-20 19:31:20.945  1678  1678 W PackageManager: Permission com.google.android.googleapps.permission.GOOGLE_AUTH.writely from package com.google.android.gsf in an unknown group android.permission-group.ACCOUNTS
02-20 19:31:20.945  1678  1678 W PackageManager: Permission com.google.android.googleapps.permission.GOOGLE_AUTH.wise from package com.google.android.gsf in an unknown group android.permission-group.ACCOUNTS
02-20 19:31:20.945  1678  1678 W PackageManager: Permission com.google.android.googleapps.permission.GOOGLE_AUTH.grandcentral from package com.google.android.gsf in an unknown group android.permission-group.ACCOUNTS
02-20 19:31:20.945  1678  1678 W PackageManager: Permission com.google.android.googleapps.permission.GOOGLE_AUTH.speechpersonalization from package com.google.android.gsf in an unknown group android.permission-group.ACCOUNTS
02-20 19:31:20.945  1678  1678 W PackageManager: Permission com.google.android.googleapps.permission.GOOGLE_AUTH.speech from package com.google.android.gsf in an unknown group android.permission-group.ACCOUNTS
02-20 19:31:20.945  1678  1678 W PackageManager: Permission com.google.android.providers.talk.permission.READ_ONLY from package com.google.android.gsf in an unknown group android.permission-group.MESSAGES
02-20 19:31:20.945  1678  1678 W PackageManager: Permission com.google.android.providers.talk.permission.WRITE_ONLY from package com.google.android.gsf in an unknown group android.permission-group.MESSAGES
02-20 19:31:20.945  1678  1678 W PackageManager: Permission com.google.android.gtalkservice.permission.GTALK_SERVICE from package com.google.android.gsf in an unknown group android.permission-group.MESSAGES
02-20 19:31:20.945  1678  1678 W PackageManager: Permission com.google.android.gtalkservice.permission.SEND_HEARTBEAT from package com.google.android.gsf in an unknown group android.permission-group.NETWORK
02-20 19:31:20.945  1678  1678 W PackageManager: Permission com.google.android.permission.BROADCAST_DATA_MESSAGE from package com.google.android.gsf in an unknown group android.permission-group.NETWORK
02-20 19:31:20.945  1678  1678 W PackageManager: Permission com.google.android.c2dm.permission.SEND from package com.google.android.gsf in an unknown group android.permission-group.NETWORK
02-20 19:31:20.945  1678  1678 W PackageManager: Permission com.google.android.c2dm.permission.RECEIVE from package com.google.android.gsf in an unknown group android.permission-group.NETWORK
02-20 19:31:20.945  1678  1678 W PackageManager: Permission com.google.android.xmpp.permission.BROADCAST from package com.google.android.gsf in an unknown group android.permission-group.NETWORK
02-20 19:31:20.945  1678  1678 W PackageManager: Permission com.google.android.xmpp.permission.SEND_RECEIVE from package com.google.android.gsf in an unknown group android.permission-group.NETWORK
02-20 19:31:20.945  1678  1678 W PackageManager: Permission com.google.android.xmpp.permission.XMPP_ENDPOINT_BROADCAST from package com.google.android.gsf in an unknown group android.permission-group.NETWORK
02-20 19:31:20.945  1678  1678 W PackageManager: Permission com.google.android.xmpp.permission.USE_XMPP_ENDPOINT from package com.google.android.gsf in an unknown group android.permission-group.NETWORK
02-20 19:31:20.945  1678  1678 W PackageManager: Permission com.google.android.providers.gsf.permission.READ_GSERVICES from package com.google.android.gsf in an unknown group android.permission-group.ACCOUNTS
02-20 19:31:20.975  1678  1678 W PackageManager: Permission com.google.android.apps.nexuslauncher.permission.READ_SETTINGS from package com.google.android.apps.nexuslauncher in an unknown group android.permission-group.SYSTEM_TOOLS
02-20 19:31:20.975  1678  1678 W PackageManager: Permission com.google.android.apps.nexuslauncher.permission.WRITE_SETTINGS from package com.google.android.apps.nexuslauncher in an unknown group android.permission-group.SYSTEM_TOOLS
02-20 19:31:20.975  1678  1678 W PackageManager: Permission com.google.android.apps.nexuslauncher.permission.QSB from package com.google.android.apps.nexuslauncher in an unknown group android.permission-group.SYSTEM_TOOLS
02-20 19:31:20.975  1678  1678 W PackageManager: Permission com.android.launcher.permission.INSTALL_SHORTCUT from package com.google.android.apps.nexuslauncher in an unknown group android.permission-group.SYSTEM_TOOLS
02-20 19:31:21.065  1678  1678 W PackageManager: Permission com.google.android.gms.permission.ACTIVITY_RECOGNITION from package com.google.android.gms in an unknown group android.permission-group.PERSONAL_INFO
02-20 19:31:21.100  1678  1678 W PackageParser: Ignoring duplicate uses-permissions/uses-permissions-sdk-m: android.permission.USE_CREDENTIALS in package: com.android.settings at: Binary XML file line #53
02-20 19:31:21.100  1678  1678 W PackageParser: Ignoring duplicate uses-permissions/uses-permissions-sdk-m: android.permission.READ_SYNC_SETTINGS in package: com.android.settings at: Binary XML file line #58
02-20 19:31:21.100  1678  1678 W PackageParser: Ignoring duplicate uses-permissions/uses-permissions-sdk-m: android.permission.WRITE_SYNC_SETTINGS in package: com.android.settings at: Binary XML file line #59
02-20 19:31:21.154  1678  1678 W PackageParser: Ignoring duplicate uses-permissions/uses-permissions-sdk-m: android.permission.INSTALL_GRANT_RUNTIME_PERMISSIONS in package: com.android.shell at: Binary XML file line #102
02-20 19:31:21.197  1678  1678 W PackageParser: Ignoring duplicate uses-permissions/uses-permissions-sdk-m: android.permission.CONFIGURE_WIFI_DISPLAY in package: com.android.systemui at: Binary XML file line #117
02-20 19:31:21.277  1678  1678 W PackageParser: Ignoring duplicate uses-permissions/uses-permissions-sdk-m: android.permission.READ_PHONE_STATE in package: com.google.android.googlequicksearchbox at: Binary XML file line #143
02-20 19:31:21.277  1678  1678 W PackageParser: Ignoring duplicate uses-permissions/uses-permissions-sdk-m: android.permission.CAMERA in package: com.google.android.googlequicksearchbox at: Binary XML file line #144
02-20 19:31:21.293  1678  1678 W PackageManager: Permission com.google.android.launcher.permission.READ_SETTINGS from package com.google.android.googlequicksearchbox in an unknown group android.permission-group.SYSTEM_TOOLS
02-20 19:31:21.294  1678  1678 W PackageManager: Permission com.google.android.launcher.permission.WRITE_SETTINGS from package com.google.android.googlequicksearchbox in an unknown group android.permission-group.SYSTEM_TOOLS
02-20 19:31:21.294  1678  1678 W PackageManager: Permission com.android.launcher.permission.INSTALL_SHORTCUT from package com.google.android.googlequicksearchbox in an unknown group android.permission-group.SYSTEM_TOOLS
02-20 19:31:21.355  1678  1678 W PackageManager: Non-privileged app; cap priority to 0; package: com.google.android.calendar activity: com.android.calendar.event.LaunchInfoActivity origPrio: 50
02-20 19:31:21.396  1678  1678 W PackageManager: Permission com.android.chrome.permission.DEBUG from package com.android.chrome in an unknown group android.permission-group.DEVELOPMENT_TOOLS
02-20 19:31:21.399  1678  1678 W PackageManager: Non-privileged app; cap priority to 0; package: com.android.cts.ctsshim activity: com.android.cts.ctsshim.InstallPriority origPrio: 100
02-20 19:31:21.399  1678  1678 W PackageManager: Non-privileged app; cap priority to 0; package: com.android.cts.ctsshim activity: com.android.cts.ctsshim.InstallPriority origPrio: 100
02-20 19:31:21.399  1678  1678 W PackageManager: Non-privileged app; cap priority to 0; package: com.android.cts.ctsshim activity: com.android.cts.ctsshim.InstallPriority origPrio: 100
02-20 19:31:21.399  1678  1678 W PackageManager: Non-privileged app; cap priority to 0; package: com.android.cts.ctsshim activity: com.android.cts.ctsshim.InstallPriority origPrio: 100
02-20 19:31:21.399  1678  1678 W PackageManager: Non-privileged app; cap priority to 0; package: com.android.cts.ctsshim activity: com.android.cts.ctsshim.InstallPriority origPrio: 100
02-20 19:31:21.442  1678  1688 W art     : Suspending all threads took: 12.179ms
02-20 19:31:21.449  1678  1688 I art     : Background partial concurrent mark sweep GC freed 23131(1628KB) AllocSpace objects, 0(0B) LOS objects, 25% free, 11MB/15MB, paused 12.586ms total 45.862ms
02-20 19:31:21.475  1678  1678 W PackageManager: Permission com.google.android.apps.docs.permission.READ_MY_DATA from package com.google.android.apps.docs in an unknown group android.permission-group.PERSONAL_INFO
02-20 19:31:21.475  1678  1678 W PackageManager: Permission com.google.android.apps.docs.permission.SYNC_STATUS from package com.google.android.apps.docs in an unknown group android.permission-group.PERSONAL_INFO
02-20 19:31:21.526  1678  1678 W PackageParser: Unknown element under <application>: permission at /system/app/Gallery2/Gallery2.apk Binary XML file line #238
02-20 19:31:21.526  1678  1678 W PackageParser: Unknown element under <application>: permission at /system/app/Gallery2/Gallery2.apk Binary XML file line #241
02-20 19:31:21.694  1678  1678 W PackageManager: Non-privileged app; cap priority to 0; package: com.google.android.talk activity: com.google.android.apps.hangouts.phone.BabelHomeActivity origPrio: 999
02-20 19:31:21.694  1678  1678 W PackageManager: Non-privileged app; cap priority to 0; package: com.google.android.talk activity: com.google.android.apps.hangouts.phone.HangoutUrlHandlerActivity origPrio: 999
02-20 19:31:21.694  1678  1678 W PackageManager: Non-privileged app; cap priority to 0; package: com.google.android.talk activity: com.google.android.apps.hangouts.phone.HangoutUrlHandlerActivity origPrio: 999
02-20 19:31:21.694  1678  1678 W PackageManager: Non-privileged app; cap priority to 0; package: com.google.android.talk activity: com.google.android.apps.hangouts.phone.ConversationUrlHandlerActivity origPrio: 999
02-20 19:31:21.694  1678  1678 W PackageManager: Non-privileged app; cap priority to 0; package: com.google.android.talk activity: com.google.android.apps.hangouts.phone.ConversationUrlHandlerActivity origPrio: 999
02-20 19:31:21.731  1678  1678 W PackageManager: Permission com.android.vending.CHECK_LICENSE from package com.android.vending in an unknown group android.permission-group.NETWORK
02-20 19:31:21.765  1678  1678 W PackageParser: Ignoring duplicate uses-permissions/uses-permissions-sdk-m: android.permission.WAKE_LOCK in package: com.google.android.apps.maps at: Binary XML file line #120
02-20 19:31:21.993  1678  1678 W PackageParser: No actions in intent filter at /system/app/PrebuiltGmail/PrebuiltGmail.apk Binary XML file line #266
02-20 19:31:22.009  1678  1678 W PackageManager: Permission com.google.android.gm.email.permission.READ_ATTACHMENT from package com.google.android.gm in an unknown group android.permission-group.MESSAGES
02-20 19:31:22.009  1678  1678 W PackageManager: Permission com.google.android.gm.permission.READ_GMAIL from package com.google.android.gm in an unknown group android.permission-group.MESSAGES
02-20 19:31:22.009  1678  1678 W PackageManager: Permission com.google.android.gm.permission.WRITE_GMAIL from package com.google.android.gm in an unknown group android.permission-group.MESSAGES
02-20 19:31:22.009  1678  1678 W PackageManager: Permission com.google.android.gm.permission.AUTO_SEND from package com.google.android.gm in an unknown group android.permission-group.MESSAGES
02-20 19:31:22.009  1678  1678 W PackageManager: Permission com.google.android.gm.permission.READ_CONTENT_PROVIDER from package com.google.android.gm in an unknown group android.permission-group.MESSAGES
02-20 19:31:22.165  1678  1678 D PackageManager: No files in app dir /system/vendor/app
02-20 19:31:22.167  1678  1678 D PackageManager: No files in app dir /oem/app
02-20 19:31:22.170  1678  1678 I boot_progress_pms_data_scan_start: 9170
02-20 19:31:22.179  1678  1678 I SELinux : SELinux: Loaded file_contexts contexts from /file_contexts.bin.
02-20 19:31:22.190  1678  1678 D PackageManager: No files in app dir /data/app-private
02-20 19:31:22.191  1678  1678 D PackageManager: No files in app dir /data/app-ephemeral
02-20 19:31:22.192  1678  1678 W PackageManager: Protected action; cap priority to 0; package: com.android.cts.priv.ctsshim activity: com.android.cts.priv.ctsshim.InstallPriority origPrio: 100
02-20 19:31:22.192  1678  1678 W PackageManager: Protected action; cap priority to 0; package: com.android.cts.priv.ctsshim activity: com.android.cts.priv.ctsshim.InstallPriority origPrio: 100
02-20 19:31:22.192  1678  1678 W PackageManager: Protected action; cap priority to 0; package: com.android.cts.priv.ctsshim activity: com.android.cts.priv.ctsshim.InstallPriority origPrio: 100
02-20 19:31:22.192  1678  1678 W PackageManager: Protected action; cap priority to 0; package: com.android.cts.priv.ctsshim activity: com.android.cts.priv.ctsshim.InstallPriority origPrio: 100
02-20 19:31:22.192  1678  1678 W PackageManager: Protected action; cap priority to 0; package: com.google.android.packageinstaller activity: com.android.packageinstaller.PackageInstallerActivity origPrio: 1
02-20 19:31:22.192  1678  1678 W PackageManager: Protected action; cap priority to 0; package: com.google.android.gms activity: com.google.android.gms.appinvite.AppInviteAcceptInvitationActivity origPrio: 900
02-20 19:31:22.192  1678  1678 W PackageManager: Protected action; cap priority to 0; package: com.google.android.gms activity: com.google.android.gms.auth.managed.ui.SetupWorkProfileActivity origPrio: 999
02-20 19:31:22.192  1678  1678 W PackageManager: Protected action; cap priority to 0; package: com.google.android.gms activity: com.google.android.gms.matchstick.ui.EntryActivity origPrio: 999
02-20 19:31:22.192  1678  1678 W PackageManager: Protected action; cap priority to 0; package: com.google.android.gms activity: com.google.android.gms.tapandpay.tokenization.AddNewCardThroughBrowserActivity origPrio: 999
02-20 19:31:22.192  1678  1678 W PackageManager: Protected action; cap priority to 0; package: com.google.android.gms activity: com.google.android.gms.walletp2p.feature.transfer.TransferMoneyActivity origPrio: 900
02-20 19:31:22.192  1678  1678 W PackageManager: Package com.google.android.gms desires unavailable shared library com.google.android.ble; ignoring!
02-20 19:31:22.192  1678  1678 W PackageManager: Package com.google.android.gms desires unavailable shared library com.google.android.wearable; ignoring!
02-20 19:31:22.192  1678  1678 W PackageManager: Package com.google.android.videos desires unavailable shared library com.google.widevine.software.drm; ignoring!
02-20 19:31:22.192  1678  1678 I PackageManager: Adjusting ABI for com.android.providers.downloads to x86_64 (requirer=com.android.mtp, scannedPackage=null)
02-20 19:31:22.193  1678  1678 I PackageManager: Adjusting ABI for com.android.providers.downloads.ui to x86_64 (requirer=com.android.mtp, scannedPackage=null)
02-20 19:31:22.193  1678  1678 I PackageManager: Adjusting ABI for com.android.providers.media to x86_64 (requirer=com.android.mtp, scannedPackage=null)
02-20 19:31:22.193  1678  1678 I PackageManager: Adjusting ABI for com.google.android.gsf to x86_64 (requirer=com.google.android.gms, scannedPackage=null)
02-20 19:31:22.194  1678  1678 I PackageManager: Adjusting ABI for com.google.android.backuptransport to x86_64 (requirer=com.google.android.gms, scannedPackage=null)
02-20 19:31:22.194  1678  1678 I PackageManager: Adjusting ABI for com.google.android.gsf.login to x86_64 (requirer=com.google.android.gms, scannedPackage=null)
02-20 19:31:22.194  1678  1678 I PackageManager: Adjusting ABI for com.android.providers.settings to x86_64 (requirer=android, scannedPackage=null)
02-20 19:31:22.194  1678  1678 I PackageManager: Adjusting ABI for com.android.inputdevices to x86_64 (requirer=android, scannedPackage=null)
02-20 19:31:22.194  1678  1678 I PackageManager: Adjusting ABI for com.android.server.telecom to x86_64 (requirer=android, scannedPackage=null)
02-20 19:31:22.194  1678  1678 I PackageManager: Adjusting ABI for com.android.keychain to x86_64 (requirer=android, scannedPackage=null)
02-20 19:31:22.195  1678  1678 I PackageManager: Adjusting ABI for com.android.location.fused to x86_64 (requirer=android, scannedPackage=null)
02-20 19:31:22.195  1678  1678 I PackageManager: Adjusting ABI for com.android.wallpaperbackup to x86_64 (requirer=android, scannedPackage=null)
02-20 19:31:22.195  1678  1678 I PackageManager: Adjusting ABI for com.android.settings to x86_64 (requirer=android, scannedPackage=null)
02-20 19:31:22.197  1678  1678 I boot_progress_pms_scan_end: 9197
02-20 19:31:22.197  1678  1678 I PackageManager: Time to scan packages: 1.563 seconds
02-20 19:31:22.198  1678  1678 W PackageManager: Not granting permission android.permission.MANAGE_DOCUMENTS to package com.google.android.youtube (protectionLevel=2 flags=0x3c59be45)
02-20 19:31:22.198  1678  1678 W PackageManager: Not granting permission android.permission.READ_PHONE_STATE to package io.appium.settings because it was previously installed without
02-20 19:31:22.198  1678  1678 W PackageManager: Not granting permission android.permission.ACCESS_FINE_LOCATION to package io.appium.settings because it was previously installed without
02-20 19:31:22.198  1678  1678 W PackageManager: Not granting permission android.permission.ACCESS_COARSE_LOCATION to package io.appium.settings because it was previously installed without
02-20 19:31:22.198  1678  1678 W PackageManager: Not granting permission android.permission.ACCESS_MOCK_LOCATION to package io.appium.settings (protectionLevel=2 flags=0x3808be46)
02-20 19:31:22.198  1678  1678 W PackageManager: Unknown permission com.google.android.launcher.permission.CONTENT_REDIRECT in package com.google.android.googlequicksearchbox
02-20 19:31:22.198  1678  1678 W PackageManager: Unknown permission com.google.android.voicesearch.SHORTCUTS_ACCESS in package com.google.android.googlequicksearchbox
02-20 19:31:22.198  1678  1678 W PackageManager: Unknown permission com.google.android.voicesearch.ACCESS_SETTINGS in package com.google.android.googlequicksearchbox
02-20 19:31:22.198  1678  1678 W PackageManager: Unknown permission com.android.browser.permission.PRELOAD in package com.google.android.googlequicksearchbox
02-20 19:31:22.198  1678  1678 W PackageManager: Unknown permission com.google.android.ears.permission.WRITE in package com.google.android.googlequicksearchbox
02-20 19:31:22.198  1678  1678 W PackageManager: Unknown permission com.google.android.apps.googlevoice.permission.AUTO_SEND in package com.google.android.googlequicksearchbox
02-20 19:31:22.198  1678  1678 W PackageManager: Unknown permission com.android.chrome.PRERENDER_URL in package com.google.android.googlequicksearchbox
02-20 19:31:22.198  1678  1678 W PackageManager: Not granting permission com.google.android.googleapps.permission.GOOGLE_AUTH to package com.android.providers.calendar (protectionLevel=2 flags=0x30083e45)
02-20 19:31:22.198  1678  1678 W PackageManager: Not granting permission com.google.android.googleapps.permission.GOOGLE_AUTH.cl to package com.android.providers.calendar (protectionLevel=2 flags=0x30083e45)
02-20 19:31:22.198  1678  1678 W PackageManager: Unknown permission com.google.android.email.permission.ACCESS_PROVIDER in package com.google.android.gm
02-20 19:31:22.198  1678  1678 W PackageManager: Unknown permission com.google.android.gm.exchange.BIND in package com.google.android.gm
02-20 19:31:22.198  1678  1678 W PackageManager: Unknown permission com.android.email.partnerprovider.PARTNER_PROVIDER in package com.google.android.gm
02-20 19:31:22.199  1678  1678 W PackageManager: Unknown permission com.android.vending.TOS_ACKED in package com.google.android.setupwizard
02-20 19:31:22.199  1678  1678 W PackageManager: Unknown permission com.android.vending.setup.PLAY_SETUP_SERVICE in package com.google.android.setupwizard
02-20 19:31:22.199  1678  1678 W PackageManager: Unknown permission com.samsung.android.providers.context.permission.WRITE_USE_APP_FEATURE_SURVEY in package com.google.android.music
02-20 19:31:22.199  1678  1678 W PackageManager: Unknown permission com.android.vending.BILLING in package com.google.android.apps.docs
02-20 19:31:22.199  1678  1678 W PackageManager: Unknown permission android.permission.WRITE_SYNC_STATS in package com.google.android.apps.docs
02-20 19:31:22.200  1678  1678 W PackageManager: Not granting permission android.permission.INTERACT_ACROSS_USERS to package com.google.android.syncadapters.contacts (protectionLevel=50 flags=0x38083e45)
02-20 19:31:22.200  1678  1678 W PackageManager: Unknown permission com.google.android.syncadapters.contacts.permission.GAL_SEARCH in package com.google.android.syncadapters.contacts
02-20 19:31:22.200  1678  1678 W PackageManager: Unknown permission com.chrome.permission.DEVICE_EXTRAS in package com.android.chrome
02-20 19:31:22.200  1678  1678 W PackageManager: Unknown permission com.sec.enterprise.knox.MDM_CONTENT_PROVIDER in package com.android.chrome
02-20 19:31:22.200  1678  1678 I PackageManager: Un-granting permission android.permission.CLEAR_APP_USER_DATA from package com.google.android.packageinstaller (protectionLevel=258 flags=0x38483e45)
02-20 19:31:22.200  1678  1678 I PackageManager: Un-granting permission android.permission.GRANT_RUNTIME_PERMISSIONS from package com.google.android.packageinstaller (protectionLevel=770 flags=0x38483e45)
02-20 19:31:22.200  1678  1678 I PackageManager: Un-granting permission android.permission.REVOKE_RUNTIME_PERMISSIONS from package com.google.android.packageinstaller (protectionLevel=770 flags=0x38483e45)
02-20 19:31:22.200  1678  1678 I PackageManager: Un-granting permission android.permission.INSTALL_GRANT_RUNTIME_PERMISSIONS from package com.google.android.packageinstaller (protectionLevel=770 flags=0x38483e45)
02-20 19:31:22.200  1678  1678 I PackageManager: Un-granting permission android.permission.INTERACT_ACROSS_USERS_FULL from package com.google.android.packageinstaller (protectionLevel=258 flags=0x38483e45)
02-20 19:31:22.200  1678  1678 I PackageManager: Un-granting permission android.permission.KILL_UID from package com.google.android.packageinstaller (protectionLevel=258 flags=0x38483e45)
02-20 19:31:22.200  1678  1678 I PackageManager: Un-granting permission android.permission.MANAGE_APP_OPS_RESTRICTIONS from package com.google.android.packageinstaller (protectionLevel=258 flags=0x38483e45)
02-20 19:31:22.200  1678  1678 W PackageManager: Unknown permission com.google.android.permission.INSTALL_WEARABLE_PACKAGES in package com.google.android.packageinstaller
02-20 19:31:22.200  1678  1678 W PackageManager: Unknown permission com.google.android.apps.enterprise.dmagent.permission.AutoSyncPermission in package com.google.android.gms
02-20 19:31:22.201  1678  1678 W PackageManager: Not granting permission android.permission.BIND_NOTIFICATION_LISTENER_SERVICE to package com.google.android.gms (protectionLevel=2 flags=0xb8483e45)
02-20 19:31:22.201  1678  1678 W PackageManager: Unknown permission com.google.android.finsky.permission.INSTANT_APP_STATE in package com.google.android.gms
02-20 19:31:22.201  1678  1678 W PackageManager: Unknown permission com.google.android.finsky.permission.GEARHEAD_SERVICE in package com.google.android.gms
02-20 19:31:22.201  1678  1678 W PackageManager: Unknown permission com.google.android.permission.ACCESSIBILITY_SCAN_SERVICE in package com.google.android.gms
02-20 19:31:22.201  1678  1678 W PackageManager: Unknown permission android.permission.ACTIVITY_EMBEDDING in package com.google.android.gms
02-20 19:31:22.201  1678  1678 W PackageManager: Unknown permission android.permission.PROVIDE_RESOLVER_RANKER_SERVICE in package com.google.android.gms
02-20 19:31:22.201  1678  1678 W PackageManager: Unknown permission com.google.android.wearable.READ_SETTINGS in package com.google.android.gms
02-20 19:31:22.201  1678  1678 W PackageManager: Unknown permission android.permission.MANAGE_SUBSCRIPTION_PLANS in package com.google.android.gms
02-20 19:31:22.201  1678  1678 W PackageManager: Unknown permission com.android.vending.setup.PLAY_SETUP_SERVICE in package com.google.android.gms
02-20 19:31:22.201  1678  1678 W PackageManager: Unknown permission com.google.android.gms.game.notifications.permission.WRITE in package com.google.android.gms
02-20 19:31:22.201  1678  1678 W PackageManager: Unknown permission com.google.android.vending.verifier.ACCESS_VERIFIER in package com.google.android.gms
02-20 19:31:22.201  1678  1678 W PackageManager: Unknown permission com.android.launcher.permission.PRELOAD_WORKSPACE in package com.google.android.partnersetup
02-20 19:31:22.201  1678  1678 W PackageManager: Not granting permission com.google.android.googleapps.permission.GOOGLE_AUTH to package com.google.android.videos (protectionLevel=2 flags=0x385bbe45)
