02-20 20:51:48.055  1917  1917 D RILJ    : [3726]> iccIO: SIM_IO 0xb0 0x6f13  path: 3F007F20,0,0,1 aid: null [SUB0]
02-20 20:51:48.055  1374  1482 D RIL     : onRequest: SIM_IO
02-20 20:51:48.055  1374  1482 D AT      : AT> AT+CRSM=176,28433,0,0,1
02-20 20:51:48.055  1374  1484 D AT      : AT< +CRSM: 144,0,55
02-20 20:51:48.055  1374  1484 D AT      : AT< OK
02-20 20:51:48.056  1917  1917 D RILJ    : [3727]> iccIO: SIM_IO 0xb2 0x6fc5  path: 3F007F20,1,4,24 aid: null [SUB0]
02-20 20:51:48.056  1374  1482 D RIL     : onRequest: SIM_IO
02-20 20:51:48.056  1374  1482 D AT      : AT> AT+CRSM=176,28435,0,0,1
02-20 20:51:48.056  1374  1484 D AT      : AT< +CRSM: 144,0,55
02-20 20:51:48.056  1374  1484 D AT      : AT< OK
02-20 20:51:48.056  1917  2012 D RILJ    : [3725]< SIM_IO IccIoResponse sw1:0x90 sw2:0x0 [SUB0]
02-20 20:51:48.056  1917  1917 D RILJ    : [3728]> iccIO: SIM_IO 0xb0 0x6f38  path: 3F007F20,0,0,15 aid: null [SUB0]
02-20 20:51:48.057  1374  1482 D RIL     : onRequest: SIM_IO
02-20 20:51:48.057  1374  1482 D AT      : AT> AT+CRSM=178,28613,1,4,24
02-20 20:51:48.057  1917  1917 D RILJ    : [3729]> iccIO: SIM_IO 0xb0 0x6f16  path: 3F007F20,0,0,2 aid: null [SUB0]
02-20 20:51:48.057  1374  1484 D AT      : AT< +CRSM: 144,0,43058441aa890affffffffffffffffffffffffffffffffff
02-20 20:51:48.057  1374  1484 D AT      : AT< OK
02-20 20:51:48.057  1374  1482 D RIL     : onRequest: SIM_IO
02-20 20:51:48.057  1374  1482 D AT      : AT> AT+CRSM=176,28472,0,0,15
02-20 20:51:48.057  1917  1917 D SubscriptionInfoUpdater: [Receiver]+
02-20 20:51:48.057  1917  1917 D SubscriptionInfoUpdater: Action: android.intent.action.SIM_STATE_CHANGED
02-20 20:51:48.057  1917  1917 D SubscriptionInfoUpdater: slotId: 0
02-20 20:51:48.057  1917  1917 D SubscriptionInfoUpdater: simStatus: READY
02-20 20:51:48.057  1374  1484 D AT      : AT< +CRSM: 144,0,ff30ffff3c003c03000c0000f03f00
02-20 20:51:48.057  1374  1484 D AT      : AT< OK
02-20 20:51:48.057  1917  1917 D SubscriptionInfoUpdater: Ignoring simStatus: READY
02-20 20:51:48.057  1917  1917 D SubscriptionInfoUpdater: [Receiver]-
02-20 20:51:48.058  1917  1917 E SST     : error parsing GprsRegistrationState: java.lang.NumberFormatException: null
02-20 20:51:48.058  1917  1917 D SST     : handlPollStateResultMessage: GsmSST setDataRegState=0 regState=1 dataRadioTechnology=14
02-20 20:51:48.058  1917  1917 D SST     : EVENT_POLL_STATE_NETWORK_SELECTION_MODE
02-20 20:51:48.058  1917  2012 D RILJ    : [3726]< SIM_IO IccIoResponse sw1:0x90 sw2:0x0 [SUB0]
02-20 20:51:48.058  1917  2012 D RILJ    : [3727]< SIM_IO IccIoResponse sw1:0x90 sw2:0x0 [SUB0]
02-20 20:51:48.058  1917  2012 D RILJ    : [3728]< SIM_IO IccIoResponse sw1:0x90 sw2:0x0 [SUB0]
02-20 20:51:48.058  1374  1482 D RIL     : onRequest: SIM_IO
02-20 20:51:48.058  1374  1482 D AT      : AT> AT+CRSM=176,28438,0,0,2
02-20 20:51:48.058  1917  1917 D SST     : Poll ServiceState done:  oldSS=[0 0 voice home data home Android Android 310260 Android Android 310260  Unknown LTE CSS not supported -1 -1 RoamInd=-1 DefRoamInd=-1 EmergOnly=false IsDataRoamingFromRegistration=false IsUsingCarrierAggregation=false] newSS=[0 0 voice home data home Android Android 310260 Android Android 310260  Unknown LTE CSS not supported -1 -1 RoamInd=-1 DefRoamInd=-1 EmergOnly=false IsDataRoamingFromRegistration=false IsUsingCarrierAggregation=false] oldMaxDataCalls=1 mNewMaxDataCalls=1 oldReasonDataDenied=-1 mNewReasonDataDenied=-1
02-20 20:51:48.058  1917  1917 D RuimRecords: [RuimRecords] NO update mccmnc=310260
02-20 20:51:48.058  1917  1917 D RuimRecords: [RuimRecords] onRecordLoaded 9 requested: true
02-20 20:51:48.058  1917  1917 D RILJ    : [3730]> iccIO: SIM_IO 0xb0 0x2fe2  path: 3F00,0,0,10 aid: null [SUB0]
02-20 20:51:48.058  1374  1484 D AT      : AT< +CRSM: 144,0,0233
02-20 20:51:48.058  1374  1484 D AT      : AT< OK
02-20 20:51:48.058  1917  2012 D RILJ    : [3729]< SIM_IO IccIoResponse sw1:0x90 sw2:0x0 [SUB0]
02-20 20:51:48.059  1917  1917 D RILJ    : [3731]> RIL_REQUEST_SIM_CLOSE_CHANNEL [SUB0]
02-20 20:51:48.059  1374  1482 D RIL     : onRequest: SIM_IO
02-20 20:51:48.059  1374  1482 D AT      : AT> AT+CRSM=176,12258,0,0,10
02-20 20:51:48.059  1374  1484 D AT      : AT< +CRSM: 144,0,98101430121181157002
02-20 20:51:48.059  1374  1484 D AT      : AT< OK
02-20 20:51:48.059  1374  1482 D RIL     : onRequest: SIM_CLOSE_CHANNEL
02-20 20:51:48.059  1374  1482 D AT      : AT> AT+CCHC=1
02-20 20:51:48.059  1917  2012 D RILJ    : [3730]< SIM_IO IccIoResponse sw1:0x90 sw2:0x0 [SUB0]
02-20 20:51:48.059  1917  1917 D IccCardProxy: broadcastIccStateChangedIntent intent ACTION_SIM_STATE_CHANGED value=IMSI reason=null for mPhoneId=0
02-20 20:51:48.060  1374  1484 D AT      : AT< +CCHC
02-20 20:51:48.060  1374  1484 D AT      : AT< OK
02-20 20:51:48.060  1917  2012 D RILJ    : [3731]< RIL_REQUEST_SIM_CLOSE_CHANNEL  [SUB0]
02-20 20:51:48.060  1917  1917 D SIMRecords: [SIMRecords] onRecordLoaded 15 requested: true
02-20 20:51:48.060  1917  1917 D RILJ    : [3732]> iccIO: SIM_IO 0xc0 0x6f14  path: 3F007F20,0,0,15 aid: null [SUB0]
02-20 20:51:48.061  1374  1482 D RIL     : onRequest: SIM_IO
02-20 20:51:48.061  1374  1482 D AT      : AT> AT+CRSM=192,28436,0,0,15
02-20 20:51:48.061  1917  1917 D SIMRecords: [SIMRecords] onRecordLoaded 15 requested: true
02-20 20:51:48.061  1917  1917 D SIMRecords: [SIMRecords] onRecordLoaded 14 requested: true
02-20 20:51:48.061  1917  1917 E SIMRecords: [SIMRecords] Exception in fetching EF_CSP data com.android.internal.telephony.CommandException: GENERIC_FAILURE
02-20 20:51:48.061  1917  1917 D SIMRecords: [SIMRecords] onRecordLoaded 13 requested: true
02-20 20:51:48.061  1917  1917 E SIMRecords: [SIMRecords] Exception in get GID1 com.android.internal.telephony.CommandException: GENERIC_FAILURE
02-20 20:51:48.061  1917  1917 D SIMRecords: [SIMRecords] onRecordLoaded 12 requested: true
02-20 20:51:48.061  1917  1917 E SIMRecords: [SIMRecords] Exception in get GID2 com.android.internal.telephony.CommandException: GENERIC_FAILURE
02-20 20:51:48.061  1917  1917 D SIMRecords: [SIMRecords] onRecordLoaded 11 requested: true
02-20 20:51:48.061  1374  1484 D AT      : AT< +CRSM: 144,0,000000146f1404001aa0aa01020000
02-20 20:51:48.061  1374  1484 D AT      : AT< OK
02-20 20:51:48.061  1917  2012 D RILJ    : [3732]< SIM_IO IccIoResponse sw1:0x90 sw2:0x0 [SUB0]
02-20 20:51:48.061  1917  1917 D RuimRecords: [RuimRecords] EF_PL LOADED
02-20 20:51:48.061  1917  1917 E RuimRecords: [RuimRecords] Record Load Exception: com.android.internal.telephony.CommandException: GENERIC_FAILURE
02-20 20:51:48.061  1917  1917 D RuimRecords: [RuimRecords] onRecordLoaded 8 requested: true
02-20 20:51:48.062  1917  1917 D RuimRecords: [RuimRecords] EF_CSIM_LI LOADED
02-20 20:51:48.062  1917  1917 E RuimRecords: [RuimRecords] Record Load Exception: com.android.internal.telephony.CommandException: GENERIC_FAILURE
02-20 20:51:48.062  1917  1917 D RuimRecords: [RuimRecords] onRecordLoaded 7 requested: true
02-20 20:51:48.062  1917  1917 D RuimRecords: [RuimRecords] EF_CSIM_SPN LOADED
02-20 20:51:48.062  1917  1917 E RuimRecords: [RuimRecords] Record Load Exception: com.android.internal.telephony.CommandException: GENERIC_FAILURE
02-20 20:51:48.062  1917  1917 D RuimRecords: [RuimRecords] onRecordLoaded 6 requested: true
02-20 20:51:48.063  1917  1917 D RuimRecords: [RuimRecords] EF_CSIM_MDN LOADED
02-20 20:51:48.063  1917  1917 E RuimRecords: [RuimRecords] Record Load Exception: com.android.internal.telephony.CommandException: GENERIC_FAILURE
02-20 20:51:48.063  1917  1917 D RuimRecords: [RuimRecords] onRecordLoaded 5 requested: true
02-20 20:51:48.063  1917  1917 D RuimRecords: [RuimRecords] EF_CSIM_IMSIM LOADED
02-20 20:51:48.063  1917  1917 E RuimRecords: [RuimRecords] Record Load Exception: com.android.internal.telephony.CommandException: GENERIC_FAILURE
02-20 20:51:48.063  1917  1917 D RuimRecords: [RuimRecords] onRecordLoaded 4 requested: true
02-20 20:51:48.063  1917  1917 D RuimRecords: [RuimRecords] EF_CSIM_CDMAHOME LOADED
02-20 20:51:48.063  1917  1917 E RuimRecords: [RuimRecords] Record Load Exception: com.android.internal.telephony.CommandException: GENERIC_FAILURE
02-20 20:51:48.063  1917  1917 D RuimRecords: [RuimRecords] onRecordLoaded 3 requested: true
02-20 20:51:48.063  1917  1917 D RuimRecords: [RuimRecords] EF_CSIM_EPRL LOADED
02-20 20:51:48.063  1917  1917 E RuimRecords: [RuimRecords] Record Load Exception: com.android.internal.telephony.CommandException: GENERIC_FAILURE
02-20 20:51:48.063  1917  1917 D RuimRecords: [RuimRecords] onRecordLoaded 2 requested: true
02-20 20:51:48.063  1917  1917 D RuimRecords: [RuimRecords] EF_CSIM_MIPUPP LOADED
02-20 20:51:48.063  1917  1917 E RuimRecords: [RuimRecords] Record Load Exception: com.android.internal.telephony.CommandException: GENERIC_FAILURE
02-20 20:51:48.063  1917  1917 D RuimRecords: [RuimRecords] onRecordLoaded 1 requested: true
02-20 20:51:48.063  1917  1917 D SubscriptionInfoUpdater: [Receiver]+
02-20 20:51:48.063  1917  1917 D SubscriptionInfoUpdater: Action: android.intent.action.SIM_STATE_CHANGED
02-20 20:51:48.063  1917  1917 D SubscriptionInfoUpdater: slotId: 0
02-20 20:51:48.063  1917  1917 D SubscriptionInfoUpdater: simStatus: IMSI
02-20 20:51:48.063  1917  1917 D SubscriptionInfoUpdater: Ignoring simStatus: IMSI
02-20 20:51:48.063  1917  1917 D SubscriptionInfoUpdater: [Receiver]-
02-20 20:51:48.063  1917  1917 D SIMRecords: [SIMRecords] iccid: 89014103211118510720
02-20 20:51:48.063  1917  1917 D SIMRecords: [SIMRecords] onRecordLoaded 10 requested: true
02-20 20:51:48.064  1372  2189 D NuPlayerDriver: notifyListener_l(0xe69a91a0), (1, 0, 0), loop setting(0, 0)
02-20 20:51:48.066  1917  1917 D SIMRecords: [SIMRecords] EF_MBI: 01000000
02-20 20:51:48.066  1917  1917 D SIMRecords: [SIMRecords] Got valid mailbox number for MBDN
02-20 20:51:48.067  1917  1917 D RILJ    : [3733]> iccIO: SIM_IO 0xc0 0x6fc7  path: 3F007F20,0,0,15 aid: null [SUB0]
02-20 20:51:48.067  1374  1482 D RIL     : onRequest: SIM_IO
02-20 20:51:48.067  1374  1482 D AT      : AT> AT+CRSM=192,28615,0,0,15
02-20 20:51:48.067  1917  1917 D SIMRecords: [SIMRecords] onRecordLoaded 10 requested: true
02-20 20:51:48.067  1917  1917 D SIMRecords: [SIMRecords] EF_AD: 00000003
02-20 20:51:48.067  1917  1917 D SIMRecords: [SIMRecords] setting4 mMncLength=3
02-20 20:51:48.067  1917  1917 D SIMRecords: [SIMRecords] update mccmnc=310260
02-20 20:51:48.067  1917  1917 D MccTable: updateMccMncConfiguration mccmnc='310260' fromServiceState=false
02-20 20:51:48.067  1374  1484 D AT      : AT< +CRSM: 144,0,000000406fc7040011a0aa01020120
02-20 20:51:48.067  1374  1484 D AT      : AT< OK
02-20 20:51:48.068  1917  2012 D RILJ    : [3733]< SIM_IO IccIoResponse sw1:0x90 sw2:0x0 [SUB0]
02-20 20:51:48.068  1917  1917 D SubscriptionController: [getPhoneId]- no sims, returning default phoneId=2147483647
02-20 20:51:48.069  1917  1917 D MccTable: updateMccMncConfiguration defaultMccMnc=
02-20 20:51:48.069  1917  1917 D MccTable: updateMccMncConfiguration: mcc=310, mnc=260
02-20 20:51:48.069  1917  1917 D MccTable: updateMccMncConfiguration updateConfig config={1.0 310mcc260mnc ?localeList ?layoutDir ?swdp ?wdp ?hdp ?density ?lsize ?long ?orien ?uimode ?night ?touch ?keyb/?/? ?nav/?}
02-20 20:51:48.069  1677  1955 I configuration_changed: 3
02-20 20:51:48.069  1677  1955 I ActivityManager: Config changes=3 {1.0 310mcc260mnc [en_US] ldltr sw360dp w360dp h668dp 640dpi nrml long port finger -keyb/v/h -nav/h s.6}
02-20 20:51:48.070  1677  2076 V KeyValueBackupJob: Scheduling k/v pass in 241 minutes
02-20 20:51:47.280     0     0 D ieee80211 phy1: mac80211_hwsim_configure_filter
02-20 20:51:48.075  1677  1955 I am_relaunch_resume_activity: [0,63193483,215,com.google.android.apps.nexuslauncher/.NexusLauncherActivity]
02-20 20:51:48.084  1917  1917 D SIMRecords: [SIMRecords] onRecordLoaded 9 requested: true
02-20 20:51:48.084  1917  1917 D SIMRecords: [SIMRecords] EF_MWIS : 0000000000
02-20 20:51:48.084  1917  1917 D SIMRecords: [SIMRecords] onRecordLoaded 8 requested: true
02-20 20:51:48.084  1917  1917 D SIMRecords: [SIMRecords] EF_CPHS_MWI: 55
02-20 20:51:48.084  1917  1917 D SIMRecords: [SIMRecords] onRecordLoaded 7 requested: true
02-20 20:51:48.084  1917  1917 D SIMRecords: [SIMRecords] EF_CFF_CPHS: 55
02-20 20:51:48.084  1917  1917 D SIMRecords: [SIMRecords] onRecordLoaded 6 requested: true
02-20 20:51:48.085  1917  1917 D SIMRecords: [SIMRecords] onRecordLoaded 5 requested: true
02-20 20:51:48.085  1917  1917 D SIMRecords: [SIMRecords] SST: UsimServiceTable[120]={ PHONEBOOK, FDN, FDN_EXTENSION, SDN, SDN_EXTENSION, BDN, BDN_EXTENSION, OUTGOING_CALL_INFO, ADVICE_OF_CHARGE, CAP_CONFIG_PARAMS_2, GROUP_ID_LEVEL_1, GROUP_ID_LEVEL_2, SPN, USER_PLMN_SELECT, MSISDN, IMAGE, LOCALISED_SERVICE_AREAS, EMLPP, EMLPP_AUTO_ANSWER, RFU, GSM_ACCESS, DATA_DL_VIA_SMS_PP, DATA_DL_VIA_SMS_CB, CALL_CONTROL_BY_USIM, MO_SMS_CONTROL_BY_USIM, RUN_AT_COMMAND, APN_CONTROL_LIST, DEPERSONALISATION_CONTROL_KEYS, COOPERATIVE_NETWORK_LIST, GSM_SECURITY_CONTEXT, SERVICE_PROVIDER_DISPLAY_INFO, MMS_NOTIFICATION, MMS_NOTIFICATION_EXTENSION, GPRS_CALL_CONTROL_BY_USIM, VGCS_GROUP_ID_LIST, VBS_GROUP_ID_LIST, OMA_BCAST_PROFILE, GBA_LOCAL_KEY_ESTABLISHMENT, #101, #102, #103, #104, #105, #106, #107, #108, #109, #110 }
02-20 20:51:48.085  1917  1917 D SIMRecords: [SIMRecords] onRecordLoaded 4 requested: true
02-20 20:51:48.094  1372  2191 D NuPlayerDriver: notifyListener_l(0xe69a9200), (1, 0, 0), loop setting(0, 0)
02-20 20:51:48.096  1917  1917 D RILJ    : [3734]> iccIO: SIM_IO 0xb0 0x6f14  path: 3F007F20,0,0,20 aid: null [SUB0]
02-20 20:51:48.096  1365  1365 I CameraFlashlight: Opening camera 0
02-20 20:51:48.097  1365  1365 V EmulatedCamera_Camera: getCameraInfo
02-20 20:51:48.097  1365  1365 V EmulatedCamera_BaseCamera: getCameraInfo
02-20 20:51:48.097  1365  1365 V EmulatedCamera_Camera: connectCamera
02-20 20:51:48.097  1365  1365 V EmulatedCamera_FakeDevice: connectDevice
02-20 20:51:48.097  1365  1365 V EmulatedCamera_CallbackNotifier: setCallbacks: 0xef797e80, 0xef797ed0, 0xef797ff0, 0xef798110 (0xeed43320)
02-20 20:51:48.097  1365  1365 V EmulatedCamera_CallbackNotifier: enableMessage: msg_type = 0xc0d
02-20 20:51:48.097  1365  1365 V EmulatedCamera_CallbackNotifier:     CAMERA_MSG_ERROR
02-20 20:51:48.097  1365  1365 V EmulatedCamera_CallbackNotifier:     CAMERA_MSG_FOCUS
02-20 20:51:48.097  1365  1365 V EmulatedCamera_CallbackNotifier:     CAMERA_MSG_ZOOM
02-20 20:51:48.097  1365  1365 V EmulatedCamera_CallbackNotifier:     CAMERA_MSG_PREVIEW_METADATA
02-20 20:51:48.097  1365  1365 V EmulatedCamera_CallbackNotifier: **** Currently enabled messages:
02-20 20:51:48.097  1365  1365 V EmulatedCamera_CallbackNotifier:     CAMERA_MSG_ERROR
02-20 20:51:48.097  1365  1365 V EmulatedCamera_CallbackNotifier:     CAMERA_MSG_FOCUS
02-20 20:51:48.097  1365  1365 V EmulatedCamera_CallbackNotifier:     CAMERA_MSG_ZOOM
02-20 20:51:48.097  1365  1365 V EmulatedCamera_CallbackNotifier:     CAMERA_MSG_PREVIEW_METADATA
02-20 20:51:48.097  1374  1482 D RIL     : onRequest: SIM_IO
02-20 20:51:48.097  1374  1482 D AT      : AT> AT+CRSM=176,28436,0,0,20
02-20 20:51:48.097  1917  1917 D SIMRecords: [SIMRecords] iCPHS: 0233
02-20 20:51:48.097  1917  1917 D SIMRecords: [SIMRecords] onRecordLoaded 3 requested: true
02-20 20:51:48.097  1917  1917 D RuimRecords: [RuimRecords] iccid: 89014103211118510720
02-20 20:51:48.097  1917  1917 D RuimRecords: [RuimRecords] onRecordLoaded 0 requested: true
02-20 20:51:48.097  1917  1917 D RuimRecords: [RuimRecords] record load complete
02-20 20:51:48.098  1917  1917 D SIMRecords: [SIMRecords] MSISDN: [t-WgLegCyIMgfHgPkOdM6pkZbpA]
02-20 20:51:48.098  1917  1917 D SIMRecords: [SIMRecords] onRecordLoaded 2 requested: true
02-20 20:51:48.098  1917  1917 D RILJ    : [3735]> iccIO: SIM_IO 0xb2 0x6fc7  path: 3F007F20,1,4,32 aid: null [SUB0]
02-20 20:51:48.100  1374  1484 D AT      : AT< +CRSM: 144,0,416e64726f6964ffffffffffffffffffffffffff
02-20 20:51:48.100  1374  1484 D AT      : AT< OK
02-20 20:51:48.100  1374  1482 D RIL     : onRequest: SIM_IO
02-20 20:51:48.100  1374  1482 D AT      : AT> AT+CRSM=178,28615,1,4,32
02-20 20:51:48.100  1917  2012 D RILJ    : [3734]< SIM_IO IccIoResponse sw1:0x90 sw2:0x0 [SUB0]
02-20 20:51:48.100  1917  1917 D SIMRecords: [SIMRecords] getServiceProviderName: no brandOverride, providerName=Android
02-20 20:51:48.101  1917  1917 D SIMRecords: [SIMRecords] Load EF_SPN_CPHS: Android
02-20 20:51:48.101  1917  1917 D TelephonyManager: setTelephonyProperty: success phoneId=0 property=gsm.sim.operator.alpha value: Android propVal=Android
02-20 20:51:48.101  1917  1917 D SIMRecords: [SIMRecords] onRecordLoaded 1 requested: true
02-20 20:51:48.101  1917  1931 D SubscriptionController: [getActiveSubInfoList] Sub Controller not ready
02-20 20:51:48.111  1374  1484 D AT      : AT< +CRSM: 144,0,566f6963656d61696cffffffffffffffffff07915155125740f9ffffffffffff
02-20 20:51:48.111  1374  1484 D AT      : AT< OK
02-20 20:51:48.112  1917  2012 D RILJ    : [3735]< SIM_IO IccIoResponse sw1:0x90 sw2:0x0 [SUB0]
02-20 20:51:48.112  1917  1917 D SIMRecords: [SIMRecords] VM: ADN Record 'Voicemail' '[-MWU1cAlDrkXUZ8dpHi_wU_YOpU] null' EF[MBDN]
02-20 20:51:48.112  1917  1917 D SIMRecords: [SIMRecords] onRecordLoaded 0 requested: true
02-20 20:51:48.112  1917  1917 D SIMRecords: [SIMRecords] record load complete
02-20 20:51:48.112  1917  1917 D SIMRecords: [SIMRecords] Not using EF LI/EF PL
02-20 20:51:48.112  1917  1917 D SIMRecords: [SIMRecords] EF_CFF: callForwardingEnabled=0
02-20 20:51:48.112  1917  1917 D SIMRecords: [SIMRecords] onAllRecordsLoaded set 'gsm.sim.operator.numeric' to operator='310260'
02-20 20:51:48.112  1917  1917 D SIMRecords: [SIMRecords] update icc_operator_numeric=310260
02-20 20:51:48.112  1917  1917 D TelephonyManager: setTelephonyProperty: success phoneId=0 property=gsm.sim.operator.numeric value: 310260 propVal=310260
02-20 20:51:48.113  1917  1917 D SubscriptionController: [setMccMnc]+ mcc/mnc:310/260 subId:-1
02-20 20:51:48.115  1365  1365 V EmulatedCamera_CallbackNotifier: disableMessage: msg_type = 0xffff
02-20 20:51:48.115  1365  1365 V EmulatedCamera_CallbackNotifier:     CAMERA_MSG_ERROR
02-20 20:51:48.115  1365  1365 V EmulatedCamera_CallbackNotifier:     CAMERA_MSG_SHUTTER
02-20 20:51:48.115  1365  1365 V EmulatedCamera_CallbackNotifier:     CAMERA_MSG_FOCUS
02-20 20:51:48.115  1365  1365 V EmulatedCamera_CallbackNotifier:     CAMERA_MSG_ZOOM
02-20 20:51:48.115  1365  1365 V EmulatedCamera_CallbackNotifier:     CAMERA_MSG_PREVIEW_FRAME
02-20 20:51:48.115  1365  1365 V EmulatedCamera_CallbackNotifier:     CAMERA_MSG_VIDEO_FRAME
02-20 20:51:48.115  1365  1365 V EmulatedCamera_CallbackNotifier:     CAMERA_MSG_POSTVIEW_FRAME
02-20 20:51:48.115  1365  1365 V EmulatedCamera_CallbackNotifier:     CAMERA_MSG_RAW_IMAGE
02-20 20:51:48.115  1365  1365 V EmulatedCamera_CallbackNotifier:     CAMERA_MSG_COMPRESSED_IMAGE
02-20 20:51:48.115  1365  1365 V EmulatedCamera_CallbackNotifier:     CAMERA_MSG_RAW_IMAGE_NOTIFY
02-20 20:51:48.115  1365  1365 V EmulatedCamera_CallbackNotifier:     CAMERA_MSG_PREVIEW_METADATA
02-20 20:51:48.115  1365  1365 V EmulatedCamera_CallbackNotifier: **** Currently enabled messages:
02-20 20:51:48.115  1365  1365 V EmulatedCamera_Preview: setPreviewWindow: current: 0x0 -> new: 0x0
02-20 20:51:48.115  1365  1365 V EmulatedCamera_Camera: doStopPreview
02-20 20:51:48.119  1365  1365 V EmulatedCamera_Camera: cancelPicture
02-20 20:51:48.119  1365  1365 V EmulatedCamera_Camera: releaseCamera
02-20 20:51:48.119  1365  1365 V EmulatedCamera_Camera: doStopPreview
02-20 20:51:48.119  1365  1365 V EmulatedCamera_FakeDevice: disconnectDevice
02-20 20:51:48.119  1365  1365 W EmulatedCamera_Device: Initialize: Emulated camera device is already initialized: mState = 1
02-20 20:51:48.119  1365  1365 D EmulatedCamera_FakeCamera: Initialize: Fake camera is facing back
02-20 20:51:48.119  1365  1365 V EmulatedCamera_Device: initializeWhiteBalanceModes with auto, 1.000000, 1.000000
02-20 20:51:48.119  1365  1365 V EmulatedCamera_Device: initializeWhiteBalanceModes with incandescent, 1.380000, 0.600000
02-20 20:51:48.119  1365  1365 V EmulatedCamera_Device: initializeWhiteBalanceModes with daylight, 1.090000, 0.920000
02-20 20:51:48.119  1365  1365 V EmulatedCamera_Device: initializeWhiteBalanceModes with twilight, 0.920000, 1.220000
02-20 20:51:48.119  1365  1365 V EmulatedCamera_Device: setWhiteBalanceMode with white balance auto
02-20 20:51:48.119  1365  1365 I CameraFlashlight: Destroying camera 0
02-20 20:51:48.119  1365  1365 V EmulatedCamera_Camera: closeCamera
02-20 20:51:48.119  1365  1365 V EmulatedCamera_Camera: doStopPreview
02-20 20:51:48.119  1365  1365 W EmulatedCamera_Device: Initialize: Emulated camera device is already initialized: mState = 1
02-20 20:51:48.119  1365  1365 D EmulatedCamera_FakeCamera: Initialize: Fake camera is facing back
02-20 20:51:48.119  1365  1365 V EmulatedCamera_Device: initializeWhiteBalanceModes with auto, 1.000000, 1.000000
02-20 20:51:48.119  1365  1365 V EmulatedCamera_Device: initializeWhiteBalanceModes with incandescent, 1.380000, 0.600000
02-20 20:51:48.119  1365  1365 V EmulatedCamera_Device: initializeWhiteBalanceModes with daylight, 1.090000, 0.920000
02-20 20:51:48.119  1365  1365 V EmulatedCamera_Device: initializeWhiteBalanceModes with twilight, 0.920000, 1.220000
02-20 20:51:48.119  1365  1365 V EmulatedCamera_Device: setWhiteBalanceMode with white balance auto
02-20 20:51:48.119  1365  1365 I CameraService: disconnect: Disconnected client for camera 0 for PID 1365
02-20 20:51:48.119  1372  1838 D NuPlayerDriver: reset(0xe69a8f60) at state 4
02-20 20:51:48.119  1372  1838 D NuPlayerDriver: notifyListener_l(0xe69a8f60), (8, 0, 0), loop setting(0, 0)
02-20 20:51:48.119  1372  2187 D NuPlayerDriver: notifyResetComplete(0xe69a8f60)
02-20 20:51:48.120  1372  1410 D NuPlayerDriver: reset(0xe69a91a0) at state 4
02-20 20:51:48.120  1372  1410 D NuPlayerDriver: notifyListener_l(0xe69a91a0), (8, 0, 0), loop setting(0, 0)
02-20 20:51:48.120  1372  2189 D NuPlayerDriver: notifyResetComplete(0xe69a91a0)
02-20 20:51:48.120  1372  1372 D NuPlayerDriver: reset(0xe69a9200) at state 4
02-20 20:51:48.120  1372  1372 D NuPlayerDriver: notifyListener_l(0xe69a9200), (8, 0, 0), loop setting(0, 0)
02-20 20:51:48.120  1372  2191 D NuPlayerDriver: notifyResetComplete(0xe69a9200)
02-20 20:51:48.121  1365  1708 V EmulatedCamera_Camera: getCameraInfo
02-20 20:51:48.121  1365  1708 V EmulatedCamera_BaseCamera: getCameraInfo
02-20 20:51:48.121  1677  1692 W WindowManager: Keyguard drawn timeout. Setting mKeyguardDrawComplete
02-20 20:51:48.122  1365  1708 V EmulatedCamera_Camera: getCameraInfo
02-20 20:51:48.122  1365  1708 V EmulatedCamera_BaseCamera: getCameraInfo
02-20 20:51:48.127  1763  1763 I StatusBar: isKeyguardShowing() called before startKeyguard(), returning true
02-20 20:51:48.127  1763  1763 W StatusBar: isKeyguardSecure() called before startKeyguard(), returning false
02-20 20:51:48.127  1763  1763 W StatusBar: java.lang.Throwable
02-20 20:51:48.127  1763  1763 W StatusBar: 	at com.android.systemui.statusbar.BaseStatusBar.isKeyguardSecure(BaseStatusBar.java:2647)
02-20 20:51:48.127  1763  1763 W StatusBar: 	at com.android.systemui.statusbar.BaseStatusBar.isCameraAllowedByAdmin(BaseStatusBar.java:2670)
02-20 20:51:48.127  1763  1763 W StatusBar: 	at com.android.systemui.statusbar.phone.KeyguardBottomAreaView.updateCameraVisibility(KeyguardBottomAreaView.java:309)
02-20 20:51:48.127  1763  1763 W StatusBar: 	at com.android.systemui.statusbar.phone.KeyguardBottomAreaView.setPhoneStatusBar(KeyguardBottomAreaView.java:272)
02-20 20:51:48.127  1763  1763 W StatusBar: 	at com.android.systemui.statusbar.phone.PhoneStatusBar.makeStatusBarView(PhoneStatusBar.java:904)
02-20 20:51:48.127  1763  1763 W StatusBar: 	at com.android.systemui.statusbar.phone.PhoneStatusBar.addStatusBarWindow(PhoneStatusBar.java:3432)
02-20 20:51:48.127  1763  1763 W StatusBar: 	at com.android.systemui.statusbar.phone.PhoneStatusBar.createAndAddWindows(PhoneStatusBar.java:3428)
02-20 20:51:48.127  1763  1763 W StatusBar: 	at com.android.systemui.statusbar.BaseStatusBar.start(BaseStatusBar.java:765)
02-20 20:51:48.127  1763  1763 W StatusBar: 	at com.android.systemui.statusbar.phone.PhoneStatusBar.start(PhoneStatusBar.java:686)
02-20 20:51:48.127  1763  1763 W StatusBar: 	at com.android.systemui.statusbar.SystemBars.createStatusBarFromConfig(SystemBars.java:106)
02-20 20:51:48.127  1763  1763 W StatusBar: 	at com.android.systemui.statusbar.SystemBars.onNoService(SystemBars.java:58)
02-20 20:51:48.127  1763  1763 W StatusBar: 	at com.android.systemui.statusbar.ServiceMonitor.startService(ServiceMonitor.java:230)
02-20 20:51:48.127  1763  1763 W StatusBar: 	at com.android.systemui.statusbar.ServiceMonitor.-wrap5(ServiceMonitor.java)
02-20 20:51:48.127  1763  1763 W StatusBar: 	at com.android.systemui.statusbar.ServiceMonitor$1.handleMessage(ServiceMonitor.java:73)
02-20 20:51:48.127  1763  1763 W StatusBar: 	at android.os.Handler.dispatchMessage(Handler.java:102)
02-20 20:51:48.127  1763  1763 W StatusBar: 	at android.os.Looper.loop(Looper.java:154)
02-20 20:51:48.127  1763  1763 W StatusBar: 	at android.app.ActivityThread.main(ActivityThread.java:6119)
02-20 20:51:48.127  1763  1763 W StatusBar: 	at java.lang.reflect.Method.invoke(Native Method)
02-20 20:51:48.127  1763  1763 W StatusBar: 	at com.android.internal.os.ZygoteInit$MethodAndArgsCaller.run(ZygoteInit.java:886)
02-20 20:51:48.127  1763  1763 W StatusBar: 	at com.android.internal.os.ZygoteInit.main(ZygoteInit.java:776)
02-20 20:51:48.127  1763  1763 I StatusBar: isKeyguardShowing() called before startKeyguard(), returning true
02-20 20:51:48.127  1763  1763 W StatusBar: isKeyguardSecure() called before startKeyguard(), returning false
02-20 20:51:48.127  1763  1763 W StatusBar: java.lang.Throwable
02-20 20:51:48.127  1763  1763 W StatusBar: 	at com.android.systemui.statusbar.BaseStatusBar.isKeyguardSecure(BaseStatusBar.java:2647)
02-20 20:51:48.127  1763  1763 W StatusBar: 	at com.android.systemui.statusbar.BaseStatusBar.isCameraAllowedByAdmin(BaseStatusBar.java:2670)
02-20 20:51:48.127  1763  1763 W StatusBar: 	at com.android.systemui.statusbar.phone.KeyguardBottomAreaView.updateCameraVisibility(KeyguardBottomAreaView.java:309)
02-20 20:51:48.127  1763  1763 W StatusBar: 	at com.android.systemui.statusbar.phone.KeyguardBottomAreaView.setUserSetupComplete(KeyguardBottomAreaView.java:281)
02-20 20:51:48.127  1763  1763 W StatusBar: 	at com.android.systemui.statusbar.phone.PhoneStatusBar.makeStatusBarView(PhoneStatusBar.java:905)
02-20 20:51:48.127  1763  1763 W StatusBar: 	at com.android.systemui.statusbar.phone.PhoneStatusBar.addStatusBarWindow(PhoneStatusBar.java:3432)
02-20 20:51:48.127  1763  1763 W StatusBar: 	at com.android.systemui.statusbar.phone.PhoneStatusBar.createAndAddWindows(PhoneStatusBar.java:3428)
02-20 20:51:48.127  1763  1763 W StatusBar: 	at com.android.systemui.statusbar.BaseStatusBar.start(BaseStatusBar.java:765)
02-20 20:51:48.127  1763  1763 W StatusBar: 	at com.android.systemui.statusbar.phone.PhoneStatusBar.start(PhoneStatusBar.java:686)
02-20 20:51:48.127  1763  1763 W StatusBar: 	at com.android.systemui.statusbar.SystemBars.createStatusBarFromConfig(SystemBars.java:106)
02-20 20:51:48.127  1763  1763 W StatusBar: 	at com.android.systemui.statusbar.SystemBars.onNoService(SystemBars.java:58)
02-20 20:51:48.127  1763  1763 W StatusBar: 	at com.android.systemui.statusbar.ServiceMonitor.startService(ServiceMonitor.java:230)
02-20 20:51:48.127  1763  1763 W StatusBar: 	at com.android.systemui.statusbar.ServiceMonitor.-wrap5(ServiceMonitor.java)
02-20 20:51:48.127  1763  1763 W StatusBar: 	at com.android.systemui.statusbar.ServiceMonitor$1.handleMessage(ServiceMonitor.java:73)
02-20 20:51:48.127  1763  1763 W StatusBar: 	at android.os.Handler.dispatchMessage(Handler.java:102)
02-20 20:51:48.127  1763  1763 W StatusBar: 	at android.os.Looper.loop(Looper.java:154)
02-20 20:51:48.127  1763  1763 W StatusBar: 	at android.app.ActivityThread.main(ActivityThread.java:6119)
02-20 20:51:48.127  1763  1763 W StatusBar: 	at java.lang.reflect.Method.invoke(Native Method)
02-20 20:51:48.127  1763  1763 W StatusBar: 	at com.android.internal.os.ZygoteInit$MethodAndArgsCaller.run(ZygoteInit.java:886)
02-20 20:51:48.127  1763  1763 W StatusBar: 	at com.android.internal.os.ZygoteInit.main(ZygoteInit.java:776)
02-20 20:51:48.130  1917  1917 D SubscriptionController: notifySubscriptionInfoChanged:
02-20 20:51:48.132  1917  1917 D SIMRecords: [SIMRecords] onAllRecordsLoaded set mcc imsi
02-20 20:51:48.132  1917  1917 D TelephonyManager: setTelephonyProperty: success phoneId=0 property=gsm.sim.operator.iso-country value: us propVal=us
02-20 20:51:48.146  2077  2077 I LoadedApk: No resource references to update in package FFFFFFFFFFFFFFFFFFFFFF
02-20 20:51:48.146  1917  1917 D SST     : SubscriptionListener.onSubscriptionInfoChanged
02-20 20:51:48.146  1917  1917 D SIMRecords: [SIMRecords]  VoiceMessageCount from SIM MWIS = 0
02-20 20:51:48.146  1917  1917 E Phone   : getStoredVoiceMessageCount: invalid subId -2
02-20 20:51:48.146  1917  1917 D GsmCdmaPhone: [GsmCdmaPhone] updateVoiceMail countVoiceMessages = 0 subId -2
02-20 20:51:48.146  1917  1917 E Phone   : setVoiceMessageCount in sharedPreference: invalid subId -2
02-20 20:51:48.147  1917  1917 D DCT     : [0]SubscriptionListener.onSubscriptionInfoChanged
02-20 20:51:48.147  1917  1917 D SubscriptionController: [getActiveSubInfoList] Sub Controller not ready
02-20 20:51:48.150  1917  1917 D SubscriptionController: [getActiveSubInfoList] Sub Controller not ready
02-20 20:51:48.151  1917  1917 I Telephony: PstnIncomingCallNotifier: Unregistering: Handler (com.android.internal.telephony.GsmCdmaPhone) {ab1908b}
02-20 20:51:48.160  1917  1917 E PhoneInterfaceManager: [PhoneIntfMgr] getIccId: No UICC
02-20 20:51:48.162  1917  2167 D SubscriptionController: [getPhoneId] asked for default subId=-1
02-20 20:51:48.168  1677  1688 I Telecom : PhoneAccountRegistrar: [ComponentInfo{com.android.phone/com.android.services.telephony.TelephonyConnectionService}, [e0184adedf913b076626646d3f52c3b49c39ad6d], UserHandle{0}(addr: tel:*********** -> tel:)(icon: Icon(typ=BITMAP size=76x96) -> Icon(typ=BITMAP size=76x96))(subAddr: tel:*********** -> tel:)]: TSI.rPA@AAg
02-20 20:51:48.169  1677  1688 I Telecom : : Sending phone-account registered intent as user: TSI.rPA@AAg
02-20 20:51:48.170  1917  1917 I Telephony: AccountEntry: Registered phoneAccount: [[ ] PhoneAccount: ComponentInfo{com.android.phone/com.android.services.telephony.TelephonyConnectionService}, [e0184adedf913b076626646d3f52c3b49c39ad6d], UserHandle{0} Capabilities: CallProvider MultiUser PlaceEmerg SimSub  Schemes: tel voicemail  Extras: null GroupId: [da39a3ee5e6b4b0d3255bfef95601890afd80709]] with handle: ComponentInfo{com.android.phone/com.android.services.telephony.TelephonyConnectionService}, [e0184adedf913b076626646d3f52c3b49c39ad6d], UserHandle{0}
02-20 20:51:48.170  1917  1917 I Telephony: PstnIncomingCallNotifier: Registering: Handler (com.android.internal.telephony.GsmCdmaPhone) {ab1908b}
02-20 20:51:48.171  1917  1917 D CAT     : CatService: handleMessage[20]
02-20 20:51:48.171  1917  1917 D GsmCdmaPhone: [GsmCdmaPhone] updateCurrentCarrierInProvider: mSubId = -2 currentDds = 1 operatorNumeric = 310260
02-20 20:51:48.171  1917  1917 D IccCardProxy: operator=310260 mPhoneId=0
02-20 20:51:48.171  1917  1917 D TelephonyManager: setTelephonyProperty: success phoneId=0 property=gsm.sim.operator.numeric value: 310260 propVal=310260
02-20 20:51:48.171  1917  1917 D TelephonyManager: setTelephonyProperty: success phoneId=0 property=gsm.sim.operator.iso-country value: us propVal=us
02-20 20:51:48.171  1917  1917 D IccCardProxy: Sending intent ACTION_INTERNAL_SIM_STATE_CHANGED for mPhoneId : 0
02-20 20:51:48.172  1917  1917 D SST     : EVENT_SIM_RECORDS_LOADED: what=16
02-20 20:51:48.172  1917  1917 D GsmCdmaPhone: [GsmCdmaPhone] updatePhoneObject: radioTechnology=0
02-20 20:51:48.172  1917  1917 D SST     : getOtasp: otasp not needed for GSM
02-20 20:51:48.172  1917  1917 D SST     : updateOtaspState: call notifyOtaspChanged old otaspMode=0 new otaspMode=3
02-20 20:51:48.172  1917  1917 D SIMRecords: [SIMRecords] getServiceProviderName: no brandOverride, providerName=Android
02-20 20:51:48.172  1917  1917 D SIMRecords: [SIMRecords] getServiceProviderName: no brandOverride, providerName=Android
02-20 20:51:48.173  1917  1917 D SST     : updateSpnDisplay: changed sending intent rule=1 showPlmn='false' plmn='Android' showSpn='true' spn='Android' dataSpn='Android' subId='-2'
02-20 20:51:48.174  1917  1917 D SubscriptionController: [setPlmnSpn] No valid subscription to store info
02-20 20:51:48.174  1917  1917 D SubscriptionController: notifySubscriptionInfoChanged:
02-20 20:51:48.175  1917  1917 E PhoneInterfaceManager: [PhoneIntfMgr] getIccId: No UICC
02-20 20:51:48.177  1677  1791 I Telecom : PhoneAccountRegistrar: [ComponentInfo{com.android.phone/com.android.services.telephony.TelephonyConnectionService}, [e0184adedf913b076626646d3f52c3b49c39ad6d], UserHandle{0}(icon: Icon(typ=BITMAP size=76x96) -> Icon(typ=BITMAP size=76x96))]: TSI.rPA@AAs
02-20 20:51:48.179  1677  1791 I Telecom : : Sending phone-account registered intent as user: TSI.rPA@AAs
02-20 20:51:48.218  1365  2186 V EmulatedCamera_Camera: getCameraInfo
02-20 20:51:48.218  1365  2186 V EmulatedCamera_BaseCamera: getCameraInfo
02-20 20:51:48.218  1365  1365 V EmulatedCamera_Camera: getCameraInfo
02-20 20:51:48.218  1365  1365 V EmulatedCamera_BaseCamera: getCameraInfo
02-20 20:51:48.241  1917  1917 D SubscriptionInfoUpdater: [Receiver]+
02-20 20:51:48.241  1917  1917 D SubscriptionInfoUpdater: Action: android.intent.action.internal_sim_state_changed
02-20 20:51:48.241  1917  1917 D SubscriptionInfoUpdater: slotId: 0
02-20 20:51:48.241  1917  1917 D SubscriptionInfoUpdater: simStatus: LOADED
02-20 20:51:48.241  1917  1917 D SubscriptionInfoUpdater: [Receiver]-
02-20 20:51:48.241  1917  1917 D GsmCdmaPhone: [GsmCdmaPhone] phoneObjectUpdater: newVoiceRadioTech=0
02-20 20:51:48.245  1917  1917 D GsmCdmaPhone: [GsmCdmaPhone] phoneObjectUpdater: volteReplacementRat=0
02-20 20:51:48.245  1917  1917 E GsmCdmaPhone: [GsmCdmaPhone] phoneObjectUpdater: newVoiceRadioTech=0 doesn't match either CDMA or GSM - error! No phone change
02-20 20:51:48.245  1917  1917 D SST     : SubscriptionListener.onSubscriptionInfoChanged
02-20 20:51:48.245  1917  1917 D DCT     : [0]SubscriptionListener.onSubscriptionInfoChanged
02-20 20:51:48.249  1677  1689 I am_proc_start: [0,2199,10029,com.google.android.googlequicksearchbox:search,service,com.google.android.googlequicksearchbox/com.google.android.apps.gsa.nowoverlayservice.DrawerOverlayService]
02-20 20:51:48.249  1677  1689 I ActivityManager: Start proc 2199:com.google.android.googlequicksearchbox:search/u0a29 for service com.google.android.googlequicksearchbox/com.google.android.apps.gsa.nowoverlayservice.DrawerOverlayService
02-20 20:51:48.263  1917  1917 D SubscriptionController: [getActiveSubInfoList] Sub Controller not ready
02-20 20:51:48.266  1917  1917 D SubscriptionController: [getActiveSubInfoList] Sub Controller not ready
02-20 20:51:48.266  2199  2199 W art     : Unexpected CPU variant for X86 using defaults: x86
02-20 20:51:48.266  1917  1917 I Telephony: PstnIncomingCallNotifier: Unregistering: Handler (com.android.internal.telephony.GsmCdmaPhone) {ab1908b}
02-20 20:51:48.267  1917  1917 E PhoneInterfaceManager: [PhoneIntfMgr] getIccId: No UICC
02-20 20:51:48.268  1677  1791 I Telecom : PhoneAccountRegistrar: [ComponentInfo{com.android.phone/com.android.services.telephony.TelephonyConnectionService}, [e0184adedf913b076626646d3f52c3b49c39ad6d], UserHandle{0}(icon: Icon(typ=BITMAP size=76x96) -> Icon(typ=BITMAP size=76x96))]: TSI.rPA@AAw
02-20 20:51:48.270  1677  1791 I Telecom : : Sending phone-account registered intent as user: TSI.rPA@AAw
02-20 20:51:48.271  1917  1917 I Telephony: AccountEntry: Registered phoneAccount: [[ ] PhoneAccount: ComponentInfo{com.android.phone/com.android.services.telephony.TelephonyConnectionService}, [e0184adedf913b076626646d3f52c3b49c39ad6d], UserHandle{0} Capabilities: CallProvider MultiUser PlaceEmerg SimSub  Schemes: tel voicemail  Extras: null GroupId: [da39a3ee5e6b4b0d3255bfef95601890afd80709]] with handle: ComponentInfo{com.android.phone/com.android.services.telephony.TelephonyConnectionService}, [e0184adedf913b076626646d3f52c3b49c39ad6d], UserHandle{0}
02-20 20:51:48.271  1917  1917 I Telephony: PstnIncomingCallNotifier: Registering: Handler (com.android.internal.telephony.GsmCdmaPhone) {ab1908b}
02-20 20:51:48.290  1917  1917 D SubscriptionInfoUpdater: handleSimStateLoadedInternal: slotId: 0
02-20 20:51:48.290  1917  1917 D SubscriptionInfoUpdater: All IccIds query complete
02-20 20:51:48.290  1917  1917 D SubscriptionInfoUpdater: updateSubscriptionInfoByIccId:+ Start
02-20 20:51:48.291  1677  1688 I am_proc_bound: [0,2199,com.google.android.googlequicksearchbox:search]
02-20 20:51:48.292  1763  1763 I StatusBar: isKeyguardShowing() called before startKeyguard(), returning true
02-20 20:51:48.293  1763  1763 W StatusBar: isKeyguardSecure() called before startKeyguard(), returning false
02-20 20:51:48.293  1763  1763 W StatusBar: java.lang.Throwable
02-20 20:51:48.293  1763  1763 W StatusBar: 	at com.android.systemui.statusbar.BaseStatusBar.isKeyguardSecure(BaseStatusBar.java:2647)
02-20 20:51:48.293  1763  1763 W StatusBar: 	at com.android.systemui.statusbar.BaseStatusBar.isCameraAllowedByAdmin(BaseStatusBar.java:2670)
02-20 20:51:48.293  1763  1763 W StatusBar: 	at com.android.systemui.statusbar.phone.KeyguardBottomAreaView.updateCameraVisibility(KeyguardBottomAreaView.java:309)
02-20 20:51:48.293  1763  1763 W StatusBar: 	at com.android.systemui.statusbar.phone.KeyguardBottomAreaView.setUserSetupComplete(KeyguardBottomAreaView.java:281)
02-20 20:51:48.293  1763  1763 W StatusBar: 	at com.android.systemui.statusbar.phone.PhoneStatusBar$1.onChange(PhoneStatusBar.java:441)
02-20 20:51:48.293  1763  1763 W StatusBar: 	at com.android.systemui.statusbar.phone.PhoneStatusBar.resetUserSetupObserver(PhoneStatusBar.java:3676)
02-20 20:51:48.293  1763  1763 W StatusBar: 	at com.android.systemui.statusbar.phone.PhoneStatusBar.makeStatusBarView(PhoneStatusBar.java:1008)
02-20 20:51:48.293  1763  1763 W StatusBar: 	at com.android.systemui.statusbar.phone.PhoneStatusBar.addStatusBarWindow(PhoneStatusBar.java:3432)
02-20 20:51:48.293  1763  1763 W StatusBar: 	at com.android.systemui.statusbar.phone.PhoneStatusBar.createAndAddWindows(PhoneStatusBar.java:3428)
02-20 20:51:48.293  1763  1763 W StatusBar: 	at com.android.systemui.statusbar.BaseStatusBar.start(BaseStatusBar.java:765)
02-20 20:51:48.293  1763  1763 W StatusBar: 	at com.android.systemui.statusbar.phone.PhoneStatusBar.start(PhoneStatusBar.java:686)
02-20 20:51:48.293  1763  1763 W StatusBar: 	at com.android.systemui.statusbar.SystemBars.createStatusBarFromConfig(SystemBars.java:106)
02-20 20:51:48.293  1763  1763 W StatusBar: 	at com.android.systemui.statusbar.SystemBars.onNoService(SystemBars.java:58)
02-20 20:51:48.293  1763  1763 W StatusBar: 	at com.android.systemui.statusbar.ServiceMonitor.startService(ServiceMonitor.java:230)
02-20 20:51:48.293  1763  1763 W StatusBar: 	at com.android.systemui.statusbar.ServiceMonitor.-wrap5(ServiceMonitor.java)
02-20 20:51:48.293  1763  1763 W StatusBar: 	at com.android.systemui.statusbar.ServiceMonitor$1.handleMessage(ServiceMonitor.java:73)
02-20 20:51:48.293  1763  1763 W StatusBar: 	at android.os.Handler.dispatchMessage(Handler.java:102)
02-20 20:51:48.293  1763  1763 W StatusBar: 	at android.os.Looper.loop(Looper.java:154)
02-20 20:51:48.293  1763  1763 W StatusBar: 	at android.app.ActivityThread.main(ActivityThread.java:6119)
02-20 20:51:48.293  1763  1763 W StatusBar: 	at java.lang.reflect.Method.invoke(Native Method)
02-20 20:51:48.293  1763  1763 W StatusBar: 	at com.android.internal.os.ZygoteInit$MethodAndArgsCaller.run(ZygoteInit.java:886)
02-20 20:51:48.293  1763  1763 W StatusBar: 	at com.android.internal.os.ZygoteInit.main(ZygoteInit.java:776)
02-20 20:51:48.301  1917  1917 D SubscriptionController: [clearSubInfo]- no simInfo size=0
02-20 20:51:48.313  1917  1917 D SubscriptionInfoUpdater: insertedSimCount = 1
02-20 20:51:48.313  1917  1917 D SubscriptionController: [getSubInfoUsingSlotIdWithCheck]+ slotId:0
02-20 20:51:48.315  1763  1989 D OpenGLRenderer: profile bars disabled
02-20 20:51:48.315  1763  1989 D OpenGLRenderer: ambientRatio = 1.50
02-20 20:51:48.315  1917  1931 D SubscriptionController: [getSlotId]- subId invalid
02-20 20:51:48.316  1763  2196 D TelephonyManager: getSimState: default sim:-1, sim state for slotIdx=0 is 5, return state as unknown
02-20 20:51:48.318  1763  1763 D PhoneStatusBar: disable: < EXPAND* icons alerts system_info BACK* HOME* RECENT* clock SEARCH* quick_settings >
02-20 20:51:48.324  1917  1931 D SubscriptionController: [getSlotId]- subId invalid
02-20 20:51:48.324  1763  2196 D TelephonyManager: getSimState: default sim:-1, sim state for slotIdx=0 is 5, return state as unknown
02-20 20:51:48.326  1917  1931 D SubscriptionController: [getSlotId]- subId invalid
02-20 20:51:48.326  1763  2196 D TelephonyManager: getSimState: default sim:-1, sim state for slotIdx=0 is 5, return state as unknown
02-20 20:51:48.339  2117  2178 V GridSizeMigrationTask: Workspace migration completed in 65
02-20 20:51:48.339  2117  2178 D Launcher.Model: loadWorkspace: loading default favorites
02-20 20:51:48.360  2215  2215 W art     : Unexpected CPU variant for X86 using defaults: x86_64
02-20 20:51:48.360  1677  1749 I am_proc_start: [0,2215,10014,com.google.process.gapps,content provider,com.google.android.gsf/.gservices.GservicesProvider]
02-20 20:51:48.360  1677  1749 I ActivityManager: Start proc 2215:com.google.process.gapps/u0a14 for content provider com.google.android.gsf/.gservices.GservicesProvider
02-20 20:51:48.366  1917  1917 D SubscriptionController: [getPhoneId]- no sims, returning default phoneId=2147483647
02-20 20:51:48.366  1917  1917 D SubscriptionController: [getPhoneId]- no sims, returning default phoneId=2147483647
02-20 20:51:48.367  1917  1917 D SubscriptionController: [getPhoneId]- no sims, returning default phoneId=2147483647
02-20 20:51:48.367  1917  1917 D SubscriptionController: [getSubInfoUsingSlotId]- null info return
02-20 20:51:48.367  1917  1917 D SubscriptionInfoUpdater: updateSubscriptionInfoByIccId: oldSubId = 1
02-20 20:51:48.367  1917  1917 D SubscriptionInfoUpdater: updateSubscriptionInfoByIccId: oldIccId[0] = 89014103211118510720, sIccId[0] = 89014103211118510720
02-20 20:51:48.367  1917  1917 D SubscriptionController: [addSubInfoRecord]+ iccId:89014103211118510720 slotId:0
02-20 20:51:48.369  1917  1917 D SubscriptionController: [getActiveSubInfoList] Sub Controller not ready
02-20 20:51:48.369  1917  1917 D SubscriptionController: [addSubInfoRecord] Record already exists
02-20 20:51:48.372  1917  1917 D SubscriptionController: [addSubInfoRecord] sSlotIdxToSubId.size=1 slotId=0 subId=1 defaultSubId=1 simCount=1
02-20 20:51:48.372  1917  1917 D SubscriptionController: [setDefaultFallbackSubId] subId=1
02-20 20:51:48.372  1917  1917 D SubscriptionController: [setDefaultFallbackSubId] set mDefaultFallbackSubId=1
02-20 20:51:48.372  1917  1917 D MccTable: updateMccMncConfiguration mccmnc='310260' fromServiceState=false
02-20 20:51:48.375  2117  2117 I am_on_resume_called: [0,com.google.android.apps.nexuslauncher.NexusLauncherActivity,LAUNCH_ACTIVITY]
02-20 20:51:48.376  1917  1917 D MccTable: updateMccMncConfiguration defaultMccMnc=310260
02-20 20:51:48.376  1917  1917 D MccTable: updateMccMncConfiguration: mcc=310, mnc=260
02-20 20:51:48.377  1917  1917 D MccTable: updateMccMncConfiguration updateConfig config={1.0 310mcc260mnc ?localeList ?layoutDir ?swdp ?wdp ?hdp ?density ?lsize ?long ?orien ?uimode ?night ?touch ?keyb/?/? ?nav/?}
02-20 20:51:48.377  1677  1956 I am_proc_bound: [0,2215,com.google.process.gapps]
02-20 20:51:48.379  1917  1917 D SubscriptionController: [setDefaultFallbackSubId] broadcast default subId changed phoneId=0 subId=1
02-20 20:51:48.379  1917  1917 D SubscriptionController: [addSubInfoRecord] one sim set defaults to subId=1
02-20 20:51:48.380  1917  1917 D SubscriptionController: [setDefaultDataSubId] num phones=1, subId=1
02-20 20:51:48.380  1917  1917 D SubscriptionController: [setDefaultDataSubId] phoneId=0 subId=1 RAF=1
02-20 20:51:48.380  1917  1917 D ProxyController: setRadioCapability: Already in requested configuration, nothing to do.
02-20 20:51:48.380  1917  1917 D SubscriptionController: [updateAllDataConnectionTrackers] sPhones.length=1
02-20 20:51:48.380  1917  1917 D SubscriptionController: [updateAllDataConnectionTrackers] phoneId=0
02-20 20:51:48.380  1917  1917 D DCT     : [0]update sub = 1
02-20 20:51:48.380  1917  1917 D DCT     : [0]update(): Active DDS, register for all events now!
02-20 20:51:48.380  1917  1917 D DCT     : [0]New records found.
02-20 20:51:48.380  1917  1917 D SST     : mDeviceShuttingDown=false, mDesiredPowerState=true, getRadioState=RADIO_ON, mPowerOffDelayNeed=true, mAlarmSwitch=false, mRadioDisabledByCarrier=false
02-20 20:51:48.380  1917  1917 D GsmCdmaPhone: [GsmCdmaPhone] updateCurrentCarrierInProvider: mSubId = 1 currentDds = 1 operatorNumeric = 310260
02-20 20:51:48.397  1312  1355 E SurfaceFlinger: ro.sf.lcd_density must be defined as a build property
02-20 20:51:48.414  2117  2117 D         : HostConnection::get() New Host Connection established 0x7c0a9ee48660, tid 2117
02-20 20:51:48.461  2215  2215 I art     : Starting a blocking GC AddRemoveAppImageSpace
02-20 20:51:48.461  2215  2215 W System  : ClassLoader referenced unknown path: /system/priv-app/GoogleServicesFramework/lib/x86_64
02-20 20:51:48.473  2117  2117 I am_on_paused_called: [0,com.google.android.apps.nexuslauncher.NexusLauncherActivity,handleRelaunchActivity]
02-20 20:51:48.476  2117  2117 I am_on_stop_called: [0,com.google.android.apps.nexuslauncher.NexusLauncherActivity,destroy]
02-20 20:51:48.514  1677  1689 I force_gc: Binder
02-20 20:51:48.521  1763  1763 D PhoneStatusBar: heads up is enabled
02-20 20:51:48.537  1917  1917 D SubscriptionController: [broadcastDefaultDataSubIdChanged] subId=1
02-20 20:51:48.551  1312  1323 D gralloc_ranchu: gralloc_alloc: Creating ashmem region of size 15945728
02-20 20:51:48.566  1917  1917 D SubscriptionController: [setDefaultSmsSubId] subId=1
02-20 20:51:48.566  1917  1917 D SubscriptionController: [broadcastDefaultSmsSubIdChanged] subId=1
02-20 20:51:48.606  1917  1917 D SubscriptionController: [setDefaultVoiceSubId] subId=1
02-20 20:51:48.614  1917  1917 D SubscriptionController: [broadcastDefaultVoiceSubIdChanged] subId=1
02-20 20:51:48.617  1917  1917 D SubscriptionController: [addSubInfoRecord] hashmap(0,1)
02-20 20:51:48.642  2117  2178 V GridSizeMigrationTask: Workspace migration completed in 53
02-20 20:51:48.642  2117  2178 D Launcher.Model: loadWorkspace: loading default favorites
02-20 20:51:48.645  2215  2215 I GservicesProvider: Gservices pushing to system: true; secure/global: true
02-20 20:51:48.662  1312  1998 D gralloc_ranchu: gralloc_alloc: Creating ashmem region of size 17051648
02-20 20:51:48.663  1312  1998 D         : HostConnection::get() New Host Connection established 0x77e5550ea900, tid 1998
02-20 20:51:48.663  2117  2117 I am_on_resume_called: [0,com.google.android.apps.nexuslauncher.NexusLauncherActivity,handleRelaunchActivity]
02-20 20:51:48.683  1677  1687 I art     : Background partial concurrent mark sweep GC freed 31699(2MB) AllocSpace objects, 23(860KB) LOS objects, 21% free, 15MB/19MB, paused 2.635ms total 163.414ms
02-20 20:51:48.819  2117  2228 D         : HostConnection::get() New Host Connection established 0x7c0a9ee48540, tid 2228
02-20 20:51:48.820  2117  2228 I OpenGLRenderer: Initialized EGL, version 1.4
02-20 20:51:48.820  2117  2228 D OpenGLRenderer: Swap behavior 1
02-20 20:51:48.842  2117  2228 D EGL_emulation: eglCreateContext: 0x7c0a9ee75620: maj 3 min 0 rcv 3
02-20 20:51:48.872  1917  1917 D SubscriptionController: [addSubInfoRecord] sim name = Android
02-20 20:51:48.872  1917  1917 D DCT     : [0]update sub = 1
02-20 20:51:48.872  1917  1917 D DCT     : [0]update(): Active DDS, register for all events now!
02-20 20:51:48.872  1917  1917 D GsmCdmaPhone: [GsmCdmaPhone] updateCurrentCarrierInProvider: mSubId = 1 currentDds = 1 operatorNumeric = 310260
02-20 20:51:48.909  2117  2228 D EGL_emulation: eglMakeCurrent: 0x7c0a9ee75620: ver 3 0 (tinfo 0x7c0a9eea2700)
02-20 20:51:48.910  1677  1692 V KeyguardServiceDelegate: *** Keyguard connected (yay!)
02-20 20:51:48.921  2240  2240 W art     : Unexpected CPU variant for X86 using defaults: x86_64
02-20 20:51:48.927  1677  2235 I am_proc_start: [0,2240,10001,android.process.acore,content provider,com.android.providers.contacts/.ContactsProvider2]
02-20 20:51:48.927  1677  2235 I ActivityManager: Start proc 2240:android.process.acore/u0a1 for content provider com.android.providers.contacts/.ContactsProvider2
02-20 20:51:48.933  2215  2215 I GoogleHttpClient: GMS http client unavailable, use old client
02-20 20:51:48.960  1677  1956 I am_proc_bound: [0,2240,android.process.acore]
02-20 20:51:48.974  2117  2228 D EGL_emulation: eglMakeCurrent: 0x7c0a9ee75620: ver 3 0 (tinfo 0x7c0a9eea2700)
02-20 20:51:48.978  2199  2199 E OverlaySController: Calling with an invalid UID, the interface will not work
02-20 20:51:48.991  2240  2240 W System  : ClassLoader referenced unknown path: /system/priv-app/ContactsProvider/lib/x86_64
