02-20 20:51:44.476  1267  1302 W vold    : disk:253,64 has unknown partition table; trying entire device
02-20 20:51:44.476  1267  1302 V vold    : /system/bin/blkid
02-20 20:51:44.476  1267  1302 V vold    :     -c
02-20 20:51:44.476  1267  1302 V vold    :     /dev/null
02-20 20:51:44.476  1267  1302 V vold    :     -s
02-20 20:51:44.476  1267  1302 V vold    :     TYPE
02-20 20:51:44.476  1267  1302 V vold    :     -s
02-20 20:51:44.476  1267  1302 V vold    :     UUID
02-20 20:51:44.476  1267  1302 V vold    :     -s
02-20 20:51:44.476  1267  1302 V vold    :     LABEL
02-20 20:51:44.476  1267  1302 V vold    :     /dev/block/vold/disk:253,64
02-20 20:51:44.481  1677  1677 D WebViewFactory: Setting new address space to 137955392
02-20 20:51:44.484  1364  1400 I AudioFlinger: systemReady
02-20 20:51:44.496  1267  1302 V vold    : /dev/block/vold/disk:253,64: LABEL="SDCARD" UUID="1E12-0B12" TYPE="vfat" 
02-20 20:51:44.496  1267  1302 V vold    : 
02-20 20:51:44.496  1677  1722 D VoldConnector: RCV <- {650 public:253,64 0 "disk:253,64" ""}
02-20 20:51:44.496  1677  1722 D VoldConnector: RCV <- {651 public:253,64 0}
02-20 20:51:44.496  1677  1722 D VoldConnector: RCV <- {643 disk:253,64}
02-20 20:51:44.497  1677  1722 D VoldConnector: RCV <- {200 3 Command succeeded}
02-20 20:51:44.497  1677  1721 D VoldConnector: SND -> {4 volume user_added 0 0}
02-20 20:51:44.497  1677  1722 D VoldConnector: RCV <- {200 4 Command succeeded}
02-20 20:51:44.498  1677  1677 I Zygote  : Process: zygote socket opened, supported ABIS: x86
02-20 20:51:44.501  1363  1567 I art     : Starting a blocking GC HeapTrim
02-20 20:51:44.536  1363  1363 I art     : Starting a blocking GC Background
02-20 20:51:44.531     0     0 D ieee80211 phy1: hw scan 2422 MHz
02-20 20:51:44.564  1677  1781 E WVMExtractor: Failed to open libwvm.so: dlopen failed: library "libwvm.so" not found
02-20 20:51:44.601  1372  1372 I MediaPlayerService: MediaPlayerService::getOMX
02-20 20:51:44.603  1372  1372 I OMXClient: MuxOMX ctor
02-20 20:51:44.612  1372  1372 I MediaPlayerService: MediaPlayerService::getOMX
02-20 20:51:44.612  1372  1372 I OMXClient: MuxOMX ctor
02-20 20:51:44.613  1369  1369 I OMXMaster: makeComponentInstance(OMX.google.mp3.decoder) in mediacodec process
02-20 20:51:44.651     0     0 D ieee80211 phy1: hw scan 2427 MHz
02-20 20:51:44.662     0     0 D SELinux : initialized (dev fuse, type fuse), uses genfs_contexts
02-20 20:51:44.678     0     0 D SELinux : initialized (dev fuse, type fuse), uses genfs_contexts
02-20 20:51:44.679     0     0 D SELinux : initialized (dev fuse, type fuse), uses genfs_contexts
02-20 20:51:44.614  1677  1677 W ActivityManager: Slow operation: 126ms so far, now at startProcess: returned from zygote!
02-20 20:51:44.614  1677  1677 W ActivityManager: Slow operation: 126ms so far, now at startProcess: done updating battery stats
02-20 20:51:44.614  1677  1677 I am_proc_start: [0,1794,1037,WebViewLoader-x86,,]
02-20 20:51:44.614  1677  1677 W ActivityManager: Slow operation: 126ms so far, now at startProcess: building log message
02-20 20:51:44.614  1677  1677 I ActivityManager: Start proc 1794:WebViewLoader-x86/1037 [android.webkit.WebViewFactory$RelroFileCreator] for 
02-20 20:51:44.614  1677  1677 W ActivityManager: Slow operation: 126ms so far, now at startProcess: starting to update pids map
02-20 20:51:44.614  1677  1677 W ActivityManager: Slow operation: 126ms so far, now at startProcess: done updating pids map
02-20 20:51:44.614  1677  1677 W ActivityManager: Slow operation: 127ms so far, now at startProcess: done starting proc!
02-20 20:51:44.615  1677  1721 D VoldConnector: SND -> {5 volume mount emulated 3 -1}
02-20 20:51:44.615  1267  1302 V vold    : Waiting for FUSE to spin up...
02-20 20:51:44.615  1677  1722 D VoldConnector: RCV <- {651 emulated 1}
02-20 20:51:44.616  1677  1722 D VoldConnector: RCV <- {656 emulated /data/media}
02-20 20:51:44.616  1677  1722 D VoldConnector: RCV <- {655 emulated /storage/emulated}
02-20 20:51:44.617  1677  1688 I am_proc_bound: [0,1757,com.android.inputmethod.latin]
02-20 20:51:44.618  1677  1689 I am_proc_bound: [0,1763,com.android.systemui]
02-20 20:51:44.633  1677  1677 I am_proc_start: [0,1800,1037,WebViewLoader-x86_64,,]
02-20 20:51:44.633  1677  1677 I ActivityManager: Start proc 1800:WebViewLoader-x86_64/1037 [android.webkit.WebViewFactory$RelroFileCreator] for 
02-20 20:51:44.634  1677  1677 D NetworkManagement: enabling bandwidth control
02-20 20:51:44.654  1800  1800 W art     : Unexpected CPU variant for X86 using defaults: x86_64
02-20 20:51:44.654  1799  1799 W sdcard  : Device explicitly disabled sdcardfs
02-20 20:51:44.662  1794  1794 W art     : Unexpected CPU variant for X86 using defaults: x86
02-20 20:51:44.669  1267  1302 V vold    : Waiting for FUSE to spin up...
02-20 20:51:44.686  1763  1763 W System  : ClassLoader referenced unknown path: /system/priv-app/SystemUIGoogle/lib/x86_64
02-20 20:51:44.693  1800  1800 V WebViewFactory: RelroFileCreator (64bit = true),  32-bit lib: /system/app/Chrome/Chrome.apk!/lib/x86/libmonochrome.so, 64-bit lib: /system/app/Chrome/Chrome.apk!/lib/x86_64/libmonochrome.so
02-20 20:51:44.706  1794  1794 V WebViewFactory: RelroFileCreator (64bit = false),  32-bit lib: /system/app/Chrome/Chrome.apk!/lib/x86/libmonochrome.so, 64-bit lib: /system/app/Chrome/Chrome.apk!/lib/x86_64/libmonochrome.so
02-20 20:51:44.721  1677  1722 D VoldConnector: RCV <- {651 emulated 2}
02-20 20:51:44.721  1677  1722 D VoldConnector: RCV <- {200 5 Command succeeded}
02-20 20:51:44.721  1677  1721 D VoldConnector: SND -> {6 volume mount public:253,64 2 0}
02-20 20:51:44.721  1267  1302 V vold    : /system/bin/blkid
02-20 20:51:44.721  1267  1302 V vold    :     -c
02-20 20:51:44.721  1267  1302 V vold    :     /dev/null
02-20 20:51:44.721  1267  1302 V vold    :     -s
02-20 20:51:44.721  1267  1302 V vold    :     TYPE
02-20 20:51:44.721  1267  1302 V vold    :     -s
02-20 20:51:44.721  1267  1302 V vold    :     UUID
02-20 20:51:44.721  1267  1302 V vold    :     -s
02-20 20:51:44.721  1267  1302 V vold    :     LABEL
02-20 20:51:44.721  1267  1302 V vold    :     /dev/block/vold/public:253,64
02-20 20:51:44.722  1677  1722 D VoldConnector: RCV <- {651 public:253,64 1}
02-20 20:51:44.722  1372  1372 I MediaPlayerService: MediaPlayerService::getOMX
02-20 20:51:44.722  1372  1372 I OMXClient: MuxOMX ctor
02-20 20:51:44.722  1369  1825 I OMXMaster: makeComponentInstance(OMX.google.amrnb.decoder) in mediacodec process
02-20 20:51:44.740  1372  1372 I MediaPlayerService: MediaPlayerService::getOMX
02-20 20:51:44.740  1372  1372 I OMXClient: MuxOMX ctor
02-20 20:51:44.740  1369  1825 I OMXMaster: makeComponentInstance(OMX.google.amrwb.decoder) in mediacodec process
02-20 20:51:44.745  1372  1372 I MediaPlayerService: MediaPlayerService::getOMX
02-20 20:51:44.746  1372  1372 I OMXClient: MuxOMX ctor
02-20 20:51:44.746  1369  1381 I OMXMaster: makeComponentInstance(OMX.google.aac.decoder) in mediacodec process
02-20 20:51:44.749  1677  1732 D WifiController: DEFERRED_TOGGLE handled
02-20 20:51:44.749  1267  1302 V vold    : /dev/block/vold/public:253,64: LABEL="SDCARD" UUID="1E12-0B12" TYPE="vfat" 
02-20 20:51:44.749  1267  1302 V vold    : 
02-20 20:51:44.749  1267  1302 V vold    : /system/bin/fsck_msdos
02-20 20:51:44.749  1267  1302 V vold    :     -p
02-20 20:51:44.749  1267  1302 V vold    :     -f
02-20 20:51:44.749  1267  1302 V vold    :     /dev/block/vold/public:253,64
02-20 20:51:44.750  1677  1722 D VoldConnector: RCV <- {652 public:253,64 vfat}
02-20 20:51:44.750  1677  1722 D VoldConnector: RCV <- {653 public:253,64 1E12-0B12}
02-20 20:51:44.750  1677  1722 D VoldConnector: RCV <- {654 public:253,64 SDCARD}
02-20 20:51:44.755  1372  1372 I MediaPlayerService: MediaPlayerService::getOMX
02-20 20:51:44.755  1372  1372 I OMXClient: MuxOMX ctor
02-20 20:51:44.755  1369  1369 I OMXMaster: makeComponentInstance(OMX.google.g711.alaw.decoder) in mediacodec process
02-20 20:51:44.772     0     0 D ieee80211 phy1: hw scan 2432 MHz
02-20 20:51:44.797  1267  1302 I fsck_msdos: ** /dev/block/vold/public:253,64
02-20 20:51:44.797  1267  1302 I fsck_msdos: ** Phase 1 - Read and Compare FATs
02-20 20:51:44.797  1267  1302 I fsck_msdos: Attempting to allocate 1022 KB for FAT
02-20 20:51:44.838  1372  1372 I MediaPlayerService: MediaPlayerService::getOMX
02-20 20:51:44.839  1372  1372 I OMXClient: MuxOMX ctor
02-20 20:51:44.839  1369  1369 I OMXMaster: makeComponentInstance(OMX.google.g711.mlaw.decoder) in mediacodec process
02-20 20:51:44.867  1373  1676 D SoftapController: Softap fwReload - Ok
02-20 20:51:44.897  1763  1763 V SystemUIService: Starting SystemUI services for user 0.
02-20 20:51:44.898  1757  1757 I LatinIME: Hardware accelerated drawing: true
02-20 20:51:44.897     0     0 D ieee80211 phy1: hw scan 2437 MHz
02-20 20:51:44.915  1372  1372 I MediaPlayerService: MediaPlayerService::getOMX
02-20 20:51:44.915  1372  1372 I OMXClient: MuxOMX ctor
02-20 20:51:44.916  1369  1369 I OMXMaster: makeComponentInstance(OMX.google.vorbis.decoder) in mediacodec process
02-20 20:51:44.931  1763  1763 V MediaRouter: Adding route: RouteInfo{ name=Phone, description=null, status=null, category=RouteCategory{ name=null types=ROUTE_TYPE_LIVE_AUDIO ROUTE_TYPE_LIVE_VIDEO  groupable=false }, supportedTypes=ROUTE_TYPE_LIVE_AUDIO ROUTE_TYPE_LIVE_VIDEO , presentationDisplay=null }
02-20 20:51:44.936  1763  1763 V MediaRouter: Updating audio routes: AudioRoutesInfo{ type=SPEAKER }
02-20 20:51:44.938  1763  1763 V MediaRouter: Selecting route: RouteInfo{ name=Phone, description=null, status=null, category=RouteCategory{ name=null types=ROUTE_TYPE_LIVE_AUDIO ROUTE_TYPE_LIVE_VIDEO  groupable=false }, supportedTypes=ROUTE_TYPE_LIVE_AUDIO ROUTE_TYPE_LIVE_VIDEO , presentationDisplay=null }
02-20 20:51:44.943  1267  1302 I fsck_msdos: Attempting to allocate 1022 KB for FAT
02-20 20:51:44.984  1677  1689 D TelephonyRegistry: listen oscl: hasNotifySubscriptionInfoChangedOccurred==false no callback
02-20 20:51:44.990  1794  1794 I art     : System.exit called, status: 0
02-20 20:51:44.990  1794  1794 I AndroidRuntime: VM exiting with result code 0, cleanup skipped.
02-20 20:51:45.002  1372  1372 I MediaPlayerService: MediaPlayerService::getOMX
02-20 20:51:45.002  1372  1372 I OMXClient: MuxOMX ctor
02-20 20:51:45.002  1369  1825 I OMXMaster: makeComponentInstance(OMX.google.opus.decoder) in mediacodec process
02-20 20:51:45.013     0     0 D ieee80211 phy1: hw scan 2442 MHz
02-20 20:51:45.025  1757  1757 W InputAttributes: No editor info for this field. Bug?
02-20 20:51:45.044  1267  1302 I fsck_msdos: ** Phase 2 - Check Cluster Chains
02-20 20:51:45.045  1267  1302 I fsck_msdos: ** Phase 3 - Checking Directories
02-20 20:51:45.046  1267  1302 I fsck_msdos: ** Phase 4 - Checking for Lost Files
02-20 20:51:45.046  1267  1302 I fsck_msdos: 27 files, 522176 free (261088 clusters)
02-20 20:51:45.060  1677  1677 W NetworkManagement: setDataSaverMode(): already false
02-20 20:51:45.074     0     0 W FAT-fs (vde): Volume was not properly unmounted. Some data may be corrupt. Please run fsck.
02-20 20:51:45.079     0     0 D SELinux : initialized (dev vde, type vfat), uses genfs_contexts
02-20 20:51:45.080     0     0 I init    : Starting service 'wpa_supplicant'...
02-20 20:51:45.065  1763  1865 E WVMExtractor: Failed to open libwvm.so: dlopen failed: library "libwvm.so" not found
02-20 20:51:45.066  1373  1676 D CommandListener: Setting iface cfg
02-20 20:51:45.066  1373  1676 D CommandListener: Trying to bring down wlan0
02-20 20:51:45.070  1373  1676 D CommandListener: Clearing all IP addresses on wlan0
02-20 20:51:45.071  1677  1733 E WifiMonitor: killSupplicant p2pfalse init.svc.wpa_supplicant=unknown init.svc.p2p_supplicant=unknown
02-20 20:51:45.072  1267  1302 I Vold    : Filesystem check completed OK
02-20 20:51:45.072  1677  1722 D VoldConnector: RCV <- {656 public:253,64 /mnt/media_rw/1E12-0B12}
02-20 20:51:45.072  1677  1722 D VoldConnector: RCV <- {655 public:253,64 /storage/1E12-0B12}
02-20 20:51:45.074  1372  1372 I MediaPlayerService: MediaPlayerService::getOMX
02-20 20:51:45.074  1372  1372 I OMXClient: MuxOMX ctor
02-20 20:51:45.074  1369  1825 I OMXMaster: makeComponentInstance(OMX.google.raw.decoder) in mediacodec process
02-20 20:51:45.078  1677  1733 E wifi    : Can not initialize the vendor function pointer table
02-20 20:51:45.078  1677  1733 E WifiNative-HAL: Could not start hal
02-20 20:51:45.078  1677  1733 E WifiStateMachine: Failed to start HAL
02-20 20:51:45.080  1267  1302 V vold    : Waiting for FUSE to spin up...
02-20 20:51:45.081  1372  1372 I MediaPlayerService: MediaPlayerService::getOMX
02-20 20:51:45.081  1372  1372 I OMXClient: MuxOMX ctor
02-20 20:51:45.081  1369  1369 I OMXMaster: makeComponentInstance(OMX.google.aac.encoder) in mediacodec process
02-20 20:51:45.085  1677  1733 D WifiMonitor: startMonitoring(wlan0) with mConnected = false
02-20 20:51:45.087  1677  1733 E WifiHW  : Unable to open connection to supplicant on "@android:wpa_wlan0": No such file or directory
02-20 20:51:45.087  1872  1872 W sdcard  : Device explicitly disabled sdcardfs
02-20 20:51:45.097  1372  1372 I MediaPlayerService: MediaPlayerService::getOMX
02-20 20:51:45.097  1372  1372 I OMXClient: MuxOMX ctor
02-20 20:51:45.097  1369  1381 I OMXMaster: makeComponentInstance(OMX.google.amrnb.encoder) in mediacodec process
02-20 20:51:45.098  1757  1876 I LatinIME:LogUtils: Dictionary info: dictionary = userunigram.en_US ; version = 1519159905 ; date = ?
02-20 20:51:45.101  1757  1876 E ActivityThread: Failed to find provider info for user_dictionary
02-20 20:51:45.101  1757  1876 I LatinIME:LogUtils: Dictionary info: dictionary = UserHistoryDictionary.en_US ; version = 1519159905 ; date = ?
02-20 20:51:45.101     0     0 D SELinux : initialized (dev fuse, type fuse), uses genfs_contexts
02-20 20:51:45.106     0     0 D SELinux : initialized (dev fuse, type fuse), uses genfs_contexts
02-20 20:51:45.107     0     0 D SELinux : initialized (dev fuse, type fuse), uses genfs_contexts
02-20 20:51:45.107  1372  1372 I MediaPlayerService: MediaPlayerService::getOMX
02-20 20:51:45.107  1372  1372 I OMXClient: MuxOMX ctor
02-20 20:51:45.107  1369  1825 I OMXMaster: makeComponentInstance(OMX.google.amrwb.encoder) in mediacodec process
02-20 20:51:45.112  1372  1372 I MediaPlayerService: MediaPlayerService::getOMX
02-20 20:51:45.112  1372  1372 I OMXClient: MuxOMX ctor
02-20 20:51:45.113  1369  1369 I OMXMaster: makeComponentInstance(OMX.google.flac.encoder) in mediacodec process
02-20 20:51:45.118  1800  1800 I art     : System.exit called, status: 0
02-20 20:51:45.118  1800  1800 I AndroidRuntime: VM exiting with result code 0, cleanup skipped.
02-20 20:51:45.131  1677  1722 D VoldConnector: RCV <- {651 public:253,64 2}
02-20 20:51:45.131  1677  1722 D VoldConnector: RCV <- {200 6 Command succeeded}
02-20 20:51:45.131     0     0 D ieee80211 phy1: hw scan 2447 MHz
02-20 20:51:45.152  1677  1677 D NetworkPolicy: setRestrictBackgroundUL(): false
02-20 20:51:45.153  1677  1677 W NetworkManagement: setDataSaverMode(): already false
02-20 20:51:45.173  1372  1372 I MediaPlayerService: MediaPlayerService::getOMX
02-20 20:51:45.173  1372  1372 I OMXClient: MuxOMX ctor
02-20 20:51:45.173  1369  1369 I OMXMaster: makeComponentInstance(OMX.google.gsm.decoder) in mediacodec process
02-20 20:51:45.194     0     0 D ieee80211 phy0: mac80211_hwsim_start
02-20 20:51:45.194     0     0 D ieee80211 phy0: mac80211_hwsim_add_interface (type=2 mac_addr=02:00:00:44:55:66)
02-20 20:51:45.194     0     0 D ieee80211 phy0: mac80211_hwsim_bss_info_changed(changed=0xe)
02-20 20:51:45.194     0     0 D ieee80211 phy0: ERP_CTS_PROT: 0
02-20 20:51:45.194     0     0 D ieee80211 phy0: ERP_PREAMBLE: 0
02-20 20:51:45.194     0     0 D ieee80211 phy0: ERP_SLOT: 0
02-20 20:51:45.194     0     0 D ieee80211 phy0: mac80211_hwsim_conf_tx (queue=0 txop=0 cw_min=15 cw_max=1023 aifs=2)
02-20 20:51:45.194     0     0 D ieee80211 phy0: mac80211_hwsim_conf_tx (queue=1 txop=0 cw_min=15 cw_max=1023 aifs=2)
02-20 20:51:45.194     0     0 D ieee80211 phy0: mac80211_hwsim_conf_tx (queue=2 txop=0 cw_min=15 cw_max=1023 aifs=2)
02-20 20:51:45.194     0     0 D ieee80211 phy0: mac80211_hwsim_conf_tx (queue=3 txop=0 cw_min=15 cw_max=1023 aifs=2)
02-20 20:51:45.194     0     0 D ieee80211 phy0: mac80211_hwsim_bss_info_changed(changed=0x2000)
02-20 20:51:45.194     0     0 D ieee80211 phy0: mac80211_hwsim_config (freq=0 idle=0 ps=0 smps=auto)
02-20 20:51:45.194     0     0 I IPv6    : ADDRCONF(NETDEV_UP): wlan0: link is not ready
02-20 20:51:45.194     0     0 D ieee80211 phy0: mac80211_hwsim_configure_filter
02-20 20:51:45.192  1874  1874 I wpa_supplicant: Successfully initialized wpa_supplicant
02-20 20:51:45.194  1874  1874 I wpa_supplicant: rfkill: Cannot open RFKILL control device
02-20 20:51:45.195  1874  1874 I wpa_supplicant: nl80211: Could not re-add multicast membership for vendor events: -2 (No such file or directory)
02-20 20:51:45.209  1372  1372 I MediaPlayerService: MediaPlayerService::getOMX
02-20 20:51:45.209  1372  1372 I OMXClient: MuxOMX ctor
02-20 20:51:45.209  1369  1825 I OMXMaster: makeComponentInstance(OMX.google.mpeg4.decoder) in mediacodec process
02-20 20:51:45.238  1677  1677 I SystemServiceManager: Starting phase 600
02-20 20:51:45.241  1369  1369 E OMXNodeInstance: getExtensionIndex(559000f:google.mpeg4.decoder, OMX.google.android.index.configureVideoTunnelMode) ERROR: UnsupportedIndex(0x8000101a)
02-20 20:51:45.242  1369  1381 W OMXNodeInstance: [559000f:google.mpeg4.decoder] component does not support metadata mode; using fallback
02-20 20:51:45.250     0     0 D ieee80211 phy1: hw scan 2452 MHz
02-20 20:51:45.244  1372  1372 I MediaPlayerService: MediaPlayerService::getOMX
02-20 20:51:45.244  1372  1372 I OMXClient: MuxOMX ctor
02-20 20:51:45.244  1369  1825 I OMXMaster: makeComponentInstance(OMX.google.h263.decoder) in mediacodec process
02-20 20:51:45.247  1763  1763 I vol.Events: writeEvent collection_started
02-20 20:51:45.247  1677  1677 D SensorNotificationService: Cannot obtain dynamic meta sensor, not supported.
02-20 20:51:45.252  1677  1729 I netstats_mobile_sample: [0,0,0,0,0,0,0,0,0,0,0,0,-1]
02-20 20:51:45.252  1677  1729 I netstats_wifi_sample: [0,0,0,0,0,0,0,0,0,0,0,0,-1]
02-20 20:51:45.259  1677  1677 D TelephonyRegistry: listen oscl: hasNotifySubscriptionInfoChangedOccurred==false no callback
02-20 20:51:45.263  1763  1910 I sysui_action: [213,2]
02-20 20:51:45.265  1763  1910 I vol.Events: writeEvent external_ringer_mode_changed normal
02-20 20:51:45.265  1763  1910 I vol.Events: writeEvent internal_ringer_mode_changed normal
02-20 20:51:45.267  1677  1677 I GnssLocationProvider: WakeLock acquired by sendMessage(13, 0, null)
02-20 20:51:45.274  1874  1874 E wpa_supplicant: global ctrl interface @android:wpa_wlan0 matches ctrl interface wlan0 - do not open per-interface ctrl interface
02-20 20:51:45.289  1677  1677 W LocationProviderProxy-network: Odd, no component found for service com.android.location.service.v3.NetworkLocationProvider
02-20 20:51:45.290  1369  1381 E OMXNodeInstance: getExtensionIndex(5590010:google.h263.decoder, OMX.google.android.index.configureVideoTunnelMode) ERROR: UnsupportedIndex(0x8000101a)
02-20 20:51:45.290  1369  1369 W OMXNodeInstance: [5590010:google.h263.decoder] component does not support metadata mode; using fallback
02-20 20:51:45.291  1372  1372 I MediaPlayerService: MediaPlayerService::getOMX
02-20 20:51:45.291  1372  1372 I OMXClient: MuxOMX ctor
02-20 20:51:45.291  1369  1825 I OMXMaster: makeComponentInstance(OMX.google.h264.decoder) in mediacodec process
02-20 20:51:45.294  1677  1677 W GeocoderProxy: Odd, no component found for service com.android.location.service.GeocodeProvider
02-20 20:51:45.295  1677  1677 E FlpHardwareProvider: Error hw_get_module 'flp': -2
02-20 20:51:45.295  1677  1677 D LocationManagerService: FLP HAL not supported
02-20 20:51:45.296  1677  1677 W GeofenceProxy: Odd, no component found for service com.android.location.service.GeofenceProvider
02-20 20:51:45.297  1677  1677 E ActivityRecognitionHardware: Error hw_get_module: -2
02-20 20:51:45.297  1677  1677 D LocationManagerService: Hardware Activity-Recognition not supported.
02-20 20:51:45.298  1677  1677 W ActivityRecognitionProxy: Odd, no component found for service com.android.location.service.ActivityRecognitionProvider
02-20 20:51:45.298  1677  1677 I GnssLocationProvider: WakeLock acquired by sendMessage(2, 1, null)
02-20 20:51:45.306  1677  1677 I CommonTimeManagementService: No common time service detected on this platform.  Common time services will be unavailable.
02-20 20:51:45.307  1677  1677 D TelephonyRegistry: systemRunning register for intents
02-20 20:51:45.307  1677  1677 I MmsServiceBroker: Delay connecting to MmsService until an API is called
02-20 20:51:45.310  1677  1692 W WindowManager: Keyguard drawn timeout. Setting mKeyguardDrawComplete
02-20 20:51:45.311  1677  1720 I InputReader: Reconfiguring input devices.  changes=0x00000020
02-20 20:51:45.311  1677  1720 I InputReader: Reconfiguring input devices.  changes=0x00000010
02-20 20:51:45.317  1757  1876 I LatinIME:LogUtils: Dictionary info: dictionary = main:en ; version = 54 ; date = 1414726273
02-20 20:51:45.343  1677  1677 I am_proc_start: [0,1917,1001,com.android.phone,added application,com.android.phone]
02-20 20:51:45.343  1677  1677 I ActivityManager: Start proc 1917:com.android.phone/1001 for added application com.android.phone
02-20 20:51:45.344  1677  1677 I ActivityManager: START u0 {act=android.intent.action.MAIN cat=[android.intent.category.HOME] flg=0x10000100 cmp=com.android.settings/.FallbackHome} from uid 0 on display 0
02-20 20:51:45.345  1917  1917 W art     : Unexpected CPU variant for X86 using defaults: x86_64
02-20 20:51:45.346  1677  1677 W System  : ClassLoader referenced unknown path: 
02-20 20:51:45.346  1677  1677 W System  : ClassLoader referenced unknown path: /system/priv-app/Settings/lib/x86_64
02-20 20:51:45.347  1677  1677 D ApplicationLoaders: ignored Vulkan layer search path /system/priv-app/Settings/lib/x86_64:/system/priv-app/Settings/Settings.apk!/lib/x86_64:/system/lib64:/vendor/lib64 for namespace 0x7c0abd695160
02-20 20:51:45.360  1677  1690 W GnssLocationProvider: Could not open GPS configuration file /etc/gps.conf
02-20 20:51:45.360  1677  1690 E GnssLocationProvider: no AGPS interface in set_agps_server
02-20 20:51:45.361  1372  1372 W ACodec  : [OMX.google.h264.decoder] stopping checking profiles after 32: 2/8000
02-20 20:51:45.361  1369  1381 E OMXNodeInstance: getExtensionIndex(5590011:google.h264.decoder, OMX.google.android.index.configureVideoTunnelMode) ERROR: UnsupportedIndex(0x8000101a)
02-20 20:51:45.361  1369  1369 W OMXNodeInstance: [5590011:google.h264.decoder] component does not support metadata mode; using fallback
02-20 20:51:45.362  1372  1372 I MediaPlayerService: MediaPlayerService::getOMX
02-20 20:51:45.362  1372  1372 I OMXClient: MuxOMX ctor
02-20 20:51:45.362  1369  1825 I OMXMaster: makeComponentInstance(OMX.google.hevc.decoder) in mediacodec process
02-20 20:51:45.370     0     0 D ieee80211 phy1: hw scan 2457 MHz
02-20 20:51:45.379  1677  1677 I ActivityManager: Loaded persisted task ids for user 0
02-20 20:51:45.380  1677  1677 I am_create_task: [0,1]
02-20 20:51:45.380  1677  1677 I am_create_activity: [0,145237642,1,com.android.settings/.FallbackHome,android.intent.action.MAIN,NULL,NULL,276824320]
02-20 20:51:45.381  1677  1677 I wm_task_created: [1,0]
02-20 20:51:45.381  1677  1677 I wm_task_moved: [1,1,0]
02-20 20:51:45.381  1677  1677 I wm_task_moved: [1,1,0]
02-20 20:51:45.382  1677  1677 I am_focused_activity: [0,com.android.settings/.FallbackHome,startedActivity]
02-20 20:51:45.386  1677  1677 I am_proc_start: [0,1933,1000,com.android.settings,activity,com.android.settings/.FallbackHome]
02-20 20:51:45.386  1677  1677 I ActivityManager: Start proc 1933:com.android.settings/1000 for activity com.android.settings/.FallbackHome
02-20 20:51:45.395  1933  1933 W art     : Unexpected CPU variant for X86 using defaults: x86_64
02-20 20:51:45.404  1677  1677 I SystemServer: Enabled StrictMode for system server main thread.
02-20 20:51:45.404  1677  1791 I am_proc_bound: [0,1917,com.android.phone]
02-20 20:51:45.408  1677  1677 D ConditionProviders.SCP: onConnected
02-20 20:51:45.408  1677  1677 D ZenLog  : set_zen_mode: off,readXml
02-20 20:51:45.410  1677  1677 D ConditionProviders: Subscribing to condition://android/schedule?days=6.7&start=23.30&end=10.0&exitAtAlarm=false with ComponentInfo{android/com.android.server.notification.ScheduleConditionProvider}
02-20 20:51:45.410  1677  1677 D ZenLog  : subscribe: condition://android/schedule?days=6.7&start=23.30&end=10.0&exitAtAlarm=false,ok
02-20 20:51:45.410  1677  1677 D ConditionProviders: Subscribing to condition://android/event?userId=-10000&calendar=&reply=1 with ComponentInfo{android/com.android.server.notification.EventConditionProvider}
02-20 20:51:45.410  1677  1677 D ZenLog  : subscribe: condition://android/event?userId=-10000&calendar=&reply=1,ok
02-20 20:51:45.413  1677  1677 D ConditionProviders: Subscribing to condition://android/schedule?days=1.2.3.4.5&start=22.0&end=7.0&exitAtAlarm=false with ComponentInfo{android/com.android.server.notification.ScheduleConditionProvider}
02-20 20:51:45.413  1677  1677 D ZenLog  : subscribe: condition://android/schedule?days=1.2.3.4.5&start=22.0&end=7.0&exitAtAlarm=false,ok
02-20 20:51:45.421  1677  1689 I am_proc_bound: [0,1933,com.android.settings]
02-20 20:51:45.423  1917  1917 W System  : ClassLoader referenced unknown path: /system/priv-app/TeleService/lib/x86_64
02-20 20:51:45.446  1677  1737 I WifiScanningService: wifi driver unloaded
02-20 20:51:45.447  1369  1369 E OMXNodeInstance: getExtensionIndex(5590012:google.hevc.decoder, OMX.google.android.index.configureVideoTunnelMode) ERROR: UnsupportedIndex(0x8000101a)
02-20 20:51:45.447  1369  1381 W OMXNodeInstance: [5590012:google.hevc.decoder] component does not support metadata mode; using fallback
02-20 20:51:45.448  1677  1677 D ZenLog  : set_zen_mode: off,cleanUpZenRules
02-20 20:51:45.448  1372  1372 I MediaPlayerService: MediaPlayerService::getOMX
02-20 20:51:45.448  1372  1372 I OMXClient: MuxOMX ctor
02-20 20:51:45.448  1369  1825 I OMXMaster: makeComponentInstance(OMX.google.vp8.decoder) in mediacodec process
02-20 20:51:45.460  1677  1677 D RttService: SCAN_AVAILABLE : 1
02-20 20:51:45.460  1677  1690 D TelephonyRegistry: listen oscl: hasNotifySubscriptionInfoChangedOccurred==false no callback
02-20 20:51:45.461  1677  1738 D RttService: DefaultState got{ when=-1ms what=160513 target=com.android.internal.util.StateMachine$SmHandler }
02-20 20:51:45.492  1369  1381 E OMXNodeInstance: getExtensionIndex(5590013:google.vp8.decoder, OMX.google.android.index.configureVideoTunnelMode) ERROR: UnsupportedIndex(0x8000101a)
02-20 20:51:45.492  1312  1323 D PermissionCache: checking android.permission.READ_FRAME_BUFFER for uid=1000 => granted (202 us)
02-20 20:51:45.492  1369  1369 W OMXNodeInstance: [5590013:google.vp8.decoder] component does not support metadata mode; using fallback
02-20 20:51:45.493  1372  1372 I MediaPlayerService: MediaPlayerService::getOMX
02-20 20:51:45.494  1372  1372 I OMXClient: MuxOMX ctor
02-20 20:51:45.494  1369  1825 I OMXMaster: makeComponentInstance(OMX.google.vp9.decoder) in mediacodec process
02-20 20:51:45.491     0     0 D ieee80211 phy1: hw scan 2462 MHz
02-20 20:51:45.512  1369  1381 E OMXNodeInstance: getExtensionIndex(5590014:google.vp9.decoder, OMX.google.android.index.configureVideoTunnelMode) ERROR: UnsupportedIndex(0x8000101a)
02-20 20:51:45.512  1369  1369 W OMXNodeInstance: [5590014:google.vp9.decoder] component does not support metadata mode; using fallback
02-20 20:51:45.513  1372  1372 I MediaPlayerService: MediaPlayerService::getOMX
02-20 20:51:45.513  1372  1372 I OMXClient: MuxOMX ctor
02-20 20:51:45.513  1369  1825 I OMXMaster: makeComponentInstance(OMX.google.h263.encoder) in mediacodec process
02-20 20:51:45.540  1312  1323 D gralloc_ranchu: gralloc_alloc: Creating ashmem region of size 17051648
02-20 20:51:45.546  1369  1825 I SoftMPEG4Encoder: Construct SoftMPEG4Encoder
02-20 20:51:45.548  1372  1372 W ACodec  : do not know color format 0x7f000789 = 2130708361
02-20 20:51:45.548  1369  1825 E OMXNodeInstance: getConfig(5590015:google.h263.encoder, ConfigAndroidIntraRefresh(0x6f60000a)) ERROR: Undefined(0x80001001)
02-20 20:51:45.551  1372  1372 I MediaPlayerService: MediaPlayerService::getOMX
02-20 20:51:45.551  1372  1372 I OMXClient: MuxOMX ctor
02-20 20:51:45.551  1369  1825 I OMXMaster: makeComponentInstance(OMX.google.h264.encoder) in mediacodec process
02-20 20:51:45.576  1372  1372 W ACodec  : do not know color format 0x7f000789 = 2130708361
02-20 20:51:45.578  1372  1372 I MediaPlayerService: MediaPlayerService::getOMX
02-20 20:51:45.578  1372  1372 I OMXClient: MuxOMX ctor
02-20 20:51:45.578  1369  1381 I OMXMaster: makeComponentInstance(OMX.google.mpeg4.encoder) in mediacodec process
02-20 20:51:45.591  1369  1381 I SoftMPEG4Encoder: Construct SoftMPEG4Encoder
02-20 20:51:45.592  1372  1372 W ACodec  : do not know color format 0x7f000789 = 2130708361
02-20 20:51:45.592  1369  1825 E OMXNodeInstance: getConfig(5590017:google.mpeg4.encoder, ConfigAndroidIntraRefresh(0x6f60000a)) ERROR: Undefined(0x80001001)
02-20 20:51:45.601  1372  1372 I MediaPlayerService: MediaPlayerService::getOMX
02-20 20:51:45.602  1372  1372 I OMXClient: MuxOMX ctor
02-20 20:51:45.602  1369  1825 I OMXMaster: makeComponentInstance(OMX.google.vp8.encoder) in mediacodec process
02-20 20:51:45.611     0     0 D ieee80211 phy1: hw scan complete
02-20 20:51:45.611     0     0 D ieee80211 phy1: mac80211_hwsim_get_survey (idx=0)
02-20 20:51:45.622  1372  1372 W ACodec  : do not know color format 0x7f000789 = 2130708361
02-20 20:51:45.622  1369  1825 E OMXNodeInstance: getConfig(5590018:google.vp8.encoder, ConfigAndroidIntraRefresh(0x6f60000a)) ERROR: Undefined(0x80001001)
02-20 20:51:45.624  1372  1372 I MediaPlayerService: MediaPlayerService::getOMX
02-20 20:51:45.624  1372  1372 I OMXClient: MuxOMX ctor
02-20 20:51:45.626  1372  1372 I MediaPlayerService: MediaPlayerService::getOMX
02-20 20:51:45.626  1372  1372 I OMXClient: MuxOMX ctor
02-20 20:51:45.626  1372  1372 W MediaCodecList: unable to open media codecs configuration xml file: /data/misc/media/media_codecs_profiling_results.xml
02-20 20:51:45.627  1372  1838 I MediaPlayerService: MediaPlayerService::getOMX
02-20 20:51:45.627  1372  1875 I MediaPlayerService: MediaPlayerService::getOMX
02-20 20:51:45.627  1763  1869 I OMXClient: MuxOMX ctor
02-20 20:51:45.628  1677  1793 I OMXClient: MuxOMX ctor
02-20 20:51:45.628  1369  1381 I OMXMaster: makeComponentInstance(OMX.google.vorbis.decoder) in mediacodec process
02-20 20:51:45.670     0     0 D ieee80211 phy1: mac80211_hwsim_config (freq=0 idle=0 ps=0 smps=auto)
02-20 20:51:45.670     0     0 D ieee80211 phy1: add channel context control: 2447 MHz/width: 2/cfreqs:2437/0 MHz
02-20 20:51:45.670     0     0 D ieee80211 phy1: mac80211_hwsim_bss_info_changed(changed=0x40000)
02-20 20:51:45.670     0     0 D ieee80211 phy1: TX Power: 20 dBm
02-20 20:51:45.670     0     0 D ieee80211 phy1: mac80211_hwsim_bss_info_changed(changed=0x4000)
02-20 20:51:45.670     0     0 D ieee80211 phy1: change channel context control: 2447 MHz/width: 2/cfreqs:2437/0 MHz
02-20 20:51:45.670     0     0 D ieee80211 phy1: mac80211_hwsim_bss_info_changed(changed=0x88340)
02-20 20:51:45.670     0     0 D ieee80211 phy1: BCNINT: 100
02-20 20:51:45.670     0     0 D ieee80211 phy1: BCN EN: 1
02-20 20:51:45.670     0     0 D ieee80211 phy1: mac80211_hwsim_bss_info_changed(changed=0x3e)
02-20 20:51:45.670     0     0 D ieee80211 phy1: ERP_CTS_PROT: 0
02-20 20:51:45.670     0     0 D ieee80211 phy1: ERP_PREAMBLE: 0
02-20 20:51:45.670     0     0 D ieee80211 phy1: ERP_SLOT: 1
02-20 20:51:45.670     0     0 D ieee80211 phy1: HT: op_mode=0x0
02-20 20:51:45.670     0     0 D ieee80211 phy1: BASIC_RATES: 0xf
02-20 20:51:45.670     0     0 D ieee80211 phy1: mac80211_hwsim_conf_tx (queue=0 txop=47 cw_min=3 cw_max=7 aifs=1)
02-20 20:51:45.670     0     0 D ieee80211 phy1: mac80211_hwsim_bss_info_changed(changed=0x2000)
02-20 20:51:45.670     0     0 D ieee80211 phy1: mac80211_hwsim_conf_tx (queue=1 txop=94 cw_min=7 cw_max=15 aifs=1)
02-20 20:51:45.670     0     0 D ieee80211 phy1: mac80211_hwsim_bss_info_changed(changed=0x2000)
02-20 20:51:45.670     0     0 D ieee80211 phy1: mac80211_hwsim_conf_tx (queue=2 txop=0 cw_min=15 cw_max=63 aifs=3)
02-20 20:51:45.670     0     0 D ieee80211 phy1: mac80211_hwsim_bss_info_changed(changed=0x2000)
02-20 20:51:45.670     0     0 D ieee80211 phy1: mac80211_hwsim_conf_tx (queue=3 txop=0 cw_min=15 cw_max=1023 aifs=7)
02-20 20:51:45.670     0     0 D ieee80211 phy1: mac80211_hwsim_bss_info_changed(changed=0x2000)
02-20 20:51:45.670     0     0 I IPv6    : ADDRCONF(NETDEV_CHANGE): wlan1: link becomes ready
02-20 20:51:45.671     0     0 D ieee80211 phy1: mac80211_hwsim_configure_filter
02-20 20:51:45.647  1677  1689 I am_restart_activity: [0,145237642,1,com.android.settings/.FallbackHome]
02-20 20:51:45.647  1677  1677 W art     : Long monitor contention with owner Binder:1677_2 (1689) at void com.android.server.am.ActivityManagerService.attachApplication(android.app.IApplicationThread)(ActivityManagerService.java:6669) waiters=3 in int com.android.server.am.ActivityManagerService.broadcastIntent(android.app.IApplicationThread, android.content.Intent, java.lang.String, android.content.IIntentReceiver, int, java.lang.String, android.os.Bundle, java.lang.String[], int, android.os.Bundle, boolean, boolean, int) for 186ms
02-20 20:51:45.647  1677  1677 I dvm_lock_sample: [system_server,1,main,186,ActivityManagerService.java,18551,-,6669,37]
02-20 20:51:45.649  1677  1698 W art     : Long monitor contention with owner Binder:1677_2 (1689) at void com.android.server.am.ActivityManagerService.attachApplication(android.app.IApplicationThread)(ActivityManagerService.java:6669) waiters=1 in void com.android.server.am.ActivityManagerService$LocalService.notifyAppTransitionCancelled() for 191ms
02-20 20:51:45.649  1677  1698 I dvm_lock_sample: [system_server,1,android.display,191,ActivityManagerService.java,21995,-,6669,38]
02-20 20:51:45.656  1933  1933 W System  : ClassLoader referenced unknown path: /system/priv-app/Settings/lib/x86_64
02-20 20:51:45.667  1677  1677 W System  : ClassLoader referenced unknown path: /system/priv-app/Telecom/lib/x86_64
02-20 20:51:45.668  1917  1917 W System  : ClassLoader referenced unknown path: /system/priv-app/TelephonyProvider/lib/x86_64
02-20 20:51:45.668  1917  1917 D ApplicationLoaders: ignored Vulkan layer search path /system/priv-app/TelephonyProvider/lib/x86_64:/system/lib64:/vendor/lib64 for namespace 0x7c0abd62a0f0
02-20 20:51:45.669  1677  1677 D ApplicationLoaders: ignored Vulkan layer search path /system/priv-app/Telecom/lib/x86_64:/system/priv-app/Telecom/Telecom.apk!/lib/x86_64:/system/lib64:/vendor/lib64 for namespace 0x7c0abd6951d0
02-20 20:51:45.670  1513  1513 E hostapd : Using interface wlan1 with hwaddr 02:00:00:00:01:00 and ssid "AndroidWifi"
02-20 20:51:45.670  1513  1513 I hostapd : wlan1: interface state HT_SCAN->ENABLED
02-20 20:51:45.670  1513  1513 I hostapd : wlan1: AP-ENABLED 
02-20 20:51:45.685  1369  1825 I OMXMaster: makeComponentInstance(OMX.google.vorbis.decoder) in mediacodec process
02-20 20:51:45.755  1933  1933 I am_on_resume_called: [0,com.android.settings.FallbackHome,LAUNCH_ACTIVITY]
02-20 20:51:45.761  1312  1323 E SurfaceFlinger: ro.sf.lcd_density must be defined as a build property
02-20 20:51:45.763  1372  1372 I MediaPlayerService: MediaPlayerService::getOMX
02-20 20:51:45.763  1677  1975 I OMXClient: MuxOMX ctor
02-20 20:51:45.763  1369  1369 I OMXMaster: makeComponentInstance(OMX.google.vorbis.decoder) in mediacodec process
02-20 20:51:45.777  1372  1410 I MediaPlayerService: MediaPlayerService::getOMX
02-20 20:51:45.777  1763  1977 I OMXClient: MuxOMX ctor
02-20 20:51:45.785  1933  1933 D         : HostConnection::get() New Host Connection established 0x7c0aaebfbe20, tid 1933
02-20 20:51:45.795  1369  1973 I OMXMaster: makeComponentInstance(OMX.google.vorbis.decoder) in mediacodec process
02-20 20:51:45.804  1917  1917 D TelephonyProvider: dbh.onOpen: ok, queried table=siminfo
02-20 20:51:45.804  1917  1917 D TelephonyProvider: dbh.onOpen: ok, queried table=carriers
02-20 20:51:45.806  1677  1688 I stream_devices_changed: [0,0,2]
02-20 20:51:45.807  1677  1688 I stream_devices_changed: [2,0,2]
02-20 20:51:45.807  1677  1688 I stream_devices_changed: [3,0,2]
02-20 20:51:45.807  1677  1688 I stream_devices_changed: [6,0,2]
02-20 20:51:45.807  1677  1688 I stream_devices_changed: [4,0,2]
02-20 20:51:45.807  1763  1910 I vol.Events: writeEvent level_changed STREAM_ALARM 6
02-20 20:51:45.809  1677  1677 E BluetoothAdapter: Bluetooth binder is null
02-20 20:51:45.842  1677  1690 I GnssLocationProvider: WakeLock released by handleMessage(13, 0, null)
02-20 20:51:45.850  1763  1910 I vol.Events: writeEvent level_changed STREAM_BLUETOOTH_SCO 7
02-20 20:51:45.852  1763  1910 I vol.Events: writeEvent level_changed STREAM_MUSIC 11
02-20 20:51:45.856  1763  1910 I vol.Events: writeEvent level_changed STREAM_RING 5
02-20 20:51:45.856  1763  1910 I vol.Events: writeEvent level_changed STREAM_SYSTEM 5
02-20 20:51:45.879  1677  1690 E GnssLocationProvider: no AGPS interface in set_agps_server
02-20 20:51:45.879  1677  1690 I GnssLocationProvider: WakeLock released by handleMessage(2, 1, null)
02-20 20:51:45.880  1677  1677 I Telecom : SystemStateProvider: Registering car mode receiver: android.content.IntentFilter@41be9c1: TS.init@AAA
02-20 20:51:45.897  1763  1910 I vol.Events: writeEvent level_changed STREAM_VOICE_CALL 4
02-20 20:51:45.901  1933  1976 D         : HostConnection::get() New Host Connection established 0x7c0aaebfbee0, tid 1976
02-20 20:51:45.902  1933  1976 I OpenGLRenderer: Initialized EGL, version 1.4
02-20 20:51:45.902  1933  1976 D OpenGLRenderer: Swap behavior 1
02-20 20:51:45.920  1372  1372 I MediaPlayerService: MediaPlayerService::getOMX
02-20 20:51:45.921  1677  1987 I OMXClient: MuxOMX ctor
02-20 20:51:45.922  1369  1985 I OMXMaster: makeComponentInstance(OMX.google.vorbis.decoder) in mediacodec process
02-20 20:51:45.924  1677  1690 W LocationProviderProxy-network: Odd, no component found for service com.android.location.service.v3.NetworkLocationProvider
02-20 20:51:45.924  1677  1690 W GeocoderProxy: Odd, no component found for service com.android.location.service.GeocodeProvider
02-20 20:51:45.924  1677  1690 W GeofenceProxy: Odd, no component found for service com.android.location.service.GeofenceProvider
02-20 20:51:45.924  1677  1690 W ActivityRecognitionProxy: Odd, no component found for service com.android.location.service.ActivityRecognitionProvider
02-20 20:51:45.926  1933  1976 D EGL_emulation: eglCreateContext: 0x7c0aaebf2980: maj 3 min 0 rcv 3
02-20 20:51:45.927  1677  1990 I Telecom : Telecom: Non-call EVENT: AUDIO_ROUTE, Entering state QuiescentEarpieceRoute
02-20 20:51:45.931  1677  1991 I Telecom : CallAudioModeStateMachine: Message received: null.: TS.init->CAMSM.pM_1@AAA_0
02-20 20:51:45.933  1677  1677 E BluetoothAdapter: Bluetooth binder is null
02-20 20:51:45.934  1677  1992 E ActivityThread: Failed to find provider info for call_log
02-20 20:51:45.936  1677  1677 I Telecom : Class: TelecomSystem.INSTANCE being set
02-20 20:51:45.936  1677  1677 E BluetoothAdapter: Bluetooth binder is null
02-20 20:51:45.938  1677  1677 W ContextImpl: Calling a method in the system process without a qualified user: android.app.ContextImpl.startService:1357 com.android.server.content.SyncManager$13.run:658 android.os.Handler.handleCallback:751 android.os.Handler.dispatchMessage:95 android.os.Looper.loop:154 
02-20 20:51:45.938  1917  1917 D TDC     : updateOrInsert: inserting: Modem { uuid=modem, state=0, rilModel=0, rat={}, maxActiveVoiceCall=1, maxActiveDataCall=1, maxStandby=1 }
02-20 20:51:45.938  1917  1917 D TDC     : updateOrInsert: inserting: Sim { uuid=sim, modemUuid=modem, state=0 }
02-20 20:51:45.954  1312  1323 E SurfaceFlinger: ro.sf.lcd_density must be defined as a build property
02-20 20:51:45.957  1763  1763 D         : HostConnection::get() New Host Connection established 0x7c0a9e458780, tid 1763
02-20 20:51:45.958  1372  1838 I MediaPlayerService: MediaPlayerService::getOMX
02-20 20:51:45.962  1763  1988 I OMXClient: MuxOMX ctor
02-20 20:51:45.965  1369  1381 I OMXMaster: makeComponentInstance(OMX.google.vorbis.decoder) in mediacodec process
02-20 20:51:45.979  1917  1917 D CdmaSSM : subscriptionSource from settings: 0
02-20 20:51:45.979  1917  1917 I PhoneFactory: Cdma Subscription set to 0
02-20 20:51:45.989  1677  1677 W System  : ClassLoader referenced unknown path: /system/priv-app/FusedLocation/lib/x86_64
02-20 20:51:45.989  1677  1677 D ApplicationLoaders: ignored Vulkan layer search path /system/priv-app/FusedLocation/lib/x86_64:/system/priv-app/FusedLocation/FusedLocation.apk!/lib/x86_64:/system/lib64:/vendor/lib64 for namespace 0x7c0abd695240
02-20 20:51:45.994  1917  1917 I PhoneFactory: Network Mode set to 0
02-20 20:51:46.003  1917  1917 D RILJ    : RIL(context, preferredNetworkType=0 cdmaSubscription=0)
02-20 20:51:46.017  1917  1917 D RILJ    : Starting RILReceiver0 [SUB0]
02-20 20:51:46.019  1374  1482 I RILC    : libril: new connection to RIL_SOCKET_1
02-20 20:51:46.019  1374  1482 I RILC    : RIL Daemon version: android reference-ril 1.0
02-20 20:51:46.019  1917  1917 D RILJ    : [3648]> GET_HARDWARE_CONFIG [SUB0]
02-20 20:51:46.019  1917  1917 D RilRequest: [3648]< GET_HARDWARE_CONFIG error: com.android.internal.telephony.CommandException: RADIO_NOT_AVAILABLE ret=
02-20 20:51:46.019  1917  1917 I PhoneFactory: Creating SubscriptionController
02-20 20:51:46.020  1763  1763 D StorageNotification: Notifying about private volume: VolumeInfo{private}:
02-20 20:51:46.020  1763  1763 D StorageNotification:     type=PRIVATE diskId=null partGuid=null mountFlags=0 mountUserId=-1 
02-20 20:51:46.020  1763  1763 D StorageNotification:     state=MOUNTED 
02-20 20:51:46.020  1763  1763 D StorageNotification:     fsType=null fsUuid=null fsLabel=null 
02-20 20:51:46.020  1763  1763 D StorageNotification:     path=/data internalPath=null 
02-20 20:51:46.020  1917  2012 I RILJ    : (0) Connected to 'rild' socket
02-20 20:51:46.021  1917  2012 D RILJ    : [UNSL]< UNSOL_RIL_CONNECTED {12} [SUB0]
02-20 20:51:46.021  1917  2012 D RILJ    : [3649]> RADIO_POWER off [SUB0]
02-20 20:51:46.022  1374  1482 D RIL     : onRequest: RADIO_POWER
02-20 20:51:46.022  1917  2012 D RILJ    : [3650]> RIL_REQUEST_CDMA_SET_SUBSCRIPTION_SOURCE : 0 [SUB0]
02-20 20:51:46.022  1374  1482 D RIL     : onRequest: CDMA_SET_SUBSCRIPTION_SOURCE
02-20 20:51:46.022  1917  2012 D RILJ    : setCellInfoListRate: 2147483647 [SUB0]
02-20 20:51:46.022  1917  2012 D RILJ    : [3651]> RIL_REQUEST_SET_CELL_INFO_LIST_RATE [SUB0]
02-20 20:51:46.022  1374  1482 D RIL     : onRequest: SET_UNSOL_CELL_INFO_LIST_RATE
02-20 20:51:46.022  1917  2012 D RILJ    : [UNSL]< UNSOL_RESPONSE_RADIO_STATE_CHANGED RADIO_OFF [SUB0]
02-20 20:51:46.022  1917  2012 D RILJ    : [3652]> SCREEN_STATE: true [SUB0]
02-20 20:51:46.023  1374  1482 D RIL     : onRequest: SCREEN_STATE
02-20 20:51:46.023  1917  2012 D RILJ    : [UNSL]< UNSOL_NITZ_TIME_RECEIVED 18/02/20:20:51:40+0:0:Unknown!Unknown [SUB0]
02-20 20:51:46.023  1917  2012 D RILJ    : [3649]< RADIO_POWER  [SUB0]
02-20 20:51:46.023  1917  2012 D RilRequest: [3650]< RIL_REQUEST_CDMA_SET_SUBSCRIPTION_SOURCE error: com.android.internal.telephony.CommandException: RADIO_NOT_AVAILABLE ret=
02-20 20:51:46.023  1917  2012 D RilRequest: [3651]< RIL_REQUEST_SET_CELL_INFO_LIST_RATE error: com.android.internal.telephony.CommandException: RADIO_NOT_AVAILABLE ret=
02-20 20:51:46.023  1917  2012 D RilRequest: [3652]< SCREEN_STATE error: com.android.internal.telephony.CommandException: RADIO_NOT_AVAILABLE ret=
02-20 20:51:46.039  1933  1976 D EGL_emulation: eglMakeCurrent: 0x7c0aaebf2980: ver 3 0 (tinfo 0x7c0ab8ea9c40)
02-20 20:51:46.041  1917  1917 D SubscriptionController: [SubscriptionController] init by Context
02-20 20:51:46.046  1763  1763 D StorageNotification: Notifying about public volume: VolumeInfo{public:253,64}:
02-20 20:51:46.046  1763  1763 D StorageNotification:     type=PUBLIC diskId=disk:253,64 partGuid=null mountFlags=VISIBLE 
02-20 20:51:46.046  1763  1763 D StorageNotification:     mountUserId=0 state=MOUNTED 
02-20 20:51:46.046  1763  1763 D StorageNotification:     fsType=vfat fsUuid=1E12-0B12 fsLabel=SDCARD 
02-20 20:51:46.046  1763  1763 D StorageNotification:     path=/storage/1E12-0B12 internalPath=/mnt/media_rw/1E12-0B12 
02-20 20:51:46.053  1917  1917 D UiccController: Creating UiccController
02-20 20:51:46.055  1917  1917 D TelephonyTester: register for intent action=com.android.internal.telephony.action_detached
02-20 20:51:46.055  1917  1917 D TelephonyTester: register for intent action=com.android.internal.telephony.action_attached
02-20 20:51:46.060  1372  1410 I MediaPlayerService: MediaPlayerService::getOMX
02-20 20:51:46.061  1677  2011 I OMXClient: MuxOMX ctor
02-20 20:51:46.061  1677  1677 D GpsNetInitiatedHandler: location enabled :true
02-20 20:51:46.061  1677  1677 V WiredAccessoryManager: notifyWiredAccessoryChanged: when=0 bits= mask=54
02-20 20:51:46.061  1677  1677 V WiredAccessoryManager: newName=h2w newState=0 headsetState=0 prev headsetState=0
02-20 20:51:46.061  1677  1677 E WiredAccessoryManager: No state change.
02-20 20:51:46.061  1677  1677 V WiredAccessoryManager: init()
02-20 20:51:46.061  1369  1985 I OMXMaster: makeComponentInstance(OMX.google.vorbis.decoder) in mediacodec process
02-20 20:51:46.081  1917  1917 D Phone   : mDoesRilSendMultipleCallRing=true
02-20 20:51:46.081  1917  1917 D Phone   : mCallRingDelay=3000
02-20 20:51:46.086  1917  1917 D RILJ    : [3653]> RIL_REQUEST_START_LCE [SUB0]
02-20 20:51:46.087  1374  1482 D RIL     : onRequest: <unknown request>
02-20 20:51:46.087  1917  2012 D RilRequest: [3653]< RIL_REQUEST_START_LCE error: com.android.internal.telephony.CommandException: RADIO_NOT_AVAILABLE ret=
02-20 20:51:46.092  1677  1733 D WifiConfigManager: Loading config and enabling all networks 
02-20 20:51:46.094  1917  1917 E RIL_ImsSms: getFormat should never be called from here!
02-20 20:51:46.094  1917  1917 D SMSDispatcher: SMSDispatcher: ctor mSmsCapable=true format=unknown mSmsSendDisabled=false
02-20 20:51:46.094  1917  1917 D RIL_ImsSms: ImsSMSDispatcher created
02-20 20:51:46.096  1917  1917 D SMSDispatcher: SMSDispatcher: ctor mSmsCapable=true format=3gpp2 mSmsSendDisabled=false
02-20 20:51:46.096  1917  1917 D CdmaSMSDispatcher: CdmaSMSDispatcher created
02-20 20:51:46.096  1677  1733 W WifiNetworkHistory: Upgrading network 0 to android.uid.system:1000
02-20 20:51:46.096  1677  1733 D WifiConfigManager: loaded 0 passpoint configs
02-20 20:51:46.096  1677  1733 E IpConfigStore: Error parsing configuration: java.io.FileNotFoundException: /data/misc/wifi/ipconfig.txt (No such file or directory)
02-20 20:51:46.107  1677  1677 W VibratorService: Tried to stop vibrating but there is no vibrator device.
02-20 20:51:46.107  1677  1733 D WifiNative-HAL: Setting external_sim to 1
02-20 20:51:46.111  1677  1733 D WifiStateMachine: Setting OUI to DA-A1-19
02-20 20:51:46.114  1677  1733 I WifiConnectivityManager: PNO settings: min5GHzRssi -82 min24GHzRssi -85 currentConnectionBonus 16 sameNetworkBonus 24 secureNetworkBonus 80 initialScoreMax 100
02-20 20:51:46.114  1677  1733 I WifiConnectivityManager: ConnectivityScanManager initialized and disabled
02-20 20:51:46.115  1677  1733 I WifiConnectivityManager: setUntrustedConnectionAllowed: allowed=false
02-20 20:51:46.115  1677  1733 E WifiLogger: no ring buffers found
02-20 20:51:46.115  1677  1733 E WifiLogger: Failed to start packet fate monitoring
02-20 20:51:46.122  1933  1976 D EGL_emulation: eglMakeCurrent: 0x7c0aaebf2980: ver 3 0 (tinfo 0x7c0ab8ea9c40)
02-20 20:51:46.124  1917  1917 D GsmInboundSmsHandler: created InboundSmsHandler
02-20 20:51:46.136  1917  1917 D CdmaInboundSmsHandler: created InboundSmsHandler
02-20 20:51:46.138  1677  1677 D ConditionProviders.SCP: onSubscribe condition://android/schedule?days=6.7&start=23.30&end=10.0&exitAtAlarm=false
02-20 20:51:46.138  1677  1677 D ConditionProviders.SCP: setRegistered true
02-20 20:51:46.151  1677  1677 D ConditionProviders.SCP: notifyCondition condition://android/schedule?days=6.7&start=23.30&end=10.0&exitAtAlarm=false STATE_FALSE reason=!meetsSchedule
02-20 20:51:46.154  1917  1917 D SMSDispatcher: SMSDispatcher: ctor mSmsCapable=true format=3gpp mSmsSendDisabled=false
02-20 20:51:46.165  1677  1677 D ConditionProviders.SCP: Scheduling evaluate for Tue Feb 20 23:30:00 GMT+00:00 2018 (1519169400000), in +2h38m13s849ms, now=Tue Feb 20 20:51:46 GMT+00:00 2018 (1519159906151)
02-20 20:51:46.165  1677  1677 D ConditionProviders.SCP: onSubscribe condition://android/schedule?days=1.2.3.4.5&start=22.0&end=7.0&exitAtAlarm=false
02-20 20:51:46.166  1677  1677 D ConditionProviders.SCP: notifyCondition condition://android/schedule?days=6.7&start=23.30&end=10.0&exitAtAlarm=false STATE_FALSE reason=!meetsSchedule
02-20 20:51:46.167  1677  1677 D ConditionProviders.SCP: notifyCondition condition://android/schedule?days=1.2.3.4.5&start=22.0&end=7.0&exitAtAlarm=false STATE_FALSE reason=!meetsSchedule
02-20 20:51:46.170  1677  1677 D ConditionProviders.SCP: Scheduling evaluate for Tue Feb 20 22:00:00 GMT+00:00 2018 (1519164000000), in +1h8m13s834ms, now=Tue Feb 20 20:51:46 GMT+00:00 2018 (1519159906166)
02-20 20:51:46.171  1917  1917 D GsmSMSDispatcher: GsmSMSDispatcher created
