02-20 20:53:02.447  1678  1724 D VoldConnector: SND -> {4 volume user_added 0 0}
02-20 20:53:02.447  1678  1725 D VoldConnector: RCV <- {200 4 Command succeeded}
02-20 20:53:02.449  1774  1774 W System  : ClassLoader referenced unknown path: /system/priv-app/SystemUIGoogle/lib/x86_64
02-20 20:53:02.462  1678  1678 W ActivityManager: Slow operation: 69ms so far, now at startProcess: returned from zygote!
02-20 20:53:02.463  1678  1678 W ActivityManager: Slow operation: 70ms so far, now at startProcess: done updating battery stats
02-20 20:53:02.463  1678  1678 I am_proc_start: [0,1794,1037,WebViewLoader-x86,,]
02-20 20:53:02.463  1678  1678 W ActivityManager: Slow operation: 70ms so far, now at startProcess: building log message
02-20 20:53:02.463  1678  1678 I ActivityManager: Start proc 1794:WebViewLoader-x86/1037 [android.webkit.WebViewFactory$RelroFileCreator] for 
02-20 20:53:02.463  1678  1678 W ActivityManager: Slow operation: 70ms so far, now at startProcess: starting to update pids map
02-20 20:53:02.463  1678  1678 W ActivityManager: Slow operation: 70ms so far, now at startProcess: done updating pids map
02-20 20:53:02.463  1678  1678 W ActivityManager: Slow operation: 70ms so far, now at startProcess: done starting proc!
02-20 20:53:02.481  1794  1794 W art     : Unexpected CPU variant for X86 using defaults: x86
02-20 20:53:02.482  1678  1791 E WVMExtractor: Failed to open libwvm.so: dlopen failed: library "libwvm.so" not found
02-20 20:53:02.489  1678  1678 I am_proc_start: [0,1799,1037,WebViewLoader-x86_64,,]
02-20 20:53:02.489  1678  1678 I ActivityManager: Start proc 1799:WebViewLoader-x86_64/1037 [android.webkit.WebViewFactory$RelroFileCreator] for 
02-20 20:53:02.490  1678  1678 D NetworkManagement: enabling bandwidth control
02-20 20:53:02.490  1678  1724 D VoldConnector: SND -> {5 volume mount emulated 3 -1}
02-20 20:53:02.491  1267  1302 V vold    : Waiting for FUSE to spin up...
02-20 20:53:02.491  1678  1725 D VoldConnector: RCV <- {651 emulated 1}
02-20 20:53:02.491  1678  1725 D VoldConnector: RCV <- {656 emulated /data/media}
02-20 20:53:02.491  1678  1725 D VoldConnector: RCV <- {655 emulated /storage/emulated}
02-20 20:53:02.496  1799  1799 W art     : Unexpected CPU variant for X86 using defaults: x86_64
02-20 20:53:02.505  1806  1806 W sdcard  : Device explicitly disabled sdcardfs
02-20 20:53:02.515  1799  1799 V WebViewFactory: RelroFileCreator (64bit = true),  32-bit lib: /system/app/Chrome/Chrome.apk!/lib/x86/libmonochrome.so, 64-bit lib: /system/app/Chrome/Chrome.apk!/lib/x86_64/libmonochrome.so
02-20 20:53:02.526  1374  1374 I MediaPlayerService: MediaPlayerService::getOMX
02-20 20:53:02.527  1374  1374 I OMXClient: MuxOMX ctor
02-20 20:53:02.530  1374  1374 I MediaPlayerService: MediaPlayerService::getOMX
02-20 20:53:02.530  1374  1374 I OMXClient: MuxOMX ctor
02-20 20:53:02.531  1371  1371 I OMXMaster: makeComponentInstance(OMX.google.mp3.decoder) in mediacodec process
02-20 20:53:02.542  1267  1302 V vold    : Waiting for FUSE to spin up...
02-20 20:53:02.531     0     0 D ieee80211 phy1: hw scan 2432 MHz
02-20 20:53:02.553     0     0 D SELinux : initialized (dev fuse, type fuse), uses genfs_contexts
02-20 20:53:02.555     0     0 D SELinux : initialized (dev fuse, type fuse), uses genfs_contexts
02-20 20:53:02.555     0     0 D SELinux : initialized (dev fuse, type fuse), uses genfs_contexts
02-20 20:53:02.570  1374  1374 I MediaPlayerService: MediaPlayerService::getOMX
02-20 20:53:02.571  1374  1374 I OMXClient: MuxOMX ctor
02-20 20:53:02.571  1371  1386 I OMXMaster: makeComponentInstance(OMX.google.amrnb.decoder) in mediacodec process
02-20 20:53:02.574  1374  1374 I MediaPlayerService: MediaPlayerService::getOMX
02-20 20:53:02.574  1374  1374 I OMXClient: MuxOMX ctor
02-20 20:53:02.574  1371  1386 I OMXMaster: makeComponentInstance(OMX.google.amrwb.decoder) in mediacodec process
02-20 20:53:02.581  1374  1374 I MediaPlayerService: MediaPlayerService::getOMX
02-20 20:53:02.581  1374  1374 I OMXClient: MuxOMX ctor
02-20 20:53:02.581  1371  1386 I OMXMaster: makeComponentInstance(OMX.google.aac.decoder) in mediacodec process
02-20 20:53:02.583  1794  1794 V WebViewFactory: RelroFileCreator (64bit = false),  32-bit lib: /system/app/Chrome/Chrome.apk!/lib/x86/libmonochrome.so, 64-bit lib: /system/app/Chrome/Chrome.apk!/lib/x86_64/libmonochrome.so
02-20 20:53:02.588  1374  1374 I MediaPlayerService: MediaPlayerService::getOMX
02-20 20:53:02.588  1374  1374 I OMXClient: MuxOMX ctor
02-20 20:53:02.588  1371  1371 I OMXMaster: makeComponentInstance(OMX.google.g711.alaw.decoder) in mediacodec process
02-20 20:53:02.593  1678  1725 D VoldConnector: RCV <- {651 emulated 2}
02-20 20:53:02.594  1678  1725 D VoldConnector: RCV <- {200 5 Command succeeded}
02-20 20:53:02.594  1678  1724 D VoldConnector: SND -> {6 volume mount public:253,64 2 0}
02-20 20:53:02.594  1267  1302 V vold    : /system/bin/blkid
02-20 20:53:02.594  1267  1302 V vold    :     -c
02-20 20:53:02.594  1267  1302 V vold    :     /dev/null
02-20 20:53:02.594  1267  1302 V vold    :     -s
02-20 20:53:02.594  1267  1302 V vold    :     TYPE
02-20 20:53:02.594  1267  1302 V vold    :     -s
02-20 20:53:02.594  1267  1302 V vold    :     UUID
02-20 20:53:02.594  1267  1302 V vold    :     -s
02-20 20:53:02.594  1267  1302 V vold    :     LABEL
02-20 20:53:02.594  1267  1302 V vold    :     /dev/block/vold/public:253,64
02-20 20:53:02.594  1678  1725 D VoldConnector: RCV <- {651 public:253,64 1}
02-20 20:53:02.642  1374  1374 I MediaPlayerService: MediaPlayerService::getOMX
02-20 20:53:02.643  1374  1374 I OMXClient: MuxOMX ctor
02-20 20:53:02.644  1371  1371 I OMXMaster: makeComponentInstance(OMX.google.g711.mlaw.decoder) in mediacodec process
02-20 20:53:02.650  1759  1759 I LatinIME: Hardware accelerated drawing: true
02-20 20:53:02.653     0     0 D ieee80211 phy1: hw scan 2437 MHz
02-20 20:53:02.660     0     0 W healthd : battery l=100 v=0 t=0.0 h=2 st=2 chg=a
02-20 20:53:02.659  1376  1497 D AT      : AT< +CGREG: 1,1
02-20 20:53:02.659  1376  1497 D AT      : AT< +CTEC: 1+CREG: 2,1, "0003", "005b"
02-20 20:53:02.659  1376  1497 D RIL     : Response: +CTEC: 1+CREG: 2,1, "0003", "005b"
02-20 20:53:02.659  1376  1497 D RIL     : line remaining after int: 1, "0003", "005b"
02-20 20:53:02.659  1376  1497 D RIL     : setRadioTechnology(1)
02-20 20:53:02.659  1376  1497 D RIL     : Tech change (0 => 1)
02-20 20:53:02.659  1376  1497 D AT      : AT< +CGREG: 1,1
02-20 20:53:02.684  1678  1734 D WifiController: DEFERRED_TOGGLE handled
02-20 20:53:02.714  1267  1302 V vold    : /dev/block/vold/public:253,64: LABEL="SDCARD" UUID="1E12-0B12" TYPE="vfat" 
02-20 20:53:02.714  1267  1302 V vold    : 
02-20 20:53:02.715  1267  1302 V vold    : /system/bin/fsck_msdos
02-20 20:53:02.715  1267  1302 V vold    :     -p
02-20 20:53:02.715  1267  1302 V vold    :     -f
02-20 20:53:02.715  1267  1302 V vold    :     /dev/block/vold/public:253,64
02-20 20:53:02.717  1678  1725 D VoldConnector: RCV <- {652 public:253,64 vfat}
02-20 20:53:02.717  1678  1725 D VoldConnector: RCV <- {653 public:253,64 1E12-0B12}
02-20 20:53:02.717  1678  1725 D VoldConnector: RCV <- {654 public:253,64 SDCARD}
02-20 20:53:02.723  1774  1774 V SystemUIService: Starting SystemUI services for user 0.
02-20 20:53:02.725  1374  1374 I MediaPlayerService: MediaPlayerService::getOMX
02-20 20:53:02.726  1374  1374 I OMXClient: MuxOMX ctor
02-20 20:53:02.728  1371  1371 I OMXMaster: makeComponentInstance(OMX.google.vorbis.decoder) in mediacodec process
02-20 20:53:02.736  1267  1302 I fsck_msdos: ** /dev/block/vold/public:253,64
02-20 20:53:02.737  1267  1302 I fsck_msdos: ** Phase 1 - Read and Compare FATs
02-20 20:53:02.737  1267  1302 I fsck_msdos: Attempting to allocate 1022 KB for FAT
02-20 20:53:02.771     0     0 D ieee80211 phy1: hw scan 2442 MHz
02-20 20:53:02.793  1774  1774 V MediaRouter: Adding route: RouteInfo{ name=Phone, description=null, status=null, category=RouteCategory{ name=null types=ROUTE_TYPE_LIVE_AUDIO ROUTE_TYPE_LIVE_VIDEO  groupable=false }, supportedTypes=ROUTE_TYPE_LIVE_AUDIO ROUTE_TYPE_LIVE_VIDEO , presentationDisplay=null }
02-20 20:53:02.797  1774  1774 V MediaRouter: Updating audio routes: AudioRoutesInfo{ type=SPEAKER }
02-20 20:53:02.808  1774  1774 V MediaRouter: Selecting route: RouteInfo{ name=Phone, description=null, status=null, category=RouteCategory{ name=null types=ROUTE_TYPE_LIVE_AUDIO ROUTE_TYPE_LIVE_VIDEO  groupable=false }, supportedTypes=ROUTE_TYPE_LIVE_AUDIO ROUTE_TYPE_LIVE_VIDEO , presentationDisplay=null }
02-20 20:53:02.824  1678  1689 D TelephonyRegistry: listen oscl: hasNotifySubscriptionInfoChangedOccurred==false no callback
02-20 20:53:02.838  1267  1302 I fsck_msdos: Attempting to allocate 1022 KB for FAT
02-20 20:53:02.844  1678  1678 W NetworkManagement: setDataSaverMode(): already false
02-20 20:53:02.845  1375  1677 D SoftapController: Softap fwReload - Ok
02-20 20:53:02.851  1375  1677 D CommandListener: Setting iface cfg
02-20 20:53:02.851  1375  1677 D CommandListener: Trying to bring down wlan0
02-20 20:53:02.853  1375  1677 D CommandListener: Clearing all IP addresses on wlan0
02-20 20:53:02.862  1678  1735 E WifiMonitor: killSupplicant p2pfalse init.svc.wpa_supplicant=unknown init.svc.p2p_supplicant=unknown
02-20 20:53:02.862  1678  1735 E wifi    : Can not initialize the vendor function pointer table
02-20 20:53:02.862  1678  1735 E WifiNative-HAL: Could not start hal
02-20 20:53:02.862  1678  1735 E WifiStateMachine: Failed to start HAL
02-20 20:53:02.863     0     0 I init    : Starting service 'wpa_supplicant'...
02-20 20:53:02.865  1678  1735 D WifiMonitor: startMonitoring(wlan0) with mConnected = false
02-20 20:53:02.865  1678  1735 E WifiHW  : Unable to open connection to supplicant on "@android:wpa_wlan0": No such file or directory
02-20 20:53:02.892     0     0 D ieee80211 phy1: hw scan 2447 MHz
02-20 20:53:02.908  1267  1302 I fsck_msdos: ** Phase 2 - Check Cluster Chains
02-20 20:53:02.909  1374  1374 I MediaPlayerService: MediaPlayerService::getOMX
02-20 20:53:02.909  1374  1374 I OMXClient: MuxOMX ctor
02-20 20:53:02.909  1371  1835 I OMXMaster: makeComponentInstance(OMX.google.opus.decoder) in mediacodec process
02-20 20:53:02.912  1267  1302 I fsck_msdos: ** Phase 3 - Checking Directories
02-20 20:53:02.919  1267  1302 I fsck_msdos: ** Phase 4 - Checking for Lost Files
02-20 20:53:02.920  1267  1302 I fsck_msdos: 27 files, 522176 free (261088 clusters)
02-20 20:53:02.922  1794  1794 I art     : System.exit called, status: 0
02-20 20:53:02.922  1794  1794 I AndroidRuntime: VM exiting with result code 0, cleanup skipped.
02-20 20:53:02.932  1267  1302 I Vold    : Filesystem check completed OK
02-20 20:53:02.932  1678  1725 D VoldConnector: RCV <- {656 public:253,64 /mnt/media_rw/1E12-0B12}
02-20 20:53:02.933  1678  1725 D VoldConnector: RCV <- {655 public:253,64 /storage/1E12-0B12}
02-20 20:53:02.943  1267  1302 V vold    : Waiting for FUSE to spin up...
02-20 20:53:02.944  1374  1374 I MediaPlayerService: MediaPlayerService::getOMX
02-20 20:53:02.944  1374  1374 I OMXClient: MuxOMX ctor
02-20 20:53:02.944  1371  1835 I OMXMaster: makeComponentInstance(OMX.google.raw.decoder) in mediacodec process
02-20 20:53:02.946  1759  1759 W InputAttributes: No editor info for this field. Bug?
02-20 20:53:02.949  1871  1871 W sdcard  : Device explicitly disabled sdcardfs
02-20 20:53:02.953  1374  1374 I MediaPlayerService: MediaPlayerService::getOMX
02-20 20:53:02.953  1374  1374 I OMXClient: MuxOMX ctor
02-20 20:53:02.953  1371  1371 I OMXMaster: makeComponentInstance(OMX.google.aac.encoder) in mediacodec process
02-20 20:53:02.964  1799  1799 I art     : System.exit called, status: 0
02-20 20:53:02.964  1799  1799 I AndroidRuntime: VM exiting with result code 0, cleanup skipped.
02-20 20:53:02.967  1374  1374 I MediaPlayerService: MediaPlayerService::getOMX
02-20 20:53:02.967  1374  1374 I OMXClient: MuxOMX ctor
02-20 20:53:02.967  1371  1371 I OMXMaster: makeComponentInstance(OMX.google.amrnb.encoder) in mediacodec process
02-20 20:53:02.972  1759  1886 I LatinIME:LogUtils: Dictionary info: dictionary = userunigram.en_US ; version = 1519159982 ; date = ?
02-20 20:53:02.972  1759  1886 E ActivityThread: Failed to find provider info for user_dictionary
02-20 20:53:02.973  1759  1886 I LatinIME:LogUtils: Dictionary info: dictionary = UserHistoryDictionary.en_US ; version = 1519159982 ; date = ?
02-20 20:53:02.976  1374  1374 I MediaPlayerService: MediaPlayerService::getOMX
02-20 20:53:02.977  1374  1374 I OMXClient: MuxOMX ctor
02-20 20:53:02.977  1371  1835 I OMXMaster: makeComponentInstance(OMX.google.amrwb.encoder) in mediacodec process
02-20 20:53:02.938     0     0 W FAT-fs (vde): Volume was not properly unmounted. Some data may be corrupt. Please run fsck.
02-20 20:53:02.941     0     0 D SELinux : initialized (dev vde, type vfat), uses genfs_contexts
02-20 20:53:02.950     0     0 D SELinux : initialized (dev fuse, type fuse), uses genfs_contexts
02-20 20:53:02.950     0     0 D SELinux : initialized (dev fuse, type fuse), uses genfs_contexts
02-20 20:53:02.950     0     0 D SELinux : initialized (dev fuse, type fuse), uses genfs_contexts
02-20 20:53:02.992  1374  1374 I MediaPlayerService: MediaPlayerService::getOMX
02-20 20:53:02.992  1374  1374 I OMXClient: MuxOMX ctor
02-20 20:53:02.992  1371  1386 I OMXMaster: makeComponentInstance(OMX.google.flac.encoder) in mediacodec process
02-20 20:53:02.992  1774  1893 E WVMExtractor: Failed to open libwvm.so: dlopen failed: library "libwvm.so" not found
02-20 20:53:02.994  1678  1725 D VoldConnector: RCV <- {651 public:253,64 2}
02-20 20:53:02.994  1678  1725 D VoldConnector: RCV <- {200 6 Command succeeded}
02-20 20:53:03.000  1678  1678 D NetworkPolicy: setRestrictBackgroundUL(): false
02-20 20:53:03.001  1678  1678 W NetworkManagement: setDataSaverMode(): already false
02-20 20:53:03.010     0     0 D ieee80211 phy1: hw scan 2452 MHz
02-20 20:53:03.022  1861  1861 I wpa_supplicant: Successfully initialized wpa_supplicant
02-20 20:53:03.023  1861  1861 I wpa_supplicant: rfkill: Cannot open RFKILL control device
02-20 20:53:03.024  1861  1861 I wpa_supplicant: nl80211: Could not re-add multicast membership for vendor events: -2 (No such file or directory)
02-20 20:53:03.023     0     0 D ieee80211 phy0: mac80211_hwsim_start
02-20 20:53:03.023     0     0 D ieee80211 phy0: mac80211_hwsim_add_interface (type=2 mac_addr=02:00:00:44:55:66)
02-20 20:53:03.023     0     0 D ieee80211 phy0: mac80211_hwsim_bss_info_changed(changed=0xe)
02-20 20:53:03.023     0     0 D ieee80211 phy0: ERP_CTS_PROT: 0
02-20 20:53:03.023     0     0 D ieee80211 phy0: ERP_PREAMBLE: 0
02-20 20:53:03.023     0     0 D ieee80211 phy0: ERP_SLOT: 0
02-20 20:53:03.023     0     0 D ieee80211 phy0: mac80211_hwsim_conf_tx (queue=0 txop=0 cw_min=15 cw_max=1023 aifs=2)
02-20 20:53:03.023     0     0 D ieee80211 phy0: mac80211_hwsim_conf_tx (queue=1 txop=0 cw_min=15 cw_max=1023 aifs=2)
02-20 20:53:03.023     0     0 D ieee80211 phy0: mac80211_hwsim_conf_tx (queue=2 txop=0 cw_min=15 cw_max=1023 aifs=2)
02-20 20:53:03.023     0     0 D ieee80211 phy0: mac80211_hwsim_conf_tx (queue=3 txop=0 cw_min=15 cw_max=1023 aifs=2)
02-20 20:53:03.023     0     0 D ieee80211 phy0: mac80211_hwsim_bss_info_changed(changed=0x2000)
02-20 20:53:03.023     0     0 D ieee80211 phy0: mac80211_hwsim_config (freq=0 idle=0 ps=0 smps=auto)
02-20 20:53:03.023     0     0 I IPv6    : ADDRCONF(NETDEV_UP): wlan0: link is not ready
02-20 20:53:03.024     0     0 D ieee80211 phy0: mac80211_hwsim_configure_filter
02-20 20:53:03.047  1374  1374 I MediaPlayerService: MediaPlayerService::getOMX
02-20 20:53:03.048  1374  1374 I OMXClient: MuxOMX ctor
02-20 20:53:03.048  1371  1386 I OMXMaster: makeComponentInstance(OMX.google.gsm.decoder) in mediacodec process
02-20 20:53:03.076  1374  1374 I MediaPlayerService: MediaPlayerService::getOMX
02-20 20:53:03.076  1374  1374 I OMXClient: MuxOMX ctor
02-20 20:53:03.076  1371  1386 I OMXMaster: makeComponentInstance(OMX.google.mpeg4.decoder) in mediacodec process
02-20 20:53:03.091  1861  1861 E wpa_supplicant: global ctrl interface @android:wpa_wlan0 matches ctrl interface wlan0 - do not open per-interface ctrl interface
02-20 20:53:03.107  1371  1835 E OMXNodeInstance: getExtensionIndex(55b000f:google.mpeg4.decoder, OMX.google.android.index.configureVideoTunnelMode) ERROR: UnsupportedIndex(0x8000101a)
02-20 20:53:03.107  1371  1371 W OMXNodeInstance: [55b000f:google.mpeg4.decoder] component does not support metadata mode; using fallback
02-20 20:53:03.108  1374  1374 I MediaPlayerService: MediaPlayerService::getOMX
02-20 20:53:03.108  1374  1374 I OMXClient: MuxOMX ctor
02-20 20:53:03.108  1371  1386 I OMXMaster: makeComponentInstance(OMX.google.h263.decoder) in mediacodec process
02-20 20:53:03.118  1759  1886 I LatinIME:LogUtils: Dictionary info: dictionary = main:en ; version = 54 ; date = 1414726273
02-20 20:53:03.128  1371  1386 E OMXNodeInstance: getExtensionIndex(55b0010:google.h263.decoder, OMX.google.android.index.configureVideoTunnelMode) ERROR: UnsupportedIndex(0x8000101a)
02-20 20:53:03.128  1371  1371 W OMXNodeInstance: [55b0010:google.h263.decoder] component does not support metadata mode; using fallback
02-20 20:53:03.130  1374  1374 I MediaPlayerService: MediaPlayerService::getOMX
02-20 20:53:03.130  1374  1374 I OMXClient: MuxOMX ctor
02-20 20:53:03.131  1371  1835 I OMXMaster: makeComponentInstance(OMX.google.h264.decoder) in mediacodec process
02-20 20:53:03.130     0     0 D ieee80211 phy1: hw scan 2457 MHz
02-20 20:53:03.145  1678  1678 I SystemServiceManager: Starting phase 600
02-20 20:53:03.158  1678  1678 D SensorNotificationService: Cannot obtain dynamic meta sensor, not supported.
02-20 20:53:03.167  1678  1678 D TelephonyRegistry: listen oscl: hasNotifySubscriptionInfoChangedOccurred==false no callback
02-20 20:53:03.185  1678  1678 I GnssLocationProvider: WakeLock acquired by sendMessage(13, 0, null)
02-20 20:53:03.186  1678  1691 W GnssLocationProvider: Could not open GPS configuration file /etc/gps.conf
02-20 20:53:03.186  1678  1691 E GnssLocationProvider: no AGPS interface in set_agps_server
02-20 20:53:03.187  1678  1691 D TelephonyRegistry: listen oscl: hasNotifySubscriptionInfoChangedOccurred==false no callback
02-20 20:53:03.189  1678  1678 W LocationProviderProxy-network: Odd, no component found for service com.android.location.service.v3.NetworkLocationProvider
02-20 20:53:03.189  1774  1774 I vol.Events: writeEvent collection_started
02-20 20:53:03.193  1678  1678 W GeocoderProxy: Odd, no component found for service com.android.location.service.GeocodeProvider
02-20 20:53:03.194  1774  1915 I sysui_action: [213,2]
02-20 20:53:03.194  1774  1915 I vol.Events: writeEvent external_ringer_mode_changed normal
02-20 20:53:03.194  1678  1678 E FlpHardwareProvider: Error hw_get_module 'flp': -2
02-20 20:53:03.194  1678  1678 D LocationManagerService: FLP HAL not supported
02-20 20:53:03.194  1774  1915 I vol.Events: writeEvent internal_ringer_mode_changed normal
02-20 20:53:03.196  1374  1374 W ACodec  : [OMX.google.h264.decoder] stopping checking profiles after 32: 2/8000
02-20 20:53:03.196  1371  1371 E OMXNodeInstance: getExtensionIndex(55b0011:google.h264.decoder, OMX.google.android.index.configureVideoTunnelMode) ERROR: UnsupportedIndex(0x8000101a)
02-20 20:53:03.196  1371  1386 W OMXNodeInstance: [55b0011:google.h264.decoder] component does not support metadata mode; using fallback
02-20 20:53:03.197  1678  1678 W GeofenceProxy: Odd, no component found for service com.android.location.service.GeofenceProvider
02-20 20:53:03.197  1678  1678 E ActivityRecognitionHardware: Error hw_get_module: -2
02-20 20:53:03.197  1678  1678 D LocationManagerService: Hardware Activity-Recognition not supported.
02-20 20:53:03.197  1374  1374 I MediaPlayerService: MediaPlayerService::getOMX
02-20 20:53:03.198  1374  1374 I OMXClient: MuxOMX ctor
02-20 20:53:03.198  1371  1835 I OMXMaster: makeComponentInstance(OMX.google.hevc.decoder) in mediacodec process
02-20 20:53:03.198  1678  1678 W ActivityRecognitionProxy: Odd, no component found for service com.android.location.service.ActivityRecognitionProvider
02-20 20:53:03.198  1678  1678 I GnssLocationProvider: WakeLock acquired by sendMessage(2, 1, null)
02-20 20:53:03.226  1678  1691 I GnssLocationProvider: WakeLock released by handleMessage(13, 0, null)
02-20 20:53:03.231  1678  1691 E GnssLocationProvider: no AGPS interface in set_agps_server
02-20 20:53:03.232  1678  1691 I GnssLocationProvider: WakeLock released by handleMessage(2, 1, null)
02-20 20:53:03.236  1678  1678 I CommonTimeManagementService: No common time service detected on this platform.  Common time services will be unavailable.
02-20 20:53:03.236  1678  1723 I InputReader: Reconfiguring input devices.  changes=0x00000020
02-20 20:53:03.237  1678  1678 D TelephonyRegistry: systemRunning register for intents
02-20 20:53:03.238  1678  1723 I InputReader: Reconfiguring input devices.  changes=0x00000010
02-20 20:53:03.238  1678  1678 I MmsServiceBroker: Delay connecting to MmsService until an API is called
02-20 20:53:03.244  1678  1693 W WindowManager: Keyguard drawn timeout. Setting mKeyguardDrawComplete
02-20 20:53:03.256  1678  1678 I am_proc_start: [0,1920,1001,com.android.phone,added application,com.android.phone]
02-20 20:53:03.256  1678  1678 I ActivityManager: Start proc 1920:com.android.phone/1001 for added application com.android.phone
02-20 20:53:03.256  1678  1678 I ActivityManager: START u0 {act=android.intent.action.MAIN cat=[android.intent.category.HOME] flg=0x10000100 cmp=com.android.settings/.FallbackHome} from uid 0 on display 0
02-20 20:53:03.257  1678  1678 W System  : ClassLoader referenced unknown path: 
02-20 20:53:03.257  1678  1678 W System  : ClassLoader referenced unknown path: /system/priv-app/Settings/lib/x86_64
02-20 20:53:03.257  1678  1678 D ApplicationLoaders: ignored Vulkan layer search path /system/priv-app/Settings/lib/x86_64:/system/priv-app/Settings/Settings.apk!/lib/x86_64:/system/lib64:/vendor/lib64 for namespace 0x7908ce93b160
02-20 20:53:03.250     0     0 D ieee80211 phy1: hw scan 2462 MHz
02-20 20:53:03.261  1678  1678 I ActivityManager: Loaded persisted task ids for user 0
02-20 20:53:03.261  1678  1678 I am_create_task: [0,1]
02-20 20:53:03.261  1678  1678 I am_create_activity: [0,55300826,1,com.android.settings/.FallbackHome,android.intent.action.MAIN,NULL,NULL,276824320]
02-20 20:53:03.262  1678  1678 I wm_task_created: [1,0]
02-20 20:53:03.262  1678  1678 I wm_task_moved: [1,1,0]
02-20 20:53:03.262  1678  1678 I wm_task_moved: [1,1,0]
02-20 20:53:03.264  1371  1371 E OMXNodeInstance: getExtensionIndex(55b0012:google.hevc.decoder, OMX.google.android.index.configureVideoTunnelMode) ERROR: UnsupportedIndex(0x8000101a)
02-20 20:53:03.264  1371  1386 W OMXNodeInstance: [55b0012:google.hevc.decoder] component does not support metadata mode; using fallback
02-20 20:53:03.268  1678  1678 I am_focused_activity: [0,com.android.settings/.FallbackHome,startedActivity]
02-20 20:53:03.284  1920  1920 W art     : Unexpected CPU variant for X86 using defaults: x86_64
02-20 20:53:03.286  1374  1374 I MediaPlayerService: MediaPlayerService::getOMX
02-20 20:53:03.286  1374  1374 I OMXClient: MuxOMX ctor
02-20 20:53:03.286  1371  1835 I OMXMaster: makeComponentInstance(OMX.google.vp8.decoder) in mediacodec process
02-20 20:53:03.332  1678  1678 I am_proc_start: [0,1939,1000,com.android.settings,activity,com.android.settings/.FallbackHome]
02-20 20:53:03.332  1678  1678 I ActivityManager: Start proc 1939:com.android.settings/1000 for activity com.android.settings/.FallbackHome
02-20 20:53:03.341  1939  1939 W art     : Unexpected CPU variant for X86 using defaults: x86_64
02-20 20:53:03.350  1371  1371 E OMXNodeInstance: getExtensionIndex(55b0013:google.vp8.decoder, OMX.google.android.index.configureVideoTunnelMode) ERROR: UnsupportedIndex(0x8000101a)
02-20 20:53:03.350  1371  1835 W OMXNodeInstance: [55b0013:google.vp8.decoder] component does not support metadata mode; using fallback
02-20 20:53:03.352  1374  1374 I MediaPlayerService: MediaPlayerService::getOMX
02-20 20:53:03.352  1374  1374 I OMXClient: MuxOMX ctor
02-20 20:53:03.352  1371  1386 I OMXMaster: makeComponentInstance(OMX.google.vp9.decoder) in mediacodec process
02-20 20:53:03.378  1371  1371 E OMXNodeInstance: getExtensionIndex(55b0014:google.vp9.decoder, OMX.google.android.index.configureVideoTunnelMode) ERROR: UnsupportedIndex(0x8000101a)
02-20 20:53:03.378  1371  1835 W OMXNodeInstance: [55b0014:google.vp9.decoder] component does not support metadata mode; using fallback
02-20 20:53:03.379  1678  1690 I am_proc_bound: [0,1920,com.android.phone]
02-20 20:53:03.379  1678  1678 I SystemServer: Enabled StrictMode for system server main thread.
02-20 20:53:03.379  1374  1374 I MediaPlayerService: MediaPlayerService::getOMX
02-20 20:53:03.379  1374  1374 I OMXClient: MuxOMX ctor
02-20 20:53:03.379  1371  1386 I OMXMaster: makeComponentInstance(OMX.google.h263.encoder) in mediacodec process
02-20 20:53:03.386  1678  1692 W art     : Long monitor contention with owner main (1678) at void com.android.server.am.ActivityManagerService.systemReady(java.lang.Runnable)(ActivityManagerService.java:13368) waiters=1 in void com.android.server.am.ActivityManagerService$MainHandler.handleMessage(android.os.Message) for 115ms
02-20 20:53:03.386  1678  1692 I dvm_lock_sample: [system_server,1,ActivityManager,115,ActivityManagerService.java,2322,-,13368,23]
02-20 20:53:03.388  1678  1793 I am_proc_bound: [0,1939,com.android.settings]
02-20 20:53:03.380     0     0 D ieee80211 phy1: hw scan complete
02-20 20:53:03.380     0     0 D ieee80211 phy1: mac80211_hwsim_get_survey (idx=0)
02-20 20:53:03.413  1678  1689 I stream_devices_changed: [0,0,2]
02-20 20:53:03.413  1920  1920 W System  : ClassLoader referenced unknown path: /system/priv-app/TeleService/lib/x86_64
02-20 20:53:03.422  1371  1386 I SoftMPEG4Encoder: Construct SoftMPEG4Encoder
02-20 20:53:03.428  1374  1374 W ACodec  : do not know color format 0x7f000789 = 2130708361
02-20 20:53:03.428  1371  1371 E OMXNodeInstance: getConfig(55b0015:google.h263.encoder, ConfigAndroidIntraRefresh(0x6f60000a)) ERROR: Undefined(0x80001001)
02-20 20:53:03.430  1374  1374 I MediaPlayerService: MediaPlayerService::getOMX
02-20 20:53:03.430  1509  1509 E hostapd : Using interface wlan1 with hwaddr 02:00:00:00:01:00 and ssid "AndroidWifi"
02-20 20:53:03.431  1509  1509 I hostapd : wlan1: interface state HT_SCAN->ENABLED
02-20 20:53:03.431  1509  1509 I hostapd : wlan1: AP-ENABLED 
02-20 20:53:03.432  1374  1374 I OMXClient: MuxOMX ctor
02-20 20:53:03.432  1371  1371 I OMXMaster: makeComponentInstance(OMX.google.h264.encoder) in mediacodec process
02-20 20:53:03.431     0     0 D ieee80211 phy1: mac80211_hwsim_config (freq=0 idle=0 ps=0 smps=auto)
02-20 20:53:03.431     0     0 D ieee80211 phy1: add channel context control: 2447 MHz/width: 2/cfreqs:2437/0 MHz
02-20 20:53:03.431     0     0 D ieee80211 phy1: mac80211_hwsim_bss_info_changed(changed=0x40000)
02-20 20:53:03.431     0     0 D ieee80211 phy1: TX Power: 20 dBm
02-20 20:53:03.431     0     0 D ieee80211 phy1: mac80211_hwsim_bss_info_changed(changed=0x4000)
02-20 20:53:03.431     0     0 D ieee80211 phy1: change channel context control: 2447 MHz/width: 2/cfreqs:2437/0 MHz
02-20 20:53:03.431     0     0 D ieee80211 phy1: mac80211_hwsim_bss_info_changed(changed=0x88340)
02-20 20:53:03.431     0     0 D ieee80211 phy1: BCNINT: 100
02-20 20:53:03.431     0     0 D ieee80211 phy1: BCN EN: 1
02-20 20:53:03.431     0     0 D ieee80211 phy1: mac80211_hwsim_bss_info_changed(changed=0x3e)
02-20 20:53:03.431     0     0 D ieee80211 phy1: ERP_CTS_PROT: 0
02-20 20:53:03.431     0     0 D ieee80211 phy1: ERP_PREAMBLE: 0
02-20 20:53:03.431     0     0 D ieee80211 phy1: ERP_SLOT: 1
02-20 20:53:03.431     0     0 D ieee80211 phy1: HT: op_mode=0x0
02-20 20:53:03.431     0     0 D ieee80211 phy1: BASIC_RATES: 0xf
02-20 20:53:03.431     0     0 D ieee80211 phy1: mac80211_hwsim_conf_tx (queue=0 txop=47 cw_min=3 cw_max=7 aifs=1)
02-20 20:53:03.431     0     0 D ieee80211 phy1: mac80211_hwsim_bss_info_changed(changed=0x2000)
02-20 20:53:03.431     0     0 D ieee80211 phy1: mac80211_hwsim_conf_tx (queue=1 txop=94 cw_min=7 cw_max=15 aifs=1)
02-20 20:53:03.431     0     0 D ieee80211 phy1: mac80211_hwsim_bss_info_changed(changed=0x2000)
02-20 20:53:03.431     0     0 D ieee80211 phy1: mac80211_hwsim_conf_tx (queue=2 txop=0 cw_min=15 cw_max=63 aifs=3)
02-20 20:53:03.431     0     0 D ieee80211 phy1: mac80211_hwsim_bss_info_changed(changed=0x2000)
02-20 20:53:03.431     0     0 D ieee80211 phy1: mac80211_hwsim_conf_tx (queue=3 txop=0 cw_min=15 cw_max=1023 aifs=7)
02-20 20:53:03.431     0     0 D ieee80211 phy1: mac80211_hwsim_bss_info_changed(changed=0x2000)
02-20 20:53:03.431     0     0 I IPv6    : ADDRCONF(NETDEV_CHANGE): wlan1: link becomes ready
02-20 20:53:03.432     0     0 D ieee80211 phy1: mac80211_hwsim_configure_filter
02-20 20:53:03.446  1313  1324 D PermissionCache: checking android.permission.READ_FRAME_BUFFER for uid=1000 => granted (454 us)
02-20 20:53:03.471  1374  1374 W ACodec  : do not know color format 0x7f000789 = 2130708361
02-20 20:53:03.472  1374  1374 I MediaPlayerService: MediaPlayerService::getOMX
02-20 20:53:03.472  1374  1374 I OMXClient: MuxOMX ctor
02-20 20:53:03.472  1371  1371 I OMXMaster: makeComponentInstance(OMX.google.mpeg4.encoder) in mediacodec process
02-20 20:53:03.493  1371  1371 I SoftMPEG4Encoder: Construct SoftMPEG4Encoder
02-20 20:53:03.493  1313  1324 D gralloc_ranchu: gralloc_alloc: Creating ashmem region of size 17051648
02-20 20:53:03.496  1374  1374 W ACodec  : do not know color format 0x7f000789 = 2130708361
02-20 20:53:03.496  1371  1371 E OMXNodeInstance: getConfig(55b0017:google.mpeg4.encoder, ConfigAndroidIntraRefresh(0x6f60000a)) ERROR: Undefined(0x80001001)
02-20 20:53:03.498  1374  1374 I MediaPlayerService: MediaPlayerService::getOMX
02-20 20:53:03.498  1374  1374 I OMXClient: MuxOMX ctor
02-20 20:53:03.498  1371  1371 I OMXMaster: makeComponentInstance(OMX.google.vp8.encoder) in mediacodec process
02-20 20:53:03.521  1374  1374 W ACodec  : do not know color format 0x7f000789 = 2130708361
02-20 20:53:03.522  1371  1386 E OMXNodeInstance: getConfig(55b0018:google.vp8.encoder, ConfigAndroidIntraRefresh(0x6f60000a)) ERROR: Undefined(0x80001001)
02-20 20:53:03.523  1374  1374 I MediaPlayerService: MediaPlayerService::getOMX
02-20 20:53:03.523  1374  1374 I OMXClient: MuxOMX ctor
02-20 20:53:03.525  1374  1374 I MediaPlayerService: MediaPlayerService::getOMX
02-20 20:53:03.525  1374  1374 I OMXClient: MuxOMX ctor
02-20 20:53:03.525  1374  1374 W MediaCodecList: unable to open media codecs configuration xml file: /data/misc/media/media_codecs_profiling_results.xml
02-20 20:53:03.525  1374  1409 I MediaPlayerService: MediaPlayerService::getOMX
02-20 20:53:03.526  1374  1902 I MediaPlayerService: MediaPlayerService::getOMX
02-20 20:53:03.526  1774  1894 I OMXClient: MuxOMX ctor
02-20 20:53:03.526  1678  1820 I OMXClient: MuxOMX ctor
02-20 20:53:03.527  1371  1386 I OMXMaster: makeComponentInstance(OMX.google.vorbis.decoder) in mediacodec process
02-20 20:53:03.551  1371  1371 I OMXMaster: makeComponentInstance(OMX.google.vorbis.decoder) in mediacodec process
02-20 20:53:03.579  1374  1374 I MediaPlayerService: MediaPlayerService::getOMX
02-20 20:53:03.579  1678  1974 I OMXClient: MuxOMX ctor
02-20 20:53:03.579  1371  1972 I OMXMaster: makeComponentInstance(OMX.google.vorbis.decoder) in mediacodec process
02-20 20:53:03.582  1374  1409 I MediaPlayerService: MediaPlayerService::getOMX
02-20 20:53:03.582  1774  1975 I OMXClient: MuxOMX ctor
02-20 20:53:03.591  1371  1371 I OMXMaster: makeComponentInstance(OMX.google.vorbis.decoder) in mediacodec process
02-20 20:53:03.615  1678  1793 I am_restart_activity: [0,55300826,1,com.android.settings/.FallbackHome]
02-20 20:53:03.616  1678  1678 W art     : Long monitor contention with owner Binder:1678_2 (1690) at void com.android.server.am.ActivityManagerService.attachApplication(android.app.IApplicationThread)(ActivityManagerService.java:6669) waiters=3 in int com.android.server.am.ActivityManagerService.broadcastIntent(android.app.IApplicationThread, android.content.Intent, java.lang.String, android.content.IIntentReceiver, int, java.lang.String, android.os.Bundle, java.lang.String[], int, android.os.Bundle, boolean, boolean, int) for 237ms
02-20 20:53:03.616  1678  1678 I dvm_lock_sample: [system_server,1,main,237,ActivityManagerService.java,18551,-,6669,47]
02-20 20:53:03.619  1678  1955 W art     : Long monitor contention with owner Binder:1678_3 (1793) at void com.android.server.am.ActivityManagerService.attachApplication(android.app.IApplicationThread)(ActivityManagerService.java:6669) waiters=5 in java.lang.String com.android.server.am.ActivityManagerService.checkContentProviderAccess(java.lang.String, int) for 200ms
02-20 20:53:03.619  1678  1955 I dvm_lock_sample: [system_server,1,Binder:1678_5,200,ActivityManagerService.java,10435,-,6669,40]
02-20 20:53:03.619  1678  1691 W LocationProviderProxy-network: Odd, no component found for service com.android.location.service.v3.NetworkLocationProvider
02-20 20:53:03.622  1678  1693 W art     : Long monitor contention with owner Binder:1678_4 (1872) at android.content.pm.UserInfo com.android.server.am.UserController.getCurrentUser()(UserController.java:1438) waiters=4 in void com.android.server.am.ActivityManagerService.dispatchProcessesChanged() for 230ms
02-20 20:53:03.623  1678  1693 I dvm_lock_sample: [system_server,1,android.ui,230,ActivityManagerService.java,4156,UserController.java,1438,46]
02-20 20:53:03.630  1678  1690 W art     : Long monitor contention with owner Binder:1678_3 (1793) at void com.android.server.am.ActivityManagerService.attachApplication(android.app.IApplicationThread)(ActivityManagerService.java:6669) waiters=6 in void com.android.server.am.ActivityManagerService.addPackageDependency(java.lang.String) for 189ms
02-20 20:53:03.630  1678  1690 I dvm_lock_sample: [system_server,1,Binder:1678_2,189,ActivityManagerService.java,5765,-,6669,37]
02-20 20:53:03.632  1678  1678 D ConditionProviders.SCP: onConnected
02-20 20:53:03.633  1939  1939 W System  : ClassLoader referenced unknown path: /system/priv-app/Settings/lib/x86_64
02-20 20:53:03.634  1678  1689 I stream_devices_changed: [2,0,2]
02-20 20:53:03.636  1678  1689 I stream_devices_changed: [3,0,2]
02-20 20:53:03.647  1920  1920 W System  : ClassLoader referenced unknown path: /system/priv-app/TelephonyProvider/lib/x86_64
02-20 20:53:03.648  1920  1920 D ApplicationLoaders: ignored Vulkan layer search path /system/priv-app/TelephonyProvider/lib/x86_64:/system/lib64:/vendor/lib64 for namespace 0x7908ce8d00f0
02-20 20:53:03.648  1678  1689 I stream_devices_changed: [6,0,2]
02-20 20:53:03.649  1678  1678 D ZenLog  : set_zen_mode: off,readXml
02-20 20:53:03.650  1678  1689 I stream_devices_changed: [4,0,2]
02-20 20:53:03.650  1774  1915 I vol.Events: writeEvent level_changed STREAM_ALARM 6
02-20 20:53:03.660  1678  1678 D ConditionProviders: Subscribing to condition://android/schedule?days=6.7&start=23.30&end=10.0&exitAtAlarm=false with ComponentInfo{android/com.android.server.notification.ScheduleConditionProvider}
02-20 20:53:03.660  1678  1678 D ZenLog  : subscribe: condition://android/schedule?days=6.7&start=23.30&end=10.0&exitAtAlarm=false,ok
02-20 20:53:03.661  1774  1915 I vol.Events: writeEvent level_changed STREAM_BLUETOOTH_SCO 7
02-20 20:53:03.665  1774  1915 I vol.Events: writeEvent level_changed STREAM_MUSIC 11
02-20 20:53:03.669  1774  1915 I vol.Events: writeEvent level_changed STREAM_RING 5
02-20 20:53:03.669  1774  1915 I vol.Events: writeEvent level_changed STREAM_SYSTEM 5
02-20 20:53:03.671  1774  1915 I vol.Events: writeEvent level_changed STREAM_VOICE_CALL 4
02-20 20:53:03.672  1678  1678 D ConditionProviders: Subscribing to condition://android/event?userId=-10000&calendar=&reply=1 with ComponentInfo{android/com.android.server.notification.EventConditionProvider}
02-20 20:53:03.672  1678  1678 D ZenLog  : subscribe: condition://android/event?userId=-10000&calendar=&reply=1,ok
02-20 20:53:03.672  1678  1678 D ConditionProviders: Subscribing to condition://android/schedule?days=1.2.3.4.5&start=22.0&end=7.0&exitAtAlarm=false with ComponentInfo{android/com.android.server.notification.ScheduleConditionProvider}
02-20 20:53:03.672  1678  1678 D ZenLog  : subscribe: condition://android/schedule?days=1.2.3.4.5&start=22.0&end=7.0&exitAtAlarm=false,ok
02-20 20:53:03.691  1678  1678 D ZenLog  : set_zen_mode: off,cleanUpZenRules
02-20 20:53:03.691  1678  1738 I WifiScanningService: wifi driver unloaded
02-20 20:53:03.693  1678  1678 D RttService: SCAN_AVAILABLE : 1
02-20 20:53:03.694  1678  1739 D RttService: DefaultState got{ when=-1ms what=160513 target=com.android.internal.util.StateMachine$SmHandler }
02-20 20:53:03.705  1374  1409 I MediaPlayerService: MediaPlayerService::getOMX
02-20 20:53:03.619  1678  1691 W GeocoderProxy: Odd, no component found for service com.android.location.service.GeocodeProvider
02-20 20:53:03.708  1678  1982 I OMXClient: MuxOMX ctor
02-20 20:53:03.709  1371  1835 I OMXMaster: makeComponentInstance(OMX.google.vorbis.decoder) in mediacodec process
02-20 20:53:03.722  1374  1836 I MediaPlayerService: MediaPlayerService::getOMX
02-20 20:53:03.722  1774  1989 I OMXClient: MuxOMX ctor
02-20 20:53:03.722  1920  1920 D TelephonyProvider: dbh.onOpen: ok, queried table=siminfo
02-20 20:53:03.723  1920  1920 D TelephonyProvider: dbh.onOpen: ok, queried table=carriers
02-20 20:53:03.732  1678  1691 W GeofenceProxy: Odd, no component found for service com.android.location.service.GeofenceProvider
02-20 20:53:03.732  1678  1691 W ActivityRecognitionProxy: Odd, no component found for service com.android.location.service.ActivityRecognitionProvider
02-20 20:53:03.732  1371  1386 I OMXMaster: makeComponentInstance(OMX.google.vorbis.decoder) in mediacodec process
02-20 20:53:03.759  1678  1678 W System  : ClassLoader referenced unknown path: /system/priv-app/Telecom/lib/x86_64
02-20 20:53:03.759  1678  1678 D ApplicationLoaders: ignored Vulkan layer search path /system/priv-app/Telecom/lib/x86_64:/system/priv-app/Telecom/Telecom.apk!/lib/x86_64:/system/lib64:/vendor/lib64 for namespace 0x7908ce93b1d0
02-20 20:53:03.766  1939  1939 I am_on_resume_called: [0,com.android.settings.FallbackHome,LAUNCH_ACTIVITY]
02-20 20:53:03.774  1313  1752 E SurfaceFlinger: ro.sf.lcd_density must be defined as a build property
02-20 20:53:03.785  1313  1752 E SurfaceFlinger: ro.sf.lcd_density must be defined as a build property
02-20 20:53:03.791  1374  1409 I MediaPlayerService: MediaPlayerService::getOMX
02-20 20:53:03.792  1678  2000 I OMXClient: MuxOMX ctor
02-20 20:53:03.794  1371  1835 I OMXMaster: makeComponentInstance(OMX.google.vorbis.decoder) in mediacodec process
02-20 20:53:03.799  1920  1920 D TDC     : updateOrInsert: inserting: Modem { uuid=modem, state=0, rilModel=0, rat={}, maxActiveVoiceCall=1, maxActiveDataCall=1, maxStandby=1 }
02-20 20:53:03.799  1920  1920 D TDC     : updateOrInsert: inserting: Sim { uuid=sim, modemUuid=modem, state=0 }
02-20 20:53:03.813  1678  1678 E BluetoothAdapter: Bluetooth binder is null
02-20 20:53:03.827  1939  1939 D         : HostConnection::get() New Host Connection established 0x7908bfdf8e20, tid 1939
02-20 20:53:03.833  1678  1678 I Telecom : SystemStateProvider: Registering car mode receiver: android.content.IntentFilter@41da3bf: TS.init@AAA
02-20 20:53:03.833  1920  1920 D CdmaSSM : subscriptionSource from settings: 0
02-20 20:53:03.833  1920  1920 I PhoneFactory: Cdma Subscription set to 0
02-20 20:53:03.838  1774  1774 D         : HostConnection::get() New Host Connection established 0x7908bfd6d5a0, tid 1774
02-20 20:53:03.852  1920  1920 I PhoneFactory: Network Mode set to 0
02-20 20:53:03.856  1920  1920 D RILJ    : RIL(context, preferredNetworkType=0 cdmaSubscription=0)
02-20 20:53:03.858  1920  1920 D RILJ    : Starting RILReceiver0 [SUB0]
02-20 20:53:03.861  1678  2004 I Telecom : Telecom: Non-call EVENT: AUDIO_ROUTE, Entering state QuiescentEarpieceRoute
02-20 20:53:03.864  1920  1920 D RILJ    : [3648]> GET_HARDWARE_CONFIG [SUB0]
02-20 20:53:03.869  1920  1920 D RilRequest: [3648]< GET_HARDWARE_CONFIG error: com.android.internal.telephony.CommandException: RADIO_NOT_AVAILABLE ret=
02-20 20:53:03.869  1920  1920 I PhoneFactory: Creating SubscriptionController
02-20 20:53:03.873  1376  1494 I RILC    : libril: new connection to RIL_SOCKET_1
02-20 20:53:03.873  1376  1494 I RILC    : RIL Daemon version: android reference-ril 1.0
02-20 20:53:03.873  1920  2006 I RILJ    : (0) Connected to 'rild' socket
02-20 20:53:03.874  1920  2006 D RILJ    : [UNSL]< UNSOL_RIL_CONNECTED {12} [SUB0]
02-20 20:53:03.874  1920  2006 D RILJ    : [3649]> RADIO_POWER off [SUB0]
02-20 20:53:03.875  1376  1494 D RIL     : onRequest: RADIO_POWER
02-20 20:53:03.875  1678  1735 D WifiConfigManager: Loading config and enabling all networks 
02-20 20:53:03.875  1920  2006 D RILJ    : [3650]> RIL_REQUEST_CDMA_SET_SUBSCRIPTION_SOURCE : 0 [SUB0]
02-20 20:53:03.875  1376  1494 D RIL     : onRequest: CDMA_SET_SUBSCRIPTION_SOURCE
02-20 20:53:03.875  1920  2006 D RILJ    : setCellInfoListRate: 2147483647 [SUB0]
02-20 20:53:03.875  1920  2006 D RILJ    : [3651]> RIL_REQUEST_SET_CELL_INFO_LIST_RATE [SUB0]
02-20 20:53:03.875  1376  1494 D RIL     : onRequest: SET_UNSOL_CELL_INFO_LIST_RATE
02-20 20:53:03.875  1920  2006 D RILJ    : [UNSL]< UNSOL_RESPONSE_RADIO_STATE_CHANGED RADIO_OFF [SUB0]
02-20 20:53:03.875  1920  2006 D RILJ    : [3652]> SCREEN_STATE: true [SUB0]
02-20 20:53:03.876  1376  1494 D RIL     : onRequest: SCREEN_STATE
02-20 20:53:03.876  1920  2006 D RILJ    : [UNSL]< UNSOL_NITZ_TIME_RECEIVED 18/02/20:20:52:58+0:0:Unknown!Unknown [SUB0]
02-20 20:53:03.877  1920  2006 D RILJ    : [3649]< RADIO_POWER  [SUB0]
02-20 20:53:03.877  1920  2006 D RilRequest: [3650]< RIL_REQUEST_CDMA_SET_SUBSCRIPTION_SOURCE error: com.android.internal.telephony.CommandException: RADIO_NOT_AVAILABLE ret=
02-20 20:53:03.877  1920  2006 D RilRequest: [3651]< RIL_REQUEST_SET_CELL_INFO_LIST_RATE error: com.android.internal.telephony.CommandException: RADIO_NOT_AVAILABLE ret=
02-20 20:53:03.877  1920  2006 D RilRequest: [3652]< SCREEN_STATE error: com.android.internal.telephony.CommandException: RADIO_NOT_AVAILABLE ret=
02-20 20:53:03.880  1920  1920 D SubscriptionController: [SubscriptionController] init by Context
02-20 20:53:03.889  1374  1902 I MediaPlayerService: MediaPlayerService::getOMX
02-20 20:53:03.890  1678  2007 I OMXClient: MuxOMX ctor
02-20 20:53:03.890  1371  1972 I OMXMaster: makeComponentInstance(OMX.google.vorbis.decoder) in mediacodec process
02-20 20:53:03.893  1678  1735 W WifiNetworkHistory: Upgrading network 0 to android.uid.system:1000
02-20 20:53:03.893  1678  1735 D WifiConfigManager: loaded 0 passpoint configs
02-20 20:53:03.893  1678  1735 E IpConfigStore: Error parsing configuration: java.io.FileNotFoundException: /data/misc/wifi/ipconfig.txt (No such file or directory)
02-20 20:53:03.896  1678  2009 I Telecom : CallAudioModeStateMachine: Message received: null.: TS.init->CAMSM.pM_1@AAA_0
02-20 20:53:03.912  1678  1735 D WifiNative-HAL: Setting external_sim to 1
02-20 20:53:03.912  1678  1735 D WifiStateMachine: Setting OUI to DA-A1-19
02-20 20:53:03.915  1678  1735 I WifiConnectivityManager: PNO settings: min5GHzRssi -82 min24GHzRssi -85 currentConnectionBonus 16 sameNetworkBonus 24 secureNetworkBonus 80 initialScoreMax 100
02-20 20:53:03.916  1678  1735 I WifiConnectivityManager: ConnectivityScanManager initialized and disabled
02-20 20:53:03.916  1678  1735 I WifiConnectivityManager: setUntrustedConnectionAllowed: allowed=false
02-20 20:53:03.917  1920  1920 D UiccController: Creating UiccController
02-20 20:53:03.925  1939  1997 D         : HostConnection::get() New Host Connection established 0x7908bfdf8ee0, tid 1997
02-20 20:53:03.926  1939  1997 I OpenGLRenderer: Initialized EGL, version 1.4
02-20 20:53:03.926  1939  1997 D OpenGLRenderer: Swap behavior 1
02-20 20:53:03.927  1678  2011 E ActivityThread: Failed to find provider info for call_log
02-20 20:53:03.931  1678  1678 E BluetoothAdapter: Bluetooth binder is null
02-20 20:53:03.947  1774  1774 D StorageNotification: Notifying about private volume: VolumeInfo{private}:
02-20 20:53:03.947  1774  1774 D StorageNotification:     type=PRIVATE diskId=null partGuid=null mountFlags=0 mountUserId=-1 
02-20 20:53:03.947  1774  1774 D StorageNotification:     state=MOUNTED 
02-20 20:53:03.947  1774  1774 D StorageNotification:     fsType=null fsUuid=null fsLabel=null 
02-20 20:53:03.947  1774  1774 D StorageNotification:     path=/data internalPath=null 
02-20 20:53:03.948  1774  1774 D StorageNotification: Notifying about public volume: VolumeInfo{public:253,64}:
02-20 20:53:03.948  1774  1774 D StorageNotification:     type=PUBLIC diskId=disk:253,64 partGuid=null mountFlags=VISIBLE 
02-20 20:53:03.948  1774  1774 D StorageNotification:     mountUserId=0 state=MOUNTED 
02-20 20:53:03.948  1774  1774 D StorageNotification:     fsType=vfat fsUuid=1E12-0B12 fsLabel=SDCARD 
02-20 20:53:03.948  1774  1774 D StorageNotification:     path=/storage/1E12-0B12 internalPath=/mnt/media_rw/1E12-0B12 
02-20 20:53:03.948  1678  1735 E WifiLogger: no ring buffers found
02-20 20:53:03.948  1678  1735 E WifiLogger: Failed to start packet fate monitoring
02-20 20:53:03.948  1920  1920 D TelephonyTester: register for intent action=com.android.internal.telephony.action_detached
02-20 20:53:03.948  1920  1920 D TelephonyTester: register for intent action=com.android.internal.telephony.action_attached
02-20 20:53:03.953  1939  1997 D EGL_emulation: eglCreateContext: 0x7908bfd79520: maj 3 min 0 rcv 3
02-20 20:53:03.955  1678  1678 I Telecom : Class: TelecomSystem.INSTANCE being set
02-20 20:53:03.955  1678  1678 E BluetoothAdapter: Bluetooth binder is null
02-20 20:53:03.959  1920  1920 D Phone   : mDoesRilSendMultipleCallRing=true
02-20 20:53:03.959  1678  1678 W ContextImpl: Calling a method in the system process without a qualified user: android.app.ContextImpl.startService:1357 com.android.server.content.SyncManager$13.run:658 android.os.Handler.handleCallback:751 android.os.Handler.dispatchMessage:95 android.os.Looper.loop:154 
02-20 20:53:03.959  1920  1920 D Phone   : mCallRingDelay=3000
02-20 20:53:03.971  1920  1920 D RILJ    : [3653]> RIL_REQUEST_START_LCE [SUB0]
02-20 20:53:03.973  1376  1494 D RIL     : onRequest: <unknown request>
02-20 20:53:03.973  1920  2006 D RilRequest: [3653]< RIL_REQUEST_START_LCE error: com.android.internal.telephony.CommandException: RADIO_NOT_AVAILABLE ret=
02-20 20:53:03.977  1678  1735 I WifiConnectivityManager: Set WiFi enabled
02-20 20:53:03.977  1678  1735 I WifiConnectivityManager: scheduleWatchdogTimer
02-20 20:53:03.978  1678  1735 D WifiNative-HAL: Failing getSupportedFeatureset because HAL isn't started
02-20 20:53:03.978  1678  1695 E BatteryStatsService: no controller energy info supplied
02-20 20:53:03.978  1678  1695 E KernelCpuSpeedReader: Failed to read cpu-freq: /sys/devices/system/cpu/cpu0/cpufreq/stats/time_in_state (No such file or directory)
02-20 20:53:03.978  1678  1695 E KernelUidCpuTimeReader: Failed to read uid_cputime: /proc/uid_cputime/show_uid_stat (No such file or directory)
02-20 20:53:03.979  1678  1735 D WifiNative-HAL: Failing getSupportedFeatureset because HAL isn't started
02-20 20:53:03.979  1678  1695 E BatteryStatsService: no controller energy info supplied
02-20 20:53:03.979  1678  1695 E KernelCpuSpeedReader: Failed to read cpu-freq: /sys/devices/system/cpu/cpu0/cpufreq/stats/time_in_state (No such file or directory)
02-20 20:53:03.980  1678  1695 E KernelUidCpuTimeReader: Failed to read uid_cputime: /proc/uid_cputime/show_uid_stat (No such file or directory)
02-20 20:53:03.984  1920  1920 E RIL_ImsSms: getFormat should never be called from here!
02-20 20:53:03.984  1920  1920 D SMSDispatcher: SMSDispatcher: ctor mSmsCapable=true format=unknown mSmsSendDisabled=false
02-20 20:53:03.984  1920  1920 D RIL_ImsSms: ImsSMSDispatcher created
02-20 20:53:03.985  1920  1920 D SMSDispatcher: SMSDispatcher: ctor mSmsCapable=true format=3gpp2 mSmsSendDisabled=false
02-20 20:53:03.985  1920  1920 D CdmaSMSDispatcher: CdmaSMSDispatcher created
02-20 20:53:03.999  1920  1920 D GsmInboundSmsHandler: created InboundSmsHandler
02-20 20:53:04.011  1374  1374 I MediaPlayerService: MediaPlayerService::getOMX
02-20 20:53:04.012  1678  1678 W System  : ClassLoader referenced unknown path: /system/priv-app/FusedLocation/lib/x86_64
02-20 20:53:04.013  1678  1678 D ApplicationLoaders: ignored Vulkan layer search path /system/priv-app/FusedLocation/lib/x86_64:/system/priv-app/FusedLocation/FusedLocation.apk!/lib/x86_64:/system/lib64:/vendor/lib64 for namespace 0x7908ce93b240
02-20 20:53:04.013  1678  2022 I OMXClient: MuxOMX ctor
02-20 20:53:04.013  1371  1972 I OMXMaster: makeComponentInstance(OMX.google.vorbis.decoder) in mediacodec process
02-20 20:53:04.015  1920  1920 D CdmaInboundSmsHandler: created InboundSmsHandler
02-20 20:53:04.028  1920  1920 D SMSDispatcher: SMSDispatcher: ctor mSmsCapable=true format=3gpp mSmsSendDisabled=false
02-20 20:53:04.028  1920  1920 D GsmSMSDispatcher: GsmSMSDispatcher created
02-20 20:53:04.029  1920  2021 D GsmInboundSmsHandler: StartupState.processMessage:6
02-20 20:53:04.029  1920  2021 D GsmInboundSmsHandler: entering Idle state
02-20 20:53:04.029  1920  2030 D CdmaInboundSmsHandler: StartupState.processMessage:6
02-20 20:53:04.029  1920  2030 D CdmaInboundSmsHandler: entering Idle state
02-20 20:53:04.031  1920  1920 D IccCardProxy: ctor: ci=com.android.internal.telephony.RIL@29221a2 phoneId=0
