02-20 20:54:14.689  1373  1492 D AT      : AT> AT+CRSM=176,28438,0,0,2
02-20 20:54:14.689  1373  1495 D AT      : AT< +CRSM: 144,0,0233
02-20 20:54:14.689  1373  1495 D AT      : AT< OK
02-20 20:54:14.689  1373  1492 D RIL     : onRequest: SIM_CLOSE_CHANNEL
02-20 20:54:14.689  1373  1492 D AT      : AT> AT+CCHC=1
02-20 20:54:14.689  1914  1990 D RILJ    : [3722]< SIM_IO IccIoResponse sw1:0x90 sw2:0x0 [SUB0]
02-20 20:54:14.689  1914  1990 D RILJ    : [3723]< SIM_IO IccIoResponse sw1:0x90 sw2:0x0 [SUB0]
02-20 20:54:14.689  1914  1990 D RILJ    : [3724]< SIM_IO IccIoResponse sw1:0x90 sw2:0x0 [SUB0]
02-20 20:54:14.689  1914  1990 D RILJ    : [3725]< SIM_IO IccIoResponse sw1:0x90 sw2:0x0 [SUB0]
02-20 20:54:14.689  1914  1914 E SST     : error parsing GprsRegistrationState: java.lang.NumberFormatException: null
02-20 20:54:14.689  1914  1914 D SST     : handlPollStateResultMessage: GsmSST setDataRegState=0 regState=1 dataRadioTechnology=14
02-20 20:54:14.689  1914  1990 D RILJ    : [3726]< SIM_IO IccIoResponse sw1:0x90 sw2:0x0 [SUB0]
02-20 20:54:14.689  1914  1914 D SST     : EVENT_POLL_STATE_NETWORK_SELECTION_MODE
02-20 20:54:14.689  1914  1990 D RILJ    : [3727]< SIM_IO IccIoResponse sw1:0x90 sw2:0x0 [SUB0]
02-20 20:54:14.689  1914  1990 D RILJ    : [3728]< SIM_IO IccIoResponse sw1:0x90 sw2:0x0 [SUB0]
02-20 20:54:14.689  1373  1495 D AT      : AT< +CCHC
02-20 20:54:14.689  1373  1495 D AT      : AT< OK
02-20 20:54:14.689  1914  1990 D RILJ    : [3729]< SIM_IO IccIoResponse sw1:0x90 sw2:0x0 [SUB0]
02-20 20:54:14.689  1914  1990 D RILJ    : [3730]< RIL_REQUEST_SIM_CLOSE_CHANNEL  [SUB0]
02-20 20:54:14.690  1914  1914 D SST     : Poll ServiceState done:  oldSS=[0 0 voice home data home Android Android 310260 Android Android 310260  Unknown LTE CSS not supported -1 -1 RoamInd=-1 DefRoamInd=-1 EmergOnly=false IsDataRoamingFromRegistration=false IsUsingCarrierAggregation=false] newSS=[0 0 voice home data home Android Android 310260 Android Android 310260  Unknown LTE CSS not supported -1 -1 RoamInd=-1 DefRoamInd=-1 EmergOnly=false IsDataRoamingFromRegistration=false IsUsingCarrierAggregation=false] oldMaxDataCalls=1 mNewMaxDataCalls=1 oldReasonDataDenied=-1 mNewReasonDataDenied=-1
02-20 20:54:14.690  1914  1914 D RuimRecords: [RuimRecords] NO update mccmnc=310260
02-20 20:54:14.690  1914  1914 D RuimRecords: [RuimRecords] onRecordLoaded 9 requested: true
02-20 20:54:14.690  1914  1914 D RILJ    : [3731]> iccIO: SIM_IO 0xb0 0x2fe2  path: 3F00,0,0,10 aid: null [SUB0]
02-20 20:54:14.692  1373  1492 D RIL     : onRequest: SIM_IO
02-20 20:54:14.692  1373  1492 D AT      : AT> AT+CRSM=176,12258,0,0,10
02-20 20:54:14.692  1373  1495 D AT      : AT< +CRSM: 144,0,98101430121181157002
02-20 20:54:14.692  1373  1495 D AT      : AT< OK
02-20 20:54:14.692  1914  1990 D RILJ    : [3731]< SIM_IO IccIoResponse sw1:0x90 sw2:0x0 [SUB0]
02-20 20:54:14.692  1914  1914 D SubscriptionInfoUpdater: [Receiver]+
02-20 20:54:14.693  1914  1914 D SubscriptionInfoUpdater: Action: android.intent.action.SIM_STATE_CHANGED
02-20 20:54:14.693  1914  1914 D SubscriptionInfoUpdater: slotId: 0
02-20 20:54:14.693  1914  1914 D SubscriptionInfoUpdater: simStatus: READY
02-20 20:54:14.693  1914  1914 D SubscriptionInfoUpdater: Ignoring simStatus: READY
02-20 20:54:14.693  1914  1914 D SubscriptionInfoUpdater: [Receiver]-
02-20 20:54:14.693  1914  1914 D IccCardProxy: broadcastIccStateChangedIntent intent ACTION_SIM_STATE_CHANGED value=IMSI reason=null for mPhoneId=0
02-20 20:54:14.693  2146  2178 V GridSizeMigrationTask: Workspace migration completed in 52
02-20 20:54:14.693  2146  2178 D Launcher.Model: loadWorkspace: loading default favorites
02-20 20:54:14.697  1677  2125 I am_proc_start: [0,2207,10014,com.google.process.gapps,content provider,com.google.android.gsf/.gservices.GservicesProvider]
02-20 20:54:14.697  1677  2125 I ActivityManager: Start proc 2207:com.google.process.gapps/u0a14 for content provider com.google.android.gsf/.gservices.GservicesProvider
02-20 20:54:14.699  1914  1914 D SIMRecords: [SIMRecords] onRecordLoaded 15 requested: true
02-20 20:54:14.699  1914  1914 D RILJ    : [3732]> iccIO: SIM_IO 0xc0 0x6f14  path: 3F007F20,0,0,15 aid: null [SUB0]
02-20 20:54:14.702  1373  1492 D RIL     : onRequest: SIM_IO
02-20 20:54:14.702  1373  1492 D AT      : AT> AT+CRSM=192,28436,0,0,15
02-20 20:54:14.702  1914  1914 D SIMRecords: [SIMRecords] onRecordLoaded 15 requested: true
02-20 20:54:14.702  1914  1914 D SIMRecords: [SIMRecords] onRecordLoaded 14 requested: true
02-20 20:54:14.702  1914  1914 E SIMRecords: [SIMRecords] Exception in fetching EF_CSP data com.android.internal.telephony.CommandException: GENERIC_FAILURE
02-20 20:54:14.702  1914  1914 D SIMRecords: [SIMRecords] onRecordLoaded 13 requested: true
02-20 20:54:14.702  1373  1495 D AT      : AT< +CRSM: 144,0,000000146f1404001aa0aa01020000
02-20 20:54:14.702  1914  1914 E SIMRecords: [SIMRecords] Exception in get GID1 com.android.internal.telephony.CommandException: GENERIC_FAILURE
02-20 20:54:14.702  1373  1495 D AT      : AT< OK
02-20 20:54:14.702  1914  1914 D SIMRecords: [SIMRecords] onRecordLoaded 12 requested: true
02-20 20:54:14.702  1914  1914 E SIMRecords: [SIMRecords] Exception in get GID2 com.android.internal.telephony.CommandException: GENERIC_FAILURE
02-20 20:54:14.702  1914  1914 D SIMRecords: [SIMRecords] onRecordLoaded 11 requested: true
02-20 20:54:14.702  1914  1990 D RILJ    : [3732]< SIM_IO IccIoResponse sw1:0x90 sw2:0x0 [SUB0]
02-20 20:54:14.706  1914  1914 D RuimRecords: [RuimRecords] EF_PL LOADED
02-20 20:54:14.706  1914  1914 E RuimRecords: [RuimRecords] Record Load Exception: com.android.internal.telephony.CommandException: GENERIC_FAILURE
02-20 20:54:14.706  1914  1914 D RuimRecords: [RuimRecords] onRecordLoaded 8 requested: true
02-20 20:54:14.706  1914  1914 D RuimRecords: [RuimRecords] EF_CSIM_LI LOADED
02-20 20:54:14.706  1914  1914 E RuimRecords: [RuimRecords] Record Load Exception: com.android.internal.telephony.CommandException: GENERIC_FAILURE
02-20 20:54:14.706  1914  1914 D RuimRecords: [RuimRecords] onRecordLoaded 7 requested: true
02-20 20:54:14.706  1914  1914 D RuimRecords: [RuimRecords] EF_CSIM_SPN LOADED
02-20 20:54:14.706  1914  1914 E RuimRecords: [RuimRecords] Record Load Exception: com.android.internal.telephony.CommandException: GENERIC_FAILURE
02-20 20:54:14.706  1914  1914 D RuimRecords: [RuimRecords] onRecordLoaded 6 requested: true
02-20 20:54:14.706  1914  1914 D RuimRecords: [RuimRecords] EF_CSIM_MDN LOADED
02-20 20:54:14.706  1914  1914 E RuimRecords: [RuimRecords] Record Load Exception: com.android.internal.telephony.CommandException: GENERIC_FAILURE
02-20 20:54:14.706  1914  1914 D RuimRecords: [RuimRecords] onRecordLoaded 5 requested: true
02-20 20:54:14.706  1914  1914 D RuimRecords: [RuimRecords] EF_CSIM_IMSIM LOADED
02-20 20:54:14.706  1914  1914 E RuimRecords: [RuimRecords] Record Load Exception: com.android.internal.telephony.CommandException: GENERIC_FAILURE
02-20 20:54:14.706  1914  1914 D RuimRecords: [RuimRecords] onRecordLoaded 4 requested: true
02-20 20:54:14.706  1914  1914 D RuimRecords: [RuimRecords] EF_CSIM_CDMAHOME LOADED
02-20 20:54:14.706  1914  1914 E RuimRecords: [RuimRecords] Record Load Exception: com.android.internal.telephony.CommandException: GENERIC_FAILURE
02-20 20:54:14.706  1914  1914 D RuimRecords: [RuimRecords] onRecordLoaded 3 requested: true
02-20 20:54:14.706  1914  1914 D RuimRecords: [RuimRecords] EF_CSIM_EPRL LOADED
02-20 20:54:14.706  1914  1914 E RuimRecords: [RuimRecords] Record Load Exception: com.android.internal.telephony.CommandException: GENERIC_FAILURE
02-20 20:54:14.706  1914  1914 D RuimRecords: [RuimRecords] onRecordLoaded 2 requested: true
02-20 20:54:14.706  1914  1914 D RuimRecords: [RuimRecords] EF_CSIM_MIPUPP LOADED
02-20 20:54:14.706  1914  1914 E RuimRecords: [RuimRecords] Record Load Exception: com.android.internal.telephony.CommandException: GENERIC_FAILURE
02-20 20:54:14.706  1914  1914 D RuimRecords: [RuimRecords] onRecordLoaded 1 requested: true
02-20 20:54:14.706  1914  1914 D SubscriptionInfoUpdater: [Receiver]+
02-20 20:54:14.706  1914  1914 D SubscriptionInfoUpdater: Action: android.intent.action.SIM_STATE_CHANGED
02-20 20:54:14.706  1914  1914 D SubscriptionInfoUpdater: slotId: 0
02-20 20:54:14.706  1914  1914 D SubscriptionInfoUpdater: simStatus: IMSI
02-20 20:54:14.706  1914  1914 D SubscriptionInfoUpdater: Ignoring simStatus: IMSI
02-20 20:54:14.706  1914  1914 D SubscriptionInfoUpdater: [Receiver]-
02-20 20:54:14.706  1914  1914 D SIMRecords: [SIMRecords] iccid: 89014103211118510720
02-20 20:54:14.706  1914  1914 D SIMRecords: [SIMRecords] onRecordLoaded 10 requested: true
02-20 20:54:14.708  1914  1914 D RILJ    : [3733]> iccIO: SIM_IO 0xb0 0x6f14  path: 3F007F20,0,0,20 aid: null [SUB0]
02-20 20:54:14.709  1373  1492 D RIL     : onRequest: SIM_IO
02-20 20:54:14.709  1373  1492 D AT      : AT> AT+CRSM=176,28436,0,0,20
02-20 20:54:14.709  1914  1914 D SIMRecords: [SIMRecords] EF_MBI: 01000000
02-20 20:54:14.709  1914  1914 D SIMRecords: [SIMRecords] Got valid mailbox number for MBDN
02-20 20:54:14.709  1373  1495 D AT      : AT< +CRSM: 144,0,416e64726f6964ffffffffffffffffffffffffff
02-20 20:54:14.709  1373  1495 D AT      : AT< OK
02-20 20:54:14.709  1914  1914 D RILJ    : [3734]> iccIO: SIM_IO 0xc0 0x6fc7  path: 3F007F20,0,0,15 aid: null [SUB0]
02-20 20:54:14.709  1914  1990 D RILJ    : [3733]< SIM_IO IccIoResponse sw1:0x90 sw2:0x0 [SUB0]
02-20 20:54:14.710  1373  1492 D RIL     : onRequest: SIM_IO
02-20 20:54:14.710  1373  1492 D AT      : AT> AT+CRSM=192,28615,0,0,15
02-20 20:54:14.710  1914  1914 D SIMRecords: [SIMRecords] onRecordLoaded 10 requested: true
02-20 20:54:14.710  1373  1495 D AT      : AT< +CRSM: 144,0,000000406fc7040011a0aa01020120
02-20 20:54:14.710  1914  1914 D SIMRecords: [SIMRecords] EF_AD: 00000003
02-20 20:54:14.710  1373  1495 D AT      : AT< OK
02-20 20:54:14.710  1914  1990 D RILJ    : [3734]< SIM_IO IccIoResponse sw1:0x90 sw2:0x0 [SUB0]
02-20 20:54:14.710  1914  1914 D SIMRecords: [SIMRecords] setting4 mMncLength=3
02-20 20:54:14.710  1914  1914 D SIMRecords: [SIMRecords] update mccmnc=310260
02-20 20:54:14.710  1914  1914 D MccTable: updateMccMncConfiguration mccmnc='310260' fromServiceState=false
02-20 20:54:14.710  1914  1914 D SubscriptionController: [getPhoneId]- no sims, returning default phoneId=2147483647
02-20 20:54:14.710  1914  1914 D MccTable: updateMccMncConfiguration defaultMccMnc=
02-20 20:54:14.710  1914  1914 D MccTable: updateMccMncConfiguration: mcc=310, mnc=260
02-20 20:54:14.710  1914  1914 D MccTable: updateMccMncConfiguration updateConfig config={1.0 310mcc260mnc ?localeList ?layoutDir ?swdp ?wdp ?hdp ?density ?lsize ?long ?orien ?uimode ?night ?touch ?keyb/?/? ?nav/?}
02-20 20:54:14.711  1677  2171 I configuration_changed: 3
02-20 20:54:14.711  1677  2171 I ActivityManager: Config changes=3 {1.0 310mcc260mnc [en_US] ldltr sw360dp w360dp h668dp 640dpi nrml long port finger -keyb/v/h -nav/h s.5}
02-20 20:54:14.713  2207  2207 W art     : Unexpected CPU variant for X86 using defaults: x86_64
02-20 20:54:14.714  2202  2202 W art     : Unexpected CPU variant for X86 using defaults: x86
02-20 20:54:14.739  1677  2171 I am_relaunch_resume_activity: [0,43730731,221,com.google.android.apps.nexuslauncher/.NexusLauncherActivity]
02-20 20:54:14.741  1677  1689 I am_proc_bound: [0,2207,com.google.process.gapps]
02-20 20:54:14.742  1914  1914 D SIMRecords: [SIMRecords] onRecordLoaded 9 requested: true
02-20 20:54:14.742  1914  1914 D SIMRecords: [SIMRecords] EF_MWIS : 0000000000
02-20 20:54:14.742  1914  1914 D SIMRecords: [SIMRecords] onRecordLoaded 8 requested: true
02-20 20:54:14.742  1914  1914 D SIMRecords: [SIMRecords] EF_CPHS_MWI: 55
02-20 20:54:14.742  1914  1914 D SIMRecords: [SIMRecords] onRecordLoaded 7 requested: true
02-20 20:54:14.742  1914  1914 D SIMRecords: [SIMRecords] EF_CFF_CPHS: 55
02-20 20:54:14.742  1914  1914 D SIMRecords: [SIMRecords] onRecordLoaded 6 requested: true
02-20 20:54:14.742  1914  1914 D SIMRecords: [SIMRecords] onRecordLoaded 5 requested: true
02-20 20:54:14.742  1914  1914 D SIMRecords: [SIMRecords] SST: UsimServiceTable[120]={ PHONEBOOK, FDN, FDN_EXTENSION, SDN, SDN_EXTENSION, BDN, BDN_EXTENSION, OUTGOING_CALL_INFO, ADVICE_OF_CHARGE, CAP_CONFIG_PARAMS_2, GROUP_ID_LEVEL_1, GROUP_ID_LEVEL_2, SPN, USER_PLMN_SELECT, MSISDN, IMAGE, LOCALISED_SERVICE_AREAS, EMLPP, EMLPP_AUTO_ANSWER, RFU, GSM_ACCESS, DATA_DL_VIA_SMS_PP, DATA_DL_VIA_SMS_CB, CALL_CONTROL_BY_USIM, MO_SMS_CONTROL_BY_USIM, RUN_AT_COMMAND, APN_CONTROL_LIST, DEPERSONALISATION_CONTROL_KEYS, COOPERATIVE_NETWORK_LIST, GSM_SECURITY_CONTEXT, SERVICE_PROVIDER_DISPLAY_INFO, MMS_NOTIFICATION, MMS_NOTIFICATION_EXTENSION, GPRS_CALL_CONTROL_BY_USIM, VGCS_GROUP_ID_LIST, VBS_GROUP_ID_LIST, OMA_BCAST_PROFILE, GBA_LOCAL_KEY_ESTABLISHMENT, #101, #102, #103, #104, #105, #106, #107, #108, #109, #110 }
02-20 20:54:14.742  1914  1914 D SIMRecords: [SIMRecords] onRecordLoaded 4 requested: true
02-20 20:54:14.742  1914  1914 D SIMRecords: [SIMRecords] iCPHS: 0233
02-20 20:54:14.742  1914  1914 D SIMRecords: [SIMRecords] onRecordLoaded 3 requested: true
02-20 20:54:14.742  1914  1914 D RuimRecords: [RuimRecords] iccid: 89014103211118510720
02-20 20:54:14.742  1914  1914 D RuimRecords: [RuimRecords] onRecordLoaded 0 requested: true
02-20 20:54:14.742  1914  1914 D RuimRecords: [RuimRecords] record load complete
02-20 20:54:14.742  1914  1914 D SIMRecords: [SIMRecords] MSISDN: [t-WgLegCyIMgfHgPkOdM6pkZbpA]
02-20 20:54:14.742  1914  1914 D SIMRecords: [SIMRecords] onRecordLoaded 2 requested: true
02-20 20:54:14.742  1914  1914 D RILJ    : [3735]> iccIO: SIM_IO 0xb2 0x6fc7  path: 3F007F20,1,4,32 aid: null [SUB0]
02-20 20:54:14.742  1677  1688 I am_proc_bound: [0,2202,com.google.android.googlequicksearchbox:search]
02-20 20:54:14.760  1373  1492 D RIL     : onRequest: SIM_IO
02-20 20:54:14.760  1373  1492 D AT      : AT> AT+CRSM=178,28615,1,4,32
02-20 20:54:14.760  1373  1495 D AT      : AT< +CRSM: 144,0,566f6963656d61696cffffffffffffffffff07915155125740f9ffffffffffff
02-20 20:54:14.760  1373  1495 D AT      : AT< OK
02-20 20:54:14.763  1914  1990 D RILJ    : [3735]< SIM_IO IccIoResponse sw1:0x90 sw2:0x0 [SUB0]
02-20 20:54:14.771  1914  1914 D SIMRecords: [SIMRecords] getServiceProviderName: no brandOverride, providerName=Android
02-20 20:54:14.771  1914  1914 D SIMRecords: [SIMRecords] Load EF_SPN_CPHS: Android
02-20 20:54:14.771  1914  1914 D TelephonyManager: setTelephonyProperty: success phoneId=0 property=gsm.sim.operator.alpha value: Android propVal=Android
02-20 20:54:14.771  1914  1914 D SIMRecords: [SIMRecords] onRecordLoaded 1 requested: true
02-20 20:54:14.771  1914  1914 D SIMRecords: [SIMRecords] VM: ADN Record 'Voicemail' '[-MWU1cAlDrkXUZ8dpHi_wU_YOpU] null' EF[MBDN]
02-20 20:54:14.771  1914  1914 D SIMRecords: [SIMRecords] onRecordLoaded 0 requested: true
02-20 20:54:14.771  1914  1914 D SIMRecords: [SIMRecords] record load complete
02-20 20:54:14.771  1914  1914 D SIMRecords: [SIMRecords] Not using EF LI/EF PL
02-20 20:54:14.771  1914  1914 D SIMRecords: [SIMRecords] EF_CFF: callForwardingEnabled=0
02-20 20:54:14.771  1914  1914 D SIMRecords: [SIMRecords] onAllRecordsLoaded set 'gsm.sim.operator.numeric' to operator='310260'
02-20 20:54:14.771  1914  1914 D SIMRecords: [SIMRecords] update icc_operator_numeric=310260
02-20 20:54:14.771  1914  1914 D TelephonyManager: setTelephonyProperty: success phoneId=0 property=gsm.sim.operator.numeric value: 310260 propVal=310260
02-20 20:54:14.771  1914  1914 D SubscriptionController: [setMccMnc]+ mcc/mnc:310/260 subId:-1
02-20 20:54:14.781  2207  2207 I art     : Starting a blocking GC AddRemoveAppImageSpace
02-20 20:54:14.785  1914  1914 D SubscriptionController: notifySubscriptionInfoChanged:
02-20 20:54:14.787  1914  1914 D SIMRecords: [SIMRecords] onAllRecordsLoaded set mcc imsi
02-20 20:54:14.787  1914  1914 D TelephonyManager: setTelephonyProperty: success phoneId=0 property=gsm.sim.operator.iso-country value: us propVal=us
02-20 20:54:14.788  1914  1914 D SST     : SubscriptionListener.onSubscriptionInfoChanged
02-20 20:54:14.788  1914  1914 D SIMRecords: [SIMRecords]  VoiceMessageCount from SIM MWIS = 0
02-20 20:54:14.788  1914  1914 E Phone   : getStoredVoiceMessageCount: invalid subId -2
02-20 20:54:14.788  1914  1914 D GsmCdmaPhone: [GsmCdmaPhone] updateVoiceMail countVoiceMessages = 0 subId -2
02-20 20:54:14.788  1914  1914 E Phone   : setVoiceMessageCount in sharedPreference: invalid subId -2
02-20 20:54:14.788  1914  1914 D DCT     : [0]SubscriptionListener.onSubscriptionInfoChanged
02-20 20:54:14.788  1914  1914 D SubscriptionController: [getActiveSubInfoList] Sub Controller not ready
02-20 20:54:14.788  1914  1914 D SubscriptionController: [getActiveSubInfoList] Sub Controller not ready
02-20 20:54:14.788  1914  1914 I Telephony: PstnIncomingCallNotifier: Unregistering: Handler (com.android.internal.telephony.GsmCdmaPhone) {354991f}
02-20 20:54:14.789  1914  1914 E PhoneInterfaceManager: [PhoneIntfMgr] getIccId: No UICC
02-20 20:54:14.795  1677  1692 W WindowManager: Keyguard drawn timeout. Setting mKeyguardDrawComplete
02-20 20:54:14.804  2146  2146 I am_on_resume_called: [0,com.google.android.apps.nexuslauncher.NexusLauncherActivity,LAUNCH_ACTIVITY]
02-20 20:54:14.831  1677  1677 W art     : Long monitor contention with owner android.bg (1690) at int android.content.res.AssetManager.getStringBlockCount!()(AssetManager.java:-2) waiters=0 in void android.content.pm.RegisteredServicesCache.invalidateCache(int) for 221ms
02-20 20:54:14.831  1677  1677 I dvm_lock_sample: [system_server,1,main,221,RegisteredServicesCache.java,234,AssetManager.java,-2,44]
02-20 20:54:14.832  2207  2207 W System  : ClassLoader referenced unknown path: /system/priv-app/GoogleServicesFramework/lib/x86_64
02-20 20:54:14.835  1677  1733 D WIFI    : Registering NetworkFactory
02-20 20:54:14.835  1677  1733 D WIFI_UT : Registering NetworkFactory
02-20 20:54:14.835  1677  1737 D ConnectivityService: Got NetworkFactory Messenger for WIFI
02-20 20:54:14.835  1677  1737 D ConnectivityService: Got NetworkFactory Messenger for WIFI_UT
02-20 20:54:14.835  1677  1733 D WIFI    : got request NetworkRequest [ REQUEST id=1, [ Capabilities: INTERNET&NOT_RESTRICTED&TRUSTED&NOT_VPN] ] with score 0
02-20 20:54:14.835  1677  1733 I WifiConnectivityManager: Set WiFiConnectivityManager enabled
02-20 20:54:14.837  1677  1689 I Telecom : PhoneAccountRegistrar: [ComponentInfo{com.android.phone/com.android.services.telephony.TelephonyConnectionService}, [e0184adedf913b076626646d3f52c3b49c39ad6d], UserHandle{0}(addr: tel:*********** -> tel:)(icon: Icon(typ=BITMAP size=76x96) -> Icon(typ=BITMAP size=76x96))(subAddr: tel:*********** -> tel:)]: TSI.rPA@AAg
02-20 20:54:14.840  1677  1689 I Telecom : : Sending phone-account registered intent as user: TSI.rPA@AAg
02-20 20:54:14.892     0     0 D ieee80211 phy0: mac80211_hwsim_config (freq=0 idle=1 ps=0 smps=auto)
02-20 20:54:14.892     0     0 D ieee80211 phy0: hwsim hw_scan request
02-20 20:54:14.896     0     0 D ieee80211 phy0: hw scan 2412 MHz
02-20 20:54:14.921     0     0 D ieee80211 phy0: hw scan 2417 MHz
02-20 20:54:14.959     0     0 D ieee80211 phy0: hw scan 2422 MHz
02-20 20:54:14.990     0     0 D ieee80211 phy0: hw scan 2427 MHz
02-20 20:54:15.022     0     0 D ieee80211 phy0: hw scan 2432 MHz
02-20 20:54:15.051     0     0 D ieee80211 phy0: hw scan 2437 MHz
02-20 20:54:14.857  1677  1677 I am_proc_start: [0,2246,10067,com.google.android.deskclock,broadcast,com.google.android.deskclock/com.android.deskclock.AlarmInitReceiver]
02-20 20:54:14.857  1677  1677 I ActivityManager: Start proc 2246:com.google.android.deskclock/u0a67 for broadcast com.google.android.deskclock/com.android.deskclock.AlarmInitReceiver
02-20 20:54:14.857  1677  1677 I GnssLocationProvider: WakeLock acquired by sendMessage(12, 0, null)
02-20 20:54:14.858  1914  2176 D SubscriptionController: [getActiveSubInfoList] Sub Controller not ready
02-20 20:54:14.859  1677  1733 D WIFI_UT : got request NetworkRequest [ REQUEST id=1, [ Capabilities: INTERNET&NOT_RESTRICTED&TRUSTED&NOT_VPN] ] with score 0
02-20 20:54:14.861  1914  1914 I Telephony: AccountEntry: Registered phoneAccount: [[ ] PhoneAccount: ComponentInfo{com.android.phone/com.android.services.telephony.TelephonyConnectionService}, [e0184adedf913b076626646d3f52c3b49c39ad6d], UserHandle{0} Capabilities: CallProvider MultiUser PlaceEmerg SimSub  Schemes: tel voicemail  Extras: null GroupId: [da39a3ee5e6b4b0d3255bfef95601890afd80709]] with handle: ComponentInfo{com.android.phone/com.android.services.telephony.TelephonyConnectionService}, [e0184adedf913b076626646d3f52c3b49c39ad6d], UserHandle{0}
02-20 20:54:14.861  1914  1914 I Telephony: PstnIncomingCallNotifier: Registering: Handler (com.android.internal.telephony.GsmCdmaPhone) {354991f}
02-20 20:54:14.861  1914  1949 D DCT     : [0]hasMatchedTetherApnSetting: APN=null
02-20 20:54:14.875  1914  1914 D CAT     : CatService: handleMessage[20]
02-20 20:54:14.876  1914  1914 D GsmCdmaPhone: [GsmCdmaPhone] updateCurrentCarrierInProvider: mSubId = -2 currentDds = 1 operatorNumeric = 310260
02-20 20:54:14.876  1914  1914 D IccCardProxy: operator=310260 mPhoneId=0
02-20 20:54:14.876  1914  1914 D TelephonyManager: setTelephonyProperty: success phoneId=0 property=gsm.sim.operator.numeric value: 310260 propVal=310260
02-20 20:54:14.878  1914  1914 D TelephonyManager: setTelephonyProperty: success phoneId=0 property=gsm.sim.operator.iso-country value: us propVal=us
02-20 20:54:14.878  1914  1914 D IccCardProxy: Sending intent ACTION_INTERNAL_SIM_STATE_CHANGED for mPhoneId : 0
02-20 20:54:14.879  1313  1360 E SurfaceFlinger: ro.sf.lcd_density must be defined as a build property
02-20 20:54:15.080     0     0 D ieee80211 phy0: hw scan 2442 MHz
02-20 20:54:15.110     0     0 D ieee80211 phy0: hw scan 2447 MHz
02-20 20:54:15.141     0     0 D ieee80211 phy0: hw scan 2452 MHz
02-20 20:54:15.189     0     0 D ieee80211 phy0: hw scan 2457 MHz
02-20 20:54:15.210     0     0 D ieee80211 phy1: mac80211_hwsim_configure_filter
02-20 20:54:15.210     0     0 D ieee80211 phy0: hw scan 2462 MHz
02-20 20:54:15.240     0     0 D ieee80211 phy0: hw scan 2467 MHz
02-20 20:54:15.362     0     0 D ieee80211 phy0: hw scan 2472 MHz
02-20 20:54:14.879  1914  1914 D SST     : EVENT_SIM_RECORDS_LOADED: what=16
02-20 20:54:14.879  1914  1914 D GsmCdmaPhone: [GsmCdmaPhone] updatePhoneObject: radioTechnology=0
02-20 20:54:14.879  1914  1914 D SST     : getOtasp: otasp not needed for GSM
02-20 20:54:14.879  1914  1914 D SST     : updateOtaspState: call notifyOtaspChanged old otaspMode=0 new otaspMode=3
02-20 20:54:14.879  1914  1914 D SIMRecords: [SIMRecords] getServiceProviderName: no brandOverride, providerName=Android
02-20 20:54:14.879  1914  1914 D SIMRecords: [SIMRecords] getServiceProviderName: no brandOverride, providerName=Android
02-20 20:54:14.880  1914  1914 D SST     : updateSpnDisplay: changed sending intent rule=1 showPlmn='false' plmn='Android' showSpn='true' spn='Android' dataSpn='Android' subId='-2'
02-20 20:54:14.884  2146  2146 D         : HostConnection::get() New Host Connection established 0x7c3065a9aea0, tid 2146
02-20 20:54:14.885  1914  1914 D SubscriptionController: [setPlmnSpn] No valid subscription to store info
02-20 20:54:14.885  1914  1914 D SubscriptionController: notifySubscriptionInfoChanged:
02-20 20:54:14.885  1914  1914 D DCT     : [0]NETWORK_STATE_CHANGED_ACTION: mIsWifiConnected=false
02-20 20:54:14.889  1914  1914 E PhoneInterfaceManager: [PhoneIntfMgr] getIccId: No UICC
02-20 20:54:14.899  2246  2246 W art     : Unexpected CPU variant for X86 using defaults: x86_64
02-20 20:54:14.959  1756  1756 W RichInputConnection: Slow InputConnection: GET_TEXT_BEFORE_CURSOR took 441 ms.
02-20 20:54:15.009  1677  2127 I dvm_lock_sample: [system_server,1,Binder:1677_7,81,AppWidgetServiceImpl.java,1350,AssetManager.java,-2,16]
02-20 20:54:15.010  2207  2207 I GservicesProvider: Gservices pushing to system: true; secure/global: true
02-20 20:54:15.022  1677  2072 I BackupManagerService: Found stale backup journal, scheduling
02-20 20:54:15.023  1677  1677 I GnssLocationProvider: WakeLock acquired by sendMessage(12, 0, null)
02-20 20:54:15.030  1313  1938 D         : HostConnection::get() New Host Connection established 0x727e48c1b540, tid 1938
02-20 20:54:15.030  1677  1677 I GnssLocationProvider: WakeLock acquired by sendMessage(12, 0, null)
02-20 20:54:15.035  2146  2235 D         : HostConnection::get() New Host Connection established 0x7c3078012a20, tid 2235
02-20 20:54:15.040  2146  2235 I OpenGLRenderer: Initialized EGL, version 1.4
02-20 20:54:15.040  2146  2235 D OpenGLRenderer: Swap behavior 1
02-20 20:54:15.042  1914  1949 D SubscriptionController: [getActiveSubInfoList] Sub Controller not ready
02-20 20:54:15.042  2146  2235 D EGL_emulation: eglCreateContext: 0x7c3078064320: maj 3 min 0 rcv 3
02-20 20:54:15.043  1914  1945 D SubscriptionController: [getActiveSubInfoList] Sub Controller not ready
02-20 20:54:15.049  1677  1688 I am_proc_bound: [0,2246,com.google.android.deskclock]
02-20 20:54:15.053  1677  1689 I Telecom : PhoneAccountRegistrar: [ComponentInfo{com.android.phone/com.android.services.telephony.TelephonyConnectionService}, [e0184adedf913b076626646d3f52c3b49c39ad6d], UserHandle{0}(icon: Icon(typ=BITMAP size=76x96) -> Icon(typ=BITMAP size=76x96))]: TSI.rPA@AAs
02-20 20:54:15.055  1677  1689 I Telecom : : Sending phone-account registered intent as user: TSI.rPA@AAs
02-20 20:54:15.069  1914  1914 D GsmCdmaPhone: [GsmCdmaPhone] phoneObjectUpdater: newVoiceRadioTech=0
02-20 20:54:15.069  1914  1914 D GsmCdmaPhone: [GsmCdmaPhone] phoneObjectUpdater: volteReplacementRat=0
02-20 20:54:15.069  1914  1914 E GsmCdmaPhone: [GsmCdmaPhone] phoneObjectUpdater: newVoiceRadioTech=0 doesn't match either CDMA or GSM - error! No phone change
02-20 20:54:15.069  1914  1914 D SubscriptionInfoUpdater: [Receiver]+
02-20 20:54:15.069  1914  1914 D SubscriptionInfoUpdater: Action: android.intent.action.internal_sim_state_changed
02-20 20:54:15.069  1914  1914 D SubscriptionInfoUpdater: slotId: 0
02-20 20:54:15.069  1914  1914 D SubscriptionInfoUpdater: simStatus: LOADED
02-20 20:54:15.069  1914  1914 D SubscriptionInfoUpdater: [Receiver]-
02-20 20:54:15.069  1914  1914 D SST     : SubscriptionListener.onSubscriptionInfoChanged
02-20 20:54:15.069  1914  1914 D DCT     : [0]SubscriptionListener.onSubscriptionInfoChanged
02-20 20:54:15.070  1914  1914 D SubscriptionController: [getActiveSubInfoList] Sub Controller not ready
02-20 20:54:15.071  1914  1914 D SubscriptionController: [getActiveSubInfoList] Sub Controller not ready
02-20 20:54:15.071  1914  1914 I Telephony: PstnIncomingCallNotifier: Unregistering: Handler (com.android.internal.telephony.GsmCdmaPhone) {354991f}
02-20 20:54:15.071  1914  1914 E PhoneInterfaceManager: [PhoneIntfMgr] getIccId: No UICC
02-20 20:54:15.095  2146  2146 I am_on_paused_called: [0,com.google.android.apps.nexuslauncher.NexusLauncherActivity,handleRelaunchActivity]
02-20 20:54:15.100  1677  1688 I Telecom : PhoneAccountRegistrar: [ComponentInfo{com.android.phone/com.android.services.telephony.TelephonyConnectionService}, [e0184adedf913b076626646d3f52c3b49c39ad6d], UserHandle{0}(icon: Icon(typ=BITMAP size=76x96) -> Icon(typ=BITMAP size=76x96))]: TSI.rPA@AAw
02-20 20:54:15.103  1677  1688 I Telecom : : Sending phone-account registered intent as user: TSI.rPA@AAw
02-20 20:54:15.104  1914  1914 I Telephony: AccountEntry: Registered phoneAccount: [[ ] PhoneAccount: ComponentInfo{com.android.phone/com.android.services.telephony.TelephonyConnectionService}, [e0184adedf913b076626646d3f52c3b49c39ad6d], UserHandle{0} Capabilities: CallProvider MultiUser PlaceEmerg SimSub  Schemes: tel voicemail  Extras: null GroupId: [da39a3ee5e6b4b0d3255bfef95601890afd80709]] with handle: ComponentInfo{com.android.phone/com.android.services.telephony.TelephonyConnectionService}, [e0184adedf913b076626646d3f52c3b49c39ad6d], UserHandle{0}
02-20 20:54:15.104  1914  1914 I Telephony: PstnIncomingCallNotifier: Registering: Handler (com.android.internal.telephony.GsmCdmaPhone) {354991f}
02-20 20:54:15.105  2146  2235 D EGL_emulation: eglMakeCurrent: 0x7c3078064320: ver 3 0 (tinfo 0x7c307800c9e0)
02-20 20:54:15.170  2146  2146 I am_on_stop_called: [0,com.google.android.apps.nexuslauncher.NexusLauncherActivity,destroy]
02-20 20:54:15.198  1914  1914 D SubscriptionInfoUpdater: handleSimStateLoadedInternal: slotId: 0
02-20 20:54:15.198  1914  1914 D SubscriptionInfoUpdater: All IccIds query complete
02-20 20:54:15.198  1914  1914 D SubscriptionInfoUpdater: updateSubscriptionInfoByIccId:+ Start
02-20 20:54:15.198  1914  1914 D SubscriptionController: [clearSubInfo]- no simInfo size=0
02-20 20:54:15.198  1914  1914 D SubscriptionInfoUpdater: insertedSimCount = 1
02-20 20:54:15.198  1914  1914 D SubscriptionController: [getSubInfoUsingSlotIdWithCheck]+ slotId:0
02-20 20:54:15.247  1914  1914 D SubscriptionController: [getPhoneId]- no sims, returning default phoneId=2147483647
02-20 20:54:15.249  1914  1914 D SubscriptionController: [getPhoneId]- no sims, returning default phoneId=2147483647
02-20 20:54:15.250  1914  1914 D SubscriptionController: [getPhoneId]- no sims, returning default phoneId=2147483647
02-20 20:54:15.253  1914  1914 D SubscriptionController: [getSubInfoUsingSlotId]- null info return
02-20 20:54:15.253  1914  1914 D SubscriptionInfoUpdater: updateSubscriptionInfoByIccId: oldSubId = 1
02-20 20:54:15.253  1914  1914 D SubscriptionInfoUpdater: updateSubscriptionInfoByIccId: oldIccId[0] = 89014103211118510720, sIccId[0] = 89014103211118510720
02-20 20:54:15.268  1914  1914 D SubscriptionController: [addSubInfoRecord]+ iccId:89014103211118510720 slotId:0
02-20 20:54:15.307  1914  1914 D SubscriptionController: [getActiveSubInfoList] Sub Controller not ready
02-20 20:54:15.307  1914  1914 D SubscriptionController: [addSubInfoRecord] Record already exists
02-20 20:54:15.309  1914  1914 D SubscriptionController: [addSubInfoRecord] sSlotIdxToSubId.size=1 slotId=0 subId=1 defaultSubId=1 simCount=1
02-20 20:54:15.309  1914  1914 D SubscriptionController: [setDefaultFallbackSubId] subId=1
02-20 20:54:15.309  1914  1914 D SubscriptionController: [setDefaultFallbackSubId] set mDefaultFallbackSubId=1
02-20 20:54:15.309  1914  1914 D MccTable: updateMccMncConfiguration mccmnc='310260' fromServiceState=false
02-20 20:54:15.309  1914  1914 D MccTable: updateMccMncConfiguration defaultMccMnc=310260
02-20 20:54:15.309  1914  1914 D MccTable: updateMccMncConfiguration: mcc=310, mnc=260
02-20 20:54:15.309  1914  1914 D MccTable: updateMccMncConfiguration updateConfig config={1.0 310mcc260mnc ?localeList ?layoutDir ?swdp ?wdp ?hdp ?density ?lsize ?long ?orien ?uimode ?night ?touch ?keyb/?/? ?nav/?}
02-20 20:54:15.311  1914  1914 D SubscriptionController: [setDefaultFallbackSubId] broadcast default subId changed phoneId=0 subId=1
02-20 20:54:15.323  1914  1914 D SubscriptionController: [addSubInfoRecord] one sim set defaults to subId=1
02-20 20:54:15.323  1914  1914 D SubscriptionController: [setDefaultDataSubId] num phones=1, subId=1
02-20 20:54:15.323  1914  1914 D SubscriptionController: [setDefaultDataSubId] phoneId=0 subId=1 RAF=1
02-20 20:54:15.323  1914  1914 D ProxyController: setRadioCapability: Already in requested configuration, nothing to do.
02-20 20:54:15.323  1914  1914 D SubscriptionController: [updateAllDataConnectionTrackers] sPhones.length=1
02-20 20:54:15.324  1914  1914 D SubscriptionController: [updateAllDataConnectionTrackers] phoneId=0
02-20 20:54:15.324  1914  1914 D DCT     : [0]update sub = 1
02-20 20:54:15.324  1914  1914 D DCT     : [0]update(): Active DDS, register for all events now!
02-20 20:54:15.324  1914  1914 D DCT     : [0]New records found.
02-20 20:54:15.324  1914  1914 D SST     : mDeviceShuttingDown=false, mDesiredPowerState=true, getRadioState=RADIO_ON, mPowerOffDelayNeed=true, mAlarmSwitch=false, mRadioDisabledByCarrier=false
02-20 20:54:15.324  2146  2146 I am_on_resume_called: [0,com.google.android.apps.nexuslauncher.NexusLauncherActivity,handleRelaunchActivity]
02-20 20:54:15.328  1914  2176 D RILJ    : [3736]> RIL_REQUEST_GET_CELL_INFO_LIST [SUB0]
02-20 20:54:15.329  1373  1492 D RIL     : onRequest: GET_CELL_INFO_LIST
02-20 20:54:15.329  1373  1492 D RILC    : responseCellInfoList: v12
02-20 20:54:15.330  1914  1990 D RILJ    : [3736]< RIL_REQUEST_GET_CELL_INFO_LIST [CellInfoGsm:{mRegistered=YES mTimeStampType=modem mTimeStamp=12385323139ns CellIdentityGsm:{ mMcc=310 mMnc=260 mLac=3 mCid=91 mArfcn=10 mBsic=0x0} CellSignalStrengthGsm: ss=-109055560 ber=29781 mTa=-101524356}] [SUB0]
02-20 20:54:15.330  1914  1914 D GsmCdmaPhone: [GsmCdmaPhone] updateCurrentCarrierInProvider: mSubId = 1 currentDds = 1 operatorNumeric = 310260
02-20 20:54:15.340  2146  2146 I Launcher.Model: not binding apps: no Launcher activity
02-20 20:54:15.372  2202  2202 E OverlaySController: Calling with an invalid UID, the interface will not work
02-20 20:54:15.395  2246  2246 W System  : ClassLoader referenced unknown path: /system/app/PrebuiltDeskClockGoogle/lib/x86_64
02-20 20:54:15.399  1756  1756 I InputAttributes: InputType.TYPE_NULL is specified
02-20 20:54:15.402  2207  2207 I GoogleHttpClient: GMS http client unavailable, use old client
02-20 20:54:15.417  1914  1914 D SubscriptionController: [broadcastDefaultDataSubIdChanged] subId=1
02-20 20:54:15.418  1914  1914 D SubscriptionController: [setDefaultSmsSubId] subId=1
02-20 20:54:15.419  1914  1914 D SubscriptionController: [broadcastDefaultSmsSubIdChanged] subId=1
02-20 20:54:15.420  1914  1914 D SubscriptionController: [setDefaultVoiceSubId] subId=1
02-20 20:54:15.420  1914  1914 D SubscriptionController: [broadcastDefaultVoiceSubIdChanged] subId=1
02-20 20:54:15.421  1914  1914 D SubscriptionController: [addSubInfoRecord] hashmap(0,1)
02-20 20:54:15.486     0     0 D ieee80211 phy0: hw scan 2484 MHz
02-20 20:54:15.442  1914  1914 D SubscriptionController: [addSubInfoRecord] sim name = Android
02-20 20:54:15.442  1914  1914 D DCT     : [0]update sub = 1
02-20 20:54:15.442  1914  1914 D DCT     : [0]update(): Active DDS, register for all events now!
02-20 20:54:15.442  1914  1914 D GsmCdmaPhone: [GsmCdmaPhone] updateCurrentCarrierInProvider: mSubId = 1 currentDds = 1 operatorNumeric = 310260
02-20 20:54:15.463  1914  1943 W art     : Suspending all threads took: 12.040ms
02-20 20:54:15.468  1914  1943 I art     : Background sticky concurrent mark sweep GC freed 32157(2MB) AllocSpace objects, 23(492KB) LOS objects, 30% free, 9MB/13MB, paused 12.376ms total 44.277ms
02-20 20:54:15.476  1914  1914 D SubscriptionController: [addSubInfoRecord]- info size=1
02-20 20:54:15.479  1914  1914 D SubscriptionInfoUpdater: newSim = false
02-20 20:54:15.479  1914  1914 D SubscriptionInfoUpdater: updateSubscriptionInfoByIccId: sInsertSimState[0] = 0
02-20 20:54:15.482  1914  1914 D SubscriptionInfoUpdater: updateSubscriptionInfoByIccId: nSubCount = 1
02-20 20:54:15.483  1914  1914 D SubscriptionController: [setDefaultDataSubId] num phones=1, subId=1
02-20 20:54:15.483  1914  1914 D SubscriptionController: [setDefaultDataSubId] phoneId=0 subId=1 RAF=1
02-20 20:54:15.483  1914  1914 D ProxyController: setRadioCapability: Already in requested configuration, nothing to do.
02-20 20:54:15.483  1914  1914 D SubscriptionController: [updateAllDataConnectionTrackers] sPhones.length=1
02-20 20:54:15.483  1914  1914 D SubscriptionController: [updateAllDataConnectionTrackers] phoneId=0
02-20 20:54:15.483  1914  1914 D DCT     : [0]update sub = 1
02-20 20:54:15.483  1914  1914 D DCT     : [0]update(): Active DDS, register for all events now!
02-20 20:54:15.483  1914  1914 D GsmCdmaPhone: [GsmCdmaPhone] updateCurrentCarrierInProvider: mSubId = 1 currentDds = 1 operatorNumeric = 310260
02-20 20:54:15.502  1914  1914 D SubscriptionController: [broadcastDefaultDataSubIdChanged] subId=1
02-20 20:54:15.505  1914  1914 D SubscriptionController: notifySubscriptionInfoChanged:
02-20 20:54:15.506  1677  1677 I GnssLocationProvider: WakeLock acquired by sendMessage(12, 0, null)
02-20 20:54:15.506  1914  1945 D SubscriptionMonitor: Phone[0] subId changed -2->1, 1 registrants
02-20 20:54:15.506  1914  1945 D SubscriptionMonitor: mDefaultDataSubId = 1, 1 registrants
02-20 20:54:15.508  1914  1914 D SubscriptionInfoUpdater: updateSubscriptionInfoByIccId:- SsubscriptionInfo update complete
02-20 20:54:15.508  1914  1914 D MccTable: updateMccMncConfiguration mccmnc='310260' fromServiceState=false
02-20 20:54:15.510  1914  1914 D MccTable: updateMccMncConfiguration defaultMccMnc=310260
02-20 20:54:15.510  1914  1914 D MccTable: updateMccMncConfiguration: mcc=310, mnc=260
02-20 20:54:15.510  1914  1914 D MccTable: updateMccMncConfiguration updateConfig config={1.0 310mcc260mnc ?localeList ?layoutDir ?swdp ?wdp ?hdp ?density ?lsize ?long ?orien ?uimode ?night ?touch ?keyb/?/? ?nav/?}
02-20 20:54:15.511  1914  1914 D SubscriptionController: [setMccMnc]+ mcc/mnc:310/260 subId:1
02-20 20:54:15.518  1914  1914 D SubscriptionController: notifySubscriptionInfoChanged:
02-20 20:54:15.519  1677  1677 I GnssLocationProvider: WakeLock acquired by sendMessage(12, 0, null)
02-20 20:54:15.531  1914  1914 D SubscriptionController: [getActiveSubscriptionInfo]+ subId=1 subInfo={id=1, iccId=89014103211118510720 simSlotIndex=0 displayName=Android carrierName=Android nameSource=0 iconTint=-16746133 dataRoaming=0 iconBitmap=android.graphics.Bitmap@8bd39 mcc 310 mnc 260}
02-20 20:54:15.532  1914  1914 D SubscriptionInfoUpdater: sim name = Android
02-20 20:54:15.605     0     0 D ieee80211 phy0: hw scan complete
02-20 20:54:15.606     0     0 D ieee80211 phy0: hwsim hw_scan request
02-20 20:54:15.606     0     0 D ieee80211 phy0: hw scan 5180 MHz
02-20 20:54:15.576  1914  1914 D SubscriptionInfoUpdater: Broadcasting intent ACTION_SIM_STATE_CHANGED LOADED reason null for mCardIndex: 0
02-20 20:54:15.577  1677  1677 D WifiService: resetting networks because SIM was loaded
02-20 20:54:15.577  1677  1733 D WifiStateMachine: resetting EAP-SIM/AKA/AKA' networks since SIM was changed
02-20 20:54:15.577  1914  1914 D CarrierConfigLoader: update config for phoneId: 0 simState: LOADED
02-20 20:54:15.577  1914  1914 D CarrierSvcBindHelper: update binding for phoneId: 0 simState: LOADED
02-20 20:54:15.586  2146  2235 D EGL_emulation: eglMakeCurrent: 0x7c3078064320: ver 3 0 (tinfo 0x7c307800c9e0)
02-20 20:54:15.587  1765  1765 I OpaLayout: Setting opa enabled to false
02-20 20:54:15.600  1765  1765 I OpaLayout: Setting opa enabled to false
02-20 20:54:15.602  1914  1914 D SubscriptionController: [getActiveSubscriptionInfo]+ subId=1 subInfo={id=1, iccId=89014103211118510720 simSlotIndex=0 displayName=Android carrierName=Android nameSource=0 iconTint=-16746133 dataRoaming=0 iconBitmap=android.graphics.Bitmap@cfccd2c mcc 310 mnc 260}
02-20 20:54:15.634  1677  2171 I Telecom : PhoneAccountRegistrar: [ComponentInfo{com.android.phone/com.android.services.telephony.TelephonyConnectionService}, [e0184adedf913b076626646d3f52c3b49c39ad6d], UserHandle{0}(icon: Icon(typ=BITMAP size=76x96) -> Icon(typ=BITMAP size=76x96))]: TSI.rPA@AA8
02-20 20:54:15.636  1677  2171 I Telecom : : Sending phone-account registered intent as user: TSI.rPA@AA8
02-20 20:54:15.637  2084  2084 W System  : ClassLoader referenced unknown path: /system/priv-app/PrebuiltGmsCore/lib/x86_64
02-20 20:54:15.637  2084  2084 W System  : ClassLoader referenced unknown path: /system/priv-app/PrebuiltGmsCore/lib/x86_64
02-20 20:54:15.638  1914  1914 I Telephony: PstnIncomingCallNotifier: Unregistering: Handler (com.android.internal.telephony.GsmCdmaPhone) {354991f}
02-20 20:54:15.658  1914  1914 D SubscriptionController: [getActiveSubscriptionInfo]+ subId=1 subInfo={id=1, iccId=89014103211118510720 simSlotIndex=0 displayName=Android carrierName=Android nameSource=0 iconTint=-16746133 dataRoaming=0 iconBitmap=android.graphics.Bitmap@c47da71 mcc 310 mnc 260}
02-20 20:54:15.659  1677  1698 I am_activity_launch_time: [0,43730731,com.google.android.apps.nexuslauncher/.NexusLauncherActivity,1377,1377]
02-20 20:54:15.659  1677  1698 I ActivityManager: Displayed com.google.android.apps.nexuslauncher/.NexusLauncherActivity: +1s377ms
02-20 20:54:15.661  2084  2084 W System  : ClassLoader referenced unknown path: /system/priv-app/PrebuiltGmsCore/lib/x86_64
02-20 20:54:15.661  2084  2084 W System  : ClassLoader referenced unknown path: /system/priv-app/PrebuiltGmsCore/lib/x86_64
02-20 20:54:15.720     0     0 D ieee80211 phy0: hw scan 5200 MHz
02-20 20:54:15.673  1677  1689 I Telecom : PhoneAccountRegistrar: New phone account registered: [[ ] PhoneAccount: ComponentInfo{com.android.phone/com.android.services.telephony.TelephonyConnectionService}, [e2f7d48dd2b5ca523e7313cf4ba0f6ea830b6281], UserHandle{0} Capabilities: CallProvider MultiUser PlaceEmerg SimSub  Schemes: tel voicemail  Extras: null GroupId: [da39a3ee5e6b4b0d3255bfef95601890afd80709]]: TSI.rPA@ABA
02-20 20:54:15.675  1677  1689 I Telecom : : Sending phone-account registered intent as user: TSI.rPA@ABA
02-20 20:54:15.676  1914  1914 I Telephony: AccountEntry: Registered phoneAccount: [[ ] PhoneAccount: ComponentInfo{com.android.phone/com.android.services.telephony.TelephonyConnectionService}, [e2f7d48dd2b5ca523e7313cf4ba0f6ea830b6281], UserHandle{0} Capabilities: CallProvider MultiUser PlaceEmerg SimSub  Schemes: tel voicemail  Extras: null GroupId: [da39a3ee5e6b4b0d3255bfef95601890afd80709]] with handle: ComponentInfo{com.android.phone/com.android.services.telephony.TelephonyConnectionService}, [e2f7d48dd2b5ca523e7313cf4ba0f6ea830b6281], UserHandle{0}
02-20 20:54:15.676  1914  1914 I Telephony: PstnIncomingCallNotifier: Registering: Handler (com.android.internal.telephony.GsmCdmaPhone) {354991f}
02-20 20:54:15.677  1914  1914 I Telephony: TelecomAccountRegistry: Unregistering phone account ComponentInfo{com.android.phone/com.android.services.telephony.TelephonyConnectionService}, [e0184adedf913b076626646d3f52c3b49c39ad6d], UserHandle{0}.
02-20 20:54:15.679  2084  2084 W linker  : /data/user_de/0/com.google.android.gms/app_extracted_libs/x86_64/libconscrypt_gmscore_jni.so: unused DT entry: type 0xf arg 0x12a
02-20 20:54:15.680  1677  1688 I Telecom : : Sending phone-account unregistered intent as user: TSI.uPA@ABI
02-20 20:54:15.681  1914  1914 D DCT     : [0]onRecordsLoadedOrSubIdChanged: createAllApnList
02-20 20:54:15.681  1914  1914 D DCT     : [0]createAllApnList: selection=numeric = '310260'
02-20 20:54:15.683  1914  1914 D DCT     : [0]createApnList: X result=[[ApnSettingV3] T-Mobile US, 1, 310260, epc.tmobile.com, , http://mms.msg.eng.t-mobile.com/mms/wapenc, , , , -1, *, IP, IP, true, 0, 0, 0, false, 0, 0, 0, 0, , , false]
02-20 20:54:15.683  1914  1914 D TelephonyProvider: subIdString = 1 subId = 1
02-20 20:54:15.691  2084  2084 V NativeCrypto: Registering com/google/android/gms/org/conscrypt/NativeCrypto's 276 native methods...
02-20 20:54:15.699  1914  1914 D DCT     : [0]getPreferredApn: mRequestedApnType=default cursor=android.content.ContentResolver$CursorWrapperInner@c4a6be2 cursor.count=1
02-20 20:54:15.699  1914  1914 D DCT     : [0]getPreferredApn: apnSetting=[ApnSettingV3] T-Mobile US, 1, 310260, epc.tmobile.com, , http://mms.msg.eng.t-mobile.com/mms/wapenc, , , , -1, *, IP, IP, true, 0, 0, 0, false, 0, 0, 0, 0, , , false
02-20 20:54:15.699  1914  1914 D DCT     : [0]getPreferredApn: X found apnSetting[ApnSettingV3] T-Mobile US, 1, 310260, epc.tmobile.com, , http://mms.msg.eng.t-mobile.com/mms/wapenc, , , , -1, *, IP, IP, true, 0, 0, 0, false, 0, 0, 0, 0, , , false
02-20 20:54:15.699  1914  1914 D DCT     : [0]createAllApnList: mPreferredApn=[ApnSettingV3] T-Mobile US, 1, 310260, epc.tmobile.com, , http://mms.msg.eng.t-mobile.com/mms/wapenc, , , , -1, *, IP, IP, true, 0, 0, 0, false, 0, 0, 0, 0, , , false
02-20 20:54:15.699  1914  1914 D DCT     : [0]createAllApnList: X mAllApnSettings=[[ApnSettingV3] T-Mobile US, 1, 310260, epc.tmobile.com, , http://mms.msg.eng.t-mobile.com/mms/wapenc, , , , -1, *, IP, IP, true, 0, 0, 0, false, 0, 0, 0, 0, , , false]
02-20 20:54:15.699  1914  1914 D DCT     : [0]setDataProfilesAsNeeded
02-20 20:54:15.699  1914  1914 D DCT     : [0]setInitialApn: E mPreferredApn=[ApnSettingV3] T-Mobile US, 1, 310260, epc.tmobile.com, , http://mms.msg.eng.t-mobile.com/mms/wapenc, , , , -1, *, IP, IP, true, 0, 0, 0, false, 0, 0, 0, 0, , , false
02-20 20:54:15.700  1914  1914 D DCT     : [0]setInitialApn: firstApnSetting=[ApnSettingV3] T-Mobile US, 1, 310260, epc.tmobile.com, , http://mms.msg.eng.t-mobile.com/mms/wapenc, , , , -1, *, IP, IP, true, 0, 0, 0, false, 0, 0, 0, 0, , , false
02-20 20:54:15.700  1914  1914 D DCT     : [0]setInitialApn: defaultApnSetting=[ApnSettingV3] T-Mobile US, 1, 310260, epc.tmobile.com, , http://mms.msg.eng.t-mobile.com/mms/wapenc, , , , -1, *, IP, IP, true, 0, 0, 0, false, 0, 0, 0, 0, , , false
02-20 20:54:15.700  1914  1914 D DCT     : [0]setInitialAttachApn: using mPreferredApn
02-20 20:54:15.700  1914  1914 D DCT     : [0]setInitialAttachApn: X selected Apn=[ApnSettingV3] T-Mobile US, 1, 310260, epc.tmobile.com, , http://mms.msg.eng.t-mobile.com/mms/wapenc, , , , -1, *, IP, IP, true, 0, 0, 0, false, 0, 0, 0, 0, , , false
02-20 20:54:15.700  1914  1914 D RILJ    : Set RIL_REQUEST_SET_INITIAL_ATTACH_APN [SUB0]
02-20 20:54:15.700  1914  1914 D RILJ    : [3737]> RIL_REQUEST_SET_INITIAL_ATTACH_APN, apn:epc.tmobile.com, protocol:IP, authType:-1, username:none, password:none [SUB0]
02-20 20:54:15.700  1373  1492 D RIL     : onRequest: RIL_REQUEST_SET_INITIAL_ATTACH_APN
02-20 20:54:15.700  1373  1492 D RIL     : Request not supported. Tech: 1
02-20 20:54:15.701  1914  1990 D RilRequest: [3737]< RIL_REQUEST_SET_INITIAL_ATTACH_APN error: com.android.internal.telephony.CommandException: REQUEST_NOT_SUPPORTED ret=
02-20 20:54:15.701  1914  1914 D DCT     : [0]onRecordsLoadedOrSubIdChanged: notifying data availability
02-20 20:54:15.702  1677  2125 D TelephonyRegistry: Notify data connection state changed on sub: 1
02-20 20:54:15.728  1914  1914 D DCT     : [0]setupDataOnConnectableApns: simLoaded hipri:[state=IDLE,enabled=false] mms:[state=IDLE,enabled=false] supl:[state=IDLE,enabled=false] ia:[state=IDLE,enabled=false] fota:[state=IDLE,enabled=false] ims:[state=IDLE,enabled=false] cbs:[state=IDLE,enabled=false] default:[state=IDLE,enabled=false] emergency:[state=IDLE,enabled=false] 
02-20 20:54:15.730  1914  2176 D SST     : SST.getAllCellInfo(): return last, back to back calls
02-20 20:54:15.731  1914  1914 D SST     : SubscriptionListener.onSubscriptionInfoChanged
02-20 20:54:15.731  1914  1914 D PhoneFactory: calculatePreferredNetworkType: phoneSubId = 1 networkType = 0
02-20 20:54:15.731  1914  1914 D Phone   : setPreferredNetworkType: Abort, unknown RAF: 1 101902
02-20 20:54:15.732  1914  1914 D Phone   : setNetworkSelectionModeAutomatic, querying current mode
02-20 20:54:15.732  1914  1914 D RILJ    : [3738]> QUERY_NETWORK_SELECTION_MODE [SUB0]
02-20 20:54:15.732  1373  1492 D RIL     : onRequest: QUERY_NETWORK_SELECTION_MODE
02-20 20:54:15.732  1373  1492 D AT      : AT> AT+COPS?
02-20 20:54:15.732  1914  1914 D TelephonyManager: setTelephonyProperty: success phoneId=0 property=gsm.network.type value: LTE propVal=LTE
02-20 20:54:15.732  1373  1495 D AT      : AT< +COPS: 0,2,310260
02-20 20:54:15.732  1373  1495 D AT      : AT< OK
02-20 20:54:15.732  1914  1990 D RILJ    : [3738]< QUERY_NETWORK_SELECTION_MODE {0} [SUB0]
02-20 20:54:15.733  1914  1914 D SubscriptionController: [setCarrierText]+ text:Android subId:1
02-20 20:54:15.733  1914  1945 D SST     : SST.getAllCellInfo(): return last, back to back calls
02-20 20:54:15.733  1914  1945 D SST     : SST.getAllCellInfo(): return last, back to back calls
02-20 20:54:15.762  2084  2084 D NetworkSecurityConfig: No Network Security Config specified, using platform default
02-20 20:54:15.763  1914  1914 D SubscriptionController: notifySubscriptionInfoChanged:
02-20 20:54:15.763  1677  1677 I GnssLocationProvider: WakeLock acquired by sendMessage(12, 0, null)
02-20 20:54:15.764  2084  2084 I ProviderInstaller: Installed default security provider GmsCore_OpenSSL
02-20 20:54:15.775  1914  1914 D SIMRecords: [SIMRecords] getServiceProviderName: no brandOverride, providerName=Android
02-20 20:54:15.775  1914  1914 D SIMRecords: [SIMRecords] getServiceProviderName: no brandOverride, providerName=Android
02-20 20:54:15.775  1914  1914 D SST     : updateSpnDisplay: changed sending intent rule=1 showPlmn='false' plmn='Android' showSpn='true' spn='Android' dataSpn='Android' subId='1'
02-20 20:54:15.780  1914  1914 D SubscriptionController: [setCarrierText]+ text:Android subId:1
02-20 20:54:15.840     0     0 D ieee80211 phy0: hw scan 5220 MHz
02-20 20:54:15.795  1914  1914 D SubscriptionController: notifySubscriptionInfoChanged:
02-20 20:54:15.805  1677  1677 I GnssLocationProvider: WakeLock acquired by sendMessage(12, 0, null)
02-20 20:54:15.807  1914  1914 D SIMRecords: [SIMRecords]  VoiceMessageCount from SIM MWIS = 0
02-20 20:54:15.807  1914  1914 D Phone   : getStoredVoiceMessageCount: from preference for subId 1= 0
02-20 20:54:15.807  1914  1914 D GsmCdmaPhone: [GsmCdmaPhone] updateVoiceMail countVoiceMessages = 0 subId 1
02-20 20:54:15.807  1914  1914 D Phone   : setVoiceMessageCount: Storing Voice Mail Count = 0 for mVmCountKey = vm_count_key1 in preferences.
02-20 20:54:15.808  1914  1914 D DCT     : [0]SubscriptionListener.onSubscriptionInfoChanged
02-20 20:54:15.809  1914  1914 D DCT     : [0]onRecordsLoadedOrSubIdChanged: createAllApnList
02-20 20:54:15.809  1914  1914 D DCT     : [0]createAllApnList: selection=numeric = '310260'
