02-20 20:54:12.320  1267  1302 V vold    : 
02-20 20:54:12.321  1677  1722 D VoldConnector: RCV <- {650 public:253,64 0 "disk:253,64" ""}
02-20 20:54:12.328  1677  1722 D VoldConnector: RCV <- {651 public:253,64 0}
02-20 20:54:12.328  1677  1722 D VoldConnector: RCV <- {643 disk:253,64}
02-20 20:54:12.328  1677  1722 D VoldConnector: RCV <- {200 3 Command succeeded}
02-20 20:54:12.328  1677  1721 D VoldConnector: SND -> {4 volume user_added 0 0}
02-20 20:54:12.332  1677  1722 D VoldConnector: RCV <- {200 4 Command succeeded}
02-20 20:54:12.346  1677  1781 E WVMExtractor: Failed to open libwvm.so: dlopen failed: library "libwvm.so" not found
02-20 20:54:12.372     0     0 D ieee80211 phy1: hw scan 2427 MHz
02-20 20:54:12.381  1677  1677 W ActivityManager: Slow operation: 77ms so far, now at startProcess: returned from zygote!
02-20 20:54:12.381  1677  1677 W ActivityManager: Slow operation: 77ms so far, now at startProcess: done updating battery stats
02-20 20:54:12.381  1677  1677 I am_proc_start: [0,1792,1037,WebViewLoader-x86,,]
02-20 20:54:12.381  1677  1677 W ActivityManager: Slow operation: 77ms so far, now at startProcess: building log message
02-20 20:54:12.381  1677  1677 I ActivityManager: Start proc 1792:WebViewLoader-x86/1037 [android.webkit.WebViewFactory$RelroFileCreator] for 
02-20 20:54:12.381  1677  1677 W ActivityManager: Slow operation: 77ms so far, now at startProcess: starting to update pids map
02-20 20:54:12.381  1677  1677 W ActivityManager: Slow operation: 77ms so far, now at startProcess: done updating pids map
02-20 20:54:12.381  1677  1677 W ActivityManager: Slow operation: 77ms so far, now at startProcess: done starting proc!
02-20 20:54:12.396  1677  1677 I am_proc_start: [0,1797,1037,WebViewLoader-x86_64,,]
02-20 20:54:12.397  1677  1677 I ActivityManager: Start proc 1797:WebViewLoader-x86_64/1037 [android.webkit.WebViewFactory$RelroFileCreator] for 
02-20 20:54:12.397  1677  1677 D NetworkManagement: enabling bandwidth control
02-20 20:54:12.398  1677  1688 I am_proc_bound: [0,1765,com.android.systemui]
02-20 20:54:12.398  1677  1721 D VoldConnector: SND -> {5 volume mount emulated 3 -1}
02-20 20:54:12.402  1677  1722 D VoldConnector: RCV <- {651 emulated 1}
02-20 20:54:12.402  1677  1722 D VoldConnector: RCV <- {656 emulated /data/media}
02-20 20:54:12.402  1677  1722 D VoldConnector: RCV <- {655 emulated /storage/emulated}
02-20 20:54:12.403  1267  1302 V vold    : Waiting for FUSE to spin up...
02-20 20:54:12.412  1765  1765 W System  : ClassLoader referenced unknown path: /system/priv-app/SystemUIGoogle/lib/x86_64
02-20 20:54:12.421  1797  1797 W art     : Unexpected CPU variant for X86 using defaults: x86_64
02-20 20:54:12.445  1371  1371 I MediaPlayerService: MediaPlayerService::getOMX
02-20 20:54:12.445  1797  1797 V WebViewFactory: RelroFileCreator (64bit = true),  32-bit lib: /system/app/Chrome/Chrome.apk!/lib/x86/libmonochrome.so, 64-bit lib: /system/app/Chrome/Chrome.apk!/lib/x86_64/libmonochrome.so
02-20 20:54:12.446  1371  1371 I OMXClient: MuxOMX ctor
02-20 20:54:12.448  1371  1371 I MediaPlayerService: MediaPlayerService::getOMX
02-20 20:54:12.449  1371  1371 I OMXClient: MuxOMX ctor
02-20 20:54:12.449  1368  1368 I OMXMaster: makeComponentInstance(OMX.google.mp3.decoder) in mediacodec process
02-20 20:54:12.456  1267  1302 V vold    : Waiting for FUSE to spin up...
02-20 20:54:12.458  1803  1803 W sdcard  : Device explicitly disabled sdcardfs
02-20 20:54:12.459  1792  1792 W art     : Unexpected CPU variant for X86 using defaults: x86
02-20 20:54:12.474     0     0 D SELinux : initialized (dev fuse, type fuse), uses genfs_contexts
02-20 20:54:12.481     0     0 D SELinux : initialized (dev fuse, type fuse), uses genfs_contexts
02-20 20:54:12.489     0     0 D SELinux : initialized (dev fuse, type fuse), uses genfs_contexts
02-20 20:54:12.490     0     0 D ieee80211 phy1: hw scan 2432 MHz
02-20 20:54:12.500  1756  1756 I LatinIME: Hardware accelerated drawing: true
02-20 20:54:12.509  1677  1722 D VoldConnector: RCV <- {651 emulated 2}
02-20 20:54:12.509  1677  1722 D VoldConnector: RCV <- {200 5 Command succeeded}
02-20 20:54:12.509  1677  1721 D VoldConnector: SND -> {6 volume mount public:253,64 2 0}
02-20 20:54:12.509  1267  1302 V vold    : /system/bin/blkid
02-20 20:54:12.509  1267  1302 V vold    :     -c
02-20 20:54:12.509  1267  1302 V vold    :     /dev/null
02-20 20:54:12.509  1267  1302 V vold    :     -s
02-20 20:54:12.509  1267  1302 V vold    :     TYPE
02-20 20:54:12.509  1267  1302 V vold    :     -s
02-20 20:54:12.509  1267  1302 V vold    :     UUID
02-20 20:54:12.509  1267  1302 V vold    :     -s
02-20 20:54:12.509  1267  1302 V vold    :     LABEL
02-20 20:54:12.509  1267  1302 V vold    :     /dev/block/vold/public:253,64
02-20 20:54:12.509  1677  1722 D VoldConnector: RCV <- {651 public:253,64 1}
02-20 20:54:12.540  1792  1792 V WebViewFactory: RelroFileCreator (64bit = false),  32-bit lib: /system/app/Chrome/Chrome.apk!/lib/x86/libmonochrome.so, 64-bit lib: /system/app/Chrome/Chrome.apk!/lib/x86_64/libmonochrome.so
02-20 20:54:12.558  1267  1302 V vold    : /dev/block/vold/public:253,64: LABEL="SDCARD" UUID="1E12-0B12" TYPE="vfat" 
02-20 20:54:12.558  1267  1302 V vold    : 
02-20 20:54:12.611     0     0 D ieee80211 phy1: hw scan 2437 MHz
02-20 20:54:12.564  1267  1302 V vold    : /system/bin/fsck_msdos
02-20 20:54:12.564  1267  1302 V vold    :     -p
02-20 20:54:12.564  1267  1302 V vold    :     -f
02-20 20:54:12.564  1267  1302 V vold    :     /dev/block/vold/public:253,64
02-20 20:54:12.564  1677  1722 D VoldConnector: RCV <- {652 public:253,64 vfat}
02-20 20:54:12.565  1677  1722 D VoldConnector: RCV <- {653 public:253,64 1E12-0B12}
02-20 20:54:12.565  1677  1722 D VoldConnector: RCV <- {654 public:253,64 SDCARD}
02-20 20:54:12.571  1371  1371 I MediaPlayerService: MediaPlayerService::getOMX
02-20 20:54:12.571  1371  1371 I OMXClient: MuxOMX ctor
02-20 20:54:12.571  1368  1838 I OMXMaster: makeComponentInstance(OMX.google.amrnb.decoder) in mediacodec process
02-20 20:54:12.582  1371  1371 I MediaPlayerService: MediaPlayerService::getOMX
02-20 20:54:12.582  1371  1371 I OMXClient: MuxOMX ctor
02-20 20:54:12.583  1368  1389 I OMXMaster: makeComponentInstance(OMX.google.amrwb.decoder) in mediacodec process
02-20 20:54:12.628  1371  1371 I MediaPlayerService: MediaPlayerService::getOMX
02-20 20:54:12.629  1371  1371 I OMXClient: MuxOMX ctor
02-20 20:54:12.629  1368  1838 I OMXMaster: makeComponentInstance(OMX.google.aac.decoder) in mediacodec process
02-20 20:54:12.633  1267  1302 I fsck_msdos: ** /dev/block/vold/public:253,64
02-20 20:54:12.634  1267  1302 I fsck_msdos: ** Phase 1 - Read and Compare FATs
02-20 20:54:12.634  1267  1302 I fsck_msdos: Attempting to allocate 1022 KB for FAT
02-20 20:54:12.641  1677  1732 D WifiController: DEFERRED_TOGGLE handled
02-20 20:54:12.654  1765  1765 V SystemUIService: Starting SystemUI services for user 0.
02-20 20:54:12.662  1371  1371 I MediaPlayerService: MediaPlayerService::getOMX
02-20 20:54:12.662  1371  1371 I OMXClient: MuxOMX ctor
02-20 20:54:12.662  1368  1838 I OMXMaster: makeComponentInstance(OMX.google.g711.alaw.decoder) in mediacodec process
02-20 20:54:12.673  1267  1302 I fsck_msdos: Attempting to allocate 1022 KB for FAT
02-20 20:54:12.715  1756  1756 W InputAttributes: No editor info for this field. Bug?
02-20 20:54:12.724  1677  1677 W NetworkManagement: setDataSaverMode(): already false
02-20 20:54:12.725  1372  1674 D SoftapController: Softap fwReload - Ok
02-20 20:54:12.731  1372  1674 D CommandListener: Setting iface cfg
02-20 20:54:12.731  1372  1674 D CommandListener: Trying to bring down wlan0
02-20 20:54:12.730     0     0 D ieee80211 phy1: hw scan 2442 MHz
02-20 20:54:12.740     0     0 I init    : Starting service 'wpa_supplicant'...
02-20 20:54:12.826     0     0 W FAT-fs (vde): Volume was not properly unmounted. Some data may be corrupt. Please run fsck.
02-20 20:54:12.827     0     0 D SELinux : initialized (dev vde, type vfat), uses genfs_contexts
02-20 20:54:12.838     0     0 D SELinux : initialized (dev fuse, type fuse), uses genfs_contexts
02-20 20:54:12.733  1372  1674 D CommandListener: Clearing all IP addresses on wlan0
02-20 20:54:12.734  1677  1733 E WifiMonitor: killSupplicant p2pfalse init.svc.wpa_supplicant=unknown init.svc.p2p_supplicant=unknown
02-20 20:54:12.735  1677  1733 E wifi    : Can not initialize the vendor function pointer table
02-20 20:54:12.735  1677  1733 E WifiNative-HAL: Could not start hal
02-20 20:54:12.736  1677  1733 E WifiStateMachine: Failed to start HAL
02-20 20:54:12.752  1797  1797 I art     : System.exit called, status: 0
02-20 20:54:12.752  1797  1797 I AndroidRuntime: VM exiting with result code 0, cleanup skipped.
02-20 20:54:12.752  1765  1765 V MediaRouter: Adding route: RouteInfo{ name=Phone, description=null, status=null, category=RouteCategory{ name=null types=ROUTE_TYPE_LIVE_AUDIO ROUTE_TYPE_LIVE_VIDEO  groupable=false }, supportedTypes=ROUTE_TYPE_LIVE_AUDIO ROUTE_TYPE_LIVE_VIDEO , presentationDisplay=null }
02-20 20:54:12.754  1765  1765 V MediaRouter: Updating audio routes: AudioRoutesInfo{ type=SPEAKER }
02-20 20:54:12.755  1765  1765 V MediaRouter: Selecting route: RouteInfo{ name=Phone, description=null, status=null, category=RouteCategory{ name=null types=ROUTE_TYPE_LIVE_AUDIO ROUTE_TYPE_LIVE_VIDEO  groupable=false }, supportedTypes=ROUTE_TYPE_LIVE_AUDIO ROUTE_TYPE_LIVE_VIDEO , presentationDisplay=null }
02-20 20:54:12.780  1792  1792 I art     : System.exit called, status: 0
02-20 20:54:12.780  1792  1792 I AndroidRuntime: VM exiting with result code 0, cleanup skipped.
02-20 20:54:12.785  1267  1302 I fsck_msdos: ** Phase 2 - Check Cluster Chains
02-20 20:54:12.787  1756  1858 I LatinIME:LogUtils: Dictionary info: dictionary = userunigram.en_US ; version = 1519160052 ; date = ?
02-20 20:54:12.787  1267  1302 I fsck_msdos: ** Phase 3 - Checking Directories
02-20 20:54:12.788  1267  1302 I fsck_msdos: ** Phase 4 - Checking for Lost Files
02-20 20:54:12.788  1756  1858 E ActivityThread: Failed to find provider info for user_dictionary
02-20 20:54:12.788  1756  1858 I LatinIME:LogUtils: Dictionary info: dictionary = UserHistoryDictionary.en_US ; version = 1519160052 ; date = ?
02-20 20:54:12.789  1677  1791 D TelephonyRegistry: listen oscl: hasNotifySubscriptionInfoChangedOccurred==false no callback
02-20 20:54:12.795  1267  1302 I fsck_msdos: 27 files, 522176 free (261088 clusters)
02-20 20:54:12.805  1371  1371 I MediaPlayerService: MediaPlayerService::getOMX
02-20 20:54:12.805  1371  1371 I OMXClient: MuxOMX ctor
02-20 20:54:12.805  1368  1389 I OMXMaster: makeComponentInstance(OMX.google.g711.mlaw.decoder) in mediacodec process
02-20 20:54:12.813  1267  1302 I Vold    : Filesystem check completed OK
02-20 20:54:12.813  1677  1722 D VoldConnector: RCV <- {656 public:253,64 /mnt/media_rw/1E12-0B12}
02-20 20:54:12.813  1677  1722 D VoldConnector: RCV <- {655 public:253,64 /storage/1E12-0B12}
02-20 20:54:12.828  1267  1302 V vold    : Waiting for FUSE to spin up...
02-20 20:54:12.834  1863  1863 W sdcard  : Device explicitly disabled sdcardfs
02-20 20:54:12.838  1371  1371 I MediaPlayerService: MediaPlayerService::getOMX
02-20 20:54:12.838  1371  1371 I OMXClient: MuxOMX ctor
02-20 20:54:12.839  1368  1389 I OMXMaster: makeComponentInstance(OMX.google.vorbis.decoder) in mediacodec process
02-20 20:54:12.855     0     0 D ieee80211 phy1: hw scan 2447 MHz
02-20 20:54:12.855     0     0 D SELinux : initialized (dev fuse, type fuse), uses genfs_contexts
02-20 20:54:12.856     0     0 D SELinux : initialized (dev fuse, type fuse), uses genfs_contexts
02-20 20:54:12.871  1677  1733 D WifiMonitor: startMonitoring(wlan0) with mConnected = false
02-20 20:54:12.875  1371  1371 I MediaPlayerService: MediaPlayerService::getOMX
02-20 20:54:12.877  1371  1371 I OMXClient: MuxOMX ctor
02-20 20:54:12.877  1368  1389 I OMXMaster: makeComponentInstance(OMX.google.opus.decoder) in mediacodec process
02-20 20:54:12.882  1677  1722 D VoldConnector: RCV <- {651 public:253,64 2}
02-20 20:54:12.883  1677  1722 D VoldConnector: RCV <- {200 6 Command succeeded}
02-20 20:54:12.885  1859  1859 I wpa_supplicant: Successfully initialized wpa_supplicant
02-20 20:54:12.893  1859  1859 I wpa_supplicant: rfkill: Cannot open RFKILL control device
02-20 20:54:12.893  1859  1859 I wpa_supplicant: nl80211: Could not re-add multicast membership for vendor events: -2 (No such file or directory)
02-20 20:54:12.898  1765  1878 E WVMExtractor: Failed to open libwvm.so: dlopen failed: library "libwvm.so" not found
02-20 20:54:12.893     0     0 D ieee80211 phy0: mac80211_hwsim_start
02-20 20:54:12.893     0     0 D ieee80211 phy0: mac80211_hwsim_add_interface (type=2 mac_addr=02:00:00:44:55:66)
02-20 20:54:12.893     0     0 D ieee80211 phy0: mac80211_hwsim_bss_info_changed(changed=0xe)
02-20 20:54:12.893     0     0 D ieee80211 phy0: ERP_CTS_PROT: 0
02-20 20:54:12.893     0     0 D ieee80211 phy0: ERP_PREAMBLE: 0
02-20 20:54:12.893     0     0 D ieee80211 phy0: ERP_SLOT: 0
02-20 20:54:12.893     0     0 D ieee80211 phy0: mac80211_hwsim_conf_tx (queue=0 txop=0 cw_min=15 cw_max=1023 aifs=2)
02-20 20:54:12.893     0     0 D ieee80211 phy0: mac80211_hwsim_conf_tx (queue=1 txop=0 cw_min=15 cw_max=1023 aifs=2)
02-20 20:54:12.893     0     0 D ieee80211 phy0: mac80211_hwsim_conf_tx (queue=2 txop=0 cw_min=15 cw_max=1023 aifs=2)
02-20 20:54:12.893     0     0 D ieee80211 phy0: mac80211_hwsim_conf_tx (queue=3 txop=0 cw_min=15 cw_max=1023 aifs=2)
02-20 20:54:12.893     0     0 D ieee80211 phy0: mac80211_hwsim_bss_info_changed(changed=0x2000)
02-20 20:54:12.893     0     0 D ieee80211 phy0: mac80211_hwsim_config (freq=0 idle=0 ps=0 smps=auto)
02-20 20:54:12.893     0     0 I IPv6    : ADDRCONF(NETDEV_UP): wlan0: link is not ready
02-20 20:54:12.894     0     0 D ieee80211 phy0: mac80211_hwsim_configure_filter
02-20 20:54:12.905  1677  1677 D NetworkPolicy: setRestrictBackgroundUL(): false
02-20 20:54:12.906  1677  1677 W NetworkManagement: setDataSaverMode(): already false
02-20 20:54:12.907  1756  1858 I LatinIME:LogUtils: Dictionary info: dictionary = main:en ; version = 54 ; date = 1414726273
02-20 20:54:12.915  1371  1371 I MediaPlayerService: MediaPlayerService::getOMX
02-20 20:54:12.915  1371  1371 I OMXClient: MuxOMX ctor
02-20 20:54:12.915  1368  1389 I OMXMaster: makeComponentInstance(OMX.google.raw.decoder) in mediacodec process
02-20 20:54:12.917  1371  1371 I MediaPlayerService: MediaPlayerService::getOMX
02-20 20:54:12.918  1371  1371 I OMXClient: MuxOMX ctor
02-20 20:54:12.918  1368  1838 I OMXMaster: makeComponentInstance(OMX.google.aac.encoder) in mediacodec process
02-20 20:54:12.924  1371  1371 I MediaPlayerService: MediaPlayerService::getOMX
02-20 20:54:12.924  1371  1371 I OMXClient: MuxOMX ctor
02-20 20:54:12.924  1368  1368 I OMXMaster: makeComponentInstance(OMX.google.amrnb.encoder) in mediacodec process
02-20 20:54:12.927  1371  1371 I MediaPlayerService: MediaPlayerService::getOMX
02-20 20:54:12.927  1371  1371 I OMXClient: MuxOMX ctor
02-20 20:54:12.927  1368  1389 I OMXMaster: makeComponentInstance(OMX.google.amrwb.encoder) in mediacodec process
02-20 20:54:12.931  1371  1371 I MediaPlayerService: MediaPlayerService::getOMX
02-20 20:54:12.931  1371  1371 I OMXClient: MuxOMX ctor
02-20 20:54:12.931  1368  1838 I OMXMaster: makeComponentInstance(OMX.google.flac.encoder) in mediacodec process
02-20 20:54:12.952  1859  1859 E wpa_supplicant: global ctrl interface @android:wpa_wlan0 matches ctrl interface wlan0 - do not open per-interface ctrl interface
02-20 20:54:12.955  1677  1733 D WifiConfigManager: Loading config and enabling all networks 
02-20 20:54:12.969  1677  1733 W WifiNetworkHistory: Upgrading network 0 to android.uid.system:1000
02-20 20:54:12.969  1677  1733 D WifiConfigManager: loaded 0 passpoint configs
02-20 20:54:12.969  1677  1733 E IpConfigStore: Error parsing configuration: java.io.FileNotFoundException: /data/misc/wifi/ipconfig.txt (No such file or directory)
02-20 20:54:12.982  1677  1733 D WifiNative-HAL: Setting external_sim to 1
02-20 20:54:12.970     0     0 D ieee80211 phy1: hw scan 2452 MHz
02-20 20:54:12.982  1677  1733 D WifiStateMachine: Setting OUI to DA-A1-19
02-20 20:54:12.984  1677  1733 I WifiConnectivityManager: PNO settings: min5GHzRssi -82 min24GHzRssi -85 currentConnectionBonus 16 sameNetworkBonus 24 secureNetworkBonus 80 initialScoreMax 100
02-20 20:54:12.985  1677  1733 I WifiConnectivityManager: ConnectivityScanManager initialized and disabled
02-20 20:54:12.985  1677  1733 I WifiConnectivityManager: setUntrustedConnectionAllowed: allowed=false
02-20 20:54:12.985  1677  1733 E WifiLogger: no ring buffers found
02-20 20:54:12.985  1677  1733 E WifiLogger: Failed to start packet fate monitoring
02-20 20:54:12.993  1371  1371 I MediaPlayerService: MediaPlayerService::getOMX
02-20 20:54:12.993  1371  1371 I OMXClient: MuxOMX ctor
02-20 20:54:12.993  1368  1838 I OMXMaster: makeComponentInstance(OMX.google.gsm.decoder) in mediacodec process
02-20 20:54:13.008  1677  1733 I WifiConnectivityManager: Set WiFi enabled
02-20 20:54:13.008  1677  1733 I WifiConnectivityManager: scheduleWatchdogTimer
02-20 20:54:13.009  1677  1733 D WifiNative-HAL: Failing getSupportedFeatureset because HAL isn't started
02-20 20:54:13.020  1677  1694 E BatteryStatsService: no controller energy info supplied
02-20 20:54:13.020  1677  1694 E KernelCpuSpeedReader: Failed to read cpu-freq: /sys/devices/system/cpu/cpu0/cpufreq/stats/time_in_state (No such file or directory)
02-20 20:54:13.020  1677  1694 E KernelUidCpuTimeReader: Failed to read uid_cputime: /proc/uid_cputime/show_uid_stat (No such file or directory)
02-20 20:54:13.021  1677  1733 D WifiNative-HAL: Failing getSupportedFeatureset because HAL isn't started
02-20 20:54:13.022  1677  1694 E BatteryStatsService: no controller energy info supplied
02-20 20:54:13.022  1677  1694 E KernelCpuSpeedReader: Failed to read cpu-freq: /sys/devices/system/cpu/cpu0/cpufreq/stats/time_in_state (No such file or directory)
02-20 20:54:13.022  1677  1694 E KernelUidCpuTimeReader: Failed to read uid_cputime: /proc/uid_cputime/show_uid_stat (No such file or directory)
02-20 20:54:13.044  1371  1371 I MediaPlayerService: MediaPlayerService::getOMX
02-20 20:54:13.044  1371  1371 I OMXClient: MuxOMX ctor
02-20 20:54:13.045  1368  1389 I OMXMaster: makeComponentInstance(OMX.google.mpeg4.decoder) in mediacodec process
02-20 20:54:13.060  1677  1677 I SystemServiceManager: Starting phase 600
02-20 20:54:13.090     0     0 D ieee80211 phy1: hw scan 2457 MHz
02-20 20:54:13.068  1677  1677 D SensorNotificationService: Cannot obtain dynamic meta sensor, not supported.
02-20 20:54:13.070  1677  1677 D TelephonyRegistry: listen oscl: hasNotifySubscriptionInfoChangedOccurred==false no callback
02-20 20:54:13.084  1765  1765 I vol.Events: writeEvent collection_started
02-20 20:54:13.087  1677  1677 I GnssLocationProvider: WakeLock acquired by sendMessage(13, 0, null)
02-20 20:54:13.089  1677  1677 W LocationProviderProxy-network: Odd, no component found for service com.android.location.service.v3.NetworkLocationProvider
02-20 20:54:13.091  1677  1677 W GeocoderProxy: Odd, no component found for service com.android.location.service.GeocodeProvider
02-20 20:54:13.093  1677  1677 E FlpHardwareProvider: Error hw_get_module 'flp': -2
02-20 20:54:13.093  1368  1389 E OMXNodeInstance: getExtensionIndex(558000f:google.mpeg4.decoder, OMX.google.android.index.configureVideoTunnelMode) ERROR: UnsupportedIndex(0x8000101a)
02-20 20:54:13.093  1677  1677 D LocationManagerService: FLP HAL not supported
02-20 20:54:13.094  1368  1368 W OMXNodeInstance: [558000f:google.mpeg4.decoder] component does not support metadata mode; using fallback
02-20 20:54:13.094  1677  1677 W GeofenceProxy: Odd, no component found for service com.android.location.service.GeofenceProvider
02-20 20:54:13.095  1677  1677 E ActivityRecognitionHardware: Error hw_get_module: -2
02-20 20:54:13.095  1677  1677 D LocationManagerService: Hardware Activity-Recognition not supported.
02-20 20:54:13.095  1677  1677 W ActivityRecognitionProxy: Odd, no component found for service com.android.location.service.ActivityRecognitionProvider
02-20 20:54:13.095  1677  1677 I GnssLocationProvider: WakeLock acquired by sendMessage(2, 1, null)
02-20 20:54:13.096  1765  1910 I sysui_action: [213,2]
02-20 20:54:13.096  1765  1910 I vol.Events: writeEvent external_ringer_mode_changed normal
02-20 20:54:13.096  1765  1910 I vol.Events: writeEvent internal_ringer_mode_changed normal
02-20 20:54:13.097  1677  1690 W GnssLocationProvider: Could not open GPS configuration file /etc/gps.conf
02-20 20:54:13.097  1677  1690 E GnssLocationProvider: no AGPS interface in set_agps_server
02-20 20:54:13.100  1677  1677 I CommonTimeManagementService: No common time service detected on this platform.  Common time services will be unavailable.
02-20 20:54:13.101  1677  1677 D TelephonyRegistry: systemRunning register for intents
02-20 20:54:13.101  1677  1677 I MmsServiceBroker: Delay connecting to MmsService until an API is called
02-20 20:54:13.105  1677  1720 I InputReader: Reconfiguring input devices.  changes=0x00000020
02-20 20:54:13.106  1371  1371 I MediaPlayerService: MediaPlayerService::getOMX
02-20 20:54:13.107  1371  1371 I OMXClient: MuxOMX ctor
02-20 20:54:13.107  1368  1389 I OMXMaster: makeComponentInstance(OMX.google.h263.decoder) in mediacodec process
02-20 20:54:13.107  1677  1720 I InputReader: Reconfiguring input devices.  changes=0x00000010
02-20 20:54:13.121  1677  1690 D TelephonyRegistry: listen oscl: hasNotifySubscriptionInfoChangedOccurred==false no callback
02-20 20:54:13.140  1677  1677 I am_proc_start: [0,1914,1001,com.android.phone,added application,com.android.phone]
02-20 20:54:13.140  1677  1677 I ActivityManager: Start proc 1914:com.android.phone/1001 for added application com.android.phone
02-20 20:54:13.140  1677  1677 I ActivityManager: START u0 {act=android.intent.action.MAIN cat=[android.intent.category.HOME] flg=0x10000100 cmp=com.android.settings/.FallbackHome} from uid 0 on display 0
02-20 20:54:13.141  1677  1677 W System  : ClassLoader referenced unknown path: 
02-20 20:54:13.141  1677  1677 W System  : ClassLoader referenced unknown path: /system/priv-app/Settings/lib/x86_64
02-20 20:54:13.142  1677  1677 D ApplicationLoaders: ignored Vulkan layer search path /system/priv-app/Settings/lib/x86_64:/system/priv-app/Settings/Settings.apk!/lib/x86_64:/system/lib64:/vendor/lib64 for namespace 0x7c3084336160
02-20 20:54:13.145  1677  1677 I ActivityManager: Loaded persisted task ids for user 0
02-20 20:54:13.146  1677  1677 I am_create_task: [0,1]
02-20 20:54:13.146  1677  1677 I am_create_activity: [0,9541925,1,com.android.settings/.FallbackHome,android.intent.action.MAIN,NULL,NULL,276824320]
02-20 20:54:13.146  1677  1677 I wm_task_created: [1,0]
02-20 20:54:13.147  1677  1677 I wm_task_moved: [1,1,0]
02-20 20:54:13.147  1677  1677 I wm_task_moved: [1,1,0]
02-20 20:54:13.147  1677  1677 I am_focused_activity: [0,com.android.settings/.FallbackHome,startedActivity]
02-20 20:54:13.158  1677  1677 I am_proc_start: [0,1920,1000,com.android.settings,activity,com.android.settings/.FallbackHome]
02-20 20:54:13.158  1677  1677 I ActivityManager: Start proc 1920:com.android.settings/1000 for activity com.android.settings/.FallbackHome
02-20 20:54:13.161  1677  1677 I SystemServer: Enabled StrictMode for system server main thread.
02-20 20:54:13.162  1368  1838 E OMXNodeInstance: getExtensionIndex(5580010:google.h263.decoder, OMX.google.android.index.configureVideoTunnelMode) ERROR: UnsupportedIndex(0x8000101a)
02-20 20:54:13.162  1368  1389 W OMXNodeInstance: [5580010:google.h263.decoder] component does not support metadata mode; using fallback
02-20 20:54:13.162  1914  1914 W art     : Unexpected CPU variant for X86 using defaults: x86_64
02-20 20:54:13.163  1677  1677 D ConditionProviders.SCP: onConnected
02-20 20:54:13.163  1677  1677 D ZenLog  : set_zen_mode: off,readXml
02-20 20:54:13.164  1677  1677 D ConditionProviders: Subscribing to condition://android/schedule?days=6.7&start=23.30&end=10.0&exitAtAlarm=false with ComponentInfo{android/com.android.server.notification.ScheduleConditionProvider}
02-20 20:54:13.164  1677  1677 D ZenLog  : subscribe: condition://android/schedule?days=6.7&start=23.30&end=10.0&exitAtAlarm=false,ok
02-20 20:54:13.164  1677  1677 D ConditionProviders: Subscribing to condition://android/event?userId=-10000&calendar=&reply=1 with ComponentInfo{android/com.android.server.notification.EventConditionProvider}
02-20 20:54:13.164  1677  1677 D ZenLog  : subscribe: condition://android/event?userId=-10000&calendar=&reply=1,ok
02-20 20:54:13.164  1677  1677 D ConditionProviders: Subscribing to condition://android/schedule?days=1.2.3.4.5&start=22.0&end=7.0&exitAtAlarm=false with ComponentInfo{android/com.android.server.notification.ScheduleConditionProvider}
02-20 20:54:13.164  1677  1677 D ZenLog  : subscribe: condition://android/schedule?days=1.2.3.4.5&start=22.0&end=7.0&exitAtAlarm=false,ok
02-20 20:54:13.167  1920  1920 W art     : Unexpected CPU variant for X86 using defaults: x86_64
02-20 20:54:13.175  1371  1371 I MediaPlayerService: MediaPlayerService::getOMX
02-20 20:54:13.175  1371  1371 I OMXClient: MuxOMX ctor
02-20 20:54:13.176  1368  1389 I OMXMaster: makeComponentInstance(OMX.google.h264.decoder) in mediacodec process
02-20 20:54:13.179  1677  1677 D RttService: SCAN_AVAILABLE : 1
02-20 20:54:13.179  1677  1677 D ZenLog  : set_zen_mode: off,cleanUpZenRules
02-20 20:54:13.181  1677  1736 D RttService: DefaultState got{ when=-2ms what=160513 target=com.android.internal.util.StateMachine$SmHandler }
02-20 20:54:13.181  1677  1735 I WifiScanningService: wifi driver unloaded
02-20 20:54:13.210     0     0 D ieee80211 phy1: hw scan 2462 MHz
02-20 20:54:13.181  1677  1692 W WindowManager: Keyguard drawn timeout. Setting mKeyguardDrawComplete
02-20 20:54:13.201  1677  1689 I am_proc_bound: [0,1914,com.android.phone]
02-20 20:54:13.212  1677  1677 W System  : ClassLoader referenced unknown path: /system/priv-app/Telecom/lib/x86_64
02-20 20:54:13.213  1677  1677 D ApplicationLoaders: ignored Vulkan layer search path /system/priv-app/Telecom/lib/x86_64:/system/priv-app/Telecom/Telecom.apk!/lib/x86_64:/system/lib64:/vendor/lib64 for namespace 0x7c30843361d0
02-20 20:54:13.228  1677  1791 I am_proc_bound: [0,1920,com.android.settings]
02-20 20:54:13.229  1677  1791 I am_restart_activity: [0,9541925,1,com.android.settings/.FallbackHome]
02-20 20:54:13.247  1920  1920 W System  : ClassLoader referenced unknown path: /system/priv-app/Settings/lib/x86_64
02-20 20:54:13.252  1371  1371 W ACodec  : [OMX.google.h264.decoder] stopping checking profiles after 32: 2/8000
02-20 20:54:13.252  1368  1368 E OMXNodeInstance: getExtensionIndex(5580011:google.h264.decoder, OMX.google.android.index.configureVideoTunnelMode) ERROR: UnsupportedIndex(0x8000101a)
02-20 20:54:13.252  1368  1838 W OMXNodeInstance: [5580011:google.h264.decoder] component does not support metadata mode; using fallback
02-20 20:54:13.258  1677  1690 I GnssLocationProvider: WakeLock released by handleMessage(13, 0, null)
02-20 20:54:13.258  1371  1371 I MediaPlayerService: MediaPlayerService::getOMX
02-20 20:54:13.258  1371  1371 I OMXClient: MuxOMX ctor
02-20 20:54:13.258  1368  1389 I OMXMaster: makeComponentInstance(OMX.google.hevc.decoder) in mediacodec process
02-20 20:54:13.260  1677  1690 E GnssLocationProvider: no AGPS interface in set_agps_server
02-20 20:54:13.267  1677  1690 I GnssLocationProvider: WakeLock released by handleMessage(2, 1, null)
02-20 20:54:13.267  1677  1690 W LocationProviderProxy-network: Odd, no component found for service com.android.location.service.v3.NetworkLocationProvider
02-20 20:54:13.267  1677  1690 W GeocoderProxy: Odd, no component found for service com.android.location.service.GeocodeProvider
02-20 20:54:13.267  1677  1690 W GeofenceProxy: Odd, no component found for service com.android.location.service.GeofenceProvider
02-20 20:54:13.267  1677  1690 W ActivityRecognitionProxy: Odd, no component found for service com.android.location.service.ActivityRecognitionProvider
02-20 20:54:13.288  1914  1914 W System  : ClassLoader referenced unknown path: /system/priv-app/TeleService/lib/x86_64
02-20 20:54:13.301  1368  1389 E OMXNodeInstance: getExtensionIndex(5580012:google.hevc.decoder, OMX.google.android.index.configureVideoTunnelMode) ERROR: UnsupportedIndex(0x8000101a)
02-20 20:54:13.301  1368  1838 W OMXNodeInstance: [5580012:google.hevc.decoder] component does not support metadata mode; using fallback
02-20 20:54:13.303  1677  1677 E BluetoothAdapter: Bluetooth binder is null
02-20 20:54:13.312  1371  1371 I MediaPlayerService: MediaPlayerService::getOMX
02-20 20:54:13.313  1371  1371 I OMXClient: MuxOMX ctor
02-20 20:54:13.313  1368  1368 I OMXMaster: makeComponentInstance(OMX.google.vp8.decoder) in mediacodec process
02-20 20:54:13.324  1677  1791 I stream_devices_changed: [0,0,2]
02-20 20:54:13.325  1677  1677 I Telecom : SystemStateProvider: Registering car mode receiver: android.content.IntentFilter@c870581: TS.init@AAA
02-20 20:54:13.325  1677  1791 I stream_devices_changed: [2,0,2]
02-20 20:54:13.326  1677  1791 I stream_devices_changed: [3,0,2]
02-20 20:54:13.327  1677  1791 I stream_devices_changed: [6,0,2]
02-20 20:54:13.327  1677  1791 I stream_devices_changed: [4,0,2]
02-20 20:54:13.328  1765  1910 I vol.Events: writeEvent level_changed STREAM_ALARM 6
02-20 20:54:13.328  1765  1910 I vol.Events: writeEvent level_changed STREAM_BLUETOOTH_SCO 7
02-20 20:54:13.329  1765  1910 I vol.Events: writeEvent level_changed STREAM_MUSIC 11
02-20 20:54:13.330  1765  1910 I vol.Events: writeEvent level_changed STREAM_RING 5
02-20 20:54:13.330  1765  1910 I vol.Events: writeEvent level_changed STREAM_SYSTEM 5
02-20 20:54:13.335  1765  1910 I vol.Events: writeEvent level_changed STREAM_VOICE_CALL 4
02-20 20:54:13.363  1914  1914 W System  : ClassLoader referenced unknown path: /system/priv-app/TelephonyProvider/lib/x86_64
02-20 20:54:13.364  1914  1914 D ApplicationLoaders: ignored Vulkan layer search path /system/priv-app/TelephonyProvider/lib/x86_64:/system/lib64:/vendor/lib64 for namespace 0x7c30842cb0f0
02-20 20:54:13.375  1677  1961 I Telecom : Telecom: Non-call EVENT: AUDIO_ROUTE, Entering state QuiescentEarpieceRoute
02-20 20:54:13.377  1501  1501 E hostapd : Using interface wlan1 with hwaddr 02:00:00:00:01:00 and ssid "AndroidWifi"
02-20 20:54:13.377  1501  1501 I hostapd : wlan1: interface state HT_SCAN->ENABLED
02-20 20:54:13.377  1501  1501 I hostapd : wlan1: AP-ENABLED 
02-20 20:54:13.395  1368  1389 E OMXNodeInstance: getExtensionIndex(5580013:google.vp8.decoder, OMX.google.android.index.configureVideoTunnelMode) ERROR: UnsupportedIndex(0x8000101a)
02-20 20:54:13.395  1368  1838 W OMXNodeInstance: [5580013:google.vp8.decoder] component does not support metadata mode; using fallback
02-20 20:54:13.395  1313  1360 E SurfaceFlinger: ro.sf.lcd_density must be defined as a build property
02-20 20:54:13.396  1371  1371 I MediaPlayerService: MediaPlayerService::getOMX
02-20 20:54:13.396  1371  1371 I OMXClient: MuxOMX ctor
02-20 20:54:13.396  1368  1368 I OMXMaster: makeComponentInstance(OMX.google.vp9.decoder) in mediacodec process
02-20 20:54:13.397  1920  1920 I am_on_resume_called: [0,com.android.settings.FallbackHome,LAUNCH_ACTIVITY]
02-20 20:54:13.404  1313  1323 E SurfaceFlinger: ro.sf.lcd_density must be defined as a build property
02-20 20:54:13.409  1677  1677 E BluetoothAdapter: Bluetooth binder is null
02-20 20:54:13.409  1677  1967 E ActivityThread: Failed to find provider info for call_log
02-20 20:54:13.411  1920  1920 D         : HostConnection::get() New Host Connection established 0x7c30757fae20, tid 1920
02-20 20:54:13.411  1677  1962 I Telecom : CallAudioModeStateMachine: Message received: null.: TS.init->CAMSM.pM_1@AAA_0
02-20 20:54:13.419  1765  1765 D         : HostConnection::get() New Host Connection established 0x7c307576b720, tid 1765
02-20 20:54:13.331     0     0 D ieee80211 phy1: hw scan complete
02-20 20:54:13.332     0     0 D ieee80211 phy1: mac80211_hwsim_get_survey (idx=0)
02-20 20:54:13.377     0     0 D ieee80211 phy1: mac80211_hwsim_config (freq=0 idle=0 ps=0 smps=auto)
02-20 20:54:13.377     0     0 D ieee80211 phy1: add channel context control: 2447 MHz/width: 2/cfreqs:2437/0 MHz
02-20 20:54:13.377     0     0 D ieee80211 phy1: mac80211_hwsim_bss_info_changed(changed=0x40000)
02-20 20:54:13.377     0     0 D ieee80211 phy1: TX Power: 20 dBm
02-20 20:54:13.377     0     0 D ieee80211 phy1: mac80211_hwsim_bss_info_changed(changed=0x4000)
02-20 20:54:13.377     0     0 D ieee80211 phy1: change channel context control: 2447 MHz/width: 2/cfreqs:2437/0 MHz
02-20 20:54:13.377     0     0 D ieee80211 phy1: mac80211_hwsim_bss_info_changed(changed=0x88340)
02-20 20:54:13.377     0     0 D ieee80211 phy1: BCNINT: 100
02-20 20:54:13.377     0     0 D ieee80211 phy1: BCN EN: 1
02-20 20:54:13.377     0     0 D ieee80211 phy1: mac80211_hwsim_bss_info_changed(changed=0x3e)
02-20 20:54:13.377     0     0 D ieee80211 phy1: ERP_CTS_PROT: 0
02-20 20:54:13.377     0     0 D ieee80211 phy1: ERP_PREAMBLE: 0
02-20 20:54:13.377     0     0 D ieee80211 phy1: ERP_SLOT: 1
02-20 20:54:13.377     0     0 D ieee80211 phy1: HT: op_mode=0x0
02-20 20:54:13.377     0     0 D ieee80211 phy1: BASIC_RATES: 0xf
02-20 20:54:13.377     0     0 D ieee80211 phy1: mac80211_hwsim_conf_tx (queue=0 txop=47 cw_min=3 cw_max=7 aifs=1)
02-20 20:54:13.377     0     0 D ieee80211 phy1: mac80211_hwsim_bss_info_changed(changed=0x2000)
02-20 20:54:13.377     0     0 D ieee80211 phy1: mac80211_hwsim_conf_tx (queue=1 txop=94 cw_min=7 cw_max=15 aifs=1)
02-20 20:54:13.377     0     0 D ieee80211 phy1: mac80211_hwsim_bss_info_changed(changed=0x2000)
02-20 20:54:13.377     0     0 D ieee80211 phy1: mac80211_hwsim_conf_tx (queue=2 txop=0 cw_min=15 cw_max=63 aifs=3)
02-20 20:54:13.377     0     0 D ieee80211 phy1: mac80211_hwsim_bss_info_changed(changed=0x2000)
02-20 20:54:13.377     0     0 D ieee80211 phy1: mac80211_hwsim_conf_tx (queue=3 txop=0 cw_min=15 cw_max=1023 aifs=7)
02-20 20:54:13.377     0     0 D ieee80211 phy1: mac80211_hwsim_bss_info_changed(changed=0x2000)
02-20 20:54:13.377     0     0 I IPv6    : ADDRCONF(NETDEV_CHANGE): wlan1: link becomes ready
02-20 20:54:13.378     0     0 D ieee80211 phy1: mac80211_hwsim_configure_filter
02-20 20:54:13.422  1677  1677 I Telecom : Class: TelecomSystem.INSTANCE being set
02-20 20:54:13.423  1677  1677 E BluetoothAdapter: Bluetooth binder is null
02-20 20:54:13.424  1677  1677 W ContextImpl: Calling a method in the system process without a qualified user: android.app.ContextImpl.startService:1357 com.android.server.content.SyncManager$13.run:658 android.os.Handler.handleCallback:751 android.os.Handler.dispatchMessage:95 android.os.Looper.loop:154 
02-20 20:54:13.427  1677  1677 D RttService: SCAN_AVAILABLE : 3
02-20 20:54:13.428  1677  1735 I WifiScanningService: wifi driver loaded with scan capabilities: max buckets=16
02-20 20:54:13.428  1677  1736 D RttService: DefaultState got{ when=-1ms what=160512 target=com.android.internal.util.StateMachine$SmHandler }
02-20 20:54:13.435  1368  1389 E OMXNodeInstance: getExtensionIndex(5580014:google.vp9.decoder, OMX.google.android.index.configureVideoTunnelMode) ERROR: UnsupportedIndex(0x8000101a)
02-20 20:54:13.435  1368  1838 W OMXNodeInstance: [5580014:google.vp9.decoder] component does not support metadata mode; using fallback
02-20 20:54:13.437  1371  1371 I MediaPlayerService: MediaPlayerService::getOMX
02-20 20:54:13.437  1371  1371 I OMXClient: MuxOMX ctor
02-20 20:54:13.438  1368  1368 I OMXMaster: makeComponentInstance(OMX.google.h263.encoder) in mediacodec process
02-20 20:54:13.460  1765  1765 D StorageNotification: Notifying about private volume: VolumeInfo{private}:
02-20 20:54:13.460  1765  1765 D StorageNotification:     type=PRIVATE diskId=null partGuid=null mountFlags=0 mountUserId=-1 
02-20 20:54:13.460  1765  1765 D StorageNotification:     state=MOUNTED 
02-20 20:54:13.460  1765  1765 D StorageNotification:     fsType=null fsUuid=null fsLabel=null 
02-20 20:54:13.460  1765  1765 D StorageNotification:     path=/data internalPath=null 
02-20 20:54:13.461  1765  1765 D StorageNotification: Notifying about public volume: VolumeInfo{public:253,64}:
02-20 20:54:13.461  1765  1765 D StorageNotification:     type=PUBLIC diskId=disk:253,64 partGuid=null mountFlags=VISIBLE 
02-20 20:54:13.461  1765  1765 D StorageNotification:     mountUserId=0 state=MOUNTED 
02-20 20:54:13.461  1765  1765 D StorageNotification:     fsType=vfat fsUuid=1E12-0B12 fsLabel=SDCARD 
02-20 20:54:13.461  1765  1765 D StorageNotification:     path=/storage/1E12-0B12 internalPath=/mnt/media_rw/1E12-0B12 
02-20 20:54:13.475  1914  1914 D TelephonyProvider: dbh.onOpen: ok, queried table=siminfo
02-20 20:54:13.475  1914  1914 D TelephonyProvider: dbh.onOpen: ok, queried table=carriers
02-20 20:54:13.483  1368  1368 I SoftMPEG4Encoder: Construct SoftMPEG4Encoder
02-20 20:54:13.484  1371  1371 W ACodec  : do not know color format 0x7f000789 = 2130708361
02-20 20:54:13.484  1368  1838 E OMXNodeInstance: getConfig(5580015:google.h263.encoder, ConfigAndroidIntraRefresh(0x6f60000a)) ERROR: Undefined(0x80001001)
02-20 20:54:13.485  1371  1371 I MediaPlayerService: MediaPlayerService::getOMX
02-20 20:54:13.485  1371  1371 I OMXClient: MuxOMX ctor
02-20 20:54:13.485  1368  1368 I OMXMaster: makeComponentInstance(OMX.google.h264.encoder) in mediacodec process
02-20 20:54:13.507  1920  1966 D         : HostConnection::get() New Host Connection established 0x7c30757faee0, tid 1966
02-20 20:54:13.507  1920  1966 I OpenGLRenderer: Initialized EGL, version 1.4
02-20 20:54:13.507  1920  1966 D OpenGLRenderer: Swap behavior 1
02-20 20:54:13.515  1677  1677 W System  : ClassLoader referenced unknown path: /system/priv-app/FusedLocation/lib/x86_64
02-20 20:54:13.515  1677  1677 D ApplicationLoaders: ignored Vulkan layer search path /system/priv-app/FusedLocation/lib/x86_64:/system/priv-app/FusedLocation/FusedLocation.apk!/lib/x86_64:/system/lib64:/vendor/lib64 for namespace 0x7c3084336240
02-20 20:54:13.536  1920  1966 D EGL_emulation: eglCreateContext: 0x7c30757f1c00: maj 3 min 0 rcv 3
02-20 20:54:13.541  1371  1371 W ACodec  : do not know color format 0x7f000789 = 2130708361
02-20 20:54:13.542  1914  1914 D TDC     : updateOrInsert: inserting: Modem { uuid=modem, state=0, rilModel=0, rat={}, maxActiveVoiceCall=1, maxActiveDataCall=1, maxStandby=1 }
02-20 20:54:13.542  1914  1914 D TDC     : updateOrInsert: inserting: Sim { uuid=sim, modemUuid=modem, state=0 }
02-20 20:54:13.543  1371  1371 I MediaPlayerService: MediaPlayerService::getOMX
02-20 20:54:13.543  1371  1371 I OMXClient: MuxOMX ctor
02-20 20:54:13.543  1368  1368 I OMXMaster: makeComponentInstance(OMX.google.mpeg4.encoder) in mediacodec process
02-20 20:54:13.561  1914  1914 D CdmaSSM : subscriptionSource from settings: 0
02-20 20:54:13.562  1914  1914 I PhoneFactory: Cdma Subscription set to 0
02-20 20:54:13.574  1677  1677 D GpsNetInitiatedHandler: location enabled :true
02-20 20:54:13.574  1677  1677 V WiredAccessoryManager: notifyWiredAccessoryChanged: when=0 bits= mask=54
02-20 20:54:13.574  1677  1677 V WiredAccessoryManager: newName=h2w newState=0 headsetState=0 prev headsetState=0
02-20 20:54:13.574  1677  1677 E WiredAccessoryManager: No state change.
02-20 20:54:13.574  1677  1677 V WiredAccessoryManager: init()
02-20 20:54:13.575  1914  1914 I PhoneFactory: Network Mode set to 0
02-20 20:54:13.578  1914  1914 D RILJ    : RIL(context, preferredNetworkType=0 cdmaSubscription=0)
02-20 20:54:13.580  1368  1368 I SoftMPEG4Encoder: Construct SoftMPEG4Encoder
02-20 20:54:13.580  1914  1914 D RILJ    : Starting RILReceiver0 [SUB0]
02-20 20:54:13.580  1371  1371 W ACodec  : do not know color format 0x7f000789 = 2130708361
02-20 20:54:13.580  1368  1838 E OMXNodeInstance: getConfig(5580017:google.mpeg4.encoder, ConfigAndroidIntraRefresh(0x6f60000a)) ERROR: Undefined(0x80001001)
02-20 20:54:13.582  1373  1492 I RILC    : libril: new connection to RIL_SOCKET_1
02-20 20:54:13.583  1373  1492 I RILC    : RIL Daemon version: android reference-ril 1.0
02-20 20:54:13.584  1914  1914 D RILJ    : [3648]> GET_HARDWARE_CONFIG [SUB0]
02-20 20:54:13.584  1914  1914 D RilRequest: [3648]< GET_HARDWARE_CONFIG error: com.android.internal.telephony.CommandException: RADIO_NOT_AVAILABLE ret=
02-20 20:54:13.584  1914  1914 I PhoneFactory: Creating SubscriptionController
02-20 20:54:13.584  1914  1990 I RILJ    : (0) Connected to 'rild' socket
02-20 20:54:13.588  1914  1914 D SubscriptionController: [SubscriptionController] init by Context
02-20 20:54:13.589  1914  1990 D RILJ    : [UNSL]< UNSOL_RIL_CONNECTED {12} [SUB0]
02-20 20:54:13.589  1914  1990 D RILJ    : [3649]> RADIO_POWER off [SUB0]
02-20 20:54:13.597  1373  1492 D RIL     : onRequest: RADIO_POWER
02-20 20:54:13.597  1914  1990 D RILJ    : [3650]> RIL_REQUEST_CDMA_SET_SUBSCRIPTION_SOURCE : 0 [SUB0]
02-20 20:54:13.597  1373  1492 D RIL     : onRequest: CDMA_SET_SUBSCRIPTION_SOURCE
02-20 20:54:13.597  1914  1990 D RILJ    : setCellInfoListRate: 2147483647 [SUB0]
02-20 20:54:13.597  1914  1990 D RILJ    : [3651]> RIL_REQUEST_SET_CELL_INFO_LIST_RATE [SUB0]
02-20 20:54:13.598  1373  1492 D RIL     : onRequest: SET_UNSOL_CELL_INFO_LIST_RATE
02-20 20:54:13.598  1914  1990 D RILJ    : [UNSL]< UNSOL_RESPONSE_RADIO_STATE_CHANGED RADIO_OFF [SUB0]
02-20 20:54:13.598  1914  1990 D RILJ    : [3652]> SCREEN_STATE: true [SUB0]
02-20 20:54:13.598  1371  1371 I MediaPlayerService: MediaPlayerService::getOMX
02-20 20:54:13.598  1371  1371 I OMXClient: MuxOMX ctor
02-20 20:54:13.598  1368  1368 I OMXMaster: makeComponentInstance(OMX.google.vp8.encoder) in mediacodec process
02-20 20:54:13.599  1373  1492 D RIL     : onRequest: SCREEN_STATE
02-20 20:54:13.599  1914  1990 D RILJ    : [UNSL]< UNSOL_NITZ_TIME_RECEIVED 18/02/20:20:54:07+0:0:Unknown!Unknown [SUB0]
02-20 20:54:13.618  1914  1914 D UiccController: Creating UiccController
02-20 20:54:13.618  1914  1990 D RILJ    : [3649]< RADIO_POWER  [SUB0]
02-20 20:54:13.618  1914  1990 D RilRequest: [3650]< RIL_REQUEST_CDMA_SET_SUBSCRIPTION_SOURCE error: com.android.internal.telephony.CommandException: RADIO_NOT_AVAILABLE ret=
02-20 20:54:13.618  1914  1990 D RilRequest: [3651]< RIL_REQUEST_SET_CELL_INFO_LIST_RATE error: com.android.internal.telephony.CommandException: RADIO_NOT_AVAILABLE ret=
02-20 20:54:13.618  1914  1990 D RilRequest: [3652]< SCREEN_STATE error: com.android.internal.telephony.CommandException: RADIO_NOT_AVAILABLE ret=
02-20 20:54:13.620  1914  1914 D TelephonyTester: register for intent action=com.android.internal.telephony.action_detached
02-20 20:54:13.620  1914  1914 D TelephonyTester: register for intent action=com.android.internal.telephony.action_attached
02-20 20:54:13.637  1920  1966 D EGL_emulation: eglMakeCurrent: 0x7c30757f1c00: ver 3 0 (tinfo 0x7c307fc9cfa0)
02-20 20:54:13.641  1914  1914 D Phone   : mDoesRilSendMultipleCallRing=true
02-20 20:54:13.641  1914  1914 D Phone   : mCallRingDelay=3000
02-20 20:54:13.644  1914  1914 D RILJ    : [3653]> RIL_REQUEST_START_LCE [SUB0]
02-20 20:54:13.648  1373  1492 D RIL     : onRequest: <unknown request>
02-20 20:54:13.648  1914  1990 D RilRequest: [3653]< RIL_REQUEST_START_LCE error: com.android.internal.telephony.CommandException: RADIO_NOT_AVAILABLE ret=
02-20 20:54:13.652  1914  1914 E RIL_ImsSms: getFormat should never be called from here!
02-20 20:54:13.652  1914  1914 D SMSDispatcher: SMSDispatcher: ctor mSmsCapable=true format=unknown mSmsSendDisabled=false
02-20 20:54:13.652  1914  1914 D RIL_ImsSms: ImsSMSDispatcher created
02-20 20:54:13.653  1914  1914 D SMSDispatcher: SMSDispatcher: ctor mSmsCapable=true format=3gpp2 mSmsSendDisabled=false
02-20 20:54:13.653  1914  1914 D CdmaSMSDispatcher: CdmaSMSDispatcher created
02-20 20:54:13.662  1371  1371 W ACodec  : do not know color format 0x7f000789 = 2130708361
02-20 20:54:13.664  1368  1389 E OMXNodeInstance: getConfig(5580018:google.vp8.encoder, ConfigAndroidIntraRefresh(0x6f60000a)) ERROR: Undefined(0x80001001)
02-20 20:54:13.665  1371  1371 I MediaPlayerService: MediaPlayerService::getOMX
02-20 20:54:13.665  1371  1371 I OMXClient: MuxOMX ctor
02-20 20:54:13.667  1371  1371 I MediaPlayerService: MediaPlayerService::getOMX
02-20 20:54:13.667  1371  1371 I OMXClient: MuxOMX ctor
02-20 20:54:13.667  1371  1371 W MediaCodecList: unable to open media codecs configuration xml file: /data/misc/media/media_codecs_profiling_results.xml
02-20 20:54:13.668  1371  1408 I MediaPlayerService: MediaPlayerService::getOMX
02-20 20:54:13.671  1371  1840 I MediaPlayerService: MediaPlayerService::getOMX
02-20 20:54:13.671  1677  1814 I OMXClient: MuxOMX ctor
02-20 20:54:13.672  1368  1389 I OMXMaster: makeComponentInstance(OMX.google.vorbis.decoder) in mediacodec process
02-20 20:54:13.674  1765  1882 I OMXClient: MuxOMX ctor
02-20 20:54:13.681  1914  1914 D GsmInboundSmsHandler: created InboundSmsHandler
02-20 20:54:13.689  1914  1914 D CdmaInboundSmsHandler: created InboundSmsHandler
02-20 20:54:13.691  1914  1914 D SMSDispatcher: SMSDispatcher: ctor mSmsCapable=true format=3gpp mSmsSendDisabled=false
02-20 20:54:13.691  1914  1914 D GsmSMSDispatcher: GsmSMSDispatcher created
02-20 20:54:13.692  1914  2002 D CdmaInboundSmsHandler: StartupState.processMessage:6
02-20 20:54:13.692  1914  2002 D CdmaInboundSmsHandler: entering Idle state
02-20 20:54:13.693  1914  1998 D GsmInboundSmsHandler: StartupState.processMessage:6
02-20 20:54:13.693  1914  1998 D GsmInboundSmsHandler: entering Idle state
02-20 20:54:13.694  1368  1368 I OMXMaster: makeComponentInstance(OMX.google.vorbis.decoder) in mediacodec process
02-20 20:54:13.695  1914  1914 D IccCardProxy: ctor: ci=com.android.internal.telephony.RIL@276710 phoneId=0
02-20 20:54:13.695  1914  1914 D CdmaSSM : subscriptionSource from settings: 0
02-20 20:54:13.695  1914  1914 D CdmaSSM : cdmaSSM constructor: 0
02-20 20:54:13.695  1914  1914 D IccCardProxy: update icc_operator_numeric=
02-20 20:54:13.695  1914  1914 D TelephonyManager: setTelephonyProperty: success phoneId=0 property=gsm.sim.operator.numeric value:  propVal=
02-20 20:54:13.696  1914  1914 D TelephonyManager: setTelephonyProperty: success phoneId=0 property=gsm.sim.operator.iso-country value:  propVal=
02-20 20:54:13.696  1914  1914 D TelephonyManager: setTelephonyProperty: success phoneId=0 property=gsm.sim.operator.alpha value:  propVal=
02-20 20:54:13.697  1914  1914 E IccCardProxy: setExternalState: set mPhoneId=0 mExternalState=NOT_READY
02-20 20:54:13.697  1914  1914 D TelephonyManager: setTelephonyProperty: success phoneId=0 property=gsm.sim.state value: NOT_READY propVal=NOT_READY
02-20 20:54:13.697  1914  1914 D IccCardProxy: broadcastIccStateChangedIntent intent ACTION_SIM_STATE_CHANGED value=NOT_READY reason=null for mPhoneId=0
02-20 20:54:13.714  1914  1914 D RILJ    : setPhoneType=1 old value=0 [SUB0]
02-20 20:54:13.714  1914  1914 D TelephonyManager: setTelephonyProperty: success phoneId=0 property=gsm.current.phone-type value: 1 propVal=1
02-20 20:54:13.714  1914  1914 D IccCardProxy: Setting radio tech UMTS
02-20 20:54:13.715  1914  1914 D IccCardProxy: updateQuietMode: 3GPP subscription -> newQuietMode=false
02-20 20:54:13.715  1914  1914 D IccCardProxy: updateQuietMode: no changes don't setExternalState
02-20 20:54:13.715  1914  1914 D IccCardProxy: updateQuietMode: QuietMode is false (app_type=1 cdmaSource=-1)
02-20 20:54:13.722  1914  1914 W CarrierConfigManager: Error getting config for subId -1 ICarrierConfigLoader is null
02-20 20:54:13.723  1677  1791 D TelephonyRegistry: listen oscl: hasNotifySubscriptionInfoChangedOccurred==false no callback
02-20 20:54:13.733  1677  1677 W VibratorService: Tried to stop vibrating but there is no vibrator device.
02-20 20:54:13.737  1920  1966 D EGL_emulation: eglMakeCurrent: 0x7c30757f1c00: ver 3 0 (tinfo 0x7c307fc9cfa0)
02-20 20:54:13.738  1914  1914 D TelephonyManager: setTelephonyProperty: success phoneId=0 property=gsm.network.type value: Unknown propVal=Unknown
02-20 20:54:13.738  1914  1914 D RILJ    : [3654]> SIGNAL_STRENGTH [SUB0]
02-20 20:54:13.739  1373  1492 D RIL     : onRequest: SIGNAL_STRENGTH
02-20 20:54:13.739  1914  1990 D RilRequest: [3654]< SIGNAL_STRENGTH error: com.android.internal.telephony.CommandException: RADIO_NOT_AVAILABLE ret=
02-20 20:54:13.740  1914  1914 D SST     : notifyDataRegStateRilRadioTechnologyChanged: drs=1 rat=0
02-20 20:54:13.740  1914  1914 D TelephonyManager: setTelephonyProperty: success phoneId=0 property=gsm.network.type value: Unknown propVal=Unknown
02-20 20:54:13.751  1914  1914 D DCT     : [0]DCT.constructor
02-20 20:54:13.758  1677  1677 I am_proc_start: [0,2010,10004,com.android.cellbroadcastreceiver,broadcast,com.android.cellbroadcastreceiver/.CellBroadcastReceiver]
02-20 20:54:13.758  1677  1677 I ActivityManager: Start proc 2010:com.android.cellbroadcastreceiver/u0a4 for broadcast com.android.cellbroadcastreceiver/.CellBroadcastReceiver
02-20 20:54:13.758  1677  1688 D TelephonyRegistry: listen oscl: hasNotifySubscriptionInfoChangedOccurred==false no callback
02-20 20:54:13.765  1914  1914 D Dcc     : E ctor
02-20 20:54:13.765  1914  1914 D Dcc     : X ctor
02-20 20:54:13.766  2010  2010 W art     : Unexpected CPU variant for X86 using defaults: x86_64
02-20 20:54:13.767  1371  1408 I MediaPlayerService: MediaPlayerService::getOMX
02-20 20:54:13.768  1765  2015 I OMXClient: MuxOMX ctor
02-20 20:54:13.769  1368  1838 I OMXMaster: makeComponentInstance(OMX.google.vorbis.decoder) in mediacodec process
02-20 20:54:13.769  1677  1677 D ConditionProviders.SCP: onSubscribe condition://android/schedule?days=6.7&start=23.30&end=10.0&exitAtAlarm=false
