02-20 20:54:13.771  1677  1677 D ConditionProviders.SCP: setRegistered true
02-20 20:54:13.771  1914  1914 D SubscriptionController: [getPhoneId] asked for default subId=-1
02-20 20:54:13.771  1677  1677 D ConditionProviders.SCP: notifyCondition condition://android/schedule?days=6.7&start=23.30&end=10.0&exitAtAlarm=false STATE_FALSE reason=!meetsSchedule
02-20 20:54:13.772  1914  2016 D DcTesterDeacativateAll: register for intent action=com.android.internal.telephony.dataconnection.action_deactivate_all
02-20 20:54:13.772  1914  2016 D DcTesterDeacativateAll: register for intent action=com.android.internal.telephony.action_detached
02-20 20:54:13.772  1914  2016 D Dcc     : DccDefaultState: msg.what=EVENT_RIL_CONNECTED mRilVersion=12
02-20 20:54:13.773  1914  1914 D DcTesterFailBrinupAll: register for intent action=com.android.internal.telephony.dataconnection.action_fail_bringup
02-20 20:54:13.773  1914  1914 D DcTesterFailBrinupAll: register for intent action=com.android.internal.telephony.action_detached
02-20 20:54:13.773  1914  1914 D DcTesterFailBrinupAll: register for intent action=com.android.internal.telephony.action_attached
02-20 20:54:13.774  1914  1914 D SST     : notifyDataRegStateRilRadioTechnologyChanged: drs=1 rat=0
02-20 20:54:13.774  1914  1914 D TelephonyManager: setTelephonyProperty: success phoneId=0 property=gsm.network.type value: Unknown propVal=Unknown
02-20 20:54:13.774  1914  1914 D DCT     : [0]update sub = -2
02-20 20:54:13.774  1914  1914 D DCT     : [0]update(): Active DDS, register for all events now!
02-20 20:54:13.774  1914  1914 D GsmCdmaPhone: [GsmCdmaPhone] updateCurrentCarrierInProvider: mSubId = -2 currentDds = 1 operatorNumeric = null
02-20 20:54:13.775  1914  1914 D DCT     : [0]initApnContexts: E
02-20 20:54:13.775  1914  1914 D DCT     : [0]initApnContexts: skipping unknown type=1
02-20 20:54:13.776  1914  1914 D DCT     : [0]initApnContexts: apnContext={mApnType=default mState=IDLE mWaitingApns={null} mApnSetting={null} mReason=dataEnabled mDataEnabled=false mDependencyMet=true}
02-20 20:54:13.776  1914  1914 D DCT     : [0]initApnContexts: apnContext={mApnType=mms mState=IDLE mWaitingApns={null} mApnSetting={null} mReason=dataEnabled mDataEnabled=false mDependencyMet=true}
02-20 20:54:13.776  1914  1914 D DCT     : [0]initApnContexts: apnContext={mApnType=supl mState=IDLE mWaitingApns={null} mApnSetting={null} mReason=dataEnabled mDataEnabled=false mDependencyMet=true}
02-20 20:54:13.776  1914  1914 D DCT     : [0]initApnContexts: apnContext={mApnType=hipri mState=IDLE mWaitingApns={null} mApnSetting={null} mReason=dataEnabled mDataEnabled=false mDependencyMet=true}
02-20 20:54:13.776  1914  1914 D DCT     : [0]initApnContexts: apnContext={mApnType=fota mState=IDLE mWaitingApns={null} mApnSetting={null} mReason=dataEnabled mDataEnabled=false mDependencyMet=true}
02-20 20:54:13.776  1914  1914 D DCT     : [0]initApnContexts: apnContext={mApnType=ims mState=IDLE mWaitingApns={null} mApnSetting={null} mReason=dataEnabled mDataEnabled=false mDependencyMet=true}
02-20 20:54:13.776  1914  1914 D DCT     : [0]initApnContexts: apnContext={mApnType=cbs mState=IDLE mWaitingApns={null} mApnSetting={null} mReason=dataEnabled mDataEnabled=false mDependencyMet=true}
02-20 20:54:13.776  1914  1914 D DCT     : [0]initApnContexts: skipping unknown type=13
02-20 20:54:13.777  1914  1914 D DCT     : [0]initApnContexts: apnContext={mApnType=ia mState=IDLE mWaitingApns={null} mApnSetting={null} mReason=dataEnabled mDataEnabled=false mDependencyMet=true}
02-20 20:54:13.777  1914  1914 D DCT     : [0]initApnContexts: apnContext={mApnType=emergency mState=IDLE mWaitingApns={null} mApnSetting={null} mReason=dataEnabled mDataEnabled=false mDependencyMet=true}
02-20 20:54:13.785  1677  1677 D ConditionProviders.SCP: Scheduling evaluate for Tue Feb 20 23:30:00 GMT+00:00 2018 (1519169400000), in +2h35m46s229ms, now=Tue Feb 20 20:54:13 GMT+00:00 2018 (1519160053771)
02-20 20:54:13.785  1677  1677 D ConditionProviders.SCP: onSubscribe condition://android/schedule?days=1.2.3.4.5&start=22.0&end=7.0&exitAtAlarm=false
02-20 20:54:13.786  1677  1677 D ConditionProviders.SCP: notifyCondition condition://android/schedule?days=6.7&start=23.30&end=10.0&exitAtAlarm=false STATE_FALSE reason=!meetsSchedule
02-20 20:54:13.786  1677  1677 D ConditionProviders.SCP: notifyCondition condition://android/schedule?days=1.2.3.4.5&start=22.0&end=7.0&exitAtAlarm=false STATE_FALSE reason=!meetsSchedule
02-20 20:54:13.786  1677  1677 D ConditionProviders.SCP: Scheduling evaluate for Tue Feb 20 22:00:00 GMT+00:00 2018 (1519164000000), in +1h5m46s214ms, now=Tue Feb 20 20:54:13 GMT+00:00 2018 (1519160053786)
02-20 20:54:13.786  1677  1677 I Telecom : WiredHeadsetManager: ACTION_HEADSET_PLUG event, plugged in: false, : WHC.oADA@AAE
02-20 20:54:13.788  1677  1689 I am_proc_bound: [0,2010,com.android.cellbroadcastreceiver]
02-20 20:54:13.807  1677  1691 I boot_progress_enable_screen: 10807
02-20 20:54:13.808  1677  1677 I ActivityManager: user 0 is still locked. Cannot load recents
02-20 20:54:13.810  1677  1677 I notification_enqueue: [10028,1765,com.android.systemui,1397773634,public:253,64,-1,Notification(pri=0 contentView=null vibrate=null sound=null defaults=0x0 flags=0x100 color=0xff607d8b category=sys actions=2 vis=PUBLIC),0]
02-20 20:54:13.819  1677  1677 D TelephonyRegistry: notifyCellLocationForSubscriber: subId=0 cellLocation=Bundle[{}]
02-20 20:54:13.819  1914  1949 D SubscriptionController: [getPhoneId]- no sims, returning default phoneId=2147483647
02-20 20:54:13.821  1914  1914 D GsmCdmaPhone: [GsmCdmaPhone] GsmCdmaPhone: constructor: sub = 0
02-20 20:54:13.821  1914  1914 I PhoneFactory: Creating Phone with type = 1 sub = 0
02-20 20:54:13.827  1914  1914 I PhoneFactory: defaultSmsApplication: NONE
02-20 20:54:13.828  1371  1840 I MediaPlayerService: MediaPlayerService::getOMX
02-20 20:54:13.828  1677  2032 I OMXClient: MuxOMX ctor
02-20 20:54:13.829  1368  1389 I OMXMaster: makeComponentInstance(OMX.google.vorbis.decoder) in mediacodec process
02-20 20:54:13.829  1914  1914 I PhoneFactory: Creating SubInfoRecordUpdater 
02-20 20:54:13.829  1914  1914 D SubscriptionInfoUpdater: Constructor invoked
02-20 20:54:13.867     0     0 I init    : Service 'bootanim' (pid 1332) exited with status 0
02-20 20:54:13.872  2039  2039 I auditd  : type=1400 audit(0.0:11): avc: denied { getattr } for comm="bootstat" path="/vendor" dev="rootfs" ino=2986 scontext=u:r:bootstat:s0 tcontext=u:object_r:rootfs:s0 tclass=lnk_file permissive=0
02-20 20:54:13.872  2039  2039 W bootstat: type=1400 audit(0.0:11): avc: denied { getattr } for path="/vendor" dev="rootfs" ino=2986 scontext=u:r:bootstat:s0 tcontext=u:object_r:rootfs:s0 tclass=lnk_file permissive=0
02-20 20:54:13.868     0     0 I init    : Starting service 'exec 6 (/system/bin/bootstat)'...
02-20 20:54:13.891     0     0 I init    : Service 'exec 6 (/system/bin/bootstat)' (pid 2039) exited with status 0
02-20 20:54:13.893     0     0 I init    : Starting service 'exec 7 (/system/bin/bootstat)'...
02-20 20:54:13.905     0     0 I init    : Service 'exec 7 (/system/bin/bootstat)' (pid 2041) exited with status 0
02-20 20:54:13.906     0     0 I init    : Starting service 'exec 8 (/system/bin/bootstat)'...
02-20 20:54:13.840  1677  1698 I am_activity_launch_time: [0,9541925,com.android.settings/.FallbackHome,692,692]
02-20 20:54:13.841  1677  1698 I ActivityManager: Displayed com.android.settings/.FallbackHome: +692ms
02-20 20:54:13.841  1677  1691 V KeyguardServiceDelegate: *** Keyguard started
02-20 20:54:13.841  1677  1691 I screen_toggled: 1
02-20 20:54:13.846  1313  1324 I SurfaceFlinger: Boot is finished (9047 ms)
02-20 20:54:13.847  1313  1324 I sf_stop_bootanim: 10847
02-20 20:54:13.848  1677  1691 W KeyguardServiceDelegate: onScreenTurningOn(): no keyguard service!
02-20 20:54:13.862  1371  1959 I MediaPlayerService: MediaPlayerService::getOMX
02-20 20:54:13.862  1677  2036 I OMXClient: MuxOMX ctor
02-20 20:54:13.862  1368  2008 I OMXMaster: makeComponentInstance(OMX.google.vorbis.decoder) in mediacodec process
02-20 20:54:13.887  2039  2039 I bootstat: Service started: /system/bin/bootstat --record_boot_complete 
02-20 20:54:13.888  2039  2039 I bootstat: Logging histogram: bootstat_mtime_matches_content 1
02-20 20:54:13.888  2039  2039 I sysui_histogram: [bootstat_mtime_matches_content,1]
02-20 20:54:13.889  1677  2035 D TelephonyRegistry: listen oscl: hasNotifySubscriptionInfoChangedOccurred==false no callback
02-20 20:54:13.889  2039  2039 I bootstat: Logging histogram: bootstat_mtime_matches_content 1
02-20 20:54:13.889  2039  2039 I sysui_histogram: [bootstat_mtime_matches_content,1]
02-20 20:54:13.889  2039  2039 I bootstat: Logging histogram: bootstat_mtime_matches_content 1
02-20 20:54:13.889  2039  2039 I sysui_histogram: [bootstat_mtime_matches_content,1]
02-20 20:54:13.890  1914  1914 D SubscriptionController: [getPhoneId]- no sims, returning default phoneId=2147483647
02-20 20:54:13.891  1313  1313 I sf_frame_dur: [BootAnimation,0,14,174,8,0,0,0]
02-20 20:54:13.892  1677  1698 I wm_boot_animation_done: 10892
02-20 20:54:13.892  1677  1791 D TelephonyRegistry: listen oscl: hasNotifySubscriptionInfoChangedOccurred==false no callback
02-20 20:54:13.892  1677  1698 I SystemServiceManager: Starting phase 1000
02-20 20:54:13.902  2042  2042 W art     : Unexpected CPU variant for X86 using defaults: x86_64
02-20 20:54:13.903  1677  1698 I am_proc_start: [0,2042,10015,com.google.android.ext.services,on-hold,]
02-20 20:54:13.903  1677  1698 I ActivityManager: Start proc 2042:com.google.android.ext.services/u0a15 for on-hold
02-20 20:54:13.904  2041  2041 I bootstat: Service started: /system/bin/bootstat --record_boot_reason 
02-20 20:54:13.905  2041  2041 I bootstat: Unknown boot reason: 
02-20 20:54:13.907  1677  1698 D ActivityManager: Finishing user boot 0
02-20 20:54:13.907  1677  1698 I sysui_histogram: [framework_locked_boot_completed,10]
02-20 20:54:13.908  1677  1698 D CryptdConnector: SND -> {3 cryptfs prepare_user_storage ! 0 0 2}
02-20 20:54:13.908  1267  1303 D vold    : e4crypt_prepare_user_storage for volume null, user 0, serial 0, flags 2
02-20 20:54:13.908  1267  1303 D vold    : Preparing: /data/system_ce/0
02-20 20:54:13.908  1267  1303 D vold    : Preparing: /data/misc_ce/0
02-20 20:54:13.908  1267  1303 D vold    : Preparing: /data/media/0
02-20 20:54:13.908  1267  1303 D vold    : Preparing: /data/data
02-20 20:54:13.908  1677  1723 D CryptdConnector: RCV <- {200 3 Command succeeded}
02-20 20:54:13.915  1677  1698 V UserManagerService: Found /data/user/0 with serial number 0
02-20 20:54:13.915  1677  1698 V UserManagerService: Found /data/system_ce/0 with serial number 0
02-20 20:54:13.892  2041  2041 I auditd  : type=1400 audit(0.0:12): avc: denied { getattr } for comm="bootstat" path="/vendor" dev="rootfs" ino=2986 scontext=u:r:bootstat:s0 tcontext=u:object_r:rootfs:s0 tclass=lnk_file permissive=0
02-20 20:54:13.892  2041  2041 W bootstat: type=1400 audit(0.0:12): avc: denied { getattr } for path="/vendor" dev="rootfs" ino=2986 scontext=u:r:bootstat:s0 tcontext=u:object_r:rootfs:s0 tclass=lnk_file permissive=0
02-20 20:54:13.902  2048  2048 I auditd  : type=1400 audit(0.0:13): avc: denied { getattr } for comm="bootstat" path="/vendor" dev="rootfs" ino=2986 scontext=u:r:bootstat:s0 tcontext=u:object_r:rootfs:s0 tclass=lnk_file permissive=0
02-20 20:54:13.902  2048  2048 W bootstat: type=1400 audit(0.0:13): avc: denied { getattr } for path="/vendor" dev="rootfs" ino=2986 scontext=u:r:bootstat:s0 tcontext=u:object_r:rootfs:s0 tclass=lnk_file permissive=0
02-20 20:54:13.915  1677  1698 V PackageManager: reconcileAppsData for null u0 0x2
02-20 20:54:13.917  1371  1959 I MediaPlayerService: MediaPlayerService::getOMX
02-20 20:54:13.918  1677  2040 I OMXClient: MuxOMX ctor
02-20 20:54:13.918  1368  2008 I OMXMaster: makeComponentInstance(OMX.google.vorbis.decoder) in mediacodec process
02-20 20:54:13.937  1371  1959 I MediaPlayerService: MediaPlayerService::getOMX
02-20 20:54:13.937  1677  2059 I OMXClient: MuxOMX ctor
02-20 20:54:13.937  1368  2008 I OMXMaster: makeComponentInstance(OMX.google.vorbis.decoder) in mediacodec process
02-20 20:54:13.942  2048  2048 I bootstat: Service started: /system/bin/bootstat --record_time_since_factory_reset 
02-20 20:54:13.942  2048  2048 I bootstat: Logging histogram: factory_reset_current_time 1519160053
02-20 20:54:13.942  2048  2048 I sysui_histogram: [factory_reset_current_time,1519160053]
02-20 20:54:13.952  2064  2064 I auditd  : type=1400 audit(0.0:14): avc: denied { getattr } for comm="bootstat" path="/vendor" dev="rootfs" ino=2986 scontext=u:r:bootstat:s0 tcontext=u:object_r:rootfs:s0 tclass=lnk_file permissive=0
02-20 20:54:13.952  2064  2064 W bootstat: type=1400 audit(0.0:14): avc: denied { getattr } for path="/vendor" dev="rootfs" ino=2986 scontext=u:r:bootstat:s0 tcontext=u:object_r:rootfs:s0 tclass=lnk_file permissive=0
02-20 20:54:13.962     0     0 I init    : Service 'exec 8 (/system/bin/bootstat)' (pid 2048) exited with status 0
02-20 20:54:13.963     0     0 I init    : Starting service 'exec 9 (/system/bin/bootstat)'...
02-20 20:54:13.960  2048  2048 I bootstat: Logging histogram: bootstat_mtime_matches_content 1
02-20 20:54:13.960  2048  2048 I sysui_histogram: [bootstat_mtime_matches_content,1]
02-20 20:54:13.960  2048  2048 I bootstat: Logging histogram: factory_reset_record_value 1519154248
02-20 20:54:13.960  2048  2048 I sysui_histogram: [factory_reset_record_value,1519154248]
02-20 20:54:13.962  1371  1959 I MediaPlayerService: MediaPlayerService::getOMX
02-20 20:54:13.963  1677  2062 I OMXClient: MuxOMX ctor
02-20 20:54:13.964  1368  1389 I OMXMaster: makeComponentInstance(OMX.google.vorbis.decoder) in mediacodec process
02-20 20:54:13.975  2064  2064 I bootstat: Service started: /system/bin/bootstat -l 
02-20 20:54:13.976  2064  2064 I bootstat: Logging histogram: bootstat_mtime_matches_content 1
02-20 20:54:13.977  2064  2064 I sysui_histogram: [bootstat_mtime_matches_content,1]
02-20 20:54:13.977  2064  2064 I bootstat: Logging histogram: bootstat_mtime_matches_content 1
02-20 20:54:13.977  2064  2064 I sysui_histogram: [bootstat_mtime_matches_content,1]
02-20 20:54:13.977  2064  2064 I bootstat: Logging histogram: bootstat_mtime_matches_content 1
02-20 20:54:13.977  2064  2064 I sysui_histogram: [bootstat_mtime_matches_content,1]
02-20 20:54:13.977  2064  2064 I bootstat: Logging histogram: bootstat_mtime_matches_content 1
02-20 20:54:13.977  2064  2064 I sysui_histogram: [bootstat_mtime_matches_content,1]
02-20 20:54:13.978  2064  2064 I bootstat: Logging histogram: bootstat_mtime_matches_content 1
02-20 20:54:13.978  2064  2064 I sysui_histogram: [bootstat_mtime_matches_content,1]
02-20 20:54:13.978  2064  2064 I bootstat: Logging histogram: bootstat_mtime_matches_content 1
02-20 20:54:13.978  2064  2064 I sysui_histogram: [bootstat_mtime_matches_content,1]
02-20 20:54:13.978  2064  2064 I bootstat: Logging histogram: bootstat_mtime_matches_content 1
02-20 20:54:13.978  2064  2064 I sysui_histogram: [bootstat_mtime_matches_content,1]
02-20 20:54:13.978  2064  2064 I bootstat: Logging histogram: bootstat_mtime_matches_content 1
02-20 20:54:13.978  2064  2064 I sysui_histogram: [bootstat_mtime_matches_content,1]
02-20 20:54:13.978  2064  2064 I bootstat: Logging histogram: bootstat_mtime_matches_content 1
02-20 20:54:13.978  2064  2064 I sysui_histogram: [bootstat_mtime_matches_content,1]
02-20 20:54:13.978  2064  2064 I bootstat: Logging histogram: bootstat_mtime_matches_content 1
02-20 20:54:13.978  2064  2064 I sysui_histogram: [bootstat_mtime_matches_content,1]
02-20 20:54:13.978  2064  2064 I bootstat: Logging histogram: bootstat_mtime_matches_content 1
02-20 20:54:13.978  2064  2064 I sysui_histogram: [bootstat_mtime_matches_content,1]
02-20 20:54:13.978  2064  2064 I bootstat: Logging histogram: bootstat_mtime_matches_content 1
02-20 20:54:13.978  2064  2064 I sysui_histogram: [bootstat_mtime_matches_content,1]
02-20 20:54:13.978  2064  2064 I bootstat: Logging histogram: bootstat_mtime_matches_content 1
02-20 20:54:13.978  2064  2064 I sysui_histogram: [bootstat_mtime_matches_content,1]
02-20 20:54:13.978  2064  2064 I bootstat: Logging histogram: bootstat_mtime_matches_content 1
02-20 20:54:13.978  2064  2064 I sysui_histogram: [bootstat_mtime_matches_content,1]
02-20 20:54:13.978  2064  2064 I bootstat: Logging histogram: post_decrypt_time_elapsed 2
02-20 20:54:13.978  2064  2064 I sysui_histogram: [post_decrypt_time_elapsed,2]
02-20 20:54:13.978  2064  2064 I bootstat: Logging histogram: last_boot_time_utc 1519160053
02-20 20:54:13.978  2064  2064 I sysui_histogram: [last_boot_time_utc,1519160053]
02-20 20:54:13.978  2064  2064 I bootstat: Logging histogram: build_date 1513095943
02-20 20:54:13.978  2064  2064 I sysui_histogram: [build_date,1513095943]
02-20 20:54:13.978  2064  2064 I bootstat: Logging histogram: boot_decryption_complete 10
02-20 20:54:13.978  2064  2064 I sysui_histogram: [boot_decryption_complete,10]
02-20 20:54:13.978  2064  2064 I bootstat: Logging histogram: ota_boot_complete_post_decrypt 7
02-20 20:54:13.978  2064  2064 I sysui_histogram: [ota_boot_complete_post_decrypt,7]
02-20 20:54:13.978  2064  2064 I bootstat: Logging histogram: ota_boot_complete 9
02-20 20:54:13.978  2064  2064 I sysui_histogram: [ota_boot_complete,9]
02-20 20:54:13.978  2064  2064 I bootstat: Logging histogram: boot_reason 1
02-20 20:54:13.978  2064  2064 I sysui_histogram: [boot_reason,1]
02-20 20:54:13.978  2064  2064 I bootstat: Logging histogram: factory_reset_current_time 1519160053
02-20 20:54:13.978  2064  2064 I sysui_histogram: [factory_reset_current_time,1519160053]
02-20 20:54:13.978  2064  2064 I bootstat: Logging histogram: factory_reset 1519154248
02-20 20:54:13.978  2064  2064 I sysui_histogram: [factory_reset,1519154248]
02-20 20:54:13.978  2064  2064 I bootstat: Logging histogram: time_since_last_boot 67
02-20 20:54:13.978  2064  2064 I sysui_histogram: [time_since_last_boot,67]
02-20 20:54:13.978  2064  2064 I bootstat: Logging histogram: boot_complete_post_decrypt 8
02-20 20:54:13.978  2064  2064 I sysui_histogram: [boot_complete_post_decrypt,8]
02-20 20:54:13.978  2064  2064 I bootstat: Logging histogram: boot_complete 10
02-20 20:54:13.978  2064  2064 I sysui_histogram: [boot_complete,10]
02-20 20:54:13.978  2064  2064 I bootstat: Logging histogram: factory_reset_record_value 1519154248
02-20 20:54:13.978  2064  2064 I sysui_histogram: [factory_reset_record_value,1519154248]
02-20 20:54:13.978  2064  2064 I bootstat: Logging histogram: time_since_factory_reset 5805
02-20 20:54:13.978  2064  2064 I sysui_histogram: [time_since_factory_reset,5805]
02-20 20:54:13.979  2010  2010 W System  : ClassLoader referenced unknown path: /system/priv-app/CellBroadcastReceiver/lib/x86_64
02-20 20:54:13.980     0     0 I init    : Service 'exec 9 (/system/bin/bootstat)' (pid 2064) exited with status 0
02-20 20:54:13.981     0     0 I init    : write_file: Unable to open '/sys/class/android_usb/android0/enable': No such file or directory
02-20 20:54:13.989     0     0 I init    : write_file: Unable to open '/sys/class/android_usb/android0/idVendor': No such file or directory
02-20 20:54:13.994     0     0 I init    : write_file: Unable to open '/sys/class/android_usb/android0/idProduct': No such file or directory
02-20 20:54:13.995     0     0 I init    : write_file: Unable to open '/sys/class/android_usb/android0/functions': No such file or directory
02-20 20:54:13.996     0     0 I init    : write_file: Unable to open '/sys/class/android_usb/android0/enable': No such file or directory
02-20 20:54:14.049  1371  1840 I MediaPlayerService: MediaPlayerService::getOMX
02-20 20:54:14.049  1765  2066 I OMXClient: MuxOMX ctor
02-20 20:54:14.050  1368  1838 I OMXMaster: makeComponentInstance(OMX.google.vorbis.decoder) in mediacodec process
02-20 20:54:14.056  1677  1698 V PackageManager: reconcileAppsData finished 100 packages
02-20 20:54:14.056  1677  1688 W art     : Long monitor contention with owner android.display (1698) at void com.android.server.am.ActivityManagerService.finishBooting()(ActivityManagerService.java:6823) waiters=0 in android.content.Intent com.android.server.am.ActivityManagerService.registerReceiver(android.app.IApplicationThread, java.lang.String, android.content.IIntentReceiver, android.content.IntentFilter, java.lang.String, int) for 162ms
02-20 20:54:14.056  1677  1688 I dvm_lock_sample: [system_server,1,Binder:1677_1,162,ActivityManagerService.java,17547,-,6823,32]
02-20 20:54:14.056  1677  2035 I am_proc_bound: [0,2042,com.google.android.ext.services]
02-20 20:54:14.061  1914  1914 D PhoneSwitcherNetworkRequstListener: Registering NetworkFactory
02-20 20:54:14.061  1677  1737 D ConnectivityService: Got NetworkFactory Messenger for PhoneSwitcherNetworkRequstListener
02-20 20:54:14.062  1914  1914 D PhoneSwitcher: PhoneSwitcher started
02-20 20:54:14.062  1914  1914 D ProxyController: Constructor - Enter
02-20 20:54:14.070  1914  1914 D ProxyController: clearTransaction
02-20 20:54:14.070  1914  1914 D ProxyController: clearTransaction: phoneId=0 status=IDLE
02-20 20:54:14.070  1914  1914 D ProxyController: Constructor - Exit
02-20 20:54:14.071  1914  1914 D TelephonyNetworkFactory[0]: Registering NetworkFactory
02-20 20:54:14.071  1677  1737 D ConnectivityService: Got NetworkFactory Messenger for TelephonyNetworkFactory[0]
02-20 20:54:14.076  1677  1691 D MountService: onUnlockUser 0
02-20 20:54:14.076  1677  1691 D VoldConnector: SND -> {7 volume user_started 0}
02-20 20:54:14.079  2042  2042 W System  : ClassLoader referenced unknown path: /system/priv-app/GoogleExtServices/lib/x86_64
02-20 20:54:14.084  1267  1302 D vold    : Linking /storage/emulated/0 to /mnt/user/0/primary
02-20 20:54:14.086  1677  1722 D VoldConnector: RCV <- {200 7 Command succeeded}
02-20 20:54:14.087  1677  1721 D MountService: Volume public:253,64 broadcasting mounted to UserHandle{0}
02-20 20:54:14.093  1677  1721 D MountService: Volume emulated broadcasting mounted to UserHandle{0}
02-20 20:54:14.103  1914  1914 D CallManager: registerPhone(GSM Handler (com.android.internal.telephony.GsmCdmaPhone) {354991f})
02-20 20:54:14.109  1677  1744 W art     : Long monitor contention with owner android.display (1698) at void com.android.server.am.ActivityManagerService.finishBooting()(ActivityManagerService.java:6823) waiters=3 in android.app.IActivityManager$ContentProviderHolder com.android.server.am.ActivityManagerService.getContentProviderImpl(android.app.IApplicationThread, java.lang.String, android.os.IBinder, boolean, int) for 176ms
02-20 20:54:14.110  1677  1689 I StatusBarManagerService: registerStatusBar bar=com.android.internal.statusbar.IStatusBar$Stub$Proxy@f291068
02-20 20:54:14.124  1677  1689 D TelephonyRegistry: listen oscl: hasNotifySubscriptionInfoChangedOccurred==false no callback
02-20 20:54:14.128  1677  1744 I dvm_lock_sample: [system_server,0,ConditionProviders.ECP,176,ActivityManagerService.java,10666,-,6823,35]
02-20 20:54:14.158  1677  1742 D NotificationSQLiteLog: Pruned event entries: 0
02-20 20:54:14.165  1677  1744 I am_proc_start: [0,2074,10002,com.android.providers.calendar,content provider,com.android.providers.calendar/.CalendarProvider2]
02-20 20:54:14.165  1677  1744 I ActivityManager: Start proc 2074:com.android.providers.calendar/u0a2 for content provider com.android.providers.calendar/.CalendarProvider2
02-20 20:54:14.168  1677  1691 V BackupManagerService: No ancestral data
02-20 20:54:14.175  1677  1691 V BackupManagerService: Starting with transport android/com.android.internal.backup.LocalTransport
02-20 20:54:14.175  1677  1691 V BackupManagerService: Found transports: 2
02-20 20:54:14.177  1914  1914 D CarrierConfigLoader: CarrierConfigLoader has started
02-20 20:54:14.177  1914  1914 E BluetoothAdapter: Bluetooth binder is null
02-20 20:54:14.177  1677  2035 D TelephonyRegistry: listen oscl: hasNotifySubscriptionInfoChangedOccurred==false no callback
02-20 20:54:14.178  2074  2074 W art     : Unexpected CPU variant for X86 using defaults: x86_64
02-20 20:54:14.187  1677  1691 I am_proc_start: [0,2084,10014,com.google.android.gms.persistent,service,com.google.android.gms/.backup.BackupTransportService]
02-20 20:54:14.187  1677  1691 I ActivityManager: Start proc 2084:com.google.android.gms.persistent/u0a14 for service com.google.android.gms/.backup.BackupTransportService
02-20 20:54:14.188  1677  1677 V BackupManagerService: Connected to transport ComponentInfo{android/com.android.internal.backup.LocalTransportService}
02-20 20:54:14.188  1677  1677 V BackupManagerService: Registering transport android/com.android.internal.backup.LocalTransportService::android/com.android.internal.backup.LocalTransport = android.app.backup.BackupTransport$TransportImpl@2ed445e
02-20 20:54:14.188  1677  1677 I backup_transport_lifecycle: [android/com.android.internal.backup.LocalTransportService,1]
02-20 20:54:14.191  1677  1691 I BackupManagerService: Backup enabled => false
02-20 20:54:14.198  2084  2084 W art     : Unexpected CPU variant for X86 using defaults: x86_64
02-20 20:54:14.208  1677  2072 V KeyValueBackupJob: Scheduling k/v pass in 241 minutes
02-20 20:54:14.215  1677  1689 I am_proc_start: [0,2111,10001,android.process.acore,content provider,com.android.providers.contacts/.ContactsProvider2]
02-20 20:54:14.215  1677  1689 I ActivityManager: Start proc 2111:android.process.acore/u0a1 for content provider com.android.providers.contacts/.ContactsProvider2
02-20 20:54:14.215  1677  1791 I am_proc_bound: [0,2074,com.android.providers.calendar]
02-20 20:54:14.217  1677  2035 I am_proc_bound: [0,2084,com.google.android.gms.persistent]
02-20 20:54:14.226  2111  2111 W art     : Unexpected CPU variant for X86 using defaults: x86_64
02-20 20:54:14.233  1914  1914 D RILJ    : [3655]> RIL_REQUEST_SET_TTY_MODE : 0 [SUB0]
02-20 20:54:14.233  1373  1492 D RIL     : onRequest: SET_TTY_MODE
02-20 20:54:14.234  1914  1990 D RilRequest: [3655]< RIL_REQUEST_SET_TTY_MODE error: com.android.internal.telephony.CommandException: RADIO_NOT_AVAILABLE ret=
02-20 20:54:14.234  1914  1914 I Telephony: TtyManager: updateUiTtyMode -1 -> 0
02-20 20:54:14.235  1677  1688 I am_proc_bound: [0,2111,android.process.acore]
02-20 20:54:14.236  1677  1777 D TelephonyRegistry: listen oscl: hasNotifySubscriptionInfoChangedOccurred==false no callback
02-20 20:54:14.237  1914  1914 D SubscriptionController: [getPhoneId] asked for default subId=-1
02-20 20:54:14.238  1914  1914 D UiccController: Received EVENT_ICC_STATUS_CHANGED, calling getIccCardStatus
02-20 20:54:14.238  1914  1914 D RILJ    : [3656]> GET_SIM_STATUS [SUB0]
02-20 20:54:14.238  1373  1492 D RIL     : onRequest: GET_SIM_STATUS
02-20 20:54:14.238  1373  1492 D RIL     : getSIMStatus(). sState: 0
02-20 20:54:14.239  1914  1990 D RILJ    : [3656]< GET_SIM_STATUS IccCardState {CARDSTATE_PRESENT,PINSTATE_UNKNOWN,num_apps=2,gsm_id=0{APPTYPE_SIM,APPSTATE_DETECTED},cdma_id=1{APPTYPE_RUIM,APPSTATE_DETECTED},ims_id=8} [SUB0]
02-20 20:54:14.239  1914  1914 D Phone   : config LCE service failed: com.android.internal.telephony.CommandException: RADIO_NOT_AVAILABLE
02-20 20:54:14.239  1914  1914 D GsmSMSDispatcher: GsmSMSDispatcher: subId = -2 slotId = 0
02-20 20:54:14.239  1914  1914 E IccCardProxy: setExternalState: !override and newstate unchanged from NOT_READY
02-20 20:54:14.239  1914  1914 D RILJ    : [3657]> BASEBAND_VERSION [SUB0]
02-20 20:54:14.239  1373  1492 D RIL     : onRequest: BASEBAND_VERSION
02-20 20:54:14.239  1914  1914 D RILJ    : [3658]> GET_IMEI [SUB0]
02-20 20:54:14.239  1914  1990 D RilRequest: [3657]< BASEBAND_VERSION error: com.android.internal.telephony.CommandException: RADIO_NOT_AVAILABLE ret=
02-20 20:54:14.239  1373  1492 D RIL     : onRequest: GET_IMEI
02-20 20:54:14.239  1373  1492 D AT      : AT> AT+CGSN
02-20 20:54:14.240  1373  1495 D AT      : AT< 000000000000000
02-20 20:54:14.240  1373  1495 D AT      : AT< OK
02-20 20:54:14.239  1914  1914 D RILJ    : [3659]> GET_IMEISV [SUB0]
02-20 20:54:14.240  1914  1990 D RILJ    : [3658]< GET_IMEI  [SUB0]
02-20 20:54:14.240  1373  1492 D RIL     : onRequest: GET_IMEISV
02-20 20:54:14.240  1914  1914 D RILJ    : [3660]> RIL_REQUEST_GET_RADIO_CAPABILITY [SUB0]
02-20 20:54:14.240  1914  1990 D RilRequest: [3659]< GET_IMEISV error: com.android.internal.telephony.CommandException: RADIO_NOT_AVAILABLE ret=
02-20 20:54:14.240  1373  1492 D RIL     : onRequest: RIL_REQUEST_GET_RADIO_CAPABILITY
02-20 20:54:14.240  1914  1914 D RILJ    : [3661]> RIL_REQUEST_START_LCE [SUB0]
02-20 20:54:14.240  1914  1990 D RilRequest: [3660]< RIL_REQUEST_GET_RADIO_CAPABILITY error: com.android.internal.telephony.CommandException: RADIO_NOT_AVAILABLE ret=
02-20 20:54:14.240  1373  1492 D RIL     : onRequest: <unknown request>
02-20 20:54:14.240  1914  1914 D GsmCdmaPhone: [GsmCdmaPhone] Event EVENT_RADIO_OFF_OR_NOT_AVAILABLE Received
02-20 20:54:14.240  1914  1914 E IccCardProxy: setExternalState: !override and newstate unchanged from NOT_READY
02-20 20:54:14.240  1914  1914 D SST     : mDeviceShuttingDown=false, mDesiredPowerState=true, getRadioState=RADIO_OFF, mPowerOffDelayNeed=true, mAlarmSwitch=false, mRadioDisabledByCarrier=false
02-20 20:54:14.240  1914  1914 D RILJ    : [3662]> RADIO_POWER on [SUB0]
02-20 20:54:14.241  1914  1990 D RilRequest: [3661]< RIL_REQUEST_START_LCE error: com.android.internal.telephony.CommandException: RADIO_NOT_AVAILABLE ret=
02-20 20:54:14.241  1373  1492 D RIL     : onRequest: RADIO_POWER
02-20 20:54:14.241  1373  1492 D AT      : AT> AT+CFUN=1
02-20 20:54:14.241  1373  1495 D AT      : AT< OK
02-20 20:54:14.242  1373  1492 D RIL     : setRadioState(10)
02-20 20:54:14.242  1914  1914 D RILJ    : [3663]> OPERATOR [SUB0]
02-20 20:54:14.242  1914  1990 D RILJ    : [UNSL]< UNSOL_RESPONSE_RADIO_STATE_CHANGED RADIO_ON [SUB0]
02-20 20:54:14.243  1373  1492 D RIL     : onRequest: OPERATOR
02-20 20:54:14.243  1373  1492 D AT      : AT> AT+COPS=3,0;+COPS?;+COPS=3,1;+COPS?;+COPS=3,2;+COPS?
02-20 20:54:14.243  1914  1914 D RILJ    : [3664]> DATA_REGISTRATION_STATE [SUB0]
02-20 20:54:14.243  1914  1990 D RILJ    : [UNSL]< UNSOL_RESPONSE_SIM_STATUS_CHANGED [SUB0]
02-20 20:54:14.243  1373  1495 D AT      : AT< +COPS: 0,0,"Android"
02-20 20:54:14.243  1373  1495 D AT      : AT< +COPS: 0,1,"Android"
02-20 20:54:14.243  1373  1495 D AT      : AT< +COPS: 0,2,"310260"
02-20 20:54:14.243  1373  1495 D AT      : AT< OK
02-20 20:54:14.243  1914  1990 D RILJ    : [3662]< RADIO_POWER  [SUB0]
02-20 20:54:14.244  1373  1492 D RIL     : onRequest: DATA_REGISTRATION_STATE
02-20 20:54:14.244  1373  1492 D RIL     : requestRegistrationState
02-20 20:54:14.244  1373  1492 D AT      : AT> AT+CGREG?
02-20 20:54:14.244  1914  1914 D RILJ    : [3665]> VOICE_REGISTRATION_STATE [SUB0]
02-20 20:54:14.244  1914  1990 D RILJ    : [3663]< OPERATOR {Android, Android, 310260} [SUB0]
02-20 20:54:14.244  1373  1495 D AT      : AT< +CGREG: 1,1,"0003","005b","000e"
02-20 20:54:14.244  1373  1495 D AT      : AT< OK
02-20 20:54:14.244  1373  1492 D RIL     : parseRegistrationState. Parsing: +CGREG: 1,1,"0003","005b","000e"
02-20 20:54:14.244  1373  1492 D RIL     : registration state type: 3GPP
02-20 20:54:14.244  1373  1492 D RIL     : onRequest: VOICE_REGISTRATION_STATE
02-20 20:54:14.244  1373  1492 D RIL     : requestRegistrationState
02-20 20:54:14.244  1373  1492 D AT      : AT> AT+CREG?
02-20 20:54:14.244  1914  1914 D RILJ    : [3666]> QUERY_NETWORK_SELECTION_MODE [SUB0]
02-20 20:54:14.244  1373  1495 D AT      : AT< +CREG: 2,1, "0003", "005b"
02-20 20:54:14.244  1373  1495 D AT      : AT< OK
02-20 20:54:14.244  1373  1492 D RIL     : parseRegistrationState. Parsing: +CREG: 2,1, "0003", "005b"
02-20 20:54:14.244  1373  1492 D RIL     : registration state type: 3GPP
02-20 20:54:14.244  1914  1990 D RILJ    : [3664]< DATA_REGISTRATION_STATE {1, 3, 5b, 14, null, null} [SUB0]
02-20 20:54:14.244  1914  1914 D SST     : NITZ: 18/02/20:20:54:07+0:0:Unknown!Unknown,4055 start=11244 delay=7189
02-20 20:54:14.244  1914  1990 D RILJ    : [3665]< VOICE_REGISTRATION_STATE {1, 3, 5b, 0, null, null, null, null, null, null, null, null, null, null, null} [SUB0]
02-20 20:54:14.244  1373  1492 D RIL     : onRequest: QUERY_NETWORK_SELECTION_MODE
02-20 20:54:14.244  1373  1492 D AT      : AT> AT+COPS?
02-20 20:54:14.244  1373  1495 D AT      : AT< +COPS: 0,2,310260
02-20 20:54:14.244  1373  1495 D AT      : AT< OK
02-20 20:54:14.244  1914  1990 D RILJ    : [3666]< QUERY_NETWORK_SELECTION_MODE {0} [SUB0]
02-20 20:54:14.244  1914  1914 D SST     : NITZ: tzOffset=0 dst=0 zone=GMT iso= mGotCountryCode=false mNeedFixZoneAfterNitz=false
02-20 20:54:14.244  1914  1914 D SST     : setAndBroadcastNetworkSetTimeZone: setTimeZone=GMT
02-20 20:54:14.245  1677  1688 D AlarmManagerService: Kernel timezone updated to 0 minutes west of GMT
02-20 20:54:14.245  1914  1914 D SST     : setAndBroadcastNetworkSetTimeZone: call alarm.setTimeZone and broadcast zoneId=GMT
02-20 20:54:14.245  1914  1914 D SST     : NITZ: Setting time of day to Tue Feb 20 20:54:14 GMT+00:00 2018 NITZ receive delay(ms): 7190 gained(ms): -55 from 18/02/20:20:54:07+0:0:Unknown!Unknown
02-20 20:54:14.245  1914  1914 D SST     : setAndBroadcastNetworkSetTime: time=1519160054190ms
02-20 20:54:14.245  1677  1777 D AlarmManagerService: Setting time of day to sec=1519160054
02-20 20:54:14.190  1677  1777 W AlarmManagerService: Unable to set rtc to 1519160054: No such device
02-20 20:54:14.194  1914  1914 I SST     : NITZ: after Setting time of day
02-20 20:54:14.195  1914  1914 D SST     : NITZ: end=11251 dur=7
02-20 20:54:14.195  1914  1914 D SST     : onSignalStrengthResult() Exception from RIL : com.android.internal.telephony.CommandException: RADIO_NOT_AVAILABLE
02-20 20:54:14.196  1914  1914 D SST     : mDeviceShuttingDown=false, mDesiredPowerState=true, getRadioState=RADIO_ON, mPowerOffDelayNeed=true, mAlarmSwitch=false, mRadioDisabledByCarrier=false
02-20 20:54:14.196  1914  1914 D RILJ    : [3667]> OPERATOR [SUB0]
02-20 20:54:14.198  1914  1914 D RILJ    : [3668]> DATA_REGISTRATION_STATE [SUB0]
02-20 20:54:14.198  1914  1914 D RILJ    : [3669]> VOICE_REGISTRATION_STATE [SUB0]
02-20 20:54:14.199  1914  1914 D RILJ    : [3670]> QUERY_NETWORK_SELECTION_MODE [SUB0]
02-20 20:54:14.199  1914  1914 D DCT     : [0]NETWORK_STATE_CHANGED_ACTION: mIsWifiConnected=false
02-20 20:54:14.199  1914  1914 D DCT     : [0]Wifi state changed
02-20 20:54:14.199  1914  1914 D DCT     : [0]WIFI_STATE_CHANGED_ACTION: enabled=true mIsWifiConnected=false
02-20 20:54:14.199  1914  1914 D DCT     : [0]onRadioAvailable
02-20 20:54:14.199  1914  1914 D DCT     : [0]onRadioOffOrNotAvailable: is off and clean up all connections
02-20 20:54:14.199  1914  1914 D DCT     : [0]cleanUpAllConnections: tearDown=false reason=radioTurnedOff
02-20 20:54:14.199  1914  1914 D GsmCdmaPhone: [GsmCdmaPhone] getDataConnectionState apnType=default ret=DISCONNECTED
02-20 20:54:14.200  1914  1914 D DCT     : [0]cleanUpConnection: X tearDown=false reason=radioTurnedOff apnContext={mApnType=default mState=IDLE mWaitingApns={null} mApnSetting={null} mReason=radioTurnedOff mDataEnabled=false mDependencyMet=true} dcac=null
02-20 20:54:14.200  1914  1914 D GsmCdmaPhone: [GsmCdmaPhone] getDataConnectionState apnType=mms ret=DISCONNECTED
02-20 20:54:14.201  1914  1914 D DCT     : [0]cleanUpConnection: X tearDown=false reason=radioTurnedOff apnContext={mApnType=mms mState=IDLE mWaitingApns={null} mApnSetting={null} mReason=radioTurnedOff mDataEnabled=false mDependencyMet=true} dcac=null
02-20 20:54:14.201  1914  1914 D GsmCdmaPhone: [GsmCdmaPhone] getDataConnectionState apnType=cbs ret=DISCONNECTED
02-20 20:54:14.201  1914  1914 D DCT     : [0]cleanUpConnection: X tearDown=false reason=radioTurnedOff apnContext={mApnType=cbs mState=IDLE mWaitingApns={null} mApnSetting={null} mReason=radioTurnedOff mDataEnabled=false mDependencyMet=true} dcac=null
02-20 20:54:14.201  1914  1914 D GsmCdmaPhone: [GsmCdmaPhone] getDataConnectionState apnType=fota ret=DISCONNECTED
02-20 20:54:14.201  1914  1914 D DCT     : [0]cleanUpConnection: X tearDown=false reason=radioTurnedOff apnContext={mApnType=fota mState=IDLE mWaitingApns={null} mApnSetting={null} mReason=radioTurnedOff mDataEnabled=false mDependencyMet=true} dcac=null
02-20 20:54:14.201  1914  1914 D GsmCdmaPhone: [GsmCdmaPhone] getDataConnectionState apnType=supl ret=DISCONNECTED
02-20 20:54:14.202  1914  1914 D DCT     : [0]cleanUpConnection: X tearDown=false reason=radioTurnedOff apnContext={mApnType=supl mState=IDLE mWaitingApns={null} mApnSetting={null} mReason=radioTurnedOff mDataEnabled=false mDependencyMet=true} dcac=null
02-20 20:54:14.202  1914  1914 D GsmCdmaPhone: [GsmCdmaPhone] getDataConnectionState apnType=ia ret=DISCONNECTED
02-20 20:54:14.203  1914  1914 D DCT     : [0]cleanUpConnection: X tearDown=false reason=radioTurnedOff apnContext={mApnType=ia mState=IDLE mWaitingApns={null} mApnSetting={null} mReason=radioTurnedOff mDataEnabled=false mDependencyMet=true} dcac=null
02-20 20:54:14.203  1914  1914 D GsmCdmaPhone: [GsmCdmaPhone] getDataConnectionState apnType=emergency ret=DISCONNECTED
02-20 20:54:14.204  1914  1914 D DCT     : [0]cleanUpConnection: X tearDown=false reason=radioTurnedOff apnContext={mApnType=emergency mState=IDLE mWaitingApns={null} mApnSetting={null} mReason=radioTurnedOff mDataEnabled=false mDependencyMet=true} dcac=null
02-20 20:54:14.204  1914  1914 D GsmCdmaPhone: [GsmCdmaPhone] getDataConnectionState apnType=hipri ret=DISCONNECTED
02-20 20:54:14.204  1914  1914 D DCT     : [0]cleanUpConnection: X tearDown=false reason=radioTurnedOff apnContext={mApnType=hipri mState=IDLE mWaitingApns={null} mApnSetting={null} mReason=radioTurnedOff mDataEnabled=false mDependencyMet=true} dcac=null
02-20 20:54:14.204  1914  1914 D GsmCdmaPhone: [GsmCdmaPhone] getDataConnectionState apnType=ims ret=DISCONNECTED
02-20 20:54:14.204  1373  1492 D RIL     : onRequest: OPERATOR
02-20 20:54:14.204  1373  1492 D AT      : AT> AT+COPS=3,0;+COPS?;+COPS=3,1;+COPS?;+COPS=3,2;+COPS?
02-20 20:54:14.204  1373  1495 D AT      : AT< +COPS: 0,0,"Android"
02-20 20:54:14.204  1373  1495 D AT      : AT< +COPS: 0,1,"Android"
02-20 20:54:14.204  1373  1495 D AT      : AT< +COPS: 0,2,"310260"
02-20 20:54:14.204  1373  1495 D AT      : AT< OK
02-20 20:54:14.204  1373  1492 D RIL     : onRequest: DATA_REGISTRATION_STATE
02-20 20:54:14.204  1373  1492 D RIL     : requestRegistrationState
02-20 20:54:14.204  1373  1492 D AT      : AT> AT+CGREG?
02-20 20:54:14.204  1914  1914 D DCT     : [0]cleanUpConnection: X tearDown=false reason=radioTurnedOff apnContext={mApnType=ims mState=IDLE mWaitingApns={null} mApnSetting={null} mReason=radioTurnedOff mDataEnabled=false mDependencyMet=true} dcac=null
02-20 20:54:14.204  1914  1990 D RILJ    : [3667]< OPERATOR {Android, Android, 310260} [SUB0]
02-20 20:54:14.204  1914  1914 D DCT     : [0]stopNetStatPoll
02-20 20:54:14.204  1373  1495 D AT      : AT< +CGREG: 1,1,"0003","005b","000e"
02-20 20:54:14.204  1373  1495 D AT      : AT< OK
02-20 20:54:14.205  1373  1492 D RIL     : parseRegistrationState. Parsing: +CGREG: 1,1,"0003","005b","000e"
02-20 20:54:14.205  1373  1492 D RIL     : registration state type: 3GPP
02-20 20:54:14.205  1373  1492 D RIL     : onRequest: VOICE_REGISTRATION_STATE
02-20 20:54:14.205  1373  1492 D RIL     : requestRegistrationState
02-20 20:54:14.205  1373  1492 D AT      : AT> AT+CREG?
02-20 20:54:14.205  1373  1495 D AT      : AT< +CREG: 2,1, "0003", "005b"
02-20 20:54:14.205  1373  1495 D AT      : AT< OK
02-20 20:54:14.205  1914  1990 D RILJ    : [3668]< DATA_REGISTRATION_STATE {1, 3, 5b, 14, null, null} [SUB0]
02-20 20:54:14.205  1914  1914 D DCT     : [0]cleanUpConnection: mDisconnectPendingCount = 0
02-20 20:54:14.205  1373  1492 D RIL     : parseRegistrationState. Parsing: +CREG: 2,1, "0003", "005b"
02-20 20:54:14.205  1373  1492 D RIL     : registration state type: 3GPP
02-20 20:54:14.205  1373  1492 D RIL     : onRequest: QUERY_NETWORK_SELECTION_MODE
02-20 20:54:14.205  1373  1492 D AT      : AT> AT+COPS?
02-20 20:54:14.205  1373  1495 D AT      : AT< +COPS: 0,2,310260
02-20 20:54:14.205  1914  1914 D DCT     : [0]isDataAllowed: No - Not attached - SIM not loaded
02-20 20:54:14.205  1373  1495 D AT      : AT< OK
02-20 20:54:14.205  1914  1990 D RILJ    : [3669]< VOICE_REGISTRATION_STATE {1, 3, 5b, 0, null, null, null, null, null, null, null, null, null, null, null} [SUB0]
02-20 20:54:14.205  1914  1990 D RILJ    : [3670]< QUERY_NETWORK_SELECTION_MODE {0} [SUB0]
02-20 20:54:14.214  1914  1914 D DCT     : [0]onDataConnectionDetached: stop polling and notify detached
02-20 20:54:14.214  1914  1914 D DCT     : [0]stopNetStatPoll
02-20 20:54:14.214  1914  1914 D DCT     : [0]notifyDataConnection: reason=dataDetached
02-20 20:54:14.214  1914  1914 D DCT     : [0]isDataAllowed: No - Not attached - SIM not loaded
02-20 20:54:14.222  2111  2111 W System  : ClassLoader referenced unknown path: /system/priv-app/ContactsProvider/lib/x86_64
02-20 20:54:14.223  1914  1914 D DCT     : [0]onRoamingOff
02-20 20:54:14.224  1914  1914 D DCT     : [0]isDataAllowed: No - Not attached - SIM not loaded
02-20 20:54:14.227  2074  2074 W System  : ClassLoader referenced unknown path: /system/priv-app/CalendarProvider/lib/x86_64
02-20 20:54:14.231  1914  1914 D DCT     : [0]setupDataOnConnectableApns: roamingOff hipri:[state=IDLE,enabled=false] mms:[state=IDLE,enabled=false] supl:[state=IDLE,enabled=false] ia:[state=IDLE,enabled=false] fota:[state=IDLE,enabled=false] ims:[state=IDLE,enabled=false] cbs:[state=IDLE,enabled=false] default:[state=IDLE,enabled=false] emergency:[state=IDLE,enabled=false] 
02-20 20:54:14.231  1914  1914 D DCT     : [0]setupDataOnConnectableApns: nwTypeChanged hipri:[state=IDLE,enabled=false] mms:[state=IDLE,enabled=false] supl:[state=IDLE,enabled=false] ia:[state=IDLE,enabled=false] fota:[state=IDLE,enabled=false] ims:[state=IDLE,enabled=false] cbs:[state=IDLE,enabled=false] default:[state=IDLE,enabled=false] emergency:[state=IDLE,enabled=false] 
02-20 20:54:14.231  1914  1914 D SubscriptionInfoUpdater: [Receiver]+
02-20 20:54:14.231  1914  1914 D SubscriptionInfoUpdater: Action: android.intent.action.SIM_STATE_CHANGED
02-20 20:54:14.231  1914  1914 D SubscriptionInfoUpdater: slotId: 0
02-20 20:54:14.231  1914  1914 D SubscriptionInfoUpdater: simStatus: NOT_READY
02-20 20:54:14.231  1914  1914 D SubscriptionInfoUpdater: Ignoring simStatus: NOT_READY
02-20 20:54:14.231  1914  1914 D SubscriptionInfoUpdater: [Receiver]-
02-20 20:54:14.231  1914  1914 D PhoneSwitcherNetworkRequstListener: got request NetworkRequest [ REQUEST id=1, [ Capabilities: INTERNET&NOT_RESTRICTED&TRUSTED&NOT_VPN] ] with score 0
02-20 20:54:14.231  1914  1914 D TelephonyNetworkFactory[0]: onSubIdChange -1->-2
02-20 20:54:14.231  1914  1914 D TelephonyNetworkFactory[0]: got request NetworkRequest [ REQUEST id=1, [ Capabilities: INTERNET&NOT_RESTRICTED&TRUSTED&NOT_VPN] ] with score 0
02-20 20:54:14.255  1914  1914 D DebugService: DebugService DebugService:
02-20 20:54:14.255  1914  1914 D TelephonyDebugService: TelephonyDebugService()
02-20 20:54:14.260  1914  1914 D CarrierConfigLoader: mHandler: 12 phoneId: 0
02-20 20:54:14.262  1362  1796 I art     : Starting a blocking GC HeapTrim
02-20 20:54:14.265  1914  1914 D RILJ    : [3671]> RIL_REQUEST_QUERY_TTY_MODE [SUB0]
02-20 20:54:14.265  1914  1914 D UiccController: Received EVENT_GET_ICC_STATUS_DONE
02-20 20:54:14.265  1914  1914 D UiccCard: 2 applications
02-20 20:54:14.266  1373  1492 D RIL     : onRequest: QUERY_TTY_MODE
02-20 20:54:14.266  1373  1492 D RIL     : Request not supported. Tech: 1
02-20 20:54:14.266  1914  1990 D RilRequest: [3671]< RIL_REQUEST_QUERY_TTY_MODE error: com.android.internal.telephony.CommandException: REQUEST_NOT_SUPPORTED ret=
02-20 20:54:14.268  1914  1914 D UiccCardApplication: Creating UiccApp: {APPTYPE_SIM,APPSTATE_DETECTED}
02-20 20:54:14.271  1914  1914 W VoiceMailConstants: Can't open /system/etc/voicemail-conf.xml
02-20 20:54:14.271  1914  1914 D SpnOverride: No SPN in OEM image = /oem/telephony/spn-conf.xml Load SPN from system image
02-20 20:54:14.271  1914  1914 W SpnOverride: Can not open /system/etc/spn-conf.xml
02-20 20:54:14.271  1914  1914 D SIMRecords: [SIMRecords] setting0 mMncLength-1
02-20 20:54:14.271  1914  1914 D SIMRecords: [SIMRecords] SIMRecords: onRadioOffOrNotAvailable set 'gsm.sim.operator.numeric' to operator=null
02-20 20:54:14.271  1914  1914 D SIMRecords: [SIMRecords] update icc_operator_numeric=null
02-20 20:54:14.271  1914  1914 D TelephonyManager: setTelephonyProperty: success phoneId=0 property=gsm.sim.operator.numeric value:  propVal=
02-20 20:54:14.272  1914  1914 D TelephonyManager: setTelephonyProperty: success phoneId=0 property=gsm.sim.operator.alpha value:  propVal=
02-20 20:54:14.272  1914  1914 D TelephonyManager: setTelephonyProperty: success phoneId=0 property=gsm.sim.operator.iso-country value:  propVal=
02-20 20:54:14.272  1914  1914 D SIMRecords: [SIMRecords] getOperatorNumeric: IMSI == null
02-20 20:54:14.272  1914  1914 D SIMRecords: [SIMRecords] SIMRecords X ctor this=SimRecords: mDestroyed=false mContext=com.android.phone.PhoneGlobals@f03996e mCi=com.android.internal.telephony.RIL@276710 mFh=Handler (com.android.internal.telephony.uicc.SIMFileHandler) {65c080f} mParentApp=com.android.internal.telephony.uicc.UiccCardApplication@a3e309c recordsLoadedRegistrants=android.os.RegistrantList@3f26aa5 mImsiReadyRegistrants=android.os.RegistrantList@b53de7a mRecordsEventsRegistrants=android.os.RegistrantList@cdb162b mNewSmsRegistrants=android.os.RegistrantList@a4bba88 mNetworkSelectionModeAutomaticRegistrants=android.os.RegistrantList@2440c21 recordsToLoad=0 adnCache=Handler (com.android.internal.telephony.uicc.AdnRecordCache) {5316846} recordsRequested=false iccid=null msisdnTag=null voiceMailNum=null voiceMailTag=null voiceMailNum=null newVoiceMailTag=null isVoiceMailFixed=false mImsi=null mncLength=-1 mailboxIndex=0 spn=null mVmConfigcom.android.internal.telephony.uicc.VoiceMailConstants@ff2ea07 mSpnOverride=mSpnOverride callForwardingEnabled=0 spnState=null mCphsInfo=null mCspPlmnEnabled=true efMWIS=null efCPHS_MWI=null mEfCff=null mEfCfis=null getOperatorNumeric=null
02-20 20:54:14.272  1677  1691 I am_proc_start: [0,2128,10029,com.google.android.googlequicksearchbox:interactor,service,com.google.android.googlequicksearchbox/com.google.android.voiceinteraction.GsaVoiceInteractionService]
02-20 20:54:14.272  1677  1691 I ActivityManager: Start proc 2128:com.google.android.googlequicksearchbox:interactor/u0a29 for service com.google.android.googlequicksearchbox/com.google.android.voiceinteraction.GsaVoiceInteractionService
02-20 20:54:14.274  1677  1691 I ActivityManager: Loading recents for user 0 into memory.
02-20 20:54:14.277  1677  1677 D ConditionProviders.SCP: onReceive android.intent.action.TIME_SET
02-20 20:54:14.277  1677  1691 D ActivityManager: Sending BOOT_COMPLETE user #0
02-20 20:54:14.277  1677  1691 I sysui_histogram: [framework_boot_completed,11]
02-20 20:54:14.278  2084  2084 W System  : ClassLoader referenced unknown path: /system/priv-app/PrebuiltGmsCore/lib/x86_64
02-20 20:54:14.278  1677  1677 D ConditionProviders.SCP: notifyCondition condition://android/schedule?days=6.7&start=23.30&end=10.0&exitAtAlarm=false STATE_FALSE reason=!meetsSchedule
02-20 20:54:14.278  1677  1677 D ConditionProviders.SCP: notifyCondition condition://android/schedule?days=1.2.3.4.5&start=22.0&end=7.0&exitAtAlarm=false STATE_FALSE reason=!meetsSchedule
02-20 20:54:14.278  1677  1677 D ConditionProviders.SCP: Scheduling evaluate for Tue Feb 20 22:00:00 GMT+00:00 2018 (1519164000000), in +1h5m45s723ms, now=Tue Feb 20 20:54:14 GMT+00:00 2018 (1519160054277)
02-20 20:54:14.280  1920  1920 D FallbackHome: User unlocked and real home found; let's go!
02-20 20:54:14.280  1677  2125 I am_finish_activity: [0,9541925,1,com.android.settings/.FallbackHome,app-request]
02-20 20:54:14.280  1677  2125 I am_pause_activity: [0,9541925,com.android.settings/.FallbackHome]
02-20 20:54:14.281  1920  1920 I am_on_paused_called: [0,com.android.settings.FallbackHome,handlePauseActivity]
02-20 20:54:14.281  1677  2125 I ActivityManager: START u0 {act=android.intent.action.MAIN cat=[android.intent.category.HOME] flg=0x10000100 cmp=com.google.android.apps.nexuslauncher/.NexusLauncherActivity} from uid 0 on display 0
02-20 20:54:14.282  1677  2125 I am_create_task: [0,221]
02-20 20:54:14.282  1677  2125 I am_create_activity: [0,43730731,221,com.google.android.apps.nexuslauncher/.NexusLauncherActivity,android.intent.action.MAIN,NULL,NULL,268435712]
02-20 20:54:14.282  1677  2125 I wm_task_created: [221,0]
02-20 20:54:14.282  1677  2125 I wm_task_moved: [221,1,1]
02-20 20:54:14.282  1677  2125 I wm_task_moved: [221,1,1]
02-20 20:54:14.282  1677  2125 I am_focused_activity: [0,com.google.android.apps.nexuslauncher/.NexusLauncherActivity,startedActivity]
02-20 20:54:14.283  1914  1914 D UiccCardApplication: Creating UiccApp: {APPTYPE_RUIM,APPSTATE_DETECTED}
02-20 20:54:14.284  1914  1914 D RuimRecords: [RuimRecords] setting0 mMncLength-1
