02-20 20:55:28.107  1921  2021 D CdmaInboundSmsHandler: entering Idle state
02-20 20:55:28.107  1653  1728 I netstats_mobile_sample: [0,0,0,0,0,0,0,0,0,0,0,0,-1]
02-20 20:55:28.107  1653  1728 I netstats_wifi_sample: [0,0,0,0,0,0,0,0,0,0,0,0,-1]
02-20 20:55:28.108  1921  1921 D IccCardProxy: ctor: ci=com.android.internal.telephony.RIL@fe275f2 phoneId=0
02-20 20:55:28.108  1921  1921 D CdmaSSM : subscriptionSource from settings: 0
02-20 20:55:28.108  1921  1921 D CdmaSSM : cdmaSSM constructor: 0
02-20 20:55:28.108  1921  1921 D IccCardProxy: update icc_operator_numeric=
02-20 20:55:28.108  1921  1921 D TelephonyManager: setTelephonyProperty: success phoneId=0 property=gsm.sim.operator.numeric value:  propVal=
02-20 20:55:28.109  1921  1921 D TelephonyManager: setTelephonyProperty: success phoneId=0 property=gsm.sim.operator.iso-country value:  propVal=
02-20 20:55:28.109  1921  1921 D TelephonyManager: setTelephonyProperty: success phoneId=0 property=gsm.sim.operator.alpha value:  propVal=
02-20 20:55:28.109  1921  1921 E IccCardProxy: setExternalState: set mPhoneId=0 mExternalState=NOT_READY
02-20 20:55:28.109  1921  1921 D TelephonyManager: setTelephonyProperty: success phoneId=0 property=gsm.sim.state value: NOT_READY propVal=NOT_READY
02-20 20:55:28.109  1921  1921 D IccCardProxy: broadcastIccStateChangedIntent intent ACTION_SIM_STATE_CHANGED value=NOT_READY reason=null for mPhoneId=0
02-20 20:55:28.115  1653  1728 I am_proc_start: [0,2031,10004,com.android.cellbroadcastreceiver,broadcast,com.android.cellbroadcastreceiver/.CellBroadcastReceiver]
02-20 20:55:28.115  1653  1728 I ActivityManager: Start proc 2031:com.android.cellbroadcastreceiver/u0a4 for broadcast com.android.cellbroadcastreceiver/.CellBroadcastReceiver
02-20 20:55:28.115  1653  1653 I ActivityManager: user 0 is still locked. Cannot load recents
02-20 20:55:28.117  1653  1653 I notification_enqueue: [10028,1770,com.android.systemui,1397773634,public:253,64,-1,Notification(pri=0 contentView=null vibrate=null sound=null defaults=0x0 flags=0x100 color=0xff607d8b category=sys actions=2 vis=PUBLIC),0]
02-20 20:55:28.118  1653  1653 D TelephonyRegistry: notifyCellLocationForSubscriber: subId=0 cellLocation=Bundle[{}]
02-20 20:55:28.118  1921  1921 D RILJ    : setPhoneType=1 old value=0 [SUB0]
02-20 20:55:28.118  1921  1921 D TelephonyManager: setTelephonyProperty: success phoneId=0 property=gsm.current.phone-type value: 1 propVal=1
02-20 20:55:28.118  1921  1933 D SubscriptionController: [getPhoneId]- no sims, returning default phoneId=2147483647
02-20 20:55:28.119  1921  1921 D IccCardProxy: Setting radio tech UMTS
02-20 20:55:28.119  1921  1921 D IccCardProxy: updateQuietMode: 3GPP subscription -> newQuietMode=false
02-20 20:55:28.119  1921  1921 D IccCardProxy: updateQuietMode: no changes don't setExternalState
02-20 20:55:28.119  1921  1921 D IccCardProxy: updateQuietMode: QuietMode is false (app_type=1 cdmaSource=-1)
02-20 20:55:28.121  1921  1921 W CarrierConfigManager: Error getting config for subId -1 ICarrierConfigLoader is null
02-20 20:55:28.121  1653  1936 D TelephonyRegistry: listen oscl: hasNotifySubscriptionInfoChangedOccurred==false no callback
02-20 20:55:28.122  1921  1921 D TelephonyManager: setTelephonyProperty: success phoneId=0 property=gsm.network.type value: Unknown propVal=Unknown
02-20 20:55:28.123  2031  2031 W art     : Unexpected CPU variant for X86 using defaults: x86_64
02-20 20:55:28.124  1921  1921 D RILJ    : [3654]> SIGNAL_STRENGTH [SUB0]
02-20 20:55:28.124  1373  1465 D RIL     : onRequest: SIGNAL_STRENGTH
02-20 20:55:28.124  1921  2009 D RilRequest: [3654]< SIGNAL_STRENGTH error: com.android.internal.telephony.CommandException: RADIO_NOT_AVAILABLE ret=
02-20 20:55:28.124  1921  1921 D SST     : notifyDataRegStateRilRadioTechnologyChanged: drs=1 rat=0
02-20 20:55:28.124  1921  1921 D TelephonyManager: setTelephonyProperty: success phoneId=0 property=gsm.network.type value: Unknown propVal=Unknown
02-20 20:55:28.137  1921  1921 D DCT     : [0]DCT.constructor
02-20 20:55:28.138  1653  1954 D TelephonyRegistry: listen oscl: hasNotifySubscriptionInfoChangedOccurred==false no callback
02-20 20:55:28.143  1921  1921 D Dcc     : E ctor
02-20 20:55:28.143  1921  1921 D Dcc     : X ctor
02-20 20:55:28.143  1921  1921 D SubscriptionController: [getPhoneId] asked for default subId=-1
02-20 20:55:28.145  1921  1921 D DcTesterFailBrinupAll: register for intent action=com.android.internal.telephony.dataconnection.action_fail_bringup
02-20 20:55:28.145  1921  1921 D DcTesterFailBrinupAll: register for intent action=com.android.internal.telephony.action_detached
02-20 20:55:28.145  1921  1921 D DcTesterFailBrinupAll: register for intent action=com.android.internal.telephony.action_attached
02-20 20:55:28.146  1921  2040 D DcTesterDeacativateAll: register for intent action=com.android.internal.telephony.dataconnection.action_deactivate_all
02-20 20:55:28.146  1921  2040 D DcTesterDeacativateAll: register for intent action=com.android.internal.telephony.action_detached
02-20 20:55:28.147  1921  1921 D SST     : notifyDataRegStateRilRadioTechnologyChanged: drs=1 rat=0
02-20 20:55:28.147  1921  1921 D TelephonyManager: setTelephonyProperty: success phoneId=0 property=gsm.network.type value: Unknown propVal=Unknown
02-20 20:55:28.147  1921  2040 D Dcc     : DccDefaultState: msg.what=EVENT_RIL_CONNECTED mRilVersion=12
02-20 20:55:28.147  1921  1921 D DCT     : [0]update sub = -2
02-20 20:55:28.147  1921  1921 D DCT     : [0]update(): Active DDS, register for all events now!
02-20 20:55:28.147  1921  1921 D GsmCdmaPhone: [GsmCdmaPhone] updateCurrentCarrierInProvider: mSubId = -2 currentDds = 1 operatorNumeric = null
02-20 20:55:28.149  1921  1921 D DCT     : [0]initApnContexts: E
02-20 20:55:28.149  1921  1921 D DCT     : [0]initApnContexts: skipping unknown type=1
02-20 20:55:28.150  1921  1921 D DCT     : [0]initApnContexts: apnContext={mApnType=default mState=IDLE mWaitingApns={null} mApnSetting={null} mReason=dataEnabled mDataEnabled=false mDependencyMet=true}
02-20 20:55:28.150  1921  1921 D DCT     : [0]initApnContexts: apnContext={mApnType=mms mState=IDLE mWaitingApns={null} mApnSetting={null} mReason=dataEnabled mDataEnabled=false mDependencyMet=true}
02-20 20:55:28.150  1921  1921 D DCT     : [0]initApnContexts: apnContext={mApnType=supl mState=IDLE mWaitingApns={null} mApnSetting={null} mReason=dataEnabled mDataEnabled=false mDependencyMet=true}
02-20 20:55:28.150  1921  1921 D DCT     : [0]initApnContexts: apnContext={mApnType=hipri mState=IDLE mWaitingApns={null} mApnSetting={null} mReason=dataEnabled mDataEnabled=false mDependencyMet=true}
02-20 20:55:28.150  1921  1921 D DCT     : [0]initApnContexts: apnContext={mApnType=fota mState=IDLE mWaitingApns={null} mApnSetting={null} mReason=dataEnabled mDataEnabled=false mDependencyMet=true}
02-20 20:55:28.150  1921  1921 D DCT     : [0]initApnContexts: apnContext={mApnType=ims mState=IDLE mWaitingApns={null} mApnSetting={null} mReason=dataEnabled mDataEnabled=false mDependencyMet=true}
02-20 20:55:28.150  1921  1921 D DCT     : [0]initApnContexts: apnContext={mApnType=cbs mState=IDLE mWaitingApns={null} mApnSetting={null} mReason=dataEnabled mDataEnabled=false mDependencyMet=true}
02-20 20:55:28.150  1921  1921 D DCT     : [0]initApnContexts: skipping unknown type=13
02-20 20:55:28.150  1921  1921 D DCT     : [0]initApnContexts: apnContext={mApnType=ia mState=IDLE mWaitingApns={null} mApnSetting={null} mReason=dataEnabled mDataEnabled=false mDependencyMet=true}
02-20 20:55:28.150  1921  1921 D DCT     : [0]initApnContexts: apnContext={mApnType=emergency mState=IDLE mWaitingApns={null} mApnSetting={null} mReason=dataEnabled mDataEnabled=false mDependencyMet=true}
02-20 20:55:28.158  1653  1687 I am_proc_bound: [0,2031,com.android.cellbroadcastreceiver]
02-20 20:55:28.160  1653  1732 D WifiConfigManager: Loading config and enabling all networks 
02-20 20:55:28.166  1938  1996 D EGL_emulation: eglMakeCurrent: 0x769bf09ed7a0: ver 3 0 (tinfo 0x769bfae682c0)
02-20 20:55:28.180  1921  1921 D GsmCdmaPhone: [GsmCdmaPhone] GsmCdmaPhone: constructor: sub = 0
02-20 20:55:28.180  1921  1921 I PhoneFactory: Creating Phone with type = 1 sub = 0
02-20 20:55:28.186  1921  1921 I PhoneFactory: defaultSmsApplication: NONE
02-20 20:55:28.186  2031  2031 W System  : ClassLoader referenced unknown path: /system/priv-app/CellBroadcastReceiver/lib/x86_64
02-20 20:55:28.186  1921  1921 I PhoneFactory: Creating SubInfoRecordUpdater 
02-20 20:55:28.187  1921  1921 D SubscriptionInfoUpdater: Constructor invoked
02-20 20:55:28.191  1653  1732 W WifiNetworkHistory: Upgrading network 0 to android.uid.system:1000
02-20 20:55:28.191  1653  1732 D WifiConfigManager: loaded 0 passpoint configs
02-20 20:55:28.192  1653  1732 E IpConfigStore: Error parsing configuration: java.io.FileNotFoundException: /data/misc/wifi/ipconfig.txt (No such file or directory)
02-20 20:55:28.194  1653  1732 D WifiNative-HAL: Setting external_sim to 1
02-20 20:55:28.194  1653  1732 D WifiStateMachine: Setting OUI to DA-A1-19
02-20 20:55:28.196  1653  1732 I WifiConnectivityManager: PNO settings: min5GHzRssi -82 min24GHzRssi -85 currentConnectionBonus 16 sameNetworkBonus 24 secureNetworkBonus 80 initialScoreMax 100
02-20 20:55:28.196  1653  1732 I WifiConnectivityManager: ConnectivityScanManager initialized and disabled
02-20 20:55:28.196  1653  1732 I WifiConnectivityManager: setUntrustedConnectionAllowed: allowed=false
02-20 20:55:28.196  1653  1732 E WifiLogger: no ring buffers found
02-20 20:55:28.196  1653  1732 E WifiLogger: Failed to start packet fate monitoring
02-20 20:55:28.200  1653  1653 D RttService: SCAN_AVAILABLE : 3
02-20 20:55:28.200  1653  1737 D RttService: DefaultState got{ when=0 what=160512 target=com.android.internal.util.StateMachine$SmHandler }
02-20 20:55:28.203  1653  1732 I WifiConnectivityManager: Set WiFi enabled
02-20 20:55:28.203  1653  1736 I WifiScanningService: wifi driver loaded with scan capabilities: max buckets=16
02-20 20:55:28.203  1653  1732 I WifiConnectivityManager: scheduleWatchdogTimer
02-20 20:55:28.206  1653  1732 D WifiNative-HAL: Failing getSupportedFeatureset because HAL isn't started
02-20 20:55:28.206  1653  1693 E BatteryStatsService: no controller energy info supplied
02-20 20:55:28.206  1653  1693 E KernelCpuSpeedReader: Failed to read cpu-freq: /sys/devices/system/cpu/cpu0/cpufreq/stats/time_in_state (No such file or directory)
02-20 20:55:28.206  1653  1693 E KernelUidCpuTimeReader: Failed to read uid_cputime: /proc/uid_cputime/show_uid_stat (No such file or directory)
02-20 20:55:28.207  1653  1688 D TelephonyRegistry: listen oscl: hasNotifySubscriptionInfoChangedOccurred==false no callback
02-20 20:55:28.207  1921  1921 D SubscriptionController: [getPhoneId]- no sims, returning default phoneId=2147483647
02-20 20:55:28.212  1653  1785 D TelephonyRegistry: listen oscl: hasNotifySubscriptionInfoChangedOccurred==false no callback
02-20 20:55:28.224  1653  1732 D WifiNative-HAL: Failing getSupportedFeatureset because HAL isn't started
02-20 20:55:28.225  1653  1693 E BatteryStatsService: no controller energy info supplied
02-20 20:55:28.225  1653  1693 E KernelCpuSpeedReader: Failed to read cpu-freq: /sys/devices/system/cpu/cpu0/cpufreq/stats/time_in_state (No such file or directory)
02-20 20:55:28.225  1653  1693 E KernelUidCpuTimeReader: Failed to read uid_cputime: /proc/uid_cputime/show_uid_stat (No such file or directory)
02-20 20:55:28.247  1653  1744 E ActivityThread: Failed to find provider info for com.android.calendar
02-20 20:55:28.247  1653  1744 E ActivityThread: Failed to find provider info for com.android.calendar
02-20 20:55:28.250  1921  1921 D PhoneSwitcherNetworkRequstListener: Registering NetworkFactory
02-20 20:55:28.251  1921  1921 D PhoneSwitcher: PhoneSwitcher started
02-20 20:55:28.251  1921  1921 D ProxyController: Constructor - Enter
02-20 20:55:28.251  1653  1738 D ConnectivityService: Got NetworkFactory Messenger for PhoneSwitcherNetworkRequstListener
02-20 20:55:28.252  1921  1921 D ProxyController: clearTransaction
02-20 20:55:28.252  1921  1921 D ProxyController: clearTransaction: phoneId=0 status=IDLE
02-20 20:55:28.252  1921  1921 D ProxyController: Constructor - Exit
02-20 20:55:28.252  1921  1921 D TelephonyNetworkFactory[0]: Registering NetworkFactory
02-20 20:55:28.253  1653  1738 D ConnectivityService: Got NetworkFactory Messenger for TelephonyNetworkFactory[0]
02-20 20:55:28.254  1921  1921 D CallManager: registerPhone(GSM Handler (com.android.internal.telephony.GsmCdmaPhone) {fa61d69})
02-20 20:55:28.266  1653  1785 D TelephonyRegistry: listen oscl: hasNotifySubscriptionInfoChangedOccurred==false no callback
02-20 20:55:28.277  1938  1996 D EGL_emulation: eglMakeCurrent: 0x769bf09ed7a0: ver 3 0 (tinfo 0x769bfae682c0)
02-20 20:55:28.305  1921  1921 D CarrierConfigLoader: CarrierConfigLoader has started
02-20 20:55:28.329  1921  1921 E BluetoothAdapter: Bluetooth binder is null
02-20 20:55:28.330  1653  1785 D TelephonyRegistry: listen oscl: hasNotifySubscriptionInfoChangedOccurred==false no callback
02-20 20:55:28.333  1653  1665 I art     : Background sticky concurrent mark sweep GC freed 46671(3MB) AllocSpace objects, 10(232KB) LOS objects, 7% free, 22MB/24MB, paused 2.660ms total 180.475ms
02-20 20:55:28.345  1653  1743 D NotificationSQLiteLog: Pruned event entries: 0
02-20 20:55:28.356  1921  2055 E ActivityThread: Failed to find provider info for com.android.contacts
02-20 20:55:28.356  1921  2055 W CallerInfoCache: cursor is null
02-20 20:55:28.383  1921  1921 D RILJ    : [3655]> RIL_REQUEST_SET_TTY_MODE : 0 [SUB0]
02-20 20:55:28.401  1373  1465 D RIL     : onRequest: SET_TTY_MODE
02-20 20:55:28.401  1921  2009 D RilRequest: [3655]< RIL_REQUEST_SET_TTY_MODE error: com.android.internal.telephony.CommandException: RADIO_NOT_AVAILABLE ret=
02-20 20:55:28.402  1921  1921 I Telephony: TtyManager: updateUiTtyMode -1 -> 0
02-20 20:55:28.404  1653  1690 I boot_progress_enable_screen: 11404
02-20 20:55:28.406  1653  1697 I am_activity_launch_time: [0,33495385,com.android.settings/.FallbackHome,939,939]
02-20 20:55:28.406  1653  1697 I ActivityManager: Displayed com.android.settings/.FallbackHome: +939ms
02-20 20:55:28.406  1653  1936 D TelephonyRegistry: listen oscl: hasNotifySubscriptionInfoChangedOccurred==false no callback
02-20 20:55:28.407  1653  1690 V KeyguardServiceDelegate: *** Keyguard started
02-20 20:55:28.407  1653  1690 I screen_toggled: 1
02-20 20:55:28.407  1921  1921 D SubscriptionController: [getPhoneId] asked for default subId=-1
02-20 20:55:28.415  1653  1690 W KeyguardServiceDelegate: onScreenTurningOn(): no keyguard service!
02-20 20:55:28.416  1313  1325 I SurfaceFlinger: Boot is finished (9555 ms)
02-20 20:55:28.416  1313  1325 I sf_stop_bootanim: 11416
02-20 20:55:28.418  1653  1697 I WindowManager: Screen frozen for +888ms due to Window{dc91557 u0 KeyguardScrim}
02-20 20:55:28.418  1921  1921 D UiccController: Received EVENT_ICC_STATUS_CHANGED, calling getIccCardStatus
02-20 20:55:28.418  1921  1921 D RILJ    : [3656]> GET_SIM_STATUS [SUB0]
02-20 20:55:28.418  1373  1465 D RIL     : onRequest: GET_SIM_STATUS
02-20 20:55:28.418  1373  1465 D RIL     : getSIMStatus(). sState: 0
02-20 20:55:28.419  1921  2009 D RILJ    : [3656]< GET_SIM_STATUS IccCardState {CARDSTATE_PRESENT,PINSTATE_UNKNOWN,num_apps=2,gsm_id=0{APPTYPE_SIM,APPSTATE_DETECTED},cdma_id=1{APPTYPE_RUIM,APPSTATE_DETECTED},ims_id=8} [SUB0]
02-20 20:55:28.420  1921  1921 D Phone   : config LCE service failed: com.android.internal.telephony.CommandException: RADIO_NOT_AVAILABLE
02-20 20:55:28.420  1921  1921 D GsmSMSDispatcher: GsmSMSDispatcher: subId = -2 slotId = 0
02-20 20:55:28.420  1921  1921 E IccCardProxy: setExternalState: !override and newstate unchanged from NOT_READY
02-20 20:55:28.420  1921  1921 D RILJ    : [3657]> BASEBAND_VERSION [SUB0]
02-20 20:55:28.421  1373  1465 D RIL     : onRequest: BASEBAND_VERSION
02-20 20:55:28.422  1921  2009 D RilRequest: [3657]< BASEBAND_VERSION error: com.android.internal.telephony.CommandException: RADIO_NOT_AVAILABLE ret=
02-20 20:55:28.422  1921  1921 D RILJ    : [3658]> GET_IMEI [SUB0]
02-20 20:55:28.424  1373  1465 D RIL     : onRequest: GET_IMEI
02-20 20:55:28.424  1373  1465 D AT      : AT> AT+CGSN
02-20 20:55:28.424  1373  1468 D AT      : AT< 000000000000000
02-20 20:55:28.424  1373  1468 D AT      : AT< OK
02-20 20:55:28.424  1921  1921 D RILJ    : [3659]> GET_IMEISV [SUB0]
02-20 20:55:28.424  1921  2009 D RILJ    : [3658]< GET_IMEI  [SUB0]
02-20 20:55:28.425  1373  1465 D RIL     : onRequest: GET_IMEISV
02-20 20:55:28.425  1921  1921 D RILJ    : [3660]> RIL_REQUEST_GET_RADIO_CAPABILITY [SUB0]
02-20 20:55:28.425  1921  2009 D RilRequest: [3659]< GET_IMEISV error: com.android.internal.telephony.CommandException: RADIO_NOT_AVAILABLE ret=
02-20 20:55:28.425  1373  1465 D RIL     : onRequest: RIL_REQUEST_GET_RADIO_CAPABILITY
02-20 20:55:28.425  1921  1921 D RILJ    : [3661]> RIL_REQUEST_START_LCE [SUB0]
02-20 20:55:28.425  1921  2009 D RilRequest: [3660]< RIL_REQUEST_GET_RADIO_CAPABILITY error: com.android.internal.telephony.CommandException: RADIO_NOT_AVAILABLE ret=
02-20 20:55:28.426  1653  1936 I StatusBarManagerService: registerStatusBar bar=com.android.internal.statusbar.IStatusBar$Stub$Proxy@49aef39
02-20 20:55:28.427  1373  1465 D RIL     : onRequest: <unknown request>
02-20 20:55:28.427  1921  1921 D GsmCdmaPhone: [GsmCdmaPhone] Event EVENT_RADIO_OFF_OR_NOT_AVAILABLE Received
02-20 20:55:28.427  1921  1921 E IccCardProxy: setExternalState: !override and newstate unchanged from NOT_READY
02-20 20:55:28.427  1921  1921 D SST     : mDeviceShuttingDown=false, mDesiredPowerState=true, getRadioState=RADIO_OFF, mPowerOffDelayNeed=true, mAlarmSwitch=false, mRadioDisabledByCarrier=false
02-20 20:55:28.427  1921  1921 D RILJ    : [3662]> RADIO_POWER on [SUB0]
02-20 20:55:28.427  1921  2009 D RilRequest: [3661]< RIL_REQUEST_START_LCE error: com.android.internal.telephony.CommandException: RADIO_NOT_AVAILABLE ret=
02-20 20:55:28.427  1373  1465 D RIL     : onRequest: RADIO_POWER
02-20 20:55:28.427  1373  1465 D AT      : AT> AT+CFUN=1
02-20 20:55:28.427  1373  1468 D AT      : AT< OK
02-20 20:55:28.427  1373  1465 D RIL     : setRadioState(10)
02-20 20:55:28.427  1921  1921 D RILJ    : [3663]> OPERATOR [SUB0]
02-20 20:55:28.428  1373  1465 D RIL     : onRequest: OPERATOR
02-20 20:55:28.428  1373  1465 D AT      : AT> AT+COPS=3,0;+COPS?;+COPS=3,1;+COPS?;+COPS=3,2;+COPS?
02-20 20:55:28.428  1373  1468 D AT      : AT< +COPS: 0,0,"Android"
02-20 20:55:28.428  1373  1468 D AT      : AT< +COPS: 0,1,"Android"
02-20 20:55:28.428  1373  1468 D AT      : AT< +COPS: 0,2,"310260"
02-20 20:55:28.428  1373  1468 D AT      : AT< OK
02-20 20:55:28.428  1921  1921 D RILJ    : [3664]> DATA_REGISTRATION_STATE [SUB0]
02-20 20:55:28.428  1373  1465 D RIL     : onRequest: DATA_REGISTRATION_STATE
02-20 20:55:28.428  1373  1465 D RIL     : requestRegistrationState
02-20 20:55:28.428  1373  1465 D AT      : AT> AT+CGREG?
02-20 20:55:28.428  1921  1921 D RILJ    : [3665]> VOICE_REGISTRATION_STATE [SUB0]
02-20 20:55:28.428  1373  1468 D AT      : AT< +CGREG: 1,1,"0003","005b","000e"
02-20 20:55:28.428  1373  1468 D AT      : AT< OK
02-20 20:55:28.428  1921  2009 D RILJ    : [UNSL]< UNSOL_RESPONSE_RADIO_STATE_CHANGED RADIO_ON [SUB0]
02-20 20:55:28.428  1373  1465 D RIL     : parseRegistrationState. Parsing: +CGREG: 1,1,"0003","005b","000e"
02-20 20:55:28.428  1373  1465 D RIL     : registration state type: 3GPP
02-20 20:55:28.428  1921  2009 D RILJ    : [UNSL]< UNSOL_RESPONSE_SIM_STATUS_CHANGED [SUB0]
02-20 20:55:28.428  1373  1465 D RIL     : onRequest: VOICE_REGISTRATION_STATE
02-20 20:55:28.428  1373  1465 D RIL     : requestRegistrationState
02-20 20:55:28.428  1373  1465 D AT      : AT> AT+CREG?
02-20 20:55:28.428  1921  1921 D RILJ    : [3666]> QUERY_NETWORK_SELECTION_MODE [SUB0]
02-20 20:55:28.428  1921  2009 D RILJ    : [3662]< RADIO_POWER  [SUB0]
02-20 20:55:28.428  1373  1468 D AT      : AT< +CREG: 2,1, "0003", "005b"
02-20 20:55:28.428  1373  1468 D AT      : AT< OK
02-20 20:55:28.429  1373  1465 D RIL     : parseRegistrationState. Parsing: +CREG: 2,1, "0003", "005b"
02-20 20:55:28.429  1373  1465 D RIL     : registration state type: 3GPP
02-20 20:55:28.429  1373  1465 D RIL     : onRequest: QUERY_NETWORK_SELECTION_MODE
02-20 20:55:28.429  1373  1465 D AT      : AT> AT+COPS?
02-20 20:55:28.429  1373  1468 D AT      : AT< +COPS: 0,2,310260
02-20 20:55:28.429  1373  1468 D AT      : AT< OK
02-20 20:55:28.429  1921  1921 D SST     : NITZ: 18/02/20:20:55:22+0:0:Unknown!Unknown,4052 start=11429 delay=7377
02-20 20:55:28.429  1921  2009 D RILJ    : [3663]< OPERATOR {Android, Android, 310260} [SUB0]
02-20 20:55:28.429  1921  2009 D RILJ    : [3664]< DATA_REGISTRATION_STATE {1, 3, 5b, 14, null, null} [SUB0]
02-20 20:55:28.430  1921  2009 D RILJ    : [3665]< VOICE_REGISTRATION_STATE {1, 3, 5b, 0, null, null, null, null, null, null, null, null, null, null, null} [SUB0]
02-20 20:55:28.430  1921  1921 D SST     : NITZ: tzOffset=0 dst=0 zone=GMT iso= mGotCountryCode=false mNeedFixZoneAfterNitz=false
02-20 20:55:28.430  1921  2009 D RILJ    : [3666]< QUERY_NETWORK_SELECTION_MODE {0} [SUB0]
02-20 20:55:28.430  1921  1921 D SST     : setAndBroadcastNetworkSetTimeZone: setTimeZone=GMT
02-20 20:55:28.433  1653  1688 D AlarmManagerService: Kernel timezone updated to 0 minutes west of GMT
02-20 20:55:28.434  1921  1921 D SST     : setAndBroadcastNetworkSetTimeZone: call alarm.setTimeZone and broadcast zoneId=GMT
02-20 20:55:28.434  1921  1921 D SST     : NITZ: Setting time of day to Tue Feb 20 20:55:29 GMT+00:00 2018 NITZ receive delay(ms): 7382 gained(ms): 948 from 18/02/20:20:55:22+0:0:Unknown!Unknown
02-20 20:55:28.434  1921  1921 D SST     : setAndBroadcastNetworkSetTime: time=1519160129382ms
02-20 20:55:28.434  1653  1936 D AlarmManagerService: Setting time of day to sec=1519160129
02-20 20:55:29.382  1653  1936 W AlarmManagerService: Unable to set rtc to 1519160129: No such device
02-20 20:55:28.446     0     0 I init    : Service 'bootanim' (pid 1333) exited with status 0
02-20 20:55:28.447     0     0 I init    : Starting service 'exec 6 (/system/bin/bootstat)'...
02-20 20:55:28.486     0     0 I init    : Service 'exec 6 (/system/bin/bootstat)' (pid 2056) exited with status 0
02-20 20:55:28.488     0     0 I init    : Starting service 'exec 7 (/system/bin/bootstat)'...
02-20 20:55:29.392  2056  2056 I auditd  : type=1400 audit(0.0:11): avc: denied { getattr } for comm="bootstat" path="/vendor" dev="rootfs" ino=3995 scontext=u:r:bootstat:s0 tcontext=u:object_r:rootfs:s0 tclass=lnk_file permissive=0
02-20 20:55:29.392  2056  2056 W bootstat: type=1400 audit(0.0:11): avc: denied { getattr } for path="/vendor" dev="rootfs" ino=3995 scontext=u:r:bootstat:s0 tcontext=u:object_r:rootfs:s0 tclass=lnk_file permissive=0
02-20 20:55:28.548     0     0 I init    : Service 'exec 7 (/system/bin/bootstat)' (pid 2057) exited with status 0
02-20 20:55:28.548     0     0 I init    : Starting service 'exec 8 (/system/bin/bootstat)'...
02-20 20:55:28.570     0     0 I init    : Service 'exec 8 (/system/bin/bootstat)' (pid 2075) exited with status 0
02-20 20:55:28.572     0     0 I init    : Starting service 'exec 9 (/system/bin/bootstat)'...
02-20 20:55:28.590     0     0 I init    : Service 'exec 9 (/system/bin/bootstat)' (pid 2077) exited with status 0
02-20 20:55:29.386  1653  1653 D ConditionProviders.SCP: onReceive android.intent.action.TIME_SET
02-20 20:55:29.387  1653  1653 D ConditionProviders.SCP: notifyCondition condition://android/schedule?days=6.7&start=23.30&end=10.0&exitAtAlarm=false STATE_FALSE reason=!meetsSchedule
02-20 20:55:29.387  1653  1653 D ConditionProviders.SCP: notifyCondition condition://android/schedule?days=1.2.3.4.5&start=22.0&end=7.0&exitAtAlarm=false STATE_FALSE reason=!meetsSchedule
02-20 20:55:29.387  1653  1653 D ConditionProviders.SCP: Scheduling evaluate for Tue Feb 20 22:00:00 GMT+00:00 2018 (1519164000000), in +1h4m30s614ms, now=Tue Feb 20 20:55:29 GMT+00:00 2018 (1519160129386)
02-20 20:55:29.392  1921  1921 I SST     : NITZ: after Setting time of day
02-20 20:55:29.394  1921  1921 D SST     : NITZ: end=11446 dur=17
02-20 20:55:29.394  1921  1921 D SST     : onSignalStrengthResult() Exception from RIL : com.android.internal.telephony.CommandException: RADIO_NOT_AVAILABLE
02-20 20:55:29.395  1921  1921 D SST     : mDeviceShuttingDown=false, mDesiredPowerState=true, getRadioState=RADIO_ON, mPowerOffDelayNeed=true, mAlarmSwitch=false, mRadioDisabledByCarrier=false
02-20 20:55:29.395  1921  1921 D RILJ    : [3667]> OPERATOR [SUB0]
02-20 20:55:29.395  1921  1921 D RILJ    : [3668]> DATA_REGISTRATION_STATE [SUB0]
02-20 20:55:29.395  1373  1465 D RIL     : onRequest: OPERATOR
02-20 20:55:29.395  1373  1465 D AT      : AT> AT+COPS=3,0;+COPS?;+COPS=3,1;+COPS?;+COPS=3,2;+COPS?
02-20 20:55:29.395  1921  1921 D RILJ    : [3669]> VOICE_REGISTRATION_STATE [SUB0]
02-20 20:55:29.395  1921  1921 D RILJ    : [3670]> QUERY_NETWORK_SELECTION_MODE [SUB0]
02-20 20:55:29.396  1921  1921 D DCT     : [0]Wifi state changed
02-20 20:55:29.396  1921  1921 D DCT     : [0]WIFI_STATE_CHANGED_ACTION: enabled=false mIsWifiConnected=false
02-20 20:55:29.396  1921  1921 D DCT     : [0]onRadioAvailable
02-20 20:55:29.396  1921  1921 D DCT     : [0]onRadioOffOrNotAvailable: is off and clean up all connections
02-20 20:55:29.396  1921  1921 D DCT     : [0]cleanUpAllConnections: tearDown=false reason=radioTurnedOff
02-20 20:55:29.396  1921  1921 D GsmCdmaPhone: [GsmCdmaPhone] getDataConnectionState apnType=default ret=DISCONNECTED
02-20 20:55:29.396  1921  1921 D DCT     : [0]cleanUpConnection: X tearDown=false reason=radioTurnedOff apnContext={mApnType=default mState=IDLE mWaitingApns={null} mApnSetting={null} mReason=radioTurnedOff mDataEnabled=false mDependencyMet=true} dcac=null
02-20 20:55:29.396  1921  1921 D GsmCdmaPhone: [GsmCdmaPhone] getDataConnectionState apnType=mms ret=DISCONNECTED
02-20 20:55:29.397  1921  1921 D DCT     : [0]cleanUpConnection: X tearDown=false reason=radioTurnedOff apnContext={mApnType=mms mState=IDLE mWaitingApns={null} mApnSetting={null} mReason=radioTurnedOff mDataEnabled=false mDependencyMet=true} dcac=null
02-20 20:55:29.397  1921  1921 D GsmCdmaPhone: [GsmCdmaPhone] getDataConnectionState apnType=cbs ret=DISCONNECTED
02-20 20:55:29.397  1921  1921 D DCT     : [0]cleanUpConnection: X tearDown=false reason=radioTurnedOff apnContext={mApnType=cbs mState=IDLE mWaitingApns={null} mApnSetting={null} mReason=radioTurnedOff mDataEnabled=false mDependencyMet=true} dcac=null
02-20 20:55:29.397  1921  1921 D GsmCdmaPhone: [GsmCdmaPhone] getDataConnectionState apnType=fota ret=DISCONNECTED
02-20 20:55:29.398  1921  1921 D DCT     : [0]cleanUpConnection: X tearDown=false reason=radioTurnedOff apnContext={mApnType=fota mState=IDLE mWaitingApns={null} mApnSetting={null} mReason=radioTurnedOff mDataEnabled=false mDependencyMet=true} dcac=null
02-20 20:55:29.398  1921  1921 D GsmCdmaPhone: [GsmCdmaPhone] getDataConnectionState apnType=supl ret=DISCONNECTED
02-20 20:55:29.398  1373  1468 D AT      : AT< +COPS: 0,0,"Android"
02-20 20:55:29.398  1373  1468 D AT      : AT< +COPS: 0,1,"Android"
02-20 20:55:29.398  1373  1468 D AT      : AT< +COPS: 0,2,"310260"
02-20 20:55:29.398  1373  1468 D AT      : AT< OK
02-20 20:55:29.398  1373  1465 D RIL     : onRequest: DATA_REGISTRATION_STATE
02-20 20:55:29.398  1373  1465 D RIL     : requestRegistrationState
02-20 20:55:29.398  1373  1465 D AT      : AT> AT+CGREG?
02-20 20:55:29.398  1373  1468 D AT      : AT< +CGREG: 1,1,"0003","005b","000e"
02-20 20:55:29.398  1373  1468 D AT      : AT< OK
02-20 20:55:29.398  1373  1465 D RIL     : parseRegistrationState. Parsing: +CGREG: 1,1,"0003","005b","000e"
02-20 20:55:29.398  1373  1465 D RIL     : registration state type: 3GPP
02-20 20:55:29.398  1373  1465 D RIL     : onRequest: VOICE_REGISTRATION_STATE
02-20 20:55:29.398  1373  1465 D RIL     : requestRegistrationState
02-20 20:55:29.398  1373  1465 D AT      : AT> AT+CREG?
02-20 20:55:29.398  1921  2009 D RILJ    : [3667]< OPERATOR {Android, Android, 310260} [SUB0]
02-20 20:55:29.399  1373  1468 D AT      : AT< +CREG: 2,1, "0003", "005b"
02-20 20:55:29.399  1373  1468 D AT      : AT< OK
02-20 20:55:29.399  1921  2009 D RILJ    : [3668]< DATA_REGISTRATION_STATE {1, 3, 5b, 14, null, null} [SUB0]
02-20 20:55:29.399  1373  1465 D RIL     : parseRegistrationState. Parsing: +CREG: 2,1, "0003", "005b"
02-20 20:55:29.399  1373  1465 D RIL     : registration state type: 3GPP
02-20 20:55:29.399  1373  1465 D RIL     : onRequest: QUERY_NETWORK_SELECTION_MODE
02-20 20:55:29.399  1373  1465 D AT      : AT> AT+COPS?
02-20 20:55:29.399  1921  1921 D DCT     : [0]cleanUpConnection: X tearDown=false reason=radioTurnedOff apnContext={mApnType=supl mState=IDLE mWaitingApns={null} mApnSetting={null} mReason=radioTurnedOff mDataEnabled=false mDependencyMet=true} dcac=null
02-20 20:55:29.399  1921  1921 D GsmCdmaPhone: [GsmCdmaPhone] getDataConnectionState apnType=ia ret=DISCONNECTED
02-20 20:55:29.399  1921  2009 D RILJ    : [3669]< VOICE_REGISTRATION_STATE {1, 3, 5b, 0, null, null, null, null, null, null, null, null, null, null, null} [SUB0]
02-20 20:55:29.399  1373  1468 D AT      : AT< +COPS: 0,2,310260
02-20 20:55:29.399  1373  1468 D AT      : AT< OK
02-20 20:55:29.399  1921  2009 D RILJ    : [3670]< QUERY_NETWORK_SELECTION_MODE {0} [SUB0]
02-20 20:55:29.399  1921  1921 D DCT     : [0]cleanUpConnection: X tearDown=false reason=radioTurnedOff apnContext={mApnType=ia mState=IDLE mWaitingApns={null} mApnSetting={null} mReason=radioTurnedOff mDataEnabled=false mDependencyMet=true} dcac=null
02-20 20:55:29.399  1921  1921 D GsmCdmaPhone: [GsmCdmaPhone] getDataConnectionState apnType=emergency ret=DISCONNECTED
02-20 20:55:29.399  1921  1921 D DCT     : [0]cleanUpConnection: X tearDown=false reason=radioTurnedOff apnContext={mApnType=emergency mState=IDLE mWaitingApns={null} mApnSetting={null} mReason=radioTurnedOff mDataEnabled=false mDependencyMet=true} dcac=null
02-20 20:55:29.399  1921  1921 D GsmCdmaPhone: [GsmCdmaPhone] getDataConnectionState apnType=hipri ret=DISCONNECTED
02-20 20:55:29.400  1921  1921 D DCT     : [0]cleanUpConnection: X tearDown=false reason=radioTurnedOff apnContext={mApnType=hipri mState=IDLE mWaitingApns={null} mApnSetting={null} mReason=radioTurnedOff mDataEnabled=false mDependencyMet=true} dcac=null
02-20 20:55:29.400  1921  1921 D GsmCdmaPhone: [GsmCdmaPhone] getDataConnectionState apnType=ims ret=DISCONNECTED
02-20 20:55:29.400  1921  1921 D DCT     : [0]cleanUpConnection: X tearDown=false reason=radioTurnedOff apnContext={mApnType=ims mState=IDLE mWaitingApns={null} mApnSetting={null} mReason=radioTurnedOff mDataEnabled=false mDependencyMet=true} dcac=null
02-20 20:55:29.400  1921  1921 D DCT     : [0]stopNetStatPoll
02-20 20:55:29.401  1921  1921 D DCT     : [0]cleanUpConnection: mDisconnectPendingCount = 0
02-20 20:55:29.401  1921  1921 D DCT     : [0]isDataAllowed: No - SIM not loaded - Not attached
02-20 20:55:29.407  1921  1921 D DCT     : [0]onDataConnectionDetached: stop polling and notify detached
02-20 20:55:29.407  1921  1921 D DCT     : [0]stopNetStatPoll
02-20 20:55:29.407  1921  1921 D DCT     : [0]notifyDataConnection: reason=dataDetached
02-20 20:55:29.407  1921  1921 D DCT     : [0]isDataAllowed: No - SIM not loaded - Not attached
02-20 20:55:29.413  2056  2056 I bootstat: Service started: /system/bin/bootstat --record_boot_complete 
02-20 20:55:29.425  2056  2056 I bootstat: Logging histogram: bootstat_mtime_matches_content 1
02-20 20:55:29.426  1921  1921 D DCT     : [0]onRoamingOff
02-20 20:55:29.427  2056  2056 I sysui_histogram: [bootstat_mtime_matches_content,1]
02-20 20:55:29.427  1921  1921 D DCT     : [0]isDataAllowed: No - SIM not loaded - Not attached
02-20 20:55:29.432  2056  2056 I bootstat: Logging histogram: bootstat_mtime_matches_content 1
02-20 20:55:29.432  2056  2056 I sysui_histogram: [bootstat_mtime_matches_content,1]
02-20 20:55:29.432  2056  2056 I bootstat: Logging histogram: bootstat_mtime_matches_content 1
02-20 20:55:29.432  2056  2056 I sysui_histogram: [bootstat_mtime_matches_content,1]
02-20 20:55:29.432  1921  1921 D DCT     : [0]setupDataOnConnectableApns: roamingOff hipri:[state=IDLE,enabled=false] mms:[state=IDLE,enabled=false] supl:[state=IDLE,enabled=false] ia:[state=IDLE,enabled=false] fota:[state=IDLE,enabled=false] ims:[state=IDLE,enabled=false] cbs:[state=IDLE,enabled=false] default:[state=IDLE,enabled=false] emergency:[state=IDLE,enabled=false] 
02-20 20:55:29.432  1921  1921 D DCT     : [0]setupDataOnConnectableApns: nwTypeChanged hipri:[state=IDLE,enabled=false] mms:[state=IDLE,enabled=false] supl:[state=IDLE,enabled=false] ia:[state=IDLE,enabled=false] fota:[state=IDLE,enabled=false] ims:[state=IDLE,enabled=false] cbs:[state=IDLE,enabled=false] default:[state=IDLE,enabled=false] emergency:[state=IDLE,enabled=false] 
02-20 20:55:29.432  1921  1921 D DCT     : [0]Wifi state changed
02-20 20:55:29.432  1921  1921 D DCT     : [0]WIFI_STATE_CHANGED_ACTION: enabled=true mIsWifiConnected=false
02-20 20:55:29.432  1921  1921 D SubscriptionInfoUpdater: [Receiver]+
02-20 20:55:29.432  1921  1921 D SubscriptionInfoUpdater: Action: android.intent.action.SIM_STATE_CHANGED
02-20 20:55:29.432  1921  1921 D SubscriptionInfoUpdater: slotId: 0
02-20 20:55:29.432  1921  1921 D SubscriptionInfoUpdater: simStatus: NOT_READY
02-20 20:55:29.432  1921  1921 D SubscriptionInfoUpdater: Ignoring simStatus: NOT_READY
02-20 20:55:29.432  1921  1921 D SubscriptionInfoUpdater: [Receiver]-
02-20 20:55:29.432  1921  1921 D DCT     : [0]NETWORK_STATE_CHANGED_ACTION: mIsWifiConnected=false
02-20 20:55:29.432  1921  1921 D PhoneSwitcherNetworkRequstListener: got request NetworkRequest [ REQUEST id=1, [ Capabilities: INTERNET&NOT_RESTRICTED&TRUSTED&NOT_VPN] ] with score 0
02-20 20:55:29.432  1921  1921 D TelephonyNetworkFactory[0]: onSubIdChange -1->-2
02-20 20:55:29.432  1921  1921 D TelephonyNetworkFactory[0]: got request NetworkRequest [ REQUEST id=1, [ Capabilities: INTERNET&NOT_RESTRICTED&TRUSTED&NOT_VPN] ] with score 0
02-20 20:55:29.433  1921  1921 D DebugService: DebugService DebugService:
02-20 20:55:29.433  1921  1921 D TelephonyDebugService: TelephonyDebugService()
02-20 20:55:29.434  1921  1921 D CarrierConfigLoader: mHandler: 12 phoneId: 0
02-20 20:55:29.439  1921  1921 D RILJ    : [3671]> RIL_REQUEST_QUERY_TTY_MODE [SUB0]
02-20 20:55:29.440  1373  1465 D RIL     : onRequest: QUERY_TTY_MODE
02-20 20:55:29.440  1373  1465 D RIL     : Request not supported. Tech: 1
02-20 20:55:29.440  1921  2009 D RilRequest: [3671]< RIL_REQUEST_QUERY_TTY_MODE error: com.android.internal.telephony.CommandException: REQUEST_NOT_SUPPORTED ret=
02-20 20:55:29.440  1921  1921 D UiccController: Received EVENT_GET_ICC_STATUS_DONE
02-20 20:55:29.440  1921  1921 D UiccCard: 2 applications
02-20 20:55:29.441  1921  1921 D UiccCardApplication: Creating UiccApp: {APPTYPE_SIM,APPSTATE_DETECTED}
02-20 20:55:29.445  1921  1921 W VoiceMailConstants: Can't open /system/etc/voicemail-conf.xml
02-20 20:55:29.445  1921  1921 D SpnOverride: No SPN in OEM image = /oem/telephony/spn-conf.xml Load SPN from system image
02-20 20:55:29.446  1921  1921 W SpnOverride: Can not open /system/etc/spn-conf.xml
02-20 20:55:29.446  1921  1921 D SIMRecords: [SIMRecords] setting0 mMncLength-1
02-20 20:55:29.446  1921  1921 D SIMRecords: [SIMRecords] SIMRecords: onRadioOffOrNotAvailable set 'gsm.sim.operator.numeric' to operator=null
02-20 20:55:29.446  1921  1921 D SIMRecords: [SIMRecords] update icc_operator_numeric=null
02-20 20:55:29.446  1921  1921 D TelephonyManager: setTelephonyProperty: success phoneId=0 property=gsm.sim.operator.numeric value:  propVal=
02-20 20:55:29.450  1921  1921 D TelephonyManager: setTelephonyProperty: success phoneId=0 property=gsm.sim.operator.alpha value:  propVal=
02-20 20:55:29.450  1921  1921 D TelephonyManager: setTelephonyProperty: success phoneId=0 property=gsm.sim.operator.iso-country value:  propVal=
02-20 20:55:29.451  1921  1921 D SIMRecords: [SIMRecords] getOperatorNumeric: IMSI == null
02-20 20:55:29.451  1921  1921 D SIMRecords: [SIMRecords] SIMRecords X ctor this=SimRecords: mDestroyed=false mContext=com.android.phone.PhoneGlobals@5de920 mCi=com.android.internal.telephony.RIL@fe275f2 mFh=Handler (com.android.internal.telephony.uicc.SIMFileHandler) {3c432d9} mParentApp=com.android.internal.telephony.uicc.UiccCardApplication@eddf49e recordsLoadedRegistrants=android.os.RegistrantList@53d7b7f mImsiReadyRegistrants=android.os.RegistrantList@a08774c mRecordsEventsRegistrants=android.os.RegistrantList@abc2395 mNewSmsRegistrants=android.os.RegistrantList@f30bcaa mNetworkSelectionModeAutomaticRegistrants=android.os.RegistrantList@6b8509b recordsToLoad=0 adnCache=Handler (com.android.internal.telephony.uicc.AdnRecordCache) {7ebbc38} recordsRequested=false iccid=null msisdnTag=null voiceMailNum=null voiceMailTag=null voiceMailNum=null newVoiceMailTag=null isVoiceMailFixed=false mImsi=null mncLength=-1 mailboxIndex=0 spn=null mVmConfigcom.android.internal.telephony.uicc.VoiceMailConstants@e086411 mSpnOverride=mSpnOverride callForwardingEnabled=0 spnState=null mCphsInfo=null mCspPlmnEnabled=true efMWIS=null efCPHS_MWI=null mEfCff=null mEfCfis=null getOperatorNumeric=null
02-20 20:55:29.451  1653  1687 I am_proc_start: [0,2058,10067,com.google.android.deskclock,broadcast,com.google.android.deskclock/com.android.deskclock.AlarmInitReceiver]
02-20 20:55:29.451  1653  1687 I ActivityManager: Start proc 2058:com.google.android.deskclock/u0a67 for broadcast com.google.android.deskclock/com.android.deskclock.AlarmInitReceiver
02-20 20:55:29.451  1313  1313 I sf_frame_dur: [BootAnimation,0,18,180,10,0,0,0]
02-20 20:55:29.451  1921  1921 D UiccCardApplication: Creating UiccApp: {APPTYPE_RUIM,APPSTATE_DETECTED}
02-20 20:55:29.452  1921  1921 D RuimRecords: [RuimRecords] setting0 mMncLength-1
02-20 20:55:29.452  1921  1921 D RuimRecords: [RuimRecords] RuimRecords X ctor this=RuimRecords: mDestroyed=false mContext=com.android.phone.PhoneGlobals@5de920 mCi=com.android.internal.telephony.RIL@fe275f2 mFh=Handler (com.android.internal.telephony.uicc.RuimFileHandler) {6415b77} mParentApp=com.android.internal.telephony.uicc.UiccCardApplication@8bc63e4 recordsLoadedRegistrants=android.os.RegistrantList@4fe304d mImsiReadyRegistrants=android.os.RegistrantList@b803702 mRecordsEventsRegistrants=android.os.RegistrantList@3e63813 mNewSmsRegistrants=android.os.RegistrantList@fcdda50 mNetworkSelectionModeAutomaticRegistrants=android.os.RegistrantList@d0a8449 recordsToLoad=0 adnCache=Handler (com.android.internal.telephony.uicc.AdnRecordCache) {b3ec14e} recordsRequested=false iccid=null msisdnTag=null voiceMailNum=null voiceMailTag=null voiceMailNum=null newVoiceMailTag=null isVoiceMailFixed=false mImsi=null mncLength=-1 mailboxIndex=0 spn=null m_ota_commitedfalse mMyMobileNumber=xxxx mMin2Min1=null mPrlVersion=null mEFpl=null mEFli=null mCsimSpnDisplayCondition=false mMdn=null mMin=null mHomeSystemId=null mHomeNetworkId=null
02-20 20:55:29.468  2058  2058 W art     : Unexpected CPU variant for X86 using defaults: x86_64
02-20 20:55:29.471  1921  1921 D CAT     : CatService: registerForRecordsLoaded slotid=0 instance:Handler (com.android.internal.telephony.cat.CatService) {e0a968b}
02-20 20:55:29.471  1921  1921 D CAT     : CatService: Running CAT service on Slotid: 0. STK app installed:false
02-20 20:55:29.471  1921  1921 D UiccCard: Before privilege rules: null : CARDSTATE_PRESENT
02-20 20:55:29.472  1921  1921 D RILJ    : [3672]> RIL_REQUEST_SIM_OPEN_CHANNEL [SUB0]
02-20 20:55:29.472  1921  1921 E UiccCard: App index 8 is invalid since there are no applications
02-20 20:55:29.472  1921  1921 D UiccCard: update: radioState=RADIO_ON mLastRadioState=RADIO_UNAVAILABLE
02-20 20:55:29.472  1921  1921 D UiccController: Notifying IccChangedRegistrants
02-20 20:55:29.472  1373  1465 D RIL     : onRequest: SIM_OPEN_CHANNEL
02-20 20:55:29.472  1373  1465 D AT      : AT> AT+CCHO=A00000015141434C00
02-20 20:55:29.473  1373  1468 D AT      : AT< 1
02-20 20:55:29.473  1373  1468 D AT      : AT< OK
02-20 20:55:29.473  1921  2009 D RILJ    : [3672]< RIL_REQUEST_SIM_OPEN_CHANNEL  [SUB0]
02-20 20:55:29.473  1921  1921 D GsmCdmaPhone: get phone radio capability fail, no need to change mRadioCapability
02-20 20:55:29.473  1921  1921 D GsmCdmaPhone: EVENT_GET_RADIO_CAPABILITY: phone rc: null
02-20 20:55:29.473  1921  1921 D Phone   : config LCE service failed: com.android.internal.telephony.CommandException: RADIO_NOT_AVAILABLE
02-20 20:55:29.474  1921  1921 D SST     : mDeviceShuttingDown=false, mDesiredPowerState=true, getRadioState=RADIO_ON, mPowerOffDelayNeed=true, mAlarmSwitch=false, mRadioDisabledByCarrier=false
02-20 20:55:29.474  1921  1921 D RILJ    : [3673]> OPERATOR [SUB0]
02-20 20:55:29.474  1921  1921 D RILJ    : [3674]> DATA_REGISTRATION_STATE [SUB0]
02-20 20:55:29.474  1373  1465 D RIL     : onRequest: OPERATOR
02-20 20:55:29.474  1373  1465 D AT      : AT> AT+COPS=3,0;+COPS?;+COPS=3,1;+COPS?;+COPS=3,2;+COPS?
02-20 20:55:29.474  1373  1468 D AT      : AT< +COPS: 0,0,"Android"
02-20 20:55:29.474  1373  1468 D AT      : AT< +COPS: 0,1,"Android"
02-20 20:55:29.474  1373  1468 D AT      : AT< +COPS: 0,2,"310260"
02-20 20:55:29.474  1373  1468 D AT      : AT< OK
02-20 20:55:29.474  1921  1921 D RILJ    : [3675]> VOICE_REGISTRATION_STATE [SUB0]
02-20 20:55:29.474  1921  2009 D RILJ    : [3673]< OPERATOR {Android, Android, 310260} [SUB0]
02-20 20:55:29.474  1373  1465 D RIL     : onRequest: DATA_REGISTRATION_STATE
02-20 20:55:29.474  1373  1465 D RIL     : requestRegistrationState
02-20 20:55:29.474  1373  1465 D AT      : AT> AT+CGREG?
02-20 20:55:29.474  1373  1468 D AT      : AT< +CGREG: 1,1,"0003","005b","000e"
02-20 20:55:29.474  1373  1468 D AT      : AT< OK
02-20 20:55:29.474  1373  1465 D RIL     : parseRegistrationState. Parsing: +CGREG: 1,1,"0003","005b","000e"
02-20 20:55:29.474  1373  1465 D RIL     : registration state type: 3GPP
02-20 20:55:29.474  1921  1921 D RILJ    : [3676]> QUERY_NETWORK_SELECTION_MODE [SUB0]
02-20 20:55:29.474  1373  1465 D RIL     : onRequest: VOICE_REGISTRATION_STATE
02-20 20:55:29.474  1373  1465 D RIL     : requestRegistrationState
02-20 20:55:29.474  1373  1465 D AT      : AT> AT+CREG?
02-20 20:55:29.475  1373  1468 D AT      : AT< +CREG: 2,1, "0003", "005b"
02-20 20:55:29.475  1373  1468 D AT      : AT< OK
02-20 20:55:29.475  1921  1921 D RILJ    : [3677]> GET_CURRENT_CALLS [SUB0]
02-20 20:55:29.475  1373  1465 D RIL     : parseRegistrationState. Parsing: +CREG: 2,1, "0003", "005b"
02-20 20:55:29.475  1373  1465 D RIL     : registration state type: 3GPP
02-20 20:55:29.475  1373  1465 D RIL     : onRequest: QUERY_NETWORK_SELECTION_MODE
02-20 20:55:29.475  1373  1465 D AT      : AT> AT+COPS?
02-20 20:55:29.475  1373  1468 D AT      : AT< +COPS: 0,2,310260
02-20 20:55:29.475  1373  1468 D AT      : AT< OK
02-20 20:55:29.475  1921  1921 D RILJ    : [3678]> RIL_REQUEST_IMS_REGISTRATION_STATE [SUB0]
02-20 20:55:29.475  1373  1465 D RIL     : onRequest: GET_CURRENT_CALLS
02-20 20:55:29.475  1373  1465 D AT      : AT> AT+CLCC
02-20 20:55:29.475  1373  1468 D AT      : AT< OK
02-20 20:55:29.475  1921  2009 D RILJ    : [3674]< DATA_REGISTRATION_STATE {1, 3, 5b, 14, null, null} [SUB0]
02-20 20:55:29.475  1921  2009 D RILJ    : [3675]< VOICE_REGISTRATION_STATE {1, 3, 5b, 0, null, null, null, null, null, null, null, null, null, null, null} [SUB0]
02-20 20:55:29.475  1921  2009 D RILJ    : [3676]< QUERY_NETWORK_SELECTION_MODE {0} [SUB0]
02-20 20:55:29.476  1921  2009 D RILJ    : [3677]< GET_CURRENT_CALLS {} [SUB0]
02-20 20:55:29.476  1921  1921 D RILJ    : [3679]> RIL_REQUEST_CDMA_GET_SUBSCRIPTION_SOURCE [SUB0]
02-20 20:55:29.476  1373  1465 D RIL     : onRequest: IMS_REGISTRATION_STATE
02-20 20:55:29.476  1373  1465 D RIL     : IMS_REGISTRATION=0, format=1 
02-20 20:55:29.476  1921  2009 D RILJ    : [3678]< RIL_REQUEST_IMS_REGISTRATION_STATE {0, 1} [SUB0]
02-20 20:55:29.476  1921  1921 D GsmCdmaPhone: [GsmCdmaPhone] Event EVENT_RADIO_ON Received
02-20 20:55:29.476  1921  1921 D RILJ    : [3680]> RIL_REQUEST_VOICE_RADIO_TECH [SUB0]
02-20 20:55:29.477  1373  1465 D RIL     : onRequest: CDMA_GET_SUBSCRIPTION_SOURCE
02-20 20:55:29.477  1373  1465 D RIL     : Request not supported. Tech: 1
02-20 20:55:29.477  1921  1921 D UiccController: Received EVENT_ICC_STATUS_CHANGED, calling getIccCardStatus
02-20 20:55:29.477  1921  1921 D RILJ    : [3681]> GET_SIM_STATUS [SUB0]
02-20 20:55:29.477  1921  2009 D RilRequest: [3679]< RIL_REQUEST_CDMA_GET_SUBSCRIPTION_SOURCE error: com.android.internal.telephony.CommandException: REQUEST_NOT_SUPPORTED ret=
02-20 20:55:29.477  1373  1465 D RIL     : onRequest: VOICE_RADIO_TECH
02-20 20:55:29.477  1921  2009 D RILJ    : [3680]< RIL_REQUEST_VOICE_RADIO_TECH {11} [SUB0]
02-20 20:55:29.477  1373  1465 D RIL     : onRequest: GET_SIM_STATUS
02-20 20:55:29.477  1373  1465 D RIL     : getSIMStatus(). sState: 10
02-20 20:55:29.477  1373  1465 D AT      : AT> AT+CPIN?
02-20 20:55:29.477  1921  1921 D SST     : EVENT_POLL_STATE_NETWORK_SELECTION_MODE
02-20 20:55:29.477  1373  1468 D AT      : AT< +CPIN: READY
02-20 20:55:29.478  1373  1468 D AT      : AT< OK
02-20 20:55:29.478  1921  2009 D RILJ    : [3681]< GET_SIM_STATUS IccCardState {CARDSTATE_PRESENT,PINSTATE_UNKNOWN,num_apps=2,gsm_id=0{APPTYPE_SIM,APPSTATE_READY},cdma_id=1{APPTYPE_RUIM,APPSTATE_READY},ims_id=8} [SUB0]
02-20 20:55:29.478  1921  1921 D SST     : EVENT_POLL_STATE_NETWORK_SELECTION_MODE
02-20 20:55:29.478  1921  1921 D PhoneSwitcher: evaluating due to netRequest default 0->1 phone[0] 0->-2
02-20 20:55:29.479  1921  1921 D TelephonyNetworkFactory[0]: not acting - isApp=false, isAct=false NetworkRequest [ REQUEST id=1, [ Capabilities: INTERNET&NOT_RESTRICTED&TRUSTED&NOT_VPN] ]
02-20 20:55:29.479  1921  1921 D CAT     : CatService: handleMessage[8]
02-20 20:55:29.479  1921  1921 D CAT     : CatService: MSG_ID_ICC_CHANGED
02-20 20:55:29.479  1921  1921 D CAT     : CatService: New Card State = CARDSTATE_PRESENT Old Card State = CARDSTATE_ABSENT
02-20 20:55:29.479  1921  1921 D RILJ    : [3682]> RIL_REQUEST_REPORT_STK_SERVICE_IS_RUNNING [SUB0]
02-20 20:55:29.479  1373  1465 D RIL     : onRequest: REPORT_STK_SERVICE_IS_RUNNING
02-20 20:55:29.479  1373  1465 D RIL     : Request not supported. Tech: 1
02-20 20:55:29.479  1921  2009 D RilRequest: [3682]< RIL_REQUEST_REPORT_STK_SERVICE_IS_RUNNING error: com.android.internal.telephony.CommandException: REQUEST_NOT_SUPPORTED ret=
02-20 20:55:29.479  1921  1921 D GsmCdmaPhone: [GsmCdmaPhone] New Uicc application found. type = APPTYPE_SIM
02-20 20:55:29.479  1921  1921 D GsmSMSDispatcher: GsmSMSDispatcher: subId = -2 slotId = 0
02-20 20:55:29.479  1921  1921 D GsmSMSDispatcher: New Uicc application found
02-20 20:55:29.479  1921  1921 D IccCardProxy: Icc changed. Reregestering.
02-20 20:55:29.479  1921  1921 D SST     : New card found
02-20 20:55:29.479  1921  1921 D CAT     : CatService: handleMessage[8]
02-20 20:55:29.479  1921  1921 D CAT     : CatService: MSG_ID_ICC_CHANGED
02-20 20:55:29.479  1921  1921 D CAT     : CatService: New Card State = CARDSTATE_PRESENT Old Card State = CARDSTATE_PRESENT
02-20 20:55:29.479  1921  1921 E SST     : error parsing GprsRegistrationState: java.lang.NumberFormatException: null
02-20 20:55:29.479  1921  1921 D SST     : handlPollStateResultMessage: GsmSST setDataRegState=0 regState=1 dataRadioTechnology=14
02-20 20:55:29.479  1921  1921 D SST     : EVENT_POLL_STATE_NETWORK_SELECTION_MODE
02-20 20:55:29.487  1653  1954 I am_proc_bound: [0,2058,com.google.android.deskclock]
02-20 20:55:29.488  1921  1921 D SST     : Poll ServiceState done:  oldSS=[1 1 voice home data home null null null null null null  Unknown Unknown CSS not supported 0 0 RoamInd=0 DefRoamInd=0 EmergOnly=false IsDataRoamingFromRegistration=false IsUsingCarrierAggregation=false] newSS=[0 0 voice home data home Android Android 310260 Android Android 310260  Unknown LTE CSS not supported -1 -1 RoamInd=-1 DefRoamInd=-1 EmergOnly=false IsDataRoamingFromRegistration=false IsUsingCarrierAggregation=false] oldMaxDataCalls=1 mNewMaxDataCalls=1 oldReasonDataDenied=-1 mNewReasonDataDenied=-1
02-20 20:55:29.488  1921  1921 I gsm_service_state_change: [1,1,0,0]
02-20 20:55:29.488  1921  1921 D TelephonyManager: setTelephonyProperty: success phoneId=0 property=gsm.network.type value: LTE propVal=LTE
02-20 20:55:29.491  2057  2057 I bootstat: Service started: /system/bin/bootstat --record_boot_reason 
02-20 20:55:29.491  2057  2057 I bootstat: Unknown boot reason: 
02-20 20:55:29.492  1921  1921 D SST     : pollStateDone: registering current mNitzUpdatedTime=true changing to false
02-20 20:55:29.492  1921  1921 D SIMRecords: [SIMRecords] getServiceProviderName: no brandOverride, providerName=null
02-20 20:55:29.492  1921  1921 D SIMRecords: [SIMRecords] getServiceProviderName: no brandOverride, providerName=null
02-20 20:55:29.492  1921  1921 D SST     : updateSpnDisplay: changed sending intent rule=2 showPlmn='true' plmn='Android' showSpn='false' spn='null' dataSpn='null' subId='-2'
02-20 20:55:29.492  1921  1921 D SubscriptionController: [setPlmnSpn] No valid subscription to store info
02-20 20:55:29.493  1921  1921 D SubscriptionController: notifySubscriptionInfoChanged:
02-20 20:55:29.493  1653  1687 D TelephonyRegistry: notifySubscriptionInfoChanged: first invocation mRecords.size=16
02-20 20:55:29.493  1653  1653 I GnssLocationProvider: WakeLock acquired by sendMessage(12, 0, null)
02-20 20:55:29.494  1921  1937 D SubscriptionController: [getActiveSubInfoList] Sub Controller not ready
02-20 20:55:29.495  1921  1921 D TelephonyManager: setTelephonyProperty: success phoneId=0 property=gsm.operator.alpha value: Android propVal=Android
