02-20 20:55:26.586  1653  1724 D VoldConnector: RCV <- {643 disk:253,64}
02-20 20:55:26.586  1653  1724 D VoldConnector: RCV <- {200 3 Command succeeded}
02-20 20:55:26.586  1653  1723 D VoldConnector: SND -> {4 volume user_added 0 0}
02-20 20:55:26.587  1653  1724 D VoldConnector: RCV <- {200 4 Command succeeded}
02-20 20:55:26.593  1653  1688 I am_proc_bound: [0,1755,com.android.inputmethod.latin]
02-20 20:55:26.596  1363  1363 I AudioFlinger: systemReady
02-20 20:55:26.604  1653  1687 I am_proc_bound: [0,1770,com.android.systemui]
02-20 20:55:26.611  1653  1723 D VoldConnector: SND -> {5 volume mount emulated 3 -1}
02-20 20:55:26.612  1267  1302 V vold    : Waiting for FUSE to spin up...
02-20 20:55:26.612  1653  1724 D VoldConnector: RCV <- {651 emulated 1}
02-20 20:55:26.612  1653  1724 D VoldConnector: RCV <- {656 emulated /data/media}
02-20 20:55:26.612  1653  1724 D VoldConnector: RCV <- {655 emulated /storage/emulated}
02-20 20:55:26.621  1653  1653 D WebViewFactory: Setting new address space to 137955392
02-20 20:55:26.625  1653  1653 I Zygote  : Process: zygote socket opened, supported ABIS: x86
02-20 20:55:26.625  1362  1549 I art     : Starting a blocking GC HeapTrim
02-20 20:55:26.627  1362  1362 I art     : Starting a blocking GC Background
02-20 20:55:26.660     0     0 D ieee80211 phy1: hw scan 2432 MHz
02-20 20:55:26.653  1770  1770 W System  : ClassLoader referenced unknown path: /system/priv-app/SystemUIGoogle/lib/x86_64
02-20 20:55:26.663  1267  1302 V vold    : Waiting for FUSE to spin up...
02-20 20:55:26.672  1653  1789 E WVMExtractor: Failed to open libwvm.so: dlopen failed: library "libwvm.so" not found
02-20 20:55:26.682  1787  1787 W sdcard  : Device explicitly disabled sdcardfs
02-20 20:55:26.687     0     0 D SELinux : initialized (dev fuse, type fuse), uses genfs_contexts
02-20 20:55:26.692     0     0 D SELinux : initialized (dev fuse, type fuse), uses genfs_contexts
02-20 20:55:26.699     0     0 D SELinux : initialized (dev fuse, type fuse), uses genfs_contexts
02-20 20:55:26.700  1371  1371 I MediaPlayerService: MediaPlayerService::getOMX
02-20 20:55:26.701  1371  1371 I OMXClient: MuxOMX ctor
02-20 20:55:26.704  1371  1371 I MediaPlayerService: MediaPlayerService::getOMX
02-20 20:55:26.704  1371  1371 I OMXClient: MuxOMX ctor
02-20 20:55:26.705  1368  1368 I OMXMaster: makeComponentInstance(OMX.google.mp3.decoder) in mediacodec process
02-20 20:55:26.708  1653  1653 W ActivityManager: Slow operation: 84ms so far, now at startProcess: returned from zygote!
02-20 20:55:26.708  1653  1653 W ActivityManager: Slow operation: 84ms so far, now at startProcess: done updating battery stats
02-20 20:55:26.708  1653  1653 I am_proc_start: [0,1795,1037,WebViewLoader-x86,,]
02-20 20:55:26.708  1653  1653 W ActivityManager: Slow operation: 84ms so far, now at startProcess: building log message
02-20 20:55:26.708  1653  1653 I ActivityManager: Start proc 1795:WebViewLoader-x86/1037 [android.webkit.WebViewFactory$RelroFileCreator] for 
02-20 20:55:26.708  1653  1653 W ActivityManager: Slow operation: 84ms so far, now at startProcess: starting to update pids map
02-20 20:55:26.708  1653  1653 W ActivityManager: Slow operation: 84ms so far, now at startProcess: done updating pids map
02-20 20:55:26.708  1653  1653 W ActivityManager: Slow operation: 84ms so far, now at startProcess: done starting proc!
02-20 20:55:26.715  1653  1724 D VoldConnector: RCV <- {651 emulated 2}
02-20 20:55:26.715  1653  1724 D VoldConnector: RCV <- {200 5 Command succeeded}
02-20 20:55:26.715  1653  1723 D VoldConnector: SND -> {6 volume mount public:253,64 2 0}
02-20 20:55:26.716  1267  1302 V vold    : /system/bin/blkid
02-20 20:55:26.716  1267  1302 V vold    :     -c
02-20 20:55:26.716  1267  1302 V vold    :     /dev/null
02-20 20:55:26.716  1267  1302 V vold    :     -s
02-20 20:55:26.716  1267  1302 V vold    :     TYPE
02-20 20:55:26.716  1267  1302 V vold    :     -s
02-20 20:55:26.716  1267  1302 V vold    :     UUID
02-20 20:55:26.716  1267  1302 V vold    :     -s
02-20 20:55:26.716  1267  1302 V vold    :     LABEL
02-20 20:55:26.716  1267  1302 V vold    :     /dev/block/vold/public:253,64
02-20 20:55:26.716  1653  1724 D VoldConnector: RCV <- {651 public:253,64 1}
02-20 20:55:26.726  1653  1653 I am_proc_start: [0,1804,1037,WebViewLoader-x86_64,,]
02-20 20:55:26.726  1653  1653 I ActivityManager: Start proc 1804:WebViewLoader-x86_64/1037 [android.webkit.WebViewFactory$RelroFileCreator] for 
02-20 20:55:26.728  1653  1653 D NetworkManagement: enabling bandwidth control
02-20 20:55:26.771  1804  1804 W art     : Unexpected CPU variant for X86 using defaults: x86_64
02-20 20:55:26.776  1371  1371 I MediaPlayerService: MediaPlayerService::getOMX
02-20 20:55:26.776  1371  1371 I OMXClient: MuxOMX ctor
02-20 20:55:26.776  1368  1387 I OMXMaster: makeComponentInstance(OMX.google.amrnb.decoder) in mediacodec process
02-20 20:55:26.783  1371  1371 I MediaPlayerService: MediaPlayerService::getOMX
02-20 20:55:26.783  1371  1371 I OMXClient: MuxOMX ctor
02-20 20:55:26.783  1368  1813 I OMXMaster: makeComponentInstance(OMX.google.amrwb.decoder) in mediacodec process
02-20 20:55:26.784  1267  1302 V vold    : /dev/block/vold/public:253,64: LABEL="SDCARD" UUID="1E12-0B12" TYPE="vfat" 
02-20 20:55:26.785  1267  1302 V vold    : 
02-20 20:55:26.785  1267  1302 V vold    : /system/bin/fsck_msdos
02-20 20:55:26.785  1267  1302 V vold    :     -p
02-20 20:55:26.785  1267  1302 V vold    :     -f
02-20 20:55:26.785  1267  1302 V vold    :     /dev/block/vold/public:253,64
02-20 20:55:26.786  1653  1724 D VoldConnector: RCV <- {652 public:253,64 vfat}
02-20 20:55:26.786  1653  1724 D VoldConnector: RCV <- {653 public:253,64 1E12-0B12}
02-20 20:55:26.786  1653  1724 D VoldConnector: RCV <- {654 public:253,64 SDCARD}
02-20 20:55:26.781     0     0 D ieee80211 phy1: hw scan 2437 MHz
02-20 20:55:26.801  1371  1371 I MediaPlayerService: MediaPlayerService::getOMX
02-20 20:55:26.801  1371  1371 I OMXClient: MuxOMX ctor
02-20 20:55:26.801  1368  1368 I OMXMaster: makeComponentInstance(OMX.google.aac.decoder) in mediacodec process
02-20 20:55:26.805  1804  1804 V WebViewFactory: RelroFileCreator (64bit = true),  32-bit lib: /system/app/Chrome/Chrome.apk!/lib/x86/libmonochrome.so, 64-bit lib: /system/app/Chrome/Chrome.apk!/lib/x86_64/libmonochrome.so
02-20 20:55:26.819  1267  1302 I fsck_msdos: ** /dev/block/vold/public:253,64
02-20 20:55:26.820  1267  1302 I fsck_msdos: ** Phase 1 - Read and Compare FATs
02-20 20:55:26.820  1267  1302 I fsck_msdos: Attempting to allocate 1022 KB for FAT
02-20 20:55:26.821  1371  1371 I MediaPlayerService: MediaPlayerService::getOMX
02-20 20:55:26.821  1371  1371 I OMXClient: MuxOMX ctor
02-20 20:55:26.821  1368  1387 I OMXMaster: makeComponentInstance(OMX.google.g711.alaw.decoder) in mediacodec process
02-20 20:55:26.822  1795  1795 W art     : Unexpected CPU variant for X86 using defaults: x86
02-20 20:55:26.850  1653  1731 D WifiController: DEFERRED_TOGGLE handled
02-20 20:55:26.874  1770  1770 V SystemUIService: Starting SystemUI services for user 0.
02-20 20:55:26.877  1755  1755 I LatinIME: Hardware accelerated drawing: true
02-20 20:55:26.907     0     0 D ieee80211 phy1: hw scan 2442 MHz
02-20 20:55:26.922  1267  1302 I fsck_msdos: Attempting to allocate 1022 KB for FAT
02-20 20:55:26.926  1371  1371 I MediaPlayerService: MediaPlayerService::getOMX
02-20 20:55:26.926  1371  1371 I OMXClient: MuxOMX ctor
02-20 20:55:26.926  1368  1387 I OMXMaster: makeComponentInstance(OMX.google.g711.mlaw.decoder) in mediacodec process
02-20 20:55:26.935  1795  1795 V WebViewFactory: RelroFileCreator (64bit = false),  32-bit lib: /system/app/Chrome/Chrome.apk!/lib/x86/libmonochrome.so, 64-bit lib: /system/app/Chrome/Chrome.apk!/lib/x86_64/libmonochrome.so
02-20 20:55:26.950  1770  1770 V MediaRouter: Adding route: RouteInfo{ name=Phone, description=null, status=null, category=RouteCategory{ name=null types=ROUTE_TYPE_LIVE_AUDIO ROUTE_TYPE_LIVE_VIDEO  groupable=false }, supportedTypes=ROUTE_TYPE_LIVE_AUDIO ROUTE_TYPE_LIVE_VIDEO , presentationDisplay=null }
02-20 20:55:26.961  1770  1770 V MediaRouter: Updating audio routes: AudioRoutesInfo{ type=SPEAKER }
02-20 20:55:26.962  1770  1770 V MediaRouter: Selecting route: RouteInfo{ name=Phone, description=null, status=null, category=RouteCategory{ name=null types=ROUTE_TYPE_LIVE_AUDIO ROUTE_TYPE_LIVE_VIDEO  groupable=false }, supportedTypes=ROUTE_TYPE_LIVE_AUDIO ROUTE_TYPE_LIVE_VIDEO , presentationDisplay=null }
02-20 20:55:27.007  1653  1687 D TelephonyRegistry: listen oscl: hasNotifySubscriptionInfoChangedOccurred==false no callback
02-20 20:55:27.019  1267  1302 I fsck_msdos: ** Phase 2 - Check Cluster Chains
02-20 20:55:27.021     0     0 D ieee80211 phy1: hw scan 2447 MHz
02-20 20:55:27.025  1267  1302 I fsck_msdos: ** Phase 3 - Checking Directories
02-20 20:55:27.025  1267  1302 I fsck_msdos: ** Phase 4 - Checking for Lost Files
02-20 20:55:27.026  1267  1302 I fsck_msdos: 27 files, 522176 free (261088 clusters)
02-20 20:55:27.035  1267  1302 I Vold    : Filesystem check completed OK
02-20 20:55:27.035  1653  1724 D VoldConnector: RCV <- {656 public:253,64 /mnt/media_rw/1E12-0B12}
02-20 20:55:27.036  1653  1724 D VoldConnector: RCV <- {655 public:253,64 /storage/1E12-0B12}
02-20 20:55:27.048  1267  1302 V vold    : Waiting for FUSE to spin up...
02-20 20:55:27.052  1371  1371 I MediaPlayerService: MediaPlayerService::getOMX
02-20 20:55:27.052  1371  1371 I OMXClient: MuxOMX ctor
02-20 20:55:27.052  1368  1368 I OMXMaster: makeComponentInstance(OMX.google.vorbis.decoder) in mediacodec process
02-20 20:55:27.054  1755  1755 W InputAttributes: No editor info for this field. Bug?
02-20 20:55:27.060  1804  1804 I art     : System.exit called, status: 0
02-20 20:55:27.060  1804  1804 I AndroidRuntime: VM exiting with result code 0, cleanup skipped.
02-20 20:55:27.060  1372  1686 D SoftapController: Softap fwReload - Ok
02-20 20:55:27.087  1848  1848 W sdcard  : Device explicitly disabled sdcardfs
02-20 20:55:27.087  1795  1795 I art     : System.exit called, status: 0
02-20 20:55:27.087  1795  1795 I AndroidRuntime: VM exiting with result code 0, cleanup skipped.
02-20 20:55:27.100  1371  1371 I MediaPlayerService: MediaPlayerService::getOMX
02-20 20:55:27.100  1371  1371 I OMXClient: MuxOMX ctor
02-20 20:55:27.100  1368  1368 I OMXMaster: makeComponentInstance(OMX.google.opus.decoder) in mediacodec process
02-20 20:55:27.106  1653  1724 D VoldConnector: RCV <- {651 public:253,64 2}
02-20 20:55:27.106  1653  1724 D VoldConnector: RCV <- {200 6 Command succeeded}
02-20 20:55:27.114  1755  1868 I LatinIME:LogUtils: Dictionary info: dictionary = userunigram.en_US ; version = 1519160127 ; date = ?
02-20 20:55:27.116  1755  1868 E ActivityThread: Failed to find provider info for user_dictionary
02-20 20:55:27.124  1755  1868 I LatinIME:LogUtils: Dictionary info: dictionary = UserHistoryDictionary.en_US ; version = 1519160127 ; date = ?
02-20 20:55:27.126  1770  1871 E WVMExtractor: Failed to open libwvm.so: dlopen failed: library "libwvm.so" not found
02-20 20:55:27.138  1371  1371 I MediaPlayerService: MediaPlayerService::getOMX
02-20 20:55:27.138  1371  1371 I OMXClient: MuxOMX ctor
02-20 20:55:27.138  1368  1368 I OMXMaster: makeComponentInstance(OMX.google.raw.decoder) in mediacodec process
02-20 20:55:27.139  1653  1653 W NetworkManagement: setDataSaverMode(): already false
02-20 20:55:27.040     0     0 W FAT-fs (vde): Volume was not properly unmounted. Some data may be corrupt. Please run fsck.
02-20 20:55:27.045     0     0 D SELinux : initialized (dev vde, type vfat), uses genfs_contexts
02-20 20:55:27.088     0     0 D SELinux : initialized (dev fuse, type fuse), uses genfs_contexts
02-20 20:55:27.089     0     0 D SELinux : initialized (dev fuse, type fuse), uses genfs_contexts
02-20 20:55:27.095     0     0 D SELinux : initialized (dev fuse, type fuse), uses genfs_contexts
02-20 20:55:27.141  1372  1686 D CommandListener: Setting iface cfg
02-20 20:55:27.141  1372  1686 D CommandListener: Trying to bring down wlan0
02-20 20:55:27.140     0     0 D ieee80211 phy1: hw scan 2452 MHz
02-20 20:55:27.141  1372  1686 D CommandListener: Clearing all IP addresses on wlan0
02-20 20:55:27.142  1653  1732 E WifiMonitor: killSupplicant p2pfalse init.svc.wpa_supplicant=unknown init.svc.p2p_supplicant=unknown
02-20 20:55:27.142  1653  1732 E wifi    : Can not initialize the vendor function pointer table
02-20 20:55:27.142  1653  1732 E WifiNative-HAL: Could not start hal
02-20 20:55:27.142  1653  1732 E WifiStateMachine: Failed to start HAL
02-20 20:55:27.143  1371  1371 I MediaPlayerService: MediaPlayerService::getOMX
02-20 20:55:27.143  1371  1371 I OMXClient: MuxOMX ctor
02-20 20:55:27.143  1368  1813 I OMXMaster: makeComponentInstance(OMX.google.aac.encoder) in mediacodec process
02-20 20:55:27.150     0     0 I init    : Starting service 'wpa_supplicant'...
02-20 20:55:27.150  1371  1371 I MediaPlayerService: MediaPlayerService::getOMX
02-20 20:55:27.152  1653  1732 D WifiMonitor: startMonitoring(wlan0) with mConnected = false
02-20 20:55:27.152  1653  1732 E WifiHW  : Unable to open connection to supplicant on "@android:wpa_wlan0": No such file or directory
02-20 20:55:27.157  1371  1371 I OMXClient: MuxOMX ctor
02-20 20:55:27.158  1368  1387 I OMXMaster: makeComponentInstance(OMX.google.amrnb.encoder) in mediacodec process
02-20 20:55:27.162  1371  1371 I MediaPlayerService: MediaPlayerService::getOMX
02-20 20:55:27.162  1371  1371 I OMXClient: MuxOMX ctor
02-20 20:55:27.162  1368  1813 I OMXMaster: makeComponentInstance(OMX.google.amrwb.encoder) in mediacodec process
02-20 20:55:27.176  1371  1371 I MediaPlayerService: MediaPlayerService::getOMX
02-20 20:55:27.176  1371  1371 I OMXClient: MuxOMX ctor
02-20 20:55:27.176  1368  1368 I OMXMaster: makeComponentInstance(OMX.google.flac.encoder) in mediacodec process
02-20 20:55:27.204  1653  1653 D NetworkPolicy: setRestrictBackgroundUL(): false
02-20 20:55:27.205  1653  1653 W NetworkManagement: setDataSaverMode(): already false
02-20 20:55:27.218  1371  1371 I MediaPlayerService: MediaPlayerService::getOMX
02-20 20:55:27.218  1371  1371 I OMXClient: MuxOMX ctor
02-20 20:55:27.218  1368  1368 I OMXMaster: makeComponentInstance(OMX.google.gsm.decoder) in mediacodec process
02-20 20:55:27.246  1371  1371 I MediaPlayerService: MediaPlayerService::getOMX
02-20 20:55:27.246  1371  1371 I OMXClient: MuxOMX ctor
02-20 20:55:27.246  1368  1368 I OMXMaster: makeComponentInstance(OMX.google.mpeg4.decoder) in mediacodec process
02-20 20:55:27.260     0     0 D ieee80211 phy1: hw scan 2457 MHz
02-20 20:55:27.270  1368  1813 E OMXNodeInstance: getExtensionIndex(558000f:google.mpeg4.decoder, OMX.google.android.index.configureVideoTunnelMode) ERROR: UnsupportedIndex(0x8000101a)
02-20 20:55:27.270  1368  1387 W OMXNodeInstance: [558000f:google.mpeg4.decoder] component does not support metadata mode; using fallback
02-20 20:55:27.270  1371  1371 I MediaPlayerService: MediaPlayerService::getOMX
02-20 20:55:27.270  1371  1371 I OMXClient: MuxOMX ctor
02-20 20:55:27.270  1368  1368 I OMXMaster: makeComponentInstance(OMX.google.h263.decoder) in mediacodec process
02-20 20:55:27.285  1368  1387 E OMXNodeInstance: getExtensionIndex(5580010:google.h263.decoder, OMX.google.android.index.configureVideoTunnelMode) ERROR: UnsupportedIndex(0x8000101a)
02-20 20:55:27.285  1368  1813 W OMXNodeInstance: [5580010:google.h263.decoder] component does not support metadata mode; using fallback
02-20 20:55:27.289     0     0 D ieee80211 phy0: mac80211_hwsim_start
02-20 20:55:27.289     0     0 D ieee80211 phy0: mac80211_hwsim_add_interface (type=2 mac_addr=02:00:00:44:55:66)
02-20 20:55:27.289     0     0 D ieee80211 phy0: mac80211_hwsim_bss_info_changed(changed=0xe)
02-20 20:55:27.289     0     0 D ieee80211 phy0: ERP_CTS_PROT: 0
02-20 20:55:27.289     0     0 D ieee80211 phy0: ERP_PREAMBLE: 0
02-20 20:55:27.289     0     0 D ieee80211 phy0: ERP_SLOT: 0
02-20 20:55:27.289     0     0 D ieee80211 phy0: mac80211_hwsim_conf_tx (queue=0 txop=0 cw_min=15 cw_max=1023 aifs=2)
02-20 20:55:27.289     0     0 D ieee80211 phy0: mac80211_hwsim_conf_tx (queue=1 txop=0 cw_min=15 cw_max=1023 aifs=2)
02-20 20:55:27.289     0     0 D ieee80211 phy0: mac80211_hwsim_conf_tx (queue=2 txop=0 cw_min=15 cw_max=1023 aifs=2)
02-20 20:55:27.289     0     0 D ieee80211 phy0: mac80211_hwsim_conf_tx (queue=3 txop=0 cw_min=15 cw_max=1023 aifs=2)
02-20 20:55:27.289     0     0 D ieee80211 phy0: mac80211_hwsim_bss_info_changed(changed=0x2000)
02-20 20:55:27.289     0     0 D ieee80211 phy0: mac80211_hwsim_config (freq=0 idle=0 ps=0 smps=auto)
02-20 20:55:27.289     0     0 I IPv6    : ADDRCONF(NETDEV_UP): wlan0: link is not ready
02-20 20:55:27.289     0     0 D ieee80211 phy0: mac80211_hwsim_configure_filter
02-20 20:55:27.287  1883  1883 I wpa_supplicant: Successfully initialized wpa_supplicant
02-20 20:55:27.287  1371  1371 I MediaPlayerService: MediaPlayerService::getOMX
02-20 20:55:27.287  1371  1371 I OMXClient: MuxOMX ctor
02-20 20:55:27.287  1368  1368 I OMXMaster: makeComponentInstance(OMX.google.h264.decoder) in mediacodec process
02-20 20:55:27.289  1883  1883 I wpa_supplicant: rfkill: Cannot open RFKILL control device
02-20 20:55:27.290  1883  1883 I wpa_supplicant: nl80211: Could not re-add multicast membership for vendor events: -2 (No such file or directory)
02-20 20:55:27.305  1770  1770 I vol.Events: writeEvent collection_started
02-20 20:55:27.310  1371  1371 W ACodec  : [OMX.google.h264.decoder] stopping checking profiles after 32: 2/8000
02-20 20:55:27.310  1368  1387 E OMXNodeInstance: getExtensionIndex(5580011:google.h264.decoder, OMX.google.android.index.configureVideoTunnelMode) ERROR: UnsupportedIndex(0x8000101a)
02-20 20:55:27.310  1368  1813 W OMXNodeInstance: [5580011:google.h264.decoder] component does not support metadata mode; using fallback
02-20 20:55:27.315  1371  1371 I MediaPlayerService: MediaPlayerService::getOMX
02-20 20:55:27.315  1371  1371 I OMXClient: MuxOMX ctor
02-20 20:55:27.315  1368  1368 I OMXMaster: makeComponentInstance(OMX.google.hevc.decoder) in mediacodec process
02-20 20:55:27.317  1770  1906 I sysui_action: [213,2]
02-20 20:55:27.317  1770  1906 I vol.Events: writeEvent external_ringer_mode_changed normal
02-20 20:55:27.317  1770  1906 I vol.Events: writeEvent internal_ringer_mode_changed normal
02-20 20:55:27.324  1755  1868 I LatinIME:LogUtils: Dictionary info: dictionary = main:en ; version = 54 ; date = 1414726273
02-20 20:55:27.354  1653  1653 I SystemServiceManager: Starting phase 600
02-20 20:55:27.359  1368  1387 E OMXNodeInstance: getExtensionIndex(5580012:google.hevc.decoder, OMX.google.android.index.configureVideoTunnelMode) ERROR: UnsupportedIndex(0x8000101a)
02-20 20:55:27.359  1368  1813 W OMXNodeInstance: [5580012:google.hevc.decoder] component does not support metadata mode; using fallback
02-20 20:55:27.360  1371  1371 I MediaPlayerService: MediaPlayerService::getOMX
02-20 20:55:27.360  1371  1371 I OMXClient: MuxOMX ctor
02-20 20:55:27.361  1368  1368 I OMXMaster: makeComponentInstance(OMX.google.vp8.decoder) in mediacodec process
02-20 20:55:27.367  1653  1653 D SensorNotificationService: Cannot obtain dynamic meta sensor, not supported.
02-20 20:55:27.381     0     0 D ieee80211 phy1: hw scan 2462 MHz
02-20 20:55:27.370  1653  1653 D TelephonyRegistry: listen oscl: hasNotifySubscriptionInfoChangedOccurred==false no callback
02-20 20:55:27.370  1883  1883 E wpa_supplicant: global ctrl interface @android:wpa_wlan0 matches ctrl interface wlan0 - do not open per-interface ctrl interface
02-20 20:55:27.382  1653  1653 I GnssLocationProvider: WakeLock acquired by sendMessage(13, 0, null)
02-20 20:55:27.383  1653  1653 W LocationProviderProxy-network: Odd, no component found for service com.android.location.service.v3.NetworkLocationProvider
02-20 20:55:27.384  1653  1691 W WindowManager: Keyguard drawn timeout. Setting mKeyguardDrawComplete
02-20 20:55:27.384  1653  1653 W GeocoderProxy: Odd, no component found for service com.android.location.service.GeocodeProvider
02-20 20:55:27.384  1653  1653 E FlpHardwareProvider: Error hw_get_module 'flp': -2
02-20 20:55:27.385  1653  1653 D LocationManagerService: FLP HAL not supported
02-20 20:55:27.385  1653  1653 W GeofenceProxy: Odd, no component found for service com.android.location.service.GeofenceProvider
02-20 20:55:27.385  1653  1653 E ActivityRecognitionHardware: Error hw_get_module: -2
02-20 20:55:27.385  1653  1653 D LocationManagerService: Hardware Activity-Recognition not supported.
02-20 20:55:27.386  1653  1653 W ActivityRecognitionProxy: Odd, no component found for service com.android.location.service.ActivityRecognitionProvider
02-20 20:55:27.389  1653  1653 I GnssLocationProvider: WakeLock acquired by sendMessage(2, 1, null)
02-20 20:55:27.395  1653  1653 I CommonTimeManagementService: No common time service detected on this platform.  Common time services will be unavailable.
02-20 20:55:27.395  1653  1719 I InputReader: Reconfiguring input devices.  changes=0x00000020
02-20 20:55:27.395  1653  1653 D TelephonyRegistry: systemRunning register for intents
02-20 20:55:27.396  1653  1653 I MmsServiceBroker: Delay connecting to MmsService until an API is called
02-20 20:55:27.397  1653  1719 I InputReader: Reconfiguring input devices.  changes=0x00000010
02-20 20:55:27.398  1368  1813 E OMXNodeInstance: getExtensionIndex(5580013:google.vp8.decoder, OMX.google.android.index.configureVideoTunnelMode) ERROR: UnsupportedIndex(0x8000101a)
02-20 20:55:27.398  1368  1387 W OMXNodeInstance: [5580013:google.vp8.decoder] component does not support metadata mode; using fallback
02-20 20:55:27.399  1371  1371 I MediaPlayerService: MediaPlayerService::getOMX
02-20 20:55:27.399  1371  1371 I OMXClient: MuxOMX ctor
02-20 20:55:27.399  1368  1368 I OMXMaster: makeComponentInstance(OMX.google.vp9.decoder) in mediacodec process
02-20 20:55:27.427  1368  1813 E OMXNodeInstance: getExtensionIndex(5580014:google.vp9.decoder, OMX.google.android.index.configureVideoTunnelMode) ERROR: UnsupportedIndex(0x8000101a)
02-20 20:55:27.427  1368  1387 W OMXNodeInstance: [5580014:google.vp9.decoder] component does not support metadata mode; using fallback
02-20 20:55:27.432  1371  1371 I MediaPlayerService: MediaPlayerService::getOMX
02-20 20:55:27.432  1371  1371 I OMXClient: MuxOMX ctor
02-20 20:55:27.432  1368  1368 I OMXMaster: makeComponentInstance(OMX.google.h263.encoder) in mediacodec process
02-20 20:55:27.435  1653  1653 I am_proc_start: [0,1921,1001,com.android.phone,added application,com.android.phone]
02-20 20:55:27.435  1653  1653 I ActivityManager: Start proc 1921:com.android.phone/1001 for added application com.android.phone
02-20 20:55:27.436  1653  1653 I ActivityManager: START u0 {act=android.intent.action.MAIN cat=[android.intent.category.HOME] flg=0x10000100 cmp=com.android.settings/.FallbackHome} from uid 0 on display 0
02-20 20:55:27.436  1653  1653 W System  : ClassLoader referenced unknown path: 
02-20 20:55:27.436  1653  1653 W System  : ClassLoader referenced unknown path: /system/priv-app/Settings/lib/x86_64
02-20 20:55:27.437  1653  1653 D ApplicationLoaders: ignored Vulkan layer search path /system/priv-app/Settings/lib/x86_64:/system/priv-app/Settings/Settings.apk!/lib/x86_64:/system/lib64:/vendor/lib64 for namespace 0x769bff5eb160
02-20 20:55:27.442  1653  1689 W GnssLocationProvider: Could not open GPS configuration file /etc/gps.conf
02-20 20:55:27.442  1653  1689 E GnssLocationProvider: no AGPS interface in set_agps_server
02-20 20:55:27.442  1653  1689 D TelephonyRegistry: listen oscl: hasNotifySubscriptionInfoChangedOccurred==false no callback
02-20 20:55:27.442  1921  1921 W art     : Unexpected CPU variant for X86 using defaults: x86_64
02-20 20:55:27.465  1653  1653 I ActivityManager: Loaded persisted task ids for user 0
02-20 20:55:27.466  1653  1653 I am_create_task: [0,1]
02-20 20:55:27.466  1653  1653 I am_create_activity: [0,33495385,1,com.android.settings/.FallbackHome,android.intent.action.MAIN,NULL,NULL,276824320]
02-20 20:55:27.466  1368  1368 I SoftMPEG4Encoder: Construct SoftMPEG4Encoder
02-20 20:55:27.466  1653  1653 I wm_task_created: [1,0]
02-20 20:55:27.467  1653  1653 I wm_task_moved: [1,1,0]
02-20 20:55:27.467  1653  1653 I wm_task_moved: [1,1,0]
02-20 20:55:27.467  1371  1371 W ACodec  : do not know color format 0x7f000789 = 2130708361
02-20 20:55:27.467  1368  1387 E OMXNodeInstance: getConfig(5580015:google.h263.encoder, ConfigAndroidIntraRefresh(0x6f60000a)) ERROR: Undefined(0x80001001)
02-20 20:55:27.467  1653  1653 I am_focused_activity: [0,com.android.settings/.FallbackHome,startedActivity]
02-20 20:55:27.467  1371  1371 I MediaPlayerService: MediaPlayerService::getOMX
02-20 20:55:27.467  1371  1371 I OMXClient: MuxOMX ctor
02-20 20:55:27.467  1368  1368 I OMXMaster: makeComponentInstance(OMX.google.h264.encoder) in mediacodec process
02-20 20:55:27.481  1653  1653 I am_proc_start: [0,1938,1000,com.android.settings,activity,com.android.settings/.FallbackHome]
02-20 20:55:27.481  1653  1653 I ActivityManager: Start proc 1938:com.android.settings/1000 for activity com.android.settings/.FallbackHome
02-20 20:55:27.487  1938  1938 W art     : Unexpected CPU variant for X86 using defaults: x86_64
02-20 20:55:27.503  1371  1371 W ACodec  : do not know color format 0x7f000789 = 2130708361
02-20 20:55:27.505  1371  1371 I MediaPlayerService: MediaPlayerService::getOMX
02-20 20:55:27.505  1371  1371 I OMXClient: MuxOMX ctor
02-20 20:55:27.505  1368  1387 I OMXMaster: makeComponentInstance(OMX.google.mpeg4.encoder) in mediacodec process
02-20 20:55:27.502     0     0 D ieee80211 phy1: hw scan complete
02-20 20:55:27.502     0     0 D ieee80211 phy1: mac80211_hwsim_get_survey (idx=0)
02-20 20:55:27.521  1653  1785 I am_proc_bound: [0,1921,com.android.phone]
02-20 20:55:27.525  1653  1653 I SystemServer: Enabled StrictMode for system server main thread.
02-20 20:55:27.526  1653  1688 I dvm_lock_sample: [system_server,1,Binder:1653_2,96,UserController.java,1438,ActivityManagerService.java,13368,19]
02-20 20:55:27.528  1653  1687 I am_proc_bound: [0,1938,com.android.settings]
02-20 20:55:27.544  1368  1387 I SoftMPEG4Encoder: Construct SoftMPEG4Encoder
02-20 20:55:27.545  1371  1371 W ACodec  : do not know color format 0x7f000789 = 2130708361
02-20 20:55:27.545  1368  1387 E OMXNodeInstance: getConfig(5580017:google.mpeg4.encoder, ConfigAndroidIntraRefresh(0x6f60000a)) ERROR: Undefined(0x80001001)
02-20 20:55:27.545  1921  1921 W System  : ClassLoader referenced unknown path: /system/priv-app/TeleService/lib/x86_64
02-20 20:55:27.549  1371  1371 I MediaPlayerService: MediaPlayerService::getOMX
02-20 20:55:27.549  1371  1371 I OMXClient: MuxOMX ctor
02-20 20:55:27.549  1368  1813 I OMXMaster: makeComponentInstance(OMX.google.vp8.encoder) in mediacodec process
02-20 20:55:27.550  1499  1499 E hostapd : Using interface wlan1 with hwaddr 02:00:00:00:01:00 and ssid "AndroidWifi"
02-20 20:55:27.550  1499  1499 I hostapd : wlan1: interface state HT_SCAN->ENABLED
02-20 20:55:27.550  1499  1499 I hostapd : wlan1: AP-ENABLED 
02-20 20:55:27.550     0     0 D ieee80211 phy1: mac80211_hwsim_config (freq=0 idle=0 ps=0 smps=auto)
02-20 20:55:27.550     0     0 D ieee80211 phy1: add channel context control: 2447 MHz/width: 2/cfreqs:2437/0 MHz
02-20 20:55:27.550     0     0 D ieee80211 phy1: mac80211_hwsim_bss_info_changed(changed=0x40000)
02-20 20:55:27.550     0     0 D ieee80211 phy1: TX Power: 20 dBm
02-20 20:55:27.550     0     0 D ieee80211 phy1: mac80211_hwsim_bss_info_changed(changed=0x4000)
02-20 20:55:27.550     0     0 D ieee80211 phy1: change channel context control: 2447 MHz/width: 2/cfreqs:2437/0 MHz
02-20 20:55:27.550     0     0 D ieee80211 phy1: mac80211_hwsim_bss_info_changed(changed=0x88340)
02-20 20:55:27.550     0     0 D ieee80211 phy1: BCNINT: 100
02-20 20:55:27.550     0     0 D ieee80211 phy1: BCN EN: 1
02-20 20:55:27.550     0     0 D ieee80211 phy1: mac80211_hwsim_bss_info_changed(changed=0x3e)
02-20 20:55:27.550     0     0 D ieee80211 phy1: ERP_CTS_PROT: 0
02-20 20:55:27.550     0     0 D ieee80211 phy1: ERP_PREAMBLE: 0
02-20 20:55:27.550     0     0 D ieee80211 phy1: ERP_SLOT: 1
02-20 20:55:27.550     0     0 D ieee80211 phy1: HT: op_mode=0x0
02-20 20:55:27.550     0     0 D ieee80211 phy1: BASIC_RATES: 0xf
02-20 20:55:27.550     0     0 D ieee80211 phy1: mac80211_hwsim_conf_tx (queue=0 txop=47 cw_min=3 cw_max=7 aifs=1)
02-20 20:55:27.550     0     0 D ieee80211 phy1: mac80211_hwsim_bss_info_changed(changed=0x2000)
02-20 20:55:27.550     0     0 D ieee80211 phy1: mac80211_hwsim_conf_tx (queue=1 txop=94 cw_min=7 cw_max=15 aifs=1)
02-20 20:55:27.550     0     0 D ieee80211 phy1: mac80211_hwsim_bss_info_changed(changed=0x2000)
02-20 20:55:27.550     0     0 D ieee80211 phy1: mac80211_hwsim_conf_tx (queue=2 txop=0 cw_min=15 cw_max=63 aifs=3)
02-20 20:55:27.550     0     0 D ieee80211 phy1: mac80211_hwsim_bss_info_changed(changed=0x2000)
02-20 20:55:27.550     0     0 D ieee80211 phy1: mac80211_hwsim_conf_tx (queue=3 txop=0 cw_min=15 cw_max=1023 aifs=7)
02-20 20:55:27.550     0     0 D ieee80211 phy1: mac80211_hwsim_bss_info_changed(changed=0x2000)
02-20 20:55:27.550     0     0 I IPv6    : ADDRCONF(NETDEV_CHANGE): wlan1: link becomes ready
02-20 20:55:27.553     0     0 D ieee80211 phy1: mac80211_hwsim_configure_filter
02-20 20:55:27.584  1371  1371 W ACodec  : do not know color format 0x7f000789 = 2130708361
02-20 20:55:27.586  1368  1387 E OMXNodeInstance: getConfig(5580018:google.vp8.encoder, ConfigAndroidIntraRefresh(0x6f60000a)) ERROR: Undefined(0x80001001)
02-20 20:55:27.590  1313  1324 D PermissionCache: checking android.permission.READ_FRAME_BUFFER for uid=1000 => granted (4558 us)
02-20 20:55:27.590  1371  1371 I MediaPlayerService: MediaPlayerService::getOMX
02-20 20:55:27.591  1371  1371 I OMXClient: MuxOMX ctor
02-20 20:55:27.593  1371  1371 I MediaPlayerService: MediaPlayerService::getOMX
02-20 20:55:27.594  1371  1371 I OMXClient: MuxOMX ctor
02-20 20:55:27.594  1371  1371 W MediaCodecList: unable to open media codecs configuration xml file: /data/misc/media/media_codecs_profiling_results.xml
02-20 20:55:27.594  1371  1815 I MediaPlayerService: MediaPlayerService::getOMX
02-20 20:55:27.595  1371  1401 I MediaPlayerService: MediaPlayerService::getOMX
02-20 20:55:27.595  1653  1794 I OMXClient: MuxOMX ctor
02-20 20:55:27.595  1770  1873 I OMXClient: MuxOMX ctor
02-20 20:55:27.596  1368  1813 I OMXMaster: makeComponentInstance(OMX.google.vorbis.decoder) in mediacodec process
02-20 20:55:27.618  1368  1387 I OMXMaster: makeComponentInstance(OMX.google.vorbis.decoder) in mediacodec process
02-20 20:55:27.631  1313  1324 D gralloc_ranchu: gralloc_alloc: Creating ashmem region of size 17051648
02-20 20:55:27.645  1371  1401 I MediaPlayerService: MediaPlayerService::getOMX
02-20 20:55:27.646  1653  1967 I OMXClient: MuxOMX ctor
02-20 20:55:27.648  1368  1963 I OMXMaster: makeComponentInstance(OMX.google.vorbis.decoder) in mediacodec process
02-20 20:55:27.649  1371  1371 I MediaPlayerService: MediaPlayerService::getOMX
02-20 20:55:27.650  1770  1968 I OMXClient: MuxOMX ctor
02-20 20:55:27.670  1368  1368 I OMXMaster: makeComponentInstance(OMX.google.vorbis.decoder) in mediacodec process
02-20 20:55:27.693  1371  1815 I MediaPlayerService: MediaPlayerService::getOMX
02-20 20:55:27.693  1653  1973 I OMXClient: MuxOMX ctor
02-20 20:55:27.694  1368  1964 I OMXMaster: makeComponentInstance(OMX.google.vorbis.decoder) in mediacodec process
02-20 20:55:27.701  1371  1371 I MediaPlayerService: MediaPlayerService::getOMX
02-20 20:55:27.701  1770  1976 I OMXClient: MuxOMX ctor
02-20 20:55:27.702  1368  1964 I OMXMaster: makeComponentInstance(OMX.google.vorbis.decoder) in mediacodec process
02-20 20:55:27.709  1371  1815 I MediaPlayerService: MediaPlayerService::getOMX
02-20 20:55:27.709  1653  1979 I OMXClient: MuxOMX ctor
02-20 20:55:27.710  1368  1963 I OMXMaster: makeComponentInstance(OMX.google.vorbis.decoder) in mediacodec process
02-20 20:55:27.740  1371  1371 I MediaPlayerService: MediaPlayerService::getOMX
02-20 20:55:27.740  1653  1982 I OMXClient: MuxOMX ctor
02-20 20:55:27.742  1368  1964 I OMXMaster: makeComponentInstance(OMX.google.vorbis.decoder) in mediacodec process
02-20 20:55:27.766  1653  1687 I am_restart_activity: [0,33495385,1,com.android.settings/.FallbackHome]
02-20 20:55:27.767  1653  1695 W art     : Long monitor contention with owner Binder:1653_1 (1687) at void com.android.server.am.ActivityManagerService.attachApplication(android.app.IApplicationThread)(ActivityManagerService.java:6669) waiters=2 in android.content.pm.UserInfo com.android.server.am.UserController.getCurrentUser() for 239ms
02-20 20:55:27.767  1653  1695 I dvm_lock_sample: [system_server,0,android.fg,239,UserController.java,1438,ActivityManagerService.java,6669,47]
02-20 20:55:27.767  1653  1691 W art     : Long monitor contention with owner Binder:1653_1 (1687) at void com.android.server.am.ActivityManagerService.attachApplication(android.app.IApplicationThread)(ActivityManagerService.java:6669) waiters=3 in void com.android.server.am.ActivityManagerService.dispatchUidsChanged() for 239ms
02-20 20:55:27.767  1653  1691 I dvm_lock_sample: [system_server,1,android.ui,239,ActivityManagerService.java,4321,-,6669,47]
02-20 20:55:27.767  1653  1954 W art     : Long monitor contention with owner Binder:1653_1 (1687) at void com.android.server.am.ActivityManagerService.attachApplication(android.app.IApplicationThread)(ActivityManagerService.java:6669) waiters=6 in void com.android.server.am.ActivityManagerService.addPackageDependency(java.lang.String) for 196ms
02-20 20:55:27.767  1653  1954 I dvm_lock_sample: [system_server,1,Binder:1653_5,196,ActivityManagerService.java,5765,-,6669,39]
02-20 20:55:27.767  1653  1653 W art     : Long monitor contention with owner Binder:1653_1 (1687) at void com.android.server.am.ActivityManagerService.attachApplication(android.app.IApplicationThread)(ActivityManagerService.java:6669) waiters=3 in int com.android.server.am.ActivityManagerService.broadcastIntent(android.app.IApplicationThread, android.content.Intent, java.lang.String, android.content.IIntentReceiver, int, java.lang.String, android.os.Bundle, java.lang.String[], int, android.os.Bundle, boolean, boolean, int) for 239ms
02-20 20:55:27.767  1653  1653 I dvm_lock_sample: [system_server,1,main,239,ActivityManagerService.java,18551,-,6669,47]
02-20 20:55:27.768  1653  1689 W art     : Long monitor contention with owner Binder:1653_1 (1687) at void com.android.server.am.ActivityManagerService.attachApplication(android.app.IApplicationThread)(ActivityManagerService.java:6669) waiters=5 in android.content.Intent com.android.server.am.ActivityManagerService.registerReceiver(android.app.IApplicationThread, java.lang.String, android.content.IIntentReceiver, android.content.IntentFilter, java.lang.String, int) for 227ms
02-20 20:55:27.768  1653  1689 I dvm_lock_sample: [system_server,0,android.bg,227,ActivityManagerService.java,17625,-,6669,45]
02-20 20:55:27.769  1653  1653 D ConditionProviders.SCP: onConnected
02-20 20:55:27.769  1653  1653 D ZenLog  : set_zen_mode: off,readXml
02-20 20:55:27.770  1653  1653 D ConditionProviders: Subscribing to condition://android/schedule?days=6.7&start=23.30&end=10.0&exitAtAlarm=false with ComponentInfo{android/com.android.server.notification.ScheduleConditionProvider}
02-20 20:55:27.771  1653  1653 D ZenLog  : subscribe: condition://android/schedule?days=6.7&start=23.30&end=10.0&exitAtAlarm=false,ok
02-20 20:55:27.771  1653  1653 D ConditionProviders: Subscribing to condition://android/event?userId=-10000&calendar=&reply=1 with ComponentInfo{android/com.android.server.notification.EventConditionProvider}
02-20 20:55:27.771  1653  1653 D ZenLog  : subscribe: condition://android/event?userId=-10000&calendar=&reply=1,ok
02-20 20:55:27.771  1653  1653 D ConditionProviders: Subscribing to condition://android/schedule?days=1.2.3.4.5&start=22.0&end=7.0&exitAtAlarm=false with ComponentInfo{android/com.android.server.notification.ScheduleConditionProvider}
02-20 20:55:27.771  1653  1653 D ZenLog  : subscribe: condition://android/schedule?days=1.2.3.4.5&start=22.0&end=7.0&exitAtAlarm=false,ok
02-20 20:55:27.781  1921  1921 W System  : ClassLoader referenced unknown path: /system/priv-app/TelephonyProvider/lib/x86_64
02-20 20:55:27.781  1921  1921 D ApplicationLoaders: ignored Vulkan layer search path /system/priv-app/TelephonyProvider/lib/x86_64:/system/lib64:/vendor/lib64 for namespace 0x769bff5800f0
02-20 20:55:27.803  1938  1938 W System  : ClassLoader referenced unknown path: /system/priv-app/Settings/lib/x86_64
02-20 20:55:27.820  1653  1954 I stream_devices_changed: [0,0,2]
02-20 20:55:27.821  1653  1954 I stream_devices_changed: [2,0,2]
02-20 20:55:27.822  1653  1954 I stream_devices_changed: [3,0,2]
02-20 20:55:27.822  1653  1954 I stream_devices_changed: [6,0,2]
02-20 20:55:27.823  1653  1954 I stream_devices_changed: [4,0,2]
02-20 20:55:27.823  1653  1736 I WifiScanningService: wifi driver unloaded
02-20 20:55:27.823  1653  1653 D RttService: SCAN_AVAILABLE : 1
02-20 20:55:27.823  1770  1906 I vol.Events: writeEvent level_changed STREAM_ALARM 6
02-20 20:55:27.823  1653  1737 D RttService: DefaultState got{ when=0 what=160513 target=com.android.internal.util.StateMachine$SmHandler }
02-20 20:55:27.823  1653  1653 D ZenLog  : set_zen_mode: off,cleanUpZenRules
02-20 20:55:27.834  1770  1906 I vol.Events: writeEvent level_changed STREAM_BLUETOOTH_SCO 7
02-20 20:55:27.835  1770  1906 I vol.Events: writeEvent level_changed STREAM_MUSIC 11
02-20 20:55:27.837  1770  1906 I vol.Events: writeEvent level_changed STREAM_RING 5
02-20 20:55:27.841  1770  1906 I vol.Events: writeEvent level_changed STREAM_SYSTEM 5
02-20 20:55:27.841  1770  1906 I vol.Events: writeEvent level_changed STREAM_VOICE_CALL 4
02-20 20:55:27.846  1653  1653 W System  : ClassLoader referenced unknown path: /system/priv-app/Telecom/lib/x86_64
02-20 20:55:27.848  1653  1653 D ApplicationLoaders: ignored Vulkan layer search path /system/priv-app/Telecom/lib/x86_64:/system/priv-app/Telecom/Telecom.apk!/lib/x86_64:/system/lib64:/vendor/lib64 for namespace 0x769bff5eb1d0
02-20 20:55:27.867  1921  1921 D TelephonyProvider: dbh.onOpen: ok, queried table=siminfo
02-20 20:55:27.868  1921  1921 D TelephonyProvider: dbh.onOpen: ok, queried table=carriers
02-20 20:55:27.897  1653  1653 E BluetoothAdapter: Bluetooth binder is null
02-20 20:55:27.899  1938  1938 I am_on_resume_called: [0,com.android.settings.FallbackHome,LAUNCH_ACTIVITY]
02-20 20:55:27.905  1313  1324 E SurfaceFlinger: ro.sf.lcd_density must be defined as a build property
02-20 20:55:27.915  1313  1753 E SurfaceFlinger: ro.sf.lcd_density must be defined as a build property
02-20 20:55:27.916  1938  1938 D         : HostConnection::get() New Host Connection established 0x769bf099cee0, tid 1938
02-20 20:55:27.922  1653  1653 I Telecom : SystemStateProvider: Registering car mode receiver: android.content.IntentFilter@b86832e: TS.init@AAA
02-20 20:55:27.925  1770  1770 D         : HostConnection::get() New Host Connection established 0x769beea3f900, tid 1770
02-20 20:55:27.927  1653  1689 I GnssLocationProvider: WakeLock released by handleMessage(13, 0, null)
02-20 20:55:27.929  1653  1689 E GnssLocationProvider: no AGPS interface in set_agps_server
02-20 20:55:27.948  1653  1689 I GnssLocationProvider: WakeLock released by handleMessage(2, 1, null)
02-20 20:55:27.948  1653  1689 W LocationProviderProxy-network: Odd, no component found for service com.android.location.service.v3.NetworkLocationProvider
02-20 20:55:27.949  1653  1689 W GeocoderProxy: Odd, no component found for service com.android.location.service.GeocodeProvider
02-20 20:55:27.949  1653  1689 W GeofenceProxy: Odd, no component found for service com.android.location.service.GeofenceProvider
02-20 20:55:27.949  1653  1689 W ActivityRecognitionProxy: Odd, no component found for service com.android.location.service.ActivityRecognitionProvider
02-20 20:55:27.958  1653  1999 I Telecom : Telecom: Non-call EVENT: AUDIO_ROUTE, Entering state QuiescentEarpieceRoute
02-20 20:55:27.959  1921  1921 D TDC     : updateOrInsert: inserting: Modem { uuid=modem, state=0, rilModel=0, rat={}, maxActiveVoiceCall=1, maxActiveDataCall=1, maxStandby=1 }
02-20 20:55:27.959  1921  1921 D TDC     : updateOrInsert: inserting: Sim { uuid=sim, modemUuid=modem, state=0 }
02-20 20:55:27.960  1653  2000 I Telecom : CallAudioModeStateMachine: Message received: null.: TS.init->CAMSM.pM_1@AAA_0
02-20 20:55:27.968  1371  1371 I MediaPlayerService: MediaPlayerService::getOMX
02-20 20:55:27.969  1653  2001 I OMXClient: MuxOMX ctor
02-20 20:55:27.969  1368  1963 I OMXMaster: makeComponentInstance(OMX.google.vorbis.decoder) in mediacodec process
02-20 20:55:27.970  1653  1653 E BluetoothAdapter: Bluetooth binder is null
02-20 20:55:27.970  1653  2002 E ActivityThread: Failed to find provider info for call_log
02-20 20:55:27.973  1653  1653 I Telecom : Class: TelecomSystem.INSTANCE being set
02-20 20:55:27.973  1653  1653 E BluetoothAdapter: Bluetooth binder is null
02-20 20:55:27.973  1653  1653 W ContextImpl: Calling a method in the system process without a qualified user: android.app.ContextImpl.startService:1357 com.android.server.content.SyncManager$13.run:658 android.os.Handler.handleCallback:751 android.os.Handler.dispatchMessage:95 android.os.Looper.loop:154 
02-20 20:55:27.976  1921  1921 D CdmaSSM : subscriptionSource from settings: 0
02-20 20:55:27.976  1921  1921 I PhoneFactory: Cdma Subscription set to 0
02-20 20:55:27.995  1921  1921 I PhoneFactory: Network Mode set to 0
02-20 20:55:28.005  1921  1921 D RILJ    : RIL(context, preferredNetworkType=0 cdmaSubscription=0)
02-20 20:55:28.007  1921  1921 D RILJ    : Starting RILReceiver0 [SUB0]
02-20 20:55:28.012  1921  1921 D RILJ    : [3648]> GET_HARDWARE_CONFIG [SUB0]
02-20 20:55:28.012  1921  1921 D RilRequest: [3648]< GET_HARDWARE_CONFIG error: com.android.internal.telephony.CommandException: RADIO_NOT_AVAILABLE ret=
02-20 20:55:28.012  1921  1921 I PhoneFactory: Creating SubscriptionController
02-20 20:55:28.013  1921  1921 D SubscriptionController: [SubscriptionController] init by Context
02-20 20:55:28.015  1373  1465 I RILC    : libril: new connection to RIL_SOCKET_1
02-20 20:55:28.015  1373  1465 I RILC    : RIL Daemon version: android reference-ril 1.0
02-20 20:55:28.015  1921  2009 I RILJ    : (0) Connected to 'rild' socket
02-20 20:55:28.016  1921  2009 D RILJ    : [UNSL]< UNSOL_RIL_CONNECTED {12} [SUB0]
02-20 20:55:28.017  1921  2009 D RILJ    : [3649]> RADIO_POWER off [SUB0]
02-20 20:55:28.017  1373  1465 D RIL     : onRequest: RADIO_POWER
02-20 20:55:28.018  1921  2009 D RILJ    : [3650]> RIL_REQUEST_CDMA_SET_SUBSCRIPTION_SOURCE : 0 [SUB0]
02-20 20:55:28.018  1653  1653 W System  : ClassLoader referenced unknown path: /system/priv-app/FusedLocation/lib/x86_64
02-20 20:55:28.018  1373  1465 D RIL     : onRequest: CDMA_SET_SUBSCRIPTION_SOURCE
02-20 20:55:28.018  1921  2009 D RILJ    : setCellInfoListRate: 2147483647 [SUB0]
02-20 20:55:28.018  1921  2009 D RILJ    : [3651]> RIL_REQUEST_SET_CELL_INFO_LIST_RATE [SUB0]
02-20 20:55:28.018  1373  1465 D RIL     : onRequest: SET_UNSOL_CELL_INFO_LIST_RATE
02-20 20:55:28.018  1653  1653 D ApplicationLoaders: ignored Vulkan layer search path /system/priv-app/FusedLocation/lib/x86_64:/system/priv-app/FusedLocation/FusedLocation.apk!/lib/x86_64:/system/lib64:/vendor/lib64 for namespace 0x769bff5eb240
02-20 20:55:28.018  1921  2009 D RILJ    : [UNSL]< UNSOL_RESPONSE_RADIO_STATE_CHANGED RADIO_OFF [SUB0]
02-20 20:55:28.018  1921  2009 D RILJ    : [3652]> SCREEN_STATE: true [SUB0]
02-20 20:55:28.018  1373  1465 D RIL     : onRequest: SCREEN_STATE
02-20 20:55:28.018  1921  2009 D RILJ    : [UNSL]< UNSOL_NITZ_TIME_RECEIVED 18/02/20:20:55:22+0:0:Unknown!Unknown [SUB0]
02-20 20:55:28.019  1921  2009 D RILJ    : [3649]< RADIO_POWER  [SUB0]
02-20 20:55:28.019  1921  2009 D RilRequest: [3650]< RIL_REQUEST_CDMA_SET_SUBSCRIPTION_SOURCE error: com.android.internal.telephony.CommandException: RADIO_NOT_AVAILABLE ret=
02-20 20:55:28.020  1921  2009 D RilRequest: [3651]< RIL_REQUEST_SET_CELL_INFO_LIST_RATE error: com.android.internal.telephony.CommandException: RADIO_NOT_AVAILABLE ret=
02-20 20:55:28.020  1921  2009 D RilRequest: [3652]< SCREEN_STATE error: com.android.internal.telephony.CommandException: RADIO_NOT_AVAILABLE ret=
02-20 20:55:28.020  1921  1921 D UiccController: Creating UiccController
02-20 20:55:28.022  1921  1921 D TelephonyTester: register for intent action=com.android.internal.telephony.action_detached
02-20 20:55:28.022  1921  1921 D TelephonyTester: register for intent action=com.android.internal.telephony.action_attached
02-20 20:55:28.028  1921  1921 D Phone   : mDoesRilSendMultipleCallRing=true
02-20 20:55:28.028  1921  1921 D Phone   : mCallRingDelay=3000
02-20 20:55:28.032  1921  1921 D RILJ    : [3653]> RIL_REQUEST_START_LCE [SUB0]
02-20 20:55:28.033  1373  1465 D RIL     : onRequest: <unknown request>
02-20 20:55:28.033  1921  2009 D RilRequest: [3653]< RIL_REQUEST_START_LCE error: com.android.internal.telephony.CommandException: RADIO_NOT_AVAILABLE ret=
02-20 20:55:28.034  1653  1653 D GpsNetInitiatedHandler: location enabled :true
02-20 20:55:28.034  1653  1653 V WiredAccessoryManager: notifyWiredAccessoryChanged: when=0 bits= mask=54
02-20 20:55:28.034  1653  1653 V WiredAccessoryManager: newName=h2w newState=0 headsetState=0 prev headsetState=0
02-20 20:55:28.034  1653  1653 E WiredAccessoryManager: No state change.
02-20 20:55:28.034  1653  1653 V WiredAccessoryManager: init()
02-20 20:55:28.037  1921  1921 E RIL_ImsSms: getFormat should never be called from here!
02-20 20:55:28.037  1921  1921 D SMSDispatcher: SMSDispatcher: ctor mSmsCapable=true format=unknown mSmsSendDisabled=false
02-20 20:55:28.037  1921  1921 D RIL_ImsSms: ImsSMSDispatcher created
02-20 20:55:28.037  1921  1921 D SMSDispatcher: SMSDispatcher: ctor mSmsCapable=true format=3gpp2 mSmsSendDisabled=false
02-20 20:55:28.037  1921  1921 D CdmaSMSDispatcher: CdmaSMSDispatcher created
02-20 20:55:28.057  1313  1753 D         : HostConnection::get() New Host Connection established 0x70e3bbc1b600, tid 1753
02-20 20:55:28.057  1938  1996 D         : HostConnection::get() New Host Connection established 0x769bf099cfa0, tid 1996
02-20 20:55:28.060  1938  1996 I OpenGLRenderer: Initialized EGL, version 1.4
02-20 20:55:28.061  1938  1996 D OpenGLRenderer: Swap behavior 1
02-20 20:55:28.079  1938  1996 D EGL_emulation: eglCreateContext: 0x769bf09ed7a0: maj 3 min 0 rcv 3
02-20 20:55:28.080  1921  1921 D GsmInboundSmsHandler: created InboundSmsHandler
02-20 20:55:28.086  1770  1770 D StorageNotification: Notifying about private volume: VolumeInfo{private}:
02-20 20:55:28.086  1770  1770 D StorageNotification:     type=PRIVATE diskId=null partGuid=null mountFlags=0 mountUserId=-1 
02-20 20:55:28.086  1770  1770 D StorageNotification:     state=MOUNTED 
02-20 20:55:28.086  1770  1770 D StorageNotification:     fsType=null fsUuid=null fsLabel=null 
02-20 20:55:28.086  1770  1770 D StorageNotification:     path=/data internalPath=null 
02-20 20:55:28.086  1770  1770 D StorageNotification: Notifying about public volume: VolumeInfo{public:253,64}:
02-20 20:55:28.086  1770  1770 D StorageNotification:     type=PUBLIC diskId=disk:253,64 partGuid=null mountFlags=VISIBLE 
02-20 20:55:28.086  1770  1770 D StorageNotification:     mountUserId=0 state=MOUNTED 
02-20 20:55:28.086  1770  1770 D StorageNotification:     fsType=vfat fsUuid=1E12-0B12 fsLabel=SDCARD 
02-20 20:55:28.086  1770  1770 D StorageNotification:     path=/storage/1E12-0B12 internalPath=/mnt/media_rw/1E12-0B12 
02-20 20:55:28.096  1653  1653 W VibratorService: Tried to stop vibrating but there is no vibrator device.
02-20 20:55:28.102  1653  1653 D ConditionProviders.SCP: onSubscribe condition://android/schedule?days=6.7&start=23.30&end=10.0&exitAtAlarm=false
02-20 20:55:28.102  1653  1653 D ConditionProviders.SCP: setRegistered true
02-20 20:55:28.102  1921  1921 D CdmaInboundSmsHandler: created InboundSmsHandler
02-20 20:55:28.102  1653  1653 D ConditionProviders.SCP: notifyCondition condition://android/schedule?days=6.7&start=23.30&end=10.0&exitAtAlarm=false STATE_FALSE reason=!meetsSchedule
02-20 20:55:28.103  1653  1653 D ConditionProviders.SCP: Scheduling evaluate for Tue Feb 20 23:30:00 GMT+00:00 2018 (1519169400000), in +2h34m31s898ms, now=Tue Feb 20 20:55:28 GMT+00:00 2018 (1519160128102)
02-20 20:55:28.103  1653  1653 D ConditionProviders.SCP: onSubscribe condition://android/schedule?days=1.2.3.4.5&start=22.0&end=7.0&exitAtAlarm=false
02-20 20:55:28.103  1653  1653 D ConditionProviders.SCP: notifyCondition condition://android/schedule?days=6.7&start=23.30&end=10.0&exitAtAlarm=false STATE_FALSE reason=!meetsSchedule
02-20 20:55:28.103  1653  1653 D ConditionProviders.SCP: notifyCondition condition://android/schedule?days=1.2.3.4.5&start=22.0&end=7.0&exitAtAlarm=false STATE_FALSE reason=!meetsSchedule
02-20 20:55:28.104  1653  1653 D ConditionProviders.SCP: Scheduling evaluate for Tue Feb 20 22:00:00 GMT+00:00 2018 (1519164000000), in +1h4m31s897ms, now=Tue Feb 20 20:55:28 GMT+00:00 2018 (1519160128103)
02-20 20:55:28.104  1653  1653 I Telecom : WiredHeadsetManager: ACTION_HEADSET_PLUG event, plugged in: false, : WHC.oADA@AAE
02-20 20:55:28.105  1921  1921 D SMSDispatcher: SMSDispatcher: ctor mSmsCapable=true format=3gpp mSmsSendDisabled=false
02-20 20:55:28.105  1921  1921 D GsmSMSDispatcher: GsmSMSDispatcher created
02-20 20:55:28.106  1921  2019 D GsmInboundSmsHandler: StartupState.processMessage:6
02-20 20:55:28.107  1921  2019 D GsmInboundSmsHandler: entering Idle state
02-20 20:55:28.107  1921  2021 D CdmaInboundSmsHandler: StartupState.processMessage:6
