02-20 20:56:23.761  1764  1764 W StatusBar: 	at android.os.Looper.loop(Looper.java:154)
02-20 20:56:23.761  1764  1764 W StatusBar: 	at android.app.ActivityThread.main(ActivityThread.java:6119)
02-20 20:56:23.761  1764  1764 W StatusBar: 	at java.lang.reflect.Method.invoke(Native Method)
02-20 20:56:23.761  1764  1764 W StatusBar: 	at com.android.internal.os.ZygoteInit$MethodAndArgsCaller.run(ZygoteInit.java:886)
02-20 20:56:23.761  1764  1764 W StatusBar: 	at com.android.internal.os.ZygoteInit.main(ZygoteInit.java:776)
02-20 20:56:23.764  1641  1653 I art     : Background partial concurrent mark sweep GC freed 48663(2MB) AllocSpace objects, 4(7MB) LOS objects, 20% free, 15MB/19MB, paused 16.856ms total 166.528ms
02-20 20:56:23.764  1918  1918 D DCT     : [0]cleanUpConnection: X tearDown=false reason=radioTurnedOff apnContext={mApnType=default mState=IDLE mWaitingApns={null} mApnSetting={null} mReason=radioTurnedOff mDataEnabled=false mDependencyMet=true} dcac=null
02-20 20:56:23.766  1918  1918 D GsmCdmaPhone: [GsmCdmaPhone] getDataConnectionState apnType=mms ret=DISCONNECTED
02-20 20:56:23.767  2083  2083 W System  : ClassLoader referenced unknown path: /system/priv-app/BlockedNumberProvider/lib/x86_64
02-20 20:56:23.768  1918  1918 D DCT     : [0]cleanUpConnection: X tearDown=false reason=radioTurnedOff apnContext={mApnType=mms mState=IDLE mWaitingApns={null} mApnSetting={null} mReason=radioTurnedOff mDataEnabled=false mDependencyMet=true} dcac=null
02-20 20:56:23.768  1918  1918 D GsmCdmaPhone: [GsmCdmaPhone] getDataConnectionState apnType=cbs ret=DISCONNECTED
02-20 20:56:23.769  1918  1918 D DCT     : [0]cleanUpConnection: X tearDown=false reason=radioTurnedOff apnContext={mApnType=cbs mState=IDLE mWaitingApns={null} mApnSetting={null} mReason=radioTurnedOff mDataEnabled=false mDependencyMet=true} dcac=null
02-20 20:56:23.769  1918  1918 D GsmCdmaPhone: [GsmCdmaPhone] getDataConnectionState apnType=fota ret=DISCONNECTED
02-20 20:56:23.769  1764  1764 I StatusBar: isKeyguardShowing() called before startKeyguard(), returning true
02-20 20:56:23.769  1764  1764 W StatusBar: isKeyguardSecure() called before startKeyguard(), returning false
02-20 20:56:23.769  1764  1764 W StatusBar: java.lang.Throwable
02-20 20:56:23.769  1764  1764 W StatusBar: 	at com.android.systemui.statusbar.BaseStatusBar.isKeyguardSecure(BaseStatusBar.java:2647)
02-20 20:56:23.769  1764  1764 W StatusBar: 	at com.android.systemui.statusbar.BaseStatusBar.isCameraAllowedByAdmin(BaseStatusBar.java:2670)
02-20 20:56:23.769  1764  1764 W StatusBar: 	at com.android.systemui.statusbar.phone.KeyguardBottomAreaView.updateCameraVisibility(KeyguardBottomAreaView.java:309)
02-20 20:56:23.769  1764  1764 W StatusBar: 	at com.android.systemui.statusbar.phone.KeyguardBottomAreaView.setUserSetupComplete(KeyguardBottomAreaView.java:281)
02-20 20:56:23.769  1764  1764 W StatusBar: 	at com.android.systemui.statusbar.phone.PhoneStatusBar.makeStatusBarView(PhoneStatusBar.java:905)
02-20 20:56:23.769  1764  1764 W StatusBar: 	at com.android.systemui.statusbar.phone.PhoneStatusBar.addStatusBarWindow(PhoneStatusBar.java:3432)
02-20 20:56:23.769  1764  1764 W StatusBar: 	at com.android.systemui.statusbar.phone.PhoneStatusBar.createAndAddWindows(PhoneStatusBar.java:3428)
02-20 20:56:23.769  1764  1764 W StatusBar: 	at com.android.systemui.statusbar.BaseStatusBar.start(BaseStatusBar.java:765)
02-20 20:56:23.769  1764  1764 W StatusBar: 	at com.android.systemui.statusbar.phone.PhoneStatusBar.start(PhoneStatusBar.java:686)
02-20 20:56:23.769  1764  1764 W StatusBar: 	at com.android.systemui.statusbar.SystemBars.createStatusBarFromConfig(SystemBars.java:106)
02-20 20:56:23.769  1764  1764 W StatusBar: 	at com.android.systemui.statusbar.SystemBars.onNoService(SystemBars.java:58)
02-20 20:56:23.769  1764  1764 W StatusBar: 	at com.android.systemui.statusbar.ServiceMonitor.startService(ServiceMonitor.java:230)
02-20 20:56:23.769  1764  1764 W StatusBar: 	at com.android.systemui.statusbar.ServiceMonitor.-wrap5(ServiceMonitor.java)
02-20 20:56:23.769  1764  1764 W StatusBar: 	at com.android.systemui.statusbar.ServiceMonitor$1.handleMessage(ServiceMonitor.java:73)
02-20 20:56:23.769  1764  1764 W StatusBar: 	at android.os.Handler.dispatchMessage(Handler.java:102)
02-20 20:56:23.769  1764  1764 W StatusBar: 	at android.os.Looper.loop(Looper.java:154)
02-20 20:56:23.769  1764  1764 W StatusBar: 	at android.app.ActivityThread.main(ActivityThread.java:6119)
02-20 20:56:23.769  1764  1764 W StatusBar: 	at java.lang.reflect.Method.invoke(Native Method)
02-20 20:56:23.769  1764  1764 W StatusBar: 	at com.android.internal.os.ZygoteInit$MethodAndArgsCaller.run(ZygoteInit.java:886)
02-20 20:56:23.769  1764  1764 W StatusBar: 	at com.android.internal.os.ZygoteInit.main(ZygoteInit.java:776)
02-20 20:56:23.769  2083  2083 D ApplicationLoaders: ignored Vulkan layer search path /system/priv-app/BlockedNumberProvider/lib/x86_64:/system/lib64:/vendor/lib64 for namespace 0x786f86b570f0
02-20 20:56:23.770  1918  1918 D DCT     : [0]cleanUpConnection: X tearDown=false reason=radioTurnedOff apnContext={mApnType=fota mState=IDLE mWaitingApns={null} mApnSetting={null} mReason=radioTurnedOff mDataEnabled=false mDependencyMet=true} dcac=null
02-20 20:56:23.770  1918  1918 D GsmCdmaPhone: [GsmCdmaPhone] getDataConnectionState apnType=supl ret=DISCONNECTED
02-20 20:56:23.770  1918  1918 D DCT     : [0]cleanUpConnection: X tearDown=false reason=radioTurnedOff apnContext={mApnType=supl mState=IDLE mWaitingApns={null} mApnSetting={null} mReason=radioTurnedOff mDataEnabled=false mDependencyMet=true} dcac=null
02-20 20:56:23.770  1918  1918 D GsmCdmaPhone: [GsmCdmaPhone] getDataConnectionState apnType=ia ret=DISCONNECTED
02-20 20:56:23.770  1918  1918 D DCT     : [0]cleanUpConnection: X tearDown=false reason=radioTurnedOff apnContext={mApnType=ia mState=IDLE mWaitingApns={null} mApnSetting={null} mReason=radioTurnedOff mDataEnabled=false mDependencyMet=true} dcac=null
02-20 20:56:23.770  1918  1918 D GsmCdmaPhone: [GsmCdmaPhone] getDataConnectionState apnType=emergency ret=DISCONNECTED
02-20 20:56:23.771  1918  1918 D DCT     : [0]cleanUpConnection: X tearDown=false reason=radioTurnedOff apnContext={mApnType=emergency mState=IDLE mWaitingApns={null} mApnSetting={null} mReason=radioTurnedOff mDataEnabled=false mDependencyMet=true} dcac=null
02-20 20:56:23.771  1918  1918 D GsmCdmaPhone: [GsmCdmaPhone] getDataConnectionState apnType=hipri ret=DISCONNECTED
02-20 20:56:23.773  1364  1805 I art     : Starting a blocking GC HeapTrim
02-20 20:56:23.777  2135  2135 W art     : Unexpected CPU variant for X86 using defaults: x86
02-20 20:56:23.778  1641  1690 I am_proc_start: [0,2135,10029,com.google.android.googlequicksearchbox:interactor,service,com.google.android.googlequicksearchbox/com.google.android.voiceinteraction.GsaVoiceInteractionService]
02-20 20:56:23.778  1641  1690 I ActivityManager: Start proc 2135:com.google.android.googlequicksearchbox:interactor/u0a29 for service com.google.android.googlequicksearchbox/com.google.android.voiceinteraction.GsaVoiceInteractionService
02-20 20:56:23.779  1918  1918 D DCT     : [0]cleanUpConnection: X tearDown=false reason=radioTurnedOff apnContext={mApnType=hipri mState=IDLE mWaitingApns={null} mApnSetting={null} mReason=radioTurnedOff mDataEnabled=false mDependencyMet=true} dcac=null
02-20 20:56:23.779  1918  1918 D GsmCdmaPhone: [GsmCdmaPhone] getDataConnectionState apnType=ims ret=DISCONNECTED
02-20 20:56:23.780  1918  1918 D DCT     : [0]cleanUpConnection: X tearDown=false reason=radioTurnedOff apnContext={mApnType=ims mState=IDLE mWaitingApns={null} mApnSetting={null} mReason=radioTurnedOff mDataEnabled=false mDependencyMet=true} dcac=null
02-20 20:56:23.780  1918  1918 D DCT     : [0]stopNetStatPoll
02-20 20:56:23.781  1918  1918 D DCT     : [0]cleanUpConnection: mDisconnectPendingCount = 0
02-20 20:56:23.781  1918  1918 D DCT     : [0]isDataAllowed: No - SIM not loaded - Not attached
02-20 20:56:23.781  2083  2083 W System  : ClassLoader referenced unknown path: /system/app/UserDictionaryProvider/lib/x86_64
02-20 20:56:23.781  2083  2083 D ApplicationLoaders: ignored Vulkan layer search path /system/app/UserDictionaryProvider/lib/x86_64:/system/lib64:/vendor/lib64 for namespace 0x786f86b57160
02-20 20:56:23.784  1918  1918 D DCT     : [0]onDataConnectionDetached: stop polling and notify detached
02-20 20:56:23.784  1918  1918 D DCT     : [0]stopNetStatPoll
02-20 20:56:23.784  1918  1918 D DCT     : [0]notifyDataConnection: reason=dataDetached
02-20 20:56:23.784  1918  1918 D DCT     : [0]isDataAllowed: No - SIM not loaded - Not attached
02-20 20:56:23.784  2111  2111 W System  : ClassLoader referenced unknown path: /system/priv-app/PrebuiltGmsCore/lib/x86_64
02-20 20:56:23.786  1641  1690 I ActivityManager: Loading recents for user 0 into memory.
02-20 20:56:23.791  1641  1690 D ActivityManager: Sending BOOT_COMPLETE user #0
02-20 20:56:23.791  1641  1690 I sysui_histogram: [framework_boot_completed,11]
02-20 20:56:23.792  1918  1918 D DCT     : [0]onRoamingOff
02-20 20:56:23.793  1918  1918 D DCT     : [0]isDataAllowed: No - SIM not loaded - Not attached
02-20 20:56:23.793  1641  1641 D ConditionProviders.SCP: onReceive android.intent.action.TIME_SET
02-20 20:56:23.796  1641  1641 D ConditionProviders.SCP: notifyCondition condition://android/schedule?days=6.7&start=23.30&end=10.0&exitAtAlarm=false STATE_FALSE reason=!meetsSchedule
02-20 20:56:23.796  1641  1641 D ConditionProviders.SCP: notifyCondition condition://android/schedule?days=1.2.3.4.5&start=22.0&end=7.0&exitAtAlarm=false STATE_FALSE reason=!meetsSchedule
02-20 20:56:23.796  1641  1641 D ConditionProviders.SCP: Scheduling evaluate for Tue Feb 20 22:00:00 GMT+00:00 2018 (1519164000000), in +1h3m36s207ms, now=Tue Feb 20 20:56:23 GMT+00:00 2018 (1519160183793)
02-20 20:56:23.799  1926  1926 D FallbackHome: User unlocked and real home found; let's go!
02-20 20:56:23.808  1641  1958 I am_finish_activity: [0,222714248,1,com.android.settings/.FallbackHome,app-request]
02-20 20:56:23.828  1918  1937 D SubscriptionController: [getActiveSubInfoList] Sub Controller not ready
02-20 20:56:23.840  1641  1641 I AccountManagerService: User 0 is unlocked - opening CE database
02-20 20:56:23.846  1641  2102 V KeyValueBackupJob: Scheduling k/v pass in 248 minutes
02-20 20:56:23.935  1641  1958 I am_pause_activity: [0,222714248,com.android.settings/.FallbackHome]
02-20 20:56:23.937  1926  1926 I am_on_paused_called: [0,com.android.settings.FallbackHome,handlePauseActivity]
02-20 20:56:23.938  1641  1849 I ActivityManager: START u0 {act=android.intent.action.MAIN cat=[android.intent.category.HOME] flg=0x10000100 cmp=com.google.android.apps.nexuslauncher/.NexusLauncherActivity} from uid 0 on display 0
02-20 20:56:23.976  1641  1849 I am_create_task: [0,227]
02-20 20:56:23.976  1641  1849 I am_create_activity: [0,110057819,227,com.google.android.apps.nexuslauncher/.NexusLauncherActivity,android.intent.action.MAIN,NULL,NULL,268435712]
02-20 20:56:23.977  1641  1849 I wm_task_created: [227,0]
02-20 20:56:23.983  1641  1849 I wm_task_moved: [227,1,1]
02-20 20:56:23.983  1641  1849 I wm_task_moved: [227,1,1]
02-20 20:56:23.983  1641  1849 I am_focused_activity: [0,com.google.android.apps.nexuslauncher/.NexusLauncherActivity,startedActivity]
02-20 20:56:24.007  1641  1691 W WindowManager: Keyguard drawn timeout. Setting mKeyguardDrawComplete
02-20 20:56:24.038  2173  2173 W art     : Unexpected CPU variant for X86 using defaults: x86_64
02-20 20:56:24.038  1641  1849 I am_proc_start: [0,2173,10021,com.google.android.apps.nexuslauncher,activity,com.google.android.apps.nexuslauncher/.NexusLauncherActivity]
02-20 20:56:24.038  1641  1849 I ActivityManager: Start proc 2173:com.google.android.apps.nexuslauncher/u0a21 for activity com.google.android.apps.nexuslauncher/.NexusLauncherActivity
02-20 20:56:24.041  2083  2132 I ContactLocale: AddressBook Labels [[en_US]]: [, A, B, C, D, E, F, G, H, I, J, K, L, M, N, O, P, Q, R, S, T, U, V, W, X, Y, Z, , , , , , , , , , , , , , , , , , , , , , , , , , , , , , , , , , , , , , , , , , , , , , , , , , , , , , , , , , , , , , , , , , , , , , , , , , , , , , , , , , , , , , , , , , , , , , , , , , , , , , , , , , , , , , , , , , , , , , , , , , , , , , , , , , , , , , , , , , , , , , , , , , , , , , , , , , , , , , , , , , , , , , , , , , , , , , , , , , , , , , , , , , , #, ]
02-20 20:56:24.071  1641  1745 W art     : Long monitor contention with owner Binder:1641_5 (1958) at boolean com.android.server.am.ActivityManagerService.finishActivity(android.os.IBinder, int, android.content.Intent, int)(ActivityManagerService.java:4839) waiters=6 in android.app.IActivityManager$ContentProviderHolder com.android.server.am.ActivityManagerService.getContentProviderImpl(android.app.IApplicationThread, java.lang.String, android.os.IBinder, boolean, int) for 220ms
02-20 20:56:24.071  1641  1791 W art     : Long monitor contention with owner Binder:1641_5 (1958) at boolean com.android.server.am.ActivityManagerService.finishActivity(android.os.IBinder, int, android.content.Intent, int)(ActivityManagerService.java:4839) waiters=7 in java.lang.String com.android.server.am.ActivityManagerService.checkContentProviderAccess(java.lang.String, int) for 173ms
02-20 20:56:24.078  1641  1791 I dvm_lock_sample: [system_server,1,Binder:1641_3,173,ActivityManagerService.java,10435,-,4839,34]
02-20 20:56:24.078  1641  1980 W art     : Long monitor contention with owner Binder:1641_5 (1958) at boolean com.android.server.am.ActivityManagerService.finishActivity(android.os.IBinder, int, android.content.Intent, int)(ActivityManagerService.java:4839) waiters=8 in boolean com.android.server.am.ActivityManagerService.isUserRunning(int, int) for 174ms
02-20 20:56:24.078  1641  1980 I dvm_lock_sample: [system_server,1,Binder:1641_6,174,ActivityManagerService.java,21741,-,4839,34]
02-20 20:56:24.079  1641  1688 I am_proc_bound: [0,2135,com.google.android.googlequicksearchbox:interactor]
02-20 20:56:24.071  1641  1745 I dvm_lock_sample: [system_server,0,ConditionProviders.ECP,220,ActivityManagerService.java,10666,-,4839,44]
02-20 20:56:24.080  1641  2018 W art     : Long monitor contention with owner Binder:1641_4 (1849) at void com.android.server.am.ActivityManagerService.activityPaused(android.os.IBinder)(ActivityManagerService.java:6916) waiters=6 in android.content.pm.UserInfo com.android.server.am.UserController.getCurrentUser() for 142ms
02-20 20:56:24.080  1641  2018 I dvm_lock_sample: [system_server,1,Binder:1641_7,142,UserController.java,1438,ActivityManagerService.java,6916,28]
02-20 20:56:24.081  1918  1941 D SubscriptionController: [getPhoneId] asked for default subId=-1
02-20 20:56:24.083  1641  2162 I am_proc_bound: [0,2173,com.google.android.apps.nexuslauncher]
02-20 20:56:24.090  1926  1984 D EGL_emulation: eglMakeCurrent: 0x786f77ea3e40: ver 3 0 (tinfo 0x786f77fefea0)
02-20 20:56:24.091  1313  1969 D         : HostConnection::get() New Host Connection established 0x74a757a1bb40, tid 1969
02-20 20:56:24.098  1641  2162 I am_restart_activity: [0,110057819,227,com.google.android.apps.nexuslauncher/.NexusLauncherActivity]
02-20 20:56:24.100  1641  1690 I sysui_count: [window_time_0,5]
02-20 20:56:24.106  1366  1712 V EmulatedCamera_Camera: getCameraInfo
02-20 20:56:24.106  1366  1712 V EmulatedCamera_BaseCamera: getCameraInfo
02-20 20:56:24.106  1366  1366 V EmulatedCamera_Camera: getCameraInfo
02-20 20:56:24.106  1366  1366 V EmulatedCamera_BaseCamera: getCameraInfo
02-20 20:56:24.113  1918  1918 D DCT     : [0]setupDataOnConnectableApns: roamingOff hipri:[state=IDLE,enabled=false] mms:[state=IDLE,enabled=false] supl:[state=IDLE,enabled=false] ia:[state=IDLE,enabled=false] fota:[state=IDLE,enabled=false] ims:[state=IDLE,enabled=false] cbs:[state=IDLE,enabled=false] default:[state=IDLE,enabled=false] emergency:[state=IDLE,enabled=false] 
02-20 20:56:24.113  1918  1918 D DCT     : [0]setupDataOnConnectableApns: nwTypeChanged hipri:[state=IDLE,enabled=false] mms:[state=IDLE,enabled=false] supl:[state=IDLE,enabled=false] ia:[state=IDLE,enabled=false] fota:[state=IDLE,enabled=false] ims:[state=IDLE,enabled=false] cbs:[state=IDLE,enabled=false] default:[state=IDLE,enabled=false] emergency:[state=IDLE,enabled=false] 
02-20 20:56:24.114  2173  2173 W System  : ClassLoader referenced unknown path: /system/priv-app/NexusLauncherPrebuilt/lib/x86_64
02-20 20:56:24.119  1918  1918 D DCT     : [0]NETWORK_STATE_CHANGED_ACTION: mIsWifiConnected=false
02-20 20:56:24.119  1918  1918 D SubscriptionInfoUpdater: [Receiver]+
02-20 20:56:24.119  1918  1918 D SubscriptionInfoUpdater: Action: android.intent.action.SIM_STATE_CHANGED
02-20 20:56:24.119  1918  1918 D SubscriptionInfoUpdater: slotId: 0
02-20 20:56:24.119  1918  1918 D SubscriptionInfoUpdater: simStatus: NOT_READY
02-20 20:56:24.119  1918  1918 D SubscriptionInfoUpdater: Ignoring simStatus: NOT_READY
02-20 20:56:24.119  1918  1918 D SubscriptionInfoUpdater: [Receiver]-
02-20 20:56:24.120  1918  1918 D PhoneSwitcherNetworkRequstListener: got request NetworkRequest [ REQUEST id=1, [ Capabilities: INTERNET&NOT_RESTRICTED&TRUSTED&NOT_VPN] ] with score 0
02-20 20:56:24.120  1918  1918 D TelephonyNetworkFactory[0]: onSubIdChange -1->-2
02-20 20:56:24.120  1918  1918 D TelephonyNetworkFactory[0]: got request NetworkRequest [ REQUEST id=1, [ Capabilities: INTERNET&NOT_RESTRICTED&TRUSTED&NOT_VPN] ] with score 0
02-20 20:56:24.132  1641  1747 I am_proc_start: [0,2189,1000,com.android.keychain,service,com.android.keychain/.KeyChainService]
02-20 20:56:24.132  1641  1747 I ActivityManager: Start proc 2189:com.android.keychain/1000 for service com.android.keychain/.KeyChainService
02-20 20:56:24.145  2189  2189 W art     : Unexpected CPU variant for X86 using defaults: x86_64
02-20 20:56:24.154  1641  1745 I am_proc_start: [0,2195,10002,com.android.providers.calendar,content provider,com.android.providers.calendar/.CalendarProvider2]
02-20 20:56:24.154  1641  1745 I ActivityManager: Start proc 2195:com.android.providers.calendar/u0a2 for content provider com.android.providers.calendar/.CalendarProvider2
02-20 20:56:24.159  2195  2195 W art     : Unexpected CPU variant for X86 using defaults: x86_64
02-20 20:56:24.168  1764  1764 I StatusBar: isKeyguardShowing() called before startKeyguard(), returning true
02-20 20:56:24.168  1764  1764 W StatusBar: isKeyguardSecure() called before startKeyguard(), returning false
02-20 20:56:24.168  1764  1764 W StatusBar: java.lang.Throwable
02-20 20:56:24.168  1764  1764 W StatusBar: 	at com.android.systemui.statusbar.BaseStatusBar.isKeyguardSecure(BaseStatusBar.java:2647)
02-20 20:56:24.168  1764  1764 W StatusBar: 	at com.android.systemui.statusbar.BaseStatusBar.isCameraAllowedByAdmin(BaseStatusBar.java:2670)
02-20 20:56:24.168  1764  1764 W StatusBar: 	at com.android.systemui.statusbar.phone.KeyguardBottomAreaView.updateCameraVisibility(KeyguardBottomAreaView.java:309)
02-20 20:56:24.168  1764  1764 W StatusBar: 	at com.android.systemui.statusbar.phone.KeyguardBottomAreaView.setUserSetupComplete(KeyguardBottomAreaView.java:281)
02-20 20:56:24.168  1764  1764 W StatusBar: 	at com.android.systemui.statusbar.phone.PhoneStatusBar$1.onChange(PhoneStatusBar.java:441)
02-20 20:56:24.168  1764  1764 W StatusBar: 	at com.android.systemui.statusbar.phone.PhoneStatusBar.resetUserSetupObserver(PhoneStatusBar.java:3676)
02-20 20:56:24.168  1764  1764 W StatusBar: 	at com.android.systemui.statusbar.phone.PhoneStatusBar.makeStatusBarView(PhoneStatusBar.java:1008)
02-20 20:56:24.168  1764  1764 W StatusBar: 	at com.android.systemui.statusbar.phone.PhoneStatusBar.addStatusBarWindow(PhoneStatusBar.java:3432)
02-20 20:56:24.168  1764  1764 W StatusBar: 	at com.android.systemui.statusbar.phone.PhoneStatusBar.createAndAddWindows(PhoneStatusBar.java:3428)
02-20 20:56:24.168  1764  1764 W StatusBar: 	at com.android.systemui.statusbar.BaseStatusBar.start(BaseStatusBar.java:765)
02-20 20:56:24.168  1764  1764 W StatusBar: 	at com.android.systemui.statusbar.phone.PhoneStatusBar.start(PhoneStatusBar.java:686)
02-20 20:56:24.168  1764  1764 W StatusBar: 	at com.android.systemui.statusbar.SystemBars.createStatusBarFromConfig(SystemBars.java:106)
02-20 20:56:24.168  1764  1764 W StatusBar: 	at com.android.systemui.statusbar.SystemBars.onNoService(SystemBars.java:58)
02-20 20:56:24.168  1764  1764 W StatusBar: 	at com.android.systemui.statusbar.ServiceMonitor.startService(ServiceMonitor.java:230)
02-20 20:56:24.168  1764  1764 W StatusBar: 	at com.android.systemui.statusbar.ServiceMonitor.-wrap5(ServiceMonitor.java)
02-20 20:56:24.168  1764  1764 W StatusBar: 	at com.android.systemui.statusbar.ServiceMonitor$1.handleMessage(ServiceMonitor.java:73)
02-20 20:56:24.168  1764  1764 W StatusBar: 	at android.os.Handler.dispatchMessage(Handler.java:102)
02-20 20:56:24.168  1764  1764 W StatusBar: 	at android.os.Looper.loop(Looper.java:154)
02-20 20:56:24.168  1764  1764 W StatusBar: 	at android.app.ActivityThread.main(ActivityThread.java:6119)
02-20 20:56:24.168  1764  1764 W StatusBar: 	at java.lang.reflect.Method.invoke(Native Method)
02-20 20:56:24.168  1764  1764 W StatusBar: 	at com.android.internal.os.ZygoteInit$MethodAndArgsCaller.run(ZygoteInit.java:886)
02-20 20:56:24.168  1764  1764 W StatusBar: 	at com.android.internal.os.ZygoteInit.main(ZygoteInit.java:776)
02-20 20:56:24.171  1641  1688 I am_proc_bound: [0,2189,com.android.keychain]
02-20 20:56:24.176  1764  1994 D OpenGLRenderer: profile bars disabled
02-20 20:56:24.176  1764  1994 D OpenGLRenderer: ambientRatio = 1.50
02-20 20:56:24.179  1764  1764 D PhoneStatusBar: disable: < EXPAND* icons alerts system_info BACK* HOME* RECENT* clock SEARCH* quick_settings >
02-20 20:56:24.179  2173  2173 V Launcher: LauncherAppState inited
02-20 20:56:24.190  2189  2189 W System  : ClassLoader referenced unknown path: /system/app/KeyChain/lib/x86_64
02-20 20:56:24.192  1641  1849 I am_proc_bound: [0,2195,com.android.providers.calendar]
02-20 20:56:24.198  1918  1918 D DebugService: DebugService DebugService:
02-20 20:56:24.198  1918  1918 D TelephonyDebugService: TelephonyDebugService()
02-20 20:56:24.221  2195  2195 W System  : ClassLoader referenced unknown path: /system/priv-app/CalendarProvider/lib/x86_64
02-20 20:56:24.064     0     0 D ieee80211 phy0: mac80211_hwsim_config (freq=0 idle=1 ps=0 smps=auto)
02-20 20:56:24.064     0     0 D ieee80211 phy0: hwsim hw_scan request
02-20 20:56:24.067     0     0 D ieee80211 phy0: hw scan 2412 MHz
02-20 20:56:24.090     0     0 D ieee80211 phy0: hw scan 2417 MHz
02-20 20:56:24.123     0     0 D ieee80211 phy0: hw scan 2422 MHz
02-20 20:56:24.150     0     0 D ieee80211 phy0: hw scan 2427 MHz
02-20 20:56:24.250  1918  1918 D CarrierConfigLoader: mHandler: 12 phoneId: 0
02-20 20:56:24.180     0     0 D ieee80211 phy0: hw scan 2432 MHz
02-20 20:56:24.210     0     0 D ieee80211 phy0: hw scan 2437 MHz
02-20 20:56:24.242     0     0 D ieee80211 phy0: hw scan 2442 MHz
02-20 20:56:24.270     0     0 D ieee80211 phy0: hw scan 2447 MHz
02-20 20:56:24.303     0     0 D ieee80211 phy0: hw scan 2452 MHz
02-20 20:56:24.250  1918  1918 D RILJ    : [3671]> RIL_REQUEST_QUERY_TTY_MODE [SUB0]
02-20 20:56:24.251  1918  1918 D UiccController: Received EVENT_GET_ICC_STATUS_DONE
02-20 20:56:24.251  1918  1918 D UiccCard: 2 applications
02-20 20:56:24.251  1918  1918 D UiccCardApplication: Creating UiccApp: {APPTYPE_SIM,APPSTATE_DETECTED}
02-20 20:56:24.252  1375  1463 D RIL     : onRequest: QUERY_TTY_MODE
02-20 20:56:24.252  1375  1463 D RIL     : Request not supported. Tech: 1
02-20 20:56:24.252  1918  2011 D RilRequest: [3671]< RIL_REQUEST_QUERY_TTY_MODE error: com.android.internal.telephony.CommandException: REQUEST_NOT_SUPPORTED ret=
02-20 20:56:24.256  1918  1918 W VoiceMailConstants: Can't open /system/etc/voicemail-conf.xml
02-20 20:56:24.257  1918  1918 D SpnOverride: No SPN in OEM image = /oem/telephony/spn-conf.xml Load SPN from system image
02-20 20:56:24.257  1918  1918 W SpnOverride: Can not open /system/etc/spn-conf.xml
02-20 20:56:24.257  1918  1918 D SIMRecords: [SIMRecords] setting0 mMncLength-1
02-20 20:56:24.257  1918  1918 D SIMRecords: [SIMRecords] SIMRecords: onRadioOffOrNotAvailable set 'gsm.sim.operator.numeric' to operator=null
02-20 20:56:24.257  1918  1918 D SIMRecords: [SIMRecords] update icc_operator_numeric=null
02-20 20:56:24.257  1918  1918 D TelephonyManager: setTelephonyProperty: success phoneId=0 property=gsm.sim.operator.numeric value:  propVal=
02-20 20:56:24.257  1918  1918 D TelephonyManager: setTelephonyProperty: success phoneId=0 property=gsm.sim.operator.alpha value:  propVal=
02-20 20:56:24.257  1918  1918 D TelephonyManager: setTelephonyProperty: success phoneId=0 property=gsm.sim.operator.iso-country value:  propVal=
02-20 20:56:24.258  1641  1731 D WIFI    : Registering NetworkFactory
02-20 20:56:24.258  1641  1731 D WIFI_UT : Registering NetworkFactory
02-20 20:56:24.258  1641  1739 D ConnectivityService: Got NetworkFactory Messenger for WIFI
02-20 20:56:24.258  1641  1739 D ConnectivityService: Got NetworkFactory Messenger for WIFI_UT
02-20 20:56:24.258  1641  1731 D WIFI    : got request NetworkRequest [ REQUEST id=1, [ Capabilities: INTERNET&NOT_RESTRICTED&TRUSTED&NOT_VPN] ] with score 0
02-20 20:56:24.258  1641  1731 I WifiConnectivityManager: Set WiFiConnectivityManager enabled
02-20 20:56:24.262  1918  1918 D SIMRecords: [SIMRecords] getOperatorNumeric: IMSI == null
02-20 20:56:24.262  1918  1918 D SIMRecords: [SIMRecords] SIMRecords X ctor this=SimRecords: mDestroyed=false mContext=com.android.phone.PhoneGlobals@332addd mCi=com.android.internal.telephony.RIL@4e09590 mFh=Handler (com.android.internal.telephony.uicc.SIMFileHandler) {37b8d52} mParentApp=com.android.internal.telephony.uicc.UiccCardApplication@165823 recordsLoadedRegistrants=android.os.RegistrantList@6706120 mImsiReadyRegistrants=android.os.RegistrantList@a314ad9 mRecordsEventsRegistrants=android.os.RegistrantList@8a12c9e mNewSmsRegistrants=android.os.RegistrantList@86c537f mNetworkSelectionModeAutomaticRegistrants=android.os.RegistrantList@aca6f4c recordsToLoad=0 adnCache=Handler (com.android.internal.telephony.uicc.AdnRecordCache) {6e2bb95} recordsRequested=false iccid=null msisdnTag=null voiceMailNum=null voiceMailTag=null voiceMailNum=null newVoiceMailTag=null isVoiceMailFixed=false mImsi=null mncLength=-1 mailboxIndex=0 spn=null mVmConfigcom.android.internal.telephony.uicc.VoiceMailConstants@def74aa mSpnOverride=mSpnOverride callForwardingEnabled=0 spnState=null mCphsInfo=null mCspPlmnEnabled=true efMWIS=null efCPHS_MWI=null mEfCff=null mEfCfis=null getOperatorNumeric=null
02-20 20:56:24.262  2219  2219 W art     : Unexpected CPU variant for X86 using defaults: x86_64
02-20 20:56:24.269  1641  1641 I am_proc_start: [0,2219,10067,com.google.android.deskclock,broadcast,com.google.android.deskclock/com.android.deskclock.AlarmInitReceiver]
02-20 20:56:24.269  1641  1641 I ActivityManager: Start proc 2219:com.google.android.deskclock/u0a67 for broadcast com.google.android.deskclock/com.android.deskclock.AlarmInitReceiver
02-20 20:56:24.269  1641  1731 D WIFI_UT : got request NetworkRequest [ REQUEST id=1, [ Capabilities: INTERNET&NOT_RESTRICTED&TRUSTED&NOT_VPN] ] with score 0
02-20 20:56:24.270  1641  1688 I am_proc_bound: [0,2219,com.google.android.deskclock]
02-20 20:56:24.272  1918  1918 D UiccCardApplication: Creating UiccApp: {APPTYPE_RUIM,APPSTATE_DETECTED}
02-20 20:56:24.273  1918  1918 D RuimRecords: [RuimRecords] setting0 mMncLength-1
02-20 20:56:24.274  1918  1918 D RuimRecords: [RuimRecords] RuimRecords X ctor this=RuimRecords: mDestroyed=false mContext=com.android.phone.PhoneGlobals@332addd mCi=com.android.internal.telephony.RIL@4e09590 mFh=Handler (com.android.internal.telephony.uicc.RuimFileHandler) {ed53438} mParentApp=com.android.internal.telephony.uicc.UiccCardApplication@2007c11 recordsLoadedRegistrants=android.os.RegistrantList@6283176 mImsiReadyRegistrants=android.os.RegistrantList@5733377 mRecordsEventsRegistrants=android.os.RegistrantList@c55be4 mNewSmsRegistrants=android.os.RegistrantList@c5fc84d mNetworkSelectionModeAutomaticRegistrants=android.os.RegistrantList@c5def02 recordsToLoad=0 adnCache=Handler (com.android.internal.telephony.uicc.AdnRecordCache) {5d9013} recordsRequested=false iccid=null msisdnTag=null voiceMailNum=null voiceMailTag=null voiceMailNum=null newVoiceMailTag=null isVoiceMailFixed=false mImsi=null mncLength=-1 mailboxIndex=0 spn=null m_ota_commitedfalse mMyMobileNumber=xxxx mMin2Min1=null mPrlVersion=null mEFpl=null mEFli=null mCsimSpnDisplayCondition=false mMdn=null mMin=null mHomeSystemId=null mHomeNetworkId=null
02-20 20:56:24.290  2111  2111 I LoadedApk: No resource references to update in package FFFFFFFFFFFFFFFFFFFFFF
02-20 20:56:24.292  1918  1918 D CAT     : CatService: registerForRecordsLoaded slotid=0 instance:Handler (com.android.internal.telephony.cat.CatService) {16e437c}
02-20 20:56:24.293  1918  1918 D CAT     : CatService: Running CAT service on Slotid: 0. STK app installed:false
02-20 20:56:24.293  1918  1918 D UiccCard: Before privilege rules: null : CARDSTATE_PRESENT
02-20 20:56:24.293  1918  1918 D RILJ    : [3672]> RIL_REQUEST_SIM_OPEN_CHANNEL [SUB0]
02-20 20:56:24.293  1375  1463 D RIL     : onRequest: SIM_OPEN_CHANNEL
02-20 20:56:24.293  1375  1463 D AT      : AT> AT+CCHO=A00000015141434C00
02-20 20:56:24.293  1375  1466 D AT      : AT< 1
02-20 20:56:24.293  1375  1466 D AT      : AT< OK
02-20 20:56:24.293  1918  2011 D RILJ    : [3672]< RIL_REQUEST_SIM_OPEN_CHANNEL  [SUB0]
02-20 20:56:24.294  1918  1918 E UiccCard: App index 8 is invalid since there are no applications
02-20 20:56:24.294  1918  1918 D UiccCard: update: radioState=RADIO_ON mLastRadioState=RADIO_UNAVAILABLE
02-20 20:56:24.294  1918  1918 D UiccController: Notifying IccChangedRegistrants
02-20 20:56:24.298  1918  1918 D GsmCdmaPhone: get phone radio capability fail, no need to change mRadioCapability
02-20 20:56:24.298  1918  1918 D GsmCdmaPhone: EVENT_GET_RADIO_CAPABILITY: phone rc: null
02-20 20:56:24.298  1918  1918 D Phone   : config LCE service failed: com.android.internal.telephony.CommandException: RADIO_NOT_AVAILABLE
02-20 20:56:24.299  1918  1918 D SST     : mDeviceShuttingDown=false, mDesiredPowerState=true, getRadioState=RADIO_ON, mPowerOffDelayNeed=true, mAlarmSwitch=false, mRadioDisabledByCarrier=false
02-20 20:56:24.299  1918  1918 D RILJ    : [3673]> OPERATOR [SUB0]
02-20 20:56:24.299  1375  1463 D RIL     : onRequest: OPERATOR
02-20 20:56:24.299  1375  1463 D AT      : AT> AT+COPS=3,0;+COPS?;+COPS=3,1;+COPS?;+COPS=3,2;+COPS?
02-20 20:56:24.300  1375  1466 D AT      : AT< +COPS: 0,0,"Android"
02-20 20:56:24.300  1375  1466 D AT      : AT< +COPS: 0,1,"Android"
02-20 20:56:24.300  1375  1466 D AT      : AT< +COPS: 0,2,"310260"
02-20 20:56:24.300  1375  1466 D AT      : AT< OK
02-20 20:56:24.300  1918  2011 D RILJ    : [3673]< OPERATOR {Android, Android, 310260} [SUB0]
02-20 20:56:24.300  1918  1918 D RILJ    : [3674]> DATA_REGISTRATION_STATE [SUB0]
02-20 20:56:24.300  1375  1463 D RIL     : onRequest: DATA_REGISTRATION_STATE
02-20 20:56:24.300  1375  1463 D RIL     : requestRegistrationState
02-20 20:56:24.300  1375  1463 D AT      : AT> AT+CGREG?
02-20 20:56:24.300  1375  1466 D AT      : AT< +CGREG: 1,1,"0003","005b","000e"
02-20 20:56:24.300  1375  1466 D AT      : AT< OK
02-20 20:56:24.300  1375  1463 D RIL     : parseRegistrationState. Parsing: +CGREG: 1,1,"0003","005b","000e"
02-20 20:56:24.300  1375  1463 D RIL     : registration state type: 3GPP
02-20 20:56:24.301  1918  2011 D RILJ    : [3674]< DATA_REGISTRATION_STATE {1, 3, 5b, 14, null, null} [SUB0]
02-20 20:56:24.301  1918  1918 D RILJ    : [3675]> VOICE_REGISTRATION_STATE [SUB0]
02-20 20:56:24.302  1375  1463 D RIL     : onRequest: VOICE_REGISTRATION_STATE
02-20 20:56:24.302  1375  1463 D RIL     : requestRegistrationState
02-20 20:56:24.302  1375  1463 D AT      : AT> AT+CREG?
02-20 20:56:24.302  1375  1466 D AT      : AT< +CREG: 2,1, "0003", "005b"
02-20 20:56:24.302  1375  1466 D AT      : AT< OK
02-20 20:56:24.302  1375  1463 D RIL     : parseRegistrationState. Parsing: +CREG: 2,1, "0003", "005b"
02-20 20:56:24.302  1375  1463 D RIL     : registration state type: 3GPP
02-20 20:56:24.302  1918  2011 D RILJ    : [3675]< VOICE_REGISTRATION_STATE {1, 3, 5b, 0, null, null, null, null, null, null, null, null, null, null, null} [SUB0]
02-20 20:56:24.302  1918  1918 D RILJ    : [3676]> QUERY_NETWORK_SELECTION_MODE [SUB0]
02-20 20:56:24.303  1375  1463 D RIL     : onRequest: QUERY_NETWORK_SELECTION_MODE
02-20 20:56:24.303  1375  1463 D AT      : AT> AT+COPS?
02-20 20:56:24.303  1375  1466 D AT      : AT< +COPS: 0,2,310260
02-20 20:56:24.303  1375  1466 D AT      : AT< OK
02-20 20:56:24.303  1918  2011 D RILJ    : [3676]< QUERY_NETWORK_SELECTION_MODE {0} [SUB0]
02-20 20:56:24.304  1918  1918 D RILJ    : [3677]> GET_CURRENT_CALLS [SUB0]
02-20 20:56:24.305  1375  1463 D RIL     : onRequest: GET_CURRENT_CALLS
02-20 20:56:24.305  1375  1463 D AT      : AT> AT+CLCC
02-20 20:56:24.305  1375  1466 D AT      : AT< OK
02-20 20:56:24.305  1918  2011 D RILJ    : [3677]< GET_CURRENT_CALLS {} [SUB0]
02-20 20:56:24.306  1918  1918 D RILJ    : [3678]> RIL_REQUEST_IMS_REGISTRATION_STATE [SUB0]
02-20 20:56:24.306  1375  1463 D RIL     : onRequest: IMS_REGISTRATION_STATE
02-20 20:56:24.306  1375  1463 D RIL     : IMS_REGISTRATION=0, format=1 
02-20 20:56:24.306  1918  2011 D RILJ    : [3678]< RIL_REQUEST_IMS_REGISTRATION_STATE {0, 1} [SUB0]
02-20 20:56:24.306  1918  1918 D RILJ    : [3679]> RIL_REQUEST_CDMA_GET_SUBSCRIPTION_SOURCE [SUB0]
02-20 20:56:24.306  1375  1463 D RIL     : onRequest: CDMA_GET_SUBSCRIPTION_SOURCE
02-20 20:56:24.306  1375  1463 D RIL     : Request not supported. Tech: 1
02-20 20:56:24.306  1918  2011 D RilRequest: [3679]< RIL_REQUEST_CDMA_GET_SUBSCRIPTION_SOURCE error: com.android.internal.telephony.CommandException: REQUEST_NOT_SUPPORTED ret=
02-20 20:56:24.307  1918  1918 D GsmCdmaPhone: [GsmCdmaPhone] Event EVENT_RADIO_ON Received
02-20 20:56:24.307  1918  1918 D RILJ    : [3680]> RIL_REQUEST_VOICE_RADIO_TECH [SUB0]
02-20 20:56:24.307  1375  1463 D RIL     : onRequest: VOICE_RADIO_TECH
02-20 20:56:24.307  1918  2011 D RILJ    : [3680]< RIL_REQUEST_VOICE_RADIO_TECH {11} [SUB0]
02-20 20:56:24.307  1918  1918 D UiccController: Received EVENT_ICC_STATUS_CHANGED, calling getIccCardStatus
02-20 20:56:24.307  1918  1918 D RILJ    : [3681]> GET_SIM_STATUS [SUB0]
02-20 20:56:24.307  1375  1463 D RIL     : onRequest: GET_SIM_STATUS
02-20 20:56:24.307  1375  1463 D RIL     : getSIMStatus(). sState: 10
02-20 20:56:24.307  1375  1463 D AT      : AT> AT+CPIN?
02-20 20:56:24.308  1375  1466 D AT      : AT< +CPIN: READY
02-20 20:56:24.308  1375  1466 D AT      : AT< OK
02-20 20:56:24.308  1918  2011 D RILJ    : [3681]< GET_SIM_STATUS IccCardState {CARDSTATE_PRESENT,PINSTATE_UNKNOWN,num_apps=2,gsm_id=0{APPTYPE_SIM,APPSTATE_READY},cdma_id=1{APPTYPE_RUIM,APPSTATE_READY},ims_id=8} [SUB0]
02-20 20:56:24.308  1918  1918 D SST     : EVENT_POLL_STATE_NETWORK_SELECTION_MODE
02-20 20:56:24.308  1918  1918 D SST     : EVENT_POLL_STATE_NETWORK_SELECTION_MODE
02-20 20:56:24.312  1918  1918 D WAP PUSH: Received broadcast android.intent.action.USER_UNLOCKED
02-20 20:56:24.312  1918  1918 D WAP PUSH: Received broadcast android.intent.action.USER_UNLOCKED
02-20 20:56:24.312  1918  1918 D SmsBroadcastUndelivered: Received broadcast android.intent.action.USER_UNLOCKED
02-20 20:56:24.313  1918  1918 D SubscriptionInfoUpdater: [Receiver]+
02-20 20:56:24.313  1918  1918 D SubscriptionInfoUpdater: Action: android.intent.action.USER_UNLOCKED
02-20 20:56:24.313  1918  1918 D SubscriptionInfoUpdater: Broadcasting intent ACTION_SIM_STATE_CHANGED for mCardIndex: 0
02-20 20:56:24.320  1918  1918 D SubscriptionInfoUpdater: [Receiver]-
02-20 20:56:24.320  1918  1918 D CarrierSvcBindHelper: Received android.intent.action.USER_UNLOCKED
02-20 20:56:24.331  1918  1918 D CarrierSvcBindHelper: No carrier app for: 0
02-20 20:56:24.340  1764  1764 D PhoneStatusBar: heads up is enabled
02-20 20:56:24.351  1313  1325 D gralloc_ranchu: gralloc_alloc: Creating ashmem region of size 17051648
02-20 20:56:24.358  1918  1937 D SubscriptionController: [getActiveSubInfoList] Sub Controller not ready
02-20 20:56:24.359  2219  2219 W System  : ClassLoader referenced unknown path: /system/app/PrebuiltDeskClockGoogle/lib/x86_64
02-20 20:56:24.380  1918  2242 D SmsBroadcastUndelivered: scanning raw table for undelivered messages
02-20 20:56:24.383  1918  1918 D PhoneSwitcher: evaluating due to netRequest default 0->1 phone[0] 0->-2
02-20 20:56:24.385  1918  1918 D TelephonyNetworkFactory[0]: not acting - isApp=false, isAct=false NetworkRequest [ REQUEST id=1, [ Capabilities: INTERNET&NOT_RESTRICTED&TRUSTED&NOT_VPN] ]
02-20 20:56:24.386  1918  1918 D DCT     : [0]NETWORK_STATE_CHANGED_ACTION: mIsWifiConnected=false
02-20 20:56:24.386  1918  1918 D CAT     : CatService: handleMessage[8]
02-20 20:56:24.386  1918  1918 D CAT     : CatService: MSG_ID_ICC_CHANGED
02-20 20:56:24.386  1918  1918 D CAT     : CatService: New Card State = CARDSTATE_PRESENT Old Card State = CARDSTATE_ABSENT
02-20 20:56:24.386  1918  1918 D RILJ    : [3682]> RIL_REQUEST_REPORT_STK_SERVICE_IS_RUNNING [SUB0]
02-20 20:56:24.394  1918  2241 E WAP PUSH: bindService() for wappush manager failed
02-20 20:56:24.394  1918  2240 E WAP PUSH: bindService() for wappush manager failed
02-20 20:56:24.406  1375  1463 D RIL     : onRequest: REPORT_STK_SERVICE_IS_RUNNING
02-20 20:56:24.406  1375  1463 D RIL     : Request not supported. Tech: 1
02-20 20:56:24.407  1918  2011 D RilRequest: [3682]< RIL_REQUEST_REPORT_STK_SERVICE_IS_RUNNING error: com.android.internal.telephony.CommandException: REQUEST_NOT_SUPPORTED ret=
02-20 20:56:24.407  1918  1918 D GsmCdmaPhone: [GsmCdmaPhone] New Uicc application found. type = APPTYPE_SIM
02-20 20:56:24.407  1918  1918 D GsmSMSDispatcher: GsmSMSDispatcher: subId = -2 slotId = 0
02-20 20:56:24.407  1918  1918 D GsmSMSDispatcher: New Uicc application found
02-20 20:56:24.407  1918  1918 D IccCardProxy: Icc changed. Reregestering.
02-20 20:56:24.407  1918  1918 D SST     : New card found
02-20 20:56:24.407  1918  1918 D CAT     : CatService: handleMessage[8]
02-20 20:56:24.407  1918  1918 D CAT     : CatService: MSG_ID_ICC_CHANGED
02-20 20:56:24.407  1918  1918 D CAT     : CatService: New Card State = CARDSTATE_PRESENT Old Card State = CARDSTATE_PRESENT
02-20 20:56:24.407  1918  1918 E SST     : error parsing GprsRegistrationState: java.lang.NumberFormatException: null
02-20 20:56:24.407  1918  1918 D SST     : handlPollStateResultMessage: GsmSST setDataRegState=0 regState=1 dataRadioTechnology=14
02-20 20:56:24.407  1918  1918 D SST     : EVENT_POLL_STATE_NETWORK_SELECTION_MODE
02-20 20:56:24.408  1918  1918 D SST     : Poll ServiceState done:  oldSS=[1 1 voice home data home null null null null null null  Unknown Unknown CSS not supported 0 0 RoamInd=0 DefRoamInd=0 EmergOnly=false IsDataRoamingFromRegistration=false IsUsingCarrierAggregation=false] newSS=[0 0 voice home data home Android Android 310260 Android Android 310260  Unknown LTE CSS not supported 0 0 RoamInd=0 DefRoamInd=0 EmergOnly=false IsDataRoamingFromRegistration=false IsUsingCarrierAggregation=false] oldMaxDataCalls=1 mNewMaxDataCalls=1 oldReasonDataDenied=-1 mNewReasonDataDenied=-1
02-20 20:56:24.409  1918  1918 I gsm_service_state_change: [1,1,0,0]
02-20 20:56:24.409  1918  1918 D TelephonyManager: setTelephonyProperty: success phoneId=0 property=gsm.network.type value: LTE propVal=LTE
02-20 20:56:24.409  1918  1918 D SST     : pollStateDone: registering current mNitzUpdatedTime=true changing to false
02-20 20:56:24.409  1918  1918 D SIMRecords: [SIMRecords] getServiceProviderName: no brandOverride, providerName=null
02-20 20:56:24.409  1918  1918 D SIMRecords: [SIMRecords] getServiceProviderName: no brandOverride, providerName=null
02-20 20:56:24.409  2195  2195 I CalendarProvider2: Created com.android.providers.calendar.CalendarAlarmManager@250d600(com.android.providers.calendar.CalendarProvider2@19f4e39)
02-20 20:56:24.411  1918  1918 D SST     : updateSpnDisplay: changed sending intent rule=2 showPlmn='true' plmn='Android' showSpn='false' spn='null' dataSpn='null' subId='-2'
02-20 20:56:24.413  1918  1918 D SubscriptionController: [setPlmnSpn] No valid subscription to store info
02-20 20:56:24.413  1918  1918 D SubscriptionController: notifySubscriptionInfoChanged:
02-20 20:56:24.413  1641  2162 D TelephonyRegistry: notifySubscriptionInfoChanged: first invocation mRecords.size=18
02-20 20:56:24.413  1641  1641 I GnssLocationProvider: WakeLock acquired by sendMessage(12, 0, null)
02-20 20:56:24.414  1918  1938 D SubscriptionController: [getActiveSubInfoList] Sub Controller not ready
02-20 20:56:24.417  1918  2242 D SmsBroadcastUndelivered: finished scanning raw table in 36 ms
02-20 20:56:24.418  1918  1941 D SubscriptionController: [getActiveSubInfoList] Sub Controller not ready
02-20 20:56:24.435  1313  1325 D gralloc_ranchu: gralloc_alloc: Creating ashmem region of size 15945728
02-20 20:56:24.437  1918  1918 D TelephonyManager: setTelephonyProperty: success phoneId=0 property=gsm.operator.alpha value: Android propVal=Android
02-20 20:56:24.437  1918  1918 D TelephonyManager: setTelephonyProperty: success phoneId=0 property=gsm.operator.numeric value: 310260 propVal=310260
02-20 20:56:24.438  1918  1918 D SST     : update mccmnc=310260 fromServiceState=true
02-20 20:56:24.438  1918  1918 D MccTable: updateMccMncConfiguration mccmnc='310260' fromServiceState=true
02-20 20:56:24.438  1918  1918 D SubscriptionController: [getPhoneId]- no sims, returning default phoneId=2147483647
02-20 20:56:24.439  1918  1918 D MccTable: updateMccMncConfiguration defaultMccMnc=
02-20 20:56:24.439  1918  1918 D MccTable: updateMccMncConfiguration: mcc=310, mnc=260
02-20 20:56:24.439  1918  1918 D MccTable: WIFI_COUNTRY_CODE set to us
02-20 20:56:24.451  1641  1980 I WifiService: WifiService trying to set country code to us with persist set to false
02-20 20:56:24.452  1641  1980 D WifiCountryCode: Succeeded to set country code to: US
02-20 20:56:24.454  1918  1918 D TelephonyManager: setTelephonyProperty: success phoneId=0 property=gsm.operator.iso-country value: us propVal=us
02-20 20:56:24.463  1918  1918 D SST     : pollStateDone: there are 6 unique offsets for iso-cc='us testOneUniqueOffsetPath=false', do nothing
02-20 20:56:24.463  1918  1918 D SST     : shouldFixTimeZoneNow: retVal=true iccCardExist=true operatorNumeric=310260 mcc=310 prevOperatorNumeric= prevMcc=311 needToFixTimeZone=false ltod=02-20 20:56:24.463
02-20 20:56:24.463  1918  1918 D SST     : fixTimeZone zoneName='GMT' mZoneOffset=0 mZoneDst=false iso-cc='us' iso-cc-idx=-21
02-20 20:56:24.463  1918  1918 D SST     : fixTimeZone: using default TimeZone
02-20 20:56:24.463  1918  1918 D SST     : fixTimeZone: zone != null zone.getID=GMT
02-20 20:56:24.463  1918  1918 D SST     : setAndBroadcastNetworkSetTimeZone: setTimeZone=GMT
02-20 20:56:24.463  2247  2247 W art     : Unexpected CPU variant for X86 using defaults: x86_64
02-20 20:56:24.476  1641  1687 D AlarmManagerService: Kernel timezone updated to 0 minutes west of GMT
02-20 20:56:24.476  1641  1791 I am_proc_start: [0,2247,10014,com.google.process.gapps,content provider,com.google.android.gsf/.gservices.GservicesProvider]
02-20 20:56:24.476  1641  1791 I ActivityManager: Start proc 2247:com.google.process.gapps/u0a14 for content provider com.google.android.gsf/.gservices.GservicesProvider
02-20 20:56:24.477  1641  2018 I dvm_lock_sample: [system_server,1,Binder:1641_7,39,ActivityManagerService.java,13717,-,10666,7]
02-20 20:56:24.486  2173  2217 V GridSizeMigrationTask: Workspace migration completed in 51
02-20 20:56:24.487  2173  2217 D Launcher.Model: loadWorkspace: loading default favorites
02-20 20:56:24.488  1918  1918 D SST     : setAndBroadcastNetworkSetTimeZone: call alarm.setTimeZone and broadcast zoneId=GMT
02-20 20:56:24.488  1918  1918 D TelephonyManager: setTelephonyProperty: success phoneId=0 property=gsm.operator.isroaming value: false propVal=false
02-20 20:56:24.488  1918  1918 D SST     : Broadcasting ServiceState : 0 0 voice home data home Android Android 310260 Android Android 310260  Unknown LTE CSS not supported 0 0 RoamInd=0 DefRoamInd=0 EmergOnly=false IsDataRoamingFromRegistration=false IsUsingCarrierAggregation=false
02-20 20:56:24.489  1918  1918 D DefaultPhoneNotifier: nofityServiceState: mRegistry=com.android.internal.telephony.ITelephonyRegistry$Stub$Proxy@ce78b81 ss=0 0 voice home data home Android Android 310260 Android Android 310260  Unknown LTE CSS not supported 0 0 RoamInd=0 DefRoamInd=0 EmergOnly=false IsDataRoamingFromRegistration=false IsUsingCarrierAggregation=false sender=Handler (com.android.internal.telephony.GsmCdmaPhone) {3e1999f} phondId=0 subId=-2
02-20 20:56:24.494  1918  1918 D SubscriptionController: [getSlotId]- subId invalid
02-20 20:56:24.494  1641  1688 D TelephonyManager: getSimState: default sim:-1, sim state for slotIdx=0 is 6, return state as unknown
02-20 20:56:24.502  1641  1687 I am_proc_start: [0,2261,10029,com.google.android.googlequicksearchbox:search,service,com.google.android.googlequicksearchbox/com.google.android.apps.gsa.nowoverlayservice.DrawerOverlayService]
02-20 20:56:24.503  1641  1687 I ActivityManager: Start proc 2261:com.google.android.googlequicksearchbox:search/u0a29 for service com.google.android.googlequicksearchbox/com.google.android.apps.gsa.nowoverlayservice.DrawerOverlayService
02-20 20:56:24.331     0     0 D ieee80211 phy0: hw scan 2457 MHz
02-20 20:56:24.524  2261  2261 W art     : Unexpected CPU variant for X86 using defaults: x86
02-20 20:56:24.535  1918  1918 D SST     : notifyDataRegStateRilRadioTechnologyChanged: drs=0 rat=14
02-20 20:56:24.535  1918  1918 D TelephonyManager: setTelephonyProperty: success phoneId=0 property=gsm.network.type value: LTE propVal=LTE
02-20 20:56:24.536  1918  1918 D DCT     : [0]get all active apn types
02-20 20:56:24.536  1918  1918 D SST     : getCellLocation(): X good mCellLoc=[3,91,-1]
02-20 20:56:24.536  1641  2187 D TelephonyRegistry: notifyCellLocationForSubscriber: subId=-2 cellLocation=Bundle[mParcelledData.dataSize=64]
02-20 20:56:24.536  1918  1918 D GsmCdmaCallTracker: Event EVENT_POLL_CALLS_RESULT Received
02-20 20:56:24.536  1918  1918 D GsmCdmaCallTracker: [GsmCdmaCallTracker] update phone state, old=IDLE new=IDLE
02-20 20:56:24.536  1918  1918 D RIL_ImsSms: IMS is NOT registered!
02-20 20:56:24.536  1918  1918 D CdmaSSM : CDMA_SUBSCRIPTION_SOURCE event = 2
02-20 20:56:24.536  1918  1918 W CdmaSSM : Unable to get CDMA Subscription Source, Exception: com.android.internal.telephony.CommandException: REQUEST_NOT_SUPPORTED, result: null
02-20 20:56:24.536  1918  1918 D GsmCdmaPhone: [GsmCdmaPhone] EVENT_REQUEST_VOICE_RADIO_TECH_DONE: newVoiceTech=11
02-20 20:56:24.536  1918  1918 D GsmCdmaPhone: [GsmCdmaPhone] phoneObjectUpdater: newVoiceRadioTech=11
02-20 20:56:24.536  1918  1918 D GsmCdmaPhone: [GsmCdmaPhone] phoneObjectUpdater: No change ignore, newVoiceRadioTech=11 mActivePhone=GSM
02-20 20:56:24.536  1918  1918 D UiccController: Received EVENT_GET_ICC_STATUS_DONE
02-20 20:56:24.536  1918  1918 D UiccCard: 2 applications
02-20 20:56:24.536  1918  1918 D UiccCardApplication: APPTYPE_SIM update. New {APPTYPE_SIM,APPSTATE_READY}
02-20 20:56:24.536  1918  1918 D UiccCardApplication: APPTYPE_SIM changed state: APPSTATE_DETECTED -> APPSTATE_READY
02-20 20:56:24.536  1918  1918 D RILJ    : [3683]> QUERY_FACILITY_LOCK [FD 7 null] [SUB0]
02-20 20:56:24.542  1641  1849 I am_proc_bound: [0,2247,com.google.process.gapps]
02-20 20:56:24.544  1375  1463 D RIL     : onRequest: QUERY_FACILITY_LOCK
02-20 20:56:24.544  1375  1463 D RIL     : Request not supported. Tech: 1
02-20 20:56:24.544  1918  2011 D RilRequest: [3683]< QUERY_FACILITY_LOCK error: com.android.internal.telephony.CommandException: REQUEST_NOT_SUPPORTED ret=
02-20 20:56:24.545  1918  1918 D RILJ    : [3684]> QUERY_FACILITY_LOCK [SC 7 null] [SUB0]
02-20 20:56:24.545  1641  2161 I am_proc_bound: [0,2261,com.google.android.googlequicksearchbox:search]
02-20 20:56:24.545  1918  1918 D UiccCardApplication: Notifying registrants: READY
02-20 20:56:24.545  1918  1918 D UiccCardApplication: APPTYPE_RUIM update. New {APPTYPE_RUIM,APPSTATE_READY}
02-20 20:56:24.545  1918  1918 D UiccCardApplication: APPTYPE_RUIM changed state: APPSTATE_DETECTED -> APPSTATE_READY
02-20 20:56:24.545  1918  1918 D RILJ    : [3685]> QUERY_FACILITY_LOCK [FD 7 null] [SUB0]
02-20 20:56:24.545  1375  1463 D RIL     : onRequest: QUERY_FACILITY_LOCK
02-20 20:56:24.545  1375  1463 D RIL     : Request not supported. Tech: 1
02-20 20:56:24.546  1918  2011 D RilRequest: [3684]< QUERY_FACILITY_LOCK error: com.android.internal.telephony.CommandException: REQUEST_NOT_SUPPORTED ret=
02-20 20:56:24.605  1641  1691 V KeyguardServiceDelegate: *** Keyguard connected (yay!)
02-20 20:56:24.656  1918  1918 D RILJ    : [3686]> QUERY_FACILITY_LOCK [SC 7 null] [SUB0]
02-20 20:56:24.656  1375  1463 D RIL     : onRequest: QUERY_FACILITY_LOCK
02-20 20:56:24.656  1375  1463 D RIL     : Request not supported. Tech: 1
02-20 20:56:24.656  1918  1918 D UiccCardApplication: Notifying registrants: READY
02-20 20:56:24.656  1918  1918 D UiccCard: Before privilege rules: Handler (com.android.internal.telephony.uicc.UiccCarrierPrivilegeRules) {1dde426} : CARDSTATE_PRESENT
02-20 20:56:24.656  1918  1918 E UiccCard: App index 8 is invalid since there are no applications
02-20 20:56:24.656  1918  1918 D UiccCard: update: radioState=RADIO_ON mLastRadioState=RADIO_ON
02-20 20:56:24.656  1918  1918 D UiccController: Notifying IccChangedRegistrants
02-20 20:56:24.657  1918  1918 D SubscriptionInfoUpdater: [Receiver]+
