02-20 20:57:36.623  1911  2013 D RILJ    : [3726]< SIM_IO IccIoResponse sw1:0x90 sw2:0x0 [SUB0]
02-20 20:57:36.623  1911  2013 D RILJ    : [3727]< SIM_IO IccIoResponse sw1:0x90 sw2:0x0 [SUB0]
02-20 20:57:36.623  1911  1911 D RILJ    : [3729]> iccIO: SIM_IO 0xb0 0x6f38  path: 3F007F20,0,0,15 aid: null [SUB0]
02-20 20:57:36.625  1376  1475 D RIL     : onRequest: SIM_IO
02-20 20:57:36.625  1376  1475 D AT      : AT> AT+CRSM=178,28613,1,4,24
02-20 20:57:36.625  1911  1911 D RILJ    : [3730]> iccIO: SIM_IO 0xb0 0x6f16  path: 3F007F20,0,0,2 aid: null [SUB0]
02-20 20:57:36.625  1376  1477 D AT      : AT< +CRSM: 144,0,43058441aa890affffffffffffffffffffffffffffffffff
02-20 20:57:36.625  1376  1477 D AT      : AT< OK
02-20 20:57:36.625  1911  1911 D SubscriptionInfoUpdater: [Receiver]+
02-20 20:57:36.625  1911  1911 D SubscriptionInfoUpdater: Action: android.intent.action.SIM_STATE_CHANGED
02-20 20:57:36.625  1911  1911 D SubscriptionInfoUpdater: slotId: 0
02-20 20:57:36.625  1911  1911 D SubscriptionInfoUpdater: simStatus: READY
02-20 20:57:36.625  1911  1911 D SubscriptionInfoUpdater: Ignoring simStatus: READY
02-20 20:57:36.625  1911  1911 D SubscriptionInfoUpdater: [Receiver]-
02-20 20:57:36.625  1911  1911 E SST     : error parsing GprsRegistrationState: java.lang.NumberFormatException: null
02-20 20:57:36.625  1911  1911 D SST     : handlPollStateResultMessage: GsmSST setDataRegState=0 regState=1 dataRadioTechnology=14
02-20 20:57:36.625  1376  1475 D RIL     : onRequest: SIM_IO
02-20 20:57:36.625  1376  1475 D AT      : AT> AT+CRSM=176,28472,0,0,15
02-20 20:57:36.626  1376  1477 D AT      : AT< +CRSM: 144,0,ff30ffff3c003c03000c0000f03f00
02-20 20:57:36.626  1376  1477 D AT      : AT< OK
02-20 20:57:36.626  1911  2013 D RILJ    : [3728]< SIM_IO IccIoResponse sw1:0x90 sw2:0x0 [SUB0]
02-20 20:57:36.626  1376  1475 D RIL     : onRequest: SIM_IO
02-20 20:57:36.626  1376  1475 D AT      : AT> AT+CRSM=176,28438,0,0,2
02-20 20:57:36.626  1376  1477 D AT      : AT< +CRSM: 144,0,0233
02-20 20:57:36.626  1376  1477 D AT      : AT< OK
02-20 20:57:36.626  1911  2013 D RILJ    : [3729]< SIM_IO IccIoResponse sw1:0x90 sw2:0x0 [SUB0]
02-20 20:57:36.626  1911  2013 D RILJ    : [3730]< SIM_IO IccIoResponse sw1:0x90 sw2:0x0 [SUB0]
02-20 20:57:36.627  1911  1911 D SST     : EVENT_POLL_STATE_NETWORK_SELECTION_MODE
02-20 20:57:36.627  1911  1911 D SST     : Poll ServiceState done:  oldSS=[0 0 voice home data home Android Android 310260 Android Android 310260  Unknown LTE CSS not supported 0 0 RoamInd=0 DefRoamInd=0 EmergOnly=false IsDataRoamingFromRegistration=false IsUsingCarrierAggregation=false] newSS=[0 0 voice home data home Android Android 310260 Android Android 310260  Unknown LTE CSS not supported -1 -1 RoamInd=-1 DefRoamInd=-1 EmergOnly=false IsDataRoamingFromRegistration=false IsUsingCarrierAggregation=false] oldMaxDataCalls=1 mNewMaxDataCalls=1 oldReasonDataDenied=-1 mNewReasonDataDenied=-1
02-20 20:57:36.627  1911  1911 D SIMRecords: [SIMRecords] getServiceProviderName: no brandOverride, providerName=null
02-20 20:57:36.627  1911  1911 D SIMRecords: [SIMRecords] getServiceProviderName: no brandOverride, providerName=null
02-20 20:57:36.627  1911  1911 D TelephonyManager: setTelephonyProperty: success phoneId=0 property=gsm.operator.alpha value: Android propVal=Android
02-20 20:57:36.627  1911  1911 D TelephonyManager: setTelephonyProperty: success phoneId=0 property=gsm.operator.numeric value: 310260 propVal=310260
02-20 20:57:36.627  1911  1911 D TelephonyManager: setTelephonyProperty: success phoneId=0 property=gsm.operator.iso-country value: us propVal=us
02-20 20:57:36.628  1911  1911 D SST     : pollStateDone: there are 6 unique offsets for iso-cc='us testOneUniqueOffsetPath=false', do nothing
02-20 20:57:36.628  1911  1911 D SST     : shouldFixTimeZoneNow: retVal=false iccCardExist=true operatorNumeric=310260 mcc=310 prevOperatorNumeric=310260 prevMcc=310 needToFixTimeZone=false ltod=02-20 20:57:36.628
02-20 20:57:36.628  1911  1911 D TelephonyManager: setTelephonyProperty: success phoneId=0 property=gsm.operator.isroaming value: false propVal=false
02-20 20:57:36.628  1911  1911 D SST     : Broadcasting ServiceState : 0 0 voice home data home Android Android 310260 Android Android 310260  Unknown LTE CSS not supported -1 -1 RoamInd=-1 DefRoamInd=-1 EmergOnly=false IsDataRoamingFromRegistration=false IsUsingCarrierAggregation=false
02-20 20:57:36.628  1911  1911 D DefaultPhoneNotifier: nofityServiceState: mRegistry=com.android.internal.telephony.ITelephonyRegistry$Stub$Proxy@8f9b8c ss=0 0 voice home data home Android Android 310260 Android Android 310260  Unknown LTE CSS not supported -1 -1 RoamInd=-1 DefRoamInd=-1 EmergOnly=false IsDataRoamingFromRegistration=false IsUsingCarrierAggregation=false sender=Handler (com.android.internal.telephony.GsmCdmaPhone) {430e9e7} phondId=0 subId=-2
02-20 20:57:36.629  1911  1911 D SubscriptionController: [getSlotId]- subId invalid
02-20 20:57:36.630  1659  1706 D TelephonyManager: getSimState: default sim:-1, sim state for slotIdx=0 is 5, return state as unknown
02-20 20:57:36.631  1911  1911 D RuimRecords: [RuimRecords] NO update mccmnc=310260
02-20 20:57:36.631  1911  1911 D RuimRecords: [RuimRecords] onRecordLoaded 9 requested: true
02-20 20:57:36.631  1911  1911 D RILJ    : [3731]> iccIO: SIM_IO 0xb0 0x2fe2  path: 3F00,0,0,10 aid: null [SUB0]
02-20 20:57:36.632  1376  1475 D RIL     : onRequest: SIM_IO
02-20 20:57:36.632  1376  1475 D AT      : AT> AT+CRSM=176,12258,0,0,10
02-20 20:57:36.632  1911  1911 D IccCardProxy: broadcastIccStateChangedIntent intent ACTION_SIM_STATE_CHANGED value=IMSI reason=null for mPhoneId=0
02-20 20:57:36.632  1376  1477 D AT      : AT< +CRSM: 144,0,98101430121181157002
02-20 20:57:36.632  1376  1477 D AT      : AT< OK
02-20 20:57:36.632  1911  2013 D RILJ    : [3731]< SIM_IO IccIoResponse sw1:0x90 sw2:0x0 [SUB0]
02-20 20:57:36.632  1911  1911 D SIMRecords: [SIMRecords] onRecordLoaded 15 requested: true
02-20 20:57:36.632  1911  1911 D RILJ    : [3732]> iccIO: SIM_IO 0xc0 0x6f14  path: 3F007F20,0,0,15 aid: null [SUB0]
02-20 20:57:36.633  1911  1911 D SIMRecords: [SIMRecords] onRecordLoaded 15 requested: true
02-20 20:57:36.633  1911  1911 D SIMRecords: [SIMRecords] onRecordLoaded 14 requested: true
02-20 20:57:36.633  1911  1911 E SIMRecords: [SIMRecords] Exception in fetching EF_CSP data com.android.internal.telephony.CommandException: GENERIC_FAILURE
02-20 20:57:36.633  1911  1911 D SIMRecords: [SIMRecords] onRecordLoaded 13 requested: true
02-20 20:57:36.633  1911  1911 E SIMRecords: [SIMRecords] Exception in get GID1 com.android.internal.telephony.CommandException: GENERIC_FAILURE
02-20 20:57:36.634  1911  1911 D SIMRecords: [SIMRecords] onRecordLoaded 12 requested: true
02-20 20:57:36.634  1911  1911 E SIMRecords: [SIMRecords] Exception in get GID2 com.android.internal.telephony.CommandException: GENERIC_FAILURE
02-20 20:57:36.634  1911  1911 D SIMRecords: [SIMRecords] onRecordLoaded 11 requested: true
02-20 20:57:36.634  1911  1911 D RuimRecords: [RuimRecords] EF_PL LOADED
02-20 20:57:36.634  1911  1911 E RuimRecords: [RuimRecords] Record Load Exception: com.android.internal.telephony.CommandException: GENERIC_FAILURE
02-20 20:57:36.634  1911  1911 D RuimRecords: [RuimRecords] onRecordLoaded 8 requested: true
02-20 20:57:36.634  1911  1911 D RuimRecords: [RuimRecords] EF_CSIM_LI LOADED
02-20 20:57:36.634  1911  1911 E RuimRecords: [RuimRecords] Record Load Exception: com.android.internal.telephony.CommandException: GENERIC_FAILURE
02-20 20:57:36.634  1911  1911 D RuimRecords: [RuimRecords] onRecordLoaded 7 requested: true
02-20 20:57:36.634  1911  1911 D RuimRecords: [RuimRecords] EF_CSIM_SPN LOADED
02-20 20:57:36.634  1911  1911 E RuimRecords: [RuimRecords] Record Load Exception: com.android.internal.telephony.CommandException: GENERIC_FAILURE
02-20 20:57:36.634  1911  1911 D RuimRecords: [RuimRecords] onRecordLoaded 6 requested: true
02-20 20:57:36.634  1911  1911 D RuimRecords: [RuimRecords] EF_CSIM_MDN LOADED
02-20 20:57:36.634  1911  1911 E RuimRecords: [RuimRecords] Record Load Exception: com.android.internal.telephony.CommandException: GENERIC_FAILURE
02-20 20:57:36.634  1911  1911 D RuimRecords: [RuimRecords] onRecordLoaded 5 requested: true
02-20 20:57:36.634  1911  1911 D RuimRecords: [RuimRecords] EF_CSIM_IMSIM LOADED
02-20 20:57:36.634  1911  1911 E RuimRecords: [RuimRecords] Record Load Exception: com.android.internal.telephony.CommandException: GENERIC_FAILURE
02-20 20:57:36.634  1911  1911 D RuimRecords: [RuimRecords] onRecordLoaded 4 requested: true
02-20 20:57:36.634  1911  1911 D RuimRecords: [RuimRecords] EF_CSIM_CDMAHOME LOADED
02-20 20:57:36.634  1911  1911 E RuimRecords: [RuimRecords] Record Load Exception: com.android.internal.telephony.CommandException: GENERIC_FAILURE
02-20 20:57:36.634  1911  1911 D RuimRecords: [RuimRecords] onRecordLoaded 3 requested: true
02-20 20:57:36.634  1911  1911 D RuimRecords: [RuimRecords] EF_CSIM_EPRL LOADED
02-20 20:57:36.634  1911  1911 E RuimRecords: [RuimRecords] Record Load Exception: com.android.internal.telephony.CommandException: GENERIC_FAILURE
02-20 20:57:36.634  1911  1911 D RuimRecords: [RuimRecords] onRecordLoaded 2 requested: true
02-20 20:57:36.634  1911  1911 D RuimRecords: [RuimRecords] EF_CSIM_MIPUPP LOADED
02-20 20:57:36.634  1911  1911 E RuimRecords: [RuimRecords] Record Load Exception: com.android.internal.telephony.CommandException: GENERIC_FAILURE
02-20 20:57:36.634  1911  1911 D RuimRecords: [RuimRecords] onRecordLoaded 1 requested: true
02-20 20:57:36.634  1911  1911 D SubscriptionInfoUpdater: [Receiver]+
02-20 20:57:36.634  1911  1911 D SubscriptionInfoUpdater: Action: android.intent.action.SIM_STATE_CHANGED
02-20 20:57:36.635  1911  1911 D SubscriptionInfoUpdater: slotId: 0
02-20 20:57:36.635  1911  1911 D SubscriptionInfoUpdater: simStatus: IMSI
02-20 20:57:36.635  1911  1911 D SubscriptionInfoUpdater: Ignoring simStatus: IMSI
02-20 20:57:36.635  1911  1911 D SubscriptionInfoUpdater: [Receiver]-
02-20 20:57:36.635  1911  1911 D SIMRecords: [SIMRecords] iccid: 89014103211118510720
02-20 20:57:36.635  1911  1911 D SIMRecords: [SIMRecords] onRecordLoaded 10 requested: true
02-20 20:57:36.635  1911  2094 D SubscriptionController: [getActiveSubInfoList] Sub Controller not ready
02-20 20:57:36.637  1376  1475 D RIL     : onRequest: SIM_IO
02-20 20:57:36.637  1376  1475 D AT      : AT> AT+CRSM=192,28436,0,0,15
02-20 20:57:36.637  1376  1477 D AT      : AT< +CRSM: 144,0,000000146f1404001aa0aa01020000
02-20 20:57:36.637  1376  1477 D AT      : AT< OK
02-20 20:57:36.639  1911  2013 D RILJ    : [3732]< SIM_IO IccIoResponse sw1:0x90 sw2:0x0 [SUB0]
02-20 20:57:36.640  1911  1911 D SIMRecords: [SIMRecords] EF_MBI: 01000000
02-20 20:57:36.640  1911  1911 D SIMRecords: [SIMRecords] Got valid mailbox number for MBDN
02-20 20:57:36.641  1911  1911 D RILJ    : [3733]> iccIO: SIM_IO 0xc0 0x6fc7  path: 3F007F20,0,0,15 aid: null [SUB0]
02-20 20:57:36.641  1911  1911 D SIMRecords: [SIMRecords] onRecordLoaded 10 requested: true
02-20 20:57:36.641  1376  1475 D RIL     : onRequest: SIM_IO
02-20 20:57:36.641  1376  1475 D AT      : AT> AT+CRSM=192,28615,0,0,15
02-20 20:57:36.641  1911  1911 D SIMRecords: [SIMRecords] EF_AD: 00000003
02-20 20:57:36.641  1911  1911 D SIMRecords: [SIMRecords] setting4 mMncLength=3
02-20 20:57:36.641  1911  1911 D SIMRecords: [SIMRecords] update mccmnc=310260
02-20 20:57:36.641  1911  1911 D MccTable: updateMccMncConfiguration mccmnc='310260' fromServiceState=false
02-20 20:57:36.641  1376  1477 D AT      : AT< +CRSM: 144,0,000000406fc7040011a0aa01020120
02-20 20:57:36.641  1376  1477 D AT      : AT< OK
02-20 20:57:36.641  1911  1911 D SubscriptionController: [getPhoneId]- no sims, returning default phoneId=2147483647
02-20 20:57:36.641  1911  2013 D RILJ    : [3733]< SIM_IO IccIoResponse sw1:0x90 sw2:0x0 [SUB0]
02-20 20:57:36.641  1911  1911 D MccTable: updateMccMncConfiguration defaultMccMnc=
02-20 20:57:36.642  1911  1911 D MccTable: updateMccMncConfiguration: mcc=310, mnc=260
02-20 20:57:36.642  1911  1911 D MccTable: updateMccMncConfiguration updateConfig config={1.0 310mcc260mnc ?localeList ?layoutDir ?swdp ?wdp ?hdp ?density ?lsize ?long ?orien ?uimode ?night ?touch ?keyb/?/? ?nav/?}
02-20 20:57:36.642  1911  2093 D SubscriptionController: [getPhoneId]- no sims, returning default phoneId=2147483647
02-20 20:57:36.733  1659  1689 I dvm_lock_sample: [system_server,1,Binder:1659_2,91,WindowManagerService.java,5445,-,2857,18]
02-20 20:57:36.733  1659  1689 I configuration_changed: 3
02-20 20:57:36.733  1659  1689 I ActivityManager: Config changes=3 {1.0 310mcc260mnc [en_US] ldltr sw360dp w360dp h668dp 640dpi nrml long port finger -keyb/v/h -nav/h s.5}
02-20 20:57:36.733  1659  1694 V KeyguardServiceDelegate: *** Keyguard connected (yay!)
02-20 20:57:36.742  1659  1689 I am_relaunch_resume_activity: [0,6468951,1,com.android.settings/.FallbackHome]
02-20 20:57:36.744  1911  1939 D SubscriptionController: [getSlotId]- subId invalid
02-20 20:57:36.745  1770  2069 D TelephonyManager: getSimState: default sim:-1, sim state for slotIdx=0 is 5, return state as unknown
02-20 20:57:36.745  1659  1694 W WindowManager: Keyguard drawn timeout. Setting mKeyguardDrawComplete
02-20 20:57:36.746  1911  1911 D SIMRecords: [SIMRecords] onRecordLoaded 9 requested: true
02-20 20:57:36.746  1911  1911 D SIMRecords: [SIMRecords] EF_MWIS : 0000000000
02-20 20:57:36.746  1911  1911 D SIMRecords: [SIMRecords] onRecordLoaded 8 requested: true
02-20 20:57:36.746  1911  1911 D SIMRecords: [SIMRecords] EF_CPHS_MWI: 55
02-20 20:57:36.746  1911  1911 D SIMRecords: [SIMRecords] onRecordLoaded 7 requested: true
02-20 20:57:36.746  1911  1911 D SIMRecords: [SIMRecords] EF_CFF_CPHS: 55
02-20 20:57:36.746  1911  1911 D SIMRecords: [SIMRecords] onRecordLoaded 6 requested: true
02-20 20:57:36.746  1911  1911 D SIMRecords: [SIMRecords] onRecordLoaded 5 requested: true
02-20 20:57:36.746  1911  1911 D SIMRecords: [SIMRecords] SST: UsimServiceTable[120]={ PHONEBOOK, FDN, FDN_EXTENSION, SDN, SDN_EXTENSION, BDN, BDN_EXTENSION, OUTGOING_CALL_INFO, ADVICE_OF_CHARGE, CAP_CONFIG_PARAMS_2, GROUP_ID_LEVEL_1, GROUP_ID_LEVEL_2, SPN, USER_PLMN_SELECT, MSISDN, IMAGE, LOCALISED_SERVICE_AREAS, EMLPP, EMLPP_AUTO_ANSWER, RFU, GSM_ACCESS, DATA_DL_VIA_SMS_PP, DATA_DL_VIA_SMS_CB, CALL_CONTROL_BY_USIM, MO_SMS_CONTROL_BY_USIM, RUN_AT_COMMAND, APN_CONTROL_LIST, DEPERSONALISATION_CONTROL_KEYS, COOPERATIVE_NETWORK_LIST, GSM_SECURITY_CONTEXT, SERVICE_PROVIDER_DISPLAY_INFO, MMS_NOTIFICATION, MMS_NOTIFICATION_EXTENSION, GPRS_CALL_CONTROL_BY_USIM, VGCS_GROUP_ID_LIST, VBS_GROUP_ID_LIST, OMA_BCAST_PROFILE, GBA_LOCAL_KEY_ESTABLISHMENT, #101, #102, #103, #104, #105, #106, #107, #108, #109, #110 }
02-20 20:57:36.746  1911  1911 D SIMRecords: [SIMRecords] onRecordLoaded 4 requested: true
02-20 20:57:36.746  1911  1911 D SIMRecords: [SIMRecords] iCPHS: 0233
02-20 20:57:36.746  1911  1911 D SIMRecords: [SIMRecords] onRecordLoaded 3 requested: true
02-20 20:57:36.746  1911  1911 D RILJ    : [3734]> iccIO: SIM_IO 0xb0 0x6f14  path: 3F007F20,0,0,20 aid: null [SUB0]
02-20 20:57:36.746  1911  2094 D DCT     : [0]hasMatchedTetherApnSetting: APN=null
02-20 20:57:36.747  1911  1911 D SIMRecords: [SIMRecords] MSISDN: [t-WgLegCyIMgfHgPkOdM6pkZbpA]
02-20 20:57:36.747  1911  1911 D SIMRecords: [SIMRecords] onRecordLoaded 2 requested: true
02-20 20:57:36.747  1911  1911 D RuimRecords: [RuimRecords] iccid: 89014103211118510720
02-20 20:57:36.747  1376  1475 D RIL     : onRequest: SIM_IO
02-20 20:57:36.747  1376  1475 D AT      : AT> AT+CRSM=176,28436,0,0,20
02-20 20:57:36.747  1911  1911 D RuimRecords: [RuimRecords] onRecordLoaded 0 requested: true
02-20 20:57:36.747  1911  1911 D RuimRecords: [RuimRecords] record load complete
02-20 20:57:36.747  1911  1911 D RILJ    : [3735]> iccIO: SIM_IO 0xb2 0x6fc7  path: 3F007F20,1,4,32 aid: null [SUB0]
02-20 20:57:36.747  1376  1477 D AT      : AT< +CRSM: 144,0,416e64726f6964ffffffffffffffffffffffffff
02-20 20:57:36.747  1376  1477 D AT      : AT< OK
02-20 20:57:36.747  1911  2013 D RILJ    : [3734]< SIM_IO IccIoResponse sw1:0x90 sw2:0x0 [SUB0]
02-20 20:57:36.747  1376  1475 D RIL     : onRequest: SIM_IO
02-20 20:57:36.747  1376  1475 D AT      : AT> AT+CRSM=178,28615,1,4,32
02-20 20:57:36.748  1376  1477 D AT      : AT< +CRSM: 144,0,566f6963656d61696cffffffffffffffffff07915155125740f9ffffffffffff
02-20 20:57:36.748  1376  1477 D AT      : AT< OK
02-20 20:57:36.748  1911  2013 D RILJ    : [3735]< SIM_IO IccIoResponse sw1:0x90 sw2:0x0 [SUB0]
02-20 20:57:36.748  1911  1911 D SIMRecords: [SIMRecords] getServiceProviderName: no brandOverride, providerName=Android
02-20 20:57:36.748  1911  1911 D SIMRecords: [SIMRecords] Load EF_SPN_CPHS: Android
02-20 20:57:36.749  1911  1911 D TelephonyManager: setTelephonyProperty: success phoneId=0 property=gsm.sim.operator.alpha value: Android propVal=Android
02-20 20:57:36.749  1312  2059 D         : HostConnection::get() New Host Connection established 0x79aa5e2ed540, tid 2059
02-20 20:57:36.750  1911  1911 D SIMRecords: [SIMRecords] onRecordLoaded 1 requested: true
02-20 20:57:36.750  1911  1911 D SIMRecords: [SIMRecords] VM: ADN Record 'Voicemail' '[-MWU1cAlDrkXUZ8dpHi_wU_YOpU] null' EF[MBDN]
02-20 20:57:36.750  1911  1911 D SIMRecords: [SIMRecords] onRecordLoaded 0 requested: true
02-20 20:57:36.750  1911  1911 D SIMRecords: [SIMRecords] record load complete
02-20 20:57:36.750  1911  1911 D SIMRecords: [SIMRecords] Not using EF LI/EF PL
02-20 20:57:36.750  1911  1911 D SIMRecords: [SIMRecords] EF_CFF: callForwardingEnabled=0
02-20 20:57:36.750  1911  1911 D SIMRecords: [SIMRecords] onAllRecordsLoaded set 'gsm.sim.operator.numeric' to operator='310260'
02-20 20:57:36.750  1911  1911 D SIMRecords: [SIMRecords] update icc_operator_numeric=310260
02-20 20:57:36.750  1911  1911 D TelephonyManager: setTelephonyProperty: success phoneId=0 property=gsm.sim.operator.numeric value: 310260 propVal=310260
02-20 20:57:36.751  1911  1911 D SubscriptionController: [setMccMnc]+ mcc/mnc:310/260 subId:-1
02-20 20:57:36.754  1911  1911 D SubscriptionController: notifySubscriptionInfoChanged:
02-20 20:57:36.755  1659  1659 I GnssLocationProvider: WakeLock acquired by sendMessage(12, 0, null)
02-20 20:57:36.755  1911  1939 D SubscriptionController: [getActiveSubInfoList] Sub Controller not ready
02-20 20:57:36.755  1911  1911 D SIMRecords: [SIMRecords] onAllRecordsLoaded set mcc imsi
02-20 20:57:36.755  1911  1911 D TelephonyManager: setTelephonyProperty: success phoneId=0 property=gsm.sim.operator.iso-country value: us propVal=us
02-20 20:57:36.756  1911  1911 D SST     : SubscriptionListener.onSubscriptionInfoChanged
02-20 20:57:36.756  1911  1911 D SIMRecords: [SIMRecords]  VoiceMessageCount from SIM MWIS = 0
02-20 20:57:36.756  1911  1911 E Phone   : getStoredVoiceMessageCount: invalid subId -2
02-20 20:57:36.756  1911  1911 D GsmCdmaPhone: [GsmCdmaPhone] updateVoiceMail countVoiceMessages = 0 subId -2
02-20 20:57:36.756  1911  1911 E Phone   : setVoiceMessageCount in sharedPreference: invalid subId -2
02-20 20:57:36.756  1911  1911 D DCT     : [0]SubscriptionListener.onSubscriptionInfoChanged
02-20 20:57:36.756  1911  1911 D SubscriptionController: [getActiveSubInfoList] Sub Controller not ready
02-20 20:57:36.756  1911  1911 D SubscriptionController: [getActiveSubInfoList] Sub Controller not ready
02-20 20:57:36.757  1911  1911 I Telephony: PstnIncomingCallNotifier: Unregistering: Handler (com.android.internal.telephony.GsmCdmaPhone) {430e9e7}
02-20 20:57:36.757  1911  1911 E PhoneInterfaceManager: [PhoneIntfMgr] getIccId: No UICC
02-20 20:57:36.760  1911  2093 D SubscriptionController: [getActiveSubInfoList] Sub Controller not ready
02-20 20:57:36.760  1659  1706 I Telecom : PhoneAccountRegistrar: [ComponentInfo{com.android.phone/com.android.services.telephony.TelephonyConnectionService}, [e0184adedf913b076626646d3f52c3b49c39ad6d], UserHandle{0}(addr: tel:*********** -> tel:)(icon: Icon(typ=BITMAP size=76x96) -> Icon(typ=BITMAP size=76x96))(subAddr: tel:*********** -> tel:)]: TSI.rPA@AAo
02-20 20:57:36.763  1659  1706 I Telecom : : Sending phone-account registered intent as user: TSI.rPA@AAo
02-20 20:57:36.764  1911  1911 I Telephony: AccountEntry: Registered phoneAccount: [[ ] PhoneAccount: ComponentInfo{com.android.phone/com.android.services.telephony.TelephonyConnectionService}, [e0184adedf913b076626646d3f52c3b49c39ad6d], UserHandle{0} Capabilities: CallProvider MultiUser PlaceEmerg SimSub  Schemes: tel voicemail  Extras: null GroupId: [da39a3ee5e6b4b0d3255bfef95601890afd80709]] with handle: ComponentInfo{com.android.phone/com.android.services.telephony.TelephonyConnectionService}, [e0184adedf913b076626646d3f52c3b49c39ad6d], UserHandle{0}
02-20 20:57:36.764  1911  1911 I Telephony: PstnIncomingCallNotifier: Registering: Handler (com.android.internal.telephony.GsmCdmaPhone) {430e9e7}
02-20 20:57:36.776  1911  1911 D CAT     : CatService: handleMessage[20]
02-20 20:57:36.777  1911  1911 D GsmCdmaPhone: [GsmCdmaPhone] updateCurrentCarrierInProvider: mSubId = -2 currentDds = 1 operatorNumeric = 310260
02-20 20:57:36.777  1911  1911 D IccCardProxy: operator=310260 mPhoneId=0
02-20 20:57:36.777  1911  1911 D TelephonyManager: setTelephonyProperty: success phoneId=0 property=gsm.sim.operator.numeric value: 310260 propVal=310260
02-20 20:57:36.777  1911  1911 D TelephonyManager: setTelephonyProperty: success phoneId=0 property=gsm.sim.operator.iso-country value: us propVal=us
02-20 20:57:36.780  1911  1911 D IccCardProxy: Sending intent ACTION_INTERNAL_SIM_STATE_CHANGED for mPhoneId : 0
02-20 20:57:36.780  1911  1911 D SST     : EVENT_SIM_RECORDS_LOADED: what=16
02-20 20:57:36.780  1911  1911 D GsmCdmaPhone: [GsmCdmaPhone] updatePhoneObject: radioTechnology=0
02-20 20:57:36.780  1911  1911 D SST     : getOtasp: otasp not needed for GSM
02-20 20:57:36.780  1911  1911 D SST     : updateOtaspState: call notifyOtaspChanged old otaspMode=0 new otaspMode=3
02-20 20:57:36.781  1911  1911 D SIMRecords: [SIMRecords] getServiceProviderName: no brandOverride, providerName=Android
02-20 20:57:36.781  1911  1911 D SIMRecords: [SIMRecords] getServiceProviderName: no brandOverride, providerName=Android
02-20 20:57:36.781  1911  1911 D SST     : updateSpnDisplay: changed sending intent rule=1 showPlmn='false' plmn='Android' showSpn='true' spn='Android' dataSpn='Android' subId='-2'
02-20 20:57:36.781  1917  1981 D EGL_emulation: eglMakeCurrent: 0x7d6ec7d79520: ver 3 0 (tinfo 0x7d6ed20f6ac0)
02-20 20:57:36.786  1911  1911 D SubscriptionController: [setPlmnSpn] No valid subscription to store info
02-20 20:57:36.786  1911  1911 D SubscriptionController: notifySubscriptionInfoChanged:
02-20 20:57:36.789  1659  1659 I GnssLocationProvider: WakeLock acquired by sendMessage(12, 0, null)
02-20 20:57:36.790  1911  1939 D SubscriptionController: [getActiveSubInfoList] Sub Controller not ready
02-20 20:57:36.791  1911  1911 E PhoneInterfaceManager: [PhoneIntfMgr] getIccId: No UICC
02-20 20:57:36.797  1770  1972 D         : HostConnection::get() New Host Connection established 0x7d6eb765f6c0, tid 1972
02-20 20:57:36.801  1659  1948 I Telecom : PhoneAccountRegistrar: [ComponentInfo{com.android.phone/com.android.services.telephony.TelephonyConnectionService}, [e0184adedf913b076626646d3f52c3b49c39ad6d], UserHandle{0}(icon: Icon(typ=BITMAP size=76x96) -> Icon(typ=BITMAP size=76x96))]: TSI.rPA@AA0
02-20 20:57:36.803  1659  1948 I Telecom : : Sending phone-account registered intent as user: TSI.rPA@AA0
02-20 20:57:36.803  1770  1972 I OpenGLRenderer: Initialized EGL, version 1.4
02-20 20:57:36.803  1770  1972 D OpenGLRenderer: Swap behavior 1
02-20 20:57:36.804  1911  1911 D SubscriptionInfoUpdater: [Receiver]+
02-20 20:57:36.804  1911  1911 D SubscriptionInfoUpdater: Action: android.intent.action.internal_sim_state_changed
02-20 20:57:36.804  1911  1911 D SubscriptionInfoUpdater: slotId: 0
02-20 20:57:36.804  1911  1911 D SubscriptionInfoUpdater: simStatus: LOADED
02-20 20:57:36.804  1911  1911 D SubscriptionInfoUpdater: [Receiver]-
02-20 20:57:36.804  1911  1911 D GsmCdmaPhone: [GsmCdmaPhone] phoneObjectUpdater: newVoiceRadioTech=0
02-20 20:57:36.804  1911  1911 D GsmCdmaPhone: [GsmCdmaPhone] phoneObjectUpdater: volteReplacementRat=0
02-20 20:57:36.804  1911  1911 E GsmCdmaPhone: [GsmCdmaPhone] phoneObjectUpdater: newVoiceRadioTech=0 doesn't match either CDMA or GSM - error! No phone change
02-20 20:57:36.804  1911  1911 D SST     : SubscriptionListener.onSubscriptionInfoChanged
02-20 20:57:36.804  1911  1911 D DCT     : [0]SubscriptionListener.onSubscriptionInfoChanged
02-20 20:57:36.805  1911  1911 D SubscriptionController: [getActiveSubInfoList] Sub Controller not ready
02-20 20:57:36.805  1911  1911 D SubscriptionController: [getActiveSubInfoList] Sub Controller not ready
02-20 20:57:36.805  1911  1911 I Telephony: PstnIncomingCallNotifier: Unregistering: Handler (com.android.internal.telephony.GsmCdmaPhone) {430e9e7}
02-20 20:57:36.805  1911  1911 E PhoneInterfaceManager: [PhoneIntfMgr] getIccId: No UICC
02-20 20:57:36.810  1659  1689 I Telecom : PhoneAccountRegistrar: [ComponentInfo{com.android.phone/com.android.services.telephony.TelephonyConnectionService}, [e0184adedf913b076626646d3f52c3b49c39ad6d], UserHandle{0}(icon: Icon(typ=BITMAP size=76x96) -> Icon(typ=BITMAP size=76x96))]: TSI.rPA@AA4
02-20 20:57:36.811  1659  1689 I Telecom : : Sending phone-account registered intent as user: TSI.rPA@AA4
02-20 20:57:36.812  1911  1911 I Telephony: AccountEntry: Registered phoneAccount: [[ ] PhoneAccount: ComponentInfo{com.android.phone/com.android.services.telephony.TelephonyConnectionService}, [e0184adedf913b076626646d3f52c3b49c39ad6d], UserHandle{0} Capabilities: CallProvider MultiUser PlaceEmerg SimSub  Schemes: tel voicemail  Extras: null GroupId: [da39a3ee5e6b4b0d3255bfef95601890afd80709]] with handle: ComponentInfo{com.android.phone/com.android.services.telephony.TelephonyConnectionService}, [e0184adedf913b076626646d3f52c3b49c39ad6d], UserHandle{0}
02-20 20:57:36.812  1911  1911 I Telephony: PstnIncomingCallNotifier: Registering: Handler (com.android.internal.telephony.GsmCdmaPhone) {430e9e7}
02-20 20:57:36.814  1911  1911 D SubscriptionInfoUpdater: handleSimStateLoadedInternal: slotId: 0
02-20 20:57:36.814  1911  1911 D SubscriptionInfoUpdater: All IccIds query complete
02-20 20:57:36.814  1911  1911 D SubscriptionInfoUpdater: updateSubscriptionInfoByIccId:+ Start
02-20 20:57:36.814  1911  2094 D SubscriptionController: [getPhoneId]- no sims, returning default phoneId=2147483647
02-20 20:57:36.815  1911  1911 D SubscriptionController: [clearSubInfo]- no simInfo size=0
02-20 20:57:36.818  1911  1939 D SubscriptionController: [getActiveSubInfoList] Sub Controller not ready
02-20 20:57:36.821  1911  1911 D SubscriptionInfoUpdater: insertedSimCount = 1
02-20 20:57:36.821  1911  1911 D SubscriptionController: [getSubInfoUsingSlotIdWithCheck]+ slotId:0
02-20 20:57:36.822  1659  1690 I GnssLocationProvider: WakeLock released by handleMessage(12, 0, null)
02-20 20:57:36.823  1911  1941 D SubscriptionController: [getPhoneId]- no sims, returning default phoneId=2147483647
02-20 20:57:36.823  1659  1690 I GnssLocationProvider: WakeLock released by handleMessage(12, 0, null)
02-20 20:57:36.825  1911  1911 D SubscriptionController: [getPhoneId]- no sims, returning default phoneId=2147483647
02-20 20:57:36.825  1911  1911 D SubscriptionController: [getPhoneId]- no sims, returning default phoneId=2147483647
02-20 20:57:36.826  1911  1911 D SubscriptionController: [getPhoneId]- no sims, returning default phoneId=2147483647
02-20 20:57:36.826  1911  1911 D SubscriptionController: [getSubInfoUsingSlotId]- null info return
02-20 20:57:36.826  1911  1911 D SubscriptionInfoUpdater: updateSubscriptionInfoByIccId: oldSubId = 1
02-20 20:57:36.826  1911  1911 D SubscriptionInfoUpdater: updateSubscriptionInfoByIccId: oldIccId[0] = 89014103211118510720, sIccId[0] = 89014103211118510720
02-20 20:57:36.826  1911  1911 D SubscriptionController: [addSubInfoRecord]+ iccId:89014103211118510720 slotId:0
02-20 20:57:36.828  1911  1911 D SubscriptionController: [getActiveSubInfoList] Sub Controller not ready
02-20 20:57:36.828  1911  1911 D SubscriptionController: [addSubInfoRecord] Record already exists
02-20 20:57:36.833  1770  1972 D EGL_emulation: eglCreateContext: 0x7d6eb7692b20: maj 3 min 0 rcv 3
02-20 20:57:36.841  1911  1911 D SubscriptionController: [addSubInfoRecord] sSlotIdxToSubId.size=1 slotId=0 subId=1 defaultSubId=1 simCount=1
02-20 20:57:36.842  1917  1981 D EGL_emulation: eglMakeCurrent: 0x7d6ec7d79520: ver 3 0 (tinfo 0x7d6ed20f6ac0)
02-20 20:57:36.843  1770  1972 D EGL_emulation: eglMakeCurrent: 0x7d6eb7692b20: ver 3 0 (tinfo 0x7d6eb768ae60)
02-20 20:57:36.850  1911  1911 D SubscriptionController: [setDefaultFallbackSubId] subId=1
02-20 20:57:36.850  1911  1911 D SubscriptionController: [setDefaultFallbackSubId] set mDefaultFallbackSubId=1
02-20 20:57:36.851  1911  1911 D MccTable: updateMccMncConfiguration mccmnc='310260' fromServiceState=false
02-20 20:57:36.851  1911  1911 D MccTable: updateMccMncConfiguration defaultMccMnc=310260
02-20 20:57:36.851  1911  1911 D MccTable: updateMccMncConfiguration: mcc=310, mnc=260
02-20 20:57:36.851  1911  1911 D MccTable: updateMccMncConfiguration updateConfig config={1.0 310mcc260mnc ?localeList ?layoutDir ?swdp ?wdp ?hdp ?density ?lsize ?long ?orien ?uimode ?night ?touch ?keyb/?/? ?nav/?}
02-20 20:57:36.879  1312  1969 D         : HostConnection::get() New Host Connection established 0x79aa5de1b420, tid 1969
02-20 20:57:36.880  2075  2075 I GAv4    : Google Analytics 9.2.56 is starting up. To enable debug logging on a device run:
02-20 20:57:36.880  2075  2075 I GAv4    :   adb shell setprop log.tag.GAv4 DEBUG
02-20 20:57:36.880  2075  2075 I GAv4    :   adb logcat -s GAv4
02-20 20:57:36.935  1911  1911 D SubscriptionController: [setDefaultFallbackSubId] broadcast default subId changed phoneId=0 subId=1
02-20 20:57:36.935  1917  1917 I am_on_paused_called: [0,com.android.settings.FallbackHome,handleRelaunchActivity]
02-20 20:57:36.936  1911  1911 D SubscriptionController: [addSubInfoRecord] one sim set defaults to subId=1
02-20 20:57:36.938  1911  1911 D SubscriptionController: [setDefaultDataSubId] num phones=1, subId=1
02-20 20:57:36.938  1911  1911 D SubscriptionController: [setDefaultDataSubId] phoneId=0 subId=1 RAF=1
02-20 20:57:36.938  1911  1911 D ProxyController: setRadioCapability: Already in requested configuration, nothing to do.
02-20 20:57:36.938  1911  1911 D SubscriptionController: [updateAllDataConnectionTrackers] sPhones.length=1
02-20 20:57:36.938  1911  1911 D SubscriptionController: [updateAllDataConnectionTrackers] phoneId=0
02-20 20:57:36.938  1911  1911 D DCT     : [0]update sub = 1
02-20 20:57:36.938  1911  1911 D DCT     : [0]update(): Active DDS, register for all events now!
02-20 20:57:36.938  1911  1911 D DCT     : [0]New records found.
02-20 20:57:36.938  1911  1911 D SST     : mDeviceShuttingDown=false, mDesiredPowerState=true, getRadioState=RADIO_ON, mPowerOffDelayNeed=true, mAlarmSwitch=false, mRadioDisabledByCarrier=false
02-20 20:57:36.938  1911  1911 D GsmCdmaPhone: [GsmCdmaPhone] updateCurrentCarrierInProvider: mSubId = 1 currentDds = 1 operatorNumeric = 310260
02-20 20:57:36.938  1911  2100 D RILJ    : [3736]> RIL_REQUEST_GET_CELL_INFO_LIST [SUB0]
02-20 20:57:36.939  1376  1475 D RIL     : onRequest: GET_CELL_INFO_LIST
02-20 20:57:36.939  1376  1475 D RILC    : responseCellInfoList: v12
02-20 20:57:36.939  1911  2013 D RILJ    : [3736]< RIL_REQUEST_GET_CELL_INFO_LIST [CellInfoGsm:{mRegistered=YES mTimeStampType=modem mTimeStamp=11961951092ns CellIdentityGsm:{ mMcc=310 mMnc=260 mLac=3 mCid=91 mArfcn=10 mBsic=0x0} CellSignalStrengthGsm: ss=219357624 ber=29773 mTa=223489148}] [SUB0]
02-20 20:57:36.948  1917  1981 D EGL_emulation: eglMakeCurrent: 0x7d6ec7d79520: ver 3 0 (tinfo 0x7d6ed20f6ac0)
02-20 20:57:36.949  1917  1917 I am_on_stop_called: [0,com.android.settings.FallbackHome,destroy]
02-20 20:57:36.950  2075  2102 W GAv4    : AnalyticsReceiver is not registered or is disabled. Register the receiver for reliable dispatching on non-Google Play devices. See http://goo.gl/8Rd3yj for instructions.
02-20 20:57:36.952  2075  2102 W GAv4    : CampaignTrackingReceiver is not registered, not exported or is disabled. Installation campaign tracking is not possible. See http://goo.gl/8Rd3yj for instructions.
02-20 20:57:36.954  2075  2102 W GAv4    : AnalyticsService not registered in the app manifest. Hits might not be delivered reliably. See http://goo.gl/8Rd3yj for instructions.
02-20 20:57:36.961  1911  1911 D SubscriptionController: [broadcastDefaultDataSubIdChanged] subId=1
02-20 20:57:36.962  1911  1911 D SubscriptionController: [setDefaultSmsSubId] subId=1
02-20 20:57:36.964  1911  1911 D SubscriptionController: [broadcastDefaultSmsSubIdChanged] subId=1
02-20 20:57:36.965  1911  1911 D SubscriptionController: [setDefaultVoiceSubId] subId=1
02-20 20:57:36.965  1911  1911 D SubscriptionController: [broadcastDefaultVoiceSubIdChanged] subId=1
02-20 20:57:36.966  1911  1911 D SubscriptionController: [addSubInfoRecord] hashmap(0,1)
02-20 20:57:36.974  2075  2075 I AlarmClock: AlarmInitReceiver android.intent.action.TIME_SET
02-20 20:57:36.978  1911  1911 D SubscriptionController: [addSubInfoRecord] sim name = Android
02-20 20:57:36.978  1911  1911 D DCT     : [0]update sub = 1
02-20 20:57:36.978  1911  1911 D DCT     : [0]update(): Active DDS, register for all events now!
02-20 20:57:36.979  1911  1911 D GsmCdmaPhone: [GsmCdmaPhone] updateCurrentCarrierInProvider: mSubId = 1 currentDds = 1 operatorNumeric = 310260
02-20 20:57:37.012  1917  1917 I am_on_resume_called: [0,com.android.settings.FallbackHome,handleRelaunchActivity]
02-20 20:57:37.016  1911  1911 D SubscriptionController: [addSubInfoRecord]- info size=1
02-20 20:57:37.016  1911  1911 D SubscriptionInfoUpdater: newSim = false
02-20 20:57:37.016  1911  1911 D SubscriptionInfoUpdater: updateSubscriptionInfoByIccId: sInsertSimState[0] = 0
02-20 20:57:37.016  1770  1770 I OpaLayout: Setting opa enabled to false
02-20 20:57:37.018  1770  1770 I OpaLayout: Setting opa enabled to false
02-20 20:57:37.023  1911  1911 D SubscriptionInfoUpdater: updateSubscriptionInfoByIccId: nSubCount = 1
02-20 20:57:37.024  1911  1911 D SubscriptionController: [setDefaultDataSubId] num phones=1, subId=1
02-20 20:57:37.024  1911  1911 D SubscriptionController: [setDefaultDataSubId] phoneId=0 subId=1 RAF=1
02-20 20:57:37.024  1911  1911 D ProxyController: setRadioCapability: Already in requested configuration, nothing to do.
02-20 20:57:37.024  1911  1911 D SubscriptionController: [updateAllDataConnectionTrackers] sPhones.length=1
02-20 20:57:37.024  1911  1911 D SubscriptionController: [updateAllDataConnectionTrackers] phoneId=0
02-20 20:57:37.024  1911  1911 D DCT     : [0]update sub = 1
02-20 20:57:37.024  1911  1911 D DCT     : [0]update(): Active DDS, register for all events now!
02-20 20:57:37.025  1911  1911 D GsmCdmaPhone: [GsmCdmaPhone] updateCurrentCarrierInProvider: mSubId = 1 currentDds = 1 operatorNumeric = 310260
02-20 20:57:37.035  1911  1911 D SubscriptionController: [broadcastDefaultDataSubIdChanged] subId=1
02-20 20:57:37.048  1911  1911 D SubscriptionController: notifySubscriptionInfoChanged:
02-20 20:57:37.048  1911  2094 D SubscriptionMonitor: Phone[0] subId changed -2->1, 1 registrants
02-20 20:57:37.048  1659  1659 I GnssLocationProvider: WakeLock acquired by sendMessage(12, 0, null)
02-20 20:57:37.048  1911  2094 D SubscriptionMonitor: mDefaultDataSubId = 1, 1 registrants
02-20 20:57:37.050  1911  1911 D SubscriptionInfoUpdater: updateSubscriptionInfoByIccId:- SsubscriptionInfo update complete
02-20 20:57:37.050  1911  1911 D MccTable: updateMccMncConfiguration mccmnc='310260' fromServiceState=false
02-20 20:57:37.050  1911  1911 D MccTable: updateMccMncConfiguration defaultMccMnc=310260
02-20 20:57:37.050  1911  1911 D MccTable: updateMccMncConfiguration: mcc=310, mnc=260
02-20 20:57:37.050  1911  1911 D MccTable: updateMccMncConfiguration updateConfig config={1.0 310mcc260mnc ?localeList ?layoutDir ?swdp ?wdp ?hdp ?density ?lsize ?long ?orien ?uimode ?night ?touch ?keyb/?/? ?nav/?}
02-20 20:57:37.058  1659  1690 W GnssLocationProvider: Could not open GPS configuration file /etc/gps.conf
02-20 20:57:37.058  1659  1690 E GnssLocationProvider: no AGPS interface in set_agps_server
02-20 20:57:37.059  1659  1690 I GnssLocationProvider: WakeLock released by handleMessage(12, 0, null)
02-20 20:57:37.100  1659  1731 D WifiService: New client listening to asynchronous messages
02-20 20:57:37.132  1911  1911 D SubscriptionController: [setMccMnc]+ mcc/mnc:310/260 subId:1
02-20 20:57:37.156  1770  1770 W KeyguardUpdateMonitor: invalid subId in handleSimStateChange()
02-20 20:57:37.156  1770  1770 I Choreographer: Skipped 39 frames!  The application may be doing too much work on its main thread.
02-20 20:57:37.178  1911  1911 D SubscriptionController: notifySubscriptionInfoChanged:
02-20 20:57:37.178  1659  1659 I GnssLocationProvider: WakeLock acquired by sendMessage(12, 0, null)
02-20 20:57:37.181  1911  1911 D SubscriptionController: [getActiveSubscriptionInfo]+ subId=1 subInfo={id=1, iccId=89014103211118510720 simSlotIndex=0 displayName=Android carrierName=Android nameSource=0 iconTint=-16746133 dataRoaming=0 iconBitmap=android.graphics.Bitmap@14107cb mcc 310 mnc 260}
02-20 20:57:37.181  1911  1911 D SubscriptionInfoUpdater: sim name = Android
02-20 20:57:37.199  1770  1972 D EGL_emulation: eglMakeCurrent: 0x7d6eb7692b20: ver 3 0 (tinfo 0x7d6eb768ae60)
02-20 20:57:37.215  1917  1981 D EGL_emulation: eglMakeCurrent: 0x7d6ec7d79520: ver 3 0 (tinfo 0x7d6ed20f6ac0)
02-20 20:57:37.218  1911  1911 D SubscriptionInfoUpdater: Broadcasting intent ACTION_SIM_STATE_CHANGED LOADED reason null for mCardIndex: 0
02-20 20:57:37.218  1659  1659 D WifiService: resetting networks because SIM was loaded
02-20 20:57:37.219  1659  1732 D WifiStateMachine: resetting EAP-SIM/AKA/AKA' networks since SIM was changed
02-20 20:57:37.220  1911  1911 D CarrierConfigLoader: update config for phoneId: 0 simState: LOADED
02-20 20:57:37.220  1911  1911 D CarrierSvcBindHelper: update binding for phoneId: 0 simState: LOADED
02-20 20:57:37.231  1659  1690 W GnssLocationProvider: Could not open GPS configuration file /etc/gps.conf
02-20 20:57:37.231  1659  1690 E GnssLocationProvider: no AGPS interface in set_agps_server
02-20 20:57:37.238  1911  1911 D SubscriptionController: [getActiveSubscriptionInfo]+ subId=1 subInfo={id=1, iccId=89014103211118510720 simSlotIndex=0 displayName=Android carrierName=Android nameSource=0 iconTint=-16746133 dataRoaming=0 iconBitmap=android.graphics.Bitmap@75655a7 mcc 310 mnc 260}
02-20 20:57:37.241  2032  2032 D CellBroadcastReceiver: Service state changed! 0 Full: 0 0 voice home data home Android Android 310260 Android Android 310260  Unknown LTE CSS not supported 0 0 RoamInd=0 DefRoamInd=0 EmergOnly=false IsDataRoamingFromRegistration=false IsUsingCarrierAggregation=false Current state=-1
02-20 20:57:37.241  2032  2032 D CellBroadcastReceiver: Start Cell Broadcast configuration.
02-20 20:57:37.244  1659  2107 I Telecom : PhoneAccountRegistrar: [ComponentInfo{com.android.phone/com.android.services.telephony.TelephonyConnectionService}, [e0184adedf913b076626646d3f52c3b49c39ad6d], UserHandle{0}(icon: Icon(typ=BITMAP size=76x96) -> Icon(typ=BITMAP size=76x96))]: TSI.rPA@ABE
02-20 20:57:37.246  1659  2107 I Telecom : : Sending phone-account registered intent as user: TSI.rPA@ABE
02-20 20:57:37.248  1911  1911 I Telephony: PstnIncomingCallNotifier: Unregistering: Handler (com.android.internal.telephony.GsmCdmaPhone) {430e9e7}
02-20 20:57:37.248  2032  2110 D CellBroadcastConfigService: Enable CellBroadcast on sub 1
02-20 20:57:37.253  1911  1911 D SubscriptionController: [getActiveSubscriptionInfo]+ subId=1 subInfo={id=1, iccId=89014103211118510720 simSlotIndex=0 displayName=Android carrierName=Android nameSource=0 iconTint=-16746133 dataRoaming=0 iconBitmap=android.graphics.Bitmap@cb82cf9 mcc 310 mnc 260}
02-20 20:57:37.258  2075  2105 V AlarmClock: AlarmInitReceiver finished
02-20 20:57:37.259  1659  1688 I Telecom : PhoneAccountRegistrar: New phone account registered: [[ ] PhoneAccount: ComponentInfo{com.android.phone/com.android.services.telephony.TelephonyConnectionService}, [e2f7d48dd2b5ca523e7313cf4ba0f6ea830b6281], UserHandle{0} Capabilities: CallProvider MultiUser PlaceEmerg SimSub  Schemes: tel voicemail  Extras: null GroupId: [da39a3ee5e6b4b0d3255bfef95601890afd80709]]: TSI.rPA@ABI
02-20 20:57:37.291  1659  1688 I Telecom : : Sending phone-account registered intent as user: TSI.rPA@ABI
02-20 20:57:37.292  1911  1911 I Telephony: AccountEntry: Registered phoneAccount: [[ ] PhoneAccount: ComponentInfo{com.android.phone/com.android.services.telephony.TelephonyConnectionService}, [e2f7d48dd2b5ca523e7313cf4ba0f6ea830b6281], UserHandle{0} Capabilities: CallProvider MultiUser PlaceEmerg SimSub  Schemes: tel voicemail  Extras: null GroupId: [da39a3ee5e6b4b0d3255bfef95601890afd80709]] with handle: ComponentInfo{com.android.phone/com.android.services.telephony.TelephonyConnectionService}, [e2f7d48dd2b5ca523e7313cf4ba0f6ea830b6281], UserHandle{0}
02-20 20:57:37.292  1911  1911 I Telephony: PstnIncomingCallNotifier: Registering: Handler (com.android.internal.telephony.GsmCdmaPhone) {430e9e7}
02-20 20:57:37.294  1911  1911 I Telephony: TelecomAccountRegistry: Unregistering phone account ComponentInfo{com.android.phone/com.android.services.telephony.TelephonyConnectionService}, [e0184adedf913b076626646d3f52c3b49c39ad6d], UserHandle{0}.
02-20 20:57:37.309  1659  1690 I GnssLocationProvider: WakeLock released by handleMessage(12, 0, null)
02-20 20:57:37.309  1659  1948 I Telecom : : Sending phone-account unregistered intent as user: TSI.uPA@ABQ
02-20 20:57:37.311  1911  1911 D DCT     : [0]onRecordsLoadedOrSubIdChanged: createAllApnList
02-20 20:57:37.311  1911  1911 D DCT     : [0]createAllApnList: selection=numeric = '310260'
02-20 20:57:37.314  1911  1911 D DCT     : [0]createApnList: X result=[[ApnSettingV3] T-Mobile US, 1, 310260, epc.tmobile.com, , http://mms.msg.eng.t-mobile.com/mms/wapenc, , , , -1, *, IP, IP, true, 0, 0, 0, false, 0, 0, 0, 0, , , false]
02-20 20:57:37.315  1911  1911 D TelephonyProvider: subIdString = 1 subId = 1
02-20 20:57:37.315  1659  1690 W GnssLocationProvider: Could not open GPS configuration file /etc/gps.conf
02-20 20:57:37.315  1659  1690 E GnssLocationProvider: no AGPS interface in set_agps_server
02-20 20:57:37.323  1911  1911 D DCT     : [0]getPreferredApn: mRequestedApnType=default cursor=android.content.ContentResolver$CursorWrapperInner@dcc564a cursor.count=1
02-20 20:57:37.324  1911  1911 D DCT     : [0]getPreferredApn: apnSetting=[ApnSettingV3] T-Mobile US, 1, 310260, epc.tmobile.com, , http://mms.msg.eng.t-mobile.com/mms/wapenc, , , , -1, *, IP, IP, true, 0, 0, 0, false, 0, 0, 0, 0, , , false
02-20 20:57:37.324  1911  1911 D DCT     : [0]getPreferredApn: X found apnSetting[ApnSettingV3] T-Mobile US, 1, 310260, epc.tmobile.com, , http://mms.msg.eng.t-mobile.com/mms/wapenc, , , , -1, *, IP, IP, true, 0, 0, 0, false, 0, 0, 0, 0, , , false
02-20 20:57:37.324  1911  1911 D DCT     : [0]createAllApnList: mPreferredApn=[ApnSettingV3] T-Mobile US, 1, 310260, epc.tmobile.com, , http://mms.msg.eng.t-mobile.com/mms/wapenc, , , , -1, *, IP, IP, true, 0, 0, 0, false, 0, 0, 0, 0, , , false
02-20 20:57:37.324  1911  1911 D DCT     : [0]createAllApnList: X mAllApnSettings=[[ApnSettingV3] T-Mobile US, 1, 310260, epc.tmobile.com, , http://mms.msg.eng.t-mobile.com/mms/wapenc, , , , -1, *, IP, IP, true, 0, 0, 0, false, 0, 0, 0, 0, , , false]
02-20 20:57:37.324  1911  1911 D DCT     : [0]setDataProfilesAsNeeded
02-20 20:57:37.324  1911  1911 D DCT     : [0]setInitialApn: E mPreferredApn=[ApnSettingV3] T-Mobile US, 1, 310260, epc.tmobile.com, , http://mms.msg.eng.t-mobile.com/mms/wapenc, , , , -1, *, IP, IP, true, 0, 0, 0, false, 0, 0, 0, 0, , , false
02-20 20:57:37.324  1911  1911 D DCT     : [0]setInitialApn: firstApnSetting=[ApnSettingV3] T-Mobile US, 1, 310260, epc.tmobile.com, , http://mms.msg.eng.t-mobile.com/mms/wapenc, , , , -1, *, IP, IP, true, 0, 0, 0, false, 0, 0, 0, 0, , , false
02-20 20:57:37.324  1911  1911 D DCT     : [0]setInitialApn: defaultApnSetting=[ApnSettingV3] T-Mobile US, 1, 310260, epc.tmobile.com, , http://mms.msg.eng.t-mobile.com/mms/wapenc, , , , -1, *, IP, IP, true, 0, 0, 0, false, 0, 0, 0, 0, , , false
02-20 20:57:37.324  1911  1911 D DCT     : [0]setInitialAttachApn: using mPreferredApn
02-20 20:57:37.324  1911  1911 D DCT     : [0]setInitialAttachApn: X selected Apn=[ApnSettingV3] T-Mobile US, 1, 310260, epc.tmobile.com, , http://mms.msg.eng.t-mobile.com/mms/wapenc, , , , -1, *, IP, IP, true, 0, 0, 0, false, 0, 0, 0, 0, , , false
02-20 20:57:37.324  1911  1911 D RILJ    : Set RIL_REQUEST_SET_INITIAL_ATTACH_APN [SUB0]
02-20 20:57:37.324  1911  1911 D RILJ    : [3737]> RIL_REQUEST_SET_INITIAL_ATTACH_APN, apn:epc.tmobile.com, protocol:IP, authType:-1, username:none, password:none [SUB0]
02-20 20:57:37.324  1911  1911 D DCT     : [0]onRecordsLoadedOrSubIdChanged: notifying data availability
02-20 20:57:37.324  1376  1475 D RIL     : onRequest: RIL_REQUEST_SET_INITIAL_ATTACH_APN
02-20 20:57:37.324  1376  1475 D RIL     : Request not supported. Tech: 1
02-20 20:57:37.325  1911  2013 D RilRequest: [3737]< RIL_REQUEST_SET_INITIAL_ATTACH_APN error: com.android.internal.telephony.CommandException: REQUEST_NOT_SUPPORTED ret=
02-20 20:57:37.325  1659  1688 D TelephonyRegistry: Notify data connection state changed on sub: 1
02-20 20:57:37.325  1659  1688 D TelephonyRegistry: Notify data connection state changed on sub: 1
02-20 20:57:37.326  1911  1941 D IccSmsInterfaceManager: [IccSmsInterfaceManager] Calling setCdmaBroadcastConfig with 1 configurations
02-20 20:57:37.327  1911  1941 D RILJ    : [3738]> RIL_REQUEST_CDMA_SET_BROADCAST_CONFIG with 1 configs :  [SUB0]
02-20 20:57:37.327  1911  1941 D RILJ    : CdmaSmsBroadcastConfigInfo: Id [4096, 4096] ENABLED [SUB0]
02-20 20:57:37.327  1376  1475 D RIL     : onRequest: CDMA_SET_BROADCAST_SMS_CONFIG
02-20 20:57:37.327  1376  1475 D RIL     : Request not supported. Tech: 1
02-20 20:57:37.327  1911  2013 D RilRequest: [3738]< RIL_REQUEST_CDMA_SET_BROADCAST_CONFIG error: com.android.internal.telephony.CommandException: REQUEST_NOT_SUPPORTED ret=
02-20 20:57:37.334  1659  2108 W ActivityManager: Unable to start service Intent { act=com.google.android.gms.icing.LIGHTWEIGHT_INDEX_SERVICE pkg=com.google.android.gms } U=0: not found
02-20 20:57:37.335  1659  1689 W ActivityManager: Unbind failed: could not find connection for android.os.BinderProxy@36b9bd8
02-20 20:57:37.335  2075  2113 E GmsClient: unable to connect to service: com.google.android.gms.icing.LIGHTWEIGHT_INDEX_SERVICE on com.google.android.gms
02-20 20:57:37.336  1911  1911 D DCT     : [0]setupDataOnConnectableApns: simLoaded hipri:[state=IDLE,enabled=false] mms:[state=IDLE,enabled=false] supl:[state=IDLE,enabled=false] ia:[state=IDLE,enabled=false] fota:[state=IDLE,enabled=false] ims:[state=IDLE,enabled=false] cbs:[state=IDLE,enabled=false] default:[state=IDLE,enabled=false] emergency:[state=IDLE,enabled=false] 
02-20 20:57:37.337  2075  2104 E AlarmClock: Error initializing index: ConnectionResult{statusCode=API_UNAVAILABLE, resolution=null, message=null}
02-20 20:57:37.339  1911  1911 D SST     : SubscriptionListener.onSubscriptionInfoChanged
02-20 20:57:37.339  1911  2100 D SST     : SST.getAllCellInfo(): return last, back to back calls
02-20 20:57:37.342  1911  1911 D PhoneFactory: calculatePreferredNetworkType: phoneSubId = 1 networkType = 0
02-20 20:57:37.342  1911  1911 D Phone   : setPreferredNetworkType: Abort, unknown RAF: 1 101902
02-20 20:57:37.342  1911  1939 D SST     : SST.getAllCellInfo(): return last, back to back calls
02-20 20:57:37.343  1911  1939 D SST     : SST.getAllCellInfo(): return last, back to back calls
02-20 20:57:37.343  1911  1911 D Phone   : setNetworkSelectionModeAutomatic, querying current mode
02-20 20:57:37.343  1911  1911 D RILJ    : [3739]> QUERY_NETWORK_SELECTION_MODE [SUB0]
02-20 20:57:37.343  1911  1911 D TelephonyManager: setTelephonyProperty: success phoneId=0 property=gsm.network.type value: LTE propVal=LTE
02-20 20:57:37.343  1376  1475 D RIL     : onRequest: QUERY_NETWORK_SELECTION_MODE
02-20 20:57:37.343  1376  1475 D AT      : AT> AT+COPS?
02-20 20:57:37.344  1376  1477 D AT      : AT< +COPS: 0,2,310260
02-20 20:57:37.344  1376  1477 D AT      : AT< OK
02-20 20:57:37.344  1911  2013 D RILJ    : [3739]< QUERY_NETWORK_SELECTION_MODE {0} [SUB0]
02-20 20:57:37.344  1911  1911 D SubscriptionController: [setCarrierText]+ text:Android subId:1
02-20 20:57:37.368  1911  1911 D SubscriptionController: notifySubscriptionInfoChanged:
02-20 20:57:37.369  1659  1659 I GnssLocationProvider: WakeLock acquired by sendMessage(12, 0, null)
02-20 20:57:37.370  1911  1911 D SIMRecords: [SIMRecords] getServiceProviderName: no brandOverride, providerName=Android
02-20 20:57:37.370  1911  1911 D SIMRecords: [SIMRecords] getServiceProviderName: no brandOverride, providerName=Android
02-20 20:57:37.371  1911  1911 D SST     : updateSpnDisplay: changed sending intent rule=1 showPlmn='false' plmn='Android' showSpn='true' spn='Android' dataSpn='Android' subId='1'
02-20 20:57:37.374  1911  1911 D SubscriptionController: [setCarrierText]+ text:Android subId:1
02-20 20:57:37.381  1911  1911 D SubscriptionController: notifySubscriptionInfoChanged:
02-20 20:57:37.381  1659  1659 I GnssLocationProvider: WakeLock acquired by sendMessage(12, 0, null)
02-20 20:57:37.381  1911  1911 D SIMRecords: [SIMRecords]  VoiceMessageCount from SIM MWIS = 0
02-20 20:57:37.381  1911  1911 D Phone   : getStoredVoiceMessageCount: from preference for subId 1= 0
