02-20 21:03:47.543  1655  1655 W PackageManager: Unknown permission com.android.launcher.permission.READ_SETTINGS in package com.google.android.apps.nexuslauncher
02-20 21:03:47.543  1655  1655 W PackageManager: Unknown permission android.permission.RUN_INSTRUMENTATION in package org.chromium.webview_shell
02-20 21:03:47.543  1655  1655 W PackageManager: Unknown permission com.google.android.gallery3d.permission.PICASA_STORE in package com.google.android.apps.photos
02-20 21:03:47.543  1655  1655 W PackageManager: Not granting permission android.permission.WRITE_MEDIA_STORAGE to package com.google.android.apps.photos (protectionLevel=18 flags=0x3858be45)
02-20 21:03:47.543  1655  1655 W PackageManager: Unknown permission com.google.android.gm.exchange.BIND in package com.google.android.calendar
02-20 21:03:47.543  1655  1655 W PackageManager: Not granting permission android.permission.CONTROL_KEYGUARD to package com.google.android.gsf.login (protectionLevel=2 flags=0x3048be45)
02-20 21:03:47.543  1655  1655 W PackageManager: Unknown permission com.android.vending.billing.BILLING_ACCOUNT_SERVICE in package com.google.android.gsf.login
02-20 21:03:47.543  1655  1655 W PackageManager: Unknown permission com.android.vending.billing.ADD_CREDIT_CARD in package com.google.android.gsf.login
02-20 21:03:47.543  1655  1655 W PackageManager: Unknown permission com.android.vending.billing.IBillingAccountService.BIND2 in package com.google.android.gsf.login
02-20 21:03:47.543  1655  1655 W PackageManager: Unknown permission com.android.vending.TOS_ACKED in package com.google.android.gsf.login
02-20 21:03:47.543  1655  1655 W PackageManager: Unknown permission com.android.launcher.permission.READ_SETTINGS in package com.android.settings
02-20 21:03:47.543  1655  1655 W PackageManager: Unknown permission com.android.launcher.permission.WRITE_SETTINGS in package com.android.settings
02-20 21:03:47.543  1655  1655 W PackageManager: Not granting permission android.permission.REGISTER_CONNECTION_MANAGER to package com.google.android.talk (protectionLevel=18 flags=0x3059be45)
02-20 21:03:47.544  1655  1655 W PackageManager: Unknown permission com.android.smspush.WAPPUSH_MANAGER_BIND in package com.android.phone
02-20 21:03:47.544  1655  1655 V PackageManager: reconcileAppsData for null u0 0x3
02-20 21:03:47.548  1370  1370 I SELinux : SELinux: Loaded file_contexts contexts from /file_contexts.bin.
02-20 21:03:47.896  1370  1370 D installd: Detected label change from u:object_r:app_data_file:s0 to u:object_r:app_data_file:s0:c512,c768 at /data/data/com.example.android.contactmanager/code_cache; running recursive restorecon
02-20 21:03:47.896  1370  1370 W installd: Mismatched inode value; found 58703 on disk but marked value was 58689; overwriting: Success
02-20 21:03:47.981  1655  1655 V PackageManager: reconcileAppsData finished 100 packages
02-20 21:03:48.019  1655  1655 I boot_progress_pms_ready: 8019
02-20 21:03:48.019  1655  1655 E PackageManager: There should probably be a verifier, but, none were found
02-20 21:03:48.022  1655  1655 D PackageManager: Ephemeral resolver NOT found; no matching intent filters
02-20 21:03:48.022  1655  1655 I PackageManager: Ephemeral deactivated; missing resolver and installer
02-20 21:03:48.022  1655  1655 I art     : Starting a blocking GC Explicit
02-20 21:03:48.046  1655  1655 I art     : Explicit concurrent mark sweep GC freed 43726(2MB) AllocSpace objects, 4(80KB) LOS objects, 24% free, 12MB/16MB, paused 119us total 22.965ms
02-20 21:03:48.047  1655  1655 I SystemServer: StartOtaDexOptService
02-20 21:03:48.048  1655  1655 I SystemServer: StartUserManagerService
02-20 21:03:48.048  1655  1655 I SystemServiceManager: Starting com.android.server.pm.UserManagerService$LifeCycle
02-20 21:03:48.061  1311  1311 I lowmemorykiller: ActivityManager connected
02-20 21:03:48.061  1655  1655 D SensorService: nuSensorService starting...
02-20 21:03:48.063  1655  1655 W SensorService: Unable to read HMAC key; generating new one.
02-20 21:03:48.063  1655  1655 W SensorService: Unable to write HMAC key; dynamic sensor getId() will change after reboot.
02-20 21:03:48.065  1655  1655 I SystemServiceManager: Starting com.android.server.BatteryService
02-20 21:03:48.065  1655  1710 D SensorService: nuSensorService thread starting...
02-20 21:03:48.065  1655  1709 D SensorService: new thread SensorEventAckReceiver
02-20 21:03:48.077     0     0 W healthd : battery l=100 v=0 t=0.0 h=2 st=2 chg=a
02-20 21:03:48.077  1655  1688 I battery_status: [2,2,1,1,Li-ion]
02-20 21:03:48.077  1655  1688 I battery_level: [100,0,0]
02-20 21:03:48.078  1655  1655 I SystemServiceManager: Starting com.android.server.usage.UsageStatsService
02-20 21:03:48.092  1655  1655 I SystemServiceManager: Starting com.android.server.webkit.WebViewUpdateService
02-20 21:03:48.097  1655  1655 I SystemServer: Reading configuration...
02-20 21:03:48.097  1655  1655 I SystemServer: StartSchedulingPolicyService
02-20 21:03:48.099  1655  1655 I SystemServiceManager: Starting com.android.server.telecom.TelecomLoaderService
02-20 21:03:48.099  1655  1655 I SystemServer: StartTelephonyRegistry
02-20 21:03:48.103  1655  1655 I SystemServer: StartEntropyMixer
02-20 21:03:48.103  1655  1655 I EntropyMixer: Writing entropy...
02-20 21:03:48.108  1655  1655 I SystemServer: Camera Service
02-20 21:03:48.109  1655  1655 I SystemServiceManager: Starting com.android.server.camera.CameraService
02-20 21:03:48.111  1655  1714 I ServiceThread: Enabled StrictMode logging for CameraService_proxy looper.
02-20 21:03:48.112  1655  1655 I SystemServer: StartAccountManagerService
02-20 21:03:48.112  1655  1655 I SystemServiceManager: Starting com.android.server.accounts.AccountManagerService$Lifecycle
02-20 21:03:48.120  1655  1655 I SystemServer: StartContentService
02-20 21:03:48.121  1655  1655 I SystemServiceManager: Starting com.android.server.content.ContentService$Lifecycle
02-20 21:03:48.124  1655  1655 I SystemServer: InstallSystemProviders
02-20 21:03:48.133  1655  1655 W System  : ClassLoader referenced unknown path: /system/priv-app/SettingsProvider/lib/x86_64
02-20 21:03:48.161  1655  1655 I SystemServer: StartVibratorService
02-20 21:03:48.161  1655  1655 E VibratorService: Couldn't load vibrator module (No such file or directory)
02-20 21:03:48.161  1655  1655 W VibratorService: Tried to stop vibrating but there is no vibrator device.
02-20 21:03:48.163  1655  1655 I SystemServer: StartConsumerIrService
02-20 21:03:48.163  1655  1655 E ConsumerIrService: Can't open consumer IR HW Module, error: -2
02-20 21:03:48.167  1655  1655 I SystemServer: StartAlarmManagerService
02-20 21:03:48.167  1655  1655 I SystemServiceManager: Starting com.android.server.AlarmManagerService
02-20 21:03:48.168  1655  1655 W AlarmManagerService: no wall clock RTC found
02-20 21:03:48.169  1655  1655 D AlarmManagerService: Kernel timezone updated to 0 minutes west of GMT
02-20 21:03:48.171  1655  1655 I SystemServer: InitWatchdog
02-20 21:03:48.172  1655  1655 I SystemServer: StartInputManagerService
02-20 21:03:48.173  1655  1655 I InputManager: Initializing input manager, mUseDevInputEventForAudioJack=true
02-20 21:03:48.174  1655  1655 I SystemServer: StartWindowManagerService
02-20 21:03:48.202  1655  1700 I WindowManager: No existing display settings /data/system/display_settings.xml; starting empty
02-20 21:03:48.240  1655  1655 I SystemServer: StartVrManagerService
02-20 21:03:48.240  1655  1655 I SystemServiceManager: Starting com.android.server.vr.VrManagerService
02-20 21:03:48.253  1655  1655 W VrManagerService: init_native: Could not open VR hardware module, error No such file or directory (-2).
02-20 21:03:48.256  1655  1655 I wm_stack_created: 0
02-20 21:03:48.257  1655  1655 I InputManager: Starting input manager
02-20 21:03:48.258  1655  1722 D EventHub: No input device configuration file found for device 'Power Button'.
02-20 21:03:48.258  1655  1655 I SystemServer: No Bluetooth Service (emulator)
02-20 21:03:48.258  1655  1655 I SystemServer: ConnectivityMetricsLoggerService
02-20 21:03:48.258  1655  1655 I SystemServiceManager: Starting com.android.server.connectivity.MetricsLoggerService
02-20 21:03:48.264  1655  1722 W EventHub: Unable to disable kernel key repeat for /dev/input/event0: Function not implemented
02-20 21:03:48.264  1655  1722 I EventHub: New device: id=1, fd=91, path='/dev/input/event0', name='Power Button', classes=0x1, configuration='', keyLayout='/system/usr/keylayout/Generic.kl', keyCharacterMap='/system/usr/keychars/Generic.kcm', builtinKeyboard=false, wakeMechanism=EPOLLWAKEUP, usingClockIoctl=true
02-20 21:03:48.266  1655  1722 W EventHub: Unable to disable kernel key repeat for /dev/input/event1: Function not implemented
02-20 21:03:48.266  1655  1722 I EventHub: New device: id=2, fd=92, path='/dev/input/event1', name='qwerty2', classes=0x95, configuration='/system/usr/idc/qwerty2.idc', keyLayout='/system/usr/keylayout/qwerty.kl', keyCharacterMap='/system/usr/keychars/qwerty2.kcm', builtinKeyboard=true, wakeMechanism=EPOLLWAKEUP, usingClockIoctl=true
02-20 21:03:48.266  1655  1722 E EventHub: could not get driver version for /dev/input/mice, Not a typewriter
02-20 21:03:48.271  1655  1655 I SystemServer: IpConnectivityMetrics
02-20 21:03:48.271  1655  1655 I SystemServiceManager: Starting com.android.server.connectivity.IpConnectivityMetrics
02-20 21:03:48.271  1655  1655 I SystemServer: PinnerService
02-20 21:03:48.272  1655  1655 I SystemServiceManager: Starting com.android.server.PinnerService
02-20 21:03:48.272  1655  1655 I SystemServiceManager: Starting com.android.server.InputMethodManagerService$Lifecycle
02-20 21:03:48.309  1655  1655 I SystemServer: StartAccessibilityManagerService
02-20 21:03:48.324  1655  1655 I configuration_changed: 7672
02-20 21:03:48.324  1655  1655 I ActivityManager: Config changes=1df8 {1.0 ?mcc?mnc [en_US] ldltr sw360dp w360dp h740dp 640dpi nrml long port ?uimode ?night -touch -keyb/v/h -nav/h s.2}
02-20 21:03:48.328  1655  1700 I configuration_changed: 1024
02-20 21:03:48.328  1655  1700 I ActivityManager: Config changes=400 {1.0 ?mcc?mnc [en_US] ldltr sw360dp w360dp h668dp 640dpi nrml long port ?uimode ?night -touch -keyb/v/h -nav/h s.3}
02-20 21:03:48.333  1655  1722 I InputReader: Device added: id=-1, name='Virtual', sources=0x00000301
02-20 21:03:48.333  1655  1722 I InputReader:   Touch device 'qwerty2' could not query the properties of its associated display.  The device will be inoperable until the display size becomes available.
02-20 21:03:48.333  1655  1722 I InputReader: Device added: id=0, name='qwerty2', sources=0x80001103
02-20 21:03:48.334  1655  1722 I InputReader: Device added: id=1, name='Power Button', sources=0x00000101
02-20 21:03:48.338  1655  1690 I UsageStatsService: User[0] Rollover scheduled @ 2018-02-21 21:02:32(1519246952653)
02-20 21:03:48.338  1655  1690 E AppIdleHistory: Unable to read app idle file for user 0
02-20 21:03:48.352  1655  1722 I InputReader: Reconfiguring input devices.  changes=0x00000004
02-20 21:03:48.352  1655  1722 I InputReader: Device reconfigured: id=0, name='qwerty2', size 1440x2960, orientation 0, mode 1, display id 0
02-20 21:03:48.352  1655  1655 I configuration_changed: 8
02-20 21:03:48.352  1655  1655 I ActivityManager: Config changes=8 {1.0 ?mcc?mnc [en_US] ldltr sw360dp w360dp h668dp 640dpi nrml long port ?uimode ?night finger -keyb/v/h -nav/h s.4}
02-20 21:03:48.353  1655  1655 I SystemServiceManager: Starting com.android.server.MountService$Lifecycle
02-20 21:03:48.369  1655  1723 D MountService: Thinking about init, mSystemReady=false, mDaemonConnected=true
02-20 21:03:48.369  1655  1723 D MountService: Thinking about reset, mSystemReady=false, mDaemonConnected=true
02-20 21:03:48.369  1655  1655 I SystemServiceManager: Starting com.android.server.UiModeManagerService
02-20 21:03:48.370  1655  1723 D MountService: Thinking about init, mSystemReady=false, mDaemonConnected=true
02-20 21:03:48.370  1655  1723 D MountService: Thinking about reset, mSystemReady=false, mDaemonConnected=true
02-20 21:03:48.370  1655  1723 D CryptdConnector: SND -> {1 cryptfs getfield SystemLocale}
02-20 21:03:48.370  1655  1655 I configuration_changed: 512
02-20 21:03:48.370  1655  1655 I ActivityManager: Config changes=200 {1.0 ?mcc?mnc [en_US] ldltr sw360dp w360dp h668dp 640dpi nrml long port finger -keyb/v/h -nav/h s.5}
02-20 21:03:48.375  1655  1725 D CryptdConnector: RCV <- {200 1 -1}
02-20 21:03:48.376  1655  1655 I SystemServer: StartLockSettingsService
02-20 21:03:48.383  1655  1723 W MountService: No primary storage mounted!
02-20 21:03:48.383  1655  1723 D VoldConnector: SND -> {1 asec list}
02-20 21:03:48.384  1655  1724 D VoldConnector: RCV <- {200 1 asec operation succeeded}
02-20 21:03:48.384  1655  1723 I PackageManager: No secure containers found
02-20 21:03:48.384  1655  1723 W PackageManager: Not granting permission android.permission.MANAGE_DOCUMENTS to package com.google.android.youtube (protectionLevel=2 flags=0x3c59be45)
02-20 21:03:48.384  1655  1723 W PackageManager: Not granting permission android.permission.READ_PHONE_STATE to package io.appium.settings because it was previously installed without
02-20 21:03:48.384  1655  1723 W PackageManager: Not granting permission android.permission.ACCESS_FINE_LOCATION to package io.appium.settings because it was previously installed without
02-20 21:03:48.384  1655  1723 W PackageManager: Not granting permission android.permission.ACCESS_COARSE_LOCATION to package io.appium.settings because it was previously installed without
02-20 21:03:48.384  1655  1723 W PackageManager: Not granting permission android.permission.ACCESS_MOCK_LOCATION to package io.appium.settings (protectionLevel=2 flags=0x3808be46)
02-20 21:03:48.384  1655  1723 W PackageManager: Unknown permission com.google.android.launcher.permission.CONTENT_REDIRECT in package com.google.android.googlequicksearchbox
02-20 21:03:48.384  1655  1723 W PackageManager: Unknown permission com.google.android.voicesearch.SHORTCUTS_ACCESS in package com.google.android.googlequicksearchbox
02-20 21:03:48.384  1655  1723 W PackageManager: Unknown permission com.google.android.voicesearch.ACCESS_SETTINGS in package com.google.android.googlequicksearchbox
02-20 21:03:48.384  1655  1723 W PackageManager: Unknown permission com.android.browser.permission.PRELOAD in package com.google.android.googlequicksearchbox
02-20 21:03:48.384  1655  1723 W PackageManager: Unknown permission com.google.android.ears.permission.WRITE in package com.google.android.googlequicksearchbox
02-20 21:03:48.384  1655  1723 W PackageManager: Unknown permission com.google.android.apps.googlevoice.permission.AUTO_SEND in package com.google.android.googlequicksearchbox
02-20 21:03:48.384  1655  1723 W PackageManager: Unknown permission com.android.chrome.PRERENDER_URL in package com.google.android.googlequicksearchbox
02-20 21:03:48.384  1655  1723 W PackageManager: Not granting permission com.google.android.googleapps.permission.GOOGLE_AUTH to package com.android.providers.calendar (protectionLevel=2 flags=0x30083e45)
02-20 21:03:48.384  1655  1723 W PackageManager: Not granting permission com.google.android.googleapps.permission.GOOGLE_AUTH.cl to package com.android.providers.calendar (protectionLevel=2 flags=0x30083e45)
02-20 21:03:48.384  1655  1723 W PackageManager: Unknown permission com.google.android.email.permission.ACCESS_PROVIDER in package com.google.android.gm
02-20 21:03:48.384  1655  1723 W PackageManager: Unknown permission com.google.android.gm.exchange.BIND in package com.google.android.gm
02-20 21:03:48.384  1655  1723 W PackageManager: Unknown permission com.android.email.partnerprovider.PARTNER_PROVIDER in package com.google.android.gm
02-20 21:03:48.384  1655  1723 W PackageManager: Unknown permission com.android.vending.TOS_ACKED in package com.google.android.setupwizard
02-20 21:03:48.384  1655  1723 W PackageManager: Unknown permission com.android.vending.setup.PLAY_SETUP_SERVICE in package com.google.android.setupwizard
02-20 21:03:48.384  1655  1723 W PackageManager: Unknown permission com.samsung.android.providers.context.permission.WRITE_USE_APP_FEATURE_SURVEY in package com.google.android.music
02-20 21:03:48.384  1655  1723 W PackageManager: Unknown permission com.android.vending.BILLING in package com.google.android.apps.docs
02-20 21:03:48.384  1655  1723 W PackageManager: Unknown permission android.permission.WRITE_SYNC_STATS in package com.google.android.apps.docs
02-20 21:03:48.385  1655  1723 W PackageManager: Not granting permission android.permission.INTERACT_ACROSS_USERS to package com.google.android.syncadapters.contacts (protectionLevel=50 flags=0x38083e45)
02-20 21:03:48.385  1655  1723 W PackageManager: Unknown permission com.google.android.syncadapters.contacts.permission.GAL_SEARCH in package com.google.android.syncadapters.contacts
02-20 21:03:48.385  1655  1723 W PackageManager: Unknown permission com.chrome.permission.DEVICE_EXTRAS in package com.android.chrome
02-20 21:03:48.385  1655  1723 W PackageManager: Unknown permission com.sec.enterprise.knox.MDM_CONTENT_PROVIDER in package com.android.chrome
02-20 21:03:48.385  1655  1723 W PackageManager: Unknown permission com.google.android.permission.INSTALL_WEARABLE_PACKAGES in package com.google.android.packageinstaller
02-20 21:03:48.385  1655  1723 W PackageManager: Unknown permission com.google.android.apps.enterprise.dmagent.permission.AutoSyncPermission in package com.google.android.gms
02-20 21:03:48.385  1655  1723 W PackageManager: Not granting permission android.permission.BIND_NOTIFICATION_LISTENER_SERVICE to package com.google.android.gms (protectionLevel=2 flags=0xb8483e45)
02-20 21:03:48.385  1655  1723 W PackageManager: Unknown permission com.google.android.finsky.permission.INSTANT_APP_STATE in package com.google.android.gms
02-20 21:03:48.385  1655  1723 W PackageManager: Unknown permission com.google.android.finsky.permission.GEARHEAD_SERVICE in package com.google.android.gms
02-20 21:03:48.385  1655  1723 W PackageManager: Unknown permission com.google.android.permission.ACCESSIBILITY_SCAN_SERVICE in package com.google.android.gms
02-20 21:03:48.385  1655  1723 W PackageManager: Unknown permission android.permission.ACTIVITY_EMBEDDING in package com.google.android.gms
02-20 21:03:48.385  1655  1723 W PackageManager: Unknown permission android.permission.PROVIDE_RESOLVER_RANKER_SERVICE in package com.google.android.gms
02-20 21:03:48.385  1655  1723 W PackageManager: Unknown permission com.google.android.wearable.READ_SETTINGS in package com.google.android.gms
02-20 21:03:48.385  1655  1723 W PackageManager: Unknown permission android.permission.MANAGE_SUBSCRIPTION_PLANS in package com.google.android.gms
02-20 21:03:48.385  1655  1723 W PackageManager: Unknown permission com.android.vending.setup.PLAY_SETUP_SERVICE in package com.google.android.gms
02-20 21:03:48.385  1655  1723 W PackageManager: Unknown permission com.google.android.gms.game.notifications.permission.WRITE in package com.google.android.gms
02-20 21:03:48.385  1655  1723 W PackageManager: Unknown permission com.google.android.vending.verifier.ACCESS_VERIFIER in package com.google.android.gms
02-20 21:03:48.385  1655  1723 W PackageManager: Unknown permission com.android.launcher.permission.PRELOAD_WORKSPACE in package com.google.android.partnersetup
02-20 21:03:48.385  1655  1723 W PackageManager: Not granting permission com.google.android.googleapps.permission.GOOGLE_AUTH to package com.google.android.videos (protectionLevel=2 flags=0x385bbe45)
02-20 21:03:48.385  1655  1723 W PackageManager: Unknown permission com.android.launcher.permission.READ_SETTINGS in package com.google.android.apps.nexuslauncher
02-20 21:03:48.385  1655  1723 W PackageManager: Unknown permission android.permission.RUN_INSTRUMENTATION in package org.chromium.webview_shell
02-20 21:03:48.385  1655  1723 W PackageManager: Unknown permission com.google.android.gallery3d.permission.PICASA_STORE in package com.google.android.apps.photos
02-20 21:03:48.385  1655  1723 W PackageManager: Not granting permission android.permission.WRITE_MEDIA_STORAGE to package com.google.android.apps.photos (protectionLevel=18 flags=0x3858be45)
02-20 21:03:48.385  1655  1723 W PackageManager: Unknown permission com.google.android.gm.exchange.BIND in package com.google.android.calendar
02-20 21:03:48.385  1655  1723 W PackageManager: Not granting permission android.permission.CONTROL_KEYGUARD to package com.google.android.gsf.login (protectionLevel=2 flags=0x3048be45)
02-20 21:03:48.385  1655  1723 W PackageManager: Unknown permission com.android.vending.billing.BILLING_ACCOUNT_SERVICE in package com.google.android.gsf.login
02-20 21:03:48.385  1655  1723 W PackageManager: Unknown permission com.android.vending.billing.ADD_CREDIT_CARD in package com.google.android.gsf.login
02-20 21:03:48.385  1655  1723 W PackageManager: Unknown permission com.android.vending.billing.IBillingAccountService.BIND2 in package com.google.android.gsf.login
02-20 21:03:48.385  1655  1723 W PackageManager: Unknown permission com.android.vending.TOS_ACKED in package com.google.android.gsf.login
02-20 21:03:48.386  1655  1723 W PackageManager: Unknown permission com.android.launcher.permission.READ_SETTINGS in package com.android.settings
02-20 21:03:48.386  1655  1723 W PackageManager: Unknown permission com.android.launcher.permission.WRITE_SETTINGS in package com.android.settings
02-20 21:03:48.386  1655  1723 W PackageManager: Not granting permission android.permission.REGISTER_CONNECTION_MANAGER to package com.google.android.talk (protectionLevel=18 flags=0x3059be45)
02-20 21:03:48.386  1655  1723 W PackageManager: Unknown permission com.android.smspush.WAPPUSH_MANAGER_BIND in package com.android.phone
02-20 21:03:48.391  1655  1655 I SystemServiceManager: Starting com.android.server.LockSettingsService$Lifecycle
02-20 21:03:48.396  1655  1655 I SystemServiceManager: Starting com.android.server.DeviceIdleController
02-20 21:03:48.415  1655  1655 E DeviceIdleController: Bad device idle settings
02-20 21:03:48.415  1655  1655 E DeviceIdleController: java.lang.IllegalArgumentException: 'null' in 'null' is not a valid key-value pair
02-20 21:03:48.415  1655  1655 E DeviceIdleController: 	at android.util.KeyValueListParser.setString(KeyValueListParser.java:57)
02-20 21:03:48.415  1655  1655 E DeviceIdleController: 	at com.android.server.DeviceIdleController$Constants.updateConstants(DeviceIdleController.java:788)
02-20 21:03:48.415  1655  1655 E DeviceIdleController: 	at com.android.server.DeviceIdleController$Constants.<init>(DeviceIdleController.java:777)
02-20 21:03:48.415  1655  1655 E DeviceIdleController: 	at com.android.server.DeviceIdleController.onStart(DeviceIdleController.java:1328)
02-20 21:03:48.415  1655  1655 E DeviceIdleController: 	at com.android.server.SystemServiceManager.startService(SystemServiceManager.java:112)
02-20 21:03:48.415  1655  1655 E DeviceIdleController: 	at com.android.server.SystemServer.startOtherServices(SystemServer.java:752)
02-20 21:03:48.415  1655  1655 E DeviceIdleController: 	at com.android.server.SystemServer.run(SystemServer.java:334)
02-20 21:03:48.415  1655  1655 E DeviceIdleController: 	at com.android.server.SystemServer.main(SystemServer.java:219)
02-20 21:03:48.415  1655  1655 E DeviceIdleController: 	at java.lang.reflect.Method.invoke(Native Method)
02-20 21:03:48.415  1655  1655 E DeviceIdleController: 	at com.android.internal.os.ZygoteInit$MethodAndArgsCaller.run(ZygoteInit.java:886)
02-20 21:03:48.415  1655  1655 E DeviceIdleController: 	at com.android.internal.os.ZygoteInit.main(ZygoteInit.java:776)
02-20 21:03:48.419  1655  1655 I SystemServiceManager: Starting com.android.server.devicepolicy.DevicePolicyManagerService$Lifecycle
02-20 21:03:48.430  1655  1655 I SystemServer: StartStatusBarManagerService
02-20 21:03:48.435  1655  1655 I SystemServer: StartClipboardService
02-20 21:03:48.439  1655  1655 I SystemServer: StartNetworkManagementService
02-20 21:03:48.443  1655  1723 W MountService: No primary storage defined yet; hacking together a stub
02-20 21:03:48.443  1655  1723 W MountService: No primary storage defined yet; hacking together a stub
02-20 21:03:48.444  1655  1723 W MountService: No primary storage mounted!
02-20 21:03:48.445  1655  1723 D VoldConnector: SND -> {2 asec list}
02-20 21:03:48.445  1655  1724 D VoldConnector: RCV <- {200 2 asec operation succeeded}
02-20 21:03:48.446  1655  1727 I NetworkManagement: onDaemonConnected()
02-20 21:03:48.449  1655  1655 I SystemServiceManager: Starting com.android.server.TextServicesManagerService$Lifecycle
02-20 21:03:48.451  1655  1655 I SystemServer: StartNetworkScoreService
02-20 21:03:48.453  1655  1655 I SystemServer: StartNetworkStatsService
02-20 21:03:48.459  1655  1655 I SystemServer: StartNetworkPolicyManagerService
02-20 21:03:48.466  1655  1655 I SystemServer: No Wi-Fi NAN Service (NAN support Not Present)
02-20 21:03:48.482  1655  1655 I SystemServiceManager: Starting com.android.server.wifi.p2p.WifiP2pService
02-20 21:03:48.536  1655  1655 I WifiP2pService: Registering wifip2p
02-20 21:03:48.538  1655  1655 I SystemServiceManager: Starting com.android.server.wifi.WifiService
02-20 21:03:48.599  1655  1655 D HS20    : Passpoint is disabled
02-20 21:03:48.609  1376  1687 D CommandListener: Clearing all IP addresses on wlan0
02-20 21:03:48.817  1655  1735 D WifiApConfigStore: 2G band allowed channels are:1,6,11
02-20 21:03:48.817  1655  1655 E WifiLogger: no ring buffers found
02-20 21:03:48.817  1655  1655 E WifiLogger: Failed to start packet fate monitoring
02-20 21:03:48.820  1655  1655 D WifiController: isAirplaneModeOn = false, isWifiEnabled = true, isScanningAvailable = false
02-20 21:03:48.821  1655  1655 I WifiService: Registering wifi
02-20 21:03:48.831  1655  1655 I SystemServiceManager: Starting com.android.server.wifi.scanner.WifiScanningService
02-20 21:03:48.831  1655  1655 I WifiScanningService: Creating wifiscanner
02-20 21:03:48.833  1655  1655 I WifiScanningService: Publishing wifiscanner
02-20 21:03:48.833  1655  1655 I SystemServiceManager: Starting com.android.server.wifi.RttService
02-20 21:03:48.833  1655  1655 I RttService: Creating rttmanager
02-20 21:03:48.834  1655  1655 I RttService: Starting rttmanager
02-20 21:03:48.834  1655  1655 I SystemServer: StartConnectivityService
02-20 21:03:48.839  1655  1655 D ConnectivityService: ConnectivityService starting up
02-20 21:03:48.844  1655  1655 D ConnectivityService: wifiOnly=false
02-20 21:03:48.853  1655  1655 I SystemServer: StartNsdService
02-20 21:03:48.856  1655  1655 I SystemServer: StartUpdateLockService
02-20 21:03:48.858  1655  1655 I SystemServiceManager: Starting com.android.server.RecoverySystemService
02-20 21:03:48.859  1655  1655 I SystemServiceManager: Starting com.android.server.notification.NotificationManagerService
02-20 21:03:48.876  1655  1655 D ConditionProviders.SCP: new ScheduleConditionProvider()
02-20 21:03:48.880  1655  1655 D ZenLog  : config: readXml,ZenModeConfig[user=0,allowCalls=true,allowRepeatCallers=false,allowMessages=false,allowCallsFrom=contacts,allowMessagesFrom=contacts,allowReminders=true,allowEvents=true,allowWhenScreenOff=true,allowWhenScreenOn=true,automaticRules={9f9ced8d68674a989f37868f95d93ac7=ZenRule[enabled=false,snoozing=false,name=Weekend,zenMode=ZEN_MODE_ALARMS,conditionId=condition://android/schedule?days=6.7&start=23.30&end=10.0&exitAtAlarm=false,condition=Condition[id=condition://android/schedule?days=6.7&start=23.30&end=10.0&exitAtAlarm=false,summary=...,line1=...,line2=...,icon=0,state=STATE_FALSE,flags=2],component=ComponentInfo{android/com.android.server.notification.ScheduleConditionProvider},id=9f9ced8d68674a989f37868f95d93ac7,creationTime=1519154245406,enabler=null], 98612bb55a4646f5ba486d308ab94423=ZenRule[enabled=false,snoozing=false,name=Event,zenMode=ZEN_MODE_ALARMS,conditionId=condition://android/event?userId=-10000&calendar=&reply=1,condition=Condition[id=condition://android/event?userId=-10000&calendar=&reply=1,summary=...,line1=...,line2=...,icon=0,state=STATE_FALSE,flags=2],component=ComponentInfo{android/com.android.server.notification.EventConditionProvider},id=98612bb55a4646f5ba486d308ab94423,creationTime=1519154245406,enabler=null], 6f641ae47b9a4c289d295be5997fac22=ZenRule[enabled=false,snoozing=false,name=Weeknight,zenMode=ZEN_MODE_ALARMS,conditionId=condition://android/schedule?days=1.2.3.4.5&start=22.0&end=7.0&exitAtAlarm=false,condition=Condition[id=condition://android/schedule?days=1.2.3.4.5&start=22.0&end=7.0&exitAtAlarm=false,summary=...,line1=...,line2=...,icon=0,state=STATE_FALSE,flags=2],component=ComponentInfo{android/com.android.server.notification.ScheduleConditionProvider},id=6f641ae47b9a4c289d295be5997fac22,creationTime=1519154245406,enabler=null]},manualRule=null],Diff[automaticRule[9f9ced8d68674a989f37868f95d93ac7]:insert,automaticRule[98612bb55a4646f5ba486d308ab94423]:insert,automaticRule[f8896df38a7f4562af0727c824902593]:delete,automaticRule[1a0bc8b971c5411b9e37d791ff2af288]:delete,automaticRule[bbbb55ba99234c9cb5db87a9b408338b]:delete,automaticRule[6f641ae47b9a4c289d295be5997fac22]:insert]
02-20 21:03:48.897  1655  1655 D ZenLog  : set_zen_mode: off,init
02-20 21:03:48.899  1655  1655 I SystemServiceManager: Starting com.android.server.storage.DeviceStorageMonitorService
02-20 21:03:48.900  1655  1655 I free_storage_left: [843350016,168488960,843350016]
02-20 21:03:48.900  1655  1655 I free_storage_changed: 843350016
02-20 21:03:48.900  1655  1655 I SystemServer: StartLocationManagerService
02-20 21:03:48.911  1655  1655 I SystemServer: StartCountryDetectorService
02-20 21:03:48.912  1655  1655 I SystemServer: StartSearchManagerService
02-20 21:03:48.912  1655  1655 I SystemServiceManager: Starting com.android.server.search.SearchManagerService$Lifecycle
02-20 21:03:48.914  1655  1655 I SystemServiceManager: Starting com.android.server.DropBoxManagerService
02-20 21:03:48.916  1655  1655 I SystemServer: StartWallpaperManagerService
02-20 21:03:48.916  1655  1655 I SystemServiceManager: Starting com.android.server.wallpaper.WallpaperManagerService$Lifecycle
02-20 21:03:48.927  1655  1655 E BitmapFactory: Unable to decode stream: java.io.FileNotFoundException: /data/system/users/0/wallpaper_orig (No such file or directory)
02-20 21:03:48.927  1655  1655 E WallpaperManagerService: Invalid wallpaper data
02-20 21:03:48.927  1655  1655 E WallpaperManagerService: Unable to apply new wallpaper
02-20 21:03:48.929  1655  1655 I SystemServer: StartAudioService
02-20 21:03:48.930  1655  1655 I SystemServiceManager: Starting com.android.server.audio.AudioService$Lifecycle
02-20 21:03:48.942  1367  1396 D PermissionCache: checking android.permission.MODIFY_AUDIO_SETTINGS for uid=1000 => granted (399 us)
02-20 21:03:48.944  1655  1655 W TelecomManager: Telecom Service not found.
02-20 21:03:48.950  1367  1388 W AudioFlinger: no wake lock to update, system not ready yet
02-20 21:03:48.959  1655  1655 I SystemServiceManager: Starting com.android.server.DockObserver
02-20 21:03:48.960  1655  1655 W DockObserver: This kernel does not have dock station support
02-20 21:03:48.960  1655  1655 I SystemServer: StartWiredAccessoryManager
02-20 21:03:48.960  1655  1655 W WiredAccessoryManager: This kernel does not have usb audio support
02-20 21:03:48.960  1655  1655 W WiredAccessoryManager: This kernel does not have HDMI audio support
02-20 21:03:48.960  1655  1655 I SystemServiceManager: Starting com.android.server.midi.MidiService$Lifecycle
02-20 21:03:48.963  1655  1655 I SystemServiceManager: Starting com.android.server.usb.UsbService$Lifecycle
02-20 21:03:48.979  1655  1655 I SystemServer: StartSerialService
02-20 21:03:48.979  1655  1655 E HardwarePropertiesManagerService-JNI: Couldn't load thermal module (No such file or directory)
02-20 21:03:48.979  1655  1655 I SystemServiceManager: Starting com.android.server.twilight.TwilightService
02-20 21:03:48.985  1655  1655 I SystemServiceManager: Starting com.android.server.job.JobSchedulerService
02-20 21:03:48.989  1655  1655 D JobStore: Start tag: job-info
02-20 21:03:48.993  1655  1655 I SystemServiceManager: Starting com.android.server.soundtrigger.SoundTriggerService
02-20 21:03:48.995  1655  1655 I SystemServiceManager: Starting com.android.server.backup.BackupManagerService$Lifecycle
02-20 21:03:49.001  1655  1655 I SystemServiceManager: Starting com.android.server.appwidget.AppWidgetService
02-20 21:03:49.012  1655  1655 I SystemServiceManager: Starting com.android.server.voiceinteraction.VoiceInteractionManagerService
02-20 21:03:49.015  1655  1655 I SystemServer: Gesture Launcher Service
02-20 21:03:49.015  1655  1655 I SystemServiceManager: Starting com.android.server.GestureLauncherService
02-20 21:03:49.015  1655  1655 I SystemServiceManager: Starting com.android.server.SensorNotificationService
02-20 21:03:49.015  1655  1655 I SystemServiceManager: Starting com.android.server.ContextHubSystemService
02-20 21:03:49.017  1655  1655 E ContextHubService: ** Could not load context_hub module : err No such file or directory
02-20 21:03:49.017  1655  1655 W ContextHubService: No Context Hub Module present
02-20 21:03:49.017  1655  1655 I SystemServer: StartDiskStatsService
02-20 21:03:49.018  1655  1655 I SystemServer: StartSamplingProfilerService
02-20 21:03:49.022  1655  1655 I SystemServer: StartNetworkTimeUpdateService
02-20 21:03:49.022  1655  1655 I SystemServer: StartCommonTimeManagementService
02-20 21:03:49.023  1655  1655 I SystemServer: CertBlacklister
02-20 21:03:49.023  1655  1655 I SystemServiceManager: Starting com.android.server.emergency.EmergencyAffordanceService
02-20 21:03:49.026  1655  1655 I SystemServiceManager: Starting com.android.server.dreams.DreamManagerService
02-20 21:03:49.028  1655  1655 I SystemServer: StartAssetAtlasService
02-20 21:03:49.029  1655  1655 I SystemServiceManager: Starting com.android.server.print.PrintManagerService
02-20 21:03:49.031  1655  1750 D AssetAtlas: Loaded configuration: SliceMinArea (1280x1536) flags=0x2 count=91
02-20 21:03:49.032  1313  1357 D         : HostConnection::get() New Host Connection established 0x7d096582d720, tid 1357
02-20 21:03:49.035  1655  1655 I SystemServiceManager: Starting com.android.server.restrictions.RestrictionsManagerService
02-20 21:03:49.037  1655  1655 I SystemServiceManager: Starting com.android.server.media.MediaSessionService
02-20 21:03:49.041  1655  1655 I SystemServer: StartMediaRouterService
02-20 21:03:49.042  1655  1655 I SystemServiceManager: Starting com.android.server.trust.TrustManagerService
02-20 21:03:49.044  1655  1655 I SystemServiceManager: Starting com.android.server.fingerprint.FingerprintService
02-20 21:03:49.053  1655  1750 D         : HostConnection::get() New Host Connection established 0x72a7b3212540, tid 1750
02-20 21:03:49.053  1379  1379 D PermissionCache: checking android.permission.MANAGE_FINGERPRINT for uid=1000 => granted (852 us)
02-20 21:03:49.053  1379  1379 V fingerprintd: nativeOpenHal()
02-20 21:03:49.055  1379  1379 D FingerprintHal: ----------------> fingerprint_open ----------------->
02-20 21:03:49.055  1379  1379 E fingerprintd: Wrong fp version. Expected 512, got 513
02-20 21:03:49.056  1379  1379 D FingerprintHal: ----------------> set_notify_callback ----------------->
02-20 21:03:49.056  1379  1379 D FingerprintHal: fingerprint callback notification set
02-20 21:03:49.056  1379  1379 V fingerprintd: fingerprint HAL successfully initialized
02-20 21:03:49.056  1379  1379 V fingerprintd: setActiveGroup(0, /data/system/users/0/fpdata, 27)
02-20 21:03:49.056  1379  1379 D FingerprintHal: ----------------> fingerprint_set_active_group -----------------> path /data/system/users/0/fpdata
02-20 21:03:49.056  1379  1379 D FingerprintHal: ----------------> loadFingerprints ----------------->
02-20 21:03:49.056  1379  1379 E FingerprintHal: Could not load fingerprints from storage at /data/system/users/0/fpdata/emufp.bin; it has not yet been created.
02-20 21:03:49.058  1379  1751 D FingerprintHal: ----------------> listenerFunction ----------------->
02-20 21:03:49.069  1379  1379 D FingerprintHal: ----------------> loadAuthenticatorId ----------------->
02-20 21:03:49.071  1379  1379 D FingerprintHal: Read authenticator id (0x6b8b4567327b23c6)
02-20 21:03:49.085  1379  1379 D FingerprintHal: ----------------> fingerprint_get_auth_id ----------------->
02-20 21:03:49.085  1379  1379 D FingerprintHal: ----------------> fingerprint_get_auth_id auth id 6b8b4567327b23c6----------------->
02-20 21:03:49.086  1655  1655 V FingerprintService: Fingerprint HAL id: 126871253860352
02-20 21:03:49.088  1655  1655 I SystemServer: StartBackgroundDexOptService
02-20 21:03:49.097  1655  1655 I SystemServiceManager: Starting com.android.server.pm.ShortcutService$Lifecycle
02-20 21:03:49.101  1655  1655 I SystemServiceManager: Starting com.android.server.pm.LauncherAppsService
02-20 21:03:49.111  1655  1655 I SystemServiceManager: Starting com.android.server.media.projection.MediaProjectionManagerService
02-20 21:03:49.113  1655  1655 V MediaRouter: Adding route: RouteInfo{ name=Phone, description=null, status=null, category=RouteCategory{ name=null types=ROUTE_TYPE_LIVE_AUDIO ROUTE_TYPE_LIVE_VIDEO  groupable=false }, supportedTypes=ROUTE_TYPE_LIVE_AUDIO ROUTE_TYPE_LIVE_VIDEO , presentationDisplay=null }
02-20 21:03:49.113  1655  1655 V MediaRouter: Updating audio routes: AudioRoutesInfo{ type=SPEAKER }
02-20 21:03:49.114  1655  1655 V MediaRouter: Selecting route: RouteInfo{ name=Phone, description=null, status=null, category=RouteCategory{ name=null types=ROUTE_TYPE_LIVE_AUDIO ROUTE_TYPE_LIVE_VIDEO  groupable=false }, supportedTypes=ROUTE_TYPE_LIVE_AUDIO ROUTE_TYPE_LIVE_VIDEO , presentationDisplay=null }
02-20 21:03:49.117  1655  1655 I WindowManager: SAFE MODE not enabled
02-20 21:03:49.118  1655  1655 I SystemServiceManager: Starting com.android.server.MmsServiceBroker
02-20 21:03:49.120  1655  1655 W VibratorService: Tried to stop vibrating but there is no vibrator device.
02-20 21:03:49.165  1655  1655 E LockSettingsStorage: Cannot read file java.io.FileNotFoundException: /data/system/gatekeeper.password.key: open failed: ENOENT (No such file or directory)
02-20 21:03:49.165  1655  1655 E LockSettingsStorage: Cannot read file java.io.FileNotFoundException: /data/system/password.key: open failed: ENOENT (No such file or directory)
02-20 21:03:49.173  1655  1655 E LockSettingsStorage: Cannot read file java.io.FileNotFoundException: /data/system/gatekeeper.pattern.key: open failed: ENOENT (No such file or directory)
02-20 21:03:49.173  1655  1655 E LockSettingsStorage: Cannot read file java.io.FileNotFoundException: /data/system/gatekeeper.gesture.key: open failed: ENOENT (No such file or directory)
02-20 21:03:49.173  1655  1655 E LockSettingsStorage: Cannot read file java.io.FileNotFoundException: /data/system/gesture.key: open failed: ENOENT (No such file or directory)
02-20 21:03:49.173  1655  1655 I SystemServiceManager: Starting phase 480
02-20 21:03:49.201  1655  1655 I DevicePolicyManagerService: Set ro.device_owner property to false
02-20 21:03:49.204  1655  1655 I SystemServiceManager: Starting phase 500
02-20 21:03:49.206  1655  1655 D ConnectivityMetricsLoggerService: onBootPhase: PHASE_SYSTEM_SERVICES_READY
02-20 21:03:49.225  1655  1655 I WifiService: WifiService starting up with Wi-Fi enabled
02-20 21:03:49.226  1655  1655 D WifiService: setWifiEnabled: true pid=1655, uid=1000
02-20 21:03:49.226  1655  1734 D WifiController: WifiController msg { when=0 what=155656 target=com.android.internal.util.StateMachine$SmHandler } deferred for 500ms
02-20 21:03:49.227  1655  1655 I WifiScanningService: Starting wifiscanner
02-20 21:03:49.232  1655  1655 I RttService: Registering rttmanager
02-20 21:03:49.244  1655  1655 D ZenLog  : config: cleanUpZenRules,ZenModeConfig[user=0,allowCalls=true,allowRepeatCallers=false,allowMessages=false,allowCallsFrom=contacts,allowMessagesFrom=contacts,allowReminders=true,allowEvents=true,allowWhenScreenOff=true,allowWhenScreenOn=true,automaticRules={9f9ced8d68674a989f37868f95d93ac7=ZenRule[enabled=false,snoozing=false,name=Weekend,zenMode=ZEN_MODE_ALARMS,conditionId=condition://android/schedule?days=6.7&start=23.30&end=10.0&exitAtAlarm=false,condition=Condition[id=condition://android/schedule?days=6.7&start=23.30&end=10.0&exitAtAlarm=false,summary=...,line1=...,line2=...,icon=0,state=STATE_FALSE,flags=2],component=ComponentInfo{android/com.android.server.notification.ScheduleConditionProvider},id=9f9ced8d68674a989f37868f95d93ac7,creationTime=1519154245406,enabler=null], 98612bb55a4646f5ba486d308ab94423=ZenRule[enabled=false,snoozing=false,name=Event,zenMode=ZEN_MODE_ALARMS,conditionId=condition://android/event?userId=-10000&calendar=&reply=1,condition=Condition[id=condition://android/event?userId=-10000&calendar=&reply=1,summary=...,line1=...,line2=...,icon=0,state=STATE_FALSE,flags=2],component=ComponentInfo{android/com.android.server.notification.EventConditionProvider},id=98612bb55a4646f5ba486d308ab94423,creationTime=1519154245406,enabler=null], 6f641ae47b9a4c289d295be5997fac22=ZenRule[enabled=false,snoozing=false,name=Weeknight,zenMode=ZEN_MODE_ALARMS,conditionId=condition://android/schedule?days=1.2.3.4.5&start=22.0&end=7.0&exitAtAlarm=false,condition=Condition[id=condition://android/schedule?days=1.2.3.4.5&start=22.0&end=7.0&exitAtAlarm=false,summary=...,line1=...,line2=...,icon=0,state=STATE_FALSE,flags=2],component=ComponentInfo{android/com.android.server.notification.ScheduleConditionProvider},id=6f641ae47b9a4c289d295be5997fac22,creationTime=1519154245406,enabler=null]},manualRule=null],Diff[]
02-20 21:03:49.244  1655  1655 D ZenLog  : set_zen_mode: off,onSystemReady
02-20 21:03:49.247  1367  1748 D PermissionCache: checking android.permission.CAPTURE_AUDIO_HOTWORD for uid=1000 => granted (155 us)
02-20 21:03:49.248  1655  1655 W SoundTriggerHelper: listModules status=0, # of modules=0
02-20 21:03:49.248  1655  1655 D ContextHubSystemService: onBootPhase: PHASE_SYSTEM_SERVICES_READY
02-20 21:03:49.260  1655  1750 D EGL_emulation: eglCreateContext: 0x72a7b3265220: maj 3 min 0 rcv 3
02-20 21:03:49.276  1655  1655 V UserManagerService: Found /data/user_de/0 with serial number 0
02-20 21:03:49.276  1655  1655 V UserManagerService: Found /data/user/0 with serial number 0
02-20 21:03:49.276  1655  1655 V UserManagerService: Found /data/system_de/0 with serial number 0
02-20 21:03:49.276  1655  1655 V UserManagerService: Found /data/system_ce/0 with serial number 0
02-20 21:03:49.282  1655  1702 W KeyguardServiceDelegate: onScreenTurningOn(): no keyguard service!
02-20 21:03:49.286  1655  1750 D EGL_emulation: eglMakeCurrent: 0x72a7b3265220: ver 3 0 (tinfo 0x72a7b3373960)
02-20 21:03:49.291  1655  1655 I ActivityManager: System now ready
02-20 21:03:49.291  1655  1655 I boot_progress_ams_ready: 9291
02-20 21:03:49.322  1655  1655 I SystemServer: Making services ready
02-20 21:03:49.322  1655  1655 I SystemServiceManager: Starting phase 550
02-20 21:03:49.338  1313  1357 D gralloc_ranchu: gralloc_alloc: Creating ashmem region of size 17051648
02-20 21:03:49.362  1655  1655 E InputMethodManagerService: Ignoring updateSystemUiLocked due to an invalid token. uid:1000 token:null
02-20 21:03:49.387  1655  1655 I Zygote  : Process: zygote socket opened, supported ABIS: x86_64
02-20 21:03:49.388  1365  1659 I art     : Starting a blocking GC HeapTrim
02-20 21:03:49.390  1655  1694 D         : HostConnection::get() New Host Connection established 0x72a7b3213620, tid 1694
02-20 21:03:49.396  1655  1655 I am_proc_start: [0,1757,10053,com.android.inputmethod.latin,service,com.android.inputmethod.latin/.LatinIME]
02-20 21:03:49.397  1655  1655 I ActivityManager: Start proc 1757:com.android.inputmethod.latin/u0a53 for service com.android.inputmethod.latin/.LatinIME
02-20 21:03:49.397  1655  1655 V InputMethodManagerService: Adding window token: android.os.Binder@9f3a76b
02-20 21:03:49.397  1655  1723 D MountService: Thinking about init, mSystemReady=true, mDaemonConnected=true
02-20 21:03:49.397  1655  1723 D MountService: Setting up emulation state, initlocked=false
02-20 21:03:49.397  1655  1723 D CryptdConnector: SND -> {2 cryptfs unlock_user_key 0 0 ! !}
02-20 21:03:49.397  1267  1303 D vold    : e4crypt_unlock_user_key 0 serial=0 token_present=0
02-20 21:03:49.398  1655  1655 E BitmapFactory: Unable to decode stream: java.io.FileNotFoundException: /data/system/users/0/wallpaper_orig (No such file or directory)
02-20 21:03:49.398  1655  1655 E WallpaperManagerService: Invalid wallpaper data
02-20 21:03:49.398  1655  1655 E WallpaperManagerService: Unable to apply new wallpaper
02-20 21:03:49.398  1655  1725 D CryptdConnector: RCV <- {200 2 Command succeeded}
02-20 21:03:49.398  1655  1723 D MountService: Thinking about reset, mSystemReady=true, mDaemonConnected=true
02-20 21:03:49.398  1655  1723 D VoldConnector: SND -> {3 volume reset}
02-20 21:03:49.398  1655  1691 I ActivityManager: Force stopping com.android.providers.media appid=10011 user=-1: vold reset
02-20 21:03:49.399  1267  1302 D vold    : Recognized experimental block major ID 253 as virtio-blk (emulator's virtual SD card device)
02-20 21:03:49.399  1267  1302 V vold    : /system/bin/sgdisk
02-20 21:03:49.399  1267  1302 V vold    :     --android-dump
02-20 21:03:49.399  1267  1302 V vold    :     /dev/block/vold/disk:253,64
02-20 21:03:49.399  1655  1724 D VoldConnector: RCV <- {651 emulated 7}
02-20 21:03:49.399  1655  1724 D VoldConnector: RCV <- {659 emulated}
02-20 21:03:49.400  1655  1724 D VoldConnector: RCV <- {650 emulated 2 "" ""}
02-20 21:03:49.400  1655  1724 D VoldConnector: RCV <- {651 emulated 0}
02-20 21:03:49.400  1655  1724 D VoldConnector: RCV <- {651 public:253,64 7}
02-20 21:03:49.400  1655  1724 D VoldConnector: RCV <- {659 public:253,64}
02-20 21:03:49.400  1655  1724 D VoldConnector: RCV <- {649 disk:253,64}
02-20 21:03:49.400  1655  1724 D VoldConnector: RCV <- {640 disk:253,64 5}
02-20 21:03:49.400  1655  1724 D VoldConnector: RCV <- {641 disk:253,64 536870912}
02-20 21:03:49.400  1655  1724 D VoldConnector: RCV <- {642 disk:253,64 Virtual}
02-20 21:03:49.400  1655  1724 D VoldConnector: RCV <- {644 disk:253,64 /sys//devices/pci0000:00/0000:00:07.0/virtio4/block/vde}
02-20 21:03:49.401  1655  1698 V MountService: Found primary storage at VolumeInfo{emulated}:
02-20 21:03:49.401  1655  1698 V MountService:     type=EMULATED diskId=null partGuid=null mountFlags=0 mountUserId=-1 
02-20 21:03:49.401  1655  1698 V MountService:     state=UNMOUNTED 
02-20 21:03:49.401  1655  1698 V MountService:     fsType=null fsUuid=null fsLabel=null 
02-20 21:03:49.401  1655  1698 V MountService:     path=null internalPath=null 
02-20 21:03:49.404  1757  1757 W art     : Unexpected CPU variant for X86 using defaults: x86_64
02-20 21:03:49.426  1513  1513 I hostapd : wlan1: interface state COUNTRY_UPDATE->HT_SCAN
02-20 21:03:49.435  1655  1750 D AssetAtlas: Rendered atlas in 362.49ms (155.20+207.29ms)
02-20 21:03:49.443  1505  1505 E ipv6proxy: Failed to forward Router Advertisement from eth0 to wlan1: Network is unreachable
02-20 21:03:49.426     0     0 D ieee80211 phy1: mac80211_hwsim_config (freq=0 idle=1 ps=0 smps=auto)
02-20 21:03:49.426     0     0 D ieee80211 phy1: hwsim hw_scan request
02-20 21:03:49.426     0     0 D ieee80211 phy1: hw scan 2412 MHz
02-20 21:03:49.453  1655  1655 W ActivityManager: Slow operation: 53ms so far, now at startProcess: returned from zygote!
02-20 21:03:49.453  1655  1655 W ActivityManager: Slow operation: 53ms so far, now at startProcess: done updating battery stats
02-20 21:03:49.453  1655  1655 I am_proc_start: [0,1771,10028,com.android.systemui,service,com.android.systemui/.ImageWallpaper]
02-20 21:03:49.453  1655  1655 W ActivityManager: Slow operation: 53ms so far, now at startProcess: building log message
02-20 21:03:49.453  1655  1655 I ActivityManager: Start proc 1771:com.android.systemui/u0a28 for service com.android.systemui/.ImageWallpaper
02-20 21:03:49.453  1655  1655 W ActivityManager: Slow operation: 53ms so far, now at startProcess: starting to update pids map
02-20 21:03:49.453  1655  1655 W ActivityManager: Slow operation: 53ms so far, now at startProcess: done updating pids map
02-20 21:03:49.453  1655  1655 W ActivityManager: Slow operation: 53ms so far, now at startProcess: done starting proc!
02-20 21:03:49.454  1655  1655 D UsbAlsaManager: Adding ALSA device AlsaDevice: [card: 0, device: 0, type: 1]
02-20 21:03:49.454  1655  1655 D UsbAlsaManager: Adding ALSA device AlsaDevice: [card: 0, device: 0, type: 2]
02-20 21:03:49.454  1655  1655 I SystemServer: WebViewFactory preparation
02-20 21:03:49.456  1655  1746 E BluetoothAdapter: Bluetooth binder is null
02-20 21:03:49.458  1655  1746 E BluetoothAdapter: Bluetooth binder is null
02-20 21:03:49.461  1367  1367 I AudioFlinger: systemReady
02-20 21:03:49.463  1655  1689 I am_proc_bound: [0,1757,com.android.inputmethod.latin]
02-20 21:03:49.464  1655  1655 D WebViewFactory: Setting new address space to 137955392
02-20 21:03:49.472  1771  1771 W art     : Unexpected CPU variant for X86 using defaults: x86_64
02-20 21:03:49.476  1655  1655 I Zygote  : Process: zygote socket opened, supported ABIS: x86
02-20 21:03:49.476  1366  1551 I art     : Starting a blocking GC HeapTrim
02-20 21:03:49.479  1366  1366 I art     : Starting a blocking GC Background
02-20 21:03:49.510  1267  1302 V vold    : DISK mbr
02-20 21:03:49.510  1267  1302 V vold    : 
02-20 21:03:49.512  1267  1302 W vold    : disk:253,64 has unknown partition table; trying entire device
02-20 21:03:49.512  1267  1302 V vold    : /system/bin/blkid
02-20 21:03:49.512  1267  1302 V vold    :     -c
02-20 21:03:49.512  1267  1302 V vold    :     /dev/null
