02-20 21:05:09.007  1918  1918 D RuimRecords: [RuimRecords] EF_CSIM_IMSIM LOADED
02-20 21:05:09.007  1918  1918 E RuimRecords: [RuimRecords] Record Load Exception: com.android.internal.telephony.CommandException: GENERIC_FAILURE
02-20 21:05:09.007  1918  1918 D RuimRecords: [RuimRecords] onRecordLoaded 4 requested: true
02-20 21:05:09.007  1918  1918 D RuimRecords: [RuimRecords] EF_CSIM_CDMAHOME LOADED
02-20 21:05:09.007  1918  1918 E RuimRecords: [RuimRecords] Record Load Exception: com.android.internal.telephony.CommandException: GENERIC_FAILURE
02-20 21:05:09.007  1918  1918 D RuimRecords: [RuimRecords] onRecordLoaded 3 requested: true
02-20 21:05:09.007  1918  1918 D RuimRecords: [RuimRecords] EF_CSIM_EPRL LOADED
02-20 21:05:09.007  1918  1918 E RuimRecords: [RuimRecords] Record Load Exception: com.android.internal.telephony.CommandException: GENERIC_FAILURE
02-20 21:05:09.007  1918  1918 D RuimRecords: [RuimRecords] onRecordLoaded 2 requested: true
02-20 21:05:09.007  1918  1918 D RuimRecords: [RuimRecords] EF_CSIM_MIPUPP LOADED
02-20 21:05:09.007  1918  1918 E RuimRecords: [RuimRecords] Record Load Exception: com.android.internal.telephony.CommandException: GENERIC_FAILURE
02-20 21:05:09.007  1918  1918 D RuimRecords: [RuimRecords] onRecordLoaded 1 requested: true
02-20 21:05:09.007  1918  1918 D SIMRecords: [SIMRecords] iccid: 89014103211118510720
02-20 21:05:09.007  1918  1918 D SIMRecords: [SIMRecords] onRecordLoaded 10 requested: true
02-20 21:05:09.010  1918  1918 D SIMRecords: [SIMRecords] EF_MBI: 01000000
02-20 21:05:09.010  1918  1918 D SIMRecords: [SIMRecords] Got valid mailbox number for MBDN
02-20 21:05:09.010  1918  1918 D RILJ    : [3733]> iccIO: SIM_IO 0xc0 0x6fc7  path: 3F007F20,0,0,15 aid: null [SUB0]
02-20 21:05:09.012  1374  1480 D RIL     : onRequest: SIM_IO
02-20 21:05:09.012  1374  1480 D AT      : AT> AT+CRSM=192,28615,0,0,15
02-20 21:05:09.012  1918  1918 D SIMRecords: [SIMRecords] onRecordLoaded 10 requested: true
02-20 21:05:09.012  1374  1487 D AT      : AT< +CRSM: 144,0,000000406fc7040011a0aa01020120
02-20 21:05:09.012  1374  1487 D AT      : AT< OK
02-20 21:05:09.012  1918  1918 D SIMRecords: [SIMRecords] EF_AD: 00000003
02-20 21:05:09.012  1918  2005 D RILJ    : [3733]< SIM_IO IccIoResponse sw1:0x90 sw2:0x0 [SUB0]
02-20 21:05:09.012  1918  1918 D SIMRecords: [SIMRecords] setting4 mMncLength=3
02-20 21:05:09.013  1918  1918 D SIMRecords: [SIMRecords] update mccmnc=310260
02-20 21:05:09.013  1918  1918 D MccTable: updateMccMncConfiguration mccmnc='310260' fromServiceState=false
02-20 21:05:09.013  1918  1918 D SubscriptionController: [getPhoneId]- no sims, returning default phoneId=2147483647
02-20 21:05:09.013  1918  1918 D MccTable: updateMccMncConfiguration defaultMccMnc=
02-20 21:05:09.013  1918  1918 D MccTable: updateMccMncConfiguration: mcc=310, mnc=260
02-20 21:05:09.013  1918  1918 D MccTable: updateMccMncConfiguration updateConfig config={1.0 310mcc260mnc ?localeList ?layoutDir ?swdp ?wdp ?hdp ?density ?lsize ?long ?orien ?uimode ?night ?touch ?keyb/?/? ?nav/?}
02-20 21:05:09.013  1677  1688 I configuration_changed: 3
02-20 21:05:09.013  1677  1688 I ActivityManager: Config changes=3 {1.0 310mcc260mnc [en_US] ldltr sw360dp w360dp h668dp 640dpi nrml long port finger -keyb/v/h -nav/h s.6}
02-20 21:05:09.013  1762  1762 I StatusBar: isKeyguardShowing() called before startKeyguard(), returning true
02-20 21:05:09.014  1762  1762 W StatusBar: isKeyguardSecure() called before startKeyguard(), returning false
02-20 21:05:09.014  1762  1762 W StatusBar: java.lang.Throwable
02-20 21:05:09.014  1762  1762 W StatusBar: 	at com.android.systemui.statusbar.BaseStatusBar.isKeyguardSecure(BaseStatusBar.java:2647)
02-20 21:05:09.014  1762  1762 W StatusBar: 	at com.android.systemui.statusbar.BaseStatusBar.isCameraAllowedByAdmin(BaseStatusBar.java:2670)
02-20 21:05:09.014  1762  1762 W StatusBar: 	at com.android.systemui.statusbar.phone.KeyguardBottomAreaView.updateCameraVisibility(KeyguardBottomAreaView.java:309)
02-20 21:05:09.014  1762  1762 W StatusBar: 	at com.android.systemui.statusbar.phone.KeyguardBottomAreaView.setUserSetupComplete(KeyguardBottomAreaView.java:281)
02-20 21:05:09.014  1762  1762 W StatusBar: 	at com.android.systemui.statusbar.phone.PhoneStatusBar$1.onChange(PhoneStatusBar.java:441)
02-20 21:05:09.014  1762  1762 W StatusBar: 	at com.android.systemui.statusbar.phone.PhoneStatusBar.resetUserSetupObserver(PhoneStatusBar.java:3676)
02-20 21:05:09.014  1762  1762 W StatusBar: 	at com.android.systemui.statusbar.phone.PhoneStatusBar.makeStatusBarView(PhoneStatusBar.java:1008)
02-20 21:05:09.014  1762  1762 W StatusBar: 	at com.android.systemui.statusbar.phone.PhoneStatusBar.addStatusBarWindow(PhoneStatusBar.java:3432)
02-20 21:05:09.014  1762  1762 W StatusBar: 	at com.android.systemui.statusbar.phone.PhoneStatusBar.createAndAddWindows(PhoneStatusBar.java:3428)
02-20 21:05:09.014  1762  1762 W StatusBar: 	at com.android.systemui.statusbar.BaseStatusBar.start(BaseStatusBar.java:765)
02-20 21:05:09.014  1762  1762 W StatusBar: 	at com.android.systemui.statusbar.phone.PhoneStatusBar.start(PhoneStatusBar.java:686)
02-20 21:05:09.014  1762  1762 W StatusBar: 	at com.android.systemui.statusbar.SystemBars.createStatusBarFromConfig(SystemBars.java:106)
02-20 21:05:09.014  1762  1762 W StatusBar: 	at com.android.systemui.statusbar.SystemBars.onNoService(SystemBars.java:58)
02-20 21:05:09.014  1762  1762 W StatusBar: 	at com.android.systemui.statusbar.ServiceMonitor.startService(ServiceMonitor.java:230)
02-20 21:05:09.014  1762  1762 W StatusBar: 	at com.android.systemui.statusbar.ServiceMonitor.-wrap5(ServiceMonitor.java)
02-20 21:05:09.014  1762  1762 W StatusBar: 	at com.android.systemui.statusbar.ServiceMonitor$1.handleMessage(ServiceMonitor.java:73)
02-20 21:05:09.014  1762  1762 W StatusBar: 	at android.os.Handler.dispatchMessage(Handler.java:102)
02-20 21:05:09.014  1762  1762 W StatusBar: 	at android.os.Looper.loop(Looper.java:154)
02-20 21:05:09.014  1762  1762 W StatusBar: 	at android.app.ActivityThread.main(ActivityThread.java:6119)
02-20 21:05:09.014  1762  1762 W StatusBar: 	at java.lang.reflect.Method.invoke(Native Method)
02-20 21:05:09.014  1762  1762 W StatusBar: 	at com.android.internal.os.ZygoteInit$MethodAndArgsCaller.run(ZygoteInit.java:886)
02-20 21:05:09.014  1762  1762 W StatusBar: 	at com.android.internal.os.ZygoteInit.main(ZygoteInit.java:776)
02-20 21:05:09.033  1677  1688 I am_relaunch_resume_activity: [0,263960289,1,com.android.settings/.FallbackHome]
02-20 21:05:09.035  1935  1935 I am_on_paused_called: [0,com.android.settings.FallbackHome,handleRelaunchActivity]
02-20 21:05:09.036  1762  1981 D OpenGLRenderer: profile bars disabled
02-20 21:05:09.037  1762  1981 D OpenGLRenderer: ambientRatio = 1.50
02-20 21:05:09.038  1918  1934 D DCT     : [0]hasMatchedTetherApnSetting: APN=null
02-20 21:05:09.040  1918  1918 D SIMRecords: [SIMRecords] onRecordLoaded 9 requested: true
02-20 21:05:09.040  1918  1918 D SIMRecords: [SIMRecords] EF_MWIS : 0000000000
02-20 21:05:09.040  1918  1918 D SIMRecords: [SIMRecords] onRecordLoaded 8 requested: true
02-20 21:05:09.040  1918  1918 D SIMRecords: [SIMRecords] EF_CPHS_MWI: 55
02-20 21:05:09.040  1918  1918 D SIMRecords: [SIMRecords] onRecordLoaded 7 requested: true
02-20 21:05:09.040  1918  1918 D SubscriptionInfoUpdater: [Receiver]+
02-20 21:05:09.040  1918  1918 D SubscriptionInfoUpdater: Action: android.intent.action.SIM_STATE_CHANGED
02-20 21:05:09.040  1918  1918 D SubscriptionInfoUpdater: slotId: 0
02-20 21:05:09.040  1918  1918 D SubscriptionInfoUpdater: simStatus: IMSI
02-20 21:05:09.040  1918  1918 D SubscriptionInfoUpdater: Ignoring simStatus: IMSI
02-20 21:05:09.040  1918  1918 D SubscriptionInfoUpdater: [Receiver]-
02-20 21:05:09.040  1918  1918 D SIMRecords: [SIMRecords] EF_CFF_CPHS: 55
02-20 21:05:09.040  1918  1918 D SIMRecords: [SIMRecords] onRecordLoaded 6 requested: true
02-20 21:05:09.040  1918  1918 D SIMRecords: [SIMRecords] onRecordLoaded 5 requested: true
02-20 21:05:09.040  1918  1918 D SIMRecords: [SIMRecords] SST: UsimServiceTable[120]={ PHONEBOOK, FDN, FDN_EXTENSION, SDN, SDN_EXTENSION, BDN, BDN_EXTENSION, OUTGOING_CALL_INFO, ADVICE_OF_CHARGE, CAP_CONFIG_PARAMS_2, GROUP_ID_LEVEL_1, GROUP_ID_LEVEL_2, SPN, USER_PLMN_SELECT, MSISDN, IMAGE, LOCALISED_SERVICE_AREAS, EMLPP, EMLPP_AUTO_ANSWER, RFU, GSM_ACCESS, DATA_DL_VIA_SMS_PP, DATA_DL_VIA_SMS_CB, CALL_CONTROL_BY_USIM, MO_SMS_CONTROL_BY_USIM, RUN_AT_COMMAND, APN_CONTROL_LIST, DEPERSONALISATION_CONTROL_KEYS, COOPERATIVE_NETWORK_LIST, GSM_SECURITY_CONTEXT, SERVICE_PROVIDER_DISPLAY_INFO, MMS_NOTIFICATION, MMS_NOTIFICATION_EXTENSION, GPRS_CALL_CONTROL_BY_USIM, VGCS_GROUP_ID_LIST, VBS_GROUP_ID_LIST, OMA_BCAST_PROFILE, GBA_LOCAL_KEY_ESTABLISHMENT, #101, #102, #103, #104, #105, #106, #107, #108, #109, #110 }
02-20 21:05:09.040  1918  1918 D SIMRecords: [SIMRecords] onRecordLoaded 4 requested: true
02-20 21:05:09.040  1918  1918 D SIMRecords: [SIMRecords] iCPHS: 0233
02-20 21:05:09.040  1918  1918 D SIMRecords: [SIMRecords] onRecordLoaded 3 requested: true
02-20 21:05:09.040  1918  1918 D RuimRecords: [RuimRecords] iccid: 89014103211118510720
02-20 21:05:09.041  1918  1918 D RuimRecords: [RuimRecords] onRecordLoaded 0 requested: true
02-20 21:05:09.041  1918  1918 D RuimRecords: [RuimRecords] record load complete
02-20 21:05:09.041  1918  1918 D RILJ    : [3734]> iccIO: SIM_IO 0xb0 0x6f14  path: 3F007F20,0,0,20 aid: null [SUB0]
02-20 21:05:09.041  1918  1918 D SIMRecords: [SIMRecords] MSISDN: [t-WgLegCyIMgfHgPkOdM6pkZbpA]
02-20 21:05:09.041  1918  1918 D SIMRecords: [SIMRecords] onRecordLoaded 2 requested: true
02-20 21:05:09.041  1918  1918 D RILJ    : [3735]> iccIO: SIM_IO 0xb2 0x6fc7  path: 3F007F20,1,4,32 aid: null [SUB0]
02-20 21:05:09.041  1374  1480 D RIL     : onRequest: SIM_IO
02-20 21:05:09.041  1374  1480 D AT      : AT> AT+CRSM=176,28436,0,0,20
02-20 21:05:09.042  1762  1762 D PhoneStatusBar: disable: < EXPAND* icons alerts system_info BACK* HOME* RECENT* clock SEARCH* quick_settings >
02-20 21:05:09.043  1374  1487 D AT      : AT< +CRSM: 144,0,416e64726f6964ffffffffffffffffffffffffff
02-20 21:05:09.043  1374  1487 D AT      : AT< OK
02-20 21:05:09.043  1374  1480 D RIL     : onRequest: SIM_IO
02-20 21:05:09.043  1374  1480 D AT      : AT> AT+CRSM=178,28615,1,4,32
02-20 21:05:09.043  1918  2005 D RILJ    : [3734]< SIM_IO IccIoResponse sw1:0x90 sw2:0x0 [SUB0]
02-20 21:05:09.043  1374  1487 D AT      : AT< +CRSM: 144,0,566f6963656d61696cffffffffffffffffff07915155125740f9ffffffffffff
02-20 21:05:09.043  1374  1487 D AT      : AT< OK
02-20 21:05:09.043  1918  2005 D RILJ    : [3735]< SIM_IO IccIoResponse sw1:0x90 sw2:0x0 [SUB0]
02-20 21:05:09.046  1918  1918 D SIMRecords: [SIMRecords] getServiceProviderName: no brandOverride, providerName=Android
02-20 21:05:09.046  1918  1918 D SIMRecords: [SIMRecords] Load EF_SPN_CPHS: Android
02-20 21:05:09.046  1918  1918 D TelephonyManager: setTelephonyProperty: success phoneId=0 property=gsm.sim.operator.alpha value: Android propVal=Android
02-20 21:05:09.047  1918  1918 D SIMRecords: [SIMRecords] onRecordLoaded 1 requested: true
02-20 21:05:09.048  1918  1918 D SIMRecords: [SIMRecords] VM: ADN Record 'Voicemail' '[-MWU1cAlDrkXUZ8dpHi_wU_YOpU] null' EF[MBDN]
02-20 21:05:09.048  1918  1918 D SIMRecords: [SIMRecords] onRecordLoaded 0 requested: true
02-20 21:05:09.048  1918  1918 D SIMRecords: [SIMRecords] record load complete
02-20 21:05:09.048  1918  1918 D SIMRecords: [SIMRecords] Not using EF LI/EF PL
02-20 21:05:09.048  1918  1918 D SIMRecords: [SIMRecords] EF_CFF: callForwardingEnabled=0
02-20 21:05:09.048  1918  1918 D SIMRecords: [SIMRecords] onAllRecordsLoaded set 'gsm.sim.operator.numeric' to operator='310260'
02-20 21:05:09.048  1918  1918 D SIMRecords: [SIMRecords] update icc_operator_numeric=310260
02-20 21:05:09.048  1918  1918 D TelephonyManager: setTelephonyProperty: success phoneId=0 property=gsm.sim.operator.numeric value: 310260 propVal=310260
02-20 21:05:09.049  1918  1918 D SubscriptionController: [setMccMnc]+ mcc/mnc:310/260 subId:-1
02-20 21:05:09.058  1935  1980 D EGL_emulation: eglMakeCurrent: 0x775954c35320: ver 3 0 (tinfo 0x775954c0c3e0)
02-20 21:05:09.061  1935  1935 I am_on_stop_called: [0,com.android.settings.FallbackHome,destroy]
02-20 21:05:09.066  1918  1918 D SubscriptionController: notifySubscriptionInfoChanged:
02-20 21:05:09.066  1677  1677 I GnssLocationProvider: WakeLock acquired by sendMessage(12, 0, null)
02-20 21:05:09.066  1312  1969 D         : HostConnection::get() New Host Connection established 0x7f8e5e81b300, tid 1969
02-20 21:05:09.067  1918  1918 D SIMRecords: [SIMRecords] onAllRecordsLoaded set mcc imsi
02-20 21:05:09.067  1918  1918 D TelephonyManager: setTelephonyProperty: success phoneId=0 property=gsm.sim.operator.iso-country value: us propVal=us
02-20 21:05:09.068  1918  1940 D SubscriptionController: [getActiveSubInfoList] Sub Controller not ready
02-20 21:05:09.069  1918  1918 D SST     : SubscriptionListener.onSubscriptionInfoChanged
02-20 21:05:09.069  1918  1918 D SIMRecords: [SIMRecords]  VoiceMessageCount from SIM MWIS = 0
02-20 21:05:09.069  1918  1918 E Phone   : getStoredVoiceMessageCount: invalid subId -2
02-20 21:05:09.069  1918  1918 D GsmCdmaPhone: [GsmCdmaPhone] updateVoiceMail countVoiceMessages = 0 subId -2
02-20 21:05:09.069  1918  1918 E Phone   : setVoiceMessageCount in sharedPreference: invalid subId -2
02-20 21:05:09.070  1918  1918 D DCT     : [0]SubscriptionListener.onSubscriptionInfoChanged
02-20 21:05:09.071  1918  1918 D SubscriptionController: [getActiveSubInfoList] Sub Controller not ready
02-20 21:05:09.071  1918  1918 D SubscriptionController: [getActiveSubInfoList] Sub Controller not ready
02-20 21:05:09.074  1918  1918 I Telephony: PstnIncomingCallNotifier: Unregistering: Handler (com.android.internal.telephony.GsmCdmaPhone) {423edac}
02-20 21:05:09.078  1918  1918 E PhoneInterfaceManager: [PhoneIntfMgr] getIccId: No UICC
02-20 21:05:09.111  1935  1935 I am_on_resume_called: [0,com.android.settings.FallbackHome,handleRelaunchActivity]
02-20 21:05:09.113  1677  1689 I Telecom : PhoneAccountRegistrar: [ComponentInfo{com.android.phone/com.android.services.telephony.TelephonyConnectionService}, [e0184adedf913b076626646d3f52c3b49c39ad6d], UserHandle{0}(addr: tel:*********** -> tel:)(icon: Icon(typ=BITMAP size=76x96) -> Icon(typ=BITMAP size=76x96))(subAddr: tel:*********** -> tel:)]: TSI.rPA@AAk
02-20 21:05:09.129  1677  1689 I Telecom : : Sending phone-account registered intent as user: TSI.rPA@AAk
02-20 21:05:09.129  1918  1918 I Telephony: AccountEntry: Registered phoneAccount: [[ ] PhoneAccount: ComponentInfo{com.android.phone/com.android.services.telephony.TelephonyConnectionService}, [e0184adedf913b076626646d3f52c3b49c39ad6d], UserHandle{0} Capabilities: CallProvider MultiUser PlaceEmerg SimSub  Schemes: tel voicemail  Extras: null GroupId: [da39a3ee5e6b4b0d3255bfef95601890afd80709]] with handle: ComponentInfo{com.android.phone/com.android.services.telephony.TelephonyConnectionService}, [e0184adedf913b076626646d3f52c3b49c39ad6d], UserHandle{0}
02-20 21:05:09.129  1918  1918 I Telephony: PstnIncomingCallNotifier: Registering: Handler (com.android.internal.telephony.GsmCdmaPhone) {423edac}
02-20 21:05:09.131  1918  1918 D CAT     : CatService: handleMessage[20]
02-20 21:05:09.131  1918  1918 D GsmCdmaPhone: [GsmCdmaPhone] updateCurrentCarrierInProvider: mSubId = -2 currentDds = 1 operatorNumeric = 310260
02-20 21:05:09.131  1918  1918 D IccCardProxy: operator=310260 mPhoneId=0
02-20 21:05:09.131  1918  1918 D TelephonyManager: setTelephonyProperty: success phoneId=0 property=gsm.sim.operator.numeric value: 310260 propVal=310260
02-20 21:05:09.132  1918  1918 D TelephonyManager: setTelephonyProperty: success phoneId=0 property=gsm.sim.operator.iso-country value: us propVal=us
02-20 21:05:09.132  1918  1918 D IccCardProxy: Sending intent ACTION_INTERNAL_SIM_STATE_CHANGED for mPhoneId : 0
02-20 21:05:09.139  1918  1918 D SST     : EVENT_SIM_RECORDS_LOADED: what=16
02-20 21:05:09.139  1918  1918 D GsmCdmaPhone: [GsmCdmaPhone] updatePhoneObject: radioTechnology=0
02-20 21:05:09.139  1918  1918 D SST     : getOtasp: otasp not needed for GSM
02-20 21:05:09.139  1918  1918 D SST     : updateOtaspState: call notifyOtaspChanged old otaspMode=0 new otaspMode=3
02-20 21:05:09.139  1918  1918 D SIMRecords: [SIMRecords] getServiceProviderName: no brandOverride, providerName=Android
02-20 21:05:09.139  1918  1918 D SIMRecords: [SIMRecords] getServiceProviderName: no brandOverride, providerName=Android
02-20 21:05:09.139  1918  1918 D SST     : updateSpnDisplay: changed sending intent rule=1 showPlmn='false' plmn='Android' showSpn='true' spn='Android' dataSpn='Android' subId='-2'
02-20 21:05:09.141  1918  1918 D SubscriptionController: [setPlmnSpn] No valid subscription to store info
02-20 21:05:09.142  1918  1918 D SubscriptionController: notifySubscriptionInfoChanged:
02-20 21:05:09.149  1677  1677 I GnssLocationProvider: WakeLock acquired by sendMessage(12, 0, null)
02-20 21:05:09.150  1918  2048 D SubscriptionController: [getActiveSubInfoList] Sub Controller not ready
02-20 21:05:09.167  1762  1762 D PhoneStatusBar: heads up is enabled
02-20 21:05:09.172  1918  1940 D SubscriptionController: [getSlotId]- subId invalid
02-20 21:05:09.175  1918  1918 E PhoneInterfaceManager: [PhoneIntfMgr] getIccId: No UICC
02-20 21:05:09.178  1677  1689 I Telecom : PhoneAccountRegistrar: [ComponentInfo{com.android.phone/com.android.services.telephony.TelephonyConnectionService}, [e0184adedf913b076626646d3f52c3b49c39ad6d], UserHandle{0}(icon: Icon(typ=BITMAP size=76x96) -> Icon(typ=BITMAP size=76x96))]: TSI.rPA@AA0
02-20 21:05:09.179  1677  1689 I Telecom : : Sending phone-account registered intent as user: TSI.rPA@AA0
02-20 21:05:09.179  1918  1918 D SubscriptionInfoUpdater: [Receiver]+
02-20 21:05:09.179  1918  1918 D SubscriptionInfoUpdater: Action: android.intent.action.internal_sim_state_changed
02-20 21:05:09.179  1918  1918 D SubscriptionInfoUpdater: slotId: 0
02-20 21:05:09.179  1918  1918 D SubscriptionInfoUpdater: simStatus: LOADED
02-20 21:05:09.179  1918  1918 D SubscriptionInfoUpdater: [Receiver]-
02-20 21:05:09.179  1918  1918 D GsmCdmaPhone: [GsmCdmaPhone] phoneObjectUpdater: newVoiceRadioTech=0
02-20 21:05:09.180  1918  1918 D GsmCdmaPhone: [GsmCdmaPhone] phoneObjectUpdater: volteReplacementRat=0
02-20 21:05:09.180  1918  1918 E GsmCdmaPhone: [GsmCdmaPhone] phoneObjectUpdater: newVoiceRadioTech=0 doesn't match either CDMA or GSM - error! No phone change
02-20 21:05:09.180  1918  1918 D SST     : SubscriptionListener.onSubscriptionInfoChanged
02-20 21:05:09.180  1918  1918 D DCT     : [0]SubscriptionListener.onSubscriptionInfoChanged
02-20 21:05:09.180  1918  1918 D SubscriptionController: [getActiveSubInfoList] Sub Controller not ready
02-20 21:05:09.191  1762  2074 D TelephonyManager: getSimState: default sim:-1, sim state for slotIdx=0 is 5, return state as unknown
02-20 21:05:09.194  1918  2048 D SubscriptionController: [getActiveSubInfoList] Sub Controller not ready
02-20 21:05:09.195  1918  1940 D SubscriptionController: [getActiveSubInfoList] Sub Controller not ready
02-20 21:05:09.197  1918  1934 D SubscriptionController: [getActiveSubInfoList] Sub Controller not ready
02-20 21:05:09.197  1918  2048 D SubscriptionController: [getActiveSubInfoList] Sub Controller not ready
02-20 21:05:09.198  1918  1940 D SubscriptionController: [getActiveSubInfoList] Sub Controller not ready
02-20 21:05:09.199  1918  1918 D SubscriptionController: [getActiveSubInfoList] Sub Controller not ready
02-20 21:05:09.199  1918  1918 I Telephony: PstnIncomingCallNotifier: Unregistering: Handler (com.android.internal.telephony.GsmCdmaPhone) {423edac}
02-20 21:05:09.199  1918  1918 E PhoneInterfaceManager: [PhoneIntfMgr] getIccId: No UICC
02-20 21:05:09.255  1677  1959 I Telecom : PhoneAccountRegistrar: [ComponentInfo{com.android.phone/com.android.services.telephony.TelephonyConnectionService}, [e0184adedf913b076626646d3f52c3b49c39ad6d], UserHandle{0}(icon: Icon(typ=BITMAP size=76x96) -> Icon(typ=BITMAP size=76x96))]: TSI.rPA@AA4
02-20 21:05:09.259  1677  1959 I Telecom : : Sending phone-account registered intent as user: TSI.rPA@AA4
02-20 21:05:09.259  1918  1918 I Telephony: AccountEntry: Registered phoneAccount: [[ ] PhoneAccount: ComponentInfo{com.android.phone/com.android.services.telephony.TelephonyConnectionService}, [e0184adedf913b076626646d3f52c3b49c39ad6d], UserHandle{0} Capabilities: CallProvider MultiUser PlaceEmerg SimSub  Schemes: tel voicemail  Extras: null GroupId: [da39a3ee5e6b4b0d3255bfef95601890afd80709]] with handle: ComponentInfo{com.android.phone/com.android.services.telephony.TelephonyConnectionService}, [e0184adedf913b076626646d3f52c3b49c39ad6d], UserHandle{0}
02-20 21:05:09.259  1918  1918 I Telephony: PstnIncomingCallNotifier: Registering: Handler (com.android.internal.telephony.GsmCdmaPhone) {423edac}
02-20 21:05:09.262  1762  2078 E ActivityThread: Failed to find provider info for com.android.contacts
02-20 21:05:09.264  1918  1918 D SubscriptionInfoUpdater: handleSimStateLoadedInternal: slotId: 0
02-20 21:05:09.264  1918  1918 D SubscriptionInfoUpdater: All IccIds query complete
02-20 21:05:09.264  1918  1918 D SubscriptionInfoUpdater: updateSubscriptionInfoByIccId:+ Start
02-20 21:05:09.264  1918  1918 D SubscriptionController: [clearSubInfo]- no simInfo size=0
02-20 21:05:09.264  1918  1918 D SubscriptionInfoUpdater: insertedSimCount = 1
02-20 21:05:09.264  1918  1918 D SubscriptionController: [getSubInfoUsingSlotIdWithCheck]+ slotId:0
02-20 21:05:09.266  1918  1918 D SubscriptionController: [getPhoneId]- no sims, returning default phoneId=2147483647
02-20 21:05:09.267  1918  1918 D SubscriptionController: [getPhoneId]- no sims, returning default phoneId=2147483647
02-20 21:05:09.267  1312  1969 D gralloc_ranchu: gralloc_alloc: Creating ashmem region of size 15945728
02-20 21:05:09.269  1918  1918 D SubscriptionController: [getPhoneId]- no sims, returning default phoneId=2147483647
02-20 21:05:09.269  1918  1918 D SubscriptionController: [getSubInfoUsingSlotId]- null info return
02-20 21:05:09.269  1918  1918 D SubscriptionInfoUpdater: updateSubscriptionInfoByIccId: oldSubId = 1
02-20 21:05:09.269  1918  1918 D SubscriptionInfoUpdater: updateSubscriptionInfoByIccId: oldIccId[0] = 89014103211118510720, sIccId[0] = 89014103211118510720
02-20 21:05:09.269  1918  1918 D SubscriptionController: [addSubInfoRecord]+ iccId:89014103211118510720 slotId:0
02-20 21:05:09.271  1918  1918 D SubscriptionController: [getActiveSubInfoList] Sub Controller not ready
02-20 21:05:09.272  1918  1918 D SubscriptionController: [addSubInfoRecord] Record already exists
02-20 21:05:09.275  1918  1918 D SubscriptionController: [addSubInfoRecord] sSlotIdxToSubId.size=1 slotId=0 subId=1 defaultSubId=1 simCount=1
02-20 21:05:09.275  1918  1918 D SubscriptionController: [setDefaultFallbackSubId] subId=1
02-20 21:05:09.275  1918  1918 D SubscriptionController: [setDefaultFallbackSubId] set mDefaultFallbackSubId=1
02-20 21:05:09.275  1918  1918 D MccTable: updateMccMncConfiguration mccmnc='310260' fromServiceState=false
02-20 21:05:09.275  1918  1918 D MccTable: updateMccMncConfiguration defaultMccMnc=310260
02-20 21:05:09.275  1918  1918 D MccTable: updateMccMncConfiguration: mcc=310, mnc=260
02-20 21:05:09.275  1918  1918 D MccTable: updateMccMncConfiguration updateConfig config={1.0 310mcc260mnc ?localeList ?layoutDir ?swdp ?wdp ?hdp ?density ?lsize ?long ?orien ?uimode ?night ?touch ?keyb/?/? ?nav/?}
02-20 21:05:09.330  1677  1690 W GnssLocationProvider: Could not open GPS configuration file /etc/gps.conf
02-20 21:05:09.330  1677  1690 E GnssLocationProvider: no AGPS interface in set_agps_server
02-20 21:05:09.331  1677  1690 I SyncManager: Got SyncJobService instance.
02-20 21:05:09.332  1677  1677 I FusedLocation: engine started (com.android.location.fused)
02-20 21:05:09.358  1677  1690 W GnssLocationProvider: Could not open GPS configuration file /etc/gps.conf
02-20 21:05:09.358  1677  1690 E GnssLocationProvider: no AGPS interface in set_agps_server
02-20 21:05:09.358  1677  1690 I GnssLocationProvider: WakeLock released by handleMessage(12, 0, null)
02-20 21:05:09.371  1935  1980 D EGL_emulation: eglMakeCurrent: 0x775954c35320: ver 3 0 (tinfo 0x775954c0c3e0)
02-20 21:05:09.374  1677  1690 W GnssLocationProvider: Could not open GPS configuration file /etc/gps.conf
02-20 21:05:09.374  1677  1690 E GnssLocationProvider: no AGPS interface in set_agps_server
02-20 21:05:09.384  1677  1690 W GnssLocationProvider: Could not open GPS configuration file /etc/gps.conf
02-20 21:05:09.384  1677  1690 E GnssLocationProvider: no AGPS interface in set_agps_server
02-20 21:05:09.397  1677  1690 W GnssLocationProvider: Could not open GPS configuration file /etc/gps.conf
02-20 21:05:09.397  1677  1690 E GnssLocationProvider: no AGPS interface in set_agps_server
02-20 21:05:09.397  1677  1690 I GnssLocationProvider: WakeLock released by handleMessage(12, 0, null)
02-20 21:05:09.412  1677  1690 W GnssLocationProvider: Could not open GPS configuration file /etc/gps.conf
02-20 21:05:09.412  1677  1690 E GnssLocationProvider: no AGPS interface in set_agps_server
02-20 21:05:09.423  1677  1690 I GnssLocationProvider: WakeLock released by handleMessage(12, 0, null)
02-20 21:05:09.432  1677  1698 I dvm_lock_sample: [system_server,1,android.display,57,WindowManagerService.java,8857,-,2857,11]
02-20 21:05:09.433  1677  1691 W art     : Long monitor contention with owner Binder:1677_4 (1858) at void com.android.server.am.ActivityManagerService.updateConfiguration(android.content.res.Configuration)(ActivityManagerService.java:18937) waiters=1 in void com.android.server.am.ActivityManagerService$MainHandler.handleMessage(android.os.Message) for 139ms
02-20 21:05:09.434  1677  1691 I dvm_lock_sample: [system_server,1,ActivityManager,139,ActivityManagerService.java,2294,-,18937,27]
02-20 21:05:09.435  1762  1762 I Choreographer: Skipped 35 frames!  The application may be doing too much work on its main thread.
02-20 21:05:09.437  1918  1918 D SubscriptionController: [setDefaultFallbackSubId] broadcast default subId changed phoneId=0 subId=1
02-20 21:05:09.437  1918  1918 D SubscriptionController: [addSubInfoRecord] one sim set defaults to subId=1
02-20 21:05:09.437  1918  1918 D SubscriptionController: [setDefaultDataSubId] num phones=1, subId=1
02-20 21:05:09.437  1918  1918 D SubscriptionController: [setDefaultDataSubId] phoneId=0 subId=1 RAF=1
02-20 21:05:09.438  1918  1918 D ProxyController: setRadioCapability: Already in requested configuration, nothing to do.
02-20 21:05:09.438  1918  1918 D SubscriptionController: [updateAllDataConnectionTrackers] sPhones.length=1
02-20 21:05:09.438  1918  1918 D SubscriptionController: [updateAllDataConnectionTrackers] phoneId=0
02-20 21:05:09.438  1918  1918 D DCT     : [0]update sub = 1
02-20 21:05:09.438  1918  1918 D DCT     : [0]update(): Active DDS, register for all events now!
02-20 21:05:09.438  1918  1918 D DCT     : [0]New records found.
02-20 21:05:09.438  1918  1918 D SST     : mDeviceShuttingDown=false, mDesiredPowerState=true, getRadioState=RADIO_ON, mPowerOffDelayNeed=true, mAlarmSwitch=false, mRadioDisabledByCarrier=false
02-20 21:05:09.439  1918  1940 D RILJ    : [3736]> RIL_REQUEST_GET_CELL_INFO_LIST [SUB0]
02-20 21:05:09.439  1374  1480 D RIL     : onRequest: GET_CELL_INFO_LIST
02-20 21:05:09.439  1374  1480 D RILC    : responseCellInfoList: v12
02-20 21:05:09.440  1918  2005 D RILJ    : [3736]< RIL_REQUEST_GET_CELL_INFO_LIST [CellInfoGsm:{mRegistered=YES mTimeStampType=modem mTimeStamp=12639839377ns CellIdentityGsm:{ mMcc=310 mMnc=260 mLac=3 mCid=91 mArfcn=10 mBsic=0x0} CellSignalStrengthGsm: ss=-570429000 ber=32040 mTa=-562717572}] [SUB0]
02-20 21:05:09.450  1918  1918 D GsmCdmaPhone: [GsmCdmaPhone] updateCurrentCarrierInProvider: mSubId = 1 currentDds = 1 operatorNumeric = 310260
02-20 21:05:09.465  1677  1730 I netstats_mobile_sample: [0,0,0,0,0,0,0,0,0,0,0,0,-1]
02-20 21:05:09.466  1677  1730 I netstats_wifi_sample: [0,0,0,0,0,0,0,0,0,0,0,0,-1]
02-20 21:05:09.468  1918  2048 D DCT     : [0]setPolicyDataEnabled: true
02-20 21:05:09.477  1762  1762 D ViewRootImpl[StatusBar]: changeCanvasOpacity: opaque=true
02-20 21:05:09.490  1918  1918 D SubscriptionController: [broadcastDefaultDataSubIdChanged] subId=1
02-20 21:05:09.490  1677  1730 I am_proc_start: [0,2087,10067,com.google.android.deskclock,broadcast,com.google.android.deskclock/com.android.deskclock.AlarmInitReceiver]
02-20 21:05:09.491  1677  1730 I ActivityManager: Start proc 2087:com.google.android.deskclock/u0a67 for broadcast com.google.android.deskclock/com.android.deskclock.AlarmInitReceiver
02-20 21:05:09.502  1918  1918 D SubscriptionController: [setDefaultSmsSubId] subId=1
02-20 21:05:09.503  1918  1918 D SubscriptionController: [broadcastDefaultSmsSubIdChanged] subId=1
02-20 21:05:09.508  2087  2087 W art     : Unexpected CPU variant for X86 using defaults: x86_64
02-20 21:05:09.511  1918  1918 D SubscriptionController: [setDefaultVoiceSubId] subId=1
02-20 21:05:09.511  1312  1969 I SurfaceFlinger: Boot is finished (10796 ms)
02-20 21:05:09.511  1918  1918 D SubscriptionController: [broadcastDefaultVoiceSubIdChanged] subId=1
02-20 21:05:09.512  1312  1969 I sf_stop_bootanim: 12711
02-20 21:05:09.513  1677  1692 W WindowManager: Keyguard drawn timeout. Setting mKeyguardDrawComplete
02-20 21:05:09.513  1918  1918 D SubscriptionController: [addSubInfoRecord] hashmap(0,1)
02-20 21:05:09.514  1677  1692 V KeyguardServiceDelegate: *** Keyguard connected (yay!)
02-20 21:05:08.737     0     0 I init    : Service 'bootanim' (pid 1333) exited with status 0
02-20 21:05:08.738     0     0 I init    : Starting service 'exec 6 (/system/bin/bootstat)'...
02-20 21:05:09.522  2095  2095 I auditd  : type=1400 audit(0.0:11): avc: denied { getattr } for comm="bootstat" path="/vendor" dev="rootfs" ino=4002 scontext=u:r:bootstat:s0 tcontext=u:object_r:rootfs:s0 tclass=lnk_file permissive=0
02-20 21:05:09.522  2095  2095 W bootstat: type=1400 audit(0.0:11): avc: denied { getattr } for path="/vendor" dev="rootfs" ino=4002 scontext=u:r:bootstat:s0 tcontext=u:object_r:rootfs:s0 tclass=lnk_file permissive=0
02-20 21:05:09.522  1312  2084 D         : HostConnection::get() New Host Connection established 0x7f8e5ece90c0, tid 2084
02-20 21:05:08.769     0     0 I init    : Service 'exec 6 (/system/bin/bootstat)' (pid 2095) exited with status 0
02-20 21:05:08.775     0     0 I init    : Starting service 'exec 7 (/system/bin/bootstat)'...
02-20 21:05:09.528  1918  1918 D DCT     : [0]update sub = 1
02-20 21:05:09.528  1918  1918 D DCT     : [0]update(): Active DDS, register for all events now!
02-20 21:05:09.529  1918  1918 D GsmCdmaPhone: [GsmCdmaPhone] updateCurrentCarrierInProvider: mSubId = 1 currentDds = 1 operatorNumeric = 310260
02-20 21:05:09.544  2095  2095 I bootstat: Service started: /system/bin/bootstat --record_boot_complete 
02-20 21:05:09.547  1677  2085 I am_proc_bound: [0,2087,com.google.android.deskclock]
02-20 21:05:09.553  2095  2095 I bootstat: Logging histogram: bootstat_mtime_matches_content 1
02-20 21:05:09.553  2095  2095 I sysui_histogram: [bootstat_mtime_matches_content,1]
02-20 21:05:09.554  2095  2095 I bootstat: Logging histogram: bootstat_mtime_matches_content 1
02-20 21:05:09.554  2095  2095 I sysui_histogram: [bootstat_mtime_matches_content,1]
02-20 21:05:09.555  2095  2095 I bootstat: Logging histogram: bootstat_mtime_matches_content 1
02-20 21:05:09.555  2095  2095 I sysui_histogram: [bootstat_mtime_matches_content,1]
02-20 21:05:09.567  1918  1918 D SubscriptionController: [addSubInfoRecord]- info size=1
02-20 21:05:09.572  2103  2103 I auditd  : type=1400 audit(0.0:12): avc: denied { getattr } for comm="bootstat" path="/vendor" dev="rootfs" ino=4002 scontext=u:r:bootstat:s0 tcontext=u:object_r:rootfs:s0 tclass=lnk_file permissive=0
02-20 21:05:09.572  2103  2103 W bootstat: type=1400 audit(0.0:12): avc: denied { getattr } for path="/vendor" dev="rootfs" ino=4002 scontext=u:r:bootstat:s0 tcontext=u:object_r:rootfs:s0 tclass=lnk_file permissive=0
02-20 21:05:08.810     0     0 I init    : Service 'exec 7 (/system/bin/bootstat)' (pid 2103) exited with status 0
02-20 21:05:08.811     0     0 I init    : Starting service 'exec 8 (/system/bin/bootstat)'...
02-20 21:05:08.841     0     0 I init    : Service 'exec 8 (/system/bin/bootstat)' (pid 2119) exited with status 0
02-20 21:05:08.842     0     0 I init    : Starting service 'exec 9 (/system/bin/bootstat)'...
02-20 21:05:08.893     0     0 I init    : Service 'exec 9 (/system/bin/bootstat)' (pid 2121) exited with status 0
02-20 21:05:08.894     0     0 I init    : write_file: Unable to open '/sys/class/android_usb/android0/enable': No such file or directory
02-20 21:05:08.895     0     0 I init    : write_file: Unable to open '/sys/class/android_usb/android0/idVendor': No such file or directory
02-20 21:05:08.895     0     0 I init    : write_file: Unable to open '/sys/class/android_usb/android0/idProduct': No such file or directory
02-20 21:05:08.896     0     0 I init    : write_file: Unable to open '/sys/class/android_usb/android0/functions': No such file or directory
02-20 21:05:08.898     0     0 I init    : write_file: Unable to open '/sys/class/android_usb/android0/enable': No such file or directory
02-20 21:05:09.612  2119  2119 I auditd  : type=1400 audit(0.0:13): avc: denied { getattr } for comm="bootstat" path="/vendor" dev="rootfs" ino=4002 scontext=u:r:bootstat:s0 tcontext=u:object_r:rootfs:s0 tclass=lnk_file permissive=0
02-20 21:05:09.612  2119  2119 W bootstat: type=1400 audit(0.0:13): avc: denied { getattr } for path="/vendor" dev="rootfs" ino=4002 scontext=u:r:bootstat:s0 tcontext=u:object_r:rootfs:s0 tclass=lnk_file permissive=0
02-20 21:05:09.642  2121  2121 I auditd  : type=1400 audit(0.0:14): avc: denied { getattr } for comm="bootstat" path="/vendor" dev="rootfs" ino=4002 scontext=u:r:bootstat:s0 tcontext=u:object_r:rootfs:s0 tclass=lnk_file permissive=0
02-20 21:05:09.642  2121  2121 W bootstat: type=1400 audit(0.0:14): avc: denied { getattr } for path="/vendor" dev="rootfs" ino=4002 scontext=u:r:bootstat:s0 tcontext=u:object_r:rootfs:s0 tclass=lnk_file permissive=0
02-20 21:05:09.568  1918  1918 D SubscriptionInfoUpdater: newSim = false
02-20 21:05:09.568  1918  1918 D SubscriptionInfoUpdater: updateSubscriptionInfoByIccId: sInsertSimState[0] = 0
02-20 21:05:09.571  1918  1918 D SubscriptionInfoUpdater: updateSubscriptionInfoByIccId: nSubCount = 1
02-20 21:05:09.572  1918  1918 D SubscriptionController: [setDefaultDataSubId] num phones=1, subId=1
02-20 21:05:09.573  1918  1918 D SubscriptionController: [setDefaultDataSubId] phoneId=0 subId=1 RAF=1
02-20 21:05:09.573  1918  1918 D ProxyController: setRadioCapability: Already in requested configuration, nothing to do.
02-20 21:05:09.573  1918  1918 D SubscriptionController: [updateAllDataConnectionTrackers] sPhones.length=1
02-20 21:05:09.573  1918  1918 D SubscriptionController: [updateAllDataConnectionTrackers] phoneId=0
02-20 21:05:09.573  1918  1918 D DCT     : [0]update sub = 1
02-20 21:05:09.573  1918  1918 D DCT     : [0]update(): Active DDS, register for all events now!
02-20 21:05:09.573  1918  1918 D GsmCdmaPhone: [GsmCdmaPhone] updateCurrentCarrierInProvider: mSubId = 1 currentDds = 1 operatorNumeric = 310260
02-20 21:05:09.583  1312  1312 I sf_frame_dur: [BootAnimation,0,30,176,16,0,0,0]
02-20 21:05:09.585  1677  1698 I wm_boot_animation_done: 12785
02-20 21:05:09.586  1677  1698 I SystemServiceManager: Starting phase 1000
02-20 21:05:09.595  2104  2104 W art     : Unexpected CPU variant for X86 using defaults: x86_64
02-20 21:05:09.604  1918  1918 D SubscriptionController: [broadcastDefaultDataSubIdChanged] subId=1
02-20 21:05:09.604  1677  1698 I am_proc_start: [0,2104,10015,com.google.android.ext.services,on-hold,]
02-20 21:05:09.604  1677  1698 I ActivityManager: Start proc 2104:com.google.android.ext.services/u0a15 for on-hold
02-20 21:05:09.606  2103  2103 I bootstat: Service started: /system/bin/bootstat --record_boot_reason 
02-20 21:05:09.606  2103  2103 I bootstat: Unknown boot reason: 
02-20 21:05:09.612  1677  1698 D ActivityManager: Finishing user boot 0
02-20 21:05:09.619  1677  1698 I sysui_histogram: [framework_locked_boot_completed,12]
02-20 21:05:09.620  1677  1698 D CryptdConnector: SND -> {3 cryptfs prepare_user_storage ! 0 0 2}
02-20 21:05:09.620  1267  1304 D vold    : e4crypt_prepare_user_storage for volume null, user 0, serial 0, flags 2
02-20 21:05:09.620  1267  1304 D vold    : Preparing: /data/system_ce/0
02-20 21:05:09.620  1267  1304 D vold    : Preparing: /data/misc_ce/0
02-20 21:05:09.620  1267  1304 D vold    : Preparing: /data/media/0
02-20 21:05:09.620  1267  1304 D vold    : Preparing: /data/data
02-20 21:05:09.621  1677  1726 D CryptdConnector: RCV <- {200 3 Command succeeded}
02-20 21:05:09.621  1677  1698 V UserManagerService: Found /data/user/0 with serial number 0
02-20 21:05:09.621  1677  1698 V UserManagerService: Found /data/system_ce/0 with serial number 0
02-20 21:05:09.621  1677  1698 V PackageManager: reconcileAppsData for null u0 0x2
02-20 21:05:09.633  2119  2119 I bootstat: Service started: /system/bin/bootstat --record_time_since_factory_reset 
02-20 21:05:09.633  2119  2119 I bootstat: Logging histogram: factory_reset_current_time 1519160709
02-20 21:05:09.633  2119  2119 I sysui_histogram: [factory_reset_current_time,1519160709]
02-20 21:05:09.640  2119  2119 I bootstat: Logging histogram: bootstat_mtime_matches_content 1
02-20 21:05:09.640  2119  2119 I sysui_histogram: [bootstat_mtime_matches_content,1]
02-20 21:05:09.640  2119  2119 I bootstat: Logging histogram: factory_reset_record_value 1519154248
02-20 21:05:09.640  2119  2119 I sysui_histogram: [factory_reset_record_value,1519154248]
02-20 21:05:09.691  2121  2121 I bootstat: Service started: /system/bin/bootstat -l 
02-20 21:05:09.691  2121  2121 I bootstat: Logging histogram: bootstat_mtime_matches_content 1
02-20 21:05:09.691  2121  2121 I sysui_histogram: [bootstat_mtime_matches_content,1]
02-20 21:05:09.691  2121  2121 I bootstat: Logging histogram: bootstat_mtime_matches_content 1
02-20 21:05:09.691  2121  2121 I sysui_histogram: [bootstat_mtime_matches_content,1]
02-20 21:05:09.691  2121  2121 I bootstat: Logging histogram: bootstat_mtime_matches_content 1
02-20 21:05:09.691  2121  2121 I sysui_histogram: [bootstat_mtime_matches_content,1]
02-20 21:05:09.691  2121  2121 I bootstat: Logging histogram: bootstat_mtime_matches_content 1
02-20 21:05:09.691  2121  2121 I sysui_histogram: [bootstat_mtime_matches_content,1]
02-20 21:05:09.692  2121  2121 I bootstat: Logging histogram: bootstat_mtime_matches_content 1
02-20 21:05:09.692  2121  2121 I sysui_histogram: [bootstat_mtime_matches_content,1]
02-20 21:05:09.692  2121  2121 I bootstat: Logging histogram: bootstat_mtime_matches_content 1
02-20 21:05:09.692  2121  2121 I sysui_histogram: [bootstat_mtime_matches_content,1]
02-20 21:05:09.692  2121  2121 I bootstat: Logging histogram: bootstat_mtime_matches_content 1
02-20 21:05:09.692  2121  2121 I sysui_histogram: [bootstat_mtime_matches_content,1]
02-20 21:05:09.692  2121  2121 I bootstat: Logging histogram: bootstat_mtime_matches_content 1
02-20 21:05:09.692  2121  2121 I sysui_histogram: [bootstat_mtime_matches_content,1]
02-20 21:05:09.692  2121  2121 I bootstat: Logging histogram: bootstat_mtime_matches_content 1
02-20 21:05:09.692  2121  2121 I sysui_histogram: [bootstat_mtime_matches_content,1]
02-20 21:05:09.692  2121  2121 I bootstat: Logging histogram: bootstat_mtime_matches_content 1
02-20 21:05:09.692  2121  2121 I sysui_histogram: [bootstat_mtime_matches_content,1]
02-20 21:05:09.692  2121  2121 I bootstat: Logging histogram: bootstat_mtime_matches_content 1
02-20 21:05:09.692  2121  2121 I sysui_histogram: [bootstat_mtime_matches_content,1]
02-20 21:05:09.692  2121  2121 I bootstat: Logging histogram: bootstat_mtime_matches_content 1
02-20 21:05:09.692  2121  2121 I sysui_histogram: [bootstat_mtime_matches_content,1]
02-20 21:05:09.692  2121  2121 I bootstat: Logging histogram: bootstat_mtime_matches_content 1
02-20 21:05:09.692  2121  2121 I sysui_histogram: [bootstat_mtime_matches_content,1]
02-20 21:05:09.692  2121  2121 I bootstat: Logging histogram: bootstat_mtime_matches_content 1
02-20 21:05:09.692  2121  2121 I sysui_histogram: [bootstat_mtime_matches_content,1]
02-20 21:05:09.692  2121  2121 I bootstat: Logging histogram: post_decrypt_time_elapsed 2
02-20 21:05:09.692  2121  2121 I sysui_histogram: [post_decrypt_time_elapsed,2]
02-20 21:05:09.692  2121  2121 I bootstat: Logging histogram: last_boot_time_utc 1519160709
02-20 21:05:09.692  2121  2121 I sysui_histogram: [last_boot_time_utc,1519160709]
02-20 21:05:09.692  2121  2121 I bootstat: Logging histogram: build_date 1513095943
02-20 21:05:09.692  2121  2121 I sysui_histogram: [build_date,1513095943]
02-20 21:05:09.692  2121  2121 I bootstat: Logging histogram: boot_decryption_complete 12
02-20 21:05:09.692  2121  2121 I sysui_histogram: [boot_decryption_complete,12]
02-20 21:05:09.692  2121  2121 I bootstat: Logging histogram: ota_boot_complete_post_decrypt 7
02-20 21:05:09.692  2121  2121 I sysui_histogram: [ota_boot_complete_post_decrypt,7]
02-20 21:05:09.692  2121  2121 I bootstat: Logging histogram: ota_boot_complete 9
02-20 21:05:09.692  2121  2121 I sysui_histogram: [ota_boot_complete,9]
02-20 21:05:09.692  2121  2121 I bootstat: Logging histogram: boot_reason 1
02-20 21:05:09.693  2121  2121 I sysui_histogram: [boot_reason,1]
02-20 21:05:09.693  2121  2121 I bootstat: Logging histogram: factory_reset_current_time 1519160709
02-20 21:05:09.693  2121  2121 I sysui_histogram: [factory_reset_current_time,1519160709]
02-20 21:05:09.693  2121  2121 I bootstat: Logging histogram: factory_reset 1519154248
02-20 21:05:09.693  2121  2121 I sysui_histogram: [factory_reset,1519154248]
02-20 21:05:09.693  2121  2121 I bootstat: Logging histogram: time_since_last_boot 75
02-20 21:05:09.693  2121  2121 I sysui_histogram: [time_since_last_boot,75]
02-20 21:05:09.693  2121  2121 I bootstat: Logging histogram: boot_complete_post_decrypt 10
02-20 21:05:09.693  2121  2121 I sysui_histogram: [boot_complete_post_decrypt,10]
02-20 21:05:09.693  2121  2121 I bootstat: Logging histogram: boot_complete 12
02-20 21:05:09.693  2121  2121 I sysui_histogram: [boot_complete,12]
02-20 21:05:09.693  2121  2121 I bootstat: Logging histogram: factory_reset_record_value 1519154248
02-20 21:05:09.693  2121  2121 I sysui_histogram: [factory_reset_record_value,1519154248]
02-20 21:05:09.693  2121  2121 I bootstat: Logging histogram: time_since_factory_reset 6461
02-20 21:05:09.693  2121  2121 I sysui_histogram: [time_since_factory_reset,6461]
02-20 21:05:09.719  2087  2087 W System  : ClassLoader referenced unknown path: /system/app/PrebuiltDeskClockGoogle/lib/x86_64
02-20 21:05:09.728  1677  1698 V PackageManager: reconcileAppsData finished 100 packages
02-20 21:05:09.728  1677  1688 W art     : Long monitor contention with owner android.display (1698) at void com.android.server.am.ActivityManagerService.finishBooting()(ActivityManagerService.java:6823) waiters=0 in int com.android.server.am.ActivityManagerService.broadcastIntent(android.app.IApplicationThread, android.content.Intent, java.lang.String, android.content.IIntentReceiver, int, java.lang.String, android.os.Bundle, java.lang.String[], int, android.os.Bundle, boolean, boolean, int) for 124ms
02-20 21:05:09.728  1677  1688 I dvm_lock_sample: [system_server,1,Binder:1677_1,124,ActivityManagerService.java,18551,-,6823,24]
02-20 21:05:09.729  1677  1858 I am_proc_bound: [0,2104,com.google.android.ext.services]
02-20 21:05:09.730  1677  1691 D MountService: onUnlockUser 0
02-20 21:05:09.730  1677  1691 D VoldConnector: SND -> {7 volume user_started 0}
02-20 21:05:09.732  1918  1918 D SubscriptionController: notifySubscriptionInfoChanged:
02-20 21:05:09.732  1918  2048 D SubscriptionMonitor: Phone[0] subId changed -2->1, 1 registrants
02-20 21:05:09.732  1918  2048 D SubscriptionMonitor: mDefaultDataSubId = 1, 1 registrants
02-20 21:05:09.734  1267  1303 D vold    : Linking /storage/emulated/0 to /mnt/user/0/primary
02-20 21:05:09.737  1918  1918 D SubscriptionInfoUpdater: updateSubscriptionInfoByIccId:- SsubscriptionInfo update complete
02-20 21:05:09.737  1918  1918 D MccTable: updateMccMncConfiguration mccmnc='310260' fromServiceState=false
02-20 21:05:09.752  1918  1918 D MccTable: updateMccMncConfiguration defaultMccMnc=310260
02-20 21:05:09.752  1918  1918 D MccTable: updateMccMncConfiguration: mcc=310, mnc=260
02-20 21:05:09.752  1918  1918 D MccTable: updateMccMncConfiguration updateConfig config={1.0 310mcc260mnc ?localeList ?layoutDir ?swdp ?wdp ?hdp ?density ?lsize ?long ?orien ?uimode ?night ?touch ?keyb/?/? ?nav/?}
02-20 21:05:09.752  1677  1725 D VoldConnector: RCV <- {200 7 Command succeeded}
02-20 21:05:09.753  1677  1724 D MountService: Volume public:253,64 broadcasting mounted to UserHandle{0}
02-20 21:05:09.754  1918  1918 D SubscriptionController: [setMccMnc]+ mcc/mnc:310/260 subId:1
02-20 21:05:09.754  1677  1724 D MountService: Volume emulated broadcasting mounted to UserHandle{0}
02-20 21:05:09.775  2104  2104 W System  : ClassLoader referenced unknown path: /system/priv-app/GoogleExtServices/lib/x86_64
02-20 21:05:09.776  1677  1691 V BackupManagerService: No ancestral data
02-20 21:05:09.784  1677  1691 V BackupManagerService: Starting with transport android/com.android.internal.backup.LocalTransport
02-20 21:05:09.785  1677  1691 V BackupManagerService: Found transports: 2
02-20 21:05:09.812  1677  1691 I am_proc_start: [0,2126,10014,com.google.android.gms.persistent,service,com.google.android.gms/.backup.BackupTransportService]
02-20 21:05:09.812  1677  1691 I ActivityManager: Start proc 2126:com.google.android.gms.persistent/u0a14 for service com.google.android.gms/.backup.BackupTransportService
02-20 21:05:09.813  1677  1691 I BackupManagerService: Backup enabled => false
02-20 21:05:09.826  1918  1918 D SubscriptionController: notifySubscriptionInfoChanged:
02-20 21:05:09.835  1918  1918 D SubscriptionController: [getActiveSubscriptionInfo]+ subId=1 subInfo={id=1, iccId=89014103211118510720 simSlotIndex=0 displayName=Android carrierName=Android nameSource=0 iconTint=-16746133 dataRoaming=0 iconBitmap=android.graphics.Bitmap@a223dc3 mcc 310 mnc 260}
02-20 21:05:09.835  1918  1918 D SubscriptionInfoUpdater: sim name = Android
02-20 21:05:09.841  1918  1918 D SubscriptionInfoUpdater: Broadcasting intent ACTION_SIM_STATE_CHANGED LOADED reason null for mCardIndex: 0
02-20 21:05:09.841  2126  2126 W art     : Unexpected CPU variant for X86 using defaults: x86_64
02-20 21:05:09.841  1918  1918 D CarrierConfigLoader: update config for phoneId: 0 simState: LOADED
02-20 21:05:09.841  1918  1918 D CarrierSvcBindHelper: update binding for phoneId: 0 simState: LOADED
02-20 21:05:09.895  1677  1677 I GnssLocationProvider: WakeLock acquired by sendMessage(12, 0, null)
02-20 21:05:09.899  1677  2085 I am_proc_bound: [0,2126,com.google.android.gms.persistent]
02-20 21:05:09.932  1762  1981 D         : HostConnection::get() New Host Connection established 0x7759521938a0, tid 1981
02-20 21:05:09.942  1762  1981 I OpenGLRenderer: Initialized EGL, version 1.4
02-20 21:05:09.942  1762  1981 D OpenGLRenderer: Swap behavior 1
02-20 21:05:09.958  1677  1677 I GnssLocationProvider: WakeLock acquired by sendMessage(12, 0, null)
02-20 21:05:09.959  1677  1677 V BackupManagerService: Connected to transport ComponentInfo{android/com.android.internal.backup.LocalTransportService}
02-20 21:05:09.959  1677  1677 V BackupManagerService: Registering transport android/com.android.internal.backup.LocalTransportService::android/com.android.internal.backup.LocalTransport = android.app.backup.BackupTransport$TransportImpl@cabec2c
02-20 21:05:09.962  1677  1677 I backup_transport_lifecycle: [android/com.android.internal.backup.LocalTransportService,1]
02-20 21:05:09.962  1677  1687 I art     : Background sticky concurrent mark sweep GC freed 41222(2MB) AllocSpace objects, 13(812KB) LOS objects, 16% free, 15MB/18MB, paused 3.475ms total 145.963ms
02-20 21:05:09.972  1762  1981 D EGL_emulation: eglCreateContext: 0x775950089bc0: maj 3 min 0 rcv 3
02-20 21:05:10.016  1677  2125 V KeyValueBackupJob: Scheduling k/v pass in 243 minutes
02-20 21:05:10.016  2126  2126 W System  : ClassLoader referenced unknown path: /system/priv-app/PrebuiltGmsCore/lib/x86_64
02-20 21:05:10.020  1762  1981 D EGL_emulation: eglMakeCurrent: 0x775950089bc0: ver 3 0 (tinfo 0x77595009f1e0)
02-20 21:05:10.055  1363  1795 I art     : Starting a blocking GC HeapTrim
02-20 21:05:10.064  1918  1918 D SubscriptionController: [getActiveSubscriptionInfo]+ subId=1 subInfo={id=1, iccId=89014103211118510720 simSlotIndex=0 displayName=Android carrierName=Android nameSource=0 iconTint=-16746133 dataRoaming=0 iconBitmap=android.graphics.Bitmap@be0f31f mcc 310 mnc 260}
02-20 21:05:10.065  2152  2152 W art     : Unexpected CPU variant for X86 using defaults: x86
02-20 21:05:10.090  1677  1688 I Telecom : PhoneAccountRegistrar: [ComponentInfo{com.android.phone/com.android.services.telephony.TelephonyConnectionService}, [e0184adedf913b076626646d3f52c3b49c39ad6d], UserHandle{0}(icon: Icon(typ=BITMAP size=76x96) -> Icon(typ=BITMAP size=76x96))]: TSI.rPA@ABE
02-20 21:05:10.094  1677  1688 I Telecom : : Sending phone-account registered intent as user: TSI.rPA@ABE
02-20 21:05:10.096  1677  1691 I am_proc_start: [0,2152,10029,com.google.android.googlequicksearchbox:interactor,service,com.google.android.googlequicksearchbox/com.google.android.voiceinteraction.GsaVoiceInteractionService]
