02-20 21:06:26.199  1912  1912 D SST     : EVENT_POLL_STATE_NETWORK_SELECTION_MODE
02-20 21:06:26.199  1912  1912 D SST     : Poll ServiceState done:  oldSS=[0 0 voice home data home Android Android 310260 Android Android 310260  Unknown LTE CSS not supported -1 -1 RoamInd=-1 DefRoamInd=-1 EmergOnly=false IsDataRoamingFromRegistration=false IsUsingCarrierAggregation=false] newSS=[0 0 voice home data home Android Android 310260 Android Android 310260  Unknown LTE CSS not supported -1 -1 RoamInd=-1 DefRoamInd=-1 EmergOnly=false IsDataRoamingFromRegistration=false IsUsingCarrierAggregation=false] oldMaxDataCalls=1 mNewMaxDataCalls=1 oldReasonDataDenied=-1 mNewReasonDataDenied=-1
02-20 21:06:26.199  1912  1912 D RuimRecords: [RuimRecords] NO update mccmnc=310260
02-20 21:06:26.199  1912  1912 D RuimRecords: [RuimRecords] onRecordLoaded 9 requested: true
02-20 21:06:26.202  1912  1912 D RILJ    : [3730]> iccIO: SIM_IO 0xb0 0x2fe2  path: 3F00,0,0,10 aid: null [SUB0]
02-20 21:06:26.204  1372  1446 D RIL     : onRequest: SIM_IO
02-20 21:06:26.204  1372  1446 D AT      : AT> AT+CRSM=176,12258,0,0,10
02-20 21:06:26.205  1912  1912 D RILJ    : [3731]> RIL_REQUEST_SIM_CLOSE_CHANNEL [SUB0]
02-20 21:06:26.205  1912  1912 D IccCardProxy: broadcastIccStateChangedIntent intent ACTION_SIM_STATE_CHANGED value=IMSI reason=null for mPhoneId=0
02-20 21:06:26.208  1912  2161 E WAP PUSH: bindService() for wappush manager failed
02-20 21:06:26.208  1912  2162 E WAP PUSH: bindService() for wappush manager failed
02-20 21:06:26.209  1912  1912 D SIMRecords: [SIMRecords] onRecordLoaded 15 requested: true
02-20 21:06:26.209  1912  1912 D RILJ    : [3732]> iccIO: SIM_IO 0xc0 0x6f14  path: 3F007F20,0,0,15 aid: null [SUB0]
02-20 21:06:26.209  1372  1449 D AT      : AT< +CRSM: 144,0,98101430121181157002
02-20 21:06:26.209  1372  1449 D AT      : AT< OK
02-20 21:06:26.209  1372  1446 D RIL     : onRequest: SIM_CLOSE_CHANNEL
02-20 21:06:26.209  1372  1446 D AT      : AT> AT+CCHC=1
02-20 21:06:26.209  1912  1999 D RILJ    : [3730]< SIM_IO IccIoResponse sw1:0x90 sw2:0x0 [SUB0]
02-20 21:06:26.209  1372  1449 D AT      : AT< +CCHC
02-20 21:06:26.209  1372  1449 D AT      : AT< OK
02-20 21:06:26.209  1676  1676 I AccountManagerService: User 0 is unlocked - opening CE database
02-20 21:06:26.210  1912  1999 D RILJ    : [3731]< RIL_REQUEST_SIM_CLOSE_CHANNEL  [SUB0]
02-20 21:06:26.210  1372  1446 D RIL     : onRequest: SIM_IO
02-20 21:06:26.210  1372  1446 D AT      : AT> AT+CRSM=192,28436,0,0,15
02-20 21:06:26.210  1912  1912 D SIMRecords: [SIMRecords] onRecordLoaded 15 requested: true
02-20 21:06:26.210  1912  1912 D SIMRecords: [SIMRecords] onRecordLoaded 14 requested: true
02-20 21:06:26.210  1912  1912 E SIMRecords: [SIMRecords] Exception in fetching EF_CSP data com.android.internal.telephony.CommandException: GENERIC_FAILURE
02-20 21:06:26.210  1912  1912 D SIMRecords: [SIMRecords] onRecordLoaded 13 requested: true
02-20 21:06:26.210  1912  1912 E SIMRecords: [SIMRecords] Exception in get GID1 com.android.internal.telephony.CommandException: GENERIC_FAILURE
02-20 21:06:26.211  1912  1912 D SIMRecords: [SIMRecords] onRecordLoaded 12 requested: true
02-20 21:06:26.211  1912  1912 E SIMRecords: [SIMRecords] Exception in get GID2 com.android.internal.telephony.CommandException: GENERIC_FAILURE
02-20 21:06:26.211  1912  1912 D SIMRecords: [SIMRecords] onRecordLoaded 11 requested: true
02-20 21:06:26.211  1912  1912 D SubscriptionInfoUpdater: [Receiver]+
02-20 21:06:26.211  1912  1912 D SubscriptionInfoUpdater: Action: android.intent.action.SIM_STATE_CHANGED
02-20 21:06:26.211  1912  1912 D SubscriptionInfoUpdater: slotId: 0
02-20 21:06:26.211  1912  1912 D SubscriptionInfoUpdater: simStatus: NOT_READY
02-20 21:06:26.211  1912  1912 D SubscriptionInfoUpdater: Ignoring simStatus: NOT_READY
02-20 21:06:26.211  1912  1912 D SubscriptionInfoUpdater: [Receiver]-
02-20 21:06:26.211  1912  1912 D RuimRecords: [RuimRecords] EF_PL LOADED
02-20 21:06:26.211  1912  1912 E RuimRecords: [RuimRecords] Record Load Exception: com.android.internal.telephony.CommandException: GENERIC_FAILURE
02-20 21:06:26.211  1912  1912 D RuimRecords: [RuimRecords] onRecordLoaded 8 requested: true
02-20 21:06:26.211  1912  1912 D RuimRecords: [RuimRecords] EF_CSIM_LI LOADED
02-20 21:06:26.213  1912  1912 E RuimRecords: [RuimRecords] Record Load Exception: com.android.internal.telephony.CommandException: GENERIC_FAILURE
02-20 21:06:26.213  1912  1912 D RuimRecords: [RuimRecords] onRecordLoaded 7 requested: true
02-20 21:06:26.213  1912  1912 D RuimRecords: [RuimRecords] EF_CSIM_SPN LOADED
02-20 21:06:26.213  1912  1912 E RuimRecords: [RuimRecords] Record Load Exception: com.android.internal.telephony.CommandException: GENERIC_FAILURE
02-20 21:06:26.213  1912  1912 D RuimRecords: [RuimRecords] onRecordLoaded 6 requested: true
02-20 21:06:26.213  1912  1912 D RuimRecords: [RuimRecords] EF_CSIM_MDN LOADED
02-20 21:06:26.213  1912  1912 E RuimRecords: [RuimRecords] Record Load Exception: com.android.internal.telephony.CommandException: GENERIC_FAILURE
02-20 21:06:26.213  1912  1912 D RuimRecords: [RuimRecords] onRecordLoaded 5 requested: true
02-20 21:06:26.213  1912  1912 D RuimRecords: [RuimRecords] EF_CSIM_IMSIM LOADED
02-20 21:06:26.213  1372  1449 D AT      : AT< +CRSM: 144,0,000000146f1404001aa0aa01020000
02-20 21:06:26.213  1372  1449 D AT      : AT< OK
02-20 21:06:26.221  1676  1688 I am_proc_bound: [0,2153,com.google.android.apps.nexuslauncher]
02-20 21:06:26.227  1676  1688 I am_restart_activity: [0,100695475,239,com.google.android.apps.nexuslauncher/.NexusLauncherActivity]
02-20 21:06:26.245  1773  1773 E BluetoothAdapter: Bluetooth binder is null
02-20 21:06:26.247  1372  1446 D RIL     : onRequest: SIM_IO
02-20 21:06:26.247  1372  1446 D AT      : AT> AT+CRSM=192,28615,0,0,15
02-20 21:06:26.250  1372  1449 D AT      : AT< +CRSM: 144,0,000000406fc7040011a0aa01020120
02-20 21:06:26.250  1372  1449 D AT      : AT< OK
02-20 21:06:26.266  1676  1956 I configuration_changed: 3
02-20 21:06:26.266  1676  1956 I ActivityManager: Config changes=3 {1.0 310mcc260mnc [en_US] ldltr sw360dp w360dp h668dp 640dpi nrml long port finger -keyb/v/h -nav/h s.6}
02-20 21:06:26.281  2094  2094 I LoadedApk: No resource references to update in package FFFFFFFFFFFFFFFFFFFFFF
02-20 21:06:26.287  2153  2153 W System  : ClassLoader referenced unknown path: /system/priv-app/NexusLauncherPrebuilt/lib/x86_64
02-20 21:06:26.304  1676  1956 I am_relaunch_resume_activity: [0,100695475,239,com.google.android.apps.nexuslauncher/.NexusLauncherActivity]
02-20 21:06:26.306  1676  1693 W WindowManager: Keyguard drawn timeout. Setting mKeyguardDrawComplete
02-20 21:06:26.313  1372  1446 D RIL     : onRequest: SIM_IO
02-20 21:06:26.313  1372  1446 D AT      : AT> AT+CRSM=176,28436,0,0,20
02-20 21:06:26.313  1372  1449 D AT      : AT< +CRSM: 144,0,416e64726f6964ffffffffffffffffffffffffff
02-20 21:06:26.313  1372  1449 D AT      : AT< OK
02-20 21:06:26.316  1372  1446 D RIL     : onRequest: SIM_IO
02-20 21:06:26.316  1372  1446 D AT      : AT> AT+CRSM=178,28615,1,4,32
02-20 21:06:26.319  1372  1449 D AT      : AT< +CRSM: 144,0,566f6963656d61696cffffffffffffffffff07915155125740f9ffffffffffff
02-20 21:06:26.319  1372  1449 D AT      : AT< OK
02-20 21:06:26.351  1912  1912 I liblog  : 69
02-20 21:06:26.351  1912  1912 D SubscriptionController: notifySubscriptionInfoChanged:
02-20 21:06:26.356  1912  1912 D SIMRecords: [SIMRecords] onAllRecordsLoaded set mcc imsi
02-20 21:06:26.356  1912  1912 D TelephonyManager: setTelephonyProperty: success phoneId=0 property=gsm.sim.operator.iso-country value: us propVal=us
02-20 21:06:26.361  1773  1773 I CameraManagerGlobal: Connecting to camera service
02-20 21:06:26.376  1912  1912 D SST     : SubscriptionListener.onSubscriptionInfoChanged
02-20 21:06:26.376  1912  1912 D SIMRecords: [SIMRecords]  VoiceMessageCount from SIM MWIS = 0
02-20 21:06:26.376  1912  1912 E Phone   : getStoredVoiceMessageCount: invalid subId -2
02-20 21:06:26.376  1912  1912 D GsmCdmaPhone: [GsmCdmaPhone] updateVoiceMail countVoiceMessages = 0 subId -2
02-20 21:06:26.376  1912  1912 E Phone   : setVoiceMessageCount in sharedPreference: invalid subId -2
02-20 21:06:26.376  1912  1912 D DCT     : [0]SubscriptionListener.onSubscriptionInfoChanged
02-20 21:06:26.377  1912  1912 D SubscriptionController: [getActiveSubInfoList] Sub Controller not ready
02-20 21:06:26.379  1912  1912 D SubscriptionController: [getActiveSubInfoList] Sub Controller not ready
02-20 21:06:26.380  1912  1912 I Telephony: PstnIncomingCallNotifier: Unregistering: Handler (com.android.internal.telephony.GsmCdmaPhone) {c77a5f8}
02-20 21:06:26.380  1912  1912 E PhoneInterfaceManager: [PhoneIntfMgr] getIccId: No UICC
02-20 21:06:26.395  1912  1932 D DCT     : [0]hasMatchedTetherApnSetting: APN=null
02-20 21:06:26.400  1363  1363 V EmulatedCamera_Camera: getCameraInfo
02-20 21:06:26.401  1363  1363 V EmulatedCamera_BaseCamera: getCameraInfo
02-20 21:06:26.401  1363  1363 I CameraService: getCameraCharacteristics: Switching to HAL1 shim implementation...
02-20 21:06:26.401  1363  1363 V EmulatedCamera_Camera: getCameraInfo
02-20 21:06:26.401  1363  1363 V EmulatedCamera_BaseCamera: getCameraInfo
02-20 21:06:26.401  1363  1363 I CameraService: CameraService::connect call (PID -1 "cameraserver", camera ID 0) for HAL version default and Camera API version 1
02-20 21:06:26.402  1363  1363 E CameraService: getCameraPriorityFromProcState: Received invalid process state -1 from ActivityManagerService!
02-20 21:06:26.402  1363  1363 V EmulatedCamera_Camera: getCameraInfo
02-20 21:06:26.402  1363  1363 V EmulatedCamera_BaseCamera: getCameraInfo
02-20 21:06:26.429  1676  1956 I Telecom : PhoneAccountRegistrar: [ComponentInfo{com.android.phone/com.android.services.telephony.TelephonyConnectionService}, [e0184adedf913b076626646d3f52c3b49c39ad6d], UserHandle{0}(addr: tel:*********** -> tel:)(icon: Icon(typ=BITMAP size=76x96) -> Icon(typ=BITMAP size=76x96))(subAddr: tel:*********** -> tel:)]: TSI.rPA@AAg
02-20 21:06:26.431  1676  1956 I Telecom : : Sending phone-account registered intent as user: TSI.rPA@AAg
02-20 21:06:26.440  1912  1912 I Telephony: AccountEntry: Registered phoneAccount: [[ ] PhoneAccount: ComponentInfo{com.android.phone/com.android.services.telephony.TelephonyConnectionService}, [e0184adedf913b076626646d3f52c3b49c39ad6d], UserHandle{0} Capabilities: CallProvider MultiUser PlaceEmerg SimSub  Schemes: tel voicemail  Extras: null GroupId: [da39a3ee5e6b4b0d3255bfef95601890afd80709]] with handle: ComponentInfo{com.android.phone/com.android.services.telephony.TelephonyConnectionService}, [e0184adedf913b076626646d3f52c3b49c39ad6d], UserHandle{0}
02-20 21:06:26.441  1912  1912 I Telephony: PstnIncomingCallNotifier: Registering: Handler (com.android.internal.telephony.GsmCdmaPhone) {c77a5f8}
02-20 21:06:26.442  1912  1912 D CAT     : CatService: handleMessage[20]
02-20 21:06:26.443  1912  1912 D GsmCdmaPhone: [GsmCdmaPhone] updateCurrentCarrierInProvider: mSubId = -2 currentDds = 1 operatorNumeric = 310260
02-20 21:06:26.443  1912  1912 D IccCardProxy: operator=310260 mPhoneId=0
02-20 21:06:26.443  1912  1912 D TelephonyManager: setTelephonyProperty: success phoneId=0 property=gsm.sim.operator.numeric value: 310260 propVal=310260
02-20 21:06:26.443  1912  1912 D TelephonyManager: setTelephonyProperty: success phoneId=0 property=gsm.sim.operator.iso-country value: us propVal=us
02-20 21:06:26.443  1912  1912 D IccCardProxy: Sending intent ACTION_INTERNAL_SIM_STATE_CHANGED for mPhoneId : 0
02-20 21:06:26.444  1912  1912 D SST     : EVENT_SIM_RECORDS_LOADED: what=16
02-20 21:06:26.448  1370  2184 E WVMExtractor: Failed to open libwvm.so: dlopen failed: library "libwvm.so" not found
02-20 21:06:26.451  2153  2153 V Launcher: LauncherAppState inited
02-20 21:06:26.457  1370  2182 D NuPlayerDriver: notifyListener_l(0xecd93420), (1, 0, 0), loop setting(0, 0)
02-20 21:06:26.478  1370  2185 D NuPlayerDriver: notifyListener_l(0xecd93480), (1, 0, 0), loop setting(0, 0)
02-20 21:06:26.494  1676  1751 I am_proc_start: [0,2189,10014,com.google.process.gapps,content provider,com.google.android.gsf/.gservices.GservicesProvider]
02-20 21:06:26.494  1676  1751 I ActivityManager: Start proc 2189:com.google.process.gapps/u0a14 for content provider com.google.android.gsf/.gservices.GservicesProvider
02-20 21:06:26.499  1370  2187 D NuPlayerDriver: notifyListener_l(0xee5a9260), (1, 0, 0), loop setting(0, 0)
02-20 21:06:26.502  2189  2189 W art     : Unexpected CPU variant for X86 using defaults: x86_64
02-20 21:06:26.502  1363  1363 I CameraFlashlight: Opening camera 0
02-20 21:06:26.502  1363  1363 V EmulatedCamera_Camera: getCameraInfo
02-20 21:06:26.502  1363  1363 V EmulatedCamera_BaseCamera: getCameraInfo
02-20 21:06:26.502  1363  1363 V EmulatedCamera_Camera: connectCamera
02-20 21:06:26.502  1363  1363 V EmulatedCamera_FakeDevice: connectDevice
02-20 21:06:26.502  1363  1363 V EmulatedCamera_CallbackNotifier: setCallbacks: 0xe9e16e80, 0xe9e16ed0, 0xe9e16ff0, 0xe9e17110 (0xe9bc3320)
02-20 21:06:26.502  1363  1363 V EmulatedCamera_CallbackNotifier: enableMessage: msg_type = 0xc0d
02-20 21:06:26.502  1363  1363 V EmulatedCamera_CallbackNotifier:     CAMERA_MSG_ERROR
02-20 21:06:26.502  1363  1363 V EmulatedCamera_CallbackNotifier:     CAMERA_MSG_FOCUS
02-20 21:06:26.502  1363  1363 V EmulatedCamera_CallbackNotifier:     CAMERA_MSG_ZOOM
02-20 21:06:26.502  1363  1363 V EmulatedCamera_CallbackNotifier:     CAMERA_MSG_PREVIEW_METADATA
02-20 21:06:26.502  1363  1363 V EmulatedCamera_CallbackNotifier: **** Currently enabled messages:
02-20 21:06:26.502  1363  1363 V EmulatedCamera_CallbackNotifier:     CAMERA_MSG_ERROR
02-20 21:06:26.502  1363  1363 V EmulatedCamera_CallbackNotifier:     CAMERA_MSG_FOCUS
02-20 21:06:26.502  1363  1363 V EmulatedCamera_CallbackNotifier:     CAMERA_MSG_ZOOM
02-20 21:06:26.502  1363  1363 V EmulatedCamera_CallbackNotifier:     CAMERA_MSG_PREVIEW_METADATA
02-20 21:06:26.503  1363  1363 V EmulatedCamera_CallbackNotifier: disableMessage: msg_type = 0xffff
02-20 21:06:26.503  1363  1363 V EmulatedCamera_CallbackNotifier:     CAMERA_MSG_ERROR
02-20 21:06:26.503  1363  1363 V EmulatedCamera_CallbackNotifier:     CAMERA_MSG_SHUTTER
02-20 21:06:26.503  1363  1363 V EmulatedCamera_CallbackNotifier:     CAMERA_MSG_FOCUS
02-20 21:06:26.503  1363  1363 V EmulatedCamera_CallbackNotifier:     CAMERA_MSG_ZOOM
02-20 21:06:26.503  1363  1363 V EmulatedCamera_CallbackNotifier:     CAMERA_MSG_PREVIEW_FRAME
02-20 21:06:26.503  1363  1363 V EmulatedCamera_CallbackNotifier:     CAMERA_MSG_VIDEO_FRAME
02-20 21:06:26.503  1363  1363 V EmulatedCamera_CallbackNotifier:     CAMERA_MSG_POSTVIEW_FRAME
02-20 21:06:26.503  1363  1363 V EmulatedCamera_CallbackNotifier:     CAMERA_MSG_RAW_IMAGE
02-20 21:06:26.503  1363  1363 V EmulatedCamera_CallbackNotifier:     CAMERA_MSG_COMPRESSED_IMAGE
02-20 21:06:26.503  1363  1363 V EmulatedCamera_CallbackNotifier:     CAMERA_MSG_RAW_IMAGE_NOTIFY
02-20 21:06:26.503  1363  1363 V EmulatedCamera_CallbackNotifier:     CAMERA_MSG_PREVIEW_METADATA
02-20 21:06:26.503  1363  1363 V EmulatedCamera_CallbackNotifier: **** Currently enabled messages:
02-20 21:06:26.503  1363  1363 V EmulatedCamera_Preview: setPreviewWindow: current: 0x0 -> new: 0x0
02-20 21:06:26.503  1363  1363 V EmulatedCamera_Camera: doStopPreview
02-20 21:06:26.504  1363  1363 V EmulatedCamera_Camera: cancelPicture
02-20 21:06:26.504  1363  1363 V EmulatedCamera_Camera: releaseCamera
02-20 21:06:26.504  1363  1363 V EmulatedCamera_Camera: doStopPreview
02-20 21:06:26.504  1363  1363 V EmulatedCamera_FakeDevice: disconnectDevice
02-20 21:06:26.504  1363  1363 W EmulatedCamera_Device: Initialize: Emulated camera device is already initialized: mState = 1
02-20 21:06:26.504  1363  1363 D EmulatedCamera_FakeCamera: Initialize: Fake camera is facing back
02-20 21:06:26.504  1363  1363 V EmulatedCamera_Device: initializeWhiteBalanceModes with auto, 1.000000, 1.000000
02-20 21:06:26.504  1363  1363 V EmulatedCamera_Device: initializeWhiteBalanceModes with incandescent, 1.380000, 0.600000
02-20 21:06:26.504  1363  1363 V EmulatedCamera_Device: initializeWhiteBalanceModes with daylight, 1.090000, 0.920000
02-20 21:06:26.504  1363  1363 V EmulatedCamera_Device: initializeWhiteBalanceModes with twilight, 0.920000, 1.220000
02-20 21:06:26.504  1363  1363 V EmulatedCamera_Device: setWhiteBalanceMode with white balance auto
02-20 21:06:26.504  1363  1363 I CameraFlashlight: Destroying camera 0
02-20 21:06:26.504  1363  1363 V EmulatedCamera_Camera: closeCamera
02-20 21:06:26.504  1363  1363 V EmulatedCamera_Camera: doStopPreview
02-20 21:06:26.504  1363  1363 W EmulatedCamera_Device: Initialize: Emulated camera device is already initialized: mState = 1
02-20 21:06:26.504  1363  1363 D EmulatedCamera_FakeCamera: Initialize: Fake camera is facing back
02-20 21:06:26.504  1363  1363 V EmulatedCamera_Device: initializeWhiteBalanceModes with auto, 1.000000, 1.000000
02-20 21:06:26.504  1363  1363 V EmulatedCamera_Device: initializeWhiteBalanceModes with incandescent, 1.380000, 0.600000
02-20 21:06:26.504  1363  1363 V EmulatedCamera_Device: initializeWhiteBalanceModes with daylight, 1.090000, 0.920000
02-20 21:06:26.504  1363  1363 V EmulatedCamera_Device: initializeWhiteBalanceModes with twilight, 0.920000, 1.220000
02-20 21:06:26.504  1363  1363 V EmulatedCamera_Device: setWhiteBalanceMode with white balance auto
02-20 21:06:26.505  1363  1363 I CameraService: disconnect: Disconnected client for camera 0 for PID 1363
02-20 21:06:26.505  1370  1843 D NuPlayerDriver: reset(0xecd93420) at state 4
02-20 21:06:26.505  1370  1843 D NuPlayerDriver: notifyListener_l(0xecd93420), (8, 0, 0), loop setting(0, 0)
02-20 21:06:26.505  1370  2182 D NuPlayerDriver: notifyResetComplete(0xecd93420)
02-20 21:06:26.506  1370  1370 D NuPlayerDriver: reset(0xecd93480) at state 4
02-20 21:06:26.506  1370  1370 D NuPlayerDriver: notifyListener_l(0xecd93480), (8, 0, 0), loop setting(0, 0)
02-20 21:06:26.506  1370  2185 D NuPlayerDriver: notifyResetComplete(0xecd93480)
02-20 21:06:26.506  1370  1908 D NuPlayerDriver: reset(0xee5a9260) at state 4
02-20 21:06:26.506  1370  1908 D NuPlayerDriver: notifyListener_l(0xee5a9260), (8, 0, 0), loop setting(0, 0)
02-20 21:06:26.506  1370  2187 D NuPlayerDriver: notifyResetComplete(0xee5a9260)
02-20 21:06:26.507  1363  1707 V EmulatedCamera_Camera: getCameraInfo
02-20 21:06:26.507  1363  1707 V EmulatedCamera_BaseCamera: getCameraInfo
02-20 21:06:26.507  1363  1363 V EmulatedCamera_Camera: getCameraInfo
02-20 21:06:26.507  1363  1363 V EmulatedCamera_BaseCamera: getCameraInfo
02-20 21:06:26.514  1676  1687 I Telecom : PhoneAccountRegistrar: [ComponentInfo{com.android.phone/com.android.services.telephony.TelephonyConnectionService}, [e0184adedf913b076626646d3f52c3b49c39ad6d], UserHandle{0}(icon: Icon(typ=BITMAP size=76x96) -> Icon(typ=BITMAP size=76x96))]: TSI.rPA@AAs
02-20 21:06:26.521  1676  1858 I am_proc_bound: [0,2189,com.google.process.gapps]
02-20 21:06:26.527  1773  1773 I StatusBar: isKeyguardShowing() called before startKeyguard(), returning true
02-20 21:06:26.528  1773  1773 W StatusBar: isKeyguardSecure() called before startKeyguard(), returning false
02-20 21:06:26.528  1773  1773 W StatusBar: java.lang.Throwable
02-20 21:06:26.528  1773  1773 W StatusBar: 	at com.android.systemui.statusbar.BaseStatusBar.isKeyguardSecure(BaseStatusBar.java:2647)
02-20 21:06:26.528  1773  1773 W StatusBar: 	at com.android.systemui.statusbar.BaseStatusBar.isCameraAllowedByAdmin(BaseStatusBar.java:2670)
02-20 21:06:26.528  1773  1773 W StatusBar: 	at com.android.systemui.statusbar.phone.KeyguardBottomAreaView.updateCameraVisibility(KeyguardBottomAreaView.java:309)
02-20 21:06:26.528  1773  1773 W StatusBar: 	at com.android.systemui.statusbar.phone.KeyguardBottomAreaView.setPhoneStatusBar(KeyguardBottomAreaView.java:272)
02-20 21:06:26.528  1773  1773 W StatusBar: 	at com.android.systemui.statusbar.phone.PhoneStatusBar.makeStatusBarView(PhoneStatusBar.java:904)
02-20 21:06:26.528  1773  1773 W StatusBar: 	at com.android.systemui.statusbar.phone.PhoneStatusBar.addStatusBarWindow(PhoneStatusBar.java:3432)
02-20 21:06:26.528  1773  1773 W StatusBar: 	at com.android.systemui.statusbar.phone.PhoneStatusBar.createAndAddWindows(PhoneStatusBar.java:3428)
02-20 21:06:26.528  1773  1773 W StatusBar: 	at com.android.systemui.statusbar.BaseStatusBar.start(BaseStatusBar.java:765)
02-20 21:06:26.528  1773  1773 W StatusBar: 	at com.android.systemui.statusbar.phone.PhoneStatusBar.start(PhoneStatusBar.java:686)
02-20 21:06:26.528  1773  1773 W StatusBar: 	at com.android.systemui.statusbar.SystemBars.createStatusBarFromConfig(SystemBars.java:106)
02-20 21:06:26.528  1773  1773 W StatusBar: 	at com.android.systemui.statusbar.SystemBars.onNoService(SystemBars.java:58)
02-20 21:06:26.528  1773  1773 W StatusBar: 	at com.android.systemui.statusbar.ServiceMonitor.startService(ServiceMonitor.java:230)
02-20 21:06:26.528  1773  1773 W StatusBar: 	at com.android.systemui.statusbar.ServiceMonitor.-wrap5(ServiceMonitor.java)
02-20 21:06:26.528  1773  1773 W StatusBar: 	at com.android.systemui.statusbar.ServiceMonitor$1.handleMessage(ServiceMonitor.java:73)
02-20 21:06:26.528  1773  1773 W StatusBar: 	at android.os.Handler.dispatchMessage(Handler.java:102)
02-20 21:06:26.528  1773  1773 W StatusBar: 	at android.os.Looper.loop(Looper.java:154)
02-20 21:06:26.528  1773  1773 W StatusBar: 	at android.app.ActivityThread.main(ActivityThread.java:6119)
02-20 21:06:26.528  1773  1773 W StatusBar: 	at java.lang.reflect.Method.invoke(Native Method)
02-20 21:06:26.528  1773  1773 W StatusBar: 	at com.android.internal.os.ZygoteInit$MethodAndArgsCaller.run(ZygoteInit.java:886)
02-20 21:06:26.528  1773  1773 W StatusBar: 	at com.android.internal.os.ZygoteInit.main(ZygoteInit.java:776)
02-20 21:06:26.528  1773  1773 I StatusBar: isKeyguardShowing() called before startKeyguard(), returning true
02-20 21:06:26.529  1773  1773 W StatusBar: isKeyguardSecure() called before startKeyguard(), returning false
02-20 21:06:26.529  1773  1773 W StatusBar: java.lang.Throwable
02-20 21:06:26.529  1773  1773 W StatusBar: 	at com.android.systemui.statusbar.BaseStatusBar.isKeyguardSecure(BaseStatusBar.java:2647)
02-20 21:06:26.529  1773  1773 W StatusBar: 	at com.android.systemui.statusbar.BaseStatusBar.isCameraAllowedByAdmin(BaseStatusBar.java:2670)
02-20 21:06:26.529  1773  1773 W StatusBar: 	at com.android.systemui.statusbar.phone.KeyguardBottomAreaView.updateCameraVisibility(KeyguardBottomAreaView.java:309)
02-20 21:06:26.529  1773  1773 W StatusBar: 	at com.android.systemui.statusbar.phone.KeyguardBottomAreaView.setUserSetupComplete(KeyguardBottomAreaView.java:281)
02-20 21:06:26.529  1773  1773 W StatusBar: 	at com.android.systemui.statusbar.phone.PhoneStatusBar.makeStatusBarView(PhoneStatusBar.java:905)
02-20 21:06:26.529  1773  1773 W StatusBar: 	at com.android.systemui.statusbar.phone.PhoneStatusBar.addStatusBarWindow(PhoneStatusBar.java:3432)
02-20 21:06:26.529  1773  1773 W StatusBar: 	at com.android.systemui.statusbar.phone.PhoneStatusBar.createAndAddWindows(PhoneStatusBar.java:3428)
02-20 21:06:26.529  1773  1773 W StatusBar: 	at com.android.systemui.statusbar.BaseStatusBar.start(BaseStatusBar.java:765)
02-20 21:06:26.529  1773  1773 W StatusBar: 	at com.android.systemui.statusbar.phone.PhoneStatusBar.start(PhoneStatusBar.java:686)
02-20 21:06:26.529  1773  1773 W StatusBar: 	at com.android.systemui.statusbar.SystemBars.createStatusBarFromConfig(SystemBars.java:106)
02-20 21:06:26.529  1773  1773 W StatusBar: 	at com.android.systemui.statusbar.SystemBars.onNoService(SystemBars.java:58)
02-20 21:06:26.529  1773  1773 W StatusBar: 	at com.android.systemui.statusbar.ServiceMonitor.startService(ServiceMonitor.java:230)
02-20 21:06:26.529  1773  1773 W StatusBar: 	at com.android.systemui.statusbar.ServiceMonitor.-wrap5(ServiceMonitor.java)
02-20 21:06:26.529  1773  1773 W StatusBar: 	at com.android.systemui.statusbar.ServiceMonitor$1.handleMessage(ServiceMonitor.java:73)
02-20 21:06:26.529  1773  1773 W StatusBar: 	at android.os.Handler.dispatchMessage(Handler.java:102)
02-20 21:06:26.529  1773  1773 W StatusBar: 	at android.os.Looper.loop(Looper.java:154)
02-20 21:06:26.529  1773  1773 W StatusBar: 	at android.app.ActivityThread.main(ActivityThread.java:6119)
02-20 21:06:26.529  1773  1773 W StatusBar: 	at java.lang.reflect.Method.invoke(Native Method)
02-20 21:06:26.529  1773  1773 W StatusBar: 	at com.android.internal.os.ZygoteInit$MethodAndArgsCaller.run(ZygoteInit.java:886)
02-20 21:06:26.529  1773  1773 W StatusBar: 	at com.android.internal.os.ZygoteInit.main(ZygoteInit.java:776)
02-20 21:06:26.537  2189  2189 I art     : Starting a blocking GC AddRemoveAppImageSpace
02-20 21:06:26.538  2189  2189 W System  : ClassLoader referenced unknown path: /system/priv-app/GoogleServicesFramework/lib/x86_64
02-20 21:06:26.540  1676  1687 I Telecom : : Sending phone-account registered intent as user: TSI.rPA@AAs
02-20 21:06:26.541  1912  1912 I liblog  : 9
02-20 21:06:26.541  1912  1912 D SubscriptionInfoUpdater: [Receiver]+
02-20 21:06:26.542  1912  1912 D SubscriptionInfoUpdater: Action: android.intent.action.internal_sim_state_changed
02-20 21:06:26.542  1912  1912 D SubscriptionInfoUpdater: slotId: 0
02-20 21:06:26.542  1912  1912 D SubscriptionInfoUpdater: simStatus: LOADED
02-20 21:06:26.542  1912  1912 D SubscriptionInfoUpdater: [Receiver]-
02-20 21:06:26.542  1912  1912 D GsmCdmaPhone: [GsmCdmaPhone] phoneObjectUpdater: newVoiceRadioTech=0
02-20 21:06:26.542  1912  1912 D GsmCdmaPhone: [GsmCdmaPhone] phoneObjectUpdater: volteReplacementRat=0
02-20 21:06:26.542  1912  1912 E GsmCdmaPhone: [GsmCdmaPhone] phoneObjectUpdater: newVoiceRadioTech=0 doesn't match either CDMA or GSM - error! No phone change
02-20 21:06:26.542  1912  1912 D SST     : SubscriptionListener.onSubscriptionInfoChanged
02-20 21:06:26.543  1912  1912 D DCT     : [0]SubscriptionListener.onSubscriptionInfoChanged
02-20 21:06:26.543  1912  1912 D SubscriptionController: [getActiveSubInfoList] Sub Controller not ready
02-20 21:06:26.543  1912  1912 D SubscriptionController: [getActiveSubInfoList] Sub Controller not ready
02-20 21:06:26.543  1912  1912 I Telephony: PstnIncomingCallNotifier: Unregistering: Handler (com.android.internal.telephony.GsmCdmaPhone) {c77a5f8}
02-20 21:06:26.543  1912  1912 E PhoneInterfaceManager: [PhoneIntfMgr] getIccId: No UICC
02-20 21:06:26.546  1676  1956 I Telecom : PhoneAccountRegistrar: [ComponentInfo{com.android.phone/com.android.services.telephony.TelephonyConnectionService}, [e0184adedf913b076626646d3f52c3b49c39ad6d], UserHandle{0}(icon: Icon(typ=BITMAP size=76x96) -> Icon(typ=BITMAP size=76x96))]: TSI.rPA@AAw
02-20 21:06:26.547  1676  1956 I Telecom : : Sending phone-account registered intent as user: TSI.rPA@AAw
02-20 21:06:26.548  1912  1912 I Telephony: AccountEntry: Registered phoneAccount: [[ ] PhoneAccount: ComponentInfo{com.android.phone/com.android.services.telephony.TelephonyConnectionService}, [e0184adedf913b076626646d3f52c3b49c39ad6d], UserHandle{0} Capabilities: CallProvider MultiUser PlaceEmerg SimSub  Schemes: tel voicemail  Extras: null GroupId: [da39a3ee5e6b4b0d3255bfef95601890afd80709]] with handle: ComponentInfo{com.android.phone/com.android.services.telephony.TelephonyConnectionService}, [e0184adedf913b076626646d3f52c3b49c39ad6d], UserHandle{0}
02-20 21:06:26.548  1912  1912 I Telephony: PstnIncomingCallNotifier: Registering: Handler (com.android.internal.telephony.GsmCdmaPhone) {c77a5f8}
02-20 21:06:26.551  1912  1912 D SubscriptionInfoUpdater: handleSimStateLoadedInternal: slotId: 0
02-20 21:06:26.551  1912  1912 D SubscriptionInfoUpdater: All IccIds query complete
02-20 21:06:26.551  1912  1912 D SubscriptionInfoUpdater: updateSubscriptionInfoByIccId:+ Start
02-20 21:06:26.551  1912  1912 D SubscriptionController: [clearSubInfo]- no simInfo size=0
02-20 21:06:26.551  1912  1912 D SubscriptionInfoUpdater: insertedSimCount = 1
02-20 21:06:26.551  1912  1912 D SubscriptionController: [getSubInfoUsingSlotIdWithCheck]+ slotId:0
02-20 21:06:26.554  1912  2076 D SubscriptionController: [getActiveSubInfoList] Sub Controller not ready
02-20 21:06:26.555  1676  1676 I GnssLocationProvider: WakeLock acquired by sendMessage(12, 0, null)
02-20 21:06:26.555  1912  1932 D SubscriptionController: [getActiveSubInfoList] Sub Controller not ready
02-20 21:06:26.555  1676  1676 I GnssLocationProvider: WakeLock acquired by sendMessage(12, 0, null)
02-20 21:06:26.561  1676  1749 I am_proc_start: [0,2208,1000,com.android.keychain,service,com.android.keychain/.KeyChainService]
02-20 21:06:26.561  1676  1749 I ActivityManager: Start proc 2208:com.android.keychain/1000 for service com.android.keychain/.KeyChainService
02-20 21:06:26.565  2208  2208 W art     : Unexpected CPU variant for X86 using defaults: x86_64
02-20 21:06:26.584  1676  1688 I am_proc_bound: [0,2208,com.android.keychain]
02-20 21:06:26.587  2189  2189 I GservicesProvider: Gservices pushing to system: true; secure/global: true
02-20 21:06:26.592  1912  1912 D SubscriptionController: [getPhoneId]- no sims, returning default phoneId=2147483647
02-20 21:06:26.593  1912  1912 D SubscriptionController: [getPhoneId]- no sims, returning default phoneId=2147483647
02-20 21:06:26.593  1912  1912 D SubscriptionController: [getPhoneId]- no sims, returning default phoneId=2147483647
02-20 21:06:26.594  1912  1912 D SubscriptionController: [getSubInfoUsingSlotId]- null info return
02-20 21:06:26.594  1912  1912 D SubscriptionInfoUpdater: updateSubscriptionInfoByIccId: oldSubId = 1
02-20 21:06:26.594  1912  1912 D SubscriptionInfoUpdater: updateSubscriptionInfoByIccId: oldIccId[0] = 89014103211118510720, sIccId[0] = 89014103211118510720
02-20 21:06:26.594  1912  1912 D SubscriptionController: [addSubInfoRecord]+ iccId:89014103211118510720 slotId:0
02-20 21:06:26.603  1773  1785 I art     : Background sticky concurrent mark sweep GC freed 8168(1924KB) AllocSpace objects, 1(40KB) LOS objects, 11% free, 15MB/18MB, paused 5.340ms total 73.125ms
02-20 21:06:26.604  1912  1912 D SubscriptionController: [getActiveSubInfoList] Sub Controller not ready
02-20 21:06:26.605  1912  1912 D SubscriptionController: [addSubInfoRecord] Record already exists
02-20 21:06:26.611  1912  1926 D SubscriptionController: [getPhoneId] asked for default subId=-1
02-20 21:06:26.611  2208  2208 W System  : ClassLoader referenced unknown path: /system/app/KeyChain/lib/x86_64
02-20 21:06:26.614  1912  1912 D SubscriptionController: [addSubInfoRecord] sSlotIdxToSubId.size=1 slotId=0 subId=1 defaultSubId=1 simCount=1
02-20 21:06:26.614  1912  1912 D SubscriptionController: [setDefaultFallbackSubId] subId=1
02-20 21:06:26.615  1912  1912 D SubscriptionController: [setDefaultFallbackSubId] set mDefaultFallbackSubId=1
02-20 21:06:26.615  1912  1912 D MccTable: updateMccMncConfiguration mccmnc='310260' fromServiceState=false
02-20 21:06:26.618  1912  1912 D MccTable: updateMccMncConfiguration defaultMccMnc=310260
02-20 21:06:26.618  1912  1912 D MccTable: updateMccMncConfiguration: mcc=310, mnc=260
02-20 21:06:26.618  1912  1912 D MccTable: updateMccMncConfiguration updateConfig config={1.0 310mcc260mnc ?localeList ?layoutDir ?swdp ?wdp ?hdp ?density ?lsize ?long ?orien ?uimode ?night ?touch ?keyb/?/? ?nav/?}
02-20 21:06:26.619  1912  1912 D SubscriptionController: [setDefaultFallbackSubId] broadcast default subId changed phoneId=0 subId=1
02-20 21:06:26.621  1912  2076 D RILJ    : [3736]> RIL_REQUEST_GET_CELL_INFO_LIST [SUB0]
02-20 21:06:26.627  1372  1446 D RIL     : onRequest: GET_CELL_INFO_LIST
02-20 21:06:26.627  1372  1446 D RILC    : responseCellInfoList: v12
02-20 21:06:26.628  1912  1999 D RILJ    : [3736]< RIL_REQUEST_GET_CELL_INFO_LIST [CellInfoGsm:{mRegistered=YES mTimeStampType=modem mTimeStamp=13778761025ns CellIdentityGsm:{ mMcc=310 mMnc=260 mLac=3 mCid=91 mArfcn=10 mBsic=0x0} CellSignalStrengthGsm: ss=-860384840 ber=31345 mTa=-856212356}] [SUB0]
02-20 21:06:26.630  1912  1912 D SubscriptionController: [addSubInfoRecord] one sim set defaults to subId=1
02-20 21:06:26.630  1912  1912 D SubscriptionController: [setDefaultDataSubId] num phones=1, subId=1
02-20 21:06:26.630  1912  1912 D SubscriptionController: [setDefaultDataSubId] phoneId=0 subId=1 RAF=1
02-20 21:06:26.631  1912  1912 D ProxyController: setRadioCapability: Already in requested configuration, nothing to do.
02-20 21:06:26.631  1912  1912 D SubscriptionController: [updateAllDataConnectionTrackers] sPhones.length=1
02-20 21:06:26.631  1912  1912 D SubscriptionController: [updateAllDataConnectionTrackers] phoneId=0
02-20 21:06:26.631  1912  1912 D DCT     : [0]update sub = 1
02-20 21:06:26.631  1912  1912 D DCT     : [0]update(): Active DDS, register for all events now!
02-20 21:06:26.631  1912  1912 D DCT     : [0]New records found.
02-20 21:06:26.631  1912  1912 D SST     : mDeviceShuttingDown=false, mDesiredPowerState=true, getRadioState=RADIO_ON, mPowerOffDelayNeed=true, mAlarmSwitch=false, mRadioDisabledByCarrier=false
02-20 21:06:26.631  1912  1912 D GsmCdmaPhone: [GsmCdmaPhone] updateCurrentCarrierInProvider: mSubId = 1 currentDds = 1 operatorNumeric = 310260
02-20 21:06:26.657  1363  1707 V EmulatedCamera_Camera: getCameraInfo
02-20 21:06:26.657  1363  1707 V EmulatedCamera_BaseCamera: getCameraInfo
02-20 21:06:26.657  1363  1363 V EmulatedCamera_Camera: getCameraInfo
02-20 21:06:26.657  1363  1363 V EmulatedCamera_BaseCamera: getCameraInfo
02-20 21:06:26.707  1912  1912 D SubscriptionController: [broadcastDefaultDataSubIdChanged] subId=1
02-20 21:06:26.707  1912  1912 D SubscriptionController: [setDefaultSmsSubId] subId=1
02-20 21:06:26.708  1912  1912 D SubscriptionController: [broadcastDefaultSmsSubIdChanged] subId=1
02-20 21:06:26.709  1912  1912 D SubscriptionController: [setDefaultVoiceSubId] subId=1
02-20 21:06:26.710  1912  1912 D SubscriptionController: [broadcastDefaultVoiceSubIdChanged] subId=1
02-20 21:06:26.711  1912  1912 D SubscriptionController: [addSubInfoRecord] hashmap(0,1)
02-20 21:06:26.727  2227  2227 W art     : Unexpected CPU variant for X86 using defaults: x86
02-20 21:06:26.732  1676  1956 I am_proc_start: [0,2227,10029,com.google.android.googlequicksearchbox:search,service,com.google.android.googlequicksearchbox/com.google.android.apps.gsa.nowoverlayservice.DrawerOverlayService]
02-20 21:06:26.732  1676  1956 I ActivityManager: Start proc 2227:com.google.android.googlequicksearchbox:search/u0a29 for service com.google.android.googlequicksearchbox/com.google.android.apps.gsa.nowoverlayservice.DrawerOverlayService
02-20 21:06:26.737  1912  1912 D SubscriptionController: [addSubInfoRecord] sim name = Android
02-20 21:06:26.737  1912  1912 D DCT     : [0]update sub = 1
02-20 21:06:26.737  1912  1912 D DCT     : [0]update(): Active DDS, register for all events now!
02-20 21:06:26.737  1912  1912 D GsmCdmaPhone: [GsmCdmaPhone] updateCurrentCarrierInProvider: mSubId = 1 currentDds = 1 operatorNumeric = 310260
02-20 21:06:26.750  1912  1912 D SubscriptionController: [addSubInfoRecord]- info size=1
02-20 21:06:26.751  1912  1912 D SubscriptionInfoUpdater: newSim = false
02-20 21:06:26.751  1912  1912 D SubscriptionInfoUpdater: updateSubscriptionInfoByIccId: sInsertSimState[0] = 0
02-20 21:06:26.764  1773  1773 I StatusBar: isKeyguardShowing() called before startKeyguard(), returning true
02-20 21:06:26.765  1773  1773 W StatusBar: isKeyguardSecure() called before startKeyguard(), returning false
02-20 21:06:26.765  1773  1773 W StatusBar: java.lang.Throwable
02-20 21:06:26.765  1773  1773 W StatusBar: 	at com.android.systemui.statusbar.BaseStatusBar.isKeyguardSecure(BaseStatusBar.java:2647)
02-20 21:06:26.765  1773  1773 W StatusBar: 	at com.android.systemui.statusbar.BaseStatusBar.isCameraAllowedByAdmin(BaseStatusBar.java:2670)
02-20 21:06:26.765  1773  1773 W StatusBar: 	at com.android.systemui.statusbar.phone.KeyguardBottomAreaView.updateCameraVisibility(KeyguardBottomAreaView.java:309)
02-20 21:06:26.765  1773  1773 W StatusBar: 	at com.android.systemui.statusbar.phone.KeyguardBottomAreaView.setUserSetupComplete(KeyguardBottomAreaView.java:281)
02-20 21:06:26.765  1773  1773 W StatusBar: 	at com.android.systemui.statusbar.phone.PhoneStatusBar$1.onChange(PhoneStatusBar.java:441)
02-20 21:06:26.765  1773  1773 W StatusBar: 	at com.android.systemui.statusbar.phone.PhoneStatusBar.resetUserSetupObserver(PhoneStatusBar.java:3676)
02-20 21:06:26.765  1773  1773 W StatusBar: 	at com.android.systemui.statusbar.phone.PhoneStatusBar.makeStatusBarView(PhoneStatusBar.java:1008)
02-20 21:06:26.765  1773  1773 W StatusBar: 	at com.android.systemui.statusbar.phone.PhoneStatusBar.addStatusBarWindow(PhoneStatusBar.java:3432)
02-20 21:06:26.765  1773  1773 W StatusBar: 	at com.android.systemui.statusbar.phone.PhoneStatusBar.createAndAddWindows(PhoneStatusBar.java:3428)
02-20 21:06:26.765  1773  1773 W StatusBar: 	at com.android.systemui.statusbar.BaseStatusBar.start(BaseStatusBar.java:765)
02-20 21:06:26.765  1773  1773 W StatusBar: 	at com.android.systemui.statusbar.phone.PhoneStatusBar.start(PhoneStatusBar.java:686)
02-20 21:06:26.765  1773  1773 W StatusBar: 	at com.android.systemui.statusbar.SystemBars.createStatusBarFromConfig(SystemBars.java:106)
02-20 21:06:26.765  1773  1773 W StatusBar: 	at com.android.systemui.statusbar.SystemBars.onNoService(SystemBars.java:58)
02-20 21:06:26.765  1773  1773 W StatusBar: 	at com.android.systemui.statusbar.ServiceMonitor.startService(ServiceMonitor.java:230)
02-20 21:06:26.765  1773  1773 W StatusBar: 	at com.android.systemui.statusbar.ServiceMonitor.-wrap5(ServiceMonitor.java)
02-20 21:06:26.765  1773  1773 W StatusBar: 	at com.android.systemui.statusbar.ServiceMonitor$1.handleMessage(ServiceMonitor.java:73)
02-20 21:06:26.765  1773  1773 W StatusBar: 	at android.os.Handler.dispatchMessage(Handler.java:102)
02-20 21:06:26.765  1773  1773 W StatusBar: 	at android.os.Looper.loop(Looper.java:154)
02-20 21:06:26.765  1773  1773 W StatusBar: 	at android.app.ActivityThread.main(ActivityThread.java:6119)
02-20 21:06:26.765  1773  1773 W StatusBar: 	at java.lang.reflect.Method.invoke(Native Method)
02-20 21:06:26.765  1773  1773 W StatusBar: 	at com.android.internal.os.ZygoteInit$MethodAndArgsCaller.run(ZygoteInit.java:886)
02-20 21:06:26.765  1773  1773 W StatusBar: 	at com.android.internal.os.ZygoteInit.main(ZygoteInit.java:776)
02-20 21:06:26.767  2153  2153 I am_on_resume_called: [0,com.google.android.apps.nexuslauncher.NexusLauncherActivity,LAUNCH_ACTIVITY]
02-20 21:06:26.768  1676  1956 I am_proc_bound: [0,2227,com.google.android.googlequicksearchbox:search]
02-20 21:06:26.769  1773  1981 D OpenGLRenderer: profile bars disabled
02-20 21:06:26.769  1773  1981 D OpenGLRenderer: ambientRatio = 1.50
02-20 21:06:26.773  1773  1773 D PhoneStatusBar: disable: < EXPAND* icons alerts system_info BACK* HOME* RECENT* clock SEARCH* quick_settings >
02-20 21:06:26.773  2153  2194 V GridSizeMigrationTask: Workspace migration completed in 39
02-20 21:06:26.773  2153  2194 D Launcher.Model: loadWorkspace: loading default favorites
02-20 21:06:26.775  1313  1965 E SurfaceFlinger: ro.sf.lcd_density must be defined as a build property
02-20 21:06:26.780  1912  1912 D SubscriptionInfoUpdater: updateSubscriptionInfoByIccId: nSubCount = 1
02-20 21:06:26.782  1912  1912 D SubscriptionController: [setDefaultDataSubId] num phones=1, subId=1
02-20 21:06:26.783  1912  1912 D SubscriptionController: [setDefaultDataSubId] phoneId=0 subId=1 RAF=1
02-20 21:06:26.783  1912  1912 D ProxyController: setRadioCapability: Already in requested configuration, nothing to do.
02-20 21:06:26.783  1912  1912 D SubscriptionController: [updateAllDataConnectionTrackers] sPhones.length=1
02-20 21:06:26.783  1912  1912 D SubscriptionController: [updateAllDataConnectionTrackers] phoneId=0
02-20 21:06:26.783  1912  1912 D DCT     : [0]update sub = 1
02-20 21:06:26.783  1912  1912 D DCT     : [0]update(): Active DDS, register for all events now!
02-20 21:06:26.783  1912  1912 D GsmCdmaPhone: [GsmCdmaPhone] updateCurrentCarrierInProvider: mSubId = 1 currentDds = 1 operatorNumeric = 310260
02-20 21:06:26.820  1912  1912 D SubscriptionController: [broadcastDefaultDataSubIdChanged] subId=1
02-20 21:06:26.823  2153  2153 D         : HostConnection::get() New Host Connection established 0x7c7d553d42a0, tid 2153
02-20 21:06:26.829  1912  1912 D SubscriptionController: notifySubscriptionInfoChanged:
02-20 21:06:26.830  1912  1926 D SubscriptionMonitor: Phone[0] subId changed -2->1, 1 registrants
02-20 21:06:26.830  1676  1676 I GnssLocationProvider: WakeLock acquired by sendMessage(12, 0, null)
02-20 21:06:26.830  1912  1926 D SubscriptionMonitor: mDefaultDataSubId = 1, 1 registrants
02-20 21:06:26.832  2153  2153 I am_on_paused_called: [0,com.google.android.apps.nexuslauncher.NexusLauncherActivity,handleRelaunchActivity]
02-20 21:06:26.834  1912  1912 D SubscriptionInfoUpdater: updateSubscriptionInfoByIccId:- SsubscriptionInfo update complete
02-20 21:06:26.834  1912  1912 D MccTable: updateMccMncConfiguration mccmnc='310260' fromServiceState=false
02-20 21:06:26.835  1912  1912 D MccTable: updateMccMncConfiguration defaultMccMnc=310260
02-20 21:06:26.835  1912  1912 D MccTable: updateMccMncConfiguration: mcc=310, mnc=260
02-20 21:06:26.835  1912  1912 D MccTable: updateMccMncConfiguration updateConfig config={1.0 310mcc260mnc ?localeList ?layoutDir ?swdp ?wdp ?hdp ?density ?lsize ?long ?orien ?uimode ?night ?touch ?keyb/?/? ?nav/?}
02-20 21:06:26.837  1912  1912 D SubscriptionController: [setMccMnc]+ mcc/mnc:310/260 subId:1
02-20 21:06:26.842  2153  2153 I am_on_stop_called: [0,com.google.android.apps.nexuslauncher.NexusLauncherActivity,destroy]
02-20 21:06:26.847  2189  2189 I GoogleHttpClient: GMS http client unavailable, use old client
02-20 21:06:26.848  1912  1912 D SubscriptionController: notifySubscriptionInfoChanged:
02-20 21:06:26.848  1676  1676 I GnssLocationProvider: WakeLock acquired by sendMessage(12, 0, null)
02-20 21:06:26.866  1912  1912 D SubscriptionController: [getActiveSubscriptionInfo]+ subId=1 subInfo={id=1, iccId=89014103211118510720 simSlotIndex=0 displayName=Android carrierName=Android nameSource=0 iconTint=-16746133 dataRoaming=0 iconBitmap=android.graphics.Bitmap@8c6c815 mcc 310 mnc 260}
02-20 21:06:26.866  1912  1912 D SubscriptionInfoUpdater: sim name = Android
02-20 21:06:26.884  1912  1912 D SubscriptionInfoUpdater: Broadcasting intent ACTION_SIM_STATE_CHANGED LOADED reason null for mCardIndex: 0
02-20 21:06:26.885  1676  1676 D WifiService: resetting networks because SIM was loaded
02-20 21:06:26.885  1676  1735 D WifiStateMachine: resetting EAP-SIM/AKA/AKA' networks since SIM was changed
02-20 21:06:26.886  1912  1912 D CarrierConfigLoader: update config for phoneId: 0 simState: LOADED
02-20 21:06:26.886  1912  1912 D CarrierSvcBindHelper: update binding for phoneId: 0 simState: LOADED
02-20 21:06:26.900  1912  1912 D SubscriptionController: [getActiveSubscriptionInfo]+ subId=1 subInfo={id=1, iccId=89014103211118510720 simSlotIndex=0 displayName=Android carrierName=Android nameSource=0 iconTint=-16746133 dataRoaming=0 iconBitmap=android.graphics.Bitmap@8c00ab8 mcc 310 mnc 260}
02-20 21:06:26.918  1676  1687 I Telecom : PhoneAccountRegistrar: [ComponentInfo{com.android.phone/com.android.services.telephony.TelephonyConnectionService}, [e0184adedf913b076626646d3f52c3b49c39ad6d], UserHandle{0}(icon: Icon(typ=BITMAP size=76x96) -> Icon(typ=BITMAP size=76x96))]: TSI.rPA@AA8
02-20 21:06:26.919  1676  1687 I Telecom : : Sending phone-account registered intent as user: TSI.rPA@AA8
02-20 21:06:26.920  1912  1912 I Telephony: PstnIncomingCallNotifier: Unregistering: Handler (com.android.internal.telephony.GsmCdmaPhone) {c77a5f8}
02-20 21:06:26.945  2153  2153 I am_on_resume_called: [0,com.google.android.apps.nexuslauncher.NexusLauncherActivity,handleRelaunchActivity]
02-20 21:06:26.969  2153  2194 V GridSizeMigrationTask: Workspace migration completed in 30
02-20 21:06:26.969  2153  2194 D Launcher.Model: loadWorkspace: loading default favorites
02-20 21:06:27.004  1912  1912 D SubscriptionController: [getActiveSubscriptionInfo]+ subId=1 subInfo={id=1, iccId=89014103211118510720 simSlotIndex=0 displayName=Android carrierName=Android nameSource=0 iconTint=-16746133 dataRoaming=0 iconBitmap=android.graphics.Bitmap@c28e4cd mcc 310 mnc 260}
02-20 21:06:27.020  1676  1688 I Telecom : PhoneAccountRegistrar: New phone account registered: [[ ] PhoneAccount: ComponentInfo{com.android.phone/com.android.services.telephony.TelephonyConnectionService}, [e2f7d48dd2b5ca523e7313cf4ba0f6ea830b6281], UserHandle{0} Capabilities: CallProvider MultiUser PlaceEmerg SimSub  Schemes: tel voicemail  Extras: null GroupId: [da39a3ee5e6b4b0d3255bfef95601890afd80709]]: TSI.rPA@ABA
02-20 21:06:27.020  1676  2081 I BackupManagerService: Found stale backup journal, scheduling
02-20 21:06:27.040  1676  1688 I Telecom : : Sending phone-account registered intent as user: TSI.rPA@ABA
02-20 21:06:27.058  1912  1912 I Telephony: AccountEntry: Registered phoneAccount: [[ ] PhoneAccount: ComponentInfo{com.android.phone/com.android.services.telephony.TelephonyConnectionService}, [e2f7d48dd2b5ca523e7313cf4ba0f6ea830b6281], UserHandle{0} Capabilities: CallProvider MultiUser PlaceEmerg SimSub  Schemes: tel voicemail  Extras: null GroupId: [da39a3ee5e6b4b0d3255bfef95601890afd80709]] with handle: ComponentInfo{com.android.phone/com.android.services.telephony.TelephonyConnectionService}, [e2f7d48dd2b5ca523e7313cf4ba0f6ea830b6281], UserHandle{0}
02-20 21:06:27.058  1912  1912 I Telephony: PstnIncomingCallNotifier: Registering: Handler (com.android.internal.telephony.GsmCdmaPhone) {c77a5f8}
02-20 21:06:27.060  1912  1912 I Telephony: TelecomAccountRegistry: Unregistering phone account ComponentInfo{com.android.phone/com.android.services.telephony.TelephonyConnectionService}, [e0184adedf913b076626646d3f52c3b49c39ad6d], UserHandle{0}.
02-20 21:06:27.062  1676  1687 I Telecom : : Sending phone-account unregistered intent as user: TSI.uPA@ABI
02-20 21:06:27.067  1912  1912 D DCT     : [0]onRecordsLoadedOrSubIdChanged: createAllApnList
02-20 21:06:27.067  1912  1912 D DCT     : [0]createAllApnList: selection=numeric = '310260'
02-20 21:06:27.068  1912  2076 D SST     : SST.getAllCellInfo(): return last, back to back calls
02-20 21:06:27.070  1912  2245 D SST     : SST.getAllCellInfo(): return last, back to back calls
02-20 21:06:27.070  1912  2245 D SST     : SST.getAllCellInfo(): return last, back to back calls
02-20 21:06:27.076  1912  1912 D DCT     : [0]createApnList: X result=[[ApnSettingV3] T-Mobile US, 1, 310260, epc.tmobile.com, , http://mms.msg.eng.t-mobile.com/mms/wapenc, , , , -1, *, IP, IP, true, 0, 0, 0, false, 0, 0, 0, 0, , , false]
02-20 21:06:27.087  1676  1687 I force_gc: Binder
02-20 21:06:27.088  1912  1912 D TelephonyProvider: subIdString = 1 subId = 1
02-20 21:06:27.113  1912  1912 D DCT     : [0]getPreferredApn: mRequestedApnType=default cursor=android.content.ContentResolver$CursorWrapperInner@b1951fc cursor.count=1
02-20 21:06:27.113  1912  1912 D DCT     : [0]getPreferredApn: apnSetting=[ApnSettingV3] T-Mobile US, 1, 310260, epc.tmobile.com, , http://mms.msg.eng.t-mobile.com/mms/wapenc, , , , -1, *, IP, IP, true, 0, 0, 0, false, 0, 0, 0, 0, , , false
02-20 21:06:27.113  1912  1912 D DCT     : [0]getPreferredApn: X found apnSetting[ApnSettingV3] T-Mobile US, 1, 310260, epc.tmobile.com, , http://mms.msg.eng.t-mobile.com/mms/wapenc, , , , -1, *, IP, IP, true, 0, 0, 0, false, 0, 0, 0, 0, , , false
02-20 21:06:27.113  1912  1912 D DCT     : [0]createAllApnList: mPreferredApn=[ApnSettingV3] T-Mobile US, 1, 310260, epc.tmobile.com, , http://mms.msg.eng.t-mobile.com/mms/wapenc, , , , -1, *, IP, IP, true, 0, 0, 0, false, 0, 0, 0, 0, , , false
02-20 21:06:27.113  1912  1912 D DCT     : [0]createAllApnList: X mAllApnSettings=[[ApnSettingV3] T-Mobile US, 1, 310260, epc.tmobile.com, , http://mms.msg.eng.t-mobile.com/mms/wapenc, , , , -1, *, IP, IP, true, 0, 0, 0, false, 0, 0, 0, 0, , , false]
02-20 21:06:27.113  1912  1912 D DCT     : [0]setDataProfilesAsNeeded
02-20 21:06:27.113  1912  1912 D DCT     : [0]setInitialApn: E mPreferredApn=[ApnSettingV3] T-Mobile US, 1, 310260, epc.tmobile.com, , http://mms.msg.eng.t-mobile.com/mms/wapenc, , , , -1, *, IP, IP, true, 0, 0, 0, false, 0, 0, 0, 0, , , false
02-20 21:06:27.113  1912  1912 D DCT     : [0]setInitialApn: firstApnSetting=[ApnSettingV3] T-Mobile US, 1, 310260, epc.tmobile.com, , http://mms.msg.eng.t-mobile.com/mms/wapenc, , , , -1, *, IP, IP, true, 0, 0, 0, false, 0, 0, 0, 0, , , false
02-20 21:06:27.113  1912  1912 D DCT     : [0]setInitialApn: defaultApnSetting=[ApnSettingV3] T-Mobile US, 1, 310260, epc.tmobile.com, , http://mms.msg.eng.t-mobile.com/mms/wapenc, , , , -1, *, IP, IP, true, 0, 0, 0, false, 0, 0, 0, 0, , , false
02-20 21:06:27.113  1912  1912 D DCT     : [0]setInitialAttachApn: using mPreferredApn
02-20 21:06:27.114  1912  1912 D DCT     : [0]setInitialAttachApn: X selected Apn=[ApnSettingV3] T-Mobile US, 1, 310260, epc.tmobile.com, , http://mms.msg.eng.t-mobile.com/mms/wapenc, , , , -1, *, IP, IP, true, 0, 0, 0, false, 0, 0, 0, 0, , , false
02-20 21:06:27.114  1912  1912 D RILJ    : Set RIL_REQUEST_SET_INITIAL_ATTACH_APN [SUB0]
02-20 21:06:27.114  1912  1912 D RILJ    : [3737]> RIL_REQUEST_SET_INITIAL_ATTACH_APN, apn:epc.tmobile.com, protocol:IP, authType:-1, username:none, password:none [SUB0]
02-20 21:06:27.114  1912  1912 D DCT     : [0]onRecordsLoadedOrSubIdChanged: notifying data availability
02-20 21:06:27.115  1372  1446 D RIL     : onRequest: RIL_REQUEST_SET_INITIAL_ATTACH_APN
02-20 21:06:27.115  1372  1446 D RIL     : Request not supported. Tech: 1
