02-20 21:07:38.085  1677  1751 D AssetAtlas: Rendered atlas in 456.43ms (208.57+247.85ms)
02-20 21:07:38.087  1677  1689 I am_proc_bound: [0,1764,com.android.systemui]
02-20 21:07:38.094  1677  1677 D WebViewFactory: Setting new address space to 137955392
02-20 21:07:38.095  1362  1362 I AudioFlinger: systemReady
02-20 21:07:38.125  1677  1677 I Zygote  : Process: zygote socket opened, supported ABIS: x86
02-20 21:07:38.127  1361  1575 I art     : Starting a blocking GC HeapTrim
02-20 21:07:38.129  1361  1361 I art     : Starting a blocking GC Background
02-20 21:07:38.194     0     0 D ieee80211 phy1: hw scan 2437 MHz
02-20 21:07:38.138  1267  1303 V vold    : /dev/block/vold/disk:253,64: LABEL="SDCARD" UUID="1E12-0B12" TYPE="vfat" 
02-20 21:07:38.138  1267  1303 V vold    : 
02-20 21:07:38.139  1677  1728 D VoldConnector: RCV <- {650 public:253,64 0 "disk:253,64" ""}
02-20 21:07:38.139  1677  1728 D VoldConnector: RCV <- {651 public:253,64 0}
02-20 21:07:38.139  1677  1728 D VoldConnector: RCV <- {643 disk:253,64}
02-20 21:07:38.139  1677  1728 D VoldConnector: RCV <- {200 3 Command succeeded}
02-20 21:07:38.139  1677  1727 D VoldConnector: SND -> {4 volume user_added 0 0}
02-20 21:07:38.139  1677  1728 D VoldConnector: RCV <- {200 4 Command succeeded}
02-20 21:07:38.156  1764  1764 W System  : ClassLoader referenced unknown path: /system/priv-app/SystemUIGoogle/lib/x86_64
02-20 21:07:38.237  1677  1677 W ActivityManager: Slow operation: 132ms so far, now at startProcess: returned from zygote!
02-20 21:07:38.237  1677  1677 W ActivityManager: Slow operation: 132ms so far, now at startProcess: done updating battery stats
02-20 21:07:38.237  1677  1677 I am_proc_start: [0,1792,1037,WebViewLoader-x86,,]
02-20 21:07:38.237  1677  1677 W ActivityManager: Slow operation: 132ms so far, now at startProcess: building log message
02-20 21:07:38.237  1677  1677 I ActivityManager: Start proc 1792:WebViewLoader-x86/1037 [android.webkit.WebViewFactory$RelroFileCreator] for 
02-20 21:07:38.237  1677  1677 W ActivityManager: Slow operation: 132ms so far, now at startProcess: starting to update pids map
02-20 21:07:38.237  1677  1677 W ActivityManager: Slow operation: 132ms so far, now at startProcess: done updating pids map
02-20 21:07:38.238  1677  1677 W ActivityManager: Slow operation: 133ms so far, now at startProcess: done starting proc!
02-20 21:07:38.243  1677  1790 E WVMExtractor: Failed to open libwvm.so: dlopen failed: library "libwvm.so" not found
02-20 21:07:38.256  1677  1677 I am_proc_start: [0,1797,1037,WebViewLoader-x86_64,,]
02-20 21:07:38.256  1677  1677 I ActivityManager: Start proc 1797:WebViewLoader-x86_64/1037 [android.webkit.WebViewFactory$RelroFileCreator] for 
02-20 21:07:38.262  1677  1735 D WifiController: DEFERRED_TOGGLE handled
02-20 21:07:38.270  1371  1676 D SoftapController: Softap fwReload - Ok
02-20 21:07:38.273  1371  1676 D CommandListener: Setting iface cfg
02-20 21:07:38.273  1371  1676 D CommandListener: Trying to bring down wlan0
02-20 21:07:38.273  1371  1676 D CommandListener: Clearing all IP addresses on wlan0
02-20 21:07:38.275  1677  1736 E WifiMonitor: killSupplicant p2pfalse init.svc.wpa_supplicant=unknown init.svc.p2p_supplicant=unknown
02-20 21:07:38.279  1677  1727 D VoldConnector: SND -> {5 volume mount emulated 3 -1}
02-20 21:07:38.280  1267  1303 V vold    : Waiting for FUSE to spin up...
02-20 21:07:38.280  1677  1728 D VoldConnector: RCV <- {651 emulated 1}
02-20 21:07:38.280  1677  1728 D VoldConnector: RCV <- {656 emulated /data/media}
02-20 21:07:38.280  1677  1728 D VoldConnector: RCV <- {655 emulated /storage/emulated}
02-20 21:07:38.290  1677  1677 D NetworkManagement: enabling bandwidth control
02-20 21:07:38.295  1370  1370 I MediaPlayerService: MediaPlayerService::getOMX
02-20 21:07:38.296  1370  1370 I OMXClient: MuxOMX ctor
02-20 21:07:38.300  1370  1370 I MediaPlayerService: MediaPlayerService::getOMX
02-20 21:07:38.300  1370  1370 I OMXClient: MuxOMX ctor
02-20 21:07:38.301  1367  1367 I OMXMaster: makeComponentInstance(OMX.google.mp3.decoder) in mediacodec process
02-20 21:07:38.304  1797  1797 W art     : Unexpected CPU variant for X86 using defaults: x86_64
02-20 21:07:38.322  1677  1736 E wifi    : Can not initialize the vendor function pointer table
02-20 21:07:38.322  1677  1736 E WifiNative-HAL: Could not start hal
02-20 21:07:38.322  1677  1736 E WifiStateMachine: Failed to start HAL
02-20 21:07:38.321     0     0 D ieee80211 phy1: hw scan 2442 MHz
02-20 21:07:38.327     0     0 I init    : Starting service 'wpa_supplicant'...
02-20 21:07:38.338  1267  1303 V vold    : Waiting for FUSE to spin up...
02-20 21:07:38.363  1802  1802 W sdcard  : Device explicitly disabled sdcardfs
02-20 21:07:38.365     0     0 D SELinux : initialized (dev fuse, type fuse), uses genfs_contexts
02-20 21:07:38.365     0     0 D SELinux : initialized (dev fuse, type fuse), uses genfs_contexts
02-20 21:07:38.366     0     0 D SELinux : initialized (dev fuse, type fuse), uses genfs_contexts
02-20 21:07:38.371  1797  1797 V WebViewFactory: RelroFileCreator (64bit = true),  32-bit lib: /system/app/Chrome/Chrome.apk!/lib/x86/libmonochrome.so, 64-bit lib: /system/app/Chrome/Chrome.apk!/lib/x86_64/libmonochrome.so
02-20 21:07:38.375  1792  1792 W art     : Unexpected CPU variant for X86 using defaults: x86
02-20 21:07:38.377  1370  1370 I MediaPlayerService: MediaPlayerService::getOMX
02-20 21:07:38.377  1370  1370 I OMXClient: MuxOMX ctor
02-20 21:07:38.377  1367  1395 I OMXMaster: makeComponentInstance(OMX.google.amrnb.decoder) in mediacodec process
02-20 21:07:38.389  1677  1728 D VoldConnector: RCV <- {651 emulated 2}
02-20 21:07:38.389  1677  1728 D VoldConnector: RCV <- {200 5 Command succeeded}
02-20 21:07:38.390  1677  1727 D VoldConnector: SND -> {6 volume mount public:253,64 2 0}
02-20 21:07:38.390  1370  1370 I MediaPlayerService: MediaPlayerService::getOMX
02-20 21:07:38.390  1370  1370 I OMXClient: MuxOMX ctor
02-20 21:07:38.390  1367  1825 I OMXMaster: makeComponentInstance(OMX.google.amrwb.decoder) in mediacodec process
02-20 21:07:38.390  1267  1303 V vold    : /system/bin/blkid
02-20 21:07:38.390  1267  1303 V vold    :     -c
02-20 21:07:38.390  1267  1303 V vold    :     /dev/null
02-20 21:07:38.390  1267  1303 V vold    :     -s
02-20 21:07:38.390  1267  1303 V vold    :     TYPE
02-20 21:07:38.390  1267  1303 V vold    :     -s
02-20 21:07:38.390  1267  1303 V vold    :     UUID
02-20 21:07:38.390  1267  1303 V vold    :     -s
02-20 21:07:38.390  1267  1303 V vold    :     LABEL
02-20 21:07:38.390  1267  1303 V vold    :     /dev/block/vold/public:253,64
02-20 21:07:38.391  1677  1728 D VoldConnector: RCV <- {651 public:253,64 1}
02-20 21:07:38.411  1370  1370 I MediaPlayerService: MediaPlayerService::getOMX
02-20 21:07:38.411  1370  1370 I OMXClient: MuxOMX ctor
02-20 21:07:38.411  1367  1367 I OMXMaster: makeComponentInstance(OMX.google.aac.decoder) in mediacodec process
02-20 21:07:38.442     0     0 D ieee80211 phy1: hw scan 2447 MHz
02-20 21:07:38.560     0     0 D ieee80211 phy1: hw scan 2452 MHz
02-20 21:07:38.428  1677  1736 D WifiMonitor: startMonitoring(wlan0) with mConnected = false
02-20 21:07:38.436  1370  1370 I MediaPlayerService: MediaPlayerService::getOMX
02-20 21:07:38.444  1792  1792 V WebViewFactory: RelroFileCreator (64bit = false),  32-bit lib: /system/app/Chrome/Chrome.apk!/lib/x86/libmonochrome.so, 64-bit lib: /system/app/Chrome/Chrome.apk!/lib/x86_64/libmonochrome.so
02-20 21:07:38.450  1370  1370 I OMXClient: MuxOMX ctor
02-20 21:07:38.450  1367  1395 I OMXMaster: makeComponentInstance(OMX.google.g711.alaw.decoder) in mediacodec process
02-20 21:07:38.452  1267  1303 V vold    : /dev/block/vold/public:253,64: LABEL="SDCARD" UUID="1E12-0B12" TYPE="vfat" 
02-20 21:07:38.452  1267  1303 V vold    : 
02-20 21:07:38.452  1267  1303 V vold    : /system/bin/fsck_msdos
02-20 21:07:38.452  1267  1303 V vold    :     -p
02-20 21:07:38.452  1267  1303 V vold    :     -f
02-20 21:07:38.452  1267  1303 V vold    :     /dev/block/vold/public:253,64
02-20 21:07:38.453  1677  1728 D VoldConnector: RCV <- {652 public:253,64 vfat}
02-20 21:07:38.453  1677  1728 D VoldConnector: RCV <- {653 public:253,64 1E12-0B12}
02-20 21:07:38.453  1677  1728 D VoldConnector: RCV <- {654 public:253,64 SDCARD}
02-20 21:07:38.542  1756  1756 I LatinIME: Hardware accelerated drawing: true
02-20 21:07:38.544  1764  1764 V SystemUIService: Starting SystemUI services for user 0.
02-20 21:07:38.546  1370  1370 I MediaPlayerService: MediaPlayerService::getOMX
02-20 21:07:38.546  1370  1370 I OMXClient: MuxOMX ctor
02-20 21:07:38.547  1367  1395 I OMXMaster: makeComponentInstance(OMX.google.g711.mlaw.decoder) in mediacodec process
02-20 21:07:38.579  1267  1303 I fsck_msdos: ** /dev/block/vold/public:253,64
02-20 21:07:38.580  1267  1303 I fsck_msdos: ** Phase 1 - Read and Compare FATs
02-20 21:07:38.580  1267  1303 I fsck_msdos: Attempting to allocate 1022 KB for FAT
02-20 21:07:38.600  1809  1809 I wpa_supplicant: Successfully initialized wpa_supplicant
02-20 21:07:38.602  1809  1809 I wpa_supplicant: rfkill: Cannot open RFKILL control device
02-20 21:07:38.630  1792  1792 I art     : System.exit called, status: 0
02-20 21:07:38.630  1792  1792 I AndroidRuntime: VM exiting with result code 0, cleanup skipped.
02-20 21:07:38.632  1764  1764 V MediaRouter: Adding route: RouteInfo{ name=Phone, description=null, status=null, category=RouteCategory{ name=null types=ROUTE_TYPE_LIVE_AUDIO ROUTE_TYPE_LIVE_VIDEO  groupable=false }, supportedTypes=ROUTE_TYPE_LIVE_AUDIO ROUTE_TYPE_LIVE_VIDEO , presentationDisplay=null }
02-20 21:07:38.603     0     0 D ieee80211 phy0: mac80211_hwsim_add_interface (type=2 mac_addr=02:00:00:44:55:66)
02-20 21:07:38.603     0     0 D ieee80211 phy0: mac80211_hwsim_bss_info_changed(changed=0xe)
02-20 21:07:38.603     0     0 D ieee80211 phy0: ERP_CTS_PROT: 0
02-20 21:07:38.603     0     0 D ieee80211 phy0: ERP_PREAMBLE: 0
02-20 21:07:38.603     0     0 D ieee80211 phy0: ERP_SLOT: 0
02-20 21:07:38.603     0     0 D ieee80211 phy0: mac80211_hwsim_conf_tx (queue=0 txop=0 cw_min=15 cw_max=1023 aifs=2)
02-20 21:07:38.603     0     0 D ieee80211 phy0: mac80211_hwsim_conf_tx (queue=1 txop=0 cw_min=15 cw_max=1023 aifs=2)
02-20 21:07:38.603     0     0 D ieee80211 phy0: mac80211_hwsim_conf_tx (queue=2 txop=0 cw_min=15 cw_max=1023 aifs=2)
02-20 21:07:38.603     0     0 D ieee80211 phy0: mac80211_hwsim_conf_tx (queue=3 txop=0 cw_min=15 cw_max=1023 aifs=2)
02-20 21:07:38.603     0     0 D ieee80211 phy0: mac80211_hwsim_bss_info_changed(changed=0x2000)
02-20 21:07:38.603     0     0 D ieee80211 phy0: mac80211_hwsim_config (freq=0 idle=0 ps=0 smps=auto)
02-20 21:07:38.603     0     0 I IPv6    : ADDRCONF(NETDEV_UP): wlan0: link is not ready
02-20 21:07:38.604     0     0 D ieee80211 phy0: mac80211_hwsim_configure_filter
02-20 21:07:38.640  1809  1809 I wpa_supplicant: nl80211: Could not re-add multicast membership for vendor events: -2 (No such file or directory)
02-20 21:07:38.653  1764  1764 V MediaRouter: Updating audio routes: AudioRoutesInfo{ type=SPEAKER }
02-20 21:07:38.654  1764  1764 V MediaRouter: Selecting route: RouteInfo{ name=Phone, description=null, status=null, category=RouteCategory{ name=null types=ROUTE_TYPE_LIVE_AUDIO ROUTE_TYPE_LIVE_VIDEO  groupable=false }, supportedTypes=ROUTE_TYPE_LIVE_AUDIO ROUTE_TYPE_LIVE_VIDEO , presentationDisplay=null }
02-20 21:07:38.655  1267  1303 I fsck_msdos: Attempting to allocate 1022 KB for FAT
02-20 21:07:38.660  1370  1370 I MediaPlayerService: MediaPlayerService::getOMX
02-20 21:07:38.660  1370  1370 I OMXClient: MuxOMX ctor
02-20 21:07:38.660  1367  1395 I OMXMaster: makeComponentInstance(OMX.google.vorbis.decoder) in mediacodec process
02-20 21:07:38.672  1756  1756 W InputAttributes: No editor info for this field. Bug?
02-20 21:07:38.679  1677  1677 W NetworkManagement: setDataSaverMode(): already false
02-20 21:07:38.679  1677  1749 D TelephonyRegistry: listen oscl: hasNotifySubscriptionInfoChangedOccurred==false no callback
02-20 21:07:38.680     0     0 D ieee80211 phy1: hw scan 2457 MHz
02-20 21:07:38.787     0     0 W FAT-fs (vde): Volume was not properly unmounted. Some data may be corrupt. Please run fsck.
02-20 21:07:38.789     0     0 D SELinux : initialized (dev vde, type vfat), uses genfs_contexts
02-20 21:07:38.721  1809  1809 E wpa_supplicant: global ctrl interface @android:wpa_wlan0 matches ctrl interface wlan0 - do not open per-interface ctrl interface
02-20 21:07:38.723  1677  1736 D WifiConfigManager: Loading config and enabling all networks 
02-20 21:07:38.726  1677  1736 W WifiNetworkHistory: Upgrading network 0 to android.uid.system:1000
02-20 21:07:38.726  1677  1736 D WifiConfigManager: loaded 0 passpoint configs
02-20 21:07:38.727  1677  1736 E IpConfigStore: Error parsing configuration: java.io.FileNotFoundException: /data/misc/wifi/ipconfig.txt (No such file or directory)
02-20 21:07:38.729  1677  1736 D WifiNative-HAL: Setting external_sim to 1
02-20 21:07:38.729  1677  1736 D WifiStateMachine: Setting OUI to DA-A1-19
02-20 21:07:38.730  1677  1736 I WifiConnectivityManager: PNO settings: min5GHzRssi -82 min24GHzRssi -85 currentConnectionBonus 16 sameNetworkBonus 24 secureNetworkBonus 80 initialScoreMax 100
02-20 21:07:38.732  1677  1736 I WifiConnectivityManager: ConnectivityScanManager initialized and disabled
02-20 21:07:38.732  1677  1736 I WifiConnectivityManager: setUntrustedConnectionAllowed: allowed=false
02-20 21:07:38.732  1677  1736 E WifiLogger: no ring buffers found
02-20 21:07:38.732  1677  1736 E WifiLogger: Failed to start packet fate monitoring
02-20 21:07:38.748  1267  1303 I fsck_msdos: ** Phase 2 - Check Cluster Chains
02-20 21:07:38.752  1370  1370 I MediaPlayerService: MediaPlayerService::getOMX
02-20 21:07:38.753  1370  1370 I OMXClient: MuxOMX ctor
02-20 21:07:38.753  1367  1395 I OMXMaster: makeComponentInstance(OMX.google.opus.decoder) in mediacodec process
02-20 21:07:38.753  1677  1736 I WifiConnectivityManager: Set WiFi enabled
02-20 21:07:38.753  1677  1736 I WifiConnectivityManager: scheduleWatchdogTimer
02-20 21:07:38.753  1267  1303 I fsck_msdos: ** Phase 3 - Checking Directories
02-20 21:07:38.753  1267  1303 I fsck_msdos: ** Phase 4 - Checking for Lost Files
02-20 21:07:38.754  1267  1303 I fsck_msdos: 27 files, 522176 free (261088 clusters)
02-20 21:07:38.757  1756  1863 I LatinIME:LogUtils: Dictionary info: dictionary = userunigram.en_US ; version = 1519160858 ; date = ?
02-20 21:07:38.770  1797  1797 I art     : System.exit called, status: 0
02-20 21:07:38.770  1677  1736 D WifiNative-HAL: Failing getSupportedFeatureset because HAL isn't started
02-20 21:07:38.798     0     0 D SELinux : initialized (dev fuse, type fuse), uses genfs_contexts
02-20 21:07:38.799     0     0 D SELinux : initialized (dev fuse, type fuse), uses genfs_contexts
02-20 21:07:38.800     0     0 D ieee80211 phy1: hw scan 2462 MHz
02-20 21:07:38.773  1677  1694 E BatteryStatsService: no controller energy info supplied
02-20 21:07:38.774  1677  1694 E KernelCpuSpeedReader: Failed to read cpu-freq: /sys/devices/system/cpu/cpu0/cpufreq/stats/time_in_state (No such file or directory)
02-20 21:07:38.774  1677  1694 E KernelUidCpuTimeReader: Failed to read uid_cputime: /proc/uid_cputime/show_uid_stat (No such file or directory)
02-20 21:07:38.774  1677  1736 D WifiNative-HAL: Failing getSupportedFeatureset because HAL isn't started
02-20 21:07:38.774  1677  1694 E BatteryStatsService: no controller energy info supplied
02-20 21:07:38.774  1677  1694 E KernelCpuSpeedReader: Failed to read cpu-freq: /sys/devices/system/cpu/cpu0/cpufreq/stats/time_in_state (No such file or directory)
02-20 21:07:38.775  1677  1694 E KernelUidCpuTimeReader: Failed to read uid_cputime: /proc/uid_cputime/show_uid_stat (No such file or directory)
02-20 21:07:38.779  1764  1868 E WVMExtractor: Failed to open libwvm.so: dlopen failed: library "libwvm.so" not found
02-20 21:07:38.779  1267  1303 I Vold    : Filesystem check completed OK
02-20 21:07:38.779  1677  1728 D VoldConnector: RCV <- {656 public:253,64 /mnt/media_rw/1E12-0B12}
02-20 21:07:38.780  1677  1728 D VoldConnector: RCV <- {655 public:253,64 /storage/1E12-0B12}
02-20 21:07:38.788  1756  1863 E ActivityThread: Failed to find provider info for user_dictionary
02-20 21:07:38.789  1756  1863 I LatinIME:LogUtils: Dictionary info: dictionary = UserHistoryDictionary.en_US ; version = 1519160858 ; date = ?
02-20 21:07:38.790  1677  1677 D NetworkPolicy: setRestrictBackgroundUL(): false
02-20 21:07:38.790  1677  1677 W NetworkManagement: setDataSaverMode(): already false
02-20 21:07:38.790  1267  1303 V vold    : Waiting for FUSE to spin up...
02-20 21:07:38.797  1877  1877 W sdcard  : Device explicitly disabled sdcardfs
02-20 21:07:38.798  1370  1370 I MediaPlayerService: MediaPlayerService::getOMX
02-20 21:07:38.799  1370  1370 I OMXClient: MuxOMX ctor
02-20 21:07:38.799  1367  1367 I OMXMaster: makeComponentInstance(OMX.google.raw.decoder) in mediacodec process
02-20 21:07:38.803  1370  1370 I MediaPlayerService: MediaPlayerService::getOMX
02-20 21:07:38.803  1370  1370 I OMXClient: MuxOMX ctor
02-20 21:07:38.803  1367  1395 I OMXMaster: makeComponentInstance(OMX.google.aac.encoder) in mediacodec process
02-20 21:07:38.809  1370  1370 I MediaPlayerService: MediaPlayerService::getOMX
02-20 21:07:38.809  1370  1370 I OMXClient: MuxOMX ctor
02-20 21:07:38.801     0     0 D SELinux : initialized (dev fuse, type fuse), uses genfs_contexts
02-20 21:07:38.811  1367  1825 I OMXMaster: makeComponentInstance(OMX.google.amrnb.encoder) in mediacodec process
02-20 21:07:38.817  1677  1692 W WindowManager: Keyguard drawn timeout. Setting mKeyguardDrawComplete
02-20 21:07:38.820  1370  1370 I MediaPlayerService: MediaPlayerService::getOMX
02-20 21:07:38.820  1370  1370 I OMXClient: MuxOMX ctor
02-20 21:07:38.820  1367  1367 I OMXMaster: makeComponentInstance(OMX.google.amrwb.encoder) in mediacodec process
02-20 21:07:38.825  1370  1370 I MediaPlayerService: MediaPlayerService::getOMX
02-20 21:07:38.825  1370  1370 I OMXClient: MuxOMX ctor
02-20 21:07:38.825  1367  1395 I OMXMaster: makeComponentInstance(OMX.google.flac.encoder) in mediacodec process
02-20 21:07:38.844  1677  1728 D VoldConnector: RCV <- {651 public:253,64 2}
02-20 21:07:38.845  1677  1728 D VoldConnector: RCV <- {200 6 Command succeeded}
02-20 21:07:38.861  1370  1370 I MediaPlayerService: MediaPlayerService::getOMX
02-20 21:07:38.862  1370  1370 I OMXClient: MuxOMX ctor
02-20 21:07:38.862  1367  1825 I OMXMaster: makeComponentInstance(OMX.google.gsm.decoder) in mediacodec process
02-20 21:07:38.907  1677  1677 I SystemServiceManager: Starting phase 600
02-20 21:07:38.912  1677  1677 D SensorNotificationService: Cannot obtain dynamic meta sensor, not supported.
02-20 21:07:38.913  1677  1677 D TelephonyRegistry: listen oscl: hasNotifySubscriptionInfoChangedOccurred==false no callback
02-20 21:07:38.923     0     0 D ieee80211 phy1: hw scan complete
02-20 21:07:38.923     0     0 D ieee80211 phy1: mac80211_hwsim_get_survey (idx=0)
02-20 21:07:38.937  1370  1370 I MediaPlayerService: MediaPlayerService::getOMX
02-20 21:07:38.938  1370  1370 I OMXClient: MuxOMX ctor
02-20 21:07:38.938  1367  1825 I OMXMaster: makeComponentInstance(OMX.google.mpeg4.decoder) in mediacodec process
02-20 21:07:38.941  1677  1687 I art     : Background sticky concurrent mark sweep GC freed 51631(2MB) AllocSpace objects, 13(304KB) LOS objects, 14% free, 21MB/24MB, paused 11.843ms total 35.584ms
02-20 21:07:38.961  1520  1520 E hostapd : Using interface wlan1 with hwaddr 02:00:00:00:01:00 and ssid "AndroidWifi"
02-20 21:07:38.961  1520  1520 I hostapd : wlan1: interface state HT_SCAN->ENABLED
02-20 21:07:38.961  1520  1520 I hostapd : wlan1: AP-ENABLED 
02-20 21:07:38.961  1756  1863 I LatinIME:LogUtils: Dictionary info: dictionary = main:en ; version = 54 ; date = 1414726273
02-20 21:07:38.961     0     0 D ieee80211 phy1: mac80211_hwsim_config (freq=0 idle=0 ps=0 smps=auto)
02-20 21:07:38.961     0     0 D ieee80211 phy1: add channel context control: 2447 MHz/width: 2/cfreqs:2437/0 MHz
02-20 21:07:38.961     0     0 D ieee80211 phy1: mac80211_hwsim_bss_info_changed(changed=0x40000)
02-20 21:07:38.961     0     0 D ieee80211 phy1: TX Power: 20 dBm
02-20 21:07:38.961     0     0 D ieee80211 phy1: mac80211_hwsim_bss_info_changed(changed=0x4000)
02-20 21:07:38.961     0     0 D ieee80211 phy1: change channel context control: 2447 MHz/width: 2/cfreqs:2437/0 MHz
02-20 21:07:38.961     0     0 D ieee80211 phy1: mac80211_hwsim_bss_info_changed(changed=0x88340)
02-20 21:07:38.961     0     0 D ieee80211 phy1: BCNINT: 100
02-20 21:07:38.961     0     0 D ieee80211 phy1: BCN EN: 1
02-20 21:07:38.961     0     0 D ieee80211 phy1: mac80211_hwsim_bss_info_changed(changed=0x3e)
02-20 21:07:38.961     0     0 D ieee80211 phy1: ERP_CTS_PROT: 0
02-20 21:07:38.961     0     0 D ieee80211 phy1: ERP_PREAMBLE: 0
02-20 21:07:38.961     0     0 D ieee80211 phy1: ERP_SLOT: 1
02-20 21:07:38.961     0     0 D ieee80211 phy1: HT: op_mode=0x0
02-20 21:07:38.961     0     0 D ieee80211 phy1: BASIC_RATES: 0xf
02-20 21:07:38.961     0     0 D ieee80211 phy1: mac80211_hwsim_conf_tx (queue=0 txop=47 cw_min=3 cw_max=7 aifs=1)
02-20 21:07:38.961     0     0 D ieee80211 phy1: mac80211_hwsim_bss_info_changed(changed=0x2000)
02-20 21:07:38.961     0     0 D ieee80211 phy1: mac80211_hwsim_conf_tx (queue=1 txop=94 cw_min=7 cw_max=15 aifs=1)
02-20 21:07:38.961     0     0 D ieee80211 phy1: mac80211_hwsim_bss_info_changed(changed=0x2000)
02-20 21:07:38.961     0     0 D ieee80211 phy1: mac80211_hwsim_conf_tx (queue=2 txop=0 cw_min=15 cw_max=63 aifs=3)
02-20 21:07:38.971  1367  1825 E OMXNodeInstance: getExtensionIndex(557000f:google.mpeg4.decoder, OMX.google.android.index.configureVideoTunnelMode) ERROR: UnsupportedIndex(0x8000101a)
02-20 21:07:38.961     0     0 D ieee80211 phy1: mac80211_hwsim_bss_info_changed(changed=0x2000)
02-20 21:07:38.961     0     0 D ieee80211 phy1: mac80211_hwsim_conf_tx (queue=3 txop=0 cw_min=15 cw_max=1023 aifs=7)
02-20 21:07:38.961     0     0 D ieee80211 phy1: mac80211_hwsim_bss_info_changed(changed=0x2000)
02-20 21:07:38.961     0     0 I IPv6    : ADDRCONF(NETDEV_CHANGE): wlan1: link becomes ready
02-20 21:07:38.962     0     0 D ieee80211 phy1: mac80211_hwsim_configure_filter
02-20 21:07:38.974  1367  1395 W OMXNodeInstance: [557000f:google.mpeg4.decoder] component does not support metadata mode; using fallback
02-20 21:07:38.975  1370  1370 I MediaPlayerService: MediaPlayerService::getOMX
02-20 21:07:38.975  1370  1370 I OMXClient: MuxOMX ctor
02-20 21:07:38.975  1367  1367 I OMXMaster: makeComponentInstance(OMX.google.h263.decoder) in mediacodec process
02-20 21:07:38.986  1677  1677 I GnssLocationProvider: WakeLock acquired by sendMessage(13, 0, null)
02-20 21:07:38.995  1677  1690 W GnssLocationProvider: Could not open GPS configuration file /etc/gps.conf
02-20 21:07:38.996  1677  1690 E GnssLocationProvider: no AGPS interface in set_agps_server
02-20 21:07:39.001  1677  1677 W LocationProviderProxy-network: Odd, no component found for service com.android.location.service.v3.NetworkLocationProvider
02-20 21:07:39.002  1677  1690 D TelephonyRegistry: listen oscl: hasNotifySubscriptionInfoChangedOccurred==false no callback
02-20 21:07:39.010  1677  1677 W GeocoderProxy: Odd, no component found for service com.android.location.service.GeocodeProvider
02-20 21:07:39.011  1677  1677 E FlpHardwareProvider: Error hw_get_module 'flp': -2
02-20 21:07:39.011  1677  1677 D LocationManagerService: FLP HAL not supported
02-20 21:07:39.018  1677  1677 W GeofenceProxy: Odd, no component found for service com.android.location.service.GeofenceProvider
02-20 21:07:39.018  1677  1677 E ActivityRecognitionHardware: Error hw_get_module: -2
02-20 21:07:39.018  1677  1677 D LocationManagerService: Hardware Activity-Recognition not supported.
02-20 21:07:39.019  1677  1677 W ActivityRecognitionProxy: Odd, no component found for service com.android.location.service.ActivityRecognitionProvider
02-20 21:07:39.019  1677  1677 I GnssLocationProvider: WakeLock acquired by sendMessage(2, 1, null)
02-20 21:07:39.027  1677  1690 I GnssLocationProvider: WakeLock released by handleMessage(13, 0, null)
02-20 21:07:39.027  1677  1690 E GnssLocationProvider: no AGPS interface in set_agps_server
02-20 21:07:39.028  1677  1690 I GnssLocationProvider: WakeLock released by handleMessage(2, 1, null)
02-20 21:07:39.033  1677  1677 I CommonTimeManagementService: No common time service detected on this platform.  Common time services will be unavailable.
02-20 21:07:39.033  1764  1764 I vol.Events: writeEvent collection_started
02-20 21:07:39.034  1677  1677 D TelephonyRegistry: systemRunning register for intents
02-20 21:07:39.036  1677  1724 I InputReader: Reconfiguring input devices.  changes=0x00000020
02-20 21:07:39.036  1677  1677 I MmsServiceBroker: Delay connecting to MmsService until an API is called
02-20 21:07:39.038  1677  1724 I InputReader: Reconfiguring input devices.  changes=0x00000010
02-20 21:07:39.050  1367  1395 E OMXNodeInstance: getExtensionIndex(5570010:google.h263.decoder, OMX.google.android.index.configureVideoTunnelMode) ERROR: UnsupportedIndex(0x8000101a)
02-20 21:07:39.051  1367  1825 W OMXNodeInstance: [5570010:google.h263.decoder] component does not support metadata mode; using fallback
02-20 21:07:39.052  1370  1370 I MediaPlayerService: MediaPlayerService::getOMX
02-20 21:07:39.052  1370  1370 I OMXClient: MuxOMX ctor
02-20 21:07:39.052  1367  1367 I OMXMaster: makeComponentInstance(OMX.google.h264.decoder) in mediacodec process
02-20 21:07:39.063  1917  1917 W art     : Unexpected CPU variant for X86 using defaults: x86_64
02-20 21:07:39.063  1677  1677 I am_proc_start: [0,1917,1001,com.android.phone,added application,com.android.phone]
02-20 21:07:39.063  1677  1677 I ActivityManager: Start proc 1917:com.android.phone/1001 for added application com.android.phone
02-20 21:07:39.063  1677  1677 I ActivityManager: START u0 {act=android.intent.action.MAIN cat=[android.intent.category.HOME] flg=0x10000100 cmp=com.android.settings/.FallbackHome} from uid 0 on display 0
02-20 21:07:39.064  1677  1677 W System  : ClassLoader referenced unknown path: 
02-20 21:07:39.064  1677  1677 W System  : ClassLoader referenced unknown path: /system/priv-app/Settings/lib/x86_64
02-20 21:07:39.064  1677  1677 D ApplicationLoaders: ignored Vulkan layer search path /system/priv-app/Settings/lib/x86_64:/system/priv-app/Settings/Settings.apk!/lib/x86_64:/system/lib64:/vendor/lib64 for namespace 0x7a860f651160
02-20 21:07:39.072  1677  1677 I ActivityManager: Loaded persisted task ids for user 0
02-20 21:07:39.073  1677  1677 I am_create_task: [0,1]
02-20 21:07:39.073  1677  1677 I am_create_activity: [0,134119520,1,com.android.settings/.FallbackHome,android.intent.action.MAIN,NULL,NULL,276824320]
02-20 21:07:39.074  1677  1677 I wm_task_created: [1,0]
02-20 21:07:39.074  1677  1677 I wm_task_moved: [1,1,0]
02-20 21:07:39.075  1677  1677 I wm_task_moved: [1,1,0]
02-20 21:07:39.075  1677  1677 I am_focused_activity: [0,com.android.settings/.FallbackHome,startedActivity]
02-20 21:07:39.079  1677  1677 I am_proc_start: [0,1931,1000,com.android.settings,activity,com.android.settings/.FallbackHome]
02-20 21:07:39.079  1677  1677 I ActivityManager: Start proc 1931:com.android.settings/1000 for activity com.android.settings/.FallbackHome
02-20 21:07:39.095  1931  1931 W art     : Unexpected CPU variant for X86 using defaults: x86_64
02-20 21:07:39.095  1677  1689 I am_proc_bound: [0,1917,com.android.phone]
02-20 21:07:39.096  1677  1677 I SystemServer: Enabled StrictMode for system server main thread.
02-20 21:07:39.112  1677  1690 W LocationProviderProxy-network: Odd, no component found for service com.android.location.service.v3.NetworkLocationProvider
02-20 21:07:39.112  1677  1690 W GeocoderProxy: Odd, no component found for service com.android.location.service.GeocodeProvider
02-20 21:07:39.112  1677  1690 W GeofenceProxy: Odd, no component found for service com.android.location.service.GeofenceProvider
02-20 21:07:39.112  1677  1690 W ActivityRecognitionProxy: Odd, no component found for service com.android.location.service.ActivityRecognitionProvider
02-20 21:07:39.116  1677  1677 D ConditionProviders.SCP: onConnected
02-20 21:07:39.116  1677  1677 D ZenLog  : set_zen_mode: off,readXml
02-20 21:07:39.117  1764  1914 I sysui_action: [213,2]
02-20 21:07:39.117  1764  1914 I vol.Events: writeEvent external_ringer_mode_changed normal
02-20 21:07:39.117  1764  1914 I vol.Events: writeEvent internal_ringer_mode_changed normal
02-20 21:07:39.117  1677  1677 D ConditionProviders: Subscribing to condition://android/schedule?days=6.7&start=23.30&end=10.0&exitAtAlarm=false with ComponentInfo{android/com.android.server.notification.ScheduleConditionProvider}
02-20 21:07:39.117  1677  1677 D ZenLog  : subscribe: condition://android/schedule?days=6.7&start=23.30&end=10.0&exitAtAlarm=false,ok
02-20 21:07:39.117  1677  1677 D ConditionProviders: Subscribing to condition://android/event?userId=-10000&calendar=&reply=1 with ComponentInfo{android/com.android.server.notification.EventConditionProvider}
02-20 21:07:39.119  1677  1677 D ZenLog  : subscribe: condition://android/event?userId=-10000&calendar=&reply=1,ok
02-20 21:07:39.119  1677  1677 D ConditionProviders: Subscribing to condition://android/schedule?days=1.2.3.4.5&start=22.0&end=7.0&exitAtAlarm=false with ComponentInfo{android/com.android.server.notification.ScheduleConditionProvider}
02-20 21:07:39.119  1677  1677 D ZenLog  : subscribe: condition://android/schedule?days=1.2.3.4.5&start=22.0&end=7.0&exitAtAlarm=false,ok
02-20 21:07:39.129  1917  1917 W System  : ClassLoader referenced unknown path: /system/priv-app/TeleService/lib/x86_64
02-20 21:07:39.132  1370  1370 W ACodec  : [OMX.google.h264.decoder] stopping checking profiles after 32: 2/8000
02-20 21:07:39.132  1367  1367 E OMXNodeInstance: getExtensionIndex(5570011:google.h264.decoder, OMX.google.android.index.configureVideoTunnelMode) ERROR: UnsupportedIndex(0x8000101a)
02-20 21:07:39.136  1367  1825 W OMXNodeInstance: [5570011:google.h264.decoder] component does not support metadata mode; using fallback
02-20 21:07:39.146  1370  1370 I MediaPlayerService: MediaPlayerService::getOMX
02-20 21:07:39.149  1677  1688 I am_proc_bound: [0,1931,com.android.settings]
02-20 21:07:39.152  1370  1370 I OMXClient: MuxOMX ctor
02-20 21:07:39.152  1367  1395 I OMXMaster: makeComponentInstance(OMX.google.hevc.decoder) in mediacodec process
02-20 21:07:39.196  1312  1376 D PermissionCache: checking android.permission.READ_FRAME_BUFFER for uid=1000 => granted (253 us)
02-20 21:07:39.234  1367  1825 E OMXNodeInstance: getExtensionIndex(5570012:google.hevc.decoder, OMX.google.android.index.configureVideoTunnelMode) ERROR: UnsupportedIndex(0x8000101a)
02-20 21:07:39.234  1367  1825 W OMXNodeInstance: [5570012:google.hevc.decoder] component does not support metadata mode; using fallback
02-20 21:07:39.239  1370  1370 I MediaPlayerService: MediaPlayerService::getOMX
02-20 21:07:39.240  1370  1370 I OMXClient: MuxOMX ctor
02-20 21:07:39.240  1367  1395 I OMXMaster: makeComponentInstance(OMX.google.vp8.decoder) in mediacodec process
02-20 21:07:39.261  1312  1376 D gralloc_ranchu: gralloc_alloc: Creating ashmem region of size 17051648
02-20 21:07:39.261  1312  1376 D         : HostConnection::get() New Host Connection established 0x7dace9c2fca0, tid 1376
02-20 21:07:39.272  1367  1825 E OMXNodeInstance: getExtensionIndex(5570013:google.vp8.decoder, OMX.google.android.index.configureVideoTunnelMode) ERROR: UnsupportedIndex(0x8000101a)
02-20 21:07:39.272  1367  1367 W OMXNodeInstance: [5570013:google.vp8.decoder] component does not support metadata mode; using fallback
02-20 21:07:39.276  1370  1370 I MediaPlayerService: MediaPlayerService::getOMX
02-20 21:07:39.276  1370  1370 I OMXClient: MuxOMX ctor
02-20 21:07:39.276  1367  1395 I OMXMaster: makeComponentInstance(OMX.google.vp9.decoder) in mediacodec process
02-20 21:07:39.306  1367  1825 E OMXNodeInstance: getExtensionIndex(5570014:google.vp9.decoder, OMX.google.android.index.configureVideoTunnelMode) ERROR: UnsupportedIndex(0x8000101a)
02-20 21:07:39.306  1367  1367 W OMXNodeInstance: [5570014:google.vp9.decoder] component does not support metadata mode; using fallback
02-20 21:07:39.308  1370  1370 I MediaPlayerService: MediaPlayerService::getOMX
02-20 21:07:39.308  1370  1370 I OMXClient: MuxOMX ctor
02-20 21:07:39.308  1367  1367 I OMXMaster: makeComponentInstance(OMX.google.h263.encoder) in mediacodec process
02-20 21:07:39.328  1367  1367 I SoftMPEG4Encoder: Construct SoftMPEG4Encoder
02-20 21:07:39.329  1370  1370 W ACodec  : do not know color format 0x7f000789 = 2130708361
02-20 21:07:39.329  1367  1395 E OMXNodeInstance: getConfig(5570015:google.h263.encoder, ConfigAndroidIntraRefresh(0x6f60000a)) ERROR: Undefined(0x80001001)
02-20 21:07:39.332  1370  1370 I MediaPlayerService: MediaPlayerService::getOMX
02-20 21:07:39.332  1370  1370 I OMXClient: MuxOMX ctor
02-20 21:07:39.332  1367  1367 I OMXMaster: makeComponentInstance(OMX.google.h264.encoder) in mediacodec process
02-20 21:07:39.364  1370  1370 W ACodec  : do not know color format 0x7f000789 = 2130708361
02-20 21:07:39.366  1370  1370 I MediaPlayerService: MediaPlayerService::getOMX
02-20 21:07:39.366  1370  1370 I OMXClient: MuxOMX ctor
02-20 21:07:39.366  1367  1825 I OMXMaster: makeComponentInstance(OMX.google.mpeg4.encoder) in mediacodec process
02-20 21:07:39.399  1677  1688 I am_restart_activity: [0,134119520,1,com.android.settings/.FallbackHome]
02-20 21:07:39.400  1677  1698 W art     : Long monitor contention with owner Binder:1677_1 (1688) at void com.android.server.am.ActivityManagerService.attachApplication(android.app.IApplicationThread)(ActivityManagerService.java:6669) waiters=0 in void com.android.server.am.ActivityManagerService$LocalService.notifyAppTransitionCancelled() for 232ms
02-20 21:07:39.401  1677  1698 I dvm_lock_sample: [system_server,1,android.display,232,ActivityManagerService.java,21995,-,6669,46]
02-20 21:07:39.401  1677  1749 W art     : Long monitor contention with owner Binder:1677_1 (1688) at void com.android.server.am.ActivityManagerService.attachApplication(android.app.IApplicationThread)(ActivityManagerService.java:6669) waiters=2 in void com.android.server.am.ActivityManagerService.addPackageDependency(java.lang.String) for 181ms
02-20 21:07:39.401  1677  1749 I dvm_lock_sample: [system_server,1,Binder:1677_3,181,ActivityManagerService.java,5765,-,6669,36]
02-20 21:07:39.403  1677  1677 D RttService: SCAN_AVAILABLE : 1
02-20 21:07:39.403  1677  1677 D ZenLog  : set_zen_mode: off,cleanUpZenRules
02-20 21:07:39.404  1677  1738 I WifiScanningService: wifi driver unloaded
02-20 21:07:39.405  1677  1739 D RttService: DefaultState got{ when=-1ms what=160513 target=com.android.internal.util.StateMachine$SmHandler }
02-20 21:07:39.427  1917  1917 W System  : ClassLoader referenced unknown path: /system/priv-app/TelephonyProvider/lib/x86_64
02-20 21:07:39.427  1917  1917 D ApplicationLoaders: ignored Vulkan layer search path /system/priv-app/TelephonyProvider/lib/x86_64:/system/lib64:/vendor/lib64 for namespace 0x7a860f5e60f0
02-20 21:07:39.444  1677  1677 W System  : ClassLoader referenced unknown path: /system/priv-app/Telecom/lib/x86_64
02-20 21:07:39.447  1677  1677 D ApplicationLoaders: ignored Vulkan layer search path /system/priv-app/Telecom/lib/x86_64:/system/priv-app/Telecom/Telecom.apk!/lib/x86_64:/system/lib64:/vendor/lib64 for namespace 0x7a860f6511d0
02-20 21:07:39.474  1931  1931 W System  : ClassLoader referenced unknown path: /system/priv-app/Settings/lib/x86_64
02-20 21:07:39.483  1677  1855 I stream_devices_changed: [0,0,2]
02-20 21:07:39.486  1677  1855 I stream_devices_changed: [2,0,2]
02-20 21:07:39.486  1677  1855 I stream_devices_changed: [3,0,2]
02-20 21:07:39.489  1677  1855 I stream_devices_changed: [6,0,2]
02-20 21:07:39.491  1677  1855 I stream_devices_changed: [4,0,2]
02-20 21:07:39.492  1764  1914 I vol.Events: writeEvent level_changed STREAM_ALARM 6
02-20 21:07:39.495  1367  1825 I SoftMPEG4Encoder: Construct SoftMPEG4Encoder
02-20 21:07:39.497  1370  1370 W ACodec  : do not know color format 0x7f000789 = 2130708361
02-20 21:07:39.497  1367  1367 E OMXNodeInstance: getConfig(5570017:google.mpeg4.encoder, ConfigAndroidIntraRefresh(0x6f60000a)) ERROR: Undefined(0x80001001)
02-20 21:07:39.498  1370  1370 I MediaPlayerService: MediaPlayerService::getOMX
02-20 21:07:39.499  1370  1370 I OMXClient: MuxOMX ctor
02-20 21:07:39.499  1367  1367 I OMXMaster: makeComponentInstance(OMX.google.vp8.encoder) in mediacodec process
02-20 21:07:39.517  1764  1914 I vol.Events: writeEvent level_changed STREAM_BLUETOOTH_SCO 7
02-20 21:07:39.521  1764  1914 I vol.Events: writeEvent level_changed STREAM_MUSIC 11
02-20 21:07:39.522  1764  1914 I vol.Events: writeEvent level_changed STREAM_RING 5
02-20 21:07:39.523  1764  1914 I vol.Events: writeEvent level_changed STREAM_SYSTEM 5
02-20 21:07:39.530  1677  1677 E BluetoothAdapter: Bluetooth binder is null
02-20 21:07:39.542  1764  1914 I vol.Events: writeEvent level_changed STREAM_VOICE_CALL 4
02-20 21:07:39.554  1677  1677 I Telecom : SystemStateProvider: Registering car mode receiver: android.content.IntentFilter@91b7c16: TS.init@AAA
02-20 21:07:39.567  1312  1376 E SurfaceFlinger: ro.sf.lcd_density must be defined as a build property
02-20 21:07:39.572  1917  1917 D TelephonyProvider: dbh.onOpen: ok, queried table=siminfo
02-20 21:07:39.572  1917  1917 D TelephonyProvider: dbh.onOpen: ok, queried table=carriers
02-20 21:07:39.573  1677  1975 I Telecom : Telecom: Non-call EVENT: AUDIO_ROUTE, Entering state QuiescentEarpieceRoute
02-20 21:07:39.579  1931  1931 I am_on_resume_called: [0,com.android.settings.FallbackHome,LAUNCH_ACTIVITY]
02-20 21:07:39.589  1677  1976 I Telecom : CallAudioModeStateMachine: Message received: null.: TS.init->CAMSM.pM_1@AAA_0
02-20 21:07:39.591  1312  1323 E SurfaceFlinger: ro.sf.lcd_density must be defined as a build property
02-20 21:07:39.596  1931  1931 D         : HostConnection::get() New Host Connection established 0x7a86009feca0, tid 1931
02-20 21:07:39.597  1370  1370 W ACodec  : do not know color format 0x7f000789 = 2130708361
02-20 21:07:39.597  1367  1825 E OMXNodeInstance: getConfig(5570018:google.vp8.encoder, ConfigAndroidIntraRefresh(0x6f60000a)) ERROR: Undefined(0x80001001)
02-20 21:07:39.612  1677  1980 E ActivityThread: Failed to find provider info for call_log
02-20 21:07:39.612  1677  1677 E BluetoothAdapter: Bluetooth binder is null
02-20 21:07:39.613  1370  1370 I MediaPlayerService: MediaPlayerService::getOMX
02-20 21:07:39.613  1370  1370 I OMXClient: MuxOMX ctor
02-20 21:07:39.617  1370  1370 I MediaPlayerService: MediaPlayerService::getOMX
02-20 21:07:39.618  1370  1370 I OMXClient: MuxOMX ctor
02-20 21:07:39.618  1370  1370 W MediaCodecList: unable to open media codecs configuration xml file: /data/misc/media/media_codecs_profiling_results.xml
02-20 21:07:39.626  1677  1677 I Telecom : Class: TelecomSystem.INSTANCE being set
02-20 21:07:39.626  1677  1677 E BluetoothAdapter: Bluetooth binder is null
02-20 21:07:39.626  1677  1677 W ContextImpl: Calling a method in the system process without a qualified user: android.app.ContextImpl.startService:1357 com.android.server.content.SyncManager$13.run:658 android.os.Handler.handleCallback:751 android.os.Handler.dispatchMessage:95 android.os.Looper.loop:154 
02-20 21:07:39.627  1370  1844 I MediaPlayerService: MediaPlayerService::getOMX
02-20 21:07:39.627  1677  1677 D RttService: SCAN_AVAILABLE : 3
02-20 21:07:39.629  1677  1738 I WifiScanningService: wifi driver loaded with scan capabilities: max buckets=16
02-20 21:07:39.629  1677  1739 D RttService: DefaultState got{ when=-2ms what=160512 target=com.android.internal.util.StateMachine$SmHandler }
02-20 21:07:39.630  1677  1806 I OMXClient: MuxOMX ctor
02-20 21:07:39.630  1367  1395 I OMXMaster: makeComponentInstance(OMX.google.vorbis.decoder) in mediacodec process
02-20 21:07:39.654  1764  1764 D         : HostConnection::get() New Host Connection established 0x7a85f042e720, tid 1764
02-20 21:07:39.655  1370  1416 I MediaPlayerService: MediaPlayerService::getOMX
02-20 21:07:39.659  1764  1892 I OMXClient: MuxOMX ctor
02-20 21:07:39.666  1677  1677 W System  : ClassLoader referenced unknown path: /system/priv-app/FusedLocation/lib/x86_64
02-20 21:07:39.667  1677  1677 D ApplicationLoaders: ignored Vulkan layer search path /system/priv-app/FusedLocation/lib/x86_64:/system/priv-app/FusedLocation/FusedLocation.apk!/lib/x86_64:/system/lib64:/vendor/lib64 for namespace 0x7a860f651240
02-20 21:07:39.671  1367  1983 I OMXMaster: makeComponentInstance(OMX.google.vorbis.decoder) in mediacodec process
02-20 21:07:39.672  1917  1917 D TDC     : updateOrInsert: inserting: Modem { uuid=modem, state=0, rilModel=0, rat={}, maxActiveVoiceCall=1, maxActiveDataCall=1, maxStandby=1 }
02-20 21:07:39.672  1917  1917 D TDC     : updateOrInsert: inserting: Sim { uuid=sim, modemUuid=modem, state=0 }
02-20 21:07:39.687  1677  1677 D GpsNetInitiatedHandler: location enabled :true
02-20 21:07:39.688  1677  1677 V WiredAccessoryManager: notifyWiredAccessoryChanged: when=0 bits= mask=54
02-20 21:07:39.693  1917  1917 D CdmaSSM : subscriptionSource from settings: 0
02-20 21:07:39.694  1917  1917 I PhoneFactory: Cdma Subscription set to 0
02-20 21:07:39.697  1677  1677 V WiredAccessoryManager: newName=h2w newState=0 headsetState=0 prev headsetState=0
02-20 21:07:39.698  1677  1677 E WiredAccessoryManager: No state change.
02-20 21:07:39.698  1677  1677 V WiredAccessoryManager: init()
02-20 21:07:39.727  1917  1917 I PhoneFactory: Network Mode set to 0
02-20 21:07:39.735  1931  1979 D         : HostConnection::get() New Host Connection established 0x7a86009fed60, tid 1979
02-20 21:07:39.739  1931  1979 I OpenGLRenderer: Initialized EGL, version 1.4
02-20 21:07:39.739  1931  1979 D OpenGLRenderer: Swap behavior 1
02-20 21:07:39.742  1917  1917 D RILJ    : RIL(context, preferredNetworkType=0 cdmaSubscription=0)
02-20 21:07:39.742  1370  1416 I MediaPlayerService: MediaPlayerService::getOMX
02-20 21:07:39.744  1764  2000 I OMXClient: MuxOMX ctor
02-20 21:07:39.744  1367  1395 I OMXMaster: makeComponentInstance(OMX.google.vorbis.decoder) in mediacodec process
02-20 21:07:39.763  1917  1917 D RILJ    : Starting RILReceiver0 [SUB0]
02-20 21:07:39.763  1370  1844 I MediaPlayerService: MediaPlayerService::getOMX
02-20 21:07:39.763  1677  1999 I OMXClient: MuxOMX ctor
02-20 21:07:39.767  1917  1917 D RILJ    : [3648]> GET_HARDWARE_CONFIG [SUB0]
02-20 21:07:39.767  1917  1917 D RilRequest: [3648]< GET_HARDWARE_CONFIG error: com.android.internal.telephony.CommandException: RADIO_NOT_AVAILABLE ret=
02-20 21:07:39.767  1917  1917 I PhoneFactory: Creating SubscriptionController
02-20 21:07:39.767  1931  1979 D EGL_emulation: eglCreateContext: 0x7a86009f50c0: maj 3 min 0 rcv 3
02-20 21:07:39.769  1764  1764 D StorageNotification: Notifying about private volume: VolumeInfo{private}:
02-20 21:07:39.769  1764  1764 D StorageNotification:     type=PRIVATE diskId=null partGuid=null mountFlags=0 mountUserId=-1 
02-20 21:07:39.769  1764  1764 D StorageNotification:     state=MOUNTED 
02-20 21:07:39.769  1764  1764 D StorageNotification:     fsType=null fsUuid=null fsLabel=null 
02-20 21:07:39.769  1764  1764 D StorageNotification:     path=/data internalPath=null 
02-20 21:07:39.771  1764  1764 D StorageNotification: Notifying about public volume: VolumeInfo{public:253,64}:
02-20 21:07:39.771  1764  1764 D StorageNotification:     type=PUBLIC diskId=disk:253,64 partGuid=null mountFlags=VISIBLE 
02-20 21:07:39.771  1764  1764 D StorageNotification:     mountUserId=0 state=MOUNTED 
02-20 21:07:39.771  1764  1764 D StorageNotification:     fsType=vfat fsUuid=1E12-0B12 fsLabel=SDCARD 
02-20 21:07:39.771  1764  1764 D StorageNotification:     path=/storage/1E12-0B12 internalPath=/mnt/media_rw/1E12-0B12 
02-20 21:07:39.772  1917  1917 D SubscriptionController: [SubscriptionController] init by Context
02-20 21:07:39.778  1372  1484 I RILC    : libril: new connection to RIL_SOCKET_1
02-20 21:07:39.778  1372  1484 I RILC    : RIL Daemon version: android reference-ril 1.0
02-20 21:07:39.778  1917  2002 I RILJ    : (0) Connected to 'rild' socket
02-20 21:07:39.787  1917  2002 D RILJ    : [UNSL]< UNSOL_RIL_CONNECTED {12} [SUB0]
02-20 21:07:39.788  1917  2002 D RILJ    : [3649]> RADIO_POWER off [SUB0]
02-20 21:07:39.788  1917  1917 D UiccController: Creating UiccController
02-20 21:07:39.789  1372  1484 D RIL     : onRequest: RADIO_POWER
02-20 21:07:39.789  1917  2002 D RILJ    : [3650]> RIL_REQUEST_CDMA_SET_SUBSCRIPTION_SOURCE : 0 [SUB0]
02-20 21:07:39.789  1372  1484 D RIL     : onRequest: CDMA_SET_SUBSCRIPTION_SOURCE
02-20 21:07:39.789  1917  2002 D RILJ    : setCellInfoListRate: 2147483647 [SUB0]
02-20 21:07:39.793  1917  2002 D RILJ    : [3651]> RIL_REQUEST_SET_CELL_INFO_LIST_RATE [SUB0]
02-20 21:07:39.795  1372  1484 D RIL     : onRequest: SET_UNSOL_CELL_INFO_LIST_RATE
02-20 21:07:39.795  1917  1917 D TelephonyTester: register for intent action=com.android.internal.telephony.action_detached
02-20 21:07:39.795  1917  1917 D TelephonyTester: register for intent action=com.android.internal.telephony.action_attached
02-20 21:07:39.795  1917  2002 D RILJ    : [UNSL]< UNSOL_RESPONSE_RADIO_STATE_CHANGED RADIO_OFF [SUB0]
02-20 21:07:39.795  1917  2002 D RILJ    : [3652]> SCREEN_STATE: true [SUB0]
02-20 21:07:39.796  1917  2002 D RILJ    : [UNSL]< UNSOL_NITZ_TIME_RECEIVED 18/02/20:21:07:33+0:0:Unknown!Unknown [SUB0]
02-20 21:07:39.796  1917  2002 D RILJ    : [3649]< RADIO_POWER  [SUB0]
02-20 21:07:39.796  1917  2002 D RilRequest: [3650]< RIL_REQUEST_CDMA_SET_SUBSCRIPTION_SOURCE error: com.android.internal.telephony.CommandException: RADIO_NOT_AVAILABLE ret=
02-20 21:07:39.796  1917  2002 D RilRequest: [3651]< RIL_REQUEST_SET_CELL_INFO_LIST_RATE error: com.android.internal.telephony.CommandException: RADIO_NOT_AVAILABLE ret=
02-20 21:07:39.797  1372  1484 D RIL     : onRequest: SCREEN_STATE
02-20 21:07:39.799  1917  2002 D RilRequest: [3652]< SCREEN_STATE error: com.android.internal.telephony.CommandException: RADIO_NOT_AVAILABLE ret=
02-20 21:07:39.801  1367  1825 I OMXMaster: makeComponentInstance(OMX.google.vorbis.decoder) in mediacodec process
02-20 21:07:39.812  1917  1917 D Phone   : mDoesRilSendMultipleCallRing=true
02-20 21:07:39.812  1917  1917 D Phone   : mCallRingDelay=3000
02-20 21:07:39.832  1677  1677 W VibratorService: Tried to stop vibrating but there is no vibrator device.
02-20 21:07:39.839  1677  1677 D ConditionProviders.SCP: onSubscribe condition://android/schedule?days=6.7&start=23.30&end=10.0&exitAtAlarm=false
02-20 21:07:39.839  1677  1677 D ConditionProviders.SCP: setRegistered true
02-20 21:07:39.839  1677  1677 D ConditionProviders.SCP: notifyCondition condition://android/schedule?days=6.7&start=23.30&end=10.0&exitAtAlarm=false STATE_FALSE reason=!meetsSchedule
02-20 21:07:39.855  1917  1917 D RILJ    : [3653]> RIL_REQUEST_START_LCE [SUB0]
02-20 21:07:39.856  1677  1677 D ConditionProviders.SCP: Scheduling evaluate for Tue Feb 20 23:30:00 GMT+00:00 2018 (1519169400000), in +2h22m20s161ms, now=Tue Feb 20 21:07:39 GMT+00:00 2018 (1519160859839)
02-20 21:07:39.856  1677  1677 D ConditionProviders.SCP: onSubscribe condition://android/schedule?days=1.2.3.4.5&start=22.0&end=7.0&exitAtAlarm=false
02-20 21:07:39.857  1677  1677 D ConditionProviders.SCP: notifyCondition condition://android/schedule?days=6.7&start=23.30&end=10.0&exitAtAlarm=false STATE_FALSE reason=!meetsSchedule
02-20 21:07:39.857  1677  1677 D ConditionProviders.SCP: notifyCondition condition://android/schedule?days=1.2.3.4.5&start=22.0&end=7.0&exitAtAlarm=false STATE_FALSE reason=!meetsSchedule
02-20 21:07:39.860  1931  1979 D EGL_emulation: eglMakeCurrent: 0x7a86009f50c0: ver 3 0 (tinfo 0x7a860affb580)
02-20 21:07:39.878  1677  1677 D ConditionProviders.SCP: Scheduling evaluate for Tue Feb 20 22:00:00 GMT+00:00 2018 (1519164000000), in +52m20s144ms, now=Tue Feb 20 21:07:39 GMT+00:00 2018 (1519160859856)
02-20 21:07:39.881  1372  1484 D RIL     : onRequest: <unknown request>
02-20 21:07:39.881  1917  2002 D RilRequest: [3653]< RIL_REQUEST_START_LCE error: com.android.internal.telephony.CommandException: RADIO_NOT_AVAILABLE ret=
02-20 21:07:39.887  1677  1677 I Telecom : WiredHeadsetManager: ACTION_HEADSET_PLUG event, plugged in: false, : WHC.oADA@AAE
02-20 21:07:39.888  1677  1732 I netstats_mobile_sample: [0,0,0,0,0,0,0,0,0,0,0,0,-1]
02-20 21:07:39.888  1677  1732 I netstats_wifi_sample: [0,0,0,0,0,0,0,0,0,0,0,0,-1]
02-20 21:07:39.902  1677  1677 I ActivityManager: user 0 is still locked. Cannot load recents
02-20 21:07:39.908  1370  1370 I MediaPlayerService: MediaPlayerService::getOMX
02-20 21:07:39.907  1917  1917 E RIL_ImsSms: getFormat should never be called from here!
02-20 21:07:39.912  1917  1917 D SMSDispatcher: SMSDispatcher: ctor mSmsCapable=true format=unknown mSmsSendDisabled=false
02-20 21:07:39.912  1917  1917 D RIL_ImsSms: ImsSMSDispatcher created
02-20 21:07:39.914  1677  1677 I notification_enqueue: [10028,1764,com.android.systemui,1397773634,public:253,64,-1,Notification(pri=0 contentView=null vibrate=null sound=null defaults=0x0 flags=0x100 color=0xff607d8b category=sys actions=2 vis=PUBLIC),0]
02-20 21:07:39.915  1677  2015 I OMXClient: MuxOMX ctor
02-20 21:07:39.915  1917  1917 D SMSDispatcher: SMSDispatcher: ctor mSmsCapable=true format=3gpp2 mSmsSendDisabled=false
02-20 21:07:39.915  1917  1917 D CdmaSMSDispatcher: CdmaSMSDispatcher created
02-20 21:07:39.916  1367  1983 I OMXMaster: makeComponentInstance(OMX.google.vorbis.decoder) in mediacodec process
