02-20 21:07:39.925  1677  1677 D TelephonyRegistry: notifyCellLocationForSubscriber: subId=0 cellLocation=Bundle[{}]
02-20 21:07:39.926  1917  1930 D SubscriptionController: [getPhoneId]- no sims, returning default phoneId=2147483647
02-20 21:07:39.947  1370  1370 I MediaPlayerService: MediaPlayerService::getOMX
02-20 21:07:39.948  1764  2018 I OMXClient: MuxOMX ctor
02-20 21:07:39.954  1917  1917 D GsmInboundSmsHandler: created InboundSmsHandler
02-20 21:07:39.955  1931  1979 D EGL_emulation: eglMakeCurrent: 0x7a86009f50c0: ver 3 0 (tinfo 0x7a860affb580)
02-20 21:07:39.970     0     0 D ieee80211 phy1: mac80211_hwsim_configure_filter
02-20 21:07:39.984  1917  1917 D CdmaInboundSmsHandler: created InboundSmsHandler
02-20 21:07:39.991  1367  1367 I OMXMaster: makeComponentInstance(OMX.google.vorbis.decoder) in mediacodec process
02-20 21:07:40.008  1917  1917 D SMSDispatcher: SMSDispatcher: ctor mSmsCapable=true format=3gpp mSmsSendDisabled=false
02-20 21:07:40.008  1917  1917 D GsmSMSDispatcher: GsmSMSDispatcher created
02-20 21:07:40.009  1917  2020 D GsmInboundSmsHandler: StartupState.processMessage:6
02-20 21:07:40.010  1917  2020 D GsmInboundSmsHandler: entering Idle state
02-20 21:07:40.010  1917  2022 D CdmaInboundSmsHandler: StartupState.processMessage:6
02-20 21:07:40.010  1917  2022 D CdmaInboundSmsHandler: entering Idle state
02-20 21:07:40.013  1917  1917 D IccCardProxy: ctor: ci=com.android.internal.telephony.RIL@c5c0581 phoneId=0
02-20 21:07:40.013  1917  1917 D CdmaSSM : subscriptionSource from settings: 0
02-20 21:07:40.013  1917  1917 D CdmaSSM : cdmaSSM constructor: 0
02-20 21:07:40.013  1917  1917 D IccCardProxy: update icc_operator_numeric=
02-20 21:07:40.013  1917  1917 D TelephonyManager: setTelephonyProperty: success phoneId=0 property=gsm.sim.operator.numeric value:  propVal=
02-20 21:07:40.013  1917  1917 D TelephonyManager: setTelephonyProperty: success phoneId=0 property=gsm.sim.operator.iso-country value:  propVal=
02-20 21:07:40.013  1917  1917 D TelephonyManager: setTelephonyProperty: success phoneId=0 property=gsm.sim.operator.alpha value:  propVal=
02-20 21:07:40.013  1917  1917 E IccCardProxy: setExternalState: set mPhoneId=0 mExternalState=NOT_READY
02-20 21:07:40.013  1917  1917 D TelephonyManager: setTelephonyProperty: success phoneId=0 property=gsm.sim.state value: NOT_READY propVal=NOT_READY
02-20 21:07:40.014  1917  1917 D IccCardProxy: broadcastIccStateChangedIntent intent ACTION_SIM_STATE_CHANGED value=NOT_READY reason=null for mPhoneId=0
02-20 21:07:40.041  1677  1691 I am_proc_start: [0,2028,10004,com.android.cellbroadcastreceiver,broadcast,com.android.cellbroadcastreceiver/.CellBroadcastReceiver]
02-20 21:07:40.041  1677  1691 I ActivityManager: Start proc 2028:com.android.cellbroadcastreceiver/u0a4 for broadcast com.android.cellbroadcastreceiver/.CellBroadcastReceiver
02-20 21:07:40.056  2028  2028 W art     : Unexpected CPU variant for X86 using defaults: x86_64
02-20 21:07:40.057  1917  1917 D RILJ    : setPhoneType=1 old value=0 [SUB0]
02-20 21:07:40.057  1917  1917 D TelephonyManager: setTelephonyProperty: success phoneId=0 property=gsm.current.phone-type value: 1 propVal=1
02-20 21:07:40.058  1677  1691 I boot_progress_enable_screen: 12058
02-20 21:07:40.059  1677  1691 V KeyguardServiceDelegate: *** Keyguard started
02-20 21:07:40.059  1677  1691 I screen_toggled: 1
02-20 21:07:40.059  1677  1698 I am_activity_launch_time: [0,134119520,com.android.settings/.FallbackHome,983,983]
02-20 21:07:40.060  1677  1698 I ActivityManager: Displayed com.android.settings/.FallbackHome: +983ms
02-20 21:07:40.061  1917  1917 D IccCardProxy: Setting radio tech UMTS
02-20 21:07:40.061  1917  1917 D IccCardProxy: updateQuietMode: 3GPP subscription -> newQuietMode=false
02-20 21:07:40.061  1917  1917 D IccCardProxy: updateQuietMode: no changes don't setExternalState
02-20 21:07:40.061  1917  1917 D IccCardProxy: updateQuietMode: QuietMode is false (app_type=1 cdmaSource=-1)
02-20 21:07:40.064  1677  1691 W KeyguardServiceDelegate: onScreenTurningOn(): no keyguard service!
02-20 21:07:40.067  1677  1746 E ActivityThread: Failed to find provider info for com.android.calendar
02-20 21:07:40.067  1677  1746 E ActivityThread: Failed to find provider info for com.android.calendar
02-20 21:07:40.068  1312  1324 I SurfaceFlinger: Boot is finished (10216 ms)
02-20 21:07:40.068  1312  1324 I sf_stop_bootanim: 12068
02-20 21:07:40.069  1370  1416 I MediaPlayerService: MediaPlayerService::getOMX
02-20 21:07:40.069  1917  1917 W CarrierConfigManager: Error getting config for subId -1 ICarrierConfigLoader is null
02-20 21:07:40.069  1677  2029 I OMXClient: MuxOMX ctor
02-20 21:07:40.069  1367  1395 I OMXMaster: makeComponentInstance(OMX.google.vorbis.decoder) in mediacodec process
02-20 21:07:40.069  1677  1968 D TelephonyRegistry: listen oscl: hasNotifySubscriptionInfoChangedOccurred==false no callback
02-20 21:07:40.079  1917  1917 D TelephonyManager: setTelephonyProperty: success phoneId=0 property=gsm.network.type value: Unknown propVal=Unknown
02-20 21:07:40.081  1917  1917 D RILJ    : [3654]> SIGNAL_STRENGTH [SUB0]
02-20 21:07:40.082  1917  1917 D SST     : notifyDataRegStateRilRadioTechnologyChanged: drs=1 rat=0
02-20 21:07:40.082  1917  1917 D TelephonyManager: setTelephonyProperty: success phoneId=0 property=gsm.network.type value: Unknown propVal=Unknown
02-20 21:07:40.082  1372  1484 D RIL     : onRequest: SIGNAL_STRENGTH
02-20 21:07:40.082  1917  2002 D RilRequest: [3654]< SIGNAL_STRENGTH error: com.android.internal.telephony.CommandException: RADIO_NOT_AVAILABLE ret=
02-20 21:07:40.126     0     0 I init    : Service 'bootanim' (pid 1345) exited with status 0
02-20 21:07:40.129     0     0 I init    : Starting service 'exec 6 (/system/bin/bootstat)'...
02-20 21:07:40.086  1917  1917 D DCT     : [0]DCT.constructor
02-20 21:07:40.088  1677  1965 D TelephonyRegistry: listen oscl: hasNotifySubscriptionInfoChangedOccurred==false no callback
02-20 21:07:40.089  1677  1749 I am_proc_bound: [0,2028,com.android.cellbroadcastreceiver]
02-20 21:07:40.091  1917  1917 D Dcc     : E ctor
02-20 21:07:40.091  1917  1917 D Dcc     : X ctor
02-20 21:07:40.096  1917  1917 D SubscriptionController: [getPhoneId] asked for default subId=-1
02-20 21:07:40.097  1677  1698 I WindowManager: Screen frozen for +947ms due to Window{8334d6e u0 com.android.systemui.ImageWallpaper}
02-20 21:07:40.100  1917  1917 D DcTesterFailBrinupAll: register for intent action=com.android.internal.telephony.dataconnection.action_fail_bringup
02-20 21:07:40.100  1917  1917 D DcTesterFailBrinupAll: register for intent action=com.android.internal.telephony.action_detached
02-20 21:07:40.100  1917  1917 D DcTesterFailBrinupAll: register for intent action=com.android.internal.telephony.action_attached
02-20 21:07:40.101  1917  2042 D DcTesterDeacativateAll: register for intent action=com.android.internal.telephony.dataconnection.action_deactivate_all
02-20 21:07:40.101  1917  2042 D DcTesterDeacativateAll: register for intent action=com.android.internal.telephony.action_detached
02-20 21:07:40.101  1917  2042 D Dcc     : DccDefaultState: msg.what=EVENT_RIL_CONNECTED mRilVersion=12
02-20 21:07:40.101  1917  1917 D SST     : notifyDataRegStateRilRadioTechnologyChanged: drs=1 rat=0
02-20 21:07:40.101  1917  1917 D TelephonyManager: setTelephonyProperty: success phoneId=0 property=gsm.network.type value: Unknown propVal=Unknown
02-20 21:07:40.102  1917  1917 D DCT     : [0]update sub = -2
02-20 21:07:40.102  1917  1917 D DCT     : [0]update(): Active DDS, register for all events now!
02-20 21:07:40.102  1917  1917 D GsmCdmaPhone: [GsmCdmaPhone] updateCurrentCarrierInProvider: mSubId = -2 currentDds = 1 operatorNumeric = null
02-20 21:07:40.103  1917  1917 D DCT     : [0]initApnContexts: E
02-20 21:07:40.103  1917  1917 D DCT     : [0]initApnContexts: skipping unknown type=1
02-20 21:07:40.103  1917  1917 D DCT     : [0]initApnContexts: apnContext={mApnType=default mState=IDLE mWaitingApns={null} mApnSetting={null} mReason=dataEnabled mDataEnabled=false mDependencyMet=true}
02-20 21:07:40.103  1917  1917 D DCT     : [0]initApnContexts: apnContext={mApnType=mms mState=IDLE mWaitingApns={null} mApnSetting={null} mReason=dataEnabled mDataEnabled=false mDependencyMet=true}
02-20 21:07:40.103  1917  1917 D DCT     : [0]initApnContexts: apnContext={mApnType=supl mState=IDLE mWaitingApns={null} mApnSetting={null} mReason=dataEnabled mDataEnabled=false mDependencyMet=true}
02-20 21:07:40.103  1917  1917 D DCT     : [0]initApnContexts: apnContext={mApnType=hipri mState=IDLE mWaitingApns={null} mApnSetting={null} mReason=dataEnabled mDataEnabled=false mDependencyMet=true}
02-20 21:07:40.103  1917  1917 D DCT     : [0]initApnContexts: apnContext={mApnType=fota mState=IDLE mWaitingApns={null} mApnSetting={null} mReason=dataEnabled mDataEnabled=false mDependencyMet=true}
02-20 21:07:40.190     0     0 I init    : Service 'exec 6 (/system/bin/bootstat)' (pid 2045) exited with status 0
02-20 21:07:40.191     0     0 I init    : Starting service 'exec 7 (/system/bin/bootstat)'...
02-20 21:07:40.204     0     0 I init    : Service 'exec 7 (/system/bin/bootstat)' (pid 2047) exited with status 0
02-20 21:07:40.205     0     0 I init    : Starting service 'exec 8 (/system/bin/bootstat)'...
02-20 21:07:40.235     0     0 I init    : Service 'exec 8 (/system/bin/bootstat)' (pid 2050) exited with status 0
02-20 21:07:40.238     0     0 I init    : Starting service 'exec 9 (/system/bin/bootstat)'...
02-20 21:07:40.249     0     0 I init    : Service 'exec 9 (/system/bin/bootstat)' (pid 2052) exited with status 0
02-20 21:07:40.103  1917  1917 D DCT     : [0]initApnContexts: apnContext={mApnType=ims mState=IDLE mWaitingApns={null} mApnSetting={null} mReason=dataEnabled mDataEnabled=false mDependencyMet=true}
02-20 21:07:40.103  1917  1917 D DCT     : [0]initApnContexts: apnContext={mApnType=cbs mState=IDLE mWaitingApns={null} mApnSetting={null} mReason=dataEnabled mDataEnabled=false mDependencyMet=true}
02-20 21:07:40.103  1917  1917 D DCT     : [0]initApnContexts: skipping unknown type=13
02-20 21:07:40.103  1917  1917 D DCT     : [0]initApnContexts: apnContext={mApnType=ia mState=IDLE mWaitingApns={null} mApnSetting={null} mReason=dataEnabled mDataEnabled=false mDependencyMet=true}
02-20 21:07:40.103  1917  1917 D DCT     : [0]initApnContexts: apnContext={mApnType=emergency mState=IDLE mWaitingApns={null} mApnSetting={null} mReason=dataEnabled mDataEnabled=false mDependencyMet=true}
02-20 21:07:40.110  1917  1917 D GsmCdmaPhone: [GsmCdmaPhone] GsmCdmaPhone: constructor: sub = 0
02-20 21:07:40.115  1917  1917 I PhoneFactory: Creating Phone with type = 1 sub = 0
02-20 21:07:40.124  1917  1917 I PhoneFactory: defaultSmsApplication: NONE
02-20 21:07:40.136  1917  1917 I PhoneFactory: Creating SubInfoRecordUpdater 
02-20 21:07:40.138  1917  1917 D SubscriptionInfoUpdater: Constructor invoked
02-20 21:07:40.166  2045  2045 I bootstat: Service started: /system/bin/bootstat --record_boot_complete 
02-20 21:07:40.170  2045  2045 I bootstat: Logging histogram: bootstat_mtime_matches_content 1
02-20 21:07:40.170  2045  2045 I sysui_histogram: [bootstat_mtime_matches_content,1]
02-20 21:07:40.170  1312  1312 I sf_frame_dur: [BootAnimation,0,10,192,10,2,0,0]
02-20 21:07:40.172  1677  1968 D TelephonyRegistry: listen oscl: hasNotifySubscriptionInfoChangedOccurred==false no callback
02-20 21:07:40.172  1917  1917 D SubscriptionController: [getPhoneId]- no sims, returning default phoneId=2147483647
02-20 21:07:40.174  2045  2045 I bootstat: Logging histogram: bootstat_mtime_matches_content 1
02-20 21:07:40.174  2045  2045 I sysui_histogram: [bootstat_mtime_matches_content,1]
02-20 21:07:40.174  2045  2045 I bootstat: Logging histogram: bootstat_mtime_matches_content 1
02-20 21:07:40.174  2045  2045 I sysui_histogram: [bootstat_mtime_matches_content,1]
02-20 21:07:40.177  1677  1965 D TelephonyRegistry: listen oscl: hasNotifySubscriptionInfoChangedOccurred==false no callback
02-20 21:07:40.178  1917  1917 D PhoneSwitcherNetworkRequstListener: Registering NetworkFactory
02-20 21:07:40.178  1677  1740 D ConnectivityService: Got NetworkFactory Messenger for PhoneSwitcherNetworkRequstListener
02-20 21:07:40.188  1917  1917 D PhoneSwitcher: PhoneSwitcher started
02-20 21:07:40.190  1370  1416 I MediaPlayerService: MediaPlayerService::getOMX
02-20 21:07:40.190  1677  2046 I OMXClient: MuxOMX ctor
02-20 21:07:40.190  1367  1825 I OMXMaster: makeComponentInstance(OMX.google.vorbis.decoder) in mediacodec process
02-20 21:07:40.204  2047  2047 I bootstat: Service started: /system/bin/bootstat --record_boot_reason 
02-20 21:07:40.204  2047  2047 I bootstat: Unknown boot reason: 
02-20 21:07:40.205  1917  1917 D ProxyController: Constructor - Enter
02-20 21:07:40.207  1917  1917 D ProxyController: clearTransaction
02-20 21:07:40.207  1917  1917 D ProxyController: clearTransaction: phoneId=0 status=IDLE
02-20 21:07:40.207  1917  1917 D ProxyController: Constructor - Exit
02-20 21:07:40.207  1917  1917 D TelephonyNetworkFactory[0]: Registering NetworkFactory
02-20 21:07:40.207  1677  1740 D ConnectivityService: Got NetworkFactory Messenger for TelephonyNetworkFactory[0]
02-20 21:07:40.217  1917  1917 D CallManager: registerPhone(GSM Handler (com.android.internal.telephony.GsmCdmaPhone) {4cb5e44})
02-20 21:07:40.220  1677  1855 D TelephonyRegistry: listen oscl: hasNotifySubscriptionInfoChangedOccurred==false no callback
02-20 21:07:40.226  2050  2050 I bootstat: Service started: /system/bin/bootstat --record_time_since_factory_reset 
02-20 21:07:40.226  2050  2050 I bootstat: Logging histogram: factory_reset_current_time 1519160860
02-20 21:07:40.226  2050  2050 I sysui_histogram: [factory_reset_current_time,1519160860]
02-20 21:07:40.231  2050  2050 I bootstat: Logging histogram: bootstat_mtime_matches_content 1
02-20 21:07:40.232  2050  2050 I sysui_histogram: [bootstat_mtime_matches_content,1]
02-20 21:07:40.232  2050  2050 I bootstat: Logging histogram: factory_reset_record_value 1519154248
02-20 21:07:40.232  2050  2050 I sysui_histogram: [factory_reset_record_value,1519154248]
02-20 21:07:40.242  1677  1687 I art     : Background sticky concurrent mark sweep GC freed 39085(2MB) AllocSpace objects, 8(160KB) LOS objects, 7% free, 22MB/24MB, paused 1.415ms total 284.501ms
02-20 21:07:40.246  2052  2052 I bootstat: Service started: /system/bin/bootstat -l 
02-20 21:07:40.246  2052  2052 I bootstat: Logging histogram: bootstat_mtime_matches_content 1
02-20 21:07:40.246  2052  2052 I sysui_histogram: [bootstat_mtime_matches_content,1]
02-20 21:07:40.246  2052  2052 I bootstat: Logging histogram: bootstat_mtime_matches_content 1
02-20 21:07:40.246  2052  2052 I sysui_histogram: [bootstat_mtime_matches_content,1]
02-20 21:07:40.246  2052  2052 I bootstat: Logging histogram: bootstat_mtime_matches_content 1
02-20 21:07:40.246  2052  2052 I sysui_histogram: [bootstat_mtime_matches_content,1]
02-20 21:07:40.246  2052  2052 I bootstat: Logging histogram: bootstat_mtime_matches_content 1
02-20 21:07:40.153  2045  2045 I auditd  : type=1400 audit(0.0:11): avc: denied { getattr } for comm="bootstat" path="/vendor" dev="rootfs" ino=4000 scontext=u:r:bootstat:s0 tcontext=u:object_r:rootfs:s0 tclass=lnk_file permissive=0
02-20 21:07:40.153  2045  2045 W bootstat: type=1400 audit(0.0:11): avc: denied { getattr } for path="/vendor" dev="rootfs" ino=4000 scontext=u:r:bootstat:s0 tcontext=u:object_r:rootfs:s0 tclass=lnk_file permissive=0
02-20 21:07:40.193  2047  2047 I auditd  : type=1400 audit(0.0:12): avc: denied { getattr } for comm="bootstat" path="/vendor" dev="rootfs" ino=4000 scontext=u:r:bootstat:s0 tcontext=u:object_r:rootfs:s0 tclass=lnk_file permissive=0
02-20 21:07:40.193  2047  2047 W bootstat: type=1400 audit(0.0:12): avc: denied { getattr } for path="/vendor" dev="rootfs" ino=4000 scontext=u:r:bootstat:s0 tcontext=u:object_r:rootfs:s0 tclass=lnk_file permissive=0
02-20 21:07:40.246  2052  2052 I sysui_histogram: [bootstat_mtime_matches_content,1]
02-20 21:07:40.247  2052  2052 I bootstat: Logging histogram: bootstat_mtime_matches_content 1
02-20 21:07:40.247  2052  2052 I sysui_histogram: [bootstat_mtime_matches_content,1]
02-20 21:07:40.248  2052  2052 I bootstat: Logging histogram: bootstat_mtime_matches_content 1
02-20 21:07:40.248  2052  2052 I sysui_histogram: [bootstat_mtime_matches_content,1]
02-20 21:07:40.248  2052  2052 I bootstat: Logging histogram: bootstat_mtime_matches_content 1
02-20 21:07:40.248  2052  2052 I sysui_histogram: [bootstat_mtime_matches_content,1]
02-20 21:07:40.248  2052  2052 I bootstat: Logging histogram: bootstat_mtime_matches_content 1
02-20 21:07:40.248  2052  2052 I sysui_histogram: [bootstat_mtime_matches_content,1]
02-20 21:07:40.248  2052  2052 I bootstat: Logging histogram: bootstat_mtime_matches_content 1
02-20 21:07:40.248  2052  2052 I sysui_histogram: [bootstat_mtime_matches_content,1]
02-20 21:07:40.248  2052  2052 I bootstat: Logging histogram: bootstat_mtime_matches_content 1
02-20 21:07:40.248  2052  2052 I sysui_histogram: [bootstat_mtime_matches_content,1]
02-20 21:07:40.248  2052  2052 I bootstat: Logging histogram: bootstat_mtime_matches_content 1
02-20 21:07:40.248  2052  2052 I sysui_histogram: [bootstat_mtime_matches_content,1]
02-20 21:07:40.248  2052  2052 I bootstat: Logging histogram: bootstat_mtime_matches_content 1
02-20 21:07:40.248  2052  2052 I sysui_histogram: [bootstat_mtime_matches_content,1]
02-20 21:07:40.248  2052  2052 I bootstat: Logging histogram: bootstat_mtime_matches_content 1
02-20 21:07:40.248  2052  2052 I sysui_histogram: [bootstat_mtime_matches_content,1]
02-20 21:07:40.248  2052  2052 I bootstat: Logging histogram: bootstat_mtime_matches_content 1
02-20 21:07:40.248  2052  2052 I sysui_histogram: [bootstat_mtime_matches_content,1]
02-20 21:07:40.248  2052  2052 I bootstat: Logging histogram: post_decrypt_time_elapsed 2
02-20 21:07:40.248  2052  2052 I sysui_histogram: [post_decrypt_time_elapsed,2]
02-20 21:07:40.248  2052  2052 I bootstat: Logging histogram: last_boot_time_utc 1519160860
02-20 21:07:40.248  2052  2052 I sysui_histogram: [last_boot_time_utc,1519160860]
02-20 21:07:40.248  2052  2052 I bootstat: Logging histogram: build_date 1513095943
02-20 21:07:40.248  2052  2052 I sysui_histogram: [build_date,1513095943]
02-20 21:07:40.248  2052  2052 I bootstat: Logging histogram: boot_decryption_complete 12
02-20 21:07:40.248  2052  2052 I sysui_histogram: [boot_decryption_complete,12]
02-20 21:07:40.248  2052  2052 I bootstat: Logging histogram: ota_boot_complete_post_decrypt 7
02-20 21:07:40.248  2052  2052 I sysui_histogram: [ota_boot_complete_post_decrypt,7]
02-20 21:07:40.248  2052  2052 I bootstat: Logging histogram: ota_boot_complete 9
02-20 21:07:40.248  2052  2052 I sysui_histogram: [ota_boot_complete,9]
02-20 21:07:40.248  2052  2052 I bootstat: Logging histogram: boot_reason 1
02-20 21:07:40.248  2052  2052 I sysui_histogram: [boot_reason,1]
02-20 21:07:40.248  2052  2052 I bootstat: Logging histogram: factory_reset_current_time 1519160860
02-20 21:07:40.248  2052  2052 I sysui_histogram: [factory_reset_current_time,1519160860]
02-20 21:07:40.248  2052  2052 I bootstat: Logging histogram: factory_reset 1519154248
02-20 21:07:40.248  2052  2052 I sysui_histogram: [factory_reset,1519154248]
02-20 21:07:40.248  2052  2052 I bootstat: Logging histogram: time_since_last_boot 75
02-20 21:07:40.248  2052  2052 I sysui_histogram: [time_since_last_boot,75]
02-20 21:07:40.248  2052  2052 I bootstat: Logging histogram: boot_complete_post_decrypt 10
02-20 21:07:40.248  2052  2052 I sysui_histogram: [boot_complete_post_decrypt,10]
02-20 21:07:40.248  2052  2052 I bootstat: Logging histogram: boot_complete 12
02-20 21:07:40.248  2052  2052 I sysui_histogram: [boot_complete,12]
02-20 21:07:40.248  2052  2052 I bootstat: Logging histogram: factory_reset_record_value 1519154248
02-20 21:07:40.248  2052  2052 I sysui_histogram: [factory_reset_record_value,1519154248]
02-20 21:07:40.248  2052  2052 I bootstat: Logging histogram: time_since_factory_reset 6612
02-20 21:07:40.248  2052  2052 I sysui_histogram: [time_since_factory_reset,6612]
02-20 21:07:40.252  1370  1416 I MediaPlayerService: MediaPlayerService::getOMX
02-20 21:07:40.253  1677  2054 I OMXClient: MuxOMX ctor
02-20 21:07:40.253  1367  1983 I OMXMaster: makeComponentInstance(OMX.google.vorbis.decoder) in mediacodec process
02-20 21:07:40.303  2028  2028 W System  : ClassLoader referenced unknown path: /system/priv-app/CellBroadcastReceiver/lib/x86_64
02-20 21:07:40.213  2050  2050 I auditd  : type=1400 audit(0.0:13): avc: denied { getattr } for comm="bootstat" path="/vendor" dev="rootfs" ino=4000 scontext=u:r:bootstat:s0 tcontext=u:object_r:rootfs:s0 tclass=lnk_file permissive=0
02-20 21:07:40.213  2050  2050 W bootstat: type=1400 audit(0.0:13): avc: denied { getattr } for path="/vendor" dev="rootfs" ino=4000 scontext=u:r:bootstat:s0 tcontext=u:object_r:rootfs:s0 tclass=lnk_file permissive=0
02-20 21:07:40.385     0     0 I init    : write_file: Unable to open '/sys/class/android_usb/android0/enable': No such file or directory
02-20 21:07:40.386     0     0 I init    : write_file: Unable to open '/sys/class/android_usb/android0/idVendor': No such file or directory
02-20 21:07:40.387     0     0 I init    : write_file: Unable to open '/sys/class/android_usb/android0/idProduct': No such file or directory
02-20 21:07:40.388     0     0 I init    : write_file: Unable to open '/sys/class/android_usb/android0/functions': No such file or directory
02-20 21:07:40.389     0     0 I init    : write_file: Unable to open '/sys/class/android_usb/android0/enable': No such file or directory
02-20 21:07:40.343  1677  1698 I wm_boot_animation_done: 12343
02-20 21:07:40.343  1677  1692 W art     : Long monitor contention with owner android.display (1698) at void com.android.server.wm.WindowManagerService$H.handleMessage(android.os.Message)(WindowManagerService.java:8368) waiters=0 in void com.android.server.wm.WindowManagerService.updateRotationUnchecked(boolean, boolean) for 207ms
02-20 21:07:40.343  1677  1692 I dvm_lock_sample: [system_server,1,android.ui,207,WindowManagerService.java,6783,-,8368,41]
02-20 21:07:40.344  1677  1698 I SystemServiceManager: Starting phase 1000
02-20 21:07:40.356  1677  1698 I am_proc_start: [0,2060,10015,com.google.android.ext.services,on-hold,]
02-20 21:07:40.356  1677  1698 I ActivityManager: Start proc 2060:com.google.android.ext.services/u0a15 for on-hold
02-20 21:07:40.358  2060  2060 W art     : Unexpected CPU variant for X86 using defaults: x86_64
02-20 21:07:40.385  1677  1698 D ActivityManager: Finishing user boot 0
02-20 21:07:40.386  1677  1698 I sysui_histogram: [framework_locked_boot_completed,12]
02-20 21:07:40.386  1677  1698 D CryptdConnector: SND -> {3 cryptfs prepare_user_storage ! 0 0 2}
02-20 21:07:40.386  1267  1304 D vold    : e4crypt_prepare_user_storage for volume null, user 0, serial 0, flags 2
02-20 21:07:40.386  1267  1304 D vold    : Preparing: /data/system_ce/0
02-20 21:07:40.386  1267  1304 D vold    : Preparing: /data/misc_ce/0
02-20 21:07:40.386  1267  1304 D vold    : Preparing: /data/media/0
02-20 21:07:40.386  1267  1304 D vold    : Preparing: /data/data
02-20 21:07:40.386  1677  1729 D CryptdConnector: RCV <- {200 3 Command succeeded}
02-20 21:07:40.387  1677  1698 V UserManagerService: Found /data/user/0 with serial number 0
02-20 21:07:40.387  1677  1698 V UserManagerService: Found /data/system_ce/0 with serial number 0
02-20 21:07:40.387  1677  1698 V PackageManager: reconcileAppsData for null u0 0x2
02-20 21:07:40.401  1677  1745 D NotificationSQLiteLog: Pruned event entries: 0
02-20 21:07:40.223  2052  2052 I auditd  : type=1400 audit(0.0:14): avc: denied { getattr } for comm="bootstat" path="/vendor" dev="rootfs" ino=4000 scontext=u:r:bootstat:s0 tcontext=u:object_r:rootfs:s0 tclass=lnk_file permissive=0
02-20 21:07:40.223  2052  2052 W bootstat: type=1400 audit(0.0:14): avc: denied { getattr } for path="/vendor" dev="rootfs" ino=4000 scontext=u:r:bootstat:s0 tcontext=u:object_r:rootfs:s0 tclass=lnk_file permissive=0
02-20 21:07:40.434  1677  1690 I SyncManager: Got SyncJobService instance.
02-20 21:07:40.435  1677  1677 I FusedLocation: engine started (com.android.location.fused)
02-20 21:07:40.435  1917  1929 D SubscriptionController: [getPhoneId]- no sims, returning default phoneId=2147483647
02-20 21:07:40.451  1677  1698 V PackageManager: reconcileAppsData finished 100 packages
02-20 21:07:40.453  1677  1965 I am_proc_bound: [0,2060,com.google.android.ext.services]
02-20 21:07:40.454  1677  1691 D MountService: onUnlockUser 0
02-20 21:07:40.454  1677  1691 D VoldConnector: SND -> {7 volume user_started 0}
02-20 21:07:40.459  1677  1689 I StatusBarManagerService: registerStatusBar bar=com.android.internal.statusbar.IStatusBar$Stub$Proxy@cdd6869
02-20 21:07:40.460  1267  1303 D vold    : Linking /storage/emulated/0 to /mnt/user/0/primary
02-20 21:07:40.460  1677  1728 D VoldConnector: RCV <- {200 7 Command succeeded}
02-20 21:07:40.462  1677  1727 D MountService: Volume public:253,64 broadcasting mounted to UserHandle{0}
02-20 21:07:40.463  1917  1917 D CarrierConfigLoader: CarrierConfigLoader has started
02-20 21:07:40.465  1917  1917 E BluetoothAdapter: Bluetooth binder is null
02-20 21:07:40.467  1677  1855 D TelephonyRegistry: listen oscl: hasNotifySubscriptionInfoChangedOccurred==false no callback
02-20 21:07:40.497  2080  2080 W art     : Unexpected CPU variant for X86 using defaults: x86_64
02-20 21:07:40.501  1677  1688 I am_proc_start: [0,2080,10001,android.process.acore,content provider,com.android.providers.contacts/.ContactsProvider2]
02-20 21:07:40.501  1677  1688 I ActivityManager: Start proc 2080:android.process.acore/u0a1 for content provider com.android.providers.contacts/.ContactsProvider2
02-20 21:07:40.502  1677  1692 I dvm_lock_sample: [system_server,1,android.ui,45,ActivityManagerService.java,4156,-,13717,9]
02-20 21:07:40.512  1677  1727 D MountService: Volume emulated broadcasting mounted to UserHandle{0}
02-20 21:07:40.513  1677  1689 I am_proc_bound: [0,2080,android.process.acore]
02-20 21:07:40.557  1677  1691 V BackupManagerService: No ancestral data
02-20 21:07:40.708     0     0 D ieee80211 phy0: mac80211_hwsim_config (freq=0 idle=1 ps=0 smps=auto)
02-20 21:07:40.708     0     0 D ieee80211 phy0: hwsim hw_scan request
02-20 21:07:40.708     0     0 D ieee80211 phy0: hw scan 2412 MHz
02-20 21:07:40.731     0     0 D ieee80211 phy0: hw scan 2417 MHz
02-20 21:07:40.573  1917  1917 D RILJ    : [3655]> RIL_REQUEST_SET_TTY_MODE : 0 [SUB0]
02-20 21:07:40.574  1372  1484 D RIL     : onRequest: SET_TTY_MODE
02-20 21:07:40.574  1917  2002 D RilRequest: [3655]< RIL_REQUEST_SET_TTY_MODE error: com.android.internal.telephony.CommandException: RADIO_NOT_AVAILABLE ret=
02-20 21:07:40.574  1917  1917 I Telephony: TtyManager: updateUiTtyMode -1 -> 0
02-20 21:07:40.581  1677  1749 D TelephonyRegistry: listen oscl: hasNotifySubscriptionInfoChangedOccurred==false no callback
02-20 21:07:40.583  1917  1917 D SubscriptionController: [getPhoneId] asked for default subId=-1
02-20 21:07:40.585  1917  1917 D UiccController: EVENT_RADIO_UNAVAILABLE, dispose card
02-20 21:07:40.585  1917  1917 D UiccController: Received EVENT_ICC_STATUS_CHANGED, calling getIccCardStatus
02-20 21:07:40.585  1917  1917 D RILJ    : [3656]> GET_SIM_STATUS [SUB0]
02-20 21:07:40.585  1372  1484 D RIL     : onRequest: GET_SIM_STATUS
02-20 21:07:40.585  1372  1484 D RIL     : getSIMStatus(). sState: 0
02-20 21:07:40.587  1917  2002 D RILJ    : [3656]< GET_SIM_STATUS IccCardState {CARDSTATE_PRESENT,PINSTATE_UNKNOWN,num_apps=2,gsm_id=0{APPTYPE_SIM,APPSTATE_DETECTED},cdma_id=1{APPTYPE_RUIM,APPSTATE_DETECTED},ims_id=8} [SUB0]
02-20 21:07:40.587  1917  1917 D Phone   : config LCE service failed: com.android.internal.telephony.CommandException: RADIO_NOT_AVAILABLE
02-20 21:07:40.587  1917  1917 D GsmSMSDispatcher: GsmSMSDispatcher: subId = -2 slotId = 0
02-20 21:07:40.587  1917  1917 E IccCardProxy: setExternalState: !override and newstate unchanged from NOT_READY
02-20 21:07:40.587  1917  1917 D RILJ    : [3657]> BASEBAND_VERSION [SUB0]
02-20 21:07:40.587  1372  1484 D RIL     : onRequest: BASEBAND_VERSION
02-20 21:07:40.588  1917  2002 D RilRequest: [3657]< BASEBAND_VERSION error: com.android.internal.telephony.CommandException: RADIO_NOT_AVAILABLE ret=
02-20 21:07:40.588  1917  1917 D RILJ    : [3658]> GET_IMEI [SUB0]
02-20 21:07:40.590  1677  1691 V BackupManagerService: Starting with transport android/com.android.internal.backup.LocalTransport
02-20 21:07:40.590  1677  1691 V BackupManagerService: Found transports: 2
02-20 21:07:40.590  1372  1484 D RIL     : onRequest: GET_IMEI
02-20 21:07:40.590  1372  1484 D AT      : AT> AT+CGSN
02-20 21:07:40.590  1917  1917 D RILJ    : [3659]> GET_IMEISV [SUB0]
02-20 21:07:40.591  1917  1917 D RILJ    : [3660]> RIL_REQUEST_GET_RADIO_CAPABILITY [SUB0]
02-20 21:07:40.591  1917  1917 D RILJ    : [3661]> RIL_REQUEST_START_LCE [SUB0]
02-20 21:07:40.591  1372  1487 D AT      : AT< 000000000000000
02-20 21:07:40.591  1372  1487 D AT      : AT< OK
02-20 21:07:40.591  1372  1484 D RIL     : onRequest: GET_IMEISV
02-20 21:07:40.591  1372  1484 D RIL     : onRequest: RIL_REQUEST_GET_RADIO_CAPABILITY
02-20 21:07:40.591  1917  2002 D RILJ    : [3658]< GET_IMEI  [SUB0]
02-20 21:07:40.591  1917  2002 D RilRequest: [3659]< GET_IMEISV error: com.android.internal.telephony.CommandException: RADIO_NOT_AVAILABLE ret=
02-20 21:07:40.592  1917  2002 D RilRequest: [3660]< RIL_REQUEST_GET_RADIO_CAPABILITY error: com.android.internal.telephony.CommandException: RADIO_NOT_AVAILABLE ret=
02-20 21:07:40.592  1372  1484 D RIL     : onRequest: <unknown request>
02-20 21:07:40.592  1917  2002 D RilRequest: [3661]< RIL_REQUEST_START_LCE error: com.android.internal.telephony.CommandException: RADIO_NOT_AVAILABLE ret=
02-20 21:07:40.592  1917  1917 D GsmCdmaPhone: [GsmCdmaPhone] Event EVENT_RADIO_OFF_OR_NOT_AVAILABLE Received
02-20 21:07:40.592  1917  1917 E IccCardProxy: setExternalState: !override and newstate unchanged from NOT_READY
02-20 21:07:40.592  1917  1917 D SST     : mDeviceShuttingDown=false, mDesiredPowerState=true, getRadioState=RADIO_OFF, mPowerOffDelayNeed=true, mAlarmSwitch=false, mRadioDisabledByCarrier=false
02-20 21:07:40.592  1917  1917 D RILJ    : [3662]> RADIO_POWER on [SUB0]
02-20 21:07:40.592  1372  1484 D RIL     : onRequest: RADIO_POWER
02-20 21:07:40.592  1372  1484 D AT      : AT> AT+CFUN=1
02-20 21:07:40.592  1372  1487 D AT      : AT< OK
02-20 21:07:40.592  1917  1917 D RILJ    : [3663]> OPERATOR [SUB0]
02-20 21:07:40.593  1917  1917 D RILJ    : [3664]> DATA_REGISTRATION_STATE [SUB0]
02-20 21:07:40.593  1917  1917 D RILJ    : [3665]> VOICE_REGISTRATION_STATE [SUB0]
02-20 21:07:40.594  1372  1484 D RIL     : setRadioState(10)
02-20 21:07:40.594  1372  1484 D RIL     : onRequest: OPERATOR
02-20 21:07:40.594  1372  1484 D AT      : AT> AT+COPS=3,0;+COPS?;+COPS=3,1;+COPS?;+COPS=3,2;+COPS?
02-20 21:07:40.595  1917  1917 D RILJ    : [3666]> QUERY_NETWORK_SELECTION_MODE [SUB0]
02-20 21:07:40.595  1917  1917 D SST     : NITZ: 18/02/20:21:07:33+0:0:Unknown!Unknown,4359 start=12595 delay=8236
02-20 21:07:40.595  1917  1917 D SST     : NITZ: tzOffset=0 dst=0 zone=GMT iso= mGotCountryCode=false mNeedFixZoneAfterNitz=false
02-20 21:07:40.595  1917  1917 D SST     : setAndBroadcastNetworkSetTimeZone: setTimeZone=GMT
02-20 21:07:40.596  1372  1487 D AT      : AT< +COPS: 0,0,"Android"
02-20 21:07:40.597  1372  1487 D AT      : AT< +COPS: 0,1,"Android"
02-20 21:07:40.597  1372  1487 D AT      : AT< +COPS: 0,2,"310260"
02-20 21:07:40.597  1372  1487 D AT      : AT< OK
02-20 21:07:40.597  1917  2002 D RILJ    : [UNSL]< UNSOL_RESPONSE_RADIO_STATE_CHANGED RADIO_ON [SUB0]
02-20 21:07:40.597  1677  1749 D AlarmManagerService: Kernel timezone updated to 0 minutes west of GMT
02-20 21:07:40.761     0     0 D ieee80211 phy0: hw scan 2422 MHz
02-20 21:07:40.798     0     0 D ieee80211 phy0: hw scan 2427 MHz
02-20 21:07:40.823     0     0 D ieee80211 phy0: hw scan 2432 MHz
02-20 21:07:40.852     0     0 D ieee80211 phy0: hw scan 2437 MHz
02-20 21:07:40.891     0     0 D ieee80211 phy0: hw scan 2442 MHz
02-20 21:07:40.921     0     0 D ieee80211 phy0: hw scan 2447 MHz
02-20 21:07:40.951     0     0 D ieee80211 phy0: hw scan 2452 MHz
02-20 21:07:40.597  1917  2002 D RILJ    : [UNSL]< UNSOL_RESPONSE_SIM_STATUS_CHANGED [SUB0]
02-20 21:07:40.597  1917  2002 D RILJ    : [3662]< RADIO_POWER  [SUB0]
02-20 21:07:40.597  1372  1484 D RIL     : onRequest: DATA_REGISTRATION_STATE
02-20 21:07:40.597  1372  1484 D RIL     : requestRegistrationState
02-20 21:07:40.597  1372  1484 D AT      : AT> AT+CGREG?
02-20 21:07:40.597  1372  1487 D AT      : AT< +CGREG: 1,1,"0003","005b","000e"
02-20 21:07:40.597  1372  1487 D AT      : AT< OK
02-20 21:07:40.597  1917  2002 D RILJ    : [3663]< OPERATOR {Android, Android, 310260} [SUB0]
02-20 21:07:40.597  1372  1484 D RIL     : parseRegistrationState. Parsing: +CGREG: 1,1,"0003","005b","000e"
02-20 21:07:40.597  1372  1484 D RIL     : registration state type: 3GPP
02-20 21:07:40.597  1372  1484 D RIL     : onRequest: VOICE_REGISTRATION_STATE
02-20 21:07:40.597  1372  1484 D RIL     : requestRegistrationState
02-20 21:07:40.597  1372  1484 D AT      : AT> AT+CREG?
02-20 21:07:40.597  1372  1487 D AT      : AT< +CREG: 2,1, "0003", "005b"
02-20 21:07:40.597  1372  1487 D AT      : AT< OK
02-20 21:07:40.597  1917  2002 D RILJ    : [3664]< DATA_REGISTRATION_STATE {1, 3, 5b, 14, null, null} [SUB0]
02-20 21:07:40.597  1372  1484 D RIL     : parseRegistrationState. Parsing: +CREG: 2,1, "0003", "005b"
02-20 21:07:40.597  1372  1484 D RIL     : registration state type: 3GPP
02-20 21:07:40.597  1372  1484 D RIL     : onRequest: QUERY_NETWORK_SELECTION_MODE
02-20 21:07:40.597  1372  1484 D AT      : AT> AT+COPS?
02-20 21:07:40.597  1372  1487 D AT      : AT< +COPS: 0,2,310260
02-20 21:07:40.597  1372  1487 D AT      : AT< OK
02-20 21:07:40.597  1917  2002 D RILJ    : [3665]< VOICE_REGISTRATION_STATE {1, 3, 5b, 0, null, null, null, null, null, null, null, null, null, null, null} [SUB0]
02-20 21:07:40.597  1917  2002 D RILJ    : [3666]< QUERY_NETWORK_SELECTION_MODE {0} [SUB0]
02-20 21:07:40.603  1917  1917 D SST     : setAndBroadcastNetworkSetTimeZone: call alarm.setTimeZone and broadcast zoneId=GMT
02-20 21:07:40.608  1917  1917 D SST     : NITZ: Setting time of day to Tue Feb 20 21:07:41 GMT+00:00 2018 NITZ receive delay(ms): 8247 gained(ms): 640 from 18/02/20:21:07:33+0:0:Unknown!Unknown
02-20 21:07:40.608  1917  1917 D SST     : setAndBroadcastNetworkSetTime: time=1519160861247ms
02-20 21:07:40.608  1677  1968 D AlarmManagerService: Setting time of day to sec=1519160861
02-20 21:07:41.247  1677  1968 W AlarmManagerService: Unable to set rtc to 1519160861: No such device
02-20 21:07:41.253  1677  1691 I am_proc_start: [0,2099,10014,com.google.android.gms.persistent,service,com.google.android.gms/.backup.BackupTransportService]
02-20 21:07:41.253  1677  1691 I ActivityManager: Start proc 2099:com.google.android.gms.persistent/u0a14 for service com.google.android.gms/.backup.BackupTransportService
02-20 21:07:41.258  1677  1677 V BackupManagerService: Connected to transport ComponentInfo{android/com.android.internal.backup.LocalTransportService}
02-20 21:07:41.258  1677  1677 V BackupManagerService: Registering transport android/com.android.internal.backup.LocalTransportService::android/com.android.internal.backup.LocalTransport = android.app.backup.BackupTransport$TransportImpl@7964b75
02-20 21:07:41.264  1677  1677 I backup_transport_lifecycle: [android/com.android.internal.backup.LocalTransportService,1]
02-20 21:07:41.270  1677  1691 I BackupManagerService: Backup enabled => false
02-20 21:07:41.281  1917  1917 I SST     : NITZ: after Setting time of day
02-20 21:07:41.282  2099  2099 W art     : Unexpected CPU variant for X86 using defaults: x86_64
02-20 21:07:41.282  1917  1917 D SST     : NITZ: end=12644 dur=49
02-20 21:07:41.282  1677  1687 I art     : Background partial concurrent mark sweep GC freed 47489(2MB) AllocSpace objects, 4(7MB) LOS objects, 21% free, 14MB/18MB, paused 388us total 119.183ms
02-20 21:07:41.283  1917  1917 D SST     : mDeviceShuttingDown=false, mDesiredPowerState=true, getRadioState=RADIO_ON, mPowerOffDelayNeed=true, mAlarmSwitch=false, mRadioDisabledByCarrier=false
02-20 21:07:41.283  1917  1917 D RILJ    : [3667]> OPERATOR [SUB0]
02-20 21:07:41.284  1917  1917 D RILJ    : [3668]> DATA_REGISTRATION_STATE [SUB0]
02-20 21:07:41.284  1917  1917 D RILJ    : [3669]> VOICE_REGISTRATION_STATE [SUB0]
02-20 21:07:41.284  1917  1917 D RILJ    : [3670]> QUERY_NETWORK_SELECTION_MODE [SUB0]
02-20 21:07:41.284  1372  1484 D RIL     : onRequest: OPERATOR
02-20 21:07:41.284  1372  1484 D AT      : AT> AT+COPS=3,0;+COPS?;+COPS=3,1;+COPS?;+COPS=3,2;+COPS?
02-20 21:07:41.284  1917  1917 D SST     : onSignalStrengthResult() Exception from RIL : com.android.internal.telephony.CommandException: RADIO_NOT_AVAILABLE
02-20 21:07:41.284  1372  1487 D AT      : AT< +COPS: 0,0,"Android"
02-20 21:07:41.284  1372  1487 D AT      : AT< +COPS: 0,1,"Android"
02-20 21:07:41.284  1372  1487 D AT      : AT< +COPS: 0,2,"310260"
02-20 21:07:41.284  1372  1487 D AT      : AT< OK
02-20 21:07:41.284  1372  1484 D RIL     : onRequest: DATA_REGISTRATION_STATE
02-20 21:07:41.284  1372  1484 D RIL     : requestRegistrationState
02-20 21:07:41.284  1372  1484 D AT      : AT> AT+CGREG?
02-20 21:07:41.284  1372  1487 D AT      : AT< +CGREG: 1,1,"0003","005b","000e"
02-20 21:07:41.284  1372  1487 D AT      : AT< OK
02-20 21:07:41.284  1917  2002 D RILJ    : [3667]< OPERATOR {Android, Android, 310260} [SUB0]
02-20 21:07:41.284  1372  1484 D RIL     : parseRegistrationState. Parsing: +CGREG: 1,1,"0003","005b","000e"
02-20 21:07:41.284  1372  1484 D RIL     : registration state type: 3GPP
02-20 21:07:41.284  1372  1484 D RIL     : onRequest: VOICE_REGISTRATION_STATE
02-20 21:07:41.284  1372  1484 D RIL     : requestRegistrationState
02-20 21:07:41.284  1372  1484 D AT      : AT> AT+CREG?
02-20 21:07:41.284  1372  1487 D AT      : AT< +CREG: 2,1, "0003", "005b"
02-20 21:07:41.284  1372  1487 D AT      : AT< OK
02-20 21:07:41.284  1917  2002 D RILJ    : [3668]< DATA_REGISTRATION_STATE {1, 3, 5b, 14, null, null} [SUB0]
02-20 21:07:41.284  1372  1484 D RIL     : parseRegistrationState. Parsing: +CREG: 2,1, "0003", "005b"
02-20 21:07:41.284  1372  1484 D RIL     : registration state type: 3GPP
02-20 21:07:41.284  1372  1484 D RIL     : onRequest: QUERY_NETWORK_SELECTION_MODE
02-20 21:07:41.284  1372  1484 D AT      : AT> AT+COPS?
02-20 21:07:41.284  1917  2002 D RILJ    : [3669]< VOICE_REGISTRATION_STATE {1, 3, 5b, 0, null, null, null, null, null, null, null, null, null, null, null} [SUB0]
02-20 21:07:41.284  1372  1487 D AT      : AT< +COPS: 0,2,310260
02-20 21:07:41.284  1372  1487 D AT      : AT< OK
02-20 21:07:41.285  1917  2002 D RILJ    : [3670]< QUERY_NETWORK_SELECTION_MODE {0} [SUB0]
02-20 21:07:41.286  1917  1917 D DCT     : [0]NETWORK_STATE_CHANGED_ACTION: mIsWifiConnected=false
02-20 21:07:41.286  1917  1917 D DCT     : [0]Wifi state changed
02-20 21:07:41.286  1917  1917 D DCT     : [0]WIFI_STATE_CHANGED_ACTION: enabled=true mIsWifiConnected=false
02-20 21:07:41.286  1917  1917 D DCT     : [0]onRadioAvailable
02-20 21:07:41.286  1917  1917 D DCT     : [0]onRadioOffOrNotAvailable: is off and clean up all connections
02-20 21:07:41.286  1917  1917 D DCT     : [0]cleanUpAllConnections: tearDown=false reason=radioTurnedOff
02-20 21:07:41.286  1917  1917 D GsmCdmaPhone: [GsmCdmaPhone] getDataConnectionState apnType=default ret=DISCONNECTED
02-20 21:07:41.287  1917  1917 D DCT     : [0]cleanUpConnection: X tearDown=false reason=radioTurnedOff apnContext={mApnType=default mState=IDLE mWaitingApns={null} mApnSetting={null} mReason=radioTurnedOff mDataEnabled=false mDependencyMet=true} dcac=null
02-20 21:07:41.287  1917  1917 D GsmCdmaPhone: [GsmCdmaPhone] getDataConnectionState apnType=mms ret=DISCONNECTED
02-20 21:07:41.288  1677  1692 W art     : Long monitor contention with owner android.bg (1690) at void java.lang.Object.wait!(long, int)(Object.java:-2) waiters=0 in void com.android.server.net.NetworkPolicyManagerService$1.onUidStateChanged(int, int) for 147ms
02-20 21:07:41.288  1677  1692 I dvm_lock_sample: [system_server,1,android.ui,147,NetworkPolicyManagerService.java,686,Object.java,-2,29]
02-20 21:07:41.288  1917  1917 D DCT     : [0]cleanUpConnection: X tearDown=false reason=radioTurnedOff apnContext={mApnType=mms mState=IDLE mWaitingApns={null} mApnSetting={null} mReason=radioTurnedOff mDataEnabled=false mDependencyMet=true} dcac=null
02-20 21:07:41.289  1917  1917 D GsmCdmaPhone: [GsmCdmaPhone] getDataConnectionState apnType=cbs ret=DISCONNECTED
02-20 21:07:41.290  2060  2060 W System  : ClassLoader referenced unknown path: /system/priv-app/GoogleExtServices/lib/x86_64
02-20 21:07:41.291  1917  1917 D DCT     : [0]cleanUpConnection: X tearDown=false reason=radioTurnedOff apnContext={mApnType=cbs mState=IDLE mWaitingApns={null} mApnSetting={null} mReason=radioTurnedOff mDataEnabled=false mDependencyMet=true} dcac=null
02-20 21:07:41.291  1917  1917 D GsmCdmaPhone: [GsmCdmaPhone] getDataConnectionState apnType=fota ret=DISCONNECTED
02-20 21:07:41.292  1917  1917 D DCT     : [0]cleanUpConnection: X tearDown=false reason=radioTurnedOff apnContext={mApnType=fota mState=IDLE mWaitingApns={null} mApnSetting={null} mReason=radioTurnedOff mDataEnabled=false mDependencyMet=true} dcac=null
02-20 21:07:41.292  1917  1917 D GsmCdmaPhone: [GsmCdmaPhone] getDataConnectionState apnType=supl ret=DISCONNECTED
02-20 21:07:41.292  1917  1917 D DCT     : [0]cleanUpConnection: X tearDown=false reason=radioTurnedOff apnContext={mApnType=supl mState=IDLE mWaitingApns={null} mApnSetting={null} mReason=radioTurnedOff mDataEnabled=false mDependencyMet=true} dcac=null
02-20 21:07:41.292  1917  1917 D GsmCdmaPhone: [GsmCdmaPhone] getDataConnectionState apnType=ia ret=DISCONNECTED
02-20 21:07:41.293  1917  1917 D DCT     : [0]cleanUpConnection: X tearDown=false reason=radioTurnedOff apnContext={mApnType=ia mState=IDLE mWaitingApns={null} mApnSetting={null} mReason=radioTurnedOff mDataEnabled=false mDependencyMet=true} dcac=null
02-20 21:07:41.293  1917  1917 D GsmCdmaPhone: [GsmCdmaPhone] getDataConnectionState apnType=emergency ret=DISCONNECTED
02-20 21:07:41.293  1917  1917 D DCT     : [0]cleanUpConnection: X tearDown=false reason=radioTurnedOff apnContext={mApnType=emergency mState=IDLE mWaitingApns={null} mApnSetting={null} mReason=radioTurnedOff mDataEnabled=false mDependencyMet=true} dcac=null
02-20 21:07:41.293  1917  1917 D GsmCdmaPhone: [GsmCdmaPhone] getDataConnectionState apnType=hipri ret=DISCONNECTED
02-20 21:07:41.294  1917  1917 D DCT     : [0]cleanUpConnection: X tearDown=false reason=radioTurnedOff apnContext={mApnType=hipri mState=IDLE mWaitingApns={null} mApnSetting={null} mReason=radioTurnedOff mDataEnabled=false mDependencyMet=true} dcac=null
02-20 21:07:41.294  1917  1917 D GsmCdmaPhone: [GsmCdmaPhone] getDataConnectionState apnType=ims ret=DISCONNECTED
02-20 21:07:40.981     0     0 D ieee80211 phy0: hw scan 2457 MHz
02-20 21:07:41.021     0     0 D ieee80211 phy0: hw scan 2462 MHz
02-20 21:07:41.051     0     0 D ieee80211 phy0: hw scan 2467 MHz
02-20 21:07:41.171     0     0 D ieee80211 phy0: hw scan 2472 MHz
02-20 21:07:41.291     0     0 D ieee80211 phy0: hw scan 2484 MHz
02-20 21:07:41.294  1917  1917 D DCT     : [0]cleanUpConnection: X tearDown=false reason=radioTurnedOff apnContext={mApnType=ims mState=IDLE mWaitingApns={null} mApnSetting={null} mReason=radioTurnedOff mDataEnabled=false mDependencyMet=true} dcac=null
02-20 21:07:41.294  1917  1917 D DCT     : [0]stopNetStatPoll
02-20 21:07:41.294  1917  1917 D DCT     : [0]cleanUpConnection: mDisconnectPendingCount = 0
02-20 21:07:41.294  1917  1917 D DCT     : [0]isDataAllowed: No - SIM not loaded - Not attached
02-20 21:07:41.299  2080  2080 W System  : ClassLoader referenced unknown path: /system/priv-app/ContactsProvider/lib/x86_64
02-20 21:07:41.301  1917  1917 D DCT     : [0]onDataConnectionDetached: stop polling and notify detached
02-20 21:07:41.301  1917  1917 D DCT     : [0]stopNetStatPoll
02-20 21:07:41.301  1917  1917 D DCT     : [0]notifyDataConnection: reason=dataDetached
02-20 21:07:41.301  1917  1917 D DCT     : [0]isDataAllowed: No - SIM not loaded - Not attached
02-20 21:07:41.306  1917  1917 D DCT     : [0]onRoamingOff
02-20 21:07:41.307  1917  1917 D DCT     : [0]isDataAllowed: No - SIM not loaded - Not attached
02-20 21:07:41.314  1677  2096 V KeyValueBackupJob: Scheduling k/v pass in 247 minutes
02-20 21:07:41.314  1677  1689 I am_proc_bound: [0,2099,com.google.android.gms.persistent]
02-20 21:07:41.327  1917  1917 D DCT     : [0]setupDataOnConnectableApns: roamingOff hipri:[state=IDLE,enabled=false] mms:[state=IDLE,enabled=false] supl:[state=IDLE,enabled=false] ia:[state=IDLE,enabled=false] fota:[state=IDLE,enabled=false] ims:[state=IDLE,enabled=false] cbs:[state=IDLE,enabled=false] default:[state=IDLE,enabled=false] emergency:[state=IDLE,enabled=false] 
02-20 21:07:41.327  1917  1917 D DCT     : [0]setupDataOnConnectableApns: nwTypeChanged hipri:[state=IDLE,enabled=false] mms:[state=IDLE,enabled=false] supl:[state=IDLE,enabled=false] ia:[state=IDLE,enabled=false] fota:[state=IDLE,enabled=false] ims:[state=IDLE,enabled=false] cbs:[state=IDLE,enabled=false] default:[state=IDLE,enabled=false] emergency:[state=IDLE,enabled=false] 
02-20 21:07:41.327  1917  1917 D SubscriptionInfoUpdater: [Receiver]+
02-20 21:07:41.327  1917  1917 D SubscriptionInfoUpdater: Action: android.intent.action.SIM_STATE_CHANGED
02-20 21:07:41.327  1917  1917 D SubscriptionInfoUpdater: slotId: 0
02-20 21:07:41.327  1917  1917 D SubscriptionInfoUpdater: simStatus: NOT_READY
02-20 21:07:41.327  1917  1917 D SubscriptionInfoUpdater: Ignoring simStatus: NOT_READY
02-20 21:07:41.327  1917  1917 D SubscriptionInfoUpdater: [Receiver]-
02-20 21:07:41.327  1917  1917 D PhoneSwitcherNetworkRequstListener: got request NetworkRequest [ REQUEST id=1, [ Capabilities: INTERNET&NOT_RESTRICTED&TRUSTED&NOT_VPN] ] with score 0
02-20 21:07:41.327  1917  1917 D TelephonyNetworkFactory[0]: onSubIdChange -1->-2
02-20 21:07:41.327  1917  1917 D TelephonyNetworkFactory[0]: got request NetworkRequest [ REQUEST id=1, [ Capabilities: INTERNET&NOT_RESTRICTED&TRUSTED&NOT_VPN] ] with score 0
02-20 21:07:41.332  1917  1917 D DebugService: DebugService DebugService:
02-20 21:07:41.332  1917  1917 D TelephonyDebugService: TelephonyDebugService()
02-20 21:07:41.333  1917  1917 D CarrierConfigLoader: mHandler: 12 phoneId: 0
02-20 21:07:41.338  1677  1677 D ConditionProviders.SCP: onReceive android.intent.action.TIME_SET
02-20 21:07:41.341  1917  1917 D RILJ    : [3671]> RIL_REQUEST_QUERY_TTY_MODE [SUB0]
02-20 21:07:41.341  1677  1677 D ConditionProviders.SCP: notifyCondition condition://android/schedule?days=6.7&start=23.30&end=10.0&exitAtAlarm=false STATE_FALSE reason=!meetsSchedule
02-20 21:07:41.342  1677  1677 D ConditionProviders.SCP: notifyCondition condition://android/schedule?days=1.2.3.4.5&start=22.0&end=7.0&exitAtAlarm=false STATE_FALSE reason=!meetsSchedule
02-20 21:07:41.342  1677  1677 D ConditionProviders.SCP: Scheduling evaluate for Tue Feb 20 22:00:00 GMT+00:00 2018 (1519164000000), in +52m18s662ms, now=Tue Feb 20 21:07:41 GMT+00:00 2018 (1519160861338)
02-20 21:07:41.343  1372  1484 D RIL     : onRequest: QUERY_TTY_MODE
02-20 21:07:41.343  1372  1484 D RIL     : Request not supported. Tech: 1
02-20 21:07:41.343  1917  2002 D RilRequest: [3671]< RIL_REQUEST_QUERY_TTY_MODE error: com.android.internal.telephony.CommandException: REQUEST_NOT_SUPPORTED ret=
02-20 21:07:41.343  1917  1917 D GsmSMSDispatcher: GsmSMSDispatcher: subId = -2 slotId = 0
02-20 21:07:41.343  1917  1917 E IccCardProxy: setExternalState: !override and newstate unchanged from NOT_READY
02-20 21:07:41.343  1917  1917 D UiccController: Received EVENT_GET_ICC_STATUS_DONE
02-20 21:07:41.344  1677  1736 D WIFI    : Registering NetworkFactory
02-20 21:07:41.344  1677  1736 D WIFI_UT : Registering NetworkFactory
02-20 21:07:41.344  1677  1740 D ConnectivityService: Got NetworkFactory Messenger for WIFI
02-20 21:07:41.344  1677  1740 D ConnectivityService: Got NetworkFactory Messenger for WIFI_UT
02-20 21:07:41.344  1677  1736 D WIFI    : got request NetworkRequest [ REQUEST id=1, [ Capabilities: INTERNET&NOT_RESTRICTED&TRUSTED&NOT_VPN] ] with score 0
02-20 21:07:41.344  1677  1736 I WifiConnectivityManager: Set WiFiConnectivityManager enabled
02-20 21:07:41.347  1917  1917 D UiccCard: 2 applications
02-20 21:07:41.347  1917  1917 D UiccCardApplication: Creating UiccApp: {APPTYPE_SIM,APPSTATE_DETECTED}
02-20 21:07:41.353  2122  2122 W art     : Unexpected CPU variant for X86 using defaults: x86_64
02-20 21:07:41.354  1677  1677 I am_proc_start: [0,2122,10067,com.google.android.deskclock,broadcast,com.google.android.deskclock/com.android.deskclock.AlarmInitReceiver]
02-20 21:07:41.354  1677  1677 I ActivityManager: Start proc 2122:com.google.android.deskclock/u0a67 for broadcast com.google.android.deskclock/com.android.deskclock.AlarmInitReceiver
02-20 21:07:41.354  1677  1736 D WIFI_UT : got request NetworkRequest [ REQUEST id=1, [ Capabilities: INTERNET&NOT_RESTRICTED&TRUSTED&NOT_VPN] ] with score 0
02-20 21:07:41.358  2099  2099 W System  : ClassLoader referenced unknown path: /system/priv-app/PrebuiltGmsCore/lib/x86_64
02-20 21:07:41.362  1917  1917 W VoiceMailConstants: Can't open /system/etc/voicemail-conf.xml
02-20 21:07:41.362  1917  1917 D SpnOverride: No SPN in OEM image = /oem/telephony/spn-conf.xml Load SPN from system image
02-20 21:07:41.362  1917  1917 W SpnOverride: Can not open /system/etc/spn-conf.xml
