02-20 19:32:42.668  1925  2019 D RILJ    : [3726]< SIM_IO IccIoResponse sw1:0x90 sw2:0x0 [SUB0]
02-20 19:32:42.668  1373  1470 D AT      : AT< +CRSM: 144,0,43058441aa890affffffffffffffffffffffffffffffffff
02-20 19:32:42.668  1925  1925 D SST     : Poll ServiceState done:  oldSS=[0 0 voice home data home Android Android 310260 Android Android 310260  Unknown LTE CSS not supported -1 -1 RoamInd=-1 DefRoamInd=-1 EmergOnly=false IsDataRoamingFromRegistration=false IsUsingCarrierAggregation=false] newSS=[0 0 voice home data home Android Android 310260 Android Android 310260  Unknown LTE CSS not supported -1 -1 RoamInd=-1 DefRoamInd=-1 EmergOnly=false IsDataRoamingFromRegistration=false IsUsingCarrierAggregation=false] oldMaxDataCalls=1 mNewMaxDataCalls=1 oldReasonDataDenied=-1 mNewReasonDataDenied=-1
02-20 19:32:42.668  1373  1470 D AT      : AT< OK
02-20 19:32:42.669  1373  1468 D RIL     : onRequest: SIM_IO
02-20 19:32:42.669  1373  1468 D AT      : AT> AT+CRSM=176,28472,0,0,15
02-20 19:32:42.669  1925  1925 D RuimRecords: [RuimRecords] NO update mccmnc=310260
02-20 19:32:42.669  1925  2019 D RILJ    : [3727]< SIM_IO IccIoResponse sw1:0x90 sw2:0x0 [SUB0]
02-20 19:32:42.669  1925  1925 D RuimRecords: [RuimRecords] onRecordLoaded 9 requested: true
02-20 19:32:42.669  1373  1470 D AT      : AT< +CRSM: 144,0,ff30ffff3c003c03000c0000f03f00
02-20 19:32:42.669  1373  1470 D AT      : AT< OK
02-20 19:32:42.669  1373  1468 D RIL     : onRequest: SIM_IO
02-20 19:32:42.669  1373  1468 D AT      : AT> AT+CRSM=176,28438,0,0,2
02-20 19:32:42.669  1925  1925 D RILJ    : [3730]> iccIO: SIM_IO 0xb0 0x2fe2  path: 3F00,0,0,10 aid: null [SUB0]
02-20 19:32:42.669  1925  2019 D RILJ    : [3728]< SIM_IO IccIoResponse sw1:0x90 sw2:0x0 [SUB0]
02-20 19:32:42.671  1373  1470 D AT      : AT< +CRSM: 144,0,0233
02-20 19:32:42.671  1373  1470 D AT      : AT< OK
02-20 19:32:42.676  1373  1468 D RIL     : onRequest: SIM_IO
02-20 19:32:42.676  1373  1468 D AT      : AT> AT+CRSM=176,12258,0,0,10
02-20 19:32:42.676  1925  2019 D RILJ    : [3729]< SIM_IO IccIoResponse sw1:0x90 sw2:0x0 [SUB0]
02-20 19:32:42.676  1373  1470 D AT      : AT< +CRSM: 144,0,98101430121181157002
02-20 19:32:42.676  1373  1470 D AT      : AT< OK
02-20 19:32:42.677  1925  2019 D RILJ    : [3730]< SIM_IO IccIoResponse sw1:0x90 sw2:0x0 [SUB0]
02-20 19:32:42.676  1925  1925 D RILJ    : [3731]> RIL_REQUEST_SIM_CLOSE_CHANNEL [SUB0]
02-20 19:32:42.694  2079  2079 W art     : Unexpected CPU variant for X86 using defaults: x86_64
02-20 19:32:42.695  1925  1925 D IccCardProxy: broadcastIccStateChangedIntent intent ACTION_SIM_STATE_CHANGED value=IMSI reason=null for mPhoneId=0
02-20 19:32:42.696  1925  1925 D SIMRecords: [SIMRecords] onRecordLoaded 15 requested: true
02-20 19:32:42.697  1925  1925 D RILJ    : [3732]> iccIO: SIM_IO 0xc0 0x6f14  path: 3F007F20,0,0,15 aid: null [SUB0]
02-20 19:32:42.698  1925  1925 D SIMRecords: [SIMRecords] onRecordLoaded 15 requested: true
02-20 19:32:42.698  1925  1925 D SIMRecords: [SIMRecords] onRecordLoaded 14 requested: true
02-20 19:32:42.698  1925  1925 E SIMRecords: [SIMRecords] Exception in fetching EF_CSP data com.android.internal.telephony.CommandException: GENERIC_FAILURE
02-20 19:32:42.698  1925  1925 D SIMRecords: [SIMRecords] onRecordLoaded 13 requested: true
02-20 19:32:42.698  1925  1925 E SIMRecords: [SIMRecords] Exception in get GID1 com.android.internal.telephony.CommandException: GENERIC_FAILURE
02-20 19:32:42.698  1925  1925 D SIMRecords: [SIMRecords] onRecordLoaded 12 requested: true
02-20 19:32:42.698  1925  1925 E SIMRecords: [SIMRecords] Exception in get GID2 com.android.internal.telephony.CommandException: GENERIC_FAILURE
02-20 19:32:42.698  1925  1925 D SIMRecords: [SIMRecords] onRecordLoaded 11 requested: true
02-20 19:32:42.698  1925  1925 D RuimRecords: [RuimRecords] EF_PL LOADED
02-20 19:32:42.698  1925  1925 E RuimRecords: [RuimRecords] Record Load Exception: com.android.internal.telephony.CommandException: GENERIC_FAILURE
02-20 19:32:42.698  1925  1925 D RuimRecords: [RuimRecords] onRecordLoaded 8 requested: true
02-20 19:32:42.698  1925  1925 D RuimRecords: [RuimRecords] EF_CSIM_LI LOADED
02-20 19:32:42.698  1925  1925 E RuimRecords: [RuimRecords] Record Load Exception: com.android.internal.telephony.CommandException: GENERIC_FAILURE
02-20 19:32:42.698  1925  1925 D RuimRecords: [RuimRecords] onRecordLoaded 7 requested: true
02-20 19:32:42.698  1925  1925 D RuimRecords: [RuimRecords] EF_CSIM_SPN LOADED
02-20 19:32:42.698  1925  1925 E RuimRecords: [RuimRecords] Record Load Exception: com.android.internal.telephony.CommandException: GENERIC_FAILURE
02-20 19:32:42.698  1925  1925 D RuimRecords: [RuimRecords] onRecordLoaded 6 requested: true
02-20 19:32:42.698  1925  1925 D RuimRecords: [RuimRecords] EF_CSIM_MDN LOADED
02-20 19:32:42.698  1925  1925 E RuimRecords: [RuimRecords] Record Load Exception: com.android.internal.telephony.CommandException: GENERIC_FAILURE
02-20 19:32:42.698  1925  1925 D RuimRecords: [RuimRecords] onRecordLoaded 5 requested: true
02-20 19:32:42.698  1925  1925 D RuimRecords: [RuimRecords] EF_CSIM_IMSIM LOADED
02-20 19:32:42.698  1925  1925 E RuimRecords: [RuimRecords] Record Load Exception: com.android.internal.telephony.CommandException: GENERIC_FAILURE
02-20 19:32:42.698  1925  1925 D RuimRecords: [RuimRecords] onRecordLoaded 4 requested: true
02-20 19:32:42.698  1925  1925 D RuimRecords: [RuimRecords] EF_CSIM_CDMAHOME LOADED
02-20 19:32:42.698  1925  1925 E RuimRecords: [RuimRecords] Record Load Exception: com.android.internal.telephony.CommandException: GENERIC_FAILURE
02-20 19:32:42.698  1925  1925 D RuimRecords: [RuimRecords] onRecordLoaded 3 requested: true
02-20 19:32:42.699  1925  1925 D RuimRecords: [RuimRecords] EF_CSIM_EPRL LOADED
02-20 19:32:42.699  1925  1925 E RuimRecords: [RuimRecords] Record Load Exception: com.android.internal.telephony.CommandException: GENERIC_FAILURE
02-20 19:32:42.699  1925  1925 D RuimRecords: [RuimRecords] onRecordLoaded 2 requested: true
02-20 19:32:42.716  1373  1468 D RIL     : onRequest: SIM_CLOSE_CHANNEL
02-20 19:32:42.716  1373  1468 D AT      : AT> AT+CCHC=1
02-20 19:32:42.716  1373  1470 D AT      : AT< +CCHC
02-20 19:32:42.716  1373  1470 D AT      : AT< OK
02-20 19:32:42.717  1925  2019 D RILJ    : [3731]< RIL_REQUEST_SIM_CLOSE_CHANNEL  [SUB0]
02-20 19:32:42.717  1373  1468 D RIL     : onRequest: SIM_IO
02-20 19:32:42.717  1373  1468 D AT      : AT> AT+CRSM=192,28436,0,0,15
02-20 19:32:42.717  1373  1470 D AT      : AT< +CRSM: 144,0,000000146f1404001aa0aa01020000
02-20 19:32:42.717  1373  1470 D AT      : AT< OK
02-20 19:32:42.717  1925  2019 D RILJ    : [3732]< SIM_IO IccIoResponse sw1:0x90 sw2:0x0 [SUB0]
02-20 19:32:42.733  1925  1925 D RuimRecords: [RuimRecords] EF_CSIM_MIPUPP LOADED
02-20 19:32:42.733  1925  1925 E RuimRecords: [RuimRecords] Record Load Exception: com.android.internal.telephony.CommandException: GENERIC_FAILURE
02-20 19:32:42.733  1925  1925 D RuimRecords: [RuimRecords] onRecordLoaded 1 requested: true
02-20 19:32:42.733  1925  1925 D SIMRecords: [SIMRecords] iccid: 89014103211118510720
02-20 19:32:42.733  1925  1925 D SIMRecords: [SIMRecords] onRecordLoaded 10 requested: true
02-20 19:32:42.736  1774  1774 D PhoneStatusBar: heads up is enabled
02-20 19:32:42.737  1925  1925 D SIMRecords: [SIMRecords] EF_MBI: 01000000
02-20 19:32:42.737  1925  1925 D SIMRecords: [SIMRecords] Got valid mailbox number for MBDN
02-20 19:32:42.737  1925  1925 D RILJ    : [3733]> iccIO: SIM_IO 0xc0 0x6fc7  path: 3F007F20,0,0,15 aid: null [SUB0]
02-20 19:32:42.738  1925  1925 D SIMRecords: [SIMRecords] onRecordLoaded 10 requested: true
02-20 19:32:42.738  1925  1925 D SIMRecords: [SIMRecords] EF_AD: 00000003
02-20 19:32:42.738  1925  1925 D SIMRecords: [SIMRecords] setting4 mMncLength=3
02-20 19:32:42.738  1925  1925 D SIMRecords: [SIMRecords] update mccmnc=310260
02-20 19:32:42.738  1925  1925 D MccTable: updateMccMncConfiguration mccmnc='310260' fromServiceState=false
02-20 19:32:42.739  1373  1468 D RIL     : onRequest: SIM_IO
02-20 19:32:42.739  1373  1468 D AT      : AT> AT+CRSM=192,28615,0,0,15
02-20 19:32:42.746  1925  1925 D SubscriptionController: [getPhoneId]- no sims, returning default phoneId=2147483647
02-20 19:32:42.746  1373  1470 D AT      : AT< +CRSM: 144,0,000000406fc7040011a0aa01020120
02-20 19:32:42.746  1373  1470 D AT      : AT< OK
02-20 19:32:42.747  1925  2019 D RILJ    : [3733]< SIM_IO IccIoResponse sw1:0x90 sw2:0x0 [SUB0]
02-20 19:32:42.746  1925  1925 D MccTable: updateMccMncConfiguration defaultMccMnc=
02-20 19:32:42.749  1925  1925 D MccTable: updateMccMncConfiguration: mcc=310, mnc=260
02-20 19:32:42.749  1925  1925 D MccTable: updateMccMncConfiguration updateConfig config={1.0 310mcc260mnc ?localeList ?layoutDir ?swdp ?wdp ?hdp ?density ?lsize ?long ?orien ?uimode ?night ?touch ?keyb/?/? ?nav/?}
02-20 19:32:42.750  1676  1687 I configuration_changed: 3
02-20 19:32:42.750  1676  1687 I ActivityManager: Config changes=3 {1.0 310mcc260mnc [en_US] ldltr sw360dp w360dp h668dp 640dpi nrml long port finger -keyb/v/h -nav/h s.5}
02-20 19:32:42.752  1925  1937 D SubscriptionController: [getPhoneId]- no sims, returning default phoneId=2147483647
02-20 19:32:42.756  1676  1687 I am_relaunch_resume_activity: [0,132281195,1,com.android.settings/.FallbackHome]
02-20 19:32:42.757  1939  1939 I am_on_paused_called: [0,com.android.settings.FallbackHome,handleRelaunchActivity]
02-20 19:32:42.759  1925  1938 D DCT     : [0]hasMatchedTetherApnSetting: APN=null
02-20 19:32:42.760  1925  1925 D SIMRecords: [SIMRecords] onRecordLoaded 9 requested: true
02-20 19:32:42.760  1925  1925 D SIMRecords: [SIMRecords] EF_MWIS : 0000000000
02-20 19:32:42.760  1925  1925 D SIMRecords: [SIMRecords] onRecordLoaded 8 requested: true
02-20 19:32:42.760  1925  1925 D SIMRecords: [SIMRecords] EF_CPHS_MWI: 55
02-20 19:32:42.760  1925  1925 D SIMRecords: [SIMRecords] onRecordLoaded 7 requested: true
02-20 19:32:42.760  1925  1925 D SIMRecords: [SIMRecords] EF_CFF_CPHS: 55
02-20 19:32:42.760  1925  1925 D SIMRecords: [SIMRecords] onRecordLoaded 6 requested: true
02-20 19:32:42.760  1925  1925 D SIMRecords: [SIMRecords] onRecordLoaded 5 requested: true
02-20 19:32:42.760  1925  1925 D SIMRecords: [SIMRecords] SST: UsimServiceTable[120]={ PHONEBOOK, FDN, FDN_EXTENSION, SDN, SDN_EXTENSION, BDN, BDN_EXTENSION, OUTGOING_CALL_INFO, ADVICE_OF_CHARGE, CAP_CONFIG_PARAMS_2, GROUP_ID_LEVEL_1, GROUP_ID_LEVEL_2, SPN, USER_PLMN_SELECT, MSISDN, IMAGE, LOCALISED_SERVICE_AREAS, EMLPP, EMLPP_AUTO_ANSWER, RFU, GSM_ACCESS, DATA_DL_VIA_SMS_PP, DATA_DL_VIA_SMS_CB, CALL_CONTROL_BY_USIM, MO_SMS_CONTROL_BY_USIM, RUN_AT_COMMAND, APN_CONTROL_LIST, DEPERSONALISATION_CONTROL_KEYS, COOPERATIVE_NETWORK_LIST, GSM_SECURITY_CONTEXT, SERVICE_PROVIDER_DISPLAY_INFO, MMS_NOTIFICATION, MMS_NOTIFICATION_EXTENSION, GPRS_CALL_CONTROL_BY_USIM, VGCS_GROUP_ID_LIST, VBS_GROUP_ID_LIST, OMA_BCAST_PROFILE, GBA_LOCAL_KEY_ESTABLISHMENT, #101, #102, #103, #104, #105, #106, #107, #108, #109, #110 }
02-20 19:32:42.760  1925  1925 D SIMRecords: [SIMRecords] onRecordLoaded 4 requested: true
02-20 19:32:42.760  1925  1925 D RILJ    : [3734]> iccIO: SIM_IO 0xb0 0x6f14  path: 3F007F20,0,0,20 aid: null [SUB0]
02-20 19:32:42.761  1925  1925 D SubscriptionInfoUpdater: [Receiver]+
02-20 19:32:42.761  1925  1925 D SubscriptionInfoUpdater: Action: android.intent.action.SIM_STATE_CHANGED
02-20 19:32:42.761  1925  1925 D SubscriptionInfoUpdater: slotId: 0
02-20 19:32:42.761  1925  1925 D SubscriptionInfoUpdater: simStatus: IMSI
02-20 19:32:42.761  1925  1925 D SubscriptionInfoUpdater: Ignoring simStatus: IMSI
02-20 19:32:42.761  1925  1925 D SubscriptionInfoUpdater: [Receiver]-
02-20 19:32:42.761  1925  1925 D SIMRecords: [SIMRecords] iCPHS: 0233
02-20 19:32:42.761  1925  1925 D SIMRecords: [SIMRecords] onRecordLoaded 3 requested: true
02-20 19:32:42.761  1373  1468 D RIL     : onRequest: SIM_IO
02-20 19:32:42.761  1373  1468 D AT      : AT> AT+CRSM=176,28436,0,0,20
02-20 19:32:42.761  1925  1925 D RuimRecords: [RuimRecords] iccid: 89014103211118510720
02-20 19:32:42.761  1925  1925 D RuimRecords: [RuimRecords] onRecordLoaded 0 requested: true
02-20 19:32:42.761  1925  1925 D RuimRecords: [RuimRecords] record load complete
02-20 19:32:42.761  1925  1925 D SIMRecords: [SIMRecords] MSISDN: [t-WgLegCyIMgfHgPkOdM6pkZbpA]
02-20 19:32:42.761  1925  1925 D SIMRecords: [SIMRecords] onRecordLoaded 2 requested: true
02-20 19:32:42.761  1925  1925 D RILJ    : [3735]> iccIO: SIM_IO 0xb2 0x6fc7  path: 3F007F20,1,4,32 aid: null [SUB0]
02-20 19:32:42.762  1373  1470 D AT      : AT< +CRSM: 144,0,416e64726f6964ffffffffffffffffffffffffff
02-20 19:32:42.762  1373  1470 D AT      : AT< OK
02-20 19:32:42.762  1925  2019 D RILJ    : [3734]< SIM_IO IccIoResponse sw1:0x90 sw2:0x0 [SUB0]
02-20 19:32:42.762  1373  1468 D RIL     : onRequest: SIM_IO
02-20 19:32:42.762  1373  1468 D AT      : AT> AT+CRSM=178,28615,1,4,32
02-20 19:32:42.763  1373  1470 D AT      : AT< +CRSM: 144,0,566f6963656d61696cffffffffffffffffff07915155125740f9ffffffffffff
02-20 19:32:42.763  1373  1470 D AT      : AT< OK
02-20 19:32:42.763  1925  2019 D RILJ    : [3735]< SIM_IO IccIoResponse sw1:0x90 sw2:0x0 [SUB0]
02-20 19:32:42.764  1925  1925 D SIMRecords: [SIMRecords] getServiceProviderName: no brandOverride, providerName=Android
02-20 19:32:42.764  1925  1925 D SIMRecords: [SIMRecords] Load EF_SPN_CPHS: Android
02-20 19:32:42.764  1925  1925 D TelephonyManager: setTelephonyProperty: success phoneId=0 property=gsm.sim.operator.alpha value: Android propVal=Android
02-20 19:32:42.765  1925  1925 D SIMRecords: [SIMRecords] onRecordLoaded 1 requested: true
02-20 19:32:42.765  1676  1858 I am_proc_bound: [0,2079,com.google.android.deskclock]
02-20 19:32:42.765  1925  1925 D SIMRecords: [SIMRecords] VM: ADN Record 'Voicemail' '[-MWU1cAlDrkXUZ8dpHi_wU_YOpU] null' EF[MBDN]
02-20 19:32:42.765  1925  1925 D SIMRecords: [SIMRecords] onRecordLoaded 0 requested: true
02-20 19:32:42.765  1925  1925 D SIMRecords: [SIMRecords] record load complete
02-20 19:32:42.765  1925  1925 D SIMRecords: [SIMRecords] Not using EF LI/EF PL
02-20 19:32:42.766  1925  1925 D SIMRecords: [SIMRecords] EF_CFF: callForwardingEnabled=0
02-20 19:32:42.766  1925  1925 D SIMRecords: [SIMRecords] onAllRecordsLoaded set 'gsm.sim.operator.numeric' to operator='310260'
02-20 19:32:42.766  1925  1925 D SIMRecords: [SIMRecords] update icc_operator_numeric=310260
02-20 19:32:42.766  1925  1925 D TelephonyManager: setTelephonyProperty: success phoneId=0 property=gsm.sim.operator.numeric value: 310260 propVal=310260
02-20 19:32:42.766  1925  1925 D SubscriptionController: [setMccMnc]+ mcc/mnc:310/260 subId:-1
02-20 19:32:42.771  1925  1925 D SubscriptionController: notifySubscriptionInfoChanged:
02-20 19:32:42.774  1676  1676 I GnssLocationProvider: WakeLock acquired by sendMessage(12, 0, null)
02-20 19:32:42.775  1925  2076 D SubscriptionController: [getActiveSubInfoList] Sub Controller not ready
02-20 19:32:42.776  1925  1925 D SIMRecords: [SIMRecords] onAllRecordsLoaded set mcc imsi
02-20 19:32:42.776  1925  1925 D TelephonyManager: setTelephonyProperty: success phoneId=0 property=gsm.sim.operator.iso-country value: us propVal=us
02-20 19:32:42.777  1925  1925 D SST     : SubscriptionListener.onSubscriptionInfoChanged
02-20 19:32:42.777  1925  1925 D SIMRecords: [SIMRecords]  VoiceMessageCount from SIM MWIS = 0
02-20 19:32:42.777  1925  1925 E Phone   : getStoredVoiceMessageCount: invalid subId -2
02-20 19:32:42.777  1925  1925 D GsmCdmaPhone: [GsmCdmaPhone] updateVoiceMail countVoiceMessages = 0 subId -2
02-20 19:32:42.777  1925  1925 E Phone   : setVoiceMessageCount in sharedPreference: invalid subId -2
02-20 19:32:42.778  1925  1925 D DCT     : [0]SubscriptionListener.onSubscriptionInfoChanged
02-20 19:32:42.780  1925  1925 D SubscriptionController: [getActiveSubInfoList] Sub Controller not ready
02-20 19:32:42.781  1925  1925 D SubscriptionController: [getActiveSubInfoList] Sub Controller not ready
02-20 19:32:42.793  1925  1925 I Telephony: PstnIncomingCallNotifier: Unregistering: Handler (com.android.internal.telephony.GsmCdmaPhone) {4446000}
02-20 19:32:42.797  1939  1985 D EGL_emulation: eglMakeCurrent: 0x77b6333f42a0: ver 3 0 (tinfo 0x77b63d89c680)
02-20 19:32:42.799  1939  1939 I am_on_stop_called: [0,com.android.settings.FallbackHome,destroy]
02-20 19:32:42.802  1925  1925 E PhoneInterfaceManager: [PhoneIntfMgr] getIccId: No UICC
02-20 19:32:42.805  1313  1758 D gralloc_ranchu: gralloc_alloc: Creating ashmem region of size 15945728
02-20 19:32:42.805  1313  1758 D         : HostConnection::get() New Host Connection established 0x75251fe1b900, tid 1758
02-20 19:32:42.807  1925  1937 D SubscriptionController: [getPhoneId]- no sims, returning default phoneId=2147483647
02-20 19:32:42.813  1676  1858 I Telecom : PhoneAccountRegistrar: [ComponentInfo{com.android.phone/com.android.services.telephony.TelephonyConnectionService}, [e0184adedf913b076626646d3f52c3b49c39ad6d], UserHandle{0}(addr: tel:*********** -> tel:)(icon: Icon(typ=BITMAP size=76x96) -> Icon(typ=BITMAP size=76x96))(subAddr: tel:*********** -> tel:)]: TSI.rPA@AAk
02-20 19:32:42.850  1676  1691 I GnssLocationProvider: WakeLock released by handleMessage(12, 0, null)
02-20 19:32:42.851  1676  1858 I Telecom : : Sending phone-account registered intent as user: TSI.rPA@AAk
02-20 19:32:42.854  1925  1925 I Telephony: AccountEntry: Registered phoneAccount: [[ ] PhoneAccount: ComponentInfo{com.android.phone/com.android.services.telephony.TelephonyConnectionService}, [e0184adedf913b076626646d3f52c3b49c39ad6d], UserHandle{0} Capabilities: CallProvider MultiUser PlaceEmerg SimSub  Schemes: tel voicemail  Extras: null GroupId: [da39a3ee5e6b4b0d3255bfef95601890afd80709]] with handle: ComponentInfo{com.android.phone/com.android.services.telephony.TelephonyConnectionService}, [e0184adedf913b076626646d3f52c3b49c39ad6d], UserHandle{0}
02-20 19:32:42.854  1925  1925 I Telephony: PstnIncomingCallNotifier: Registering: Handler (com.android.internal.telephony.GsmCdmaPhone) {4446000}
02-20 19:32:42.858  1925  1925 D CAT     : CatService: handleMessage[20]
02-20 19:32:42.858  1925  1925 D GsmCdmaPhone: [GsmCdmaPhone] updateCurrentCarrierInProvider: mSubId = -2 currentDds = 1 operatorNumeric = 310260
02-20 19:32:42.858  1925  1925 D IccCardProxy: operator=310260 mPhoneId=0
02-20 19:32:42.858  1925  1925 D TelephonyManager: setTelephonyProperty: success phoneId=0 property=gsm.sim.operator.numeric value: 310260 propVal=310260
02-20 19:32:42.859  1925  1925 D TelephonyManager: setTelephonyProperty: success phoneId=0 property=gsm.sim.operator.iso-country value: us propVal=us
02-20 19:32:42.859  1925  1925 D IccCardProxy: Sending intent ACTION_INTERNAL_SIM_STATE_CHANGED for mPhoneId : 0
02-20 19:32:42.859  1925  1925 D SST     : EVENT_SIM_RECORDS_LOADED: what=16
02-20 19:32:42.860  1925  1925 D GsmCdmaPhone: [GsmCdmaPhone] updatePhoneObject: radioTechnology=0
02-20 19:32:42.860  1925  1925 D SST     : getOtasp: otasp not needed for GSM
02-20 19:32:42.860  1925  1925 D SST     : updateOtaspState: call notifyOtaspChanged old otaspMode=0 new otaspMode=3
02-20 19:32:42.860  1925  1925 D SIMRecords: [SIMRecords] getServiceProviderName: no brandOverride, providerName=Android
02-20 19:32:42.860  1925  1925 D SIMRecords: [SIMRecords] getServiceProviderName: no brandOverride, providerName=Android
02-20 19:32:42.860  1925  1925 D SST     : updateSpnDisplay: changed sending intent rule=1 showPlmn='false' plmn='Android' showSpn='true' spn='Android' dataSpn='Android' subId='-2'
02-20 19:32:42.861  1925  1925 D SubscriptionController: [setPlmnSpn] No valid subscription to store info
02-20 19:32:42.861  1925  1925 D SubscriptionController: notifySubscriptionInfoChanged:
02-20 19:32:42.862  1676  1676 I GnssLocationProvider: WakeLock acquired by sendMessage(12, 0, null)
02-20 19:32:42.862  1925  1938 D SubscriptionController: [getActiveSubInfoList] Sub Controller not ready
02-20 19:32:42.863  1939  1939 I am_on_resume_called: [0,com.android.settings.FallbackHome,handleRelaunchActivity]
02-20 19:32:42.865  1925  1937 D SubscriptionController: [getPhoneId]- no sims, returning default phoneId=2147483647
02-20 19:32:42.866  1676  1691 I GnssLocationProvider: WakeLock released by handleMessage(12, 0, null)
02-20 19:32:42.886  1925  1925 E PhoneInterfaceManager: [PhoneIntfMgr] getIccId: No UICC
02-20 19:32:42.889  1676  1858 I Telecom : PhoneAccountRegistrar: [ComponentInfo{com.android.phone/com.android.services.telephony.TelephonyConnectionService}, [e0184adedf913b076626646d3f52c3b49c39ad6d], UserHandle{0}(icon: Icon(typ=BITMAP size=76x96) -> Icon(typ=BITMAP size=76x96))]: TSI.rPA@AAw
02-20 19:32:42.891  1676  1858 I Telecom : : Sending phone-account registered intent as user: TSI.rPA@AAw
02-20 19:32:42.891  1925  1925 D SubscriptionInfoUpdater: [Receiver]+
02-20 19:32:42.891  1925  1925 D SubscriptionInfoUpdater: Action: android.intent.action.internal_sim_state_changed
02-20 19:32:42.891  1925  1925 D SubscriptionInfoUpdater: slotId: 0
02-20 19:32:42.891  1925  1925 D SubscriptionInfoUpdater: simStatus: LOADED
02-20 19:32:42.891  1925  1925 D SubscriptionInfoUpdater: [Receiver]-
02-20 19:32:42.891  1925  1925 D GsmCdmaPhone: [GsmCdmaPhone] phoneObjectUpdater: newVoiceRadioTech=0
02-20 19:32:42.891  1925  1925 D GsmCdmaPhone: [GsmCdmaPhone] phoneObjectUpdater: volteReplacementRat=0
02-20 19:32:42.891  1925  1925 E GsmCdmaPhone: [GsmCdmaPhone] phoneObjectUpdater: newVoiceRadioTech=0 doesn't match either CDMA or GSM - error! No phone change
02-20 19:32:42.892  1925  1925 D SST     : SubscriptionListener.onSubscriptionInfoChanged
02-20 19:32:42.892  1925  1925 D DCT     : [0]SubscriptionListener.onSubscriptionInfoChanged
02-20 19:32:42.892  1925  1925 D SubscriptionController: [getActiveSubInfoList] Sub Controller not ready
02-20 19:32:42.892  1925  1925 D SubscriptionController: [getActiveSubInfoList] Sub Controller not ready
02-20 19:32:42.892  1925  1925 I Telephony: PstnIncomingCallNotifier: Unregistering: Handler (com.android.internal.telephony.GsmCdmaPhone) {4446000}
02-20 19:32:42.893  1925  1925 E PhoneInterfaceManager: [PhoneIntfMgr] getIccId: No UICC
02-20 19:32:42.911  2079  2079 W System  : ClassLoader referenced unknown path: /system/app/PrebuiltDeskClockGoogle/lib/x86_64
02-20 19:32:42.932  1676  1789 I Telecom : PhoneAccountRegistrar: [ComponentInfo{com.android.phone/com.android.services.telephony.TelephonyConnectionService}, [e0184adedf913b076626646d3f52c3b49c39ad6d], UserHandle{0}(icon: Icon(typ=BITMAP size=76x96) -> Icon(typ=BITMAP size=76x96))]: TSI.rPA@AA0
02-20 19:32:43.020  1774  1786 I art     : Background partial concurrent mark sweep GC freed 10728(1637KB) AllocSpace objects, 3(96KB) LOS objects, 26% free, 11MB/15MB, paused 5.239ms total 155.917ms
02-20 19:32:43.024  1925  1938 D SubscriptionController: [getActiveSubInfoList] Sub Controller not ready
02-20 19:32:43.034  1676  1789 I Telecom : : Sending phone-account registered intent as user: TSI.rPA@AA0
02-20 19:32:43.035  1925  2076 D SubscriptionController: [getActiveSubInfoList] Sub Controller not ready
02-20 19:32:43.047  1925  1937 D SubscriptionController: [getActiveSubInfoList] Sub Controller not ready
02-20 19:32:43.049  1925  1925 I Telephony: AccountEntry: Registered phoneAccount: [[ ] PhoneAccount: ComponentInfo{com.android.phone/com.android.services.telephony.TelephonyConnectionService}, [e0184adedf913b076626646d3f52c3b49c39ad6d], UserHandle{0} Capabilities: CallProvider MultiUser PlaceEmerg SimSub  Schemes: tel voicemail  Extras: null GroupId: [da39a3ee5e6b4b0d3255bfef95601890afd80709]] with handle: ComponentInfo{com.android.phone/com.android.services.telephony.TelephonyConnectionService}, [e0184adedf913b076626646d3f52c3b49c39ad6d], UserHandle{0}
02-20 19:32:43.049  1925  1925 I Telephony: PstnIncomingCallNotifier: Registering: Handler (com.android.internal.telephony.GsmCdmaPhone) {4446000}
02-20 19:32:43.053  1925  1925 D SubscriptionInfoUpdater: handleSimStateLoadedInternal: slotId: 0
02-20 19:32:43.053  1925  1925 D SubscriptionInfoUpdater: All IccIds query complete
02-20 19:32:43.053  1925  1925 D SubscriptionInfoUpdater: updateSubscriptionInfoByIccId:+ Start
02-20 19:32:43.054  1925  1925 D SubscriptionController: [clearSubInfo]- no simInfo size=0
02-20 19:32:43.055  1925  1925 D SubscriptionInfoUpdater: insertedSimCount = 1
02-20 19:32:43.055  1925  1925 D SubscriptionController: [getSubInfoUsingSlotIdWithCheck]+ slotId:0
02-20 19:32:43.057  1925  1925 D SubscriptionController: [getPhoneId]- no sims, returning default phoneId=2147483647
02-20 19:32:43.058  1925  1925 D SubscriptionController: [getPhoneId]- no sims, returning default phoneId=2147483647
02-20 19:32:43.058  1925  1925 D SubscriptionController: [getPhoneId]- no sims, returning default phoneId=2147483647
02-20 19:32:43.059  1925  1925 D SubscriptionController: [getSubInfoUsingSlotId]- null info return
02-20 19:32:43.059  1925  1925 D SubscriptionInfoUpdater: updateSubscriptionInfoByIccId: oldSubId = 1
02-20 19:32:43.059  1925  1925 D SubscriptionInfoUpdater: updateSubscriptionInfoByIccId: oldIccId[0] = 89014103211118510720, sIccId[0] = 89014103211118510720
02-20 19:32:43.059  1925  1925 D SubscriptionController: [addSubInfoRecord]+ iccId:89014103211118510720 slotId:0
02-20 19:32:43.061  1925  1925 D SubscriptionController: [getActiveSubInfoList] Sub Controller not ready
02-20 19:32:43.061  1925  1925 D SubscriptionController: [addSubInfoRecord] Record already exists
02-20 19:32:43.063  1925  1925 D SubscriptionController: [addSubInfoRecord] sSlotIdxToSubId.size=1 slotId=0 subId=1 defaultSubId=1 simCount=1
02-20 19:32:43.063  1925  1925 D SubscriptionController: [setDefaultFallbackSubId] subId=1
02-20 19:32:43.063  1925  1925 D SubscriptionController: [setDefaultFallbackSubId] set mDefaultFallbackSubId=1
02-20 19:32:43.064  1925  1925 D MccTable: updateMccMncConfiguration mccmnc='310260' fromServiceState=false
02-20 19:32:43.065  1925  1925 D MccTable: updateMccMncConfiguration defaultMccMnc=310260
02-20 19:32:43.065  1925  1925 D MccTable: updateMccMncConfiguration: mcc=310, mnc=260
02-20 19:32:43.065  1925  1925 D MccTable: updateMccMncConfiguration updateConfig config={1.0 310mcc260mnc ?localeList ?layoutDir ?swdp ?wdp ?hdp ?density ?lsize ?long ?orien ?uimode ?night ?touch ?keyb/?/? ?nav/?}
02-20 19:32:43.148  1676  1858 I dvm_lock_sample: [system_server,1,Binder:1676_4,84,WindowManagerService.java,5445,-,2857,16]
02-20 19:32:43.150  1925  1925 D SubscriptionController: [setDefaultFallbackSubId] broadcast default subId changed phoneId=0 subId=1
02-20 19:32:43.150  1676  1693 W WindowManager: Keyguard drawn timeout. Setting mKeyguardDrawComplete
02-20 19:32:43.151  1925  1925 D SubscriptionController: [addSubInfoRecord] one sim set defaults to subId=1
02-20 19:32:43.151  1925  1925 D SubscriptionController: [setDefaultDataSubId] num phones=1, subId=1
02-20 19:32:43.151  1925  1925 D SubscriptionController: [setDefaultDataSubId] phoneId=0 subId=1 RAF=1
02-20 19:32:43.152  1925  1925 D ProxyController: setRadioCapability: Already in requested configuration, nothing to do.
02-20 19:32:43.152  1925  1925 D SubscriptionController: [updateAllDataConnectionTrackers] sPhones.length=1
02-20 19:32:43.152  1925  1925 D SubscriptionController: [updateAllDataConnectionTrackers] phoneId=0
02-20 19:32:43.152  1925  1925 D DCT     : [0]update sub = 1
02-20 19:32:43.152  1925  1925 D DCT     : [0]update(): Active DDS, register for all events now!
02-20 19:32:43.152  1925  1925 D DCT     : [0]New records found.
02-20 19:32:43.152  1925  1925 D SST     : mDeviceShuttingDown=false, mDesiredPowerState=true, getRadioState=RADIO_ON, mPowerOffDelayNeed=true, mAlarmSwitch=false, mRadioDisabledByCarrier=false
02-20 19:32:43.152  1925  1925 D GsmCdmaPhone: [GsmCdmaPhone] updateCurrentCarrierInProvider: mSubId = 1 currentDds = 1 operatorNumeric = 310260
02-20 19:32:43.153  1925  1938 D RILJ    : [3736]> RIL_REQUEST_GET_CELL_INFO_LIST [SUB0]
02-20 19:32:43.154  1373  1468 D RIL     : onRequest: GET_CELL_INFO_LIST
02-20 19:32:43.154  1373  1468 D RILC    : responseCellInfoList: v12
02-20 19:32:43.154  1925  2019 D RILJ    : [3736]< RIL_REQUEST_GET_CELL_INFO_LIST [CellInfoGsm:{mRegistered=YES mTimeStampType=modem mTimeStamp=14467466580ns CellIdentityGsm:{ mMcc=310 mMnc=260 mLac=3 mCid=91 mArfcn=10 mBsic=0x0} CellSignalStrengthGsm: ss=207614392 ber=29446 mTa=214584444}] [SUB0]
02-20 19:32:43.161  1313  1323 I SurfaceFlinger: Boot is finished (12578 ms)
02-20 19:32:43.162  1313  1323 I sf_stop_bootanim: 14475
02-20 19:32:43.166  1774  1774 I Choreographer: Skipped 55 frames!  The application may be doing too much work on its main thread.
02-20 19:32:43.171  1939  1985 D EGL_emulation: eglMakeCurrent: 0x77b6333f42a0: ver 3 0 (tinfo 0x77b63d89c680)
02-20 19:32:43.183  1676  1693 V KeyguardServiceDelegate: *** Keyguard connected (yay!)
02-20 19:32:43.188  1925  1925 D SubscriptionController: [broadcastDefaultDataSubIdChanged] subId=1
02-20 19:32:43.190  1925  1925 D SubscriptionController: [setDefaultSmsSubId] subId=1
02-20 19:32:43.191  1774  1774 D ViewRootImpl[StatusBar]: changeCanvasOpacity: opaque=true
02-20 19:32:43.201  1925  1925 D SubscriptionController: [broadcastDefaultSmsSubIdChanged] subId=1
02-20 19:32:43.222  1313  1313 I sf_frame_dur: [BootAnimation,0,18,232,18,0,0,0]
02-20 19:32:43.230  1676  1699 I wm_boot_animation_done: 14543
02-20 19:32:43.230  1676  1699 I SystemServiceManager: Starting phase 1000
02-20 19:32:42.541     0     0 I init    : Service 'bootanim' (pid 1332) exited with status 0
02-20 19:32:42.542     0     0 I init    : Starting service 'exec 6 (/system/bin/bootstat)'...
02-20 19:32:43.242  2103  2103 I auditd  : type=1400 audit(0.0:11): avc: denied { getattr } for comm="bootstat" path="/vendor" dev="rootfs" ino=4000 scontext=u:r:bootstat:s0 tcontext=u:object_r:rootfs:s0 tclass=lnk_file permissive=0
02-20 19:32:43.242  2103  2103 W bootstat: type=1400 audit(0.0:11): avc: denied { getattr } for path="/vendor" dev="rootfs" ino=4000 scontext=u:r:bootstat:s0 tcontext=u:object_r:rootfs:s0 tclass=lnk_file permissive=0
02-20 19:32:43.239  2106  2106 W art     : Unexpected CPU variant for X86 using defaults: x86_64
02-20 19:32:43.244  1676  1699 I am_proc_start: [0,2106,10015,com.google.android.ext.services,on-hold,]
02-20 19:32:43.244  1676  1699 I ActivityManager: Start proc 2106:com.google.android.ext.services/u0a15 for on-hold
02-20 19:32:43.248  1676  1699 D ActivityManager: Finishing user boot 0
02-20 19:32:43.248  1676  1699 I sysui_histogram: [framework_locked_boot_completed,14]
02-20 19:32:43.249  1676  1699 D CryptdConnector: SND -> {3 cryptfs prepare_user_storage ! 0 0 2}
02-20 19:32:43.250  1267  1303 D vold    : e4crypt_prepare_user_storage for volume null, user 0, serial 0, flags 2
02-20 19:32:43.250  1267  1303 D vold    : Preparing: /data/system_ce/0
02-20 19:32:43.250  1267  1303 D vold    : Preparing: /data/misc_ce/0
02-20 19:32:43.250  1267  1303 D vold    : Preparing: /data/media/0
02-20 19:32:43.250  1267  1303 D vold    : Preparing: /data/data
02-20 19:32:43.250  1676  1729 D CryptdConnector: RCV <- {200 3 Command succeeded}
02-20 19:32:43.250  1676  1699 V UserManagerService: Found /data/user/0 with serial number 0
02-20 19:32:43.250  1676  1699 V UserManagerService: Found /data/system_ce/0 with serial number 0
02-20 19:32:43.250  1676  1699 V PackageManager: reconcileAppsData for null u0 0x2
02-20 19:32:43.252  2103  2103 I bootstat: Service started: /system/bin/bootstat --record_boot_complete 
02-20 19:32:43.261  2103  2103 I bootstat: Logging histogram: bootstat_mtime_matches_content 1
02-20 19:32:43.261  2103  2103 I sysui_histogram: [bootstat_mtime_matches_content,1]
02-20 19:32:43.261  2103  2103 I bootstat: Logging histogram: bootstat_mtime_matches_content 1
02-20 19:32:43.261  2103  2103 I sysui_histogram: [bootstat_mtime_matches_content,1]
02-20 19:32:43.261  2103  2103 I bootstat: Logging histogram: bootstat_mtime_matches_content 1
02-20 19:32:43.261  2103  2103 I sysui_histogram: [bootstat_mtime_matches_content,1]
02-20 19:32:43.276  2121  2121 I bootstat: Service started: /system/bin/bootstat --record_boot_reason 
02-20 19:32:43.276  2121  2121 I bootstat: Unknown boot reason: 
02-20 19:32:42.578     0     0 I init    : Service 'exec 6 (/system/bin/bootstat)' (pid 2103) exited with status 0
02-20 19:32:42.579     0     0 I init    : Starting service 'exec 7 (/system/bin/bootstat)'...
02-20 19:32:42.597     0     0 I init    : Service 'exec 7 (/system/bin/bootstat)' (pid 2121) exited with status 0
02-20 19:32:42.598     0     0 I init    : Starting service 'exec 8 (/system/bin/bootstat)'...
02-20 19:32:42.627     0     0 I init    : Service 'exec 8 (/system/bin/bootstat)' (pid 2123) exited with status 0
02-20 19:32:42.628     0     0 I init    : Starting service 'exec 9 (/system/bin/bootstat)'...
02-20 19:32:42.654     0     0 I init    : Service 'exec 9 (/system/bin/bootstat)' (pid 2126) exited with status 0
02-20 19:32:42.654     0     0 I init    : write_file: Unable to open '/sys/class/android_usb/android0/enable': No such file or directory
02-20 19:32:42.655     0     0 I init    : write_file: Unable to open '/sys/class/android_usb/android0/idVendor': No such file or directory
02-20 19:32:42.656     0     0 I init    : write_file: Unable to open '/sys/class/android_usb/android0/idProduct': No such file or directory
02-20 19:32:42.658     0     0 I init    : write_file: Unable to open '/sys/class/android_usb/android0/functions': No such file or directory
02-20 19:32:42.659     0     0 I init    : write_file: Unable to open '/sys/class/android_usb/android0/enable': No such file or directory
02-20 19:32:43.312  2123  2123 I bootstat: Service started: /system/bin/bootstat --record_time_since_factory_reset 
02-20 19:32:43.312  2123  2123 I bootstat: Logging histogram: factory_reset_current_time 1519155163
02-20 19:32:43.312  2123  2123 I sysui_histogram: [factory_reset_current_time,1519155163]
02-20 19:32:43.313  2123  2123 I bootstat: Logging histogram: bootstat_mtime_matches_content 1
02-20 19:32:43.313  2123  2123 I sysui_histogram: [bootstat_mtime_matches_content,1]
02-20 19:32:43.313  2123  2123 I bootstat: Logging histogram: factory_reset_record_value 1519154248
02-20 19:32:43.313  2123  2123 I sysui_histogram: [factory_reset_record_value,1519154248]
02-20 19:32:43.339  2126  2126 I bootstat: Service started: /system/bin/bootstat -l 
02-20 19:32:43.339  2126  2126 I bootstat: Logging histogram: bootstat_mtime_matches_content 1
02-20 19:32:43.339  2126  2126 I sysui_histogram: [bootstat_mtime_matches_content,1]
02-20 19:32:43.339  2126  2126 I bootstat: Logging histogram: bootstat_mtime_matches_content 1
02-20 19:32:43.339  2126  2126 I sysui_histogram: [bootstat_mtime_matches_content,1]
02-20 19:32:43.339  2126  2126 I bootstat: Logging histogram: bootstat_mtime_matches_content 1
02-20 19:32:43.339  2126  2126 I sysui_histogram: [bootstat_mtime_matches_content,1]
02-20 19:32:43.339  2126  2126 I bootstat: Logging histogram: bootstat_mtime_matches_content 1
02-20 19:32:43.339  2126  2126 I sysui_histogram: [bootstat_mtime_matches_content,1]
02-20 19:32:43.339  2126  2126 I bootstat: Logging histogram: bootstat_mtime_matches_content 1
02-20 19:32:43.339  2126  2126 I sysui_histogram: [bootstat_mtime_matches_content,1]
02-20 19:32:43.340  2126  2126 I bootstat: Logging histogram: bootstat_mtime_matches_content 1
02-20 19:32:43.340  2126  2126 I sysui_histogram: [bootstat_mtime_matches_content,1]
02-20 19:32:43.340  2126  2126 I bootstat: Logging histogram: bootstat_mtime_matches_content 1
02-20 19:32:43.340  2126  2126 I sysui_histogram: [bootstat_mtime_matches_content,1]
02-20 19:32:43.340  2126  2126 I bootstat: Logging histogram: bootstat_mtime_matches_content 1
02-20 19:32:43.340  2126  2126 I sysui_histogram: [bootstat_mtime_matches_content,1]
02-20 19:32:43.340  2126  2126 I bootstat: Logging histogram: bootstat_mtime_matches_content 1
02-20 19:32:43.340  2126  2126 I sysui_histogram: [bootstat_mtime_matches_content,1]
02-20 19:32:43.340  2126  2126 I bootstat: Logging histogram: bootstat_mtime_matches_content 1
02-20 19:32:43.340  2126  2126 I sysui_histogram: [bootstat_mtime_matches_content,1]
02-20 19:32:43.340  2126  2126 I bootstat: Logging histogram: bootstat_mtime_matches_content 1
02-20 19:32:43.340  2126  2126 I sysui_histogram: [bootstat_mtime_matches_content,1]
02-20 19:32:43.340  2126  2126 I bootstat: Logging histogram: bootstat_mtime_matches_content 1
02-20 19:32:43.340  2126  2126 I sysui_histogram: [bootstat_mtime_matches_content,1]
02-20 19:32:43.340  2126  2126 I bootstat: Logging histogram: bootstat_mtime_matches_content 1
02-20 19:32:43.340  2126  2126 I sysui_histogram: [bootstat_mtime_matches_content,1]
02-20 19:32:43.340  2126  2126 I bootstat: Logging histogram: bootstat_mtime_matches_content 1
02-20 19:32:43.340  2126  2126 I sysui_histogram: [bootstat_mtime_matches_content,1]
02-20 19:32:43.340  2126  2126 I bootstat: Logging histogram: post_decrypt_time_elapsed 2
02-20 19:32:43.340  2126  2126 I sysui_histogram: [post_decrypt_time_elapsed,2]
02-20 19:32:43.340  2126  2126 I bootstat: Logging histogram: last_boot_time_utc 1519155163
02-20 19:32:43.340  2126  2126 I sysui_histogram: [last_boot_time_utc,1519155163]
02-20 19:32:43.340  2126  2126 I bootstat: Logging histogram: build_date 1513095943
02-20 19:32:43.340  2126  2126 I sysui_histogram: [build_date,1513095943]
02-20 19:32:43.340  2126  2126 I bootstat: Logging histogram: boot_decryption_complete 14
02-20 19:32:43.340  2126  2126 I sysui_histogram: [boot_decryption_complete,14]
02-20 19:32:43.340  2126  2126 I bootstat: Logging histogram: ota_boot_complete_post_decrypt 7
02-20 19:32:43.340  2126  2126 I sysui_histogram: [ota_boot_complete_post_decrypt,7]
02-20 19:32:43.340  2126  2126 I bootstat: Logging histogram: ota_boot_complete 9
02-20 19:32:43.340  2126  2126 I sysui_histogram: [ota_boot_complete,9]
02-20 19:32:43.340  2126  2126 I bootstat: Logging histogram: boot_reason 1
02-20 19:32:43.340  2126  2126 I sysui_histogram: [boot_reason,1]
02-20 19:32:43.340  2126  2126 I bootstat: Logging histogram: factory_reset_current_time 1519155163
02-20 19:32:43.340  2126  2126 I sysui_histogram: [factory_reset_current_time,1519155163]
02-20 19:32:43.340  2126  2126 I bootstat: Logging histogram: factory_reset 1519154248
02-20 19:32:43.340  2126  2126 I sysui_histogram: [factory_reset,1519154248]
02-20 19:32:43.340  2126  2126 I bootstat: Logging histogram: time_since_last_boot 74
02-20 19:32:43.340  2126  2126 I sysui_histogram: [time_since_last_boot,74]
02-20 19:32:43.340  2126  2126 I bootstat: Logging histogram: boot_complete_post_decrypt 12
02-20 19:32:43.340  2126  2126 I sysui_histogram: [boot_complete_post_decrypt,12]
02-20 19:32:43.340  2126  2126 I bootstat: Logging histogram: boot_complete 14
02-20 19:32:43.340  2126  2126 I sysui_histogram: [boot_complete,14]
02-20 19:32:43.340  2126  2126 I bootstat: Logging histogram: factory_reset_record_value 1519154248
02-20 19:32:43.340  2126  2126 I sysui_histogram: [factory_reset_record_value,1519154248]
02-20 19:32:43.340  2126  2126 I bootstat: Logging histogram: time_since_factory_reset 915
02-20 19:32:43.340  2126  2126 I sysui_histogram: [time_since_factory_reset,915]
02-20 19:32:43.262  2121  2121 I auditd  : type=1400 audit(0.0:12): avc: denied { getattr } for comm="bootstat" path="/vendor" dev="rootfs" ino=4000 scontext=u:r:bootstat:s0 tcontext=u:object_r:rootfs:s0 tclass=lnk_file permissive=0
02-20 19:32:43.262  2121  2121 W bootstat: type=1400 audit(0.0:12): avc: denied { getattr } for path="/vendor" dev="rootfs" ino=4000 scontext=u:r:bootstat:s0 tcontext=u:object_r:rootfs:s0 tclass=lnk_file permissive=0
02-20 19:32:43.292  2123  2123 I auditd  : type=1400 audit(0.0:13): avc: denied { getattr } for comm="bootstat" path="/vendor" dev="rootfs" ino=4000 scontext=u:r:bootstat:s0 tcontext=u:object_r:rootfs:s0 tclass=lnk_file permissive=0
02-20 19:32:43.292  2123  2123 W bootstat: type=1400 audit(0.0:13): avc: denied { getattr } for path="/vendor" dev="rootfs" ino=4000 scontext=u:r:bootstat:s0 tcontext=u:object_r:rootfs:s0 tclass=lnk_file permissive=0
02-20 19:32:43.322  2126  2126 I auditd  : type=1400 audit(0.0:14): avc: denied { getattr } for comm="bootstat" path="/vendor" dev="rootfs" ino=4000 scontext=u:r:bootstat:s0 tcontext=u:object_r:rootfs:s0 tclass=lnk_file permissive=0
02-20 19:32:43.322  2126  2126 W bootstat: type=1400 audit(0.0:14): avc: denied { getattr } for path="/vendor" dev="rootfs" ino=4000 scontext=u:r:bootstat:s0 tcontext=u:object_r:rootfs:s0 tclass=lnk_file permissive=0
02-20 19:32:43.369  1676  1699 V PackageManager: reconcileAppsData finished 100 packages
02-20 19:32:43.369  1676  1687 W art     : Long monitor contention with owner android.display (1699) at void com.android.server.am.ActivityManagerService.finishBooting()(ActivityManagerService.java:6823) waiters=0 in int com.android.server.am.ActivityManagerService.broadcastIntent(android.app.IApplicationThread, android.content.Intent, java.lang.String, android.content.IIntentReceiver, int, java.lang.String, android.os.Bundle, java.lang.String[], int, android.os.Bundle, boolean, boolean, int) for 135ms
02-20 19:32:43.369  1676  1687 I dvm_lock_sample: [system_server,1,Binder:1676_1,135,ActivityManagerService.java,18551,-,6823,27]
02-20 19:32:43.371  1676  1789 W art     : Long monitor contention with owner android.display (1699) at void com.android.server.am.ActivityManagerService.finishBooting()(ActivityManagerService.java:6823) waiters=2 in android.app.IActivityManager$ContentProviderHolder com.android.server.am.ActivityManagerService.getContentProviderImpl(android.app.IApplicationThread, java.lang.String, android.os.IBinder, boolean, int) for 138ms
02-20 19:32:43.371  1676  1789 I dvm_lock_sample: [system_server,1,Binder:1676_3,138,ActivityManagerService.java,10666,-,6823,27]
02-20 19:32:43.377  1925  1925 D SubscriptionController: [setDefaultVoiceSubId] subId=1
02-20 19:32:43.378  1925  1925 D SubscriptionController: [broadcastDefaultVoiceSubIdChanged] subId=1
02-20 19:32:43.387  1676  1789 I am_proc_start: [0,2127,10001,android.process.acore,content provider,com.android.providers.contacts/.ContactsProvider2]
02-20 19:32:43.388  1676  1789 I ActivityManager: Start proc 2127:android.process.acore/u0a1 for content provider com.android.providers.contacts/.ContactsProvider2
02-20 19:32:43.388  1676  1692 D MountService: onUnlockUser 0
02-20 19:32:43.388  2127  2127 W art     : Unexpected CPU variant for X86 using defaults: x86_64
02-20 19:32:43.388  1676  1692 D VoldConnector: SND -> {7 volume user_started 0}
02-20 19:32:43.398  1676  1688 I am_proc_bound: [0,2106,com.google.android.ext.services]
02-20 19:32:43.399  1267  1302 D vold    : Linking /storage/emulated/0 to /mnt/user/0/primary
02-20 19:32:43.400  1676  1728 D VoldConnector: RCV <- {200 7 Command succeeded}
02-20 19:32:43.401  1925  1925 D SubscriptionController: [addSubInfoRecord] hashmap(0,1)
02-20 19:32:43.408  1676  1967 I am_proc_bound: [0,2127,android.process.acore]
02-20 19:32:43.409  1676  1687 I force_gc: Binder
02-20 19:32:43.412  1676  1727 D MountService: Volume public:253,64 broadcasting mounted to UserHandle{0}
02-20 19:32:43.423  2127  2127 W System  : ClassLoader referenced unknown path: /system/priv-app/ContactsProvider/lib/x86_64
02-20 19:32:43.488  1676  1727 D MountService: Volume emulated broadcasting mounted to UserHandle{0}
02-20 19:32:43.517  2106  2106 W System  : ClassLoader referenced unknown path: /system/priv-app/GoogleExtServices/lib/x86_64
02-20 19:32:43.518  1676  1692 V BackupManagerService: No ancestral data
02-20 19:32:43.535  1676  1692 V BackupManagerService: Starting with transport android/com.android.internal.backup.LocalTransport
02-20 19:32:43.535  1925  1925 D SubscriptionController: [addSubInfoRecord] sim name = Android
02-20 19:32:43.535  1925  1925 D DCT     : [0]update sub = 1
02-20 19:32:43.535  1925  1925 D DCT     : [0]update(): Active DDS, register for all events now!
02-20 19:32:43.535  1925  1925 D GsmCdmaPhone: [GsmCdmaPhone] updateCurrentCarrierInProvider: mSubId = 1 currentDds = 1 operatorNumeric = 310260
02-20 19:32:43.535  1676  1692 V BackupManagerService: Found transports: 2
02-20 19:32:43.587  1925  1925 D SubscriptionController: [addSubInfoRecord]- info size=1
02-20 19:32:43.588  1925  1925 D SubscriptionInfoUpdater: newSim = false
02-20 19:32:43.589  1925  1925 D SubscriptionInfoUpdater: updateSubscriptionInfoByIccId: sInsertSimState[0] = 0
02-20 19:32:43.591  1676  1692 I am_proc_start: [0,2143,10014,com.google.android.gms.persistent,service,com.google.android.gms/.backup.BackupTransportService]
02-20 19:32:43.591  1676  1692 I ActivityManager: Start proc 2143:com.google.android.gms.persistent/u0a14 for service com.google.android.gms/.backup.BackupTransportService
02-20 19:32:43.595  1925  1925 D SubscriptionInfoUpdater: updateSubscriptionInfoByIccId: nSubCount = 1
02-20 19:32:43.598  1676  1692 I BackupManagerService: Backup enabled => false
02-20 19:32:43.604  1925  1925 D SubscriptionController: [setDefaultDataSubId] num phones=1, subId=1
02-20 19:32:43.604  1925  1925 D SubscriptionController: [setDefaultDataSubId] phoneId=0 subId=1 RAF=1
02-20 19:32:43.604  1925  1925 D ProxyController: setRadioCapability: Already in requested configuration, nothing to do.
02-20 19:32:43.604  1925  1925 D SubscriptionController: [updateAllDataConnectionTrackers] sPhones.length=1
02-20 19:32:43.605  1925  1925 D SubscriptionController: [updateAllDataConnectionTrackers] phoneId=0
02-20 19:32:43.605  1925  1925 D DCT     : [0]update sub = 1
02-20 19:32:43.605  1925  1925 D DCT     : [0]update(): Active DDS, register for all events now!
02-20 19:32:43.605  1925  1925 D GsmCdmaPhone: [GsmCdmaPhone] updateCurrentCarrierInProvider: mSubId = 1 currentDds = 1 operatorNumeric = 310260
02-20 19:32:43.620  2143  2143 W art     : Unexpected CPU variant for X86 using defaults: x86_64
02-20 19:32:43.623  1676  1676 V BackupManagerService: Connected to transport ComponentInfo{android/com.android.internal.backup.LocalTransportService}
02-20 19:32:43.623  1676  1676 V BackupManagerService: Registering transport android/com.android.internal.backup.LocalTransportService::android/com.android.internal.backup.LocalTransport = android.app.backup.BackupTransport$TransportImpl@65b6326
02-20 19:32:43.624  1676  1676 I backup_transport_lifecycle: [android/com.android.internal.backup.LocalTransportService,1]
02-20 19:32:43.637  1362  1807 I art     : Starting a blocking GC HeapTrim
02-20 19:32:43.658  1925  1925 D SubscriptionController: [broadcastDefaultDataSubIdChanged] subId=1
02-20 19:32:43.666  1676  1692 I am_proc_start: [0,2163,10029,com.google.android.googlequicksearchbox:interactor,service,com.google.android.googlequicksearchbox/com.google.android.voiceinteraction.GsaVoiceInteractionService]
02-20 19:32:43.666  1676  1692 I ActivityManager: Start proc 2163:com.google.android.googlequicksearchbox:interactor/u0a29 for service com.google.android.googlequicksearchbox/com.google.android.voiceinteraction.GsaVoiceInteractionService
02-20 19:32:43.667  1925  1925 D SubscriptionController: notifySubscriptionInfoChanged:
02-20 19:32:43.667  1925  2076 D SubscriptionMonitor: Phone[0] subId changed -2->1, 1 registrants
02-20 19:32:43.668  1676  1676 I GnssLocationProvider: WakeLock acquired by sendMessage(12, 0, null)
02-20 19:32:43.668  1925  2076 D SubscriptionMonitor: mDefaultDataSubId = 1, 1 registrants
02-20 19:32:43.697  2163  2163 W art     : Unexpected CPU variant for X86 using defaults: x86
02-20 19:32:43.697  1676  1692 I ActivityManager: Loading recents for user 0 into memory.
02-20 19:32:43.703  1925  1925 D SubscriptionInfoUpdater: updateSubscriptionInfoByIccId:- SsubscriptionInfo update complete
02-20 19:32:43.703  1925  1925 D MccTable: updateMccMncConfiguration mccmnc='310260' fromServiceState=false
02-20 19:32:43.703  1925  1925 D MccTable: updateMccMncConfiguration defaultMccMnc=310260
02-20 19:32:43.703  1925  1925 D MccTable: updateMccMncConfiguration: mcc=310, mnc=260
02-20 19:32:43.704  1925  1925 D MccTable: updateMccMncConfiguration updateConfig config={1.0 310mcc260mnc ?localeList ?layoutDir ?swdp ?wdp ?hdp ?density ?lsize ?long ?orien ?uimode ?night ?touch ?keyb/?/? ?nav/?}
02-20 19:32:43.709  1676  1688 I am_proc_bound: [0,2143,com.google.android.gms.persistent]
02-20 19:32:43.711  1925  1925 D SubscriptionController: [setMccMnc]+ mcc/mnc:310/260 subId:1
02-20 19:32:43.749  1676  1686 I art     : Background partial concurrent mark sweep GC freed 53558(3MB) AllocSpace objects, 20(780KB) LOS objects, 21% free, 15MB/19MB, paused 2.623ms total 339.078ms
02-20 19:32:43.766  1676  2142 V KeyValueBackupJob: Scheduling k/v pass in 241 minutes
02-20 19:32:43.767  1676  1692 D ActivityManager: Sending BOOT_COMPLETE user #0
02-20 19:32:43.767  1676  1692 I sysui_histogram: [framework_boot_completed,15]
02-20 19:32:43.807  1925  1925 D SubscriptionController: notifySubscriptionInfoChanged:
02-20 19:32:43.807  1676  1676 I GnssLocationProvider: WakeLock acquired by sendMessage(12, 0, null)
02-20 19:32:43.822  1774  1961 D         : HostConnection::get() New Host Connection established 0x77b635c129c0, tid 1961
02-20 19:32:43.823  1774  1961 I OpenGLRenderer: Initialized EGL, version 1.4
02-20 19:32:43.824  1774  1961 D OpenGLRenderer: Swap behavior 1
02-20 19:32:43.826  1925  1925 D SubscriptionController: [getActiveSubscriptionInfo]+ subId=1 subInfo={id=1, iccId=89014103211118510720 simSlotIndex=0 displayName=Android carrierName=Android nameSource=0 iconTint=-16746133 dataRoaming=0 iconBitmap=android.graphics.Bitmap@97e0ea7 mcc 310 mnc 260}
02-20 19:32:43.826  1925  1925 D SubscriptionInfoUpdater: sim name = Android
02-20 19:32:43.833  1774  1961 D EGL_emulation: eglCreateContext: 0x77b635c64aa0: maj 3 min 0 rcv 3
