02-20 19:32:41.033  1676  1676 D ConditionProviders.SCP: notifyCondition condition://android/schedule?days=6.7&start=23.30&end=10.0&exitAtAlarm=false STATE_FALSE reason=!meetsSchedule
02-20 19:32:41.033  1676  1676 D ConditionProviders.SCP: notifyCondition condition://android/schedule?days=1.2.3.4.5&start=22.0&end=7.0&exitAtAlarm=false STATE_FALSE reason=!meetsSchedule
02-20 19:32:41.033  1676  1676 D ConditionProviders.SCP: Scheduling evaluate for Tue Feb 20 22:00:00 GMT+00:00 2018 (1519164000000), in +2h27m18s967ms, now=Tue Feb 20 19:32:41 GMT+00:00 2018 (1519155161033)
02-20 19:32:41.036  1676  1676 I notification_enqueue: [10028,1774,com.android.systemui,1397773634,public:253,64,-1,Notification(pri=0 contentView=null vibrate=null sound=null defaults=0x0 flags=0x100 color=0xff607d8b category=sys actions=2 vis=PUBLIC),0]
02-20 19:32:41.037  1676  1676 I Telecom : WiredHeadsetManager: ACTION_HEADSET_PLUG event, plugged in: false, : WHC.oADA@AAE
02-20 19:32:41.038  1676  1732 I netstats_mobile_sample: [0,0,0,0,0,0,0,0,0,0,0,0,-1]
02-20 19:32:41.038  1676  1732 I netstats_wifi_sample: [0,0,0,0,0,0,0,0,0,0,0,0,-1]
02-20 19:32:41.043  1925  1925 D GsmInboundSmsHandler: created InboundSmsHandler
02-20 19:32:41.050  1676  1692 I boot_progress_enable_screen: 13050
02-20 19:32:41.051  1676  1699 I am_activity_launch_time: [0,132281195,com.android.settings/.FallbackHome,974,974]
02-20 19:32:41.051  1676  1699 I ActivityManager: Displayed com.android.settings/.FallbackHome: +974ms
02-20 19:32:41.072  1676  1686 W art     : Suspending all threads took: 16.017ms
02-20 19:32:41.077  1925  1925 D CdmaInboundSmsHandler: created InboundSmsHandler
02-20 19:32:41.079  1676  1676 I ActivityManager: user 0 is still locked. Cannot load recents
02-20 19:32:41.084  1676  1692 V KeyguardServiceDelegate: *** Keyguard started
02-20 19:32:41.084  1676  1692 I screen_toggled: 1
02-20 19:32:41.084  1676  1699 I WindowManager: Screen frozen for +891ms due to AppWindowToken{2215686 token=Token{a57eec8 ActivityRecord{7e2736b u0 com.android.settings/.FallbackHome t1}}}
02-20 19:32:41.085  1676  1692 W KeyguardServiceDelegate: onScreenTurningOn(): no keyguard service!
02-20 19:32:41.089  1676  1676 D TelephonyRegistry: notifyCellLocationForSubscriber: subId=0 cellLocation=Bundle[{}]
02-20 19:32:41.089  1925  1937 D SubscriptionController: [getPhoneId]- no sims, returning default phoneId=2147483647
02-20 19:32:41.090  1925  1925 D SMSDispatcher: SMSDispatcher: ctor mSmsCapable=true format=3gpp mSmsSendDisabled=false
02-20 19:32:41.090  1925  1925 D GsmSMSDispatcher: GsmSMSDispatcher created
02-20 19:32:41.091  1925  2030 D GsmInboundSmsHandler: StartupState.processMessage:6
02-20 19:32:41.091  1925  2030 D GsmInboundSmsHandler: entering Idle state
02-20 19:32:41.091  1925  2032 D CdmaInboundSmsHandler: StartupState.processMessage:6
02-20 19:32:41.091  1925  2032 D CdmaInboundSmsHandler: entering Idle state
02-20 19:32:41.092  1925  1925 D IccCardProxy: ctor: ci=com.android.internal.telephony.RIL@805a6cd phoneId=0
02-20 19:32:41.092  1925  1925 D CdmaSSM : subscriptionSource from settings: 0
02-20 19:32:41.092  1925  1925 D CdmaSSM : cdmaSSM constructor: 0
02-20 19:32:41.092  1925  1925 D IccCardProxy: update icc_operator_numeric=
02-20 19:32:41.092  1925  1925 D TelephonyManager: setTelephonyProperty: success phoneId=0 property=gsm.sim.operator.numeric value:  propVal=
02-20 19:32:41.093  1925  1925 D TelephonyManager: setTelephonyProperty: success phoneId=0 property=gsm.sim.operator.iso-country value:  propVal=
02-20 19:32:41.093  1925  1925 D TelephonyManager: setTelephonyProperty: success phoneId=0 property=gsm.sim.operator.alpha value:  propVal=
02-20 19:32:41.093  1925  1925 E IccCardProxy: setExternalState: set mPhoneId=0 mExternalState=NOT_READY
02-20 19:32:41.094  1925  1925 D TelephonyManager: setTelephonyProperty: success phoneId=0 property=gsm.sim.state value: NOT_READY propVal=NOT_READY
02-20 19:32:41.094  1925  1925 D IccCardProxy: broadcastIccStateChangedIntent intent ACTION_SIM_STATE_CHANGED value=NOT_READY reason=null for mPhoneId=0
02-20 19:32:41.094  1925  1925 D RILJ    : setPhoneType=1 old value=0 [SUB0]
02-20 19:32:41.095  1925  1925 D TelephonyManager: setTelephonyProperty: success phoneId=0 property=gsm.current.phone-type value: 1 propVal=1
02-20 19:32:41.095  1925  1925 D IccCardProxy: Setting radio tech UMTS
02-20 19:32:41.095  1925  1925 D IccCardProxy: updateQuietMode: 3GPP subscription -> newQuietMode=false
02-20 19:32:41.095  1925  1925 D IccCardProxy: updateQuietMode: no changes don't setExternalState
02-20 19:32:41.095  1925  1925 D IccCardProxy: updateQuietMode: QuietMode is false (app_type=1 cdmaSource=-1)
02-20 19:32:41.103  1676  1686 I art     : Background partial concurrent mark sweep GC freed 30991(2MB) AllocSpace objects, 12(7MB) LOS objects, 21% free, 14MB/18MB, paused 18.179ms total 154.034ms
02-20 19:32:41.103  1371  1840 I MediaPlayerService: MediaPlayerService::getOMX
02-20 19:32:41.104  1676  2034 I OMXClient: MuxOMX ctor
02-20 19:32:41.105  1368  1839 I OMXMaster: makeComponentInstance(OMX.google.vorbis.decoder) in mediacodec process
02-20 19:32:41.107  1925  1925 W CarrierConfigManager: Error getting config for subId -1 ICarrierConfigLoader is null
02-20 19:32:41.117  1676  1789 D TelephonyRegistry: listen oscl: hasNotifySubscriptionInfoChangedOccurred==false no callback
02-20 19:32:41.124  1925  1925 D TelephonyManager: setTelephonyProperty: success phoneId=0 property=gsm.network.type value: Unknown propVal=Unknown
02-20 19:32:41.127  1925  1925 D RILJ    : [3654]> SIGNAL_STRENGTH [SUB0]
02-20 19:32:41.128  1373  1468 D RIL     : onRequest: SIGNAL_STRENGTH
02-20 19:32:41.128  1925  1925 D SST     : notifyDataRegStateRilRadioTechnologyChanged: drs=1 rat=0
02-20 19:32:41.128  1925  1925 D TelephonyManager: setTelephonyProperty: success phoneId=0 property=gsm.network.type value: Unknown propVal=Unknown
02-20 19:32:41.128  1925  2019 D RilRequest: [3654]< SIGNAL_STRENGTH error: com.android.internal.telephony.CommandException: RADIO_NOT_AVAILABLE ret=
02-20 19:32:41.131  1925  1925 D DCT     : [0]DCT.constructor
02-20 19:32:41.140  1676  1687 D TelephonyRegistry: listen oscl: hasNotifySubscriptionInfoChangedOccurred==false no callback
02-20 19:32:41.142  1925  1925 D Dcc     : E ctor
02-20 19:32:41.142  1925  1925 D Dcc     : X ctor
02-20 19:32:41.143  1925  1925 D SubscriptionController: [getPhoneId] asked for default subId=-1
02-20 19:32:41.144  1925  2036 D DcTesterDeacativateAll: register for intent action=com.android.internal.telephony.dataconnection.action_deactivate_all
02-20 19:32:41.145  1925  1925 D DcTesterFailBrinupAll: register for intent action=com.android.internal.telephony.dataconnection.action_fail_bringup
02-20 19:32:41.145  1925  1925 D DcTesterFailBrinupAll: register for intent action=com.android.internal.telephony.action_detached
02-20 19:32:41.145  1925  1925 D DcTesterFailBrinupAll: register for intent action=com.android.internal.telephony.action_attached
02-20 19:32:41.145  1925  2036 D DcTesterDeacativateAll: register for intent action=com.android.internal.telephony.action_detached
02-20 19:32:41.148  1925  2036 D Dcc     : DccDefaultState: msg.what=EVENT_RIL_CONNECTED mRilVersion=12
02-20 19:32:41.149  1925  1925 D SST     : notifyDataRegStateRilRadioTechnologyChanged: drs=1 rat=0
02-20 19:32:41.149  1925  1925 D TelephonyManager: setTelephonyProperty: success phoneId=0 property=gsm.network.type value: Unknown propVal=Unknown
02-20 19:32:41.149  1925  1925 D DCT     : [0]update sub = -2
02-20 19:32:41.149  1925  1925 D DCT     : [0]update(): Active DDS, register for all events now!
02-20 19:32:41.165  1925  1925 D GsmCdmaPhone: [GsmCdmaPhone] updateCurrentCarrierInProvider: mSubId = -2 currentDds = 1 operatorNumeric = null
02-20 19:32:41.166  1925  1925 D DCT     : [0]initApnContexts: E
02-20 19:32:41.166  1925  1925 D DCT     : [0]initApnContexts: skipping unknown type=1
02-20 19:32:41.166  1925  1925 D DCT     : [0]initApnContexts: apnContext={mApnType=default mState=IDLE mWaitingApns={null} mApnSetting={null} mReason=dataEnabled mDataEnabled=false mDependencyMet=true}
02-20 19:32:41.166  1925  1925 D DCT     : [0]initApnContexts: apnContext={mApnType=mms mState=IDLE mWaitingApns={null} mApnSetting={null} mReason=dataEnabled mDataEnabled=false mDependencyMet=true}
02-20 19:32:41.166  1925  1925 D DCT     : [0]initApnContexts: apnContext={mApnType=supl mState=IDLE mWaitingApns={null} mApnSetting={null} mReason=dataEnabled mDataEnabled=false mDependencyMet=true}
02-20 19:32:41.166  1925  1925 D DCT     : [0]initApnContexts: apnContext={mApnType=hipri mState=IDLE mWaitingApns={null} mApnSetting={null} mReason=dataEnabled mDataEnabled=false mDependencyMet=true}
02-20 19:32:41.166  1925  1925 D DCT     : [0]initApnContexts: apnContext={mApnType=fota mState=IDLE mWaitingApns={null} mApnSetting={null} mReason=dataEnabled mDataEnabled=false mDependencyMet=true}
02-20 19:32:41.167  1925  1925 D DCT     : [0]initApnContexts: apnContext={mApnType=ims mState=IDLE mWaitingApns={null} mApnSetting={null} mReason=dataEnabled mDataEnabled=false mDependencyMet=true}
02-20 19:32:41.167  1925  1925 D DCT     : [0]initApnContexts: apnContext={mApnType=cbs mState=IDLE mWaitingApns={null} mApnSetting={null} mReason=dataEnabled mDataEnabled=false mDependencyMet=true}
02-20 19:32:41.167  1925  1925 D DCT     : [0]initApnContexts: skipping unknown type=13
02-20 19:32:41.167  1925  1925 D DCT     : [0]initApnContexts: apnContext={mApnType=ia mState=IDLE mWaitingApns={null} mApnSetting={null} mReason=dataEnabled mDataEnabled=false mDependencyMet=true}
02-20 19:32:41.167  1925  1925 D DCT     : [0]initApnContexts: apnContext={mApnType=emergency mState=IDLE mWaitingApns={null} mApnSetting={null} mReason=dataEnabled mDataEnabled=false mDependencyMet=true}
02-20 19:32:41.185  1925  1925 D GsmCdmaPhone: [GsmCdmaPhone] GsmCdmaPhone: constructor: sub = 0
02-20 19:32:41.185  1925  1925 I PhoneFactory: Creating Phone with type = 1 sub = 0
02-20 19:32:41.187  1925  1925 I PhoneFactory: defaultSmsApplication: NONE
02-20 19:32:41.192  1371  1412 I MediaPlayerService: MediaPlayerService::getOMX
02-20 19:32:41.192  1676  2039 I OMXClient: MuxOMX ctor
02-20 19:32:41.192  1368  1387 I OMXMaster: makeComponentInstance(OMX.google.vorbis.decoder) in mediacodec process
02-20 19:32:41.192  1925  1925 I PhoneFactory: Creating SubInfoRecordUpdater 
02-20 19:32:41.193  1925  1925 D SubscriptionInfoUpdater: Constructor invoked
02-20 19:32:41.225  1676  1967 D TelephonyRegistry: listen oscl: hasNotifySubscriptionInfoChangedOccurred==false no callback
02-20 19:32:41.250  1925  1925 D SubscriptionController: [getPhoneId]- no sims, returning default phoneId=2147483647
02-20 19:32:41.264  1676  1858 D TelephonyRegistry: listen oscl: hasNotifySubscriptionInfoChangedOccurred==false no callback
02-20 19:32:41.264  1925  1925 D PhoneSwitcherNetworkRequstListener: Registering NetworkFactory
02-20 19:32:41.265  1925  1925 D PhoneSwitcher: PhoneSwitcher started
02-20 19:32:41.265  1676  1740 D ConnectivityService: Got NetworkFactory Messenger for PhoneSwitcherNetworkRequstListener
02-20 19:32:41.265  1925  1925 D ProxyController: Constructor - Enter
02-20 19:32:41.267  1925  1925 D ProxyController: clearTransaction
02-20 19:32:41.267  1925  1925 D ProxyController: clearTransaction: phoneId=0 status=IDLE
02-20 19:32:41.267  1925  1925 D ProxyController: Constructor - Exit
02-20 19:32:41.267  1925  1925 D TelephonyNetworkFactory[0]: Registering NetworkFactory
02-20 19:32:41.271  1676  1740 D ConnectivityService: Got NetworkFactory Messenger for TelephonyNetworkFactory[0]
02-20 19:32:41.280  1925  1925 D CallManager: registerPhone(GSM Handler (com.android.internal.telephony.GsmCdmaPhone) {4446000})
02-20 19:32:41.284  1676  1858 D TelephonyRegistry: listen oscl: hasNotifySubscriptionInfoChangedOccurred==false no callback
02-20 19:32:41.296  1676  1746 E ActivityThread: Failed to find provider info for com.android.calendar
02-20 19:32:41.296  1676  1746 E ActivityThread: Failed to find provider info for com.android.calendar
02-20 19:32:41.321  1676  1745 D NotificationSQLiteLog: Pruned event entries: 0
02-20 19:32:41.351  1676  1692 W art     : Long monitor contention with owner android.display (1699) at void com.android.server.wm.WindowManagerService$H.handleMessage(android.os.Message)(WindowManagerService.java:8368) waiters=0 in void com.android.server.wm.WindowManagerService.performEnableScreen() for 265ms
02-20 19:32:41.351  1676  1692 I dvm_lock_sample: [system_server,1,ActivityManager,265,WindowManagerService.java,6036,-,8368,53]
02-20 19:32:41.370  1676  1692 I am_proc_start: [0,2043,10004,com.android.cellbroadcastreceiver,broadcast,com.android.cellbroadcastreceiver/.CellBroadcastReceiver]
02-20 19:32:41.370  1676  1692 I ActivityManager: Start proc 2043:com.android.cellbroadcastreceiver/u0a4 for broadcast com.android.cellbroadcastreceiver/.CellBroadcastReceiver
02-20 19:32:41.372  1925  1925 D CarrierConfigLoader: CarrierConfigLoader has started
02-20 19:32:41.372  1925  1925 E BluetoothAdapter: Bluetooth binder is null
02-20 19:32:41.372  1676  1789 D TelephonyRegistry: listen oscl: hasNotifySubscriptionInfoChangedOccurred==false no callback
02-20 19:32:41.375  2043  2043 W art     : Unexpected CPU variant for X86 using defaults: x86_64
02-20 19:32:41.378  1925  2044 E ActivityThread: Failed to find provider info for com.android.contacts
02-20 19:32:41.378  1925  2044 W CallerInfoCache: cursor is null
02-20 19:32:41.395  1925  1925 D RILJ    : [3655]> RIL_REQUEST_SET_TTY_MODE : 0 [SUB0]
02-20 19:32:41.395  1373  1468 D RIL     : onRequest: SET_TTY_MODE
02-20 19:32:41.395  1925  2019 D RilRequest: [3655]< RIL_REQUEST_SET_TTY_MODE error: com.android.internal.telephony.CommandException: RADIO_NOT_AVAILABLE ret=
02-20 19:32:41.396  1925  1925 I Telephony: TtyManager: updateUiTtyMode -1 -> 0
02-20 19:32:41.397  1676  1789 I am_proc_bound: [0,2043,com.android.cellbroadcastreceiver]
02-20 19:32:41.412  1676  1688 D TelephonyRegistry: listen oscl: hasNotifySubscriptionInfoChangedOccurred==false no callback
02-20 19:32:41.412  1925  1925 D SubscriptionController: [getPhoneId] asked for default subId=-1
02-20 19:32:41.428  1925  1925 D UiccController: Received EVENT_ICC_STATUS_CHANGED, calling getIccCardStatus
02-20 19:32:41.428  1925  1925 D RILJ    : [3656]> GET_SIM_STATUS [SUB0]
02-20 19:32:41.428  1373  1468 D RIL     : onRequest: GET_SIM_STATUS
02-20 19:32:41.428  1373  1468 D RIL     : getSIMStatus(). sState: 0
02-20 19:32:41.428  1925  1925 D Phone   : config LCE service failed: com.android.internal.telephony.CommandException: RADIO_NOT_AVAILABLE
02-20 19:32:41.428  1925  1925 D GsmSMSDispatcher: GsmSMSDispatcher: subId = -2 slotId = 0
02-20 19:32:41.428  1925  1925 E IccCardProxy: setExternalState: !override and newstate unchanged from NOT_READY
02-20 19:32:41.428  1925  1925 D RILJ    : [3657]> BASEBAND_VERSION [SUB0]
02-20 19:32:41.429  1925  1925 D RILJ    : [3658]> GET_IMEI [SUB0]
02-20 19:32:41.429  1373  1468 D RIL     : onRequest: BASEBAND_VERSION
02-20 19:32:41.429  1925  2019 D RILJ    : [3656]< GET_SIM_STATUS IccCardState {CARDSTATE_PRESENT,PINSTATE_UNKNOWN,num_apps=2,gsm_id=0{APPTYPE_SIM,APPSTATE_DETECTED},cdma_id=1{APPTYPE_RUIM,APPSTATE_DETECTED},ims_id=8} [SUB0]
02-20 19:32:41.429  1925  1925 D RILJ    : [3659]> GET_IMEISV [SUB0]
02-20 19:32:41.429  1373  1468 D RIL     : onRequest: GET_IMEI
02-20 19:32:41.429  1373  1468 D AT      : AT> AT+CGSN
02-20 19:32:41.429  1373  1470 D AT      : AT< 000000000000000
02-20 19:32:41.429  1373  1470 D AT      : AT< OK
02-20 19:32:41.430  1925  1925 D RILJ    : [3660]> RIL_REQUEST_GET_RADIO_CAPABILITY [SUB0]
02-20 19:32:41.430  1373  1468 D RIL     : onRequest: GET_IMEISV
02-20 19:32:41.430  1925  1925 D RILJ    : [3661]> RIL_REQUEST_START_LCE [SUB0]
02-20 19:32:41.431  1373  1468 D RIL     : onRequest: RIL_REQUEST_GET_RADIO_CAPABILITY
02-20 19:32:41.431  1925  1925 D GsmCdmaPhone: [GsmCdmaPhone] Event EVENT_RADIO_OFF_OR_NOT_AVAILABLE Received
02-20 19:32:41.431  1925  1925 E IccCardProxy: setExternalState: !override and newstate unchanged from NOT_READY
02-20 19:32:41.431  1925  1925 D SST     : mDeviceShuttingDown=false, mDesiredPowerState=true, getRadioState=RADIO_OFF, mPowerOffDelayNeed=true, mAlarmSwitch=false, mRadioDisabledByCarrier=false
02-20 19:32:41.431  1925  1925 D RILJ    : [3662]> RADIO_POWER on [SUB0]
02-20 19:32:41.431  1925  2019 D RilRequest: [3657]< BASEBAND_VERSION error: com.android.internal.telephony.CommandException: RADIO_NOT_AVAILABLE ret=
02-20 19:32:41.431  1373  1468 D RIL     : onRequest: <unknown request>
02-20 19:32:41.433  1925  2019 D RILJ    : [3658]< GET_IMEI  [SUB0]
02-20 19:32:41.433  1373  1468 D RIL     : onRequest: RADIO_POWER
02-20 19:32:41.433  1373  1468 D AT      : AT> AT+CFUN=1
02-20 19:32:41.433  1373  1470 D AT      : AT< OK
02-20 19:32:41.433  1925  2019 D RilRequest: [3659]< GET_IMEISV error: com.android.internal.telephony.CommandException: RADIO_NOT_AVAILABLE ret=
02-20 19:32:41.433  1373  1468 D RIL     : setRadioState(10)
02-20 19:32:41.433  1925  1925 D RILJ    : [3663]> OPERATOR [SUB0]
02-20 19:32:41.434  1373  1468 D RIL     : onRequest: OPERATOR
02-20 19:32:41.434  1373  1468 D AT      : AT> AT+COPS=3,0;+COPS?;+COPS=3,1;+COPS?;+COPS=3,2;+COPS?
02-20 19:32:41.441  1373  1470 D AT      : AT< +COPS: 0,0,"Android"
02-20 19:32:41.441  1925  1925 D RILJ    : [3664]> DATA_REGISTRATION_STATE [SUB0]
02-20 19:32:41.441  1925  2019 D RilRequest: [3660]< RIL_REQUEST_GET_RADIO_CAPABILITY error: com.android.internal.telephony.CommandException: RADIO_NOT_AVAILABLE ret=
02-20 19:32:41.443  1925  2019 D RilRequest: [3661]< RIL_REQUEST_START_LCE error: com.android.internal.telephony.CommandException: RADIO_NOT_AVAILABLE ret=
02-20 19:32:41.443  1925  1925 D RILJ    : [3665]> VOICE_REGISTRATION_STATE [SUB0]
02-20 19:32:41.443  1925  1925 D RILJ    : [3666]> QUERY_NETWORK_SELECTION_MODE [SUB0]
02-20 19:32:41.443  1925  2019 D RILJ    : [UNSL]< UNSOL_RESPONSE_RADIO_STATE_CHANGED RADIO_ON [SUB0]
02-20 19:32:41.443  1925  2019 D RILJ    : [UNSL]< UNSOL_RESPONSE_SIM_STATUS_CHANGED [SUB0]
02-20 19:32:41.443  1925  1925 D SST     : NITZ: 18/02/20:19:32:33+0:0:Unknown!Unknown,4313 start=13443 delay=9130
02-20 19:32:41.443  1925  2019 D RILJ    : [3662]< RADIO_POWER  [SUB0]
02-20 19:32:41.444  1925  1925 D SST     : NITZ: tzOffset=0 dst=0 zone=GMT iso= mGotCountryCode=false mNeedFixZoneAfterNitz=false
02-20 19:32:41.444  1925  1925 D SST     : setAndBroadcastNetworkSetTimeZone: setTimeZone=GMT
02-20 19:32:41.444  1676  1858 D AlarmManagerService: Kernel timezone updated to 0 minutes west of GMT
02-20 19:32:41.444  1925  1925 D SST     : setAndBroadcastNetworkSetTimeZone: call alarm.setTimeZone and broadcast zoneId=GMT
02-20 19:32:41.445  1925  1925 D SST     : NITZ: Setting time of day to Tue Feb 20 19:32:42 GMT+00:00 2018 NITZ receive delay(ms): 9132 gained(ms): 687 from 18/02/20:19:32:33+0:0:Unknown!Unknown
02-20 19:32:41.445  1925  1925 D SST     : setAndBroadcastNetworkSetTime: time=1519155162132ms
02-20 19:32:41.445  1676  1967 D AlarmManagerService: Setting time of day to sec=1519155162
02-20 19:32:42.132  1676  1967 W AlarmManagerService: Unable to set rtc to 1519155162: No such device
02-20 19:32:42.133  1676  1676 D ConditionProviders.SCP: onReceive android.intent.action.TIME_SET
02-20 19:32:42.133  1676  1676 D ConditionProviders.SCP: notifyCondition condition://android/schedule?days=6.7&start=23.30&end=10.0&exitAtAlarm=false STATE_FALSE reason=!meetsSchedule
02-20 19:32:42.133  1676  1676 D ConditionProviders.SCP: notifyCondition condition://android/schedule?days=1.2.3.4.5&start=22.0&end=7.0&exitAtAlarm=false STATE_FALSE reason=!meetsSchedule
02-20 19:32:42.134  1676  1676 D ConditionProviders.SCP: Scheduling evaluate for Tue Feb 20 22:00:00 GMT+00:00 2018 (1519164000000), in +2h27m17s867ms, now=Tue Feb 20 19:32:42 GMT+00:00 2018 (1519155162133)
02-20 19:32:42.142  1373  1470 D AT      : AT< +COPS: 0,1,"Android"
02-20 19:32:42.142  1373  1470 D AT      : AT< +COPS: 0,2,"310260"
02-20 19:32:42.142  1373  1470 D AT      : AT< OK
02-20 19:32:42.143  1925  2019 D RILJ    : [3663]< OPERATOR {Android, Android, 310260} [SUB0]
02-20 19:32:42.143  1373  1468 D RIL     : onRequest: DATA_REGISTRATION_STATE
02-20 19:32:42.143  1373  1468 D RIL     : requestRegistrationState
02-20 19:32:42.143  1373  1468 D AT      : AT> AT+CGREG?
02-20 19:32:42.143  1373  1470 D AT      : AT< +CGREG: 1,1,"0003","005b","000e"
02-20 19:32:42.143  1373  1470 D AT      : AT< OK
02-20 19:32:42.143  1373  1468 D RIL     : parseRegistrationState. Parsing: +CGREG: 1,1,"0003","005b","000e"
02-20 19:32:42.143  1373  1468 D RIL     : registration state type: 3GPP
02-20 19:32:42.143  1925  2019 D RILJ    : [3664]< DATA_REGISTRATION_STATE {1, 3, 5b, 14, null, null} [SUB0]
02-20 19:32:42.143  1373  1468 D RIL     : onRequest: VOICE_REGISTRATION_STATE
02-20 19:32:42.143  1373  1468 D RIL     : requestRegistrationState
02-20 19:32:42.143  1373  1468 D AT      : AT> AT+CREG?
02-20 19:32:42.143  1373  1470 D AT      : AT< +CREG: 2,1, "0003", "005b"
02-20 19:32:42.143  1373  1470 D AT      : AT< OK
02-20 19:32:42.143  1373  1468 D RIL     : parseRegistrationState. Parsing: +CREG: 2,1, "0003", "005b"
02-20 19:32:42.143  1373  1468 D RIL     : registration state type: 3GPP
02-20 19:32:42.144  1925  2019 D RILJ    : [3665]< VOICE_REGISTRATION_STATE {1, 3, 5b, 0, null, null, null, null, null, null, null, null, null, null, null} [SUB0]
02-20 19:32:42.144  1373  1468 D RIL     : onRequest: QUERY_NETWORK_SELECTION_MODE
02-20 19:32:42.144  1373  1468 D AT      : AT> AT+COPS?
02-20 19:32:42.144  1373  1470 D AT      : AT< +COPS: 0,2,310260
02-20 19:32:42.144  1373  1470 D AT      : AT< OK
02-20 19:32:42.144  1925  2019 D RILJ    : [3666]< QUERY_NETWORK_SELECTION_MODE {0} [SUB0]
02-20 19:32:42.146  1925  1925 I SST     : NITZ: after Setting time of day
02-20 19:32:42.146  1925  1925 D SST     : NITZ: end=13460 dur=17
02-20 19:32:42.147  1925  1925 D SST     : mDeviceShuttingDown=false, mDesiredPowerState=true, getRadioState=RADIO_ON, mPowerOffDelayNeed=true, mAlarmSwitch=false, mRadioDisabledByCarrier=false
02-20 19:32:42.147  1925  1925 D RILJ    : [3667]> OPERATOR [SUB0]
02-20 19:32:42.147  1925  1925 D RILJ    : [3668]> DATA_REGISTRATION_STATE [SUB0]
02-20 19:32:42.147  1373  1468 D RIL     : onRequest: OPERATOR
02-20 19:32:42.147  1373  1468 D AT      : AT> AT+COPS=3,0;+COPS?;+COPS=3,1;+COPS?;+COPS=3,2;+COPS?
02-20 19:32:42.150  1925  1925 D RILJ    : [3669]> VOICE_REGISTRATION_STATE [SUB0]
02-20 19:32:42.150  1373  1470 D AT      : AT< +COPS: 0,0,"Android"
02-20 19:32:42.150  1373  1470 D AT      : AT< +COPS: 0,1,"Android"
02-20 19:32:42.150  1373  1470 D AT      : AT< +COPS: 0,2,"310260"
02-20 19:32:42.150  1373  1470 D AT      : AT< OK
02-20 19:32:42.150  1925  2019 D RILJ    : [3667]< OPERATOR {Android, Android, 310260} [SUB0]
02-20 19:32:42.150  1373  1468 D RIL     : onRequest: DATA_REGISTRATION_STATE
02-20 19:32:42.150  1373  1468 D RIL     : requestRegistrationState
02-20 19:32:42.150  1373  1468 D AT      : AT> AT+CGREG?
02-20 19:32:42.150  1925  1925 D RILJ    : [3670]> QUERY_NETWORK_SELECTION_MODE [SUB0]
02-20 19:32:42.151  1925  1925 D SST     : onSignalStrengthResult() Exception from RIL : com.android.internal.telephony.CommandException: RADIO_NOT_AVAILABLE
02-20 19:32:42.152  1925  1925 D DCT     : [0]onRadioAvailable
02-20 19:32:42.152  1925  1925 D DCT     : [0]onRadioOffOrNotAvailable: is off and clean up all connections
02-20 19:32:42.152  1925  1925 D DCT     : [0]cleanUpAllConnections: tearDown=false reason=radioTurnedOff
02-20 19:32:42.152  1925  1925 D GsmCdmaPhone: [GsmCdmaPhone] getDataConnectionState apnType=default ret=DISCONNECTED
02-20 19:32:42.153  1925  1925 D DCT     : [0]cleanUpConnection: X tearDown=false reason=radioTurnedOff apnContext={mApnType=default mState=IDLE mWaitingApns={null} mApnSetting={null} mReason=radioTurnedOff mDataEnabled=false mDependencyMet=true} dcac=null
02-20 19:32:42.153  1925  1925 D GsmCdmaPhone: [GsmCdmaPhone] getDataConnectionState apnType=mms ret=DISCONNECTED
02-20 19:32:42.154  1925  1925 D DCT     : [0]cleanUpConnection: X tearDown=false reason=radioTurnedOff apnContext={mApnType=mms mState=IDLE mWaitingApns={null} mApnSetting={null} mReason=radioTurnedOff mDataEnabled=false mDependencyMet=true} dcac=null
02-20 19:32:42.154  1925  1925 D GsmCdmaPhone: [GsmCdmaPhone] getDataConnectionState apnType=cbs ret=DISCONNECTED
02-20 19:32:42.154  1373  1470 D AT      : AT< +CGREG: 1,1,"0003","005b","000e"
02-20 19:32:42.154  1373  1470 D AT      : AT< OK
02-20 19:32:42.154  1373  1468 D RIL     : parseRegistrationState. Parsing: +CGREG: 1,1,"0003","005b","000e"
02-20 19:32:42.154  1373  1468 D RIL     : registration state type: 3GPP
02-20 19:32:42.154  1925  2019 D RILJ    : [3668]< DATA_REGISTRATION_STATE {1, 3, 5b, 14, null, null} [SUB0]
02-20 19:32:42.154  1373  1468 D RIL     : onRequest: VOICE_REGISTRATION_STATE
02-20 19:32:42.154  1373  1468 D RIL     : requestRegistrationState
02-20 19:32:42.154  1373  1468 D AT      : AT> AT+CREG?
02-20 19:32:42.155  1373  1470 D AT      : AT< +CREG: 2,1, "0003", "005b"
02-20 19:32:42.155  1373  1470 D AT      : AT< OK
02-20 19:32:42.155  1373  1468 D RIL     : parseRegistrationState. Parsing: +CREG: 2,1, "0003", "005b"
02-20 19:32:42.155  1373  1468 D RIL     : registration state type: 3GPP
02-20 19:32:42.155  1925  1925 D DCT     : [0]cleanUpConnection: X tearDown=false reason=radioTurnedOff apnContext={mApnType=cbs mState=IDLE mWaitingApns={null} mApnSetting={null} mReason=radioTurnedOff mDataEnabled=false mDependencyMet=true} dcac=null
02-20 19:32:42.155  1925  1925 D GsmCdmaPhone: [GsmCdmaPhone] getDataConnectionState apnType=fota ret=DISCONNECTED
02-20 19:32:42.155  1925  2019 D RILJ    : [3669]< VOICE_REGISTRATION_STATE {1, 3, 5b, 0, null, null, null, null, null, null, null, null, null, null, null} [SUB0]
02-20 19:32:42.155  1373  1468 D RIL     : onRequest: QUERY_NETWORK_SELECTION_MODE
02-20 19:32:42.155  1373  1468 D AT      : AT> AT+COPS?
02-20 19:32:42.155  1373  1470 D AT      : AT< +COPS: 0,2,310260
02-20 19:32:42.156  1373  1470 D AT      : AT< OK
02-20 19:32:42.156  1925  2019 D RILJ    : [3670]< QUERY_NETWORK_SELECTION_MODE {0} [SUB0]
02-20 19:32:42.156  1925  1925 D DCT     : [0]cleanUpConnection: X tearDown=false reason=radioTurnedOff apnContext={mApnType=fota mState=IDLE mWaitingApns={null} mApnSetting={null} mReason=radioTurnedOff mDataEnabled=false mDependencyMet=true} dcac=null
02-20 19:32:42.156  1925  1925 D GsmCdmaPhone: [GsmCdmaPhone] getDataConnectionState apnType=supl ret=DISCONNECTED
02-20 19:32:42.157  1925  1925 D DCT     : [0]cleanUpConnection: X tearDown=false reason=radioTurnedOff apnContext={mApnType=supl mState=IDLE mWaitingApns={null} mApnSetting={null} mReason=radioTurnedOff mDataEnabled=false mDependencyMet=true} dcac=null
02-20 19:32:42.157  1925  1925 D GsmCdmaPhone: [GsmCdmaPhone] getDataConnectionState apnType=ia ret=DISCONNECTED
02-20 19:32:42.158  1925  1925 D DCT     : [0]cleanUpConnection: X tearDown=false reason=radioTurnedOff apnContext={mApnType=ia mState=IDLE mWaitingApns={null} mApnSetting={null} mReason=radioTurnedOff mDataEnabled=false mDependencyMet=true} dcac=null
02-20 19:32:42.158  1925  1925 D GsmCdmaPhone: [GsmCdmaPhone] getDataConnectionState apnType=emergency ret=DISCONNECTED
02-20 19:32:42.159  1925  1925 D DCT     : [0]cleanUpConnection: X tearDown=false reason=radioTurnedOff apnContext={mApnType=emergency mState=IDLE mWaitingApns={null} mApnSetting={null} mReason=radioTurnedOff mDataEnabled=false mDependencyMet=true} dcac=null
02-20 19:32:42.159  1925  1925 D GsmCdmaPhone: [GsmCdmaPhone] getDataConnectionState apnType=hipri ret=DISCONNECTED
02-20 19:32:42.160  1925  1925 D DCT     : [0]cleanUpConnection: X tearDown=false reason=radioTurnedOff apnContext={mApnType=hipri mState=IDLE mWaitingApns={null} mApnSetting={null} mReason=radioTurnedOff mDataEnabled=false mDependencyMet=true} dcac=null
02-20 19:32:42.160  1925  1925 D GsmCdmaPhone: [GsmCdmaPhone] getDataConnectionState apnType=ims ret=DISCONNECTED
02-20 19:32:42.160  1925  1925 D DCT     : [0]cleanUpConnection: X tearDown=false reason=radioTurnedOff apnContext={mApnType=ims mState=IDLE mWaitingApns={null} mApnSetting={null} mReason=radioTurnedOff mDataEnabled=false mDependencyMet=true} dcac=null
02-20 19:32:42.160  1925  1925 D DCT     : [0]stopNetStatPoll
02-20 19:32:42.161  1925  1925 D DCT     : [0]cleanUpConnection: mDisconnectPendingCount = 0
02-20 19:32:42.161  1925  1925 D DCT     : [0]isDataAllowed: No - Not attached - SIM not loaded
02-20 19:32:42.167  1774  1774 I OpaLayout: Setting opa enabled to false
02-20 19:32:42.169  1774  1774 I OpaLayout: Setting opa enabled to false
02-20 19:32:42.176  1925  1925 D DCT     : [0]onDataConnectionDetached: stop polling and notify detached
02-20 19:32:42.176  1925  1925 D DCT     : [0]stopNetStatPoll
02-20 19:32:42.176  1925  1925 D DCT     : [0]notifyDataConnection: reason=dataDetached
02-20 19:32:42.176  1925  1925 D DCT     : [0]isDataAllowed: No - Not attached - SIM not loaded
02-20 19:32:42.213  1925  1925 D DCT     : [0]onRoamingOff
02-20 19:32:42.213  1925  1925 D DCT     : [0]isDataAllowed: No - Not attached - SIM not loaded
02-20 19:32:42.215  1774  1774 W System  : ClassLoader referenced unknown path: 
02-20 19:32:42.215  1774  1774 W System  : ClassLoader referenced unknown path: /system/priv-app/Dialer/lib/x86_64
02-20 19:32:42.216  1774  1774 D ApplicationLoaders: ignored Vulkan layer search path /system/priv-app/Dialer/lib/x86_64:/system/lib64:/vendor/lib64 for namespace 0x77b6420070f0
02-20 19:32:42.217  1676  1746 E ActivityThread: Failed to find provider info for com.android.calendar
02-20 19:32:42.218  1676  1746 E ActivityThread: Failed to find provider info for com.android.calendar
02-20 19:32:42.224  1925  1925 D DCT     : [0]setupDataOnConnectableApns: roamingOff hipri:[state=IDLE,enabled=false] mms:[state=IDLE,enabled=false] supl:[state=IDLE,enabled=false] ia:[state=IDLE,enabled=false] fota:[state=IDLE,enabled=false] ims:[state=IDLE,enabled=false] cbs:[state=IDLE,enabled=false] default:[state=IDLE,enabled=false] emergency:[state=IDLE,enabled=false] 
02-20 19:32:42.224  1925  1925 D DCT     : [0]setupDataOnConnectableApns: nwTypeChanged hipri:[state=IDLE,enabled=false] mms:[state=IDLE,enabled=false] supl:[state=IDLE,enabled=false] ia:[state=IDLE,enabled=false] fota:[state=IDLE,enabled=false] ims:[state=IDLE,enabled=false] cbs:[state=IDLE,enabled=false] default:[state=IDLE,enabled=false] emergency:[state=IDLE,enabled=false] 
02-20 19:32:42.224  1925  1925 D PhoneSwitcherNetworkRequstListener: got request NetworkRequest [ REQUEST id=1, [ Capabilities: INTERNET&NOT_RESTRICTED&TRUSTED&NOT_VPN] ] with score 0
02-20 19:32:42.224  1925  1925 D TelephonyNetworkFactory[0]: onSubIdChange -1->-2
02-20 19:32:42.224  1925  1925 D TelephonyNetworkFactory[0]: got request NetworkRequest [ REQUEST id=1, [ Capabilities: INTERNET&NOT_RESTRICTED&TRUSTED&NOT_VPN] ] with score 0
02-20 19:32:42.225  1925  1925 D DebugService: DebugService DebugService:
02-20 19:32:42.225  1925  1925 D TelephonyDebugService: TelephonyDebugService()
02-20 19:32:42.226  1925  1925 D DCT     : [0]NETWORK_STATE_CHANGED_ACTION: mIsWifiConnected=false
02-20 19:32:42.226  1925  1925 D DCT     : [0]Wifi state changed
02-20 19:32:42.226  1925  1925 D DCT     : [0]WIFI_STATE_CHANGED_ACTION: enabled=true mIsWifiConnected=false
02-20 19:32:42.226  1925  1925 D SubscriptionInfoUpdater: [Receiver]+
02-20 19:32:42.226  1925  1925 D SubscriptionInfoUpdater: Action: android.intent.action.SIM_STATE_CHANGED
02-20 19:32:42.226  1925  1925 D SubscriptionInfoUpdater: slotId: 0
02-20 19:32:42.226  1925  1925 D SubscriptionInfoUpdater: simStatus: NOT_READY
02-20 19:32:42.226  1925  1925 D SubscriptionInfoUpdater: Ignoring simStatus: NOT_READY
02-20 19:32:42.226  1925  1925 D SubscriptionInfoUpdater: [Receiver]-
02-20 19:32:42.226  1925  1925 D CarrierConfigLoader: mHandler: 12 phoneId: 0
02-20 19:32:42.228  1925  1925 D RILJ    : [3671]> RIL_REQUEST_QUERY_TTY_MODE [SUB0]
02-20 19:32:42.238  1925  1925 D UiccController: Received EVENT_GET_ICC_STATUS_DONE
02-20 19:32:42.238  1925  1925 D UiccCard: 2 applications
02-20 19:32:42.239  1373  1468 D RIL     : onRequest: QUERY_TTY_MODE
02-20 19:32:42.239  1373  1468 D RIL     : Request not supported. Tech: 1
02-20 19:32:42.239  1925  2019 D RilRequest: [3671]< RIL_REQUEST_QUERY_TTY_MODE error: com.android.internal.telephony.CommandException: REQUEST_NOT_SUPPORTED ret=
02-20 19:32:42.241  1925  1925 D UiccCardApplication: Creating UiccApp: {APPTYPE_SIM,APPSTATE_DETECTED}
02-20 19:32:42.244  1925  1925 W VoiceMailConstants: Can't open /system/etc/voicemail-conf.xml
02-20 19:32:42.244  1925  1925 D SpnOverride: No SPN in OEM image = /oem/telephony/spn-conf.xml Load SPN from system image
02-20 19:32:42.245  1925  1925 W SpnOverride: Can not open /system/etc/spn-conf.xml
02-20 19:32:42.245  1925  1925 D SIMRecords: [SIMRecords] setting0 mMncLength-1
02-20 19:32:42.245  1925  1925 D SIMRecords: [SIMRecords] SIMRecords: onRadioOffOrNotAvailable set 'gsm.sim.operator.numeric' to operator=null
02-20 19:32:42.245  1925  1925 D SIMRecords: [SIMRecords] update icc_operator_numeric=null
02-20 19:32:42.245  1925  1925 D TelephonyManager: setTelephonyProperty: success phoneId=0 property=gsm.sim.operator.numeric value:  propVal=
02-20 19:32:42.245  1925  1925 D TelephonyManager: setTelephonyProperty: success phoneId=0 property=gsm.sim.operator.alpha value:  propVal=
02-20 19:32:42.245  1925  1925 D TelephonyManager: setTelephonyProperty: success phoneId=0 property=gsm.sim.operator.iso-country value:  propVal=
02-20 19:32:42.246  1925  1925 D SIMRecords: [SIMRecords] getOperatorNumeric: IMSI == null
02-20 19:32:42.246  1925  1925 D SIMRecords: [SIMRecords] SIMRecords X ctor this=SimRecords: mDestroyed=false mContext=com.android.phone.PhoneGlobals@fb11673 mCi=com.android.internal.telephony.RIL@805a6cd mFh=Handler (com.android.internal.telephony.uicc.SIMFileHandler) {32fc930} mParentApp=com.android.internal.telephony.uicc.UiccCardApplication@5c579a9 recordsLoadedRegistrants=android.os.RegistrantList@1dc7b2e mImsiReadyRegistrants=android.os.RegistrantList@bfca6cf mRecordsEventsRegistrants=android.os.RegistrantList@880485c mNewSmsRegistrants=android.os.RegistrantList@7d30765 mNetworkSelectionModeAutomaticRegistrants=android.os.RegistrantList@e391c3a recordsToLoad=0 adnCache=Handler (com.android.internal.telephony.uicc.AdnRecordCache) {3c6e0eb} recordsRequested=false iccid=null msisdnTag=null voiceMailNum=null voiceMailTag=null voiceMailNum=null newVoiceMailTag=null isVoiceMailFixed=false mImsi=null mncLength=-1 mailboxIndex=0 spn=null mVmConfigcom.android.internal.telephony.uicc.VoiceMailConstants@4f78e48 mSpnOverride=mSpnOverride callForwardingEnabled=0 spnState=null mCphsInfo=null mCspPlmnEnabled=true efMWIS=null efCPHS_MWI=null mEfCff=null mEfCfis=null getOperatorNumeric=null
02-20 19:32:42.258  1925  1925 D UiccCardApplication: Creating UiccApp: {APPTYPE_RUIM,APPSTATE_DETECTED}
02-20 19:32:42.258  2043  2043 W System  : ClassLoader referenced unknown path: /system/priv-app/CellBroadcastReceiver/lib/x86_64
02-20 19:32:42.258  1925  1925 D RuimRecords: [RuimRecords] setting0 mMncLength-1
02-20 19:32:42.258  1925  1925 D RuimRecords: [RuimRecords] RuimRecords X ctor this=RuimRecords: mDestroyed=false mContext=com.android.phone.PhoneGlobals@fb11673 mCi=com.android.internal.telephony.RIL@805a6cd mFh=Handler (com.android.internal.telephony.uicc.RuimFileHandler) {28cc206} mParentApp=com.android.internal.telephony.uicc.UiccCardApplication@fb0a0c7 recordsLoadedRegistrants=android.os.RegistrantList@1b46f4 mImsiReadyRegistrants=android.os.RegistrantList@ff3be1d mRecordsEventsRegistrants=android.os.RegistrantList@622f892 mNewSmsRegistrants=android.os.RegistrantList@78c8263 mNetworkSelectionModeAutomaticRegistrants=android.os.RegistrantList@21fde60 recordsToLoad=0 adnCache=Handler (com.android.internal.telephony.uicc.AdnRecordCache) {b931f19} recordsRequested=false iccid=null msisdnTag=null voiceMailNum=null voiceMailTag=null voiceMailNum=null newVoiceMailTag=null isVoiceMailFixed=false mImsi=null mncLength=-1 mailboxIndex=0 spn=null m_ota_commitedfalse mMyMobileNumber=xxxx mMin2Min1=null mPrlVersion=null mEFpl=null mEFli=null mCsimSpnDisplayCondition=false mMdn=null mMin=null mHomeSystemId=null mHomeNetworkId=null
02-20 19:32:42.279  1925  1925 D CAT     : CatService: registerForRecordsLoaded slotid=0 instance:Handler (com.android.internal.telephony.cat.CatService) {23107ea}
02-20 19:32:42.279  1925  1925 D CAT     : CatService: Running CAT service on Slotid: 0. STK app installed:false
02-20 19:32:42.279  1925  1925 D UiccCard: Before privilege rules: null : CARDSTATE_PRESENT
02-20 19:32:42.282  1925  1925 D RILJ    : [3672]> RIL_REQUEST_SIM_OPEN_CHANNEL [SUB0]
02-20 19:32:42.284  1373  1468 D RIL     : onRequest: SIM_OPEN_CHANNEL
02-20 19:32:42.284  1373  1468 D AT      : AT> AT+CCHO=A00000015141434C00
02-20 19:32:42.284  1373  1470 D AT      : AT< 1
02-20 19:32:42.284  1373  1470 D AT      : AT< OK
02-20 19:32:42.286  1774  1774 E BluetoothAdapter: Bluetooth binder is null
02-20 19:32:42.289  1676  1789 D TelephonyRegistry: listen oscl: hasNotifySubscriptionInfoChangedOccurred==false no callback
02-20 19:32:42.298  1925  2019 D RILJ    : [3672]< RIL_REQUEST_SIM_OPEN_CHANNEL  [SUB0]
02-20 19:32:42.311  1925  1925 E UiccCard: App index 8 is invalid since there are no applications
02-20 19:32:42.311  1925  1925 D UiccCard: update: radioState=RADIO_ON mLastRadioState=RADIO_UNAVAILABLE
02-20 19:32:42.311  1925  1925 D UiccController: Notifying IccChangedRegistrants
02-20 19:32:42.320  1925  1925 D GsmCdmaPhone: get phone radio capability fail, no need to change mRadioCapability
02-20 19:32:42.320  1925  1925 D GsmCdmaPhone: EVENT_GET_RADIO_CAPABILITY: phone rc: null
02-20 19:32:42.320  1925  1925 D Phone   : config LCE service failed: com.android.internal.telephony.CommandException: RADIO_NOT_AVAILABLE
02-20 19:32:42.320  1925  1925 D SST     : mDeviceShuttingDown=false, mDesiredPowerState=true, getRadioState=RADIO_ON, mPowerOffDelayNeed=true, mAlarmSwitch=false, mRadioDisabledByCarrier=false
02-20 19:32:42.320  1925  1925 D RILJ    : [3673]> OPERATOR [SUB0]
02-20 19:32:42.323  1925  1925 D RILJ    : [3674]> DATA_REGISTRATION_STATE [SUB0]
02-20 19:32:42.323  1925  1925 D RILJ    : [3675]> VOICE_REGISTRATION_STATE [SUB0]
02-20 19:32:42.323  1373  1468 D RIL     : onRequest: OPERATOR
02-20 19:32:42.323  1373  1468 D AT      : AT> AT+COPS=3,0;+COPS?;+COPS=3,1;+COPS?;+COPS=3,2;+COPS?
02-20 19:32:42.323  1925  1925 D RILJ    : [3676]> QUERY_NETWORK_SELECTION_MODE [SUB0]
02-20 19:32:42.324  1373  1470 D AT      : AT< +COPS: 0,0,"Android"
02-20 19:32:42.324  1373  1470 D AT      : AT< +COPS: 0,1,"Android"
02-20 19:32:42.324  1373  1470 D AT      : AT< +COPS: 0,2,"310260"
02-20 19:32:42.324  1373  1470 D AT      : AT< OK
02-20 19:32:42.324  1925  1925 D RILJ    : [3677]> GET_CURRENT_CALLS [SUB0]
02-20 19:32:42.324  1373  1468 D RIL     : onRequest: DATA_REGISTRATION_STATE
02-20 19:32:42.324  1373  1468 D RIL     : requestRegistrationState
02-20 19:32:42.325  1373  1468 D AT      : AT> AT+CGREG?
02-20 19:32:42.326  1925  2019 D RILJ    : [3673]< OPERATOR {Android, Android, 310260} [SUB0]
02-20 19:32:42.326  1925  1925 D RILJ    : [3678]> RIL_REQUEST_IMS_REGISTRATION_STATE [SUB0]
02-20 19:32:42.326  1373  1470 D AT      : AT< +CGREG: 1,1,"0003","005b","000e"
02-20 19:32:42.326  1373  1470 D AT      : AT< OK
02-20 19:32:42.326  1373  1468 D RIL     : parseRegistrationState. Parsing: +CGREG: 1,1,"0003","005b","000e"
02-20 19:32:42.326  1373  1468 D RIL     : registration state type: 3GPP
02-20 19:32:42.326  1373  1468 D RIL     : onRequest: VOICE_REGISTRATION_STATE
02-20 19:32:42.326  1373  1468 D RIL     : requestRegistrationState
02-20 19:32:42.326  1373  1468 D AT      : AT> AT+CREG?
02-20 19:32:42.326  1925  1925 D RILJ    : [3679]> RIL_REQUEST_CDMA_GET_SUBSCRIPTION_SOURCE [SUB0]
02-20 19:32:42.326  1925  2019 D RILJ    : [3674]< DATA_REGISTRATION_STATE {1, 3, 5b, 14, null, null} [SUB0]
02-20 19:32:42.326  1373  1470 D AT      : AT< +CREG: 2,1, "0003", "005b"
02-20 19:32:42.326  1373  1470 D AT      : AT< OK
02-20 19:32:42.326  1373  1468 D RIL     : parseRegistrationState. Parsing: +CREG: 2,1, "0003", "005b"
02-20 19:32:42.326  1373  1468 D RIL     : registration state type: 3GPP
02-20 19:32:42.326  1373  1468 D RIL     : onRequest: QUERY_NETWORK_SELECTION_MODE
02-20 19:32:42.326  1373  1468 D AT      : AT> AT+COPS?
02-20 19:32:42.326  1925  1925 D GsmCdmaPhone: [GsmCdmaPhone] Event EVENT_RADIO_ON Received
02-20 19:32:42.326  1925  1925 D RILJ    : [3680]> RIL_REQUEST_VOICE_RADIO_TECH [SUB0]
02-20 19:32:42.326  1925  2019 D RILJ    : [3675]< VOICE_REGISTRATION_STATE {1, 3, 5b, 0, null, null, null, null, null, null, null, null, null, null, null} [SUB0]
02-20 19:32:42.326  1373  1470 D AT      : AT< +COPS: 0,2,310260
02-20 19:32:42.326  1373  1470 D AT      : AT< OK
02-20 19:32:42.326  1373  1468 D RIL     : onRequest: GET_CURRENT_CALLS
02-20 19:32:42.326  1373  1468 D AT      : AT> AT+CLCC
02-20 19:32:42.326  1925  1925 D UiccController: Received EVENT_ICC_STATUS_CHANGED, calling getIccCardStatus
02-20 19:32:42.326  1925  1925 D RILJ    : [3681]> GET_SIM_STATUS [SUB0]
02-20 19:32:42.327  1925  2019 D RILJ    : [3676]< QUERY_NETWORK_SELECTION_MODE {0} [SUB0]
02-20 19:32:42.327  1373  1470 D AT      : AT< OK
02-20 19:32:42.327  1373  1468 D RIL     : onRequest: IMS_REGISTRATION_STATE
02-20 19:32:42.327  1373  1468 D RIL     : IMS_REGISTRATION=0, format=1 
02-20 19:32:42.327  1925  1925 D SST     : EVENT_POLL_STATE_NETWORK_SELECTION_MODE
02-20 19:32:42.327  1373  1468 D RIL     : onRequest: CDMA_GET_SUBSCRIPTION_SOURCE
02-20 19:32:42.327  1373  1468 D RIL     : Request not supported. Tech: 1
02-20 19:32:42.327  1373  1468 D RIL     : onRequest: VOICE_RADIO_TECH
02-20 19:32:42.327  1373  1468 D RIL     : onRequest: GET_SIM_STATUS
02-20 19:32:42.327  1373  1468 D RIL     : getSIMStatus(). sState: 10
02-20 19:32:42.327  1373  1468 D AT      : AT> AT+CPIN?
02-20 19:32:42.327  1925  2019 D RILJ    : [3677]< GET_CURRENT_CALLS {} [SUB0]
02-20 19:32:42.327  1925  1925 D SST     : EVENT_POLL_STATE_NETWORK_SELECTION_MODE
02-20 19:32:42.327  1925  2019 D RILJ    : [3678]< RIL_REQUEST_IMS_REGISTRATION_STATE {0, 1} [SUB0]
02-20 19:32:42.327  1925  2019 D RilRequest: [3679]< RIL_REQUEST_CDMA_GET_SUBSCRIPTION_SOURCE error: com.android.internal.telephony.CommandException: REQUEST_NOT_SUPPORTED ret=
02-20 19:32:42.327  1925  2019 D RILJ    : [3680]< RIL_REQUEST_VOICE_RADIO_TECH {11} [SUB0]
02-20 19:32:42.327  1373  1470 D AT      : AT< +CPIN: READY
02-20 19:32:42.327  1373  1470 D AT      : AT< OK
02-20 19:32:42.327  1925  2019 D RILJ    : [3681]< GET_SIM_STATUS IccCardState {CARDSTATE_PRESENT,PINSTATE_UNKNOWN,num_apps=2,gsm_id=0{APPTYPE_SIM,APPSTATE_READY},cdma_id=1{APPTYPE_RUIM,APPSTATE_READY},ims_id=8} [SUB0]
02-20 19:32:42.328  1925  1925 D PhoneSwitcher: evaluating due to netRequest default 0->1 phone[0] 0->-2
02-20 19:32:42.328  1925  1925 D TelephonyNetworkFactory[0]: not acting - isApp=false, isAct=false NetworkRequest [ REQUEST id=1, [ Capabilities: INTERNET&NOT_RESTRICTED&TRUSTED&NOT_VPN] ]
02-20 19:32:42.328  1925  1925 D CAT     : CatService: handleMessage[8]
02-20 19:32:42.328  1925  1925 D CAT     : CatService: MSG_ID_ICC_CHANGED
02-20 19:32:42.328  1925  1925 D CAT     : CatService: New Card State = CARDSTATE_PRESENT Old Card State = CARDSTATE_ABSENT
02-20 19:32:42.328  1925  1925 D RILJ    : [3682]> RIL_REQUEST_REPORT_STK_SERVICE_IS_RUNNING [SUB0]
02-20 19:32:42.328  1373  1468 D RIL     : onRequest: REPORT_STK_SERVICE_IS_RUNNING
02-20 19:32:42.328  1373  1468 D RIL     : Request not supported. Tech: 1
02-20 19:32:42.329  1925  2019 D RilRequest: [3682]< RIL_REQUEST_REPORT_STK_SERVICE_IS_RUNNING error: com.android.internal.telephony.CommandException: REQUEST_NOT_SUPPORTED ret=
02-20 19:32:42.329  1925  1925 D GsmCdmaPhone: [GsmCdmaPhone] New Uicc application found. type = APPTYPE_SIM
02-20 19:32:42.330  1925  1925 D GsmSMSDispatcher: GsmSMSDispatcher: subId = -2 slotId = 0
02-20 19:32:42.330  1925  1925 D GsmSMSDispatcher: New Uicc application found
02-20 19:32:42.330  1925  1925 D IccCardProxy: Icc changed. Reregestering.
02-20 19:32:42.330  1925  1925 D SST     : New card found
02-20 19:32:42.330  1925  1925 D CAT     : CatService: handleMessage[8]
02-20 19:32:42.330  1925  1925 D CAT     : CatService: MSG_ID_ICC_CHANGED
02-20 19:32:42.330  1925  1925 D CAT     : CatService: New Card State = CARDSTATE_PRESENT Old Card State = CARDSTATE_PRESENT
02-20 19:32:42.330  1925  1925 E SST     : error parsing GprsRegistrationState: java.lang.NumberFormatException: null
02-20 19:32:42.332  1925  1925 D SST     : handlPollStateResultMessage: GsmSST setDataRegState=0 regState=1 dataRadioTechnology=14
02-20 19:32:42.332  1925  1925 D SST     : EVENT_POLL_STATE_NETWORK_SELECTION_MODE
02-20 19:32:42.335  1925  1925 D SST     : Poll ServiceState done:  oldSS=[1 1 voice home data home null null null null null null  Unknown Unknown CSS not supported 0 0 RoamInd=0 DefRoamInd=0 EmergOnly=false IsDataRoamingFromRegistration=false IsUsingCarrierAggregation=false] newSS=[0 0 voice home data home Android Android 310260 Android Android 310260  Unknown LTE CSS not supported -1 -1 RoamInd=-1 DefRoamInd=-1 EmergOnly=false IsDataRoamingFromRegistration=false IsUsingCarrierAggregation=false] oldMaxDataCalls=1 mNewMaxDataCalls=1 oldReasonDataDenied=-1 mNewReasonDataDenied=-1
02-20 19:32:42.335  1925  1925 I gsm_service_state_change: [1,1,0,0]
02-20 19:32:42.335  1925  1925 D TelephonyManager: setTelephonyProperty: success phoneId=0 property=gsm.network.type value: LTE propVal=LTE
02-20 19:32:42.336  1925  1925 D SST     : pollStateDone: registering current mNitzUpdatedTime=true changing to false
02-20 19:32:42.336  1925  1925 D SIMRecords: [SIMRecords] getServiceProviderName: no brandOverride, providerName=null
02-20 19:32:42.336  1925  1925 D SIMRecords: [SIMRecords] getServiceProviderName: no brandOverride, providerName=null
02-20 19:32:42.336  1925  1925 D SST     : updateSpnDisplay: changed sending intent rule=2 showPlmn='true' plmn='Android' showSpn='false' spn='null' dataSpn='null' subId='-2'
02-20 19:32:42.336  1774  1774 I CameraManagerGlobal: Connecting to camera service
02-20 19:32:42.337  1925  1925 D SubscriptionController: [setPlmnSpn] No valid subscription to store info
02-20 19:32:42.337  1925  1925 D SubscriptionController: notifySubscriptionInfoChanged:
02-20 19:32:42.337  1676  1687 D TelephonyRegistry: notifySubscriptionInfoChanged: first invocation mRecords.size=17
02-20 19:32:42.338  1676  1676 I GnssLocationProvider: WakeLock acquired by sendMessage(12, 0, null)
02-20 19:32:42.339  1925  1925 D TelephonyManager: setTelephonyProperty: success phoneId=0 property=gsm.operator.alpha value: Android propVal=Android
02-20 19:32:42.339  1925  1925 D TelephonyManager: setTelephonyProperty: success phoneId=0 property=gsm.operator.numeric value: 310260 propVal=310260
02-20 19:32:42.339  1925  1925 D SST     : update mccmnc=310260 fromServiceState=true
02-20 19:32:42.339  1364  1364 V EmulatedCamera_Camera: getCameraInfo
02-20 19:32:42.339  1364  1364 V EmulatedCamera_BaseCamera: getCameraInfo
02-20 19:32:42.340  1364  1364 I CameraService: getCameraCharacteristics: Switching to HAL1 shim implementation...
02-20 19:32:42.340  1364  1364 V EmulatedCamera_Camera: getCameraInfo
02-20 19:32:42.340  1364  1364 V EmulatedCamera_BaseCamera: getCameraInfo
02-20 19:32:42.340  1364  1364 I CameraService: CameraService::connect call (PID -1 "cameraserver", camera ID 0) for HAL version default and Camera API version 1
02-20 19:32:42.340  1364  1364 E CameraService: getCameraPriorityFromProcState: Received invalid process state -1 from ActivityManagerService!
02-20 19:32:42.340  1364  1364 V EmulatedCamera_Camera: getCameraInfo
02-20 19:32:42.340  1925  1925 D MccTable: updateMccMncConfiguration mccmnc='310260' fromServiceState=true
02-20 19:32:42.340  1364  1364 V EmulatedCamera_BaseCamera: getCameraInfo
02-20 19:32:42.341  1925  1925 D SubscriptionController: [getPhoneId]- no sims, returning default phoneId=2147483647
02-20 19:32:42.342  1925  1925 D MccTable: updateMccMncConfiguration defaultMccMnc=
02-20 19:32:42.342  1925  1925 D MccTable: updateMccMncConfiguration: mcc=310, mnc=260
02-20 19:32:42.342  1925  1925 D MccTable: WIFI_COUNTRY_CODE set to us
02-20 19:32:42.343  1925  1937 D SubscriptionController: [getActiveSubInfoList] Sub Controller not ready
02-20 19:32:42.343  1371  2070 E WVMExtractor: Failed to open libwvm.so: dlopen failed: library "libwvm.so" not found
02-20 19:32:42.344  1676  1858 I WifiService: WifiService trying to set country code to us with persist set to false
02-20 19:32:42.345  1676  1858 D WifiCountryCode: Succeeded to set country code to: US
02-20 19:32:42.345  1925  1938 D SubscriptionController: [getActiveSubInfoList] Sub Controller not ready
02-20 19:32:42.345  1925  1925 D TelephonyManager: setTelephonyProperty: success phoneId=0 property=gsm.operator.iso-country value: us propVal=us
02-20 19:32:42.364  1925  1925 D SST     : pollStateDone: there are 6 unique offsets for iso-cc='us testOneUniqueOffsetPath=false', do nothing
02-20 19:32:42.364  1925  1925 D SST     : shouldFixTimeZoneNow: retVal=true iccCardExist=true operatorNumeric=310260 mcc=310 prevOperatorNumeric= prevMcc=311 needToFixTimeZone=false ltod=02-20 19:32:42.364
02-20 19:32:42.364  1925  1925 D SST     : fixTimeZone zoneName='GMT' mZoneOffset=0 mZoneDst=false iso-cc='us' iso-cc-idx=-21
02-20 19:32:42.364  1925  1925 D SST     : fixTimeZone: using default TimeZone
