02-20 21:08:55.817  1922  1922 D SIMRecords: [SIMRecords] onRecordLoaded 11 requested: true
02-20 21:08:55.821  1922  1922 D SubscriptionInfoUpdater: [Receiver]+
02-20 21:08:55.821  1922  1922 D SubscriptionInfoUpdater: Action: android.intent.action.SIM_STATE_CHANGED
02-20 21:08:55.821  1922  1922 D SubscriptionInfoUpdater: slotId: 0
02-20 21:08:55.821  1922  1922 D SubscriptionInfoUpdater: simStatus: IMSI
02-20 21:08:55.821  1922  1922 D SubscriptionInfoUpdater: Ignoring simStatus: IMSI
02-20 21:08:55.821  1922  1922 D SubscriptionInfoUpdater: [Receiver]-
02-20 21:08:55.821  1922  1922 D RuimRecords: [RuimRecords] EF_PL LOADED
02-20 21:08:55.821  1922  1922 E RuimRecords: [RuimRecords] Record Load Exception: com.android.internal.telephony.CommandException: GENERIC_FAILURE
02-20 21:08:55.821  1922  1922 D RuimRecords: [RuimRecords] onRecordLoaded 8 requested: true
02-20 21:08:55.821  1922  1922 D RuimRecords: [RuimRecords] EF_CSIM_LI LOADED
02-20 21:08:55.821  1922  1922 E RuimRecords: [RuimRecords] Record Load Exception: com.android.internal.telephony.CommandException: GENERIC_FAILURE
02-20 21:08:55.821  1922  1922 D RuimRecords: [RuimRecords] onRecordLoaded 7 requested: true
02-20 21:08:55.821  1922  1922 D RILJ    : [3733]> iccIO: SIM_IO 0xb0 0x6f14  path: 3F007F20,0,0,20 aid: null [SUB0]
02-20 21:08:55.822  1364  2080 V EmulatedCamera_Camera: getCameraInfo
02-20 21:08:55.822  1364  2080 V EmulatedCamera_BaseCamera: getCameraInfo
02-20 21:08:55.822  1373  1486 D RIL     : onRequest: SIM_IO
02-20 21:08:55.822  1373  1486 D AT      : AT> AT+CRSM=176,28436,0,0,20
02-20 21:08:55.822  1373  1489 D AT      : AT< +CRSM: 144,0,416e64726f6964ffffffffffffffffffffffffff
02-20 21:08:55.822  1373  1489 D AT      : AT< OK
02-20 21:08:55.822  1922  2014 D RILJ    : [3733]< SIM_IO IccIoResponse sw1:0x90 sw2:0x0 [SUB0]
02-20 21:08:55.822  1364  1707 V EmulatedCamera_Camera: getCameraInfo
02-20 21:08:55.822  1364  1707 V EmulatedCamera_BaseCamera: getCameraInfo
02-20 21:08:55.823  1922  1922 D RuimRecords: [RuimRecords] EF_CSIM_SPN LOADED
02-20 21:08:55.823  1922  1922 E RuimRecords: [RuimRecords] Record Load Exception: com.android.internal.telephony.CommandException: GENERIC_FAILURE
02-20 21:08:55.823  1922  1922 D RuimRecords: [RuimRecords] onRecordLoaded 6 requested: true
02-20 21:08:55.823  1922  1922 D RuimRecords: [RuimRecords] EF_CSIM_MDN LOADED
02-20 21:08:55.823  1922  1922 E RuimRecords: [RuimRecords] Record Load Exception: com.android.internal.telephony.CommandException: GENERIC_FAILURE
02-20 21:08:55.823  1922  1922 D RuimRecords: [RuimRecords] onRecordLoaded 5 requested: true
02-20 21:08:55.823  1922  1922 D RuimRecords: [RuimRecords] EF_CSIM_IMSIM LOADED
02-20 21:08:55.823  1922  1922 E RuimRecords: [RuimRecords] Record Load Exception: com.android.internal.telephony.CommandException: GENERIC_FAILURE
02-20 21:08:55.823  1922  1922 D RuimRecords: [RuimRecords] onRecordLoaded 4 requested: true
02-20 21:08:55.823  1922  1922 D RuimRecords: [RuimRecords] EF_CSIM_CDMAHOME LOADED
02-20 21:08:55.823  1922  1922 E RuimRecords: [RuimRecords] Record Load Exception: com.android.internal.telephony.CommandException: GENERIC_FAILURE
02-20 21:08:55.823  1922  1922 D RuimRecords: [RuimRecords] onRecordLoaded 3 requested: true
02-20 21:08:55.823  1922  1922 D RuimRecords: [RuimRecords] EF_CSIM_EPRL LOADED
02-20 21:08:55.823  1922  1922 E RuimRecords: [RuimRecords] Record Load Exception: com.android.internal.telephony.CommandException: GENERIC_FAILURE
02-20 21:08:55.823  1922  1922 D RuimRecords: [RuimRecords] onRecordLoaded 2 requested: true
02-20 21:08:55.823  1922  1922 D RuimRecords: [RuimRecords] EF_CSIM_MIPUPP LOADED
02-20 21:08:55.823  1922  1922 E RuimRecords: [RuimRecords] Record Load Exception: com.android.internal.telephony.CommandException: GENERIC_FAILURE
02-20 21:08:55.823  1922  1922 D RuimRecords: [RuimRecords] onRecordLoaded 1 requested: true
02-20 21:08:55.823  1922  1922 D SIMRecords: [SIMRecords] iccid: 89014103211118510720
02-20 21:08:55.823  1922  1922 D SIMRecords: [SIMRecords] onRecordLoaded 10 requested: true
02-20 21:08:55.847  1922  1922 D SIMRecords: [SIMRecords] EF_MBI: 01000000
02-20 21:08:55.848  1922  1922 D SIMRecords: [SIMRecords] Got valid mailbox number for MBDN
02-20 21:08:55.848  1922  1922 D RILJ    : [3734]> iccIO: SIM_IO 0xc0 0x6fc7  path: 3F007F20,0,0,15 aid: null [SUB0]
02-20 21:08:55.861  1373  1486 D RIL     : onRequest: SIM_IO
02-20 21:08:55.861  1373  1486 D AT      : AT> AT+CRSM=192,28615,0,0,15
02-20 21:08:55.861  1373  1489 D AT      : AT< +CRSM: 144,0,000000406fc7040011a0aa01020120
02-20 21:08:55.861  1373  1489 D AT      : AT< OK
02-20 21:08:55.862  1922  2014 D RILJ    : [3734]< SIM_IO IccIoResponse sw1:0x90 sw2:0x0 [SUB0]
02-20 21:08:55.862  1922  1922 D SIMRecords: [SIMRecords] onRecordLoaded 10 requested: true
02-20 21:08:55.862  1922  1922 D SIMRecords: [SIMRecords] EF_AD: 00000003
02-20 21:08:55.862  1922  1922 D SIMRecords: [SIMRecords] setting4 mMncLength=3
02-20 21:08:55.862  1922  1922 D SIMRecords: [SIMRecords] update mccmnc=310260
02-20 21:08:55.862  1922  1922 D MccTable: updateMccMncConfiguration mccmnc='310260' fromServiceState=false
02-20 21:08:55.869  1922  1922 D SubscriptionController: [getPhoneId]- no sims, returning default phoneId=2147483647
02-20 21:08:55.870  1922  1922 D MccTable: updateMccMncConfiguration defaultMccMnc=
02-20 21:08:55.870  1922  1922 D MccTable: updateMccMncConfiguration: mcc=310, mnc=260
02-20 21:08:55.870  1922  1922 D MccTable: updateMccMncConfiguration updateConfig config={1.0 310mcc260mnc ?localeList ?layoutDir ?swdp ?wdp ?hdp ?density ?lsize ?long ?orien ?uimode ?night ?touch ?keyb/?/? ?nav/?}
02-20 21:08:55.870  1676  1688 I configuration_changed: 3
02-20 21:08:55.870  1676  1688 I ActivityManager: Config changes=3 {1.0 310mcc260mnc [en_US] ldltr sw360dp w360dp h668dp 640dpi nrml long port finger -keyb/v/h -nav/h s.5}
02-20 21:08:55.903  1922  1941 D SubscriptionController: [getSlotId]- subId invalid
02-20 21:08:55.908  2062  2062 W System  : ClassLoader referenced unknown path: /system/app/PrebuiltDeskClockGoogle/lib/x86_64
02-20 21:08:55.911  1676  1688 I am_relaunch_resume_activity: [0,97134395,1,com.android.settings/.FallbackHome]
02-20 21:08:55.911  1932  1932 I am_on_paused_called: [0,com.android.settings.FallbackHome,handleRelaunchActivity]
02-20 21:08:55.912  1922  1922 D SIMRecords: [SIMRecords] onRecordLoaded 9 requested: true
02-20 21:08:55.912  1922  1922 D SIMRecords: [SIMRecords] EF_MWIS : 0000000000
02-20 21:08:55.912  1922  1922 D SIMRecords: [SIMRecords] onRecordLoaded 8 requested: true
02-20 21:08:55.912  1922  1922 D SIMRecords: [SIMRecords] EF_CPHS_MWI: 55
02-20 21:08:55.912  1922  1922 D SIMRecords: [SIMRecords] onRecordLoaded 7 requested: true
02-20 21:08:55.912  1922  1922 D SIMRecords: [SIMRecords] EF_CFF_CPHS: 55
02-20 21:08:55.912  1922  1922 D SIMRecords: [SIMRecords] onRecordLoaded 6 requested: true
02-20 21:08:55.912  1922  1922 D SIMRecords: [SIMRecords] onRecordLoaded 5 requested: true
02-20 21:08:55.912  1922  1922 D SIMRecords: [SIMRecords] SST: UsimServiceTable[120]={ PHONEBOOK, FDN, FDN_EXTENSION, SDN, SDN_EXTENSION, BDN, BDN_EXTENSION, OUTGOING_CALL_INFO, ADVICE_OF_CHARGE, CAP_CONFIG_PARAMS_2, GROUP_ID_LEVEL_1, GROUP_ID_LEVEL_2, SPN, USER_PLMN_SELECT, MSISDN, IMAGE, LOCALISED_SERVICE_AREAS, EMLPP, EMLPP_AUTO_ANSWER, RFU, GSM_ACCESS, DATA_DL_VIA_SMS_PP, DATA_DL_VIA_SMS_CB, CALL_CONTROL_BY_USIM, MO_SMS_CONTROL_BY_USIM, RUN_AT_COMMAND, APN_CONTROL_LIST, DEPERSONALISATION_CONTROL_KEYS, COOPERATIVE_NETWORK_LIST, GSM_SECURITY_CONTEXT, SERVICE_PROVIDER_DISPLAY_INFO, MMS_NOTIFICATION, MMS_NOTIFICATION_EXTENSION, GPRS_CALL_CONTROL_BY_USIM, VGCS_GROUP_ID_LIST, VBS_GROUP_ID_LIST, OMA_BCAST_PROFILE, GBA_LOCAL_KEY_ESTABLISHMENT, #101, #102, #103, #104, #105, #106, #107, #108, #109, #110 }
02-20 21:08:55.912  1922  1922 D SIMRecords: [SIMRecords] onRecordLoaded 4 requested: true
02-20 21:08:55.912  1922  1922 D SIMRecords: [SIMRecords] iCPHS: 0233
02-20 21:08:55.912  1922  1922 D SIMRecords: [SIMRecords] onRecordLoaded 3 requested: true
02-20 21:08:55.912  1922  1922 D RuimRecords: [RuimRecords] iccid: 89014103211118510720
02-20 21:08:55.912  1922  1922 D RuimRecords: [RuimRecords] onRecordLoaded 0 requested: true
02-20 21:08:55.912  1922  1922 D RuimRecords: [RuimRecords] record load complete
02-20 21:08:55.912  1922  1922 D SIMRecords: [SIMRecords] MSISDN: [t-WgLegCyIMgfHgPkOdM6pkZbpA]
02-20 21:08:55.912  1922  1922 D SIMRecords: [SIMRecords] onRecordLoaded 2 requested: true
02-20 21:08:55.912  1922  1922 D RILJ    : [3735]> iccIO: SIM_IO 0xb2 0x6fc7  path: 3F007F20,1,4,32 aid: null [SUB0]
02-20 21:08:55.915  1373  1486 D RIL     : onRequest: SIM_IO
02-20 21:08:55.915  1373  1486 D AT      : AT> AT+CRSM=178,28615,1,4,32
02-20 21:08:55.916  1932  1986 D EGL_emulation: eglMakeCurrent: 0x74b439179de0: ver 3 0 (tinfo 0x74b44369c7c0)
02-20 21:08:55.916  1373  1489 D AT      : AT< +CRSM: 144,0,566f6963656d61696cffffffffffffffffff07915155125740f9ffffffffffff
02-20 21:08:55.916  1373  1489 D AT      : AT< OK
02-20 21:08:55.923  1922  2014 D RILJ    : [3735]< SIM_IO IccIoResponse sw1:0x90 sw2:0x0 [SUB0]
02-20 21:08:55.924  1932  1932 I am_on_stop_called: [0,com.android.settings.FallbackHome,destroy]
02-20 21:08:55.924  1922  2067 D DCT     : [0]hasMatchedTetherApnSetting: APN=null
02-20 21:08:55.926  1765  1765 I StatusBar: isKeyguardShowing() called before startKeyguard(), returning true
02-20 21:08:55.927  1765  1765 W StatusBar: isKeyguardSecure() called before startKeyguard(), returning false
02-20 21:08:55.927  1765  1765 W StatusBar: java.lang.Throwable
02-20 21:08:55.927  1765  1765 W StatusBar: 	at com.android.systemui.statusbar.BaseStatusBar.isKeyguardSecure(BaseStatusBar.java:2647)
02-20 21:08:55.927  1765  1765 W StatusBar: 	at com.android.systemui.statusbar.BaseStatusBar.isCameraAllowedByAdmin(BaseStatusBar.java:2670)
02-20 21:08:55.927  1765  1765 W StatusBar: 	at com.android.systemui.statusbar.phone.KeyguardBottomAreaView.updateCameraVisibility(KeyguardBottomAreaView.java:309)
02-20 21:08:55.927  1765  1765 W StatusBar: 	at com.android.systemui.statusbar.phone.KeyguardBottomAreaView.setUserSetupComplete(KeyguardBottomAreaView.java:281)
02-20 21:08:55.927  1765  1765 W StatusBar: 	at com.android.systemui.statusbar.phone.PhoneStatusBar$1.onChange(PhoneStatusBar.java:441)
02-20 21:08:55.927  1765  1765 W StatusBar: 	at com.android.systemui.statusbar.phone.PhoneStatusBar.resetUserSetupObserver(PhoneStatusBar.java:3676)
02-20 21:08:55.927  1765  1765 W StatusBar: 	at com.android.systemui.statusbar.phone.PhoneStatusBar.makeStatusBarView(PhoneStatusBar.java:1008)
02-20 21:08:55.927  1765  1765 W StatusBar: 	at com.android.systemui.statusbar.phone.PhoneStatusBar.addStatusBarWindow(PhoneStatusBar.java:3432)
02-20 21:08:55.927  1765  1765 W StatusBar: 	at com.android.systemui.statusbar.phone.PhoneStatusBar.createAndAddWindows(PhoneStatusBar.java:3428)
02-20 21:08:55.927  1765  1765 W StatusBar: 	at com.android.systemui.statusbar.BaseStatusBar.start(BaseStatusBar.java:765)
02-20 21:08:55.927  1765  1765 W StatusBar: 	at com.android.systemui.statusbar.phone.PhoneStatusBar.start(PhoneStatusBar.java:686)
02-20 21:08:55.927  1765  1765 W StatusBar: 	at com.android.systemui.statusbar.SystemBars.createStatusBarFromConfig(SystemBars.java:106)
02-20 21:08:55.927  1765  1765 W StatusBar: 	at com.android.systemui.statusbar.SystemBars.onNoService(SystemBars.java:58)
02-20 21:08:55.927  1765  1765 W StatusBar: 	at com.android.systemui.statusbar.ServiceMonitor.startService(ServiceMonitor.java:230)
02-20 21:08:55.927  1765  1765 W StatusBar: 	at com.android.systemui.statusbar.ServiceMonitor.-wrap5(ServiceMonitor.java)
02-20 21:08:55.927  1765  1765 W StatusBar: 	at com.android.systemui.statusbar.ServiceMonitor$1.handleMessage(ServiceMonitor.java:73)
02-20 21:08:55.927  1765  1765 W StatusBar: 	at android.os.Handler.dispatchMessage(Handler.java:102)
02-20 21:08:55.927  1765  1765 W StatusBar: 	at android.os.Looper.loop(Looper.java:154)
02-20 21:08:55.927  1765  1765 W StatusBar: 	at android.app.ActivityThread.main(ActivityThread.java:6119)
02-20 21:08:55.927  1765  1765 W StatusBar: 	at java.lang.reflect.Method.invoke(Native Method)
02-20 21:08:55.927  1765  1765 W StatusBar: 	at com.android.internal.os.ZygoteInit$MethodAndArgsCaller.run(ZygoteInit.java:886)
02-20 21:08:55.927  1765  1765 W StatusBar: 	at com.android.internal.os.ZygoteInit.main(ZygoteInit.java:776)
02-20 21:08:55.930  1765  1978 D OpenGLRenderer: profile bars disabled
02-20 21:08:55.930  1765  1978 D OpenGLRenderer: ambientRatio = 1.50
02-20 21:08:55.930  1922  1922 D SIMRecords: [SIMRecords] getServiceProviderName: no brandOverride, providerName=Android
02-20 21:08:55.935  1765  1765 D PhoneStatusBar: disable: < EXPAND* icons alerts system_info BACK* HOME* RECENT* clock SEARCH* quick_settings >
02-20 21:08:55.938  1922  1922 D SIMRecords: [SIMRecords] Load EF_SPN_CPHS: Android
02-20 21:08:55.938  1922  1922 D TelephonyManager: setTelephonyProperty: success phoneId=0 property=gsm.sim.operator.alpha value: Android propVal=Android
02-20 21:08:55.938  1922  1922 D SIMRecords: [SIMRecords] onRecordLoaded 1 requested: true
02-20 21:08:55.941  1922  1922 D SIMRecords: [SIMRecords] VM: ADN Record 'Voicemail' '[-MWU1cAlDrkXUZ8dpHi_wU_YOpU] null' EF[MBDN]
02-20 21:08:55.948  1922  1922 D SIMRecords: [SIMRecords] onRecordLoaded 0 requested: true
02-20 21:08:55.948  1922  1922 D SIMRecords: [SIMRecords] record load complete
02-20 21:08:55.948  1922  1922 D SIMRecords: [SIMRecords] Not using EF LI/EF PL
02-20 21:08:55.948  1922  1922 D SIMRecords: [SIMRecords] EF_CFF: callForwardingEnabled=0
02-20 21:08:55.948  1922  1922 D SIMRecords: [SIMRecords] onAllRecordsLoaded set 'gsm.sim.operator.numeric' to operator='310260'
02-20 21:08:55.948  1922  1922 D SIMRecords: [SIMRecords] update icc_operator_numeric=310260
02-20 21:08:55.948  1922  1922 D TelephonyManager: setTelephonyProperty: success phoneId=0 property=gsm.sim.operator.numeric value: 310260 propVal=310260
02-20 21:08:55.949  1922  1922 D SubscriptionController: [setMccMnc]+ mcc/mnc:310/260 subId:-1
02-20 21:08:55.952  1932  1932 I am_on_resume_called: [0,com.android.settings.FallbackHome,handleRelaunchActivity]
02-20 21:08:55.958  1765  2089 D TelephonyManager: getSimState: default sim:-1, sim state for slotIdx=0 is 5, return state as unknown
02-20 21:08:55.962  1922  1922 D SubscriptionController: notifySubscriptionInfoChanged:
02-20 21:08:55.962  1676  1676 I GnssLocationProvider: WakeLock acquired by sendMessage(12, 0, null)
02-20 21:08:55.963  1922  1941 D SubscriptionController: [getActiveSubInfoList] Sub Controller not ready
02-20 21:08:55.964  1922  1922 D SIMRecords: [SIMRecords] onAllRecordsLoaded set mcc imsi
02-20 21:08:55.964  1922  1922 D TelephonyManager: setTelephonyProperty: success phoneId=0 property=gsm.sim.operator.iso-country value: us propVal=us
02-20 21:08:55.966  1922  1922 D SST     : SubscriptionListener.onSubscriptionInfoChanged
02-20 21:08:55.966  1922  1922 D SIMRecords: [SIMRecords]  VoiceMessageCount from SIM MWIS = 0
02-20 21:08:55.966  1922  1922 E Phone   : getStoredVoiceMessageCount: invalid subId -2
02-20 21:08:55.966  1922  1922 D GsmCdmaPhone: [GsmCdmaPhone] updateVoiceMail countVoiceMessages = 0 subId -2
02-20 21:08:55.966  1922  1922 E Phone   : setVoiceMessageCount in sharedPreference: invalid subId -2
02-20 21:08:55.966  1922  1922 D DCT     : [0]SubscriptionListener.onSubscriptionInfoChanged
02-20 21:08:55.966  1922  1922 D SubscriptionController: [getActiveSubInfoList] Sub Controller not ready
02-20 21:08:55.966  1922  1922 D SubscriptionController: [getActiveSubInfoList] Sub Controller not ready
02-20 21:08:55.966  1922  1922 I Telephony: PstnIncomingCallNotifier: Unregistering: Handler (com.android.internal.telephony.GsmCdmaPhone) {11ce28e}
02-20 21:08:55.966  1922  1922 E PhoneInterfaceManager: [PhoneIntfMgr] getIccId: No UICC
02-20 21:08:55.968  1676  1687 I Telecom : PhoneAccountRegistrar: [ComponentInfo{com.android.phone/com.android.services.telephony.TelephonyConnectionService}, [e0184adedf913b076626646d3f52c3b49c39ad6d], UserHandle{0}(addr: tel:*********** -> tel:)(icon: Icon(typ=BITMAP size=76x96) -> Icon(typ=BITMAP size=76x96))(subAddr: tel:*********** -> tel:)]: TSI.rPA@AAk
02-20 21:08:55.969  1676  1687 I Telecom : : Sending phone-account registered intent as user: TSI.rPA@AAk
02-20 21:08:55.972  1922  1922 I Telephony: AccountEntry: Registered phoneAccount: [[ ] PhoneAccount: ComponentInfo{com.android.phone/com.android.services.telephony.TelephonyConnectionService}, [e0184adedf913b076626646d3f52c3b49c39ad6d], UserHandle{0} Capabilities: CallProvider MultiUser PlaceEmerg SimSub  Schemes: tel voicemail  Extras: null GroupId: [da39a3ee5e6b4b0d3255bfef95601890afd80709]] with handle: ComponentInfo{com.android.phone/com.android.services.telephony.TelephonyConnectionService}, [e0184adedf913b076626646d3f52c3b49c39ad6d], UserHandle{0}
02-20 21:08:55.972  1922  1922 I Telephony: PstnIncomingCallNotifier: Registering: Handler (com.android.internal.telephony.GsmCdmaPhone) {11ce28e}
02-20 21:08:55.993  1922  1922 D CAT     : CatService: handleMessage[20]
02-20 21:08:55.993  1922  1922 D GsmCdmaPhone: [GsmCdmaPhone] updateCurrentCarrierInProvider: mSubId = -2 currentDds = 1 operatorNumeric = 310260
02-20 21:08:55.993  1922  1922 D IccCardProxy: operator=310260 mPhoneId=0
02-20 21:08:55.993  1922  1922 D TelephonyManager: setTelephonyProperty: success phoneId=0 property=gsm.sim.operator.numeric value: 310260 propVal=310260
02-20 21:08:55.994  1922  2067 D SubscriptionController: [getActiveSubInfoList] Sub Controller not ready
02-20 21:08:55.995  1922  1922 D TelephonyManager: setTelephonyProperty: success phoneId=0 property=gsm.sim.operator.iso-country value: us propVal=us
02-20 21:08:55.996  1922  1922 D IccCardProxy: Sending intent ACTION_INTERNAL_SIM_STATE_CHANGED for mPhoneId : 0
02-20 21:08:55.997  1922  1922 D SST     : EVENT_SIM_RECORDS_LOADED: what=16
02-20 21:08:55.997  1922  1922 D GsmCdmaPhone: [GsmCdmaPhone] updatePhoneObject: radioTechnology=0
02-20 21:08:55.997  1922  1922 D SST     : getOtasp: otasp not needed for GSM
02-20 21:08:55.997  1922  1922 D SST     : updateOtaspState: call notifyOtaspChanged old otaspMode=0 new otaspMode=3
02-20 21:08:55.997  1922  1922 D SIMRecords: [SIMRecords] getServiceProviderName: no brandOverride, providerName=Android
02-20 21:08:55.997  1922  1922 D SIMRecords: [SIMRecords] getServiceProviderName: no brandOverride, providerName=Android
02-20 21:08:55.998  1922  1922 D SST     : updateSpnDisplay: changed sending intent rule=1 showPlmn='false' plmn='Android' showSpn='true' spn='Android' dataSpn='Android' subId='-2'
02-20 21:08:56.001  1922  1922 D SubscriptionController: [setPlmnSpn] No valid subscription to store info
02-20 21:08:56.001  1922  1922 D SubscriptionController: notifySubscriptionInfoChanged:
02-20 21:08:56.003  1922  1922 E PhoneInterfaceManager: [PhoneIntfMgr] getIccId: No UICC
02-20 21:08:56.004  1676  1676 I GnssLocationProvider: WakeLock acquired by sendMessage(12, 0, null)
02-20 21:08:56.005  1922  1941 D SubscriptionController: [getActiveSubInfoList] Sub Controller not ready
02-20 21:08:56.006  1676  1944 I Telecom : PhoneAccountRegistrar: [ComponentInfo{com.android.phone/com.android.services.telephony.TelephonyConnectionService}, [e0184adedf913b076626646d3f52c3b49c39ad6d], UserHandle{0}(icon: Icon(typ=BITMAP size=76x96) -> Icon(typ=BITMAP size=76x96))]: TSI.rPA@AAw
02-20 21:08:56.008  1676  1944 I Telecom : : Sending phone-account registered intent as user: TSI.rPA@AAw
02-20 21:08:56.009  1922  1922 D SubscriptionInfoUpdater: [Receiver]+
02-20 21:08:56.009  1922  1922 D SubscriptionInfoUpdater: Action: android.intent.action.internal_sim_state_changed
02-20 21:08:56.009  1922  1922 D SubscriptionInfoUpdater: slotId: 0
02-20 21:08:56.009  1922  1922 D SubscriptionInfoUpdater: simStatus: LOADED
02-20 21:08:56.009  1922  1922 D SubscriptionInfoUpdater: [Receiver]-
02-20 21:08:56.009  1922  1922 D GsmCdmaPhone: [GsmCdmaPhone] phoneObjectUpdater: newVoiceRadioTech=0
02-20 21:08:56.010  1922  1922 D GsmCdmaPhone: [GsmCdmaPhone] phoneObjectUpdater: volteReplacementRat=0
02-20 21:08:56.010  1922  1922 E GsmCdmaPhone: [GsmCdmaPhone] phoneObjectUpdater: newVoiceRadioTech=0 doesn't match either CDMA or GSM - error! No phone change
02-20 21:08:56.010  1922  1922 D SST     : SubscriptionListener.onSubscriptionInfoChanged
02-20 21:08:56.010  1922  1922 D DCT     : [0]SubscriptionListener.onSubscriptionInfoChanged
02-20 21:08:56.010  1922  1922 D SubscriptionController: [getActiveSubInfoList] Sub Controller not ready
02-20 21:08:56.015  1922  1922 D SubscriptionController: [getActiveSubInfoList] Sub Controller not ready
02-20 21:08:56.017  1922  1922 I Telephony: PstnIncomingCallNotifier: Unregistering: Handler (com.android.internal.telephony.GsmCdmaPhone) {11ce28e}
02-20 21:08:56.017  1922  1922 E PhoneInterfaceManager: [PhoneIntfMgr] getIccId: No UICC
02-20 21:08:56.017  1922  2090 D SubscriptionController: [getActiveSubInfoList] Sub Controller not ready
02-20 21:08:56.020  1676  1793 I Telecom : PhoneAccountRegistrar: [ComponentInfo{com.android.phone/com.android.services.telephony.TelephonyConnectionService}, [e0184adedf913b076626646d3f52c3b49c39ad6d], UserHandle{0}(icon: Icon(typ=BITMAP size=76x96) -> Icon(typ=BITMAP size=76x96))]: TSI.rPA@AA4
02-20 21:08:56.023  1676  1793 I Telecom : : Sending phone-account registered intent as user: TSI.rPA@AA4
02-20 21:08:56.023  1922  1922 I Telephony: AccountEntry: Registered phoneAccount: [[ ] PhoneAccount: ComponentInfo{com.android.phone/com.android.services.telephony.TelephonyConnectionService}, [e0184adedf913b076626646d3f52c3b49c39ad6d], UserHandle{0} Capabilities: CallProvider MultiUser PlaceEmerg SimSub  Schemes: tel voicemail  Extras: null GroupId: [da39a3ee5e6b4b0d3255bfef95601890afd80709]] with handle: ComponentInfo{com.android.phone/com.android.services.telephony.TelephonyConnectionService}, [e0184adedf913b076626646d3f52c3b49c39ad6d], UserHandle{0}
02-20 21:08:56.023  1922  1922 I Telephony: PstnIncomingCallNotifier: Registering: Handler (com.android.internal.telephony.GsmCdmaPhone) {11ce28e}
02-20 21:08:56.032  1922  1922 D SubscriptionInfoUpdater: handleSimStateLoadedInternal: slotId: 0
02-20 21:08:56.032  1922  1922 D SubscriptionInfoUpdater: All IccIds query complete
02-20 21:08:56.032  1922  1922 D SubscriptionInfoUpdater: updateSubscriptionInfoByIccId:+ Start
02-20 21:08:56.033  1922  1922 D SubscriptionController: [clearSubInfo]- no simInfo size=0
02-20 21:08:56.035  1922  1922 D SubscriptionInfoUpdater: insertedSimCount = 1
02-20 21:08:56.035  1922  1922 D SubscriptionController: [getSubInfoUsingSlotIdWithCheck]+ slotId:0
02-20 21:08:56.041  1922  1942 D SubscriptionController: [getPhoneId]- no sims, returning default phoneId=2147483647
02-20 21:08:56.042  1922  1922 D SubscriptionController: [getPhoneId]- no sims, returning default phoneId=2147483647
02-20 21:08:56.043  1922  1922 D SubscriptionController: [getPhoneId]- no sims, returning default phoneId=2147483647
02-20 21:08:56.043  1922  1922 D SubscriptionController: [getPhoneId]- no sims, returning default phoneId=2147483647
02-20 21:08:56.045  1922  1922 D SubscriptionController: [getSubInfoUsingSlotId]- null info return
02-20 21:08:56.045  1922  1922 D SubscriptionInfoUpdater: updateSubscriptionInfoByIccId: oldSubId = 1
02-20 21:08:56.045  1922  1922 D SubscriptionInfoUpdater: updateSubscriptionInfoByIccId: oldIccId[0] = 89014103211118510720, sIccId[0] = 89014103211118510720
02-20 21:08:56.045  1922  1922 D SubscriptionController: [addSubInfoRecord]+ iccId:89014103211118510720 slotId:0
02-20 21:08:56.058  1922  1922 D SubscriptionController: [getActiveSubInfoList] Sub Controller not ready
02-20 21:08:56.059  1922  1922 D SubscriptionController: [addSubInfoRecord] Record already exists
02-20 21:08:56.060  1765  2093 E ActivityThread: Failed to find provider info for com.android.contacts
02-20 21:08:56.060  1922  1922 D SubscriptionController: [addSubInfoRecord] sSlotIdxToSubId.size=1 slotId=0 subId=1 defaultSubId=1 simCount=1
02-20 21:08:56.060  1922  1922 D SubscriptionController: [setDefaultFallbackSubId] subId=1
02-20 21:08:56.061  1922  1922 D SubscriptionController: [setDefaultFallbackSubId] set mDefaultFallbackSubId=1
02-20 21:08:56.068  1922  1922 D MccTable: updateMccMncConfiguration mccmnc='310260' fromServiceState=false
02-20 21:08:56.069  1922  1922 D MccTable: updateMccMncConfiguration defaultMccMnc=310260
02-20 21:08:56.069  1922  1922 D MccTable: updateMccMncConfiguration: mcc=310, mnc=260
02-20 21:08:56.069  1922  1922 D MccTable: updateMccMncConfiguration updateConfig config={1.0 310mcc260mnc ?localeList ?layoutDir ?swdp ?wdp ?hdp ?density ?lsize ?long ?orien ?uimode ?night ?touch ?keyb/?/? ?nav/?}
02-20 21:08:56.076  1676  1689 I SyncManager: Got SyncJobService instance.
02-20 21:08:56.080  1676  1676 I FusedLocation: engine started (com.android.location.fused)
02-20 21:08:56.088  1676  1691 W WindowManager: Keyguard drawn timeout. Setting mKeyguardDrawComplete
02-20 21:08:56.093  1676  1689 W GnssLocationProvider: Could not open GPS configuration file /etc/gps.conf
02-20 21:08:56.093  1676  1689 E GnssLocationProvider: no AGPS interface in set_agps_server
02-20 21:08:56.093  1676  1689 I GnssLocationProvider: WakeLock released by handleMessage(12, 0, null)
02-20 21:08:56.096  1922  1922 D SubscriptionController: [setDefaultFallbackSubId] broadcast default subId changed phoneId=0 subId=1
02-20 21:08:56.098  1922  1922 D SubscriptionController: [addSubInfoRecord] one sim set defaults to subId=1
02-20 21:08:56.099  1922  1922 D SubscriptionController: [setDefaultDataSubId] num phones=1, subId=1
02-20 21:08:56.099  1922  1922 D SubscriptionController: [setDefaultDataSubId] phoneId=0 subId=1 RAF=1
02-20 21:08:56.102  1922  1922 D ProxyController: setRadioCapability: Already in requested configuration, nothing to do.
02-20 21:08:56.102  1922  1922 D SubscriptionController: [updateAllDataConnectionTrackers] sPhones.length=1
02-20 21:08:56.103  1922  1922 D SubscriptionController: [updateAllDataConnectionTrackers] phoneId=0
02-20 21:08:56.103  1922  1922 D DCT     : [0]update sub = 1
02-20 21:08:56.103  1922  1922 D DCT     : [0]update(): Active DDS, register for all events now!
02-20 21:08:56.103  1922  1922 D DCT     : [0]New records found.
02-20 21:08:56.103  1922  1922 D SST     : mDeviceShuttingDown=false, mDesiredPowerState=true, getRadioState=RADIO_ON, mPowerOffDelayNeed=true, mAlarmSwitch=false, mRadioDisabledByCarrier=false
02-20 21:08:56.103  1922  1922 D GsmCdmaPhone: [GsmCdmaPhone] updateCurrentCarrierInProvider: mSubId = 1 currentDds = 1 operatorNumeric = 310260
02-20 21:08:56.117  1922  2090 D RILJ    : [3736]> RIL_REQUEST_GET_CELL_INFO_LIST [SUB0]
02-20 21:08:56.118  1373  1486 D RIL     : onRequest: GET_CELL_INFO_LIST
02-20 21:08:56.118  1373  1486 D RILC    : responseCellInfoList: v12
02-20 21:08:56.119  1922  2014 D RILJ    : [3736]< RIL_REQUEST_GET_CELL_INFO_LIST [CellInfoGsm:{mRegistered=YES mTimeStampType=modem mTimeStamp=13444811880ns CellIdentityGsm:{ mMcc=310 mMnc=260 mLac=3 mCid=91 mArfcn=10 mBsic=0x0} CellSignalStrengthGsm: ss=-700452424 ber=29784 mTa=-693699460}] [SUB0]
02-20 21:08:56.134  1922  1922 D SubscriptionController: [broadcastDefaultDataSubIdChanged] subId=1
02-20 21:08:56.137  1922  1922 D SubscriptionController: [setDefaultSmsSubId] subId=1
02-20 21:08:56.137  1922  1922 D SubscriptionController: [broadcastDefaultSmsSubIdChanged] subId=1
02-20 21:08:56.138  1922  1922 D SubscriptionController: [setDefaultVoiceSubId] subId=1
02-20 21:08:56.139  1922  1922 D SubscriptionController: [broadcastDefaultVoiceSubIdChanged] subId=1
02-20 21:08:56.140  1922  1922 D SubscriptionController: [addSubInfoRecord] hashmap(0,1)
02-20 21:08:56.141  1765  1765 D PhoneStatusBar: heads up is enabled
02-20 21:08:56.163  1312  1974 D gralloc_ranchu: gralloc_alloc: Creating ashmem region of size 15945728
02-20 21:08:56.166  1312  1974 D         : HostConnection::get() New Host Connection established 0x7019a2a1b9c0, tid 1974
02-20 21:08:56.177  1922  1922 D SubscriptionController: [addSubInfoRecord] sim name = Android
02-20 21:08:56.177  1922  1922 D DCT     : [0]update sub = 1
02-20 21:08:56.177  1922  1922 D DCT     : [0]update(): Active DDS, register for all events now!
02-20 21:08:56.177  1922  1922 D GsmCdmaPhone: [GsmCdmaPhone] updateCurrentCarrierInProvider: mSubId = 1 currentDds = 1 operatorNumeric = 310260
02-20 21:08:56.220  1922  1922 D SubscriptionController: [addSubInfoRecord]- info size=1
02-20 21:08:56.220  1922  1922 D SubscriptionInfoUpdater: newSim = false
02-20 21:08:56.220  1922  1922 D SubscriptionInfoUpdater: updateSubscriptionInfoByIccId: sInsertSimState[0] = 0
02-20 21:08:56.223  1922  1922 D SubscriptionInfoUpdater: updateSubscriptionInfoByIccId: nSubCount = 1
02-20 21:08:56.233  1932  1986 D EGL_emulation: eglMakeCurrent: 0x74b439179de0: ver 3 0 (tinfo 0x74b44369c7c0)
02-20 21:08:56.237  1922  1922 D SubscriptionController: [setDefaultDataSubId] num phones=1, subId=1
02-20 21:08:56.238  1922  1922 D SubscriptionController: [setDefaultDataSubId] phoneId=0 subId=1 RAF=1
02-20 21:08:56.238  1922  1922 D ProxyController: setRadioCapability: Already in requested configuration, nothing to do.
02-20 21:08:56.238  1922  1922 D SubscriptionController: [updateAllDataConnectionTrackers] sPhones.length=1
02-20 21:08:56.238  1922  1922 D SubscriptionController: [updateAllDataConnectionTrackers] phoneId=0
02-20 21:08:56.238  1922  1922 D DCT     : [0]update sub = 1
02-20 21:08:56.238  1922  1922 D DCT     : [0]update(): Active DDS, register for all events now!
02-20 21:08:56.238  1922  1922 D GsmCdmaPhone: [GsmCdmaPhone] updateCurrentCarrierInProvider: mSubId = 1 currentDds = 1 operatorNumeric = 310260
02-20 21:08:56.250  1676  1689 W GnssLocationProvider: Could not open GPS configuration file /etc/gps.conf
02-20 21:08:56.250  1676  1689 E GnssLocationProvider: no AGPS interface in set_agps_server
02-20 21:08:56.271  1676  1689 W GnssLocationProvider: Could not open GPS configuration file /etc/gps.conf
02-20 21:08:56.271  1676  1689 E GnssLocationProvider: no AGPS interface in set_agps_server
02-20 21:08:56.299  1922  1922 D SubscriptionController: [broadcastDefaultDataSubIdChanged] subId=1
02-20 21:08:56.300  1922  1922 D SubscriptionController: notifySubscriptionInfoChanged:
02-20 21:08:56.300  1676  1676 I GnssLocationProvider: WakeLock acquired by sendMessage(12, 0, null)
02-20 21:08:56.301  1922  1941 D SubscriptionMonitor: Phone[0] subId changed -2->1, 1 registrants
02-20 21:08:56.301  1922  1941 D SubscriptionMonitor: mDefaultDataSubId = 1, 1 registrants
02-20 21:08:56.302  1765  1765 I Choreographer: Skipped 44 frames!  The application may be doing too much work on its main thread.
02-20 21:08:56.302  1922  1922 D SubscriptionInfoUpdater: updateSubscriptionInfoByIccId:- SsubscriptionInfo update complete
02-20 21:08:56.302  1922  1922 D MccTable: updateMccMncConfiguration mccmnc='310260' fromServiceState=false
02-20 21:08:56.303  1922  1922 D MccTable: updateMccMncConfiguration defaultMccMnc=310260
02-20 21:08:56.303  1922  1922 D MccTable: updateMccMncConfiguration: mcc=310, mnc=260
02-20 21:08:56.303  1922  1922 D MccTable: updateMccMncConfiguration updateConfig config={1.0 310mcc260mnc ?localeList ?layoutDir ?swdp ?wdp ?hdp ?density ?lsize ?long ?orien ?uimode ?night ?touch ?keyb/?/? ?nav/?}
02-20 21:08:56.305  1922  1922 D SubscriptionController: [setMccMnc]+ mcc/mnc:310/260 subId:1
02-20 21:08:56.322  1765  1765 D ViewRootImpl[StatusBar]: changeCanvasOpacity: opaque=true
02-20 21:08:56.350  1922  1922 D SubscriptionController: notifySubscriptionInfoChanged:
02-20 21:08:56.350  1676  1676 I GnssLocationProvider: WakeLock acquired by sendMessage(12, 0, null)
02-20 21:08:56.356  1922  1922 D SubscriptionController: [getActiveSubscriptionInfo]+ subId=1 subInfo={id=1, iccId=89014103211118510720 simSlotIndex=0 displayName=Android carrierName=Android nameSource=0 iconTint=-16746133 dataRoaming=0 iconBitmap=android.graphics.Bitmap@bb32c4d mcc 310 mnc 260}
02-20 21:08:56.356  1922  1922 D SubscriptionInfoUpdater: sim name = Android
02-20 21:08:56.378  1922  1922 D SubscriptionInfoUpdater: Broadcasting intent ACTION_SIM_STATE_CHANGED LOADED reason null for mCardIndex: 0
02-20 21:08:56.379  1676  1676 D WifiService: resetting networks because SIM was loaded
02-20 21:08:56.379  1676  1736 D WifiStateMachine: resetting EAP-SIM/AKA/AKA' networks since SIM was changed
02-20 21:08:56.382  1922  1922 D CarrierConfigLoader: update config for phoneId: 0 simState: LOADED
02-20 21:08:56.382  1922  1922 D CarrierSvcBindHelper: update binding for phoneId: 0 simState: LOADED
02-20 21:08:56.418  1765  1784 I art     : Background sticky concurrent mark sweep GC freed 1766(76KB) AllocSpace objects, 0(0B) LOS objects, 0% free, 16MB/16MB, paused 694us total 180.113ms
02-20 21:08:56.438  1312  1379 I SurfaceFlinger: Boot is finished (11923 ms)
02-20 21:08:56.439  1312  1379 I sf_stop_bootanim: 13765
02-20 21:08:56.439  1676  1691 V KeyguardServiceDelegate: *** Keyguard connected (yay!)
02-20 21:08:56.474  1676  1691 I dvm_lock_sample: [system_server,1,android.ui,33,WindowManagerService.java,3255,WindowAnimator.java,144,6]
02-20 21:08:56.494  2101  2101 I bootstat: Service started: /system/bin/bootstat --record_boot_complete 
02-20 21:08:56.496  2101  2101 I bootstat: Logging histogram: bootstat_mtime_matches_content 1
02-20 21:08:56.496  2101  2101 I sysui_histogram: [bootstat_mtime_matches_content,1]
02-20 21:08:56.499  2101  2101 I bootstat: Logging histogram: bootstat_mtime_matches_content 1
02-20 21:08:56.499  2101  2101 I sysui_histogram: [bootstat_mtime_matches_content,1]
02-20 21:08:56.499  2101  2101 I bootstat: Logging histogram: bootstat_mtime_matches_content 1
02-20 21:08:56.499  2101  2101 I sysui_histogram: [bootstat_mtime_matches_content,1]
02-20 21:08:55.807     0     0 I init    : Service 'bootanim' (pid 1332) exited with status 0
02-20 21:08:55.809     0     0 I init    : Starting service 'exec 6 (/system/bin/bootstat)'...
02-20 21:08:55.826     0     0 I init    : Service 'exec 6 (/system/bin/bootstat)' (pid 2101) exited with status 0
02-20 21:08:55.827     0     0 I init    : Starting service 'exec 7 (/system/bin/bootstat)'...
02-20 21:08:56.509  1922  1922 D SubscriptionController: [getActiveSubscriptionInfo]+ subId=1 subInfo={id=1, iccId=89014103211118510720 simSlotIndex=0 displayName=Android carrierName=Android nameSource=0 iconTint=-16746133 dataRoaming=0 iconBitmap=android.graphics.Bitmap@2d40650 mcc 310 mnc 260}
02-20 21:08:56.511  2102  2102 I bootstat: Service started: /system/bin/bootstat --record_boot_reason 
02-20 21:08:56.511  2102  2102 I bootstat: Unknown boot reason: 
02-20 21:08:56.512  1676  2094 I Telecom : PhoneAccountRegistrar: [ComponentInfo{com.android.phone/com.android.services.telephony.TelephonyConnectionService}, [e0184adedf913b076626646d3f52c3b49c39ad6d], UserHandle{0}(icon: Icon(typ=BITMAP size=76x96) -> Icon(typ=BITMAP size=76x96))]: TSI.rPA@ABE
02-20 21:08:56.513  1676  2094 I Telecom : : Sending phone-account registered intent as user: TSI.rPA@ABE
02-20 21:08:56.514  1922  1922 D DCT     : [0]onRecordsLoadedOrSubIdChanged: createAllApnList
02-20 21:08:56.514  1922  1922 D DCT     : [0]createAllApnList: selection=numeric = '310260'
02-20 21:08:56.520  1922  1922 D DCT     : [0]createApnList: X result=[[ApnSettingV3] T-Mobile US, 1, 310260, epc.tmobile.com, , http://mms.msg.eng.t-mobile.com/mms/wapenc, , , , -1, *, IP, IP, true, 0, 0, 0, false, 0, 0, 0, 0, , , false]
02-20 21:08:56.521  1922  1922 D TelephonyProvider: subIdString = 1 subId = 1
02-20 21:08:55.851     0     0 I init    : Service 'exec 7 (/system/bin/bootstat)' (pid 2102) exited with status 0
02-20 21:08:55.853     0     0 I init    : Starting service 'exec 8 (/system/bin/bootstat)'...
02-20 21:08:56.527  1922  1922 D DCT     : [0]getPreferredApn: mRequestedApnType=default cursor=android.content.ContentResolver$CursorWrapperInner@96d728b cursor.count=1
02-20 21:08:56.527  1922  1922 D DCT     : [0]getPreferredApn: apnSetting=[ApnSettingV3] T-Mobile US, 1, 310260, epc.tmobile.com, , http://mms.msg.eng.t-mobile.com/mms/wapenc, , , , -1, *, IP, IP, true, 0, 0, 0, false, 0, 0, 0, 0, , , false
02-20 21:08:56.527  1922  1922 D DCT     : [0]getPreferredApn: X found apnSetting[ApnSettingV3] T-Mobile US, 1, 310260, epc.tmobile.com, , http://mms.msg.eng.t-mobile.com/mms/wapenc, , , , -1, *, IP, IP, true, 0, 0, 0, false, 0, 0, 0, 0, , , false
02-20 21:08:56.528  1922  1922 D DCT     : [0]createAllApnList: mPreferredApn=[ApnSettingV3] T-Mobile US, 1, 310260, epc.tmobile.com, , http://mms.msg.eng.t-mobile.com/mms/wapenc, , , , -1, *, IP, IP, true, 0, 0, 0, false, 0, 0, 0, 0, , , false
02-20 21:08:56.528  1922  1922 D DCT     : [0]createAllApnList: X mAllApnSettings=[[ApnSettingV3] T-Mobile US, 1, 310260, epc.tmobile.com, , http://mms.msg.eng.t-mobile.com/mms/wapenc, , , , -1, *, IP, IP, true, 0, 0, 0, false, 0, 0, 0, 0, , , false]
02-20 21:08:56.528  1922  1922 D DCT     : [0]setDataProfilesAsNeeded
02-20 21:08:56.528  1922  1922 D DCT     : [0]setInitialApn: E mPreferredApn=[ApnSettingV3] T-Mobile US, 1, 310260, epc.tmobile.com, , http://mms.msg.eng.t-mobile.com/mms/wapenc, , , , -1, *, IP, IP, true, 0, 0, 0, false, 0, 0, 0, 0, , , false
02-20 21:08:56.528  1922  1922 D DCT     : [0]setInitialApn: firstApnSetting=[ApnSettingV3] T-Mobile US, 1, 310260, epc.tmobile.com, , http://mms.msg.eng.t-mobile.com/mms/wapenc, , , , -1, *, IP, IP, true, 0, 0, 0, false, 0, 0, 0, 0, , , false
02-20 21:08:56.528  1922  1922 D DCT     : [0]setInitialApn: defaultApnSetting=[ApnSettingV3] T-Mobile US, 1, 310260, epc.tmobile.com, , http://mms.msg.eng.t-mobile.com/mms/wapenc, , , , -1, *, IP, IP, true, 0, 0, 0, false, 0, 0, 0, 0, , , false
02-20 21:08:56.528  1922  1922 D DCT     : [0]setInitialAttachApn: using mPreferredApn
02-20 21:08:56.528  1922  1922 D DCT     : [0]setInitialAttachApn: X selected Apn=[ApnSettingV3] T-Mobile US, 1, 310260, epc.tmobile.com, , http://mms.msg.eng.t-mobile.com/mms/wapenc, , , , -1, *, IP, IP, true, 0, 0, 0, false, 0, 0, 0, 0, , , false
02-20 21:08:56.528  1922  1922 D RILJ    : Set RIL_REQUEST_SET_INITIAL_ATTACH_APN [SUB0]
02-20 21:08:56.528  1922  1922 D RILJ    : [3737]> RIL_REQUEST_SET_INITIAL_ATTACH_APN, apn:epc.tmobile.com, protocol:IP, authType:-1, username:none, password:none [SUB0]
02-20 21:08:56.529  1922  1922 D DCT     : [0]onRecordsLoadedOrSubIdChanged: notifying data availability
02-20 21:08:56.529  1373  1486 D RIL     : onRequest: RIL_REQUEST_SET_INITIAL_ATTACH_APN
02-20 21:08:56.529  1373  1486 D RIL     : Request not supported. Tech: 1
02-20 21:08:56.529  1922  2014 D RilRequest: [3737]< RIL_REQUEST_SET_INITIAL_ATTACH_APN error: com.android.internal.telephony.CommandException: REQUEST_NOT_SUPPORTED ret=
02-20 21:08:56.530  1676  1944 D TelephonyRegistry: Notify data connection state changed on sub: 1
02-20 21:08:56.538  1922  1922 D DCT     : [0]setupDataOnConnectableApns: simLoaded hipri:[state=IDLE,enabled=false] mms:[state=IDLE,enabled=false] supl:[state=IDLE,enabled=false] ia:[state=IDLE,enabled=false] fota:[state=IDLE,enabled=false] ims:[state=IDLE,enabled=false] cbs:[state=IDLE,enabled=false] default:[state=IDLE,enabled=false] emergency:[state=IDLE,enabled=false] 
02-20 21:08:56.539  1312  1312 I sf_frame_dur: [BootAnimation,0,32,202,20,0,0,0]
02-20 21:08:56.543  1922  1922 I Telephony: PstnIncomingCallNotifier: Unregistering: Handler (com.android.internal.telephony.GsmCdmaPhone) {11ce28e}
02-20 21:08:56.547  2104  2104 I bootstat: Service started: /system/bin/bootstat --record_time_since_factory_reset 
02-20 21:08:56.547  2104  2104 I bootstat: Logging histogram: factory_reset_current_time 1519160936
02-20 21:08:56.547  2104  2104 I sysui_histogram: [factory_reset_current_time,1519160936]
02-20 21:08:56.551  2104  2104 I bootstat: Logging histogram: bootstat_mtime_matches_content 1
02-20 21:08:56.551  2104  2104 I sysui_histogram: [bootstat_mtime_matches_content,1]
02-20 21:08:56.551  2104  2104 I bootstat: Logging histogram: factory_reset_record_value 1519154248
02-20 21:08:56.551  2104  2104 I sysui_histogram: [factory_reset_record_value,1519154248]
02-20 21:08:56.552  1922  1922 D SubscriptionController: [getActiveSubscriptionInfo]+ subId=1 subInfo={id=1, iccId=89014103211118510720 simSlotIndex=0 displayName=Android carrierName=Android nameSource=0 iconTint=-16746133 dataRoaming=0 iconBitmap=android.graphics.Bitmap@f633826 mcc 310 mnc 260}
02-20 21:08:56.554  1676  1944 I Telecom : PhoneAccountRegistrar: New phone account registered: [[ ] PhoneAccount: ComponentInfo{com.android.phone/com.android.services.telephony.TelephonyConnectionService}, [e2f7d48dd2b5ca523e7313cf4ba0f6ea830b6281], UserHandle{0} Capabilities: CallProvider MultiUser PlaceEmerg SimSub  Schemes: tel voicemail  Extras: null GroupId: [da39a3ee5e6b4b0d3255bfef95601890afd80709]]: TSI.rPA@ABI
02-20 21:08:56.558  1676  1944 I Telecom : : Sending phone-account registered intent as user: TSI.rPA@ABI
02-20 21:08:56.559  1922  1922 I Telephony: AccountEntry: Registered phoneAccount: [[ ] PhoneAccount: ComponentInfo{com.android.phone/com.android.services.telephony.TelephonyConnectionService}, [e2f7d48dd2b5ca523e7313cf4ba0f6ea830b6281], UserHandle{0} Capabilities: CallProvider MultiUser PlaceEmerg SimSub  Schemes: tel voicemail  Extras: null GroupId: [da39a3ee5e6b4b0d3255bfef95601890afd80709]] with handle: ComponentInfo{com.android.phone/com.android.services.telephony.TelephonyConnectionService}, [e2f7d48dd2b5ca523e7313cf4ba0f6ea830b6281], UserHandle{0}
02-20 21:08:56.559  1922  1922 I Telephony: PstnIncomingCallNotifier: Registering: Handler (com.android.internal.telephony.GsmCdmaPhone) {11ce28e}
02-20 21:08:55.879     0     0 I init    : Service 'exec 8 (/system/bin/bootstat)' (pid 2104) exited with status 0
02-20 21:08:55.880     0     0 I init    : Starting service 'exec 9 (/system/bin/bootstat)'...
02-20 21:08:56.480  2101  2101 I auditd  : type=1400 audit(0.0:11): avc: denied { getattr } for comm="bootstat" path="/vendor" dev="rootfs" ino=4004 scontext=u:r:bootstat:s0 tcontext=u:object_r:rootfs:s0 tclass=lnk_file permissive=0
02-20 21:08:56.480  2101  2101 W bootstat: type=1400 audit(0.0:11): avc: denied { getattr } for path="/vendor" dev="rootfs" ino=4004 scontext=u:r:bootstat:s0 tcontext=u:object_r:rootfs:s0 tclass=lnk_file permissive=0
02-20 21:08:55.892     0     0 I init    : Service 'exec 9 (/system/bin/bootstat)' (pid 2105) exited with status 0
02-20 21:08:56.560  2105  2105 I bootstat: Service started: /system/bin/bootstat -l 
02-20 21:08:56.561  2105  2105 I bootstat: Logging histogram: bootstat_mtime_matches_content 1
02-20 21:08:56.561  2105  2105 I sysui_histogram: [bootstat_mtime_matches_content,1]
02-20 21:08:56.561  2105  2105 I bootstat: Logging histogram: bootstat_mtime_matches_content 1
02-20 21:08:56.561  2105  2105 I sysui_histogram: [bootstat_mtime_matches_content,1]
02-20 21:08:56.562  2105  2105 I bootstat: Logging histogram: bootstat_mtime_matches_content 1
02-20 21:08:56.562  2105  2105 I sysui_histogram: [bootstat_mtime_matches_content,1]
02-20 21:08:56.562  2105  2105 I bootstat: Logging histogram: bootstat_mtime_matches_content 1
02-20 21:08:56.562  2105  2105 I sysui_histogram: [bootstat_mtime_matches_content,1]
02-20 21:08:56.563  2105  2105 I bootstat: Logging histogram: bootstat_mtime_matches_content 1
02-20 21:08:56.563  2105  2105 I sysui_histogram: [bootstat_mtime_matches_content,1]
02-20 21:08:56.564  1922  1922 I Telephony: TelecomAccountRegistry: Unregistering phone account ComponentInfo{com.android.phone/com.android.services.telephony.TelephonyConnectionService}, [e0184adedf913b076626646d3f52c3b49c39ad6d], UserHandle{0}.
02-20 21:08:56.566  2105  2105 I bootstat: Logging histogram: bootstat_mtime_matches_content 1
02-20 21:08:56.566  2105  2105 I sysui_histogram: [bootstat_mtime_matches_content,1]
02-20 21:08:56.566  2105  2105 I bootstat: Logging histogram: bootstat_mtime_matches_content 1
02-20 21:08:56.566  2105  2105 I sysui_histogram: [bootstat_mtime_matches_content,1]
02-20 21:08:56.566  2105  2105 I bootstat: Logging histogram: bootstat_mtime_matches_content 1
02-20 21:08:56.566  2105  2105 I sysui_histogram: [bootstat_mtime_matches_content,1]
02-20 21:08:56.566  2105  2105 I bootstat: Logging histogram: bootstat_mtime_matches_content 1
02-20 21:08:56.566  2105  2105 I sysui_histogram: [bootstat_mtime_matches_content,1]
02-20 21:08:56.566  2105  2105 I bootstat: Logging histogram: bootstat_mtime_matches_content 1
02-20 21:08:56.566  2105  2105 I sysui_histogram: [bootstat_mtime_matches_content,1]
02-20 21:08:56.566  2105  2105 I bootstat: Logging histogram: bootstat_mtime_matches_content 1
02-20 21:08:56.566  2105  2105 I sysui_histogram: [bootstat_mtime_matches_content,1]
02-20 21:08:56.566  2105  2105 I bootstat: Logging histogram: bootstat_mtime_matches_content 1
02-20 21:08:56.566  2105  2105 I sysui_histogram: [bootstat_mtime_matches_content,1]
02-20 21:08:56.566  2105  2105 I bootstat: Logging histogram: bootstat_mtime_matches_content 1
02-20 21:08:56.566  2105  2105 I sysui_histogram: [bootstat_mtime_matches_content,1]
02-20 21:08:56.566  2105  2105 I bootstat: Logging histogram: bootstat_mtime_matches_content 1
02-20 21:08:56.566  2105  2105 I sysui_histogram: [bootstat_mtime_matches_content,1]
02-20 21:08:56.566  2105  2105 I bootstat: Logging histogram: post_decrypt_time_elapsed 2
02-20 21:08:56.566  2105  2105 I sysui_histogram: [post_decrypt_time_elapsed,2]
02-20 21:08:56.566  2105  2105 I bootstat: Logging histogram: last_boot_time_utc 1519160936
02-20 21:08:56.566  2105  2105 I sysui_histogram: [last_boot_time_utc,1519160936]
02-20 21:08:56.566  2105  2105 I bootstat: Logging histogram: build_date 1513095943
02-20 21:08:56.566  2105  2105 I sysui_histogram: [build_date,1513095943]
02-20 21:08:56.566  2105  2105 I bootstat: Logging histogram: boot_decryption_complete 13
02-20 21:08:56.566  2105  2105 I sysui_histogram: [boot_decryption_complete,13]
02-20 21:08:56.566  2105  2105 I bootstat: Logging histogram: ota_boot_complete_post_decrypt 7
02-20 21:08:56.566  2105  2105 I sysui_histogram: [ota_boot_complete_post_decrypt,7]
02-20 21:08:56.566  2105  2105 I bootstat: Logging histogram: ota_boot_complete 9
02-20 21:08:56.566  2105  2105 I sysui_histogram: [ota_boot_complete,9]
02-20 21:08:56.566  2105  2105 I bootstat: Logging histogram: boot_reason 1
02-20 21:08:56.566  2105  2105 I sysui_histogram: [boot_reason,1]
02-20 21:08:56.566  2105  2105 I bootstat: Logging histogram: factory_reset_current_time 1519160936
02-20 21:08:56.566  2105  2105 I sysui_histogram: [factory_reset_current_time,1519160936]
02-20 21:08:56.566  2105  2105 I bootstat: Logging histogram: factory_reset 1519154248
02-20 21:08:56.566  2105  2105 I sysui_histogram: [factory_reset,1519154248]
02-20 21:08:56.566  2105  2105 I bootstat: Logging histogram: time_since_last_boot 76
02-20 21:08:56.566  2105  2105 I sysui_histogram: [time_since_last_boot,76]
02-20 21:08:56.566  2105  2105 I bootstat: Logging histogram: boot_complete_post_decrypt 11
02-20 21:08:56.566  2105  2105 I sysui_histogram: [boot_complete_post_decrypt,11]
02-20 21:08:56.566  2105  2105 I bootstat: Logging histogram: boot_complete 13
02-20 21:08:56.566  2105  2105 I sysui_histogram: [boot_complete,13]
02-20 21:08:56.566  2105  2105 I bootstat: Logging histogram: factory_reset_record_value 1519154248
02-20 21:08:56.566  2105  2105 I sysui_histogram: [factory_reset_record_value,1519154248]
02-20 21:08:56.566  2105  2105 I bootstat: Logging histogram: time_since_factory_reset 6688
02-20 21:08:56.566  2105  2105 I sysui_histogram: [time_since_factory_reset,6688]
02-20 21:08:56.566  1676  1786 I Telecom : : Sending phone-account unregistered intent as user: TSI.uPA@ABQ
02-20 21:08:56.568  1676  1689 W GnssLocationProvider: Could not open GPS configuration file /etc/gps.conf
02-20 21:08:56.568  1676  1689 E GnssLocationProvider: no AGPS interface in set_agps_server
02-20 21:08:56.568  1922  1922 D SST     : SubscriptionListener.onSubscriptionInfoChanged
02-20 21:08:56.569  1922  2090 D SST     : SST.getAllCellInfo(): return last, back to back calls
02-20 21:08:56.569  1922  1922 D PhoneFactory: calculatePreferredNetworkType: phoneSubId = 1 networkType = 0
02-20 21:08:56.569  1922  1922 D Phone   : setPreferredNetworkType: Abort, unknown RAF: 1 101902
02-20 21:08:56.569  1922  1922 D Phone   : setNetworkSelectionModeAutomatic, querying current mode
02-20 21:08:56.569  1922  1922 D RILJ    : [3738]> QUERY_NETWORK_SELECTION_MODE [SUB0]
02-20 21:08:56.570  1922  1922 D TelephonyManager: setTelephonyProperty: success phoneId=0 property=gsm.network.type value: LTE propVal=LTE
02-20 21:08:56.570  1373  1486 D RIL     : onRequest: QUERY_NETWORK_SELECTION_MODE
02-20 21:08:56.570  1373  1486 D AT      : AT> AT+COPS?
02-20 21:08:56.570  1373  1489 D AT      : AT< +COPS: 0,2,310260
02-20 21:08:56.570  1373  1489 D AT      : AT< OK
02-20 21:08:56.570  1922  1942 D SST     : SST.getAllCellInfo(): return last, back to back calls
02-20 21:08:56.570  1922  1942 D SST     : SST.getAllCellInfo(): return last, back to back calls
02-20 21:08:56.570  1922  2014 D RILJ    : [3738]< QUERY_NETWORK_SELECTION_MODE {0} [SUB0]
02-20 21:08:56.570  1922  1922 D SubscriptionController: [setCarrierText]+ text:Android subId:1
02-20 21:08:56.500  2102  2102 I auditd  : type=1400 audit(0.0:12): avc: denied { getattr } for comm="bootstat" path="/vendor" dev="rootfs" ino=4004 scontext=u:r:bootstat:s0 tcontext=u:object_r:rootfs:s0 tclass=lnk_file permissive=0
