02-20 21:09:50.820  1923  1981 D EGL_emulation: eglMakeCurrent: 0x7e1ad0779980: ver 3 0 (tinfo 0x7e1adadfa4e0)
02-20 21:09:50.828  1372  1839 I MediaPlayerService: MediaPlayerService::getOMX
02-20 21:09:50.828  1915  1915 W CarrierConfigManager: Error getting config for subId -1 ICarrierConfigLoader is null
02-20 21:09:50.829  1678  1960 D TelephonyRegistry: listen oscl: hasNotifySubscriptionInfoChangedOccurred==false no callback
02-20 21:09:50.831  1678  2022 I OMXClient: MuxOMX ctor
02-20 21:09:50.831  1369  1369 I OMXMaster: makeComponentInstance(OMX.google.vorbis.decoder) in mediacodec process
02-20 21:09:50.832  1915  1915 D TelephonyManager: setTelephonyProperty: success phoneId=0 property=gsm.network.type value: Unknown propVal=Unknown
02-20 21:09:50.832  1915  1915 D RILJ    : [3654]> SIGNAL_STRENGTH [SUB0]
02-20 21:09:50.833  1374  1483 D RIL     : onRequest: SIGNAL_STRENGTH
02-20 21:09:50.833  1915  1983 D RilRequest: [3654]< SIGNAL_STRENGTH error: com.android.internal.telephony.CommandException: RADIO_NOT_AVAILABLE ret=
02-20 21:09:50.834  1915  1915 D SST     : notifyDataRegStateRilRadioTechnologyChanged: drs=1 rat=0
02-20 21:09:50.834  1915  1915 D TelephonyManager: setTelephonyProperty: success phoneId=0 property=gsm.network.type value: Unknown propVal=Unknown
02-20 21:09:50.836  1915  1915 D DCT     : [0]DCT.constructor
02-20 21:09:50.839  1678  1690 D TelephonyRegistry: listen oscl: hasNotifySubscriptionInfoChangedOccurred==false no callback
02-20 21:09:50.843  1915  1915 D Dcc     : E ctor
02-20 21:09:50.843  1915  1915 D Dcc     : X ctor
02-20 21:09:50.844  1915  1915 D SubscriptionController: [getPhoneId] asked for default subId=-1
02-20 21:09:50.847  1915  1915 D DcTesterFailBrinupAll: register for intent action=com.android.internal.telephony.dataconnection.action_fail_bringup
02-20 21:09:50.847  1915  1915 D DcTesterFailBrinupAll: register for intent action=com.android.internal.telephony.action_detached
02-20 21:09:50.847  1915  1915 D DcTesterFailBrinupAll: register for intent action=com.android.internal.telephony.action_attached
02-20 21:09:50.849  1915  1915 D SST     : notifyDataRegStateRilRadioTechnologyChanged: drs=1 rat=0
02-20 21:09:50.849  1915  1915 D TelephonyManager: setTelephonyProperty: success phoneId=0 property=gsm.network.type value: Unknown propVal=Unknown
02-20 21:09:50.849  1915  1915 D DCT     : [0]update sub = -2
02-20 21:09:50.849  1915  1915 D DCT     : [0]update(): Active DDS, register for all events now!
02-20 21:09:50.849  1915  1915 D GsmCdmaPhone: [GsmCdmaPhone] updateCurrentCarrierInProvider: mSubId = -2 currentDds = 1 operatorNumeric = null
02-20 21:09:50.850  1915  1915 D DCT     : [0]initApnContexts: E
02-20 21:09:50.850  1915  1915 D DCT     : [0]initApnContexts: skipping unknown type=1
02-20 21:09:50.850  1915  1915 D DCT     : [0]initApnContexts: apnContext={mApnType=default mState=IDLE mWaitingApns={null} mApnSetting={null} mReason=dataEnabled mDataEnabled=false mDependencyMet=true}
02-20 21:09:50.850  1915  1915 D DCT     : [0]initApnContexts: apnContext={mApnType=mms mState=IDLE mWaitingApns={null} mApnSetting={null} mReason=dataEnabled mDataEnabled=false mDependencyMet=true}
02-20 21:09:50.850  1915  1915 D DCT     : [0]initApnContexts: apnContext={mApnType=supl mState=IDLE mWaitingApns={null} mApnSetting={null} mReason=dataEnabled mDataEnabled=false mDependencyMet=true}
02-20 21:09:50.850  1915  1915 D DCT     : [0]initApnContexts: apnContext={mApnType=hipri mState=IDLE mWaitingApns={null} mApnSetting={null} mReason=dataEnabled mDataEnabled=false mDependencyMet=true}
02-20 21:09:50.850  1915  1915 D DCT     : [0]initApnContexts: apnContext={mApnType=fota mState=IDLE mWaitingApns={null} mApnSetting={null} mReason=dataEnabled mDataEnabled=false mDependencyMet=true}
02-20 21:09:50.850  1915  1915 D DCT     : [0]initApnContexts: apnContext={mApnType=ims mState=IDLE mWaitingApns={null} mApnSetting={null} mReason=dataEnabled mDataEnabled=false mDependencyMet=true}
02-20 21:09:50.850  1915  1915 D DCT     : [0]initApnContexts: apnContext={mApnType=cbs mState=IDLE mWaitingApns={null} mApnSetting={null} mReason=dataEnabled mDataEnabled=false mDependencyMet=true}
02-20 21:09:50.850  1915  1915 D DCT     : [0]initApnContexts: skipping unknown type=13
02-20 21:09:50.850  1915  1915 D DCT     : [0]initApnContexts: apnContext={mApnType=ia mState=IDLE mWaitingApns={null} mApnSetting={null} mReason=dataEnabled mDataEnabled=false mDependencyMet=true}
02-20 21:09:50.850  1915  1915 D DCT     : [0]initApnContexts: apnContext={mApnType=emergency mState=IDLE mWaitingApns={null} mApnSetting={null} mReason=dataEnabled mDataEnabled=false mDependencyMet=true}
02-20 21:09:50.853  1915  2023 D DcTesterDeacativateAll: register for intent action=com.android.internal.telephony.dataconnection.action_deactivate_all
02-20 21:09:50.853  1915  2023 D DcTesterDeacativateAll: register for intent action=com.android.internal.telephony.action_detached
02-20 21:09:50.853  1915  2023 D Dcc     : DccDefaultState: msg.what=EVENT_RIL_CONNECTED mRilVersion=12
02-20 21:09:50.883  1915  1915 D GsmCdmaPhone: [GsmCdmaPhone] GsmCdmaPhone: constructor: sub = 0
02-20 21:09:50.883  1915  1915 I PhoneFactory: Creating Phone with type = 1 sub = 0
02-20 21:09:50.885  1915  1915 I PhoneFactory: defaultSmsApplication: NONE
02-20 21:09:50.886  1915  1915 I PhoneFactory: Creating SubInfoRecordUpdater 
02-20 21:09:50.886  1915  1915 D SubscriptionInfoUpdater: Constructor invoked
02-20 21:09:50.902  1678  1699 I am_activity_launch_time: [0,15857144,com.android.settings/.FallbackHome,947,947]
02-20 21:09:50.902  1678  1699 I ActivityManager: Displayed com.android.settings/.FallbackHome: +947ms
02-20 21:09:50.906  1678  1692 I boot_progress_enable_screen: 11906
02-20 21:09:50.907  1678  1692 V KeyguardServiceDelegate: *** Keyguard started
02-20 21:09:50.907  1678  1692 I screen_toggled: 1
02-20 21:09:50.910  1678  1692 W KeyguardServiceDelegate: onScreenTurningOn(): no keyguard service!
02-20 21:09:50.920  1678  1699 I WindowManager: Screen frozen for +901ms due to AppWindowToken{cd13037 token=Token{5c77ad1 ActivityRecord{f1f5f8 u0 com.android.settings/.FallbackHome t1}}}
02-20 21:09:50.953  1678  1689 D TelephonyRegistry: listen oscl: hasNotifySubscriptionInfoChangedOccurred==false no callback
02-20 21:09:50.953  1915  1915 D SubscriptionController: [getPhoneId]- no sims, returning default phoneId=2147483647
02-20 21:09:50.954  1678  1689 D TelephonyRegistry: listen oscl: hasNotifySubscriptionInfoChangedOccurred==false no callback
02-20 21:09:50.955  1915  1915 D PhoneSwitcherNetworkRequstListener: Registering NetworkFactory
02-20 21:09:50.958  1915  1915 D PhoneSwitcher: PhoneSwitcher started
02-20 21:09:50.967  1678  1741 D ConnectivityService: Got NetworkFactory Messenger for PhoneSwitcherNetworkRequstListener
02-20 21:09:50.969  1915  1915 D ProxyController: Constructor - Enter
02-20 21:09:50.969  1372  1839 I MediaPlayerService: MediaPlayerService::getOMX
02-20 21:09:50.969  1678  2030 I OMXClient: MuxOMX ctor
02-20 21:09:50.970  1369  1837 I OMXMaster: makeComponentInstance(OMX.google.vorbis.decoder) in mediacodec process
02-20 21:09:50.974  1915  1915 D ProxyController: clearTransaction
02-20 21:09:50.974  1915  1915 D ProxyController: clearTransaction: phoneId=0 status=IDLE
02-20 21:09:50.974  1915  1915 D ProxyController: Constructor - Exit
02-20 21:09:50.974  1915  1915 D TelephonyNetworkFactory[0]: Registering NetworkFactory
02-20 21:09:50.974  1678  1741 D ConnectivityService: Got NetworkFactory Messenger for TelephonyNetworkFactory[0]
02-20 21:09:50.975  1915  1915 D CallManager: registerPhone(GSM Handler (com.android.internal.telephony.GsmCdmaPhone) {75bacc7})
02-20 21:09:50.977  1678  1690 D TelephonyRegistry: listen oscl: hasNotifySubscriptionInfoChangedOccurred==false no callback
02-20 21:09:50.993  1678  1688 I art     : Background sticky concurrent mark sweep GC freed 25052(2025KB) AllocSpace objects, 9(212KB) LOS objects, 10% free, 22MB/24MB, paused 6.386ms total 169.778ms
02-20 21:09:51.074  1372  1839 I MediaPlayerService: MediaPlayerService::getOMX
02-20 21:09:51.075  1678  2034 I OMXClient: MuxOMX ctor
02-20 21:09:51.075  1369  1406 I OMXMaster: makeComponentInstance(OMX.google.vorbis.decoder) in mediacodec process
02-20 21:09:51.115  1915  1936 D SubscriptionController: [getPhoneId]- no sims, returning default phoneId=2147483647
02-20 21:09:51.122  1678  1960 W art     : Long monitor contention with owner android.display (1699) at void com.android.server.wm.WindowManagerService$H.handleMessage(android.os.Message)(WindowManagerService.java:8368) waiters=2 in float com.android.server.wm.WindowManagerService.getCurrentAnimatorScale() for 144ms
02-20 21:09:51.122  1678  1960 I dvm_lock_sample: [system_server,1,Binder:1678_5,144,WindowManagerService.java,5760,-,8368,28]
02-20 21:09:51.123  1678  1678 W art     : Long monitor contention with owner android.display (1699) at void com.android.server.wm.WindowManagerService$H.handleMessage(android.os.Message)(WindowManagerService.java:8368) waiters=0 in void com.android.server.policy.PhoneWindowManager.updateSettings() for 150ms
02-20 21:09:51.123  1678  1678 I dvm_lock_sample: [system_server,1,main,150,PhoneWindowManager.java,2002,WindowManagerService.java,8368,30]
02-20 21:09:51.135  1678  1678 W VibratorService: Tried to stop vibrating but there is no vibrator device.
02-20 21:09:51.136  1915  1915 D CarrierConfigLoader: CarrierConfigLoader has started
02-20 21:09:51.137  1915  1915 E BluetoothAdapter: Bluetooth binder is null
02-20 21:09:51.137  1678  1960 D TelephonyRegistry: listen oscl: hasNotifySubscriptionInfoChangedOccurred==false no callback
02-20 21:09:51.174  1678  1678 I am_proc_start: [0,2038,10004,com.android.cellbroadcastreceiver,broadcast,com.android.cellbroadcastreceiver/.CellBroadcastReceiver]
02-20 21:09:51.174  1678  1678 I ActivityManager: Start proc 2038:com.android.cellbroadcastreceiver/u0a4 for broadcast com.android.cellbroadcastreceiver/.CellBroadcastReceiver
02-20 21:09:51.174  1678  1678 D ConditionProviders.SCP: onSubscribe condition://android/schedule?days=6.7&start=23.30&end=10.0&exitAtAlarm=false
02-20 21:09:51.174  1915  2035 E ActivityThread: Failed to find provider info for com.android.contacts
02-20 21:09:51.174  1915  2035 W CallerInfoCache: cursor is null
02-20 21:09:51.174  1678  1678 D ConditionProviders.SCP: setRegistered true
02-20 21:09:51.178  2038  2038 W art     : Unexpected CPU variant for X86 using defaults: x86_64
02-20 21:09:51.180  1678  1678 D ConditionProviders.SCP: notifyCondition condition://android/schedule?days=6.7&start=23.30&end=10.0&exitAtAlarm=false STATE_FALSE reason=!meetsSchedule
02-20 21:09:51.181  1678  1678 D ConditionProviders.SCP: Scheduling evaluate for Tue Feb 20 23:30:00 GMT+00:00 2018 (1519169400000), in +2h20m8s820ms, now=Tue Feb 20 21:09:51 GMT+00:00 2018 (1519160991180)
02-20 21:09:51.181  1678  1678 D ConditionProviders.SCP: onSubscribe condition://android/schedule?days=1.2.3.4.5&start=22.0&end=7.0&exitAtAlarm=false
02-20 21:09:51.181  1678  1678 D ConditionProviders.SCP: notifyCondition condition://android/schedule?days=6.7&start=23.30&end=10.0&exitAtAlarm=false STATE_FALSE reason=!meetsSchedule
02-20 21:09:51.191  1678  1678 D ConditionProviders.SCP: notifyCondition condition://android/schedule?days=1.2.3.4.5&start=22.0&end=7.0&exitAtAlarm=false STATE_FALSE reason=!meetsSchedule
02-20 21:09:51.195  1678  1678 D ConditionProviders.SCP: Scheduling evaluate for Tue Feb 20 22:00:00 GMT+00:00 2018 (1519164000000), in +50m8s819ms, now=Tue Feb 20 21:09:51 GMT+00:00 2018 (1519160991181)
02-20 21:09:51.200  1915  1915 W TelecomManager: Telecom Service not found.
02-20 21:09:51.200  1678  1678 I Telecom : WiredHeadsetManager: ACTION_HEADSET_PLUG event, plugged in: false, : WHC.oADA@AAE
02-20 21:09:51.201  1678  1678 I notification_enqueue: [10028,1763,com.android.systemui,1397773634,public:253,64,-1,Notification(pri=0 contentView=null vibrate=null sound=null defaults=0x0 flags=0x100 color=0xff607d8b category=sys actions=2 vis=PUBLIC),0]
02-20 21:09:51.202  1915  1915 D RILJ    : [3655]> RIL_REQUEST_SET_TTY_MODE : 0 [SUB0]
02-20 21:09:51.204  1374  1483 D RIL     : onRequest: SET_TTY_MODE
02-20 21:09:51.204  1915  1983 D RilRequest: [3655]< RIL_REQUEST_SET_TTY_MODE error: com.android.internal.telephony.CommandException: RADIO_NOT_AVAILABLE ret=
02-20 21:09:51.205  1915  1915 I Telephony: TtyManager: updateUiTtyMode -1 -> 0
02-20 21:09:51.208  1678  1690 D TelephonyRegistry: listen oscl: hasNotifySubscriptionInfoChangedOccurred==false no callback
02-20 21:09:51.208  1915  1915 D SubscriptionController: [getPhoneId] asked for default subId=-1
02-20 21:09:51.210  1915  1915 D UiccController: Received EVENT_ICC_STATUS_CHANGED, calling getIccCardStatus
02-20 21:09:51.210  1915  1915 D RILJ    : [3656]> GET_SIM_STATUS [SUB0]
02-20 21:09:51.211  1374  1483 D RIL     : onRequest: GET_SIM_STATUS
02-20 21:09:51.211  1374  1483 D RIL     : getSIMStatus(). sState: 0
02-20 21:09:51.211  1915  1983 D RILJ    : [3656]< GET_SIM_STATUS IccCardState {CARDSTATE_PRESENT,PINSTATE_UNKNOWN,num_apps=2,gsm_id=0{APPTYPE_SIM,APPSTATE_DETECTED},cdma_id=1{APPTYPE_RUIM,APPSTATE_DETECTED},ims_id=8} [SUB0]
02-20 21:09:51.214  1915  1915 D Phone   : config LCE service failed: com.android.internal.telephony.CommandException: RADIO_NOT_AVAILABLE
02-20 21:09:51.214  1915  1915 D GsmSMSDispatcher: GsmSMSDispatcher: subId = -2 slotId = 0
02-20 21:09:51.214  1915  1915 E IccCardProxy: setExternalState: !override and newstate unchanged from NOT_READY
02-20 21:09:51.214  1915  1915 D RILJ    : [3657]> BASEBAND_VERSION [SUB0]
02-20 21:09:51.214  1678  1678 I ActivityManager: user 0 is still locked. Cannot load recents
02-20 21:09:51.214  1374  1483 D RIL     : onRequest: BASEBAND_VERSION
02-20 21:09:51.214  1915  1983 D RilRequest: [3657]< BASEBAND_VERSION error: com.android.internal.telephony.CommandException: RADIO_NOT_AVAILABLE ret=
02-20 21:09:51.214  1678  1678 D RttService: SCAN_AVAILABLE : 3
02-20 21:09:51.215  1678  1740 D RttService: DefaultState got{ when=-1ms what=160512 target=com.android.internal.util.StateMachine$SmHandler }
02-20 21:09:51.215  1678  1739 I WifiScanningService: wifi driver loaded with scan capabilities: max buckets=16
02-20 21:09:51.215  1915  1915 D RILJ    : [3658]> GET_IMEI [SUB0]
02-20 21:09:51.216  1374  1483 D RIL     : onRequest: GET_IMEI
02-20 21:09:51.216  1374  1483 D AT      : AT> AT+CGSN
02-20 21:09:51.216  1374  1487 D AT      : AT< 000000000000000
02-20 21:09:51.216  1374  1487 D AT      : AT< OK
02-20 21:09:51.216  1915  1983 D RILJ    : [3658]< GET_IMEI  [SUB0]
02-20 21:09:51.216  1915  1915 D RILJ    : [3659]> GET_IMEISV [SUB0]
02-20 21:09:51.216  1374  1483 D RIL     : onRequest: GET_IMEISV
02-20 21:09:51.216  1915  1983 D RilRequest: [3659]< GET_IMEISV error: com.android.internal.telephony.CommandException: RADIO_NOT_AVAILABLE ret=
02-20 21:09:51.216  1915  1915 D RILJ    : [3660]> RIL_REQUEST_GET_RADIO_CAPABILITY [SUB0]
02-20 21:09:51.217  1374  1483 D RIL     : onRequest: RIL_REQUEST_GET_RADIO_CAPABILITY
02-20 21:09:51.217  1915  1983 D RilRequest: [3660]< RIL_REQUEST_GET_RADIO_CAPABILITY error: com.android.internal.telephony.CommandException: RADIO_NOT_AVAILABLE ret=
02-20 21:09:51.217  1915  1915 D RILJ    : [3661]> RIL_REQUEST_START_LCE [SUB0]
02-20 21:09:51.217  1374  1483 D RIL     : onRequest: <unknown request>
02-20 21:09:51.217  1915  1983 D RilRequest: [3661]< RIL_REQUEST_START_LCE error: com.android.internal.telephony.CommandException: RADIO_NOT_AVAILABLE ret=
02-20 21:09:51.218  1915  1915 D GsmCdmaPhone: [GsmCdmaPhone] Event EVENT_RADIO_OFF_OR_NOT_AVAILABLE Received
02-20 21:09:51.218  1915  1915 E IccCardProxy: setExternalState: !override and newstate unchanged from NOT_READY
02-20 21:09:51.218  1915  1915 D SST     : mDeviceShuttingDown=false, mDesiredPowerState=true, getRadioState=RADIO_OFF, mPowerOffDelayNeed=true, mAlarmSwitch=false, mRadioDisabledByCarrier=false
02-20 21:09:51.218  1915  1915 D RILJ    : [3662]> RADIO_POWER on [SUB0]
02-20 21:09:51.218  1374  1483 D RIL     : onRequest: RADIO_POWER
02-20 21:09:51.218  1374  1483 D AT      : AT> AT+CFUN=1
02-20 21:09:51.218  1374  1487 D AT      : AT< OK
02-20 21:09:51.218  1374  1483 D RIL     : setRadioState(10)
02-20 21:09:51.218  1915  1983 D RILJ    : [UNSL]< UNSOL_RESPONSE_RADIO_STATE_CHANGED RADIO_ON [SUB0]
02-20 21:09:51.218  1915  1983 D RILJ    : [UNSL]< UNSOL_RESPONSE_SIM_STATUS_CHANGED [SUB0]
02-20 21:09:51.219  1915  1983 D RILJ    : [3662]< RADIO_POWER  [SUB0]
02-20 21:09:51.219  1915  1915 D RILJ    : [3663]> OPERATOR [SUB0]
02-20 21:09:51.219  1374  1483 D RIL     : onRequest: OPERATOR
02-20 21:09:51.219  1374  1483 D AT      : AT> AT+COPS=3,0;+COPS?;+COPS=3,1;+COPS?;+COPS=3,2;+COPS?
02-20 21:09:51.219  1374  1487 D AT      : AT< +COPS: 0,0,"Android"
02-20 21:09:51.219  1374  1487 D AT      : AT< +COPS: 0,1,"Android"
02-20 21:09:51.219  1374  1487 D AT      : AT< +COPS: 0,2,"310260"
02-20 21:09:51.219  1374  1487 D AT      : AT< OK
02-20 21:09:51.219  1915  1983 D RILJ    : [3663]< OPERATOR {Android, Android, 310260} [SUB0]
02-20 21:09:51.220  1915  1915 D RILJ    : [3664]> DATA_REGISTRATION_STATE [SUB0]
02-20 21:09:51.220  1374  1483 D RIL     : onRequest: DATA_REGISTRATION_STATE
02-20 21:09:51.220  1374  1483 D RIL     : requestRegistrationState
02-20 21:09:51.220  1374  1483 D AT      : AT> AT+CGREG?
02-20 21:09:51.220  1374  1487 D AT      : AT< +CGREG: 1,1,"0003","005b","000e"
02-20 21:09:51.220  1374  1487 D AT      : AT< OK
02-20 21:09:51.220  1374  1483 D RIL     : parseRegistrationState. Parsing: +CGREG: 1,1,"0003","005b","000e"
02-20 21:09:51.220  1374  1483 D RIL     : registration state type: 3GPP
02-20 21:09:51.220  1915  1983 D RILJ    : [3664]< DATA_REGISTRATION_STATE {1, 3, 5b, 14, null, null} [SUB0]
02-20 21:09:51.221  1915  1915 D RILJ    : [3665]> VOICE_REGISTRATION_STATE [SUB0]
02-20 21:09:51.221  1374  1483 D RIL     : onRequest: VOICE_REGISTRATION_STATE
02-20 21:09:51.221  1374  1483 D RIL     : requestRegistrationState
02-20 21:09:51.221  1374  1483 D AT      : AT> AT+CREG?
02-20 21:09:51.221  1374  1487 D AT      : AT< +CREG: 2,1, "0003", "005b"
02-20 21:09:51.221  1374  1487 D AT      : AT< OK
02-20 21:09:51.221  1374  1483 D RIL     : parseRegistrationState. Parsing: +CREG: 2,1, "0003", "005b"
02-20 21:09:51.221  1374  1483 D RIL     : registration state type: 3GPP
02-20 21:09:51.221  1915  1983 D RILJ    : [3665]< VOICE_REGISTRATION_STATE {1, 3, 5b, 0, null, null, null, null, null, null, null, null, null, null, null} [SUB0]
02-20 21:09:51.222  1915  1915 D RILJ    : [3666]> QUERY_NETWORK_SELECTION_MODE [SUB0]
02-20 21:09:51.222  1374  1483 D RIL     : onRequest: QUERY_NETWORK_SELECTION_MODE
02-20 21:09:51.222  1678  1786 I am_proc_bound: [0,2038,com.android.cellbroadcastreceiver]
02-20 21:09:51.222  1374  1483 D AT      : AT> AT+COPS?
02-20 21:09:51.222  1374  1487 D AT      : AT< +COPS: 0,2,310260
02-20 21:09:51.222  1374  1487 D AT      : AT< OK
02-20 21:09:51.222  1915  1983 D RILJ    : [3666]< QUERY_NETWORK_SELECTION_MODE {0} [SUB0]
02-20 21:09:51.222  1915  1915 D SST     : NITZ: 18/02/20:21:09:44+0:0:Unknown!Unknown,4363 start=12222 delay=7859
02-20 21:09:51.222  1915  1915 D SST     : NITZ: tzOffset=0 dst=0 zone=GMT iso= mGotCountryCode=false mNeedFixZoneAfterNitz=false
02-20 21:09:51.222  1915  1915 D SST     : setAndBroadcastNetworkSetTimeZone: setTimeZone=GMT
02-20 21:09:51.223  1678  1787 D AlarmManagerService: Kernel timezone updated to 0 minutes west of GMT
02-20 21:09:51.225  1915  1915 D SST     : setAndBroadcastNetworkSetTimeZone: call alarm.setTimeZone and broadcast zoneId=GMT
02-20 21:09:51.226  1915  1915 D SST     : NITZ: Setting time of day to Tue Feb 20 21:09:51 GMT+00:00 2018 NITZ receive delay(ms): 7862 gained(ms): 636 from 18/02/20:21:09:44+0:0:Unknown!Unknown
02-20 21:09:51.226  1915  1915 D SST     : setAndBroadcastNetworkSetTime: time=1519160991862ms
02-20 21:09:51.226  1678  1787 D AlarmManagerService: Setting time of day to sec=1519160991
02-20 21:09:51.863  1678  1787 W AlarmManagerService: Unable to set rtc to 1519160991: No such device
02-20 21:09:51.863  1678  1678 D TelephonyRegistry: notifyCellLocationForSubscriber: subId=0 cellLocation=Bundle[{}]
02-20 21:09:51.863  1915  1944 D SubscriptionController: [getPhoneId]- no sims, returning default phoneId=2147483647
02-20 21:09:51.866  1678  1678 D ConditionProviders.SCP: onReceive android.intent.action.TIME_SET
02-20 21:09:51.866  1678  1678 D ConditionProviders.SCP: notifyCondition condition://android/schedule?days=6.7&start=23.30&end=10.0&exitAtAlarm=false STATE_FALSE reason=!meetsSchedule
02-20 21:09:51.866  1678  1678 D ConditionProviders.SCP: notifyCondition condition://android/schedule?days=1.2.3.4.5&start=22.0&end=7.0&exitAtAlarm=false STATE_FALSE reason=!meetsSchedule
02-20 21:09:51.871  1678  1678 D ConditionProviders.SCP: Scheduling evaluate for Tue Feb 20 22:00:00 GMT+00:00 2018 (1519164000000), in +50m8s134ms, now=Tue Feb 20 21:09:51 GMT+00:00 2018 (1519160991866)
02-20 21:09:51.884  1915  1915 I SST     : NITZ: after Setting time of day
02-20 21:09:51.884  1915  1915 D SST     : NITZ: end=12249 dur=27
02-20 21:09:51.885  1678  1691 I SyncManager: Got SyncJobService instance.
02-20 21:09:51.886  1915  1915 D SST     : onSignalStrengthResult() Exception from RIL : com.android.internal.telephony.CommandException: RADIO_NOT_AVAILABLE
02-20 21:09:51.903  1915  1915 D SST     : mDeviceShuttingDown=false, mDesiredPowerState=true, getRadioState=RADIO_ON, mPowerOffDelayNeed=true, mAlarmSwitch=false, mRadioDisabledByCarrier=false
02-20 21:09:51.904  1915  1915 D RILJ    : [3667]> OPERATOR [SUB0]
02-20 21:09:51.924  1915  1915 D RILJ    : [3668]> DATA_REGISTRATION_STATE [SUB0]
02-20 21:09:51.925  1374  1483 D RIL     : onRequest: OPERATOR
02-20 21:09:51.925  1374  1483 D AT      : AT> AT+COPS=3,0;+COPS?;+COPS=3,1;+COPS?;+COPS=3,2;+COPS?
02-20 21:09:51.928  1915  1915 D RILJ    : [3669]> VOICE_REGISTRATION_STATE [SUB0]
02-20 21:09:51.929  1915  1915 D RILJ    : [3670]> QUERY_NETWORK_SELECTION_MODE [SUB0]
02-20 21:09:51.929  1915  1915 D DCT     : [0]NETWORK_STATE_CHANGED_ACTION: mIsWifiConnected=false
02-20 21:09:51.929  1915  1915 D DCT     : [0]Wifi state changed
02-20 21:09:51.929  1915  1915 D DCT     : [0]WIFI_STATE_CHANGED_ACTION: enabled=true mIsWifiConnected=false
02-20 21:09:51.929  1915  1915 D DCT     : [0]onRadioAvailable
02-20 21:09:51.929  1915  1915 D DCT     : [0]onRadioOffOrNotAvailable: is off and clean up all connections
02-20 21:09:51.929  1915  1915 D DCT     : [0]cleanUpAllConnections: tearDown=false reason=radioTurnedOff
02-20 21:09:51.929  1915  1915 D GsmCdmaPhone: [GsmCdmaPhone] getDataConnectionState apnType=default ret=DISCONNECTED
02-20 21:09:51.930  1374  1487 D AT      : AT< +COPS: 0,0,"Android"
02-20 21:09:51.930  1374  1487 D AT      : AT< +COPS: 0,1,"Android"
02-20 21:09:51.930  1374  1487 D AT      : AT< +COPS: 0,2,"310260"
02-20 21:09:51.930  1374  1487 D AT      : AT< OK
02-20 21:09:51.930  1374  1483 D RIL     : onRequest: DATA_REGISTRATION_STATE
02-20 21:09:51.930  1374  1483 D RIL     : requestRegistrationState
02-20 21:09:51.930  1374  1483 D AT      : AT> AT+CGREG?
02-20 21:09:51.930  1915  1983 D RILJ    : [3667]< OPERATOR {Android, Android, 310260} [SUB0]
02-20 21:09:51.930  1374  1487 D AT      : AT< +CGREG: 1,1,"0003","005b","000e"
02-20 21:09:51.930  1374  1487 D AT      : AT< OK
02-20 21:09:51.930  1374  1483 D RIL     : parseRegistrationState. Parsing: +CGREG: 1,1,"0003","005b","000e"
02-20 21:09:51.930  1374  1483 D RIL     : registration state type: 3GPP
02-20 21:09:51.930  1374  1483 D RIL     : onRequest: VOICE_REGISTRATION_STATE
02-20 21:09:51.930  1374  1483 D RIL     : requestRegistrationState
02-20 21:09:51.930  1374  1483 D AT      : AT> AT+CREG?
02-20 21:09:51.930  1374  1487 D AT      : AT< +CREG: 2,1, "0003", "005b"
02-20 21:09:51.930  1374  1487 D AT      : AT< OK
02-20 21:09:51.930  1915  1983 D RILJ    : [3668]< DATA_REGISTRATION_STATE {1, 3, 5b, 14, null, null} [SUB0]
02-20 21:09:51.930  1374  1483 D RIL     : parseRegistrationState. Parsing: +CREG: 2,1, "0003", "005b"
02-20 21:09:51.930  1374  1483 D RIL     : registration state type: 3GPP
02-20 21:09:51.930  1374  1483 D RIL     : onRequest: QUERY_NETWORK_SELECTION_MODE
02-20 21:09:51.930  1374  1483 D AT      : AT> AT+COPS?
02-20 21:09:51.930  1374  1487 D AT      : AT< +COPS: 0,2,310260
02-20 21:09:51.930  1374  1487 D AT      : AT< OK
02-20 21:09:51.930  1915  1983 D RILJ    : [3669]< VOICE_REGISTRATION_STATE {1, 3, 5b, 0, null, null, null, null, null, null, null, null, null, null, null} [SUB0]
02-20 21:09:51.931  1915  1983 D RILJ    : [3670]< QUERY_NETWORK_SELECTION_MODE {0} [SUB0]
02-20 21:09:51.945  1915  1915 D DCT     : [0]cleanUpConnection: X tearDown=false reason=radioTurnedOff apnContext={mApnType=default mState=IDLE mWaitingApns={null} mApnSetting={null} mReason=radioTurnedOff mDataEnabled=false mDependencyMet=true} dcac=null
02-20 21:09:51.945  1915  1915 D GsmCdmaPhone: [GsmCdmaPhone] getDataConnectionState apnType=mms ret=DISCONNECTED
02-20 21:09:51.947  1915  1915 D DCT     : [0]cleanUpConnection: X tearDown=false reason=radioTurnedOff apnContext={mApnType=mms mState=IDLE mWaitingApns={null} mApnSetting={null} mReason=radioTurnedOff mDataEnabled=false mDependencyMet=true} dcac=null
02-20 21:09:51.948  1915  1915 D GsmCdmaPhone: [GsmCdmaPhone] getDataConnectionState apnType=cbs ret=DISCONNECTED
02-20 21:09:51.948  1915  1915 D DCT     : [0]cleanUpConnection: X tearDown=false reason=radioTurnedOff apnContext={mApnType=cbs mState=IDLE mWaitingApns={null} mApnSetting={null} mReason=radioTurnedOff mDataEnabled=false mDependencyMet=true} dcac=null
02-20 21:09:51.948  1915  1915 D GsmCdmaPhone: [GsmCdmaPhone] getDataConnectionState apnType=fota ret=DISCONNECTED
02-20 21:09:51.948  1915  1915 D DCT     : [0]cleanUpConnection: X tearDown=false reason=radioTurnedOff apnContext={mApnType=fota mState=IDLE mWaitingApns={null} mApnSetting={null} mReason=radioTurnedOff mDataEnabled=false mDependencyMet=true} dcac=null
02-20 21:09:51.948  1915  1915 D GsmCdmaPhone: [GsmCdmaPhone] getDataConnectionState apnType=supl ret=DISCONNECTED
02-20 21:09:51.949  1915  1915 D DCT     : [0]cleanUpConnection: X tearDown=false reason=radioTurnedOff apnContext={mApnType=supl mState=IDLE mWaitingApns={null} mApnSetting={null} mReason=radioTurnedOff mDataEnabled=false mDependencyMet=true} dcac=null
02-20 21:09:51.949  1915  1915 D GsmCdmaPhone: [GsmCdmaPhone] getDataConnectionState apnType=ia ret=DISCONNECTED
02-20 21:09:51.949  1915  1915 D DCT     : [0]cleanUpConnection: X tearDown=false reason=radioTurnedOff apnContext={mApnType=ia mState=IDLE mWaitingApns={null} mApnSetting={null} mReason=radioTurnedOff mDataEnabled=false mDependencyMet=true} dcac=null
02-20 21:09:51.949  1915  1915 D GsmCdmaPhone: [GsmCdmaPhone] getDataConnectionState apnType=emergency ret=DISCONNECTED
02-20 21:09:51.950  1915  1915 D DCT     : [0]cleanUpConnection: X tearDown=false reason=radioTurnedOff apnContext={mApnType=emergency mState=IDLE mWaitingApns={null} mApnSetting={null} mReason=radioTurnedOff mDataEnabled=false mDependencyMet=true} dcac=null
02-20 21:09:51.950  1915  1915 D GsmCdmaPhone: [GsmCdmaPhone] getDataConnectionState apnType=hipri ret=DISCONNECTED
02-20 21:09:51.950  1915  1915 D DCT     : [0]cleanUpConnection: X tearDown=false reason=radioTurnedOff apnContext={mApnType=hipri mState=IDLE mWaitingApns={null} mApnSetting={null} mReason=radioTurnedOff mDataEnabled=false mDependencyMet=true} dcac=null
02-20 21:09:51.950  1915  1915 D GsmCdmaPhone: [GsmCdmaPhone] getDataConnectionState apnType=ims ret=DISCONNECTED
02-20 21:09:51.951  1915  1915 D DCT     : [0]cleanUpConnection: X tearDown=false reason=radioTurnedOff apnContext={mApnType=ims mState=IDLE mWaitingApns={null} mApnSetting={null} mReason=radioTurnedOff mDataEnabled=false mDependencyMet=true} dcac=null
02-20 21:09:51.951  1915  1915 D DCT     : [0]stopNetStatPoll
02-20 21:09:51.953  1915  1915 D DCT     : [0]cleanUpConnection: mDisconnectPendingCount = 0
02-20 21:09:51.953  1915  1915 D DCT     : [0]isDataAllowed: No - SIM not loaded - Not attached
02-20 21:09:51.976  1915  1915 D DCT     : [0]onDataConnectionDetached: stop polling and notify detached
02-20 21:09:51.976  1915  1915 D DCT     : [0]stopNetStatPoll
02-20 21:09:51.976  1915  1915 D DCT     : [0]notifyDataConnection: reason=dataDetached
02-20 21:09:51.977  1915  1915 D DCT     : [0]isDataAllowed: No - SIM not loaded - Not attached
02-20 21:09:51.986  1915  1915 D DCT     : [0]onRoamingOff
02-20 21:09:51.986  1915  1915 D DCT     : [0]isDataAllowed: No - SIM not loaded - Not attached
02-20 21:09:52.012  1915  1915 D DCT     : [0]setupDataOnConnectableApns: roamingOff hipri:[state=IDLE,enabled=false] mms:[state=IDLE,enabled=false] supl:[state=IDLE,enabled=false] ia:[state=IDLE,enabled=false] fota:[state=IDLE,enabled=false] ims:[state=IDLE,enabled=false] cbs:[state=IDLE,enabled=false] default:[state=IDLE,enabled=false] emergency:[state=IDLE,enabled=false] 
02-20 21:09:52.012  1915  1915 D DCT     : [0]setupDataOnConnectableApns: nwTypeChanged hipri:[state=IDLE,enabled=false] mms:[state=IDLE,enabled=false] supl:[state=IDLE,enabled=false] ia:[state=IDLE,enabled=false] fota:[state=IDLE,enabled=false] ims:[state=IDLE,enabled=false] cbs:[state=IDLE,enabled=false] default:[state=IDLE,enabled=false] emergency:[state=IDLE,enabled=false] 
02-20 21:09:52.012  1915  1915 D SubscriptionInfoUpdater: [Receiver]+
02-20 21:09:52.012  1915  1915 D SubscriptionInfoUpdater: Action: android.intent.action.SIM_STATE_CHANGED
02-20 21:09:52.012  1915  1915 D SubscriptionInfoUpdater: slotId: 0
02-20 21:09:52.013  1915  1915 D SubscriptionInfoUpdater: simStatus: NOT_READY
02-20 21:09:52.013  1915  1915 D SubscriptionInfoUpdater: Ignoring simStatus: NOT_READY
02-20 21:09:52.013  1915  1915 D SubscriptionInfoUpdater: [Receiver]-
02-20 21:09:52.013  1915  1915 D PhoneSwitcherNetworkRequstListener: got request NetworkRequest [ REQUEST id=1, [ Capabilities: INTERNET&NOT_RESTRICTED&TRUSTED&NOT_VPN] ] with score 0
02-20 21:09:52.013  1915  1915 D TelephonyNetworkFactory[0]: onSubIdChange -1->-2
02-20 21:09:52.014  1915  1915 D TelephonyNetworkFactory[0]: got request NetworkRequest [ REQUEST id=1, [ Capabilities: INTERNET&NOT_RESTRICTED&TRUSTED&NOT_VPN] ] with score 0
02-20 21:09:52.022  1915  1915 D DebugService: DebugService DebugService:
02-20 21:09:52.022  1915  1915 D TelephonyDebugService: TelephonyDebugService()
02-20 21:09:52.023  1915  1915 D CarrierConfigLoader: mHandler: 12 phoneId: 0
02-20 21:09:52.024  1915  1915 D RILJ    : [3671]> RIL_REQUEST_QUERY_TTY_MODE [SUB0]
02-20 21:09:52.024  1374  1483 D RIL     : onRequest: QUERY_TTY_MODE
02-20 21:09:52.024  1374  1483 D RIL     : Request not supported. Tech: 1
02-20 21:09:52.025  1915  1983 D RilRequest: [3671]< RIL_REQUEST_QUERY_TTY_MODE error: com.android.internal.telephony.CommandException: REQUEST_NOT_SUPPORTED ret=
02-20 21:09:52.025  1915  1915 D UiccController: Received EVENT_GET_ICC_STATUS_DONE
02-20 21:09:52.025  1915  1915 D UiccCard: 2 applications
02-20 21:09:52.025  1915  1915 D UiccCardApplication: Creating UiccApp: {APPTYPE_SIM,APPSTATE_DETECTED}
02-20 21:09:52.028  1915  1915 W VoiceMailConstants: Can't open /system/etc/voicemail-conf.xml
02-20 21:09:52.028  1915  1915 D SpnOverride: No SPN in OEM image = /oem/telephony/spn-conf.xml Load SPN from system image
02-20 21:09:52.029  1915  1915 W SpnOverride: Can not open /system/etc/spn-conf.xml
02-20 21:09:52.029  1915  1915 D SIMRecords: [SIMRecords] setting0 mMncLength-1
02-20 21:09:52.029  1915  1915 D SIMRecords: [SIMRecords] SIMRecords: onRadioOffOrNotAvailable set 'gsm.sim.operator.numeric' to operator=null
02-20 21:09:52.029  1915  1915 D SIMRecords: [SIMRecords] update icc_operator_numeric=null
02-20 21:09:52.029  1915  1915 D TelephonyManager: setTelephonyProperty: success phoneId=0 property=gsm.sim.operator.numeric value:  propVal=
02-20 21:09:52.029  1915  1915 D TelephonyManager: setTelephonyProperty: success phoneId=0 property=gsm.sim.operator.alpha value:  propVal=
02-20 21:09:52.029  1915  1915 D TelephonyManager: setTelephonyProperty: success phoneId=0 property=gsm.sim.operator.iso-country value:  propVal=
02-20 21:09:52.029  1915  1915 D SIMRecords: [SIMRecords] getOperatorNumeric: IMSI == null
02-20 21:09:52.029  1915  1915 D SIMRecords: [SIMRecords] SIMRecords X ctor this=SimRecords: mDestroyed=false mContext=com.android.phone.PhoneGlobals@df674b6 mCi=com.android.internal.telephony.RIL@6b18b18 mFh=Handler (com.android.internal.telephony.uicc.SIMFileHandler) {44355b7} mParentApp=com.android.internal.telephony.uicc.UiccCardApplication@7537124 recordsLoadedRegistrants=android.os.RegistrantList@d8548d mImsiReadyRegistrants=android.os.RegistrantList@7ed2642 mRecordsEventsRegistrants=android.os.RegistrantList@aad9653 mNewSmsRegistrants=android.os.RegistrantList@6e87b90 mNetworkSelectionModeAutomaticRegistrants=android.os.RegistrantList@802ac89 recordsToLoad=0 adnCache=Handler (com.android.internal.telephony.uicc.AdnRecordCache) {4ab648e} recordsRequested=false iccid=null msisdnTag=null voiceMailNum=null voiceMailTag=null voiceMailNum=null newVoiceMailTag=null isVoiceMailFixed=false mImsi=null mncLength=-1 mailboxIndex=0 spn=null mVmConfigcom.android.internal.telephony.uicc.VoiceMailConstants@97144af mSpnOverride=mSpnOverride callForwardingEnabled=0 spnState=null mCphsInfo=null mCspPlmnEnabled=true efMWIS=null efCPHS_MWI=null mEfCff=null mEfCfis=null getOperatorNumeric=null
02-20 21:09:52.030  1915  1915 D UiccCardApplication: Creating UiccApp: {APPTYPE_RUIM,APPSTATE_DETECTED}
02-20 21:09:52.030  1915  1915 D RuimRecords: [RuimRecords] setting0 mMncLength-1
02-20 21:09:52.030  1915  1915 D RuimRecords: [RuimRecords] RuimRecords X ctor this=RuimRecords: mDestroyed=false mContext=com.android.phone.PhoneGlobals@df674b6 mCi=com.android.internal.telephony.RIL@6b18b18 mFh=Handler (com.android.internal.telephony.uicc.RuimFileHandler) {b608845} mParentApp=com.android.internal.telephony.uicc.UiccCardApplication@bfd3b9a recordsLoadedRegistrants=android.os.RegistrantList@6177ccb mImsiReadyRegistrants=android.os.RegistrantList@82ca8 mRecordsEventsRegistrants=android.os.RegistrantList@30663c1 mNewSmsRegistrants=android.os.RegistrantList@4637766 mNetworkSelectionModeAutomaticRegistrants=android.os.RegistrantList@b9f1aa7 recordsToLoad=0 adnCache=Handler (com.android.internal.telephony.uicc.AdnRecordCache) {1076b54} recordsRequested=false iccid=null msisdnTag=null voiceMailNum=null voiceMailTag=null voiceMailNum=null newVoiceMailTag=null isVoiceMailFixed=false mImsi=null mncLength=-1 mailboxIndex=0 spn=null m_ota_commitedfalse mMyMobileNumber=xxxx mMin2Min1=null mPrlVersion=null mEFpl=null mEFli=null mCsimSpnDisplayCondition=false mMdn=null mMin=null mHomeSystemId=null mHomeNetworkId=null
02-20 21:09:52.033  1763  1763 I OpaLayout: Setting opa enabled to false
02-20 21:09:52.036  1763  1763 I OpaLayout: Setting opa enabled to false
02-20 21:09:52.039  1915  1915 D CAT     : CatService: registerForRecordsLoaded slotid=0 instance:Handler (com.android.internal.telephony.cat.CatService) {e72c9f9}
02-20 21:09:52.039  1915  1915 D CAT     : CatService: Running CAT service on Slotid: 0. STK app installed:false
02-20 21:09:52.039  1915  1915 D UiccCard: Before privilege rules: null : CARDSTATE_PRESENT
02-20 21:09:52.040  1915  1915 D RILJ    : [3672]> RIL_REQUEST_SIM_OPEN_CHANNEL [SUB0]
02-20 21:09:52.042  1915  1915 E UiccCard: App index 8 is invalid since there are no applications
02-20 21:09:52.042  1915  1915 D UiccCard: update: radioState=RADIO_ON mLastRadioState=RADIO_UNAVAILABLE
02-20 21:09:52.042  1915  1915 D UiccController: Notifying IccChangedRegistrants
02-20 21:09:52.043  1374  1483 D RIL     : onRequest: SIM_OPEN_CHANNEL
02-20 21:09:52.043  1374  1483 D AT      : AT> AT+CCHO=A00000015141434C00
02-20 21:09:52.044  1915  1915 D GsmCdmaPhone: get phone radio capability fail, no need to change mRadioCapability
02-20 21:09:52.044  1915  1915 D GsmCdmaPhone: EVENT_GET_RADIO_CAPABILITY: phone rc: null
02-20 21:09:52.044  1915  1915 D Phone   : config LCE service failed: com.android.internal.telephony.CommandException: RADIO_NOT_AVAILABLE
02-20 21:09:52.044  1915  1915 D SST     : mDeviceShuttingDown=false, mDesiredPowerState=true, getRadioState=RADIO_ON, mPowerOffDelayNeed=true, mAlarmSwitch=false, mRadioDisabledByCarrier=false
02-20 21:09:52.044  1915  1915 D RILJ    : [3673]> OPERATOR [SUB0]
02-20 21:09:52.044  1915  1915 D RILJ    : [3674]> DATA_REGISTRATION_STATE [SUB0]
02-20 21:09:52.051  1374  1487 D AT      : AT< 1
02-20 21:09:52.051  1374  1487 D AT      : AT< OK
02-20 21:09:52.051  1374  1483 D RIL     : onRequest: OPERATOR
02-20 21:09:52.051  1374  1483 D AT      : AT> AT+COPS=3,0;+COPS?;+COPS=3,1;+COPS?;+COPS=3,2;+COPS?
02-20 21:09:52.051  1915  1983 D RILJ    : [3672]< RIL_REQUEST_SIM_OPEN_CHANNEL  [SUB0]
02-20 21:09:52.052  1374  1487 D AT      : AT< +COPS: 0,0,"Android"
02-20 21:09:52.052  1374  1487 D AT      : AT< +COPS: 0,1,"Android"
02-20 21:09:52.052  1374  1487 D AT      : AT< +COPS: 0,2,"310260"
02-20 21:09:52.052  1374  1487 D AT      : AT< OK
02-20 21:09:52.053  1915  1915 D RILJ    : [3675]> VOICE_REGISTRATION_STATE [SUB0]
02-20 21:09:52.053  1915  1915 D RILJ    : [3676]> QUERY_NETWORK_SELECTION_MODE [SUB0]
02-20 21:09:52.054  1374  1483 D RIL     : onRequest: DATA_REGISTRATION_STATE
02-20 21:09:52.054  1374  1483 D RIL     : requestRegistrationState
02-20 21:09:52.054  1374  1483 D AT      : AT> AT+CGREG?
02-20 21:09:52.054  1374  1487 D AT      : AT< +CGREG: 1,1,"0003","005b","000e"
02-20 21:09:52.054  1374  1487 D AT      : AT< OK
02-20 21:09:52.054  1374  1483 D RIL     : parseRegistrationState. Parsing: +CGREG: 1,1,"0003","005b","000e"
02-20 21:09:52.054  1374  1483 D RIL     : registration state type: 3GPP
02-20 21:09:52.054  1374  1483 D RIL     : onRequest: VOICE_REGISTRATION_STATE
02-20 21:09:52.054  1374  1483 D RIL     : requestRegistrationState
02-20 21:09:52.054  1374  1483 D AT      : AT> AT+CREG?
02-20 21:09:52.054  1915  1915 D RILJ    : [3677]> GET_CURRENT_CALLS [SUB0]
02-20 21:09:52.054  1915  1983 D RILJ    : [3673]< OPERATOR {Android, Android, 310260} [SUB0]
02-20 21:09:52.055  1374  1487 D AT      : AT< +CREG: 2,1, "0003", "005b"
02-20 21:09:52.055  1374  1487 D AT      : AT< OK
02-20 21:09:52.055  1374  1483 D RIL     : parseRegistrationState. Parsing: +CREG: 2,1, "0003", "005b"
02-20 21:09:52.055  1374  1483 D RIL     : registration state type: 3GPP
02-20 21:09:52.055  1915  1915 D RILJ    : [3678]> RIL_REQUEST_IMS_REGISTRATION_STATE [SUB0]
02-20 21:09:52.055  1374  1483 D RIL     : onRequest: QUERY_NETWORK_SELECTION_MODE
02-20 21:09:52.055  1374  1483 D AT      : AT> AT+COPS?
02-20 21:09:52.055  1374  1487 D AT      : AT< +COPS: 0,2,310260
02-20 21:09:52.055  1374  1487 D AT      : AT< OK
02-20 21:09:52.055  1374  1483 D RIL     : onRequest: GET_CURRENT_CALLS
02-20 21:09:52.055  1374  1483 D AT      : AT> AT+CLCC
02-20 21:09:52.056  1915  1915 D RILJ    : [3679]> RIL_REQUEST_CDMA_GET_SUBSCRIPTION_SOURCE [SUB0]
02-20 21:09:52.056  1915  1983 D RILJ    : [3674]< DATA_REGISTRATION_STATE {1, 3, 5b, 14, null, null} [SUB0]
02-20 21:09:52.058  1374  1487 D AT      : AT< OK
02-20 21:09:52.058  1374  1483 D RIL     : onRequest: IMS_REGISTRATION_STATE
02-20 21:09:52.058  1374  1483 D RIL     : IMS_REGISTRATION=0, format=1 
02-20 21:09:52.058  1915  1915 D GsmCdmaPhone: [GsmCdmaPhone] Event EVENT_RADIO_ON Received
02-20 21:09:52.059  1915  1915 D RILJ    : [3680]> RIL_REQUEST_VOICE_RADIO_TECH [SUB0]
02-20 21:09:52.059  1915  1983 D RILJ    : [3675]< VOICE_REGISTRATION_STATE {1, 3, 5b, 0, null, null, null, null, null, null, null, null, null, null, null} [SUB0]
02-20 21:09:52.059  1374  1483 D RIL     : onRequest: CDMA_GET_SUBSCRIPTION_SOURCE
02-20 21:09:52.059  1374  1483 D RIL     : Request not supported. Tech: 1
02-20 21:09:52.060  1915  1915 D UiccController: Received EVENT_ICC_STATUS_CHANGED, calling getIccCardStatus
02-20 21:09:52.060  1374  1483 D RIL     : onRequest: VOICE_RADIO_TECH
02-20 21:09:52.060  1915  1983 D RILJ    : [3676]< QUERY_NETWORK_SELECTION_MODE {0} [SUB0]
02-20 21:09:52.060  1915  1983 D RILJ    : [3677]< GET_CURRENT_CALLS {} [SUB0]
02-20 21:09:52.061  2038  2038 W System  : ClassLoader referenced unknown path: /system/priv-app/CellBroadcastReceiver/lib/x86_64
02-20 21:09:52.061  1915  1983 D RILJ    : [3678]< RIL_REQUEST_IMS_REGISTRATION_STATE {0, 1} [SUB0]
02-20 21:09:52.061  1915  1915 D RILJ    : [3681]> GET_SIM_STATUS [SUB0]
02-20 21:09:52.061  1915  1983 D RilRequest: [3679]< RIL_REQUEST_CDMA_GET_SUBSCRIPTION_SOURCE error: com.android.internal.telephony.CommandException: REQUEST_NOT_SUPPORTED ret=
02-20 21:09:52.062  1915  1915 D SST     : EVENT_POLL_STATE_NETWORK_SELECTION_MODE
02-20 21:09:52.062  1915  1983 D RILJ    : [3680]< RIL_REQUEST_VOICE_RADIO_TECH {11} [SUB0]
02-20 21:09:52.062  1915  1915 D SST     : EVENT_POLL_STATE_NETWORK_SELECTION_MODE
02-20 21:09:52.062  1374  1483 D RIL     : onRequest: GET_SIM_STATUS
02-20 21:09:52.062  1374  1483 D RIL     : getSIMStatus(). sState: 10
02-20 21:09:52.062  1374  1483 D AT      : AT> AT+CPIN?
02-20 21:09:52.062  1374  1487 D AT      : AT< +CPIN: READY
02-20 21:09:52.062  1374  1487 D AT      : AT< OK
02-20 21:09:52.063  1915  1983 D RILJ    : [3681]< GET_SIM_STATUS IccCardState {CARDSTATE_PRESENT,PINSTATE_UNKNOWN,num_apps=2,gsm_id=0{APPTYPE_SIM,APPSTATE_READY},cdma_id=1{APPTYPE_RUIM,APPSTATE_READY},ims_id=8} [SUB0]
02-20 21:09:52.065  1678  1747 E ActivityThread: Failed to find provider info for com.android.calendar
02-20 21:09:52.067  1678  1747 E ActivityThread: Failed to find provider info for com.android.calendar
02-20 21:09:52.092  1915  1915 D PhoneSwitcher: evaluating due to netRequest default 0->1 phone[0] 0->-2
02-20 21:09:52.093  1915  1915 D TelephonyNetworkFactory[0]: not acting - isApp=false, isAct=false NetworkRequest [ REQUEST id=1, [ Capabilities: INTERNET&NOT_RESTRICTED&TRUSTED&NOT_VPN] ]
02-20 21:09:52.093  1915  1915 D CAT     : CatService: handleMessage[8]
02-20 21:09:52.093  1915  1915 D CAT     : CatService: MSG_ID_ICC_CHANGED
02-20 21:09:52.093  1915  1915 D CAT     : CatService: New Card State = CARDSTATE_PRESENT Old Card State = CARDSTATE_ABSENT
02-20 21:09:52.093  1915  1915 D RILJ    : [3682]> RIL_REQUEST_REPORT_STK_SERVICE_IS_RUNNING [SUB0]
02-20 21:09:52.095  1374  1483 D RIL     : onRequest: REPORT_STK_SERVICE_IS_RUNNING
02-20 21:09:52.095  1915  1915 D GsmCdmaPhone: [GsmCdmaPhone] New Uicc application found. type = APPTYPE_SIM
02-20 21:09:52.095  1374  1483 D RIL     : Request not supported. Tech: 1
02-20 21:09:52.095  1915  1915 D GsmSMSDispatcher: GsmSMSDispatcher: subId = -2 slotId = 0
02-20 21:09:52.095  1915  1915 D GsmSMSDispatcher: New Uicc application found
02-20 21:09:52.095  1915  1915 D IccCardProxy: Icc changed. Reregestering.
02-20 21:09:52.095  1915  1915 D SST     : New card found
02-20 21:09:52.095  1915  1915 D CAT     : CatService: handleMessage[8]
02-20 21:09:52.095  1915  1915 D CAT     : CatService: MSG_ID_ICC_CHANGED
02-20 21:09:52.095  1915  1915 D CAT     : CatService: New Card State = CARDSTATE_PRESENT Old Card State = CARDSTATE_PRESENT
02-20 21:09:52.095  1915  1983 D RilRequest: [3682]< RIL_REQUEST_REPORT_STK_SERVICE_IS_RUNNING error: com.android.internal.telephony.CommandException: REQUEST_NOT_SUPPORTED ret=
02-20 21:09:52.096  1915  1915 E SST     : error parsing GprsRegistrationState: java.lang.NumberFormatException: null
02-20 21:09:52.096  1915  1915 D SST     : handlPollStateResultMessage: GsmSST setDataRegState=0 regState=1 dataRadioTechnology=14
02-20 21:09:52.096  1915  1915 D SST     : EVENT_POLL_STATE_NETWORK_SELECTION_MODE
02-20 21:09:52.096  1915  1915 D SST     : Poll ServiceState done:  oldSS=[1 1 voice home data home null null null null null null  Unknown Unknown CSS not supported 0 0 RoamInd=0 DefRoamInd=0 EmergOnly=false IsDataRoamingFromRegistration=false IsUsingCarrierAggregation=false] newSS=[0 0 voice home data home Android Android 310260 Android Android 310260  Unknown LTE CSS not supported 0 0 RoamInd=0 DefRoamInd=0 EmergOnly=false IsDataRoamingFromRegistration=false IsUsingCarrierAggregation=false] oldMaxDataCalls=1 mNewMaxDataCalls=1 oldReasonDataDenied=-1 mNewReasonDataDenied=-1
02-20 21:09:52.096  1915  1915 I gsm_service_state_change: [1,1,0,0]
02-20 21:09:52.097  1915  1915 D TelephonyManager: setTelephonyProperty: success phoneId=0 property=gsm.network.type value: LTE propVal=LTE
02-20 21:09:52.097  1915  1915 D SST     : pollStateDone: registering current mNitzUpdatedTime=true changing to false
02-20 21:09:52.097  1915  1915 D SIMRecords: [SIMRecords] getServiceProviderName: no brandOverride, providerName=null
02-20 21:09:52.097  1915  1915 D SIMRecords: [SIMRecords] getServiceProviderName: no brandOverride, providerName=null
02-20 21:09:52.097  1915  1915 D SST     : updateSpnDisplay: changed sending intent rule=2 showPlmn='true' plmn='Android' showSpn='false' spn='null' dataSpn='null' subId='-2'
02-20 21:09:52.098  1915  1915 D SubscriptionController: [setPlmnSpn] No valid subscription to store info
02-20 21:09:52.098  1915  1915 D SubscriptionController: notifySubscriptionInfoChanged:
02-20 21:09:52.099  1678  1690 D TelephonyRegistry: notifySubscriptionInfoChanged: first invocation mRecords.size=16
02-20 21:09:52.106  1678  1678 I GnssLocationProvider: WakeLock acquired by sendMessage(12, 0, null)
02-20 21:09:52.106  1678  1678 I FusedLocation: engine started (com.android.location.fused)
02-20 21:09:52.106  1915  1944 D SubscriptionController: [getPhoneId]- no sims, returning default phoneId=2147483647
02-20 21:09:52.107  1915  1935 D SubscriptionController: [getActiveSubInfoList] Sub Controller not ready
02-20 21:09:52.108  1915  1915 D TelephonyManager: setTelephonyProperty: success phoneId=0 property=gsm.operator.alpha value: Android propVal=Android
02-20 21:09:52.108  1915  1915 D TelephonyManager: setTelephonyProperty: success phoneId=0 property=gsm.operator.numeric value: 310260 propVal=310260
02-20 21:09:52.108  1915  1915 D SST     : update mccmnc=310260 fromServiceState=true
02-20 21:09:52.109  1915  1915 D MccTable: updateMccMncConfiguration mccmnc='310260' fromServiceState=true
02-20 21:09:52.109  1915  1915 D SubscriptionController: [getPhoneId]- no sims, returning default phoneId=2147483647
02-20 21:09:52.109  1915  1915 D MccTable: updateMccMncConfiguration defaultMccMnc=
02-20 21:09:52.109  1915  1915 D MccTable: updateMccMncConfiguration: mcc=310, mnc=260
02-20 21:09:52.109  1915  1915 D MccTable: WIFI_COUNTRY_CODE set to us
02-20 21:09:52.111  1678  1960 I WifiService: WifiService trying to set country code to us with persist set to false
02-20 21:09:52.121  1678  1691 I GnssLocationProvider: WakeLock released by handleMessage(12, 0, null)
02-20 21:09:52.121  1678  1960 D WifiCountryCode: Succeeded to set country code to: US
02-20 21:09:52.122  1915  1915 D TelephonyManager: setTelephonyProperty: success phoneId=0 property=gsm.operator.iso-country value: us propVal=us
02-20 21:09:52.132  1915  1915 D SST     : pollStateDone: there are 6 unique offsets for iso-cc='us testOneUniqueOffsetPath=false', do nothing
02-20 21:09:52.133  1915  1915 D SST     : shouldFixTimeZoneNow: retVal=true iccCardExist=true operatorNumeric=310260 mcc=310 prevOperatorNumeric= prevMcc=311 needToFixTimeZone=false ltod=02-20 21:09:52.132
02-20 21:09:52.133  1915  1915 D SST     : fixTimeZone zoneName='GMT' mZoneOffset=0 mZoneDst=false iso-cc='us' iso-cc-idx=-21
02-20 21:09:52.133  1915  1915 D SST     : fixTimeZone: using default TimeZone
02-20 21:09:52.133  1915  1915 D SST     : fixTimeZone: zone != null zone.getID=GMT
02-20 21:09:52.133  1915  1915 D SST     : setAndBroadcastNetworkSetTimeZone: setTimeZone=GMT
02-20 21:09:52.133  1678  1786 D AlarmManagerService: Kernel timezone updated to 0 minutes west of GMT
02-20 21:09:52.133  1915  1915 D SST     : setAndBroadcastNetworkSetTimeZone: call alarm.setTimeZone and broadcast zoneId=GMT
02-20 21:09:52.133  1915  1915 D TelephonyManager: setTelephonyProperty: success phoneId=0 property=gsm.operator.isroaming value: false propVal=false
02-20 21:09:52.134  1915  1915 D SST     : Broadcasting ServiceState : 0 0 voice home data home Android Android 310260 Android Android 310260  Unknown LTE CSS not supported 0 0 RoamInd=0 DefRoamInd=0 EmergOnly=false IsDataRoamingFromRegistration=false IsUsingCarrierAggregation=false
02-20 21:09:52.134  1915  1915 D DefaultPhoneNotifier: nofityServiceState: mRegistry=com.android.internal.telephony.ITelephonyRegistry$Stub$Proxy@914d0ec ss=0 0 voice home data home Android Android 310260 Android Android 310260  Unknown LTE CSS not supported 0 0 RoamInd=0 DefRoamInd=0 EmergOnly=false IsDataRoamingFromRegistration=false IsUsingCarrierAggregation=false sender=Handler (com.android.internal.telephony.GsmCdmaPhone) {75bacc7} phondId=0 subId=-2
02-20 21:09:52.134  1915  1915 D SubscriptionController: [getSlotId]- subId invalid
02-20 21:09:52.135  1678  1690 D TelephonyManager: getSimState: default sim:-1, sim state for slotIdx=0 is 6, return state as unknown
02-20 21:09:52.139  1915  1915 D SST     : notifyDataRegStateRilRadioTechnologyChanged: drs=0 rat=14
02-20 21:09:52.139  1915  1915 D TelephonyManager: setTelephonyProperty: success phoneId=0 property=gsm.network.type value: LTE propVal=LTE
02-20 21:09:52.139  1915  1915 D DCT     : [0]get all active apn types
02-20 21:09:52.139  1915  1915 D SST     : getCellLocation(): X good mCellLoc=[3,91,-1]
02-20 21:09:52.139  1678  1787 D TelephonyRegistry: notifyCellLocationForSubscriber: subId=-2 cellLocation=Bundle[mParcelledData.dataSize=64]
02-20 21:09:52.139  1915  1915 D GsmCdmaCallTracker: Event EVENT_POLL_CALLS_RESULT Received
