02-20 21:11:05.617  1679  1679 D TelephonyRegistry: notifyCellLocationForSubscriber: subId=0 cellLocation=Bundle[{}]
02-20 21:11:05.618  1916  1916 D SMSDispatcher: SMSDispatcher: ctor mSmsCapable=true format=3gpp2 mSmsSendDisabled=false
02-20 21:11:05.618  1916  1916 D CdmaSMSDispatcher: CdmaSMSDispatcher created
02-20 21:11:05.619  1373  1373 I MediaPlayerService: MediaPlayerService::getOMX
02-20 21:11:05.623  1916  1929 D SubscriptionController: [getPhoneId]- no sims, returning default phoneId=2147483647
02-20 21:11:05.624  1765  2023 I OMXClient: MuxOMX ctor
02-20 21:11:05.625  1370  1370 I OMXMaster: makeComponentInstance(OMX.google.vorbis.decoder) in mediacodec process
02-20 21:11:05.650  1373  1373 I MediaPlayerService: MediaPlayerService::getOMX
02-20 21:11:05.651  1679  2028 I OMXClient: MuxOMX ctor
02-20 21:11:05.651  1370  1370 I OMXMaster: makeComponentInstance(OMX.google.vorbis.decoder) in mediacodec process
02-20 21:11:05.652  1916  1916 D GsmInboundSmsHandler: created InboundSmsHandler
02-20 21:11:05.678  1679  1693 I boot_progress_enable_screen: 11678
02-20 21:11:05.682  1679  1700 I am_activity_launch_time: [0,208743343,com.android.settings/.FallbackHome,896,896]
02-20 21:11:05.682  1679  1700 I ActivityManager: Displayed com.android.settings/.FallbackHome: +896ms
02-20 21:11:05.682  1679  1693 V KeyguardServiceDelegate: *** Keyguard started
02-20 21:11:05.682  1679  1693 I screen_toggled: 1
02-20 21:11:05.689  1679  1700 I WindowManager: Screen frozen for +823ms due to AppWindowToken{38f8e9a token=Token{fd91bbc ActivityRecord{c712baf u0 com.android.settings/.FallbackHome t1}}}
02-20 21:11:05.693  1916  1916 D CdmaInboundSmsHandler: created InboundSmsHandler
02-20 21:11:05.703  1916  1916 D SMSDispatcher: SMSDispatcher: ctor mSmsCapable=true format=3gpp mSmsSendDisabled=false
02-20 21:11:05.703  1916  1916 D GsmSMSDispatcher: GsmSMSDispatcher created
02-20 21:11:05.719  1679  1693 W KeyguardServiceDelegate: onScreenTurningOn(): no keyguard service!
02-20 21:11:05.722  1916  2029 D GsmInboundSmsHandler: StartupState.processMessage:6
02-20 21:11:05.723  1916  2029 D GsmInboundSmsHandler: entering Idle state
02-20 21:11:05.724  1916  2033 D CdmaInboundSmsHandler: StartupState.processMessage:6
02-20 21:11:05.724  1916  2033 D CdmaInboundSmsHandler: entering Idle state
02-20 21:11:05.734  1916  1916 D IccCardProxy: ctor: ci=com.android.internal.telephony.RIL@2f60c57 phoneId=0
02-20 21:11:05.735  1916  1916 D CdmaSSM : subscriptionSource from settings: 0
02-20 21:11:05.735  1916  1916 D CdmaSSM : cdmaSSM constructor: 0
02-20 21:11:05.735  1916  1916 D IccCardProxy: update icc_operator_numeric=
02-20 21:11:05.736  1916  1916 D TelephonyManager: setTelephonyProperty: success phoneId=0 property=gsm.sim.operator.numeric value:  propVal=
02-20 21:11:05.749  1916  1916 D TelephonyManager: setTelephonyProperty: success phoneId=0 property=gsm.sim.operator.iso-country value:  propVal=
02-20 21:11:05.749  1916  1916 D TelephonyManager: setTelephonyProperty: success phoneId=0 property=gsm.sim.operator.alpha value:  propVal=
02-20 21:11:05.749  1916  1916 E IccCardProxy: setExternalState: set mPhoneId=0 mExternalState=NOT_READY
02-20 21:11:05.749  1916  1916 D TelephonyManager: setTelephonyProperty: success phoneId=0 property=gsm.sim.state value: NOT_READY propVal=NOT_READY
02-20 21:11:05.752  1916  1916 D IccCardProxy: broadcastIccStateChangedIntent intent ACTION_SIM_STATE_CHANGED value=NOT_READY reason=null for mPhoneId=0
02-20 21:11:05.757  1916  1916 D RILJ    : setPhoneType=1 old value=0 [SUB0]
02-20 21:11:05.759  1916  1916 D TelephonyManager: setTelephonyProperty: success phoneId=0 property=gsm.current.phone-type value: 1 propVal=1
02-20 21:11:05.763  1916  1916 D IccCardProxy: Setting radio tech UMTS
02-20 21:11:05.763  1916  1916 D IccCardProxy: updateQuietMode: 3GPP subscription -> newQuietMode=false
02-20 21:11:05.763  1916  1916 D IccCardProxy: updateQuietMode: no changes don't setExternalState
02-20 21:11:05.763  1916  1916 D IccCardProxy: updateQuietMode: QuietMode is false (app_type=1 cdmaSource=-1)
02-20 21:11:05.765  1916  1916 W CarrierConfigManager: Error getting config for subId -1 ICarrierConfigLoader is null
02-20 21:11:05.765  1679  1690 D TelephonyRegistry: listen oscl: hasNotifySubscriptionInfoChangedOccurred==false no callback
02-20 21:11:05.784  1916  1916 D TelephonyManager: setTelephonyProperty: success phoneId=0 property=gsm.network.type value: Unknown propVal=Unknown
02-20 21:11:05.784  1916  1916 D RILJ    : [3654]> SIGNAL_STRENGTH [SUB0]
02-20 21:11:05.785  1916  1916 D SST     : notifyDataRegStateRilRadioTechnologyChanged: drs=1 rat=0
02-20 21:11:05.785  1916  1916 D TelephonyManager: setTelephonyProperty: success phoneId=0 property=gsm.network.type value: Unknown propVal=Unknown
02-20 21:11:05.786  1375  1484 D RIL     : onRequest: SIGNAL_STRENGTH
02-20 21:11:05.786  1916  2007 D RilRequest: [3654]< SIGNAL_STRENGTH error: com.android.internal.telephony.CommandException: RADIO_NOT_AVAILABLE ret=
02-20 21:11:05.793  1679  1689 I art     : Background sticky concurrent mark sweep GC freed 36487(2MB) AllocSpace objects, 10(232KB) LOS objects, 8% free, 22MB/24MB, paused 1.683ms total 256.864ms
02-20 21:11:05.793  1916  1916 D DCT     : [0]DCT.constructor
02-20 21:11:05.794  1373  1964 I MediaPlayerService: MediaPlayerService::getOMX
02-20 21:11:05.794  1679  2035 I OMXClient: MuxOMX ctor
02-20 21:11:05.794  1370  1385 I OMXMaster: makeComponentInstance(OMX.google.vorbis.decoder) in mediacodec process
02-20 21:11:05.802  1679  1789 D TelephonyRegistry: listen oscl: hasNotifySubscriptionInfoChangedOccurred==false no callback
02-20 21:11:05.818  1916  1916 D Dcc     : E ctor
02-20 21:11:05.818  1916  1916 D Dcc     : X ctor
02-20 21:11:05.819  1916  1916 D SubscriptionController: [getPhoneId] asked for default subId=-1
02-20 21:11:05.819  1916  2036 D DcTesterDeacativateAll: register for intent action=com.android.internal.telephony.dataconnection.action_deactivate_all
02-20 21:11:05.819  1916  2036 D DcTesterDeacativateAll: register for intent action=com.android.internal.telephony.action_detached
02-20 21:11:05.820  1916  2036 D Dcc     : DccDefaultState: msg.what=EVENT_RIL_CONNECTED mRilVersion=12
02-20 21:11:05.834  1916  1916 D DcTesterFailBrinupAll: register for intent action=com.android.internal.telephony.dataconnection.action_fail_bringup
02-20 21:11:05.835  1916  1916 D DcTesterFailBrinupAll: register for intent action=com.android.internal.telephony.action_detached
02-20 21:11:05.835  1916  1916 D DcTesterFailBrinupAll: register for intent action=com.android.internal.telephony.action_attached
02-20 21:11:05.835  1916  1916 D SST     : notifyDataRegStateRilRadioTechnologyChanged: drs=1 rat=0
02-20 21:11:05.835  1916  1916 D TelephonyManager: setTelephonyProperty: success phoneId=0 property=gsm.network.type value: Unknown propVal=Unknown
02-20 21:11:05.835  1916  1916 D DCT     : [0]update sub = -2
02-20 21:11:05.835  1916  1916 D DCT     : [0]update(): Active DDS, register for all events now!
02-20 21:11:05.836  1916  1916 D GsmCdmaPhone: [GsmCdmaPhone] updateCurrentCarrierInProvider: mSubId = -2 currentDds = 1 operatorNumeric = null
02-20 21:11:05.836  1916  1916 D DCT     : [0]initApnContexts: E
02-20 21:11:05.836  1916  1916 D DCT     : [0]initApnContexts: skipping unknown type=1
02-20 21:11:05.837  1916  1916 D DCT     : [0]initApnContexts: apnContext={mApnType=default mState=IDLE mWaitingApns={null} mApnSetting={null} mReason=dataEnabled mDataEnabled=false mDependencyMet=true}
02-20 21:11:05.837  1916  1916 D DCT     : [0]initApnContexts: apnContext={mApnType=mms mState=IDLE mWaitingApns={null} mApnSetting={null} mReason=dataEnabled mDataEnabled=false mDependencyMet=true}
02-20 21:11:05.837  1916  1916 D DCT     : [0]initApnContexts: apnContext={mApnType=supl mState=IDLE mWaitingApns={null} mApnSetting={null} mReason=dataEnabled mDataEnabled=false mDependencyMet=true}
02-20 21:11:05.837  1916  1916 D DCT     : [0]initApnContexts: apnContext={mApnType=hipri mState=IDLE mWaitingApns={null} mApnSetting={null} mReason=dataEnabled mDataEnabled=false mDependencyMet=true}
02-20 21:11:05.837  1916  1916 D DCT     : [0]initApnContexts: apnContext={mApnType=fota mState=IDLE mWaitingApns={null} mApnSetting={null} mReason=dataEnabled mDataEnabled=false mDependencyMet=true}
02-20 21:11:05.837  1916  1916 D DCT     : [0]initApnContexts: apnContext={mApnType=ims mState=IDLE mWaitingApns={null} mApnSetting={null} mReason=dataEnabled mDataEnabled=false mDependencyMet=true}
02-20 21:11:05.837  1916  1916 D DCT     : [0]initApnContexts: apnContext={mApnType=cbs mState=IDLE mWaitingApns={null} mApnSetting={null} mReason=dataEnabled mDataEnabled=false mDependencyMet=true}
02-20 21:11:05.837  1916  1916 D DCT     : [0]initApnContexts: skipping unknown type=13
02-20 21:11:05.837  1916  1916 D DCT     : [0]initApnContexts: apnContext={mApnType=ia mState=IDLE mWaitingApns={null} mApnSetting={null} mReason=dataEnabled mDataEnabled=false mDependencyMet=true}
02-20 21:11:05.838  1916  1916 D DCT     : [0]initApnContexts: apnContext={mApnType=emergency mState=IDLE mWaitingApns={null} mApnSetting={null} mReason=dataEnabled mDataEnabled=false mDependencyMet=true}
02-20 21:11:05.882  1916  1916 D GsmCdmaPhone: [GsmCdmaPhone] GsmCdmaPhone: constructor: sub = 0
02-20 21:11:05.882  1916  1916 I PhoneFactory: Creating Phone with type = 1 sub = 0
02-20 21:11:05.885  1916  1916 I PhoneFactory: defaultSmsApplication: NONE
02-20 21:11:05.886  1916  1916 I PhoneFactory: Creating SubInfoRecordUpdater 
02-20 21:11:05.886  1916  1916 D SubscriptionInfoUpdater: Constructor invoked
02-20 21:11:05.900  1373  1871 I MediaPlayerService: MediaPlayerService::getOMX
02-20 21:11:05.900  1679  2039 I OMXClient: MuxOMX ctor
02-20 21:11:05.900  1370  1385 I OMXMaster: makeComponentInstance(OMX.google.vorbis.decoder) in mediacodec process
02-20 21:11:05.909  1679  1789 D TelephonyRegistry: listen oscl: hasNotifySubscriptionInfoChangedOccurred==false no callback
02-20 21:11:05.909  1916  1916 D SubscriptionController: [getPhoneId]- no sims, returning default phoneId=2147483647
02-20 21:11:05.910  1679  1691 D TelephonyRegistry: listen oscl: hasNotifySubscriptionInfoChangedOccurred==false no callback
02-20 21:11:05.911  1916  1916 D PhoneSwitcherNetworkRequstListener: Registering NetworkFactory
02-20 21:11:05.911  1679  1742 D ConnectivityService: Got NetworkFactory Messenger for PhoneSwitcherNetworkRequstListener
02-20 21:11:05.912  1916  1916 D PhoneSwitcher: PhoneSwitcher started
02-20 21:11:05.912  1916  1916 D ProxyController: Constructor - Enter
02-20 21:11:05.913  1916  1916 D ProxyController: clearTransaction
02-20 21:11:05.913  1916  1916 D ProxyController: clearTransaction: phoneId=0 status=IDLE
02-20 21:11:05.914  1916  1916 D ProxyController: Constructor - Exit
02-20 21:11:05.914  1916  1916 D TelephonyNetworkFactory[0]: Registering NetworkFactory
02-20 21:11:05.914  1679  1742 D ConnectivityService: Got NetworkFactory Messenger for TelephonyNetworkFactory[0]
02-20 21:11:05.915  1916  1916 D CallManager: registerPhone(GSM Handler (com.android.internal.telephony.GsmCdmaPhone) {9ae4b12})
02-20 21:11:05.917  1679  1789 D TelephonyRegistry: listen oscl: hasNotifySubscriptionInfoChangedOccurred==false no callback
02-20 21:11:05.923  1679  1748 E ActivityThread: Failed to find provider info for com.android.calendar
02-20 21:11:05.923  1679  1748 E ActivityThread: Failed to find provider info for com.android.calendar
02-20 21:11:05.929  1679  1747 D NotificationSQLiteLog: Pruned event entries: 0
02-20 21:11:05.944  1679  1693 W art     : Long monitor contention with owner android.display (1700) at void com.android.server.wm.WindowManagerService$H.handleMessage(android.os.Message)(WindowManagerService.java:8368) waiters=0 in void com.android.server.wm.WindowManagerService.performEnableScreen() for 225ms
02-20 21:11:05.944  1679  1694 W art     : Long monitor contention with owner android.display (1700) at void com.android.server.wm.WindowManagerService$H.handleMessage(android.os.Message)(WindowManagerService.java:8368) waiters=1 in void com.android.server.wm.WindowManagerService.updateRotationUnchecked(boolean, boolean) for 158ms
02-20 21:11:05.947  1679  1693 I dvm_lock_sample: [system_server,1,ActivityManager,225,WindowManagerService.java,6036,-,8368,45]
02-20 21:11:05.948  1679  1694 I dvm_lock_sample: [system_server,1,android.ui,158,WindowManagerService.java,6783,-,8368,31]
02-20 21:11:05.958  2044  2044 W art     : Unexpected CPU variant for X86 using defaults: x86_64
02-20 21:11:05.962  1679  1693 I am_proc_start: [0,2044,10004,com.android.cellbroadcastreceiver,broadcast,com.android.cellbroadcastreceiver/.CellBroadcastReceiver]
02-20 21:11:05.962  1679  1693 I ActivityManager: Start proc 2044:com.android.cellbroadcastreceiver/u0a4 for broadcast com.android.cellbroadcastreceiver/.CellBroadcastReceiver
02-20 21:11:05.965  1916  1916 D CarrierConfigLoader: CarrierConfigLoader has started
02-20 21:11:05.974  1916  1916 E BluetoothAdapter: Bluetooth binder is null
02-20 21:11:05.974  1679  1690 D TelephonyRegistry: listen oscl: hasNotifySubscriptionInfoChangedOccurred==false no callback
02-20 21:11:05.979  1916  2043 E ActivityThread: Failed to find provider info for com.android.contacts
02-20 21:11:05.979  1916  2043 W CallerInfoCache: cursor is null
02-20 21:11:05.992  1679  1961 I am_proc_bound: [0,2044,com.android.cellbroadcastreceiver]
02-20 21:11:06.023  1916  1916 D RILJ    : [3655]> RIL_REQUEST_SET_TTY_MODE : 0 [SUB0]
02-20 21:11:06.024  1375  1484 D RIL     : onRequest: SET_TTY_MODE
02-20 21:11:06.024  1916  2007 D RilRequest: [3655]< RIL_REQUEST_SET_TTY_MODE error: com.android.internal.telephony.CommandException: RADIO_NOT_AVAILABLE ret=
02-20 21:11:06.024  1916  1916 I Telephony: TtyManager: updateUiTtyMode -1 -> 0
02-20 21:11:06.028  1679  1789 D TelephonyRegistry: listen oscl: hasNotifySubscriptionInfoChangedOccurred==false no callback
02-20 21:11:06.030  1916  1916 D SubscriptionController: [getPhoneId] asked for default subId=-1
02-20 21:11:06.031  1916  1916 D UiccController: Received EVENT_ICC_STATUS_CHANGED, calling getIccCardStatus
02-20 21:11:06.031  1916  1916 D RILJ    : [3656]> GET_SIM_STATUS [SUB0]
02-20 21:11:06.032  1916  1916 D Phone   : config LCE service failed: com.android.internal.telephony.CommandException: RADIO_NOT_AVAILABLE
02-20 21:11:06.032  1916  1916 D GsmSMSDispatcher: GsmSMSDispatcher: subId = -2 slotId = 0
02-20 21:11:06.033  1916  1916 E IccCardProxy: setExternalState: !override and newstate unchanged from NOT_READY
02-20 21:11:06.033  1916  1916 D RILJ    : [3657]> BASEBAND_VERSION [SUB0]
02-20 21:11:06.033  1375  1484 D RIL     : onRequest: GET_SIM_STATUS
02-20 21:11:06.033  1375  1484 D RIL     : getSIMStatus(). sState: 0
02-20 21:11:06.034  1916  2007 D RILJ    : [3656]< GET_SIM_STATUS IccCardState {CARDSTATE_PRESENT,PINSTATE_UNKNOWN,num_apps=2,gsm_id=0{APPTYPE_SIM,APPSTATE_DETECTED},cdma_id=1{APPTYPE_RUIM,APPSTATE_DETECTED},ims_id=8} [SUB0]
02-20 21:11:06.034  1375  1484 D RIL     : onRequest: BASEBAND_VERSION
02-20 21:11:06.034  1916  1916 D RILJ    : [3658]> GET_IMEI [SUB0]
02-20 21:11:06.034  1375  1484 D RIL     : onRequest: GET_IMEI
02-20 21:11:06.034  1375  1484 D AT      : AT> AT+CGSN
02-20 21:11:06.034  1916  1916 D RILJ    : [3659]> GET_IMEISV [SUB0]
02-20 21:11:06.035  1916  1916 D RILJ    : [3660]> RIL_REQUEST_GET_RADIO_CAPABILITY [SUB0]
02-20 21:11:06.035  1916  1916 D RILJ    : [3661]> RIL_REQUEST_START_LCE [SUB0]
02-20 21:11:06.035  1375  1486 D AT      : AT< 000000000000000
02-20 21:11:06.035  1375  1486 D AT      : AT< OK
02-20 21:11:06.035  1375  1484 D RIL     : onRequest: GET_IMEISV
02-20 21:11:06.035  1375  1484 D RIL     : onRequest: RIL_REQUEST_GET_RADIO_CAPABILITY
02-20 21:11:06.035  1375  1484 D RIL     : onRequest: <unknown request>
02-20 21:11:06.035  1916  1916 D GsmCdmaPhone: [GsmCdmaPhone] Event EVENT_RADIO_OFF_OR_NOT_AVAILABLE Received
02-20 21:11:06.035  1916  1916 E IccCardProxy: setExternalState: !override and newstate unchanged from NOT_READY
02-20 21:11:06.035  1916  1916 D SST     : mDeviceShuttingDown=false, mDesiredPowerState=true, getRadioState=RADIO_OFF, mPowerOffDelayNeed=true, mAlarmSwitch=false, mRadioDisabledByCarrier=false
02-20 21:11:06.035  1916  1916 D RILJ    : [3662]> RADIO_POWER on [SUB0]
02-20 21:11:06.036  1375  1484 D RIL     : onRequest: RADIO_POWER
02-20 21:11:06.036  1375  1484 D AT      : AT> AT+CFUN=1
02-20 21:11:06.036  1375  1486 D AT      : AT< OK
02-20 21:11:06.036  1375  1484 D RIL     : setRadioState(10)
02-20 21:11:06.036  1916  1916 D RILJ    : [3663]> OPERATOR [SUB0]
02-20 21:11:06.036  1375  1484 D RIL     : onRequest: OPERATOR
02-20 21:11:06.036  1375  1484 D AT      : AT> AT+COPS=3,0;+COPS?;+COPS=3,1;+COPS?;+COPS=3,2;+COPS?
02-20 21:11:06.036  1916  1916 D RILJ    : [3664]> DATA_REGISTRATION_STATE [SUB0]
02-20 21:11:06.036  1375  1486 D AT      : AT< +COPS: 0,0,"Android"
02-20 21:11:06.036  1375  1486 D AT      : AT< +COPS: 0,1,"Android"
02-20 21:11:06.036  1375  1486 D AT      : AT< +COPS: 0,2,"310260"
02-20 21:11:06.036  1375  1486 D AT      : AT< OK
02-20 21:11:06.037  1916  2007 D RilRequest: [3657]< BASEBAND_VERSION error: com.android.internal.telephony.CommandException: RADIO_NOT_AVAILABLE ret=
02-20 21:11:06.037  1916  2007 D RILJ    : [3658]< GET_IMEI  [SUB0]
02-20 21:11:06.037  1916  2007 D RilRequest: [3659]< GET_IMEISV error: com.android.internal.telephony.CommandException: RADIO_NOT_AVAILABLE ret=
02-20 21:11:06.037  1916  2007 D RilRequest: [3660]< RIL_REQUEST_GET_RADIO_CAPABILITY error: com.android.internal.telephony.CommandException: RADIO_NOT_AVAILABLE ret=
02-20 21:11:06.037  1916  2007 D RilRequest: [3661]< RIL_REQUEST_START_LCE error: com.android.internal.telephony.CommandException: RADIO_NOT_AVAILABLE ret=
02-20 21:11:06.037  1916  2007 D RILJ    : [UNSL]< UNSOL_RESPONSE_RADIO_STATE_CHANGED RADIO_ON [SUB0]
02-20 21:11:06.037  1916  2007 D RILJ    : [UNSL]< UNSOL_RESPONSE_SIM_STATUS_CHANGED [SUB0]
02-20 21:11:06.037  1916  2007 D RILJ    : [3662]< RADIO_POWER  [SUB0]
02-20 21:11:06.037  1916  2007 D RILJ    : [3663]< OPERATOR {Android, Android, 310260} [SUB0]
02-20 21:11:06.037  1375  1484 D RIL     : onRequest: DATA_REGISTRATION_STATE
02-20 21:11:06.037  1375  1484 D RIL     : requestRegistrationState
02-20 21:11:06.037  1375  1484 D AT      : AT> AT+CGREG?
02-20 21:11:06.037  1916  1916 D RILJ    : [3665]> VOICE_REGISTRATION_STATE [SUB0]
02-20 21:11:06.037  1375  1486 D AT      : AT< +CGREG: 1,1,"0003","005b","000e"
02-20 21:11:06.037  1375  1486 D AT      : AT< OK
02-20 21:11:06.037  1375  1484 D RIL     : parseRegistrationState. Parsing: +CGREG: 1,1,"0003","005b","000e"
02-20 21:11:06.037  1375  1484 D RIL     : registration state type: 3GPP
02-20 21:11:06.037  1916  2007 D RILJ    : [3664]< DATA_REGISTRATION_STATE {1, 3, 5b, 14, null, null} [SUB0]
02-20 21:11:06.037  1375  1484 D RIL     : onRequest: VOICE_REGISTRATION_STATE
02-20 21:11:06.037  1375  1484 D RIL     : requestRegistrationState
02-20 21:11:06.037  1375  1484 D AT      : AT> AT+CREG?
02-20 21:11:06.037  1916  1916 D RILJ    : [3666]> QUERY_NETWORK_SELECTION_MODE [SUB0]
02-20 21:11:06.037  1375  1486 D AT      : AT< +CREG: 2,1, "0003", "005b"
02-20 21:11:06.037  1375  1486 D AT      : AT< OK
02-20 21:11:06.037  1375  1484 D RIL     : parseRegistrationState. Parsing: +CREG: 2,1, "0003", "005b"
02-20 21:11:06.037  1375  1484 D RIL     : registration state type: 3GPP
02-20 21:11:06.038  1375  1484 D RIL     : onRequest: QUERY_NETWORK_SELECTION_MODE
02-20 21:11:06.038  1375  1484 D AT      : AT> AT+COPS?
02-20 21:11:06.038  1916  1916 D SST     : NITZ: 18/02/20:21:10:59+0:0:Unknown!Unknown,4217 start=12038 delay=7821
02-20 21:11:06.038  1375  1486 D AT      : AT< +COPS: 0,2,310260
02-20 21:11:06.038  1375  1486 D AT      : AT< OK
02-20 21:11:06.038  1916  1916 D SST     : NITZ: tzOffset=0 dst=0 zone=GMT iso= mGotCountryCode=false mNeedFixZoneAfterNitz=false
02-20 21:11:06.038  1916  1916 D SST     : setAndBroadcastNetworkSetTimeZone: setTimeZone=GMT
02-20 21:11:06.038  1679  1789 D AlarmManagerService: Kernel timezone updated to 0 minutes west of GMT
02-20 21:11:06.038  1916  1916 D SST     : setAndBroadcastNetworkSetTimeZone: call alarm.setTimeZone and broadcast zoneId=GMT
02-20 21:11:06.039  1916  2007 D RILJ    : [3665]< VOICE_REGISTRATION_STATE {1, 3, 5b, 0, null, null, null, null, null, null, null, null, null, null, null} [SUB0]
02-20 21:11:06.039  1916  2007 D RILJ    : [3666]< QUERY_NETWORK_SELECTION_MODE {0} [SUB0]
02-20 21:11:06.039  1916  1916 D SST     : NITZ: Setting time of day to Tue Feb 20 21:11:06 GMT+00:00 2018 NITZ receive delay(ms): 7822 gained(ms): 783 from 18/02/20:21:10:59+0:0:Unknown!Unknown
02-20 21:11:06.039  1916  1916 D SST     : setAndBroadcastNetworkSetTime: time=1519161066822ms
02-20 21:11:06.039  1679  1691 D AlarmManagerService: Setting time of day to sec=1519161066
02-20 21:11:06.822  1679  1691 W AlarmManagerService: Unable to set rtc to 1519161066: No such device
02-20 21:11:06.823  1679  1679 D ConditionProviders.SCP: onReceive android.intent.action.TIME_SET
02-20 21:11:06.823  1679  1679 D ConditionProviders.SCP: notifyCondition condition://android/schedule?days=6.7&start=23.30&end=10.0&exitAtAlarm=false STATE_FALSE reason=!meetsSchedule
02-20 21:11:06.823  1679  1679 D ConditionProviders.SCP: notifyCondition condition://android/schedule?days=1.2.3.4.5&start=22.0&end=7.0&exitAtAlarm=false STATE_FALSE reason=!meetsSchedule
02-20 21:11:06.823  1679  1679 D ConditionProviders.SCP: Scheduling evaluate for Tue Feb 20 22:00:00 GMT+00:00 2018 (1519164000000), in +48m53s177ms, now=Tue Feb 20 21:11:06 GMT+00:00 2018 (1519161066823)
02-20 21:11:06.825  1679  1748 E ActivityThread: Failed to find provider info for com.android.calendar
02-20 21:11:06.825  1679  1748 E ActivityThread: Failed to find provider info for com.android.calendar
02-20 21:11:06.829  2044  2044 W System  : ClassLoader referenced unknown path: /system/priv-app/CellBroadcastReceiver/lib/x86_64
02-20 21:11:06.835  1916  1916 I SST     : NITZ: after Setting time of day
02-20 21:11:06.837  1916  1916 D SST     : NITZ: end=12055 dur=17
02-20 21:11:06.838  1916  1916 D SST     : mDeviceShuttingDown=false, mDesiredPowerState=true, getRadioState=RADIO_ON, mPowerOffDelayNeed=true, mAlarmSwitch=false, mRadioDisabledByCarrier=false
02-20 21:11:06.838  1916  1916 D RILJ    : [3667]> OPERATOR [SUB0]
02-20 21:11:06.838  1916  1916 D RILJ    : [3668]> DATA_REGISTRATION_STATE [SUB0]
02-20 21:11:06.838  1375  1484 D RIL     : onRequest: OPERATOR
02-20 21:11:06.838  1375  1484 D AT      : AT> AT+COPS=3,0;+COPS?;+COPS=3,1;+COPS?;+COPS=3,2;+COPS?
02-20 21:11:06.838  1375  1486 D AT      : AT< +COPS: 0,0,"Android"
02-20 21:11:06.838  1375  1486 D AT      : AT< +COPS: 0,1,"Android"
02-20 21:11:06.838  1375  1486 D AT      : AT< +COPS: 0,2,"310260"
02-20 21:11:06.838  1375  1486 D AT      : AT< OK
02-20 21:11:06.838  1916  2007 D RILJ    : [3667]< OPERATOR {Android, Android, 310260} [SUB0]
02-20 21:11:06.839  1916  1916 D RILJ    : [3669]> VOICE_REGISTRATION_STATE [SUB0]
02-20 21:11:06.839  1375  1484 D RIL     : onRequest: DATA_REGISTRATION_STATE
02-20 21:11:06.839  1375  1484 D RIL     : requestRegistrationState
02-20 21:11:06.839  1375  1484 D AT      : AT> AT+CGREG?
02-20 21:11:06.839  1375  1486 D AT      : AT< +CGREG: 1,1,"0003","005b","000e"
02-20 21:11:06.839  1375  1486 D AT      : AT< OK
02-20 21:11:06.839  1375  1484 D RIL     : parseRegistrationState. Parsing: +CGREG: 1,1,"0003","005b","000e"
02-20 21:11:06.839  1375  1484 D RIL     : registration state type: 3GPP
02-20 21:11:06.839  1916  1916 D RILJ    : [3670]> QUERY_NETWORK_SELECTION_MODE [SUB0]
02-20 21:11:06.839  1375  1484 D RIL     : onRequest: VOICE_REGISTRATION_STATE
02-20 21:11:06.839  1375  1484 D RIL     : requestRegistrationState
02-20 21:11:06.839  1375  1484 D AT      : AT> AT+CREG?
02-20 21:11:06.840  1375  1486 D AT      : AT< +CREG: 2,1, "0003", "005b"
02-20 21:11:06.840  1375  1486 D AT      : AT< OK
02-20 21:11:06.840  1916  1916 D SST     : onSignalStrengthResult() Exception from RIL : com.android.internal.telephony.CommandException: RADIO_NOT_AVAILABLE
02-20 21:11:06.840  1375  1484 D RIL     : parseRegistrationState. Parsing: +CREG: 2,1, "0003", "005b"
02-20 21:11:06.840  1375  1484 D RIL     : registration state type: 3GPP
02-20 21:11:06.840  1375  1484 D RIL     : onRequest: QUERY_NETWORK_SELECTION_MODE
02-20 21:11:06.840  1375  1484 D AT      : AT> AT+COPS?
02-20 21:11:06.840  1375  1486 D AT      : AT< +COPS: 0,2,310260
02-20 21:11:06.840  1375  1486 D AT      : AT< OK
02-20 21:11:06.841  1916  1916 D DCT     : [0]onRadioAvailable
02-20 21:11:06.841  1916  1916 D DCT     : [0]onRadioOffOrNotAvailable: is off and clean up all connections
02-20 21:11:06.841  1916  1916 D DCT     : [0]cleanUpAllConnections: tearDown=false reason=radioTurnedOff
02-20 21:11:06.842  1916  1916 D GsmCdmaPhone: [GsmCdmaPhone] getDataConnectionState apnType=default ret=DISCONNECTED
02-20 21:11:06.850  1916  2007 D RILJ    : [3668]< DATA_REGISTRATION_STATE {1, 3, 5b, 14, null, null} [SUB0]
02-20 21:11:06.850  1916  2007 D RILJ    : [3669]< VOICE_REGISTRATION_STATE {1, 3, 5b, 0, null, null, null, null, null, null, null, null, null, null, null} [SUB0]
02-20 21:11:06.850  1916  2007 D RILJ    : [3670]< QUERY_NETWORK_SELECTION_MODE {0} [SUB0]
02-20 21:11:06.852  1916  1916 D DCT     : [0]cleanUpConnection: X tearDown=false reason=radioTurnedOff apnContext={mApnType=default mState=IDLE mWaitingApns={null} mApnSetting={null} mReason=radioTurnedOff mDataEnabled=false mDependencyMet=true} dcac=null
02-20 21:11:06.852  1916  1916 D GsmCdmaPhone: [GsmCdmaPhone] getDataConnectionState apnType=mms ret=DISCONNECTED
02-20 21:11:06.853  1916  1916 D DCT     : [0]cleanUpConnection: X tearDown=false reason=radioTurnedOff apnContext={mApnType=mms mState=IDLE mWaitingApns={null} mApnSetting={null} mReason=radioTurnedOff mDataEnabled=false mDependencyMet=true} dcac=null
02-20 21:11:06.853  1916  1916 D GsmCdmaPhone: [GsmCdmaPhone] getDataConnectionState apnType=cbs ret=DISCONNECTED
02-20 21:11:06.854  1916  1916 D DCT     : [0]cleanUpConnection: X tearDown=false reason=radioTurnedOff apnContext={mApnType=cbs mState=IDLE mWaitingApns={null} mApnSetting={null} mReason=radioTurnedOff mDataEnabled=false mDependencyMet=true} dcac=null
02-20 21:11:06.854  1916  1916 D GsmCdmaPhone: [GsmCdmaPhone] getDataConnectionState apnType=fota ret=DISCONNECTED
02-20 21:11:06.855  1916  1916 D DCT     : [0]cleanUpConnection: X tearDown=false reason=radioTurnedOff apnContext={mApnType=fota mState=IDLE mWaitingApns={null} mApnSetting={null} mReason=radioTurnedOff mDataEnabled=false mDependencyMet=true} dcac=null
02-20 21:11:06.855  1916  1916 D GsmCdmaPhone: [GsmCdmaPhone] getDataConnectionState apnType=supl ret=DISCONNECTED
02-20 21:11:06.857  1916  1916 D DCT     : [0]cleanUpConnection: X tearDown=false reason=radioTurnedOff apnContext={mApnType=supl mState=IDLE mWaitingApns={null} mApnSetting={null} mReason=radioTurnedOff mDataEnabled=false mDependencyMet=true} dcac=null
02-20 21:11:06.857  1916  1916 D GsmCdmaPhone: [GsmCdmaPhone] getDataConnectionState apnType=ia ret=DISCONNECTED
02-20 21:11:06.857  1916  1916 D DCT     : [0]cleanUpConnection: X tearDown=false reason=radioTurnedOff apnContext={mApnType=ia mState=IDLE mWaitingApns={null} mApnSetting={null} mReason=radioTurnedOff mDataEnabled=false mDependencyMet=true} dcac=null
02-20 21:11:06.858  1916  1916 D GsmCdmaPhone: [GsmCdmaPhone] getDataConnectionState apnType=emergency ret=DISCONNECTED
02-20 21:11:06.868  1916  1916 D DCT     : [0]cleanUpConnection: X tearDown=false reason=radioTurnedOff apnContext={mApnType=emergency mState=IDLE mWaitingApns={null} mApnSetting={null} mReason=radioTurnedOff mDataEnabled=false mDependencyMet=true} dcac=null
02-20 21:11:06.868  1916  1916 D GsmCdmaPhone: [GsmCdmaPhone] getDataConnectionState apnType=hipri ret=DISCONNECTED
02-20 21:11:06.870  1916  1916 D DCT     : [0]cleanUpConnection: X tearDown=false reason=radioTurnedOff apnContext={mApnType=hipri mState=IDLE mWaitingApns={null} mApnSetting={null} mReason=radioTurnedOff mDataEnabled=false mDependencyMet=true} dcac=null
02-20 21:11:06.870  1916  1916 D GsmCdmaPhone: [GsmCdmaPhone] getDataConnectionState apnType=ims ret=DISCONNECTED
02-20 21:11:06.870  1916  1916 D DCT     : [0]cleanUpConnection: X tearDown=false reason=radioTurnedOff apnContext={mApnType=ims mState=IDLE mWaitingApns={null} mApnSetting={null} mReason=radioTurnedOff mDataEnabled=false mDependencyMet=true} dcac=null
02-20 21:11:06.870  1916  1916 D DCT     : [0]stopNetStatPoll
02-20 21:11:06.871  1916  1916 D DCT     : [0]cleanUpConnection: mDisconnectPendingCount = 0
02-20 21:11:06.871  1916  1916 D DCT     : [0]isDataAllowed: No - SIM not loaded - Not attached
02-20 21:11:06.878  1916  1916 D DCT     : [0]onDataConnectionDetached: stop polling and notify detached
02-20 21:11:06.878  1916  1916 D DCT     : [0]stopNetStatPoll
02-20 21:11:06.878  1916  1916 D DCT     : [0]notifyDataConnection: reason=dataDetached
02-20 21:11:06.878  1916  1916 D DCT     : [0]isDataAllowed: No - SIM not loaded - Not attached
02-20 21:11:06.891  1916  1916 D DCT     : [0]onRoamingOff
02-20 21:11:06.891  1916  1916 D DCT     : [0]isDataAllowed: No - SIM not loaded - Not attached
02-20 21:11:06.894  1765  1765 I OpaLayout: Setting opa enabled to false
02-20 21:11:06.898  1765  1765 I OpaLayout: Setting opa enabled to false
02-20 21:11:06.898  1916  1916 D DCT     : [0]setupDataOnConnectableApns: roamingOff hipri:[state=IDLE,enabled=false] mms:[state=IDLE,enabled=false] supl:[state=IDLE,enabled=false] ia:[state=IDLE,enabled=false] fota:[state=IDLE,enabled=false] ims:[state=IDLE,enabled=false] cbs:[state=IDLE,enabled=false] default:[state=IDLE,enabled=false] emergency:[state=IDLE,enabled=false] 
02-20 21:11:06.898  1916  1916 D DCT     : [0]setupDataOnConnectableApns: nwTypeChanged hipri:[state=IDLE,enabled=false] mms:[state=IDLE,enabled=false] supl:[state=IDLE,enabled=false] ia:[state=IDLE,enabled=false] fota:[state=IDLE,enabled=false] ims:[state=IDLE,enabled=false] cbs:[state=IDLE,enabled=false] default:[state=IDLE,enabled=false] emergency:[state=IDLE,enabled=false] 
02-20 21:11:06.898  1916  1916 D PhoneSwitcherNetworkRequstListener: got request NetworkRequest [ REQUEST id=1, [ Capabilities: INTERNET&NOT_RESTRICTED&TRUSTED&NOT_VPN] ] with score 0
02-20 21:11:06.898  1916  1916 D TelephonyNetworkFactory[0]: onSubIdChange -1->-2
02-20 21:11:06.898  1916  1916 D TelephonyNetworkFactory[0]: got request NetworkRequest [ REQUEST id=1, [ Capabilities: INTERNET&NOT_RESTRICTED&TRUSTED&NOT_VPN] ] with score 0
02-20 21:11:06.902  1916  1916 D DebugService: DebugService DebugService:
02-20 21:11:06.905  1916  1916 D TelephonyDebugService: TelephonyDebugService()
02-20 21:11:06.905  1916  1916 D DCT     : [0]NETWORK_STATE_CHANGED_ACTION: mIsWifiConnected=false
02-20 21:11:06.905  1916  1916 D DCT     : [0]Wifi state changed
02-20 21:11:06.905  1916  1916 D DCT     : [0]WIFI_STATE_CHANGED_ACTION: enabled=true mIsWifiConnected=false
02-20 21:11:06.905  1916  1916 D SubscriptionInfoUpdater: [Receiver]+
02-20 21:11:06.905  1916  1916 D SubscriptionInfoUpdater: Action: android.intent.action.SIM_STATE_CHANGED
02-20 21:11:06.905  1916  1916 D SubscriptionInfoUpdater: slotId: 0
02-20 21:11:06.905  1916  1916 D SubscriptionInfoUpdater: simStatus: NOT_READY
02-20 21:11:06.905  1916  1916 D SubscriptionInfoUpdater: Ignoring simStatus: NOT_READY
02-20 21:11:06.905  1916  1916 D SubscriptionInfoUpdater: [Receiver]-
02-20 21:11:06.905  1916  1916 D CarrierConfigLoader: mHandler: 12 phoneId: 0
02-20 21:11:06.906  1916  1916 D RILJ    : [3671]> RIL_REQUEST_QUERY_TTY_MODE [SUB0]
02-20 21:11:06.906  1916  1916 D UiccController: Received EVENT_GET_ICC_STATUS_DONE
02-20 21:11:06.906  1916  1916 D UiccCard: 2 applications
02-20 21:11:06.906  1916  1916 D UiccCardApplication: Creating UiccApp: {APPTYPE_SIM,APPSTATE_DETECTED}
02-20 21:11:06.907  1375  1484 D RIL     : onRequest: QUERY_TTY_MODE
02-20 21:11:06.907  1375  1484 D RIL     : Request not supported. Tech: 1
02-20 21:11:06.911  1916  2007 D RilRequest: [3671]< RIL_REQUEST_QUERY_TTY_MODE error: com.android.internal.telephony.CommandException: REQUEST_NOT_SUPPORTED ret=
02-20 21:11:06.913  1916  1916 W VoiceMailConstants: Can't open /system/etc/voicemail-conf.xml
02-20 21:11:06.913  1916  1916 D SpnOverride: No SPN in OEM image = /oem/telephony/spn-conf.xml Load SPN from system image
02-20 21:11:06.914  1916  1916 W SpnOverride: Can not open /system/etc/spn-conf.xml
02-20 21:11:06.914  1916  1916 D SIMRecords: [SIMRecords] setting0 mMncLength-1
02-20 21:11:06.914  1916  1916 D SIMRecords: [SIMRecords] SIMRecords: onRadioOffOrNotAvailable set 'gsm.sim.operator.numeric' to operator=null
02-20 21:11:06.914  1916  1916 D SIMRecords: [SIMRecords] update icc_operator_numeric=null
02-20 21:11:06.914  1916  1916 D TelephonyManager: setTelephonyProperty: success phoneId=0 property=gsm.sim.operator.numeric value:  propVal=
02-20 21:11:06.914  1916  1916 D TelephonyManager: setTelephonyProperty: success phoneId=0 property=gsm.sim.operator.alpha value:  propVal=
02-20 21:11:06.914  1916  1916 D TelephonyManager: setTelephonyProperty: success phoneId=0 property=gsm.sim.operator.iso-country value:  propVal=
02-20 21:11:06.914  1916  1916 D SIMRecords: [SIMRecords] getOperatorNumeric: IMSI == null
02-20 21:11:06.914  1916  1916 D SIMRecords: [SIMRecords] SIMRecords X ctor this=SimRecords: mDestroyed=false mContext=com.android.phone.PhoneGlobals@cf4950d mCi=com.android.internal.telephony.RIL@2f60c57 mFh=Handler (com.android.internal.telephony.uicc.SIMFileHandler) {e9b9cc2} mParentApp=com.android.internal.telephony.uicc.UiccCardApplication@2110ad3 recordsLoadedRegistrants=android.os.RegistrantList@4c01610 mImsiReadyRegistrants=android.os.RegistrantList@ce27509 mRecordsEventsRegistrants=android.os.RegistrantList@a0ac30e mNewSmsRegistrants=android.os.RegistrantList@8d7812f mNetworkSelectionModeAutomaticRegistrants=android.os.RegistrantList@678833c recordsToLoad=0 adnCache=Handler (com.android.internal.telephony.uicc.AdnRecordCache) {5b458c5} recordsRequested=false iccid=null msisdnTag=null voiceMailNum=null voiceMailTag=null voiceMailNum=null newVoiceMailTag=null isVoiceMailFixed=false mImsi=null mncLength=-1 mailboxIndex=0 spn=null mVmConfigcom.android.internal.telephony.uicc.VoiceMailConstants@e34021a mSpnOverride=mSpnOverride callForwardingEnabled=0 spnState=null mCphsInfo=null mCspPlmnEnabled=true efMWIS=null efCPHS_MWI=null mEfCff=null mEfCfis=null getOperatorNumeric=null
02-20 21:11:06.915  1916  1916 D UiccCardApplication: Creating UiccApp: {APPTYPE_RUIM,APPSTATE_DETECTED}
02-20 21:11:06.915  1916  1916 D RuimRecords: [RuimRecords] setting0 mMncLength-1
02-20 21:11:06.915  1916  1916 D RuimRecords: [RuimRecords] RuimRecords X ctor this=RuimRecords: mDestroyed=false mContext=com.android.phone.PhoneGlobals@cf4950d mCi=com.android.internal.telephony.RIL@2f60c57 mFh=Handler (com.android.internal.telephony.uicc.RuimFileHandler) {8e89728} mParentApp=com.android.internal.telephony.uicc.UiccCardApplication@a06bc41 recordsLoadedRegistrants=android.os.RegistrantList@d8025e6 mImsiReadyRegistrants=android.os.RegistrantList@1006727 mRecordsEventsRegistrants=android.os.RegistrantList@bc3fdd4 mNewSmsRegistrants=android.os.RegistrantList@fc1db7d mNetworkSelectionModeAutomaticRegistrants=android.os.RegistrantList@618ba72 recordsToLoad=0 adnCache=Handler (com.android.internal.telephony.uicc.AdnRecordCache) {7824ec3} recordsRequested=false iccid=null msisdnTag=null voiceMailNum=null voiceMailTag=null voiceMailNum=null newVoiceMailTag=null isVoiceMailFixed=false mImsi=null mncLength=-1 mailboxIndex=0 spn=null m_ota_commitedfalse mMyMobileNumber=xxxx mMin2Min1=null mPrlVersion=null mEFpl=null mEFli=null mCsimSpnDisplayCondition=false mMdn=null mMin=null mHomeSystemId=null mHomeNetworkId=null
02-20 21:11:06.917  1765  1765 W System  : ClassLoader referenced unknown path: 
02-20 21:11:06.917  1765  1765 W System  : ClassLoader referenced unknown path: /system/priv-app/Dialer/lib/x86_64
02-20 21:11:06.918  1765  1765 D ApplicationLoaders: ignored Vulkan layer search path /system/priv-app/Dialer/lib/x86_64:/system/lib64:/vendor/lib64 for namespace 0x7fcf899a90f0
02-20 21:11:06.932  1916  1916 D CAT     : CatService: registerForRecordsLoaded slotid=0 instance:Handler (com.android.internal.telephony.cat.CatService) {781336c}
02-20 21:11:06.932  1916  1916 D CAT     : CatService: Running CAT service on Slotid: 0. STK app installed:false
02-20 21:11:06.932  1916  1916 D UiccCard: Before privilege rules: null : CARDSTATE_PRESENT
02-20 21:11:06.933  1916  1916 D RILJ    : [3672]> RIL_REQUEST_SIM_OPEN_CHANNEL [SUB0]
02-20 21:11:06.933  1916  1916 E UiccCard: App index 8 is invalid since there are no applications
02-20 21:11:06.933  1916  1916 D UiccCard: update: radioState=RADIO_ON mLastRadioState=RADIO_UNAVAILABLE
02-20 21:11:06.933  1916  1916 D UiccController: Notifying IccChangedRegistrants
02-20 21:11:06.933  1375  1484 D RIL     : onRequest: SIM_OPEN_CHANNEL
02-20 21:11:06.933  1375  1484 D AT      : AT> AT+CCHO=A00000015141434C00
02-20 21:11:06.934  1375  1486 D AT      : AT< 1
02-20 21:11:06.934  1375  1486 D AT      : AT< OK
02-20 21:11:06.934  1916  2007 D RILJ    : [3672]< RIL_REQUEST_SIM_OPEN_CHANNEL  [SUB0]
02-20 21:11:06.935  1916  1916 D GsmCdmaPhone: get phone radio capability fail, no need to change mRadioCapability
02-20 21:11:06.935  1916  1916 D GsmCdmaPhone: EVENT_GET_RADIO_CAPABILITY: phone rc: null
02-20 21:11:06.935  1916  1916 D Phone   : config LCE service failed: com.android.internal.telephony.CommandException: RADIO_NOT_AVAILABLE
02-20 21:11:06.935  1916  1916 D SST     : mDeviceShuttingDown=false, mDesiredPowerState=true, getRadioState=RADIO_ON, mPowerOffDelayNeed=true, mAlarmSwitch=false, mRadioDisabledByCarrier=false
02-20 21:11:06.935  1916  1916 D RILJ    : [3673]> OPERATOR [SUB0]
02-20 21:11:06.935  1916  1916 D RILJ    : [3674]> DATA_REGISTRATION_STATE [SUB0]
02-20 21:11:06.935  1375  1484 D RIL     : onRequest: OPERATOR
02-20 21:11:06.935  1375  1484 D AT      : AT> AT+COPS=3,0;+COPS?;+COPS=3,1;+COPS?;+COPS=3,2;+COPS?
02-20 21:11:06.935  1375  1486 D AT      : AT< +COPS: 0,0,"Android"
02-20 21:11:06.935  1375  1486 D AT      : AT< +COPS: 0,1,"Android"
02-20 21:11:06.935  1375  1486 D AT      : AT< +COPS: 0,2,"310260"
02-20 21:11:06.935  1375  1486 D AT      : AT< OK
02-20 21:11:06.935  1916  2007 D RILJ    : [3673]< OPERATOR {Android, Android, 310260} [SUB0]
02-20 21:11:06.935  1916  1916 D RILJ    : [3675]> VOICE_REGISTRATION_STATE [SUB0]
02-20 21:11:06.935  1375  1484 D RIL     : onRequest: DATA_REGISTRATION_STATE
02-20 21:11:06.935  1375  1484 D RIL     : requestRegistrationState
02-20 21:11:06.935  1375  1484 D AT      : AT> AT+CGREG?
02-20 21:11:06.935  1375  1486 D AT      : AT< +CGREG: 1,1,"0003","005b","000e"
02-20 21:11:06.935  1375  1486 D AT      : AT< OK
02-20 21:11:06.935  1375  1484 D RIL     : parseRegistrationState. Parsing: +CGREG: 1,1,"0003","005b","000e"
02-20 21:11:06.935  1375  1484 D RIL     : registration state type: 3GPP
02-20 21:11:06.937  1916  1916 D RILJ    : [3676]> QUERY_NETWORK_SELECTION_MODE [SUB0]
02-20 21:11:06.937  1375  1484 D RIL     : onRequest: VOICE_REGISTRATION_STATE
02-20 21:11:06.937  1375  1484 D RIL     : requestRegistrationState
02-20 21:11:06.937  1375  1484 D AT      : AT> AT+CREG?
02-20 21:11:06.937  1375  1486 D AT      : AT< +CREG: 2,1, "0003", "005b"
02-20 21:11:06.937  1375  1486 D AT      : AT< OK
02-20 21:11:06.938  1375  1484 D RIL     : parseRegistrationState. Parsing: +CREG: 2,1, "0003", "005b"
02-20 21:11:06.938  1375  1484 D RIL     : registration state type: 3GPP
02-20 21:11:06.938  1916  1916 D RILJ    : [3677]> GET_CURRENT_CALLS [SUB0]
02-20 21:11:06.938  1375  1484 D RIL     : onRequest: QUERY_NETWORK_SELECTION_MODE
02-20 21:11:06.938  1375  1484 D AT      : AT> AT+COPS?
02-20 21:11:06.938  1375  1486 D AT      : AT< +COPS: 0,2,310260
02-20 21:11:06.938  1375  1486 D AT      : AT< OK
02-20 21:11:06.938  1916  1916 D RILJ    : [3678]> RIL_REQUEST_IMS_REGISTRATION_STATE [SUB0]
02-20 21:11:06.939  1375  1484 D RIL     : onRequest: GET_CURRENT_CALLS
02-20 21:11:06.939  1375  1484 D AT      : AT> AT+CLCC
02-20 21:11:06.939  1375  1486 D AT      : AT< OK
02-20 21:11:06.939  1916  1916 D RILJ    : [3679]> RIL_REQUEST_CDMA_GET_SUBSCRIPTION_SOURCE [SUB0]
02-20 21:11:06.939  1375  1484 D RIL     : onRequest: IMS_REGISTRATION_STATE
02-20 21:11:06.939  1375  1484 D RIL     : IMS_REGISTRATION=0, format=1 
02-20 21:11:06.939  1916  1916 D GsmCdmaPhone: [GsmCdmaPhone] Event EVENT_RADIO_ON Received
02-20 21:11:06.939  1916  1916 D RILJ    : [3680]> RIL_REQUEST_VOICE_RADIO_TECH [SUB0]
02-20 21:11:06.940  1375  1484 D RIL     : onRequest: CDMA_GET_SUBSCRIPTION_SOURCE
02-20 21:11:06.940  1375  1484 D RIL     : Request not supported. Tech: 1
02-20 21:11:06.940  1916  1916 D UiccController: Received EVENT_ICC_STATUS_CHANGED, calling getIccCardStatus
02-20 21:11:06.940  1916  1916 D RILJ    : [3681]> GET_SIM_STATUS [SUB0]
02-20 21:11:06.940  1375  1484 D RIL     : onRequest: VOICE_RADIO_TECH
02-20 21:11:06.940  1916  2007 D RILJ    : [3674]< DATA_REGISTRATION_STATE {1, 3, 5b, 14, null, null} [SUB0]
02-20 21:11:06.941  1916  2007 D RILJ    : [3675]< VOICE_REGISTRATION_STATE {1, 3, 5b, 0, null, null, null, null, null, null, null, null, null, null, null} [SUB0]
02-20 21:11:06.941  1916  2007 D RILJ    : [3676]< QUERY_NETWORK_SELECTION_MODE {0} [SUB0]
02-20 21:11:06.941  1916  2007 D RILJ    : [3677]< GET_CURRENT_CALLS {} [SUB0]
02-20 21:11:06.941  1916  2007 D RILJ    : [3678]< RIL_REQUEST_IMS_REGISTRATION_STATE {0, 1} [SUB0]
02-20 21:11:06.941  1916  2007 D RilRequest: [3679]< RIL_REQUEST_CDMA_GET_SUBSCRIPTION_SOURCE error: com.android.internal.telephony.CommandException: REQUEST_NOT_SUPPORTED ret=
02-20 21:11:06.941  1916  2007 D RILJ    : [3680]< RIL_REQUEST_VOICE_RADIO_TECH {11} [SUB0]
02-20 21:11:06.941  1916  1916 D SST     : EVENT_POLL_STATE_NETWORK_SELECTION_MODE
02-20 21:11:06.941  1916  1916 D SST     : EVENT_POLL_STATE_NETWORK_SELECTION_MODE
02-20 21:11:06.942  1375  1484 D RIL     : onRequest: GET_SIM_STATUS
02-20 21:11:06.942  1375  1484 D RIL     : getSIMStatus(). sState: 10
02-20 21:11:06.942  1375  1484 D AT      : AT> AT+CPIN?
02-20 21:11:06.942  1375  1486 D AT      : AT< +CPIN: READY
02-20 21:11:06.942  1375  1486 D AT      : AT< OK
02-20 21:11:06.942  1916  2007 D RILJ    : [3681]< GET_SIM_STATUS IccCardState {CARDSTATE_PRESENT,PINSTATE_UNKNOWN,num_apps=2,gsm_id=0{APPTYPE_SIM,APPSTATE_READY},cdma_id=1{APPTYPE_RUIM,APPSTATE_READY},ims_id=8} [SUB0]
02-20 21:11:06.943  1916  1916 D PhoneSwitcher: evaluating due to netRequest default 0->1 phone[0] 0->-2
02-20 21:11:06.944  1916  1916 D TelephonyNetworkFactory[0]: not acting - isApp=false, isAct=false NetworkRequest [ REQUEST id=1, [ Capabilities: INTERNET&NOT_RESTRICTED&TRUSTED&NOT_VPN] ]
02-20 21:11:06.946  1916  1916 D CAT     : CatService: handleMessage[8]
02-20 21:11:06.946  1916  1916 D CAT     : CatService: MSG_ID_ICC_CHANGED
02-20 21:11:06.946  1916  1916 D CAT     : CatService: New Card State = CARDSTATE_PRESENT Old Card State = CARDSTATE_ABSENT
02-20 21:11:06.946  1916  1916 D RILJ    : [3682]> RIL_REQUEST_REPORT_STK_SERVICE_IS_RUNNING [SUB0]
02-20 21:11:06.948  1916  1916 D GsmCdmaPhone: [GsmCdmaPhone] New Uicc application found. type = APPTYPE_SIM
02-20 21:11:06.948  1916  1916 D GsmSMSDispatcher: GsmSMSDispatcher: subId = -2 slotId = 0
02-20 21:11:06.948  1916  1916 D GsmSMSDispatcher: New Uicc application found
02-20 21:11:06.948  1916  1916 D IccCardProxy: Icc changed. Reregestering.
02-20 21:11:06.948  1916  1916 D SST     : New card found
02-20 21:11:06.948  1916  1916 D CAT     : CatService: handleMessage[8]
02-20 21:11:06.948  1916  1916 D CAT     : CatService: MSG_ID_ICC_CHANGED
02-20 21:11:06.948  1916  1916 D CAT     : CatService: New Card State = CARDSTATE_PRESENT Old Card State = CARDSTATE_PRESENT
02-20 21:11:06.948  1916  1916 E SST     : error parsing GprsRegistrationState: java.lang.NumberFormatException: null
02-20 21:11:06.948  1916  1916 D SST     : handlPollStateResultMessage: GsmSST setDataRegState=0 regState=1 dataRadioTechnology=14
02-20 21:11:06.948  1916  1916 D SST     : EVENT_POLL_STATE_NETWORK_SELECTION_MODE
02-20 21:11:06.948  1375  1484 D RIL     : onRequest: REPORT_STK_SERVICE_IS_RUNNING
02-20 21:11:06.948  1375  1484 D RIL     : Request not supported. Tech: 1
02-20 21:11:06.948  1916  2007 D RilRequest: [3682]< RIL_REQUEST_REPORT_STK_SERVICE_IS_RUNNING error: com.android.internal.telephony.CommandException: REQUEST_NOT_SUPPORTED ret=
02-20 21:11:06.952  1916  1916 D SST     : Poll ServiceState done:  oldSS=[1 1 voice home data home null null null null null null  Unknown Unknown CSS not supported 0 0 RoamInd=0 DefRoamInd=0 EmergOnly=false IsDataRoamingFromRegistration=false IsUsingCarrierAggregation=false] newSS=[0 0 voice home data home Android Android 310260 Android Android 310260  Unknown LTE CSS not supported -1 -1 RoamInd=-1 DefRoamInd=-1 EmergOnly=false IsDataRoamingFromRegistration=false IsUsingCarrierAggregation=false] oldMaxDataCalls=1 mNewMaxDataCalls=1 oldReasonDataDenied=-1 mNewReasonDataDenied=-1
02-20 21:11:06.952  1916  1916 I gsm_service_state_change: [1,1,0,0]
02-20 21:11:06.952  1916  1916 D TelephonyManager: setTelephonyProperty: success phoneId=0 property=gsm.network.type value: LTE propVal=LTE
02-20 21:11:06.952  1916  1916 D SST     : pollStateDone: registering current mNitzUpdatedTime=true changing to false
02-20 21:11:06.952  1916  1916 D SIMRecords: [SIMRecords] getServiceProviderName: no brandOverride, providerName=null
02-20 21:11:06.952  1916  1916 D SIMRecords: [SIMRecords] getServiceProviderName: no brandOverride, providerName=null
02-20 21:11:06.952  1916  1916 D SST     : updateSpnDisplay: changed sending intent rule=2 showPlmn='true' plmn='Android' showSpn='false' spn='null' dataSpn='null' subId='-2'
02-20 21:11:06.958  1679  1961 D TelephonyRegistry: listen oscl: hasNotifySubscriptionInfoChangedOccurred==false no callback
02-20 21:11:06.960  1765  1765 E BluetoothAdapter: Bluetooth binder is null
02-20 21:11:06.961  2065  2065 W art     : Unexpected CPU variant for X86 using defaults: x86_64
02-20 21:11:06.962  1679  1789 I am_proc_start: [0,2065,10067,com.google.android.deskclock,broadcast,com.google.android.deskclock/com.android.deskclock.AlarmInitReceiver]
02-20 21:11:06.962  1679  1789 I ActivityManager: Start proc 2065:com.google.android.deskclock/u0a67 for broadcast com.google.android.deskclock/com.android.deskclock.AlarmInitReceiver
02-20 21:11:06.963  1916  1916 D SubscriptionController: [setPlmnSpn] No valid subscription to store info
02-20 21:11:06.973  1916  1916 D SubscriptionController: notifySubscriptionInfoChanged:
02-20 21:11:06.974  1679  1789 D TelephonyRegistry: notifySubscriptionInfoChanged: first invocation mRecords.size=17
02-20 21:11:06.974  1679  1679 I GnssLocationProvider: WakeLock acquired by sendMessage(12, 0, null)
02-20 21:11:06.975  1916  1929 D SubscriptionController: [getActiveSubInfoList] Sub Controller not ready
02-20 21:11:06.984  1916  1916 D TelephonyManager: setTelephonyProperty: success phoneId=0 property=gsm.operator.alpha value: Android propVal=Android
02-20 21:11:06.985  1916  1916 D TelephonyManager: setTelephonyProperty: success phoneId=0 property=gsm.operator.numeric value: 310260 propVal=310260
02-20 21:11:06.985  1916  1916 D SST     : update mccmnc=310260 fromServiceState=true
02-20 21:11:06.985  1916  1916 D MccTable: updateMccMncConfiguration mccmnc='310260' fromServiceState=true
02-20 21:11:06.986  1916  1916 D SubscriptionController: [getPhoneId]- no sims, returning default phoneId=2147483647
02-20 21:11:06.986  1916  1916 D MccTable: updateMccMncConfiguration defaultMccMnc=
02-20 21:11:06.986  1916  1916 D MccTable: updateMccMncConfiguration: mcc=310, mnc=260
02-20 21:11:06.986  1916  1916 D MccTable: WIFI_COUNTRY_CODE set to us
02-20 21:11:06.998  1679  1789 I WifiService: WifiService trying to set country code to us with persist set to false
02-20 21:11:06.999  1679  1789 D WifiCountryCode: Succeeded to set country code to: US
02-20 21:11:06.999  1916  1916 D TelephonyManager: setTelephonyProperty: success phoneId=0 property=gsm.operator.iso-country value: us propVal=us
02-20 21:11:07.000  1679  1692 I SyncManager: Got SyncJobService instance.
02-20 21:11:07.001  1679  1679 I FusedLocation: engine started (com.android.location.fused)
02-20 21:11:07.007  1916  1916 D SST     : pollStateDone: there are 6 unique offsets for iso-cc='us testOneUniqueOffsetPath=false', do nothing
02-20 21:11:07.007  1916  1916 D SST     : shouldFixTimeZoneNow: retVal=true iccCardExist=true operatorNumeric=310260 mcc=310 prevOperatorNumeric= prevMcc=311 needToFixTimeZone=false ltod=02-20 21:11:07.007
02-20 21:11:07.007  1916  1916 D SST     : fixTimeZone zoneName='GMT' mZoneOffset=0 mZoneDst=false iso-cc='us' iso-cc-idx=-21
02-20 21:11:07.007  1916  1916 D SST     : fixTimeZone: using default TimeZone
02-20 21:11:07.007  1916  1916 D SST     : fixTimeZone: zone != null zone.getID=GMT
02-20 21:11:07.007  1916  1916 D SST     : setAndBroadcastNetworkSetTimeZone: setTimeZone=GMT
02-20 21:11:07.008  1679  1789 D AlarmManagerService: Kernel timezone updated to 0 minutes west of GMT
02-20 21:11:07.008  1765  1765 I CameraManagerGlobal: Connecting to camera service
02-20 21:11:07.010  1916  1916 D SST     : setAndBroadcastNetworkSetTimeZone: call alarm.setTimeZone and broadcast zoneId=GMT
02-20 21:11:07.010  1916  1916 D TelephonyManager: setTelephonyProperty: success phoneId=0 property=gsm.operator.isroaming value: false propVal=false
02-20 21:11:07.010  1679  1690 I am_proc_bound: [0,2065,com.google.android.deskclock]
