02-20 21:11:03.796  1679  1727 D VoldConnector: RCV <- {200 3 Command succeeded}
02-20 21:11:03.796  1679  1726 D VoldConnector: SND -> {4 volume user_added 0 0}
02-20 21:11:03.796  1679  1727 D VoldConnector: RCV <- {200 4 Command succeeded}
02-20 21:11:03.797  1679  1691 I am_proc_bound: [0,1765,com.android.systemui]
02-20 21:11:03.800     0     0 D ieee80211 phy1: hw scan 2427 MHz
02-20 21:11:03.809  1679  1679 I Zygote  : Process: zygote socket opened, supported ABIS: x86
02-20 21:11:03.810  1364  1548 I art     : Starting a blocking GC HeapTrim
02-20 21:11:03.813  1364  1364 I art     : Starting a blocking GC Background
02-20 21:11:03.826  1765  1765 W System  : ClassLoader referenced unknown path: /system/priv-app/SystemUIGoogle/lib/x86_64
02-20 21:11:03.836  1679  1753 D EGL_emulation: eglMakeCurrent: 0x7fcf853e6a60: ver 3 0 (tinfo 0x7fcf6df956e0)
02-20 21:11:03.889  1679  1679 W ActivityManager: Slow operation: 91ms so far, now at startProcess: returned from zygote!
02-20 21:11:03.889  1679  1679 W ActivityManager: Slow operation: 91ms so far, now at startProcess: done updating battery stats
02-20 21:11:03.889  1679  1679 I am_proc_start: [0,1794,1037,WebViewLoader-x86,,]
02-20 21:11:03.889  1679  1679 W ActivityManager: Slow operation: 91ms so far, now at startProcess: building log message
02-20 21:11:03.889  1679  1679 I ActivityManager: Start proc 1794:WebViewLoader-x86/1037 [android.webkit.WebViewFactory$RelroFileCreator] for 
02-20 21:11:03.889  1679  1679 W ActivityManager: Slow operation: 91ms so far, now at startProcess: starting to update pids map
02-20 21:11:03.889  1679  1679 W ActivityManager: Slow operation: 91ms so far, now at startProcess: done updating pids map
02-20 21:11:03.889  1679  1679 W ActivityManager: Slow operation: 91ms so far, now at startProcess: done starting proc!
02-20 21:11:03.899  1799  1799 W art     : Unexpected CPU variant for X86 using defaults: x86_64
02-20 21:11:03.900  1794  1794 W art     : Unexpected CPU variant for X86 using defaults: x86
02-20 21:11:03.901  1679  1679 I am_proc_start: [0,1799,1037,WebViewLoader-x86_64,,]
02-20 21:11:03.901  1679  1679 I ActivityManager: Start proc 1799:WebViewLoader-x86_64/1037 [android.webkit.WebViewFactory$RelroFileCreator] for 
02-20 21:11:03.909  1679  1726 D VoldConnector: SND -> {5 volume mount emulated 3 -1}
02-20 21:11:03.910  1679  1727 D VoldConnector: RCV <- {651 emulated 1}
02-20 21:11:03.910  1679  1727 D VoldConnector: RCV <- {656 emulated /data/media}
02-20 21:11:03.910  1679  1727 D VoldConnector: RCV <- {655 emulated /storage/emulated}
02-20 21:11:03.910  1799  1799 V WebViewFactory: RelroFileCreator (64bit = true),  32-bit lib: /system/app/Chrome/Chrome.apk!/lib/x86/libmonochrome.so, 64-bit lib: /system/app/Chrome/Chrome.apk!/lib/x86_64/libmonochrome.so
02-20 21:11:03.911  1267  1302 V vold    : Waiting for FUSE to spin up...
02-20 21:11:03.913  1679  1679 D NetworkManagement: enabling bandwidth control
02-20 21:11:03.913  1679  1753 D AssetAtlas: Rendered atlas in 423.05ms (126.93+296.11ms)
02-20 21:11:03.913  1679  1792 E WVMExtractor: Failed to open libwvm.so: dlopen failed: library "libwvm.so" not found
02-20 21:11:03.930     0     0 D ieee80211 phy1: hw scan 2432 MHz
02-20 21:11:03.963  1267  1302 V vold    : Waiting for FUSE to spin up...
02-20 21:11:03.996  1758  1758 I LatinIME: Hardware accelerated drawing: true
02-20 21:11:04.015  1267  1302 V vold    : Waiting for FUSE to spin up...
02-20 21:11:04.017  1812  1812 W sdcard  : Device explicitly disabled sdcardfs
02-20 21:11:04.025  1765  1765 V SystemUIService: Starting SystemUI services for user 0.
02-20 21:11:04.027  1794  1794 V WebViewFactory: RelroFileCreator (64bit = false),  32-bit lib: /system/app/Chrome/Chrome.apk!/lib/x86/libmonochrome.so, 64-bit lib: /system/app/Chrome/Chrome.apk!/lib/x86_64/libmonochrome.so
02-20 21:11:04.037  1373  1373 I MediaPlayerService: MediaPlayerService::getOMX
02-20 21:11:04.038  1373  1373 I OMXClient: MuxOMX ctor
02-20 21:11:04.039     0     0 D SELinux : initialized (dev fuse, type fuse), uses genfs_contexts
02-20 21:11:04.054     0     0 D SELinux : initialized (dev fuse, type fuse), uses genfs_contexts
02-20 21:11:04.061     0     0 D ieee80211 phy1: hw scan 2437 MHz
02-20 21:11:04.075     0     0 D SELinux : initialized (dev fuse, type fuse), uses genfs_contexts
02-20 21:11:04.041  1373  1373 I MediaPlayerService: MediaPlayerService::getOMX
02-20 21:11:04.041  1373  1373 I OMXClient: MuxOMX ctor
02-20 21:11:04.042  1370  1370 I OMXMaster: makeComponentInstance(OMX.google.mp3.decoder) in mediacodec process
02-20 21:11:04.065  1267  1302 V vold    : Waiting for FUSE to spin up...
02-20 21:11:04.112  1765  1765 V MediaRouter: Adding route: RouteInfo{ name=Phone, description=null, status=null, category=RouteCategory{ name=null types=ROUTE_TYPE_LIVE_AUDIO ROUTE_TYPE_LIVE_VIDEO  groupable=false }, supportedTypes=ROUTE_TYPE_LIVE_AUDIO ROUTE_TYPE_LIVE_VIDEO , presentationDisplay=null }
02-20 21:11:04.113  1765  1765 V MediaRouter: Updating audio routes: AudioRoutesInfo{ type=SPEAKER }
02-20 21:11:04.113  1765  1765 V MediaRouter: Selecting route: RouteInfo{ name=Phone, description=null, status=null, category=RouteCategory{ name=null types=ROUTE_TYPE_LIVE_AUDIO ROUTE_TYPE_LIVE_VIDEO  groupable=false }, supportedTypes=ROUTE_TYPE_LIVE_AUDIO ROUTE_TYPE_LIVE_VIDEO , presentationDisplay=null }
02-20 21:11:04.115  1679  1734 D WifiController: DEFERRED_TOGGLE handled
02-20 21:11:04.126  1679  1691 D TelephonyRegistry: listen oscl: hasNotifySubscriptionInfoChangedOccurred==false no callback
02-20 21:11:04.138  1679  1727 D VoldConnector: RCV <- {651 emulated 2}
02-20 21:11:04.138  1679  1727 D VoldConnector: RCV <- {200 5 Command succeeded}
02-20 21:11:04.139  1679  1726 D VoldConnector: SND -> {6 volume mount public:253,64 2 0}
02-20 21:11:04.139  1267  1302 V vold    : /system/bin/blkid
02-20 21:11:04.139  1267  1302 V vold    :     -c
02-20 21:11:04.139  1267  1302 V vold    :     /dev/null
02-20 21:11:04.139  1267  1302 V vold    :     -s
02-20 21:11:04.139  1267  1302 V vold    :     TYPE
02-20 21:11:04.139  1267  1302 V vold    :     -s
02-20 21:11:04.139  1267  1302 V vold    :     UUID
02-20 21:11:04.139  1267  1302 V vold    :     -s
02-20 21:11:04.139  1267  1302 V vold    :     LABEL
02-20 21:11:04.139  1267  1302 V vold    :     /dev/block/vold/public:253,64
02-20 21:11:04.139  1679  1727 D VoldConnector: RCV <- {651 public:253,64 1}
02-20 21:11:04.178  1373  1373 I MediaPlayerService: MediaPlayerService::getOMX
02-20 21:11:04.178  1373  1373 I OMXClient: MuxOMX ctor
02-20 21:11:04.179  1370  1385 I OMXMaster: makeComponentInstance(OMX.google.amrnb.decoder) in mediacodec process
02-20 21:11:04.187  1374  1676 D SoftapController: Softap fwReload - Ok
02-20 21:11:04.188  1679  1679 W NetworkManagement: setDataSaverMode(): already false
02-20 21:11:04.190  1374  1676 D CommandListener: Setting iface cfg
02-20 21:11:04.190  1374  1676 D CommandListener: Trying to bring down wlan0
02-20 21:11:04.190  1374  1676 D CommandListener: Clearing all IP addresses on wlan0
02-20 21:11:04.190  1267  1302 V vold    : /dev/block/vold/public:253,64: LABEL="SDCARD" UUID="1E12-0B12" TYPE="vfat" 
02-20 21:11:04.190  1267  1302 V vold    : 
02-20 21:11:04.191  1679  1735 E WifiMonitor: killSupplicant p2pfalse init.svc.wpa_supplicant=unknown init.svc.p2p_supplicant=unknown
02-20 21:11:04.192  1679  1735 E wifi    : Can not initialize the vendor function pointer table
02-20 21:11:04.192  1679  1735 E WifiNative-HAL: Could not start hal
02-20 21:11:04.192  1679  1735 E WifiStateMachine: Failed to start HAL
02-20 21:11:04.198  1373  1373 I MediaPlayerService: MediaPlayerService::getOMX
02-20 21:11:04.198  1373  1373 I OMXClient: MuxOMX ctor
02-20 21:11:04.198  1370  1844 I OMXMaster: makeComponentInstance(OMX.google.amrwb.decoder) in mediacodec process
02-20 21:11:04.200  1267  1302 V vold    : /system/bin/fsck_msdos
02-20 21:11:04.200  1267  1302 V vold    :     -p
02-20 21:11:04.200  1267  1302 V vold    :     -f
02-20 21:11:04.200  1267  1302 V vold    :     /dev/block/vold/public:253,64
02-20 21:11:04.201  1679  1727 D VoldConnector: RCV <- {652 public:253,64 vfat}
02-20 21:11:04.201  1679  1727 D VoldConnector: RCV <- {653 public:253,64 1E12-0B12}
02-20 21:11:04.201  1679  1727 D VoldConnector: RCV <- {654 public:253,64 SDCARD}
02-20 21:11:04.205  1679  1735 D WifiMonitor: startMonitoring(wlan0) with mConnected = false
02-20 21:11:04.205  1679  1735 E WifiHW  : Unable to open connection to supplicant on "@android:wpa_wlan0": No such file or directory
02-20 21:11:04.183     0     0 D ieee80211 phy1: hw scan 2442 MHz
02-20 21:11:04.202     0     0 I init    : Starting service 'wpa_supplicant'...
02-20 21:11:04.300     0     0 D ieee80211 phy1: hw scan 2447 MHz
02-20 21:11:04.225  1373  1373 I MediaPlayerService: MediaPlayerService::getOMX
02-20 21:11:04.225  1373  1373 I OMXClient: MuxOMX ctor
02-20 21:11:04.225  1370  1370 I OMXMaster: makeComponentInstance(OMX.google.aac.decoder) in mediacodec process
02-20 21:11:04.246  1373  1373 I MediaPlayerService: MediaPlayerService::getOMX
02-20 21:11:04.247  1373  1373 I OMXClient: MuxOMX ctor
02-20 21:11:04.247  1370  1844 I OMXMaster: makeComponentInstance(OMX.google.g711.alaw.decoder) in mediacodec process
02-20 21:11:04.277  1267  1302 I fsck_msdos: ** /dev/block/vold/public:253,64
02-20 21:11:04.291  1267  1302 I fsck_msdos: ** Phase 1 - Read and Compare FATs
02-20 21:11:04.291  1267  1302 I fsck_msdos: Attempting to allocate 1022 KB for FAT
02-20 21:11:04.319  1765  1859 E WVMExtractor: Failed to open libwvm.so: dlopen failed: library "libwvm.so" not found
02-20 21:11:04.361  1758  1758 W InputAttributes: No editor info for this field. Bug?
02-20 21:11:04.413     0     0 D ieee80211 phy0: mac80211_hwsim_start
02-20 21:11:04.413     0     0 D ieee80211 phy0: mac80211_hwsim_add_interface (type=2 mac_addr=02:00:00:44:55:66)
02-20 21:11:04.413     0     0 D ieee80211 phy0: mac80211_hwsim_bss_info_changed(changed=0xe)
02-20 21:11:04.413     0     0 D ieee80211 phy0: ERP_CTS_PROT: 0
02-20 21:11:04.413     0     0 D ieee80211 phy0: ERP_PREAMBLE: 0
02-20 21:11:04.413     0     0 D ieee80211 phy0: ERP_SLOT: 0
02-20 21:11:04.413     0     0 D ieee80211 phy0: mac80211_hwsim_conf_tx (queue=0 txop=0 cw_min=15 cw_max=1023 aifs=2)
02-20 21:11:04.413     0     0 D ieee80211 phy0: mac80211_hwsim_conf_tx (queue=1 txop=0 cw_min=15 cw_max=1023 aifs=2)
02-20 21:11:04.413     0     0 D ieee80211 phy0: mac80211_hwsim_conf_tx (queue=2 txop=0 cw_min=15 cw_max=1023 aifs=2)
02-20 21:11:04.413     0     0 D ieee80211 phy0: mac80211_hwsim_conf_tx (queue=3 txop=0 cw_min=15 cw_max=1023 aifs=2)
02-20 21:11:04.413     0     0 D ieee80211 phy0: mac80211_hwsim_bss_info_changed(changed=0x2000)
02-20 21:11:04.413     0     0 D ieee80211 phy0: mac80211_hwsim_config (freq=0 idle=0 ps=0 smps=auto)
02-20 21:11:04.413     0     0 I IPv6    : ADDRCONF(NETDEV_UP): wlan0: link is not ready
02-20 21:11:04.413     0     0 D ieee80211 phy0: mac80211_hwsim_configure_filter
02-20 21:11:04.421     0     0 D ieee80211 phy1: hw scan 2452 MHz
02-20 21:11:04.373  1794  1794 I art     : System.exit called, status: 0
02-20 21:11:04.373  1794  1794 I AndroidRuntime: VM exiting with result code 0, cleanup skipped.
02-20 21:11:04.374  1799  1799 I art     : System.exit called, status: 0
02-20 21:11:04.374  1799  1799 I AndroidRuntime: VM exiting with result code 0, cleanup skipped.
02-20 21:11:04.387  1373  1373 I MediaPlayerService: MediaPlayerService::getOMX
02-20 21:11:04.388  1373  1373 I OMXClient: MuxOMX ctor
02-20 21:11:04.388  1370  1844 I OMXMaster: makeComponentInstance(OMX.google.g711.mlaw.decoder) in mediacodec process
02-20 21:11:04.412  1852  1852 I wpa_supplicant: Successfully initialized wpa_supplicant
02-20 21:11:04.413  1852  1852 I wpa_supplicant: rfkill: Cannot open RFKILL control device
02-20 21:11:04.413  1267  1302 I fsck_msdos: Attempting to allocate 1022 KB for FAT
02-20 21:11:04.415  1852  1852 I wpa_supplicant: nl80211: Could not re-add multicast membership for vendor events: -2 (No such file or directory)
02-20 21:11:04.443  1758  1874 I LatinIME:LogUtils: Dictionary info: dictionary = userunigram.en_US ; version = 1519161064 ; date = ?
02-20 21:11:04.449  1758  1874 E ActivityThread: Failed to find provider info for user_dictionary
02-20 21:11:04.450  1758  1874 I LatinIME:LogUtils: Dictionary info: dictionary = UserHistoryDictionary.en_US ; version = 1519161064 ; date = ?
02-20 21:11:04.455  1679  1679 D NetworkPolicy: setRestrictBackgroundUL(): false
02-20 21:11:04.455  1679  1679 W NetworkManagement: setDataSaverMode(): already false
02-20 21:11:04.464  1373  1373 I MediaPlayerService: MediaPlayerService::getOMX
02-20 21:11:04.464  1373  1373 I OMXClient: MuxOMX ctor
02-20 21:11:04.464  1370  1844 I OMXMaster: makeComponentInstance(OMX.google.vorbis.decoder) in mediacodec process
02-20 21:11:04.481  1852  1852 E wpa_supplicant: global ctrl interface @android:wpa_wlan0 matches ctrl interface wlan0 - do not open per-interface ctrl interface
02-20 21:11:04.500  1267  1302 I fsck_msdos: ** Phase 2 - Check Cluster Chains
02-20 21:11:04.502  1267  1302 I fsck_msdos: ** Phase 3 - Checking Directories
02-20 21:11:04.509  1267  1302 I fsck_msdos: ** Phase 4 - Checking for Lost Files
02-20 21:11:04.513  1267  1302 I fsck_msdos: 27 files, 522176 free (261088 clusters)
02-20 21:11:04.533  1765  1765 I vol.Events: writeEvent collection_started
02-20 21:11:04.534  1267  1302 I Vold    : Filesystem check completed OK
02-20 21:11:04.534  1679  1727 D VoldConnector: RCV <- {656 public:253,64 /mnt/media_rw/1E12-0B12}
02-20 21:11:04.534  1679  1727 D VoldConnector: RCV <- {655 public:253,64 /storage/1E12-0B12}
02-20 21:11:04.537  1373  1373 I MediaPlayerService: MediaPlayerService::getOMX
02-20 21:11:04.537  1267  1302 V vold    : Waiting for FUSE to spin up...
02-20 21:11:04.537  1373  1373 I OMXClient: MuxOMX ctor
02-20 21:11:04.537  1370  1844 I OMXMaster: makeComponentInstance(OMX.google.opus.decoder) in mediacodec process
02-20 21:11:04.544  1884  1884 W sdcard  : Device explicitly disabled sdcardfs
02-20 21:11:04.536     0     0 W FAT-fs (vde): Volume was not properly unmounted. Some data may be corrupt. Please run fsck.
02-20 21:11:04.536     0     0 D SELinux : initialized (dev vde, type vfat), uses genfs_contexts
02-20 21:11:04.540     0     0 D ieee80211 phy1: hw scan 2457 MHz
02-20 21:11:04.545     0     0 D SELinux : initialized (dev fuse, type fuse), uses genfs_contexts
02-20 21:11:04.545     0     0 D SELinux : initialized (dev fuse, type fuse), uses genfs_contexts
02-20 21:11:04.545     0     0 D SELinux : initialized (dev fuse, type fuse), uses genfs_contexts
02-20 21:11:04.550  1758  1874 I LatinIME:LogUtils: Dictionary info: dictionary = main:en ; version = 54 ; date = 1414726273
02-20 21:11:04.561  1765  1880 I sysui_action: [213,2]
02-20 21:11:04.561  1765  1880 I vol.Events: writeEvent external_ringer_mode_changed normal
02-20 21:11:04.561  1765  1880 I vol.Events: writeEvent internal_ringer_mode_changed normal
02-20 21:11:04.567  1373  1373 I MediaPlayerService: MediaPlayerService::getOMX
02-20 21:11:04.568  1373  1373 I OMXClient: MuxOMX ctor
02-20 21:11:04.568  1370  1370 I OMXMaster: makeComponentInstance(OMX.google.raw.decoder) in mediacodec process
02-20 21:11:04.576  1373  1373 I MediaPlayerService: MediaPlayerService::getOMX
02-20 21:11:04.576  1373  1373 I OMXClient: MuxOMX ctor
02-20 21:11:04.576  1370  1385 I OMXMaster: makeComponentInstance(OMX.google.aac.encoder) in mediacodec process
02-20 21:11:04.582  1373  1373 I MediaPlayerService: MediaPlayerService::getOMX
02-20 21:11:04.583  1373  1373 I OMXClient: MuxOMX ctor
02-20 21:11:04.583  1370  1844 I OMXMaster: makeComponentInstance(OMX.google.amrnb.encoder) in mediacodec process
02-20 21:11:04.588  1679  1727 D VoldConnector: RCV <- {651 public:253,64 2}
02-20 21:11:04.589  1679  1727 D VoldConnector: RCV <- {200 6 Command succeeded}
02-20 21:11:04.593  1373  1373 I MediaPlayerService: MediaPlayerService::getOMX
02-20 21:11:04.593  1373  1373 I OMXClient: MuxOMX ctor
02-20 21:11:04.594  1370  1370 I OMXMaster: makeComponentInstance(OMX.google.amrwb.encoder) in mediacodec process
02-20 21:11:04.599  1373  1373 I MediaPlayerService: MediaPlayerService::getOMX
02-20 21:11:04.599  1373  1373 I OMXClient: MuxOMX ctor
02-20 21:11:04.599  1370  1385 I OMXMaster: makeComponentInstance(OMX.google.flac.encoder) in mediacodec process
02-20 21:11:04.605  1679  1679 I SystemServiceManager: Starting phase 600
02-20 21:11:04.613  1679  1679 D SensorNotificationService: Cannot obtain dynamic meta sensor, not supported.
02-20 21:11:04.615  1679  1679 D TelephonyRegistry: listen oscl: hasNotifySubscriptionInfoChangedOccurred==false no callback
02-20 21:11:04.632  1679  1679 I GnssLocationProvider: WakeLock acquired by sendMessage(13, 0, null)
02-20 21:11:04.632  1373  1373 I MediaPlayerService: MediaPlayerService::getOMX
02-20 21:11:04.632  1373  1373 I OMXClient: MuxOMX ctor
02-20 21:11:04.632  1370  1385 I OMXMaster: makeComponentInstance(OMX.google.gsm.decoder) in mediacodec process
02-20 21:11:04.634  1679  1679 W LocationProviderProxy-network: Odd, no component found for service com.android.location.service.v3.NetworkLocationProvider
02-20 21:11:04.634  1679  1692 W GnssLocationProvider: Could not open GPS configuration file /etc/gps.conf
02-20 21:11:04.634  1679  1692 E GnssLocationProvider: no AGPS interface in set_agps_server
02-20 21:11:04.634  1679  1692 D TelephonyRegistry: listen oscl: hasNotifySubscriptionInfoChangedOccurred==false no callback
02-20 21:11:04.635  1679  1679 W GeocoderProxy: Odd, no component found for service com.android.location.service.GeocodeProvider
02-20 21:11:04.646  1679  1694 W WindowManager: Keyguard drawn timeout. Setting mKeyguardDrawComplete
02-20 21:11:04.646  1679  1679 E FlpHardwareProvider: Error hw_get_module 'flp': -2
02-20 21:11:04.646  1679  1679 D LocationManagerService: FLP HAL not supported
02-20 21:11:04.660     0     0 D ieee80211 phy1: hw scan 2462 MHz
02-20 21:11:04.671  1373  1373 I MediaPlayerService: MediaPlayerService::getOMX
02-20 21:11:04.671  1373  1373 I OMXClient: MuxOMX ctor
02-20 21:11:04.671  1370  1370 I OMXMaster: makeComponentInstance(OMX.google.mpeg4.decoder) in mediacodec process
02-20 21:11:04.693  1679  1679 W GeofenceProxy: Odd, no component found for service com.android.location.service.GeofenceProvider
02-20 21:11:04.694  1679  1679 E ActivityRecognitionHardware: Error hw_get_module: -2
02-20 21:11:04.694  1679  1679 D LocationManagerService: Hardware Activity-Recognition not supported.
02-20 21:11:04.696  1679  1679 W ActivityRecognitionProxy: Odd, no component found for service com.android.location.service.ActivityRecognitionProvider
02-20 21:11:04.697  1679  1679 I GnssLocationProvider: WakeLock acquired by sendMessage(2, 1, null)
02-20 21:11:04.705  1370  1844 E OMXNodeInstance: getExtensionIndex(55a000f:google.mpeg4.decoder, OMX.google.android.index.configureVideoTunnelMode) ERROR: UnsupportedIndex(0x8000101a)
02-20 21:11:04.705  1370  1385 W OMXNodeInstance: [55a000f:google.mpeg4.decoder] component does not support metadata mode; using fallback
02-20 21:11:04.707  1679  1690 I stream_devices_changed: [0,0,2]
02-20 21:11:04.708  1373  1373 I MediaPlayerService: MediaPlayerService::getOMX
02-20 21:11:04.708  1373  1373 I OMXClient: MuxOMX ctor
02-20 21:11:04.708  1370  1370 I OMXMaster: makeComponentInstance(OMX.google.h263.decoder) in mediacodec process
02-20 21:11:04.711  1679  1690 I stream_devices_changed: [2,0,2]
02-20 21:11:04.713  1679  1690 I stream_devices_changed: [3,0,2]
02-20 21:11:04.726  1679  1679 I CommonTimeManagementService: No common time service detected on this platform.  Common time services will be unavailable.
02-20 21:11:04.727  1679  1690 I stream_devices_changed: [6,0,2]
02-20 21:11:04.727  1679  1679 D TelephonyRegistry: systemRunning register for intents
02-20 21:11:04.737  1679  1690 I stream_devices_changed: [4,0,2]
02-20 21:11:04.741  1679  1679 I MmsServiceBroker: Delay connecting to MmsService until an API is called
02-20 21:11:04.745  1765  1880 I vol.Events: writeEvent level_changed STREAM_ALARM 6
02-20 21:11:04.748  1679  1692 I GnssLocationProvider: WakeLock released by handleMessage(13, 0, null)
02-20 21:11:04.756  1765  1880 I vol.Events: writeEvent level_changed STREAM_BLUETOOTH_SCO 7
02-20 21:11:04.756  1679  1725 I InputReader: Reconfiguring input devices.  changes=0x00000020
02-20 21:11:04.757  1765  1880 I vol.Events: writeEvent level_changed STREAM_MUSIC 11
02-20 21:11:04.758  1765  1880 I vol.Events: writeEvent level_changed STREAM_RING 5
02-20 21:11:04.758  1765  1880 I vol.Events: writeEvent level_changed STREAM_SYSTEM 5
02-20 21:11:04.758  1765  1880 I vol.Events: writeEvent level_changed STREAM_VOICE_CALL 4
02-20 21:11:04.759  1679  1725 I InputReader: Reconfiguring input devices.  changes=0x00000010
02-20 21:11:04.761  1679  1692 E GnssLocationProvider: no AGPS interface in set_agps_server
02-20 21:11:04.763  1916  1916 W art     : Unexpected CPU variant for X86 using defaults: x86_64
02-20 21:11:04.764  1679  1692 I GnssLocationProvider: WakeLock released by handleMessage(2, 1, null)
02-20 21:11:04.764  1679  1679 I am_proc_start: [0,1916,1001,com.android.phone,added application,com.android.phone]
02-20 21:11:04.764  1679  1679 I ActivityManager: Start proc 1916:com.android.phone/1001 for added application com.android.phone
02-20 21:11:04.765  1679  1679 I ActivityManager: START u0 {act=android.intent.action.MAIN cat=[android.intent.category.HOME] flg=0x10000100 cmp=com.android.settings/.FallbackHome} from uid 0 on display 0
02-20 21:11:04.765  1679  1679 W System  : ClassLoader referenced unknown path: 
02-20 21:11:04.765  1679  1679 W System  : ClassLoader referenced unknown path: /system/priv-app/Settings/lib/x86_64
02-20 21:11:04.774  1679  1679 D ApplicationLoaders: ignored Vulkan layer search path /system/priv-app/Settings/lib/x86_64:/system/priv-app/Settings/Settings.apk!/lib/x86_64:/system/lib64:/vendor/lib64 for namespace 0x7fcf89a14160
02-20 21:11:04.782  1679  1679 I ActivityManager: Loaded persisted task ids for user 0
02-20 21:11:04.782  1679  1679 I am_create_task: [0,1]
02-20 21:11:04.783  1679  1679 I am_create_activity: [0,208743343,1,com.android.settings/.FallbackHome,android.intent.action.MAIN,NULL,NULL,276824320]
02-20 21:11:04.783  1679  1679 I wm_task_created: [1,0]
02-20 21:11:04.783  1679  1679 I wm_task_moved: [1,1,0]
02-20 21:11:04.783  1679  1679 I wm_task_moved: [1,1,0]
02-20 21:11:04.783  1679  1679 I am_focused_activity: [0,com.android.settings/.FallbackHome,startedActivity]
02-20 21:11:04.780     0     0 D ieee80211 phy1: hw scan complete
02-20 21:11:04.781     0     0 D ieee80211 phy1: mac80211_hwsim_get_survey (idx=0)
02-20 21:11:04.792  1930  1930 W art     : Unexpected CPU variant for X86 using defaults: x86_64
02-20 21:11:04.796  1679  1679 I am_proc_start: [0,1930,1000,com.android.settings,activity,com.android.settings/.FallbackHome]
02-20 21:11:04.796  1679  1679 I ActivityManager: Start proc 1930:com.android.settings/1000 for activity com.android.settings/.FallbackHome
02-20 21:11:04.797  1370  1385 E OMXNodeInstance: getExtensionIndex(55a0010:google.h263.decoder, OMX.google.android.index.configureVideoTunnelMode) ERROR: UnsupportedIndex(0x8000101a)
02-20 21:11:04.798  1370  1844 W OMXNodeInstance: [55a0010:google.h263.decoder] component does not support metadata mode; using fallback
02-20 21:11:04.798  1679  1679 I SystemServer: Enabled StrictMode for system server main thread.
02-20 21:11:04.798  1679  1751 I am_proc_bound: [0,1916,com.android.phone]
02-20 21:11:04.803  1679  1679 D ConditionProviders.SCP: onConnected
02-20 21:11:04.803  1679  1679 D ZenLog  : set_zen_mode: off,readXml
02-20 21:11:04.803  1679  1679 D ConditionProviders: Subscribing to condition://android/schedule?days=6.7&start=23.30&end=10.0&exitAtAlarm=false with ComponentInfo{android/com.android.server.notification.ScheduleConditionProvider}
02-20 21:11:04.803  1679  1679 D ZenLog  : subscribe: condition://android/schedule?days=6.7&start=23.30&end=10.0&exitAtAlarm=false,ok
02-20 21:11:04.803  1679  1679 D ConditionProviders: Subscribing to condition://android/event?userId=-10000&calendar=&reply=1 with ComponentInfo{android/com.android.server.notification.EventConditionProvider}
02-20 21:11:04.803  1679  1679 D ZenLog  : subscribe: condition://android/event?userId=-10000&calendar=&reply=1,ok
02-20 21:11:04.803  1679  1679 D ConditionProviders: Subscribing to condition://android/schedule?days=1.2.3.4.5&start=22.0&end=7.0&exitAtAlarm=false with ComponentInfo{android/com.android.server.notification.ScheduleConditionProvider}
02-20 21:11:04.803  1679  1679 D ZenLog  : subscribe: condition://android/schedule?days=1.2.3.4.5&start=22.0&end=7.0&exitAtAlarm=false,ok
02-20 21:11:04.804  1679  1692 W LocationProviderProxy-network: Odd, no component found for service com.android.location.service.v3.NetworkLocationProvider
02-20 21:11:04.807  1679  1692 W GeocoderProxy: Odd, no component found for service com.android.location.service.GeocodeProvider
02-20 21:11:04.819  1679  1692 W GeofenceProxy: Odd, no component found for service com.android.location.service.GeofenceProvider
02-20 21:11:04.819  1679  1692 W ActivityRecognitionProxy: Odd, no component found for service com.android.location.service.ActivityRecognitionProvider
02-20 21:11:04.831  1517  1517 E hostapd : Using interface wlan1 with hwaddr 02:00:00:00:01:00 and ssid "AndroidWifi"
02-20 21:11:04.831  1517  1517 I hostapd : wlan1: interface state HT_SCAN->ENABLED
02-20 21:11:04.831  1517  1517 I hostapd : wlan1: AP-ENABLED 
02-20 21:11:04.839  1373  1373 I MediaPlayerService: MediaPlayerService::getOMX
02-20 21:11:04.831     0     0 D ieee80211 phy1: mac80211_hwsim_config (freq=0 idle=0 ps=0 smps=auto)
02-20 21:11:04.831     0     0 D ieee80211 phy1: add channel context control: 2447 MHz/width: 2/cfreqs:2437/0 MHz
02-20 21:11:04.831     0     0 D ieee80211 phy1: mac80211_hwsim_bss_info_changed(changed=0x40000)
02-20 21:11:04.831     0     0 D ieee80211 phy1: TX Power: 20 dBm
02-20 21:11:04.831     0     0 D ieee80211 phy1: mac80211_hwsim_bss_info_changed(changed=0x4000)
02-20 21:11:04.831     0     0 D ieee80211 phy1: change channel context control: 2447 MHz/width: 2/cfreqs:2437/0 MHz
02-20 21:11:04.831     0     0 D ieee80211 phy1: mac80211_hwsim_bss_info_changed(changed=0x88340)
02-20 21:11:04.831     0     0 D ieee80211 phy1: BCNINT: 100
02-20 21:11:04.831     0     0 D ieee80211 phy1: BCN EN: 1
02-20 21:11:04.831     0     0 D ieee80211 phy1: mac80211_hwsim_bss_info_changed(changed=0x3e)
02-20 21:11:04.831     0     0 D ieee80211 phy1: ERP_CTS_PROT: 0
02-20 21:11:04.831     0     0 D ieee80211 phy1: ERP_PREAMBLE: 0
02-20 21:11:04.831     0     0 D ieee80211 phy1: ERP_SLOT: 1
02-20 21:11:04.831     0     0 D ieee80211 phy1: HT: op_mode=0x0
02-20 21:11:04.831     0     0 D ieee80211 phy1: BASIC_RATES: 0xf
02-20 21:11:04.831     0     0 D ieee80211 phy1: mac80211_hwsim_conf_tx (queue=0 txop=47 cw_min=3 cw_max=7 aifs=1)
02-20 21:11:04.831     0     0 D ieee80211 phy1: mac80211_hwsim_bss_info_changed(changed=0x2000)
02-20 21:11:04.831     0     0 D ieee80211 phy1: mac80211_hwsim_conf_tx (queue=1 txop=94 cw_min=7 cw_max=15 aifs=1)
02-20 21:11:04.831     0     0 D ieee80211 phy1: mac80211_hwsim_bss_info_changed(changed=0x2000)
02-20 21:11:04.831     0     0 D ieee80211 phy1: mac80211_hwsim_conf_tx (queue=2 txop=0 cw_min=15 cw_max=63 aifs=3)
02-20 21:11:04.831     0     0 D ieee80211 phy1: mac80211_hwsim_bss_info_changed(changed=0x2000)
02-20 21:11:04.831     0     0 D ieee80211 phy1: mac80211_hwsim_conf_tx (queue=3 txop=0 cw_min=15 cw_max=1023 aifs=7)
02-20 21:11:04.831     0     0 D ieee80211 phy1: mac80211_hwsim_bss_info_changed(changed=0x2000)
02-20 21:11:04.831     0     0 I IPv6    : ADDRCONF(NETDEV_CHANGE): wlan1: link becomes ready
02-20 21:11:04.836     0     0 D ieee80211 phy1: mac80211_hwsim_configure_filter
02-20 21:11:04.840  1373  1373 I OMXClient: MuxOMX ctor
02-20 21:11:04.841  1679  1690 I am_proc_bound: [0,1930,com.android.settings]
02-20 21:11:04.842  1370  1370 I OMXMaster: makeComponentInstance(OMX.google.h264.decoder) in mediacodec process
02-20 21:11:04.849  1312  1325 E SurfaceFlinger: ro.sf.lcd_density must be defined as a build property
02-20 21:11:04.858  1916  1916 W System  : ClassLoader referenced unknown path: /system/priv-app/TeleService/lib/x86_64
02-20 21:11:04.879  1373  1373 W ACodec  : [OMX.google.h264.decoder] stopping checking profiles after 32: 2/8000
02-20 21:11:04.880  1370  1385 E OMXNodeInstance: getExtensionIndex(55a0011:google.h264.decoder, OMX.google.android.index.configureVideoTunnelMode) ERROR: UnsupportedIndex(0x8000101a)
02-20 21:11:04.880  1370  1370 W OMXNodeInstance: [55a0011:google.h264.decoder] component does not support metadata mode; using fallback
02-20 21:11:04.887  1373  1373 I MediaPlayerService: MediaPlayerService::getOMX
02-20 21:11:04.887  1373  1373 I OMXClient: MuxOMX ctor
02-20 21:11:04.887  1370  1844 I OMXMaster: makeComponentInstance(OMX.google.hevc.decoder) in mediacodec process
02-20 21:11:04.918  1312  1379 D PermissionCache: checking android.permission.READ_FRAME_BUFFER for uid=1000 => granted (298 us)
02-20 21:11:04.927  1370  1844 E OMXNodeInstance: getExtensionIndex(55a0012:google.hevc.decoder, OMX.google.android.index.configureVideoTunnelMode) ERROR: UnsupportedIndex(0x8000101a)
02-20 21:11:04.927  1370  1385 W OMXNodeInstance: [55a0012:google.hevc.decoder] component does not support metadata mode; using fallback
02-20 21:11:04.929  1373  1373 I MediaPlayerService: MediaPlayerService::getOMX
02-20 21:11:04.930  1373  1373 I OMXClient: MuxOMX ctor
02-20 21:11:04.930  1370  1844 I OMXMaster: makeComponentInstance(OMX.google.vp8.decoder) in mediacodec process
02-20 21:11:04.956  1370  1385 E OMXNodeInstance: getExtensionIndex(55a0013:google.vp8.decoder, OMX.google.android.index.configureVideoTunnelMode) ERROR: UnsupportedIndex(0x8000101a)
02-20 21:11:04.957  1370  1370 W OMXNodeInstance: [55a0013:google.vp8.decoder] component does not support metadata mode; using fallback
02-20 21:11:04.959  1373  1373 I MediaPlayerService: MediaPlayerService::getOMX
02-20 21:11:04.959  1373  1373 I OMXClient: MuxOMX ctor
02-20 21:11:04.962  1370  1844 I OMXMaster: makeComponentInstance(OMX.google.vp9.decoder) in mediacodec process
02-20 21:11:04.981  1312  1379 D gralloc_ranchu: gralloc_alloc: Creating ashmem region of size 17051648
02-20 21:11:04.987  1370  1370 E OMXNodeInstance: getExtensionIndex(55a0014:google.vp9.decoder, OMX.google.android.index.configureVideoTunnelMode) ERROR: UnsupportedIndex(0x8000101a)
02-20 21:11:04.987  1370  1844 W OMXNodeInstance: [55a0014:google.vp9.decoder] component does not support metadata mode; using fallback
02-20 21:11:04.989  1373  1373 I MediaPlayerService: MediaPlayerService::getOMX
02-20 21:11:04.989  1373  1373 I OMXClient: MuxOMX ctor
02-20 21:11:04.989  1370  1844 I OMXMaster: makeComponentInstance(OMX.google.h263.encoder) in mediacodec process
02-20 21:11:05.007  1370  1844 I SoftMPEG4Encoder: Construct SoftMPEG4Encoder
02-20 21:11:05.011  1373  1373 W ACodec  : do not know color format 0x7f000789 = 2130708361
02-20 21:11:05.011  1370  1385 E OMXNodeInstance: getConfig(55a0015:google.h263.encoder, ConfigAndroidIntraRefresh(0x6f60000a)) ERROR: Undefined(0x80001001)
02-20 21:11:05.013  1373  1373 I MediaPlayerService: MediaPlayerService::getOMX
02-20 21:11:05.013  1373  1373 I OMXClient: MuxOMX ctor
02-20 21:11:05.013  1370  1385 I OMXMaster: makeComponentInstance(OMX.google.h264.encoder) in mediacodec process
02-20 21:11:05.037  1373  1373 W ACodec  : do not know color format 0x7f000789 = 2130708361
02-20 21:11:05.039  1373  1373 I MediaPlayerService: MediaPlayerService::getOMX
02-20 21:11:05.039  1373  1373 I OMXClient: MuxOMX ctor
02-20 21:11:05.039  1370  1370 I OMXMaster: makeComponentInstance(OMX.google.mpeg4.encoder) in mediacodec process
02-20 21:11:05.056  1370  1370 I SoftMPEG4Encoder: Construct SoftMPEG4Encoder
02-20 21:11:05.059  1373  1373 W ACodec  : do not know color format 0x7f000789 = 2130708361
02-20 21:11:05.059  1370  1844 E OMXNodeInstance: getConfig(55a0017:google.mpeg4.encoder, ConfigAndroidIntraRefresh(0x6f60000a)) ERROR: Undefined(0x80001001)
02-20 21:11:05.069  1373  1373 I MediaPlayerService: MediaPlayerService::getOMX
02-20 21:11:05.070  1373  1373 I OMXClient: MuxOMX ctor
02-20 21:11:05.070  1370  1844 I OMXMaster: makeComponentInstance(OMX.google.vp8.encoder) in mediacodec process
02-20 21:11:05.098  1679  1690 I am_restart_activity: [0,208743343,1,com.android.settings/.FallbackHome]
02-20 21:11:05.100  1679  1679 W art     : Long monitor contention with owner Binder:1679_1 (1690) at void com.android.server.am.ActivityManagerService.attachApplication(android.app.IApplicationThread)(ActivityManagerService.java:6669) waiters=0 in int com.android.server.am.ActivityManagerService.getMemoryTrimLevel() for 259ms
02-20 21:11:05.100  1679  1679 I dvm_lock_sample: [system_server,1,main,259,ActivityManagerService.java,14091,-,6669,51]
02-20 21:11:05.101  1679  1700 W art     : Long monitor contention with owner Binder:1679_1 (1690) at void com.android.server.am.ActivityManagerService.attachApplication(android.app.IApplicationThread)(ActivityManagerService.java:6669) waiters=2 in void com.android.server.am.ActivityManagerService$LocalService.notifyAppTransitionCancelled() for 230ms
02-20 21:11:05.101  1679  1700 I dvm_lock_sample: [system_server,1,android.display,230,ActivityManagerService.java,21995,-,6669,46]
02-20 21:11:05.102  1679  1679 D RttService: SCAN_AVAILABLE : 1
02-20 21:11:05.102  1679  1679 D ZenLog  : set_zen_mode: off,cleanUpZenRules
02-20 21:11:05.103  1679  1740 I WifiScanningService: wifi driver unloaded
02-20 21:11:05.104  1679  1741 D RttService: DefaultState got{ when=-2ms what=160513 target=com.android.internal.util.StateMachine$SmHandler }
02-20 21:11:05.109  1765  1765 D         : HostConnection::get() New Host Connection established 0x7fcf7ad6d5a0, tid 1765
02-20 21:11:05.114  1679  1679 W System  : ClassLoader referenced unknown path: /system/priv-app/Telecom/lib/x86_64
02-20 21:11:05.115  1679  1679 D ApplicationLoaders: ignored Vulkan layer search path /system/priv-app/Telecom/lib/x86_64:/system/priv-app/Telecom/Telecom.apk!/lib/x86_64:/system/lib64:/vendor/lib64 for namespace 0x7fcf89a141d0
02-20 21:11:05.127  1930  1930 W System  : ClassLoader referenced unknown path: /system/priv-app/Settings/lib/x86_64
02-20 21:11:05.112  1916  1916 W System  : ClassLoader referenced unknown path: /system/priv-app/TelephonyProvider/lib/x86_64
02-20 21:11:05.137  1916  1916 D ApplicationLoaders: ignored Vulkan layer search path /system/priv-app/TelephonyProvider/lib/x86_64:/system/lib64:/vendor/lib64 for namespace 0x7fcf89a140f0
02-20 21:11:05.153  1765  1765 D StorageNotification: Notifying about private volume: VolumeInfo{private}:
02-20 21:11:05.153  1765  1765 D StorageNotification:     type=PRIVATE diskId=null partGuid=null mountFlags=0 mountUserId=-1 
02-20 21:11:05.153  1765  1765 D StorageNotification:     state=MOUNTED 
02-20 21:11:05.153  1765  1765 D StorageNotification:     fsType=null fsUuid=null fsLabel=null 
02-20 21:11:05.153  1765  1765 D StorageNotification:     path=/data internalPath=null 
02-20 21:11:05.154  1765  1765 D StorageNotification: Notifying about public volume: VolumeInfo{public:253,64}:
02-20 21:11:05.154  1765  1765 D StorageNotification:     type=PUBLIC diskId=disk:253,64 partGuid=null mountFlags=VISIBLE 
02-20 21:11:05.154  1765  1765 D StorageNotification:     mountUserId=0 state=MOUNTED 
02-20 21:11:05.154  1765  1765 D StorageNotification:     fsType=vfat fsUuid=1E12-0B12 fsLabel=SDCARD 
02-20 21:11:05.154  1765  1765 D StorageNotification:     path=/storage/1E12-0B12 internalPath=/mnt/media_rw/1E12-0B12 
02-20 21:11:05.187  1373  1373 W ACodec  : do not know color format 0x7f000789 = 2130708361
02-20 21:11:05.201  1679  1679 E BluetoothAdapter: Bluetooth binder is null
02-20 21:11:05.210  1370  1385 E OMXNodeInstance: getConfig(55a0018:google.vp8.encoder, ConfigAndroidIntraRefresh(0x6f60000a)) ERROR: Undefined(0x80001001)
02-20 21:11:05.221  1679  1735 D WifiConfigManager: Loading config and enabling all networks 
02-20 21:11:05.227  1373  1373 I MediaPlayerService: MediaPlayerService::getOMX
02-20 21:11:05.227  1373  1373 I OMXClient: MuxOMX ctor
02-20 21:11:05.229  1373  1373 I MediaPlayerService: MediaPlayerService::getOMX
02-20 21:11:05.229  1373  1373 I OMXClient: MuxOMX ctor
02-20 21:11:05.229  1373  1373 W MediaCodecList: unable to open media codecs configuration xml file: /data/misc/media/media_codecs_profiling_results.xml
02-20 21:11:05.230  1373  1845 I MediaPlayerService: MediaPlayerService::getOMX
02-20 21:11:05.230  1679  1831 I OMXClient: MuxOMX ctor
02-20 21:11:05.231  1373  1403 I MediaPlayerService: MediaPlayerService::getOMX
02-20 21:11:05.231  1370  1370 I OMXMaster: makeComponentInstance(OMX.google.vorbis.decoder) in mediacodec process
02-20 21:11:05.231  1765  1861 I OMXClient: MuxOMX ctor
02-20 21:11:05.230  1679  1735 W WifiNetworkHistory: Upgrading network 0 to android.uid.system:1000
02-20 21:11:05.232  1679  1679 I Telecom : SystemStateProvider: Registering car mode receiver: android.content.IntentFilter@a415949: TS.init@AAA
02-20 21:11:05.235  1679  1735 D WifiConfigManager: loaded 0 passpoint configs
02-20 21:11:05.270  1679  1735 E IpConfigStore: Error parsing configuration: java.io.FileNotFoundException: /data/misc/wifi/ipconfig.txt (No such file or directory)
02-20 21:11:05.276  1916  1916 D TelephonyProvider: dbh.onOpen: ok, queried table=siminfo
02-20 21:11:05.276  1916  1916 D TelephonyProvider: dbh.onOpen: ok, queried table=carriers
02-20 21:11:05.290  1679  1735 D WifiNative-HAL: Setting external_sim to 1
02-20 21:11:05.291  1679  1735 D WifiStateMachine: Setting OUI to DA-A1-19
02-20 21:11:05.295  1679  1735 I WifiConnectivityManager: PNO settings: min5GHzRssi -82 min24GHzRssi -85 currentConnectionBonus 16 sameNetworkBonus 24 secureNetworkBonus 80 initialScoreMax 100
02-20 21:11:05.295  1679  1735 I WifiConnectivityManager: ConnectivityScanManager initialized and disabled
02-20 21:11:05.295  1679  1735 I WifiConnectivityManager: setUntrustedConnectionAllowed: allowed=false
02-20 21:11:05.295  1679  1735 E WifiLogger: no ring buffers found
02-20 21:11:05.295  1679  1735 E WifiLogger: Failed to start packet fate monitoring
02-20 21:11:05.296  1930  1930 I am_on_resume_called: [0,com.android.settings.FallbackHome,LAUNCH_ACTIVITY]
02-20 21:11:05.303  1312  1379 E SurfaceFlinger: ro.sf.lcd_density must be defined as a build property
02-20 21:11:05.310  1930  1930 D         : HostConnection::get() New Host Connection established 0x7fcf7adf5e20, tid 1930
02-20 21:11:05.324  1679  1980 I Telecom : Telecom: Non-call EVENT: AUDIO_ROUTE, Entering state QuiescentEarpieceRoute
02-20 21:11:05.324  1679  1735 I WifiConnectivityManager: Set WiFi enabled
02-20 21:11:05.324  1679  1735 I WifiConnectivityManager: scheduleWatchdogTimer
02-20 21:11:05.325  1679  1735 D WifiNative-HAL: Failing getSupportedFeatureset because HAL isn't started
02-20 21:11:05.325  1679  1696 E BatteryStatsService: no controller energy info supplied
02-20 21:11:05.325  1679  1696 E KernelCpuSpeedReader: Failed to read cpu-freq: /sys/devices/system/cpu/cpu0/cpufreq/stats/time_in_state (No such file or directory)
02-20 21:11:05.325  1679  1696 E KernelUidCpuTimeReader: Failed to read uid_cputime: /proc/uid_cputime/show_uid_stat (No such file or directory)
02-20 21:11:05.327  1679  1735 D WifiNative-HAL: Failing getSupportedFeatureset because HAL isn't started
02-20 21:11:05.327  1679  1696 E BatteryStatsService: no controller energy info supplied
02-20 21:11:05.345  1679  1984 I Telecom : CallAudioModeStateMachine: Message received: null.: TS.init->CAMSM.pM_1@AAA_0
02-20 21:11:05.361  1679  1696 E KernelCpuSpeedReader: Failed to read cpu-freq: /sys/devices/system/cpu/cpu0/cpufreq/stats/time_in_state (No such file or directory)
02-20 21:11:05.361  1679  1696 E KernelUidCpuTimeReader: Failed to read uid_cputime: /proc/uid_cputime/show_uid_stat (No such file or directory)
02-20 21:11:05.362  1679  1985 E ActivityThread: Failed to find provider info for call_log
02-20 21:11:05.363  1679  1679 E BluetoothAdapter: Bluetooth binder is null
02-20 21:11:05.369  1370  1844 I OMXMaster: makeComponentInstance(OMX.google.vorbis.decoder) in mediacodec process
02-20 21:11:05.380  1916  1916 D TDC     : updateOrInsert: inserting: Modem { uuid=modem, state=0, rilModel=0, rat={}, maxActiveVoiceCall=1, maxActiveDataCall=1, maxStandby=1 }
02-20 21:11:05.380  1916  1916 D TDC     : updateOrInsert: inserting: Sim { uuid=sim, modemUuid=modem, state=0 }
02-20 21:11:05.386  1679  1679 I Telecom : Class: TelecomSystem.INSTANCE being set
02-20 21:11:05.387  1679  1679 E BluetoothAdapter: Bluetooth binder is null
02-20 21:11:05.389  1679  1679 W ContextImpl: Calling a method in the system process without a qualified user: android.app.ContextImpl.startService:1357 com.android.server.content.SyncManager$13.run:658 android.os.Handler.handleCallback:751 android.os.Handler.dispatchMessage:95 android.os.Looper.loop:154 
02-20 21:11:05.402  1916  1916 D CdmaSSM : subscriptionSource from settings: 0
02-20 21:11:05.402  1916  1916 I PhoneFactory: Cdma Subscription set to 0
02-20 21:11:05.423  1930  1981 D         : HostConnection::get() New Host Connection established 0x7fcf7adf5ee0, tid 1981
02-20 21:11:05.424  1930  1981 I OpenGLRenderer: Initialized EGL, version 1.4
02-20 21:11:05.424  1930  1981 D OpenGLRenderer: Swap behavior 1
02-20 21:11:05.442  1916  1916 I PhoneFactory: Network Mode set to 0
02-20 21:11:05.443  1373  1845 I MediaPlayerService: MediaPlayerService::getOMX
02-20 21:11:05.446  1765  1998 I OMXClient: MuxOMX ctor
02-20 21:11:05.446  1370  1990 I OMXMaster: makeComponentInstance(OMX.google.vorbis.decoder) in mediacodec process
02-20 21:11:05.448  1916  1916 D RILJ    : RIL(context, preferredNetworkType=0 cdmaSubscription=0)
02-20 21:11:05.450  1679  1690 I dvm_lock_sample: [system_server,1,Binder:1679_1,59,WindowManagerService.java,2857,-,2857,11]
02-20 21:11:05.460  1373  1373 I MediaPlayerService: MediaPlayerService::getOMX
02-20 21:11:05.461  1679  2001 I OMXClient: MuxOMX ctor
02-20 21:11:05.462  1679  1679 W System  : ClassLoader referenced unknown path: /system/priv-app/FusedLocation/lib/x86_64
02-20 21:11:05.462  1930  1981 D EGL_emulation: eglCreateContext: 0x7fcf7ad79ca0: maj 3 min 0 rcv 3
02-20 21:11:05.462  1679  1679 D ApplicationLoaders: ignored Vulkan layer search path /system/priv-app/FusedLocation/lib/x86_64:/system/priv-app/FusedLocation/FusedLocation.apk!/lib/x86_64:/system/lib64:/vendor/lib64 for namespace 0x7fcf89a14240
02-20 21:11:05.467  1679  1679 D GpsNetInitiatedHandler: location enabled :true
02-20 21:11:05.468  1679  1679 V WiredAccessoryManager: notifyWiredAccessoryChanged: when=0 bits= mask=54
02-20 21:11:05.468  1679  1679 V WiredAccessoryManager: newName=h2w newState=0 headsetState=0 prev headsetState=0
02-20 21:11:05.468  1679  1679 E WiredAccessoryManager: No state change.
02-20 21:11:05.468  1679  1679 V WiredAccessoryManager: init()
02-20 21:11:05.470  1679  1690 I StatusBarManagerService: registerStatusBar bar=com.android.internal.statusbar.IStatusBar$Stub$Proxy@469ee96
02-20 21:11:05.475  1916  1916 D RILJ    : Starting RILReceiver0 [SUB0]
02-20 21:11:05.475  1370  1385 I OMXMaster: makeComponentInstance(OMX.google.vorbis.decoder) in mediacodec process
02-20 21:11:05.477  1916  1916 D RILJ    : [3648]> GET_HARDWARE_CONFIG [SUB0]
02-20 21:11:05.478  1916  1916 D RilRequest: [3648]< GET_HARDWARE_CONFIG error: com.android.internal.telephony.CommandException: RADIO_NOT_AVAILABLE ret=
02-20 21:11:05.478  1916  1916 I PhoneFactory: Creating SubscriptionController
02-20 21:11:05.481  1916  1916 D SubscriptionController: [SubscriptionController] init by Context
02-20 21:11:05.508  1375  1484 I RILC    : libril: new connection to RIL_SOCKET_1
02-20 21:11:05.508  1375  1484 I RILC    : RIL Daemon version: android reference-ril 1.0
02-20 21:11:05.509  1916  2007 I RILJ    : (0) Connected to 'rild' socket
02-20 21:11:05.509  1916  2007 D RILJ    : [UNSL]< UNSOL_RIL_CONNECTED {12} [SUB0]
02-20 21:11:05.510  1916  2007 D RILJ    : [3649]> RADIO_POWER off [SUB0]
02-20 21:11:05.526  1930  1981 D EGL_emulation: eglMakeCurrent: 0x7fcf7ad79ca0: ver 3 0 (tinfo 0x7fcf853eddc0)
02-20 21:11:05.530  1375  1484 D RIL     : onRequest: RADIO_POWER
02-20 21:11:05.531  1916  2007 D RILJ    : [3650]> RIL_REQUEST_CDMA_SET_SUBSCRIPTION_SOURCE : 0 [SUB0]
02-20 21:11:05.531  1375  1484 D RIL     : onRequest: CDMA_SET_SUBSCRIPTION_SOURCE
02-20 21:11:05.531  1916  2007 D RILJ    : setCellInfoListRate: 2147483647 [SUB0]
02-20 21:11:05.531  1916  2007 D RILJ    : [3651]> RIL_REQUEST_SET_CELL_INFO_LIST_RATE [SUB0]
02-20 21:11:05.531  1375  1484 D RIL     : onRequest: SET_UNSOL_CELL_INFO_LIST_RATE
02-20 21:11:05.532  1916  2007 D RILJ    : [UNSL]< UNSOL_RESPONSE_RADIO_STATE_CHANGED RADIO_OFF [SUB0]
02-20 21:11:05.532  1916  2007 D RILJ    : [3652]> SCREEN_STATE: true [SUB0]
02-20 21:11:05.533  1375  1484 D RIL     : onRequest: SCREEN_STATE
02-20 21:11:05.533  1916  2007 D RILJ    : [UNSL]< UNSOL_NITZ_TIME_RECEIVED 18/02/20:21:10:59+0:0:Unknown!Unknown [SUB0]
02-20 21:11:05.534  1373  1373 I MediaPlayerService: MediaPlayerService::getOMX
02-20 21:11:05.535  1679  2017 I OMXClient: MuxOMX ctor
02-20 21:11:05.535  1370  1385 I OMXMaster: makeComponentInstance(OMX.google.vorbis.decoder) in mediacodec process
02-20 21:11:05.540  1679  1679 W VibratorService: Tried to stop vibrating but there is no vibrator device.
02-20 21:11:05.541  1916  1916 D UiccController: Creating UiccController
02-20 21:11:05.543  1916  1916 D TelephonyTester: register for intent action=com.android.internal.telephony.action_detached
02-20 21:11:05.543  1916  1916 D TelephonyTester: register for intent action=com.android.internal.telephony.action_attached
02-20 21:11:05.547  1679  1679 D ConditionProviders.SCP: onSubscribe condition://android/schedule?days=6.7&start=23.30&end=10.0&exitAtAlarm=false
02-20 21:11:05.547  1679  1679 D ConditionProviders.SCP: setRegistered true
02-20 21:11:05.548  1679  1679 D ConditionProviders.SCP: notifyCondition condition://android/schedule?days=6.7&start=23.30&end=10.0&exitAtAlarm=false STATE_FALSE reason=!meetsSchedule
02-20 21:11:05.553  1679  1679 D ConditionProviders.SCP: Scheduling evaluate for Tue Feb 20 23:30:00 GMT+00:00 2018 (1519169400000), in +2h18m54s453ms, now=Tue Feb 20 21:11:05 GMT+00:00 2018 (1519161065547)
02-20 21:11:05.553  1916  2007 D RILJ    : [3649]< RADIO_POWER  [SUB0]
02-20 21:11:05.553  1916  2007 D RilRequest: [3650]< RIL_REQUEST_CDMA_SET_SUBSCRIPTION_SOURCE error: com.android.internal.telephony.CommandException: RADIO_NOT_AVAILABLE ret=
02-20 21:11:05.553  1679  1679 D ConditionProviders.SCP: onSubscribe condition://android/schedule?days=1.2.3.4.5&start=22.0&end=7.0&exitAtAlarm=false
02-20 21:11:05.553  1916  2007 D RilRequest: [3651]< RIL_REQUEST_SET_CELL_INFO_LIST_RATE error: com.android.internal.telephony.CommandException: RADIO_NOT_AVAILABLE ret=
02-20 21:11:05.554  1679  1679 D ConditionProviders.SCP: notifyCondition condition://android/schedule?days=6.7&start=23.30&end=10.0&exitAtAlarm=false STATE_FALSE reason=!meetsSchedule
02-20 21:11:05.558  1916  2007 D RilRequest: [3652]< SCREEN_STATE error: com.android.internal.telephony.CommandException: RADIO_NOT_AVAILABLE ret=
02-20 21:11:05.561  1679  1679 D ConditionProviders.SCP: notifyCondition condition://android/schedule?days=1.2.3.4.5&start=22.0&end=7.0&exitAtAlarm=false STATE_FALSE reason=!meetsSchedule
02-20 21:11:05.564  1679  1679 D ConditionProviders.SCP: Scheduling evaluate for Tue Feb 20 22:00:00 GMT+00:00 2018 (1519164000000), in +48m54s447ms, now=Tue Feb 20 21:11:05 GMT+00:00 2018 (1519161065553)
02-20 21:11:05.565  1679  1731 I netstats_mobile_sample: [0,0,0,0,0,0,0,0,0,0,0,0,-1]
02-20 21:11:05.565  1679  1731 I netstats_wifi_sample: [0,0,0,0,0,0,0,0,0,0,0,0,-1]
02-20 21:11:05.566  1679  1679 I notification_enqueue: [10028,1765,com.android.systemui,1397773634,public:253,64,-1,Notification(pri=0 contentView=null vibrate=null sound=null defaults=0x0 flags=0x100 color=0xff607d8b category=sys actions=2 vis=PUBLIC),0]
02-20 21:11:05.587  1916  1916 D Phone   : mDoesRilSendMultipleCallRing=true
02-20 21:11:05.587  1916  1916 D Phone   : mCallRingDelay=3000
02-20 21:11:05.587  1679  1679 I Telecom : WiredHeadsetManager: ACTION_HEADSET_PLUG event, plugged in: false, : WHC.oADA@AAE
02-20 21:11:05.589  1679  1740 I WifiScanningService: wifi driver loaded with scan capabilities: max buckets=16
02-20 21:11:05.589  1679  1679 D RttService: SCAN_AVAILABLE : 3
02-20 21:11:05.589  1679  1741 D RttService: DefaultState got{ when=0 what=160512 target=com.android.internal.util.StateMachine$SmHandler }
02-20 21:11:05.591  1916  1916 D RILJ    : [3653]> RIL_REQUEST_START_LCE [SUB0]
02-20 21:11:05.593  1375  1484 D RIL     : onRequest: <unknown request>
02-20 21:11:05.593  1916  2007 D RilRequest: [3653]< RIL_REQUEST_START_LCE error: com.android.internal.telephony.CommandException: RADIO_NOT_AVAILABLE ret=
02-20 21:11:05.594  1679  1679 I ActivityManager: user 0 is still locked. Cannot load recents
02-20 21:11:05.601  1930  1981 D EGL_emulation: eglMakeCurrent: 0x7fcf7ad79ca0: ver 3 0 (tinfo 0x7fcf853eddc0)
02-20 21:11:05.615  1916  1916 E RIL_ImsSms: getFormat should never be called from here!
02-20 21:11:05.615  1916  1916 D SMSDispatcher: SMSDispatcher: ctor mSmsCapable=true format=unknown mSmsSendDisabled=false
02-20 21:11:05.615  1916  1916 D RIL_ImsSms: ImsSMSDispatcher created
