02-20 21:12:18.102  1677  1677 D UsbAlsaManager: Adding ALSA device AlsaDevice: [card: 0, device: 0, type: 2]
02-20 21:12:18.103  1677  1746 E BluetoothAdapter: Bluetooth binder is null
02-20 21:12:18.103  1677  1677 I SystemServer: WebViewFactory preparation
02-20 21:12:18.105  1364  1748 I AudioFlinger: systemReady
02-20 21:12:18.100     0     0 D ieee80211 phy1: hw scan 2447 MHz
02-20 21:12:18.113  1677  1689 I am_proc_bound: [0,1763,com.android.systemui]
02-20 21:12:18.125  1267  1302 V vold    : /dev/block/vold/disk:253,64: LABEL="SDCARD" UUID="1E12-0B12" TYPE="vfat" 
02-20 21:12:18.125  1267  1302 V vold    : 
02-20 21:12:18.126  1677  1726 D VoldConnector: RCV <- {650 public:253,64 0 "disk:253,64" ""}
02-20 21:12:18.126  1677  1726 D VoldConnector: RCV <- {651 public:253,64 0}
02-20 21:12:18.126  1677  1726 D VoldConnector: RCV <- {643 disk:253,64}
02-20 21:12:18.126  1677  1726 D VoldConnector: RCV <- {200 3 Command succeeded}
02-20 21:12:18.127  1677  1725 D VoldConnector: SND -> {4 volume user_added 0 0}
02-20 21:12:18.127  1677  1726 D VoldConnector: RCV <- {200 4 Command succeeded}
02-20 21:12:18.129  1677  1725 D VoldConnector: SND -> {5 volume mount emulated 3 -1}
02-20 21:12:18.129  1267  1302 V vold    : Waiting for FUSE to spin up...
02-20 21:12:18.129  1677  1726 D VoldConnector: RCV <- {651 emulated 1}
02-20 21:12:18.129  1677  1726 D VoldConnector: RCV <- {656 emulated /data/media}
02-20 21:12:18.129  1677  1726 D VoldConnector: RCV <- {655 emulated /storage/emulated}
02-20 21:12:18.137  1677  1677 D WebViewFactory: Setting new address space to 137955392
02-20 21:12:18.143  1677  1688 I am_proc_bound: [0,1757,com.android.inputmethod.latin]
02-20 21:12:18.155  1763  1763 W System  : ClassLoader referenced unknown path: /system/priv-app/SystemUIGoogle/lib/x86_64
02-20 21:12:18.179  1782  1782 W sdcard  : Device explicitly disabled sdcardfs
02-20 21:12:18.181  1267  1302 V vold    : Waiting for FUSE to spin up...
02-20 21:12:18.195     0     0 D SELinux : initialized (dev fuse, type fuse), uses genfs_contexts
02-20 21:12:18.196     0     0 D SELinux : initialized (dev fuse, type fuse), uses genfs_contexts
02-20 21:12:18.196     0     0 D SELinux : initialized (dev fuse, type fuse), uses genfs_contexts
02-20 21:12:18.202  1677  1677 I Zygote  : Process: zygote socket opened, supported ABIS: x86
02-20 21:12:18.204  1363  1553 I art     : Starting a blocking GC HeapTrim
02-20 21:12:18.206  1363  1363 I art     : Starting a blocking GC Background
02-20 21:12:18.220     0     0 D ieee80211 phy1: hw scan 2452 MHz
02-20 21:12:18.232  1677  1726 D VoldConnector: RCV <- {651 emulated 2}
02-20 21:12:18.232  1677  1726 D VoldConnector: RCV <- {200 5 Command succeeded}
02-20 21:12:18.232  1677  1725 D VoldConnector: SND -> {6 volume mount public:253,64 2 0}
02-20 21:12:18.232  1267  1302 V vold    : /system/bin/blkid
02-20 21:12:18.232  1267  1302 V vold    :     -c
02-20 21:12:18.232  1267  1302 V vold    :     /dev/null
02-20 21:12:18.232  1267  1302 V vold    :     -s
02-20 21:12:18.232  1267  1302 V vold    :     TYPE
02-20 21:12:18.232  1267  1302 V vold    :     -s
02-20 21:12:18.232  1267  1302 V vold    :     UUID
02-20 21:12:18.232  1267  1302 V vold    :     -s
02-20 21:12:18.232  1267  1302 V vold    :     LABEL
02-20 21:12:18.232  1267  1302 V vold    :     /dev/block/vold/public:253,64
02-20 21:12:18.232  1677  1726 D VoldConnector: RCV <- {651 public:253,64 1}
02-20 21:12:18.241  1677  1677 W ActivityManager: Slow operation: 51ms so far, now at startProcess: returned from zygote!
02-20 21:12:18.241  1677  1677 W ActivityManager: Slow operation: 51ms so far, now at startProcess: done updating battery stats
02-20 21:12:18.241  1677  1677 I am_proc_start: [0,1800,1037,WebViewLoader-x86,,]
02-20 21:12:18.241  1677  1677 W ActivityManager: Slow operation: 51ms so far, now at startProcess: building log message
02-20 21:12:18.241  1677  1677 I ActivityManager: Start proc 1800:WebViewLoader-x86/1037 [android.webkit.WebViewFactory$RelroFileCreator] for 
02-20 21:12:18.241  1677  1677 W ActivityManager: Slow operation: 51ms so far, now at startProcess: starting to update pids map
02-20 21:12:18.241  1677  1677 W ActivityManager: Slow operation: 51ms so far, now at startProcess: done updating pids map
02-20 21:12:18.241  1677  1677 W ActivityManager: Slow operation: 51ms so far, now at startProcess: done starting proc!
02-20 21:12:18.266  1800  1800 W art     : Unexpected CPU variant for X86 using defaults: x86
02-20 21:12:18.267  1677  1677 I am_proc_start: [0,1806,1037,WebViewLoader-x86_64,,]
02-20 21:12:18.267  1677  1677 I ActivityManager: Start proc 1806:WebViewLoader-x86_64/1037 [android.webkit.WebViewFactory$RelroFileCreator] for 
02-20 21:12:18.269  1677  1677 D NetworkManagement: enabling bandwidth control
02-20 21:12:18.271  1806  1806 W art     : Unexpected CPU variant for X86 using defaults: x86_64
02-20 21:12:18.282  1806  1806 V WebViewFactory: RelroFileCreator (64bit = true),  32-bit lib: /system/app/Chrome/Chrome.apk!/lib/x86/libmonochrome.so, 64-bit lib: /system/app/Chrome/Chrome.apk!/lib/x86_64/libmonochrome.so
02-20 21:12:18.289  1677  1799 E WVMExtractor: Failed to open libwvm.so: dlopen failed: library "libwvm.so" not found
02-20 21:12:18.314  1267  1302 V vold    : /dev/block/vold/public:253,64: LABEL="SDCARD" UUID="1E12-0B12" TYPE="vfat" 
02-20 21:12:18.314  1267  1302 V vold    : 
02-20 21:12:18.316  1267  1302 V vold    : /system/bin/fsck_msdos
02-20 21:12:18.316  1267  1302 V vold    :     -p
02-20 21:12:18.316  1267  1302 V vold    :     -f
02-20 21:12:18.316  1267  1302 V vold    :     /dev/block/vold/public:253,64
02-20 21:12:18.318  1677  1726 D VoldConnector: RCV <- {652 public:253,64 vfat}
02-20 21:12:18.318  1677  1726 D VoldConnector: RCV <- {653 public:253,64 1E12-0B12}
02-20 21:12:18.318  1677  1726 D VoldConnector: RCV <- {654 public:253,64 SDCARD}
02-20 21:12:18.341  1677  1733 D WifiController: DEFERRED_TOGGLE handled
02-20 21:12:18.341     0     0 D ieee80211 phy1: hw scan 2457 MHz
02-20 21:12:18.380  1372  1372 I MediaPlayerService: MediaPlayerService::getOMX
02-20 21:12:18.381  1372  1372 I OMXClient: MuxOMX ctor
02-20 21:12:18.382  1372  1372 I MediaPlayerService: MediaPlayerService::getOMX
02-20 21:12:18.383  1372  1372 I OMXClient: MuxOMX ctor
02-20 21:12:18.383  1369  1369 I OMXMaster: makeComponentInstance(OMX.google.mp3.decoder) in mediacodec process
02-20 21:12:18.383  1267  1302 I fsck_msdos: ** /dev/block/vold/public:253,64
02-20 21:12:18.383  1267  1302 I fsck_msdos: ** Phase 1 - Read and Compare FATs
02-20 21:12:18.384  1267  1302 I fsck_msdos: Attempting to allocate 1022 KB for FAT
02-20 21:12:18.394  1800  1800 V WebViewFactory: RelroFileCreator (64bit = false),  32-bit lib: /system/app/Chrome/Chrome.apk!/lib/x86/libmonochrome.so, 64-bit lib: /system/app/Chrome/Chrome.apk!/lib/x86_64/libmonochrome.so
02-20 21:12:18.405  1763  1763 V SystemUIService: Starting SystemUI services for user 0.
02-20 21:12:18.461     0     0 D ieee80211 phy1: hw scan 2462 MHz
02-20 21:12:18.448  1757  1757 I LatinIME: Hardware accelerated drawing: true
02-20 21:12:18.454  1763  1763 V MediaRouter: Adding route: RouteInfo{ name=Phone, description=null, status=null, category=RouteCategory{ name=null types=ROUTE_TYPE_LIVE_AUDIO ROUTE_TYPE_LIVE_VIDEO  groupable=false }, supportedTypes=ROUTE_TYPE_LIVE_AUDIO ROUTE_TYPE_LIVE_VIDEO , presentationDisplay=null }
02-20 21:12:18.465  1763  1763 V MediaRouter: Updating audio routes: AudioRoutesInfo{ type=SPEAKER }
02-20 21:12:18.465  1763  1763 V MediaRouter: Selecting route: RouteInfo{ name=Phone, description=null, status=null, category=RouteCategory{ name=null types=ROUTE_TYPE_LIVE_AUDIO ROUTE_TYPE_LIVE_VIDEO  groupable=false }, supportedTypes=ROUTE_TYPE_LIVE_AUDIO ROUTE_TYPE_LIVE_VIDEO , presentationDisplay=null }
02-20 21:12:18.474  1677  1790 D TelephonyRegistry: listen oscl: hasNotifySubscriptionInfoChangedOccurred==false no callback
02-20 21:12:18.489  1267  1302 I fsck_msdos: Attempting to allocate 1022 KB for FAT
02-20 21:12:18.499  1372  1372 I MediaPlayerService: MediaPlayerService::getOMX
02-20 21:12:18.499  1372  1372 I OMXClient: MuxOMX ctor
02-20 21:12:18.499  1369  1385 I OMXMaster: makeComponentInstance(OMX.google.amrnb.decoder) in mediacodec process
02-20 21:12:18.524  1372  1372 I MediaPlayerService: MediaPlayerService::getOMX
02-20 21:12:18.524  1372  1372 I OMXClient: MuxOMX ctor
02-20 21:12:18.524  1369  1841 I OMXMaster: makeComponentInstance(OMX.google.amrwb.decoder) in mediacodec process
02-20 21:12:18.529  1373  1676 D SoftapController: Softap fwReload - Ok
02-20 21:12:18.529  1372  1372 I MediaPlayerService: MediaPlayerService::getOMX
02-20 21:12:18.529  1372  1372 I OMXClient: MuxOMX ctor
02-20 21:12:18.529  1369  1369 I OMXMaster: makeComponentInstance(OMX.google.aac.decoder) in mediacodec process
02-20 21:12:18.543  1372  1372 I MediaPlayerService: MediaPlayerService::getOMX
02-20 21:12:18.543  1372  1372 I OMXClient: MuxOMX ctor
02-20 21:12:18.543  1369  1385 I OMXMaster: makeComponentInstance(OMX.google.g711.alaw.decoder) in mediacodec process
02-20 21:12:18.588     0     0 D ieee80211 phy1: hw scan complete
02-20 21:12:18.589     0     0 D ieee80211 phy1: mac80211_hwsim_get_survey (idx=0)
02-20 21:12:18.621  1491  1491 E hostapd : Using interface wlan1 with hwaddr 02:00:00:00:01:00 and ssid "AndroidWifi"
02-20 21:12:18.630     0     0 D ieee80211 phy1: mac80211_hwsim_config (freq=0 idle=0 ps=0 smps=auto)
02-20 21:12:18.630     0     0 D ieee80211 phy1: add channel context control: 2447 MHz/width: 2/cfreqs:2437/0 MHz
02-20 21:12:18.630     0     0 D ieee80211 phy1: mac80211_hwsim_bss_info_changed(changed=0x40000)
02-20 21:12:18.630     0     0 D ieee80211 phy1: TX Power: 20 dBm
02-20 21:12:18.630     0     0 D ieee80211 phy1: mac80211_hwsim_bss_info_changed(changed=0x4000)
02-20 21:12:18.630     0     0 D ieee80211 phy1: change channel context control: 2447 MHz/width: 2/cfreqs:2437/0 MHz
02-20 21:12:18.630     0     0 D ieee80211 phy1: mac80211_hwsim_bss_info_changed(changed=0x88340)
02-20 21:12:18.630     0     0 D ieee80211 phy1: BCNINT: 100
02-20 21:12:18.630     0     0 D ieee80211 phy1: BCN EN: 1
02-20 21:12:18.630     0     0 D ieee80211 phy1: mac80211_hwsim_bss_info_changed(changed=0x3e)
02-20 21:12:18.630     0     0 D ieee80211 phy1: ERP_CTS_PROT: 0
02-20 21:12:18.630     0     0 D ieee80211 phy1: ERP_PREAMBLE: 0
02-20 21:12:18.630     0     0 D ieee80211 phy1: ERP_SLOT: 1
02-20 21:12:18.630     0     0 D ieee80211 phy1: HT: op_mode=0x0
02-20 21:12:18.630     0     0 D ieee80211 phy1: BASIC_RATES: 0xf
02-20 21:12:18.630     0     0 D ieee80211 phy1: mac80211_hwsim_conf_tx (queue=0 txop=47 cw_min=3 cw_max=7 aifs=1)
02-20 21:12:18.630     0     0 D ieee80211 phy1: mac80211_hwsim_bss_info_changed(changed=0x2000)
02-20 21:12:18.630     0     0 D ieee80211 phy1: mac80211_hwsim_conf_tx (queue=1 txop=94 cw_min=7 cw_max=15 aifs=1)
02-20 21:12:18.630     0     0 D ieee80211 phy1: mac80211_hwsim_bss_info_changed(changed=0x2000)
02-20 21:12:18.630     0     0 D ieee80211 phy1: mac80211_hwsim_conf_tx (queue=2 txop=0 cw_min=15 cw_max=63 aifs=3)
02-20 21:12:18.630     0     0 D ieee80211 phy1: mac80211_hwsim_bss_info_changed(changed=0x2000)
02-20 21:12:18.630     0     0 D ieee80211 phy1: mac80211_hwsim_conf_tx (queue=3 txop=0 cw_min=15 cw_max=1023 aifs=7)
02-20 21:12:18.630     0     0 D ieee80211 phy1: mac80211_hwsim_bss_info_changed(changed=0x2000)
02-20 21:12:18.630     0     0 I IPv6    : ADDRCONF(NETDEV_CHANGE): wlan1: link becomes ready
02-20 21:12:18.630  1491  1491 I hostapd : wlan1: interface state HT_SCAN->ENABLED
02-20 21:12:18.630  1491  1491 I hostapd : wlan1: AP-ENABLED 
02-20 21:12:18.656  1267  1302 I fsck_msdos: ** Phase 2 - Check Cluster Chains
02-20 21:12:18.658  1267  1302 I fsck_msdos: ** Phase 3 - Checking Directories
02-20 21:12:18.658  1267  1302 I fsck_msdos: ** Phase 4 - Checking for Lost Files
02-20 21:12:18.660  1267  1302 I fsck_msdos: 27 files, 522176 free (261088 clusters)
02-20 21:12:18.661  1763  1855 E WVMExtractor: Failed to open libwvm.so: dlopen failed: library "libwvm.so" not found
02-20 21:12:18.674  1372  1372 I MediaPlayerService: MediaPlayerService::getOMX
02-20 21:12:18.674  1372  1372 I OMXClient: MuxOMX ctor
02-20 21:12:18.674  1369  1385 I OMXMaster: makeComponentInstance(OMX.google.g711.mlaw.decoder) in mediacodec process
02-20 21:12:18.675  1757  1757 W InputAttributes: No editor info for this field. Bug?
02-20 21:12:18.676  1677  1677 W NetworkManagement: setDataSaverMode(): already false
02-20 21:12:18.679  1373  1676 D CommandListener: Setting iface cfg
02-20 21:12:18.679  1373  1676 D CommandListener: Trying to bring down wlan0
02-20 21:12:18.679  1373  1676 D CommandListener: Clearing all IP addresses on wlan0
02-20 21:12:18.699  1677  1734 E WifiMonitor: killSupplicant p2pfalse init.svc.wpa_supplicant=unknown init.svc.p2p_supplicant=unknown
02-20 21:12:18.702  1677  1734 E wifi    : Can not initialize the vendor function pointer table
02-20 21:12:18.702  1677  1734 E WifiNative-HAL: Could not start hal
02-20 21:12:18.702  1677  1734 E WifiStateMachine: Failed to start HAL
02-20 21:12:18.707  1267  1302 I Vold    : Filesystem check completed OK
02-20 21:12:18.708  1677  1726 D VoldConnector: RCV <- {656 public:253,64 /mnt/media_rw/1E12-0B12}
02-20 21:12:18.708  1677  1726 D VoldConnector: RCV <- {655 public:253,64 /storage/1E12-0B12}
02-20 21:12:18.718  1677  1734 D WifiMonitor: startMonitoring(wlan0) with mConnected = false
02-20 21:12:18.720  1800  1800 I art     : System.exit called, status: 0
02-20 21:12:18.720  1800  1800 I AndroidRuntime: VM exiting with result code 0, cleanup skipped.
02-20 21:12:18.721  1267  1302 V vold    : Waiting for FUSE to spin up...
02-20 21:12:18.721  1806  1806 I art     : System.exit called, status: 0
02-20 21:12:18.721  1806  1806 I AndroidRuntime: VM exiting with result code 0, cleanup skipped.
02-20 21:12:18.772  1267  1302 V vold    : Waiting for FUSE to spin up...
02-20 21:12:18.777  1864  1864 W sdcard  : Device explicitly disabled sdcardfs
02-20 21:12:18.785  1372  1372 I MediaPlayerService: MediaPlayerService::getOMX
02-20 21:12:18.785  1372  1372 I OMXClient: MuxOMX ctor
02-20 21:12:18.785  1369  1841 I OMXMaster: makeComponentInstance(OMX.google.vorbis.decoder) in mediacodec process
02-20 21:12:18.635     0     0 D ieee80211 phy1: mac80211_hwsim_configure_filter
02-20 21:12:18.705     0     0 I init    : Starting service 'wpa_supplicant'...
02-20 21:12:18.717     0     0 W FAT-fs (vde): Volume was not properly unmounted. Some data may be corrupt. Please run fsck.
02-20 21:12:18.719     0     0 D SELinux : initialized (dev vde, type vfat), uses genfs_contexts
02-20 21:12:18.781     0     0 D SELinux : initialized (dev fuse, type fuse), uses genfs_contexts
02-20 21:12:18.790     0     0 D SELinux : initialized (dev fuse, type fuse), uses genfs_contexts
02-20 21:12:18.800     0     0 D SELinux : initialized (dev fuse, type fuse), uses genfs_contexts
02-20 21:12:18.831     0     0 D ieee80211 phy0: mac80211_hwsim_start
02-20 21:12:18.831     0     0 D ieee80211 phy0: mac80211_hwsim_add_interface (type=2 mac_addr=02:00:00:44:55:66)
02-20 21:12:18.831     0     0 D ieee80211 phy0: mac80211_hwsim_bss_info_changed(changed=0xe)
02-20 21:12:18.831     0     0 D ieee80211 phy0: ERP_CTS_PROT: 0
02-20 21:12:18.831     0     0 D ieee80211 phy0: ERP_PREAMBLE: 0
02-20 21:12:18.831     0     0 D ieee80211 phy0: ERP_SLOT: 0
02-20 21:12:18.831     0     0 D ieee80211 phy0: mac80211_hwsim_conf_tx (queue=0 txop=0 cw_min=15 cw_max=1023 aifs=2)
02-20 21:12:18.831     0     0 D ieee80211 phy0: mac80211_hwsim_conf_tx (queue=1 txop=0 cw_min=15 cw_max=1023 aifs=2)
02-20 21:12:18.831     0     0 D ieee80211 phy0: mac80211_hwsim_conf_tx (queue=2 txop=0 cw_min=15 cw_max=1023 aifs=2)
02-20 21:12:18.831     0     0 D ieee80211 phy0: mac80211_hwsim_conf_tx (queue=3 txop=0 cw_min=15 cw_max=1023 aifs=2)
02-20 21:12:18.831     0     0 D ieee80211 phy0: mac80211_hwsim_bss_info_changed(changed=0x2000)
02-20 21:12:18.831     0     0 D ieee80211 phy0: mac80211_hwsim_config (freq=0 idle=0 ps=0 smps=auto)
02-20 21:12:18.831     0     0 D ieee80211 phy0: mac80211_hwsim_configure_filter
02-20 21:12:18.834     0     0 I IPv6    : ADDRCONF(NETDEV_UP): wlan0: link is not ready
02-20 21:12:18.834     0     0 D ieee80211 phy0: mac80211_hwsim_configure_filter
02-20 21:12:18.822  1677  1726 D VoldConnector: RCV <- {651 public:253,64 2}
02-20 21:12:18.822  1677  1726 D VoldConnector: RCV <- {200 6 Command succeeded}
02-20 21:12:18.823  1677  1725 E VoldConnector: NDC Command {6 volume mount public:253,64 2 0} took too long (591ms)
02-20 21:12:18.829  1859  1859 I wpa_supplicant: Successfully initialized wpa_supplicant
02-20 21:12:18.831  1859  1859 I wpa_supplicant: rfkill: Cannot open RFKILL control device
02-20 21:12:18.843  1859  1859 I wpa_supplicant: nl80211: Could not re-add multicast membership for vendor events: -2 (No such file or directory)
02-20 21:12:18.844  1757  1869 I LatinIME:LogUtils: Dictionary info: dictionary = userunigram.en_US ; version = 1519161138 ; date = ?
02-20 21:12:18.844  1757  1869 E ActivityThread: Failed to find provider info for user_dictionary
02-20 21:12:18.844  1757  1869 I LatinIME:LogUtils: Dictionary info: dictionary = UserHistoryDictionary.en_US ; version = 1519161138 ; date = ?
02-20 21:12:18.867  1677  1677 D NetworkPolicy: setRestrictBackgroundUL(): false
02-20 21:12:18.867  1677  1677 W NetworkManagement: setDataSaverMode(): already false
02-20 21:12:18.880  1372  1372 I MediaPlayerService: MediaPlayerService::getOMX
02-20 21:12:18.880  1372  1372 I OMXClient: MuxOMX ctor
02-20 21:12:18.881  1369  1841 I OMXMaster: makeComponentInstance(OMX.google.opus.decoder) in mediacodec process
02-20 21:12:18.914  1372  1372 I MediaPlayerService: MediaPlayerService::getOMX
02-20 21:12:18.914  1372  1372 I OMXClient: MuxOMX ctor
02-20 21:12:18.914  1369  1369 I OMXMaster: makeComponentInstance(OMX.google.raw.decoder) in mediacodec process
02-20 21:12:18.922  1677  1692 W WindowManager: Keyguard drawn timeout. Setting mKeyguardDrawComplete
02-20 21:12:18.928  1372  1372 I MediaPlayerService: MediaPlayerService::getOMX
02-20 21:12:18.928  1372  1372 I OMXClient: MuxOMX ctor
02-20 21:12:18.928  1369  1841 I OMXMaster: makeComponentInstance(OMX.google.aac.encoder) in mediacodec process
02-20 21:12:18.931  1859  1859 E wpa_supplicant: global ctrl interface @android:wpa_wlan0 matches ctrl interface wlan0 - do not open per-interface ctrl interface
02-20 21:12:18.936  1677  1734 D WifiConfigManager: Loading config and enabling all networks 
02-20 21:12:18.936  1372  1372 I MediaPlayerService: MediaPlayerService::getOMX
02-20 21:12:18.936  1372  1372 I OMXClient: MuxOMX ctor
02-20 21:12:18.936  1369  1385 I OMXMaster: makeComponentInstance(OMX.google.amrnb.encoder) in mediacodec process
02-20 21:12:18.943  1677  1734 W WifiNetworkHistory: Upgrading network 0 to android.uid.system:1000
02-20 21:12:18.944  1677  1734 D WifiConfigManager: loaded 0 passpoint configs
02-20 21:12:18.944  1677  1734 E IpConfigStore: Error parsing configuration: java.io.FileNotFoundException: /data/misc/wifi/ipconfig.txt (No such file or directory)
02-20 21:12:18.945  1677  1734 D WifiNative-HAL: Setting external_sim to 1
02-20 21:12:18.945  1677  1734 D WifiStateMachine: Setting OUI to DA-A1-19
02-20 21:12:18.946  1677  1734 I WifiConnectivityManager: PNO settings: min5GHzRssi -82 min24GHzRssi -85 currentConnectionBonus 16 sameNetworkBonus 24 secureNetworkBonus 80 initialScoreMax 100
02-20 21:12:18.946  1677  1734 I WifiConnectivityManager: ConnectivityScanManager initialized and disabled
02-20 21:12:18.946  1677  1734 I WifiConnectivityManager: setUntrustedConnectionAllowed: allowed=false
02-20 21:12:18.946  1677  1734 E WifiLogger: no ring buffers found
02-20 21:12:18.946  1677  1734 E WifiLogger: Failed to start packet fate monitoring
02-20 21:12:18.951  1372  1372 I MediaPlayerService: MediaPlayerService::getOMX
02-20 21:12:18.951  1372  1372 I OMXClient: MuxOMX ctor
02-20 21:12:18.951  1369  1385 I OMXMaster: makeComponentInstance(OMX.google.amrwb.encoder) in mediacodec process
02-20 21:12:18.958  1677  1734 I WifiConnectivityManager: Set WiFi enabled
02-20 21:12:18.958  1677  1734 I WifiConnectivityManager: scheduleWatchdogTimer
02-20 21:12:18.961  1372  1372 I MediaPlayerService: MediaPlayerService::getOMX
02-20 21:12:18.961  1372  1372 I OMXClient: MuxOMX ctor
02-20 21:12:18.961  1369  1841 I OMXMaster: makeComponentInstance(OMX.google.flac.encoder) in mediacodec process
02-20 21:12:18.961  1757  1869 I LatinIME:LogUtils: Dictionary info: dictionary = main:en ; version = 54 ; date = 1414726273
02-20 21:12:18.973  1763  1763 I vol.Events: writeEvent collection_started
02-20 21:12:18.974  1677  1677 I SystemServiceManager: Starting phase 600
02-20 21:12:18.979  1763  1904 I sysui_action: [213,2]
02-20 21:12:18.979  1763  1904 I vol.Events: writeEvent external_ringer_mode_changed normal
02-20 21:12:18.979  1763  1904 I vol.Events: writeEvent internal_ringer_mode_changed normal
02-20 21:12:18.982  1677  1677 D SensorNotificationService: Cannot obtain dynamic meta sensor, not supported.
02-20 21:12:18.985  1677  1677 D TelephonyRegistry: listen oscl: hasNotifySubscriptionInfoChangedOccurred==false no callback
02-20 21:12:19.005  1677  1677 I GnssLocationProvider: WakeLock acquired by sendMessage(13, 0, null)
02-20 21:12:19.005  1372  1372 I MediaPlayerService: MediaPlayerService::getOMX
02-20 21:12:19.006  1372  1372 I OMXClient: MuxOMX ctor
02-20 21:12:19.006  1369  1841 I OMXMaster: makeComponentInstance(OMX.google.gsm.decoder) in mediacodec process
02-20 21:12:19.006  1677  1734 D WifiNative-HAL: Failing getSupportedFeatureset because HAL isn't started
02-20 21:12:19.006  1677  1694 E BatteryStatsService: no controller energy info supplied
02-20 21:12:19.007  1677  1694 E KernelCpuSpeedReader: Failed to read cpu-freq: /sys/devices/system/cpu/cpu0/cpufreq/stats/time_in_state (No such file or directory)
02-20 21:12:19.007  1677  1694 E KernelUidCpuTimeReader: Failed to read uid_cputime: /proc/uid_cputime/show_uid_stat (No such file or directory)
02-20 21:12:19.007  1677  1734 D WifiNative-HAL: Failing getSupportedFeatureset because HAL isn't started
02-20 21:12:19.009  1677  1694 E BatteryStatsService: no controller energy info supplied
02-20 21:12:19.009  1677  1694 E KernelCpuSpeedReader: Failed to read cpu-freq: /sys/devices/system/cpu/cpu0/cpufreq/stats/time_in_state (No such file or directory)
02-20 21:12:19.009  1677  1694 E KernelUidCpuTimeReader: Failed to read uid_cputime: /proc/uid_cputime/show_uid_stat (No such file or directory)
02-20 21:12:19.010  1677  1677 W LocationProviderProxy-network: Odd, no component found for service com.android.location.service.v3.NetworkLocationProvider
02-20 21:12:19.011  1677  1690 W GnssLocationProvider: Could not open GPS configuration file /etc/gps.conf
02-20 21:12:19.011  1677  1690 E GnssLocationProvider: no AGPS interface in set_agps_server
02-20 21:12:19.012  1677  1677 W GeocoderProxy: Odd, no component found for service com.android.location.service.GeocodeProvider
02-20 21:12:19.013  1677  1677 E FlpHardwareProvider: Error hw_get_module 'flp': -2
02-20 21:12:19.013  1677  1677 D LocationManagerService: FLP HAL not supported
02-20 21:12:19.022  1677  1690 D TelephonyRegistry: listen oscl: hasNotifySubscriptionInfoChangedOccurred==false no callback
02-20 21:12:19.032  1677  1677 W GeofenceProxy: Odd, no component found for service com.android.location.service.GeofenceProvider
02-20 21:12:19.038  1677  1677 E ActivityRecognitionHardware: Error hw_get_module: -2
02-20 21:12:19.038  1677  1677 D LocationManagerService: Hardware Activity-Recognition not supported.
02-20 21:12:19.039  1677  1677 W ActivityRecognitionProxy: Odd, no component found for service com.android.location.service.ActivityRecognitionProvider
02-20 21:12:19.039  1677  1677 I GnssLocationProvider: WakeLock acquired by sendMessage(2, 1, null)
02-20 21:12:19.044  1677  1690 I GnssLocationProvider: WakeLock released by handleMessage(13, 0, null)
02-20 21:12:19.044  1677  1690 E GnssLocationProvider: no AGPS interface in set_agps_server
02-20 21:12:19.044  1677  1690 I GnssLocationProvider: WakeLock released by handleMessage(2, 1, null)
02-20 21:12:19.045  1677  1677 I CommonTimeManagementService: No common time service detected on this platform.  Common time services will be unavailable.
02-20 21:12:19.046  1677  1677 D TelephonyRegistry: systemRunning register for intents
02-20 21:12:19.046  1677  1677 I MmsServiceBroker: Delay connecting to MmsService until an API is called
02-20 21:12:19.046  1677  1724 I InputReader: Reconfiguring input devices.  changes=0x00000020
02-20 21:12:19.049  1677  1724 I InputReader: Reconfiguring input devices.  changes=0x00000010
02-20 21:12:19.067  1677  1677 I am_proc_start: [0,1912,1001,com.android.phone,added application,com.android.phone]
02-20 21:12:19.067  1677  1677 I ActivityManager: Start proc 1912:com.android.phone/1001 for added application com.android.phone
02-20 21:12:19.067  1677  1677 I ActivityManager: START u0 {act=android.intent.action.MAIN cat=[android.intent.category.HOME] flg=0x10000100 cmp=com.android.settings/.FallbackHome} from uid 0 on display 0
02-20 21:12:19.069  1677  1677 W System  : ClassLoader referenced unknown path: 
02-20 21:12:19.069  1677  1677 W System  : ClassLoader referenced unknown path: /system/priv-app/Settings/lib/x86_64
02-20 21:12:19.070  1677  1677 D ApplicationLoaders: ignored Vulkan layer search path /system/priv-app/Settings/lib/x86_64:/system/priv-app/Settings/Settings.apk!/lib/x86_64:/system/lib64:/vendor/lib64 for namespace 0x718cfd5d5160
02-20 21:12:19.077  1677  1677 I ActivityManager: Loaded persisted task ids for user 0
02-20 21:12:19.081  1372  1372 I MediaPlayerService: MediaPlayerService::getOMX
02-20 21:12:19.081  1372  1372 I OMXClient: MuxOMX ctor
02-20 21:12:19.081  1369  1385 I OMXMaster: makeComponentInstance(OMX.google.mpeg4.decoder) in mediacodec process
02-20 21:12:19.082  1912  1912 W art     : Unexpected CPU variant for X86 using defaults: x86_64
02-20 21:12:19.083  1677  1677 I am_create_task: [0,1]
02-20 21:12:19.083  1677  1677 I am_create_activity: [0,182880055,1,com.android.settings/.FallbackHome,android.intent.action.MAIN,NULL,NULL,276824320]
02-20 21:12:19.085  1677  1677 I wm_task_created: [1,0]
02-20 21:12:19.085  1677  1677 I wm_task_moved: [1,1,0]
02-20 21:12:19.085  1677  1677 I wm_task_moved: [1,1,0]
02-20 21:12:19.086  1677  1677 I am_focused_activity: [0,com.android.settings/.FallbackHome,startedActivity]
02-20 21:12:19.122  1677  1677 I am_proc_start: [0,1928,1000,com.android.settings,activity,com.android.settings/.FallbackHome]
02-20 21:12:19.122  1677  1677 I ActivityManager: Start proc 1928:com.android.settings/1000 for activity com.android.settings/.FallbackHome
02-20 21:12:19.127  1677  1690 W LocationProviderProxy-network: Odd, no component found for service com.android.location.service.v3.NetworkLocationProvider
02-20 21:12:19.127  1677  1690 W GeocoderProxy: Odd, no component found for service com.android.location.service.GeocodeProvider
02-20 21:12:19.127  1677  1690 W GeofenceProxy: Odd, no component found for service com.android.location.service.GeofenceProvider
02-20 21:12:19.127  1677  1690 W ActivityRecognitionProxy: Odd, no component found for service com.android.location.service.ActivityRecognitionProvider
02-20 21:12:19.127  1677  1688 I am_proc_bound: [0,1912,com.android.phone]
02-20 21:12:19.127  1677  1677 I SystemServer: Enabled StrictMode for system server main thread.
02-20 21:12:19.133  1677  1677 D ConditionProviders.SCP: onConnected
02-20 21:12:19.134  1677  1677 D ZenLog  : set_zen_mode: off,readXml
02-20 21:12:19.135  1677  1677 D ConditionProviders: Subscribing to condition://android/schedule?days=6.7&start=23.30&end=10.0&exitAtAlarm=false with ComponentInfo{android/com.android.server.notification.ScheduleConditionProvider}
02-20 21:12:19.135  1677  1677 D ZenLog  : subscribe: condition://android/schedule?days=6.7&start=23.30&end=10.0&exitAtAlarm=false,ok
02-20 21:12:19.135  1677  1677 D ConditionProviders: Subscribing to condition://android/event?userId=-10000&calendar=&reply=1 with ComponentInfo{android/com.android.server.notification.EventConditionProvider}
02-20 21:12:19.135  1677  1677 D ZenLog  : subscribe: condition://android/event?userId=-10000&calendar=&reply=1,ok
02-20 21:12:19.135  1677  1677 D ConditionProviders: Subscribing to condition://android/schedule?days=1.2.3.4.5&start=22.0&end=7.0&exitAtAlarm=false with ComponentInfo{android/com.android.server.notification.ScheduleConditionProvider}
02-20 21:12:19.135  1677  1677 D ZenLog  : subscribe: condition://android/schedule?days=1.2.3.4.5&start=22.0&end=7.0&exitAtAlarm=false,ok
02-20 21:12:19.151  1912  1912 W System  : ClassLoader referenced unknown path: /system/priv-app/TeleService/lib/x86_64
02-20 21:12:19.153  1677  1677 D RttService: SCAN_AVAILABLE : 1
02-20 21:12:19.153  1677  1677 D ZenLog  : set_zen_mode: off,cleanUpZenRules
02-20 21:12:19.155  1677  1737 I WifiScanningService: wifi driver unloaded
02-20 21:12:19.156  1677  1738 D RttService: DefaultState got{ when=-2ms what=160513 target=com.android.internal.util.StateMachine$SmHandler }
02-20 21:12:19.163  1369  1841 E OMXNodeInstance: getExtensionIndex(559000f:google.mpeg4.decoder, OMX.google.android.index.configureVideoTunnelMode) ERROR: UnsupportedIndex(0x8000101a)
02-20 21:12:19.163  1369  1369 W OMXNodeInstance: [559000f:google.mpeg4.decoder] component does not support metadata mode; using fallback
02-20 21:12:19.169  1372  1372 I MediaPlayerService: MediaPlayerService::getOMX
02-20 21:12:19.169  1372  1372 I OMXClient: MuxOMX ctor
02-20 21:12:19.169  1369  1385 I OMXMaster: makeComponentInstance(OMX.google.h263.decoder) in mediacodec process
02-20 21:12:19.175  1928  1928 W art     : Unexpected CPU variant for X86 using defaults: x86_64
02-20 21:12:19.176  1677  1677 W System  : ClassLoader referenced unknown path: /system/priv-app/Telecom/lib/x86_64
02-20 21:12:19.177  1677  1677 D ApplicationLoaders: ignored Vulkan layer search path /system/priv-app/Telecom/lib/x86_64:/system/priv-app/Telecom/Telecom.apk!/lib/x86_64:/system/lib64:/vendor/lib64 for namespace 0x718cfd5d51d0
02-20 21:12:19.183  1677  1848 I am_proc_bound: [0,1928,com.android.settings]
02-20 21:12:19.198  1369  1841 E OMXNodeInstance: getExtensionIndex(5590010:google.h263.decoder, OMX.google.android.index.configureVideoTunnelMode) ERROR: UnsupportedIndex(0x8000101a)
02-20 21:12:19.198  1369  1385 W OMXNodeInstance: [5590010:google.h263.decoder] component does not support metadata mode; using fallback
02-20 21:12:19.207  1372  1372 I MediaPlayerService: MediaPlayerService::getOMX
02-20 21:12:19.217  1372  1372 I OMXClient: MuxOMX ctor
02-20 21:12:19.217  1369  1369 I OMXMaster: makeComponentInstance(OMX.google.h264.decoder) in mediacodec process
02-20 21:12:19.217  1313  1325 D PermissionCache: checking android.permission.READ_FRAME_BUFFER for uid=1000 => granted (7533 us)
02-20 21:12:19.252  1372  1372 W ACodec  : [OMX.google.h264.decoder] stopping checking profiles after 32: 2/8000
02-20 21:12:19.252  1369  1385 E OMXNodeInstance: getExtensionIndex(5590011:google.h264.decoder, OMX.google.android.index.configureVideoTunnelMode) ERROR: UnsupportedIndex(0x8000101a)
02-20 21:12:19.252  1369  1841 W OMXNodeInstance: [5590011:google.h264.decoder] component does not support metadata mode; using fallback
02-20 21:12:19.253  1372  1372 I MediaPlayerService: MediaPlayerService::getOMX
02-20 21:12:19.254  1372  1372 I OMXClient: MuxOMX ctor
02-20 21:12:19.254  1369  1369 I OMXMaster: makeComponentInstance(OMX.google.hevc.decoder) in mediacodec process
02-20 21:12:19.273  1313  1325 D gralloc_ranchu: gralloc_alloc: Creating ashmem region of size 17051648
02-20 21:12:19.283  1369  1385 E OMXNodeInstance: getExtensionIndex(5590012:google.hevc.decoder, OMX.google.android.index.configureVideoTunnelMode) ERROR: UnsupportedIndex(0x8000101a)
02-20 21:12:19.283  1369  1841 W OMXNodeInstance: [5590012:google.hevc.decoder] component does not support metadata mode; using fallback
02-20 21:12:19.285  1372  1372 I MediaPlayerService: MediaPlayerService::getOMX
02-20 21:12:19.285  1372  1372 I OMXClient: MuxOMX ctor
02-20 21:12:19.285  1369  1369 I OMXMaster: makeComponentInstance(OMX.google.vp8.decoder) in mediacodec process
02-20 21:12:19.305  1369  1385 E OMXNodeInstance: getExtensionIndex(5590013:google.vp8.decoder, OMX.google.android.index.configureVideoTunnelMode) ERROR: UnsupportedIndex(0x8000101a)
02-20 21:12:19.305  1369  1841 W OMXNodeInstance: [5590013:google.vp8.decoder] component does not support metadata mode; using fallback
02-20 21:12:19.307  1372  1372 I MediaPlayerService: MediaPlayerService::getOMX
02-20 21:12:19.307  1372  1372 I OMXClient: MuxOMX ctor
02-20 21:12:19.307  1369  1369 I OMXMaster: makeComponentInstance(OMX.google.vp9.decoder) in mediacodec process
02-20 21:12:19.322  1369  1841 E OMXNodeInstance: getExtensionIndex(5590014:google.vp9.decoder, OMX.google.android.index.configureVideoTunnelMode) ERROR: UnsupportedIndex(0x8000101a)
02-20 21:12:19.322  1369  1385 W OMXNodeInstance: [5590014:google.vp9.decoder] component does not support metadata mode; using fallback
02-20 21:12:19.326  1372  1372 I MediaPlayerService: MediaPlayerService::getOMX
02-20 21:12:19.326  1372  1372 I OMXClient: MuxOMX ctor
02-20 21:12:19.326  1369  1369 I OMXMaster: makeComponentInstance(OMX.google.h263.encoder) in mediacodec process
02-20 21:12:19.344  1369  1369 I SoftMPEG4Encoder: Construct SoftMPEG4Encoder
02-20 21:12:19.349  1372  1372 W ACodec  : do not know color format 0x7f000789 = 2130708361
02-20 21:12:19.350  1369  1385 E OMXNodeInstance: getConfig(5590015:google.h263.encoder, ConfigAndroidIntraRefresh(0x6f60000a)) ERROR: Undefined(0x80001001)
02-20 21:12:19.351  1372  1372 I MediaPlayerService: MediaPlayerService::getOMX
02-20 21:12:19.351  1372  1372 I OMXClient: MuxOMX ctor
02-20 21:12:19.351  1369  1385 I OMXMaster: makeComponentInstance(OMX.google.h264.encoder) in mediacodec process
02-20 21:12:19.377  1677  1848 I am_restart_activity: [0,182880055,1,com.android.settings/.FallbackHome]
02-20 21:12:19.384  1677  1698 W art     : Long monitor contention with owner Binder:1677_4 (1848) at void com.android.server.am.ActivityManagerService.attachApplication(android.app.IApplicationThread)(ActivityManagerService.java:6669) waiters=0 in void com.android.server.am.ActivityManagerService$LocalService.notifyAppTransitionCancelled() for 196ms
02-20 21:12:19.384  1677  1698 I dvm_lock_sample: [system_server,1,android.display,196,ActivityManagerService.java,21995,-,6669,39]
02-20 21:12:19.385  1677  1688 W art     : Long monitor contention with owner Binder:1677_4 (1848) at void com.android.server.am.ActivityManagerService.attachApplication(android.app.IApplicationThread)(ActivityManagerService.java:6669) waiters=2 in void com.android.server.am.ActivityManagerService.addPackageDependency(java.lang.String) for 189ms
02-20 21:12:19.385  1677  1688 I dvm_lock_sample: [system_server,1,Binder:1677_1,189,ActivityManagerService.java,5765,-,6669,37]
02-20 21:12:19.385  1677  1689 W art     : Long monitor contention with owner Binder:1677_4 (1848) at void com.android.server.am.ActivityManagerService.attachApplication(android.app.IApplicationThread)(ActivityManagerService.java:6669) waiters=3 in android.content.pm.UserInfo com.android.server.am.UserController.getCurrentUser() for 165ms
02-20 21:12:19.385  1677  1689 I dvm_lock_sample: [system_server,1,Binder:1677_2,165,UserController.java,1438,ActivityManagerService.java,6669,33]
02-20 21:12:19.406  1912  1912 W System  : ClassLoader referenced unknown path: /system/priv-app/TelephonyProvider/lib/x86_64
02-20 21:12:19.406  1912  1912 D ApplicationLoaders: ignored Vulkan layer search path /system/priv-app/TelephonyProvider/lib/x86_64:/system/lib64:/vendor/lib64 for namespace 0x718cfd56a0f0
02-20 21:12:19.410  1372  1372 W ACodec  : do not know color format 0x7f000789 = 2130708361
02-20 21:12:19.412  1372  1372 I MediaPlayerService: MediaPlayerService::getOMX
02-20 21:12:19.412  1372  1372 I OMXClient: MuxOMX ctor
02-20 21:12:19.412  1369  1385 I OMXMaster: makeComponentInstance(OMX.google.mpeg4.encoder) in mediacodec process
02-20 21:12:19.415  1677  1689 I stream_devices_changed: [0,0,2]
02-20 21:12:19.416  1677  1689 I stream_devices_changed: [2,0,2]
02-20 21:12:19.416  1677  1689 I stream_devices_changed: [3,0,2]
02-20 21:12:19.422  1677  1689 I stream_devices_changed: [6,0,2]
02-20 21:12:19.426  1677  1689 I stream_devices_changed: [4,0,2]
02-20 21:12:19.427  1763  1904 I vol.Events: writeEvent level_changed STREAM_ALARM 6
02-20 21:12:19.427  1677  1677 E BluetoothAdapter: Bluetooth binder is null
02-20 21:12:19.450  1928  1928 W System  : ClassLoader referenced unknown path: /system/priv-app/Settings/lib/x86_64
02-20 21:12:19.453  1677  1677 I Telecom : SystemStateProvider: Registering car mode receiver: android.content.IntentFilter@a9b4d96: TS.init@AAA
02-20 21:12:19.463  1763  1904 I vol.Events: writeEvent level_changed STREAM_BLUETOOTH_SCO 7
02-20 21:12:19.463  1763  1904 I vol.Events: writeEvent level_changed STREAM_MUSIC 11
02-20 21:12:19.467  1763  1904 I vol.Events: writeEvent level_changed STREAM_RING 5
02-20 21:12:19.468  1763  1904 I vol.Events: writeEvent level_changed STREAM_SYSTEM 5
02-20 21:12:19.473  1677  1970 I Telecom : Telecom: Non-call EVENT: AUDIO_ROUTE, Entering state QuiescentEarpieceRoute
02-20 21:12:19.484  1912  1912 D TelephonyProvider: dbh.onOpen: ok, queried table=siminfo
02-20 21:12:19.485  1912  1912 D TelephonyProvider: dbh.onOpen: ok, queried table=carriers
02-20 21:12:19.486  1763  1904 I vol.Events: writeEvent level_changed STREAM_VOICE_CALL 4
02-20 21:12:19.494  1677  1972 I Telecom : CallAudioModeStateMachine: Message received: null.: TS.init->CAMSM.pM_1@AAA_0
02-20 21:12:19.497  1677  1677 E BluetoothAdapter: Bluetooth binder is null
02-20 21:12:19.497  1677  1973 E ActivityThread: Failed to find provider info for call_log
02-20 21:12:19.497  1369  1385 I SoftMPEG4Encoder: Construct SoftMPEG4Encoder
02-20 21:12:19.498  1372  1372 W ACodec  : do not know color format 0x7f000789 = 2130708361
02-20 21:12:19.498  1369  1841 E OMXNodeInstance: getConfig(5590017:google.mpeg4.encoder, ConfigAndroidIntraRefresh(0x6f60000a)) ERROR: Undefined(0x80001001)
02-20 21:12:19.508  1677  1677 I Telecom : Class: TelecomSystem.INSTANCE being set
02-20 21:12:19.508  1677  1677 E BluetoothAdapter: Bluetooth binder is null
02-20 21:12:19.508  1677  1677 W ContextImpl: Calling a method in the system process without a qualified user: android.app.ContextImpl.startService:1357 com.android.server.content.SyncManager$13.run:658 android.os.Handler.handleCallback:751 android.os.Handler.dispatchMessage:95 android.os.Looper.loop:154 
02-20 21:12:19.511  1677  1737 I WifiScanningService: wifi driver loaded with scan capabilities: max buckets=16
02-20 21:12:19.512  1677  1677 D RttService: SCAN_AVAILABLE : 3
02-20 21:12:19.512  1677  1738 D RttService: DefaultState got{ when=0 what=160512 target=com.android.internal.util.StateMachine$SmHandler }
02-20 21:12:19.526  1372  1372 I MediaPlayerService: MediaPlayerService::getOMX
02-20 21:12:19.527  1372  1372 I OMXClient: MuxOMX ctor
02-20 21:12:19.527  1369  1385 I OMXMaster: makeComponentInstance(OMX.google.vp8.encoder) in mediacodec process
02-20 21:12:19.561  1928  1928 I am_on_resume_called: [0,com.android.settings.FallbackHome,LAUNCH_ACTIVITY]
02-20 21:12:19.580  1677  1677 W System  : ClassLoader referenced unknown path: /system/priv-app/FusedLocation/lib/x86_64
02-20 21:12:19.581  1677  1677 D ApplicationLoaders: ignored Vulkan layer search path /system/priv-app/FusedLocation/lib/x86_64:/system/priv-app/FusedLocation/FusedLocation.apk!/lib/x86_64:/system/lib64:/vendor/lib64 for namespace 0x718cfd5d5240
02-20 21:12:19.582  1313  1966 E SurfaceFlinger: ro.sf.lcd_density must be defined as a build property
02-20 21:12:19.583  1313  1358 E SurfaceFlinger: ro.sf.lcd_density must be defined as a build property
02-20 21:12:19.587  1372  1372 W ACodec  : do not know color format 0x7f000789 = 2130708361
02-20 21:12:19.587  1369  1841 E OMXNodeInstance: getConfig(5590018:google.vp8.encoder, ConfigAndroidIntraRefresh(0x6f60000a)) ERROR: Undefined(0x80001001)
02-20 21:12:19.588  1372  1372 I MediaPlayerService: MediaPlayerService::getOMX
02-20 21:12:19.588  1372  1372 I OMXClient: MuxOMX ctor
02-20 21:12:19.589  1372  1372 I MediaPlayerService: MediaPlayerService::getOMX
02-20 21:12:19.590  1372  1372 I OMXClient: MuxOMX ctor
02-20 21:12:19.590  1372  1372 W MediaCodecList: unable to open media codecs configuration xml file: /data/misc/media/media_codecs_profiling_results.xml
02-20 21:12:19.590  1372  1408 I MediaPlayerService: MediaPlayerService::getOMX
02-20 21:12:19.590  1763  1858 I OMXClient: MuxOMX ctor
02-20 21:12:19.591  1369  1369 I OMXMaster: makeComponentInstance(OMX.google.vorbis.decoder) in mediacodec process
02-20 21:12:19.593  1677  1677 D GpsNetInitiatedHandler: location enabled :true
02-20 21:12:19.593  1677  1677 V WiredAccessoryManager: notifyWiredAccessoryChanged: when=0 bits= mask=54
02-20 21:12:19.593  1677  1677 V WiredAccessoryManager: newName=h2w newState=0 headsetState=0 prev headsetState=0
02-20 21:12:19.593  1677  1677 E WiredAccessoryManager: No state change.
02-20 21:12:19.593  1677  1677 V WiredAccessoryManager: init()
02-20 21:12:19.595  1372  1408 I MediaPlayerService: MediaPlayerService::getOMX
02-20 21:12:19.595  1912  1912 D TDC     : updateOrInsert: inserting: Modem { uuid=modem, state=0, rilModel=0, rat={}, maxActiveVoiceCall=1, maxActiveDataCall=1, maxStandby=1 }
02-20 21:12:19.595  1912  1912 D TDC     : updateOrInsert: inserting: Sim { uuid=sim, modemUuid=modem, state=0 }
02-20 21:12:19.595  1677  1833 I OMXClient: MuxOMX ctor
02-20 21:12:19.615  1928  1928 D         : HostConnection::get() New Host Connection established 0x718cee9faee0, tid 1928
02-20 21:12:19.616  1763  1763 D         : HostConnection::get() New Host Connection established 0x718cee9198a0, tid 1763
02-20 21:12:19.634  1912  1912 D CdmaSSM : subscriptionSource from settings: 0
02-20 21:12:19.634  1912  1912 I PhoneFactory: Cdma Subscription set to 0
02-20 21:12:19.645  1369  1385 I OMXMaster: makeComponentInstance(OMX.google.vorbis.decoder) in mediacodec process
02-20 21:12:19.652  1677  1677 W VibratorService: Tried to stop vibrating but there is no vibrator device.
02-20 21:12:19.652  1912  1912 I PhoneFactory: Network Mode set to 0
02-20 21:12:19.657  1677  1677 D ConditionProviders.SCP: onSubscribe condition://android/schedule?days=6.7&start=23.30&end=10.0&exitAtAlarm=false
02-20 21:12:19.658  1677  1677 D ConditionProviders.SCP: setRegistered true
02-20 21:12:19.658  1677  1677 D ConditionProviders.SCP: notifyCondition condition://android/schedule?days=6.7&start=23.30&end=10.0&exitAtAlarm=false STATE_FALSE reason=!meetsSchedule
02-20 21:12:19.659  1763  1763 D StorageNotification: Notifying about private volume: VolumeInfo{private}:
02-20 21:12:19.659  1763  1763 D StorageNotification:     type=PRIVATE diskId=null partGuid=null mountFlags=0 mountUserId=-1 
02-20 21:12:19.659  1763  1763 D StorageNotification:     state=MOUNTED 
02-20 21:12:19.659  1763  1763 D StorageNotification:     fsType=null fsUuid=null fsLabel=null 
02-20 21:12:19.659  1763  1763 D StorageNotification:     path=/data internalPath=null 
02-20 21:12:19.659  1677  1677 D ConditionProviders.SCP: Scheduling evaluate for Tue Feb 20 23:30:00 GMT+00:00 2018 (1519169400000), in +2h17m40s342ms, now=Tue Feb 20 21:12:19 GMT+00:00 2018 (1519161139658)
02-20 21:12:19.659  1677  1677 D ConditionProviders.SCP: onSubscribe condition://android/schedule?days=1.2.3.4.5&start=22.0&end=7.0&exitAtAlarm=false
02-20 21:12:19.660  1677  1677 D ConditionProviders.SCP: notifyCondition condition://android/schedule?days=6.7&start=23.30&end=10.0&exitAtAlarm=false STATE_FALSE reason=!meetsSchedule
02-20 21:12:19.660  1677  1677 D ConditionProviders.SCP: notifyCondition condition://android/schedule?days=1.2.3.4.5&start=22.0&end=7.0&exitAtAlarm=false STATE_FALSE reason=!meetsSchedule
02-20 21:12:19.660  1763  1763 D StorageNotification: Notifying about public volume: VolumeInfo{public:253,64}:
02-20 21:12:19.660  1763  1763 D StorageNotification:     type=PUBLIC diskId=disk:253,64 partGuid=null mountFlags=VISIBLE 
02-20 21:12:19.660  1763  1763 D StorageNotification:     mountUserId=0 state=MOUNTED 
02-20 21:12:19.660  1763  1763 D StorageNotification:     fsType=vfat fsUuid=1E12-0B12 fsLabel=SDCARD 
02-20 21:12:19.660  1763  1763 D StorageNotification:     path=/storage/1E12-0B12 internalPath=/mnt/media_rw/1E12-0B12 
02-20 21:12:19.668  1313  1966 D         : HostConnection::get() New Host Connection established 0x72f35981b480, tid 1966
02-20 21:12:19.669  1928  1989 D         : HostConnection::get() New Host Connection established 0x718cee9fafa0, tid 1989
02-20 21:12:19.670  1928  1989 I OpenGLRenderer: Initialized EGL, version 1.4
02-20 21:12:19.670  1928  1989 D OpenGLRenderer: Swap behavior 1
02-20 21:12:19.671  1677  1677 D ConditionProviders.SCP: Scheduling evaluate for Tue Feb 20 22:00:00 GMT+00:00 2018 (1519164000000), in +47m40s340ms, now=Tue Feb 20 21:12:19 GMT+00:00 2018 (1519161139660)
02-20 21:12:19.672  1677  1730 I netstats_mobile_sample: [0,0,0,0,0,0,0,0,0,0,0,0,-1]
02-20 21:12:19.672  1677  1730 I netstats_wifi_sample: [0,0,0,0,0,0,0,0,0,0,0,0,-1]
02-20 21:12:19.675  1677  1677 I Telecom : WiredHeadsetManager: ACTION_HEADSET_PLUG event, plugged in: false, : WHC.oADA@AAE
02-20 21:12:19.695  1912  1912 D RILJ    : RIL(context, preferredNetworkType=0 cdmaSubscription=0)
02-20 21:12:19.698  1677  1677 I ActivityManager: user 0 is still locked. Cannot load recents
02-20 21:12:19.703  1928  1989 D EGL_emulation: eglCreateContext: 0x718cee9ea8a0: maj 3 min 0 rcv 3
02-20 21:12:19.705  1912  1912 D RILJ    : Starting RILReceiver0 [SUB0]
02-20 21:12:19.719  1374  1481 I RILC    : libril: new connection to RIL_SOCKET_1
02-20 21:12:19.719  1374  1481 I RILC    : RIL Daemon version: android reference-ril 1.0
02-20 21:12:19.719  1912  2004 I RILJ    : (0) Connected to 'rild' socket
02-20 21:12:19.719  1912  2004 D RILJ    : [UNSL]< UNSOL_RIL_CONNECTED {12} [SUB0]
02-20 21:12:19.721  1912  2004 D RILJ    : [3648]> RADIO_POWER off [SUB0]
02-20 21:12:19.722  1912  2004 D RILJ    : [3649]> RIL_REQUEST_CDMA_SET_SUBSCRIPTION_SOURCE : 0 [SUB0]
02-20 21:12:19.722  1374  1481 D RIL     : onRequest: RADIO_POWER
02-20 21:12:19.722  1912  2004 D RILJ    : setCellInfoListRate: 2147483647 [SUB0]
02-20 21:12:19.722  1912  2004 D RILJ    : [3650]> RIL_REQUEST_SET_CELL_INFO_LIST_RATE [SUB0]
02-20 21:12:19.722  1374  1481 D RIL     : onRequest: CDMA_SET_SUBSCRIPTION_SOURCE
02-20 21:12:19.723  1912  2004 D RILJ    : [UNSL]< UNSOL_RESPONSE_RADIO_STATE_CHANGED RADIO_OFF [SUB0]
02-20 21:12:19.723  1912  2004 D RILJ    : [3651]> SCREEN_STATE: true [SUB0]
02-20 21:12:19.723  1374  1481 D RIL     : onRequest: SET_UNSOL_CELL_INFO_LIST_RATE
02-20 21:12:19.724  1374  1481 D RIL     : onRequest: SCREEN_STATE
02-20 21:12:19.728  1912  1912 D RILJ    : [3652]> GET_HARDWARE_CONFIG [SUB0]
02-20 21:12:19.732  1677  1677 D TelephonyRegistry: notifyCellLocationForSubscriber: subId=0 cellLocation=Bundle[{}]
02-20 21:12:19.733  1912  2004 D RILJ    : [UNSL]< UNSOL_NITZ_TIME_RECEIVED 18/02/20:21:12:13+0:0:Unknown!Unknown [SUB0]
02-20 21:12:19.733  1912  1912 I PhoneFactory: Creating SubscriptionController
02-20 21:12:19.733  1374  1481 D RIL     : onRequest: GET_HARDWARE_CONFIG
02-20 21:12:19.736  1912  2004 D RILJ    : [3648]< RADIO_POWER  [SUB0]
02-20 21:12:19.737  1912  2004 D RilRequest: [3649]< RIL_REQUEST_CDMA_SET_SUBSCRIPTION_SOURCE error: com.android.internal.telephony.CommandException: RADIO_NOT_AVAILABLE ret=
02-20 21:12:19.737  1912  2004 D RilRequest: [3650]< RIL_REQUEST_SET_CELL_INFO_LIST_RATE error: com.android.internal.telephony.CommandException: RADIO_NOT_AVAILABLE ret=
02-20 21:12:19.737  1912  2004 D RilRequest: [3651]< SCREEN_STATE error: com.android.internal.telephony.CommandException: RADIO_NOT_AVAILABLE ret=
02-20 21:12:19.737  1912  2004 D RilRequest: [3652]< GET_HARDWARE_CONFIG error: com.android.internal.telephony.CommandException: RADIO_NOT_AVAILABLE ret=
02-20 21:12:19.742  1912  1912 D SubscriptionController: [SubscriptionController] init by Context
02-20 21:12:19.745  1372  1876 I MediaPlayerService: MediaPlayerService::getOMX
02-20 21:12:19.745  1763  2006 I OMXClient: MuxOMX ctor
02-20 21:12:19.746  1369  1369 I OMXMaster: makeComponentInstance(OMX.google.vorbis.decoder) in mediacodec process
02-20 21:12:19.748  1677  1677 I notification_enqueue: [10028,1763,com.android.systemui,1397773634,public:253,64,-1,Notification(pri=0 contentView=null vibrate=null sound=null defaults=0x0 flags=0x100 color=0xff607d8b category=sys actions=2 vis=PUBLIC),0]
02-20 21:12:19.758  1912  1912 D UiccController: Creating UiccController
02-20 21:12:19.760  1912  1912 D TelephonyTester: register for intent action=com.android.internal.telephony.action_detached
02-20 21:12:19.760  1912  1912 D TelephonyTester: register for intent action=com.android.internal.telephony.action_attached
02-20 21:12:19.775  1928  1989 D EGL_emulation: eglMakeCurrent: 0x718cee9ea8a0: ver 3 0 (tinfo 0x718cee9e6fe0)
02-20 21:12:19.788  1372  1372 I MediaPlayerService: MediaPlayerService::getOMX
02-20 21:12:19.788  1677  2007 I OMXClient: MuxOMX ctor
02-20 21:12:19.801  1912  1912 D Phone   : mDoesRilSendMultipleCallRing=true
02-20 21:12:19.801  1912  1912 D Phone   : mCallRingDelay=3000
02-20 21:12:19.806  1912  1912 D RILJ    : [3653]> RIL_REQUEST_START_LCE [SUB0]
02-20 21:12:19.807  1374  1481 D RIL     : onRequest: <unknown request>
