02-20 21:12:19.808  1912  2004 D RilRequest: [3653]< RIL_REQUEST_START_LCE error: com.android.internal.telephony.CommandException: RADIO_NOT_AVAILABLE ret=
02-20 21:12:19.811  1369  1841 I OMXMaster: makeComponentInstance(OMX.google.vorbis.decoder) in mediacodec process
02-20 21:12:19.844  1912  1912 E RIL_ImsSms: getFormat should never be called from here!
02-20 21:12:19.844  1912  1912 D SMSDispatcher: SMSDispatcher: ctor mSmsCapable=true format=unknown mSmsSendDisabled=false
02-20 21:12:19.844  1912  1912 D RIL_ImsSms: ImsSMSDispatcher created
02-20 21:12:19.849  1912  1912 D SMSDispatcher: SMSDispatcher: ctor mSmsCapable=true format=3gpp2 mSmsSendDisabled=false
02-20 21:12:19.849  1912  1912 D CdmaSMSDispatcher: CdmaSMSDispatcher created
02-20 21:12:19.868  1372  1372 I MediaPlayerService: MediaPlayerService::getOMX
02-20 21:12:19.869  1763  2017 I OMXClient: MuxOMX ctor
02-20 21:12:19.869  1369  1385 I OMXMaster: makeComponentInstance(OMX.google.vorbis.decoder) in mediacodec process
02-20 21:12:19.887  1372  1876 I MediaPlayerService: MediaPlayerService::getOMX
02-20 21:12:19.888  1677  2016 I OMXClient: MuxOMX ctor
02-20 21:12:19.889  1928  1989 D EGL_emulation: eglMakeCurrent: 0x718cee9ea8a0: ver 3 0 (tinfo 0x718cee9e6fe0)
02-20 21:12:19.898  1369  1841 I OMXMaster: makeComponentInstance(OMX.google.vorbis.decoder) in mediacodec process
02-20 21:12:19.935  1912  1912 D GsmInboundSmsHandler: created InboundSmsHandler
02-20 21:12:19.941  1677  1687 I art     : Background partial concurrent mark sweep GC freed 36619(2MB) AllocSpace objects, 11(7MB) LOS objects, 21% free, 14MB/18MB, paused 4.414ms total 144.382ms
02-20 21:12:19.959  1677  1698 I am_activity_launch_time: [0,182880055,com.android.settings/.FallbackHome,873,873]
02-20 21:12:19.959  1677  1698 I ActivityManager: Displayed com.android.settings/.FallbackHome: +873ms
02-20 21:12:19.968  1677  1691 I boot_progress_enable_screen: 11968
02-20 21:12:19.969  1677  1698 I WindowManager: Screen frozen for +785ms due to Window{99c65a7 u0 KeyguardScrim}
02-20 21:12:19.970  1912  1912 D CdmaInboundSmsHandler: created InboundSmsHandler
02-20 21:12:19.976  1912  1912 D SMSDispatcher: SMSDispatcher: ctor mSmsCapable=true format=3gpp mSmsSendDisabled=false
02-20 21:12:19.976  1912  1912 D GsmSMSDispatcher: GsmSMSDispatcher created
02-20 21:12:19.980  1912  2024 D GsmInboundSmsHandler: StartupState.processMessage:6
02-20 21:12:19.980  1912  2024 D GsmInboundSmsHandler: entering Idle state
02-20 21:12:19.980  1912  2027 D CdmaInboundSmsHandler: StartupState.processMessage:6
02-20 21:12:19.980  1912  2027 D CdmaInboundSmsHandler: entering Idle state
02-20 21:12:19.982  1912  1912 D IccCardProxy: ctor: ci=com.android.internal.telephony.RIL@2b11b39 phoneId=0
02-20 21:12:19.982  1912  1912 D CdmaSSM : subscriptionSource from settings: 0
02-20 21:12:19.982  1912  1912 D CdmaSSM : cdmaSSM constructor: 0
02-20 21:12:19.982  1912  1912 D IccCardProxy: update icc_operator_numeric=
02-20 21:12:19.982  1912  1912 D TelephonyManager: setTelephonyProperty: success phoneId=0 property=gsm.sim.operator.numeric value:  propVal=
02-20 21:12:19.984  1912  1912 D TelephonyManager: setTelephonyProperty: success phoneId=0 property=gsm.sim.operator.iso-country value:  propVal=
02-20 21:12:19.984  1912  1912 D TelephonyManager: setTelephonyProperty: success phoneId=0 property=gsm.sim.operator.alpha value:  propVal=
02-20 21:12:19.984  1912  1912 E IccCardProxy: setExternalState: set mPhoneId=0 mExternalState=NOT_READY
02-20 21:12:19.984  1912  1912 D TelephonyManager: setTelephonyProperty: success phoneId=0 property=gsm.sim.state value: NOT_READY propVal=NOT_READY
02-20 21:12:19.984  1912  1912 D IccCardProxy: broadcastIccStateChangedIntent intent ACTION_SIM_STATE_CHANGED value=NOT_READY reason=null for mPhoneId=0
02-20 21:12:19.986  1372  1408 I MediaPlayerService: MediaPlayerService::getOMX
02-20 21:12:19.986  1677  2028 I OMXClient: MuxOMX ctor
02-20 21:12:19.986  1369  1369 I OMXMaster: makeComponentInstance(OMX.google.vorbis.decoder) in mediacodec process
02-20 21:12:19.992  1912  1912 D RILJ    : setPhoneType=1 old value=0 [SUB0]
02-20 21:12:19.992  1912  1912 D TelephonyManager: setTelephonyProperty: success phoneId=0 property=gsm.current.phone-type value: 1 propVal=1
02-20 21:12:19.994  1912  1912 D IccCardProxy: Setting radio tech UMTS
02-20 21:12:19.994  1912  1912 D IccCardProxy: updateQuietMode: 3GPP subscription -> newQuietMode=false
02-20 21:12:19.994  1912  1912 D IccCardProxy: updateQuietMode: no changes don't setExternalState
02-20 21:12:19.994  1912  1912 D IccCardProxy: updateQuietMode: QuietMode is false (app_type=1 cdmaSource=-1)
02-20 21:12:19.997  1912  1912 W CarrierConfigManager: Error getting config for subId -1 ICarrierConfigLoader is null
02-20 21:12:19.997  1677  1689 D TelephonyRegistry: listen oscl: hasNotifySubscriptionInfoChangedOccurred==false no callback
02-20 21:12:20.012  1912  1912 D TelephonyManager: setTelephonyProperty: success phoneId=0 property=gsm.network.type value: Unknown propVal=Unknown
02-20 21:12:20.013  1912  1912 D RILJ    : [3654]> SIGNAL_STRENGTH [SUB0]
02-20 21:12:20.013  1912  1912 D SST     : notifyDataRegStateRilRadioTechnologyChanged: drs=1 rat=0
02-20 21:12:20.013  1912  1912 D TelephonyManager: setTelephonyProperty: success phoneId=0 property=gsm.network.type value: Unknown propVal=Unknown
02-20 21:12:20.013  1374  1481 D RIL     : onRequest: SIGNAL_STRENGTH
02-20 21:12:20.013  1912  2004 D RilRequest: [3654]< SIGNAL_STRENGTH error: com.android.internal.telephony.CommandException: RADIO_NOT_AVAILABLE ret=
02-20 21:12:20.030  1677  1744 D NotificationSQLiteLog: Pruned event entries: 0
02-20 21:12:20.031  1912  1912 D DCT     : [0]DCT.constructor
02-20 21:12:20.032  1677  1689 D TelephonyRegistry: listen oscl: hasNotifySubscriptionInfoChangedOccurred==false no callback
02-20 21:12:20.050  1912  1912 D Dcc     : E ctor
02-20 21:12:20.050  1912  1912 D Dcc     : X ctor
02-20 21:12:20.053  1912  1912 D SubscriptionController: [getPhoneId] asked for default subId=-1
02-20 21:12:20.055  1912  2032 D DcTesterDeacativateAll: register for intent action=com.android.internal.telephony.dataconnection.action_deactivate_all
02-20 21:12:20.055  1912  2032 D DcTesterDeacativateAll: register for intent action=com.android.internal.telephony.action_detached
02-20 21:12:20.056  1912  2032 D Dcc     : DccDefaultState: msg.what=EVENT_RIL_CONNECTED mRilVersion=12
02-20 21:12:20.060  1912  1912 D DcTesterFailBrinupAll: register for intent action=com.android.internal.telephony.dataconnection.action_fail_bringup
02-20 21:12:20.060  1912  1912 D DcTesterFailBrinupAll: register for intent action=com.android.internal.telephony.action_detached
02-20 21:12:20.060  1912  1912 D DcTesterFailBrinupAll: register for intent action=com.android.internal.telephony.action_attached
02-20 21:12:20.064  1912  1912 D SST     : notifyDataRegStateRilRadioTechnologyChanged: drs=1 rat=0
02-20 21:12:20.064  1912  1912 D TelephonyManager: setTelephonyProperty: success phoneId=0 property=gsm.network.type value: Unknown propVal=Unknown
02-20 21:12:20.065  1912  1912 D DCT     : [0]update sub = -2
02-20 21:12:20.065  1912  1912 D DCT     : [0]update(): Active DDS, register for all events now!
02-20 21:12:20.068  1912  1912 D GsmCdmaPhone: [GsmCdmaPhone] updateCurrentCarrierInProvider: mSubId = -2 currentDds = 1 operatorNumeric = null
02-20 21:12:20.070  1677  1745 E ActivityThread: Failed to find provider info for com.android.calendar
02-20 21:12:20.072  1372  1408 I MediaPlayerService: MediaPlayerService::getOMX
02-20 21:12:20.072  1677  2033 I OMXClient: MuxOMX ctor
02-20 21:12:20.072  1369  2014 I OMXMaster: makeComponentInstance(OMX.google.vorbis.decoder) in mediacodec process
02-20 21:12:20.073  1912  1912 D DCT     : [0]initApnContexts: E
02-20 21:12:20.074  1912  1912 D DCT     : [0]initApnContexts: skipping unknown type=1
02-20 21:12:20.076  1912  1912 D DCT     : [0]initApnContexts: apnContext={mApnType=default mState=IDLE mWaitingApns={null} mApnSetting={null} mReason=dataEnabled mDataEnabled=false mDependencyMet=true}
02-20 21:12:20.076  1912  1912 D DCT     : [0]initApnContexts: apnContext={mApnType=mms mState=IDLE mWaitingApns={null} mApnSetting={null} mReason=dataEnabled mDataEnabled=false mDependencyMet=true}
02-20 21:12:20.076  1912  1912 D DCT     : [0]initApnContexts: apnContext={mApnType=supl mState=IDLE mWaitingApns={null} mApnSetting={null} mReason=dataEnabled mDataEnabled=false mDependencyMet=true}
02-20 21:12:20.076  1912  1912 D DCT     : [0]initApnContexts: apnContext={mApnType=hipri mState=IDLE mWaitingApns={null} mApnSetting={null} mReason=dataEnabled mDataEnabled=false mDependencyMet=true}
02-20 21:12:20.076  1912  1912 D DCT     : [0]initApnContexts: apnContext={mApnType=fota mState=IDLE mWaitingApns={null} mApnSetting={null} mReason=dataEnabled mDataEnabled=false mDependencyMet=true}
02-20 21:12:20.076  1912  1912 D DCT     : [0]initApnContexts: apnContext={mApnType=ims mState=IDLE mWaitingApns={null} mApnSetting={null} mReason=dataEnabled mDataEnabled=false mDependencyMet=true}
02-20 21:12:20.076  1912  1912 D DCT     : [0]initApnContexts: apnContext={mApnType=cbs mState=IDLE mWaitingApns={null} mApnSetting={null} mReason=dataEnabled mDataEnabled=false mDependencyMet=true}
02-20 21:12:20.076  1912  1912 D DCT     : [0]initApnContexts: skipping unknown type=13
02-20 21:12:20.076  1912  1912 D DCT     : [0]initApnContexts: apnContext={mApnType=ia mState=IDLE mWaitingApns={null} mApnSetting={null} mReason=dataEnabled mDataEnabled=false mDependencyMet=true}
02-20 21:12:20.076  1912  1912 D DCT     : [0]initApnContexts: apnContext={mApnType=emergency mState=IDLE mWaitingApns={null} mApnSetting={null} mReason=dataEnabled mDataEnabled=false mDependencyMet=true}
02-20 21:12:20.087  1912  1912 D GsmCdmaPhone: [GsmCdmaPhone] GsmCdmaPhone: constructor: sub = 0
02-20 21:12:20.087  1912  1912 I PhoneFactory: Creating Phone with type = 1 sub = 0
02-20 21:12:20.088  1912  1912 I PhoneFactory: defaultSmsApplication: NONE
02-20 21:12:20.089  1912  1912 I PhoneFactory: Creating SubInfoRecordUpdater 
02-20 21:12:20.091  1912  1912 D SubscriptionInfoUpdater: Constructor invoked
02-20 21:12:20.103  1677  1745 E ActivityThread: Failed to find provider info for com.android.calendar
02-20 21:12:20.121  1677  1688 D TelephonyRegistry: listen oscl: hasNotifySubscriptionInfoChangedOccurred==false no callback
02-20 21:12:20.121  1912  1912 D SubscriptionController: [getPhoneId]- no sims, returning default phoneId=2147483647
02-20 21:12:20.122  1677  1988 D TelephonyRegistry: listen oscl: hasNotifySubscriptionInfoChangedOccurred==false no callback
02-20 21:12:20.122  1912  1912 D PhoneSwitcherNetworkRequstListener: Registering NetworkFactory
02-20 21:12:20.126  1677  1739 D ConnectivityService: Got NetworkFactory Messenger for PhoneSwitcherNetworkRequstListener
02-20 21:12:20.126  1912  1912 D PhoneSwitcher: PhoneSwitcher started
02-20 21:12:20.131  1912  1912 D ProxyController: Constructor - Enter
02-20 21:12:20.139  1677  1691 V KeyguardServiceDelegate: *** Keyguard started
02-20 21:12:20.139  1677  1691 I screen_toggled: 1
02-20 21:12:20.140  1677  1790 W art     : Long monitor contention with owner android.display (1698) at void com.android.server.wm.WindowManagerService$H.handleMessage(android.os.Message)(WindowManagerService.java:8368) waiters=1 in int com.android.server.wm.WindowManagerService.relayoutWindow(com.android.server.wm.Session, android.view.IWindow, int, android.view.WindowManager$LayoutParams, int, int, int, int, android.graphics.Rect, android.graphics.Rect, android.graphics.Rect, android.graphics.Rect, android.graphics.Rect, android.graphics.Rect, android.graphics.Rect, android.content.res.Configuration, android.view.Surface) for 165ms
02-20 21:12:20.140  1677  1790 I dvm_lock_sample: [system_server,1,Binder:1677_3,165,WindowManagerService.java,2857,-,8368,33]
02-20 21:12:20.142  1677  1691 W KeyguardServiceDelegate: onScreenTurningOn(): no keyguard service!
02-20 21:12:20.147  1313  1358 I SurfaceFlinger: Boot is finished (10282 ms)
02-20 21:12:20.149  1313  1358 I sf_stop_bootanim: 12148
02-20 21:12:20.149  1912  1912 D ProxyController: clearTransaction
02-20 21:12:20.149  1912  1912 D ProxyController: clearTransaction: phoneId=0 status=IDLE
02-20 21:12:20.149  1912  1912 D ProxyController: Constructor - Exit
02-20 21:12:20.149  1912  1912 D TelephonyNetworkFactory[0]: Registering NetworkFactory
02-20 21:12:20.149  1677  1739 D ConnectivityService: Got NetworkFactory Messenger for TelephonyNetworkFactory[0]
02-20 21:12:20.174  1372  1408 I MediaPlayerService: MediaPlayerService::getOMX
02-20 21:12:20.174  1677  2037 I OMXClient: MuxOMX ctor
02-20 21:12:20.174  1369  2014 I OMXMaster: makeComponentInstance(OMX.google.vorbis.decoder) in mediacodec process
02-20 21:12:20.183  1677  1691 I am_proc_start: [0,2038,10004,com.android.cellbroadcastreceiver,broadcast,com.android.cellbroadcastreceiver/.CellBroadcastReceiver]
02-20 21:12:20.183  1677  1691 I ActivityManager: Start proc 2038:com.android.cellbroadcastreceiver/u0a4 for broadcast com.android.cellbroadcastreceiver/.CellBroadcastReceiver
02-20 21:12:20.186  1912  1912 D CallManager: registerPhone(GSM Handler (com.android.internal.telephony.GsmCdmaPhone) {5ffcf5c})
02-20 21:12:20.196  1677  1790 D TelephonyRegistry: listen oscl: hasNotifySubscriptionInfoChangedOccurred==false no callback
02-20 21:12:20.198  1677  1688 I StatusBarManagerService: registerStatusBar bar=com.android.internal.statusbar.IStatusBar$Stub$Proxy@651bed3
02-20 21:12:20.219  2038  2038 W art     : Unexpected CPU variant for X86 using defaults: x86_64
02-20 21:12:20.229  2046  2046 I bootstat: Service started: /system/bin/bootstat --record_boot_complete 
02-20 21:12:20.232  2046  2046 I bootstat: Logging histogram: bootstat_mtime_matches_content 1
02-20 21:12:20.233  2046  2046 I sysui_histogram: [bootstat_mtime_matches_content,1]
02-20 21:12:20.233  2046  2046 I bootstat: Logging histogram: bootstat_mtime_matches_content 1
02-20 21:12:20.233  2046  2046 I sysui_histogram: [bootstat_mtime_matches_content,1]
02-20 21:12:20.233  2046  2046 I bootstat: Logging histogram: bootstat_mtime_matches_content 1
02-20 21:12:20.233  2046  2046 I sysui_histogram: [bootstat_mtime_matches_content,1]
02-20 21:12:20.239  1313  1313 I sf_frame_dur: [BootAnimation,0,22,182,8,4,0,0]
02-20 21:12:20.254  1677  1988 I am_proc_bound: [0,2038,com.android.cellbroadcastreceiver]
02-20 21:12:20.201     0     0 I init    : Service 'bootanim' (pid 1333) exited with status 0
02-20 21:12:20.203     0     0 I init    : Starting service 'exec 6 (/system/bin/bootstat)'...
02-20 21:12:20.234     0     0 I init    : Service 'exec 6 (/system/bin/bootstat)' (pid 2046) exited with status 0
02-20 21:12:20.234     0     0 I init    : Starting service 'exec 7 (/system/bin/bootstat)'...
02-20 21:12:20.272     0     0 I init    : Service 'exec 7 (/system/bin/bootstat)' (pid 2051) exited with status 0
02-20 21:12:20.274     0     0 I init    : Starting service 'exec 8 (/system/bin/bootstat)'...
02-20 21:12:20.298     0     0 I init    : Service 'exec 8 (/system/bin/bootstat)' (pid 2058) exited with status 0
02-20 21:12:20.299     0     0 I init    : Starting service 'exec 9 (/system/bin/bootstat)'...
02-20 21:12:20.212  2046  2046 I auditd  : type=1400 audit(0.0:11): avc: denied { getattr } for comm="bootstat" path="/vendor" dev="rootfs" ino=4004 scontext=u:r:bootstat:s0 tcontext=u:object_r:rootfs:s0 tclass=lnk_file permissive=0
02-20 21:12:20.212  2046  2046 W bootstat: type=1400 audit(0.0:11): avc: denied { getattr } for path="/vendor" dev="rootfs" ino=4004 scontext=u:r:bootstat:s0 tcontext=u:object_r:rootfs:s0 tclass=lnk_file permissive=0
02-20 21:12:20.309     0     0 I init    : Service 'exec 9 (/system/bin/bootstat)' (pid 2060) exited with status 0
02-20 21:12:20.272  2051  2051 I bootstat: Service started: /system/bin/bootstat --record_boot_reason 
02-20 21:12:20.272  2051  2051 I bootstat: Unknown boot reason: 
02-20 21:12:20.297  2058  2058 I bootstat: Service started: /system/bin/bootstat --record_time_since_factory_reset 
02-20 21:12:20.297  2058  2058 I bootstat: Logging histogram: factory_reset_current_time 1519161140
02-20 21:12:20.297  2058  2058 I sysui_histogram: [factory_reset_current_time,1519161140]
02-20 21:12:20.298  2058  2058 I bootstat: Logging histogram: bootstat_mtime_matches_content 1
02-20 21:12:20.298  2058  2058 I sysui_histogram: [bootstat_mtime_matches_content,1]
02-20 21:12:20.298  2058  2058 I bootstat: Logging histogram: factory_reset_record_value 1519154248
02-20 21:12:20.298  2058  2058 I sysui_histogram: [factory_reset_record_value,1519154248]
02-20 21:12:20.302  2060  2060 I bootstat: Service started: /system/bin/bootstat -l 
02-20 21:12:20.302  2060  2060 I bootstat: Logging histogram: bootstat_mtime_matches_content 1
02-20 21:12:20.302  2060  2060 I sysui_histogram: [bootstat_mtime_matches_content,1]
02-20 21:12:20.302  2060  2060 I bootstat: Logging histogram: bootstat_mtime_matches_content 1
02-20 21:12:20.302  2060  2060 I sysui_histogram: [bootstat_mtime_matches_content,1]
02-20 21:12:20.302  2060  2060 I bootstat: Logging histogram: bootstat_mtime_matches_content 1
02-20 21:12:20.302  2060  2060 I sysui_histogram: [bootstat_mtime_matches_content,1]
02-20 21:12:20.302  2060  2060 I bootstat: Logging histogram: bootstat_mtime_matches_content 1
02-20 21:12:20.302  2060  2060 I sysui_histogram: [bootstat_mtime_matches_content,1]
02-20 21:12:20.305  2060  2060 I bootstat: Logging histogram: bootstat_mtime_matches_content 1
02-20 21:12:20.305  2060  2060 I sysui_histogram: [bootstat_mtime_matches_content,1]
02-20 21:12:20.309  2060  2060 I bootstat: Logging histogram: bootstat_mtime_matches_content 1
02-20 21:12:20.309  2060  2060 I sysui_histogram: [bootstat_mtime_matches_content,1]
02-20 21:12:20.309  2060  2060 I bootstat: Logging histogram: bootstat_mtime_matches_content 1
02-20 21:12:20.309  2060  2060 I sysui_histogram: [bootstat_mtime_matches_content,1]
02-20 21:12:20.309  2060  2060 I bootstat: Logging histogram: bootstat_mtime_matches_content 1
02-20 21:12:20.309  2060  2060 I sysui_histogram: [bootstat_mtime_matches_content,1]
02-20 21:12:20.309  2060  2060 I bootstat: Logging histogram: bootstat_mtime_matches_content 1
02-20 21:12:20.309  2060  2060 I sysui_histogram: [bootstat_mtime_matches_content,1]
02-20 21:12:20.309  2060  2060 I bootstat: Logging histogram: bootstat_mtime_matches_content 1
02-20 21:12:20.309  2060  2060 I sysui_histogram: [bootstat_mtime_matches_content,1]
02-20 21:12:20.309  2060  2060 I bootstat: Logging histogram: bootstat_mtime_matches_content 1
02-20 21:12:20.309  2060  2060 I sysui_histogram: [bootstat_mtime_matches_content,1]
02-20 21:12:20.309  2060  2060 I bootstat: Logging histogram: bootstat_mtime_matches_content 1
02-20 21:12:20.309  2060  2060 I sysui_histogram: [bootstat_mtime_matches_content,1]
02-20 21:12:20.309  2060  2060 I bootstat: Logging histogram: bootstat_mtime_matches_content 1
02-20 21:12:20.309  2060  2060 I sysui_histogram: [bootstat_mtime_matches_content,1]
02-20 21:12:20.309  2060  2060 I bootstat: Logging histogram: bootstat_mtime_matches_content 1
02-20 21:12:20.309  2060  2060 I sysui_histogram: [bootstat_mtime_matches_content,1]
02-20 21:12:20.309  2060  2060 I bootstat: Logging histogram: post_decrypt_time_elapsed 2
02-20 21:12:20.309  2060  2060 I sysui_histogram: [post_decrypt_time_elapsed,2]
02-20 21:12:20.309  2060  2060 I bootstat: Logging histogram: last_boot_time_utc 1519161140
02-20 21:12:20.309  2060  2060 I sysui_histogram: [last_boot_time_utc,1519161140]
02-20 21:12:20.309  2060  2060 I bootstat: Logging histogram: build_date 1513095943
02-20 21:12:20.309  2060  2060 I sysui_histogram: [build_date,1513095943]
02-20 21:12:20.309  2060  2060 I bootstat: Logging histogram: boot_decryption_complete 12
02-20 21:12:20.309  2060  2060 I sysui_histogram: [boot_decryption_complete,12]
02-20 21:12:20.309  2060  2060 I bootstat: Logging histogram: ota_boot_complete_post_decrypt 7
02-20 21:12:20.309  2060  2060 I sysui_histogram: [ota_boot_complete_post_decrypt,7]
02-20 21:12:20.309  2060  2060 I bootstat: Logging histogram: ota_boot_complete 9
02-20 21:12:20.309  2060  2060 I sysui_histogram: [ota_boot_complete,9]
02-20 21:12:20.309  2060  2060 I bootstat: Logging histogram: boot_reason 1
02-20 21:12:20.309  2060  2060 I sysui_histogram: [boot_reason,1]
02-20 21:12:20.309  2060  2060 I bootstat: Logging histogram: factory_reset_current_time 1519161140
02-20 21:12:20.309  2060  2060 I sysui_histogram: [factory_reset_current_time,1519161140]
02-20 21:12:20.309  2060  2060 I bootstat: Logging histogram: factory_reset 1519154248
02-20 21:12:20.309  2060  2060 I sysui_histogram: [factory_reset,1519154248]
02-20 21:12:20.309  2060  2060 I bootstat: Logging histogram: time_since_last_boot 72
02-20 21:12:20.309  2060  2060 I sysui_histogram: [time_since_last_boot,72]
02-20 21:12:20.309  2060  2060 I bootstat: Logging histogram: boot_complete_post_decrypt 10
02-20 21:12:20.309  2060  2060 I sysui_histogram: [boot_complete_post_decrypt,10]
02-20 21:12:20.309  2060  2060 I bootstat: Logging histogram: boot_complete 12
02-20 21:12:20.309  2060  2060 I sysui_histogram: [boot_complete,12]
02-20 21:12:20.309  2060  2060 I bootstat: Logging histogram: factory_reset_record_value 1519154248
02-20 21:12:20.309  2060  2060 I sysui_histogram: [factory_reset_record_value,1519154248]
02-20 21:12:20.309  2060  2060 I bootstat: Logging histogram: time_since_factory_reset 6892
02-20 21:12:20.309  2060  2060 I sysui_histogram: [time_since_factory_reset,6892]
02-20 21:12:20.252  2051  2051 I auditd  : type=1400 audit(0.0:12): avc: denied { getattr } for comm="bootstat" path="/vendor" dev="rootfs" ino=4004 scontext=u:r:bootstat:s0 tcontext=u:object_r:rootfs:s0 tclass=lnk_file permissive=0
02-20 21:12:20.252  2051  2051 W bootstat: type=1400 audit(0.0:12): avc: denied { getattr } for path="/vendor" dev="rootfs" ino=4004 scontext=u:r:bootstat:s0 tcontext=u:object_r:rootfs:s0 tclass=lnk_file permissive=0
02-20 21:12:20.282  2058  2058 I auditd  : type=1400 audit(0.0:13): avc: denied { getattr } for comm="bootstat" path="/vendor" dev="rootfs" ino=4004 scontext=u:r:bootstat:s0 tcontext=u:object_r:rootfs:s0 tclass=lnk_file permissive=0
02-20 21:12:20.282  2058  2058 W bootstat: type=1400 audit(0.0:13): avc: denied { getattr } for path="/vendor" dev="rootfs" ino=4004 scontext=u:r:bootstat:s0 tcontext=u:object_r:rootfs:s0 tclass=lnk_file permissive=0
02-20 21:12:20.282  2060  2060 I auditd  : type=1400 audit(0.0:14): avc: denied { getattr } for comm="bootstat" path="/vendor" dev="rootfs" ino=4004 scontext=u:r:bootstat:s0 tcontext=u:object_r:rootfs:s0 tclass=lnk_file permissive=0
02-20 21:12:20.282  2060  2060 W bootstat: type=1400 audit(0.0:14): avc: denied { getattr } for path="/vendor" dev="rootfs" ino=4004 scontext=u:r:bootstat:s0 tcontext=u:object_r:rootfs:s0 tclass=lnk_file permissive=0
02-20 21:12:20.330  2038  2038 W System  : ClassLoader referenced unknown path: /system/priv-app/CellBroadcastReceiver/lib/x86_64
02-20 21:12:20.372  1677  1690 I SyncManager: Got SyncJobService instance.
02-20 21:12:20.373  1677  1677 I FusedLocation: engine started (com.android.location.fused)
02-20 21:12:20.374  1912  1930 D SubscriptionController: [getPhoneId]- no sims, returning default phoneId=2147483647
02-20 21:12:20.392  1677  1692 W art     : Long monitor contention with owner android.display (1698) at void com.android.server.wm.WindowAnimator$1.doFrame(long)(WindowAnimator.java:144) waiters=2 in void com.android.server.wm.WindowManagerService.updateRotationUnchecked(boolean, boolean) for 180ms
02-20 21:12:20.392  1677  1692 I dvm_lock_sample: [system_server,1,android.ui,180,WindowManagerService.java,6783,WindowAnimator.java,144,36]
02-20 21:12:20.431  1763  1763 I OpaLayout: Setting opa enabled to false
02-20 21:12:20.433  1763  1763 I OpaLayout: Setting opa enabled to false
02-20 21:12:20.450  1677  1698 I wm_boot_animation_done: 12450
02-20 21:12:20.450  1677  1790 W art     : Long monitor contention with owner android.display (1698) at void com.android.server.wm.WindowAnimator$1.doFrame(long)(WindowAnimator.java:144) waiters=1 in float com.android.server.wm.WindowManagerService.getCurrentAnimatorScale() for 210ms
02-20 21:12:20.450  1677  1790 I dvm_lock_sample: [system_server,1,Binder:1677_3,210,WindowManagerService.java,5760,WindowAnimator.java,144,42]
02-20 21:12:20.453  1677  1698 I SystemServiceManager: Starting phase 1000
02-20 21:12:20.476     0     0 I init    : write_file: Unable to open '/sys/class/android_usb/android0/enable': No such file or directory
02-20 21:12:20.477     0     0 I init    : write_file: Unable to open '/sys/class/android_usb/android0/idVendor': No such file or directory
02-20 21:12:20.479     0     0 I init    : write_file: Unable to open '/sys/class/android_usb/android0/idProduct': No such file or directory
02-20 21:12:20.476  1677  1698 I am_proc_start: [0,2063,10015,com.google.android.ext.services,on-hold,]
02-20 21:12:20.476  1677  1698 I ActivityManager: Start proc 2063:com.google.android.ext.services/u0a15 for on-hold
02-20 21:12:20.482  1677  1698 D ActivityManager: Finishing user boot 0
02-20 21:12:20.482  1677  1698 I sysui_histogram: [framework_locked_boot_completed,12]
02-20 21:12:20.483  1677  1698 D CryptdConnector: SND -> {3 cryptfs prepare_user_storage ! 0 0 2}
02-20 21:12:20.483  1267  1303 D vold    : e4crypt_prepare_user_storage for volume null, user 0, serial 0, flags 2
02-20 21:12:20.483  1267  1303 D vold    : Preparing: /data/system_ce/0
02-20 21:12:20.483  1267  1303 D vold    : Preparing: /data/misc_ce/0
02-20 21:12:20.483  1267  1303 D vold    : Preparing: /data/media/0
02-20 21:12:20.483  1267  1303 D vold    : Preparing: /data/data
02-20 21:12:20.483  1677  1727 D CryptdConnector: RCV <- {200 3 Command succeeded}
02-20 21:12:20.484  1677  1698 V UserManagerService: Found /data/user/0 with serial number 0
02-20 21:12:20.484  1677  1698 V UserManagerService: Found /data/system_ce/0 with serial number 0
02-20 21:12:20.484  1677  1698 V PackageManager: reconcileAppsData for null u0 0x2
02-20 21:12:20.495     0     0 I init    : write_file: Unable to open '/sys/class/android_usb/android0/functions': No such file or directory
02-20 21:12:20.496     0     0 I init    : write_file: Unable to open '/sys/class/android_usb/android0/enable': No such file or directory
02-20 21:12:20.502  2063  2063 W art     : Unexpected CPU variant for X86 using defaults: x86_64
02-20 21:12:20.580     0     0 D ieee80211 phy1: mac80211_hwsim_configure_filter
02-20 21:12:20.596  1677  1698 V PackageManager: reconcileAppsData finished 100 packages
02-20 21:12:20.596  1677  1988 W art     : Long monitor contention with owner android.display (1698) at void com.android.server.am.ActivityManagerService.finishBooting()(ActivityManagerService.java:6823) waiters=0 in android.content.pm.UserInfo com.android.server.am.UserController.getCurrentUser() for 121ms
02-20 21:12:20.596  1677  1988 I dvm_lock_sample: [system_server,1,Binder:1677_6,121,UserController.java,1438,ActivityManagerService.java,6823,24]
02-20 21:12:20.596  1677  1691 W art     : Long monitor contention with owner android.display (1698) at void com.android.server.am.ActivityManagerService.finishBooting()(ActivityManagerService.java:6823) waiters=1 in void com.android.server.am.BroadcastQueue.processNextBroadcast(boolean) for 113ms
02-20 21:12:20.596  1677  1691 I dvm_lock_sample: [system_server,1,ActivityManager,113,BroadcastQueue.java,760,ActivityManagerService.java,6823,22]
02-20 21:12:20.597  1677  1691 D MountService: onUnlockUser 0
02-20 21:12:20.597  1677  1691 D VoldConnector: SND -> {7 volume user_started 0}
02-20 21:12:20.598  1677  1688 I am_proc_bound: [0,2063,com.google.android.ext.services]
02-20 21:12:20.600  1267  1302 D vold    : Linking /storage/emulated/0 to /mnt/user/0/primary
02-20 21:12:20.600  1677  1726 D VoldConnector: RCV <- {200 7 Command succeeded}
02-20 21:12:20.607  1677  1725 D MountService: Volume public:253,64 broadcasting mounted to UserHandle{0}
02-20 21:12:20.607  1677  1790 I am_proc_start: [0,2082,10001,android.process.acore,content provider,com.android.providers.contacts/.ContactsProvider2]
02-20 21:12:20.607  1677  1790 I ActivityManager: Start proc 2082:android.process.acore/u0a1 for content provider com.android.providers.contacts/.ContactsProvider2
02-20 21:12:20.608  1912  1912 D CarrierConfigLoader: CarrierConfigLoader has started
02-20 21:12:20.609  1912  1912 E BluetoothAdapter: Bluetooth binder is null
02-20 21:12:20.609  1677  1988 D TelephonyRegistry: listen oscl: hasNotifySubscriptionInfoChangedOccurred==false no callback
02-20 21:12:20.610  1763  1763 W System  : ClassLoader referenced unknown path: 
02-20 21:12:20.610  1763  1763 W System  : ClassLoader referenced unknown path: /system/priv-app/Dialer/lib/x86_64
02-20 21:12:20.610  1763  1763 D ApplicationLoaders: ignored Vulkan layer search path /system/priv-app/Dialer/lib/x86_64:/system/lib64:/vendor/lib64 for namespace 0x718cfd56a0f0
02-20 21:12:20.611  1677  1725 D MountService: Volume emulated broadcasting mounted to UserHandle{0}
02-20 21:12:20.618  2063  2063 W System  : ClassLoader referenced unknown path: /system/priv-app/GoogleExtServices/lib/x86_64
02-20 21:12:20.633  1677  1691 V BackupManagerService: No ancestral data
02-20 21:12:20.639  1677  1691 V BackupManagerService: Starting with transport android/com.android.internal.backup.LocalTransport
02-20 21:12:20.640  1677  1691 V BackupManagerService: Found transports: 2
02-20 21:12:20.649  2082  2082 W art     : Unexpected CPU variant for X86 using defaults: x86_64
02-20 21:12:20.656  2091  2091 W art     : Unexpected CPU variant for X86 using defaults: x86_64
02-20 21:12:20.658  1677  1691 I am_proc_start: [0,2091,10014,com.google.android.gms.persistent,service,com.google.android.gms/.backup.BackupTransportService]
02-20 21:12:20.658  1677  1691 I ActivityManager: Start proc 2091:com.google.android.gms.persistent/u0a14 for service com.google.android.gms/.backup.BackupTransportService
02-20 21:12:20.664  1677  1677 V BackupManagerService: Connected to transport ComponentInfo{android/com.android.internal.backup.LocalTransportService}
02-20 21:12:20.664  1677  1677 V BackupManagerService: Registering transport android/com.android.internal.backup.LocalTransportService::android/com.android.internal.backup.LocalTransport = android.app.backup.BackupTransport$TransportImpl@13d2c92
02-20 21:12:20.668  1677  1677 I backup_transport_lifecycle: [android/com.android.internal.backup.LocalTransportService,1]
02-20 21:12:20.678  1677  1957 I am_proc_bound: [0,2091,com.google.android.gms.persistent]
02-20 21:12:20.681  1677  1691 I BackupManagerService: Backup enabled => false
02-20 21:12:20.682  1912  1912 D RILJ    : [3655]> RIL_REQUEST_SET_TTY_MODE : 0 [SUB0]
02-20 21:12:20.683  1374  1481 D RIL     : onRequest: SET_TTY_MODE
02-20 21:12:20.684  1912  2004 D RilRequest: [3655]< RIL_REQUEST_SET_TTY_MODE error: com.android.internal.telephony.CommandException: RADIO_NOT_AVAILABLE ret=
02-20 21:12:20.684  1912  1912 I Telephony: TtyManager: updateUiTtyMode -1 -> 0
02-20 21:12:20.689  1677  1957 D TelephonyRegistry: listen oscl: hasNotifySubscriptionInfoChangedOccurred==false no callback
02-20 21:12:20.689  1912  1912 D SubscriptionController: [getPhoneId] asked for default subId=-1
02-20 21:12:20.693  1912  1912 D UiccController: Received EVENT_ICC_STATUS_CHANGED, calling getIccCardStatus
02-20 21:12:20.693  1912  1912 D RILJ    : [3656]> GET_SIM_STATUS [SUB0]
02-20 21:12:20.694  1374  1481 D RIL     : onRequest: GET_SIM_STATUS
02-20 21:12:20.694  1374  1481 D RIL     : getSIMStatus(). sState: 0
02-20 21:12:20.694  1912  1912 D Phone   : config LCE service failed: com.android.internal.telephony.CommandException: RADIO_NOT_AVAILABLE
02-20 21:12:20.694  1912  1912 D GsmSMSDispatcher: GsmSMSDispatcher: subId = -2 slotId = 0
02-20 21:12:20.695  1912  1912 E IccCardProxy: setExternalState: !override and newstate unchanged from NOT_READY
02-20 21:12:20.695  1912  1912 D RILJ    : [3657]> BASEBAND_VERSION [SUB0]
02-20 21:12:20.695  1374  1481 D RIL     : onRequest: BASEBAND_VERSION
02-20 21:12:20.695  1912  1912 D RILJ    : [3658]> GET_IMEI [SUB0]
02-20 21:12:20.695  1912  2004 D RILJ    : [3656]< GET_SIM_STATUS IccCardState {CARDSTATE_PRESENT,PINSTATE_UNKNOWN,num_apps=2,gsm_id=0{APPTYPE_SIM,APPSTATE_DETECTED},cdma_id=1{APPTYPE_RUIM,APPSTATE_DETECTED},ims_id=8} [SUB0]
02-20 21:12:20.695  1374  1481 D RIL     : onRequest: GET_IMEI
02-20 21:12:20.695  1374  1481 D AT      : AT> AT+CGSN
02-20 21:12:20.695  1912  2004 D RilRequest: [3657]< BASEBAND_VERSION error: com.android.internal.telephony.CommandException: RADIO_NOT_AVAILABLE ret=
02-20 21:12:20.695  1763  1763 E BluetoothAdapter: Bluetooth binder is null
02-20 21:12:20.695  1374  1483 D AT      : AT< 000000000000000
02-20 21:12:20.695  1374  1483 D AT      : AT< OK
02-20 21:12:20.695  1912  1912 D RILJ    : [3659]> GET_IMEISV [SUB0]
02-20 21:12:20.695  1912  2004 D RILJ    : [3658]< GET_IMEI  [SUB0]
02-20 21:12:20.696  1374  1481 D RIL     : onRequest: GET_IMEISV
02-20 21:12:20.696  1912  1912 D RILJ    : [3660]> RIL_REQUEST_GET_RADIO_CAPABILITY [SUB0]
02-20 21:12:20.696  1912  2004 D RilRequest: [3659]< GET_IMEISV error: com.android.internal.telephony.CommandException: RADIO_NOT_AVAILABLE ret=
02-20 21:12:20.696  1374  1481 D RIL     : onRequest: RIL_REQUEST_GET_RADIO_CAPABILITY
02-20 21:12:20.696  1912  1912 D RILJ    : [3661]> RIL_REQUEST_START_LCE [SUB0]
02-20 21:12:20.696  1912  2004 D RilRequest: [3660]< RIL_REQUEST_GET_RADIO_CAPABILITY error: com.android.internal.telephony.CommandException: RADIO_NOT_AVAILABLE ret=
02-20 21:12:20.696  1374  1481 D RIL     : onRequest: <unknown request>
02-20 21:12:20.696  1912  1912 D GsmCdmaPhone: [GsmCdmaPhone] Event EVENT_RADIO_OFF_OR_NOT_AVAILABLE Received
02-20 21:12:20.696  1912  1912 E IccCardProxy: setExternalState: !override and newstate unchanged from NOT_READY
02-20 21:12:20.696  1912  1912 D SST     : mDeviceShuttingDown=false, mDesiredPowerState=true, getRadioState=RADIO_OFF, mPowerOffDelayNeed=true, mAlarmSwitch=false, mRadioDisabledByCarrier=false
02-20 21:12:20.696  1912  1912 D RILJ    : [3662]> RADIO_POWER on [SUB0]
02-20 21:12:20.696  1374  1481 D RIL     : onRequest: RADIO_POWER
02-20 21:12:20.696  1374  1481 D AT      : AT> AT+CFUN=1
02-20 21:12:20.696  1374  1483 D AT      : AT< OK
02-20 21:12:20.696  1374  1481 D RIL     : setRadioState(10)
02-20 21:12:20.697  1912  1912 D RILJ    : [3663]> OPERATOR [SUB0]
02-20 21:12:20.696  1912  2004 D RilRequest: [3661]< RIL_REQUEST_START_LCE error: com.android.internal.telephony.CommandException: RADIO_NOT_AVAILABLE ret=
02-20 21:12:20.697  1912  2004 D RILJ    : [UNSL]< UNSOL_RESPONSE_RADIO_STATE_CHANGED RADIO_ON [SUB0]
02-20 21:12:20.697  1374  1481 D RIL     : onRequest: OPERATOR
02-20 21:12:20.697  1374  1481 D AT      : AT> AT+COPS=3,0;+COPS?;+COPS=3,1;+COPS?;+COPS=3,2;+COPS?
02-20 21:12:20.697  1912  2004 D RILJ    : [UNSL]< UNSOL_RESPONSE_SIM_STATUS_CHANGED [SUB0]
02-20 21:12:20.697  1912  2004 D RILJ    : [3662]< RADIO_POWER  [SUB0]
02-20 21:12:20.697  1374  1483 D AT      : AT< +COPS: 0,0,"Android"
02-20 21:12:20.697  1374  1483 D AT      : AT< +COPS: 0,1,"Android"
02-20 21:12:20.697  1374  1483 D AT      : AT< +COPS: 0,2,"310260"
02-20 21:12:20.697  1374  1483 D AT      : AT< OK
02-20 21:12:20.698  1912  1912 D RILJ    : [3664]> DATA_REGISTRATION_STATE [SUB0]
02-20 21:12:20.698  1912  2004 D RILJ    : [3663]< OPERATOR {Android, Android, 310260} [SUB0]
02-20 21:12:20.699  1374  1481 D RIL     : onRequest: DATA_REGISTRATION_STATE
02-20 21:12:20.699  1374  1481 D RIL     : requestRegistrationState
02-20 21:12:20.699  1374  1481 D AT      : AT> AT+CGREG?
02-20 21:12:20.699  1374  1483 D AT      : AT< +CGREG: 1,1,"0003","005b","000e"
02-20 21:12:20.699  1374  1483 D AT      : AT< OK
02-20 21:12:20.699  1374  1481 D RIL     : parseRegistrationState. Parsing: +CGREG: 1,1,"0003","005b","000e"
02-20 21:12:20.699  1374  1481 D RIL     : registration state type: 3GPP
02-20 21:12:20.700  1912  2004 D RILJ    : [3664]< DATA_REGISTRATION_STATE {1, 3, 5b, 14, null, null} [SUB0]
02-20 21:12:20.702  1912  1912 D RILJ    : [3665]> VOICE_REGISTRATION_STATE [SUB0]
02-20 21:12:20.702  1374  1481 D RIL     : onRequest: VOICE_REGISTRATION_STATE
02-20 21:12:20.702  1374  1481 D RIL     : requestRegistrationState
02-20 21:12:20.702  1374  1481 D AT      : AT> AT+CREG?
02-20 21:12:20.702  1374  1483 D AT      : AT< +CREG: 2,1, "0003", "005b"
02-20 21:12:20.702  1374  1483 D AT      : AT< OK
02-20 21:12:20.702  1374  1481 D RIL     : parseRegistrationState. Parsing: +CREG: 2,1, "0003", "005b"
02-20 21:12:20.702  1374  1481 D RIL     : registration state type: 3GPP
02-20 21:12:20.702  1912  2004 D RILJ    : [3665]< VOICE_REGISTRATION_STATE {1, 3, 5b, 0, null, null, null, null, null, null, null, null, null, null, null} [SUB0]
02-20 21:12:20.702  1912  1912 D RILJ    : [3666]> QUERY_NETWORK_SELECTION_MODE [SUB0]
02-20 21:12:20.702  1912  1912 D SST     : NITZ: 18/02/20:21:12:13+0:0:Unknown!Unknown,4255 start=12702 delay=8447
02-20 21:12:20.703  1912  1912 D SST     : NITZ: tzOffset=0 dst=0 zone=GMT iso= mGotCountryCode=false mNeedFixZoneAfterNitz=false
02-20 21:12:20.703  1374  1481 D RIL     : onRequest: QUERY_NETWORK_SELECTION_MODE
02-20 21:12:20.703  1374  1481 D AT      : AT> AT+COPS?
02-20 21:12:20.703  1374  1483 D AT      : AT< +COPS: 0,2,310260
02-20 21:12:20.703  1374  1483 D AT      : AT< OK
02-20 21:12:20.703  1912  1912 D SST     : setAndBroadcastNetworkSetTimeZone: setTimeZone=GMT
02-20 21:12:20.703  1677  1988 D AlarmManagerService: Kernel timezone updated to 0 minutes west of GMT
02-20 21:12:20.703  1912  2004 D RILJ    : [3666]< QUERY_NETWORK_SELECTION_MODE {0} [SUB0]
02-20 21:12:20.704  1912  1912 D SST     : setAndBroadcastNetworkSetTimeZone: call alarm.setTimeZone and broadcast zoneId=GMT
02-20 21:12:20.704  1912  1912 D SST     : NITZ: Setting time of day to Tue Feb 20 21:12:21 GMT+00:00 2018 NITZ receive delay(ms): 8449 gained(ms): 745 from 18/02/20:21:12:13+0:0:Unknown!Unknown
02-20 21:12:20.704  1912  1912 D SST     : setAndBroadcastNetworkSetTime: time=1519161141449ms
02-20 21:12:20.704  1677  1988 D AlarmManagerService: Setting time of day to sec=1519161141
02-20 21:12:21.449  1677  1988 W AlarmManagerService: Unable to set rtc to 1519161141: No such device
02-20 21:12:21.452  1677  2094 I am_proc_bound: [0,2082,android.process.acore]
02-20 21:12:21.458  1912  1912 I SST     : NITZ: after Setting time of day
02-20 21:12:21.459  1912  1912 D SST     : NITZ: end=12715 dur=13
02-20 21:12:21.460  1912  1912 D SST     : mDeviceShuttingDown=false, mDesiredPowerState=true, getRadioState=RADIO_ON, mPowerOffDelayNeed=true, mAlarmSwitch=false, mRadioDisabledByCarrier=false
02-20 21:12:21.460  1912  1912 D RILJ    : [3667]> OPERATOR [SUB0]
02-20 21:12:21.460  1912  1912 D RILJ    : [3668]> DATA_REGISTRATION_STATE [SUB0]
02-20 21:12:21.460  1374  1481 D RIL     : onRequest: OPERATOR
02-20 21:12:21.460  1374  1481 D AT      : AT> AT+COPS=3,0;+COPS?;+COPS=3,1;+COPS?;+COPS=3,2;+COPS?
02-20 21:12:21.460  1912  1912 D RILJ    : [3669]> VOICE_REGISTRATION_STATE [SUB0]
02-20 21:12:21.460  1374  1483 D AT      : AT< +COPS: 0,0,"Android"
02-20 21:12:21.460  1374  1483 D AT      : AT< +COPS: 0,1,"Android"
02-20 21:12:21.460  1374  1483 D AT      : AT< +COPS: 0,2,"310260"
02-20 21:12:21.460  1374  1483 D AT      : AT< OK
02-20 21:12:21.460  1374  1481 D RIL     : onRequest: DATA_REGISTRATION_STATE
02-20 21:12:21.460  1374  1481 D RIL     : requestRegistrationState
02-20 21:12:21.460  1374  1481 D AT      : AT> AT+CGREG?
02-20 21:12:21.460  1912  1912 D RILJ    : [3670]> QUERY_NETWORK_SELECTION_MODE [SUB0]
02-20 21:12:21.460  1912  2004 D RILJ    : [3667]< OPERATOR {Android, Android, 310260} [SUB0]
02-20 21:12:21.460  1374  1483 D AT      : AT< +CGREG: 1,1,"0003","005b","000e"
02-20 21:12:21.460  1374  1483 D AT      : AT< OK
02-20 21:12:21.460  1912  1912 D SST     : onSignalStrengthResult() Exception from RIL : com.android.internal.telephony.CommandException: RADIO_NOT_AVAILABLE
02-20 21:12:21.460  1374  1481 D RIL     : parseRegistrationState. Parsing: +CGREG: 1,1,"0003","005b","000e"
02-20 21:12:21.460  1374  1481 D RIL     : registration state type: 3GPP
02-20 21:12:21.460  1374  1481 D RIL     : onRequest: VOICE_REGISTRATION_STATE
02-20 21:12:21.460  1374  1481 D RIL     : requestRegistrationState
02-20 21:12:21.460  1374  1481 D AT      : AT> AT+CREG?
02-20 21:12:21.461  1912  2004 D RILJ    : [3668]< DATA_REGISTRATION_STATE {1, 3, 5b, 14, null, null} [SUB0]
02-20 21:12:21.461  1374  1483 D AT      : AT< +CREG: 2,1, "0003", "005b"
02-20 21:12:21.461  1374  1483 D AT      : AT< OK
02-20 21:12:21.461  1374  1481 D RIL     : parseRegistrationState. Parsing: +CREG: 2,1, "0003", "005b"
02-20 21:12:21.461  1374  1481 D RIL     : registration state type: 3GPP
02-20 21:12:21.461  1374  1481 D RIL     : onRequest: QUERY_NETWORK_SELECTION_MODE
02-20 21:12:21.461  1374  1481 D AT      : AT> AT+COPS?
02-20 21:12:21.461  1912  2004 D RILJ    : [3669]< VOICE_REGISTRATION_STATE {1, 3, 5b, 0, null, null, null, null, null, null, null, null, null, null, null} [SUB0]
02-20 21:12:21.461  1374  1483 D AT      : AT< +COPS: 0,2,310260
02-20 21:12:21.461  1374  1483 D AT      : AT< OK
02-20 21:12:21.461  1912  1912 D DCT     : [0]onRadioAvailable
02-20 21:12:21.461  1912  1912 D DCT     : [0]onRadioOffOrNotAvailable: is off and clean up all connections
02-20 21:12:21.461  1912  1912 D DCT     : [0]cleanUpAllConnections: tearDown=false reason=radioTurnedOff
02-20 21:12:21.461  1912  2004 D RILJ    : [3670]< QUERY_NETWORK_SELECTION_MODE {0} [SUB0]
02-20 21:12:21.461  1912  1912 D GsmCdmaPhone: [GsmCdmaPhone] getDataConnectionState apnType=default ret=DISCONNECTED
02-20 21:12:21.462  1912  1912 D DCT     : [0]cleanUpConnection: X tearDown=false reason=radioTurnedOff apnContext={mApnType=default mState=IDLE mWaitingApns={null} mApnSetting={null} mReason=radioTurnedOff mDataEnabled=false mDependencyMet=true} dcac=null
02-20 21:12:21.462  1912  1912 D GsmCdmaPhone: [GsmCdmaPhone] getDataConnectionState apnType=mms ret=DISCONNECTED
02-20 21:12:21.462  1912  1912 D DCT     : [0]cleanUpConnection: X tearDown=false reason=radioTurnedOff apnContext={mApnType=mms mState=IDLE mWaitingApns={null} mApnSetting={null} mReason=radioTurnedOff mDataEnabled=false mDependencyMet=true} dcac=null
02-20 21:12:21.462  1912  1912 D GsmCdmaPhone: [GsmCdmaPhone] getDataConnectionState apnType=cbs ret=DISCONNECTED
02-20 21:12:21.464  1912  1912 D DCT     : [0]cleanUpConnection: X tearDown=false reason=radioTurnedOff apnContext={mApnType=cbs mState=IDLE mWaitingApns={null} mApnSetting={null} mReason=radioTurnedOff mDataEnabled=false mDependencyMet=true} dcac=null
02-20 21:12:21.464  1912  1912 D GsmCdmaPhone: [GsmCdmaPhone] getDataConnectionState apnType=fota ret=DISCONNECTED
02-20 21:12:21.464  1912  1912 D DCT     : [0]cleanUpConnection: X tearDown=false reason=radioTurnedOff apnContext={mApnType=fota mState=IDLE mWaitingApns={null} mApnSetting={null} mReason=radioTurnedOff mDataEnabled=false mDependencyMet=true} dcac=null
02-20 21:12:21.464  1912  1912 D GsmCdmaPhone: [GsmCdmaPhone] getDataConnectionState apnType=supl ret=DISCONNECTED
02-20 21:12:21.464  1912  1912 D DCT     : [0]cleanUpConnection: X tearDown=false reason=radioTurnedOff apnContext={mApnType=supl mState=IDLE mWaitingApns={null} mApnSetting={null} mReason=radioTurnedOff mDataEnabled=false mDependencyMet=true} dcac=null
02-20 21:12:21.464  1912  1912 D GsmCdmaPhone: [GsmCdmaPhone] getDataConnectionState apnType=ia ret=DISCONNECTED
02-20 21:12:21.466  1912  1912 D DCT     : [0]cleanUpConnection: X tearDown=false reason=radioTurnedOff apnContext={mApnType=ia mState=IDLE mWaitingApns={null} mApnSetting={null} mReason=radioTurnedOff mDataEnabled=false mDependencyMet=true} dcac=null
02-20 21:12:21.466  1912  1912 D GsmCdmaPhone: [GsmCdmaPhone] getDataConnectionState apnType=emergency ret=DISCONNECTED
02-20 21:12:21.466  1912  1912 D DCT     : [0]cleanUpConnection: X tearDown=false reason=radioTurnedOff apnContext={mApnType=emergency mState=IDLE mWaitingApns={null} mApnSetting={null} mReason=radioTurnedOff mDataEnabled=false mDependencyMet=true} dcac=null
02-20 21:12:21.466  1912  1912 D GsmCdmaPhone: [GsmCdmaPhone] getDataConnectionState apnType=hipri ret=DISCONNECTED
02-20 21:12:21.467  1912  1912 D DCT     : [0]cleanUpConnection: X tearDown=false reason=radioTurnedOff apnContext={mApnType=hipri mState=IDLE mWaitingApns={null} mApnSetting={null} mReason=radioTurnedOff mDataEnabled=false mDependencyMet=true} dcac=null
02-20 21:12:21.467  1912  1912 D GsmCdmaPhone: [GsmCdmaPhone] getDataConnectionState apnType=ims ret=DISCONNECTED
02-20 21:12:21.467  1912  1912 D DCT     : [0]cleanUpConnection: X tearDown=false reason=radioTurnedOff apnContext={mApnType=ims mState=IDLE mWaitingApns={null} mApnSetting={null} mReason=radioTurnedOff mDataEnabled=false mDependencyMet=true} dcac=null
02-20 21:12:21.467  1912  1912 D DCT     : [0]stopNetStatPoll
02-20 21:12:21.467  1912  1912 D DCT     : [0]cleanUpConnection: mDisconnectPendingCount = 0
02-20 21:12:21.467  1912  1912 D DCT     : [0]isDataAllowed: No - Not attached - SIM not loaded
02-20 21:12:21.472  1912  1912 D DCT     : [0]onDataConnectionDetached: stop polling and notify detached
02-20 21:12:21.472  1912  1912 D DCT     : [0]stopNetStatPoll
02-20 21:12:21.472  1912  1912 D DCT     : [0]notifyDataConnection: reason=dataDetached
02-20 21:12:21.472  1912  1912 D DCT     : [0]isDataAllowed: No - Not attached - SIM not loaded
02-20 21:12:21.475  1912  1912 D DCT     : [0]onRoamingOff
02-20 21:12:21.475  1912  1912 D DCT     : [0]isDataAllowed: No - Not attached - SIM not loaded
02-20 21:12:21.476  1763  1763 I CameraManagerGlobal: Connecting to camera service
02-20 21:12:21.477  1365  1365 V EmulatedCamera_Camera: getCameraInfo
02-20 21:12:21.477  1365  1365 V EmulatedCamera_BaseCamera: getCameraInfo
02-20 21:12:21.477  1365  1365 I CameraService: getCameraCharacteristics: Switching to HAL1 shim implementation...
02-20 21:12:21.477  1365  1365 V EmulatedCamera_Camera: getCameraInfo
02-20 21:12:21.477  1365  1365 V EmulatedCamera_BaseCamera: getCameraInfo
02-20 21:12:21.477  1365  1365 I CameraService: CameraService::connect call (PID -1 "cameraserver", camera ID 0) for HAL version default and Camera API version 1
02-20 21:12:21.477  1365  1365 E CameraService: getCameraPriorityFromProcState: Received invalid process state -1 from ActivityManagerService!
02-20 21:12:21.477  1365  1365 V EmulatedCamera_Camera: getCameraInfo
02-20 21:12:21.477  1365  1365 V EmulatedCamera_BaseCamera: getCameraInfo
02-20 21:12:21.481  1372  2125 E WVMExtractor: Failed to open libwvm.so: dlopen failed: library "libwvm.so" not found
02-20 21:12:21.484  1757  1757 I InputAttributes: InputType.TYPE_NULL is specified
02-20 21:12:21.484  1912  1912 D DCT     : [0]setupDataOnConnectableApns: roamingOff hipri:[state=IDLE,enabled=false] mms:[state=IDLE,enabled=false] supl:[state=IDLE,enabled=false] ia:[state=IDLE,enabled=false] fota:[state=IDLE,enabled=false] ims:[state=IDLE,enabled=false] cbs:[state=IDLE,enabled=false] default:[state=IDLE,enabled=false] emergency:[state=IDLE,enabled=false] 
02-20 21:12:21.484  1912  1912 D DCT     : [0]setupDataOnConnectableApns: nwTypeChanged hipri:[state=IDLE,enabled=false] mms:[state=IDLE,enabled=false] supl:[state=IDLE,enabled=false] ia:[state=IDLE,enabled=false] fota:[state=IDLE,enabled=false] ims:[state=IDLE,enabled=false] cbs:[state=IDLE,enabled=false] default:[state=IDLE,enabled=false] emergency:[state=IDLE,enabled=false] 
02-20 21:12:21.484  1912  1912 D PhoneSwitcherNetworkRequstListener: got request NetworkRequest [ REQUEST id=1, [ Capabilities: INTERNET&NOT_RESTRICTED&TRUSTED&NOT_VPN] ] with score 0
02-20 21:12:21.484  1912  1912 D TelephonyNetworkFactory[0]: onSubIdChange -1->-2
02-20 21:12:21.484  1912  1912 D DCT     : [0]NETWORK_STATE_CHANGED_ACTION: mIsWifiConnected=false
02-20 21:12:21.484  1912  1912 D DCT     : [0]Wifi state changed
02-20 21:12:21.484  1912  1912 D DCT     : [0]WIFI_STATE_CHANGED_ACTION: enabled=true mIsWifiConnected=false
02-20 21:12:21.484  1912  1912 D SubscriptionInfoUpdater: [Receiver]+
02-20 21:12:21.484  1912  1912 D SubscriptionInfoUpdater: Action: android.intent.action.SIM_STATE_CHANGED
02-20 21:12:21.484  1912  1912 D SubscriptionInfoUpdater: slotId: 0
02-20 21:12:21.484  1912  1912 D SubscriptionInfoUpdater: simStatus: NOT_READY
02-20 21:12:21.484  1912  1912 D SubscriptionInfoUpdater: Ignoring simStatus: NOT_READY
02-20 21:12:21.484  1912  1912 D SubscriptionInfoUpdater: [Receiver]-
02-20 21:12:21.484  1912  1912 D TelephonyNetworkFactory[0]: got request NetworkRequest [ REQUEST id=1, [ Capabilities: INTERNET&NOT_RESTRICTED&TRUSTED&NOT_VPN] ] with score 0
02-20 21:12:21.488  1372  2123 D NuPlayerDriver: notifyListener_l(0xeb0123c0), (1, 0, 0), loop setting(0, 0)
02-20 21:12:21.489  1677  2089 V KeyValueBackupJob: Scheduling k/v pass in 240 minutes
02-20 21:12:21.499  1677  1988 D TelephonyRegistry: listen oscl: hasNotifySubscriptionInfoChangedOccurred==false no callback
02-20 21:12:21.502  1912  1930 D SubscriptionController: [getActiveSubInfoList] Sub Controller not ready
02-20 21:12:21.507  1372  2128 D NuPlayerDriver: notifyListener_l(0xeb012600), (1, 0, 0), loop setting(0, 0)
02-20 21:12:21.513  1372  2130 D NuPlayerDriver: notifyListener_l(0xeb012660), (1, 0, 0), loop setting(0, 0)
02-20 21:12:21.515  1365  1365 I CameraFlashlight: Opening camera 0
02-20 21:12:21.515  1365  1365 V EmulatedCamera_Camera: getCameraInfo
02-20 21:12:21.515  1365  1365 V EmulatedCamera_BaseCamera: getCameraInfo
