02-20 21:12:22.034  1912  1912 D SubscriptionInfoUpdater: slotId: 0
02-20 21:12:22.034  1912  1912 D SubscriptionInfoUpdater: simStatus: NOT_READY
02-20 21:12:22.034  1912  1912 D SubscriptionInfoUpdater: Ignoring simStatus: NOT_READY
02-20 21:12:22.034  1912  1912 D SubscriptionInfoUpdater: [Receiver]-
02-20 21:12:22.034  1912  1912 D GsmCdmaPhone: [GsmCdmaPhone] Event EVENT_REGISTERED_TO_NETWORK Received
02-20 21:12:22.034  1912  1912 D SST     : SubscriptionListener.onSubscriptionInfoChanged
02-20 21:12:22.034  1912  1912 E Phone   : getStoredVoiceMessageCount: invalid subId -2
02-20 21:12:22.034  1912  1912 D GsmCdmaPhone: [GsmCdmaPhone] updateVoiceMail countVoiceMessages = 0 subId -2
02-20 21:12:22.034  1912  1912 E Phone   : setVoiceMessageCount in sharedPreference: invalid subId -2
02-20 21:12:22.034  1912  1912 D DCT     : [0]SubscriptionListener.onSubscriptionInfoChanged
02-20 21:12:22.034  1912  1912 D SubscriptionController: [getActiveSubInfoList] Sub Controller not ready
02-20 21:12:22.035  1912  1912 D SubscriptionController: [getActiveSubInfoList] Sub Controller not ready
02-20 21:12:22.086  2203  2203 I CalendarProvider2: Created com.android.providers.calendar.CalendarAlarmManager@fa706e9(com.android.providers.calendar.CalendarProvider2@f6f1f6e)
02-20 21:12:22.092  1677  2202 I am_proc_bound: [0,2244,com.google.process.gapps]
02-20 21:12:22.118  1912  1912 E PhoneInterfaceManager: [PhoneIntfMgr] getIccId: No UICC
02-20 21:12:22.123  2226  2226 W System  : ClassLoader referenced unknown path: /system/app/KeyChain/lib/x86_64
02-20 21:12:22.130  1313  1324 D gralloc_ranchu: gralloc_alloc: Creating ashmem region of size 17051648
02-20 21:12:22.141  1677  1957 I Telecom : PhoneAccountRegistrar: New phone account registered: [[ ] PhoneAccount: ComponentInfo{com.android.phone/com.android.services.telephony.TelephonyConnectionService}, [e0184adedf913b076626646d3f52c3b49c39ad6d], UserHandle{0} Capabilities: CallProvider MultiUser PlaceEmerg SimSub  Schemes: tel voicemail  Extras: null GroupId: [da39a3ee5e6b4b0d3255bfef95601890afd80709]]: TSI.rPA@AAQ
02-20 21:12:22.144  1677  1957 I Telecom : : Sending phone-account registered intent as user: TSI.rPA@AAQ
02-20 21:12:22.150  2244  2244 I art     : Starting a blocking GC AddRemoveAppImageSpace
02-20 21:12:22.151  2244  2244 W System  : ClassLoader referenced unknown path: /system/priv-app/GoogleServicesFramework/lib/x86_64
02-20 21:12:21.430     0     0 D ieee80211 phy0: hw scan 2484 MHz
02-20 21:12:22.184  1912  1912 I Telephony: AccountEntry: Registered phoneAccount: [[ ] PhoneAccount: ComponentInfo{com.android.phone/com.android.services.telephony.TelephonyConnectionService}, [e0184adedf913b076626646d3f52c3b49c39ad6d], UserHandle{0} Capabilities: CallProvider MultiUser PlaceEmerg SimSub  Schemes: tel voicemail  Extras: null GroupId: [da39a3ee5e6b4b0d3255bfef95601890afd80709]] with handle: ComponentInfo{com.android.phone/com.android.services.telephony.TelephonyConnectionService}, [e0184adedf913b076626646d3f52c3b49c39ad6d], UserHandle{0}
02-20 21:12:22.187  1912  1912 I Telephony: PstnIncomingCallNotifier: Registering: Handler (com.android.internal.telephony.GsmCdmaPhone) {5ffcf5c}
02-20 21:12:22.223  2269  2269 W art     : Unexpected CPU variant for X86 using defaults: x86
02-20 21:12:22.226  2244  2244 I GservicesProvider: Gservices pushing to system: true; secure/global: true
02-20 21:12:22.230  1677  2202 I am_proc_start: [0,2269,10029,com.google.android.googlequicksearchbox:search,service,com.google.android.googlequicksearchbox/com.google.android.apps.gsa.nowoverlayservice.DrawerOverlayService]
02-20 21:12:22.230  1677  2202 I ActivityManager: Start proc 2269:com.google.android.googlequicksearchbox:search/u0a29 for service com.google.android.googlequicksearchbox/com.google.android.apps.gsa.nowoverlayservice.DrawerOverlayService
02-20 21:12:22.262  2153  2153 W System  : ClassLoader referenced unknown path: /system/app/PrebuiltDeskClockGoogle/lib/x86_64
02-20 21:12:21.551     0     0 D ieee80211 phy0: hw scan complete
02-20 21:12:21.551     0     0 D ieee80211 phy0: hwsim hw_scan request
02-20 21:12:21.551     0     0 D ieee80211 phy0: hw scan 5180 MHz
02-20 21:12:22.354  1677  2202 W art     : Long monitor contention with owner Binder:1677_7 (2094) at android.content.IIntentSender com.android.server.am.ActivityManagerService.getIntentSender(int, java.lang.String, android.os.IBinder, java.lang.String, int, android.content.Intent[], java.lang.String[], int, android.os.Bundle, int)(ActivityManagerService.java:7103) waiters=2 in void com.android.server.am.ActivityManagerService.reportSizeConfigurations(android.os.IBinder, int[], int[], int[]) for 104ms
02-20 21:12:22.354  2244  2244 I GoogleHttpClient: GMS http client unavailable, use old client
02-20 21:12:22.355  1912  1912 I Telephony: TelecomAccountRegistry: Unregistering phone account ComponentInfo{com.android.phone/com.android.services.telephony.TelephonyConnectionService}, [e2f7d48dd2b5ca523e7313cf4ba0f6ea830b6281], UserHandle{0}.
02-20 21:12:22.380  1677  1688 I dvm_lock_sample: [system_server,1,Binder:1677_1,40,ActivityManagerService.java,17547,-,17301,8]
02-20 21:12:22.380  1677  2202 I dvm_lock_sample: [system_server,1,Binder:1677_9,104,ActivityManagerService.java,6974,-,7103,20]
02-20 21:12:22.383  1677  1848 I dvm_lock_sample: [system_server,0,Binder:1677_4,15,ActivityManagerService.java,17339,-,17301,3]
02-20 21:12:22.383  1677  2199 I am_proc_bound: [0,2269,com.google.android.googlequicksearchbox:search]
02-20 21:12:22.388  1677  1689 I Telecom : : Sending phone-account unregistered intent as user: TSI.uPA@AAY
02-20 21:12:22.399  1763  1763 I Choreographer: Skipped 60 frames!  The application may be doing too much work on its main thread.
02-20 21:12:21.683     0     0 D ieee80211 phy0: hw scan 5200 MHz
02-20 21:12:22.448  1677  1691 W art     : Long monitor contention with owner Binder:1677_7 (2094) at android.content.IIntentSender com.android.server.am.ActivityManagerService.getIntentSender(int, java.lang.String, android.os.IBinder, java.lang.String, int, android.content.Intent[], java.lang.String[], int, android.os.Bundle, int)(ActivityManagerService.java:7103) waiters=4 in void com.android.server.am.ActivityManagerService$MainHandler.handleMessage(android.os.Message) for 106ms
02-20 21:12:22.448  1677  1691 I dvm_lock_sample: [system_server,1,ActivityManager,106,ActivityManagerService.java,1998,-,7103,21]
02-20 21:12:22.460  1677  1692 V KeyguardServiceDelegate: *** Keyguard connected (yay!)
02-20 21:12:22.462  1912  1912 D DCT     : [0]onDataConnectionAttached
02-20 21:12:22.462  1912  1912 D DCT     : [0]isDataAllowed: No - SIM not loaded
02-20 21:12:22.479  2170  2170 I am_on_resume_called: [0,com.google.android.apps.nexuslauncher.NexusLauncherActivity,LAUNCH_ACTIVITY]
02-20 21:12:22.491  1763  1763 D ViewRootImpl[StatusBar]: changeCanvasOpacity: opaque=true
02-20 21:12:21.800     0     0 D ieee80211 phy0: hw scan 5220 MHz
02-20 21:12:21.920     0     0 D ieee80211 phy0: hw scan 5240 MHz
02-20 21:12:22.497  2170  2232 V GridSizeMigrationTask: Workspace migration completed in 352
02-20 21:12:22.498  2170  2232 D Launcher.Model: loadWorkspace: loading default favorites
02-20 21:12:22.558  1912  1912 D DCT     : [0]setupDataOnConnectableApns: dataAttached hipri:[state=IDLE,enabled=false] mms:[state=IDLE,enabled=false] supl:[state=IDLE,enabled=false] ia:[state=IDLE,enabled=false] fota:[state=IDLE,enabled=false] ims:[state=IDLE,enabled=false] cbs:[state=IDLE,enabled=false] default:[state=IDLE,enabled=false] emergency:[state=IDLE,enabled=false] 
02-20 21:12:22.558  1912  1912 D DCT     : [0]setupDataOnConnectableApns: nwTypeChanged hipri:[state=IDLE,enabled=false] mms:[state=IDLE,enabled=false] supl:[state=IDLE,enabled=false] ia:[state=IDLE,enabled=false] fota:[state=IDLE,enabled=false] ims:[state=IDLE,enabled=false] cbs:[state=IDLE,enabled=false] default:[state=IDLE,enabled=false] emergency:[state=IDLE,enabled=false] 
02-20 21:12:22.558  1912  1912 D UiccCardApplication: Error in querying facility lock:com.android.internal.telephony.CommandException: REQUEST_NOT_SUPPORTED
02-20 21:12:22.558  1912  1912 D UiccCardApplication: Error in querying facility lock:com.android.internal.telephony.CommandException: REQUEST_NOT_SUPPORTED
02-20 21:12:22.558  1912  1912 D SIMRecords: [SIMRecords] fetchSimRecords 0
02-20 21:12:22.559  1912  1912 D RILJ    : [3688]> getIMSI: GET_IMSI aid: null [SUB0]
02-20 21:12:22.559  1374  1481 D RIL     : onRequest: GET_IMSI
02-20 21:12:22.559  1374  1481 D AT      : AT> AT+CIMI
02-20 21:12:22.559  1374  1483 D AT      : AT< 310260000000000
02-20 21:12:22.559  1374  1483 D AT      : AT< OK
02-20 21:12:22.559  1912  2004 D RILJ    : [3688]< GET_IMSI  [SUB0]
02-20 21:12:22.565  1912  1912 D RILJ    : [3689]> iccIO: SIM_IO 0xc0 0x2fe2  path: 3F00,0,0,15 aid: null [SUB0]
02-20 21:12:22.566  1374  1481 D RIL     : onRequest: SIM_IO
02-20 21:12:22.566  1374  1481 D AT      : AT> AT+CRSM=192,12258,0,0,15
02-20 21:12:22.566  1374  1483 D AT      : AT< +CRSM: 144,0,0000000a2fe204000fa0aa01020000
02-20 21:12:22.566  1374  1483 D AT      : AT< OK
02-20 21:12:22.566  1912  2004 D RILJ    : [3689]< SIM_IO IccIoResponse sw1:0x90 sw2:0x0 [SUB0]
02-20 21:12:22.569  1313  1358 E SurfaceFlinger: ro.sf.lcd_density must be defined as a build property
02-20 21:12:22.574  2170  2170 D         : HostConnection::get() New Host Connection established 0x718cee9cfae0, tid 2170
02-20 21:12:22.611  1912  1912 D RILJ    : [3690]> iccIO: SIM_IO 0xc0 0x6f40  path: 3F007F10,0,0,15 aid: null [SUB0]
02-20 21:12:22.613  1374  1481 D RIL     : onRequest: SIM_IO
02-20 21:12:22.613  1374  1481 D AT      : AT> AT+CRSM=192,28480,0,0,15
02-20 21:12:22.613  1374  1483 D AT      : AT< +CRSM: 144,0,000000806f40040011a0aa01020120
02-20 21:12:22.613  1374  1483 D AT      : AT< OK
02-20 21:12:22.614  1912  2004 D RILJ    : [3690]< SIM_IO IccIoResponse sw1:0x90 sw2:0x0 [SUB0]
02-20 21:12:22.617  1912  1912 D RILJ    : [3691]> iccIO: SIM_IO 0xc0 0x6fc9  path: 3F007F20,0,0,15 aid: null [SUB0]
02-20 21:12:22.625  1374  1481 D RIL     : onRequest: SIM_IO
02-20 21:12:22.625  1374  1481 D AT      : AT> AT+CRSM=192,28617,0,0,15
02-20 21:12:22.625  1374  1483 D AT      : AT< +CRSM: 144,0,000000086fc9040011a0aa01020104
02-20 21:12:22.625  1374  1483 D AT      : AT< OK
02-20 21:12:22.625  1912  2004 D RILJ    : [3691]< SIM_IO IccIoResponse sw1:0x90 sw2:0x0 [SUB0]
02-20 21:12:22.628  1912  1912 D RILJ    : [3692]> iccIO: SIM_IO 0xc0 0x6fad  path: 3F007F20,0,0,15 aid: null [SUB0]
02-20 21:12:22.630  2170  2170 I Choreographer: Skipped 30 frames!  The application may be doing too much work on its main thread.
02-20 21:12:22.633  1374  1481 D RIL     : onRequest: SIM_IO
02-20 21:12:22.633  1374  1481 D AT      : AT> AT+CRSM=192,28589,0,0,15
02-20 21:12:22.633  1374  1483 D AT      : AT< +CRSM: 144,0,000000046fad04000aa0aa01020000
02-20 21:12:22.633  1374  1483 D AT      : AT< OK
02-20 21:12:22.633  1912  2004 D RILJ    : [3692]< SIM_IO IccIoResponse sw1:0x90 sw2:0x0 [SUB0]
02-20 21:12:22.637  1912  1912 D RILJ    : [3693]> iccIO: SIM_IO 0xc0 0x6fca  path: 3F007F20,0,0,15 aid: null [SUB0]
02-20 21:12:22.637  1374  1481 D RIL     : onRequest: SIM_IO
02-20 21:12:22.637  1374  1481 D AT      : AT> AT+CRSM=192,28618,0,0,15
02-20 21:12:22.637  1374  1483 D AT      : AT< +CRSM: 144,0,0000000a6fca040011a0aa01020105
02-20 21:12:22.637  1374  1483 D AT      : AT< OK
02-20 21:12:22.638  1912  2004 D RILJ    : [3693]< SIM_IO IccIoResponse sw1:0x90 sw2:0x0 [SUB0]
02-20 21:12:22.638  1912  1912 D RILJ    : [3694]> iccIO: SIM_IO 0xc0 0x6f11  path: 3F007F20,0,0,15 aid: null [SUB0]
02-20 21:12:22.638  1374  1481 D RIL     : onRequest: SIM_IO
02-20 21:12:22.638  1374  1481 D AT      : AT> AT+CRSM=192,28433,0,0,15
02-20 21:12:22.638  1912  1912 D RILJ    : [3695]> iccIO: SIM_IO 0xc0 0x6fcb  path: 3F007F20,0,0,15 aid: null [SUB0]
02-20 21:12:22.638  1374  1483 D AT      : AT< +CRSM: 144,0,000000016f11040011a0aa01020000
02-20 21:12:22.638  1374  1483 D AT      : AT< OK
02-20 21:12:22.638  1912  2004 D RILJ    : [3694]< SIM_IO IccIoResponse sw1:0x90 sw2:0x0 [SUB0]
02-20 21:12:22.639  1374  1481 D RIL     : onRequest: SIM_IO
02-20 21:12:22.639  1374  1481 D AT      : AT> AT+CRSM=192,28619,0,0,15
02-20 21:12:22.639  1912  1912 D RILJ    : [3696]> iccIO: SIM_IO 0xc0 0x6f13  path: 3F007F20,0,0,15 aid: null [SUB0]
02-20 21:12:22.639  1374  1483 D AT      : AT< ERROR: BAD COMMAND
02-20 21:12:22.639  1912  2004 D RilRequest: [3695]< SIM_IO error: com.android.internal.telephony.CommandException: GENERIC_FAILURE ret=
02-20 21:12:22.639  1374  1481 D RIL     : onRequest: SIM_IO
02-20 21:12:22.639  1374  1481 D AT      : AT> AT+CRSM=192,28435,0,0,15
02-20 21:12:22.639  1374  1483 D AT      : AT< +CRSM: 144,0,000000016f13040011a0aa01020000
02-20 21:12:22.639  1374  1483 D AT      : AT< OK
02-20 21:12:22.640  1912  2004 D RILJ    : [3696]< SIM_IO IccIoResponse sw1:0x90 sw2:0x0 [SUB0]
02-20 21:12:22.640  1912  1912 D RILJ    : [3697]> iccIO: SIM_IO 0xc0 0x6f46  path: 3F007F20,0,0,15 aid: null [SUB0]
02-20 21:12:22.640  1374  1481 D RIL     : onRequest: SIM_IO
02-20 21:12:22.640  1374  1481 D AT      : AT> AT+CRSM=192,28486,0,0,15
02-20 21:12:22.640  1374  1483 D AT      : AT< +CRSM: 148,4
02-20 21:12:22.640  1374  1483 D AT      : AT< OK
02-20 21:12:22.640  1912  2004 D RILJ    : [3697]< SIM_IO IccIoResponse sw1:0x94 sw2:0x4 [SUB0]
02-20 21:12:22.640  1912  1912 D RILJ    : [3698]> iccIO: SIM_IO 0xc0 0x6fcd  path: 3F007F20,0,0,15 aid: null [SUB0]
02-20 21:12:22.641  1374  1481 D RIL     : onRequest: SIM_IO
02-20 21:12:22.641  1374  1481 D AT      : AT> AT+CRSM=192,28621,0,0,15
02-20 21:12:22.641  1374  1483 D AT      : AT< +CRSM: 148,4
02-20 21:12:22.641  1374  1483 D AT      : AT< OK
02-20 21:12:22.641  1912  2004 D RILJ    : [3698]< SIM_IO IccIoResponse sw1:0x94 sw2:0x4 [SUB0]
02-20 21:12:22.641  1912  1912 D RILJ    : [3699]> iccIO: SIM_IO 0xc0 0x6fc5  path: 3F007F20,0,0,15 aid: null [SUB0]
02-20 21:12:22.641  1374  1481 D RIL     : onRequest: SIM_IO
02-20 21:12:22.641  1374  1481 D AT      : AT> AT+CRSM=192,28613,0,0,15
02-20 21:12:22.641  1374  1483 D AT      : AT< +CRSM: 144,0,000000f06fc504000aa0aa01020118
02-20 21:12:22.641  1374  1483 D AT      : AT< OK
02-20 21:12:22.641  1912  2004 D RILJ    : [3699]< SIM_IO IccIoResponse sw1:0x90 sw2:0x0 [SUB0]
02-20 21:12:22.642  1912  1912 D RILJ    : [3700]> iccIO: SIM_IO 0xc0 0x6f38  path: 3F007F20,0,0,15 aid: null [SUB0]
02-20 21:12:22.643  1374  1481 D RIL     : onRequest: SIM_IO
02-20 21:12:22.643  1374  1481 D AT      : AT> AT+CRSM=192,28472,0,0,15
02-20 21:12:22.643  1374  1483 D AT      : AT< +CRSM: 144,0,0000000f6f3804001aa0aa01020000
02-20 21:12:22.644  1374  1483 D AT      : AT< OK
02-20 21:12:22.644  1912  2004 D RILJ    : [3700]< SIM_IO IccIoResponse sw1:0x90 sw2:0x0 [SUB0]
02-20 21:12:22.645  1912  1912 D RILJ    : [3701]> iccIO: SIM_IO 0xc0 0x6f16  path: 3F007F20,0,0,15 aid: null [SUB0]
02-20 21:12:22.647  1374  1481 D RIL     : onRequest: SIM_IO
02-20 21:12:22.647  1374  1481 D AT      : AT> AT+CRSM=192,28438,0,0,15
02-20 21:12:22.648  1374  1483 D AT      : AT< +CRSM: 144,0,000000026f1604001aa0aa01020000
02-20 21:12:22.648  1374  1483 D AT      : AT< OK
02-20 21:12:22.648  1912  2004 D RILJ    : [3701]< SIM_IO IccIoResponse sw1:0x90 sw2:0x0 [SUB0]
02-20 21:12:22.648  1912  1912 D RILJ    : [3702]> iccIO: SIM_IO 0xc0 0x6f15  path: 3F007F20,0,0,15 aid: null [SUB0]
02-20 21:12:22.649  1374  1481 D RIL     : onRequest: SIM_IO
02-20 21:12:22.649  1374  1481 D AT      : AT> AT+CRSM=192,28437,0,0,15
02-20 21:12:22.649  1374  1483 D AT      : AT< ERROR: BAD COMMAND
02-20 21:12:22.652  1912  2004 D RilRequest: [3702]< SIM_IO error: com.android.internal.telephony.CommandException: GENERIC_FAILURE ret=
02-20 21:12:22.653  1912  1912 D RILJ    : [3703]> iccIO: SIM_IO 0xc0 0x6f3e  path: 3F007F20,0,0,15 aid: null [SUB0]
02-20 21:12:22.658  1374  1481 D RIL     : onRequest: SIM_IO
02-20 21:12:22.658  1374  1481 D AT      : AT> AT+CRSM=192,28478,0,0,15
02-20 21:12:22.658  1374  1483 D AT      : AT< ERROR: BAD COMMAND
02-20 21:12:22.658  1912  2004 D RilRequest: [3703]< SIM_IO error: com.android.internal.telephony.CommandException: GENERIC_FAILURE ret=
02-20 21:12:22.684  1912  1912 D RILJ    : [3704]> iccIO: SIM_IO 0xc0 0x6f3f  path: 3F007F20,0,0,15 aid: null [SUB0]
02-20 21:12:22.697  1912  1912 D SIMRecords: [SIMRecords] fetchSimRecords 17 requested: true
02-20 21:12:22.697  1912  1912 E IccCardProxy: setExternalState: set mPhoneId=0 mExternalState=READY
02-20 21:12:22.697  1912  1912 D TelephonyManager: setTelephonyProperty: success phoneId=0 property=gsm.sim.state value: READY propVal=READY
02-20 21:12:22.697  1374  1481 D RIL     : onRequest: SIM_IO
02-20 21:12:22.697  1374  1481 D AT      : AT> AT+CRSM=192,28479,0,0,15
02-20 21:12:22.697  1374  1483 D AT      : AT< ERROR: BAD COMMAND
02-20 21:12:22.697  1912  1912 D IccCardProxy: broadcastIccStateChangedIntent intent ACTION_SIM_STATE_CHANGED value=READY reason=null for mPhoneId=0
02-20 21:12:22.697  1912  2004 D RilRequest: [3704]< SIM_IO error: com.android.internal.telephony.CommandException: GENERIC_FAILURE ret=
02-20 21:12:22.699  1912  1912 D RILJ    : [3705]> OPERATOR [SUB0]
02-20 21:12:22.706  1912  1912 D RILJ    : [3706]> DATA_REGISTRATION_STATE [SUB0]
02-20 21:12:22.706  1374  1481 D RIL     : onRequest: OPERATOR
02-20 21:12:22.706  1374  1481 D AT      : AT> AT+COPS=3,0;+COPS?;+COPS=3,1;+COPS?;+COPS=3,2;+COPS?
02-20 21:12:22.709  1912  1912 D RILJ    : [3707]> VOICE_REGISTRATION_STATE [SUB0]
02-20 21:12:22.709  1374  1483 D AT      : AT< +COPS: 0,0,"Android"
02-20 21:12:22.709  1374  1483 D AT      : AT< +COPS: 0,1,"Android"
02-20 21:12:22.709  1374  1483 D AT      : AT< +COPS: 0,2,"310260"
02-20 21:12:22.709  1374  1483 D AT      : AT< OK
02-20 21:12:22.709  1912  1912 D RILJ    : [3708]> QUERY_NETWORK_SELECTION_MODE [SUB0]
02-20 21:12:22.709  1374  1481 D RIL     : onRequest: DATA_REGISTRATION_STATE
02-20 21:12:22.709  1374  1481 D RIL     : requestRegistrationState
02-20 21:12:22.709  1374  1481 D AT      : AT> AT+CGREG?
02-20 21:12:22.710  1912  2004 D RILJ    : [3705]< OPERATOR {Android, Android, 310260} [SUB0]
02-20 21:12:22.711  1912  1912 D UiccCardApplication: Error in querying facility lock:com.android.internal.telephony.CommandException: REQUEST_NOT_SUPPORTED
02-20 21:12:22.711  1912  1912 D UiccCardApplication: Error in querying facility lock:com.android.internal.telephony.CommandException: REQUEST_NOT_SUPPORTED
02-20 21:12:22.711  1912  1912 D RuimRecords: [RuimRecords] fetchRuimRecords 0
02-20 21:12:22.711  1912  1912 D RILJ    : [3709]> getIMSI: GET_IMSI aid: null [SUB0]
02-20 21:12:22.711  1912  1912 D RILJ    : [3710]> iccIO: SIM_IO 0xc0 0x2fe2  path: 3F00,0,0,15 aid: null [SUB0]
02-20 21:12:22.711  1374  1483 D AT      : AT< +CGREG: 1,1,"0003","005b","000e"
02-20 21:12:22.711  1374  1483 D AT      : AT< OK
02-20 21:12:22.711  1374  1481 D RIL     : parseRegistrationState. Parsing: +CGREG: 1,1,"0003","005b","000e"
02-20 21:12:22.711  1374  1481 D RIL     : registration state type: 3GPP
02-20 21:12:22.711  1374  1481 D RIL     : onRequest: VOICE_REGISTRATION_STATE
02-20 21:12:22.711  1374  1481 D RIL     : requestRegistrationState
02-20 21:12:22.711  1374  1481 D AT      : AT> AT+CREG?
02-20 21:12:22.711  1912  2004 D RILJ    : [3706]< DATA_REGISTRATION_STATE {1, 3, 5b, 14, null, null} [SUB0]
02-20 21:12:22.712  1912  1912 D RILJ    : [3711]> iccIO: SIM_IO 0xc0 0x2f05  path: 3F00,0,0,15 aid: null [SUB0]
02-20 21:12:22.712  1374  1483 D AT      : AT< +CREG: 2,1, "0003", "005b"
02-20 21:12:22.712  1374  1483 D AT      : AT< OK
02-20 21:12:22.712  1374  1481 D RIL     : parseRegistrationState. Parsing: +CREG: 2,1, "0003", "005b"
02-20 21:12:22.712  1374  1481 D RIL     : registration state type: 3GPP
02-20 21:12:22.712  1374  1481 D RIL     : onRequest: QUERY_NETWORK_SELECTION_MODE
02-20 21:12:22.712  1374  1481 D AT      : AT> AT+COPS?
02-20 21:12:22.712  1912  1912 D RILJ    : [3712]> iccIO: SIM_IO 0xc0 0x6f3a  path: 3F007F25,0,0,15 aid: null [SUB0]
02-20 21:12:22.712  1912  2004 D RILJ    : [3707]< VOICE_REGISTRATION_STATE {1, 3, 5b, 0, null, null, null, null, null, null, null, null, null, null, null} [SUB0]
02-20 21:12:22.712  1374  1483 D AT      : AT< +COPS: 0,2,310260
02-20 21:12:22.712  1374  1483 D AT      : AT< OK
02-20 21:12:22.713  1912  1912 D RILJ    : [3713]> iccIO: SIM_IO 0xc0 0x6f41  path: 3F007F25,0,0,15 aid: null [SUB0]
02-20 21:12:22.713  1374  1481 D RIL     : onRequest: GET_IMSI
02-20 21:12:22.713  1374  1481 D AT      : AT> AT+CIMI
02-20 21:12:22.713  1912  1912 D RILJ    : [3714]> iccIO: SIM_IO 0xc0 0x6f44  path: 3F007F25,0,0,15 aid: null [SUB0]
02-20 21:12:22.714  1912  1912 D RILJ    : [3715]> iccIO: SIM_IO 0xc0 0x6f22  path: 3F007F25,0,0,15 aid: null [SUB0]
02-20 21:12:22.714  1374  1483 D AT      : AT< 310260000000000
02-20 21:12:22.714  1374  1483 D AT      : AT< OK
02-20 21:12:22.714  1374  1481 D RIL     : onRequest: SIM_IO
02-20 21:12:22.714  1912  1912 D RILJ    : [3716]> iccIO: SIM_IO 0xc0 0x6f28  path: 3F007F25,0,0,15 aid: null [SUB0]
02-20 21:12:22.715  1912  1912 D RILJ    : [3717]> iccIO: SIM_IO 0xb0 0x6f5a  path: 3F007F25,0,0,4 aid: null [SUB0]
02-20 21:12:22.715  1912  2004 D RILJ    : [3708]< QUERY_NETWORK_SELECTION_MODE {0} [SUB0]
02-20 21:12:22.715  1912  1912 D RILJ    : [3718]> iccIO: SIM_IO 0xc0 0x6f4d  path: 3F007F25,0,0,15 aid: null [SUB0]
02-20 21:12:22.715  1912  2004 D RILJ    : [3709]< GET_IMSI  [SUB0]
02-20 21:12:22.714  1374  1481 D AT      : AT> AT+CRSM=192,12258,0,0,15
02-20 21:12:22.716  1374  1483 D AT      : AT< +CRSM: 144,0,0000000a2fe204000fa0aa01020000
02-20 21:12:22.716  1374  1483 D AT      : AT< OK
02-20 21:12:22.716  1374  1481 D RIL     : onRequest: SIM_IO
02-20 21:12:22.716  1374  1481 D AT      : AT> AT+CRSM=192,12037,0,0,15
02-20 21:12:22.716  1912  1912 D RuimRecords: [RuimRecords] fetchRuimRecords 10 requested: true
02-20 21:12:22.716  1912  1912 D RILJ    : [3719]> RIL_REQUEST_CDMA_SUBSCRIPTION [SUB0]
02-20 21:12:22.716  1912  2004 D RILJ    : [3710]< SIM_IO IccIoResponse sw1:0x90 sw2:0x0 [SUB0]
02-20 21:12:22.716  1374  1483 D AT      : AT< ERROR: BAD COMMAND
02-20 21:12:22.716  1374  1481 D RIL     : onRequest: SIM_IO
02-20 21:12:22.716  1374  1481 D AT      : AT> AT+CRSM=192,28474,0,0,15
02-20 21:12:22.720  1374  1483 D AT      : AT< ERROR: BAD COMMAND
02-20 21:12:22.721  1374  1481 D RIL     : onRequest: SIM_IO
02-20 21:12:22.721  1374  1481 D AT      : AT> AT+CRSM=192,28481,0,0,15
02-20 21:12:22.739  1374  1483 D AT      : AT< ERROR: BAD COMMAND
02-20 21:12:22.739  1374  1481 D RIL     : onRequest: SIM_IO
02-20 21:12:22.739  1374  1481 D AT      : AT> AT+CRSM=192,28484,0,0,15
02-20 21:12:22.739  1374  1483 D AT      : AT< ERROR: BAD COMMAND
02-20 21:12:22.739  1374  1481 D RIL     : onRequest: SIM_IO
02-20 21:12:22.739  1374  1481 D AT      : AT> AT+CRSM=192,28450,0,0,15
02-20 21:12:22.741  1374  1483 D AT      : AT< ERROR: BAD COMMAND
02-20 21:12:22.741  1374  1481 D RIL     : onRequest: SIM_IO
02-20 21:12:22.741  1374  1481 D AT      : AT> AT+CRSM=192,28456,0,0,15
02-20 21:12:22.743  2170  2301 D         : HostConnection::get() New Host Connection established 0x718cf121d9c0, tid 2301
02-20 21:12:22.744  1374  1483 D AT      : AT< ERROR: BAD COMMAND
02-20 21:12:22.744  1374  1481 D RIL     : onRequest: SIM_IO
02-20 21:12:22.744  1374  1481 D AT      : AT> AT+CRSM=176,28506,0,0,4
02-20 21:12:22.749  1374  1483 D AT      : AT< ERROR: BAD COMMAND
02-20 21:12:22.749  1374  1481 D RIL     : onRequest: SIM_IO
02-20 21:12:22.749  1374  1481 D AT      : AT> AT+CRSM=192,28493,0,0,15
02-20 21:12:22.749  1374  1483 D AT      : AT< ERROR: BAD COMMAND
02-20 21:12:22.754  2170  2301 I OpenGLRenderer: Initialized EGL, version 1.4
02-20 21:12:22.754  2170  2301 D OpenGLRenderer: Swap behavior 1
02-20 21:12:22.757  1912  2004 D RilRequest: [3711]< SIM_IO error: com.android.internal.telephony.CommandException: GENERIC_FAILURE ret=
02-20 21:12:22.757  1912  2004 D RilRequest: [3712]< SIM_IO error: com.android.internal.telephony.CommandException: GENERIC_FAILURE ret=
02-20 21:12:22.757  1912  2004 D RilRequest: [3713]< SIM_IO error: com.android.internal.telephony.CommandException: GENERIC_FAILURE ret=
02-20 21:12:22.757  1912  2004 D RilRequest: [3714]< SIM_IO error: com.android.internal.telephony.CommandException: GENERIC_FAILURE ret=
02-20 21:12:22.757  1912  2004 D RilRequest: [3715]< SIM_IO error: com.android.internal.telephony.CommandException: GENERIC_FAILURE ret=
02-20 21:12:22.757  1912  2004 D RilRequest: [3716]< SIM_IO error: com.android.internal.telephony.CommandException: GENERIC_FAILURE ret=
02-20 21:12:22.757  1912  2004 D RilRequest: [3717]< SIM_IO error: com.android.internal.telephony.CommandException: GENERIC_FAILURE ret=
02-20 21:12:22.758  1912  2004 D RilRequest: [3718]< SIM_IO error: com.android.internal.telephony.CommandException: GENERIC_FAILURE ret=
02-20 21:12:22.758  1374  1481 D RIL     : onRequest: CDMA_SUBSCRIPTION
02-20 21:12:22.758  1374  1481 D RIL     : Request not supported. Tech: 1
02-20 21:12:22.767  2091  2091 W System  : ClassLoader referenced unknown path: /system/priv-app/PrebuiltGmsCore/lib/x86_64
02-20 21:12:22.767  2091  2091 W System  : ClassLoader referenced unknown path: /system/priv-app/PrebuiltGmsCore/lib/x86_64
02-20 21:12:22.770  1912  2004 D RilRequest: [3719]< RIL_REQUEST_CDMA_SUBSCRIPTION error: com.android.internal.telephony.CommandException: REQUEST_NOT_SUPPORTED ret=
02-20 21:12:22.770  1912  1912 D GsmSMSDispatcher: GsmSMSDispatcher: subId = -2 slotId = 0
02-20 21:12:22.770  1912  1912 E IccCardProxy: setExternalState: !override and newstate unchanged from READY
02-20 21:12:22.770  1912  1912 D CAT     : CatService: handleMessage[8]
02-20 21:12:22.770  1912  1912 D CAT     : CatService: MSG_ID_ICC_CHANGED
02-20 21:12:22.770  1912  1912 D CAT     : CatService: New Card State = CARDSTATE_PRESENT Old Card State = CARDSTATE_PRESENT
02-20 21:12:22.771  1912  1912 E PhoneInterfaceManager: [PhoneIntfMgr] getIccId: No UICC
02-20 21:12:22.773  1912  1930 D SubscriptionController: [getActiveSubInfoList] Sub Controller not ready
02-20 21:12:22.040     0     0 D ieee80211 phy0: hw scan 5745 MHz
02-20 21:12:22.781  2170  2301 D EGL_emulation: eglCreateContext: 0x718cf1241aa0: maj 3 min 0 rcv 3
02-20 21:12:22.785  1677  1690 W art     : Long monitor contention with owner main (1677) at void com.android.server.pm.UserManagerService$MainHandler.handleMessage(android.os.Message)(UserManagerService.java:3290) waiters=3 in android.content.pm.ApplicationInfo com.android.server.pm.PackageManagerService.getApplicationInfo(java.lang.String, int, int) for 358ms
02-20 21:12:22.785  1677  1690 I dvm_lock_sample: [system_server,0,android.bg,358,PackageManagerService.java,3338,UserManagerService.java,3290,71]
02-20 21:12:22.792  2091  2091 W System  : ClassLoader referenced unknown path: /system/priv-app/PrebuiltGmsCore/lib/x86_64
02-20 21:12:22.792  2091  2091 W System  : ClassLoader referenced unknown path: /system/priv-app/PrebuiltGmsCore/lib/x86_64
02-20 21:12:22.801  2170  2301 D EGL_emulation: eglMakeCurrent: 0x718cf1241aa0: ver 3 0 (tinfo 0x718cf120c7e0)
02-20 21:12:22.167     0     0 D ieee80211 phy0: hw scan 5765 MHz
02-20 21:12:22.819  1677  2199 I Telecom : PhoneAccountRegistrar: [ComponentInfo{com.android.phone/com.android.services.telephony.TelephonyConnectionService}, [e0184adedf913b076626646d3f52c3b49c39ad6d], UserHandle{0}(icon: Icon(typ=BITMAP size=76x96) -> Icon(typ=BITMAP size=76x96))]: TSI.rPA@AAg
02-20 21:12:22.831  2091  2091 W linker  : /data/user_de/0/com.google.android.gms/app_extracted_libs/x86_64/libconscrypt_gmscore_jni.so: unused DT entry: type 0xf arg 0x12a
02-20 21:12:22.836  1677  2199 I Telecom : : Sending phone-account registered intent as user: TSI.rPA@AAg
02-20 21:12:22.842  1912  1912 D SIMRecords: [SIMRecords] IMSI: mMncLength=-1
02-20 21:12:22.842  1912  1912 D SIMRecords: [SIMRecords] IMSI: 310260[D1jVpVFfGoqdF5qliFi2ey-KM4g]
02-20 21:12:22.842  1912  1912 D SIMRecords: [SIMRecords] onRecordLoaded 16 requested: true
02-20 21:12:22.842  1912  1912 D RILJ    : [3720]> iccIO: SIM_IO 0xb0 0x2fe2  path: 3F00,0,0,10 aid: null [SUB0]
02-20 21:12:22.846  2091  2091 V NativeCrypto: Registering com/google/android/gms/org/conscrypt/NativeCrypto's 276 native methods...
02-20 21:12:22.848  1912  1912 D RILJ    : [3721]> iccIO: SIM_IO 0xb2 0x6f40  path: 3F007F10,1,4,32 aid: null [SUB0]
02-20 21:12:22.848  1374  1481 D RIL     : onRequest: SIM_IO
02-20 21:12:22.849  1374  1481 D AT      : AT> AT+CRSM=176,12258,0,0,10
02-20 21:12:22.849  1912  1912 D RILJ    : [3722]> iccIO: SIM_IO 0xb2 0x6fc9  path: 3F007F20,1,4,4 aid: null [SUB0]
02-20 21:12:22.849  1912  1912 D RILJ    : [3723]> iccIO: SIM_IO 0xb0 0x6fad  path: 3F007F20,0,0,4 aid: null [SUB0]
02-20 21:12:22.849  1912  1912 D RILJ    : [3724]> iccIO: SIM_IO 0xb2 0x6fca  path: 3F007F20,1,4,5 aid: null [SUB0]
02-20 21:12:22.849  1374  1483 D AT      : AT< +CRSM: 144,0,98101430121181157002
02-20 21:12:22.849  1374  1483 D AT      : AT< OK
02-20 21:12:22.849  1912  1912 D RILJ    : [3725]> iccIO: SIM_IO 0xb0 0x6f11  path: 3F007F20,0,0,1 aid: null [SUB0]
02-20 21:12:22.849  1912  1912 D RILJ    : [3726]> iccIO: SIM_IO 0xb0 0x6f13  path: 3F007F20,0,0,1 aid: null [SUB0]
02-20 21:12:22.850  1374  1481 D RIL     : onRequest: SIM_IO
02-20 21:12:22.850  1374  1481 D AT      : AT> AT+CRSM=178,28480,1,4,32
02-20 21:12:22.850  1912  1912 D RILJ    : [3727]> iccIO: SIM_IO 0xb2 0x6fc5  path: 3F007F20,1,4,24 aid: null [SUB0]
02-20 21:12:22.850  1912  2004 D RILJ    : [3720]< SIM_IO IccIoResponse sw1:0x90 sw2:0x0 [SUB0]
02-20 21:12:22.850  1912  1912 D RILJ    : [3728]> iccIO: SIM_IO 0xb0 0x6f38  path: 3F007F20,0,0,15 aid: null [SUB0]
02-20 21:12:22.851  1912  1912 D RILJ    : [3729]> iccIO: SIM_IO 0xb0 0x6f16  path: 3F007F20,0,0,2 aid: null [SUB0]
02-20 21:12:22.851  1912  1912 D SubscriptionInfoUpdater: [Receiver]+
02-20 21:12:22.851  1912  1912 D SubscriptionInfoUpdater: Action: android.intent.action.SIM_STATE_CHANGED
02-20 21:12:22.851  1912  1912 D SubscriptionInfoUpdater: slotId: 0
02-20 21:12:22.851  1912  1912 D SubscriptionInfoUpdater: simStatus: READY
02-20 21:12:22.852  1912  1912 D SubscriptionInfoUpdater: Ignoring simStatus: READY
02-20 21:12:22.852  1912  1912 D SubscriptionInfoUpdater: [Receiver]-
02-20 21:12:22.852  1912  1912 E SST     : error parsing GprsRegistrationState: java.lang.NumberFormatException: null
02-20 21:12:22.852  1912  1912 D SST     : handlPollStateResultMessage: GsmSST setDataRegState=0 regState=1 dataRadioTechnology=14
02-20 21:12:22.852  1912  1912 D SST     : EVENT_POLL_STATE_NETWORK_SELECTION_MODE
02-20 21:12:22.852  1912  1912 D SST     : Poll ServiceState done:  oldSS=[0 0 voice home data home Android Android 310260 Android Android 310260  Unknown LTE CSS not supported -1 -1 RoamInd=-1 DefRoamInd=-1 EmergOnly=false IsDataRoamingFromRegistration=false IsUsingCarrierAggregation=false] newSS=[0 0 voice home data home Android Android 310260 Android Android 310260  Unknown LTE CSS not supported -1 -1 RoamInd=-1 DefRoamInd=-1 EmergOnly=false IsDataRoamingFromRegistration=false IsUsingCarrierAggregation=false] oldMaxDataCalls=1 mNewMaxDataCalls=1 oldReasonDataDenied=-1 mNewReasonDataDenied=-1
02-20 21:12:22.852  1374  1483 D AT      : AT< +CRSM: 144,0,ffffffffffffffffffffffffffffffffffff07815155255155f4ffffffffffff
02-20 21:12:22.852  1374  1483 D AT      : AT< OK
02-20 21:12:22.852  1374  1481 D RIL     : onRequest: SIM_IO
02-20 21:12:22.852  1374  1481 D AT      : AT> AT+CRSM=178,28617,1,4,4
02-20 21:12:22.852  1374  1483 D AT      : AT< +CRSM: 144,0,01000000
02-20 21:12:22.852  1374  1483 D AT      : AT< OK
02-20 21:12:22.854  1912  1912 D RuimRecords: [RuimRecords] NO update mccmnc=310260
02-20 21:12:22.854  1912  1912 D RuimRecords: [RuimRecords] onRecordLoaded 9 requested: true
02-20 21:12:22.854  1912  1912 D RILJ    : [3730]> iccIO: SIM_IO 0xb0 0x2fe2  path: 3F00,0,0,10 aid: null [SUB0]
02-20 21:12:22.854  1912  2004 D RILJ    : [3721]< SIM_IO IccIoResponse sw1:0x90 sw2:0x0 [SUB0]
02-20 21:12:22.854  1374  1481 D RIL     : onRequest: SIM_IO
02-20 21:12:22.854  1374  1481 D AT      : AT> AT+CRSM=176,28589,0,0,4
02-20 21:12:22.858  2170  2301 D EGL_emulation: eglMakeCurrent: 0x718cf1241aa0: ver 3 0 (tinfo 0x718cf120c7e0)
02-20 21:12:22.859  1912  2004 D RILJ    : [3722]< SIM_IO IccIoResponse sw1:0x90 sw2:0x0 [SUB0]
02-20 21:12:22.861  1912  1912 D RILJ    : [3731]> RIL_REQUEST_SIM_CLOSE_CHANNEL [SUB0]
02-20 21:12:22.862  1374  1483 D AT      : AT< +CRSM: 144,0,00000003
02-20 21:12:22.862  1374  1483 D AT      : AT< OK
02-20 21:12:22.863  1374  1481 D RIL     : onRequest: SIM_IO
02-20 21:12:22.863  1374  1481 D AT      : AT> AT+CRSM=178,28618,1,4,5
02-20 21:12:22.864  1912  2004 D RILJ    : [3723]< SIM_IO IccIoResponse sw1:0x90 sw2:0x0 [SUB0]
02-20 21:12:22.865  1912  1912 D IccCardProxy: broadcastIccStateChangedIntent intent ACTION_SIM_STATE_CHANGED value=IMSI reason=null for mPhoneId=0
02-20 21:12:22.867  1912  1912 D SIMRecords: [SIMRecords] onRecordLoaded 15 requested: true
02-20 21:12:22.867  1912  1912 D RILJ    : [3732]> iccIO: SIM_IO 0xc0 0x6f14  path: 3F007F20,0,0,15 aid: null [SUB0]
02-20 21:12:22.867  1912  1912 D SIMRecords: [SIMRecords] onRecordLoaded 15 requested: true
02-20 21:12:22.867  1912  1912 D SIMRecords: [SIMRecords] onRecordLoaded 14 requested: true
02-20 21:12:22.868  1912  1912 E SIMRecords: [SIMRecords] Exception in fetching EF_CSP data com.android.internal.telephony.CommandException: GENERIC_FAILURE
02-20 21:12:22.868  1912  1912 D SIMRecords: [SIMRecords] onRecordLoaded 13 requested: true
02-20 21:12:22.868  1912  1912 E SIMRecords: [SIMRecords] Exception in get GID1 com.android.internal.telephony.CommandException: GENERIC_FAILURE
02-20 21:12:22.868  1912  1912 D SIMRecords: [SIMRecords] onRecordLoaded 12 requested: true
02-20 21:12:22.868  1912  1912 E SIMRecords: [SIMRecords] Exception in get GID2 com.android.internal.telephony.CommandException: GENERIC_FAILURE
02-20 21:12:22.868  1912  1912 D SIMRecords: [SIMRecords] onRecordLoaded 11 requested: true
02-20 21:12:22.868  1912  1912 D RuimRecords: [RuimRecords] EF_PL LOADED
02-20 21:12:22.868  1912  1912 E RuimRecords: [RuimRecords] Record Load Exception: com.android.internal.telephony.CommandException: GENERIC_FAILURE
02-20 21:12:22.868  1912  1912 D RuimRecords: [RuimRecords] onRecordLoaded 8 requested: true
02-20 21:12:22.868  1912  1912 D RuimRecords: [RuimRecords] EF_CSIM_LI LOADED
02-20 21:12:22.868  1912  1912 E RuimRecords: [RuimRecords] Record Load Exception: com.android.internal.telephony.CommandException: GENERIC_FAILURE
02-20 21:12:22.868  1912  1912 D RuimRecords: [RuimRecords] onRecordLoaded 7 requested: true
02-20 21:12:22.868  1912  1912 D RuimRecords: [RuimRecords] EF_CSIM_SPN LOADED
02-20 21:12:22.868  1912  1912 E RuimRecords: [RuimRecords] Record Load Exception: com.android.internal.telephony.CommandException: GENERIC_FAILURE
02-20 21:12:22.868  1912  1912 D RuimRecords: [RuimRecords] onRecordLoaded 6 requested: true
02-20 21:12:22.868  1912  1912 D RuimRecords: [RuimRecords] EF_CSIM_MDN LOADED
02-20 21:12:22.868  1912  1912 E RuimRecords: [RuimRecords] Record Load Exception: com.android.internal.telephony.CommandException: GENERIC_FAILURE
02-20 21:12:22.868  1912  1912 D RuimRecords: [RuimRecords] onRecordLoaded 5 requested: true
02-20 21:12:22.868  1912  1912 D RuimRecords: [RuimRecords] EF_CSIM_IMSIM LOADED
02-20 21:12:22.868  1912  1912 E RuimRecords: [RuimRecords] Record Load Exception: com.android.internal.telephony.CommandException: GENERIC_FAILURE
02-20 21:12:22.868  1912  1912 D RuimRecords: [RuimRecords] onRecordLoaded 4 requested: true
02-20 21:12:22.868  1912  1912 D RuimRecords: [RuimRecords] EF_CSIM_CDMAHOME LOADED
02-20 21:12:22.868  1912  1912 E RuimRecords: [RuimRecords] Record Load Exception: com.android.internal.telephony.CommandException: GENERIC_FAILURE
02-20 21:12:22.868  1912  1912 D RuimRecords: [RuimRecords] onRecordLoaded 3 requested: true
02-20 21:12:22.868  1912  1912 D RuimRecords: [RuimRecords] EF_CSIM_EPRL LOADED
02-20 21:12:22.868  1912  1912 E RuimRecords: [RuimRecords] Record Load Exception: com.android.internal.telephony.CommandException: GENERIC_FAILURE
02-20 21:12:22.868  1912  1912 D RuimRecords: [RuimRecords] onRecordLoaded 2 requested: true
02-20 21:12:22.868  1912  1912 D RuimRecords: [RuimRecords] EF_CSIM_MIPUPP LOADED
02-20 21:12:22.868  1912  1912 E RuimRecords: [RuimRecords] Record Load Exception: com.android.internal.telephony.CommandException: GENERIC_FAILURE
02-20 21:12:22.868  1912  1912 D RuimRecords: [RuimRecords] onRecordLoaded 1 requested: true
02-20 21:12:22.869  1374  1483 D AT      : AT< +CRSM: 144,0,0000000000
02-20 21:12:22.869  1374  1483 D AT      : AT< OK
02-20 21:12:22.870  1374  1481 D RIL     : onRequest: SIM_IO
02-20 21:12:22.870  1374  1481 D AT      : AT> AT+CRSM=176,28433,0,0,1
02-20 21:12:22.870  1912  2004 D RILJ    : [3724]< SIM_IO IccIoResponse sw1:0x90 sw2:0x0 [SUB0]
02-20 21:12:22.870  1374  1483 D AT      : AT< +CRSM: 144,0,55
02-20 21:12:22.870  1374  1483 D AT      : AT< OK
02-20 21:12:22.870  1374  1481 D RIL     : onRequest: SIM_IO
02-20 21:12:22.870  1374  1481 D AT      : AT> AT+CRSM=176,28435,0,0,1
02-20 21:12:22.870  1912  2004 D RILJ    : [3725]< SIM_IO IccIoResponse sw1:0x90 sw2:0x0 [SUB0]
02-20 21:12:22.871  1374  1483 D AT      : AT< +CRSM: 144,0,55
02-20 21:12:22.871  1374  1483 D AT      : AT< OK
02-20 21:12:22.871  1374  1481 D RIL     : onRequest: SIM_IO
02-20 21:12:22.871  1374  1481 D AT      : AT> AT+CRSM=178,28613,1,4,24
02-20 21:12:22.871  1912  2004 D RILJ    : [3726]< SIM_IO IccIoResponse sw1:0x90 sw2:0x0 [SUB0]
02-20 21:12:22.871  1374  1483 D AT      : AT< +CRSM: 144,0,43058441aa890affffffffffffffffffffffffffffffffff
02-20 21:12:22.872  1374  1483 D AT      : AT< OK
02-20 21:12:22.872  1374  1481 D RIL     : onRequest: SIM_IO
02-20 21:12:22.872  1374  1481 D AT      : AT> AT+CRSM=176,28472,0,0,15
02-20 21:12:22.872  1912  2004 D RILJ    : [3727]< SIM_IO IccIoResponse sw1:0x90 sw2:0x0 [SUB0]
02-20 21:12:22.873  1374  1483 D AT      : AT< +CRSM: 144,0,ff30ffff3c003c03000c0000f03f00
02-20 21:12:22.873  1374  1483 D AT      : AT< OK
02-20 21:12:22.873  1374  1481 D RIL     : onRequest: SIM_IO
02-20 21:12:22.873  1374  1481 D AT      : AT> AT+CRSM=176,28438,0,0,2
02-20 21:12:22.873  1374  1483 D AT      : AT< +CRSM: 144,0,0233
02-20 21:12:22.873  1912  2004 D RILJ    : [3728]< SIM_IO IccIoResponse sw1:0x90 sw2:0x0 [SUB0]
02-20 21:12:22.873  1374  1483 D AT      : AT< OK
02-20 21:12:22.873  1374  1481 D RIL     : onRequest: SIM_IO
02-20 21:12:22.873  1374  1481 D AT      : AT> AT+CRSM=176,12258,0,0,10
02-20 21:12:22.873  1912  2004 D RILJ    : [3729]< SIM_IO IccIoResponse sw1:0x90 sw2:0x0 [SUB0]
02-20 21:12:22.873  1374  1483 D AT      : AT< +CRSM: 144,0,98101430121181157002
02-20 21:12:22.873  1374  1483 D AT      : AT< OK
02-20 21:12:22.873  1374  1481 D RIL     : onRequest: SIM_CLOSE_CHANNEL
02-20 21:12:22.873  1374  1481 D AT      : AT> AT+CCHC=1
02-20 21:12:22.873  1374  1483 D AT      : AT< +CCHC
02-20 21:12:22.873  1374  1483 D AT      : AT< OK
02-20 21:12:22.873  1912  2004 D RILJ    : [3730]< SIM_IO IccIoResponse sw1:0x90 sw2:0x0 [SUB0]
02-20 21:12:22.875  1374  1481 D RIL     : onRequest: SIM_IO
02-20 21:12:22.875  1374  1481 D AT      : AT> AT+CRSM=192,28436,0,0,15
02-20 21:12:22.875  1374  1483 D AT      : AT< +CRSM: 144,0,000000146f1404001aa0aa01020000
02-20 21:12:22.875  1374  1483 D AT      : AT< OK
02-20 21:12:22.875  1912  2004 D RILJ    : [3731]< RIL_REQUEST_SIM_CLOSE_CHANNEL  [SUB0]
02-20 21:12:22.875  1912  2004 D RILJ    : [3732]< SIM_IO IccIoResponse sw1:0x90 sw2:0x0 [SUB0]
02-20 21:12:22.884  1677  1698 I art     : Starting a blocking GC Explicit
02-20 21:12:22.898  1912  1912 D SubscriptionInfoUpdater: [Receiver]+
02-20 21:12:22.898  1912  1912 D SubscriptionInfoUpdater: Action: android.intent.action.SIM_STATE_CHANGED
02-20 21:12:22.899  1912  1912 D SubscriptionInfoUpdater: slotId: 0
02-20 21:12:22.899  1912  1912 D SubscriptionInfoUpdater: simStatus: IMSI
02-20 21:12:22.899  1912  1912 D SubscriptionInfoUpdater: Ignoring simStatus: IMSI
02-20 21:12:22.899  1912  1912 D SubscriptionInfoUpdater: [Receiver]-
02-20 21:12:22.899  1912  1912 D SIMRecords: [SIMRecords] iccid: 89014103211118510720
02-20 21:12:22.899  1912  1912 D SIMRecords: [SIMRecords] onRecordLoaded 10 requested: true
02-20 21:12:22.916  1912  1912 D SIMRecords: [SIMRecords] EF_MBI: 01000000
02-20 21:12:22.916  1912  1912 D SIMRecords: [SIMRecords] Got valid mailbox number for MBDN
02-20 21:12:22.916  1912  1912 D RILJ    : [3733]> iccIO: SIM_IO 0xc0 0x6fc7  path: 3F007F20,0,0,15 aid: null [SUB0]
02-20 21:12:22.929  1374  1481 D RIL     : onRequest: SIM_IO
02-20 21:12:22.929  1912  1912 D SIMRecords: [SIMRecords] onRecordLoaded 10 requested: true
02-20 21:12:22.929  1374  1481 D AT      : AT> AT+CRSM=192,28615,0,0,15
02-20 21:12:22.929  1912  1912 D RILJ    : [3734]> iccIO: SIM_IO 0xb0 0x6f14  path: 3F007F20,0,0,20 aid: null [SUB0]
02-20 21:12:22.929  1374  1483 D AT      : AT< +CRSM: 144,0,000000406fc7040011a0aa01020120
02-20 21:12:22.929  1374  1483 D AT      : AT< OK
02-20 21:12:22.930  1912  1912 D SIMRecords: [SIMRecords] EF_AD: 00000003
02-20 21:12:22.930  1912  1912 D SIMRecords: [SIMRecords] setting4 mMncLength=3
02-20 21:12:22.930  1912  1912 D SIMRecords: [SIMRecords] update mccmnc=310260
02-20 21:12:22.930  1912  1912 D MccTable: updateMccMncConfiguration mccmnc='310260' fromServiceState=false
02-20 21:12:22.930  1374  1481 D RIL     : onRequest: SIM_IO
02-20 21:12:22.930  1374  1481 D AT      : AT> AT+CRSM=176,28436,0,0,20
02-20 21:12:22.930  1912  1912 D SubscriptionController: [getPhoneId]- no sims, returning default phoneId=2147483647
02-20 21:12:22.930  1912  2004 D RILJ    : [3733]< SIM_IO IccIoResponse sw1:0x90 sw2:0x0 [SUB0]
02-20 21:12:22.930  1912  1912 D MccTable: updateMccMncConfiguration defaultMccMnc=
02-20 21:12:22.930  1912  1912 D MccTable: updateMccMncConfiguration: mcc=310, mnc=260
02-20 21:12:22.930  1912  1912 D MccTable: updateMccMncConfiguration updateConfig config={1.0 310mcc260mnc ?localeList ?layoutDir ?swdp ?wdp ?hdp ?density ?lsize ?long ?orien ?uimode ?night ?touch ?keyb/?/? ?nav/?}
02-20 21:12:22.930  1374  1483 D AT      : AT< +CRSM: 144,0,416e64726f6964ffffffffffffffffffffffffff
02-20 21:12:22.930  1374  1483 D AT      : AT< OK
02-20 21:12:22.930  1912  2004 D RILJ    : [3734]< SIM_IO IccIoResponse sw1:0x90 sw2:0x0 [SUB0]
02-20 21:12:22.930  1677  1957 I configuration_changed: 3
02-20 21:12:22.930  1677  1957 I ActivityManager: Config changes=3 {1.0 310mcc260mnc [en_US] ldltr sw360dp w360dp h668dp 640dpi nrml long port finger -keyb/v/h -nav/h s.6}
02-20 21:12:22.976  1912  1927 D SubscriptionController: [getActiveSubInfoList] Sub Controller not ready
02-20 21:12:23.026  1912  2197 D SubscriptionController: [getSlotId]- subId invalid
02-20 21:12:22.280     0     0 D ieee80211 phy0: hw scan 5785 MHz
02-20 21:12:23.055  1677  1698 I art     : Explicit concurrent mark sweep GC freed 16831(1487KB) AllocSpace objects, 15(1000KB) LOS objects, 21% free, 14MB/18MB, paused 5.217ms total 168.933ms
02-20 21:12:23.057  1677  1957 I am_relaunch_resume_activity: [0,116705882,254,com.google.android.apps.nexuslauncher/.NexusLauncherActivity]
02-20 21:12:23.079  1677  2287 I dvm_lock_sample: [system_server,1,Binder:1677_B,96,UserController.java,1438,ActivityManagerService.java,18937,19]
02-20 21:12:23.079  2091  2091 D NetworkSecurityConfig: No Network Security Config specified, using platform default
02-20 21:12:23.082  1912  1930 D DCT     : [0]hasMatchedTetherApnSetting: APN=null
02-20 21:12:23.088  2091  2091 I ProviderInstaller: Installed default security provider GmsCore_OpenSSL
02-20 21:12:22.520     0     0 D ieee80211 phy0: hw scan 5825 MHz
02-20 21:12:23.097  1912  1912 D SIMRecords: [SIMRecords] onRecordLoaded 9 requested: true
02-20 21:12:23.107  1912  1912 D SIMRecords: [SIMRecords] MSISDN: [t-WgLegCyIMgfHgPkOdM6pkZbpA]
02-20 21:12:23.107  1912  1912 D SIMRecords: [SIMRecords] onRecordLoaded 8 requested: true
02-20 21:12:23.107  1912  1912 D SIMRecords: [SIMRecords] EF_MWIS : 0000000000
02-20 21:12:23.107  1912  1912 D SIMRecords: [SIMRecords] onRecordLoaded 7 requested: true
02-20 21:12:23.107  1912  1912 D SIMRecords: [SIMRecords] EF_CPHS_MWI: 55
02-20 21:12:23.107  1912  1912 D SIMRecords: [SIMRecords] onRecordLoaded 6 requested: true
02-20 21:12:23.107  1912  1912 D SIMRecords: [SIMRecords] EF_CFF_CPHS: 55
02-20 21:12:23.107  1912  1912 D SIMRecords: [SIMRecords] onRecordLoaded 5 requested: true
02-20 21:12:23.107  1912  1912 D SIMRecords: [SIMRecords] onRecordLoaded 4 requested: true
02-20 21:12:23.107  1912  1912 D SIMRecords: [SIMRecords] SST: UsimServiceTable[120]={ PHONEBOOK, FDN, FDN_EXTENSION, SDN, SDN_EXTENSION, BDN, BDN_EXTENSION, OUTGOING_CALL_INFO, ADVICE_OF_CHARGE, CAP_CONFIG_PARAMS_2, GROUP_ID_LEVEL_1, GROUP_ID_LEVEL_2, SPN, USER_PLMN_SELECT, MSISDN, IMAGE, LOCALISED_SERVICE_AREAS, EMLPP, EMLPP_AUTO_ANSWER, RFU, GSM_ACCESS, DATA_DL_VIA_SMS_PP, DATA_DL_VIA_SMS_CB, CALL_CONTROL_BY_USIM, MO_SMS_CONTROL_BY_USIM, RUN_AT_COMMAND, APN_CONTROL_LIST, DEPERSONALISATION_CONTROL_KEYS, COOPERATIVE_NETWORK_LIST, GSM_SECURITY_CONTEXT, SERVICE_PROVIDER_DISPLAY_INFO, MMS_NOTIFICATION, MMS_NOTIFICATION_EXTENSION, GPRS_CALL_CONTROL_BY_USIM, VGCS_GROUP_ID_LIST, VBS_GROUP_ID_LIST, OMA_BCAST_PROFILE, GBA_LOCAL_KEY_ESTABLISHMENT, #101, #102, #103, #104, #105, #106, #107, #108, #109, #110 }
02-20 21:12:23.107  1912  1912 D SIMRecords: [SIMRecords] onRecordLoaded 3 requested: true
02-20 21:12:23.107  1912  1912 D SIMRecords: [SIMRecords] iCPHS: 0233
02-20 21:12:23.107  1912  1912 D SIMRecords: [SIMRecords] onRecordLoaded 2 requested: true
02-20 21:12:23.109  1912  1912 D RuimRecords: [RuimRecords] iccid: 89014103211118510720
02-20 21:12:23.109  1912  1912 D RuimRecords: [RuimRecords] onRecordLoaded 0 requested: true
02-20 21:12:23.109  1912  1912 D RuimRecords: [RuimRecords] record load complete
02-20 21:12:23.110  1912  1912 D RILJ    : [3735]> iccIO: SIM_IO 0xb2 0x6fc7  path: 3F007F20,1,4,32 aid: null [SUB0]
02-20 21:12:23.125  2170  2170 I am_on_paused_called: [0,com.google.android.apps.nexuslauncher.NexusLauncherActivity,handleRelaunchActivity]
02-20 21:12:23.147  1374  1481 D RIL     : onRequest: SIM_IO
02-20 21:12:23.147  1374  1481 D AT      : AT> AT+CRSM=178,28615,1,4,32
02-20 21:12:23.148  1374  1483 D AT      : AT< +CRSM: 144,0,566f6963656d61696cffffffffffffffffff07915155125740f9ffffffffffff
02-20 21:12:23.148  1374  1483 D AT      : AT< OK
02-20 21:12:23.148  1912  2004 D RILJ    : [3735]< SIM_IO IccIoResponse sw1:0x90 sw2:0x0 [SUB0]
02-20 21:12:23.149  1912  1912 D SIMRecords: [SIMRecords] getServiceProviderName: no brandOverride, providerName=Android
02-20 21:12:23.149  1912  1912 D SIMRecords: [SIMRecords] Load EF_SPN_CPHS: Android
02-20 21:12:23.149  1912  1912 D TelephonyManager: setTelephonyProperty: success phoneId=0 property=gsm.sim.operator.alpha value: Android propVal=Android
02-20 21:12:23.150  1912  1912 D SIMRecords: [SIMRecords] onRecordLoaded 1 requested: true
02-20 21:12:23.150  1912  1912 D SIMRecords: [SIMRecords] VM: ADN Record 'Voicemail' '[-MWU1cAlDrkXUZ8dpHi_wU_YOpU] null' EF[MBDN]
02-20 21:12:23.150  1912  1912 D SIMRecords: [SIMRecords] onRecordLoaded 0 requested: true
02-20 21:12:23.150  1912  1912 D SIMRecords: [SIMRecords] record load complete
02-20 21:12:23.150  1912  1912 D SIMRecords: [SIMRecords] Not using EF LI/EF PL
02-20 21:12:23.150  1912  1912 D SIMRecords: [SIMRecords] EF_CFF: callForwardingEnabled=0
02-20 21:12:23.150  1912  1912 D SIMRecords: [SIMRecords] onAllRecordsLoaded set 'gsm.sim.operator.numeric' to operator='310260'
02-20 21:12:23.150  1912  1912 D SIMRecords: [SIMRecords] update icc_operator_numeric=310260
02-20 21:12:23.150  1912  1912 D TelephonyManager: setTelephonyProperty: success phoneId=0 property=gsm.sim.operator.numeric value: 310260 propVal=310260
02-20 21:12:23.150  1912  1912 D SubscriptionController: [setMccMnc]+ mcc/mnc:310/260 subId:-1
02-20 21:12:23.180  1912  1912 D SubscriptionController: notifySubscriptionInfoChanged:
02-20 21:12:23.186  1912  1912 D SIMRecords: [SIMRecords] onAllRecordsLoaded set mcc imsi
02-20 21:12:23.186  1912  1912 D TelephonyManager: setTelephonyProperty: success phoneId=0 property=gsm.sim.operator.iso-country value: us propVal=us
02-20 21:12:23.195  2170  2301 D EGL_emulation: eglMakeCurrent: 0x718cf1241aa0: ver 3 0 (tinfo 0x718cf120c7e0)
02-20 21:12:23.196  1912  1912 D SST     : SubscriptionListener.onSubscriptionInfoChanged
02-20 21:12:23.196  1912  1912 D SIMRecords: [SIMRecords]  VoiceMessageCount from SIM MWIS = 0
02-20 21:12:23.196  1912  1912 E Phone   : getStoredVoiceMessageCount: invalid subId -2
02-20 21:12:23.196  1912  1912 D GsmCdmaPhone: [GsmCdmaPhone] updateVoiceMail countVoiceMessages = 0 subId -2
02-20 21:12:23.196  1912  1912 E Phone   : setVoiceMessageCount in sharedPreference: invalid subId -2
02-20 21:12:23.196  1912  1912 D DCT     : [0]SubscriptionListener.onSubscriptionInfoChanged
02-20 21:12:23.202  1912  1912 D SubscriptionController: [getActiveSubInfoList] Sub Controller not ready
02-20 21:12:23.202  1912  1912 D SubscriptionController: [getActiveSubInfoList] Sub Controller not ready
02-20 21:12:23.202  1912  1912 I Telephony: PstnIncomingCallNotifier: Unregistering: Handler (com.android.internal.telephony.GsmCdmaPhone) {5ffcf5c}
02-20 21:12:23.202  1912  1912 E PhoneInterfaceManager: [PhoneIntfMgr] getIccId: No UICC
