02-20 21:16:06.717  1267  1302 V vold    :     /dev/block/vold/disk:253,64
02-20 21:16:06.717  1767  1767 W art     : Unexpected CPU variant for X86 using defaults: x86_64
02-20 21:16:06.718  1679  1679 D WebViewFactory: Setting new address space to 137955392
02-20 21:16:06.743     0     0 D ieee80211 phy1: hw scan 2427 MHz
02-20 21:16:06.747  1679  1679 I Zygote  : Process: zygote socket opened, supported ABIS: x86
02-20 21:16:06.747  1363  1581 I art     : Starting a blocking GC HeapTrim
02-20 21:16:06.752  1363  1363 I art     : Starting a blocking GC Background
02-20 21:16:06.776  1267  1302 V vold    : /dev/block/vold/disk:253,64: LABEL="SDCARD" UUID="1E12-0B12" TYPE="vfat" 
02-20 21:16:06.776  1267  1302 V vold    : 
02-20 21:16:06.776  1679  1728 D VoldConnector: RCV <- {650 public:253,64 0 "disk:253,64" ""}
02-20 21:16:06.776  1679  1728 D VoldConnector: RCV <- {651 public:253,64 0}
02-20 21:16:06.776  1679  1728 D VoldConnector: RCV <- {643 disk:253,64}
02-20 21:16:06.780  1679  1728 D VoldConnector: RCV <- {200 3 Command succeeded}
02-20 21:16:06.780  1679  1727 D VoldConnector: SND -> {4 volume user_added 0 0}
02-20 21:16:06.781  1679  1728 D VoldConnector: RCV <- {200 4 Command succeeded}
02-20 21:16:06.796  1679  1679 W ActivityManager: Slow operation: 62ms so far, now at startProcess: returned from zygote!
02-20 21:16:06.796  1679  1679 W ActivityManager: Slow operation: 62ms so far, now at startProcess: done updating battery stats
02-20 21:16:06.796  1679  1679 I am_proc_start: [0,1795,1037,WebViewLoader-x86,,]
02-20 21:16:06.796  1679  1679 W ActivityManager: Slow operation: 62ms so far, now at startProcess: building log message
02-20 21:16:06.796  1679  1679 I ActivityManager: Start proc 1795:WebViewLoader-x86/1037 [android.webkit.WebViewFactory$RelroFileCreator] for 
02-20 21:16:06.796  1679  1679 W ActivityManager: Slow operation: 62ms so far, now at startProcess: starting to update pids map
02-20 21:16:06.796  1679  1679 W ActivityManager: Slow operation: 62ms so far, now at startProcess: done updating pids map
02-20 21:16:06.796  1679  1679 W ActivityManager: Slow operation: 62ms so far, now at startProcess: done starting proc!
02-20 21:16:06.821  1679  1679 I am_proc_start: [0,1800,1037,WebViewLoader-x86_64,,]
02-20 21:16:06.821  1679  1679 I ActivityManager: Start proc 1800:WebViewLoader-x86_64/1037 [android.webkit.WebViewFactory$RelroFileCreator] for 
02-20 21:16:06.821  1679  1727 D VoldConnector: SND -> {5 volume mount emulated 3 -1}
02-20 21:16:06.822  1267  1302 V vold    : Waiting for FUSE to spin up...
02-20 21:16:06.822  1679  1728 D VoldConnector: RCV <- {651 emulated 1}
02-20 21:16:06.822  1679  1728 D VoldConnector: RCV <- {656 emulated /data/media}
02-20 21:16:06.823  1679  1728 D VoldConnector: RCV <- {655 emulated /storage/emulated}
02-20 21:16:06.824  1795  1795 W art     : Unexpected CPU variant for X86 using defaults: x86
02-20 21:16:06.828  1800  1800 W art     : Unexpected CPU variant for X86 using defaults: x86_64
02-20 21:16:06.844  1679  1757 I am_proc_bound: [0,1767,com.android.systemui]
02-20 21:16:06.845  1795  1795 V WebViewFactory: RelroFileCreator (64bit = false),  32-bit lib: /system/app/Chrome/Chrome.apk!/lib/x86/libmonochrome.so, 64-bit lib: /system/app/Chrome/Chrome.apk!/lib/x86_64/libmonochrome.so
02-20 21:16:06.846  1679  1783 E WVMExtractor: Failed to open libwvm.so: dlopen failed: library "libwvm.so" not found
02-20 21:16:06.848  1679  1690 I am_proc_bound: [0,1760,com.android.inputmethod.latin]
02-20 21:16:06.852  1679  1679 D NetworkManagement: enabling bandwidth control
02-20 21:16:06.855  1372  1372 I MediaPlayerService: MediaPlayerService::getOMX
02-20 21:16:06.857  1372  1372 I OMXClient: MuxOMX ctor
02-20 21:16:06.858  1372  1372 I MediaPlayerService: MediaPlayerService::getOMX
02-20 21:16:06.859  1372  1372 I OMXClient: MuxOMX ctor
02-20 21:16:06.859  1369  1369 I OMXMaster: makeComponentInstance(OMX.google.mp3.decoder) in mediacodec process
02-20 21:16:06.879  1267  1302 V vold    : Waiting for FUSE to spin up...
02-20 21:16:06.880  1805  1805 W sdcard  : Device explicitly disabled sdcardfs
02-20 21:16:06.893  1800  1800 V WebViewFactory: RelroFileCreator (64bit = true),  32-bit lib: /system/app/Chrome/Chrome.apk!/lib/x86/libmonochrome.so, 64-bit lib: /system/app/Chrome/Chrome.apk!/lib/x86_64/libmonochrome.so
02-20 21:16:06.862     0     0 D ieee80211 phy1: hw scan 2432 MHz
02-20 21:16:06.886     0     0 D SELinux : initialized (dev fuse, type fuse), uses genfs_contexts
02-20 21:16:06.923  1767  1767 W System  : ClassLoader referenced unknown path: /system/priv-app/SystemUIGoogle/lib/x86_64
02-20 21:16:06.929  1267  1302 V vold    : Waiting for FUSE to spin up...
02-20 21:16:06.938     0     0 D SELinux : initialized (dev fuse, type fuse), uses genfs_contexts
02-20 21:16:06.943     0     0 D SELinux : initialized (dev fuse, type fuse), uses genfs_contexts
02-20 21:16:06.981  1372  1372 I MediaPlayerService: MediaPlayerService::getOMX
02-20 21:16:06.981  1679  1728 D VoldConnector: RCV <- {651 emulated 2}
02-20 21:16:06.981  1372  1372 I OMXClient: MuxOMX ctor
02-20 21:16:06.981  1679  1728 D VoldConnector: RCV <- {200 5 Command succeeded}
02-20 21:16:06.982  1369  1369 I OMXMaster: makeComponentInstance(OMX.google.amrnb.decoder) in mediacodec process
02-20 21:16:06.982  1679  1727 D VoldConnector: SND -> {6 volume mount public:253,64 2 0}
02-20 21:16:06.982  1267  1302 V vold    : /system/bin/blkid
02-20 21:16:06.982  1267  1302 V vold    :     -c
02-20 21:16:06.982  1267  1302 V vold    :     /dev/null
02-20 21:16:06.982  1267  1302 V vold    :     -s
02-20 21:16:06.982  1267  1302 V vold    :     TYPE
02-20 21:16:06.982  1267  1302 V vold    :     -s
02-20 21:16:06.980     0     0 D ieee80211 phy1: hw scan 2437 MHz
02-20 21:16:06.982  1267  1302 V vold    :     UUID
02-20 21:16:06.982  1267  1302 V vold    :     -s
02-20 21:16:06.982  1267  1302 V vold    :     LABEL
02-20 21:16:06.982  1267  1302 V vold    :     /dev/block/vold/public:253,64
02-20 21:16:06.982  1679  1728 D VoldConnector: RCV <- {651 public:253,64 1}
02-20 21:16:07.007  1372  1372 I MediaPlayerService: MediaPlayerService::getOMX
02-20 21:16:07.007  1372  1372 I OMXClient: MuxOMX ctor
02-20 21:16:07.007  1369  1837 I OMXMaster: makeComponentInstance(OMX.google.amrwb.decoder) in mediacodec process
02-20 21:16:07.013  1372  1372 I MediaPlayerService: MediaPlayerService::getOMX
02-20 21:16:07.013  1372  1372 I OMXClient: MuxOMX ctor
02-20 21:16:07.013  1369  1838 I OMXMaster: makeComponentInstance(OMX.google.aac.decoder) in mediacodec process
02-20 21:16:07.018  1267  1302 V vold    : /dev/block/vold/public:253,64: LABEL="SDCARD" UUID="1E12-0B12" TYPE="vfat" 
02-20 21:16:07.018  1267  1302 V vold    : 
02-20 21:16:07.018  1267  1302 V vold    : /system/bin/fsck_msdos
02-20 21:16:07.018  1267  1302 V vold    :     -p
02-20 21:16:07.018  1267  1302 V vold    :     -f
02-20 21:16:07.018  1267  1302 V vold    :     /dev/block/vold/public:253,64
02-20 21:16:07.019  1679  1728 D VoldConnector: RCV <- {652 public:253,64 vfat}
02-20 21:16:07.019  1679  1728 D VoldConnector: RCV <- {653 public:253,64 1E12-0B12}
02-20 21:16:07.019  1679  1728 D VoldConnector: RCV <- {654 public:253,64 SDCARD}
02-20 21:16:07.023  1679  1735 D WifiController: DEFERRED_TOGGLE handled
02-20 21:16:07.026  1372  1372 I MediaPlayerService: MediaPlayerService::getOMX
02-20 21:16:07.026  1372  1372 I OMXClient: MuxOMX ctor
02-20 21:16:07.026  1369  1837 I OMXMaster: makeComponentInstance(OMX.google.g711.alaw.decoder) in mediacodec process
02-20 21:16:07.054  1373  1676 D SoftapController: Softap fwReload - Ok
02-20 21:16:07.087  1267  1302 I fsck_msdos: ** /dev/block/vold/public:253,64
02-20 21:16:07.089  1267  1302 I fsck_msdos: ** Phase 1 - Read and Compare FATs
02-20 21:16:07.089  1267  1302 I fsck_msdos: Attempting to allocate 1022 KB for FAT
02-20 21:16:07.100     0     0 D ieee80211 phy1: hw scan 2442 MHz
02-20 21:16:07.115  1767  1767 V SystemUIService: Starting SystemUI services for user 0.
02-20 21:16:07.173  1372  1372 I MediaPlayerService: MediaPlayerService::getOMX
02-20 21:16:07.174  1372  1372 I OMXClient: MuxOMX ctor
02-20 21:16:07.174  1369  1388 I OMXMaster: makeComponentInstance(OMX.google.g711.mlaw.decoder) in mediacodec process
02-20 21:16:07.197  1767  1767 V MediaRouter: Adding route: RouteInfo{ name=Phone, description=null, status=null, category=RouteCategory{ name=null types=ROUTE_TYPE_LIVE_AUDIO ROUTE_TYPE_LIVE_VIDEO  groupable=false }, supportedTypes=ROUTE_TYPE_LIVE_AUDIO ROUTE_TYPE_LIVE_VIDEO , presentationDisplay=null }
02-20 21:16:07.198  1767  1767 V MediaRouter: Updating audio routes: AudioRoutesInfo{ type=SPEAKER }
02-20 21:16:07.198  1767  1767 V MediaRouter: Selecting route: RouteInfo{ name=Phone, description=null, status=null, category=RouteCategory{ name=null types=ROUTE_TYPE_LIVE_AUDIO ROUTE_TYPE_LIVE_VIDEO  groupable=false }, supportedTypes=ROUTE_TYPE_LIVE_AUDIO ROUTE_TYPE_LIVE_VIDEO , presentationDisplay=null }
02-20 21:16:07.209  1267  1302 I fsck_msdos: Attempting to allocate 1022 KB for FAT
02-20 21:16:07.215  1795  1795 I art     : System.exit called, status: 0
02-20 21:16:07.215  1795  1795 I AndroidRuntime: VM exiting with result code 0, cleanup skipped.
02-20 21:16:07.216  1679  1691 D TelephonyRegistry: listen oscl: hasNotifySubscriptionInfoChangedOccurred==false no callback
02-20 21:16:07.227  1760  1760 I LatinIME: Hardware accelerated drawing: true
02-20 21:16:07.230     0     0 D ieee80211 phy1: hw scan 2447 MHz
02-20 21:16:07.262  1800  1800 I art     : System.exit called, status: 0
02-20 21:16:07.262  1800  1800 I AndroidRuntime: VM exiting with result code 0, cleanup skipped.
02-20 21:16:07.267  1679  1679 W NetworkManagement: setDataSaverMode(): already false
02-20 21:16:07.270  1373  1676 D CommandListener: Setting iface cfg
02-20 21:16:07.270  1373  1676 D CommandListener: Trying to bring down wlan0
02-20 21:16:07.275  1373  1676 D CommandListener: Clearing all IP addresses on wlan0
02-20 21:16:07.279  1679  1736 E WifiMonitor: killSupplicant p2pfalse init.svc.wpa_supplicant=unknown init.svc.p2p_supplicant=unknown
02-20 21:16:07.280  1267  1302 I fsck_msdos: ** Phase 2 - Check Cluster Chains
02-20 21:16:07.281  1679  1736 E wifi    : Can not initialize the vendor function pointer table
02-20 21:16:07.281  1679  1736 E WifiNative-HAL: Could not start hal
02-20 21:16:07.281  1679  1736 E WifiStateMachine: Failed to start HAL
02-20 21:16:07.284  1679  1736 D WifiMonitor: startMonitoring(wlan0) with mConnected = false
02-20 21:16:07.284  1679  1736 E WifiHW  : Unable to open connection to supplicant on "@android:wpa_wlan0": No such file or directory
02-20 21:16:07.284  1267  1302 I fsck_msdos: ** Phase 3 - Checking Directories
02-20 21:16:07.284  1267  1302 I fsck_msdos: ** Phase 4 - Checking for Lost Files
02-20 21:16:07.282     0     0 I init    : Starting service 'wpa_supplicant'...
02-20 21:16:07.285  1267  1302 I fsck_msdos: 27 files, 522176 free (261088 clusters)
02-20 21:16:07.299  1267  1302 I Vold    : Filesystem check completed OK
02-20 21:16:07.299  1679  1728 D VoldConnector: RCV <- {656 public:253,64 /mnt/media_rw/1E12-0B12}
02-20 21:16:07.299  1679  1728 D VoldConnector: RCV <- {655 public:253,64 /storage/1E12-0B12}
02-20 21:16:07.303  1372  1372 I MediaPlayerService: MediaPlayerService::getOMX
02-20 21:16:07.303  1372  1372 I OMXClient: MuxOMX ctor
02-20 21:16:07.303  1369  1837 I OMXMaster: makeComponentInstance(OMX.google.vorbis.decoder) in mediacodec process
02-20 21:16:07.308  1267  1302 V vold    : Waiting for FUSE to spin up...
02-20 21:16:07.301     0     0 W FAT-fs (vde): Volume was not properly unmounted. Some data may be corrupt. Please run fsck.
02-20 21:16:07.303     0     0 D SELinux : initialized (dev vde, type vfat), uses genfs_contexts
02-20 21:16:07.330  1869  1869 W sdcard  : Device explicitly disabled sdcardfs
02-20 21:16:07.347  1767  1872 E WVMExtractor: Failed to open libwvm.so: dlopen failed: library "libwvm.so" not found
02-20 21:16:07.359  1372  1372 I MediaPlayerService: MediaPlayerService::getOMX
02-20 21:16:07.359  1372  1372 I OMXClient: MuxOMX ctor
02-20 21:16:07.359  1369  1388 I OMXMaster: makeComponentInstance(OMX.google.opus.decoder) in mediacodec process
02-20 21:16:07.360  1760  1760 W InputAttributes: No editor info for this field. Bug?
02-20 21:16:07.350     0     0 D ieee80211 phy1: hw scan 2452 MHz
02-20 21:16:07.352     0     0 D SELinux : initialized (dev fuse, type fuse), uses genfs_contexts
02-20 21:16:07.357     0     0 D SELinux : initialized (dev fuse, type fuse), uses genfs_contexts
02-20 21:16:07.358     0     0 D SELinux : initialized (dev fuse, type fuse), uses genfs_contexts
02-20 21:16:07.365  1679  1728 D VoldConnector: RCV <- {651 public:253,64 2}
02-20 21:16:07.407     0     0 D ieee80211 phy0: mac80211_hwsim_start
02-20 21:16:07.407     0     0 D ieee80211 phy0: mac80211_hwsim_add_interface (type=2 mac_addr=02:00:00:44:55:66)
02-20 21:16:07.407     0     0 D ieee80211 phy0: mac80211_hwsim_bss_info_changed(changed=0xe)
02-20 21:16:07.407     0     0 D ieee80211 phy0: ERP_CTS_PROT: 0
02-20 21:16:07.407     0     0 D ieee80211 phy0: ERP_PREAMBLE: 0
02-20 21:16:07.407     0     0 D ieee80211 phy0: ERP_SLOT: 0
02-20 21:16:07.407     0     0 D ieee80211 phy0: mac80211_hwsim_conf_tx (queue=0 txop=0 cw_min=15 cw_max=1023 aifs=2)
02-20 21:16:07.407     0     0 D ieee80211 phy0: mac80211_hwsim_conf_tx (queue=1 txop=0 cw_min=15 cw_max=1023 aifs=2)
02-20 21:16:07.407     0     0 D ieee80211 phy0: mac80211_hwsim_conf_tx (queue=2 txop=0 cw_min=15 cw_max=1023 aifs=2)
02-20 21:16:07.407     0     0 D ieee80211 phy0: mac80211_hwsim_conf_tx (queue=3 txop=0 cw_min=15 cw_max=1023 aifs=2)
02-20 21:16:07.407     0     0 D ieee80211 phy0: mac80211_hwsim_bss_info_changed(changed=0x2000)
02-20 21:16:07.407     0     0 D ieee80211 phy0: mac80211_hwsim_config (freq=0 idle=0 ps=0 smps=auto)
02-20 21:16:07.407     0     0 I IPv6    : ADDRCONF(NETDEV_UP): wlan0: link is not ready
02-20 21:16:07.407     0     0 D ieee80211 phy0: mac80211_hwsim_configure_filter
02-20 21:16:07.365  1679  1728 D VoldConnector: RCV <- {200 6 Command succeeded}
02-20 21:16:07.398  1867  1867 I wpa_supplicant: Successfully initialized wpa_supplicant
02-20 21:16:07.398  1760  1885 I LatinIME:LogUtils: Dictionary info: dictionary = userunigram.en_US ; version = 1519161367 ; date = ?
02-20 21:16:07.399  1760  1885 E ActivityThread: Failed to find provider info for user_dictionary
02-20 21:16:07.401  1760  1885 I LatinIME:LogUtils: Dictionary info: dictionary = UserHistoryDictionary.en_US ; version = 1519161367 ; date = ?
02-20 21:16:07.407  1867  1867 I wpa_supplicant: rfkill: Cannot open RFKILL control device
02-20 21:16:07.408  1867  1867 I wpa_supplicant: nl80211: Could not re-add multicast membership for vendor events: -2 (No such file or directory)
02-20 21:16:07.420  1679  1679 D NetworkPolicy: setRestrictBackgroundUL(): false
02-20 21:16:07.420  1679  1679 W NetworkManagement: setDataSaverMode(): already false
02-20 21:16:07.440  1372  1372 I MediaPlayerService: MediaPlayerService::getOMX
02-20 21:16:07.440  1372  1372 I OMXClient: MuxOMX ctor
02-20 21:16:07.441  1369  1837 I OMXMaster: makeComponentInstance(OMX.google.raw.decoder) in mediacodec process
02-20 21:16:07.445  1372  1372 I MediaPlayerService: MediaPlayerService::getOMX
02-20 21:16:07.445  1372  1372 I OMXClient: MuxOMX ctor
02-20 21:16:07.445  1369  1837 I OMXMaster: makeComponentInstance(OMX.google.aac.encoder) in mediacodec process
02-20 21:16:07.471     0     0 D ieee80211 phy1: hw scan 2457 MHz
02-20 21:16:07.458  1372  1372 I MediaPlayerService: MediaPlayerService::getOMX
02-20 21:16:07.459  1372  1372 I OMXClient: MuxOMX ctor
02-20 21:16:07.459  1369  1838 I OMXMaster: makeComponentInstance(OMX.google.amrnb.encoder) in mediacodec process
02-20 21:16:07.481  1767  1767 I vol.Events: writeEvent collection_started
02-20 21:16:07.482  1372  1372 I MediaPlayerService: MediaPlayerService::getOMX
02-20 21:16:07.483  1372  1372 I OMXClient: MuxOMX ctor
02-20 21:16:07.483  1369  1838 I OMXMaster: makeComponentInstance(OMX.google.amrwb.encoder) in mediacodec process
02-20 21:16:07.502  1867  1867 E wpa_supplicant: global ctrl interface @android:wpa_wlan0 matches ctrl interface wlan0 - do not open per-interface ctrl interface
02-20 21:16:07.502  1767  1901 I sysui_action: [213,2]
02-20 21:16:07.502  1767  1901 I vol.Events: writeEvent external_ringer_mode_changed normal
02-20 21:16:07.502  1767  1901 I vol.Events: writeEvent internal_ringer_mode_changed normal
02-20 21:16:07.509  1372  1372 I MediaPlayerService: MediaPlayerService::getOMX
02-20 21:16:07.509  1372  1372 I OMXClient: MuxOMX ctor
02-20 21:16:07.509  1369  1838 I OMXMaster: makeComponentInstance(OMX.google.flac.encoder) in mediacodec process
02-20 21:16:07.514  1679  1679 I SystemServiceManager: Starting phase 600
02-20 21:16:07.532  1679  1679 D SensorNotificationService: Cannot obtain dynamic meta sensor, not supported.
02-20 21:16:07.532  1679  1732 I netstats_mobile_sample: [0,0,0,0,0,0,0,0,0,0,0,0,-1]
02-20 21:16:07.532  1679  1732 I netstats_wifi_sample: [0,0,0,0,0,0,0,0,0,0,0,0,-1]
02-20 21:16:07.542  1679  1679 D TelephonyRegistry: listen oscl: hasNotifySubscriptionInfoChangedOccurred==false no callback
02-20 21:16:07.551  1372  1372 I MediaPlayerService: MediaPlayerService::getOMX
02-20 21:16:07.551  1372  1372 I OMXClient: MuxOMX ctor
02-20 21:16:07.551  1369  1838 I OMXMaster: makeComponentInstance(OMX.google.gsm.decoder) in mediacodec process
02-20 21:16:07.579  1679  1694 W WindowManager: Keyguard drawn timeout. Setting mKeyguardDrawComplete
02-20 21:16:07.590     0     0 D ieee80211 phy1: hw scan 2462 MHz
02-20 21:16:07.579  1679  1679 I GnssLocationProvider: WakeLock acquired by sendMessage(13, 0, null)
02-20 21:16:07.582  1679  1679 W LocationProviderProxy-network: Odd, no component found for service com.android.location.service.v3.NetworkLocationProvider
02-20 21:16:07.582  1760  1885 I LatinIME:LogUtils: Dictionary info: dictionary = main:en ; version = 54 ; date = 1414726273
02-20 21:16:07.587  1679  1679 W GeocoderProxy: Odd, no component found for service com.android.location.service.GeocodeProvider
02-20 21:16:07.588  1679  1679 E FlpHardwareProvider: Error hw_get_module 'flp': -2
02-20 21:16:07.588  1679  1679 D LocationManagerService: FLP HAL not supported
02-20 21:16:07.588  1372  1372 I MediaPlayerService: MediaPlayerService::getOMX
02-20 21:16:07.588  1372  1372 I OMXClient: MuxOMX ctor
02-20 21:16:07.588  1369  1369 I OMXMaster: makeComponentInstance(OMX.google.mpeg4.decoder) in mediacodec process
02-20 21:16:07.589  1679  1679 W GeofenceProxy: Odd, no component found for service com.android.location.service.GeofenceProvider
02-20 21:16:07.590  1679  1679 E ActivityRecognitionHardware: Error hw_get_module: -2
02-20 21:16:07.590  1679  1679 D LocationManagerService: Hardware Activity-Recognition not supported.
02-20 21:16:07.591  1679  1679 W ActivityRecognitionProxy: Odd, no component found for service com.android.location.service.ActivityRecognitionProvider
02-20 21:16:07.593  1679  1679 I GnssLocationProvider: WakeLock acquired by sendMessage(2, 1, null)
02-20 21:16:07.594  1679  1692 W GnssLocationProvider: Could not open GPS configuration file /etc/gps.conf
02-20 21:16:07.594  1679  1692 E GnssLocationProvider: no AGPS interface in set_agps_server
02-20 21:16:07.594  1679  1679 I CommonTimeManagementService: No common time service detected on this platform.  Common time services will be unavailable.
02-20 21:16:07.595  1679  1726 I InputReader: Reconfiguring input devices.  changes=0x00000020
02-20 21:16:07.596  1679  1726 I InputReader: Reconfiguring input devices.  changes=0x00000010
02-20 21:16:07.596  1679  1679 D TelephonyRegistry: systemRunning register for intents
02-20 21:16:07.596  1679  1679 I MmsServiceBroker: Delay connecting to MmsService until an API is called
02-20 21:16:07.646  1679  1692 D TelephonyRegistry: listen oscl: hasNotifySubscriptionInfoChangedOccurred==false no callback
02-20 21:16:07.649  1679  1679 I am_proc_start: [0,1915,1001,com.android.phone,added application,com.android.phone]
02-20 21:16:07.711     0     0 D ieee80211 phy1: hw scan complete
02-20 21:16:07.711     0     0 D ieee80211 phy1: mac80211_hwsim_get_survey (idx=0)
02-20 21:16:07.751     0     0 D ieee80211 phy1: mac80211_hwsim_config (freq=0 idle=0 ps=0 smps=auto)
02-20 21:16:07.751     0     0 D ieee80211 phy1: add channel context control: 2447 MHz/width: 2/cfreqs:2437/0 MHz
02-20 21:16:07.751     0     0 D ieee80211 phy1: mac80211_hwsim_bss_info_changed(changed=0x40000)
02-20 21:16:07.751     0     0 D ieee80211 phy1: TX Power: 20 dBm
02-20 21:16:07.751     0     0 D ieee80211 phy1: mac80211_hwsim_bss_info_changed(changed=0x4000)
02-20 21:16:07.751     0     0 D ieee80211 phy1: change channel context control: 2447 MHz/width: 2/cfreqs:2437/0 MHz
02-20 21:16:07.751     0     0 D ieee80211 phy1: mac80211_hwsim_bss_info_changed(changed=0x88340)
02-20 21:16:07.751     0     0 D ieee80211 phy1: BCNINT: 100
02-20 21:16:07.751     0     0 D ieee80211 phy1: BCN EN: 1
02-20 21:16:07.751     0     0 D ieee80211 phy1: mac80211_hwsim_bss_info_changed(changed=0x3e)
02-20 21:16:07.751     0     0 D ieee80211 phy1: ERP_CTS_PROT: 0
02-20 21:16:07.751     0     0 D ieee80211 phy1: ERP_PREAMBLE: 0
02-20 21:16:07.751     0     0 D ieee80211 phy1: ERP_SLOT: 1
02-20 21:16:07.751     0     0 D ieee80211 phy1: HT: op_mode=0x0
02-20 21:16:07.751     0     0 D ieee80211 phy1: BASIC_RATES: 0xf
02-20 21:16:07.751     0     0 D ieee80211 phy1: mac80211_hwsim_conf_tx (queue=0 txop=47 cw_min=3 cw_max=7 aifs=1)
02-20 21:16:07.751     0     0 D ieee80211 phy1: mac80211_hwsim_bss_info_changed(changed=0x2000)
02-20 21:16:07.751     0     0 D ieee80211 phy1: mac80211_hwsim_conf_tx (queue=1 txop=94 cw_min=7 cw_max=15 aifs=1)
02-20 21:16:07.751     0     0 D ieee80211 phy1: mac80211_hwsim_bss_info_changed(changed=0x2000)
02-20 21:16:07.751     0     0 D ieee80211 phy1: mac80211_hwsim_conf_tx (queue=2 txop=0 cw_min=15 cw_max=63 aifs=3)
02-20 21:16:07.751     0     0 D ieee80211 phy1: mac80211_hwsim_bss_info_changed(changed=0x2000)
02-20 21:16:07.751     0     0 D ieee80211 phy1: mac80211_hwsim_conf_tx (queue=3 txop=0 cw_min=15 cw_max=1023 aifs=7)
02-20 21:16:07.751     0     0 D ieee80211 phy1: mac80211_hwsim_bss_info_changed(changed=0x2000)
02-20 21:16:07.751     0     0 I IPv6    : ADDRCONF(NETDEV_CHANGE): wlan1: link becomes ready
02-20 21:16:07.751     0     0 D ieee80211 phy1: mac80211_hwsim_configure_filter
02-20 21:16:07.649  1679  1679 I ActivityManager: Start proc 1915:com.android.phone/1001 for added application com.android.phone
02-20 21:16:07.650  1679  1679 I ActivityManager: START u0 {act=android.intent.action.MAIN cat=[android.intent.category.HOME] flg=0x10000100 cmp=com.android.settings/.FallbackHome} from uid 0 on display 0
02-20 21:16:07.651  1679  1679 W System  : ClassLoader referenced unknown path: 
02-20 21:16:07.651  1679  1679 W System  : ClassLoader referenced unknown path: /system/priv-app/Settings/lib/x86_64
02-20 21:16:07.651  1679  1679 D ApplicationLoaders: ignored Vulkan layer search path /system/priv-app/Settings/lib/x86_64:/system/priv-app/Settings/Settings.apk!/lib/x86_64:/system/lib64:/vendor/lib64 for namespace 0x7cde24310160
02-20 21:16:07.665  1679  1679 I ActivityManager: Loaded persisted task ids for user 0
02-20 21:16:07.666  1679  1679 I am_create_task: [0,1]
02-20 21:16:07.666  1679  1679 I am_create_activity: [0,133956657,1,com.android.settings/.FallbackHome,android.intent.action.MAIN,NULL,NULL,276824320]
02-20 21:16:07.666  1679  1679 I wm_task_created: [1,0]
02-20 21:16:07.666  1679  1679 I wm_task_moved: [1,1,0]
02-20 21:16:07.667  1679  1679 I wm_task_moved: [1,1,0]
02-20 21:16:07.667  1679  1679 I am_focused_activity: [0,com.android.settings/.FallbackHome,startedActivity]
02-20 21:16:07.679  1679  1679 I am_proc_start: [0,1920,1000,com.android.settings,activity,com.android.settings/.FallbackHome]
02-20 21:16:07.679  1679  1679 I ActivityManager: Start proc 1920:com.android.settings/1000 for activity com.android.settings/.FallbackHome
02-20 21:16:07.683  1679  1679 I SystemServer: Enabled StrictMode for system server main thread.
02-20 21:16:07.688  1679  1679 D ConditionProviders.SCP: onConnected
02-20 21:16:07.688  1679  1679 D ZenLog  : set_zen_mode: off,readXml
02-20 21:16:07.689  1915  1915 W art     : Unexpected CPU variant for X86 using defaults: x86_64
02-20 21:16:07.689  1679  1679 D ConditionProviders: Subscribing to condition://android/schedule?days=6.7&start=23.30&end=10.0&exitAtAlarm=false with ComponentInfo{android/com.android.server.notification.ScheduleConditionProvider}
02-20 21:16:07.689  1679  1679 D ZenLog  : subscribe: condition://android/schedule?days=6.7&start=23.30&end=10.0&exitAtAlarm=false,ok
02-20 21:16:07.689  1679  1679 D ConditionProviders: Subscribing to condition://android/event?userId=-10000&calendar=&reply=1 with ComponentInfo{android/com.android.server.notification.EventConditionProvider}
02-20 21:16:07.689  1679  1679 D ZenLog  : subscribe: condition://android/event?userId=-10000&calendar=&reply=1,ok
02-20 21:16:07.689  1679  1679 D ConditionProviders: Subscribing to condition://android/schedule?days=1.2.3.4.5&start=22.0&end=7.0&exitAtAlarm=false with ComponentInfo{android/com.android.server.notification.ScheduleConditionProvider}
02-20 21:16:07.689  1679  1679 D ZenLog  : subscribe: condition://android/schedule?days=1.2.3.4.5&start=22.0&end=7.0&exitAtAlarm=false,ok
02-20 21:16:07.698  1369  1388 E OMXNodeInstance: getExtensionIndex(559000f:google.mpeg4.decoder, OMX.google.android.index.configureVideoTunnelMode) ERROR: UnsupportedIndex(0x8000101a)
02-20 21:16:07.698  1369  1838 W OMXNodeInstance: [559000f:google.mpeg4.decoder] component does not support metadata mode; using fallback
02-20 21:16:07.702  1920  1920 W art     : Unexpected CPU variant for X86 using defaults: x86_64
02-20 21:16:07.706  1372  1372 I MediaPlayerService: MediaPlayerService::getOMX
02-20 21:16:07.707  1372  1372 I OMXClient: MuxOMX ctor
02-20 21:16:07.707  1369  1837 I OMXMaster: makeComponentInstance(OMX.google.h263.decoder) in mediacodec process
02-20 21:16:07.709  1679  1757 I am_proc_bound: [0,1915,com.android.phone]
02-20 21:16:07.728  1679  1679 D ZenLog  : set_zen_mode: off,cleanUpZenRules
02-20 21:16:07.729  1679  1740 I WifiScanningService: wifi driver unloaded
02-20 21:16:07.731  1679  1757 I stream_devices_changed: [0,0,2]
02-20 21:16:07.733  1679  1757 I stream_devices_changed: [2,0,2]
02-20 21:16:07.733  1679  1757 I stream_devices_changed: [3,0,2]
02-20 21:16:07.733  1679  1757 I stream_devices_changed: [6,0,2]
02-20 21:16:07.738  1679  1679 D RttService: SCAN_AVAILABLE : 1
02-20 21:16:07.738  1679  1741 D RttService: DefaultState got{ when=0 what=160513 target=com.android.internal.util.StateMachine$SmHandler }
02-20 21:16:07.738  1679  1757 I stream_devices_changed: [4,0,2]
02-20 21:16:07.739  1767  1901 I vol.Events: writeEvent level_changed STREAM_ALARM 6
02-20 21:16:07.746  1679  1679 W System  : ClassLoader referenced unknown path: /system/priv-app/Telecom/lib/x86_64
02-20 21:16:07.751  1513  1513 E hostapd : Using interface wlan1 with hwaddr 02:00:00:00:01:00 and ssid "AndroidWifi"
02-20 21:16:07.751  1679  1679 D ApplicationLoaders: ignored Vulkan layer search path /system/priv-app/Telecom/lib/x86_64:/system/priv-app/Telecom/Telecom.apk!/lib/x86_64:/system/lib64:/vendor/lib64 for namespace 0x7cde243101d0
02-20 21:16:07.751  1513  1513 I hostapd : wlan1: interface state HT_SCAN->ENABLED
02-20 21:16:07.751  1513  1513 I hostapd : wlan1: AP-ENABLED 
02-20 21:16:07.755  1915  1915 W System  : ClassLoader referenced unknown path: /system/priv-app/TeleService/lib/x86_64
02-20 21:16:07.756  1679  1757 I am_proc_bound: [0,1920,com.android.settings]
02-20 21:16:07.763  1767  1901 I vol.Events: writeEvent level_changed STREAM_BLUETOOTH_SCO 7
02-20 21:16:07.769  1767  1901 I vol.Events: writeEvent level_changed STREAM_MUSIC 11
02-20 21:16:07.770  1767  1901 I vol.Events: writeEvent level_changed STREAM_RING 5
02-20 21:16:07.771  1767  1901 I vol.Events: writeEvent level_changed STREAM_SYSTEM 5
02-20 21:16:07.773  1369  1838 E OMXNodeInstance: getExtensionIndex(5590010:google.h263.decoder, OMX.google.android.index.configureVideoTunnelMode) ERROR: UnsupportedIndex(0x8000101a)
02-20 21:16:07.773  1369  1369 W OMXNodeInstance: [5590010:google.h263.decoder] component does not support metadata mode; using fallback
02-20 21:16:07.773  1767  1901 I vol.Events: writeEvent level_changed STREAM_VOICE_CALL 4
02-20 21:16:07.773  1372  1372 I MediaPlayerService: MediaPlayerService::getOMX
02-20 21:16:07.774  1372  1372 I OMXClient: MuxOMX ctor
02-20 21:16:07.774  1369  1388 I OMXMaster: makeComponentInstance(OMX.google.h264.decoder) in mediacodec process
02-20 21:16:07.788  1679  1692 I GnssLocationProvider: WakeLock released by handleMessage(13, 0, null)
02-20 21:16:07.788  1679  1692 E GnssLocationProvider: no AGPS interface in set_agps_server
02-20 21:16:07.788  1679  1692 I GnssLocationProvider: WakeLock released by handleMessage(2, 1, null)
02-20 21:16:07.789  1679  1692 W LocationProviderProxy-network: Odd, no component found for service com.android.location.service.v3.NetworkLocationProvider
02-20 21:16:07.789  1679  1692 W GeocoderProxy: Odd, no component found for service com.android.location.service.GeocodeProvider
02-20 21:16:07.789  1679  1692 W GeofenceProxy: Odd, no component found for service com.android.location.service.GeofenceProvider
02-20 21:16:07.789  1679  1692 W ActivityRecognitionProxy: Odd, no component found for service com.android.location.service.ActivityRecognitionProvider
02-20 21:16:07.819  1312  1705 D PermissionCache: checking android.permission.READ_FRAME_BUFFER for uid=1000 => granted (248 us)
02-20 21:16:07.838  1372  1372 W ACodec  : [OMX.google.h264.decoder] stopping checking profiles after 32: 2/8000
02-20 21:16:07.838  1369  1369 E OMXNodeInstance: getExtensionIndex(5590011:google.h264.decoder, OMX.google.android.index.configureVideoTunnelMode) ERROR: UnsupportedIndex(0x8000101a)
02-20 21:16:07.838  1369  1388 W OMXNodeInstance: [5590011:google.h264.decoder] component does not support metadata mode; using fallback
02-20 21:16:07.840  1372  1372 I MediaPlayerService: MediaPlayerService::getOMX
02-20 21:16:07.840  1372  1372 I OMXClient: MuxOMX ctor
02-20 21:16:07.840  1369  1388 I OMXMaster: makeComponentInstance(OMX.google.hevc.decoder) in mediacodec process
02-20 21:16:07.863  1312  1705 D gralloc_ranchu: gralloc_alloc: Creating ashmem region of size 17051648
02-20 21:16:07.869  1369  1837 E OMXNodeInstance: getExtensionIndex(5590012:google.hevc.decoder, OMX.google.android.index.configureVideoTunnelMode) ERROR: UnsupportedIndex(0x8000101a)
02-20 21:16:07.869  1369  1838 W OMXNodeInstance: [5590012:google.hevc.decoder] component does not support metadata mode; using fallback
02-20 21:16:07.871  1372  1372 I MediaPlayerService: MediaPlayerService::getOMX
02-20 21:16:07.871  1372  1372 I OMXClient: MuxOMX ctor
02-20 21:16:07.871  1369  1838 I OMXMaster: makeComponentInstance(OMX.google.vp8.decoder) in mediacodec process
02-20 21:16:07.890  1369  1838 E OMXNodeInstance: getExtensionIndex(5590013:google.vp8.decoder, OMX.google.android.index.configureVideoTunnelMode) ERROR: UnsupportedIndex(0x8000101a)
02-20 21:16:07.890  1369  1388 W OMXNodeInstance: [5590013:google.vp8.decoder] component does not support metadata mode; using fallback
02-20 21:16:07.890  1372  1372 I MediaPlayerService: MediaPlayerService::getOMX
02-20 21:16:07.890  1372  1372 I OMXClient: MuxOMX ctor
02-20 21:16:07.890  1369  1369 I OMXMaster: makeComponentInstance(OMX.google.vp9.decoder) in mediacodec process
02-20 21:16:07.907  1369  1837 E OMXNodeInstance: getExtensionIndex(5590014:google.vp9.decoder, OMX.google.android.index.configureVideoTunnelMode) ERROR: UnsupportedIndex(0x8000101a)
02-20 21:16:07.907  1369  1388 W OMXNodeInstance: [5590014:google.vp9.decoder] component does not support metadata mode; using fallback
02-20 21:16:07.909  1372  1372 I MediaPlayerService: MediaPlayerService::getOMX
02-20 21:16:07.909  1372  1372 I OMXClient: MuxOMX ctor
02-20 21:16:07.909  1369  1388 I OMXMaster: makeComponentInstance(OMX.google.h263.encoder) in mediacodec process
02-20 21:16:07.925  1369  1388 I SoftMPEG4Encoder: Construct SoftMPEG4Encoder
02-20 21:16:07.927  1372  1372 W ACodec  : do not know color format 0x7f000789 = 2130708361
02-20 21:16:07.927  1369  1388 E OMXNodeInstance: getConfig(5590015:google.h263.encoder, ConfigAndroidIntraRefresh(0x6f60000a)) ERROR: Undefined(0x80001001)
02-20 21:16:07.929  1372  1372 I MediaPlayerService: MediaPlayerService::getOMX
02-20 21:16:07.929  1372  1372 I OMXClient: MuxOMX ctor
02-20 21:16:07.929  1369  1838 I OMXMaster: makeComponentInstance(OMX.google.h264.encoder) in mediacodec process
02-20 21:16:07.950  1372  1372 W ACodec  : do not know color format 0x7f000789 = 2130708361
02-20 21:16:07.951  1372  1372 I MediaPlayerService: MediaPlayerService::getOMX
02-20 21:16:07.952  1372  1372 I OMXClient: MuxOMX ctor
02-20 21:16:07.952  1369  1838 I OMXMaster: makeComponentInstance(OMX.google.mpeg4.encoder) in mediacodec process
02-20 21:16:07.998  1679  1757 I am_restart_activity: [0,133956657,1,com.android.settings/.FallbackHome]
02-20 21:16:07.998  1679  1679 W art     : Long monitor contention with owner Binder:1679_3 (1757) at void com.android.server.am.ActivityManagerService.attachApplication(android.app.IApplicationThread)(ActivityManagerService.java:6669) waiters=1 in void com.android.server.am.ActivityManagerService.serviceDoneExecuting(android.os.IBinder, int, int, int) for 201ms
02-20 21:16:07.998  1679  1679 I dvm_lock_sample: [system_server,1,main,201,ActivityManagerService.java,17339,-,6669,40]
02-20 21:16:08.005  1915  1915 W System  : ClassLoader referenced unknown path: /system/priv-app/TelephonyProvider/lib/x86_64
02-20 21:16:08.005  1915  1915 D ApplicationLoaders: ignored Vulkan layer search path /system/priv-app/TelephonyProvider/lib/x86_64:/system/lib64:/vendor/lib64 for namespace 0x7cde243100f0
02-20 21:16:08.008  1369  1838 I SoftMPEG4Encoder: Construct SoftMPEG4Encoder
02-20 21:16:08.009  1372  1372 W ACodec  : do not know color format 0x7f000789 = 2130708361
02-20 21:16:08.014  1920  1920 W System  : ClassLoader referenced unknown path: /system/priv-app/Settings/lib/x86_64
02-20 21:16:08.016  1369  1837 E OMXNodeInstance: getConfig(5590017:google.mpeg4.encoder, ConfigAndroidIntraRefresh(0x6f60000a)) ERROR: Undefined(0x80001001)
02-20 21:16:08.029  1372  1372 I MediaPlayerService: MediaPlayerService::getOMX
02-20 21:16:08.029  1312  1325 E SurfaceFlinger: ro.sf.lcd_density must be defined as a build property
02-20 21:16:08.029  1372  1372 I OMXClient: MuxOMX ctor
02-20 21:16:08.029  1369  1837 I OMXMaster: makeComponentInstance(OMX.google.vp8.encoder) in mediacodec process
02-20 21:16:08.045  1767  1767 D         : HostConnection::get() New Host Connection established 0x7cde05061600, tid 1767
02-20 21:16:08.064  1679  1679 E BluetoothAdapter: Bluetooth binder is null
02-20 21:16:08.084  1679  1679 I Telecom : SystemStateProvider: Registering car mode receiver: android.content.IntentFilter@2b2ba68: TS.init@AAA
02-20 21:16:08.107  1679  1973 I Telecom : Telecom: Non-call EVENT: AUDIO_ROUTE, Entering state QuiescentEarpieceRoute
02-20 21:16:08.109  1767  1767 D StorageNotification: Notifying about private volume: VolumeInfo{private}:
02-20 21:16:08.109  1767  1767 D StorageNotification:     type=PRIVATE diskId=null partGuid=null mountFlags=0 mountUserId=-1 
02-20 21:16:08.109  1767  1767 D StorageNotification:     state=MOUNTED 
02-20 21:16:08.109  1767  1767 D StorageNotification:     fsType=null fsUuid=null fsLabel=null 
02-20 21:16:08.109  1767  1767 D StorageNotification:     path=/data internalPath=null 
02-20 21:16:08.109  1767  1767 D StorageNotification: Notifying about public volume: VolumeInfo{public:253,64}:
02-20 21:16:08.109  1767  1767 D StorageNotification:     type=PUBLIC diskId=disk:253,64 partGuid=null mountFlags=VISIBLE 
02-20 21:16:08.109  1767  1767 D StorageNotification:     mountUserId=0 state=MOUNTED 
02-20 21:16:08.109  1767  1767 D StorageNotification:     fsType=vfat fsUuid=1E12-0B12 fsLabel=SDCARD 
02-20 21:16:08.109  1767  1767 D StorageNotification:     path=/storage/1E12-0B12 internalPath=/mnt/media_rw/1E12-0B12 
02-20 21:16:08.124  1915  1915 D TelephonyProvider: dbh.onOpen: ok, queried table=siminfo
02-20 21:16:08.124  1915  1915 D TelephonyProvider: dbh.onOpen: ok, queried table=carriers
02-20 21:16:08.126  1920  1920 I am_on_resume_called: [0,com.android.settings.FallbackHome,LAUNCH_ACTIVITY]
02-20 21:16:08.127  1679  1974 I Telecom : CallAudioModeStateMachine: Message received: null.: TS.init->CAMSM.pM_1@AAA_0
02-20 21:16:08.128  1679  1679 E BluetoothAdapter: Bluetooth binder is null
02-20 21:16:08.128  1679  1976 E ActivityThread: Failed to find provider info for call_log
02-20 21:16:08.133  1312  1325 E SurfaceFlinger: ro.sf.lcd_density must be defined as a build property
02-20 21:16:08.138  1920  1920 D         : HostConnection::get() New Host Connection established 0x7cde157f5fa0, tid 1920
02-20 21:16:08.140  1679  1679 I Telecom : Class: TelecomSystem.INSTANCE being set
02-20 21:16:08.143  1679  1679 E BluetoothAdapter: Bluetooth binder is null
02-20 21:16:08.144  1679  1679 W ContextImpl: Calling a method in the system process without a qualified user: android.app.ContextImpl.startService:1357 com.android.server.content.SyncManager$13.run:658 android.os.Handler.handleCallback:751 android.os.Handler.dispatchMessage:95 android.os.Looper.loop:154 
02-20 21:16:08.151  1372  1372 W ACodec  : do not know color format 0x7f000789 = 2130708361
02-20 21:16:08.151  1369  1838 E OMXNodeInstance: getConfig(5590018:google.vp8.encoder, ConfigAndroidIntraRefresh(0x6f60000a)) ERROR: Undefined(0x80001001)
02-20 21:16:08.153  1372  1372 I MediaPlayerService: MediaPlayerService::getOMX
02-20 21:16:08.154  1372  1372 I OMXClient: MuxOMX ctor
02-20 21:16:08.162  1372  1372 I MediaPlayerService: MediaPlayerService::getOMX
02-20 21:16:08.163  1372  1372 I OMXClient: MuxOMX ctor
02-20 21:16:08.163  1372  1372 W MediaCodecList: unable to open media codecs configuration xml file: /data/misc/media/media_codecs_profiling_results.xml
02-20 21:16:08.163  1372  1891 I MediaPlayerService: MediaPlayerService::getOMX
02-20 21:16:08.163  1372  1389 I MediaPlayerService: MediaPlayerService::getOMX
02-20 21:16:08.163  1767  1886 I OMXClient: MuxOMX ctor
02-20 21:16:08.164  1679  1816 I OMXClient: MuxOMX ctor
02-20 21:16:08.164  1369  1388 I OMXMaster: makeComponentInstance(OMX.google.vorbis.decoder) in mediacodec process
02-20 21:16:08.198  1915  1915 D TDC     : updateOrInsert: inserting: Modem { uuid=modem, state=0, rilModel=0, rat={}, maxActiveVoiceCall=1, maxActiveDataCall=1, maxStandby=1 }
02-20 21:16:08.198  1915  1915 D TDC     : updateOrInsert: inserting: Sim { uuid=sim, modemUuid=modem, state=0 }
02-20 21:16:08.208  1679  1679 W System  : ClassLoader referenced unknown path: /system/priv-app/FusedLocation/lib/x86_64
02-20 21:16:08.211  1679  1679 D ApplicationLoaders: ignored Vulkan layer search path /system/priv-app/FusedLocation/lib/x86_64:/system/priv-app/FusedLocation/FusedLocation.apk!/lib/x86_64:/system/lib64:/vendor/lib64 for namespace 0x7cde24310240
02-20 21:16:08.214  1915  1915 D CdmaSSM : subscriptionSource from settings: 0
02-20 21:16:08.214  1915  1915 I PhoneFactory: Cdma Subscription set to 0
02-20 21:16:08.216  1369  1369 I OMXMaster: makeComponentInstance(OMX.google.vorbis.decoder) in mediacodec process
02-20 21:16:08.222  1679  1679 D GpsNetInitiatedHandler: location enabled :true
02-20 21:16:08.222  1679  1679 V WiredAccessoryManager: notifyWiredAccessoryChanged: when=0 bits= mask=54
02-20 21:16:08.222  1679  1679 V WiredAccessoryManager: newName=h2w newState=0 headsetState=0 prev headsetState=0
02-20 21:16:08.222  1679  1679 E WiredAccessoryManager: No state change.
02-20 21:16:08.222  1679  1679 V WiredAccessoryManager: init()
02-20 21:16:08.231  1915  1915 I PhoneFactory: Network Mode set to 0
02-20 21:16:08.243  1920  1977 D         : HostConnection::get() New Host Connection established 0x7cde1fc2f0a0, tid 1977
02-20 21:16:08.245  1920  1977 I OpenGLRenderer: Initialized EGL, version 1.4
02-20 21:16:08.245  1920  1977 D OpenGLRenderer: Swap behavior 1
02-20 21:16:08.259  1915  1915 D RILJ    : RIL(context, preferredNetworkType=0 cdmaSubscription=0)
02-20 21:16:08.272  1920  1977 D EGL_emulation: eglCreateContext: 0x7cde1577a560: maj 3 min 0 rcv 3
02-20 21:16:08.283  1679  1757 I StatusBarManagerService: registerStatusBar bar=com.android.internal.statusbar.IStatusBar$Stub$Proxy@d3a1cb8
02-20 21:16:08.293  1679  1736 D WifiConfigManager: Loading config and enabling all networks 
02-20 21:16:08.298  1372  1839 I MediaPlayerService: MediaPlayerService::getOMX
02-20 21:16:08.299  1679  1736 W WifiNetworkHistory: Upgrading network 0 to android.uid.system:1000
02-20 21:16:08.299  1915  1915 D RILJ    : Starting RILReceiver0 [SUB0]
02-20 21:16:08.300  1679  1736 D WifiConfigManager: loaded 0 passpoint configs
02-20 21:16:08.301  1679  1736 E IpConfigStore: Error parsing configuration: java.io.FileNotFoundException: /data/misc/wifi/ipconfig.txt (No such file or directory)
02-20 21:16:08.305  1679  2002 I OMXClient: MuxOMX ctor
02-20 21:16:08.307  1679  1736 D WifiNative-HAL: Setting external_sim to 1
02-20 21:16:08.308  1679  1736 D WifiStateMachine: Setting OUI to DA-A1-19
02-20 21:16:08.308  1374  1480 I RILC    : libril: new connection to RIL_SOCKET_1
02-20 21:16:08.308  1374  1480 I RILC    : RIL Daemon version: android reference-ril 1.0
02-20 21:16:08.310  1679  1736 I WifiConnectivityManager: PNO settings: min5GHzRssi -82 min24GHzRssi -85 currentConnectionBonus 16 sameNetworkBonus 24 secureNetworkBonus 80 initialScoreMax 100
02-20 21:16:08.310  1679  1736 I WifiConnectivityManager: ConnectivityScanManager initialized and disabled
02-20 21:16:08.310  1679  1736 I WifiConnectivityManager: setUntrustedConnectionAllowed: allowed=false
02-20 21:16:08.310  1679  1736 E WifiLogger: no ring buffers found
02-20 21:16:08.310  1679  1736 E WifiLogger: Failed to start packet fate monitoring
02-20 21:16:08.311  1369  1388 I OMXMaster: makeComponentInstance(OMX.google.vorbis.decoder) in mediacodec process
02-20 21:16:08.315  1679  1736 I WifiConnectivityManager: Set WiFi enabled
02-20 21:16:08.315  1679  1736 I WifiConnectivityManager: scheduleWatchdogTimer
02-20 21:16:08.331  1915  1915 D RILJ    : [3648]> GET_HARDWARE_CONFIG [SUB0]
02-20 21:16:08.331  1915  1915 D RilRequest: [3648]< GET_HARDWARE_CONFIG error: com.android.internal.telephony.CommandException: RADIO_NOT_AVAILABLE ret=
02-20 21:16:08.331  1915  1915 I PhoneFactory: Creating SubscriptionController
02-20 21:16:08.333  1915  1915 D SubscriptionController: [SubscriptionController] init by Context
02-20 21:16:08.336  1915  1915 D UiccController: Creating UiccController
02-20 21:16:08.338  1679  1679 W VibratorService: Tried to stop vibrating but there is no vibrator device.
02-20 21:16:08.342  1679  1736 D WifiNative-HAL: Failing getSupportedFeatureset because HAL isn't started
02-20 21:16:08.343  1679  1696 E BatteryStatsService: no controller energy info supplied
02-20 21:16:08.343  1679  1696 E KernelCpuSpeedReader: Failed to read cpu-freq: /sys/devices/system/cpu/cpu0/cpufreq/stats/time_in_state (No such file or directory)
02-20 21:16:08.343  1679  1696 E KernelUidCpuTimeReader: Failed to read uid_cputime: /proc/uid_cputime/show_uid_stat (No such file or directory)
02-20 21:16:08.344  1679  1736 D WifiNative-HAL: Failing getSupportedFeatureset because HAL isn't started
02-20 21:16:08.345  1679  1696 E BatteryStatsService: no controller energy info supplied
02-20 21:16:08.346  1679  1696 E KernelCpuSpeedReader: Failed to read cpu-freq: /sys/devices/system/cpu/cpu0/cpufreq/stats/time_in_state (No such file or directory)
02-20 21:16:08.346  1679  1696 E KernelUidCpuTimeReader: Failed to read uid_cputime: /proc/uid_cputime/show_uid_stat (No such file or directory)
02-20 21:16:08.347  1372  1372 I MediaPlayerService: MediaPlayerService::getOMX
02-20 21:16:08.347  1767  2009 I OMXClient: MuxOMX ctor
02-20 21:16:08.348  1915  1915 D TelephonyTester: register for intent action=com.android.internal.telephony.action_detached
02-20 21:16:08.348  1915  1915 D TelephonyTester: register for intent action=com.android.internal.telephony.action_attached
02-20 21:16:08.349  1679  1679 D ConditionProviders.SCP: onSubscribe condition://android/schedule?days=6.7&start=23.30&end=10.0&exitAtAlarm=false
02-20 21:16:08.349  1679  1679 D ConditionProviders.SCP: setRegistered true
02-20 21:16:08.349  1679  1679 D ConditionProviders.SCP: notifyCondition condition://android/schedule?days=6.7&start=23.30&end=10.0&exitAtAlarm=false STATE_FALSE reason=!meetsSchedule
02-20 21:16:08.349  1915  2007 I RILJ    : (0) Connected to 'rild' socket
02-20 21:16:08.350  1915  2007 D RILJ    : [UNSL]< UNSOL_RIL_CONNECTED {12} [SUB0]
02-20 21:16:08.350  1915  2007 D RILJ    : [3649]> RADIO_POWER off [SUB0]
02-20 21:16:08.350  1679  1679 D ConditionProviders.SCP: Scheduling evaluate for Tue Feb 20 23:30:00 GMT+00:00 2018 (1519169400000), in +2h13m51s651ms, now=Tue Feb 20 21:16:08 GMT+00:00 2018 (1519161368349)
02-20 21:16:08.351  1679  1679 D ConditionProviders.SCP: onSubscribe condition://android/schedule?days=1.2.3.4.5&start=22.0&end=7.0&exitAtAlarm=false
02-20 21:16:08.351  1679  1679 D ConditionProviders.SCP: notifyCondition condition://android/schedule?days=6.7&start=23.30&end=10.0&exitAtAlarm=false STATE_FALSE reason=!meetsSchedule
02-20 21:16:08.351  1679  1679 D ConditionProviders.SCP: notifyCondition condition://android/schedule?days=1.2.3.4.5&start=22.0&end=7.0&exitAtAlarm=false STATE_FALSE reason=!meetsSchedule
02-20 21:16:08.351  1679  1679 D ConditionProviders.SCP: Scheduling evaluate for Tue Feb 20 22:00:00 GMT+00:00 2018 (1519164000000), in +43m51s649ms, now=Tue Feb 20 21:16:08 GMT+00:00 2018 (1519161368351)
02-20 21:16:08.352  1915  2007 D RILJ    : [3650]> RIL_REQUEST_CDMA_SET_SUBSCRIPTION_SOURCE : 0 [SUB0]
02-20 21:16:08.352  1374  1480 D RIL     : onRequest: RADIO_POWER
02-20 21:16:08.352  1679  1679 I Telecom : WiredHeadsetManager: ACTION_HEADSET_PLUG event, plugged in: false, : WHC.oADA@AAE
02-20 21:16:08.353  1915  2007 D RILJ    : setCellInfoListRate: 2147483647 [SUB0]
02-20 21:16:08.353  1915  2007 D RILJ    : [3651]> RIL_REQUEST_SET_CELL_INFO_LIST_RATE [SUB0]
02-20 21:16:08.353  1374  1480 D RIL     : onRequest: CDMA_SET_SUBSCRIPTION_SOURCE
02-20 21:16:08.353  1374  1480 D RIL     : onRequest: SET_UNSOL_CELL_INFO_LIST_RATE
02-20 21:16:08.353  1915  2007 D RILJ    : [UNSL]< UNSOL_RESPONSE_RADIO_STATE_CHANGED RADIO_OFF [SUB0]
02-20 21:16:08.353  1915  2007 D RILJ    : [3652]> SCREEN_STATE: true [SUB0]
02-20 21:16:08.354  1915  2007 D RILJ    : [UNSL]< UNSOL_NITZ_TIME_RECEIVED 18/02/20:21:16:02+0:0:Unknown!Unknown [SUB0]
02-20 21:16:08.354  1374  1480 D RIL     : onRequest: SCREEN_STATE
02-20 21:16:08.354  1915  2007 D RILJ    : [3649]< RADIO_POWER  [SUB0]
02-20 21:16:08.354  1915  2007 D RilRequest: [3650]< RIL_REQUEST_CDMA_SET_SUBSCRIPTION_SOURCE error: com.android.internal.telephony.CommandException: RADIO_NOT_AVAILABLE ret=
02-20 21:16:08.354  1915  2007 D RilRequest: [3651]< RIL_REQUEST_SET_CELL_INFO_LIST_RATE error: com.android.internal.telephony.CommandException: RADIO_NOT_AVAILABLE ret=
02-20 21:16:08.354  1915  2007 D RilRequest: [3652]< SCREEN_STATE error: com.android.internal.telephony.CommandException: RADIO_NOT_AVAILABLE ret=
02-20 21:16:08.358  1920  1977 D EGL_emulation: eglMakeCurrent: 0x7cde1577a560: ver 3 0 (tinfo 0x7cde1fdedd20)
02-20 21:16:08.366  1369  1996 I OMXMaster: makeComponentInstance(OMX.google.vorbis.decoder) in mediacodec process
02-20 21:16:08.368  1915  1915 D Phone   : mDoesRilSendMultipleCallRing=true
02-20 21:16:08.368  1915  1915 D Phone   : mCallRingDelay=3000
02-20 21:16:08.378  1915  1915 D RILJ    : [3653]> RIL_REQUEST_START_LCE [SUB0]
02-20 21:16:08.380  1374  1480 D RIL     : onRequest: <unknown request>
02-20 21:16:08.381  1915  2007 D RilRequest: [3653]< RIL_REQUEST_START_LCE error: com.android.internal.telephony.CommandException: RADIO_NOT_AVAILABLE ret=
02-20 21:16:08.392  1915  1915 E RIL_ImsSms: getFormat should never be called from here!
02-20 21:16:08.392  1915  1915 D SMSDispatcher: SMSDispatcher: ctor mSmsCapable=true format=unknown mSmsSendDisabled=false
02-20 21:16:08.392  1915  1915 D RIL_ImsSms: ImsSMSDispatcher created
02-20 21:16:08.394  1679  1679 I ActivityManager: user 0 is still locked. Cannot load recents
02-20 21:16:08.413  1915  1915 D SMSDispatcher: SMSDispatcher: ctor mSmsCapable=true format=3gpp2 mSmsSendDisabled=false
02-20 21:16:08.413  1915  1915 D CdmaSMSDispatcher: CdmaSMSDispatcher created
02-20 21:16:08.422  1679  1679 I notification_enqueue: [10028,1767,com.android.systemui,1397773634,public:253,64,-1,Notification(pri=0 contentView=null vibrate=null sound=null defaults=0x0 flags=0x100 color=0xff607d8b category=sys actions=2 vis=PUBLIC),0]
02-20 21:16:08.430  1920  1977 D EGL_emulation: eglMakeCurrent: 0x7cde1577a560: ver 3 0 (tinfo 0x7cde1fdedd20)
02-20 21:16:08.431  1915  1915 D GsmInboundSmsHandler: created InboundSmsHandler
02-20 21:16:08.445  1372  1891 I MediaPlayerService: MediaPlayerService::getOMX
02-20 21:16:08.445  1767  2020 I OMXClient: MuxOMX ctor
02-20 21:16:08.445  1369  1388 I OMXMaster: makeComponentInstance(OMX.google.vorbis.decoder) in mediacodec process
02-20 21:16:08.448  1915  1915 D CdmaInboundSmsHandler: created InboundSmsHandler
02-20 21:16:08.452  1679  1740 I WifiScanningService: wifi driver loaded with scan capabilities: max buckets=16
