02-20 21:16:10.445  1915  2007 D RILJ    : [3726]< SIM_IO IccIoResponse sw1:0x90 sw2:0x0 [SUB0]
02-20 21:16:10.445  1374  1482 D AT      : AT< OK
02-20 21:16:10.445  1374  1480 D RIL     : onRequest: SIM_IO
02-20 21:16:10.445  1374  1480 D AT      : AT> AT+CRSM=178,28613,1,4,24
02-20 21:16:10.445  1915  2007 D RILJ    : [3727]< SIM_IO IccIoResponse sw1:0x90 sw2:0x0 [SUB0]
02-20 21:16:10.445  1915  1915 D RILJ    : [3729]> iccIO: SIM_IO 0xb0 0x6f38  path: 3F007F20,0,0,15 aid: null [SUB0]
02-20 21:16:10.446  1915  1915 D RILJ    : [3730]> iccIO: SIM_IO 0xb0 0x6f16  path: 3F007F20,0,0,2 aid: null [SUB0]
02-20 21:16:10.446  1915  1915 E SST     : error parsing GprsRegistrationState: java.lang.NumberFormatException: null
02-20 21:16:10.446  1915  1915 D SST     : handlPollStateResultMessage: GsmSST setDataRegState=0 regState=1 dataRadioTechnology=14
02-20 21:16:10.446  1915  1915 D SST     : EVENT_POLL_STATE_NETWORK_SELECTION_MODE
02-20 21:16:10.446  1915  1915 D SST     : Poll ServiceState done:  oldSS=[0 0 voice home data home Android Android 310260 Android Android 310260  Unknown LTE CSS not supported -1 -1 RoamInd=-1 DefRoamInd=-1 EmergOnly=false IsDataRoamingFromRegistration=false IsUsingCarrierAggregation=false] newSS=[0 0 voice home data home Android Android 310260 Android Android 310260  Unknown LTE CSS not supported -1 -1 RoamInd=-1 DefRoamInd=-1 EmergOnly=false IsDataRoamingFromRegistration=false IsUsingCarrierAggregation=false] oldMaxDataCalls=1 mNewMaxDataCalls=1 oldReasonDataDenied=-1 mNewReasonDataDenied=-1
02-20 21:16:10.446  1915  1915 D RuimRecords: [RuimRecords] NO update mccmnc=310260
02-20 21:16:10.446  1915  1915 D RuimRecords: [RuimRecords] onRecordLoaded 9 requested: true
02-20 21:16:10.447  1915  1915 D RILJ    : [3731]> iccIO: SIM_IO 0xb0 0x2fe2  path: 3F00,0,0,10 aid: null [SUB0]
02-20 21:16:10.447  1374  1482 D AT      : AT< +CRSM: 144,0,43058441aa890affffffffffffffffffffffffffffffffff
02-20 21:16:10.447  1374  1482 D AT      : AT< OK
02-20 21:16:10.447  1374  1480 D RIL     : onRequest: SIM_IO
02-20 21:16:10.447  1374  1480 D AT      : AT> AT+CRSM=176,28472,0,0,15
02-20 21:16:10.447  1915  2007 D RILJ    : [3728]< SIM_IO IccIoResponse sw1:0x90 sw2:0x0 [SUB0]
02-20 21:16:10.447  1374  1482 D AT      : AT< +CRSM: 144,0,ff30ffff3c003c03000c0000f03f00
02-20 21:16:10.447  1374  1482 D AT      : AT< OK
02-20 21:16:10.447  1374  1480 D RIL     : onRequest: SIM_IO
02-20 21:16:10.447  1374  1480 D AT      : AT> AT+CRSM=176,28438,0,0,2
02-20 21:16:10.447  1915  2007 D RILJ    : [3729]< SIM_IO IccIoResponse sw1:0x90 sw2:0x0 [SUB0]
02-20 21:16:10.447  1374  1482 D AT      : AT< +CRSM: 144,0,0233
02-20 21:16:10.447  1374  1482 D AT      : AT< OK
02-20 21:16:10.448  1374  1480 D RIL     : onRequest: SIM_IO
02-20 21:16:10.448  1374  1480 D AT      : AT> AT+CRSM=176,12258,0,0,10
02-20 21:16:10.448  1915  2007 D RILJ    : [3730]< SIM_IO IccIoResponse sw1:0x90 sw2:0x0 [SUB0]
02-20 21:16:10.448  1374  1482 D AT      : AT< +CRSM: 144,0,98101430121181157002
02-20 21:16:10.448  1374  1482 D AT      : AT< OK
02-20 21:16:10.448  1915  2007 D RILJ    : [3731]< SIM_IO IccIoResponse sw1:0x90 sw2:0x0 [SUB0]
02-20 21:16:10.449  1915  1915 D IccCardProxy: broadcastIccStateChangedIntent intent ACTION_SIM_STATE_CHANGED value=IMSI reason=null for mPhoneId=0
02-20 21:16:10.453  1915  1915 D SIMRecords: [SIMRecords] onRecordLoaded 15 requested: true
02-20 21:16:10.453  1915  1915 D RILJ    : [3732]> iccIO: SIM_IO 0xc0 0x6f14  path: 3F007F20,0,0,15 aid: null [SUB0]
02-20 21:16:10.454  1374  1480 D RIL     : onRequest: SIM_IO
02-20 21:16:10.454  1374  1480 D AT      : AT> AT+CRSM=192,28436,0,0,15
02-20 21:16:10.454  1915  1915 D SIMRecords: [SIMRecords] onRecordLoaded 15 requested: true
02-20 21:16:10.454  1915  1915 D SIMRecords: [SIMRecords] onRecordLoaded 14 requested: true
02-20 21:16:10.454  1915  1915 E SIMRecords: [SIMRecords] Exception in fetching EF_CSP data com.android.internal.telephony.CommandException: GENERIC_FAILURE
02-20 21:16:10.454  1915  1915 D SIMRecords: [SIMRecords] onRecordLoaded 13 requested: true
02-20 21:16:10.454  1915  1915 E SIMRecords: [SIMRecords] Exception in get GID1 com.android.internal.telephony.CommandException: GENERIC_FAILURE
02-20 21:16:10.455  1915  1915 D SIMRecords: [SIMRecords] onRecordLoaded 12 requested: true
02-20 21:16:10.455  1915  1915 E SIMRecords: [SIMRecords] Exception in get GID2 com.android.internal.telephony.CommandException: GENERIC_FAILURE
02-20 21:16:10.455  1915  1915 D SIMRecords: [SIMRecords] onRecordLoaded 11 requested: true
02-20 21:16:10.455  1374  1482 D AT      : AT< +CRSM: 144,0,000000146f1404001aa0aa01020000
02-20 21:16:10.455  1374  1482 D AT      : AT< OK
02-20 21:16:10.455  1915  2007 D RILJ    : [3732]< SIM_IO IccIoResponse sw1:0x90 sw2:0x0 [SUB0]
02-20 21:16:10.455  1915  1915 D RuimRecords: [RuimRecords] EF_PL LOADED
02-20 21:16:10.456  1915  1915 E RuimRecords: [RuimRecords] Record Load Exception: com.android.internal.telephony.CommandException: GENERIC_FAILURE
02-20 21:16:10.456  1915  1915 D RuimRecords: [RuimRecords] onRecordLoaded 8 requested: true
02-20 21:16:10.456  1915  1915 D RuimRecords: [RuimRecords] EF_CSIM_LI LOADED
02-20 21:16:10.460  1915  1915 E RuimRecords: [RuimRecords] Record Load Exception: com.android.internal.telephony.CommandException: GENERIC_FAILURE
02-20 21:16:10.460  1915  1915 D RuimRecords: [RuimRecords] onRecordLoaded 7 requested: true
02-20 21:16:10.460  1915  1915 D RuimRecords: [RuimRecords] EF_CSIM_SPN LOADED
02-20 21:16:10.460  1915  1915 E RuimRecords: [RuimRecords] Record Load Exception: com.android.internal.telephony.CommandException: GENERIC_FAILURE
02-20 21:16:10.460  1915  1915 D RuimRecords: [RuimRecords] onRecordLoaded 6 requested: true
02-20 21:16:10.460  1915  1915 D RuimRecords: [RuimRecords] EF_CSIM_MDN LOADED
02-20 21:16:10.460  1915  1915 E RuimRecords: [RuimRecords] Record Load Exception: com.android.internal.telephony.CommandException: GENERIC_FAILURE
02-20 21:16:10.460  1915  1915 D RuimRecords: [RuimRecords] onRecordLoaded 5 requested: true
02-20 21:16:10.460  1915  1915 D RuimRecords: [RuimRecords] EF_CSIM_IMSIM LOADED
02-20 21:16:10.460  1915  1915 E RuimRecords: [RuimRecords] Record Load Exception: com.android.internal.telephony.CommandException: GENERIC_FAILURE
02-20 21:16:10.460  1915  1915 D RuimRecords: [RuimRecords] onRecordLoaded 4 requested: true
02-20 21:16:10.461  1915  1915 D RuimRecords: [RuimRecords] EF_CSIM_CDMAHOME LOADED
02-20 21:16:10.461  1915  1915 E RuimRecords: [RuimRecords] Record Load Exception: com.android.internal.telephony.CommandException: GENERIC_FAILURE
02-20 21:16:10.461  1915  1915 D RuimRecords: [RuimRecords] onRecordLoaded 3 requested: true
02-20 21:16:10.461  1915  1915 D RuimRecords: [RuimRecords] EF_CSIM_EPRL LOADED
02-20 21:16:10.461  1915  1915 E RuimRecords: [RuimRecords] Record Load Exception: com.android.internal.telephony.CommandException: GENERIC_FAILURE
02-20 21:16:10.461  1915  1915 D RuimRecords: [RuimRecords] onRecordLoaded 2 requested: true
02-20 21:16:10.461  1915  1915 D RuimRecords: [RuimRecords] EF_CSIM_MIPUPP LOADED
02-20 21:16:10.461  1915  1915 E RuimRecords: [RuimRecords] Record Load Exception: com.android.internal.telephony.CommandException: GENERIC_FAILURE
02-20 21:16:10.461  1915  1915 D RuimRecords: [RuimRecords] onRecordLoaded 1 requested: true
02-20 21:16:10.461  1915  1915 D SubscriptionInfoUpdater: [Receiver]+
02-20 21:16:10.461  1915  1915 D SubscriptionInfoUpdater: Action: android.intent.action.SIM_STATE_CHANGED
02-20 21:16:10.461  1915  1915 D SubscriptionInfoUpdater: slotId: 0
02-20 21:16:10.461  1915  1915 D SubscriptionInfoUpdater: simStatus: IMSI
02-20 21:16:10.461  1915  1915 D SubscriptionInfoUpdater: Ignoring simStatus: IMSI
02-20 21:16:10.461  1915  1915 D SubscriptionInfoUpdater: [Receiver]-
02-20 21:16:10.461  1915  1915 D SIMRecords: [SIMRecords] iccid: 89014103211118510720
02-20 21:16:10.461  1915  1915 D SIMRecords: [SIMRecords] onRecordLoaded 10 requested: true
02-20 21:16:10.464  1915  1915 D SIMRecords: [SIMRecords] EF_MBI: 01000000
02-20 21:16:10.464  1915  1915 D SIMRecords: [SIMRecords] Got valid mailbox number for MBDN
02-20 21:16:10.464  1915  1915 D RILJ    : [3733]> iccIO: SIM_IO 0xc0 0x6fc7  path: 3F007F20,0,0,15 aid: null [SUB0]
02-20 21:16:10.465  1374  1480 D RIL     : onRequest: SIM_IO
02-20 21:16:10.465  1374  1480 D AT      : AT> AT+CRSM=192,28615,0,0,15
02-20 21:16:10.466  1374  1482 D AT      : AT< +CRSM: 144,0,000000406fc7040011a0aa01020120
02-20 21:16:10.466  1374  1482 D AT      : AT< OK
02-20 21:16:10.466  1915  2007 D RILJ    : [3733]< SIM_IO IccIoResponse sw1:0x90 sw2:0x0 [SUB0]
02-20 21:16:10.466  1915  1915 D SIMRecords: [SIMRecords] onRecordLoaded 10 requested: true
02-20 21:16:10.468  1915  1915 D SIMRecords: [SIMRecords] EF_AD: 00000003
02-20 21:16:10.468  1915  1915 D SIMRecords: [SIMRecords] setting4 mMncLength=3
02-20 21:16:10.468  1915  1915 D SIMRecords: [SIMRecords] update mccmnc=310260
02-20 21:16:10.468  1915  1915 D MccTable: updateMccMncConfiguration mccmnc='310260' fromServiceState=false
02-20 21:16:10.468  1915  1915 D SubscriptionController: [getPhoneId]- no sims, returning default phoneId=2147483647
02-20 21:16:10.469  1915  1915 D MccTable: updateMccMncConfiguration defaultMccMnc=
02-20 21:16:10.469  1915  1915 D MccTable: updateMccMncConfiguration: mcc=310, mnc=260
02-20 21:16:10.469  1915  1915 D MccTable: updateMccMncConfiguration updateConfig config={1.0 310mcc260mnc ?localeList ?layoutDir ?swdp ?wdp ?hdp ?density ?lsize ?long ?orien ?uimode ?night ?touch ?keyb/?/? ?nav/?}
02-20 21:16:10.469  1679  1958 I configuration_changed: 3
02-20 21:16:10.469  1679  1958 I ActivityManager: Config changes=3 {1.0 310mcc260mnc [en_US] ldltr sw360dp w360dp h668dp 640dpi nrml long port finger -keyb/v/h -nav/h s.6}
02-20 21:16:10.470  2074  2074 W System  : ClassLoader referenced unknown path: /system/app/PrebuiltDeskClockGoogle/lib/x86_64
02-20 21:16:10.471  1679  1958 I am_relaunch_resume_activity: [0,133956657,1,com.android.settings/.FallbackHome]
02-20 21:16:10.473  1920  1920 I am_on_paused_called: [0,com.android.settings.FallbackHome,handleRelaunchActivity]
02-20 21:16:10.474  1915  1915 D SIMRecords: [SIMRecords] onRecordLoaded 9 requested: true
02-20 21:16:10.474  1915  1915 D SIMRecords: [SIMRecords] EF_MWIS : 0000000000
02-20 21:16:10.474  1915  1915 D SIMRecords: [SIMRecords] onRecordLoaded 8 requested: true
02-20 21:16:10.474  1915  1915 D SIMRecords: [SIMRecords] EF_CPHS_MWI: 55
02-20 21:16:10.474  1915  1915 D SIMRecords: [SIMRecords] onRecordLoaded 7 requested: true
02-20 21:16:10.474  1915  1915 D SIMRecords: [SIMRecords] EF_CFF_CPHS: 55
02-20 21:16:10.474  1915  1915 D SIMRecords: [SIMRecords] onRecordLoaded 6 requested: true
02-20 21:16:10.474  1915  1915 D RILJ    : [3734]> iccIO: SIM_IO 0xb0 0x6f14  path: 3F007F20,0,0,20 aid: null [SUB0]
02-20 21:16:10.474  1915  1915 D SIMRecords: [SIMRecords] onRecordLoaded 5 requested: true
02-20 21:16:10.474  1915  1915 D SIMRecords: [SIMRecords] SST: UsimServiceTable[120]={ PHONEBOOK, FDN, FDN_EXTENSION, SDN, SDN_EXTENSION, BDN, BDN_EXTENSION, OUTGOING_CALL_INFO, ADVICE_OF_CHARGE, CAP_CONFIG_PARAMS_2, GROUP_ID_LEVEL_1, GROUP_ID_LEVEL_2, SPN, USER_PLMN_SELECT, MSISDN, IMAGE, LOCALISED_SERVICE_AREAS, EMLPP, EMLPP_AUTO_ANSWER, RFU, GSM_ACCESS, DATA_DL_VIA_SMS_PP, DATA_DL_VIA_SMS_CB, CALL_CONTROL_BY_USIM, MO_SMS_CONTROL_BY_USIM, RUN_AT_COMMAND, APN_CONTROL_LIST, DEPERSONALISATION_CONTROL_KEYS, COOPERATIVE_NETWORK_LIST, GSM_SECURITY_CONTEXT, SERVICE_PROVIDER_DISPLAY_INFO, MMS_NOTIFICATION, MMS_NOTIFICATION_EXTENSION, GPRS_CALL_CONTROL_BY_USIM, VGCS_GROUP_ID_LIST, VBS_GROUP_ID_LIST, OMA_BCAST_PROFILE, GBA_LOCAL_KEY_ESTABLISHMENT, #101, #102, #103, #104, #105, #106, #107, #108, #109, #110 }
02-20 21:16:10.474  1915  1915 D SIMRecords: [SIMRecords] onRecordLoaded 4 requested: true
02-20 21:16:10.474  1915  1915 D SIMRecords: [SIMRecords] iCPHS: 0233
02-20 21:16:10.474  1915  1915 D SIMRecords: [SIMRecords] onRecordLoaded 3 requested: true
02-20 21:16:10.474  1915  1915 D RuimRecords: [RuimRecords] iccid: 89014103211118510720
02-20 21:16:10.474  1915  1915 D RuimRecords: [RuimRecords] onRecordLoaded 0 requested: true
02-20 21:16:10.474  1915  1915 D RuimRecords: [RuimRecords] record load complete
02-20 21:16:10.474  1915  1915 D SIMRecords: [SIMRecords] MSISDN: [t-WgLegCyIMgfHgPkOdM6pkZbpA]
02-20 21:16:10.475  1915  1915 D SIMRecords: [SIMRecords] onRecordLoaded 2 requested: true
02-20 21:16:10.475  1915  1915 D RILJ    : [3735]> iccIO: SIM_IO 0xb2 0x6fc7  path: 3F007F20,1,4,32 aid: null [SUB0]
02-20 21:16:10.475  1374  1480 D RIL     : onRequest: SIM_IO
02-20 21:16:10.475  1374  1480 D AT      : AT> AT+CRSM=176,28436,0,0,20
02-20 21:16:10.475  1915  2058 D DCT     : [0]hasMatchedTetherApnSetting: APN=null
02-20 21:16:10.475  1374  1482 D AT      : AT< +CRSM: 144,0,416e64726f6964ffffffffffffffffffffffffff
02-20 21:16:10.475  1374  1482 D AT      : AT< OK
02-20 21:16:10.475  1915  2007 D RILJ    : [3734]< SIM_IO IccIoResponse sw1:0x90 sw2:0x0 [SUB0]
02-20 21:16:10.475  1374  1480 D RIL     : onRequest: SIM_IO
02-20 21:16:10.475  1374  1480 D AT      : AT> AT+CRSM=178,28615,1,4,32
02-20 21:16:10.475  1374  1482 D AT      : AT< +CRSM: 144,0,566f6963656d61696cffffffffffffffffff07915155125740f9ffffffffffff
02-20 21:16:10.475  1374  1482 D AT      : AT< OK
02-20 21:16:10.475  1915  2007 D RILJ    : [3735]< SIM_IO IccIoResponse sw1:0x90 sw2:0x0 [SUB0]
02-20 21:16:10.476  1915  1915 D SIMRecords: [SIMRecords] getServiceProviderName: no brandOverride, providerName=Android
02-20 21:16:10.476  1915  1915 D SIMRecords: [SIMRecords] Load EF_SPN_CPHS: Android
02-20 21:16:10.476  1915  1915 D TelephonyManager: setTelephonyProperty: success phoneId=0 property=gsm.sim.operator.alpha value: Android propVal=Android
02-20 21:16:10.476  1915  1915 D SIMRecords: [SIMRecords] onRecordLoaded 1 requested: true
02-20 21:16:10.476  1915  1915 D SIMRecords: [SIMRecords] VM: ADN Record 'Voicemail' '[-MWU1cAlDrkXUZ8dpHi_wU_YOpU] null' EF[MBDN]
02-20 21:16:10.476  1915  1915 D SIMRecords: [SIMRecords] onRecordLoaded 0 requested: true
02-20 21:16:10.476  1915  1915 D SIMRecords: [SIMRecords] record load complete
02-20 21:16:10.476  1915  1915 D SIMRecords: [SIMRecords] Not using EF LI/EF PL
02-20 21:16:10.476  1915  1915 D SIMRecords: [SIMRecords] EF_CFF: callForwardingEnabled=0
02-20 21:16:10.476  1915  1915 D SIMRecords: [SIMRecords] onAllRecordsLoaded set 'gsm.sim.operator.numeric' to operator='310260'
02-20 21:16:10.476  1915  1915 D SIMRecords: [SIMRecords] update icc_operator_numeric=310260
02-20 21:16:10.476  1915  1915 D TelephonyManager: setTelephonyProperty: success phoneId=0 property=gsm.sim.operator.numeric value: 310260 propVal=310260
02-20 21:16:10.476  1915  1915 D SubscriptionController: [setMccMnc]+ mcc/mnc:310/260 subId:-1
02-20 21:16:10.483  1920  1977 D EGL_emulation: eglMakeCurrent: 0x7cde1577a560: ver 3 0 (tinfo 0x7cde1fdedd20)
02-20 21:16:10.483  1920  1920 I am_on_stop_called: [0,com.android.settings.FallbackHome,destroy]
02-20 21:16:10.491  1915  1944 D SubscriptionController: [getActiveSubInfoList] Sub Controller not ready
02-20 21:16:10.493  1915  2059 D SubscriptionController: [getSlotId]- subId invalid
02-20 21:16:10.494  1767  2068 D TelephonyManager: getSimState: default sim:-1, sim state for slotIdx=0 is 5, return state as unknown
02-20 21:16:10.494  1679  1694 V KeyguardServiceDelegate: *** Keyguard connected (yay!)
02-20 21:16:10.494  1312  1705 I SurfaceFlinger: Boot is finished (10777 ms)
02-20 21:16:10.494  1312  1705 I sf_stop_bootanim: 12605
02-20 21:16:10.497  1915  1915 D SubscriptionController: notifySubscriptionInfoChanged:
02-20 21:16:10.497  1679  1679 I GnssLocationProvider: WakeLock acquired by sendMessage(12, 0, null)
02-20 21:16:10.498  1915  1944 D SubscriptionController: [getActiveSubInfoList] Sub Controller not ready
02-20 21:16:10.498  1915  1942 D SubscriptionController: [getActiveSubInfoList] Sub Controller not ready
02-20 21:16:10.502  1915  1915 D SIMRecords: [SIMRecords] onAllRecordsLoaded set mcc imsi
02-20 21:16:10.502  1915  1915 D TelephonyManager: setTelephonyProperty: success phoneId=0 property=gsm.sim.operator.iso-country value: us propVal=us
02-20 21:16:10.505  1915  1915 D SST     : SubscriptionListener.onSubscriptionInfoChanged
02-20 21:16:10.505  1915  1915 D SIMRecords: [SIMRecords]  VoiceMessageCount from SIM MWIS = 0
02-20 21:16:10.505  1915  1915 E Phone   : getStoredVoiceMessageCount: invalid subId -2
02-20 21:16:10.506  1915  1915 D GsmCdmaPhone: [GsmCdmaPhone] updateVoiceMail countVoiceMessages = 0 subId -2
02-20 21:16:10.506  1915  1915 E Phone   : setVoiceMessageCount in sharedPreference: invalid subId -2
02-20 21:16:10.506  1915  1915 D DCT     : [0]SubscriptionListener.onSubscriptionInfoChanged
02-20 21:16:10.506  1915  1915 D SubscriptionController: [getActiveSubInfoList] Sub Controller not ready
02-20 21:16:10.506  1915  2059 D SubscriptionController: [getPhoneId]- no sims, returning default phoneId=2147483647
02-20 21:16:10.507  1915  1915 D SubscriptionController: [getActiveSubInfoList] Sub Controller not ready
02-20 21:16:10.507  1915  1915 I Telephony: PstnIncomingCallNotifier: Unregistering: Handler (com.android.internal.telephony.GsmCdmaPhone) {4fc1241}
02-20 21:16:10.507  1915  1915 E PhoneInterfaceManager: [PhoneIntfMgr] getIccId: No UICC
02-20 21:16:10.509  1679  1691 I Telecom : PhoneAccountRegistrar: [ComponentInfo{com.android.phone/com.android.services.telephony.TelephonyConnectionService}, [e0184adedf913b076626646d3f52c3b49c39ad6d], UserHandle{0}(addr: tel:*********** -> tel:)(icon: Icon(typ=BITMAP size=76x96) -> Icon(typ=BITMAP size=76x96))(subAddr: tel:*********** -> tel:)]: TSI.rPA@AAo
02-20 21:16:09.666     0     0 I init    : Service 'bootanim' (pid 1347) exited with status 0
02-20 21:16:09.669     0     0 I init    : Starting service 'exec 6 (/system/bin/bootstat)'...
02-20 21:16:10.511  1679  1691 I Telecom : : Sending phone-account registered intent as user: TSI.rPA@AAo
02-20 21:16:10.511  1915  1915 I Telephony: AccountEntry: Registered phoneAccount: [[ ] PhoneAccount: ComponentInfo{com.android.phone/com.android.services.telephony.TelephonyConnectionService}, [e0184adedf913b076626646d3f52c3b49c39ad6d], UserHandle{0} Capabilities: CallProvider MultiUser PlaceEmerg SimSub  Schemes: tel voicemail  Extras: null GroupId: [da39a3ee5e6b4b0d3255bfef95601890afd80709]] with handle: ComponentInfo{com.android.phone/com.android.services.telephony.TelephonyConnectionService}, [e0184adedf913b076626646d3f52c3b49c39ad6d], UserHandle{0}
02-20 21:16:10.514  1915  1915 I Telephony: PstnIncomingCallNotifier: Registering: Handler (com.android.internal.telephony.GsmCdmaPhone) {4fc1241}
02-20 21:16:10.516  1915  1915 D CAT     : CatService: handleMessage[20]
02-20 21:16:10.516  1915  1915 D GsmCdmaPhone: [GsmCdmaPhone] updateCurrentCarrierInProvider: mSubId = -2 currentDds = 1 operatorNumeric = 310260
02-20 21:16:10.516  1915  1915 D IccCardProxy: operator=310260 mPhoneId=0
02-20 21:16:10.516  1915  1915 D TelephonyManager: setTelephonyProperty: success phoneId=0 property=gsm.sim.operator.numeric value: 310260 propVal=310260
02-20 21:16:10.517  1915  1915 D TelephonyManager: setTelephonyProperty: success phoneId=0 property=gsm.sim.operator.iso-country value: us propVal=us
02-20 21:16:10.517  1915  1915 D IccCardProxy: Sending intent ACTION_INTERNAL_SIM_STATE_CHANGED for mPhoneId : 0
02-20 21:16:10.517  1915  1915 D SST     : EVENT_SIM_RECORDS_LOADED: what=16
02-20 21:16:10.518  1915  1915 D GsmCdmaPhone: [GsmCdmaPhone] updatePhoneObject: radioTechnology=0
02-20 21:16:10.518  1915  1915 D SST     : getOtasp: otasp not needed for GSM
02-20 21:16:10.518  1915  1915 D SST     : updateOtaspState: call notifyOtaspChanged old otaspMode=0 new otaspMode=3
02-20 21:16:10.518  1915  1915 D SIMRecords: [SIMRecords] getServiceProviderName: no brandOverride, providerName=Android
02-20 21:16:10.518  1915  1915 D SIMRecords: [SIMRecords] getServiceProviderName: no brandOverride, providerName=Android
02-20 21:16:10.518  1915  1915 D SST     : updateSpnDisplay: changed sending intent rule=1 showPlmn='false' plmn='Android' showSpn='true' spn='Android' dataSpn='Android' subId='-2'
02-20 21:16:10.520  1915  1915 D SubscriptionController: [setPlmnSpn] No valid subscription to store info
02-20 21:16:10.520  1915  1915 D SubscriptionController: notifySubscriptionInfoChanged:
02-20 21:16:10.521  1679  1679 I GnssLocationProvider: WakeLock acquired by sendMessage(12, 0, null)
02-20 21:16:10.521  1915  1942 D SubscriptionController: [getActiveSubInfoList] Sub Controller not ready
02-20 21:16:10.522  1915  1915 E PhoneInterfaceManager: [PhoneIntfMgr] getIccId: No UICC
02-20 21:16:10.524  1679  1757 I Telecom : PhoneAccountRegistrar: [ComponentInfo{com.android.phone/com.android.services.telephony.TelephonyConnectionService}, [e0184adedf913b076626646d3f52c3b49c39ad6d], UserHandle{0}(icon: Icon(typ=BITMAP size=76x96) -> Icon(typ=BITMAP size=76x96))]: TSI.rPA@AA0
02-20 21:16:10.525  1679  1757 I Telecom : : Sending phone-account registered intent as user: TSI.rPA@AA0
02-20 21:16:10.525  1915  1915 D SubscriptionInfoUpdater: [Receiver]+
02-20 21:16:10.525  1915  1915 D SubscriptionInfoUpdater: Action: android.intent.action.internal_sim_state_changed
02-20 21:16:10.525  1915  1915 D SubscriptionInfoUpdater: slotId: 0
02-20 21:16:10.525  1915  1915 D SubscriptionInfoUpdater: simStatus: LOADED
02-20 21:16:10.525  1915  1915 D SubscriptionInfoUpdater: [Receiver]-
02-20 21:16:10.525  1915  1915 D GsmCdmaPhone: [GsmCdmaPhone] phoneObjectUpdater: newVoiceRadioTech=0
02-20 21:16:10.525  1915  1915 D GsmCdmaPhone: [GsmCdmaPhone] phoneObjectUpdater: volteReplacementRat=0
02-20 21:16:10.525  1915  1915 E GsmCdmaPhone: [GsmCdmaPhone] phoneObjectUpdater: newVoiceRadioTech=0 doesn't match either CDMA or GSM - error! No phone change
02-20 21:16:10.525  1915  1915 D SST     : SubscriptionListener.onSubscriptionInfoChanged
02-20 21:16:10.525  1915  1915 D DCT     : [0]SubscriptionListener.onSubscriptionInfoChanged
02-20 21:16:10.525  1915  1915 D SubscriptionController: [getActiveSubInfoList] Sub Controller not ready
02-20 21:16:10.526  1915  1915 D SubscriptionController: [getActiveSubInfoList] Sub Controller not ready
02-20 21:16:10.526  1915  1915 I Telephony: PstnIncomingCallNotifier: Unregistering: Handler (com.android.internal.telephony.GsmCdmaPhone) {4fc1241}
02-20 21:16:10.526  1915  1915 E PhoneInterfaceManager: [PhoneIntfMgr] getIccId: No UICC
02-20 21:16:10.529  1679  1691 I Telecom : PhoneAccountRegistrar: [ComponentInfo{com.android.phone/com.android.services.telephony.TelephonyConnectionService}, [e0184adedf913b076626646d3f52c3b49c39ad6d], UserHandle{0}(icon: Icon(typ=BITMAP size=76x96) -> Icon(typ=BITMAP size=76x96))]: TSI.rPA@AA4
02-20 21:16:10.530  1679  1691 I Telecom : : Sending phone-account registered intent as user: TSI.rPA@AA4
02-20 21:16:10.531  1915  1915 I Telephony: AccountEntry: Registered phoneAccount: [[ ] PhoneAccount: ComponentInfo{com.android.phone/com.android.services.telephony.TelephonyConnectionService}, [e0184adedf913b076626646d3f52c3b49c39ad6d], UserHandle{0} Capabilities: CallProvider MultiUser PlaceEmerg SimSub  Schemes: tel voicemail  Extras: null GroupId: [da39a3ee5e6b4b0d3255bfef95601890afd80709]] with handle: ComponentInfo{com.android.phone/com.android.services.telephony.TelephonyConnectionService}, [e0184adedf913b076626646d3f52c3b49c39ad6d], UserHandle{0}
02-20 21:16:10.531  1915  1915 I Telephony: PstnIncomingCallNotifier: Registering: Handler (com.android.internal.telephony.GsmCdmaPhone) {4fc1241}
02-20 21:16:10.531  1915  2058 D SubscriptionController: [getActiveSubInfoList] Sub Controller not ready
02-20 21:16:10.539  1915  1915 D SubscriptionInfoUpdater: handleSimStateLoadedInternal: slotId: 0
02-20 21:16:10.539  1915  1915 D SubscriptionInfoUpdater: All IccIds query complete
02-20 21:16:10.539  1915  1915 D SubscriptionInfoUpdater: updateSubscriptionInfoByIccId:+ Start
02-20 21:16:10.539  1915  1915 D SubscriptionController: [clearSubInfo]- no simInfo size=0
02-20 21:16:10.539  1915  1915 D SubscriptionInfoUpdater: insertedSimCount = 1
02-20 21:16:10.540  1915  1915 D SubscriptionController: [getSubInfoUsingSlotIdWithCheck]+ slotId:0
02-20 21:16:10.542  1920  1920 I am_on_resume_called: [0,com.android.settings.FallbackHome,handleRelaunchActivity]
02-20 21:16:10.552  1915  1915 D SubscriptionController: [getPhoneId]- no sims, returning default phoneId=2147483647
02-20 21:16:10.562  1915  1915 D SubscriptionController: [getPhoneId]- no sims, returning default phoneId=2147483647
02-20 21:16:10.563  1915  1915 D SubscriptionController: [getPhoneId]- no sims, returning default phoneId=2147483647
02-20 21:16:10.563  1915  1915 D SubscriptionController: [getSubInfoUsingSlotId]- null info return
02-20 21:16:10.563  1915  1915 D SubscriptionInfoUpdater: updateSubscriptionInfoByIccId: oldSubId = 1
02-20 21:16:10.563  1915  1915 D SubscriptionInfoUpdater: updateSubscriptionInfoByIccId: oldIccId[0] = 89014103211118510720, sIccId[0] = 89014103211118510720
02-20 21:16:10.563  1915  1915 D SubscriptionController: [addSubInfoRecord]+ iccId:89014103211118510720 slotId:0
02-20 21:16:10.565  1915  1915 D SubscriptionController: [getActiveSubInfoList] Sub Controller not ready
02-20 21:16:10.565  1915  1915 D SubscriptionController: [addSubInfoRecord] Record already exists
02-20 21:16:10.566  1915  1915 D SubscriptionController: [addSubInfoRecord] sSlotIdxToSubId.size=1 slotId=0 subId=1 defaultSubId=1 simCount=1
02-20 21:16:10.567  1915  1915 D SubscriptionController: [setDefaultFallbackSubId] subId=1
02-20 21:16:10.567  1915  1915 D SubscriptionController: [setDefaultFallbackSubId] set mDefaultFallbackSubId=1
02-20 21:16:10.567  1915  1915 D MccTable: updateMccMncConfiguration mccmnc='310260' fromServiceState=false
02-20 21:16:10.569  1679  1694 W WindowManager: Keyguard drawn timeout. Setting mKeyguardDrawComplete
02-20 21:16:10.573  1915  1915 D MccTable: updateMccMncConfiguration defaultMccMnc=310260
02-20 21:16:10.573  1915  1915 D MccTable: updateMccMncConfiguration: mcc=310, mnc=260
02-20 21:16:10.573  1915  1915 D MccTable: updateMccMncConfiguration updateConfig config={1.0 310mcc260mnc ?localeList ?layoutDir ?swdp ?wdp ?hdp ?density ?lsize ?long ?orien ?uimode ?night ?touch ?keyb/?/? ?nav/?}
02-20 21:16:10.575  2096  2096 I bootstat: Service started: /system/bin/bootstat --record_boot_complete 
02-20 21:16:10.577  2096  2096 I bootstat: Logging histogram: bootstat_mtime_matches_content 1
02-20 21:16:10.577  2096  2096 I sysui_histogram: [bootstat_mtime_matches_content,1]
02-20 21:16:10.577  2096  2096 I bootstat: Logging histogram: bootstat_mtime_matches_content 1
02-20 21:16:10.577  2096  2096 I sysui_histogram: [bootstat_mtime_matches_content,1]
02-20 21:16:10.577  2096  2096 I bootstat: Logging histogram: bootstat_mtime_matches_content 1
02-20 21:16:10.577  2096  2096 I sysui_histogram: [bootstat_mtime_matches_content,1]
02-20 21:16:10.581  1312  1312 I sf_frame_dur: [BootAnimation,0,36,182,12,2,0,0]
02-20 21:16:10.582  1679  1690 I dvm_lock_sample: [system_server,1,Binder:1679_1,39,WindowManagerService.java,1887,WindowAnimator.java,144,7]
02-20 21:16:10.583  1915  1915 D SubscriptionController: [setDefaultFallbackSubId] broadcast default subId changed phoneId=0 subId=1
02-20 21:16:09.689     0     0 I init    : Service 'exec 6 (/system/bin/bootstat)' (pid 2096) exited with status 0
02-20 21:16:09.691     0     0 I init    : Starting service 'exec 7 (/system/bin/bootstat)'...
02-20 21:16:09.703     0     0 I init    : Service 'exec 7 (/system/bin/bootstat)' (pid 2098) exited with status 0
02-20 21:16:09.703     0     0 I init    : Starting service 'exec 8 (/system/bin/bootstat)'...
02-20 21:16:09.727     0     0 I init    : Service 'exec 8 (/system/bin/bootstat)' (pid 2099) exited with status 0
02-20 21:16:09.728     0     0 I init    : Starting service 'exec 9 (/system/bin/bootstat)'...
02-20 21:16:10.587  1915  1915 D SubscriptionController: [addSubInfoRecord] one sim set defaults to subId=1
02-20 21:16:09.741     0     0 I init    : Service 'exec 9 (/system/bin/bootstat)' (pid 2100) exited with status 0
02-20 21:16:10.588  1915  1915 D SubscriptionController: [setDefaultDataSubId] num phones=1, subId=1
02-20 21:16:10.588  1915  1915 D SubscriptionController: [setDefaultDataSubId] phoneId=0 subId=1 RAF=1
02-20 21:16:10.588  1915  1915 D ProxyController: setRadioCapability: Already in requested configuration, nothing to do.
02-20 21:16:10.588  1915  1915 D SubscriptionController: [updateAllDataConnectionTrackers] sPhones.length=1
02-20 21:16:10.588  1915  1915 D SubscriptionController: [updateAllDataConnectionTrackers] phoneId=0
02-20 21:16:10.588  1915  1915 D DCT     : [0]update sub = 1
02-20 21:16:10.588  1915  1915 D DCT     : [0]update(): Active DDS, register for all events now!
02-20 21:16:10.588  1915  1915 D DCT     : [0]New records found.
02-20 21:16:10.588  1915  1915 D SST     : mDeviceShuttingDown=false, mDesiredPowerState=true, getRadioState=RADIO_ON, mPowerOffDelayNeed=true, mAlarmSwitch=false, mRadioDisabledByCarrier=false
02-20 21:16:10.588  1915  1915 D GsmCdmaPhone: [GsmCdmaPhone] updateCurrentCarrierInProvider: mSubId = 1 currentDds = 1 operatorNumeric = 310260
02-20 21:16:10.591  2098  2098 I bootstat: Service started: /system/bin/bootstat --record_boot_reason 
02-20 21:16:10.591  2098  2098 I bootstat: Unknown boot reason: 
02-20 21:16:10.604  1915  1944 D RILJ    : [3736]> RIL_REQUEST_GET_CELL_INFO_LIST [SUB0]
02-20 21:16:10.604  1374  1480 D RIL     : onRequest: GET_CELL_INFO_LIST
02-20 21:16:10.604  1374  1480 D RILC    : responseCellInfoList: v12
02-20 21:16:10.605  1915  2007 D RILJ    : [3736]< RIL_REQUEST_GET_CELL_INFO_LIST [CellInfoGsm:{mRegistered=YES mTimeStampType=modem mTimeStamp=12715261444ns CellIdentityGsm:{ mMcc=310 mMnc=260 mLac=3 mCid=91 mArfcn=10 mBsic=0x0} CellSignalStrengthGsm: ss=520090040 ber=31249 mTa=527010940}] [SUB0]
02-20 21:16:10.613  2099  2099 I bootstat: Service started: /system/bin/bootstat --record_time_since_factory_reset 
02-20 21:16:10.613  2099  2099 I bootstat: Logging histogram: factory_reset_current_time 1519161370
02-20 21:16:10.613  2099  2099 I sysui_histogram: [factory_reset_current_time,1519161370]
02-20 21:16:10.616  2099  2099 I bootstat: Logging histogram: bootstat_mtime_matches_content 1
02-20 21:16:10.616  2099  2099 I sysui_histogram: [bootstat_mtime_matches_content,1]
02-20 21:16:10.616  2099  2099 I bootstat: Logging histogram: factory_reset_record_value 1519154248
02-20 21:16:10.616  2099  2099 I sysui_histogram: [factory_reset_record_value,1519154248]
02-20 21:16:10.623  1915  1915 D SubscriptionController: [broadcastDefaultDataSubIdChanged] subId=1
02-20 21:16:10.624  1915  1915 D SubscriptionController: [setDefaultSmsSubId] subId=1
02-20 21:16:10.624  1915  1915 D SubscriptionController: [broadcastDefaultSmsSubIdChanged] subId=1
02-20 21:16:10.624  1915  1915 D SubscriptionController: [setDefaultVoiceSubId] subId=1
02-20 21:16:10.625  1915  1915 D SubscriptionController: [broadcastDefaultVoiceSubIdChanged] subId=1
02-20 21:16:10.625  1915  1915 D SubscriptionController: [addSubInfoRecord] hashmap(0,1)
02-20 21:16:10.625  2100  2100 I bootstat: Service started: /system/bin/bootstat -l 
02-20 21:16:10.626  2100  2100 I bootstat: Logging histogram: bootstat_mtime_matches_content 1
02-20 21:16:10.626  2100  2100 I sysui_histogram: [bootstat_mtime_matches_content,1]
02-20 21:16:10.626  2100  2100 I bootstat: Logging histogram: bootstat_mtime_matches_content 1
02-20 21:16:10.626  2100  2100 I sysui_histogram: [bootstat_mtime_matches_content,1]
02-20 21:16:10.626  2100  2100 I bootstat: Logging histogram: bootstat_mtime_matches_content 1
02-20 21:16:10.626  2100  2100 I sysui_histogram: [bootstat_mtime_matches_content,1]
02-20 21:16:10.626  2100  2100 I bootstat: Logging histogram: bootstat_mtime_matches_content 1
02-20 21:16:10.626  2100  2100 I sysui_histogram: [bootstat_mtime_matches_content,1]
02-20 21:16:10.626  2100  2100 I bootstat: Logging histogram: bootstat_mtime_matches_content 1
02-20 21:16:10.626  2100  2100 I sysui_histogram: [bootstat_mtime_matches_content,1]
02-20 21:16:10.629  2100  2100 I bootstat: Logging histogram: bootstat_mtime_matches_content 1
02-20 21:16:10.629  2100  2100 I sysui_histogram: [bootstat_mtime_matches_content,1]
02-20 21:16:10.630  2100  2100 I bootstat: Logging histogram: bootstat_mtime_matches_content 1
02-20 21:16:10.630  2100  2100 I sysui_histogram: [bootstat_mtime_matches_content,1]
02-20 21:16:10.630  2100  2100 I bootstat: Logging histogram: bootstat_mtime_matches_content 1
02-20 21:16:10.630  2100  2100 I sysui_histogram: [bootstat_mtime_matches_content,1]
02-20 21:16:10.630  2100  2100 I bootstat: Logging histogram: bootstat_mtime_matches_content 1
02-20 21:16:10.630  2100  2100 I sysui_histogram: [bootstat_mtime_matches_content,1]
02-20 21:16:10.630  2100  2100 I bootstat: Logging histogram: bootstat_mtime_matches_content 1
02-20 21:16:10.630  2100  2100 I sysui_histogram: [bootstat_mtime_matches_content,1]
02-20 21:16:10.630  2100  2100 I bootstat: Logging histogram: bootstat_mtime_matches_content 1
02-20 21:16:10.630  2100  2100 I sysui_histogram: [bootstat_mtime_matches_content,1]
02-20 21:16:10.630  2100  2100 I bootstat: Logging histogram: bootstat_mtime_matches_content 1
02-20 21:16:10.630  2100  2100 I sysui_histogram: [bootstat_mtime_matches_content,1]
02-20 21:16:10.630  2100  2100 I bootstat: Logging histogram: bootstat_mtime_matches_content 1
02-20 21:16:10.630  2100  2100 I sysui_histogram: [bootstat_mtime_matches_content,1]
02-20 21:16:10.630  2100  2100 I bootstat: Logging histogram: bootstat_mtime_matches_content 1
02-20 21:16:10.630  2100  2100 I sysui_histogram: [bootstat_mtime_matches_content,1]
02-20 21:16:10.630  2100  2100 I bootstat: Logging histogram: post_decrypt_time_elapsed 2
02-20 21:16:10.630  2100  2100 I sysui_histogram: [post_decrypt_time_elapsed,2]
02-20 21:16:10.630  2100  2100 I bootstat: Logging histogram: last_boot_time_utc 1519161370
02-20 21:16:10.630  2100  2100 I sysui_histogram: [last_boot_time_utc,1519161370]
02-20 21:16:10.630  2100  2100 I bootstat: Logging histogram: build_date 1513095943
02-20 21:16:10.630  2100  2100 I sysui_histogram: [build_date,1513095943]
02-20 21:16:10.630  2100  2100 I bootstat: Logging histogram: boot_decryption_complete 12
02-20 21:16:10.630  2100  2100 I sysui_histogram: [boot_decryption_complete,12]
02-20 21:16:10.630  2100  2100 I bootstat: Logging histogram: ota_boot_complete_post_decrypt 7
02-20 21:16:10.630  2100  2100 I sysui_histogram: [ota_boot_complete_post_decrypt,7]
02-20 21:16:10.630  2100  2100 I bootstat: Logging histogram: ota_boot_complete 9
02-20 21:16:10.630  2100  2100 I sysui_histogram: [ota_boot_complete,9]
02-20 21:16:10.630  2100  2100 I bootstat: Logging histogram: boot_reason 1
02-20 21:16:10.630  2100  2100 I sysui_histogram: [boot_reason,1]
02-20 21:16:10.630  2100  2100 I bootstat: Logging histogram: factory_reset_current_time 1519161370
02-20 21:16:10.630  2100  2100 I sysui_histogram: [factory_reset_current_time,1519161370]
02-20 21:16:10.630  2100  2100 I bootstat: Logging histogram: factory_reset 1519154248
02-20 21:16:10.630  2100  2100 I sysui_histogram: [factory_reset,1519154248]
02-20 21:16:10.630  2100  2100 I bootstat: Logging histogram: time_since_last_boot 74
02-20 21:16:10.630  2100  2100 I sysui_histogram: [time_since_last_boot,74]
02-20 21:16:10.630  2100  2100 I bootstat: Logging histogram: boot_complete_post_decrypt 10
02-20 21:16:10.630  2100  2100 I sysui_histogram: [boot_complete_post_decrypt,10]
02-20 21:16:10.630  2100  2100 I bootstat: Logging histogram: boot_complete 12
02-20 21:16:10.630  2100  2100 I sysui_histogram: [boot_complete,12]
02-20 21:16:10.630  2100  2100 I bootstat: Logging histogram: factory_reset_record_value 1519154248
02-20 21:16:10.630  2100  2100 I sysui_histogram: [factory_reset_record_value,1519154248]
02-20 21:16:10.630  2100  2100 I bootstat: Logging histogram: time_since_factory_reset 7122
02-20 21:16:10.630  2100  2100 I sysui_histogram: [time_since_factory_reset,7122]
02-20 21:16:10.631  1915  1915 D SubscriptionController: [addSubInfoRecord] sim name = Android
02-20 21:16:10.631  1915  1915 D DCT     : [0]update sub = 1
02-20 21:16:10.631  1915  1915 D DCT     : [0]update(): Active DDS, register for all events now!
02-20 21:16:10.631  1915  1915 D GsmCdmaPhone: [GsmCdmaPhone] updateCurrentCarrierInProvider: mSubId = 1 currentDds = 1 operatorNumeric = 310260
02-20 21:16:10.650  1915  1915 D SubscriptionController: [addSubInfoRecord]- info size=1
02-20 21:16:10.650  1915  1915 D SubscriptionInfoUpdater: newSim = false
02-20 21:16:10.567  2096  2096 I auditd  : type=1400 audit(0.0:11): avc: denied { getattr } for comm="bootstat" path="/vendor" dev="rootfs" ino=4008 scontext=u:r:bootstat:s0 tcontext=u:object_r:rootfs:s0 tclass=lnk_file permissive=0
02-20 21:16:10.567  2096  2096 W bootstat: type=1400 audit(0.0:11): avc: denied { getattr } for path="/vendor" dev="rootfs" ino=4008 scontext=u:r:bootstat:s0 tcontext=u:object_r:rootfs:s0 tclass=lnk_file permissive=0
02-20 21:16:10.650  1915  1915 D SubscriptionInfoUpdater: updateSubscriptionInfoByIccId: sInsertSimState[0] = 0
02-20 21:16:10.654  1915  1915 D SubscriptionInfoUpdater: updateSubscriptionInfoByIccId: nSubCount = 1
02-20 21:16:10.655  1915  1915 D SubscriptionController: [setDefaultDataSubId] num phones=1, subId=1
02-20 21:16:10.655  1915  1915 D SubscriptionController: [setDefaultDataSubId] phoneId=0 subId=1 RAF=1
02-20 21:16:10.655  1915  1915 D ProxyController: setRadioCapability: Already in requested configuration, nothing to do.
02-20 21:16:10.655  1915  1915 D SubscriptionController: [updateAllDataConnectionTrackers] sPhones.length=1
02-20 21:16:10.655  1915  1915 D SubscriptionController: [updateAllDataConnectionTrackers] phoneId=0
02-20 21:16:10.655  1915  1915 D DCT     : [0]update sub = 1
02-20 21:16:10.655  1915  1915 D DCT     : [0]update(): Active DDS, register for all events now!
02-20 21:16:10.655  1915  1915 D GsmCdmaPhone: [GsmCdmaPhone] updateCurrentCarrierInProvider: mSubId = 1 currentDds = 1 operatorNumeric = 310260
02-20 21:16:10.587  2098  2098 I auditd  : type=1400 audit(0.0:12): avc: denied { getattr } for comm="bootstat" path="/vendor" dev="rootfs" ino=4008 scontext=u:r:bootstat:s0 tcontext=u:object_r:rootfs:s0 tclass=lnk_file permissive=0
02-20 21:16:10.587  2098  2098 W bootstat: type=1400 audit(0.0:12): avc: denied { getattr } for path="/vendor" dev="rootfs" ino=4008 scontext=u:r:bootstat:s0 tcontext=u:object_r:rootfs:s0 tclass=lnk_file permissive=0
02-20 21:16:10.597  2099  2099 I auditd  : type=1400 audit(0.0:13): avc: denied { getattr } for comm="bootstat" path="/vendor" dev="rootfs" ino=4008 scontext=u:r:bootstat:s0 tcontext=u:object_r:rootfs:s0 tclass=lnk_file permissive=0
02-20 21:16:10.597  2099  2099 W bootstat: type=1400 audit(0.0:13): avc: denied { getattr } for path="/vendor" dev="rootfs" ino=4008 scontext=u:r:bootstat:s0 tcontext=u:object_r:rootfs:s0 tclass=lnk_file permissive=0
02-20 21:16:10.674  1915  1915 D SubscriptionController: [broadcastDefaultDataSubIdChanged] subId=1
02-20 21:16:10.676  1915  1915 D SubscriptionController: notifySubscriptionInfoChanged:
02-20 21:16:10.676  1915  1942 D SubscriptionMonitor: Phone[0] subId changed -2->1, 1 registrants
02-20 21:16:10.676  1915  1942 D SubscriptionMonitor: mDefaultDataSubId = 1, 1 registrants
02-20 21:16:10.677  1915  1915 D SubscriptionInfoUpdater: updateSubscriptionInfoByIccId:- SsubscriptionInfo update complete
02-20 21:16:10.677  1915  1915 D MccTable: updateMccMncConfiguration mccmnc='310260' fromServiceState=false
02-20 21:16:10.677  1915  1915 D MccTable: updateMccMncConfiguration defaultMccMnc=310260
02-20 21:16:10.677  1915  1915 D MccTable: updateMccMncConfiguration: mcc=310, mnc=260
02-20 21:16:10.677  1915  1915 D MccTable: updateMccMncConfiguration updateConfig config={1.0 310mcc260mnc ?localeList ?layoutDir ?swdp ?wdp ?hdp ?density ?lsize ?long ?orien ?uimode ?night ?touch ?keyb/?/? ?nav/?}
02-20 21:16:10.681  1679  1679 I GnssLocationProvider: WakeLock acquired by sendMessage(12, 0, null)
02-20 21:16:10.617  2100  2100 I auditd  : type=1400 audit(0.0:14): avc: denied { getattr } for comm="bootstat" path="/vendor" dev="rootfs" ino=4008 scontext=u:r:bootstat:s0 tcontext=u:object_r:rootfs:s0 tclass=lnk_file permissive=0
02-20 21:16:10.617  2100  2100 W bootstat: type=1400 audit(0.0:14): avc: denied { getattr } for path="/vendor" dev="rootfs" ino=4008 scontext=u:r:bootstat:s0 tcontext=u:object_r:rootfs:s0 tclass=lnk_file permissive=0
02-20 21:16:10.683  1679  1692 W GnssLocationProvider: Could not open GPS configuration file /etc/gps.conf
02-20 21:16:10.683  1679  1692 E GnssLocationProvider: no AGPS interface in set_agps_server
02-20 21:16:10.694  1679  1692 W GnssLocationProvider: Could not open GPS configuration file /etc/gps.conf
02-20 21:16:10.694  1679  1692 E GnssLocationProvider: no AGPS interface in set_agps_server
02-20 21:16:10.694  1679  1692 I GnssLocationProvider: WakeLock released by handleMessage(12, 0, null)
02-20 21:16:10.701  1679  1692 W GnssLocationProvider: Could not open GPS configuration file /etc/gps.conf
02-20 21:16:10.701  1679  1692 E GnssLocationProvider: no AGPS interface in set_agps_server
02-20 21:16:10.701  1679  1692 I GnssLocationProvider: WakeLock released by handleMessage(12, 0, null)
02-20 21:16:10.711  1915  1915 D SubscriptionController: [setMccMnc]+ mcc/mnc:310/260 subId:1
02-20 21:16:10.721  1679  1692 W GnssLocationProvider: Could not open GPS configuration file /etc/gps.conf
02-20 21:16:10.721  1679  1692 E GnssLocationProvider: no AGPS interface in set_agps_server
02-20 21:16:10.722  1679  1692 I GnssLocationProvider: WakeLock released by handleMessage(12, 0, null)
02-20 21:16:10.723  1915  1915 D SubscriptionController: notifySubscriptionInfoChanged:
02-20 21:16:10.724  1679  1679 I GnssLocationProvider: WakeLock acquired by sendMessage(12, 0, null)
02-20 21:16:10.745  1915  1915 D SubscriptionController: [getActiveSubscriptionInfo]+ subId=1 subInfo={id=1, iccId=89014103211118510720 simSlotIndex=0 displayName=Android carrierName=Android nameSource=0 iconTint=-16746133 dataRoaming=0 iconBitmap=android.graphics.Bitmap@264c885 mcc 310 mnc 260}
02-20 21:16:10.745  1915  1915 D SubscriptionInfoUpdater: sim name = Android
02-20 21:16:10.764  1679  1692 W GnssLocationProvider: Could not open GPS configuration file /etc/gps.conf
02-20 21:16:10.764  1679  1692 E GnssLocationProvider: no AGPS interface in set_agps_server
02-20 21:16:10.764  1915  1915 D SubscriptionInfoUpdater: Broadcasting intent ACTION_SIM_STATE_CHANGED LOADED reason null for mCardIndex: 0
02-20 21:16:10.765  1679  1679 D WifiService: resetting networks because SIM was loaded
02-20 21:16:10.765  1679  1736 D WifiStateMachine: resetting EAP-SIM/AKA/AKA' networks since SIM was changed
02-20 21:16:10.766  1679  1692 I GnssLocationProvider: WakeLock released by handleMessage(12, 0, null)
02-20 21:16:10.767  1915  1915 D CarrierConfigLoader: update config for phoneId: 0 simState: LOADED
02-20 21:16:10.767  1915  1915 D CarrierSvcBindHelper: update binding for phoneId: 0 simState: LOADED
02-20 21:16:10.787  1679  1692 W GnssLocationProvider: Could not open GPS configuration file /etc/gps.conf
02-20 21:16:10.787  1679  1692 E GnssLocationProvider: no AGPS interface in set_agps_server
02-20 21:16:10.793  1915  1915 D SubscriptionController: [getActiveSubscriptionInfo]+ subId=1 subInfo={id=1, iccId=89014103211118510720 simSlotIndex=0 displayName=Android carrierName=Android nameSource=0 iconTint=-16746133 dataRoaming=0 iconBitmap=android.graphics.Bitmap@7ae6801 mcc 310 mnc 260}
02-20 21:16:10.814  1679  2104 I Telecom : PhoneAccountRegistrar: [ComponentInfo{com.android.phone/com.android.services.telephony.TelephonyConnectionService}, [e0184adedf913b076626646d3f52c3b49c39ad6d], UserHandle{0}(icon: Icon(typ=BITMAP size=76x96) -> Icon(typ=BITMAP size=76x96))]: TSI.rPA@ABE
02-20 21:16:10.815  1679  2104 I Telecom : : Sending phone-account registered intent as user: TSI.rPA@ABE
02-20 21:16:10.816  1915  1915 D DCT     : [0]onRecordsLoadedOrSubIdChanged: createAllApnList
02-20 21:16:10.817  1915  1915 D DCT     : [0]createAllApnList: selection=numeric = '310260'
02-20 21:16:10.821  1915  1915 D DCT     : [0]createApnList: X result=[[ApnSettingV3] T-Mobile US, 1, 310260, epc.tmobile.com, , http://mms.msg.eng.t-mobile.com/mms/wapenc, , , , -1, *, IP, IP, true, 0, 0, 0, false, 0, 0, 0, 0, , , false]
02-20 21:16:10.823  1915  1915 D TelephonyProvider: subIdString = 1 subId = 1
02-20 21:16:10.830  1920  1977 D EGL_emulation: eglMakeCurrent: 0x7cde1577a560: ver 3 0 (tinfo 0x7cde1fdedd20)
02-20 21:16:10.841  1915  1915 D DCT     : [0]getPreferredApn: mRequestedApnType=default cursor=android.content.ContentResolver$CursorWrapperInner@f0f1639 cursor.count=1
02-20 21:16:10.841  1915  1915 D DCT     : [0]getPreferredApn: apnSetting=[ApnSettingV3] T-Mobile US, 1, 310260, epc.tmobile.com, , http://mms.msg.eng.t-mobile.com/mms/wapenc, , , , -1, *, IP, IP, true, 0, 0, 0, false, 0, 0, 0, 0, , , false
02-20 21:16:10.841  1915  1915 D DCT     : [0]getPreferredApn: X found apnSetting[ApnSettingV3] T-Mobile US, 1, 310260, epc.tmobile.com, , http://mms.msg.eng.t-mobile.com/mms/wapenc, , , , -1, *, IP, IP, true, 0, 0, 0, false, 0, 0, 0, 0, , , false
02-20 21:16:10.841  1915  1915 D DCT     : [0]createAllApnList: mPreferredApn=[ApnSettingV3] T-Mobile US, 1, 310260, epc.tmobile.com, , http://mms.msg.eng.t-mobile.com/mms/wapenc, , , , -1, *, IP, IP, true, 0, 0, 0, false, 0, 0, 0, 0, , , false
02-20 21:16:10.841  1915  1915 D DCT     : [0]createAllApnList: X mAllApnSettings=[[ApnSettingV3] T-Mobile US, 1, 310260, epc.tmobile.com, , http://mms.msg.eng.t-mobile.com/mms/wapenc, , , , -1, *, IP, IP, true, 0, 0, 0, false, 0, 0, 0, 0, , , false]
02-20 21:16:10.841  1915  1915 D DCT     : [0]setDataProfilesAsNeeded
02-20 21:16:10.841  1915  1915 D DCT     : [0]setInitialApn: E mPreferredApn=[ApnSettingV3] T-Mobile US, 1, 310260, epc.tmobile.com, , http://mms.msg.eng.t-mobile.com/mms/wapenc, , , , -1, *, IP, IP, true, 0, 0, 0, false, 0, 0, 0, 0, , , false
02-20 21:16:10.841  1915  1915 D DCT     : [0]setInitialApn: firstApnSetting=[ApnSettingV3] T-Mobile US, 1, 310260, epc.tmobile.com, , http://mms.msg.eng.t-mobile.com/mms/wapenc, , , , -1, *, IP, IP, true, 0, 0, 0, false, 0, 0, 0, 0, , , false
02-20 21:16:10.841  1915  1915 D DCT     : [0]setInitialApn: defaultApnSetting=[ApnSettingV3] T-Mobile US, 1, 310260, epc.tmobile.com, , http://mms.msg.eng.t-mobile.com/mms/wapenc, , , , -1, *, IP, IP, true, 0, 0, 0, false, 0, 0, 0, 0, , , false
02-20 21:16:10.841  1915  1915 D DCT     : [0]setInitialAttachApn: using mPreferredApn
02-20 21:16:10.841  1915  1915 D DCT     : [0]setInitialAttachApn: X selected Apn=[ApnSettingV3] T-Mobile US, 1, 310260, epc.tmobile.com, , http://mms.msg.eng.t-mobile.com/mms/wapenc, , , , -1, *, IP, IP, true, 0, 0, 0, false, 0, 0, 0, 0, , , false
02-20 21:16:10.841  1915  1915 D RILJ    : Set RIL_REQUEST_SET_INITIAL_ATTACH_APN [SUB0]
02-20 21:16:10.841  1915  1915 D RILJ    : [3737]> RIL_REQUEST_SET_INITIAL_ATTACH_APN, apn:epc.tmobile.com, protocol:IP, authType:-1, username:none, password:none [SUB0]
02-20 21:16:10.842  1915  1915 D DCT     : [0]onRecordsLoadedOrSubIdChanged: notifying data availability
02-20 21:16:10.842  1374  1480 D RIL     : onRequest: RIL_REQUEST_SET_INITIAL_ATTACH_APN
02-20 21:16:10.842  1374  1480 D RIL     : Request not supported. Tech: 1
02-20 21:16:10.842  1915  2007 D RilRequest: [3737]< RIL_REQUEST_SET_INITIAL_ATTACH_APN error: com.android.internal.telephony.CommandException: REQUEST_NOT_SUPPORTED ret=
02-20 21:16:10.843  1679  2104 D TelephonyRegistry: Notify data connection state changed on sub: 1
02-20 21:16:10.843  1679  2104 D TelephonyRegistry: Notify data connection state changed on sub: 1
02-20 21:16:10.867  1767  1969 D         : HostConnection::get() New Host Connection established 0x7cde050616c0, tid 1969
02-20 21:16:10.867  1312  2105 D         : HostConnection::get() New Host Connection established 0x757f322e32a0, tid 2105
02-20 21:16:10.868  1767  1969 I OpenGLRenderer: Initialized EGL, version 1.4
02-20 21:16:10.868  1767  1969 D OpenGLRenderer: Swap behavior 1
02-20 21:16:10.871  1915  1915 D DCT     : [0]setupDataOnConnectableApns: simLoaded hipri:[state=IDLE,enabled=false] mms:[state=IDLE,enabled=false] supl:[state=IDLE,enabled=false] ia:[state=IDLE,enabled=false] fota:[state=IDLE,enabled=false] ims:[state=IDLE,enabled=false] cbs:[state=IDLE,enabled=false] default:[state=IDLE,enabled=false] emergency:[state=IDLE,enabled=false] 
02-20 21:16:10.873  1915  1915 I Telephony: PstnIncomingCallNotifier: Unregistering: Handler (com.android.internal.telephony.GsmCdmaPhone) {4fc1241}
02-20 21:16:10.876  2074  2074 I GAv4    : Google Analytics 9.2.56 is starting up. To enable debug logging on a device run:
02-20 21:16:10.876  2074  2074 I GAv4    :   adb shell setprop log.tag.GAv4 DEBUG
02-20 21:16:10.876  2074  2074 I GAv4    :   adb logcat -s GAv4
02-20 21:16:10.880  1915  1915 D SubscriptionController: [getActiveSubscriptionInfo]+ subId=1 subInfo={id=1, iccId=89014103211118510720 simSlotIndex=0 displayName=Android carrierName=Android nameSource=0 iconTint=-16746133 dataRoaming=0 iconBitmap=android.graphics.Bitmap@ad5ba2c mcc 310 mnc 260}
02-20 21:16:10.882  1767  1969 D EGL_emulation: eglCreateContext: 0x7cde05094020: maj 3 min 0 rcv 3
