02-20 21:16:08.452  1679  1679 D RttService: SCAN_AVAILABLE : 3
02-20 21:16:08.452  1679  1741 D RttService: DefaultState got{ when=0 what=160512 target=com.android.internal.util.StateMachine$SmHandler }
02-20 21:16:08.452  1679  1679 D TelephonyRegistry: notifyCellLocationForSubscriber: subId=0 cellLocation=Bundle[{}]
02-20 21:16:08.453  1915  1944 D SubscriptionController: [getPhoneId]- no sims, returning default phoneId=2147483647
02-20 21:16:08.462  1915  1915 D SMSDispatcher: SMSDispatcher: ctor mSmsCapable=true format=3gpp mSmsSendDisabled=false
02-20 21:16:08.462  1915  1915 D GsmSMSDispatcher: GsmSMSDispatcher created
02-20 21:16:08.464  1915  2018 D GsmInboundSmsHandler: StartupState.processMessage:6
02-20 21:16:08.464  1915  2018 D GsmInboundSmsHandler: entering Idle state
02-20 21:16:08.464  1915  2021 D CdmaInboundSmsHandler: StartupState.processMessage:6
02-20 21:16:08.464  1915  2021 D CdmaInboundSmsHandler: entering Idle state
02-20 21:16:08.467  1915  1915 D IccCardProxy: ctor: ci=com.android.internal.telephony.RIL@9a4686a phoneId=0
02-20 21:16:08.467  1915  1915 D CdmaSSM : subscriptionSource from settings: 0
02-20 21:16:08.467  1915  1915 D CdmaSSM : cdmaSSM constructor: 0
02-20 21:16:08.467  1915  1915 D IccCardProxy: update icc_operator_numeric=
02-20 21:16:08.468  1915  1915 D TelephonyManager: setTelephonyProperty: success phoneId=0 property=gsm.sim.operator.numeric value:  propVal=
02-20 21:16:08.468  1915  1915 D TelephonyManager: setTelephonyProperty: success phoneId=0 property=gsm.sim.operator.iso-country value:  propVal=
02-20 21:16:08.468  1915  1915 D TelephonyManager: setTelephonyProperty: success phoneId=0 property=gsm.sim.operator.alpha value:  propVal=
02-20 21:16:08.468  1915  1915 E IccCardProxy: setExternalState: set mPhoneId=0 mExternalState=NOT_READY
02-20 21:16:08.468  1915  1915 D TelephonyManager: setTelephonyProperty: success phoneId=0 property=gsm.sim.state value: NOT_READY propVal=NOT_READY
02-20 21:16:08.469  1915  1915 D IccCardProxy: broadcastIccStateChangedIntent intent ACTION_SIM_STATE_CHANGED value=NOT_READY reason=null for mPhoneId=0
02-20 21:16:08.470  1915  1915 D RILJ    : setPhoneType=1 old value=0 [SUB0]
02-20 21:16:08.470  1915  1915 D TelephonyManager: setTelephonyProperty: success phoneId=0 property=gsm.current.phone-type value: 1 propVal=1
02-20 21:16:08.470  1915  1915 D IccCardProxy: Setting radio tech UMTS
02-20 21:16:08.470  1915  1915 D IccCardProxy: updateQuietMode: 3GPP subscription -> newQuietMode=false
02-20 21:16:08.470  1915  1915 D IccCardProxy: updateQuietMode: no changes don't setExternalState
02-20 21:16:08.470  1915  1915 D IccCardProxy: updateQuietMode: QuietMode is false (app_type=1 cdmaSource=-1)
02-20 21:16:08.498  1372  1839 I MediaPlayerService: MediaPlayerService::getOMX
02-20 21:16:08.498  1679  2026 I OMXClient: MuxOMX ctor
02-20 21:16:08.498  1369  1996 I OMXMaster: makeComponentInstance(OMX.google.vorbis.decoder) in mediacodec process
02-20 21:16:08.502  2027  2027 W art     : Unexpected CPU variant for X86 using defaults: x86_64
02-20 21:16:08.502  1679  1693 I am_proc_start: [0,2027,10004,com.android.cellbroadcastreceiver,broadcast,com.android.cellbroadcastreceiver/.CellBroadcastReceiver]
02-20 21:16:08.503  1679  1693 I ActivityManager: Start proc 2027:com.android.cellbroadcastreceiver/u0a4 for broadcast com.android.cellbroadcastreceiver/.CellBroadcastReceiver
02-20 21:16:08.503  1679  1694 I dvm_lock_sample: [system_server,1,android.ui,32,ActivityManagerService.java,4219,BroadcastQueue.java,760,6]
02-20 21:16:08.503  1679  1700 I am_activity_launch_time: [0,133956657,com.android.settings/.FallbackHome,836,836]
02-20 21:16:08.503  1679  1700 I ActivityManager: Displayed com.android.settings/.FallbackHome: +836ms
02-20 21:16:08.507  1679  1700 I WindowManager: Screen frozen for +743ms due to AppWindowToken{b341a84 token=Token{e7ae716 ActivityRecord{7fc0431 u0 com.android.settings/.FallbackHome t1}}}
02-20 21:16:08.508  1915  1915 W CarrierConfigManager: Error getting config for subId -1 ICarrierConfigLoader is null
02-20 21:16:08.508  1679  1693 I boot_progress_enable_screen: 11508
02-20 21:16:08.508  1679  1690 D TelephonyRegistry: listen oscl: hasNotifySubscriptionInfoChangedOccurred==false no callback
02-20 21:16:08.514  1915  1915 D TelephonyManager: setTelephonyProperty: success phoneId=0 property=gsm.network.type value: Unknown propVal=Unknown
02-20 21:16:08.514  1915  1915 D RILJ    : [3654]> SIGNAL_STRENGTH [SUB0]
02-20 21:16:08.514  1915  1915 D SST     : notifyDataRegStateRilRadioTechnologyChanged: drs=1 rat=0
02-20 21:16:08.514  1915  1915 D TelephonyManager: setTelephonyProperty: success phoneId=0 property=gsm.network.type value: Unknown propVal=Unknown
02-20 21:16:08.514  1374  1480 D RIL     : onRequest: SIGNAL_STRENGTH
02-20 21:16:08.515  1915  2007 D RilRequest: [3654]< SIGNAL_STRENGTH error: com.android.internal.telephony.CommandException: RADIO_NOT_AVAILABLE ret=
02-20 21:16:08.518  1915  1915 D DCT     : [0]DCT.constructor
02-20 21:16:08.519  1679  1690 D TelephonyRegistry: listen oscl: hasNotifySubscriptionInfoChangedOccurred==false no callback
02-20 21:16:08.524  1915  1915 D Dcc     : E ctor
02-20 21:16:08.524  1915  1915 D Dcc     : X ctor
02-20 21:16:08.525  1915  1915 D SubscriptionController: [getPhoneId] asked for default subId=-1
02-20 21:16:08.527  1915  1915 D DcTesterFailBrinupAll: register for intent action=com.android.internal.telephony.dataconnection.action_fail_bringup
02-20 21:16:08.527  1915  1915 D DcTesterFailBrinupAll: register for intent action=com.android.internal.telephony.action_detached
02-20 21:16:08.527  1915  1915 D DcTesterFailBrinupAll: register for intent action=com.android.internal.telephony.action_attached
02-20 21:16:08.528  1915  1915 D SST     : notifyDataRegStateRilRadioTechnologyChanged: drs=1 rat=0
02-20 21:16:08.528  1915  1915 D TelephonyManager: setTelephonyProperty: success phoneId=0 property=gsm.network.type value: Unknown propVal=Unknown
02-20 21:16:08.528  1915  1915 D DCT     : [0]update sub = -2
02-20 21:16:08.528  1915  1915 D DCT     : [0]update(): Active DDS, register for all events now!
02-20 21:16:08.528  1915  1915 D GsmCdmaPhone: [GsmCdmaPhone] updateCurrentCarrierInProvider: mSubId = -2 currentDds = 1 operatorNumeric = null
02-20 21:16:08.529  1915  1915 D DCT     : [0]initApnContexts: E
02-20 21:16:08.529  1915  1915 D DCT     : [0]initApnContexts: skipping unknown type=1
02-20 21:16:08.531  1915  1915 D DCT     : [0]initApnContexts: apnContext={mApnType=default mState=IDLE mWaitingApns={null} mApnSetting={null} mReason=dataEnabled mDataEnabled=false mDependencyMet=true}
02-20 21:16:08.531  1915  1915 D DCT     : [0]initApnContexts: apnContext={mApnType=mms mState=IDLE mWaitingApns={null} mApnSetting={null} mReason=dataEnabled mDataEnabled=false mDependencyMet=true}
02-20 21:16:08.531  1915  1915 D DCT     : [0]initApnContexts: apnContext={mApnType=supl mState=IDLE mWaitingApns={null} mApnSetting={null} mReason=dataEnabled mDataEnabled=false mDependencyMet=true}
02-20 21:16:08.531  1915  1915 D DCT     : [0]initApnContexts: apnContext={mApnType=hipri mState=IDLE mWaitingApns={null} mApnSetting={null} mReason=dataEnabled mDataEnabled=false mDependencyMet=true}
02-20 21:16:08.531  1915  1915 D DCT     : [0]initApnContexts: apnContext={mApnType=fota mState=IDLE mWaitingApns={null} mApnSetting={null} mReason=dataEnabled mDataEnabled=false mDependencyMet=true}
02-20 21:16:08.531  1915  1915 D DCT     : [0]initApnContexts: apnContext={mApnType=ims mState=IDLE mWaitingApns={null} mApnSetting={null} mReason=dataEnabled mDataEnabled=false mDependencyMet=true}
02-20 21:16:08.531  1915  1915 D DCT     : [0]initApnContexts: apnContext={mApnType=cbs mState=IDLE mWaitingApns={null} mApnSetting={null} mReason=dataEnabled mDataEnabled=false mDependencyMet=true}
02-20 21:16:08.531  1915  1915 D DCT     : [0]initApnContexts: skipping unknown type=13
02-20 21:16:08.531  1915  1915 D DCT     : [0]initApnContexts: apnContext={mApnType=ia mState=IDLE mWaitingApns={null} mApnSetting={null} mReason=dataEnabled mDataEnabled=false mDependencyMet=true}
02-20 21:16:08.531  1915  1915 D DCT     : [0]initApnContexts: apnContext={mApnType=emergency mState=IDLE mWaitingApns={null} mApnSetting={null} mReason=dataEnabled mDataEnabled=false mDependencyMet=true}
02-20 21:16:08.532  1915  2033 D DcTesterDeacativateAll: register for intent action=com.android.internal.telephony.dataconnection.action_deactivate_all
02-20 21:16:08.544  1915  2033 D DcTesterDeacativateAll: register for intent action=com.android.internal.telephony.action_detached
02-20 21:16:08.547  1915  2033 D Dcc     : DccDefaultState: msg.what=EVENT_RIL_CONNECTED mRilVersion=12
02-20 21:16:08.558  1679  1757 I am_proc_bound: [0,2027,com.android.cellbroadcastreceiver]
02-20 21:16:08.605  1915  1915 D GsmCdmaPhone: [GsmCdmaPhone] GsmCdmaPhone: constructor: sub = 0
02-20 21:16:08.605  1915  1915 I PhoneFactory: Creating Phone with type = 1 sub = 0
02-20 21:16:08.608  1915  1915 I PhoneFactory: defaultSmsApplication: NONE
02-20 21:16:08.609  1915  1915 I PhoneFactory: Creating SubInfoRecordUpdater 
02-20 21:16:08.609  1915  1915 D SubscriptionInfoUpdater: Constructor invoked
02-20 21:16:08.628  1372  1372 I MediaPlayerService: MediaPlayerService::getOMX
02-20 21:16:08.629  1679  2043 I OMXClient: MuxOMX ctor
02-20 21:16:08.629  1369  1996 I OMXMaster: makeComponentInstance(OMX.google.vorbis.decoder) in mediacodec process
02-20 21:16:08.670  1679  1693 V KeyguardServiceDelegate: *** Keyguard started
02-20 21:16:08.670  1679  1693 I screen_toggled: 1
02-20 21:16:08.678  1679  1693 W KeyguardServiceDelegate: onScreenTurningOn(): no keyguard service!
02-20 21:16:08.691  1679  1794 D TelephonyRegistry: listen oscl: hasNotifySubscriptionInfoChangedOccurred==false no callback
02-20 21:16:08.691  1915  1915 D SubscriptionController: [getPhoneId]- no sims, returning default phoneId=2147483647
02-20 21:16:08.692  1679  1691 D TelephonyRegistry: listen oscl: hasNotifySubscriptionInfoChangedOccurred==false no callback
02-20 21:16:08.693  1915  1915 D PhoneSwitcherNetworkRequstListener: Registering NetworkFactory
02-20 21:16:08.693  1679  1742 D ConnectivityService: Got NetworkFactory Messenger for PhoneSwitcherNetworkRequstListener
02-20 21:16:08.694  1915  1915 D PhoneSwitcher: PhoneSwitcher started
02-20 21:16:08.695  1915  1915 D ProxyController: Constructor - Enter
02-20 21:16:08.705  1915  1915 D ProxyController: clearTransaction
02-20 21:16:08.705  1915  1915 D ProxyController: clearTransaction: phoneId=0 status=IDLE
02-20 21:16:08.705  1915  1915 D ProxyController: Constructor - Exit
02-20 21:16:08.705  1915  1915 D TelephonyNetworkFactory[0]: Registering NetworkFactory
02-20 21:16:08.706  1679  2043 W AMessage: failed to deliver message as target handler 11 is gone.
02-20 21:16:08.706  1679  2043 W AMessage: failed to deliver message as target handler 11 is gone.
02-20 21:16:08.731  1915  1915 D CallManager: registerPhone(GSM Handler (com.android.internal.telephony.GsmCdmaPhone) {4fc1241})
02-20 21:16:08.733  1679  1742 D ConnectivityService: Got NetworkFactory Messenger for TelephonyNetworkFactory[0]
02-20 21:16:08.752  1679  1794 D TelephonyRegistry: listen oscl: hasNotifySubscriptionInfoChangedOccurred==false no callback
02-20 21:16:08.760  1372  1372 I MediaPlayerService: MediaPlayerService::getOMX
02-20 21:16:08.760  1679  2046 I OMXClient: MuxOMX ctor
02-20 21:16:08.760  1369  1838 I OMXMaster: makeComponentInstance(OMX.google.vorbis.decoder) in mediacodec process
02-20 21:16:08.800  1679  1689 I art     : Background sticky concurrent mark sweep GC freed 47131(3MB) AllocSpace objects, 10(232KB) LOS objects, 7% free, 22MB/24MB, paused 1.557ms total 466.659ms
02-20 21:16:08.802  1679  1748 E ActivityThread: Failed to find provider info for com.android.calendar
02-20 21:16:08.802  1679  1748 E ActivityThread: Failed to find provider info for com.android.calendar
02-20 21:16:08.822  2027  2027 W System  : ClassLoader referenced unknown path: /system/priv-app/CellBroadcastReceiver/lib/x86_64
02-20 21:16:08.827  1679  1747 D NotificationSQLiteLog: Pruned event entries: 0
02-20 21:16:08.830  1767  1767 I OpaLayout: Setting opa enabled to false
02-20 21:16:08.848  1372  1372 I MediaPlayerService: MediaPlayerService::getOMX
02-20 21:16:08.848  1679  2052 I OMXClient: MuxOMX ctor
02-20 21:16:08.848  1767  1767 I OpaLayout: Setting opa enabled to false
02-20 21:16:08.848  1369  1369 I OMXMaster: makeComponentInstance(OMX.google.vorbis.decoder) in mediacodec process
02-20 21:16:08.871  1767  1767 W System  : ClassLoader referenced unknown path: 
02-20 21:16:08.871  1767  1767 W System  : ClassLoader referenced unknown path: /system/priv-app/Dialer/lib/x86_64
02-20 21:16:08.871  1767  1767 D ApplicationLoaders: ignored Vulkan layer search path /system/priv-app/Dialer/lib/x86_64:/system/lib64:/vendor/lib64 for namespace 0x7cde242a50f0
02-20 21:16:08.891  1767  1767 E BluetoothAdapter: Bluetooth binder is null
02-20 21:16:08.891  1679  1690 D TelephonyRegistry: listen oscl: hasNotifySubscriptionInfoChangedOccurred==false no callback
02-20 21:16:08.896  1915  1942 D SubscriptionController: [getActiveSubInfoList] Sub Controller not ready
02-20 21:16:08.910  1679  1694 W art     : Long monitor contention with owner android.display (1700) at void com.android.server.wm.WindowAnimator$1.doFrame(long)(WindowAnimator.java:144) waiters=1 in void com.android.server.wm.WindowManagerService.updateRotationUnchecked(boolean, boolean) for 137ms
02-20 21:16:08.910  1679  1694 I dvm_lock_sample: [system_server,1,android.ui,137,WindowManagerService.java,6783,WindowAnimator.java,144,27]
02-20 21:16:08.915  1915  1944 D SubscriptionController: [getActiveSubInfoList] Sub Controller not ready
02-20 21:16:08.916  1767  1767 I CameraManagerGlobal: Connecting to camera service
02-20 21:16:08.918  1365  1365 V EmulatedCamera_Camera: getCameraInfo
02-20 21:16:08.918  1365  1365 V EmulatedCamera_BaseCamera: getCameraInfo
02-20 21:16:08.918  1365  1365 I CameraService: getCameraCharacteristics: Switching to HAL1 shim implementation...
02-20 21:16:08.918  1365  1365 V EmulatedCamera_Camera: getCameraInfo
02-20 21:16:08.918  1365  1365 V EmulatedCamera_BaseCamera: getCameraInfo
02-20 21:16:08.918  1365  1365 I CameraService: CameraService::connect call (PID -1 "cameraserver", camera ID 0) for HAL version default and Camera API version 1
02-20 21:16:08.919  1365  1365 E CameraService: getCameraPriorityFromProcState: Received invalid process state -1 from ActivityManagerService!
02-20 21:16:08.919  1365  1365 V EmulatedCamera_Camera: getCameraInfo
02-20 21:16:08.919  1365  1365 V EmulatedCamera_BaseCamera: getCameraInfo
02-20 21:16:08.933  1372  2062 E WVMExtractor: Failed to open libwvm.so: dlopen failed: library "libwvm.so" not found
02-20 21:16:08.946  1372  2061 D NuPlayerDriver: notifyListener_l(0xe6628ba0), (1, 0, 0), loop setting(0, 0)
02-20 21:16:08.954  1372  2063 D NuPlayerDriver: notifyListener_l(0xe6628f60), (1, 0, 0), loop setting(0, 0)
02-20 21:16:08.968  1372  2065 D NuPlayerDriver: notifyListener_l(0xe6628fc0), (1, 0, 0), loop setting(0, 0)
02-20 21:16:08.969  1365  1365 I CameraFlashlight: Opening camera 0
02-20 21:16:08.969  1365  1365 V EmulatedCamera_Camera: getCameraInfo
02-20 21:16:08.969  1365  1365 V EmulatedCamera_BaseCamera: getCameraInfo
02-20 21:16:08.969  1365  1365 V EmulatedCamera_Camera: connectCamera
02-20 21:16:08.969  1365  1365 V EmulatedCamera_FakeDevice: connectDevice
02-20 21:16:08.969  1365  1365 V EmulatedCamera_CallbackNotifier: setCallbacks: 0xf3c55e80, 0xf3c55ed0, 0xf3c55ff0, 0xf3c56110 (0xf35c3320)
02-20 21:16:08.969  1365  1365 V EmulatedCamera_CallbackNotifier: enableMessage: msg_type = 0xc0d
02-20 21:16:08.969  1365  1365 V EmulatedCamera_CallbackNotifier:     CAMERA_MSG_ERROR
02-20 21:16:08.969  1365  1365 V EmulatedCamera_CallbackNotifier:     CAMERA_MSG_FOCUS
02-20 21:16:08.969  1365  1365 V EmulatedCamera_CallbackNotifier:     CAMERA_MSG_ZOOM
02-20 21:16:08.969  1365  1365 V EmulatedCamera_CallbackNotifier:     CAMERA_MSG_PREVIEW_METADATA
02-20 21:16:08.969  1365  1365 V EmulatedCamera_CallbackNotifier: **** Currently enabled messages:
02-20 21:16:08.969  1365  1365 V EmulatedCamera_CallbackNotifier:     CAMERA_MSG_ERROR
02-20 21:16:08.969  1365  1365 V EmulatedCamera_CallbackNotifier:     CAMERA_MSG_FOCUS
02-20 21:16:08.969  1365  1365 V EmulatedCamera_CallbackNotifier:     CAMERA_MSG_ZOOM
02-20 21:16:08.969  1365  1365 V EmulatedCamera_CallbackNotifier:     CAMERA_MSG_PREVIEW_METADATA
02-20 21:16:08.969  1365  1365 V EmulatedCamera_CallbackNotifier: disableMessage: msg_type = 0xffff
02-20 21:16:08.969  1365  1365 V EmulatedCamera_CallbackNotifier:     CAMERA_MSG_ERROR
02-20 21:16:08.969  1365  1365 V EmulatedCamera_CallbackNotifier:     CAMERA_MSG_SHUTTER
02-20 21:16:08.969  1365  1365 V EmulatedCamera_CallbackNotifier:     CAMERA_MSG_FOCUS
02-20 21:16:08.969  1365  1365 V EmulatedCamera_CallbackNotifier:     CAMERA_MSG_ZOOM
02-20 21:16:08.969  1365  1365 V EmulatedCamera_CallbackNotifier:     CAMERA_MSG_PREVIEW_FRAME
02-20 21:16:08.969  1365  1365 V EmulatedCamera_CallbackNotifier:     CAMERA_MSG_VIDEO_FRAME
02-20 21:16:08.969  1365  1365 V EmulatedCamera_CallbackNotifier:     CAMERA_MSG_POSTVIEW_FRAME
02-20 21:16:08.969  1365  1365 V EmulatedCamera_CallbackNotifier:     CAMERA_MSG_RAW_IMAGE
02-20 21:16:08.969  1365  1365 V EmulatedCamera_CallbackNotifier:     CAMERA_MSG_COMPRESSED_IMAGE
02-20 21:16:08.969  1365  1365 V EmulatedCamera_CallbackNotifier:     CAMERA_MSG_RAW_IMAGE_NOTIFY
02-20 21:16:08.969  1365  1365 V EmulatedCamera_CallbackNotifier:     CAMERA_MSG_PREVIEW_METADATA
02-20 21:16:08.969  1365  1365 V EmulatedCamera_CallbackNotifier: **** Currently enabled messages:
02-20 21:16:08.969  1365  1365 V EmulatedCamera_Preview: setPreviewWindow: current: 0x0 -> new: 0x0
02-20 21:16:08.969  1365  1365 V EmulatedCamera_Camera: doStopPreview
02-20 21:16:08.970  1365  1365 V EmulatedCamera_Camera: cancelPicture
02-20 21:16:08.970  1365  1365 V EmulatedCamera_Camera: releaseCamera
02-20 21:16:08.970  1365  1365 V EmulatedCamera_Camera: doStopPreview
02-20 21:16:08.970  1365  1365 V EmulatedCamera_FakeDevice: disconnectDevice
02-20 21:16:08.970  1365  1365 W EmulatedCamera_Device: Initialize: Emulated camera device is already initialized: mState = 1
02-20 21:16:08.970  1365  1365 D EmulatedCamera_FakeCamera: Initialize: Fake camera is facing back
02-20 21:16:08.970  1365  1365 V EmulatedCamera_Device: initializeWhiteBalanceModes with auto, 1.000000, 1.000000
02-20 21:16:08.970  1365  1365 V EmulatedCamera_Device: initializeWhiteBalanceModes with incandescent, 1.380000, 0.600000
02-20 21:16:08.970  1365  1365 V EmulatedCamera_Device: initializeWhiteBalanceModes with daylight, 1.090000, 0.920000
02-20 21:16:08.970  1365  1365 V EmulatedCamera_Device: initializeWhiteBalanceModes with twilight, 0.920000, 1.220000
02-20 21:16:08.970  1365  1365 V EmulatedCamera_Device: setWhiteBalanceMode with white balance auto
02-20 21:16:08.970  1365  1365 I CameraFlashlight: Destroying camera 0
02-20 21:16:08.970  1365  1365 V EmulatedCamera_Camera: closeCamera
02-20 21:16:08.970  1365  1365 V EmulatedCamera_Camera: doStopPreview
02-20 21:16:08.970  1365  1365 W EmulatedCamera_Device: Initialize: Emulated camera device is already initialized: mState = 1
02-20 21:16:08.970  1365  1365 D EmulatedCamera_FakeCamera: Initialize: Fake camera is facing back
02-20 21:16:08.970  1365  1365 V EmulatedCamera_Device: initializeWhiteBalanceModes with auto, 1.000000, 1.000000
02-20 21:16:08.970  1365  1365 V EmulatedCamera_Device: initializeWhiteBalanceModes with incandescent, 1.380000, 0.600000
02-20 21:16:08.970  1365  1365 V EmulatedCamera_Device: initializeWhiteBalanceModes with daylight, 1.090000, 0.920000
02-20 21:16:08.970  1365  1365 V EmulatedCamera_Device: initializeWhiteBalanceModes with twilight, 0.920000, 1.220000
02-20 21:16:08.970  1365  1365 V EmulatedCamera_Device: setWhiteBalanceMode with white balance auto
02-20 21:16:08.970  1365  1365 I CameraService: disconnect: Disconnected client for camera 0 for PID 1365
02-20 21:16:08.970  1372  1891 D NuPlayerDriver: reset(0xe6628ba0) at state 4
02-20 21:16:08.970  1372  1891 D NuPlayerDriver: notifyListener_l(0xe6628ba0), (8, 0, 0), loop setting(0, 0)
02-20 21:16:08.972  1372  2061 D NuPlayerDriver: notifyResetComplete(0xe6628ba0)
02-20 21:16:08.973  1372  1372 D NuPlayerDriver: reset(0xe6628f60) at state 4
02-20 21:16:08.973  1372  1372 D NuPlayerDriver: notifyListener_l(0xe6628f60), (8, 0, 0), loop setting(0, 0)
02-20 21:16:08.973  1372  2063 D NuPlayerDriver: notifyResetComplete(0xe6628f60)
02-20 21:16:08.973  1372  1372 D NuPlayerDriver: reset(0xe6628fc0) at state 4
02-20 21:16:08.973  1372  1372 D NuPlayerDriver: notifyListener_l(0xe6628fc0), (8, 0, 0), loop setting(0, 0)
02-20 21:16:08.973  1372  2065 D NuPlayerDriver: notifyResetComplete(0xe6628fc0)
02-20 21:16:08.975  1365  1709 V EmulatedCamera_Camera: getCameraInfo
02-20 21:16:08.975  1365  1709 V EmulatedCamera_BaseCamera: getCameraInfo
02-20 21:16:08.975  1365  1365 V EmulatedCamera_Camera: getCameraInfo
02-20 21:16:08.975  1365  1365 V EmulatedCamera_BaseCamera: getCameraInfo
02-20 21:16:08.981  1679  1692 I SyncManager: Got SyncJobService instance.
02-20 21:16:08.982  1679  1679 I FusedLocation: engine started (com.android.location.fused)
02-20 21:16:08.983  1767  1767 I StatusBar: isKeyguardShowing() called before startKeyguard(), returning true
02-20 21:16:08.984  1915  1944 D SubscriptionController: [getPhoneId]- no sims, returning default phoneId=2147483647
02-20 21:16:08.985  1767  1767 W StatusBar: isKeyguardSecure() called before startKeyguard(), returning false
02-20 21:16:08.985  1767  1767 W StatusBar: java.lang.Throwable
02-20 21:16:08.985  1767  1767 W StatusBar: 	at com.android.systemui.statusbar.BaseStatusBar.isKeyguardSecure(BaseStatusBar.java:2647)
02-20 21:16:08.985  1767  1767 W StatusBar: 	at com.android.systemui.statusbar.BaseStatusBar.isCameraAllowedByAdmin(BaseStatusBar.java:2670)
02-20 21:16:08.985  1767  1767 W StatusBar: 	at com.android.systemui.statusbar.phone.KeyguardBottomAreaView.updateCameraVisibility(KeyguardBottomAreaView.java:309)
02-20 21:16:08.985  1767  1767 W StatusBar: 	at com.android.systemui.statusbar.phone.KeyguardBottomAreaView.setPhoneStatusBar(KeyguardBottomAreaView.java:272)
02-20 21:16:08.985  1767  1767 W StatusBar: 	at com.android.systemui.statusbar.phone.PhoneStatusBar.makeStatusBarView(PhoneStatusBar.java:904)
02-20 21:16:08.985  1767  1767 W StatusBar: 	at com.android.systemui.statusbar.phone.PhoneStatusBar.addStatusBarWindow(PhoneStatusBar.java:3432)
02-20 21:16:08.985  1767  1767 W StatusBar: 	at com.android.systemui.statusbar.phone.PhoneStatusBar.createAndAddWindows(PhoneStatusBar.java:3428)
02-20 21:16:08.985  1767  1767 W StatusBar: 	at com.android.systemui.statusbar.BaseStatusBar.start(BaseStatusBar.java:765)
02-20 21:16:08.985  1767  1767 W StatusBar: 	at com.android.systemui.statusbar.phone.PhoneStatusBar.start(PhoneStatusBar.java:686)
02-20 21:16:08.985  1767  1767 W StatusBar: 	at com.android.systemui.statusbar.SystemBars.createStatusBarFromConfig(SystemBars.java:106)
02-20 21:16:08.985  1767  1767 W StatusBar: 	at com.android.systemui.statusbar.SystemBars.onNoService(SystemBars.java:58)
02-20 21:16:08.985  1767  1767 W StatusBar: 	at com.android.systemui.statusbar.ServiceMonitor.startService(ServiceMonitor.java:230)
02-20 21:16:08.985  1767  1767 W StatusBar: 	at com.android.systemui.statusbar.ServiceMonitor.-wrap5(ServiceMonitor.java)
02-20 21:16:08.985  1767  1767 W StatusBar: 	at com.android.systemui.statusbar.ServiceMonitor$1.handleMessage(ServiceMonitor.java:73)
02-20 21:16:08.985  1767  1767 W StatusBar: 	at android.os.Handler.dispatchMessage(Handler.java:102)
02-20 21:16:08.985  1767  1767 W StatusBar: 	at android.os.Looper.loop(Looper.java:154)
02-20 21:16:08.985  1767  1767 W StatusBar: 	at android.app.ActivityThread.main(ActivityThread.java:6119)
02-20 21:16:08.985  1767  1767 W StatusBar: 	at java.lang.reflect.Method.invoke(Native Method)
02-20 21:16:08.985  1767  1767 W StatusBar: 	at com.android.internal.os.ZygoteInit$MethodAndArgsCaller.run(ZygoteInit.java:886)
02-20 21:16:08.985  1767  1767 W StatusBar: 	at com.android.internal.os.ZygoteInit.main(ZygoteInit.java:776)
02-20 21:16:08.985  1767  1767 I StatusBar: isKeyguardShowing() called before startKeyguard(), returning true
02-20 21:16:08.985  1767  1767 W StatusBar: isKeyguardSecure() called before startKeyguard(), returning false
02-20 21:16:08.985  1767  1767 W StatusBar: java.lang.Throwable
02-20 21:16:08.985  1767  1767 W StatusBar: 	at com.android.systemui.statusbar.BaseStatusBar.isKeyguardSecure(BaseStatusBar.java:2647)
02-20 21:16:08.985  1767  1767 W StatusBar: 	at com.android.systemui.statusbar.BaseStatusBar.isCameraAllowedByAdmin(BaseStatusBar.java:2670)
02-20 21:16:08.985  1767  1767 W StatusBar: 	at com.android.systemui.statusbar.phone.KeyguardBottomAreaView.updateCameraVisibility(KeyguardBottomAreaView.java:309)
02-20 21:16:08.985  1767  1767 W StatusBar: 	at com.android.systemui.statusbar.phone.KeyguardBottomAreaView.setUserSetupComplete(KeyguardBottomAreaView.java:281)
02-20 21:16:08.985  1767  1767 W StatusBar: 	at com.android.systemui.statusbar.phone.PhoneStatusBar.makeStatusBarView(PhoneStatusBar.java:905)
02-20 21:16:08.985  1767  1767 W StatusBar: 	at com.android.systemui.statusbar.phone.PhoneStatusBar.addStatusBarWindow(PhoneStatusBar.java:3432)
02-20 21:16:08.985  1767  1767 W StatusBar: 	at com.android.systemui.statusbar.phone.PhoneStatusBar.createAndAddWindows(PhoneStatusBar.java:3428)
02-20 21:16:08.985  1767  1767 W StatusBar: 	at com.android.systemui.statusbar.BaseStatusBar.start(BaseStatusBar.java:765)
02-20 21:16:08.985  1767  1767 W StatusBar: 	at com.android.systemui.statusbar.phone.PhoneStatusBar.start(PhoneStatusBar.java:686)
02-20 21:16:08.985  1767  1767 W StatusBar: 	at com.android.systemui.statusbar.SystemBars.createStatusBarFromConfig(SystemBars.java:106)
02-20 21:16:08.985  1767  1767 W StatusBar: 	at com.android.systemui.statusbar.SystemBars.onNoService(SystemBars.java:58)
02-20 21:16:08.985  1767  1767 W StatusBar: 	at com.android.systemui.statusbar.ServiceMonitor.startService(ServiceMonitor.java:230)
02-20 21:16:08.985  1767  1767 W StatusBar: 	at com.android.systemui.statusbar.ServiceMonitor.-wrap5(ServiceMonitor.java)
02-20 21:16:08.985  1767  1767 W StatusBar: 	at com.android.systemui.statusbar.ServiceMonitor$1.handleMessage(ServiceMonitor.java:73)
02-20 21:16:08.985  1767  1767 W StatusBar: 	at android.os.Handler.dispatchMessage(Handler.java:102)
02-20 21:16:08.985  1767  1767 W StatusBar: 	at android.os.Looper.loop(Looper.java:154)
02-20 21:16:08.985  1767  1767 W StatusBar: 	at android.app.ActivityThread.main(ActivityThread.java:6119)
02-20 21:16:08.985  1767  1767 W StatusBar: 	at java.lang.reflect.Method.invoke(Native Method)
02-20 21:16:08.985  1767  1767 W StatusBar: 	at com.android.internal.os.ZygoteInit$MethodAndArgsCaller.run(ZygoteInit.java:886)
02-20 21:16:08.985  1767  1767 W StatusBar: 	at com.android.internal.os.ZygoteInit.main(ZygoteInit.java:776)
02-20 21:16:08.995  1915  1944 D SubscriptionController: [getPhoneId] asked for default subId=-1
02-20 21:16:08.999  1365  1709 V EmulatedCamera_Camera: getCameraInfo
02-20 21:16:08.999  1365  1709 V EmulatedCamera_BaseCamera: getCameraInfo
02-20 21:16:08.999  1365  1365 V EmulatedCamera_Camera: getCameraInfo
02-20 21:16:08.999  1365  1365 V EmulatedCamera_BaseCamera: getCameraInfo
02-20 21:16:09.024  1915  1915 D CarrierConfigLoader: CarrierConfigLoader has started
02-20 21:16:09.024  1915  1915 E BluetoothAdapter: Bluetooth binder is null
02-20 21:16:09.025  1679  1958 D TelephonyRegistry: listen oscl: hasNotifySubscriptionInfoChangedOccurred==false no callback
02-20 21:16:09.030  1915  2070 E ActivityThread: Failed to find provider info for com.android.contacts
02-20 21:16:09.030  1915  2070 W CallerInfoCache: cursor is null
02-20 21:16:09.039  1915  2058 D SubscriptionController: [getSlotId]- subId invalid
02-20 21:16:09.040  1767  2068 D TelephonyManager: getSimState: default sim:-1, sim state for slotIdx=0 is 6, return state as unknown
02-20 21:16:09.046  1767  1767 I StatusBar: isKeyguardShowing() called before startKeyguard(), returning true
02-20 21:16:09.046  1767  1767 W StatusBar: isKeyguardSecure() called before startKeyguard(), returning false
02-20 21:16:09.046  1767  1767 W StatusBar: java.lang.Throwable
02-20 21:16:09.046  1767  1767 W StatusBar: 	at com.android.systemui.statusbar.BaseStatusBar.isKeyguardSecure(BaseStatusBar.java:2647)
02-20 21:16:09.046  1767  1767 W StatusBar: 	at com.android.systemui.statusbar.BaseStatusBar.isCameraAllowedByAdmin(BaseStatusBar.java:2670)
02-20 21:16:09.046  1767  1767 W StatusBar: 	at com.android.systemui.statusbar.phone.KeyguardBottomAreaView.updateCameraVisibility(KeyguardBottomAreaView.java:309)
02-20 21:16:09.046  1767  1767 W StatusBar: 	at com.android.systemui.statusbar.phone.KeyguardBottomAreaView.setUserSetupComplete(KeyguardBottomAreaView.java:281)
02-20 21:16:09.046  1767  1767 W StatusBar: 	at com.android.systemui.statusbar.phone.PhoneStatusBar$1.onChange(PhoneStatusBar.java:441)
02-20 21:16:09.046  1767  1767 W StatusBar: 	at com.android.systemui.statusbar.phone.PhoneStatusBar.resetUserSetupObserver(PhoneStatusBar.java:3676)
02-20 21:16:09.046  1767  1767 W StatusBar: 	at com.android.systemui.statusbar.phone.PhoneStatusBar.makeStatusBarView(PhoneStatusBar.java:1008)
02-20 21:16:09.046  1767  1767 W StatusBar: 	at com.android.systemui.statusbar.phone.PhoneStatusBar.addStatusBarWindow(PhoneStatusBar.java:3432)
02-20 21:16:09.046  1767  1767 W StatusBar: 	at com.android.systemui.statusbar.phone.PhoneStatusBar.createAndAddWindows(PhoneStatusBar.java:3428)
02-20 21:16:09.046  1767  1767 W StatusBar: 	at com.android.systemui.statusbar.BaseStatusBar.start(BaseStatusBar.java:765)
02-20 21:16:09.046  1767  1767 W StatusBar: 	at com.android.systemui.statusbar.phone.PhoneStatusBar.start(PhoneStatusBar.java:686)
02-20 21:16:09.046  1767  1767 W StatusBar: 	at com.android.systemui.statusbar.SystemBars.createStatusBarFromConfig(SystemBars.java:106)
02-20 21:16:09.046  1767  1767 W StatusBar: 	at com.android.systemui.statusbar.SystemBars.onNoService(SystemBars.java:58)
02-20 21:16:09.046  1767  1767 W StatusBar: 	at com.android.systemui.statusbar.ServiceMonitor.startService(ServiceMonitor.java:230)
02-20 21:16:09.046  1767  1767 W StatusBar: 	at com.android.systemui.statusbar.ServiceMonitor.-wrap5(ServiceMonitor.java)
02-20 21:16:09.046  1767  1767 W StatusBar: 	at com.android.systemui.statusbar.ServiceMonitor$1.handleMessage(ServiceMonitor.java:73)
02-20 21:16:09.046  1767  1767 W StatusBar: 	at android.os.Handler.dispatchMessage(Handler.java:102)
02-20 21:16:09.046  1767  1767 W StatusBar: 	at android.os.Looper.loop(Looper.java:154)
02-20 21:16:09.046  1767  1767 W StatusBar: 	at android.app.ActivityThread.main(ActivityThread.java:6119)
02-20 21:16:09.046  1767  1767 W StatusBar: 	at java.lang.reflect.Method.invoke(Native Method)
02-20 21:16:09.046  1767  1767 W StatusBar: 	at com.android.internal.os.ZygoteInit$MethodAndArgsCaller.run(ZygoteInit.java:886)
02-20 21:16:09.046  1767  1767 W StatusBar: 	at com.android.internal.os.ZygoteInit.main(ZygoteInit.java:776)
02-20 21:16:09.046  1767  2067 E ActivityThread: Failed to find provider info for com.android.contacts
02-20 21:16:09.047  1767  1969 D OpenGLRenderer: profile bars disabled
02-20 21:16:09.047  1767  1969 D OpenGLRenderer: ambientRatio = 1.50
02-20 21:16:09.040     0     0 D ieee80211 phy1: mac80211_hwsim_configure_filter
02-20 21:16:09.053  1915  1915 D RILJ    : [3655]> RIL_REQUEST_SET_TTY_MODE : 0 [SUB0]
02-20 21:16:09.053  1374  1480 D RIL     : onRequest: SET_TTY_MODE
02-20 21:16:09.053  1915  2007 D RilRequest: [3655]< RIL_REQUEST_SET_TTY_MODE error: com.android.internal.telephony.CommandException: RADIO_NOT_AVAILABLE ret=
02-20 21:16:09.054  1915  1915 I Telephony: TtyManager: updateUiTtyMode -1 -> 0
02-20 21:16:09.057  1679  1690 D TelephonyRegistry: listen oscl: hasNotifySubscriptionInfoChangedOccurred==false no callback
02-20 21:16:09.059  1915  1915 D SubscriptionController: [getPhoneId] asked for default subId=-1
02-20 21:16:09.062  1915  1915 D UiccController: EVENT_RADIO_UNAVAILABLE, dispose card
02-20 21:16:09.062  1915  1915 D UiccController: Received EVENT_ICC_STATUS_CHANGED, calling getIccCardStatus
02-20 21:16:09.062  1915  1915 D RILJ    : [3656]> GET_SIM_STATUS [SUB0]
02-20 21:16:09.063  1374  1480 D RIL     : onRequest: GET_SIM_STATUS
02-20 21:16:09.063  1374  1480 D RIL     : getSIMStatus(). sState: 0
02-20 21:16:09.063  1915  1915 D Phone   : config LCE service failed: com.android.internal.telephony.CommandException: RADIO_NOT_AVAILABLE
02-20 21:16:09.063  1915  1915 D GsmSMSDispatcher: GsmSMSDispatcher: subId = -2 slotId = 0
02-20 21:16:09.063  1915  1915 E IccCardProxy: setExternalState: !override and newstate unchanged from NOT_READY
02-20 21:16:09.063  1915  1915 D RILJ    : [3657]> BASEBAND_VERSION [SUB0]
02-20 21:16:09.063  1915  2007 D RILJ    : [3656]< GET_SIM_STATUS IccCardState {CARDSTATE_PRESENT,PINSTATE_UNKNOWN,num_apps=2,gsm_id=0{APPTYPE_SIM,APPSTATE_DETECTED},cdma_id=1{APPTYPE_RUIM,APPSTATE_DETECTED},ims_id=8} [SUB0]
02-20 21:16:09.063  1374  1480 D RIL     : onRequest: BASEBAND_VERSION
02-20 21:16:09.063  1915  1915 D RILJ    : [3658]> GET_IMEI [SUB0]
02-20 21:16:09.064  1915  2007 D RilRequest: [3657]< BASEBAND_VERSION error: com.android.internal.telephony.CommandException: RADIO_NOT_AVAILABLE ret=
02-20 21:16:09.064  1915  1915 D RILJ    : [3659]> GET_IMEISV [SUB0]
02-20 21:16:09.064  1374  1480 D RIL     : onRequest: GET_IMEI
02-20 21:16:09.064  1374  1480 D AT      : AT> AT+CGSN
02-20 21:16:09.064  1374  1482 D AT      : AT< 000000000000000
02-20 21:16:09.064  1374  1482 D AT      : AT< OK
02-20 21:16:09.064  1915  1915 D RILJ    : [3660]> RIL_REQUEST_GET_RADIO_CAPABILITY [SUB0]
02-20 21:16:09.064  1374  1480 D RIL     : onRequest: GET_IMEISV
02-20 21:16:09.064  1915  2007 D RILJ    : [3658]< GET_IMEI  [SUB0]
02-20 21:16:09.064  1374  1480 D RIL     : onRequest: RIL_REQUEST_GET_RADIO_CAPABILITY
02-20 21:16:09.064  1915  1915 D RILJ    : [3661]> RIL_REQUEST_START_LCE [SUB0]
02-20 21:16:09.064  1915  2007 D RilRequest: [3659]< GET_IMEISV error: com.android.internal.telephony.CommandException: RADIO_NOT_AVAILABLE ret=
02-20 21:16:09.064  1915  2007 D RilRequest: [3660]< RIL_REQUEST_GET_RADIO_CAPABILITY error: com.android.internal.telephony.CommandException: RADIO_NOT_AVAILABLE ret=
02-20 21:16:09.064  1915  1915 D GsmCdmaPhone: [GsmCdmaPhone] Event EVENT_RADIO_OFF_OR_NOT_AVAILABLE Received
02-20 21:16:09.064  1915  1915 E IccCardProxy: setExternalState: !override and newstate unchanged from NOT_READY
02-20 21:16:09.064  1915  1915 D SST     : mDeviceShuttingDown=false, mDesiredPowerState=true, getRadioState=RADIO_OFF, mPowerOffDelayNeed=true, mAlarmSwitch=false, mRadioDisabledByCarrier=false
02-20 21:16:09.064  1915  1915 D RILJ    : [3662]> RADIO_POWER on [SUB0]
02-20 21:16:09.064  1374  1480 D RIL     : onRequest: <unknown request>
02-20 21:16:09.064  1915  2007 D RilRequest: [3661]< RIL_REQUEST_START_LCE error: com.android.internal.telephony.CommandException: RADIO_NOT_AVAILABLE ret=
02-20 21:16:09.064  1374  1480 D RIL     : onRequest: RADIO_POWER
02-20 21:16:09.064  1374  1480 D AT      : AT> AT+CFUN=1
02-20 21:16:09.064  1915  1915 D RILJ    : [3663]> OPERATOR [SUB0]
02-20 21:16:09.065  1374  1482 D AT      : AT< OK
02-20 21:16:09.065  1374  1480 D RIL     : setRadioState(10)
02-20 21:16:09.065  1374  1480 D RIL     : onRequest: OPERATOR
02-20 21:16:09.065  1374  1480 D AT      : AT> AT+COPS=3,0;+COPS?;+COPS=3,1;+COPS?;+COPS=3,2;+COPS?
02-20 21:16:09.065  1915  1915 D RILJ    : [3664]> DATA_REGISTRATION_STATE [SUB0]
02-20 21:16:09.065  1915  2007 D RILJ    : [UNSL]< UNSOL_RESPONSE_RADIO_STATE_CHANGED RADIO_ON [SUB0]
02-20 21:16:09.065  1915  2007 D RILJ    : [UNSL]< UNSOL_RESPONSE_SIM_STATUS_CHANGED [SUB0]
02-20 21:16:09.065  1374  1482 D AT      : AT< +COPS: 0,0,"Android"
02-20 21:16:09.065  1374  1482 D AT      : AT< +COPS: 0,1,"Android"
02-20 21:16:09.065  1374  1482 D AT      : AT< +COPS: 0,2,"310260"
02-20 21:16:09.065  1374  1482 D AT      : AT< OK
02-20 21:16:09.065  1915  1915 D RILJ    : [3665]> VOICE_REGISTRATION_STATE [SUB0]
02-20 21:16:09.065  1374  1480 D RIL     : onRequest: DATA_REGISTRATION_STATE
02-20 21:16:09.065  1374  1480 D RIL     : requestRegistrationState
02-20 21:16:09.065  1374  1480 D AT      : AT> AT+CGREG?
02-20 21:16:09.065  1915  2007 D RILJ    : [3662]< RADIO_POWER  [SUB0]
02-20 21:16:09.065  1374  1482 D AT      : AT< +CGREG: 1,1,"0003","005b","000e"
02-20 21:16:09.065  1374  1482 D AT      : AT< OK
02-20 21:16:09.065  1374  1480 D RIL     : parseRegistrationState. Parsing: +CGREG: 1,1,"0003","005b","000e"
02-20 21:16:09.065  1374  1480 D RIL     : registration state type: 3GPP
02-20 21:16:09.065  1374  1480 D RIL     : onRequest: VOICE_REGISTRATION_STATE
02-20 21:16:09.065  1374  1480 D RIL     : requestRegistrationState
02-20 21:16:09.065  1915  1915 D RILJ    : [3666]> QUERY_NETWORK_SELECTION_MODE [SUB0]
02-20 21:16:09.065  1374  1480 D AT      : AT> AT+CREG?
02-20 21:16:09.065  1374  1482 D AT      : AT< +CREG: 2,1, "0003", "005b"
02-20 21:16:09.065  1374  1482 D AT      : AT< OK
02-20 21:16:09.065  1374  1480 D RIL     : parseRegistrationState. Parsing: +CREG: 2,1, "0003", "005b"
02-20 21:16:09.065  1374  1480 D RIL     : registration state type: 3GPP
02-20 21:16:09.065  1915  2007 D RILJ    : [3663]< OPERATOR {Android, Android, 310260} [SUB0]
02-20 21:16:09.065  1915  2007 D RILJ    : [3664]< DATA_REGISTRATION_STATE {1, 3, 5b, 14, null, null} [SUB0]
02-20 21:16:09.065  1915  2007 D RILJ    : [3665]< VOICE_REGISTRATION_STATE {1, 3, 5b, 0, null, null, null, null, null, null, null, null, null, null, null} [SUB0]
02-20 21:16:09.065  1915  1915 D SST     : NITZ: 18/02/20:21:16:02+0:0:Unknown!Unknown,4110 start=12065 delay=7955
02-20 21:16:09.065  1374  1480 D RIL     : onRequest: QUERY_NETWORK_SELECTION_MODE
02-20 21:16:09.065  1374  1480 D AT      : AT> AT+COPS?
02-20 21:16:09.066  1374  1482 D AT      : AT< +COPS: 0,2,310260
02-20 21:16:09.066  1374  1482 D AT      : AT< OK
02-20 21:16:09.066  1915  2007 D RILJ    : [3666]< QUERY_NETWORK_SELECTION_MODE {0} [SUB0]
02-20 21:16:09.066  1915  1915 D SST     : NITZ: tzOffset=0 dst=0 zone=GMT iso= mGotCountryCode=false mNeedFixZoneAfterNitz=false
02-20 21:16:09.066  1915  1915 D SST     : setAndBroadcastNetworkSetTimeZone: setTimeZone=GMT
02-20 21:16:09.066  1679  1757 D AlarmManagerService: Kernel timezone updated to 0 minutes west of GMT
02-20 21:16:09.067  1915  1915 D SST     : setAndBroadcastNetworkSetTimeZone: call alarm.setTimeZone and broadcast zoneId=GMT
02-20 21:16:09.068  1915  1915 D SST     : NITZ: Setting time of day to Tue Feb 20 21:16:09 GMT+00:00 2018 NITZ receive delay(ms): 7958 gained(ms): 890 from 18/02/20:21:16:02+0:0:Unknown!Unknown
02-20 21:16:09.068  1915  1915 D SST     : setAndBroadcastNetworkSetTime: time=1519161369958ms
02-20 21:16:09.068  1679  1691 D AlarmManagerService: Setting time of day to sec=1519161369
02-20 21:16:09.958  1679  1691 W AlarmManagerService: Unable to set rtc to 1519161369: No such device
02-20 21:16:09.974  1679  1679 D ConditionProviders.SCP: onReceive android.intent.action.TIME_SET
02-20 21:16:09.974  1679  1679 D ConditionProviders.SCP: notifyCondition condition://android/schedule?days=6.7&start=23.30&end=10.0&exitAtAlarm=false STATE_FALSE reason=!meetsSchedule
02-20 21:16:09.974  1679  1679 D ConditionProviders.SCP: notifyCondition condition://android/schedule?days=1.2.3.4.5&start=22.0&end=7.0&exitAtAlarm=false STATE_FALSE reason=!meetsSchedule
02-20 21:16:09.974  1679  1679 D ConditionProviders.SCP: Scheduling evaluate for Tue Feb 20 22:00:00 GMT+00:00 2018 (1519164000000), in +43m50s26ms, now=Tue Feb 20 21:16:09 GMT+00:00 2018 (1519161369974)
02-20 21:16:09.974  1679  1748 E ActivityThread: Failed to find provider info for com.android.calendar
02-20 21:16:09.974  1679  1748 E ActivityThread: Failed to find provider info for com.android.calendar
02-20 21:16:09.975  1915  2058 D SubscriptionController: [getSlotId]- subId invalid
02-20 21:16:09.975  1767  2068 D TelephonyManager: getSimState: default sim:-1, sim state for slotIdx=0 is 6, return state as unknown
02-20 21:16:09.976  1767  1767 D PhoneStatusBar: disable: < EXPAND* icons alerts system_info BACK* HOME* RECENT* clock SEARCH* quick_settings >
02-20 21:16:09.978  1915  1915 I SST     : NITZ: after Setting time of day
02-20 21:16:09.978  1915  1915 D SST     : NITZ: end=12089 dur=24
02-20 21:16:09.978  1915  1915 D SST     : mDeviceShuttingDown=false, mDesiredPowerState=true, getRadioState=RADIO_ON, mPowerOffDelayNeed=true, mAlarmSwitch=false, mRadioDisabledByCarrier=false
02-20 21:16:09.978  1915  1915 D RILJ    : [3667]> OPERATOR [SUB0]
02-20 21:16:09.979  1915  1915 D RILJ    : [3668]> DATA_REGISTRATION_STATE [SUB0]
02-20 21:16:09.979  1374  1480 D RIL     : onRequest: OPERATOR
02-20 21:16:09.979  1374  1480 D AT      : AT> AT+COPS=3,0;+COPS?;+COPS=3,1;+COPS?;+COPS=3,2;+COPS?
02-20 21:16:09.979  1915  1915 D RILJ    : [3669]> VOICE_REGISTRATION_STATE [SUB0]
02-20 21:16:09.979  1374  1482 D AT      : AT< +COPS: 0,0,"Android"
02-20 21:16:09.979  1374  1482 D AT      : AT< +COPS: 0,1,"Android"
02-20 21:16:09.979  1374  1482 D AT      : AT< +COPS: 0,2,"310260"
02-20 21:16:09.979  1374  1482 D AT      : AT< OK
02-20 21:16:09.979  1374  1480 D RIL     : onRequest: DATA_REGISTRATION_STATE
02-20 21:16:09.979  1374  1480 D RIL     : requestRegistrationState
02-20 21:16:09.979  1374  1480 D AT      : AT> AT+CGREG?
02-20 21:16:09.979  1915  2007 D RILJ    : [3667]< OPERATOR {Android, Android, 310260} [SUB0]
02-20 21:16:09.979  1374  1482 D AT      : AT< +CGREG: 1,1,"0003","005b","000e"
02-20 21:16:09.979  1374  1482 D AT      : AT< OK
02-20 21:16:09.979  1915  1915 D RILJ    : [3670]> QUERY_NETWORK_SELECTION_MODE [SUB0]
02-20 21:16:09.979  1374  1480 D RIL     : parseRegistrationState. Parsing: +CGREG: 1,1,"0003","005b","000e"
02-20 21:16:09.979  1374  1480 D RIL     : registration state type: 3GPP
02-20 21:16:09.979  1374  1480 D RIL     : onRequest: VOICE_REGISTRATION_STATE
02-20 21:16:09.979  1374  1480 D RIL     : requestRegistrationState
02-20 21:16:09.979  1374  1480 D AT      : AT> AT+CREG?
02-20 21:16:09.980  1915  1915 D SST     : onSignalStrengthResult() Exception from RIL : com.android.internal.telephony.CommandException: RADIO_NOT_AVAILABLE
02-20 21:16:09.980  1915  2007 D RILJ    : [3668]< DATA_REGISTRATION_STATE {1, 3, 5b, 14, null, null} [SUB0]
02-20 21:16:09.980  1915  1915 D DCT     : [0]onRadioAvailable
02-20 21:16:09.980  1915  1915 D DCT     : [0]onRadioOffOrNotAvailable: is off and clean up all connections
02-20 21:16:09.980  1915  1915 D DCT     : [0]cleanUpAllConnections: tearDown=false reason=radioTurnedOff
02-20 21:16:09.980  1374  1482 D AT      : AT< +CREG: 2,1, "0003", "005b"
02-20 21:16:09.980  1374  1482 D AT      : AT< OK
02-20 21:16:09.981  1915  1915 D GsmCdmaPhone: [GsmCdmaPhone] getDataConnectionState apnType=default ret=DISCONNECTED
02-20 21:16:09.986  1374  1480 D RIL     : parseRegistrationState. Parsing: +CREG: 2,1, "0003", "005b"
02-20 21:16:09.986  1374  1480 D RIL     : registration state type: 3GPP
02-20 21:16:09.986  1374  1480 D RIL     : onRequest: QUERY_NETWORK_SELECTION_MODE
02-20 21:16:09.986  1374  1480 D AT      : AT> AT+COPS?
02-20 21:16:09.986  1374  1482 D AT      : AT< +COPS: 0,2,310260
02-20 21:16:09.986  1374  1482 D AT      : AT< OK
02-20 21:16:09.986  1915  2007 D RILJ    : [3669]< VOICE_REGISTRATION_STATE {1, 3, 5b, 0, null, null, null, null, null, null, null, null, null, null, null} [SUB0]
02-20 21:16:09.986  1915  2007 D RILJ    : [3670]< QUERY_NETWORK_SELECTION_MODE {0} [SUB0]
02-20 21:16:09.989  1915  1915 D DCT     : [0]cleanUpConnection: X tearDown=false reason=radioTurnedOff apnContext={mApnType=default mState=IDLE mWaitingApns={null} mApnSetting={null} mReason=radioTurnedOff mDataEnabled=false mDependencyMet=true} dcac=null
02-20 21:16:09.989  1915  1915 D GsmCdmaPhone: [GsmCdmaPhone] getDataConnectionState apnType=mms ret=DISCONNECTED
02-20 21:16:09.990  1915  1915 D DCT     : [0]cleanUpConnection: X tearDown=false reason=radioTurnedOff apnContext={mApnType=mms mState=IDLE mWaitingApns={null} mApnSetting={null} mReason=radioTurnedOff mDataEnabled=false mDependencyMet=true} dcac=null
02-20 21:16:09.990  1915  1915 D GsmCdmaPhone: [GsmCdmaPhone] getDataConnectionState apnType=cbs ret=DISCONNECTED
02-20 21:16:09.990  1915  1915 D DCT     : [0]cleanUpConnection: X tearDown=false reason=radioTurnedOff apnContext={mApnType=cbs mState=IDLE mWaitingApns={null} mApnSetting={null} mReason=radioTurnedOff mDataEnabled=false mDependencyMet=true} dcac=null
02-20 21:16:09.990  1915  1915 D GsmCdmaPhone: [GsmCdmaPhone] getDataConnectionState apnType=fota ret=DISCONNECTED
02-20 21:16:09.991  1915  1915 D DCT     : [0]cleanUpConnection: X tearDown=false reason=radioTurnedOff apnContext={mApnType=fota mState=IDLE mWaitingApns={null} mApnSetting={null} mReason=radioTurnedOff mDataEnabled=false mDependencyMet=true} dcac=null
02-20 21:16:09.991  1915  1915 D GsmCdmaPhone: [GsmCdmaPhone] getDataConnectionState apnType=supl ret=DISCONNECTED
02-20 21:16:09.992  1915  1915 D DCT     : [0]cleanUpConnection: X tearDown=false reason=radioTurnedOff apnContext={mApnType=supl mState=IDLE mWaitingApns={null} mApnSetting={null} mReason=radioTurnedOff mDataEnabled=false mDependencyMet=true} dcac=null
02-20 21:16:09.992  1915  1915 D GsmCdmaPhone: [GsmCdmaPhone] getDataConnectionState apnType=ia ret=DISCONNECTED
02-20 21:16:09.992  1915  1915 D DCT     : [0]cleanUpConnection: X tearDown=false reason=radioTurnedOff apnContext={mApnType=ia mState=IDLE mWaitingApns={null} mApnSetting={null} mReason=radioTurnedOff mDataEnabled=false mDependencyMet=true} dcac=null
02-20 21:16:09.992  1915  1915 D GsmCdmaPhone: [GsmCdmaPhone] getDataConnectionState apnType=emergency ret=DISCONNECTED
02-20 21:16:09.993  1915  1915 D DCT     : [0]cleanUpConnection: X tearDown=false reason=radioTurnedOff apnContext={mApnType=emergency mState=IDLE mWaitingApns={null} mApnSetting={null} mReason=radioTurnedOff mDataEnabled=false mDependencyMet=true} dcac=null
02-20 21:16:09.993  1915  1915 D GsmCdmaPhone: [GsmCdmaPhone] getDataConnectionState apnType=hipri ret=DISCONNECTED
02-20 21:16:09.993  1915  1915 D DCT     : [0]cleanUpConnection: X tearDown=false reason=radioTurnedOff apnContext={mApnType=hipri mState=IDLE mWaitingApns={null} mApnSetting={null} mReason=radioTurnedOff mDataEnabled=false mDependencyMet=true} dcac=null
02-20 21:16:09.993  1915  1915 D GsmCdmaPhone: [GsmCdmaPhone] getDataConnectionState apnType=ims ret=DISCONNECTED
02-20 21:16:09.994  1915  1915 D DCT     : [0]cleanUpConnection: X tearDown=false reason=radioTurnedOff apnContext={mApnType=ims mState=IDLE mWaitingApns={null} mApnSetting={null} mReason=radioTurnedOff mDataEnabled=false mDependencyMet=true} dcac=null
02-20 21:16:09.994  1915  1915 D DCT     : [0]stopNetStatPoll
02-20 21:16:09.994  1915  1915 D DCT     : [0]cleanUpConnection: mDisconnectPendingCount = 0
02-20 21:16:09.994  1915  1915 D DCT     : [0]isDataAllowed: No - Not attached - SIM not loaded
02-20 21:16:10.001  1915  1915 D DCT     : [0]onDataConnectionDetached: stop polling and notify detached
02-20 21:16:10.001  1915  1915 D DCT     : [0]stopNetStatPoll
02-20 21:16:10.001  1915  1915 D DCT     : [0]notifyDataConnection: reason=dataDetached
02-20 21:16:10.001  1915  1915 D DCT     : [0]isDataAllowed: No - Not attached - SIM not loaded
02-20 21:16:10.029  1915  1915 D DCT     : [0]onRoamingOff
02-20 21:16:10.029  1915  1915 D DCT     : [0]isDataAllowed: No - Not attached - SIM not loaded
02-20 21:16:10.033  1767  1767 D PhoneStatusBar: heads up is enabled
02-20 21:16:10.039  1915  1915 D DCT     : [0]setupDataOnConnectableApns: roamingOff hipri:[state=IDLE,enabled=false] mms:[state=IDLE,enabled=false] supl:[state=IDLE,enabled=false] ia:[state=IDLE,enabled=false] fota:[state=IDLE,enabled=false] ims:[state=IDLE,enabled=false] cbs:[state=IDLE,enabled=false] default:[state=IDLE,enabled=false] emergency:[state=IDLE,enabled=false] 
02-20 21:16:10.039  1915  1915 D DCT     : [0]setupDataOnConnectableApns: nwTypeChanged hipri:[state=IDLE,enabled=false] mms:[state=IDLE,enabled=false] supl:[state=IDLE,enabled=false] ia:[state=IDLE,enabled=false] fota:[state=IDLE,enabled=false] ims:[state=IDLE,enabled=false] cbs:[state=IDLE,enabled=false] default:[state=IDLE,enabled=false] emergency:[state=IDLE,enabled=false] 
02-20 21:16:10.040  1915  1915 D DCT     : [0]NETWORK_STATE_CHANGED_ACTION: mIsWifiConnected=false
02-20 21:16:10.040  1915  1915 D DCT     : [0]Wifi state changed
02-20 21:16:10.040  1915  1915 D DCT     : [0]WIFI_STATE_CHANGED_ACTION: enabled=true mIsWifiConnected=false
02-20 21:16:10.040  1915  1915 D SubscriptionInfoUpdater: [Receiver]+
02-20 21:16:10.040  1915  1915 D SubscriptionInfoUpdater: Action: android.intent.action.SIM_STATE_CHANGED
02-20 21:16:10.040  1915  1915 D SubscriptionInfoUpdater: slotId: 0
02-20 21:16:10.040  1915  1915 D SubscriptionInfoUpdater: simStatus: NOT_READY
02-20 21:16:10.040  1915  1915 D SubscriptionInfoUpdater: Ignoring simStatus: NOT_READY
02-20 21:16:10.040  1915  1915 D SubscriptionInfoUpdater: [Receiver]-
02-20 21:16:10.040  1915  1915 D PhoneSwitcherNetworkRequstListener: got request NetworkRequest [ REQUEST id=1, [ Capabilities: INTERNET&NOT_RESTRICTED&TRUSTED&NOT_VPN] ] with score 0
02-20 21:16:10.040  1915  1915 D TelephonyNetworkFactory[0]: onSubIdChange -1->-2
02-20 21:16:10.044  1915  1915 D DebugService: DebugService DebugService:
