02-20 21:17:20.584  1267  1303 V vold    : 
02-20 21:17:20.585  1676  1729 D VoldConnector: RCV <- {650 public:253,64 0 "disk:253,64" ""}
02-20 21:17:20.585  1676  1729 D VoldConnector: RCV <- {651 public:253,64 0}
02-20 21:17:20.585  1676  1729 D VoldConnector: RCV <- {643 disk:253,64}
02-20 21:17:20.585  1676  1729 D VoldConnector: RCV <- {200 3 Command succeeded}
02-20 21:17:20.586  1676  1728 D VoldConnector: SND -> {4 volume user_added 0 0}
02-20 21:17:20.587  1676  1729 D VoldConnector: RCV <- {200 4 Command succeeded}
02-20 21:17:20.594  1676  1728 D VoldConnector: SND -> {5 volume mount emulated 3 -1}
02-20 21:17:20.599  1267  1303 V vold    : Waiting for FUSE to spin up...
02-20 21:17:20.600  1676  1729 D VoldConnector: RCV <- {651 emulated 1}
02-20 21:17:20.600  1676  1729 D VoldConnector: RCV <- {656 emulated /data/media}
02-20 21:17:20.602  1676  1729 D VoldConnector: RCV <- {655 emulated /storage/emulated}
02-20 21:17:20.606  1676  1689 I am_proc_bound: [0,1773,com.android.systemui]
02-20 21:17:20.621  1676  1676 D WebViewFactory: Setting new address space to 137955392
02-20 21:17:20.652  1267  1303 V vold    : Waiting for FUSE to spin up...
02-20 21:17:20.657  1773  1773 W System  : ClassLoader referenced unknown path: /system/priv-app/SystemUIGoogle/lib/x86_64
02-20 21:17:20.658  1790  1790 W sdcard  : Device explicitly disabled sdcardfs
02-20 21:17:20.667  1676  1676 I Zygote  : Process: zygote socket opened, supported ABIS: x86
02-20 21:17:20.671  1363  1562 I art     : Starting a blocking GC HeapTrim
02-20 21:17:20.679  1363  1363 I art     : Starting a blocking GC Background
02-20 21:17:20.696  1676  1793 E WVMExtractor: Failed to open libwvm.so: dlopen failed: library "libwvm.so" not found
02-20 21:17:20.706  1267  1303 V vold    : Waiting for FUSE to spin up...
02-20 21:17:20.615     0     0 D ieee80211 phy1: hw scan 2427 MHz
02-20 21:17:20.697     0     0 D SELinux : initialized (dev fuse, type fuse), uses genfs_contexts
02-20 21:17:20.716  1372  1372 I MediaPlayerService: MediaPlayerService::getOMX
02-20 21:17:20.717  1372  1372 I OMXClient: MuxOMX ctor
02-20 21:17:20.719  1372  1372 I MediaPlayerService: MediaPlayerService::getOMX
02-20 21:17:20.715     0     0 D SELinux : initialized (dev fuse, type fuse), uses genfs_contexts
02-20 21:17:20.718     0     0 D SELinux : initialized (dev fuse, type fuse), uses genfs_contexts
02-20 21:17:20.720  1372  1372 I OMXClient: MuxOMX ctor
02-20 21:17:20.720  1369  1369 I OMXMaster: makeComponentInstance(OMX.google.mp3.decoder) in mediacodec process
02-20 21:17:20.726  1676  1676 W ActivityManager: Slow operation: 70ms so far, now at startProcess: returned from zygote!
02-20 21:17:20.726  1676  1676 W ActivityManager: Slow operation: 70ms so far, now at startProcess: done updating battery stats
02-20 21:17:20.726  1676  1676 I am_proc_start: [0,1802,1037,WebViewLoader-x86,,]
02-20 21:17:20.726  1676  1676 W ActivityManager: Slow operation: 70ms so far, now at startProcess: building log message
02-20 21:17:20.726  1676  1676 I ActivityManager: Start proc 1802:WebViewLoader-x86/1037 [android.webkit.WebViewFactory$RelroFileCreator] for 
02-20 21:17:20.726  1676  1676 W ActivityManager: Slow operation: 70ms so far, now at startProcess: starting to update pids map
02-20 21:17:20.726  1676  1676 W ActivityManager: Slow operation: 70ms so far, now at startProcess: done updating pids map
02-20 21:17:20.726  1676  1676 W ActivityManager: Slow operation: 71ms so far, now at startProcess: done starting proc!
02-20 21:17:20.730     0     0 D ieee80211 phy1: hw scan 2432 MHz
02-20 21:17:20.742  1676  1676 I am_proc_start: [0,1807,1037,WebViewLoader-x86_64,,]
02-20 21:17:20.742  1676  1676 I ActivityManager: Start proc 1807:WebViewLoader-x86_64/1037 [android.webkit.WebViewFactory$RelroFileCreator] for 
02-20 21:17:20.742  1676  1676 D NetworkManagement: enabling bandwidth control
02-20 21:17:20.757  1676  1729 D VoldConnector: RCV <- {651 emulated 2}
02-20 21:17:20.757  1676  1729 D VoldConnector: RCV <- {200 5 Command succeeded}
02-20 21:17:20.757  1676  1728 D VoldConnector: SND -> {6 volume mount public:253,64 2 0}
02-20 21:17:20.757  1267  1303 V vold    : /system/bin/blkid
02-20 21:17:20.757  1267  1303 V vold    :     -c
02-20 21:17:20.757  1267  1303 V vold    :     /dev/null
02-20 21:17:20.757  1267  1303 V vold    :     -s
02-20 21:17:20.757  1267  1303 V vold    :     TYPE
02-20 21:17:20.757  1267  1303 V vold    :     -s
02-20 21:17:20.757  1267  1303 V vold    :     UUID
02-20 21:17:20.757  1267  1303 V vold    :     -s
02-20 21:17:20.757  1267  1303 V vold    :     LABEL
02-20 21:17:20.757  1267  1303 V vold    :     /dev/block/vold/public:253,64
02-20 21:17:20.757  1676  1729 D VoldConnector: RCV <- {651 public:253,64 1}
02-20 21:17:20.764  1807  1807 W art     : Unexpected CPU variant for X86 using defaults: x86_64
02-20 21:17:20.785  1372  1372 I MediaPlayerService: MediaPlayerService::getOMX
02-20 21:17:20.785  1372  1372 I OMXClient: MuxOMX ctor
02-20 21:17:20.785  1369  1818 I OMXMaster: makeComponentInstance(OMX.google.amrnb.decoder) in mediacodec process
02-20 21:17:20.787  1372  1372 I MediaPlayerService: MediaPlayerService::getOMX
02-20 21:17:20.787  1372  1372 I OMXClient: MuxOMX ctor
02-20 21:17:20.787  1369  1385 I OMXMaster: makeComponentInstance(OMX.google.amrwb.decoder) in mediacodec process
02-20 21:17:20.814  1807  1807 V WebViewFactory: RelroFileCreator (64bit = true),  32-bit lib: /system/app/Chrome/Chrome.apk!/lib/x86/libmonochrome.so, 64-bit lib: /system/app/Chrome/Chrome.apk!/lib/x86_64/libmonochrome.so
02-20 21:17:20.814  1372  1372 I MediaPlayerService: MediaPlayerService::getOMX
02-20 21:17:20.814  1372  1372 I OMXClient: MuxOMX ctor
02-20 21:17:20.814  1369  1369 I OMXMaster: makeComponentInstance(OMX.google.aac.decoder) in mediacodec process
02-20 21:17:20.821  1802  1802 W art     : Unexpected CPU variant for X86 using defaults: x86
02-20 21:17:20.828  1267  1303 V vold    : /dev/block/vold/public:253,64: LABEL="SDCARD" UUID="1E12-0B12" TYPE="vfat" 
02-20 21:17:20.828  1267  1303 V vold    : 
02-20 21:17:20.828  1267  1303 V vold    : /system/bin/fsck_msdos
02-20 21:17:20.828  1267  1303 V vold    :     -p
02-20 21:17:20.828  1267  1303 V vold    :     -f
02-20 21:17:20.828  1267  1303 V vold    :     /dev/block/vold/public:253,64
02-20 21:17:20.829  1676  1729 D VoldConnector: RCV <- {652 public:253,64 vfat}
02-20 21:17:20.829  1676  1729 D VoldConnector: RCV <- {653 public:253,64 1E12-0B12}
02-20 21:17:20.829  1676  1729 D VoldConnector: RCV <- {654 public:253,64 SDCARD}
02-20 21:17:20.830  1372  1372 I MediaPlayerService: MediaPlayerService::getOMX
02-20 21:17:20.831  1372  1372 I OMXClient: MuxOMX ctor
02-20 21:17:20.831  1369  1818 I OMXMaster: makeComponentInstance(OMX.google.g711.alaw.decoder) in mediacodec process
02-20 21:17:20.839  1676  1736 D WifiController: DEFERRED_TOGGLE handled
02-20 21:17:20.843  1373  1675 D SoftapController: Softap fwReload - Ok
02-20 21:17:20.850     0     0 D ieee80211 phy1: hw scan 2437 MHz
02-20 21:17:20.865  1267  1303 I fsck_msdos: ** /dev/block/vold/public:253,64
02-20 21:17:20.866  1267  1303 I fsck_msdos: ** Phase 1 - Read and Compare FATs
02-20 21:17:20.867  1267  1303 I fsck_msdos: Attempting to allocate 1022 KB for FAT
02-20 21:17:20.871  1372  1372 I MediaPlayerService: MediaPlayerService::getOMX
02-20 21:17:20.871  1372  1372 I OMXClient: MuxOMX ctor
02-20 21:17:20.871  1369  1818 I OMXMaster: makeComponentInstance(OMX.google.g711.mlaw.decoder) in mediacodec process
02-20 21:17:20.915  1759  1759 I LatinIME: Hardware accelerated drawing: true
02-20 21:17:20.933  1267  1303 I fsck_msdos: Attempting to allocate 1022 KB for FAT
02-20 21:17:20.943  1773  1773 V SystemUIService: Starting SystemUI services for user 0.
02-20 21:17:20.948  1802  1802 V WebViewFactory: RelroFileCreator (64bit = false),  32-bit lib: /system/app/Chrome/Chrome.apk!/lib/x86/libmonochrome.so, 64-bit lib: /system/app/Chrome/Chrome.apk!/lib/x86_64/libmonochrome.so
02-20 21:17:20.972  1372  1372 I MediaPlayerService: MediaPlayerService::getOMX
02-20 21:17:20.972  1372  1372 I OMXClient: MuxOMX ctor
02-20 21:17:20.972  1369  1385 I OMXMaster: makeComponentInstance(OMX.google.vorbis.decoder) in mediacodec process
02-20 21:17:20.971     0     0 D ieee80211 phy1: hw scan 2442 MHz
02-20 21:17:20.991  1676  1676 W NetworkManagement: setDataSaverMode(): already false
02-20 21:17:20.993  1373  1675 D CommandListener: Setting iface cfg
02-20 21:17:20.993  1373  1675 D CommandListener: Trying to bring down wlan0
02-20 21:17:20.994  1373  1675 D CommandListener: Clearing all IP addresses on wlan0
02-20 21:17:21.000  1676  1737 E WifiMonitor: killSupplicant p2pfalse init.svc.wpa_supplicant=unknown init.svc.p2p_supplicant=unknown
02-20 21:17:21.002  1676  1737 E wifi    : Can not initialize the vendor function pointer table
02-20 21:17:21.002  1676  1737 E WifiNative-HAL: Could not start hal
02-20 21:17:21.002  1676  1737 E WifiStateMachine: Failed to start HAL
02-20 21:17:21.004     0     0 I init    : Starting service 'wpa_supplicant'...
02-20 21:17:21.006  1676  1737 D WifiMonitor: startMonitoring(wlan0) with mConnected = false
02-20 21:17:21.007  1676  1737 E WifiHW  : Unable to open connection to supplicant on "@android:wpa_wlan0": No such file or directory
02-20 21:17:21.024  1773  1773 V MediaRouter: Adding route: RouteInfo{ name=Phone, description=null, status=null, category=RouteCategory{ name=null types=ROUTE_TYPE_LIVE_AUDIO ROUTE_TYPE_LIVE_VIDEO  groupable=false }, supportedTypes=ROUTE_TYPE_LIVE_AUDIO ROUTE_TYPE_LIVE_VIDEO , presentationDisplay=null }
02-20 21:17:21.025  1773  1773 V MediaRouter: Updating audio routes: AudioRoutesInfo{ type=SPEAKER }
02-20 21:17:21.026  1773  1773 V MediaRouter: Selecting route: RouteInfo{ name=Phone, description=null, status=null, category=RouteCategory{ name=null types=ROUTE_TYPE_LIVE_AUDIO ROUTE_TYPE_LIVE_VIDEO  groupable=false }, supportedTypes=ROUTE_TYPE_LIVE_AUDIO ROUTE_TYPE_LIVE_VIDEO , presentationDisplay=null }
02-20 21:17:21.041  1676  1690 D TelephonyRegistry: listen oscl: hasNotifySubscriptionInfoChangedOccurred==false no callback
02-20 21:17:21.051  1759  1759 W InputAttributes: No editor info for this field. Bug?
02-20 21:17:21.073  1267  1303 I fsck_msdos: ** Phase 2 - Check Cluster Chains
02-20 21:17:21.088  1267  1303 I fsck_msdos: ** Phase 3 - Checking Directories
02-20 21:17:21.090  1267  1303 I fsck_msdos: ** Phase 4 - Checking for Lost Files
02-20 21:17:21.091  1267  1303 I fsck_msdos: 27 files, 522176 free (261088 clusters)
02-20 21:17:21.090     0     0 D ieee80211 phy1: hw scan 2447 MHz
02-20 21:17:21.092  1372  1372 I MediaPlayerService: MediaPlayerService::getOMX
02-20 21:17:21.092  1372  1372 I OMXClient: MuxOMX ctor
02-20 21:17:21.092  1369  1818 I OMXMaster: makeComponentInstance(OMX.google.opus.decoder) in mediacodec process
02-20 21:17:21.104  1267  1303 I Vold    : Filesystem check completed OK
02-20 21:17:21.105  1676  1729 D VoldConnector: RCV <- {656 public:253,64 /mnt/media_rw/1E12-0B12}
02-20 21:17:21.105  1676  1729 D VoldConnector: RCV <- {655 public:253,64 /storage/1E12-0B12}
02-20 21:17:21.109  1267  1303 V vold    : Waiting for FUSE to spin up...
02-20 21:17:21.107     0     0 W FAT-fs (vde): Volume was not properly unmounted. Some data may be corrupt. Please run fsck.
02-20 21:17:21.108     0     0 D SELinux : initialized (dev vde, type vfat), uses genfs_contexts
02-20 21:17:21.115  1858  1858 I wpa_supplicant: Successfully initialized wpa_supplicant
02-20 21:17:21.134     0     0 D ieee80211 phy0: mac80211_hwsim_start
02-20 21:17:21.134     0     0 D ieee80211 phy0: mac80211_hwsim_add_interface (type=2 mac_addr=02:00:00:44:55:66)
02-20 21:17:21.134     0     0 D ieee80211 phy0: mac80211_hwsim_bss_info_changed(changed=0xe)
02-20 21:17:21.134     0     0 D ieee80211 phy0: ERP_CTS_PROT: 0
02-20 21:17:21.134     0     0 D ieee80211 phy0: ERP_PREAMBLE: 0
02-20 21:17:21.134     0     0 D ieee80211 phy0: ERP_SLOT: 0
02-20 21:17:21.134     0     0 D ieee80211 phy0: mac80211_hwsim_conf_tx (queue=0 txop=0 cw_min=15 cw_max=1023 aifs=2)
02-20 21:17:21.134     0     0 D ieee80211 phy0: mac80211_hwsim_conf_tx (queue=1 txop=0 cw_min=15 cw_max=1023 aifs=2)
02-20 21:17:21.134     0     0 D ieee80211 phy0: mac80211_hwsim_conf_tx (queue=2 txop=0 cw_min=15 cw_max=1023 aifs=2)
02-20 21:17:21.134     0     0 D ieee80211 phy0: mac80211_hwsim_conf_tx (queue=3 txop=0 cw_min=15 cw_max=1023 aifs=2)
02-20 21:17:21.134     0     0 D ieee80211 phy0: mac80211_hwsim_bss_info_changed(changed=0x2000)
02-20 21:17:21.134     0     0 D ieee80211 phy0: mac80211_hwsim_config (freq=0 idle=0 ps=0 smps=auto)
02-20 21:17:21.134     0     0 I IPv6    : ADDRCONF(NETDEV_UP): wlan0: link is not ready
02-20 21:17:21.135     0     0 D ieee80211 phy0: mac80211_hwsim_configure_filter
02-20 21:17:21.136     0     0 D SELinux : initialized (dev fuse, type fuse), uses genfs_contexts
02-20 21:17:21.115  1759  1864 I LatinIME:LogUtils: Dictionary info: dictionary = userunigram.en_US ; version = 1519161441 ; date = ?
02-20 21:17:21.116  1865  1865 W sdcard  : Device explicitly disabled sdcardfs
02-20 21:17:21.134  1858  1858 I wpa_supplicant: rfkill: Cannot open RFKILL control device
02-20 21:17:21.135  1858  1858 I wpa_supplicant: nl80211: Could not re-add multicast membership for vendor events: -2 (No such file or directory)
02-20 21:17:21.146     0     0 D SELinux : initialized (dev fuse, type fuse), uses genfs_contexts
02-20 21:17:21.158  1807  1807 I art     : System.exit called, status: 0
02-20 21:17:21.158  1807  1807 I AndroidRuntime: VM exiting with result code 0, cleanup skipped.
02-20 21:17:21.159  1267  1303 V vold    : Waiting for FUSE to spin up...
02-20 21:17:21.159     0     0 D SELinux : initialized (dev fuse, type fuse), uses genfs_contexts
02-20 21:17:21.165  1759  1864 E ActivityThread: Failed to find provider info for user_dictionary
02-20 21:17:21.169  1759  1864 I LatinIME:LogUtils: Dictionary info: dictionary = UserHistoryDictionary.en_US ; version = 1519161441 ; date = ?
02-20 21:17:21.169  1676  1676 D NetworkPolicy: setRestrictBackgroundUL(): false
02-20 21:17:21.172  1676  1676 W NetworkManagement: setDataSaverMode(): already false
02-20 21:17:21.175  1802  1802 I art     : System.exit called, status: 0
02-20 21:17:21.175  1802  1802 I AndroidRuntime: VM exiting with result code 0, cleanup skipped.
02-20 21:17:21.181  1372  1372 I MediaPlayerService: MediaPlayerService::getOMX
02-20 21:17:21.181  1372  1372 I OMXClient: MuxOMX ctor
02-20 21:17:21.181  1369  1818 I OMXMaster: makeComponentInstance(OMX.google.raw.decoder) in mediacodec process
02-20 21:17:21.183  1773  1881 E WVMExtractor: Failed to open libwvm.so: dlopen failed: library "libwvm.so" not found
02-20 21:17:21.185  1372  1372 I MediaPlayerService: MediaPlayerService::getOMX
02-20 21:17:21.186  1372  1372 I OMXClient: MuxOMX ctor
02-20 21:17:21.186  1369  1385 I OMXMaster: makeComponentInstance(OMX.google.aac.encoder) in mediacodec process
02-20 21:17:21.192  1372  1372 I MediaPlayerService: MediaPlayerService::getOMX
02-20 21:17:21.192  1372  1372 I OMXClient: MuxOMX ctor
02-20 21:17:21.192  1369  1369 I OMXMaster: makeComponentInstance(OMX.google.amrnb.encoder) in mediacodec process
02-20 21:17:21.197  1372  1372 I MediaPlayerService: MediaPlayerService::getOMX
02-20 21:17:21.197  1372  1372 I OMXClient: MuxOMX ctor
02-20 21:17:21.197  1369  1818 I OMXMaster: makeComponentInstance(OMX.google.amrwb.encoder) in mediacodec process
02-20 21:17:21.212  1858  1858 E wpa_supplicant: global ctrl interface @android:wpa_wlan0 matches ctrl interface wlan0 - do not open per-interface ctrl interface
02-20 21:17:21.210     0     0 D ieee80211 phy1: hw scan 2452 MHz
02-20 21:17:21.215  1676  1729 D VoldConnector: RCV <- {651 public:253,64 2}
02-20 21:17:21.215  1676  1729 D VoldConnector: RCV <- {200 6 Command succeeded}
02-20 21:17:21.233  1759  1864 I LatinIME:LogUtils: Dictionary info: dictionary = main:en ; version = 54 ; date = 1414726273
02-20 21:17:21.238  1372  1372 I MediaPlayerService: MediaPlayerService::getOMX
02-20 21:17:21.238  1372  1372 I OMXClient: MuxOMX ctor
02-20 21:17:21.238  1369  1385 I OMXMaster: makeComponentInstance(OMX.google.flac.encoder) in mediacodec process
02-20 21:17:21.262  1372  1372 I MediaPlayerService: MediaPlayerService::getOMX
02-20 21:17:21.263  1372  1372 I OMXClient: MuxOMX ctor
02-20 21:17:21.263  1369  1385 I OMXMaster: makeComponentInstance(OMX.google.gsm.decoder) in mediacodec process
02-20 21:17:21.284  1676  1676 I SystemServiceManager: Starting phase 600
02-20 21:17:21.292  1372  1372 I MediaPlayerService: MediaPlayerService::getOMX
02-20 21:17:21.292  1372  1372 I OMXClient: MuxOMX ctor
02-20 21:17:21.292  1369  1385 I OMXMaster: makeComponentInstance(OMX.google.mpeg4.decoder) in mediacodec process
02-20 21:17:21.298  1676  1676 D SensorNotificationService: Cannot obtain dynamic meta sensor, not supported.
02-20 21:17:21.301  1676  1733 I netstats_mobile_sample: [0,0,0,0,0,0,0,0,0,0,0,0,-1]
02-20 21:17:21.301  1676  1733 I netstats_wifi_sample: [0,0,0,0,0,0,0,0,0,0,0,0,-1]
02-20 21:17:21.301  1676  1676 D TelephonyRegistry: listen oscl: hasNotifySubscriptionInfoChangedOccurred==false no callback
02-20 21:17:21.340     0     0 D ieee80211 phy1: hw scan 2457 MHz
02-20 21:17:21.333  1676  1676 I GnssLocationProvider: WakeLock acquired by sendMessage(13, 0, null)
02-20 21:17:21.333  1676  1691 W GnssLocationProvider: Could not open GPS configuration file /etc/gps.conf
02-20 21:17:21.333  1676  1691 E GnssLocationProvider: no AGPS interface in set_agps_server
02-20 21:17:21.334  1676  1676 W LocationProviderProxy-network: Odd, no component found for service com.android.location.service.v3.NetworkLocationProvider
02-20 21:17:21.337  1676  1676 W GeocoderProxy: Odd, no component found for service com.android.location.service.GeocodeProvider
02-20 21:17:21.338  1676  1676 E FlpHardwareProvider: Error hw_get_module 'flp': -2
02-20 21:17:21.338  1676  1676 D LocationManagerService: FLP HAL not supported
02-20 21:17:21.340  1676  1676 W GeofenceProxy: Odd, no component found for service com.android.location.service.GeofenceProvider
02-20 21:17:21.340  1676  1676 E ActivityRecognitionHardware: Error hw_get_module: -2
02-20 21:17:21.340  1676  1676 D LocationManagerService: Hardware Activity-Recognition not supported.
02-20 21:17:21.340  1676  1676 W ActivityRecognitionProxy: Odd, no component found for service com.android.location.service.ActivityRecognitionProvider
02-20 21:17:21.340  1369  1818 E OMXNodeInstance: getExtensionIndex(559000f:google.mpeg4.decoder, OMX.google.android.index.configureVideoTunnelMode) ERROR: UnsupportedIndex(0x8000101a)
02-20 21:17:21.340  1369  1369 W OMXNodeInstance: [559000f:google.mpeg4.decoder] component does not support metadata mode; using fallback
02-20 21:17:21.340  1676  1676 I GnssLocationProvider: WakeLock acquired by sendMessage(2, 1, null)
02-20 21:17:21.346  1676  1676 I CommonTimeManagementService: No common time service detected on this platform.  Common time services will be unavailable.
02-20 21:17:21.346  1676  1724 I InputReader: Reconfiguring input devices.  changes=0x00000020
02-20 21:17:21.348  1676  1724 I InputReader: Reconfiguring input devices.  changes=0x00000010
02-20 21:17:21.348  1676  1676 D TelephonyRegistry: systemRunning register for intents
02-20 21:17:21.348  1676  1676 I MmsServiceBroker: Delay connecting to MmsService until an API is called
02-20 21:17:21.351  1676  1691 D TelephonyRegistry: listen oscl: hasNotifySubscriptionInfoChangedOccurred==false no callback
02-20 21:17:21.351  1372  1372 I MediaPlayerService: MediaPlayerService::getOMX
02-20 21:17:21.352  1372  1372 I OMXClient: MuxOMX ctor
02-20 21:17:21.352  1369  1385 I OMXMaster: makeComponentInstance(OMX.google.h263.decoder) in mediacodec process
02-20 21:17:21.358  1676  1676 I am_proc_start: [0,1913,1001,com.android.phone,added application,com.android.phone]
02-20 21:17:21.358  1676  1676 I ActivityManager: Start proc 1913:com.android.phone/1001 for added application com.android.phone
02-20 21:17:21.359  1676  1676 I ActivityManager: START u0 {act=android.intent.action.MAIN cat=[android.intent.category.HOME] flg=0x10000100 cmp=com.android.settings/.FallbackHome} from uid 0 on display 0
02-20 21:17:21.359  1676  1676 W System  : ClassLoader referenced unknown path: 
02-20 21:17:21.359  1676  1676 W System  : ClassLoader referenced unknown path: /system/priv-app/Settings/lib/x86_64
02-20 21:17:21.360  1676  1676 D ApplicationLoaders: ignored Vulkan layer search path /system/priv-app/Settings/lib/x86_64:/system/priv-app/Settings/Settings.apk!/lib/x86_64:/system/lib64:/vendor/lib64 for namespace 0x78ee40b03160
02-20 21:17:21.363  1676  1676 I ActivityManager: Loaded persisted task ids for user 0
02-20 21:17:21.364  1676  1676 I am_create_task: [0,1]
02-20 21:17:21.364  1676  1676 I am_create_activity: [0,93439020,1,com.android.settings/.FallbackHome,android.intent.action.MAIN,NULL,NULL,276824320]
02-20 21:17:21.364  1676  1676 I wm_task_created: [1,0]
02-20 21:17:21.365  1676  1676 I wm_task_moved: [1,1,0]
02-20 21:17:21.365  1676  1676 I wm_task_moved: [1,1,0]
02-20 21:17:21.365  1676  1676 I am_focused_activity: [0,com.android.settings/.FallbackHome,startedActivity]
02-20 21:17:21.369  1913  1913 W art     : Unexpected CPU variant for X86 using defaults: x86_64
02-20 21:17:21.380  1676  1676 I am_proc_start: [0,1919,1000,com.android.settings,activity,com.android.settings/.FallbackHome]
02-20 21:17:21.380  1676  1676 I ActivityManager: Start proc 1919:com.android.settings/1000 for activity com.android.settings/.FallbackHome
02-20 21:17:21.388  1676  1691 I GnssLocationProvider: WakeLock released by handleMessage(13, 0, null)
02-20 21:17:21.392  1676  1676 I SystemServer: Enabled StrictMode for system server main thread.
02-20 21:17:21.393  1676  1676 D ConditionProviders.SCP: onConnected
02-20 21:17:21.399  1676  1693 W WindowManager: Keyguard drawn timeout. Setting mKeyguardDrawComplete
02-20 21:17:21.408  1919  1919 W art     : Unexpected CPU variant for X86 using defaults: x86_64
02-20 21:17:21.409  1676  1676 D ZenLog  : set_zen_mode: off,readXml
02-20 21:17:21.412  1676  1676 D ConditionProviders: Subscribing to condition://android/schedule?days=6.7&start=23.30&end=10.0&exitAtAlarm=false with ComponentInfo{android/com.android.server.notification.ScheduleConditionProvider}
02-20 21:17:21.412  1676  1676 D ZenLog  : subscribe: condition://android/schedule?days=6.7&start=23.30&end=10.0&exitAtAlarm=false,ok
02-20 21:17:21.412  1676  1676 D ConditionProviders: Subscribing to condition://android/event?userId=-10000&calendar=&reply=1 with ComponentInfo{android/com.android.server.notification.EventConditionProvider}
02-20 21:17:21.412  1676  1676 D ZenLog  : subscribe: condition://android/event?userId=-10000&calendar=&reply=1,ok
02-20 21:17:21.412  1676  1676 D ConditionProviders: Subscribing to condition://android/schedule?days=1.2.3.4.5&start=22.0&end=7.0&exitAtAlarm=false with ComponentInfo{android/com.android.server.notification.ScheduleConditionProvider}
02-20 21:17:21.412  1676  1676 D ZenLog  : subscribe: condition://android/schedule?days=1.2.3.4.5&start=22.0&end=7.0&exitAtAlarm=false,ok
02-20 21:17:21.421  1676  1689 I am_proc_bound: [0,1913,com.android.phone]
02-20 21:17:21.425  1369  1369 E OMXNodeInstance: getExtensionIndex(5590010:google.h263.decoder, OMX.google.android.index.configureVideoTunnelMode) ERROR: UnsupportedIndex(0x8000101a)
02-20 21:17:21.425  1369  1818 W OMXNodeInstance: [5590010:google.h263.decoder] component does not support metadata mode; using fallback
02-20 21:17:21.429  1372  1372 I MediaPlayerService: MediaPlayerService::getOMX
02-20 21:17:21.429  1372  1372 I OMXClient: MuxOMX ctor
02-20 21:17:21.429  1369  1385 I OMXMaster: makeComponentInstance(OMX.google.h264.decoder) in mediacodec process
02-20 21:17:21.467  1676  1676 D RttService: SCAN_AVAILABLE : 1
02-20 21:17:21.467  1676  1676 D ZenLog  : set_zen_mode: off,cleanUpZenRules
02-20 21:17:21.468  1676  1740 D RttService: DefaultState got{ when=-1ms what=160513 target=com.android.internal.util.StateMachine$SmHandler }
02-20 21:17:21.476  1676  1739 I WifiScanningService: wifi driver unloaded
02-20 21:17:21.490  1676  1691 E GnssLocationProvider: no AGPS interface in set_agps_server
02-20 21:17:21.493  1773  1773 I vol.Events: writeEvent collection_started
02-20 21:17:21.495  1676  1676 W System  : ClassLoader referenced unknown path: /system/priv-app/Telecom/lib/x86_64
02-20 21:17:21.496  1676  1691 I GnssLocationProvider: WakeLock released by handleMessage(2, 1, null)
02-20 21:17:21.499  1372  1372 W ACodec  : [OMX.google.h264.decoder] stopping checking profiles after 32: 2/8000
02-20 21:17:21.499  1369  1385 E OMXNodeInstance: getExtensionIndex(5590011:google.h264.decoder, OMX.google.android.index.configureVideoTunnelMode) ERROR: UnsupportedIndex(0x8000101a)
02-20 21:17:21.499  1369  1818 W OMXNodeInstance: [5590011:google.h264.decoder] component does not support metadata mode; using fallback
02-20 21:17:21.500  1372  1372 I MediaPlayerService: MediaPlayerService::getOMX
02-20 21:17:21.500  1372  1372 I OMXClient: MuxOMX ctor
02-20 21:17:21.500  1369  1369 I OMXMaster: makeComponentInstance(OMX.google.hevc.decoder) in mediacodec process
02-20 21:17:21.507  1773  1949 I sysui_action: [213,2]
02-20 21:17:21.507  1773  1949 I vol.Events: writeEvent external_ringer_mode_changed normal
02-20 21:17:21.507  1773  1949 I vol.Events: writeEvent internal_ringer_mode_changed normal
02-20 21:17:21.508  1676  1676 D ApplicationLoaders: ignored Vulkan layer search path /system/priv-app/Telecom/lib/x86_64:/system/priv-app/Telecom/Telecom.apk!/lib/x86_64:/system/lib64:/vendor/lib64 for namespace 0x78ee40b031d0
02-20 21:17:21.514  1676  1690 I am_proc_bound: [0,1919,com.android.settings]
02-20 21:17:21.475     0     0 D ieee80211 phy1: hw scan 2462 MHz
02-20 21:17:21.520  1676  1691 W LocationProviderProxy-network: Odd, no component found for service com.android.location.service.v3.NetworkLocationProvider
02-20 21:17:21.520  1676  1691 W GeocoderProxy: Odd, no component found for service com.android.location.service.GeocodeProvider
02-20 21:17:21.520  1676  1691 W GeofenceProxy: Odd, no component found for service com.android.location.service.GeofenceProvider
02-20 21:17:21.520  1676  1691 W ActivityRecognitionProxy: Odd, no component found for service com.android.location.service.ActivityRecognitionProvider
02-20 21:17:21.522  1913  1913 W System  : ClassLoader referenced unknown path: /system/priv-app/TeleService/lib/x86_64
02-20 21:17:21.559  1369  1385 E OMXNodeInstance: getExtensionIndex(5590012:google.hevc.decoder, OMX.google.android.index.configureVideoTunnelMode) ERROR: UnsupportedIndex(0x8000101a)
02-20 21:17:21.559  1369  1818 W OMXNodeInstance: [5590012:google.hevc.decoder] component does not support metadata mode; using fallback
02-20 21:17:21.567  1372  1372 I MediaPlayerService: MediaPlayerService::getOMX
02-20 21:17:21.568  1372  1372 I OMXClient: MuxOMX ctor
02-20 21:17:21.568  1369  1369 I OMXMaster: makeComponentInstance(OMX.google.vp8.decoder) in mediacodec process
02-20 21:17:21.581     0     0 D ieee80211 phy1: hw scan complete
02-20 21:17:21.581     0     0 D ieee80211 phy1: mac80211_hwsim_get_survey (idx=0)
02-20 21:17:21.597  1313  1323 D PermissionCache: checking android.permission.READ_FRAME_BUFFER for uid=1000 => granted (363 us)
02-20 21:17:21.602  1369  1818 E OMXNodeInstance: getExtensionIndex(5590013:google.vp8.decoder, OMX.google.android.index.configureVideoTunnelMode) ERROR: UnsupportedIndex(0x8000101a)
02-20 21:17:21.603  1369  1818 W OMXNodeInstance: [5590013:google.vp8.decoder] component does not support metadata mode; using fallback
02-20 21:17:21.603  1372  1372 I MediaPlayerService: MediaPlayerService::getOMX
02-20 21:17:21.604  1372  1372 I OMXClient: MuxOMX ctor
02-20 21:17:21.604  1369  1385 I OMXMaster: makeComponentInstance(OMX.google.vp9.decoder) in mediacodec process
02-20 21:17:21.621  1499  1499 E hostapd : Using interface wlan1 with hwaddr 02:00:00:00:01:00 and ssid "AndroidWifi"
02-20 21:17:21.621  1499  1499 I hostapd : wlan1: interface state HT_SCAN->ENABLED
02-20 21:17:21.621  1499  1499 I hostapd : wlan1: AP-ENABLED 
02-20 21:17:21.635  1369  1369 E OMXNodeInstance: getExtensionIndex(5590014:google.vp9.decoder, OMX.google.android.index.configureVideoTunnelMode) ERROR: UnsupportedIndex(0x8000101a)
02-20 21:17:21.621     0     0 D ieee80211 phy1: mac80211_hwsim_config (freq=0 idle=0 ps=0 smps=auto)
02-20 21:17:21.621     0     0 D ieee80211 phy1: add channel context control: 2447 MHz/width: 2/cfreqs:2437/0 MHz
02-20 21:17:21.621     0     0 D ieee80211 phy1: mac80211_hwsim_bss_info_changed(changed=0x40000)
02-20 21:17:21.621     0     0 D ieee80211 phy1: TX Power: 20 dBm
02-20 21:17:21.621     0     0 D ieee80211 phy1: mac80211_hwsim_bss_info_changed(changed=0x4000)
02-20 21:17:21.621     0     0 D ieee80211 phy1: change channel context control: 2447 MHz/width: 2/cfreqs:2437/0 MHz
02-20 21:17:21.621     0     0 D ieee80211 phy1: mac80211_hwsim_bss_info_changed(changed=0x88340)
02-20 21:17:21.621     0     0 D ieee80211 phy1: BCNINT: 100
02-20 21:17:21.621     0     0 D ieee80211 phy1: BCN EN: 1
02-20 21:17:21.621     0     0 D ieee80211 phy1: mac80211_hwsim_bss_info_changed(changed=0x3e)
02-20 21:17:21.621     0     0 D ieee80211 phy1: ERP_CTS_PROT: 0
02-20 21:17:21.621     0     0 D ieee80211 phy1: ERP_PREAMBLE: 0
02-20 21:17:21.621     0     0 D ieee80211 phy1: ERP_SLOT: 1
02-20 21:17:21.621     0     0 D ieee80211 phy1: HT: op_mode=0x0
02-20 21:17:21.621     0     0 D ieee80211 phy1: BASIC_RATES: 0xf
02-20 21:17:21.621     0     0 D ieee80211 phy1: mac80211_hwsim_conf_tx (queue=0 txop=47 cw_min=3 cw_max=7 aifs=1)
02-20 21:17:21.621     0     0 D ieee80211 phy1: mac80211_hwsim_bss_info_changed(changed=0x2000)
02-20 21:17:21.621     0     0 D ieee80211 phy1: mac80211_hwsim_conf_tx (queue=1 txop=94 cw_min=7 cw_max=15 aifs=1)
02-20 21:17:21.621     0     0 D ieee80211 phy1: mac80211_hwsim_bss_info_changed(changed=0x2000)
02-20 21:17:21.621     0     0 D ieee80211 phy1: mac80211_hwsim_conf_tx (queue=2 txop=0 cw_min=15 cw_max=63 aifs=3)
02-20 21:17:21.621     0     0 D ieee80211 phy1: mac80211_hwsim_bss_info_changed(changed=0x2000)
02-20 21:17:21.621     0     0 D ieee80211 phy1: mac80211_hwsim_conf_tx (queue=3 txop=0 cw_min=15 cw_max=1023 aifs=7)
02-20 21:17:21.621     0     0 D ieee80211 phy1: mac80211_hwsim_bss_info_changed(changed=0x2000)
02-20 21:17:21.621     0     0 I IPv6    : ADDRCONF(NETDEV_CHANGE): wlan1: link becomes ready
02-20 21:17:21.622     0     0 D ieee80211 phy1: mac80211_hwsim_configure_filter
02-20 21:17:21.636  1369  1818 W OMXNodeInstance: [5590014:google.vp9.decoder] component does not support metadata mode; using fallback
02-20 21:17:21.640  1372  1372 I MediaPlayerService: MediaPlayerService::getOMX
02-20 21:17:21.640  1372  1372 I OMXClient: MuxOMX ctor
02-20 21:17:21.640  1369  1385 I OMXMaster: makeComponentInstance(OMX.google.h263.encoder) in mediacodec process
02-20 21:17:21.648  1313  1323 D gralloc_ranchu: gralloc_alloc: Creating ashmem region of size 17051648
02-20 21:17:21.659  1369  1385 I SoftMPEG4Encoder: Construct SoftMPEG4Encoder
02-20 21:17:21.661  1372  1372 W ACodec  : do not know color format 0x7f000789 = 2130708361
02-20 21:17:21.661  1369  1369 E OMXNodeInstance: getConfig(5590015:google.h263.encoder, ConfigAndroidIntraRefresh(0x6f60000a)) ERROR: Undefined(0x80001001)
02-20 21:17:21.665  1372  1372 I MediaPlayerService: MediaPlayerService::getOMX
02-20 21:17:21.665  1372  1372 I OMXClient: MuxOMX ctor
02-20 21:17:21.665  1369  1369 I OMXMaster: makeComponentInstance(OMX.google.h264.encoder) in mediacodec process
02-20 21:17:21.687  1372  1372 W ACodec  : do not know color format 0x7f000789 = 2130708361
02-20 21:17:21.688  1372  1372 I MediaPlayerService: MediaPlayerService::getOMX
02-20 21:17:21.688  1372  1372 I OMXClient: MuxOMX ctor
02-20 21:17:21.688  1369  1964 I OMXMaster: makeComponentInstance(OMX.google.mpeg4.encoder) in mediacodec process
02-20 21:17:21.705  1369  1964 I SoftMPEG4Encoder: Construct SoftMPEG4Encoder
02-20 21:17:21.708  1372  1372 W ACodec  : do not know color format 0x7f000789 = 2130708361
02-20 21:17:21.708  1369  1369 E OMXNodeInstance: getConfig(5590017:google.mpeg4.encoder, ConfigAndroidIntraRefresh(0x6f60000a)) ERROR: Undefined(0x80001001)
02-20 21:17:21.716  1372  1372 I MediaPlayerService: MediaPlayerService::getOMX
02-20 21:17:21.716  1372  1372 I OMXClient: MuxOMX ctor
02-20 21:17:21.716  1369  1385 I OMXMaster: makeComponentInstance(OMX.google.vp8.encoder) in mediacodec process
02-20 21:17:21.738  1372  1372 W ACodec  : do not know color format 0x7f000789 = 2130708361
02-20 21:17:21.738  1369  1385 E OMXNodeInstance: getConfig(5590018:google.vp8.encoder, ConfigAndroidIntraRefresh(0x6f60000a)) ERROR: Undefined(0x80001001)
02-20 21:17:21.740  1372  1372 I MediaPlayerService: MediaPlayerService::getOMX
02-20 21:17:21.740  1372  1372 I OMXClient: MuxOMX ctor
02-20 21:17:21.741  1372  1372 I MediaPlayerService: MediaPlayerService::getOMX
02-20 21:17:21.741  1372  1372 I OMXClient: MuxOMX ctor
02-20 21:17:21.741  1372  1372 W MediaCodecList: unable to open media codecs configuration xml file: /data/misc/media/media_codecs_profiling_results.xml
02-20 21:17:21.743  1372  1821 I MediaPlayerService: MediaPlayerService::getOMX
02-20 21:17:21.743  1372  1821 I MediaPlayerService: MediaPlayerService::getOMX
02-20 21:17:21.744  1773  1895 I OMXClient: MuxOMX ctor
02-20 21:17:21.744  1676  1798 I OMXClient: MuxOMX ctor
02-20 21:17:21.744  1369  1369 I OMXMaster: makeComponentInstance(OMX.google.vorbis.decoder) in mediacodec process
02-20 21:17:21.771  1676  1690 I am_restart_activity: [0,93439020,1,com.android.settings/.FallbackHome]
02-20 21:17:21.772  1676  1676 W art     : Long monitor contention with owner Binder:1676_2 (1690) at void com.android.server.am.ActivityManagerService.attachApplication(android.app.IApplicationThread)(ActivityManagerService.java:6669) waiters=0 in void com.android.server.am.ActivityManagerService.serviceDoneExecuting(android.os.IBinder, int, int, int) for 233ms
02-20 21:17:21.774  1676  1676 I dvm_lock_sample: [system_server,1,main,233,ActivityManagerService.java,17339,-,6669,46]
02-20 21:17:21.779  1676  1689 W art     : Long monitor contention with owner Binder:1676_2 (1690) at void com.android.server.am.ActivityManagerService.attachApplication(android.app.IApplicationThread)(ActivityManagerService.java:6669) waiters=2 in void com.android.server.am.ActivityManagerService.addPackageDependency(java.lang.String) for 196ms
02-20 21:17:21.779  1676  1689 I dvm_lock_sample: [system_server,1,Binder:1676_1,196,ActivityManagerService.java,5765,-,6669,39]
02-20 21:17:21.803  1913  1913 W System  : ClassLoader referenced unknown path: /system/priv-app/TelephonyProvider/lib/x86_64
02-20 21:17:21.804  1913  1913 D ApplicationLoaders: ignored Vulkan layer search path /system/priv-app/TelephonyProvider/lib/x86_64:/system/lib64:/vendor/lib64 for namespace 0x78ee40a980f0
02-20 21:17:21.805  1919  1919 W System  : ClassLoader referenced unknown path: /system/priv-app/Settings/lib/x86_64
02-20 21:17:21.808  1369  1385 I OMXMaster: makeComponentInstance(OMX.google.vorbis.decoder) in mediacodec process
02-20 21:17:21.848  1676  1676 E BluetoothAdapter: Bluetooth binder is null
02-20 21:17:21.882  1676  1676 I Telecom : SystemStateProvider: Registering car mode receiver: android.content.IntentFilter@7f4b1b7: TS.init@AAA
02-20 21:17:21.886  1372  1821 I MediaPlayerService: MediaPlayerService::getOMX
02-20 21:17:21.887  1919  1919 I am_on_resume_called: [0,com.android.settings.FallbackHome,LAUNCH_ACTIVITY]
02-20 21:17:21.887  1773  1982 I OMXClient: MuxOMX ctor
02-20 21:17:21.887  1369  1979 I OMXMaster: makeComponentInstance(OMX.google.vorbis.decoder) in mediacodec process
02-20 21:17:21.908  1372  1897 I MediaPlayerService: MediaPlayerService::getOMX
02-20 21:17:21.908  1676  1985 I OMXClient: MuxOMX ctor
02-20 21:17:21.908  1313  1323 E SurfaceFlinger: ro.sf.lcd_density must be defined as a build property
02-20 21:17:21.910  1676  1690 I stream_devices_changed: [0,0,2]
02-20 21:17:21.911  1676  1690 I stream_devices_changed: [2,0,2]
02-20 21:17:21.912  1676  1690 I stream_devices_changed: [3,0,2]
02-20 21:17:21.913  1676  1690 I stream_devices_changed: [6,0,2]
02-20 21:17:21.914  1913  1913 D TelephonyProvider: dbh.onOpen: ok, queried table=siminfo
02-20 21:17:21.914  1676  1690 I stream_devices_changed: [4,0,2]
02-20 21:17:21.915  1919  1919 D         : HostConnection::get() New Host Connection established 0x78ee31ff4f40, tid 1919
02-20 21:17:21.915  1773  1949 I vol.Events: writeEvent level_changed STREAM_ALARM 6
02-20 21:17:21.916  1913  1913 D TelephonyProvider: dbh.onOpen: ok, queried table=carriers
02-20 21:17:21.916  1773  1949 I vol.Events: writeEvent level_changed STREAM_BLUETOOTH_SCO 7
02-20 21:17:21.917  1773  1949 I vol.Events: writeEvent level_changed STREAM_MUSIC 11
02-20 21:17:21.927  1676  1983 I Telecom : Telecom: Non-call EVENT: AUDIO_ROUTE, Entering state QuiescentEarpieceRoute
02-20 21:17:21.930  1773  1949 I vol.Events: writeEvent level_changed STREAM_RING 5
02-20 21:17:21.930  1773  1949 I vol.Events: writeEvent level_changed STREAM_SYSTEM 5
02-20 21:17:21.931  1773  1949 I vol.Events: writeEvent level_changed STREAM_VOICE_CALL 4
02-20 21:17:21.942  1676  1987 I Telecom : CallAudioModeStateMachine: Message received: null.: TS.init->CAMSM.pM_1@AAA_0
02-20 21:17:21.944  1369  1369 I OMXMaster: makeComponentInstance(OMX.google.vorbis.decoder) in mediacodec process
02-20 21:17:21.953  1676  1676 E BluetoothAdapter: Bluetooth binder is null
02-20 21:17:21.953  1676  1990 E ActivityThread: Failed to find provider info for call_log
02-20 21:17:21.964  1676  1676 I Telecom : Class: TelecomSystem.INSTANCE being set
02-20 21:17:21.964  1676  1676 E BluetoothAdapter: Bluetooth binder is null
02-20 21:17:21.979  1676  1676 W ContextImpl: Calling a method in the system process without a qualified user: android.app.ContextImpl.startService:1357 com.android.server.content.SyncManager$13.run:658 android.os.Handler.handleCallback:751 android.os.Handler.dispatchMessage:95 android.os.Looper.loop:154 
02-20 21:17:22.010  1313  1973 D         : HostConnection::get() New Host Connection established 0x7e022e41b660, tid 1973
02-20 21:17:22.016  1919  1984 D         : HostConnection::get() New Host Connection established 0x78ee3c42f0a0, tid 1984
02-20 21:17:22.017  1919  1984 I OpenGLRenderer: Initialized EGL, version 1.4
02-20 21:17:22.017  1919  1984 D OpenGLRenderer: Swap behavior 1
02-20 21:17:22.037  1313  1323 E SurfaceFlinger: ro.sf.lcd_density must be defined as a build property
02-20 21:17:22.041  1372  1897 I MediaPlayerService: MediaPlayerService::getOMX
02-20 21:17:22.041  1773  2003 I OMXClient: MuxOMX ctor
02-20 21:17:22.042  1369  1979 I OMXMaster: makeComponentInstance(OMX.google.vorbis.decoder) in mediacodec process
02-20 21:17:22.043  1913  1913 D TDC     : updateOrInsert: inserting: Modem { uuid=modem, state=0, rilModel=0, rat={}, maxActiveVoiceCall=1, maxActiveDataCall=1, maxStandby=1 }
02-20 21:17:22.043  1913  1913 D TDC     : updateOrInsert: inserting: Sim { uuid=sim, modemUuid=modem, state=0 }
02-20 21:17:22.045  1919  1984 D EGL_emulation: eglCreateContext: 0x78ee31f78de0: maj 3 min 0 rcv 3
02-20 21:17:22.048  1676  1737 D WifiConfigManager: Loading config and enabling all networks 
02-20 21:17:22.051  1773  1773 D         : HostConnection::get() New Host Connection established 0x78ee218637e0, tid 1773
02-20 21:17:22.070  1913  1913 D CdmaSSM : subscriptionSource from settings: 0
02-20 21:17:22.070  1913  1913 I PhoneFactory: Cdma Subscription set to 0
02-20 21:17:22.076  1676  1676 W System  : ClassLoader referenced unknown path: /system/priv-app/FusedLocation/lib/x86_64
02-20 21:17:22.076  1676  1676 D ApplicationLoaders: ignored Vulkan layer search path /system/priv-app/FusedLocation/lib/x86_64:/system/priv-app/FusedLocation/FusedLocation.apk!/lib/x86_64:/system/lib64:/vendor/lib64 for namespace 0x78ee40b03240
02-20 21:17:22.086  1913  1913 I PhoneFactory: Network Mode set to 0
02-20 21:17:22.089  1676  1676 D GpsNetInitiatedHandler: location enabled :true
02-20 21:17:22.089  1676  1676 V WiredAccessoryManager: notifyWiredAccessoryChanged: when=0 bits= mask=54
02-20 21:17:22.089  1676  1676 V WiredAccessoryManager: newName=h2w newState=0 headsetState=0 prev headsetState=0
02-20 21:17:22.089  1676  1676 E WiredAccessoryManager: No state change.
02-20 21:17:22.089  1676  1676 V WiredAccessoryManager: init()
02-20 21:17:22.091  1372  1372 I MediaPlayerService: MediaPlayerService::getOMX
02-20 21:17:22.091  1913  1913 D RILJ    : RIL(context, preferredNetworkType=0 cdmaSubscription=0)
02-20 21:17:22.092  1676  2012 I OMXClient: MuxOMX ctor
02-20 21:17:22.092  1369  1818 I OMXMaster: makeComponentInstance(OMX.google.vorbis.decoder) in mediacodec process
02-20 21:17:22.093  1676  1737 W WifiNetworkHistory: Upgrading network 0 to android.uid.system:1000
02-20 21:17:22.093  1676  1737 D WifiConfigManager: loaded 0 passpoint configs
02-20 21:17:22.093  1676  1737 E IpConfigStore: Error parsing configuration: java.io.FileNotFoundException: /data/misc/wifi/ipconfig.txt (No such file or directory)
02-20 21:17:22.095  1919  1984 D EGL_emulation: eglMakeCurrent: 0x78ee31f78de0: ver 3 0 (tinfo 0x78ee3c5ec500)
02-20 21:17:22.108  1676  1737 D WifiNative-HAL: Setting external_sim to 1
02-20 21:17:22.108  1676  1737 D WifiStateMachine: Setting OUI to DA-A1-19
02-20 21:17:22.110  1676  1737 I WifiConnectivityManager: PNO settings: min5GHzRssi -82 min24GHzRssi -85 currentConnectionBonus 16 sameNetworkBonus 24 secureNetworkBonus 80 initialScoreMax 100
02-20 21:17:22.110  1676  1737 I WifiConnectivityManager: ConnectivityScanManager initialized and disabled
02-20 21:17:22.110  1676  1737 I WifiConnectivityManager: setUntrustedConnectionAllowed: allowed=false
02-20 21:17:22.110  1676  1737 E WifiLogger: no ring buffers found
02-20 21:17:22.110  1676  1737 E WifiLogger: Failed to start packet fate monitoring
02-20 21:17:22.131  1913  1913 D RILJ    : Starting RILReceiver0 [SUB0]
02-20 21:17:22.134  1913  1913 D RILJ    : [3648]> GET_HARDWARE_CONFIG [SUB0]
02-20 21:17:22.134  1913  1913 D RilRequest: [3648]< GET_HARDWARE_CONFIG error: com.android.internal.telephony.CommandException: RADIO_NOT_AVAILABLE ret=
02-20 21:17:22.134  1913  1913 I PhoneFactory: Creating SubscriptionController
02-20 21:17:22.134  1676  1737 I WifiConnectivityManager: Set WiFi enabled
02-20 21:17:22.134  1676  1737 I WifiConnectivityManager: scheduleWatchdogTimer
02-20 21:17:22.136  1913  1913 D SubscriptionController: [SubscriptionController] init by Context
02-20 21:17:22.137  1773  1773 D StorageNotification: Notifying about private volume: VolumeInfo{private}:
02-20 21:17:22.137  1773  1773 D StorageNotification:     type=PRIVATE diskId=null partGuid=null mountFlags=0 mountUserId=-1 
02-20 21:17:22.137  1773  1773 D StorageNotification:     state=MOUNTED 
02-20 21:17:22.137  1773  1773 D StorageNotification:     fsType=null fsUuid=null fsLabel=null 
02-20 21:17:22.137  1773  1773 D StorageNotification:     path=/data internalPath=null 
02-20 21:17:22.138  1773  1773 D StorageNotification: Notifying about public volume: VolumeInfo{public:253,64}:
02-20 21:17:22.138  1773  1773 D StorageNotification:     type=PUBLIC diskId=disk:253,64 partGuid=null mountFlags=VISIBLE 
02-20 21:17:22.138  1773  1773 D StorageNotification:     mountUserId=0 state=MOUNTED 
02-20 21:17:22.138  1773  1773 D StorageNotification:     fsType=vfat fsUuid=1E12-0B12 fsLabel=SDCARD 
02-20 21:17:22.138  1773  1773 D StorageNotification:     path=/storage/1E12-0B12 internalPath=/mnt/media_rw/1E12-0B12 
02-20 21:17:22.145  1676  1676 W VibratorService: Tried to stop vibrating but there is no vibrator device.
02-20 21:17:22.149  1913  1913 D UiccController: Creating UiccController
02-20 21:17:22.149  1676  1737 D WifiNative-HAL: Failing getSupportedFeatureset because HAL isn't started
02-20 21:17:22.149  1676  1695 E BatteryStatsService: no controller energy info supplied
02-20 21:17:22.150  1676  1695 E KernelCpuSpeedReader: Failed to read cpu-freq: /sys/devices/system/cpu/cpu0/cpufreq/stats/time_in_state (No such file or directory)
02-20 21:17:22.150  1676  1695 E KernelUidCpuTimeReader: Failed to read uid_cputime: /proc/uid_cputime/show_uid_stat (No such file or directory)
02-20 21:17:22.154  1913  1913 D TelephonyTester: register for intent action=com.android.internal.telephony.action_detached
02-20 21:17:22.154  1913  1913 D TelephonyTester: register for intent action=com.android.internal.telephony.action_attached
02-20 21:17:22.155  1374  1469 I RILC    : libril: new connection to RIL_SOCKET_1
02-20 21:17:22.155  1374  1469 I RILC    : RIL Daemon version: android reference-ril 1.0
02-20 21:17:22.156  1676  1676 D ConditionProviders.SCP: onSubscribe condition://android/schedule?days=6.7&start=23.30&end=10.0&exitAtAlarm=false
02-20 21:17:22.156  1676  1676 D ConditionProviders.SCP: setRegistered true
02-20 21:17:22.156  1676  1676 D ConditionProviders.SCP: notifyCondition condition://android/schedule?days=6.7&start=23.30&end=10.0&exitAtAlarm=false STATE_FALSE reason=!meetsSchedule
02-20 21:17:22.158  1676  1737 D WifiNative-HAL: Failing getSupportedFeatureset because HAL isn't started
02-20 21:17:22.159  1913  2018 I RILJ    : (0) Connected to 'rild' socket
02-20 21:17:22.159  1913  2018 D RILJ    : [UNSL]< UNSOL_RIL_CONNECTED {12} [SUB0]
02-20 21:17:22.159  1913  2018 D RILJ    : [3649]> RADIO_POWER off [SUB0]
02-20 21:17:22.159  1676  1695 E BatteryStatsService: no controller energy info supplied
02-20 21:17:22.159  1676  1695 E KernelCpuSpeedReader: Failed to read cpu-freq: /sys/devices/system/cpu/cpu0/cpufreq/stats/time_in_state (No such file or directory)
02-20 21:17:22.159  1676  1695 E KernelUidCpuTimeReader: Failed to read uid_cputime: /proc/uid_cputime/show_uid_stat (No such file or directory)
02-20 21:17:22.172  1676  1676 D ConditionProviders.SCP: Scheduling evaluate for Tue Feb 20 23:30:00 GMT+00:00 2018 (1519169400000), in +2h12m37s844ms, now=Tue Feb 20 21:17:22 GMT+00:00 2018 (1519161442156)
02-20 21:17:22.172  1676  1676 D ConditionProviders.SCP: onSubscribe condition://android/schedule?days=1.2.3.4.5&start=22.0&end=7.0&exitAtAlarm=false
02-20 21:17:22.172  1913  1913 D Phone   : mDoesRilSendMultipleCallRing=true
02-20 21:17:22.172  1676  1676 D ConditionProviders.SCP: notifyCondition condition://android/schedule?days=6.7&start=23.30&end=10.0&exitAtAlarm=false STATE_FALSE reason=!meetsSchedule
02-20 21:17:22.172  1913  1913 D Phone   : mCallRingDelay=3000
02-20 21:17:22.173  1676  1676 D ConditionProviders.SCP: notifyCondition condition://android/schedule?days=1.2.3.4.5&start=22.0&end=7.0&exitAtAlarm=false STATE_FALSE reason=!meetsSchedule
02-20 21:17:22.173  1676  1676 D ConditionProviders.SCP: Scheduling evaluate for Tue Feb 20 22:00:00 GMT+00:00 2018 (1519164000000), in +42m37s828ms, now=Tue Feb 20 21:17:22 GMT+00:00 2018 (1519161442172)
02-20 21:17:22.173  1676  1676 I Telecom : WiredHeadsetManager: ACTION_HEADSET_PLUG event, plugged in: false, : WHC.oADA@AAE
02-20 21:17:22.174  1913  2018 D RILJ    : [3650]> RIL_REQUEST_CDMA_SET_SUBSCRIPTION_SOURCE : 0 [SUB0]
02-20 21:17:22.174  1374  1469 D RIL     : onRequest: RADIO_POWER
02-20 21:17:22.175  1374  1469 D RIL     : onRequest: CDMA_SET_SUBSCRIPTION_SOURCE
02-20 21:17:22.175  1913  2018 D RILJ    : setCellInfoListRate: 2147483647 [SUB0]
02-20 21:17:22.175  1913  2018 D RILJ    : [3651]> RIL_REQUEST_SET_CELL_INFO_LIST_RATE [SUB0]
02-20 21:17:22.175  1374  1469 D RIL     : onRequest: SET_UNSOL_CELL_INFO_LIST_RATE
02-20 21:17:22.176  1913  1913 D RILJ    : [3652]> RIL_REQUEST_START_LCE [SUB0]
02-20 21:17:22.176  1913  2018 D RILJ    : [UNSL]< UNSOL_RESPONSE_RADIO_STATE_CHANGED RADIO_OFF [SUB0]
02-20 21:17:22.176  1913  2018 D RILJ    : [3653]> SCREEN_STATE: true [SUB0]
02-20 21:17:22.176  1374  1469 D RIL     : onRequest: <unknown request>
02-20 21:17:22.177  1374  1469 D RIL     : onRequest: SCREEN_STATE
02-20 21:17:22.177  1913  2018 D RILJ    : [UNSL]< UNSOL_NITZ_TIME_RECEIVED 18/02/20:21:17:15+0:0:Unknown!Unknown [SUB0]
02-20 21:17:22.187  1919  1984 D EGL_emulation: eglMakeCurrent: 0x78ee31f78de0: ver 3 0 (tinfo 0x78ee3c5ec500)
02-20 21:17:22.199  1913  1913 E RIL_ImsSms: getFormat should never be called from here!
02-20 21:17:22.199  1913  1913 D SMSDispatcher: SMSDispatcher: ctor mSmsCapable=true format=unknown mSmsSendDisabled=false
02-20 21:17:22.199  1913  1913 D RIL_ImsSms: ImsSMSDispatcher created
02-20 21:17:22.199  1913  1913 D SMSDispatcher: SMSDispatcher: ctor mSmsCapable=true format=3gpp2 mSmsSendDisabled=false
02-20 21:17:22.200  1913  1913 D CdmaSMSDispatcher: CdmaSMSDispatcher created
02-20 21:17:22.199  1913  2018 D RILJ    : [3649]< RADIO_POWER  [SUB0]
02-20 21:17:22.200  1913  2018 D RilRequest: [3650]< RIL_REQUEST_CDMA_SET_SUBSCRIPTION_SOURCE error: com.android.internal.telephony.CommandException: RADIO_NOT_AVAILABLE ret=
02-20 21:17:22.200  1913  2018 D RilRequest: [3651]< RIL_REQUEST_SET_CELL_INFO_LIST_RATE error: com.android.internal.telephony.CommandException: RADIO_NOT_AVAILABLE ret=
02-20 21:17:22.200  1913  2018 D RilRequest: [3652]< RIL_REQUEST_START_LCE error: com.android.internal.telephony.CommandException: RADIO_NOT_AVAILABLE ret=
02-20 21:17:22.200  1913  2018 D RilRequest: [3653]< SCREEN_STATE error: com.android.internal.telephony.CommandException: RADIO_NOT_AVAILABLE ret=
02-20 21:17:22.211  1676  1676 I ActivityManager: user 0 is still locked. Cannot load recents
02-20 21:17:22.215  1913  1913 D GsmInboundSmsHandler: created InboundSmsHandler
02-20 21:17:22.229  1676  1676 D RttService: SCAN_AVAILABLE : 3
