02-20 21:17:23.151  1913  1913 D SST     : Broadcasting ServiceState : 0 0 voice home data home Android Android 310260 Android Android 310260  Unknown LTE CSS not supported -1 -1 RoamInd=-1 DefRoamInd=-1 EmergOnly=false IsDataRoamingFromRegistration=false IsUsingCarrierAggregation=false
02-20 21:17:23.152  1913  1913 D DefaultPhoneNotifier: nofityServiceState: mRegistry=com.android.internal.telephony.ITelephonyRegistry$Stub$Proxy@518b5e0 ss=0 0 voice home data home Android Android 310260 Android Android 310260  Unknown LTE CSS not supported -1 -1 RoamInd=-1 DefRoamInd=-1 EmergOnly=false IsDataRoamingFromRegistration=false IsUsingCarrierAggregation=false sender=Handler (com.android.internal.telephony.GsmCdmaPhone) {14d968b} phondId=0 subId=-2
02-20 21:17:23.152  1913  2018 D RILJ    : [3727]< SIM_IO IccIoResponse sw1:0x90 sw2:0x0 [SUB0]
02-20 21:17:23.153  1913  2018 D RILJ    : [3728]< SIM_IO IccIoResponse sw1:0x90 sw2:0x0 [SUB0]
02-20 21:17:23.153  1913  2018 D RILJ    : [3729]< SIM_IO IccIoResponse sw1:0x90 sw2:0x0 [SUB0]
02-20 21:17:23.153  1913  1913 D SubscriptionController: [getSlotId]- subId invalid
02-20 21:17:23.154  1919  1919 D FallbackHome: User unlocked and real home found; let's go!
02-20 21:17:23.155  1676  1959 D TelephonyManager: getSimState: default sim:-1, sim state for slotIdx=0 is 5, return state as unknown
02-20 21:17:23.156  1676  2123 I am_finish_activity: [0,93439020,1,com.android.settings/.FallbackHome,app-request]
02-20 21:17:23.157  1676  2123 I am_pause_activity: [0,93439020,com.android.settings/.FallbackHome]
02-20 21:17:23.157  1913  1913 D RuimRecords: [RuimRecords] NO update mccmnc=310260
02-20 21:17:23.157  1913  1913 D RuimRecords: [RuimRecords] onRecordLoaded 9 requested: true
02-20 21:17:23.157  1913  1913 D RILJ    : [3730]> iccIO: SIM_IO 0xb0 0x2fe2  path: 3F00,0,0,10 aid: null [SUB0]
02-20 21:17:23.157  1919  1919 I am_on_paused_called: [0,com.android.settings.FallbackHome,handlePauseActivity]
02-20 21:17:23.158  1374  1469 D RIL     : onRequest: SIM_IO
02-20 21:17:23.158  1374  1469 D AT      : AT> AT+CRSM=176,12258,0,0,10
02-20 21:17:23.158  1676  1689 I ActivityManager: START u0 {act=android.intent.action.MAIN cat=[android.intent.category.HOME] flg=0x10000100 cmp=com.google.android.apps.nexuslauncher/.NexusLauncherActivity} from uid 0 on display 0
02-20 21:17:23.159  1676  1689 I am_create_task: [0,266]
02-20 21:17:23.159  1676  1689 I am_create_activity: [0,74208116,266,com.google.android.apps.nexuslauncher/.NexusLauncherActivity,android.intent.action.MAIN,NULL,NULL,268435712]
02-20 21:17:23.159  1913  1913 D RILJ    : [3731]> RIL_REQUEST_SIM_CLOSE_CHANNEL [SUB0]
02-20 21:17:23.159  1676  1689 I wm_task_created: [266,0]
02-20 21:17:23.159  1374  1471 D AT      : AT< +CRSM: 144,0,98101430121181157002
02-20 21:17:23.159  1374  1471 D AT      : AT< OK
02-20 21:17:23.159  1676  1689 I wm_task_moved: [266,1,1]
02-20 21:17:23.159  1676  1689 I wm_task_moved: [266,1,1]
02-20 21:17:23.159  1913  1913 D IccCardProxy: broadcastIccStateChangedIntent intent ACTION_SIM_STATE_CHANGED value=IMSI reason=null for mPhoneId=0
02-20 21:17:23.159  1676  1689 I am_focused_activity: [0,com.google.android.apps.nexuslauncher/.NexusLauncherActivity,startedActivity]
02-20 21:17:23.162  2129  2129 W art     : Unexpected CPU variant for X86 using defaults: x86
02-20 21:17:23.162  1374  1469 D RIL     : onRequest: SIM_CLOSE_CHANNEL
02-20 21:17:23.162  1374  1469 D AT      : AT> AT+CCHC=1
02-20 21:17:23.162  1913  2018 D RILJ    : [3730]< SIM_IO IccIoResponse sw1:0x90 sw2:0x0 [SUB0]
02-20 21:17:23.165  1374  1471 D AT      : AT< +CCHC
02-20 21:17:23.165  1374  1471 D AT      : AT< OK
02-20 21:17:23.165  1913  2018 D RILJ    : [3731]< RIL_REQUEST_SIM_CLOSE_CHANNEL  [SUB0]
02-20 21:17:23.233  2146  2146 W art     : Unexpected CPU variant for X86 using defaults: x86_64
02-20 21:17:23.235  1676  1689 W ActivityManager: Slow operation: 76ms so far, now at startProcess: returned from zygote!
02-20 21:17:23.235  1676  1689 W ActivityManager: Slow operation: 76ms so far, now at startProcess: done updating battery stats
02-20 21:17:23.235  1676  1689 I am_proc_start: [0,2146,10021,com.google.android.apps.nexuslauncher,activity,com.google.android.apps.nexuslauncher/.NexusLauncherActivity]
02-20 21:17:23.235  1676  1689 W ActivityManager: Slow operation: 76ms so far, now at startProcess: building log message
02-20 21:17:23.235  1676  1689 I ActivityManager: Start proc 2146:com.google.android.apps.nexuslauncher/u0a21 for activity com.google.android.apps.nexuslauncher/.NexusLauncherActivity
02-20 21:17:23.235  1676  1689 W ActivityManager: Slow operation: 76ms so far, now at startProcess: starting to update pids map
02-20 21:17:23.235  1676  1689 W ActivityManager: Slow operation: 76ms so far, now at startProcess: done updating pids map
02-20 21:17:23.235  1676  1689 W ActivityManager: Slow operation: 76ms so far, now at startProcess: done starting proc!
02-20 21:17:23.236  1676  1690 I dvm_lock_sample: [system_server,1,Binder:1676_2,53,PackageManagerService.java,4657,-,6173,10]
02-20 21:17:23.237  1676  1692 I sysui_count: [window_time_0,6]
02-20 21:17:23.238  1913  1913 D SIMRecords: [SIMRecords] onRecordLoaded 15 requested: true
02-20 21:17:23.238  1913  1913 D RILJ    : [3732]> iccIO: SIM_IO 0xc0 0x6f14  path: 3F007F20,0,0,15 aid: null [SUB0]
02-20 21:17:23.238  1913  1913 D SIMRecords: [SIMRecords] onRecordLoaded 15 requested: true
02-20 21:17:23.238  1913  1913 D SIMRecords: [SIMRecords] onRecordLoaded 14 requested: true
02-20 21:17:23.238  1913  1913 E SIMRecords: [SIMRecords] Exception in fetching EF_CSP data com.android.internal.telephony.CommandException: GENERIC_FAILURE
02-20 21:17:23.238  1913  1913 D SIMRecords: [SIMRecords] onRecordLoaded 13 requested: true
02-20 21:17:23.238  1913  1913 E SIMRecords: [SIMRecords] Exception in get GID1 com.android.internal.telephony.CommandException: GENERIC_FAILURE
02-20 21:17:23.238  1913  1913 D SIMRecords: [SIMRecords] onRecordLoaded 12 requested: true
02-20 21:17:23.238  1913  1913 E SIMRecords: [SIMRecords] Exception in get GID2 com.android.internal.telephony.CommandException: GENERIC_FAILURE
02-20 21:17:23.238  1913  1913 D SIMRecords: [SIMRecords] onRecordLoaded 11 requested: true
02-20 21:17:23.239  1913  1913 D SubscriptionInfoUpdater: [Receiver]+
02-20 21:17:23.239  1913  1913 D SubscriptionInfoUpdater: Action: android.intent.action.SIM_STATE_CHANGED
02-20 21:17:23.239  1913  1913 D SubscriptionInfoUpdater: slotId: 0
02-20 21:17:23.239  1913  1913 D SubscriptionInfoUpdater: simStatus: READY
02-20 21:17:23.239  1913  1913 D SubscriptionInfoUpdater: Ignoring simStatus: READY
02-20 21:17:23.239  1913  1913 D SubscriptionInfoUpdater: [Receiver]-
02-20 21:17:23.239  1913  1913 D WAP PUSH: Received broadcast android.intent.action.USER_UNLOCKED
02-20 21:17:23.239  1913  1913 D WAP PUSH: Received broadcast android.intent.action.USER_UNLOCKED
02-20 21:17:23.239  1913  1913 D SmsBroadcastUndelivered: Received broadcast android.intent.action.USER_UNLOCKED
02-20 21:17:23.239  1913  1913 D SubscriptionInfoUpdater: [Receiver]+
02-20 21:17:23.239  1913  1913 D SubscriptionInfoUpdater: Action: android.intent.action.USER_UNLOCKED
02-20 21:17:23.239  1913  1913 D SubscriptionInfoUpdater: Broadcasting intent ACTION_SIM_STATE_CHANGED for mCardIndex: 0
02-20 21:17:23.239  1374  1469 D RIL     : onRequest: SIM_IO
02-20 21:17:23.240  1374  1469 D AT      : AT> AT+CRSM=192,28436,0,0,15
02-20 21:17:23.240  1374  1471 D AT      : AT< +CRSM: 144,0,000000146f1404001aa0aa01020000
02-20 21:17:23.240  1374  1471 D AT      : AT< OK
02-20 21:17:23.240  1913  2018 D RILJ    : [3732]< SIM_IO IccIoResponse sw1:0x90 sw2:0x0 [SUB0]
02-20 21:17:23.241  1913  1913 D SubscriptionInfoUpdater: [Receiver]-
02-20 21:17:23.241  1913  1913 D CarrierSvcBindHelper: Received android.intent.action.USER_UNLOCKED
02-20 21:17:23.242  1913  2159 E WAP PUSH: bindService() for wappush manager failed
02-20 21:17:23.246  1919  1984 D EGL_emulation: eglMakeCurrent: 0x78ee31f78de0: ver 3 0 (tinfo 0x78ee3c5ec500)
02-20 21:17:23.248  1313  1974 D         : HostConnection::get() New Host Connection established 0x7e022e8e2540, tid 1974
02-20 21:17:23.250  1676  1693 W WindowManager: Keyguard drawn timeout. Setting mKeyguardDrawComplete
02-20 21:17:23.250  1913  1913 D CarrierSvcBindHelper: No carrier app for: 0
02-20 21:17:23.251  1913  1913 D RuimRecords: [RuimRecords] EF_PL LOADED
02-20 21:17:23.251  1913  1913 E RuimRecords: [RuimRecords] Record Load Exception: com.android.internal.telephony.CommandException: GENERIC_FAILURE
02-20 21:17:23.251  1913  1913 D RuimRecords: [RuimRecords] onRecordLoaded 8 requested: true
02-20 21:17:23.251  1913  2160 E WAP PUSH: bindService() for wappush manager failed
02-20 21:17:23.252  1913  1913 D RuimRecords: [RuimRecords] EF_CSIM_LI LOADED
02-20 21:17:23.252  1913  1913 E RuimRecords: [RuimRecords] Record Load Exception: com.android.internal.telephony.CommandException: GENERIC_FAILURE
02-20 21:17:23.252  1913  1913 D RuimRecords: [RuimRecords] onRecordLoaded 7 requested: true
02-20 21:17:23.252  1913  1913 D RuimRecords: [RuimRecords] EF_CSIM_SPN LOADED
02-20 21:17:23.252  1913  1913 E RuimRecords: [RuimRecords] Record Load Exception: com.android.internal.telephony.CommandException: GENERIC_FAILURE
02-20 21:17:23.252  1913  1913 D RuimRecords: [RuimRecords] onRecordLoaded 6 requested: true
02-20 21:17:23.252  1913  1913 D RuimRecords: [RuimRecords] EF_CSIM_MDN LOADED
02-20 21:17:23.252  1913  1913 E RuimRecords: [RuimRecords] Record Load Exception: com.android.internal.telephony.CommandException: GENERIC_FAILURE
02-20 21:17:23.252  1913  1913 D RuimRecords: [RuimRecords] onRecordLoaded 5 requested: true
02-20 21:17:23.252  1913  1913 D RuimRecords: [RuimRecords] EF_CSIM_IMSIM LOADED
02-20 21:17:23.252  1913  1913 E RuimRecords: [RuimRecords] Record Load Exception: com.android.internal.telephony.CommandException: GENERIC_FAILURE
02-20 21:17:23.252  1913  1913 D RuimRecords: [RuimRecords] onRecordLoaded 4 requested: true
02-20 21:17:23.252  1913  1913 D RuimRecords: [RuimRecords] EF_CSIM_CDMAHOME LOADED
02-20 21:17:23.252  1913  1913 E RuimRecords: [RuimRecords] Record Load Exception: com.android.internal.telephony.CommandException: GENERIC_FAILURE
02-20 21:17:23.252  1913  1913 D RuimRecords: [RuimRecords] onRecordLoaded 3 requested: true
02-20 21:17:23.252  1913  1913 D RuimRecords: [RuimRecords] EF_CSIM_EPRL LOADED
02-20 21:17:23.252  1913  1913 E RuimRecords: [RuimRecords] Record Load Exception: com.android.internal.telephony.CommandException: GENERIC_FAILURE
02-20 21:17:23.252  1913  1913 D RuimRecords: [RuimRecords] onRecordLoaded 2 requested: true
02-20 21:17:23.252  1913  1913 D RuimRecords: [RuimRecords] EF_CSIM_MIPUPP LOADED
02-20 21:17:23.253  1913  1913 E RuimRecords: [RuimRecords] Record Load Exception: com.android.internal.telephony.CommandException: GENERIC_FAILURE
02-20 21:17:23.253  1913  1913 D RuimRecords: [RuimRecords] onRecordLoaded 1 requested: true
02-20 21:17:23.253  1913  1913 D SIMRecords: [SIMRecords] iccid: 89014103211118510720
02-20 21:17:23.253  1913  1913 D SIMRecords: [SIMRecords] onRecordLoaded 10 requested: true
02-20 21:17:23.260  1676  1690 I am_proc_bound: [0,2129,com.google.android.googlequicksearchbox:interactor]
02-20 21:17:23.261  1913  2161 D SmsBroadcastUndelivered: scanning raw table for undelivered messages
02-20 21:17:23.262  1913  1913 D SubscriptionInfoUpdater: [Receiver]+
02-20 21:17:23.262  1913  1913 D SubscriptionInfoUpdater: Action: android.intent.action.SIM_STATE_CHANGED
02-20 21:17:23.262  1913  1913 D SubscriptionInfoUpdater: slotId: 0
02-20 21:17:23.262  1913  1913 D SubscriptionInfoUpdater: simStatus: IMSI
02-20 21:17:23.262  1913  1913 D SubscriptionInfoUpdater: Ignoring simStatus: IMSI
02-20 21:17:23.262  1913  1913 D SubscriptionInfoUpdater: [Receiver]-
02-20 21:17:23.262  1913  1913 D SIMRecords: [SIMRecords] EF_MBI: 01000000
02-20 21:17:23.262  1913  1913 D SIMRecords: [SIMRecords] Got valid mailbox number for MBDN
02-20 21:17:23.262  1913  1913 D RILJ    : [3733]> iccIO: SIM_IO 0xc0 0x6fc7  path: 3F007F20,0,0,15 aid: null [SUB0]
02-20 21:17:23.263  1676  1676 I AccountManagerService: User 0 is unlocked - opening CE database
02-20 21:17:23.264  1374  1469 D RIL     : onRequest: SIM_IO
02-20 21:17:23.264  1374  1469 D AT      : AT> AT+CRSM=192,28615,0,0,15
02-20 21:17:23.264  1374  1471 D AT      : AT< +CRSM: 144,0,000000406fc7040011a0aa01020120
02-20 21:17:23.264  1374  1471 D AT      : AT< OK
02-20 21:17:23.265  1913  2018 D RILJ    : [3733]< SIM_IO IccIoResponse sw1:0x90 sw2:0x0 [SUB0]
02-20 21:17:23.266  1913  1913 D SIMRecords: [SIMRecords] onRecordLoaded 10 requested: true
02-20 21:17:23.266  1913  1913 D SIMRecords: [SIMRecords] EF_AD: 00000003
02-20 21:17:23.266  1913  1913 D SIMRecords: [SIMRecords] setting4 mMncLength=3
02-20 21:17:23.266  1913  1913 D SIMRecords: [SIMRecords] update mccmnc=310260
02-20 21:17:23.266  1913  1913 D MccTable: updateMccMncConfiguration mccmnc='310260' fromServiceState=false
02-20 21:17:23.292  1913  1913 D SubscriptionController: [getPhoneId]- no sims, returning default phoneId=2147483647
02-20 21:17:23.292  1913  1913 D MccTable: updateMccMncConfiguration defaultMccMnc=
02-20 21:17:23.292  1913  1913 D MccTable: updateMccMncConfiguration: mcc=310, mnc=260
02-20 21:17:23.292  1913  1913 D MccTable: updateMccMncConfiguration updateConfig config={1.0 310mcc260mnc ?localeList ?layoutDir ?swdp ?wdp ?hdp ?density ?lsize ?long ?orien ?uimode ?night ?touch ?keyb/?/? ?nav/?}
02-20 21:17:23.292  1676  1690 I configuration_changed: 3
02-20 21:17:23.292  1676  1690 I ActivityManager: Config changes=3 {1.0 310mcc260mnc [en_US] ldltr sw360dp w360dp h668dp 640dpi nrml long port finger -keyb/v/h -nav/h s.6}
02-20 21:17:23.326  1676  1965 I am_proc_bound: [0,2146,com.google.android.apps.nexuslauncher]
02-20 21:17:23.326  1913  1913 D SIMRecords: [SIMRecords] onRecordLoaded 9 requested: true
02-20 21:17:23.326  1913  1913 D SIMRecords: [SIMRecords] EF_MWIS : 0000000000
02-20 21:17:23.326  1913  1913 D SIMRecords: [SIMRecords] onRecordLoaded 8 requested: true
02-20 21:17:23.326  1913  1913 D SIMRecords: [SIMRecords] EF_CPHS_MWI: 55
02-20 21:17:23.327  1913  1913 D SIMRecords: [SIMRecords] onRecordLoaded 7 requested: true
02-20 21:17:23.327  1913  1913 D SIMRecords: [SIMRecords] EF_CFF_CPHS: 55
02-20 21:17:23.327  1913  1913 D SIMRecords: [SIMRecords] onRecordLoaded 6 requested: true
02-20 21:17:23.327  1913  1913 D SIMRecords: [SIMRecords] onRecordLoaded 5 requested: true
02-20 21:17:23.327  1913  1913 D SIMRecords: [SIMRecords] SST: UsimServiceTable[120]={ PHONEBOOK, FDN, FDN_EXTENSION, SDN, SDN_EXTENSION, BDN, BDN_EXTENSION, OUTGOING_CALL_INFO, ADVICE_OF_CHARGE, CAP_CONFIG_PARAMS_2, GROUP_ID_LEVEL_1, GROUP_ID_LEVEL_2, SPN, USER_PLMN_SELECT, MSISDN, IMAGE, LOCALISED_SERVICE_AREAS, EMLPP, EMLPP_AUTO_ANSWER, RFU, GSM_ACCESS, DATA_DL_VIA_SMS_PP, DATA_DL_VIA_SMS_CB, CALL_CONTROL_BY_USIM, MO_SMS_CONTROL_BY_USIM, RUN_AT_COMMAND, APN_CONTROL_LIST, DEPERSONALISATION_CONTROL_KEYS, COOPERATIVE_NETWORK_LIST, GSM_SECURITY_CONTEXT, SERVICE_PROVIDER_DISPLAY_INFO, MMS_NOTIFICATION, MMS_NOTIFICATION_EXTENSION, GPRS_CALL_CONTROL_BY_USIM, VGCS_GROUP_ID_LIST, VBS_GROUP_ID_LIST, OMA_BCAST_PROFILE, GBA_LOCAL_KEY_ESTABLISHMENT, #101, #102, #103, #104, #105, #106, #107, #108, #109, #110 }
02-20 21:17:23.327  1913  1913 D SIMRecords: [SIMRecords] onRecordLoaded 4 requested: true
02-20 21:17:23.327  1913  1913 D SIMRecords: [SIMRecords] iCPHS: 0233
02-20 21:17:23.327  1913  1913 D SIMRecords: [SIMRecords] onRecordLoaded 3 requested: true
02-20 21:17:23.327  1913  1913 D RILJ    : [3734]> iccIO: SIM_IO 0xb0 0x6f14  path: 3F007F20,0,0,20 aid: null [SUB0]
02-20 21:17:23.340  1913  2161 D SmsBroadcastUndelivered: finished scanning raw table in 79 ms
02-20 21:17:23.341  1374  1469 D RIL     : onRequest: SIM_IO
02-20 21:17:23.341  1374  1469 D AT      : AT> AT+CRSM=176,28436,0,0,20
02-20 21:17:23.341  1913  1913 D SubscriptionInfoUpdater: [Receiver]+
02-20 21:17:23.341  1913  1913 D SubscriptionInfoUpdater: Action: android.intent.action.SIM_STATE_CHANGED
02-20 21:17:23.342  1913  1913 D SubscriptionInfoUpdater: slotId: 0
02-20 21:17:23.342  1913  1913 D SubscriptionInfoUpdater: simStatus: READY
02-20 21:17:23.342  1913  1913 D SubscriptionInfoUpdater: Ignoring simStatus: READY
02-20 21:17:23.342  1913  1913 D SubscriptionInfoUpdater: [Receiver]-
02-20 21:17:23.342  1374  1471 D AT      : AT< +CRSM: 144,0,416e64726f6964ffffffffffffffffffffffffff
02-20 21:17:23.342  1374  1471 D AT      : AT< OK
02-20 21:17:23.342  1913  2018 D RILJ    : [3734]< SIM_IO IccIoResponse sw1:0x90 sw2:0x0 [SUB0]
02-20 21:17:23.345  1913  1913 D RuimRecords: [RuimRecords] iccid: 89014103211118510720
02-20 21:17:23.348  1913  1913 D RuimRecords: [RuimRecords] onRecordLoaded 0 requested: true
02-20 21:17:23.350  1913  1930 D DCT     : [0]hasMatchedTetherApnSetting: APN=null
02-20 21:17:23.356  1913  1913 D RuimRecords: [RuimRecords] record load complete
02-20 21:17:23.357  1913  1913 D SIMRecords: [SIMRecords] MSISDN: [t-WgLegCyIMgfHgPkOdM6pkZbpA]
02-20 21:17:23.357  1913  1913 D SIMRecords: [SIMRecords] onRecordLoaded 2 requested: true
02-20 21:17:23.358  1913  1913 D RILJ    : [3735]> iccIO: SIM_IO 0xb2 0x6fc7  path: 3F007F20,1,4,32 aid: null [SUB0]
02-20 21:17:23.358  1374  1469 D RIL     : onRequest: SIM_IO
02-20 21:17:23.358  1374  1469 D AT      : AT> AT+CRSM=178,28615,1,4,32
02-20 21:17:23.359  1374  1471 D AT      : AT< +CRSM: 144,0,566f6963656d61696cffffffffffffffffff07915155125740f9ffffffffffff
02-20 21:17:23.359  1374  1471 D AT      : AT< OK
02-20 21:17:23.359  1913  2018 D RILJ    : [3735]< SIM_IO IccIoResponse sw1:0x90 sw2:0x0 [SUB0]
02-20 21:17:23.360  1913  1913 D SIMRecords: [SIMRecords] getServiceProviderName: no brandOverride, providerName=Android
02-20 21:17:23.360  1913  1913 D SIMRecords: [SIMRecords] Load EF_SPN_CPHS: Android
02-20 21:17:23.360  1913  1913 D TelephonyManager: setTelephonyProperty: success phoneId=0 property=gsm.sim.operator.alpha value: Android propVal=Android
02-20 21:17:23.360  1913  1913 D SIMRecords: [SIMRecords] onRecordLoaded 1 requested: true
02-20 21:17:23.361  1913  1913 D SIMRecords: [SIMRecords] VM: ADN Record 'Voicemail' '[-MWU1cAlDrkXUZ8dpHi_wU_YOpU] null' EF[MBDN]
02-20 21:17:23.361  1913  1913 D SIMRecords: [SIMRecords] onRecordLoaded 0 requested: true
02-20 21:17:23.361  1913  1913 D SIMRecords: [SIMRecords] record load complete
02-20 21:17:23.361  1913  1913 D SIMRecords: [SIMRecords] Not using EF LI/EF PL
02-20 21:17:23.362  1913  1913 D SIMRecords: [SIMRecords] EF_CFF: callForwardingEnabled=0
02-20 21:17:23.362  1913  1913 D SIMRecords: [SIMRecords] onAllRecordsLoaded set 'gsm.sim.operator.numeric' to operator='310260'
02-20 21:17:23.362  1913  1913 D SIMRecords: [SIMRecords] update icc_operator_numeric=310260
02-20 21:17:23.362  1913  1913 D TelephonyManager: setTelephonyProperty: success phoneId=0 property=gsm.sim.operator.numeric value: 310260 propVal=310260
02-20 21:17:23.367  1913  1913 D SubscriptionController: [setMccMnc]+ mcc/mnc:310/260 subId:-1
02-20 21:17:23.369  1676  2087 V KeyValueBackupJob: Scheduling k/v pass in 243 minutes
02-20 21:17:23.370  1913  1913 D SubscriptionController: notifySubscriptionInfoChanged:
02-20 21:17:23.390     0     0 D ieee80211 phy1: mac80211_hwsim_configure_filter
02-20 21:17:23.375  2091  2091 I LoadedApk: No resource references to update in package FFFFFFFFFFFFFFFFFFFFFF
02-20 21:17:23.394  1676  1965 I am_restart_activity: [0,74208116,266,com.google.android.apps.nexuslauncher/.NexusLauncherActivity]
02-20 21:17:23.399  1913  1913 D SIMRecords: [SIMRecords] onAllRecordsLoaded set mcc imsi
02-20 21:17:23.399  1913  1913 D TelephonyManager: setTelephonyProperty: success phoneId=0 property=gsm.sim.operator.iso-country value: us propVal=us
02-20 21:17:23.412  2146  2146 W System  : ClassLoader referenced unknown path: /system/priv-app/NexusLauncherPrebuilt/lib/x86_64
02-20 21:17:23.421  1913  1913 D SST     : SubscriptionListener.onSubscriptionInfoChanged
02-20 21:17:23.421  1913  1913 D SIMRecords: [SIMRecords]  VoiceMessageCount from SIM MWIS = 0
02-20 21:17:23.421  1913  1913 E Phone   : getStoredVoiceMessageCount: invalid subId -2
02-20 21:17:23.421  1913  1913 D GsmCdmaPhone: [GsmCdmaPhone] updateVoiceMail countVoiceMessages = 0 subId -2
02-20 21:17:23.421  1913  1913 E Phone   : setVoiceMessageCount in sharedPreference: invalid subId -2
02-20 21:17:23.421  1913  1913 D DCT     : [0]SubscriptionListener.onSubscriptionInfoChanged
02-20 21:17:23.422  1913  1913 D SubscriptionController: [getActiveSubInfoList] Sub Controller not ready
02-20 21:17:23.423  1913  1913 D SubscriptionController: [getActiveSubInfoList] Sub Controller not ready
02-20 21:17:23.423  1913  1913 I Telephony: PstnIncomingCallNotifier: Unregistering: Handler (com.android.internal.telephony.GsmCdmaPhone) {14d968b}
02-20 21:17:23.425  1913  1913 E PhoneInterfaceManager: [PhoneIntfMgr] getIccId: No UICC
02-20 21:17:23.427  1676  2123 I Telecom : PhoneAccountRegistrar: [ComponentInfo{com.android.phone/com.android.services.telephony.TelephonyConnectionService}, [e0184adedf913b076626646d3f52c3b49c39ad6d], UserHandle{0}(addr: tel:*********** -> tel:)(icon: Icon(typ=BITMAP size=76x96) -> Icon(typ=BITMAP size=76x96))(subAddr: tel:*********** -> tel:)]: TSI.rPA@AAg
02-20 21:17:23.428  1676  1749 I am_proc_start: [0,2183,1000,com.android.keychain,service,com.android.keychain/.KeyChainService]
02-20 21:17:23.428  1676  1749 I ActivityManager: Start proc 2183:com.android.keychain/1000 for service com.android.keychain/.KeyChainService
02-20 21:17:23.429  1676  2123 I Telecom : : Sending phone-account registered intent as user: TSI.rPA@AAg
02-20 21:17:23.430  1913  1913 I Telephony: AccountEntry: Registered phoneAccount: [[ ] PhoneAccount: ComponentInfo{com.android.phone/com.android.services.telephony.TelephonyConnectionService}, [e0184adedf913b076626646d3f52c3b49c39ad6d], UserHandle{0} Capabilities: CallProvider MultiUser PlaceEmerg SimSub  Schemes: tel voicemail  Extras: null GroupId: [da39a3ee5e6b4b0d3255bfef95601890afd80709]] with handle: ComponentInfo{com.android.phone/com.android.services.telephony.TelephonyConnectionService}, [e0184adedf913b076626646d3f52c3b49c39ad6d], UserHandle{0}
02-20 21:17:23.430  1913  1913 I Telephony: PstnIncomingCallNotifier: Registering: Handler (com.android.internal.telephony.GsmCdmaPhone) {14d968b}
02-20 21:17:23.438  1913  1913 D CAT     : CatService: handleMessage[20]
02-20 21:17:23.439  1913  1913 D GsmCdmaPhone: [GsmCdmaPhone] updateCurrentCarrierInProvider: mSubId = -2 currentDds = 1 operatorNumeric = 310260
02-20 21:17:23.439  1913  1913 D IccCardProxy: operator=310260 mPhoneId=0
02-20 21:17:23.439  1913  1913 D TelephonyManager: setTelephonyProperty: success phoneId=0 property=gsm.sim.operator.numeric value: 310260 propVal=310260
02-20 21:17:23.439  1676  1676 I GnssLocationProvider: WakeLock acquired by sendMessage(12, 0, null)
02-20 21:17:23.439  1913  1930 D SubscriptionController: [getActiveSubInfoList] Sub Controller not ready
02-20 21:17:23.439  1913  1913 D TelephonyManager: setTelephonyProperty: success phoneId=0 property=gsm.sim.operator.iso-country value: us propVal=us
02-20 21:17:23.440  1913  1913 D IccCardProxy: Sending intent ACTION_INTERNAL_SIM_STATE_CHANGED for mPhoneId : 0
02-20 21:17:23.440  1913  1913 D SST     : EVENT_SIM_RECORDS_LOADED: what=16
02-20 21:17:23.440  1913  1913 D GsmCdmaPhone: [GsmCdmaPhone] updatePhoneObject: radioTechnology=0
02-20 21:17:23.440  1913  1913 D SST     : getOtasp: otasp not needed for GSM
02-20 21:17:23.440  1913  1913 D SST     : updateOtaspState: call notifyOtaspChanged old otaspMode=0 new otaspMode=3
02-20 21:17:23.448  1913  1913 D SIMRecords: [SIMRecords] getServiceProviderName: no brandOverride, providerName=Android
02-20 21:17:23.448  1913  1913 D SIMRecords: [SIMRecords] getServiceProviderName: no brandOverride, providerName=Android
02-20 21:17:23.449  1913  1913 D SST     : updateSpnDisplay: changed sending intent rule=1 showPlmn='false' plmn='Android' showSpn='true' spn='Android' dataSpn='Android' subId='-2'
02-20 21:17:23.449  1913  1913 D SubscriptionController: [setPlmnSpn] No valid subscription to store info
02-20 21:17:23.449  1913  1913 D SubscriptionController: notifySubscriptionInfoChanged:
02-20 21:17:23.449  1676  1676 I GnssLocationProvider: WakeLock acquired by sendMessage(12, 0, null)
02-20 21:17:23.450  1913  1933 D SubscriptionController: [getActiveSubInfoList] Sub Controller not ready
02-20 21:17:23.450  1913  1913 E PhoneInterfaceManager: [PhoneIntfMgr] getIccId: No UICC
02-20 21:17:23.452  2183  2183 W art     : Unexpected CPU variant for X86 using defaults: x86_64
02-20 21:17:23.453  1759  1759 I InputAttributes: InputType.TYPE_NULL is specified
02-20 21:17:23.456  1676  1689 I Telecom : PhoneAccountRegistrar: [ComponentInfo{com.android.phone/com.android.services.telephony.TelephonyConnectionService}, [e0184adedf913b076626646d3f52c3b49c39ad6d], UserHandle{0}(icon: Icon(typ=BITMAP size=76x96) -> Icon(typ=BITMAP size=76x96))]: TSI.rPA@AAs
02-20 21:17:23.457  1676  1689 I Telecom : : Sending phone-account registered intent as user: TSI.rPA@AAs
02-20 21:17:23.469  1913  1913 D GsmCdmaPhone: [GsmCdmaPhone] phoneObjectUpdater: newVoiceRadioTech=0
02-20 21:17:23.470  1913  1913 D GsmCdmaPhone: [GsmCdmaPhone] phoneObjectUpdater: volteReplacementRat=0
02-20 21:17:23.470  1913  1913 E GsmCdmaPhone: [GsmCdmaPhone] phoneObjectUpdater: newVoiceRadioTech=0 doesn't match either CDMA or GSM - error! No phone change
02-20 21:17:23.470  1913  1913 D SubscriptionInfoUpdater: [Receiver]+
02-20 21:17:23.470  1913  1913 D SubscriptionInfoUpdater: Action: android.intent.action.internal_sim_state_changed
02-20 21:17:23.470  1913  1913 D SubscriptionInfoUpdater: slotId: 0
02-20 21:17:23.470  1913  1913 D SubscriptionInfoUpdater: simStatus: LOADED
02-20 21:17:23.470  1913  1913 D SubscriptionInfoUpdater: [Receiver]-
02-20 21:17:23.470  1913  1913 D SST     : SubscriptionListener.onSubscriptionInfoChanged
02-20 21:17:23.470  1913  1913 D DCT     : [0]SubscriptionListener.onSubscriptionInfoChanged
02-20 21:17:23.476  1913  1913 D SubscriptionController: [getActiveSubInfoList] Sub Controller not ready
02-20 21:17:23.476  1913  1913 D SubscriptionController: [getActiveSubInfoList] Sub Controller not ready
02-20 21:17:23.476  1913  1913 I Telephony: PstnIncomingCallNotifier: Unregistering: Handler (com.android.internal.telephony.GsmCdmaPhone) {14d968b}
02-20 21:17:23.476  1773  1773 E BluetoothAdapter: Bluetooth binder is null
02-20 21:17:23.477  1913  1913 E PhoneInterfaceManager: [PhoneIntfMgr] getIccId: No UICC
02-20 21:17:23.484  1676  1965 I am_proc_bound: [0,2183,com.android.keychain]
02-20 21:17:23.504  1676  1690 I Telecom : PhoneAccountRegistrar: [ComponentInfo{com.android.phone/com.android.services.telephony.TelephonyConnectionService}, [e0184adedf913b076626646d3f52c3b49c39ad6d], UserHandle{0}(icon: Icon(typ=BITMAP size=76x96) -> Icon(typ=BITMAP size=76x96))]: TSI.rPA@AAw
02-20 21:17:23.506  1676  1690 I Telecom : : Sending phone-account registered intent as user: TSI.rPA@AAw
02-20 21:17:23.506  1913  1913 I Telephony: AccountEntry: Registered phoneAccount: [[ ] PhoneAccount: ComponentInfo{com.android.phone/com.android.services.telephony.TelephonyConnectionService}, [e0184adedf913b076626646d3f52c3b49c39ad6d], UserHandle{0} Capabilities: CallProvider MultiUser PlaceEmerg SimSub  Schemes: tel voicemail  Extras: null GroupId: [da39a3ee5e6b4b0d3255bfef95601890afd80709]] with handle: ComponentInfo{com.android.phone/com.android.services.telephony.TelephonyConnectionService}, [e0184adedf913b076626646d3f52c3b49c39ad6d], UserHandle{0}
02-20 21:17:23.507  1913  1913 I Telephony: PstnIncomingCallNotifier: Registering: Handler (com.android.internal.telephony.GsmCdmaPhone) {14d968b}
02-20 21:17:23.508  1913  1913 D SubscriptionInfoUpdater: handleSimStateLoadedInternal: slotId: 0
02-20 21:17:23.508  1913  1913 D SubscriptionInfoUpdater: All IccIds query complete
02-20 21:17:23.508  1913  1913 D SubscriptionInfoUpdater: updateSubscriptionInfoByIccId:+ Start
02-20 21:17:23.508  1913  1913 D SubscriptionController: [clearSubInfo]- no simInfo size=0
02-20 21:17:23.508  1913  1913 D SubscriptionInfoUpdater: insertedSimCount = 1
02-20 21:17:23.508  1913  1913 D SubscriptionController: [getSubInfoUsingSlotIdWithCheck]+ slotId:0
02-20 21:17:23.536  2146  2146 V Launcher: LauncherAppState inited
02-20 21:17:23.537  2183  2183 W System  : ClassLoader referenced unknown path: /system/app/KeyChain/lib/x86_64
02-20 21:17:23.537  1913  1913 D SubscriptionController: [getPhoneId]- no sims, returning default phoneId=2147483647
02-20 21:17:23.537  1913  1913 D SubscriptionController: [getPhoneId]- no sims, returning default phoneId=2147483647
02-20 21:17:23.537  1913  1913 D SubscriptionController: [getPhoneId]- no sims, returning default phoneId=2147483647
02-20 21:17:23.538  1913  1913 D SubscriptionController: [getSubInfoUsingSlotId]- null info return
02-20 21:17:23.538  1913  1913 D SubscriptionInfoUpdater: updateSubscriptionInfoByIccId: oldSubId = 1
02-20 21:17:23.538  1913  1913 D SubscriptionInfoUpdater: updateSubscriptionInfoByIccId: oldIccId[0] = 89014103211118510720, sIccId[0] = 89014103211118510720
02-20 21:17:23.538  1913  1913 D SubscriptionController: [addSubInfoRecord]+ iccId:89014103211118510720 slotId:0
02-20 21:17:23.544  1773  1773 I CameraManagerGlobal: Connecting to camera service
02-20 21:17:23.557  1365  1365 V EmulatedCamera_Camera: getCameraInfo
02-20 21:17:23.557  1365  1365 V EmulatedCamera_BaseCamera: getCameraInfo
02-20 21:17:23.557  1365  1365 I CameraService: getCameraCharacteristics: Switching to HAL1 shim implementation...
02-20 21:17:23.557  1365  1365 V EmulatedCamera_Camera: getCameraInfo
02-20 21:17:23.557  1365  1365 V EmulatedCamera_BaseCamera: getCameraInfo
02-20 21:17:23.557  1365  1365 I CameraService: CameraService::connect call (PID -1 "cameraserver", camera ID 0) for HAL version default and Camera API version 1
02-20 21:17:23.558  1365  1365 E CameraService: getCameraPriorityFromProcState: Received invalid process state -1 from ActivityManagerService!
02-20 21:17:23.558  1365  1365 V EmulatedCamera_Camera: getCameraInfo
02-20 21:17:23.558  1365  1365 V EmulatedCamera_BaseCamera: getCameraInfo
02-20 21:17:23.559  1676  1727 I am_proc_start: [0,2202,10014,com.google.process.gapps,content provider,com.google.android.gsf/.gservices.GservicesProvider]
02-20 21:17:23.559  1676  1727 I ActivityManager: Start proc 2202:com.google.process.gapps/u0a14 for content provider com.google.android.gsf/.gservices.GservicesProvider
02-20 21:17:23.561  1913  1913 D SubscriptionController: [getActiveSubInfoList] Sub Controller not ready
02-20 21:17:23.561  1913  1913 D SubscriptionController: [addSubInfoRecord] Record already exists
02-20 21:17:23.564  1913  1913 D SubscriptionController: [addSubInfoRecord] sSlotIdxToSubId.size=1 slotId=0 subId=1 defaultSubId=1 simCount=1
02-20 21:17:23.564  1913  1913 D SubscriptionController: [setDefaultFallbackSubId] subId=1
02-20 21:17:23.565  1913  1913 D SubscriptionController: [setDefaultFallbackSubId] set mDefaultFallbackSubId=1
02-20 21:17:23.565  1913  1913 D MccTable: updateMccMncConfiguration mccmnc='310260' fromServiceState=false
02-20 21:17:23.566  1913  1913 D MccTable: updateMccMncConfiguration defaultMccMnc=310260
02-20 21:17:23.566  1913  1913 D MccTable: updateMccMncConfiguration: mcc=310, mnc=260
02-20 21:17:23.566  1913  1913 D MccTable: updateMccMncConfiguration updateConfig config={1.0 310mcc260mnc ?localeList ?layoutDir ?swdp ?wdp ?hdp ?density ?lsize ?long ?orien ?uimode ?night ?touch ?keyb/?/? ?nav/?}
02-20 21:17:23.567  1372  2210 E WVMExtractor: Failed to open libwvm.so: dlopen failed: library "libwvm.so" not found
02-20 21:17:23.567  1913  1913 D SubscriptionController: [setDefaultFallbackSubId] broadcast default subId changed phoneId=0 subId=1
02-20 21:17:23.568  2202  2202 W art     : Unexpected CPU variant for X86 using defaults: x86_64
02-20 21:17:23.568  1913  1913 D SubscriptionController: [addSubInfoRecord] one sim set defaults to subId=1
02-20 21:17:23.573  1913  1913 D SubscriptionController: [setDefaultDataSubId] num phones=1, subId=1
02-20 21:17:23.573  1913  1913 D SubscriptionController: [setDefaultDataSubId] phoneId=0 subId=1 RAF=1
02-20 21:17:23.574  1913  1913 D ProxyController: setRadioCapability: Already in requested configuration, nothing to do.
02-20 21:17:23.574  1913  1913 D SubscriptionController: [updateAllDataConnectionTrackers] sPhones.length=1
02-20 21:17:23.574  1913  1913 D SubscriptionController: [updateAllDataConnectionTrackers] phoneId=0
02-20 21:17:23.574  1913  1913 D DCT     : [0]update sub = 1
02-20 21:17:23.574  1913  1913 D DCT     : [0]update(): Active DDS, register for all events now!
02-20 21:17:23.574  1913  1913 D DCT     : [0]New records found.
02-20 21:17:23.574  1913  1913 D SST     : mDeviceShuttingDown=false, mDesiredPowerState=true, getRadioState=RADIO_ON, mPowerOffDelayNeed=true, mAlarmSwitch=false, mRadioDisabledByCarrier=false
02-20 21:17:23.574  1913  1913 D GsmCdmaPhone: [GsmCdmaPhone] updateCurrentCarrierInProvider: mSubId = 1 currentDds = 1 operatorNumeric = 310260
02-20 21:17:23.587  1913  1933 D RILJ    : [3736]> RIL_REQUEST_GET_CELL_INFO_LIST [SUB0]
02-20 21:17:23.587  1374  1469 D RIL     : onRequest: GET_CELL_INFO_LIST
02-20 21:17:23.587  1374  1469 D RILC    : responseCellInfoList: v12
02-20 21:17:23.588  1913  2018 D RILJ    : [3736]< RIL_REQUEST_GET_CELL_INFO_LIST [CellInfoGsm:{mRegistered=YES mTimeStampType=modem mTimeStamp=12618630175ns CellIdentityGsm:{ mMcc=310 mMnc=260 mLac=3 mCid=91 mArfcn=10 mBsic=0x0} CellSignalStrengthGsm: ss=-480382536 ber=31790 mTa=-475386756}] [SUB0]
02-20 21:17:23.594  1372  2208 D NuPlayerDriver: notifyListener_l(0xef828fc0), (1, 0, 0), loop setting(0, 0)
02-20 21:17:23.607  1913  1913 D SubscriptionController: [broadcastDefaultDataSubIdChanged] subId=1
02-20 21:17:23.608  1913  1913 D SubscriptionController: [setDefaultSmsSubId] subId=1
02-20 21:17:23.608  1913  1913 D SubscriptionController: [broadcastDefaultSmsSubIdChanged] subId=1
02-20 21:17:23.608  1913  1913 D SubscriptionController: [setDefaultVoiceSubId] subId=1
02-20 21:17:23.608  1913  1913 D SubscriptionController: [broadcastDefaultVoiceSubIdChanged] subId=1
02-20 21:17:23.609  1913  1913 D SubscriptionController: [addSubInfoRecord] hashmap(0,1)
02-20 21:17:23.635  1913  1913 D SubscriptionController: [addSubInfoRecord] sim name = Android
02-20 21:17:23.635  1913  1913 D DCT     : [0]update sub = 1
02-20 21:17:23.635  1913  1913 D DCT     : [0]update(): Active DDS, register for all events now!
02-20 21:17:23.635  1913  1913 D GsmCdmaPhone: [GsmCdmaPhone] updateCurrentCarrierInProvider: mSubId = 1 currentDds = 1 operatorNumeric = 310260
02-20 21:17:23.645  1372  2212 D NuPlayerDriver: notifyListener_l(0xee0133c0), (1, 0, 0), loop setting(0, 0)
02-20 21:17:23.660  1913  1913 D SubscriptionController: [addSubInfoRecord]- info size=1
02-20 21:17:23.660  1913  1913 D SubscriptionInfoUpdater: newSim = false
02-20 21:17:23.660  1913  1913 D SubscriptionInfoUpdater: updateSubscriptionInfoByIccId: sInsertSimState[0] = 0
02-20 21:17:23.662  1676  1965 I am_proc_bound: [0,2202,com.google.process.gapps]
02-20 21:17:23.663  1913  1913 D SubscriptionInfoUpdater: updateSubscriptionInfoByIccId: nSubCount = 1
02-20 21:17:23.663  1913  1913 D SubscriptionController: [setDefaultDataSubId] num phones=1, subId=1
02-20 21:17:23.663  1913  1913 D SubscriptionController: [setDefaultDataSubId] phoneId=0 subId=1 RAF=1
02-20 21:17:23.663  1913  1913 D ProxyController: setRadioCapability: Already in requested configuration, nothing to do.
02-20 21:17:23.663  1913  1913 D SubscriptionController: [updateAllDataConnectionTrackers] sPhones.length=1
02-20 21:17:23.663  1913  1913 D SubscriptionController: [updateAllDataConnectionTrackers] phoneId=0
02-20 21:17:23.663  1913  1913 D DCT     : [0]update sub = 1
02-20 21:17:23.663  1913  1913 D DCT     : [0]update(): Active DDS, register for all events now!
02-20 21:17:23.663  1913  1913 D GsmCdmaPhone: [GsmCdmaPhone] updateCurrentCarrierInProvider: mSubId = 1 currentDds = 1 operatorNumeric = 310260
02-20 21:17:23.678  1372  2217 D NuPlayerDriver: notifyListener_l(0xef8290e0), (1, 0, 0), loop setting(0, 0)
02-20 21:17:23.686  2202  2202 I art     : Starting a blocking GC AddRemoveAppImageSpace
02-20 21:17:23.687  2202  2202 W System  : ClassLoader referenced unknown path: /system/priv-app/GoogleServicesFramework/lib/x86_64
02-20 21:17:23.690  1365  1365 I CameraFlashlight: Opening camera 0
02-20 21:17:23.690  1365  1365 V EmulatedCamera_Camera: getCameraInfo
02-20 21:17:23.691  1365  1365 V EmulatedCamera_BaseCamera: getCameraInfo
02-20 21:17:23.691  1365  1365 V EmulatedCamera_Camera: connectCamera
02-20 21:17:23.691  1365  1365 V EmulatedCamera_FakeDevice: connectDevice
02-20 21:17:23.691  1365  1365 V EmulatedCamera_CallbackNotifier: setCallbacks: 0xf667de80, 0xf667ded0, 0xf667dff0, 0xf667e110 (0xf60c3320)
02-20 21:17:23.691  1365  1365 V EmulatedCamera_CallbackNotifier: enableMessage: msg_type = 0xc0d
02-20 21:17:23.691  1365  1365 V EmulatedCamera_CallbackNotifier:     CAMERA_MSG_ERROR
02-20 21:17:23.691  1365  1365 V EmulatedCamera_CallbackNotifier:     CAMERA_MSG_FOCUS
02-20 21:17:23.691  1365  1365 V EmulatedCamera_CallbackNotifier:     CAMERA_MSG_ZOOM
02-20 21:17:23.691  1365  1365 V EmulatedCamera_CallbackNotifier:     CAMERA_MSG_PREVIEW_METADATA
02-20 21:17:23.691  1365  1365 V EmulatedCamera_CallbackNotifier: **** Currently enabled messages:
02-20 21:17:23.691  1365  1365 V EmulatedCamera_CallbackNotifier:     CAMERA_MSG_ERROR
02-20 21:17:23.691  1365  1365 V EmulatedCamera_CallbackNotifier:     CAMERA_MSG_FOCUS
02-20 21:17:23.691  1365  1365 V EmulatedCamera_CallbackNotifier:     CAMERA_MSG_ZOOM
02-20 21:17:23.691  1365  1365 V EmulatedCamera_CallbackNotifier:     CAMERA_MSG_PREVIEW_METADATA
02-20 21:17:23.691  1365  1365 V EmulatedCamera_CallbackNotifier: disableMessage: msg_type = 0xffff
02-20 21:17:23.691  1365  1365 V EmulatedCamera_CallbackNotifier:     CAMERA_MSG_ERROR
02-20 21:17:23.691  1365  1365 V EmulatedCamera_CallbackNotifier:     CAMERA_MSG_SHUTTER
02-20 21:17:23.691  1365  1365 V EmulatedCamera_CallbackNotifier:     CAMERA_MSG_FOCUS
02-20 21:17:23.691  1365  1365 V EmulatedCamera_CallbackNotifier:     CAMERA_MSG_ZOOM
02-20 21:17:23.691  1365  1365 V EmulatedCamera_CallbackNotifier:     CAMERA_MSG_PREVIEW_FRAME
02-20 21:17:23.691  1365  1365 V EmulatedCamera_CallbackNotifier:     CAMERA_MSG_VIDEO_FRAME
02-20 21:17:23.691  1365  1365 V EmulatedCamera_CallbackNotifier:     CAMERA_MSG_POSTVIEW_FRAME
02-20 21:17:23.691  1365  1365 V EmulatedCamera_CallbackNotifier:     CAMERA_MSG_RAW_IMAGE
02-20 21:17:23.691  1365  1365 V EmulatedCamera_CallbackNotifier:     CAMERA_MSG_COMPRESSED_IMAGE
02-20 21:17:23.691  1365  1365 V EmulatedCamera_CallbackNotifier:     CAMERA_MSG_RAW_IMAGE_NOTIFY
02-20 21:17:23.691  1365  1365 V EmulatedCamera_CallbackNotifier:     CAMERA_MSG_PREVIEW_METADATA
02-20 21:17:23.691  1365  1365 V EmulatedCamera_CallbackNotifier: **** Currently enabled messages:
02-20 21:17:23.691  1365  1365 V EmulatedCamera_Preview: setPreviewWindow: current: 0x0 -> new: 0x0
02-20 21:17:23.691  1365  1365 V EmulatedCamera_Camera: doStopPreview
02-20 21:17:23.691  1365  1365 V EmulatedCamera_Camera: cancelPicture
02-20 21:17:23.691  1365  1365 V EmulatedCamera_Camera: releaseCamera
02-20 21:17:23.691  1365  1365 V EmulatedCamera_Camera: doStopPreview
02-20 21:17:23.691  1365  1365 V EmulatedCamera_FakeDevice: disconnectDevice
02-20 21:17:23.691  1365  1365 W EmulatedCamera_Device: Initialize: Emulated camera device is already initialized: mState = 1
02-20 21:17:23.691  1365  1365 D EmulatedCamera_FakeCamera: Initialize: Fake camera is facing back
02-20 21:17:23.691  1365  1365 V EmulatedCamera_Device: initializeWhiteBalanceModes with auto, 1.000000, 1.000000
02-20 21:17:23.691  1365  1365 V EmulatedCamera_Device: initializeWhiteBalanceModes with incandescent, 1.380000, 0.600000
02-20 21:17:23.691  1365  1365 V EmulatedCamera_Device: initializeWhiteBalanceModes with daylight, 1.090000, 0.920000
02-20 21:17:23.691  1365  1365 V EmulatedCamera_Device: initializeWhiteBalanceModes with twilight, 0.920000, 1.220000
02-20 21:17:23.691  1365  1365 V EmulatedCamera_Device: setWhiteBalanceMode with white balance auto
02-20 21:17:23.691  1365  1365 I CameraFlashlight: Destroying camera 0
02-20 21:17:23.691  1365  1365 V EmulatedCamera_Camera: closeCamera
02-20 21:17:23.691  1365  1365 V EmulatedCamera_Camera: doStopPreview
02-20 21:17:23.691  1365  1365 W EmulatedCamera_Device: Initialize: Emulated camera device is already initialized: mState = 1
02-20 21:17:23.691  1365  1365 D EmulatedCamera_FakeCamera: Initialize: Fake camera is facing back
02-20 21:17:23.691  1365  1365 V EmulatedCamera_Device: initializeWhiteBalanceModes with auto, 1.000000, 1.000000
02-20 21:17:23.691  1365  1365 V EmulatedCamera_Device: initializeWhiteBalanceModes with incandescent, 1.380000, 0.600000
02-20 21:17:23.691  1365  1365 V EmulatedCamera_Device: initializeWhiteBalanceModes with daylight, 1.090000, 0.920000
02-20 21:17:23.691  1365  1365 V EmulatedCamera_Device: initializeWhiteBalanceModes with twilight, 0.920000, 1.220000
02-20 21:17:23.691  1365  1365 V EmulatedCamera_Device: setWhiteBalanceMode with white balance auto
02-20 21:17:23.697  1365  1365 I CameraService: disconnect: Disconnected client for camera 0 for PID 1365
02-20 21:17:23.697  1372  1372 D NuPlayerDriver: reset(0xef828fc0) at state 4
02-20 21:17:23.697  1372  1372 D NuPlayerDriver: notifyListener_l(0xef828fc0), (8, 0, 0), loop setting(0, 0)
02-20 21:17:23.697  1372  2208 D NuPlayerDriver: notifyResetComplete(0xef828fc0)
02-20 21:17:23.698  1372  1897 D NuPlayerDriver: reset(0xee0133c0) at state 4
02-20 21:17:23.698  1372  1897 D NuPlayerDriver: notifyListener_l(0xee0133c0), (8, 0, 0), loop setting(0, 0)
02-20 21:17:23.698  1372  2212 D NuPlayerDriver: notifyResetComplete(0xee0133c0)
02-20 21:17:23.698  1372  1821 D NuPlayerDriver: reset(0xef8290e0) at state 4
02-20 21:17:23.698  1372  1821 D NuPlayerDriver: notifyListener_l(0xef8290e0), (8, 0, 0), loop setting(0, 0)
02-20 21:17:23.699  1372  2217 D NuPlayerDriver: notifyResetComplete(0xef8290e0)
02-20 21:17:23.699  1913  1913 D SubscriptionController: [broadcastDefaultDataSubIdChanged] subId=1
02-20 21:17:23.700  1913  1913 D SubscriptionController: notifySubscriptionInfoChanged:
02-20 21:17:23.701  1676  1676 I GnssLocationProvider: WakeLock acquired by sendMessage(12, 0, null)
02-20 21:17:23.701  1913  2214 D SubscriptionMonitor: Phone[0] subId changed -2->1, 1 registrants
02-20 21:17:23.701  1913  2214 D SubscriptionMonitor: mDefaultDataSubId = 1, 1 registrants
02-20 21:17:23.702  1913  1913 D SubscriptionInfoUpdater: updateSubscriptionInfoByIccId:- SsubscriptionInfo update complete
02-20 21:17:23.702  1913  1913 D MccTable: updateMccMncConfiguration mccmnc='310260' fromServiceState=false
02-20 21:17:23.702  1913  1913 D MccTable: updateMccMncConfiguration defaultMccMnc=310260
02-20 21:17:23.702  1913  1913 D MccTable: updateMccMncConfiguration: mcc=310, mnc=260
02-20 21:17:23.702  1913  1913 D MccTable: updateMccMncConfiguration updateConfig config={1.0 310mcc260mnc ?localeList ?layoutDir ?swdp ?wdp ?hdp ?density ?lsize ?long ?orien ?uimode ?night ?touch ?keyb/?/? ?nav/?}
02-20 21:17:23.703  1913  1913 D SubscriptionController: [setMccMnc]+ mcc/mnc:310/260 subId:1
02-20 21:17:23.704  1365  1707 V EmulatedCamera_Camera: getCameraInfo
02-20 21:17:23.704  1365  1707 V EmulatedCamera_BaseCamera: getCameraInfo
02-20 21:17:23.704  1365  1707 V EmulatedCamera_Camera: getCameraInfo
02-20 21:17:23.704  1365  1707 V EmulatedCamera_BaseCamera: getCameraInfo
02-20 21:17:23.710  1773  1773 I StatusBar: isKeyguardShowing() called before startKeyguard(), returning true
02-20 21:17:23.711  1773  1773 W StatusBar: isKeyguardSecure() called before startKeyguard(), returning false
02-20 21:17:23.711  1773  1773 W StatusBar: java.lang.Throwable
02-20 21:17:23.711  1773  1773 W StatusBar: 	at com.android.systemui.statusbar.BaseStatusBar.isKeyguardSecure(BaseStatusBar.java:2647)
02-20 21:17:23.711  1773  1773 W StatusBar: 	at com.android.systemui.statusbar.BaseStatusBar.isCameraAllowedByAdmin(BaseStatusBar.java:2670)
02-20 21:17:23.711  1773  1773 W StatusBar: 	at com.android.systemui.statusbar.phone.KeyguardBottomAreaView.updateCameraVisibility(KeyguardBottomAreaView.java:309)
02-20 21:17:23.711  1773  1773 W StatusBar: 	at com.android.systemui.statusbar.phone.KeyguardBottomAreaView.setPhoneStatusBar(KeyguardBottomAreaView.java:272)
02-20 21:17:23.711  1773  1773 W StatusBar: 	at com.android.systemui.statusbar.phone.PhoneStatusBar.makeStatusBarView(PhoneStatusBar.java:904)
02-20 21:17:23.711  1773  1773 W StatusBar: 	at com.android.systemui.statusbar.phone.PhoneStatusBar.addStatusBarWindow(PhoneStatusBar.java:3432)
02-20 21:17:23.711  1773  1773 W StatusBar: 	at com.android.systemui.statusbar.phone.PhoneStatusBar.createAndAddWindows(PhoneStatusBar.java:3428)
02-20 21:17:23.711  1773  1773 W StatusBar: 	at com.android.systemui.statusbar.BaseStatusBar.start(BaseStatusBar.java:765)
02-20 21:17:23.711  1773  1773 W StatusBar: 	at com.android.systemui.statusbar.phone.PhoneStatusBar.start(PhoneStatusBar.java:686)
02-20 21:17:23.711  1773  1773 W StatusBar: 	at com.android.systemui.statusbar.SystemBars.createStatusBarFromConfig(SystemBars.java:106)
02-20 21:17:23.711  1773  1773 W StatusBar: 	at com.android.systemui.statusbar.SystemBars.onNoService(SystemBars.java:58)
02-20 21:17:23.711  1773  1773 W StatusBar: 	at com.android.systemui.statusbar.ServiceMonitor.startService(ServiceMonitor.java:230)
02-20 21:17:23.711  1773  1773 W StatusBar: 	at com.android.systemui.statusbar.ServiceMonitor.-wrap5(ServiceMonitor.java)
02-20 21:17:23.711  1773  1773 W StatusBar: 	at com.android.systemui.statusbar.ServiceMonitor$1.handleMessage(ServiceMonitor.java:73)
02-20 21:17:23.711  1773  1773 W StatusBar: 	at android.os.Handler.dispatchMessage(Handler.java:102)
02-20 21:17:23.711  1773  1773 W StatusBar: 	at android.os.Looper.loop(Looper.java:154)
02-20 21:17:23.711  1773  1773 W StatusBar: 	at android.app.ActivityThread.main(ActivityThread.java:6119)
02-20 21:17:23.711  1773  1773 W StatusBar: 	at java.lang.reflect.Method.invoke(Native Method)
02-20 21:17:23.711  1773  1773 W StatusBar: 	at com.android.internal.os.ZygoteInit$MethodAndArgsCaller.run(ZygoteInit.java:886)
02-20 21:17:23.711  1773  1773 W StatusBar: 	at com.android.internal.os.ZygoteInit.main(ZygoteInit.java:776)
02-20 21:17:23.713  1913  1913 D SubscriptionController: notifySubscriptionInfoChanged:
02-20 21:17:23.713  1676  1676 I GnssLocationProvider: WakeLock acquired by sendMessage(12, 0, null)
02-20 21:17:23.716  1913  1913 D SubscriptionController: [getActiveSubscriptionInfo]+ subId=1 subInfo={id=1, iccId=89014103211118510720 simSlotIndex=0 displayName=Android carrierName=Android nameSource=0 iconTint=-16746133 dataRoaming=0 iconBitmap=android.graphics.Bitmap@80d43c mcc 310 mnc 260}
02-20 21:17:23.716  1913  1913 D SubscriptionInfoUpdater: sim name = Android
02-20 21:17:23.718  1773  1773 I StatusBar: isKeyguardShowing() called before startKeyguard(), returning true
02-20 21:17:23.718  1773  1773 W StatusBar: isKeyguardSecure() called before startKeyguard(), returning false
02-20 21:17:23.718  1773  1773 W StatusBar: java.lang.Throwable
02-20 21:17:23.718  1773  1773 W StatusBar: 	at com.android.systemui.statusbar.BaseStatusBar.isKeyguardSecure(BaseStatusBar.java:2647)
02-20 21:17:23.718  1773  1773 W StatusBar: 	at com.android.systemui.statusbar.BaseStatusBar.isCameraAllowedByAdmin(BaseStatusBar.java:2670)
02-20 21:17:23.718  1773  1773 W StatusBar: 	at com.android.systemui.statusbar.phone.KeyguardBottomAreaView.updateCameraVisibility(KeyguardBottomAreaView.java:309)
02-20 21:17:23.718  1773  1773 W StatusBar: 	at com.android.systemui.statusbar.phone.KeyguardBottomAreaView.setUserSetupComplete(KeyguardBottomAreaView.java:281)
02-20 21:17:23.718  1773  1773 W StatusBar: 	at com.android.systemui.statusbar.phone.PhoneStatusBar.makeStatusBarView(PhoneStatusBar.java:905)
02-20 21:17:23.718  1773  1773 W StatusBar: 	at com.android.systemui.statusbar.phone.PhoneStatusBar.addStatusBarWindow(PhoneStatusBar.java:3432)
02-20 21:17:23.718  1773  1773 W StatusBar: 	at com.android.systemui.statusbar.phone.PhoneStatusBar.createAndAddWindows(PhoneStatusBar.java:3428)
02-20 21:17:23.718  1773  1773 W StatusBar: 	at com.android.systemui.statusbar.BaseStatusBar.start(BaseStatusBar.java:765)
02-20 21:17:23.718  1773  1773 W StatusBar: 	at com.android.systemui.statusbar.phone.PhoneStatusBar.start(PhoneStatusBar.java:686)
02-20 21:17:23.718  1773  1773 W StatusBar: 	at com.android.systemui.statusbar.SystemBars.createStatusBarFromConfig(SystemBars.java:106)
02-20 21:17:23.718  1773  1773 W StatusBar: 	at com.android.systemui.statusbar.SystemBars.onNoService(SystemBars.java:58)
02-20 21:17:23.718  1773  1773 W StatusBar: 	at com.android.systemui.statusbar.ServiceMonitor.startService(ServiceMonitor.java:230)
02-20 21:17:23.718  1773  1773 W StatusBar: 	at com.android.systemui.statusbar.ServiceMonitor.-wrap5(ServiceMonitor.java)
02-20 21:17:23.718  1773  1773 W StatusBar: 	at com.android.systemui.statusbar.ServiceMonitor$1.handleMessage(ServiceMonitor.java:73)
02-20 21:17:23.718  1773  1773 W StatusBar: 	at android.os.Handler.dispatchMessage(Handler.java:102)
02-20 21:17:23.718  1773  1773 W StatusBar: 	at android.os.Looper.loop(Looper.java:154)
02-20 21:17:23.718  1773  1773 W StatusBar: 	at android.app.ActivityThread.main(ActivityThread.java:6119)
02-20 21:17:23.718  1773  1773 W StatusBar: 	at java.lang.reflect.Method.invoke(Native Method)
