02-20 21:18:32.870  1912  1912 E SIMRecords: [SIMRecords] Exception in get GID2 com.android.internal.telephony.CommandException: GENERIC_FAILURE
02-20 21:18:32.870  1912  1912 D SIMRecords: [SIMRecords] onRecordLoaded 11 requested: true
02-20 21:18:32.870  1912  1912 D RuimRecords: [RuimRecords] EF_PL LOADED
02-20 21:18:32.870  1912  1912 E RuimRecords: [RuimRecords] Record Load Exception: com.android.internal.telephony.CommandException: GENERIC_FAILURE
02-20 21:18:32.870  1912  1912 D RuimRecords: [RuimRecords] onRecordLoaded 8 requested: true
02-20 21:18:32.871  1762  1762 I StatusBar: isKeyguardShowing() called before startKeyguard(), returning true
02-20 21:18:32.871  1762  1762 W StatusBar: isKeyguardSecure() called before startKeyguard(), returning false
02-20 21:18:32.871  1762  1762 W StatusBar: java.lang.Throwable
02-20 21:18:32.871  1762  1762 W StatusBar: 	at com.android.systemui.statusbar.BaseStatusBar.isKeyguardSecure(BaseStatusBar.java:2647)
02-20 21:18:32.871  1762  1762 W StatusBar: 	at com.android.systemui.statusbar.BaseStatusBar.isCameraAllowedByAdmin(BaseStatusBar.java:2670)
02-20 21:18:32.871  1762  1762 W StatusBar: 	at com.android.systemui.statusbar.phone.KeyguardBottomAreaView.updateCameraVisibility(KeyguardBottomAreaView.java:309)
02-20 21:18:32.871  1762  1762 W StatusBar: 	at com.android.systemui.statusbar.phone.KeyguardBottomAreaView.setUserSetupComplete(KeyguardBottomAreaView.java:281)
02-20 21:18:32.871  1762  1762 W StatusBar: 	at com.android.systemui.statusbar.phone.PhoneStatusBar$1.onChange(PhoneStatusBar.java:441)
02-20 21:18:32.871  1762  1762 W StatusBar: 	at com.android.systemui.statusbar.phone.PhoneStatusBar.resetUserSetupObserver(PhoneStatusBar.java:3676)
02-20 21:18:32.871  1762  1762 W StatusBar: 	at com.android.systemui.statusbar.phone.PhoneStatusBar.makeStatusBarView(PhoneStatusBar.java:1008)
02-20 21:18:32.871  1762  1762 W StatusBar: 	at com.android.systemui.statusbar.phone.PhoneStatusBar.addStatusBarWindow(PhoneStatusBar.java:3432)
02-20 21:18:32.871  1762  1762 W StatusBar: 	at com.android.systemui.statusbar.phone.PhoneStatusBar.createAndAddWindows(PhoneStatusBar.java:3428)
02-20 21:18:32.871  1762  1762 W StatusBar: 	at com.android.systemui.statusbar.BaseStatusBar.start(BaseStatusBar.java:765)
02-20 21:18:32.871  1762  1762 W StatusBar: 	at com.android.systemui.statusbar.phone.PhoneStatusBar.start(PhoneStatusBar.java:686)
02-20 21:18:32.871  1762  1762 W StatusBar: 	at com.android.systemui.statusbar.SystemBars.createStatusBarFromConfig(SystemBars.java:106)
02-20 21:18:32.871  1762  1762 W StatusBar: 	at com.android.systemui.statusbar.SystemBars.onNoService(SystemBars.java:58)
02-20 21:18:32.871  1762  1762 W StatusBar: 	at com.android.systemui.statusbar.ServiceMonitor.startService(ServiceMonitor.java:230)
02-20 21:18:32.871  1762  1762 W StatusBar: 	at com.android.systemui.statusbar.ServiceMonitor.-wrap5(ServiceMonitor.java)
02-20 21:18:32.871  1762  1762 W StatusBar: 	at com.android.systemui.statusbar.ServiceMonitor$1.handleMessage(ServiceMonitor.java:73)
02-20 21:18:32.871  1762  1762 W StatusBar: 	at android.os.Handler.dispatchMessage(Handler.java:102)
02-20 21:18:32.871  1762  1762 W StatusBar: 	at android.os.Looper.loop(Looper.java:154)
02-20 21:18:32.871  1762  1762 W StatusBar: 	at android.app.ActivityThread.main(ActivityThread.java:6119)
02-20 21:18:32.871  1762  1762 W StatusBar: 	at java.lang.reflect.Method.invoke(Native Method)
02-20 21:18:32.871  1762  1762 W StatusBar: 	at com.android.internal.os.ZygoteInit$MethodAndArgsCaller.run(ZygoteInit.java:886)
02-20 21:18:32.871  1762  1762 W StatusBar: 	at com.android.internal.os.ZygoteInit.main(ZygoteInit.java:776)
02-20 21:18:32.877  1912  1912 D RuimRecords: [RuimRecords] EF_CSIM_LI LOADED
02-20 21:18:32.877  1912  1912 E RuimRecords: [RuimRecords] Record Load Exception: com.android.internal.telephony.CommandException: GENERIC_FAILURE
02-20 21:18:32.871  1912  1932 D SubscriptionController: [getPhoneId]- no sims, returning default phoneId=2147483647
02-20 21:18:32.877  1912  1912 D RuimRecords: [RuimRecords] onRecordLoaded 7 requested: true
02-20 21:18:32.877  1912  1912 D RuimRecords: [RuimRecords] EF_CSIM_SPN LOADED
02-20 21:18:32.877  1912  1912 E RuimRecords: [RuimRecords] Record Load Exception: com.android.internal.telephony.CommandException: GENERIC_FAILURE
02-20 21:18:32.877  1912  1912 D RuimRecords: [RuimRecords] onRecordLoaded 6 requested: true
02-20 21:18:32.877  1912  1912 D RuimRecords: [RuimRecords] EF_CSIM_MDN LOADED
02-20 21:18:32.877  1912  1912 E RuimRecords: [RuimRecords] Record Load Exception: com.android.internal.telephony.CommandException: GENERIC_FAILURE
02-20 21:18:32.877  1912  1912 D RuimRecords: [RuimRecords] onRecordLoaded 5 requested: true
02-20 21:18:32.877  1912  1912 D RuimRecords: [RuimRecords] EF_CSIM_IMSIM LOADED
02-20 21:18:32.877  1912  1912 E RuimRecords: [RuimRecords] Record Load Exception: com.android.internal.telephony.CommandException: GENERIC_FAILURE
02-20 21:18:32.877  1912  1912 D RuimRecords: [RuimRecords] onRecordLoaded 4 requested: true
02-20 21:18:32.877  1912  1912 D RuimRecords: [RuimRecords] EF_CSIM_CDMAHOME LOADED
02-20 21:18:32.877  1912  1912 E RuimRecords: [RuimRecords] Record Load Exception: com.android.internal.telephony.CommandException: GENERIC_FAILURE
02-20 21:18:32.877  1912  1912 D RuimRecords: [RuimRecords] onRecordLoaded 3 requested: true
02-20 21:18:32.877  1912  1912 D RuimRecords: [RuimRecords] EF_CSIM_EPRL LOADED
02-20 21:18:32.877  1912  1912 E RuimRecords: [RuimRecords] Record Load Exception: com.android.internal.telephony.CommandException: GENERIC_FAILURE
02-20 21:18:32.877  1912  1912 D RuimRecords: [RuimRecords] onRecordLoaded 2 requested: true
02-20 21:18:32.877  1912  1912 D RuimRecords: [RuimRecords] EF_CSIM_MIPUPP LOADED
02-20 21:18:32.877  1912  1912 E RuimRecords: [RuimRecords] Record Load Exception: com.android.internal.telephony.CommandException: GENERIC_FAILURE
02-20 21:18:32.877  1912  1912 D RuimRecords: [RuimRecords] onRecordLoaded 1 requested: true
02-20 21:18:32.877  1912  1912 D SubscriptionInfoUpdater: [Receiver]+
02-20 21:18:32.877  1912  1912 D SubscriptionInfoUpdater: Action: android.intent.action.SIM_STATE_CHANGED
02-20 21:18:32.877  1912  1912 D SubscriptionInfoUpdater: slotId: 0
02-20 21:18:32.877  1912  1912 D SubscriptionInfoUpdater: simStatus: IMSI
02-20 21:18:32.877  1912  1912 D SubscriptionInfoUpdater: Ignoring simStatus: IMSI
02-20 21:18:32.877  1912  1912 D SubscriptionInfoUpdater: [Receiver]-
02-20 21:18:32.877  1912  1912 D SIMRecords: [SIMRecords] iccid: 89014103211118510720
02-20 21:18:32.877  1912  1912 D SIMRecords: [SIMRecords] onRecordLoaded 10 requested: true
02-20 21:18:32.878  1762  1972 D OpenGLRenderer: profile bars disabled
02-20 21:18:32.878  1762  1972 D OpenGLRenderer: ambientRatio = 1.50
02-20 21:18:32.880  1912  2079 D SubscriptionController: [getActiveSubInfoList] Sub Controller not ready
02-20 21:18:32.880  1912  1912 D SIMRecords: [SIMRecords] EF_MBI: 01000000
02-20 21:18:32.881  1912  1912 D SIMRecords: [SIMRecords] Got valid mailbox number for MBDN
02-20 21:18:32.881  1912  1912 D RILJ    : [3733]> iccIO: SIM_IO 0xc0 0x6fc7  path: 3F007F20,0,0,15 aid: null [SUB0]
02-20 21:18:32.881  1912  1912 D SIMRecords: [SIMRecords] onRecordLoaded 10 requested: true
02-20 21:18:32.881  1912  1912 D SIMRecords: [SIMRecords] EF_AD: 00000003
02-20 21:18:32.881  1912  1912 D SIMRecords: [SIMRecords] setting4 mMncLength=3
02-20 21:18:32.881  1912  1912 D SIMRecords: [SIMRecords] update mccmnc=310260
02-20 21:18:32.881  1912  1912 D MccTable: updateMccMncConfiguration mccmnc='310260' fromServiceState=false
02-20 21:18:32.881  1373  1471 D RIL     : onRequest: SIM_IO
02-20 21:18:32.881  1373  1471 D AT      : AT> AT+CRSM=192,28615,0,0,15
02-20 21:18:32.888  1373  1474 D AT      : AT< +CRSM: 144,0,000000406fc7040011a0aa01020120
02-20 21:18:32.888  1373  1474 D AT      : AT< OK
02-20 21:18:32.888  1762  1762 D PhoneStatusBar: disable: < EXPAND* icons alerts system_info BACK* HOME* RECENT* clock SEARCH* quick_settings >
02-20 21:18:32.888  1912  1996 D RILJ    : [3733]< SIM_IO IccIoResponse sw1:0x90 sw2:0x0 [SUB0]
02-20 21:18:32.888  1912  1912 D SubscriptionController: [getPhoneId]- no sims, returning default phoneId=2147483647
02-20 21:18:32.901  1912  1912 D MccTable: updateMccMncConfiguration defaultMccMnc=
02-20 21:18:32.901  1912  1912 D MccTable: updateMccMncConfiguration: mcc=310, mnc=260
02-20 21:18:32.901  1912  1912 D MccTable: updateMccMncConfiguration updateConfig config={1.0 310mcc260mnc ?localeList ?layoutDir ?swdp ?wdp ?hdp ?density ?lsize ?long ?orien ?uimode ?night ?touch ?keyb/?/? ?nav/?}
02-20 21:18:32.901  1658  1955 I configuration_changed: 3
02-20 21:18:32.901  1658  1955 I ActivityManager: Config changes=3 {1.0 310mcc260mnc [en_US] ldltr sw360dp w360dp h668dp 640dpi nrml long port finger -keyb/v/h -nav/h s.5}
02-20 21:18:32.903  1658  1955 I am_relaunch_resume_activity: [0,92869112,1,com.android.settings/.FallbackHome]
02-20 21:18:32.904  1912  1912 D SIMRecords: [SIMRecords] onRecordLoaded 9 requested: true
02-20 21:18:32.904  1912  1912 D SIMRecords: [SIMRecords] EF_MWIS : 0000000000
02-20 21:18:32.904  1912  1912 D SIMRecords: [SIMRecords] onRecordLoaded 8 requested: true
02-20 21:18:32.904  1912  1912 D SIMRecords: [SIMRecords] EF_CPHS_MWI: 55
02-20 21:18:32.904  1912  1912 D SIMRecords: [SIMRecords] onRecordLoaded 7 requested: true
02-20 21:18:32.904  1912  1912 D SIMRecords: [SIMRecords] EF_CFF_CPHS: 55
02-20 21:18:32.904  1912  1912 D SIMRecords: [SIMRecords] onRecordLoaded 6 requested: true
02-20 21:18:32.904  1912  1912 D RILJ    : [3734]> iccIO: SIM_IO 0xb0 0x6f14  path: 3F007F20,0,0,20 aid: null [SUB0]
02-20 21:18:32.905  1912  1912 D SIMRecords: [SIMRecords] onRecordLoaded 5 requested: true
02-20 21:18:32.905  1912  1912 D SIMRecords: [SIMRecords] SST: UsimServiceTable[120]={ PHONEBOOK, FDN, FDN_EXTENSION, SDN, SDN_EXTENSION, BDN, BDN_EXTENSION, OUTGOING_CALL_INFO, ADVICE_OF_CHARGE, CAP_CONFIG_PARAMS_2, GROUP_ID_LEVEL_1, GROUP_ID_LEVEL_2, SPN, USER_PLMN_SELECT, MSISDN, IMAGE, LOCALISED_SERVICE_AREAS, EMLPP, EMLPP_AUTO_ANSWER, RFU, GSM_ACCESS, DATA_DL_VIA_SMS_PP, DATA_DL_VIA_SMS_CB, CALL_CONTROL_BY_USIM, MO_SMS_CONTROL_BY_USIM, RUN_AT_COMMAND, APN_CONTROL_LIST, DEPERSONALISATION_CONTROL_KEYS, COOPERATIVE_NETWORK_LIST, GSM_SECURITY_CONTEXT, SERVICE_PROVIDER_DISPLAY_INFO, MMS_NOTIFICATION, MMS_NOTIFICATION_EXTENSION, GPRS_CALL_CONTROL_BY_USIM, VGCS_GROUP_ID_LIST, VBS_GROUP_ID_LIST, OMA_BCAST_PROFILE, GBA_LOCAL_KEY_ESTABLISHMENT, #101, #102, #103, #104, #105, #106, #107, #108, #109, #110 }
02-20 21:18:32.905  1912  1912 D SIMRecords: [SIMRecords] onRecordLoaded 4 requested: true
02-20 21:18:32.905  1912  1912 D SIMRecords: [SIMRecords] iCPHS: 0233
02-20 21:18:32.905  1912  1912 D SIMRecords: [SIMRecords] onRecordLoaded 3 requested: true
02-20 21:18:32.905  1912  1912 D RuimRecords: [RuimRecords] iccid: 89014103211118510720
02-20 21:18:32.905  1912  1912 D RuimRecords: [RuimRecords] onRecordLoaded 0 requested: true
02-20 21:18:32.905  1912  1912 D RuimRecords: [RuimRecords] record load complete
02-20 21:18:32.905  1912  1912 D SIMRecords: [SIMRecords] MSISDN: [t-WgLegCyIMgfHgPkOdM6pkZbpA]
02-20 21:18:32.905  1912  1912 D SIMRecords: [SIMRecords] onRecordLoaded 2 requested: true
02-20 21:18:32.905  1912  1912 D RILJ    : [3735]> iccIO: SIM_IO 0xb2 0x6fc7  path: 3F007F20,1,4,32 aid: null [SUB0]
02-20 21:18:32.905  1373  1471 D RIL     : onRequest: SIM_IO
02-20 21:18:32.905  1373  1471 D AT      : AT> AT+CRSM=176,28436,0,0,20
02-20 21:18:32.906  1373  1474 D AT      : AT< +CRSM: 144,0,416e64726f6964ffffffffffffffffffffffffff
02-20 21:18:32.906  1373  1474 D AT      : AT< OK
02-20 21:18:32.906  1912  1996 D RILJ    : [3734]< SIM_IO IccIoResponse sw1:0x90 sw2:0x0 [SUB0]
02-20 21:18:32.908  1912  1932 D SubscriptionController: [getActiveSubInfoList] Sub Controller not ready
02-20 21:18:32.908  1922  1922 I am_on_paused_called: [0,com.android.settings.FallbackHome,handleRelaunchActivity]
02-20 21:18:32.909  1922  1983 D EGL_emulation: eglMakeCurrent: 0x706a0f9f0980: ver 3 0 (tinfo 0x706a19ee0cc0)
02-20 21:18:32.909  1373  1471 D RIL     : onRequest: SIM_IO
02-20 21:18:32.909  1373  1471 D AT      : AT> AT+CRSM=178,28615,1,4,32
02-20 21:18:32.909  1373  1474 D AT      : AT< +CRSM: 144,0,566f6963656d61696cffffffffffffffffff07915155125740f9ffffffffffff
02-20 21:18:32.909  1373  1474 D AT      : AT< OK
02-20 21:18:32.909  1912  1996 D RILJ    : [3735]< SIM_IO IccIoResponse sw1:0x90 sw2:0x0 [SUB0]
02-20 21:18:32.910  1922  1922 I am_on_stop_called: [0,com.android.settings.FallbackHome,destroy]
02-20 21:18:32.913  1912  1912 D SIMRecords: [SIMRecords] getServiceProviderName: no brandOverride, providerName=Android
02-20 21:18:32.913  1912  1912 D SIMRecords: [SIMRecords] Load EF_SPN_CPHS: Android
02-20 21:18:32.913  1912  1912 D TelephonyManager: setTelephonyProperty: success phoneId=0 property=gsm.sim.operator.alpha value: Android propVal=Android
02-20 21:18:32.913  1912  1912 D SIMRecords: [SIMRecords] onRecordLoaded 1 requested: true
02-20 21:18:32.915  1912  1935 D DCT     : [0]hasMatchedTetherApnSetting: APN=null
02-20 21:18:32.916  1912  1932 D SubscriptionController: [getPhoneId]- no sims, returning default phoneId=2147483647
02-20 21:18:32.917  1912  1912 D SIMRecords: [SIMRecords] VM: ADN Record 'Voicemail' '[-MWU1cAlDrkXUZ8dpHi_wU_YOpU] null' EF[MBDN]
02-20 21:18:32.918  1912  1912 D SIMRecords: [SIMRecords] onRecordLoaded 0 requested: true
02-20 21:18:32.918  1912  1912 D SIMRecords: [SIMRecords] record load complete
02-20 21:18:32.918  1912  1912 D SIMRecords: [SIMRecords] Not using EF LI/EF PL
02-20 21:18:32.918  1922  1922 I am_on_resume_called: [0,com.android.settings.FallbackHome,handleRelaunchActivity]
02-20 21:18:32.918  1912  1912 D SIMRecords: [SIMRecords] EF_CFF: callForwardingEnabled=0
02-20 21:18:32.919  1912  1912 D SIMRecords: [SIMRecords] onAllRecordsLoaded set 'gsm.sim.operator.numeric' to operator='310260'
02-20 21:18:32.919  1912  1912 D SIMRecords: [SIMRecords] update icc_operator_numeric=310260
02-20 21:18:32.919  1912  1912 D TelephonyManager: setTelephonyProperty: success phoneId=0 property=gsm.sim.operator.numeric value: 310260 propVal=310260
02-20 21:18:32.919  1912  1912 D SubscriptionController: [setMccMnc]+ mcc/mnc:310/260 subId:-1
02-20 21:18:32.922  1912  1912 D SubscriptionController: notifySubscriptionInfoChanged:
02-20 21:18:32.922  1658  1658 I GnssLocationProvider: WakeLock acquired by sendMessage(12, 0, null)
02-20 21:18:32.923  1912  2079 D SubscriptionController: [getActiveSubInfoList] Sub Controller not ready
02-20 21:18:32.923  1912  1912 D SIMRecords: [SIMRecords] onAllRecordsLoaded set mcc imsi
02-20 21:18:32.923  1912  1912 D TelephonyManager: setTelephonyProperty: success phoneId=0 property=gsm.sim.operator.iso-country value: us propVal=us
02-20 21:18:32.924  1912  1912 D SST     : SubscriptionListener.onSubscriptionInfoChanged
02-20 21:18:32.924  1912  1912 D SIMRecords: [SIMRecords]  VoiceMessageCount from SIM MWIS = 0
02-20 21:18:32.924  1912  1912 E Phone   : getStoredVoiceMessageCount: invalid subId -2
02-20 21:18:32.924  1912  1912 D GsmCdmaPhone: [GsmCdmaPhone] updateVoiceMail countVoiceMessages = 0 subId -2
02-20 21:18:32.924  1912  1912 E Phone   : setVoiceMessageCount in sharedPreference: invalid subId -2
02-20 21:18:32.924  1912  1912 D DCT     : [0]SubscriptionListener.onSubscriptionInfoChanged
02-20 21:18:32.924  1912  1912 D SubscriptionController: [getActiveSubInfoList] Sub Controller not ready
02-20 21:18:32.924  1912  1912 D SubscriptionController: [getActiveSubInfoList] Sub Controller not ready
02-20 21:18:32.925  1912  1912 I Telephony: PstnIncomingCallNotifier: Unregistering: Handler (com.android.internal.telephony.GsmCdmaPhone) {9987ecf}
02-20 21:18:32.925  1912  1912 E PhoneInterfaceManager: [PhoneIntfMgr] getIccId: No UICC
02-20 21:18:32.925  1912  1932 D SubscriptionController: [getActiveSubInfoList] Sub Controller not ready
02-20 21:18:32.926  1658  2080 I Telecom : PhoneAccountRegistrar: [ComponentInfo{com.android.phone/com.android.services.telephony.TelephonyConnectionService}, [e0184adedf913b076626646d3f52c3b49c39ad6d], UserHandle{0}(addr: tel:*********** -> tel:)(icon: Icon(typ=BITMAP size=76x96) -> Icon(typ=BITMAP size=76x96))(subAddr: tel:*********** -> tel:)]: TSI.rPA@AAg
02-20 21:18:32.942  1658  2080 I Telecom : : Sending phone-account registered intent as user: TSI.rPA@AAg
02-20 21:18:32.942  1912  1912 I Telephony: AccountEntry: Registered phoneAccount: [[ ] PhoneAccount: ComponentInfo{com.android.phone/com.android.services.telephony.TelephonyConnectionService}, [e0184adedf913b076626646d3f52c3b49c39ad6d], UserHandle{0} Capabilities: CallProvider MultiUser PlaceEmerg SimSub  Schemes: tel voicemail  Extras: null GroupId: [da39a3ee5e6b4b0d3255bfef95601890afd80709]] with handle: ComponentInfo{com.android.phone/com.android.services.telephony.TelephonyConnectionService}, [e0184adedf913b076626646d3f52c3b49c39ad6d], UserHandle{0}
02-20 21:18:32.942  1912  1912 I Telephony: PstnIncomingCallNotifier: Registering: Handler (com.android.internal.telephony.GsmCdmaPhone) {9987ecf}
02-20 21:18:32.944  1912  1912 D CAT     : CatService: handleMessage[20]
02-20 21:18:32.944  1912  1912 D GsmCdmaPhone: [GsmCdmaPhone] updateCurrentCarrierInProvider: mSubId = -2 currentDds = 1 operatorNumeric = 310260
02-20 21:18:32.944  1912  1912 D IccCardProxy: operator=310260 mPhoneId=0
02-20 21:18:32.944  1912  1912 D TelephonyManager: setTelephonyProperty: success phoneId=0 property=gsm.sim.operator.numeric value: 310260 propVal=310260
02-20 21:18:32.945  1912  1912 D TelephonyManager: setTelephonyProperty: success phoneId=0 property=gsm.sim.operator.iso-country value: us propVal=us
02-20 21:18:32.945  1912  2079 D SubscriptionController: [getPhoneId]- no sims, returning default phoneId=2147483647
02-20 21:18:32.945  1912  1912 D IccCardProxy: Sending intent ACTION_INTERNAL_SIM_STATE_CHANGED for mPhoneId : 0
02-20 21:18:32.946  1912  1912 D SST     : EVENT_SIM_RECORDS_LOADED: what=16
02-20 21:18:32.946  1912  1912 D GsmCdmaPhone: [GsmCdmaPhone] updatePhoneObject: radioTechnology=0
02-20 21:18:32.946  1912  1912 D SST     : getOtasp: otasp not needed for GSM
02-20 21:18:32.946  1912  1912 D SST     : updateOtaspState: call notifyOtaspChanged old otaspMode=0 new otaspMode=3
02-20 21:18:32.946  1912  1912 D SIMRecords: [SIMRecords] getServiceProviderName: no brandOverride, providerName=Android
02-20 21:18:32.946  1912  1912 D SIMRecords: [SIMRecords] getServiceProviderName: no brandOverride, providerName=Android
02-20 21:18:32.946  1912  1912 D SST     : updateSpnDisplay: changed sending intent rule=1 showPlmn='false' plmn='Android' showSpn='true' spn='Android' dataSpn='Android' subId='-2'
02-20 21:18:32.950  1912  1912 D SubscriptionController: [setPlmnSpn] No valid subscription to store info
02-20 21:18:32.955  1912  1912 D SubscriptionController: notifySubscriptionInfoChanged:
02-20 21:18:32.956  1658  1658 I GnssLocationProvider: WakeLock acquired by sendMessage(12, 0, null)
02-20 21:18:32.956  1912  2090 D SubscriptionController: [getActiveSubInfoList] Sub Controller not ready
02-20 21:18:32.956  1912  2079 D SubscriptionController: [getActiveSubInfoList] Sub Controller not ready
02-20 21:18:32.956  1912  1912 E PhoneInterfaceManager: [PhoneIntfMgr] getIccId: No UICC
02-20 21:18:32.958  1658  1955 I Telecom : PhoneAccountRegistrar: [ComponentInfo{com.android.phone/com.android.services.telephony.TelephonyConnectionService}, [e0184adedf913b076626646d3f52c3b49c39ad6d], UserHandle{0}(icon: Icon(typ=BITMAP size=76x96) -> Icon(typ=BITMAP size=76x96))]: TSI.rPA@AAw
02-20 21:18:32.962  1658  1955 I Telecom : : Sending phone-account registered intent as user: TSI.rPA@AAw
02-20 21:18:32.962  1912  1912 D GsmCdmaPhone: [GsmCdmaPhone] phoneObjectUpdater: newVoiceRadioTech=0
02-20 21:18:32.963  1762  1762 D PhoneStatusBar: heads up is enabled
02-20 21:18:32.963  1912  1912 D GsmCdmaPhone: [GsmCdmaPhone] phoneObjectUpdater: volteReplacementRat=0
02-20 21:18:32.963  1912  1912 E GsmCdmaPhone: [GsmCdmaPhone] phoneObjectUpdater: newVoiceRadioTech=0 doesn't match either CDMA or GSM - error! No phone change
02-20 21:18:32.963  1912  1912 D SubscriptionInfoUpdater: [Receiver]+
02-20 21:18:32.963  1912  1912 D SubscriptionInfoUpdater: Action: android.intent.action.internal_sim_state_changed
02-20 21:18:32.963  1912  1912 D SubscriptionInfoUpdater: slotId: 0
02-20 21:18:32.963  1912  1912 D SubscriptionInfoUpdater: simStatus: LOADED
02-20 21:18:32.963  1912  1912 D SubscriptionInfoUpdater: [Receiver]-
02-20 21:18:32.963  1912  1912 D SST     : SubscriptionListener.onSubscriptionInfoChanged
02-20 21:18:32.963  1912  1912 D DCT     : [0]SubscriptionListener.onSubscriptionInfoChanged
02-20 21:18:32.963  1912  1912 D SubscriptionController: [getActiveSubInfoList] Sub Controller not ready
02-20 21:18:32.963  1912  1912 D SubscriptionController: [getActiveSubInfoList] Sub Controller not ready
02-20 21:18:32.963  1912  1912 I Telephony: PstnIncomingCallNotifier: Unregistering: Handler (com.android.internal.telephony.GsmCdmaPhone) {9987ecf}
02-20 21:18:32.963  1912  1912 E PhoneInterfaceManager: [PhoneIntfMgr] getIccId: No UICC
02-20 21:18:32.965  1658  1943 I Telecom : PhoneAccountRegistrar: [ComponentInfo{com.android.phone/com.android.services.telephony.TelephonyConnectionService}, [e0184adedf913b076626646d3f52c3b49c39ad6d], UserHandle{0}(icon: Icon(typ=BITMAP size=76x96) -> Icon(typ=BITMAP size=76x96))]: TSI.rPA@AA0
02-20 21:18:32.967  1658  1943 I Telecom : : Sending phone-account registered intent as user: TSI.rPA@AA0
02-20 21:18:32.967  1912  1912 I Telephony: AccountEntry: Registered phoneAccount: [[ ] PhoneAccount: ComponentInfo{com.android.phone/com.android.services.telephony.TelephonyConnectionService}, [e0184adedf913b076626646d3f52c3b49c39ad6d], UserHandle{0} Capabilities: CallProvider MultiUser PlaceEmerg SimSub  Schemes: tel voicemail  Extras: null GroupId: [da39a3ee5e6b4b0d3255bfef95601890afd80709]] with handle: ComponentInfo{com.android.phone/com.android.services.telephony.TelephonyConnectionService}, [e0184adedf913b076626646d3f52c3b49c39ad6d], UserHandle{0}
02-20 21:18:32.967  1912  1912 I Telephony: PstnIncomingCallNotifier: Registering: Handler (com.android.internal.telephony.GsmCdmaPhone) {9987ecf}
02-20 21:18:32.968  1912  1912 D SubscriptionInfoUpdater: handleSimStateLoadedInternal: slotId: 0
02-20 21:18:32.968  1912  1912 D SubscriptionInfoUpdater: All IccIds query complete
02-20 21:18:32.968  1912  1912 D SubscriptionInfoUpdater: updateSubscriptionInfoByIccId:+ Start
02-20 21:18:32.968  1912  1912 D SubscriptionController: [clearSubInfo]- no simInfo size=0
02-20 21:18:32.968  1912  1912 D SubscriptionInfoUpdater: insertedSimCount = 1
02-20 21:18:32.968  1912  1912 D SubscriptionController: [getSubInfoUsingSlotIdWithCheck]+ slotId:0
02-20 21:18:32.970  1912  1912 D SubscriptionController: [getPhoneId]- no sims, returning default phoneId=2147483647
02-20 21:18:32.970  1912  1912 D SubscriptionController: [getPhoneId]- no sims, returning default phoneId=2147483647
02-20 21:18:32.970  1912  1912 D SubscriptionController: [getPhoneId]- no sims, returning default phoneId=2147483647
02-20 21:18:32.970  1912  1912 D SubscriptionController: [getSubInfoUsingSlotId]- null info return
02-20 21:18:32.970  1912  1912 D SubscriptionInfoUpdater: updateSubscriptionInfoByIccId: oldSubId = 1
02-20 21:18:32.970  1912  1912 D SubscriptionInfoUpdater: updateSubscriptionInfoByIccId: oldIccId[0] = 89014103211118510720, sIccId[0] = 89014103211118510720
02-20 21:18:32.970  1912  1912 D SubscriptionController: [addSubInfoRecord]+ iccId:89014103211118510720 slotId:0
02-20 21:18:32.975  1312  1845 D gralloc_ranchu: gralloc_alloc: Creating ashmem region of size 15945728
02-20 21:18:32.976  1312  1845 D         : HostConnection::get() New Host Connection established 0x79c6e781b420, tid 1845
02-20 21:18:32.983  1912  1912 D SubscriptionController: [getActiveSubInfoList] Sub Controller not ready
02-20 21:18:32.983  1912  1912 D SubscriptionController: [addSubInfoRecord] Record already exists
02-20 21:18:32.985  1912  1912 D SubscriptionController: [addSubInfoRecord] sSlotIdxToSubId.size=1 slotId=0 subId=1 defaultSubId=1 simCount=1
02-20 21:18:32.986  1912  1912 D SubscriptionController: [setDefaultFallbackSubId] subId=1
02-20 21:18:32.986  1912  1912 D SubscriptionController: [setDefaultFallbackSubId] set mDefaultFallbackSubId=1
02-20 21:18:32.986  1912  1912 D MccTable: updateMccMncConfiguration mccmnc='310260' fromServiceState=false
02-20 21:18:32.986  1912  1912 D MccTable: updateMccMncConfiguration defaultMccMnc=310260
02-20 21:18:32.986  1912  1912 D MccTable: updateMccMncConfiguration: mcc=310, mnc=260
02-20 21:18:32.986  1912  1912 D MccTable: updateMccMncConfiguration updateConfig config={1.0 310mcc260mnc ?localeList ?layoutDir ?swdp ?wdp ?hdp ?density ?lsize ?long ?orien ?uimode ?night ?touch ?keyb/?/? ?nav/?}
02-20 21:18:33.011  1658  1691 I GnssLocationProvider: WakeLock released by handleMessage(12, 0, null)
02-20 21:18:33.051  1658  1691 W GnssLocationProvider: Could not open GPS configuration file /etc/gps.conf
02-20 21:18:33.051  1658  1691 E GnssLocationProvider: no AGPS interface in set_agps_server
02-20 21:18:33.052  1658  1691 I GnssLocationProvider: WakeLock released by handleMessage(12, 0, null)
02-20 21:18:33.161  1658  1943 W art     : Long monitor contention with owner Binder:1658_1 (1689) at void com.android.server.am.ActivityManagerService.updateConfiguration(android.content.res.Configuration)(ActivityManagerService.java:18937) waiters=0 in com.android.server.am.ProcessRecord com.android.server.am.ActivityManagerService.findAppProcess(android.os.IBinder, java.lang.String) for 174ms
02-20 21:18:33.161  1912  1912 D SubscriptionController: [setDefaultFallbackSubId] broadcast default subId changed phoneId=0 subId=1
02-20 21:18:33.161  1658  1943 I dvm_lock_sample: [system_server,1,Binder:1658_4,174,ActivityManagerService.java,13717,-,18937,34]
02-20 21:18:33.162  1658  1690 W art     : Long monitor contention with owner Binder:1658_1 (1689) at void com.android.server.am.ActivityManagerService.updateConfiguration(android.content.res.Configuration)(ActivityManagerService.java:18937) waiters=2 in android.content.pm.UserInfo com.android.server.am.UserController.getCurrentUser() for 158ms
02-20 21:18:33.162  1658  1690 I dvm_lock_sample: [system_server,1,Binder:1658_2,158,UserController.java,1438,ActivityManagerService.java,18937,31]
02-20 21:18:33.163  1912  1912 D SubscriptionController: [addSubInfoRecord] one sim set defaults to subId=1
02-20 21:18:33.163  1912  1912 D SubscriptionController: [setDefaultDataSubId] num phones=1, subId=1
02-20 21:18:33.164  1912  1912 D SubscriptionController: [setDefaultDataSubId] phoneId=0 subId=1 RAF=1
02-20 21:18:33.165  1912  1912 D ProxyController: setRadioCapability: Already in requested configuration, nothing to do.
02-20 21:18:33.165  1912  1912 D SubscriptionController: [updateAllDataConnectionTrackers] sPhones.length=1
02-20 21:18:33.165  1912  1912 D SubscriptionController: [updateAllDataConnectionTrackers] phoneId=0
02-20 21:18:33.165  1912  1912 D DCT     : [0]update sub = 1
02-20 21:18:33.165  1912  1912 D DCT     : [0]update(): Active DDS, register for all events now!
02-20 21:18:33.165  1912  1912 D DCT     : [0]New records found.
02-20 21:18:33.165  1912  1912 D SST     : mDeviceShuttingDown=false, mDesiredPowerState=true, getRadioState=RADIO_ON, mPowerOffDelayNeed=true, mAlarmSwitch=false, mRadioDisabledByCarrier=false
02-20 21:18:33.166  1912  1912 D GsmCdmaPhone: [GsmCdmaPhone] updateCurrentCarrierInProvider: mSubId = 1 currentDds = 1 operatorNumeric = 310260
02-20 21:18:33.187  1912  1932 D RILJ    : [3736]> RIL_REQUEST_GET_CELL_INFO_LIST [SUB0]
02-20 21:18:33.188  1373  1471 D RIL     : onRequest: GET_CELL_INFO_LIST
02-20 21:18:33.188  1373  1471 D RILC    : responseCellInfoList: v12
02-20 21:18:33.190  1912  1996 D RILJ    : [3736]< RIL_REQUEST_GET_CELL_INFO_LIST [CellInfoGsm:{mRegistered=YES mTimeStampType=modem mTimeStamp=13404617238ns CellIdentityGsm:{ mMcc=310 mMnc=260 mLac=3 mCid=91 mArfcn=10 mBsic=0x0} CellSignalStrengthGsm: ss=-1951030856 ber=29292 mTa=-1947136900}] [SUB0]
02-20 21:18:33.195  1912  1912 D SubscriptionController: [broadcastDefaultDataSubIdChanged] subId=1
02-20 21:18:33.199  1912  1912 D SubscriptionController: [setDefaultSmsSubId] subId=1
02-20 21:18:33.199  1912  1912 D SubscriptionController: [broadcastDefaultSmsSubIdChanged] subId=1
02-20 21:18:33.200  1912  1912 D SubscriptionController: [setDefaultVoiceSubId] subId=1
02-20 21:18:33.200  1912  1912 D SubscriptionController: [broadcastDefaultVoiceSubIdChanged] subId=1
02-20 21:18:33.201  1912  1912 D SubscriptionController: [addSubInfoRecord] hashmap(0,1)
02-20 21:18:33.209  1912  1912 D SubscriptionController: [addSubInfoRecord] sim name = Android
02-20 21:18:33.209  1912  1912 D DCT     : [0]update sub = 1
02-20 21:18:33.209  1912  1912 D DCT     : [0]update(): Active DDS, register for all events now!
02-20 21:18:33.209  1912  1912 D GsmCdmaPhone: [GsmCdmaPhone] updateCurrentCarrierInProvider: mSubId = 1 currentDds = 1 operatorNumeric = 310260
02-20 21:18:33.228  1762  2088 E ActivityThread: Failed to find provider info for com.android.contacts
02-20 21:18:33.234  1912  1912 D SubscriptionController: [addSubInfoRecord]- info size=1
02-20 21:18:33.234  1912  1912 D SubscriptionInfoUpdater: newSim = false
02-20 21:18:33.234  1912  1912 D SubscriptionInfoUpdater: updateSubscriptionInfoByIccId: sInsertSimState[0] = 0
02-20 21:18:33.239  1912  1912 D SubscriptionInfoUpdater: updateSubscriptionInfoByIccId: nSubCount = 1
02-20 21:18:33.240  1912  1912 D SubscriptionController: [setDefaultDataSubId] num phones=1, subId=1
02-20 21:18:33.241  1912  1912 D SubscriptionController: [setDefaultDataSubId] phoneId=0 subId=1 RAF=1
02-20 21:18:33.241  1912  1912 D ProxyController: setRadioCapability: Already in requested configuration, nothing to do.
02-20 21:18:33.241  1912  1912 D SubscriptionController: [updateAllDataConnectionTrackers] sPhones.length=1
02-20 21:18:33.241  1912  1912 D SubscriptionController: [updateAllDataConnectionTrackers] phoneId=0
02-20 21:18:33.241  1912  1912 D DCT     : [0]update sub = 1
02-20 21:18:33.241  1912  1912 D DCT     : [0]update(): Active DDS, register for all events now!
02-20 21:18:33.241  1912  1912 D GsmCdmaPhone: [GsmCdmaPhone] updateCurrentCarrierInProvider: mSubId = 1 currentDds = 1 operatorNumeric = 310260
02-20 21:18:33.257  1912  1912 D SubscriptionController: [broadcastDefaultDataSubIdChanged] subId=1
02-20 21:18:33.258  1912  1912 D SubscriptionController: notifySubscriptionInfoChanged:
02-20 21:18:33.258  1912  2079 D SubscriptionMonitor: Phone[0] subId changed -2->1, 1 registrants
02-20 21:18:33.258  1912  2079 D SubscriptionMonitor: mDefaultDataSubId = 1, 1 registrants
02-20 21:18:33.259  1658  1658 I GnssLocationProvider: WakeLock acquired by sendMessage(12, 0, null)
02-20 21:18:33.259  1912  1912 D SubscriptionInfoUpdater: updateSubscriptionInfoByIccId:- SsubscriptionInfo update complete
02-20 21:18:33.259  1912  1912 D MccTable: updateMccMncConfiguration mccmnc='310260' fromServiceState=false
02-20 21:18:33.260  1912  1912 D MccTable: updateMccMncConfiguration defaultMccMnc=310260
02-20 21:18:33.260  1912  1912 D MccTable: updateMccMncConfiguration: mcc=310, mnc=260
02-20 21:18:33.260  1912  1912 D MccTable: updateMccMncConfiguration updateConfig config={1.0 310mcc260mnc ?localeList ?layoutDir ?swdp ?wdp ?hdp ?density ?lsize ?long ?orien ?uimode ?night ?touch ?keyb/?/? ?nav/?}
02-20 21:18:33.274  1658  1691 W GnssLocationProvider: Could not open GPS configuration file /etc/gps.conf
02-20 21:18:33.274  1658  1691 E GnssLocationProvider: no AGPS interface in set_agps_server
02-20 21:18:33.275  1658  1691 I GnssLocationProvider: WakeLock released by handleMessage(12, 0, null)
02-20 21:18:33.298  1922  1983 D EGL_emulation: eglMakeCurrent: 0x706a0f9f0980: ver 3 0 (tinfo 0x706a19ee0cc0)
02-20 21:18:33.381  1658  1943 W art     : Long monitor contention with owner Binder:1658_3 (1786) at void com.android.server.am.ActivityManagerService.updateConfiguration(android.content.res.Configuration)(ActivityManagerService.java:18937) waiters=1 in android.content.pm.UserInfo com.android.server.am.UserController.getCurrentUser() for 105ms
02-20 21:18:33.381  1658  1943 I dvm_lock_sample: [system_server,1,Binder:1658_4,105,UserController.java,1438,ActivityManagerService.java,18937,21]
02-20 21:18:33.381  1912  1912 D SubscriptionController: [setMccMnc]+ mcc/mnc:310/260 subId:1
02-20 21:18:33.384  1312  1380 I SurfaceFlinger: Boot is finished (11784 ms)
02-20 21:18:33.391  1312  1380 I sf_stop_bootanim: 13603
02-20 21:18:33.393  1658  1693 V KeyguardServiceDelegate: *** Keyguard connected (yay!)
02-20 21:18:33.394  1762  1762 I Choreographer: Skipped 43 frames!  The application may be doing too much work on its main thread.
02-20 21:18:33.394  1912  1912 D SubscriptionController: notifySubscriptionInfoChanged:
02-20 21:18:33.394  1658  1658 I GnssLocationProvider: WakeLock acquired by sendMessage(12, 0, null)
02-20 21:18:33.398  1762  1762 D ViewRootImpl[StatusBar]: changeCanvasOpacity: opaque=true
02-20 21:18:33.405  1912  1912 D SubscriptionController: [getActiveSubscriptionInfo]+ subId=1 subInfo={id=1, iccId=89014103211118510720 simSlotIndex=0 displayName=Android carrierName=Android nameSource=0 iconTint=-16746133 dataRoaming=0 iconBitmap=android.graphics.Bitmap@e424633 mcc 310 mnc 260}
02-20 21:18:33.405  1912  1912 D SubscriptionInfoUpdater: sim name = Android
02-20 21:18:33.422  1912  1912 D SubscriptionInfoUpdater: Broadcasting intent ACTION_SIM_STATE_CHANGED LOADED reason null for mCardIndex: 0
02-20 21:18:33.423  1912  1912 D CarrierConfigLoader: update config for phoneId: 0 simState: LOADED
02-20 21:18:33.423  1912  1912 D CarrierSvcBindHelper: update binding for phoneId: 0 simState: LOADED
02-20 21:18:33.431  1658  1693 W WindowManager: Keyguard drawn timeout. Setting mKeyguardDrawComplete
02-20 21:18:33.435  1658  1658 D WifiService: resetting networks because SIM was loaded
02-20 21:18:33.435  1658  1736 D WifiStateMachine: resetting EAP-SIM/AKA/AKA' networks since SIM was changed
02-20 21:18:33.446  1912  1912 D SubscriptionController: [getActiveSubscriptionInfo]+ subId=1 subInfo={id=1, iccId=89014103211118510720 simSlotIndex=0 displayName=Android carrierName=Android nameSource=0 iconTint=-16746133 dataRoaming=0 iconBitmap=android.graphics.Bitmap@e543dee mcc 310 mnc 260}
02-20 21:18:33.448  1658  1943 I Telecom : PhoneAccountRegistrar: [ComponentInfo{com.android.phone/com.android.services.telephony.TelephonyConnectionService}, [e0184adedf913b076626646d3f52c3b49c39ad6d], UserHandle{0}(icon: Icon(typ=BITMAP size=76x96) -> Icon(typ=BITMAP size=76x96))]: TSI.rPA@ABE
02-20 21:18:33.449  1658  1943 I Telecom : : Sending phone-account registered intent as user: TSI.rPA@ABE
02-20 21:18:33.450  1912  1912 D DCT     : [0]onRecordsLoadedOrSubIdChanged: createAllApnList
02-20 21:18:33.452  1912  1912 D DCT     : [0]createAllApnList: selection=numeric = '310260'
02-20 21:18:32.655     0     0 I init    : Service 'bootanim' (pid 1334) exited with status 0
02-20 21:18:32.656     0     0 I init    : Starting service 'exec 6 (/system/bin/bootstat)'...
02-20 21:18:32.679     0     0 I init    : Service 'exec 6 (/system/bin/bootstat)' (pid 2102) exited with status 0
02-20 21:18:33.457  2102  2102 I bootstat: Service started: /system/bin/bootstat --record_boot_complete 
02-20 21:18:33.460  1912  1912 D DCT     : [0]createApnList: X result=[[ApnSettingV3] T-Mobile US, 1, 310260, epc.tmobile.com, , http://mms.msg.eng.t-mobile.com/mms/wapenc, , , , -1, *, IP, IP, true, 0, 0, 0, false, 0, 0, 0, 0, , , false]
02-20 21:18:33.461  2102  2102 I bootstat: Logging histogram: bootstat_mtime_matches_content 1
02-20 21:18:33.461  2102  2102 I sysui_histogram: [bootstat_mtime_matches_content,1]
02-20 21:18:33.461  1912  1912 D TelephonyProvider: subIdString = 1 subId = 1
02-20 21:18:33.462  2102  2102 I bootstat: Logging histogram: bootstat_mtime_matches_content 1
02-20 21:18:33.462  2102  2102 I sysui_histogram: [bootstat_mtime_matches_content,1]
02-20 21:18:33.462  2102  2102 I bootstat: Logging histogram: bootstat_mtime_matches_content 1
02-20 21:18:33.462  2102  2102 I sysui_histogram: [bootstat_mtime_matches_content,1]
02-20 21:18:33.464  1312  1312 I sf_frame_dur: [BootAnimation,0,22,218,12,2,0,0]
02-20 21:18:33.465  1658  1699 I wm_boot_animation_done: 13681
02-20 21:18:33.466  1912  1912 D DCT     : [0]getPreferredApn: mRequestedApnType=default cursor=android.content.ContentResolver$CursorWrapperInner@2acc2a1 cursor.count=1
02-20 21:18:33.466  1912  1912 D DCT     : [0]getPreferredApn: apnSetting=[ApnSettingV3] T-Mobile US, 1, 310260, epc.tmobile.com, , http://mms.msg.eng.t-mobile.com/mms/wapenc, , , , -1, *, IP, IP, true, 0, 0, 0, false, 0, 0, 0, 0, , , false
02-20 21:18:33.466  1912  1912 D DCT     : [0]getPreferredApn: X found apnSetting[ApnSettingV3] T-Mobile US, 1, 310260, epc.tmobile.com, , http://mms.msg.eng.t-mobile.com/mms/wapenc, , , , -1, *, IP, IP, true, 0, 0, 0, false, 0, 0, 0, 0, , , false
02-20 21:18:33.466  1658  1699 I SystemServiceManager: Starting phase 1000
02-20 21:18:33.466  1912  1912 D DCT     : [0]createAllApnList: mPreferredApn=[ApnSettingV3] T-Mobile US, 1, 310260, epc.tmobile.com, , http://mms.msg.eng.t-mobile.com/mms/wapenc, , , , -1, *, IP, IP, true, 0, 0, 0, false, 0, 0, 0, 0, , , false
02-20 21:18:33.466  1912  1912 D DCT     : [0]createAllApnList: X mAllApnSettings=[[ApnSettingV3] T-Mobile US, 1, 310260, epc.tmobile.com, , http://mms.msg.eng.t-mobile.com/mms/wapenc, , , , -1, *, IP, IP, true, 0, 0, 0, false, 0, 0, 0, 0, , , false]
02-20 21:18:33.466  1912  1912 D DCT     : [0]setDataProfilesAsNeeded
02-20 21:18:33.466  1912  1912 D DCT     : [0]setInitialApn: E mPreferredApn=[ApnSettingV3] T-Mobile US, 1, 310260, epc.tmobile.com, , http://mms.msg.eng.t-mobile.com/mms/wapenc, , , , -1, *, IP, IP, true, 0, 0, 0, false, 0, 0, 0, 0, , , false
02-20 21:18:33.466  1912  1912 D DCT     : [0]setInitialApn: firstApnSetting=[ApnSettingV3] T-Mobile US, 1, 310260, epc.tmobile.com, , http://mms.msg.eng.t-mobile.com/mms/wapenc, , , , -1, *, IP, IP, true, 0, 0, 0, false, 0, 0, 0, 0, , , false
02-20 21:18:33.466  1912  1912 D DCT     : [0]setInitialApn: defaultApnSetting=[ApnSettingV3] T-Mobile US, 1, 310260, epc.tmobile.com, , http://mms.msg.eng.t-mobile.com/mms/wapenc, , , , -1, *, IP, IP, true, 0, 0, 0, false, 0, 0, 0, 0, , , false
02-20 21:18:33.466  1912  1912 D DCT     : [0]setInitialAttachApn: using mPreferredApn
02-20 21:18:33.466  1912  1912 D DCT     : [0]setInitialAttachApn: X selected Apn=[ApnSettingV3] T-Mobile US, 1, 310260, epc.tmobile.com, , http://mms.msg.eng.t-mobile.com/mms/wapenc, , , , -1, *, IP, IP, true, 0, 0, 0, false, 0, 0, 0, 0, , , false
02-20 21:18:33.466  1912  1912 D RILJ    : Set RIL_REQUEST_SET_INITIAL_ATTACH_APN [SUB0]
02-20 21:18:33.466  1912  1912 D RILJ    : [3737]> RIL_REQUEST_SET_INITIAL_ATTACH_APN, apn:epc.tmobile.com, protocol:IP, authType:-1, username:none, password:none [SUB0]
02-20 21:18:33.466  1912  1912 D DCT     : [0]onRecordsLoadedOrSubIdChanged: notifying data availability
02-20 21:18:33.466  1373  1471 D RIL     : onRequest: RIL_REQUEST_SET_INITIAL_ATTACH_APN
02-20 21:18:33.466  1373  1471 D RIL     : Request not supported. Tech: 1
02-20 21:18:33.466  1912  1996 D RilRequest: [3737]< RIL_REQUEST_SET_INITIAL_ATTACH_APN error: com.android.internal.telephony.CommandException: REQUEST_NOT_SUPPORTED ret=
02-20 21:18:33.469  1658  1943 D TelephonyRegistry: Notify data connection state changed on sub: 1
02-20 21:18:33.469  1658  1943 D TelephonyRegistry: Notify data connection state changed on sub: 1
02-20 21:18:33.488  1658  1699 I am_proc_start: [0,2104,10015,com.google.android.ext.services,on-hold,]
02-20 21:18:33.488  1658  1699 I ActivityManager: Start proc 2104:com.google.android.ext.services/u0a15 for on-hold
02-20 21:18:33.490  2104  2104 W art     : Unexpected CPU variant for X86 using defaults: x86_64
02-20 21:18:33.494  2109  2109 I bootstat: Service started: /system/bin/bootstat --record_boot_reason 
02-20 21:18:33.494  2109  2109 I bootstat: Unknown boot reason: 
02-20 21:18:33.498  1658  1699 D ActivityManager: Finishing user boot 0
02-20 21:18:33.498  1658  1699 I sysui_histogram: [framework_locked_boot_completed,13]
02-20 21:18:33.507  1658  1699 D CryptdConnector: SND -> {3 cryptfs prepare_user_storage ! 0 0 2}
02-20 21:18:33.507  1267  1303 D vold    : e4crypt_prepare_user_storage for volume null, user 0, serial 0, flags 2
02-20 21:18:33.507  1267  1303 D vold    : Preparing: /data/system_ce/0
02-20 21:18:33.507  1267  1303 D vold    : Preparing: /data/misc_ce/0
02-20 21:18:33.507  1267  1303 D vold    : Preparing: /data/media/0
02-20 21:18:33.507  1267  1303 D vold    : Preparing: /data/data
02-20 21:18:33.507  1658  1729 D CryptdConnector: RCV <- {200 3 Command succeeded}
02-20 21:18:33.508  1658  1699 V UserManagerService: Found /data/user/0 with serial number 0
02-20 21:18:33.508  1658  1699 V UserManagerService: Found /data/system_ce/0 with serial number 0
02-20 21:18:33.508  1658  1699 V PackageManager: reconcileAppsData for null u0 0x2
02-20 21:18:33.511  2117  2117 I bootstat: Service started: /system/bin/bootstat --record_time_since_factory_reset 
02-20 21:18:33.511  2117  2117 I bootstat: Logging histogram: factory_reset_current_time 1519161513
02-20 21:18:33.512  2117  2117 I sysui_histogram: [factory_reset_current_time,1519161513]
02-20 21:18:33.519  2117  2117 I bootstat: Logging histogram: bootstat_mtime_matches_content 1
02-20 21:18:33.519  2117  2117 I sysui_histogram: [bootstat_mtime_matches_content,1]
02-20 21:18:33.519  2117  2117 I bootstat: Logging histogram: factory_reset_record_value 1519154248
02-20 21:18:33.519  2117  2117 I sysui_histogram: [factory_reset_record_value,1519154248]
02-20 21:18:33.539  2120  2120 I bootstat: Service started: /system/bin/bootstat -l 
02-20 21:18:33.539  2120  2120 I bootstat: Logging histogram: bootstat_mtime_matches_content 1
02-20 21:18:33.539  2120  2120 I sysui_histogram: [bootstat_mtime_matches_content,1]
02-20 21:18:33.539  2120  2120 I bootstat: Logging histogram: bootstat_mtime_matches_content 1
02-20 21:18:33.539  2120  2120 I sysui_histogram: [bootstat_mtime_matches_content,1]
02-20 21:18:33.539  2120  2120 I bootstat: Logging histogram: bootstat_mtime_matches_content 1
02-20 21:18:33.539  2120  2120 I sysui_histogram: [bootstat_mtime_matches_content,1]
02-20 21:18:33.539  2120  2120 I bootstat: Logging histogram: bootstat_mtime_matches_content 1
02-20 21:18:33.539  2120  2120 I sysui_histogram: [bootstat_mtime_matches_content,1]
02-20 21:18:33.544  2120  2120 I bootstat: Logging histogram: bootstat_mtime_matches_content 1
02-20 21:18:33.544  2120  2120 I sysui_histogram: [bootstat_mtime_matches_content,1]
02-20 21:18:33.564  2120  2120 I bootstat: Logging histogram: bootstat_mtime_matches_content 1
02-20 21:18:33.564  2120  2120 I sysui_histogram: [bootstat_mtime_matches_content,1]
02-20 21:18:33.564  2120  2120 I bootstat: Logging histogram: bootstat_mtime_matches_content 1
02-20 21:18:33.564  2120  2120 I sysui_histogram: [bootstat_mtime_matches_content,1]
02-20 21:18:33.564  2120  2120 I bootstat: Logging histogram: bootstat_mtime_matches_content 1
02-20 21:18:33.564  2120  2120 I sysui_histogram: [bootstat_mtime_matches_content,1]
02-20 21:18:33.564  2120  2120 I bootstat: Logging histogram: bootstat_mtime_matches_content 1
02-20 21:18:33.564  2120  2120 I sysui_histogram: [bootstat_mtime_matches_content,1]
02-20 21:18:33.564  2120  2120 I bootstat: Logging histogram: bootstat_mtime_matches_content 1
02-20 21:18:33.564  2120  2120 I sysui_histogram: [bootstat_mtime_matches_content,1]
02-20 21:18:33.564  2120  2120 I bootstat: Logging histogram: bootstat_mtime_matches_content 1
02-20 21:18:33.564  2120  2120 I sysui_histogram: [bootstat_mtime_matches_content,1]
02-20 21:18:33.564  2120  2120 I bootstat: Logging histogram: bootstat_mtime_matches_content 1
02-20 21:18:33.564  2120  2120 I sysui_histogram: [bootstat_mtime_matches_content,1]
02-20 21:18:33.564  2120  2120 I bootstat: Logging histogram: bootstat_mtime_matches_content 1
02-20 21:18:33.564  2120  2120 I sysui_histogram: [bootstat_mtime_matches_content,1]
02-20 21:18:33.564  2120  2120 I bootstat: Logging histogram: bootstat_mtime_matches_content 1
02-20 21:18:33.564  2120  2120 I sysui_histogram: [bootstat_mtime_matches_content,1]
02-20 21:18:33.564  2120  2120 I bootstat: Logging histogram: post_decrypt_time_elapsed 2
02-20 21:18:33.564  2120  2120 I sysui_histogram: [post_decrypt_time_elapsed,2]
02-20 21:18:33.564  2120  2120 I bootstat: Logging histogram: last_boot_time_utc 1519161513
02-20 21:18:33.564  2120  2120 I sysui_histogram: [last_boot_time_utc,1519161513]
02-20 21:18:33.564  2120  2120 I bootstat: Logging histogram: build_date 1513095943
02-20 21:18:33.564  2120  2120 I sysui_histogram: [build_date,1513095943]
02-20 21:18:33.564  2120  2120 I bootstat: Logging histogram: boot_decryption_complete 13
02-20 21:18:33.564  2120  2120 I sysui_histogram: [boot_decryption_complete,13]
02-20 21:18:33.564  2120  2120 I bootstat: Logging histogram: ota_boot_complete_post_decrypt 7
02-20 21:18:33.564  2120  2120 I sysui_histogram: [ota_boot_complete_post_decrypt,7]
02-20 21:18:33.564  2120  2120 I bootstat: Logging histogram: ota_boot_complete 9
02-20 21:18:33.564  2120  2120 I sysui_histogram: [ota_boot_complete,9]
02-20 21:18:33.564  2120  2120 I bootstat: Logging histogram: boot_reason 1
02-20 21:18:33.564  2120  2120 I sysui_histogram: [boot_reason,1]
02-20 21:18:33.564  2120  2120 I bootstat: Logging histogram: factory_reset_current_time 1519161513
02-20 21:18:33.564  2120  2120 I sysui_histogram: [factory_reset_current_time,1519161513]
02-20 21:18:33.564  2120  2120 I bootstat: Logging histogram: factory_reset 1519154248
02-20 21:18:33.564  2120  2120 I sysui_histogram: [factory_reset,1519154248]
02-20 21:18:33.564  2120  2120 I bootstat: Logging histogram: time_since_last_boot 71
02-20 21:18:33.564  2120  2120 I sysui_histogram: [time_since_last_boot,71]
02-20 21:18:33.564  2120  2120 I bootstat: Logging histogram: boot_complete_post_decrypt 11
02-20 21:18:33.564  2120  2120 I sysui_histogram: [boot_complete_post_decrypt,11]
02-20 21:18:33.564  2120  2120 I bootstat: Logging histogram: boot_complete 13
02-20 21:18:33.565  2120  2120 I sysui_histogram: [boot_complete,13]
02-20 21:18:33.565  2120  2120 I bootstat: Logging histogram: factory_reset_record_value 1519154248
02-20 21:18:33.565  2120  2120 I sysui_histogram: [factory_reset_record_value,1519154248]
02-20 21:18:33.565  2120  2120 I bootstat: Logging histogram: time_since_factory_reset 7265
02-20 21:18:33.565  2120  2120 I sysui_histogram: [time_since_factory_reset,7265]
02-20 21:18:32.687     0     0 I init    : Starting service 'exec 7 (/system/bin/bootstat)'...
02-20 21:18:32.712     0     0 I init    : Service 'exec 7 (/system/bin/bootstat)' (pid 2109) exited with status 0
02-20 21:18:32.713     0     0 I init    : Starting service 'exec 8 (/system/bin/bootstat)'...
02-20 21:18:32.738     0     0 I init    : Service 'exec 8 (/system/bin/bootstat)' (pid 2117) exited with status 0
02-20 21:18:32.739     0     0 I init    : Starting service 'exec 9 (/system/bin/bootstat)'...
02-20 21:18:32.780     0     0 I init    : Service 'exec 9 (/system/bin/bootstat)' (pid 2120) exited with status 0
02-20 21:18:32.780     0     0 I init    : write_file: Unable to open '/sys/class/android_usb/android0/enable': No such file or directory
02-20 21:18:32.783     0     0 I init    : write_file: Unable to open '/sys/class/android_usb/android0/idVendor': No such file or directory
02-20 21:18:32.784     0     0 I init    : write_file: Unable to open '/sys/class/android_usb/android0/idProduct': No such file or directory
02-20 21:18:32.785     0     0 I init    : write_file: Unable to open '/sys/class/android_usb/android0/functions': No such file or directory
02-20 21:18:32.793     0     0 I init    : write_file: Unable to open '/sys/class/android_usb/android0/enable': No such file or directory
02-20 21:18:33.446  2102  2102 I auditd  : type=1400 audit(0.0:11): avc: denied { getattr } for comm="bootstat" path="/vendor" dev="rootfs" ino=4004 scontext=u:r:bootstat:s0 tcontext=u:object_r:rootfs:s0 tclass=lnk_file permissive=0
02-20 21:18:33.446  2102  2102 W bootstat: type=1400 audit(0.0:11): avc: denied { getattr } for path="/vendor" dev="rootfs" ino=4004 scontext=u:r:bootstat:s0 tcontext=u:object_r:rootfs:s0 tclass=lnk_file permissive=0
02-20 21:18:33.486  2109  2109 I auditd  : type=1400 audit(0.0:12): avc: denied { getattr } for comm="bootstat" path="/vendor" dev="rootfs" ino=4004 scontext=u:r:bootstat:s0 tcontext=u:object_r:rootfs:s0 tclass=lnk_file permissive=0
02-20 21:18:33.486  2109  2109 W bootstat: type=1400 audit(0.0:12): avc: denied { getattr } for path="/vendor" dev="rootfs" ino=4004 scontext=u:r:bootstat:s0 tcontext=u:object_r:rootfs:s0 tclass=lnk_file permissive=0
02-20 21:18:33.506  2117  2117 I auditd  : type=1400 audit(0.0:13): avc: denied { getattr } for comm="bootstat" path="/vendor" dev="rootfs" ino=4004 scontext=u:r:bootstat:s0 tcontext=u:object_r:rootfs:s0 tclass=lnk_file permissive=0
02-20 21:18:33.506  2117  2117 W bootstat: type=1400 audit(0.0:13): avc: denied { getattr } for path="/vendor" dev="rootfs" ino=4004 scontext=u:r:bootstat:s0 tcontext=u:object_r:rootfs:s0 tclass=lnk_file permissive=0
02-20 21:18:33.526  2120  2120 I auditd  : type=1400 audit(0.0:14): avc: denied { getattr } for comm="bootstat" path="/vendor" dev="rootfs" ino=4004 scontext=u:r:bootstat:s0 tcontext=u:object_r:rootfs:s0 tclass=lnk_file permissive=0
