02-20 21:19:44.142  2128  2222 D EGL_emulation: eglMakeCurrent: 0x78b2982645a0: ver 3 0 (tinfo 0x78b29820ca80)
02-20 21:19:41.923  2066  2066 I auditd  : type=1400 audit(0.0:14): avc: denied { getattr } for comm="bootstat" path="/vendor" dev="rootfs" ino=3995 scontext=u:r:bootstat:s0 tcontext=u:object_r:rootfs:s0 tclass=lnk_file permissive=0
02-20 21:19:41.923  2066  2066 W bootstat: type=1400 audit(0.0:14): avc: denied { getattr } for path="/vendor" dev="rootfs" ino=3995 scontext=u:r:bootstat:s0 tcontext=u:object_r:rootfs:s0 tclass=lnk_file permissive=0
02-20 21:19:43.050     0     0 D ieee80211 phy0: hw scan 2432 MHz
02-20 21:19:43.082     0     0 D ieee80211 phy0: hw scan 2437 MHz
02-20 21:19:44.202  1679  1702 W art     : Long monitor contention with owner android.bg (1692) at boolean android.os.MessageQueue.enqueueMessage(android.os.Message, long)(MessageQueue.java:541) waiters=0 in android.os.Message android.os.MessageQueue.next() for 136ms
02-20 21:19:44.202  1679  1702 I dvm_lock_sample: [system_server,1,PowerManagerService,136,MessageQueue.java,325,-,541,27]
02-20 21:19:44.203  1918  1918 D SIMRecords: [SIMRecords] onRecordLoaded 9 requested: true
02-20 21:19:44.203  1918  1918 D SIMRecords: [SIMRecords] EF_MWIS : 0000000000
02-20 21:19:44.203  1918  1918 D SIMRecords: [SIMRecords] onRecordLoaded 8 requested: true
02-20 21:19:44.203  1918  1918 D RILJ    : [3734]> iccIO: SIM_IO 0xb0 0x6f14  path: 3F007F20,0,0,20 aid: null [SUB0]
02-20 21:19:44.203  1918  1918 D SIMRecords: [SIMRecords] EF_CPHS_MWI: 55
02-20 21:19:44.203  1918  1918 D SIMRecords: [SIMRecords] onRecordLoaded 7 requested: true
02-20 21:19:44.203  1918  1918 D SIMRecords: [SIMRecords] EF_CFF_CPHS: 55
02-20 21:19:44.203  1918  1918 D SIMRecords: [SIMRecords] onRecordLoaded 6 requested: true
02-20 21:19:44.204  1918  1918 D SIMRecords: [SIMRecords] onRecordLoaded 5 requested: true
02-20 21:19:44.204  1918  1918 D SIMRecords: [SIMRecords] SST: UsimServiceTable[120]={ PHONEBOOK, FDN, FDN_EXTENSION, SDN, SDN_EXTENSION, BDN, BDN_EXTENSION, OUTGOING_CALL_INFO, ADVICE_OF_CHARGE, CAP_CONFIG_PARAMS_2, GROUP_ID_LEVEL_1, GROUP_ID_LEVEL_2, SPN, USER_PLMN_SELECT, MSISDN, IMAGE, LOCALISED_SERVICE_AREAS, EMLPP, EMLPP_AUTO_ANSWER, RFU, GSM_ACCESS, DATA_DL_VIA_SMS_PP, DATA_DL_VIA_SMS_CB, CALL_CONTROL_BY_USIM, MO_SMS_CONTROL_BY_USIM, RUN_AT_COMMAND, APN_CONTROL_LIST, DEPERSONALISATION_CONTROL_KEYS, COOPERATIVE_NETWORK_LIST, GSM_SECURITY_CONTEXT, SERVICE_PROVIDER_DISPLAY_INFO, MMS_NOTIFICATION, MMS_NOTIFICATION_EXTENSION, GPRS_CALL_CONTROL_BY_USIM, VGCS_GROUP_ID_LIST, VBS_GROUP_ID_LIST, OMA_BCAST_PROFILE, GBA_LOCAL_KEY_ESTABLISHMENT, #101, #102, #103, #104, #105, #106, #107, #108, #109, #110 }
02-20 21:19:44.204  1918  1918 D SIMRecords: [SIMRecords] onRecordLoaded 4 requested: true
02-20 21:19:44.204  1918  1918 D SIMRecords: [SIMRecords] iCPHS: 0233
02-20 21:19:44.204  1918  1918 D SIMRecords: [SIMRecords] onRecordLoaded 3 requested: true
02-20 21:19:44.204  1918  1918 D RuimRecords: [RuimRecords] iccid: 89014103211118510720
02-20 21:19:44.204  1918  1918 D RuimRecords: [RuimRecords] onRecordLoaded 0 requested: true
02-20 21:19:44.204  1918  1918 D RuimRecords: [RuimRecords] record load complete
02-20 21:19:44.204  1918  1918 D SIMRecords: [SIMRecords] MSISDN: [t-WgLegCyIMgfHgPkOdM6pkZbpA]
02-20 21:19:44.204  1918  1918 D SIMRecords: [SIMRecords] onRecordLoaded 2 requested: true
02-20 21:19:44.204  1918  1918 D RILJ    : [3735]> iccIO: SIM_IO 0xb2 0x6fc7  path: 3F007F20,1,4,32 aid: null [SUB0]
02-20 21:19:44.204  1375  1461 D RIL     : onRequest: SIM_IO
02-20 21:19:44.204  1375  1461 D AT      : AT> AT+CRSM=176,28436,0,0,20
02-20 21:19:44.204  1375  1463 D AT      : AT< +CRSM: 144,0,416e64726f6964ffffffffffffffffffffffffff
02-20 21:19:44.204  1375  1463 D AT      : AT< OK
02-20 21:19:44.205  1918  1994 D RILJ    : [3734]< SIM_IO IccIoResponse sw1:0x90 sw2:0x0 [SUB0]
02-20 21:19:44.205  1375  1461 D RIL     : onRequest: SIM_IO
02-20 21:19:44.205  1375  1461 D AT      : AT> AT+CRSM=178,28615,1,4,32
02-20 21:19:44.205  1375  1463 D AT      : AT< +CRSM: 144,0,566f6963656d61696cffffffffffffffffff07915155125740f9ffffffffffff
02-20 21:19:44.205  1375  1463 D AT      : AT< OK
02-20 21:19:44.205  1918  1994 D RILJ    : [3735]< SIM_IO IccIoResponse sw1:0x90 sw2:0x0 [SUB0]
02-20 21:19:43.111     0     0 D ieee80211 phy0: hw scan 2442 MHz
02-20 21:19:44.205  2128  2128 I am_on_paused_called: [0,com.google.android.apps.nexuslauncher.NexusLauncherActivity,handleRelaunchActivity]
02-20 21:19:44.207  1918  1918 D SIMRecords: [SIMRecords] getServiceProviderName: no brandOverride, providerName=Android
02-20 21:19:44.207  1918  1918 D SIMRecords: [SIMRecords] Load EF_SPN_CPHS: Android
02-20 21:19:44.207  1918  1918 D TelephonyManager: setTelephonyProperty: success phoneId=0 property=gsm.sim.operator.alpha value: Android propVal=Android
02-20 21:19:44.209  1918  1918 D SIMRecords: [SIMRecords] onRecordLoaded 1 requested: true
02-20 21:19:44.209  2128  2222 D EGL_emulation: eglMakeCurrent: 0x78b2982645a0: ver 3 0 (tinfo 0x78b29820ca80)
02-20 21:19:44.210  1918  1918 D SIMRecords: [SIMRecords] VM: ADN Record 'Voicemail' '[-MWU1cAlDrkXUZ8dpHi_wU_YOpU] null' EF[MBDN]
02-20 21:19:44.210  1918  1918 D SIMRecords: [SIMRecords] onRecordLoaded 0 requested: true
02-20 21:19:44.210  1918  1918 D SIMRecords: [SIMRecords] record load complete
02-20 21:19:44.210  1918  1918 D SIMRecords: [SIMRecords] Not using EF LI/EF PL
02-20 21:19:44.210  1918  1918 D SIMRecords: [SIMRecords] EF_CFF: callForwardingEnabled=0
02-20 21:19:44.210  1918  1918 D SIMRecords: [SIMRecords] onAllRecordsLoaded set 'gsm.sim.operator.numeric' to operator='310260'
02-20 21:19:44.210  1918  1918 D SIMRecords: [SIMRecords] update icc_operator_numeric=310260
02-20 21:19:44.210  1918  1918 D TelephonyManager: setTelephonyProperty: success phoneId=0 property=gsm.sim.operator.numeric value: 310260 propVal=310260
02-20 21:19:44.210  1918  1918 D SubscriptionController: [setMccMnc]+ mcc/mnc:310/260 subId:-1
02-20 21:19:44.215  1918  1918 D SubscriptionController: notifySubscriptionInfoChanged:
02-20 21:19:44.215  1679  1679 I GnssLocationProvider: WakeLock acquired by sendMessage(12, 0, null)
02-20 21:19:44.216  1918  1930 D SubscriptionController: [getActiveSubInfoList] Sub Controller not ready
02-20 21:19:44.217  1918  1918 D SIMRecords: [SIMRecords] onAllRecordsLoaded set mcc imsi
02-20 21:19:44.217  1918  1918 D TelephonyManager: setTelephonyProperty: success phoneId=0 property=gsm.sim.operator.iso-country value: us propVal=us
02-20 21:19:44.217  2128  2128 I am_on_stop_called: [0,com.google.android.apps.nexuslauncher.NexusLauncherActivity,destroy]
02-20 21:19:44.217  1918  1918 D SST     : SubscriptionListener.onSubscriptionInfoChanged
02-20 21:19:44.217  1918  1918 D SIMRecords: [SIMRecords]  VoiceMessageCount from SIM MWIS = 0
02-20 21:19:44.217  1918  1918 E Phone   : getStoredVoiceMessageCount: invalid subId -2
02-20 21:19:44.217  1918  1918 D GsmCdmaPhone: [GsmCdmaPhone] updateVoiceMail countVoiceMessages = 0 subId -2
02-20 21:19:44.217  1918  1918 E Phone   : setVoiceMessageCount in sharedPreference: invalid subId -2
02-20 21:19:44.217  1918  1918 D DCT     : [0]SubscriptionListener.onSubscriptionInfoChanged
02-20 21:19:44.218  1918  1918 D SubscriptionController: [getActiveSubInfoList] Sub Controller not ready
02-20 21:19:44.218  1918  1918 D SubscriptionController: [getActiveSubInfoList] Sub Controller not ready
02-20 21:19:44.218  1918  1918 I Telephony: PstnIncomingCallNotifier: Unregistering: Handler (com.android.internal.telephony.GsmCdmaPhone) {3e6b516}
02-20 21:19:44.218  1918  1918 E PhoneInterfaceManager: [PhoneIntfMgr] getIccId: No UICC
02-20 21:19:44.221  1679  2256 I Telecom : PhoneAccountRegistrar: [ComponentInfo{com.android.phone/com.android.services.telephony.TelephonyConnectionService}, [e0184adedf913b076626646d3f52c3b49c39ad6d], UserHandle{0}(addr: tel:*********** -> tel:)(icon: Icon(typ=BITMAP size=76x96) -> Icon(typ=BITMAP size=76x96))(subAddr: tel:*********** -> tel:)]: TSI.rPA@AAg
02-20 21:19:44.224  1679  2256 I Telecom : : Sending phone-account registered intent as user: TSI.rPA@AAg
02-20 21:19:44.225  1918  1918 I Telephony: AccountEntry: Registered phoneAccount: [[ ] PhoneAccount: ComponentInfo{com.android.phone/com.android.services.telephony.TelephonyConnectionService}, [e0184adedf913b076626646d3f52c3b49c39ad6d], UserHandle{0} Capabilities: CallProvider MultiUser PlaceEmerg SimSub  Schemes: tel voicemail  Extras: null GroupId: [da39a3ee5e6b4b0d3255bfef95601890afd80709]] with handle: ComponentInfo{com.android.phone/com.android.services.telephony.TelephonyConnectionService}, [e0184adedf913b076626646d3f52c3b49c39ad6d], UserHandle{0}
02-20 21:19:44.225  1918  1918 I Telephony: PstnIncomingCallNotifier: Registering: Handler (com.android.internal.telephony.GsmCdmaPhone) {3e6b516}
02-20 21:19:44.229  1679  1690 W art     : Long monitor contention with owner Binder:1679_7 (2195) at void com.android.server.am.ActivityManagerService.updateConfiguration(android.content.res.Configuration)(ActivityManagerService.java:18937) waiters=7 in java.lang.String com.android.server.am.ActivityManagerService.checkContentProviderAccess(java.lang.String, int) for 147ms
02-20 21:19:44.229  1679  1690 I dvm_lock_sample: [system_server,1,Binder:1679_1,147,ActivityManagerService.java,10435,-,18937,29]
02-20 21:19:44.229  1679  2250 I dvm_lock_sample: [system_server,1,Binder:1679_A,47,ActivityManagerService.java,17547,-,18937,9]
02-20 21:19:44.229  1679  1694 W art     : Long monitor contention with owner Binder:1679_7 (2195) at void com.android.server.am.ActivityManagerService.updateConfiguration(android.content.res.Configuration)(ActivityManagerService.java:18937) waiters=10 in void com.android.server.am.ActivityManagerService$UiHandler.handleMessage(android.os.Message) for 122ms
02-20 21:19:44.229  1679  1694 I dvm_lock_sample: [system_server,1,android.ui,122,ActivityManagerService.java,1696,-,18937,24]
02-20 21:19:44.230  1679  2204 I am_proc_bound: [0,2235,com.google.android.deskclock]
02-20 21:19:44.232  1679  2243 W art     : Long monitor contention with owner Binder:1679_7 (2195) at void com.android.server.am.ActivityManagerService.updateConfiguration(android.content.res.Configuration)(ActivityManagerService.java:18937) waiters=11 in android.content.Intent com.android.server.am.ActivityManagerService.registerReceiver(android.app.IApplicationThread, java.lang.String, android.content.IIntentReceiver, android.content.IntentFilter, java.lang.String, int) for 123ms
02-20 21:19:44.232  1679  2243 I dvm_lock_sample: [system_server,1,Binder:1679_9,123,ActivityManagerService.java,17547,-,18937,24]
02-20 21:19:43.148     0     0 D ieee80211 phy0: hw scan 2447 MHz
02-20 21:19:43.174     0     0 D ieee80211 phy0: hw scan 2452 MHz
02-20 21:19:43.200     0     0 D ieee80211 phy0: hw scan 2457 MHz
02-20 21:19:43.230     0     0 D ieee80211 phy0: hw scan 2462 MHz
02-20 21:19:43.262     0     0 D ieee80211 phy0: hw scan 2467 MHz
02-20 21:19:44.235  1918  1930 D DCT     : [0]hasMatchedTetherApnSetting: APN=null
02-20 21:19:44.243  1918  1918 D CAT     : CatService: handleMessage[20]
02-20 21:19:44.243  1918  1918 D GsmCdmaPhone: [GsmCdmaPhone] updateCurrentCarrierInProvider: mSubId = -2 currentDds = 1 operatorNumeric = 310260
02-20 21:19:44.243  1918  1918 D IccCardProxy: operator=310260 mPhoneId=0
02-20 21:19:44.243  1918  1918 D TelephonyManager: setTelephonyProperty: success phoneId=0 property=gsm.sim.operator.numeric value: 310260 propVal=310260
02-20 21:19:44.256  1918  1918 D TelephonyManager: setTelephonyProperty: success phoneId=0 property=gsm.sim.operator.iso-country value: us propVal=us
02-20 21:19:44.294  1918  1918 D IccCardProxy: Sending intent ACTION_INTERNAL_SIM_STATE_CHANGED for mPhoneId : 0
02-20 21:19:44.296  1918  1918 D SST     : EVENT_SIM_RECORDS_LOADED: what=16
02-20 21:19:44.296  1918  1918 D GsmCdmaPhone: [GsmCdmaPhone] updatePhoneObject: radioTechnology=0
02-20 21:19:44.296  1918  1918 D SST     : getOtasp: otasp not needed for GSM
02-20 21:19:44.296  1918  1918 D SST     : updateOtaspState: call notifyOtaspChanged old otaspMode=0 new otaspMode=3
02-20 21:19:44.297  1918  1918 D SIMRecords: [SIMRecords] getServiceProviderName: no brandOverride, providerName=Android
02-20 21:19:44.297  1918  1918 D SIMRecords: [SIMRecords] getServiceProviderName: no brandOverride, providerName=Android
02-20 21:19:44.297  1918  1918 D SST     : updateSpnDisplay: changed sending intent rule=1 showPlmn='false' plmn='Android' showSpn='true' spn='Android' dataSpn='Android' subId='-2'
02-20 21:19:44.298  1918  1918 D SubscriptionController: [setPlmnSpn] No valid subscription to store info
02-20 21:19:44.298  1918  1918 D SubscriptionController: notifySubscriptionInfoChanged:
02-20 21:19:44.312  1918  1918 E PhoneInterfaceManager: [PhoneIntfMgr] getIccId: No UICC
02-20 21:19:44.322  1679  1793 I Telecom : PhoneAccountRegistrar: [ComponentInfo{com.android.phone/com.android.services.telephony.TelephonyConnectionService}, [e0184adedf913b076626646d3f52c3b49c39ad6d], UserHandle{0}(icon: Icon(typ=BITMAP size=76x96) -> Icon(typ=BITMAP size=76x96))]: TSI.rPA@AAs
02-20 21:19:44.325  1679  1793 I Telecom : : Sending phone-account registered intent as user: TSI.rPA@AAs
02-20 21:19:44.327  1918  1918 D DCT     : [0]NETWORK_STATE_CHANGED_ACTION: mIsWifiConnected=false
02-20 21:19:44.327  1918  1918 D SubscriptionInfoUpdater: [Receiver]+
02-20 21:19:44.327  1918  1918 D SubscriptionInfoUpdater: Action: android.intent.action.internal_sim_state_changed
02-20 21:19:44.327  1918  1918 D SubscriptionInfoUpdater: slotId: 0
02-20 21:19:44.327  1918  1918 D SubscriptionInfoUpdater: simStatus: LOADED
02-20 21:19:44.327  1918  1918 D SubscriptionInfoUpdater: [Receiver]-
02-20 21:19:44.327  1918  1918 D GsmCdmaPhone: [GsmCdmaPhone] phoneObjectUpdater: newVoiceRadioTech=0
02-20 21:19:44.327  1918  1918 D GsmCdmaPhone: [GsmCdmaPhone] phoneObjectUpdater: volteReplacementRat=0
02-20 21:19:44.327  1918  1918 E GsmCdmaPhone: [GsmCdmaPhone] phoneObjectUpdater: newVoiceRadioTech=0 doesn't match either CDMA or GSM - error! No phone change
02-20 21:19:44.327  1918  1918 D SST     : SubscriptionListener.onSubscriptionInfoChanged
02-20 21:19:44.327  1918  1918 D DCT     : [0]SubscriptionListener.onSubscriptionInfoChanged
02-20 21:19:44.329  1918  1918 D SubscriptionController: [getActiveSubInfoList] Sub Controller not ready
02-20 21:19:44.336  2190  2190 I ContactsPerf: VoicemailContentProvider.onCreate start
02-20 21:19:44.336  1918  1918 D SubscriptionController: [getActiveSubInfoList] Sub Controller not ready
02-20 21:19:44.336  1918  1918 I Telephony: PstnIncomingCallNotifier: Unregistering: Handler (com.android.internal.telephony.GsmCdmaPhone) {3e6b516}
02-20 21:19:44.337  1918  1918 E PhoneInterfaceManager: [PhoneIntfMgr] getIccId: No UICC
02-20 21:19:44.342  1679  2250 I Telecom : PhoneAccountRegistrar: [ComponentInfo{com.android.phone/com.android.services.telephony.TelephonyConnectionService}, [e0184adedf913b076626646d3f52c3b49c39ad6d], UserHandle{0}(icon: Icon(typ=BITMAP size=76x96) -> Icon(typ=BITMAP size=76x96))]: TSI.rPA@AAw
02-20 21:19:44.343  2190  2190 I ContactsPerf: VoicemailContentProvider.onCreate finish
02-20 21:19:44.343  1679  2250 I Telecom : : Sending phone-account registered intent as user: TSI.rPA@AAw
02-20 21:19:44.344  1918  1918 I Telephony: AccountEntry: Registered phoneAccount: [[ ] PhoneAccount: ComponentInfo{com.android.phone/com.android.services.telephony.TelephonyConnectionService}, [e0184adedf913b076626646d3f52c3b49c39ad6d], UserHandle{0} Capabilities: CallProvider MultiUser PlaceEmerg SimSub  Schemes: tel voicemail  Extras: null GroupId: [da39a3ee5e6b4b0d3255bfef95601890afd80709]] with handle: ComponentInfo{com.android.phone/com.android.services.telephony.TelephonyConnectionService}, [e0184adedf913b076626646d3f52c3b49c39ad6d], UserHandle{0}
02-20 21:19:44.344  1918  1918 I Telephony: PstnIncomingCallNotifier: Registering: Handler (com.android.internal.telephony.GsmCdmaPhone) {3e6b516}
02-20 21:19:44.349  1918  1918 D SubscriptionInfoUpdater: handleSimStateLoadedInternal: slotId: 0
02-20 21:19:44.349  1918  1918 D SubscriptionInfoUpdater: All IccIds query complete
02-20 21:19:44.349  1918  1918 D SubscriptionInfoUpdater: updateSubscriptionInfoByIccId:+ Start
02-20 21:19:44.350  1918  1918 D SubscriptionController: [clearSubInfo]- no simInfo size=0
02-20 21:19:44.350  1918  1918 D SubscriptionInfoUpdater: insertedSimCount = 1
02-20 21:19:44.350  1918  1918 D SubscriptionController: [getSubInfoUsingSlotIdWithCheck]+ slotId:0
02-20 21:19:44.350  2190  2190 W System  : ClassLoader referenced unknown path: /system/priv-app/BlockedNumberProvider/lib/x86_64
02-20 21:19:44.351  2190  2190 D ApplicationLoaders: ignored Vulkan layer search path /system/priv-app/BlockedNumberProvider/lib/x86_64:/system/lib64:/vendor/lib64 for namespace 0x78b2a449a0f0
02-20 21:19:44.352  1918  1918 D SubscriptionController: [getPhoneId]- no sims, returning default phoneId=2147483647
02-20 21:19:44.353  1918  1918 D SubscriptionController: [getPhoneId]- no sims, returning default phoneId=2147483647
02-20 21:19:44.353  1918  1918 D SubscriptionController: [getPhoneId]- no sims, returning default phoneId=2147483647
02-20 21:19:44.354  1918  1918 D SubscriptionController: [getSubInfoUsingSlotId]- null info return
02-20 21:19:44.354  1918  1918 D SubscriptionInfoUpdater: updateSubscriptionInfoByIccId: oldSubId = 1
02-20 21:19:44.354  1918  1918 D SubscriptionInfoUpdater: updateSubscriptionInfoByIccId: oldIccId[0] = 89014103211118510720, sIccId[0] = 89014103211118510720
02-20 21:19:44.359  1918  1918 D SubscriptionController: [addSubInfoRecord]+ iccId:89014103211118510720 slotId:0
02-20 21:19:44.362  2190  2190 W System  : ClassLoader referenced unknown path: /system/app/UserDictionaryProvider/lib/x86_64
02-20 21:19:44.363  2190  2190 D ApplicationLoaders: ignored Vulkan layer search path /system/app/UserDictionaryProvider/lib/x86_64:/system/lib64:/vendor/lib64 for namespace 0x78b2a449a160
02-20 21:19:44.389  2128  2166 V GridSizeMigrationTask: Workspace migration completed in 11
02-20 21:19:44.389  2128  2166 D Launcher.Model: loadWorkspace: loading default favorites
02-20 21:19:44.392  1679  1749 W art     : Long monitor contention with owner Binder:1679_8 (2204) at android.content.Intent com.android.server.am.ActivityManagerService.registerReceiver(android.app.IApplicationThread, java.lang.String, android.content.IIntentReceiver, android.content.IntentFilter, java.lang.String, int)(ActivityManagerService.java:17625) waiters=4 in android.app.IActivityManager$ContentProviderHolder com.android.server.am.ActivityManagerService.getContentProviderImpl(android.app.IApplicationThread, java.lang.String, android.os.IBinder, boolean, int) for 332ms
02-20 21:19:44.392  2128  2128 I am_on_resume_called: [0,com.google.android.apps.nexuslauncher.NexusLauncherActivity,handleRelaunchActivity]
02-20 21:19:44.392  1679  1749 I dvm_lock_sample: [system_server,0,ConditionProviders.ECP,332,ActivityManagerService.java,10666,-,17625,66]
02-20 21:19:44.399  2074  2074 W System  : ClassLoader referenced unknown path: /system/priv-app/PrebuiltGmsCore/lib/x86_64
02-20 21:19:44.399  2074  2074 W System  : ClassLoader referenced unknown path: /system/priv-app/PrebuiltGmsCore/lib/x86_64
02-20 21:19:44.401  1918  1930 D SubscriptionController: [getActiveSubInfoList] Sub Controller not ready
02-20 21:19:44.401  1679  1679 I GnssLocationProvider: WakeLock acquired by sendMessage(12, 0, null)
02-20 21:19:44.402  1918  1918 D SubscriptionController: [getActiveSubInfoList] Sub Controller not ready
02-20 21:19:44.403  1918  1918 D SubscriptionController: [addSubInfoRecord] Record already exists
02-20 21:19:44.433  2074  2074 W System  : ClassLoader referenced unknown path: /system/priv-app/PrebuiltGmsCore/lib/x86_64
02-20 21:19:44.433  1918  1918 D SubscriptionController: [addSubInfoRecord] sSlotIdxToSubId.size=1 slotId=0 subId=1 defaultSubId=1 simCount=1
02-20 21:19:44.433  1918  1918 D SubscriptionController: [setDefaultFallbackSubId] subId=1
02-20 21:19:44.434  1918  1918 D SubscriptionController: [setDefaultFallbackSubId] set mDefaultFallbackSubId=1
02-20 21:19:44.434  1918  1918 D MccTable: updateMccMncConfiguration mccmnc='310260' fromServiceState=false
02-20 21:19:44.436  2074  2074 W System  : ClassLoader referenced unknown path: /system/priv-app/PrebuiltGmsCore/lib/x86_64
02-20 21:19:44.442  1918  1918 D MccTable: updateMccMncConfiguration defaultMccMnc=310260
02-20 21:19:44.442  1918  1918 D MccTable: updateMccMncConfiguration: mcc=310, mnc=260
02-20 21:19:44.442  1918  1918 D MccTable: updateMccMncConfiguration updateConfig config={1.0 310mcc260mnc ?localeList ?layoutDir ?swdp ?wdp ?hdp ?density ?lsize ?long ?orien ?uimode ?night ?touch ?keyb/?/? ?nav/?}
02-20 21:19:44.447  1679  2072 I BackupManagerService: Found stale backup journal, scheduling
02-20 21:19:44.467  1679  1679 I FusedLocation: engine started (com.android.location.fused)
02-20 21:19:44.467  2074  2074 W linker  : /data/user_de/0/com.google.android.gms/app_extracted_libs/x86_64/libconscrypt_gmscore_jni.so: unused DT entry: type 0xf arg 0x12a
02-20 21:19:43.380     0     0 D ieee80211 phy0: hw scan 2472 MHz
02-20 21:19:43.500     0     0 D ieee80211 phy0: hw scan 2484 MHz
02-20 21:19:43.620     0     0 D ieee80211 phy0: hw scan complete
02-20 21:19:43.620     0     0 D ieee80211 phy0: hwsim hw_scan request
02-20 21:19:43.620     0     0 D ieee80211 phy0: hw scan 5180 MHz
02-20 21:19:44.488  2235  2235 W System  : ClassLoader referenced unknown path: /system/app/PrebuiltDeskClockGoogle/lib/x86_64
02-20 21:19:44.499  1679  1748 D NotificationSQLiteLog: Pruned event entries: 0
02-20 21:19:44.519  2074  2074 V NativeCrypto: Registering com/google/android/gms/org/conscrypt/NativeCrypto's 276 native methods...
02-20 21:19:44.519  1679  2260 I dvm_lock_sample: [system_server,0,Binder:1679_10,73,ActivityManagerService.java,17339,-,18937,14]
02-20 21:19:44.521  1918  1918 D SubscriptionController: [setDefaultFallbackSubId] broadcast default subId changed phoneId=0 subId=1
02-20 21:19:44.527  1918  1918 D SubscriptionController: [addSubInfoRecord] one sim set defaults to subId=1
02-20 21:19:44.533  1918  1918 D SubscriptionController: [setDefaultDataSubId] num phones=1, subId=1
02-20 21:19:44.533  1918  1918 D SubscriptionController: [setDefaultDataSubId] phoneId=0 subId=1 RAF=1
02-20 21:19:44.533  1918  1918 D ProxyController: setRadioCapability: Already in requested configuration, nothing to do.
02-20 21:19:44.533  1918  1918 D SubscriptionController: [updateAllDataConnectionTrackers] sPhones.length=1
02-20 21:19:44.533  1918  1918 D SubscriptionController: [updateAllDataConnectionTrackers] phoneId=0
02-20 21:19:44.533  1918  1918 D DCT     : [0]update sub = 1
02-20 21:19:44.533  1918  1918 D DCT     : [0]update(): Active DDS, register for all events now!
02-20 21:19:44.533  1918  1918 D DCT     : [0]New records found.
02-20 21:19:44.534  1918  1918 D SST     : mDeviceShuttingDown=false, mDesiredPowerState=true, getRadioState=RADIO_ON, mPowerOffDelayNeed=true, mAlarmSwitch=false, mRadioDisabledByCarrier=false
02-20 21:19:44.538  1918  1918 D GsmCdmaPhone: [GsmCdmaPhone] updateCurrentCarrierInProvider: mSubId = 1 currentDds = 1 operatorNumeric = 310260
02-20 21:19:44.563  1679  1749 I am_proc_start: [0,2275,10002,com.android.providers.calendar,content provider,com.android.providers.calendar/.CalendarProvider2]
02-20 21:19:44.563  1679  1749 I ActivityManager: Start proc 2275:com.android.providers.calendar/u0a2 for content provider com.android.providers.calendar/.CalendarProvider2
02-20 21:19:44.572  2275  2275 W art     : Unexpected CPU variant for X86 using defaults: x86_64
02-20 21:19:44.588  1918  1918 D SubscriptionController: [broadcastDefaultDataSubIdChanged] subId=1
02-20 21:19:44.590  1679  1690 I am_proc_bound: [0,2275,com.android.providers.calendar]
02-20 21:19:44.600  1918  1931 D RILJ    : [3736]> RIL_REQUEST_GET_CELL_INFO_LIST [SUB0]
02-20 21:19:44.600  1918  1918 D SubscriptionController: [setDefaultSmsSubId] subId=1
02-20 21:19:44.601  1918  1918 D SubscriptionController: [broadcastDefaultSmsSubIdChanged] subId=1
02-20 21:19:44.605  1918  1918 D SubscriptionController: [setDefaultVoiceSubId] subId=1
02-20 21:19:44.606  1918  1918 D SubscriptionController: [broadcastDefaultVoiceSubIdChanged] subId=1
02-20 21:19:44.606  1918  1918 D SubscriptionController: [addSubInfoRecord] hashmap(0,1)
02-20 21:19:44.614  1375  1461 D RIL     : onRequest: GET_CELL_INFO_LIST
02-20 21:19:44.614  1375  1461 D RILC    : responseCellInfoList: v12
02-20 21:19:44.614  1918  1994 D RILJ    : [3736]< RIL_REQUEST_GET_CELL_INFO_LIST [CellInfoGsm:{mRegistered=YES mTimeStampType=modem mTimeStamp=13509236548ns CellIdentityGsm:{ mMcc=310 mMnc=260 mLac=3 mCid=91 mArfcn=10 mBsic=0x0} CellSignalStrengthGsm: ss=416891320 ber=28709 mTa=420035708}] [SUB0]
02-20 21:19:44.617  1918  1918 D SubscriptionController: [addSubInfoRecord] sim name = Android
02-20 21:19:44.617  1918  1918 D DCT     : [0]update sub = 1
02-20 21:19:44.617  1918  1918 D DCT     : [0]update(): Active DDS, register for all events now!
02-20 21:19:44.618  1918  1918 D GsmCdmaPhone: [GsmCdmaPhone] updateCurrentCarrierInProvider: mSubId = 1 currentDds = 1 operatorNumeric = 310260
02-20 21:19:44.627  2128  2222 D EGL_emulation: eglMakeCurrent: 0x78b2982645a0: ver 3 0 (tinfo 0x78b29820ca80)
02-20 21:19:44.649  2275  2275 W System  : ClassLoader referenced unknown path: /system/priv-app/CalendarProvider/lib/x86_64
02-20 21:19:44.651  1679  1692 W GnssLocationProvider: Could not open GPS configuration file /etc/gps.conf
02-20 21:19:44.652  1679  1692 E GnssLocationProvider: no AGPS interface in set_agps_server
02-20 21:19:44.654  1679  1700 I am_activity_launch_time: [0,149945479,com.google.android.apps.nexuslauncher/.NexusLauncherActivity,1349,1349]
02-20 21:19:44.655  1679  1700 I ActivityManager: Displayed com.google.android.apps.nexuslauncher/.NexusLauncherActivity: +1s349ms
02-20 21:19:44.655  1918  1918 D SubscriptionController: [addSubInfoRecord]- info size=1
02-20 21:19:44.656  1918  1918 D SubscriptionInfoUpdater: newSim = false
02-20 21:19:44.656  1918  1918 D SubscriptionInfoUpdater: updateSubscriptionInfoByIccId: sInsertSimState[0] = 0
02-20 21:19:44.688  1918  1918 D SubscriptionInfoUpdater: updateSubscriptionInfoByIccId: nSubCount = 1
02-20 21:19:44.696  1918  1918 D SubscriptionController: [setDefaultDataSubId] num phones=1, subId=1
02-20 21:19:44.696  1918  1918 D SubscriptionController: [setDefaultDataSubId] phoneId=0 subId=1 RAF=1
02-20 21:19:44.696  1918  1918 D ProxyController: setRadioCapability: Already in requested configuration, nothing to do.
02-20 21:19:44.696  1918  1918 D SubscriptionController: [updateAllDataConnectionTrackers] sPhones.length=1
02-20 21:19:44.696  1918  1918 D SubscriptionController: [updateAllDataConnectionTrackers] phoneId=0
02-20 21:19:44.696  1918  1918 D DCT     : [0]update sub = 1
02-20 21:19:44.696  1918  1918 D DCT     : [0]update(): Active DDS, register for all events now!
02-20 21:19:44.697  1918  1918 D GsmCdmaPhone: [GsmCdmaPhone] updateCurrentCarrierInProvider: mSubId = 1 currentDds = 1 operatorNumeric = 310260
02-20 21:19:44.717  1679  2259 I am_destroy_activity: [0,108388907,1,com.android.settings/.FallbackHome,finish-idle]
02-20 21:19:44.724  2275  2275 I CalendarProvider2: Created com.android.providers.calendar.CalendarAlarmManager@4d361fb(com.android.providers.calendar.CalendarProvider2@8fd6218)
02-20 21:19:44.783  2074  2074 D NetworkSecurityConfig: No Network Security Config specified, using platform default
02-20 21:19:44.793  1918  1918 D SubscriptionController: [broadcastDefaultDataSubIdChanged] subId=1
02-20 21:19:44.794  1918  1918 D SubscriptionController: notifySubscriptionInfoChanged:
02-20 21:19:44.794  1679  1679 I GnssLocationProvider: WakeLock acquired by sendMessage(12, 0, null)
02-20 21:19:44.794  1918  2289 D SubscriptionMonitor: Phone[0] subId changed -2->1, 1 registrants
02-20 21:19:44.794  1918  2289 D SubscriptionMonitor: mDefaultDataSubId = 1, 1 registrants
02-20 21:19:44.795  1918  1918 D SubscriptionInfoUpdater: updateSubscriptionInfoByIccId:- SsubscriptionInfo update complete
02-20 21:19:44.795  1918  1918 D MccTable: updateMccMncConfiguration mccmnc='310260' fromServiceState=false
02-20 21:19:44.795  1918  1918 D MccTable: updateMccMncConfiguration defaultMccMnc=310260
02-20 21:19:44.795  1918  1918 D MccTable: updateMccMncConfiguration: mcc=310, mnc=260
02-20 21:19:44.795  1918  1918 D MccTable: updateMccMncConfiguration updateConfig config={1.0 310mcc260mnc ?localeList ?layoutDir ?swdp ?wdp ?hdp ?density ?lsize ?long ?orien ?uimode ?night ?touch ?keyb/?/? ?nav/?}
02-20 21:19:44.796  1918  1918 D SubscriptionController: [setMccMnc]+ mcc/mnc:310/260 subId:1
02-20 21:19:44.809  1918  1918 D SubscriptionController: notifySubscriptionInfoChanged:
02-20 21:19:44.809  2074  2074 I ProviderInstaller: Installed default security provider GmsCore_OpenSSL
02-20 21:19:44.809  1679  1679 I GnssLocationProvider: WakeLock acquired by sendMessage(12, 0, null)
02-20 21:19:44.838  1918  1918 D SubscriptionController: [getActiveSubscriptionInfo]+ subId=1 subInfo={id=1, iccId=89014103211118510720 simSlotIndex=0 displayName=Android carrierName=Android nameSource=0 iconTint=-16746133 dataRoaming=0 iconBitmap=android.graphics.Bitmap@fe9bae mcc 310 mnc 260}
02-20 21:19:44.838  1918  1918 D SubscriptionInfoUpdater: sim name = Android
02-20 21:19:44.840  1932  1932 I am_on_stop_called: [0,com.android.settings.FallbackHome,destroy]
02-20 21:19:44.847  1918  1918 D SubscriptionInfoUpdater: Broadcasting intent ACTION_SIM_STATE_CHANGED LOADED reason null for mCardIndex: 0
02-20 21:19:44.848  1679  1679 D WifiService: resetting networks because SIM was loaded
02-20 21:19:44.849  1679  1738 D WifiStateMachine: resetting EAP-SIM/AKA/AKA' networks since SIM was changed
02-20 21:19:44.853  1918  1918 D CarrierConfigLoader: update config for phoneId: 0 simState: LOADED
02-20 21:19:44.853  1918  1918 D CarrierSvcBindHelper: update binding for phoneId: 0 simState: LOADED
02-20 21:19:44.870  1767  1767 I OpaLayout: Setting opa enabled to false
02-20 21:19:44.874  1918  1918 D SubscriptionController: [getActiveSubscriptionInfo]+ subId=1 subInfo={id=1, iccId=89014103211118510720 simSlotIndex=0 displayName=Android carrierName=Android nameSource=0 iconTint=-16746133 dataRoaming=0 iconBitmap=android.graphics.Bitmap@95201e5 mcc 310 mnc 260}
02-20 21:19:44.877  1679  2204 I Telecom : PhoneAccountRegistrar: [ComponentInfo{com.android.phone/com.android.services.telephony.TelephonyConnectionService}, [e0184adedf913b076626646d3f52c3b49c39ad6d], UserHandle{0}(icon: Icon(typ=BITMAP size=76x96) -> Icon(typ=BITMAP size=76x96))]: TSI.rPA@AA8
02-20 21:19:44.878  1679  2204 I Telecom : : Sending phone-account registered intent as user: TSI.rPA@AA8
02-20 21:19:44.893  1918  1918 D DCT     : [0]onRecordsLoadedOrSubIdChanged: createAllApnList
02-20 21:19:44.893  1918  1918 D DCT     : [0]createAllApnList: selection=numeric = '310260'
02-20 21:19:44.896  1918  1918 D DCT     : [0]createApnList: X result=[[ApnSettingV3] T-Mobile US, 1, 310260, epc.tmobile.com, , http://mms.msg.eng.t-mobile.com/mms/wapenc, , , , -1, *, IP, IP, true, 0, 0, 0, false, 0, 0, 0, 0, , , false]
02-20 21:19:44.897  1918  1918 D TelephonyProvider: subIdString = 1 subId = 1
02-20 21:19:44.912  1767  1767 I OpaLayout: Setting opa enabled to false
02-20 21:19:44.926  1918  1918 D DCT     : [0]getPreferredApn: mRequestedApnType=default cursor=android.content.ContentResolver$CursorWrapperInner@f4dab74 cursor.count=1
02-20 21:19:44.926  1918  1918 D DCT     : [0]getPreferredApn: apnSetting=[ApnSettingV3] T-Mobile US, 1, 310260, epc.tmobile.com, , http://mms.msg.eng.t-mobile.com/mms/wapenc, , , , -1, *, IP, IP, true, 0, 0, 0, false, 0, 0, 0, 0, , , false
02-20 21:19:44.926  1918  1918 D DCT     : [0]getPreferredApn: X found apnSetting[ApnSettingV3] T-Mobile US, 1, 310260, epc.tmobile.com, , http://mms.msg.eng.t-mobile.com/mms/wapenc, , , , -1, *, IP, IP, true, 0, 0, 0, false, 0, 0, 0, 0, , , false
02-20 21:19:44.929  1918  1918 D DCT     : [0]createAllApnList: mPreferredApn=[ApnSettingV3] T-Mobile US, 1, 310260, epc.tmobile.com, , http://mms.msg.eng.t-mobile.com/mms/wapenc, , , , -1, *, IP, IP, true, 0, 0, 0, false, 0, 0, 0, 0, , , false
02-20 21:19:44.929  1918  1918 D DCT     : [0]createAllApnList: X mAllApnSettings=[[ApnSettingV3] T-Mobile US, 1, 310260, epc.tmobile.com, , http://mms.msg.eng.t-mobile.com/mms/wapenc, , , , -1, *, IP, IP, true, 0, 0, 0, false, 0, 0, 0, 0, , , false]
02-20 21:19:44.929  1918  1918 D DCT     : [0]setDataProfilesAsNeeded
02-20 21:19:44.929  1918  1918 D DCT     : [0]setInitialApn: E mPreferredApn=[ApnSettingV3] T-Mobile US, 1, 310260, epc.tmobile.com, , http://mms.msg.eng.t-mobile.com/mms/wapenc, , , , -1, *, IP, IP, true, 0, 0, 0, false, 0, 0, 0, 0, , , false
02-20 21:19:44.929  1918  1918 D DCT     : [0]setInitialApn: firstApnSetting=[ApnSettingV3] T-Mobile US, 1, 310260, epc.tmobile.com, , http://mms.msg.eng.t-mobile.com/mms/wapenc, , , , -1, *, IP, IP, true, 0, 0, 0, false, 0, 0, 0, 0, , , false
02-20 21:19:44.929  1918  1918 D DCT     : [0]setInitialApn: defaultApnSetting=[ApnSettingV3] T-Mobile US, 1, 310260, epc.tmobile.com, , http://mms.msg.eng.t-mobile.com/mms/wapenc, , , , -1, *, IP, IP, true, 0, 0, 0, false, 0, 0, 0, 0, , , false
02-20 21:19:44.929  1918  1918 D DCT     : [0]setInitialAttachApn: using mPreferredApn
02-20 21:19:44.929  1918  1918 D DCT     : [0]setInitialAttachApn: X selected Apn=[ApnSettingV3] T-Mobile US, 1, 310260, epc.tmobile.com, , http://mms.msg.eng.t-mobile.com/mms/wapenc, , , , -1, *, IP, IP, true, 0, 0, 0, false, 0, 0, 0, 0, , , false
02-20 21:19:44.929  1918  1918 D RILJ    : Set RIL_REQUEST_SET_INITIAL_ATTACH_APN [SUB0]
02-20 21:19:44.929  1918  1918 D RILJ    : [3737]> RIL_REQUEST_SET_INITIAL_ATTACH_APN, apn:epc.tmobile.com, protocol:IP, authType:-1, username:none, password:none [SUB0]
02-20 21:19:44.929  1918  1918 D DCT     : [0]onRecordsLoadedOrSubIdChanged: notifying data availability
02-20 21:19:44.929  1375  1461 D RIL     : onRequest: RIL_REQUEST_SET_INITIAL_ATTACH_APN
02-20 21:19:44.929  1375  1461 D RIL     : Request not supported. Tech: 1
02-20 21:19:44.929  1918  1994 D RilRequest: [3737]< RIL_REQUEST_SET_INITIAL_ATTACH_APN error: com.android.internal.telephony.CommandException: REQUEST_NOT_SUPPORTED ret=
02-20 21:19:44.932  1679  2255 D TelephonyRegistry: Notify data connection state changed on sub: 1
02-20 21:19:44.934  1679  2251 I wm_task_removed: [1,removeAppToken: last token]
02-20 21:19:44.934  1679  2251 I wm_task_removed: [1,removeTask]
02-20 21:19:44.936  2205  2205 E OverlaySController: Calling with an invalid UID, the interface will not work
02-20 21:19:44.998  1918  1918 D DCT     : [0]setupDataOnConnectableApns: simLoaded hipri:[state=IDLE,enabled=false] mms:[state=IDLE,enabled=false] supl:[state=IDLE,enabled=false] ia:[state=IDLE,enabled=false] fota:[state=IDLE,enabled=false] ims:[state=IDLE,enabled=false] cbs:[state=IDLE,enabled=false] default:[state=IDLE,enabled=false] emergency:[state=IDLE,enabled=false] 
02-20 21:19:45.029  1918  1918 I Telephony: PstnIncomingCallNotifier: Unregistering: Handler (com.android.internal.telephony.GsmCdmaPhone) {3e6b516}
02-20 21:19:45.080  1918  1918 D SubscriptionController: [getActiveSubscriptionInfo]+ subId=1 subInfo={id=1, iccId=89014103211118510720 simSlotIndex=0 displayName=Android carrierName=Android nameSource=0 iconTint=-16746133 dataRoaming=0 iconBitmap=android.graphics.Bitmap@a7b90e3 mcc 310 mnc 260}
02-20 21:19:45.111  1679  1793 I Telecom : PhoneAccountRegistrar: New phone account registered: [[ ] PhoneAccount: ComponentInfo{com.android.phone/com.android.services.telephony.TelephonyConnectionService}, [e2f7d48dd2b5ca523e7313cf4ba0f6ea830b6281], UserHandle{0} Capabilities: CallProvider MultiUser PlaceEmerg SimSub  Schemes: tel voicemail  Extras: null GroupId: [da39a3ee5e6b4b0d3255bfef95601890afd80709]]: TSI.rPA@ABA
02-20 21:19:45.113  1679  1793 I Telecom : : Sending phone-account registered intent as user: TSI.rPA@ABA
02-20 21:19:45.114  1918  1918 I Telephony: AccountEntry: Registered phoneAccount: [[ ] PhoneAccount: ComponentInfo{com.android.phone/com.android.services.telephony.TelephonyConnectionService}, [e2f7d48dd2b5ca523e7313cf4ba0f6ea830b6281], UserHandle{0} Capabilities: CallProvider MultiUser PlaceEmerg SimSub  Schemes: tel voicemail  Extras: null GroupId: [da39a3ee5e6b4b0d3255bfef95601890afd80709]] with handle: ComponentInfo{com.android.phone/com.android.services.telephony.TelephonyConnectionService}, [e2f7d48dd2b5ca523e7313cf4ba0f6ea830b6281], UserHandle{0}
02-20 21:19:45.114  1918  1918 I Telephony: PstnIncomingCallNotifier: Registering: Handler (com.android.internal.telephony.GsmCdmaPhone) {3e6b516}
02-20 21:19:45.117  1918  1918 I Telephony: TelecomAccountRegistry: Unregistering phone account ComponentInfo{com.android.phone/com.android.services.telephony.TelephonyConnectionService}, [e0184adedf913b076626646d3f52c3b49c39ad6d], UserHandle{0}.
02-20 21:19:45.119  1679  2258 I Telecom : : Sending phone-account unregistered intent as user: TSI.uPA@ABI
02-20 21:19:45.141  1918  1931 D SST     : SST.getAllCellInfo(): return last, back to back calls
02-20 21:19:45.142  1918  1918 D SST     : SubscriptionListener.onSubscriptionInfoChanged
02-20 21:19:45.142  1918  1930 D SST     : SST.getAllCellInfo(): return last, back to back calls
02-20 21:19:45.142  1918  1930 D SST     : SST.getAllCellInfo(): return last, back to back calls
02-20 21:19:45.143  1918  1918 D PhoneFactory: calculatePreferredNetworkType: phoneSubId = 1 networkType = 0
02-20 21:19:45.143  1918  1918 D Phone   : setPreferredNetworkType: Abort, unknown RAF: 1 101902
02-20 21:19:45.144  1918  1918 D Phone   : setNetworkSelectionModeAutomatic, querying current mode
02-20 21:19:45.144  1918  1918 D RILJ    : [3738]> QUERY_NETWORK_SELECTION_MODE [SUB0]
02-20 21:19:45.145  1375  1461 D RIL     : onRequest: QUERY_NETWORK_SELECTION_MODE
02-20 21:19:45.145  1375  1461 D AT      : AT> AT+COPS?
02-20 21:19:45.145  1918  1918 D TelephonyManager: setTelephonyProperty: success phoneId=0 property=gsm.network.type value: LTE propVal=LTE
02-20 21:19:45.145  1375  1463 D AT      : AT< +COPS: 0,2,310260
02-20 21:19:45.145  1375  1463 D AT      : AT< OK
02-20 21:19:45.145  1918  1994 D RILJ    : [3738]< QUERY_NETWORK_SELECTION_MODE {0} [SUB0]
02-20 21:19:45.146  1918  1918 D SubscriptionController: [setCarrierText]+ text:Android subId:1
02-20 21:19:45.160  2100  2100 W KeyphraseEnrollmentInfo: No Enrollment application supports the given keyphrase/locale
02-20 21:19:43.743     0     0 D ieee80211 phy0: hw scan 5200 MHz
02-20 21:19:43.861     0     0 D ieee80211 phy0: hw scan 5220 MHz
02-20 21:19:43.981     0     0 D ieee80211 phy0: hw scan 5240 MHz
02-20 21:19:44.105     0     0 D ieee80211 phy0: hw scan 5745 MHz
02-20 21:19:45.234  1918  1918 D SubscriptionController: notifySubscriptionInfoChanged:
02-20 21:19:45.234  1679  1679 I GnssLocationProvider: WakeLock acquired by sendMessage(12, 0, null)
02-20 21:19:45.240  1918  1918 D SIMRecords: [SIMRecords] getServiceProviderName: no brandOverride, providerName=Android
02-20 21:19:45.240  1918  1918 D SIMRecords: [SIMRecords] getServiceProviderName: no brandOverride, providerName=Android
02-20 21:19:45.241  1918  1918 D SST     : updateSpnDisplay: changed sending intent rule=1 showPlmn='false' plmn='Android' showSpn='true' spn='Android' dataSpn='Android' subId='1'
02-20 21:19:45.242  1918  1918 D SubscriptionController: [setCarrierText]+ text:Android subId:1
02-20 21:19:45.250  1918  1918 D SubscriptionController: notifySubscriptionInfoChanged:
02-20 21:19:45.251  1679  1679 I GnssLocationProvider: WakeLock acquired by sendMessage(12, 0, null)
02-20 21:19:45.253  1918  1918 D SIMRecords: [SIMRecords]  VoiceMessageCount from SIM MWIS = 0
02-20 21:19:45.253  1918  1918 D Phone   : getStoredVoiceMessageCount: from preference for subId 1= 0
02-20 21:19:45.253  1918  1918 D GsmCdmaPhone: [GsmCdmaPhone] updateVoiceMail countVoiceMessages = 0 subId 1
02-20 21:19:45.253  1918  1918 D Phone   : setVoiceMessageCount: Storing Voice Mail Count = 0 for mVmCountKey = vm_count_key1 in preferences.
02-20 21:19:45.255  1918  1918 D DCT     : [0]SubscriptionListener.onSubscriptionInfoChanged
02-20 21:19:45.257  1918  1918 D DCT     : [0]onRecordsLoadedOrSubIdChanged: createAllApnList
02-20 21:19:45.257  1918  1918 D DCT     : [0]createAllApnList: selection=numeric = '310260'
02-20 21:19:45.257  2074  2074 I DynamiteModule: Considering local module com.google.android.gms.googlecertificates:4 and remote module com.google.android.gms.googlecertificates:4
02-20 21:19:45.257  2074  2074 I DynamiteModule: Selected local version of com.google.android.gms.googlecertificates
02-20 21:19:45.258  1918  1918 D DCT     : [0]createApnList: X result=[[ApnSettingV3] T-Mobile US, 1, 310260, epc.tmobile.com, , http://mms.msg.eng.t-mobile.com/mms/wapenc, , , , -1, *, IP, IP, true, 0, 0, 0, false, 0, 0, 0, 0, , , false]
02-20 21:19:45.258  1918  1918 D TelephonyProvider: subIdString = 1 subId = 1
02-20 21:19:45.259  1918  1918 D DCT     : [0]getPreferredApn: mRequestedApnType=default cursor=android.content.ContentResolver$CursorWrapperInner@fcc55f8 cursor.count=1
02-20 21:19:45.259  1918  1918 D DCT     : [0]getPreferredApn: apnSetting=[ApnSettingV3] T-Mobile US, 1, 310260, epc.tmobile.com, , http://mms.msg.eng.t-mobile.com/mms/wapenc, , , , -1, *, IP, IP, true, 0, 0, 0, false, 0, 0, 0, 0, , , false
02-20 21:19:45.259  1918  1918 D DCT     : [0]getPreferredApn: X found apnSetting[ApnSettingV3] T-Mobile US, 1, 310260, epc.tmobile.com, , http://mms.msg.eng.t-mobile.com/mms/wapenc, , , , -1, *, IP, IP, true, 0, 0, 0, false, 0, 0, 0, 0, , , false
02-20 21:19:45.259  1918  1918 D DCT     : [0]createAllApnList: mPreferredApn=[ApnSettingV3] T-Mobile US, 1, 310260, epc.tmobile.com, , http://mms.msg.eng.t-mobile.com/mms/wapenc, , , , -1, *, IP, IP, true, 0, 0, 0, false, 0, 0, 0, 0, , , false
02-20 21:19:45.259  1918  1918 D DCT     : [0]createAllApnList: X mAllApnSettings=[[ApnSettingV3] T-Mobile US, 1, 310260, epc.tmobile.com, , http://mms.msg.eng.t-mobile.com/mms/wapenc, , , , -1, *, IP, IP, true, 0, 0, 0, false, 0, 0, 0, 0, , , false]
02-20 21:19:45.259  1918  1918 D DCT     : [0]setDataProfilesAsNeeded
02-20 21:19:45.259  1918  1918 D DCT     : [0]setInitialApn: E mPreferredApn=[ApnSettingV3] T-Mobile US, 1, 310260, epc.tmobile.com, , http://mms.msg.eng.t-mobile.com/mms/wapenc, , , , -1, *, IP, IP, true, 0, 0, 0, false, 0, 0, 0, 0, , , false
02-20 21:19:45.259  1918  1918 D DCT     : [0]setInitialApn: firstApnSetting=[ApnSettingV3] T-Mobile US, 1, 310260, epc.tmobile.com, , http://mms.msg.eng.t-mobile.com/mms/wapenc, , , , -1, *, IP, IP, true, 0, 0, 0, false, 0, 0, 0, 0, , , false
02-20 21:19:45.259  1918  1918 D DCT     : [0]setInitialApn: defaultApnSetting=[ApnSettingV3] T-Mobile US, 1, 310260, epc.tmobile.com, , http://mms.msg.eng.t-mobile.com/mms/wapenc, , , , -1, *, IP, IP, true, 0, 0, 0, false, 0, 0, 0, 0, , , false
02-20 21:19:45.259  1918  1918 D DCT     : [0]setInitialAttachApn: using mPreferredApn
02-20 21:19:45.259  1918  1918 D DCT     : [0]setInitialAttachApn: X selected Apn=[ApnSettingV3] T-Mobile US, 1, 310260, epc.tmobile.com, , http://mms.msg.eng.t-mobile.com/mms/wapenc, , , , -1, *, IP, IP, true, 0, 0, 0, false, 0, 0, 0, 0, , , false
02-20 21:19:45.259  1918  1918 D RILJ    : Set RIL_REQUEST_SET_INITIAL_ATTACH_APN [SUB0]
02-20 21:19:45.259  1918  1918 D RILJ    : [3739]> RIL_REQUEST_SET_INITIAL_ATTACH_APN, apn:epc.tmobile.com, protocol:IP, authType:-1, username:none, password:none [SUB0]
02-20 21:19:45.260  1375  1461 D RIL     : onRequest: RIL_REQUEST_SET_INITIAL_ATTACH_APN
02-20 21:19:45.260  1375  1461 D RIL     : Request not supported. Tech: 1
02-20 21:19:45.260  1918  1994 D RilRequest: [3739]< RIL_REQUEST_SET_INITIAL_ATTACH_APN error: com.android.internal.telephony.CommandException: REQUEST_NOT_SUPPORTED ret=
02-20 21:19:45.260  1918  1918 D DCT     : [0]onRecordsLoadedOrSubIdChanged: notifying data availability
02-20 21:19:45.271  1918  1918 D DCT     : [0]setupDataOnConnectableApns: simLoaded hipri:[state=IDLE,enabled=false] mms:[state=IDLE,enabled=false] supl:[state=IDLE,enabled=false] ia:[state=IDLE,enabled=false] fota:[state=IDLE,enabled=false] ims:[state=IDLE,enabled=false] cbs:[state=IDLE,enabled=false] default:[state=IDLE,enabled=false] emergency:[state=IDLE,enabled=false] 
02-20 21:19:45.276  1767  1767 E BluetoothAdapter: Bluetooth binder is null
02-20 21:19:45.277  1918  1918 D TelephonyNetworkFactory[0]: onSubIdChange -2->1
02-20 21:19:45.277  1918  1918 D TelephonyNetworkFactory[0]: onDefaultChange(false,true)
02-20 21:19:45.277  1918  1918 D PhoneSwitcher: evaluating due to subChanged phone[0] -2->1
02-20 21:19:45.277  1918  1918 D PhoneSwitcher: activate 0
02-20 21:19:45.277  1918  1918 D RILJ    : [3740]> RIL_REQUEST_ALLOW_DATA allowed: true [SUB0]
02-20 21:19:45.277  1375  1461 D RIL     : onRequest: ALLOW_DATA
02-20 21:19:45.277  1375  1461 D RIL     : Request not supported. Tech: 1
02-20 21:19:45.278  1918  1994 D RilRequest: [3740]< RIL_REQUEST_ALLOW_DATA error: com.android.internal.telephony.CommandException: REQUEST_NOT_SUPPORTED ret=
02-20 21:19:45.300  1767  1767 I CameraManagerGlobal: Connecting to camera service
02-20 21:19:45.303  1918  1918 I Telephony: PstnIncomingCallNotifier: Unregistering: Handler (com.android.internal.telephony.GsmCdmaPhone) {3e6b516}
02-20 21:19:45.303  1366  1366 V EmulatedCamera_Camera: getCameraInfo
02-20 21:19:45.303  1366  1366 V EmulatedCamera_BaseCamera: getCameraInfo
02-20 21:19:45.303  1366  1366 I CameraService: getCameraCharacteristics: Switching to HAL1 shim implementation...
02-20 21:19:45.303  1366  1366 V EmulatedCamera_Camera: getCameraInfo
02-20 21:19:44.221     0     0 D ieee80211 phy0: hw scan 5765 MHz
02-20 21:19:45.303  1366  1366 V EmulatedCamera_BaseCamera: getCameraInfo
02-20 21:19:45.303  1366  1366 I CameraService: CameraService::connect call (PID -1 "cameraserver", camera ID 0) for HAL version default and Camera API version 1
02-20 21:19:45.304  1366  1366 E CameraService: getCameraPriorityFromProcState: Received invalid process state -1 from ActivityManagerService!
02-20 21:19:45.304  1366  1366 V EmulatedCamera_Camera: getCameraInfo
02-20 21:19:45.304  1366  1366 V EmulatedCamera_BaseCamera: getCameraInfo
02-20 21:19:45.313  1918  1918 D SubscriptionController: [getActiveSubscriptionInfo]+ subId=1 subInfo={id=1, iccId=89014103211118510720 simSlotIndex=0 displayName=Android carrierName=Android nameSource=0 iconTint=-16746133 dataRoaming=0 iconBitmap=android.graphics.Bitmap@1e278d3 mcc 310 mnc 260}
02-20 21:19:45.317  1373  2324 E WVMExtractor: Failed to open libwvm.so: dlopen failed: library "libwvm.so" not found
02-20 21:19:45.317  1679  2243 I Telecom : PhoneAccountRegistrar: [ComponentInfo{com.android.phone/com.android.services.telephony.TelephonyConnectionService}, [e2f7d48dd2b5ca523e7313cf4ba0f6ea830b6281], UserHandle{0}(icon: Icon(typ=BITMAP size=76x96) -> Icon(typ=BITMAP size=76x96))]: TSI.rPA@ABQ
02-20 21:19:45.322  1679  2243 I Telecom : : Sending phone-account registered intent as user: TSI.rPA@ABQ
02-20 21:19:45.330  1918  1918 I Telephony: AccountEntry: Registered phoneAccount: [[ ] PhoneAccount: ComponentInfo{com.android.phone/com.android.services.telephony.TelephonyConnectionService}, [e2f7d48dd2b5ca523e7313cf4ba0f6ea830b6281], UserHandle{0} Capabilities: CallProvider MultiUser PlaceEmerg SimSub  Schemes: tel voicemail  Extras: null GroupId: [da39a3ee5e6b4b0d3255bfef95601890afd80709]] with handle: ComponentInfo{com.android.phone/com.android.services.telephony.TelephonyConnectionService}, [e2f7d48dd2b5ca523e7313cf4ba0f6ea830b6281], UserHandle{0}
02-20 21:19:45.330  1918  1918 I Telephony: PstnIncomingCallNotifier: Registering: Handler (com.android.internal.telephony.GsmCdmaPhone) {3e6b516}
02-20 21:19:45.334  1918  1918 D SST     : SubscriptionListener.onSubscriptionInfoChanged
02-20 21:19:45.334  1918  1918 D DCT     : [0]SubscriptionListener.onSubscriptionInfoChanged
02-20 21:19:45.334  1373  2323 D NuPlayerDriver: notifyListener_l(0xf4f28e40), (1, 0, 0), loop setting(0, 0)
02-20 21:19:45.359  1373  2325 D NuPlayerDriver: notifyListener_l(0xf4f29080), (1, 0, 0), loop setting(0, 0)
02-20 21:19:45.360  1918  1918 I Telephony: PstnIncomingCallNotifier: Unregistering: Handler (com.android.internal.telephony.GsmCdmaPhone) {3e6b516}
02-20 21:19:45.373  1373  2329 D NuPlayerDriver: notifyListener_l(0xf4f290e0), (1, 0, 0), loop setting(0, 0)
02-20 21:19:45.375  1918  1918 D SubscriptionController: [getActiveSubscriptionInfo]+ subId=1 subInfo={id=1, iccId=89014103211118510720 simSlotIndex=0 displayName=Android carrierName=Android nameSource=0 iconTint=-16746133 dataRoaming=0 iconBitmap=android.graphics.Bitmap@db62f4b mcc 310 mnc 260}
02-20 21:19:45.376  1366  1366 I CameraFlashlight: Opening camera 0
02-20 21:19:45.376  1366  1366 V EmulatedCamera_Camera: getCameraInfo
02-20 21:19:45.376  1366  1366 V EmulatedCamera_BaseCamera: getCameraInfo
02-20 21:19:45.377  1366  1366 V EmulatedCamera_Camera: connectCamera
02-20 21:19:45.377  1366  1366 V EmulatedCamera_FakeDevice: connectDevice
02-20 21:19:45.377  1366  1366 V EmulatedCamera_CallbackNotifier: setCallbacks: 0xebf25e80, 0xebf25ed0, 0xebf25ff0, 0xebf26110 (0xeb343320)
02-20 21:19:45.377  1366  1366 V EmulatedCamera_CallbackNotifier: enableMessage: msg_type = 0xc0d
02-20 21:19:45.377  1366  1366 V EmulatedCamera_CallbackNotifier:     CAMERA_MSG_ERROR
02-20 21:19:45.377  1366  1366 V EmulatedCamera_CallbackNotifier:     CAMERA_MSG_FOCUS
02-20 21:19:45.377  1366  1366 V EmulatedCamera_CallbackNotifier:     CAMERA_MSG_ZOOM
