02-20 19:34:01.580  1769  1769 D         : HostConnection::get() New Host Connection established 0x76ea64638840, tid 1769
02-20 19:34:01.584  1937  1985 D EGL_emulation: eglMakeCurrent: 0x76ea74d79c00: ver 3 0 (tinfo 0x76ea7f1fa6e0)
02-20 19:34:01.599  1919  1919 D TelephonyManager: setTelephonyProperty: success phoneId=0 property=gsm.network.type value: Unknown propVal=Unknown
02-20 19:34:01.599  1919  1919 D RILJ    : [3654]> SIGNAL_STRENGTH [SUB0]
02-20 19:34:01.599  1377  1475 D RIL     : onRequest: SIGNAL_STRENGTH
02-20 19:34:01.614  1919  2009 D RilRequest: [3654]< SIGNAL_STRENGTH error: com.android.internal.telephony.CommandException: RADIO_NOT_AVAILABLE ret=
02-20 19:34:01.615  1919  1919 D SST     : notifyDataRegStateRilRadioTechnologyChanged: drs=1 rat=0
02-20 19:34:01.615  1919  1919 D TelephonyManager: setTelephonyProperty: success phoneId=0 property=gsm.network.type value: Unknown propVal=Unknown
02-20 19:34:01.631  1679  1679 W VibratorService: Tried to stop vibrating but there is no vibrator device.
02-20 19:34:01.642  1937  1985 D EGL_emulation: eglMakeCurrent: 0x76ea74d79c00: ver 3 0 (tinfo 0x76ea7f1fa6e0)
02-20 19:34:01.644  1919  1919 D DCT     : [0]DCT.constructor
02-20 19:34:01.651  1375  1968 I MediaPlayerService: MediaPlayerService::getOMX
02-20 19:34:01.651  1679  2031 I OMXClient: MuxOMX ctor
02-20 19:34:01.652  1372  1390 I OMXMaster: makeComponentInstance(OMX.google.vorbis.decoder) in mediacodec process
02-20 19:34:01.665  1769  1769 D StorageNotification: Notifying about private volume: VolumeInfo{private}:
02-20 19:34:01.665  1769  1769 D StorageNotification:     type=PRIVATE diskId=null partGuid=null mountFlags=0 mountUserId=-1 
02-20 19:34:01.665  1769  1769 D StorageNotification:     state=MOUNTED 
02-20 19:34:01.665  1769  1769 D StorageNotification:     fsType=null fsUuid=null fsLabel=null 
02-20 19:34:01.665  1769  1769 D StorageNotification:     path=/data internalPath=null 
02-20 19:34:01.667  1679  1691 D TelephonyRegistry: listen oscl: hasNotifySubscriptionInfoChangedOccurred==false no callback
02-20 19:34:01.669  1919  1919 D Dcc     : E ctor
02-20 19:34:01.669  1919  1919 D Dcc     : X ctor
02-20 19:34:01.670  1919  1919 D SubscriptionController: [getPhoneId] asked for default subId=-1
02-20 19:34:01.670  1769  1769 D StorageNotification: Notifying about public volume: VolumeInfo{public:253,64}:
02-20 19:34:01.670  1769  1769 D StorageNotification:     type=PUBLIC diskId=disk:253,64 partGuid=null mountFlags=VISIBLE 
02-20 19:34:01.670  1769  1769 D StorageNotification:     mountUserId=0 state=MOUNTED 
02-20 19:34:01.670  1769  1769 D StorageNotification:     fsType=vfat fsUuid=1E12-0B12 fsLabel=SDCARD 
02-20 19:34:01.670  1769  1769 D StorageNotification:     path=/storage/1E12-0B12 internalPath=/mnt/media_rw/1E12-0B12 
02-20 19:34:01.670  1919  2034 D DcTesterDeacativateAll: register for intent action=com.android.internal.telephony.dataconnection.action_deactivate_all
02-20 19:34:01.670  1919  2034 D DcTesterDeacativateAll: register for intent action=com.android.internal.telephony.action_detached
02-20 19:34:01.671  1919  1919 D DcTesterFailBrinupAll: register for intent action=com.android.internal.telephony.dataconnection.action_fail_bringup
02-20 19:34:01.671  1919  1919 D DcTesterFailBrinupAll: register for intent action=com.android.internal.telephony.action_detached
02-20 19:34:01.671  1919  1919 D DcTesterFailBrinupAll: register for intent action=com.android.internal.telephony.action_attached
02-20 19:34:01.675  2035  2035 W art     : Unexpected CPU variant for X86 using defaults: x86_64
02-20 19:34:01.677  1679  1679 I am_proc_start: [0,2035,10004,com.android.cellbroadcastreceiver,broadcast,com.android.cellbroadcastreceiver/.CellBroadcastReceiver]
02-20 19:34:01.677  1679  1679 I ActivityManager: Start proc 2035:com.android.cellbroadcastreceiver/u0a4 for broadcast com.android.cellbroadcastreceiver/.CellBroadcastReceiver
02-20 19:34:01.678  1679  1679 D ConditionProviders.SCP: onSubscribe condition://android/schedule?days=6.7&start=23.30&end=10.0&exitAtAlarm=false
02-20 19:34:01.685  1919  2034 D Dcc     : DccDefaultState: msg.what=EVENT_RIL_CONNECTED mRilVersion=12
02-20 19:34:01.686  1919  1919 D SST     : notifyDataRegStateRilRadioTechnologyChanged: drs=1 rat=0
02-20 19:34:01.687  1919  1919 D TelephonyManager: setTelephonyProperty: success phoneId=0 property=gsm.network.type value: Unknown propVal=Unknown
02-20 19:34:01.689  1919  1919 D DCT     : [0]update sub = -2
02-20 19:34:01.689  1919  1919 D DCT     : [0]update(): Active DDS, register for all events now!
02-20 19:34:01.690  1919  1919 D GsmCdmaPhone: [GsmCdmaPhone] updateCurrentCarrierInProvider: mSubId = -2 currentDds = 1 operatorNumeric = null
02-20 19:34:01.690  1919  1919 D DCT     : [0]initApnContexts: E
02-20 19:34:01.690  1919  1919 D DCT     : [0]initApnContexts: skipping unknown type=1
02-20 19:34:01.691  1919  1919 D DCT     : [0]initApnContexts: apnContext={mApnType=default mState=IDLE mWaitingApns={null} mApnSetting={null} mReason=dataEnabled mDataEnabled=false mDependencyMet=true}
02-20 19:34:01.691  1919  1919 D DCT     : [0]initApnContexts: apnContext={mApnType=mms mState=IDLE mWaitingApns={null} mApnSetting={null} mReason=dataEnabled mDataEnabled=false mDependencyMet=true}
02-20 19:34:01.691  1919  1919 D DCT     : [0]initApnContexts: apnContext={mApnType=supl mState=IDLE mWaitingApns={null} mApnSetting={null} mReason=dataEnabled mDataEnabled=false mDependencyMet=true}
02-20 19:34:01.691  1919  1919 D DCT     : [0]initApnContexts: apnContext={mApnType=hipri mState=IDLE mWaitingApns={null} mApnSetting={null} mReason=dataEnabled mDataEnabled=false mDependencyMet=true}
02-20 19:34:01.691  1919  1919 D DCT     : [0]initApnContexts: apnContext={mApnType=fota mState=IDLE mWaitingApns={null} mApnSetting={null} mReason=dataEnabled mDataEnabled=false mDependencyMet=true}
02-20 19:34:01.691  1919  1919 D DCT     : [0]initApnContexts: apnContext={mApnType=ims mState=IDLE mWaitingApns={null} mApnSetting={null} mReason=dataEnabled mDataEnabled=false mDependencyMet=true}
02-20 19:34:01.691  1919  1919 D DCT     : [0]initApnContexts: apnContext={mApnType=cbs mState=IDLE mWaitingApns={null} mApnSetting={null} mReason=dataEnabled mDataEnabled=false mDependencyMet=true}
02-20 19:34:01.691  1919  1919 D DCT     : [0]initApnContexts: skipping unknown type=13
02-20 19:34:01.691  1919  1919 D DCT     : [0]initApnContexts: apnContext={mApnType=ia mState=IDLE mWaitingApns={null} mApnSetting={null} mReason=dataEnabled mDataEnabled=false mDependencyMet=true}
02-20 19:34:01.691  1919  1919 D DCT     : [0]initApnContexts: apnContext={mApnType=emergency mState=IDLE mWaitingApns={null} mApnSetting={null} mReason=dataEnabled mDataEnabled=false mDependencyMet=true}
02-20 19:34:01.692  1679  1690 I am_proc_bound: [0,2035,com.android.cellbroadcastreceiver]
02-20 19:34:01.703  1679  1693 I boot_progress_enable_screen: 12703
02-20 19:34:01.704  1679  1693 V KeyguardServiceDelegate: *** Keyguard started
02-20 19:34:01.704  1679  1693 I screen_toggled: 1
02-20 19:34:01.711  1679  1693 W KeyguardServiceDelegate: onScreenTurningOn(): no keyguard service!
02-20 19:34:01.716  1679  1700 I am_activity_launch_time: [0,198870554,com.android.settings/.FallbackHome,981,981]
02-20 19:34:01.716  1679  1700 I ActivityManager: Displayed com.android.settings/.FallbackHome: +981ms
02-20 19:34:01.717  1679  1700 I WindowManager: Screen frozen for +920ms due to AppWindowToken{db21041 token=Token{303354b ActivityRecord{bda861a u0 com.android.settings/.FallbackHome t1}}}
02-20 19:34:01.722  1679  1679 D ConditionProviders.SCP: setRegistered true
02-20 19:34:01.723  1679  1679 D ConditionProviders.SCP: notifyCondition condition://android/schedule?days=6.7&start=23.30&end=10.0&exitAtAlarm=false STATE_FALSE reason=!meetsSchedule
02-20 19:34:01.730  1679  1679 D ConditionProviders.SCP: Scheduling evaluate for Tue Feb 20 23:30:00 GMT+00:00 2018 (1519169400000), in +3h55m58s278ms, now=Tue Feb 20 19:34:01 GMT+00:00 2018 (1519155241722)
02-20 19:34:01.731  1679  1679 D ConditionProviders.SCP: onSubscribe condition://android/schedule?days=1.2.3.4.5&start=22.0&end=7.0&exitAtAlarm=false
02-20 19:34:01.731  1679  1679 D ConditionProviders.SCP: notifyCondition condition://android/schedule?days=6.7&start=23.30&end=10.0&exitAtAlarm=false STATE_FALSE reason=!meetsSchedule
02-20 19:34:01.731  1919  1919 D GsmCdmaPhone: [GsmCdmaPhone] GsmCdmaPhone: constructor: sub = 0
02-20 19:34:01.731  1919  1919 I PhoneFactory: Creating Phone with type = 1 sub = 0
02-20 19:34:01.731  1679  1679 D ConditionProviders.SCP: notifyCondition condition://android/schedule?days=1.2.3.4.5&start=22.0&end=7.0&exitAtAlarm=false STATE_FALSE reason=!meetsSchedule
02-20 19:34:01.732  1919  1919 I PhoneFactory: defaultSmsApplication: NONE
02-20 19:34:01.733  1919  1919 I PhoneFactory: Creating SubInfoRecordUpdater 
02-20 19:34:01.733  1919  1919 D SubscriptionInfoUpdater: Constructor invoked
02-20 19:34:01.734  1679  1679 D ConditionProviders.SCP: Scheduling evaluate for Tue Feb 20 22:00:00 GMT+00:00 2018 (1519164000000), in +2h25m58s269ms, now=Tue Feb 20 19:34:01 GMT+00:00 2018 (1519155241731)
02-20 19:34:01.739  1679  1742 I WifiScanningService: wifi driver loaded with scan capabilities: max buckets=16
02-20 19:34:01.740  1679  1679 D RttService: SCAN_AVAILABLE : 3
02-20 19:34:01.740  1679  1743 D RttService: DefaultState got{ when=0 what=160512 target=com.android.internal.util.StateMachine$SmHandler }
02-20 19:34:01.740  1679  1679 I Telecom : WiredHeadsetManager: ACTION_HEADSET_PLUG event, plugged in: false, : WHC.oADA@AAE
02-20 19:34:01.748  1679  1679 I ActivityManager: user 0 is still locked. Cannot load recents
02-20 19:34:01.756  1679  1689 I art     : Background sticky concurrent mark sweep GC freed 27869(2MB) AllocSpace objects, 10(232KB) LOS objects, 10% free, 21MB/24MB, paused 1.586ms total 110.570ms
02-20 19:34:01.757  1679  1679 D TelephonyRegistry: notifyCellLocationForSubscriber: subId=0 cellLocation=Bundle[{}]
02-20 19:34:01.758  1919  1932 D SubscriptionController: [getPhoneId]- no sims, returning default phoneId=2147483647
02-20 19:34:01.758  1679  1679 I notification_enqueue: [10028,1769,com.android.systemui,1397773634,public:253,64,-1,Notification(pri=0 contentView=null vibrate=null sound=null defaults=0x0 flags=0x100 color=0xff607d8b category=sys actions=2 vis=PUBLIC),0]
02-20 19:34:01.782  1679  1690 D TelephonyRegistry: listen oscl: hasNotifySubscriptionInfoChangedOccurred==false no callback
02-20 19:34:01.782  1919  1919 D SubscriptionController: [getPhoneId]- no sims, returning default phoneId=2147483647
02-20 19:34:01.783  1375  1375 I MediaPlayerService: MediaPlayerService::getOMX
02-20 19:34:01.783  1679  2053 I OMXClient: MuxOMX ctor
02-20 19:34:01.796  1372  1390 I OMXMaster: makeComponentInstance(OMX.google.vorbis.decoder) in mediacodec process
02-20 19:34:01.796  1679  1691 D TelephonyRegistry: listen oscl: hasNotifySubscriptionInfoChangedOccurred==false no callback
02-20 19:34:01.796  1919  1919 D PhoneSwitcherNetworkRequstListener: Registering NetworkFactory
02-20 19:34:01.797  1679  1744 D ConnectivityService: Got NetworkFactory Messenger for PhoneSwitcherNetworkRequstListener
02-20 19:34:01.797  1919  1919 D PhoneSwitcher: PhoneSwitcher started
02-20 19:34:01.797  1919  1919 D ProxyController: Constructor - Enter
02-20 19:34:01.805  1919  1919 D ProxyController: clearTransaction
02-20 19:34:01.805  1919  1919 D ProxyController: clearTransaction: phoneId=0 status=IDLE
02-20 19:34:01.805  1919  1919 D ProxyController: Constructor - Exit
02-20 19:34:01.805  1919  1919 D TelephonyNetworkFactory[0]: Registering NetworkFactory
02-20 19:34:01.805  1679  1744 D ConnectivityService: Got NetworkFactory Messenger for TelephonyNetworkFactory[0]
02-20 19:34:01.806  1919  1919 D CallManager: registerPhone(GSM Handler (com.android.internal.telephony.GsmCdmaPhone) {a9d9a51})
02-20 19:34:01.808  1679  1963 D TelephonyRegistry: listen oscl: hasNotifySubscriptionInfoChangedOccurred==false no callback
02-20 19:34:01.831     0     0 D ieee80211 phy1: mac80211_hwsim_configure_filter
02-20 19:34:01.846  1919  1935 D SubscriptionController: [getPhoneId]- no sims, returning default phoneId=2147483647
02-20 19:34:01.877  2035  2035 W System  : ClassLoader referenced unknown path: /system/priv-app/CellBroadcastReceiver/lib/x86_64
02-20 19:34:01.883  1679  1750 E ActivityThread: Failed to find provider info for com.android.calendar
02-20 19:34:01.894  1679  1750 E ActivityThread: Failed to find provider info for com.android.calendar
02-20 19:34:01.901  1679  1692 I SyncManager: Got SyncJobService instance.
02-20 19:34:01.902  1679  1679 I FusedLocation: engine started (com.android.location.fused)
02-20 19:34:01.913  1679  1797 W art     : Long monitor contention with owner android.display (1700) at void com.android.server.wm.WindowManagerService$H.handleMessage(android.os.Message)(WindowManagerService.java:8368) waiters=1 in int com.android.server.wm.WindowManagerService.addWindow(com.android.server.wm.Session, android.view.IWindow, int, android.view.WindowManager$LayoutParams, int, int, android.graphics.Rect, android.graphics.Rect, android.graphics.Rect, android.view.InputChannel) for 115ms
02-20 19:34:01.913  1679  1797 I dvm_lock_sample: [system_server,1,Binder:1679_4,115,WindowManagerService.java,1887,-,8368,23]
02-20 19:34:01.922  1679  1749 D NotificationSQLiteLog: Pruned event entries: 0
02-20 19:34:01.924  1919  1919 D CarrierConfigLoader: CarrierConfigLoader has started
02-20 19:34:01.924  1919  1919 E BluetoothAdapter: Bluetooth binder is null
02-20 19:34:01.924  1679  1797 D TelephonyRegistry: listen oscl: hasNotifySubscriptionInfoChangedOccurred==false no callback
02-20 19:34:01.941  1919  2060 E ActivityThread: Failed to find provider info for com.android.contacts
02-20 19:34:01.941  1919  2060 W CallerInfoCache: cursor is null
02-20 19:34:01.975  1919  1919 D RILJ    : [3655]> RIL_REQUEST_SET_TTY_MODE : 0 [SUB0]
02-20 19:34:01.975  1377  1475 D RIL     : onRequest: SET_TTY_MODE
02-20 19:34:01.976  1919  2009 D RilRequest: [3655]< RIL_REQUEST_SET_TTY_MODE error: com.android.internal.telephony.CommandException: RADIO_NOT_AVAILABLE ret=
02-20 19:34:01.976  1919  1919 I Telephony: TtyManager: updateUiTtyMode -1 -> 0
02-20 19:34:01.990  1679  1963 D TelephonyRegistry: listen oscl: hasNotifySubscriptionInfoChangedOccurred==false no callback
02-20 19:34:01.991  1919  1919 D SubscriptionController: [getPhoneId] asked for default subId=-1
02-20 19:34:01.993  1919  1919 D UiccController: Received EVENT_ICC_STATUS_CHANGED, calling getIccCardStatus
02-20 19:34:01.994  1919  1919 D RILJ    : [3656]> GET_SIM_STATUS [SUB0]
02-20 19:34:01.995  1377  1475 D RIL     : onRequest: GET_SIM_STATUS
02-20 19:34:01.995  1377  1475 D RIL     : getSIMStatus(). sState: 0
02-20 19:34:01.996  1919  2009 D RILJ    : [3656]< GET_SIM_STATUS IccCardState {CARDSTATE_PRESENT,PINSTATE_UNKNOWN,num_apps=2,gsm_id=0{APPTYPE_SIM,APPSTATE_DETECTED},cdma_id=1{APPTYPE_RUIM,APPSTATE_DETECTED},ims_id=8} [SUB0]
02-20 19:34:01.996  1919  1919 D Phone   : config LCE service failed: com.android.internal.telephony.CommandException: RADIO_NOT_AVAILABLE
02-20 19:34:01.996  1919  1919 D GsmSMSDispatcher: GsmSMSDispatcher: subId = -2 slotId = 0
02-20 19:34:01.996  1919  1919 E IccCardProxy: setExternalState: !override and newstate unchanged from NOT_READY
02-20 19:34:01.997  1919  1919 D RILJ    : [3657]> BASEBAND_VERSION [SUB0]
02-20 19:34:01.997  1377  1475 D RIL     : onRequest: BASEBAND_VERSION
02-20 19:34:01.997  1919  2009 D RilRequest: [3657]< BASEBAND_VERSION error: com.android.internal.telephony.CommandException: RADIO_NOT_AVAILABLE ret=
02-20 19:34:01.997  1919  1919 D RILJ    : [3658]> GET_IMEI [SUB0]
02-20 19:34:01.998  1377  1475 D RIL     : onRequest: GET_IMEI
02-20 19:34:01.998  1377  1475 D AT      : AT> AT+CGSN
02-20 19:34:01.998  1377  1478 D AT      : AT< 000000000000000
02-20 19:34:01.998  1377  1478 D AT      : AT< OK
02-20 19:34:01.998  1919  1919 D RILJ    : [3659]> GET_IMEISV [SUB0]
02-20 19:34:01.998  1919  2009 D RILJ    : [3658]< GET_IMEI  [SUB0]
02-20 19:34:01.998  1377  1475 D RIL     : onRequest: GET_IMEISV
02-20 19:34:01.998  1919  2009 D RilRequest: [3659]< GET_IMEISV error: com.android.internal.telephony.CommandException: RADIO_NOT_AVAILABLE ret=
02-20 19:34:01.999  1919  1919 D RILJ    : [3660]> RIL_REQUEST_GET_RADIO_CAPABILITY [SUB0]
02-20 19:34:01.999  1377  1475 D RIL     : onRequest: RIL_REQUEST_GET_RADIO_CAPABILITY
02-20 19:34:01.999  1919  2009 D RilRequest: [3660]< RIL_REQUEST_GET_RADIO_CAPABILITY error: com.android.internal.telephony.CommandException: RADIO_NOT_AVAILABLE ret=
02-20 19:34:02.001  1919  1919 D RILJ    : [3661]> RIL_REQUEST_START_LCE [SUB0]
02-20 19:34:02.002  1919  1919 D GsmCdmaPhone: [GsmCdmaPhone] Event EVENT_RADIO_OFF_OR_NOT_AVAILABLE Received
02-20 19:34:02.002  1919  1919 E IccCardProxy: setExternalState: !override and newstate unchanged from NOT_READY
02-20 19:34:02.002  1919  1919 D SST     : mDeviceShuttingDown=false, mDesiredPowerState=true, getRadioState=RADIO_OFF, mPowerOffDelayNeed=true, mAlarmSwitch=false, mRadioDisabledByCarrier=false
02-20 19:34:02.002  1919  1919 D RILJ    : [3662]> RADIO_POWER on [SUB0]
02-20 19:34:02.002  1377  1475 D RIL     : onRequest: <unknown request>
02-20 19:34:02.002  1919  2009 D RilRequest: [3661]< RIL_REQUEST_START_LCE error: com.android.internal.telephony.CommandException: RADIO_NOT_AVAILABLE ret=
02-20 19:34:02.003  1377  1475 D RIL     : onRequest: RADIO_POWER
02-20 19:34:02.003  1377  1475 D AT      : AT> AT+CFUN=1
02-20 19:34:02.003  1919  1919 D RILJ    : [3663]> OPERATOR [SUB0]
02-20 19:34:02.003  1377  1478 D AT      : AT< OK
02-20 19:34:02.003  1919  1919 D RILJ    : [3664]> DATA_REGISTRATION_STATE [SUB0]
02-20 19:34:02.003  1919  1919 D RILJ    : [3665]> VOICE_REGISTRATION_STATE [SUB0]
02-20 19:34:02.003  1919  1919 D RILJ    : [3666]> QUERY_NETWORK_SELECTION_MODE [SUB0]
02-20 19:34:02.003  1919  1919 D SST     : NITZ: 18/02/20:19:33:54+0:0:Unknown!Unknown,4158 start=13003 delay=8845
02-20 19:34:02.004  1377  1475 D RIL     : setRadioState(10)
02-20 19:34:02.004  1377  1475 D RIL     : onRequest: OPERATOR
02-20 19:34:02.004  1377  1475 D AT      : AT> AT+COPS=3,0;+COPS?;+COPS=3,1;+COPS?;+COPS=3,2;+COPS?
02-20 19:34:02.004  1919  1919 D SST     : NITZ: tzOffset=0 dst=0 zone=GMT iso= mGotCountryCode=false mNeedFixZoneAfterNitz=false
02-20 19:34:02.004  1377  1478 D AT      : AT< +COPS: 0,0,"Android"
02-20 19:34:02.004  1377  1478 D AT      : AT< +COPS: 0,1,"Android"
02-20 19:34:02.004  1377  1478 D AT      : AT< +COPS: 0,2,"310260"
02-20 19:34:02.004  1377  1478 D AT      : AT< OK
02-20 19:34:02.004  1919  2009 D RILJ    : [UNSL]< UNSOL_RESPONSE_RADIO_STATE_CHANGED RADIO_ON [SUB0]
02-20 19:34:02.004  1919  2009 D RILJ    : [UNSL]< UNSOL_RESPONSE_SIM_STATUS_CHANGED [SUB0]
02-20 19:34:02.004  1919  2009 D RILJ    : [3662]< RADIO_POWER  [SUB0]
02-20 19:34:02.004  1919  1919 D SST     : setAndBroadcastNetworkSetTimeZone: setTimeZone=GMT
02-20 19:34:02.004  1377  1475 D RIL     : onRequest: DATA_REGISTRATION_STATE
02-20 19:34:02.004  1377  1475 D RIL     : requestRegistrationState
02-20 19:34:02.004  1377  1475 D AT      : AT> AT+CGREG?
02-20 19:34:02.004  1679  1963 D AlarmManagerService: Kernel timezone updated to 0 minutes west of GMT
02-20 19:34:02.005  1377  1478 D AT      : AT< +CGREG: 1,1,"0003","005b","000e"
02-20 19:34:02.005  1377  1478 D AT      : AT< OK
02-20 19:34:02.005  1377  1475 D RIL     : parseRegistrationState. Parsing: +CGREG: 1,1,"0003","005b","000e"
02-20 19:34:02.005  1377  1475 D RIL     : registration state type: 3GPP
02-20 19:34:02.005  1377  1475 D RIL     : onRequest: VOICE_REGISTRATION_STATE
02-20 19:34:02.005  1377  1475 D RIL     : requestRegistrationState
02-20 19:34:02.005  1377  1475 D AT      : AT> AT+CREG?
02-20 19:34:02.005  1377  1478 D AT      : AT< +CREG: 2,1, "0003", "005b"
02-20 19:34:02.005  1377  1478 D AT      : AT< OK
02-20 19:34:02.005  1919  2009 D RILJ    : [3663]< OPERATOR {Android, Android, 310260} [SUB0]
02-20 19:34:02.005  1377  1475 D RIL     : parseRegistrationState. Parsing: +CREG: 2,1, "0003", "005b"
02-20 19:34:02.005  1377  1475 D RIL     : registration state type: 3GPP
02-20 19:34:02.005  1377  1475 D RIL     : onRequest: QUERY_NETWORK_SELECTION_MODE
02-20 19:34:02.005  1377  1475 D AT      : AT> AT+COPS?
02-20 19:34:02.005  1919  2009 D RILJ    : [3664]< DATA_REGISTRATION_STATE {1, 3, 5b, 14, null, null} [SUB0]
02-20 19:34:02.005  1377  1478 D AT      : AT< +COPS: 0,2,310260
02-20 19:34:02.005  1377  1478 D AT      : AT< OK
02-20 19:34:02.007  1919  2009 D RILJ    : [3665]< VOICE_REGISTRATION_STATE {1, 3, 5b, 0, null, null, null, null, null, null, null, null, null, null, null} [SUB0]
02-20 19:34:02.007  1919  2009 D RILJ    : [3666]< QUERY_NETWORK_SELECTION_MODE {0} [SUB0]
02-20 19:34:02.008  1919  1919 D SST     : setAndBroadcastNetworkSetTimeZone: call alarm.setTimeZone and broadcast zoneId=GMT
02-20 19:34:02.009  1919  1919 D SST     : NITZ: Setting time of day to Tue Feb 20 19:34:02 GMT+00:00 2018 NITZ receive delay(ms): 8851 gained(ms): 842 from 18/02/20:19:33:54+0:0:Unknown!Unknown
02-20 19:34:02.009  1919  1919 D SST     : setAndBroadcastNetworkSetTime: time=1519155242851ms
02-20 19:34:02.009  1679  1754 D AlarmManagerService: Setting time of day to sec=1519155242
02-20 19:34:02.851  1679  1754 W AlarmManagerService: Unable to set rtc to 1519155242: No such device
02-20 19:34:02.852  1679  1679 D ConditionProviders.SCP: onReceive android.intent.action.TIME_SET
02-20 19:34:02.852  1679  1679 D ConditionProviders.SCP: notifyCondition condition://android/schedule?days=6.7&start=23.30&end=10.0&exitAtAlarm=false STATE_FALSE reason=!meetsSchedule
02-20 19:34:02.852  1679  1679 D ConditionProviders.SCP: notifyCondition condition://android/schedule?days=1.2.3.4.5&start=22.0&end=7.0&exitAtAlarm=false STATE_FALSE reason=!meetsSchedule
02-20 19:34:02.852  1679  1679 D ConditionProviders.SCP: Scheduling evaluate for Tue Feb 20 22:00:00 GMT+00:00 2018 (1519164000000), in +2h25m57s148ms, now=Tue Feb 20 19:34:02 GMT+00:00 2018 (1519155242852)
02-20 19:34:02.853  1679  1750 E ActivityThread: Failed to find provider info for com.android.calendar
02-20 19:34:02.853  1679  1750 E ActivityThread: Failed to find provider info for com.android.calendar
02-20 19:34:02.857  1919  1919 I SST     : NITZ: after Setting time of day
02-20 19:34:02.857  1919  1919 D SST     : NITZ: end=13016 dur=13
02-20 19:34:02.858  1919  1919 D SST     : mDeviceShuttingDown=false, mDesiredPowerState=true, getRadioState=RADIO_ON, mPowerOffDelayNeed=true, mAlarmSwitch=false, mRadioDisabledByCarrier=false
02-20 19:34:02.858  1919  1919 D RILJ    : [3667]> OPERATOR [SUB0]
02-20 19:34:02.859  1919  1919 D RILJ    : [3668]> DATA_REGISTRATION_STATE [SUB0]
02-20 19:34:02.859  1377  1475 D RIL     : onRequest: OPERATOR
02-20 19:34:02.859  1377  1475 D AT      : AT> AT+COPS=3,0;+COPS?;+COPS=3,1;+COPS?;+COPS=3,2;+COPS?
02-20 19:34:02.859  1377  1478 D AT      : AT< +COPS: 0,0,"Android"
02-20 19:34:02.859  1377  1478 D AT      : AT< +COPS: 0,1,"Android"
02-20 19:34:02.859  1377  1478 D AT      : AT< +COPS: 0,2,"310260"
02-20 19:34:02.859  1377  1478 D AT      : AT< OK
02-20 19:34:02.859  1919  1919 D RILJ    : [3669]> VOICE_REGISTRATION_STATE [SUB0]
02-20 19:34:02.859  1377  1475 D RIL     : onRequest: DATA_REGISTRATION_STATE
02-20 19:34:02.859  1377  1475 D RIL     : requestRegistrationState
02-20 19:34:02.859  1377  1475 D AT      : AT> AT+CGREG?
02-20 19:34:02.859  1919  2009 D RILJ    : [3667]< OPERATOR {Android, Android, 310260} [SUB0]
02-20 19:34:02.859  1377  1478 D AT      : AT< +CGREG: 1,1,"0003","005b","000e"
02-20 19:34:02.860  1377  1478 D AT      : AT< OK
02-20 19:34:02.860  1377  1475 D RIL     : parseRegistrationState. Parsing: +CGREG: 1,1,"0003","005b","000e"
02-20 19:34:02.860  1377  1475 D RIL     : registration state type: 3GPP
02-20 19:34:02.860  1919  1919 D RILJ    : [3670]> QUERY_NETWORK_SELECTION_MODE [SUB0]
02-20 19:34:02.860  1919  2009 D RILJ    : [3668]< DATA_REGISTRATION_STATE {1, 3, 5b, 14, null, null} [SUB0]
02-20 19:34:02.860  1377  1475 D RIL     : onRequest: VOICE_REGISTRATION_STATE
02-20 19:34:02.860  1377  1475 D RIL     : requestRegistrationState
02-20 19:34:02.860  1377  1475 D AT      : AT> AT+CREG?
02-20 19:34:02.860  1377  1478 D AT      : AT< +CREG: 2,1, "0003", "005b"
02-20 19:34:02.860  1377  1478 D AT      : AT< OK
02-20 19:34:02.860  1377  1475 D RIL     : parseRegistrationState. Parsing: +CREG: 2,1, "0003", "005b"
02-20 19:34:02.860  1377  1475 D RIL     : registration state type: 3GPP
02-20 19:34:02.860  1919  1919 D SST     : onSignalStrengthResult() Exception from RIL : com.android.internal.telephony.CommandException: RADIO_NOT_AVAILABLE
02-20 19:34:02.861  1377  1475 D RIL     : onRequest: QUERY_NETWORK_SELECTION_MODE
02-20 19:34:02.861  1377  1475 D AT      : AT> AT+COPS?
02-20 19:34:02.861  1919  2009 D RILJ    : [3669]< VOICE_REGISTRATION_STATE {1, 3, 5b, 0, null, null, null, null, null, null, null, null, null, null, null} [SUB0]
02-20 19:34:02.861  1377  1478 D AT      : AT< +COPS: 0,2,310260
02-20 19:34:02.861  1377  1478 D AT      : AT< OK
02-20 19:34:02.861  1919  2009 D RILJ    : [3670]< QUERY_NETWORK_SELECTION_MODE {0} [SUB0]
02-20 19:34:02.877  1919  1919 D DCT     : [0]NETWORK_STATE_CHANGED_ACTION: mIsWifiConnected=false
02-20 19:34:02.877  1919  1919 D DCT     : [0]Wifi state changed
02-20 19:34:02.877  1919  1919 D DCT     : [0]WIFI_STATE_CHANGED_ACTION: enabled=true mIsWifiConnected=false
02-20 19:34:02.877  1919  1919 D DCT     : [0]onRadioAvailable
02-20 19:34:02.877  1919  1919 D DCT     : [0]onRadioOffOrNotAvailable: is off and clean up all connections
02-20 19:34:02.877  1919  1919 D DCT     : [0]cleanUpAllConnections: tearDown=false reason=radioTurnedOff
02-20 19:34:02.877  1919  1919 D GsmCdmaPhone: [GsmCdmaPhone] getDataConnectionState apnType=default ret=DISCONNECTED
02-20 19:34:02.880  1919  1919 D DCT     : [0]cleanUpConnection: X tearDown=false reason=radioTurnedOff apnContext={mApnType=default mState=IDLE mWaitingApns={null} mApnSetting={null} mReason=radioTurnedOff mDataEnabled=false mDependencyMet=true} dcac=null
02-20 19:34:02.880  1919  1919 D GsmCdmaPhone: [GsmCdmaPhone] getDataConnectionState apnType=mms ret=DISCONNECTED
02-20 19:34:02.881  1919  1919 D DCT     : [0]cleanUpConnection: X tearDown=false reason=radioTurnedOff apnContext={mApnType=mms mState=IDLE mWaitingApns={null} mApnSetting={null} mReason=radioTurnedOff mDataEnabled=false mDependencyMet=true} dcac=null
02-20 19:34:02.881  1919  1919 D GsmCdmaPhone: [GsmCdmaPhone] getDataConnectionState apnType=cbs ret=DISCONNECTED
02-20 19:34:02.893  1313  2025 I SurfaceFlinger: Boot is finished (11145 ms)
02-20 19:34:02.893  1919  1919 D DCT     : [0]cleanUpConnection: X tearDown=false reason=radioTurnedOff apnContext={mApnType=cbs mState=IDLE mWaitingApns={null} mApnSetting={null} mReason=radioTurnedOff mDataEnabled=false mDependencyMet=true} dcac=null
02-20 19:34:02.893  1919  1919 D GsmCdmaPhone: [GsmCdmaPhone] getDataConnectionState apnType=fota ret=DISCONNECTED
02-20 19:34:02.895  1313  2025 I sf_stop_bootanim: 13053
02-20 19:34:02.896  1919  1919 D DCT     : [0]cleanUpConnection: X tearDown=false reason=radioTurnedOff apnContext={mApnType=fota mState=IDLE mWaitingApns={null} mApnSetting={null} mReason=radioTurnedOff mDataEnabled=false mDependencyMet=true} dcac=null
02-20 19:34:02.896  1919  1919 D GsmCdmaPhone: [GsmCdmaPhone] getDataConnectionState apnType=supl ret=DISCONNECTED
02-20 19:34:02.899  1919  1919 D DCT     : [0]cleanUpConnection: X tearDown=false reason=radioTurnedOff apnContext={mApnType=supl mState=IDLE mWaitingApns={null} mApnSetting={null} mReason=radioTurnedOff mDataEnabled=false mDependencyMet=true} dcac=null
02-20 19:34:02.899  1919  1919 D GsmCdmaPhone: [GsmCdmaPhone] getDataConnectionState apnType=ia ret=DISCONNECTED
02-20 19:34:02.900  1919  1919 D DCT     : [0]cleanUpConnection: X tearDown=false reason=radioTurnedOff apnContext={mApnType=ia mState=IDLE mWaitingApns={null} mApnSetting={null} mReason=radioTurnedOff mDataEnabled=false mDependencyMet=true} dcac=null
02-20 19:34:02.900  1919  1919 D GsmCdmaPhone: [GsmCdmaPhone] getDataConnectionState apnType=emergency ret=DISCONNECTED
02-20 19:34:02.900  1919  1919 D DCT     : [0]cleanUpConnection: X tearDown=false reason=radioTurnedOff apnContext={mApnType=emergency mState=IDLE mWaitingApns={null} mApnSetting={null} mReason=radioTurnedOff mDataEnabled=false mDependencyMet=true} dcac=null
02-20 19:34:02.900  1919  1919 D GsmCdmaPhone: [GsmCdmaPhone] getDataConnectionState apnType=hipri ret=DISCONNECTED
02-20 19:34:02.900  1919  1919 D DCT     : [0]cleanUpConnection: X tearDown=false reason=radioTurnedOff apnContext={mApnType=hipri mState=IDLE mWaitingApns={null} mApnSetting={null} mReason=radioTurnedOff mDataEnabled=false mDependencyMet=true} dcac=null
02-20 19:34:02.900  1919  1919 D GsmCdmaPhone: [GsmCdmaPhone] getDataConnectionState apnType=ims ret=DISCONNECTED
02-20 19:34:02.901  1919  1919 D DCT     : [0]cleanUpConnection: X tearDown=false reason=radioTurnedOff apnContext={mApnType=ims mState=IDLE mWaitingApns={null} mApnSetting={null} mReason=radioTurnedOff mDataEnabled=false mDependencyMet=true} dcac=null
02-20 19:34:02.901  1919  1919 D DCT     : [0]stopNetStatPoll
02-20 19:34:02.903  1919  1919 D DCT     : [0]cleanUpConnection: mDisconnectPendingCount = 0
02-20 19:34:02.903  1919  1919 D DCT     : [0]isDataAllowed: No - Not attached - SIM not loaded
02-20 19:34:02.919  1919  1919 D DCT     : [0]onDataConnectionDetached: stop polling and notify detached
02-20 19:34:02.919  1919  1919 D DCT     : [0]stopNetStatPoll
02-20 19:34:02.919  1919  1919 D DCT     : [0]notifyDataConnection: reason=dataDetached
02-20 19:34:02.920  1919  1919 D DCT     : [0]isDataAllowed: No - Not attached - SIM not loaded
02-20 19:34:02.933  1919  1919 D DCT     : [0]onRoamingOff
02-20 19:34:02.931  2062  2062 I auditd  : type=1400 audit(0.0:11): avc: denied { getattr } for comm="bootstat" path="/vendor" dev="rootfs" ino=3997 scontext=u:r:bootstat:s0 tcontext=u:object_r:rootfs:s0 tclass=lnk_file permissive=0
02-20 19:34:02.931  2062  2062 W bootstat: type=1400 audit(0.0:11): avc: denied { getattr } for path="/vendor" dev="rootfs" ino=3997 scontext=u:r:bootstat:s0 tcontext=u:object_r:rootfs:s0 tclass=lnk_file permissive=0
02-20 19:34:02.093     0     0 I init    : Service 'bootanim' (pid 1333) exited with status 0
02-20 19:34:02.094     0     0 I init    : Starting service 'exec 6 (/system/bin/bootstat)'...
02-20 19:34:02.106     0     0 I init    : Service 'exec 6 (/system/bin/bootstat)' (pid 2062) exited with status 0
02-20 19:34:02.107     0     0 I init    : Starting service 'exec 7 (/system/bin/bootstat)'...
02-20 19:34:02.934  1919  1919 D DCT     : [0]isDataAllowed: No - Not attached - SIM not loaded
02-20 19:34:02.944  2062  2062 I bootstat: Service started: /system/bin/bootstat --record_boot_complete 
02-20 19:34:02.945  2062  2062 I bootstat: Logging histogram: bootstat_mtime_matches_content 1
02-20 19:34:02.945  2062  2062 I sysui_histogram: [bootstat_mtime_matches_content,1]
02-20 19:34:02.946  2062  2062 I bootstat: Logging histogram: bootstat_mtime_matches_content 1
02-20 19:34:02.946  2062  2062 I sysui_histogram: [bootstat_mtime_matches_content,1]
02-20 19:34:02.946  2062  2062 I bootstat: Logging histogram: bootstat_mtime_matches_content 1
02-20 19:34:02.946  2062  2062 I sysui_histogram: [bootstat_mtime_matches_content,1]
02-20 19:34:02.950  1919  1919 D DCT     : [0]setupDataOnConnectableApns: roamingOff hipri:[state=IDLE,enabled=false] mms:[state=IDLE,enabled=false] supl:[state=IDLE,enabled=false] ia:[state=IDLE,enabled=false] fota:[state=IDLE,enabled=false] ims:[state=IDLE,enabled=false] cbs:[state=IDLE,enabled=false] default:[state=IDLE,enabled=false] emergency:[state=IDLE,enabled=false] 
02-20 19:34:02.950  1919  1919 D DCT     : [0]setupDataOnConnectableApns: nwTypeChanged hipri:[state=IDLE,enabled=false] mms:[state=IDLE,enabled=false] supl:[state=IDLE,enabled=false] ia:[state=IDLE,enabled=false] fota:[state=IDLE,enabled=false] ims:[state=IDLE,enabled=false] cbs:[state=IDLE,enabled=false] default:[state=IDLE,enabled=false] emergency:[state=IDLE,enabled=false] 
02-20 19:34:02.950  1919  1919 D SubscriptionInfoUpdater: [Receiver]+
02-20 19:34:02.950  1919  1919 D SubscriptionInfoUpdater: Action: android.intent.action.SIM_STATE_CHANGED
02-20 19:34:02.950  1919  1919 D SubscriptionInfoUpdater: slotId: 0
02-20 19:34:02.950  1919  1919 D SubscriptionInfoUpdater: simStatus: NOT_READY
02-20 19:34:02.950  1919  1919 D SubscriptionInfoUpdater: Ignoring simStatus: NOT_READY
02-20 19:34:02.950  1919  1919 D SubscriptionInfoUpdater: [Receiver]-
02-20 19:34:02.951  1919  1919 D PhoneSwitcherNetworkRequstListener: got request NetworkRequest [ REQUEST id=1, [ Capabilities: INTERNET&NOT_RESTRICTED&TRUSTED&NOT_VPN] ] with score 0
02-20 19:34:02.951  1919  1919 D TelephonyNetworkFactory[0]: onSubIdChange -1->-2
02-20 19:34:02.951  1919  1919 D TelephonyNetworkFactory[0]: got request NetworkRequest [ REQUEST id=1, [ Capabilities: INTERNET&NOT_RESTRICTED&TRUSTED&NOT_VPN] ] with score 0
02-20 19:34:02.952  1919  1919 D DebugService: DebugService DebugService:
02-20 19:34:02.952  1919  1919 D TelephonyDebugService: TelephonyDebugService()
02-20 19:34:02.960  1919  1919 D CarrierConfigLoader: mHandler: 12 phoneId: 0
02-20 19:34:02.964  1919  1919 D RILJ    : [3671]> RIL_REQUEST_QUERY_TTY_MODE [SUB0]
02-20 19:34:02.965  1919  1919 D UiccController: Received EVENT_GET_ICC_STATUS_DONE
02-20 19:34:02.965  1919  1919 D UiccCard: 2 applications
02-20 19:34:02.965  1919  1919 D UiccCardApplication: Creating UiccApp: {APPTYPE_SIM,APPSTATE_DETECTED}
02-20 19:34:02.965  1377  1475 D RIL     : onRequest: QUERY_TTY_MODE
02-20 19:34:02.965  1377  1475 D RIL     : Request not supported. Tech: 1
02-20 19:34:02.965  1919  2009 D RilRequest: [3671]< RIL_REQUEST_QUERY_TTY_MODE error: com.android.internal.telephony.CommandException: REQUEST_NOT_SUPPORTED ret=
02-20 19:34:02.967  2063  2063 I bootstat: Service started: /system/bin/bootstat --record_boot_reason 
02-20 19:34:02.967  2063  2063 I bootstat: Unknown boot reason: 
02-20 19:34:02.968  1313  1313 I sf_frame_dur: [BootAnimation,0,18,200,12,4,0,0]
02-20 19:34:02.970  1919  1919 W VoiceMailConstants: Can't open /system/etc/voicemail-conf.xml
02-20 19:34:02.970  1919  1919 D SpnOverride: No SPN in OEM image = /oem/telephony/spn-conf.xml Load SPN from system image
02-20 19:34:02.970  1919  1919 W SpnOverride: Can not open /system/etc/spn-conf.xml
02-20 19:34:02.972  1919  1919 D SIMRecords: [SIMRecords] setting0 mMncLength-1
02-20 19:34:02.973  1919  1919 D SIMRecords: [SIMRecords] SIMRecords: onRadioOffOrNotAvailable set 'gsm.sim.operator.numeric' to operator=null
02-20 19:34:02.973  1919  1919 D SIMRecords: [SIMRecords] update icc_operator_numeric=null
02-20 19:34:02.973  1919  1919 D TelephonyManager: setTelephonyProperty: success phoneId=0 property=gsm.sim.operator.numeric value:  propVal=
02-20 19:34:02.973  1919  1919 D TelephonyManager: setTelephonyProperty: success phoneId=0 property=gsm.sim.operator.alpha value:  propVal=
02-20 19:34:02.973  1919  1919 D TelephonyManager: setTelephonyProperty: success phoneId=0 property=gsm.sim.operator.iso-country value:  propVal=
02-20 19:34:02.975  1919  1919 D SIMRecords: [SIMRecords] getOperatorNumeric: IMSI == null
02-20 19:34:02.975  1919  1919 D SIMRecords: [SIMRecords] SIMRecords X ctor this=SimRecords: mDestroyed=false mContext=com.android.phone.PhoneGlobals@861aa8 mCi=com.android.internal.telephony.RIL@f82d63a mFh=Handler (com.android.internal.telephony.uicc.SIMFileHandler) {b28b9c1} mParentApp=com.android.internal.telephony.uicc.UiccCardApplication@5361566 recordsLoadedRegistrants=android.os.RegistrantList@57060a7 mImsiReadyRegistrants=android.os.RegistrantList@6763954 mRecordsEventsRegistrants=android.os.RegistrantList@c630fd mNewSmsRegistrants=android.os.RegistrantList@7fe21f2 mNetworkSelectionModeAutomaticRegistrants=android.os.RegistrantList@8b86043 recordsToLoad=0 adnCache=Handler (com.android.internal.telephony.uicc.AdnRecordCache) {aa796c0} recordsRequested=false iccid=null msisdnTag=null voiceMailNum=null voiceMailTag=null voiceMailNum=null newVoiceMailTag=null isVoiceMailFixed=false mImsi=null mncLength=-1 mailboxIndex=0 spn=null mVmConfigcom.android.internal.telephony.uicc.VoiceMailConstants@1c9dff9 mSpnOverride=mSpnOverride callForwardingEnabled=0 spnState=null mCphsInfo=null mCspPlmnEnabled=true efMWIS=null efCPHS_MWI=null mEfCff=null mEfCfis=null getOperatorNumeric=null
02-20 19:34:02.976  1679  1797 I am_proc_start: [0,2064,10067,com.google.android.deskclock,broadcast,com.google.android.deskclock/com.android.deskclock.AlarmInitReceiver]
02-20 19:34:02.976  1679  1797 I ActivityManager: Start proc 2064:com.google.android.deskclock/u0a67 for broadcast com.google.android.deskclock/com.android.deskclock.AlarmInitReceiver
02-20 19:34:02.977  1919  1919 D UiccCardApplication: Creating UiccApp: {APPTYPE_RUIM,APPSTATE_DETECTED}
02-20 19:34:02.978  1919  1919 D RuimRecords: [RuimRecords] setting0 mMncLength-1
02-20 19:34:02.978  1919  1919 D RuimRecords: [RuimRecords] RuimRecords X ctor this=RuimRecords: mDestroyed=false mContext=com.android.phone.PhoneGlobals@861aa8 mCi=com.android.internal.telephony.RIL@f82d63a mFh=Handler (com.android.internal.telephony.uicc.RuimFileHandler) {df6bd9f} mParentApp=com.android.internal.telephony.uicc.UiccCardApplication@7cf5eec recordsLoadedRegistrants=android.os.RegistrantList@8bf82b5 mImsiReadyRegistrants=android.os.RegistrantList@5bfd4a mRecordsEventsRegistrants=android.os.RegistrantList@f9394bb mNewSmsRegistrants=android.os.RegistrantList@cc97dd8 mNetworkSelectionModeAutomaticRegistrants=android.os.RegistrantList@3329531 recordsToLoad=0 adnCache=Handler (com.android.internal.telephony.uicc.AdnRecordCache) {ae4a416} recordsRequested=false iccid=null msisdnTag=null voiceMailNum=null voiceMailTag=null voiceMailNum=null newVoiceMailTag=null isVoiceMailFixed=false mImsi=null mncLength=-1 mailboxIndex=0 spn=null m_ota_commitedfalse mMyMobileNumber=xxxx mMin2Min1=null mPrlVersion=null mEFpl=null mEFli=null mCsimSpnDisplayCondition=false mMdn=null mMin=null mHomeSystemId=null mHomeNetworkId=null
02-20 19:34:02.985  2069  2069 I bootstat: Service started: /system/bin/bootstat --record_time_since_factory_reset 
02-20 19:34:02.985  2069  2069 I bootstat: Logging histogram: factory_reset_current_time 1519155242
02-20 19:34:02.986  2069  2069 I sysui_histogram: [factory_reset_current_time,1519155242]
02-20 19:34:02.991  2069  2069 I bootstat: Logging histogram: bootstat_mtime_matches_content 1
02-20 19:34:02.991  2069  2069 I sysui_histogram: [bootstat_mtime_matches_content,1]
02-20 19:34:02.991  2069  2069 I bootstat: Logging histogram: factory_reset_record_value 1519154248
02-20 19:34:02.991  2069  2069 I sysui_histogram: [factory_reset_record_value,1519154248]
02-20 19:34:02.127     0     0 I init    : Service 'exec 7 (/system/bin/bootstat)' (pid 2063) exited with status 0
02-20 19:34:02.129     0     0 I init    : Starting service 'exec 8 (/system/bin/bootstat)'...
02-20 19:34:02.152     0     0 I init    : Service 'exec 8 (/system/bin/bootstat)' (pid 2069) exited with status 0
02-20 19:34:02.156     0     0 I init    : Starting service 'exec 9 (/system/bin/bootstat)'...
02-20 19:34:02.166     0     0 I init    : Service 'exec 9 (/system/bin/bootstat)' (pid 2070) exited with status 0
02-20 19:34:03.003  2064  2064 W art     : Unexpected CPU variant for X86 using defaults: x86_64
02-20 19:34:03.004  2070  2070 I bootstat: Service started: /system/bin/bootstat -l 
02-20 19:34:03.004  2070  2070 I bootstat: Logging histogram: bootstat_mtime_matches_content 1
02-20 19:34:03.004  2070  2070 I sysui_histogram: [bootstat_mtime_matches_content,1]
02-20 19:34:03.004  2070  2070 I bootstat: Logging histogram: bootstat_mtime_matches_content 1
02-20 19:34:03.004  2070  2070 I sysui_histogram: [bootstat_mtime_matches_content,1]
02-20 19:34:03.004  2070  2070 I bootstat: Logging histogram: bootstat_mtime_matches_content 1
02-20 19:34:03.004  2070  2070 I sysui_histogram: [bootstat_mtime_matches_content,1]
02-20 19:34:03.004  2070  2070 I bootstat: Logging histogram: bootstat_mtime_matches_content 1
02-20 19:34:03.004  2070  2070 I sysui_histogram: [bootstat_mtime_matches_content,1]
02-20 19:34:03.006  2070  2070 I bootstat: Logging histogram: bootstat_mtime_matches_content 1
02-20 19:34:03.006  2070  2070 I sysui_histogram: [bootstat_mtime_matches_content,1]
02-20 19:34:03.007  2070  2070 I bootstat: Logging histogram: bootstat_mtime_matches_content 1
02-20 19:34:03.007  2070  2070 I sysui_histogram: [bootstat_mtime_matches_content,1]
02-20 19:34:03.007  2070  2070 I bootstat: Logging histogram: bootstat_mtime_matches_content 1
02-20 19:34:03.007  2070  2070 I sysui_histogram: [bootstat_mtime_matches_content,1]
02-20 19:34:03.007  2070  2070 I bootstat: Logging histogram: bootstat_mtime_matches_content 1
02-20 19:34:03.007  2070  2070 I sysui_histogram: [bootstat_mtime_matches_content,1]
02-20 19:34:03.007  2070  2070 I bootstat: Logging histogram: bootstat_mtime_matches_content 1
02-20 19:34:03.007  2070  2070 I sysui_histogram: [bootstat_mtime_matches_content,1]
02-20 19:34:03.007  2070  2070 I bootstat: Logging histogram: bootstat_mtime_matches_content 1
02-20 19:34:03.007  2070  2070 I sysui_histogram: [bootstat_mtime_matches_content,1]
02-20 19:34:03.007  2070  2070 I bootstat: Logging histogram: bootstat_mtime_matches_content 1
02-20 19:34:03.007  2070  2070 I sysui_histogram: [bootstat_mtime_matches_content,1]
02-20 19:34:03.007  2070  2070 I bootstat: Logging histogram: bootstat_mtime_matches_content 1
02-20 19:34:03.007  2070  2070 I sysui_histogram: [bootstat_mtime_matches_content,1]
02-20 19:34:03.007  2070  2070 I bootstat: Logging histogram: bootstat_mtime_matches_content 1
02-20 19:34:03.007  2070  2070 I sysui_histogram: [bootstat_mtime_matches_content,1]
02-20 19:34:03.007  2070  2070 I bootstat: Logging histogram: bootstat_mtime_matches_content 1
02-20 19:34:03.007  2070  2070 I sysui_histogram: [bootstat_mtime_matches_content,1]
02-20 19:34:03.007  2070  2070 I bootstat: Logging histogram: post_decrypt_time_elapsed 2
02-20 19:34:03.007  2070  2070 I sysui_histogram: [post_decrypt_time_elapsed,2]
02-20 19:34:03.007  2070  2070 I bootstat: Logging histogram: last_boot_time_utc 1519155242
02-20 19:34:03.007  2070  2070 I sysui_histogram: [last_boot_time_utc,1519155242]
02-20 19:34:03.007  2070  2070 I bootstat: Logging histogram: build_date 1513095943
02-20 19:34:03.007  2070  2070 I sysui_histogram: [build_date,1513095943]
02-20 19:34:03.007  2070  2070 I bootstat: Logging histogram: boot_decryption_complete 13
02-20 19:34:03.007  2070  2070 I sysui_histogram: [boot_decryption_complete,13]
02-20 19:34:03.007  2070  2070 I bootstat: Logging histogram: ota_boot_complete_post_decrypt 7
02-20 19:34:03.007  2070  2070 I sysui_histogram: [ota_boot_complete_post_decrypt,7]
02-20 19:34:03.007  2070  2070 I bootstat: Logging histogram: ota_boot_complete 9
02-20 19:34:03.007  2070  2070 I sysui_histogram: [ota_boot_complete,9]
02-20 19:34:03.007  2070  2070 I bootstat: Logging histogram: boot_reason 1
02-20 19:34:03.007  2070  2070 I sysui_histogram: [boot_reason,1]
02-20 19:34:03.007  2070  2070 I bootstat: Logging histogram: factory_reset_current_time 1519155242
02-20 19:34:03.007  2070  2070 I sysui_histogram: [factory_reset_current_time,1519155242]
02-20 19:34:03.007  2070  2070 I bootstat: Logging histogram: factory_reset 1519154248
02-20 19:34:03.007  2070  2070 I sysui_histogram: [factory_reset,1519154248]
02-20 19:34:03.007  2070  2070 I bootstat: Logging histogram: time_since_last_boot 79
02-20 19:34:03.007  2070  2070 I sysui_histogram: [time_since_last_boot,79]
02-20 19:34:03.007  2070  2070 I bootstat: Logging histogram: boot_complete_post_decrypt 11
02-20 19:34:03.007  2070  2070 I sysui_histogram: [boot_complete_post_decrypt,11]
02-20 19:34:03.007  2070  2070 I bootstat: Logging histogram: boot_complete 13
02-20 19:34:03.007  2070  2070 I sysui_histogram: [boot_complete,13]
02-20 19:34:03.007  2070  2070 I bootstat: Logging histogram: factory_reset_record_value 1519154248
02-20 19:34:03.007  2070  2070 I sysui_histogram: [factory_reset_record_value,1519154248]
02-20 19:34:03.007  2070  2070 I bootstat: Logging histogram: time_since_factory_reset 994
02-20 19:34:03.007  2070  2070 I sysui_histogram: [time_since_factory_reset,994]
02-20 19:34:03.008  1919  1919 D CAT     : CatService: registerForRecordsLoaded slotid=0 instance:Handler (com.android.internal.telephony.cat.CatService) {821e033}
02-20 19:34:03.009  1919  1919 D CAT     : CatService: Running CAT service on Slotid: 0. STK app installed:false
02-20 19:34:03.009  1919  1919 D UiccCard: Before privilege rules: null : CARDSTATE_PRESENT
02-20 19:34:03.009  1919  1919 D RILJ    : [3672]> RIL_REQUEST_SIM_OPEN_CHANNEL [SUB0]
02-20 19:34:03.009  1919  1919 E UiccCard: App index 8 is invalid since there are no applications
02-20 19:34:03.009  1919  1919 D UiccCard: update: radioState=RADIO_ON mLastRadioState=RADIO_UNAVAILABLE
02-20 19:34:03.009  1919  1919 D UiccController: Notifying IccChangedRegistrants
02-20 19:34:03.009  1377  1475 D RIL     : onRequest: SIM_OPEN_CHANNEL
02-20 19:34:03.009  1377  1475 D AT      : AT> AT+CCHO=A00000015141434C00
02-20 19:34:03.010  1377  1478 D AT      : AT< 1
02-20 19:34:03.010  1377  1478 D AT      : AT< OK
02-20 19:34:03.010  1919  2009 D RILJ    : [3672]< RIL_REQUEST_SIM_OPEN_CHANNEL  [SUB0]
02-20 19:34:03.012  1919  1919 D GsmCdmaPhone: get phone radio capability fail, no need to change mRadioCapability
02-20 19:34:03.012  1919  1919 D GsmCdmaPhone: EVENT_GET_RADIO_CAPABILITY: phone rc: null
02-20 19:34:03.012  1919  1919 D Phone   : config LCE service failed: com.android.internal.telephony.CommandException: RADIO_NOT_AVAILABLE
02-20 19:34:03.012  1919  1919 D SST     : mDeviceShuttingDown=false, mDesiredPowerState=true, getRadioState=RADIO_ON, mPowerOffDelayNeed=true, mAlarmSwitch=false, mRadioDisabledByCarrier=false
02-20 19:34:03.012  1919  1919 D RILJ    : [3673]> OPERATOR [SUB0]
02-20 19:34:03.012  1919  1919 D RILJ    : [3674]> DATA_REGISTRATION_STATE [SUB0]
02-20 19:34:03.013  1377  1475 D RIL     : onRequest: OPERATOR
02-20 19:34:03.013  1377  1475 D AT      : AT> AT+COPS=3,0;+COPS?;+COPS=3,1;+COPS?;+COPS=3,2;+COPS?
02-20 19:34:03.013  1377  1478 D AT      : AT< +COPS: 0,0,"Android"
02-20 19:34:03.013  1377  1478 D AT      : AT< +COPS: 0,1,"Android"
02-20 19:34:03.013  1377  1478 D AT      : AT< +COPS: 0,2,"310260"
02-20 19:34:03.013  1377  1478 D AT      : AT< OK
02-20 19:34:03.013  1919  2009 D RILJ    : [3673]< OPERATOR {Android, Android, 310260} [SUB0]
02-20 19:34:03.013  1919  1919 D RILJ    : [3675]> VOICE_REGISTRATION_STATE [SUB0]
02-20 19:34:03.013  1377  1475 D RIL     : onRequest: DATA_REGISTRATION_STATE
02-20 19:34:02.951  2063  2063 I auditd  : type=1400 audit(0.0:12): avc: denied { getattr } for comm="bootstat" path="/vendor" dev="rootfs" ino=3997 scontext=u:r:bootstat:s0 tcontext=u:object_r:rootfs:s0 tclass=lnk_file permissive=0
02-20 19:34:02.951  2063  2063 W bootstat: type=1400 audit(0.0:12): avc: denied { getattr } for path="/vendor" dev="rootfs" ino=3997 scontext=u:r:bootstat:s0 tcontext=u:object_r:rootfs:s0 tclass=lnk_file permissive=0
02-20 19:34:02.981  2069  2069 I auditd  : type=1400 audit(0.0:13): avc: denied { getattr } for comm="bootstat" path="/vendor" dev="rootfs" ino=3997 scontext=u:r:bootstat:s0 tcontext=u:object_r:rootfs:s0 tclass=lnk_file permissive=0
02-20 19:34:02.981  2069  2069 W bootstat: type=1400 audit(0.0:13): avc: denied { getattr } for path="/vendor" dev="rootfs" ino=3997 scontext=u:r:bootstat:s0 tcontext=u:object_r:rootfs:s0 tclass=lnk_file permissive=0
02-20 19:34:03.013  1377  1475 D RIL     : requestRegistrationState
02-20 19:34:03.013  1377  1475 D AT      : AT> AT+CGREG?
02-20 19:34:03.013  1377  1478 D AT      : AT< +CGREG: 1,1,"0003","005b","000e"
02-20 19:34:03.013  1377  1478 D AT      : AT< OK
02-20 19:34:03.013  1679  1963 I am_proc_bound: [0,2064,com.google.android.deskclock]
02-20 19:34:03.013  1377  1475 D RIL     : parseRegistrationState. Parsing: +CGREG: 1,1,"0003","005b","000e"
02-20 19:34:03.013  1377  1475 D RIL     : registration state type: 3GPP
02-20 19:34:03.014  1919  1919 D RILJ    : [3676]> QUERY_NETWORK_SELECTION_MODE [SUB0]
02-20 19:34:03.014  1377  1475 D RIL     : onRequest: VOICE_REGISTRATION_STATE
02-20 19:34:03.001  2070  2070 I auditd  : type=1400 audit(0.0:14): avc: denied { getattr } for comm="bootstat" path="/vendor" dev="rootfs" ino=3997 scontext=u:r:bootstat:s0 tcontext=u:object_r:rootfs:s0 tclass=lnk_file permissive=0
02-20 19:34:03.001  2070  2070 W bootstat: type=1400 audit(0.0:14): avc: denied { getattr } for path="/vendor" dev="rootfs" ino=3997 scontext=u:r:bootstat:s0 tcontext=u:object_r:rootfs:s0 tclass=lnk_file permissive=0
02-20 19:34:03.014  1377  1475 D RIL     : requestRegistrationState
02-20 19:34:03.014  1377  1475 D AT      : AT> AT+CREG?
02-20 19:34:03.014  1377  1478 D AT      : AT< +CREG: 2,1, "0003", "005b"
02-20 19:34:03.014  1377  1478 D AT      : AT< OK
02-20 19:34:03.014  1919  1919 D RILJ    : [3677]> GET_CURRENT_CALLS [SUB0]
02-20 19:34:03.014  1377  1475 D RIL     : parseRegistrationState. Parsing: +CREG: 2,1, "0003", "005b"
02-20 19:34:03.014  1377  1475 D RIL     : registration state type: 3GPP
02-20 19:34:03.014  1377  1475 D RIL     : onRequest: QUERY_NETWORK_SELECTION_MODE
02-20 19:34:03.014  1377  1475 D AT      : AT> AT+COPS?
02-20 19:34:03.015  1377  1478 D AT      : AT< +COPS: 0,2,310260
02-20 19:34:03.015  1377  1478 D AT      : AT< OK
