02-20 21:20:44.726     0     0 E init    : property_set("ro.product.device", "generic") failed
02-20 21:20:44.726     0     0 E init    : do_stop: Service dund not found
02-20 21:20:44.726     0     0 E init    : do_stop: Service akmd not found
02-20 21:20:44.727     0     0 I init    : Starting service 'console'...
02-20 21:20:44.727     0     0 I init    : write_file: Unable to open '/sys/class/android_usb/android0/enable': No such file or directory
02-20 21:20:44.728     0     0 I init    : write_file: Unable to open '/sys/class/android_usb/android0/idVendor': No such file or directory
02-20 21:20:44.729     0     0 I init    : write_file: Unable to open '/sys/class/android_usb/android0/idProduct': No such file or directory
02-20 21:20:44.730  1311  1311 I lowmemorykiller: Using in-kernel low memory killer interface
02-20 21:20:44.730     0     0 I init    : write_file: Unable to open '/sys/class/android_usb/android0/functions': No such file or directory
02-20 21:20:44.730  1310  1310 I qemu-props: receiving..
02-20 21:20:44.730  1310  1310 I qemu-props: received: qemu.sf.fake_camera=back
02-20 21:20:44.731     0     0 I init    : write_file: Unable to open '/sys/class/android_usb/android0/enable': No such file or directory
02-20 21:20:44.732     0     0 I init    : Starting service 'adbd'...
02-20 21:20:44.732  1310  1310 I qemu-props: receiving..
02-20 21:20:44.732  1310  1310 I qemu-props: received: dalvik.vm.heapsize=512m
02-20 21:20:44.733     0     0 I init    : Starting service 'exec 2 (/system/bin/vdc)'...
02-20 21:20:44.735  1310  1310 I qemu-props: receiving..
02-20 21:20:44.735  1310  1310 I qemu-props: received: qemu.hw.mainkeys=0
02-20 21:20:44.735  1310  1310 I qemu-props: receiving..
02-20 21:20:44.735  1310  1310 I qemu-props: received: qemu.sf.lcd_density=640
02-20 21:20:44.739  1310  1310 I qemu-props: receiving..
02-20 21:20:44.739  1310  1310 I qemu-props: exiting (5 properties set).
02-20 21:20:44.739     0     0 I init    : Service 'qemu-props' (pid 1310) exited with status 0
02-20 21:20:44.740  1267  1303 D VoldCryptCmdListener: cryptfs mountdefaultencrypted
02-20 21:20:44.741     0     0 I init    : Service 'exec 2 (/system/bin/vdc)' (pid 1316) exited with status 0
02-20 21:20:44.742  1267  1321 I Cryptfs : cryptfs_check_passwd
02-20 21:20:44.742  1267  1321 D Cryptfs : crypt_ftr->fs_size = 2097152
02-20 21:20:44.742  1267  1321 I Cryptfs : Using scrypt for cryptfs KDF
02-20 21:20:44.748     0     0 I init    : write_file: Unable to open '/sys/class/android_usb/android0/enable': No such file or directory
02-20 21:20:44.749     0     0 I init    : write_file: Unable to open '/sys/class/android_usb/android0/idVendor': No such file or directory
02-20 21:20:44.750     0     0 I init    : write_file: Unable to open '/sys/class/android_usb/android0/idProduct': No such file or directory
02-20 21:20:44.752     0     0 I init    : write_file: Unable to open '/sys/class/android_usb/android0/functions': No such file or directory
02-20 21:20:44.753     0     0 I init    : write_file: Unable to open '/sys/class/android_usb/android0/enable': No such file or directory
02-20 21:20:44.755     0     0 I init    : write_file: Unable to open '/sys/class/android_usb/android0/enable': No such file or directory
02-20 21:20:44.756     0     0 I init    : write_file: Unable to open '/sys/class/android_usb/android0/idVendor': No such file or directory
02-20 21:20:44.758     0     0 I init    : write_file: Unable to open '/sys/class/android_usb/android0/idProduct': No such file or directory
02-20 21:20:44.759     0     0 I init    : write_file: Unable to open '/sys/class/android_usb/android0/functions': No such file or directory
02-20 21:20:44.761     0     0 I init    : write_file: Unable to open '/sys/class/android_usb/android0/enable': No such file or directory
02-20 21:20:44.775     0     0 I init    : Service 'ranchu-setup' (pid 1309) exited with status 0
02-20 21:20:44.793  1313  1313 I SurfaceFlinger: SurfaceFlinger is starting
02-20 21:20:44.793  1313  1313 I SurfaceFlinger: SurfaceFlinger's main thread ready to run. Initializing graphics H/W...
02-20 21:20:44.793  1313  1313 D libEGL  : Emulator has host GPU support, qemu.gles is set to 1.
02-20 21:20:44.794  1313  1313 E libEGL  : load_driver(/system/lib64/egl/libGLES_emulation.so): dlopen failed: library "/system/lib64/egl/libGLES_emulation.so" not found
02-20 21:20:44.803  1313  1313 D libEGL  : loaded /system/lib64/egl/libEGL_emulation.so
02-20 21:20:44.805  1313  1313 D libEGL  : loaded /system/lib64/egl/libGLESv1_CM_emulation.so
02-20 21:20:44.809  1313  1313 D libEGL  : loaded /system/lib64/egl/libGLESv2_emulation.so
02-20 21:20:44.813  1313  1313 D         : HostConnection::get() New Host Connection established 0x715a0762d540, tid 1313
02-20 21:20:44.817  1313  1313 E SurfaceFlinger: hwcomposer module not found
02-20 21:20:44.817  1313  1313 I SurfaceFlinger: EGL information:
02-20 21:20:44.817  1313  1313 I SurfaceFlinger: vendor    : Android
02-20 21:20:44.817  1313  1313 I SurfaceFlinger: version   : 1.4 Android META-EGL
02-20 21:20:44.817  1313  1313 I SurfaceFlinger: extensions: EGL_KHR_get_all_proc_addresses EGL_ANDROID_presentation_time EGL_KHR_swap_buffers_with_damage EGL_ANDROID_create_native_client_buffer EGL_ANDROID_front_buffer_auto_refresh EGL_KHR_image EGL_KHR_image_base EGL_KHR_gl_texture_2D_image EGL_KHR_fence_sync EGL_KHR_create_context EGL_ANDROID_image_native_buffer EGL_ANDROID_recordable 
02-20 21:20:44.817  1313  1313 I SurfaceFlinger: Client API: OpenGL_ES
02-20 21:20:44.817  1313  1313 I SurfaceFlinger: EGLSurface: 8-8-8-8, config=0x2
02-20 21:20:44.819  1313  1313 D EGL_emulation: eglCreateContext: 0x715a07642140: maj 3 min 0 rcv 3
02-20 21:20:44.820  1313  1313 D EGL_emulation: eglMakeCurrent: 0x715a07642140: ver 3 0 (tinfo 0x715a07666000)
02-20 21:20:44.824  1313  1313 I SurfaceFlinger: OpenGL ES informations:
02-20 21:20:44.824  1313  1313 I SurfaceFlinger: vendor    : Google (Google Inc.)
02-20 21:20:44.824  1313  1313 I SurfaceFlinger: renderer  : Android Emulator OpenGL ES Translator (Google SwiftShader)
02-20 21:20:44.824  1313  1313 I SurfaceFlinger: version   : OpenGL ES 3.0 (OpenGL ES 3.0 SwiftShader 4.0.0.0)
02-20 21:20:44.824  1313  1313 I SurfaceFlinger: extensions: GL_EXT_debug_marker GL_OES_EGL_image GL_OES_EGL_image_external GL_OES_depth24 GL_OES_depth32 GL_OES_element_index_uint GL_OES_texture_float GL_OES_texture_float_linear GL_OES_compressed_paletted_texture GL_OES_compressed_ETC1_RGB8_texture GL_OES_depth_texture GL_OES_texture_half_float GL_OES_texture_half_float_linear GL_OES_packed_depth_stencil GL_OES_vertex_half_float GL_OES_standard_derivatives GL_OES_texture_npot GL_OES_rgb8_rgba8 GL_EXT_color_buffer_float ANDROID_EMU_CHECKSUM_HELPER_v1 ANDROID_EMU_native_sync_v2 ANDROID_EMU_dma_v1 ANDROID_EMU_gles_max_version_3_0 GL_OES_vertex_array_object 
02-20 21:20:44.824  1313  1313 I SurfaceFlinger: GL_MAX_TEXTURE_SIZE = 8192
02-20 21:20:44.824  1313  1313 I SurfaceFlinger: GL_MAX_VIEWPORT_DIMS = 8192
02-20 21:20:44.825  1313  1313 D gralloc_ranchu: gralloc_alloc: Creating ashmem region of size 4096
02-20 21:20:44.842  1313  1313 D EGL_emulation: eglMakeCurrent: 0x715a07642140: ver 3 0 (tinfo 0x715a07666000)
02-20 21:20:44.904  1335  1335 I auditd  : type=1400 audit(0.0:5): avc: denied { getattr } for comm="bootanimation" path="/vendor" dev="rootfs" ino=3997 scontext=u:r:bootanim:s0 tcontext=u:object_r:rootfs:s0 tclass=lnk_file permissive=0
02-20 21:20:44.904  1335  1335 W bootanimation: type=1400 audit(0.0:5): avc: denied { getattr } for path="/vendor" dev="rootfs" ino=3997 scontext=u:r:bootanim:s0 tcontext=u:object_r:rootfs:s0 tclass=lnk_file permissive=0
02-20 21:20:44.917  1313  1313 D SurfaceFlinger: shader cache generated - 24 shaders in 75.223938 ms
02-20 21:20:44.917     0     0 I init    : Starting service 'bootanim'...
02-20 21:20:44.918  1313  1313 D SurfaceFlinger: Set power mode=2, type=0 flinger=0x715a07647000
02-20 21:20:44.934  1267  1321 I Cryptfs : Enabling support for allow_discards in dmcrypt.
02-20 21:20:44.936     0     0 I bio     : create slab <bio-1> at 1
02-20 21:20:44.937  1267  1271 D vold    : Disk at 252:0 changed
02-20 21:20:45.072  1267  1321 I Cryptfs : Password matches
02-20 21:20:45.072  1267  1321 D Cryptfs : test_mount_encrypted_fs(): Master key saved
02-20 21:20:45.101  1267  1321 I Cryptfs : keymaster module name is Keymaster OpenSSL HAL
02-20 21:20:45.101  1267  1321 I Cryptfs : keymaster version is 2
02-20 21:20:45.101  1267  1321 I Cryptfs : Found keymaster0 module, using keymaster0 API.
02-20 21:20:45.101  1267  1321 D Cryptfs : Password is default - restarting filesystem
02-20 21:20:45.101  1267  1321 D Cryptfs : unmounting /data succeeded
02-20 21:20:45.101     0     0 W EXT4-fs (dm-0): Ignoring removed nomblk_io_submit option
02-20 21:20:45.124  1313  1313 D gralloc_ranchu: gralloc_alloc: Creating ashmem region of size 4096
02-20 21:20:45.166     0     0 I EXT4-fs (dm-0): 2 orphan inodes deleted
02-20 21:20:45.167     0     0 I EXT4-fs (dm-0): recovery complete
02-20 21:20:45.170     0     0 I EXT4-fs (dm-0): mounted filesystem with ordered data mode. Opts: errors=remount-ro,nomblk_io_submit
02-20 21:20:45.171     0     0 D SELinux : initialized (dev dm-0, type ext4), uses xattr
02-20 21:20:45.171     0     0 I fs_mgr  : check_fs(): mount(/dev/block/dm-0,/data,ext4)=0: Success
02-20 21:20:45.174     0     0 I fs_mgr  : check_fs(): unmount(/data) succeeded
02-20 21:20:45.175     0     0 I fs_mgr  : Running /system/bin/e2fsck on /dev/block/dm-0
02-20 21:20:45.307  1313  1324 E SurfaceFlinger: ro.sf.lcd_density must be defined as a build property
02-20 21:20:45.309  1335  1356 D libEGL  : Emulator has host GPU support, qemu.gles is set to 1.
02-20 21:20:45.309  1335  1356 E libEGL  : load_driver(/system/lib64/egl/libGLES_emulation.so): dlopen failed: library "/system/lib64/egl/libGLES_emulation.so" not found
02-20 21:20:45.311  1335  1356 D libEGL  : loaded /system/lib64/egl/libEGL_emulation.so
02-20 21:20:45.312  1335  1356 D libEGL  : loaded /system/lib64/egl/libGLESv1_CM_emulation.so
02-20 21:20:45.315  1335  1356 D libEGL  : loaded /system/lib64/egl/libGLESv2_emulation.so
02-20 21:20:45.319  1335  1356 D         : HostConnection::get() New Host Connection established 0x7039d221d860, tid 1356
02-20 21:20:45.323  1313  1324 D         : HostConnection::get() New Host Connection established 0x715a0721b360, tid 1324
02-20 21:20:45.372  1335  1356 D EGL_emulation: eglCreateContext: 0x7039d2213640: maj 1 min 0 rcv 1
02-20 21:20:45.393     0     0 I e2fsck  : e2fsck 1.42.9 (28-Dec-2013)
02-20 21:20:45.394     0     0 I e2fsck  : Pass 1: Checking inodes, blocks, and sizes
02-20 21:20:45.394  1335  1356 D EGL_emulation: eglMakeCurrent: 0x7039d2213640: ver 1 0 (tinfo 0x7039d2218140)
02-20 21:20:45.394     0     0 I e2fsck  : Pass 2: Checking directory structure
02-20 21:20:45.395     0     0 I e2fsck  : Pass 3: Checking directory connectivity
02-20 21:20:45.396     0     0 I e2fsck  : Pass 4: Checking reference counts
02-20 21:20:45.397     0     0 I e2fsck  : Pass 5: Checking group summary information
02-20 21:20:45.397     0     0 I e2fsck  : /dev/block/dm-0: 3400/65536 files (8.0% non-contiguous), 52283/262144 blocks
02-20 21:20:45.399     0     0 W EXT4-fs (dm-0): Ignoring removed nomblk_io_submit option
02-20 21:20:45.401     0     0 I EXT4-fs (dm-0): mounted filesystem with ordered data mode. Opts: nomblk_io_submit,errors=panic
02-20 21:20:45.402     0     0 D SELinux : initialized (dev dm-0, type ext4), uses xattr
02-20 21:20:45.402     0     0 I fs_mgr  : __mount(source=/dev/block/dm-0,target=/data,type=ext4)=0
02-20 21:20:45.403     0     0 I init    : (Loading properties from /data/local.prop took 0.00s.)
02-20 21:20:45.437  1313  1325 D         : HostConnection::get() New Host Connection established 0x715a0762fc40, tid 1325
02-20 21:20:45.439     0     0 I init    : Starting service 'logd-reinit'...
02-20 21:20:45.443  1267  1321 D Cryptfs : Just triggered post_fs_data
02-20 21:20:45.444     0     0 I init    : Not bootcharting.
02-20 21:20:45.449     0     0 I logd.daemon: reinit
02-20 21:20:45.451     0     0 I init    : Service 'logd-reinit' (pid 1359) exited with status 0
02-20 21:20:45.464  1364  1364 I auditd  : type=1400 audit(0.0:6): avc: denied { getattr } for comm="bootstat" path="/vendor" dev="rootfs" ino=3997 scontext=u:r:bootstat:s0 tcontext=u:object_r:rootfs:s0 tclass=lnk_file permissive=0
02-20 21:20:45.464  1364  1364 W bootstat: type=1400 audit(0.0:6): avc: denied { getattr } for path="/vendor" dev="rootfs" ino=3997 scontext=u:r:bootstat:s0 tcontext=u:object_r:rootfs:s0 tclass=lnk_file permissive=0
02-20 21:20:45.465  1267  1303 D vold    : e4crypt_init_user0
02-20 21:20:45.465  1267  1303 D vold    : e4crypt_prepare_user_storage for volume null, user 0, serial 0, flags 1
02-20 21:20:45.465  1267  1303 D vold    : Preparing: /data/system/users/0
02-20 21:20:45.465  1267  1303 D vold    : Preparing: /data/misc/profiles/cur/0
02-20 21:20:45.466  1267  1303 D vold    : Preparing: /data/misc/profiles/cur/0/foreign-dex
02-20 21:20:45.467  1267  1303 D vold    : Preparing: /data/system_de/0
02-20 21:20:45.467  1267  1303 D vold    : Preparing: /data/misc_de/0
02-20 21:20:45.467  1267  1303 D vold    : Preparing: /data/user_de/0
02-20 21:20:45.468  1267  1303 D vold    : e4crypt_unlock_user_key 0 serial=0 token_present=0
02-20 21:20:45.468     1     1 I vdc     : 200 1360 Command succeeded
02-20 21:20:45.469     0     0 I init    : Starting service 'exec 3 (/system/bin/tzdatacheck)'...
02-20 21:20:45.473  1363  1363 I /system/bin/tzdatacheck: tzdata file /data/misc/zoneinfo/current/tzdata does not exist. No action required.
02-20 21:20:45.473     0     0 I init    : Service 'exec 3 (/system/bin/tzdatacheck)' (pid 1363) exited with status 0
02-20 21:20:45.475     0     0 I init    : Starting service 'exec 4 (/system/bin/bootstat)'...
02-20 21:20:45.479  1364  1364 I bootstat: Service started: /system/bin/bootstat -r post_decrypt_time_elapsed 
02-20 21:20:45.480     0     0 I init    : Service 'exec 4 (/system/bin/bootstat)' (pid 1364) exited with status 0
02-20 21:20:45.494  1367  1367 I auditd  : type=1400 audit(0.0:7): avc: denied { getattr } for comm="audioserver" path="/vendor" dev="rootfs" ino=3997 scontext=u:r:audioserver:s0 tcontext=u:object_r:rootfs:s0 tclass=lnk_file permissive=0
02-20 21:20:45.494  1367  1367 W audioserver: type=1400 audit(0.0:7): avc: denied { getattr } for path="/vendor" dev="rootfs" ino=3997 scontext=u:r:audioserver:s0 tcontext=u:object_r:rootfs:s0 tclass=lnk_file permissive=0
02-20 21:20:45.495  1267  1321 D Cryptfs : post_fs_data done
02-20 21:20:45.495  1267  1321 D Cryptfs : Just triggered restart_framework
02-20 21:20:45.495     0     0 E init    : cannot find '/system/bin/update_verifier' (No such file or directory), disabling 'exec 5 (/system/bin/update_verifier)'
02-20 21:20:45.496     0     0 E init    : cannot find '/system/bin/install-recovery.sh' (No such file or directory), disabling 'flash_recovery'
02-20 21:20:45.496     0     0 I init    : Starting service 'zygote'...
02-20 21:20:45.497     0     0 I init    : Starting service 'zygote_secondary'...
02-20 21:20:45.498     0     0 I init    : Starting service 'audioserver'...
02-20 21:20:45.501     0     0 I init    : Starting service 'cameraserver'...
02-20 21:20:45.502     0     0 I init    : Starting service 'drm'...
02-20 21:20:45.503     0     0 I init    : Starting service 'installd'...
02-20 21:20:45.503     0     0 I init    : Starting service 'keystore'...
02-20 21:20:45.504  1373  1373 I auditd  : type=1400 audit(0.0:8): avc: denied { getattr } for comm="mediadrmserver" path="/vendor" dev="rootfs" ino=3997 scontext=u:r:mediadrmserver:s0 tcontext=u:object_r:rootfs:s0 tclass=lnk_file permissive=0
02-20 21:20:45.504  1373  1373 W mediadrmserver: type=1400 audit(0.0:8): avc: denied { getattr } for path="/vendor" dev="rootfs" ino=3997 scontext=u:r:mediadrmserver:s0 tcontext=u:object_r:rootfs:s0 tclass=lnk_file permissive=0
02-20 21:20:45.504  1368  1368 I auditd  : type=1400 audit(0.0:9): avc: denied { getattr } for comm="cameraserver" path="/vendor" dev="rootfs" ino=3997 scontext=u:r:cameraserver:s0 tcontext=u:object_r:rootfs:s0 tclass=lnk_file permissive=0
02-20 21:20:45.504  1368  1368 W cameraserver: type=1400 audit(0.0:9): avc: denied { getattr } for path="/vendor" dev="rootfs" ino=3997 scontext=u:r:cameraserver:s0 tcontext=u:object_r:rootfs:s0 tclass=lnk_file permissive=0
02-20 21:20:45.504     0     0 I init    : Starting service 'mediacodec'...
02-20 21:20:45.504     0     0 I init    : Starting service 'mediadrm'...
02-20 21:20:45.505     0     0 I init    : Starting service 'mediaextractor'...
02-20 21:20:45.505     0     0 I init    : Starting service 'media'...
02-20 21:20:45.506     0     0 I init    : Starting service 'netd'...
02-20 21:20:45.507     0     0 I init    : Starting service 'ril-daemon'...
02-20 21:20:45.507     0     0 I init    : Starting service 'ranchu-net'...
02-20 21:20:45.508     0     0 I init    : Starting service 'fingerprintd'...
02-20 21:20:45.508     0     0 I init    : Starting service 'gatekeeperd'...
02-20 21:20:45.510     0     0 E init    : couldn't write 1368 to /dev/cpuset/camera-daemon/tasks: No such file or directory
02-20 21:20:45.514  1372  1372 I auditd  : type=1400 audit(0.0:10): avc: denied { getattr } for comm="mediacodec" path="/vendor" dev="rootfs" ino=3997 scontext=u:r:mediacodec:s0 tcontext=u:object_r:rootfs:s0 tclass=lnk_file permissive=0
02-20 21:20:45.514  1372  1372 W mediacodec: type=1400 audit(0.0:10): avc: denied { getattr } for path="/vendor" dev="rootfs" ino=3997 scontext=u:r:mediacodec:s0 tcontext=u:object_r:rootfs:s0 tclass=lnk_file permissive=0
02-20 21:20:45.722     0     0 I init    : Starting service 'perfprofd'...
02-20 21:20:45.741     0     0 W healthd : BatteryVoltagePath not found
02-20 21:20:45.741     0     0 W healthd : BatteryTemperaturePath not found
02-20 21:20:45.742     0     0 W healthd : BatteryCurrentNowPath not found
02-20 21:20:45.743     0     0 W healthd : BatteryFullChargePath not found
02-20 21:20:45.743     0     0 W healthd : BatteryCycleCountPath not found
02-20 21:20:45.799  1370  1370 I         : installd firing up
02-20 21:20:45.822  1371  1371 I keystore: Found keymaster0 module Keymaster OpenSSL HAL, version 2
02-20 21:20:45.822  1371  1371 I SoftKeymaster: system/keymaster/soft_keymaster_device.cpp, Line 131: Creating device
02-20 21:20:45.822  1371  1371 D SoftKeymaster: system/keymaster/soft_keymaster_device.cpp, Line 132: Device address: 0x76aae1a3d000
02-20 21:20:45.822  1371  1371 I keystore: Keymaster0 module is software-only.  Using SoftKeymasterDevice instead.
02-20 21:20:45.822  1371  1371 I SoftKeymaster: system/keymaster/soft_keymaster_device.cpp, Line 131: Creating device
02-20 21:20:45.822  1371  1371 D SoftKeymaster: system/keymaster/soft_keymaster_device.cpp, Line 132: Device address: 0x76aae1a3d400
02-20 21:20:45.923  1376  1376 I Netd    : Netd 1.0 starting
02-20 21:20:45.935  1381  1381 I perfprofd: starting Android Wide Profiling daemon
02-20 21:20:45.947  1372  1372 I mediacodec: @@@ mediacodecservice starting
02-20 21:20:45.948  1372  1372 W         : No seccomp filter defined for this architecture.
02-20 21:20:45.951  1379  1379 I fingerprintd: Starting fingerprintd
02-20 21:20:45.954  1376  1376 D TetherController: Setting IP forward enable = 0
--------- beginning of radio
02-20 21:20:45.969  1377  1377 D RILD    : **RIL Daemon Started**
02-20 21:20:45.969  1377  1377 D RILD    : **RILd param count=1**
02-20 21:20:45.971  1381  1381 I perfprofd: random seed set to 1603027284
02-20 21:20:45.985  1380  1380 I gatekeeperd: Starting gatekeeperd...
02-20 21:20:46.045  1380  1380 W gatekeeperd: falling back to software GateKeeper
02-20 21:20:46.049  1368  1368 I cameraserver: ServiceManager: 0xeb13c020
02-20 21:20:46.135  1368  1368 I CameraService: CameraService started (pid=1368)
02-20 21:20:46.135  1368  1368 I CameraService: CameraService process starting
02-20 21:20:46.135  1368  1368 W BatteryNotifier: batterystats service unavailable!
02-20 21:20:46.135  1368  1368 W BatteryNotifier: batterystats service unavailable!
02-20 21:20:46.142  1373  1373 I mediaserver: ServiceManager: 0xecebc0a0
02-20 21:20:46.146  1368  1368 D EmulatedCamera_QemuClient: Emulated camera list: 
02-20 21:20:46.147  1368  1368 D EmulatedCamera_FakeCamera: Initialize: Fake camera is facing back
02-20 21:20:46.147  1368  1368 V EmulatedCamera_Device: initializeWhiteBalanceModes with auto, 1.000000, 1.000000
02-20 21:20:46.147  1368  1368 V EmulatedCamera_Device: initializeWhiteBalanceModes with incandescent, 1.380000, 0.600000
02-20 21:20:46.147  1368  1368 V EmulatedCamera_Device: initializeWhiteBalanceModes with daylight, 1.090000, 0.920000
02-20 21:20:46.147  1368  1368 V EmulatedCamera_Device: initializeWhiteBalanceModes with twilight, 0.920000, 1.220000
02-20 21:20:46.147  1368  1368 V EmulatedCamera_Device: setWhiteBalanceMode with white balance auto
02-20 21:20:46.147  1368  1368 E EmulatedCamera_Factory: 1 cameras are being emulated. 0 of them are fake cameras.
02-20 21:20:46.156  1367  1367 I         : sMaxFastTracks = 8
02-20 21:20:46.156  1367  1367 I audioserver: ServiceManager: 0xef9bc020
02-20 21:20:46.156  1367  1367 W BatteryNotifier: batterystats service unavailable!
02-20 21:20:46.156  1367  1367 I AudioFlinger: Using default 3000 mSec as standby time.
02-20 21:20:46.156  1367  1367 I AudioPolicyService: AudioPolicyService CSTOR in new mode
02-20 21:20:46.157  1368  1368 E EmulatedCamera_HotplugThread: createFileIfNotExists: Could not create file '/data/misc/media/emulator.camera.hotplug.0', error: 'Permission denied' (13)
02-20 21:20:46.157  1368  1368 I CameraService: Loaded "Emulated Camera Module" camera module
02-20 21:20:46.157  1368  1368 E CameraService: setUpVendorTags: Vendor tag operations not fully defined. Ignoring definitions.
02-20 21:20:46.157  1368  1368 V EmulatedCamera_Camera: getCameraInfo
02-20 21:20:46.157  1368  1368 V EmulatedCamera_BaseCamera: getCameraInfo
02-20 21:20:46.157  1368  1368 I CameraFlashlight: Opening camera 0
02-20 21:20:46.157  1368  1368 V EmulatedCamera_Camera: getCameraInfo
02-20 21:20:46.157  1368  1368 V EmulatedCamera_BaseCamera: getCameraInfo
02-20 21:20:46.157  1368  1368 V EmulatedCamera_Camera: connectCamera
02-20 21:20:46.157  1368  1368 V EmulatedCamera_FakeDevice: connectDevice
02-20 21:20:46.157  1368  1368 V EmulatedCamera_CallbackNotifier: setCallbacks: 0xeb7fbe80, 0xeb7fbed0, 0xeb7fbff0, 0xeb7fc110 (0xeb143140)
02-20 21:20:46.160  1375  1375 I mediaserver: ServiceManager: 0xf323c0a0
02-20 21:20:46.164  1367  1367 I APM::ConfigParsingUtils: loadAudioPolicyConfig() loaded /system/etc/audio_policy.conf
02-20 21:20:46.168  1368  1368 V EmulatedCamera_Preview: setPreviewWindow: current: 0x0 -> new: 0xeb143150
02-20 21:20:46.168  1368  1368 V EmulatedCamera_Preview: setPreviewWindow: current: 0xeb143150 -> new: 0x0
02-20 21:20:46.168  1368  1368 V EmulatedCamera_Camera: doStopPreview
02-20 21:20:46.168  1368  1368 V EmulatedCamera_Preview: setPreviewWindow: current: 0x0 -> new: 0x0
02-20 21:20:46.168  1368  1368 V EmulatedCamera_Camera: releaseCamera
02-20 21:20:46.168  1368  1368 V EmulatedCamera_Camera: doStopPreview
02-20 21:20:46.168  1368  1368 V EmulatedCamera_FakeDevice: disconnectDevice
02-20 21:20:46.168  1368  1368 W EmulatedCamera_Device: Initialize: Emulated camera device is already initialized: mState = 1
02-20 21:20:46.168  1368  1368 D EmulatedCamera_FakeCamera: Initialize: Fake camera is facing back
02-20 21:20:46.168  1368  1368 V EmulatedCamera_Device: initializeWhiteBalanceModes with auto, 1.000000, 1.000000
02-20 21:20:46.168  1368  1368 V EmulatedCamera_Device: initializeWhiteBalanceModes with incandescent, 1.380000, 0.600000
02-20 21:20:46.168  1368  1368 V EmulatedCamera_Device: initializeWhiteBalanceModes with daylight, 1.090000, 0.920000
02-20 21:20:46.168  1368  1368 V EmulatedCamera_Device: initializeWhiteBalanceModes with twilight, 0.920000, 1.220000
02-20 21:20:46.168  1368  1368 V EmulatedCamera_Device: setWhiteBalanceMode with white balance auto
02-20 21:20:46.168  1368  1368 I CameraFlashlight: Destroying camera 0
02-20 21:20:46.168  1368  1368 V EmulatedCamera_Camera: closeCamera
02-20 21:20:46.168  1368  1368 V EmulatedCamera_Camera: doStopPreview
02-20 21:20:46.168  1368  1368 W EmulatedCamera_Device: Initialize: Emulated camera device is already initialized: mState = 1
02-20 21:20:46.168  1368  1368 D EmulatedCamera_FakeCamera: Initialize: Fake camera is facing back
02-20 21:20:46.168  1368  1368 V EmulatedCamera_Device: initializeWhiteBalanceModes with auto, 1.000000, 1.000000
02-20 21:20:46.168  1368  1368 V EmulatedCamera_Device: initializeWhiteBalanceModes with incandescent, 1.380000, 0.600000
02-20 21:20:46.168  1368  1368 V EmulatedCamera_Device: initializeWhiteBalanceModes with daylight, 1.090000, 0.920000
02-20 21:20:46.168  1368  1368 V EmulatedCamera_Device: initializeWhiteBalanceModes with twilight, 0.920000, 1.220000
02-20 21:20:46.168  1368  1368 V EmulatedCamera_Device: setWhiteBalanceMode with white balance auto
02-20 21:20:46.168  1368  1368 V EmulatedCamera_Camera: getCameraInfo
02-20 21:20:46.169  1367  1367 D audio_hw_generic: Emulator host-side ALSA audio emulation detected.
02-20 21:20:46.169  1367  1367 D audio_hw_generic: mixer 0 name Master Playback Volume
02-20 21:20:46.169  1367  1367 D audio_hw_generic: set ctl 0 to 100
02-20 21:20:46.169  1367  1367 D audio_hw_generic: set ctl 1 to 100
02-20 21:20:46.169  1367  1367 D audio_hw_generic: mixer 1 name Master Playback Switch
02-20 21:20:46.169  1367  1367 D audio_hw_generic: set ctl 0 to 1
02-20 21:20:46.169  1367  1367 D audio_hw_generic: set ctl 1 to 1
02-20 21:20:46.169  1367  1367 D audio_hw_generic: mixer 2 name Capture Volume
02-20 21:20:46.169  1367  1367 D audio_hw_generic: set ctl 0 to 100
02-20 21:20:46.169  1367  1367 D audio_hw_generic: set ctl 1 to 100
02-20 21:20:46.169  1367  1367 D audio_hw_generic: mixer 3 name Capture Switch
02-20 21:20:46.169  1367  1367 D audio_hw_generic: set ctl 0 to 1
02-20 21:20:46.169  1367  1367 D audio_hw_generic: set ctl 1 to 1
02-20 21:20:46.170  1367  1367 D audio_hw_generic: mixer 4 name Line Phantom Jack
02-20 21:20:46.170  1367  1367 D audio_hw_generic: mixer 5 name Line Out Phantom Jack
02-20 21:20:46.170  1367  1367 D audio_hw_generic: mixer 6 name Playback Channel Map
02-20 21:20:46.170  1367  1367 D audio_hw_generic: mixer 7 name Capture Channel Map
02-20 21:20:46.170  1367  1367 I AudioFlinger: loadHwModule() Loaded primary audio interface from Generic audio HW HAL (audio) handle 10
02-20 21:20:46.170  1367  1367 I AudioFlinger: openOutput(), module 10 Device 2, SamplingRate 48000, Format 0x000001, Channels 3, flags 2
02-20 21:20:46.170  1368  1368 V EmulatedCamera_BaseCamera: getCameraInfo
02-20 21:20:46.170  1368  1368 I ServiceManager: Waiting for service media.camera.proxy...
02-20 21:20:46.170  1367  1367 I AudioFlinger: HAL output buffer size 720 frames, normal sink buffer size 1152 frames
02-20 21:20:46.182  1375  1375 W BatteryNotifier: batterystats service unavailable!
02-20 21:20:46.182  1367  1367 I BufferProvider: found effect "Multichannel Downmix To Stereo" from The Android Open Source Project
02-20 21:20:46.182  1367  1367 I AudioFlinger: Using module 10 has the primary audio interface
02-20 21:20:46.183  1367  1398 I AudioFlinger: AudioFlinger's thread 0xef403d00 ready to run
02-20 21:20:46.183  1367  1398 W BatteryNotifier: batterystats service unavailable!
02-20 21:20:46.183  1367  1398 W BatteryNotifier: batterystats service unavailable!
02-20 21:20:46.184  1367  1398 W BatteryNotifier: batterystats service unavailable!
02-20 21:20:46.184  1367  1398 W AudioFlinger: no wake lock to update, system not ready yet
02-20 21:20:46.194  1374  1374 V MediaUtils: physMem: 2099294208
02-20 21:20:46.194  1374  1374 V MediaUtils: requested limit: 419858840
02-20 21:20:46.194  1374  1374 V MediaUtils: actual limit: 419858840
02-20 21:20:46.194  1374  1374 V MediaUtils: original limits: 4294967295/4294967295
02-20 21:20:46.194  1374  1374 V MediaUtils: new limits: 419858840/4294967295
02-20 21:20:46.194  1374  1374 W /system/bin/mediaextractor: libminijail: allowing syscall: socketcall
02-20 21:20:46.194  1374  1374 W /system/bin/mediaextractor: libminijail: allowing syscall: writev
02-20 21:20:46.194  1374  1374 W /system/bin/mediaextractor: libminijail: allowing syscall: fcntl64
02-20 21:20:46.194  1374  1374 W /system/bin/mediaextractor: libminijail: allowing syscall: clock_gettime
02-20 21:20:46.195  1367  1401 I AudioFlinger: AudioFlinger's thread 0xeef03a40 ready to run
02-20 21:20:46.196  1374  1374 W /system/bin/mediaextractor: libminijail: logging seccomp filter failures
02-20 21:20:46.198  1367  1367 I r_submix: adev_open(name=audio_hw_if)
02-20 21:20:46.198  1367  1367 I r_submix: adev_init_check()
02-20 21:20:46.198  1367  1367 I AudioFlinger: loadHwModule() Loaded r_submix audio interface from Wifi Display audio HAL (audio) handle 18
02-20 21:20:46.198  1367  1367 D r_submix: adev_open_input_stream(addr=0)
02-20 21:20:46.198  1367  1367 D r_submix: submix_audio_device_create_pipe_l(addr=0, idx=9)
02-20 21:20:46.198  1367  1367 D r_submix:   now using address 0 for route 9
02-20 21:20:46.199  1367  1403 I AudioFlinger: AudioFlinger's thread 0xef003040 ready to run
02-20 21:20:46.199  1367  1367 D r_submix: adev_close_input_stream()
02-20 21:20:46.199  1367  1367 D r_submix: submix_audio_device_release_pipe_l(idx=9) addr=0
02-20 21:20:46.199  1367  1367 D r_submix: submix_audio_device_destroy_pipe_l(): pipe destroyed
02-20 21:20:46.199  1367  1367 I RadioService: RadioService
02-20 21:20:46.199  1367  1367 I RadioService: onFirstRef
02-20 21:20:46.199  1367  1367 E RadioService: couldn't load radio module radio.primary (No such file or directory)
02-20 21:20:46.199  1367  1367 E SoundTriggerHwService: couldn't load sound trigger module sound_trigger.primary (No such file or directory)
02-20 21:20:46.215  1365  1365 D AndroidRuntime: >>>>>> START com.android.internal.os.ZygoteInit uid 0 <<<<<<
02-20 21:20:46.215  1365  1365 I boot_progress_start: 3215
02-20 21:20:46.251  1365  1365 D AndroidRuntime: CheckJNI is ON
02-20 21:20:46.257  1365  1365 I art     : option[0]=-Xzygote
02-20 21:20:46.257  1365  1365 I art     : option[1]=-Xcheck:jni
02-20 21:20:46.257  1365  1365 I art     : option[2]=-Xstacktracefile:/data/anr/traces.txt
02-20 21:20:46.257  1365  1365 I art     : option[3]=exit
02-20 21:20:46.257  1365  1365 I art     : option[4]=vfprintf
02-20 21:20:46.257  1365  1365 I art     : option[5]=sensitiveThread
02-20 21:20:46.257  1365  1365 I art     : option[6]=-verbose:gc
02-20 21:20:46.257  1365  1365 I art     : option[7]=-Xms4m
02-20 21:20:46.257  1365  1365 I art     : option[8]=-Xmx512m
02-20 21:20:46.257  1365  1365 I art     : option[9]=-Xusejit:true
02-20 21:20:46.257  1365  1365 I art     : option[10]=-Xjitsaveprofilinginfo
02-20 21:20:46.257  1365  1365 I art     : option[11]=-agentlib:jdwp=transport=dt_android_adb,suspend=n,server=y
02-20 21:20:46.257  1365  1365 I art     : option[12]=-Xlockprofthreshold:500
02-20 21:20:46.257  1365  1365 I art     : option[13]=-Ximage-compiler-option
02-20 21:20:46.257  1365  1365 I art     : option[14]=--runtime-arg
02-20 21:20:46.257  1365  1365 I art     : option[15]=-Ximage-compiler-option
02-20 21:20:46.257  1365  1365 I art     : option[16]=-Xms64m
02-20 21:20:46.257  1365  1365 I art     : option[17]=-Ximage-compiler-option
02-20 21:20:46.257  1365  1365 I art     : option[18]=--runtime-arg
02-20 21:20:46.257  1365  1365 I art     : option[19]=-Ximage-compiler-option
02-20 21:20:46.257  1365  1365 I art     : option[20]=-Xmx64m
02-20 21:20:46.257  1365  1365 I art     : option[21]=-Ximage-compiler-option
02-20 21:20:46.257  1365  1365 I art     : option[22]=--image-classes=/system/etc/preloaded-classes
02-20 21:20:46.257  1365  1365 I art     : option[23]=-Ximage-compiler-option
02-20 21:20:46.257  1365  1365 I art     : option[24]=--compiled-classes=/system/etc/compiled-classes
02-20 21:20:46.257  1365  1365 I art     : option[25]=-Xcompiler-option
02-20 21:20:46.257  1365  1365 I art     : option[26]=--runtime-arg
02-20 21:20:46.257  1365  1365 I art     : option[27]=-Xcompiler-option
02-20 21:20:46.257  1365  1365 I art     : option[28]=-Xms64m
02-20 21:20:46.257  1365  1365 I art     : option[29]=-Xcompiler-option
02-20 21:20:46.257  1365  1365 I art     : option[30]=--runtime-arg
02-20 21:20:46.257  1365  1365 I art     : option[31]=-Xcompiler-option
02-20 21:20:46.257  1365  1365 I art     : option[32]=-Xmx512m
02-20 21:20:46.257  1365  1365 I art     : option[33]=-Ximage-compiler-option
02-20 21:20:46.257  1365  1365 I art     : option[34]=--instruction-set-variant=x86_64
02-20 21:20:46.257  1365  1365 I art     : option[35]=-Xcompiler-option
02-20 21:20:46.257  1365  1365 I art     : option[36]=--instruction-set-variant=x86_64
02-20 21:20:46.257  1365  1365 I art     : option[37]=-Ximage-compiler-option
02-20 21:20:46.257  1365  1365 I art     : option[38]=--instruction-set-features=default
02-20 21:20:46.257  1365  1365 I art     : option[39]=-Xcompiler-option
02-20 21:20:46.257  1365  1365 I art     : option[40]=--instruction-set-features=default
02-20 21:20:46.257  1365  1365 I art     : option[41]=-Duser.locale=en-US
02-20 21:20:46.257  1365  1365 I art     : option[42]=--cpu-abilist=x86_64
02-20 21:20:46.257  1365  1365 I art     : option[43]=-Xfingerprint:Android/sdk_google_phone_x86_64/generic_x86_64:7.1.1/NYC/4498512:userdebug/test-keys
02-20 21:20:46.673     0     0 I IPv6    : ADDRCONF(NETDEV_UP): radio0-peer: link is not ready
02-20 21:20:46.690  1365  1365 D ICU     : No timezone override file found: /data/misc/zoneinfo/current/icu/icu_tzdata.dat
02-20 21:20:46.728     0     0 I init    : Starting service 'dhcpclient_rtr'...
02-20 21:20:46.976  1377  1377 D RILD    : overriding with -s /dev/socket/qemud
02-20 21:20:46.981  1377  1377 W RILD    : RIL_SAP_Init not defined or exported in libreference-ril.so: undefined symbol: RIL_SAP_Init
02-20 21:20:46.982  1377  1377 D RILD    : RIL_Init argc = 5 clientId = 0
02-20 21:20:46.982  1377  1377 I RIL     : Opening socket /dev/socket/qemud
02-20 21:20:46.982  1377  1377 I RIL     : Client id received 0
02-20 21:20:46.984  1377  1377 D RILD    : RIL_Init rilInit completed
02-20 21:20:46.984  1377  1377 I RILC    : SIM_COUNT: 1
02-20 21:20:46.984  1377  1377 E RILC    : RIL_register: RIL version 12
02-20 21:20:46.984  1377  1377 I RILC    : s_registerCalled flag set, 1
02-20 21:20:46.984  1377  1377 I RILC    : Start to listen RIL_SOCKET_1
02-20 21:20:46.984  1377  1377 D RILD    : RIL_Init RIL_register completed
02-20 21:20:46.984  1377  1377 D RILD    : RIL_register_socket completed
02-20 21:20:46.984  1377  1377 D RILD    : RIL_Init starting sleep loop
02-20 21:20:46.985  1377  1492 D RIL     : setRadioState(0)
02-20 21:20:46.985  1377  1492 D AT      : AT> ATE0Q0V1
02-20 21:20:46.987  1377  1495 D AT      : AT< OK
02-20 21:20:47.001  1366  1366 D AndroidRuntime: >>>>>> START com.android.internal.os.ZygoteInit uid 0 <<<<<<
02-20 21:20:47.027  1366  1366 D AndroidRuntime: CheckJNI is ON
02-20 21:20:47.032  1366  1366 I art     : option[0]=-Xzygote
02-20 21:20:47.032  1366  1366 I art     : option[1]=-Xcheck:jni
02-20 21:20:47.032  1366  1366 I art     : option[2]=-Xstacktracefile:/data/anr/traces.txt
02-20 21:20:47.032  1366  1366 I art     : option[3]=exit
02-20 21:20:47.032  1366  1366 I art     : option[4]=vfprintf
02-20 21:20:47.032  1366  1366 I art     : option[5]=sensitiveThread
02-20 21:20:47.032  1366  1366 I art     : option[6]=-verbose:gc
02-20 21:20:47.032  1366  1366 I art     : option[7]=-Xms4m
02-20 21:20:47.032  1366  1366 I art     : option[8]=-Xmx512m
02-20 21:20:47.032  1366  1366 I art     : option[9]=-Xusejit:true
02-20 21:20:47.032  1366  1366 I art     : option[10]=-Xjitsaveprofilinginfo
02-20 21:20:47.032  1366  1366 I art     : option[11]=-agentlib:jdwp=transport=dt_android_adb,suspend=n,server=y
02-20 21:20:47.032  1366  1366 I art     : option[12]=-Xlockprofthreshold:500
02-20 21:20:47.032  1366  1366 I art     : option[13]=-Ximage-compiler-option
02-20 21:20:47.032  1366  1366 I art     : option[14]=--runtime-arg
02-20 21:20:47.032  1366  1366 I art     : option[15]=-Ximage-compiler-option
02-20 21:20:47.032  1366  1366 I art     : option[16]=-Xms64m
02-20 21:20:47.032  1366  1366 I art     : option[17]=-Ximage-compiler-option
02-20 21:20:47.032  1366  1366 I art     : option[18]=--runtime-arg
02-20 21:20:47.032  1366  1366 I art     : option[19]=-Ximage-compiler-option
02-20 21:20:47.032  1366  1366 I art     : option[20]=-Xmx64m
02-20 21:20:47.032  1366  1366 I art     : option[21]=-Ximage-compiler-option
02-20 21:20:47.032  1366  1366 I art     : option[22]=--image-classes=/system/etc/preloaded-classes
02-20 21:20:47.032  1366  1366 I art     : option[23]=-Ximage-compiler-option
02-20 21:20:47.032  1366  1366 I art     : option[24]=--compiled-classes=/system/etc/compiled-classes
02-20 21:20:47.032  1366  1366 I art     : option[25]=-Xcompiler-option
02-20 21:20:47.032  1366  1366 I art     : option[26]=--runtime-arg
02-20 21:20:47.032  1366  1366 I art     : option[27]=-Xcompiler-option
02-20 21:20:47.032  1366  1366 I art     : option[28]=-Xms64m
02-20 21:20:47.032  1366  1366 I art     : option[29]=-Xcompiler-option
02-20 21:20:47.032  1366  1366 I art     : option[30]=--runtime-arg
02-20 21:20:47.032  1366  1366 I art     : option[31]=-Xcompiler-option
02-20 21:20:47.032  1366  1366 I art     : option[32]=-Xmx512m
02-20 21:20:47.032  1366  1366 I art     : option[33]=-Ximage-compiler-option
02-20 21:20:47.032  1366  1366 I art     : option[34]=--instruction-set-variant=x86
02-20 21:20:47.032  1366  1366 I art     : option[35]=-Xcompiler-option
02-20 21:20:47.032  1366  1366 I art     : option[36]=--instruction-set-variant=x86
02-20 21:20:47.032  1366  1366 I art     : option[37]=-Ximage-compiler-option
02-20 21:20:47.032  1366  1366 I art     : option[38]=--instruction-set-features=default
02-20 21:20:47.032  1366  1366 I art     : option[39]=-Xcompiler-option
02-20 21:20:47.032  1366  1366 I art     : option[40]=--instruction-set-features=default
02-20 21:20:47.032  1366  1366 I art     : option[41]=-Duser.locale=en-US
02-20 21:20:47.032  1366  1366 I art     : option[42]=--cpu-abilist=x86
02-20 21:20:47.032  1366  1366 I art     : option[43]=-Xfingerprint:Android/sdk_google_phone_x86_64/generic_x86_64:7.1.1/NYC/4498512:userdebug/test-keys
02-20 21:20:47.062  1365  1365 E memtrack: Couldn't load memtrack module (No such file or directory)
02-20 21:20:47.062  1365  1365 E android.os.Debug: failed to load memtrack module: -2
02-20 21:20:47.085  1365  1365 I Radio-JNI: register_android_hardware_Radio DONE
02-20 21:20:47.113  1365  1365 I SamplingProfilerIntegration: Profiling disabled.
02-20 21:20:47.114  1365  1365 I boot_progress_preload_start: 4114
02-20 21:20:47.114  1365  1365 D Zygote  : begin preload
02-20 21:20:47.114  1365  1365 I Zygote  : Installing ICU cache reference pinning...
02-20 21:20:47.123  1365  1365 I Zygote  : Preloading ICU data...
02-20 21:20:47.131     0     0 D ieee80211 phy1: mac80211_hwsim_start
02-20 21:20:47.131     0     0 D ieee80211 phy1: mac80211_hwsim_add_interface (type=2 mac_addr=02:00:00:00:01:00)
02-20 21:20:47.131     0     0 D ieee80211 phy1: mac80211_hwsim_bss_info_changed(changed=0xe)
02-20 21:20:47.131     0     0 D ieee80211 phy1: ERP_CTS_PROT: 0
02-20 21:20:47.131     0     0 D ieee80211 phy1: ERP_PREAMBLE: 0
02-20 21:20:47.131     0     0 D ieee80211 phy1: ERP_SLOT: 0
02-20 21:20:47.131     0     0 D ieee80211 phy1: mac80211_hwsim_conf_tx (queue=0 txop=0 cw_min=15 cw_max=1023 aifs=2)
02-20 21:20:47.131     0     0 D ieee80211 phy1: mac80211_hwsim_conf_tx (queue=1 txop=0 cw_min=15 cw_max=1023 aifs=2)
02-20 21:20:47.131     0     0 D ieee80211 phy1: mac80211_hwsim_conf_tx (queue=2 txop=0 cw_min=15 cw_max=1023 aifs=2)
02-20 21:20:47.131     0     0 D ieee80211 phy1: mac80211_hwsim_conf_tx (queue=3 txop=0 cw_min=15 cw_max=1023 aifs=2)
02-20 21:20:47.131     0     0 D ieee80211 phy1: mac80211_hwsim_bss_info_changed(changed=0x2000)
02-20 21:20:47.131     0     0 D ieee80211 phy1: mac80211_hwsim_config (freq=0 idle=0 ps=0 smps=auto)
02-20 21:20:47.131     0     0 D ieee80211 phy1: mac80211_hwsim_configure_filter
02-20 21:20:47.132     0     0 D ieee80211 phy1: mac80211_hwsim_configure_filter
02-20 21:20:47.132     0     0 D ieee80211 phy1: mac80211_hwsim_configure_filter
02-20 21:20:47.132     0     0 I IPv6    : ADDRCONF(NETDEV_UP): wlan1: link is not ready
02-20 21:20:47.172  1368  1368 I ServiceManager: Waiting for service media.camera.proxy...
02-20 21:20:47.213     0     0 I init    : Starting service 'ipv6proxy'...
02-20 21:20:47.238  1377  1492 D RIL     : query_ctec. current: 0x7bc0e7dba2ac, preferred: 0x7bc0e7dba2a8
02-20 21:20:47.238  1377  1492 D AT      : AT> AT+CTEC?
02-20 21:20:47.238  1377  1495 D AT      : AT< +CTEC: 0,f
02-20 21:20:47.238  1377  1495 D AT      : AT< OK
02-20 21:20:47.238  1377  1492 D RIL     : Response: +CTEC: 0,f
02-20 21:20:47.238  1377  1492 D RIL     : line remaining after int: f
02-20 21:20:47.238  1377  1492 D RIL     : query_supported_techs
02-20 21:20:47.238  1377  1492 D AT      : AT> AT+CTEC=?
02-20 21:20:47.239  1377  1495 D AT      : AT< +CTEC: 0,1,2,3
02-20 21:20:47.239  1377  1495 D AT      : AT< OK
02-20 21:20:47.239  1377  1492 I RIL     : Found Multimode Modem. Supported techs mask: 0000000f. Current tech: 0
02-20 21:20:47.239  1377  1492 D AT      : AT> ATE0Q0V1
02-20 21:20:47.239  1377  1495 D AT      : AT< OK
02-20 21:20:47.239  1377  1492 D AT      : AT> ATS0=0
02-20 21:20:47.239  1377  1495 D AT      : AT< OK
02-20 21:20:47.240  1377  1492 D AT      : AT> AT+CMEE=1
02-20 21:20:47.240  1377  1495 D AT      : AT< OK
02-20 21:20:47.240  1377  1492 D AT      : AT> AT+CREG=2
02-20 21:20:47.241  1377  1495 D AT      : AT< OK
02-20 21:20:47.241  1377  1492 D AT      : AT> AT+CGREG=1
02-20 21:20:47.241  1377  1495 D AT      : AT< OK
02-20 21:20:47.241  1377  1492 D AT      : AT> AT+CCWA=1
02-20 21:20:47.242  1377  1495 D AT      : AT< OK
02-20 21:20:47.242  1377  1492 D AT      : AT> AT+CMOD=0
02-20 21:20:47.242  1377  1495 D AT      : AT< OK
02-20 21:20:47.242  1377  1492 D AT      : AT> AT+CMUT=0
02-20 21:20:47.242  1377  1495 D AT      : AT< OK
02-20 21:20:47.242  1377  1492 D AT      : AT> AT+CSSN=0,1
02-20 21:20:47.242  1377  1495 D AT      : AT< OK
02-20 21:20:47.243  1377  1492 D AT      : AT> AT+COLP=0
02-20 21:20:47.243  1377  1495 D AT      : AT< OK
02-20 21:20:47.243  1377  1492 D AT      : AT> AT+CSCS="HEX"
02-20 21:20:47.243  1377  1495 D AT      : AT< OK
02-20 21:20:47.243  1377  1492 D AT      : AT> AT+CUSD=1
02-20 21:20:47.243  1377  1495 D AT      : AT< OK
02-20 21:20:47.243  1377  1492 D AT      : AT> AT+CGEREP=1,0
02-20 21:20:47.243  1377  1495 D AT      : AT< OK
02-20 21:20:47.243  1377  1492 D AT      : AT> AT+CMGF=0
02-20 21:20:47.243  1377  1495 D AT      : AT< %CTZV: 18/02/20:21:20:48+0:0:Unknown!Unknown
02-20 21:20:47.243  1377  1495 D AT      : AT< OK
02-20 21:20:47.243  1377  1492 D AT      : AT> AT+CFUN?
02-20 21:20:47.245  1377  1495 D AT      : AT< +CFUN: 0
02-20 21:20:47.245  1377  1495 D AT      : AT< OK
02-20 21:20:47.264  1365  1365 I Zygote  : Preloading classes...
02-20 21:20:47.269  1365  1365 W Zygote  : Class not found for preloading: [Landroid.view.Display$ColorTransform;
02-20 21:20:47.271     0     0 D ieee80211 phy1: mac80211_hwsim_configure_filter
02-20 21:20:47.333     0     0 I init    : Starting service 'emu_hostapd'...
02-20 21:20:47.353     0     0 I init    : Starting service 'dhcpserver'...
02-20 21:20:47.374  1517  1517 E ipv6proxy: Failed to forward Neighbor Solicitation for fe80::7010:f3ff:fe88:fe03 from radio0-peer to eth0: Cannot assign requested address
02-20 21:20:47.374     0     0 I IPv6    : ADDRCONF(NETDEV_CHANGE): radio0-peer: link becomes ready
02-20 21:20:47.381  1517  1517 E ipv6proxy: Failed to forward Neighbor Solicitation for fe80::7010:f3ff:fe88:fe03 from radio0-peer to eth0: Cannot assign requested address
02-20 21:20:47.390     0     0 I init    : Service 'ranchu-net' (pid 1378) exited with status 0
02-20 21:20:47.411     0     0 I warning : `hostapd' uses 32-bit capabilities (legacy support in use)
02-20 21:20:47.418  1527  1527 E hostapd : Configuration file: /system/etc/simulated_hostapd.conf
02-20 21:20:47.480     0     0 D ieee80211 phy1: mac80211_hwsim_configure_filter
02-20 21:20:47.510     0     0 D ieee80211 phy1: mac80211_hwsim_change_interface (old type=2, new type=3, mac_addr=02:00:00:00:01:00)
02-20 21:20:47.510     0     0 D ieee80211 phy1: mac80211_hwsim_configure_filter
02-20 21:20:47.510     0     0 D ieee80211 phy1: mac80211_hwsim_bss_info_changed(changed=0xe)
02-20 21:20:47.510     0     0 D ieee80211 phy1: ERP_CTS_PROT: 0
02-20 21:20:47.510     0     0 D ieee80211 phy1: ERP_PREAMBLE: 0
02-20 21:20:47.510     0     0 D ieee80211 phy1: ERP_SLOT: 0
02-20 21:20:47.510     0     0 D ieee80211 phy1: mac80211_hwsim_conf_tx (queue=0 txop=47 cw_min=3 cw_max=7 aifs=2)
02-20 21:20:47.510     0     0 D ieee80211 phy1: mac80211_hwsim_conf_tx (queue=1 txop=94 cw_min=7 cw_max=15 aifs=2)
02-20 21:20:47.510     0     0 D ieee80211 phy1: mac80211_hwsim_conf_tx (queue=2 txop=0 cw_min=15 cw_max=1023 aifs=3)
02-20 21:20:47.510     0     0 D ieee80211 phy1: mac80211_hwsim_conf_tx (queue=3 txop=0 cw_min=15 cw_max=1023 aifs=7)
02-20 21:20:47.510     0     0 D ieee80211 phy1: mac80211_hwsim_bss_info_changed(changed=0x2000)
02-20 21:20:47.510  1527  1527 I hostapd : rfkill: Cannot get wiphy information
02-20 21:20:47.510     0     0 D ieee80211 phy1: mac80211_hwsim_configure_filter
02-20 21:20:47.511  1527  1527 I hostapd : nl80211: Could not re-add multicast membership for vendor events: -2 (No such file or directory)
02-20 21:20:47.511  1527  1527 I hostapd : wlan1: interface state UNINITIALIZED->COUNTRY_UPDATE
02-20 21:20:47.622  1366  1366 D ICU     : No timezone override file found: /data/misc/zoneinfo/current/icu/icu_tzdata.dat
02-20 21:20:47.703  1365  1365 E Typeface: Error mapping font file /system/fonts/DroidSansFallback.ttf
02-20 21:20:47.885  1366  1366 E memtrack: Couldn't load memtrack module (No such file or directory)
02-20 21:20:47.885  1366  1366 E android.os.Debug: failed to load memtrack module: -2
02-20 21:20:47.894  1366  1366 I Radio-JNI: register_android_hardware_Radio DONE
02-20 21:20:47.920  1366  1366 I SamplingProfilerIntegration: Profiling disabled.
02-20 21:20:47.922  1366  1366 I boot_progress_preload_start: 4921
02-20 21:20:47.922  1366  1366 D Zygote  : begin preload
02-20 21:20:47.922  1366  1366 I Zygote  : Installing ICU cache reference pinning...
02-20 21:20:47.922  1366  1366 I Zygote  : Preloading ICU data...
02-20 21:20:47.985  1366  1366 I Zygote  : Preloading classes...
02-20 21:20:47.991  1366  1366 W Zygote  : Class not found for preloading: [Landroid.view.Display$ColorTransform;
02-20 21:20:48.007  1365  1365 I art     : Thread[1,tid=1365,Native,Thread*=0x753539095a00,peer=0x12c060d0,"main"] recursive attempt to load library "/system/lib64/libmedia_jni.so"
02-20 21:20:48.008  1365  1365 D MtpDeviceJNI: register_android_mtp_MtpDevice
02-20 21:20:48.009  1365  1365 I art     : Thread[1,tid=1365,Native,Thread*=0x753539095a00,peer=0x12c060d0,"main"] recursive attempt to load library "/system/lib64/libmedia_jni.so"
02-20 21:20:48.009  1365  1365 I art     : Thread[1,tid=1365,Native,Thread*=0x753539095a00,peer=0x12c060d0,"main"] recursive attempt to load library "/system/lib64/libmedia_jni.so"
02-20 21:20:48.113  1365  1365 D TelephonyManager: No /proc/cmdline exception=java.io.FileNotFoundException: /proc/cmdline (Permission denied)
02-20 21:20:48.113  1365  1365 D TelephonyManager: /proc/cmdline=
02-20 21:20:48.122  1365  1365 W Zygote  : Class not found for preloading: android.view.Display$ColorTransform
02-20 21:20:48.122  1365  1365 W Zygote  : Class not found for preloading: android.view.Display$ColorTransform$1
02-20 21:20:48.164  1366  1366 E Typeface: Error mapping font file /system/fonts/DroidSansFallback.ttf
02-20 21:20:48.172  1368  1368 I ServiceManager: Waiting for service media.camera.proxy...
02-20 21:20:48.344  1365  1365 I System  : Loaded time zone names for "" in 127ms (124ms in ICU)
02-20 21:20:48.366  1365  1365 I System  : Loaded time zone names for "en_US" in 22ms (21ms in ICU)
02-20 21:20:48.381  1517  1517 E ipv6proxy: Failed to forward Router Advertisement from eth0 to wlan1: Network is unreachable
02-20 21:20:48.381  1517  1517 E ipv6proxy: Failed to forward Router Advertisement from eth0 to radio0-peer: Cannot assign requested address
02-20 21:20:48.418  1365  1365 I Zygote  : ...preloaded 4158 classes in 1154ms.
02-20 21:20:48.418  1365  1365 I art     : VMRuntime.preloadDexCaches starting
02-20 21:20:48.441  1366  1366 I art     : Thread[1,tid=1366,Native,Thread*=0xf1a0b400,peer=0x12c060d0,"main"] recursive attempt to load library "/system/lib/libmedia_jni.so"
02-20 21:20:48.441  1366  1366 D MtpDeviceJNI: register_android_mtp_MtpDevice
02-20 21:20:48.442  1366  1366 I art     : Thread[1,tid=1366,Native,Thread*=0xf1a0b400,peer=0x12c060d0,"main"] recursive attempt to load library "/system/lib/libmedia_jni.so"
02-20 21:20:48.442  1366  1366 I art     : Thread[1,tid=1366,Native,Thread*=0xf1a0b400,peer=0x12c060d0,"main"] recursive attempt to load library "/system/lib/libmedia_jni.so"
02-20 21:20:48.588  1366  1366 D TelephonyManager: No /proc/cmdline exception=java.io.FileNotFoundException: /proc/cmdline (Permission denied)
02-20 21:20:48.588  1366  1366 D TelephonyManager: /proc/cmdline=
