02-20 21:22:10.346  1366  1366 V EmulatedCamera_Camera: getCameraInfo
02-20 21:22:10.346  1366  1366 V EmulatedCamera_BaseCamera: getCameraInfo
02-20 21:22:10.346  1366  1366 V EmulatedCamera_Camera: connectCamera
02-20 21:22:10.346  1366  1366 V EmulatedCamera_FakeDevice: connectDevice
02-20 21:22:10.346  1366  1366 V EmulatedCamera_CallbackNotifier: setCallbacks: 0xf67fae80, 0xf67faed0, 0xf67faff0, 0xf67fb110 (0xf66c3320)
02-20 21:22:10.346  1366  1366 V EmulatedCamera_CallbackNotifier: enableMessage: msg_type = 0xc0d
02-20 21:22:10.346  1366  1366 V EmulatedCamera_CallbackNotifier:     CAMERA_MSG_ERROR
02-20 21:22:10.346  1366  1366 V EmulatedCamera_CallbackNotifier:     CAMERA_MSG_FOCUS
02-20 21:22:10.346  1366  1366 V EmulatedCamera_CallbackNotifier:     CAMERA_MSG_ZOOM
02-20 21:22:10.346  1366  1366 V EmulatedCamera_CallbackNotifier:     CAMERA_MSG_PREVIEW_METADATA
02-20 21:22:10.346  1366  1366 V EmulatedCamera_CallbackNotifier: **** Currently enabled messages:
02-20 21:22:10.346  1366  1366 V EmulatedCamera_CallbackNotifier:     CAMERA_MSG_ERROR
02-20 21:22:10.346  1366  1366 V EmulatedCamera_CallbackNotifier:     CAMERA_MSG_FOCUS
02-20 21:22:10.346  1366  1366 V EmulatedCamera_CallbackNotifier:     CAMERA_MSG_ZOOM
02-20 21:22:10.346  1366  1366 V EmulatedCamera_CallbackNotifier:     CAMERA_MSG_PREVIEW_METADATA
02-20 21:22:10.346  1366  1366 V EmulatedCamera_CallbackNotifier: disableMessage: msg_type = 0xffff
02-20 21:22:10.346  1366  1366 V EmulatedCamera_CallbackNotifier:     CAMERA_MSG_ERROR
02-20 21:22:10.346  1366  1366 V EmulatedCamera_CallbackNotifier:     CAMERA_MSG_SHUTTER
02-20 21:22:10.346  1366  1366 V EmulatedCamera_CallbackNotifier:     CAMERA_MSG_FOCUS
02-20 21:22:10.346  1366  1366 V EmulatedCamera_CallbackNotifier:     CAMERA_MSG_ZOOM
02-20 21:22:10.346  1366  1366 V EmulatedCamera_CallbackNotifier:     CAMERA_MSG_PREVIEW_FRAME
02-20 21:22:10.346  1366  1366 V EmulatedCamera_CallbackNotifier:     CAMERA_MSG_VIDEO_FRAME
02-20 21:22:10.346  1366  1366 V EmulatedCamera_CallbackNotifier:     CAMERA_MSG_POSTVIEW_FRAME
02-20 21:22:10.346  1366  1366 V EmulatedCamera_CallbackNotifier:     CAMERA_MSG_RAW_IMAGE
02-20 21:22:10.346  1366  1366 V EmulatedCamera_CallbackNotifier:     CAMERA_MSG_COMPRESSED_IMAGE
02-20 21:22:10.346  1366  1366 V EmulatedCamera_CallbackNotifier:     CAMERA_MSG_RAW_IMAGE_NOTIFY
02-20 21:22:10.346  1366  1366 V EmulatedCamera_CallbackNotifier:     CAMERA_MSG_PREVIEW_METADATA
02-20 21:22:10.346  1366  1366 V EmulatedCamera_CallbackNotifier: **** Currently enabled messages:
02-20 21:22:10.346  1366  1366 V EmulatedCamera_Preview: setPreviewWindow: current: 0x0 -> new: 0x0
02-20 21:22:10.346  1366  1366 V EmulatedCamera_Camera: doStopPreview
02-20 21:22:10.346  1366  1366 V EmulatedCamera_Camera: cancelPicture
02-20 21:22:10.346  1366  1366 V EmulatedCamera_Camera: releaseCamera
02-20 21:22:10.346  1366  1366 V EmulatedCamera_Camera: doStopPreview
02-20 21:22:10.347  1366  1366 V EmulatedCamera_FakeDevice: disconnectDevice
02-20 21:22:10.347  1366  1366 W EmulatedCamera_Device: Initialize: Emulated camera device is already initialized: mState = 1
02-20 21:22:10.347  1366  1366 D EmulatedCamera_FakeCamera: Initialize: Fake camera is facing back
02-20 21:22:10.347  1366  1366 V EmulatedCamera_Device: initializeWhiteBalanceModes with auto, 1.000000, 1.000000
02-20 21:22:10.347  1366  1366 V EmulatedCamera_Device: initializeWhiteBalanceModes with incandescent, 1.380000, 0.600000
02-20 21:22:10.347  1366  1366 V EmulatedCamera_Device: initializeWhiteBalanceModes with daylight, 1.090000, 0.920000
02-20 21:22:10.347  1366  1366 V EmulatedCamera_Device: initializeWhiteBalanceModes with twilight, 0.920000, 1.220000
02-20 21:22:10.347  1366  1366 V EmulatedCamera_Device: setWhiteBalanceMode with white balance auto
02-20 21:22:10.347  1366  1366 I CameraFlashlight: Destroying camera 0
02-20 21:22:10.347  1366  1366 V EmulatedCamera_Camera: closeCamera
02-20 21:22:10.347  1366  1366 V EmulatedCamera_Camera: doStopPreview
02-20 21:22:10.347  1366  1366 W EmulatedCamera_Device: Initialize: Emulated camera device is already initialized: mState = 1
02-20 21:22:10.347  1366  1366 D EmulatedCamera_FakeCamera: Initialize: Fake camera is facing back
02-20 21:22:10.347  1366  1366 V EmulatedCamera_Device: initializeWhiteBalanceModes with auto, 1.000000, 1.000000
02-20 21:22:10.347  1366  1366 V EmulatedCamera_Device: initializeWhiteBalanceModes with incandescent, 1.380000, 0.600000
02-20 21:22:10.347  1366  1366 V EmulatedCamera_Device: initializeWhiteBalanceModes with daylight, 1.090000, 0.920000
02-20 21:22:10.347  1366  1366 V EmulatedCamera_Device: initializeWhiteBalanceModes with twilight, 0.920000, 1.220000
02-20 21:22:10.347  1366  1366 V EmulatedCamera_Device: setWhiteBalanceMode with white balance auto
02-20 21:22:10.347  1679  1690 I Telecom : PhoneAccountRegistrar: [ComponentInfo{com.android.phone/com.android.services.telephony.TelephonyConnectionService}, [e0184adedf913b076626646d3f52c3b49c39ad6d], UserHandle{0}(addr: tel:*********** -> tel:)(icon: Icon(typ=BITMAP size=76x96) -> Icon(typ=BITMAP size=76x96))(subAddr: tel:*********** -> tel:)]: TSI.rPA@AAg
02-20 21:22:10.348  1366  1366 I CameraService: disconnect: Disconnected client for camera 0 for PID 1366
02-20 21:22:10.348  1373  1373 D NuPlayerDriver: reset(0xe58133c0) at state 4
02-20 21:22:10.348  1373  1373 D NuPlayerDriver: notifyListener_l(0xe58133c0), (8, 0, 0), loop setting(0, 0)
02-20 21:22:10.348  1373  2067 D NuPlayerDriver: notifyResetComplete(0xe58133c0)
02-20 21:22:10.348  1679  1690 I Telecom : : Sending phone-account registered intent as user: TSI.rPA@AAg
02-20 21:22:10.349  1916  1916 I Telephony: AccountEntry: Registered phoneAccount: [[ ] PhoneAccount: ComponentInfo{com.android.phone/com.android.services.telephony.TelephonyConnectionService}, [e0184adedf913b076626646d3f52c3b49c39ad6d], UserHandle{0} Capabilities: CallProvider MultiUser PlaceEmerg SimSub  Schemes: tel voicemail  Extras: null GroupId: [da39a3ee5e6b4b0d3255bfef95601890afd80709]] with handle: ComponentInfo{com.android.phone/com.android.services.telephony.TelephonyConnectionService}, [e0184adedf913b076626646d3f52c3b49c39ad6d], UserHandle{0}
02-20 21:22:10.349  1916  1916 I Telephony: PstnIncomingCallNotifier: Registering: Handler (com.android.internal.telephony.GsmCdmaPhone) {8789a8}
02-20 21:22:10.350  1373  1420 D NuPlayerDriver: reset(0xe5813600) at state 4
02-20 21:22:10.350  1373  1420 D NuPlayerDriver: notifyListener_l(0xe5813600), (8, 0, 0), loop setting(0, 0)
02-20 21:22:10.350  1373  2070 D NuPlayerDriver: notifyResetComplete(0xe5813600)
02-20 21:22:10.350  1373  1839 D NuPlayerDriver: reset(0xe5813660) at state 4
02-20 21:22:10.350  1373  1839 D NuPlayerDriver: notifyListener_l(0xe5813660), (8, 0, 0), loop setting(0, 0)
02-20 21:22:10.350  1373  2072 D NuPlayerDriver: notifyResetComplete(0xe5813660)
02-20 21:22:10.351  1366  1710 V EmulatedCamera_Camera: getCameraInfo
02-20 21:22:10.351  1366  1710 V EmulatedCamera_BaseCamera: getCameraInfo
02-20 21:22:10.351  1366  1366 V EmulatedCamera_Camera: getCameraInfo
02-20 21:22:10.351  1366  1366 V EmulatedCamera_BaseCamera: getCameraInfo
02-20 21:22:10.360  1916  1916 D CAT     : CatService: handleMessage[20]
02-20 21:22:10.361  1916  1916 D GsmCdmaPhone: [GsmCdmaPhone] updateCurrentCarrierInProvider: mSubId = -2 currentDds = 1 operatorNumeric = 310260
02-20 21:22:10.361  1916  1916 D IccCardProxy: operator=310260 mPhoneId=0
02-20 21:22:10.361  1916  1916 D TelephonyManager: setTelephonyProperty: success phoneId=0 property=gsm.sim.operator.numeric value: 310260 propVal=310260
02-20 21:22:10.361  1916  1916 D TelephonyManager: setTelephonyProperty: success phoneId=0 property=gsm.sim.operator.iso-country value: us propVal=us
02-20 21:22:10.362  1916  1916 D IccCardProxy: Sending intent ACTION_INTERNAL_SIM_STATE_CHANGED for mPhoneId : 0
02-20 21:22:10.363  1916  1916 D SST     : EVENT_SIM_RECORDS_LOADED: what=16
02-20 21:22:10.363  1916  1916 D GsmCdmaPhone: [GsmCdmaPhone] updatePhoneObject: radioTechnology=0
02-20 21:22:10.363  1916  1916 D SST     : getOtasp: otasp not needed for GSM
02-20 21:22:10.363  1916  1916 D SST     : updateOtaspState: call notifyOtaspChanged old otaspMode=0 new otaspMode=3
02-20 21:22:10.363  1916  1916 D SIMRecords: [SIMRecords] getServiceProviderName: no brandOverride, providerName=Android
02-20 21:22:10.363  1916  1916 D SIMRecords: [SIMRecords] getServiceProviderName: no brandOverride, providerName=Android
02-20 21:22:10.363  1916  1916 D SST     : updateSpnDisplay: changed sending intent rule=1 showPlmn='false' plmn='Android' showSpn='true' spn='Android' dataSpn='Android' subId='-2'
02-20 21:22:10.364  1916  1916 D SubscriptionController: [setPlmnSpn] No valid subscription to store info
02-20 21:22:10.364  1916  1916 D SubscriptionController: notifySubscriptionInfoChanged:
02-20 21:22:10.364  1679  1679 I GnssLocationProvider: WakeLock acquired by sendMessage(12, 0, null)
02-20 21:22:10.364  1916  1937 D SubscriptionController: [getActiveSubInfoList] Sub Controller not ready
02-20 21:22:10.364  1916  1916 E PhoneInterfaceManager: [PhoneIntfMgr] getIccId: No UICC
02-20 21:22:10.366  1679  1691 I Telecom : PhoneAccountRegistrar: [ComponentInfo{com.android.phone/com.android.services.telephony.TelephonyConnectionService}, [e0184adedf913b076626646d3f52c3b49c39ad6d], UserHandle{0}(icon: Icon(typ=BITMAP size=76x96) -> Icon(typ=BITMAP size=76x96))]: TSI.rPA@AAs
02-20 21:22:10.366  1775  1775 I StatusBar: isKeyguardShowing() called before startKeyguard(), returning true
02-20 21:22:10.366  1775  1775 W StatusBar: isKeyguardSecure() called before startKeyguard(), returning false
02-20 21:22:10.366  1775  1775 W StatusBar: java.lang.Throwable
02-20 21:22:10.366  1775  1775 W StatusBar: 	at com.android.systemui.statusbar.BaseStatusBar.isKeyguardSecure(BaseStatusBar.java:2647)
02-20 21:22:10.366  1775  1775 W StatusBar: 	at com.android.systemui.statusbar.BaseStatusBar.isCameraAllowedByAdmin(BaseStatusBar.java:2670)
02-20 21:22:10.366  1775  1775 W StatusBar: 	at com.android.systemui.statusbar.phone.KeyguardBottomAreaView.updateCameraVisibility(KeyguardBottomAreaView.java:309)
02-20 21:22:10.366  1775  1775 W StatusBar: 	at com.android.systemui.statusbar.phone.KeyguardBottomAreaView.setPhoneStatusBar(KeyguardBottomAreaView.java:272)
02-20 21:22:10.366  1775  1775 W StatusBar: 	at com.android.systemui.statusbar.phone.PhoneStatusBar.makeStatusBarView(PhoneStatusBar.java:904)
02-20 21:22:10.366  1775  1775 W StatusBar: 	at com.android.systemui.statusbar.phone.PhoneStatusBar.addStatusBarWindow(PhoneStatusBar.java:3432)
02-20 21:22:10.366  1775  1775 W StatusBar: 	at com.android.systemui.statusbar.phone.PhoneStatusBar.createAndAddWindows(PhoneStatusBar.java:3428)
02-20 21:22:10.366  1775  1775 W StatusBar: 	at com.android.systemui.statusbar.BaseStatusBar.start(BaseStatusBar.java:765)
02-20 21:22:10.366  1775  1775 W StatusBar: 	at com.android.systemui.statusbar.phone.PhoneStatusBar.start(PhoneStatusBar.java:686)
02-20 21:22:10.366  1775  1775 W StatusBar: 	at com.android.systemui.statusbar.SystemBars.createStatusBarFromConfig(SystemBars.java:106)
02-20 21:22:10.366  1775  1775 W StatusBar: 	at com.android.systemui.statusbar.SystemBars.onNoService(SystemBars.java:58)
02-20 21:22:10.366  1775  1775 W StatusBar: 	at com.android.systemui.statusbar.ServiceMonitor.startService(ServiceMonitor.java:230)
02-20 21:22:10.366  1775  1775 W StatusBar: 	at com.android.systemui.statusbar.ServiceMonitor.-wrap5(ServiceMonitor.java)
02-20 21:22:10.366  1775  1775 W StatusBar: 	at com.android.systemui.statusbar.ServiceMonitor$1.handleMessage(ServiceMonitor.java:73)
02-20 21:22:10.366  1775  1775 W StatusBar: 	at android.os.Handler.dispatchMessage(Handler.java:102)
02-20 21:22:10.366  1775  1775 W StatusBar: 	at android.os.Looper.loop(Looper.java:154)
02-20 21:22:10.366  1775  1775 W StatusBar: 	at android.app.ActivityThread.main(ActivityThread.java:6119)
02-20 21:22:10.366  1775  1775 W StatusBar: 	at java.lang.reflect.Method.invoke(Native Method)
02-20 21:22:10.366  1775  1775 W StatusBar: 	at com.android.internal.os.ZygoteInit$MethodAndArgsCaller.run(ZygoteInit.java:886)
02-20 21:22:10.366  1775  1775 W StatusBar: 	at com.android.internal.os.ZygoteInit.main(ZygoteInit.java:776)
02-20 21:22:10.366  1775  1775 I StatusBar: isKeyguardShowing() called before startKeyguard(), returning true
02-20 21:22:10.367  1775  1775 W StatusBar: isKeyguardSecure() called before startKeyguard(), returning false
02-20 21:22:10.367  1775  1775 W StatusBar: java.lang.Throwable
02-20 21:22:10.367  1775  1775 W StatusBar: 	at com.android.systemui.statusbar.BaseStatusBar.isKeyguardSecure(BaseStatusBar.java:2647)
02-20 21:22:10.367  1775  1775 W StatusBar: 	at com.android.systemui.statusbar.BaseStatusBar.isCameraAllowedByAdmin(BaseStatusBar.java:2670)
02-20 21:22:10.367  1775  1775 W StatusBar: 	at com.android.systemui.statusbar.phone.KeyguardBottomAreaView.updateCameraVisibility(KeyguardBottomAreaView.java:309)
02-20 21:22:10.367  1775  1775 W StatusBar: 	at com.android.systemui.statusbar.phone.KeyguardBottomAreaView.setUserSetupComplete(KeyguardBottomAreaView.java:281)
02-20 21:22:10.367  1775  1775 W StatusBar: 	at com.android.systemui.statusbar.phone.PhoneStatusBar.makeStatusBarView(PhoneStatusBar.java:905)
02-20 21:22:10.367  1775  1775 W StatusBar: 	at com.android.systemui.statusbar.phone.PhoneStatusBar.addStatusBarWindow(PhoneStatusBar.java:3432)
02-20 21:22:10.367  1775  1775 W StatusBar: 	at com.android.systemui.statusbar.phone.PhoneStatusBar.createAndAddWindows(PhoneStatusBar.java:3428)
02-20 21:22:10.367  1775  1775 W StatusBar: 	at com.android.systemui.statusbar.BaseStatusBar.start(BaseStatusBar.java:765)
02-20 21:22:10.367  1775  1775 W StatusBar: 	at com.android.systemui.statusbar.phone.PhoneStatusBar.start(PhoneStatusBar.java:686)
02-20 21:22:10.367  1775  1775 W StatusBar: 	at com.android.systemui.statusbar.SystemBars.createStatusBarFromConfig(SystemBars.java:106)
02-20 21:22:10.367  1775  1775 W StatusBar: 	at com.android.systemui.statusbar.SystemBars.onNoService(SystemBars.java:58)
02-20 21:22:10.367  1775  1775 W StatusBar: 	at com.android.systemui.statusbar.ServiceMonitor.startService(ServiceMonitor.java:230)
02-20 21:22:10.367  1775  1775 W StatusBar: 	at com.android.systemui.statusbar.ServiceMonitor.-wrap5(ServiceMonitor.java)
02-20 21:22:10.367  1775  1775 W StatusBar: 	at com.android.systemui.statusbar.ServiceMonitor$1.handleMessage(ServiceMonitor.java:73)
02-20 21:22:10.367  1775  1775 W StatusBar: 	at android.os.Handler.dispatchMessage(Handler.java:102)
02-20 21:22:10.367  1775  1775 W StatusBar: 	at android.os.Looper.loop(Looper.java:154)
02-20 21:22:10.367  1775  1775 W StatusBar: 	at android.app.ActivityThread.main(ActivityThread.java:6119)
02-20 21:22:10.367  1775  1775 W StatusBar: 	at java.lang.reflect.Method.invoke(Native Method)
02-20 21:22:10.367  1775  1775 W StatusBar: 	at com.android.internal.os.ZygoteInit$MethodAndArgsCaller.run(ZygoteInit.java:886)
02-20 21:22:10.367  1775  1775 W StatusBar: 	at com.android.internal.os.ZygoteInit.main(ZygoteInit.java:776)
02-20 21:22:10.367  1679  1691 I Telecom : : Sending phone-account registered intent as user: TSI.rPA@AAs
02-20 21:22:10.367  1916  1916 D SubscriptionInfoUpdater: [Receiver]+
02-20 21:22:10.367  1916  1916 D SubscriptionInfoUpdater: Action: android.intent.action.internal_sim_state_changed
02-20 21:22:10.367  1916  1916 D SubscriptionInfoUpdater: slotId: 0
02-20 21:22:10.367  1916  1916 D SubscriptionInfoUpdater: simStatus: LOADED
02-20 21:22:10.367  1916  1916 D SubscriptionInfoUpdater: [Receiver]-
02-20 21:22:10.380  1916  1916 D GsmCdmaPhone: [GsmCdmaPhone] phoneObjectUpdater: newVoiceRadioTech=0
02-20 21:22:10.380  1916  1916 D GsmCdmaPhone: [GsmCdmaPhone] phoneObjectUpdater: volteReplacementRat=0
02-20 21:22:10.380  1916  1916 E GsmCdmaPhone: [GsmCdmaPhone] phoneObjectUpdater: newVoiceRadioTech=0 doesn't match either CDMA or GSM - error! No phone change
02-20 21:22:10.380  1916  1916 D SST     : SubscriptionListener.onSubscriptionInfoChanged
02-20 21:22:10.380  1916  1916 D DCT     : [0]SubscriptionListener.onSubscriptionInfoChanged
02-20 21:22:10.380  1916  1916 D SubscriptionController: [getActiveSubInfoList] Sub Controller not ready
02-20 21:22:10.381  1916  1916 D SubscriptionController: [getActiveSubInfoList] Sub Controller not ready
02-20 21:22:10.381  1916  1916 I Telephony: PstnIncomingCallNotifier: Unregistering: Handler (com.android.internal.telephony.GsmCdmaPhone) {8789a8}
02-20 21:22:10.381  1916  1916 E PhoneInterfaceManager: [PhoneIntfMgr] getIccId: No UICC
02-20 21:22:10.383  1679  1780 I Telecom : PhoneAccountRegistrar: [ComponentInfo{com.android.phone/com.android.services.telephony.TelephonyConnectionService}, [e0184adedf913b076626646d3f52c3b49c39ad6d], UserHandle{0}(icon: Icon(typ=BITMAP size=76x96) -> Icon(typ=BITMAP size=76x96))]: TSI.rPA@AAw
02-20 21:22:10.384  1679  1780 I Telecom : : Sending phone-account registered intent as user: TSI.rPA@AAw
02-20 21:22:10.384  1916  1916 I Telephony: AccountEntry: Registered phoneAccount: [[ ] PhoneAccount: ComponentInfo{com.android.phone/com.android.services.telephony.TelephonyConnectionService}, [e0184adedf913b076626646d3f52c3b49c39ad6d], UserHandle{0} Capabilities: CallProvider MultiUser PlaceEmerg SimSub  Schemes: tel voicemail  Extras: null GroupId: [da39a3ee5e6b4b0d3255bfef95601890afd80709]] with handle: ComponentInfo{com.android.phone/com.android.services.telephony.TelephonyConnectionService}, [e0184adedf913b076626646d3f52c3b49c39ad6d], UserHandle{0}
02-20 21:22:10.384  1916  1916 I Telephony: PstnIncomingCallNotifier: Registering: Handler (com.android.internal.telephony.GsmCdmaPhone) {8789a8}
02-20 21:22:10.384  1926  1926 I am_on_resume_called: [0,com.android.settings.FallbackHome,handleRelaunchActivity]
02-20 21:22:10.385  1916  1916 D SubscriptionInfoUpdater: handleSimStateLoadedInternal: slotId: 0
02-20 21:22:10.385  1916  1916 D SubscriptionInfoUpdater: All IccIds query complete
02-20 21:22:10.385  1916  1916 D SubscriptionInfoUpdater: updateSubscriptionInfoByIccId:+ Start
02-20 21:22:10.385  1916  1916 D SubscriptionController: [clearSubInfo]- no simInfo size=0
02-20 21:22:10.385  1916  1916 D SubscriptionInfoUpdater: insertedSimCount = 1
02-20 21:22:10.385  1916  1916 D SubscriptionController: [getSubInfoUsingSlotIdWithCheck]+ slotId:0
02-20 21:22:10.391  1916  1916 D SubscriptionController: [getPhoneId]- no sims, returning default phoneId=2147483647
02-20 21:22:10.391  1916  1916 D SubscriptionController: [getPhoneId]- no sims, returning default phoneId=2147483647
02-20 21:22:10.391  1916  1916 D SubscriptionController: [getPhoneId]- no sims, returning default phoneId=2147483647
02-20 21:22:10.392  1916  1916 D SubscriptionController: [getSubInfoUsingSlotId]- null info return
02-20 21:22:10.392  1916  1916 D SubscriptionInfoUpdater: updateSubscriptionInfoByIccId: oldSubId = 1
02-20 21:22:10.392  1916  1916 D SubscriptionInfoUpdater: updateSubscriptionInfoByIccId: oldIccId[0] = 89014103211118510720, sIccId[0] = 89014103211118510720
02-20 21:22:10.392  1916  1916 D SubscriptionController: [addSubInfoRecord]+ iccId:89014103211118510720 slotId:0
02-20 21:22:10.395  1916  1916 D SubscriptionController: [getActiveSubInfoList] Sub Controller not ready
02-20 21:22:10.396  1916  1916 D SubscriptionController: [addSubInfoRecord] Record already exists
02-20 21:22:10.397  1916  1935 D SubscriptionController: [getPhoneId] asked for default subId=-1
02-20 21:22:10.399  1916  1916 D SubscriptionController: [addSubInfoRecord] sSlotIdxToSubId.size=1 slotId=0 subId=1 defaultSubId=1 simCount=1
02-20 21:22:10.399  1916  1916 D SubscriptionController: [setDefaultFallbackSubId] subId=1
02-20 21:22:10.401  1916  1916 D SubscriptionController: [setDefaultFallbackSubId] set mDefaultFallbackSubId=1
02-20 21:22:10.401  1916  1916 D MccTable: updateMccMncConfiguration mccmnc='310260' fromServiceState=false
02-20 21:22:10.402  1916  1916 D MccTable: updateMccMncConfiguration defaultMccMnc=310260
02-20 21:22:10.402  1916  1916 D MccTable: updateMccMncConfiguration: mcc=310, mnc=260
02-20 21:22:10.402  1916  1916 D MccTable: updateMccMncConfiguration updateConfig config={1.0 310mcc260mnc ?localeList ?layoutDir ?swdp ?wdp ?hdp ?density ?lsize ?long ?orien ?uimode ?night ?touch ?keyb/?/? ?nav/?}
02-20 21:22:10.412  1679  1747 D NotificationSQLiteLog: Pruned event entries: 0
02-20 21:22:10.437  1679  1692 W GnssLocationProvider: Could not open GPS configuration file /etc/gps.conf
02-20 21:22:10.437  1679  1692 E GnssLocationProvider: no AGPS interface in set_agps_server
02-20 21:22:10.438  1679  1692 I SyncManager: Got SyncJobService instance.
02-20 21:22:10.438  1679  1679 I FusedLocation: engine started (com.android.location.fused)
02-20 21:22:10.450  1679  1692 W GnssLocationProvider: Could not open GPS configuration file /etc/gps.conf
02-20 21:22:10.450  1679  1692 E GnssLocationProvider: no AGPS interface in set_agps_server
02-20 21:22:10.450  1679  1692 I GnssLocationProvider: WakeLock released by handleMessage(12, 0, null)
02-20 21:22:10.457  1679  1692 W GnssLocationProvider: Could not open GPS configuration file /etc/gps.conf
02-20 21:22:10.457  1679  1692 E GnssLocationProvider: no AGPS interface in set_agps_server
02-20 21:22:10.462  1679  1692 W GnssLocationProvider: Could not open GPS configuration file /etc/gps.conf
02-20 21:22:10.462  1679  1692 E GnssLocationProvider: no AGPS interface in set_agps_server
02-20 21:22:10.468  1679  1692 W GnssLocationProvider: Could not open GPS configuration file /etc/gps.conf
02-20 21:22:10.468  1679  1692 E GnssLocationProvider: no AGPS interface in set_agps_server
02-20 21:22:10.468  1679  1692 I GnssLocationProvider: WakeLock released by handleMessage(12, 0, null)
02-20 21:22:10.471  1679  1692 W GnssLocationProvider: Could not open GPS configuration file /etc/gps.conf
02-20 21:22:10.472  1679  1692 E GnssLocationProvider: no AGPS interface in set_agps_server
02-20 21:22:10.472  1679  1692 I GnssLocationProvider: WakeLock released by handleMessage(12, 0, null)
02-20 21:22:10.488  1916  1916 D SubscriptionController: [setDefaultFallbackSubId] broadcast default subId changed phoneId=0 subId=1
02-20 21:22:10.490  1916  1916 D SubscriptionController: [addSubInfoRecord] one sim set defaults to subId=1
02-20 21:22:10.491  1916  1916 D SubscriptionController: [setDefaultDataSubId] num phones=1, subId=1
02-20 21:22:10.491  1916  1916 D SubscriptionController: [setDefaultDataSubId] phoneId=0 subId=1 RAF=1
02-20 21:22:10.491  1916  1916 D ProxyController: setRadioCapability: Already in requested configuration, nothing to do.
02-20 21:22:10.491  1916  1916 D SubscriptionController: [updateAllDataConnectionTrackers] sPhones.length=1
02-20 21:22:10.491  1916  1916 D SubscriptionController: [updateAllDataConnectionTrackers] phoneId=0
02-20 21:22:10.491  1916  1916 D DCT     : [0]update sub = 1
02-20 21:22:10.491  1916  1916 D DCT     : [0]update(): Active DDS, register for all events now!
02-20 21:22:10.491  1916  1916 D DCT     : [0]New records found.
02-20 21:22:10.491  1916  1916 D SST     : mDeviceShuttingDown=false, mDesiredPowerState=true, getRadioState=RADIO_ON, mPowerOffDelayNeed=true, mAlarmSwitch=false, mRadioDisabledByCarrier=false
02-20 21:22:10.492  1916  1916 D GsmCdmaPhone: [GsmCdmaPhone] updateCurrentCarrierInProvider: mSubId = 1 currentDds = 1 operatorNumeric = 310260
02-20 21:22:10.493  1916  1935 D RILJ    : [3736]> RIL_REQUEST_GET_CELL_INFO_LIST [SUB0]
02-20 21:22:10.494  1375  1465 D RIL     : onRequest: GET_CELL_INFO_LIST
02-20 21:22:10.494  1375  1465 D RILC    : responseCellInfoList: v12
02-20 21:22:10.503  1916  1980 D RILJ    : [3736]< RIL_REQUEST_GET_CELL_INFO_LIST [CellInfoGsm:{mRegistered=YES mTimeStampType=modem mTimeStamp=12799170507ns CellIdentityGsm:{ mMcc=310 mMnc=260 mLac=3 mCid=91 mArfcn=10 mBsic=0x0} CellSignalStrengthGsm: ss=-1237323336 ber=31240 mTa=-1232196484}] [SUB0]
02-20 21:22:10.506  1366  1710 V EmulatedCamera_Camera: getCameraInfo
02-20 21:22:10.506  1366  1710 V EmulatedCamera_BaseCamera: getCameraInfo
02-20 21:22:10.507  1366  1366 V EmulatedCamera_Camera: getCameraInfo
02-20 21:22:10.507  1366  1366 V EmulatedCamera_BaseCamera: getCameraInfo
02-20 21:22:10.535  1916  1916 D SubscriptionController: [broadcastDefaultDataSubIdChanged] subId=1
02-20 21:22:10.539  1916  1916 D SubscriptionController: [setDefaultSmsSubId] subId=1
02-20 21:22:10.539  1916  1916 D SubscriptionController: [broadcastDefaultSmsSubIdChanged] subId=1
02-20 21:22:10.540  1916  1916 D SubscriptionController: [setDefaultVoiceSubId] subId=1
02-20 21:22:10.541  1775  1775 I StatusBar: isKeyguardShowing() called before startKeyguard(), returning true
02-20 21:22:10.541  1916  1916 D SubscriptionController: [broadcastDefaultVoiceSubIdChanged] subId=1
02-20 21:22:10.541  1775  1775 W StatusBar: isKeyguardSecure() called before startKeyguard(), returning false
02-20 21:22:10.541  1775  1775 W StatusBar: java.lang.Throwable
02-20 21:22:10.541  1775  1775 W StatusBar: 	at com.android.systemui.statusbar.BaseStatusBar.isKeyguardSecure(BaseStatusBar.java:2647)
02-20 21:22:10.541  1775  1775 W StatusBar: 	at com.android.systemui.statusbar.BaseStatusBar.isCameraAllowedByAdmin(BaseStatusBar.java:2670)
02-20 21:22:10.541  1775  1775 W StatusBar: 	at com.android.systemui.statusbar.phone.KeyguardBottomAreaView.updateCameraVisibility(KeyguardBottomAreaView.java:309)
02-20 21:22:10.541  1775  1775 W StatusBar: 	at com.android.systemui.statusbar.phone.KeyguardBottomAreaView.setUserSetupComplete(KeyguardBottomAreaView.java:281)
02-20 21:22:10.541  1775  1775 W StatusBar: 	at com.android.systemui.statusbar.phone.PhoneStatusBar$1.onChange(PhoneStatusBar.java:441)
02-20 21:22:10.541  1775  1775 W StatusBar: 	at com.android.systemui.statusbar.phone.PhoneStatusBar.resetUserSetupObserver(PhoneStatusBar.java:3676)
02-20 21:22:10.541  1775  1775 W StatusBar: 	at com.android.systemui.statusbar.phone.PhoneStatusBar.makeStatusBarView(PhoneStatusBar.java:1008)
02-20 21:22:10.541  1775  1775 W StatusBar: 	at com.android.systemui.statusbar.phone.PhoneStatusBar.addStatusBarWindow(PhoneStatusBar.java:3432)
02-20 21:22:10.541  1775  1775 W StatusBar: 	at com.android.systemui.statusbar.phone.PhoneStatusBar.createAndAddWindows(PhoneStatusBar.java:3428)
02-20 21:22:10.541  1775  1775 W StatusBar: 	at com.android.systemui.statusbar.BaseStatusBar.start(BaseStatusBar.java:765)
02-20 21:22:10.541  1775  1775 W StatusBar: 	at com.android.systemui.statusbar.phone.PhoneStatusBar.start(PhoneStatusBar.java:686)
02-20 21:22:10.541  1775  1775 W StatusBar: 	at com.android.systemui.statusbar.SystemBars.createStatusBarFromConfig(SystemBars.java:106)
02-20 21:22:10.541  1775  1775 W StatusBar: 	at com.android.systemui.statusbar.SystemBars.onNoService(SystemBars.java:58)
02-20 21:22:10.541  1775  1775 W StatusBar: 	at com.android.systemui.statusbar.ServiceMonitor.startService(ServiceMonitor.java:230)
02-20 21:22:10.541  1775  1775 W StatusBar: 	at com.android.systemui.statusbar.ServiceMonitor.-wrap5(ServiceMonitor.java)
02-20 21:22:10.541  1775  1775 W StatusBar: 	at com.android.systemui.statusbar.ServiceMonitor$1.handleMessage(ServiceMonitor.java:73)
02-20 21:22:10.541  1775  1775 W StatusBar: 	at android.os.Handler.dispatchMessage(Handler.java:102)
02-20 21:22:10.541  1775  1775 W StatusBar: 	at android.os.Looper.loop(Looper.java:154)
02-20 21:22:10.541  1775  1775 W StatusBar: 	at android.app.ActivityThread.main(ActivityThread.java:6119)
02-20 21:22:10.541  1775  1775 W StatusBar: 	at java.lang.reflect.Method.invoke(Native Method)
02-20 21:22:10.541  1775  1775 W StatusBar: 	at com.android.internal.os.ZygoteInit$MethodAndArgsCaller.run(ZygoteInit.java:886)
02-20 21:22:10.541  1775  1775 W StatusBar: 	at com.android.internal.os.ZygoteInit.main(ZygoteInit.java:776)
02-20 21:22:10.542  1916  1916 D SubscriptionController: [addSubInfoRecord] hashmap(0,1)
02-20 21:22:10.542  1775  1976 D OpenGLRenderer: profile bars disabled
02-20 21:22:10.542  1775  1976 D OpenGLRenderer: ambientRatio = 1.50
02-20 21:22:10.545  1775  2074 E ActivityThread: Failed to find provider info for com.android.contacts
02-20 21:22:10.549  1916  1916 D SubscriptionController: [addSubInfoRecord] sim name = Android
02-20 21:22:10.549  1916  1916 D DCT     : [0]update sub = 1
02-20 21:22:10.549  1916  1916 D DCT     : [0]update(): Active DDS, register for all events now!
02-20 21:22:10.549  1916  1916 D GsmCdmaPhone: [GsmCdmaPhone] updateCurrentCarrierInProvider: mSubId = 1 currentDds = 1 operatorNumeric = 310260
02-20 21:22:10.558  1775  1775 D PhoneStatusBar: disable: < EXPAND* icons alerts system_info BACK* HOME* RECENT* clock SEARCH* quick_settings >
02-20 21:22:09.861     0     0 D ieee80211 phy1: mac80211_hwsim_configure_filter
02-20 21:22:10.565  1916  1916 D SubscriptionController: [addSubInfoRecord]- info size=1
02-20 21:22:10.565  1916  1916 D SubscriptionInfoUpdater: newSim = false
02-20 21:22:10.565  1916  1916 D SubscriptionInfoUpdater: updateSubscriptionInfoByIccId: sInsertSimState[0] = 0
02-20 21:22:10.568  1679  1733 I netstats_mobile_sample: [0,0,0,0,0,0,0,0,0,0,0,0,-1]
02-20 21:22:10.568  1679  1733 I netstats_wifi_sample: [0,0,0,0,0,0,0,0,0,0,0,0,-1]
02-20 21:22:10.568  1916  2078 D DCT     : [0]setPolicyDataEnabled: true
02-20 21:22:10.579  2082  2082 W art     : Unexpected CPU variant for X86 using defaults: x86_64
02-20 21:22:10.581  1679  1733 I am_proc_start: [0,2082,10067,com.google.android.deskclock,broadcast,com.google.android.deskclock/com.android.deskclock.AlarmInitReceiver]
02-20 21:22:10.581  1679  1733 I ActivityManager: Start proc 2082:com.google.android.deskclock/u0a67 for broadcast com.google.android.deskclock/com.android.deskclock.AlarmInitReceiver
02-20 21:22:10.585  1916  1916 D SubscriptionInfoUpdater: updateSubscriptionInfoByIccId: nSubCount = 1
02-20 21:22:10.586  1916  1916 D SubscriptionController: [setDefaultDataSubId] num phones=1, subId=1
02-20 21:22:10.586  1916  1916 D SubscriptionController: [setDefaultDataSubId] phoneId=0 subId=1 RAF=1
02-20 21:22:10.586  1916  1916 D ProxyController: setRadioCapability: Already in requested configuration, nothing to do.
02-20 21:22:10.586  1916  1916 D SubscriptionController: [updateAllDataConnectionTrackers] sPhones.length=1
02-20 21:22:10.586  1916  1916 D SubscriptionController: [updateAllDataConnectionTrackers] phoneId=0
02-20 21:22:10.586  1916  1916 D DCT     : [0]update sub = 1
02-20 21:22:10.586  1916  1916 D DCT     : [0]update(): Active DDS, register for all events now!
02-20 21:22:10.591  1916  1916 D GsmCdmaPhone: [GsmCdmaPhone] updateCurrentCarrierInProvider: mSubId = 1 currentDds = 1 operatorNumeric = 310260
02-20 21:22:10.594  1679  1780 I am_proc_bound: [0,2082,com.google.android.deskclock]
02-20 21:22:10.599  1775  1775 D PhoneStatusBar: heads up is enabled
02-20 21:22:10.618  1916  1916 D SubscriptionController: [broadcastDefaultDataSubIdChanged] subId=1
02-20 21:22:10.619  1916  1916 D SubscriptionController: notifySubscriptionInfoChanged:
02-20 21:22:10.619  1916  2078 D SubscriptionMonitor: Phone[0] subId changed -2->1, 1 registrants
02-20 21:22:10.619  1679  1679 I GnssLocationProvider: WakeLock acquired by sendMessage(12, 0, null)
02-20 21:22:10.619  1916  2078 D SubscriptionMonitor: mDefaultDataSubId = 1, 1 registrants
02-20 21:22:10.619  1916  1916 D SubscriptionInfoUpdater: updateSubscriptionInfoByIccId:- SsubscriptionInfo update complete
02-20 21:22:10.619  1916  1916 D MccTable: updateMccMncConfiguration mccmnc='310260' fromServiceState=false
02-20 21:22:10.619  1916  1916 D MccTable: updateMccMncConfiguration defaultMccMnc=310260
02-20 21:22:10.619  1916  1916 D MccTable: updateMccMncConfiguration: mcc=310, mnc=260
02-20 21:22:10.620  1916  1916 D MccTable: updateMccMncConfiguration updateConfig config={1.0 310mcc260mnc ?localeList ?layoutDir ?swdp ?wdp ?hdp ?density ?lsize ?long ?orien ?uimode ?night ?touch ?keyb/?/? ?nav/?}
02-20 21:22:10.621  1916  1916 D SubscriptionController: [setMccMnc]+ mcc/mnc:310/260 subId:1
02-20 21:22:10.626  2082  2082 W System  : ClassLoader referenced unknown path: /system/app/PrebuiltDeskClockGoogle/lib/x86_64
02-20 21:22:10.636  1916  1916 D SubscriptionController: notifySubscriptionInfoChanged:
02-20 21:22:10.637  1679  1679 I GnssLocationProvider: WakeLock acquired by sendMessage(12, 0, null)
02-20 21:22:10.637  1679  1692 W GnssLocationProvider: Could not open GPS configuration file /etc/gps.conf
02-20 21:22:10.637  1679  1692 E GnssLocationProvider: no AGPS interface in set_agps_server
02-20 21:22:10.637  1679  1692 I GnssLocationProvider: WakeLock released by handleMessage(12, 0, null)
02-20 21:22:10.639  1916  1916 D SubscriptionController: [getActiveSubscriptionInfo]+ subId=1 subInfo={id=1, iccId=89014103211118510720 simSlotIndex=0 displayName=Android carrierName=Android nameSource=0 iconTint=-16746133 dataRoaming=0 iconBitmap=android.graphics.Bitmap@eed167c mcc 310 mnc 260}
02-20 21:22:10.639  1916  1916 D SubscriptionInfoUpdater: sim name = Android
02-20 21:22:10.647  1679  1692 W GnssLocationProvider: Could not open GPS configuration file /etc/gps.conf
02-20 21:22:10.647  1679  1692 E GnssLocationProvider: no AGPS interface in set_agps_server
02-20 21:22:10.647  1679  1692 I GnssLocationProvider: WakeLock released by handleMessage(12, 0, null)
02-20 21:22:10.658  1926  1978 D EGL_emulation: eglMakeCurrent: 0x7f37d157a560: ver 3 0 (tinfo 0x7f37dbbedc00)
02-20 21:22:10.662  1916  1916 D SubscriptionInfoUpdater: Broadcasting intent ACTION_SIM_STATE_CHANGED LOADED reason null for mCardIndex: 0
02-20 21:22:10.667  1679  1679 D WifiService: resetting networks because SIM was loaded
02-20 21:22:10.667  1679  1737 D WifiStateMachine: resetting EAP-SIM/AKA/AKA' networks since SIM was changed
02-20 21:22:10.669  1916  1916 D CarrierConfigLoader: update config for phoneId: 0 simState: LOADED
02-20 21:22:10.669  1916  1916 D CarrierSvcBindHelper: update binding for phoneId: 0 simState: LOADED
02-20 21:22:10.680  1916  1916 D SubscriptionController: [getActiveSubscriptionInfo]+ subId=1 subInfo={id=1, iccId=89014103211118510720 simSlotIndex=0 displayName=Android carrierName=Android nameSource=0 iconTint=-16746133 dataRoaming=0 iconBitmap=android.graphics.Bitmap@bb41d8b mcc 310 mnc 260}
02-20 21:22:10.683  1679  1780 I Telecom : PhoneAccountRegistrar: [ComponentInfo{com.android.phone/com.android.services.telephony.TelephonyConnectionService}, [e0184adedf913b076626646d3f52c3b49c39ad6d], UserHandle{0}(icon: Icon(typ=BITMAP size=76x96) -> Icon(typ=BITMAP size=76x96))]: TSI.rPA@ABE
02-20 21:22:10.685  1679  1780 I Telecom : : Sending phone-account registered intent as user: TSI.rPA@ABE
02-20 21:22:10.686  1916  1916 D DCT     : [0]onRecordsLoadedOrSubIdChanged: createAllApnList
02-20 21:22:10.686  1916  1916 D DCT     : [0]createAllApnList: selection=numeric = '310260'
02-20 21:22:10.688  1916  1916 D DCT     : [0]createApnList: X result=[[ApnSettingV3] T-Mobile US, 1, 310260, epc.tmobile.com, , http://mms.msg.eng.t-mobile.com/mms/wapenc, , , , -1, *, IP, IP, true, 0, 0, 0, false, 0, 0, 0, 0, , , false]
02-20 21:22:10.688  1916  1916 D TelephonyProvider: subIdString = 1 subId = 1
02-20 21:22:10.711  1679  1700 I dvm_lock_sample: [system_server,1,android.display,82,WindowAnimator.java,144,WindowManagerService.java,2857,16]
02-20 21:22:10.712  1679  2076 I dvm_lock_sample: [system_server,1,Binder:1679_6,76,WindowManagerService.java,9051,-,2857,15]
02-20 21:22:10.719  1916  1916 D DCT     : [0]getPreferredApn: mRequestedApnType=default cursor=android.content.ContentResolver$CursorWrapperInner@b10b303 cursor.count=1
02-20 21:22:10.719  1916  1916 D DCT     : [0]getPreferredApn: apnSetting=[ApnSettingV3] T-Mobile US, 1, 310260, epc.tmobile.com, , http://mms.msg.eng.t-mobile.com/mms/wapenc, , , , -1, *, IP, IP, true, 0, 0, 0, false, 0, 0, 0, 0, , , false
02-20 21:22:10.719  1916  1916 D DCT     : [0]getPreferredApn: X found apnSetting[ApnSettingV3] T-Mobile US, 1, 310260, epc.tmobile.com, , http://mms.msg.eng.t-mobile.com/mms/wapenc, , , , -1, *, IP, IP, true, 0, 0, 0, false, 0, 0, 0, 0, , , false
02-20 21:22:10.719  1916  1916 D DCT     : [0]createAllApnList: mPreferredApn=[ApnSettingV3] T-Mobile US, 1, 310260, epc.tmobile.com, , http://mms.msg.eng.t-mobile.com/mms/wapenc, , , , -1, *, IP, IP, true, 0, 0, 0, false, 0, 0, 0, 0, , , false
02-20 21:22:10.719  1916  1916 D DCT     : [0]createAllApnList: X mAllApnSettings=[[ApnSettingV3] T-Mobile US, 1, 310260, epc.tmobile.com, , http://mms.msg.eng.t-mobile.com/mms/wapenc, , , , -1, *, IP, IP, true, 0, 0, 0, false, 0, 0, 0, 0, , , false]
02-20 21:22:10.719  1916  1916 D DCT     : [0]setDataProfilesAsNeeded
02-20 21:22:10.719  1916  1916 D DCT     : [0]setInitialApn: E mPreferredApn=[ApnSettingV3] T-Mobile US, 1, 310260, epc.tmobile.com, , http://mms.msg.eng.t-mobile.com/mms/wapenc, , , , -1, *, IP, IP, true, 0, 0, 0, false, 0, 0, 0, 0, , , false
02-20 21:22:10.719  1916  1916 D DCT     : [0]setInitialApn: firstApnSetting=[ApnSettingV3] T-Mobile US, 1, 310260, epc.tmobile.com, , http://mms.msg.eng.t-mobile.com/mms/wapenc, , , , -1, *, IP, IP, true, 0, 0, 0, false, 0, 0, 0, 0, , , false
02-20 21:22:10.719  1916  1916 D DCT     : [0]setInitialApn: defaultApnSetting=[ApnSettingV3] T-Mobile US, 1, 310260, epc.tmobile.com, , http://mms.msg.eng.t-mobile.com/mms/wapenc, , , , -1, *, IP, IP, true, 0, 0, 0, false, 0, 0, 0, 0, , , false
02-20 21:22:10.719  1916  1916 D DCT     : [0]setInitialAttachApn: using mPreferredApn
02-20 21:22:10.719  1916  1916 D DCT     : [0]setInitialAttachApn: X selected Apn=[ApnSettingV3] T-Mobile US, 1, 310260, epc.tmobile.com, , http://mms.msg.eng.t-mobile.com/mms/wapenc, , , , -1, *, IP, IP, true, 0, 0, 0, false, 0, 0, 0, 0, , , false
02-20 21:22:10.719  1916  1916 D RILJ    : Set RIL_REQUEST_SET_INITIAL_ATTACH_APN [SUB0]
02-20 21:22:10.719  1916  1916 D RILJ    : [3737]> RIL_REQUEST_SET_INITIAL_ATTACH_APN, apn:epc.tmobile.com, protocol:IP, authType:-1, username:none, password:none [SUB0]
02-20 21:22:10.720  1916  1916 D DCT     : [0]onRecordsLoadedOrSubIdChanged: notifying data availability
02-20 21:22:10.720  1679  1690 D TelephonyRegistry: Notify data connection state changed on sub: 1
02-20 21:22:10.720  1679  1690 D TelephonyRegistry: Notify data connection state changed on sub: 1
02-20 21:22:10.725  1375  1465 D RIL     : onRequest: RIL_REQUEST_SET_INITIAL_ATTACH_APN
02-20 21:22:10.725  1375  1465 D RIL     : Request not supported. Tech: 1
02-20 21:22:10.725  1916  1980 D RilRequest: [3737]< RIL_REQUEST_SET_INITIAL_ATTACH_APN error: com.android.internal.telephony.CommandException: REQUEST_NOT_SUPPORTED ret=
02-20 21:22:10.736  1916  1916 D DCT     : [0]setupDataOnConnectableApns: simLoaded hipri:[state=IDLE,enabled=false] mms:[state=IDLE,enabled=false] supl:[state=IDLE,enabled=false] ia:[state=IDLE,enabled=false] fota:[state=IDLE,enabled=false] ims:[state=IDLE,enabled=false] cbs:[state=IDLE,enabled=false] default:[state=IDLE,enabled=false] emergency:[state=IDLE,enabled=false] 
02-20 21:22:10.738  1916  1916 I Telephony: PstnIncomingCallNotifier: Unregistering: Handler (com.android.internal.telephony.GsmCdmaPhone) {8789a8}
02-20 21:22:10.741  1916  1916 D SubscriptionController: [getActiveSubscriptionInfo]+ subId=1 subInfo={id=1, iccId=89014103211118510720 simSlotIndex=0 displayName=Android carrierName=Android nameSource=0 iconTint=-16746133 dataRoaming=0 iconBitmap=android.graphics.Bitmap@5bfecfe mcc 310 mnc 260}
02-20 21:22:10.743  1679  2077 I Telecom : PhoneAccountRegistrar: New phone account registered: [[ ] PhoneAccount: ComponentInfo{com.android.phone/com.android.services.telephony.TelephonyConnectionService}, [e2f7d48dd2b5ca523e7313cf4ba0f6ea830b6281], UserHandle{0} Capabilities: CallProvider MultiUser PlaceEmerg SimSub  Schemes: tel voicemail  Extras: null GroupId: [da39a3ee5e6b4b0d3255bfef95601890afd80709]]: TSI.rPA@ABI
02-20 21:22:10.748  1679  2077 I Telecom : : Sending phone-account registered intent as user: TSI.rPA@ABI
02-20 21:22:10.749  1916  1916 I Telephony: AccountEntry: Registered phoneAccount: [[ ] PhoneAccount: ComponentInfo{com.android.phone/com.android.services.telephony.TelephonyConnectionService}, [e2f7d48dd2b5ca523e7313cf4ba0f6ea830b6281], UserHandle{0} Capabilities: CallProvider MultiUser PlaceEmerg SimSub  Schemes: tel voicemail  Extras: null GroupId: [da39a3ee5e6b4b0d3255bfef95601890afd80709]] with handle: ComponentInfo{com.android.phone/com.android.services.telephony.TelephonyConnectionService}, [e2f7d48dd2b5ca523e7313cf4ba0f6ea830b6281], UserHandle{0}
02-20 21:22:10.749  1916  1916 I Telephony: PstnIncomingCallNotifier: Registering: Handler (com.android.internal.telephony.GsmCdmaPhone) {8789a8}
02-20 21:22:10.750  1916  1916 I Telephony: TelecomAccountRegistry: Unregistering phone account ComponentInfo{com.android.phone/com.android.services.telephony.TelephonyConnectionService}, [e0184adedf913b076626646d3f52c3b49c39ad6d], UserHandle{0}.
02-20 21:22:10.752  1679  1691 I Telecom : : Sending phone-account unregistered intent as user: TSI.uPA@ABQ
02-20 21:22:10.754  1916  1916 D SST     : SubscriptionListener.onSubscriptionInfoChanged
02-20 21:22:10.754  1916  1935 D SST     : SST.getAllCellInfo(): return last, back to back calls
02-20 21:22:10.755  1916  1916 D PhoneFactory: calculatePreferredNetworkType: phoneSubId = 1 networkType = 0
02-20 21:22:10.755  1916  1916 D Phone   : setPreferredNetworkType: Abort, unknown RAF: 1 101902
02-20 21:22:10.756  1916  1916 D Phone   : setNetworkSelectionModeAutomatic, querying current mode
02-20 21:22:10.756  1916  1916 D RILJ    : [3738]> QUERY_NETWORK_SELECTION_MODE [SUB0]
02-20 21:22:10.756  1916  1916 D TelephonyManager: setTelephonyProperty: success phoneId=0 property=gsm.network.type value: LTE propVal=LTE
02-20 21:22:10.756  1916  2103 D SST     : SST.getAllCellInfo(): return last, back to back calls
02-20 21:22:10.757  1916  2103 D SST     : SST.getAllCellInfo(): return last, back to back calls
02-20 21:22:10.757  1375  1465 D RIL     : onRequest: QUERY_NETWORK_SELECTION_MODE
02-20 21:22:10.757  1375  1465 D AT      : AT> AT+COPS?
02-20 21:22:10.757  1375  1471 D AT      : AT< +COPS: 0,2,310260
02-20 21:22:10.757  1375  1471 D AT      : AT< OK
02-20 21:22:10.758  1916  1980 D RILJ    : [3738]< QUERY_NETWORK_SELECTION_MODE {0} [SUB0]
02-20 21:22:10.759  1916  1916 D SubscriptionController: [setCarrierText]+ text:Android subId:1
02-20 21:22:10.776  1679  1692 W GnssLocationProvider: Could not open GPS configuration file /etc/gps.conf
02-20 21:22:10.776  1679  1692 E GnssLocationProvider: no AGPS interface in set_agps_server
02-20 21:22:10.777  1313  1323 D gralloc_ranchu: gralloc_alloc: Creating ashmem region of size 15945728
02-20 21:22:10.779  1916  1916 D SubscriptionController: notifySubscriptionInfoChanged:
02-20 21:22:10.795  1775  1775 I Choreographer: Skipped 33 frames!  The application may be doing too much work on its main thread.
02-20 21:22:10.799  1775  1775 D ViewRootImpl[StatusBar]: changeCanvasOpacity: opaque=true
02-20 21:22:10.802  1679  1679 I GnssLocationProvider: WakeLock acquired by sendMessage(12, 0, null)
02-20 21:22:10.802  1916  1916 D SIMRecords: [SIMRecords] getServiceProviderName: no brandOverride, providerName=Android
02-20 21:22:10.802  1916  1916 D SIMRecords: [SIMRecords] getServiceProviderName: no brandOverride, providerName=Android
02-20 21:22:10.804  1916  1916 D SST     : updateSpnDisplay: changed sending intent rule=1 showPlmn='false' plmn='Android' showSpn='true' spn='Android' dataSpn='Android' subId='1'
02-20 21:22:10.809  1916  1916 D SubscriptionController: [setCarrierText]+ text:Android subId:1
02-20 21:22:10.816  1916  1916 D SubscriptionController: notifySubscriptionInfoChanged:
02-20 21:22:10.816  1679  1679 I GnssLocationProvider: WakeLock acquired by sendMessage(12, 0, null)
02-20 21:22:10.817  1916  1916 D SIMRecords: [SIMRecords]  VoiceMessageCount from SIM MWIS = 0
02-20 21:22:10.817  1916  1916 D Phone   : getStoredVoiceMessageCount: from preference for subId 1= 0
02-20 21:22:10.817  1916  1916 D GsmCdmaPhone: [GsmCdmaPhone] updateVoiceMail countVoiceMessages = 0 subId 1
02-20 21:22:10.817  1916  1916 D Phone   : setVoiceMessageCount: Storing Voice Mail Count = 0 for mVmCountKey = vm_count_key1 in preferences.
02-20 21:22:10.818  1916  1916 D DCT     : [0]SubscriptionListener.onSubscriptionInfoChanged
02-20 21:22:10.818  1916  1916 D DCT     : [0]onRecordsLoadedOrSubIdChanged: createAllApnList
02-20 21:22:10.819  1916  1916 D DCT     : [0]createAllApnList: selection=numeric = '310260'
02-20 21:22:10.834  1916  1916 D DCT     : [0]createApnList: X result=[[ApnSettingV3] T-Mobile US, 1, 310260, epc.tmobile.com, , http://mms.msg.eng.t-mobile.com/mms/wapenc, , , , -1, *, IP, IP, true, 0, 0, 0, false, 0, 0, 0, 0, , , false]
02-20 21:22:10.835  1916  1916 D TelephonyProvider: subIdString = 1 subId = 1
02-20 21:22:10.837  1916  1916 D DCT     : [0]getPreferredApn: mRequestedApnType=default cursor=android.content.ContentResolver$CursorWrapperInner@b089857 cursor.count=1
02-20 21:22:10.837  1916  1916 D DCT     : [0]getPreferredApn: apnSetting=[ApnSettingV3] T-Mobile US, 1, 310260, epc.tmobile.com, , http://mms.msg.eng.t-mobile.com/mms/wapenc, , , , -1, *, IP, IP, true, 0, 0, 0, false, 0, 0, 0, 0, , , false
02-20 21:22:10.837  1916  1916 D DCT     : [0]getPreferredApn: X found apnSetting[ApnSettingV3] T-Mobile US, 1, 310260, epc.tmobile.com, , http://mms.msg.eng.t-mobile.com/mms/wapenc, , , , -1, *, IP, IP, true, 0, 0, 0, false, 0, 0, 0, 0, , , false
02-20 21:22:10.838  1916  1916 D DCT     : [0]createAllApnList: mPreferredApn=[ApnSettingV3] T-Mobile US, 1, 310260, epc.tmobile.com, , http://mms.msg.eng.t-mobile.com/mms/wapenc, , , , -1, *, IP, IP, true, 0, 0, 0, false, 0, 0, 0, 0, , , false
02-20 21:22:10.838  1916  1916 D DCT     : [0]createAllApnList: X mAllApnSettings=[[ApnSettingV3] T-Mobile US, 1, 310260, epc.tmobile.com, , http://mms.msg.eng.t-mobile.com/mms/wapenc, , , , -1, *, IP, IP, true, 0, 0, 0, false, 0, 0, 0, 0, , , false]
02-20 21:22:10.838  1916  1916 D DCT     : [0]setDataProfilesAsNeeded
02-20 21:22:10.838  1916  1916 D DCT     : [0]setInitialApn: E mPreferredApn=[ApnSettingV3] T-Mobile US, 1, 310260, epc.tmobile.com, , http://mms.msg.eng.t-mobile.com/mms/wapenc, , , , -1, *, IP, IP, true, 0, 0, 0, false, 0, 0, 0, 0, , , false
02-20 21:22:10.838  1916  1916 D DCT     : [0]setInitialApn: firstApnSetting=[ApnSettingV3] T-Mobile US, 1, 310260, epc.tmobile.com, , http://mms.msg.eng.t-mobile.com/mms/wapenc, , , , -1, *, IP, IP, true, 0, 0, 0, false, 0, 0, 0, 0, , , false
02-20 21:22:10.838  1916  1916 D DCT     : [0]setInitialApn: defaultApnSetting=[ApnSettingV3] T-Mobile US, 1, 310260, epc.tmobile.com, , http://mms.msg.eng.t-mobile.com/mms/wapenc, , , , -1, *, IP, IP, true, 0, 0, 0, false, 0, 0, 0, 0, , , false
02-20 21:22:10.838  1916  1916 D DCT     : [0]setInitialAttachApn: using mPreferredApn
02-20 21:22:10.838  1916  1916 D DCT     : [0]setInitialAttachApn: X selected Apn=[ApnSettingV3] T-Mobile US, 1, 310260, epc.tmobile.com, , http://mms.msg.eng.t-mobile.com/mms/wapenc, , , , -1, *, IP, IP, true, 0, 0, 0, false, 0, 0, 0, 0, , , false
02-20 21:22:10.838  1916  1916 D RILJ    : Set RIL_REQUEST_SET_INITIAL_ATTACH_APN [SUB0]
02-20 21:22:10.838  1916  1916 D RILJ    : [3739]> RIL_REQUEST_SET_INITIAL_ATTACH_APN, apn:epc.tmobile.com, protocol:IP, authType:-1, username:none, password:none [SUB0]
02-20 21:22:10.839  1375  1465 D RIL     : onRequest: RIL_REQUEST_SET_INITIAL_ATTACH_APN
02-20 21:22:10.839  1375  1465 D RIL     : Request not supported. Tech: 1
02-20 21:22:10.839  1916  1980 D RilRequest: [3739]< RIL_REQUEST_SET_INITIAL_ATTACH_APN error: com.android.internal.telephony.CommandException: REQUEST_NOT_SUPPORTED ret=
02-20 21:22:10.839  1916  1916 D DCT     : [0]onRecordsLoadedOrSubIdChanged: notifying data availability
02-20 21:22:10.848  1916  1916 D DCT     : [0]setupDataOnConnectableApns: simLoaded hipri:[state=IDLE,enabled=false] mms:[state=IDLE,enabled=false] supl:[state=IDLE,enabled=false] ia:[state=IDLE,enabled=false] fota:[state=IDLE,enabled=false] ims:[state=IDLE,enabled=false] cbs:[state=IDLE,enabled=false] default:[state=IDLE,enabled=false] emergency:[state=IDLE,enabled=false] 
02-20 21:22:10.856  1916  1916 D TelephonyNetworkFactory[0]: onSubIdChange -2->1
02-20 21:22:10.856  1916  1916 D PhoneSwitcher: evaluating due to subChanged phone[0] -2->1
02-20 21:22:10.856  1916  1916 D PhoneSwitcher: activate 0
02-20 21:22:10.856  1916  1916 D RILJ    : [3740]> RIL_REQUEST_ALLOW_DATA allowed: true [SUB0]
02-20 21:22:10.856  1375  1465 D RIL     : onRequest: ALLOW_DATA
02-20 21:22:10.856  1375  1465 D RIL     : Request not supported. Tech: 1
02-20 21:22:10.856  1916  1980 D RilRequest: [3740]< RIL_REQUEST_ALLOW_DATA error: com.android.internal.telephony.CommandException: REQUEST_NOT_SUPPORTED ret=
02-20 21:22:10.860  1679  1692 W GnssLocationProvider: Could not open GPS configuration file /etc/gps.conf
02-20 21:22:10.860  1679  1692 E GnssLocationProvider: no AGPS interface in set_agps_server
02-20 21:22:10.860  1679  1692 I GnssLocationProvider: WakeLock released by handleMessage(12, 0, null)
02-20 21:22:10.894  1916  1916 I Telephony: PstnIncomingCallNotifier: Unregistering: Handler (com.android.internal.telephony.GsmCdmaPhone) {8789a8}
02-20 21:22:10.909  1916  1916 D SubscriptionController: [getActiveSubscriptionInfo]+ subId=1 subInfo={id=1, iccId=89014103211118510720 simSlotIndex=0 displayName=Android carrierName=Android nameSource=0 iconTint=-16746133 dataRoaming=0 iconBitmap=android.graphics.Bitmap@63f91ae mcc 310 mnc 260}
