02-20 21:22:07.143  1679  1679 D UsbAlsaManager: Adding ALSA device AlsaDevice: [card: 0, device: 0, type: 2]
02-20 21:22:07.144  1679  1679 I SystemServer: WebViewFactory preparation
02-20 21:22:07.145  1679  1691 I am_proc_bound: [0,1759,com.android.inputmethod.latin]
02-20 21:22:07.150  1267  1303 V vold    : /dev/block/vold/disk:253,64: LABEL="SDCARD" UUID="1E12-0B12" TYPE="vfat" 
02-20 21:22:07.150  1267  1303 V vold    : 
02-20 21:22:07.159  1679  1729 D VoldConnector: RCV <- {650 public:253,64 0 "disk:253,64" ""}
02-20 21:22:07.159  1679  1729 D VoldConnector: RCV <- {651 public:253,64 0}
02-20 21:22:07.159  1679  1729 D VoldConnector: RCV <- {643 disk:253,64}
02-20 21:22:07.159  1679  1729 D VoldConnector: RCV <- {200 3 Command succeeded}
02-20 21:22:07.172  1679  1728 D VoldConnector: SND -> {4 volume user_added 0 0}
02-20 21:22:07.172  1679  1729 D VoldConnector: RCV <- {200 4 Command succeeded}
02-20 21:22:07.172     0     0 D ieee80211 phy1: hw scan 2437 MHz
02-20 21:22:07.185  1679  1690 I am_proc_bound: [0,1775,com.android.systemui]
02-20 21:22:07.187  1679  1728 D VoldConnector: SND -> {5 volume mount emulated 3 -1}
02-20 21:22:07.188  1679  1729 D VoldConnector: RCV <- {651 emulated 1}
02-20 21:22:07.188  1679  1729 D VoldConnector: RCV <- {656 emulated /data/media}
02-20 21:22:07.188  1267  1303 V vold    : Waiting for FUSE to spin up...
02-20 21:22:07.189  1679  1749 E BluetoothAdapter: Bluetooth binder is null
02-20 21:22:07.204  1679  1729 D VoldConnector: RCV <- {655 emulated /storage/emulated}
02-20 21:22:07.212  1679  1679 D WebViewFactory: Setting new address space to 137955392
02-20 21:22:07.215  1365  1751 I AudioFlinger: systemReady
02-20 21:22:07.228  1679  1679 I Zygote  : Process: zygote socket opened, supported ABIS: x86
02-20 21:22:07.228  1364  1554 I art     : Starting a blocking GC HeapTrim
02-20 21:22:07.229  1364  1364 I art     : Starting a blocking GC Background
02-20 21:22:07.233  1791  1791 W sdcard  : Device explicitly disabled sdcardfs
02-20 21:22:07.239  1267  1303 V vold    : Waiting for FUSE to spin up...
02-20 21:22:07.241  1775  1775 W System  : ClassLoader referenced unknown path: /system/priv-app/SystemUIGoogle/lib/x86_64
02-20 21:22:07.253     0     0 D SELinux : initialized (dev fuse, type fuse), uses genfs_contexts
02-20 21:22:07.262     0     0 D SELinux : initialized (dev fuse, type fuse), uses genfs_contexts
02-20 21:22:07.263     0     0 D SELinux : initialized (dev fuse, type fuse), uses genfs_contexts
02-20 21:22:07.274  1679  1797 E WVMExtractor: Failed to open libwvm.so: dlopen failed: library "libwvm.so" not found
02-20 21:22:07.281  1679  1679 W ActivityManager: Slow operation: 54ms so far, now at startProcess: returned from zygote!
02-20 21:22:07.281  1679  1679 W ActivityManager: Slow operation: 54ms so far, now at startProcess: done updating battery stats
02-20 21:22:07.281  1679  1679 I am_proc_start: [0,1803,1037,WebViewLoader-x86,,]
02-20 21:22:07.281  1679  1679 W ActivityManager: Slow operation: 54ms so far, now at startProcess: building log message
02-20 21:22:07.281  1679  1679 I ActivityManager: Start proc 1803:WebViewLoader-x86/1037 [android.webkit.WebViewFactory$RelroFileCreator] for 
02-20 21:22:07.281  1679  1679 W ActivityManager: Slow operation: 54ms so far, now at startProcess: starting to update pids map
02-20 21:22:07.281  1679  1679 W ActivityManager: Slow operation: 54ms so far, now at startProcess: done updating pids map
02-20 21:22:07.281  1679  1679 W ActivityManager: Slow operation: 54ms so far, now at startProcess: done starting proc!
02-20 21:22:07.292  1679  1729 D VoldConnector: RCV <- {651 emulated 2}
02-20 21:22:07.292  1679  1729 D VoldConnector: RCV <- {200 5 Command succeeded}
02-20 21:22:07.293  1679  1728 D VoldConnector: SND -> {6 volume mount public:253,64 2 0}
02-20 21:22:07.293  1267  1303 V vold    : /system/bin/blkid
02-20 21:22:07.293  1267  1303 V vold    :     -c
02-20 21:22:07.293  1267  1303 V vold    :     /dev/null
02-20 21:22:07.293  1267  1303 V vold    :     -s
02-20 21:22:07.293  1267  1303 V vold    :     TYPE
02-20 21:22:07.293  1267  1303 V vold    :     -s
02-20 21:22:07.293  1267  1303 V vold    :     UUID
02-20 21:22:07.293  1267  1303 V vold    :     -s
02-20 21:22:07.293  1267  1303 V vold    :     LABEL
02-20 21:22:07.293  1267  1303 V vold    :     /dev/block/vold/public:253,64
02-20 21:22:07.293  1679  1729 D VoldConnector: RCV <- {651 public:253,64 1}
02-20 21:22:07.293  1803  1803 W art     : Unexpected CPU variant for X86 using defaults: x86
02-20 21:22:07.299  1373  1373 I MediaPlayerService: MediaPlayerService::getOMX
02-20 21:22:07.300  1373  1373 I OMXClient: MuxOMX ctor
02-20 21:22:07.309  1373  1373 I MediaPlayerService: MediaPlayerService::getOMX
02-20 21:22:07.309  1373  1373 I OMXClient: MuxOMX ctor
02-20 21:22:07.309  1370  1370 I OMXMaster: makeComponentInstance(OMX.google.mp3.decoder) in mediacodec process
02-20 21:22:07.300     0     0 D ieee80211 phy1: hw scan 2442 MHz
02-20 21:22:07.327  1679  1679 I am_proc_start: [0,1811,1037,WebViewLoader-x86_64,,]
02-20 21:22:07.327  1679  1679 I ActivityManager: Start proc 1811:WebViewLoader-x86_64/1037 [android.webkit.WebViewFactory$RelroFileCreator] for 
02-20 21:22:07.331  1679  1679 D NetworkManagement: enabling bandwidth control
02-20 21:22:07.351  1811  1811 W art     : Unexpected CPU variant for X86 using defaults: x86_64
02-20 21:22:07.378  1267  1303 V vold    : /dev/block/vold/public:253,64: LABEL="SDCARD" UUID="1E12-0B12" TYPE="vfat" 
02-20 21:22:07.378  1267  1303 V vold    : 
02-20 21:22:07.378  1267  1303 V vold    : /system/bin/fsck_msdos
02-20 21:22:07.378  1267  1303 V vold    :     -p
02-20 21:22:07.378  1267  1303 V vold    :     -f
02-20 21:22:07.378  1267  1303 V vold    :     /dev/block/vold/public:253,64
02-20 21:22:07.379  1679  1729 D VoldConnector: RCV <- {652 public:253,64 vfat}
02-20 21:22:07.379  1679  1729 D VoldConnector: RCV <- {653 public:253,64 1E12-0B12}
02-20 21:22:07.379  1679  1729 D VoldConnector: RCV <- {654 public:253,64 SDCARD}
02-20 21:22:07.386  1811  1811 V WebViewFactory: RelroFileCreator (64bit = true),  32-bit lib: /system/app/Chrome/Chrome.apk!/lib/x86/libmonochrome.so, 64-bit lib: /system/app/Chrome/Chrome.apk!/lib/x86_64/libmonochrome.so
02-20 21:22:07.390  1373  1373 I MediaPlayerService: MediaPlayerService::getOMX
02-20 21:22:07.391  1373  1373 I OMXClient: MuxOMX ctor
02-20 21:22:07.391  1370  1837 I OMXMaster: makeComponentInstance(OMX.google.amrnb.decoder) in mediacodec process
02-20 21:22:07.393  1373  1373 I MediaPlayerService: MediaPlayerService::getOMX
02-20 21:22:07.394  1373  1373 I OMXClient: MuxOMX ctor
02-20 21:22:07.394  1370  1397 I OMXMaster: makeComponentInstance(OMX.google.amrwb.decoder) in mediacodec process
02-20 21:22:07.395  1373  1373 I MediaPlayerService: MediaPlayerService::getOMX
02-20 21:22:07.396  1373  1373 I OMXClient: MuxOMX ctor
02-20 21:22:07.396  1370  1370 I OMXMaster: makeComponentInstance(OMX.google.aac.decoder) in mediacodec process
02-20 21:22:07.407  1679  1736 D WifiController: DEFERRED_TOGGLE handled
02-20 21:22:07.410  1373  1373 I MediaPlayerService: MediaPlayerService::getOMX
02-20 21:22:07.410  1373  1373 I OMXClient: MuxOMX ctor
02-20 21:22:07.410  1370  1837 I OMXMaster: makeComponentInstance(OMX.google.g711.alaw.decoder) in mediacodec process
02-20 21:22:07.423  1803  1803 V WebViewFactory: RelroFileCreator (64bit = false),  32-bit lib: /system/app/Chrome/Chrome.apk!/lib/x86/libmonochrome.so, 64-bit lib: /system/app/Chrome/Chrome.apk!/lib/x86_64/libmonochrome.so
02-20 21:22:07.426  1267  1303 I fsck_msdos: ** /dev/block/vold/public:253,64
02-20 21:22:07.427  1267  1303 I fsck_msdos: ** Phase 1 - Read and Compare FATs
02-20 21:22:07.427  1267  1303 I fsck_msdos: Attempting to allocate 1022 KB for FAT
02-20 21:22:07.420     0     0 D ieee80211 phy1: hw scan 2447 MHz
02-20 21:22:07.468  1374  1678 D SoftapController: Softap fwReload - Ok
02-20 21:22:07.481  1775  1775 V SystemUIService: Starting SystemUI services for user 0.
02-20 21:22:07.487  1373  1373 I MediaPlayerService: MediaPlayerService::getOMX
02-20 21:22:07.487  1373  1373 I OMXClient: MuxOMX ctor
02-20 21:22:07.488  1370  1837 I OMXMaster: makeComponentInstance(OMX.google.g711.mlaw.decoder) in mediacodec process
02-20 21:22:07.511  1759  1759 I LatinIME: Hardware accelerated drawing: true
02-20 21:22:07.524  1267  1303 I fsck_msdos: Attempting to allocate 1022 KB for FAT
02-20 21:22:07.546  1775  1775 V MediaRouter: Adding route: RouteInfo{ name=Phone, description=null, status=null, category=RouteCategory{ name=null types=ROUTE_TYPE_LIVE_AUDIO ROUTE_TYPE_LIVE_VIDEO  groupable=false }, supportedTypes=ROUTE_TYPE_LIVE_AUDIO ROUTE_TYPE_LIVE_VIDEO , presentationDisplay=null }
02-20 21:22:07.547  1775  1775 V MediaRouter: Updating audio routes: AudioRoutesInfo{ type=SPEAKER }
02-20 21:22:07.548  1775  1775 V MediaRouter: Selecting route: RouteInfo{ name=Phone, description=null, status=null, category=RouteCategory{ name=null types=ROUTE_TYPE_LIVE_AUDIO ROUTE_TYPE_LIVE_VIDEO  groupable=false }, supportedTypes=ROUTE_TYPE_LIVE_AUDIO ROUTE_TYPE_LIVE_VIDEO , presentationDisplay=null }
02-20 21:22:07.541     0     0 D ieee80211 phy1: hw scan 2452 MHz
02-20 21:22:07.580  1679  1690 D TelephonyRegistry: listen oscl: hasNotifySubscriptionInfoChangedOccurred==false no callback
02-20 21:22:07.593  1267  1303 I fsck_msdos: ** Phase 2 - Check Cluster Chains
02-20 21:22:07.594  1373  1373 I MediaPlayerService: MediaPlayerService::getOMX
02-20 21:22:07.594  1373  1373 I OMXClient: MuxOMX ctor
02-20 21:22:07.595  1370  1837 I OMXMaster: makeComponentInstance(OMX.google.vorbis.decoder) in mediacodec process
02-20 21:22:07.596  1267  1303 I fsck_msdos: ** Phase 3 - Checking Directories
02-20 21:22:07.597  1267  1303 I fsck_msdos: ** Phase 4 - Checking for Lost Files
02-20 21:22:07.598  1267  1303 I fsck_msdos: 27 files, 522176 free (261088 clusters)
02-20 21:22:07.639  1267  1303 I Vold    : Filesystem check completed OK
02-20 21:22:07.639  1679  1729 D VoldConnector: RCV <- {656 public:253,64 /mnt/media_rw/1E12-0B12}
02-20 21:22:07.640  1679  1729 D VoldConnector: RCV <- {655 public:253,64 /storage/1E12-0B12}
02-20 21:22:07.648  1267  1303 V vold    : Waiting for FUSE to spin up...
02-20 21:22:07.643     0     0 W FAT-fs (vde): Volume was not properly unmounted. Some data may be corrupt. Please run fsck.
02-20 21:22:07.644     0     0 D SELinux : initialized (dev vde, type vfat), uses genfs_contexts
02-20 21:22:07.666  1861  1861 W sdcard  : Device explicitly disabled sdcardfs
02-20 21:22:07.667  1803  1803 I art     : System.exit called, status: 0
02-20 21:22:07.667  1803  1803 I AndroidRuntime: VM exiting with result code 0, cleanup skipped.
02-20 21:22:07.668  1373  1373 I MediaPlayerService: MediaPlayerService::getOMX
02-20 21:22:07.668  1373  1373 I OMXClient: MuxOMX ctor
02-20 21:22:07.668  1370  1837 I OMXMaster: makeComponentInstance(OMX.google.opus.decoder) in mediacodec process
02-20 21:22:07.670  1679  1679 W NetworkManagement: setDataSaverMode(): already false
02-20 21:22:07.671     0     0 D ieee80211 phy1: hw scan 2457 MHz
02-20 21:22:07.684  1374  1678 D CommandListener: Setting iface cfg
02-20 21:22:07.684  1374  1678 D CommandListener: Trying to bring down wlan0
02-20 21:22:07.691     0     0 I init    : Starting service 'wpa_supplicant'...
02-20 21:22:07.696     0     0 D SELinux : initialized (dev fuse, type fuse), uses genfs_contexts
02-20 21:22:07.701     0     0 D SELinux : initialized (dev fuse, type fuse), uses genfs_contexts
02-20 21:22:07.686  1374  1678 D CommandListener: Clearing all IP addresses on wlan0
02-20 21:22:07.687  1679  1737 E WifiMonitor: killSupplicant p2pfalse init.svc.wpa_supplicant=unknown init.svc.p2p_supplicant=unknown
02-20 21:22:07.688  1679  1737 E wifi    : Can not initialize the vendor function pointer table
02-20 21:22:07.688  1679  1737 E WifiNative-HAL: Could not start hal
02-20 21:22:07.689  1679  1737 E WifiStateMachine: Failed to start HAL
02-20 21:22:07.695  1679  1737 D WifiMonitor: startMonitoring(wlan0) with mConnected = false
02-20 21:22:07.696  1679  1737 E WifiHW  : Unable to open connection to supplicant on "@android:wpa_wlan0": No such file or directory
02-20 21:22:07.697  1811  1811 I art     : System.exit called, status: 0
02-20 21:22:07.697  1811  1811 I AndroidRuntime: VM exiting with result code 0, cleanup skipped.
02-20 21:22:07.699  1267  1303 V vold    : Waiting for FUSE to spin up...
02-20 21:22:07.700  1775  1869 E WVMExtractor: Failed to open libwvm.so: dlopen failed: library "libwvm.so" not found
02-20 21:22:07.710     0     0 D SELinux : initialized (dev fuse, type fuse), uses genfs_contexts
02-20 21:22:07.713  1759  1759 W InputAttributes: No editor info for this field. Bug?
02-20 21:22:07.744  1373  1373 I MediaPlayerService: MediaPlayerService::getOMX
02-20 21:22:07.744  1373  1373 I OMXClient: MuxOMX ctor
02-20 21:22:07.744  1370  1837 I OMXMaster: makeComponentInstance(OMX.google.raw.decoder) in mediacodec process
02-20 21:22:07.749  1679  1729 D VoldConnector: RCV <- {651 public:253,64 2}
02-20 21:22:07.749  1679  1729 D VoldConnector: RCV <- {200 6 Command succeeded}
02-20 21:22:07.761  1373  1373 I MediaPlayerService: MediaPlayerService::getOMX
02-20 21:22:07.761  1373  1373 I OMXClient: MuxOMX ctor
02-20 21:22:07.761  1370  1397 I OMXMaster: makeComponentInstance(OMX.google.aac.encoder) in mediacodec process
02-20 21:22:07.777  1373  1373 I MediaPlayerService: MediaPlayerService::getOMX
02-20 21:22:07.778  1373  1373 I OMXClient: MuxOMX ctor
02-20 21:22:07.778  1370  1370 I OMXMaster: makeComponentInstance(OMX.google.amrnb.encoder) in mediacodec process
02-20 21:22:07.792     0     0 D ieee80211 phy1: hw scan 2462 MHz
02-20 21:22:07.793  1373  1373 I MediaPlayerService: MediaPlayerService::getOMX
02-20 21:22:07.793  1373  1373 I OMXClient: MuxOMX ctor
02-20 21:22:07.793  1370  1837 I OMXMaster: makeComponentInstance(OMX.google.amrwb.encoder) in mediacodec process
02-20 21:22:07.798  1373  1373 I MediaPlayerService: MediaPlayerService::getOMX
02-20 21:22:07.799  1373  1373 I OMXClient: MuxOMX ctor
02-20 21:22:07.799  1370  1397 I OMXMaster: makeComponentInstance(OMX.google.flac.encoder) in mediacodec process
02-20 21:22:07.808  1679  1679 D NetworkPolicy: setRestrictBackgroundUL(): false
02-20 21:22:07.809  1679  1679 W NetworkManagement: setDataSaverMode(): already false
02-20 21:22:07.814  1872  1872 I wpa_supplicant: Successfully initialized wpa_supplicant
02-20 21:22:07.823  1872  1872 I wpa_supplicant: rfkill: Cannot open RFKILL control device
02-20 21:22:07.824  1872  1872 I wpa_supplicant: nl80211: Could not re-add multicast membership for vendor events: -2 (No such file or directory)
02-20 21:22:07.833  1759  1892 I LatinIME:LogUtils: Dictionary info: dictionary = userunigram.en_US ; version = 1519161727 ; date = ?
02-20 21:22:07.837  1759  1892 E ActivityThread: Failed to find provider info for user_dictionary
02-20 21:22:07.823     0     0 D ieee80211 phy0: mac80211_hwsim_start
02-20 21:22:07.823     0     0 D ieee80211 phy0: mac80211_hwsim_add_interface (type=2 mac_addr=02:00:00:44:55:66)
02-20 21:22:07.823     0     0 D ieee80211 phy0: mac80211_hwsim_bss_info_changed(changed=0xe)
02-20 21:22:07.823     0     0 D ieee80211 phy0: ERP_CTS_PROT: 0
02-20 21:22:07.823     0     0 D ieee80211 phy0: ERP_PREAMBLE: 0
02-20 21:22:07.823     0     0 D ieee80211 phy0: ERP_SLOT: 0
02-20 21:22:07.823     0     0 D ieee80211 phy0: mac80211_hwsim_conf_tx (queue=0 txop=0 cw_min=15 cw_max=1023 aifs=2)
02-20 21:22:07.823     0     0 D ieee80211 phy0: mac80211_hwsim_conf_tx (queue=1 txop=0 cw_min=15 cw_max=1023 aifs=2)
02-20 21:22:07.823     0     0 D ieee80211 phy0: mac80211_hwsim_conf_tx (queue=2 txop=0 cw_min=15 cw_max=1023 aifs=2)
02-20 21:22:07.823     0     0 D ieee80211 phy0: mac80211_hwsim_conf_tx (queue=3 txop=0 cw_min=15 cw_max=1023 aifs=2)
02-20 21:22:07.823     0     0 D ieee80211 phy0: mac80211_hwsim_bss_info_changed(changed=0x2000)
02-20 21:22:07.823     0     0 D ieee80211 phy0: mac80211_hwsim_config (freq=0 idle=0 ps=0 smps=auto)
02-20 21:22:07.823     0     0 D ieee80211 phy0: mac80211_hwsim_configure_filter
02-20 21:22:07.823     0     0 D ieee80211 phy0: mac80211_hwsim_configure_filter
02-20 21:22:07.823     0     0 I IPv6    : ADDRCONF(NETDEV_UP): wlan0: link is not ready
02-20 21:22:07.823     0     0 D ieee80211 phy0: mac80211_hwsim_configure_filter
02-20 21:22:07.845  1759  1892 I LatinIME:LogUtils: Dictionary info: dictionary = UserHistoryDictionary.en_US ; version = 1519161727 ; date = ?
02-20 21:22:07.855  1775  1775 I vol.Events: writeEvent collection_started
02-20 21:22:07.862  1373  1373 I MediaPlayerService: MediaPlayerService::getOMX
02-20 21:22:07.862  1373  1373 I OMXClient: MuxOMX ctor
02-20 21:22:07.862  1370  1397 I OMXMaster: makeComponentInstance(OMX.google.gsm.decoder) in mediacodec process
02-20 21:22:07.865  1775  1903 I sysui_action: [213,2]
02-20 21:22:07.865  1775  1903 I vol.Events: writeEvent external_ringer_mode_changed normal
02-20 21:22:07.865  1775  1903 I vol.Events: writeEvent internal_ringer_mode_changed normal
02-20 21:22:07.912     0     0 D ieee80211 phy1: hw scan complete
02-20 21:22:07.912     0     0 D ieee80211 phy1: mac80211_hwsim_get_survey (idx=0)
02-20 21:22:07.881  1872  1872 E wpa_supplicant: global ctrl interface @android:wpa_wlan0 matches ctrl interface wlan0 - do not open per-interface ctrl interface
02-20 21:22:07.929  1373  1373 I MediaPlayerService: MediaPlayerService::getOMX
02-20 21:22:07.930  1373  1373 I OMXClient: MuxOMX ctor
02-20 21:22:07.930  1370  1837 I OMXMaster: makeComponentInstance(OMX.google.mpeg4.decoder) in mediacodec process
02-20 21:22:07.933  1679  1694 W WindowManager: Keyguard drawn timeout. Setting mKeyguardDrawComplete
02-20 21:22:07.961  1679  1679 I SystemServiceManager: Starting phase 600
02-20 21:22:07.961  1490  1490 E hostapd : Using interface wlan1 with hwaddr 02:00:00:00:01:00 and ssid "AndroidWifi"
02-20 21:22:07.961  1490  1490 I hostapd : wlan1: interface state HT_SCAN->ENABLED
02-20 21:22:07.961  1490  1490 I hostapd : wlan1: AP-ENABLED 
02-20 21:22:07.965  1679  1679 D SensorNotificationService: Cannot obtain dynamic meta sensor, not supported.
02-20 21:22:07.967  1679  1679 D TelephonyRegistry: listen oscl: hasNotifySubscriptionInfoChangedOccurred==false no callback
02-20 21:22:07.961     0     0 D ieee80211 phy1: mac80211_hwsim_config (freq=0 idle=0 ps=0 smps=auto)
02-20 21:22:07.961     0     0 D ieee80211 phy1: add channel context control: 2447 MHz/width: 2/cfreqs:2437/0 MHz
02-20 21:22:07.961     0     0 D ieee80211 phy1: mac80211_hwsim_bss_info_changed(changed=0x40000)
02-20 21:22:07.961     0     0 D ieee80211 phy1: TX Power: 20 dBm
02-20 21:22:07.961     0     0 D ieee80211 phy1: mac80211_hwsim_bss_info_changed(changed=0x4000)
02-20 21:22:07.961     0     0 D ieee80211 phy1: change channel context control: 2447 MHz/width: 2/cfreqs:2437/0 MHz
02-20 21:22:07.961     0     0 D ieee80211 phy1: mac80211_hwsim_bss_info_changed(changed=0x88340)
02-20 21:22:07.961     0     0 D ieee80211 phy1: BCNINT: 100
02-20 21:22:07.961     0     0 D ieee80211 phy1: BCN EN: 1
02-20 21:22:07.961     0     0 D ieee80211 phy1: mac80211_hwsim_bss_info_changed(changed=0x3e)
02-20 21:22:07.961     0     0 D ieee80211 phy1: ERP_CTS_PROT: 0
02-20 21:22:07.961     0     0 D ieee80211 phy1: ERP_PREAMBLE: 0
02-20 21:22:07.961     0     0 D ieee80211 phy1: ERP_SLOT: 1
02-20 21:22:07.961     0     0 D ieee80211 phy1: HT: op_mode=0x0
02-20 21:22:07.961     0     0 D ieee80211 phy1: BASIC_RATES: 0xf
02-20 21:22:07.961     0     0 D ieee80211 phy1: mac80211_hwsim_conf_tx (queue=0 txop=47 cw_min=3 cw_max=7 aifs=1)
02-20 21:22:07.961     0     0 D ieee80211 phy1: mac80211_hwsim_bss_info_changed(changed=0x2000)
02-20 21:22:07.961     0     0 D ieee80211 phy1: mac80211_hwsim_conf_tx (queue=1 txop=94 cw_min=7 cw_max=15 aifs=1)
02-20 21:22:07.961     0     0 D ieee80211 phy1: mac80211_hwsim_bss_info_changed(changed=0x2000)
02-20 21:22:07.961     0     0 D ieee80211 phy1: mac80211_hwsim_conf_tx (queue=2 txop=0 cw_min=15 cw_max=63 aifs=3)
02-20 21:22:07.961     0     0 D ieee80211 phy1: mac80211_hwsim_bss_info_changed(changed=0x2000)
02-20 21:22:07.961     0     0 D ieee80211 phy1: mac80211_hwsim_conf_tx (queue=3 txop=0 cw_min=15 cw_max=1023 aifs=7)
02-20 21:22:07.961     0     0 D ieee80211 phy1: mac80211_hwsim_bss_info_changed(changed=0x2000)
02-20 21:22:07.961     0     0 I IPv6    : ADDRCONF(NETDEV_CHANGE): wlan1: link becomes ready
02-20 21:22:07.962     0     0 D ieee80211 phy1: mac80211_hwsim_configure_filter
02-20 21:22:07.995  1370  1397 E OMXNodeInstance: getExtensionIndex(55a000f:google.mpeg4.decoder, OMX.google.android.index.configureVideoTunnelMode) ERROR: UnsupportedIndex(0x8000101a)
02-20 21:22:07.995  1370  1837 W OMXNodeInstance: [55a000f:google.mpeg4.decoder] component does not support metadata mode; using fallback
02-20 21:22:08.010  1679  1679 I GnssLocationProvider: WakeLock acquired by sendMessage(13, 0, null)
02-20 21:22:08.018  1373  1373 I MediaPlayerService: MediaPlayerService::getOMX
02-20 21:22:08.018  1373  1373 I OMXClient: MuxOMX ctor
02-20 21:22:08.019  1370  1370 I OMXMaster: makeComponentInstance(OMX.google.h263.decoder) in mediacodec process
02-20 21:22:08.021  1679  1679 W LocationProviderProxy-network: Odd, no component found for service com.android.location.service.v3.NetworkLocationProvider
02-20 21:22:08.077  1679  1679 W GeocoderProxy: Odd, no component found for service com.android.location.service.GeocodeProvider
02-20 21:22:08.087  1679  1679 E FlpHardwareProvider: Error hw_get_module 'flp': -2
02-20 21:22:08.087  1679  1679 D LocationManagerService: FLP HAL not supported
02-20 21:22:08.088  1679  1679 W GeofenceProxy: Odd, no component found for service com.android.location.service.GeofenceProvider
02-20 21:22:08.089  1679  1679 E ActivityRecognitionHardware: Error hw_get_module: -2
02-20 21:22:08.089  1679  1679 D LocationManagerService: Hardware Activity-Recognition not supported.
02-20 21:22:08.089  1679  1679 W ActivityRecognitionProxy: Odd, no component found for service com.android.location.service.ActivityRecognitionProvider
02-20 21:22:08.091  1679  1679 I GnssLocationProvider: WakeLock acquired by sendMessage(2, 1, null)
02-20 21:22:08.101  1679  1679 I CommonTimeManagementService: No common time service detected on this platform.  Common time services will be unavailable.
02-20 21:22:08.104  1679  1727 I InputReader: Reconfiguring input devices.  changes=0x00000020
02-20 21:22:08.104  1679  1679 D TelephonyRegistry: systemRunning register for intents
02-20 21:22:08.105  1679  1679 I MmsServiceBroker: Delay connecting to MmsService until an API is called
02-20 21:22:08.105  1679  1727 I InputReader: Reconfiguring input devices.  changes=0x00000010
02-20 21:22:08.124  1916  1916 W art     : Unexpected CPU variant for X86 using defaults: x86_64
02-20 21:22:08.125  1679  1679 I am_proc_start: [0,1916,1001,com.android.phone,added application,com.android.phone]
02-20 21:22:08.126  1679  1679 I ActivityManager: Start proc 1916:com.android.phone/1001 for added application com.android.phone
02-20 21:22:08.126  1679  1679 I ActivityManager: START u0 {act=android.intent.action.MAIN cat=[android.intent.category.HOME] flg=0x10000100 cmp=com.android.settings/.FallbackHome} from uid 0 on display 0
02-20 21:22:08.126  1679  1679 W System  : ClassLoader referenced unknown path: 
02-20 21:22:08.127  1679  1679 W System  : ClassLoader referenced unknown path: /system/priv-app/Settings/lib/x86_64
02-20 21:22:08.127  1679  1679 D ApplicationLoaders: ignored Vulkan layer search path /system/priv-app/Settings/lib/x86_64:/system/priv-app/Settings/Settings.apk!/lib/x86_64:/system/lib64:/vendor/lib64 for namespace 0x7f37e0120160
02-20 21:22:08.132  1679  1679 I ActivityManager: Loaded persisted task ids for user 0
02-20 21:22:08.134  1679  1679 I am_create_task: [0,1]
02-20 21:22:08.134  1679  1679 I am_create_activity: [0,261132859,1,com.android.settings/.FallbackHome,android.intent.action.MAIN,NULL,NULL,276824320]
02-20 21:22:08.134  1679  1679 I wm_task_created: [1,0]
02-20 21:22:08.135  1679  1679 I wm_task_moved: [1,1,0]
02-20 21:22:08.135  1679  1679 I wm_task_moved: [1,1,0]
02-20 21:22:08.136  1679  1679 I am_focused_activity: [0,com.android.settings/.FallbackHome,startedActivity]
02-20 21:22:08.158  1370  1837 E OMXNodeInstance: getExtensionIndex(55a0010:google.h263.decoder, OMX.google.android.index.configureVideoTunnelMode) ERROR: UnsupportedIndex(0x8000101a)
02-20 21:22:08.158  1370  1370 W OMXNodeInstance: [55a0010:google.h263.decoder] component does not support metadata mode; using fallback
02-20 21:22:08.175  1679  1679 I am_proc_start: [0,1926,1000,com.android.settings,activity,com.android.settings/.FallbackHome]
02-20 21:22:08.175  1679  1679 I ActivityManager: Start proc 1926:com.android.settings/1000 for activity com.android.settings/.FallbackHome
02-20 21:22:08.177  1679  1679 I SystemServer: Enabled StrictMode for system server main thread.
02-20 21:22:08.178  1679  1679 D ConditionProviders.SCP: onConnected
02-20 21:22:08.178  1679  1679 D ZenLog  : set_zen_mode: off,readXml
02-20 21:22:08.179  1679  1679 D ConditionProviders: Subscribing to condition://android/schedule?days=6.7&start=23.30&end=10.0&exitAtAlarm=false with ComponentInfo{android/com.android.server.notification.ScheduleConditionProvider}
02-20 21:22:08.179  1679  1679 D ZenLog  : subscribe: condition://android/schedule?days=6.7&start=23.30&end=10.0&exitAtAlarm=false,ok
02-20 21:22:08.179  1679  1679 D ConditionProviders: Subscribing to condition://android/event?userId=-10000&calendar=&reply=1 with ComponentInfo{android/com.android.server.notification.EventConditionProvider}
02-20 21:22:08.179  1679  1679 D ZenLog  : subscribe: condition://android/event?userId=-10000&calendar=&reply=1,ok
02-20 21:22:08.179  1679  1679 D ConditionProviders: Subscribing to condition://android/schedule?days=1.2.3.4.5&start=22.0&end=7.0&exitAtAlarm=false with ComponentInfo{android/com.android.server.notification.ScheduleConditionProvider}
02-20 21:22:08.179  1679  1679 D ZenLog  : subscribe: condition://android/schedule?days=1.2.3.4.5&start=22.0&end=7.0&exitAtAlarm=false,ok
02-20 21:22:08.182  1373  1373 I MediaPlayerService: MediaPlayerService::getOMX
02-20 21:22:08.182  1373  1373 I OMXClient: MuxOMX ctor
02-20 21:22:08.182  1370  1397 I OMXMaster: makeComponentInstance(OMX.google.h264.decoder) in mediacodec process
02-20 21:22:08.192  1679  1691 I am_proc_bound: [0,1916,com.android.phone]
02-20 21:22:08.197  1679  1739 I WifiScanningService: wifi driver unloaded
02-20 21:22:08.197  1679  1679 D RttService: SCAN_AVAILABLE : 1
02-20 21:22:08.197  1679  1740 D RttService: DefaultState got{ when=0 what=160513 target=com.android.internal.util.StateMachine$SmHandler }
02-20 21:22:08.197  1679  1679 D ZenLog  : set_zen_mode: off,cleanUpZenRules
02-20 21:22:08.215  1916  1916 W System  : ClassLoader referenced unknown path: /system/priv-app/TeleService/lib/x86_64
02-20 21:22:08.236  1679  1679 W System  : ClassLoader referenced unknown path: /system/priv-app/Telecom/lib/x86_64
02-20 21:22:08.237  1679  1679 D ApplicationLoaders: ignored Vulkan layer search path /system/priv-app/Telecom/lib/x86_64:/system/priv-app/Telecom/Telecom.apk!/lib/x86_64:/system/lib64:/vendor/lib64 for namespace 0x7f37e01201d0
02-20 21:22:08.238  1926  1926 W art     : Unexpected CPU variant for X86 using defaults: x86_64
02-20 21:22:08.247  1679  1692 W GnssLocationProvider: Could not open GPS configuration file /etc/gps.conf
02-20 21:22:08.247  1679  1692 E GnssLocationProvider: no AGPS interface in set_agps_server
02-20 21:22:08.247  1679  1692 D TelephonyRegistry: listen oscl: hasNotifySubscriptionInfoChangedOccurred==false no callback
02-20 21:22:08.250  1679  1692 I GnssLocationProvider: WakeLock released by handleMessage(13, 0, null)
02-20 21:22:08.251  1679  1692 E GnssLocationProvider: no AGPS interface in set_agps_server
02-20 21:22:08.251  1679  1780 I stream_devices_changed: [0,0,2]
02-20 21:22:08.251  1679  1692 I GnssLocationProvider: WakeLock released by handleMessage(2, 1, null)
02-20 21:22:08.252  1679  1692 W LocationProviderProxy-network: Odd, no component found for service com.android.location.service.v3.NetworkLocationProvider
02-20 21:22:08.252  1679  1692 W GeocoderProxy: Odd, no component found for service com.android.location.service.GeocodeProvider
02-20 21:22:08.252  1679  1692 W GeofenceProxy: Odd, no component found for service com.android.location.service.GeofenceProvider
02-20 21:22:08.252  1679  1692 W ActivityRecognitionProxy: Odd, no component found for service com.android.location.service.ActivityRecognitionProvider
02-20 21:22:08.254  1679  1780 I stream_devices_changed: [2,0,2]
02-20 21:22:08.255  1679  1780 I stream_devices_changed: [3,0,2]
02-20 21:22:08.257  1679  1780 I stream_devices_changed: [6,0,2]
02-20 21:22:08.258  1679  1780 I stream_devices_changed: [4,0,2]
02-20 21:22:08.260  1775  1903 I vol.Events: writeEvent level_changed STREAM_ALARM 6
02-20 21:22:08.260  1916  1916 W System  : ClassLoader referenced unknown path: /system/priv-app/TelephonyProvider/lib/x86_64
02-20 21:22:08.261  1916  1916 D ApplicationLoaders: ignored Vulkan layer search path /system/priv-app/TelephonyProvider/lib/x86_64:/system/lib64:/vendor/lib64 for namespace 0x7f37e00b50f0
02-20 21:22:08.274  1679  1858 I am_proc_bound: [0,1926,com.android.settings]
02-20 21:22:08.288  1775  1903 I vol.Events: writeEvent level_changed STREAM_BLUETOOTH_SCO 7
02-20 21:22:08.289  1775  1903 I vol.Events: writeEvent level_changed STREAM_MUSIC 11
02-20 21:22:08.291  1373  1373 W ACodec  : [OMX.google.h264.decoder] stopping checking profiles after 32: 2/8000
02-20 21:22:08.292  1370  1397 E OMXNodeInstance: getExtensionIndex(55a0011:google.h264.decoder, OMX.google.android.index.configureVideoTunnelMode) ERROR: UnsupportedIndex(0x8000101a)
02-20 21:22:08.292  1370  1370 W OMXNodeInstance: [55a0011:google.h264.decoder] component does not support metadata mode; using fallback
02-20 21:22:08.292  1775  1903 I vol.Events: writeEvent level_changed STREAM_RING 5
02-20 21:22:08.292  1775  1903 I vol.Events: writeEvent level_changed STREAM_SYSTEM 5
02-20 21:22:08.293  1373  1373 I MediaPlayerService: MediaPlayerService::getOMX
02-20 21:22:08.293  1373  1373 I OMXClient: MuxOMX ctor
02-20 21:22:08.293  1370  1837 I OMXMaster: makeComponentInstance(OMX.google.hevc.decoder) in mediacodec process
02-20 21:22:08.306  1775  1903 I vol.Events: writeEvent level_changed STREAM_VOICE_CALL 4
02-20 21:22:08.321  1313  1324 D PermissionCache: checking android.permission.READ_FRAME_BUFFER for uid=1000 => granted (317 us)
02-20 21:22:08.328  1759  1892 I LatinIME:LogUtils: Dictionary info: dictionary = main:en ; version = 54 ; date = 1414726273
02-20 21:22:08.345  1370  1397 E OMXNodeInstance: getExtensionIndex(55a0012:google.hevc.decoder, OMX.google.android.index.configureVideoTunnelMode) ERROR: UnsupportedIndex(0x8000101a)
02-20 21:22:08.345  1370  1370 W OMXNodeInstance: [55a0012:google.hevc.decoder] component does not support metadata mode; using fallback
02-20 21:22:08.347  1373  1373 I MediaPlayerService: MediaPlayerService::getOMX
02-20 21:22:08.347  1373  1373 I OMXClient: MuxOMX ctor
02-20 21:22:08.347  1370  1837 I OMXMaster: makeComponentInstance(OMX.google.vp8.decoder) in mediacodec process
02-20 21:22:08.369  1916  1916 D TelephonyProvider: dbh.onOpen: ok, queried table=siminfo
02-20 21:22:08.369  1916  1916 D TelephonyProvider: dbh.onOpen: ok, queried table=carriers
02-20 21:22:08.374  1370  1397 E OMXNodeInstance: getExtensionIndex(55a0013:google.vp8.decoder, OMX.google.android.index.configureVideoTunnelMode) ERROR: UnsupportedIndex(0x8000101a)
02-20 21:22:08.374  1370  1370 W OMXNodeInstance: [55a0013:google.vp8.decoder] component does not support metadata mode; using fallback
02-20 21:22:08.375  1373  1373 I MediaPlayerService: MediaPlayerService::getOMX
02-20 21:22:08.375  1373  1373 I OMXClient: MuxOMX ctor
02-20 21:22:08.375  1370  1837 I OMXMaster: makeComponentInstance(OMX.google.vp9.decoder) in mediacodec process
02-20 21:22:08.384  1313  1324 D gralloc_ranchu: gralloc_alloc: Creating ashmem region of size 17051648
02-20 21:22:08.402  1370  1397 E OMXNodeInstance: getExtensionIndex(55a0014:google.vp9.decoder, OMX.google.android.index.configureVideoTunnelMode) ERROR: UnsupportedIndex(0x8000101a)
02-20 21:22:08.402  1370  1370 W OMXNodeInstance: [55a0014:google.vp9.decoder] component does not support metadata mode; using fallback
02-20 21:22:08.404  1373  1373 I MediaPlayerService: MediaPlayerService::getOMX
02-20 21:22:08.404  1373  1373 I OMXClient: MuxOMX ctor
02-20 21:22:08.404  1370  1837 I OMXMaster: makeComponentInstance(OMX.google.h263.encoder) in mediacodec process
02-20 21:22:08.427  1370  1837 I SoftMPEG4Encoder: Construct SoftMPEG4Encoder
02-20 21:22:08.429  1373  1373 W ACodec  : do not know color format 0x7f000789 = 2130708361
02-20 21:22:08.429  1370  1370 E OMXNodeInstance: getConfig(55a0015:google.h263.encoder, ConfigAndroidIntraRefresh(0x6f60000a)) ERROR: Undefined(0x80001001)
02-20 21:22:08.431  1373  1373 I MediaPlayerService: MediaPlayerService::getOMX
02-20 21:22:08.431  1373  1373 I OMXClient: MuxOMX ctor
02-20 21:22:08.431  1370  1370 I OMXMaster: makeComponentInstance(OMX.google.h264.encoder) in mediacodec process
02-20 21:22:08.465  1373  1373 W ACodec  : do not know color format 0x7f000789 = 2130708361
02-20 21:22:08.467  1373  1373 I MediaPlayerService: MediaPlayerService::getOMX
02-20 21:22:08.467  1373  1373 I OMXClient: MuxOMX ctor
02-20 21:22:08.467  1370  1397 I OMXMaster: makeComponentInstance(OMX.google.mpeg4.encoder) in mediacodec process
02-20 21:22:08.482  1370  1397 I SoftMPEG4Encoder: Construct SoftMPEG4Encoder
02-20 21:22:08.505  1373  1373 W ACodec  : do not know color format 0x7f000789 = 2130708361
02-20 21:22:08.506  1679  1858 I am_restart_activity: [0,261132859,1,com.android.settings/.FallbackHome]
02-20 21:22:08.506  1370  1370 E OMXNodeInstance: getConfig(55a0017:google.mpeg4.encoder, ConfigAndroidIntraRefresh(0x6f60000a)) ERROR: Undefined(0x80001001)
02-20 21:22:08.507  1679  1679 W art     : Long monitor contention with owner Binder:1679_4 (1858) at void com.android.server.am.ActivityManagerService.attachApplication(android.app.IApplicationThread)(ActivityManagerService.java:6669) waiters=0 in void com.android.server.am.ActivityManagerService.serviceDoneExecuting(android.os.IBinder, int, int, int) for 232ms
02-20 21:22:08.507  1679  1679 I dvm_lock_sample: [system_server,1,main,232,ActivityManagerService.java,17339,-,6669,46]
02-20 21:22:08.507  1679  1690 W art     : Long monitor contention with owner Binder:1679_4 (1858) at void com.android.server.am.ActivityManagerService.attachApplication(android.app.IApplicationThread)(ActivityManagerService.java:6669) waiters=1 in java.lang.String com.android.server.am.ActivityManagerService.checkContentProviderAccess(java.lang.String, int) for 231ms
02-20 21:22:08.507  1679  1690 I dvm_lock_sample: [system_server,1,Binder:1679_1,231,ActivityManagerService.java,10435,-,6669,46]
02-20 21:22:08.532  1926  1926 W System  : ClassLoader referenced unknown path: /system/priv-app/Settings/lib/x86_64
02-20 21:22:08.536  1373  1373 I MediaPlayerService: MediaPlayerService::getOMX
02-20 21:22:08.536  1373  1373 I OMXClient: MuxOMX ctor
02-20 21:22:08.536  1370  1837 I OMXMaster: makeComponentInstance(OMX.google.vp8.encoder) in mediacodec process
02-20 21:22:08.554  1916  1916 D TDC     : updateOrInsert: inserting: Modem { uuid=modem, state=0, rilModel=0, rat={}, maxActiveVoiceCall=1, maxActiveDataCall=1, maxStandby=1 }
02-20 21:22:08.554  1916  1916 D TDC     : updateOrInsert: inserting: Sim { uuid=sim, modemUuid=modem, state=0 }
02-20 21:22:08.571  1313  1323 E SurfaceFlinger: ro.sf.lcd_density must be defined as a build property
02-20 21:22:08.584  1679  1679 E BluetoothAdapter: Bluetooth binder is null
02-20 21:22:08.590  1916  1916 D CdmaSSM : subscriptionSource from settings: 0
02-20 21:22:08.590  1916  1916 I PhoneFactory: Cdma Subscription set to 0
02-20 21:22:08.591  1775  1775 D         : HostConnection::get() New Host Connection established 0x7f37c0e2e720, tid 1775
02-20 21:22:08.601  1679  1679 I Telecom : SystemStateProvider: Registering car mode receiver: android.content.IntentFilter@4692efc: TS.init@AAA
02-20 21:22:08.612  1916  1916 I PhoneFactory: Network Mode set to 0
02-20 21:22:08.628  1926  1926 I am_on_resume_called: [0,com.android.settings.FallbackHome,LAUNCH_ACTIVITY]
02-20 21:22:08.631  1313  1362 E SurfaceFlinger: ro.sf.lcd_density must be defined as a build property
02-20 21:22:08.634  1926  1926 D         : HostConnection::get() New Host Connection established 0x7f37d15f5fa0, tid 1926
02-20 21:22:08.634  1775  1775 D StorageNotification: Notifying about private volume: VolumeInfo{private}:
02-20 21:22:08.634  1775  1775 D StorageNotification:     type=PRIVATE diskId=null partGuid=null mountFlags=0 mountUserId=-1 
02-20 21:22:08.634  1775  1775 D StorageNotification:     state=MOUNTED 
02-20 21:22:08.634  1775  1775 D StorageNotification:     fsType=null fsUuid=null fsLabel=null 
02-20 21:22:08.634  1775  1775 D StorageNotification:     path=/data internalPath=null 
02-20 21:22:08.635  1916  1916 D RILJ    : RIL(context, preferredNetworkType=0 cdmaSubscription=0)
02-20 21:22:08.644  1916  1916 D RILJ    : Starting RILReceiver0 [SUB0]
02-20 21:22:08.647  1916  1916 D RILJ    : [3648]> GET_HARDWARE_CONFIG [SUB0]
02-20 21:22:08.645  1679  1977 I Telecom : Telecom: Non-call EVENT: AUDIO_ROUTE, Entering state QuiescentEarpieceRoute
02-20 21:22:08.648  1916  1916 D RilRequest: [3648]< GET_HARDWARE_CONFIG error: com.android.internal.telephony.CommandException: RADIO_NOT_AVAILABLE ret=
02-20 21:22:08.648  1916  1916 I PhoneFactory: Creating SubscriptionController
02-20 21:22:08.649  1775  1775 D StorageNotification: Notifying about public volume: VolumeInfo{public:253,64}:
02-20 21:22:08.649  1775  1775 D StorageNotification:     type=PUBLIC diskId=disk:253,64 partGuid=null mountFlags=VISIBLE 
02-20 21:22:08.649  1775  1775 D StorageNotification:     mountUserId=0 state=MOUNTED 
02-20 21:22:08.649  1775  1775 D StorageNotification:     fsType=vfat fsUuid=1E12-0B12 fsLabel=SDCARD 
02-20 21:22:08.649  1775  1775 D StorageNotification:     path=/storage/1E12-0B12 internalPath=/mnt/media_rw/1E12-0B12 
02-20 21:22:08.650  1916  1916 D SubscriptionController: [SubscriptionController] init by Context
02-20 21:22:08.653  1375  1465 I RILC    : libril: new connection to RIL_SOCKET_1
02-20 21:22:08.653  1375  1465 I RILC    : RIL Daemon version: android reference-ril 1.0
02-20 21:22:08.653  1916  1980 I RILJ    : (0) Connected to 'rild' socket
02-20 21:22:08.654  1916  1980 D RILJ    : [UNSL]< UNSOL_RIL_CONNECTED {12} [SUB0]
02-20 21:22:08.654  1916  1980 D RILJ    : [3649]> RADIO_POWER off [SUB0]
02-20 21:22:08.656  1916  1916 D UiccController: Creating UiccController
02-20 21:22:08.657  1916  1916 D TelephonyTester: register for intent action=com.android.internal.telephony.action_detached
02-20 21:22:08.657  1916  1916 D TelephonyTester: register for intent action=com.android.internal.telephony.action_attached
02-20 21:22:08.657  1375  1465 D RIL     : onRequest: RADIO_POWER
02-20 21:22:08.657  1916  1980 D RILJ    : [3650]> RIL_REQUEST_CDMA_SET_SUBSCRIPTION_SOURCE : 0 [SUB0]
02-20 21:22:08.658  1375  1465 D RIL     : onRequest: CDMA_SET_SUBSCRIPTION_SOURCE
02-20 21:22:08.658  1916  1980 D RILJ    : setCellInfoListRate: 2147483647 [SUB0]
02-20 21:22:08.658  1916  1980 D RILJ    : [3651]> RIL_REQUEST_SET_CELL_INFO_LIST_RATE [SUB0]
02-20 21:22:08.658  1375  1465 D RIL     : onRequest: SET_UNSOL_CELL_INFO_LIST_RATE
02-20 21:22:08.658  1916  1980 D RILJ    : [UNSL]< UNSOL_RESPONSE_RADIO_STATE_CHANGED RADIO_OFF [SUB0]
02-20 21:22:08.659  1916  1980 D RILJ    : [3652]> SCREEN_STATE: true [SUB0]
02-20 21:22:08.659  1373  1373 W ACodec  : do not know color format 0x7f000789 = 2130708361
02-20 21:22:08.659  1370  1370 E OMXNodeInstance: getConfig(55a0018:google.vp8.encoder, ConfigAndroidIntraRefresh(0x6f60000a)) ERROR: Undefined(0x80001001)
02-20 21:22:08.659  1375  1465 D RIL     : onRequest: SCREEN_STATE
02-20 21:22:08.659  1916  1980 D RILJ    : [UNSL]< UNSOL_NITZ_TIME_RECEIVED 18/02/20:21:22:02+0:0:Unknown!Unknown [SUB0]
02-20 21:22:08.659  1916  1980 D RILJ    : [3649]< RADIO_POWER  [SUB0]
02-20 21:22:08.659  1916  1980 D RilRequest: [3650]< RIL_REQUEST_CDMA_SET_SUBSCRIPTION_SOURCE error: com.android.internal.telephony.CommandException: RADIO_NOT_AVAILABLE ret=
02-20 21:22:08.660  1916  1980 D RilRequest: [3651]< RIL_REQUEST_SET_CELL_INFO_LIST_RATE error: com.android.internal.telephony.CommandException: RADIO_NOT_AVAILABLE ret=
02-20 21:22:08.660  1916  1980 D RilRequest: [3652]< SCREEN_STATE error: com.android.internal.telephony.CommandException: RADIO_NOT_AVAILABLE ret=
02-20 21:22:08.661  1373  1373 I MediaPlayerService: MediaPlayerService::getOMX
02-20 21:22:08.661  1373  1373 I OMXClient: MuxOMX ctor
02-20 21:22:08.663  1373  1373 I MediaPlayerService: MediaPlayerService::getOMX
02-20 21:22:08.663  1373  1373 I OMXClient: MuxOMX ctor
02-20 21:22:08.663  1373  1373 W MediaCodecList: unable to open media codecs configuration xml file: /data/misc/media/media_codecs_profiling_results.xml
02-20 21:22:08.666  1373  1839 I MediaPlayerService: MediaPlayerService::getOMX
02-20 21:22:08.668  1679  1810 I OMXClient: MuxOMX ctor
02-20 21:22:08.670  1916  1916 D Phone   : mDoesRilSendMultipleCallRing=true
02-20 21:22:08.670  1916  1916 D Phone   : mCallRingDelay=3000
02-20 21:22:08.670  1370  1370 I OMXMaster: makeComponentInstance(OMX.google.vorbis.decoder) in mediacodec process
02-20 21:22:08.675  1373  1839 I MediaPlayerService: MediaPlayerService::getOMX
02-20 21:22:08.675  1775  1879 I OMXClient: MuxOMX ctor
02-20 21:22:08.679  1916  1916 D RILJ    : [3653]> RIL_REQUEST_START_LCE [SUB0]
02-20 21:22:08.680  1375  1465 D RIL     : onRequest: <unknown request>
02-20 21:22:08.680  1916  1980 D RilRequest: [3653]< RIL_REQUEST_START_LCE error: com.android.internal.telephony.CommandException: RADIO_NOT_AVAILABLE ret=
02-20 21:22:08.698  1916  1916 E RIL_ImsSms: getFormat should never be called from here!
02-20 21:22:08.698  1916  1916 D SMSDispatcher: SMSDispatcher: ctor mSmsCapable=true format=unknown mSmsSendDisabled=false
02-20 21:22:08.698  1916  1916 D RIL_ImsSms: ImsSMSDispatcher created
02-20 21:22:08.700  1916  1916 D SMSDispatcher: SMSDispatcher: ctor mSmsCapable=true format=3gpp2 mSmsSendDisabled=false
02-20 21:22:08.700  1916  1916 D CdmaSMSDispatcher: CdmaSMSDispatcher created
02-20 21:22:08.701  1370  1397 I OMXMaster: makeComponentInstance(OMX.google.vorbis.decoder) in mediacodec process
02-20 21:22:08.714  1679  1737 D WifiConfigManager: Loading config and enabling all networks 
02-20 21:22:08.738  1926  1978 D         : HostConnection::get() New Host Connection established 0x7f37dba2f0a0, tid 1978
02-20 21:22:08.740  1926  1978 I OpenGLRenderer: Initialized EGL, version 1.4
02-20 21:22:08.740  1926  1978 D OpenGLRenderer: Swap behavior 1
02-20 21:22:08.742  1679  1737 W WifiNetworkHistory: Upgrading network 0 to android.uid.system:1000
02-20 21:22:08.755  1679  1737 D WifiConfigManager: loaded 0 passpoint configs
02-20 21:22:08.757  1916  1916 D GsmInboundSmsHandler: created InboundSmsHandler
02-20 21:22:08.758  1679  1737 E IpConfigStore: Error parsing configuration: java.io.FileNotFoundException: /data/misc/wifi/ipconfig.txt (No such file or directory)
02-20 21:22:08.759  1679  1991 I Telecom : CallAudioModeStateMachine: Message received: null.: TS.init->CAMSM.pM_1@AAA_0
02-20 21:22:08.762  1679  1737 D WifiNative-HAL: Setting external_sim to 1
02-20 21:22:08.763  1679  1737 D WifiStateMachine: Setting OUI to DA-A1-19
02-20 21:22:08.765  1926  1978 D EGL_emulation: eglCreateContext: 0x7f37d157a560: maj 3 min 0 rcv 3
02-20 21:22:08.768  1679  1737 I WifiConnectivityManager: PNO settings: min5GHzRssi -82 min24GHzRssi -85 currentConnectionBonus 16 sameNetworkBonus 24 secureNetworkBonus 80 initialScoreMax 100
02-20 21:22:08.768  1679  1737 I WifiConnectivityManager: ConnectivityScanManager initialized and disabled
02-20 21:22:08.768  1679  1737 I WifiConnectivityManager: setUntrustedConnectionAllowed: allowed=false
02-20 21:22:08.768  1679  1737 E WifiLogger: no ring buffers found
02-20 21:22:08.768  1679  1737 E WifiLogger: Failed to start packet fate monitoring
02-20 21:22:08.771  1373  1373 I MediaPlayerService: MediaPlayerService::getOMX
02-20 21:22:08.772  1775  1997 I OMXClient: MuxOMX ctor
02-20 21:22:08.772  1370  1837 I OMXMaster: makeComponentInstance(OMX.google.vorbis.decoder) in mediacodec process
02-20 21:22:08.775  1679  1679 E BluetoothAdapter: Bluetooth binder is null
02-20 21:22:08.779  1679  1999 E ActivityThread: Failed to find provider info for call_log
02-20 21:22:08.781  1679  1679 I Telecom : Class: TelecomSystem.INSTANCE being set
02-20 21:22:08.781  1679  1679 E BluetoothAdapter: Bluetooth binder is null
02-20 21:22:08.782  1679  1679 W ContextImpl: Calling a method in the system process without a qualified user: android.app.ContextImpl.startService:1357 com.android.server.content.SyncManager$13.run:658 android.os.Handler.handleCallback:751 android.os.Handler.dispatchMessage:95 android.os.Looper.loop:154 
02-20 21:22:08.784  1679  1960 I StatusBarManagerService: registerStatusBar bar=com.android.internal.statusbar.IStatusBar$Stub$Proxy@2c2a47f
02-20 21:22:08.787  1916  1916 D CdmaInboundSmsHandler: created InboundSmsHandler
02-20 21:22:08.788  1373  1839 I MediaPlayerService: MediaPlayerService::getOMX
02-20 21:22:08.788  1679  1737 I WifiConnectivityManager: Set WiFi enabled
02-20 21:22:08.789  1679  1737 I WifiConnectivityManager: scheduleWatchdogTimer
02-20 21:22:08.789  1679  1995 I OMXClient: MuxOMX ctor
02-20 21:22:08.791  1679  1737 D WifiNative-HAL: Failing getSupportedFeatureset because HAL isn't started
02-20 21:22:08.791  1679  1696 E BatteryStatsService: no controller energy info supplied
02-20 21:22:08.792  1679  1696 E KernelCpuSpeedReader: Failed to read cpu-freq: /sys/devices/system/cpu/cpu0/cpufreq/stats/time_in_state (No such file or directory)
02-20 21:22:08.792  1679  1696 E KernelUidCpuTimeReader: Failed to read uid_cputime: /proc/uid_cputime/show_uid_stat (No such file or directory)
02-20 21:22:08.792  1916  1916 D SMSDispatcher: SMSDispatcher: ctor mSmsCapable=true format=3gpp mSmsSendDisabled=false
02-20 21:22:08.792  1916  1916 D GsmSMSDispatcher: GsmSMSDispatcher created
02-20 21:22:08.793  1916  1993 D GsmInboundSmsHandler: StartupState.processMessage:6
02-20 21:22:08.793  1916  1993 D GsmInboundSmsHandler: entering Idle state
02-20 21:22:08.793  1916  2000 D CdmaInboundSmsHandler: StartupState.processMessage:6
02-20 21:22:08.793  1916  2000 D CdmaInboundSmsHandler: entering Idle state
02-20 21:22:08.794  1679  1737 D WifiNative-HAL: Failing getSupportedFeatureset because HAL isn't started
02-20 21:22:08.794  1679  1696 E BatteryStatsService: no controller energy info supplied
02-20 21:22:08.794  1679  1696 E KernelCpuSpeedReader: Failed to read cpu-freq: /sys/devices/system/cpu/cpu0/cpufreq/stats/time_in_state (No such file or directory)
02-20 21:22:08.794  1679  1696 E KernelUidCpuTimeReader: Failed to read uid_cputime: /proc/uid_cputime/show_uid_stat (No such file or directory)
02-20 21:22:08.798  1370  1989 I OMXMaster: makeComponentInstance(OMX.google.vorbis.decoder) in mediacodec process
02-20 21:22:08.804  1916  1916 D IccCardProxy: ctor: ci=com.android.internal.telephony.RIL@e63c8d5 phoneId=0
02-20 21:22:08.804  1916  1916 D CdmaSSM : subscriptionSource from settings: 0
02-20 21:22:08.804  1916  1916 D CdmaSSM : cdmaSSM constructor: 0
02-20 21:22:08.804  1916  1916 D IccCardProxy: update icc_operator_numeric=
02-20 21:22:08.804  1916  1916 D TelephonyManager: setTelephonyProperty: success phoneId=0 property=gsm.sim.operator.numeric value:  propVal=
02-20 21:22:08.804  1916  1916 D TelephonyManager: setTelephonyProperty: success phoneId=0 property=gsm.sim.operator.iso-country value:  propVal=
02-20 21:22:08.804  1916  1916 D TelephonyManager: setTelephonyProperty: success phoneId=0 property=gsm.sim.operator.alpha value:  propVal=
02-20 21:22:08.804  1916  1916 E IccCardProxy: setExternalState: set mPhoneId=0 mExternalState=NOT_READY
02-20 21:22:08.804  1916  1916 D TelephonyManager: setTelephonyProperty: success phoneId=0 property=gsm.sim.state value: NOT_READY propVal=NOT_READY
02-20 21:22:08.805  1916  1916 D IccCardProxy: broadcastIccStateChangedIntent intent ACTION_SIM_STATE_CHANGED value=NOT_READY reason=null for mPhoneId=0
02-20 21:22:08.806  1916  1916 D RILJ    : setPhoneType=1 old value=0 [SUB0]
02-20 21:22:08.806  1916  1916 D TelephonyManager: setTelephonyProperty: success phoneId=0 property=gsm.current.phone-type value: 1 propVal=1
02-20 21:22:08.807  1916  1916 D IccCardProxy: Setting radio tech UMTS
02-20 21:22:08.807  1916  1916 D IccCardProxy: updateQuietMode: 3GPP subscription -> newQuietMode=false
02-20 21:22:08.807  1916  1916 D IccCardProxy: updateQuietMode: no changes don't setExternalState
02-20 21:22:08.807  1916  1916 D IccCardProxy: updateQuietMode: QuietMode is false (app_type=1 cdmaSource=-1)
02-20 21:22:08.826  1916  1916 W CarrierConfigManager: Error getting config for subId -1 ICarrierConfigLoader is null
02-20 21:22:08.829  1679  1690 D TelephonyRegistry: listen oscl: hasNotifySubscriptionInfoChangedOccurred==false no callback
02-20 21:22:08.837  1916  1916 D TelephonyManager: setTelephonyProperty: success phoneId=0 property=gsm.network.type value: Unknown propVal=Unknown
02-20 21:22:08.837  1916  1916 D RILJ    : [3654]> SIGNAL_STRENGTH [SUB0]
02-20 21:22:08.838  1375  1465 D RIL     : onRequest: SIGNAL_STRENGTH
