02-20 21:23:27.935  1364  1364 V EmulatedCamera_Camera: doStopPreview
02-20 21:23:27.935  1364  1364 W EmulatedCamera_Device: Initialize: Emulated camera device is already initialized: mState = 1
02-20 21:23:27.935  1364  1364 D EmulatedCamera_FakeCamera: Initialize: Fake camera is facing back
02-20 21:23:27.936  1364  1364 V EmulatedCamera_Device: initializeWhiteBalanceModes with auto, 1.000000, 1.000000
02-20 21:23:27.936  1364  1364 V EmulatedCamera_Device: initializeWhiteBalanceModes with incandescent, 1.380000, 0.600000
02-20 21:23:27.936  1364  1364 V EmulatedCamera_Device: initializeWhiteBalanceModes with daylight, 1.090000, 0.920000
02-20 21:23:27.936  1364  1364 V EmulatedCamera_Device: initializeWhiteBalanceModes with twilight, 0.920000, 1.220000
02-20 21:23:27.936  1364  1364 V EmulatedCamera_Device: setWhiteBalanceMode with white balance auto
02-20 21:23:27.936  1364  1364 I CameraService: disconnect: Disconnected client for camera 0 for PID 1364
02-20 21:23:27.936  1371  1868 D NuPlayerDriver: reset(0xe98a8d80) at state 4
02-20 21:23:27.936  1371  1868 D NuPlayerDriver: notifyListener_l(0xe98a8d80), (8, 0, 0), loop setting(0, 0)
02-20 21:23:27.936  1371  2081 D NuPlayerDriver: notifyResetComplete(0xe98a8d80)
02-20 21:23:27.949  1371  1413 D NuPlayerDriver: reset(0xe98a8fc0) at state 4
02-20 21:23:27.959  1371  1413 D NuPlayerDriver: notifyListener_l(0xe98a8fc0), (8, 0, 0), loop setting(0, 0)
02-20 21:23:27.961  1914  1914 D SIMRecords: [SIMRecords] SST: UsimServiceTable[120]={ PHONEBOOK, FDN, FDN_EXTENSION, SDN, SDN_EXTENSION, BDN, BDN_EXTENSION, OUTGOING_CALL_INFO, ADVICE_OF_CHARGE, CAP_CONFIG_PARAMS_2, GROUP_ID_LEVEL_1, GROUP_ID_LEVEL_2, SPN, USER_PLMN_SELECT, MSISDN, IMAGE, LOCALISED_SERVICE_AREAS, EMLPP, EMLPP_AUTO_ANSWER, RFU, GSM_ACCESS, DATA_DL_VIA_SMS_PP, DATA_DL_VIA_SMS_CB, CALL_CONTROL_BY_USIM, MO_SMS_CONTROL_BY_USIM, RUN_AT_COMMAND, APN_CONTROL_LIST, DEPERSONALISATION_CONTROL_KEYS, COOPERATIVE_NETWORK_LIST, GSM_SECURITY_CONTEXT, SERVICE_PROVIDER_DISPLAY_INFO, MMS_NOTIFICATION, MMS_NOTIFICATION_EXTENSION, GPRS_CALL_CONTROL_BY_USIM, VGCS_GROUP_ID_LIST, VBS_GROUP_ID_LIST, OMA_BCAST_PROFILE, GBA_LOCAL_KEY_ESTABLISHMENT, #101, #102, #103, #104, #105, #106, #107, #108, #109, #110 }
02-20 21:23:27.961  1914  1914 D SIMRecords: [SIMRecords] onRecordLoaded 4 requested: true
02-20 21:23:27.961  1914  1914 D SIMRecords: [SIMRecords] iCPHS: 0233
02-20 21:23:27.961  1914  1914 D SIMRecords: [SIMRecords] onRecordLoaded 3 requested: true
02-20 21:23:27.961  1914  1914 D RuimRecords: [RuimRecords] iccid: 89014103211118510720
02-20 21:23:27.961  1914  1914 D RuimRecords: [RuimRecords] onRecordLoaded 0 requested: true
02-20 21:23:27.961  1914  1914 D RuimRecords: [RuimRecords] record load complete
02-20 21:23:27.961  1914  1914 D RILJ    : [3734]> iccIO: SIM_IO 0xb0 0x6f14  path: 3F007F20,0,0,20 aid: null [SUB0]
02-20 21:23:27.961  1914  1936 D DCT     : [0]hasMatchedTetherApnSetting: APN=null
02-20 21:23:27.965  1924  1924 I am_on_stop_called: [0,com.android.settings.FallbackHome,destroy]
02-20 21:23:27.965  1373  1475 D RIL     : onRequest: SIM_IO
02-20 21:23:27.965  1373  1475 D AT      : AT> AT+CRSM=176,28436,0,0,20
02-20 21:23:27.965  1373  1479 D AT      : AT< +CRSM: 144,0,416e64726f6964ffffffffffffffffffffffffff
02-20 21:23:27.965  1371  2083 D NuPlayerDriver: notifyResetComplete(0xe98a8fc0)
02-20 21:23:27.965  1373  1479 D AT      : AT< OK
02-20 21:23:27.966  1914  1981 D RILJ    : [3734]< SIM_IO IccIoResponse sw1:0x90 sw2:0x0 [SUB0]
02-20 21:23:27.966  1914  1914 D SIMRecords: [SIMRecords] MSISDN: [t-WgLegCyIMgfHgPkOdM6pkZbpA]
02-20 21:23:27.966  1914  1914 D SIMRecords: [SIMRecords] onRecordLoaded 2 requested: true
02-20 21:23:27.966  1914  1914 D RILJ    : [3735]> iccIO: SIM_IO 0xb2 0x6fc7  path: 3F007F20,1,4,32 aid: null [SUB0]
02-20 21:23:27.967  1371  1868 D NuPlayerDriver: reset(0xe98a9020) at state 4
02-20 21:23:27.967  1371  1868 D NuPlayerDriver: notifyListener_l(0xe98a9020), (8, 0, 0), loop setting(0, 0)
02-20 21:23:27.967  1371  2085 D NuPlayerDriver: notifyResetComplete(0xe98a9020)
02-20 21:23:27.968  1364  1708 V EmulatedCamera_Camera: getCameraInfo
02-20 21:23:27.968  1364  1708 V EmulatedCamera_BaseCamera: getCameraInfo
02-20 21:23:27.969  1364  1364 V EmulatedCamera_Camera: getCameraInfo
02-20 21:23:27.969  1364  1364 V EmulatedCamera_BaseCamera: getCameraInfo
02-20 21:23:27.969  1373  1475 D RIL     : onRequest: SIM_IO
02-20 21:23:27.969  1373  1475 D AT      : AT> AT+CRSM=178,28615,1,4,32
02-20 21:23:27.970  1914  1914 D SIMRecords: [SIMRecords] getServiceProviderName: no brandOverride, providerName=Android
02-20 21:23:27.970  1914  1914 D SIMRecords: [SIMRecords] Load EF_SPN_CPHS: Android
02-20 21:23:27.970  1914  1914 D TelephonyManager: setTelephonyProperty: success phoneId=0 property=gsm.sim.operator.alpha value: Android propVal=Android
02-20 21:23:27.970  1914  1914 D SIMRecords: [SIMRecords] onRecordLoaded 1 requested: true
02-20 21:23:27.972  1373  1479 D AT      : AT< +CRSM: 144,0,566f6963656d61696cffffffffffffffffff07915155125740f9ffffffffffff
02-20 21:23:27.972  1373  1479 D AT      : AT< OK
02-20 21:23:27.972  1914  1981 D RILJ    : [3735]< SIM_IO IccIoResponse sw1:0x90 sw2:0x0 [SUB0]
02-20 21:23:27.973  1914  1914 D SIMRecords: [SIMRecords] VM: ADN Record 'Voicemail' '[-MWU1cAlDrkXUZ8dpHi_wU_YOpU] null' EF[MBDN]
02-20 21:23:27.973  1914  1914 D SIMRecords: [SIMRecords] onRecordLoaded 0 requested: true
02-20 21:23:27.973  1914  1914 D SIMRecords: [SIMRecords] record load complete
02-20 21:23:27.973  1914  1914 D SIMRecords: [SIMRecords] Not using EF LI/EF PL
02-20 21:23:27.973  1914  1914 D SIMRecords: [SIMRecords] EF_CFF: callForwardingEnabled=0
02-20 21:23:27.973  1914  1914 D SIMRecords: [SIMRecords] onAllRecordsLoaded set 'gsm.sim.operator.numeric' to operator='310260'
02-20 21:23:27.973  1914  1914 D SIMRecords: [SIMRecords] update icc_operator_numeric=310260
02-20 21:23:27.973  1914  1914 D TelephonyManager: setTelephonyProperty: success phoneId=0 property=gsm.sim.operator.numeric value: 310260 propVal=310260
02-20 21:23:27.973  1914  1914 D SubscriptionController: [setMccMnc]+ mcc/mnc:310/260 subId:-1
02-20 21:23:27.975  1312  2006 D         : HostConnection::get() New Host Connection established 0x759d4c02fbe0, tid 2006
02-20 21:23:27.980  1764  1764 I StatusBar: isKeyguardShowing() called before startKeyguard(), returning true
02-20 21:23:27.981  1764  1764 W StatusBar: isKeyguardSecure() called before startKeyguard(), returning false
02-20 21:23:27.981  1764  1764 W StatusBar: java.lang.Throwable
02-20 21:23:27.981  1764  1764 W StatusBar: 	at com.android.systemui.statusbar.BaseStatusBar.isKeyguardSecure(BaseStatusBar.java:2647)
02-20 21:23:27.981  1764  1764 W StatusBar: 	at com.android.systemui.statusbar.BaseStatusBar.isCameraAllowedByAdmin(BaseStatusBar.java:2670)
02-20 21:23:27.981  1764  1764 W StatusBar: 	at com.android.systemui.statusbar.phone.KeyguardBottomAreaView.updateCameraVisibility(KeyguardBottomAreaView.java:309)
02-20 21:23:27.981  1764  1764 W StatusBar: 	at com.android.systemui.statusbar.phone.KeyguardBottomAreaView.setPhoneStatusBar(KeyguardBottomAreaView.java:272)
02-20 21:23:27.981  1764  1764 W StatusBar: 	at com.android.systemui.statusbar.phone.PhoneStatusBar.makeStatusBarView(PhoneStatusBar.java:904)
02-20 21:23:27.981  1764  1764 W StatusBar: 	at com.android.systemui.statusbar.phone.PhoneStatusBar.addStatusBarWindow(PhoneStatusBar.java:3432)
02-20 21:23:27.981  1764  1764 W StatusBar: 	at com.android.systemui.statusbar.phone.PhoneStatusBar.createAndAddWindows(PhoneStatusBar.java:3428)
02-20 21:23:27.981  1764  1764 W StatusBar: 	at com.android.systemui.statusbar.BaseStatusBar.start(BaseStatusBar.java:765)
02-20 21:23:27.981  1764  1764 W StatusBar: 	at com.android.systemui.statusbar.phone.PhoneStatusBar.start(PhoneStatusBar.java:686)
02-20 21:23:27.981  1764  1764 W StatusBar: 	at com.android.systemui.statusbar.SystemBars.createStatusBarFromConfig(SystemBars.java:106)
02-20 21:23:27.981  1764  1764 W StatusBar: 	at com.android.systemui.statusbar.SystemBars.onNoService(SystemBars.java:58)
02-20 21:23:27.981  1764  1764 W StatusBar: 	at com.android.systemui.statusbar.ServiceMonitor.startService(ServiceMonitor.java:230)
02-20 21:23:27.981  1764  1764 W StatusBar: 	at com.android.systemui.statusbar.ServiceMonitor.-wrap5(ServiceMonitor.java)
02-20 21:23:27.981  1764  1764 W StatusBar: 	at com.android.systemui.statusbar.ServiceMonitor$1.handleMessage(ServiceMonitor.java:73)
02-20 21:23:27.981  1764  1764 W StatusBar: 	at android.os.Handler.dispatchMessage(Handler.java:102)
02-20 21:23:27.981  1764  1764 W StatusBar: 	at android.os.Looper.loop(Looper.java:154)
02-20 21:23:27.981  1764  1764 W StatusBar: 	at android.app.ActivityThread.main(ActivityThread.java:6119)
02-20 21:23:27.981  1764  1764 W StatusBar: 	at java.lang.reflect.Method.invoke(Native Method)
02-20 21:23:27.981  1764  1764 W StatusBar: 	at com.android.internal.os.ZygoteInit$MethodAndArgsCaller.run(ZygoteInit.java:886)
02-20 21:23:27.981  1764  1764 W StatusBar: 	at com.android.internal.os.ZygoteInit.main(ZygoteInit.java:776)
02-20 21:23:27.981  1764  1764 I StatusBar: isKeyguardShowing() called before startKeyguard(), returning true
02-20 21:23:27.981  1764  1764 W StatusBar: isKeyguardSecure() called before startKeyguard(), returning false
02-20 21:23:27.981  1764  1764 W StatusBar: java.lang.Throwable
02-20 21:23:27.981  1764  1764 W StatusBar: 	at com.android.systemui.statusbar.BaseStatusBar.isKeyguardSecure(BaseStatusBar.java:2647)
02-20 21:23:27.981  1764  1764 W StatusBar: 	at com.android.systemui.statusbar.BaseStatusBar.isCameraAllowedByAdmin(BaseStatusBar.java:2670)
02-20 21:23:27.981  1764  1764 W StatusBar: 	at com.android.systemui.statusbar.phone.KeyguardBottomAreaView.updateCameraVisibility(KeyguardBottomAreaView.java:309)
02-20 21:23:27.981  1764  1764 W StatusBar: 	at com.android.systemui.statusbar.phone.KeyguardBottomAreaView.setUserSetupComplete(KeyguardBottomAreaView.java:281)
02-20 21:23:27.981  1764  1764 W StatusBar: 	at com.android.systemui.statusbar.phone.PhoneStatusBar.makeStatusBarView(PhoneStatusBar.java:905)
02-20 21:23:27.981  1764  1764 W StatusBar: 	at com.android.systemui.statusbar.phone.PhoneStatusBar.addStatusBarWindow(PhoneStatusBar.java:3432)
02-20 21:23:27.981  1764  1764 W StatusBar: 	at com.android.systemui.statusbar.phone.PhoneStatusBar.createAndAddWindows(PhoneStatusBar.java:3428)
02-20 21:23:27.981  1764  1764 W StatusBar: 	at com.android.systemui.statusbar.BaseStatusBar.start(BaseStatusBar.java:765)
02-20 21:23:27.981  1764  1764 W StatusBar: 	at com.android.systemui.statusbar.phone.PhoneStatusBar.start(PhoneStatusBar.java:686)
02-20 21:23:27.981  1764  1764 W StatusBar: 	at com.android.systemui.statusbar.SystemBars.createStatusBarFromConfig(SystemBars.java:106)
02-20 21:23:27.981  1764  1764 W StatusBar: 	at com.android.systemui.statusbar.SystemBars.onNoService(SystemBars.java:58)
02-20 21:23:27.981  1764  1764 W StatusBar: 	at com.android.systemui.statusbar.ServiceMonitor.startService(ServiceMonitor.java:230)
02-20 21:23:27.981  1764  1764 W StatusBar: 	at com.android.systemui.statusbar.ServiceMonitor.-wrap5(ServiceMonitor.java)
02-20 21:23:27.981  1764  1764 W StatusBar: 	at com.android.systemui.statusbar.ServiceMonitor$1.handleMessage(ServiceMonitor.java:73)
02-20 21:23:27.981  1764  1764 W StatusBar: 	at android.os.Handler.dispatchMessage(Handler.java:102)
02-20 21:23:27.981  1764  1764 W StatusBar: 	at android.os.Looper.loop(Looper.java:154)
02-20 21:23:27.981  1764  1764 W StatusBar: 	at android.app.ActivityThread.main(ActivityThread.java:6119)
02-20 21:23:27.981  1764  1764 W StatusBar: 	at java.lang.reflect.Method.invoke(Native Method)
02-20 21:23:27.981  1764  1764 W StatusBar: 	at com.android.internal.os.ZygoteInit$MethodAndArgsCaller.run(ZygoteInit.java:886)
02-20 21:23:27.981  1764  1764 W StatusBar: 	at com.android.internal.os.ZygoteInit.main(ZygoteInit.java:776)
02-20 21:23:27.981  1914  1914 D SubscriptionController: notifySubscriptionInfoChanged:
02-20 21:23:27.982  1663  1663 I GnssLocationProvider: WakeLock acquired by sendMessage(12, 0, null)
02-20 21:23:27.983  1914  2075 D SubscriptionController: [getActiveSubInfoList] Sub Controller not ready
02-20 21:23:27.983  1914  1914 D SIMRecords: [SIMRecords] onAllRecordsLoaded set mcc imsi
02-20 21:23:27.983  1914  1914 D TelephonyManager: setTelephonyProperty: success phoneId=0 property=gsm.sim.operator.iso-country value: us propVal=us
02-20 21:23:27.984  1914  1914 D SST     : SubscriptionListener.onSubscriptionInfoChanged
02-20 21:23:27.984  1914  1914 D SIMRecords: [SIMRecords]  VoiceMessageCount from SIM MWIS = 0
02-20 21:23:27.984  1914  1914 E Phone   : getStoredVoiceMessageCount: invalid subId -2
02-20 21:23:27.984  1914  1914 D GsmCdmaPhone: [GsmCdmaPhone] updateVoiceMail countVoiceMessages = 0 subId -2
02-20 21:23:27.984  1914  1914 E Phone   : setVoiceMessageCount in sharedPreference: invalid subId -2
02-20 21:23:27.985  1914  1914 D DCT     : [0]SubscriptionListener.onSubscriptionInfoChanged
02-20 21:23:27.986  1914  1914 D SubscriptionController: [getActiveSubInfoList] Sub Controller not ready
02-20 21:23:27.992  1914  1914 D SubscriptionController: [getActiveSubInfoList] Sub Controller not ready
02-20 21:23:27.992  1914  1914 I Telephony: PstnIncomingCallNotifier: Unregistering: Handler (com.android.internal.telephony.GsmCdmaPhone) {edc5bf5}
02-20 21:23:27.993  1914  1914 E PhoneInterfaceManager: [PhoneIntfMgr] getIccId: No UICC
02-20 21:23:27.993  1924  1924 I am_on_resume_called: [0,com.android.settings.FallbackHome,handleRelaunchActivity]
02-20 21:23:27.999  1663  1789 I Telecom : PhoneAccountRegistrar: [ComponentInfo{com.android.phone/com.android.services.telephony.TelephonyConnectionService}, [e0184adedf913b076626646d3f52c3b49c39ad6d], UserHandle{0}(addr: tel:*********** -> tel:)(icon: Icon(typ=BITMAP size=76x96) -> Icon(typ=BITMAP size=76x96))(subAddr: tel:*********** -> tel:)]: TSI.rPA@AAg
02-20 21:23:28.008  1663  1789 I Telecom : : Sending phone-account registered intent as user: TSI.rPA@AAg
02-20 21:23:28.009  1914  1914 I Telephony: AccountEntry: Registered phoneAccount: [[ ] PhoneAccount: ComponentInfo{com.android.phone/com.android.services.telephony.TelephonyConnectionService}, [e0184adedf913b076626646d3f52c3b49c39ad6d], UserHandle{0} Capabilities: CallProvider MultiUser PlaceEmerg SimSub  Schemes: tel voicemail  Extras: null GroupId: [da39a3ee5e6b4b0d3255bfef95601890afd80709]] with handle: ComponentInfo{com.android.phone/com.android.services.telephony.TelephonyConnectionService}, [e0184adedf913b076626646d3f52c3b49c39ad6d], UserHandle{0}
02-20 21:23:28.009  1914  1914 I Telephony: PstnIncomingCallNotifier: Registering: Handler (com.android.internal.telephony.GsmCdmaPhone) {edc5bf5}
02-20 21:23:28.010  1914  1914 D CAT     : CatService: handleMessage[20]
02-20 21:23:28.010  1914  1934 D SubscriptionController: [getPhoneId] asked for default subId=-1
02-20 21:23:28.011  1914  1914 D GsmCdmaPhone: [GsmCdmaPhone] updateCurrentCarrierInProvider: mSubId = -2 currentDds = 1 operatorNumeric = 310260
02-20 21:23:28.011  1914  1914 D IccCardProxy: operator=310260 mPhoneId=0
02-20 21:23:28.011  1914  1914 D TelephonyManager: setTelephonyProperty: success phoneId=0 property=gsm.sim.operator.numeric value: 310260 propVal=310260
02-20 21:23:28.011  1914  1914 D TelephonyManager: setTelephonyProperty: success phoneId=0 property=gsm.sim.operator.iso-country value: us propVal=us
02-20 21:23:28.011  1914  1914 D IccCardProxy: Sending intent ACTION_INTERNAL_SIM_STATE_CHANGED for mPhoneId : 0
02-20 21:23:28.012  1914  1914 D SST     : EVENT_SIM_RECORDS_LOADED: what=16
02-20 21:23:28.012  1914  1914 D GsmCdmaPhone: [GsmCdmaPhone] updatePhoneObject: radioTechnology=0
02-20 21:23:28.012  1914  1914 D SST     : getOtasp: otasp not needed for GSM
02-20 21:23:28.012  1914  1914 D SST     : updateOtaspState: call notifyOtaspChanged old otaspMode=0 new otaspMode=3
02-20 21:23:28.012  1914  1914 D SIMRecords: [SIMRecords] getServiceProviderName: no brandOverride, providerName=Android
02-20 21:23:28.012  1914  1914 D SIMRecords: [SIMRecords] getServiceProviderName: no brandOverride, providerName=Android
02-20 21:23:28.012  1914  1914 D SST     : updateSpnDisplay: changed sending intent rule=1 showPlmn='false' plmn='Android' showSpn='true' spn='Android' dataSpn='Android' subId='-2'
02-20 21:23:28.013  1914  1914 D SubscriptionController: [setPlmnSpn] No valid subscription to store info
02-20 21:23:28.013  1914  1914 D SubscriptionController: notifySubscriptionInfoChanged:
02-20 21:23:28.013  1663  1663 I GnssLocationProvider: WakeLock acquired by sendMessage(12, 0, null)
02-20 21:23:28.014  1914  1914 E PhoneInterfaceManager: [PhoneIntfMgr] getIccId: No UICC
02-20 21:23:28.014  1914  1936 D SubscriptionController: [getActiveSubInfoList] Sub Controller not ready
02-20 21:23:28.032  1364  1708 V EmulatedCamera_Camera: getCameraInfo
02-20 21:23:28.032  1364  1708 V EmulatedCamera_BaseCamera: getCameraInfo
02-20 21:23:28.032  1364  1364 V EmulatedCamera_Camera: getCameraInfo
02-20 21:23:28.032  1364  1364 V EmulatedCamera_BaseCamera: getCameraInfo
02-20 21:23:28.050  1914  1936 D SubscriptionController: [getPhoneId]- no sims, returning default phoneId=2147483647
02-20 21:23:28.052  1914  1934 D SubscriptionController: [getPhoneId]- no sims, returning default phoneId=2147483647
02-20 21:23:28.053  1663  1790 I Telecom : PhoneAccountRegistrar: [ComponentInfo{com.android.phone/com.android.services.telephony.TelephonyConnectionService}, [e0184adedf913b076626646d3f52c3b49c39ad6d], UserHandle{0}(icon: Icon(typ=BITMAP size=76x96) -> Icon(typ=BITMAP size=76x96))]: TSI.rPA@AAs
02-20 21:23:28.064  1914  1934 D SubscriptionController: [getActiveSubInfoList] Sub Controller not ready
02-20 21:23:28.065  1663  1692 W WindowManager: Keyguard drawn timeout. Setting mKeyguardDrawComplete
02-20 21:23:28.065  1663  1790 I Telecom : : Sending phone-account registered intent as user: TSI.rPA@AAs
02-20 21:23:28.066  1914  1914 D GsmCdmaPhone: [GsmCdmaPhone] phoneObjectUpdater: newVoiceRadioTech=0
02-20 21:23:28.066  1914  1914 D GsmCdmaPhone: [GsmCdmaPhone] phoneObjectUpdater: volteReplacementRat=0
02-20 21:23:28.066  1914  1914 E GsmCdmaPhone: [GsmCdmaPhone] phoneObjectUpdater: newVoiceRadioTech=0 doesn't match either CDMA or GSM - error! No phone change
02-20 21:23:28.066  1914  1914 D SubscriptionInfoUpdater: [Receiver]+
02-20 21:23:28.066  1914  1914 D SubscriptionInfoUpdater: Action: android.intent.action.internal_sim_state_changed
02-20 21:23:28.066  1914  1914 D SubscriptionInfoUpdater: slotId: 0
02-20 21:23:28.066  1914  1914 D SubscriptionInfoUpdater: simStatus: LOADED
02-20 21:23:28.066  1914  1914 D SubscriptionInfoUpdater: [Receiver]-
02-20 21:23:28.066  1914  1914 D SST     : SubscriptionListener.onSubscriptionInfoChanged
02-20 21:23:28.066  1914  1914 D DCT     : [0]SubscriptionListener.onSubscriptionInfoChanged
02-20 21:23:28.067  1914  1914 D SubscriptionController: [getActiveSubInfoList] Sub Controller not ready
02-20 21:23:28.068  1663  1690 I GnssLocationProvider: WakeLock released by handleMessage(12, 0, null)
02-20 21:23:28.068  1914  1934 D SubscriptionController: [getPhoneId]- no sims, returning default phoneId=2147483647
02-20 21:23:28.070  1914  1914 D SubscriptionController: [getActiveSubInfoList] Sub Controller not ready
02-20 21:23:28.071  1914  1914 I Telephony: PstnIncomingCallNotifier: Unregistering: Handler (com.android.internal.telephony.GsmCdmaPhone) {edc5bf5}
02-20 21:23:28.071  1914  1914 E PhoneInterfaceManager: [PhoneIntfMgr] getIccId: No UICC
02-20 21:23:28.071  1764  1764 I StatusBar: isKeyguardShowing() called before startKeyguard(), returning true
02-20 21:23:28.072  1764  1764 W StatusBar: isKeyguardSecure() called before startKeyguard(), returning false
02-20 21:23:28.072  1764  1764 W StatusBar: java.lang.Throwable
02-20 21:23:28.072  1764  1764 W StatusBar: 	at com.android.systemui.statusbar.BaseStatusBar.isKeyguardSecure(BaseStatusBar.java:2647)
02-20 21:23:28.072  1764  1764 W StatusBar: 	at com.android.systemui.statusbar.BaseStatusBar.isCameraAllowedByAdmin(BaseStatusBar.java:2670)
02-20 21:23:28.072  1764  1764 W StatusBar: 	at com.android.systemui.statusbar.phone.KeyguardBottomAreaView.updateCameraVisibility(KeyguardBottomAreaView.java:309)
02-20 21:23:28.072  1764  1764 W StatusBar: 	at com.android.systemui.statusbar.phone.KeyguardBottomAreaView.setUserSetupComplete(KeyguardBottomAreaView.java:281)
02-20 21:23:28.072  1764  1764 W StatusBar: 	at com.android.systemui.statusbar.phone.PhoneStatusBar$1.onChange(PhoneStatusBar.java:441)
02-20 21:23:28.072  1764  1764 W StatusBar: 	at com.android.systemui.statusbar.phone.PhoneStatusBar.resetUserSetupObserver(PhoneStatusBar.java:3676)
02-20 21:23:28.072  1764  1764 W StatusBar: 	at com.android.systemui.statusbar.phone.PhoneStatusBar.makeStatusBarView(PhoneStatusBar.java:1008)
02-20 21:23:28.072  1764  1764 W StatusBar: 	at com.android.systemui.statusbar.phone.PhoneStatusBar.addStatusBarWindow(PhoneStatusBar.java:3432)
02-20 21:23:28.072  1764  1764 W StatusBar: 	at com.android.systemui.statusbar.phone.PhoneStatusBar.createAndAddWindows(PhoneStatusBar.java:3428)
02-20 21:23:28.072  1764  1764 W StatusBar: 	at com.android.systemui.statusbar.BaseStatusBar.start(BaseStatusBar.java:765)
02-20 21:23:28.072  1764  1764 W StatusBar: 	at com.android.systemui.statusbar.phone.PhoneStatusBar.start(PhoneStatusBar.java:686)
02-20 21:23:28.072  1764  1764 W StatusBar: 	at com.android.systemui.statusbar.SystemBars.createStatusBarFromConfig(SystemBars.java:106)
02-20 21:23:28.072  1764  1764 W StatusBar: 	at com.android.systemui.statusbar.SystemBars.onNoService(SystemBars.java:58)
02-20 21:23:28.072  1764  1764 W StatusBar: 	at com.android.systemui.statusbar.ServiceMonitor.startService(ServiceMonitor.java:230)
02-20 21:23:28.072  1764  1764 W StatusBar: 	at com.android.systemui.statusbar.ServiceMonitor.-wrap5(ServiceMonitor.java)
02-20 21:23:28.072  1764  1764 W StatusBar: 	at com.android.systemui.statusbar.ServiceMonitor$1.handleMessage(ServiceMonitor.java:73)
02-20 21:23:28.072  1764  1764 W StatusBar: 	at android.os.Handler.dispatchMessage(Handler.java:102)
02-20 21:23:28.072  1764  1764 W StatusBar: 	at android.os.Looper.loop(Looper.java:154)
02-20 21:23:28.072  1764  1764 W StatusBar: 	at android.app.ActivityThread.main(ActivityThread.java:6119)
02-20 21:23:28.072  1764  1764 W StatusBar: 	at java.lang.reflect.Method.invoke(Native Method)
02-20 21:23:28.072  1764  1764 W StatusBar: 	at com.android.internal.os.ZygoteInit$MethodAndArgsCaller.run(ZygoteInit.java:886)
02-20 21:23:28.072  1764  1764 W StatusBar: 	at com.android.internal.os.ZygoteInit.main(ZygoteInit.java:776)
02-20 21:23:28.075  1764  1974 D OpenGLRenderer: profile bars disabled
02-20 21:23:28.075  1764  1974 D OpenGLRenderer: ambientRatio = 1.50
02-20 21:23:28.077  1663  2090 I Telecom : PhoneAccountRegistrar: [ComponentInfo{com.android.phone/com.android.services.telephony.TelephonyConnectionService}, [e0184adedf913b076626646d3f52c3b49c39ad6d], UserHandle{0}(icon: Icon(typ=BITMAP size=76x96) -> Icon(typ=BITMAP size=76x96))]: TSI.rPA@AA0
02-20 21:23:28.079  1914  1936 D SubscriptionController: [getSlotId]- subId invalid
02-20 21:23:28.079  1663  2090 I Telecom : : Sending phone-account registered intent as user: TSI.rPA@AA0
02-20 21:23:28.080  1914  1914 I Telephony: AccountEntry: Registered phoneAccount: [[ ] PhoneAccount: ComponentInfo{com.android.phone/com.android.services.telephony.TelephonyConnectionService}, [e0184adedf913b076626646d3f52c3b49c39ad6d], UserHandle{0} Capabilities: CallProvider MultiUser PlaceEmerg SimSub  Schemes: tel voicemail  Extras: null GroupId: [da39a3ee5e6b4b0d3255bfef95601890afd80709]] with handle: ComponentInfo{com.android.phone/com.android.services.telephony.TelephonyConnectionService}, [e0184adedf913b076626646d3f52c3b49c39ad6d], UserHandle{0}
02-20 21:23:28.080  1914  1914 I Telephony: PstnIncomingCallNotifier: Registering: Handler (com.android.internal.telephony.GsmCdmaPhone) {edc5bf5}
02-20 21:23:28.082  1914  1914 D SubscriptionInfoUpdater: handleSimStateLoadedInternal: slotId: 0
02-20 21:23:28.082  1914  1914 D SubscriptionInfoUpdater: All IccIds query complete
02-20 21:23:28.082  1914  1914 D SubscriptionInfoUpdater: updateSubscriptionInfoByIccId:+ Start
02-20 21:23:28.082  1914  1914 D SubscriptionController: [clearSubInfo]- no simInfo size=0
02-20 21:23:28.082  1914  1914 D SubscriptionInfoUpdater: insertedSimCount = 1
02-20 21:23:28.082  1914  1914 D SubscriptionController: [getSubInfoUsingSlotIdWithCheck]+ slotId:0
02-20 21:23:28.086  1764  2088 D TelephonyManager: getSimState: default sim:-1, sim state for slotIdx=0 is 5, return state as unknown
02-20 21:23:28.092  1914  1914 D SubscriptionController: [getPhoneId]- no sims, returning default phoneId=2147483647
02-20 21:23:28.094  1914  1914 D SubscriptionController: [getPhoneId]- no sims, returning default phoneId=2147483647
02-20 21:23:28.095  1914  1914 D SubscriptionController: [getPhoneId]- no sims, returning default phoneId=2147483647
02-20 21:23:28.095  1914  1914 D SubscriptionController: [getSubInfoUsingSlotId]- null info return
02-20 21:23:28.095  1914  1914 D SubscriptionInfoUpdater: updateSubscriptionInfoByIccId: oldSubId = 1
02-20 21:23:28.095  1914  1914 D SubscriptionInfoUpdater: updateSubscriptionInfoByIccId: oldIccId[0] = 89014103211118510720, sIccId[0] = 89014103211118510720
02-20 21:23:28.095  1914  1914 D SubscriptionController: [addSubInfoRecord]+ iccId:89014103211118510720 slotId:0
02-20 21:23:28.098  1914  1914 D SubscriptionController: [getActiveSubInfoList] Sub Controller not ready
02-20 21:23:28.099  1914  1914 D SubscriptionController: [addSubInfoRecord] Record already exists
02-20 21:23:28.102  1914  1914 D SubscriptionController: [addSubInfoRecord] sSlotIdxToSubId.size=1 slotId=0 subId=1 defaultSubId=1 simCount=1
02-20 21:23:28.102  1914  1914 D SubscriptionController: [setDefaultFallbackSubId] subId=1
02-20 21:23:28.102  1914  1914 D SubscriptionController: [setDefaultFallbackSubId] set mDefaultFallbackSubId=1
02-20 21:23:28.103  1914  1914 D MccTable: updateMccMncConfiguration mccmnc='310260' fromServiceState=false
02-20 21:23:28.103  1914  1914 D MccTable: updateMccMncConfiguration defaultMccMnc=310260
02-20 21:23:28.103  1914  1914 D MccTable: updateMccMncConfiguration: mcc=310, mnc=260
02-20 21:23:28.103  1914  1914 D MccTable: updateMccMncConfiguration updateConfig config={1.0 310mcc260mnc ?localeList ?layoutDir ?swdp ?wdp ?hdp ?density ?lsize ?long ?orien ?uimode ?night ?touch ?keyb/?/? ?nav/?}
02-20 21:23:28.106  1663  1690 I GnssLocationProvider: WakeLock released by handleMessage(12, 0, null)
02-20 21:23:28.126  1764  1764 D PhoneStatusBar: disable: < EXPAND* icons alerts system_info BACK* HOME* RECENT* clock SEARCH* quick_settings >
02-20 21:23:28.207  1663  2090 W art     : Long monitor contention with owner Binder:1663_1 (1688) at void com.android.server.am.ActivityManagerService.updateConfiguration(android.content.res.Configuration)(ActivityManagerService.java:18937) waiters=1 in java.lang.String com.android.server.am.ActivityManagerService.checkContentProviderAccess(java.lang.String, int) for 103ms
02-20 21:23:28.207  1663  2090 I dvm_lock_sample: [system_server,1,Binder:1663_6,103,ActivityManagerService.java,10435,-,18937,20]
02-20 21:23:28.208  1914  1914 D SubscriptionController: [setDefaultFallbackSubId] broadcast default subId changed phoneId=0 subId=1
02-20 21:23:28.208  1914  1914 D SubscriptionController: [addSubInfoRecord] one sim set defaults to subId=1
02-20 21:23:28.209  1914  1914 D SubscriptionController: [setDefaultDataSubId] num phones=1, subId=1
02-20 21:23:28.209  1914  1914 D SubscriptionController: [setDefaultDataSubId] phoneId=0 subId=1 RAF=1
02-20 21:23:28.209  1914  1914 D ProxyController: setRadioCapability: Already in requested configuration, nothing to do.
02-20 21:23:28.209  1914  1914 D SubscriptionController: [updateAllDataConnectionTrackers] sPhones.length=1
02-20 21:23:28.209  1914  1914 D SubscriptionController: [updateAllDataConnectionTrackers] phoneId=0
02-20 21:23:28.209  1914  1914 D DCT     : [0]update sub = 1
02-20 21:23:28.209  1914  1914 D DCT     : [0]update(): Active DDS, register for all events now!
02-20 21:23:28.209  1914  1914 D DCT     : [0]New records found.
02-20 21:23:28.209  1914  1914 D SST     : mDeviceShuttingDown=false, mDesiredPowerState=true, getRadioState=RADIO_ON, mPowerOffDelayNeed=true, mAlarmSwitch=false, mRadioDisabledByCarrier=false
02-20 21:23:28.209  1914  1914 D GsmCdmaPhone: [GsmCdmaPhone] updateCurrentCarrierInProvider: mSubId = 1 currentDds = 1 operatorNumeric = 310260
02-20 21:23:28.210  1914  2075 D RILJ    : [3736]> RIL_REQUEST_GET_CELL_INFO_LIST [SUB0]
02-20 21:23:28.211  1373  1475 D RIL     : onRequest: GET_CELL_INFO_LIST
02-20 21:23:28.211  1373  1475 D RILC    : responseCellInfoList: v12
02-20 21:23:28.212  1914  1981 D RILJ    : [3736]< RIL_REQUEST_GET_CELL_INFO_LIST [CellInfoGsm:{mRegistered=YES mTimeStampType=modem mTimeStamp=13459907534ns CellIdentityGsm:{ mMcc=310 mMnc=260 mLac=3 mCid=91 mArfcn=10 mBsic=0x0} CellSignalStrengthGsm: ss=766714296 ber=29704 mTa=768760956}] [SUB0]
02-20 21:23:28.220  1924  1975 D EGL_emulation: eglMakeCurrent: 0x7c569bbec6c0: ver 3 0 (tinfo 0x7c56a6060220)
02-20 21:23:28.236  1764  2091 E ActivityThread: Failed to find provider info for com.android.contacts
02-20 21:23:28.249  1914  1914 D SubscriptionController: [broadcastDefaultDataSubIdChanged] subId=1
02-20 21:23:28.264  1914  1914 D SubscriptionController: [setDefaultSmsSubId] subId=1
02-20 21:23:28.264  1914  1914 D SubscriptionController: [broadcastDefaultSmsSubIdChanged] subId=1
02-20 21:23:28.265  1914  1914 D SubscriptionController: [setDefaultVoiceSubId] subId=1
02-20 21:23:28.265  1914  1914 D SubscriptionController: [broadcastDefaultVoiceSubIdChanged] subId=1
02-20 21:23:28.266  1914  1914 D SubscriptionController: [addSubInfoRecord] hashmap(0,1)
02-20 21:23:28.299  1914  1914 D SubscriptionController: [addSubInfoRecord] sim name = Android
02-20 21:23:28.300  1914  1914 D DCT     : [0]update sub = 1
02-20 21:23:28.300  1914  1914 D DCT     : [0]update(): Active DDS, register for all events now!
02-20 21:23:28.300  1914  1914 D GsmCdmaPhone: [GsmCdmaPhone] updateCurrentCarrierInProvider: mSubId = 1 currentDds = 1 operatorNumeric = 310260
02-20 21:23:28.314  1914  1914 D SubscriptionController: [addSubInfoRecord]- info size=1
02-20 21:23:28.314  1914  1914 D SubscriptionInfoUpdater: newSim = false
02-20 21:23:28.314  1914  1914 D SubscriptionInfoUpdater: updateSubscriptionInfoByIccId: sInsertSimState[0] = 0
02-20 21:23:28.315  2057  2057 I GAv4    : Google Analytics 9.2.56 is starting up. To enable debug logging on a device run:
02-20 21:23:28.315  2057  2057 I GAv4    :   adb shell setprop log.tag.GAv4 DEBUG
02-20 21:23:28.315  2057  2057 I GAv4    :   adb logcat -s GAv4
02-20 21:23:28.320  1663  2092 I dvm_lock_sample: [system_server,1,Binder:1663_7,56,WindowManagerService.java,1887,WindowAnimator.java,144,11]
02-20 21:23:28.329  1914  1914 D SubscriptionInfoUpdater: updateSubscriptionInfoByIccId: nSubCount = 1
02-20 21:23:28.329  1914  1914 D SubscriptionController: [setDefaultDataSubId] num phones=1, subId=1
02-20 21:23:28.329  1914  1914 D SubscriptionController: [setDefaultDataSubId] phoneId=0 subId=1 RAF=1
02-20 21:23:28.329  1914  1914 D ProxyController: setRadioCapability: Already in requested configuration, nothing to do.
02-20 21:23:28.329  1914  1914 D SubscriptionController: [updateAllDataConnectionTrackers] sPhones.length=1
02-20 21:23:28.330  1914  1914 D SubscriptionController: [updateAllDataConnectionTrackers] phoneId=0
02-20 21:23:28.330  1914  1914 D DCT     : [0]update sub = 1
02-20 21:23:28.330  1914  1914 D DCT     : [0]update(): Active DDS, register for all events now!
02-20 21:23:28.330  1914  1914 D GsmCdmaPhone: [GsmCdmaPhone] updateCurrentCarrierInProvider: mSubId = 1 currentDds = 1 operatorNumeric = 310260
02-20 21:23:28.382  1914  1914 D SubscriptionController: [broadcastDefaultDataSubIdChanged] subId=1
02-20 21:23:28.384  1914  1914 D SubscriptionController: notifySubscriptionInfoChanged:
02-20 21:23:28.384  1914  1936 D SubscriptionMonitor: Phone[0] subId changed -2->1, 1 registrants
02-20 21:23:28.384  1663  1663 I GnssLocationProvider: WakeLock acquired by sendMessage(12, 0, null)
02-20 21:23:28.384  1914  1936 D SubscriptionMonitor: mDefaultDataSubId = 1, 1 registrants
02-20 21:23:28.385  1914  1914 D SubscriptionInfoUpdater: updateSubscriptionInfoByIccId:- SsubscriptionInfo update complete
02-20 21:23:28.385  1764  1764 D PhoneStatusBar: heads up is enabled
02-20 21:23:28.385  1914  1914 D MccTable: updateMccMncConfiguration mccmnc='310260' fromServiceState=false
02-20 21:23:28.385  1914  1914 D MccTable: updateMccMncConfiguration defaultMccMnc=310260
02-20 21:23:28.385  1914  1914 D MccTable: updateMccMncConfiguration: mcc=310, mnc=260
02-20 21:23:28.386  1914  1914 D MccTable: updateMccMncConfiguration updateConfig config={1.0 310mcc260mnc ?localeList ?layoutDir ?swdp ?wdp ?hdp ?density ?lsize ?long ?orien ?uimode ?night ?touch ?keyb/?/? ?nav/?}
02-20 21:23:28.396  1663  1690 W GnssLocationProvider: Could not open GPS configuration file /etc/gps.conf
02-20 21:23:28.396  1663  1690 E GnssLocationProvider: no AGPS interface in set_agps_server
02-20 21:23:28.397  1663  1690 I GnssLocationProvider: WakeLock released by handleMessage(12, 0, null)
02-20 21:23:28.483  1312  1324 D gralloc_ranchu: gralloc_alloc: Creating ashmem region of size 15945728
02-20 21:23:28.484  1663  1958 I dvm_lock_sample: [system_server,1,Binder:1663_5,92,UserController.java,1438,ActivityManagerService.java,18937,18]
02-20 21:23:28.485  1914  1914 D SubscriptionController: [setMccMnc]+ mcc/mnc:310/260 subId:1
02-20 21:23:28.506  1914  1914 D SubscriptionController: notifySubscriptionInfoChanged:
02-20 21:23:28.507  1663  1663 I GnssLocationProvider: WakeLock acquired by sendMessage(12, 0, null)
02-20 21:23:28.519  1914  1914 D SubscriptionController: [getActiveSubscriptionInfo]+ subId=1 subInfo={id=1, iccId=89014103211118510720 simSlotIndex=0 displayName=Android carrierName=Android nameSource=0 iconTint=-16746133 dataRoaming=0 iconBitmap=android.graphics.Bitmap@2838dec mcc 310 mnc 260}
02-20 21:23:28.519  1914  1914 D SubscriptionInfoUpdater: sim name = Android
02-20 21:23:28.528  1663  1690 W GnssLocationProvider: Could not open GPS configuration file /etc/gps.conf
02-20 21:23:28.529  1663  1690 E GnssLocationProvider: no AGPS interface in set_agps_server
02-20 21:23:28.531  1914  1914 D SubscriptionInfoUpdater: Broadcasting intent ACTION_SIM_STATE_CHANGED LOADED reason null for mCardIndex: 0
02-20 21:23:28.532  1663  1663 D WifiService: resetting networks because SIM was loaded
02-20 21:23:28.532  1663  1734 D WifiStateMachine: resetting EAP-SIM/AKA/AKA' networks since SIM was changed
02-20 21:23:28.532  1914  1914 D CarrierConfigLoader: update config for phoneId: 0 simState: LOADED
02-20 21:23:28.532  1914  1914 D CarrierSvcBindHelper: update binding for phoneId: 0 simState: LOADED
02-20 21:23:28.537  1663  1690 I GnssLocationProvider: WakeLock released by handleMessage(12, 0, null)
02-20 21:23:28.543  1663  2092 I force_gc: Binder
02-20 21:23:28.544  2057  2103 W GAv4    : AnalyticsReceiver is not registered or is disabled. Register the receiver for reliable dispatching on non-Google Play devices. See http://goo.gl/8Rd3yj for instructions.
02-20 21:23:28.545  2057  2103 W GAv4    : CampaignTrackingReceiver is not registered, not exported or is disabled. Installation campaign tracking is not possible. See http://goo.gl/8Rd3yj for instructions.
02-20 21:23:28.545  2057  2103 W GAv4    : AnalyticsService not registered in the app manifest. Hits might not be delivered reliably. See http://goo.gl/8Rd3yj for instructions.
02-20 21:23:28.562  1914  1914 D SubscriptionController: [getActiveSubscriptionInfo]+ subId=1 subInfo={id=1, iccId=89014103211118510720 simSlotIndex=0 displayName=Android carrierName=Android nameSource=0 iconTint=-16746133 dataRoaming=0 iconBitmap=android.graphics.Bitmap@67ccfbb mcc 310 mnc 260}
02-20 21:23:28.572  1663  1958 I Telecom : PhoneAccountRegistrar: [ComponentInfo{com.android.phone/com.android.services.telephony.TelephonyConnectionService}, [e0184adedf913b076626646d3f52c3b49c39ad6d], UserHandle{0}(icon: Icon(typ=BITMAP size=76x96) -> Icon(typ=BITMAP size=76x96))]: TSI.rPA@ABE
02-20 21:23:28.574  1663  1958 I Telecom : : Sending phone-account registered intent as user: TSI.rPA@ABE
02-20 21:23:28.575  1914  1914 D DCT     : [0]onRecordsLoadedOrSubIdChanged: createAllApnList
02-20 21:23:28.575  1914  1914 D DCT     : [0]createAllApnList: selection=numeric = '310260'
02-20 21:23:28.577  1914  1914 D DCT     : [0]createApnList: X result=[[ApnSettingV3] T-Mobile US, 1, 310260, epc.tmobile.com, , http://mms.msg.eng.t-mobile.com/mms/wapenc, , , , -1, *, IP, IP, true, 0, 0, 0, false, 0, 0, 0, 0, , , false]
02-20 21:23:28.578  1914  1914 D TelephonyProvider: subIdString = 1 subId = 1
02-20 21:23:28.592  1663  1690 W GnssLocationProvider: Could not open GPS configuration file /etc/gps.conf
02-20 21:23:28.592  1663  1690 E GnssLocationProvider: no AGPS interface in set_agps_server
02-20 21:23:28.599  1914  1914 D DCT     : [0]getPreferredApn: mRequestedApnType=default cursor=android.content.ContentResolver$CursorWrapperInner@12e12a2 cursor.count=1
02-20 21:23:28.599  1914  1914 D DCT     : [0]getPreferredApn: apnSetting=[ApnSettingV3] T-Mobile US, 1, 310260, epc.tmobile.com, , http://mms.msg.eng.t-mobile.com/mms/wapenc, , , , -1, *, IP, IP, true, 0, 0, 0, false, 0, 0, 0, 0, , , false
02-20 21:23:28.599  1914  1914 D DCT     : [0]getPreferredApn: X found apnSetting[ApnSettingV3] T-Mobile US, 1, 310260, epc.tmobile.com, , http://mms.msg.eng.t-mobile.com/mms/wapenc, , , , -1, *, IP, IP, true, 0, 0, 0, false, 0, 0, 0, 0, , , false
02-20 21:23:28.611  1914  1914 D DCT     : [0]createAllApnList: mPreferredApn=[ApnSettingV3] T-Mobile US, 1, 310260, epc.tmobile.com, , http://mms.msg.eng.t-mobile.com/mms/wapenc, , , , -1, *, IP, IP, true, 0, 0, 0, false, 0, 0, 0, 0, , , false
02-20 21:23:28.611  1914  1914 D DCT     : [0]createAllApnList: X mAllApnSettings=[[ApnSettingV3] T-Mobile US, 1, 310260, epc.tmobile.com, , http://mms.msg.eng.t-mobile.com/mms/wapenc, , , , -1, *, IP, IP, true, 0, 0, 0, false, 0, 0, 0, 0, , , false]
02-20 21:23:28.611  1914  1914 D DCT     : [0]setDataProfilesAsNeeded
02-20 21:23:28.611  1914  1914 D DCT     : [0]setInitialApn: E mPreferredApn=[ApnSettingV3] T-Mobile US, 1, 310260, epc.tmobile.com, , http://mms.msg.eng.t-mobile.com/mms/wapenc, , , , -1, *, IP, IP, true, 0, 0, 0, false, 0, 0, 0, 0, , , false
02-20 21:23:28.611  1914  1914 D DCT     : [0]setInitialApn: firstApnSetting=[ApnSettingV3] T-Mobile US, 1, 310260, epc.tmobile.com, , http://mms.msg.eng.t-mobile.com/mms/wapenc, , , , -1, *, IP, IP, true, 0, 0, 0, false, 0, 0, 0, 0, , , false
02-20 21:23:28.611  1914  1914 D DCT     : [0]setInitialApn: defaultApnSetting=[ApnSettingV3] T-Mobile US, 1, 310260, epc.tmobile.com, , http://mms.msg.eng.t-mobile.com/mms/wapenc, , , , -1, *, IP, IP, true, 0, 0, 0, false, 0, 0, 0, 0, , , false
02-20 21:23:28.611  1914  1914 D DCT     : [0]setInitialAttachApn: using mPreferredApn
02-20 21:23:28.611  1914  1914 D DCT     : [0]setInitialAttachApn: X selected Apn=[ApnSettingV3] T-Mobile US, 1, 310260, epc.tmobile.com, , http://mms.msg.eng.t-mobile.com/mms/wapenc, , , , -1, *, IP, IP, true, 0, 0, 0, false, 0, 0, 0, 0, , , false
02-20 21:23:28.611  1914  1914 D RILJ    : Set RIL_REQUEST_SET_INITIAL_ATTACH_APN [SUB0]
02-20 21:23:28.611  1914  1914 D RILJ    : [3737]> RIL_REQUEST_SET_INITIAL_ATTACH_APN, apn:epc.tmobile.com, protocol:IP, authType:-1, username:none, password:none [SUB0]
02-20 21:23:28.638  1373  1475 D RIL     : onRequest: RIL_REQUEST_SET_INITIAL_ATTACH_APN
02-20 21:23:28.638  1373  1475 D RIL     : Request not supported. Tech: 1
02-20 21:23:28.638  1914  1981 D RilRequest: [3737]< RIL_REQUEST_SET_INITIAL_ATTACH_APN error: com.android.internal.telephony.CommandException: REQUEST_NOT_SUPPORTED ret=
02-20 21:23:28.651  1914  1914 D DCT     : [0]onRecordsLoadedOrSubIdChanged: notifying data availability
02-20 21:23:28.657  1663  1688 D TelephonyRegistry: Notify data connection state changed on sub: 1
02-20 21:23:28.657  1663  1688 D TelephonyRegistry: Notify data connection state changed on sub: 1
02-20 21:23:28.748  1914  1914 D DCT     : [0]setupDataOnConnectableApns: simLoaded hipri:[state=IDLE,enabled=false] mms:[state=IDLE,enabled=false] supl:[state=IDLE,enabled=false] ia:[state=IDLE,enabled=false] fota:[state=IDLE,enabled=false] ims:[state=IDLE,enabled=false] cbs:[state=IDLE,enabled=false] default:[state=IDLE,enabled=false] emergency:[state=IDLE,enabled=false] 
02-20 21:23:28.806  1914  1914 I Telephony: PstnIncomingCallNotifier: Unregistering: Handler (com.android.internal.telephony.GsmCdmaPhone) {edc5bf5}
02-20 21:23:28.812  1663  1692 V KeyguardServiceDelegate: *** Keyguard connected (yay!)
02-20 21:23:28.813  1764  1764 I Choreographer: Skipped 61 frames!  The application may be doing too much work on its main thread.
02-20 21:23:28.814  1312  1724 I SurfaceFlinger: Boot is finished (12281 ms)
02-20 21:23:28.815  1312  1724 I sf_stop_bootanim: 14063
02-20 21:23:28.821  2057  2057 I AlarmClock: AlarmInitReceiver android.intent.action.TIME_SET
02-20 21:23:28.824  1914  1914 D SubscriptionController: [getActiveSubscriptionInfo]+ subId=1 subInfo={id=1, iccId=89014103211118510720 simSlotIndex=0 displayName=Android carrierName=Android nameSource=0 iconTint=-16746133 dataRoaming=0 iconBitmap=android.graphics.Bitmap@17eb6ee mcc 310 mnc 260}
02-20 21:23:28.827  1663  1790 I Telecom : PhoneAccountRegistrar: New phone account registered: [[ ] PhoneAccount: ComponentInfo{com.android.phone/com.android.services.telephony.TelephonyConnectionService}, [e2f7d48dd2b5ca523e7313cf4ba0f6ea830b6281], UserHandle{0} Capabilities: CallProvider MultiUser PlaceEmerg SimSub  Schemes: tel voicemail  Extras: null GroupId: [da39a3ee5e6b4b0d3255bfef95601890afd80709]]: TSI.rPA@ABI
02-20 21:23:28.829  1663  1790 I Telecom : : Sending phone-account registered intent as user: TSI.rPA@ABI
02-20 21:23:28.829  1764  1764 D ViewRootImpl[StatusBar]: changeCanvasOpacity: opaque=true
02-20 21:23:28.830  1914  1914 I Telephony: AccountEntry: Registered phoneAccount: [[ ] PhoneAccount: ComponentInfo{com.android.phone/com.android.services.telephony.TelephonyConnectionService}, [e2f7d48dd2b5ca523e7313cf4ba0f6ea830b6281], UserHandle{0} Capabilities: CallProvider MultiUser PlaceEmerg SimSub  Schemes: tel voicemail  Extras: null GroupId: [da39a3ee5e6b4b0d3255bfef95601890afd80709]] with handle: ComponentInfo{com.android.phone/com.android.services.telephony.TelephonyConnectionService}, [e2f7d48dd2b5ca523e7313cf4ba0f6ea830b6281], UserHandle{0}
02-20 21:23:28.830  1914  1914 I Telephony: PstnIncomingCallNotifier: Registering: Handler (com.android.internal.telephony.GsmCdmaPhone) {edc5bf5}
02-20 21:23:28.831  1914  1914 I Telephony: TelecomAccountRegistry: Unregistering phone account ComponentInfo{com.android.phone/com.android.services.telephony.TelephonyConnectionService}, [e0184adedf913b076626646d3f52c3b49c39ad6d], UserHandle{0}.
02-20 21:23:28.833  1663  1789 I Telecom : : Sending phone-account unregistered intent as user: TSI.uPA@ABQ
02-20 21:23:28.839  1914  2075 D SST     : SST.getAllCellInfo(): return last, back to back calls
02-20 21:23:28.841  1914  2105 D SST     : SST.getAllCellInfo(): return last, back to back calls
02-20 21:23:28.841  1914  2105 D SST     : SST.getAllCellInfo(): return last, back to back calls
02-20 21:23:28.847  1914  1914 D SST     : SubscriptionListener.onSubscriptionInfoChanged
02-20 21:23:28.848  1914  1914 D PhoneFactory: calculatePreferredNetworkType: phoneSubId = 1 networkType = 0
02-20 21:23:28.848  1914  1914 D Phone   : setPreferredNetworkType: Abort, unknown RAF: 1 101902
02-20 21:23:28.848  1914  1914 D Phone   : setNetworkSelectionModeAutomatic, querying current mode
02-20 21:23:28.848  1914  1914 D RILJ    : [3738]> QUERY_NETWORK_SELECTION_MODE [SUB0]
02-20 21:23:28.849  1373  1475 D RIL     : onRequest: QUERY_NETWORK_SELECTION_MODE
02-20 21:23:28.849  1373  1475 D AT      : AT> AT+COPS?
02-20 21:23:28.849  1914  1914 D TelephonyManager: setTelephonyProperty: success phoneId=0 property=gsm.network.type value: LTE propVal=LTE
02-20 21:23:28.849  1914  1914 D SubscriptionController: [setCarrierText]+ text:Android subId:1
02-20 21:23:28.851  1373  1479 D AT      : AT< +COPS: 0,2,310260
02-20 21:23:28.851  1373  1479 D AT      : AT< OK
02-20 21:23:28.852  1914  1981 D RILJ    : [3738]< QUERY_NETWORK_SELECTION_MODE {0} [SUB0]
02-20 21:23:28.857  1914  1914 D SubscriptionController: notifySubscriptionInfoChanged:
02-20 21:23:28.858  1663  1663 I GnssLocationProvider: WakeLock acquired by sendMessage(12, 0, null)
02-20 21:23:28.859  1914  1914 D SIMRecords: [SIMRecords] getServiceProviderName: no brandOverride, providerName=Android
02-20 21:23:28.859  1914  1914 D SIMRecords: [SIMRecords] getServiceProviderName: no brandOverride, providerName=Android
02-20 21:23:28.859  1914  1914 D SST     : updateSpnDisplay: changed sending intent rule=1 showPlmn='false' plmn='Android' showSpn='true' spn='Android' dataSpn='Android' subId='1'
02-20 21:23:28.860  1914  1914 D SubscriptionController: [setCarrierText]+ text:Android subId:1
02-20 21:23:28.877  1914  1914 D SubscriptionController: notifySubscriptionInfoChanged:
02-20 21:23:28.877  1663  1663 I GnssLocationProvider: WakeLock acquired by sendMessage(12, 0, null)
02-20 21:23:28.879  1914  1914 D SIMRecords: [SIMRecords]  VoiceMessageCount from SIM MWIS = 0
02-20 21:23:28.879  1914  1914 D Phone   : getStoredVoiceMessageCount: from preference for subId 1= 0
02-20 21:23:28.879  1914  1914 D GsmCdmaPhone: [GsmCdmaPhone] updateVoiceMail countVoiceMessages = 0 subId 1
02-20 21:23:28.879  1914  1914 D Phone   : setVoiceMessageCount: Storing Voice Mail Count = 0 for mVmCountKey = vm_count_key1 in preferences.
02-20 21:23:28.881  1914  1914 D DCT     : [0]SubscriptionListener.onSubscriptionInfoChanged
02-20 21:23:28.152     0     0 I init    : Service 'bootanim' (pid 1332) exited with status 0
02-20 21:23:28.153     0     0 I init    : Starting service 'exec 6 (/system/bin/bootstat)'...
02-20 21:23:28.884  1914  1914 D DCT     : [0]onRecordsLoadedOrSubIdChanged: createAllApnList
02-20 21:23:28.884  1914  1914 D DCT     : [0]createAllApnList: selection=numeric = '310260'
02-20 21:23:28.888  1914  1914 D DCT     : [0]createApnList: X result=[[ApnSettingV3] T-Mobile US, 1, 310260, epc.tmobile.com, , http://mms.msg.eng.t-mobile.com/mms/wapenc, , , , -1, *, IP, IP, true, 0, 0, 0, false, 0, 0, 0, 0, , , false]
02-20 21:23:28.891  1914  1914 D TelephonyProvider: subIdString = 1 subId = 1
02-20 21:23:28.892  1914  1914 D DCT     : [0]getPreferredApn: mRequestedApnType=default cursor=android.content.ContentResolver$CursorWrapperInner@8ddc0b4 cursor.count=1
02-20 21:23:28.892  1914  1914 D DCT     : [0]getPreferredApn: apnSetting=[ApnSettingV3] T-Mobile US, 1, 310260, epc.tmobile.com, , http://mms.msg.eng.t-mobile.com/mms/wapenc, , , , -1, *, IP, IP, true, 0, 0, 0, false, 0, 0, 0, 0, , , false
02-20 21:23:28.892  1914  1914 D DCT     : [0]getPreferredApn: X found apnSetting[ApnSettingV3] T-Mobile US, 1, 310260, epc.tmobile.com, , http://mms.msg.eng.t-mobile.com/mms/wapenc, , , , -1, *, IP, IP, true, 0, 0, 0, false, 0, 0, 0, 0, , , false
02-20 21:23:28.892  1914  1914 D DCT     : [0]createAllApnList: mPreferredApn=[ApnSettingV3] T-Mobile US, 1, 310260, epc.tmobile.com, , http://mms.msg.eng.t-mobile.com/mms/wapenc, , , , -1, *, IP, IP, true, 0, 0, 0, false, 0, 0, 0, 0, , , false
02-20 21:23:28.892  1914  1914 D DCT     : [0]createAllApnList: X mAllApnSettings=[[ApnSettingV3] T-Mobile US, 1, 310260, epc.tmobile.com, , http://mms.msg.eng.t-mobile.com/mms/wapenc, , , , -1, *, IP, IP, true, 0, 0, 0, false, 0, 0, 0, 0, , , false]
02-20 21:23:28.892  1914  1914 D DCT     : [0]setDataProfilesAsNeeded
02-20 21:23:28.892  1914  1914 D DCT     : [0]setInitialApn: E mPreferredApn=[ApnSettingV3] T-Mobile US, 1, 310260, epc.tmobile.com, , http://mms.msg.eng.t-mobile.com/mms/wapenc, , , , -1, *, IP, IP, true, 0, 0, 0, false, 0, 0, 0, 0, , , false
02-20 21:23:28.892  1914  1914 D DCT     : [0]setInitialApn: firstApnSetting=[ApnSettingV3] T-Mobile US, 1, 310260, epc.tmobile.com, , http://mms.msg.eng.t-mobile.com/mms/wapenc, , , , -1, *, IP, IP, true, 0, 0, 0, false, 0, 0, 0, 0, , , false
02-20 21:23:28.892  1914  1914 D DCT     : [0]setInitialApn: defaultApnSetting=[ApnSettingV3] T-Mobile US, 1, 310260, epc.tmobile.com, , http://mms.msg.eng.t-mobile.com/mms/wapenc, , , , -1, *, IP, IP, true, 0, 0, 0, false, 0, 0, 0, 0, , , false
02-20 21:23:28.892  1914  1914 D DCT     : [0]setInitialAttachApn: using mPreferredApn
02-20 21:23:28.892  1914  1914 D DCT     : [0]setInitialAttachApn: X selected Apn=[ApnSettingV3] T-Mobile US, 1, 310260, epc.tmobile.com, , http://mms.msg.eng.t-mobile.com/mms/wapenc, , , , -1, *, IP, IP, true, 0, 0, 0, false, 0, 0, 0, 0, , , false
02-20 21:23:28.892  1914  1914 D RILJ    : Set RIL_REQUEST_SET_INITIAL_ATTACH_APN [SUB0]
02-20 21:23:28.892  1914  1914 D RILJ    : [3739]> RIL_REQUEST_SET_INITIAL_ATTACH_APN, apn:epc.tmobile.com, protocol:IP, authType:-1, username:none, password:none [SUB0]
02-20 21:23:28.893  1914  1914 D DCT     : [0]onRecordsLoadedOrSubIdChanged: notifying data availability
02-20 21:23:28.893  1373  1475 D RIL     : onRequest: RIL_REQUEST_SET_INITIAL_ATTACH_APN
02-20 21:23:28.893  1373  1475 D RIL     : Request not supported. Tech: 1
