02-20 21:24:33.989  1267  1302 V vold    : 
02-20 21:24:33.989  1654  1727 D VoldConnector: RCV <- {650 public:253,64 0 "disk:253,64" ""}
02-20 21:24:33.990  1654  1727 D VoldConnector: RCV <- {651 public:253,64 0}
02-20 21:24:33.990  1654  1727 D VoldConnector: RCV <- {643 disk:253,64}
02-20 21:24:33.990  1654  1727 D VoldConnector: RCV <- {200 3 Command succeeded}
02-20 21:24:33.990  1654  1726 D VoldConnector: SND -> {4 volume user_added 0 0}
02-20 21:24:33.991  1654  1727 D VoldConnector: RCV <- {200 4 Command succeeded}
02-20 21:24:34.006  1769  1769 W System  : ClassLoader referenced unknown path: /system/priv-app/SystemUIGoogle/lib/x86_64
02-20 21:24:34.017  1654  1654 W ActivityManager: Slow operation: 68ms so far, now at startProcess: returned from zygote!
02-20 21:24:34.017  1654  1654 W ActivityManager: Slow operation: 68ms so far, now at startProcess: done updating battery stats
02-20 21:24:34.017  1654  1654 I am_proc_start: [0,1791,1037,WebViewLoader-x86,,]
02-20 21:24:34.017  1654  1654 W ActivityManager: Slow operation: 68ms so far, now at startProcess: building log message
02-20 21:24:34.017  1654  1654 I ActivityManager: Start proc 1791:WebViewLoader-x86/1037 [android.webkit.WebViewFactory$RelroFileCreator] for 
02-20 21:24:34.017  1654  1654 W ActivityManager: Slow operation: 68ms so far, now at startProcess: starting to update pids map
02-20 21:24:34.017  1654  1654 W ActivityManager: Slow operation: 68ms so far, now at startProcess: done updating pids map
02-20 21:24:34.017  1654  1654 W ActivityManager: Slow operation: 68ms so far, now at startProcess: done starting proc!
02-20 21:24:34.031  1797  1797 W art     : Unexpected CPU variant for X86 using defaults: x86_64
02-20 21:24:34.033  1654  1654 I am_proc_start: [0,1797,1037,WebViewLoader-x86_64,,]
02-20 21:24:34.033  1654  1654 I ActivityManager: Start proc 1797:WebViewLoader-x86_64/1037 [android.webkit.WebViewFactory$RelroFileCreator] for 
02-20 21:24:34.033  1654  1726 D VoldConnector: SND -> {5 volume mount emulated 3 -1}
02-20 21:24:34.035  1267  1302 V vold    : Waiting for FUSE to spin up...
02-20 21:24:34.035  1654  1727 D VoldConnector: RCV <- {651 emulated 1}
02-20 21:24:34.035  1654  1727 D VoldConnector: RCV <- {656 emulated /data/media}
02-20 21:24:34.035  1654  1727 D VoldConnector: RCV <- {655 emulated /storage/emulated}
02-20 21:24:34.040  1791  1791 W art     : Unexpected CPU variant for X86 using defaults: x86
02-20 21:24:34.040     0     0 D ieee80211 phy1: hw scan 2427 MHz
02-20 21:24:34.054  1654  1654 D NetworkManagement: enabling bandwidth control
02-20 21:24:34.054  1654  1789 E WVMExtractor: Failed to open libwvm.so: dlopen failed: library "libwvm.so" not found
02-20 21:24:34.058  1803  1803 W sdcard  : Device explicitly disabled sdcardfs
02-20 21:24:34.074  1797  1797 V WebViewFactory: RelroFileCreator (64bit = true),  32-bit lib: /system/app/Chrome/Chrome.apk!/lib/x86/libmonochrome.so, 64-bit lib: /system/app/Chrome/Chrome.apk!/lib/x86_64/libmonochrome.so
02-20 21:24:34.075     0     0 D SELinux : initialized (dev fuse, type fuse), uses genfs_contexts
02-20 21:24:34.078     0     0 D SELinux : initialized (dev fuse, type fuse), uses genfs_contexts
02-20 21:24:34.079     0     0 D SELinux : initialized (dev fuse, type fuse), uses genfs_contexts
02-20 21:24:34.086  1654  1727 D VoldConnector: RCV <- {651 emulated 2}
02-20 21:24:34.087  1654  1727 D VoldConnector: RCV <- {200 5 Command succeeded}
02-20 21:24:34.087  1654  1726 D VoldConnector: SND -> {6 volume mount public:253,64 2 0}
02-20 21:24:34.087  1267  1302 V vold    : /system/bin/blkid
02-20 21:24:34.087  1267  1302 V vold    :     -c
02-20 21:24:34.087  1267  1302 V vold    :     /dev/null
02-20 21:24:34.087  1267  1302 V vold    :     -s
02-20 21:24:34.087  1267  1302 V vold    :     TYPE
02-20 21:24:34.087  1267  1302 V vold    :     -s
02-20 21:24:34.087  1267  1302 V vold    :     UUID
02-20 21:24:34.087  1267  1302 V vold    :     -s
02-20 21:24:34.087  1267  1302 V vold    :     LABEL
02-20 21:24:34.087  1267  1302 V vold    :     /dev/block/vold/public:253,64
02-20 21:24:34.088  1654  1727 D VoldConnector: RCV <- {651 public:253,64 1}
02-20 21:24:34.109  1372  1372 I MediaPlayerService: MediaPlayerService::getOMX
02-20 21:24:34.110  1372  1372 I OMXClient: MuxOMX ctor
02-20 21:24:34.111  1791  1791 V WebViewFactory: RelroFileCreator (64bit = false),  32-bit lib: /system/app/Chrome/Chrome.apk!/lib/x86/libmonochrome.so, 64-bit lib: /system/app/Chrome/Chrome.apk!/lib/x86_64/libmonochrome.so
02-20 21:24:34.112  1372  1372 I MediaPlayerService: MediaPlayerService::getOMX
02-20 21:24:34.112  1372  1372 I OMXClient: MuxOMX ctor
02-20 21:24:34.112  1369  1369 I OMXMaster: makeComponentInstance(OMX.google.mp3.decoder) in mediacodec process
02-20 21:24:34.112  1267  1302 V vold    : /dev/block/vold/public:253,64: LABEL="SDCARD" UUID="1E12-0B12" TYPE="vfat" 
02-20 21:24:34.112  1267  1302 V vold    : 
02-20 21:24:34.112  1267  1302 V vold    : /system/bin/fsck_msdos
02-20 21:24:34.112  1267  1302 V vold    :     -p
02-20 21:24:34.112  1267  1302 V vold    :     -f
02-20 21:24:34.112  1267  1302 V vold    :     /dev/block/vold/public:253,64
02-20 21:24:34.113  1654  1727 D VoldConnector: RCV <- {652 public:253,64 vfat}
02-20 21:24:34.113  1654  1727 D VoldConnector: RCV <- {653 public:253,64 1E12-0B12}
02-20 21:24:34.113  1654  1727 D VoldConnector: RCV <- {654 public:253,64 SDCARD}
02-20 21:24:34.167  1769  1769 V SystemUIService: Starting SystemUI services for user 0.
02-20 21:24:34.160     0     0 D ieee80211 phy1: hw scan 2432 MHz
02-20 21:24:34.179  1267  1302 I fsck_msdos: ** /dev/block/vold/public:253,64
02-20 21:24:34.180  1267  1302 I fsck_msdos: ** Phase 1 - Read and Compare FATs
02-20 21:24:34.180  1267  1302 I fsck_msdos: Attempting to allocate 1022 KB for FAT
02-20 21:24:34.212  1769  1769 V MediaRouter: Adding route: RouteInfo{ name=Phone, description=null, status=null, category=RouteCategory{ name=null types=ROUTE_TYPE_LIVE_AUDIO ROUTE_TYPE_LIVE_VIDEO  groupable=false }, supportedTypes=ROUTE_TYPE_LIVE_AUDIO ROUTE_TYPE_LIVE_VIDEO , presentationDisplay=null }
02-20 21:24:34.225  1769  1769 V MediaRouter: Updating audio routes: AudioRoutesInfo{ type=SPEAKER }
02-20 21:24:34.228  1769  1769 V MediaRouter: Selecting route: RouteInfo{ name=Phone, description=null, status=null, category=RouteCategory{ name=null types=ROUTE_TYPE_LIVE_AUDIO ROUTE_TYPE_LIVE_VIDEO  groupable=false }, supportedTypes=ROUTE_TYPE_LIVE_AUDIO ROUTE_TYPE_LIVE_VIDEO , presentationDisplay=null }
02-20 21:24:34.230  1755  1755 I LatinIME: Hardware accelerated drawing: true
02-20 21:24:34.232  1372  1372 I MediaPlayerService: MediaPlayerService::getOMX
02-20 21:24:34.232  1372  1372 I OMXClient: MuxOMX ctor
02-20 21:24:34.232  1369  1837 I OMXMaster: makeComponentInstance(OMX.google.amrnb.decoder) in mediacodec process
02-20 21:24:34.252  1654  1782 D TelephonyRegistry: listen oscl: hasNotifySubscriptionInfoChangedOccurred==false no callback
02-20 21:24:34.280  1372  1372 I MediaPlayerService: MediaPlayerService::getOMX
02-20 21:24:34.281  1372  1372 I OMXClient: MuxOMX ctor
02-20 21:24:34.281  1369  1369 I OMXMaster: makeComponentInstance(OMX.google.amrwb.decoder) in mediacodec process
02-20 21:24:34.289  1654  1734 D WifiController: DEFERRED_TOGGLE handled
02-20 21:24:34.280     0     0 D ieee80211 phy1: hw scan 2437 MHz
02-20 21:24:34.298  1372  1372 I MediaPlayerService: MediaPlayerService::getOMX
02-20 21:24:34.298  1372  1372 I OMXClient: MuxOMX ctor
02-20 21:24:34.298  1369  1837 I OMXMaster: makeComponentInstance(OMX.google.aac.decoder) in mediacodec process
02-20 21:24:34.301  1267  1302 I fsck_msdos: Attempting to allocate 1022 KB for FAT
02-20 21:24:34.326  1373  1686 D SoftapController: Softap fwReload - Ok
02-20 21:24:34.344  1372  1372 I MediaPlayerService: MediaPlayerService::getOMX
02-20 21:24:34.351  1372  1372 I OMXClient: MuxOMX ctor
02-20 21:24:34.351  1369  1369 I OMXMaster: makeComponentInstance(OMX.google.g711.alaw.decoder) in mediacodec process
02-20 21:24:34.370  1769  1849 E WVMExtractor: Failed to open libwvm.so: dlopen failed: library "libwvm.so" not found
02-20 21:24:34.412     0     0 D ieee80211 phy1: hw scan 2442 MHz
02-20 21:24:34.424  1791  1791 I art     : System.exit called, status: 0
02-20 21:24:34.424  1791  1791 I AndroidRuntime: VM exiting with result code 0, cleanup skipped.
02-20 21:24:34.446  1267  1302 I fsck_msdos: ** Phase 2 - Check Cluster Chains
02-20 21:24:34.451  1755  1755 W InputAttributes: No editor info for this field. Bug?
02-20 21:24:34.454  1267  1302 I fsck_msdos: ** Phase 3 - Checking Directories
02-20 21:24:34.454  1267  1302 I fsck_msdos: ** Phase 4 - Checking for Lost Files
02-20 21:24:34.461  1267  1302 I fsck_msdos: 27 files, 522176 free (261088 clusters)
02-20 21:24:34.462  1372  1372 I MediaPlayerService: MediaPlayerService::getOMX
02-20 21:24:34.462  1372  1372 I OMXClient: MuxOMX ctor
02-20 21:24:34.462  1369  1369 I OMXMaster: makeComponentInstance(OMX.google.g711.mlaw.decoder) in mediacodec process
02-20 21:24:34.485     0     0 W FAT-fs (vde): Volume was not properly unmounted. Some data may be corrupt. Please run fsck.
02-20 21:24:34.516     0     0 D SELinux : initialized (dev vde, type vfat), uses genfs_contexts
02-20 21:24:34.530     0     0 D ieee80211 phy1: hw scan 2447 MHz
02-20 21:24:34.533     0     0 D SELinux : initialized (dev fuse, type fuse), uses genfs_contexts
02-20 21:24:34.551     0     0 D SELinux : initialized (dev fuse, type fuse), uses genfs_contexts
02-20 21:24:34.563     0     0 D SELinux : initialized (dev fuse, type fuse), uses genfs_contexts
02-20 21:24:34.564     0     0 I init    : Starting service 'wpa_supplicant'...
02-20 21:24:34.480  1267  1302 I Vold    : Filesystem check completed OK
02-20 21:24:34.480  1654  1727 D VoldConnector: RCV <- {656 public:253,64 /mnt/media_rw/1E12-0B12}
02-20 21:24:34.480  1654  1727 D VoldConnector: RCV <- {655 public:253,64 /storage/1E12-0B12}
02-20 21:24:34.508  1797  1797 I art     : System.exit called, status: 0
02-20 21:24:34.508  1797  1797 I AndroidRuntime: VM exiting with result code 0, cleanup skipped.
02-20 21:24:34.517  1267  1302 V vold    : Waiting for FUSE to spin up...
02-20 21:24:34.520  1372  1372 I MediaPlayerService: MediaPlayerService::getOMX
02-20 21:24:34.520  1372  1372 I OMXClient: MuxOMX ctor
02-20 21:24:34.520  1369  1369 I OMXMaster: makeComponentInstance(OMX.google.vorbis.decoder) in mediacodec process
02-20 21:24:34.522  1755  1868 I LatinIME:LogUtils: Dictionary info: dictionary = userunigram.en_US ; version = 1519161874 ; date = ?
02-20 21:24:34.523  1869  1869 W sdcard  : Device explicitly disabled sdcardfs
02-20 21:24:34.529  1755  1868 E ActivityThread: Failed to find provider info for user_dictionary
02-20 21:24:34.530  1755  1868 I LatinIME:LogUtils: Dictionary info: dictionary = UserHistoryDictionary.en_US ; version = 1519161874 ; date = ?
02-20 21:24:34.548  1372  1372 I MediaPlayerService: MediaPlayerService::getOMX
02-20 21:24:34.548  1372  1372 I OMXClient: MuxOMX ctor
02-20 21:24:34.548  1369  1369 I OMXMaster: makeComponentInstance(OMX.google.opus.decoder) in mediacodec process
02-20 21:24:34.551  1654  1654 W NetworkManagement: setDataSaverMode(): already false
02-20 21:24:34.552  1373  1686 D CommandListener: Setting iface cfg
02-20 21:24:34.552  1373  1686 D CommandListener: Trying to bring down wlan0
02-20 21:24:34.553  1373  1686 D CommandListener: Clearing all IP addresses on wlan0
02-20 21:24:34.559  1654  1735 E WifiMonitor: killSupplicant p2pfalse init.svc.wpa_supplicant=unknown init.svc.p2p_supplicant=unknown
02-20 21:24:34.563  1654  1735 E wifi    : Can not initialize the vendor function pointer table
02-20 21:24:34.563  1654  1735 E WifiNative-HAL: Could not start hal
02-20 21:24:34.563  1654  1735 E WifiStateMachine: Failed to start HAL
02-20 21:24:34.565  1654  1735 D WifiMonitor: startMonitoring(wlan0) with mConnected = false
02-20 21:24:34.565  1654  1735 E WifiHW  : Unable to open connection to supplicant on "@android:wpa_wlan0": No such file or directory
02-20 21:24:34.567  1769  1769 I vol.Events: writeEvent collection_started
02-20 21:24:34.569  1654  1727 D VoldConnector: RCV <- {651 public:253,64 2}
02-20 21:24:34.576  1654  1727 D VoldConnector: RCV <- {200 6 Command succeeded}
02-20 21:24:34.583  1769  1880 I sysui_action: [213,2]
02-20 21:24:34.583  1769  1880 I vol.Events: writeEvent external_ringer_mode_changed normal
02-20 21:24:34.583  1769  1880 I vol.Events: writeEvent internal_ringer_mode_changed normal
02-20 21:24:34.614  1372  1372 I MediaPlayerService: MediaPlayerService::getOMX
02-20 21:24:34.614  1372  1372 I OMXClient: MuxOMX ctor
02-20 21:24:34.614  1369  1369 I OMXMaster: makeComponentInstance(OMX.google.raw.decoder) in mediacodec process
02-20 21:24:34.618  1372  1372 I MediaPlayerService: MediaPlayerService::getOMX
02-20 21:24:34.618  1372  1372 I OMXClient: MuxOMX ctor
02-20 21:24:34.618  1369  1388 I OMXMaster: makeComponentInstance(OMX.google.aac.encoder) in mediacodec process
02-20 21:24:34.624  1372  1372 I MediaPlayerService: MediaPlayerService::getOMX
02-20 21:24:34.624  1372  1372 I OMXClient: MuxOMX ctor
02-20 21:24:34.624  1369  1837 I OMXMaster: makeComponentInstance(OMX.google.amrnb.encoder) in mediacodec process
02-20 21:24:34.628  1372  1372 I MediaPlayerService: MediaPlayerService::getOMX
02-20 21:24:34.629  1372  1372 I OMXClient: MuxOMX ctor
02-20 21:24:34.629  1369  1369 I OMXMaster: makeComponentInstance(OMX.google.amrwb.encoder) in mediacodec process
02-20 21:24:34.633  1372  1372 I MediaPlayerService: MediaPlayerService::getOMX
02-20 21:24:34.633  1372  1372 I OMXClient: MuxOMX ctor
02-20 21:24:34.633  1369  1388 I OMXMaster: makeComponentInstance(OMX.google.flac.encoder) in mediacodec process
02-20 21:24:34.634  1654  1654 D NetworkPolicy: setRestrictBackgroundUL(): false
02-20 21:24:34.635  1654  1654 W NetworkManagement: setDataSaverMode(): already false
02-20 21:24:34.656  1372  1372 I MediaPlayerService: MediaPlayerService::getOMX
02-20 21:24:34.656  1372  1372 I OMXClient: MuxOMX ctor
02-20 21:24:34.656  1369  1388 I OMXMaster: makeComponentInstance(OMX.google.gsm.decoder) in mediacodec process
02-20 21:24:34.651     0     0 D ieee80211 phy1: hw scan 2452 MHz
02-20 21:24:34.662  1755  1868 I LatinIME:LogUtils: Dictionary info: dictionary = main:en ; version = 54 ; date = 1414726273
02-20 21:24:34.683  1879  1879 I wpa_supplicant: Successfully initialized wpa_supplicant
02-20 21:24:34.689  1879  1879 I wpa_supplicant: rfkill: Cannot open RFKILL control device
02-20 21:24:34.690  1879  1879 I wpa_supplicant: nl80211: Could not re-add multicast membership for vendor events: -2 (No such file or directory)
02-20 21:24:34.689     0     0 D ieee80211 phy0: mac80211_hwsim_start
02-20 21:24:34.689     0     0 D ieee80211 phy0: mac80211_hwsim_add_interface (type=2 mac_addr=02:00:00:44:55:66)
02-20 21:24:34.689     0     0 D ieee80211 phy0: mac80211_hwsim_bss_info_changed(changed=0xe)
02-20 21:24:34.689     0     0 D ieee80211 phy0: ERP_CTS_PROT: 0
02-20 21:24:34.689     0     0 D ieee80211 phy0: ERP_PREAMBLE: 0
02-20 21:24:34.689     0     0 D ieee80211 phy0: ERP_SLOT: 0
02-20 21:24:34.689     0     0 D ieee80211 phy0: mac80211_hwsim_conf_tx (queue=0 txop=0 cw_min=15 cw_max=1023 aifs=2)
02-20 21:24:34.689     0     0 D ieee80211 phy0: mac80211_hwsim_conf_tx (queue=1 txop=0 cw_min=15 cw_max=1023 aifs=2)
02-20 21:24:34.689     0     0 D ieee80211 phy0: mac80211_hwsim_conf_tx (queue=2 txop=0 cw_min=15 cw_max=1023 aifs=2)
02-20 21:24:34.689     0     0 D ieee80211 phy0: mac80211_hwsim_conf_tx (queue=3 txop=0 cw_min=15 cw_max=1023 aifs=2)
02-20 21:24:34.689     0     0 D ieee80211 phy0: mac80211_hwsim_bss_info_changed(changed=0x2000)
02-20 21:24:34.689     0     0 D ieee80211 phy0: mac80211_hwsim_config (freq=0 idle=0 ps=0 smps=auto)
02-20 21:24:34.689     0     0 I IPv6    : ADDRCONF(NETDEV_UP): wlan0: link is not ready
02-20 21:24:34.690     0     0 D ieee80211 phy0: mac80211_hwsim_configure_filter
02-20 21:24:34.702  1372  1372 I MediaPlayerService: MediaPlayerService::getOMX
02-20 21:24:34.702  1372  1372 I OMXClient: MuxOMX ctor
02-20 21:24:34.702  1369  1388 I OMXMaster: makeComponentInstance(OMX.google.mpeg4.decoder) in mediacodec process
02-20 21:24:34.730  1369  1369 E OMXNodeInstance: getExtensionIndex(559000f:google.mpeg4.decoder, OMX.google.android.index.configureVideoTunnelMode) ERROR: UnsupportedIndex(0x8000101a)
02-20 21:24:34.730  1369  1837 W OMXNodeInstance: [559000f:google.mpeg4.decoder] component does not support metadata mode; using fallback
02-20 21:24:34.735  1372  1372 I MediaPlayerService: MediaPlayerService::getOMX
02-20 21:24:34.736  1372  1372 I OMXClient: MuxOMX ctor
02-20 21:24:34.736  1369  1388 I OMXMaster: makeComponentInstance(OMX.google.h263.decoder) in mediacodec process
02-20 21:24:34.747  1654  1687 I stream_devices_changed: [0,0,2]
02-20 21:24:34.748  1654  1687 I stream_devices_changed: [2,0,2]
02-20 21:24:34.749  1654  1687 I stream_devices_changed: [3,0,2]
02-20 21:24:34.751  1654  1687 I stream_devices_changed: [6,0,2]
02-20 21:24:34.752  1654  1687 I stream_devices_changed: [4,0,2]
02-20 21:24:34.762  1769  1880 I vol.Events: writeEvent level_changed STREAM_ALARM 6
02-20 21:24:34.762  1879  1879 E wpa_supplicant: global ctrl interface @android:wpa_wlan0 matches ctrl interface wlan0 - do not open per-interface ctrl interface
02-20 21:24:34.763  1769  1880 I vol.Events: writeEvent level_changed STREAM_BLUETOOTH_SCO 7
02-20 21:24:34.764  1769  1880 I vol.Events: writeEvent level_changed STREAM_MUSIC 11
02-20 21:24:34.765  1769  1880 I vol.Events: writeEvent level_changed STREAM_RING 5
02-20 21:24:34.766  1769  1880 I vol.Events: writeEvent level_changed STREAM_SYSTEM 5
02-20 21:24:34.767  1769  1880 I vol.Events: writeEvent level_changed STREAM_VOICE_CALL 4
02-20 21:24:34.770  1369  1837 E OMXNodeInstance: getExtensionIndex(5590010:google.h263.decoder, OMX.google.android.index.configureVideoTunnelMode) ERROR: UnsupportedIndex(0x8000101a)
02-20 21:24:34.770  1369  1369 W OMXNodeInstance: [5590010:google.h263.decoder] component does not support metadata mode; using fallback
02-20 21:24:34.770  1654  1654 I SystemServiceManager: Starting phase 600
02-20 21:24:34.776  1372  1372 I MediaPlayerService: MediaPlayerService::getOMX
02-20 21:24:34.776  1372  1372 I OMXClient: MuxOMX ctor
02-20 21:24:34.776  1369  1388 I OMXMaster: makeComponentInstance(OMX.google.h264.decoder) in mediacodec process
02-20 21:24:34.770     0     0 D ieee80211 phy1: hw scan 2457 MHz
02-20 21:24:34.781  1654  1654 D SensorNotificationService: Cannot obtain dynamic meta sensor, not supported.
02-20 21:24:34.782  1654  1731 I netstats_mobile_sample: [0,0,0,0,0,0,0,0,0,0,0,0,-1]
02-20 21:24:34.782  1654  1731 I netstats_wifi_sample: [0,0,0,0,0,0,0,0,0,0,0,0,-1]
02-20 21:24:34.789  1654  1654 D TelephonyRegistry: listen oscl: hasNotifySubscriptionInfoChangedOccurred==false no callback
02-20 21:24:34.798  1654  1654 I GnssLocationProvider: WakeLock acquired by sendMessage(13, 0, null)
02-20 21:24:34.799  1654  1689 W GnssLocationProvider: Could not open GPS configuration file /etc/gps.conf
02-20 21:24:34.799  1654  1689 E GnssLocationProvider: no AGPS interface in set_agps_server
02-20 21:24:34.799  1654  1689 D TelephonyRegistry: listen oscl: hasNotifySubscriptionInfoChangedOccurred==false no callback
02-20 21:24:34.799  1313  1357 E SurfaceFlinger: ro.sf.lcd_density must be defined as a build property
02-20 21:24:34.800  1654  1654 W LocationProviderProxy-network: Odd, no component found for service com.android.location.service.v3.NetworkLocationProvider
02-20 21:24:34.804  1769  1769 D         : HostConnection::get() New Host Connection established 0x78b4873d0420, tid 1769
02-20 21:24:34.804  1372  1372 W ACodec  : [OMX.google.h264.decoder] stopping checking profiles after 32: 2/8000
02-20 21:24:34.804  1369  1388 E OMXNodeInstance: getExtensionIndex(5590011:google.h264.decoder, OMX.google.android.index.configureVideoTunnelMode) ERROR: UnsupportedIndex(0x8000101a)
02-20 21:24:34.804  1369  1369 W OMXNodeInstance: [5590011:google.h264.decoder] component does not support metadata mode; using fallback
02-20 21:24:34.805  1372  1372 I MediaPlayerService: MediaPlayerService::getOMX
02-20 21:24:34.805  1372  1372 I OMXClient: MuxOMX ctor
02-20 21:24:34.805  1369  1837 I OMXMaster: makeComponentInstance(OMX.google.hevc.decoder) in mediacodec process
02-20 21:24:34.805  1654  1654 W GeocoderProxy: Odd, no component found for service com.android.location.service.GeocodeProvider
02-20 21:24:34.806  1654  1654 E FlpHardwareProvider: Error hw_get_module 'flp': -2
02-20 21:24:34.806  1654  1654 D LocationManagerService: FLP HAL not supported
02-20 21:24:34.818  1654  1654 W GeofenceProxy: Odd, no component found for service com.android.location.service.GeofenceProvider
02-20 21:24:34.819  1654  1654 E ActivityRecognitionHardware: Error hw_get_module: -2
02-20 21:24:34.819  1654  1654 D LocationManagerService: Hardware Activity-Recognition not supported.
02-20 21:24:34.819  1654  1654 W ActivityRecognitionProxy: Odd, no component found for service com.android.location.service.ActivityRecognitionProvider
02-20 21:24:34.820  1654  1654 I GnssLocationProvider: WakeLock acquired by sendMessage(2, 1, null)
02-20 21:24:34.821  1654  1689 I GnssLocationProvider: WakeLock released by handleMessage(13, 0, null)
02-20 21:24:34.822  1654  1689 E GnssLocationProvider: no AGPS interface in set_agps_server
02-20 21:24:34.823  1654  1654 I CommonTimeManagementService: No common time service detected on this platform.  Common time services will be unavailable.
02-20 21:24:34.824  1654  1725 I InputReader: Reconfiguring input devices.  changes=0x00000020
02-20 21:24:34.826  1654  1725 I InputReader: Reconfiguring input devices.  changes=0x00000010
02-20 21:24:34.826  1654  1691 W WindowManager: Keyguard drawn timeout. Setting mKeyguardDrawComplete
02-20 21:24:34.826  1654  1654 D TelephonyRegistry: systemRunning register for intents
02-20 21:24:34.827  1654  1654 I MmsServiceBroker: Delay connecting to MmsService until an API is called
02-20 21:24:34.828  1769  1769 D StorageNotification: Notifying about private volume: VolumeInfo{private}:
02-20 21:24:34.828  1769  1769 D StorageNotification:     type=PRIVATE diskId=null partGuid=null mountFlags=0 mountUserId=-1 
02-20 21:24:34.828  1769  1769 D StorageNotification:     state=MOUNTED 
02-20 21:24:34.828  1769  1769 D StorageNotification:     fsType=null fsUuid=null fsLabel=null 
02-20 21:24:34.828  1769  1769 D StorageNotification:     path=/data internalPath=null 
02-20 21:24:34.828  1769  1769 D StorageNotification: Notifying about public volume: VolumeInfo{public:253,64}:
02-20 21:24:34.828  1769  1769 D StorageNotification:     type=PUBLIC diskId=disk:253,64 partGuid=null mountFlags=VISIBLE 
02-20 21:24:34.828  1769  1769 D StorageNotification:     mountUserId=0 state=MOUNTED 
02-20 21:24:34.828  1769  1769 D StorageNotification:     fsType=vfat fsUuid=1E12-0B12 fsLabel=SDCARD 
02-20 21:24:34.828  1769  1769 D StorageNotification:     path=/storage/1E12-0B12 internalPath=/mnt/media_rw/1E12-0B12 
02-20 21:24:34.833  1654  1689 I GnssLocationProvider: WakeLock released by handleMessage(2, 1, null)
02-20 21:24:34.846  1921  1921 W art     : Unexpected CPU variant for X86 using defaults: x86_64
02-20 21:24:34.847  1654  1654 I am_proc_start: [0,1921,1001,com.android.phone,added application,com.android.phone]
02-20 21:24:34.848  1654  1654 I ActivityManager: Start proc 1921:com.android.phone/1001 for added application com.android.phone
02-20 21:24:34.848  1654  1654 I ActivityManager: START u0 {act=android.intent.action.MAIN cat=[android.intent.category.HOME] flg=0x10000100 cmp=com.android.settings/.FallbackHome} from uid 0 on display 0
02-20 21:24:34.849  1654  1654 W System  : ClassLoader referenced unknown path: 
02-20 21:24:34.849  1654  1654 W System  : ClassLoader referenced unknown path: /system/priv-app/Settings/lib/x86_64
02-20 21:24:34.849  1654  1654 D ApplicationLoaders: ignored Vulkan layer search path /system/priv-app/Settings/lib/x86_64:/system/priv-app/Settings/Settings.apk!/lib/x86_64:/system/lib64:/vendor/lib64 for namespace 0x78b495eb8160
02-20 21:24:34.886  1369  1369 E OMXNodeInstance: getExtensionIndex(5590012:google.hevc.decoder, OMX.google.android.index.configureVideoTunnelMode) ERROR: UnsupportedIndex(0x8000101a)
02-20 21:24:34.886  1369  1369 W OMXNodeInstance: [5590012:google.hevc.decoder] component does not support metadata mode; using fallback
02-20 21:24:34.887  1372  1372 I MediaPlayerService: MediaPlayerService::getOMX
02-20 21:24:34.887  1372  1372 I OMXClient: MuxOMX ctor
02-20 21:24:34.888  1369  1369 I OMXMaster: makeComponentInstance(OMX.google.vp8.decoder) in mediacodec process
02-20 21:24:34.890  1654  1654 I ActivityManager: Loaded persisted task ids for user 0
02-20 21:24:34.892  1654  1654 I am_create_task: [0,1]
02-20 21:24:34.892  1654  1654 I am_create_activity: [0,55925918,1,com.android.settings/.FallbackHome,android.intent.action.MAIN,NULL,NULL,276824320]
02-20 21:24:34.893  1654  1654 I wm_task_created: [1,0]
02-20 21:24:34.894  1654  1654 I wm_task_moved: [1,1,0]
02-20 21:24:34.895  1654  1654 I wm_task_moved: [1,1,0]
02-20 21:24:34.893     0     0 D ieee80211 phy1: hw scan 2462 MHz
02-20 21:24:34.911  1654  1654 I am_focused_activity: [0,com.android.settings/.FallbackHome,startedActivity]
02-20 21:24:34.941  1654  1654 I am_proc_start: [0,1937,1000,com.android.settings,activity,com.android.settings/.FallbackHome]
02-20 21:24:34.941  1654  1654 I ActivityManager: Start proc 1937:com.android.settings/1000 for activity com.android.settings/.FallbackHome
02-20 21:24:34.943  1369  1388 E OMXNodeInstance: getExtensionIndex(5590013:google.vp8.decoder, OMX.google.android.index.configureVideoTunnelMode) ERROR: UnsupportedIndex(0x8000101a)
02-20 21:24:34.943  1369  1837 W OMXNodeInstance: [5590013:google.vp8.decoder] component does not support metadata mode; using fallback
02-20 21:24:34.944  1937  1937 W art     : Unexpected CPU variant for X86 using defaults: x86_64
02-20 21:24:34.946  1372  1372 I MediaPlayerService: MediaPlayerService::getOMX
02-20 21:24:34.946  1372  1372 I OMXClient: MuxOMX ctor
02-20 21:24:34.946  1369  1388 I OMXMaster: makeComponentInstance(OMX.google.vp9.decoder) in mediacodec process
02-20 21:24:34.953  1654  1654 I SystemServer: Enabled StrictMode for system server main thread.
02-20 21:24:34.954  1654  1782 I dvm_lock_sample: [system_server,1,Binder:1654_3,70,ActivityManagerService.java,6669,-,13368,14]
02-20 21:24:34.955  1654  1782 I am_proc_bound: [0,1921,com.android.phone]
02-20 21:24:34.960  1654  1654 D ConditionProviders.SCP: onConnected
02-20 21:24:34.960  1654  1654 D ZenLog  : set_zen_mode: off,readXml
02-20 21:24:34.962  1654  1654 D ConditionProviders: Subscribing to condition://android/schedule?days=6.7&start=23.30&end=10.0&exitAtAlarm=false with ComponentInfo{android/com.android.server.notification.ScheduleConditionProvider}
02-20 21:24:34.962  1654  1654 D ZenLog  : subscribe: condition://android/schedule?days=6.7&start=23.30&end=10.0&exitAtAlarm=false,ok
02-20 21:24:34.962  1654  1654 D ConditionProviders: Subscribing to condition://android/event?userId=-10000&calendar=&reply=1 with ComponentInfo{android/com.android.server.notification.EventConditionProvider}
02-20 21:24:34.962  1654  1654 D ZenLog  : subscribe: condition://android/event?userId=-10000&calendar=&reply=1,ok
02-20 21:24:34.962  1654  1654 D ConditionProviders: Subscribing to condition://android/schedule?days=1.2.3.4.5&start=22.0&end=7.0&exitAtAlarm=false with ComponentInfo{android/com.android.server.notification.ScheduleConditionProvider}
02-20 21:24:34.962  1654  1654 D ZenLog  : subscribe: condition://android/schedule?days=1.2.3.4.5&start=22.0&end=7.0&exitAtAlarm=false,ok
02-20 21:24:34.971  1921  1921 W System  : ClassLoader referenced unknown path: /system/priv-app/TeleService/lib/x86_64
02-20 21:24:34.986  1654  1687 I am_proc_bound: [0,1937,com.android.settings]
02-20 21:24:34.988  1654  1689 W LocationProviderProxy-network: Odd, no component found for service com.android.location.service.v3.NetworkLocationProvider
02-20 21:24:34.988  1654  1689 W GeocoderProxy: Odd, no component found for service com.android.location.service.GeocodeProvider
02-20 21:24:34.988  1654  1689 W GeofenceProxy: Odd, no component found for service com.android.location.service.GeofenceProvider
02-20 21:24:34.988  1654  1689 W ActivityRecognitionProxy: Odd, no component found for service com.android.location.service.ActivityRecognitionProvider
02-20 21:24:35.003  1654  1654 D ZenLog  : set_zen_mode: off,cleanUpZenRules
02-20 21:24:35.004  1654  1654 D RttService: SCAN_AVAILABLE : 1
02-20 21:24:35.006  1654  1738 D RttService: DefaultState got{ when=-2ms what=160513 target=com.android.internal.util.StateMachine$SmHandler }
02-20 21:24:35.007  1654  1737 I WifiScanningService: wifi driver unloaded
02-20 21:24:35.010     0     0 D ieee80211 phy1: hw scan complete
02-20 21:24:35.010     0     0 D ieee80211 phy1: mac80211_hwsim_get_survey (idx=0)
02-20 21:24:35.021  1369  1388 E OMXNodeInstance: getExtensionIndex(5590014:google.vp9.decoder, OMX.google.android.index.configureVideoTunnelMode) ERROR: UnsupportedIndex(0x8000101a)
02-20 21:24:35.021  1369  1837 W OMXNodeInstance: [5590014:google.vp9.decoder] component does not support metadata mode; using fallback
02-20 21:24:35.029  1372  1372 I MediaPlayerService: MediaPlayerService::getOMX
02-20 21:24:35.032  1372  1372 I OMXClient: MuxOMX ctor
02-20 21:24:35.032  1369  1369 I OMXMaster: makeComponentInstance(OMX.google.h263.encoder) in mediacodec process
02-20 21:24:35.045  1313  1326 D PermissionCache: checking android.permission.READ_FRAME_BUFFER for uid=1000 => granted (194 us)
02-20 21:24:35.052  1369  1369 I SoftMPEG4Encoder: Construct SoftMPEG4Encoder
02-20 21:24:35.055  1372  1372 W ACodec  : do not know color format 0x7f000789 = 2130708361
02-20 21:24:35.056  1369  1388 E OMXNodeInstance: getConfig(5590015:google.h263.encoder, ConfigAndroidIntraRefresh(0x6f60000a)) ERROR: Undefined(0x80001001)
02-20 21:24:35.057  1372  1372 I MediaPlayerService: MediaPlayerService::getOMX
02-20 21:24:35.057  1372  1372 I OMXClient: MuxOMX ctor
02-20 21:24:35.057  1369  1388 I OMXMaster: makeComponentInstance(OMX.google.h264.encoder) in mediacodec process
02-20 21:24:35.072  1521  1521 E hostapd : Using interface wlan1 with hwaddr 02:00:00:00:01:00 and ssid "AndroidWifi"
02-20 21:24:35.072  1521  1521 I hostapd : wlan1: interface state HT_SCAN->ENABLED
02-20 21:24:35.072  1521  1521 I hostapd : wlan1: AP-ENABLED 
02-20 21:24:35.072     0     0 D ieee80211 phy1: mac80211_hwsim_config (freq=0 idle=0 ps=0 smps=auto)
02-20 21:24:35.072     0     0 D ieee80211 phy1: add channel context control: 2447 MHz/width: 2/cfreqs:2437/0 MHz
02-20 21:24:35.072     0     0 D ieee80211 phy1: mac80211_hwsim_bss_info_changed(changed=0x40000)
02-20 21:24:35.072     0     0 D ieee80211 phy1: TX Power: 20 dBm
02-20 21:24:35.072     0     0 D ieee80211 phy1: mac80211_hwsim_bss_info_changed(changed=0x4000)
02-20 21:24:35.072     0     0 D ieee80211 phy1: change channel context control: 2447 MHz/width: 2/cfreqs:2437/0 MHz
02-20 21:24:35.072     0     0 D ieee80211 phy1: mac80211_hwsim_bss_info_changed(changed=0x88340)
02-20 21:24:35.072     0     0 D ieee80211 phy1: BCNINT: 100
02-20 21:24:35.072     0     0 D ieee80211 phy1: BCN EN: 1
02-20 21:24:35.072     0     0 D ieee80211 phy1: mac80211_hwsim_bss_info_changed(changed=0x3e)
02-20 21:24:35.072     0     0 D ieee80211 phy1: ERP_CTS_PROT: 0
02-20 21:24:35.072     0     0 D ieee80211 phy1: ERP_PREAMBLE: 0
02-20 21:24:35.072     0     0 D ieee80211 phy1: ERP_SLOT: 1
02-20 21:24:35.072     0     0 D ieee80211 phy1: HT: op_mode=0x0
02-20 21:24:35.072     0     0 D ieee80211 phy1: BASIC_RATES: 0xf
02-20 21:24:35.072     0     0 D ieee80211 phy1: mac80211_hwsim_conf_tx (queue=0 txop=47 cw_min=3 cw_max=7 aifs=1)
02-20 21:24:35.072     0     0 D ieee80211 phy1: mac80211_hwsim_bss_info_changed(changed=0x2000)
02-20 21:24:35.072     0     0 D ieee80211 phy1: mac80211_hwsim_conf_tx (queue=1 txop=94 cw_min=7 cw_max=15 aifs=1)
02-20 21:24:35.072     0     0 D ieee80211 phy1: mac80211_hwsim_bss_info_changed(changed=0x2000)
02-20 21:24:35.072     0     0 D ieee80211 phy1: mac80211_hwsim_conf_tx (queue=2 txop=0 cw_min=15 cw_max=63 aifs=3)
02-20 21:24:35.072     0     0 D ieee80211 phy1: mac80211_hwsim_bss_info_changed(changed=0x2000)
02-20 21:24:35.072     0     0 D ieee80211 phy1: mac80211_hwsim_conf_tx (queue=3 txop=0 cw_min=15 cw_max=1023 aifs=7)
02-20 21:24:35.072     0     0 D ieee80211 phy1: mac80211_hwsim_bss_info_changed(changed=0x2000)
02-20 21:24:35.073     0     0 I IPv6    : ADDRCONF(NETDEV_CHANGE): wlan1: link becomes ready
02-20 21:24:35.073     0     0 D ieee80211 phy1: mac80211_hwsim_configure_filter
02-20 21:24:35.091  1372  1372 W ACodec  : do not know color format 0x7f000789 = 2130708361
02-20 21:24:35.092  1372  1372 I MediaPlayerService: MediaPlayerService::getOMX
02-20 21:24:35.093  1372  1372 I OMXClient: MuxOMX ctor
02-20 21:24:35.093  1369  1837 I OMXMaster: makeComponentInstance(OMX.google.mpeg4.encoder) in mediacodec process
02-20 21:24:35.097  1313  1326 D gralloc_ranchu: gralloc_alloc: Creating ashmem region of size 17051648
02-20 21:24:35.113  1369  1837 I SoftMPEG4Encoder: Construct SoftMPEG4Encoder
02-20 21:24:35.115  1372  1372 W ACodec  : do not know color format 0x7f000789 = 2130708361
02-20 21:24:35.115  1369  1369 E OMXNodeInstance: getConfig(5590017:google.mpeg4.encoder, ConfigAndroidIntraRefresh(0x6f60000a)) ERROR: Undefined(0x80001001)
02-20 21:24:35.116  1372  1372 I MediaPlayerService: MediaPlayerService::getOMX
02-20 21:24:35.116  1372  1372 I OMXClient: MuxOMX ctor
02-20 21:24:35.116  1369  1369 I OMXMaster: makeComponentInstance(OMX.google.vp8.encoder) in mediacodec process
02-20 21:24:35.142  1372  1372 W ACodec  : do not know color format 0x7f000789 = 2130708361
02-20 21:24:35.142  1369  1388 E OMXNodeInstance: getConfig(5590018:google.vp8.encoder, ConfigAndroidIntraRefresh(0x6f60000a)) ERROR: Undefined(0x80001001)
02-20 21:24:35.144  1372  1372 I MediaPlayerService: MediaPlayerService::getOMX
02-20 21:24:35.144  1372  1372 I OMXClient: MuxOMX ctor
02-20 21:24:35.145  1372  1372 I MediaPlayerService: MediaPlayerService::getOMX
02-20 21:24:35.145  1372  1372 I OMXClient: MuxOMX ctor
02-20 21:24:35.146  1372  1372 W MediaCodecList: unable to open media codecs configuration xml file: /data/misc/media/media_codecs_profiling_results.xml
02-20 21:24:35.146  1372  1372 I MediaPlayerService: MediaPlayerService::getOMX
02-20 21:24:35.146  1372  1918 I MediaPlayerService: MediaPlayerService::getOMX
02-20 21:24:35.146  1654  1828 I OMXClient: MuxOMX ctor
02-20 21:24:35.146  1769  1857 I OMXClient: MuxOMX ctor
02-20 21:24:35.147  1369  1369 I OMXMaster: makeComponentInstance(OMX.google.vorbis.decoder) in mediacodec process
02-20 21:24:35.168  1369  1388 I OMXMaster: makeComponentInstance(OMX.google.vorbis.decoder) in mediacodec process
02-20 21:24:35.190  1372  1861 I MediaPlayerService: MediaPlayerService::getOMX
02-20 21:24:35.191  1654  1981 I OMXClient: MuxOMX ctor
02-20 21:24:35.191  1369  1979 I OMXMaster: makeComponentInstance(OMX.google.vorbis.decoder) in mediacodec process
02-20 21:24:35.219  1654  1697 W art     : Long monitor contention with owner Binder:1654_2 (1688) at int com.android.server.wm.WindowManagerService.relayoutWindow(com.android.server.wm.Session, android.view.IWindow, int, android.view.WindowManager$LayoutParams, int, int, int, int, android.graphics.Rect, android.graphics.Rect, android.graphics.Rect, android.graphics.Rect, android.graphics.Rect, android.graphics.Rect, android.graphics.Rect, android.content.res.Configuration, android.view.Surface)(WindowManagerService.java:2857) waiters=2 in void com.android.server.wm.WindowManagerService$H.handleMessage(android.os.Message) for 217ms
02-20 21:24:35.219  1654  1697 I dvm_lock_sample: [system_server,1,android.display,217,WindowManagerService.java,8857,-,2857,43]
02-20 21:24:35.219  1654  1852 W art     : Long monitor contention with owner Binder:1654_1 (1687) at void com.android.server.wm.WindowManagerService.startAppFreezingScreen(android.os.IBinder, int)(WindowManagerService.java:4812) waiters=2 in void com.android.server.wm.WindowManagerService.setDockedStackDividerTouchRegion(android.graphics.Rect) for 208ms
02-20 21:24:35.219  1654  1852 I dvm_lock_sample: [system_server,1,Binder:1654_4,208,WindowManagerService.java,11290,-,4812,41]
02-20 21:24:35.224  1372  1861 I MediaPlayerService: MediaPlayerService::getOMX
02-20 21:24:35.226  1769  1985 I OMXClient: MuxOMX ctor
02-20 21:24:35.237  1369  1979 I OMXMaster: makeComponentInstance(OMX.google.vorbis.decoder) in mediacodec process
02-20 21:24:35.239  1654  1687 I am_restart_activity: [0,55925918,1,com.android.settings/.FallbackHome]
02-20 21:24:35.242  1654  1654 W art     : Long monitor contention with owner Binder:1654_1 (1687) at void com.android.server.am.ActivityManagerService.attachApplication(android.app.IApplicationThread)(ActivityManagerService.java:6669) waiters=0 in int com.android.server.am.ActivityManagerService.broadcastIntent(android.app.IApplicationThread, android.content.Intent, java.lang.String, android.content.IIntentReceiver, int, java.lang.String, android.os.Bundle, java.lang.String[], int, android.os.Bundle, boolean, boolean, int) for 237ms
02-20 21:24:35.242  1654  1654 I dvm_lock_sample: [system_server,1,main,237,ActivityManagerService.java,18551,-,6669,47]
02-20 21:24:35.243  1654  1963 W art     : Long monitor contention with owner Binder:1654_1 (1687) at void com.android.server.am.ActivityManagerService.attachApplication(android.app.IApplicationThread)(ActivityManagerService.java:6669) waiters=1 in void com.android.server.am.ActivityManagerService.addPackageDependency(java.lang.String) for 209ms
02-20 21:24:35.243  1654  1963 I dvm_lock_sample: [system_server,1,Binder:1654_5,209,ActivityManagerService.java,5765,-,6669,41]
02-20 21:24:35.247  1921  1921 W System  : ClassLoader referenced unknown path: /system/priv-app/TelephonyProvider/lib/x86_64
02-20 21:24:35.248  1921  1921 D ApplicationLoaders: ignored Vulkan layer search path /system/priv-app/TelephonyProvider/lib/x86_64:/system/lib64:/vendor/lib64 for namespace 0x78b495e4d0f0
02-20 21:24:35.262  1937  1937 W System  : ClassLoader referenced unknown path: /system/priv-app/Settings/lib/x86_64
02-20 21:24:35.280  1654  1654 W System  : ClassLoader referenced unknown path: /system/priv-app/Telecom/lib/x86_64
02-20 21:24:35.281  1654  1654 D ApplicationLoaders: ignored Vulkan layer search path /system/priv-app/Telecom/lib/x86_64:/system/priv-app/Telecom/Telecom.apk!/lib/x86_64:/system/lib64:/vendor/lib64 for namespace 0x78b495eb81d0
02-20 21:24:35.289  1654  1963 I StatusBarManagerService: registerStatusBar bar=com.android.internal.statusbar.IStatusBar$Stub$Proxy@7d41426
02-20 21:24:35.298  1372  1861 I MediaPlayerService: MediaPlayerService::getOMX
02-20 21:24:35.299  1654  1988 I OMXClient: MuxOMX ctor
02-20 21:24:35.300  1369  1369 I OMXMaster: makeComponentInstance(OMX.google.vorbis.decoder) in mediacodec process
02-20 21:24:35.354  1937  1937 I am_on_resume_called: [0,com.android.settings.FallbackHome,LAUNCH_ACTIVITY]
02-20 21:24:35.362  1372  1861 I MediaPlayerService: MediaPlayerService::getOMX
02-20 21:24:35.364  1654  1992 I OMXClient: MuxOMX ctor
02-20 21:24:35.364  1369  1388 I OMXMaster: makeComponentInstance(OMX.google.vorbis.decoder) in mediacodec process
02-20 21:24:35.364  1313  1984 E SurfaceFlinger: ro.sf.lcd_density must be defined as a build property
02-20 21:24:35.376  1937  1937 D         : HostConnection::get() New Host Connection established 0x78b4873f8f40, tid 1937
02-20 21:24:35.399  1921  1921 D TelephonyProvider: dbh.onOpen: ok, queried table=siminfo
02-20 21:24:35.399  1921  1921 D TelephonyProvider: dbh.onOpen: ok, queried table=carriers
02-20 21:24:35.409  1654  1654 E BluetoothAdapter: Bluetooth binder is null
02-20 21:24:35.411  1372  1918 I MediaPlayerService: MediaPlayerService::getOMX
02-20 21:24:35.411  1769  1998 I OMXClient: MuxOMX ctor
02-20 21:24:35.412  1369  1837 I OMXMaster: makeComponentInstance(OMX.google.vorbis.decoder) in mediacodec process
02-20 21:24:35.418  1654  1654 I Telecom : SystemStateProvider: Registering car mode receiver: android.content.IntentFilter@38eec4f: TS.init@AAA
02-20 21:24:35.436  1313  1984 D         : HostConnection::get() New Host Connection established 0x75331821b3c0, tid 1984
02-20 21:24:35.446  1937  1993 D         : HostConnection::get() New Host Connection established 0x78b49162f0a0, tid 1993
02-20 21:24:35.447  1937  1993 I OpenGLRenderer: Initialized EGL, version 1.4
02-20 21:24:35.447  1937  1993 D OpenGLRenderer: Swap behavior 1
02-20 21:24:35.448  1654  2002 I Telecom : Telecom: Non-call EVENT: AUDIO_ROUTE, Entering state QuiescentEarpieceRoute
02-20 21:24:35.466  1654  2003 I Telecom : CallAudioModeStateMachine: Message received: null.: TS.init->CAMSM.pM_1@AAA_0
02-20 21:24:35.470  1654  2005 E ActivityThread: Failed to find provider info for call_log
02-20 21:24:35.471  1654  1654 E BluetoothAdapter: Bluetooth binder is null
02-20 21:24:35.471  1372  1918 I MediaPlayerService: MediaPlayerService::getOMX
02-20 21:24:35.472  1937  1993 D EGL_emulation: eglCreateContext: 0x78b487379980: maj 3 min 0 rcv 3
02-20 21:24:35.476  1654  2004 I OMXClient: MuxOMX ctor
02-20 21:24:35.480  1369  1980 I OMXMaster: makeComponentInstance(OMX.google.vorbis.decoder) in mediacodec process
02-20 21:24:35.485  1654  1654 I Telecom : Class: TelecomSystem.INSTANCE being set
02-20 21:24:35.500  1654  1654 E BluetoothAdapter: Bluetooth binder is null
02-20 21:24:35.501  1654  1654 W ContextImpl: Calling a method in the system process without a qualified user: android.app.ContextImpl.startService:1357 com.android.server.content.SyncManager$13.run:658 android.os.Handler.handleCallback:751 android.os.Handler.dispatchMessage:95 android.os.Looper.loop:154 
02-20 21:24:35.525  1921  1921 D TDC     : updateOrInsert: inserting: Modem { uuid=modem, state=0, rilModel=0, rat={}, maxActiveVoiceCall=1, maxActiveDataCall=1, maxStandby=1 }
02-20 21:24:35.526  1921  1921 D TDC     : updateOrInsert: inserting: Sim { uuid=sim, modemUuid=modem, state=0 }
02-20 21:24:35.533  1921  1921 D CdmaSSM : subscriptionSource from settings: 0
02-20 21:24:35.533  1921  1921 I PhoneFactory: Cdma Subscription set to 0
02-20 21:24:35.569  1937  1993 D EGL_emulation: eglMakeCurrent: 0x78b487379980: ver 3 0 (tinfo 0x78b4917fa640)
02-20 21:24:35.575  1921  1921 I PhoneFactory: Network Mode set to 0
02-20 21:24:35.587  1921  1921 D RILJ    : RIL(context, preferredNetworkType=0 cdmaSubscription=0)
02-20 21:24:35.599  1921  1921 D RILJ    : Starting RILReceiver0 [SUB0]
02-20 21:24:35.601  1374  1494 I RILC    : libril: new connection to RIL_SOCKET_1
02-20 21:24:35.601  1374  1494 I RILC    : RIL Daemon version: android reference-ril 1.0
02-20 21:24:35.601  1921  1921 D RILJ    : [3648]> GET_HARDWARE_CONFIG [SUB0]
02-20 21:24:35.601  1921  2019 I RILJ    : (0) Connected to 'rild' socket
02-20 21:24:35.602  1921  2019 D RILJ    : [UNSL]< UNSOL_RIL_CONNECTED {12} [SUB0]
02-20 21:24:35.602  1921  2019 D RILJ    : [3649]> RADIO_POWER off [SUB0]
02-20 21:24:35.602  1921  1921 D RilRequest: [3648]< GET_HARDWARE_CONFIG error: com.android.internal.telephony.CommandException: RADIO_NOT_AVAILABLE ret=
02-20 21:24:35.602  1921  1921 I PhoneFactory: Creating SubscriptionController
02-20 21:24:35.603  1921  2019 D RILJ    : [3650]> RIL_REQUEST_CDMA_SET_SUBSCRIPTION_SOURCE : 0 [SUB0]
02-20 21:24:35.603  1374  1494 D RIL     : onRequest: RADIO_POWER
02-20 21:24:35.606  1921  2019 D RILJ    : setCellInfoListRate: 2147483647 [SUB0]
02-20 21:24:35.606  1921  2019 D RILJ    : [3651]> RIL_REQUEST_SET_CELL_INFO_LIST_RATE [SUB0]
02-20 21:24:35.606  1374  1494 D RIL     : onRequest: CDMA_SET_SUBSCRIPTION_SOURCE
02-20 21:24:35.607  1921  1921 D SubscriptionController: [SubscriptionController] init by Context
02-20 21:24:35.607  1921  2019 D RILJ    : [UNSL]< UNSOL_RESPONSE_RADIO_STATE_CHANGED RADIO_OFF [SUB0]
02-20 21:24:35.607  1921  2019 D RILJ    : [3652]> SCREEN_STATE: true [SUB0]
02-20 21:24:35.607  1374  1494 D RIL     : onRequest: SET_UNSOL_CELL_INFO_LIST_RATE
02-20 21:24:35.608  1921  2019 D RILJ    : [UNSL]< UNSOL_NITZ_TIME_RECEIVED 18/02/20:21:24:30+0:0:Unknown!Unknown [SUB0]
02-20 21:24:35.608  1921  2019 D RILJ    : [3649]< RADIO_POWER  [SUB0]
02-20 21:24:35.608  1921  2019 D RilRequest: [3650]< RIL_REQUEST_CDMA_SET_SUBSCRIPTION_SOURCE error: com.android.internal.telephony.CommandException: RADIO_NOT_AVAILABLE ret=
02-20 21:24:35.608  1921  2019 D RilRequest: [3651]< RIL_REQUEST_SET_CELL_INFO_LIST_RATE error: com.android.internal.telephony.CommandException: RADIO_NOT_AVAILABLE ret=
02-20 21:24:35.609  1374  1494 D RIL     : onRequest: SCREEN_STATE
02-20 21:24:35.609  1921  2019 D RilRequest: [3652]< SCREEN_STATE error: com.android.internal.telephony.CommandException: RADIO_NOT_AVAILABLE ret=
02-20 21:24:35.611  1654  1735 D WifiConfigManager: Loading config and enabling all networks 
02-20 21:24:35.611  1921  1921 D UiccController: Creating UiccController
02-20 21:24:35.614  1921  1921 D TelephonyTester: register for intent action=com.android.internal.telephony.action_detached
02-20 21:24:35.614  1921  1921 D TelephonyTester: register for intent action=com.android.internal.telephony.action_attached
02-20 21:24:35.615  1372  1838 I MediaPlayerService: MediaPlayerService::getOMX
02-20 21:24:35.616  1654  2021 I OMXClient: MuxOMX ctor
02-20 21:24:35.617  1921  1921 D Phone   : mDoesRilSendMultipleCallRing=true
02-20 21:24:35.617  1921  1921 D Phone   : mCallRingDelay=3000
02-20 21:24:35.617  1654  1654 W System  : ClassLoader referenced unknown path: /system/priv-app/FusedLocation/lib/x86_64
02-20 21:24:35.622  1369  1837 I OMXMaster: makeComponentInstance(OMX.google.vorbis.decoder) in mediacodec process
02-20 21:24:35.637  1921  1921 D RILJ    : [3653]> RIL_REQUEST_START_LCE [SUB0]
02-20 21:24:35.646  1374  1494 D RIL     : onRequest: <unknown request>
02-20 21:24:35.646  1921  2019 D RilRequest: [3653]< RIL_REQUEST_START_LCE error: com.android.internal.telephony.CommandException: RADIO_NOT_AVAILABLE ret=
02-20 21:24:35.649  1921  1921 E RIL_ImsSms: getFormat should never be called from here!
02-20 21:24:35.649  1921  1921 D SMSDispatcher: SMSDispatcher: ctor mSmsCapable=true format=unknown mSmsSendDisabled=false
02-20 21:24:35.649  1921  1921 D RIL_ImsSms: ImsSMSDispatcher created
02-20 21:24:35.650  1921  1921 D SMSDispatcher: SMSDispatcher: ctor mSmsCapable=true format=3gpp2 mSmsSendDisabled=false
02-20 21:24:35.650  1921  1921 D CdmaSMSDispatcher: CdmaSMSDispatcher created
02-20 21:24:35.654  1654  1654 D ApplicationLoaders: ignored Vulkan layer search path /system/priv-app/FusedLocation/lib/x86_64:/system/priv-app/FusedLocation/FusedLocation.apk!/lib/x86_64:/system/lib64:/vendor/lib64 for namespace 0x78b495eb8240
02-20 21:24:35.662  1654  1654 D GpsNetInitiatedHandler: location enabled :true
02-20 21:24:35.664  1654  1654 V WiredAccessoryManager: notifyWiredAccessoryChanged: when=0 bits= mask=54
02-20 21:24:35.664  1654  1654 V WiredAccessoryManager: newName=h2w newState=0 headsetState=0 prev headsetState=0
02-20 21:24:35.664  1654  1654 E WiredAccessoryManager: No state change.
02-20 21:24:35.664  1654  1654 V WiredAccessoryManager: init()
02-20 21:24:35.665  1654  1654 I notification_enqueue: [10028,1769,com.android.systemui,1397773634,public:253,64,-1,Notification(pri=0 contentView=null vibrate=null sound=null defaults=0x0 flags=0x100 color=0xff607d8b category=sys actions=2 vis=PUBLIC),0]
02-20 21:24:35.672  1654  1735 W WifiNetworkHistory: Upgrading network 0 to android.uid.system:1000
02-20 21:24:35.673  1654  1735 D WifiConfigManager: loaded 0 passpoint configs
02-20 21:24:35.674  1654  1735 E IpConfigStore: Error parsing configuration: java.io.FileNotFoundException: /data/misc/wifi/ipconfig.txt (No such file or directory)
02-20 21:24:35.679  1921  1921 D GsmInboundSmsHandler: created InboundSmsHandler
02-20 21:24:35.693  1937  1993 D EGL_emulation: eglMakeCurrent: 0x78b487379980: ver 3 0 (tinfo 0x78b4917fa640)
02-20 21:24:35.732  1921  1921 D CdmaInboundSmsHandler: created InboundSmsHandler
02-20 21:24:35.732  1654  1735 D WifiNative-HAL: Setting external_sim to 1
02-20 21:24:35.732  1654  1735 D WifiStateMachine: Setting OUI to DA-A1-19
02-20 21:24:35.734  1654  1654 W VibratorService: Tried to stop vibrating but there is no vibrator device.
02-20 21:24:35.738  1654  1654 D ConditionProviders.SCP: onSubscribe condition://android/schedule?days=6.7&start=23.30&end=10.0&exitAtAlarm=false
02-20 21:24:35.739  1654  1654 D ConditionProviders.SCP: setRegistered true
02-20 21:24:35.742  1654  1654 D ConditionProviders.SCP: notifyCondition condition://android/schedule?days=6.7&start=23.30&end=10.0&exitAtAlarm=false STATE_FALSE reason=!meetsSchedule
02-20 21:24:35.749  1654  1735 I WifiConnectivityManager: PNO settings: min5GHzRssi -82 min24GHzRssi -85 currentConnectionBonus 16 sameNetworkBonus 24 secureNetworkBonus 80 initialScoreMax 100
02-20 21:24:35.749  1654  1735 I WifiConnectivityManager: ConnectivityScanManager initialized and disabled
02-20 21:24:35.749  1654  1735 I WifiConnectivityManager: setUntrustedConnectionAllowed: allowed=false
02-20 21:24:35.750  1654  1735 E WifiLogger: no ring buffers found
02-20 21:24:35.750  1654  1735 E WifiLogger: Failed to start packet fate monitoring
02-20 21:24:35.750  1654  1654 D ConditionProviders.SCP: Scheduling evaluate for Tue Feb 20 23:30:00 GMT+00:00 2018 (1519169400000), in +2h5m24s261ms, now=Tue Feb 20 21:24:35 GMT+00:00 2018 (1519161875739)
