02-20 21:24:35.759  1654  1697 I am_activity_launch_time: [0,55925918,com.android.settings/.FallbackHome,823,823]
02-20 21:24:35.759  1654  1697 I ActivityManager: Displayed com.android.settings/.FallbackHome: +823ms
02-20 21:24:35.760  1921  1921 D SMSDispatcher: SMSDispatcher: ctor mSmsCapable=true format=3gpp mSmsSendDisabled=false
02-20 21:24:35.760  1921  1921 D GsmSMSDispatcher: GsmSMSDispatcher created
02-20 21:24:35.760  1654  1654 D ConditionProviders.SCP: onSubscribe condition://android/schedule?days=1.2.3.4.5&start=22.0&end=7.0&exitAtAlarm=false
02-20 21:24:35.760  1654  1654 D ConditionProviders.SCP: notifyCondition condition://android/schedule?days=6.7&start=23.30&end=10.0&exitAtAlarm=false STATE_FALSE reason=!meetsSchedule
02-20 21:24:35.760  1654  1654 D ConditionProviders.SCP: notifyCondition condition://android/schedule?days=1.2.3.4.5&start=22.0&end=7.0&exitAtAlarm=false STATE_FALSE reason=!meetsSchedule
02-20 21:24:35.761  1654  1654 D ConditionProviders.SCP: Scheduling evaluate for Tue Feb 20 22:00:00 GMT+00:00 2018 (1519164000000), in +35m24s240ms, now=Tue Feb 20 21:24:35 GMT+00:00 2018 (1519161875760)
02-20 21:24:35.764  1654  1654 I Telecom : WiredHeadsetManager: ACTION_HEADSET_PLUG event, plugged in: false, : WHC.oADA@AAE
02-20 21:24:35.763  1654  1690 I boot_progress_enable_screen: 11763
02-20 21:24:35.765  1654  1690 V KeyguardServiceDelegate: *** Keyguard started
02-20 21:24:35.765  1654  1690 I screen_toggled: 1
02-20 21:24:35.765  1921  2027 D GsmInboundSmsHandler: StartupState.processMessage:6
02-20 21:24:35.766  1921  2033 D CdmaInboundSmsHandler: StartupState.processMessage:6
02-20 21:24:35.766  1921  2033 D CdmaInboundSmsHandler: entering Idle state
02-20 21:24:35.766  1921  2027 D GsmInboundSmsHandler: entering Idle state
02-20 21:24:35.767  1654  1690 W KeyguardServiceDelegate: onScreenTurningOn(): no keyguard service!
02-20 21:24:35.768  1654  1697 I WindowManager: Screen frozen for +763ms due to AppWindowToken{b88ab95 token=Token{dc4c37f ActivityRecord{3555c9e u0 com.android.settings/.FallbackHome t1}}}
02-20 21:24:35.768  1654  1735 I WifiConnectivityManager: Set WiFi enabled
02-20 21:24:35.768  1654  1735 I WifiConnectivityManager: scheduleWatchdogTimer
02-20 21:24:35.769  1654  1735 D WifiNative-HAL: Failing getSupportedFeatureset because HAL isn't started
02-20 21:24:35.769  1654  1693 E BatteryStatsService: no controller energy info supplied
02-20 21:24:35.769  1654  1693 E KernelCpuSpeedReader: Failed to read cpu-freq: /sys/devices/system/cpu/cpu0/cpufreq/stats/time_in_state (No such file or directory)
02-20 21:24:35.770  1921  1921 D IccCardProxy: ctor: ci=com.android.internal.telephony.RIL@dd9e699 phoneId=0
02-20 21:24:35.770  1654  1693 E KernelUidCpuTimeReader: Failed to read uid_cputime: /proc/uid_cputime/show_uid_stat (No such file or directory)
02-20 21:24:35.770  1921  1921 D CdmaSSM : subscriptionSource from settings: 0
02-20 21:24:35.770  1921  1921 D CdmaSSM : cdmaSSM constructor: 0
02-20 21:24:35.770  1921  1921 D IccCardProxy: update icc_operator_numeric=
02-20 21:24:35.770  1921  1921 D TelephonyManager: setTelephonyProperty: success phoneId=0 property=gsm.sim.operator.numeric value:  propVal=
02-20 21:24:35.779  1921  1921 D TelephonyManager: setTelephonyProperty: success phoneId=0 property=gsm.sim.operator.iso-country value:  propVal=
02-20 21:24:35.783  1654  1654 I ActivityManager: user 0 is still locked. Cannot load recents
02-20 21:24:35.783  1654  1735 D WifiNative-HAL: Failing getSupportedFeatureset because HAL isn't started
02-20 21:24:35.784  1654  1693 E BatteryStatsService: no controller energy info supplied
02-20 21:24:35.784  1654  1693 E KernelCpuSpeedReader: Failed to read cpu-freq: /sys/devices/system/cpu/cpu0/cpufreq/stats/time_in_state (No such file or directory)
02-20 21:24:35.784  1654  1693 E KernelUidCpuTimeReader: Failed to read uid_cputime: /proc/uid_cputime/show_uid_stat (No such file or directory)
02-20 21:24:35.784  1921  1921 D TelephonyManager: setTelephonyProperty: success phoneId=0 property=gsm.sim.operator.alpha value:  propVal=
02-20 21:24:35.784  1921  1921 E IccCardProxy: setExternalState: set mPhoneId=0 mExternalState=NOT_READY
02-20 21:24:35.784  1921  1921 D TelephonyManager: setTelephonyProperty: success phoneId=0 property=gsm.sim.state value: NOT_READY propVal=NOT_READY
02-20 21:24:35.784  1921  1921 D IccCardProxy: broadcastIccStateChangedIntent intent ACTION_SIM_STATE_CHANGED value=NOT_READY reason=null for mPhoneId=0
02-20 21:24:35.799  1921  1921 D RILJ    : setPhoneType=1 old value=0 [SUB0]
02-20 21:24:35.800  1921  1921 D TelephonyManager: setTelephonyProperty: success phoneId=0 property=gsm.current.phone-type value: 1 propVal=1
02-20 21:24:35.800  1921  1921 D IccCardProxy: Setting radio tech UMTS
02-20 21:24:35.800  1921  1921 D IccCardProxy: updateQuietMode: 3GPP subscription -> newQuietMode=false
02-20 21:24:35.800  1921  1921 D IccCardProxy: updateQuietMode: no changes don't setExternalState
02-20 21:24:35.800  1921  1921 D IccCardProxy: updateQuietMode: QuietMode is false (app_type=1 cdmaSource=-1)
02-20 21:24:35.802  1921  1921 W CarrierConfigManager: Error getting config for subId -1 ICarrierConfigLoader is null
02-20 21:24:35.802  1654  1963 D TelephonyRegistry: listen oscl: hasNotifySubscriptionInfoChangedOccurred==false no callback
02-20 21:24:35.815  1654  1654 D TelephonyRegistry: notifyCellLocationForSubscriber: subId=0 cellLocation=Bundle[{}]
02-20 21:24:35.816  1921  1933 D SubscriptionController: [getPhoneId]- no sims, returning default phoneId=2147483647
02-20 21:24:35.824  1921  1921 D TelephonyManager: setTelephonyProperty: success phoneId=0 property=gsm.network.type value: Unknown propVal=Unknown
02-20 21:24:35.824  1921  1921 D RILJ    : [3654]> SIGNAL_STRENGTH [SUB0]
02-20 21:24:35.826  1374  1494 D RIL     : onRequest: SIGNAL_STRENGTH
02-20 21:24:35.827  1921  2019 D RilRequest: [3654]< SIGNAL_STRENGTH error: com.android.internal.telephony.CommandException: RADIO_NOT_AVAILABLE ret=
02-20 21:24:35.827  1921  1921 D SST     : notifyDataRegStateRilRadioTechnologyChanged: drs=1 rat=0
02-20 21:24:35.827  1921  1921 D TelephonyManager: setTelephonyProperty: success phoneId=0 property=gsm.network.type value: Unknown propVal=Unknown
02-20 21:24:35.846  1921  1921 D DCT     : [0]DCT.constructor
02-20 21:24:35.847  1654  1963 D TelephonyRegistry: listen oscl: hasNotifySubscriptionInfoChangedOccurred==false no callback
02-20 21:24:35.847  1921  1921 D Dcc     : E ctor
02-20 21:24:35.847  1921  1921 D Dcc     : X ctor
02-20 21:24:35.861  1654  1664 I art     : Background partial concurrent mark sweep GC freed 34941(2MB) AllocSpace objects, 12(7MB) LOS objects, 21% free, 14MB/18MB, paused 13.750ms total 112.705ms
02-20 21:24:35.861  1921  1921 D SubscriptionController: [getPhoneId] asked for default subId=-1
02-20 21:24:35.887  1921  2037 D DcTesterDeacativateAll: register for intent action=com.android.internal.telephony.dataconnection.action_deactivate_all
02-20 21:24:35.887  1921  2037 D DcTesterDeacativateAll: register for intent action=com.android.internal.telephony.action_detached
02-20 21:24:35.889  1921  1921 D DcTesterFailBrinupAll: register for intent action=com.android.internal.telephony.dataconnection.action_fail_bringup
02-20 21:24:35.889  1921  1921 D DcTesterFailBrinupAll: register for intent action=com.android.internal.telephony.action_detached
02-20 21:24:35.889  1921  1921 D DcTesterFailBrinupAll: register for intent action=com.android.internal.telephony.action_attached
02-20 21:24:35.908  1921  1921 D SST     : notifyDataRegStateRilRadioTechnologyChanged: drs=1 rat=0
02-20 21:24:35.908  1921  1921 D TelephonyManager: setTelephonyProperty: success phoneId=0 property=gsm.network.type value: Unknown propVal=Unknown
02-20 21:24:35.908  1921  1921 D DCT     : [0]update sub = -2
02-20 21:24:35.908  1921  1921 D DCT     : [0]update(): Active DDS, register for all events now!
02-20 21:24:35.909  1921  1921 D GsmCdmaPhone: [GsmCdmaPhone] updateCurrentCarrierInProvider: mSubId = -2 currentDds = 1 operatorNumeric = null
02-20 21:24:35.941  1921  1921 D DCT     : [0]initApnContexts: E
02-20 21:24:35.941  1921  1921 D DCT     : [0]initApnContexts: skipping unknown type=1
02-20 21:24:35.941  1921  1921 D DCT     : [0]initApnContexts: apnContext={mApnType=default mState=IDLE mWaitingApns={null} mApnSetting={null} mReason=dataEnabled mDataEnabled=false mDependencyMet=true}
02-20 21:24:35.941  1921  1921 D DCT     : [0]initApnContexts: apnContext={mApnType=mms mState=IDLE mWaitingApns={null} mApnSetting={null} mReason=dataEnabled mDataEnabled=false mDependencyMet=true}
02-20 21:24:35.941  1921  1921 D DCT     : [0]initApnContexts: apnContext={mApnType=supl mState=IDLE mWaitingApns={null} mApnSetting={null} mReason=dataEnabled mDataEnabled=false mDependencyMet=true}
02-20 21:24:35.941  1921  1921 D DCT     : [0]initApnContexts: apnContext={mApnType=hipri mState=IDLE mWaitingApns={null} mApnSetting={null} mReason=dataEnabled mDataEnabled=false mDependencyMet=true}
02-20 21:24:35.941  1921  1921 D DCT     : [0]initApnContexts: apnContext={mApnType=fota mState=IDLE mWaitingApns={null} mApnSetting={null} mReason=dataEnabled mDataEnabled=false mDependencyMet=true}
02-20 21:24:35.941  1921  1921 D DCT     : [0]initApnContexts: apnContext={mApnType=ims mState=IDLE mWaitingApns={null} mApnSetting={null} mReason=dataEnabled mDataEnabled=false mDependencyMet=true}
02-20 21:24:35.942  1921  1921 D DCT     : [0]initApnContexts: apnContext={mApnType=cbs mState=IDLE mWaitingApns={null} mApnSetting={null} mReason=dataEnabled mDataEnabled=false mDependencyMet=true}
02-20 21:24:35.942  1921  1921 D DCT     : [0]initApnContexts: skipping unknown type=13
02-20 21:24:35.942  1921  1921 D DCT     : [0]initApnContexts: apnContext={mApnType=ia mState=IDLE mWaitingApns={null} mApnSetting={null} mReason=dataEnabled mDataEnabled=false mDependencyMet=true}
02-20 21:24:35.942  1921  1921 D DCT     : [0]initApnContexts: apnContext={mApnType=emergency mState=IDLE mWaitingApns={null} mApnSetting={null} mReason=dataEnabled mDataEnabled=false mDependencyMet=true}
02-20 21:24:35.942  1921  2037 D Dcc     : DccDefaultState: msg.what=EVENT_RIL_CONNECTED mRilVersion=12
02-20 21:24:35.954  1921  1921 D GsmCdmaPhone: [GsmCdmaPhone] GsmCdmaPhone: constructor: sub = 0
02-20 21:24:35.954  1921  1921 I PhoneFactory: Creating Phone with type = 1 sub = 0
02-20 21:24:35.956  1921  1921 I PhoneFactory: defaultSmsApplication: NONE
02-20 21:24:35.957  1921  1921 I PhoneFactory: Creating SubInfoRecordUpdater 
02-20 21:24:35.971  1654  1690 W art     : Long monitor contention with owner android.display (1697) at void com.android.server.wm.WindowManagerService$H.handleMessage(android.os.Message)(WindowManagerService.java:8368) waiters=0 in void com.android.server.wm.WindowManagerService.performEnableScreen() for 203ms
02-20 21:24:35.971  1654  1690 I dvm_lock_sample: [system_server,1,ActivityManager,203,WindowManagerService.java,6036,-,8368,40]
02-20 21:24:35.971  1654  1691 W art     : Long monitor contention with owner android.display (1697) at void com.android.server.wm.WindowManagerService$H.handleMessage(android.os.Message)(WindowManagerService.java:8368) waiters=1 in void com.android.server.wm.WindowManagerService.updateRotationUnchecked(boolean, boolean) for 126ms
02-20 21:24:35.971  1654  1691 I dvm_lock_sample: [system_server,1,android.ui,126,WindowManagerService.java,6783,-,8368,25]
02-20 21:24:35.972  1654  1654 D RttService: SCAN_AVAILABLE : 3
02-20 21:24:35.972  1654  1738 D RttService: DefaultState got{ when=0 what=160512 target=com.android.internal.util.StateMachine$SmHandler }
02-20 21:24:35.977  1654  1737 I WifiScanningService: wifi driver loaded with scan capabilities: max buckets=16
02-20 21:24:35.977  1921  1921 D SubscriptionInfoUpdater: Constructor invoked
02-20 21:24:35.982  1654  1690 I am_proc_start: [0,2039,10004,com.android.cellbroadcastreceiver,broadcast,com.android.cellbroadcastreceiver/.CellBroadcastReceiver]
02-20 21:24:35.982  1654  1690 I ActivityManager: Start proc 2039:com.android.cellbroadcastreceiver/u0a4 for broadcast com.android.cellbroadcastreceiver/.CellBroadcastReceiver
02-20 21:24:35.986  2039  2039 W art     : Unexpected CPU variant for X86 using defaults: x86_64
02-20 21:24:35.987  1769  1769 I OpaLayout: Setting opa enabled to false
02-20 21:24:35.991  1769  1769 I OpaLayout: Setting opa enabled to false
02-20 21:24:36.002  1654  1852 D TelephonyRegistry: listen oscl: hasNotifySubscriptionInfoChangedOccurred==false no callback
02-20 21:24:36.002  1921  1921 D SubscriptionController: [getPhoneId]- no sims, returning default phoneId=2147483647
02-20 21:24:36.005  1654  1963 D TelephonyRegistry: listen oscl: hasNotifySubscriptionInfoChangedOccurred==false no callback
02-20 21:24:36.005  1921  1921 D PhoneSwitcherNetworkRequstListener: Registering NetworkFactory
02-20 21:24:36.005  1654  1739 D ConnectivityService: Got NetworkFactory Messenger for PhoneSwitcherNetworkRequstListener
02-20 21:24:36.006  1921  1921 D PhoneSwitcher: PhoneSwitcher started
02-20 21:24:36.006  1921  1921 D ProxyController: Constructor - Enter
02-20 21:24:36.007  1654  1782 I am_proc_bound: [0,2039,com.android.cellbroadcastreceiver]
02-20 21:24:36.008  1921  1921 D ProxyController: clearTransaction
02-20 21:24:36.008  1921  1921 D ProxyController: clearTransaction: phoneId=0 status=IDLE
02-20 21:24:36.008  1921  1921 D ProxyController: Constructor - Exit
02-20 21:24:36.009  1921  1921 D TelephonyNetworkFactory[0]: Registering NetworkFactory
02-20 21:24:36.009  1654  1739 D ConnectivityService: Got NetworkFactory Messenger for TelephonyNetworkFactory[0]
02-20 21:24:36.009  1921  1921 D CallManager: registerPhone(GSM Handler (com.android.internal.telephony.GsmCdmaPhone) {92a923c})
02-20 21:24:36.010  1654  1687 D TelephonyRegistry: listen oscl: hasNotifySubscriptionInfoChangedOccurred==false no callback
02-20 21:24:36.013  1769  1769 W System  : ClassLoader referenced unknown path: 
02-20 21:24:36.013  1769  1769 W System  : ClassLoader referenced unknown path: /system/priv-app/Dialer/lib/x86_64
02-20 21:24:36.014  1769  1769 D ApplicationLoaders: ignored Vulkan layer search path /system/priv-app/Dialer/lib/x86_64:/system/lib64:/vendor/lib64 for namespace 0x78b495eb90f0
02-20 21:24:36.016  1654  1745 E ActivityThread: Failed to find provider info for com.android.calendar
02-20 21:24:36.017  1654  1745 E ActivityThread: Failed to find provider info for com.android.calendar
02-20 21:24:36.025  2039  2039 W System  : ClassLoader referenced unknown path: /system/priv-app/CellBroadcastReceiver/lib/x86_64
02-20 21:24:36.029  1654  1744 D NotificationSQLiteLog: Pruned event entries: 0
02-20 21:24:36.045  1769  1769 E BluetoothAdapter: Bluetooth binder is null
02-20 21:24:36.049  1654  1963 D TelephonyRegistry: listen oscl: hasNotifySubscriptionInfoChangedOccurred==false no callback
02-20 21:24:36.058  1921  1933 D SubscriptionController: [getActiveSubInfoList] Sub Controller not ready
02-20 21:24:36.059  1769  1769 I CameraManagerGlobal: Connecting to camera service
02-20 21:24:36.059  1921  1935 D SubscriptionController: [getActiveSubInfoList] Sub Controller not ready
02-20 21:24:36.059  1365  1365 V EmulatedCamera_Camera: getCameraInfo
02-20 21:24:36.060  1365  1365 V EmulatedCamera_BaseCamera: getCameraInfo
02-20 21:24:36.060  1365  1365 I CameraService: getCameraCharacteristics: Switching to HAL1 shim implementation...
02-20 21:24:36.060  1365  1365 V EmulatedCamera_Camera: getCameraInfo
02-20 21:24:36.060  1365  1365 V EmulatedCamera_BaseCamera: getCameraInfo
02-20 21:24:36.060  1365  1365 I CameraService: CameraService::connect call (PID -1 "cameraserver", camera ID 0) for HAL version default and Camera API version 1
02-20 21:24:36.060  1365  1365 E CameraService: getCameraPriorityFromProcState: Received invalid process state -1 from ActivityManagerService!
02-20 21:24:36.060  1365  1365 V EmulatedCamera_Camera: getCameraInfo
02-20 21:24:36.060  1365  1365 V EmulatedCamera_BaseCamera: getCameraInfo
02-20 21:24:36.067  1372  2059 E WVMExtractor: Failed to open libwvm.so: dlopen failed: library "libwvm.so" not found
02-20 21:24:36.086  1372  2058 D NuPlayerDriver: notifyListener_l(0xf4193480), (1, 0, 0), loop setting(0, 0)
02-20 21:24:36.102  1372  2060 D NuPlayerDriver: notifyListener_l(0xf59a9080), (1, 0, 0), loop setting(0, 0)
02-20 21:24:36.104  1654  1689 I SyncManager: Got SyncJobService instance.
02-20 21:24:36.105  1654  1654 I FusedLocation: engine started (com.android.location.fused)
02-20 21:24:36.106  1921  1935 D SubscriptionController: [getPhoneId]- no sims, returning default phoneId=2147483647
02-20 21:24:36.120  1921  1921 D CarrierConfigLoader: CarrierConfigLoader has started
02-20 21:24:36.121  1921  1921 E BluetoothAdapter: Bluetooth binder is null
02-20 21:24:36.121  1654  1687 D TelephonyRegistry: listen oscl: hasNotifySubscriptionInfoChangedOccurred==false no callback
02-20 21:24:36.121  1372  2062 D NuPlayerDriver: notifyListener_l(0xf59a9200), (1, 0, 0), loop setting(0, 0)
02-20 21:24:36.122  1921  2063 E ActivityThread: Failed to find provider info for com.android.contacts
02-20 21:24:36.122  1921  2063 W CallerInfoCache: cursor is null
02-20 21:24:36.123  1365  1365 I CameraFlashlight: Opening camera 0
02-20 21:24:36.123  1365  1365 V EmulatedCamera_Camera: getCameraInfo
02-20 21:24:36.123  1365  1365 V EmulatedCamera_BaseCamera: getCameraInfo
02-20 21:24:36.123  1365  1365 V EmulatedCamera_Camera: connectCamera
02-20 21:24:36.123  1365  1365 V EmulatedCamera_FakeDevice: connectDevice
02-20 21:24:36.123  1365  1365 V EmulatedCamera_CallbackNotifier: setCallbacks: 0xf17f7e80, 0xf17f7ed0, 0xf17f7ff0, 0xf17f8110 (0xf11c3320)
02-20 21:24:36.123  1365  1365 V EmulatedCamera_CallbackNotifier: enableMessage: msg_type = 0xc0d
02-20 21:24:36.123  1365  1365 V EmulatedCamera_CallbackNotifier:     CAMERA_MSG_ERROR
02-20 21:24:36.123  1365  1365 V EmulatedCamera_CallbackNotifier:     CAMERA_MSG_FOCUS
02-20 21:24:36.123  1365  1365 V EmulatedCamera_CallbackNotifier:     CAMERA_MSG_ZOOM
02-20 21:24:36.123  1365  1365 V EmulatedCamera_CallbackNotifier:     CAMERA_MSG_PREVIEW_METADATA
02-20 21:24:36.123  1365  1365 V EmulatedCamera_CallbackNotifier: **** Currently enabled messages:
02-20 21:24:36.123  1365  1365 V EmulatedCamera_CallbackNotifier:     CAMERA_MSG_ERROR
02-20 21:24:36.123  1365  1365 V EmulatedCamera_CallbackNotifier:     CAMERA_MSG_FOCUS
02-20 21:24:36.123  1365  1365 V EmulatedCamera_CallbackNotifier:     CAMERA_MSG_ZOOM
02-20 21:24:36.123  1365  1365 V EmulatedCamera_CallbackNotifier:     CAMERA_MSG_PREVIEW_METADATA
02-20 21:24:36.123  1365  1365 V EmulatedCamera_CallbackNotifier: disableMessage: msg_type = 0xffff
02-20 21:24:36.123  1365  1365 V EmulatedCamera_CallbackNotifier:     CAMERA_MSG_ERROR
02-20 21:24:36.123  1365  1365 V EmulatedCamera_CallbackNotifier:     CAMERA_MSG_SHUTTER
02-20 21:24:36.123  1365  1365 V EmulatedCamera_CallbackNotifier:     CAMERA_MSG_FOCUS
02-20 21:24:36.123  1365  1365 V EmulatedCamera_CallbackNotifier:     CAMERA_MSG_ZOOM
02-20 21:24:36.123  1365  1365 V EmulatedCamera_CallbackNotifier:     CAMERA_MSG_PREVIEW_FRAME
02-20 21:24:36.123  1365  1365 V EmulatedCamera_CallbackNotifier:     CAMERA_MSG_VIDEO_FRAME
02-20 21:24:36.123  1365  1365 V EmulatedCamera_CallbackNotifier:     CAMERA_MSG_POSTVIEW_FRAME
02-20 21:24:36.123  1365  1365 V EmulatedCamera_CallbackNotifier:     CAMERA_MSG_RAW_IMAGE
02-20 21:24:36.123  1365  1365 V EmulatedCamera_CallbackNotifier:     CAMERA_MSG_COMPRESSED_IMAGE
02-20 21:24:36.123  1365  1365 V EmulatedCamera_CallbackNotifier:     CAMERA_MSG_RAW_IMAGE_NOTIFY
02-20 21:24:36.123  1365  1365 V EmulatedCamera_CallbackNotifier:     CAMERA_MSG_PREVIEW_METADATA
02-20 21:24:36.123  1365  1365 V EmulatedCamera_CallbackNotifier: **** Currently enabled messages:
02-20 21:24:36.123  1365  1365 V EmulatedCamera_Preview: setPreviewWindow: current: 0x0 -> new: 0x0
02-20 21:24:36.123  1365  1365 V EmulatedCamera_Camera: doStopPreview
02-20 21:24:36.124  1365  1365 V EmulatedCamera_Camera: cancelPicture
02-20 21:24:36.124  1365  1365 V EmulatedCamera_Camera: releaseCamera
02-20 21:24:36.124  1365  1365 V EmulatedCamera_Camera: doStopPreview
02-20 21:24:36.124  1365  1365 V EmulatedCamera_FakeDevice: disconnectDevice
02-20 21:24:36.124  1365  1365 W EmulatedCamera_Device: Initialize: Emulated camera device is already initialized: mState = 1
02-20 21:24:36.124  1365  1365 D EmulatedCamera_FakeCamera: Initialize: Fake camera is facing back
02-20 21:24:36.124  1365  1365 V EmulatedCamera_Device: initializeWhiteBalanceModes with auto, 1.000000, 1.000000
02-20 21:24:36.124  1365  1365 V EmulatedCamera_Device: initializeWhiteBalanceModes with incandescent, 1.380000, 0.600000
02-20 21:24:36.124  1365  1365 V EmulatedCamera_Device: initializeWhiteBalanceModes with daylight, 1.090000, 0.920000
02-20 21:24:36.124  1365  1365 V EmulatedCamera_Device: initializeWhiteBalanceModes with twilight, 0.920000, 1.220000
02-20 21:24:36.124  1365  1365 V EmulatedCamera_Device: setWhiteBalanceMode with white balance auto
02-20 21:24:36.124  1365  1365 I CameraFlashlight: Destroying camera 0
02-20 21:24:36.124  1365  1365 V EmulatedCamera_Camera: closeCamera
02-20 21:24:36.124  1365  1365 V EmulatedCamera_Camera: doStopPreview
02-20 21:24:36.124  1365  1365 W EmulatedCamera_Device: Initialize: Emulated camera device is already initialized: mState = 1
02-20 21:24:36.124  1365  1365 D EmulatedCamera_FakeCamera: Initialize: Fake camera is facing back
02-20 21:24:36.124  1365  1365 V EmulatedCamera_Device: initializeWhiteBalanceModes with auto, 1.000000, 1.000000
02-20 21:24:36.124  1365  1365 V EmulatedCamera_Device: initializeWhiteBalanceModes with incandescent, 1.380000, 0.600000
02-20 21:24:36.124  1365  1365 V EmulatedCamera_Device: initializeWhiteBalanceModes with daylight, 1.090000, 0.920000
02-20 21:24:36.124  1365  1365 V EmulatedCamera_Device: initializeWhiteBalanceModes with twilight, 0.920000, 1.220000
02-20 21:24:36.124  1365  1365 V EmulatedCamera_Device: setWhiteBalanceMode with white balance auto
02-20 21:24:36.126  1365  1365 I CameraService: disconnect: Disconnected client for camera 0 for PID 1365
02-20 21:24:36.126  1372  1861 D NuPlayerDriver: reset(0xf4193480) at state 4
02-20 21:24:36.126  1372  1861 D NuPlayerDriver: notifyListener_l(0xf4193480), (8, 0, 0), loop setting(0, 0)
02-20 21:24:36.126  1372  2058 D NuPlayerDriver: notifyResetComplete(0xf4193480)
02-20 21:24:36.128  1372  1861 D NuPlayerDriver: reset(0xf59a9080) at state 4
02-20 21:24:36.128  1372  1861 D NuPlayerDriver: notifyListener_l(0xf59a9080), (8, 0, 0), loop setting(0, 0)
02-20 21:24:36.128  1372  2060 D NuPlayerDriver: notifyResetComplete(0xf59a9080)
02-20 21:24:36.138  1372  1372 D NuPlayerDriver: reset(0xf59a9200) at state 4
02-20 21:24:36.138  1372  1372 D NuPlayerDriver: notifyListener_l(0xf59a9200), (8, 0, 0), loop setting(0, 0)
02-20 21:24:36.139  1372  2062 D NuPlayerDriver: notifyResetComplete(0xf59a9200)
02-20 21:24:36.141  1365  1707 V EmulatedCamera_Camera: getCameraInfo
02-20 21:24:36.141  1365  1707 V EmulatedCamera_BaseCamera: getCameraInfo
02-20 21:24:36.141  1365  1365 V EmulatedCamera_Camera: getCameraInfo
02-20 21:24:36.141  1365  1365 V EmulatedCamera_BaseCamera: getCameraInfo
02-20 21:24:36.152  1769  1769 I StatusBar: isKeyguardShowing() called before startKeyguard(), returning true
02-20 21:24:36.152  1769  1769 W StatusBar: isKeyguardSecure() called before startKeyguard(), returning false
02-20 21:24:36.152  1769  1769 W StatusBar: java.lang.Throwable
02-20 21:24:36.152  1769  1769 W StatusBar: 	at com.android.systemui.statusbar.BaseStatusBar.isKeyguardSecure(BaseStatusBar.java:2647)
02-20 21:24:36.152  1769  1769 W StatusBar: 	at com.android.systemui.statusbar.BaseStatusBar.isCameraAllowedByAdmin(BaseStatusBar.java:2670)
02-20 21:24:36.152  1769  1769 W StatusBar: 	at com.android.systemui.statusbar.phone.KeyguardBottomAreaView.updateCameraVisibility(KeyguardBottomAreaView.java:309)
02-20 21:24:36.152  1769  1769 W StatusBar: 	at com.android.systemui.statusbar.phone.KeyguardBottomAreaView.setPhoneStatusBar(KeyguardBottomAreaView.java:272)
02-20 21:24:36.152  1769  1769 W StatusBar: 	at com.android.systemui.statusbar.phone.PhoneStatusBar.makeStatusBarView(PhoneStatusBar.java:904)
02-20 21:24:36.152  1769  1769 W StatusBar: 	at com.android.systemui.statusbar.phone.PhoneStatusBar.addStatusBarWindow(PhoneStatusBar.java:3432)
02-20 21:24:36.152  1769  1769 W StatusBar: 	at com.android.systemui.statusbar.phone.PhoneStatusBar.createAndAddWindows(PhoneStatusBar.java:3428)
02-20 21:24:36.152  1769  1769 W StatusBar: 	at com.android.systemui.statusbar.BaseStatusBar.start(BaseStatusBar.java:765)
02-20 21:24:36.152  1769  1769 W StatusBar: 	at com.android.systemui.statusbar.phone.PhoneStatusBar.start(PhoneStatusBar.java:686)
02-20 21:24:36.152  1769  1769 W StatusBar: 	at com.android.systemui.statusbar.SystemBars.createStatusBarFromConfig(SystemBars.java:106)
02-20 21:24:36.152  1769  1769 W StatusBar: 	at com.android.systemui.statusbar.SystemBars.onNoService(SystemBars.java:58)
02-20 21:24:36.152  1769  1769 W StatusBar: 	at com.android.systemui.statusbar.ServiceMonitor.startService(ServiceMonitor.java:230)
02-20 21:24:36.152  1769  1769 W StatusBar: 	at com.android.systemui.statusbar.ServiceMonitor.-wrap5(ServiceMonitor.java)
02-20 21:24:36.152  1769  1769 W StatusBar: 	at com.android.systemui.statusbar.ServiceMonitor$1.handleMessage(ServiceMonitor.java:73)
02-20 21:24:36.152  1769  1769 W StatusBar: 	at android.os.Handler.dispatchMessage(Handler.java:102)
02-20 21:24:36.152  1769  1769 W StatusBar: 	at android.os.Looper.loop(Looper.java:154)
02-20 21:24:36.152  1769  1769 W StatusBar: 	at android.app.ActivityThread.main(ActivityThread.java:6119)
02-20 21:24:36.152  1769  1769 W StatusBar: 	at java.lang.reflect.Method.invoke(Native Method)
02-20 21:24:36.152  1769  1769 W StatusBar: 	at com.android.internal.os.ZygoteInit$MethodAndArgsCaller.run(ZygoteInit.java:886)
02-20 21:24:36.152  1769  1769 W StatusBar: 	at com.android.internal.os.ZygoteInit.main(ZygoteInit.java:776)
02-20 21:24:36.153  1769  1769 I StatusBar: isKeyguardShowing() called before startKeyguard(), returning true
02-20 21:24:36.153  1769  1769 W StatusBar: isKeyguardSecure() called before startKeyguard(), returning false
02-20 21:24:36.153  1769  1769 W StatusBar: java.lang.Throwable
02-20 21:24:36.153  1769  1769 W StatusBar: 	at com.android.systemui.statusbar.BaseStatusBar.isKeyguardSecure(BaseStatusBar.java:2647)
02-20 21:24:36.153  1769  1769 W StatusBar: 	at com.android.systemui.statusbar.BaseStatusBar.isCameraAllowedByAdmin(BaseStatusBar.java:2670)
02-20 21:24:36.153  1769  1769 W StatusBar: 	at com.android.systemui.statusbar.phone.KeyguardBottomAreaView.updateCameraVisibility(KeyguardBottomAreaView.java:309)
02-20 21:24:36.153  1769  1769 W StatusBar: 	at com.android.systemui.statusbar.phone.KeyguardBottomAreaView.setUserSetupComplete(KeyguardBottomAreaView.java:281)
02-20 21:24:36.153  1769  1769 W StatusBar: 	at com.android.systemui.statusbar.phone.PhoneStatusBar.makeStatusBarView(PhoneStatusBar.java:905)
02-20 21:24:36.153  1769  1769 W StatusBar: 	at com.android.systemui.statusbar.phone.PhoneStatusBar.addStatusBarWindow(PhoneStatusBar.java:3432)
02-20 21:24:36.153  1769  1769 W StatusBar: 	at com.android.systemui.statusbar.phone.PhoneStatusBar.createAndAddWindows(PhoneStatusBar.java:3428)
02-20 21:24:36.153  1769  1769 W StatusBar: 	at com.android.systemui.statusbar.BaseStatusBar.start(BaseStatusBar.java:765)
02-20 21:24:36.153  1769  1769 W StatusBar: 	at com.android.systemui.statusbar.phone.PhoneStatusBar.start(PhoneStatusBar.java:686)
02-20 21:24:36.153  1769  1769 W StatusBar: 	at com.android.systemui.statusbar.SystemBars.createStatusBarFromConfig(SystemBars.java:106)
02-20 21:24:36.153  1769  1769 W StatusBar: 	at com.android.systemui.statusbar.SystemBars.onNoService(SystemBars.java:58)
02-20 21:24:36.153  1769  1769 W StatusBar: 	at com.android.systemui.statusbar.ServiceMonitor.startService(ServiceMonitor.java:230)
02-20 21:24:36.153  1769  1769 W StatusBar: 	at com.android.systemui.statusbar.ServiceMonitor.-wrap5(ServiceMonitor.java)
02-20 21:24:36.153  1769  1769 W StatusBar: 	at com.android.systemui.statusbar.ServiceMonitor$1.handleMessage(ServiceMonitor.java:73)
02-20 21:24:36.153  1769  1769 W StatusBar: 	at android.os.Handler.dispatchMessage(Handler.java:102)
02-20 21:24:36.153  1769  1769 W StatusBar: 	at android.os.Looper.loop(Looper.java:154)
02-20 21:24:36.153  1769  1769 W StatusBar: 	at android.app.ActivityThread.main(ActivityThread.java:6119)
02-20 21:24:36.153  1769  1769 W StatusBar: 	at java.lang.reflect.Method.invoke(Native Method)
02-20 21:24:36.153  1769  1769 W StatusBar: 	at com.android.internal.os.ZygoteInit$MethodAndArgsCaller.run(ZygoteInit.java:886)
02-20 21:24:36.153  1769  1769 W StatusBar: 	at com.android.internal.os.ZygoteInit.main(ZygoteInit.java:776)
02-20 21:24:36.163  1921  1921 D RILJ    : [3655]> RIL_REQUEST_SET_TTY_MODE : 0 [SUB0]
02-20 21:24:36.163  1921  1921 I Telephony: TtyManager: updateUiTtyMode -1 -> 0
02-20 21:24:36.163  1374  1494 D RIL     : onRequest: SET_TTY_MODE
02-20 21:24:36.164  1921  1933 D SubscriptionController: [getPhoneId] asked for default subId=-1
02-20 21:24:36.164  1921  2019 D RilRequest: [3655]< RIL_REQUEST_SET_TTY_MODE error: com.android.internal.telephony.CommandException: RADIO_NOT_AVAILABLE ret=
02-20 21:24:36.167  1654  1688 D TelephonyRegistry: listen oscl: hasNotifySubscriptionInfoChangedOccurred==false no callback
02-20 21:24:36.167  1921  1921 D SubscriptionController: [getPhoneId] asked for default subId=-1
02-20 21:24:36.171  1921  1921 D UiccController: Received EVENT_ICC_STATUS_CHANGED, calling getIccCardStatus
02-20 21:24:36.171  1921  1921 D RILJ    : [3656]> GET_SIM_STATUS [SUB0]
02-20 21:24:36.179  1374  1494 D RIL     : onRequest: GET_SIM_STATUS
02-20 21:24:36.179  1374  1494 D RIL     : getSIMStatus(). sState: 0
02-20 21:24:36.179  1921  2019 D RILJ    : [3656]< GET_SIM_STATUS IccCardState {CARDSTATE_PRESENT,PINSTATE_UNKNOWN,num_apps=2,gsm_id=0{APPTYPE_SIM,APPSTATE_DETECTED},cdma_id=1{APPTYPE_RUIM,APPSTATE_DETECTED},ims_id=8} [SUB0]
02-20 21:24:36.182  1921  1921 D Phone   : config LCE service failed: com.android.internal.telephony.CommandException: RADIO_NOT_AVAILABLE
02-20 21:24:36.182  1921  1921 D GsmSMSDispatcher: GsmSMSDispatcher: subId = -2 slotId = 0
02-20 21:24:36.182  1921  1921 E IccCardProxy: setExternalState: !override and newstate unchanged from NOT_READY
02-20 21:24:36.182  1921  1921 D RILJ    : [3657]> BASEBAND_VERSION [SUB0]
02-20 21:24:36.182  1365  1707 V EmulatedCamera_Camera: getCameraInfo
02-20 21:24:36.182  1365  1707 V EmulatedCamera_BaseCamera: getCameraInfo
02-20 21:24:36.182  1365  1365 V EmulatedCamera_Camera: getCameraInfo
02-20 21:24:36.182  1365  1365 V EmulatedCamera_BaseCamera: getCameraInfo
02-20 21:24:36.182  1374  1494 D RIL     : onRequest: BASEBAND_VERSION
02-20 21:24:36.182  1921  1921 D RILJ    : [3658]> GET_IMEI [SUB0]
02-20 21:24:36.182  1921  2019 D RilRequest: [3657]< BASEBAND_VERSION error: com.android.internal.telephony.CommandException: RADIO_NOT_AVAILABLE ret=
02-20 21:24:36.183  1374  1494 D RIL     : onRequest: GET_IMEI
02-20 21:24:36.183  1374  1494 D AT      : AT> AT+CGSN
02-20 21:24:36.183  1921  1921 D RILJ    : [3659]> GET_IMEISV [SUB0]
02-20 21:24:36.183  1374  1496 D AT      : AT< 000000000000000
02-20 21:24:36.183  1374  1496 D AT      : AT< OK
02-20 21:24:36.183  1921  2019 D RILJ    : [3658]< GET_IMEI  [SUB0]
02-20 21:24:36.183  1374  1494 D RIL     : onRequest: GET_IMEISV
02-20 21:24:36.183  1921  1921 D RILJ    : [3660]> RIL_REQUEST_GET_RADIO_CAPABILITY [SUB0]
02-20 21:24:36.183  1921  2019 D RilRequest: [3659]< GET_IMEISV error: com.android.internal.telephony.CommandException: RADIO_NOT_AVAILABLE ret=
02-20 21:24:36.183  1374  1494 D RIL     : onRequest: RIL_REQUEST_GET_RADIO_CAPABILITY
02-20 21:24:36.183  1921  1921 D RILJ    : [3661]> RIL_REQUEST_START_LCE [SUB0]
02-20 21:24:36.183  1374  1494 D RIL     : onRequest: <unknown request>
02-20 21:24:36.183  1921  1921 D GsmCdmaPhone: [GsmCdmaPhone] Event EVENT_RADIO_OFF_OR_NOT_AVAILABLE Received
02-20 21:24:36.183  1921  1921 E IccCardProxy: setExternalState: !override and newstate unchanged from NOT_READY
02-20 21:24:36.183  1921  1921 D SST     : mDeviceShuttingDown=false, mDesiredPowerState=true, getRadioState=RADIO_OFF, mPowerOffDelayNeed=true, mAlarmSwitch=false, mRadioDisabledByCarrier=false
02-20 21:24:36.183  1921  1921 D RILJ    : [3662]> RADIO_POWER on [SUB0]
02-20 21:24:36.184  1374  1494 D RIL     : onRequest: RADIO_POWER
02-20 21:24:36.184  1374  1494 D AT      : AT> AT+CFUN=1
02-20 21:24:36.184  1921  1921 D RILJ    : [3663]> OPERATOR [SUB0]
02-20 21:24:36.184  1921  1921 D RILJ    : [3664]> DATA_REGISTRATION_STATE [SUB0]
02-20 21:24:36.184  1921  1921 D RILJ    : [3665]> VOICE_REGISTRATION_STATE [SUB0]
02-20 21:24:36.184  1921  1921 D RILJ    : [3666]> QUERY_NETWORK_SELECTION_MODE [SUB0]
02-20 21:24:36.184  1921  1921 D SST     : NITZ: 18/02/20:21:24:30+0:0:Unknown!Unknown,4477 start=12184 delay=7707
02-20 21:24:36.184  1921  1921 D SST     : NITZ: tzOffset=0 dst=0 zone=GMT iso= mGotCountryCode=false mNeedFixZoneAfterNitz=false
02-20 21:24:36.185  1921  1921 D SST     : setAndBroadcastNetworkSetTimeZone: setTimeZone=GMT
02-20 21:24:36.185  1654  1852 D AlarmManagerService: Kernel timezone updated to 0 minutes west of GMT
02-20 21:24:36.185  1921  1921 D SST     : setAndBroadcastNetworkSetTimeZone: call alarm.setTimeZone and broadcast zoneId=GMT
02-20 21:24:36.186  1921  1921 D SST     : NITZ: Setting time of day to Tue Feb 20 21:24:37 GMT+00:00 2018 NITZ receive delay(ms): 7708 gained(ms): 1522 from 18/02/20:21:24:30+0:0:Unknown!Unknown
02-20 21:24:36.186  1921  1921 D SST     : setAndBroadcastNetworkSetTime: time=1519161877708ms
02-20 21:24:36.186  1654  1963 D AlarmManagerService: Setting time of day to sec=1519161877
02-20 21:24:37.712  1921  2019 D RilRequest: [3660]< RIL_REQUEST_GET_RADIO_CAPABILITY error: com.android.internal.telephony.CommandException: RADIO_NOT_AVAILABLE ret=
02-20 21:24:37.712  1921  2019 D RilRequest: [3661]< RIL_REQUEST_START_LCE error: com.android.internal.telephony.CommandException: RADIO_NOT_AVAILABLE ret=
02-20 21:24:37.713  1374  1496 D AT      : AT< OK
02-20 21:24:37.713  1374  1494 D RIL     : setRadioState(10)
02-20 21:24:37.713  1374  1494 D RIL     : onRequest: OPERATOR
02-20 21:24:37.713  1374  1494 D AT      : AT> AT+COPS=3,0;+COPS?;+COPS=3,1;+COPS?;+COPS=3,2;+COPS?
02-20 21:24:37.715  1921  2019 D RILJ    : [UNSL]< UNSOL_RESPONSE_RADIO_STATE_CHANGED RADIO_ON [SUB0]
02-20 21:24:37.715  1921  2019 D RILJ    : [UNSL]< UNSOL_RESPONSE_SIM_STATUS_CHANGED [SUB0]
02-20 21:24:37.715  1921  2019 D RILJ    : [3662]< RADIO_POWER  [SUB0]
02-20 21:24:37.716  1654  1963 W AlarmManagerService: Unable to set rtc to 1519161877: No such device
02-20 21:24:37.716  1374  1496 D AT      : AT< +COPS: 0,0,"Android"
02-20 21:24:37.716  1374  1496 D AT      : AT< +COPS: 0,1,"Android"
02-20 21:24:37.716  1374  1496 D AT      : AT< +COPS: 0,2,"310260"
02-20 21:24:37.716  1374  1496 D AT      : AT< OK
02-20 21:24:37.729  1654  1654 D ConditionProviders.SCP: onReceive android.intent.action.TIME_SET
02-20 21:24:37.730  1654  1654 D ConditionProviders.SCP: notifyCondition condition://android/schedule?days=6.7&start=23.30&end=10.0&exitAtAlarm=false STATE_FALSE reason=!meetsSchedule
02-20 21:24:37.730  1654  1654 D ConditionProviders.SCP: notifyCondition condition://android/schedule?days=1.2.3.4.5&start=22.0&end=7.0&exitAtAlarm=false STATE_FALSE reason=!meetsSchedule
02-20 21:24:37.730  1654  1654 D ConditionProviders.SCP: Scheduling evaluate for Tue Feb 20 22:00:00 GMT+00:00 2018 (1519164000000), in +35m22s271ms, now=Tue Feb 20 21:24:37 GMT+00:00 2018 (1519161877729)
02-20 21:24:37.730  1374  1494 D RIL     : onRequest: DATA_REGISTRATION_STATE
02-20 21:24:37.730  1374  1494 D RIL     : requestRegistrationState
02-20 21:24:37.730  1374  1494 D AT      : AT> AT+CGREG?
02-20 21:24:37.730  1921  2019 D RILJ    : [3663]< OPERATOR {Android, Android, 310260} [SUB0]
02-20 21:24:37.731  1374  1496 D AT      : AT< +CGREG: 1,1,"0003","005b","000e"
02-20 21:24:37.731  1374  1496 D AT      : AT< OK
02-20 21:24:37.732  1374  1494 D RIL     : parseRegistrationState. Parsing: +CGREG: 1,1,"0003","005b","000e"
02-20 21:24:37.732  1374  1494 D RIL     : registration state type: 3GPP
02-20 21:24:37.733  1374  1494 D RIL     : onRequest: VOICE_REGISTRATION_STATE
02-20 21:24:37.733  1374  1494 D RIL     : requestRegistrationState
02-20 21:24:37.733  1374  1494 D AT      : AT> AT+CREG?
02-20 21:24:37.733  1921  2019 D RILJ    : [3664]< DATA_REGISTRATION_STATE {1, 3, 5b, 14, null, null} [SUB0]
02-20 21:24:37.733  1374  1496 D AT      : AT< +CREG: 2,1, "0003", "005b"
02-20 21:24:37.733  1374  1496 D AT      : AT< OK
02-20 21:24:37.735  1374  1494 D RIL     : parseRegistrationState. Parsing: +CREG: 2,1, "0003", "005b"
02-20 21:24:37.735  1374  1494 D RIL     : registration state type: 3GPP
02-20 21:24:37.735  1374  1494 D RIL     : onRequest: QUERY_NETWORK_SELECTION_MODE
02-20 21:24:37.735  1374  1494 D AT      : AT> AT+COPS?
02-20 21:24:37.735  1921  2019 D RILJ    : [3665]< VOICE_REGISTRATION_STATE {1, 3, 5b, 0, null, null, null, null, null, null, null, null, null, null, null} [SUB0]
02-20 21:24:37.735  1374  1496 D AT      : AT< +COPS: 0,2,310260
02-20 21:24:37.735  1374  1496 D AT      : AT< OK
02-20 21:24:37.735  1921  2019 D RILJ    : [3666]< QUERY_NETWORK_SELECTION_MODE {0} [SUB0]
02-20 21:24:37.737  1921  1921 I SST     : NITZ: after Setting time of day
02-20 21:24:37.737  1921  1921 D SST     : NITZ: end=12215 dur=31
02-20 21:24:37.737  1921  1921 D SST     : mDeviceShuttingDown=false, mDesiredPowerState=true, getRadioState=RADIO_ON, mPowerOffDelayNeed=true, mAlarmSwitch=false, mRadioDisabledByCarrier=false
02-20 21:24:37.737  1921  1921 D RILJ    : [3667]> OPERATOR [SUB0]
02-20 21:24:37.738  1654  1745 E ActivityThread: Failed to find provider info for com.android.calendar
02-20 21:24:37.738  1654  1745 E ActivityThread: Failed to find provider info for com.android.calendar
02-20 21:24:37.746  1921  1921 D RILJ    : [3668]> DATA_REGISTRATION_STATE [SUB0]
02-20 21:24:37.746  1921  1921 D RILJ    : [3669]> VOICE_REGISTRATION_STATE [SUB0]
02-20 21:24:37.746  1921  1921 D RILJ    : [3670]> QUERY_NETWORK_SELECTION_MODE [SUB0]
02-20 21:24:37.746  1921  1921 D SST     : onSignalStrengthResult() Exception from RIL : com.android.internal.telephony.CommandException: RADIO_NOT_AVAILABLE
02-20 21:24:37.746  1921  1921 D DCT     : [0]onRadioAvailable
02-20 21:24:37.746  1921  1921 D DCT     : [0]onRadioOffOrNotAvailable: is off and clean up all connections
02-20 21:24:37.747  1921  1921 D DCT     : [0]cleanUpAllConnections: tearDown=false reason=radioTurnedOff
02-20 21:24:37.747  1921  1921 D GsmCdmaPhone: [GsmCdmaPhone] getDataConnectionState apnType=default ret=DISCONNECTED
02-20 21:24:37.750  1374  1494 D RIL     : onRequest: OPERATOR
02-20 21:24:37.750  1374  1494 D AT      : AT> AT+COPS=3,0;+COPS?;+COPS=3,1;+COPS?;+COPS=3,2;+COPS?
02-20 21:24:37.750  1374  1496 D AT      : AT< +COPS: 0,0,"Android"
02-20 21:24:37.750  1374  1496 D AT      : AT< +COPS: 0,1,"Android"
02-20 21:24:37.750  1374  1496 D AT      : AT< +COPS: 0,2,"310260"
02-20 21:24:37.750  1374  1496 D AT      : AT< OK
02-20 21:24:37.750  1374  1494 D RIL     : onRequest: DATA_REGISTRATION_STATE
02-20 21:24:37.751  1374  1494 D RIL     : requestRegistrationState
02-20 21:24:37.751  1921  1921 D DCT     : [0]cleanUpConnection: X tearDown=false reason=radioTurnedOff apnContext={mApnType=default mState=IDLE mWaitingApns={null} mApnSetting={null} mReason=radioTurnedOff mDataEnabled=false mDependencyMet=true} dcac=null
02-20 21:24:37.751  1374  1494 D AT      : AT> AT+CGREG?
02-20 21:24:37.751  1921  1921 D GsmCdmaPhone: [GsmCdmaPhone] getDataConnectionState apnType=mms ret=DISCONNECTED
02-20 21:24:37.751  1374  1496 D AT      : AT< +CGREG: 1,1,"0003","005b","000e"
02-20 21:24:37.751  1374  1496 D AT      : AT< OK
02-20 21:24:37.751  1921  2019 D RILJ    : [3667]< OPERATOR {Android, Android, 310260} [SUB0]
02-20 21:24:37.751  1374  1494 D RIL     : parseRegistrationState. Parsing: +CGREG: 1,1,"0003","005b","000e"
02-20 21:24:37.751  1374  1494 D RIL     : registration state type: 3GPP
02-20 21:24:37.751  1374  1494 D RIL     : onRequest: VOICE_REGISTRATION_STATE
02-20 21:24:37.751  1374  1494 D RIL     : requestRegistrationState
02-20 21:24:37.751  1374  1494 D AT      : AT> AT+CREG?
02-20 21:24:37.751  1921  2019 D RILJ    : [3668]< DATA_REGISTRATION_STATE {1, 3, 5b, 14, null, null} [SUB0]
02-20 21:24:37.751  1374  1496 D AT      : AT< +CREG: 2,1, "0003", "005b"
02-20 21:24:37.751  1374  1496 D AT      : AT< OK
02-20 21:24:37.751  1374  1494 D RIL     : parseRegistrationState. Parsing: +CREG: 2,1, "0003", "005b"
02-20 21:24:37.751  1374  1494 D RIL     : registration state type: 3GPP
02-20 21:24:37.751  1374  1494 D RIL     : onRequest: QUERY_NETWORK_SELECTION_MODE
02-20 21:24:37.751  1374  1494 D AT      : AT> AT+COPS?
02-20 21:24:37.751  1374  1496 D AT      : AT< +COPS: 0,2,310260
02-20 21:24:37.751  1374  1496 D AT      : AT< OK
02-20 21:24:37.751  1921  2019 D RILJ    : [3669]< VOICE_REGISTRATION_STATE {1, 3, 5b, 0, null, null, null, null, null, null, null, null, null, null, null} [SUB0]
02-20 21:24:37.751  1921  2019 D RILJ    : [3670]< QUERY_NETWORK_SELECTION_MODE {0} [SUB0]
02-20 21:24:37.752  1921  1921 D DCT     : [0]cleanUpConnection: X tearDown=false reason=radioTurnedOff apnContext={mApnType=mms mState=IDLE mWaitingApns={null} mApnSetting={null} mReason=radioTurnedOff mDataEnabled=false mDependencyMet=true} dcac=null
02-20 21:24:37.752  1921  1921 D GsmCdmaPhone: [GsmCdmaPhone] getDataConnectionState apnType=cbs ret=DISCONNECTED
02-20 21:24:37.753  1921  1921 D DCT     : [0]cleanUpConnection: X tearDown=false reason=radioTurnedOff apnContext={mApnType=cbs mState=IDLE mWaitingApns={null} mApnSetting={null} mReason=radioTurnedOff mDataEnabled=false mDependencyMet=true} dcac=null
02-20 21:24:37.753  1921  1921 D GsmCdmaPhone: [GsmCdmaPhone] getDataConnectionState apnType=fota ret=DISCONNECTED
02-20 21:24:37.755  1921  1921 D DCT     : [0]cleanUpConnection: X tearDown=false reason=radioTurnedOff apnContext={mApnType=fota mState=IDLE mWaitingApns={null} mApnSetting={null} mReason=radioTurnedOff mDataEnabled=false mDependencyMet=true} dcac=null
02-20 21:24:37.755  1921  1921 D GsmCdmaPhone: [GsmCdmaPhone] getDataConnectionState apnType=supl ret=DISCONNECTED
02-20 21:24:37.759  1921  1921 D DCT     : [0]cleanUpConnection: X tearDown=false reason=radioTurnedOff apnContext={mApnType=supl mState=IDLE mWaitingApns={null} mApnSetting={null} mReason=radioTurnedOff mDataEnabled=false mDependencyMet=true} dcac=null
02-20 21:24:37.760  1921  1921 D GsmCdmaPhone: [GsmCdmaPhone] getDataConnectionState apnType=ia ret=DISCONNECTED
02-20 21:24:37.762  1921  1921 D DCT     : [0]cleanUpConnection: X tearDown=false reason=radioTurnedOff apnContext={mApnType=ia mState=IDLE mWaitingApns={null} mApnSetting={null} mReason=radioTurnedOff mDataEnabled=false mDependencyMet=true} dcac=null
02-20 21:24:37.762  1921  1921 D GsmCdmaPhone: [GsmCdmaPhone] getDataConnectionState apnType=emergency ret=DISCONNECTED
02-20 21:24:37.763  1921  1921 D DCT     : [0]cleanUpConnection: X tearDown=false reason=radioTurnedOff apnContext={mApnType=emergency mState=IDLE mWaitingApns={null} mApnSetting={null} mReason=radioTurnedOff mDataEnabled=false mDependencyMet=true} dcac=null
02-20 21:24:37.763  1921  1921 D GsmCdmaPhone: [GsmCdmaPhone] getDataConnectionState apnType=hipri ret=DISCONNECTED
02-20 21:24:37.764  1921  1921 D DCT     : [0]cleanUpConnection: X tearDown=false reason=radioTurnedOff apnContext={mApnType=hipri mState=IDLE mWaitingApns={null} mApnSetting={null} mReason=radioTurnedOff mDataEnabled=false mDependencyMet=true} dcac=null
02-20 21:24:37.764  1921  1921 D GsmCdmaPhone: [GsmCdmaPhone] getDataConnectionState apnType=ims ret=DISCONNECTED
02-20 21:24:37.765  1921  1921 D DCT     : [0]cleanUpConnection: X tearDown=false reason=radioTurnedOff apnContext={mApnType=ims mState=IDLE mWaitingApns={null} mApnSetting={null} mReason=radioTurnedOff mDataEnabled=false mDependencyMet=true} dcac=null
02-20 21:24:37.765  1921  1921 D DCT     : [0]stopNetStatPoll
02-20 21:24:37.765  1921  1921 D DCT     : [0]cleanUpConnection: mDisconnectPendingCount = 0
02-20 21:24:37.766  1921  1921 D DCT     : [0]isDataAllowed: No - Not attached - SIM not loaded
02-20 21:24:37.776  1921  1921 D DCT     : [0]onDataConnectionDetached: stop polling and notify detached
02-20 21:24:37.776  1921  1921 D DCT     : [0]stopNetStatPoll
02-20 21:24:37.776  1921  1921 D DCT     : [0]notifyDataConnection: reason=dataDetached
02-20 21:24:37.776  1921  1921 D DCT     : [0]isDataAllowed: No - Not attached - SIM not loaded
02-20 21:24:37.795  1921  1921 D DCT     : [0]onRoamingOff
02-20 21:24:37.795  1921  1921 D DCT     : [0]isDataAllowed: No - Not attached - SIM not loaded
02-20 21:24:37.814  1769  1769 I StatusBar: isKeyguardShowing() called before startKeyguard(), returning true
02-20 21:24:37.814  1769  1769 W StatusBar: isKeyguardSecure() called before startKeyguard(), returning false
02-20 21:24:37.814  1769  1769 W StatusBar: java.lang.Throwable
02-20 21:24:37.814  1769  1769 W StatusBar: 	at com.android.systemui.statusbar.BaseStatusBar.isKeyguardSecure(BaseStatusBar.java:2647)
02-20 21:24:37.814  1769  1769 W StatusBar: 	at com.android.systemui.statusbar.BaseStatusBar.isCameraAllowedByAdmin(BaseStatusBar.java:2670)
02-20 21:24:37.814  1769  1769 W StatusBar: 	at com.android.systemui.statusbar.phone.KeyguardBottomAreaView.updateCameraVisibility(KeyguardBottomAreaView.java:309)
02-20 21:24:37.814  1769  1769 W StatusBar: 	at com.android.systemui.statusbar.phone.KeyguardBottomAreaView.setUserSetupComplete(KeyguardBottomAreaView.java:281)
02-20 21:24:37.814  1769  1769 W StatusBar: 	at com.android.systemui.statusbar.phone.PhoneStatusBar$1.onChange(PhoneStatusBar.java:441)
02-20 21:24:37.814  1769  1769 W StatusBar: 	at com.android.systemui.statusbar.phone.PhoneStatusBar.resetUserSetupObserver(PhoneStatusBar.java:3676)
02-20 21:24:37.814  1769  1769 W StatusBar: 	at com.android.systemui.statusbar.phone.PhoneStatusBar.makeStatusBarView(PhoneStatusBar.java:1008)
02-20 21:24:37.814  1769  1769 W StatusBar: 	at com.android.systemui.statusbar.phone.PhoneStatusBar.addStatusBarWindow(PhoneStatusBar.java:3432)
02-20 21:24:37.814  1769  1769 W StatusBar: 	at com.android.systemui.statusbar.phone.PhoneStatusBar.createAndAddWindows(PhoneStatusBar.java:3428)
02-20 21:24:37.814  1769  1769 W StatusBar: 	at com.android.systemui.statusbar.BaseStatusBar.start(BaseStatusBar.java:765)
02-20 21:24:37.814  1769  1769 W StatusBar: 	at com.android.systemui.statusbar.phone.PhoneStatusBar.start(PhoneStatusBar.java:686)
02-20 21:24:37.814  1769  1769 W StatusBar: 	at com.android.systemui.statusbar.SystemBars.createStatusBarFromConfig(SystemBars.java:106)
02-20 21:24:37.814  1769  1769 W StatusBar: 	at com.android.systemui.statusbar.SystemBars.onNoService(SystemBars.java:58)
02-20 21:24:37.814  1769  1769 W StatusBar: 	at com.android.systemui.statusbar.ServiceMonitor.startService(ServiceMonitor.java:230)
02-20 21:24:37.814  1769  1769 W StatusBar: 	at com.android.systemui.statusbar.ServiceMonitor.-wrap5(ServiceMonitor.java)
02-20 21:24:37.814  1769  1769 W StatusBar: 	at com.android.systemui.statusbar.ServiceMonitor$1.handleMessage(ServiceMonitor.java:73)
02-20 21:24:37.814  1769  1769 W StatusBar: 	at android.os.Handler.dispatchMessage(Handler.java:102)
02-20 21:24:37.814  1769  1769 W StatusBar: 	at android.os.Looper.loop(Looper.java:154)
02-20 21:24:37.814  1769  1769 W StatusBar: 	at android.app.ActivityThread.main(ActivityThread.java:6119)
02-20 21:24:37.814  1769  1769 W StatusBar: 	at java.lang.reflect.Method.invoke(Native Method)
02-20 21:24:37.814  1769  1769 W StatusBar: 	at com.android.internal.os.ZygoteInit$MethodAndArgsCaller.run(ZygoteInit.java:886)
02-20 21:24:37.814  1769  1769 W StatusBar: 	at com.android.internal.os.ZygoteInit.main(ZygoteInit.java:776)
02-20 21:24:37.816  1769  1915 D OpenGLRenderer: profile bars disabled
02-20 21:24:37.816  1921  2065 D SubscriptionController: [getSlotId]- subId invalid
02-20 21:24:37.816  1769  1915 D OpenGLRenderer: ambientRatio = 1.50
02-20 21:24:37.822  1921  1921 D DCT     : [0]setupDataOnConnectableApns: roamingOff hipri:[state=IDLE,enabled=false] mms:[state=IDLE,enabled=false] supl:[state=IDLE,enabled=false] ia:[state=IDLE,enabled=false] fota:[state=IDLE,enabled=false] ims:[state=IDLE,enabled=false] cbs:[state=IDLE,enabled=false] default:[state=IDLE,enabled=false] emergency:[state=IDLE,enabled=false] 
02-20 21:24:37.822  1921  1921 D DCT     : [0]setupDataOnConnectableApns: nwTypeChanged hipri:[state=IDLE,enabled=false] mms:[state=IDLE,enabled=false] supl:[state=IDLE,enabled=false] ia:[state=IDLE,enabled=false] fota:[state=IDLE,enabled=false] ims:[state=IDLE,enabled=false] cbs:[state=IDLE,enabled=false] default:[state=IDLE,enabled=false] emergency:[state=IDLE,enabled=false] 
02-20 21:24:37.822  1921  1921 D DCT     : [0]NETWORK_STATE_CHANGED_ACTION: mIsWifiConnected=false
02-20 21:24:37.822  1921  1921 D DCT     : [0]Wifi state changed
02-20 21:24:37.822  1921  1921 D DCT     : [0]WIFI_STATE_CHANGED_ACTION: enabled=true mIsWifiConnected=false
02-20 21:24:37.822  1921  1921 D SubscriptionInfoUpdater: [Receiver]+
02-20 21:24:37.822  1921  1921 D SubscriptionInfoUpdater: Action: android.intent.action.SIM_STATE_CHANGED
02-20 21:24:37.822  1921  1921 D SubscriptionInfoUpdater: slotId: 0
02-20 21:24:37.822  1921  1921 D SubscriptionInfoUpdater: simStatus: NOT_READY
