02-20 21:24:38.070  1374  1496 D AT      : AT< +CRSM: 144,0,98101430121181157002
02-20 21:24:38.070  1374  1496 D AT      : AT< OK
02-20 21:24:38.070  1921  2019 D RILJ    : [3721]< SIM_IO IccIoResponse sw1:0x90 sw2:0x0 [SUB0]
02-20 21:24:38.070  1374  1494 D RIL     : onRequest: SIM_IO
02-20 21:24:38.070  1374  1494 D AT      : AT> AT+CRSM=178,28480,1,4,32
02-20 21:24:38.071  1374  1496 D AT      : AT< +CRSM: 144,0,ffffffffffffffffffffffffffffffffffff07815155255155f4ffffffffffff
02-20 21:24:38.071  1374  1496 D AT      : AT< OK
02-20 21:24:38.071  1374  1494 D RIL     : onRequest: SIM_IO
02-20 21:24:38.071  1374  1494 D AT      : AT> AT+CRSM=178,28617,1,4,4
02-20 21:24:38.071  1374  1496 D AT      : AT< +CRSM: 144,0,01000000
02-20 21:24:38.071  1374  1496 D AT      : AT< OK
02-20 21:24:38.071  1374  1494 D RIL     : onRequest: SIM_IO
02-20 21:24:38.071  1374  1494 D AT      : AT> AT+CRSM=176,28589,0,0,4
02-20 21:24:38.071  1374  1496 D AT      : AT< +CRSM: 144,0,00000003
02-20 21:24:38.071  1374  1496 D AT      : AT< OK
02-20 21:24:38.071  1374  1494 D RIL     : onRequest: SIM_IO
02-20 21:24:38.071  1374  1494 D AT      : AT> AT+CRSM=178,28618,1,4,5
02-20 21:24:38.071  1374  1496 D AT      : AT< +CRSM: 144,0,0000000000
02-20 21:24:38.071  1374  1496 D AT      : AT< OK
02-20 21:24:38.071  1374  1494 D RIL     : onRequest: SIM_IO
02-20 21:24:38.071  1374  1494 D AT      : AT> AT+CRSM=176,28433,0,0,1
02-20 21:24:38.071  1374  1496 D AT      : AT< +CRSM: 144,0,55
02-20 21:24:38.071  1374  1496 D AT      : AT< OK
02-20 21:24:38.080  1374  1494 D RIL     : onRequest: SIM_IO
02-20 21:24:38.080  1374  1494 D AT      : AT> AT+CRSM=176,28435,0,0,1
02-20 21:24:38.080  1769  1769 D ViewRootImpl[StatusBar]: changeCanvasOpacity: opaque=true
02-20 21:24:38.080  1921  2019 D RILJ    : [3722]< SIM_IO IccIoResponse sw1:0x90 sw2:0x0 [SUB0]
02-20 21:24:38.081  1921  2019 D RILJ    : [3723]< SIM_IO IccIoResponse sw1:0x90 sw2:0x0 [SUB0]
02-20 21:24:38.081  1921  2019 D RILJ    : [3724]< SIM_IO IccIoResponse sw1:0x90 sw2:0x0 [SUB0]
02-20 21:24:38.081  1921  2019 D RILJ    : [3725]< SIM_IO IccIoResponse sw1:0x90 sw2:0x0 [SUB0]
02-20 21:24:38.081  1921  2019 D RILJ    : [3726]< SIM_IO IccIoResponse sw1:0x90 sw2:0x0 [SUB0]
02-20 21:24:38.084  1921  1921 D IccCardProxy: broadcastIccStateChangedIntent intent ACTION_SIM_STATE_CHANGED value=IMSI reason=null for mPhoneId=0
02-20 21:24:38.084  1374  1496 D AT      : AT< +CRSM: 144,0,55
02-20 21:24:38.084  1374  1496 D AT      : AT< OK
02-20 21:24:38.085  1921  1921 D SIMRecords: [SIMRecords] onRecordLoaded 15 requested: true
02-20 21:24:38.085  1921  1921 D RILJ    : [3732]> iccIO: SIM_IO 0xc0 0x6f14  path: 3F007F20,0,0,15 aid: null [SUB0]
02-20 21:24:38.085  1921  1921 D SIMRecords: [SIMRecords] onRecordLoaded 15 requested: true
02-20 21:24:38.085  1921  1921 D SIMRecords: [SIMRecords] onRecordLoaded 14 requested: true
02-20 21:24:38.085  1921  1921 E SIMRecords: [SIMRecords] Exception in fetching EF_CSP data com.android.internal.telephony.CommandException: GENERIC_FAILURE
02-20 21:24:38.085  1921  1921 D SIMRecords: [SIMRecords] onRecordLoaded 13 requested: true
02-20 21:24:38.085  1921  1921 E SIMRecords: [SIMRecords] Exception in get GID1 com.android.internal.telephony.CommandException: GENERIC_FAILURE
02-20 21:24:38.085  1921  1921 D SIMRecords: [SIMRecords] onRecordLoaded 12 requested: true
02-20 21:24:38.085  1921  1921 E SIMRecords: [SIMRecords] Exception in get GID2 com.android.internal.telephony.CommandException: GENERIC_FAILURE
02-20 21:24:38.085  1921  1921 D SIMRecords: [SIMRecords] onRecordLoaded 11 requested: true
02-20 21:24:38.085  1921  2019 D RILJ    : [3727]< SIM_IO IccIoResponse sw1:0x90 sw2:0x0 [SUB0]
02-20 21:24:38.085  1374  1494 D RIL     : onRequest: SIM_IO
02-20 21:24:38.085  1374  1494 D AT      : AT> AT+CRSM=178,28613,1,4,24
02-20 21:24:38.085  1374  1496 D AT      : AT< +CRSM: 144,0,43058441aa890affffffffffffffffffffffffffffffffff
02-20 21:24:38.085  1374  1496 D AT      : AT< OK
02-20 21:24:38.085  1921  2019 D RILJ    : [3728]< SIM_IO IccIoResponse sw1:0x90 sw2:0x0 [SUB0]
02-20 21:24:38.085  1374  1494 D RIL     : onRequest: SIM_IO
02-20 21:24:38.085  1374  1494 D AT      : AT> AT+CRSM=176,28472,0,0,15
02-20 21:24:38.085  1374  1496 D AT      : AT< +CRSM: 144,0,ff30ffff3c003c03000c0000f03f00
02-20 21:24:38.085  1374  1496 D AT      : AT< OK
02-20 21:24:38.085  1921  2019 D RILJ    : [3729]< SIM_IO IccIoResponse sw1:0x90 sw2:0x0 [SUB0]
02-20 21:24:38.085  1374  1494 D RIL     : onRequest: SIM_IO
02-20 21:24:38.085  1374  1494 D AT      : AT> AT+CRSM=176,28438,0,0,2
02-20 21:24:38.086  1374  1496 D AT      : AT< +CRSM: 144,0,0233
02-20 21:24:38.086  1374  1496 D AT      : AT< OK
02-20 21:24:38.086  1921  2019 D RILJ    : [3730]< SIM_IO IccIoResponse sw1:0x90 sw2:0x0 [SUB0]
02-20 21:24:38.086  1374  1494 D RIL     : onRequest: SIM_IO
02-20 21:24:38.086  1374  1494 D AT      : AT> AT+CRSM=176,12258,0,0,10
02-20 21:24:38.086  1374  1496 D AT      : AT< +CRSM: 144,0,98101430121181157002
02-20 21:24:38.086  1374  1496 D AT      : AT< OK
02-20 21:24:38.086  1921  2019 D RILJ    : [3731]< SIM_IO IccIoResponse sw1:0x90 sw2:0x0 [SUB0]
02-20 21:24:38.086  1374  1494 D RIL     : onRequest: SIM_IO
02-20 21:24:38.086  1374  1494 D AT      : AT> AT+CRSM=192,28436,0,0,15
02-20 21:24:38.086  1374  1496 D AT      : AT< +CRSM: 144,0,000000146f1404001aa0aa01020000
02-20 21:24:38.086  1374  1496 D AT      : AT< OK
02-20 21:24:38.086  1921  2019 D RILJ    : [3732]< SIM_IO IccIoResponse sw1:0x90 sw2:0x0 [SUB0]
02-20 21:24:38.087  1921  1921 D RuimRecords: [RuimRecords] EF_PL LOADED
02-20 21:24:38.087  1921  1921 E RuimRecords: [RuimRecords] Record Load Exception: com.android.internal.telephony.CommandException: GENERIC_FAILURE
02-20 21:24:38.087  1921  1921 D RuimRecords: [RuimRecords] onRecordLoaded 8 requested: true
02-20 21:24:38.087  1921  1921 D RuimRecords: [RuimRecords] EF_CSIM_LI LOADED
02-20 21:24:38.087  1921  1921 E RuimRecords: [RuimRecords] Record Load Exception: com.android.internal.telephony.CommandException: GENERIC_FAILURE
02-20 21:24:38.087  1921  1921 D RuimRecords: [RuimRecords] onRecordLoaded 7 requested: true
02-20 21:24:38.087  1921  1921 D RuimRecords: [RuimRecords] EF_CSIM_SPN LOADED
02-20 21:24:38.087  1921  1921 E RuimRecords: [RuimRecords] Record Load Exception: com.android.internal.telephony.CommandException: GENERIC_FAILURE
02-20 21:24:38.087  1921  1921 D RuimRecords: [RuimRecords] onRecordLoaded 6 requested: true
02-20 21:24:38.087  1921  1921 D RuimRecords: [RuimRecords] EF_CSIM_MDN LOADED
02-20 21:24:38.087  1921  1921 E RuimRecords: [RuimRecords] Record Load Exception: com.android.internal.telephony.CommandException: GENERIC_FAILURE
02-20 21:24:38.087  1921  1921 D RuimRecords: [RuimRecords] onRecordLoaded 5 requested: true
02-20 21:24:38.087  1921  1921 D RuimRecords: [RuimRecords] EF_CSIM_IMSIM LOADED
02-20 21:24:38.087  1921  1921 E RuimRecords: [RuimRecords] Record Load Exception: com.android.internal.telephony.CommandException: GENERIC_FAILURE
02-20 21:24:38.087  1921  1921 D RuimRecords: [RuimRecords] onRecordLoaded 4 requested: true
02-20 21:24:38.087  1921  1921 D RuimRecords: [RuimRecords] EF_CSIM_CDMAHOME LOADED
02-20 21:24:38.087  1921  1921 E RuimRecords: [RuimRecords] Record Load Exception: com.android.internal.telephony.CommandException: GENERIC_FAILURE
02-20 21:24:38.087  1921  1921 D RuimRecords: [RuimRecords] onRecordLoaded 3 requested: true
02-20 21:24:38.087  1921  1921 D RuimRecords: [RuimRecords] EF_CSIM_EPRL LOADED
02-20 21:24:38.087  1921  1921 E RuimRecords: [RuimRecords] Record Load Exception: com.android.internal.telephony.CommandException: GENERIC_FAILURE
02-20 21:24:38.087  1921  1921 D RuimRecords: [RuimRecords] onRecordLoaded 2 requested: true
02-20 21:24:38.087  1921  1921 D RuimRecords: [RuimRecords] EF_CSIM_MIPUPP LOADED
02-20 21:24:38.087  1921  1921 E RuimRecords: [RuimRecords] Record Load Exception: com.android.internal.telephony.CommandException: GENERIC_FAILURE
02-20 21:24:38.087  1921  1921 D RuimRecords: [RuimRecords] onRecordLoaded 1 requested: true
02-20 21:24:38.087  1921  1921 D SubscriptionInfoUpdater: [Receiver]+
02-20 21:24:38.087  1921  1921 D SubscriptionInfoUpdater: Action: android.intent.action.SIM_STATE_CHANGED
02-20 21:24:38.087  1921  1921 D SubscriptionInfoUpdater: slotId: 0
02-20 21:24:38.087  1921  1921 D SubscriptionInfoUpdater: simStatus: IMSI
02-20 21:24:38.087  1921  1921 D SubscriptionInfoUpdater: Ignoring simStatus: IMSI
02-20 21:24:38.087  1921  1921 D SubscriptionInfoUpdater: [Receiver]-
02-20 21:24:38.087  1921  1921 D SIMRecords: [SIMRecords] iccid: 89014103211118510720
02-20 21:24:38.087  1921  1921 D SIMRecords: [SIMRecords] onRecordLoaded 10 requested: true
02-20 21:24:38.088  1921  1921 D RILJ    : [3733]> iccIO: SIM_IO 0xb0 0x6f14  path: 3F007F20,0,0,20 aid: null [SUB0]
02-20 21:24:38.088  1374  1494 D RIL     : onRequest: SIM_IO
02-20 21:24:38.088  1374  1494 D AT      : AT> AT+CRSM=176,28436,0,0,20
02-20 21:24:38.088  1374  1496 D AT      : AT< +CRSM: 144,0,416e64726f6964ffffffffffffffffffffffffff
02-20 21:24:38.088  1374  1496 D AT      : AT< OK
02-20 21:24:38.088  1921  2019 D RILJ    : [3733]< SIM_IO IccIoResponse sw1:0x90 sw2:0x0 [SUB0]
02-20 21:24:38.092  1921  1921 D SIMRecords: [SIMRecords] EF_MBI: 01000000
02-20 21:24:38.092  1921  1921 D SIMRecords: [SIMRecords] Got valid mailbox number for MBDN
02-20 21:24:38.092  1921  1921 D RILJ    : [3734]> iccIO: SIM_IO 0xc0 0x6fc7  path: 3F007F20,0,0,15 aid: null [SUB0]
02-20 21:24:38.096  1374  1494 D RIL     : onRequest: SIM_IO
02-20 21:24:38.096  1374  1494 D AT      : AT> AT+CRSM=192,28615,0,0,15
02-20 21:24:38.096  1921  1921 D SIMRecords: [SIMRecords] onRecordLoaded 10 requested: true
02-20 21:24:38.096  1921  1921 D SIMRecords: [SIMRecords] EF_AD: 00000003
02-20 21:24:38.096  1921  1921 D SIMRecords: [SIMRecords] setting4 mMncLength=3
02-20 21:24:38.097  1921  1921 D SIMRecords: [SIMRecords] update mccmnc=310260
02-20 21:24:38.097  1921  1921 D MccTable: updateMccMncConfiguration mccmnc='310260' fromServiceState=false
02-20 21:24:38.097  1921  1921 D SubscriptionController: [getPhoneId]- no sims, returning default phoneId=2147483647
02-20 21:24:38.098  1921  1921 D MccTable: updateMccMncConfiguration defaultMccMnc=
02-20 21:24:38.098  1921  1921 D MccTable: updateMccMncConfiguration: mcc=310, mnc=260
02-20 21:24:38.098  1921  1921 D MccTable: updateMccMncConfiguration updateConfig config={1.0 310mcc260mnc ?localeList ?layoutDir ?swdp ?wdp ?hdp ?density ?lsize ?long ?orien ?uimode ?night ?touch ?keyb/?/? ?nav/?}
02-20 21:24:38.099  1374  1496 D AT      : AT< +CRSM: 144,0,000000406fc7040011a0aa01020120
02-20 21:24:38.099  1374  1496 D AT      : AT< OK
02-20 21:24:38.099  1921  2019 D RILJ    : [3734]< SIM_IO IccIoResponse sw1:0x90 sw2:0x0 [SUB0]
02-20 21:24:38.099  1313  1324 D gralloc_ranchu: gralloc_alloc: Creating ashmem region of size 15945728
02-20 21:24:38.100  1654  1697 I dvm_lock_sample: [system_server,1,android.display,37,WindowAnimator.java,144,WindowManagerService.java,2857,7]
02-20 21:24:38.101  1654  1970 I configuration_changed: 3
02-20 21:24:38.101  1654  1970 I ActivityManager: Config changes=3 {1.0 310mcc260mnc [en_US] ldltr sw360dp w360dp h668dp 640dpi nrml long port finger -keyb/v/h -nav/h s.6}
02-20 21:24:38.100  1921  1935 D SubscriptionController: [getActiveSubInfoList] Sub Controller not ready
02-20 21:24:38.103  1654  1970 I am_relaunch_resume_activity: [0,55925918,1,com.android.settings/.FallbackHome]
02-20 21:24:38.105  1937  1937 I am_on_paused_called: [0,com.android.settings.FallbackHome,handleRelaunchActivity]
02-20 21:24:38.106  1921  1921 D SIMRecords: [SIMRecords] onRecordLoaded 9 requested: true
02-20 21:24:38.106  1921  1921 D SIMRecords: [SIMRecords] EF_MWIS : 0000000000
02-20 21:24:38.106  1921  1921 D SIMRecords: [SIMRecords] onRecordLoaded 8 requested: true
02-20 21:24:38.106  1921  1921 D SIMRecords: [SIMRecords] EF_CPHS_MWI: 55
02-20 21:24:38.106  1921  1921 D SIMRecords: [SIMRecords] onRecordLoaded 7 requested: true
02-20 21:24:38.106  1921  1921 D SIMRecords: [SIMRecords] EF_CFF_CPHS: 55
02-20 21:24:38.106  1921  1921 D SIMRecords: [SIMRecords] onRecordLoaded 6 requested: true
02-20 21:24:38.106  1921  1921 D SIMRecords: [SIMRecords] onRecordLoaded 5 requested: true
02-20 21:24:38.106  1921  1935 D DCT     : [0]hasMatchedTetherApnSetting: APN=null
02-20 21:24:38.106  1921  1921 D SIMRecords: [SIMRecords] SST: UsimServiceTable[120]={ PHONEBOOK, FDN, FDN_EXTENSION, SDN, SDN_EXTENSION, BDN, BDN_EXTENSION, OUTGOING_CALL_INFO, ADVICE_OF_CHARGE, CAP_CONFIG_PARAMS_2, GROUP_ID_LEVEL_1, GROUP_ID_LEVEL_2, SPN, USER_PLMN_SELECT, MSISDN, IMAGE, LOCALISED_SERVICE_AREAS, EMLPP, EMLPP_AUTO_ANSWER, RFU, GSM_ACCESS, DATA_DL_VIA_SMS_PP, DATA_DL_VIA_SMS_CB, CALL_CONTROL_BY_USIM, MO_SMS_CONTROL_BY_USIM, RUN_AT_COMMAND, APN_CONTROL_LIST, DEPERSONALISATION_CONTROL_KEYS, COOPERATIVE_NETWORK_LIST, GSM_SECURITY_CONTEXT, SERVICE_PROVIDER_DISPLAY_INFO, MMS_NOTIFICATION, MMS_NOTIFICATION_EXTENSION, GPRS_CALL_CONTROL_BY_USIM, VGCS_GROUP_ID_LIST, VBS_GROUP_ID_LIST, OMA_BCAST_PROFILE, GBA_LOCAL_KEY_ESTABLISHMENT, #101, #102, #103, #104, #105, #106, #107, #108, #109, #110 }
02-20 21:24:38.106  1921  1921 D SIMRecords: [SIMRecords] onRecordLoaded 4 requested: true
02-20 21:24:38.106  1921  1921 D SIMRecords: [SIMRecords] iCPHS: 0233
02-20 21:24:38.106  1921  1921 D SIMRecords: [SIMRecords] onRecordLoaded 3 requested: true
02-20 21:24:38.106  1921  1921 D RuimRecords: [RuimRecords] iccid: 89014103211118510720
02-20 21:24:38.106  1921  1921 D RuimRecords: [RuimRecords] onRecordLoaded 0 requested: true
02-20 21:24:38.106  1921  1921 D RuimRecords: [RuimRecords] record load complete
02-20 21:24:38.107  1921  1921 D SIMRecords: [SIMRecords] MSISDN: [t-WgLegCyIMgfHgPkOdM6pkZbpA]
02-20 21:24:38.107  1921  1933 D SubscriptionController: [getPhoneId]- no sims, returning default phoneId=2147483647
02-20 21:24:38.121  1921  1921 D SIMRecords: [SIMRecords] onRecordLoaded 2 requested: true
02-20 21:24:38.123  1921  1921 D RILJ    : [3735]> iccIO: SIM_IO 0xb2 0x6fc7  path: 3F007F20,1,4,32 aid: null [SUB0]
02-20 21:24:38.124  1374  1494 D RIL     : onRequest: SIM_IO
02-20 21:24:38.124  1374  1494 D AT      : AT> AT+CRSM=178,28615,1,4,32
02-20 21:24:38.124  1374  1496 D AT      : AT< +CRSM: 144,0,566f6963656d61696cffffffffffffffffff07915155125740f9ffffffffffff
02-20 21:24:38.124  1374  1496 D AT      : AT< OK
02-20 21:24:38.124  1921  2019 D RILJ    : [3735]< SIM_IO IccIoResponse sw1:0x90 sw2:0x0 [SUB0]
02-20 21:24:38.125  1937  1993 D EGL_emulation: eglMakeCurrent: 0x78b487379980: ver 3 0 (tinfo 0x78b4917fa640)
02-20 21:24:38.129  1937  1937 I am_on_stop_called: [0,com.android.settings.FallbackHome,destroy]
02-20 21:24:38.133  1921  1921 D SIMRecords: [SIMRecords] getServiceProviderName: no brandOverride, providerName=Android
02-20 21:24:38.133  1921  1921 D SIMRecords: [SIMRecords] Load EF_SPN_CPHS: Android
02-20 21:24:38.133  1921  1921 D TelephonyManager: setTelephonyProperty: success phoneId=0 property=gsm.sim.operator.alpha value: Android propVal=Android
02-20 21:24:38.133  1921  1921 D SIMRecords: [SIMRecords] onRecordLoaded 1 requested: true
02-20 21:24:38.133  1921  1921 D SIMRecords: [SIMRecords] VM: ADN Record 'Voicemail' '[-MWU1cAlDrkXUZ8dpHi_wU_YOpU] null' EF[MBDN]
02-20 21:24:38.133  1921  1921 D SIMRecords: [SIMRecords] onRecordLoaded 0 requested: true
02-20 21:24:38.134  1921  1921 D SIMRecords: [SIMRecords] record load complete
02-20 21:24:38.134  1921  1921 D SIMRecords: [SIMRecords] Not using EF LI/EF PL
02-20 21:24:38.134  1921  1921 D SIMRecords: [SIMRecords] EF_CFF: callForwardingEnabled=0
02-20 21:24:38.134  1921  1921 D SIMRecords: [SIMRecords] onAllRecordsLoaded set 'gsm.sim.operator.numeric' to operator='310260'
02-20 21:24:38.134  1921  1921 D SIMRecords: [SIMRecords] update icc_operator_numeric=310260
02-20 21:24:38.134  1921  1921 D TelephonyManager: setTelephonyProperty: success phoneId=0 property=gsm.sim.operator.numeric value: 310260 propVal=310260
02-20 21:24:38.134  1921  1921 D SubscriptionController: [setMccMnc]+ mcc/mnc:310/260 subId:-1
02-20 21:24:38.136  1921  1921 D SubscriptionController: notifySubscriptionInfoChanged:
02-20 21:24:38.136  1654  1654 I GnssLocationProvider: WakeLock acquired by sendMessage(12, 0, null)
02-20 21:24:38.137  1921  1933 D SubscriptionController: [getActiveSubInfoList] Sub Controller not ready
02-20 21:24:38.137  1921  1921 D SIMRecords: [SIMRecords] onAllRecordsLoaded set mcc imsi
02-20 21:24:38.137  1921  1921 D TelephonyManager: setTelephonyProperty: success phoneId=0 property=gsm.sim.operator.iso-country value: us propVal=us
02-20 21:24:38.138  1921  1921 D SST     : SubscriptionListener.onSubscriptionInfoChanged
02-20 21:24:38.138  1921  1921 D SIMRecords: [SIMRecords]  VoiceMessageCount from SIM MWIS = 0
02-20 21:24:38.138  1921  1921 E Phone   : getStoredVoiceMessageCount: invalid subId -2
02-20 21:24:38.138  1921  1921 D GsmCdmaPhone: [GsmCdmaPhone] updateVoiceMail countVoiceMessages = 0 subId -2
02-20 21:24:38.138  1921  1921 E Phone   : setVoiceMessageCount in sharedPreference: invalid subId -2
02-20 21:24:38.138  1921  1921 D DCT     : [0]SubscriptionListener.onSubscriptionInfoChanged
02-20 21:24:38.138  1921  1921 D SubscriptionController: [getActiveSubInfoList] Sub Controller not ready
02-20 21:24:38.138  1921  1921 D SubscriptionController: [getActiveSubInfoList] Sub Controller not ready
02-20 21:24:38.138  1921  1921 I Telephony: PstnIncomingCallNotifier: Unregistering: Handler (com.android.internal.telephony.GsmCdmaPhone) {92a923c}
02-20 21:24:38.139  1921  1921 E PhoneInterfaceManager: [PhoneIntfMgr] getIccId: No UICC
02-20 21:24:38.144  1654  1688 I Telecom : PhoneAccountRegistrar: [ComponentInfo{com.android.phone/com.android.services.telephony.TelephonyConnectionService}, [e0184adedf913b076626646d3f52c3b49c39ad6d], UserHandle{0}(addr: tel:*********** -> tel:)(icon: Icon(typ=BITMAP size=76x96) -> Icon(typ=BITMAP size=76x96))(subAddr: tel:*********** -> tel:)]: TSI.rPA@AAo
02-20 21:24:38.146  1654  1688 I Telecom : : Sending phone-account registered intent as user: TSI.rPA@AAo
02-20 21:24:38.147  1921  1921 I Telephony: AccountEntry: Registered phoneAccount: [[ ] PhoneAccount: ComponentInfo{com.android.phone/com.android.services.telephony.TelephonyConnectionService}, [e0184adedf913b076626646d3f52c3b49c39ad6d], UserHandle{0} Capabilities: CallProvider MultiUser PlaceEmerg SimSub  Schemes: tel voicemail  Extras: null GroupId: [da39a3ee5e6b4b0d3255bfef95601890afd80709]] with handle: ComponentInfo{com.android.phone/com.android.services.telephony.TelephonyConnectionService}, [e0184adedf913b076626646d3f52c3b49c39ad6d], UserHandle{0}
02-20 21:24:38.147  1921  1921 I Telephony: PstnIncomingCallNotifier: Registering: Handler (com.android.internal.telephony.GsmCdmaPhone) {92a923c}
02-20 21:24:38.148  1921  1921 D CAT     : CatService: handleMessage[20]
02-20 21:24:38.148  1921  1921 D GsmCdmaPhone: [GsmCdmaPhone] updateCurrentCarrierInProvider: mSubId = -2 currentDds = 1 operatorNumeric = 310260
02-20 21:24:38.148  1921  1921 D IccCardProxy: operator=310260 mPhoneId=0
02-20 21:24:38.148  1921  1921 D TelephonyManager: setTelephonyProperty: success phoneId=0 property=gsm.sim.operator.numeric value: 310260 propVal=310260
02-20 21:24:38.148  1921  1921 D TelephonyManager: setTelephonyProperty: success phoneId=0 property=gsm.sim.operator.iso-country value: us propVal=us
02-20 21:24:38.149  1921  1921 D IccCardProxy: Sending intent ACTION_INTERNAL_SIM_STATE_CHANGED for mPhoneId : 0
02-20 21:24:38.149  1921  1921 D SST     : EVENT_SIM_RECORDS_LOADED: what=16
02-20 21:24:38.149  1921  1921 D GsmCdmaPhone: [GsmCdmaPhone] updatePhoneObject: radioTechnology=0
02-20 21:24:38.149  1921  1921 D SST     : getOtasp: otasp not needed for GSM
02-20 21:24:38.149  1921  1921 D SST     : updateOtaspState: call notifyOtaspChanged old otaspMode=0 new otaspMode=3
02-20 21:24:38.149  1921  1921 D SIMRecords: [SIMRecords] getServiceProviderName: no brandOverride, providerName=Android
02-20 21:24:38.149  1921  1921 D SIMRecords: [SIMRecords] getServiceProviderName: no brandOverride, providerName=Android
02-20 21:24:38.149  1921  1921 D SST     : updateSpnDisplay: changed sending intent rule=1 showPlmn='false' plmn='Android' showSpn='true' spn='Android' dataSpn='Android' subId='-2'
02-20 21:24:38.150  1921  1921 D SubscriptionController: [setPlmnSpn] No valid subscription to store info
02-20 21:24:38.150  1921  1921 D SubscriptionController: notifySubscriptionInfoChanged:
02-20 21:24:38.150  1654  1654 I GnssLocationProvider: WakeLock acquired by sendMessage(12, 0, null)
02-20 21:24:38.150  1921  1935 D SubscriptionController: [getActiveSubInfoList] Sub Controller not ready
02-20 21:24:38.151  1921  1921 E PhoneInterfaceManager: [PhoneIntfMgr] getIccId: No UICC
02-20 21:24:38.168  1937  1937 I am_on_resume_called: [0,com.android.settings.FallbackHome,handleRelaunchActivity]
02-20 21:24:38.191  1654  1852 I Telecom : PhoneAccountRegistrar: [ComponentInfo{com.android.phone/com.android.services.telephony.TelephonyConnectionService}, [e0184adedf913b076626646d3f52c3b49c39ad6d], UserHandle{0}(icon: Icon(typ=BITMAP size=76x96) -> Icon(typ=BITMAP size=76x96))]: TSI.rPA@AA0
02-20 21:24:38.192  1654  1852 I Telecom : : Sending phone-account registered intent as user: TSI.rPA@AA0
02-20 21:24:38.248  1921  1921 D GsmCdmaPhone: [GsmCdmaPhone] phoneObjectUpdater: newVoiceRadioTech=0
02-20 21:24:38.249  1921  1921 D GsmCdmaPhone: [GsmCdmaPhone] phoneObjectUpdater: volteReplacementRat=0
02-20 21:24:38.249  1921  1921 E GsmCdmaPhone: [GsmCdmaPhone] phoneObjectUpdater: newVoiceRadioTech=0 doesn't match either CDMA or GSM - error! No phone change
02-20 21:24:38.249  1921  1921 D SST     : SubscriptionListener.onSubscriptionInfoChanged
02-20 21:24:38.249  1921  1921 D DCT     : [0]SubscriptionListener.onSubscriptionInfoChanged
02-20 21:24:38.249  1921  1921 D SubscriptionController: [getActiveSubInfoList] Sub Controller not ready
02-20 21:24:38.250  1921  1921 D SubscriptionController: [getActiveSubInfoList] Sub Controller not ready
02-20 21:24:38.250  1921  1921 D SubscriptionInfoUpdater: [Receiver]+
02-20 21:24:38.258  1921  1921 D SubscriptionInfoUpdater: Action: android.intent.action.internal_sim_state_changed
02-20 21:24:38.258  1921  1921 D SubscriptionInfoUpdater: slotId: 0
02-20 21:24:38.258  1921  1921 D SubscriptionInfoUpdater: simStatus: LOADED
02-20 21:24:38.258  1921  1921 D SubscriptionInfoUpdater: [Receiver]-
02-20 21:24:38.258  1921  1921 I Telephony: PstnIncomingCallNotifier: Unregistering: Handler (com.android.internal.telephony.GsmCdmaPhone) {92a923c}
02-20 21:24:38.258  1921  1921 E PhoneInterfaceManager: [PhoneIntfMgr] getIccId: No UICC
02-20 21:24:38.294  1654  1687 I Telecom : PhoneAccountRegistrar: [ComponentInfo{com.android.phone/com.android.services.telephony.TelephonyConnectionService}, [e0184adedf913b076626646d3f52c3b49c39ad6d], UserHandle{0}(icon: Icon(typ=BITMAP size=76x96) -> Icon(typ=BITMAP size=76x96))]: TSI.rPA@AA4
02-20 21:24:38.308  1654  1687 I Telecom : : Sending phone-account registered intent as user: TSI.rPA@AA4
02-20 21:24:38.308  1921  1921 I Telephony: AccountEntry: Registered phoneAccount: [[ ] PhoneAccount: ComponentInfo{com.android.phone/com.android.services.telephony.TelephonyConnectionService}, [e0184adedf913b076626646d3f52c3b49c39ad6d], UserHandle{0} Capabilities: CallProvider MultiUser PlaceEmerg SimSub  Schemes: tel voicemail  Extras: null GroupId: [da39a3ee5e6b4b0d3255bfef95601890afd80709]] with handle: ComponentInfo{com.android.phone/com.android.services.telephony.TelephonyConnectionService}, [e0184adedf913b076626646d3f52c3b49c39ad6d], UserHandle{0}
02-20 21:24:38.308  1921  1921 I Telephony: PstnIncomingCallNotifier: Registering: Handler (com.android.internal.telephony.GsmCdmaPhone) {92a923c}
02-20 21:24:38.311  1921  1921 D SubscriptionInfoUpdater: handleSimStateLoadedInternal: slotId: 0
02-20 21:24:38.311  1921  1921 D SubscriptionInfoUpdater: All IccIds query complete
02-20 21:24:38.311  1921  1921 D SubscriptionInfoUpdater: updateSubscriptionInfoByIccId:+ Start
02-20 21:24:38.312  1921  1921 D SubscriptionController: [clearSubInfo]- no simInfo size=0
02-20 21:24:38.312  1921  1921 D SubscriptionInfoUpdater: insertedSimCount = 1
02-20 21:24:38.312  1921  1921 D SubscriptionController: [getSubInfoUsingSlotIdWithCheck]+ slotId:0
02-20 21:24:38.315  1921  1921 D SubscriptionController: [getPhoneId]- no sims, returning default phoneId=2147483647
02-20 21:24:38.330  1921  2065 D SubscriptionController: [getActiveSubInfoList] Sub Controller not ready
02-20 21:24:38.332  1921  1921 D SubscriptionController: [getPhoneId]- no sims, returning default phoneId=2147483647
02-20 21:24:38.336  1921  1921 D SubscriptionController: [getPhoneId]- no sims, returning default phoneId=2147483647
02-20 21:24:38.337  1921  1921 D SubscriptionController: [getSubInfoUsingSlotId]- null info return
02-20 21:24:38.337  1921  1921 D SubscriptionInfoUpdater: updateSubscriptionInfoByIccId: oldSubId = 1
02-20 21:24:38.337  1921  1921 D SubscriptionInfoUpdater: updateSubscriptionInfoByIccId: oldIccId[0] = 89014103211118510720, sIccId[0] = 89014103211118510720
02-20 21:24:38.337  2072  2072 W System  : ClassLoader referenced unknown path: /system/app/PrebuiltDeskClockGoogle/lib/x86_64
02-20 21:24:38.337  1921  1921 D SubscriptionController: [addSubInfoRecord]+ iccId:89014103211118510720 slotId:0
02-20 21:24:38.339  1921  1921 D SubscriptionController: [getActiveSubInfoList] Sub Controller not ready
02-20 21:24:38.340  1921  1921 D SubscriptionController: [addSubInfoRecord] Record already exists
02-20 21:24:38.351  1654  1688 W art     : Long monitor contention with owner Binder:1654_5 (1963) at int com.android.server.wm.WindowManagerService.relayoutWindow(com.android.server.wm.Session, android.view.IWindow, int, android.view.WindowManager$LayoutParams, int, int, int, int, android.graphics.Rect, android.graphics.Rect, android.graphics.Rect, android.graphics.Rect, android.graphics.Rect, android.graphics.Rect, android.graphics.Rect, android.content.res.Configuration, android.view.Surface)(WindowManagerService.java:2857) waiters=1 in int com.android.server.wm.WindowManagerService.relayoutWindow(com.android.server.wm.Session, android.view.IWindow, int, android.view.WindowManager$LayoutParams, int, int, int, int, android.graphics.Rect, android.graphics.Rect, android.graphics.Rect, android.graphics.Rect, android.graphics.Rect, android.graphics.Rect, android.graphics.Rect, android.content.res.Configuration, android.view.Surface) for 103ms
02-20 21:24:38.351  1654  1688 I dvm_lock_sample: [system_server,1,Binder:1654_2,103,WindowManagerService.java,2857,-,2857,20]
02-20 21:24:38.351  1921  1921 D SubscriptionController: [addSubInfoRecord] sSlotIdxToSubId.size=1 slotId=0 subId=1 defaultSubId=1 simCount=1
02-20 21:24:38.351  1921  1921 D SubscriptionController: [setDefaultFallbackSubId] subId=1
02-20 21:24:38.352  1921  1921 D SubscriptionController: [setDefaultFallbackSubId] set mDefaultFallbackSubId=1
02-20 21:24:38.352  1921  1921 D MccTable: updateMccMncConfiguration mccmnc='310260' fromServiceState=false
02-20 21:24:38.352  1921  1921 D MccTable: updateMccMncConfiguration defaultMccMnc=310260
02-20 21:24:38.352  1921  1921 D MccTable: updateMccMncConfiguration: mcc=310, mnc=260
02-20 21:24:38.352  1921  1921 D MccTable: updateMccMncConfiguration updateConfig config={1.0 310mcc260mnc ?localeList ?layoutDir ?swdp ?wdp ?hdp ?density ?lsize ?long ?orien ?uimode ?night ?touch ?keyb/?/? ?nav/?}
02-20 21:24:38.352  1921  2065 D SubscriptionController: [getSlotId]- subId invalid
02-20 21:24:38.353  1769  2068 D TelephonyManager: getSimState: default sim:-1, sim state for slotIdx=0 is 5, return state as unknown
02-20 21:24:38.363  1769  1915 D         : HostConnection::get() New Host Connection established 0x78b489c12ba0, tid 1915
02-20 21:24:38.363  1313  1357 D         : HostConnection::get() New Host Connection established 0x7533186eb420, tid 1357
02-20 21:24:38.365  1769  1915 I OpenGLRenderer: Initialized EGL, version 1.4
02-20 21:24:38.365  1769  1915 D OpenGLRenderer: Swap behavior 1
02-20 21:24:38.377  1654  1689 W GnssLocationProvider: Could not open GPS configuration file /etc/gps.conf
02-20 21:24:38.377  1654  1689 E GnssLocationProvider: no AGPS interface in set_agps_server
02-20 21:24:38.377  1654  1689 I GnssLocationProvider: WakeLock released by handleMessage(12, 0, null)
02-20 21:24:38.390  1769  1915 D EGL_emulation: eglCreateContext: 0x78b489c64820: maj 3 min 0 rcv 3
02-20 21:24:38.391  1654  1689 W GnssLocationProvider: Could not open GPS configuration file /etc/gps.conf
02-20 21:24:38.391  1654  1689 E GnssLocationProvider: no AGPS interface in set_agps_server
02-20 21:24:38.391  1654  1689 I GnssLocationProvider: WakeLock released by handleMessage(12, 0, null)
02-20 21:24:38.460  1769  1915 D EGL_emulation: eglMakeCurrent: 0x78b489c64820: ver 3 0 (tinfo 0x78b489c915e0)
02-20 21:24:38.461  1654  1691 V KeyguardServiceDelegate: *** Keyguard connected (yay!)
02-20 21:24:38.464  1921  1921 D SubscriptionController: [setDefaultFallbackSubId] broadcast default subId changed phoneId=0 subId=1
02-20 21:24:38.464  1654  1963 I dvm_lock_sample: [system_server,1,Binder:1654_5,61,ActivityManagerService.java,11160,-,18937,12]
02-20 21:24:38.465  1921  1921 D SubscriptionController: [addSubInfoRecord] one sim set defaults to subId=1
02-20 21:24:38.465  1654  1691 W WindowManager: Keyguard drawn timeout. Setting mKeyguardDrawComplete
02-20 21:24:38.466  1921  1921 D SubscriptionController: [setDefaultDataSubId] num phones=1, subId=1
02-20 21:24:38.466  1921  1921 D SubscriptionController: [setDefaultDataSubId] phoneId=0 subId=1 RAF=1
02-20 21:24:38.466  1921  1921 D ProxyController: setRadioCapability: Already in requested configuration, nothing to do.
02-20 21:24:38.466  1921  1921 D SubscriptionController: [updateAllDataConnectionTrackers] sPhones.length=1
02-20 21:24:38.466  1921  1921 D SubscriptionController: [updateAllDataConnectionTrackers] phoneId=0
02-20 21:24:38.466  1921  1921 D DCT     : [0]update sub = 1
02-20 21:24:38.466  1921  1921 D DCT     : [0]update(): Active DDS, register for all events now!
02-20 21:24:38.466  1921  1921 D DCT     : [0]New records found.
02-20 21:24:38.466  1921  1921 D SST     : mDeviceShuttingDown=false, mDesiredPowerState=true, getRadioState=RADIO_ON, mPowerOffDelayNeed=true, mAlarmSwitch=false, mRadioDisabledByCarrier=false
02-20 21:24:38.467  1921  1921 D GsmCdmaPhone: [GsmCdmaPhone] updateCurrentCarrierInProvider: mSubId = 1 currentDds = 1 operatorNumeric = 310260
02-20 21:24:38.467  1921  1935 D RILJ    : [3736]> RIL_REQUEST_GET_CELL_INFO_LIST [SUB0]
02-20 21:24:38.468  1374  1494 D RIL     : onRequest: GET_CELL_INFO_LIST
02-20 21:24:38.468  1374  1494 D RILC    : responseCellInfoList: v12
02-20 21:24:38.469  1921  2019 D RILJ    : [3736]< RIL_REQUEST_GET_CELL_INFO_LIST [CellInfoGsm:{mRegistered=YES mTimeStampType=modem mTimeStamp=12946341742ns CellIdentityGsm:{ mMcc=310 mMnc=260 mLac=3 mCid=91 mArfcn=10 mBsic=0x0} CellSignalStrengthGsm: ss=-1774194248 ber=30068 mTa=-1765700484}] [SUB0]
02-20 21:24:38.522  1921  1921 D SubscriptionController: [broadcastDefaultDataSubIdChanged] subId=1
02-20 21:24:38.524  1921  1921 D SubscriptionController: [setDefaultSmsSubId] subId=1
02-20 21:24:38.524  1921  1921 D SubscriptionController: [broadcastDefaultSmsSubIdChanged] subId=1
02-20 21:24:38.525  1921  1921 D SubscriptionController: [setDefaultVoiceSubId] subId=1
02-20 21:24:38.526  1921  1921 D SubscriptionController: [broadcastDefaultVoiceSubIdChanged] subId=1
02-20 21:24:38.526  1921  1921 D SubscriptionController: [addSubInfoRecord] hashmap(0,1)
02-20 21:24:38.526  1654  1963 I force_gc: Binder
02-20 21:24:38.541  1921  1921 D SubscriptionController: [addSubInfoRecord] sim name = Android
02-20 21:24:38.541  1921  1921 D DCT     : [0]update sub = 1
02-20 21:24:38.541  1921  1921 D DCT     : [0]update(): Active DDS, register for all events now!
02-20 21:24:38.542  1921  1921 D GsmCdmaPhone: [GsmCdmaPhone] updateCurrentCarrierInProvider: mSubId = 1 currentDds = 1 operatorNumeric = 310260
02-20 21:24:38.565  1769  1769 I OpaLayout: Setting opa enabled to false
02-20 21:24:38.567  1769  1769 I OpaLayout: Setting opa enabled to false
02-20 21:24:38.603  1921  1921 D SubscriptionController: [addSubInfoRecord]- info size=1
02-20 21:24:38.603  1921  1921 D SubscriptionInfoUpdater: newSim = false
02-20 21:24:38.603  1921  1921 D SubscriptionInfoUpdater: updateSubscriptionInfoByIccId: sInsertSimState[0] = 0
02-20 21:24:38.605  1921  1921 D SubscriptionInfoUpdater: updateSubscriptionInfoByIccId: nSubCount = 1
02-20 21:24:38.606  1921  1921 D SubscriptionController: [setDefaultDataSubId] num phones=1, subId=1
02-20 21:24:38.606  1921  1921 D SubscriptionController: [setDefaultDataSubId] phoneId=0 subId=1 RAF=1
02-20 21:24:38.606  1921  1921 D ProxyController: setRadioCapability: Already in requested configuration, nothing to do.
02-20 21:24:38.606  1921  1921 D SubscriptionController: [updateAllDataConnectionTrackers] sPhones.length=1
02-20 21:24:38.606  1921  1921 D SubscriptionController: [updateAllDataConnectionTrackers] phoneId=0
02-20 21:24:38.606  1921  1921 D DCT     : [0]update sub = 1
02-20 21:24:38.606  1921  1921 D DCT     : [0]update(): Active DDS, register for all events now!
02-20 21:24:38.606  1921  1921 D GsmCdmaPhone: [GsmCdmaPhone] updateCurrentCarrierInProvider: mSubId = 1 currentDds = 1 operatorNumeric = 310260
02-20 21:24:38.617  2072  2072 I GAv4    : Google Analytics 9.2.56 is starting up. To enable debug logging on a device run:
02-20 21:24:38.617  2072  2072 I GAv4    :   adb shell setprop log.tag.GAv4 DEBUG
02-20 21:24:38.617  2072  2072 I GAv4    :   adb logcat -s GAv4
02-20 21:24:38.621  1921  1921 D SubscriptionController: [broadcastDefaultDataSubIdChanged] subId=1
02-20 21:24:38.625  1937  1993 D EGL_emulation: eglMakeCurrent: 0x78b487379980: ver 3 0 (tinfo 0x78b4917fa640)
02-20 21:24:38.635  1654  1688 I dvm_lock_sample: [system_server,1,Binder:1654_2,52,WindowManagerService.java,2857,WindowAnimator.java,144,10]
02-20 21:24:38.637  1921  1921 D SubscriptionController: notifySubscriptionInfoChanged:
02-20 21:24:38.638  1654  1654 I GnssLocationProvider: WakeLock acquired by sendMessage(12, 0, null)
02-20 21:24:38.638  1921  2098 D SubscriptionMonitor: Phone[0] subId changed -2->1, 1 registrants
02-20 21:24:38.639  1921  2098 D SubscriptionMonitor: mDefaultDataSubId = 1, 1 registrants
02-20 21:24:38.640  1921  1921 D SubscriptionInfoUpdater: updateSubscriptionInfoByIccId:- SsubscriptionInfo update complete
02-20 21:24:38.640  1921  1921 D MccTable: updateMccMncConfiguration mccmnc='310260' fromServiceState=false
02-20 21:24:38.640  1921  1921 D MccTable: updateMccMncConfiguration defaultMccMnc=310260
02-20 21:24:38.640  1921  1921 D MccTable: updateMccMncConfiguration: mcc=310, mnc=260
02-20 21:24:38.640  1921  1921 D MccTable: updateMccMncConfiguration updateConfig config={1.0 310mcc260mnc ?localeList ?layoutDir ?swdp ?wdp ?hdp ?density ?lsize ?long ?orien ?uimode ?night ?touch ?keyb/?/? ?nav/?}
02-20 21:24:38.658  1654  1689 W GnssLocationProvider: Could not open GPS configuration file /etc/gps.conf
02-20 21:24:38.658  1654  1689 E GnssLocationProvider: no AGPS interface in set_agps_server
02-20 21:24:38.658  1654  1689 I GnssLocationProvider: WakeLock released by handleMessage(12, 0, null)
02-20 21:24:38.710  1921  1921 D SubscriptionController: [setMccMnc]+ mcc/mnc:310/260 subId:1
02-20 21:24:38.731  1921  1921 D SubscriptionController: notifySubscriptionInfoChanged:
02-20 21:24:38.731  1654  1654 I GnssLocationProvider: WakeLock acquired by sendMessage(12, 0, null)
02-20 21:24:38.734  2072  2100 W GAv4    : AnalyticsReceiver is not registered or is disabled. Register the receiver for reliable dispatching on non-Google Play devices. See http://goo.gl/8Rd3yj for instructions.
02-20 21:24:38.735  1921  1921 D SubscriptionController: [getActiveSubscriptionInfo]+ subId=1 subInfo={id=1, iccId=89014103211118510720 simSlotIndex=0 displayName=Android carrierName=Android nameSource=0 iconTint=-16746133 dataRoaming=0 iconBitmap=android.graphics.Bitmap@cf605c9 mcc 310 mnc 260}
02-20 21:24:38.735  1921  1921 D SubscriptionInfoUpdater: sim name = Android
02-20 21:24:38.735  2072  2100 W GAv4    : CampaignTrackingReceiver is not registered, not exported or is disabled. Installation campaign tracking is not possible. See http://goo.gl/8Rd3yj for instructions.
02-20 21:24:38.743  1921  1921 D SubscriptionInfoUpdater: Broadcasting intent ACTION_SIM_STATE_CHANGED LOADED reason null for mCardIndex: 0
02-20 21:24:38.745  1654  1654 D WifiService: resetting networks because SIM was loaded
02-20 21:24:38.745  1921  1921 D CarrierConfigLoader: update config for phoneId: 0 simState: LOADED
02-20 21:24:38.745  1654  1735 D WifiStateMachine: resetting EAP-SIM/AKA/AKA' networks since SIM was changed
02-20 21:24:38.747  1921  1921 D CarrierSvcBindHelper: update binding for phoneId: 0 simState: LOADED
02-20 21:24:38.751  2072  2100 W GAv4    : AnalyticsService not registered in the app manifest. Hits might not be delivered reliably. See http://goo.gl/8Rd3yj for instructions.
02-20 21:24:38.756  1921  1921 D SubscriptionController: [getActiveSubscriptionInfo]+ subId=1 subInfo={id=1, iccId=89014103211118510720 simSlotIndex=0 displayName=Android carrierName=Android nameSource=0 iconTint=-16746133 dataRoaming=0 iconBitmap=android.graphics.Bitmap@5adafc mcc 310 mnc 260}
02-20 21:24:38.778  1654  1782 I Telecom : PhoneAccountRegistrar: [ComponentInfo{com.android.phone/com.android.services.telephony.TelephonyConnectionService}, [e0184adedf913b076626646d3f52c3b49c39ad6d], UserHandle{0}(icon: Icon(typ=BITMAP size=76x96) -> Icon(typ=BITMAP size=76x96))]: TSI.rPA@ABE
02-20 21:24:38.779  1654  1782 I Telecom : : Sending phone-account registered intent as user: TSI.rPA@ABE
02-20 21:24:38.780  1654  1734 D WifiService: New client listening to asynchronous messages
02-20 21:24:38.781  1921  1921 D DCT     : [0]onRecordsLoadedOrSubIdChanged: createAllApnList
02-20 21:24:38.781  1921  1921 D DCT     : [0]createAllApnList: selection=numeric = '310260'
02-20 21:24:38.784  1921  1921 D DCT     : [0]createApnList: X result=[[ApnSettingV3] T-Mobile US, 1, 310260, epc.tmobile.com, , http://mms.msg.eng.t-mobile.com/mms/wapenc, , , , -1, *, IP, IP, true, 0, 0, 0, false, 0, 0, 0, 0, , , false]
02-20 21:24:38.786  1921  1921 D TelephonyProvider: subIdString = 1 subId = 1
02-20 21:24:38.798  1921  1921 D DCT     : [0]getPreferredApn: mRequestedApnType=default cursor=android.content.ContentResolver$CursorWrapperInner@f9f5de7 cursor.count=1
02-20 21:24:38.798  1921  1921 D DCT     : [0]getPreferredApn: apnSetting=[ApnSettingV3] T-Mobile US, 1, 310260, epc.tmobile.com, , http://mms.msg.eng.t-mobile.com/mms/wapenc, , , , -1, *, IP, IP, true, 0, 0, 0, false, 0, 0, 0, 0, , , false
02-20 21:24:38.798  1921  1921 D DCT     : [0]getPreferredApn: X found apnSetting[ApnSettingV3] T-Mobile US, 1, 310260, epc.tmobile.com, , http://mms.msg.eng.t-mobile.com/mms/wapenc, , , , -1, *, IP, IP, true, 0, 0, 0, false, 0, 0, 0, 0, , , false
02-20 21:24:38.799  1921  1921 D DCT     : [0]createAllApnList: mPreferredApn=[ApnSettingV3] T-Mobile US, 1, 310260, epc.tmobile.com, , http://mms.msg.eng.t-mobile.com/mms/wapenc, , , , -1, *, IP, IP, true, 0, 0, 0, false, 0, 0, 0, 0, , , false
02-20 21:24:38.799  1921  1921 D DCT     : [0]createAllApnList: X mAllApnSettings=[[ApnSettingV3] T-Mobile US, 1, 310260, epc.tmobile.com, , http://mms.msg.eng.t-mobile.com/mms/wapenc, , , , -1, *, IP, IP, true, 0, 0, 0, false, 0, 0, 0, 0, , , false]
02-20 21:24:38.799  1921  1921 D DCT     : [0]setDataProfilesAsNeeded
02-20 21:24:38.799  1921  1921 D DCT     : [0]setInitialApn: E mPreferredApn=[ApnSettingV3] T-Mobile US, 1, 310260, epc.tmobile.com, , http://mms.msg.eng.t-mobile.com/mms/wapenc, , , , -1, *, IP, IP, true, 0, 0, 0, false, 0, 0, 0, 0, , , false
02-20 21:24:38.799  1921  1921 D DCT     : [0]setInitialApn: firstApnSetting=[ApnSettingV3] T-Mobile US, 1, 310260, epc.tmobile.com, , http://mms.msg.eng.t-mobile.com/mms/wapenc, , , , -1, *, IP, IP, true, 0, 0, 0, false, 0, 0, 0, 0, , , false
02-20 21:24:38.799  1921  1921 D DCT     : [0]setInitialApn: defaultApnSetting=[ApnSettingV3] T-Mobile US, 1, 310260, epc.tmobile.com, , http://mms.msg.eng.t-mobile.com/mms/wapenc, , , , -1, *, IP, IP, true, 0, 0, 0, false, 0, 0, 0, 0, , , false
02-20 21:24:38.799  1921  1921 D DCT     : [0]setInitialAttachApn: using mPreferredApn
02-20 21:24:38.799  1921  1921 D DCT     : [0]setInitialAttachApn: X selected Apn=[ApnSettingV3] T-Mobile US, 1, 310260, epc.tmobile.com, , http://mms.msg.eng.t-mobile.com/mms/wapenc, , , , -1, *, IP, IP, true, 0, 0, 0, false, 0, 0, 0, 0, , , false
02-20 21:24:38.799  1921  1921 D RILJ    : Set RIL_REQUEST_SET_INITIAL_ATTACH_APN [SUB0]
02-20 21:24:38.799  1921  1921 D RILJ    : [3737]> RIL_REQUEST_SET_INITIAL_ATTACH_APN, apn:epc.tmobile.com, protocol:IP, authType:-1, username:none, password:none [SUB0]
02-20 21:24:38.799  1921  1921 D DCT     : [0]onRecordsLoadedOrSubIdChanged: notifying data availability
02-20 21:24:38.800  1374  1494 D RIL     : onRequest: RIL_REQUEST_SET_INITIAL_ATTACH_APN
02-20 21:24:38.800  1374  1494 D RIL     : Request not supported. Tech: 1
02-20 21:24:38.800  1921  2019 D RilRequest: [3737]< RIL_REQUEST_SET_INITIAL_ATTACH_APN error: com.android.internal.telephony.CommandException: REQUEST_NOT_SUPPORTED ret=
02-20 21:24:38.804  1654  1782 D TelephonyRegistry: Notify data connection state changed on sub: 1
02-20 21:24:38.804  1654  1782 D TelephonyRegistry: Notify data connection state changed on sub: 1
02-20 21:24:38.807  2072  2072 I AlarmClock: AlarmInitReceiver android.intent.action.TIME_SET
02-20 21:24:38.809  1654  1689 W GnssLocationProvider: Could not open GPS configuration file /etc/gps.conf
02-20 21:24:38.810  1654  1689 E GnssLocationProvider: no AGPS interface in set_agps_server
02-20 21:24:38.810  1654  1689 I GnssLocationProvider: WakeLock released by handleMessage(12, 0, null)
02-20 21:24:38.813  1921  1921 D DCT     : [0]setupDataOnConnectableApns: simLoaded hipri:[state=IDLE,enabled=false] mms:[state=IDLE,enabled=false] supl:[state=IDLE,enabled=false] ia:[state=IDLE,enabled=false] fota:[state=IDLE,enabled=false] ims:[state=IDLE,enabled=false] cbs:[state=IDLE,enabled=false] default:[state=IDLE,enabled=false] emergency:[state=IDLE,enabled=false] 
02-20 21:24:38.815  1921  1921 I Telephony: PstnIncomingCallNotifier: Unregistering: Handler (com.android.internal.telephony.GsmCdmaPhone) {92a923c}
02-20 21:24:38.822  1654  1689 W GnssLocationProvider: Could not open GPS configuration file /etc/gps.conf
02-20 21:24:38.822  1654  1689 E GnssLocationProvider: no AGPS interface in set_agps_server
02-20 21:24:38.823  1921  1921 D SubscriptionController: [getActiveSubscriptionInfo]+ subId=1 subInfo={id=1, iccId=89014103211118510720 simSlotIndex=0 displayName=Android carrierName=Android nameSource=0 iconTint=-16746133 dataRoaming=0 iconBitmap=android.graphics.Bitmap@4f9f183 mcc 310 mnc 260}
02-20 21:24:38.825  1654  2093 I Telecom : PhoneAccountRegistrar: New phone account registered: [[ ] PhoneAccount: ComponentInfo{com.android.phone/com.android.services.telephony.TelephonyConnectionService}, [e2f7d48dd2b5ca523e7313cf4ba0f6ea830b6281], UserHandle{0} Capabilities: CallProvider MultiUser PlaceEmerg SimSub  Schemes: tel voicemail  Extras: null GroupId: [da39a3ee5e6b4b0d3255bfef95601890afd80709]]: TSI.rPA@ABI
02-20 21:24:38.827  1654  2093 I Telecom : : Sending phone-account registered intent as user: TSI.rPA@ABI
02-20 21:24:38.828  1921  1921 I Telephony: AccountEntry: Registered phoneAccount: [[ ] PhoneAccount: ComponentInfo{com.android.phone/com.android.services.telephony.TelephonyConnectionService}, [e2f7d48dd2b5ca523e7313cf4ba0f6ea830b6281], UserHandle{0} Capabilities: CallProvider MultiUser PlaceEmerg SimSub  Schemes: tel voicemail  Extras: null GroupId: [da39a3ee5e6b4b0d3255bfef95601890afd80709]] with handle: ComponentInfo{com.android.phone/com.android.services.telephony.TelephonyConnectionService}, [e2f7d48dd2b5ca523e7313cf4ba0f6ea830b6281], UserHandle{0}
02-20 21:24:38.828  1921  1921 I Telephony: PstnIncomingCallNotifier: Registering: Handler (com.android.internal.telephony.GsmCdmaPhone) {92a923c}
02-20 21:24:38.829  1921  1921 I Telephony: TelecomAccountRegistry: Unregistering phone account ComponentInfo{com.android.phone/com.android.services.telephony.TelephonyConnectionService}, [e0184adedf913b076626646d3f52c3b49c39ad6d], UserHandle{0}.
02-20 21:24:38.830  1654  1782 I Telecom : : Sending phone-account unregistered intent as user: TSI.uPA@ABQ
02-20 21:24:38.838  1921  1921 D SST     : SubscriptionListener.onSubscriptionInfoChanged
02-20 21:24:38.842  1921  1921 D PhoneFactory: calculatePreferredNetworkType: phoneSubId = 1 networkType = 0
02-20 21:24:38.842  1921  1921 D Phone   : setPreferredNetworkType: Abort, unknown RAF: 1 101902
02-20 21:24:38.847  1921  1921 D Phone   : setNetworkSelectionModeAutomatic, querying current mode
02-20 21:24:38.847  1921  1921 D RILJ    : [3738]> QUERY_NETWORK_SELECTION_MODE [SUB0]
02-20 21:24:38.847  1921  1935 D SST     : SST.getAllCellInfo(): return last, back to back calls
02-20 21:24:38.847  1374  1494 D RIL     : onRequest: QUERY_NETWORK_SELECTION_MODE
02-20 21:24:38.847  1374  1494 D AT      : AT> AT+COPS?
02-20 21:24:38.847  1374  1496 D AT      : AT< +COPS: 0,2,310260
02-20 21:24:38.847  1374  1496 D AT      : AT< OK
02-20 21:24:38.847  1921  2019 D RILJ    : [3738]< QUERY_NETWORK_SELECTION_MODE {0} [SUB0]
02-20 21:24:38.848  1769  1769 W KeyguardUpdateMonitor: invalid subId in handleSimStateChange()
02-20 21:24:38.848  1769  1769 I Choreographer: Skipped 47 frames!  The application may be doing too much work on its main thread.
02-20 21:24:38.849  1921  1933 D SST     : SST.getAllCellInfo(): return last, back to back calls
02-20 21:24:38.849  1921  1933 D SST     : SST.getAllCellInfo(): return last, back to back calls
02-20 21:24:38.850  1921  1921 D TelephonyManager: setTelephonyProperty: success phoneId=0 property=gsm.network.type value: LTE propVal=LTE
02-20 21:24:38.852  1921  1921 D SubscriptionController: [setCarrierText]+ text:Android subId:1
02-20 21:24:38.870  1921  1921 D SubscriptionController: notifySubscriptionInfoChanged:
02-20 21:24:38.871  1654  1654 I GnssLocationProvider: WakeLock acquired by sendMessage(12, 0, null)
02-20 21:24:38.871  1921  1921 D SIMRecords: [SIMRecords] getServiceProviderName: no brandOverride, providerName=Android
02-20 21:24:38.871  1921  1921 D SIMRecords: [SIMRecords] getServiceProviderName: no brandOverride, providerName=Android
02-20 21:24:38.872  1921  1921 D SST     : updateSpnDisplay: changed sending intent rule=1 showPlmn='false' plmn='Android' showSpn='true' spn='Android' dataSpn='Android' subId='1'
02-20 21:24:38.873  1921  1921 D SubscriptionController: [setCarrierText]+ text:Android subId:1
02-20 21:24:38.882  1769  1915 D EGL_emulation: eglMakeCurrent: 0x78b489c64820: ver 3 0 (tinfo 0x78b489c915e0)
02-20 21:24:38.901  2039  2039 D CellBroadcastReceiver: Service state changed! 0 Full: 0 0 voice home data home Android Android 310260 Android Android 310260  Unknown LTE CSS not supported -1 -1 RoamInd=-1 DefRoamInd=-1 EmergOnly=false IsDataRoamingFromRegistration=false IsUsingCarrierAggregation=false Current state=-1
02-20 21:24:38.901  2039  2039 D CellBroadcastReceiver: Start Cell Broadcast configuration.
02-20 21:24:38.910  2072  2106 V AlarmClock: AlarmInitReceiver finished
02-20 21:24:38.946  1654  1689 W GnssLocationProvider: Could not open GPS configuration file /etc/gps.conf
02-20 21:24:38.950  1921  1921 D SubscriptionController: notifySubscriptionInfoChanged:
02-20 21:24:38.950  1654  1654 I GnssLocationProvider: WakeLock acquired by sendMessage(12, 0, null)
02-20 21:24:38.951  1921  1921 D SIMRecords: [SIMRecords]  VoiceMessageCount from SIM MWIS = 0
02-20 21:24:38.951  1921  1921 D Phone   : getStoredVoiceMessageCount: from preference for subId 1= 0
02-20 21:24:38.951  1921  1921 D GsmCdmaPhone: [GsmCdmaPhone] updateVoiceMail countVoiceMessages = 0 subId 1
02-20 21:24:38.951  1921  1921 D Phone   : setVoiceMessageCount: Storing Voice Mail Count = 0 for mVmCountKey = vm_count_key1 in preferences.
02-20 21:24:38.962  2039  2111 D CellBroadcastConfigService: Enable CellBroadcast on sub 1
02-20 21:24:38.965  1921  1921 D DCT     : [0]SubscriptionListener.onSubscriptionInfoChanged
02-20 21:24:38.949  1654  1689 E GnssLocationProvider: no AGPS interface in set_agps_server
02-20 21:24:38.965  1654  1689 I GnssLocationProvider: WakeLock released by handleMessage(12, 0, null)
02-20 21:24:38.966  1921  1921 D DCT     : [0]onRecordsLoadedOrSubIdChanged: createAllApnList
02-20 21:24:38.966  1921  1921 D DCT     : [0]createAllApnList: selection=numeric = '310260'
02-20 21:24:38.972  1921  1921 D DCT     : [0]createApnList: X result=[[ApnSettingV3] T-Mobile US, 1, 310260, epc.tmobile.com, , http://mms.msg.eng.t-mobile.com/mms/wapenc, , , , -1, *, IP, IP, true, 0, 0, 0, false, 0, 0, 0, 0, , , false]
02-20 21:24:38.973  1921  1921 D TelephonyProvider: subIdString = 1 subId = 1
02-20 21:24:38.975  1921  1921 D DCT     : [0]getPreferredApn: mRequestedApnType=default cursor=android.content.ContentResolver$CursorWrapperInner@c209e18 cursor.count=1
02-20 21:24:38.975  1921  1921 D DCT     : [0]getPreferredApn: apnSetting=[ApnSettingV3] T-Mobile US, 1, 310260, epc.tmobile.com, , http://mms.msg.eng.t-mobile.com/mms/wapenc, , , , -1, *, IP, IP, true, 0, 0, 0, false, 0, 0, 0, 0, , , false
