02-20 21:25:49.401  1925  2006 D RILJ    : [3730]< SIM_IO IccIoResponse sw1:0x90 sw2:0x0 [SUB0]
02-20 21:25:49.401  1925  1925 D SubscriptionInfoUpdater: [Receiver]+
02-20 21:25:49.401  1925  1925 D SubscriptionInfoUpdater: Action: android.intent.action.SIM_STATE_CHANGED
02-20 21:25:49.401  1925  1925 D SubscriptionInfoUpdater: slotId: 0
02-20 21:25:49.401  1925  1925 D SubscriptionInfoUpdater: simStatus: READY
02-20 21:25:49.401  1925  1925 D SubscriptionInfoUpdater: Ignoring simStatus: READY
02-20 21:25:49.401  1925  1925 D SubscriptionInfoUpdater: [Receiver]-
02-20 21:25:49.401  1925  1925 E SST     : error parsing GprsRegistrationState: java.lang.NumberFormatException: null
02-20 21:25:49.401  1925  1925 D SST     : handlPollStateResultMessage: GsmSST setDataRegState=0 regState=1 dataRadioTechnology=14
02-20 21:25:49.401  1925  1925 D SST     : EVENT_POLL_STATE_NETWORK_SELECTION_MODE
02-20 21:25:49.402  1925  1925 D SST     : Poll ServiceState done:  oldSS=[0 0 voice home data home Android Android 310260 Android Android 310260  Unknown LTE CSS not supported -1 -1 RoamInd=-1 DefRoamInd=-1 EmergOnly=false IsDataRoamingFromRegistration=false IsUsingCarrierAggregation=false] newSS=[0 0 voice home data home Android Android 310260 Android Android 310260  Unknown LTE CSS not supported -1 -1 RoamInd=-1 DefRoamInd=-1 EmergOnly=false IsDataRoamingFromRegistration=false IsUsingCarrierAggregation=false] oldMaxDataCalls=1 mNewMaxDataCalls=1 oldReasonDataDenied=-1 mNewReasonDataDenied=-1
02-20 21:25:49.402  1925  1925 D RuimRecords: [RuimRecords] NO update mccmnc=310260
02-20 21:25:49.402  1925  1925 D RuimRecords: [RuimRecords] onRecordLoaded 9 requested: true
02-20 21:25:49.402  1925  1925 D RILJ    : [3731]> iccIO: SIM_IO 0xb0 0x2fe2  path: 3F00,0,0,10 aid: null [SUB0]
02-20 21:25:49.402  1375  1477 D RIL     : onRequest: SIM_IO
02-20 21:25:49.402  1375  1477 D AT      : AT> AT+CRSM=176,12258,0,0,10
02-20 21:25:49.402  1375  1480 D AT      : AT< +CRSM: 144,0,98101430121181157002
02-20 21:25:49.402  1375  1480 D AT      : AT< OK
02-20 21:25:49.402  1925  2006 D RILJ    : [3731]< SIM_IO IccIoResponse sw1:0x90 sw2:0x0 [SUB0]
02-20 21:25:49.405  1677  1974 I am_proc_start: [0,2081,10067,com.google.android.deskclock,broadcast,com.google.android.deskclock/com.android.deskclock.AlarmInitReceiver]
02-20 21:25:49.405  1677  1974 I ActivityManager: Start proc 2081:com.google.android.deskclock/u0a67 for broadcast com.google.android.deskclock/com.android.deskclock.AlarmInitReceiver
02-20 21:25:49.407  1765  1765 I StatusBar: isKeyguardShowing() called before startKeyguard(), returning true
02-20 21:25:49.408  1765  1765 W StatusBar: isKeyguardSecure() called before startKeyguard(), returning false
02-20 21:25:49.408  1765  1765 W StatusBar: java.lang.Throwable
02-20 21:25:49.408  1765  1765 W StatusBar: 	at com.android.systemui.statusbar.BaseStatusBar.isKeyguardSecure(BaseStatusBar.java:2647)
02-20 21:25:49.408  1765  1765 W StatusBar: 	at com.android.systemui.statusbar.BaseStatusBar.isCameraAllowedByAdmin(BaseStatusBar.java:2670)
02-20 21:25:49.408  1765  1765 W StatusBar: 	at com.android.systemui.statusbar.phone.KeyguardBottomAreaView.updateCameraVisibility(KeyguardBottomAreaView.java:309)
02-20 21:25:49.408  1765  1765 W StatusBar: 	at com.android.systemui.statusbar.phone.KeyguardBottomAreaView.setPhoneStatusBar(KeyguardBottomAreaView.java:272)
02-20 21:25:49.408  1765  1765 W StatusBar: 	at com.android.systemui.statusbar.phone.PhoneStatusBar.makeStatusBarView(PhoneStatusBar.java:904)
02-20 21:25:49.408  1765  1765 W StatusBar: 	at com.android.systemui.statusbar.phone.PhoneStatusBar.addStatusBarWindow(PhoneStatusBar.java:3432)
02-20 21:25:49.408  1765  1765 W StatusBar: 	at com.android.systemui.statusbar.phone.PhoneStatusBar.createAndAddWindows(PhoneStatusBar.java:3428)
02-20 21:25:49.408  1765  1765 W StatusBar: 	at com.android.systemui.statusbar.BaseStatusBar.start(BaseStatusBar.java:765)
02-20 21:25:49.408  1765  1765 W StatusBar: 	at com.android.systemui.statusbar.phone.PhoneStatusBar.start(PhoneStatusBar.java:686)
02-20 21:25:49.408  1765  1765 W StatusBar: 	at com.android.systemui.statusbar.SystemBars.createStatusBarFromConfig(SystemBars.java:106)
02-20 21:25:49.408  1765  1765 W StatusBar: 	at com.android.systemui.statusbar.SystemBars.onNoService(SystemBars.java:58)
02-20 21:25:49.408  1765  1765 W StatusBar: 	at com.android.systemui.statusbar.ServiceMonitor.startService(ServiceMonitor.java:230)
02-20 21:25:49.408  1765  1765 W StatusBar: 	at com.android.systemui.statusbar.ServiceMonitor.-wrap5(ServiceMonitor.java)
02-20 21:25:49.408  1765  1765 W StatusBar: 	at com.android.systemui.statusbar.ServiceMonitor$1.handleMessage(ServiceMonitor.java:73)
02-20 21:25:49.408  1765  1765 W StatusBar: 	at android.os.Handler.dispatchMessage(Handler.java:102)
02-20 21:25:49.408  1765  1765 W StatusBar: 	at android.os.Looper.loop(Looper.java:154)
02-20 21:25:49.408  1765  1765 W StatusBar: 	at android.app.ActivityThread.main(ActivityThread.java:6119)
02-20 21:25:49.408  1765  1765 W StatusBar: 	at java.lang.reflect.Method.invoke(Native Method)
02-20 21:25:49.408  1765  1765 W StatusBar: 	at com.android.internal.os.ZygoteInit$MethodAndArgsCaller.run(ZygoteInit.java:886)
02-20 21:25:49.408  1765  1765 W StatusBar: 	at com.android.internal.os.ZygoteInit.main(ZygoteInit.java:776)
02-20 21:25:49.408  1765  1765 I StatusBar: isKeyguardShowing() called before startKeyguard(), returning true
02-20 21:25:49.408  1765  1765 W StatusBar: isKeyguardSecure() called before startKeyguard(), returning false
02-20 21:25:49.408  1765  1765 W StatusBar: java.lang.Throwable
02-20 21:25:49.408  1765  1765 W StatusBar: 	at com.android.systemui.statusbar.BaseStatusBar.isKeyguardSecure(BaseStatusBar.java:2647)
02-20 21:25:49.408  1765  1765 W StatusBar: 	at com.android.systemui.statusbar.BaseStatusBar.isCameraAllowedByAdmin(BaseStatusBar.java:2670)
02-20 21:25:49.408  1765  1765 W StatusBar: 	at com.android.systemui.statusbar.phone.KeyguardBottomAreaView.updateCameraVisibility(KeyguardBottomAreaView.java:309)
02-20 21:25:49.408  1765  1765 W StatusBar: 	at com.android.systemui.statusbar.phone.KeyguardBottomAreaView.setUserSetupComplete(KeyguardBottomAreaView.java:281)
02-20 21:25:49.408  1765  1765 W StatusBar: 	at com.android.systemui.statusbar.phone.PhoneStatusBar.makeStatusBarView(PhoneStatusBar.java:905)
02-20 21:25:49.408  1765  1765 W StatusBar: 	at com.android.systemui.statusbar.phone.PhoneStatusBar.addStatusBarWindow(PhoneStatusBar.java:3432)
02-20 21:25:49.408  1765  1765 W StatusBar: 	at com.android.systemui.statusbar.phone.PhoneStatusBar.createAndAddWindows(PhoneStatusBar.java:3428)
02-20 21:25:49.408  1765  1765 W StatusBar: 	at com.android.systemui.statusbar.BaseStatusBar.start(BaseStatusBar.java:765)
02-20 21:25:49.408  1765  1765 W StatusBar: 	at com.android.systemui.statusbar.phone.PhoneStatusBar.start(PhoneStatusBar.java:686)
02-20 21:25:49.408  1765  1765 W StatusBar: 	at com.android.systemui.statusbar.SystemBars.createStatusBarFromConfig(SystemBars.java:106)
02-20 21:25:49.408  1765  1765 W StatusBar: 	at com.android.systemui.statusbar.SystemBars.onNoService(SystemBars.java:58)
02-20 21:25:49.408  1765  1765 W StatusBar: 	at com.android.systemui.statusbar.ServiceMonitor.startService(ServiceMonitor.java:230)
02-20 21:25:49.408  1765  1765 W StatusBar: 	at com.android.systemui.statusbar.ServiceMonitor.-wrap5(ServiceMonitor.java)
02-20 21:25:49.408  1765  1765 W StatusBar: 	at com.android.systemui.statusbar.ServiceMonitor$1.handleMessage(ServiceMonitor.java:73)
02-20 21:25:49.408  1765  1765 W StatusBar: 	at android.os.Handler.dispatchMessage(Handler.java:102)
02-20 21:25:49.408  1765  1765 W StatusBar: 	at android.os.Looper.loop(Looper.java:154)
02-20 21:25:49.408  1765  1765 W StatusBar: 	at android.app.ActivityThread.main(ActivityThread.java:6119)
02-20 21:25:49.408  1765  1765 W StatusBar: 	at java.lang.reflect.Method.invoke(Native Method)
02-20 21:25:49.408  1765  1765 W StatusBar: 	at com.android.internal.os.ZygoteInit$MethodAndArgsCaller.run(ZygoteInit.java:886)
02-20 21:25:49.408  1765  1765 W StatusBar: 	at com.android.internal.os.ZygoteInit.main(ZygoteInit.java:776)
02-20 21:25:49.408  2081  2081 W art     : Unexpected CPU variant for X86 using defaults: x86_64
02-20 21:25:49.409  1925  1925 D IccCardProxy: broadcastIccStateChangedIntent intent ACTION_SIM_STATE_CHANGED value=IMSI reason=null for mPhoneId=0
02-20 21:25:49.428  1925  1951 D SubscriptionController: [getPhoneId] asked for default subId=-1
02-20 21:25:49.431  1925  1925 D SIMRecords: [SIMRecords] onRecordLoaded 15 requested: true
02-20 21:25:49.432  1925  1925 D RILJ    : [3732]> iccIO: SIM_IO 0xc0 0x6f14  path: 3F007F20,0,0,15 aid: null [SUB0]
02-20 21:25:49.434  1375  1477 D RIL     : onRequest: SIM_IO
02-20 21:25:49.434  1375  1477 D AT      : AT> AT+CRSM=192,28436,0,0,15
02-20 21:25:49.435  1375  1480 D AT      : AT< +CRSM: 144,0,000000146f1404001aa0aa01020000
02-20 21:25:49.435  1375  1480 D AT      : AT< OK
02-20 21:25:49.435  1925  2006 D RILJ    : [3732]< SIM_IO IccIoResponse sw1:0x90 sw2:0x0 [SUB0]
02-20 21:25:49.435  1925  1925 D SIMRecords: [SIMRecords] onRecordLoaded 15 requested: true
02-20 21:25:49.435  1925  1925 D SIMRecords: [SIMRecords] onRecordLoaded 14 requested: true
02-20 21:25:49.435  1925  1925 E SIMRecords: [SIMRecords] Exception in fetching EF_CSP data com.android.internal.telephony.CommandException: GENERIC_FAILURE
02-20 21:25:49.435  1925  1925 D SIMRecords: [SIMRecords] onRecordLoaded 13 requested: true
02-20 21:25:49.435  1925  1925 E SIMRecords: [SIMRecords] Exception in get GID1 com.android.internal.telephony.CommandException: GENERIC_FAILURE
02-20 21:25:49.435  1925  1925 D SIMRecords: [SIMRecords] onRecordLoaded 12 requested: true
02-20 21:25:49.435  1925  1925 E SIMRecords: [SIMRecords] Exception in get GID2 com.android.internal.telephony.CommandException: GENERIC_FAILURE
02-20 21:25:49.435  1925  1925 D SIMRecords: [SIMRecords] onRecordLoaded 11 requested: true
02-20 21:25:49.435  1925  1925 D RuimRecords: [RuimRecords] EF_PL LOADED
02-20 21:25:49.435  1925  1925 E RuimRecords: [RuimRecords] Record Load Exception: com.android.internal.telephony.CommandException: GENERIC_FAILURE
02-20 21:25:49.435  1925  1925 D RuimRecords: [RuimRecords] onRecordLoaded 8 requested: true
02-20 21:25:49.435  1925  1925 D RuimRecords: [RuimRecords] EF_CSIM_LI LOADED
02-20 21:25:49.435  1925  1925 E RuimRecords: [RuimRecords] Record Load Exception: com.android.internal.telephony.CommandException: GENERIC_FAILURE
02-20 21:25:49.435  1925  1925 D RuimRecords: [RuimRecords] onRecordLoaded 7 requested: true
02-20 21:25:49.435  1925  1925 D RuimRecords: [RuimRecords] EF_CSIM_SPN LOADED
02-20 21:25:49.435  1925  1925 E RuimRecords: [RuimRecords] Record Load Exception: com.android.internal.telephony.CommandException: GENERIC_FAILURE
02-20 21:25:49.435  1925  1925 D RuimRecords: [RuimRecords] onRecordLoaded 6 requested: true
02-20 21:25:49.435  1925  1925 D RuimRecords: [RuimRecords] EF_CSIM_MDN LOADED
02-20 21:25:49.435  1925  1925 E RuimRecords: [RuimRecords] Record Load Exception: com.android.internal.telephony.CommandException: GENERIC_FAILURE
02-20 21:25:49.435  1925  1925 D RuimRecords: [RuimRecords] onRecordLoaded 5 requested: true
02-20 21:25:49.435  1925  1925 D RuimRecords: [RuimRecords] EF_CSIM_IMSIM LOADED
02-20 21:25:49.435  1925  1925 E RuimRecords: [RuimRecords] Record Load Exception: com.android.internal.telephony.CommandException: GENERIC_FAILURE
02-20 21:25:49.435  1925  1925 D RuimRecords: [RuimRecords] onRecordLoaded 4 requested: true
02-20 21:25:49.435  1925  1925 D RuimRecords: [RuimRecords] EF_CSIM_CDMAHOME LOADED
02-20 21:25:49.435  1925  1925 E RuimRecords: [RuimRecords] Record Load Exception: com.android.internal.telephony.CommandException: GENERIC_FAILURE
02-20 21:25:49.435  1925  1925 D RuimRecords: [RuimRecords] onRecordLoaded 3 requested: true
02-20 21:25:49.435  1925  1925 D RuimRecords: [RuimRecords] EF_CSIM_EPRL LOADED
02-20 21:25:49.435  1925  1925 E RuimRecords: [RuimRecords] Record Load Exception: com.android.internal.telephony.CommandException: GENERIC_FAILURE
02-20 21:25:49.435  1925  1925 D RuimRecords: [RuimRecords] onRecordLoaded 2 requested: true
02-20 21:25:49.435  1925  1925 D RuimRecords: [RuimRecords] EF_CSIM_MIPUPP LOADED
02-20 21:25:49.435  1925  1925 E RuimRecords: [RuimRecords] Record Load Exception: com.android.internal.telephony.CommandException: GENERIC_FAILURE
02-20 21:25:49.435  1925  1925 D RuimRecords: [RuimRecords] onRecordLoaded 1 requested: true
02-20 21:25:49.435  1925  1925 D SubscriptionInfoUpdater: [Receiver]+
02-20 21:25:49.435  1925  1925 D SubscriptionInfoUpdater: Action: android.intent.action.SIM_STATE_CHANGED
02-20 21:25:49.435  1925  1925 D SubscriptionInfoUpdater: slotId: 0
02-20 21:25:49.435  1925  1925 D SubscriptionInfoUpdater: simStatus: IMSI
02-20 21:25:49.435  1925  1925 D SubscriptionInfoUpdater: Ignoring simStatus: IMSI
02-20 21:25:49.435  1925  1925 D SubscriptionInfoUpdater: [Receiver]-
02-20 21:25:49.436  1925  1925 D SIMRecords: [SIMRecords] iccid: 89014103211118510720
02-20 21:25:49.436  1925  1925 D SIMRecords: [SIMRecords] onRecordLoaded 10 requested: true
02-20 21:25:49.440  1925  1925 D SIMRecords: [SIMRecords] EF_MBI: 01000000
02-20 21:25:49.440  1925  1925 D SIMRecords: [SIMRecords] Got valid mailbox number for MBDN
02-20 21:25:49.441  1925  1925 D RILJ    : [3733]> iccIO: SIM_IO 0xc0 0x6fc7  path: 3F007F20,0,0,15 aid: null [SUB0]
02-20 21:25:49.442  1375  1477 D RIL     : onRequest: SIM_IO
02-20 21:25:49.442  1375  1477 D AT      : AT> AT+CRSM=192,28615,0,0,15
02-20 21:25:49.442  1375  1480 D AT      : AT< +CRSM: 144,0,000000406fc7040011a0aa01020120
02-20 21:25:49.442  1375  1480 D AT      : AT< OK
02-20 21:25:49.442  1925  2006 D RILJ    : [3733]< SIM_IO IccIoResponse sw1:0x90 sw2:0x0 [SUB0]
02-20 21:25:49.450  1366  1706 V EmulatedCamera_Camera: getCameraInfo
02-20 21:25:49.450  1366  1706 V EmulatedCamera_BaseCamera: getCameraInfo
02-20 21:25:49.451  1925  1925 D SIMRecords: [SIMRecords] onRecordLoaded 10 requested: true
02-20 21:25:49.451  1925  1925 D SIMRecords: [SIMRecords] EF_AD: 00000003
02-20 21:25:49.451  1925  1925 D SIMRecords: [SIMRecords] setting4 mMncLength=3
02-20 21:25:49.451  1925  1925 D SIMRecords: [SIMRecords] update mccmnc=310260
02-20 21:25:49.451  1925  1925 D MccTable: updateMccMncConfiguration mccmnc='310260' fromServiceState=false
02-20 21:25:49.452  1925  1925 D SubscriptionController: [getPhoneId]- no sims, returning default phoneId=2147483647
02-20 21:25:49.452  1925  1925 D MccTable: updateMccMncConfiguration defaultMccMnc=
02-20 21:25:49.452  1925  1925 D MccTable: updateMccMncConfiguration: mcc=310, mnc=260
02-20 21:25:49.452  1925  1925 D MccTable: updateMccMncConfiguration updateConfig config={1.0 310mcc260mnc ?localeList ?layoutDir ?swdp ?wdp ?hdp ?density ?lsize ?long ?orien ?uimode ?night ?touch ?keyb/?/? ?nav/?}
02-20 21:25:49.452  1925  1952 D SubscriptionController: [getActiveSubInfoList] Sub Controller not ready
02-20 21:25:49.453  1366  1366 V EmulatedCamera_Camera: getCameraInfo
02-20 21:25:49.453  1366  1366 V EmulatedCamera_BaseCamera: getCameraInfo
02-20 21:25:49.463  1925  1951 D SubscriptionController: [getPhoneId]- no sims, returning default phoneId=2147483647
02-20 21:25:49.476  1677  1983 I configuration_changed: 3
02-20 21:25:49.476  1677  1983 I ActivityManager: Config changes=3 {1.0 310mcc260mnc [en_US] ldltr sw360dp w360dp h668dp 640dpi nrml long port finger -keyb/v/h -nav/h s.6}
02-20 21:25:49.497  1677  1983 I am_relaunch_resume_activity: [0,103602908,1,com.android.settings/.FallbackHome]
02-20 21:25:48.596     0     0 I init    : write_file: Unable to open '/sys/class/android_usb/android0/enable': No such file or directory
02-20 21:25:48.597     0     0 I init    : write_file: Unable to open '/sys/class/android_usb/android0/idVendor': No such file or directory
02-20 21:25:48.599     0     0 I init    : write_file: Unable to open '/sys/class/android_usb/android0/idProduct': No such file or directory
02-20 21:25:48.600     0     0 I init    : write_file: Unable to open '/sys/class/android_usb/android0/functions': No such file or directory
02-20 21:25:48.605     0     0 I init    : write_file: Unable to open '/sys/class/android_usb/android0/enable': No such file or directory
02-20 21:25:49.497  1935  1935 I am_on_paused_called: [0,com.android.settings.FallbackHome,handleRelaunchActivity]
02-20 21:25:49.499  1677  1700 I wm_boot_animation_done: 13578
02-20 21:25:49.500  1677  1689 I am_proc_bound: [0,2081,com.google.android.deskclock]
02-20 21:25:49.501  1925  1925 D SIMRecords: [SIMRecords] onRecordLoaded 9 requested: true
02-20 21:25:49.501  1925  1925 D SIMRecords: [SIMRecords] EF_MWIS : 0000000000
02-20 21:25:49.501  1925  1925 D SIMRecords: [SIMRecords] onRecordLoaded 8 requested: true
02-20 21:25:49.501  1925  1925 D SIMRecords: [SIMRecords] EF_CPHS_MWI: 55
02-20 21:25:49.501  1925  1925 D SIMRecords: [SIMRecords] onRecordLoaded 7 requested: true
02-20 21:25:49.501  1925  1925 D SIMRecords: [SIMRecords] EF_CFF_CPHS: 55
02-20 21:25:49.501  1925  1925 D SIMRecords: [SIMRecords] onRecordLoaded 6 requested: true
02-20 21:25:49.501  1925  1925 D RILJ    : [3734]> iccIO: SIM_IO 0xb0 0x6f14  path: 3F007F20,0,0,20 aid: null [SUB0]
02-20 21:25:49.501  1677  1700 I SystemServiceManager: Starting phase 1000
02-20 21:25:49.502  1925  1925 D SIMRecords: [SIMRecords] onRecordLoaded 5 requested: true
02-20 21:25:49.502  1925  1925 D SIMRecords: [SIMRecords] SST: UsimServiceTable[120]={ PHONEBOOK, FDN, FDN_EXTENSION, SDN, SDN_EXTENSION, BDN, BDN_EXTENSION, OUTGOING_CALL_INFO, ADVICE_OF_CHARGE, CAP_CONFIG_PARAMS_2, GROUP_ID_LEVEL_1, GROUP_ID_LEVEL_2, SPN, USER_PLMN_SELECT, MSISDN, IMAGE, LOCALISED_SERVICE_AREAS, EMLPP, EMLPP_AUTO_ANSWER, RFU, GSM_ACCESS, DATA_DL_VIA_SMS_PP, DATA_DL_VIA_SMS_CB, CALL_CONTROL_BY_USIM, MO_SMS_CONTROL_BY_USIM, RUN_AT_COMMAND, APN_CONTROL_LIST, DEPERSONALISATION_CONTROL_KEYS, COOPERATIVE_NETWORK_LIST, GSM_SECURITY_CONTEXT, SERVICE_PROVIDER_DISPLAY_INFO, MMS_NOTIFICATION, MMS_NOTIFICATION_EXTENSION, GPRS_CALL_CONTROL_BY_USIM, VGCS_GROUP_ID_LIST, VBS_GROUP_ID_LIST, OMA_BCAST_PROFILE, GBA_LOCAL_KEY_ESTABLISHMENT, #101, #102, #103, #104, #105, #106, #107, #108, #109, #110 }
02-20 21:25:49.502  1925  1925 D SIMRecords: [SIMRecords] onRecordLoaded 4 requested: true
02-20 21:25:49.502  1925  1925 D SIMRecords: [SIMRecords] iCPHS: 0233
02-20 21:25:49.502  1925  1925 D SIMRecords: [SIMRecords] onRecordLoaded 3 requested: true
02-20 21:25:49.502  1925  1925 D RuimRecords: [RuimRecords] iccid: 89014103211118510720
02-20 21:25:49.502  1925  1925 D RuimRecords: [RuimRecords] onRecordLoaded 0 requested: true
02-20 21:25:49.502  1925  1925 D RuimRecords: [RuimRecords] record load complete
02-20 21:25:49.502  1925  1925 D SIMRecords: [SIMRecords] MSISDN: [t-WgLegCyIMgfHgPkOdM6pkZbpA]
02-20 21:25:49.502  1925  1925 D SIMRecords: [SIMRecords] onRecordLoaded 2 requested: true
02-20 21:25:49.502  1925  1925 D RILJ    : [3735]> iccIO: SIM_IO 0xb2 0x6fc7  path: 3F007F20,1,4,32 aid: null [SUB0]
02-20 21:25:49.502  1375  1477 D RIL     : onRequest: SIM_IO
02-20 21:25:49.503  1375  1477 D AT      : AT> AT+CRSM=176,28436,0,0,20
02-20 21:25:49.503  1375  1480 D AT      : AT< +CRSM: 144,0,416e64726f6964ffffffffffffffffffffffffff
02-20 21:25:49.503  1375  1480 D AT      : AT< OK
02-20 21:25:49.504  1925  2006 D RILJ    : [3734]< SIM_IO IccIoResponse sw1:0x90 sw2:0x0 [SUB0]
02-20 21:25:49.504  1925  1950 D DCT     : [0]hasMatchedTetherApnSetting: APN=null
02-20 21:25:49.504  1375  1477 D RIL     : onRequest: SIM_IO
02-20 21:25:49.504  1375  1477 D AT      : AT> AT+CRSM=178,28615,1,4,32
02-20 21:25:49.504  1375  1480 D AT      : AT< +CRSM: 144,0,566f6963656d61696cffffffffffffffffff07915155125740f9ffffffffffff
02-20 21:25:49.504  1375  1480 D AT      : AT< OK
02-20 21:25:49.504  1925  2006 D RILJ    : [3735]< SIM_IO IccIoResponse sw1:0x90 sw2:0x0 [SUB0]
02-20 21:25:49.505  1925  1925 D SIMRecords: [SIMRecords] getServiceProviderName: no brandOverride, providerName=Android
02-20 21:25:49.505  1925  1925 D SIMRecords: [SIMRecords] Load EF_SPN_CPHS: Android
02-20 21:25:49.505  1925  1925 D TelephonyManager: setTelephonyProperty: success phoneId=0 property=gsm.sim.operator.alpha value: Android propVal=Android
02-20 21:25:49.506  1925  1925 D SIMRecords: [SIMRecords] onRecordLoaded 1 requested: true
02-20 21:25:49.507  1925  1925 D SIMRecords: [SIMRecords] VM: ADN Record 'Voicemail' '[-MWU1cAlDrkXUZ8dpHi_wU_YOpU] null' EF[MBDN]
02-20 21:25:49.507  1925  1925 D SIMRecords: [SIMRecords] onRecordLoaded 0 requested: true
02-20 21:25:49.507  1925  1925 D SIMRecords: [SIMRecords] record load complete
02-20 21:25:49.507  1925  1925 D SIMRecords: [SIMRecords] Not using EF LI/EF PL
02-20 21:25:49.507  1925  1925 D SIMRecords: [SIMRecords] EF_CFF: callForwardingEnabled=0
02-20 21:25:49.507  1925  1925 D SIMRecords: [SIMRecords] onAllRecordsLoaded set 'gsm.sim.operator.numeric' to operator='310260'
02-20 21:25:49.507  1925  1925 D SIMRecords: [SIMRecords] update icc_operator_numeric=310260
02-20 21:25:49.508  1925  1925 D TelephonyManager: setTelephonyProperty: success phoneId=0 property=gsm.sim.operator.numeric value: 310260 propVal=310260
02-20 21:25:49.512  1935  2009 D EGL_emulation: eglMakeCurrent: 0x71ebb32a3e40: ver 3 0 (tinfo 0x71ebb33ecd80)
02-20 21:25:49.516  1925  1925 D SubscriptionController: [setMccMnc]+ mcc/mnc:310/260 subId:-1
02-20 21:25:49.516  1935  1935 I am_on_stop_called: [0,com.android.settings.FallbackHome,destroy]
02-20 21:25:49.517  1677  1700 I am_proc_start: [0,2098,10015,com.google.android.ext.services,on-hold,]
02-20 21:25:49.517  1677  1700 I ActivityManager: Start proc 2098:com.google.android.ext.services/u0a15 for on-hold
02-20 21:25:49.519  1677  1700 D ActivityManager: Finishing user boot 0
02-20 21:25:49.519  1677  1700 I sysui_histogram: [framework_locked_boot_completed,13]
02-20 21:25:49.520  1677  1700 D CryptdConnector: SND -> {3 cryptfs prepare_user_storage ! 0 0 2}
02-20 21:25:49.520  1268  1304 D vold    : e4crypt_prepare_user_storage for volume null, user 0, serial 0, flags 2
02-20 21:25:49.521  1268  1304 D vold    : Preparing: /data/system_ce/0
02-20 21:25:49.521  1268  1304 D vold    : Preparing: /data/misc_ce/0
02-20 21:25:49.521  1268  1304 D vold    : Preparing: /data/media/0
02-20 21:25:49.521  1268  1304 D vold    : Preparing: /data/data
02-20 21:25:49.521  1677  1729 D CryptdConnector: RCV <- {200 3 Command succeeded}
02-20 21:25:49.521  1677  1700 V UserManagerService: Found /data/user/0 with serial number 0
02-20 21:25:49.521  1677  1700 V UserManagerService: Found /data/system_ce/0 with serial number 0
02-20 21:25:49.521  1677  1700 V PackageManager: reconcileAppsData for null u0 0x2
02-20 21:25:49.527  1925  1925 D SubscriptionController: notifySubscriptionInfoChanged:
02-20 21:25:49.527  1677  1677 I GnssLocationProvider: WakeLock acquired by sendMessage(12, 0, null)
02-20 21:25:49.528  1925  1950 D SubscriptionController: [getActiveSubInfoList] Sub Controller not ready
02-20 21:25:49.529  1925  2097 D SubscriptionController: [getActiveSubInfoList] Sub Controller not ready
02-20 21:25:49.533  2098  2098 W art     : Unexpected CPU variant for X86 using defaults: x86_64
02-20 21:25:49.608  2081  2081 W System  : ClassLoader referenced unknown path: /system/app/PrebuiltDeskClockGoogle/lib/x86_64
02-20 21:25:49.612  1925  1952 D SubscriptionController: [getPhoneId]- no sims, returning default phoneId=2147483647
02-20 21:25:49.612  1677  1700 V PackageManager: reconcileAppsData finished 100 packages
02-20 21:25:49.612  1677  1799 W art     : Long monitor contention with owner android.display (1700) at void com.android.server.am.ActivityManagerService.finishBooting()(ActivityManagerService.java:6823) waiters=0 in java.lang.String com.android.server.am.ActivityManagerService.checkContentProviderAccess(java.lang.String, int) for 109ms
02-20 21:25:49.612  1677  1799 I dvm_lock_sample: [system_server,1,Binder:1677_4,109,ActivityManagerService.java,10435,-,6823,21]
02-20 21:25:49.612  1677  1693 D MountService: onUnlockUser 0
02-20 21:25:49.612  1677  1693 D VoldConnector: SND -> {7 volume user_started 0}
02-20 21:25:49.613  1677  1983 I am_proc_bound: [0,2098,com.google.android.ext.services]
02-20 21:25:49.613  1268  1303 D vold    : Linking /storage/emulated/0 to /mnt/user/0/primary
02-20 21:25:49.614  1677  1728 D VoldConnector: RCV <- {200 7 Command succeeded}
02-20 21:25:49.614  1677  1727 D MountService: Volume public:253,64 broadcasting mounted to UserHandle{0}
02-20 21:25:49.620  1677  1727 D MountService: Volume emulated broadcasting mounted to UserHandle{0}
02-20 21:25:49.634  1925  1925 D SIMRecords: [SIMRecords] onAllRecordsLoaded set mcc imsi
02-20 21:25:49.634  1925  1925 D TelephonyManager: setTelephonyProperty: success phoneId=0 property=gsm.sim.operator.iso-country value: us propVal=us
02-20 21:25:49.635  1925  1925 D SST     : SubscriptionListener.onSubscriptionInfoChanged
02-20 21:25:49.635  1925  1925 D SIMRecords: [SIMRecords]  VoiceMessageCount from SIM MWIS = 0
02-20 21:25:49.635  1925  1925 E Phone   : getStoredVoiceMessageCount: invalid subId -2
02-20 21:25:49.635  1925  1925 D GsmCdmaPhone: [GsmCdmaPhone] updateVoiceMail countVoiceMessages = 0 subId -2
02-20 21:25:49.635  1925  1925 E Phone   : setVoiceMessageCount in sharedPreference: invalid subId -2
02-20 21:25:49.635  1925  1925 D DCT     : [0]SubscriptionListener.onSubscriptionInfoChanged
02-20 21:25:49.635  1925  1925 D SubscriptionController: [getActiveSubInfoList] Sub Controller not ready
02-20 21:25:49.636  1925  1925 D SubscriptionController: [getActiveSubInfoList] Sub Controller not ready
02-20 21:25:49.636  1925  1925 I Telephony: PstnIncomingCallNotifier: Unregistering: Handler (com.android.internal.telephony.GsmCdmaPhone) {378c883}
02-20 21:25:49.636  1925  1925 E PhoneInterfaceManager: [PhoneIntfMgr] getIccId: No UICC
02-20 21:25:49.638  1935  1935 I am_on_resume_called: [0,com.android.settings.FallbackHome,handleRelaunchActivity]
02-20 21:25:49.650  2098  2098 W System  : ClassLoader referenced unknown path: /system/priv-app/GoogleExtServices/lib/x86_64
02-20 21:25:49.661  1677  1974 I Telecom : PhoneAccountRegistrar: [ComponentInfo{com.android.phone/com.android.services.telephony.TelephonyConnectionService}, [e0184adedf913b076626646d3f52c3b49c39ad6d], UserHandle{0}(addr: tel:*********** -> tel:)(icon: Icon(typ=BITMAP size=76x96) -> Icon(typ=BITMAP size=76x96))(subAddr: tel:*********** -> tel:)]: TSI.rPA@AAg
02-20 21:25:49.662  1677  1974 I Telecom : : Sending phone-account registered intent as user: TSI.rPA@AAg
02-20 21:25:49.663  1925  1925 I Telephony: AccountEntry: Registered phoneAccount: [[ ] PhoneAccount: ComponentInfo{com.android.phone/com.android.services.telephony.TelephonyConnectionService}, [e0184adedf913b076626646d3f52c3b49c39ad6d], UserHandle{0} Capabilities: CallProvider MultiUser PlaceEmerg SimSub  Schemes: tel voicemail  Extras: null GroupId: [da39a3ee5e6b4b0d3255bfef95601890afd80709]] with handle: ComponentInfo{com.android.phone/com.android.services.telephony.TelephonyConnectionService}, [e0184adedf913b076626646d3f52c3b49c39ad6d], UserHandle{0}
02-20 21:25:49.663  1925  1925 I Telephony: PstnIncomingCallNotifier: Registering: Handler (com.android.internal.telephony.GsmCdmaPhone) {378c883}
02-20 21:25:49.665  1677  1693 V BackupManagerService: No ancestral data
02-20 21:25:49.666  1765  1765 I StatusBar: isKeyguardShowing() called before startKeyguard(), returning true
02-20 21:25:49.666  1765  1765 W StatusBar: isKeyguardSecure() called before startKeyguard(), returning false
02-20 21:25:49.666  1765  1765 W StatusBar: java.lang.Throwable
02-20 21:25:49.666  1765  1765 W StatusBar: 	at com.android.systemui.statusbar.BaseStatusBar.isKeyguardSecure(BaseStatusBar.java:2647)
02-20 21:25:49.666  1765  1765 W StatusBar: 	at com.android.systemui.statusbar.BaseStatusBar.isCameraAllowedByAdmin(BaseStatusBar.java:2670)
02-20 21:25:49.666  1765  1765 W StatusBar: 	at com.android.systemui.statusbar.phone.KeyguardBottomAreaView.updateCameraVisibility(KeyguardBottomAreaView.java:309)
02-20 21:25:49.666  1765  1765 W StatusBar: 	at com.android.systemui.statusbar.phone.KeyguardBottomAreaView.setUserSetupComplete(KeyguardBottomAreaView.java:281)
02-20 21:25:49.666  1765  1765 W StatusBar: 	at com.android.systemui.statusbar.phone.PhoneStatusBar$1.onChange(PhoneStatusBar.java:441)
02-20 21:25:49.666  1765  1765 W StatusBar: 	at com.android.systemui.statusbar.phone.PhoneStatusBar.resetUserSetupObserver(PhoneStatusBar.java:3676)
02-20 21:25:49.666  1765  1765 W StatusBar: 	at com.android.systemui.statusbar.phone.PhoneStatusBar.makeStatusBarView(PhoneStatusBar.java:1008)
02-20 21:25:49.666  1765  1765 W StatusBar: 	at com.android.systemui.statusbar.phone.PhoneStatusBar.addStatusBarWindow(PhoneStatusBar.java:3432)
02-20 21:25:49.666  1765  1765 W StatusBar: 	at com.android.systemui.statusbar.phone.PhoneStatusBar.createAndAddWindows(PhoneStatusBar.java:3428)
02-20 21:25:49.666  1765  1765 W StatusBar: 	at com.android.systemui.statusbar.BaseStatusBar.start(BaseStatusBar.java:765)
02-20 21:25:49.666  1765  1765 W StatusBar: 	at com.android.systemui.statusbar.phone.PhoneStatusBar.start(PhoneStatusBar.java:686)
02-20 21:25:49.666  1765  1765 W StatusBar: 	at com.android.systemui.statusbar.SystemBars.createStatusBarFromConfig(SystemBars.java:106)
02-20 21:25:49.666  1765  1765 W StatusBar: 	at com.android.systemui.statusbar.SystemBars.onNoService(SystemBars.java:58)
02-20 21:25:49.666  1765  1765 W StatusBar: 	at com.android.systemui.statusbar.ServiceMonitor.startService(ServiceMonitor.java:230)
02-20 21:25:49.666  1765  1765 W StatusBar: 	at com.android.systemui.statusbar.ServiceMonitor.-wrap5(ServiceMonitor.java)
02-20 21:25:49.666  1765  1765 W StatusBar: 	at com.android.systemui.statusbar.ServiceMonitor$1.handleMessage(ServiceMonitor.java:73)
02-20 21:25:49.666  1765  1765 W StatusBar: 	at android.os.Handler.dispatchMessage(Handler.java:102)
02-20 21:25:49.666  1765  1765 W StatusBar: 	at android.os.Looper.loop(Looper.java:154)
02-20 21:25:49.666  1765  1765 W StatusBar: 	at android.app.ActivityThread.main(ActivityThread.java:6119)
02-20 21:25:49.666  1765  1765 W StatusBar: 	at java.lang.reflect.Method.invoke(Native Method)
02-20 21:25:49.666  1765  1765 W StatusBar: 	at com.android.internal.os.ZygoteInit$MethodAndArgsCaller.run(ZygoteInit.java:886)
02-20 21:25:49.666  1765  1765 W StatusBar: 	at com.android.internal.os.ZygoteInit.main(ZygoteInit.java:776)
02-20 21:25:49.667  1925  1925 D CAT     : CatService: handleMessage[20]
02-20 21:25:49.667  1925  1925 D GsmCdmaPhone: [GsmCdmaPhone] updateCurrentCarrierInProvider: mSubId = -2 currentDds = 1 operatorNumeric = 310260
02-20 21:25:49.667  1925  1925 D IccCardProxy: operator=310260 mPhoneId=0
02-20 21:25:49.667  1925  1925 D TelephonyManager: setTelephonyProperty: success phoneId=0 property=gsm.sim.operator.numeric value: 310260 propVal=310260
02-20 21:25:49.667  1925  1925 D TelephonyManager: setTelephonyProperty: success phoneId=0 property=gsm.sim.operator.iso-country value: us propVal=us
02-20 21:25:49.667  1925  1925 D IccCardProxy: Sending intent ACTION_INTERNAL_SIM_STATE_CHANGED for mPhoneId : 0
02-20 21:25:49.667  1925  1925 D SST     : EVENT_SIM_RECORDS_LOADED: what=16
02-20 21:25:49.667  1925  1925 D GsmCdmaPhone: [GsmCdmaPhone] updatePhoneObject: radioTechnology=0
02-20 21:25:49.667  1925  1925 D SST     : getOtasp: otasp not needed for GSM
02-20 21:25:49.667  1925  1925 D SST     : updateOtaspState: call notifyOtaspChanged old otaspMode=0 new otaspMode=3
02-20 21:25:49.667  1925  1925 D SIMRecords: [SIMRecords] getServiceProviderName: no brandOverride, providerName=Android
02-20 21:25:49.667  1925  1925 D SIMRecords: [SIMRecords] getServiceProviderName: no brandOverride, providerName=Android
02-20 21:25:49.668  1925  1925 D SST     : updateSpnDisplay: changed sending intent rule=1 showPlmn='false' plmn='Android' showSpn='true' spn='Android' dataSpn='Android' subId='-2'
02-20 21:25:49.670  1925  1925 D SubscriptionController: [setPlmnSpn] No valid subscription to store info
02-20 21:25:49.670  1925  1925 D SubscriptionController: notifySubscriptionInfoChanged:
02-20 21:25:49.671  1765  1998 D OpenGLRenderer: profile bars disabled
02-20 21:25:49.671  1765  1998 D OpenGLRenderer: ambientRatio = 1.50
02-20 21:25:49.671  1677  1677 I GnssLocationProvider: WakeLock acquired by sendMessage(12, 0, null)
02-20 21:25:49.672  1925  1951 D SubscriptionController: [getActiveSubInfoList] Sub Controller not ready
02-20 21:25:49.674  1677  1692 I GnssLocationProvider: WakeLock released by handleMessage(12, 0, null)
02-20 21:25:49.674  1677  1693 V BackupManagerService: Starting with transport android/com.android.internal.backup.LocalTransport
02-20 21:25:49.674  1677  1693 V BackupManagerService: Found transports: 2
02-20 21:25:49.676  1925  1951 D SubscriptionController: [getSlotId]- subId invalid
02-20 21:25:49.677  1925  1925 E PhoneInterfaceManager: [PhoneIntfMgr] getIccId: No UICC
02-20 21:25:49.677  1677  1677 V BackupManagerService: Connected to transport ComponentInfo{android/com.android.internal.backup.LocalTransportService}
02-20 21:25:49.677  1677  1677 V BackupManagerService: Registering transport android/com.android.internal.backup.LocalTransportService::android/com.android.internal.backup.LocalTransport = android.app.backup.BackupTransport$TransportImpl@d3155bb
02-20 21:25:49.680  1677  1677 I backup_transport_lifecycle: [android/com.android.internal.backup.LocalTransportService,1]
02-20 21:25:49.688  1677  1799 I Telecom : PhoneAccountRegistrar: [ComponentInfo{com.android.phone/com.android.services.telephony.TelephonyConnectionService}, [e0184adedf913b076626646d3f52c3b49c39ad6d], UserHandle{0}(icon: Icon(typ=BITMAP size=76x96) -> Icon(typ=BITMAP size=76x96))]: TSI.rPA@AAs
02-20 21:25:49.690  1677  1799 I Telecom : : Sending phone-account registered intent as user: TSI.rPA@AAs
02-20 21:25:49.676  1765  2089 D TelephonyManager: getSimState: default sim:-1, sim state for slotIdx=0 is 5, return state as unknown
02-20 21:25:49.692  1925  2097 D SubscriptionController: [getActiveSubInfoList] Sub Controller not ready
02-20 21:25:49.696  1759  1759 I InputAttributes: InputType.TYPE_NULL is specified
02-20 21:25:49.698  1677  1693 I am_proc_start: [0,2127,10014,com.google.android.gms.persistent,service,com.google.android.gms/.backup.BackupTransportService]
02-20 21:25:49.702  1677  1693 I ActivityManager: Start proc 2127:com.google.android.gms.persistent/u0a14 for service com.google.android.gms/.backup.BackupTransportService
02-20 21:25:49.704  1925  1925 D GsmCdmaPhone: [GsmCdmaPhone] phoneObjectUpdater: newVoiceRadioTech=0
02-20 21:25:49.704  2127  2127 W art     : Unexpected CPU variant for X86 using defaults: x86_64
02-20 21:25:49.704  1677  1693 I BackupManagerService: Backup enabled => false
02-20 21:25:49.706  1925  1925 D GsmCdmaPhone: [GsmCdmaPhone] phoneObjectUpdater: volteReplacementRat=0
02-20 21:25:49.706  1925  1925 E GsmCdmaPhone: [GsmCdmaPhone] phoneObjectUpdater: newVoiceRadioTech=0 doesn't match either CDMA or GSM - error! No phone change
02-20 21:25:49.707  1925  1925 D DCT     : [0]SubscriptionListener.onSubscriptionInfoChanged
02-20 21:25:49.710  1925  1925 D SubscriptionController: [getActiveSubInfoList] Sub Controller not ready
02-20 21:25:49.710  1925  1925 D SubscriptionController: [getActiveSubInfoList] Sub Controller not ready
02-20 21:25:49.710  1925  1925 I Telephony: PstnIncomingCallNotifier: Unregistering: Handler (com.android.internal.telephony.GsmCdmaPhone) {378c883}
02-20 21:25:49.711  1925  1925 E PhoneInterfaceManager: [PhoneIntfMgr] getIccId: No UICC
02-20 21:25:49.720  1677  1799 I Telecom : PhoneAccountRegistrar: [ComponentInfo{com.android.phone/com.android.services.telephony.TelephonyConnectionService}, [e0184adedf913b076626646d3f52c3b49c39ad6d], UserHandle{0}(icon: Icon(typ=BITMAP size=76x96) -> Icon(typ=BITMAP size=76x96))]: TSI.rPA@AAw
02-20 21:25:49.720  1677  1752 I am_proc_bound: [0,2127,com.google.android.gms.persistent]
02-20 21:25:49.724  1677  1799 I Telecom : : Sending phone-account registered intent as user: TSI.rPA@AAw
02-20 21:25:49.741  1765  1765 D PhoneStatusBar: disable: < EXPAND* icons alerts system_info BACK* HOME* RECENT* clock SEARCH* quick_settings >
02-20 21:25:49.743  1925  1925 I Telephony: AccountEntry: Registered phoneAccount: [[ ] PhoneAccount: ComponentInfo{com.android.phone/com.android.services.telephony.TelephonyConnectionService}, [e0184adedf913b076626646d3f52c3b49c39ad6d], UserHandle{0} Capabilities: CallProvider MultiUser PlaceEmerg SimSub  Schemes: tel voicemail  Extras: null GroupId: [da39a3ee5e6b4b0d3255bfef95601890afd80709]] with handle: ComponentInfo{com.android.phone/com.android.services.telephony.TelephonyConnectionService}, [e0184adedf913b076626646d3f52c3b49c39ad6d], UserHandle{0}
02-20 21:25:49.750  1925  1925 I Telephony: PstnIncomingCallNotifier: Registering: Handler (com.android.internal.telephony.GsmCdmaPhone) {378c883}
02-20 21:25:49.764  1925  1925 D SST     : SubscriptionListener.onSubscriptionInfoChanged
02-20 21:25:49.764  1925  1925 E PhoneInterfaceManager: [PhoneIntfMgr] getIccId: No UICC
02-20 21:25:49.766  1677  1799 I Telecom : PhoneAccountRegistrar: [ComponentInfo{com.android.phone/com.android.services.telephony.TelephonyConnectionService}, [e0184adedf913b076626646d3f52c3b49c39ad6d], UserHandle{0}(icon: Icon(typ=BITMAP size=76x96) -> Icon(typ=BITMAP size=76x96))]: TSI.rPA@ABA
02-20 21:25:49.767  1677  1799 I Telecom : : Sending phone-account registered intent as user: TSI.rPA@ABA
02-20 21:25:49.775  2127  2127 W System  : ClassLoader referenced unknown path: /system/priv-app/PrebuiltGmsCore/lib/x86_64
02-20 21:25:49.802  1364  1797 I art     : Starting a blocking GC HeapTrim
02-20 21:25:49.813  1677  1693 I am_proc_start: [0,2144,10029,com.google.android.googlequicksearchbox:interactor,service,com.google.android.googlequicksearchbox/com.google.android.voiceinteraction.GsaVoiceInteractionService]
02-20 21:25:49.813  1677  1693 I ActivityManager: Start proc 2144:com.google.android.googlequicksearchbox:interactor/u0a29 for service com.google.android.googlequicksearchbox/com.google.android.voiceinteraction.GsaVoiceInteractionService
02-20 21:25:49.814  1677  1693 I ActivityManager: Loading recents for user 0 into memory.
02-20 21:25:49.827  1677  1693 D ActivityManager: Sending BOOT_COMPLETE user #0
02-20 21:25:49.827  1677  1693 I sysui_histogram: [framework_boot_completed,13]
02-20 21:25:49.832  1925  1925 D SubscriptionInfoUpdater: [Receiver]+
02-20 21:25:49.832  1925  1925 D SubscriptionInfoUpdater: Action: android.intent.action.internal_sim_state_changed
02-20 21:25:49.832  1925  1925 D SubscriptionInfoUpdater: slotId: 0
02-20 21:25:49.832  1925  1925 D SubscriptionInfoUpdater: simStatus: LOADED
02-20 21:25:49.832  1925  1925 D SubscriptionInfoUpdater: [Receiver]-
02-20 21:25:49.832  1925  1925 D SubscriptionInfoUpdater: handleSimStateLoadedInternal: slotId: 0
02-20 21:25:49.832  1925  1925 D SubscriptionInfoUpdater: All IccIds query complete
02-20 21:25:49.832  1925  1925 D SubscriptionInfoUpdater: updateSubscriptionInfoByIccId:+ Start
02-20 21:25:49.833  1925  1925 D SubscriptionController: [clearSubInfo]- no simInfo size=0
02-20 21:25:49.833  1925  1925 D SubscriptionInfoUpdater: insertedSimCount = 1
02-20 21:25:49.833  1925  1925 D SubscriptionController: [getSubInfoUsingSlotIdWithCheck]+ slotId:0
02-20 21:25:49.838  1765  1765 D PhoneStatusBar: heads up is enabled
02-20 21:25:49.852  1925  1925 D SubscriptionController: [getPhoneId]- no sims, returning default phoneId=2147483647
02-20 21:25:49.852  2144  2144 W art     : Unexpected CPU variant for X86 using defaults: x86
02-20 21:25:49.853  1925  1925 D SubscriptionController: [getPhoneId]- no sims, returning default phoneId=2147483647
02-20 21:25:49.853  1925  1925 D SubscriptionController: [getPhoneId]- no sims, returning default phoneId=2147483647
02-20 21:25:49.855  1925  1925 D SubscriptionController: [getSubInfoUsingSlotId]- null info return
02-20 21:25:49.855  1925  1925 D SubscriptionInfoUpdater: updateSubscriptionInfoByIccId: oldSubId = 1
02-20 21:25:49.855  1925  1925 D SubscriptionInfoUpdater: updateSubscriptionInfoByIccId: oldIccId[0] = 89014103211118510720, sIccId[0] = 89014103211118510720
02-20 21:25:49.857  1925  1925 D SubscriptionController: [addSubInfoRecord]+ iccId:89014103211118510720 slotId:0
02-20 21:25:49.865  1935  2009 D EGL_emulation: eglMakeCurrent: 0x71ebb32a3e40: ver 3 0 (tinfo 0x71ebb33ecd80)
02-20 21:25:49.876  1925  1925 D SubscriptionController: [getActiveSubInfoList] Sub Controller not ready
02-20 21:25:49.876  1925  1925 D SubscriptionController: [addSubInfoRecord] Record already exists
02-20 21:25:49.878  1313  1362 D gralloc_ranchu: gralloc_alloc: Creating ashmem region of size 17051648
02-20 21:25:49.878  1925  1925 D SubscriptionController: [addSubInfoRecord] sSlotIdxToSubId.size=1 slotId=0 subId=1 defaultSubId=1 simCount=1
02-20 21:25:49.878  1925  1925 D SubscriptionController: [setDefaultFallbackSubId] subId=1
02-20 21:25:49.878  1925  1925 D SubscriptionController: [setDefaultFallbackSubId] set mDefaultFallbackSubId=1
02-20 21:25:49.878  1925  1925 D MccTable: updateMccMncConfiguration mccmnc='310260' fromServiceState=false
02-20 21:25:49.879  1925  1925 D MccTable: updateMccMncConfiguration defaultMccMnc=310260
02-20 21:25:49.879  1925  1925 D MccTable: updateMccMncConfiguration: mcc=310, mnc=260
02-20 21:25:49.879  1925  1925 D MccTable: updateMccMncConfiguration updateConfig config={1.0 310mcc260mnc ?localeList ?layoutDir ?swdp ?wdp ?hdp ?density ?lsize ?long ?orien ?uimode ?night ?touch ?keyb/?/? ?nav/?}
02-20 21:25:49.879  1925  1925 D SubscriptionController: [setDefaultFallbackSubId] broadcast default subId changed phoneId=0 subId=1
02-20 21:25:49.880  1925  1925 D SubscriptionController: [addSubInfoRecord] one sim set defaults to subId=1
02-20 21:25:49.880  1925  1925 D SubscriptionController: [setDefaultDataSubId] num phones=1, subId=1
02-20 21:25:49.880  1925  1925 D SubscriptionController: [setDefaultDataSubId] phoneId=0 subId=1 RAF=1
02-20 21:25:49.880  1925  1925 D ProxyController: setRadioCapability: Already in requested configuration, nothing to do.
02-20 21:25:49.880  1925  1925 D SubscriptionController: [updateAllDataConnectionTrackers] sPhones.length=1
02-20 21:25:49.880  1925  1925 D SubscriptionController: [updateAllDataConnectionTrackers] phoneId=0
02-20 21:25:49.880  1925  1925 D DCT     : [0]update sub = 1
02-20 21:25:49.880  1925  1925 D DCT     : [0]update(): Active DDS, register for all events now!
02-20 21:25:49.880  1925  1925 D DCT     : [0]New records found.
02-20 21:25:49.880  1925  1925 D SST     : mDeviceShuttingDown=false, mDesiredPowerState=true, getRadioState=RADIO_ON, mPowerOffDelayNeed=true, mAlarmSwitch=false, mRadioDisabledByCarrier=false
02-20 21:25:49.882  1925  1925 D GsmCdmaPhone: [GsmCdmaPhone] updateCurrentCarrierInProvider: mSubId = 1 currentDds = 1 operatorNumeric = 310260
02-20 21:25:49.898  1677  1677 I AccountManagerService: User 0 is unlocked - opening CE database
02-20 21:25:49.908  1313  1326 D gralloc_ranchu: gralloc_alloc: Creating ashmem region of size 15945728
02-20 21:25:49.916  1677  1799 I am_proc_bound: [0,2144,com.google.android.googlequicksearchbox:interactor]
02-20 21:25:49.944  1935  1935 D FallbackHome: User unlocked and real home found; let's go!
02-20 21:25:49.965  2177  2177 W art     : Unexpected CPU variant for X86 using defaults: x86_64
02-20 21:25:49.982  1677  1688 I am_proc_start: [0,2177,10001,android.process.acore,content provider,com.android.providers.contacts/.ContactsProvider2]
02-20 21:25:49.982  1677  1688 I ActivityManager: Start proc 2177:android.process.acore/u0a1 for content provider com.android.providers.contacts/.ContactsProvider2
02-20 21:25:49.982  1677  1688 W ActivityManager: Slow operation: 60ms so far, now at getContentProviderImpl: after start process
02-20 21:25:49.982  1677  1688 W ActivityManager: Slow operation: 60ms so far, now at getContentProviderImpl: updating data structures
02-20 21:25:49.982  1677  1688 W ActivityManager: Slow operation: 60ms so far, now at getContentProviderImpl: done!
02-20 21:25:49.983  1925  1925 D SubscriptionController: [broadcastDefaultDataSubIdChanged] subId=1
02-20 21:25:49.985  1925  1925 D SubscriptionController: [setDefaultSmsSubId] subId=1
02-20 21:25:49.996  1925  1925 D SubscriptionController: [broadcastDefaultSmsSubIdChanged] subId=1
02-20 21:25:50.004  1925  1925 D SubscriptionController: [setDefaultVoiceSubId] subId=1
02-20 21:25:50.004  1925  1925 D SubscriptionController: [broadcastDefaultVoiceSubIdChanged] subId=1
02-20 21:25:50.005  1925  1925 D SubscriptionController: [addSubInfoRecord] hashmap(0,1)
02-20 21:25:50.013  1677  1966 I am_proc_bound: [0,2177,android.process.acore]
02-20 21:25:50.032  1925  1925 D SubscriptionController: [addSubInfoRecord] sim name = Android
02-20 21:25:50.033  1925  1925 D DCT     : [0]update sub = 1
02-20 21:25:50.033  1925  1925 D DCT     : [0]update(): Active DDS, register for all events now!
02-20 21:25:50.035  1925  1925 D GsmCdmaPhone: [GsmCdmaPhone] updateCurrentCarrierInProvider: mSubId = 1 currentDds = 1 operatorNumeric = 310260
02-20 21:25:50.036  2177  2177 W System  : ClassLoader referenced unknown path: /system/priv-app/ContactsProvider/lib/x86_64
02-20 21:25:50.057  1925  1925 D SubscriptionController: [addSubInfoRecord]- info size=1
02-20 21:25:50.057  1925  1925 D SubscriptionInfoUpdater: newSim = false
02-20 21:25:50.057  1925  1925 D SubscriptionInfoUpdater: updateSubscriptionInfoByIccId: sInsertSimState[0] = 0
02-20 21:25:50.076  1677  1687 I art     : Background sticky concurrent mark sweep GC freed 58665(3MB) AllocSpace objects, 15(644KB) LOS objects, 15% free, 15MB/18MB, paused 7.484ms total 277.710ms
02-20 21:25:50.080  1925  1925 D SubscriptionInfoUpdater: updateSubscriptionInfoByIccId: nSubCount = 1
02-20 21:25:50.085  1925  1925 D SubscriptionController: [setDefaultDataSubId] num phones=1, subId=1
02-20 21:25:50.085  1925  1925 D SubscriptionController: [setDefaultDataSubId] phoneId=0 subId=1 RAF=1
02-20 21:25:50.085  1925  1925 D ProxyController: setRadioCapability: Already in requested configuration, nothing to do.
02-20 21:25:50.085  1925  1925 D SubscriptionController: [updateAllDataConnectionTrackers] sPhones.length=1
02-20 21:25:50.085  1925  1925 D SubscriptionController: [updateAllDataConnectionTrackers] phoneId=0
02-20 21:25:50.085  1925  1925 D DCT     : [0]update sub = 1
02-20 21:25:50.085  1925  1925 D DCT     : [0]update(): Active DDS, register for all events now!
02-20 21:25:50.089  1925  1925 D GsmCdmaPhone: [GsmCdmaPhone] updateCurrentCarrierInProvider: mSubId = 1 currentDds = 1 operatorNumeric = 310260
02-20 21:25:50.105  1925  1925 D SubscriptionController: [broadcastDefaultDataSubIdChanged] subId=1
02-20 21:25:50.107  1925  1925 D SubscriptionController: notifySubscriptionInfoChanged:
02-20 21:25:50.109  1925  2097 D SubscriptionMonitor: Phone[0] subId changed -2->1, 1 registrants
02-20 21:25:50.109  1925  2097 D SubscriptionMonitor: mDefaultDataSubId = 1, 1 registrants
02-20 21:25:50.110  1925  1925 D SubscriptionInfoUpdater: updateSubscriptionInfoByIccId:- SsubscriptionInfo update complete
02-20 21:25:50.110  1925  1925 D MccTable: updateMccMncConfiguration mccmnc='310260' fromServiceState=false
02-20 21:25:50.110  1925  1925 D MccTable: updateMccMncConfiguration defaultMccMnc=310260
02-20 21:25:50.110  1925  1925 D MccTable: updateMccMncConfiguration: mcc=310, mnc=260
02-20 21:25:50.110  1925  1925 D MccTable: updateMccMncConfiguration updateConfig config={1.0 310mcc260mnc ?localeList ?layoutDir ?swdp ?wdp ?hdp ?density ?lsize ?long ?orien ?uimode ?night ?touch ?keyb/?/? ?nav/?}
02-20 21:25:50.111  1925  1925 D SubscriptionController: [setMccMnc]+ mcc/mnc:310/260 subId:1
02-20 21:25:50.115  1925  1925 D SubscriptionController: notifySubscriptionInfoChanged:
02-20 21:25:50.119  1925  1925 D SubscriptionController: [getActiveSubscriptionInfo]+ subId=1 subInfo={id=1, iccId=89014103211118510720 simSlotIndex=0 displayName=Android carrierName=Android nameSource=0 iconTint=-16746133 dataRoaming=0 iconBitmap=android.graphics.Bitmap@aa62566 mcc 310 mnc 260}
02-20 21:25:50.119  1925  1925 D SubscriptionInfoUpdater: sim name = Android
02-20 21:25:50.152  1677  1694 W WindowManager: Keyguard drawn timeout. Setting mKeyguardDrawComplete
02-20 21:25:50.160  2177  2177 I ContactsPerf: VoicemailContentProvider.onCreate start
02-20 21:25:50.169  2177  2177 I ContactsPerf: VoicemailContentProvider.onCreate finish
02-20 21:25:50.190  2177  2177 W System  : ClassLoader referenced unknown path: /system/priv-app/BlockedNumberProvider/lib/x86_64
02-20 21:25:50.191  2177  2177 D ApplicationLoaders: ignored Vulkan layer search path /system/priv-app/BlockedNumberProvider/lib/x86_64:/system/lib64:/vendor/lib64 for namespace 0x71ebc1d5e0f0
02-20 21:25:50.203  1677  1799 I am_finish_activity: [0,103602908,1,com.android.settings/.FallbackHome,app-request]
02-20 21:25:50.203  1677  1799 I am_pause_activity: [0,103602908,com.android.settings/.FallbackHome]
02-20 21:25:50.204  1935  1935 I am_on_paused_called: [0,com.android.settings.FallbackHome,handlePauseActivity]
02-20 21:25:50.205  1925  1925 D SubscriptionInfoUpdater: Broadcasting intent ACTION_SIM_STATE_CHANGED LOADED reason null for mCardIndex: 0
02-20 21:25:50.206  1677  1974 I ActivityManager: START u0 {act=android.intent.action.MAIN cat=[android.intent.category.HOME] flg=0x10000100 cmp=com.google.android.apps.nexuslauncher/.NexusLauncherActivity} from uid 0 on display 0
02-20 21:25:50.207  1925  1925 D CarrierConfigLoader: update config for phoneId: 0 simState: LOADED
