02-20 21:25:49.172  1925  1925 D SST     : setAndBroadcastNetworkSetTimeZone: call alarm.setTimeZone and broadcast zoneId=GMT
02-20 21:25:49.172  1925  1925 D TelephonyManager: setTelephonyProperty: success phoneId=0 property=gsm.operator.isroaming value: false propVal=false
02-20 21:25:49.173  1925  1925 D SST     : Broadcasting ServiceState : 0 0 voice home data home Android Android 310260 Android Android 310260  Unknown LTE CSS not supported -1 -1 RoamInd=-1 DefRoamInd=-1 EmergOnly=false IsDataRoamingFromRegistration=false IsUsingCarrierAggregation=false
02-20 21:25:49.173  1925  1925 D DefaultPhoneNotifier: nofityServiceState: mRegistry=com.android.internal.telephony.ITelephonyRegistry$Stub$Proxy@3a07378 ss=0 0 voice home data home Android Android 310260 Android Android 310260  Unknown LTE CSS not supported -1 -1 RoamInd=-1 DefRoamInd=-1 EmergOnly=false IsDataRoamingFromRegistration=false IsUsingCarrierAggregation=false sender=Handler (com.android.internal.telephony.GsmCdmaPhone) {378c883} phondId=0 subId=-2
02-20 21:25:49.176  1925  1925 D SubscriptionController: [getSlotId]- subId invalid
02-20 21:25:49.176  1677  1974 D TelephonyManager: getSimState: default sim:-1, sim state for slotIdx=0 is 6, return state as unknown
02-20 21:25:49.177  1925  1925 D SST     : notifyDataRegStateRilRadioTechnologyChanged: drs=0 rat=14
02-20 21:25:49.177  1925  1925 D TelephonyManager: setTelephonyProperty: success phoneId=0 property=gsm.network.type value: LTE propVal=LTE
02-20 21:25:49.177  1925  1925 D DCT     : [0]get all active apn types
02-20 21:25:49.178  1925  1925 D SST     : getCellLocation(): X good mCellLoc=[3,91,-1]
02-20 21:25:49.178  1677  1688 D TelephonyRegistry: notifyCellLocationForSubscriber: subId=-2 cellLocation=Bundle[mParcelledData.dataSize=64]
02-20 21:25:49.178  1925  1925 D GsmCdmaCallTracker: Event EVENT_POLL_CALLS_RESULT Received
02-20 21:25:49.178  1925  1925 D GsmCdmaCallTracker: [GsmCdmaCallTracker] update phone state, old=IDLE new=IDLE
02-20 21:25:49.178  1925  1925 D RIL_ImsSms: IMS is NOT registered!
02-20 21:25:49.178  1925  1925 D CdmaSSM : CDMA_SUBSCRIPTION_SOURCE event = 2
02-20 21:25:49.178  1925  1925 W CdmaSSM : Unable to get CDMA Subscription Source, Exception: com.android.internal.telephony.CommandException: REQUEST_NOT_SUPPORTED, result: null
02-20 21:25:49.178  1925  1925 D GsmCdmaPhone: [GsmCdmaPhone] EVENT_REQUEST_VOICE_RADIO_TECH_DONE: newVoiceTech=11
02-20 21:25:49.178  1925  1925 D GsmCdmaPhone: [GsmCdmaPhone] phoneObjectUpdater: newVoiceRadioTech=11
02-20 21:25:49.178  1925  1925 D GsmCdmaPhone: [GsmCdmaPhone] phoneObjectUpdater: No change ignore, newVoiceRadioTech=11 mActivePhone=GSM
02-20 21:25:49.178  1925  1925 D UiccController: Received EVENT_GET_ICC_STATUS_DONE
02-20 21:25:49.178  1925  1925 D UiccCard: 2 applications
02-20 21:25:49.178  1925  1925 D UiccCardApplication: APPTYPE_SIM update. New {APPTYPE_SIM,APPSTATE_READY}
02-20 21:25:49.178  1925  1925 D UiccCardApplication: APPTYPE_SIM changed state: APPSTATE_DETECTED -> APPSTATE_READY
02-20 21:25:49.178  1925  1925 D RILJ    : [3684]> QUERY_FACILITY_LOCK [FD 7 null] [SUB0]
02-20 21:25:49.178  1375  1477 D RIL     : onRequest: QUERY_FACILITY_LOCK
02-20 21:25:49.178  1375  1477 D RIL     : Request not supported. Tech: 1
02-20 21:25:49.179  1925  2006 D RilRequest: [3684]< QUERY_FACILITY_LOCK error: com.android.internal.telephony.CommandException: REQUEST_NOT_SUPPORTED ret=
02-20 21:25:49.179  1925  1925 D RILJ    : [3685]> QUERY_FACILITY_LOCK [SC 7 null] [SUB0]
02-20 21:25:49.179  1375  1477 D RIL     : onRequest: QUERY_FACILITY_LOCK
02-20 21:25:49.179  1375  1477 D RIL     : Request not supported. Tech: 1
02-20 21:25:49.179  1925  2006 D RilRequest: [3685]< QUERY_FACILITY_LOCK error: com.android.internal.telephony.CommandException: REQUEST_NOT_SUPPORTED ret=
02-20 21:25:49.180  1925  1925 D UiccCardApplication: Notifying registrants: READY
02-20 21:25:49.180  1925  1925 D UiccCardApplication: APPTYPE_RUIM update. New {APPTYPE_RUIM,APPSTATE_READY}
02-20 21:25:49.180  1925  1925 D UiccCardApplication: APPTYPE_RUIM changed state: APPSTATE_DETECTED -> APPSTATE_READY
02-20 21:25:49.180  1925  1925 D RILJ    : [3686]> QUERY_FACILITY_LOCK [FD 7 null] [SUB0]
02-20 21:25:49.180  1375  1477 D RIL     : onRequest: QUERY_FACILITY_LOCK
02-20 21:25:49.180  1375  1477 D RIL     : Request not supported. Tech: 1
02-20 21:25:49.180  1925  2006 D RilRequest: [3686]< QUERY_FACILITY_LOCK error: com.android.internal.telephony.CommandException: REQUEST_NOT_SUPPORTED ret=
02-20 21:25:49.180  1925  1925 D RILJ    : [3687]> QUERY_FACILITY_LOCK [SC 7 null] [SUB0]
02-20 21:25:49.181  1375  1477 D RIL     : onRequest: QUERY_FACILITY_LOCK
02-20 21:25:49.181  1375  1477 D RIL     : Request not supported. Tech: 1
02-20 21:25:49.181  1925  2006 D RilRequest: [3687]< QUERY_FACILITY_LOCK error: com.android.internal.telephony.CommandException: REQUEST_NOT_SUPPORTED ret=
02-20 21:25:49.181  1925  1925 D UiccCardApplication: Notifying registrants: READY
02-20 21:25:49.181  1925  1925 D UiccCard: Before privilege rules: Handler (com.android.internal.telephony.uicc.UiccCarrierPrivilegeRules) {54fea51} : CARDSTATE_PRESENT
02-20 21:25:49.181  1925  1925 E UiccCard: App index 8 is invalid since there are no applications
02-20 21:25:49.181  1925  1925 D UiccCard: update: radioState=RADIO_ON mLastRadioState=RADIO_ON
02-20 21:25:49.181  1925  1925 D UiccController: Notifying IccChangedRegistrants
02-20 21:25:49.181  1925  1925 D GsmCdmaPhone: [GsmCdmaPhone] Event EVENT_REGISTERED_TO_NETWORK Received
02-20 21:25:49.181  1925  1925 D SST     : SubscriptionListener.onSubscriptionInfoChanged
02-20 21:25:49.181  1925  1925 E Phone   : getStoredVoiceMessageCount: invalid subId -2
02-20 21:25:49.181  1925  1925 D GsmCdmaPhone: [GsmCdmaPhone] updateVoiceMail countVoiceMessages = 0 subId -2
02-20 21:25:49.181  1925  1925 E Phone   : setVoiceMessageCount in sharedPreference: invalid subId -2
02-20 21:25:49.181  1925  1925 D DCT     : [0]SubscriptionListener.onSubscriptionInfoChanged
02-20 21:25:49.182  1925  1925 D SubscriptionController: [getActiveSubInfoList] Sub Controller not ready
02-20 21:25:49.182  1925  1925 D SubscriptionController: [getActiveSubInfoList] Sub Controller not ready
02-20 21:25:49.182  1925  1925 E PhoneInterfaceManager: [PhoneIntfMgr] getIccId: No UICC
02-20 21:25:49.190  1313  1968 D         : HostConnection::get() New Host Connection established 0x75c5c001b960, tid 1968
02-20 21:25:48.275     0     0 I init    : Service 'bootanim' (pid 1333) exited with status 0
02-20 21:25:48.276     0     0 I init    : Starting service 'exec 6 (/system/bin/bootstat)'...
02-20 21:25:49.202  2067  2067 I auditd  : type=1400 audit(0.0:11): avc: denied { getattr } for comm="bootstat" path="/vendor" dev="rootfs" ino=4008 scontext=u:r:bootstat:s0 tcontext=u:object_r:rootfs:s0 tclass=lnk_file permissive=0
02-20 21:25:49.202  2067  2067 W bootstat: type=1400 audit(0.0:11): avc: denied { getattr } for path="/vendor" dev="rootfs" ino=4008 scontext=u:r:bootstat:s0 tcontext=u:object_r:rootfs:s0 tclass=lnk_file permissive=0
02-20 21:25:49.197  1677  1983 I Telecom : PhoneAccountRegistrar: New phone account registered: [[ ] PhoneAccount: ComponentInfo{com.android.phone/com.android.services.telephony.TelephonyConnectionService}, [e0184adedf913b076626646d3f52c3b49c39ad6d], UserHandle{0} Capabilities: CallProvider MultiUser PlaceEmerg SimSub  Schemes: tel voicemail  Extras: null GroupId: [da39a3ee5e6b4b0d3255bfef95601890afd80709]]: TSI.rPA@AAI
02-20 21:25:49.198  1677  1983 I Telecom : : Sending phone-account registered intent as user: TSI.rPA@AAI
02-20 21:25:49.200  1925  1925 I Telephony: AccountEntry: Registered phoneAccount: [[ ] PhoneAccount: ComponentInfo{com.android.phone/com.android.services.telephony.TelephonyConnectionService}, [e0184adedf913b076626646d3f52c3b49c39ad6d], UserHandle{0} Capabilities: CallProvider MultiUser PlaceEmerg SimSub  Schemes: tel voicemail  Extras: null GroupId: [da39a3ee5e6b4b0d3255bfef95601890afd80709]] with handle: ComponentInfo{com.android.phone/com.android.services.telephony.TelephonyConnectionService}, [e0184adedf913b076626646d3f52c3b49c39ad6d], UserHandle{0}
02-20 21:25:49.211  1925  1925 I Telephony: PstnIncomingCallNotifier: Registering: Handler (com.android.internal.telephony.GsmCdmaPhone) {378c883}
02-20 21:25:49.225  2067  2067 I bootstat: Service started: /system/bin/bootstat --record_boot_complete 
02-20 21:25:49.225  1925  1925 I Telephony: TelecomAccountRegistry: Unregistering phone account ComponentInfo{com.android.phone/com.android.services.telephony.TelephonyConnectionService}, [e2f7d48dd2b5ca523e7313cf4ba0f6ea830b6281], UserHandle{0}.
02-20 21:25:49.225  2067  2067 I bootstat: Logging histogram: bootstat_mtime_matches_content 1
02-20 21:25:49.225  2067  2067 I sysui_histogram: [bootstat_mtime_matches_content,1]
02-20 21:25:49.230  2067  2067 I bootstat: Logging histogram: bootstat_mtime_matches_content 1
02-20 21:25:49.230  2067  2067 I sysui_histogram: [bootstat_mtime_matches_content,1]
02-20 21:25:49.230  2067  2067 I bootstat: Logging histogram: bootstat_mtime_matches_content 1
02-20 21:25:49.230  2067  2067 I sysui_histogram: [bootstat_mtime_matches_content,1]
02-20 21:25:48.311     0     0 I init    : Service 'exec 6 (/system/bin/bootstat)' (pid 2067) exited with status 0
02-20 21:25:48.312     0     0 I init    : Starting service 'exec 7 (/system/bin/bootstat)'...
02-20 21:25:48.323     0     0 I init    : Service 'exec 7 (/system/bin/bootstat)' (pid 2069) exited with status 0
02-20 21:25:48.324     0     0 I init    : Starting service 'exec 8 (/system/bin/bootstat)'...
02-20 21:25:48.346     0     0 I init    : Service 'exec 8 (/system/bin/bootstat)' (pid 2070) exited with status 0
02-20 21:25:48.347     0     0 I init    : Starting service 'exec 9 (/system/bin/bootstat)'...
02-20 21:25:48.357     0     0 I init    : Service 'exec 9 (/system/bin/bootstat)' (pid 2071) exited with status 0
02-20 21:25:49.222  2069  2069 I auditd  : type=1400 audit(0.0:12): avc: denied { getattr } for comm="bootstat" path="/vendor" dev="rootfs" ino=4008 scontext=u:r:bootstat:s0 tcontext=u:object_r:rootfs:s0 tclass=lnk_file permissive=0
02-20 21:25:49.222  2069  2069 W bootstat: type=1400 audit(0.0:12): avc: denied { getattr } for path="/vendor" dev="rootfs" ino=4008 scontext=u:r:bootstat:s0 tcontext=u:object_r:rootfs:s0 tclass=lnk_file permissive=0
02-20 21:25:49.242  2070  2070 I auditd  : type=1400 audit(0.0:13): avc: denied { getattr } for comm="bootstat" path="/vendor" dev="rootfs" ino=4008 scontext=u:r:bootstat:s0 tcontext=u:object_r:rootfs:s0 tclass=lnk_file permissive=0
02-20 21:25:49.242  2070  2070 W bootstat: type=1400 audit(0.0:13): avc: denied { getattr } for path="/vendor" dev="rootfs" ino=4008 scontext=u:r:bootstat:s0 tcontext=u:object_r:rootfs:s0 tclass=lnk_file permissive=0
02-20 21:25:49.240  1677  1689 I Telecom : : Sending phone-account unregistered intent as user: TSI.uPA@AAQ
02-20 21:25:49.244  2069  2069 I bootstat: Service started: /system/bin/bootstat --record_boot_reason 
02-20 21:25:49.244  2069  2069 I bootstat: Unknown boot reason: 
02-20 21:25:49.249  1313  1313 I sf_frame_dur: [BootAnimation,0,24,204,16,2,0,0]
02-20 21:25:49.262  2070  2070 I bootstat: Service started: /system/bin/bootstat --record_time_since_factory_reset 
02-20 21:25:49.262  2070  2070 I bootstat: Logging histogram: factory_reset_current_time 1519161949
02-20 21:25:49.263  2070  2070 I sysui_histogram: [factory_reset_current_time,1519161949]
02-20 21:25:49.266  2070  2070 I bootstat: Logging histogram: bootstat_mtime_matches_content 1
02-20 21:25:49.266  2070  2070 I sysui_histogram: [bootstat_mtime_matches_content,1]
02-20 21:25:49.266  2070  2070 I bootstat: Logging histogram: factory_reset_record_value 1519154248
02-20 21:25:49.266  2070  2070 I sysui_histogram: [factory_reset_record_value,1519154248]
02-20 21:25:49.267  1765  1765 I OpaLayout: Setting opa enabled to false
02-20 21:25:49.271  1765  1765 I OpaLayout: Setting opa enabled to false
02-20 21:25:49.276  2071  2071 I bootstat: Service started: /system/bin/bootstat -l 
02-20 21:25:49.276  2071  2071 I bootstat: Logging histogram: bootstat_mtime_matches_content 1
02-20 21:25:49.276  2071  2071 I sysui_histogram: [bootstat_mtime_matches_content,1]
02-20 21:25:49.276  2071  2071 I bootstat: Logging histogram: bootstat_mtime_matches_content 1
02-20 21:25:49.276  2071  2071 I sysui_histogram: [bootstat_mtime_matches_content,1]
02-20 21:25:49.276  2071  2071 I bootstat: Logging histogram: bootstat_mtime_matches_content 1
02-20 21:25:49.276  2071  2071 I sysui_histogram: [bootstat_mtime_matches_content,1]
02-20 21:25:49.276  2071  2071 I bootstat: Logging histogram: bootstat_mtime_matches_content 1
02-20 21:25:49.276  2071  2071 I sysui_histogram: [bootstat_mtime_matches_content,1]
02-20 21:25:49.276  2071  2071 I bootstat: Logging histogram: bootstat_mtime_matches_content 1
02-20 21:25:49.276  2071  2071 I sysui_histogram: [bootstat_mtime_matches_content,1]
02-20 21:25:49.277  2071  2071 I bootstat: Logging histogram: bootstat_mtime_matches_content 1
02-20 21:25:49.277  2071  2071 I sysui_histogram: [bootstat_mtime_matches_content,1]
02-20 21:25:49.277  2071  2071 I bootstat: Logging histogram: bootstat_mtime_matches_content 1
02-20 21:25:49.277  2071  2071 I sysui_histogram: [bootstat_mtime_matches_content,1]
02-20 21:25:49.277  2071  2071 I bootstat: Logging histogram: bootstat_mtime_matches_content 1
02-20 21:25:49.277  2071  2071 I sysui_histogram: [bootstat_mtime_matches_content,1]
02-20 21:25:49.277  2071  2071 I bootstat: Logging histogram: bootstat_mtime_matches_content 1
02-20 21:25:49.277  2071  2071 I sysui_histogram: [bootstat_mtime_matches_content,1]
02-20 21:25:49.277  2071  2071 I bootstat: Logging histogram: bootstat_mtime_matches_content 1
02-20 21:25:49.277  2071  2071 I sysui_histogram: [bootstat_mtime_matches_content,1]
02-20 21:25:49.277  2071  2071 I bootstat: Logging histogram: bootstat_mtime_matches_content 1
02-20 21:25:49.277  2071  2071 I sysui_histogram: [bootstat_mtime_matches_content,1]
02-20 21:25:49.277  2071  2071 I bootstat: Logging histogram: bootstat_mtime_matches_content 1
02-20 21:25:49.277  2071  2071 I sysui_histogram: [bootstat_mtime_matches_content,1]
02-20 21:25:49.277  2071  2071 I bootstat: Logging histogram: bootstat_mtime_matches_content 1
02-20 21:25:49.277  2071  2071 I sysui_histogram: [bootstat_mtime_matches_content,1]
02-20 21:25:49.277  2071  2071 I bootstat: Logging histogram: bootstat_mtime_matches_content 1
02-20 21:25:49.277  2071  2071 I sysui_histogram: [bootstat_mtime_matches_content,1]
02-20 21:25:49.277  2071  2071 I bootstat: Logging histogram: post_decrypt_time_elapsed 2
02-20 21:25:49.277  2071  2071 I sysui_histogram: [post_decrypt_time_elapsed,2]
02-20 21:25:49.277  2071  2071 I bootstat: Logging histogram: last_boot_time_utc 1519161949
02-20 21:25:49.277  2071  2071 I sysui_histogram: [last_boot_time_utc,1519161949]
02-20 21:25:49.277  2071  2071 I bootstat: Logging histogram: build_date 1513095943
02-20 21:25:49.277  2071  2071 I sysui_histogram: [build_date,1513095943]
02-20 21:25:49.277  2071  2071 I bootstat: Logging histogram: boot_decryption_complete 13
02-20 21:25:49.277  2071  2071 I sysui_histogram: [boot_decryption_complete,13]
02-20 21:25:49.277  2071  2071 I bootstat: Logging histogram: ota_boot_complete_post_decrypt 7
02-20 21:25:49.277  2071  2071 I sysui_histogram: [ota_boot_complete_post_decrypt,7]
02-20 21:25:49.277  2071  2071 I bootstat: Logging histogram: ota_boot_complete 9
02-20 21:25:49.277  2071  2071 I sysui_histogram: [ota_boot_complete,9]
02-20 21:25:49.277  2071  2071 I bootstat: Logging histogram: boot_reason 1
02-20 21:25:49.278  2071  2071 I sysui_histogram: [boot_reason,1]
02-20 21:25:49.278  2071  2071 I bootstat: Logging histogram: factory_reset_current_time 1519161949
02-20 21:25:49.278  2071  2071 I sysui_histogram: [factory_reset_current_time,1519161949]
02-20 21:25:49.278  2071  2071 I bootstat: Logging histogram: factory_reset 1519154248
02-20 21:25:49.278  2071  2071 I sysui_histogram: [factory_reset,1519154248]
02-20 21:25:49.278  2071  2071 I bootstat: Logging histogram: time_since_last_boot 70
02-20 21:25:49.278  2071  2071 I sysui_histogram: [time_since_last_boot,70]
02-20 21:25:49.278  2071  2071 I bootstat: Logging histogram: boot_complete_post_decrypt 11
02-20 21:25:49.278  2071  2071 I sysui_histogram: [boot_complete_post_decrypt,11]
02-20 21:25:49.278  2071  2071 I bootstat: Logging histogram: boot_complete 13
02-20 21:25:49.278  2071  2071 I sysui_histogram: [boot_complete,13]
02-20 21:25:49.278  2071  2071 I bootstat: Logging histogram: factory_reset_record_value 1519154248
02-20 21:25:49.278  2071  2071 I sysui_histogram: [factory_reset_record_value,1519154248]
02-20 21:25:49.278  2071  2071 I bootstat: Logging histogram: time_since_factory_reset 7701
02-20 21:25:49.278  2071  2071 I sysui_histogram: [time_since_factory_reset,7701]
02-20 21:25:49.281  1677  1748 E ActivityThread: Failed to find provider info for com.android.calendar
02-20 21:25:49.282  1677  1748 E ActivityThread: Failed to find provider info for com.android.calendar
02-20 21:25:49.293  1925  1925 D DCT     : [0]onDataConnectionAttached
02-20 21:25:49.294  1925  1925 D DCT     : [0]isDataAllowed: No - SIM not loaded
02-20 21:25:49.295  1765  1765 W System  : ClassLoader referenced unknown path: 
02-20 21:25:49.295  1765  1765 W System  : ClassLoader referenced unknown path: /system/priv-app/Dialer/lib/x86_64
02-20 21:25:49.295  1765  1765 D ApplicationLoaders: ignored Vulkan layer search path /system/priv-app/Dialer/lib/x86_64:/system/lib64:/vendor/lib64 for namespace 0x71ebc1e1f0f0
02-20 21:25:49.262  2071  2071 I auditd  : type=1400 audit(0.0:14): avc: denied { getattr } for comm="bootstat" path="/vendor" dev="rootfs" ino=4008 scontext=u:r:bootstat:s0 tcontext=u:object_r:rootfs:s0 tclass=lnk_file permissive=0
02-20 21:25:49.262  2071  2071 W bootstat: type=1400 audit(0.0:14): avc: denied { getattr } for path="/vendor" dev="rootfs" ino=4008 scontext=u:r:bootstat:s0 tcontext=u:object_r:rootfs:s0 tclass=lnk_file permissive=0
02-20 21:25:49.307  1925  1925 D DCT     : [0]setupDataOnConnectableApns: dataAttached hipri:[state=IDLE,enabled=false] mms:[state=IDLE,enabled=false] supl:[state=IDLE,enabled=false] ia:[state=IDLE,enabled=false] fota:[state=IDLE,enabled=false] ims:[state=IDLE,enabled=false] cbs:[state=IDLE,enabled=false] default:[state=IDLE,enabled=false] emergency:[state=IDLE,enabled=false] 
02-20 21:25:49.307  1925  1925 D DCT     : [0]setupDataOnConnectableApns: nwTypeChanged hipri:[state=IDLE,enabled=false] mms:[state=IDLE,enabled=false] supl:[state=IDLE,enabled=false] ia:[state=IDLE,enabled=false] fota:[state=IDLE,enabled=false] ims:[state=IDLE,enabled=false] cbs:[state=IDLE,enabled=false] default:[state=IDLE,enabled=false] emergency:[state=IDLE,enabled=false] 
02-20 21:25:49.307  1925  1925 D UiccCardApplication: Error in querying facility lock:com.android.internal.telephony.CommandException: REQUEST_NOT_SUPPORTED
02-20 21:25:49.307  1925  1925 D UiccCardApplication: Error in querying facility lock:com.android.internal.telephony.CommandException: REQUEST_NOT_SUPPORTED
02-20 21:25:49.307  1925  1925 D SIMRecords: [SIMRecords] fetchSimRecords 0
02-20 21:25:49.307  1925  1925 D RILJ    : [3688]> getIMSI: GET_IMSI aid: null [SUB0]
02-20 21:25:49.308  1375  1477 D RIL     : onRequest: GET_IMSI
02-20 21:25:49.308  1375  1477 D AT      : AT> AT+CIMI
02-20 21:25:49.308  1375  1480 D AT      : AT< 310260000000000
02-20 21:25:49.308  1375  1480 D AT      : AT< OK
02-20 21:25:49.308  1925  2006 D RILJ    : [3688]< GET_IMSI  [SUB0]
02-20 21:25:49.308  1925  1925 D RILJ    : [3689]> iccIO: SIM_IO 0xc0 0x2fe2  path: 3F00,0,0,15 aid: null [SUB0]
02-20 21:25:49.308  1375  1477 D RIL     : onRequest: SIM_IO
02-20 21:25:49.308  1375  1477 D AT      : AT> AT+CRSM=192,12258,0,0,15
02-20 21:25:49.309  1375  1480 D AT      : AT< +CRSM: 144,0,0000000a2fe204000fa0aa01020000
02-20 21:25:49.309  1375  1480 D AT      : AT< OK
02-20 21:25:49.309  1925  2006 D RILJ    : [3689]< SIM_IO IccIoResponse sw1:0x90 sw2:0x0 [SUB0]
02-20 21:25:49.309  1925  1925 D RILJ    : [3690]> iccIO: SIM_IO 0xc0 0x6f40  path: 3F007F10,0,0,15 aid: null [SUB0]
02-20 21:25:49.309  1375  1477 D RIL     : onRequest: SIM_IO
02-20 21:25:49.309  1375  1477 D AT      : AT> AT+CRSM=192,28480,0,0,15
02-20 21:25:49.309  1375  1480 D AT      : AT< +CRSM: 144,0,000000806f40040011a0aa01020120
02-20 21:25:49.309  1375  1480 D AT      : AT< OK
02-20 21:25:49.309  1925  2006 D RILJ    : [3690]< SIM_IO IccIoResponse sw1:0x90 sw2:0x0 [SUB0]
02-20 21:25:49.310  1925  1925 D RILJ    : [3691]> iccIO: SIM_IO 0xc0 0x6fc9  path: 3F007F20,0,0,15 aid: null [SUB0]
02-20 21:25:49.310  1375  1477 D RIL     : onRequest: SIM_IO
02-20 21:25:49.310  1375  1477 D AT      : AT> AT+CRSM=192,28617,0,0,15
02-20 21:25:49.310  1375  1480 D AT      : AT< +CRSM: 144,0,000000086fc9040011a0aa01020104
02-20 21:25:49.310  1375  1480 D AT      : AT< OK
02-20 21:25:49.310  1925  2006 D RILJ    : [3691]< SIM_IO IccIoResponse sw1:0x90 sw2:0x0 [SUB0]
02-20 21:25:49.310  1925  1925 D RILJ    : [3692]> iccIO: SIM_IO 0xc0 0x6fad  path: 3F007F20,0,0,15 aid: null [SUB0]
02-20 21:25:49.310  1375  1477 D RIL     : onRequest: SIM_IO
02-20 21:25:49.310  1375  1477 D AT      : AT> AT+CRSM=192,28589,0,0,15
02-20 21:25:49.310  1375  1480 D AT      : AT< +CRSM: 144,0,000000046fad04000aa0aa01020000
02-20 21:25:49.310  1375  1480 D AT      : AT< OK
02-20 21:25:49.310  1925  2006 D RILJ    : [3692]< SIM_IO IccIoResponse sw1:0x90 sw2:0x0 [SUB0]
02-20 21:25:49.311  1925  1925 D RILJ    : [3693]> iccIO: SIM_IO 0xc0 0x6fca  path: 3F007F20,0,0,15 aid: null [SUB0]
02-20 21:25:49.311  1375  1477 D RIL     : onRequest: SIM_IO
02-20 21:25:49.311  1375  1477 D AT      : AT> AT+CRSM=192,28618,0,0,15
02-20 21:25:49.311  1375  1480 D AT      : AT< +CRSM: 144,0,0000000a6fca040011a0aa01020105
02-20 21:25:49.311  1375  1480 D AT      : AT< OK
02-20 21:25:49.311  1925  2006 D RILJ    : [3693]< SIM_IO IccIoResponse sw1:0x90 sw2:0x0 [SUB0]
02-20 21:25:49.311  1925  1925 D RILJ    : [3694]> iccIO: SIM_IO 0xc0 0x6f11  path: 3F007F20,0,0,15 aid: null [SUB0]
02-20 21:25:49.311  1375  1477 D RIL     : onRequest: SIM_IO
02-20 21:25:49.311  1375  1477 D AT      : AT> AT+CRSM=192,28433,0,0,15
02-20 21:25:49.311  1375  1480 D AT      : AT< +CRSM: 144,0,000000016f11040011a0aa01020000
02-20 21:25:49.311  1375  1480 D AT      : AT< OK
02-20 21:25:49.311  1925  2006 D RILJ    : [3694]< SIM_IO IccIoResponse sw1:0x90 sw2:0x0 [SUB0]
02-20 21:25:49.312  1925  1925 D RILJ    : [3695]> iccIO: SIM_IO 0xc0 0x6fcb  path: 3F007F20,0,0,15 aid: null [SUB0]
02-20 21:25:49.312  1375  1477 D RIL     : onRequest: SIM_IO
02-20 21:25:49.312  1375  1477 D AT      : AT> AT+CRSM=192,28619,0,0,15
02-20 21:25:49.312  1375  1480 D AT      : AT< ERROR: BAD COMMAND
02-20 21:25:49.312  1925  2006 D RilRequest: [3695]< SIM_IO error: com.android.internal.telephony.CommandException: GENERIC_FAILURE ret=
02-20 21:25:49.312  1925  1925 D RILJ    : [3696]> iccIO: SIM_IO 0xc0 0x6f13  path: 3F007F20,0,0,15 aid: null [SUB0]
02-20 21:25:49.314  1375  1477 D RIL     : onRequest: SIM_IO
02-20 21:25:49.314  1375  1477 D AT      : AT> AT+CRSM=192,28435,0,0,15
02-20 21:25:49.314  1375  1480 D AT      : AT< +CRSM: 144,0,000000016f13040011a0aa01020000
02-20 21:25:49.314  1375  1480 D AT      : AT< OK
02-20 21:25:49.314  1925  2006 D RILJ    : [3696]< SIM_IO IccIoResponse sw1:0x90 sw2:0x0 [SUB0]
02-20 21:25:49.314  1925  1925 D RILJ    : [3697]> iccIO: SIM_IO 0xc0 0x6f46  path: 3F007F20,0,0,15 aid: null [SUB0]
02-20 21:25:49.315  1925  1925 D RILJ    : [3698]> iccIO: SIM_IO 0xc0 0x6fcd  path: 3F007F20,0,0,15 aid: null [SUB0]
02-20 21:25:49.316  1375  1477 D RIL     : onRequest: SIM_IO
02-20 21:25:49.316  1375  1477 D AT      : AT> AT+CRSM=192,28486,0,0,15
02-20 21:25:49.316  1375  1480 D AT      : AT< +CRSM: 148,4
02-20 21:25:49.316  1375  1480 D AT      : AT< OK
02-20 21:25:49.316  1925  1925 D RILJ    : [3699]> iccIO: SIM_IO 0xc0 0x6fc5  path: 3F007F20,0,0,15 aid: null [SUB0]
02-20 21:25:49.316  1375  1477 D RIL     : onRequest: SIM_IO
02-20 21:25:49.316  1375  1477 D AT      : AT> AT+CRSM=192,28621,0,0,15
02-20 21:25:49.317  1925  2006 D RILJ    : [3697]< SIM_IO IccIoResponse sw1:0x94 sw2:0x4 [SUB0]
02-20 21:25:49.317  1375  1480 D AT      : AT< +CRSM: 148,4
02-20 21:25:49.317  1375  1480 D AT      : AT< OK
02-20 21:25:49.317  1925  1925 D RILJ    : [3700]> iccIO: SIM_IO 0xc0 0x6f38  path: 3F007F20,0,0,15 aid: null [SUB0]
02-20 21:25:49.317  1375  1477 D RIL     : onRequest: SIM_IO
02-20 21:25:49.317  1375  1477 D AT      : AT> AT+CRSM=192,28613,0,0,15
02-20 21:25:49.318  1375  1480 D AT      : AT< +CRSM: 144,0,000000f06fc504000aa0aa01020118
02-20 21:25:49.318  1375  1480 D AT      : AT< OK
02-20 21:25:49.318  1925  1925 D RILJ    : [3701]> iccIO: SIM_IO 0xc0 0x6f16  path: 3F007F20,0,0,15 aid: null [SUB0]
02-20 21:25:49.319  1375  1477 D RIL     : onRequest: SIM_IO
02-20 21:25:49.319  1375  1477 D AT      : AT> AT+CRSM=192,28472,0,0,15
02-20 21:25:49.319  1375  1480 D AT      : AT< +CRSM: 144,0,0000000f6f3804001aa0aa01020000
02-20 21:25:49.319  1375  1480 D AT      : AT< OK
02-20 21:25:49.319  1925  1925 D RILJ    : [3702]> iccIO: SIM_IO 0xc0 0x6f15  path: 3F007F20,0,0,15 aid: null [SUB0]
02-20 21:25:49.320  1375  1477 D RIL     : onRequest: SIM_IO
02-20 21:25:49.320  1375  1477 D AT      : AT> AT+CRSM=192,28438,0,0,15
02-20 21:25:49.320  1375  1480 D AT      : AT< +CRSM: 144,0,000000026f1604001aa0aa01020000
02-20 21:25:49.320  1375  1480 D AT      : AT< OK
02-20 21:25:49.320  1925  1925 D RILJ    : [3703]> iccIO: SIM_IO 0xc0 0x6f3e  path: 3F007F20,0,0,15 aid: null [SUB0]
02-20 21:25:49.320  1375  1477 D RIL     : onRequest: SIM_IO
02-20 21:25:49.320  1375  1477 D AT      : AT> AT+CRSM=192,28437,0,0,15
02-20 21:25:49.320  1375  1480 D AT      : AT< ERROR: BAD COMMAND
02-20 21:25:49.320  1925  1925 D RILJ    : [3704]> iccIO: SIM_IO 0xc0 0x6f3f  path: 3F007F20,0,0,15 aid: null [SUB0]
02-20 21:25:49.321  1375  1477 D RIL     : onRequest: SIM_IO
02-20 21:25:49.321  1375  1477 D AT      : AT> AT+CRSM=192,28478,0,0,15
02-20 21:25:49.321  1375  1480 D AT      : AT< ERROR: BAD COMMAND
02-20 21:25:49.321  1925  1925 D SIMRecords: [SIMRecords] fetchSimRecords 17 requested: true
02-20 21:25:49.321  1925  1925 E IccCardProxy: setExternalState: set mPhoneId=0 mExternalState=READY
02-20 21:25:49.321  1925  1925 D TelephonyManager: setTelephonyProperty: success phoneId=0 property=gsm.sim.state value: READY propVal=READY
02-20 21:25:49.321  1925  2006 D RILJ    : [3698]< SIM_IO IccIoResponse sw1:0x94 sw2:0x4 [SUB0]
02-20 21:25:49.321  1925  2006 D RILJ    : [3699]< SIM_IO IccIoResponse sw1:0x90 sw2:0x0 [SUB0]
02-20 21:25:49.321  1925  2006 D RILJ    : [3700]< SIM_IO IccIoResponse sw1:0x90 sw2:0x0 [SUB0]
02-20 21:25:49.321  1925  2006 D RILJ    : [3701]< SIM_IO IccIoResponse sw1:0x90 sw2:0x0 [SUB0]
02-20 21:25:49.321  1925  2006 D RilRequest: [3702]< SIM_IO error: com.android.internal.telephony.CommandException: GENERIC_FAILURE ret=
02-20 21:25:49.321  1925  2006 D RilRequest: [3703]< SIM_IO error: com.android.internal.telephony.CommandException: GENERIC_FAILURE ret=
02-20 21:25:49.321  1375  1477 D RIL     : onRequest: SIM_IO
02-20 21:25:49.321  1375  1477 D AT      : AT> AT+CRSM=192,28479,0,0,15
02-20 21:25:49.321  1375  1480 D AT      : AT< ERROR: BAD COMMAND
02-20 21:25:49.321  1925  2006 D RilRequest: [3704]< SIM_IO error: com.android.internal.telephony.CommandException: GENERIC_FAILURE ret=
02-20 21:25:49.321  1925  1925 D IccCardProxy: broadcastIccStateChangedIntent intent ACTION_SIM_STATE_CHANGED value=READY reason=null for mPhoneId=0
02-20 21:25:49.322  1925  1925 D RILJ    : [3705]> OPERATOR [SUB0]
02-20 21:25:49.322  1925  1925 D RILJ    : [3706]> DATA_REGISTRATION_STATE [SUB0]
02-20 21:25:49.322  1375  1477 D RIL     : onRequest: OPERATOR
02-20 21:25:49.322  1375  1477 D AT      : AT> AT+COPS=3,0;+COPS?;+COPS=3,1;+COPS?;+COPS=3,2;+COPS?
02-20 21:25:49.323  1375  1480 D AT      : AT< +COPS: 0,0,"Android"
02-20 21:25:49.323  1375  1480 D AT      : AT< +COPS: 0,1,"Android"
02-20 21:25:49.323  1375  1480 D AT      : AT< +COPS: 0,2,"310260"
02-20 21:25:49.323  1375  1480 D AT      : AT< OK
02-20 21:25:49.323  1925  2006 D RILJ    : [3705]< OPERATOR {Android, Android, 310260} [SUB0]
02-20 21:25:49.323  1925  1925 D RILJ    : [3707]> VOICE_REGISTRATION_STATE [SUB0]
02-20 21:25:49.323  1375  1477 D RIL     : onRequest: DATA_REGISTRATION_STATE
02-20 21:25:49.323  1375  1477 D RIL     : requestRegistrationState
02-20 21:25:49.323  1375  1477 D AT      : AT> AT+CGREG?
02-20 21:25:49.323  1375  1480 D AT      : AT< +CGREG: 1,1,"0003","005b","000e"
02-20 21:25:49.323  1375  1480 D AT      : AT< OK
02-20 21:25:49.323  1375  1477 D RIL     : parseRegistrationState. Parsing: +CGREG: 1,1,"0003","005b","000e"
02-20 21:25:49.323  1375  1477 D RIL     : registration state type: 3GPP
02-20 21:25:49.323  1925  1925 D RILJ    : [3708]> QUERY_NETWORK_SELECTION_MODE [SUB0]
02-20 21:25:49.323  1375  1477 D RIL     : onRequest: VOICE_REGISTRATION_STATE
02-20 21:25:49.323  1375  1477 D RIL     : requestRegistrationState
02-20 21:25:49.323  1375  1477 D AT      : AT> AT+CREG?
02-20 21:25:49.323  1375  1480 D AT      : AT< +CREG: 2,1, "0003", "005b"
02-20 21:25:49.323  1375  1480 D AT      : AT< OK
02-20 21:25:49.323  1375  1477 D RIL     : parseRegistrationState. Parsing: +CREG: 2,1, "0003", "005b"
02-20 21:25:49.323  1375  1477 D RIL     : registration state type: 3GPP
02-20 21:25:49.323  1925  1925 D UiccCardApplication: Error in querying facility lock:com.android.internal.telephony.CommandException: REQUEST_NOT_SUPPORTED
02-20 21:25:49.323  1925  1925 D UiccCardApplication: Error in querying facility lock:com.android.internal.telephony.CommandException: REQUEST_NOT_SUPPORTED
02-20 21:25:49.323  1925  1925 D RuimRecords: [RuimRecords] fetchRuimRecords 0
02-20 21:25:49.323  1925  1925 D RILJ    : [3709]> getIMSI: GET_IMSI aid: null [SUB0]
02-20 21:25:49.323  1375  1477 D RIL     : onRequest: QUERY_NETWORK_SELECTION_MODE
02-20 21:25:49.323  1375  1477 D AT      : AT> AT+COPS?
02-20 21:25:49.323  1375  1480 D AT      : AT< +COPS: 0,2,310260
02-20 21:25:49.323  1375  1480 D AT      : AT< OK
02-20 21:25:49.324  1925  1925 D RILJ    : [3710]> iccIO: SIM_IO 0xc0 0x2fe2  path: 3F00,0,0,15 aid: null [SUB0]
02-20 21:25:49.324  1765  1765 E BluetoothAdapter: Bluetooth binder is null
02-20 21:25:49.324  1375  1477 D RIL     : onRequest: GET_IMSI
02-20 21:25:49.324  1375  1477 D AT      : AT> AT+CIMI
02-20 21:25:49.324  1375  1480 D AT      : AT< 310260000000000
02-20 21:25:49.324  1375  1480 D AT      : AT< OK
02-20 21:25:49.324  1925  1925 D RILJ    : [3711]> iccIO: SIM_IO 0xc0 0x2f05  path: 3F00,0,0,15 aid: null [SUB0]
02-20 21:25:49.324  1375  1477 D RIL     : onRequest: SIM_IO
02-20 21:25:49.324  1375  1477 D AT      : AT> AT+CRSM=192,12258,0,0,15
02-20 21:25:49.324  1375  1480 D AT      : AT< +CRSM: 144,0,0000000a2fe204000fa0aa01020000
02-20 21:25:49.324  1375  1480 D AT      : AT< OK
02-20 21:25:49.324  1925  1925 D RILJ    : [3712]> iccIO: SIM_IO 0xc0 0x6f3a  path: 3F007F25,0,0,15 aid: null [SUB0]
02-20 21:25:49.325  1925  1951 D SubscriptionController: [getPhoneId]- no sims, returning default phoneId=2147483647
02-20 21:25:49.325  1375  1477 D RIL     : onRequest: SIM_IO
02-20 21:25:49.325  1375  1477 D AT      : AT> AT+CRSM=192,12037,0,0,15
02-20 21:25:49.325  1375  1480 D AT      : AT< ERROR: BAD COMMAND
02-20 21:25:49.325  1925  1925 D RILJ    : [3713]> iccIO: SIM_IO 0xc0 0x6f41  path: 3F007F25,0,0,15 aid: null [SUB0]
02-20 21:25:49.325  1375  1477 D RIL     : onRequest: SIM_IO
02-20 21:25:49.325  1375  1477 D AT      : AT> AT+CRSM=192,28474,0,0,15
02-20 21:25:49.325  1375  1480 D AT      : AT< ERROR: BAD COMMAND
02-20 21:25:49.325  1925  1925 D RILJ    : [3714]> iccIO: SIM_IO 0xc0 0x6f44  path: 3F007F25,0,0,15 aid: null [SUB0]
02-20 21:25:49.326  1375  1477 D RIL     : onRequest: SIM_IO
02-20 21:25:49.326  1375  1477 D AT      : AT> AT+CRSM=192,28481,0,0,15
02-20 21:25:49.326  1375  1480 D AT      : AT< ERROR: BAD COMMAND
02-20 21:25:49.326  1925  2006 D RILJ    : [3706]< DATA_REGISTRATION_STATE {1, 3, 5b, 14, null, null} [SUB0]
02-20 21:25:49.326  1925  2006 D RILJ    : [3707]< VOICE_REGISTRATION_STATE {1, 3, 5b, 0, null, null, null, null, null, null, null, null, null, null, null} [SUB0]
02-20 21:25:49.326  1925  2006 D RILJ    : [3708]< QUERY_NETWORK_SELECTION_MODE {0} [SUB0]
02-20 21:25:49.326  1925  2006 D RILJ    : [3709]< GET_IMSI  [SUB0]
02-20 21:25:49.326  1925  2006 D RILJ    : [3710]< SIM_IO IccIoResponse sw1:0x90 sw2:0x0 [SUB0]
02-20 21:25:49.326  1925  2006 D RilRequest: [3711]< SIM_IO error: com.android.internal.telephony.CommandException: GENERIC_FAILURE ret=
02-20 21:25:49.326  1925  2006 D RilRequest: [3712]< SIM_IO error: com.android.internal.telephony.CommandException: GENERIC_FAILURE ret=
02-20 21:25:49.326  1925  2006 D RilRequest: [3713]< SIM_IO error: com.android.internal.telephony.CommandException: GENERIC_FAILURE ret=
02-20 21:25:49.326  1375  1477 D RIL     : onRequest: SIM_IO
02-20 21:25:49.326  1375  1477 D AT      : AT> AT+CRSM=192,28484,0,0,15
02-20 21:25:49.326  1375  1480 D AT      : AT< ERROR: BAD COMMAND
02-20 21:25:49.326  1925  2006 D RilRequest: [3714]< SIM_IO error: com.android.internal.telephony.CommandException: GENERIC_FAILURE ret=
02-20 21:25:49.326  1925  1925 D RILJ    : [3715]> iccIO: SIM_IO 0xc0 0x6f22  path: 3F007F25,0,0,15 aid: null [SUB0]
02-20 21:25:49.327  1375  1477 D RIL     : onRequest: SIM_IO
02-20 21:25:49.327  1375  1477 D AT      : AT> AT+CRSM=192,28450,0,0,15
02-20 21:25:49.327  1375  1480 D AT      : AT< ERROR: BAD COMMAND
02-20 21:25:49.327  1925  2006 D RilRequest: [3715]< SIM_IO error: com.android.internal.telephony.CommandException: GENERIC_FAILURE ret=
02-20 21:25:49.327  1925  1925 D RILJ    : [3716]> iccIO: SIM_IO 0xc0 0x6f28  path: 3F007F25,0,0,15 aid: null [SUB0]
02-20 21:25:49.327  1925  1925 D RILJ    : [3717]> iccIO: SIM_IO 0xb0 0x6f5a  path: 3F007F25,0,0,4 aid: null [SUB0]
02-20 21:25:49.327  1375  1477 D RIL     : onRequest: SIM_IO
02-20 21:25:49.327  1375  1477 D AT      : AT> AT+CRSM=192,28456,0,0,15
02-20 21:25:49.328  1375  1480 D AT      : AT< ERROR: BAD COMMAND
02-20 21:25:49.328  1925  2006 D RilRequest: [3716]< SIM_IO error: com.android.internal.telephony.CommandException: GENERIC_FAILURE ret=
02-20 21:25:49.328  1925  1925 D RILJ    : [3718]> iccIO: SIM_IO 0xc0 0x6f4d  path: 3F007F25,0,0,15 aid: null [SUB0]
02-20 21:25:49.328  1375  1477 D RIL     : onRequest: SIM_IO
02-20 21:25:49.328  1375  1477 D AT      : AT> AT+CRSM=176,28506,0,0,4
02-20 21:25:49.328  1375  1480 D AT      : AT< ERROR: BAD COMMAND
02-20 21:25:49.328  1925  1925 D RuimRecords: [RuimRecords] fetchRuimRecords 10 requested: true
02-20 21:25:49.328  1925  1925 D RILJ    : [3719]> RIL_REQUEST_CDMA_SUBSCRIPTION [SUB0]
02-20 21:25:49.329  1375  1477 D RIL     : onRequest: SIM_IO
02-20 21:25:49.329  1375  1477 D AT      : AT> AT+CRSM=192,28493,0,0,15
02-20 21:25:49.329  1375  1480 D AT      : AT< ERROR: BAD COMMAND
02-20 21:25:49.329  1925  1925 D GsmSMSDispatcher: GsmSMSDispatcher: subId = -2 slotId = 0
02-20 21:25:49.329  1925  1925 E IccCardProxy: setExternalState: !override and newstate unchanged from READY
02-20 21:25:49.329  1925  1925 D CAT     : CatService: handleMessage[8]
02-20 21:25:49.329  1925  1925 D CAT     : CatService: MSG_ID_ICC_CHANGED
02-20 21:25:49.329  1925  1925 D CAT     : CatService: New Card State = CARDSTATE_PRESENT Old Card State = CARDSTATE_PRESENT
02-20 21:25:49.329  1925  1925 D RILJ    : [3720]> RIL_REQUEST_SIM_CLOSE_CHANNEL [SUB0]
02-20 21:25:49.329  1375  1477 D RIL     : onRequest: CDMA_SUBSCRIPTION
02-20 21:25:49.329  1375  1477 D RIL     : Request not supported. Tech: 1
02-20 21:25:49.330  1765  1765 I CameraManagerGlobal: Connecting to camera service
02-20 21:25:49.330  1925  2006 D RilRequest: [3717]< SIM_IO error: com.android.internal.telephony.CommandException: GENERIC_FAILURE ret=
02-20 21:25:49.330  1925  2006 D RilRequest: [3718]< SIM_IO error: com.android.internal.telephony.CommandException: GENERIC_FAILURE ret=
02-20 21:25:49.330  1925  2006 D RilRequest: [3719]< RIL_REQUEST_CDMA_SUBSCRIPTION error: com.android.internal.telephony.CommandException: REQUEST_NOT_SUPPORTED ret=
02-20 21:25:49.330  1375  1477 D RIL     : onRequest: SIM_CLOSE_CHANNEL
02-20 21:25:49.330  1375  1477 D AT      : AT> AT+CCHC=1
02-20 21:25:49.330  1375  1480 D AT      : AT< +CCHC
02-20 21:25:49.330  1375  1480 D AT      : AT< OK
02-20 21:25:49.330  1925  1925 E PhoneInterfaceManager: [PhoneIntfMgr] getIccId: No UICC
02-20 21:25:49.330  1925  2006 D RILJ    : [3720]< RIL_REQUEST_SIM_CLOSE_CHANNEL  [SUB0]
02-20 21:25:49.331  1366  1366 V EmulatedCamera_Camera: getCameraInfo
02-20 21:25:49.331  1366  1366 V EmulatedCamera_BaseCamera: getCameraInfo
02-20 21:25:49.331  1366  1366 I CameraService: getCameraCharacteristics: Switching to HAL1 shim implementation...
02-20 21:25:49.331  1366  1366 V EmulatedCamera_Camera: getCameraInfo
02-20 21:25:49.331  1366  1366 V EmulatedCamera_BaseCamera: getCameraInfo
02-20 21:25:49.331  1366  1366 I CameraService: CameraService::connect call (PID -1 "cameraserver", camera ID 0) for HAL version default and Camera API version 1
02-20 21:25:49.331  1366  1366 E CameraService: getCameraPriorityFromProcState: Received invalid process state -1 from ActivityManagerService!
02-20 21:25:49.331  1366  1366 V EmulatedCamera_Camera: getCameraInfo
02-20 21:25:49.331  1366  1366 V EmulatedCamera_BaseCamera: getCameraInfo
02-20 21:25:49.333  1677  1983 I Telecom : PhoneAccountRegistrar: [ComponentInfo{com.android.phone/com.android.services.telephony.TelephonyConnectionService}, [e0184adedf913b076626646d3f52c3b49c39ad6d], UserHandle{0}(icon: Icon(typ=BITMAP size=76x96) -> Icon(typ=BITMAP size=76x96))]: TSI.rPA@AAY
02-20 21:25:49.336  1677  1983 I Telecom : : Sending phone-account registered intent as user: TSI.rPA@AAY
02-20 21:25:49.340  1373  2076 E WVMExtractor: Failed to open libwvm.so: dlopen failed: library "libwvm.so" not found
02-20 21:25:49.341  1925  1950 D SubscriptionController: [getActiveSubInfoList] Sub Controller not ready
02-20 21:25:49.345  1925  1951 D SubscriptionController: [getActiveSubInfoList] Sub Controller not ready
02-20 21:25:49.346  1925  1952 D SubscriptionController: [getActiveSubInfoList] Sub Controller not ready
02-20 21:25:49.347  1373  2075 D NuPlayerDriver: notifyListener_l(0xef40c240), (1, 0, 0), loop setting(0, 0)
02-20 21:25:49.352  1373  2077 D NuPlayerDriver: notifyListener_l(0xef40c480), (1, 0, 0), loop setting(0, 0)
02-20 21:25:49.369  1373  2079 D NuPlayerDriver: notifyListener_l(0xef40c4e0), (1, 0, 0), loop setting(0, 0)
02-20 21:25:49.371  1366  1366 I CameraFlashlight: Opening camera 0
02-20 21:25:49.371  1366  1366 V EmulatedCamera_Camera: getCameraInfo
02-20 21:25:49.371  1366  1366 V EmulatedCamera_BaseCamera: getCameraInfo
02-20 21:25:49.371  1366  1366 V EmulatedCamera_Camera: connectCamera
02-20 21:25:49.371  1366  1366 V EmulatedCamera_FakeDevice: connectDevice
02-20 21:25:49.371  1366  1366 V EmulatedCamera_CallbackNotifier: setCallbacks: 0xf14bbe80, 0xf14bbed0, 0xf14bbff0, 0xf14bc110 (0xf0d43320)
02-20 21:25:49.371  1366  1366 V EmulatedCamera_CallbackNotifier: enableMessage: msg_type = 0xc0d
02-20 21:25:49.371  1366  1366 V EmulatedCamera_CallbackNotifier:     CAMERA_MSG_ERROR
02-20 21:25:49.371  1366  1366 V EmulatedCamera_CallbackNotifier:     CAMERA_MSG_FOCUS
02-20 21:25:49.371  1366  1366 V EmulatedCamera_CallbackNotifier:     CAMERA_MSG_ZOOM
02-20 21:25:49.371  1366  1366 V EmulatedCamera_CallbackNotifier:     CAMERA_MSG_PREVIEW_METADATA
02-20 21:25:49.371  1366  1366 V EmulatedCamera_CallbackNotifier: **** Currently enabled messages:
02-20 21:25:49.371  1366  1366 V EmulatedCamera_CallbackNotifier:     CAMERA_MSG_ERROR
02-20 21:25:49.371  1366  1366 V EmulatedCamera_CallbackNotifier:     CAMERA_MSG_FOCUS
02-20 21:25:49.371  1366  1366 V EmulatedCamera_CallbackNotifier:     CAMERA_MSG_ZOOM
02-20 21:25:49.371  1366  1366 V EmulatedCamera_CallbackNotifier:     CAMERA_MSG_PREVIEW_METADATA
02-20 21:25:49.371  1366  1366 V EmulatedCamera_CallbackNotifier: disableMessage: msg_type = 0xffff
02-20 21:25:49.371  1366  1366 V EmulatedCamera_CallbackNotifier:     CAMERA_MSG_ERROR
02-20 21:25:49.371  1366  1366 V EmulatedCamera_CallbackNotifier:     CAMERA_MSG_SHUTTER
02-20 21:25:49.371  1366  1366 V EmulatedCamera_CallbackNotifier:     CAMERA_MSG_FOCUS
02-20 21:25:49.371  1366  1366 V EmulatedCamera_CallbackNotifier:     CAMERA_MSG_ZOOM
02-20 21:25:49.371  1366  1366 V EmulatedCamera_CallbackNotifier:     CAMERA_MSG_PREVIEW_FRAME
02-20 21:25:49.371  1366  1366 V EmulatedCamera_CallbackNotifier:     CAMERA_MSG_VIDEO_FRAME
02-20 21:25:49.371  1366  1366 V EmulatedCamera_CallbackNotifier:     CAMERA_MSG_POSTVIEW_FRAME
02-20 21:25:49.371  1366  1366 V EmulatedCamera_CallbackNotifier:     CAMERA_MSG_RAW_IMAGE
02-20 21:25:49.371  1366  1366 V EmulatedCamera_CallbackNotifier:     CAMERA_MSG_COMPRESSED_IMAGE
02-20 21:25:49.371  1366  1366 V EmulatedCamera_CallbackNotifier:     CAMERA_MSG_RAW_IMAGE_NOTIFY
02-20 21:25:49.371  1366  1366 V EmulatedCamera_CallbackNotifier:     CAMERA_MSG_PREVIEW_METADATA
02-20 21:25:49.371  1366  1366 V EmulatedCamera_CallbackNotifier: **** Currently enabled messages:
02-20 21:25:49.371  1366  1366 V EmulatedCamera_Preview: setPreviewWindow: current: 0x0 -> new: 0x0
02-20 21:25:49.371  1366  1366 V EmulatedCamera_Camera: doStopPreview
02-20 21:25:49.371  1366  1366 V EmulatedCamera_Camera: cancelPicture
02-20 21:25:49.371  1366  1366 V EmulatedCamera_Camera: releaseCamera
02-20 21:25:49.371  1366  1366 V EmulatedCamera_Camera: doStopPreview
02-20 21:25:49.371  1366  1366 V EmulatedCamera_FakeDevice: disconnectDevice
02-20 21:25:49.371  1366  1366 W EmulatedCamera_Device: Initialize: Emulated camera device is already initialized: mState = 1
02-20 21:25:49.371  1366  1366 D EmulatedCamera_FakeCamera: Initialize: Fake camera is facing back
02-20 21:25:49.371  1366  1366 V EmulatedCamera_Device: initializeWhiteBalanceModes with auto, 1.000000, 1.000000
02-20 21:25:49.371  1366  1366 V EmulatedCamera_Device: initializeWhiteBalanceModes with incandescent, 1.380000, 0.600000
02-20 21:25:49.371  1366  1366 V EmulatedCamera_Device: initializeWhiteBalanceModes with daylight, 1.090000, 0.920000
02-20 21:25:49.371  1366  1366 V EmulatedCamera_Device: initializeWhiteBalanceModes with twilight, 0.920000, 1.220000
02-20 21:25:49.371  1366  1366 V EmulatedCamera_Device: setWhiteBalanceMode with white balance auto
02-20 21:25:49.371  1366  1366 I CameraFlashlight: Destroying camera 0
02-20 21:25:49.371  1366  1366 V EmulatedCamera_Camera: closeCamera
02-20 21:25:49.371  1366  1366 V EmulatedCamera_Camera: doStopPreview
02-20 21:25:49.371  1366  1366 W EmulatedCamera_Device: Initialize: Emulated camera device is already initialized: mState = 1
02-20 21:25:49.371  1366  1366 D EmulatedCamera_FakeCamera: Initialize: Fake camera is facing back
02-20 21:25:49.371  1366  1366 V EmulatedCamera_Device: initializeWhiteBalanceModes with auto, 1.000000, 1.000000
02-20 21:25:49.371  1366  1366 V EmulatedCamera_Device: initializeWhiteBalanceModes with incandescent, 1.380000, 0.600000
02-20 21:25:49.371  1366  1366 V EmulatedCamera_Device: initializeWhiteBalanceModes with daylight, 1.090000, 0.920000
02-20 21:25:49.371  1366  1366 V EmulatedCamera_Device: initializeWhiteBalanceModes with twilight, 0.920000, 1.220000
02-20 21:25:49.371  1366  1366 V EmulatedCamera_Device: setWhiteBalanceMode with white balance auto
02-20 21:25:49.373  1366  1366 I CameraService: disconnect: Disconnected client for camera 0 for PID 1366
02-20 21:25:49.373  1373  1836 D NuPlayerDriver: reset(0xef40c240) at state 4
02-20 21:25:49.374  1373  1836 D NuPlayerDriver: notifyListener_l(0xef40c240), (8, 0, 0), loop setting(0, 0)
02-20 21:25:49.374  1373  2075 D NuPlayerDriver: notifyResetComplete(0xef40c240)
02-20 21:25:49.387  1373  1397 D NuPlayerDriver: reset(0xef40c480) at state 4
02-20 21:25:49.387  1373  1397 D NuPlayerDriver: notifyListener_l(0xef40c480), (8, 0, 0), loop setting(0, 0)
02-20 21:25:49.387  1373  2077 D NuPlayerDriver: notifyResetComplete(0xef40c480)
02-20 21:25:49.391  1373  1898 D NuPlayerDriver: reset(0xef40c4e0) at state 4
02-20 21:25:49.391  1373  1898 D NuPlayerDriver: notifyListener_l(0xef40c4e0), (8, 0, 0), loop setting(0, 0)
02-20 21:25:49.391  1373  2079 D NuPlayerDriver: notifyResetComplete(0xef40c4e0)
02-20 21:25:49.392  1925  1925 D SIMRecords: [SIMRecords] IMSI: mMncLength=-1
02-20 21:25:49.392  1366  1706 V EmulatedCamera_Camera: getCameraInfo
02-20 21:25:49.392  1366  1706 V EmulatedCamera_BaseCamera: getCameraInfo
02-20 21:25:49.392  1366  1366 V EmulatedCamera_Camera: getCameraInfo
02-20 21:25:49.392  1366  1366 V EmulatedCamera_BaseCamera: getCameraInfo
02-20 21:25:49.393  1925  1925 D SIMRecords: [SIMRecords] IMSI: 310260[D1jVpVFfGoqdF5qliFi2ey-KM4g]
02-20 21:25:49.393  1925  1925 D SIMRecords: [SIMRecords] onRecordLoaded 16 requested: true
02-20 21:25:49.393  1925  1925 D RILJ    : [3721]> iccIO: SIM_IO 0xb0 0x2fe2  path: 3F00,0,0,10 aid: null [SUB0]
02-20 21:25:49.394  1375  1477 D RIL     : onRequest: SIM_IO
02-20 21:25:49.394  1375  1477 D AT      : AT> AT+CRSM=176,12258,0,0,10
02-20 21:25:49.395  1375  1480 D AT      : AT< +CRSM: 144,0,98101430121181157002
02-20 21:25:49.395  1375  1480 D AT      : AT< OK
02-20 21:25:49.395  1925  2006 D RILJ    : [3721]< SIM_IO IccIoResponse sw1:0x90 sw2:0x0 [SUB0]
02-20 21:25:49.395  1925  1925 D RILJ    : [3722]> iccIO: SIM_IO 0xb2 0x6f40  path: 3F007F10,1,4,32 aid: null [SUB0]
02-20 21:25:49.396  1375  1477 D RIL     : onRequest: SIM_IO
02-20 21:25:49.396  1375  1477 D AT      : AT> AT+CRSM=178,28480,1,4,32
02-20 21:25:49.396  1375  1480 D AT      : AT< +CRSM: 144,0,ffffffffffffffffffffffffffffffffffff07815155255155f4ffffffffffff
02-20 21:25:49.396  1375  1480 D AT      : AT< OK
02-20 21:25:49.396  1925  2006 D RILJ    : [3722]< SIM_IO IccIoResponse sw1:0x90 sw2:0x0 [SUB0]
02-20 21:25:49.396  1925  1925 D RILJ    : [3723]> iccIO: SIM_IO 0xb2 0x6fc9  path: 3F007F20,1,4,4 aid: null [SUB0]
02-20 21:25:49.396  1375  1477 D RIL     : onRequest: SIM_IO
02-20 21:25:49.396  1375  1477 D AT      : AT> AT+CRSM=178,28617,1,4,4
02-20 21:25:49.396  1375  1480 D AT      : AT< +CRSM: 144,0,01000000
02-20 21:25:49.396  1375  1480 D AT      : AT< OK
02-20 21:25:49.396  1925  2006 D RILJ    : [3723]< SIM_IO IccIoResponse sw1:0x90 sw2:0x0 [SUB0]
02-20 21:25:49.397  1925  1925 D RILJ    : [3724]> iccIO: SIM_IO 0xb0 0x6fad  path: 3F007F20,0,0,4 aid: null [SUB0]
02-20 21:25:49.397  1375  1477 D RIL     : onRequest: SIM_IO
02-20 21:25:49.397  1375  1477 D AT      : AT> AT+CRSM=176,28589,0,0,4
02-20 21:25:49.397  1375  1480 D AT      : AT< +CRSM: 144,0,00000003
02-20 21:25:49.397  1375  1480 D AT      : AT< OK
02-20 21:25:49.397  1925  2006 D RILJ    : [3724]< SIM_IO IccIoResponse sw1:0x90 sw2:0x0 [SUB0]
02-20 21:25:49.397  1925  1925 D RILJ    : [3725]> iccIO: SIM_IO 0xb2 0x6fca  path: 3F007F20,1,4,5 aid: null [SUB0]
02-20 21:25:49.398  1375  1477 D RIL     : onRequest: SIM_IO
02-20 21:25:49.398  1375  1477 D AT      : AT> AT+CRSM=178,28618,1,4,5
02-20 21:25:49.398  1375  1480 D AT      : AT< +CRSM: 144,0,0000000000
02-20 21:25:49.398  1375  1480 D AT      : AT< OK
02-20 21:25:49.398  1925  2006 D RILJ    : [3725]< SIM_IO IccIoResponse sw1:0x90 sw2:0x0 [SUB0]
02-20 21:25:49.398  1925  1925 D RILJ    : [3726]> iccIO: SIM_IO 0xb0 0x6f11  path: 3F007F20,0,0,1 aid: null [SUB0]
02-20 21:25:49.398  1375  1477 D RIL     : onRequest: SIM_IO
02-20 21:25:49.398  1375  1477 D AT      : AT> AT+CRSM=176,28433,0,0,1
02-20 21:25:49.398  1375  1480 D AT      : AT< +CRSM: 144,0,55
02-20 21:25:49.398  1375  1480 D AT      : AT< OK
02-20 21:25:49.398  1925  2006 D RILJ    : [3726]< SIM_IO IccIoResponse sw1:0x90 sw2:0x0 [SUB0]
02-20 21:25:49.398  1925  1925 D RILJ    : [3727]> iccIO: SIM_IO 0xb0 0x6f13  path: 3F007F20,0,0,1 aid: null [SUB0]
02-20 21:25:49.399  1375  1477 D RIL     : onRequest: SIM_IO
02-20 21:25:49.399  1375  1477 D AT      : AT> AT+CRSM=176,28435,0,0,1
02-20 21:25:49.399  1375  1480 D AT      : AT< +CRSM: 144,0,55
02-20 21:25:49.399  1375  1480 D AT      : AT< OK
02-20 21:25:49.399  1925  2006 D RILJ    : [3727]< SIM_IO IccIoResponse sw1:0x90 sw2:0x0 [SUB0]
02-20 21:25:49.399  1925  1925 D RILJ    : [3728]> iccIO: SIM_IO 0xb2 0x6fc5  path: 3F007F20,1,4,24 aid: null [SUB0]
02-20 21:25:49.399  1375  1477 D RIL     : onRequest: SIM_IO
02-20 21:25:49.399  1375  1477 D AT      : AT> AT+CRSM=178,28613,1,4,24
02-20 21:25:49.400  1375  1480 D AT      : AT< +CRSM: 144,0,43058441aa890affffffffffffffffffffffffffffffffff
02-20 21:25:49.400  1375  1480 D AT      : AT< OK
02-20 21:25:49.400  1925  2006 D RILJ    : [3728]< SIM_IO IccIoResponse sw1:0x90 sw2:0x0 [SUB0]
02-20 21:25:49.400  1925  1925 D RILJ    : [3729]> iccIO: SIM_IO 0xb0 0x6f38  path: 3F007F20,0,0,15 aid: null [SUB0]
02-20 21:25:49.400  1375  1477 D RIL     : onRequest: SIM_IO
02-20 21:25:49.400  1375  1477 D AT      : AT> AT+CRSM=176,28472,0,0,15
02-20 21:25:49.400  1375  1480 D AT      : AT< +CRSM: 144,0,ff30ffff3c003c03000c0000f03f00
02-20 21:25:49.400  1375  1480 D AT      : AT< OK
02-20 21:25:49.400  1925  2006 D RILJ    : [3729]< SIM_IO IccIoResponse sw1:0x90 sw2:0x0 [SUB0]
02-20 21:25:49.400  1925  1925 D RILJ    : [3730]> iccIO: SIM_IO 0xb0 0x6f16  path: 3F007F20,0,0,2 aid: null [SUB0]
02-20 21:25:49.401  1375  1477 D RIL     : onRequest: SIM_IO
02-20 21:25:49.401  1375  1477 D AT      : AT> AT+CRSM=176,28438,0,0,2
02-20 21:25:49.401  1375  1480 D AT      : AT< +CRSM: 144,0,0233
02-20 21:25:49.401  1375  1480 D AT      : AT< OK
