02-20 21:27:00.890  1655  1655 W System  : ClassLoader referenced unknown path: /system/priv-app/FusedLocation/lib/x86_64
02-20 21:27:00.923  1655  1976 D TelephonyRegistry: listen oscl: hasNotifySubscriptionInfoChangedOccurred==false no callback
02-20 21:27:00.925  1655  1655 D ApplicationLoaders: ignored Vulkan layer search path /system/priv-app/FusedLocation/lib/x86_64:/system/priv-app/FusedLocation/FusedLocation.apk!/lib/x86_64:/system/lib64:/vendor/lib64 for namespace 0x7b04f04d6240
02-20 21:27:00.936  1943  1998 D EGL_emulation: eglMakeCurrent: 0x7b04e19ee480: ver 3 0 (tinfo 0x7b04e19e0f40)
02-20 21:27:00.937  1655  1736 I WifiConnectivityManager: Set WiFi enabled
02-20 21:27:00.937  1655  1736 I WifiConnectivityManager: scheduleWatchdogTimer
02-20 21:27:00.937  1655  1736 D WifiNative-HAL: Failing getSupportedFeatureset because HAL isn't started
02-20 21:27:00.937  1655  1694 E BatteryStatsService: no controller energy info supplied
02-20 21:27:00.938  1655  1694 E KernelCpuSpeedReader: Failed to read cpu-freq: /sys/devices/system/cpu/cpu0/cpufreq/stats/time_in_state (No such file or directory)
02-20 21:27:00.938  1655  1694 E KernelUidCpuTimeReader: Failed to read uid_cputime: /proc/uid_cputime/show_uid_stat (No such file or directory)
02-20 21:27:00.941  1655  1736 D WifiNative-HAL: Failing getSupportedFeatureset because HAL isn't started
02-20 21:27:00.943  1655  1694 E BatteryStatsService: no controller energy info supplied
02-20 21:27:00.944  1655  1694 E KernelCpuSpeedReader: Failed to read cpu-freq: /sys/devices/system/cpu/cpu0/cpufreq/stats/time_in_state (No such file or directory)
02-20 21:27:00.944  1655  1694 E KernelUidCpuTimeReader: Failed to read uid_cputime: /proc/uid_cputime/show_uid_stat (No such file or directory)
02-20 21:27:00.945  1927  1927 D TelephonyManager: setTelephonyProperty: success phoneId=0 property=gsm.network.type value: Unknown propVal=Unknown
02-20 21:27:00.946  1927  1927 D RILJ    : [3654]> SIGNAL_STRENGTH [SUB0]
02-20 21:27:00.946  1927  1927 D SST     : notifyDataRegStateRilRadioTechnologyChanged: drs=1 rat=0
02-20 21:27:00.946  1927  1927 D TelephonyManager: setTelephonyProperty: success phoneId=0 property=gsm.network.type value: Unknown propVal=Unknown
02-20 21:27:00.946  1375  1465 D RIL     : onRequest: SIGNAL_STRENGTH
02-20 21:27:00.946  1927  2005 D RilRequest: [3654]< SIGNAL_STRENGTH error: com.android.internal.telephony.CommandException: RADIO_NOT_AVAILABLE ret=
02-20 21:27:00.947  1655  1655 D GpsNetInitiatedHandler: location enabled :true
02-20 21:27:00.947  1655  1655 V WiredAccessoryManager: notifyWiredAccessoryChanged: when=0 bits= mask=54
02-20 21:27:00.947  1655  1655 V WiredAccessoryManager: newName=h2w newState=0 headsetState=0 prev headsetState=0
02-20 21:27:00.947  1655  1655 E WiredAccessoryManager: No state change.
02-20 21:27:00.947  1655  1655 V WiredAccessoryManager: init()
02-20 21:27:00.955  1927  1927 D DCT     : [0]DCT.constructor
02-20 21:27:00.959  1655  1689 D TelephonyRegistry: listen oscl: hasNotifySubscriptionInfoChangedOccurred==false no callback
02-20 21:27:00.960  1927  1927 D Dcc     : E ctor
02-20 21:27:00.961  1927  1927 D Dcc     : X ctor
02-20 21:27:00.961  1927  1927 D SubscriptionController: [getPhoneId] asked for default subId=-1
02-20 21:27:00.963  1927  1927 D DcTesterFailBrinupAll: register for intent action=com.android.internal.telephony.dataconnection.action_fail_bringup
02-20 21:27:00.963  1927  1927 D DcTesterFailBrinupAll: register for intent action=com.android.internal.telephony.action_detached
02-20 21:27:00.963  1927  1927 D DcTesterFailBrinupAll: register for intent action=com.android.internal.telephony.action_attached
02-20 21:27:00.963  1927  1927 D SST     : notifyDataRegStateRilRadioTechnologyChanged: drs=1 rat=0
02-20 21:27:00.963  1927  1927 D TelephonyManager: setTelephonyProperty: success phoneId=0 property=gsm.network.type value: Unknown propVal=Unknown
02-20 21:27:00.963  1927  1927 D DCT     : [0]update sub = -2
02-20 21:27:00.963  1927  1927 D DCT     : [0]update(): Active DDS, register for all events now!
02-20 21:27:00.963  1927  1927 D GsmCdmaPhone: [GsmCdmaPhone] updateCurrentCarrierInProvider: mSubId = -2 currentDds = 1 operatorNumeric = null
02-20 21:27:00.964  1927  1927 D DCT     : [0]initApnContexts: E
02-20 21:27:00.964  1927  1927 D DCT     : [0]initApnContexts: skipping unknown type=1
02-20 21:27:00.964  1927  1927 D DCT     : [0]initApnContexts: apnContext={mApnType=default mState=IDLE mWaitingApns={null} mApnSetting={null} mReason=dataEnabled mDataEnabled=false mDependencyMet=true}
02-20 21:27:00.964  1927  1927 D DCT     : [0]initApnContexts: apnContext={mApnType=mms mState=IDLE mWaitingApns={null} mApnSetting={null} mReason=dataEnabled mDataEnabled=false mDependencyMet=true}
02-20 21:27:00.964  1927  1927 D DCT     : [0]initApnContexts: apnContext={mApnType=supl mState=IDLE mWaitingApns={null} mApnSetting={null} mReason=dataEnabled mDataEnabled=false mDependencyMet=true}
02-20 21:27:00.964  1927  1927 D DCT     : [0]initApnContexts: apnContext={mApnType=hipri mState=IDLE mWaitingApns={null} mApnSetting={null} mReason=dataEnabled mDataEnabled=false mDependencyMet=true}
02-20 21:27:00.964  1927  1927 D DCT     : [0]initApnContexts: apnContext={mApnType=fota mState=IDLE mWaitingApns={null} mApnSetting={null} mReason=dataEnabled mDataEnabled=false mDependencyMet=true}
02-20 21:27:00.964  1927  1927 D DCT     : [0]initApnContexts: apnContext={mApnType=ims mState=IDLE mWaitingApns={null} mApnSetting={null} mReason=dataEnabled mDataEnabled=false mDependencyMet=true}
02-20 21:27:00.964  1927  1927 D DCT     : [0]initApnContexts: apnContext={mApnType=cbs mState=IDLE mWaitingApns={null} mApnSetting={null} mReason=dataEnabled mDataEnabled=false mDependencyMet=true}
02-20 21:27:00.964  1927  1927 D DCT     : [0]initApnContexts: skipping unknown type=13
02-20 21:27:00.964  1927  1927 D DCT     : [0]initApnContexts: apnContext={mApnType=ia mState=IDLE mWaitingApns={null} mApnSetting={null} mReason=dataEnabled mDataEnabled=false mDependencyMet=true}
02-20 21:27:00.964  1927  1927 D DCT     : [0]initApnContexts: apnContext={mApnType=emergency mState=IDLE mWaitingApns={null} mApnSetting={null} mReason=dataEnabled mDataEnabled=false mDependencyMet=true}
02-20 21:27:00.968  1927  2032 D DcTesterDeacativateAll: register for intent action=com.android.internal.telephony.dataconnection.action_deactivate_all
02-20 21:27:00.968  1927  2032 D DcTesterDeacativateAll: register for intent action=com.android.internal.telephony.action_detached
02-20 21:27:00.968  1927  2032 D Dcc     : DccDefaultState: msg.what=EVENT_RIL_CONNECTED mRilVersion=12
02-20 21:27:00.976  1943  1998 D EGL_emulation: eglMakeCurrent: 0x7b04e19ee480: ver 3 0 (tinfo 0x7b04e19e0f40)
02-20 21:27:00.989  1927  1927 D GsmCdmaPhone: [GsmCdmaPhone] GsmCdmaPhone: constructor: sub = 0
02-20 21:27:00.989  1927  1927 I PhoneFactory: Creating Phone with type = 1 sub = 0
02-20 21:27:00.991  1927  1927 I PhoneFactory: defaultSmsApplication: NONE
02-20 21:27:00.991  1927  1927 I PhoneFactory: Creating SubInfoRecordUpdater 
02-20 21:27:00.992  1927  1927 D SubscriptionInfoUpdater: Constructor invoked
02-20 21:27:01.021  1655  1688 I StatusBarManagerService: registerStatusBar bar=com.android.internal.statusbar.IStatusBar$Stub$Proxy@ca2ede4
02-20 21:27:01.028  1655  1789 D TelephonyRegistry: listen oscl: hasNotifySubscriptionInfoChangedOccurred==false no callback
02-20 21:27:01.029  1927  1927 D SubscriptionController: [getPhoneId]- no sims, returning default phoneId=2147483647
02-20 21:27:01.030  1655  1788 D TelephonyRegistry: listen oscl: hasNotifySubscriptionInfoChangedOccurred==false no callback
02-20 21:27:01.030  1927  1927 D PhoneSwitcherNetworkRequstListener: Registering NetworkFactory
02-20 21:27:01.030  1655  1741 D ConnectivityService: Got NetworkFactory Messenger for PhoneSwitcherNetworkRequstListener
02-20 21:27:01.031  1927  1927 D PhoneSwitcher: PhoneSwitcher started
02-20 21:27:01.032  1927  1927 D ProxyController: Constructor - Enter
02-20 21:27:01.040  1655  1655 W VibratorService: Tried to stop vibrating but there is no vibrator device.
02-20 21:27:01.043  1655  1691 I boot_progress_enable_screen: 12043
02-20 21:27:01.044  1655  1698 I am_activity_launch_time: [0,255650046,com.android.settings/.FallbackHome,866,866]
02-20 21:27:01.044  1655  1698 I ActivityManager: Displayed com.android.settings/.FallbackHome: +866ms
02-20 21:27:01.052  1927  1927 D ProxyController: clearTransaction
02-20 21:27:01.052  1927  1927 D ProxyController: clearTransaction: phoneId=0 status=IDLE
02-20 21:27:01.052  1655  1691 V KeyguardServiceDelegate: *** Keyguard started
02-20 21:27:01.052  1655  1691 I screen_toggled: 1
02-20 21:27:01.052  1927  1927 D ProxyController: Constructor - Exit
02-20 21:27:01.052  1927  1927 D TelephonyNetworkFactory[0]: Registering NetworkFactory
02-20 21:27:01.053  1655  1741 D ConnectivityService: Got NetworkFactory Messenger for TelephonyNetworkFactory[0]
02-20 21:27:01.053  1655  1691 W KeyguardServiceDelegate: onScreenTurningOn(): no keyguard service!
02-20 21:27:01.054  1927  1927 D CallManager: registerPhone(GSM Handler (com.android.internal.telephony.GsmCdmaPhone) {fca4ccd})
02-20 21:27:01.056  1655  1689 D TelephonyRegistry: listen oscl: hasNotifySubscriptionInfoChangedOccurred==false no callback
02-20 21:27:01.069  1655  1655 I am_proc_start: [0,2038,10004,com.android.cellbroadcastreceiver,broadcast,com.android.cellbroadcastreceiver/.CellBroadcastReceiver]
02-20 21:27:01.069  1655  1655 I ActivityManager: Start proc 2038:com.android.cellbroadcastreceiver/u0a4 for broadcast com.android.cellbroadcastreceiver/.CellBroadcastReceiver
02-20 21:27:01.071  1655  1655 D ConditionProviders.SCP: onSubscribe condition://android/schedule?days=6.7&start=23.30&end=10.0&exitAtAlarm=false
02-20 21:27:01.071  1655  1655 D ConditionProviders.SCP: setRegistered true
02-20 21:27:01.071  1655  1655 D ConditionProviders.SCP: notifyCondition condition://android/schedule?days=6.7&start=23.30&end=10.0&exitAtAlarm=false STATE_FALSE reason=!meetsSchedule
02-20 21:27:01.072  2038  2038 W art     : Unexpected CPU variant for X86 using defaults: x86_64
02-20 21:27:01.072  1655  1655 D ConditionProviders.SCP: Scheduling evaluate for Tue Feb 20 23:30:00 GMT+00:00 2018 (1519169400000), in +2h2m58s929ms, now=Tue Feb 20 21:27:01 GMT+00:00 2018 (1519162021071)
02-20 21:27:01.072  1655  1655 D ConditionProviders.SCP: onSubscribe condition://android/schedule?days=1.2.3.4.5&start=22.0&end=7.0&exitAtAlarm=false
02-20 21:27:01.072  1655  1655 D ConditionProviders.SCP: notifyCondition condition://android/schedule?days=6.7&start=23.30&end=10.0&exitAtAlarm=false STATE_FALSE reason=!meetsSchedule
02-20 21:27:01.072  1655  1655 D ConditionProviders.SCP: notifyCondition condition://android/schedule?days=1.2.3.4.5&start=22.0&end=7.0&exitAtAlarm=false STATE_FALSE reason=!meetsSchedule
02-20 21:27:01.072  1655  1655 D ConditionProviders.SCP: Scheduling evaluate for Tue Feb 20 22:00:00 GMT+00:00 2018 (1519164000000), in +32m58s928ms, now=Tue Feb 20 21:27:01 GMT+00:00 2018 (1519162021072)
02-20 21:27:01.073  1655  1655 I Telecom : WiredHeadsetManager: ACTION_HEADSET_PLUG event, plugged in: false, : WHC.oADA@AAE
02-20 21:27:01.073  1655  1655 I notification_enqueue: [10028,1764,com.android.systemui,1397773634,public:253,64,-1,Notification(pri=0 contentView=null vibrate=null sound=null defaults=0x0 flags=0x100 color=0xff607d8b category=sys actions=2 vis=PUBLIC),0]
02-20 21:27:01.083  1655  1698 I WindowManager: Screen frozen for +794ms due to AppWindowToken{c356b75 token=Token{e60c85f ActivityRecord{f3ce8fe u0 com.android.settings/.FallbackHome t1}}}
02-20 21:27:01.088  1655  1655 I ActivityManager: user 0 is still locked. Cannot load recents
02-20 21:27:01.090  1655  1747 E ActivityThread: Failed to find provider info for com.android.calendar
02-20 21:27:01.094  1655  1689 I am_proc_bound: [0,2038,com.android.cellbroadcastreceiver]
02-20 21:27:01.095  1655  1747 E ActivityThread: Failed to find provider info for com.android.calendar
02-20 21:27:01.101  1655  1655 D RttService: SCAN_AVAILABLE : 3
02-20 21:27:01.102  1655  1740 D RttService: DefaultState got{ when=-1ms what=160512 target=com.android.internal.util.StateMachine$SmHandler }
02-20 21:27:01.102  1655  1739 I WifiScanningService: wifi driver loaded with scan capabilities: max buckets=16
02-20 21:27:01.105  1655  1655 D TelephonyRegistry: notifyCellLocationForSubscriber: subId=0 cellLocation=Bundle[{}]
02-20 21:27:01.105  1927  1939 D SubscriptionController: [getPhoneId]- no sims, returning default phoneId=2147483647
02-20 21:27:01.131  2038  2038 W System  : ClassLoader referenced unknown path: /system/priv-app/CellBroadcastReceiver/lib/x86_64
02-20 21:27:01.197  1655  1746 D NotificationSQLiteLog: Pruned event entries: 0
02-20 21:27:01.198  1927  1942 D SubscriptionController: [getPhoneId]- no sims, returning default phoneId=2147483647
02-20 21:27:01.233  1655  1690 I SyncManager: Got SyncJobService instance.
02-20 21:27:01.234  1655  1655 I FusedLocation: engine started (com.android.location.fused)
02-20 21:27:01.265  1764  1764 I OpaLayout: Setting opa enabled to false
02-20 21:27:01.269  1764  1764 I OpaLayout: Setting opa enabled to false
02-20 21:27:01.287  1655  1968 W art     : Long monitor contention with owner android.display (1698) at void com.android.server.wm.WindowAnimator$1.doFrame(long)(WindowAnimator.java:144) waiters=1 in float com.android.server.wm.WindowManagerService.getCurrentAnimatorScale() for 230ms
02-20 21:27:01.293  1655  1968 I dvm_lock_sample: [system_server,1,Binder:1655_5,230,WindowManagerService.java,5760,WindowAnimator.java,144,46]
02-20 21:27:01.307  1927  1927 D CarrierConfigLoader: CarrierConfigLoader has started
02-20 21:27:01.307  1927  1927 E BluetoothAdapter: Bluetooth binder is null
02-20 21:27:01.308  1655  1968 D TelephonyRegistry: listen oscl: hasNotifySubscriptionInfoChangedOccurred==false no callback
02-20 21:27:01.312  1764  1764 W System  : ClassLoader referenced unknown path: 
02-20 21:27:01.312  1764  1764 W System  : ClassLoader referenced unknown path: /system/priv-app/Dialer/lib/x86_64
02-20 21:27:01.312  1764  1764 D ApplicationLoaders: ignored Vulkan layer search path /system/priv-app/Dialer/lib/x86_64:/system/lib64:/vendor/lib64 for namespace 0x7b04f046b0f0
02-20 21:27:01.325  1927  2057 E ActivityThread: Failed to find provider info for com.android.contacts
02-20 21:27:01.325  1927  2057 W CallerInfoCache: cursor is null
02-20 21:27:01.343  1927  1927 D RILJ    : [3655]> RIL_REQUEST_SET_TTY_MODE : 0 [SUB0]
02-20 21:27:01.344  1375  1465 D RIL     : onRequest: SET_TTY_MODE
02-20 21:27:01.344  1927  2005 D RilRequest: [3655]< RIL_REQUEST_SET_TTY_MODE error: com.android.internal.telephony.CommandException: RADIO_NOT_AVAILABLE ret=
02-20 21:27:01.344  1927  1927 I Telephony: TtyManager: updateUiTtyMode -1 -> 0
02-20 21:27:01.347  1655  1968 D TelephonyRegistry: listen oscl: hasNotifySubscriptionInfoChangedOccurred==false no callback
02-20 21:27:01.348  1927  1927 D SubscriptionController: [getPhoneId] asked for default subId=-1
02-20 21:27:01.359  1927  1927 D UiccController: EVENT_RADIO_UNAVAILABLE, dispose card
02-20 21:27:01.359  1927  1927 D UiccController: Received EVENT_ICC_STATUS_CHANGED, calling getIccCardStatus
02-20 21:27:01.359  1927  1927 D RILJ    : [3656]> GET_SIM_STATUS [SUB0]
02-20 21:27:01.359  1375  1465 D RIL     : onRequest: GET_SIM_STATUS
02-20 21:27:01.359  1375  1465 D RIL     : getSIMStatus(). sState: 0
02-20 21:27:01.360  1927  2005 D RILJ    : [3656]< GET_SIM_STATUS IccCardState {CARDSTATE_PRESENT,PINSTATE_UNKNOWN,num_apps=2,gsm_id=0{APPTYPE_SIM,APPSTATE_DETECTED},cdma_id=1{APPTYPE_RUIM,APPSTATE_DETECTED},ims_id=8} [SUB0]
02-20 21:27:01.362  1927  1927 D Phone   : config LCE service failed: com.android.internal.telephony.CommandException: RADIO_NOT_AVAILABLE
02-20 21:27:01.362  1927  1927 D GsmSMSDispatcher: GsmSMSDispatcher: subId = -2 slotId = 0
02-20 21:27:01.362  1927  1927 E IccCardProxy: setExternalState: !override and newstate unchanged from NOT_READY
02-20 21:27:01.362  1927  1927 D RILJ    : [3657]> BASEBAND_VERSION [SUB0]
02-20 21:27:01.363  1375  1465 D RIL     : onRequest: BASEBAND_VERSION
02-20 21:27:01.363  1927  2005 D RilRequest: [3657]< BASEBAND_VERSION error: com.android.internal.telephony.CommandException: RADIO_NOT_AVAILABLE ret=
02-20 21:27:01.363  1927  1927 D RILJ    : [3658]> GET_IMEI [SUB0]
02-20 21:27:01.366  1764  1764 E BluetoothAdapter: Bluetooth binder is null
02-20 21:27:01.367  1927  1927 D RILJ    : [3659]> GET_IMEISV [SUB0]
02-20 21:27:01.367  1375  1465 D RIL     : onRequest: GET_IMEI
02-20 21:27:01.367  1375  1465 D AT      : AT> AT+CGSN
02-20 21:27:01.367  1375  1467 D AT      : AT< 000000000000000
02-20 21:27:01.367  1375  1467 D AT      : AT< OK
02-20 21:27:01.367  1927  1927 D RILJ    : [3660]> RIL_REQUEST_GET_RADIO_CAPABILITY [SUB0]
02-20 21:27:01.367  1927  2005 D RILJ    : [3658]< GET_IMEI  [SUB0]
02-20 21:27:01.367  1375  1465 D RIL     : onRequest: GET_IMEISV
02-20 21:27:01.367  1927  1927 D RILJ    : [3661]> RIL_REQUEST_START_LCE [SUB0]
02-20 21:27:01.368  1375  1465 D RIL     : onRequest: RIL_REQUEST_GET_RADIO_CAPABILITY
02-20 21:27:01.368  1927  1927 D GsmCdmaPhone: [GsmCdmaPhone] Event EVENT_RADIO_OFF_OR_NOT_AVAILABLE Received
02-20 21:27:01.368  1927  1927 E IccCardProxy: setExternalState: !override and newstate unchanged from NOT_READY
02-20 21:27:01.368  1927  1927 D SST     : mDeviceShuttingDown=false, mDesiredPowerState=true, getRadioState=RADIO_OFF, mPowerOffDelayNeed=true, mAlarmSwitch=false, mRadioDisabledByCarrier=false
02-20 21:27:01.368  1927  1927 D RILJ    : [3662]> RADIO_POWER on [SUB0]
02-20 21:27:01.368  1375  1465 D RIL     : onRequest: <unknown request>
02-20 21:27:01.368  1927  1927 D RILJ    : [3663]> OPERATOR [SUB0]
02-20 21:27:01.368  1375  1465 D RIL     : onRequest: RADIO_POWER
02-20 21:27:01.368  1375  1465 D AT      : AT> AT+CFUN=1
02-20 21:27:01.369  1375  1467 D AT      : AT< OK
02-20 21:27:01.369  1927  1927 D RILJ    : [3664]> DATA_REGISTRATION_STATE [SUB0]
02-20 21:27:01.369  1375  1465 D RIL     : setRadioState(10)
02-20 21:27:01.369  1375  1465 D RIL     : onRequest: OPERATOR
02-20 21:27:01.369  1375  1465 D AT      : AT> AT+COPS=3,0;+COPS?;+COPS=3,1;+COPS?;+COPS=3,2;+COPS?
02-20 21:27:01.369  1927  1927 D RILJ    : [3665]> VOICE_REGISTRATION_STATE [SUB0]
02-20 21:27:01.370  1375  1467 D AT      : AT< +COPS: 0,0,"Android"
02-20 21:27:01.370  1375  1467 D AT      : AT< +COPS: 0,1,"Android"
02-20 21:27:01.370  1375  1467 D AT      : AT< +COPS: 0,2,"310260"
02-20 21:27:01.370  1375  1467 D AT      : AT< OK
02-20 21:27:01.370  1927  1927 D RILJ    : [3666]> QUERY_NETWORK_SELECTION_MODE [SUB0]
02-20 21:27:01.371  1375  1465 D RIL     : onRequest: DATA_REGISTRATION_STATE
02-20 21:27:01.371  1375  1465 D RIL     : requestRegistrationState
02-20 21:27:01.371  1375  1465 D AT      : AT> AT+CGREG?
02-20 21:27:01.371  1375  1467 D AT      : AT< +CGREG: 1,1,"0003","005b","000e"
02-20 21:27:01.371  1375  1467 D AT      : AT< OK
02-20 21:27:01.371  1375  1465 D RIL     : parseRegistrationState. Parsing: +CGREG: 1,1,"0003","005b","000e"
02-20 21:27:01.371  1375  1465 D RIL     : registration state type: 3GPP
02-20 21:27:01.371  1375  1465 D RIL     : onRequest: VOICE_REGISTRATION_STATE
02-20 21:27:01.371  1375  1465 D RIL     : requestRegistrationState
02-20 21:27:01.371  1375  1465 D AT      : AT> AT+CREG?
02-20 21:27:01.371  1375  1467 D AT      : AT< +CREG: 2,1, "0003", "005b"
02-20 21:27:01.371  1375  1467 D AT      : AT< OK
02-20 21:27:01.371  1375  1465 D RIL     : parseRegistrationState. Parsing: +CREG: 2,1, "0003", "005b"
02-20 21:27:01.371  1375  1465 D RIL     : registration state type: 3GPP
02-20 21:27:01.371  1927  1927 D SST     : NITZ: 18/02/20:21:26:54+0:0:Unknown!Unknown,4127 start=12371 delay=8244
02-20 21:27:01.372  1927  1927 D SST     : NITZ: tzOffset=0 dst=0 zone=GMT iso= mGotCountryCode=false mNeedFixZoneAfterNitz=false
02-20 21:27:01.372  1927  2005 D RilRequest: [3659]< GET_IMEISV error: com.android.internal.telephony.CommandException: RADIO_NOT_AVAILABLE ret=
02-20 21:27:01.372  1927  2005 D RilRequest: [3660]< RIL_REQUEST_GET_RADIO_CAPABILITY error: com.android.internal.telephony.CommandException: RADIO_NOT_AVAILABLE ret=
02-20 21:27:01.372  1927  2005 D RilRequest: [3661]< RIL_REQUEST_START_LCE error: com.android.internal.telephony.CommandException: RADIO_NOT_AVAILABLE ret=
02-20 21:27:01.372  1927  2005 D RILJ    : [UNSL]< UNSOL_RESPONSE_RADIO_STATE_CHANGED RADIO_ON [SUB0]
02-20 21:27:01.372  1927  2005 D RILJ    : [UNSL]< UNSOL_RESPONSE_SIM_STATUS_CHANGED [SUB0]
02-20 21:27:01.372  1927  2005 D RILJ    : [3662]< RADIO_POWER  [SUB0]
02-20 21:27:01.373  1927  2005 D RILJ    : [3663]< OPERATOR {Android, Android, 310260} [SUB0]
02-20 21:27:01.373  1927  2005 D RILJ    : [3664]< DATA_REGISTRATION_STATE {1, 3, 5b, 14, null, null} [SUB0]
02-20 21:27:01.373  1927  2005 D RILJ    : [3665]< VOICE_REGISTRATION_STATE {1, 3, 5b, 0, null, null, null, null, null, null, null, null, null, null, null} [SUB0]
02-20 21:27:01.373  1927  1927 D SST     : setAndBroadcastNetworkSetTimeZone: setTimeZone=GMT
02-20 21:27:01.373  1655  1689 D AlarmManagerService: Kernel timezone updated to 0 minutes west of GMT
02-20 21:27:01.373  1375  1465 D RIL     : onRequest: QUERY_NETWORK_SELECTION_MODE
02-20 21:27:01.373  1375  1465 D AT      : AT> AT+COPS?
02-20 21:27:01.373  1375  1467 D AT      : AT< +COPS: 0,2,310260
02-20 21:27:01.373  1375  1467 D AT      : AT< OK
02-20 21:27:01.374  1927  2005 D RILJ    : [3666]< QUERY_NETWORK_SELECTION_MODE {0} [SUB0]
02-20 21:27:01.374  1927  1927 D SST     : setAndBroadcastNetworkSetTimeZone: call alarm.setTimeZone and broadcast zoneId=GMT
02-20 21:27:01.375  1927  1927 D SST     : NITZ: Setting time of day to Tue Feb 20 21:27:02 GMT+00:00 2018 NITZ receive delay(ms): 8248 gained(ms): 873 from 18/02/20:21:26:54+0:0:Unknown!Unknown
02-20 21:27:01.375  1927  1927 D SST     : setAndBroadcastNetworkSetTime: time=1519162022248ms
02-20 21:27:01.375  1655  1789 D AlarmManagerService: Setting time of day to sec=1519162022
02-20 21:27:02.248  1655  1789 W AlarmManagerService: Unable to set rtc to 1519162022: No such device
02-20 21:27:02.248  1655  1688 D TelephonyRegistry: listen oscl: hasNotifySubscriptionInfoChangedOccurred==false no callback
02-20 21:27:02.249  1655  1655 D ConditionProviders.SCP: onReceive android.intent.action.TIME_SET
02-20 21:27:02.249  1655  1655 D ConditionProviders.SCP: notifyCondition condition://android/schedule?days=6.7&start=23.30&end=10.0&exitAtAlarm=false STATE_FALSE reason=!meetsSchedule
02-20 21:27:02.250  1655  1655 D ConditionProviders.SCP: notifyCondition condition://android/schedule?days=1.2.3.4.5&start=22.0&end=7.0&exitAtAlarm=false STATE_FALSE reason=!meetsSchedule
02-20 21:27:02.250  1655  1655 D ConditionProviders.SCP: Scheduling evaluate for Tue Feb 20 22:00:00 GMT+00:00 2018 (1519164000000), in +32m57s751ms, now=Tue Feb 20 21:27:02 GMT+00:00 2018 (1519162022249)
02-20 21:27:02.253  1927  1927 I SST     : NITZ: after Setting time of day
02-20 21:27:02.254  1927  1927 D SST     : NITZ: end=12381 dur=10
02-20 21:27:02.254  1927  1927 D SST     : mDeviceShuttingDown=false, mDesiredPowerState=true, getRadioState=RADIO_ON, mPowerOffDelayNeed=true, mAlarmSwitch=false, mRadioDisabledByCarrier=false
02-20 21:27:02.254  1927  1927 D RILJ    : [3667]> OPERATOR [SUB0]
02-20 21:27:02.254  1927  1939 D SubscriptionController: [getActiveSubInfoList] Sub Controller not ready
02-20 21:27:02.255  1655  1747 E ActivityThread: Failed to find provider info for com.android.calendar
02-20 21:27:02.255  1927  1927 D RILJ    : [3668]> DATA_REGISTRATION_STATE [SUB0]
02-20 21:27:02.256  1655  1747 E ActivityThread: Failed to find provider info for com.android.calendar
02-20 21:27:02.256  1375  1465 D RIL     : onRequest: OPERATOR
02-20 21:27:02.256  1375  1465 D AT      : AT> AT+COPS=3,0;+COPS?;+COPS=3,1;+COPS?;+COPS=3,2;+COPS?
02-20 21:27:02.256  1375  1467 D AT      : AT< +COPS: 0,0,"Android"
02-20 21:27:02.256  1375  1467 D AT      : AT< +COPS: 0,1,"Android"
02-20 21:27:02.256  1375  1467 D AT      : AT< +COPS: 0,2,"310260"
02-20 21:27:02.256  1375  1467 D AT      : AT< OK
02-20 21:27:02.256  1927  2005 D RILJ    : [3667]< OPERATOR {Android, Android, 310260} [SUB0]
02-20 21:27:02.256  1927  1927 D RILJ    : [3669]> VOICE_REGISTRATION_STATE [SUB0]
02-20 21:27:02.256  1927  1927 D RILJ    : [3670]> QUERY_NETWORK_SELECTION_MODE [SUB0]
02-20 21:27:02.257  1375  1465 D RIL     : onRequest: DATA_REGISTRATION_STATE
02-20 21:27:02.257  1375  1465 D RIL     : requestRegistrationState
02-20 21:27:02.257  1375  1465 D AT      : AT> AT+CGREG?
02-20 21:27:02.257  1927  1927 D SST     : onSignalStrengthResult() Exception from RIL : com.android.internal.telephony.CommandException: RADIO_NOT_AVAILABLE
02-20 21:27:02.257  1375  1467 D AT      : AT< +CGREG: 1,1,"0003","005b","000e"
02-20 21:27:02.257  1375  1467 D AT      : AT< OK
02-20 21:27:02.257  1375  1465 D RIL     : parseRegistrationState. Parsing: +CGREG: 1,1,"0003","005b","000e"
02-20 21:27:02.257  1375  1465 D RIL     : registration state type: 3GPP
02-20 21:27:02.257  1375  1465 D RIL     : onRequest: VOICE_REGISTRATION_STATE
02-20 21:27:02.257  1375  1465 D RIL     : requestRegistrationState
02-20 21:27:02.257  1375  1465 D AT      : AT> AT+CREG?
02-20 21:27:02.257  1927  2005 D RILJ    : [3668]< DATA_REGISTRATION_STATE {1, 3, 5b, 14, null, null} [SUB0]
02-20 21:27:02.257  1375  1467 D AT      : AT< +CREG: 2,1, "0003", "005b"
02-20 21:27:02.257  1375  1467 D AT      : AT< OK
02-20 21:27:02.257  1375  1465 D RIL     : parseRegistrationState. Parsing: +CREG: 2,1, "0003", "005b"
02-20 21:27:02.257  1375  1465 D RIL     : registration state type: 3GPP
02-20 21:27:02.257  1375  1465 D RIL     : onRequest: QUERY_NETWORK_SELECTION_MODE
02-20 21:27:02.258  1375  1465 D AT      : AT> AT+COPS?
02-20 21:27:02.258  1927  2005 D RILJ    : [3669]< VOICE_REGISTRATION_STATE {1, 3, 5b, 0, null, null, null, null, null, null, null, null, null, null, null} [SUB0]
02-20 21:27:02.258  1927  1927 D DCT     : [0]NETWORK_STATE_CHANGED_ACTION: mIsWifiConnected=false
02-20 21:27:02.258  1927  1927 D DCT     : [0]Wifi state changed
02-20 21:27:02.258  1927  1927 D DCT     : [0]WIFI_STATE_CHANGED_ACTION: enabled=true mIsWifiConnected=false
02-20 21:27:02.258  1927  1927 D DCT     : [0]onRadioAvailable
02-20 21:27:02.258  1927  1927 D DCT     : [0]onRadioOffOrNotAvailable: is off and clean up all connections
02-20 21:27:02.258  1927  1927 D DCT     : [0]cleanUpAllConnections: tearDown=false reason=radioTurnedOff
02-20 21:27:02.258  1927  1927 D GsmCdmaPhone: [GsmCdmaPhone] getDataConnectionState apnType=default ret=DISCONNECTED
02-20 21:27:02.258  1375  1467 D AT      : AT< +COPS: 0,2,310260
02-20 21:27:02.258  1375  1467 D AT      : AT< OK
02-20 21:27:02.258  1927  2005 D RILJ    : [3670]< QUERY_NETWORK_SELECTION_MODE {0} [SUB0]
02-20 21:27:02.259  1764  1764 I CameraManagerGlobal: Connecting to camera service
02-20 21:27:02.260  1366  1366 V EmulatedCamera_Camera: getCameraInfo
02-20 21:27:02.260  1366  1366 V EmulatedCamera_BaseCamera: getCameraInfo
02-20 21:27:02.260  1366  1366 I CameraService: getCameraCharacteristics: Switching to HAL1 shim implementation...
02-20 21:27:02.260  1366  1366 V EmulatedCamera_Camera: getCameraInfo
02-20 21:27:02.260  1366  1366 V EmulatedCamera_BaseCamera: getCameraInfo
02-20 21:27:02.260  1366  1366 I CameraService: CameraService::connect call (PID -1 "cameraserver", camera ID 0) for HAL version default and Camera API version 1
02-20 21:27:02.260  1927  1927 D DCT     : [0]cleanUpConnection: X tearDown=false reason=radioTurnedOff apnContext={mApnType=default mState=IDLE mWaitingApns={null} mApnSetting={null} mReason=radioTurnedOff mDataEnabled=false mDependencyMet=true} dcac=null
02-20 21:27:02.260  1927  1927 D GsmCdmaPhone: [GsmCdmaPhone] getDataConnectionState apnType=mms ret=DISCONNECTED
02-20 21:27:02.260  1366  1366 E CameraService: getCameraPriorityFromProcState: Received invalid process state -1 from ActivityManagerService!
02-20 21:27:02.260  1366  1366 V EmulatedCamera_Camera: getCameraInfo
02-20 21:27:02.260  1366  1366 V EmulatedCamera_BaseCamera: getCameraInfo
02-20 21:27:02.261  1927  1927 D DCT     : [0]cleanUpConnection: X tearDown=false reason=radioTurnedOff apnContext={mApnType=mms mState=IDLE mWaitingApns={null} mApnSetting={null} mReason=radioTurnedOff mDataEnabled=false mDependencyMet=true} dcac=null
02-20 21:27:02.261  1927  1927 D GsmCdmaPhone: [GsmCdmaPhone] getDataConnectionState apnType=cbs ret=DISCONNECTED
02-20 21:27:02.262  1927  1939 D SubscriptionController: [getActiveSubInfoList] Sub Controller not ready
02-20 21:27:02.262  1927  1927 D DCT     : [0]cleanUpConnection: X tearDown=false reason=radioTurnedOff apnContext={mApnType=cbs mState=IDLE mWaitingApns={null} mApnSetting={null} mReason=radioTurnedOff mDataEnabled=false mDependencyMet=true} dcac=null
02-20 21:27:02.262  1927  1927 D GsmCdmaPhone: [GsmCdmaPhone] getDataConnectionState apnType=fota ret=DISCONNECTED
02-20 21:27:02.264  1927  1927 D DCT     : [0]cleanUpConnection: X tearDown=false reason=radioTurnedOff apnContext={mApnType=fota mState=IDLE mWaitingApns={null} mApnSetting={null} mReason=radioTurnedOff mDataEnabled=false mDependencyMet=true} dcac=null
02-20 21:27:02.264  1927  1927 D GsmCdmaPhone: [GsmCdmaPhone] getDataConnectionState apnType=supl ret=DISCONNECTED
02-20 21:27:02.267  1927  1927 D DCT     : [0]cleanUpConnection: X tearDown=false reason=radioTurnedOff apnContext={mApnType=supl mState=IDLE mWaitingApns={null} mApnSetting={null} mReason=radioTurnedOff mDataEnabled=false mDependencyMet=true} dcac=null
02-20 21:27:02.267  1927  1927 D GsmCdmaPhone: [GsmCdmaPhone] getDataConnectionState apnType=ia ret=DISCONNECTED
02-20 21:27:02.279  1373  2063 E WVMExtractor: Failed to open libwvm.so: dlopen failed: library "libwvm.so" not found
02-20 21:27:02.304  1927  1927 D DCT     : [0]cleanUpConnection: X tearDown=false reason=radioTurnedOff apnContext={mApnType=ia mState=IDLE mWaitingApns={null} mApnSetting={null} mReason=radioTurnedOff mDataEnabled=false mDependencyMet=true} dcac=null
02-20 21:27:02.304  1927  1927 D GsmCdmaPhone: [GsmCdmaPhone] getDataConnectionState apnType=emergency ret=DISCONNECTED
02-20 21:27:02.305  1373  2062 D NuPlayerDriver: notifyListener_l(0xe7428ea0), (1, 0, 0), loop setting(0, 0)
02-20 21:27:02.306  1927  1927 D DCT     : [0]cleanUpConnection: X tearDown=false reason=radioTurnedOff apnContext={mApnType=emergency mState=IDLE mWaitingApns={null} mApnSetting={null} mReason=radioTurnedOff mDataEnabled=false mDependencyMet=true} dcac=null
02-20 21:27:02.306  1927  1927 D GsmCdmaPhone: [GsmCdmaPhone] getDataConnectionState apnType=hipri ret=DISCONNECTED
02-20 21:27:02.310  1927  1927 D DCT     : [0]cleanUpConnection: X tearDown=false reason=radioTurnedOff apnContext={mApnType=hipri mState=IDLE mWaitingApns={null} mApnSetting={null} mReason=radioTurnedOff mDataEnabled=false mDependencyMet=true} dcac=null
02-20 21:27:02.310  1927  1927 D GsmCdmaPhone: [GsmCdmaPhone] getDataConnectionState apnType=ims ret=DISCONNECTED
02-20 21:27:02.312  1927  1927 D DCT     : [0]cleanUpConnection: X tearDown=false reason=radioTurnedOff apnContext={mApnType=ims mState=IDLE mWaitingApns={null} mApnSetting={null} mReason=radioTurnedOff mDataEnabled=false mDependencyMet=true} dcac=null
02-20 21:27:02.312  1927  1927 D DCT     : [0]stopNetStatPoll
02-20 21:27:02.313  1927  1927 D DCT     : [0]cleanUpConnection: mDisconnectPendingCount = 0
02-20 21:27:02.314  1927  1927 D DCT     : [0]isDataAllowed: No - Not attached - SIM not loaded
02-20 21:27:02.315  1373  2064 D NuPlayerDriver: notifyListener_l(0xe74290e0), (1, 0, 0), loop setting(0, 0)
02-20 21:27:02.320  1373  2066 D NuPlayerDriver: notifyListener_l(0xe7429140), (1, 0, 0), loop setting(0, 0)
02-20 21:27:01.440     0     0 D ieee80211 phy1: mac80211_hwsim_configure_filter
02-20 21:27:02.326  1366  1366 I CameraFlashlight: Opening camera 0
02-20 21:27:02.326  1366  1366 V EmulatedCamera_Camera: getCameraInfo
02-20 21:27:02.333  1366  1366 V EmulatedCamera_BaseCamera: getCameraInfo
02-20 21:27:02.333  1366  1366 V EmulatedCamera_Camera: connectCamera
02-20 21:27:02.333  1366  1366 V EmulatedCamera_FakeDevice: connectDevice
02-20 21:27:02.333  1366  1366 V EmulatedCamera_CallbackNotifier: setCallbacks: 0xf0983e80, 0xf0983ed0, 0xf0983ff0, 0xf0984110 (0xf0743320)
02-20 21:27:02.333  1366  1366 V EmulatedCamera_CallbackNotifier: enableMessage: msg_type = 0xc0d
02-20 21:27:02.333  1366  1366 V EmulatedCamera_CallbackNotifier:     CAMERA_MSG_ERROR
02-20 21:27:02.333  1366  1366 V EmulatedCamera_CallbackNotifier:     CAMERA_MSG_FOCUS
02-20 21:27:02.333  1366  1366 V EmulatedCamera_CallbackNotifier:     CAMERA_MSG_ZOOM
02-20 21:27:02.333  1366  1366 V EmulatedCamera_CallbackNotifier:     CAMERA_MSG_PREVIEW_METADATA
02-20 21:27:02.333  1366  1366 V EmulatedCamera_CallbackNotifier: **** Currently enabled messages:
02-20 21:27:02.333  1366  1366 V EmulatedCamera_CallbackNotifier:     CAMERA_MSG_ERROR
02-20 21:27:02.333  1366  1366 V EmulatedCamera_CallbackNotifier:     CAMERA_MSG_FOCUS
02-20 21:27:02.333  1366  1366 V EmulatedCamera_CallbackNotifier:     CAMERA_MSG_ZOOM
02-20 21:27:02.333  1366  1366 V EmulatedCamera_CallbackNotifier:     CAMERA_MSG_PREVIEW_METADATA
02-20 21:27:02.333  1366  1366 V EmulatedCamera_CallbackNotifier: disableMessage: msg_type = 0xffff
02-20 21:27:02.333  1366  1366 V EmulatedCamera_CallbackNotifier:     CAMERA_MSG_ERROR
02-20 21:27:02.333  1366  1366 V EmulatedCamera_CallbackNotifier:     CAMERA_MSG_SHUTTER
02-20 21:27:02.333  1366  1366 V EmulatedCamera_CallbackNotifier:     CAMERA_MSG_FOCUS
02-20 21:27:02.333  1366  1366 V EmulatedCamera_CallbackNotifier:     CAMERA_MSG_ZOOM
02-20 21:27:02.333  1366  1366 V EmulatedCamera_CallbackNotifier:     CAMERA_MSG_PREVIEW_FRAME
02-20 21:27:02.333  1366  1366 V EmulatedCamera_CallbackNotifier:     CAMERA_MSG_VIDEO_FRAME
02-20 21:27:02.333  1366  1366 V EmulatedCamera_CallbackNotifier:     CAMERA_MSG_POSTVIEW_FRAME
02-20 21:27:02.333  1366  1366 V EmulatedCamera_CallbackNotifier:     CAMERA_MSG_RAW_IMAGE
02-20 21:27:02.333  1366  1366 V EmulatedCamera_CallbackNotifier:     CAMERA_MSG_COMPRESSED_IMAGE
02-20 21:27:02.333  1366  1366 V EmulatedCamera_CallbackNotifier:     CAMERA_MSG_RAW_IMAGE_NOTIFY
02-20 21:27:02.333  1366  1366 V EmulatedCamera_CallbackNotifier:     CAMERA_MSG_PREVIEW_METADATA
02-20 21:27:02.333  1366  1366 V EmulatedCamera_CallbackNotifier: **** Currently enabled messages:
02-20 21:27:02.333  1366  1366 V EmulatedCamera_Preview: setPreviewWindow: current: 0x0 -> new: 0x0
02-20 21:27:02.334  1366  1366 V EmulatedCamera_Camera: doStopPreview
02-20 21:27:02.334  1366  1366 V EmulatedCamera_Camera: cancelPicture
02-20 21:27:02.334  1366  1366 V EmulatedCamera_Camera: releaseCamera
02-20 21:27:02.334  1366  1366 V EmulatedCamera_Camera: doStopPreview
02-20 21:27:02.334  1366  1366 V EmulatedCamera_FakeDevice: disconnectDevice
02-20 21:27:02.334  1366  1366 W EmulatedCamera_Device: Initialize: Emulated camera device is already initialized: mState = 1
02-20 21:27:02.334  1366  1366 D EmulatedCamera_FakeCamera: Initialize: Fake camera is facing back
02-20 21:27:02.334  1366  1366 V EmulatedCamera_Device: initializeWhiteBalanceModes with auto, 1.000000, 1.000000
02-20 21:27:02.334  1366  1366 V EmulatedCamera_Device: initializeWhiteBalanceModes with incandescent, 1.380000, 0.600000
02-20 21:27:02.334  1366  1366 V EmulatedCamera_Device: initializeWhiteBalanceModes with daylight, 1.090000, 0.920000
02-20 21:27:02.334  1366  1366 V EmulatedCamera_Device: initializeWhiteBalanceModes with twilight, 0.920000, 1.220000
02-20 21:27:02.334  1366  1366 V EmulatedCamera_Device: setWhiteBalanceMode with white balance auto
02-20 21:27:02.334  1366  1366 I CameraFlashlight: Destroying camera 0
02-20 21:27:02.334  1366  1366 V EmulatedCamera_Camera: closeCamera
02-20 21:27:02.334  1366  1366 V EmulatedCamera_Camera: doStopPreview
02-20 21:27:02.334  1366  1366 W EmulatedCamera_Device: Initialize: Emulated camera device is already initialized: mState = 1
02-20 21:27:02.334  1366  1366 D EmulatedCamera_FakeCamera: Initialize: Fake camera is facing back
02-20 21:27:02.334  1366  1366 V EmulatedCamera_Device: initializeWhiteBalanceModes with auto, 1.000000, 1.000000
02-20 21:27:02.334  1366  1366 V EmulatedCamera_Device: initializeWhiteBalanceModes with incandescent, 1.380000, 0.600000
02-20 21:27:02.334  1366  1366 V EmulatedCamera_Device: initializeWhiteBalanceModes with daylight, 1.090000, 0.920000
02-20 21:27:02.334  1366  1366 V EmulatedCamera_Device: initializeWhiteBalanceModes with twilight, 0.920000, 1.220000
02-20 21:27:02.334  1366  1366 V EmulatedCamera_Device: setWhiteBalanceMode with white balance auto
02-20 21:27:02.334  1366  1366 I CameraService: disconnect: Disconnected client for camera 0 for PID 1366
02-20 21:27:02.334  1927  1927 D DCT     : [0]onDataConnectionDetached: stop polling and notify detached
02-20 21:27:02.334  1927  1927 D DCT     : [0]stopNetStatPoll
02-20 21:27:02.334  1373  1857 D NuPlayerDriver: reset(0xe7428ea0) at state 4
02-20 21:27:02.334  1373  1857 D NuPlayerDriver: notifyListener_l(0xe7428ea0), (8, 0, 0), loop setting(0, 0)
02-20 21:27:02.334  1927  1927 D DCT     : [0]notifyDataConnection: reason=dataDetached
02-20 21:27:02.334  1373  2062 D NuPlayerDriver: notifyResetComplete(0xe7428ea0)
02-20 21:27:02.334  1927  1927 D DCT     : [0]isDataAllowed: No - Not attached - SIM not loaded
02-20 21:27:02.335  1373  1821 D NuPlayerDriver: reset(0xe74290e0) at state 4
02-20 21:27:02.335  1373  1821 D NuPlayerDriver: notifyListener_l(0xe74290e0), (8, 0, 0), loop setting(0, 0)
02-20 21:27:02.335  1373  2064 D NuPlayerDriver: notifyResetComplete(0xe74290e0)
02-20 21:27:02.336  1373  1821 D NuPlayerDriver: reset(0xe7429140) at state 4
02-20 21:27:02.336  1373  1821 D NuPlayerDriver: notifyListener_l(0xe7429140), (8, 0, 0), loop setting(0, 0)
02-20 21:27:02.336  1373  2066 D NuPlayerDriver: notifyResetComplete(0xe7429140)
02-20 21:27:02.336  1366  2061 V EmulatedCamera_Camera: getCameraInfo
02-20 21:27:02.336  1366  2061 V EmulatedCamera_BaseCamera: getCameraInfo
02-20 21:27:02.336  1366  2061 V EmulatedCamera_Camera: getCameraInfo
02-20 21:27:02.336  1366  2061 V EmulatedCamera_BaseCamera: getCameraInfo
02-20 21:27:02.348  1927  1927 D DCT     : [0]onRoamingOff
02-20 21:27:02.350  1927  1927 D DCT     : [0]isDataAllowed: No - Not attached - SIM not loaded
02-20 21:27:02.363  1927  1927 D DCT     : [0]setupDataOnConnectableApns: roamingOff hipri:[state=IDLE,enabled=false] mms:[state=IDLE,enabled=false] supl:[state=IDLE,enabled=false] ia:[state=IDLE,enabled=false] fota:[state=IDLE,enabled=false] ims:[state=IDLE,enabled=false] cbs:[state=IDLE,enabled=false] default:[state=IDLE,enabled=false] emergency:[state=IDLE,enabled=false] 
02-20 21:27:02.363  1927  1927 D DCT     : [0]setupDataOnConnectableApns: nwTypeChanged hipri:[state=IDLE,enabled=false] mms:[state=IDLE,enabled=false] supl:[state=IDLE,enabled=false] ia:[state=IDLE,enabled=false] fota:[state=IDLE,enabled=false] ims:[state=IDLE,enabled=false] cbs:[state=IDLE,enabled=false] default:[state=IDLE,enabled=false] emergency:[state=IDLE,enabled=false] 
02-20 21:27:02.363  1927  1927 D SubscriptionInfoUpdater: [Receiver]+
02-20 21:27:02.363  1927  1927 D SubscriptionInfoUpdater: Action: android.intent.action.SIM_STATE_CHANGED
02-20 21:27:02.363  1927  1927 D SubscriptionInfoUpdater: slotId: 0
02-20 21:27:02.363  1927  1927 D SubscriptionInfoUpdater: simStatus: NOT_READY
02-20 21:27:02.363  1927  1927 D SubscriptionInfoUpdater: Ignoring simStatus: NOT_READY
02-20 21:27:02.363  1927  1927 D SubscriptionInfoUpdater: [Receiver]-
02-20 21:27:02.363  1927  1927 D PhoneSwitcherNetworkRequstListener: got request NetworkRequest [ REQUEST id=1, [ Capabilities: INTERNET&NOT_RESTRICTED&TRUSTED&NOT_VPN] ] with score 0
02-20 21:27:02.363  1927  1927 D TelephonyNetworkFactory[0]: onSubIdChange -1->-2
02-20 21:27:02.364  1927  1927 D TelephonyNetworkFactory[0]: got request NetworkRequest [ REQUEST id=1, [ Capabilities: INTERNET&NOT_RESTRICTED&TRUSTED&NOT_VPN] ] with score 0
02-20 21:27:02.366  1927  1927 D DebugService: DebugService DebugService:
02-20 21:27:02.366  1927  1927 D TelephonyDebugService: TelephonyDebugService()
02-20 21:27:02.373  1927  1927 D CarrierConfigLoader: mHandler: 12 phoneId: 0
02-20 21:27:02.385  1927  1927 D RILJ    : [3671]> RIL_REQUEST_QUERY_TTY_MODE [SUB0]
02-20 21:27:02.386  1927  1927 D GsmSMSDispatcher: GsmSMSDispatcher: subId = -2 slotId = 0
02-20 21:27:02.386  1927  1927 E IccCardProxy: setExternalState: !override and newstate unchanged from NOT_READY
02-20 21:27:02.386  1927  1927 D UiccController: Received EVENT_GET_ICC_STATUS_DONE
02-20 21:27:02.386  1927  1927 D UiccCard: 2 applications
02-20 21:27:02.386  1375  1465 D RIL     : onRequest: QUERY_TTY_MODE
02-20 21:27:02.386  1375  1465 D RIL     : Request not supported. Tech: 1
02-20 21:27:02.386  1927  1927 D UiccCardApplication: Creating UiccApp: {APPTYPE_SIM,APPSTATE_DETECTED}
02-20 21:27:02.386  1927  2005 D RilRequest: [3671]< RIL_REQUEST_QUERY_TTY_MODE error: com.android.internal.telephony.CommandException: REQUEST_NOT_SUPPORTED ret=
02-20 21:27:02.388  1927  1927 W VoiceMailConstants: Can't open /system/etc/voicemail-conf.xml
02-20 21:27:02.388  1927  1927 D SpnOverride: No SPN in OEM image = /oem/telephony/spn-conf.xml Load SPN from system image
02-20 21:27:02.388  1927  1927 W SpnOverride: Can not open /system/etc/spn-conf.xml
02-20 21:27:02.388  1927  1927 D SIMRecords: [SIMRecords] setting0 mMncLength-1
02-20 21:27:02.388  1927  1927 D SIMRecords: [SIMRecords] SIMRecords: onRadioOffOrNotAvailable set 'gsm.sim.operator.numeric' to operator=null
02-20 21:27:02.388  1927  1927 D SIMRecords: [SIMRecords] update icc_operator_numeric=null
02-20 21:27:02.388  1927  1927 D TelephonyManager: setTelephonyProperty: success phoneId=0 property=gsm.sim.operator.numeric value:  propVal=
02-20 21:27:02.388  1764  1764 I StatusBar: isKeyguardShowing() called before startKeyguard(), returning true
02-20 21:27:02.389  1764  1764 W StatusBar: isKeyguardSecure() called before startKeyguard(), returning false
02-20 21:27:02.389  1764  1764 W StatusBar: java.lang.Throwable
02-20 21:27:02.389  1764  1764 W StatusBar: 	at com.android.systemui.statusbar.BaseStatusBar.isKeyguardSecure(BaseStatusBar.java:2647)
02-20 21:27:02.389  1764  1764 W StatusBar: 	at com.android.systemui.statusbar.BaseStatusBar.isCameraAllowedByAdmin(BaseStatusBar.java:2670)
02-20 21:27:02.389  1764  1764 W StatusBar: 	at com.android.systemui.statusbar.phone.KeyguardBottomAreaView.updateCameraVisibility(KeyguardBottomAreaView.java:309)
02-20 21:27:02.389  1764  1764 W StatusBar: 	at com.android.systemui.statusbar.phone.KeyguardBottomAreaView.setPhoneStatusBar(KeyguardBottomAreaView.java:272)
02-20 21:27:02.389  1764  1764 W StatusBar: 	at com.android.systemui.statusbar.phone.PhoneStatusBar.makeStatusBarView(PhoneStatusBar.java:904)
02-20 21:27:02.389  1764  1764 W StatusBar: 	at com.android.systemui.statusbar.phone.PhoneStatusBar.addStatusBarWindow(PhoneStatusBar.java:3432)
02-20 21:27:02.389  1764  1764 W StatusBar: 	at com.android.systemui.statusbar.phone.PhoneStatusBar.createAndAddWindows(PhoneStatusBar.java:3428)
02-20 21:27:02.389  1764  1764 W StatusBar: 	at com.android.systemui.statusbar.BaseStatusBar.start(BaseStatusBar.java:765)
02-20 21:27:02.389  1764  1764 W StatusBar: 	at com.android.systemui.statusbar.phone.PhoneStatusBar.start(PhoneStatusBar.java:686)
02-20 21:27:02.389  1764  1764 W StatusBar: 	at com.android.systemui.statusbar.SystemBars.createStatusBarFromConfig(SystemBars.java:106)
02-20 21:27:02.389  1764  1764 W StatusBar: 	at com.android.systemui.statusbar.SystemBars.onNoService(SystemBars.java:58)
02-20 21:27:02.389  1764  1764 W StatusBar: 	at com.android.systemui.statusbar.ServiceMonitor.startService(ServiceMonitor.java:230)
02-20 21:27:02.389  1764  1764 W StatusBar: 	at com.android.systemui.statusbar.ServiceMonitor.-wrap5(ServiceMonitor.java)
02-20 21:27:02.389  1764  1764 W StatusBar: 	at com.android.systemui.statusbar.ServiceMonitor$1.handleMessage(ServiceMonitor.java:73)
02-20 21:27:02.389  1764  1764 W StatusBar: 	at android.os.Handler.dispatchMessage(Handler.java:102)
02-20 21:27:02.389  1764  1764 W StatusBar: 	at android.os.Looper.loop(Looper.java:154)
02-20 21:27:02.389  1764  1764 W StatusBar: 	at android.app.ActivityThread.main(ActivityThread.java:6119)
02-20 21:27:02.389  1764  1764 W StatusBar: 	at java.lang.reflect.Method.invoke(Native Method)
02-20 21:27:02.389  1764  1764 W StatusBar: 	at com.android.internal.os.ZygoteInit$MethodAndArgsCaller.run(ZygoteInit.java:886)
02-20 21:27:02.389  1764  1764 W StatusBar: 	at com.android.internal.os.ZygoteInit.main(ZygoteInit.java:776)
02-20 21:27:02.389  1927  1927 D TelephonyManager: setTelephonyProperty: success phoneId=0 property=gsm.sim.operator.alpha value:  propVal=
02-20 21:27:02.389  1927  1927 D TelephonyManager: setTelephonyProperty: success phoneId=0 property=gsm.sim.operator.iso-country value:  propVal=
02-20 21:27:02.389  1927  1927 D SIMRecords: [SIMRecords] getOperatorNumeric: IMSI == null
02-20 21:27:02.389  1927  1927 D SIMRecords: [SIMRecords] SIMRecords X ctor this=SimRecords: mDestroyed=false mContext=com.android.phone.PhoneGlobals@f0fec94 mCi=com.android.internal.telephony.RIL@7b3ad46 mFh=Handler (com.android.internal.telephony.uicc.SIMFileHandler) {255033d} mParentApp=com.android.internal.telephony.uicc.UiccCardApplication@35d2732 recordsLoadedRegistrants=android.os.RegistrantList@3471c83 mImsiReadyRegistrants=android.os.RegistrantList@493e00 mRecordsEventsRegistrants=android.os.RegistrantList@4139639 mNewSmsRegistrants=android.os.RegistrantList@d32847e mNetworkSelectionModeAutomaticRegistrants=android.os.RegistrantList@a54fddf recordsToLoad=0 adnCache=Handler (com.android.internal.telephony.uicc.AdnRecordCache) {5043a2c} recordsRequested=false iccid=null msisdnTag=null voiceMailNum=null voiceMailTag=null voiceMailNum=null newVoiceMailTag=null isVoiceMailFixed=false mImsi=null mncLength=-1 mailboxIndex=0 spn=null mVmConfigcom.android.internal.telephony.uicc.VoiceMailConstants@68e5cf5 mSpnOverride=mSpnOverride callForwardingEnabled=0 spnState=null mCphsInfo=null mCspPlmnEnabled=true efMWIS=null efCPHS_MWI=null mEfCff=null mEfCfis=null getOperatorNumeric=null
02-20 21:27:02.390  1764  1764 I StatusBar: isKeyguardShowing() called before startKeyguard(), returning true
02-20 21:27:02.390  1764  1764 W StatusBar: isKeyguardSecure() called before startKeyguard(), returning false
02-20 21:27:02.390  1764  1764 W StatusBar: java.lang.Throwable
02-20 21:27:02.390  1764  1764 W StatusBar: 	at com.android.systemui.statusbar.BaseStatusBar.isKeyguardSecure(BaseStatusBar.java:2647)
02-20 21:27:02.390  1764  1764 W StatusBar: 	at com.android.systemui.statusbar.BaseStatusBar.isCameraAllowedByAdmin(BaseStatusBar.java:2670)
02-20 21:27:02.390  1764  1764 W StatusBar: 	at com.android.systemui.statusbar.phone.KeyguardBottomAreaView.updateCameraVisibility(KeyguardBottomAreaView.java:309)
02-20 21:27:02.390  1764  1764 W StatusBar: 	at com.android.systemui.statusbar.phone.KeyguardBottomAreaView.setUserSetupComplete(KeyguardBottomAreaView.java:281)
02-20 21:27:02.390  1764  1764 W StatusBar: 	at com.android.systemui.statusbar.phone.PhoneStatusBar.makeStatusBarView(PhoneStatusBar.java:905)
02-20 21:27:02.390  1764  1764 W StatusBar: 	at com.android.systemui.statusbar.phone.PhoneStatusBar.addStatusBarWindow(PhoneStatusBar.java:3432)
02-20 21:27:02.390  1764  1764 W StatusBar: 	at com.android.systemui.statusbar.phone.PhoneStatusBar.createAndAddWindows(PhoneStatusBar.java:3428)
02-20 21:27:02.390  1764  1764 W StatusBar: 	at com.android.systemui.statusbar.BaseStatusBar.start(BaseStatusBar.java:765)
02-20 21:27:02.390  1764  1764 W StatusBar: 	at com.android.systemui.statusbar.phone.PhoneStatusBar.start(PhoneStatusBar.java:686)
02-20 21:27:02.390  1764  1764 W StatusBar: 	at com.android.systemui.statusbar.SystemBars.createStatusBarFromConfig(SystemBars.java:106)
02-20 21:27:02.390  1764  1764 W StatusBar: 	at com.android.systemui.statusbar.SystemBars.onNoService(SystemBars.java:58)
02-20 21:27:02.390  1764  1764 W StatusBar: 	at com.android.systemui.statusbar.ServiceMonitor.startService(ServiceMonitor.java:230)
02-20 21:27:02.390  1764  1764 W StatusBar: 	at com.android.systemui.statusbar.ServiceMonitor.-wrap5(ServiceMonitor.java)
02-20 21:27:02.390  1764  1764 W StatusBar: 	at com.android.systemui.statusbar.ServiceMonitor$1.handleMessage(ServiceMonitor.java:73)
02-20 21:27:02.390  1764  1764 W StatusBar: 	at android.os.Handler.dispatchMessage(Handler.java:102)
02-20 21:27:02.390  1764  1764 W StatusBar: 	at android.os.Looper.loop(Looper.java:154)
02-20 21:27:02.390  1764  1764 W StatusBar: 	at android.app.ActivityThread.main(ActivityThread.java:6119)
02-20 21:27:02.390  1764  1764 W StatusBar: 	at java.lang.reflect.Method.invoke(Native Method)
02-20 21:27:02.390  1764  1764 W StatusBar: 	at com.android.internal.os.ZygoteInit$MethodAndArgsCaller.run(ZygoteInit.java:886)
02-20 21:27:02.390  1764  1764 W StatusBar: 	at com.android.internal.os.ZygoteInit.main(ZygoteInit.java:776)
02-20 21:27:02.399  1655  1968 I am_proc_start: [0,2070,10067,com.google.android.deskclock,broadcast,com.google.android.deskclock/com.android.deskclock.AlarmInitReceiver]
02-20 21:27:02.400  1655  1968 I ActivityManager: Start proc 2070:com.google.android.deskclock/u0a67 for broadcast com.google.android.deskclock/com.android.deskclock.AlarmInitReceiver
02-20 21:27:02.404  1927  1927 D UiccCardApplication: Creating UiccApp: {APPTYPE_RUIM,APPSTATE_DETECTED}
02-20 21:27:02.405  1927  1927 D RuimRecords: [RuimRecords] setting0 mMncLength-1
