02-20 21:26:59.145  1655  1655 D WebViewFactory: Setting new address space to 137955392
02-20 21:26:59.172  1655  1655 I Zygote  : Process: zygote socket opened, supported ABIS: x86
02-20 21:26:59.180  1364  1553 I art     : Starting a blocking GC HeapTrim
02-20 21:26:59.192  1267  1303 V vold    : /dev/block/vold/disk:253,64: LABEL="SDCARD" UUID="1E12-0B12" TYPE="vfat" 
02-20 21:26:59.195  1267  1303 V vold    : 
02-20 21:26:59.201  1764  1764 W System  : ClassLoader referenced unknown path: /system/priv-app/SystemUIGoogle/lib/x86_64
02-20 21:26:59.214  1364  1364 I art     : Starting a blocking GC Background
02-20 21:26:59.217  1655  1728 D VoldConnector: RCV <- {650 public:253,64 0 "disk:253,64" ""}
02-20 21:26:59.222  1655  1728 D VoldConnector: RCV <- {651 public:253,64 0}
02-20 21:26:59.223  1655  1728 D VoldConnector: RCV <- {643 disk:253,64}
02-20 21:26:59.223  1655  1728 D VoldConnector: RCV <- {200 3 Command succeeded}
02-20 21:26:59.223  1655  1727 D VoldConnector: SND -> {4 volume user_added 0 0}
02-20 21:26:59.223  1655  1728 D VoldConnector: RCV <- {200 4 Command succeeded}
02-20 21:26:59.230  1655  1791 E WVMExtractor: Failed to open libwvm.so: dlopen failed: library "libwvm.so" not found
02-20 21:26:59.251     0     0 D ieee80211 phy1: hw scan 2432 MHz
02-20 21:26:59.274  1373  1373 I MediaPlayerService: MediaPlayerService::getOMX
02-20 21:26:59.277  1373  1373 I OMXClient: MuxOMX ctor
02-20 21:26:59.285  1373  1373 I MediaPlayerService: MediaPlayerService::getOMX
02-20 21:26:59.285  1373  1373 I OMXClient: MuxOMX ctor
02-20 21:26:59.286  1370  1370 I OMXMaster: makeComponentInstance(OMX.google.mp3.decoder) in mediacodec process
02-20 21:26:59.298  1655  1655 W ActivityManager: Slow operation: 137ms so far, now at startProcess: returned from zygote!
02-20 21:26:59.298  1655  1655 W ActivityManager: Slow operation: 137ms so far, now at startProcess: done updating battery stats
02-20 21:26:59.298  1655  1655 I am_proc_start: [0,1797,1037,WebViewLoader-x86,,]
02-20 21:26:59.298  1655  1655 W ActivityManager: Slow operation: 137ms so far, now at startProcess: building log message
02-20 21:26:59.298  1655  1655 I ActivityManager: Start proc 1797:WebViewLoader-x86/1037 [android.webkit.WebViewFactory$RelroFileCreator] for 
02-20 21:26:59.298  1655  1655 W ActivityManager: Slow operation: 137ms so far, now at startProcess: starting to update pids map
02-20 21:26:59.298  1655  1655 W ActivityManager: Slow operation: 137ms so far, now at startProcess: done updating pids map
02-20 21:26:59.298  1655  1655 W ActivityManager: Slow operation: 137ms so far, now at startProcess: done starting proc!
02-20 21:26:59.309  1655  1655 I am_proc_start: [0,1802,1037,WebViewLoader-x86_64,,]
02-20 21:26:59.309  1655  1655 I ActivityManager: Start proc 1802:WebViewLoader-x86_64/1037 [android.webkit.WebViewFactory$RelroFileCreator] for 
02-20 21:26:59.311  1655  1727 D VoldConnector: SND -> {5 volume mount emulated 3 -1}
02-20 21:26:59.311  1655  1655 D NetworkManagement: enabling bandwidth control
02-20 21:26:59.313  1802  1802 W art     : Unexpected CPU variant for X86 using defaults: x86_64
02-20 21:26:59.313  1267  1303 V vold    : Waiting for FUSE to spin up...
02-20 21:26:59.313  1655  1728 D VoldConnector: RCV <- {651 emulated 1}
02-20 21:26:59.313  1655  1728 D VoldConnector: RCV <- {656 emulated /data/media}
02-20 21:26:59.313  1655  1728 D VoldConnector: RCV <- {655 emulated /storage/emulated}
02-20 21:26:59.333  1802  1802 V WebViewFactory: RelroFileCreator (64bit = true),  32-bit lib: /system/app/Chrome/Chrome.apk!/lib/x86/libmonochrome.so, 64-bit lib: /system/app/Chrome/Chrome.apk!/lib/x86_64/libmonochrome.so
02-20 21:26:59.358  1797  1797 W art     : Unexpected CPU variant for X86 using defaults: x86
02-20 21:26:59.361  1373  1373 I MediaPlayerService: MediaPlayerService::getOMX
02-20 21:26:59.361  1373  1373 I OMXClient: MuxOMX ctor
02-20 21:26:59.362  1370  1370 I OMXMaster: makeComponentInstance(OMX.google.amrnb.decoder) in mediacodec process
02-20 21:26:59.366  1267  1303 V vold    : Waiting for FUSE to spin up...
02-20 21:26:59.369  1373  1373 I MediaPlayerService: MediaPlayerService::getOMX
02-20 21:26:59.369  1373  1373 I OMXClient: MuxOMX ctor
02-20 21:26:59.369  1370  1370 I OMXMaster: makeComponentInstance(OMX.google.amrwb.decoder) in mediacodec process
02-20 21:26:59.374  1373  1373 I MediaPlayerService: MediaPlayerService::getOMX
02-20 21:26:59.374  1373  1373 I OMXClient: MuxOMX ctor
02-20 21:26:59.375  1370  1370 I OMXMaster: makeComponentInstance(OMX.google.aac.decoder) in mediacodec process
02-20 21:26:59.375  1809  1809 W sdcard  : Device explicitly disabled sdcardfs
02-20 21:26:59.370     0     0 D ieee80211 phy1: hw scan 2437 MHz
02-20 21:26:59.389     0     0 D SELinux : initialized (dev fuse, type fuse), uses genfs_contexts
02-20 21:26:59.390     0     0 D SELinux : initialized (dev fuse, type fuse), uses genfs_contexts
02-20 21:26:59.390     0     0 D SELinux : initialized (dev fuse, type fuse), uses genfs_contexts
02-20 21:26:59.393  1373  1373 I MediaPlayerService: MediaPlayerService::getOMX
02-20 21:26:59.393  1373  1373 I OMXClient: MuxOMX ctor
02-20 21:26:59.393  1370  1370 I OMXMaster: makeComponentInstance(OMX.google.g711.alaw.decoder) in mediacodec process
02-20 21:26:59.394  1757  1757 I LatinIME: Hardware accelerated drawing: true
02-20 21:26:59.407  1655  1735 D WifiController: DEFERRED_TOGGLE handled
02-20 21:26:59.500     0     0 D ieee80211 phy1: hw scan 2442 MHz
02-20 21:26:59.421  1655  1728 D VoldConnector: RCV <- {651 emulated 2}
02-20 21:26:59.421  1655  1728 D VoldConnector: RCV <- {200 5 Command succeeded}
02-20 21:26:59.422  1655  1727 D VoldConnector: SND -> {6 volume mount public:253,64 2 0}
02-20 21:26:59.423  1267  1303 V vold    : /system/bin/blkid
02-20 21:26:59.423  1267  1303 V vold    :     -c
02-20 21:26:59.423  1267  1303 V vold    :     /dev/null
02-20 21:26:59.423  1267  1303 V vold    :     -s
02-20 21:26:59.423  1267  1303 V vold    :     TYPE
02-20 21:26:59.423  1267  1303 V vold    :     -s
02-20 21:26:59.423  1267  1303 V vold    :     UUID
02-20 21:26:59.423  1267  1303 V vold    :     -s
02-20 21:26:59.423  1267  1303 V vold    :     LABEL
02-20 21:26:59.423  1267  1303 V vold    :     /dev/block/vold/public:253,64
02-20 21:26:59.423  1655  1728 D VoldConnector: RCV <- {651 public:253,64 1}
02-20 21:26:59.433  1797  1797 V WebViewFactory: RelroFileCreator (64bit = false),  32-bit lib: /system/app/Chrome/Chrome.apk!/lib/x86/libmonochrome.so, 64-bit lib: /system/app/Chrome/Chrome.apk!/lib/x86_64/libmonochrome.so
02-20 21:26:59.485  1764  1764 V SystemUIService: Starting SystemUI services for user 0.
02-20 21:26:59.499  1374  1687 D SoftapController: Softap fwReload - Ok
02-20 21:26:59.502  1267  1303 V vold    : /dev/block/vold/public:253,64: LABEL="SDCARD" UUID="1E12-0B12" TYPE="vfat" 
02-20 21:26:59.502  1267  1303 V vold    : 
02-20 21:26:59.509  1267  1303 V vold    : /system/bin/fsck_msdos
02-20 21:26:59.509  1267  1303 V vold    :     -p
02-20 21:26:59.509  1267  1303 V vold    :     -f
02-20 21:26:59.509  1267  1303 V vold    :     /dev/block/vold/public:253,64
02-20 21:26:59.509  1655  1728 D VoldConnector: RCV <- {652 public:253,64 vfat}
02-20 21:26:59.509  1655  1728 D VoldConnector: RCV <- {653 public:253,64 1E12-0B12}
02-20 21:26:59.509  1655  1728 D VoldConnector: RCV <- {654 public:253,64 SDCARD}
02-20 21:26:59.535  1757  1757 W InputAttributes: No editor info for this field. Bug?
02-20 21:26:59.540  1764  1764 V MediaRouter: Adding route: RouteInfo{ name=Phone, description=null, status=null, category=RouteCategory{ name=null types=ROUTE_TYPE_LIVE_AUDIO ROUTE_TYPE_LIVE_VIDEO  groupable=false }, supportedTypes=ROUTE_TYPE_LIVE_AUDIO ROUTE_TYPE_LIVE_VIDEO , presentationDisplay=null }
02-20 21:26:59.552  1267  1303 I fsck_msdos: ** /dev/block/vold/public:253,64
02-20 21:26:59.553  1764  1764 V MediaRouter: Updating audio routes: AudioRoutesInfo{ type=SPEAKER }
02-20 21:26:59.553  1764  1764 V MediaRouter: Selecting route: RouteInfo{ name=Phone, description=null, status=null, category=RouteCategory{ name=null types=ROUTE_TYPE_LIVE_AUDIO ROUTE_TYPE_LIVE_VIDEO  groupable=false }, supportedTypes=ROUTE_TYPE_LIVE_AUDIO ROUTE_TYPE_LIVE_VIDEO , presentationDisplay=null }
02-20 21:26:59.558  1267  1303 I fsck_msdos: ** Phase 1 - Read and Compare FATs
02-20 21:26:59.558  1267  1303 I fsck_msdos: Attempting to allocate 1022 KB for FAT
02-20 21:26:59.565  1373  1373 I MediaPlayerService: MediaPlayerService::getOMX
02-20 21:26:59.566  1373  1373 I OMXClient: MuxOMX ctor
02-20 21:26:59.566  1370  1855 I OMXMaster: makeComponentInstance(OMX.google.g711.mlaw.decoder) in mediacodec process
02-20 21:26:59.581  1655  1788 D TelephonyRegistry: listen oscl: hasNotifySubscriptionInfoChangedOccurred==false no callback
02-20 21:26:59.594  1757  1859 I LatinIME:LogUtils: Dictionary info: dictionary = userunigram.en_US ; version = 1519162019 ; date = ?
02-20 21:26:59.623  1267  1303 I fsck_msdos: Attempting to allocate 1022 KB for FAT
02-20 21:26:59.620     0     0 D ieee80211 phy1: hw scan 2447 MHz
02-20 21:26:59.649  1757  1859 E ActivityThread: Failed to find provider info for user_dictionary
02-20 21:26:59.649  1757  1859 I LatinIME:LogUtils: Dictionary info: dictionary = UserHistoryDictionary.en_US ; version = 1519162019 ; date = ?
02-20 21:26:59.666  1373  1373 I MediaPlayerService: MediaPlayerService::getOMX
02-20 21:26:59.666  1373  1373 I OMXClient: MuxOMX ctor
02-20 21:26:59.666  1370  1855 I OMXMaster: makeComponentInstance(OMX.google.vorbis.decoder) in mediacodec process
02-20 21:26:59.676  1797  1797 I art     : System.exit called, status: 0
02-20 21:26:59.676  1797  1797 I AndroidRuntime: VM exiting with result code 0, cleanup skipped.
02-20 21:26:59.683  1802  1802 I art     : System.exit called, status: 0
02-20 21:26:59.683  1802  1802 I AndroidRuntime: VM exiting with result code 0, cleanup skipped.
02-20 21:26:59.691  1764  1866 E WVMExtractor: Failed to open libwvm.so: dlopen failed: library "libwvm.so" not found
02-20 21:26:59.708  1267  1303 I fsck_msdos: ** Phase 2 - Check Cluster Chains
02-20 21:26:59.709  1373  1373 I MediaPlayerService: MediaPlayerService::getOMX
02-20 21:26:59.709  1373  1373 I OMXClient: MuxOMX ctor
02-20 21:26:59.709  1370  1855 I OMXMaster: makeComponentInstance(OMX.google.opus.decoder) in mediacodec process
02-20 21:26:59.712  1267  1303 I fsck_msdos: ** Phase 3 - Checking Directories
02-20 21:26:59.712  1267  1303 I fsck_msdos: ** Phase 4 - Checking for Lost Files
02-20 21:26:59.713  1267  1303 I fsck_msdos: 27 files, 522176 free (261088 clusters)
02-20 21:26:59.720  1267  1303 I Vold    : Filesystem check completed OK
02-20 21:26:59.720  1655  1728 D VoldConnector: RCV <- {656 public:253,64 /mnt/media_rw/1E12-0B12}
02-20 21:26:59.721  1655  1728 D VoldConnector: RCV <- {655 public:253,64 /storage/1E12-0B12}
02-20 21:26:59.721  1655  1655 W NetworkManagement: setDataSaverMode(): already false
02-20 21:26:59.722  1374  1687 D CommandListener: Setting iface cfg
02-20 21:26:59.722  1374  1687 D CommandListener: Trying to bring down wlan0
02-20 21:26:59.722  1374  1687 D CommandListener: Clearing all IP addresses on wlan0
02-20 21:26:59.723  1655  1736 E WifiMonitor: killSupplicant p2pfalse init.svc.wpa_supplicant=unknown init.svc.p2p_supplicant=unknown
02-20 21:26:59.723  1655  1736 E wifi    : Can not initialize the vendor function pointer table
02-20 21:26:59.723  1655  1736 E WifiNative-HAL: Could not start hal
02-20 21:26:59.723  1655  1736 E WifiStateMachine: Failed to start HAL
02-20 21:26:59.724     0     0 W FAT-fs (vde): Volume was not properly unmounted. Some data may be corrupt. Please run fsck.
02-20 21:26:59.725     0     0 D SELinux : initialized (dev vde, type vfat), uses genfs_contexts
02-20 21:26:59.731     0     0 I init    : Starting service 'wpa_supplicant'...
02-20 21:26:59.744     0     0 D ieee80211 phy1: hw scan 2452 MHz
02-20 21:26:59.754     0     0 D SELinux : initialized (dev fuse, type fuse), uses genfs_contexts
02-20 21:26:59.777     0     0 D SELinux : initialized (dev fuse, type fuse), uses genfs_contexts
02-20 21:26:59.779     0     0 D SELinux : initialized (dev fuse, type fuse), uses genfs_contexts
02-20 21:26:59.728  1267  1303 V vold    : Waiting for FUSE to spin up...
02-20 21:26:59.732  1655  1736 D WifiMonitor: startMonitoring(wlan0) with mConnected = false
02-20 21:26:59.733  1655  1736 E WifiHW  : Unable to open connection to supplicant on "@android:wpa_wlan0": No such file or directory
02-20 21:26:59.735  1873  1873 W sdcard  : Device explicitly disabled sdcardfs
02-20 21:26:59.778  1373  1373 I MediaPlayerService: MediaPlayerService::getOMX
02-20 21:26:59.778  1373  1373 I OMXClient: MuxOMX ctor
02-20 21:26:59.778  1370  1855 I OMXMaster: makeComponentInstance(OMX.google.raw.decoder) in mediacodec process
02-20 21:26:59.779  1267  1303 V vold    : Waiting for FUSE to spin up...
02-20 21:26:59.784  1373  1373 I MediaPlayerService: MediaPlayerService::getOMX
02-20 21:26:59.784  1373  1373 I OMXClient: MuxOMX ctor
02-20 21:26:59.784  1370  1370 I OMXMaster: makeComponentInstance(OMX.google.aac.encoder) in mediacodec process
02-20 21:26:59.791  1373  1373 I MediaPlayerService: MediaPlayerService::getOMX
02-20 21:26:59.791  1373  1373 I OMXClient: MuxOMX ctor
02-20 21:26:59.792  1370  1400 I OMXMaster: makeComponentInstance(OMX.google.amrnb.encoder) in mediacodec process
02-20 21:26:59.798  1373  1373 I MediaPlayerService: MediaPlayerService::getOMX
02-20 21:26:59.798  1373  1373 I OMXClient: MuxOMX ctor
02-20 21:26:59.798  1370  1855 I OMXMaster: makeComponentInstance(OMX.google.amrwb.encoder) in mediacodec process
02-20 21:26:59.801  1373  1373 I MediaPlayerService: MediaPlayerService::getOMX
02-20 21:26:59.801  1373  1373 I OMXClient: MuxOMX ctor
02-20 21:26:59.801  1370  1370 I OMXMaster: makeComponentInstance(OMX.google.flac.encoder) in mediacodec process
02-20 21:26:59.828  1757  1859 I LatinIME:LogUtils: Dictionary info: dictionary = main:en ; version = 54 ; date = 1414726273
02-20 21:26:59.830  1655  1728 D VoldConnector: RCV <- {651 public:253,64 2}
02-20 21:26:59.830  1655  1728 D VoldConnector: RCV <- {200 6 Command succeeded}
02-20 21:26:59.832  1373  1373 I MediaPlayerService: MediaPlayerService::getOMX
02-20 21:26:59.833  1373  1373 I OMXClient: MuxOMX ctor
02-20 21:26:59.833  1370  1370 I OMXMaster: makeComponentInstance(OMX.google.gsm.decoder) in mediacodec process
02-20 21:26:59.836  1655  1655 D NetworkPolicy: setRestrictBackgroundUL(): false
02-20 21:26:59.836  1655  1655 W NetworkManagement: setDataSaverMode(): already false
02-20 21:26:59.846  1875  1875 I wpa_supplicant: Successfully initialized wpa_supplicant
02-20 21:26:59.856  1373  1373 I MediaPlayerService: MediaPlayerService::getOMX
02-20 21:26:59.856  1373  1373 I OMXClient: MuxOMX ctor
02-20 21:26:59.856  1370  1370 I OMXMaster: makeComponentInstance(OMX.google.mpeg4.decoder) in mediacodec process
02-20 21:26:59.859  1875  1875 I wpa_supplicant: rfkill: Cannot open RFKILL control device
02-20 21:26:59.860  1875  1875 I wpa_supplicant: nl80211: Could not re-add multicast membership for vendor events: -2 (No such file or directory)
02-20 21:26:59.859     0     0 D ieee80211 phy0: mac80211_hwsim_start
02-20 21:26:59.859     0     0 D ieee80211 phy0: mac80211_hwsim_add_interface (type=2 mac_addr=02:00:00:44:55:66)
02-20 21:26:59.859     0     0 D ieee80211 phy0: mac80211_hwsim_bss_info_changed(changed=0xe)
02-20 21:26:59.859     0     0 D ieee80211 phy0: ERP_CTS_PROT: 0
02-20 21:26:59.859     0     0 D ieee80211 phy0: ERP_PREAMBLE: 0
02-20 21:26:59.859     0     0 D ieee80211 phy0: ERP_SLOT: 0
02-20 21:26:59.859     0     0 D ieee80211 phy0: mac80211_hwsim_conf_tx (queue=0 txop=0 cw_min=15 cw_max=1023 aifs=2)
02-20 21:26:59.859     0     0 D ieee80211 phy0: mac80211_hwsim_conf_tx (queue=1 txop=0 cw_min=15 cw_max=1023 aifs=2)
02-20 21:26:59.859     0     0 D ieee80211 phy0: mac80211_hwsim_conf_tx (queue=2 txop=0 cw_min=15 cw_max=1023 aifs=2)
02-20 21:26:59.859     0     0 D ieee80211 phy0: mac80211_hwsim_conf_tx (queue=3 txop=0 cw_min=15 cw_max=1023 aifs=2)
02-20 21:26:59.859     0     0 D ieee80211 phy0: mac80211_hwsim_bss_info_changed(changed=0x2000)
02-20 21:26:59.859     0     0 D ieee80211 phy0: mac80211_hwsim_config (freq=0 idle=0 ps=0 smps=auto)
02-20 21:26:59.859     0     0 I IPv6    : ADDRCONF(NETDEV_UP): wlan0: link is not ready
02-20 21:26:59.860     0     0 D ieee80211 phy0: mac80211_hwsim_configure_filter
02-20 21:26:59.861     0     0 D ieee80211 phy1: hw scan 2457 MHz
02-20 21:26:59.872  1370  1855 E OMXNodeInstance: getExtensionIndex(55a000f:google.mpeg4.decoder, OMX.google.android.index.configureVideoTunnelMode) ERROR: UnsupportedIndex(0x8000101a)
02-20 21:26:59.873  1370  1400 W OMXNodeInstance: [55a000f:google.mpeg4.decoder] component does not support metadata mode; using fallback
02-20 21:26:59.875  1373  1373 I MediaPlayerService: MediaPlayerService::getOMX
02-20 21:26:59.876  1373  1373 I OMXClient: MuxOMX ctor
02-20 21:26:59.876  1370  1370 I OMXMaster: makeComponentInstance(OMX.google.h263.decoder) in mediacodec process
02-20 21:26:59.890  1370  1400 E OMXNodeInstance: getExtensionIndex(55a0010:google.h263.decoder, OMX.google.android.index.configureVideoTunnelMode) ERROR: UnsupportedIndex(0x8000101a)
02-20 21:26:59.890  1370  1855 W OMXNodeInstance: [55a0010:google.h263.decoder] component does not support metadata mode; using fallback
02-20 21:26:59.893  1373  1373 I MediaPlayerService: MediaPlayerService::getOMX
02-20 21:26:59.893  1373  1373 I OMXClient: MuxOMX ctor
02-20 21:26:59.895  1370  1370 I OMXMaster: makeComponentInstance(OMX.google.h264.decoder) in mediacodec process
02-20 21:26:59.903  1764  1764 I vol.Events: writeEvent collection_started
02-20 21:26:59.909  1373  1373 W ACodec  : [OMX.google.h264.decoder] stopping checking profiles after 32: 2/8000
02-20 21:26:59.909  1370  1855 E OMXNodeInstance: getExtensionIndex(55a0011:google.h264.decoder, OMX.google.android.index.configureVideoTunnelMode) ERROR: UnsupportedIndex(0x8000101a)
02-20 21:26:59.909  1370  1400 W OMXNodeInstance: [55a0011:google.h264.decoder] component does not support metadata mode; using fallback
02-20 21:26:59.914  1373  1373 I MediaPlayerService: MediaPlayerService::getOMX
02-20 21:26:59.914  1373  1373 I OMXClient: MuxOMX ctor
02-20 21:26:59.914  1370  1370 I OMXMaster: makeComponentInstance(OMX.google.hevc.decoder) in mediacodec process
02-20 21:26:59.917  1764  1911 I sysui_action: [213,2]
02-20 21:26:59.917  1764  1911 I vol.Events: writeEvent external_ringer_mode_changed normal
02-20 21:26:59.918  1764  1911 I vol.Events: writeEvent internal_ringer_mode_changed normal
02-20 21:26:59.925  1875  1875 E wpa_supplicant: global ctrl interface @android:wpa_wlan0 matches ctrl interface wlan0 - do not open per-interface ctrl interface
02-20 21:26:59.950  1370  1855 E OMXNodeInstance: getExtensionIndex(55a0012:google.hevc.decoder, OMX.google.android.index.configureVideoTunnelMode) ERROR: UnsupportedIndex(0x8000101a)
02-20 21:26:59.950  1370  1400 W OMXNodeInstance: [55a0012:google.hevc.decoder] component does not support metadata mode; using fallback
02-20 21:26:59.952  1373  1373 I MediaPlayerService: MediaPlayerService::getOMX
02-20 21:26:59.953  1373  1373 I OMXClient: MuxOMX ctor
02-20 21:26:59.953  1370  1370 I OMXMaster: makeComponentInstance(OMX.google.vp8.decoder) in mediacodec process
02-20 21:26:59.962  1655  1692 W WindowManager: Keyguard drawn timeout. Setting mKeyguardDrawComplete
02-20 21:26:59.980     0     0 D ieee80211 phy1: hw scan 2462 MHz
02-20 21:26:59.995  1655  1655 I SystemServiceManager: Starting phase 600
02-20 21:27:00.027  1370  1400 E OMXNodeInstance: getExtensionIndex(55a0013:google.vp8.decoder, OMX.google.android.index.configureVideoTunnelMode) ERROR: UnsupportedIndex(0x8000101a)
02-20 21:27:00.028  1370  1855 W OMXNodeInstance: [55a0013:google.vp8.decoder] component does not support metadata mode; using fallback
02-20 21:27:00.044  1373  1373 I MediaPlayerService: MediaPlayerService::getOMX
02-20 21:27:00.049  1655  1655 D SensorNotificationService: Cannot obtain dynamic meta sensor, not supported.
02-20 21:27:00.054  1373  1373 I OMXClient: MuxOMX ctor
02-20 21:27:00.054  1370  1370 I OMXMaster: makeComponentInstance(OMX.google.vp9.decoder) in mediacodec process
02-20 21:27:00.064  1655  1655 D TelephonyRegistry: listen oscl: hasNotifySubscriptionInfoChangedOccurred==false no callback
02-20 21:27:00.065  1655  1732 I netstats_mobile_sample: [0,0,0,0,0,0,0,0,0,0,0,0,-1]
02-20 21:27:00.065  1655  1732 I netstats_wifi_sample: [0,0,0,0,0,0,0,0,0,0,0,0,-1]
02-20 21:27:00.071  1655  1655 I GnssLocationProvider: WakeLock acquired by sendMessage(13, 0, null)
02-20 21:27:00.074  1655  1655 W LocationProviderProxy-network: Odd, no component found for service com.android.location.service.v3.NetworkLocationProvider
02-20 21:27:00.075  1655  1655 W GeocoderProxy: Odd, no component found for service com.android.location.service.GeocodeProvider
02-20 21:27:00.077  1655  1655 E FlpHardwareProvider: Error hw_get_module 'flp': -2
02-20 21:27:00.077  1655  1655 D LocationManagerService: FLP HAL not supported
02-20 21:27:00.078  1655  1655 W GeofenceProxy: Odd, no component found for service com.android.location.service.GeofenceProvider
02-20 21:27:00.095  1655  1690 W GnssLocationProvider: Could not open GPS configuration file /etc/gps.conf
02-20 21:27:00.095  1655  1690 E GnssLocationProvider: no AGPS interface in set_agps_server
02-20 21:27:00.095  1655  1665 I art     : Background sticky concurrent mark sweep GC freed 47565(2MB) AllocSpace objects, 13(272KB) LOS objects, 12% free, 21MB/24MB, paused 354us total 101.135ms
02-20 21:27:00.099  1655  1690 D TelephonyRegistry: listen oscl: hasNotifySubscriptionInfoChangedOccurred==false no callback
02-20 21:27:00.108  1655  1655 E ActivityRecognitionHardware: Error hw_get_module: -2
02-20 21:27:00.108  1655  1655 D LocationManagerService: Hardware Activity-Recognition not supported.
02-20 21:27:00.109  1655  1655 W ActivityRecognitionProxy: Odd, no component found for service com.android.location.service.ActivityRecognitionProvider
02-20 21:27:00.110  1655  1655 I GnssLocationProvider: WakeLock acquired by sendMessage(2, 1, null)
02-20 21:27:00.112  1370  1855 E OMXNodeInstance: getExtensionIndex(55a0014:google.vp9.decoder, OMX.google.android.index.configureVideoTunnelMode) ERROR: UnsupportedIndex(0x8000101a)
02-20 21:27:00.112  1370  1400 W OMXNodeInstance: [55a0014:google.vp9.decoder] component does not support metadata mode; using fallback
02-20 21:27:00.114  1373  1373 I MediaPlayerService: MediaPlayerService::getOMX
02-20 21:27:00.115  1373  1373 I OMXClient: MuxOMX ctor
02-20 21:27:00.115  1370  1370 I OMXMaster: makeComponentInstance(OMX.google.h263.encoder) in mediacodec process
02-20 21:27:00.120  1655  1655 I CommonTimeManagementService: No common time service detected on this platform.  Common time services will be unavailable.
02-20 21:27:00.112     0     0 D ieee80211 phy1: hw scan complete
02-20 21:27:00.113     0     0 D ieee80211 phy1: mac80211_hwsim_get_survey (idx=0)
02-20 21:27:00.120  1655  1655 D TelephonyRegistry: systemRunning register for intents
02-20 21:27:00.121  1655  1655 I MmsServiceBroker: Delay connecting to MmsService until an API is called
02-20 21:27:00.122  1655  1726 I InputReader: Reconfiguring input devices.  changes=0x00000030
02-20 21:27:00.155  1927  1927 W art     : Unexpected CPU variant for X86 using defaults: x86_64
02-20 21:27:00.156  1655  1690 I GnssLocationProvider: WakeLock released by handleMessage(13, 0, null)
02-20 21:27:00.161  1655  1655 I am_proc_start: [0,1927,1001,com.android.phone,added application,com.android.phone]
02-20 21:27:00.161  1655  1655 I ActivityManager: Start proc 1927:com.android.phone/1001 for added application com.android.phone
02-20 21:27:00.162  1655  1655 I ActivityManager: START u0 {act=android.intent.action.MAIN cat=[android.intent.category.HOME] flg=0x10000100 cmp=com.android.settings/.FallbackHome} from uid 0 on display 0
02-20 21:27:00.162  1655  1655 W System  : ClassLoader referenced unknown path: 
02-20 21:27:00.162  1655  1655 W System  : ClassLoader referenced unknown path: /system/priv-app/Settings/lib/x86_64
02-20 21:27:00.163  1655  1655 D ApplicationLoaders: ignored Vulkan layer search path /system/priv-app/Settings/lib/x86_64:/system/priv-app/Settings/Settings.apk!/lib/x86_64:/system/lib64:/vendor/lib64 for namespace 0x7b04f04d6160
02-20 21:27:00.168  1370  1370 I SoftMPEG4Encoder: Construct SoftMPEG4Encoder
02-20 21:27:00.170  1373  1373 W ACodec  : do not know color format 0x7f000789 = 2130708361
02-20 21:27:00.170  1370  1855 E OMXNodeInstance: getConfig(55a0015:google.h263.encoder, ConfigAndroidIntraRefresh(0x6f60000a)) ERROR: Undefined(0x80001001)
02-20 21:27:00.171  1517  1517 E hostapd : Using interface wlan1 with hwaddr 02:00:00:00:01:00 and ssid "AndroidWifi"
02-20 21:27:00.171  1517  1517 I hostapd : wlan1: interface state HT_SCAN->ENABLED
02-20 21:27:00.171  1517  1517 I hostapd : wlan1: AP-ENABLED 
02-20 21:27:00.175  1655  1655 I ActivityManager: Loaded persisted task ids for user 0
02-20 21:27:00.176  1373  1373 I MediaPlayerService: MediaPlayerService::getOMX
02-20 21:27:00.176  1373  1373 I OMXClient: MuxOMX ctor
02-20 21:27:00.176  1370  1370 I OMXMaster: makeComponentInstance(OMX.google.h264.encoder) in mediacodec process
02-20 21:27:00.176  1655  1655 I am_create_task: [0,1]
02-20 21:27:00.176  1655  1655 I am_create_activity: [0,255650046,1,com.android.settings/.FallbackHome,android.intent.action.MAIN,NULL,NULL,276824320]
02-20 21:27:00.177  1655  1655 I wm_task_created: [1,0]
02-20 21:27:00.171     0     0 D ieee80211 phy1: mac80211_hwsim_config (freq=0 idle=0 ps=0 smps=auto)
02-20 21:27:00.171     0     0 D ieee80211 phy1: add channel context control: 2447 MHz/width: 2/cfreqs:2437/0 MHz
02-20 21:27:00.171     0     0 D ieee80211 phy1: mac80211_hwsim_bss_info_changed(changed=0x40000)
02-20 21:27:00.171     0     0 D ieee80211 phy1: TX Power: 20 dBm
02-20 21:27:00.171     0     0 D ieee80211 phy1: mac80211_hwsim_bss_info_changed(changed=0x4000)
02-20 21:27:00.171     0     0 D ieee80211 phy1: change channel context control: 2447 MHz/width: 2/cfreqs:2437/0 MHz
02-20 21:27:00.171     0     0 D ieee80211 phy1: mac80211_hwsim_bss_info_changed(changed=0x88340)
02-20 21:27:00.171     0     0 D ieee80211 phy1: BCNINT: 100
02-20 21:27:00.171     0     0 D ieee80211 phy1: BCN EN: 1
02-20 21:27:00.171     0     0 D ieee80211 phy1: mac80211_hwsim_bss_info_changed(changed=0x3e)
02-20 21:27:00.171     0     0 D ieee80211 phy1: ERP_CTS_PROT: 0
02-20 21:27:00.171     0     0 D ieee80211 phy1: ERP_PREAMBLE: 0
02-20 21:27:00.171     0     0 D ieee80211 phy1: ERP_SLOT: 1
02-20 21:27:00.171     0     0 D ieee80211 phy1: HT: op_mode=0x0
02-20 21:27:00.171     0     0 D ieee80211 phy1: BASIC_RATES: 0xf
02-20 21:27:00.171     0     0 D ieee80211 phy1: mac80211_hwsim_conf_tx (queue=0 txop=47 cw_min=3 cw_max=7 aifs=1)
02-20 21:27:00.171     0     0 D ieee80211 phy1: mac80211_hwsim_bss_info_changed(changed=0x2000)
02-20 21:27:00.171     0     0 D ieee80211 phy1: mac80211_hwsim_conf_tx (queue=1 txop=94 cw_min=7 cw_max=15 aifs=1)
02-20 21:27:00.171     0     0 D ieee80211 phy1: mac80211_hwsim_bss_info_changed(changed=0x2000)
02-20 21:27:00.171     0     0 D ieee80211 phy1: mac80211_hwsim_conf_tx (queue=2 txop=0 cw_min=15 cw_max=63 aifs=3)
02-20 21:27:00.171     0     0 D ieee80211 phy1: mac80211_hwsim_bss_info_changed(changed=0x2000)
02-20 21:27:00.171     0     0 D ieee80211 phy1: mac80211_hwsim_conf_tx (queue=3 txop=0 cw_min=15 cw_max=1023 aifs=7)
02-20 21:27:00.171     0     0 D ieee80211 phy1: mac80211_hwsim_bss_info_changed(changed=0x2000)
02-20 21:27:00.171     0     0 I IPv6    : ADDRCONF(NETDEV_CHANGE): wlan1: link becomes ready
02-20 21:27:00.174     0     0 D ieee80211 phy1: mac80211_hwsim_configure_filter
02-20 21:27:00.177  1655  1655 I wm_task_moved: [1,1,0]
02-20 21:27:00.178  1655  1655 I wm_task_moved: [1,1,0]
02-20 21:27:00.178  1655  1655 I am_focused_activity: [0,com.android.settings/.FallbackHome,startedActivity]
02-20 21:27:00.183  1655  1655 I am_proc_start: [0,1943,1000,com.android.settings,activity,com.android.settings/.FallbackHome]
02-20 21:27:00.183  1655  1655 I ActivityManager: Start proc 1943:com.android.settings/1000 for activity com.android.settings/.FallbackHome
02-20 21:27:00.189  1655  1690 E GnssLocationProvider: no AGPS interface in set_agps_server
02-20 21:27:00.190  1655  1690 I GnssLocationProvider: WakeLock released by handleMessage(2, 1, null)
02-20 21:27:00.191  1655  1789 I am_proc_bound: [0,1927,com.android.phone]
02-20 21:27:00.194  1655  1655 I SystemServer: Enabled StrictMode for system server main thread.
02-20 21:27:00.199  1655  1690 W LocationProviderProxy-network: Odd, no component found for service com.android.location.service.v3.NetworkLocationProvider
02-20 21:27:00.201  1655  1655 D ConditionProviders.SCP: onConnected
02-20 21:27:00.201  1655  1655 D ZenLog  : set_zen_mode: off,readXml
02-20 21:27:00.202  1927  1927 W System  : ClassLoader referenced unknown path: /system/priv-app/TeleService/lib/x86_64
02-20 21:27:00.203  1655  1655 D ConditionProviders: Subscribing to condition://android/schedule?days=6.7&start=23.30&end=10.0&exitAtAlarm=false with ComponentInfo{android/com.android.server.notification.ScheduleConditionProvider}
02-20 21:27:00.203  1655  1655 D ZenLog  : subscribe: condition://android/schedule?days=6.7&start=23.30&end=10.0&exitAtAlarm=false,ok
02-20 21:27:00.203  1655  1655 D ConditionProviders: Subscribing to condition://android/event?userId=-10000&calendar=&reply=1 with ComponentInfo{android/com.android.server.notification.EventConditionProvider}
02-20 21:27:00.203  1655  1655 D ZenLog  : subscribe: condition://android/event?userId=-10000&calendar=&reply=1,ok
02-20 21:27:00.203  1655  1655 D ConditionProviders: Subscribing to condition://android/schedule?days=1.2.3.4.5&start=22.0&end=7.0&exitAtAlarm=false with ComponentInfo{android/com.android.server.notification.ScheduleConditionProvider}
02-20 21:27:00.203  1655  1655 D ZenLog  : subscribe: condition://android/schedule?days=1.2.3.4.5&start=22.0&end=7.0&exitAtAlarm=false,ok
02-20 21:27:00.206  1943  1943 W art     : Unexpected CPU variant for X86 using defaults: x86_64
02-20 21:27:00.208  1655  1690 W GeocoderProxy: Odd, no component found for service com.android.location.service.GeocodeProvider
02-20 21:27:00.208  1655  1690 W GeofenceProxy: Odd, no component found for service com.android.location.service.GeofenceProvider
02-20 21:27:00.208  1655  1690 W ActivityRecognitionProxy: Odd, no component found for service com.android.location.service.ActivityRecognitionProvider
02-20 21:27:00.219  1655  1689 I am_proc_bound: [0,1943,com.android.settings]
02-20 21:27:00.220  1373  1373 W ACodec  : do not know color format 0x7f000789 = 2130708361
02-20 21:27:00.221  1373  1373 I MediaPlayerService: MediaPlayerService::getOMX
02-20 21:27:00.221  1373  1373 I OMXClient: MuxOMX ctor
02-20 21:27:00.221  1370  1370 I OMXMaster: makeComponentInstance(OMX.google.mpeg4.encoder) in mediacodec process
02-20 21:27:00.226  1927  1927 W System  : ClassLoader referenced unknown path: /system/priv-app/TelephonyProvider/lib/x86_64
02-20 21:27:00.227  1927  1927 D ApplicationLoaders: ignored Vulkan layer search path /system/priv-app/TelephonyProvider/lib/x86_64:/system/lib64:/vendor/lib64 for namespace 0x7b04f046b0f0
02-20 21:27:00.240  1655  1688 I stream_devices_changed: [0,0,2]
02-20 21:27:00.258  1927  1927 D TelephonyProvider: dbh.onOpen: ok, queried table=siminfo
02-20 21:27:00.258  1927  1927 D TelephonyProvider: dbh.onOpen: ok, queried table=carriers
02-20 21:27:00.296  1370  1370 I SoftMPEG4Encoder: Construct SoftMPEG4Encoder
02-20 21:27:00.301  1373  1373 W ACodec  : do not know color format 0x7f000789 = 2130708361
02-20 21:27:00.301  1370  1400 E OMXNodeInstance: getConfig(55a0017:google.mpeg4.encoder, ConfigAndroidIntraRefresh(0x6f60000a)) ERROR: Undefined(0x80001001)
02-20 21:27:00.302  1373  1373 I MediaPlayerService: MediaPlayerService::getOMX
02-20 21:27:00.302  1373  1373 I OMXClient: MuxOMX ctor
02-20 21:27:00.302  1370  1370 I OMXMaster: makeComponentInstance(OMX.google.vp8.encoder) in mediacodec process
02-20 21:27:00.333  1373  1373 W ACodec  : do not know color format 0x7f000789 = 2130708361
02-20 21:27:00.333  1370  1400 E OMXNodeInstance: getConfig(55a0018:google.vp8.encoder, ConfigAndroidIntraRefresh(0x6f60000a)) ERROR: Undefined(0x80001001)
02-20 21:27:00.334  1373  1373 I MediaPlayerService: MediaPlayerService::getOMX
02-20 21:27:00.334  1373  1373 I OMXClient: MuxOMX ctor
02-20 21:27:00.344  1373  1373 I MediaPlayerService: MediaPlayerService::getOMX
02-20 21:27:00.344  1373  1373 I OMXClient: MuxOMX ctor
02-20 21:27:00.344  1373  1373 W MediaCodecList: unable to open media codecs configuration xml file: /data/misc/media/media_codecs_profiling_results.xml
02-20 21:27:00.349  1312  1324 D PermissionCache: checking android.permission.READ_FRAME_BUFFER for uid=1000 => granted (214 us)
02-20 21:27:00.350  1373  1821 I MediaPlayerService: MediaPlayerService::getOMX
02-20 21:27:00.354  1373  1857 I MediaPlayerService: MediaPlayerService::getOMX
02-20 21:27:00.354  1764  1870 I OMXClient: MuxOMX ctor
02-20 21:27:00.354  1655  1796 I OMXClient: MuxOMX ctor
02-20 21:27:00.355  1370  1400 I OMXMaster: makeComponentInstance(OMX.google.vorbis.decoder) in mediacodec process
02-20 21:27:00.377  1370  1855 I OMXMaster: makeComponentInstance(OMX.google.vorbis.decoder) in mediacodec process
02-20 21:27:00.394  1312  1324 D gralloc_ranchu: gralloc_alloc: Creating ashmem region of size 17051648
02-20 21:27:00.416  1373  1406 I MediaPlayerService: MediaPlayerService::getOMX
02-20 21:27:00.416  1373  1857 I MediaPlayerService: MediaPlayerService::getOMX
02-20 21:27:00.417  1764  1983 I OMXClient: MuxOMX ctor
02-20 21:27:00.416  1655  1982 I OMXClient: MuxOMX ctor
02-20 21:27:00.417  1370  1855 I OMXMaster: makeComponentInstance(OMX.google.vorbis.decoder) in mediacodec process
02-20 21:27:00.441  1370  1370 I OMXMaster: makeComponentInstance(OMX.google.vorbis.decoder) in mediacodec process
02-20 21:27:00.466  1373  1821 I MediaPlayerService: MediaPlayerService::getOMX
02-20 21:27:00.467  1655  1988 I OMXClient: MuxOMX ctor
02-20 21:27:00.467  1370  1855 I OMXMaster: makeComponentInstance(OMX.google.vorbis.decoder) in mediacodec process
02-20 21:27:00.478  1373  1857 I MediaPlayerService: MediaPlayerService::getOMX
02-20 21:27:00.479  1764  1991 I OMXClient: MuxOMX ctor
02-20 21:27:00.480  1370  1400 I OMXMaster: makeComponentInstance(OMX.google.vorbis.decoder) in mediacodec process
02-20 21:27:00.489  1373  1821 I MediaPlayerService: MediaPlayerService::getOMX
02-20 21:27:00.489  1655  1994 I OMXClient: MuxOMX ctor
02-20 21:27:00.490  1370  1370 I OMXMaster: makeComponentInstance(OMX.google.vorbis.decoder) in mediacodec process
02-20 21:27:00.517  1655  1689 I am_restart_activity: [0,255650046,1,com.android.settings/.FallbackHome]
02-20 21:27:00.529  1655  1655 W art     : Long monitor contention with owner Binder:1655_2 (1689) at void com.android.server.am.ActivityManagerService.attachApplication(android.app.IApplicationThread)(ActivityManagerService.java:6669) waiters=0 in int com.android.server.am.ActivityManagerService.getMemoryTrimLevel() for 299ms
02-20 21:27:00.529  1655  1655 I dvm_lock_sample: [system_server,1,main,299,ActivityManagerService.java,14091,-,6669,59]
02-20 21:27:00.529  1655  1688 W art     : Long monitor contention with owner Binder:1655_2 (1689) at void com.android.server.am.ActivityManagerService.attachApplication(android.app.IApplicationThread)(ActivityManagerService.java:6669) waiters=2 in int com.android.server.am.ActivityManagerService.broadcastIntent(android.app.IApplicationThread, android.content.Intent, java.lang.String, android.content.IIntentReceiver, int, java.lang.String, android.os.Bundle, java.lang.String[], int, android.os.Bundle, boolean, boolean, int) for 289ms
02-20 21:27:00.529  1655  1688 I dvm_lock_sample: [system_server,1,Binder:1655_1,289,ActivityManagerService.java,18551,-,6669,57]
02-20 21:27:00.536  1655  1789 W art     : Long monitor contention with owner Binder:1655_2 (1689) at void com.android.server.am.ActivityManagerService.attachApplication(android.app.IApplicationThread)(ActivityManagerService.java:6669) waiters=4 in void com.android.server.am.ActivityManagerService.publishContentProviders(android.app.IApplicationThread, java.util.List) for 211ms
02-20 21:27:00.536  1655  1789 I dvm_lock_sample: [system_server,1,Binder:1655_4,211,ActivityManagerService.java,11160,-,6669,42]
02-20 21:27:00.538  1655  1688 I stream_devices_changed: [2,0,2]
02-20 21:27:00.538  1655  1655 D RttService: SCAN_AVAILABLE : 1
02-20 21:27:00.538  1655  1655 D ZenLog  : set_zen_mode: off,cleanUpZenRules
02-20 21:27:00.541  1655  1739 I WifiScanningService: wifi driver unloaded
02-20 21:27:00.541  1655  1740 D RttService: DefaultState got{ when=-3ms what=160513 target=com.android.internal.util.StateMachine$SmHandler }
02-20 21:27:00.541  1655  1688 I stream_devices_changed: [3,0,2]
02-20 21:27:00.542  1655  1688 I stream_devices_changed: [6,0,2]
02-20 21:27:00.544  1655  1688 I stream_devices_changed: [4,0,2]
02-20 21:27:00.547  1764  1911 I vol.Events: writeEvent level_changed STREAM_ALARM 6
02-20 21:27:00.555  1764  1911 I vol.Events: writeEvent level_changed STREAM_BLUETOOTH_SCO 7
02-20 21:27:00.556  1764  1911 I vol.Events: writeEvent level_changed STREAM_MUSIC 11
02-20 21:27:00.556  1927  1927 D TDC     : updateOrInsert: inserting: Modem { uuid=modem, state=0, rilModel=0, rat={}, maxActiveVoiceCall=1, maxActiveDataCall=1, maxStandby=1 }
02-20 21:27:00.556  1927  1927 D TDC     : updateOrInsert: inserting: Sim { uuid=sim, modemUuid=modem, state=0 }
02-20 21:27:00.558  1764  1911 I vol.Events: writeEvent level_changed STREAM_RING 5
02-20 21:27:00.566  1764  1911 I vol.Events: writeEvent level_changed STREAM_SYSTEM 5
02-20 21:27:00.568  1764  1911 I vol.Events: writeEvent level_changed STREAM_VOICE_CALL 4
02-20 21:27:00.571  1943  1943 W System  : ClassLoader referenced unknown path: /system/priv-app/Settings/lib/x86_64
02-20 21:27:00.576  1655  1655 W System  : ClassLoader referenced unknown path: /system/priv-app/Telecom/lib/x86_64
02-20 21:27:00.576  1655  1655 D ApplicationLoaders: ignored Vulkan layer search path /system/priv-app/Telecom/lib/x86_64:/system/priv-app/Telecom/Telecom.apk!/lib/x86_64:/system/lib64:/vendor/lib64 for namespace 0x7b04f04d61d0
02-20 21:27:00.630  1943  1943 I am_on_resume_called: [0,com.android.settings.FallbackHome,LAUNCH_ACTIVITY]
02-20 21:27:00.634  1927  1927 D CdmaSSM : subscriptionSource from settings: 0
02-20 21:27:00.634  1927  1927 I PhoneFactory: Cdma Subscription set to 0
02-20 21:27:00.659  1312  1324 E SurfaceFlinger: ro.sf.lcd_density must be defined as a build property
02-20 21:27:00.666  1373  1373 I MediaPlayerService: MediaPlayerService::getOMX
02-20 21:27:00.667  1655  1999 I OMXClient: MuxOMX ctor
02-20 21:27:00.667  1370  1400 I OMXMaster: makeComponentInstance(OMX.google.vorbis.decoder) in mediacodec process
02-20 21:27:00.669  1312  1362 E SurfaceFlinger: ro.sf.lcd_density must be defined as a build property
02-20 21:27:00.675  1943  1943 D         : HostConnection::get() New Host Connection established 0x7b04e19f7ca0, tid 1943
02-20 21:27:00.681  1764  1764 D         : HostConnection::get() New Host Connection established 0x7b04d123c8a0, tid 1764
02-20 21:27:00.701  1927  1927 I PhoneFactory: Network Mode set to 0
02-20 21:27:00.712  1655  1655 E BluetoothAdapter: Bluetooth binder is null
02-20 21:27:00.717  1927  1927 D RILJ    : RIL(context, preferredNetworkType=0 cdmaSubscription=0)
02-20 21:27:00.732  1655  1655 I Telecom : SystemStateProvider: Registering car mode receiver: android.content.IntentFilter@37ef37d: TS.init@AAA
02-20 21:27:00.733  1927  1927 D RILJ    : Starting RILReceiver0 [SUB0]
02-20 21:27:00.745  1375  1465 I RILC    : libril: new connection to RIL_SOCKET_1
02-20 21:27:00.745  1375  1465 I RILC    : RIL Daemon version: android reference-ril 1.0
02-20 21:27:00.746  1764  1764 D StorageNotification: Notifying about private volume: VolumeInfo{private}:
02-20 21:27:00.746  1764  1764 D StorageNotification:     type=PRIVATE diskId=null partGuid=null mountFlags=0 mountUserId=-1 
02-20 21:27:00.746  1764  1764 D StorageNotification:     state=MOUNTED 
02-20 21:27:00.746  1764  1764 D StorageNotification:     fsType=null fsUuid=null fsLabel=null 
02-20 21:27:00.746  1764  1764 D StorageNotification:     path=/data internalPath=null 
02-20 21:27:00.748  1764  1764 D StorageNotification: Notifying about public volume: VolumeInfo{public:253,64}:
02-20 21:27:00.748  1764  1764 D StorageNotification:     type=PUBLIC diskId=disk:253,64 partGuid=null mountFlags=VISIBLE 
02-20 21:27:00.748  1764  1764 D StorageNotification:     mountUserId=0 state=MOUNTED 
02-20 21:27:00.748  1764  1764 D StorageNotification:     fsType=vfat fsUuid=1E12-0B12 fsLabel=SDCARD 
02-20 21:27:00.748  1764  1764 D StorageNotification:     path=/storage/1E12-0B12 internalPath=/mnt/media_rw/1E12-0B12 
02-20 21:27:00.751  1927  2005 I RILJ    : (0) Connected to 'rild' socket
02-20 21:27:00.752  1927  1927 D RILJ    : [3648]> GET_HARDWARE_CONFIG [SUB0]
02-20 21:27:00.754  1927  2005 D RILJ    : [UNSL]< UNSOL_RIL_CONNECTED {12} [SUB0]
02-20 21:27:00.760  1927  1927 I PhoneFactory: Creating SubscriptionController
02-20 21:27:00.761  1375  1465 D RIL     : onRequest: GET_HARDWARE_CONFIG
02-20 21:27:00.764  1927  1927 D SubscriptionController: [SubscriptionController] init by Context
02-20 21:27:00.755  1655  1736 D WifiConfigManager: Loading config and enabling all networks 
02-20 21:27:00.769  1927  2005 D RILJ    : [3649]> RADIO_POWER off [SUB0]
02-20 21:27:00.770  1375  1465 D RIL     : onRequest: RADIO_POWER
02-20 21:27:00.770  1927  2005 D RILJ    : [3650]> RIL_REQUEST_CDMA_SET_SUBSCRIPTION_SOURCE : 0 [SUB0]
02-20 21:27:00.775  1927  1927 D UiccController: Creating UiccController
02-20 21:27:00.778  1655  2007 I Telecom : Telecom: Non-call EVENT: AUDIO_ROUTE, Entering state QuiescentEarpieceRoute
02-20 21:27:00.779  1375  1465 D RIL     : onRequest: CDMA_SET_SUBSCRIPTION_SOURCE
02-20 21:27:00.779  1927  2005 D RILJ    : setCellInfoListRate: 2147483647 [SUB0]
02-20 21:27:00.779  1927  2005 D RILJ    : [3651]> RIL_REQUEST_SET_CELL_INFO_LIST_RATE [SUB0]
02-20 21:27:00.782  1927  1927 D TelephonyTester: register for intent action=com.android.internal.telephony.action_detached
02-20 21:27:00.782  1927  1927 D TelephonyTester: register for intent action=com.android.internal.telephony.action_attached
02-20 21:27:00.783  1375  1465 D RIL     : onRequest: SET_UNSOL_CELL_INFO_LIST_RATE
02-20 21:27:00.783  1927  2005 D RILJ    : [UNSL]< UNSOL_RESPONSE_RADIO_STATE_CHANGED RADIO_OFF [SUB0]
02-20 21:27:00.783  1927  2005 D RILJ    : [3652]> SCREEN_STATE: true [SUB0]
02-20 21:27:00.785  1375  1465 D RIL     : onRequest: SCREEN_STATE
02-20 21:27:00.785  1927  2005 D RILJ    : [UNSL]< UNSOL_NITZ_TIME_RECEIVED 18/02/20:21:26:54+0:0:Unknown!Unknown [SUB0]
02-20 21:27:00.786  1655  2009 I Telecom : CallAudioModeStateMachine: Message received: null.: TS.init->CAMSM.pM_1@AAA_0
02-20 21:27:00.786  1927  2005 D RilRequest: [3648]< GET_HARDWARE_CONFIG error: com.android.internal.telephony.CommandException: RADIO_NOT_AVAILABLE ret=
02-20 21:27:00.786  1655  1736 W WifiNetworkHistory: Upgrading network 0 to android.uid.system:1000
02-20 21:27:00.786  1927  2005 D RILJ    : [3649]< RADIO_POWER  [SUB0]
02-20 21:27:00.786  1927  2005 D RilRequest: [3650]< RIL_REQUEST_CDMA_SET_SUBSCRIPTION_SOURCE error: com.android.internal.telephony.CommandException: RADIO_NOT_AVAILABLE ret=
02-20 21:27:00.786  1927  2005 D RilRequest: [3651]< RIL_REQUEST_SET_CELL_INFO_LIST_RATE error: com.android.internal.telephony.CommandException: RADIO_NOT_AVAILABLE ret=
02-20 21:27:00.786  1927  2005 D RilRequest: [3652]< SCREEN_STATE error: com.android.internal.telephony.CommandException: RADIO_NOT_AVAILABLE ret=
02-20 21:27:00.786  1655  1736 D WifiConfigManager: loaded 0 passpoint configs
02-20 21:27:00.787  1655  1736 E IpConfigStore: Error parsing configuration: java.io.FileNotFoundException: /data/misc/wifi/ipconfig.txt (No such file or directory)
02-20 21:27:00.787  1373  1373 I MediaPlayerService: MediaPlayerService::getOMX
02-20 21:27:00.787  1655  2010 I OMXClient: MuxOMX ctor
02-20 21:27:00.787  1370  1370 I OMXMaster: makeComponentInstance(OMX.google.vorbis.decoder) in mediacodec process
02-20 21:27:00.792  1927  1927 D Phone   : mDoesRilSendMultipleCallRing=true
02-20 21:27:00.792  1927  1927 D Phone   : mCallRingDelay=3000
02-20 21:27:00.803  1655  2013 E ActivityThread: Failed to find provider info for call_log
02-20 21:27:00.804  1655  1655 E BluetoothAdapter: Bluetooth binder is null
02-20 21:27:00.814  1927  1927 D RILJ    : [3653]> RIL_REQUEST_START_LCE [SUB0]
02-20 21:27:00.815  1943  1998 D         : HostConnection::get() New Host Connection established 0x7b04e19f7d60, tid 1998
02-20 21:27:00.815  1375  1465 D RIL     : onRequest: <unknown request>
02-20 21:27:00.815  1927  2005 D RilRequest: [3653]< RIL_REQUEST_START_LCE error: com.android.internal.telephony.CommandException: RADIO_NOT_AVAILABLE ret=
02-20 21:27:00.816  1943  1998 I OpenGLRenderer: Initialized EGL, version 1.4
02-20 21:27:00.816  1943  1998 D OpenGLRenderer: Swap behavior 1
02-20 21:27:00.832  1927  1927 E RIL_ImsSms: getFormat should never be called from here!
02-20 21:27:00.832  1927  1927 D SMSDispatcher: SMSDispatcher: ctor mSmsCapable=true format=unknown mSmsSendDisabled=false
02-20 21:27:00.832  1927  1927 D RIL_ImsSms: ImsSMSDispatcher created
02-20 21:27:00.835  1655  1736 D WifiNative-HAL: Setting external_sim to 1
02-20 21:27:00.835  1927  1927 D SMSDispatcher: SMSDispatcher: ctor mSmsCapable=true format=3gpp2 mSmsSendDisabled=false
02-20 21:27:00.835  1927  1927 D CdmaSMSDispatcher: CdmaSMSDispatcher created
02-20 21:27:00.836  1655  1736 D WifiStateMachine: Setting OUI to DA-A1-19
02-20 21:27:00.838  1655  1736 I WifiConnectivityManager: PNO settings: min5GHzRssi -82 min24GHzRssi -85 currentConnectionBonus 16 sameNetworkBonus 24 secureNetworkBonus 80 initialScoreMax 100
02-20 21:27:00.838  1655  1736 I WifiConnectivityManager: ConnectivityScanManager initialized and disabled
02-20 21:27:00.838  1655  1736 I WifiConnectivityManager: setUntrustedConnectionAllowed: allowed=false
02-20 21:27:00.838  1655  1736 E WifiLogger: no ring buffers found
02-20 21:27:00.838  1655  1736 E WifiLogger: Failed to start packet fate monitoring
02-20 21:27:00.841  1943  1998 D EGL_emulation: eglCreateContext: 0x7b04e19ee480: maj 3 min 0 rcv 3
02-20 21:27:00.843  1927  1927 D GsmInboundSmsHandler: created InboundSmsHandler
02-20 21:27:00.846  1927  1927 D CdmaInboundSmsHandler: created InboundSmsHandler
02-20 21:27:00.850  1655  1655 I Telecom : Class: TelecomSystem.INSTANCE being set
02-20 21:27:00.850  1655  1655 E BluetoothAdapter: Bluetooth binder is null
02-20 21:27:00.851  1927  1927 D SMSDispatcher: SMSDispatcher: ctor mSmsCapable=true format=3gpp mSmsSendDisabled=false
02-20 21:27:00.851  1927  1927 D GsmSMSDispatcher: GsmSMSDispatcher created
02-20 21:27:00.851  1655  1655 W ContextImpl: Calling a method in the system process without a qualified user: android.app.ContextImpl.startService:1357 com.android.server.content.SyncManager$13.run:658 android.os.Handler.handleCallback:751 android.os.Handler.dispatchMessage:95 android.os.Looper.loop:154 
02-20 21:27:00.851  1927  2017 D GsmInboundSmsHandler: StartupState.processMessage:6
02-20 21:27:00.851  1927  2017 D GsmInboundSmsHandler: entering Idle state
02-20 21:27:00.851  1927  2019 D CdmaInboundSmsHandler: StartupState.processMessage:6
02-20 21:27:00.852  1927  2019 D CdmaInboundSmsHandler: entering Idle state
02-20 21:27:00.859  1927  1927 D IccCardProxy: ctor: ci=com.android.internal.telephony.RIL@7b3ad46 phoneId=0
02-20 21:27:00.860  1927  1927 D CdmaSSM : subscriptionSource from settings: 0
02-20 21:27:00.860  1927  1927 D CdmaSSM : cdmaSSM constructor: 0
02-20 21:27:00.860  1927  1927 D IccCardProxy: update icc_operator_numeric=
02-20 21:27:00.860  1927  1927 D TelephonyManager: setTelephonyProperty: success phoneId=0 property=gsm.sim.operator.numeric value:  propVal=
02-20 21:27:00.861  1927  1927 D TelephonyManager: setTelephonyProperty: success phoneId=0 property=gsm.sim.operator.iso-country value:  propVal=
02-20 21:27:00.861  1927  1927 D TelephonyManager: setTelephonyProperty: success phoneId=0 property=gsm.sim.operator.alpha value:  propVal=
02-20 21:27:00.861  1927  1927 E IccCardProxy: setExternalState: set mPhoneId=0 mExternalState=NOT_READY
02-20 21:27:00.861  1927  1927 D TelephonyManager: setTelephonyProperty: success phoneId=0 property=gsm.sim.state value: NOT_READY propVal=NOT_READY
02-20 21:27:00.863  1927  1927 D IccCardProxy: broadcastIccStateChangedIntent intent ACTION_SIM_STATE_CHANGED value=NOT_READY reason=null for mPhoneId=0
02-20 21:27:00.869  1927  1927 D RILJ    : setPhoneType=1 old value=0 [SUB0]
02-20 21:27:00.869  1927  1927 D TelephonyManager: setTelephonyProperty: success phoneId=0 property=gsm.current.phone-type value: 1 propVal=1
02-20 21:27:00.871  1927  1927 D IccCardProxy: Setting radio tech UMTS
02-20 21:27:00.871  1927  1927 D IccCardProxy: updateQuietMode: 3GPP subscription -> newQuietMode=false
02-20 21:27:00.871  1927  1927 D IccCardProxy: updateQuietMode: no changes don't setExternalState
02-20 21:27:00.871  1927  1927 D IccCardProxy: updateQuietMode: QuietMode is false (app_type=1 cdmaSource=-1)
02-20 21:27:00.877  1927  1927 W CarrierConfigManager: Error getting config for subId -1 ICarrierConfigLoader is null
