02-20 21:27:02.579  1927  1927 D SubscriptionInfoUpdater: simStatus: READY
02-20 21:27:02.579  1927  1927 D SubscriptionInfoUpdater: Ignoring simStatus: READY
02-20 21:27:02.579  1927  1927 D SubscriptionInfoUpdater: [Receiver]-
02-20 21:27:02.579  1927  2005 D RILJ    : [3728]< SIM_IO IccIoResponse sw1:0x90 sw2:0x0 [SUB0]
02-20 21:27:02.579  1927  1927 E SST     : error parsing GprsRegistrationState: java.lang.NumberFormatException: null
02-20 21:27:02.579  1927  1927 D SST     : handlPollStateResultMessage: GsmSST setDataRegState=0 regState=1 dataRadioTechnology=14
02-20 21:27:02.579  1927  1927 D SST     : EVENT_POLL_STATE_NETWORK_SELECTION_MODE
02-20 21:27:02.581  1375  1465 D RIL     : onRequest: SIM_IO
02-20 21:27:02.582  1375  1465 D AT      : AT> AT+CRSM=176,28438,0,0,2
02-20 21:27:02.582  1375  1467 D AT      : AT< +CRSM: 144,0,0233
02-20 21:27:02.582  1375  1467 D AT      : AT< OK
02-20 21:27:02.582  1927  1927 D SST     : Poll ServiceState done:  oldSS=[0 0 voice home data home Android Android 310260 Android Android 310260  Unknown LTE CSS not supported -1 -1 RoamInd=-1 DefRoamInd=-1 EmergOnly=false IsDataRoamingFromRegistration=false IsUsingCarrierAggregation=false] newSS=[0 0 voice home data home Android Android 310260 Android Android 310260  Unknown LTE CSS not supported -1 -1 RoamInd=-1 DefRoamInd=-1 EmergOnly=false IsDataRoamingFromRegistration=false IsUsingCarrierAggregation=false] oldMaxDataCalls=1 mNewMaxDataCalls=1 oldReasonDataDenied=-1 mNewReasonDataDenied=-1
02-20 21:27:02.582  1927  1927 D RuimRecords: [RuimRecords] NO update mccmnc=310260
02-20 21:27:02.582  1927  1927 D RuimRecords: [RuimRecords] onRecordLoaded 9 requested: true
02-20 21:27:02.583  1927  1927 D RILJ    : [3730]> iccIO: SIM_IO 0xb0 0x2fe2  path: 3F00,0,0,10 aid: null [SUB0]
02-20 21:27:02.583  1927  2005 D RILJ    : [3729]< SIM_IO IccIoResponse sw1:0x90 sw2:0x0 [SUB0]
02-20 21:27:02.585  1927  1927 D RILJ    : [3731]> RIL_REQUEST_SIM_CLOSE_CHANNEL [SUB0]
02-20 21:27:02.586  1927  1927 D IccCardProxy: broadcastIccStateChangedIntent intent ACTION_SIM_STATE_CHANGED value=IMSI reason=null for mPhoneId=0
02-20 21:27:02.587  1927  1927 D SIMRecords: [SIMRecords] onRecordLoaded 15 requested: true
02-20 21:27:02.590  1375  1465 D RIL     : onRequest: SIM_IO
02-20 21:27:02.590  1375  1465 D AT      : AT> AT+CRSM=176,12258,0,0,10
02-20 21:27:02.590  1375  1467 D AT      : AT< +CRSM: 144,0,98101430121181157002
02-20 21:27:02.590  1375  1467 D AT      : AT< OK
02-20 21:27:02.590  1927  2005 D RILJ    : [3730]< SIM_IO IccIoResponse sw1:0x90 sw2:0x0 [SUB0]
02-20 21:27:02.590  1375  1465 D RIL     : onRequest: SIM_CLOSE_CHANNEL
02-20 21:27:02.590  1375  1465 D AT      : AT> AT+CCHC=1
02-20 21:27:02.590  1375  1467 D AT      : AT< +CCHC
02-20 21:27:02.590  1375  1467 D AT      : AT< OK
02-20 21:27:02.590  1927  2005 D RILJ    : [3731]< RIL_REQUEST_SIM_CLOSE_CHANNEL  [SUB0]
02-20 21:27:02.591  1927  1927 D RILJ    : [3732]> iccIO: SIM_IO 0xc0 0x6f14  path: 3F007F20,0,0,15 aid: null [SUB0]
02-20 21:27:02.593  1375  1465 D RIL     : onRequest: SIM_IO
02-20 21:27:02.593  1375  1465 D AT      : AT> AT+CRSM=192,28436,0,0,15
02-20 21:27:02.593  1927  1927 D SIMRecords: [SIMRecords] onRecordLoaded 15 requested: true
02-20 21:27:02.593  1927  1927 D SIMRecords: [SIMRecords] onRecordLoaded 14 requested: true
02-20 21:27:02.593  1375  1467 D AT      : AT< +CRSM: 144,0,000000146f1404001aa0aa01020000
02-20 21:27:02.593  1375  1467 D AT      : AT< OK
02-20 21:27:02.593  1927  2005 D RILJ    : [3732]< SIM_IO IccIoResponse sw1:0x90 sw2:0x0 [SUB0]
02-20 21:27:02.593  1927  1927 E SIMRecords: [SIMRecords] Exception in fetching EF_CSP data com.android.internal.telephony.CommandException: GENERIC_FAILURE
02-20 21:27:02.593  1927  1927 D SIMRecords: [SIMRecords] onRecordLoaded 13 requested: true
02-20 21:27:02.593  1927  1927 E SIMRecords: [SIMRecords] Exception in get GID1 com.android.internal.telephony.CommandException: GENERIC_FAILURE
02-20 21:27:02.593  1927  1927 D SIMRecords: [SIMRecords] onRecordLoaded 12 requested: true
02-20 21:27:02.593  1927  1927 E SIMRecords: [SIMRecords] Exception in get GID2 com.android.internal.telephony.CommandException: GENERIC_FAILURE
02-20 21:27:02.593  1927  1927 D SIMRecords: [SIMRecords] onRecordLoaded 11 requested: true
02-20 21:27:02.593  1927  1927 D RuimRecords: [RuimRecords] EF_PL LOADED
02-20 21:27:02.594  1927  1927 E RuimRecords: [RuimRecords] Record Load Exception: com.android.internal.telephony.CommandException: GENERIC_FAILURE
02-20 21:27:02.594  1927  1927 D RuimRecords: [RuimRecords] onRecordLoaded 8 requested: true
02-20 21:27:02.594  1927  1927 D RuimRecords: [RuimRecords] EF_CSIM_LI LOADED
02-20 21:27:02.594  1927  1927 E RuimRecords: [RuimRecords] Record Load Exception: com.android.internal.telephony.CommandException: GENERIC_FAILURE
02-20 21:27:02.594  1927  1927 D RuimRecords: [RuimRecords] onRecordLoaded 7 requested: true
02-20 21:27:02.594  1927  1927 D RuimRecords: [RuimRecords] EF_CSIM_SPN LOADED
02-20 21:27:02.594  1927  1927 E RuimRecords: [RuimRecords] Record Load Exception: com.android.internal.telephony.CommandException: GENERIC_FAILURE
02-20 21:27:02.594  1927  1927 D RuimRecords: [RuimRecords] onRecordLoaded 6 requested: true
02-20 21:27:02.594  1927  1927 D RuimRecords: [RuimRecords] EF_CSIM_MDN LOADED
02-20 21:27:02.594  1927  1927 E RuimRecords: [RuimRecords] Record Load Exception: com.android.internal.telephony.CommandException: GENERIC_FAILURE
02-20 21:27:02.594  1927  1927 D RuimRecords: [RuimRecords] onRecordLoaded 5 requested: true
02-20 21:27:02.594  1927  1927 D RuimRecords: [RuimRecords] EF_CSIM_IMSIM LOADED
02-20 21:27:02.594  1927  1927 E RuimRecords: [RuimRecords] Record Load Exception: com.android.internal.telephony.CommandException: GENERIC_FAILURE
02-20 21:27:02.594  1927  1927 D RuimRecords: [RuimRecords] onRecordLoaded 4 requested: true
02-20 21:27:02.594  1927  1927 D RuimRecords: [RuimRecords] EF_CSIM_CDMAHOME LOADED
02-20 21:27:02.594  1927  1927 E RuimRecords: [RuimRecords] Record Load Exception: com.android.internal.telephony.CommandException: GENERIC_FAILURE
02-20 21:27:02.594  1927  1927 D RuimRecords: [RuimRecords] onRecordLoaded 3 requested: true
02-20 21:27:02.594  1927  1927 D RuimRecords: [RuimRecords] EF_CSIM_EPRL LOADED
02-20 21:27:02.594  1927  1927 E RuimRecords: [RuimRecords] Record Load Exception: com.android.internal.telephony.CommandException: GENERIC_FAILURE
02-20 21:27:02.594  1927  1927 D RuimRecords: [RuimRecords] onRecordLoaded 2 requested: true
02-20 21:27:02.594  1927  1927 D RuimRecords: [RuimRecords] EF_CSIM_MIPUPP LOADED
02-20 21:27:02.594  1927  1927 E RuimRecords: [RuimRecords] Record Load Exception: com.android.internal.telephony.CommandException: GENERIC_FAILURE
02-20 21:27:02.594  1927  1927 D RuimRecords: [RuimRecords] onRecordLoaded 1 requested: true
02-20 21:27:02.596  1764  1764 D PhoneStatusBar: heads up is enabled
02-20 21:27:02.596  1927  1927 D SIMRecords: [SIMRecords] iccid: 89014103211118510720
02-20 21:27:02.596  1927  1927 D SIMRecords: [SIMRecords] onRecordLoaded 10 requested: true
02-20 21:27:02.605  1927  1927 D SIMRecords: [SIMRecords] EF_MBI: 01000000
02-20 21:27:02.605  1927  1927 D SIMRecords: [SIMRecords] Got valid mailbox number for MBDN
02-20 21:27:02.605  1927  1927 D RILJ    : [3733]> iccIO: SIM_IO 0xc0 0x6fc7  path: 3F007F20,0,0,15 aid: null [SUB0]
02-20 21:27:02.605  1927  1927 D SIMRecords: [SIMRecords] onRecordLoaded 10 requested: true
02-20 21:27:02.605  1927  1927 D SIMRecords: [SIMRecords] EF_AD: 00000003
02-20 21:27:02.605  1927  1927 D SIMRecords: [SIMRecords] setting4 mMncLength=3
02-20 21:27:02.605  1927  1927 D SIMRecords: [SIMRecords] update mccmnc=310260
02-20 21:27:02.605  1927  1927 D MccTable: updateMccMncConfiguration mccmnc='310260' fromServiceState=false
02-20 21:27:02.605  1375  1465 D RIL     : onRequest: SIM_IO
02-20 21:27:02.606  1375  1465 D AT      : AT> AT+CRSM=192,28615,0,0,15
02-20 21:27:02.606  1375  1467 D AT      : AT< +CRSM: 144,0,000000406fc7040011a0aa01020120
02-20 21:27:02.606  1375  1467 D AT      : AT< OK
02-20 21:27:02.606  1927  2005 D RILJ    : [3733]< SIM_IO IccIoResponse sw1:0x90 sw2:0x0 [SUB0]
02-20 21:27:02.606  1927  1927 D SubscriptionController: [getPhoneId]- no sims, returning default phoneId=2147483647
02-20 21:27:02.606  1927  1927 D MccTable: updateMccMncConfiguration defaultMccMnc=
02-20 21:27:02.606  1927  1927 D MccTable: updateMccMncConfiguration: mcc=310, mnc=260
02-20 21:27:02.606  1927  1927 D MccTable: updateMccMncConfiguration updateConfig config={1.0 310mcc260mnc ?localeList ?layoutDir ?swdp ?wdp ?hdp ?density ?lsize ?long ?orien ?uimode ?night ?touch ?keyb/?/? ?nav/?}
02-20 21:27:02.607  1655  1976 I configuration_changed: 3
02-20 21:27:02.607  1655  1976 I ActivityManager: Config changes=3 {1.0 310mcc260mnc [en_US] ldltr sw360dp w360dp h668dp 640dpi nrml long port finger -keyb/v/h -nav/h s.6}
02-20 21:27:02.608  1927  1939 D SubscriptionController: [getSlotId]- subId invalid
02-20 21:27:02.608  1764  2081 D TelephonyManager: getSimState: default sim:-1, sim state for slotIdx=0 is 5, return state as unknown
02-20 21:27:02.610  1655  1976 I am_relaunch_resume_activity: [0,255650046,1,com.android.settings/.FallbackHome]
02-20 21:27:02.611  1943  1943 I am_on_paused_called: [0,com.android.settings.FallbackHome,handleRelaunchActivity]
02-20 21:27:02.611  1927  1927 D SIMRecords: [SIMRecords] onRecordLoaded 9 requested: true
02-20 21:27:02.612  1927  1927 D SIMRecords: [SIMRecords] EF_MWIS : 0000000000
02-20 21:27:02.612  1927  1927 D SIMRecords: [SIMRecords] onRecordLoaded 8 requested: true
02-20 21:27:02.612  1927  1927 D SIMRecords: [SIMRecords] EF_CPHS_MWI: 55
02-20 21:27:02.612  1927  1927 D SIMRecords: [SIMRecords] onRecordLoaded 7 requested: true
02-20 21:27:02.612  1927  1927 D SubscriptionInfoUpdater: [Receiver]+
02-20 21:27:02.612  1927  1927 D SubscriptionInfoUpdater: Action: android.intent.action.SIM_STATE_CHANGED
02-20 21:27:02.612  1927  1927 D SubscriptionInfoUpdater: slotId: 0
02-20 21:27:02.612  1927  1927 D SubscriptionInfoUpdater: simStatus: IMSI
02-20 21:27:02.612  1927  1927 D SubscriptionInfoUpdater: Ignoring simStatus: IMSI
02-20 21:27:02.612  1927  1927 D SubscriptionInfoUpdater: [Receiver]-
02-20 21:27:02.612  1927  1927 D SIMRecords: [SIMRecords] EF_CFF_CPHS: 55
02-20 21:27:02.612  1927  1927 D SIMRecords: [SIMRecords] onRecordLoaded 6 requested: true
02-20 21:27:02.623  1927  2055 D DCT     : [0]hasMatchedTetherApnSetting: APN=null
02-20 21:27:02.618  1927  1927 D SIMRecords: [SIMRecords] onRecordLoaded 5 requested: true
02-20 21:27:02.626  1927  1927 D RILJ    : [3734]> iccIO: SIM_IO 0xb0 0x6f14  path: 3F007F20,0,0,20 aid: null [SUB0]
02-20 21:27:02.626  1375  1465 D RIL     : onRequest: SIM_IO
02-20 21:27:02.626  1375  1465 D AT      : AT> AT+CRSM=176,28436,0,0,20
02-20 21:27:02.626  1375  1467 D AT      : AT< +CRSM: 144,0,416e64726f6964ffffffffffffffffffffffffff
02-20 21:27:02.626  1375  1467 D AT      : AT< OK
02-20 21:27:02.627  1927  2005 D RILJ    : [3734]< SIM_IO IccIoResponse sw1:0x90 sw2:0x0 [SUB0]
02-20 21:27:02.627  1927  1927 D SIMRecords: [SIMRecords] SST: UsimServiceTable[120]={ PHONEBOOK, FDN, FDN_EXTENSION, SDN, SDN_EXTENSION, BDN, BDN_EXTENSION, OUTGOING_CALL_INFO, ADVICE_OF_CHARGE, CAP_CONFIG_PARAMS_2, GROUP_ID_LEVEL_1, GROUP_ID_LEVEL_2, SPN, USER_PLMN_SELECT, MSISDN, IMAGE, LOCALISED_SERVICE_AREAS, EMLPP, EMLPP_AUTO_ANSWER, RFU, GSM_ACCESS, DATA_DL_VIA_SMS_PP, DATA_DL_VIA_SMS_CB, CALL_CONTROL_BY_USIM, MO_SMS_CONTROL_BY_USIM, RUN_AT_COMMAND, APN_CONTROL_LIST, DEPERSONALISATION_CONTROL_KEYS, COOPERATIVE_NETWORK_LIST, GSM_SECURITY_CONTEXT, SERVICE_PROVIDER_DISPLAY_INFO, MMS_NOTIFICATION, MMS_NOTIFICATION_EXTENSION, GPRS_CALL_CONTROL_BY_USIM, VGCS_GROUP_ID_LIST, VBS_GROUP_ID_LIST, OMA_BCAST_PROFILE, GBA_LOCAL_KEY_ESTABLISHMENT, #101, #102, #103, #104, #105, #106, #107, #108, #109, #110 }
02-20 21:27:02.627  1927  1927 D SIMRecords: [SIMRecords] onRecordLoaded 4 requested: true
02-20 21:27:02.627  1927  1927 D SIMRecords: [SIMRecords] iCPHS: 0233
02-20 21:27:02.627  1927  1927 D SIMRecords: [SIMRecords] onRecordLoaded 3 requested: true
02-20 21:27:02.627  1927  1927 D SIMRecords: [SIMRecords] MSISDN: [t-WgLegCyIMgfHgPkOdM6pkZbpA]
02-20 21:27:02.627  1927  1927 D SIMRecords: [SIMRecords] onRecordLoaded 2 requested: true
02-20 21:27:02.627  1927  1927 D RILJ    : [3735]> iccIO: SIM_IO 0xb2 0x6fc7  path: 3F007F20,1,4,32 aid: null [SUB0]
02-20 21:27:02.627  1375  1465 D RIL     : onRequest: SIM_IO
02-20 21:27:02.627  1375  1465 D AT      : AT> AT+CRSM=178,28615,1,4,32
02-20 21:27:02.628  1375  1467 D AT      : AT< +CRSM: 144,0,566f6963656d61696cffffffffffffffffff07915155125740f9ffffffffffff
02-20 21:27:02.628  1375  1467 D AT      : AT< OK
02-20 21:27:02.628  1927  2005 D RILJ    : [3735]< SIM_IO IccIoResponse sw1:0x90 sw2:0x0 [SUB0]
02-20 21:27:02.631  1943  1998 D EGL_emulation: eglMakeCurrent: 0x7b04e19ee480: ver 3 0 (tinfo 0x7b04e19e0f40)
02-20 21:27:02.639  1943  1943 I am_on_stop_called: [0,com.android.settings.FallbackHome,destroy]
02-20 21:27:02.648  1927  1939 D SubscriptionController: [getActiveSubInfoList] Sub Controller not ready
02-20 21:27:02.656  1927  2055 D SubscriptionController: [getActiveSubInfoList] Sub Controller not ready
02-20 21:27:02.677  1927  1927 D RuimRecords: [RuimRecords] iccid: 89014103211118510720
02-20 21:27:02.677  1927  1927 D RuimRecords: [RuimRecords] onRecordLoaded 0 requested: true
02-20 21:27:02.677  1927  1927 D RuimRecords: [RuimRecords] record load complete
02-20 21:27:02.677  1927  1927 D SIMRecords: [SIMRecords] getServiceProviderName: no brandOverride, providerName=Android
02-20 21:27:02.677  1927  1927 D SIMRecords: [SIMRecords] Load EF_SPN_CPHS: Android
02-20 21:27:02.677  1927  1927 D TelephonyManager: setTelephonyProperty: success phoneId=0 property=gsm.sim.operator.alpha value: Android propVal=Android
02-20 21:27:02.678  1927  1927 D SIMRecords: [SIMRecords] onRecordLoaded 1 requested: true
02-20 21:27:02.679  1927  1927 D SIMRecords: [SIMRecords] VM: ADN Record 'Voicemail' '[-MWU1cAlDrkXUZ8dpHi_wU_YOpU] null' EF[MBDN]
02-20 21:27:02.679  1927  1927 D SIMRecords: [SIMRecords] onRecordLoaded 0 requested: true
02-20 21:27:02.679  1927  1927 D SIMRecords: [SIMRecords] record load complete
02-20 21:27:02.679  1927  1927 D SIMRecords: [SIMRecords] Not using EF LI/EF PL
02-20 21:27:02.679  1927  1927 D SIMRecords: [SIMRecords] EF_CFF: callForwardingEnabled=0
02-20 21:27:02.679  1927  1927 D SIMRecords: [SIMRecords] onAllRecordsLoaded set 'gsm.sim.operator.numeric' to operator='310260'
02-20 21:27:02.679  1927  1927 D SIMRecords: [SIMRecords] update icc_operator_numeric=310260
02-20 21:27:02.679  1927  1927 D TelephonyManager: setTelephonyProperty: success phoneId=0 property=gsm.sim.operator.numeric value: 310260 propVal=310260
02-20 21:27:02.679  1927  1927 D SubscriptionController: [setMccMnc]+ mcc/mnc:310/260 subId:-1
02-20 21:27:02.681  1312  1362 D gralloc_ranchu: gralloc_alloc: Creating ashmem region of size 15945728
02-20 21:27:02.683  1927  1939 D SubscriptionController: [getPhoneId]- no sims, returning default phoneId=2147483647
02-20 21:27:02.689  1764  2078 E ActivityThread: Failed to find provider info for com.android.contacts
02-20 21:27:02.702  1927  1927 D SubscriptionController: notifySubscriptionInfoChanged:
02-20 21:27:02.704  1655  1655 I GnssLocationProvider: WakeLock acquired by sendMessage(12, 0, null)
02-20 21:27:02.704  1927  2055 D SubscriptionController: [getActiveSubInfoList] Sub Controller not ready
02-20 21:27:02.704  1927  1927 D SIMRecords: [SIMRecords] onAllRecordsLoaded set mcc imsi
02-20 21:27:02.704  1927  1927 D TelephonyManager: setTelephonyProperty: success phoneId=0 property=gsm.sim.operator.iso-country value: us propVal=us
02-20 21:27:02.706  1927  1927 D SST     : SubscriptionListener.onSubscriptionInfoChanged
02-20 21:27:02.706  1927  1927 D SIMRecords: [SIMRecords]  VoiceMessageCount from SIM MWIS = 0
02-20 21:27:02.706  1927  1927 E Phone   : getStoredVoiceMessageCount: invalid subId -2
02-20 21:27:02.706  1927  1927 D GsmCdmaPhone: [GsmCdmaPhone] updateVoiceMail countVoiceMessages = 0 subId -2
02-20 21:27:02.706  1927  1927 E Phone   : setVoiceMessageCount in sharedPreference: invalid subId -2
02-20 21:27:02.706  1927  1927 D DCT     : [0]SubscriptionListener.onSubscriptionInfoChanged
02-20 21:27:02.706  1927  1927 D SubscriptionController: [getActiveSubInfoList] Sub Controller not ready
02-20 21:27:02.706  1927  1927 D SubscriptionController: [getActiveSubInfoList] Sub Controller not ready
02-20 21:27:02.706  1927  1927 I Telephony: PstnIncomingCallNotifier: Unregistering: Handler (com.android.internal.telephony.GsmCdmaPhone) {fca4ccd}
02-20 21:27:02.707  1927  2055 D SubscriptionController: [getActiveSubInfoList] Sub Controller not ready
02-20 21:27:02.707  1927  1927 E PhoneInterfaceManager: [PhoneIntfMgr] getIccId: No UICC
02-20 21:27:02.710  1655  1688 I Telecom : PhoneAccountRegistrar: [ComponentInfo{com.android.phone/com.android.services.telephony.TelephonyConnectionService}, [e0184adedf913b076626646d3f52c3b49c39ad6d], UserHandle{0}(addr: tel:*********** -> tel:)(icon: Icon(typ=BITMAP size=76x96) -> Icon(typ=BITMAP size=76x96))(subAddr: tel:*********** -> tel:)]: TSI.rPA@AAo
02-20 21:27:02.711  1655  1688 I Telecom : : Sending phone-account registered intent as user: TSI.rPA@AAo
02-20 21:27:02.712  1927  1927 I Telephony: AccountEntry: Registered phoneAccount: [[ ] PhoneAccount: ComponentInfo{com.android.phone/com.android.services.telephony.TelephonyConnectionService}, [e0184adedf913b076626646d3f52c3b49c39ad6d], UserHandle{0} Capabilities: CallProvider MultiUser PlaceEmerg SimSub  Schemes: tel voicemail  Extras: null GroupId: [da39a3ee5e6b4b0d3255bfef95601890afd80709]] with handle: ComponentInfo{com.android.phone/com.android.services.telephony.TelephonyConnectionService}, [e0184adedf913b076626646d3f52c3b49c39ad6d], UserHandle{0}
02-20 21:27:02.712  1927  1927 I Telephony: PstnIncomingCallNotifier: Registering: Handler (com.android.internal.telephony.GsmCdmaPhone) {fca4ccd}
02-20 21:27:02.713  1927  1927 D CAT     : CatService: handleMessage[20]
02-20 21:27:02.713  1927  1927 D GsmCdmaPhone: [GsmCdmaPhone] updateCurrentCarrierInProvider: mSubId = -2 currentDds = 1 operatorNumeric = 310260
02-20 21:27:02.713  1927  1927 D IccCardProxy: operator=310260 mPhoneId=0
02-20 21:27:02.713  1927  1927 D TelephonyManager: setTelephonyProperty: success phoneId=0 property=gsm.sim.operator.numeric value: 310260 propVal=310260
02-20 21:27:02.714  1927  1927 D TelephonyManager: setTelephonyProperty: success phoneId=0 property=gsm.sim.operator.iso-country value: us propVal=us
02-20 21:27:02.714  1927  1927 D IccCardProxy: Sending intent ACTION_INTERNAL_SIM_STATE_CHANGED for mPhoneId : 0
02-20 21:27:02.714  1927  1927 D SST     : EVENT_SIM_RECORDS_LOADED: what=16
02-20 21:27:02.714  1927  1927 D GsmCdmaPhone: [GsmCdmaPhone] updatePhoneObject: radioTechnology=0
02-20 21:27:02.714  1927  1927 D SST     : getOtasp: otasp not needed for GSM
02-20 21:27:02.714  1927  1927 D SST     : updateOtaspState: call notifyOtaspChanged old otaspMode=0 new otaspMode=3
02-20 21:27:02.714  1927  1927 D SIMRecords: [SIMRecords] getServiceProviderName: no brandOverride, providerName=Android
02-20 21:27:02.714  1927  1927 D SIMRecords: [SIMRecords] getServiceProviderName: no brandOverride, providerName=Android
02-20 21:27:02.714  1927  1927 D SST     : updateSpnDisplay: changed sending intent rule=1 showPlmn='false' plmn='Android' showSpn='true' spn='Android' dataSpn='Android' subId='-2'
02-20 21:27:02.715  1927  1927 D SubscriptionController: [setPlmnSpn] No valid subscription to store info
02-20 21:27:02.715  1927  1927 D SubscriptionController: notifySubscriptionInfoChanged:
02-20 21:27:02.715  1655  1655 I GnssLocationProvider: WakeLock acquired by sendMessage(12, 0, null)
02-20 21:27:02.715  1927  2096 D SubscriptionController: [getActiveSubInfoList] Sub Controller not ready
02-20 21:27:02.716  1927  1927 E PhoneInterfaceManager: [PhoneIntfMgr] getIccId: No UICC
02-20 21:27:02.718  1655  1976 I Telecom : PhoneAccountRegistrar: [ComponentInfo{com.android.phone/com.android.services.telephony.TelephonyConnectionService}, [e0184adedf913b076626646d3f52c3b49c39ad6d], UserHandle{0}(icon: Icon(typ=BITMAP size=76x96) -> Icon(typ=BITMAP size=76x96))]: TSI.rPA@AA0
02-20 21:27:02.719  1655  1976 I Telecom : : Sending phone-account registered intent as user: TSI.rPA@AA0
02-20 21:27:02.719  1927  1927 D SubscriptionInfoUpdater: [Receiver]+
02-20 21:27:02.719  1927  1927 D SubscriptionInfoUpdater: Action: android.intent.action.internal_sim_state_changed
02-20 21:27:02.719  1927  1927 D SubscriptionInfoUpdater: slotId: 0
02-20 21:27:02.719  1927  1927 D SubscriptionInfoUpdater: simStatus: LOADED
02-20 21:27:02.719  1927  1927 D SubscriptionInfoUpdater: [Receiver]-
02-20 21:27:02.719  1927  1927 D GsmCdmaPhone: [GsmCdmaPhone] phoneObjectUpdater: newVoiceRadioTech=0
02-20 21:27:02.719  1927  1927 D GsmCdmaPhone: [GsmCdmaPhone] phoneObjectUpdater: volteReplacementRat=0
02-20 21:27:02.719  1927  1927 E GsmCdmaPhone: [GsmCdmaPhone] phoneObjectUpdater: newVoiceRadioTech=0 doesn't match either CDMA or GSM - error! No phone change
02-20 21:27:02.719  1927  1927 D SST     : SubscriptionListener.onSubscriptionInfoChanged
02-20 21:27:02.719  1927  1927 D DCT     : [0]SubscriptionListener.onSubscriptionInfoChanged
02-20 21:27:02.719  1927  1927 D SubscriptionController: [getActiveSubInfoList] Sub Controller not ready
02-20 21:27:02.720  1927  1927 D SubscriptionController: [getActiveSubInfoList] Sub Controller not ready
02-20 21:27:02.720  1927  1927 I Telephony: PstnIncomingCallNotifier: Unregistering: Handler (com.android.internal.telephony.GsmCdmaPhone) {fca4ccd}
02-20 21:27:02.720  1927  1927 E PhoneInterfaceManager: [PhoneIntfMgr] getIccId: No UICC
02-20 21:27:02.722  1927  1942 D SubscriptionController: [getActiveSubInfoList] Sub Controller not ready
02-20 21:27:02.723  1655  1688 I Telecom : PhoneAccountRegistrar: [ComponentInfo{com.android.phone/com.android.services.telephony.TelephonyConnectionService}, [e0184adedf913b076626646d3f52c3b49c39ad6d], UserHandle{0}(icon: Icon(typ=BITMAP size=76x96) -> Icon(typ=BITMAP size=76x96))]: TSI.rPA@AA4
02-20 21:27:02.724  1655  1688 I Telecom : : Sending phone-account registered intent as user: TSI.rPA@AA4
02-20 21:27:02.724  1927  1927 I Telephony: AccountEntry: Registered phoneAccount: [[ ] PhoneAccount: ComponentInfo{com.android.phone/com.android.services.telephony.TelephonyConnectionService}, [e0184adedf913b076626646d3f52c3b49c39ad6d], UserHandle{0} Capabilities: CallProvider MultiUser PlaceEmerg SimSub  Schemes: tel voicemail  Extras: null GroupId: [da39a3ee5e6b4b0d3255bfef95601890afd80709]] with handle: ComponentInfo{com.android.phone/com.android.services.telephony.TelephonyConnectionService}, [e0184adedf913b076626646d3f52c3b49c39ad6d], UserHandle{0}
02-20 21:27:02.724  1927  1927 I Telephony: PstnIncomingCallNotifier: Registering: Handler (com.android.internal.telephony.GsmCdmaPhone) {fca4ccd}
02-20 21:27:02.731  1927  1927 D SubscriptionInfoUpdater: handleSimStateLoadedInternal: slotId: 0
02-20 21:27:02.731  1927  1927 D SubscriptionInfoUpdater: All IccIds query complete
02-20 21:27:02.731  1927  1927 D SubscriptionInfoUpdater: updateSubscriptionInfoByIccId:+ Start
02-20 21:27:02.732  1927  1927 D SubscriptionController: [clearSubInfo]- no simInfo size=0
02-20 21:27:02.732  1927  1927 D SubscriptionInfoUpdater: insertedSimCount = 1
02-20 21:27:02.732  1927  1927 D SubscriptionController: [getSubInfoUsingSlotIdWithCheck]+ slotId:0
02-20 21:27:02.735  1927  1927 D SubscriptionController: [getPhoneId]- no sims, returning default phoneId=2147483647
02-20 21:27:02.735  1927  1927 D SubscriptionController: [getPhoneId]- no sims, returning default phoneId=2147483647
02-20 21:27:02.736  1927  1927 D SubscriptionController: [getPhoneId]- no sims, returning default phoneId=2147483647
02-20 21:27:02.737  1927  1927 D SubscriptionController: [getSubInfoUsingSlotId]- null info return
02-20 21:27:02.737  1927  1927 D SubscriptionInfoUpdater: updateSubscriptionInfoByIccId: oldSubId = 1
02-20 21:27:02.737  1927  1927 D SubscriptionInfoUpdater: updateSubscriptionInfoByIccId: oldIccId[0] = 89014103211118510720, sIccId[0] = 89014103211118510720
02-20 21:27:02.737  1927  1927 D SubscriptionController: [addSubInfoRecord]+ iccId:89014103211118510720 slotId:0
02-20 21:27:02.738  1927  1927 D SubscriptionController: [getActiveSubInfoList] Sub Controller not ready
02-20 21:27:02.739  1927  1927 D SubscriptionController: [addSubInfoRecord] Record already exists
02-20 21:27:02.740  1927  1927 D SubscriptionController: [addSubInfoRecord] sSlotIdxToSubId.size=1 slotId=0 subId=1 defaultSubId=1 simCount=1
02-20 21:27:02.740  1927  1927 D SubscriptionController: [setDefaultFallbackSubId] subId=1
02-20 21:27:02.741  1927  1927 D SubscriptionController: [setDefaultFallbackSubId] set mDefaultFallbackSubId=1
02-20 21:27:02.741  1927  1927 D MccTable: updateMccMncConfiguration mccmnc='310260' fromServiceState=false
02-20 21:27:02.742  1927  1927 D MccTable: updateMccMncConfiguration defaultMccMnc=310260
02-20 21:27:02.742  1927  1927 D MccTable: updateMccMncConfiguration: mcc=310, mnc=260
02-20 21:27:02.742  1927  1927 D MccTable: updateMccMncConfiguration updateConfig config={1.0 310mcc260mnc ?localeList ?layoutDir ?swdp ?wdp ?hdp ?density ?lsize ?long ?orien ?uimode ?night ?touch ?keyb/?/? ?nav/?}
02-20 21:27:02.765  1655  1690 W GnssLocationProvider: Could not open GPS configuration file /etc/gps.conf
02-20 21:27:02.765  1655  1690 E GnssLocationProvider: no AGPS interface in set_agps_server
02-20 21:27:02.779  1655  1690 W GnssLocationProvider: Could not open GPS configuration file /etc/gps.conf
02-20 21:27:02.779  1655  1690 E GnssLocationProvider: no AGPS interface in set_agps_server
02-20 21:27:02.779  1655  1690 I GnssLocationProvider: WakeLock released by handleMessage(12, 0, null)
02-20 21:27:02.811  1927  1927 D SubscriptionController: [setDefaultFallbackSubId] broadcast default subId changed phoneId=0 subId=1
02-20 21:27:02.812  1927  1927 D SubscriptionController: [addSubInfoRecord] one sim set defaults to subId=1
02-20 21:27:02.813  1764  1764 I Choreographer: Skipped 36 frames!  The application may be doing too much work on its main thread.
02-20 21:27:02.814  1927  1927 D SubscriptionController: [setDefaultDataSubId] num phones=1, subId=1
02-20 21:27:02.814  1927  1927 D SubscriptionController: [setDefaultDataSubId] phoneId=0 subId=1 RAF=1
02-20 21:27:02.814  1927  1927 D ProxyController: setRadioCapability: Already in requested configuration, nothing to do.
02-20 21:27:02.814  1927  2096 D RILJ    : [3736]> RIL_REQUEST_GET_CELL_INFO_LIST [SUB0]
02-20 21:27:02.814  1927  1927 D SubscriptionController: [updateAllDataConnectionTrackers] sPhones.length=1
02-20 21:27:02.814  1927  1927 D SubscriptionController: [updateAllDataConnectionTrackers] phoneId=0
02-20 21:27:02.814  1927  1927 D DCT     : [0]update sub = 1
02-20 21:27:02.814  1927  1927 D DCT     : [0]update(): Active DDS, register for all events now!
02-20 21:27:02.814  1927  1927 D DCT     : [0]New records found.
02-20 21:27:02.815  1927  1927 D SST     : mDeviceShuttingDown=false, mDesiredPowerState=true, getRadioState=RADIO_ON, mPowerOffDelayNeed=true, mAlarmSwitch=false, mRadioDisabledByCarrier=false
02-20 21:27:02.815  1375  1465 D RIL     : onRequest: GET_CELL_INFO_LIST
02-20 21:27:02.815  1375  1465 D RILC    : responseCellInfoList: v12
02-20 21:27:02.815  1927  2005 D RILJ    : [3736]< RIL_REQUEST_GET_CELL_INFO_LIST [CellInfoGsm:{mRegistered=YES mTimeStampType=modem mTimeStamp=12942706825ns CellIdentityGsm:{ mMcc=310 mMnc=260 mLac=3 mCid=91 mArfcn=10 mBsic=0x0} CellSignalStrengthGsm: ss=643822008 ber=32095 mTa=651975804}] [SUB0]
02-20 21:27:02.816  1764  1764 D ViewRootImpl[StatusBar]: changeCanvasOpacity: opaque=true
02-20 21:27:02.817  1927  1927 D GsmCdmaPhone: [GsmCdmaPhone] updateCurrentCarrierInProvider: mSubId = 1 currentDds = 1 operatorNumeric = 310260
02-20 21:27:02.836  1927  1927 D SubscriptionController: [broadcastDefaultDataSubIdChanged] subId=1
02-20 21:27:02.841  1927  1927 D SubscriptionController: [setDefaultSmsSubId] subId=1
02-20 21:27:02.841  1927  1927 D SubscriptionController: [broadcastDefaultSmsSubIdChanged] subId=1
02-20 21:27:02.847  1943  1943 I am_on_resume_called: [0,com.android.settings.FallbackHome,handleRelaunchActivity]
02-20 21:27:02.857  1927  1927 D SubscriptionController: [setDefaultVoiceSubId] subId=1
02-20 21:27:02.857  1927  1927 D SubscriptionController: [broadcastDefaultVoiceSubIdChanged] subId=1
02-20 21:27:02.857  1927  1927 D SubscriptionController: [addSubInfoRecord] hashmap(0,1)
02-20 21:27:02.876  1927  1927 D SubscriptionController: [addSubInfoRecord] sim name = Android
02-20 21:27:02.876  1927  1927 D DCT     : [0]update sub = 1
02-20 21:27:02.876  1927  1927 D DCT     : [0]update(): Active DDS, register for all events now!
02-20 21:27:02.876  1927  1927 D GsmCdmaPhone: [GsmCdmaPhone] updateCurrentCarrierInProvider: mSubId = 1 currentDds = 1 operatorNumeric = 310260
02-20 21:27:02.908  1927  1927 D SubscriptionController: [addSubInfoRecord]- info size=1
02-20 21:27:02.909  1927  1927 D SubscriptionInfoUpdater: newSim = false
02-20 21:27:02.909  1927  1927 D SubscriptionInfoUpdater: updateSubscriptionInfoByIccId: sInsertSimState[0] = 0
02-20 21:27:02.912  1927  1927 D SubscriptionInfoUpdater: updateSubscriptionInfoByIccId: nSubCount = 1
02-20 21:27:02.914  1927  1927 D SubscriptionController: [setDefaultDataSubId] num phones=1, subId=1
02-20 21:27:02.914  1927  1927 D SubscriptionController: [setDefaultDataSubId] phoneId=0 subId=1 RAF=1
02-20 21:27:02.914  1927  1927 D ProxyController: setRadioCapability: Already in requested configuration, nothing to do.
02-20 21:27:02.914  1927  1927 D SubscriptionController: [updateAllDataConnectionTrackers] sPhones.length=1
02-20 21:27:02.914  1927  1927 D SubscriptionController: [updateAllDataConnectionTrackers] phoneId=0
02-20 21:27:02.915  1927  1927 D DCT     : [0]update sub = 1
02-20 21:27:02.915  1927  1927 D DCT     : [0]update(): Active DDS, register for all events now!
02-20 21:27:02.915  1927  1927 D GsmCdmaPhone: [GsmCdmaPhone] updateCurrentCarrierInProvider: mSubId = 1 currentDds = 1 operatorNumeric = 310260
02-20 21:27:02.932  1927  1927 D SubscriptionController: [broadcastDefaultDataSubIdChanged] subId=1
02-20 21:27:02.933  1927  1927 D SubscriptionController: notifySubscriptionInfoChanged:
02-20 21:27:02.933  1655  1655 I GnssLocationProvider: WakeLock acquired by sendMessage(12, 0, null)
02-20 21:27:02.934  1927  1942 D SubscriptionMonitor: Phone[0] subId changed -2->1, 1 registrants
02-20 21:27:02.934  1927  1942 D SubscriptionMonitor: mDefaultDataSubId = 1, 1 registrants
02-20 21:27:02.935  1927  1927 D SubscriptionInfoUpdater: updateSubscriptionInfoByIccId:- SsubscriptionInfo update complete
02-20 21:27:02.935  1927  1927 D MccTable: updateMccMncConfiguration mccmnc='310260' fromServiceState=false
02-20 21:27:02.935  1927  1927 D MccTable: updateMccMncConfiguration defaultMccMnc=310260
02-20 21:27:02.935  1927  1927 D MccTable: updateMccMncConfiguration: mcc=310, mnc=260
02-20 21:27:02.936  1927  1927 D MccTable: updateMccMncConfiguration updateConfig config={1.0 310mcc260mnc ?localeList ?layoutDir ?swdp ?wdp ?hdp ?density ?lsize ?long ?orien ?uimode ?night ?touch ?keyb/?/? ?nav/?}
02-20 21:27:02.942  1655  1690 W GnssLocationProvider: Could not open GPS configuration file /etc/gps.conf
02-20 21:27:02.942  1655  1690 E GnssLocationProvider: no AGPS interface in set_agps_server
02-20 21:27:02.942  1655  1690 I GnssLocationProvider: WakeLock released by handleMessage(12, 0, null)
02-20 21:27:02.961  1655  1692 V KeyguardServiceDelegate: *** Keyguard connected (yay!)
02-20 21:27:02.962  1655  1692 W WindowManager: Keyguard drawn timeout. Setting mKeyguardDrawComplete
02-20 21:27:02.963  1927  1927 D SubscriptionController: [setMccMnc]+ mcc/mnc:310/260 subId:1
02-20 21:27:02.991  1927  1927 D SubscriptionController: notifySubscriptionInfoChanged:
02-20 21:27:02.991  1655  1655 I GnssLocationProvider: WakeLock acquired by sendMessage(12, 0, null)
02-20 21:27:02.995  1655  1690 W GnssLocationProvider: Could not open GPS configuration file /etc/gps.conf
02-20 21:27:02.995  1655  1690 E GnssLocationProvider: no AGPS interface in set_agps_server
02-20 21:27:02.995  1655  1690 I GnssLocationProvider: WakeLock released by handleMessage(12, 0, null)
02-20 21:27:02.996  1927  1927 D SubscriptionController: [getActiveSubscriptionInfo]+ subId=1 subInfo={id=1, iccId=89014103211118510720 simSlotIndex=0 displayName=Android carrierName=Android nameSource=0 iconTint=-16746133 dataRoaming=0 iconBitmap=android.graphics.Bitmap@21cde51 mcc 310 mnc 260}
02-20 21:27:02.996  1927  1927 D SubscriptionInfoUpdater: sim name = Android
02-20 21:27:03.006  1655  1690 W GnssLocationProvider: Could not open GPS configuration file /etc/gps.conf
02-20 21:27:03.006  1655  1690 E GnssLocationProvider: no AGPS interface in set_agps_server
02-20 21:27:03.007  1927  1927 D SubscriptionInfoUpdater: Broadcasting intent ACTION_SIM_STATE_CHANGED LOADED reason null for mCardIndex: 0
02-20 21:27:03.009  1655  1655 D WifiService: resetting networks because SIM was loaded
02-20 21:27:03.009  1655  1736 D WifiStateMachine: resetting EAP-SIM/AKA/AKA' networks since SIM was changed
02-20 21:27:03.009  1927  1927 D CarrierConfigLoader: update config for phoneId: 0 simState: LOADED
02-20 21:27:03.009  1927  1927 D CarrierSvcBindHelper: update binding for phoneId: 0 simState: LOADED
02-20 21:27:03.015  1655  1690 I GnssLocationProvider: WakeLock released by handleMessage(12, 0, null)
02-20 21:27:03.025  1927  1927 D SubscriptionController: [getActiveSubscriptionInfo]+ subId=1 subInfo={id=1, iccId=89014103211118510720 simSlotIndex=0 displayName=Android carrierName=Android nameSource=0 iconTint=-16746133 dataRoaming=0 iconBitmap=android.graphics.Bitmap@63dd324 mcc 310 mnc 260}
02-20 21:27:03.025  1655  1690 W GnssLocationProvider: Could not open GPS configuration file /etc/gps.conf
02-20 21:27:03.025  1655  1690 E GnssLocationProvider: no AGPS interface in set_agps_server
02-20 21:27:03.031  1655  2101 I Telecom : PhoneAccountRegistrar: [ComponentInfo{com.android.phone/com.android.services.telephony.TelephonyConnectionService}, [e0184adedf913b076626646d3f52c3b49c39ad6d], UserHandle{0}(icon: Icon(typ=BITMAP size=76x96) -> Icon(typ=BITMAP size=76x96))]: TSI.rPA@ABE
02-20 21:27:03.031  2070  2070 I GAv4    : Google Analytics 9.2.56 is starting up. To enable debug logging on a device run:
02-20 21:27:03.031  2070  2070 I GAv4    :   adb shell setprop log.tag.GAv4 DEBUG
02-20 21:27:03.031  2070  2070 I GAv4    :   adb logcat -s GAv4
02-20 21:27:03.032  1655  2101 I Telecom : : Sending phone-account registered intent as user: TSI.rPA@ABE
02-20 21:27:03.034  1927  1927 I Telephony: PstnIncomingCallNotifier: Unregistering: Handler (com.android.internal.telephony.GsmCdmaPhone) {fca4ccd}
02-20 21:27:03.037  1927  1927 D SubscriptionController: [getActiveSubscriptionInfo]+ subId=1 subInfo={id=1, iccId=89014103211118510720 simSlotIndex=0 displayName=Android carrierName=Android nameSource=0 iconTint=-16746133 dataRoaming=0 iconBitmap=android.graphics.Bitmap@36c0689 mcc 310 mnc 260}
02-20 21:27:03.040  1655  2099 I Telecom : PhoneAccountRegistrar: New phone account registered: [[ ] PhoneAccount: ComponentInfo{com.android.phone/com.android.services.telephony.TelephonyConnectionService}, [e2f7d48dd2b5ca523e7313cf4ba0f6ea830b6281], UserHandle{0} Capabilities: CallProvider MultiUser PlaceEmerg SimSub  Schemes: tel voicemail  Extras: null GroupId: [da39a3ee5e6b4b0d3255bfef95601890afd80709]]: TSI.rPA@ABI
02-20 21:27:03.044  1655  2099 I Telecom : : Sending phone-account registered intent as user: TSI.rPA@ABI
02-20 21:27:03.044  1927  1927 I Telephony: AccountEntry: Registered phoneAccount: [[ ] PhoneAccount: ComponentInfo{com.android.phone/com.android.services.telephony.TelephonyConnectionService}, [e2f7d48dd2b5ca523e7313cf4ba0f6ea830b6281], UserHandle{0} Capabilities: CallProvider MultiUser PlaceEmerg SimSub  Schemes: tel voicemail  Extras: null GroupId: [da39a3ee5e6b4b0d3255bfef95601890afd80709]] with handle: ComponentInfo{com.android.phone/com.android.services.telephony.TelephonyConnectionService}, [e2f7d48dd2b5ca523e7313cf4ba0f6ea830b6281], UserHandle{0}
02-20 21:27:03.044  1927  1927 I Telephony: PstnIncomingCallNotifier: Registering: Handler (com.android.internal.telephony.GsmCdmaPhone) {fca4ccd}
02-20 21:27:03.046  1927  1927 I Telephony: TelecomAccountRegistry: Unregistering phone account ComponentInfo{com.android.phone/com.android.services.telephony.TelephonyConnectionService}, [e0184adedf913b076626646d3f52c3b49c39ad6d], UserHandle{0}.
02-20 21:27:03.048  1655  2101 I Telecom : : Sending phone-account unregistered intent as user: TSI.uPA@ABQ
02-20 21:27:03.049  1927  1927 D DCT     : [0]onRecordsLoadedOrSubIdChanged: createAllApnList
02-20 21:27:03.049  1927  1927 D DCT     : [0]createAllApnList: selection=numeric = '310260'
02-20 21:27:03.051  1927  1927 D DCT     : [0]createApnList: X result=[[ApnSettingV3] T-Mobile US, 1, 310260, epc.tmobile.com, , http://mms.msg.eng.t-mobile.com/mms/wapenc, , , , -1, *, IP, IP, true, 0, 0, 0, false, 0, 0, 0, 0, , , false]
02-20 21:27:03.052  1927  1927 D TelephonyProvider: subIdString = 1 subId = 1
02-20 21:27:03.055  2070  2105 W GAv4    : AnalyticsReceiver is not registered or is disabled. Register the receiver for reliable dispatching on non-Google Play devices. See http://goo.gl/8Rd3yj for instructions.
02-20 21:27:03.057  2070  2105 W GAv4    : CampaignTrackingReceiver is not registered, not exported or is disabled. Installation campaign tracking is not possible. See http://goo.gl/8Rd3yj for instructions.
02-20 21:27:03.060  1927  1927 D DCT     : [0]getPreferredApn: mRequestedApnType=default cursor=android.content.ContentResolver$CursorWrapperInner@f67ad9a cursor.count=1
02-20 21:27:03.060  1927  1927 D DCT     : [0]getPreferredApn: apnSetting=[ApnSettingV3] T-Mobile US, 1, 310260, epc.tmobile.com, , http://mms.msg.eng.t-mobile.com/mms/wapenc, , , , -1, *, IP, IP, true, 0, 0, 0, false, 0, 0, 0, 0, , , false
02-20 21:27:03.060  1927  1927 D DCT     : [0]getPreferredApn: X found apnSetting[ApnSettingV3] T-Mobile US, 1, 310260, epc.tmobile.com, , http://mms.msg.eng.t-mobile.com/mms/wapenc, , , , -1, *, IP, IP, true, 0, 0, 0, false, 0, 0, 0, 0, , , false
02-20 21:27:03.060  1927  1927 D DCT     : [0]createAllApnList: mPreferredApn=[ApnSettingV3] T-Mobile US, 1, 310260, epc.tmobile.com, , http://mms.msg.eng.t-mobile.com/mms/wapenc, , , , -1, *, IP, IP, true, 0, 0, 0, false, 0, 0, 0, 0, , , false
02-20 21:27:03.060  1927  1927 D DCT     : [0]createAllApnList: X mAllApnSettings=[[ApnSettingV3] T-Mobile US, 1, 310260, epc.tmobile.com, , http://mms.msg.eng.t-mobile.com/mms/wapenc, , , , -1, *, IP, IP, true, 0, 0, 0, false, 0, 0, 0, 0, , , false]
02-20 21:27:03.060  1927  1927 D DCT     : [0]setDataProfilesAsNeeded
02-20 21:27:03.060  1927  1927 D DCT     : [0]setInitialApn: E mPreferredApn=[ApnSettingV3] T-Mobile US, 1, 310260, epc.tmobile.com, , http://mms.msg.eng.t-mobile.com/mms/wapenc, , , , -1, *, IP, IP, true, 0, 0, 0, false, 0, 0, 0, 0, , , false
02-20 21:27:03.060  1927  1927 D DCT     : [0]setInitialApn: firstApnSetting=[ApnSettingV3] T-Mobile US, 1, 310260, epc.tmobile.com, , http://mms.msg.eng.t-mobile.com/mms/wapenc, , , , -1, *, IP, IP, true, 0, 0, 0, false, 0, 0, 0, 0, , , false
02-20 21:27:03.060  1927  1927 D DCT     : [0]setInitialApn: defaultApnSetting=[ApnSettingV3] T-Mobile US, 1, 310260, epc.tmobile.com, , http://mms.msg.eng.t-mobile.com/mms/wapenc, , , , -1, *, IP, IP, true, 0, 0, 0, false, 0, 0, 0, 0, , , false
02-20 21:27:03.060  1927  1927 D DCT     : [0]setInitialAttachApn: using mPreferredApn
02-20 21:27:03.060  1927  1927 D DCT     : [0]setInitialAttachApn: X selected Apn=[ApnSettingV3] T-Mobile US, 1, 310260, epc.tmobile.com, , http://mms.msg.eng.t-mobile.com/mms/wapenc, , , , -1, *, IP, IP, true, 0, 0, 0, false, 0, 0, 0, 0, , , false
02-20 21:27:03.060  1927  1927 D RILJ    : Set RIL_REQUEST_SET_INITIAL_ATTACH_APN [SUB0]
02-20 21:27:03.060  1927  1927 D RILJ    : [3737]> RIL_REQUEST_SET_INITIAL_ATTACH_APN, apn:epc.tmobile.com, protocol:IP, authType:-1, username:none, password:none [SUB0]
02-20 21:27:03.060  1927  1927 D DCT     : [0]onRecordsLoadedOrSubIdChanged: notifying data availability
02-20 21:27:03.061  1375  1465 D RIL     : onRequest: RIL_REQUEST_SET_INITIAL_ATTACH_APN
02-20 21:27:03.061  1375  1465 D RIL     : Request not supported. Tech: 1
02-20 21:27:03.061  1927  2005 D RilRequest: [3737]< RIL_REQUEST_SET_INITIAL_ATTACH_APN error: com.android.internal.telephony.CommandException: REQUEST_NOT_SUPPORTED ret=
02-20 21:27:03.061  1655  2101 D TelephonyRegistry: Notify data connection state changed on sub: 1
02-20 21:27:03.061  1655  2101 D TelephonyRegistry: Notify data connection state changed on sub: 1
02-20 21:27:03.076  2070  2105 W GAv4    : AnalyticsService not registered in the app manifest. Hits might not be delivered reliably. See http://goo.gl/8Rd3yj for instructions.
02-20 21:27:03.084  1927  1927 D DCT     : [0]setupDataOnConnectableApns: simLoaded hipri:[state=IDLE,enabled=false] mms:[state=IDLE,enabled=false] supl:[state=IDLE,enabled=false] ia:[state=IDLE,enabled=false] fota:[state=IDLE,enabled=false] ims:[state=IDLE,enabled=false] cbs:[state=IDLE,enabled=false] default:[state=IDLE,enabled=false] emergency:[state=IDLE,enabled=false] 
02-20 21:27:03.089  1927  1927 D SST     : SubscriptionListener.onSubscriptionInfoChanged
02-20 21:27:03.089  1927  2096 D SST     : SST.getAllCellInfo(): return last, back to back calls
02-20 21:27:03.090  1927  1927 D PhoneFactory: calculatePreferredNetworkType: phoneSubId = 1 networkType = 0
02-20 21:27:03.090  1927  1927 D Phone   : setPreferredNetworkType: Abort, unknown RAF: 1 101902
02-20 21:27:03.090  1927  1927 D Phone   : setNetworkSelectionModeAutomatic, querying current mode
02-20 21:27:03.090  1927  1927 D RILJ    : [3738]> QUERY_NETWORK_SELECTION_MODE [SUB0]
02-20 21:27:03.090  1927  1927 D TelephonyManager: setTelephonyProperty: success phoneId=0 property=gsm.network.type value: LTE propVal=LTE
02-20 21:27:03.090  1927  1939 D SST     : SST.getAllCellInfo(): return last, back to back calls
02-20 21:27:03.090  1927  1939 D SST     : SST.getAllCellInfo(): return last, back to back calls
02-20 21:27:03.090  1375  1465 D RIL     : onRequest: QUERY_NETWORK_SELECTION_MODE
02-20 21:27:03.090  1375  1465 D AT      : AT> AT+COPS?
02-20 21:27:03.090  1927  1927 D SubscriptionController: [setCarrierText]+ text:Android subId:1
02-20 21:27:03.091  1375  1467 D AT      : AT< +COPS: 0,2,310260
02-20 21:27:03.091  1375  1467 D AT      : AT< OK
02-20 21:27:03.091  1927  2005 D RILJ    : [3738]< QUERY_NETWORK_SELECTION_MODE {0} [SUB0]
02-20 21:27:03.101  1927  1927 D SubscriptionController: notifySubscriptionInfoChanged:
02-20 21:27:03.102  1655  1655 I GnssLocationProvider: WakeLock acquired by sendMessage(12, 0, null)
02-20 21:27:03.102  1927  1927 D SIMRecords: [SIMRecords] getServiceProviderName: no brandOverride, providerName=Android
02-20 21:27:03.102  1927  1927 D SIMRecords: [SIMRecords] getServiceProviderName: no brandOverride, providerName=Android
02-20 21:27:03.102  1927  1927 D SST     : updateSpnDisplay: changed sending intent rule=1 showPlmn='false' plmn='Android' showSpn='true' spn='Android' dataSpn='Android' subId='1'
02-20 21:27:03.103  1927  1927 D SubscriptionController: [setCarrierText]+ text:Android subId:1
02-20 21:27:03.109  1927  1927 D SubscriptionController: notifySubscriptionInfoChanged:
02-20 21:27:03.109  1655  1655 I GnssLocationProvider: WakeLock acquired by sendMessage(12, 0, null)
02-20 21:27:03.109  1927  1927 D SIMRecords: [SIMRecords]  VoiceMessageCount from SIM MWIS = 0
02-20 21:27:03.109  1927  1927 D Phone   : getStoredVoiceMessageCount: from preference for subId 1= 0
02-20 21:27:03.109  1927  1927 D GsmCdmaPhone: [GsmCdmaPhone] updateVoiceMail countVoiceMessages = 0 subId 1
02-20 21:27:03.109  1927  1927 D Phone   : setVoiceMessageCount: Storing Voice Mail Count = 0 for mVmCountKey = vm_count_key1 in preferences.
02-20 21:27:03.110  1927  1927 D DCT     : [0]SubscriptionListener.onSubscriptionInfoChanged
02-20 21:27:03.113  1927  1927 D DCT     : [0]onRecordsLoadedOrSubIdChanged: createAllApnList
02-20 21:27:03.113  1927  1927 D DCT     : [0]createAllApnList: selection=numeric = '310260'
02-20 21:27:03.115  1655  1698 W art     : Long monitor contention with owner Binder:1655_6 (1976) at int com.android.server.wm.WindowManagerService.relayoutWindow(com.android.server.wm.Session, android.view.IWindow, int, android.view.WindowManager$LayoutParams, int, int, int, int, android.graphics.Rect, android.graphics.Rect, android.graphics.Rect, android.graphics.Rect, android.graphics.Rect, android.graphics.Rect, android.graphics.Rect, android.content.res.Configuration, android.view.Surface)(WindowManagerService.java:2857) waiters=1 in void com.android.server.wm.WindowAnimator$1.doFrame(long) for 125ms
02-20 21:27:03.115  1655  1698 I dvm_lock_sample: [system_server,1,android.display,125,WindowAnimator.java,144,WindowManagerService.java,2857,25]
02-20 21:27:03.123  1764  2000 D         : HostConnection::get() New Host Connection established 0x7b04e42129c0, tid 2000
02-20 21:27:03.125  1764  2000 I OpenGLRenderer: Initialized EGL, version 1.4
02-20 21:27:03.125  1764  2000 D OpenGLRenderer: Swap behavior 1
02-20 21:27:03.127  1943  1998 D EGL_emulation: eglMakeCurrent: 0x7b04e19ee480: ver 3 0 (tinfo 0x7b04e19e0f40)
02-20 21:27:03.128  2070  2070 I AlarmClock: AlarmInitReceiver android.intent.action.TIME_SET
02-20 21:27:03.131  1927  1927 D DCT     : [0]createApnList: X result=[[ApnSettingV3] T-Mobile US, 1, 310260, epc.tmobile.com, , http://mms.msg.eng.t-mobile.com/mms/wapenc, , , , -1, *, IP, IP, true, 0, 0, 0, false, 0, 0, 0, 0, , , false]
02-20 21:27:03.133  1927  1927 D TelephonyProvider: subIdString = 1 subId = 1
02-20 21:27:03.149  1764  2000 D EGL_emulation: eglCreateContext: 0x7b04e4264820: maj 3 min 0 rcv 3
02-20 21:27:03.150  1927  1927 D DCT     : [0]getPreferredApn: mRequestedApnType=default cursor=android.content.ContentResolver$CursorWrapperInner@be6a3f9 cursor.count=1
02-20 21:27:03.150  1927  1927 D DCT     : [0]getPreferredApn: apnSetting=[ApnSettingV3] T-Mobile US, 1, 310260, epc.tmobile.com, , http://mms.msg.eng.t-mobile.com/mms/wapenc, , , , -1, *, IP, IP, true, 0, 0, 0, false, 0, 0, 0, 0, , , false
02-20 21:27:03.150  1927  1927 D DCT     : [0]getPreferredApn: X found apnSetting[ApnSettingV3] T-Mobile US, 1, 310260, epc.tmobile.com, , http://mms.msg.eng.t-mobile.com/mms/wapenc, , , , -1, *, IP, IP, true, 0, 0, 0, false, 0, 0, 0, 0, , , false
02-20 21:27:03.153  1927  1927 D DCT     : [0]createAllApnList: mPreferredApn=[ApnSettingV3] T-Mobile US, 1, 310260, epc.tmobile.com, , http://mms.msg.eng.t-mobile.com/mms/wapenc, , , , -1, *, IP, IP, true, 0, 0, 0, false, 0, 0, 0, 0, , , false
02-20 21:27:03.153  1927  1927 D DCT     : [0]createAllApnList: X mAllApnSettings=[[ApnSettingV3] T-Mobile US, 1, 310260, epc.tmobile.com, , http://mms.msg.eng.t-mobile.com/mms/wapenc, , , , -1, *, IP, IP, true, 0, 0, 0, false, 0, 0, 0, 0, , , false]
02-20 21:27:03.153  1927  1927 D DCT     : [0]setDataProfilesAsNeeded
02-20 21:27:03.153  1927  1927 D DCT     : [0]setInitialApn: E mPreferredApn=[ApnSettingV3] T-Mobile US, 1, 310260, epc.tmobile.com, , http://mms.msg.eng.t-mobile.com/mms/wapenc, , , , -1, *, IP, IP, true, 0, 0, 0, false, 0, 0, 0, 0, , , false
02-20 21:27:03.153  1927  1927 D DCT     : [0]setInitialApn: firstApnSetting=[ApnSettingV3] T-Mobile US, 1, 310260, epc.tmobile.com, , http://mms.msg.eng.t-mobile.com/mms/wapenc, , , , -1, *, IP, IP, true, 0, 0, 0, false, 0, 0, 0, 0, , , false
02-20 21:27:03.153  1927  1927 D DCT     : [0]setInitialApn: defaultApnSetting=[ApnSettingV3] T-Mobile US, 1, 310260, epc.tmobile.com, , http://mms.msg.eng.t-mobile.com/mms/wapenc, , , , -1, *, IP, IP, true, 0, 0, 0, false, 0, 0, 0, 0, , , false
02-20 21:27:03.153  1927  1927 D DCT     : [0]setInitialAttachApn: using mPreferredApn
02-20 21:27:03.153  1927  1927 D DCT     : [0]setInitialAttachApn: X selected Apn=[ApnSettingV3] T-Mobile US, 1, 310260, epc.tmobile.com, , http://mms.msg.eng.t-mobile.com/mms/wapenc, , , , -1, *, IP, IP, true, 0, 0, 0, false, 0, 0, 0, 0, , , false
02-20 21:27:03.153  1927  1927 D RILJ    : Set RIL_REQUEST_SET_INITIAL_ATTACH_APN [SUB0]
02-20 21:27:03.153  1927  1927 D RILJ    : [3739]> RIL_REQUEST_SET_INITIAL_ATTACH_APN, apn:epc.tmobile.com, protocol:IP, authType:-1, username:none, password:none [SUB0]
02-20 21:27:03.154  1927  1927 D DCT     : [0]onRecordsLoadedOrSubIdChanged: notifying data availability
02-20 21:27:03.154  1375  1465 D RIL     : onRequest: RIL_REQUEST_SET_INITIAL_ATTACH_APN
02-20 21:27:03.154  1375  1465 D RIL     : Request not supported. Tech: 1
02-20 21:27:03.154  1927  2005 D RilRequest: [3739]< RIL_REQUEST_SET_INITIAL_ATTACH_APN error: com.android.internal.telephony.CommandException: REQUEST_NOT_SUPPORTED ret=
02-20 21:27:03.181  1655  1690 W GnssLocationProvider: Could not open GPS configuration file /etc/gps.conf
02-20 21:27:03.181  1655  1690 E GnssLocationProvider: no AGPS interface in set_agps_server
02-20 21:27:03.181  1655  1690 I GnssLocationProvider: WakeLock released by handleMessage(12, 0, null)
02-20 21:27:03.186  1655  1690 W GnssLocationProvider: Could not open GPS configuration file /etc/gps.conf
02-20 21:27:03.186  1655  1690 E GnssLocationProvider: no AGPS interface in set_agps_server
02-20 21:27:03.190  1655  1690 I GnssLocationProvider: WakeLock released by handleMessage(12, 0, null)
