02-20 21:28:13.291  1910  1910 D IccCardProxy: broadcastIccStateChangedIntent intent ACTION_SIM_STATE_CHANGED value=NOT_READY reason=null for mPhoneId=0
02-20 21:28:13.292  1374  1374 W ACodec  : do not know color format 0x7f000789 = 2130708361
02-20 21:28:13.292  1370  1844 E OMXNodeInstance: getConfig(55a0018:google.vp8.encoder, ConfigAndroidIntraRefresh(0x6f60000a)) ERROR: Undefined(0x80001001)
02-20 21:28:13.294  1374  1374 I MediaPlayerService: MediaPlayerService::getOMX
02-20 21:28:13.295  1374  1374 I OMXClient: MuxOMX ctor
02-20 21:28:13.298  1677  1700 I dvm_lock_sample: [system_server,1,android.display,44,WindowManagerService.java,8857,-,2857,8]
02-20 21:28:13.305  1677  1693 I am_proc_start: [0,2010,10004,com.android.cellbroadcastreceiver,broadcast,com.android.cellbroadcastreceiver/.CellBroadcastReceiver]
02-20 21:28:13.305  1677  1693 I ActivityManager: Start proc 2010:com.android.cellbroadcastreceiver/u0a4 for broadcast com.android.cellbroadcastreceiver/.CellBroadcastReceiver
02-20 21:28:13.306  1374  1374 I MediaPlayerService: MediaPlayerService::getOMX
02-20 21:28:13.306  1374  1374 I OMXClient: MuxOMX ctor
02-20 21:28:13.306  1374  1374 W MediaCodecList: unable to open media codecs configuration xml file: /data/misc/media/media_codecs_profiling_results.xml
02-20 21:28:13.306  1910  1910 D RILJ    : setPhoneType=1 old value=0 [SUB0]
02-20 21:28:13.306  1910  1910 D TelephonyManager: setTelephonyProperty: success phoneId=0 property=gsm.current.phone-type value: 1 propVal=1
02-20 21:28:13.307  1374  1400 I MediaPlayerService: MediaPlayerService::getOMX
02-20 21:28:13.307  1765  1883 I OMXClient: MuxOMX ctor
02-20 21:28:13.307  1374  1846 I MediaPlayerService: MediaPlayerService::getOMX
02-20 21:28:13.307  1677  1835 I OMXClient: MuxOMX ctor
02-20 21:28:13.307  1370  1370 I OMXMaster: makeComponentInstance(OMX.google.vorbis.decoder) in mediacodec process
02-20 21:28:13.307  1910  1910 D IccCardProxy: Setting radio tech UMTS
02-20 21:28:13.307  1910  1910 D IccCardProxy: updateQuietMode: 3GPP subscription -> newQuietMode=false
02-20 21:28:13.307  1910  1910 D IccCardProxy: updateQuietMode: no changes don't setExternalState
02-20 21:28:13.307  1910  1910 D IccCardProxy: updateQuietMode: QuietMode is false (app_type=1 cdmaSource=-1)
02-20 21:28:13.319  1910  1910 W CarrierConfigManager: Error getting config for subId -1 ICarrierConfigLoader is null
02-20 21:28:13.319  1677  1789 D TelephonyRegistry: listen oscl: hasNotifySubscriptionInfoChangedOccurred==false no callback
02-20 21:28:13.321  1910  1910 D TelephonyManager: setTelephonyProperty: success phoneId=0 property=gsm.network.type value: Unknown propVal=Unknown
02-20 21:28:13.322  1910  1910 D RILJ    : [3654]> SIGNAL_STRENGTH [SUB0]
02-20 21:28:13.323  1910  1910 D SST     : notifyDataRegStateRilRadioTechnologyChanged: drs=1 rat=0
02-20 21:28:13.323  1910  1910 D TelephonyManager: setTelephonyProperty: success phoneId=0 property=gsm.network.type value: Unknown propVal=Unknown
02-20 21:28:13.323  1376  1486 D RIL     : onRequest: SIGNAL_STRENGTH
02-20 21:28:13.323  1910  1986 D RilRequest: [3654]< SIGNAL_STRENGTH error: com.android.internal.telephony.CommandException: RADIO_NOT_AVAILABLE ret=
02-20 21:28:13.327  1910  1910 D DCT     : [0]DCT.constructor
02-20 21:28:13.330  1677  1940 D TelephonyRegistry: listen oscl: hasNotifySubscriptionInfoChangedOccurred==false no callback
02-20 21:28:13.331  2010  2010 W art     : Unexpected CPU variant for X86 using defaults: x86_64
02-20 21:28:13.331  1910  1910 D Dcc     : E ctor
02-20 21:28:13.331  1910  1910 D Dcc     : X ctor
02-20 21:28:13.332  1910  1910 D SubscriptionController: [getPhoneId] asked for default subId=-1
02-20 21:28:13.332  1910  2015 D DcTesterDeacativateAll: register for intent action=com.android.internal.telephony.dataconnection.action_deactivate_all
02-20 21:28:13.333  1910  1910 D DcTesterFailBrinupAll: register for intent action=com.android.internal.telephony.dataconnection.action_fail_bringup
02-20 21:28:13.333  1910  1910 D DcTesterFailBrinupAll: register for intent action=com.android.internal.telephony.action_detached
02-20 21:28:13.333  1910  1910 D DcTesterFailBrinupAll: register for intent action=com.android.internal.telephony.action_attached
02-20 21:28:13.334  1910  1910 D SST     : notifyDataRegStateRilRadioTechnologyChanged: drs=1 rat=0
02-20 21:28:13.334  1910  1910 D TelephonyManager: setTelephonyProperty: success phoneId=0 property=gsm.network.type value: Unknown propVal=Unknown
02-20 21:28:13.334  1370  1844 I OMXMaster: makeComponentInstance(OMX.google.vorbis.decoder) in mediacodec process
02-20 21:28:13.334  1910  1910 D DCT     : [0]update sub = -2
02-20 21:28:13.334  1910  1910 D DCT     : [0]update(): Active DDS, register for all events now!
02-20 21:28:13.335  1910  1910 D GsmCdmaPhone: [GsmCdmaPhone] updateCurrentCarrierInProvider: mSubId = -2 currentDds = 1 operatorNumeric = null
02-20 21:28:13.335  1910  1910 D DCT     : [0]initApnContexts: E
02-20 21:28:13.335  1910  1910 D DCT     : [0]initApnContexts: skipping unknown type=1
02-20 21:28:13.336  1910  1910 D DCT     : [0]initApnContexts: apnContext={mApnType=default mState=IDLE mWaitingApns={null} mApnSetting={null} mReason=dataEnabled mDataEnabled=false mDependencyMet=true}
02-20 21:28:13.336  1910  1910 D DCT     : [0]initApnContexts: apnContext={mApnType=mms mState=IDLE mWaitingApns={null} mApnSetting={null} mReason=dataEnabled mDataEnabled=false mDependencyMet=true}
02-20 21:28:13.336  1910  1910 D DCT     : [0]initApnContexts: apnContext={mApnType=supl mState=IDLE mWaitingApns={null} mApnSetting={null} mReason=dataEnabled mDataEnabled=false mDependencyMet=true}
02-20 21:28:13.336  1910  1910 D DCT     : [0]initApnContexts: apnContext={mApnType=hipri mState=IDLE mWaitingApns={null} mApnSetting={null} mReason=dataEnabled mDataEnabled=false mDependencyMet=true}
02-20 21:28:13.336  1910  1910 D DCT     : [0]initApnContexts: apnContext={mApnType=fota mState=IDLE mWaitingApns={null} mApnSetting={null} mReason=dataEnabled mDataEnabled=false mDependencyMet=true}
02-20 21:28:13.336  1910  1910 D DCT     : [0]initApnContexts: apnContext={mApnType=ims mState=IDLE mWaitingApns={null} mApnSetting={null} mReason=dataEnabled mDataEnabled=false mDependencyMet=true}
02-20 21:28:13.336  1910  1910 D DCT     : [0]initApnContexts: apnContext={mApnType=cbs mState=IDLE mWaitingApns={null} mApnSetting={null} mReason=dataEnabled mDataEnabled=false mDependencyMet=true}
02-20 21:28:13.336  1910  1910 D DCT     : [0]initApnContexts: skipping unknown type=13
02-20 21:28:13.336  1910  1910 D DCT     : [0]initApnContexts: apnContext={mApnType=ia mState=IDLE mWaitingApns={null} mApnSetting={null} mReason=dataEnabled mDataEnabled=false mDependencyMet=true}
02-20 21:28:13.336  1910  1910 D DCT     : [0]initApnContexts: apnContext={mApnType=emergency mState=IDLE mWaitingApns={null} mApnSetting={null} mReason=dataEnabled mDataEnabled=false mDependencyMet=true}
02-20 21:28:13.338  1910  2015 D DcTesterDeacativateAll: register for intent action=com.android.internal.telephony.action_detached
02-20 21:28:13.342  1313  1324 I SurfaceFlinger: Boot is finished (9505 ms)
02-20 21:28:13.343  1313  1324 I sf_stop_bootanim: 11343
02-20 21:28:13.345  1910  2015 D Dcc     : DccDefaultState: msg.what=EVENT_RIL_CONNECTED mRilVersion=12
02-20 21:28:13.346  1910  1910 D GsmCdmaPhone: [GsmCdmaPhone] GsmCdmaPhone: constructor: sub = 0
02-20 21:28:13.346  1910  1910 I PhoneFactory: Creating Phone with type = 1 sub = 0
02-20 21:28:13.347  1910  1910 I PhoneFactory: defaultSmsApplication: NONE
02-20 21:28:13.348  1910  1910 I PhoneFactory: Creating SubInfoRecordUpdater 
02-20 21:28:13.349  1910  1910 D SubscriptionInfoUpdater: Constructor invoked
02-20 21:28:13.481     0     0 I init    : Service 'bootanim' (pid 1346) exited with status 0
02-20 21:28:13.481     0     0 I init    : Starting service 'exec 6 (/system/bin/bootstat)'...
02-20 21:28:13.481  2039  2039 I auditd  : type=1400 audit(0.0:11): avc: denied { getattr } for comm="bootstat" path="/vendor" dev="rootfs" ino=4006 scontext=u:r:bootstat:s0 tcontext=u:object_r:rootfs:s0 tclass=lnk_file permissive=0
02-20 21:28:13.481  2039  2039 W bootstat: type=1400 audit(0.0:11): avc: denied { getattr } for path="/vendor" dev="rootfs" ino=4006 scontext=u:r:bootstat:s0 tcontext=u:object_r:rootfs:s0 tclass=lnk_file permissive=0
02-20 21:28:13.534     0     0 I init    : Service 'exec 6 (/system/bin/bootstat)' (pid 2039) exited with status 0
02-20 21:28:13.535     0     0 I init    : Starting service 'exec 7 (/system/bin/bootstat)'...
02-20 21:28:13.568     0     0 I init    : Service 'exec 7 (/system/bin/bootstat)' (pid 2043) exited with status 0
02-20 21:28:13.531  2043  2043 I auditd  : type=1400 audit(0.0:12): avc: denied { getattr } for comm="bootstat" path="/vendor" dev="rootfs" ino=4006 scontext=u:r:bootstat:s0 tcontext=u:object_r:rootfs:s0 tclass=lnk_file permissive=0
02-20 21:28:13.531  2043  2043 W bootstat: type=1400 audit(0.0:12): avc: denied { getattr } for path="/vendor" dev="rootfs" ino=4006 scontext=u:r:bootstat:s0 tcontext=u:object_r:rootfs:s0 tclass=lnk_file permissive=0
02-20 21:28:14.470  2051  2051 I auditd  : type=1400 audit(0.0:13): avc: denied { getattr } for comm="bootstat" path="/vendor" dev="rootfs" ino=4006 scontext=u:r:bootstat:s0 tcontext=u:object_r:rootfs:s0 tclass=lnk_file permissive=0
02-20 21:28:14.470  2051  2051 W bootstat: type=1400 audit(0.0:13): avc: denied { getattr } for path="/vendor" dev="rootfs" ino=4006 scontext=u:r:bootstat:s0 tcontext=u:object_r:rootfs:s0 tclass=lnk_file permissive=0
02-20 21:28:13.569     0     0 I init    : Starting service 'exec 8 (/system/bin/bootstat)'...
02-20 21:28:13.617     0     0 I init    : Service 'exec 8 (/system/bin/bootstat)' (pid 2051) exited with status 0
02-20 21:28:13.619     0     0 I init    : Starting service 'exec 9 (/system/bin/bootstat)'...
02-20 21:28:14.520  2054  2054 I auditd  : type=1400 audit(0.0:14): avc: denied { getattr } for comm="bootstat" path="/vendor" dev="rootfs" ino=4006 scontext=u:r:bootstat:s0 tcontext=u:object_r:rootfs:s0 tclass=lnk_file permissive=0
02-20 21:28:14.520  2054  2054 W bootstat: type=1400 audit(0.0:14): avc: denied { getattr } for path="/vendor" dev="rootfs" ino=4006 scontext=u:r:bootstat:s0 tcontext=u:object_r:rootfs:s0 tclass=lnk_file permissive=0
02-20 21:28:13.661     0     0 I init    : Service 'exec 9 (/system/bin/bootstat)' (pid 2054) exited with status 0
02-20 21:28:13.662     0     0 I init    : write_file: Unable to open '/sys/class/android_usb/android0/enable': No such file or directory
02-20 21:28:13.663     0     0 I init    : write_file: Unable to open '/sys/class/android_usb/android0/idVendor': No such file or directory
02-20 21:28:13.664     0     0 I init    : write_file: Unable to open '/sys/class/android_usb/android0/idProduct': No such file or directory
02-20 21:28:13.665     0     0 I init    : write_file: Unable to open '/sys/class/android_usb/android0/functions': No such file or directory
02-20 21:28:13.666     0     0 I init    : write_file: Unable to open '/sys/class/android_usb/android0/enable': No such file or directory
02-20 21:28:13.385  1677  1940 I am_proc_bound: [0,2010,com.android.cellbroadcastreceiver]
02-20 21:28:13.394  1374  1846 I MediaPlayerService: MediaPlayerService::getOMX
02-20 21:28:13.394  1677  2028 I OMXClient: MuxOMX ctor
02-20 21:28:13.401  1370  2019 I OMXMaster: makeComponentInstance(OMX.google.vorbis.decoder) in mediacodec process
02-20 21:28:13.412  1374  1374 I MediaPlayerService: MediaPlayerService::getOMX
02-20 21:28:13.412  1765  2031 I OMXClient: MuxOMX ctor
02-20 21:28:13.428  1677  1798 I StatusBarManagerService: registerStatusBar bar=com.android.internal.statusbar.IStatusBar$Stub$Proxy@a17bf7b
02-20 21:28:13.438  1677  1691 D TelephonyRegistry: listen oscl: hasNotifySubscriptionInfoChangedOccurred==false no callback
02-20 21:28:13.438  1910  1910 D SubscriptionController: [getPhoneId]- no sims, returning default phoneId=2147483647
02-20 21:28:13.439  1677  1691 D TelephonyRegistry: listen oscl: hasNotifySubscriptionInfoChangedOccurred==false no callback
02-20 21:28:13.442  1910  1910 D PhoneSwitcherNetworkRequstListener: Registering NetworkFactory
02-20 21:28:13.443  1910  1910 D PhoneSwitcher: PhoneSwitcher started
02-20 21:28:13.443  1677  1740 D ConnectivityService: Got NetworkFactory Messenger for PhoneSwitcherNetworkRequstListener
02-20 21:28:13.444  1910  1910 D ProxyController: Constructor - Enter
02-20 21:28:13.455  1313  1974 D         : HostConnection::get() New Host Connection established 0x751aeae1b5a0, tid 1974
02-20 21:28:13.456  1910  1910 D ProxyController: clearTransaction
02-20 21:28:13.456  1910  1910 D ProxyController: clearTransaction: phoneId=0 status=IDLE
02-20 21:28:13.457  1910  1910 D ProxyController: Constructor - Exit
02-20 21:28:13.471  1910  1910 D TelephonyNetworkFactory[0]: Registering NetworkFactory
02-20 21:28:13.473  1677  1740 D ConnectivityService: Got NetworkFactory Messenger for TelephonyNetworkFactory[0]
02-20 21:28:13.474  1370  1370 I OMXMaster: makeComponentInstance(OMX.google.vorbis.decoder) in mediacodec process
02-20 21:28:13.477  1910  1910 D CallManager: registerPhone(GSM Handler (com.android.internal.telephony.GsmCdmaPhone) {199d15})
02-20 21:28:13.481  1677  1691 D TelephonyRegistry: listen oscl: hasNotifySubscriptionInfoChangedOccurred==false no callback
02-20 21:28:13.485  1910  1910 D CarrierConfigLoader: CarrierConfigLoader has started
02-20 21:28:13.486  1910  1910 E BluetoothAdapter: Bluetooth binder is null
02-20 21:28:13.486  1677  1690 D TelephonyRegistry: listen oscl: hasNotifySubscriptionInfoChangedOccurred==false no callback
02-20 21:28:13.498  1313  1313 I sf_frame_dur: [BootAnimation,0,18,178,6,2,0,0]
02-20 21:28:13.516  2039  2039 I bootstat: Service started: /system/bin/bootstat --record_boot_complete 
02-20 21:28:13.517  2039  2039 I bootstat: Logging histogram: bootstat_mtime_matches_content 1
02-20 21:28:13.517  2039  2039 I sysui_histogram: [bootstat_mtime_matches_content,1]
02-20 21:28:13.518  1374  1374 I MediaPlayerService: MediaPlayerService::getOMX
02-20 21:28:13.520  2039  2039 I bootstat: Logging histogram: bootstat_mtime_matches_content 1
02-20 21:28:13.520  2039  2039 I sysui_histogram: [bootstat_mtime_matches_content,1]
02-20 21:28:13.520  2039  2039 I bootstat: Logging histogram: bootstat_mtime_matches_content 1
02-20 21:28:13.520  2039  2039 I sysui_histogram: [bootstat_mtime_matches_content,1]
02-20 21:28:13.520  1765  2041 I OMXClient: MuxOMX ctor
02-20 21:28:13.521  1370  1386 I OMXMaster: makeComponentInstance(OMX.google.vorbis.decoder) in mediacodec process
02-20 21:28:13.539  1374  1400 I MediaPlayerService: MediaPlayerService::getOMX
02-20 21:28:13.539  1677  2042 I OMXClient: MuxOMX ctor
02-20 21:28:13.539  1370  2019 I OMXMaster: makeComponentInstance(OMX.google.vorbis.decoder) in mediacodec process
02-20 21:28:13.554  1910  1910 D RILJ    : [3655]> RIL_REQUEST_SET_TTY_MODE : 0 [SUB0]
02-20 21:28:13.555  1376  1486 D RIL     : onRequest: SET_TTY_MODE
02-20 21:28:13.555  1910  1986 D RilRequest: [3655]< RIL_REQUEST_SET_TTY_MODE error: com.android.internal.telephony.CommandException: RADIO_NOT_AVAILABLE ret=
02-20 21:28:13.555  1910  1910 I Telephony: TtyManager: updateUiTtyMode -1 -> 0
02-20 21:28:13.559  1677  1798 D TelephonyRegistry: listen oscl: hasNotifySubscriptionInfoChangedOccurred==false no callback
02-20 21:28:13.562  1910  1910 D SubscriptionController: [getPhoneId] asked for default subId=-1
02-20 21:28:13.565  2043  2043 I bootstat: Service started: /system/bin/bootstat --record_boot_reason 
02-20 21:28:13.567  1910  1910 D UiccController: Received EVENT_ICC_STATUS_CHANGED, calling getIccCardStatus
02-20 21:28:13.567  1910  1910 D RILJ    : [3656]> GET_SIM_STATUS [SUB0]
02-20 21:28:13.567  1376  1486 D RIL     : onRequest: GET_SIM_STATUS
02-20 21:28:13.567  1376  1486 D RIL     : getSIMStatus(). sState: 0
02-20 21:28:13.567  2043  2043 I bootstat: Unknown boot reason: 
02-20 21:28:13.568  1910  1986 D RILJ    : [3656]< GET_SIM_STATUS IccCardState {CARDSTATE_PRESENT,PINSTATE_UNKNOWN,num_apps=2,gsm_id=0{APPTYPE_SIM,APPSTATE_DETECTED},cdma_id=1{APPTYPE_RUIM,APPSTATE_DETECTED},ims_id=8} [SUB0]
02-20 21:28:13.568  1910  1910 D Phone   : config LCE service failed: com.android.internal.telephony.CommandException: RADIO_NOT_AVAILABLE
02-20 21:28:13.568  1910  1910 D GsmSMSDispatcher: GsmSMSDispatcher: subId = -2 slotId = 0
02-20 21:28:13.568  1910  1910 E IccCardProxy: setExternalState: !override and newstate unchanged from NOT_READY
02-20 21:28:13.568  1910  1910 D RILJ    : [3657]> BASEBAND_VERSION [SUB0]
02-20 21:28:13.569  1376  1486 D RIL     : onRequest: BASEBAND_VERSION
02-20 21:28:13.570  1910  1910 D RILJ    : [3658]> GET_IMEI [SUB0]
02-20 21:28:13.570  1376  1486 D RIL     : onRequest: GET_IMEI
02-20 21:28:13.570  1376  1486 D AT      : AT> AT+CGSN
02-20 21:28:13.570  1910  1910 D RILJ    : [3659]> GET_IMEISV [SUB0]
02-20 21:28:13.570  1910  1910 D RILJ    : [3660]> RIL_REQUEST_GET_RADIO_CAPABILITY [SUB0]
02-20 21:28:13.571  1910  1910 D RILJ    : [3661]> RIL_REQUEST_START_LCE [SUB0]
02-20 21:28:13.571  1910  1910 D GsmCdmaPhone: [GsmCdmaPhone] Event EVENT_RADIO_OFF_OR_NOT_AVAILABLE Received
02-20 21:28:13.571  1910  1910 E IccCardProxy: setExternalState: !override and newstate unchanged from NOT_READY
02-20 21:28:13.571  1910  1910 D SST     : mDeviceShuttingDown=false, mDesiredPowerState=true, getRadioState=RADIO_OFF, mPowerOffDelayNeed=true, mAlarmSwitch=false, mRadioDisabledByCarrier=false
02-20 21:28:13.571  1910  1910 D RILJ    : [3662]> RADIO_POWER on [SUB0]
02-20 21:28:13.571  1910  1910 D RILJ    : [3663]> OPERATOR [SUB0]
02-20 21:28:13.576  1910  1910 D RILJ    : [3664]> DATA_REGISTRATION_STATE [SUB0]
02-20 21:28:13.576  1910  1910 D RILJ    : [3665]> VOICE_REGISTRATION_STATE [SUB0]
02-20 21:28:13.576  1910  1910 D RILJ    : [3666]> QUERY_NETWORK_SELECTION_MODE [SUB0]
02-20 21:28:13.576  1910  1910 D SST     : NITZ: 18/02/20:21:28:07+0:0:Unknown!Unknown,4108 start=11576 delay=7468
02-20 21:28:13.576  1910  1910 D SST     : NITZ: tzOffset=0 dst=0 zone=GMT iso= mGotCountryCode=false mNeedFixZoneAfterNitz=false
02-20 21:28:13.577  1910  1910 D SST     : setAndBroadcastNetworkSetTimeZone: setTimeZone=GMT
02-20 21:28:13.577  1910  1986 D RilRequest: [3657]< BASEBAND_VERSION error: com.android.internal.telephony.CommandException: RADIO_NOT_AVAILABLE ret=
02-20 21:28:13.577  1677  1690 D AlarmManagerService: Kernel timezone updated to 0 minutes west of GMT
02-20 21:28:13.577  1376  1488 D AT      : AT< 000000000000000
02-20 21:28:13.577  1376  1488 D AT      : AT< OK
02-20 21:28:13.577  1376  1486 D RIL     : onRequest: GET_IMEISV
02-20 21:28:13.577  1376  1486 D RIL     : onRequest: RIL_REQUEST_GET_RADIO_CAPABILITY
02-20 21:28:13.577  1376  1486 D RIL     : onRequest: <unknown request>
02-20 21:28:13.577  1376  1486 D RIL     : onRequest: RADIO_POWER
02-20 21:28:13.577  1376  1486 D AT      : AT> AT+CFUN=1
02-20 21:28:13.577  1910  1910 D SST     : setAndBroadcastNetworkSetTimeZone: call alarm.setTimeZone and broadcast zoneId=GMT
02-20 21:28:13.577  1376  1488 D AT      : AT< OK
02-20 21:28:13.577  1376  1486 D RIL     : setRadioState(10)
02-20 21:28:13.577  1376  1486 D RIL     : onRequest: OPERATOR
02-20 21:28:13.578  1376  1486 D AT      : AT> AT+COPS=3,0;+COPS?;+COPS=3,1;+COPS?;+COPS=3,2;+COPS?
02-20 21:28:13.578  1376  1488 D AT      : AT< +COPS: 0,0,"Android"
02-20 21:28:13.578  1376  1488 D AT      : AT< +COPS: 0,1,"Android"
02-20 21:28:13.578  1376  1488 D AT      : AT< +COPS: 0,2,"310260"
02-20 21:28:13.578  1376  1488 D AT      : AT< OK
02-20 21:28:13.578  1376  1486 D RIL     : onRequest: DATA_REGISTRATION_STATE
02-20 21:28:13.578  1376  1486 D RIL     : requestRegistrationState
02-20 21:28:13.578  1376  1486 D AT      : AT> AT+CGREG?
02-20 21:28:13.578  1376  1488 D AT      : AT< +CGREG: 1,1,"0003","005b","000e"
02-20 21:28:13.578  1376  1488 D AT      : AT< OK
02-20 21:28:13.578  1376  1486 D RIL     : parseRegistrationState. Parsing: +CGREG: 1,1,"0003","005b","000e"
02-20 21:28:13.578  1376  1486 D RIL     : registration state type: 3GPP
02-20 21:28:13.578  1376  1486 D RIL     : onRequest: VOICE_REGISTRATION_STATE
02-20 21:28:13.578  1376  1486 D RIL     : requestRegistrationState
02-20 21:28:13.578  1376  1486 D AT      : AT> AT+CREG?
02-20 21:28:13.578  1910  1910 D SST     : NITZ: Setting time of day to Tue Feb 20 21:28:14 GMT+00:00 2018 NITZ receive delay(ms): 7470 gained(ms): 892 from 18/02/20:21:28:07+0:0:Unknown!Unknown
02-20 21:28:13.578  1910  1910 D SST     : setAndBroadcastNetworkSetTime: time=1519162094470ms
02-20 21:28:13.578  1677  1940 D AlarmManagerService: Setting time of day to sec=1519162094
02-20 21:28:14.470  1677  1940 W AlarmManagerService: Unable to set rtc to 1519162094: No such device
02-20 21:28:14.470  1376  1488 D AT      : AT< +CREG: 2,1, "0003", "005b"
02-20 21:28:14.470  1376  1488 D AT      : AT< OK
02-20 21:28:14.470  1376  1486 D RIL     : parseRegistrationState. Parsing: +CREG: 2,1, "0003", "005b"
02-20 21:28:14.470  1376  1486 D RIL     : registration state type: 3GPP
02-20 21:28:14.471  1376  1486 D RIL     : onRequest: QUERY_NETWORK_SELECTION_MODE
02-20 21:28:14.471  1376  1486 D AT      : AT> AT+COPS?
02-20 21:28:14.471  1376  1488 D AT      : AT< +COPS: 0,2,310260
02-20 21:28:14.471  1376  1488 D AT      : AT< OK
02-20 21:28:14.475  1910  1986 D RILJ    : [3658]< GET_IMEI  [SUB0]
02-20 21:28:14.475  1910  1986 D RilRequest: [3659]< GET_IMEISV error: com.android.internal.telephony.CommandException: RADIO_NOT_AVAILABLE ret=
02-20 21:28:14.475  1910  1986 D RilRequest: [3660]< RIL_REQUEST_GET_RADIO_CAPABILITY error: com.android.internal.telephony.CommandException: RADIO_NOT_AVAILABLE ret=
02-20 21:28:14.475  1910  1986 D RilRequest: [3661]< RIL_REQUEST_START_LCE error: com.android.internal.telephony.CommandException: RADIO_NOT_AVAILABLE ret=
02-20 21:28:14.475  1910  1986 D RILJ    : [UNSL]< UNSOL_RESPONSE_RADIO_STATE_CHANGED RADIO_ON [SUB0]
02-20 21:28:14.475  1910  1986 D RILJ    : [UNSL]< UNSOL_RESPONSE_SIM_STATUS_CHANGED [SUB0]
02-20 21:28:14.475  1910  1986 D RILJ    : [3662]< RADIO_POWER  [SUB0]
02-20 21:28:14.475  1910  1986 D RILJ    : [3663]< OPERATOR {Android, Android, 310260} [SUB0]
02-20 21:28:14.475  1910  1986 D RILJ    : [3664]< DATA_REGISTRATION_STATE {1, 3, 5b, 14, null, null} [SUB0]
02-20 21:28:14.475  1910  1986 D RILJ    : [3665]< VOICE_REGISTRATION_STATE {1, 3, 5b, 0, null, null, null, null, null, null, null, null, null, null, null} [SUB0]
02-20 21:28:14.475  1910  1986 D RILJ    : [3666]< QUERY_NETWORK_SELECTION_MODE {0} [SUB0]
02-20 21:28:14.487  1374  1374 I MediaPlayerService: MediaPlayerService::getOMX
02-20 21:28:14.488  1677  2050 I OMXClient: MuxOMX ctor
02-20 21:28:14.488  1370  1386 I OMXMaster: makeComponentInstance(OMX.google.vorbis.decoder) in mediacodec process
02-20 21:28:14.491  2051  2051 I bootstat: Service started: /system/bin/bootstat --record_time_since_factory_reset 
02-20 21:28:14.491  2051  2051 I bootstat: Logging histogram: factory_reset_current_time 1519162094
02-20 21:28:14.491  2051  2051 I sysui_histogram: [factory_reset_current_time,1519162094]
02-20 21:28:14.494  2051  2051 I bootstat: Logging histogram: bootstat_mtime_matches_content 1
02-20 21:28:14.494  2051  2051 I sysui_histogram: [bootstat_mtime_matches_content,1]
02-20 21:28:14.494  2051  2051 I bootstat: Logging histogram: factory_reset_record_value 1519154248
02-20 21:28:14.494  2051  2051 I sysui_histogram: [factory_reset_record_value,1519154248]
02-20 21:28:14.495  2010  2010 W System  : ClassLoader referenced unknown path: /system/priv-app/CellBroadcastReceiver/lib/x86_64
02-20 21:28:14.507  1677  1677 D ConditionProviders.SCP: onReceive android.intent.action.TIME_SET
02-20 21:28:14.507  1677  1677 D ConditionProviders.SCP: notifyCondition condition://android/schedule?days=6.7&start=23.30&end=10.0&exitAtAlarm=false STATE_FALSE reason=!meetsSchedule
02-20 21:28:14.508  1677  1677 D ConditionProviders.SCP: notifyCondition condition://android/schedule?days=1.2.3.4.5&start=22.0&end=7.0&exitAtAlarm=false STATE_FALSE reason=!meetsSchedule
02-20 21:28:14.508  1677  1677 D ConditionProviders.SCP: Scheduling evaluate for Tue Feb 20 22:00:00 GMT+00:00 2018 (1519164000000), in +31m45s493ms, now=Tue Feb 20 21:28:14 GMT+00:00 2018 (1519162094507)
02-20 21:28:14.510  1677  1700 I wm_boot_animation_done: 11619
02-20 21:28:14.512  1910  1910 I SST     : NITZ: after Setting time of day
02-20 21:28:14.513  1910  1910 D SST     : NITZ: end=11622 dur=46
02-20 21:28:14.513  1677  1700 I SystemServiceManager: Starting phase 1000
02-20 21:28:14.514  1910  1910 D SST     : mDeviceShuttingDown=false, mDesiredPowerState=true, getRadioState=RADIO_ON, mPowerOffDelayNeed=true, mAlarmSwitch=false, mRadioDisabledByCarrier=false
02-20 21:28:14.514  1910  1910 D RILJ    : [3667]> OPERATOR [SUB0]
02-20 21:28:14.514  1910  1910 D RILJ    : [3668]> DATA_REGISTRATION_STATE [SUB0]
02-20 21:28:14.514  1376  1486 D RIL     : onRequest: OPERATOR
02-20 21:28:14.514  1376  1486 D AT      : AT> AT+COPS=3,0;+COPS?;+COPS=3,1;+COPS?;+COPS=3,2;+COPS?
02-20 21:28:14.514  1376  1488 D AT      : AT< +COPS: 0,0,"Android"
02-20 21:28:14.514  1376  1488 D AT      : AT< +COPS: 0,1,"Android"
02-20 21:28:14.514  1376  1488 D AT      : AT< +COPS: 0,2,"310260"
02-20 21:28:14.514  1376  1488 D AT      : AT< OK
02-20 21:28:14.514  1910  1986 D RILJ    : [3667]< OPERATOR {Android, Android, 310260} [SUB0]
02-20 21:28:14.514  1910  1910 D RILJ    : [3669]> VOICE_REGISTRATION_STATE [SUB0]
02-20 21:28:14.514  1376  1486 D RIL     : onRequest: DATA_REGISTRATION_STATE
02-20 21:28:14.514  1376  1486 D RIL     : requestRegistrationState
02-20 21:28:14.514  1376  1486 D AT      : AT> AT+CGREG?
02-20 21:28:14.514  1376  1488 D AT      : AT< +CGREG: 1,1,"0003","005b","000e"
02-20 21:28:14.514  1376  1488 D AT      : AT< OK
02-20 21:28:14.514  1376  1486 D RIL     : parseRegistrationState. Parsing: +CGREG: 1,1,"0003","005b","000e"
02-20 21:28:14.514  1376  1486 D RIL     : registration state type: 3GPP
02-20 21:28:14.517  1910  1910 D RILJ    : [3670]> QUERY_NETWORK_SELECTION_MODE [SUB0]
02-20 21:28:14.517  1376  1486 D RIL     : onRequest: VOICE_REGISTRATION_STATE
02-20 21:28:14.517  1376  1486 D RIL     : requestRegistrationState
02-20 21:28:14.517  1376  1486 D AT      : AT> AT+CREG?
02-20 21:28:14.517  1376  1488 D AT      : AT< +CREG: 2,1, "0003", "005b"
02-20 21:28:14.517  1376  1488 D AT      : AT< OK
02-20 21:28:14.517  1376  1486 D RIL     : parseRegistrationState. Parsing: +CREG: 2,1, "0003", "005b"
02-20 21:28:14.517  1376  1486 D RIL     : registration state type: 3GPP
02-20 21:28:14.520  1910  1910 D SST     : onSignalStrengthResult() Exception from RIL : com.android.internal.telephony.CommandException: RADIO_NOT_AVAILABLE
02-20 21:28:14.520  1376  1486 D RIL     : onRequest: QUERY_NETWORK_SELECTION_MODE
02-20 21:28:14.520  1376  1486 D AT      : AT> AT+COPS?
02-20 21:28:14.520  1376  1488 D AT      : AT< +COPS: 0,2,310260
02-20 21:28:14.520  1376  1488 D AT      : AT< OK
02-20 21:28:14.520  1910  1986 D RILJ    : [3668]< DATA_REGISTRATION_STATE {1, 3, 5b, 14, null, null} [SUB0]
02-20 21:28:14.520  1910  1986 D RILJ    : [3669]< VOICE_REGISTRATION_STATE {1, 3, 5b, 0, null, null, null, null, null, null, null, null, null, null, null} [SUB0]
02-20 21:28:14.520  1910  1986 D RILJ    : [3670]< QUERY_NETWORK_SELECTION_MODE {0} [SUB0]
02-20 21:28:14.521  1677  1746 E ActivityThread: Failed to find provider info for com.android.calendar
02-20 21:28:14.522  2055  2055 W art     : Unexpected CPU variant for X86 using defaults: x86_64
02-20 21:28:14.525  1677  1700 I am_proc_start: [0,2055,10015,com.google.android.ext.services,on-hold,]
02-20 21:28:14.525  1677  1700 I ActivityManager: Start proc 2055:com.google.android.ext.services/u0a15 for on-hold
02-20 21:28:14.529  1677  1700 D ActivityManager: Finishing user boot 0
02-20 21:28:14.529  1677  1700 I sysui_histogram: [framework_locked_boot_completed,11]
02-20 21:28:14.530  1677  1700 D CryptdConnector: SND -> {3 cryptfs prepare_user_storage ! 0 0 2}
02-20 21:28:14.531  1267  1303 D vold    : e4crypt_prepare_user_storage for volume null, user 0, serial 0, flags 2
02-20 21:28:14.531  1267  1303 D vold    : Preparing: /data/system_ce/0
02-20 21:28:14.531  1267  1303 D vold    : Preparing: /data/misc_ce/0
02-20 21:28:14.531  1267  1303 D vold    : Preparing: /data/media/0
02-20 21:28:14.531  1267  1303 D vold    : Preparing: /data/data
02-20 21:28:14.531  1677  1728 D CryptdConnector: RCV <- {200 3 Command succeeded}
02-20 21:28:14.531  2054  2054 I bootstat: Service started: /system/bin/bootstat -l 
02-20 21:28:14.531  2054  2054 I bootstat: Logging histogram: bootstat_mtime_matches_content 1
02-20 21:28:14.531  2054  2054 I sysui_histogram: [bootstat_mtime_matches_content,1]
02-20 21:28:14.531  2054  2054 I bootstat: Logging histogram: bootstat_mtime_matches_content 1
02-20 21:28:14.531  2054  2054 I sysui_histogram: [bootstat_mtime_matches_content,1]
02-20 21:28:14.531  2054  2054 I bootstat: Logging histogram: bootstat_mtime_matches_content 1
02-20 21:28:14.531  2054  2054 I sysui_histogram: [bootstat_mtime_matches_content,1]
02-20 21:28:14.531  2054  2054 I bootstat: Logging histogram: bootstat_mtime_matches_content 1
02-20 21:28:14.531  2054  2054 I sysui_histogram: [bootstat_mtime_matches_content,1]
02-20 21:28:14.531  1677  1700 V UserManagerService: Found /data/user/0 with serial number 0
02-20 21:28:14.531  1677  1700 V UserManagerService: Found /data/system_ce/0 with serial number 0
02-20 21:28:14.531  1677  1700 V PackageManager: reconcileAppsData for null u0 0x2
02-20 21:28:14.534  2054  2054 I bootstat: Logging histogram: bootstat_mtime_matches_content 1
02-20 21:28:14.534  2054  2054 I sysui_histogram: [bootstat_mtime_matches_content,1]
02-20 21:28:14.542  2054  2054 I bootstat: Logging histogram: bootstat_mtime_matches_content 1
02-20 21:28:14.542  2054  2054 I sysui_histogram: [bootstat_mtime_matches_content,1]
02-20 21:28:14.542  2054  2054 I bootstat: Logging histogram: bootstat_mtime_matches_content 1
02-20 21:28:14.542  2054  2054 I sysui_histogram: [bootstat_mtime_matches_content,1]
02-20 21:28:14.542  2054  2054 I bootstat: Logging histogram: bootstat_mtime_matches_content 1
02-20 21:28:14.542  2054  2054 I sysui_histogram: [bootstat_mtime_matches_content,1]
02-20 21:28:14.542  2054  2054 I bootstat: Logging histogram: bootstat_mtime_matches_content 1
02-20 21:28:14.542  2054  2054 I sysui_histogram: [bootstat_mtime_matches_content,1]
02-20 21:28:14.542  2054  2054 I bootstat: Logging histogram: bootstat_mtime_matches_content 1
02-20 21:28:14.542  2054  2054 I sysui_histogram: [bootstat_mtime_matches_content,1]
02-20 21:28:14.542  2054  2054 I bootstat: Logging histogram: bootstat_mtime_matches_content 1
02-20 21:28:14.542  2054  2054 I sysui_histogram: [bootstat_mtime_matches_content,1]
02-20 21:28:14.542  2054  2054 I bootstat: Logging histogram: bootstat_mtime_matches_content 1
02-20 21:28:14.542  2054  2054 I sysui_histogram: [bootstat_mtime_matches_content,1]
02-20 21:28:14.542  2054  2054 I bootstat: Logging histogram: bootstat_mtime_matches_content 1
02-20 21:28:14.542  2054  2054 I sysui_histogram: [bootstat_mtime_matches_content,1]
02-20 21:28:14.542  2054  2054 I bootstat: Logging histogram: bootstat_mtime_matches_content 1
02-20 21:28:14.542  2054  2054 I sysui_histogram: [bootstat_mtime_matches_content,1]
02-20 21:28:14.542  2054  2054 I bootstat: Logging histogram: post_decrypt_time_elapsed 2
02-20 21:28:14.542  2054  2054 I sysui_histogram: [post_decrypt_time_elapsed,2]
02-20 21:28:14.542  2054  2054 I bootstat: Logging histogram: last_boot_time_utc 1519162093
02-20 21:28:14.542  2054  2054 I sysui_histogram: [last_boot_time_utc,1519162093]
02-20 21:28:14.545  2054  2054 I bootstat: Logging histogram: build_date 1513095943
02-20 21:28:14.545  2054  2054 I sysui_histogram: [build_date,1513095943]
02-20 21:28:14.545  2054  2054 I bootstat: Logging histogram: boot_decryption_complete 11
02-20 21:28:14.545  2054  2054 I sysui_histogram: [boot_decryption_complete,11]
02-20 21:28:14.545  2054  2054 I bootstat: Logging histogram: ota_boot_complete_post_decrypt 7
02-20 21:28:14.545  2054  2054 I sysui_histogram: [ota_boot_complete_post_decrypt,7]
02-20 21:28:14.545  2054  2054 I bootstat: Logging histogram: ota_boot_complete 9
02-20 21:28:14.545  2054  2054 I sysui_histogram: [ota_boot_complete,9]
02-20 21:28:14.545  2054  2054 I bootstat: Logging histogram: boot_reason 1
02-20 21:28:14.545  2054  2054 I sysui_histogram: [boot_reason,1]
02-20 21:28:14.545  2054  2054 I bootstat: Logging histogram: factory_reset_current_time 1519162094
02-20 21:28:14.545  2054  2054 I sysui_histogram: [factory_reset_current_time,1519162094]
02-20 21:28:14.545  2054  2054 I bootstat: Logging histogram: factory_reset 1519154248
02-20 21:28:14.545  2054  2054 I sysui_histogram: [factory_reset,1519154248]
02-20 21:28:14.545  2054  2054 I bootstat: Logging histogram: time_since_last_boot 69
02-20 21:28:14.545  2054  2054 I sysui_histogram: [time_since_last_boot,69]
02-20 21:28:14.545  2054  2054 I bootstat: Logging histogram: boot_complete_post_decrypt 9
02-20 21:28:14.545  2054  2054 I sysui_histogram: [boot_complete_post_decrypt,9]
02-20 21:28:14.545  2054  2054 I bootstat: Logging histogram: boot_complete 11
02-20 21:28:14.545  2054  2054 I sysui_histogram: [boot_complete,11]
02-20 21:28:14.545  2054  2054 I bootstat: Logging histogram: factory_reset_record_value 1519154248
02-20 21:28:14.545  2054  2054 I sysui_histogram: [factory_reset_record_value,1519154248]
02-20 21:28:14.545  2054  2054 I bootstat: Logging histogram: time_since_factory_reset 7846
02-20 21:28:14.545  2054  2054 I sysui_histogram: [time_since_factory_reset,7846]
02-20 21:28:14.550  1374  1374 I MediaPlayerService: MediaPlayerService::getOMX
02-20 21:28:14.550  1677  2063 I OMXClient: MuxOMX ctor
02-20 21:28:14.550  1370  2019 I OMXMaster: makeComponentInstance(OMX.google.vorbis.decoder) in mediacodec process
02-20 21:28:14.585  1677  1745 D NotificationSQLiteLog: Pruned event entries: 0
02-20 21:28:14.586  1374  1374 I MediaPlayerService: MediaPlayerService::getOMX
02-20 21:28:14.586  1677  2074 I OMXClient: MuxOMX ctor
02-20 21:28:14.586  1370  2037 I OMXMaster: makeComponentInstance(OMX.google.vorbis.decoder) in mediacodec process
02-20 21:28:14.622  1677  1700 V PackageManager: reconcileAppsData finished 100 packages
02-20 21:28:14.623  1910  1910 D DCT     : [0]NETWORK_STATE_CHANGED_ACTION: mIsWifiConnected=false
02-20 21:28:14.623  1910  1910 D DCT     : [0]Wifi state changed
02-20 21:28:14.623  1910  1910 D DCT     : [0]WIFI_STATE_CHANGED_ACTION: enabled=true mIsWifiConnected=false
02-20 21:28:14.623  1910  1910 D DCT     : [0]onRadioAvailable
02-20 21:28:14.623  1910  1910 D DCT     : [0]onRadioOffOrNotAvailable: is off and clean up all connections
02-20 21:28:14.623  1910  1910 D DCT     : [0]cleanUpAllConnections: tearDown=false reason=radioTurnedOff
02-20 21:28:14.623  1910  1910 D GsmCdmaPhone: [GsmCdmaPhone] getDataConnectionState apnType=default ret=DISCONNECTED
02-20 21:28:14.625  1677  1693 D MountService: onUnlockUser 0
02-20 21:28:14.625  1677  1693 D VoldConnector: SND -> {7 volume user_started 0}
02-20 21:28:14.626  1677  1691 I am_proc_bound: [0,2055,com.google.android.ext.services]
02-20 21:28:14.626  1267  1302 D vold    : Linking /storage/emulated/0 to /mnt/user/0/primary
02-20 21:28:14.626  1677  1727 D VoldConnector: RCV <- {200 7 Command succeeded}
02-20 21:28:14.627  1677  1726 D MountService: Volume public:253,64 broadcasting mounted to UserHandle{0}
02-20 21:28:14.632  1677  1692 I SyncManager: Got SyncJobService instance.
02-20 21:28:14.643  1677  1726 D MountService: Volume emulated broadcasting mounted to UserHandle{0}
02-20 21:28:14.667  2055  2055 W System  : ClassLoader referenced unknown path: /system/priv-app/GoogleExtServices/lib/x86_64
02-20 21:28:14.668  1910  1922 D SubscriptionController: [getPhoneId]- no sims, returning default phoneId=2147483647
02-20 21:28:14.671  2079  2079 W art     : Unexpected CPU variant for X86 using defaults: x86_64
02-20 21:28:14.677  1677  1746 I am_proc_start: [0,2079,10002,com.android.providers.calendar,content provider,com.android.providers.calendar/.CalendarProvider2]
02-20 21:28:14.677  1677  1746 I ActivityManager: Start proc 2079:com.android.providers.calendar/u0a2 for content provider com.android.providers.calendar/.CalendarProvider2
02-20 21:28:14.682  1910  1910 D DCT     : [0]cleanUpConnection: X tearDown=false reason=radioTurnedOff apnContext={mApnType=default mState=IDLE mWaitingApns={null} mApnSetting={null} mReason=radioTurnedOff mDataEnabled=false mDependencyMet=true} dcac=null
02-20 21:28:14.682  1910  1910 D GsmCdmaPhone: [GsmCdmaPhone] getDataConnectionState apnType=mms ret=DISCONNECTED
02-20 21:28:14.683  1910  1910 D DCT     : [0]cleanUpConnection: X tearDown=false reason=radioTurnedOff apnContext={mApnType=mms mState=IDLE mWaitingApns={null} mApnSetting={null} mReason=radioTurnedOff mDataEnabled=false mDependencyMet=true} dcac=null
02-20 21:28:14.683  1910  1910 D GsmCdmaPhone: [GsmCdmaPhone] getDataConnectionState apnType=cbs ret=DISCONNECTED
02-20 21:28:14.683  1910  1910 D DCT     : [0]cleanUpConnection: X tearDown=false reason=radioTurnedOff apnContext={mApnType=cbs mState=IDLE mWaitingApns={null} mApnSetting={null} mReason=radioTurnedOff mDataEnabled=false mDependencyMet=true} dcac=null
02-20 21:28:14.683  1910  1910 D GsmCdmaPhone: [GsmCdmaPhone] getDataConnectionState apnType=fota ret=DISCONNECTED
02-20 21:28:14.684  1910  1910 D DCT     : [0]cleanUpConnection: X tearDown=false reason=radioTurnedOff apnContext={mApnType=fota mState=IDLE mWaitingApns={null} mApnSetting={null} mReason=radioTurnedOff mDataEnabled=false mDependencyMet=true} dcac=null
02-20 21:28:14.684  1910  1910 D GsmCdmaPhone: [GsmCdmaPhone] getDataConnectionState apnType=supl ret=DISCONNECTED
02-20 21:28:14.684  1910  1910 D DCT     : [0]cleanUpConnection: X tearDown=false reason=radioTurnedOff apnContext={mApnType=supl mState=IDLE mWaitingApns={null} mApnSetting={null} mReason=radioTurnedOff mDataEnabled=false mDependencyMet=true} dcac=null
02-20 21:28:14.684  1910  1910 D GsmCdmaPhone: [GsmCdmaPhone] getDataConnectionState apnType=ia ret=DISCONNECTED
02-20 21:28:14.685  1910  1910 D DCT     : [0]cleanUpConnection: X tearDown=false reason=radioTurnedOff apnContext={mApnType=ia mState=IDLE mWaitingApns={null} mApnSetting={null} mReason=radioTurnedOff mDataEnabled=false mDependencyMet=true} dcac=null
02-20 21:28:14.685  1910  1910 D GsmCdmaPhone: [GsmCdmaPhone] getDataConnectionState apnType=emergency ret=DISCONNECTED
02-20 21:28:14.685  1910  1910 D DCT     : [0]cleanUpConnection: X tearDown=false reason=radioTurnedOff apnContext={mApnType=emergency mState=IDLE mWaitingApns={null} mApnSetting={null} mReason=radioTurnedOff mDataEnabled=false mDependencyMet=true} dcac=null
02-20 21:28:14.685  1910  1910 D GsmCdmaPhone: [GsmCdmaPhone] getDataConnectionState apnType=hipri ret=DISCONNECTED
02-20 21:28:14.685  1910  1910 D DCT     : [0]cleanUpConnection: X tearDown=false reason=radioTurnedOff apnContext={mApnType=hipri mState=IDLE mWaitingApns={null} mApnSetting={null} mReason=radioTurnedOff mDataEnabled=false mDependencyMet=true} dcac=null
02-20 21:28:14.685  1910  1910 D GsmCdmaPhone: [GsmCdmaPhone] getDataConnectionState apnType=ims ret=DISCONNECTED
02-20 21:28:14.686  1910  1910 D DCT     : [0]cleanUpConnection: X tearDown=false reason=radioTurnedOff apnContext={mApnType=ims mState=IDLE mWaitingApns={null} mApnSetting={null} mReason=radioTurnedOff mDataEnabled=false mDependencyMet=true} dcac=null
02-20 21:28:14.686  1910  1910 D DCT     : [0]stopNetStatPoll
02-20 21:28:14.686  1910  1910 D DCT     : [0]cleanUpConnection: mDisconnectPendingCount = 0
02-20 21:28:14.688  1910  1910 D DCT     : [0]isDataAllowed: No - Not attached - SIM not loaded
02-20 21:28:14.695  1677  1693 V BackupManagerService: No ancestral data
02-20 21:28:14.717  1910  1910 D DCT     : [0]onDataConnectionDetached: stop polling and notify detached
02-20 21:28:14.717  1910  1910 D DCT     : [0]stopNetStatPoll
02-20 21:28:14.719  1910  1910 D DCT     : [0]notifyDataConnection: reason=dataDetached
02-20 21:28:14.719  1910  1910 D DCT     : [0]isDataAllowed: No - Not attached - SIM not loaded
02-20 21:28:14.724  1677  1677 I FusedLocation: engine started (com.android.location.fused)
02-20 21:28:14.724  1677  1691 I am_proc_bound: [0,2079,com.android.providers.calendar]
02-20 21:28:14.729  1677  1693 V BackupManagerService: Starting with transport android/com.android.internal.backup.LocalTransport
02-20 21:28:14.730  1677  1693 V BackupManagerService: Found transports: 2
02-20 21:28:14.739  1677  1693 I am_proc_start: [0,2093,10014,com.google.android.gms.persistent,service,com.google.android.gms/.backup.BackupTransportService]
02-20 21:28:14.739  1677  1693 I ActivityManager: Start proc 2093:com.google.android.gms.persistent/u0a14 for service com.google.android.gms/.backup.BackupTransportService
02-20 21:28:14.740  1677  1693 I BackupManagerService: Backup enabled => false
02-20 21:28:14.742  2079  2079 W System  : ClassLoader referenced unknown path: /system/priv-app/CalendarProvider/lib/x86_64
02-20 21:28:14.746  1910  1910 D DCT     : [0]onRoamingOff
02-20 21:28:14.746  1910  1910 D DCT     : [0]isDataAllowed: No - Not attached - SIM not loaded
02-20 21:28:14.748  1677  1677 V BackupManagerService: Connected to transport ComponentInfo{android/com.android.internal.backup.LocalTransportService}
02-20 21:28:14.748  1677  1677 V BackupManagerService: Registering transport android/com.android.internal.backup.LocalTransportService::android/com.android.internal.backup.LocalTransport = android.app.backup.BackupTransport$TransportImpl@cbed234
02-20 21:28:14.754  1910  1910 D DCT     : [0]setupDataOnConnectableApns: roamingOff hipri:[state=IDLE,enabled=false] mms:[state=IDLE,enabled=false] supl:[state=IDLE,enabled=false] ia:[state=IDLE,enabled=false] fota:[state=IDLE,enabled=false] ims:[state=IDLE,enabled=false] cbs:[state=IDLE,enabled=false] default:[state=IDLE,enabled=false] emergency:[state=IDLE,enabled=false] 
02-20 21:28:14.754  1910  1910 D DCT     : [0]setupDataOnConnectableApns: nwTypeChanged hipri:[state=IDLE,enabled=false] mms:[state=IDLE,enabled=false] supl:[state=IDLE,enabled=false] ia:[state=IDLE,enabled=false] fota:[state=IDLE,enabled=false] ims:[state=IDLE,enabled=false] cbs:[state=IDLE,enabled=false] default:[state=IDLE,enabled=false] emergency:[state=IDLE,enabled=false] 
02-20 21:28:14.754  1910  1910 D SubscriptionInfoUpdater: [Receiver]+
02-20 21:28:14.754  1910  1910 D SubscriptionInfoUpdater: Action: android.intent.action.SIM_STATE_CHANGED
02-20 21:28:14.754  1910  1910 D SubscriptionInfoUpdater: slotId: 0
02-20 21:28:14.754  1910  1910 D SubscriptionInfoUpdater: simStatus: NOT_READY
02-20 21:28:14.754  1910  1910 D SubscriptionInfoUpdater: Ignoring simStatus: NOT_READY
02-20 21:28:14.754  1910  1910 D SubscriptionInfoUpdater: [Receiver]-
02-20 21:28:14.754  1910  1910 D PhoneSwitcherNetworkRequstListener: got request NetworkRequest [ REQUEST id=1, [ Capabilities: INTERNET&NOT_RESTRICTED&TRUSTED&NOT_VPN] ] with score 0
02-20 21:28:14.754  1910  1910 D TelephonyNetworkFactory[0]: onSubIdChange -1->-2
02-20 21:28:14.754  1910  1910 D TelephonyNetworkFactory[0]: got request NetworkRequest [ REQUEST id=1, [ Capabilities: INTERNET&NOT_RESTRICTED&TRUSTED&NOT_VPN] ] with score 0
02-20 21:28:14.757  1910  1910 D DebugService: DebugService DebugService:
02-20 21:28:14.757  1910  1910 D TelephonyDebugService: TelephonyDebugService()
02-20 21:28:14.758  1677  1677 I backup_transport_lifecycle: [android/com.android.internal.backup.LocalTransportService,1]
02-20 21:28:14.758  1910  1910 D CarrierConfigLoader: mHandler: 12 phoneId: 0
02-20 21:28:14.758  1910  1910 D RILJ    : [3671]> RIL_REQUEST_QUERY_TTY_MODE [SUB0]
02-20 21:28:14.758  1376  1486 D RIL     : onRequest: QUERY_TTY_MODE
02-20 21:28:14.758  1376  1486 D RIL     : Request not supported. Tech: 1
02-20 21:28:14.758  1910  1986 D RilRequest: [3671]< RIL_REQUEST_QUERY_TTY_MODE error: com.android.internal.telephony.CommandException: REQUEST_NOT_SUPPORTED ret=
02-20 21:28:14.759  1910  1910 D UiccController: Received EVENT_GET_ICC_STATUS_DONE
02-20 21:28:14.759  1910  1910 D UiccCard: 2 applications
02-20 21:28:14.759  1910  1910 D UiccCardApplication: Creating UiccApp: {APPTYPE_SIM,APPSTATE_DETECTED}
02-20 21:28:14.760  1910  1910 W VoiceMailConstants: Can't open /system/etc/voicemail-conf.xml
02-20 21:28:14.761  1910  1910 D SpnOverride: No SPN in OEM image = /oem/telephony/spn-conf.xml Load SPN from system image
02-20 21:28:14.761  1910  1910 W SpnOverride: Can not open /system/etc/spn-conf.xml
02-20 21:28:14.761  1910  1910 D SIMRecords: [SIMRecords] setting0 mMncLength-1
02-20 21:28:14.761  1910  1910 D SIMRecords: [SIMRecords] SIMRecords: onRadioOffOrNotAvailable set 'gsm.sim.operator.numeric' to operator=null
02-20 21:28:14.761  1910  1910 D SIMRecords: [SIMRecords] update icc_operator_numeric=null
02-20 21:28:14.761  1910  1910 D TelephonyManager: setTelephonyProperty: success phoneId=0 property=gsm.sim.operator.numeric value:  propVal=
02-20 21:28:14.761  1910  1910 D TelephonyManager: setTelephonyProperty: success phoneId=0 property=gsm.sim.operator.alpha value:  propVal=
02-20 21:28:14.761  1910  1910 D TelephonyManager: setTelephonyProperty: success phoneId=0 property=gsm.sim.operator.iso-country value:  propVal=
02-20 21:28:14.761  1910  1910 D SIMRecords: [SIMRecords] getOperatorNumeric: IMSI == null
02-20 21:28:14.762  1910  1910 D SIMRecords: [SIMRecords] SIMRecords X ctor this=SimRecords: mDestroyed=false mContext=com.android.phone.PhoneGlobals@5229afc mCi=com.android.internal.telephony.RIL@e5bd76e mFh=Handler (com.android.internal.telephony.uicc.SIMFileHandler) {5dcf585} mParentApp=com.android.internal.telephony.uicc.UiccCardApplication@bc13fda recordsLoadedRegistrants=android.os.RegistrantList@f58cc0b mImsiReadyRegistrants=android.os.RegistrantList@27c6ae8 mRecordsEventsRegistrants=android.os.RegistrantList@efc6501 mNewSmsRegistrants=android.os.RegistrantList@8037fa6 mNetworkSelectionModeAutomaticRegistrants=android.os.RegistrantList@ac61de7 recordsToLoad=0 adnCache=Handler (com.android.internal.telephony.uicc.AdnRecordCache) {b214d94} recordsRequested=false iccid=null msisdnTag=null voiceMailNum=null voiceMailTag=null voiceMailNum=null newVoiceMailTag=null isVoiceMailFixed=false mImsi=null mncLength=-1 mailboxIndex=0 spn=null mVmConfigcom.android.internal.telephony.uicc.VoiceMailConstants@749503d mSpnOverride=mSpnOverride callForwardingEnabled=0 spnState=null mCphsInfo=null mCspPlmnEnabled=true efMWIS=null efCPHS_MWI=null mEfCff=null mEfCfis=null getOperatorNumeric=null
02-20 21:28:14.762  1910  1910 D UiccCardApplication: Creating UiccApp: {APPTYPE_RUIM,APPSTATE_DETECTED}
02-20 21:28:14.762  1910  1910 D RuimRecords: [RuimRecords] setting0 mMncLength-1
02-20 21:28:14.762  1910  1910 D RuimRecords: [RuimRecords] RuimRecords X ctor this=RuimRecords: mDestroyed=false mContext=com.android.phone.PhoneGlobals@5229afc mCi=com.android.internal.telephony.RIL@e5bd76e mFh=Handler (com.android.internal.telephony.uicc.RuimFileHandler) {bccb183} mParentApp=com.android.internal.telephony.uicc.UiccCardApplication@28faf00 recordsLoadedRegistrants=android.os.RegistrantList@87fb339 mImsiReadyRegistrants=android.os.RegistrantList@e10dd7e mRecordsEventsRegistrants=android.os.RegistrantList@e1ee2df mNewSmsRegistrants=android.os.RegistrantList@3c0bb2c mNetworkSelectionModeAutomaticRegistrants=android.os.RegistrantList@21f49f5 recordsToLoad=0 adnCache=Handler (com.android.internal.telephony.uicc.AdnRecordCache) {859538a} recordsRequested=false iccid=null msisdnTag=null voiceMailNum=null voiceMailTag=null voiceMailNum=null newVoiceMailTag=null isVoiceMailFixed=false mImsi=null mncLength=-1 mailboxIndex=0 spn=null m_ota_commitedfalse mMyMobileNumber=xxxx mMin2Min1=null mPrlVersion=null mEFpl=null mEFli=null mCsimSpnDisplayCondition=false mMdn=null mMin=null mHomeSystemId=null mHomeNetworkId=null
02-20 21:28:14.762  2093  2093 W art     : Unexpected CPU variant for X86 using defaults: x86_64
02-20 21:28:14.776  1910  1910 D CAT     : CatService: registerForRecordsLoaded slotid=0 instance:Handler (com.android.internal.telephony.cat.CatService) {23c4ed7}
02-20 21:28:14.776  1910  1910 D CAT     : CatService: Running CAT service on Slotid: 0. STK app installed:false
02-20 21:28:14.776  1910  1910 D UiccCard: Before privilege rules: null : CARDSTATE_PRESENT
02-20 21:28:14.776  1910  1910 D RILJ    : [3672]> RIL_REQUEST_SIM_OPEN_CHANNEL [SUB0]
02-20 21:28:14.778  1376  1486 D RIL     : onRequest: SIM_OPEN_CHANNEL
02-20 21:28:14.778  1376  1486 D AT      : AT> AT+CCHO=A00000015141434C00
02-20 21:28:14.778  1910  1910 E UiccCard: App index 8 is invalid since there are no applications
02-20 21:28:14.778  1376  1488 D AT      : AT< 1
02-20 21:28:14.778  1376  1488 D AT      : AT< OK
02-20 21:28:14.778  1910  1986 D RILJ    : [3672]< RIL_REQUEST_SIM_OPEN_CHANNEL  [SUB0]
02-20 21:28:14.779  1910  1910 D UiccCard: update: radioState=RADIO_ON mLastRadioState=RADIO_UNAVAILABLE
02-20 21:28:14.779  1910  1910 D UiccController: Notifying IccChangedRegistrants
02-20 21:28:14.780  1910  1910 D GsmCdmaPhone: get phone radio capability fail, no need to change mRadioCapability
02-20 21:28:14.780  1910  1910 D GsmCdmaPhone: EVENT_GET_RADIO_CAPABILITY: phone rc: null
02-20 21:28:14.780  1910  1910 D Phone   : config LCE service failed: com.android.internal.telephony.CommandException: RADIO_NOT_AVAILABLE
