02-20 21:28:11.696  1364  1364 I art     : Starting a blocking GC Background
02-20 21:28:11.693     0     0 D ieee80211 phy1: hw scan 2427 MHz
02-20 21:28:11.718  1267  1302 V vold    : /dev/block/vold/disk:253,64: LABEL="SDCARD" UUID="1E12-0B12" TYPE="vfat" 
02-20 21:28:11.718  1267  1302 V vold    : 
02-20 21:28:11.720  1677  1727 D VoldConnector: RCV <- {650 public:253,64 0 "disk:253,64" ""}
02-20 21:28:11.720  1677  1727 D VoldConnector: RCV <- {651 public:253,64 0}
02-20 21:28:11.720  1677  1727 D VoldConnector: RCV <- {643 disk:253,64}
02-20 21:28:11.727  1677  1727 D VoldConnector: RCV <- {200 3 Command succeeded}
02-20 21:28:11.729  1677  1726 D VoldConnector: SND -> {4 volume user_added 0 0}
02-20 21:28:11.729  1677  1727 D VoldConnector: RCV <- {200 4 Command succeeded}
02-20 21:28:11.730  1677  1677 W ActivityManager: Slow operation: 51ms so far, now at startProcess: returned from zygote!
02-20 21:28:11.730  1677  1677 W ActivityManager: Slow operation: 51ms so far, now at startProcess: done updating battery stats
02-20 21:28:11.730  1677  1677 I am_proc_start: [0,1793,1037,WebViewLoader-x86,,]
02-20 21:28:11.730  1677  1677 W ActivityManager: Slow operation: 51ms so far, now at startProcess: building log message
02-20 21:28:11.730  1677  1677 I ActivityManager: Start proc 1793:WebViewLoader-x86/1037 [android.webkit.WebViewFactory$RelroFileCreator] for 
02-20 21:28:11.730  1677  1677 W ActivityManager: Slow operation: 51ms so far, now at startProcess: starting to update pids map
02-20 21:28:11.730  1677  1677 W ActivityManager: Slow operation: 51ms so far, now at startProcess: done updating pids map
02-20 21:28:11.730  1677  1677 W ActivityManager: Slow operation: 51ms so far, now at startProcess: done starting proc!
02-20 21:28:11.759  1793  1793 W art     : Unexpected CPU variant for X86 using defaults: x86
02-20 21:28:11.761  1677  1677 I am_proc_start: [0,1799,1037,WebViewLoader-x86_64,,]
02-20 21:28:11.762  1677  1677 I ActivityManager: Start proc 1799:WebViewLoader-x86_64/1037 [android.webkit.WebViewFactory$RelroFileCreator] for 
02-20 21:28:11.762  1799  1799 W art     : Unexpected CPU variant for X86 using defaults: x86_64
02-20 21:28:11.768  1677  1691 I am_proc_bound: [0,1765,com.android.systemui]
02-20 21:28:11.768  1799  1799 V WebViewFactory: RelroFileCreator (64bit = true),  32-bit lib: /system/app/Chrome/Chrome.apk!/lib/x86/libmonochrome.so, 64-bit lib: /system/app/Chrome/Chrome.apk!/lib/x86_64/libmonochrome.so
02-20 21:28:11.775  1677  1690 I am_proc_bound: [0,1758,com.android.inputmethod.latin]
02-20 21:28:11.776  1677  1726 D VoldConnector: SND -> {5 volume mount emulated 3 -1}
02-20 21:28:11.781  1677  1677 D NetworkManagement: enabling bandwidth control
02-20 21:28:11.781  1677  1727 D VoldConnector: RCV <- {651 emulated 1}
02-20 21:28:11.781  1677  1727 D VoldConnector: RCV <- {656 emulated /data/media}
02-20 21:28:11.781  1677  1727 D VoldConnector: RCV <- {655 emulated /storage/emulated}
02-20 21:28:11.783  1267  1302 V vold    : Waiting for FUSE to spin up...
02-20 21:28:11.799  1765  1765 W System  : ClassLoader referenced unknown path: /system/priv-app/SystemUIGoogle/lib/x86_64
02-20 21:28:11.815     0     0 D ieee80211 phy1: hw scan 2432 MHz
02-20 21:28:11.818  1814  1814 W sdcard  : Device explicitly disabled sdcardfs
02-20 21:28:11.833  1267  1302 V vold    : Waiting for FUSE to spin up...
02-20 21:28:11.836  1677  1791 E WVMExtractor: Failed to open libwvm.so: dlopen failed: library "libwvm.so" not found
02-20 21:28:11.837     0     0 D SELinux : initialized (dev fuse, type fuse), uses genfs_contexts
02-20 21:28:11.844     0     0 D SELinux : initialized (dev fuse, type fuse), uses genfs_contexts
02-20 21:28:11.845     0     0 D SELinux : initialized (dev fuse, type fuse), uses genfs_contexts
02-20 21:28:11.884  1677  1727 D VoldConnector: RCV <- {651 emulated 2}
02-20 21:28:11.884  1793  1793 V WebViewFactory: RelroFileCreator (64bit = false),  32-bit lib: /system/app/Chrome/Chrome.apk!/lib/x86/libmonochrome.so, 64-bit lib: /system/app/Chrome/Chrome.apk!/lib/x86_64/libmonochrome.so
02-20 21:28:11.884  1677  1727 D VoldConnector: RCV <- {200 5 Command succeeded}
02-20 21:28:11.884  1677  1726 D VoldConnector: SND -> {6 volume mount public:253,64 2 0}
02-20 21:28:11.930     0     0 D ieee80211 phy1: hw scan 2437 MHz
02-20 21:28:12.050     0     0 D ieee80211 phy1: hw scan 2442 MHz
02-20 21:28:11.885  1267  1302 V vold    : /system/bin/blkid
02-20 21:28:11.885  1267  1302 V vold    :     -c
02-20 21:28:11.885  1267  1302 V vold    :     /dev/null
02-20 21:28:11.885  1267  1302 V vold    :     -s
02-20 21:28:11.885  1267  1302 V vold    :     TYPE
02-20 21:28:11.885  1267  1302 V vold    :     -s
02-20 21:28:11.885  1267  1302 V vold    :     UUID
02-20 21:28:11.885  1267  1302 V vold    :     -s
02-20 21:28:11.885  1267  1302 V vold    :     LABEL
02-20 21:28:11.885  1267  1302 V vold    :     /dev/block/vold/public:253,64
02-20 21:28:11.885  1677  1727 D VoldConnector: RCV <- {651 public:253,64 1}
02-20 21:28:11.888  1374  1374 I MediaPlayerService: MediaPlayerService::getOMX
02-20 21:28:11.889  1374  1374 I OMXClient: MuxOMX ctor
02-20 21:28:11.891  1374  1374 I MediaPlayerService: MediaPlayerService::getOMX
02-20 21:28:11.891  1374  1374 I OMXClient: MuxOMX ctor
02-20 21:28:11.891  1370  1370 I OMXMaster: makeComponentInstance(OMX.google.mp3.decoder) in mediacodec process
02-20 21:28:11.947  1267  1302 V vold    : /dev/block/vold/public:253,64: LABEL="SDCARD" UUID="1E12-0B12" TYPE="vfat" 
02-20 21:28:11.947  1267  1302 V vold    : 
02-20 21:28:11.949  1267  1302 V vold    : /system/bin/fsck_msdos
02-20 21:28:11.949  1267  1302 V vold    :     -p
02-20 21:28:11.949  1267  1302 V vold    :     -f
02-20 21:28:11.949  1267  1302 V vold    :     /dev/block/vold/public:253,64
02-20 21:28:11.949  1677  1727 D VoldConnector: RCV <- {652 public:253,64 vfat}
02-20 21:28:11.949  1677  1727 D VoldConnector: RCV <- {653 public:253,64 1E12-0B12}
02-20 21:28:11.950  1677  1727 D VoldConnector: RCV <- {654 public:253,64 SDCARD}
02-20 21:28:12.019  1677  1734 D WifiController: DEFERRED_TOGGLE handled
02-20 21:28:12.023  1765  1765 V SystemUIService: Starting SystemUI services for user 0.
02-20 21:28:12.042  1267  1302 I fsck_msdos: ** /dev/block/vold/public:253,64
02-20 21:28:12.050  1267  1302 I fsck_msdos: ** Phase 1 - Read and Compare FATs
02-20 21:28:12.050  1267  1302 I fsck_msdos: Attempting to allocate 1022 KB for FAT
02-20 21:28:12.072  1374  1374 I MediaPlayerService: MediaPlayerService::getOMX
02-20 21:28:12.072  1374  1374 I OMXClient: MuxOMX ctor
02-20 21:28:12.073  1370  1386 I OMXMaster: makeComponentInstance(OMX.google.amrnb.decoder) in mediacodec process
02-20 21:28:12.075  1765  1765 V MediaRouter: Adding route: RouteInfo{ name=Phone, description=null, status=null, category=RouteCategory{ name=null types=ROUTE_TYPE_LIVE_AUDIO ROUTE_TYPE_LIVE_VIDEO  groupable=false }, supportedTypes=ROUTE_TYPE_LIVE_AUDIO ROUTE_TYPE_LIVE_VIDEO , presentationDisplay=null }
02-20 21:28:12.078  1765  1765 V MediaRouter: Updating audio routes: AudioRoutesInfo{ type=SPEAKER }
02-20 21:28:12.079  1765  1765 V MediaRouter: Selecting route: RouteInfo{ name=Phone, description=null, status=null, category=RouteCategory{ name=null types=ROUTE_TYPE_LIVE_AUDIO ROUTE_TYPE_LIVE_VIDEO  groupable=false }, supportedTypes=ROUTE_TYPE_LIVE_AUDIO ROUTE_TYPE_LIVE_VIDEO , presentationDisplay=null }
02-20 21:28:12.082  1374  1374 I MediaPlayerService: MediaPlayerService::getOMX
02-20 21:28:12.082  1374  1374 I OMXClient: MuxOMX ctor
02-20 21:28:12.083  1370  1844 I OMXMaster: makeComponentInstance(OMX.google.amrwb.decoder) in mediacodec process
02-20 21:28:12.095  1758  1758 I LatinIME: Hardware accelerated drawing: true
02-20 21:28:12.172     0     0 D ieee80211 phy1: hw scan 2447 MHz
02-20 21:28:12.127  1374  1374 I MediaPlayerService: MediaPlayerService::getOMX
02-20 21:28:12.127  1374  1374 I OMXClient: MuxOMX ctor
02-20 21:28:12.127  1370  1370 I OMXMaster: makeComponentInstance(OMX.google.aac.decoder) in mediacodec process
02-20 21:28:12.136  1267  1302 I fsck_msdos: Attempting to allocate 1022 KB for FAT
02-20 21:28:12.142  1677  1798 D TelephonyRegistry: listen oscl: hasNotifySubscriptionInfoChangedOccurred==false no callback
02-20 21:28:12.146  1374  1374 I MediaPlayerService: MediaPlayerService::getOMX
02-20 21:28:12.147  1374  1374 I OMXClient: MuxOMX ctor
02-20 21:28:12.147  1370  1386 I OMXMaster: makeComponentInstance(OMX.google.g711.alaw.decoder) in mediacodec process
02-20 21:28:12.162  1677  1677 W NetworkManagement: setDataSaverMode(): already false
02-20 21:28:12.173  1375  1676 D SoftapController: Softap fwReload - Ok
02-20 21:28:12.181  1375  1676 D CommandListener: Setting iface cfg
02-20 21:28:12.181  1375  1676 D CommandListener: Trying to bring down wlan0
02-20 21:28:12.182  1375  1676 D CommandListener: Clearing all IP addresses on wlan0
02-20 21:28:12.212  1267  1302 I fsck_msdos: ** Phase 2 - Check Cluster Chains
02-20 21:28:12.213  1267  1302 I fsck_msdos: ** Phase 3 - Checking Directories
02-20 21:28:12.213  1267  1302 I fsck_msdos: ** Phase 4 - Checking for Lost Files
02-20 21:28:12.213  1677  1735 E WifiMonitor: killSupplicant p2pfalse init.svc.wpa_supplicant=unknown init.svc.p2p_supplicant=unknown
02-20 21:28:12.215  1267  1302 I fsck_msdos: 27 files, 522176 free (261088 clusters)
02-20 21:28:12.223  1677  1735 E wifi    : Can not initialize the vendor function pointer table
02-20 21:28:12.223  1677  1735 E WifiNative-HAL: Could not start hal
02-20 21:28:12.223  1677  1735 E WifiStateMachine: Failed to start HAL
02-20 21:28:12.228  1793  1793 I art     : System.exit called, status: 0
02-20 21:28:12.228  1793  1793 I AndroidRuntime: VM exiting with result code 0, cleanup skipped.
02-20 21:28:12.233  1267  1302 I Vold    : Filesystem check completed OK
02-20 21:28:12.233  1677  1727 D VoldConnector: RCV <- {656 public:253,64 /mnt/media_rw/1E12-0B12}
02-20 21:28:12.234  1677  1727 D VoldConnector: RCV <- {655 public:253,64 /storage/1E12-0B12}
02-20 21:28:12.245  1267  1302 V vold    : Waiting for FUSE to spin up...
02-20 21:28:12.250  1799  1799 I art     : System.exit called, status: 0
02-20 21:28:12.250  1799  1799 I AndroidRuntime: VM exiting with result code 0, cleanup skipped.
02-20 21:28:12.273  1374  1374 I MediaPlayerService: MediaPlayerService::getOMX
02-20 21:28:12.273  1374  1374 I OMXClient: MuxOMX ctor
02-20 21:28:12.230     0     0 I init    : Starting service 'wpa_supplicant'...
02-20 21:28:12.239     0     0 W FAT-fs (vde): Volume was not properly unmounted. Some data may be corrupt. Please run fsck.
02-20 21:28:12.243     0     0 D SELinux : initialized (dev vde, type vfat), uses genfs_contexts
02-20 21:28:12.276  1861  1861 W sdcard  : Device explicitly disabled sdcardfs
02-20 21:28:12.283  1370  1370 I OMXMaster: makeComponentInstance(OMX.google.g711.mlaw.decoder) in mediacodec process
02-20 21:28:12.295  1267  1302 V vold    : Waiting for FUSE to spin up...
02-20 21:28:12.296     0     0 D ieee80211 phy1: hw scan 2452 MHz
02-20 21:28:12.297     0     0 D SELinux : initialized (dev fuse, type fuse), uses genfs_contexts
02-20 21:28:12.298     0     0 D SELinux : initialized (dev fuse, type fuse), uses genfs_contexts
02-20 21:28:12.299     0     0 D SELinux : initialized (dev fuse, type fuse), uses genfs_contexts
02-20 21:28:12.312  1758  1758 W InputAttributes: No editor info for this field. Bug?
02-20 21:28:12.326  1677  1735 D WifiMonitor: startMonitoring(wlan0) with mConnected = false
02-20 21:28:12.329  1765  1874 E WVMExtractor: Failed to open libwvm.so: dlopen failed: library "libwvm.so" not found
02-20 21:28:12.329  1677  1677 D NetworkPolicy: setRestrictBackgroundUL(): false
02-20 21:28:12.329  1677  1677 W NetworkManagement: setDataSaverMode(): already false
02-20 21:28:12.346  1677  1727 D VoldConnector: RCV <- {651 public:253,64 2}
02-20 21:28:12.346  1677  1727 D VoldConnector: RCV <- {200 6 Command succeeded}
02-20 21:28:12.362  1374  1374 I MediaPlayerService: MediaPlayerService::getOMX
02-20 21:28:12.362  1374  1374 I OMXClient: MuxOMX ctor
02-20 21:28:12.362  1370  1370 I OMXMaster: makeComponentInstance(OMX.google.vorbis.decoder) in mediacodec process
02-20 21:28:12.375  1758  1884 I LatinIME:LogUtils: Dictionary info: dictionary = userunigram.en_US ; version = 1519162092 ; date = ?
02-20 21:28:12.376  1758  1884 E ActivityThread: Failed to find provider info for user_dictionary
02-20 21:28:12.376  1758  1884 I LatinIME:LogUtils: Dictionary info: dictionary = UserHistoryDictionary.en_US ; version = 1519162092 ; date = ?
02-20 21:28:12.384  1858  1858 I wpa_supplicant: Successfully initialized wpa_supplicant
02-20 21:28:12.393  1858  1858 I wpa_supplicant: rfkill: Cannot open RFKILL control device
02-20 21:28:12.396  1858  1858 I wpa_supplicant: nl80211: Could not re-add multicast membership for vendor events: -2 (No such file or directory)
02-20 21:28:12.393     0     0 D ieee80211 phy0: mac80211_hwsim_start
02-20 21:28:12.393     0     0 D ieee80211 phy0: mac80211_hwsim_add_interface (type=2 mac_addr=02:00:00:44:55:66)
02-20 21:28:12.393     0     0 D ieee80211 phy0: mac80211_hwsim_bss_info_changed(changed=0xe)
02-20 21:28:12.393     0     0 D ieee80211 phy0: ERP_CTS_PROT: 0
02-20 21:28:12.393     0     0 D ieee80211 phy0: ERP_PREAMBLE: 0
02-20 21:28:12.393     0     0 D ieee80211 phy0: ERP_SLOT: 0
02-20 21:28:12.393     0     0 D ieee80211 phy0: mac80211_hwsim_conf_tx (queue=0 txop=0 cw_min=15 cw_max=1023 aifs=2)
02-20 21:28:12.393     0     0 D ieee80211 phy0: mac80211_hwsim_conf_tx (queue=1 txop=0 cw_min=15 cw_max=1023 aifs=2)
02-20 21:28:12.393     0     0 D ieee80211 phy0: mac80211_hwsim_conf_tx (queue=2 txop=0 cw_min=15 cw_max=1023 aifs=2)
02-20 21:28:12.393     0     0 D ieee80211 phy0: mac80211_hwsim_conf_tx (queue=3 txop=0 cw_min=15 cw_max=1023 aifs=2)
02-20 21:28:12.393     0     0 D ieee80211 phy0: mac80211_hwsim_bss_info_changed(changed=0x2000)
02-20 21:28:12.393     0     0 D ieee80211 phy0: mac80211_hwsim_config (freq=0 idle=0 ps=0 smps=auto)
02-20 21:28:12.393     0     0 D ieee80211 phy0: mac80211_hwsim_configure_filter
02-20 21:28:12.393     0     0 I IPv6    : ADDRCONF(NETDEV_UP): wlan0: link is not ready
02-20 21:28:12.393     0     0 D ieee80211 phy0: mac80211_hwsim_configure_filter
02-20 21:28:12.410     0     0 D ieee80211 phy1: hw scan 2457 MHz
02-20 21:28:12.412  1374  1374 I MediaPlayerService: MediaPlayerService::getOMX
02-20 21:28:12.412  1374  1374 I OMXClient: MuxOMX ctor
02-20 21:28:12.412  1370  1844 I OMXMaster: makeComponentInstance(OMX.google.opus.decoder) in mediacodec process
02-20 21:28:12.458  1677  1677 I SystemServiceManager: Starting phase 600
02-20 21:28:12.462  1858  1858 E wpa_supplicant: global ctrl interface @android:wpa_wlan0 matches ctrl interface wlan0 - do not open per-interface ctrl interface
02-20 21:28:12.462  1677  1677 D SensorNotificationService: Cannot obtain dynamic meta sensor, not supported.
02-20 21:28:12.463  1677  1677 D TelephonyRegistry: listen oscl: hasNotifySubscriptionInfoChangedOccurred==false no callback
02-20 21:28:12.464  1677  1735 D WifiConfigManager: Loading config and enabling all networks 
02-20 21:28:12.485  1374  1374 I MediaPlayerService: MediaPlayerService::getOMX
02-20 21:28:12.486  1374  1374 I OMXClient: MuxOMX ctor
02-20 21:28:12.486  1370  1844 I OMXMaster: makeComponentInstance(OMX.google.raw.decoder) in mediacodec process
02-20 21:28:12.492  1677  1735 W WifiNetworkHistory: Upgrading network 0 to android.uid.system:1000
02-20 21:28:12.493  1677  1735 D WifiConfigManager: loaded 0 passpoint configs
02-20 21:28:12.493  1677  1735 E IpConfigStore: Error parsing configuration: java.io.FileNotFoundException: /data/misc/wifi/ipconfig.txt (No such file or directory)
02-20 21:28:12.494  1677  1677 I GnssLocationProvider: WakeLock acquired by sendMessage(13, 0, null)
02-20 21:28:12.495  1677  1677 W LocationProviderProxy-network: Odd, no component found for service com.android.location.service.v3.NetworkLocationProvider
02-20 21:28:12.499  1677  1677 W GeocoderProxy: Odd, no component found for service com.android.location.service.GeocodeProvider
02-20 21:28:12.499  1677  1677 E FlpHardwareProvider: Error hw_get_module 'flp': -2
02-20 21:28:12.502  1374  1374 I MediaPlayerService: MediaPlayerService::getOMX
02-20 21:28:12.502  1374  1374 I OMXClient: MuxOMX ctor
02-20 21:28:12.502  1370  1844 I OMXMaster: makeComponentInstance(OMX.google.aac.encoder) in mediacodec process
02-20 21:28:12.505  1677  1677 D LocationManagerService: FLP HAL not supported
02-20 21:28:12.507  1677  1677 W GeofenceProxy: Odd, no component found for service com.android.location.service.GeofenceProvider
02-20 21:28:12.509  1677  1677 E ActivityRecognitionHardware: Error hw_get_module: -2
02-20 21:28:12.509  1677  1677 D LocationManagerService: Hardware Activity-Recognition not supported.
02-20 21:28:12.510  1677  1677 W ActivityRecognitionProxy: Odd, no component found for service com.android.location.service.ActivityRecognitionProvider
02-20 21:28:12.510  1677  1677 I GnssLocationProvider: WakeLock acquired by sendMessage(2, 1, null)
02-20 21:28:12.519  1677  1735 D WifiNative-HAL: Setting external_sim to 1
02-20 21:28:12.520  1677  1735 D WifiStateMachine: Setting OUI to DA-A1-19
02-20 21:28:12.523  1374  1374 I MediaPlayerService: MediaPlayerService::getOMX
02-20 21:28:12.523  1374  1374 I OMXClient: MuxOMX ctor
02-20 21:28:12.523  1370  1844 I OMXMaster: makeComponentInstance(OMX.google.amrnb.encoder) in mediacodec process
02-20 21:28:12.526  1677  1735 I WifiConnectivityManager: PNO settings: min5GHzRssi -82 min24GHzRssi -85 currentConnectionBonus 16 sameNetworkBonus 24 secureNetworkBonus 80 initialScoreMax 100
02-20 21:28:12.526  1677  1677 I CommonTimeManagementService: No common time service detected on this platform.  Common time services will be unavailable.
02-20 21:28:12.526  1677  1735 I WifiConnectivityManager: ConnectivityScanManager initialized and disabled
02-20 21:28:12.526  1677  1735 I WifiConnectivityManager: setUntrustedConnectionAllowed: allowed=false
02-20 21:28:12.526  1677  1735 E WifiLogger: no ring buffers found
02-20 21:28:12.526  1677  1735 E WifiLogger: Failed to start packet fate monitoring
02-20 21:28:12.531  1677  1687 I art     : Background sticky concurrent mark sweep GC freed 48087(2MB) AllocSpace objects, 11(232KB) LOS objects, 12% free, 21MB/24MB, paused 5.043ms total 63.413ms
02-20 21:28:12.531  1677  1725 I InputReader: Reconfiguring input devices.  changes=0x00000020
02-20 21:28:12.531  1677  1692 W GnssLocationProvider: Could not open GPS configuration file /etc/gps.conf
02-20 21:28:12.531  1677  1692 E GnssLocationProvider: no AGPS interface in set_agps_server
02-20 21:28:12.532  1677  1725 I InputReader: Reconfiguring input devices.  changes=0x00000010
02-20 21:28:12.532  1374  1374 I MediaPlayerService: MediaPlayerService::getOMX
02-20 21:28:12.532  1374  1374 I OMXClient: MuxOMX ctor
02-20 21:28:12.532  1370  1386 I OMXMaster: makeComponentInstance(OMX.google.amrwb.encoder) in mediacodec process
02-20 21:28:12.532  1677  1692 D TelephonyRegistry: listen oscl: hasNotifySubscriptionInfoChangedOccurred==false no callback
02-20 21:28:12.542  1677  1677 D TelephonyRegistry: systemRunning register for intents
02-20 21:28:12.544  1677  1677 I MmsServiceBroker: Delay connecting to MmsService until an API is called
02-20 21:28:12.530     0     0 D ieee80211 phy1: hw scan 2462 MHz
02-20 21:28:12.546  1677  1735 I WifiConnectivityManager: Set WiFi enabled
02-20 21:28:12.546  1677  1735 I WifiConnectivityManager: scheduleWatchdogTimer
02-20 21:28:12.547  1677  1735 D WifiNative-HAL: Failing getSupportedFeatureset because HAL isn't started
02-20 21:28:12.547  1677  1696 E BatteryStatsService: no controller energy info supplied
02-20 21:28:12.547  1677  1696 E KernelCpuSpeedReader: Failed to read cpu-freq: /sys/devices/system/cpu/cpu0/cpufreq/stats/time_in_state (No such file or directory)
02-20 21:28:12.547  1677  1696 E KernelUidCpuTimeReader: Failed to read uid_cputime: /proc/uid_cputime/show_uid_stat (No such file or directory)
02-20 21:28:12.548  1677  1735 D WifiNative-HAL: Failing getSupportedFeatureset because HAL isn't started
02-20 21:28:12.548  1677  1696 E BatteryStatsService: no controller energy info supplied
02-20 21:28:12.548  1677  1696 E KernelCpuSpeedReader: Failed to read cpu-freq: /sys/devices/system/cpu/cpu0/cpufreq/stats/time_in_state (No such file or directory)
02-20 21:28:12.548  1677  1696 E KernelUidCpuTimeReader: Failed to read uid_cputime: /proc/uid_cputime/show_uid_stat (No such file or directory)
02-20 21:28:12.560  1677  1692 I GnssLocationProvider: WakeLock released by handleMessage(13, 0, null)
02-20 21:28:12.561  1677  1692 E GnssLocationProvider: no AGPS interface in set_agps_server
02-20 21:28:12.569  1677  1692 I GnssLocationProvider: WakeLock released by handleMessage(2, 1, null)
02-20 21:28:12.571  1677  1694 W WindowManager: Keyguard drawn timeout. Setting mKeyguardDrawComplete
02-20 21:28:12.576  1374  1374 I MediaPlayerService: MediaPlayerService::getOMX
02-20 21:28:12.576  1374  1374 I OMXClient: MuxOMX ctor
02-20 21:28:12.576  1370  1370 I OMXMaster: makeComponentInstance(OMX.google.flac.encoder) in mediacodec process
02-20 21:28:12.587  1910  1910 W art     : Unexpected CPU variant for X86 using defaults: x86_64
02-20 21:28:12.592  1677  1677 I am_proc_start: [0,1910,1001,com.android.phone,added application,com.android.phone]
02-20 21:28:12.592  1677  1677 I ActivityManager: Start proc 1910:com.android.phone/1001 for added application com.android.phone
02-20 21:28:12.592  1677  1677 I ActivityManager: START u0 {act=android.intent.action.MAIN cat=[android.intent.category.HOME] flg=0x10000100 cmp=com.android.settings/.FallbackHome} from uid 0 on display 0
02-20 21:28:12.593  1677  1677 W System  : ClassLoader referenced unknown path: 
02-20 21:28:12.593  1677  1677 W System  : ClassLoader referenced unknown path: /system/priv-app/Settings/lib/x86_64
02-20 21:28:12.594  1677  1677 D ApplicationLoaders: ignored Vulkan layer search path /system/priv-app/Settings/lib/x86_64:/system/priv-app/Settings/Settings.apk!/lib/x86_64:/system/lib64:/vendor/lib64 for namespace 0x787771e0e160
02-20 21:28:12.597  1677  1677 I ActivityManager: Loaded persisted task ids for user 0
02-20 21:28:12.598  1677  1677 I am_create_task: [0,1]
02-20 21:28:12.598  1677  1677 I am_create_activity: [0,53558145,1,com.android.settings/.FallbackHome,android.intent.action.MAIN,NULL,NULL,276824320]
02-20 21:28:12.607  1677  1677 I wm_task_created: [1,0]
02-20 21:28:12.607  1677  1677 I wm_task_moved: [1,1,0]
02-20 21:28:12.607  1677  1677 I wm_task_moved: [1,1,0]
02-20 21:28:12.608  1677  1677 I am_focused_activity: [0,com.android.settings/.FallbackHome,startedActivity]
02-20 21:28:12.612  1677  1677 I am_proc_start: [0,1924,1000,com.android.settings,activity,com.android.settings/.FallbackHome]
02-20 21:28:12.612  1677  1677 I ActivityManager: Start proc 1924:com.android.settings/1000 for activity com.android.settings/.FallbackHome
02-20 21:28:12.618  1677  1677 I SystemServer: Enabled StrictMode for system server main thread.
02-20 21:28:12.619  1677  1690 I am_proc_bound: [0,1910,com.android.phone]
02-20 21:28:12.619  1374  1374 I MediaPlayerService: MediaPlayerService::getOMX
02-20 21:28:12.620  1374  1374 I OMXClient: MuxOMX ctor
02-20 21:28:12.620  1370  1370 I OMXMaster: makeComponentInstance(OMX.google.gsm.decoder) in mediacodec process
02-20 21:28:12.623  1924  1924 W art     : Unexpected CPU variant for X86 using defaults: x86_64
02-20 21:28:12.643  1677  1691 I am_proc_bound: [0,1924,com.android.settings]
02-20 21:28:12.643  1677  1692 W LocationProviderProxy-network: Odd, no component found for service com.android.location.service.v3.NetworkLocationProvider
02-20 21:28:12.644  1677  1692 W GeocoderProxy: Odd, no component found for service com.android.location.service.GeocodeProvider
02-20 21:28:12.644  1677  1692 W GeofenceProxy: Odd, no component found for service com.android.location.service.GeofenceProvider
02-20 21:28:12.644  1677  1692 W ActivityRecognitionProxy: Odd, no component found for service com.android.location.service.ActivityRecognitionProvider
02-20 21:28:12.645  1677  1691 I am_restart_activity: [0,53558145,1,com.android.settings/.FallbackHome]
02-20 21:28:12.647  1677  1677 D ConditionProviders.SCP: onConnected
02-20 21:28:12.647  1677  1677 D ZenLog  : set_zen_mode: off,readXml
02-20 21:28:12.647  1677  1677 D ConditionProviders: Subscribing to condition://android/schedule?days=6.7&start=23.30&end=10.0&exitAtAlarm=false with ComponentInfo{android/com.android.server.notification.ScheduleConditionProvider}
02-20 21:28:12.647  1677  1677 D ZenLog  : subscribe: condition://android/schedule?days=6.7&start=23.30&end=10.0&exitAtAlarm=false,ok
02-20 21:28:12.647  1677  1677 D ConditionProviders: Subscribing to condition://android/event?userId=-10000&calendar=&reply=1 with ComponentInfo{android/com.android.server.notification.EventConditionProvider}
02-20 21:28:12.647  1677  1677 D ZenLog  : subscribe: condition://android/event?userId=-10000&calendar=&reply=1,ok
02-20 21:28:12.648  1677  1677 D ConditionProviders: Subscribing to condition://android/schedule?days=1.2.3.4.5&start=22.0&end=7.0&exitAtAlarm=false with ComponentInfo{android/com.android.server.notification.ScheduleConditionProvider}
02-20 21:28:12.648  1677  1677 D ZenLog  : subscribe: condition://android/schedule?days=1.2.3.4.5&start=22.0&end=7.0&exitAtAlarm=false,ok
02-20 21:28:12.651  1758  1884 I LatinIME:LogUtils: Dictionary info: dictionary = main:en ; version = 54 ; date = 1414726273
02-20 21:28:12.650     0     0 D ieee80211 phy1: hw scan complete
02-20 21:28:12.650     0     0 D ieee80211 phy1: mac80211_hwsim_get_survey (idx=0)
02-20 21:28:12.664  1910  1910 W System  : ClassLoader referenced unknown path: /system/priv-app/TeleService/lib/x86_64
02-20 21:28:12.682  1374  1374 I MediaPlayerService: MediaPlayerService::getOMX
02-20 21:28:12.682  1374  1374 I OMXClient: MuxOMX ctor
02-20 21:28:12.682  1370  1370 I OMXMaster: makeComponentInstance(OMX.google.mpeg4.decoder) in mediacodec process
02-20 21:28:12.684  1765  1765 I vol.Events: writeEvent collection_started
02-20 21:28:12.688  1765  1945 I sysui_action: [213,2]
02-20 21:28:12.688  1765  1945 I vol.Events: writeEvent external_ringer_mode_changed normal
02-20 21:28:12.688  1765  1945 I vol.Events: writeEvent internal_ringer_mode_changed normal
02-20 21:28:12.699     0     0 D ieee80211 phy1: mac80211_hwsim_config (freq=0 idle=0 ps=0 smps=auto)
02-20 21:28:12.699     0     0 D ieee80211 phy1: add channel context control: 2447 MHz/width: 2/cfreqs:2437/0 MHz
02-20 21:28:12.699     0     0 D ieee80211 phy1: mac80211_hwsim_bss_info_changed(changed=0x40000)
02-20 21:28:12.699     0     0 D ieee80211 phy1: TX Power: 20 dBm
02-20 21:28:12.699     0     0 D ieee80211 phy1: mac80211_hwsim_bss_info_changed(changed=0x4000)
02-20 21:28:12.699     0     0 D ieee80211 phy1: change channel context control: 2447 MHz/width: 2/cfreqs:2437/0 MHz
02-20 21:28:12.699     0     0 D ieee80211 phy1: mac80211_hwsim_bss_info_changed(changed=0x88340)
02-20 21:28:12.699     0     0 D ieee80211 phy1: BCNINT: 100
02-20 21:28:12.699     0     0 D ieee80211 phy1: BCN EN: 1
02-20 21:28:12.699     0     0 D ieee80211 phy1: mac80211_hwsim_bss_info_changed(changed=0x3e)
02-20 21:28:12.699     0     0 D ieee80211 phy1: ERP_CTS_PROT: 0
02-20 21:28:12.699     0     0 D ieee80211 phy1: ERP_PREAMBLE: 0
02-20 21:28:12.699     0     0 D ieee80211 phy1: ERP_SLOT: 1
02-20 21:28:12.699     0     0 D ieee80211 phy1: HT: op_mode=0x0
02-20 21:28:12.699     0     0 D ieee80211 phy1: BASIC_RATES: 0xf
02-20 21:28:12.699     0     0 D ieee80211 phy1: mac80211_hwsim_conf_tx (queue=0 txop=47 cw_min=3 cw_max=7 aifs=1)
02-20 21:28:12.699     0     0 D ieee80211 phy1: mac80211_hwsim_bss_info_changed(changed=0x2000)
02-20 21:28:12.699     0     0 D ieee80211 phy1: mac80211_hwsim_conf_tx (queue=1 txop=94 cw_min=7 cw_max=15 aifs=1)
02-20 21:28:12.699     0     0 D ieee80211 phy1: mac80211_hwsim_bss_info_changed(changed=0x2000)
02-20 21:28:12.699     0     0 D ieee80211 phy1: mac80211_hwsim_conf_tx (queue=2 txop=0 cw_min=15 cw_max=63 aifs=3)
02-20 21:28:12.699     0     0 D ieee80211 phy1: mac80211_hwsim_bss_info_changed(changed=0x2000)
02-20 21:28:12.699     0     0 D ieee80211 phy1: mac80211_hwsim_conf_tx (queue=3 txop=0 cw_min=15 cw_max=1023 aifs=7)
02-20 21:28:12.699     0     0 D ieee80211 phy1: mac80211_hwsim_bss_info_changed(changed=0x2000)
02-20 21:28:12.699     0     0 I IPv6    : ADDRCONF(NETDEV_CHANGE): wlan1: link becomes ready
02-20 21:28:12.700     0     0 D ieee80211 phy1: mac80211_hwsim_configure_filter
02-20 21:28:12.696  1677  1677 D RttService: SCAN_AVAILABLE : 1
02-20 21:28:12.696  1677  1677 D ZenLog  : set_zen_mode: off,cleanUpZenRules
02-20 21:28:12.698  1677  1738 I WifiScanningService: wifi driver unloaded
02-20 21:28:12.698  1677  1739 D RttService: DefaultState got{ when=-2ms what=160513 target=com.android.internal.util.StateMachine$SmHandler }
02-20 21:28:12.699  1506  1506 E hostapd : Using interface wlan1 with hwaddr 02:00:00:00:01:00 and ssid "AndroidWifi"
02-20 21:28:12.699  1506  1506 I hostapd : wlan1: interface state HT_SCAN->ENABLED
02-20 21:28:12.699  1506  1506 I hostapd : wlan1: AP-ENABLED 
02-20 21:28:12.720  1924  1924 W System  : ClassLoader referenced unknown path: /system/priv-app/Settings/lib/x86_64
02-20 21:28:12.736  1370  1386 E OMXNodeInstance: getExtensionIndex(55a000f:google.mpeg4.decoder, OMX.google.android.index.configureVideoTunnelMode) ERROR: UnsupportedIndex(0x8000101a)
02-20 21:28:12.736  1370  1844 W OMXNodeInstance: [55a000f:google.mpeg4.decoder] component does not support metadata mode; using fallback
02-20 21:28:12.738  1374  1374 I MediaPlayerService: MediaPlayerService::getOMX
02-20 21:28:12.738  1374  1374 I OMXClient: MuxOMX ctor
02-20 21:28:12.738  1370  1370 I OMXMaster: makeComponentInstance(OMX.google.h263.decoder) in mediacodec process
02-20 21:28:12.755  1677  1677 W System  : ClassLoader referenced unknown path: /system/priv-app/Telecom/lib/x86_64
02-20 21:28:12.756  1677  1677 D ApplicationLoaders: ignored Vulkan layer search path /system/priv-app/Telecom/lib/x86_64:/system/priv-app/Telecom/Telecom.apk!/lib/x86_64:/system/lib64:/vendor/lib64 for namespace 0x787771e0e1d0
02-20 21:28:12.761  1910  1910 W System  : ClassLoader referenced unknown path: /system/priv-app/TelephonyProvider/lib/x86_64
02-20 21:28:12.764  1910  1910 D ApplicationLoaders: ignored Vulkan layer search path /system/priv-app/TelephonyProvider/lib/x86_64:/system/lib64:/vendor/lib64 for namespace 0x787771da30f0
02-20 21:28:12.798  1370  1844 E OMXNodeInstance: getExtensionIndex(55a0010:google.h263.decoder, OMX.google.android.index.configureVideoTunnelMode) ERROR: UnsupportedIndex(0x8000101a)
02-20 21:28:12.798  1370  1386 W OMXNodeInstance: [55a0010:google.h263.decoder] component does not support metadata mode; using fallback
02-20 21:28:12.806  1374  1374 I MediaPlayerService: MediaPlayerService::getOMX
02-20 21:28:12.806  1374  1374 I OMXClient: MuxOMX ctor
02-20 21:28:12.806  1370  1370 I OMXMaster: makeComponentInstance(OMX.google.h264.decoder) in mediacodec process
02-20 21:28:12.816  1924  1924 I am_on_resume_called: [0,com.android.settings.FallbackHome,LAUNCH_ACTIVITY]
02-20 21:28:12.819  1677  1677 E BluetoothAdapter: Bluetooth binder is null
02-20 21:28:12.826  1677  1677 I Telecom : SystemStateProvider: Registering car mode receiver: android.content.IntentFilter@281a899: TS.init@AAA
02-20 21:28:12.835  1374  1374 W ACodec  : [OMX.google.h264.decoder] stopping checking profiles after 32: 2/8000
02-20 21:28:12.835  1370  1386 E OMXNodeInstance: getExtensionIndex(55a0011:google.h264.decoder, OMX.google.android.index.configureVideoTunnelMode) ERROR: UnsupportedIndex(0x8000101a)
02-20 21:28:12.835  1370  1844 W OMXNodeInstance: [55a0011:google.h264.decoder] component does not support metadata mode; using fallback
02-20 21:28:12.835  1313  1326 E SurfaceFlinger: ro.sf.lcd_density must be defined as a build property
02-20 21:28:12.846  1374  1374 I MediaPlayerService: MediaPlayerService::getOMX
02-20 21:28:12.846  1374  1374 I OMXClient: MuxOMX ctor
02-20 21:28:12.846  1370  1370 I OMXMaster: makeComponentInstance(OMX.google.hevc.decoder) in mediacodec process
02-20 21:28:12.858  1677  1958 I Telecom : Telecom: Non-call EVENT: AUDIO_ROUTE, Entering state QuiescentEarpieceRoute
02-20 21:28:12.864  1924  1924 D         : HostConnection::get() New Host Connection established 0x7877631ffee0, tid 1924
02-20 21:28:12.866  1910  1910 D TelephonyProvider: dbh.onOpen: ok, queried table=siminfo
02-20 21:28:12.867  1910  1910 D TelephonyProvider: dbh.onOpen: ok, queried table=carriers
02-20 21:28:12.874  1677  1963 I Telecom : CallAudioModeStateMachine: Message received: null.: TS.init->CAMSM.pM_1@AAA_0
02-20 21:28:12.882  1677  1965 E ActivityThread: Failed to find provider info for call_log
02-20 21:28:12.883  1677  1677 E BluetoothAdapter: Bluetooth binder is null
02-20 21:28:12.887  1677  1677 I Telecom : Class: TelecomSystem.INSTANCE being set
02-20 21:28:12.888  1677  1677 E BluetoothAdapter: Bluetooth binder is null
02-20 21:28:12.888  1677  1677 W ContextImpl: Calling a method in the system process without a qualified user: android.app.ContextImpl.startService:1357 com.android.server.content.SyncManager$13.run:658 android.os.Handler.handleCallback:751 android.os.Handler.dispatchMessage:95 android.os.Looper.loop:154 
02-20 21:28:12.891  1370  1844 E OMXNodeInstance: getExtensionIndex(55a0012:google.hevc.decoder, OMX.google.android.index.configureVideoTunnelMode) ERROR: UnsupportedIndex(0x8000101a)
02-20 21:28:12.891  1370  1386 W OMXNodeInstance: [55a0012:google.hevc.decoder] component does not support metadata mode; using fallback
02-20 21:28:12.898  1374  1374 I MediaPlayerService: MediaPlayerService::getOMX
02-20 21:28:12.898  1374  1374 I OMXClient: MuxOMX ctor
02-20 21:28:12.899  1370  1370 I OMXMaster: makeComponentInstance(OMX.google.vp8.decoder) in mediacodec process
02-20 21:28:12.912  1924  1961 D         : HostConnection::get() New Host Connection established 0x787765a1b660, tid 1961
02-20 21:28:12.914  1924  1961 I OpenGLRenderer: Initialized EGL, version 1.4
02-20 21:28:12.914  1924  1961 D OpenGLRenderer: Swap behavior 1
02-20 21:28:12.935  1924  1961 D EGL_emulation: eglCreateContext: 0x787765a35aa0: maj 3 min 0 rcv 3
02-20 21:28:12.945  1370  1844 E OMXNodeInstance: getExtensionIndex(55a0013:google.vp8.decoder, OMX.google.android.index.configureVideoTunnelMode) ERROR: UnsupportedIndex(0x8000101a)
02-20 21:28:12.945  1370  1386 W OMXNodeInstance: [55a0013:google.vp8.decoder] component does not support metadata mode; using fallback
02-20 21:28:12.964  1374  1374 I MediaPlayerService: MediaPlayerService::getOMX
02-20 21:28:12.964  1374  1374 I OMXClient: MuxOMX ctor
02-20 21:28:12.966  1370  1370 I OMXMaster: makeComponentInstance(OMX.google.vp9.decoder) in mediacodec process
02-20 21:28:12.976  1677  1677 W System  : ClassLoader referenced unknown path: /system/priv-app/FusedLocation/lib/x86_64
02-20 21:28:12.978  1677  1677 D ApplicationLoaders: ignored Vulkan layer search path /system/priv-app/FusedLocation/lib/x86_64:/system/priv-app/FusedLocation/FusedLocation.apk!/lib/x86_64:/system/lib64:/vendor/lib64 for namespace 0x787771e0e240
02-20 21:28:12.981  1910  1910 D TDC     : updateOrInsert: inserting: Modem { uuid=modem, state=0, rilModel=0, rat={}, maxActiveVoiceCall=1, maxActiveDataCall=1, maxStandby=1 }
02-20 21:28:12.981  1910  1910 D TDC     : updateOrInsert: inserting: Sim { uuid=sim, modemUuid=modem, state=0 }
02-20 21:28:12.989  1677  1677 D GpsNetInitiatedHandler: location enabled :true
02-20 21:28:12.989  1677  1677 V WiredAccessoryManager: notifyWiredAccessoryChanged: when=0 bits= mask=54
02-20 21:28:12.989  1677  1677 V WiredAccessoryManager: newName=h2w newState=0 headsetState=0 prev headsetState=0
02-20 21:28:12.989  1677  1677 E WiredAccessoryManager: No state change.
02-20 21:28:12.989  1677  1677 V WiredAccessoryManager: init()
02-20 21:28:12.989  1677  1691 I stream_devices_changed: [0,0,2]
02-20 21:28:12.991  1677  1691 I stream_devices_changed: [2,0,2]
02-20 21:28:12.991  1677  1691 I stream_devices_changed: [3,0,2]
02-20 21:28:12.992  1677  1677 D RttService: SCAN_AVAILABLE : 3
02-20 21:28:12.992  1677  1691 I stream_devices_changed: [6,0,2]
02-20 21:28:12.992  1910  1910 D CdmaSSM : subscriptionSource from settings: 0
02-20 21:28:12.992  1910  1910 I PhoneFactory: Cdma Subscription set to 0
02-20 21:28:12.992  1677  1691 I stream_devices_changed: [4,0,2]
02-20 21:28:12.994  1765  1945 I vol.Events: writeEvent level_changed STREAM_ALARM 6
02-20 21:28:12.994  1677  1738 I WifiScanningService: wifi driver loaded with scan capabilities: max buckets=16
02-20 21:28:12.994  1677  1739 D RttService: DefaultState got{ when=-2ms what=160512 target=com.android.internal.util.StateMachine$SmHandler }
02-20 21:28:12.995  1765  1945 I vol.Events: writeEvent level_changed STREAM_BLUETOOTH_SCO 7
02-20 21:28:12.996  1765  1945 I vol.Events: writeEvent level_changed STREAM_MUSIC 11
02-20 21:28:12.999  1765  1945 I vol.Events: writeEvent level_changed STREAM_RING 5
02-20 21:28:13.000  1765  1945 I vol.Events: writeEvent level_changed STREAM_SYSTEM 5
02-20 21:28:13.001  1765  1945 I vol.Events: writeEvent level_changed STREAM_VOICE_CALL 4
02-20 21:28:13.006  1910  1910 I PhoneFactory: Network Mode set to 0
02-20 21:28:13.012  1370  1386 E OMXNodeInstance: getExtensionIndex(55a0014:google.vp9.decoder, OMX.google.android.index.configureVideoTunnelMode) ERROR: UnsupportedIndex(0x8000101a)
02-20 21:28:13.012  1370  1844 W OMXNodeInstance: [55a0014:google.vp9.decoder] component does not support metadata mode; using fallback
02-20 21:28:13.013  1374  1374 I MediaPlayerService: MediaPlayerService::getOMX
02-20 21:28:13.013  1374  1374 I OMXClient: MuxOMX ctor
02-20 21:28:13.013  1370  1370 I OMXMaster: makeComponentInstance(OMX.google.h263.encoder) in mediacodec process
02-20 21:28:13.017  1910  1910 D RILJ    : RIL(context, preferredNetworkType=0 cdmaSubscription=0)
02-20 21:28:13.022  1910  1910 D RILJ    : Starting RILReceiver0 [SUB0]
02-20 21:28:13.023  1376  1486 I RILC    : libril: new connection to RIL_SOCKET_1
02-20 21:28:13.023  1376  1486 I RILC    : RIL Daemon version: android reference-ril 1.0
02-20 21:28:13.023  1910  1986 I RILJ    : (0) Connected to 'rild' socket
02-20 21:28:13.024  1910  1986 D RILJ    : [UNSL]< UNSOL_RIL_CONNECTED {12} [SUB0]
02-20 21:28:13.026  1924  1961 D EGL_emulation: eglMakeCurrent: 0x787765a35aa0: ver 3 0 (tinfo 0x787765a0c540)
02-20 21:28:13.042  1910  1910 D RILJ    : [3648]> GET_HARDWARE_CONFIG [SUB0]
02-20 21:28:13.044  1910  1986 D RILJ    : [3649]> RADIO_POWER off [SUB0]
02-20 21:28:13.045  1910  1910 I PhoneFactory: Creating SubscriptionController
02-20 21:28:13.045  1376  1486 D RIL     : onRequest: GET_HARDWARE_CONFIG
02-20 21:28:13.051  1910  1986 D RILJ    : [3650]> RIL_REQUEST_CDMA_SET_SUBSCRIPTION_SOURCE : 0 [SUB0]
02-20 21:28:13.051  1376  1486 D RIL     : onRequest: RADIO_POWER
02-20 21:28:13.051  1910  1986 D RILJ    : setCellInfoListRate: 2147483647 [SUB0]
02-20 21:28:13.051  1910  1986 D RILJ    : [3651]> RIL_REQUEST_SET_CELL_INFO_LIST_RATE [SUB0]
02-20 21:28:13.051  1376  1486 D RIL     : onRequest: CDMA_SET_SUBSCRIPTION_SOURCE
02-20 21:28:13.054  1910  1986 D RILJ    : [UNSL]< UNSOL_RESPONSE_RADIO_STATE_CHANGED RADIO_OFF [SUB0]
02-20 21:28:13.054  1910  1986 D RILJ    : [3652]> SCREEN_STATE: true [SUB0]
02-20 21:28:13.054  1376  1486 D RIL     : onRequest: SET_UNSOL_CELL_INFO_LIST_RATE
02-20 21:28:13.054  1910  1986 D RILJ    : [UNSL]< UNSOL_NITZ_TIME_RECEIVED 18/02/20:21:28:07+0:0:Unknown!Unknown [SUB0]
02-20 21:28:13.055  1910  1986 D RilRequest: [3648]< GET_HARDWARE_CONFIG error: com.android.internal.telephony.CommandException: RADIO_NOT_AVAILABLE ret=
02-20 21:28:13.055  1910  1986 D RILJ    : [3649]< RADIO_POWER  [SUB0]
02-20 21:28:13.055  1910  1986 D RilRequest: [3650]< RIL_REQUEST_CDMA_SET_SUBSCRIPTION_SOURCE error: com.android.internal.telephony.CommandException: RADIO_NOT_AVAILABLE ret=
02-20 21:28:13.055  1910  1986 D RilRequest: [3651]< RIL_REQUEST_SET_CELL_INFO_LIST_RATE error: com.android.internal.telephony.CommandException: RADIO_NOT_AVAILABLE ret=
02-20 21:28:13.055  1376  1486 D RIL     : onRequest: SCREEN_STATE
02-20 21:28:13.056  1910  1986 D RilRequest: [3652]< SCREEN_STATE error: com.android.internal.telephony.CommandException: RADIO_NOT_AVAILABLE ret=
02-20 21:28:13.057  1910  1910 D SubscriptionController: [SubscriptionController] init by Context
02-20 21:28:13.063  1313  1324 E SurfaceFlinger: ro.sf.lcd_density must be defined as a build property
02-20 21:28:13.064  1677  1677 W VibratorService: Tried to stop vibrating but there is no vibrator device.
02-20 21:28:13.065  1677  1677 D ConditionProviders.SCP: onSubscribe condition://android/schedule?days=6.7&start=23.30&end=10.0&exitAtAlarm=false
02-20 21:28:13.066  1677  1677 D ConditionProviders.SCP: setRegistered true
02-20 21:28:13.066  1677  1677 D ConditionProviders.SCP: notifyCondition condition://android/schedule?days=6.7&start=23.30&end=10.0&exitAtAlarm=false STATE_FALSE reason=!meetsSchedule
02-20 21:28:13.075  1910  1910 D UiccController: Creating UiccController
02-20 21:28:13.079  1765  1765 D         : HostConnection::get() New Host Connection established 0x787763193a20, tid 1765
02-20 21:28:13.079  1677  1677 D ConditionProviders.SCP: Scheduling evaluate for Tue Feb 20 23:30:00 GMT+00:00 2018 (1519169400000), in +2h1m46s934ms, now=Tue Feb 20 21:28:13 GMT+00:00 2018 (1519162093066)
02-20 21:28:13.080  1677  1677 D ConditionProviders.SCP: onSubscribe condition://android/schedule?days=1.2.3.4.5&start=22.0&end=7.0&exitAtAlarm=false
02-20 21:28:13.081  1910  1910 D TelephonyTester: register for intent action=com.android.internal.telephony.action_detached
02-20 21:28:13.081  1910  1910 D TelephonyTester: register for intent action=com.android.internal.telephony.action_attached
02-20 21:28:13.084  1677  1677 D ConditionProviders.SCP: notifyCondition condition://android/schedule?days=6.7&start=23.30&end=10.0&exitAtAlarm=false STATE_FALSE reason=!meetsSchedule
02-20 21:28:13.084  1677  1677 D ConditionProviders.SCP: notifyCondition condition://android/schedule?days=1.2.3.4.5&start=22.0&end=7.0&exitAtAlarm=false STATE_FALSE reason=!meetsSchedule
02-20 21:28:13.085  1677  1677 D ConditionProviders.SCP: Scheduling evaluate for Tue Feb 20 22:00:00 GMT+00:00 2018 (1519164000000), in +31m46s920ms, now=Tue Feb 20 21:28:13 GMT+00:00 2018 (1519162093080)
02-20 21:28:13.085  1677  1677 I Telecom : WiredHeadsetManager: ACTION_HEADSET_PLUG event, plugged in: false, : WHC.oADA@AAE
02-20 21:28:13.088  1677  1677 I ActivityManager: user 0 is still locked. Cannot load recents
02-20 21:28:13.091  1370  1370 I SoftMPEG4Encoder: Construct SoftMPEG4Encoder
02-20 21:28:13.091  1374  1374 W ACodec  : do not know color format 0x7f000789 = 2130708361
02-20 21:28:13.091  1370  1386 E OMXNodeInstance: getConfig(55a0015:google.h263.encoder, ConfigAndroidIntraRefresh(0x6f60000a)) ERROR: Undefined(0x80001001)
02-20 21:28:13.091  1677  1677 D TelephonyRegistry: notifyCellLocationForSubscriber: subId=0 cellLocation=Bundle[{}]
02-20 21:28:13.091  1910  1923 D SubscriptionController: [getPhoneId]- no sims, returning default phoneId=2147483647
02-20 21:28:13.091  1677  1731 I netstats_mobile_sample: [0,0,0,0,0,0,0,0,0,0,0,0,-1]
02-20 21:28:13.092  1677  1731 I netstats_wifi_sample: [0,0,0,0,0,0,0,0,0,0,0,0,-1]
02-20 21:28:13.095  1910  1910 D Phone   : mDoesRilSendMultipleCallRing=true
02-20 21:28:13.095  1910  1910 D Phone   : mCallRingDelay=3000
02-20 21:28:13.097  1910  1910 D RILJ    : [3653]> RIL_REQUEST_START_LCE [SUB0]
02-20 21:28:13.097  1374  1374 I MediaPlayerService: MediaPlayerService::getOMX
02-20 21:28:13.097  1374  1374 I OMXClient: MuxOMX ctor
02-20 21:28:13.097  1370  1370 I OMXMaster: makeComponentInstance(OMX.google.h264.encoder) in mediacodec process
02-20 21:28:13.098  1376  1486 D RIL     : onRequest: <unknown request>
02-20 21:28:13.098  1910  1986 D RilRequest: [3653]< RIL_REQUEST_START_LCE error: com.android.internal.telephony.CommandException: RADIO_NOT_AVAILABLE ret=
02-20 21:28:13.117  1765  1765 D StorageNotification: Notifying about private volume: VolumeInfo{private}:
02-20 21:28:13.117  1765  1765 D StorageNotification:     type=PRIVATE diskId=null partGuid=null mountFlags=0 mountUserId=-1 
02-20 21:28:13.117  1765  1765 D StorageNotification:     state=MOUNTED 
02-20 21:28:13.117  1765  1765 D StorageNotification:     fsType=null fsUuid=null fsLabel=null 
02-20 21:28:13.117  1765  1765 D StorageNotification:     path=/data internalPath=null 
02-20 21:28:13.129  1765  1765 D StorageNotification: Notifying about public volume: VolumeInfo{public:253,64}:
02-20 21:28:13.129  1765  1765 D StorageNotification:     type=PUBLIC diskId=disk:253,64 partGuid=null mountFlags=VISIBLE 
02-20 21:28:13.129  1765  1765 D StorageNotification:     mountUserId=0 state=MOUNTED 
02-20 21:28:13.129  1765  1765 D StorageNotification:     fsType=vfat fsUuid=1E12-0B12 fsLabel=SDCARD 
02-20 21:28:13.129  1765  1765 D StorageNotification:     path=/storage/1E12-0B12 internalPath=/mnt/media_rw/1E12-0B12 
02-20 21:28:13.134  1677  1677 I notification_enqueue: [10028,1765,com.android.systemui,1397773634,public:253,64,-1,Notification(pri=0 contentView=null vibrate=null sound=null defaults=0x0 flags=0x100 color=0xff607d8b category=sys actions=2 vis=PUBLIC),0]
02-20 21:28:13.140  1924  1961 D EGL_emulation: eglMakeCurrent: 0x787765a35aa0: ver 3 0 (tinfo 0x787765a0c540)
02-20 21:28:13.158  1374  1374 W ACodec  : do not know color format 0x7f000789 = 2130708361
02-20 21:28:13.160  1374  1374 I MediaPlayerService: MediaPlayerService::getOMX
02-20 21:28:13.160  1374  1374 I OMXClient: MuxOMX ctor
02-20 21:28:13.160  1370  1370 I OMXMaster: makeComponentInstance(OMX.google.mpeg4.encoder) in mediacodec process
02-20 21:28:13.194  1370  1370 I SoftMPEG4Encoder: Construct SoftMPEG4Encoder
02-20 21:28:13.194  1374  1374 W ACodec  : do not know color format 0x7f000789 = 2130708361
02-20 21:28:13.195  1370  1844 E OMXNodeInstance: getConfig(55a0017:google.mpeg4.encoder, ConfigAndroidIntraRefresh(0x6f60000a)) ERROR: Undefined(0x80001001)
02-20 21:28:13.212  1374  1374 I MediaPlayerService: MediaPlayerService::getOMX
02-20 21:28:13.212  1374  1374 I OMXClient: MuxOMX ctor
02-20 21:28:13.212  1370  1370 I OMXMaster: makeComponentInstance(OMX.google.vp8.encoder) in mediacodec process
02-20 21:28:13.225  1677  1693 I boot_progress_enable_screen: 11225
02-20 21:28:13.225  1910  1910 E RIL_ImsSms: getFormat should never be called from here!
02-20 21:28:13.225  1910  1910 D SMSDispatcher: SMSDispatcher: ctor mSmsCapable=true format=unknown mSmsSendDisabled=false
02-20 21:28:13.225  1910  1910 D RIL_ImsSms: ImsSMSDispatcher created
02-20 21:28:13.230  1910  1910 D SMSDispatcher: SMSDispatcher: ctor mSmsCapable=true format=3gpp2 mSmsSendDisabled=false
02-20 21:28:13.230  1910  1910 D CdmaSMSDispatcher: CdmaSMSDispatcher created
02-20 21:28:13.234  1677  1700 I am_activity_launch_time: [0,53558145,com.android.settings/.FallbackHome,626,626]
02-20 21:28:13.234  1677  1700 I ActivityManager: Displayed com.android.settings/.FallbackHome: +626ms
02-20 21:28:13.234  1677  1687 I art     : Background sticky concurrent mark sweep GC freed 41920(2MB) AllocSpace objects, 10(232KB) LOS objects, 8% free, 22MB/24MB, paused 8.151ms total 121.468ms
02-20 21:28:13.235  1677  1693 V KeyguardServiceDelegate: *** Keyguard started
02-20 21:28:13.235  1677  1693 I screen_toggled: 1
02-20 21:28:13.237  1677  1693 W KeyguardServiceDelegate: onScreenTurningOn(): no keyguard service!
02-20 21:28:13.254  1677  1746 E ActivityThread: Failed to find provider info for com.android.calendar
02-20 21:28:13.258  1910  1910 D GsmInboundSmsHandler: created InboundSmsHandler
02-20 21:28:13.259  1677  1746 E ActivityThread: Failed to find provider info for com.android.calendar
02-20 21:28:13.267  1910  1910 D CdmaInboundSmsHandler: created InboundSmsHandler
02-20 21:28:13.273  1910  1910 D SMSDispatcher: SMSDispatcher: ctor mSmsCapable=true format=3gpp mSmsSendDisabled=false
02-20 21:28:13.273  1910  1910 D GsmSMSDispatcher: GsmSMSDispatcher created
02-20 21:28:13.274  1910  2004 D GsmInboundSmsHandler: StartupState.processMessage:6
02-20 21:28:13.274  1910  2004 D GsmInboundSmsHandler: entering Idle state
02-20 21:28:13.275  1910  2006 D CdmaInboundSmsHandler: StartupState.processMessage:6
02-20 21:28:13.275  1910  2006 D CdmaInboundSmsHandler: entering Idle state
02-20 21:28:13.276  1910  1910 D IccCardProxy: ctor: ci=com.android.internal.telephony.RIL@e5bd76e phoneId=0
02-20 21:28:13.276  1910  1910 D CdmaSSM : subscriptionSource from settings: 0
02-20 21:28:13.276  1910  1910 D CdmaSSM : cdmaSSM constructor: 0
02-20 21:28:13.276  1910  1910 D IccCardProxy: update icc_operator_numeric=
02-20 21:28:13.276  1910  1910 D TelephonyManager: setTelephonyProperty: success phoneId=0 property=gsm.sim.operator.numeric value:  propVal=
02-20 21:28:13.277  1910  1910 D TelephonyManager: setTelephonyProperty: success phoneId=0 property=gsm.sim.operator.iso-country value:  propVal=
02-20 21:28:13.287  1910  1910 D TelephonyManager: setTelephonyProperty: success phoneId=0 property=gsm.sim.operator.alpha value:  propVal=
02-20 21:28:13.289  1910  1910 E IccCardProxy: setExternalState: set mPhoneId=0 mExternalState=NOT_READY
02-20 21:28:13.289  1910  1910 D TelephonyManager: setTelephonyProperty: success phoneId=0 property=gsm.sim.state value: NOT_READY propVal=NOT_READY
