02-20 21:28:15.139  1910  1910 D RILJ    : [3729]> iccIO: SIM_IO 0xb0 0x6f16  path: 3F007F20,0,0,2 aid: null [SUB0]
02-20 21:28:15.139  1910  1986 D RILJ    : [3727]< SIM_IO IccIoResponse sw1:0x90 sw2:0x0 [SUB0]
02-20 21:28:15.139  1376  1486 D RIL     : onRequest: SIM_IO
02-20 21:28:15.139  1376  1486 D AT      : AT> AT+CRSM=176,28472,0,0,15
02-20 21:28:15.140  1376  1488 D AT      : AT< +CRSM: 144,0,ff30ffff3c003c03000c0000f03f00
02-20 21:28:15.140  1376  1488 D AT      : AT< OK
02-20 21:28:15.140  1910  1910 D SubscriptionInfoUpdater: [Receiver]+
02-20 21:28:15.140  1910  1910 D SubscriptionInfoUpdater: Action: android.intent.action.SIM_STATE_CHANGED
02-20 21:28:15.140  1910  1986 D RILJ    : [3728]< SIM_IO IccIoResponse sw1:0x90 sw2:0x0 [SUB0]
02-20 21:28:15.140  1910  1910 D SubscriptionInfoUpdater: slotId: 0
02-20 21:28:15.140  1910  1910 D SubscriptionInfoUpdater: simStatus: READY
02-20 21:28:15.140  1376  1486 D RIL     : onRequest: SIM_IO
02-20 21:28:15.140  1910  1910 D SubscriptionInfoUpdater: Ignoring simStatus: READY
02-20 21:28:15.140  1910  1910 D SubscriptionInfoUpdater: [Receiver]-
02-20 21:28:15.140  1376  1486 D AT      : AT> AT+CRSM=176,28438,0,0,2
02-20 21:28:15.140  1376  1488 D AT      : AT< +CRSM: 144,0,0233
02-20 21:28:15.140  1376  1488 D AT      : AT< OK
02-20 21:28:15.140  1910  1910 E SST     : error parsing GprsRegistrationState: java.lang.NumberFormatException: null
02-20 21:28:15.140  1910  1910 D SST     : handlPollStateResultMessage: GsmSST setDataRegState=0 regState=1 dataRadioTechnology=14
02-20 21:28:15.140  1910  1986 D RILJ    : [3729]< SIM_IO IccIoResponse sw1:0x90 sw2:0x0 [SUB0]
02-20 21:28:15.140  1910  1910 D SST     : EVENT_POLL_STATE_NETWORK_SELECTION_MODE
02-20 21:28:15.140  1910  1910 D SST     : Poll ServiceState done:  oldSS=[0 0 voice home data home Android Android 310260 Android Android 310260  Unknown LTE CSS not supported -1 -1 RoamInd=-1 DefRoamInd=-1 EmergOnly=false IsDataRoamingFromRegistration=false IsUsingCarrierAggregation=false] newSS=[0 0 voice home data home Android Android 310260 Android Android 310260  Unknown LTE CSS not supported -1 -1 RoamInd=-1 DefRoamInd=-1 EmergOnly=false IsDataRoamingFromRegistration=false IsUsingCarrierAggregation=false] oldMaxDataCalls=1 mNewMaxDataCalls=1 oldReasonDataDenied=-1 mNewReasonDataDenied=-1
02-20 21:28:15.140  1910  1910 D RuimRecords: [RuimRecords] NO update mccmnc=310260
02-20 21:28:15.140  1910  1910 D RuimRecords: [RuimRecords] onRecordLoaded 9 requested: true
02-20 21:28:15.140  1910  1910 D RILJ    : [3730]> iccIO: SIM_IO 0xb0 0x2fe2  path: 3F00,0,0,10 aid: null [SUB0]
02-20 21:28:15.140  1376  1486 D RIL     : onRequest: SIM_IO
02-20 21:28:15.140  1376  1486 D AT      : AT> AT+CRSM=176,12258,0,0,10
02-20 21:28:15.140  1376  1488 D AT      : AT< +CRSM: 144,0,98101430121181157002
02-20 21:28:15.140  1376  1488 D AT      : AT< OK
02-20 21:28:15.141  1910  1986 D RILJ    : [3730]< SIM_IO IccIoResponse sw1:0x90 sw2:0x0 [SUB0]
02-20 21:28:15.143  1910  1910 D RILJ    : [3731]> RIL_REQUEST_SIM_CLOSE_CHANNEL [SUB0]
02-20 21:28:15.146  1376  1486 D RIL     : onRequest: SIM_CLOSE_CHANNEL
02-20 21:28:15.146  1376  1486 D AT      : AT> AT+CCHC=1
02-20 21:28:15.147  1376  1488 D AT      : AT< +CCHC
02-20 21:28:15.147  1376  1488 D AT      : AT< OK
02-20 21:28:15.147  1910  1986 D RILJ    : [3731]< RIL_REQUEST_SIM_CLOSE_CHANNEL  [SUB0]
02-20 21:28:15.148  1910  1910 D SubscriptionInfoUpdater: [Receiver]+
02-20 21:28:15.148  1910  1910 D SubscriptionInfoUpdater: Action: android.intent.action.SIM_STATE_CHANGED
02-20 21:28:15.148  1910  1910 D SubscriptionInfoUpdater: slotId: 0
02-20 21:28:15.148  1910  1910 D SubscriptionInfoUpdater: simStatus: NOT_READY
02-20 21:28:15.148  1910  1910 D SubscriptionInfoUpdater: Ignoring simStatus: NOT_READY
02-20 21:28:15.148  1910  1910 D SubscriptionInfoUpdater: [Receiver]-
02-20 21:28:15.148  1910  2229 E WAP PUSH: bindService() for wappush manager failed
02-20 21:28:15.148  1910  1910 D IccCardProxy: broadcastIccStateChangedIntent intent ACTION_SIM_STATE_CHANGED value=IMSI reason=null for mPhoneId=0
02-20 21:28:15.149  1910  1910 D SIMRecords: [SIMRecords] onRecordLoaded 15 requested: true
02-20 21:28:15.149  1910  1910 D RILJ    : [3732]> iccIO: SIM_IO 0xc0 0x6f14  path: 3F007F20,0,0,15 aid: null [SUB0]
02-20 21:28:15.149  1376  1486 D RIL     : onRequest: SIM_IO
02-20 21:28:15.149  1376  1486 D AT      : AT> AT+CRSM=192,28436,0,0,15
02-20 21:28:15.149  1910  1910 D SIMRecords: [SIMRecords] onRecordLoaded 15 requested: true
02-20 21:28:15.149  1910  1910 D SIMRecords: [SIMRecords] onRecordLoaded 14 requested: true
02-20 21:28:15.149  1910  1910 E SIMRecords: [SIMRecords] Exception in fetching EF_CSP data com.android.internal.telephony.CommandException: GENERIC_FAILURE
02-20 21:28:15.149  1910  1910 D SIMRecords: [SIMRecords] onRecordLoaded 13 requested: true
02-20 21:28:15.149  1910  1910 E SIMRecords: [SIMRecords] Exception in get GID1 com.android.internal.telephony.CommandException: GENERIC_FAILURE
02-20 21:28:15.149  1910  1910 D SIMRecords: [SIMRecords] onRecordLoaded 12 requested: true
02-20 21:28:15.149  1910  1910 E SIMRecords: [SIMRecords] Exception in get GID2 com.android.internal.telephony.CommandException: GENERIC_FAILURE
02-20 21:28:15.149  1910  1910 D SIMRecords: [SIMRecords] onRecordLoaded 11 requested: true
02-20 21:28:15.149  1376  1488 D AT      : AT< +CRSM: 144,0,000000146f1404001aa0aa01020000
02-20 21:28:15.149  1376  1488 D AT      : AT< OK
02-20 21:28:15.150  1910  1986 D RILJ    : [3732]< SIM_IO IccIoResponse sw1:0x90 sw2:0x0 [SUB0]
02-20 21:28:15.150  1910  1910 D RuimRecords: [RuimRecords] EF_PL LOADED
02-20 21:28:15.150  1910  1910 E RuimRecords: [RuimRecords] Record Load Exception: com.android.internal.telephony.CommandException: GENERIC_FAILURE
02-20 21:28:15.150  1910  1910 D RuimRecords: [RuimRecords] onRecordLoaded 8 requested: true
02-20 21:28:15.150  1910  1910 D RuimRecords: [RuimRecords] EF_CSIM_LI LOADED
02-20 21:28:15.150  1910  1910 E RuimRecords: [RuimRecords] Record Load Exception: com.android.internal.telephony.CommandException: GENERIC_FAILURE
02-20 21:28:15.150  1910  1910 D RuimRecords: [RuimRecords] onRecordLoaded 7 requested: true
02-20 21:28:15.150  1910  1910 D RuimRecords: [RuimRecords] EF_CSIM_SPN LOADED
02-20 21:28:15.150  1910  1910 E RuimRecords: [RuimRecords] Record Load Exception: com.android.internal.telephony.CommandException: GENERIC_FAILURE
02-20 21:28:15.150  1910  1910 D RuimRecords: [RuimRecords] onRecordLoaded 6 requested: true
02-20 21:28:15.150  1910  1910 D RuimRecords: [RuimRecords] EF_CSIM_MDN LOADED
02-20 21:28:15.150  1910  1910 E RuimRecords: [RuimRecords] Record Load Exception: com.android.internal.telephony.CommandException: GENERIC_FAILURE
02-20 21:28:15.150  1910  1910 D RuimRecords: [RuimRecords] onRecordLoaded 5 requested: true
02-20 21:28:15.150  1910  1910 D RuimRecords: [RuimRecords] EF_CSIM_IMSIM LOADED
02-20 21:28:15.150  1910  1910 E RuimRecords: [RuimRecords] Record Load Exception: com.android.internal.telephony.CommandException: GENERIC_FAILURE
02-20 21:28:15.150  1910  1910 D RuimRecords: [RuimRecords] onRecordLoaded 4 requested: true
02-20 21:28:15.150  1910  1910 D RuimRecords: [RuimRecords] EF_CSIM_CDMAHOME LOADED
02-20 21:28:15.150  1910  1910 E RuimRecords: [RuimRecords] Record Load Exception: com.android.internal.telephony.CommandException: GENERIC_FAILURE
02-20 21:28:15.150  1910  1910 D RuimRecords: [RuimRecords] onRecordLoaded 3 requested: true
02-20 21:28:15.150  1910  1910 D RuimRecords: [RuimRecords] EF_CSIM_EPRL LOADED
02-20 21:28:15.150  1910  1910 E RuimRecords: [RuimRecords] Record Load Exception: com.android.internal.telephony.CommandException: GENERIC_FAILURE
02-20 21:28:15.150  1910  1910 D RuimRecords: [RuimRecords] onRecordLoaded 2 requested: true
02-20 21:28:15.151  1910  1910 D RuimRecords: [RuimRecords] EF_CSIM_MIPUPP LOADED
02-20 21:28:15.151  1910  1910 E RuimRecords: [RuimRecords] Record Load Exception: com.android.internal.telephony.CommandException: GENERIC_FAILURE
02-20 21:28:15.151  1910  1910 D RuimRecords: [RuimRecords] onRecordLoaded 1 requested: true
02-20 21:28:15.151  1910  1910 D SIMRecords: [SIMRecords] iccid: 89014103211118510720
02-20 21:28:15.151  1910  1910 D SIMRecords: [SIMRecords] onRecordLoaded 10 requested: true
02-20 21:28:15.153  1910  1910 D SIMRecords: [SIMRecords] EF_MBI: 01000000
02-20 21:28:15.153  1910  1910 D SIMRecords: [SIMRecords] Got valid mailbox number for MBDN
02-20 21:28:15.153  1910  1910 D RILJ    : [3733]> iccIO: SIM_IO 0xc0 0x6fc7  path: 3F007F20,0,0,15 aid: null [SUB0]
02-20 21:28:15.155  1910  2231 D SmsBroadcastUndelivered: finished scanning raw table in 54 ms
02-20 21:28:15.156  1376  1486 D RIL     : onRequest: SIM_IO
02-20 21:28:15.156  1376  1486 D AT      : AT> AT+CRSM=192,28615,0,0,15
02-20 21:28:15.156  1910  1910 D SIMRecords: [SIMRecords] onRecordLoaded 10 requested: true
02-20 21:28:15.156  1910  1910 D SIMRecords: [SIMRecords] EF_AD: 00000003
02-20 21:28:15.156  1910  1910 D SIMRecords: [SIMRecords] setting4 mMncLength=3
02-20 21:28:15.156  1910  1910 D SIMRecords: [SIMRecords] update mccmnc=310260
02-20 21:28:15.156  1910  1910 D MccTable: updateMccMncConfiguration mccmnc='310260' fromServiceState=false
02-20 21:28:15.156  1376  1488 D AT      : AT< +CRSM: 144,0,000000406fc7040011a0aa01020120
02-20 21:28:15.156  1376  1488 D AT      : AT< OK
02-20 21:28:15.156  1910  1986 D RILJ    : [3733]< SIM_IO IccIoResponse sw1:0x90 sw2:0x0 [SUB0]
02-20 21:28:15.156  1910  1910 D SubscriptionController: [getPhoneId]- no sims, returning default phoneId=2147483647
02-20 21:28:15.157  1910  1910 D MccTable: updateMccMncConfiguration defaultMccMnc=
02-20 21:28:15.157  1910  1910 D MccTable: updateMccMncConfiguration: mcc=310, mnc=260
02-20 21:28:15.157  1910  1910 D MccTable: updateMccMncConfiguration updateConfig config={1.0 310mcc260mnc ?localeList ?layoutDir ?swdp ?wdp ?hdp ?density ?lsize ?long ?orien ?uimode ?night ?touch ?keyb/?/? ?nav/?}
02-20 21:28:15.157  1677  1691 I configuration_changed: 3
02-20 21:28:15.157  1677  1691 I ActivityManager: Config changes=3 {1.0 310mcc260mnc [en_US] ldltr sw360dp w360dp h668dp 640dpi nrml long port finger -keyb/v/h -nav/h s.6}
02-20 21:28:15.159  1677  1691 I am_relaunch_resume_activity: [0,9573680,293,com.google.android.apps.nexuslauncher/.NexusLauncherActivity]
02-20 21:28:15.160  1677  1694 W art     : Long monitor contention with owner android.bg (1692) at void java.lang.Object.wait!(long, int)(Object.java:-2) waiters=0 in void com.android.server.net.NetworkPolicyManagerService$1.onUidStateChanged(int, int) for 327ms
02-20 21:28:15.161  1677  1694 I dvm_lock_sample: [system_server,1,android.ui,327,NetworkPolicyManagerService.java,686,Object.java,-2,65]
02-20 21:28:15.161  2162  2162 W System  : ClassLoader referenced unknown path: /system/app/KeyChain/lib/x86_64
02-20 21:28:15.163  1677  1694 W WindowManager: Keyguard drawn timeout. Setting mKeyguardDrawComplete
02-20 21:28:15.164  1910  2103 D DCT     : [0]hasMatchedTetherApnSetting: APN=null
02-20 21:28:15.168  1910  1910 D SIMRecords: [SIMRecords] onRecordLoaded 9 requested: true
02-20 21:28:15.168  1910  1910 D SIMRecords: [SIMRecords] EF_MWIS : 0000000000
02-20 21:28:15.168  1910  1910 D SIMRecords: [SIMRecords] onRecordLoaded 8 requested: true
02-20 21:28:15.168  1910  1910 D SIMRecords: [SIMRecords] EF_CPHS_MWI: 55
02-20 21:28:15.168  1910  1910 D SIMRecords: [SIMRecords] onRecordLoaded 7 requested: true
02-20 21:28:15.168  1910  1910 D SIMRecords: [SIMRecords] EF_CFF_CPHS: 55
02-20 21:28:15.168  1910  1910 D SIMRecords: [SIMRecords] onRecordLoaded 6 requested: true
02-20 21:28:15.168  1910  1910 D SubscriptionInfoUpdater: [Receiver]+
02-20 21:28:15.168  1910  1910 D SubscriptionInfoUpdater: Action: android.intent.action.SIM_STATE_CHANGED
02-20 21:28:15.168  1910  1910 D SubscriptionInfoUpdater: slotId: 0
02-20 21:28:15.168  1910  1910 D SubscriptionInfoUpdater: simStatus: IMSI
02-20 21:28:15.168  1910  1910 D SubscriptionInfoUpdater: Ignoring simStatus: IMSI
02-20 21:28:15.168  1910  1910 D SubscriptionInfoUpdater: [Receiver]-
02-20 21:28:15.168  1910  1910 D SIMRecords: [SIMRecords] onRecordLoaded 5 requested: true
02-20 21:28:15.168  1910  1910 D SIMRecords: [SIMRecords] SST: UsimServiceTable[120]={ PHONEBOOK, FDN, FDN_EXTENSION, SDN, SDN_EXTENSION, BDN, BDN_EXTENSION, OUTGOING_CALL_INFO, ADVICE_OF_CHARGE, CAP_CONFIG_PARAMS_2, GROUP_ID_LEVEL_1, GROUP_ID_LEVEL_2, SPN, USER_PLMN_SELECT, MSISDN, IMAGE, LOCALISED_SERVICE_AREAS, EMLPP, EMLPP_AUTO_ANSWER, RFU, GSM_ACCESS, DATA_DL_VIA_SMS_PP, DATA_DL_VIA_SMS_CB, CALL_CONTROL_BY_USIM, MO_SMS_CONTROL_BY_USIM, RUN_AT_COMMAND, APN_CONTROL_LIST, DEPERSONALISATION_CONTROL_KEYS, COOPERATIVE_NETWORK_LIST, GSM_SECURITY_CONTEXT, SERVICE_PROVIDER_DISPLAY_INFO, MMS_NOTIFICATION, MMS_NOTIFICATION_EXTENSION, GPRS_CALL_CONTROL_BY_USIM, VGCS_GROUP_ID_LIST, VBS_GROUP_ID_LIST, OMA_BCAST_PROFILE, GBA_LOCAL_KEY_ESTABLISHMENT, #101, #102, #103, #104, #105, #106, #107, #108, #109, #110 }
02-20 21:28:15.168  1910  1910 D SIMRecords: [SIMRecords] onRecordLoaded 4 requested: true
02-20 21:28:15.168  1910  1910 D SIMRecords: [SIMRecords] iCPHS: 0233
02-20 21:28:15.170  1374  2232 D NuPlayerDriver: notifyListener_l(0xf49290e0), (1, 0, 0), loop setting(0, 0)
02-20 21:28:15.171  1376  1486 D RIL     : onRequest: SIM_IO
02-20 21:28:15.171  1376  1486 D AT      : AT> AT+CRSM=176,28436,0,0,20
02-20 21:28:15.171  1376  1488 D AT      : AT< +CRSM: 144,0,416e64726f6964ffffffffffffffffffffffffff
02-20 21:28:15.171  1376  1488 D AT      : AT< OK
02-20 21:28:15.173  2157  2157 W System  : ClassLoader referenced unknown path: /system/priv-app/NexusLauncherPrebuilt/lib/x86_64
02-20 21:28:15.175  1374  2234 D NuPlayerDriver: notifyListener_l(0xf310c660), (1, 0, 0), loop setting(0, 0)
02-20 21:28:15.191  1376  1486 D RIL     : onRequest: SIM_IO
02-20 21:28:15.191  1376  1486 D AT      : AT> AT+CRSM=178,28615,1,4,32
02-20 21:28:15.191  1366  1366 I CameraFlashlight: Opening camera 0
02-20 21:28:15.191  1366  1366 V EmulatedCamera_Camera: getCameraInfo
02-20 21:28:15.191  1366  1366 V EmulatedCamera_BaseCamera: getCameraInfo
02-20 21:28:15.191  1366  1366 V EmulatedCamera_Camera: connectCamera
02-20 21:28:15.191  1366  1366 V EmulatedCamera_FakeDevice: connectDevice
02-20 21:28:15.191  1366  1366 V EmulatedCamera_CallbackNotifier: setCallbacks: 0xe7039e80, 0xe7039ed0, 0xe7039ff0, 0xe703a110 (0xe6943320)
02-20 21:28:15.191  1366  1366 V EmulatedCamera_CallbackNotifier: enableMessage: msg_type = 0xc0d
02-20 21:28:15.191  1366  1366 V EmulatedCamera_CallbackNotifier:     CAMERA_MSG_ERROR
02-20 21:28:15.191  1366  1366 V EmulatedCamera_CallbackNotifier:     CAMERA_MSG_FOCUS
02-20 21:28:15.191  1366  1366 V EmulatedCamera_CallbackNotifier:     CAMERA_MSG_ZOOM
02-20 21:28:15.191  1366  1366 V EmulatedCamera_CallbackNotifier:     CAMERA_MSG_PREVIEW_METADATA
02-20 21:28:15.191  1366  1366 V EmulatedCamera_CallbackNotifier: **** Currently enabled messages:
02-20 21:28:15.191  1366  1366 V EmulatedCamera_CallbackNotifier:     CAMERA_MSG_ERROR
02-20 21:28:15.191  1366  1366 V EmulatedCamera_CallbackNotifier:     CAMERA_MSG_FOCUS
02-20 21:28:15.191  1366  1366 V EmulatedCamera_CallbackNotifier:     CAMERA_MSG_ZOOM
02-20 21:28:15.191  1366  1366 V EmulatedCamera_CallbackNotifier:     CAMERA_MSG_PREVIEW_METADATA
02-20 21:28:15.191  1376  1488 D AT      : AT< +CRSM: 144,0,566f6963656d61696cffffffffffffffffff07915155125740f9ffffffffffff
02-20 21:28:15.191  1376  1488 D AT      : AT< OK
02-20 21:28:15.191  1366  1366 V EmulatedCamera_CallbackNotifier: disableMessage: msg_type = 0xffff
02-20 21:28:15.191  1366  1366 V EmulatedCamera_CallbackNotifier:     CAMERA_MSG_ERROR
02-20 21:28:15.191  1366  1366 V EmulatedCamera_CallbackNotifier:     CAMERA_MSG_SHUTTER
02-20 21:28:15.191  1366  1366 V EmulatedCamera_CallbackNotifier:     CAMERA_MSG_FOCUS
02-20 21:28:15.191  1366  1366 V EmulatedCamera_CallbackNotifier:     CAMERA_MSG_ZOOM
02-20 21:28:15.191  1366  1366 V EmulatedCamera_CallbackNotifier:     CAMERA_MSG_PREVIEW_FRAME
02-20 21:28:15.191  1366  1366 V EmulatedCamera_CallbackNotifier:     CAMERA_MSG_VIDEO_FRAME
02-20 21:28:15.191  1366  1366 V EmulatedCamera_CallbackNotifier:     CAMERA_MSG_POSTVIEW_FRAME
02-20 21:28:15.191  1366  1366 V EmulatedCamera_CallbackNotifier:     CAMERA_MSG_RAW_IMAGE
02-20 21:28:15.191  1366  1366 V EmulatedCamera_CallbackNotifier:     CAMERA_MSG_COMPRESSED_IMAGE
02-20 21:28:15.191  1366  1366 V EmulatedCamera_CallbackNotifier:     CAMERA_MSG_RAW_IMAGE_NOTIFY
02-20 21:28:15.191  1366  1366 V EmulatedCamera_CallbackNotifier:     CAMERA_MSG_PREVIEW_METADATA
02-20 21:28:15.191  1366  1366 V EmulatedCamera_CallbackNotifier: **** Currently enabled messages:
02-20 21:28:15.191  1366  1366 V EmulatedCamera_Preview: setPreviewWindow: current: 0x0 -> new: 0x0
02-20 21:28:15.191  1366  1366 V EmulatedCamera_Camera: doStopPreview
02-20 21:28:15.192  1366  1366 V EmulatedCamera_Camera: cancelPicture
02-20 21:28:15.192  1366  1366 V EmulatedCamera_Camera: releaseCamera
02-20 21:28:15.192  1366  1366 V EmulatedCamera_Camera: doStopPreview
02-20 21:28:15.192  1366  1366 V EmulatedCamera_FakeDevice: disconnectDevice
02-20 21:28:15.192  1366  1366 W EmulatedCamera_Device: Initialize: Emulated camera device is already initialized: mState = 1
02-20 21:28:15.192  1366  1366 D EmulatedCamera_FakeCamera: Initialize: Fake camera is facing back
02-20 21:28:15.192  1366  1366 V EmulatedCamera_Device: initializeWhiteBalanceModes with auto, 1.000000, 1.000000
02-20 21:28:15.192  1366  1366 V EmulatedCamera_Device: initializeWhiteBalanceModes with incandescent, 1.380000, 0.600000
02-20 21:28:15.192  1366  1366 V EmulatedCamera_Device: initializeWhiteBalanceModes with daylight, 1.090000, 0.920000
02-20 21:28:15.192  1366  1366 V EmulatedCamera_Device: initializeWhiteBalanceModes with twilight, 0.920000, 1.220000
02-20 21:28:15.192  1366  1366 V EmulatedCamera_Device: setWhiteBalanceMode with white balance auto
02-20 21:28:15.192  1366  1366 I CameraFlashlight: Destroying camera 0
02-20 21:28:15.192  1366  1366 V EmulatedCamera_Camera: closeCamera
02-20 21:28:15.192  1366  1366 V EmulatedCamera_Camera: doStopPreview
02-20 21:28:15.192  1366  1366 W EmulatedCamera_Device: Initialize: Emulated camera device is already initialized: mState = 1
02-20 21:28:15.192  1366  1366 D EmulatedCamera_FakeCamera: Initialize: Fake camera is facing back
02-20 21:28:15.192  1366  1366 V EmulatedCamera_Device: initializeWhiteBalanceModes with auto, 1.000000, 1.000000
02-20 21:28:15.192  1366  1366 V EmulatedCamera_Device: initializeWhiteBalanceModes with incandescent, 1.380000, 0.600000
02-20 21:28:15.192  1366  1366 V EmulatedCamera_Device: initializeWhiteBalanceModes with daylight, 1.090000, 0.920000
02-20 21:28:15.192  1366  1366 V EmulatedCamera_Device: initializeWhiteBalanceModes with twilight, 0.920000, 1.220000
02-20 21:28:15.192  1366  1366 V EmulatedCamera_Device: setWhiteBalanceMode with white balance auto
02-20 21:28:15.192  1910  1986 I liblog  : 9
02-20 21:28:15.192  1910  1986 D RILJ    : [3735]< SIM_IO IccIoResponse sw1:0x90 sw2:0x0 [SUB0]
02-20 21:28:15.213  1910  1910 D SIMRecords: [SIMRecords] getServiceProviderName: no brandOverride, providerName=Android
02-20 21:28:15.213  1910  1910 D SIMRecords: [SIMRecords] Load EF_SPN_CPHS: Android
02-20 21:28:15.213  1910  1910 D TelephonyManager: setTelephonyProperty: success phoneId=0 property=gsm.sim.operator.alpha value: Android propVal=Android
02-20 21:28:15.214  1910  1910 D SIMRecords: [SIMRecords] onRecordLoaded 1 requested: true
02-20 21:28:15.214  1910  1910 D SIMRecords: [SIMRecords] VM: ADN Record 'Voicemail' '[-MWU1cAlDrkXUZ8dpHi_wU_YOpU] null' EF[MBDN]
02-20 21:28:15.214  1910  1910 D SIMRecords: [SIMRecords] onRecordLoaded 0 requested: true
02-20 21:28:15.214  1910  1910 D SIMRecords: [SIMRecords] record load complete
02-20 21:28:15.214  1910  1910 D SIMRecords: [SIMRecords] Not using EF LI/EF PL
02-20 21:28:15.214  1910  1910 D SIMRecords: [SIMRecords] EF_CFF: callForwardingEnabled=0
02-20 21:28:15.214  1910  1910 D SIMRecords: [SIMRecords] onAllRecordsLoaded set 'gsm.sim.operator.numeric' to operator='310260'
02-20 21:28:15.214  1910  1910 D SIMRecords: [SIMRecords] update icc_operator_numeric=310260
02-20 21:28:15.214  1910  1910 D TelephonyManager: setTelephonyProperty: success phoneId=0 property=gsm.sim.operator.numeric value: 310260 propVal=310260
02-20 21:28:15.215  1366  1366 I CameraService: disconnect: Disconnected client for camera 0 for PID 1366
02-20 21:28:15.215  1374  1885 D NuPlayerDriver: reset(0xf4928ea0) at state 4
02-20 21:28:15.215  1374  1885 D NuPlayerDriver: notifyListener_l(0xf4928ea0), (8, 0, 0), loop setting(0, 0)
02-20 21:28:15.215  1374  2227 D NuPlayerDriver: notifyResetComplete(0xf4928ea0)
02-20 21:28:15.215  1374  1374 D NuPlayerDriver: reset(0xf49290e0) at state 4
02-20 21:28:15.215  1374  1374 D NuPlayerDriver: notifyListener_l(0xf49290e0), (8, 0, 0), loop setting(0, 0)
02-20 21:28:15.215  1910  1910 D SubscriptionController: [setMccMnc]+ mcc/mnc:310/260 subId:-1
02-20 21:28:15.215  2167  2167 W System  : ClassLoader referenced unknown path: /system/priv-app/ContactsProvider/lib/x86_64
02-20 21:28:15.216  1374  2232 D NuPlayerDriver: notifyResetComplete(0xf49290e0)
02-20 21:28:15.216  1374  1846 D NuPlayerDriver: reset(0xf310c660) at state 4
02-20 21:28:15.216  1374  1846 D NuPlayerDriver: notifyListener_l(0xf310c660), (8, 0, 0), loop setting(0, 0)
02-20 21:28:15.216  1374  2234 D NuPlayerDriver: notifyResetComplete(0xf310c660)
02-20 21:28:15.218  1366  1708 V EmulatedCamera_Camera: getCameraInfo
02-20 21:28:15.218  1366  1708 V EmulatedCamera_BaseCamera: getCameraInfo
02-20 21:28:15.218  1366  1366 V EmulatedCamera_Camera: getCameraInfo
02-20 21:28:15.218  1366  1366 V EmulatedCamera_BaseCamera: getCameraInfo
02-20 21:28:15.245  2121  2121 W System  : ClassLoader referenced unknown path: /system/app/PrebuiltDeskClockGoogle/lib/x86_64
02-20 21:28:15.293  1910  1910 D SubscriptionController: notifySubscriptionInfoChanged:
02-20 21:28:15.293  1677  1677 I GnssLocationProvider: WakeLock acquired by sendMessage(12, 0, null)
02-20 21:28:15.294  1910  1922 D SubscriptionController: [getActiveSubInfoList] Sub Controller not ready
02-20 21:28:14.416     0     0 D ieee80211 phy1: mac80211_hwsim_configure_filter
02-20 21:28:15.352  1677  1691 I dvm_lock_sample: [system_server,1,Binder:1677_2,66,PackageManagerService.java,3732,-,5338,13]
02-20 21:28:15.376  1910  1910 D SIMRecords: [SIMRecords] onAllRecordsLoaded set mcc imsi
02-20 21:28:15.376  1910  1910 D TelephonyManager: setTelephonyProperty: success phoneId=0 property=gsm.sim.operator.iso-country value: us propVal=us
02-20 21:28:15.382  2241  2241 W art     : Unexpected CPU variant for X86 using defaults: x86_64
02-20 21:28:15.382  1765  1765 I StatusBar: isKeyguardShowing() called before startKeyguard(), returning true
02-20 21:28:15.383  1765  1765 W StatusBar: isKeyguardSecure() called before startKeyguard(), returning false
02-20 21:28:15.383  1765  1765 W StatusBar: java.lang.Throwable
02-20 21:28:15.383  1765  1765 W StatusBar: 	at com.android.systemui.statusbar.BaseStatusBar.isKeyguardSecure(BaseStatusBar.java:2647)
02-20 21:28:15.383  1765  1765 W StatusBar: 	at com.android.systemui.statusbar.BaseStatusBar.isCameraAllowedByAdmin(BaseStatusBar.java:2670)
02-20 21:28:15.383  1765  1765 W StatusBar: 	at com.android.systemui.statusbar.phone.KeyguardBottomAreaView.updateCameraVisibility(KeyguardBottomAreaView.java:309)
02-20 21:28:15.383  1765  1765 W StatusBar: 	at com.android.systemui.statusbar.phone.KeyguardBottomAreaView.setPhoneStatusBar(KeyguardBottomAreaView.java:272)
02-20 21:28:15.383  1765  1765 W StatusBar: 	at com.android.systemui.statusbar.phone.PhoneStatusBar.makeStatusBarView(PhoneStatusBar.java:904)
02-20 21:28:15.383  1765  1765 W StatusBar: 	at com.android.systemui.statusbar.phone.PhoneStatusBar.addStatusBarWindow(PhoneStatusBar.java:3432)
02-20 21:28:15.383  1765  1765 W StatusBar: 	at com.android.systemui.statusbar.phone.PhoneStatusBar.createAndAddWindows(PhoneStatusBar.java:3428)
02-20 21:28:15.383  1765  1765 W StatusBar: 	at com.android.systemui.statusbar.BaseStatusBar.start(BaseStatusBar.java:765)
02-20 21:28:15.383  1765  1765 W StatusBar: 	at com.android.systemui.statusbar.phone.PhoneStatusBar.start(PhoneStatusBar.java:686)
02-20 21:28:15.383  1765  1765 W StatusBar: 	at com.android.systemui.statusbar.SystemBars.createStatusBarFromConfig(SystemBars.java:106)
02-20 21:28:15.383  1765  1765 W StatusBar: 	at com.android.systemui.statusbar.SystemBars.onNoService(SystemBars.java:58)
02-20 21:28:15.383  1765  1765 W StatusBar: 	at com.android.systemui.statusbar.ServiceMonitor.startService(ServiceMonitor.java:230)
02-20 21:28:15.383  1765  1765 W StatusBar: 	at com.android.systemui.statusbar.ServiceMonitor.-wrap5(ServiceMonitor.java)
02-20 21:28:15.383  1765  1765 W StatusBar: 	at com.android.systemui.statusbar.ServiceMonitor$1.handleMessage(ServiceMonitor.java:73)
02-20 21:28:15.383  1765  1765 W StatusBar: 	at android.os.Handler.dispatchMessage(Handler.java:102)
02-20 21:28:15.383  1765  1765 W StatusBar: 	at android.os.Looper.loop(Looper.java:154)
02-20 21:28:15.383  1765  1765 W StatusBar: 	at android.app.ActivityThread.main(ActivityThread.java:6119)
02-20 21:28:15.383  1765  1765 W StatusBar: 	at java.lang.reflect.Method.invoke(Native Method)
02-20 21:28:15.383  1765  1765 W StatusBar: 	at com.android.internal.os.ZygoteInit$MethodAndArgsCaller.run(ZygoteInit.java:886)
02-20 21:28:15.383  1765  1765 W StatusBar: 	at com.android.internal.os.ZygoteInit.main(ZygoteInit.java:776)
02-20 21:28:15.385  1765  1765 I StatusBar: isKeyguardShowing() called before startKeyguard(), returning true
02-20 21:28:15.385  1765  1765 W StatusBar: isKeyguardSecure() called before startKeyguard(), returning false
02-20 21:28:15.385  1765  1765 W StatusBar: java.lang.Throwable
02-20 21:28:15.385  1765  1765 W StatusBar: 	at com.android.systemui.statusbar.BaseStatusBar.isKeyguardSecure(BaseStatusBar.java:2647)
02-20 21:28:15.385  1765  1765 W StatusBar: 	at com.android.systemui.statusbar.BaseStatusBar.isCameraAllowedByAdmin(BaseStatusBar.java:2670)
02-20 21:28:15.385  1765  1765 W StatusBar: 	at com.android.systemui.statusbar.phone.KeyguardBottomAreaView.updateCameraVisibility(KeyguardBottomAreaView.java:309)
02-20 21:28:15.385  1765  1765 W StatusBar: 	at com.android.systemui.statusbar.phone.KeyguardBottomAreaView.setUserSetupComplete(KeyguardBottomAreaView.java:281)
02-20 21:28:15.385  1765  1765 W StatusBar: 	at com.android.systemui.statusbar.phone.PhoneStatusBar.makeStatusBarView(PhoneStatusBar.java:905)
02-20 21:28:15.385  1765  1765 W StatusBar: 	at com.android.systemui.statusbar.phone.PhoneStatusBar.addStatusBarWindow(PhoneStatusBar.java:3432)
02-20 21:28:15.385  1765  1765 W StatusBar: 	at com.android.systemui.statusbar.phone.PhoneStatusBar.createAndAddWindows(PhoneStatusBar.java:3428)
02-20 21:28:15.385  1765  1765 W StatusBar: 	at com.android.systemui.statusbar.BaseStatusBar.start(BaseStatusBar.java:765)
02-20 21:28:15.385  1765  1765 W StatusBar: 	at com.android.systemui.statusbar.phone.PhoneStatusBar.start(PhoneStatusBar.java:686)
02-20 21:28:15.385  1765  1765 W StatusBar: 	at com.android.systemui.statusbar.SystemBars.createStatusBarFromConfig(SystemBars.java:106)
02-20 21:28:15.385  1765  1765 W StatusBar: 	at com.android.systemui.statusbar.SystemBars.onNoService(SystemBars.java:58)
02-20 21:28:15.385  1765  1765 W StatusBar: 	at com.android.systemui.statusbar.ServiceMonitor.startService(ServiceMonitor.java:230)
02-20 21:28:15.385  1765  1765 W StatusBar: 	at com.android.systemui.statusbar.ServiceMonitor.-wrap5(ServiceMonitor.java)
02-20 21:28:15.385  1765  1765 W StatusBar: 	at com.android.systemui.statusbar.ServiceMonitor$1.handleMessage(ServiceMonitor.java:73)
02-20 21:28:15.385  1765  1765 W StatusBar: 	at android.os.Handler.dispatchMessage(Handler.java:102)
02-20 21:28:15.385  1765  1765 W StatusBar: 	at android.os.Looper.loop(Looper.java:154)
02-20 21:28:15.385  1765  1765 W StatusBar: 	at android.app.ActivityThread.main(ActivityThread.java:6119)
02-20 21:28:15.385  1765  1765 W StatusBar: 	at java.lang.reflect.Method.invoke(Native Method)
02-20 21:28:15.385  1765  1765 W StatusBar: 	at com.android.internal.os.ZygoteInit$MethodAndArgsCaller.run(ZygoteInit.java:886)
02-20 21:28:15.385  1765  1765 W StatusBar: 	at com.android.internal.os.ZygoteInit.main(ZygoteInit.java:776)
02-20 21:28:15.387  2167  2167 I ContactsPerf: VoicemailContentProvider.onCreate start
02-20 21:28:15.388  1677  2135 I am_proc_start: [0,2241,10014,com.google.process.gapps,content provider,com.google.android.gsf/.gservices.GservicesProvider]
02-20 21:28:15.389  1677  2135 I ActivityManager: Start proc 2241:com.google.process.gapps/u0a14 for content provider com.google.android.gsf/.gservices.GservicesProvider
02-20 21:28:15.394  1910  1910 D SST     : SubscriptionListener.onSubscriptionInfoChanged
02-20 21:28:15.394  1910  1910 D SIMRecords: [SIMRecords]  VoiceMessageCount from SIM MWIS = 0
02-20 21:28:15.394  1910  1910 E Phone   : getStoredVoiceMessageCount: invalid subId -2
02-20 21:28:15.394  1910  1910 D GsmCdmaPhone: [GsmCdmaPhone] updateVoiceMail countVoiceMessages = 0 subId -2
02-20 21:28:15.394  1910  1910 E Phone   : setVoiceMessageCount in sharedPreference: invalid subId -2
02-20 21:28:15.395  1910  1910 D DCT     : [0]SubscriptionListener.onSubscriptionInfoChanged
02-20 21:28:15.395  1910  1910 D SubscriptionController: [getActiveSubInfoList] Sub Controller not ready
02-20 21:28:15.397  1910  1910 D SubscriptionController: [getActiveSubInfoList] Sub Controller not ready
02-20 21:28:15.397  1910  1910 I Telephony: PstnIncomingCallNotifier: Unregistering: Handler (com.android.internal.telephony.GsmCdmaPhone) {199d15}
02-20 21:28:15.398  1910  1910 E PhoneInterfaceManager: [PhoneIntfMgr] getIccId: No UICC
02-20 21:28:15.405  1677  1940 I Telecom : PhoneAccountRegistrar: [ComponentInfo{com.android.phone/com.android.services.telephony.TelephonyConnectionService}, [e0184adedf913b076626646d3f52c3b49c39ad6d], UserHandle{0}(addr: tel:*********** -> tel:)(icon: Icon(typ=BITMAP size=76x96) -> Icon(typ=BITMAP size=76x96))(subAddr: tel:*********** -> tel:)]: TSI.rPA@AAg
02-20 21:28:15.407  1677  1940 I Telecom : : Sending phone-account registered intent as user: TSI.rPA@AAg
02-20 21:28:15.407  1677  1789 I am_proc_bound: [0,2241,com.google.process.gapps]
02-20 21:28:15.411  2157  2157 V Launcher: LauncherAppState inited
02-20 21:28:15.413  1910  1910 I Telephony: AccountEntry: Registered phoneAccount: [[ ] PhoneAccount: ComponentInfo{com.android.phone/com.android.services.telephony.TelephonyConnectionService}, [e0184adedf913b076626646d3f52c3b49c39ad6d], UserHandle{0} Capabilities: CallProvider MultiUser PlaceEmerg SimSub  Schemes: tel voicemail  Extras: null GroupId: [da39a3ee5e6b4b0d3255bfef95601890afd80709]] with handle: ComponentInfo{com.android.phone/com.android.services.telephony.TelephonyConnectionService}, [e0184adedf913b076626646d3f52c3b49c39ad6d], UserHandle{0}
02-20 21:28:15.413  1910  1910 I Telephony: PstnIncomingCallNotifier: Registering: Handler (com.android.internal.telephony.GsmCdmaPhone) {199d15}
02-20 21:28:15.416  1910  1923 D SubscriptionController: [getActiveSubInfoList] Sub Controller not ready
02-20 21:28:15.423  1910  1910 D CAT     : CatService: handleMessage[20]
02-20 21:28:15.423  1910  1910 D GsmCdmaPhone: [GsmCdmaPhone] updateCurrentCarrierInProvider: mSubId = -2 currentDds = 1 operatorNumeric = 310260
02-20 21:28:15.423  1910  1910 D IccCardProxy: operator=310260 mPhoneId=0
02-20 21:28:15.423  1910  1910 D TelephonyManager: setTelephonyProperty: success phoneId=0 property=gsm.sim.operator.numeric value: 310260 propVal=310260
02-20 21:28:15.424  1910  1910 D TelephonyManager: setTelephonyProperty: success phoneId=0 property=gsm.sim.operator.iso-country value: us propVal=us
02-20 21:28:15.424  1910  1910 D IccCardProxy: Sending intent ACTION_INTERNAL_SIM_STATE_CHANGED for mPhoneId : 0
02-20 21:28:15.425  1910  1910 D SST     : EVENT_SIM_RECORDS_LOADED: what=16
02-20 21:28:15.425  1910  1910 D GsmCdmaPhone: [GsmCdmaPhone] updatePhoneObject: radioTechnology=0
02-20 21:28:15.425  1910  1910 D SST     : getOtasp: otasp not needed for GSM
02-20 21:28:15.425  1910  1910 D SST     : updateOtaspState: call notifyOtaspChanged old otaspMode=0 new otaspMode=3
02-20 21:28:15.425  1910  1910 D SIMRecords: [SIMRecords] getServiceProviderName: no brandOverride, providerName=Android
02-20 21:28:15.425  1910  1910 D SIMRecords: [SIMRecords] getServiceProviderName: no brandOverride, providerName=Android
02-20 21:28:15.426  1910  1910 D SST     : updateSpnDisplay: changed sending intent rule=1 showPlmn='false' plmn='Android' showSpn='true' spn='Android' dataSpn='Android' subId='-2'
02-20 21:28:15.427  1910  1910 D SubscriptionController: [setPlmnSpn] No valid subscription to store info
02-20 21:28:15.427  1910  1910 D SubscriptionController: notifySubscriptionInfoChanged:
02-20 21:28:15.427  1677  1677 I GnssLocationProvider: WakeLock acquired by sendMessage(12, 0, null)
02-20 21:28:15.429  1910  1922 D SubscriptionController: [getActiveSubInfoList] Sub Controller not ready
02-20 21:28:15.429  1910  1910 E PhoneInterfaceManager: [PhoneIntfMgr] getIccId: No UICC
02-20 21:28:15.438  1677  1789 I Telecom : PhoneAccountRegistrar: [ComponentInfo{com.android.phone/com.android.services.telephony.TelephonyConnectionService}, [e0184adedf913b076626646d3f52c3b49c39ad6d], UserHandle{0}(icon: Icon(typ=BITMAP size=76x96) -> Icon(typ=BITMAP size=76x96))]: TSI.rPA@AAs
02-20 21:28:15.440  2241  2241 I art     : Starting a blocking GC AddRemoveAppImageSpace
02-20 21:28:15.442  2241  2241 W System  : ClassLoader referenced unknown path: /system/priv-app/GoogleServicesFramework/lib/x86_64
02-20 21:28:15.449  1910  2103 D SubscriptionController: [getPhoneId] asked for default subId=-1
02-20 21:28:15.459  1677  1789 I Telecom : : Sending phone-account registered intent as user: TSI.rPA@AAs
02-20 21:28:15.459  1910  1910 D SubscriptionInfoUpdater: [Receiver]+
02-20 21:28:15.459  1910  1910 D SubscriptionInfoUpdater: Action: android.intent.action.internal_sim_state_changed
02-20 21:28:15.459  1910  1910 D SubscriptionInfoUpdater: slotId: 0
02-20 21:28:15.459  1910  1910 D SubscriptionInfoUpdater: simStatus: LOADED
02-20 21:28:15.459  1910  1910 D SubscriptionInfoUpdater: [Receiver]-
02-20 21:28:15.459  1910  1910 D GsmCdmaPhone: [GsmCdmaPhone] phoneObjectUpdater: newVoiceRadioTech=0
02-20 21:28:15.460  1910  1910 D GsmCdmaPhone: [GsmCdmaPhone] phoneObjectUpdater: volteReplacementRat=0
02-20 21:28:15.460  1910  1910 E GsmCdmaPhone: [GsmCdmaPhone] phoneObjectUpdater: newVoiceRadioTech=0 doesn't match either CDMA or GSM - error! No phone change
02-20 21:28:15.460  1910  1910 D SST     : SubscriptionListener.onSubscriptionInfoChanged
02-20 21:28:15.460  1910  1910 D DCT     : [0]SubscriptionListener.onSubscriptionInfoChanged
02-20 21:28:15.460  1910  1910 D SubscriptionController: [getActiveSubInfoList] Sub Controller not ready
02-20 21:28:15.460  1910  1910 D SubscriptionController: [getActiveSubInfoList] Sub Controller not ready
02-20 21:28:15.461  1910  1910 I Telephony: PstnIncomingCallNotifier: Unregistering: Handler (com.android.internal.telephony.GsmCdmaPhone) {199d15}
02-20 21:28:15.461  1910  1910 E PhoneInterfaceManager: [PhoneIntfMgr] getIccId: No UICC
02-20 21:28:15.467  1677  2073 I Telecom : PhoneAccountRegistrar: [ComponentInfo{com.android.phone/com.android.services.telephony.TelephonyConnectionService}, [e0184adedf913b076626646d3f52c3b49c39ad6d], UserHandle{0}(icon: Icon(typ=BITMAP size=76x96) -> Icon(typ=BITMAP size=76x96))]: TSI.rPA@AAw
02-20 21:28:15.468  1677  2073 I Telecom : : Sending phone-account registered intent as user: TSI.rPA@AAw
02-20 21:28:15.469  1910  1910 I Telephony: AccountEntry: Registered phoneAccount: [[ ] PhoneAccount: ComponentInfo{com.android.phone/com.android.services.telephony.TelephonyConnectionService}, [e0184adedf913b076626646d3f52c3b49c39ad6d], UserHandle{0} Capabilities: CallProvider MultiUser PlaceEmerg SimSub  Schemes: tel voicemail  Extras: null GroupId: [da39a3ee5e6b4b0d3255bfef95601890afd80709]] with handle: ComponentInfo{com.android.phone/com.android.services.telephony.TelephonyConnectionService}, [e0184adedf913b076626646d3f52c3b49c39ad6d], UserHandle{0}
02-20 21:28:15.469  1910  1910 I Telephony: PstnIncomingCallNotifier: Registering: Handler (com.android.internal.telephony.GsmCdmaPhone) {199d15}
02-20 21:28:15.470  1910  1910 D SubscriptionInfoUpdater: handleSimStateLoadedInternal: slotId: 0
02-20 21:28:15.470  1910  1910 D SubscriptionInfoUpdater: All IccIds query complete
02-20 21:28:15.470  1910  1910 D SubscriptionInfoUpdater: updateSubscriptionInfoByIccId:+ Start
02-20 21:28:15.470  1366  1708 V EmulatedCamera_Camera: getCameraInfo
02-20 21:28:15.470  1366  1708 V EmulatedCamera_BaseCamera: getCameraInfo
02-20 21:28:15.470  1910  1910 D SubscriptionController: [clearSubInfo]- no simInfo size=0
02-20 21:28:15.470  1910  1910 D SubscriptionInfoUpdater: insertedSimCount = 1
02-20 21:28:15.470  1910  1910 D SubscriptionController: [getSubInfoUsingSlotIdWithCheck]+ slotId:0
02-20 21:28:15.471  1366  1366 V EmulatedCamera_Camera: getCameraInfo
02-20 21:28:15.471  1366  1366 V EmulatedCamera_BaseCamera: getCameraInfo
02-20 21:28:15.474  1910  1910 D SubscriptionController: [getPhoneId]- no sims, returning default phoneId=2147483647
02-20 21:28:15.480  1910  1910 D SubscriptionController: [getPhoneId]- no sims, returning default phoneId=2147483647
02-20 21:28:15.484  1910  1910 D SubscriptionController: [getPhoneId]- no sims, returning default phoneId=2147483647
02-20 21:28:15.490  1910  1910 D SubscriptionController: [getSubInfoUsingSlotId]- null info return
02-20 21:28:15.490  1910  1910 D SubscriptionInfoUpdater: updateSubscriptionInfoByIccId: oldSubId = 1
02-20 21:28:15.490  1910  1910 D SubscriptionInfoUpdater: updateSubscriptionInfoByIccId: oldIccId[0] = 89014103211118510720, sIccId[0] = 89014103211118510720
02-20 21:28:15.490  1910  1910 D SubscriptionController: [addSubInfoRecord]+ iccId:89014103211118510720 slotId:0
02-20 21:28:15.492  1910  1910 D SubscriptionController: [getActiveSubInfoList] Sub Controller not ready
02-20 21:28:15.492  1910  1910 D SubscriptionController: [addSubInfoRecord] Record already exists
02-20 21:28:15.493  1910  1910 D SubscriptionController: [addSubInfoRecord] sSlotIdxToSubId.size=1 slotId=0 subId=1 defaultSubId=1 simCount=1
02-20 21:28:15.493  1910  1910 D SubscriptionController: [setDefaultFallbackSubId] subId=1
02-20 21:28:15.494  1910  1910 D SubscriptionController: [setDefaultFallbackSubId] set mDefaultFallbackSubId=1
02-20 21:28:15.494  1910  1910 D MccTable: updateMccMncConfiguration mccmnc='310260' fromServiceState=false
02-20 21:28:15.494  1910  1910 D MccTable: updateMccMncConfiguration defaultMccMnc=310260
02-20 21:28:15.494  1910  1910 D MccTable: updateMccMncConfiguration: mcc=310, mnc=260
02-20 21:28:15.494  1910  1910 D MccTable: updateMccMncConfiguration updateConfig config={1.0 310mcc260mnc ?localeList ?layoutDir ?swdp ?wdp ?hdp ?density ?lsize ?long ?orien ?uimode ?night ?touch ?keyb/?/? ?nav/?}
02-20 21:28:15.495  1910  1910 D SubscriptionController: [setDefaultFallbackSubId] broadcast default subId changed phoneId=0 subId=1
02-20 21:28:15.498  1910  1922 D RILJ    : [3736]> RIL_REQUEST_GET_CELL_INFO_LIST [SUB0]
02-20 21:28:15.498  1910  1910 D SubscriptionController: [addSubInfoRecord] one sim set defaults to subId=1
02-20 21:28:15.498  1376  1486 D RIL     : onRequest: GET_CELL_INFO_LIST
02-20 21:28:15.498  1376  1486 D RILC    : responseCellInfoList: v12
02-20 21:28:15.498  1910  1986 D RILJ    : [3736]< RIL_REQUEST_GET_CELL_INFO_LIST [CellInfoGsm:{mRegistered=YES mTimeStampType=modem mTimeStamp=12607281413ns CellIdentityGsm:{ mMcc=310 mMnc=260 mLac=3 mCid=91 mArfcn=10 mBsic=0x0} CellSignalStrengthGsm: ss=1744826808 ber=32541 mTa=1754274940}] [SUB0]
02-20 21:28:15.499  1910  1910 D SubscriptionController: [setDefaultDataSubId] num phones=1, subId=1
02-20 21:28:15.499  1910  1910 D SubscriptionController: [setDefaultDataSubId] phoneId=0 subId=1 RAF=1
02-20 21:28:15.499  1910  1910 D ProxyController: setRadioCapability: Already in requested configuration, nothing to do.
02-20 21:28:15.499  1910  1910 D SubscriptionController: [updateAllDataConnectionTrackers] sPhones.length=1
02-20 21:28:15.499  1910  1910 D SubscriptionController: [updateAllDataConnectionTrackers] phoneId=0
02-20 21:28:15.499  1910  1910 D DCT     : [0]update sub = 1
02-20 21:28:15.499  1910  1910 D DCT     : [0]update(): Active DDS, register for all events now!
02-20 21:28:15.499  1910  1910 D DCT     : [0]New records found.
02-20 21:28:15.499  1910  1910 D SST     : mDeviceShuttingDown=false, mDesiredPowerState=true, getRadioState=RADIO_ON, mPowerOffDelayNeed=true, mAlarmSwitch=false, mRadioDisabledByCarrier=false
02-20 21:28:15.499  1910  1910 D GsmCdmaPhone: [GsmCdmaPhone] updateCurrentCarrierInProvider: mSubId = 1 currentDds = 1 operatorNumeric = 310260
02-20 21:28:15.524  1765  1765 I StatusBar: isKeyguardShowing() called before startKeyguard(), returning true
02-20 21:28:15.525  1765  1765 W StatusBar: isKeyguardSecure() called before startKeyguard(), returning false
02-20 21:28:15.525  1765  1765 W StatusBar: java.lang.Throwable
02-20 21:28:15.525  1765  1765 W StatusBar: 	at com.android.systemui.statusbar.BaseStatusBar.isKeyguardSecure(BaseStatusBar.java:2647)
02-20 21:28:15.525  1765  1765 W StatusBar: 	at com.android.systemui.statusbar.BaseStatusBar.isCameraAllowedByAdmin(BaseStatusBar.java:2670)
02-20 21:28:15.525  1765  1765 W StatusBar: 	at com.android.systemui.statusbar.phone.KeyguardBottomAreaView.updateCameraVisibility(KeyguardBottomAreaView.java:309)
02-20 21:28:15.525  1765  1765 W StatusBar: 	at com.android.systemui.statusbar.phone.KeyguardBottomAreaView.setUserSetupComplete(KeyguardBottomAreaView.java:281)
02-20 21:28:15.525  1765  1765 W StatusBar: 	at com.android.systemui.statusbar.phone.PhoneStatusBar$1.onChange(PhoneStatusBar.java:441)
02-20 21:28:15.525  1765  1765 W StatusBar: 	at com.android.systemui.statusbar.phone.PhoneStatusBar.resetUserSetupObserver(PhoneStatusBar.java:3676)
02-20 21:28:15.525  1765  1765 W StatusBar: 	at com.android.systemui.statusbar.phone.PhoneStatusBar.makeStatusBarView(PhoneStatusBar.java:1008)
02-20 21:28:15.525  1765  1765 W StatusBar: 	at com.android.systemui.statusbar.phone.PhoneStatusBar.addStatusBarWindow(PhoneStatusBar.java:3432)
02-20 21:28:15.525  1765  1765 W StatusBar: 	at com.android.systemui.statusbar.phone.PhoneStatusBar.createAndAddWindows(PhoneStatusBar.java:3428)
02-20 21:28:15.525  1765  1765 W StatusBar: 	at com.android.systemui.statusbar.BaseStatusBar.start(BaseStatusBar.java:765)
02-20 21:28:15.525  1765  1765 W StatusBar: 	at com.android.systemui.statusbar.phone.PhoneStatusBar.start(PhoneStatusBar.java:686)
02-20 21:28:15.525  1765  1765 W StatusBar: 	at com.android.systemui.statusbar.SystemBars.createStatusBarFromConfig(SystemBars.java:106)
02-20 21:28:15.525  1765  1765 W StatusBar: 	at com.android.systemui.statusbar.SystemBars.onNoService(SystemBars.java:58)
02-20 21:28:15.525  1765  1765 W StatusBar: 	at com.android.systemui.statusbar.ServiceMonitor.startService(ServiceMonitor.java:230)
02-20 21:28:15.525  1765  1765 W StatusBar: 	at com.android.systemui.statusbar.ServiceMonitor.-wrap5(ServiceMonitor.java)
02-20 21:28:15.525  1765  1765 W StatusBar: 	at com.android.systemui.statusbar.ServiceMonitor$1.handleMessage(ServiceMonitor.java:73)
02-20 21:28:15.525  1765  1765 W StatusBar: 	at android.os.Handler.dispatchMessage(Handler.java:102)
02-20 21:28:15.525  1765  1765 W StatusBar: 	at android.os.Looper.loop(Looper.java:154)
02-20 21:28:15.525  1765  1765 W StatusBar: 	at android.app.ActivityThread.main(ActivityThread.java:6119)
02-20 21:28:15.525  1765  1765 W StatusBar: 	at java.lang.reflect.Method.invoke(Native Method)
02-20 21:28:15.525  1765  1765 W StatusBar: 	at com.android.internal.os.ZygoteInit$MethodAndArgsCaller.run(ZygoteInit.java:886)
02-20 21:28:15.525  1765  1765 W StatusBar: 	at com.android.internal.os.ZygoteInit.main(ZygoteInit.java:776)
02-20 21:28:15.526  1910  1910 D SubscriptionController: [broadcastDefaultDataSubIdChanged] subId=1
02-20 21:28:15.527  1910  1910 D SubscriptionController: [setDefaultSmsSubId] subId=1
02-20 21:28:15.529  1910  1910 D SubscriptionController: [broadcastDefaultSmsSubIdChanged] subId=1
02-20 21:28:15.539  1910  1910 D SubscriptionController: [setDefaultVoiceSubId] subId=1
02-20 21:28:15.539  1910  1910 D SubscriptionController: [broadcastDefaultVoiceSubIdChanged] subId=1
02-20 21:28:15.544  1910  1910 D SubscriptionController: [addSubInfoRecord] hashmap(0,1)
02-20 21:28:15.547  1765  1991 D OpenGLRenderer: profile bars disabled
02-20 21:28:15.547  1765  1991 D OpenGLRenderer: ambientRatio = 1.50
02-20 21:28:15.550  1765  1765 D PhoneStatusBar: disable: < EXPAND* icons alerts system_info BACK* HOME* RECENT* clock SEARCH* quick_settings >
02-20 21:28:15.551  2241  2241 I GservicesProvider: Gservices pushing to system: true; secure/global: true
02-20 21:28:15.552  2167  2167 I ContactsPerf: VoicemailContentProvider.onCreate finish
02-20 21:28:15.567  2167  2167 W System  : ClassLoader referenced unknown path: /system/priv-app/BlockedNumberProvider/lib/x86_64
02-20 21:28:15.567  2167  2167 D ApplicationLoaders: ignored Vulkan layer search path /system/priv-app/BlockedNumberProvider/lib/x86_64:/system/lib64:/vendor/lib64 for namespace 0x787771ce20f0
02-20 21:28:15.598  2167  2167 W System  : ClassLoader referenced unknown path: /system/app/UserDictionaryProvider/lib/x86_64
02-20 21:28:15.599  2167  2167 D ApplicationLoaders: ignored Vulkan layer search path /system/app/UserDictionaryProvider/lib/x86_64:/system/lib64:/vendor/lib64 for namespace 0x787771ce2160
02-20 21:28:15.632  1910  1910 D SubscriptionController: [addSubInfoRecord] sim name = Android
02-20 21:28:15.632  1910  1910 D DCT     : [0]update sub = 1
02-20 21:28:15.632  1910  1910 D DCT     : [0]update(): Active DDS, register for all events now!
02-20 21:28:15.633  1910  1910 D GsmCdmaPhone: [GsmCdmaPhone] updateCurrentCarrierInProvider: mSubId = 1 currentDds = 1 operatorNumeric = 310260
02-20 21:28:15.650  1765  1765 D PhoneStatusBar: heads up is enabled
02-20 21:28:15.653  1910  1910 D SubscriptionController: [addSubInfoRecord]- info size=1
02-20 21:28:15.654  1910  1910 D SubscriptionInfoUpdater: newSim = false
02-20 21:28:15.654  1910  1910 D SubscriptionInfoUpdater: updateSubscriptionInfoByIccId: sInsertSimState[0] = 0
02-20 21:28:15.657  1677  1690 I am_proc_start: [0,2268,10029,com.google.android.googlequicksearchbox:search,service,com.google.android.googlequicksearchbox/com.google.android.hotword.service.HotwordService]
02-20 21:28:15.657  1677  1690 I ActivityManager: Start proc 2268:com.google.android.googlequicksearchbox:search/u0a29 for service com.google.android.googlequicksearchbox/com.google.android.hotword.service.HotwordService
02-20 21:28:15.663  2268  2268 W art     : Unexpected CPU variant for X86 using defaults: x86
02-20 21:28:15.663  1910  1910 D SubscriptionInfoUpdater: updateSubscriptionInfoByIccId: nSubCount = 1
02-20 21:28:15.672  1910  1910 D SubscriptionController: [setDefaultDataSubId] num phones=1, subId=1
02-20 21:28:15.673  1910  1910 D SubscriptionController: [setDefaultDataSubId] phoneId=0 subId=1 RAF=1
02-20 21:28:15.673  1910  1910 D ProxyController: setRadioCapability: Already in requested configuration, nothing to do.
02-20 21:28:15.673  1910  1910 D SubscriptionController: [updateAllDataConnectionTrackers] sPhones.length=1
02-20 21:28:15.673  1910  1910 D SubscriptionController: [updateAllDataConnectionTrackers] phoneId=0
02-20 21:28:15.673  1910  1910 D DCT     : [0]update sub = 1
02-20 21:28:15.673  1910  1910 D DCT     : [0]update(): Active DDS, register for all events now!
02-20 21:28:15.673  1910  1910 D GsmCdmaPhone: [GsmCdmaPhone] updateCurrentCarrierInProvider: mSubId = 1 currentDds = 1 operatorNumeric = 310260
02-20 21:28:15.687  1910  1910 D SubscriptionController: [broadcastDefaultDataSubIdChanged] subId=1
02-20 21:28:15.688  1910  1910 D SubscriptionController: notifySubscriptionInfoChanged:
02-20 21:28:15.690  1910  2103 D SubscriptionMonitor: Phone[0] subId changed -2->1, 1 registrants
02-20 21:28:15.690  1910  2103 D SubscriptionMonitor: mDefaultDataSubId = 1, 1 registrants
02-20 21:28:15.691  1677  1677 I GnssLocationProvider: WakeLock acquired by sendMessage(12, 0, null)
02-20 21:28:15.691  1910  1910 D SubscriptionInfoUpdater: updateSubscriptionInfoByIccId:- SsubscriptionInfo update complete
02-20 21:28:15.691  1910  1910 D MccTable: updateMccMncConfiguration mccmnc='310260' fromServiceState=false
02-20 21:28:15.691  1910  1910 D MccTable: updateMccMncConfiguration defaultMccMnc=310260
02-20 21:28:15.691  1910  1910 D MccTable: updateMccMncConfiguration: mcc=310, mnc=260
02-20 21:28:15.691  1910  1910 D MccTable: updateMccMncConfiguration updateConfig config={1.0 310mcc260mnc ?localeList ?layoutDir ?swdp ?wdp ?hdp ?density ?lsize ?long ?orien ?uimode ?night ?touch ?keyb/?/? ?nav/?}
02-20 21:28:15.694  1910  1910 D SubscriptionController: [setMccMnc]+ mcc/mnc:310/260 subId:1
02-20 21:28:15.709  1677  1694 V KeyguardServiceDelegate: *** Keyguard connected (yay!)
02-20 21:28:15.726  1910  1910 D SubscriptionController: notifySubscriptionInfoChanged:
02-20 21:28:15.726  1677  1677 I GnssLocationProvider: WakeLock acquired by sendMessage(12, 0, null)
02-20 21:28:15.731  1765  1765 I Choreographer: Skipped 49 frames!  The application may be doing too much work on its main thread.
02-20 21:28:15.746  1677  2224 I am_proc_bound: [0,2268,com.google.android.googlequicksearchbox:search]
