02-20 21:29:24.335  1920  1920 D IccCardProxy: updateQuietMode: no changes don't setExternalState
02-20 21:29:24.335  1920  1920 D IccCardProxy: updateQuietMode: QuietMode is false (app_type=1 cdmaSource=-1)
02-20 21:29:24.338  1920  1920 W CarrierConfigManager: Error getting config for subId -1 ICarrierConfigLoader is null
02-20 21:29:24.339  1667  1772 D TelephonyRegistry: listen oscl: hasNotifySubscriptionInfoChangedOccurred==false no callback
02-20 21:29:24.344  1920  1920 D TelephonyManager: setTelephonyProperty: success phoneId=0 property=gsm.network.type value: Unknown propVal=Unknown
02-20 21:29:24.344  1920  1920 D RILJ    : [3654]> SIGNAL_STRENGTH [SUB0]
02-20 21:29:24.345  1920  1920 D SST     : notifyDataRegStateRilRadioTechnologyChanged: drs=1 rat=0
02-20 21:29:24.345  1920  1920 D TelephonyManager: setTelephonyProperty: success phoneId=0 property=gsm.network.type value: Unknown propVal=Unknown
02-20 21:29:24.353  1376  1463 D RIL     : onRequest: SIGNAL_STRENGTH
02-20 21:29:24.354  1920  2004 D RilRequest: [3654]< SIGNAL_STRENGTH error: com.android.internal.telephony.CommandException: RADIO_NOT_AVAILABLE ret=
02-20 21:29:24.355  1374  1374 I MediaPlayerService: MediaPlayerService::getOMX
02-20 21:29:24.355  1667  2024 I OMXClient: MuxOMX ctor
02-20 21:29:24.355  1371  1371 I OMXMaster: makeComponentInstance(OMX.google.vorbis.decoder) in mediacodec process
02-20 21:29:24.357  1920  1920 D DCT     : [0]DCT.constructor
02-20 21:29:24.358  1667  1961 D TelephonyRegistry: listen oscl: hasNotifySubscriptionInfoChangedOccurred==false no callback
02-20 21:29:24.359  1920  1920 D Dcc     : E ctor
02-20 21:29:24.359  1920  1920 D Dcc     : X ctor
02-20 21:29:24.359  1920  1920 D SubscriptionController: [getPhoneId] asked for default subId=-1
02-20 21:29:24.361  1920  1920 D DcTesterFailBrinupAll: register for intent action=com.android.internal.telephony.dataconnection.action_fail_bringup
02-20 21:29:24.361  1920  1920 D DcTesterFailBrinupAll: register for intent action=com.android.internal.telephony.action_detached
02-20 21:29:24.361  1920  1920 D DcTesterFailBrinupAll: register for intent action=com.android.internal.telephony.action_attached
02-20 21:29:24.362  1920  1920 D SST     : notifyDataRegStateRilRadioTechnologyChanged: drs=1 rat=0
02-20 21:29:24.362  1920  1920 D TelephonyManager: setTelephonyProperty: success phoneId=0 property=gsm.network.type value: Unknown propVal=Unknown
02-20 21:29:24.363  1920  1920 D DCT     : [0]update sub = -2
02-20 21:29:24.363  1920  1920 D DCT     : [0]update(): Active DDS, register for all events now!
02-20 21:29:24.363  1920  1920 D GsmCdmaPhone: [GsmCdmaPhone] updateCurrentCarrierInProvider: mSubId = -2 currentDds = 1 operatorNumeric = null
02-20 21:29:24.364  1920  1920 D DCT     : [0]initApnContexts: E
02-20 21:29:24.364  1920  1920 D DCT     : [0]initApnContexts: skipping unknown type=1
02-20 21:29:24.380  1920  1920 D DCT     : [0]initApnContexts: apnContext={mApnType=default mState=IDLE mWaitingApns={null} mApnSetting={null} mReason=dataEnabled mDataEnabled=false mDependencyMet=true}
02-20 21:29:24.380  1920  1920 D DCT     : [0]initApnContexts: apnContext={mApnType=mms mState=IDLE mWaitingApns={null} mApnSetting={null} mReason=dataEnabled mDataEnabled=false mDependencyMet=true}
02-20 21:29:24.380  1920  1920 D DCT     : [0]initApnContexts: apnContext={mApnType=supl mState=IDLE mWaitingApns={null} mApnSetting={null} mReason=dataEnabled mDataEnabled=false mDependencyMet=true}
02-20 21:29:24.380  1920  1920 D DCT     : [0]initApnContexts: apnContext={mApnType=hipri mState=IDLE mWaitingApns={null} mApnSetting={null} mReason=dataEnabled mDataEnabled=false mDependencyMet=true}
02-20 21:29:24.380  1920  1920 D DCT     : [0]initApnContexts: apnContext={mApnType=fota mState=IDLE mWaitingApns={null} mApnSetting={null} mReason=dataEnabled mDataEnabled=false mDependencyMet=true}
02-20 21:29:24.380  1920  1920 D DCT     : [0]initApnContexts: apnContext={mApnType=ims mState=IDLE mWaitingApns={null} mApnSetting={null} mReason=dataEnabled mDataEnabled=false mDependencyMet=true}
02-20 21:29:24.380  1920  1920 D DCT     : [0]initApnContexts: apnContext={mApnType=cbs mState=IDLE mWaitingApns={null} mApnSetting={null} mReason=dataEnabled mDataEnabled=false mDependencyMet=true}
02-20 21:29:24.380  1920  1920 D DCT     : [0]initApnContexts: skipping unknown type=13
02-20 21:29:24.380  1920  1920 D DCT     : [0]initApnContexts: apnContext={mApnType=ia mState=IDLE mWaitingApns={null} mApnSetting={null} mReason=dataEnabled mDataEnabled=false mDependencyMet=true}
02-20 21:29:24.380  1920  1920 D DCT     : [0]initApnContexts: apnContext={mApnType=emergency mState=IDLE mWaitingApns={null} mApnSetting={null} mReason=dataEnabled mDataEnabled=false mDependencyMet=true}
02-20 21:29:24.383  1920  2026 D DcTesterDeacativateAll: register for intent action=com.android.internal.telephony.dataconnection.action_deactivate_all
02-20 21:29:24.383  1920  2026 D DcTesterDeacativateAll: register for intent action=com.android.internal.telephony.action_detached
02-20 21:29:24.386  1920  2026 D Dcc     : DccDefaultState: msg.what=EVENT_RIL_CONNECTED mRilVersion=12
02-20 21:29:24.395  1920  1920 D GsmCdmaPhone: [GsmCdmaPhone] GsmCdmaPhone: constructor: sub = 0
02-20 21:29:24.395  1920  1920 I PhoneFactory: Creating Phone with type = 1 sub = 0
02-20 21:29:24.397  1920  1920 I PhoneFactory: defaultSmsApplication: NONE
02-20 21:29:24.398  1920  1920 I PhoneFactory: Creating SubInfoRecordUpdater 
02-20 21:29:24.398  1920  1920 D SubscriptionInfoUpdater: Constructor invoked
02-20 21:29:24.402  1667  1667 D GpsNetInitiatedHandler: location enabled :true
02-20 21:29:24.402  1667  1667 V WiredAccessoryManager: notifyWiredAccessoryChanged: when=0 bits= mask=54
02-20 21:29:24.402  1667  1667 V WiredAccessoryManager: newName=h2w newState=0 headsetState=0 prev headsetState=0
02-20 21:29:24.402  1667  1667 E WiredAccessoryManager: No state change.
02-20 21:29:24.402  1667  1667 V WiredAccessoryManager: init()
02-20 21:29:24.419  1667  1691 D TelephonyRegistry: listen oscl: hasNotifySubscriptionInfoChangedOccurred==false no callback
02-20 21:29:24.419  1920  1920 D SubscriptionController: [getPhoneId]- no sims, returning default phoneId=2147483647
02-20 21:29:24.420  1667  1961 D TelephonyRegistry: listen oscl: hasNotifySubscriptionInfoChangedOccurred==false no callback
02-20 21:29:24.437  1920  1920 D PhoneSwitcherNetworkRequstListener: Registering NetworkFactory
02-20 21:29:24.437  1667  1741 D ConnectivityService: Got NetworkFactory Messenger for PhoneSwitcherNetworkRequstListener
02-20 21:29:24.438  1920  1920 D PhoneSwitcher: PhoneSwitcher started
02-20 21:29:24.438  1920  1920 D ProxyController: Constructor - Enter
02-20 21:29:24.439  1374  1374 I MediaPlayerService: MediaPlayerService::getOMX
02-20 21:29:24.439  1667  2029 I OMXClient: MuxOMX ctor
02-20 21:29:24.439  1371  1387 I OMXMaster: makeComponentInstance(OMX.google.vorbis.decoder) in mediacodec process
02-20 21:29:24.440  1920  1920 D ProxyController: clearTransaction
02-20 21:29:24.440  1920  1920 D ProxyController: clearTransaction: phoneId=0 status=IDLE
02-20 21:29:24.440  1920  1920 D ProxyController: Constructor - Exit
02-20 21:29:24.440  1920  1920 D TelephonyNetworkFactory[0]: Registering NetworkFactory
02-20 21:29:24.440  1667  1741 D ConnectivityService: Got NetworkFactory Messenger for TelephonyNetworkFactory[0]
02-20 21:29:24.441  1920  1920 D CallManager: registerPhone(GSM Handler (com.android.internal.telephony.GsmCdmaPhone) {68ed5d})
02-20 21:29:24.447  1667  1691 D TelephonyRegistry: listen oscl: hasNotifySubscriptionInfoChangedOccurred==false no callback
02-20 21:29:24.493  1667  1693 I boot_progress_enable_screen: 11493
02-20 21:29:24.494  1667  1700 I am_activity_launch_time: [0,139032956,com.android.settings/.FallbackHome,905,905]
02-20 21:29:24.503  1667  1693 V KeyguardServiceDelegate: *** Keyguard started
02-20 21:29:24.503  1667  1693 I screen_toggled: 1
02-20 21:29:24.505  1667  1700 I ActivityManager: Displayed com.android.settings/.FallbackHome: +905ms
02-20 21:29:24.507  1314  1383 I SurfaceFlinger: Boot is finished (9746 ms)
02-20 21:29:24.507  1314  1383 I sf_stop_bootanim: 11507
02-20 21:29:24.510  1667  1700 I WindowManager: Screen frozen for +883ms due to Window{a3aa52c u0 KeyguardScrim}
02-20 21:29:24.517  1667  1693 W KeyguardServiceDelegate: onScreenTurningOn(): no keyguard service!
02-20 21:29:24.522  1920  1920 D CarrierConfigLoader: CarrierConfigLoader has started
02-20 21:29:24.522  1920  2034 E ActivityThread: Failed to find provider info for com.android.contacts
02-20 21:29:24.522  1920  2034 W CallerInfoCache: cursor is null
02-20 21:29:24.525  1374  1374 I MediaPlayerService: MediaPlayerService::getOMX
02-20 21:29:24.525  1920  1920 E BluetoothAdapter: Bluetooth binder is null
02-20 21:29:24.526  1667  2033 I OMXClient: MuxOMX ctor
02-20 21:29:24.527  1371  1896 I OMXMaster: makeComponentInstance(OMX.google.vorbis.decoder) in mediacodec process
02-20 21:29:24.534  1667  1854 D TelephonyRegistry: listen oscl: hasNotifySubscriptionInfoChangedOccurred==false no callback
02-20 21:29:24.534  1314  1383 D         : HostConnection::get() New Host Connection established 0x79661901ba20, tid 1383
02-20 21:29:24.539     0     0 I init    : Service 'bootanim' (pid 1335) exited with status 0
02-20 21:29:24.540     0     0 I init    : Starting service 'exec 6 (/system/bin/bootstat)'...
02-20 21:29:24.551  2039  2039 I auditd  : type=1400 audit(0.0:11): avc: denied { getattr } for comm="bootstat" path="/vendor" dev="rootfs" ino=4008 scontext=u:r:bootstat:s0 tcontext=u:object_r:rootfs:s0 tclass=lnk_file permissive=0
02-20 21:29:24.551  2039  2039 W bootstat: type=1400 audit(0.0:11): avc: denied { getattr } for path="/vendor" dev="rootfs" ino=4008 scontext=u:r:bootstat:s0 tcontext=u:object_r:rootfs:s0 tclass=lnk_file permissive=0
02-20 21:29:24.575     0     0 I init    : Service 'exec 6 (/system/bin/bootstat)' (pid 2039) exited with status 0
02-20 21:29:24.582     0     0 I init    : Starting service 'exec 7 (/system/bin/bootstat)'...
02-20 21:29:24.591  2043  2043 I auditd  : type=1400 audit(0.0:12): avc: denied { getattr } for comm="bootstat" path="/vendor" dev="rootfs" ino=4008 scontext=u:r:bootstat:s0 tcontext=u:object_r:rootfs:s0 tclass=lnk_file permissive=0
02-20 21:29:24.591  2043  2043 W bootstat: type=1400 audit(0.0:12): avc: denied { getattr } for path="/vendor" dev="rootfs" ino=4008 scontext=u:r:bootstat:s0 tcontext=u:object_r:rootfs:s0 tclass=lnk_file permissive=0
02-20 21:29:24.569  1920  1920 W TelecomManager: Telecom Service not found.
02-20 21:29:24.571  1920  1920 D RILJ    : [3655]> RIL_REQUEST_SET_TTY_MODE : 0 [SUB0]
02-20 21:29:24.573  2039  2039 I bootstat: Service started: /system/bin/bootstat --record_boot_complete 
02-20 21:29:24.574  2039  2039 I bootstat: Logging histogram: bootstat_mtime_matches_content 1
02-20 21:29:24.574  2039  2039 I sysui_histogram: [bootstat_mtime_matches_content,1]
02-20 21:29:24.574  2039  2039 I bootstat: Logging histogram: bootstat_mtime_matches_content 1
02-20 21:29:24.574  2039  2039 I sysui_histogram: [bootstat_mtime_matches_content,1]
02-20 21:29:24.574  2039  2039 I bootstat: Logging histogram: bootstat_mtime_matches_content 1
02-20 21:29:24.574  2039  2039 I sysui_histogram: [bootstat_mtime_matches_content,1]
02-20 21:29:24.583  1920  1949 D SubscriptionController: [getPhoneId]- no sims, returning default phoneId=2147483647
02-20 21:29:24.599     0     0 I init    : Service 'exec 7 (/system/bin/bootstat)' (pid 2043) exited with status 0
02-20 21:29:24.585  1314  1314 I sf_frame_dur: [BootAnimation,0,10,194,8,0,0,0]
02-20 21:29:24.596  2043  2043 I bootstat: Service started: /system/bin/bootstat --record_boot_reason 
02-20 21:29:24.596  2043  2043 I bootstat: Unknown boot reason: 
02-20 21:29:24.602  1376  1463 D RIL     : onRequest: SET_TTY_MODE
02-20 21:29:24.602  1920  2004 D RilRequest: [3655]< RIL_REQUEST_SET_TTY_MODE error: com.android.internal.telephony.CommandException: RADIO_NOT_AVAILABLE ret=
02-20 21:29:24.602  1920  1920 I Telephony: TtyManager: updateUiTtyMode -1 -> 0
02-20 21:29:24.601     0     0 I init    : Starting service 'exec 8 (/system/bin/bootstat)'...
02-20 21:29:24.591  2044  2044 I auditd  : type=1400 audit(0.0:13): avc: denied { getattr } for comm="bootstat" path="/vendor" dev="rootfs" ino=4008 scontext=u:r:bootstat:s0 tcontext=u:object_r:rootfs:s0 tclass=lnk_file permissive=0
02-20 21:29:24.591  2044  2044 W bootstat: type=1400 audit(0.0:13): avc: denied { getattr } for path="/vendor" dev="rootfs" ino=4008 scontext=u:r:bootstat:s0 tcontext=u:object_r:rootfs:s0 tclass=lnk_file permissive=0
02-20 21:29:24.606  1667  1854 D TelephonyRegistry: listen oscl: hasNotifySubscriptionInfoChangedOccurred==false no callback
02-20 21:29:24.607  1920  1920 D SubscriptionController: [getPhoneId] asked for default subId=-1
02-20 21:29:24.608  1920  1920 D UiccController: Received EVENT_ICC_STATUS_CHANGED, calling getIccCardStatus
02-20 21:29:24.608  1920  1920 D RILJ    : [3656]> GET_SIM_STATUS [SUB0]
02-20 21:29:24.608  1376  1463 D RIL     : onRequest: GET_SIM_STATUS
02-20 21:29:24.608  1376  1463 D RIL     : getSIMStatus(). sState: 0
02-20 21:29:24.608  1920  1920 D Phone   : config LCE service failed: com.android.internal.telephony.CommandException: RADIO_NOT_AVAILABLE
02-20 21:29:24.608  1920  1920 D GsmSMSDispatcher: GsmSMSDispatcher: subId = -2 slotId = 0
02-20 21:29:24.608  1920  1920 E IccCardProxy: setExternalState: !override and newstate unchanged from NOT_READY
02-20 21:29:24.609  1920  1920 D RILJ    : [3657]> BASEBAND_VERSION [SUB0]
02-20 21:29:24.609  1920  2004 D RILJ    : [3656]< GET_SIM_STATUS IccCardState {CARDSTATE_PRESENT,PINSTATE_UNKNOWN,num_apps=2,gsm_id=0{APPTYPE_SIM,APPSTATE_DETECTED},cdma_id=1{APPTYPE_RUIM,APPSTATE_DETECTED},ims_id=8} [SUB0]
02-20 21:29:24.609  1920  1920 D RILJ    : [3658]> GET_IMEI [SUB0]
02-20 21:29:24.609  1376  1463 D RIL     : onRequest: BASEBAND_VERSION
02-20 21:29:24.609  1920  2004 D RilRequest: [3657]< BASEBAND_VERSION error: com.android.internal.telephony.CommandException: RADIO_NOT_AVAILABLE ret=
02-20 21:29:24.609  1920  1920 D RILJ    : [3659]> GET_IMEISV [SUB0]
02-20 21:29:24.609  1376  1463 D RIL     : onRequest: GET_IMEI
02-20 21:29:24.609  1376  1463 D AT      : AT> AT+CGSN
02-20 21:29:24.609  1376  1467 D AT      : AT< 000000000000000
02-20 21:29:24.609  1376  1467 D AT      : AT< OK
02-20 21:29:24.609  1920  2004 D RILJ    : [3658]< GET_IMEI  [SUB0]
02-20 21:29:24.610  1920  1920 D RILJ    : [3660]> RIL_REQUEST_GET_RADIO_CAPABILITY [SUB0]
02-20 21:29:24.610  1376  1463 D RIL     : onRequest: GET_IMEISV
02-20 21:29:24.610  1920  2004 D RilRequest: [3659]< GET_IMEISV error: com.android.internal.telephony.CommandException: RADIO_NOT_AVAILABLE ret=
02-20 21:29:24.610  1920  1920 D RILJ    : [3661]> RIL_REQUEST_START_LCE [SUB0]
02-20 21:29:24.610  1376  1463 D RIL     : onRequest: RIL_REQUEST_GET_RADIO_CAPABILITY
02-20 21:29:24.610  1920  1920 D GsmCdmaPhone: [GsmCdmaPhone] Event EVENT_RADIO_OFF_OR_NOT_AVAILABLE Received
02-20 21:29:24.610  1920  2004 D RilRequest: [3660]< RIL_REQUEST_GET_RADIO_CAPABILITY error: com.android.internal.telephony.CommandException: RADIO_NOT_AVAILABLE ret=
02-20 21:29:24.610  1376  1463 D RIL     : onRequest: <unknown request>
02-20 21:29:24.610  1920  1920 E IccCardProxy: setExternalState: !override and newstate unchanged from NOT_READY
02-20 21:29:24.610  1920  1920 D SST     : mDeviceShuttingDown=false, mDesiredPowerState=true, getRadioState=RADIO_OFF, mPowerOffDelayNeed=true, mAlarmSwitch=false, mRadioDisabledByCarrier=false
02-20 21:29:24.610  1920  1920 D RILJ    : [3662]> RADIO_POWER on [SUB0]
02-20 21:29:24.610  1920  2004 D RilRequest: [3661]< RIL_REQUEST_START_LCE error: com.android.internal.telephony.CommandException: RADIO_NOT_AVAILABLE ret=
02-20 21:29:24.610  1376  1463 D RIL     : onRequest: RADIO_POWER
02-20 21:29:24.610  1376  1463 D AT      : AT> AT+CFUN=1
02-20 21:29:24.611  1920  1920 D RILJ    : [3663]> OPERATOR [SUB0]
02-20 21:29:24.611  1376  1467 D AT      : AT< OK
02-20 21:29:24.611  1376  1463 D RIL     : setRadioState(10)
02-20 21:29:24.611  1920  1920 D RILJ    : [3664]> DATA_REGISTRATION_STATE [SUB0]
02-20 21:29:24.611  1376  1463 D RIL     : onRequest: OPERATOR
02-20 21:29:24.611  1376  1463 D AT      : AT> AT+COPS=3,0;+COPS?;+COPS=3,1;+COPS?;+COPS=3,2;+COPS?
02-20 21:29:24.611  1920  2004 D RILJ    : [UNSL]< UNSOL_RESPONSE_RADIO_STATE_CHANGED RADIO_ON [SUB0]
02-20 21:29:24.611  1920  2004 D RILJ    : [UNSL]< UNSOL_RESPONSE_SIM_STATUS_CHANGED [SUB0]
02-20 21:29:24.611  1920  2004 D RILJ    : [3662]< RADIO_POWER  [SUB0]
02-20 21:29:24.611  1376  1467 D AT      : AT< +COPS: 0,0,"Android"
02-20 21:29:24.611  1376  1467 D AT      : AT< +COPS: 0,1,"Android"
02-20 21:29:24.611  1376  1467 D AT      : AT< +COPS: 0,2,"310260"
02-20 21:29:24.611  1376  1467 D AT      : AT< OK
02-20 21:29:24.611  1376  1463 D RIL     : onRequest: DATA_REGISTRATION_STATE
02-20 21:29:24.611  1376  1463 D RIL     : requestRegistrationState
02-20 21:29:24.611  1376  1463 D AT      : AT> AT+CGREG?
02-20 21:29:24.611  1920  1920 D RILJ    : [3665]> VOICE_REGISTRATION_STATE [SUB0]
02-20 21:29:24.612  1376  1467 D AT      : AT< +CGREG: 1,1,"0003","005b","000e"
02-20 21:29:24.612  1376  1467 D AT      : AT< OK
02-20 21:29:24.612  1376  1463 D RIL     : parseRegistrationState. Parsing: +CGREG: 1,1,"0003","005b","000e"
02-20 21:29:24.612  1376  1463 D RIL     : registration state type: 3GPP
02-20 21:29:24.612  1920  1920 D RILJ    : [3666]> QUERY_NETWORK_SELECTION_MODE [SUB0]
02-20 21:29:24.612  1920  2004 D RILJ    : [3663]< OPERATOR {Android, Android, 310260} [SUB0]
02-20 21:29:24.612  1376  1463 D RIL     : onRequest: VOICE_REGISTRATION_STATE
02-20 21:29:24.612  1376  1463 D RIL     : requestRegistrationState
02-20 21:29:24.612  1376  1463 D AT      : AT> AT+CREG?
02-20 21:29:24.612  1920  2004 D RILJ    : [3664]< DATA_REGISTRATION_STATE {1, 3, 5b, 14, null, null} [SUB0]
02-20 21:29:24.612  1376  1467 D AT      : AT< +CREG: 2,1, "0003", "005b"
02-20 21:29:24.612  1376  1467 D AT      : AT< OK
02-20 21:29:24.612  1376  1463 D RIL     : parseRegistrationState. Parsing: +CREG: 2,1, "0003", "005b"
02-20 21:29:24.612  1376  1463 D RIL     : registration state type: 3GPP
02-20 21:29:24.612  1376  1463 D RIL     : onRequest: QUERY_NETWORK_SELECTION_MODE
02-20 21:29:24.612  1376  1463 D AT      : AT> AT+COPS?
02-20 21:29:24.612  1376  1467 D AT      : AT< +COPS: 0,2,310260
02-20 21:29:24.612  1376  1467 D AT      : AT< OK
02-20 21:29:24.612  1920  1920 D SST     : NITZ: 18/02/20:21:29:18+0:0:Unknown!Unknown,3874 start=11612 delay=7738
02-20 21:29:24.612  1920  2004 D RILJ    : [3665]< VOICE_REGISTRATION_STATE {1, 3, 5b, 0, null, null, null, null, null, null, null, null, null, null, null} [SUB0]
02-20 21:29:24.612  1920  2004 D RILJ    : [3666]< QUERY_NETWORK_SELECTION_MODE {0} [SUB0]
02-20 21:29:24.613  1920  1920 D SST     : NITZ: tzOffset=0 dst=0 zone=GMT iso= mGotCountryCode=false mNeedFixZoneAfterNitz=false
02-20 21:29:24.613  1920  1920 D SST     : setAndBroadcastNetworkSetTimeZone: setTimeZone=GMT
02-20 21:29:24.613  1667  1854 D AlarmManagerService: Kernel timezone updated to 0 minutes west of GMT
02-20 21:29:24.613  1920  1920 D SST     : setAndBroadcastNetworkSetTimeZone: call alarm.setTimeZone and broadcast zoneId=GMT
02-20 21:29:24.615  2044  2044 I bootstat: Service started: /system/bin/bootstat --record_time_since_factory_reset 
02-20 21:29:24.615  2044  2044 I bootstat: Logging histogram: factory_reset_current_time 1519162164
02-20 21:29:24.616  2044  2044 I sysui_histogram: [factory_reset_current_time,1519162164]
02-20 21:29:24.617  1920  1920 D SST     : NITZ: Setting time of day to Tue Feb 20 21:29:25 GMT+00:00 2018 NITZ receive delay(ms): 7742 gained(ms): 1125 from 18/02/20:21:29:18+0:0:Unknown!Unknown
02-20 21:29:24.617  1920  1920 D SST     : setAndBroadcastNetworkSetTime: time=1519162165742ms
02-20 21:29:24.617  1667  1690 D AlarmManagerService: Setting time of day to sec=1519162165
02-20 21:29:25.742  1667  1690 W AlarmManagerService: Unable to set rtc to 1519162165: No such device
02-20 21:29:25.745  2044  2044 I bootstat: Logging histogram: bootstat_mtime_matches_content 1
02-20 21:29:25.745  2044  2044 I sysui_histogram: [bootstat_mtime_matches_content,1]
02-20 21:29:25.745  2044  2044 I bootstat: Logging histogram: factory_reset_record_value 1519154248
02-20 21:29:25.745  2044  2044 I sysui_histogram: [factory_reset_record_value,1519154248]
02-20 21:29:25.747  1920  1920 I SST     : NITZ: after Setting time of day
02-20 21:29:25.748  1920  1920 D SST     : NITZ: end=11624 dur=12
02-20 21:29:25.749  1920  1920 D SST     : mDeviceShuttingDown=false, mDesiredPowerState=true, getRadioState=RADIO_ON, mPowerOffDelayNeed=true, mAlarmSwitch=false, mRadioDisabledByCarrier=false
02-20 21:29:25.749  1920  1920 D RILJ    : [3667]> OPERATOR [SUB0]
02-20 21:29:25.749  1920  1920 D RILJ    : [3668]> DATA_REGISTRATION_STATE [SUB0]
02-20 21:29:25.750  1376  1463 D RIL     : onRequest: OPERATOR
02-20 21:29:25.750  1376  1463 D AT      : AT> AT+COPS=3,0;+COPS?;+COPS=3,1;+COPS?;+COPS=3,2;+COPS?
02-20 21:29:25.750  1920  1920 D RILJ    : [3669]> VOICE_REGISTRATION_STATE [SUB0]
02-20 21:29:25.750  1376  1467 D AT      : AT< +COPS: 0,0,"Android"
02-20 21:29:25.750  1376  1467 D AT      : AT< +COPS: 0,1,"Android"
02-20 21:29:25.750  1376  1467 D AT      : AT< +COPS: 0,2,"310260"
02-20 21:29:25.750  1376  1467 D AT      : AT< OK
02-20 21:29:25.750  1376  1463 D RIL     : onRequest: DATA_REGISTRATION_STATE
02-20 21:29:25.750  1376  1463 D RIL     : requestRegistrationState
02-20 21:29:25.750  1920  1920 D RILJ    : [3670]> QUERY_NETWORK_SELECTION_MODE [SUB0]
02-20 21:29:25.750  1376  1463 D AT      : AT> AT+CGREG?
02-20 21:29:25.750  1920  2004 D RILJ    : [3667]< OPERATOR {Android, Android, 310260} [SUB0]
02-20 21:29:25.750  1920  1920 D SST     : onSignalStrengthResult() Exception from RIL : com.android.internal.telephony.CommandException: RADIO_NOT_AVAILABLE
02-20 21:29:25.750  1376  1467 D AT      : AT< +CGREG: 1,1,"0003","005b","000e"
02-20 21:29:25.750  1376  1467 D AT      : AT< OK
02-20 21:29:25.750  1376  1463 D RIL     : parseRegistrationState. Parsing: +CGREG: 1,1,"0003","005b","000e"
02-20 21:29:25.750  1376  1463 D RIL     : registration state type: 3GPP
02-20 21:29:25.750  1376  1463 D RIL     : onRequest: VOICE_REGISTRATION_STATE
02-20 21:29:25.750  1376  1463 D RIL     : requestRegistrationState
02-20 21:29:25.750  1376  1463 D AT      : AT> AT+CREG?
02-20 21:29:25.750  1920  2004 D RILJ    : [3668]< DATA_REGISTRATION_STATE {1, 3, 5b, 14, null, null} [SUB0]
02-20 21:29:25.750  1376  1467 D AT      : AT< +CREG: 2,1, "0003", "005b"
02-20 21:29:25.750  1376  1467 D AT      : AT< OK
02-20 21:29:25.750  1376  1463 D RIL     : parseRegistrationState. Parsing: +CREG: 2,1, "0003", "005b"
02-20 21:29:25.750  1376  1463 D RIL     : registration state type: 3GPP
02-20 21:29:25.750  1376  1463 D RIL     : onRequest: QUERY_NETWORK_SELECTION_MODE
02-20 21:29:25.750  1376  1463 D AT      : AT> AT+COPS?
02-20 21:29:25.750  1376  1467 D AT      : AT< +COPS: 0,2,310260
02-20 21:29:25.750  1376  1467 D AT      : AT< OK
02-20 21:29:25.750  1920  2004 D RILJ    : [3669]< VOICE_REGISTRATION_STATE {1, 3, 5b, 0, null, null, null, null, null, null, null, null, null, null, null} [SUB0]
02-20 21:29:25.750  1920  1920 D DCT     : [0]NETWORK_STATE_CHANGED_ACTION: mIsWifiConnected=false
02-20 21:29:25.750  1920  1920 D DCT     : [0]Wifi state changed
02-20 21:29:25.750  1920  2004 D RILJ    : [3670]< QUERY_NETWORK_SELECTION_MODE {0} [SUB0]
02-20 21:29:25.750  1920  1920 D DCT     : [0]WIFI_STATE_CHANGED_ACTION: enabled=true mIsWifiConnected=false
02-20 21:29:25.750  1920  1920 D DCT     : [0]onRadioAvailable
02-20 21:29:25.751  1920  1920 D DCT     : [0]onRadioOffOrNotAvailable: is off and clean up all connections
02-20 21:29:25.751  1920  1920 D DCT     : [0]cleanUpAllConnections: tearDown=false reason=radioTurnedOff
02-20 21:29:25.751  1920  1920 D GsmCdmaPhone: [GsmCdmaPhone] getDataConnectionState apnType=default ret=DISCONNECTED
02-20 21:29:25.752  1920  1920 D DCT     : [0]cleanUpConnection: X tearDown=false reason=radioTurnedOff apnContext={mApnType=default mState=IDLE mWaitingApns={null} mApnSetting={null} mReason=radioTurnedOff mDataEnabled=false mDependencyMet=true} dcac=null
02-20 21:29:25.752  1920  1920 D GsmCdmaPhone: [GsmCdmaPhone] getDataConnectionState apnType=mms ret=DISCONNECTED
02-20 21:29:25.752  1920  1920 D DCT     : [0]cleanUpConnection: X tearDown=false reason=radioTurnedOff apnContext={mApnType=mms mState=IDLE mWaitingApns={null} mApnSetting={null} mReason=radioTurnedOff mDataEnabled=false mDependencyMet=true} dcac=null
02-20 21:29:25.752  1920  1920 D GsmCdmaPhone: [GsmCdmaPhone] getDataConnectionState apnType=cbs ret=DISCONNECTED
02-20 21:29:24.621     0     0 I init    : Service 'exec 8 (/system/bin/bootstat)' (pid 2044) exited with status 0
02-20 21:29:24.623     0     0 I init    : Starting service 'exec 9 (/system/bin/bootstat)'...
02-20 21:29:25.753  1920  1920 D DCT     : [0]cleanUpConnection: X tearDown=false reason=radioTurnedOff apnContext={mApnType=cbs mState=IDLE mWaitingApns={null} mApnSetting={null} mReason=radioTurnedOff mDataEnabled=false mDependencyMet=true} dcac=null
02-20 21:29:25.753  1920  1920 D GsmCdmaPhone: [GsmCdmaPhone] getDataConnectionState apnType=fota ret=DISCONNECTED
02-20 21:29:25.753  1920  1920 D DCT     : [0]cleanUpConnection: X tearDown=false reason=radioTurnedOff apnContext={mApnType=fota mState=IDLE mWaitingApns={null} mApnSetting={null} mReason=radioTurnedOff mDataEnabled=false mDependencyMet=true} dcac=null
02-20 21:29:25.753  1920  1920 D GsmCdmaPhone: [GsmCdmaPhone] getDataConnectionState apnType=supl ret=DISCONNECTED
02-20 21:29:25.754  1920  1920 D DCT     : [0]cleanUpConnection: X tearDown=false reason=radioTurnedOff apnContext={mApnType=supl mState=IDLE mWaitingApns={null} mApnSetting={null} mReason=radioTurnedOff mDataEnabled=false mDependencyMet=true} dcac=null
02-20 21:29:25.754  1920  1920 D GsmCdmaPhone: [GsmCdmaPhone] getDataConnectionState apnType=ia ret=DISCONNECTED
02-20 21:29:25.755  1920  1920 D DCT     : [0]cleanUpConnection: X tearDown=false reason=radioTurnedOff apnContext={mApnType=ia mState=IDLE mWaitingApns={null} mApnSetting={null} mReason=radioTurnedOff mDataEnabled=false mDependencyMet=true} dcac=null
02-20 21:29:25.755  1920  1920 D GsmCdmaPhone: [GsmCdmaPhone] getDataConnectionState apnType=emergency ret=DISCONNECTED
02-20 21:29:24.634     0     0 I init    : Service 'exec 9 (/system/bin/bootstat)' (pid 2045) exited with status 0
02-20 21:29:25.742  2045  2045 I auditd  : type=1400 audit(0.0:14): avc: denied { getattr } for comm="bootstat" path="/vendor" dev="rootfs" ino=4008 scontext=u:r:bootstat:s0 tcontext=u:object_r:rootfs:s0 tclass=lnk_file permissive=0
02-20 21:29:25.742  2045  2045 W bootstat: type=1400 audit(0.0:14): avc: denied { getattr } for path="/vendor" dev="rootfs" ino=4008 scontext=u:r:bootstat:s0 tcontext=u:object_r:rootfs:s0 tclass=lnk_file permissive=0
02-20 21:29:25.755  1920  1920 D DCT     : [0]cleanUpConnection: X tearDown=false reason=radioTurnedOff apnContext={mApnType=emergency mState=IDLE mWaitingApns={null} mApnSetting={null} mReason=radioTurnedOff mDataEnabled=false mDependencyMet=true} dcac=null
02-20 21:29:25.755  1920  1920 D GsmCdmaPhone: [GsmCdmaPhone] getDataConnectionState apnType=hipri ret=DISCONNECTED
02-20 21:29:25.757  1920  1920 D DCT     : [0]cleanUpConnection: X tearDown=false reason=radioTurnedOff apnContext={mApnType=hipri mState=IDLE mWaitingApns={null} mApnSetting={null} mReason=radioTurnedOff mDataEnabled=false mDependencyMet=true} dcac=null
02-20 21:29:25.757  1920  1920 D GsmCdmaPhone: [GsmCdmaPhone] getDataConnectionState apnType=ims ret=DISCONNECTED
02-20 21:29:25.757  2045  2045 I bootstat: Service started: /system/bin/bootstat -l 
02-20 21:29:25.757  2045  2045 I bootstat: Logging histogram: bootstat_mtime_matches_content 1
02-20 21:29:25.757  2045  2045 I sysui_histogram: [bootstat_mtime_matches_content,1]
02-20 21:29:25.757  2045  2045 I bootstat: Logging histogram: bootstat_mtime_matches_content 1
02-20 21:29:25.757  2045  2045 I sysui_histogram: [bootstat_mtime_matches_content,1]
02-20 21:29:25.757  2045  2045 I bootstat: Logging histogram: bootstat_mtime_matches_content 1
02-20 21:29:25.757  2045  2045 I sysui_histogram: [bootstat_mtime_matches_content,1]
02-20 21:29:25.757  2045  2045 I bootstat: Logging histogram: bootstat_mtime_matches_content 1
02-20 21:29:25.757  2045  2045 I sysui_histogram: [bootstat_mtime_matches_content,1]
02-20 21:29:25.757  1920  1920 D DCT     : [0]cleanUpConnection: X tearDown=false reason=radioTurnedOff apnContext={mApnType=ims mState=IDLE mWaitingApns={null} mApnSetting={null} mReason=radioTurnedOff mDataEnabled=false mDependencyMet=true} dcac=null
02-20 21:29:25.757  1920  1920 D DCT     : [0]stopNetStatPoll
02-20 21:29:25.757  1920  1920 D DCT     : [0]cleanUpConnection: mDisconnectPendingCount = 0
02-20 21:29:25.757  2045  2045 I bootstat: Logging histogram: bootstat_mtime_matches_content 1
02-20 21:29:25.757  2045  2045 I sysui_histogram: [bootstat_mtime_matches_content,1]
02-20 21:29:25.758  1920  1920 D DCT     : [0]isDataAllowed: No - Not attached - SIM not loaded
02-20 21:29:25.758  2045  2045 I bootstat: Logging histogram: bootstat_mtime_matches_content 1
02-20 21:29:25.758  2045  2045 I sysui_histogram: [bootstat_mtime_matches_content,1]
02-20 21:29:25.758  2045  2045 I bootstat: Logging histogram: bootstat_mtime_matches_content 1
02-20 21:29:25.758  2045  2045 I sysui_histogram: [bootstat_mtime_matches_content,1]
02-20 21:29:25.758  2045  2045 I bootstat: Logging histogram: bootstat_mtime_matches_content 1
02-20 21:29:25.758  2045  2045 I sysui_histogram: [bootstat_mtime_matches_content,1]
02-20 21:29:25.758  2045  2045 I bootstat: Logging histogram: bootstat_mtime_matches_content 1
02-20 21:29:25.758  2045  2045 I sysui_histogram: [bootstat_mtime_matches_content,1]
02-20 21:29:25.758  2045  2045 I bootstat: Logging histogram: bootstat_mtime_matches_content 1
02-20 21:29:25.758  2045  2045 I sysui_histogram: [bootstat_mtime_matches_content,1]
02-20 21:29:25.758  2045  2045 I bootstat: Logging histogram: bootstat_mtime_matches_content 1
02-20 21:29:25.758  2045  2045 I sysui_histogram: [bootstat_mtime_matches_content,1]
02-20 21:29:25.758  2045  2045 I bootstat: Logging histogram: bootstat_mtime_matches_content 1
02-20 21:29:25.758  2045  2045 I sysui_histogram: [bootstat_mtime_matches_content,1]
02-20 21:29:25.758  2045  2045 I bootstat: Logging histogram: bootstat_mtime_matches_content 1
02-20 21:29:25.758  2045  2045 I sysui_histogram: [bootstat_mtime_matches_content,1]
02-20 21:29:25.758  2045  2045 I bootstat: Logging histogram: bootstat_mtime_matches_content 1
02-20 21:29:25.758  2045  2045 I sysui_histogram: [bootstat_mtime_matches_content,1]
02-20 21:29:25.758  2045  2045 I bootstat: Logging histogram: post_decrypt_time_elapsed 2
02-20 21:29:25.758  2045  2045 I sysui_histogram: [post_decrypt_time_elapsed,2]
02-20 21:29:25.758  2045  2045 I bootstat: Logging histogram: last_boot_time_utc 1519162164
02-20 21:29:25.758  2045  2045 I sysui_histogram: [last_boot_time_utc,1519162164]
02-20 21:29:25.758  2045  2045 I bootstat: Logging histogram: build_date 1513095943
02-20 21:29:25.758  2045  2045 I sysui_histogram: [build_date,1513095943]
02-20 21:29:25.758  2045  2045 I bootstat: Logging histogram: boot_decryption_complete 11
02-20 21:29:25.758  2045  2045 I sysui_histogram: [boot_decryption_complete,11]
02-20 21:29:25.758  2045  2045 I bootstat: Logging histogram: ota_boot_complete_post_decrypt 7
02-20 21:29:25.758  2045  2045 I sysui_histogram: [ota_boot_complete_post_decrypt,7]
02-20 21:29:25.758  2045  2045 I bootstat: Logging histogram: ota_boot_complete 9
02-20 21:29:25.758  2045  2045 I sysui_histogram: [ota_boot_complete,9]
02-20 21:29:25.758  2045  2045 I bootstat: Logging histogram: boot_reason 1
02-20 21:29:25.758  2045  2045 I sysui_histogram: [boot_reason,1]
02-20 21:29:25.758  2045  2045 I bootstat: Logging histogram: factory_reset_current_time 1519162164
02-20 21:29:25.758  2045  2045 I sysui_histogram: [factory_reset_current_time,1519162164]
02-20 21:29:25.758  2045  2045 I bootstat: Logging histogram: factory_reset 1519154248
02-20 21:29:25.758  2045  2045 I sysui_histogram: [factory_reset,1519154248]
02-20 21:29:25.758  2045  2045 I bootstat: Logging histogram: time_since_last_boot 71
02-20 21:29:25.758  2045  2045 I sysui_histogram: [time_since_last_boot,71]
02-20 21:29:25.758  2045  2045 I bootstat: Logging histogram: boot_complete_post_decrypt 9
02-20 21:29:25.758  2045  2045 I sysui_histogram: [boot_complete_post_decrypt,9]
02-20 21:29:25.758  2045  2045 I bootstat: Logging histogram: boot_complete 11
02-20 21:29:25.758  2045  2045 I sysui_histogram: [boot_complete,11]
02-20 21:29:25.758  2045  2045 I bootstat: Logging histogram: factory_reset_record_value 1519154248
02-20 21:29:25.758  2045  2045 I sysui_histogram: [factory_reset_record_value,1519154248]
02-20 21:29:25.758  2045  2045 I bootstat: Logging histogram: time_since_factory_reset 7916
02-20 21:29:25.758  2045  2045 I sysui_histogram: [time_since_factory_reset,7916]
02-20 21:29:25.763  1920  1920 D DCT     : [0]onDataConnectionDetached: stop polling and notify detached
02-20 21:29:25.763  1920  1920 D DCT     : [0]stopNetStatPoll
02-20 21:29:25.763  1920  1920 D DCT     : [0]notifyDataConnection: reason=dataDetached
02-20 21:29:25.763  1920  1920 D DCT     : [0]isDataAllowed: No - Not attached - SIM not loaded
02-20 21:29:25.766  1920  1920 D DCT     : [0]onRoamingOff
02-20 21:29:25.766  1920  1920 D DCT     : [0]isDataAllowed: No - Not attached - SIM not loaded
02-20 21:29:25.770  1920  1920 D DCT     : [0]setupDataOnConnectableApns: roamingOff hipri:[state=IDLE,enabled=false] mms:[state=IDLE,enabled=false] supl:[state=IDLE,enabled=false] ia:[state=IDLE,enabled=false] fota:[state=IDLE,enabled=false] ims:[state=IDLE,enabled=false] cbs:[state=IDLE,enabled=false] default:[state=IDLE,enabled=false] emergency:[state=IDLE,enabled=false] 
02-20 21:29:25.770  1920  1920 D DCT     : [0]setupDataOnConnectableApns: nwTypeChanged hipri:[state=IDLE,enabled=false] mms:[state=IDLE,enabled=false] supl:[state=IDLE,enabled=false] ia:[state=IDLE,enabled=false] fota:[state=IDLE,enabled=false] ims:[state=IDLE,enabled=false] cbs:[state=IDLE,enabled=false] default:[state=IDLE,enabled=false] emergency:[state=IDLE,enabled=false] 
02-20 21:29:25.770  1920  1920 D SubscriptionInfoUpdater: [Receiver]+
02-20 21:29:25.770  1920  1920 D SubscriptionInfoUpdater: Action: android.intent.action.SIM_STATE_CHANGED
02-20 21:29:25.770  1920  1920 D SubscriptionInfoUpdater: slotId: 0
02-20 21:29:25.770  1920  1920 D SubscriptionInfoUpdater: simStatus: NOT_READY
02-20 21:29:25.770  1920  1920 D SubscriptionInfoUpdater: Ignoring simStatus: NOT_READY
02-20 21:29:25.770  1920  1920 D SubscriptionInfoUpdater: [Receiver]-
02-20 21:29:25.770  1920  1920 D PhoneSwitcherNetworkRequstListener: got request NetworkRequest [ REQUEST id=1, [ Capabilities: INTERNET&NOT_RESTRICTED&TRUSTED&NOT_VPN] ] with score 0
02-20 21:29:25.770  1920  1920 D TelephonyNetworkFactory[0]: onSubIdChange -1->-2
02-20 21:29:25.770  1920  1920 D TelephonyNetworkFactory[0]: got request NetworkRequest [ REQUEST id=1, [ Capabilities: INTERNET&NOT_RESTRICTED&TRUSTED&NOT_VPN] ] with score 0
02-20 21:29:25.771  1920  1920 D DebugService: DebugService DebugService:
02-20 21:29:25.771  1920  1920 D TelephonyDebugService: TelephonyDebugService()
02-20 21:29:25.772  1920  1920 D CarrierConfigLoader: mHandler: 12 phoneId: 0
02-20 21:29:25.772  1920  1920 D RILJ    : [3671]> RIL_REQUEST_QUERY_TTY_MODE [SUB0]
02-20 21:29:25.772  1920  1920 D UiccController: Received EVENT_GET_ICC_STATUS_DONE
02-20 21:29:25.772  1920  1920 D UiccCard: 2 applications
02-20 21:29:25.772  1920  1920 D UiccCardApplication: Creating UiccApp: {APPTYPE_SIM,APPSTATE_DETECTED}
02-20 21:29:25.773  1376  1463 D RIL     : onRequest: QUERY_TTY_MODE
02-20 21:29:25.773  1376  1463 D RIL     : Request not supported. Tech: 1
02-20 21:29:25.773  1920  2004 D RilRequest: [3671]< RIL_REQUEST_QUERY_TTY_MODE error: com.android.internal.telephony.CommandException: REQUEST_NOT_SUPPORTED ret=
02-20 21:29:25.774  1920  1920 W VoiceMailConstants: Can't open /system/etc/voicemail-conf.xml
02-20 21:29:25.775  1920  1920 D SpnOverride: No SPN in OEM image = /oem/telephony/spn-conf.xml Load SPN from system image
02-20 21:29:25.776  1920  1920 W SpnOverride: Can not open /system/etc/spn-conf.xml
02-20 21:29:25.776  1920  1920 D SIMRecords: [SIMRecords] setting0 mMncLength-1
02-20 21:29:25.776  1920  1920 D SIMRecords: [SIMRecords] SIMRecords: onRadioOffOrNotAvailable set 'gsm.sim.operator.numeric' to operator=null
02-20 21:29:25.776  1920  1920 D SIMRecords: [SIMRecords] update icc_operator_numeric=null
02-20 21:29:25.776  1920  1920 D TelephonyManager: setTelephonyProperty: success phoneId=0 property=gsm.sim.operator.numeric value:  propVal=
02-20 21:29:25.776  1920  1920 D TelephonyManager: setTelephonyProperty: success phoneId=0 property=gsm.sim.operator.alpha value:  propVal=
02-20 21:29:25.776  1920  1920 D TelephonyManager: setTelephonyProperty: success phoneId=0 property=gsm.sim.operator.iso-country value:  propVal=
02-20 21:29:25.776  1920  1920 D SIMRecords: [SIMRecords] getOperatorNumeric: IMSI == null
02-20 21:29:25.776  1920  1920 D SIMRecords: [SIMRecords] SIMRecords X ctor this=SimRecords: mDestroyed=false mContext=com.android.phone.PhoneGlobals@b354964 mCi=com.android.internal.telephony.RIL@5040196 mFh=Handler (com.android.internal.telephony.uicc.SIMFileHandler) {964e7cd} mParentApp=com.android.internal.telephony.uicc.UiccCardApplication@4255882 recordsLoadedRegistrants=android.os.RegistrantList@b6a7b93 mImsiReadyRegistrants=android.os.RegistrantList@4af97d0 mRecordsEventsRegistrants=android.os.RegistrantList@9e533c9 mNewSmsRegistrants=android.os.RegistrantList@2d47ace mNetworkSelectionModeAutomaticRegistrants=android.os.RegistrantList@b373def recordsToLoad=0 adnCache=Handler (com.android.internal.telephony.uicc.AdnRecordCache) {13e60fc} recordsRequested=false iccid=null msisdnTag=null voiceMailNum=null voiceMailTag=null voiceMailNum=null newVoiceMailTag=null isVoiceMailFixed=false mImsi=null mncLength=-1 mailboxIndex=0 spn=null mVmConfigcom.android.internal.telephony.uicc.VoiceMailConstants@8044385 mSpnOverride=mSpnOverride callForwardingEnabled=0 spnState=null mCphsInfo=null mCspPlmnEnabled=true efMWIS=null efCPHS_MWI=null mEfCff=null mEfCfis=null getOperatorNumeric=null
02-20 21:29:25.777  1920  1920 D UiccCardApplication: Creating UiccApp: {APPTYPE_RUIM,APPSTATE_DETECTED}
02-20 21:29:25.777  1920  1920 D RuimRecords: [RuimRecords] setting0 mMncLength-1
02-20 21:29:25.778  1920  1920 D RuimRecords: [RuimRecords] RuimRecords X ctor this=RuimRecords: mDestroyed=false mContext=com.android.phone.PhoneGlobals@b354964 mCi=com.android.internal.telephony.RIL@5040196 mFh=Handler (com.android.internal.telephony.uicc.RuimFileHandler) {263ca0b} mParentApp=com.android.internal.telephony.uicc.UiccCardApplication@b8e90e8 recordsLoadedRegistrants=android.os.RegistrantList@74a9301 mImsiReadyRegistrants=android.os.RegistrantList@75115a6 mRecordsEventsRegistrants=android.os.RegistrantList@682fbe7 mNewSmsRegistrants=android.os.RegistrantList@a2fd394 mNetworkSelectionModeAutomaticRegistrants=android.os.RegistrantList@14c5e3d recordsToLoad=0 adnCache=Handler (com.android.internal.telephony.uicc.AdnRecordCache) {268e632} recordsRequested=false iccid=null msisdnTag=null voiceMailNum=null voiceMailTag=null voiceMailNum=null newVoiceMailTag=null isVoiceMailFixed=false mImsi=null mncLength=-1 mailboxIndex=0 spn=null m_ota_commitedfalse mMyMobileNumber=xxxx mMin2Min1=null mPrlVersion=null mEFpl=null mEFli=null mCsimSpnDisplayCondition=false mMdn=null mMin=null mHomeSystemId=null mHomeNetworkId=null
02-20 21:29:25.783  1920  1920 D CAT     : CatService: registerForRecordsLoaded slotid=0 instance:Handler (com.android.internal.telephony.cat.CatService) {cd980df}
02-20 21:29:25.783  1920  1920 D CAT     : CatService: Running CAT service on Slotid: 0. STK app installed:false
02-20 21:29:25.783  1920  1920 D UiccCard: Before privilege rules: null : CARDSTATE_PRESENT
02-20 21:29:25.783  1920  1920 D RILJ    : [3672]> RIL_REQUEST_SIM_OPEN_CHANNEL [SUB0]
02-20 21:29:25.784  1920  1920 E UiccCard: App index 8 is invalid since there are no applications
02-20 21:29:25.784  1920  1920 D UiccCard: update: radioState=RADIO_ON mLastRadioState=RADIO_UNAVAILABLE
02-20 21:29:25.784  1920  1920 D UiccController: Notifying IccChangedRegistrants
02-20 21:29:25.784  1376  1463 D RIL     : onRequest: SIM_OPEN_CHANNEL
02-20 21:29:25.784  1376  1463 D AT      : AT> AT+CCHO=A00000015141434C00
02-20 21:29:25.784  1376  1467 D AT      : AT< 1
02-20 21:29:25.784  1376  1467 D AT      : AT< OK
02-20 21:29:25.784  1920  2004 D RILJ    : [3672]< RIL_REQUEST_SIM_OPEN_CHANNEL  [SUB0]
02-20 21:29:25.785  1920  1920 D GsmCdmaPhone: get phone radio capability fail, no need to change mRadioCapability
02-20 21:29:25.785  1920  1920 D GsmCdmaPhone: EVENT_GET_RADIO_CAPABILITY: phone rc: null
02-20 21:29:25.785  1920  1920 D Phone   : config LCE service failed: com.android.internal.telephony.CommandException: RADIO_NOT_AVAILABLE
02-20 21:29:25.785  1920  1920 D SST     : mDeviceShuttingDown=false, mDesiredPowerState=true, getRadioState=RADIO_ON, mPowerOffDelayNeed=true, mAlarmSwitch=false, mRadioDisabledByCarrier=false
02-20 21:29:25.785  1920  1920 D RILJ    : [3673]> OPERATOR [SUB0]
02-20 21:29:25.786  1920  1920 D RILJ    : [3674]> DATA_REGISTRATION_STATE [SUB0]
02-20 21:29:25.786  1376  1463 D RIL     : onRequest: OPERATOR
02-20 21:29:25.786  1376  1463 D AT      : AT> AT+COPS=3,0;+COPS?;+COPS=3,1;+COPS?;+COPS=3,2;+COPS?
02-20 21:29:25.786  1376  1467 D AT      : AT< +COPS: 0,0,"Android"
02-20 21:29:25.786  1376  1467 D AT      : AT< +COPS: 0,1,"Android"
02-20 21:29:25.786  1376  1467 D AT      : AT< +COPS: 0,2,"310260"
02-20 21:29:25.786  1376  1467 D AT      : AT< OK
02-20 21:29:25.786  1920  1920 D RILJ    : [3675]> VOICE_REGISTRATION_STATE [SUB0]
02-20 21:29:25.786  1376  1463 D RIL     : onRequest: DATA_REGISTRATION_STATE
02-20 21:29:25.786  1376  1463 D RIL     : requestRegistrationState
02-20 21:29:25.786  1376  1463 D AT      : AT> AT+CGREG?
02-20 21:29:25.786  1376  1467 D AT      : AT< +CGREG: 1,1,"0003","005b","000e"
02-20 21:29:25.786  1376  1467 D AT      : AT< OK
02-20 21:29:25.787  1376  1463 D RIL     : parseRegistrationState. Parsing: +CGREG: 1,1,"0003","005b","000e"
02-20 21:29:25.787  1376  1463 D RIL     : registration state type: 3GPP
02-20 21:29:25.787  1920  2004 D RILJ    : [3673]< OPERATOR {Android, Android, 310260} [SUB0]
02-20 21:29:25.787  1920  1920 D RILJ    : [3676]> QUERY_NETWORK_SELECTION_MODE [SUB0]
02-20 21:29:25.787  1376  1463 D RIL     : onRequest: VOICE_REGISTRATION_STATE
02-20 21:29:25.787  1376  1463 D RIL     : requestRegistrationState
02-20 21:29:25.787  1376  1463 D AT      : AT> AT+CREG?
02-20 21:29:25.787  1376  1467 D AT      : AT< +CREG: 2,1, "0003", "005b"
02-20 21:29:25.787  1376  1467 D AT      : AT< OK
02-20 21:29:25.787  1376  1463 D RIL     : parseRegistrationState. Parsing: +CREG: 2,1, "0003", "005b"
02-20 21:29:25.787  1376  1463 D RIL     : registration state type: 3GPP
02-20 21:29:25.787  1920  1920 D RILJ    : [3677]> GET_CURRENT_CALLS [SUB0]
02-20 21:29:25.788  1376  1463 D RIL     : onRequest: QUERY_NETWORK_SELECTION_MODE
02-20 21:29:25.788  1376  1463 D AT      : AT> AT+COPS?
02-20 21:29:25.788  1920  1920 D RILJ    : [3678]> RIL_REQUEST_IMS_REGISTRATION_STATE [SUB0]
02-20 21:29:25.788  1376  1467 D AT      : AT< +COPS: 0,2,310260
02-20 21:29:25.788  1376  1467 D AT      : AT< OK
02-20 21:29:25.788  1376  1463 D RIL     : onRequest: GET_CURRENT_CALLS
02-20 21:29:25.788  1376  1463 D AT      : AT> AT+CLCC
02-20 21:29:25.788  1376  1467 D AT      : AT< OK
02-20 21:29:25.788  1920  1920 D RILJ    : [3679]> RIL_REQUEST_CDMA_GET_SUBSCRIPTION_SOURCE [SUB0]
02-20 21:29:25.788  1376  1463 D RIL     : onRequest: IMS_REGISTRATION_STATE
02-20 21:29:25.788  1376  1463 D RIL     : IMS_REGISTRATION=0, format=1 
02-20 21:29:25.788  1920  2004 D RILJ    : [3674]< DATA_REGISTRATION_STATE {1, 3, 5b, 14, null, null} [SUB0]
02-20 21:29:25.788  1920  2004 D RILJ    : [3675]< VOICE_REGISTRATION_STATE {1, 3, 5b, 0, null, null, null, null, null, null, null, null, null, null, null} [SUB0]
02-20 21:29:25.788  1920  2004 D RILJ    : [3676]< QUERY_NETWORK_SELECTION_MODE {0} [SUB0]
02-20 21:29:25.788  1920  2004 D RILJ    : [3677]< GET_CURRENT_CALLS {} [SUB0]
02-20 21:29:25.788  1920  2004 D RILJ    : [3678]< RIL_REQUEST_IMS_REGISTRATION_STATE {0, 1} [SUB0]
02-20 21:29:25.789  1920  1920 D GsmCdmaPhone: [GsmCdmaPhone] Event EVENT_RADIO_ON Received
02-20 21:29:25.789  1920  1920 D RILJ    : [3680]> RIL_REQUEST_VOICE_RADIO_TECH [SUB0]
02-20 21:29:25.789  1920  1920 D UiccController: Received EVENT_ICC_STATUS_CHANGED, calling getIccCardStatus
02-20 21:29:25.789  1376  1463 D RIL     : onRequest: CDMA_GET_SUBSCRIPTION_SOURCE
02-20 21:29:25.789  1376  1463 D RIL     : Request not supported. Tech: 1
02-20 21:29:25.789  1920  1920 D RILJ    : [3681]> GET_SIM_STATUS [SUB0]
02-20 21:29:25.789  1920  2004 D RilRequest: [3679]< RIL_REQUEST_CDMA_GET_SUBSCRIPTION_SOURCE error: com.android.internal.telephony.CommandException: REQUEST_NOT_SUPPORTED ret=
02-20 21:29:25.789  1376  1463 D RIL     : onRequest: VOICE_RADIO_TECH
02-20 21:29:25.789  1920  1920 D SST     : EVENT_POLL_STATE_NETWORK_SELECTION_MODE
02-20 21:29:25.789  1920  1920 D SST     : EVENT_POLL_STATE_NETWORK_SELECTION_MODE
02-20 21:29:25.789  1920  2004 D RILJ    : [3680]< RIL_REQUEST_VOICE_RADIO_TECH {11} [SUB0]
02-20 21:29:25.789  1920  1920 D PhoneSwitcher: evaluating due to netRequest default 0->1 phone[0] 0->-2
02-20 21:29:25.790  1920  1920 D TelephonyNetworkFactory[0]: not acting - isApp=false, isAct=false NetworkRequest [ REQUEST id=1, [ Capabilities: INTERNET&NOT_RESTRICTED&TRUSTED&NOT_VPN] ]
02-20 21:29:25.790  1920  1920 D CAT     : CatService: handleMessage[8]
02-20 21:29:25.790  1920  1920 D CAT     : CatService: MSG_ID_ICC_CHANGED
02-20 21:29:25.790  1920  1920 D CAT     : CatService: New Card State = CARDSTATE_PRESENT Old Card State = CARDSTATE_ABSENT
02-20 21:29:25.790  1920  1920 D RILJ    : [3682]> RIL_REQUEST_REPORT_STK_SERVICE_IS_RUNNING [SUB0]
02-20 21:29:25.790  1376  1463 D RIL     : onRequest: GET_SIM_STATUS
02-20 21:29:25.790  1376  1463 D RIL     : getSIMStatus(). sState: 10
02-20 21:29:25.790  1376  1463 D AT      : AT> AT+CPIN?
02-20 21:29:25.790  1376  1467 D AT      : AT< +CPIN: READY
02-20 21:29:25.790  1376  1467 D AT      : AT< OK
02-20 21:29:25.790  1376  1463 D RIL     : onRequest: REPORT_STK_SERVICE_IS_RUNNING
02-20 21:29:25.790  1376  1463 D RIL     : Request not supported. Tech: 1
02-20 21:29:25.790  1920  1920 D GsmCdmaPhone: [GsmCdmaPhone] New Uicc application found. type = APPTYPE_SIM
02-20 21:29:25.790  1920  2004 D RILJ    : [3681]< GET_SIM_STATUS IccCardState {CARDSTATE_PRESENT,PINSTATE_UNKNOWN,num_apps=2,gsm_id=0{APPTYPE_SIM,APPSTATE_READY},cdma_id=1{APPTYPE_RUIM,APPSTATE_READY},ims_id=8} [SUB0]
02-20 21:29:25.790  1920  1920 D GsmSMSDispatcher: GsmSMSDispatcher: subId = -2 slotId = 0
02-20 21:29:25.790  1920  1920 D GsmSMSDispatcher: New Uicc application found
02-20 21:29:25.790  1920  1920 D IccCardProxy: Icc changed. Reregestering.
02-20 21:29:25.790  1920  1920 D SST     : New card found
02-20 21:29:25.790  1920  2004 D RilRequest: [3682]< RIL_REQUEST_REPORT_STK_SERVICE_IS_RUNNING error: com.android.internal.telephony.CommandException: REQUEST_NOT_SUPPORTED ret=
02-20 21:29:25.790  1920  1920 D CAT     : CatService: handleMessage[8]
02-20 21:29:25.790  1920  1920 D CAT     : CatService: MSG_ID_ICC_CHANGED
02-20 21:29:25.790  1920  1920 D CAT     : CatService: New Card State = CARDSTATE_PRESENT Old Card State = CARDSTATE_PRESENT
02-20 21:29:25.790  1920  1920 E SST     : error parsing GprsRegistrationState: java.lang.NumberFormatException: null
02-20 21:29:25.790  1920  1920 D SST     : handlPollStateResultMessage: GsmSST setDataRegState=0 regState=1 dataRadioTechnology=14
02-20 21:29:25.790  1920  1920 D SST     : EVENT_POLL_STATE_NETWORK_SELECTION_MODE
02-20 21:29:25.792  1920  1920 D SST     : Poll ServiceState done:  oldSS=[1 1 voice home data home null null null null null null  Unknown Unknown CSS not supported 0 0 RoamInd=0 DefRoamInd=0 EmergOnly=false IsDataRoamingFromRegistration=false IsUsingCarrierAggregation=false] newSS=[0 0 voice home data home Android Android 310260 Android Android 310260  Unknown LTE CSS not supported -1 -1 RoamInd=-1 DefRoamInd=-1 EmergOnly=false IsDataRoamingFromRegistration=false IsUsingCarrierAggregation=false] oldMaxDataCalls=1 mNewMaxDataCalls=1 oldReasonDataDenied=-1 mNewReasonDataDenied=-1
02-20 21:29:25.792  1920  1920 I gsm_service_state_change: [1,1,0,0]
02-20 21:29:25.792  1920  1920 D TelephonyManager: setTelephonyProperty: success phoneId=0 property=gsm.network.type value: LTE propVal=LTE
02-20 21:29:25.792  1920  1920 D SST     : pollStateDone: registering current mNitzUpdatedTime=true changing to false
02-20 21:29:25.792  1920  1920 D SIMRecords: [SIMRecords] getServiceProviderName: no brandOverride, providerName=null
02-20 21:29:25.792  1920  1920 D SIMRecords: [SIMRecords] getServiceProviderName: no brandOverride, providerName=null
02-20 21:29:25.793  1920  1920 D SST     : updateSpnDisplay: changed sending intent rule=2 showPlmn='true' plmn='Android' showSpn='false' spn='null' dataSpn='null' subId='-2'
02-20 21:29:25.794  1920  1920 D SubscriptionController: [setPlmnSpn] No valid subscription to store info
