02-20 21:29:26.107  1920  1920 D MccTable: updateMccMncConfiguration updateConfig config={1.0 310mcc260mnc ?localeList ?layoutDir ?swdp ?wdp ?hdp ?density ?lsize ?long ?orien ?uimode ?night ?touch ?keyb/?/? ?nav/?}
02-20 21:29:26.130  1667  2070 V KeyValueBackupJob: Scheduling k/v pass in 240 minutes
02-20 21:29:26.131  1667  1772 I am_proc_bound: [0,2079,com.google.android.gms.persistent]
02-20 21:29:26.140  2071  2071 W System  : ClassLoader referenced unknown path: /system/priv-app/CellBroadcastReceiver/lib/x86_64
02-20 21:29:26.151  2079  2079 W System  : ClassLoader referenced unknown path: /system/priv-app/PrebuiltGmsCore/lib/x86_64
02-20 21:29:26.223  1667  1687 I art     : Background sticky concurrent mark sweep GC freed 39968(2MB) AllocSpace objects, 0(0B) LOS objects, 7% free, 22MB/24MB, paused 5.956ms total 49.280ms
02-20 21:29:26.266  1920  1937 D SubscriptionController: [getPhoneId]- no sims, returning default phoneId=2147483647
02-20 21:29:26.267  1667  1692 I SyncManager: Got SyncJobService instance.
02-20 21:29:26.267  1920  1949 D SubscriptionController: [getPhoneId]- no sims, returning default phoneId=2147483647
02-20 21:29:26.268  1667  1692 I GnssLocationProvider: WakeLock released by handleMessage(12, 0, null)
02-20 21:29:26.286  1667  1746 D NotificationSQLiteLog: Pruned event entries: 0
02-20 21:29:26.330  1667  1961 I configuration_changed: 3
02-20 21:29:26.330  1667  1961 I ActivityManager: Config changes=3 {1.0 310mcc260mnc [en_US] ldltr sw360dp w360dp h668dp 640dpi nrml long port finger -keyb/v/h -nav/h s.5}
02-20 21:29:26.376  1667  1961 I am_relaunch_resume_activity: [0,139032956,1,com.android.settings/.FallbackHome]
02-20 21:29:26.377  1927  1927 I am_on_paused_called: [0,com.android.settings.FallbackHome,handleRelaunchActivity]
02-20 21:29:26.381  1927  1974 D EGL_emulation: eglMakeCurrent: 0x78f749235320: ver 3 0 (tinfo 0x78f74920c380)
02-20 21:29:26.382  1667  1747 W art     : Long monitor contention with owner Binder:1667_3 (1772) at void com.android.server.am.ActivityManagerService.attachApplication(android.app.IApplicationThread)(ActivityManagerService.java:6669) waiters=1 in java.lang.String com.android.server.am.ActivityManagerService.checkContentProviderAccess(java.lang.String, int) for 273ms
02-20 21:29:26.382  1667  1747 I dvm_lock_sample: [system_server,0,ConditionProviders.ECP,273,ActivityManagerService.java,10435,-,6669,54]
02-20 21:29:26.389  1667  1691 W art     : Long monitor contention with owner Binder:1667_3 (1772) at void com.android.server.am.ActivityManagerService.attachApplication(android.app.IApplicationThread)(ActivityManagerService.java:6669) waiters=2 in android.content.pm.UserInfo com.android.server.am.UserController.getCurrentUser() for 268ms
02-20 21:29:26.389  1667  1691 I dvm_lock_sample: [system_server,1,Binder:1667_2,268,UserController.java,1438,ActivityManagerService.java,6669,53]
02-20 21:29:26.390  1667  1694 W art     : Long monitor contention with owner Binder:1667_3 (1772) at void com.android.server.am.ActivityManagerService.attachApplication(android.app.IApplicationThread)(ActivityManagerService.java:6669) waiters=3 in void com.android.server.am.ActivityManagerService.dispatchUidsChanged() for 264ms
02-20 21:29:26.390  1667  1694 I dvm_lock_sample: [system_server,1,android.ui,264,ActivityManagerService.java,4321,-,6669,52]
02-20 21:29:26.390  1927  1927 I am_on_stop_called: [0,com.android.settings.FallbackHome,destroy]
02-20 21:29:26.390  1667  1693 W art     : Long monitor contention with owner Binder:1667_3 (1772) at void com.android.server.am.ActivityManagerService.attachApplication(android.app.IApplicationThread)(ActivityManagerService.java:6669) waiters=5 in boolean com.android.server.am.ActivityManagerService.isUserRunning(int, int) for 258ms
02-20 21:29:26.390  1667  1693 I dvm_lock_sample: [system_server,1,ActivityManager,258,ActivityManagerService.java,21741,-,6669,51]
02-20 21:29:26.391  1667  1854 W art     : Long monitor contention with owner Binder:1667_5 (1961) at void com.android.server.am.ActivityManagerService.updateConfiguration(android.content.res.Configuration)(ActivityManagerService.java:18937) waiters=6 in void com.android.server.am.ActivityManagerService.publishContentProviders(android.app.IApplicationThread, java.util.List) for 183ms
02-20 21:29:26.391  1667  1854 I dvm_lock_sample: [system_server,1,Binder:1667_4,183,ActivityManagerService.java,11160,-,18937,36]
02-20 21:29:26.391  1667  1667 D TelephonyRegistry: notifyCellLocationForSubscriber: subId=0 cellLocation=Bundle[{}]
02-20 21:29:26.391  1920  1937 D SubscriptionController: [getPhoneId]- no sims, returning default phoneId=2147483647
02-20 21:29:26.392  1920  1920 D SIMRecords: [SIMRecords] onRecordLoaded 9 requested: true
02-20 21:29:26.392  1920  1920 D SIMRecords: [SIMRecords] EF_MWIS : 0000000000
02-20 21:29:26.392  1920  1920 D SIMRecords: [SIMRecords] onRecordLoaded 8 requested: true
02-20 21:29:26.392  1920  1920 D SIMRecords: [SIMRecords] EF_CPHS_MWI: 55
02-20 21:29:26.392  1920  1920 D SIMRecords: [SIMRecords] onRecordLoaded 7 requested: true
02-20 21:29:26.392  1920  1920 D RILJ    : [3734]> iccIO: SIM_IO 0xb0 0x6f14  path: 3F007F20,0,0,20 aid: null [SUB0]
02-20 21:29:26.393  1920  1920 D SIMRecords: [SIMRecords] EF_CFF_CPHS: 55
02-20 21:29:26.393  1920  1920 D SIMRecords: [SIMRecords] onRecordLoaded 6 requested: true
02-20 21:29:26.393  1920  1920 D SIMRecords: [SIMRecords] onRecordLoaded 5 requested: true
02-20 21:29:26.393  1920  1920 D SIMRecords: [SIMRecords] SST: UsimServiceTable[120]={ PHONEBOOK, FDN, FDN_EXTENSION, SDN, SDN_EXTENSION, BDN, BDN_EXTENSION, OUTGOING_CALL_INFO, ADVICE_OF_CHARGE, CAP_CONFIG_PARAMS_2, GROUP_ID_LEVEL_1, GROUP_ID_LEVEL_2, SPN, USER_PLMN_SELECT, MSISDN, IMAGE, LOCALISED_SERVICE_AREAS, EMLPP, EMLPP_AUTO_ANSWER, RFU, GSM_ACCESS, DATA_DL_VIA_SMS_PP, DATA_DL_VIA_SMS_CB, CALL_CONTROL_BY_USIM, MO_SMS_CONTROL_BY_USIM, RUN_AT_COMMAND, APN_CONTROL_LIST, DEPERSONALISATION_CONTROL_KEYS, COOPERATIVE_NETWORK_LIST, GSM_SECURITY_CONTEXT, SERVICE_PROVIDER_DISPLAY_INFO, MMS_NOTIFICATION, MMS_NOTIFICATION_EXTENSION, GPRS_CALL_CONTROL_BY_USIM, VGCS_GROUP_ID_LIST, VBS_GROUP_ID_LIST, OMA_BCAST_PROFILE, GBA_LOCAL_KEY_ESTABLISHMENT, #101, #102, #103, #104, #105, #106, #107, #108, #109, #110 }
02-20 21:29:26.393  1920  1920 D SIMRecords: [SIMRecords] onRecordLoaded 4 requested: true
02-20 21:29:26.393  1920  1920 D SIMRecords: [SIMRecords] iCPHS: 0233
02-20 21:29:26.393  1920  1920 D SIMRecords: [SIMRecords] onRecordLoaded 3 requested: true
02-20 21:29:26.393  1920  1920 D RuimRecords: [RuimRecords] iccid: 89014103211118510720
02-20 21:29:26.393  1920  1920 D RuimRecords: [RuimRecords] onRecordLoaded 0 requested: true
02-20 21:29:26.393  1920  1920 D RuimRecords: [RuimRecords] record load complete
02-20 21:29:26.393  1920  1920 D SIMRecords: [SIMRecords] MSISDN: [t-WgLegCyIMgfHgPkOdM6pkZbpA]
02-20 21:29:26.393  1920  1920 D SIMRecords: [SIMRecords] onRecordLoaded 2 requested: true
02-20 21:29:26.393  1920  1920 D RILJ    : [3735]> iccIO: SIM_IO 0xb2 0x6fc7  path: 3F007F20,1,4,32 aid: null [SUB0]
02-20 21:29:26.394  1376  1463 D RIL     : onRequest: SIM_IO
02-20 21:29:26.394  1376  1463 D AT      : AT> AT+CRSM=176,28436,0,0,20
02-20 21:29:26.394  1376  1467 D AT      : AT< +CRSM: 144,0,416e64726f6964ffffffffffffffffffffffffff
02-20 21:29:26.394  1376  1467 D AT      : AT< OK
02-20 21:29:26.394  1376  1463 D RIL     : onRequest: SIM_IO
02-20 21:29:26.394  1376  1463 D AT      : AT> AT+CRSM=178,28615,1,4,32
02-20 21:29:26.394  1920  2004 D RILJ    : [3734]< SIM_IO IccIoResponse sw1:0x90 sw2:0x0 [SUB0]
02-20 21:29:26.394  1376  1467 D AT      : AT< +CRSM: 144,0,566f6963656d61696cffffffffffffffffff07915155125740f9ffffffffffff
02-20 21:29:26.394  1376  1467 D AT      : AT< OK
02-20 21:29:26.394  1920  2004 D RILJ    : [3735]< SIM_IO IccIoResponse sw1:0x90 sw2:0x0 [SUB0]
02-20 21:29:26.412  1314  1324 D         : HostConnection::get() New Host Connection established 0x79661901b480, tid 1324
02-20 21:29:26.413  1920  1920 D SIMRecords: [SIMRecords] getServiceProviderName: no brandOverride, providerName=Android
02-20 21:29:26.413  1920  1920 D SIMRecords: [SIMRecords] Load EF_SPN_CPHS: Android
02-20 21:29:26.413  1920  1920 D TelephonyManager: setTelephonyProperty: success phoneId=0 property=gsm.sim.operator.alpha value: Android propVal=Android
02-20 21:29:26.415  1920  1920 D SIMRecords: [SIMRecords] onRecordLoaded 1 requested: true
02-20 21:29:26.416  1920  1920 D SIMRecords: [SIMRecords] VM: ADN Record 'Voicemail' '[-MWU1cAlDrkXUZ8dpHi_wU_YOpU] null' EF[MBDN]
02-20 21:29:26.416  1920  1920 D SIMRecords: [SIMRecords] onRecordLoaded 0 requested: true
02-20 21:29:26.416  1920  1920 D SIMRecords: [SIMRecords] record load complete
02-20 21:29:26.416  1920  1920 D SIMRecords: [SIMRecords] Not using EF LI/EF PL
02-20 21:29:26.416  1920  1920 D SIMRecords: [SIMRecords] EF_CFF: callForwardingEnabled=0
02-20 21:29:26.416  1920  1920 D SIMRecords: [SIMRecords] onAllRecordsLoaded set 'gsm.sim.operator.numeric' to operator='310260'
02-20 21:29:26.416  1920  1920 D SIMRecords: [SIMRecords] update icc_operator_numeric=310260
02-20 21:29:26.416  1920  1920 D TelephonyManager: setTelephonyProperty: success phoneId=0 property=gsm.sim.operator.numeric value: 310260 propVal=310260
02-20 21:29:26.417  1920  1920 D SubscriptionController: [setMccMnc]+ mcc/mnc:310/260 subId:-1
02-20 21:29:26.421  1667  1667 I FusedLocation: engine started (com.android.location.fused)
02-20 21:29:26.421  1667  1667 V BackupManagerService: Connected to transport ComponentInfo{android/com.android.internal.backup.LocalTransportService}
02-20 21:29:26.422  1667  1667 V BackupManagerService: Registering transport android/com.android.internal.backup.LocalTransportService::android/com.android.internal.backup.LocalTransport = android.app.backup.BackupTransport$TransportImpl@f74151b
02-20 21:29:26.427  1920  1920 D SubscriptionController: notifySubscriptionInfoChanged:
02-20 21:29:26.431  1667  1667 I backup_transport_lifecycle: [android/com.android.internal.backup.LocalTransportService,1]
02-20 21:29:26.443  1920  1949 D SubscriptionController: [getActiveSubInfoList] Sub Controller not ready
02-20 21:29:26.444  1667  1667 I GnssLocationProvider: WakeLock acquired by sendMessage(12, 0, null)
02-20 21:29:26.444  1757  1757 W RichInputConnection: Slow InputConnection: GET_TEXT_BEFORE_CURSOR took 208 ms.
02-20 21:29:26.457  1927  1927 I am_on_resume_called: [0,com.android.settings.FallbackHome,handleRelaunchActivity]
02-20 21:29:26.459  1920  1920 D SIMRecords: [SIMRecords] onAllRecordsLoaded set mcc imsi
02-20 21:29:26.460  1920  1920 D TelephonyManager: setTelephonyProperty: success phoneId=0 property=gsm.sim.operator.iso-country value: us propVal=us
02-20 21:29:26.465  1920  1920 D SST     : SubscriptionListener.onSubscriptionInfoChanged
02-20 21:29:26.465  1920  1920 D SIMRecords: [SIMRecords]  VoiceMessageCount from SIM MWIS = 0
02-20 21:29:26.465  1920  1920 E Phone   : getStoredVoiceMessageCount: invalid subId -2
02-20 21:29:26.466  1920  1920 D GsmCdmaPhone: [GsmCdmaPhone] updateVoiceMail countVoiceMessages = 0 subId -2
02-20 21:29:26.466  1920  1920 E Phone   : setVoiceMessageCount in sharedPreference: invalid subId -2
02-20 21:29:26.467  1920  1920 D DCT     : [0]SubscriptionListener.onSubscriptionInfoChanged
02-20 21:29:26.469  1920  1920 D SubscriptionController: [getActiveSubInfoList] Sub Controller not ready
02-20 21:29:26.471  1920  1920 D SubscriptionController: [getActiveSubInfoList] Sub Controller not ready
02-20 21:29:26.472  1920  1920 I Telephony: PstnIncomingCallNotifier: Unregistering: Handler (com.android.internal.telephony.GsmCdmaPhone) {68ed5d}
02-20 21:29:26.472  1365  1805 I art     : Starting a blocking GC HeapTrim
02-20 21:29:26.474  1920  1920 E PhoneInterfaceManager: [PhoneIntfMgr] getIccId: No UICC
02-20 21:29:26.476  1667  1693 I am_proc_start: [0,2112,10029,com.google.android.googlequicksearchbox:interactor,service,com.google.android.googlequicksearchbox/com.google.android.voiceinteraction.GsaVoiceInteractionService]
02-20 21:29:26.476  1667  1693 I ActivityManager: Start proc 2112:com.google.android.googlequicksearchbox:interactor/u0a29 for service com.google.android.googlequicksearchbox/com.google.android.voiceinteraction.GsaVoiceInteractionService
02-20 21:29:26.476  1667  1693 I ActivityManager: Loading recents for user 0 into memory.
02-20 21:29:26.485  1667  1693 D ActivityManager: Sending BOOT_COMPLETE user #0
02-20 21:29:26.485  1667  1693 I sysui_histogram: [framework_boot_completed,12]
02-20 21:29:26.514  2112  2112 W art     : Unexpected CPU variant for X86 using defaults: x86
02-20 21:29:26.518  1667  1961 I Telecom : PhoneAccountRegistrar: New phone account registered: [[ ] PhoneAccount: ComponentInfo{com.android.phone/com.android.services.telephony.TelephonyConnectionService}, [e0184adedf913b076626646d3f52c3b49c39ad6d], UserHandle{0} Capabilities: CallProvider MultiUser PlaceEmerg SimSub  Schemes: tel voicemail  Extras: null GroupId: [da39a3ee5e6b4b0d3255bfef95601890afd80709]]: TSI.rPA@AAI
02-20 21:29:26.521  1667  1961 I Telecom : : Sending phone-account registered intent as user: TSI.rPA@AAI
02-20 21:29:26.526  1920  1920 I Telephony: AccountEntry: Registered phoneAccount: [[ ] PhoneAccount: ComponentInfo{com.android.phone/com.android.services.telephony.TelephonyConnectionService}, [e0184adedf913b076626646d3f52c3b49c39ad6d], UserHandle{0} Capabilities: CallProvider MultiUser PlaceEmerg SimSub  Schemes: tel voicemail  Extras: null GroupId: [da39a3ee5e6b4b0d3255bfef95601890afd80709]] with handle: ComponentInfo{com.android.phone/com.android.services.telephony.TelephonyConnectionService}, [e0184adedf913b076626646d3f52c3b49c39ad6d], UserHandle{0}
02-20 21:29:26.526  1920  1920 I Telephony: PstnIncomingCallNotifier: Registering: Handler (com.android.internal.telephony.GsmCdmaPhone) {68ed5d}
02-20 21:29:26.529  1920  1937 D DCT     : [0]hasMatchedTetherApnSetting: APN=null
02-20 21:29:26.536  1920  1920 I Telephony: TelecomAccountRegistry: Unregistering phone account ComponentInfo{com.android.phone/com.android.services.telephony.TelephonyConnectionService}, [e2f7d48dd2b5ca523e7313cf4ba0f6ea830b6281], UserHandle{0}.
02-20 21:29:26.538  1667  1690 I Telecom : : Sending phone-account unregistered intent as user: TSI.uPA@AAQ
02-20 21:29:26.541  1920  1920 D CAT     : CatService: handleMessage[20]
02-20 21:29:26.541  1920  1920 D GsmCdmaPhone: [GsmCdmaPhone] updateCurrentCarrierInProvider: mSubId = -2 currentDds = 1 operatorNumeric = 310260
02-20 21:29:26.541  1920  1920 D IccCardProxy: operator=310260 mPhoneId=0
02-20 21:29:26.542  1920  1920 D TelephonyManager: setTelephonyProperty: success phoneId=0 property=gsm.sim.operator.numeric value: 310260 propVal=310260
02-20 21:29:26.542  1920  1920 D TelephonyManager: setTelephonyProperty: success phoneId=0 property=gsm.sim.operator.iso-country value: us propVal=us
02-20 21:29:26.542  1920  1920 D IccCardProxy: Sending intent ACTION_INTERNAL_SIM_STATE_CHANGED for mPhoneId : 0
02-20 21:29:26.542  1920  1920 D SST     : EVENT_SIM_RECORDS_LOADED: what=16
02-20 21:29:26.542  1920  1920 D GsmCdmaPhone: [GsmCdmaPhone] updatePhoneObject: radioTechnology=0
02-20 21:29:26.542  1920  1920 D SST     : getOtasp: otasp not needed for GSM
02-20 21:29:26.542  1920  1920 D SST     : updateOtaspState: call notifyOtaspChanged old otaspMode=0 new otaspMode=3
02-20 21:29:26.542  1920  1920 D SIMRecords: [SIMRecords] getServiceProviderName: no brandOverride, providerName=Android
02-20 21:29:26.542  1920  1920 D SIMRecords: [SIMRecords] getServiceProviderName: no brandOverride, providerName=Android
02-20 21:29:26.543  1920  1920 D SST     : updateSpnDisplay: changed sending intent rule=1 showPlmn='false' plmn='Android' showSpn='true' spn='Android' dataSpn='Android' subId='-2'
02-20 21:29:26.543  1920  1920 D SubscriptionController: [setPlmnSpn] No valid subscription to store info
02-20 21:29:26.543  1920  1920 D SubscriptionController: notifySubscriptionInfoChanged:
02-20 21:29:26.544  1920  1920 D SubscriptionInfoUpdater: [Receiver]+
02-20 21:29:26.544  1920  1920 D SubscriptionInfoUpdater: Action: android.intent.action.SIM_STATE_CHANGED
02-20 21:29:26.544  1920  1920 D SubscriptionInfoUpdater: slotId: 0
02-20 21:29:26.544  1920  1920 D SubscriptionInfoUpdater: simStatus: IMSI
02-20 21:29:26.544  1920  1920 D SubscriptionInfoUpdater: Ignoring simStatus: IMSI
02-20 21:29:26.544  1920  1920 D SubscriptionInfoUpdater: [Receiver]-
02-20 21:29:26.544  1920  1920 D WAP PUSH: Received broadcast android.intent.action.USER_UNLOCKED
02-20 21:29:26.544  1920  1920 D WAP PUSH: Received broadcast android.intent.action.USER_UNLOCKED
02-20 21:29:26.544  1920  1920 D SmsBroadcastUndelivered: Received broadcast android.intent.action.USER_UNLOCKED
02-20 21:29:26.544  1920  1920 D SubscriptionInfoUpdater: [Receiver]+
02-20 21:29:26.544  1920  1920 D SubscriptionInfoUpdater: Action: android.intent.action.USER_UNLOCKED
02-20 21:29:26.544  1920  1920 D SubscriptionInfoUpdater: Broadcasting intent ACTION_SIM_STATE_CHANGED for mCardIndex: 0
02-20 21:29:26.544  1920  1920 D SubscriptionInfoUpdater: [Receiver]-
02-20 21:29:26.544  1920  1920 D CarrierSvcBindHelper: Received android.intent.action.USER_UNLOCKED
02-20 21:29:26.548  1920  1920 D CarrierSvcBindHelper: No carrier app for: 0
02-20 21:29:26.549  1920  1920 E PhoneInterfaceManager: [PhoneIntfMgr] getIccId: No UICC
02-20 21:29:26.550  1920  2139 D SmsBroadcastUndelivered: scanning raw table for undelivered messages
02-20 21:29:26.562  1667  1690 I Telecom : PhoneAccountRegistrar: [ComponentInfo{com.android.phone/com.android.services.telephony.TelephonyConnectionService}, [e0184adedf913b076626646d3f52c3b49c39ad6d], UserHandle{0}(icon: Icon(typ=BITMAP size=76x96) -> Icon(typ=BITMAP size=76x96))]: TSI.rPA@AAY
02-20 21:29:26.564  1667  1690 I Telecom : : Sending phone-account registered intent as user: TSI.rPA@AAY
02-20 21:29:26.565  1920  2138 E WAP PUSH: bindService() for wappush manager failed
02-20 21:29:26.570  2079  2079 I LoadedApk: No resource references to update in package FFFFFFFFFFFFFFFFFFFFFF
02-20 21:29:26.570  1920  1920 D GsmCdmaPhone: [GsmCdmaPhone] phoneObjectUpdater: newVoiceRadioTech=0
02-20 21:29:26.570  1920  1920 D GsmCdmaPhone: [GsmCdmaPhone] phoneObjectUpdater: volteReplacementRat=0
02-20 21:29:26.570  1920  1920 E GsmCdmaPhone: [GsmCdmaPhone] phoneObjectUpdater: newVoiceRadioTech=0 doesn't match either CDMA or GSM - error! No phone change
02-20 21:29:26.570  1920  1920 D SubscriptionInfoUpdater: [Receiver]+
02-20 21:29:26.570  1920  1920 D SubscriptionInfoUpdater: Action: android.intent.action.internal_sim_state_changed
02-20 21:29:26.570  1920  1920 D SubscriptionInfoUpdater: slotId: 0
02-20 21:29:26.570  1920  1920 D SubscriptionInfoUpdater: simStatus: LOADED
02-20 21:29:26.570  1920  1920 D SubscriptionInfoUpdater: [Receiver]-
02-20 21:29:26.570  1920  1920 D SST     : SubscriptionListener.onSubscriptionInfoChanged
02-20 21:29:26.570  1920  1920 D DCT     : [0]SubscriptionListener.onSubscriptionInfoChanged
02-20 21:29:26.571  1920  1920 D SubscriptionController: [getActiveSubInfoList] Sub Controller not ready
02-20 21:29:26.573  1920  2137 E WAP PUSH: bindService() for wappush manager failed
02-20 21:29:26.575  1920  1920 D SubscriptionController: [getActiveSubInfoList] Sub Controller not ready
02-20 21:29:26.575  1920  1920 I Telephony: PstnIncomingCallNotifier: Unregistering: Handler (com.android.internal.telephony.GsmCdmaPhone) {68ed5d}
02-20 21:29:26.576  1920  1920 E PhoneInterfaceManager: [PhoneIntfMgr] getIccId: No UICC
02-20 21:29:26.579  1920  2139 D SmsBroadcastUndelivered: finished scanning raw table in 29 ms
02-20 21:29:26.589  1920  1949 D SubscriptionController: [getPhoneId]- no sims, returning default phoneId=2147483647
02-20 21:29:26.597  1667  1692 I GnssLocationProvider: WakeLock released by handleMessage(12, 0, null)
02-20 21:29:26.600  1667  1961 I am_proc_bound: [0,2112,com.google.android.googlequicksearchbox:interactor]
02-20 21:29:26.615  1667  1987 I Telecom : PhoneAccountRegistrar: [ComponentInfo{com.android.phone/com.android.services.telephony.TelephonyConnectionService}, [e0184adedf913b076626646d3f52c3b49c39ad6d], UserHandle{0}(icon: Icon(typ=BITMAP size=76x96) -> Icon(typ=BITMAP size=76x96))]: TSI.rPA@AAc
02-20 21:29:26.617  1667  1987 I Telecom : : Sending phone-account registered intent as user: TSI.rPA@AAc
02-20 21:29:26.623  1920  1920 I Telephony: AccountEntry: Registered phoneAccount: [[ ] PhoneAccount: ComponentInfo{com.android.phone/com.android.services.telephony.TelephonyConnectionService}, [e0184adedf913b076626646d3f52c3b49c39ad6d], UserHandle{0} Capabilities: CallProvider MultiUser PlaceEmerg SimSub  Schemes: tel voicemail  Extras: null GroupId: [da39a3ee5e6b4b0d3255bfef95601890afd80709]] with handle: ComponentInfo{com.android.phone/com.android.services.telephony.TelephonyConnectionService}, [e0184adedf913b076626646d3f52c3b49c39ad6d], UserHandle{0}
02-20 21:29:26.623  1920  1920 I Telephony: PstnIncomingCallNotifier: Registering: Handler (com.android.internal.telephony.GsmCdmaPhone) {68ed5d}
02-20 21:29:26.632  1927  1927 D FallbackHome: User unlocked and real home found; let's go!
02-20 21:29:26.633  1667  1690 I am_finish_activity: [0,139032956,1,com.android.settings/.FallbackHome,app-request]
02-20 21:29:26.633  1667  1690 I am_pause_activity: [0,139032956,com.android.settings/.FallbackHome]
02-20 21:29:26.639  1920  1920 D SubscriptionInfoUpdater: [Receiver]+
02-20 21:29:26.639  1920  1920 D SubscriptionInfoUpdater: Action: android.intent.action.SIM_STATE_CHANGED
02-20 21:29:26.639  1920  1920 D SubscriptionInfoUpdater: slotId: 0
02-20 21:29:26.639  1920  1920 D SubscriptionInfoUpdater: simStatus: IMSI
02-20 21:29:26.639  1920  1920 D SubscriptionInfoUpdater: Ignoring simStatus: IMSI
02-20 21:29:26.639  1920  1920 D SubscriptionInfoUpdater: [Receiver]-
02-20 21:29:26.639  1920  1920 D SubscriptionInfoUpdater: handleSimStateLoadedInternal: slotId: 0
02-20 21:29:26.639  1920  1920 D SubscriptionInfoUpdater: All IccIds query complete
02-20 21:29:26.639  1920  1920 D SubscriptionInfoUpdater: updateSubscriptionInfoByIccId:+ Start
02-20 21:29:26.640  1920  1920 D SubscriptionController: [clearSubInfo]- no simInfo size=0
02-20 21:29:26.640  1920  1920 D SubscriptionInfoUpdater: insertedSimCount = 1
02-20 21:29:26.640  1920  1920 D SubscriptionController: [getSubInfoUsingSlotIdWithCheck]+ slotId:0
02-20 21:29:26.642  1920  1920 D SubscriptionController: [getPhoneId]- no sims, returning default phoneId=2147483647
02-20 21:29:26.643  1667  1694 W WindowManager: Keyguard drawn timeout. Setting mKeyguardDrawComplete
02-20 21:29:26.644  1920  1920 D SubscriptionController: [getPhoneId]- no sims, returning default phoneId=2147483647
02-20 21:29:26.644  1920  1920 D SubscriptionController: [getPhoneId]- no sims, returning default phoneId=2147483647
02-20 21:29:26.645  1920  1920 D SubscriptionController: [getSubInfoUsingSlotId]- null info return
02-20 21:29:26.646  1920  1920 D SubscriptionInfoUpdater: updateSubscriptionInfoByIccId: oldSubId = 1
02-20 21:29:26.646  1920  1920 D SubscriptionInfoUpdater: updateSubscriptionInfoByIccId: oldIccId[0] = 89014103211118510720, sIccId[0] = 89014103211118510720
02-20 21:29:26.646  1920  1920 D SubscriptionController: [addSubInfoRecord]+ iccId:89014103211118510720 slotId:0
02-20 21:29:26.653  1927  1974 D EGL_emulation: eglMakeCurrent: 0x78f749235320: ver 3 0 (tinfo 0x78f74920c380)
02-20 21:29:26.683  2142  2142 W art     : Unexpected CPU variant for X86 using defaults: x86_64
02-20 21:29:26.683  1667  1987 I am_proc_start: [0,2142,10014,com.google.process.gapps,content provider,com.google.android.gsf/.gservices.GservicesProvider]
02-20 21:29:26.683  1667  1987 I ActivityManager: Start proc 2142:com.google.process.gapps/u0a14 for content provider com.google.android.gsf/.gservices.GservicesProvider
02-20 21:29:26.688  1920  1920 D SubscriptionController: [getActiveSubInfoList] Sub Controller not ready
02-20 21:29:26.688  1920  1920 D SubscriptionController: [addSubInfoRecord] Record already exists
02-20 21:29:26.692  1920  1920 D SubscriptionController: [addSubInfoRecord] sSlotIdxToSubId.size=1 slotId=0 subId=1 defaultSubId=1 simCount=1
02-20 21:29:26.693  1920  1920 D SubscriptionController: [setDefaultFallbackSubId] subId=1
02-20 21:29:26.693  1920  1920 D SubscriptionController: [setDefaultFallbackSubId] set mDefaultFallbackSubId=1
02-20 21:29:26.693  1920  1920 D MccTable: updateMccMncConfiguration mccmnc='310260' fromServiceState=false
02-20 21:29:26.693  1920  1920 D MccTable: updateMccMncConfiguration defaultMccMnc=310260
02-20 21:29:26.693  1920  1920 D MccTable: updateMccMncConfiguration: mcc=310, mnc=260
02-20 21:29:26.693  1920  1920 D MccTable: updateMccMncConfiguration updateConfig config={1.0 310mcc260mnc ?localeList ?layoutDir ?swdp ?wdp ?hdp ?density ?lsize ?long ?orien ?uimode ?night ?touch ?keyb/?/? ?nav/?}
02-20 21:29:26.700  1667  1667 I AccountManagerService: User 0 is unlocked - opening CE database
02-20 21:29:26.717  1667  1687 W art     : Suspending all threads took: 11.314ms
02-20 21:29:26.719  1927  1927 I am_on_paused_called: [0,com.android.settings.FallbackHome,handlePauseActivity]
02-20 21:29:26.719  1667  1961 I am_proc_bound: [0,2142,com.google.process.gapps]
02-20 21:29:26.721  1920  1920 D SubscriptionController: [setDefaultFallbackSubId] broadcast default subId changed phoneId=0 subId=1
02-20 21:29:26.722  1667  1687 I art     : Background sticky concurrent mark sweep GC freed 12066(1036KB) AllocSpace objects, 6(144KB) LOS objects, 5% free, 23MB/24MB, paused 11.858ms total 28.287ms
02-20 21:29:25.591     0     0 D ieee80211 phy1: mac80211_hwsim_configure_filter
02-20 21:29:26.738  1667  1747 I dvm_lock_sample: [system_server,0,ConditionProviders.ECP,42,ActivityManagerService.java,17625,-,18937,8]
02-20 21:29:26.740  1667  1667 I GnssLocationProvider: WakeLock acquired by sendMessage(12, 0, null)
02-20 21:29:26.744  1757  1757 I InputAttributes: InputType.TYPE_NULL is specified
02-20 21:29:26.750  2142  2142 I art     : Starting a blocking GC AddRemoveAppImageSpace
02-20 21:29:26.756  2142  2142 W System  : ClassLoader referenced unknown path: /system/priv-app/GoogleServicesFramework/lib/x86_64
02-20 21:29:26.763  1667  2103 I ActivityManager: START u0 {act=android.intent.action.MAIN cat=[android.intent.category.HOME] flg=0x10000100 cmp=com.google.android.apps.nexuslauncher/.NexusLauncherActivity} from uid 0 on display 0
02-20 21:29:26.764  1667  2103 I am_create_task: [0,296]
02-20 21:29:26.764  1667  2103 I am_create_activity: [0,118366801,296,com.google.android.apps.nexuslauncher/.NexusLauncherActivity,android.intent.action.MAIN,NULL,NULL,268435712]
02-20 21:29:26.764  1667  2103 I wm_task_created: [296,0]
02-20 21:29:26.764  1667  2103 I wm_task_moved: [296,1,1]
02-20 21:29:26.764  1667  2103 I wm_task_moved: [296,1,1]
02-20 21:29:26.764  1667  2103 I am_focused_activity: [0,com.google.android.apps.nexuslauncher/.NexusLauncherActivity,startedActivity]
02-20 21:29:26.781  1667  2103 I am_proc_start: [0,2168,10021,com.google.android.apps.nexuslauncher,activity,com.google.android.apps.nexuslauncher/.NexusLauncherActivity]
02-20 21:29:26.781  1667  2103 I ActivityManager: Start proc 2168:com.google.android.apps.nexuslauncher/u0a21 for activity com.google.android.apps.nexuslauncher/.NexusLauncherActivity
02-20 21:29:26.782  1920  1920 D SubscriptionController: [addSubInfoRecord] one sim set defaults to subId=1
02-20 21:29:26.782  1920  1920 D SubscriptionController: [setDefaultDataSubId] num phones=1, subId=1
02-20 21:29:26.783  1920  1920 D SubscriptionController: [setDefaultDataSubId] phoneId=0 subId=1 RAF=1
02-20 21:29:26.783  1920  1920 D ProxyController: setRadioCapability: Already in requested configuration, nothing to do.
02-20 21:29:26.783  1920  1920 D SubscriptionController: [updateAllDataConnectionTrackers] sPhones.length=1
02-20 21:29:26.783  1920  1920 D SubscriptionController: [updateAllDataConnectionTrackers] phoneId=0
02-20 21:29:26.783  1920  1920 D DCT     : [0]update sub = 1
02-20 21:29:26.783  1920  1920 D DCT     : [0]update(): Active DDS, register for all events now!
02-20 21:29:26.783  1920  1920 D DCT     : [0]New records found.
02-20 21:29:26.783  1920  1920 D SST     : mDeviceShuttingDown=false, mDesiredPowerState=true, getRadioState=RADIO_ON, mPowerOffDelayNeed=true, mAlarmSwitch=false, mRadioDisabledByCarrier=false
02-20 21:29:26.783  1920  1920 D GsmCdmaPhone: [GsmCdmaPhone] updateCurrentCarrierInProvider: mSubId = 1 currentDds = 1 operatorNumeric = 310260
02-20 21:29:26.787  2142  2142 I GservicesProvider: Gservices pushing to system: true; secure/global: true
02-20 21:29:26.800  1927  1974 D EGL_emulation: eglMakeCurrent: 0x78f749235320: ver 3 0 (tinfo 0x78f74920c380)
02-20 21:29:26.812  2168  2168 W art     : Unexpected CPU variant for X86 using defaults: x86_64
02-20 21:29:26.841  1667  1692 I am_proc_start: [0,2175,10069,com.android.printspooler,service,com.android.printspooler/.model.PrintSpoolerService]
02-20 21:29:26.841  1667  1692 I ActivityManager: Start proc 2175:com.android.printspooler/u0a69 for service com.android.printspooler/.model.PrintSpoolerService
02-20 21:29:26.860  1667  1694 I dvm_lock_sample: [system_server,1,android.ui,94,ActivityManagerService.java,4219,-,6916,18]
02-20 21:29:26.861  1667  1693 I sysui_count: [window_time_0,6]
02-20 21:29:26.868  1920  1949 D RILJ    : [3736]> RIL_REQUEST_GET_CELL_INFO_LIST [SUB0]
02-20 21:29:26.869  1376  1463 D RIL     : onRequest: GET_CELL_INFO_LIST
02-20 21:29:26.869  1376  1463 D RILC    : responseCellInfoList: v12
02-20 21:29:26.871  2175  2175 W art     : Unexpected CPU variant for X86 using defaults: x86_64
02-20 21:29:26.877  1920  2004 D RILJ    : [3736]< RIL_REQUEST_GET_CELL_INFO_LIST [CellInfoGsm:{mRegistered=YES mTimeStampType=modem mTimeStamp=12744973887ns CellIdentityGsm:{ mMcc=310 mMnc=260 mLac=3 mCid=91 mArfcn=10 mBsic=0x0} CellSignalStrengthGsm: ss=2082185656 ber=30620 mTa=2083265660}] [SUB0]
02-20 21:29:26.882  1667  1978 I am_proc_start: [0,2197,1000,com.android.keychain,service,com.android.keychain/.KeyChainService]
02-20 21:29:26.882  1667  1978 I ActivityManager: Start proc 2197:com.android.keychain/1000 for service com.android.keychain/.KeyChainService
02-20 21:29:26.882  1667  1961 I am_proc_bound: [0,2175,com.android.printspooler]
02-20 21:29:26.890  1920  1920 D SubscriptionController: [broadcastDefaultDataSubIdChanged] subId=1
02-20 21:29:26.891  1920  1920 D SubscriptionController: [setDefaultSmsSubId] subId=1
02-20 21:29:26.891  1920  1920 D SubscriptionController: [broadcastDefaultSmsSubIdChanged] subId=1
02-20 21:29:26.892  1920  1920 D SubscriptionController: [setDefaultVoiceSubId] subId=1
02-20 21:29:26.892  1920  1920 D SubscriptionController: [broadcastDefaultVoiceSubIdChanged] subId=1
02-20 21:29:26.892  1920  1920 D SubscriptionController: [addSubInfoRecord] hashmap(0,1)
02-20 21:29:26.910  2197  2197 W art     : Unexpected CPU variant for X86 using defaults: x86_64
02-20 21:29:26.917  1667  1747 I am_proc_start: [0,2204,10002,com.android.providers.calendar,content provider,com.android.providers.calendar/.CalendarProvider2]
02-20 21:29:26.917  1667  1747 I ActivityManager: Start proc 2204:com.android.providers.calendar/u0a2 for content provider com.android.providers.calendar/.CalendarProvider2
02-20 21:29:26.920  1920  1920 D SubscriptionController: [addSubInfoRecord] sim name = Android
02-20 21:29:26.920  1920  1920 D DCT     : [0]update sub = 1
02-20 21:29:26.920  1920  1920 D DCT     : [0]update(): Active DDS, register for all events now!
02-20 21:29:26.920  1920  1920 D GsmCdmaPhone: [GsmCdmaPhone] updateCurrentCarrierInProvider: mSubId = 1 currentDds = 1 operatorNumeric = 310260
02-20 21:29:26.926  2204  2204 W art     : Unexpected CPU variant for X86 using defaults: x86_64
02-20 21:29:26.944  1667  1690 I am_proc_bound: [0,2168,com.google.android.apps.nexuslauncher]
02-20 21:29:26.948  1920  1920 D SubscriptionController: [addSubInfoRecord]- info size=1
02-20 21:29:26.948  1920  1920 D SubscriptionInfoUpdater: newSim = false
02-20 21:29:26.949  1920  1920 D SubscriptionInfoUpdater: updateSubscriptionInfoByIccId: sInsertSimState[0] = 0
02-20 21:29:27.005  1667  1690 I am_restart_activity: [0,118366801,296,com.google.android.apps.nexuslauncher/.NexusLauncherActivity]
02-20 21:29:27.012  1667  1961 I am_proc_bound: [0,2204,com.android.providers.calendar]
02-20 21:29:27.016  2168  2168 W System  : ClassLoader referenced unknown path: /system/priv-app/NexusLauncherPrebuilt/lib/x86_64
02-20 21:29:27.019  1667  1772 I am_proc_bound: [0,2197,com.android.keychain]
02-20 21:29:27.033  1920  1920 D SubscriptionInfoUpdater: updateSubscriptionInfoByIccId: nSubCount = 1
02-20 21:29:27.034  1920  1920 D SubscriptionController: [setDefaultDataSubId] num phones=1, subId=1
02-20 21:29:27.034  1920  1920 D SubscriptionController: [setDefaultDataSubId] phoneId=0 subId=1 RAF=1
02-20 21:29:27.035  1920  1920 D ProxyController: setRadioCapability: Already in requested configuration, nothing to do.
02-20 21:29:27.036  1920  1920 D SubscriptionController: [updateAllDataConnectionTrackers] sPhones.length=1
02-20 21:29:27.036  1920  1920 D SubscriptionController: [updateAllDataConnectionTrackers] phoneId=0
02-20 21:29:27.036  1920  1920 D DCT     : [0]update sub = 1
02-20 21:29:27.036  1920  1920 D DCT     : [0]update(): Active DDS, register for all events now!
02-20 21:29:27.046  1920  1920 D GsmCdmaPhone: [GsmCdmaPhone] updateCurrentCarrierInProvider: mSubId = 1 currentDds = 1 operatorNumeric = 310260
02-20 21:29:27.078  2197  2197 W System  : ClassLoader referenced unknown path: /system/app/KeyChain/lib/x86_64
02-20 21:29:27.092  1920  1920 D SubscriptionController: [broadcastDefaultDataSubIdChanged] subId=1
02-20 21:29:27.093  1920  1920 D SubscriptionController: notifySubscriptionInfoChanged:
02-20 21:29:27.093  2204  2204 W System  : ClassLoader referenced unknown path: /system/priv-app/CalendarProvider/lib/x86_64
02-20 21:29:27.093  1920  2186 D SubscriptionMonitor: Phone[0] subId changed -2->1, 1 registrants
02-20 21:29:27.093  1920  2186 D SubscriptionMonitor: mDefaultDataSubId = 1, 1 registrants
02-20 21:29:27.093  1920  1920 D SubscriptionInfoUpdater: updateSubscriptionInfoByIccId:- SsubscriptionInfo update complete
02-20 21:29:27.094  1920  1920 D MccTable: updateMccMncConfiguration mccmnc='310260' fromServiceState=false
02-20 21:29:27.094  1920  1920 D MccTable: updateMccMncConfiguration defaultMccMnc=310260
02-20 21:29:27.094  1920  1920 D MccTable: updateMccMncConfiguration: mcc=310, mnc=260
02-20 21:29:27.094  1920  1920 D MccTable: updateMccMncConfiguration updateConfig config={1.0 310mcc260mnc ?localeList ?layoutDir ?swdp ?wdp ?hdp ?density ?lsize ?long ?orien ?uimode ?night ?touch ?keyb/?/? ?nav/?}
02-20 21:29:27.094  1667  1667 I GnssLocationProvider: WakeLock acquired by sendMessage(12, 0, null)
02-20 21:29:27.107  2142  2142 I GoogleHttpClient: GMS http client unavailable, use old client
02-20 21:29:27.131  1776  1776 I OpaLayout: Setting opa enabled to false
02-20 21:29:27.143  1776  1776 I OpaLayout: Setting opa enabled to false
02-20 21:29:27.220  1667  2226 I dvm_lock_sample: [system_server,1,Binder:1667_8,52,WindowManagerService.java,5445,WindowAnimator.java,144,10]
02-20 21:29:27.232  1920  1920 D SubscriptionController: [setMccMnc]+ mcc/mnc:310/260 subId:1
02-20 21:29:27.233  2168  2168 V Launcher: LauncherAppState inited
02-20 21:29:27.233  2204  2204 I CalendarProvider2: Created com.android.providers.calendar.CalendarAlarmManager@3f05986(com.android.providers.calendar.CalendarProvider2@c412247)
02-20 21:29:27.256  1920  1920 D SubscriptionController: notifySubscriptionInfoChanged:
02-20 21:29:27.257  1667  1667 I GnssLocationProvider: WakeLock acquired by sendMessage(12, 0, null)
02-20 21:29:27.260  1920  1920 D SubscriptionController: [getActiveSubscriptionInfo]+ subId=1 subInfo={id=1, iccId=89014103211118510720 simSlotIndex=0 displayName=Android carrierName=Android nameSource=0 iconTint=-16746133 dataRoaming=0 iconBitmap=android.graphics.Bitmap@85c79c7 mcc 310 mnc 260}
02-20 21:29:27.260  1920  1920 D SubscriptionInfoUpdater: sim name = Android
02-20 21:29:27.278  1920  1920 D SubscriptionInfoUpdater: Broadcasting intent ACTION_SIM_STATE_CHANGED LOADED reason null for mCardIndex: 0
02-20 21:29:27.279  1920  1920 D CarrierConfigLoader: update config for phoneId: 0 simState: LOADED
02-20 21:29:27.279  1920  1920 D CarrierSvcBindHelper: update binding for phoneId: 0 simState: LOADED
02-20 21:29:27.289  1920  1920 D SubscriptionController: [getActiveSubscriptionInfo]+ subId=1 subInfo={id=1, iccId=89014103211118510720 simSlotIndex=0 displayName=Android carrierName=Android nameSource=0 iconTint=-16746133 dataRoaming=0 iconBitmap=android.graphics.Bitmap@fff6592 mcc 310 mnc 260}
02-20 21:29:27.306  1667  2228 I Telecom : PhoneAccountRegistrar: [ComponentInfo{com.android.phone/com.android.services.telephony.TelephonyConnectionService}, [e0184adedf913b076626646d3f52c3b49c39ad6d], UserHandle{0}(icon: Icon(typ=BITMAP size=76x96) -> Icon(typ=BITMAP size=76x96))]: TSI.rPA@AAo
02-20 21:29:27.307  1667  2228 I Telecom : : Sending phone-account registered intent as user: TSI.rPA@AAo
02-20 21:29:27.321  1920  1920 D DCT     : [0]onRecordsLoadedOrSubIdChanged: createAllApnList
02-20 21:29:27.321  1920  1920 D DCT     : [0]createAllApnList: selection=numeric = '310260'
02-20 21:29:27.333  1667  1961 I am_proc_start: [0,2242,10067,com.google.android.deskclock,broadcast,com.google.android.deskclock/com.android.deskclock.AlarmInitReceiver]
02-20 21:29:27.333  1667  1961 I ActivityManager: Start proc 2242:com.google.android.deskclock/u0a67 for broadcast com.google.android.deskclock/com.android.deskclock.AlarmInitReceiver
02-20 21:29:27.338  1920  1920 D DCT     : [0]createApnList: X result=[[ApnSettingV3] T-Mobile US, 1, 310260, epc.tmobile.com, , http://mms.msg.eng.t-mobile.com/mms/wapenc, , , , -1, *, IP, IP, true, 0, 0, 0, false, 0, 0, 0, 0, , , false]
02-20 21:29:27.339  1920  1920 D TelephonyProvider: subIdString = 1 subId = 1
02-20 21:29:27.341  2242  2242 W art     : Unexpected CPU variant for X86 using defaults: x86_64
02-20 21:29:27.344  2248  2248 W art     : Unexpected CPU variant for X86 using defaults: x86
02-20 21:29:27.345  1667  1667 D WifiService: resetting networks because SIM was loaded
02-20 21:29:27.346  1667  1690 I am_proc_start: [0,2248,10029,com.google.android.googlequicksearchbox:search,service,com.google.android.googlequicksearchbox/com.google.android.hotword.service.HotwordService]
02-20 21:29:27.346  1667  1690 I ActivityManager: Start proc 2248:com.google.android.googlequicksearchbox:search/u0a29 for service com.google.android.googlequicksearchbox/com.google.android.hotword.service.HotwordService
02-20 21:29:27.346  1667  1732 D WifiStateMachine: resetting EAP-SIM/AKA/AKA' networks since SIM was changed
02-20 21:29:27.347  1920  1920 D DCT     : [0]getPreferredApn: mRequestedApnType=default cursor=android.content.ContentResolver$CursorWrapperInner@9d2b4d5 cursor.count=1
02-20 21:29:27.347  1920  1920 D DCT     : [0]getPreferredApn: apnSetting=[ApnSettingV3] T-Mobile US, 1, 310260, epc.tmobile.com, , http://mms.msg.eng.t-mobile.com/mms/wapenc, , , , -1, *, IP, IP, true, 0, 0, 0, false, 0, 0, 0, 0, , , false
02-20 21:29:27.347  1920  1920 D DCT     : [0]getPreferredApn: X found apnSetting[ApnSettingV3] T-Mobile US, 1, 310260, epc.tmobile.com, , http://mms.msg.eng.t-mobile.com/mms/wapenc, , , , -1, *, IP, IP, true, 0, 0, 0, false, 0, 0, 0, 0, , , false
02-20 21:29:27.348  1920  1920 D DCT     : [0]createAllApnList: mPreferredApn=[ApnSettingV3] T-Mobile US, 1, 310260, epc.tmobile.com, , http://mms.msg.eng.t-mobile.com/mms/wapenc, , , , -1, *, IP, IP, true, 0, 0, 0, false, 0, 0, 0, 0, , , false
02-20 21:29:27.348  1920  1920 D DCT     : [0]createAllApnList: X mAllApnSettings=[[ApnSettingV3] T-Mobile US, 1, 310260, epc.tmobile.com, , http://mms.msg.eng.t-mobile.com/mms/wapenc, , , , -1, *, IP, IP, true, 0, 0, 0, false, 0, 0, 0, 0, , , false]
02-20 21:29:27.348  1920  1920 D DCT     : [0]setDataProfilesAsNeeded
02-20 21:29:27.348  1920  1920 D DCT     : [0]setInitialApn: E mPreferredApn=[ApnSettingV3] T-Mobile US, 1, 310260, epc.tmobile.com, , http://mms.msg.eng.t-mobile.com/mms/wapenc, , , , -1, *, IP, IP, true, 0, 0, 0, false, 0, 0, 0, 0, , , false
02-20 21:29:27.348  1920  1920 D DCT     : [0]setInitialApn: firstApnSetting=[ApnSettingV3] T-Mobile US, 1, 310260, epc.tmobile.com, , http://mms.msg.eng.t-mobile.com/mms/wapenc, , , , -1, *, IP, IP, true, 0, 0, 0, false, 0, 0, 0, 0, , , false
02-20 21:29:27.348  1920  1920 D DCT     : [0]setInitialApn: defaultApnSetting=[ApnSettingV3] T-Mobile US, 1, 310260, epc.tmobile.com, , http://mms.msg.eng.t-mobile.com/mms/wapenc, , , , -1, *, IP, IP, true, 0, 0, 0, false, 0, 0, 0, 0, , , false
02-20 21:29:27.348  1920  1920 D DCT     : [0]setInitialAttachApn: using mPreferredApn
02-20 21:29:27.348  1920  1920 D DCT     : [0]setInitialAttachApn: X selected Apn=[ApnSettingV3] T-Mobile US, 1, 310260, epc.tmobile.com, , http://mms.msg.eng.t-mobile.com/mms/wapenc, , , , -1, *, IP, IP, true, 0, 0, 0, false, 0, 0, 0, 0, , , false
02-20 21:29:27.348  1920  1920 D RILJ    : Set RIL_REQUEST_SET_INITIAL_ATTACH_APN [SUB0]
02-20 21:29:27.348  1920  1920 D RILJ    : [3737]> RIL_REQUEST_SET_INITIAL_ATTACH_APN, apn:epc.tmobile.com, protocol:IP, authType:-1, username:none, password:none [SUB0]
02-20 21:29:27.348  1376  1463 D RIL     : onRequest: RIL_REQUEST_SET_INITIAL_ATTACH_APN
02-20 21:29:27.348  1376  1463 D RIL     : Request not supported. Tech: 1
02-20 21:29:27.348  1920  2004 D RilRequest: [3737]< RIL_REQUEST_SET_INITIAL_ATTACH_APN error: com.android.internal.telephony.CommandException: REQUEST_NOT_SUPPORTED ret=
02-20 21:29:27.349  1920  1920 D DCT     : [0]onRecordsLoadedOrSubIdChanged: notifying data availability
02-20 21:29:27.372  1667  2229 D TelephonyRegistry: Notify data connection state changed on sub: 1
02-20 21:29:27.397  1920  1920 D DCT     : [0]setupDataOnConnectableApns: simLoaded hipri:[state=IDLE,enabled=false] mms:[state=IDLE,enabled=false] supl:[state=IDLE,enabled=false] ia:[state=IDLE,enabled=false] fota:[state=IDLE,enabled=false] ims:[state=IDLE,enabled=false] cbs:[state=IDLE,enabled=false] default:[state=IDLE,enabled=false] emergency:[state=IDLE,enabled=false] 
02-20 21:29:27.400  1667  1687 I art     : Background partial concurrent mark sweep GC freed 16950(1451KB) AllocSpace objects, 15(8MB) LOS objects, 21% free, 14MB/18MB, paused 788us total 115.863ms
02-20 21:29:27.424  1667  1987 I am_proc_bound: [0,2248,com.google.android.googlequicksearchbox:search]
02-20 21:29:27.431  2168  2238 V GridSizeMigrationTask: Workspace migration completed in 23
02-20 21:29:27.431  2168  2238 D Launcher.Model: loadWorkspace: loading default favorites
02-20 21:29:27.454  1667  2070 I BackupManagerService: Found stale backup journal, scheduling
02-20 21:29:27.455  1667  1772 I am_proc_bound: [0,2242,com.google.android.deskclock]
02-20 21:29:27.469  1920  1920 I Telephony: PstnIncomingCallNotifier: Unregistering: Handler (com.android.internal.telephony.GsmCdmaPhone) {68ed5d}
02-20 21:29:27.480  2168  2168 I am_on_resume_called: [0,com.google.android.apps.nexuslauncher.NexusLauncherActivity,LAUNCH_ACTIVITY]
02-20 21:29:27.512  2079  2079 W System  : ClassLoader referenced unknown path: /system/priv-app/PrebuiltGmsCore/lib/x86_64
02-20 21:29:27.513  2079  2079 W System  : ClassLoader referenced unknown path: /system/priv-app/PrebuiltGmsCore/lib/x86_64
02-20 21:29:27.516  1920  1920 D SubscriptionController: [getActiveSubscriptionInfo]+ subId=1 subInfo={id=1, iccId=89014103211118510720 simSlotIndex=0 displayName=Android carrierName=Android nameSource=0 iconTint=-16746133 dataRoaming=0 iconBitmap=android.graphics.Bitmap@1cb6e78 mcc 310 mnc 260}
02-20 21:29:27.520  1667  1692 W GnssLocationProvider: Could not open GPS configuration file /etc/gps.conf
02-20 21:29:27.520  1667  1692 E GnssLocationProvider: no AGPS interface in set_agps_server
02-20 21:29:27.522  1667  1772 I Telecom : PhoneAccountRegistrar: New phone account registered: [[ ] PhoneAccount: ComponentInfo{com.android.phone/com.android.services.telephony.TelephonyConnectionService}, [e2f7d48dd2b5ca523e7313cf4ba0f6ea830b6281], UserHandle{0} Capabilities: CallProvider MultiUser PlaceEmerg SimSub  Schemes: tel voicemail  Extras: null GroupId: [da39a3ee5e6b4b0d3255bfef95601890afd80709]]: TSI.rPA@AAs
02-20 21:29:27.525  1667  1772 I Telecom : : Sending phone-account registered intent as user: TSI.rPA@AAs
02-20 21:29:27.527  1776  1776 E BluetoothAdapter: Bluetooth binder is null
02-20 21:29:27.547  1920  1920 I Telephony: AccountEntry: Registered phoneAccount: [[ ] PhoneAccount: ComponentInfo{com.android.phone/com.android.services.telephony.TelephonyConnectionService}, [e2f7d48dd2b5ca523e7313cf4ba0f6ea830b6281], UserHandle{0} Capabilities: CallProvider MultiUser PlaceEmerg SimSub  Schemes: tel voicemail  Extras: null GroupId: [da39a3ee5e6b4b0d3255bfef95601890afd80709]] with handle: ComponentInfo{com.android.phone/com.android.services.telephony.TelephonyConnectionService}, [e2f7d48dd2b5ca523e7313cf4ba0f6ea830b6281], UserHandle{0}
02-20 21:29:27.547  1920  1920 I Telephony: PstnIncomingCallNotifier: Registering: Handler (com.android.internal.telephony.GsmCdmaPhone) {68ed5d}
02-20 21:29:27.552  1920  1920 I Telephony: TelecomAccountRegistry: Unregistering phone account ComponentInfo{com.android.phone/com.android.services.telephony.TelephonyConnectionService}, [e0184adedf913b076626646d3f52c3b49c39ad6d], UserHandle{0}.
02-20 21:29:27.554  2079  2079 W System  : ClassLoader referenced unknown path: /system/priv-app/PrebuiltGmsCore/lib/x86_64
02-20 21:29:27.562  2079  2079 W System  : ClassLoader referenced unknown path: /system/priv-app/PrebuiltGmsCore/lib/x86_64
02-20 21:29:27.563  1776  1788 I art     : Background sticky concurrent mark sweep GC freed 6984(1884KB) AllocSpace objects, 1(40KB) LOS objects, 11% free, 15MB/17MB, paused 3.123ms total 127.828ms
02-20 21:29:27.566  1667  1690 I Telecom : : Sending phone-account unregistered intent as user: TSI.uPA@AA0
02-20 21:29:27.573  2079  2079 W linker  : /data/user_de/0/com.google.android.gms/app_extracted_libs/x86_64/libconscrypt_gmscore_jni.so: unused DT entry: type 0xf arg 0x12a
02-20 21:29:27.578  1920  1920 D SST     : SubscriptionListener.onSubscriptionInfoChanged
02-20 21:29:27.578  1920  1949 D SST     : SST.getAllCellInfo(): return last, back to back calls
02-20 21:29:27.579  1920  1920 D PhoneFactory: calculatePreferredNetworkType: phoneSubId = 1 networkType = 0
02-20 21:29:27.579  1920  1920 D Phone   : setPreferredNetworkType: Abort, unknown RAF: 1 101902
02-20 21:29:27.579  1920  1937 D SST     : SST.getAllCellInfo(): return last, back to back calls
02-20 21:29:27.579  1920  1937 D SST     : SST.getAllCellInfo(): return last, back to back calls
02-20 21:29:27.579  1920  1920 D Phone   : setNetworkSelectionModeAutomatic, querying current mode
02-20 21:29:27.580  1920  1920 D RILJ    : [3738]> QUERY_NETWORK_SELECTION_MODE [SUB0]
02-20 21:29:27.580  1376  1463 D RIL     : onRequest: QUERY_NETWORK_SELECTION_MODE
02-20 21:29:27.580  1376  1463 D AT      : AT> AT+COPS?
02-20 21:29:27.580  1376  1467 D AT      : AT< +COPS: 0,2,310260
02-20 21:29:27.580  1376  1467 D AT      : AT< OK
02-20 21:29:27.580  1920  2004 D RILJ    : [3738]< QUERY_NETWORK_SELECTION_MODE {0} [SUB0]
02-20 21:29:27.581  1920  1920 D TelephonyManager: setTelephonyProperty: success phoneId=0 property=gsm.network.type value: LTE propVal=LTE
02-20 21:29:27.581  1920  1920 D SubscriptionController: [setCarrierText]+ text:Android subId:1
02-20 21:29:27.601  2079  2079 V NativeCrypto: Registering com/google/android/gms/org/conscrypt/NativeCrypto's 276 native methods...
02-20 21:29:27.615  1314  1357 E SurfaceFlinger: ro.sf.lcd_density must be defined as a build property
02-20 21:29:27.618  2168  2168 D         : HostConnection::get() New Host Connection established 0x78f744a3a2a0, tid 2168
02-20 21:29:27.630  1920  1920 D SubscriptionController: notifySubscriptionInfoChanged:
02-20 21:29:27.630  1667  1667 I GnssLocationProvider: WakeLock acquired by sendMessage(12, 0, null)
02-20 21:29:27.632  1776  1776 I CameraManagerGlobal: Connecting to camera service
02-20 21:29:27.633  1920  1920 D SIMRecords: [SIMRecords] getServiceProviderName: no brandOverride, providerName=Android
02-20 21:29:27.633  1920  1920 D SIMRecords: [SIMRecords] getServiceProviderName: no brandOverride, providerName=Android
02-20 21:29:27.645  1367  1367 V EmulatedCamera_Camera: getCameraInfo
02-20 21:29:27.645  1367  1367 V EmulatedCamera_BaseCamera: getCameraInfo
02-20 21:29:27.645  1367  1367 I CameraService: getCameraCharacteristics: Switching to HAL1 shim implementation...
02-20 21:29:27.645  1367  1367 V EmulatedCamera_Camera: getCameraInfo
02-20 21:29:27.645  1367  1367 V EmulatedCamera_BaseCamera: getCameraInfo
02-20 21:29:27.645  1367  1367 I CameraService: CameraService::connect call (PID -1 "cameraserver", camera ID 0) for HAL version default and Camera API version 1
02-20 21:29:27.645  1367  1367 E CameraService: getCameraPriorityFromProcState: Received invalid process state -1 from ActivityManagerService!
02-20 21:29:27.645  1367  1367 V EmulatedCamera_Camera: getCameraInfo
02-20 21:29:27.645  1367  1367 V EmulatedCamera_BaseCamera: getCameraInfo
02-20 21:29:27.649  1920  1920 D SST     : updateSpnDisplay: changed sending intent rule=1 showPlmn='false' plmn='Android' showSpn='true' spn='Android' dataSpn='Android' subId='1'
02-20 21:29:27.666  1374  2283 E WVMExtractor: Failed to open libwvm.so: dlopen failed: library "libwvm.so" not found
02-20 21:29:27.678  1374  2281 D NuPlayerDriver: notifyListener_l(0xf0fa8d80), (1, 0, 0), loop setting(0, 0)
