02-20 21:30:34.676  1676  1725 D VoldConnector: SND -> {4 volume user_added 0 0}
02-20 21:30:34.677  1676  1726 D VoldConnector: RCV <- {200 4 Command succeeded}
02-20 21:30:34.679  1366  1395 I AudioFlinger: systemReady
02-20 21:30:34.682  1676  1725 D VoldConnector: SND -> {5 volume mount emulated 3 -1}
02-20 21:30:34.691  1267  1302 V vold    : Waiting for FUSE to spin up...
02-20 21:30:34.692  1676  1726 D VoldConnector: RCV <- {651 emulated 1}
02-20 21:30:34.694  1676  1726 D VoldConnector: RCV <- {656 emulated /data/media}
02-20 21:30:34.694  1676  1726 D VoldConnector: RCV <- {655 emulated /storage/emulated}
02-20 21:30:34.713  1676  1676 I Zygote  : Process: zygote socket opened, supported ABIS: x86
02-20 21:30:34.714  1365  1562 I art     : Starting a blocking GC HeapTrim
02-20 21:30:34.718  1365  1365 I art     : Starting a blocking GC Background
02-20 21:30:34.722  1785  1785 W sdcard  : Device explicitly disabled sdcardfs
02-20 21:30:34.725     0     0 D SELinux : initialized (dev fuse, type fuse), uses genfs_contexts
02-20 21:30:34.726     0     0 D SELinux : initialized (dev fuse, type fuse), uses genfs_contexts
02-20 21:30:34.727     0     0 D SELinux : initialized (dev fuse, type fuse), uses genfs_contexts
02-20 21:30:34.744  1676  1726 D VoldConnector: RCV <- {651 emulated 2}
02-20 21:30:34.744  1376  1489 D AT      : AT< +CGREG: 1,1
02-20 21:30:34.744  1376  1489 D AT      : AT< +CTEC: 1+CREG: 2,1, "0003", "005b"
02-20 21:30:34.744  1376  1489 D RIL     : Response: +CTEC: 1+CREG: 2,1, "0003", "005b"
02-20 21:30:34.744  1376  1489 D RIL     : line remaining after int: 1, "0003", "005b"
02-20 21:30:34.744  1376  1489 D RIL     : setRadioTechnology(1)
02-20 21:30:34.744  1376  1489 D RIL     : Tech change (0 => 1)
02-20 21:30:34.744  1376  1489 D AT      : AT< +CGREG: 1,1
02-20 21:30:34.744  1676  1726 D VoldConnector: RCV <- {200 5 Command succeeded}
02-20 21:30:34.744  1676  1725 D VoldConnector: SND -> {6 volume mount public:253,64 2 0}
02-20 21:30:34.744  1267  1302 V vold    : /system/bin/blkid
02-20 21:30:34.744  1267  1302 V vold    :     -c
02-20 21:30:34.744  1267  1302 V vold    :     /dev/null
02-20 21:30:34.744  1267  1302 V vold    :     -s
02-20 21:30:34.744  1267  1302 V vold    :     TYPE
02-20 21:30:34.744  1267  1302 V vold    :     -s
02-20 21:30:34.744  1267  1302 V vold    :     UUID
02-20 21:30:34.744  1267  1302 V vold    :     -s
02-20 21:30:34.744  1267  1302 V vold    :     LABEL
02-20 21:30:34.744  1267  1302 V vold    :     /dev/block/vold/public:253,64
02-20 21:30:34.745  1676  1726 D VoldConnector: RCV <- {651 public:253,64 1}
02-20 21:30:34.744     0     0 W healthd : battery l=100 v=0 t=0.0 h=2 st=2 chg=a
02-20 21:30:34.774  1676  1676 W ActivityManager: Slow operation: 92ms so far, now at startProcess: returned from zygote!
02-20 21:30:34.774  1676  1676 W ActivityManager: Slow operation: 92ms so far, now at startProcess: done updating battery stats
02-20 21:30:34.774  1676  1676 I am_proc_start: [0,1800,1037,WebViewLoader-x86,,]
02-20 21:30:34.777  1676  1676 W ActivityManager: Slow operation: 92ms so far, now at startProcess: building log message
02-20 21:30:34.777  1676  1676 I ActivityManager: Start proc 1800:WebViewLoader-x86/1037 [android.webkit.WebViewFactory$RelroFileCreator] for 
02-20 21:30:34.777  1676  1676 W ActivityManager: Slow operation: 95ms so far, now at startProcess: starting to update pids map
02-20 21:30:34.777  1676  1676 W ActivityManager: Slow operation: 95ms so far, now at startProcess: done updating pids map
02-20 21:30:34.777  1676  1676 W ActivityManager: Slow operation: 95ms so far, now at startProcess: done starting proc!
02-20 21:30:34.778  1676  1788 E WVMExtractor: Failed to open libwvm.so: dlopen failed: library "libwvm.so" not found
02-20 21:30:34.771     0     0 D ieee80211 phy1: hw scan 2422 MHz
02-20 21:30:34.784  1267  1302 V vold    : /dev/block/vold/public:253,64: LABEL="SDCARD" UUID="1E12-0B12" TYPE="vfat" 
02-20 21:30:34.784  1267  1302 V vold    : 
02-20 21:30:34.785  1267  1302 V vold    : /system/bin/fsck_msdos
02-20 21:30:34.785  1267  1302 V vold    :     -p
02-20 21:30:34.785  1267  1302 V vold    :     -f
02-20 21:30:34.785  1267  1302 V vold    :     /dev/block/vold/public:253,64
02-20 21:30:34.785  1676  1726 D VoldConnector: RCV <- {652 public:253,64 vfat}
02-20 21:30:34.785  1676  1726 D VoldConnector: RCV <- {653 public:253,64 1E12-0B12}
02-20 21:30:34.785  1676  1726 D VoldConnector: RCV <- {654 public:253,64 SDCARD}
02-20 21:30:34.789  1676  1676 I am_proc_start: [0,1806,1037,WebViewLoader-x86_64,,]
02-20 21:30:34.789  1676  1676 I ActivityManager: Start proc 1806:WebViewLoader-x86_64/1037 [android.webkit.WebViewFactory$RelroFileCreator] for 
02-20 21:30:34.789  1676  1688 I am_proc_bound: [0,1760,com.android.systemui]
02-20 21:30:34.800  1676  1676 D NetworkManagement: enabling bandwidth control
02-20 21:30:34.808  1806  1806 W art     : Unexpected CPU variant for X86 using defaults: x86_64
02-20 21:30:34.833  1800  1800 W art     : Unexpected CPU variant for X86 using defaults: x86
02-20 21:30:34.852  1374  1374 I MediaPlayerService: MediaPlayerService::getOMX
02-20 21:30:34.852  1806  1806 V WebViewFactory: RelroFileCreator (64bit = true),  32-bit lib: /system/app/Chrome/Chrome.apk!/lib/x86/libmonochrome.so, 64-bit lib: /system/app/Chrome/Chrome.apk!/lib/x86_64/libmonochrome.so
02-20 21:30:34.852  1374  1374 I OMXClient: MuxOMX ctor
02-20 21:30:34.855  1374  1374 I MediaPlayerService: MediaPlayerService::getOMX
02-20 21:30:34.855  1374  1374 I OMXClient: MuxOMX ctor
02-20 21:30:34.855  1371  1371 I OMXMaster: makeComponentInstance(OMX.google.mp3.decoder) in mediacodec process
02-20 21:30:34.868  1760  1760 W System  : ClassLoader referenced unknown path: /system/priv-app/SystemUIGoogle/lib/x86_64
02-20 21:30:34.871  1267  1302 I fsck_msdos: ** /dev/block/vold/public:253,64
02-20 21:30:34.873  1267  1302 I fsck_msdos: ** Phase 1 - Read and Compare FATs
02-20 21:30:34.873  1267  1302 I fsck_msdos: Attempting to allocate 1022 KB for FAT
02-20 21:30:34.894  1800  1800 V WebViewFactory: RelroFileCreator (64bit = false),  32-bit lib: /system/app/Chrome/Chrome.apk!/lib/x86/libmonochrome.so, 64-bit lib: /system/app/Chrome/Chrome.apk!/lib/x86_64/libmonochrome.so
02-20 21:30:34.891     0     0 D ieee80211 phy1: hw scan 2427 MHz
02-20 21:30:34.934  1676  1733 D WifiController: DEFERRED_TOGGLE handled
02-20 21:30:34.985  1374  1374 I MediaPlayerService: MediaPlayerService::getOMX
02-20 21:30:34.986  1374  1374 I OMXClient: MuxOMX ctor
02-20 21:30:34.986  1371  1383 I OMXMaster: makeComponentInstance(OMX.google.amrnb.decoder) in mediacodec process
02-20 21:30:34.994  1374  1374 I MediaPlayerService: MediaPlayerService::getOMX
02-20 21:30:34.995  1374  1374 I OMXClient: MuxOMX ctor
02-20 21:30:34.995  1371  1371 I OMXMaster: makeComponentInstance(OMX.google.amrwb.decoder) in mediacodec process
02-20 21:30:34.997  1374  1374 I MediaPlayerService: MediaPlayerService::getOMX
02-20 21:30:34.997  1374  1374 I OMXClient: MuxOMX ctor
02-20 21:30:34.997  1371  1840 I OMXMaster: makeComponentInstance(OMX.google.aac.decoder) in mediacodec process
02-20 21:30:35.011  1374  1374 I MediaPlayerService: MediaPlayerService::getOMX
02-20 21:30:35.011  1374  1374 I OMXClient: MuxOMX ctor
02-20 21:30:35.011  1371  1383 I OMXMaster: makeComponentInstance(OMX.google.g711.alaw.decoder) in mediacodec process
02-20 21:30:35.010     0     0 D ieee80211 phy1: hw scan 2432 MHz
02-20 21:30:35.042  1754  1754 I LatinIME: Hardware accelerated drawing: true
02-20 21:30:35.068  1267  1302 I fsck_msdos: Attempting to allocate 1022 KB for FAT
02-20 21:30:35.076  1375  1675 D SoftapController: Softap fwReload - Ok
02-20 21:30:35.110  1374  1374 I MediaPlayerService: MediaPlayerService::getOMX
02-20 21:30:35.110  1374  1374 I OMXClient: MuxOMX ctor
02-20 21:30:35.110  1371  1842 I OMXMaster: makeComponentInstance(OMX.google.g711.mlaw.decoder) in mediacodec process
02-20 21:30:35.132     0     0 D ieee80211 phy1: hw scan 2437 MHz
02-20 21:30:35.189  1800  1800 I art     : System.exit called, status: 0
02-20 21:30:35.189  1800  1800 I AndroidRuntime: VM exiting with result code 0, cleanup skipped.
02-20 21:30:35.190  1760  1760 V SystemUIService: Starting SystemUI services for user 0.
02-20 21:30:35.190  1267  1302 I fsck_msdos: ** Phase 2 - Check Cluster Chains
02-20 21:30:35.196  1267  1302 I fsck_msdos: ** Phase 3 - Checking Directories
02-20 21:30:35.198  1267  1302 I fsck_msdos: ** Phase 4 - Checking for Lost Files
02-20 21:30:35.199  1267  1302 I fsck_msdos: 27 files, 522176 free (261088 clusters)
02-20 21:30:35.214  1374  1374 I MediaPlayerService: MediaPlayerService::getOMX
02-20 21:30:35.215  1374  1374 I OMXClient: MuxOMX ctor
02-20 21:30:35.215  1371  1383 I OMXMaster: makeComponentInstance(OMX.google.vorbis.decoder) in mediacodec process
02-20 21:30:35.231  1267  1302 I Vold    : Filesystem check completed OK
02-20 21:30:35.232  1676  1726 D VoldConnector: RCV <- {656 public:253,64 /mnt/media_rw/1E12-0B12}
02-20 21:30:35.234  1676  1726 D VoldConnector: RCV <- {655 public:253,64 /storage/1E12-0B12}
02-20 21:30:35.236     0     0 W FAT-fs (vde): Volume was not properly unmounted. Some data may be corrupt. Please run fsck.
02-20 21:30:35.246  1267  1302 V vold    : Waiting for FUSE to spin up...
02-20 21:30:35.247  1760  1760 V MediaRouter: Adding route: RouteInfo{ name=Phone, description=null, status=null, category=RouteCategory{ name=null types=ROUTE_TYPE_LIVE_AUDIO ROUTE_TYPE_LIVE_VIDEO  groupable=false }, supportedTypes=ROUTE_TYPE_LIVE_AUDIO ROUTE_TYPE_LIVE_VIDEO , presentationDisplay=null }
02-20 21:30:35.248  1760  1760 V MediaRouter: Updating audio routes: AudioRoutesInfo{ type=SPEAKER }
02-20 21:30:35.250  1760  1760 V MediaRouter: Selecting route: RouteInfo{ name=Phone, description=null, status=null, category=RouteCategory{ name=null types=ROUTE_TYPE_LIVE_AUDIO ROUTE_TYPE_LIVE_VIDEO  groupable=false }, supportedTypes=ROUTE_TYPE_LIVE_AUDIO ROUTE_TYPE_LIVE_VIDEO , presentationDisplay=null }
02-20 21:30:35.245     0     0 D SELinux : initialized (dev vde, type vfat), uses genfs_contexts
02-20 21:30:35.258  1806  1806 I art     : System.exit called, status: 0
02-20 21:30:35.258  1806  1806 I AndroidRuntime: VM exiting with result code 0, cleanup skipped.
02-20 21:30:35.251     0     0 D ieee80211 phy1: hw scan 2442 MHz
02-20 21:30:35.261  1676  1779 D TelephonyRegistry: listen oscl: hasNotifySubscriptionInfoChangedOccurred==false no callback
02-20 21:30:35.262  1862  1862 W sdcard  : Device explicitly disabled sdcardfs
02-20 21:30:35.271  1754  1754 W InputAttributes: No editor info for this field. Bug?
02-20 21:30:35.277  1676  1676 W NetworkManagement: setDataSaverMode(): already false
02-20 21:30:35.278  1375  1675 D CommandListener: Setting iface cfg
02-20 21:30:35.278  1375  1675 D CommandListener: Trying to bring down wlan0
02-20 21:30:35.277     0     0 D SELinux : initialized (dev fuse, type fuse), uses genfs_contexts
02-20 21:30:35.279  1375  1675 D CommandListener: Clearing all IP addresses on wlan0
02-20 21:30:35.289  1676  1734 E WifiMonitor: killSupplicant p2pfalse init.svc.wpa_supplicant=unknown init.svc.p2p_supplicant=unknown
02-20 21:30:35.289  1676  1734 E wifi    : Can not initialize the vendor function pointer table
02-20 21:30:35.289  1676  1734 E WifiNative-HAL: Could not start hal
02-20 21:30:35.289  1676  1734 E WifiStateMachine: Failed to start HAL
02-20 21:30:35.288     0     0 D SELinux : initialized (dev fuse, type fuse), uses genfs_contexts
02-20 21:30:35.291     0     0 I init    : Starting service 'wpa_supplicant'...
02-20 21:30:35.292  1676  1734 D WifiMonitor: startMonitoring(wlan0) with mConnected = false
02-20 21:30:35.293  1676  1734 E WifiHW  : Unable to open connection to supplicant on "@android:wpa_wlan0": No such file or directory
02-20 21:30:35.295  1374  1374 I MediaPlayerService: MediaPlayerService::getOMX
02-20 21:30:35.296  1374  1374 I OMXClient: MuxOMX ctor
02-20 21:30:35.296  1371  1383 I OMXMaster: makeComponentInstance(OMX.google.opus.decoder) in mediacodec process
02-20 21:30:35.296  1754  1869 I LatinIME:LogUtils: Dictionary info: dictionary = userunigram.en_US ; version = 1519162235 ; date = ?
02-20 21:30:35.296  1754  1869 E ActivityThread: Failed to find provider info for user_dictionary
02-20 21:30:35.297  1267  1302 V vold    : Waiting for FUSE to spin up...
02-20 21:30:35.297  1754  1869 I LatinIME:LogUtils: Dictionary info: dictionary = UserHistoryDictionary.en_US ; version = 1519162235 ; date = ?
02-20 21:30:35.312     0     0 D SELinux : initialized (dev fuse, type fuse), uses genfs_contexts
02-20 21:30:35.334  1760  1878 E WVMExtractor: Failed to open libwvm.so: dlopen failed: library "libwvm.so" not found
02-20 21:30:35.351  1676  1726 D VoldConnector: RCV <- {651 public:253,64 2}
02-20 21:30:35.351  1676  1726 D VoldConnector: RCV <- {200 6 Command succeeded}
02-20 21:30:35.352  1676  1725 E VoldConnector: NDC Command {6 volume mount public:253,64 2 0} took too long (608ms)
02-20 21:30:35.352  1754  1869 I LatinIME:LogUtils: Dictionary info: dictionary = main:en ; version = 54 ; date = 1414726273
02-20 21:30:35.353  1374  1374 I MediaPlayerService: MediaPlayerService::getOMX
02-20 21:30:35.353  1374  1374 I OMXClient: MuxOMX ctor
02-20 21:30:35.353  1371  1840 I OMXMaster: makeComponentInstance(OMX.google.raw.decoder) in mediacodec process
02-20 21:30:35.355  1374  1374 I MediaPlayerService: MediaPlayerService::getOMX
02-20 21:30:35.355  1374  1374 I OMXClient: MuxOMX ctor
02-20 21:30:35.355  1371  1840 I OMXMaster: makeComponentInstance(OMX.google.aac.encoder) in mediacodec process
02-20 21:30:35.360  1374  1374 I MediaPlayerService: MediaPlayerService::getOMX
02-20 21:30:35.360  1374  1374 I OMXClient: MuxOMX ctor
02-20 21:30:35.360  1371  1371 I OMXMaster: makeComponentInstance(OMX.google.amrnb.encoder) in mediacodec process
02-20 21:30:35.363  1374  1374 I MediaPlayerService: MediaPlayerService::getOMX
02-20 21:30:35.363  1374  1374 I OMXClient: MuxOMX ctor
02-20 21:30:35.364  1371  1371 I OMXMaster: makeComponentInstance(OMX.google.amrwb.encoder) in mediacodec process
02-20 21:30:35.374  1374  1374 I MediaPlayerService: MediaPlayerService::getOMX
02-20 21:30:35.375  1374  1374 I OMXClient: MuxOMX ctor
02-20 21:30:35.375  1371  1371 I OMXMaster: makeComponentInstance(OMX.google.flac.encoder) in mediacodec process
02-20 21:30:35.375  1676  1676 D NetworkPolicy: setRestrictBackgroundUL(): false
02-20 21:30:35.372     0     0 D ieee80211 phy1: hw scan 2447 MHz
02-20 21:30:35.376  1676  1676 W NetworkManagement: setDataSaverMode(): already false
02-20 21:30:35.407  1871  1871 I wpa_supplicant: Successfully initialized wpa_supplicant
02-20 21:30:35.408     0     0 D ieee80211 phy0: mac80211_hwsim_start
02-20 21:30:35.408     0     0 D ieee80211 phy0: mac80211_hwsim_add_interface (type=2 mac_addr=02:00:00:44:55:66)
02-20 21:30:35.408     0     0 D ieee80211 phy0: mac80211_hwsim_bss_info_changed(changed=0xe)
02-20 21:30:35.408     0     0 D ieee80211 phy0: ERP_CTS_PROT: 0
02-20 21:30:35.408     0     0 D ieee80211 phy0: ERP_PREAMBLE: 0
02-20 21:30:35.408     0     0 D ieee80211 phy0: ERP_SLOT: 0
02-20 21:30:35.408     0     0 D ieee80211 phy0: mac80211_hwsim_conf_tx (queue=0 txop=0 cw_min=15 cw_max=1023 aifs=2)
02-20 21:30:35.408     0     0 D ieee80211 phy0: mac80211_hwsim_conf_tx (queue=1 txop=0 cw_min=15 cw_max=1023 aifs=2)
02-20 21:30:35.408     0     0 D ieee80211 phy0: mac80211_hwsim_conf_tx (queue=2 txop=0 cw_min=15 cw_max=1023 aifs=2)
02-20 21:30:35.408     0     0 D ieee80211 phy0: mac80211_hwsim_conf_tx (queue=3 txop=0 cw_min=15 cw_max=1023 aifs=2)
02-20 21:30:35.408     0     0 D ieee80211 phy0: mac80211_hwsim_bss_info_changed(changed=0x2000)
02-20 21:30:35.408     0     0 D ieee80211 phy0: mac80211_hwsim_config (freq=0 idle=0 ps=0 smps=auto)
02-20 21:30:35.408     0     0 D ieee80211 phy0: mac80211_hwsim_configure_filter
02-20 21:30:35.409     0     0 D ieee80211 phy0: mac80211_hwsim_configure_filter
02-20 21:30:35.409     0     0 I IPv6    : ADDRCONF(NETDEV_UP): wlan0: link is not ready
02-20 21:30:35.408  1871  1871 I wpa_supplicant: rfkill: Cannot open RFKILL control device
02-20 21:30:35.411  1871  1871 I wpa_supplicant: nl80211: Could not re-add multicast membership for vendor events: -2 (No such file or directory)
02-20 21:30:35.423  1374  1374 I MediaPlayerService: MediaPlayerService::getOMX
02-20 21:30:35.423  1374  1374 I OMXClient: MuxOMX ctor
02-20 21:30:35.423  1371  1842 I OMXMaster: makeComponentInstance(OMX.google.gsm.decoder) in mediacodec process
02-20 21:30:35.445  1374  1374 I MediaPlayerService: MediaPlayerService::getOMX
02-20 21:30:35.445  1374  1374 I OMXClient: MuxOMX ctor
02-20 21:30:35.445  1371  1371 I OMXMaster: makeComponentInstance(OMX.google.mpeg4.decoder) in mediacodec process
02-20 21:30:35.475  1676  1676 I SystemServiceManager: Starting phase 600
02-20 21:30:35.479  1371  1840 E OMXNodeInstance: getExtensionIndex(55b000f:google.mpeg4.decoder, OMX.google.android.index.configureVideoTunnelMode) ERROR: UnsupportedIndex(0x8000101a)
02-20 21:30:35.479  1371  1842 W OMXNodeInstance: [55b000f:google.mpeg4.decoder] component does not support metadata mode; using fallback
02-20 21:30:35.480  1871  1871 E wpa_supplicant: global ctrl interface @android:wpa_wlan0 matches ctrl interface wlan0 - do not open per-interface ctrl interface
02-20 21:30:35.481  1374  1374 I MediaPlayerService: MediaPlayerService::getOMX
02-20 21:30:35.481  1374  1374 I OMXClient: MuxOMX ctor
02-20 21:30:35.482  1371  1383 I OMXMaster: makeComponentInstance(OMX.google.h263.decoder) in mediacodec process
02-20 21:30:35.490     0     0 D ieee80211 phy1: hw scan 2452 MHz
02-20 21:30:35.491  1676  1691 W WindowManager: Keyguard drawn timeout. Setting mKeyguardDrawComplete
02-20 21:30:35.500  1676  1676 D SensorNotificationService: Cannot obtain dynamic meta sensor, not supported.
02-20 21:30:35.501  1676  1730 I netstats_mobile_sample: [0,0,0,0,0,0,0,0,0,0,0,0,-1]
02-20 21:30:35.501  1676  1730 I netstats_wifi_sample: [0,0,0,0,0,0,0,0,0,0,0,0,-1]
02-20 21:30:35.505  1676  1686 I art     : Background sticky concurrent mark sweep GC freed 46045(2MB) AllocSpace objects, 13(272KB) LOS objects, 13% free, 21MB/24MB, paused 6.374ms total 28.827ms
02-20 21:30:35.507  1676  1676 D TelephonyRegistry: listen oscl: hasNotifySubscriptionInfoChangedOccurred==false no callback
02-20 21:30:35.522  1676  1676 I GnssLocationProvider: WakeLock acquired by sendMessage(13, 0, null)
02-20 21:30:35.524  1676  1676 W LocationProviderProxy-network: Odd, no component found for service com.android.location.service.v3.NetworkLocationProvider
02-20 21:30:35.527  1676  1676 W GeocoderProxy: Odd, no component found for service com.android.location.service.GeocodeProvider
02-20 21:30:35.529  1676  1676 E FlpHardwareProvider: Error hw_get_module 'flp': -2
02-20 21:30:35.529  1676  1676 D LocationManagerService: FLP HAL not supported
02-20 21:30:35.530  1676  1676 W GeofenceProxy: Odd, no component found for service com.android.location.service.GeofenceProvider
02-20 21:30:35.530  1676  1676 E ActivityRecognitionHardware: Error hw_get_module: -2
02-20 21:30:35.530  1676  1676 D LocationManagerService: Hardware Activity-Recognition not supported.
02-20 21:30:35.530  1676  1676 W ActivityRecognitionProxy: Odd, no component found for service com.android.location.service.ActivityRecognitionProvider
02-20 21:30:35.531  1676  1689 W GnssLocationProvider: Could not open GPS configuration file /etc/gps.conf
02-20 21:30:35.531  1676  1689 E GnssLocationProvider: no AGPS interface in set_agps_server
02-20 21:30:35.532  1676  1676 I GnssLocationProvider: WakeLock acquired by sendMessage(2, 1, null)
02-20 21:30:35.537  1676  1689 D TelephonyRegistry: listen oscl: hasNotifySubscriptionInfoChangedOccurred==false no callback
02-20 21:30:35.538  1676  1676 I CommonTimeManagementService: No common time service detected on this platform.  Common time services will be unavailable.
02-20 21:30:35.539  1676  1676 D TelephonyRegistry: systemRunning register for intents
02-20 21:30:35.539  1676  1676 I MmsServiceBroker: Delay connecting to MmsService until an API is called
02-20 21:30:35.569  1676  1722 I InputReader: Reconfiguring input devices.  changes=0x00000020
02-20 21:30:35.572  1676  1676 I am_proc_start: [0,1914,1001,com.android.phone,added application,com.android.phone]
02-20 21:30:35.572  1676  1676 I ActivityManager: Start proc 1914:com.android.phone/1001 for added application com.android.phone
02-20 21:30:35.573  1676  1676 I ActivityManager: START u0 {act=android.intent.action.MAIN cat=[android.intent.category.HOME] flg=0x10000100 cmp=com.android.settings/.FallbackHome} from uid 0 on display 0
02-20 21:30:35.574  1676  1676 W System  : ClassLoader referenced unknown path: 
02-20 21:30:35.574  1676  1676 W System  : ClassLoader referenced unknown path: /system/priv-app/Settings/lib/x86_64
02-20 21:30:35.574  1676  1676 D ApplicationLoaders: ignored Vulkan layer search path /system/priv-app/Settings/lib/x86_64:/system/priv-app/Settings/Settings.apk!/lib/x86_64:/system/lib64:/vendor/lib64 for namespace 0x7dbb4f6c9160
02-20 21:30:35.576  1676  1722 I InputReader: Reconfiguring input devices.  changes=0x00000010
02-20 21:30:35.585  1676  1676 I ActivityManager: Loaded persisted task ids for user 0
02-20 21:30:35.586  1676  1676 I am_create_task: [0,1]
02-20 21:30:35.586  1676  1676 I am_create_activity: [0,96905365,1,com.android.settings/.FallbackHome,android.intent.action.MAIN,NULL,NULL,276824320]
02-20 21:30:35.587  1676  1676 I wm_task_created: [1,0]
02-20 21:30:35.587  1676  1676 I wm_task_moved: [1,1,0]
02-20 21:30:35.587  1676  1676 I wm_task_moved: [1,1,0]
02-20 21:30:35.588  1676  1676 I am_focused_activity: [0,com.android.settings/.FallbackHome,startedActivity]
02-20 21:30:35.591  1914  1914 W art     : Unexpected CPU variant for X86 using defaults: x86_64
02-20 21:30:35.595  1371  1842 E OMXNodeInstance: getExtensionIndex(55b0010:google.h263.decoder, OMX.google.android.index.configureVideoTunnelMode) ERROR: UnsupportedIndex(0x8000101a)
02-20 21:30:35.595  1371  1371 W OMXNodeInstance: [55b0010:google.h263.decoder] component does not support metadata mode; using fallback
02-20 21:30:35.598  1676  1689 I GnssLocationProvider: WakeLock released by handleMessage(13, 0, null)
02-20 21:30:35.599  1923  1923 W art     : Unexpected CPU variant for X86 using defaults: x86_64
02-20 21:30:35.601  1374  1374 I MediaPlayerService: MediaPlayerService::getOMX
02-20 21:30:35.601  1374  1374 I OMXClient: MuxOMX ctor
02-20 21:30:35.601  1371  1840 I OMXMaster: makeComponentInstance(OMX.google.h264.decoder) in mediacodec process
02-20 21:30:35.602  1676  1676 I am_proc_start: [0,1923,1000,com.android.settings,activity,com.android.settings/.FallbackHome]
02-20 21:30:35.602  1676  1676 I ActivityManager: Start proc 1923:com.android.settings/1000 for activity com.android.settings/.FallbackHome
02-20 21:30:35.604  1676  1687 I am_proc_bound: [0,1914,com.android.phone]
02-20 21:30:35.604  1676  1676 I SystemServer: Enabled StrictMode for system server main thread.
02-20 21:30:35.612  1676  1676 D ConditionProviders.SCP: onConnected
02-20 21:30:35.612  1676  1676 D ZenLog  : set_zen_mode: off,readXml
02-20 21:30:35.613  1676  1676 D ConditionProviders: Subscribing to condition://android/schedule?days=6.7&start=23.30&end=10.0&exitAtAlarm=false with ComponentInfo{android/com.android.server.notification.ScheduleConditionProvider}
02-20 21:30:35.613  1676  1676 D ZenLog  : subscribe: condition://android/schedule?days=6.7&start=23.30&end=10.0&exitAtAlarm=false,ok
02-20 21:30:35.613  1676  1676 D ConditionProviders: Subscribing to condition://android/event?userId=-10000&calendar=&reply=1 with ComponentInfo{android/com.android.server.notification.EventConditionProvider}
02-20 21:30:35.613  1676  1676 D ZenLog  : subscribe: condition://android/event?userId=-10000&calendar=&reply=1,ok
02-20 21:30:35.613  1676  1676 D ConditionProviders: Subscribing to condition://android/schedule?days=1.2.3.4.5&start=22.0&end=7.0&exitAtAlarm=false with ComponentInfo{android/com.android.server.notification.ScheduleConditionProvider}
02-20 21:30:35.611     0     0 D ieee80211 phy1: hw scan 2457 MHz
02-20 21:30:35.613  1676  1676 D ZenLog  : subscribe: condition://android/schedule?days=1.2.3.4.5&start=22.0&end=7.0&exitAtAlarm=false,ok
02-20 21:30:35.628  1676  1689 E GnssLocationProvider: no AGPS interface in set_agps_server
02-20 21:30:35.635  1676  1779 I am_proc_bound: [0,1923,com.android.settings]
02-20 21:30:35.637  1676  1689 I GnssLocationProvider: WakeLock released by handleMessage(2, 1, null)
02-20 21:30:35.638  1676  1689 W LocationProviderProxy-network: Odd, no component found for service com.android.location.service.v3.NetworkLocationProvider
02-20 21:30:35.638  1676  1689 W GeocoderProxy: Odd, no component found for service com.android.location.service.GeocodeProvider
02-20 21:30:35.638  1676  1689 W GeofenceProxy: Odd, no component found for service com.android.location.service.GeofenceProvider
02-20 21:30:35.638  1676  1689 W ActivityRecognitionProxy: Odd, no component found for service com.android.location.service.ActivityRecognitionProvider
02-20 21:30:35.638  1760  1760 I vol.Events: writeEvent collection_started
02-20 21:30:35.659  1374  1374 W ACodec  : [OMX.google.h264.decoder] stopping checking profiles after 32: 2/8000
02-20 21:30:35.660  1371  1371 E OMXNodeInstance: getExtensionIndex(55b0011:google.h264.decoder, OMX.google.android.index.configureVideoTunnelMode) ERROR: UnsupportedIndex(0x8000101a)
02-20 21:30:35.660  1371  1383 W OMXNodeInstance: [55b0011:google.h264.decoder] component does not support metadata mode; using fallback
02-20 21:30:35.661  1914  1914 W System  : ClassLoader referenced unknown path: /system/priv-app/TeleService/lib/x86_64
02-20 21:30:35.663  1374  1374 I MediaPlayerService: MediaPlayerService::getOMX
02-20 21:30:35.663  1374  1374 I OMXClient: MuxOMX ctor
02-20 21:30:35.663  1371  1383 I OMXMaster: makeComponentInstance(OMX.google.hevc.decoder) in mediacodec process
02-20 21:30:35.683  1312  1358 D PermissionCache: checking android.permission.READ_FRAME_BUFFER for uid=1000 => granted (246 us)
02-20 21:30:35.701  1371  1840 E OMXNodeInstance: getExtensionIndex(55b0012:google.hevc.decoder, OMX.google.android.index.configureVideoTunnelMode) ERROR: UnsupportedIndex(0x8000101a)
02-20 21:30:35.701  1371  1383 W OMXNodeInstance: [55b0012:google.hevc.decoder] component does not support metadata mode; using fallback
02-20 21:30:35.703  1374  1374 I MediaPlayerService: MediaPlayerService::getOMX
02-20 21:30:35.703  1374  1374 I OMXClient: MuxOMX ctor
02-20 21:30:35.703  1371  1371 I OMXMaster: makeComponentInstance(OMX.google.vp8.decoder) in mediacodec process
02-20 21:30:35.726  1312  1358 D gralloc_ranchu: gralloc_alloc: Creating ashmem region of size 17051648
02-20 21:30:35.734  1371  1383 E OMXNodeInstance: getExtensionIndex(55b0013:google.vp8.decoder, OMX.google.android.index.configureVideoTunnelMode) ERROR: UnsupportedIndex(0x8000101a)
02-20 21:30:35.734  1371  1371 W OMXNodeInstance: [55b0013:google.vp8.decoder] component does not support metadata mode; using fallback
02-20 21:30:35.735  1374  1374 I MediaPlayerService: MediaPlayerService::getOMX
02-20 21:30:35.736  1374  1374 I OMXClient: MuxOMX ctor
02-20 21:30:35.736  1371  1840 I OMXMaster: makeComponentInstance(OMX.google.vp9.decoder) in mediacodec process
02-20 21:30:35.731     0     0 D ieee80211 phy1: hw scan 2462 MHz
02-20 21:30:35.754  1371  1371 E OMXNodeInstance: getExtensionIndex(55b0014:google.vp9.decoder, OMX.google.android.index.configureVideoTunnelMode) ERROR: UnsupportedIndex(0x8000101a)
02-20 21:30:35.755  1371  1840 W OMXNodeInstance: [55b0014:google.vp9.decoder] component does not support metadata mode; using fallback
02-20 21:30:35.755  1374  1374 I MediaPlayerService: MediaPlayerService::getOMX
02-20 21:30:35.756  1374  1374 I OMXClient: MuxOMX ctor
02-20 21:30:35.756  1371  1842 I OMXMaster: makeComponentInstance(OMX.google.h263.encoder) in mediacodec process
02-20 21:30:35.772  1371  1842 I SoftMPEG4Encoder: Construct SoftMPEG4Encoder
02-20 21:30:35.774  1374  1374 W ACodec  : do not know color format 0x7f000789 = 2130708361
02-20 21:30:35.774  1371  1840 E OMXNodeInstance: getConfig(55b0015:google.h263.encoder, ConfigAndroidIntraRefresh(0x6f60000a)) ERROR: Undefined(0x80001001)
02-20 21:30:35.775  1374  1374 I MediaPlayerService: MediaPlayerService::getOMX
02-20 21:30:35.776  1374  1374 I OMXClient: MuxOMX ctor
02-20 21:30:35.776  1371  1383 I OMXMaster: makeComponentInstance(OMX.google.h264.encoder) in mediacodec process
02-20 21:30:35.805  1374  1374 W ACodec  : do not know color format 0x7f000789 = 2130708361
02-20 21:30:35.806  1374  1374 I MediaPlayerService: MediaPlayerService::getOMX
02-20 21:30:35.806  1374  1374 I OMXClient: MuxOMX ctor
02-20 21:30:35.806  1371  1371 I OMXMaster: makeComponentInstance(OMX.google.mpeg4.encoder) in mediacodec process
02-20 21:30:35.826  1676  1779 I am_restart_activity: [0,96905365,1,com.android.settings/.FallbackHome]
02-20 21:30:35.827  1676  1688 W art     : Long monitor contention with owner Binder:1676_3 (1779) at void com.android.server.am.ActivityManagerService.attachApplication(android.app.IApplicationThread)(ActivityManagerService.java:6669) waiters=1 in java.lang.String com.android.server.am.ActivityManagerService.checkContentProviderAccess(java.lang.String, int) for 185ms
02-20 21:30:35.827  1676  1688 I dvm_lock_sample: [system_server,1,Binder:1676_2,185,ActivityManagerService.java,10435,-,6669,37]
02-20 21:30:35.828  1676  1676 W art     : Long monitor contention with owner Binder:1676_3 (1779) at void com.android.server.am.ActivityManagerService.attachApplication(android.app.IApplicationThread)(ActivityManagerService.java:6669) waiters=2 in int com.android.server.am.ActivityManagerService.getMemoryTrimLevel() for 185ms
02-20 21:30:35.828  1676  1676 I dvm_lock_sample: [system_server,1,main,185,ActivityManagerService.java,14091,-,6669,37]
02-20 21:30:35.846  1923  1923 W System  : ClassLoader referenced unknown path: /system/priv-app/Settings/lib/x86_64
02-20 21:30:35.846  1760  1946 I sysui_action: [213,2]
02-20 21:30:35.846  1760  1946 I vol.Events: writeEvent external_ringer_mode_changed normal
02-20 21:30:35.847  1760  1946 I vol.Events: writeEvent internal_ringer_mode_changed normal
02-20 21:30:35.847  1676  1736 I WifiScanningService: wifi driver unloaded
02-20 21:30:35.847  1676  1676 D RttService: SCAN_AVAILABLE : 1
02-20 21:30:35.847  1676  1737 D RttService: DefaultState got{ when=0 what=160513 target=com.android.internal.util.StateMachine$SmHandler }
02-20 21:30:35.847  1676  1676 D ZenLog  : set_zen_mode: off,cleanUpZenRules
02-20 21:30:35.864  1914  1914 W System  : ClassLoader referenced unknown path: /system/priv-app/TelephonyProvider/lib/x86_64
02-20 21:30:35.864  1914  1914 D ApplicationLoaders: ignored Vulkan layer search path /system/priv-app/TelephonyProvider/lib/x86_64:/system/lib64:/vendor/lib64 for namespace 0x7dbb4f65e0f0
02-20 21:30:35.857     0     0 D ieee80211 phy1: hw scan complete
02-20 21:30:35.857     0     0 D ieee80211 phy1: mac80211_hwsim_get_survey (idx=0)
02-20 21:30:35.876  1371  1371 I SoftMPEG4Encoder: Construct SoftMPEG4Encoder
02-20 21:30:35.878  1374  1374 W ACodec  : do not know color format 0x7f000789 = 2130708361
02-20 21:30:35.878  1371  1383 E OMXNodeInstance: getConfig(55b0017:google.mpeg4.encoder, ConfigAndroidIntraRefresh(0x6f60000a)) ERROR: Undefined(0x80001001)
02-20 21:30:35.882  1676  1676 W System  : ClassLoader referenced unknown path: /system/priv-app/Telecom/lib/x86_64
02-20 21:30:35.883  1676  1676 D ApplicationLoaders: ignored Vulkan layer search path /system/priv-app/Telecom/lib/x86_64:/system/priv-app/Telecom/Telecom.apk!/lib/x86_64:/system/lib64:/vendor/lib64 for namespace 0x7dbb4f6c91d0
02-20 21:30:35.883  1374  1374 I MediaPlayerService: MediaPlayerService::getOMX
02-20 21:30:35.883  1374  1374 I OMXClient: MuxOMX ctor
02-20 21:30:35.883  1371  1383 I OMXMaster: makeComponentInstance(OMX.google.vp8.encoder) in mediacodec process
02-20 21:30:35.890  1914  1914 D TelephonyProvider: dbh.onOpen: ok, queried table=siminfo
02-20 21:30:35.890  1914  1914 D TelephonyProvider: dbh.onOpen: ok, queried table=carriers
02-20 21:30:35.890  1509  1509 E hostapd : Using interface wlan1 with hwaddr 02:00:00:00:01:00 and ssid "AndroidWifi"
02-20 21:30:35.891  1509  1509 I hostapd : wlan1: interface state HT_SCAN->ENABLED
02-20 21:30:35.891  1509  1509 I hostapd : wlan1: AP-ENABLED 
02-20 21:30:35.891     0     0 D ieee80211 phy1: mac80211_hwsim_config (freq=0 idle=0 ps=0 smps=auto)
02-20 21:30:35.891     0     0 D ieee80211 phy1: add channel context control: 2447 MHz/width: 2/cfreqs:2437/0 MHz
02-20 21:30:35.891     0     0 D ieee80211 phy1: mac80211_hwsim_bss_info_changed(changed=0x40000)
02-20 21:30:35.891     0     0 D ieee80211 phy1: TX Power: 20 dBm
02-20 21:30:35.891     0     0 D ieee80211 phy1: mac80211_hwsim_bss_info_changed(changed=0x4000)
02-20 21:30:35.891     0     0 D ieee80211 phy1: change channel context control: 2447 MHz/width: 2/cfreqs:2437/0 MHz
02-20 21:30:35.891     0     0 D ieee80211 phy1: mac80211_hwsim_bss_info_changed(changed=0x88340)
02-20 21:30:35.891     0     0 D ieee80211 phy1: BCNINT: 100
02-20 21:30:35.891     0     0 D ieee80211 phy1: BCN EN: 1
02-20 21:30:35.891     0     0 D ieee80211 phy1: mac80211_hwsim_bss_info_changed(changed=0x3e)
02-20 21:30:35.891     0     0 D ieee80211 phy1: ERP_CTS_PROT: 0
02-20 21:30:35.891     0     0 D ieee80211 phy1: ERP_PREAMBLE: 0
02-20 21:30:35.891     0     0 D ieee80211 phy1: ERP_SLOT: 1
02-20 21:30:35.891     0     0 D ieee80211 phy1: HT: op_mode=0x0
02-20 21:30:35.891     0     0 D ieee80211 phy1: BASIC_RATES: 0xf
02-20 21:30:35.891     0     0 D ieee80211 phy1: mac80211_hwsim_conf_tx (queue=0 txop=47 cw_min=3 cw_max=7 aifs=1)
02-20 21:30:35.891     0     0 D ieee80211 phy1: mac80211_hwsim_bss_info_changed(changed=0x2000)
02-20 21:30:35.891     0     0 D ieee80211 phy1: mac80211_hwsim_conf_tx (queue=1 txop=94 cw_min=7 cw_max=15 aifs=1)
02-20 21:30:35.891     0     0 D ieee80211 phy1: mac80211_hwsim_bss_info_changed(changed=0x2000)
02-20 21:30:35.891     0     0 D ieee80211 phy1: mac80211_hwsim_conf_tx (queue=2 txop=0 cw_min=15 cw_max=63 aifs=3)
02-20 21:30:35.891     0     0 D ieee80211 phy1: mac80211_hwsim_bss_info_changed(changed=0x2000)
02-20 21:30:35.891     0     0 D ieee80211 phy1: mac80211_hwsim_conf_tx (queue=3 txop=0 cw_min=15 cw_max=1023 aifs=7)
02-20 21:30:35.891     0     0 D ieee80211 phy1: mac80211_hwsim_bss_info_changed(changed=0x2000)
02-20 21:30:35.891     0     0 I IPv6    : ADDRCONF(NETDEV_CHANGE): wlan1: link becomes ready
02-20 21:30:35.894     0     0 D ieee80211 phy1: mac80211_hwsim_configure_filter
02-20 21:30:35.937  1374  1374 W ACodec  : do not know color format 0x7f000789 = 2130708361
02-20 21:30:35.937  1371  1371 E OMXNodeInstance: getConfig(55b0018:google.vp8.encoder, ConfigAndroidIntraRefresh(0x6f60000a)) ERROR: Undefined(0x80001001)
02-20 21:30:35.941  1374  1374 I MediaPlayerService: MediaPlayerService::getOMX
02-20 21:30:35.941  1374  1374 I OMXClient: MuxOMX ctor
02-20 21:30:35.946  1374  1374 I MediaPlayerService: MediaPlayerService::getOMX
02-20 21:30:35.946  1374  1374 I OMXClient: MuxOMX ctor
02-20 21:30:35.946  1374  1374 W MediaCodecList: unable to open media codecs configuration xml file: /data/misc/media/media_codecs_profiling_results.xml
02-20 21:30:35.946  1374  1374 I MediaPlayerService: MediaPlayerService::getOMX
02-20 21:30:35.946  1374  1414 I MediaPlayerService: MediaPlayerService::getOMX
02-20 21:30:35.946  1676  1817 I OMXClient: MuxOMX ctor
02-20 21:30:35.946  1760  1882 I OMXClient: MuxOMX ctor
02-20 21:30:35.949  1371  1383 I OMXMaster: makeComponentInstance(OMX.google.vorbis.decoder) in mediacodec process
02-20 21:30:35.979  1923  1923 I am_on_resume_called: [0,com.android.settings.FallbackHome,LAUNCH_ACTIVITY]
02-20 21:30:36.009  1312  1358 E SurfaceFlinger: ro.sf.lcd_density must be defined as a build property
02-20 21:30:36.012  1676  1676 E BluetoothAdapter: Bluetooth binder is null
02-20 21:30:36.013  1914  1914 D TDC     : updateOrInsert: inserting: Modem { uuid=modem, state=0, rilModel=0, rat={}, maxActiveVoiceCall=1, maxActiveDataCall=1, maxStandby=1 }
02-20 21:30:36.014  1914  1914 D TDC     : updateOrInsert: inserting: Sim { uuid=sim, modemUuid=modem, state=0 }
02-20 21:30:36.030  1914  1914 D CdmaSSM : subscriptionSource from settings: 0
02-20 21:30:36.030  1914  1914 I PhoneFactory: Cdma Subscription set to 0
02-20 21:30:36.042  1676  1676 I Telecom : SystemStateProvider: Registering car mode receiver: android.content.IntentFilter@31169b0: TS.init@AAA
02-20 21:30:36.045  1923  1923 D         : HostConnection::get() New Host Connection established 0x7dbb40bf8ca0, tid 1923
02-20 21:30:36.064  1914  1914 I PhoneFactory: Network Mode set to 0
02-20 21:30:36.078  1371  1842 I OMXMaster: makeComponentInstance(OMX.google.vorbis.decoder) in mediacodec process
02-20 21:30:36.081  1676  1978 I Telecom : Telecom: Non-call EVENT: AUDIO_ROUTE, Entering state QuiescentEarpieceRoute
02-20 21:30:36.081  1914  1914 D RILJ    : RIL(context, preferredNetworkType=0 cdmaSubscription=0)
02-20 21:30:36.098  1914  1914 D RILJ    : Starting RILReceiver0 [SUB0]
02-20 21:30:36.102  1676  1984 I Telecom : CallAudioModeStateMachine: Message received: null.: TS.init->CAMSM.pM_1@AAA_0
02-20 21:30:36.107  1914  1986 I RILJ    : (0) Connected to 'rild' socket
02-20 21:30:36.107  1376  1487 I RILC    : libril: new connection to RIL_SOCKET_1
02-20 21:30:36.107  1376  1487 I RILC    : RIL Daemon version: android reference-ril 1.0
02-20 21:30:36.107  1914  1986 D RILJ    : [UNSL]< UNSOL_RIL_CONNECTED {12} [SUB0]
02-20 21:30:36.111  1914  1914 D RILJ    : [3648]> GET_HARDWARE_CONFIG [SUB0]
02-20 21:30:36.111  1914  1986 D RILJ    : [3649]> RADIO_POWER off [SUB0]
02-20 21:30:36.113  1676  1985 E ActivityThread: Failed to find provider info for call_log
02-20 21:30:36.113  1676  1676 E BluetoothAdapter: Bluetooth binder is null
02-20 21:30:36.113  1374  1414 I MediaPlayerService: MediaPlayerService::getOMX
02-20 21:30:36.113  1676  1987 I OMXClient: MuxOMX ctor
02-20 21:30:36.113  1914  1914 I PhoneFactory: Creating SubscriptionController
02-20 21:30:36.114  1376  1487 D RIL     : onRequest: GET_HARDWARE_CONFIG
02-20 21:30:36.120  1371  1383 I OMXMaster: makeComponentInstance(OMX.google.vorbis.decoder) in mediacodec process
02-20 21:30:36.121  1914  1986 D RILJ    : [3650]> RIL_REQUEST_CDMA_SET_SUBSCRIPTION_SOURCE : 0 [SUB0]
02-20 21:30:36.121  1676  1676 I Telecom : Class: TelecomSystem.INSTANCE being set
02-20 21:30:36.121  1676  1676 E BluetoothAdapter: Bluetooth binder is null
02-20 21:30:36.122  1914  1986 D RILJ    : setCellInfoListRate: 2147483647 [SUB0]
02-20 21:30:36.122  1376  1487 D RIL     : onRequest: RADIO_POWER
02-20 21:30:36.122  1914  1986 D RILJ    : [3651]> RIL_REQUEST_SET_CELL_INFO_LIST_RATE [SUB0]
02-20 21:30:36.124  1376  1487 D RIL     : onRequest: CDMA_SET_SUBSCRIPTION_SOURCE
02-20 21:30:36.124  1914  1986 D RILJ    : [UNSL]< UNSOL_RESPONSE_RADIO_STATE_CHANGED RADIO_OFF [SUB0]
02-20 21:30:36.124  1914  1986 D RILJ    : [3652]> SCREEN_STATE: true [SUB0]
02-20 21:30:36.124  1376  1487 D RIL     : onRequest: SET_UNSOL_CELL_INFO_LIST_RATE
02-20 21:30:36.125  1914  1986 D RILJ    : [UNSL]< UNSOL_NITZ_TIME_RECEIVED 18/02/20:21:30:30+0:0:Unknown!Unknown [SUB0]
02-20 21:30:36.126  1376  1487 D RIL     : onRequest: SCREEN_STATE
02-20 21:30:36.127  1914  1986 D RilRequest: [3648]< GET_HARDWARE_CONFIG error: com.android.internal.telephony.CommandException: RADIO_NOT_AVAILABLE ret=
02-20 21:30:36.127  1914  1986 D RILJ    : [3649]< RADIO_POWER  [SUB0]
02-20 21:30:36.127  1914  1986 D RilRequest: [3650]< RIL_REQUEST_CDMA_SET_SUBSCRIPTION_SOURCE error: com.android.internal.telephony.CommandException: RADIO_NOT_AVAILABLE ret=
02-20 21:30:36.127  1914  1986 D RilRequest: [3651]< RIL_REQUEST_SET_CELL_INFO_LIST_RATE error: com.android.internal.telephony.CommandException: RADIO_NOT_AVAILABLE ret=
02-20 21:30:36.127  1914  1986 D RilRequest: [3652]< SCREEN_STATE error: com.android.internal.telephony.CommandException: RADIO_NOT_AVAILABLE ret=
02-20 21:30:36.128  1676  1676 W ContextImpl: Calling a method in the system process without a qualified user: android.app.ContextImpl.startService:1357 com.android.server.content.SyncManager$13.run:658 android.os.Handler.handleCallback:751 android.os.Handler.dispatchMessage:95 android.os.Looper.loop:154 
02-20 21:30:36.129  1676  1687 I stream_devices_changed: [0,0,2]
02-20 21:30:36.129  1676  1687 I stream_devices_changed: [2,0,2]
02-20 21:30:36.129  1676  1687 I stream_devices_changed: [3,0,2]
02-20 21:30:36.138  1676  1687 I stream_devices_changed: [6,0,2]
02-20 21:30:36.139  1676  1687 I stream_devices_changed: [4,0,2]
02-20 21:30:36.139  1760  1946 I vol.Events: writeEvent level_changed STREAM_ALARM 6
02-20 21:30:36.140  1760  1946 I vol.Events: writeEvent level_changed STREAM_BLUETOOTH_SCO 7
02-20 21:30:36.141  1760  1946 I vol.Events: writeEvent level_changed STREAM_MUSIC 11
02-20 21:30:36.145  1914  1914 D SubscriptionController: [SubscriptionController] init by Context
02-20 21:30:36.145  1760  1946 I vol.Events: writeEvent level_changed STREAM_RING 5
02-20 21:30:36.145  1760  1946 I vol.Events: writeEvent level_changed STREAM_SYSTEM 5
02-20 21:30:36.146  1760  1946 I vol.Events: writeEvent level_changed STREAM_VOICE_CALL 4
02-20 21:30:36.157  1374  1374 I MediaPlayerService: MediaPlayerService::getOMX
02-20 21:30:36.157  1760  1996 I OMXClient: MuxOMX ctor
02-20 21:30:36.157  1371  1842 I OMXMaster: makeComponentInstance(OMX.google.vorbis.decoder) in mediacodec process
02-20 21:30:36.197  1923  1977 D         : HostConnection::get() New Host Connection established 0x7dbb40bf8d60, tid 1977
02-20 21:30:36.200  1923  1977 I OpenGLRenderer: Initialized EGL, version 1.4
02-20 21:30:36.200  1923  1977 D OpenGLRenderer: Swap behavior 1
02-20 21:30:36.202  1914  1914 D UiccController: Creating UiccController
02-20 21:30:36.203  1374  1414 I MediaPlayerService: MediaPlayerService::getOMX
02-20 21:30:36.203  1914  1914 D TelephonyTester: register for intent action=com.android.internal.telephony.action_detached
02-20 21:30:36.203  1914  1914 D TelephonyTester: register for intent action=com.android.internal.telephony.action_attached
02-20 21:30:36.214  1676  1999 I OMXClient: MuxOMX ctor
02-20 21:30:36.215  1371  1383 I OMXMaster: makeComponentInstance(OMX.google.vorbis.decoder) in mediacodec process
02-20 21:30:36.220  1676  1676 W System  : ClassLoader referenced unknown path: /system/priv-app/FusedLocation/lib/x86_64
02-20 21:30:36.221  1676  1676 D ApplicationLoaders: ignored Vulkan layer search path /system/priv-app/FusedLocation/lib/x86_64:/system/priv-app/FusedLocation/FusedLocation.apk!/lib/x86_64:/system/lib64:/vendor/lib64 for namespace 0x7dbb4f6c9240
02-20 21:30:36.224  1923  1977 D EGL_emulation: eglCreateContext: 0x7dbb40b792a0: maj 3 min 0 rcv 3
02-20 21:30:36.228  1914  1914 D Phone   : mDoesRilSendMultipleCallRing=true
02-20 21:30:36.228  1914  1914 D Phone   : mCallRingDelay=3000
02-20 21:30:36.229  1676  1676 D GpsNetInitiatedHandler: location enabled :true
02-20 21:30:36.229  1676  1676 V WiredAccessoryManager: notifyWiredAccessoryChanged: when=0 bits= mask=54
02-20 21:30:36.229  1676  1676 V WiredAccessoryManager: newName=h2w newState=0 headsetState=0 prev headsetState=0
02-20 21:30:36.229  1676  1676 E WiredAccessoryManager: No state change.
02-20 21:30:36.229  1676  1676 V WiredAccessoryManager: init()
02-20 21:30:36.246  1914  1914 D RILJ    : [3653]> RIL_REQUEST_START_LCE [SUB0]
02-20 21:30:36.247  1376  1487 D RIL     : onRequest: <unknown request>
02-20 21:30:36.247  1914  1986 D RilRequest: [3653]< RIL_REQUEST_START_LCE error: com.android.internal.telephony.CommandException: RADIO_NOT_AVAILABLE ret=
02-20 21:30:36.249  1374  1374 I MediaPlayerService: MediaPlayerService::getOMX
02-20 21:30:36.249  1760  2009 I OMXClient: MuxOMX ctor
02-20 21:30:36.253  1371  1842 I OMXMaster: makeComponentInstance(OMX.google.vorbis.decoder) in mediacodec process
02-20 21:30:36.264  1914  1914 E RIL_ImsSms: getFormat should never be called from here!
02-20 21:30:36.264  1914  1914 D SMSDispatcher: SMSDispatcher: ctor mSmsCapable=true format=unknown mSmsSendDisabled=false
02-20 21:30:36.264  1914  1914 D RIL_ImsSms: ImsSMSDispatcher created
02-20 21:30:36.265  1914  1914 D SMSDispatcher: SMSDispatcher: ctor mSmsCapable=true format=3gpp2 mSmsSendDisabled=false
02-20 21:30:36.265  1914  1914 D CdmaSMSDispatcher: CdmaSMSDispatcher created
02-20 21:30:36.268  1374  1841 I MediaPlayerService: MediaPlayerService::getOMX
02-20 21:30:36.268  1676  2010 I OMXClient: MuxOMX ctor
02-20 21:30:36.270  1371  1840 I OMXMaster: makeComponentInstance(OMX.google.vorbis.decoder) in mediacodec process
02-20 21:30:36.281  1312  1324 E SurfaceFlinger: ro.sf.lcd_density must be defined as a build property
02-20 21:30:36.286  1760  1760 D         : HostConnection::get() New Host Connection established 0x7dbb40abb840, tid 1760
02-20 21:30:36.292  1914  1914 D GsmInboundSmsHandler: created InboundSmsHandler
02-20 21:30:36.306  1676  1676 W VibratorService: Tried to stop vibrating but there is no vibrator device.
02-20 21:30:36.306  1914  1914 D CdmaInboundSmsHandler: created InboundSmsHandler
02-20 21:30:36.308  1676  1676 D ConditionProviders.SCP: onSubscribe condition://android/schedule?days=6.7&start=23.30&end=10.0&exitAtAlarm=false
02-20 21:30:36.308  1914  1914 D SMSDispatcher: SMSDispatcher: ctor mSmsCapable=true format=3gpp mSmsSendDisabled=false
02-20 21:30:36.308  1676  1676 D ConditionProviders.SCP: setRegistered true
02-20 21:30:36.308  1914  1914 D GsmSMSDispatcher: GsmSMSDispatcher created
02-20 21:30:36.308  1676  1676 D ConditionProviders.SCP: notifyCondition condition://android/schedule?days=6.7&start=23.30&end=10.0&exitAtAlarm=false STATE_FALSE reason=!meetsSchedule
02-20 21:30:36.314  1923  1977 D EGL_emulation: eglMakeCurrent: 0x7dbb40b792a0: ver 3 0 (tinfo 0x7dbb4ae9ca20)
02-20 21:30:36.329  1676  1676 D ConditionProviders.SCP: Scheduling evaluate for Tue Feb 20 23:30:00 GMT+00:00 2018 (1519169400000), in +1h59m23s692ms, now=Tue Feb 20 21:30:36 GMT+00:00 2018 (1519162236308)
02-20 21:30:36.329  1676  1676 D ConditionProviders.SCP: onSubscribe condition://android/schedule?days=1.2.3.4.5&start=22.0&end=7.0&exitAtAlarm=false
02-20 21:30:36.329  1676  1676 D ConditionProviders.SCP: notifyCondition condition://android/schedule?days=6.7&start=23.30&end=10.0&exitAtAlarm=false STATE_FALSE reason=!meetsSchedule
02-20 21:30:36.329  1676  1676 D ConditionProviders.SCP: notifyCondition condition://android/schedule?days=1.2.3.4.5&start=22.0&end=7.0&exitAtAlarm=false STATE_FALSE reason=!meetsSchedule
02-20 21:30:36.330  1676  1676 D ConditionProviders.SCP: Scheduling evaluate for Tue Feb 20 22:00:00 GMT+00:00 2018 (1519164000000), in +29m23s671ms, now=Tue Feb 20 21:30:36 GMT+00:00 2018 (1519162236329)
02-20 21:30:36.330  1676  1676 I Telecom : WiredHeadsetManager: ACTION_HEADSET_PLUG event, plugged in: false, : WHC.oADA@AAE
02-20 21:30:36.333  1914  2016 D GsmInboundSmsHandler: StartupState.processMessage:6
02-20 21:30:36.333  1914  2016 D GsmInboundSmsHandler: entering Idle state
02-20 21:30:36.333  1914  2023 D CdmaInboundSmsHandler: StartupState.processMessage:6
02-20 21:30:36.333  1914  2023 D CdmaInboundSmsHandler: entering Idle state
02-20 21:30:36.335  1676  1676 I ActivityManager: user 0 is still locked. Cannot load recents
02-20 21:30:36.336  1760  1760 D StorageNotification: Notifying about private volume: VolumeInfo{private}:
02-20 21:30:36.336  1760  1760 D StorageNotification:     type=PRIVATE diskId=null partGuid=null mountFlags=0 mountUserId=-1 
02-20 21:30:36.336  1760  1760 D StorageNotification:     state=MOUNTED 
02-20 21:30:36.336  1760  1760 D StorageNotification:     fsType=null fsUuid=null fsLabel=null 
02-20 21:30:36.336  1760  1760 D StorageNotification:     path=/data internalPath=null 
02-20 21:30:36.338  1676  1734 D WifiConfigManager: Loading config and enabling all networks 
02-20 21:30:36.339  1374  1885 I MediaPlayerService: MediaPlayerService::getOMX
02-20 21:30:36.339  1676  2024 I OMXClient: MuxOMX ctor
02-20 21:30:36.339  1371  1995 I OMXMaster: makeComponentInstance(OMX.google.vorbis.decoder) in mediacodec process
02-20 21:30:36.342  1760  1760 D StorageNotification: Notifying about public volume: VolumeInfo{public:253,64}:
02-20 21:30:36.342  1760  1760 D StorageNotification:     type=PUBLIC diskId=disk:253,64 partGuid=null mountFlags=VISIBLE 
02-20 21:30:36.342  1760  1760 D StorageNotification:     mountUserId=0 state=MOUNTED 
02-20 21:30:36.342  1760  1760 D StorageNotification:     fsType=vfat fsUuid=1E12-0B12 fsLabel=SDCARD 
02-20 21:30:36.342  1760  1760 D StorageNotification:     path=/storage/1E12-0B12 internalPath=/mnt/media_rw/1E12-0B12 
02-20 21:30:36.363  1914  1914 D IccCardProxy: ctor: ci=com.android.internal.telephony.RIL@bac2bbe phoneId=0
02-20 21:30:36.363  1914  1914 D CdmaSSM : subscriptionSource from settings: 0
02-20 21:30:36.363  1914  1914 D CdmaSSM : cdmaSSM constructor: 0
02-20 21:30:36.363  1914  1914 D IccCardProxy: update icc_operator_numeric=
02-20 21:30:36.363  1914  1914 D TelephonyManager: setTelephonyProperty: success phoneId=0 property=gsm.sim.operator.numeric value:  propVal=
02-20 21:30:36.363  1914  1914 D TelephonyManager: setTelephonyProperty: success phoneId=0 property=gsm.sim.operator.iso-country value:  propVal=
02-20 21:30:36.363  1914  1914 D TelephonyManager: setTelephonyProperty: success phoneId=0 property=gsm.sim.operator.alpha value:  propVal=
