02-20 19:35:18.570  1373  1485 D AT      : AT< +CCHC
02-20 19:35:18.570  1373  1485 D AT      : AT< OK
02-20 19:35:18.570  1922  1922 D SIMRecords: [SIMRecords] onRecordLoaded 15 requested: true
02-20 19:35:18.570  1922  1922 D SIMRecords: [SIMRecords] onRecordLoaded 14 requested: true
02-20 19:35:18.570  1922  1922 E SIMRecords: [SIMRecords] Exception in fetching EF_CSP data com.android.internal.telephony.CommandException: GENERIC_FAILURE
02-20 19:35:18.570  1922  1922 D SIMRecords: [SIMRecords] onRecordLoaded 13 requested: true
02-20 19:35:18.570  1922  1922 E SIMRecords: [SIMRecords] Exception in get GID1 com.android.internal.telephony.CommandException: GENERIC_FAILURE
02-20 19:35:18.570  1922  1922 D SIMRecords: [SIMRecords] onRecordLoaded 12 requested: true
02-20 19:35:18.570  1922  2010 D RILJ    : [3731]< RIL_REQUEST_SIM_CLOSE_CHANNEL  [SUB0]
02-20 19:35:18.570  1922  1922 E SIMRecords: [SIMRecords] Exception in get GID2 com.android.internal.telephony.CommandException: GENERIC_FAILURE
02-20 19:35:18.570  1922  1922 D SIMRecords: [SIMRecords] onRecordLoaded 11 requested: true
02-20 19:35:18.570  1922  1922 D RuimRecords: [RuimRecords] EF_PL LOADED
02-20 19:35:18.570  1922  1922 E RuimRecords: [RuimRecords] Record Load Exception: com.android.internal.telephony.CommandException: GENERIC_FAILURE
02-20 19:35:18.570  1922  1922 D RuimRecords: [RuimRecords] onRecordLoaded 8 requested: true
02-20 19:35:18.570  1922  1922 D RuimRecords: [RuimRecords] EF_CSIM_LI LOADED
02-20 19:35:18.570  1922  1922 E RuimRecords: [RuimRecords] Record Load Exception: com.android.internal.telephony.CommandException: GENERIC_FAILURE
02-20 19:35:18.570  1922  1922 D RuimRecords: [RuimRecords] onRecordLoaded 7 requested: true
02-20 19:35:18.571  1922  1922 D RuimRecords: [RuimRecords] EF_CSIM_SPN LOADED
02-20 19:35:18.571  1922  1922 E RuimRecords: [RuimRecords] Record Load Exception: com.android.internal.telephony.CommandException: GENERIC_FAILURE
02-20 19:35:18.571  1922  1922 D RuimRecords: [RuimRecords] onRecordLoaded 6 requested: true
02-20 19:35:18.571  1922  1922 D RuimRecords: [RuimRecords] EF_CSIM_MDN LOADED
02-20 19:35:18.571  1922  1922 E RuimRecords: [RuimRecords] Record Load Exception: com.android.internal.telephony.CommandException: GENERIC_FAILURE
02-20 19:35:18.571  1922  1922 D RuimRecords: [RuimRecords] onRecordLoaded 5 requested: true
02-20 19:35:18.571  1922  1922 D RuimRecords: [RuimRecords] EF_CSIM_IMSIM LOADED
02-20 19:35:18.571  1922  1922 E RuimRecords: [RuimRecords] Record Load Exception: com.android.internal.telephony.CommandException: GENERIC_FAILURE
02-20 19:35:18.571  1922  1922 D RuimRecords: [RuimRecords] onRecordLoaded 4 requested: true
02-20 19:35:18.571  1922  1922 D RuimRecords: [RuimRecords] EF_CSIM_CDMAHOME LOADED
02-20 19:35:18.571  1922  1922 E RuimRecords: [RuimRecords] Record Load Exception: com.android.internal.telephony.CommandException: GENERIC_FAILURE
02-20 19:35:18.571  1922  1922 D RuimRecords: [RuimRecords] onRecordLoaded 3 requested: true
02-20 19:35:18.571  1922  1922 D RuimRecords: [RuimRecords] EF_CSIM_EPRL LOADED
02-20 19:35:18.571  1922  1922 E RuimRecords: [RuimRecords] Record Load Exception: com.android.internal.telephony.CommandException: GENERIC_FAILURE
02-20 19:35:18.571  1922  1922 D RuimRecords: [RuimRecords] onRecordLoaded 2 requested: true
02-20 19:35:18.571  1922  1922 D RuimRecords: [RuimRecords] EF_CSIM_MIPUPP LOADED
02-20 19:35:18.571  1922  1922 E RuimRecords: [RuimRecords] Record Load Exception: com.android.internal.telephony.CommandException: GENERIC_FAILURE
02-20 19:35:18.571  1922  1922 D RuimRecords: [RuimRecords] onRecordLoaded 1 requested: true
02-20 19:35:18.571  1922  1922 D SIMRecords: [SIMRecords] iccid: 89014103211118510720
02-20 19:35:18.571  1922  1922 D SIMRecords: [SIMRecords] onRecordLoaded 10 requested: true
02-20 19:35:18.572  1373  1483 D RIL     : onRequest: SIM_IO
02-20 19:35:18.572  1373  1483 D AT      : AT> AT+CRSM=192,28436,0,0,15
02-20 19:35:18.572  1373  1485 D AT      : AT< +CRSM: 144,0,000000146f1404001aa0aa01020000
02-20 19:35:18.572  1373  1485 D AT      : AT< OK
02-20 19:35:18.572  1922  2010 D RILJ    : [3732]< SIM_IO IccIoResponse sw1:0x90 sw2:0x0 [SUB0]
02-20 19:35:18.574  1922  1922 D SIMRecords: [SIMRecords] EF_MBI: 01000000
02-20 19:35:18.574  1922  1922 D SIMRecords: [SIMRecords] Got valid mailbox number for MBDN
02-20 19:35:18.575  1922  1922 D RILJ    : [3733]> iccIO: SIM_IO 0xc0 0x6fc7  path: 3F007F20,0,0,15 aid: null [SUB0]
02-20 19:35:18.575  1922  1922 D SIMRecords: [SIMRecords] onRecordLoaded 10 requested: true
02-20 19:35:18.575  1922  1922 D SIMRecords: [SIMRecords] EF_AD: 00000003
02-20 19:35:18.575  1922  1922 D SIMRecords: [SIMRecords] setting4 mMncLength=3
02-20 19:35:18.576  1373  1483 D RIL     : onRequest: SIM_IO
02-20 19:35:18.576  1373  1483 D AT      : AT> AT+CRSM=192,28615,0,0,15
02-20 19:35:18.576  1373  1485 D AT      : AT< +CRSM: 144,0,000000406fc7040011a0aa01020120
02-20 19:35:18.576  1373  1485 D AT      : AT< OK
02-20 19:35:18.576  1922  2010 D RILJ    : [3733]< SIM_IO IccIoResponse sw1:0x90 sw2:0x0 [SUB0]
02-20 19:35:18.578  1677  1677 V BackupManagerService: Connected to transport ComponentInfo{android/com.android.internal.backup.LocalTransportService}
02-20 19:35:18.578  1677  1677 V BackupManagerService: Registering transport android/com.android.internal.backup.LocalTransportService::android/com.android.internal.backup.LocalTransport = android.app.backup.BackupTransport$TransportImpl@3b3bbe3
02-20 19:35:18.584  1677  1677 I backup_transport_lifecycle: [android/com.android.internal.backup.LocalTransportService,1]
02-20 19:35:18.584  1922  1922 D SIMRecords: [SIMRecords] update mccmnc=310260
02-20 19:35:18.585  1922  1922 D MccTable: updateMccMncConfiguration mccmnc='310260' fromServiceState=false
02-20 19:35:18.586  1922  1922 D SubscriptionController: [getPhoneId]- no sims, returning default phoneId=2147483647
02-20 19:35:18.586  1922  1922 D MccTable: updateMccMncConfiguration defaultMccMnc=
02-20 19:35:18.586  1922  1922 D MccTable: updateMccMncConfiguration: mcc=310, mnc=260
02-20 19:35:18.586  1922  1922 D MccTable: updateMccMncConfiguration updateConfig config={1.0 310mcc260mnc ?localeList ?layoutDir ?swdp ?wdp ?hdp ?density ?lsize ?long ?orien ?uimode ?night ?touch ?keyb/?/? ?nav/?}
02-20 19:35:18.586  1677  1964 I configuration_changed: 3
02-20 19:35:18.586  1677  1964 I ActivityManager: Config changes=3 {1.0 310mcc260mnc [en_US] ldltr sw360dp w360dp h668dp 640dpi nrml long port finger -keyb/v/h -nav/h s.5}
02-20 19:35:18.591  1677  1691 I BackupManagerService: Backup enabled => false
02-20 19:35:18.595  1677  1964 I am_relaunch_resume_activity: [0,46943888,1,com.android.settings/.FallbackHome]
02-20 19:35:18.595  1937  1937 I am_on_paused_called: [0,com.android.settings.FallbackHome,handleRelaunchActivity]
02-20 19:35:18.603  1937  1982 D EGL_emulation: eglMakeCurrent: 0x758fcedf15c0: ver 3 0 (tinfo 0x758fcede3ee0)
02-20 19:35:18.606  1937  1937 I am_on_stop_called: [0,com.android.settings.FallbackHome,destroy]
02-20 19:35:18.614  1922  1922 D SIMRecords: [SIMRecords] onRecordLoaded 9 requested: true
02-20 19:35:18.614  1922  1922 D SIMRecords: [SIMRecords] EF_MWIS : 0000000000
02-20 19:35:18.614  1922  1922 D SIMRecords: [SIMRecords] onRecordLoaded 8 requested: true
02-20 19:35:18.614  1922  1922 D SIMRecords: [SIMRecords] EF_CPHS_MWI: 55
02-20 19:35:18.614  1922  1922 D SIMRecords: [SIMRecords] onRecordLoaded 7 requested: true
02-20 19:35:18.614  1922  1922 D SIMRecords: [SIMRecords] EF_CFF_CPHS: 55
02-20 19:35:18.614  1922  1922 D SIMRecords: [SIMRecords] onRecordLoaded 6 requested: true
02-20 19:35:18.614  1922  1922 D SIMRecords: [SIMRecords] onRecordLoaded 5 requested: true
02-20 19:35:18.619  1922  1922 D SIMRecords: [SIMRecords] SST: UsimServiceTable[120]={ PHONEBOOK, FDN, FDN_EXTENSION, SDN, SDN_EXTENSION, BDN, BDN_EXTENSION, OUTGOING_CALL_INFO, ADVICE_OF_CHARGE, CAP_CONFIG_PARAMS_2, GROUP_ID_LEVEL_1, GROUP_ID_LEVEL_2, SPN, USER_PLMN_SELECT, MSISDN, IMAGE, LOCALISED_SERVICE_AREAS, EMLPP, EMLPP_AUTO_ANSWER, RFU, GSM_ACCESS, DATA_DL_VIA_SMS_PP, DATA_DL_VIA_SMS_CB, CALL_CONTROL_BY_USIM, MO_SMS_CONTROL_BY_USIM, RUN_AT_COMMAND, APN_CONTROL_LIST, DEPERSONALISATION_CONTROL_KEYS, COOPERATIVE_NETWORK_LIST, GSM_SECURITY_CONTEXT, SERVICE_PROVIDER_DISPLAY_INFO, MMS_NOTIFICATION, MMS_NOTIFICATION_EXTENSION, GPRS_CALL_CONTROL_BY_USIM, VGCS_GROUP_ID_LIST, VBS_GROUP_ID_LIST, OMA_BCAST_PROFILE, GBA_LOCAL_KEY_ESTABLISHMENT, #101, #102, #103, #104, #105, #106, #107, #108, #109, #110 }
02-20 19:35:18.619  1313  1909 D         : HostConnection::get() New Host Connection established 0x726563e1b900, tid 1909
02-20 19:35:18.619  1922  1922 D SIMRecords: [SIMRecords] onRecordLoaded 4 requested: true
02-20 19:35:18.632  1922  1922 D SIMRecords: [SIMRecords] iCPHS: 0233
02-20 19:35:18.632  1922  1922 D SIMRecords: [SIMRecords] onRecordLoaded 3 requested: true
02-20 19:35:18.632  1922  1922 D RILJ    : [3734]> iccIO: SIM_IO 0xb0 0x6f14  path: 3F007F20,0,0,20 aid: null [SUB0]
02-20 19:35:18.633  1922  1922 D SIMRecords: [SIMRecords] MSISDN: [t-WgLegCyIMgfHgPkOdM6pkZbpA]
02-20 19:35:18.633  1922  1922 D SIMRecords: [SIMRecords] onRecordLoaded 2 requested: true
02-20 19:35:18.633  1373  1483 D RIL     : onRequest: SIM_IO
02-20 19:35:18.633  1373  1483 D AT      : AT> AT+CRSM=176,28436,0,0,20
02-20 19:35:18.633  1922  1922 D RILJ    : [3735]> iccIO: SIM_IO 0xb2 0x6fc7  path: 3F007F20,1,4,32 aid: null [SUB0]
02-20 19:35:18.633  1373  1485 D AT      : AT< +CRSM: 144,0,416e64726f6964ffffffffffffffffffffffffff
02-20 19:35:18.633  1373  1485 D AT      : AT< OK
02-20 19:35:18.633  1922  2010 D RILJ    : [3734]< SIM_IO IccIoResponse sw1:0x90 sw2:0x0 [SUB0]
02-20 19:35:18.634  1373  1483 D RIL     : onRequest: SIM_IO
02-20 19:35:18.634  1373  1483 D AT      : AT> AT+CRSM=178,28615,1,4,32
02-20 19:35:18.634  1373  1485 D AT      : AT< +CRSM: 144,0,566f6963656d61696cffffffffffffffffff07915155125740f9ffffffffffff
02-20 19:35:18.634  1373  1485 D AT      : AT< OK
02-20 19:35:18.634  1922  2010 D RILJ    : [3735]< SIM_IO IccIoResponse sw1:0x90 sw2:0x0 [SUB0]
02-20 19:35:18.638  1922  1922 D RuimRecords: [RuimRecords] iccid: 89014103211118510720
02-20 19:35:18.638  1922  1922 D RuimRecords: [RuimRecords] onRecordLoaded 0 requested: true
02-20 19:35:18.638  1922  1922 D RuimRecords: [RuimRecords] record load complete
02-20 19:35:18.639  1922  1922 D SIMRecords: [SIMRecords] getServiceProviderName: no brandOverride, providerName=Android
02-20 19:35:18.639  1922  1922 D SIMRecords: [SIMRecords] Load EF_SPN_CPHS: Android
02-20 19:35:18.639  1922  1922 D TelephonyManager: setTelephonyProperty: success phoneId=0 property=gsm.sim.operator.alpha value: Android propVal=Android
02-20 19:35:18.639  1922  1922 D SIMRecords: [SIMRecords] onRecordLoaded 1 requested: true
02-20 19:35:18.640  1922  1922 D SIMRecords: [SIMRecords] VM: ADN Record 'Voicemail' '[-MWU1cAlDrkXUZ8dpHi_wU_YOpU] null' EF[MBDN]
02-20 19:35:18.640  1922  1922 D SIMRecords: [SIMRecords] onRecordLoaded 0 requested: true
02-20 19:35:18.640  1922  1922 D SIMRecords: [SIMRecords] record load complete
02-20 19:35:18.640  1922  1922 D SIMRecords: [SIMRecords] Not using EF LI/EF PL
02-20 19:35:18.641  1922  1922 D SIMRecords: [SIMRecords] EF_CFF: callForwardingEnabled=0
02-20 19:35:18.641  1922  1922 D SIMRecords: [SIMRecords] onAllRecordsLoaded set 'gsm.sim.operator.numeric' to operator='310260'
02-20 19:35:18.641  1922  1922 D SIMRecords: [SIMRecords] update icc_operator_numeric=310260
02-20 19:35:18.641  1922  1922 D TelephonyManager: setTelephonyProperty: success phoneId=0 property=gsm.sim.operator.numeric value: 310260 propVal=310260
02-20 19:35:18.642  1922  1922 D SubscriptionController: [setMccMnc]+ mcc/mnc:310/260 subId:-1
02-20 19:35:18.643  1937  1937 I am_on_resume_called: [0,com.android.settings.FallbackHome,handleRelaunchActivity]
02-20 19:35:18.653  1677  1687 I art     : Background partial concurrent mark sweep GC freed 51119(2MB) AllocSpace objects, 8(7MB) LOS objects, 21% free, 14MB/18MB, paused 324us total 163.212ms
02-20 19:35:18.656  1922  1922 D SubscriptionController: notifySubscriptionInfoChanged:
02-20 19:35:18.656  1677  1677 I GnssLocationProvider: WakeLock acquired by sendMessage(12, 0, null)
02-20 19:35:18.657  1677  1794 I am_proc_bound: [0,2106,com.google.android.gms.persistent]
02-20 19:35:18.657  1922  2054 D SubscriptionController: [getActiveSubInfoList] Sub Controller not ready
02-20 19:35:18.658  1922  1922 D SIMRecords: [SIMRecords] onAllRecordsLoaded set mcc imsi
02-20 19:35:18.658  1922  1922 D TelephonyManager: setTelephonyProperty: success phoneId=0 property=gsm.sim.operator.iso-country value: us propVal=us
02-20 19:35:18.669  1922  1922 D SST     : SubscriptionListener.onSubscriptionInfoChanged
02-20 19:35:18.669  1922  1922 D SIMRecords: [SIMRecords]  VoiceMessageCount from SIM MWIS = 0
02-20 19:35:18.669  1922  1922 E Phone   : getStoredVoiceMessageCount: invalid subId -2
02-20 19:35:18.669  1922  1922 D GsmCdmaPhone: [GsmCdmaPhone] updateVoiceMail countVoiceMessages = 0 subId -2
02-20 19:35:18.669  1922  1922 E Phone   : setVoiceMessageCount in sharedPreference: invalid subId -2
02-20 19:35:18.669  1922  1922 D DCT     : [0]SubscriptionListener.onSubscriptionInfoChanged
02-20 19:35:18.676  1922  1922 D SubscriptionController: [getActiveSubInfoList] Sub Controller not ready
02-20 19:35:18.677  1922  1922 D SubscriptionController: [getActiveSubInfoList] Sub Controller not ready
02-20 19:35:18.677  1922  1922 I Telephony: PstnIncomingCallNotifier: Unregistering: Handler (com.android.internal.telephony.GsmCdmaPhone) {2f1529d}
02-20 19:35:18.677  1922  1922 E PhoneInterfaceManager: [PhoneIntfMgr] getIccId: No UICC
02-20 19:35:18.685  1677  1793 I Telecom : PhoneAccountRegistrar: [ComponentInfo{com.android.phone/com.android.services.telephony.TelephonyConnectionService}, [e0184adedf913b076626646d3f52c3b49c39ad6d], UserHandle{0}(addr: tel:*********** -> tel:)(icon: Icon(typ=BITMAP size=76x96) -> Icon(typ=BITMAP size=76x96))(subAddr: tel:*********** -> tel:)]: TSI.rPA@AAg
02-20 19:35:18.686  1677  1793 I Telecom : : Sending phone-account registered intent as user: TSI.rPA@AAg
02-20 19:35:18.686  1922  1922 I Telephony: AccountEntry: Registered phoneAccount: [[ ] PhoneAccount: ComponentInfo{com.android.phone/com.android.services.telephony.TelephonyConnectionService}, [e0184adedf913b076626646d3f52c3b49c39ad6d], UserHandle{0} Capabilities: CallProvider MultiUser PlaceEmerg SimSub  Schemes: tel voicemail  Extras: null GroupId: [da39a3ee5e6b4b0d3255bfef95601890afd80709]] with handle: ComponentInfo{com.android.phone/com.android.services.telephony.TelephonyConnectionService}, [e0184adedf913b076626646d3f52c3b49c39ad6d], UserHandle{0}
02-20 19:35:18.686  1922  1922 I Telephony: PstnIncomingCallNotifier: Registering: Handler (com.android.internal.telephony.GsmCdmaPhone) {2f1529d}
02-20 19:35:18.691  1677  1692 W WindowManager: Keyguard drawn timeout. Setting mKeyguardDrawComplete
02-20 19:35:18.694  1774  1774 W System  : ClassLoader referenced unknown path: 
02-20 19:35:18.694  1774  1774 W System  : ClassLoader referenced unknown path: /system/priv-app/Dialer/lib/x86_64
02-20 19:35:18.694  1774  1774 D ApplicationLoaders: ignored Vulkan layer search path /system/priv-app/Dialer/lib/x86_64:/system/lib64:/vendor/lib64 for namespace 0x758fdd93e0f0
02-20 19:35:18.695  1922  1922 D CAT     : CatService: handleMessage[20]
02-20 19:35:18.696  1922  1922 D GsmCdmaPhone: [GsmCdmaPhone] updateCurrentCarrierInProvider: mSubId = -2 currentDds = 1 operatorNumeric = 310260
02-20 19:35:18.696  1922  1922 D IccCardProxy: operator=310260 mPhoneId=0
02-20 19:35:18.696  1922  1922 D TelephonyManager: setTelephonyProperty: success phoneId=0 property=gsm.sim.operator.numeric value: 310260 propVal=310260
02-20 19:35:18.699  1922  1922 D TelephonyManager: setTelephonyProperty: success phoneId=0 property=gsm.sim.operator.iso-country value: us propVal=us
02-20 19:35:18.700  1922  1922 D IccCardProxy: Sending intent ACTION_INTERNAL_SIM_STATE_CHANGED for mPhoneId : 0
02-20 19:35:18.700  1922  1922 D SST     : EVENT_SIM_RECORDS_LOADED: what=16
02-20 19:35:18.700  1922  1922 D GsmCdmaPhone: [GsmCdmaPhone] updatePhoneObject: radioTechnology=0
02-20 19:35:18.700  1922  1922 D SST     : getOtasp: otasp not needed for GSM
02-20 19:35:18.700  1922  1922 D SST     : updateOtaspState: call notifyOtaspChanged old otaspMode=0 new otaspMode=3
02-20 19:35:18.703  1922  1922 D SIMRecords: [SIMRecords] getServiceProviderName: no brandOverride, providerName=Android
02-20 19:35:18.703  1922  1922 D SIMRecords: [SIMRecords] getServiceProviderName: no brandOverride, providerName=Android
02-20 19:35:18.703  1922  1922 D SST     : updateSpnDisplay: changed sending intent rule=1 showPlmn='false' plmn='Android' showSpn='true' spn='Android' dataSpn='Android' subId='-2'
02-20 19:35:18.705  1922  1922 D SubscriptionController: [setPlmnSpn] No valid subscription to store info
02-20 19:35:18.705  1922  1922 D SubscriptionController: notifySubscriptionInfoChanged:
02-20 19:35:18.707  1677  1677 I GnssLocationProvider: WakeLock acquired by sendMessage(12, 0, null)
02-20 19:35:18.707  1922  1942 D SubscriptionController: [getActiveSubInfoList] Sub Controller not ready
02-20 19:35:18.708  1922  1922 E PhoneInterfaceManager: [PhoneIntfMgr] getIccId: No UICC
02-20 19:35:18.711  1362  1801 I art     : Starting a blocking GC HeapTrim
02-20 19:35:18.716  1677  1688 I Telecom : PhoneAccountRegistrar: [ComponentInfo{com.android.phone/com.android.services.telephony.TelephonyConnectionService}, [e0184adedf913b076626646d3f52c3b49c39ad6d], UserHandle{0}(icon: Icon(typ=BITMAP size=76x96) -> Icon(typ=BITMAP size=76x96))]: TSI.rPA@AAs
02-20 19:35:18.716  1677  1691 I am_proc_start: [0,2128,10029,com.google.android.googlequicksearchbox:interactor,service,com.google.android.googlequicksearchbox/com.google.android.voiceinteraction.GsaVoiceInteractionService]
02-20 19:35:18.716  1677  1691 I ActivityManager: Start proc 2128:com.google.android.googlequicksearchbox:interactor/u0a29 for service com.google.android.googlequicksearchbox/com.google.android.voiceinteraction.GsaVoiceInteractionService
02-20 19:35:18.722  1677  1691 I ActivityManager: Loading recents for user 0 into memory.
02-20 19:35:18.724  1677  1688 I Telecom : : Sending phone-account registered intent as user: TSI.rPA@AAs
02-20 19:35:18.749  2128  2128 W art     : Unexpected CPU variant for X86 using defaults: x86
02-20 19:35:18.766  1922  1922 D GsmCdmaPhone: [GsmCdmaPhone] phoneObjectUpdater: newVoiceRadioTech=0
02-20 19:35:18.769  1922  1922 D GsmCdmaPhone: [GsmCdmaPhone] phoneObjectUpdater: volteReplacementRat=0
02-20 19:35:18.769  1922  1922 E GsmCdmaPhone: [GsmCdmaPhone] phoneObjectUpdater: newVoiceRadioTech=0 doesn't match either CDMA or GSM - error! No phone change
02-20 19:35:18.769  1922  1922 D SST     : SubscriptionListener.onSubscriptionInfoChanged
02-20 19:35:18.769  1922  1922 D DCT     : [0]SubscriptionListener.onSubscriptionInfoChanged
02-20 19:35:18.771  1922  1922 D SubscriptionController: [getActiveSubInfoList] Sub Controller not ready
02-20 19:35:18.771  1922  1922 D SubscriptionController: [getActiveSubInfoList] Sub Controller not ready
02-20 19:35:18.771  1922  1922 I Telephony: PstnIncomingCallNotifier: Unregistering: Handler (com.android.internal.telephony.GsmCdmaPhone) {2f1529d}
02-20 19:35:18.771  1922  1922 E PhoneInterfaceManager: [PhoneIntfMgr] getIccId: No UICC
02-20 19:35:18.773  1677  1691 D ActivityManager: Sending BOOT_COMPLETE user #0
02-20 19:35:18.773  1677  1691 I sysui_histogram: [framework_boot_completed,13]
02-20 19:35:18.778  2106  2106 W System  : ClassLoader referenced unknown path: /system/priv-app/PrebuiltGmsCore/lib/x86_64
02-20 19:35:18.802  1677  1689 I am_proc_bound: [0,2128,com.google.android.googlequicksearchbox:interactor]
02-20 19:35:18.808  1937  1982 D EGL_emulation: eglMakeCurrent: 0x758fcedf15c0: ver 3 0 (tinfo 0x758fcede3ee0)
02-20 19:35:18.841  1922  1936 D DCT     : [0]hasMatchedTetherApnSetting: APN=null
02-20 19:35:18.843  1677  1964 I Telecom : PhoneAccountRegistrar: [ComponentInfo{com.android.phone/com.android.services.telephony.TelephonyConnectionService}, [e0184adedf913b076626646d3f52c3b49c39ad6d], UserHandle{0}(icon: Icon(typ=BITMAP size=76x96) -> Icon(typ=BITMAP size=76x96))]: TSI.rPA@AAw
02-20 19:35:18.887  1937  1937 D FallbackHome: User unlocked and real home found; let's go!
02-20 19:35:18.893  1677  1794 I am_finish_activity: [0,46943888,1,com.android.settings/.FallbackHome,app-request]
02-20 19:35:18.895  1677  1794 I am_pause_activity: [0,46943888,com.android.settings/.FallbackHome]
02-20 19:35:18.895  1937  1937 I am_on_paused_called: [0,com.android.settings.FallbackHome,handlePauseActivity]
02-20 19:35:18.897  1677  1688 I ActivityManager: START u0 {act=android.intent.action.MAIN cat=[android.intent.category.HOME] flg=0x10000100 cmp=com.google.android.apps.nexuslauncher/.NexusLauncherActivity} from uid 0 on display 0
02-20 19:35:18.898  1677  1688 I am_create_task: [0,38]
02-20 19:35:18.898  1677  1688 I am_create_activity: [0,49323078,38,com.google.android.apps.nexuslauncher/.NexusLauncherActivity,android.intent.action.MAIN,NULL,NULL,268435712]
02-20 19:35:18.898  1677  1688 I wm_task_created: [38,0]
02-20 19:35:18.898  1677  1688 I wm_task_moved: [38,1,1]
02-20 19:35:18.898  1677  1688 I wm_task_moved: [38,1,1]
02-20 19:35:18.898  1677  1688 I am_focused_activity: [0,com.google.android.apps.nexuslauncher/.NexusLauncherActivity,startedActivity]
02-20 19:35:18.900  1677  1964 I Telecom : : Sending phone-account registered intent as user: TSI.rPA@AAw
02-20 19:35:18.915  1677  1688 I am_proc_start: [0,2156,10021,com.google.android.apps.nexuslauncher,activity,com.google.android.apps.nexuslauncher/.NexusLauncherActivity]
02-20 19:35:18.915  1677  1688 I ActivityManager: Start proc 2156:com.google.android.apps.nexuslauncher/u0a21 for activity com.google.android.apps.nexuslauncher/.NexusLauncherActivity
02-20 19:35:18.920  1677  1964 I dvm_lock_sample: [system_server,1,Binder:1677_5,20,ActivityManagerService.java,18551,-,6916,4]
02-20 19:35:18.920  1677  1691 I sysui_count: [window_time_0,7]
02-20 19:35:18.920  1677  1691 I am_destroy_activity: [0,46943888,1,com.android.settings/.FallbackHome,finish-idle]
02-20 19:35:18.921  1922  1922 I Telephony: AccountEntry: Registered phoneAccount: [[ ] PhoneAccount: ComponentInfo{com.android.phone/com.android.services.telephony.TelephonyConnectionService}, [e0184adedf913b076626646d3f52c3b49c39ad6d], UserHandle{0} Capabilities: CallProvider MultiUser PlaceEmerg SimSub  Schemes: tel voicemail  Extras: null GroupId: [da39a3ee5e6b4b0d3255bfef95601890afd80709]] with handle: ComponentInfo{com.android.phone/com.android.services.telephony.TelephonyConnectionService}, [e0184adedf913b076626646d3f52c3b49c39ad6d], UserHandle{0}
02-20 19:35:18.922  1922  1922 I Telephony: PstnIncomingCallNotifier: Registering: Handler (com.android.internal.telephony.GsmCdmaPhone) {2f1529d}
02-20 19:35:18.925  1774  1774 E BluetoothAdapter: Bluetooth binder is null
02-20 19:35:18.925  1922  1922 D SubscriptionInfoUpdater: [Receiver]+
02-20 19:35:18.925  1922  1922 D SubscriptionInfoUpdater: Action: android.intent.action.SIM_STATE_CHANGED
02-20 19:35:18.925  1922  1922 D SubscriptionInfoUpdater: slotId: 0
02-20 19:35:18.925  1922  1922 D SubscriptionInfoUpdater: simStatus: READY
02-20 19:35:18.925  1922  1922 D SubscriptionInfoUpdater: Ignoring simStatus: READY
02-20 19:35:18.925  1922  1922 D SubscriptionInfoUpdater: [Receiver]-
02-20 19:35:18.925  1922  1922 D SubscriptionInfoUpdater: [Receiver]+
02-20 19:35:18.925  1922  1922 D SubscriptionInfoUpdater: Action: android.intent.action.SIM_STATE_CHANGED
02-20 19:35:18.925  1922  1922 D SubscriptionInfoUpdater: slotId: 0
02-20 19:35:18.925  1922  1922 D SubscriptionInfoUpdater: simStatus: IMSI
02-20 19:35:18.925  1922  1922 D SubscriptionInfoUpdater: Ignoring simStatus: IMSI
02-20 19:35:18.925  1922  1922 D SubscriptionInfoUpdater: [Receiver]-
02-20 19:35:18.925  1922  1922 D SubscriptionInfoUpdater: [Receiver]+
02-20 19:35:18.925  1922  1922 D SubscriptionInfoUpdater: Action: android.intent.action.internal_sim_state_changed
02-20 19:35:18.925  1922  1922 D SubscriptionInfoUpdater: slotId: 0
02-20 19:35:18.925  1922  1922 D SubscriptionInfoUpdater: simStatus: LOADED
02-20 19:35:18.925  1922  1922 D SubscriptionInfoUpdater: [Receiver]-
02-20 19:35:18.925  1922  1922 D WAP PUSH: Received broadcast android.intent.action.USER_UNLOCKED
02-20 19:35:18.926  1922  1922 D WAP PUSH: Received broadcast android.intent.action.USER_UNLOCKED
02-20 19:35:18.926  1922  1922 D SmsBroadcastUndelivered: Received broadcast android.intent.action.USER_UNLOCKED
02-20 19:35:18.926  1922  1922 D SubscriptionInfoUpdater: [Receiver]+
02-20 19:35:18.926  1922  1922 D SubscriptionInfoUpdater: Action: android.intent.action.USER_UNLOCKED
02-20 19:35:18.926  1922  1922 D SubscriptionInfoUpdater: Broadcasting intent ACTION_SIM_STATE_CHANGED for mCardIndex: 0
02-20 19:35:18.927  1922  1922 D SubscriptionInfoUpdater: [Receiver]-
02-20 19:35:18.927  1922  1922 D CarrierSvcBindHelper: Received android.intent.action.USER_UNLOCKED
02-20 19:35:18.932  1922  1922 D CarrierSvcBindHelper: No carrier app for: 0
02-20 19:35:18.932  1922  1922 E PhoneInterfaceManager: [PhoneIntfMgr] getIccId: No UICC
02-20 19:35:18.934  2156  2156 W art     : Unexpected CPU variant for X86 using defaults: x86_64
02-20 19:35:18.940  1677  1965 I Telecom : PhoneAccountRegistrar: [ComponentInfo{com.android.phone/com.android.services.telephony.TelephonyConnectionService}, [e0184adedf913b076626646d3f52c3b49c39ad6d], UserHandle{0}(icon: Icon(typ=BITMAP size=76x96) -> Icon(typ=BITMAP size=76x96))]: TSI.rPA@AA8
02-20 19:35:18.942  1677  1965 I Telecom : : Sending phone-account registered intent as user: TSI.rPA@AA8
02-20 19:35:18.943  1922  1922 D SubscriptionInfoUpdater: handleSimStateLoadedInternal: slotId: 0
02-20 19:35:18.943  1922  1922 D SubscriptionInfoUpdater: All IccIds query complete
02-20 19:35:18.943  1922  1922 D SubscriptionInfoUpdater: updateSubscriptionInfoByIccId:+ Start
02-20 19:35:18.943  1922  1922 D SubscriptionController: [clearSubInfo]- no simInfo size=0
02-20 19:35:18.943  1922  1922 D SubscriptionInfoUpdater: insertedSimCount = 1
02-20 19:35:18.943  1922  1922 D SubscriptionController: [getSubInfoUsingSlotIdWithCheck]+ slotId:0
02-20 19:35:18.945  1922  1922 D SubscriptionController: [getPhoneId]- no sims, returning default phoneId=2147483647
02-20 19:35:18.945  1922  2165 D SmsBroadcastUndelivered: scanning raw table for undelivered messages
02-20 19:35:18.947  1922  2162 E WAP PUSH: bindService() for wappush manager failed
02-20 19:35:18.951  1922  2163 E WAP PUSH: bindService() for wappush manager failed
02-20 19:35:18.954  1922  1922 D SubscriptionController: [getPhoneId]- no sims, returning default phoneId=2147483647
02-20 19:35:18.956  1922  1922 D SubscriptionController: [getPhoneId]- no sims, returning default phoneId=2147483647
02-20 19:35:18.958  1922  1922 D SubscriptionController: [getSubInfoUsingSlotId]- null info return
02-20 19:35:18.958  1922  1922 D SubscriptionInfoUpdater: updateSubscriptionInfoByIccId: oldSubId = 1
02-20 19:35:18.958  1922  1922 D SubscriptionInfoUpdater: updateSubscriptionInfoByIccId: oldIccId[0] = 89014103211118510720, sIccId[0] = 89014103211118510720
02-20 19:35:18.958  1922  1922 D SubscriptionController: [addSubInfoRecord]+ iccId:89014103211118510720 slotId:0
02-20 19:35:18.980  1677  1677 I AccountManagerService: User 0 is unlocked - opening CE database
02-20 19:35:18.981  1922  1922 D SubscriptionController: [getActiveSubInfoList] Sub Controller not ready
02-20 19:35:18.982  1922  1922 D SubscriptionController: [addSubInfoRecord] Record already exists
02-20 19:35:18.984  1937  1982 D EGL_emulation: eglMakeCurrent: 0x758fcedf15c0: ver 3 0 (tinfo 0x758fcede3ee0)
02-20 19:35:18.985  1922  2165 D SmsBroadcastUndelivered: finished scanning raw table in 39 ms
02-20 19:35:19.008  1922  1922 D SubscriptionController: [addSubInfoRecord] sSlotIdxToSubId.size=1 slotId=0 subId=1 defaultSubId=1 simCount=1
02-20 19:35:19.011  1922  1922 D SubscriptionController: [setDefaultFallbackSubId] subId=1
02-20 19:35:19.014  1677  1965 I am_proc_bound: [0,2156,com.google.android.apps.nexuslauncher]
02-20 19:35:19.015  1774  1774 I CameraManagerGlobal: Connecting to camera service
02-20 19:35:19.017  1922  1922 D SubscriptionController: [setDefaultFallbackSubId] set mDefaultFallbackSubId=1
02-20 19:35:19.017  1922  1922 D MccTable: updateMccMncConfiguration mccmnc='310260' fromServiceState=false
02-20 19:35:19.035  1364  1364 V EmulatedCamera_Camera: getCameraInfo
02-20 19:35:19.035  1364  1364 V EmulatedCamera_BaseCamera: getCameraInfo
02-20 19:35:19.035  1364  1364 I CameraService: getCameraCharacteristics: Switching to HAL1 shim implementation...
02-20 19:35:19.035  1364  1364 V EmulatedCamera_Camera: getCameraInfo
02-20 19:35:19.035  1364  1364 V EmulatedCamera_BaseCamera: getCameraInfo
02-20 19:35:19.035  1364  1364 I CameraService: CameraService::connect call (PID -1 "cameraserver", camera ID 0) for HAL version default and Camera API version 1
02-20 19:35:19.035  1364  1364 E CameraService: getCameraPriorityFromProcState: Received invalid process state -1 from ActivityManagerService!
02-20 19:35:19.035  1364  1364 V EmulatedCamera_Camera: getCameraInfo
02-20 19:35:19.035  1364  1364 V EmulatedCamera_BaseCamera: getCameraInfo
02-20 19:35:19.037  1922  1922 D MccTable: updateMccMncConfiguration defaultMccMnc=310260
02-20 19:35:19.037  1922  1922 D MccTable: updateMccMncConfiguration: mcc=310, mnc=260
02-20 19:35:19.037  1922  1922 D MccTable: updateMccMncConfiguration updateConfig config={1.0 310mcc260mnc ?localeList ?layoutDir ?swdp ?wdp ?hdp ?density ?lsize ?long ?orien ?uimode ?night ?touch ?keyb/?/? ?nav/?}
02-20 19:35:19.043  1937  1937 I am_on_stop_called: [0,com.android.settings.FallbackHome,destroy]
02-20 19:35:19.044  1371  2178 E WVMExtractor: Failed to open libwvm.so: dlopen failed: library "libwvm.so" not found
02-20 19:35:19.053  1759  1759 I InputAttributes: InputType.TYPE_NULL is specified
02-20 19:35:19.057  1371  2177 D NuPlayerDriver: notifyListener_l(0xf040c360), (1, 0, 0), loop setting(0, 0)
02-20 19:35:19.067  1371  2189 D NuPlayerDriver: notifyListener_l(0xf040c420), (1, 0, 0), loop setting(0, 0)
02-20 19:35:19.074  1371  2193 D NuPlayerDriver: notifyListener_l(0xf040c780), (1, 0, 0), loop setting(0, 0)
02-20 19:35:19.076  1677  2105 V KeyValueBackupJob: Scheduling k/v pass in 243 minutes
02-20 19:35:19.076  1364  1364 I CameraFlashlight: Opening camera 0
02-20 19:35:19.076  1364  1364 V EmulatedCamera_Camera: getCameraInfo
02-20 19:35:19.076  1364  1364 V EmulatedCamera_BaseCamera: getCameraInfo
02-20 19:35:19.076  1364  1364 V EmulatedCamera_Camera: connectCamera
02-20 19:35:19.076  1364  1364 V EmulatedCamera_FakeDevice: connectDevice
02-20 19:35:19.076  1364  1364 V EmulatedCamera_CallbackNotifier: setCallbacks: 0xf7358e80, 0xf7358ed0, 0xf7358ff0, 0xf7359110 (0xf6743320)
02-20 19:35:19.076  1364  1364 V EmulatedCamera_CallbackNotifier: enableMessage: msg_type = 0xc0d
02-20 19:35:19.076  1364  1364 V EmulatedCamera_CallbackNotifier:     CAMERA_MSG_ERROR
02-20 19:35:19.076  1364  1364 V EmulatedCamera_CallbackNotifier:     CAMERA_MSG_FOCUS
02-20 19:35:19.076  1364  1364 V EmulatedCamera_CallbackNotifier:     CAMERA_MSG_ZOOM
02-20 19:35:19.076  1364  1364 V EmulatedCamera_CallbackNotifier:     CAMERA_MSG_PREVIEW_METADATA
02-20 19:35:19.076  1364  1364 V EmulatedCamera_CallbackNotifier: **** Currently enabled messages:
02-20 19:35:19.076  1364  1364 V EmulatedCamera_CallbackNotifier:     CAMERA_MSG_ERROR
02-20 19:35:19.076  1364  1364 V EmulatedCamera_CallbackNotifier:     CAMERA_MSG_FOCUS
02-20 19:35:19.076  1364  1364 V EmulatedCamera_CallbackNotifier:     CAMERA_MSG_ZOOM
02-20 19:35:19.076  1364  1364 V EmulatedCamera_CallbackNotifier:     CAMERA_MSG_PREVIEW_METADATA
02-20 19:35:19.076  1364  1364 V EmulatedCamera_CallbackNotifier: disableMessage: msg_type = 0xffff
02-20 19:35:19.076  1364  1364 V EmulatedCamera_CallbackNotifier:     CAMERA_MSG_ERROR
02-20 19:35:19.076  1364  1364 V EmulatedCamera_CallbackNotifier:     CAMERA_MSG_SHUTTER
02-20 19:35:19.076  1364  1364 V EmulatedCamera_CallbackNotifier:     CAMERA_MSG_FOCUS
02-20 19:35:19.076  1364  1364 V EmulatedCamera_CallbackNotifier:     CAMERA_MSG_ZOOM
02-20 19:35:19.076  1364  1364 V EmulatedCamera_CallbackNotifier:     CAMERA_MSG_PREVIEW_FRAME
02-20 19:35:19.076  1364  1364 V EmulatedCamera_CallbackNotifier:     CAMERA_MSG_VIDEO_FRAME
02-20 19:35:19.076  1364  1364 V EmulatedCamera_CallbackNotifier:     CAMERA_MSG_POSTVIEW_FRAME
02-20 19:35:19.076  1364  1364 V EmulatedCamera_CallbackNotifier:     CAMERA_MSG_RAW_IMAGE
02-20 19:35:19.076  1364  1364 V EmulatedCamera_CallbackNotifier:     CAMERA_MSG_COMPRESSED_IMAGE
02-20 19:35:19.076  1364  1364 V EmulatedCamera_CallbackNotifier:     CAMERA_MSG_RAW_IMAGE_NOTIFY
02-20 19:35:19.076  1364  1364 V EmulatedCamera_CallbackNotifier:     CAMERA_MSG_PREVIEW_METADATA
02-20 19:35:19.076  1364  1364 V EmulatedCamera_CallbackNotifier: **** Currently enabled messages:
02-20 19:35:19.076  1364  1364 V EmulatedCamera_Preview: setPreviewWindow: current: 0x0 -> new: 0x0
02-20 19:35:19.076  1364  1364 V EmulatedCamera_Camera: doStopPreview
02-20 19:35:19.076  1364  1364 V EmulatedCamera_Camera: cancelPicture
02-20 19:35:19.076  1364  1364 V EmulatedCamera_Camera: releaseCamera
02-20 19:35:19.076  1364  1364 V EmulatedCamera_Camera: doStopPreview
02-20 19:35:19.076  1364  1364 V EmulatedCamera_FakeDevice: disconnectDevice
02-20 19:35:19.076  1364  1364 W EmulatedCamera_Device: Initialize: Emulated camera device is already initialized: mState = 1
02-20 19:35:19.076  1364  1364 D EmulatedCamera_FakeCamera: Initialize: Fake camera is facing back
02-20 19:35:19.076  1364  1364 V EmulatedCamera_Device: initializeWhiteBalanceModes with auto, 1.000000, 1.000000
02-20 19:35:19.076  1364  1364 V EmulatedCamera_Device: initializeWhiteBalanceModes with incandescent, 1.380000, 0.600000
02-20 19:35:19.076  1364  1364 V EmulatedCamera_Device: initializeWhiteBalanceModes with daylight, 1.090000, 0.920000
02-20 19:35:19.076  1364  1364 V EmulatedCamera_Device: initializeWhiteBalanceModes with twilight, 0.920000, 1.220000
02-20 19:35:19.076  1364  1364 V EmulatedCamera_Device: setWhiteBalanceMode with white balance auto
02-20 19:35:19.076  1364  1364 I CameraFlashlight: Destroying camera 0
02-20 19:35:19.076  1364  1364 V EmulatedCamera_Camera: closeCamera
02-20 19:35:19.076  1364  1364 V EmulatedCamera_Camera: doStopPreview
02-20 19:35:19.076  1364  1364 W EmulatedCamera_Device: Initialize: Emulated camera device is already initialized: mState = 1
02-20 19:35:19.076  1364  1364 D EmulatedCamera_FakeCamera: Initialize: Fake camera is facing back
02-20 19:35:19.076  1364  1364 V EmulatedCamera_Device: initializeWhiteBalanceModes with auto, 1.000000, 1.000000
02-20 19:35:19.076  1364  1364 V EmulatedCamera_Device: initializeWhiteBalanceModes with incandescent, 1.380000, 0.600000
02-20 19:35:19.076  1364  1364 V EmulatedCamera_Device: initializeWhiteBalanceModes with daylight, 1.090000, 0.920000
02-20 19:35:19.076  1364  1364 V EmulatedCamera_Device: initializeWhiteBalanceModes with twilight, 0.920000, 1.220000
02-20 19:35:19.076  1364  1364 V EmulatedCamera_Device: setWhiteBalanceMode with white balance auto
02-20 19:35:19.077  1364  1364 I CameraService: disconnect: Disconnected client for camera 0 for PID 1364
02-20 19:35:19.077  1371  1371 D NuPlayerDriver: reset(0xf040c360) at state 4
02-20 19:35:19.077  1371  1371 D NuPlayerDriver: notifyListener_l(0xf040c360), (8, 0, 0), loop setting(0, 0)
02-20 19:35:19.077  1371  2177 D NuPlayerDriver: notifyResetComplete(0xf040c360)
02-20 19:35:19.077  1371  1893 D NuPlayerDriver: reset(0xf040c420) at state 4
02-20 19:35:19.077  1371  1893 D NuPlayerDriver: notifyListener_l(0xf040c420), (8, 0, 0), loop setting(0, 0)
02-20 19:35:19.077  1371  2189 D NuPlayerDriver: notifyResetComplete(0xf040c420)
02-20 19:35:19.078  1371  1401 D NuPlayerDriver: reset(0xf040c780) at state 4
02-20 19:35:19.078  1371  1401 D NuPlayerDriver: notifyListener_l(0xf040c780), (8, 0, 0), loop setting(0, 0)
02-20 19:35:19.078  1371  2193 D NuPlayerDriver: notifyResetComplete(0xf040c780)
02-20 19:35:19.079  1364  1364 V EmulatedCamera_Camera: getCameraInfo
02-20 19:35:19.079  1364  1364 V EmulatedCamera_BaseCamera: getCameraInfo
02-20 19:35:19.080  1364  1364 V EmulatedCamera_Camera: getCameraInfo
02-20 19:35:19.080  1364  1364 V EmulatedCamera_BaseCamera: getCameraInfo
02-20 19:35:19.116  1774  1774 I StatusBar: isKeyguardShowing() called before startKeyguard(), returning true
02-20 19:35:19.116  1774  1774 W StatusBar: isKeyguardSecure() called before startKeyguard(), returning false
02-20 19:35:19.116  1774  1774 W StatusBar: java.lang.Throwable
02-20 19:35:19.116  1774  1774 W StatusBar: 	at com.android.systemui.statusbar.BaseStatusBar.isKeyguardSecure(BaseStatusBar.java:2647)
02-20 19:35:19.116  1774  1774 W StatusBar: 	at com.android.systemui.statusbar.BaseStatusBar.isCameraAllowedByAdmin(BaseStatusBar.java:2670)
02-20 19:35:19.116  1774  1774 W StatusBar: 	at com.android.systemui.statusbar.phone.KeyguardBottomAreaView.updateCameraVisibility(KeyguardBottomAreaView.java:309)
02-20 19:35:19.116  1774  1774 W StatusBar: 	at com.android.systemui.statusbar.phone.KeyguardBottomAreaView.setPhoneStatusBar(KeyguardBottomAreaView.java:272)
02-20 19:35:19.116  1774  1774 W StatusBar: 	at com.android.systemui.statusbar.phone.PhoneStatusBar.makeStatusBarView(PhoneStatusBar.java:904)
02-20 19:35:19.116  1774  1774 W StatusBar: 	at com.android.systemui.statusbar.phone.PhoneStatusBar.addStatusBarWindow(PhoneStatusBar.java:3432)
02-20 19:35:19.116  1774  1774 W StatusBar: 	at com.android.systemui.statusbar.phone.PhoneStatusBar.createAndAddWindows(PhoneStatusBar.java:3428)
02-20 19:35:19.116  1774  1774 W StatusBar: 	at com.android.systemui.statusbar.BaseStatusBar.start(BaseStatusBar.java:765)
02-20 19:35:19.116  1774  1774 W StatusBar: 	at com.android.systemui.statusbar.phone.PhoneStatusBar.start(PhoneStatusBar.java:686)
02-20 19:35:19.116  1774  1774 W StatusBar: 	at com.android.systemui.statusbar.SystemBars.createStatusBarFromConfig(SystemBars.java:106)
02-20 19:35:19.116  1774  1774 W StatusBar: 	at com.android.systemui.statusbar.SystemBars.onNoService(SystemBars.java:58)
02-20 19:35:19.116  1774  1774 W StatusBar: 	at com.android.systemui.statusbar.ServiceMonitor.startService(ServiceMonitor.java:230)
02-20 19:35:19.116  1774  1774 W StatusBar: 	at com.android.systemui.statusbar.ServiceMonitor.-wrap5(ServiceMonitor.java)
02-20 19:35:19.116  1774  1774 W StatusBar: 	at com.android.systemui.statusbar.ServiceMonitor$1.handleMessage(ServiceMonitor.java:73)
02-20 19:35:19.116  1774  1774 W StatusBar: 	at android.os.Handler.dispatchMessage(Handler.java:102)
02-20 19:35:19.116  1774  1774 W StatusBar: 	at android.os.Looper.loop(Looper.java:154)
02-20 19:35:19.116  1774  1774 W StatusBar: 	at android.app.ActivityThread.main(ActivityThread.java:6119)
02-20 19:35:19.116  1774  1774 W StatusBar: 	at java.lang.reflect.Method.invoke(Native Method)
02-20 19:35:19.116  1774  1774 W StatusBar: 	at com.android.internal.os.ZygoteInit$MethodAndArgsCaller.run(ZygoteInit.java:886)
02-20 19:35:19.116  1774  1774 W StatusBar: 	at com.android.internal.os.ZygoteInit.main(ZygoteInit.java:776)
02-20 19:35:19.117  1774  1774 I StatusBar: isKeyguardShowing() called before startKeyguard(), returning true
02-20 19:35:19.118  1774  1774 W StatusBar: isKeyguardSecure() called before startKeyguard(), returning false
02-20 19:35:19.118  1774  1774 W StatusBar: java.lang.Throwable
02-20 19:35:19.118  1774  1774 W StatusBar: 	at com.android.systemui.statusbar.BaseStatusBar.isKeyguardSecure(BaseStatusBar.java:2647)
02-20 19:35:19.118  1774  1774 W StatusBar: 	at com.android.systemui.statusbar.BaseStatusBar.isCameraAllowedByAdmin(BaseStatusBar.java:2670)
02-20 19:35:19.118  1774  1774 W StatusBar: 	at com.android.systemui.statusbar.phone.KeyguardBottomAreaView.updateCameraVisibility(KeyguardBottomAreaView.java:309)
02-20 19:35:19.118  1774  1774 W StatusBar: 	at com.android.systemui.statusbar.phone.KeyguardBottomAreaView.setUserSetupComplete(KeyguardBottomAreaView.java:281)
02-20 19:35:19.118  1774  1774 W StatusBar: 	at com.android.systemui.statusbar.phone.PhoneStatusBar.makeStatusBarView(PhoneStatusBar.java:905)
02-20 19:35:19.118  1774  1774 W StatusBar: 	at com.android.systemui.statusbar.phone.PhoneStatusBar.addStatusBarWindow(PhoneStatusBar.java:3432)
02-20 19:35:19.118  1774  1774 W StatusBar: 	at com.android.systemui.statusbar.phone.PhoneStatusBar.createAndAddWindows(PhoneStatusBar.java:3428)
02-20 19:35:19.118  1774  1774 W StatusBar: 	at com.android.systemui.statusbar.BaseStatusBar.start(BaseStatusBar.java:765)
02-20 19:35:19.118  1774  1774 W StatusBar: 	at com.android.systemui.statusbar.phone.PhoneStatusBar.start(PhoneStatusBar.java:686)
02-20 19:35:19.118  1774  1774 W StatusBar: 	at com.android.systemui.statusbar.SystemBars.createStatusBarFromConfig(SystemBars.java:106)
02-20 19:35:19.118  1774  1774 W StatusBar: 	at com.android.systemui.statusbar.SystemBars.onNoService(SystemBars.java:58)
02-20 19:35:19.118  1774  1774 W StatusBar: 	at com.android.systemui.statusbar.ServiceMonitor.startService(ServiceMonitor.java:230)
02-20 19:35:19.118  1774  1774 W StatusBar: 	at com.android.systemui.statusbar.ServiceMonitor.-wrap5(ServiceMonitor.java)
02-20 19:35:19.118  1774  1774 W StatusBar: 	at com.android.systemui.statusbar.ServiceMonitor$1.handleMessage(ServiceMonitor.java:73)
02-20 19:35:19.118  1774  1774 W StatusBar: 	at android.os.Handler.dispatchMessage(Handler.java:102)
02-20 19:35:19.118  1774  1774 W StatusBar: 	at android.os.Looper.loop(Looper.java:154)
02-20 19:35:19.118  1774  1774 W StatusBar: 	at android.app.ActivityThread.main(ActivityThread.java:6119)
02-20 19:35:19.118  1774  1774 W StatusBar: 	at java.lang.reflect.Method.invoke(Native Method)
02-20 19:35:19.118  1774  1774 W StatusBar: 	at com.android.internal.os.ZygoteInit$MethodAndArgsCaller.run(ZygoteInit.java:886)
02-20 19:35:19.118  1774  1774 W StatusBar: 	at com.android.internal.os.ZygoteInit.main(ZygoteInit.java:776)
02-20 19:35:19.146  1677  1965 I am_restart_activity: [0,49323078,38,com.google.android.apps.nexuslauncher/.NexusLauncherActivity]
02-20 19:35:19.159  1677  1690 W GnssLocationProvider: Could not open GPS configuration file /etc/gps.conf
02-20 19:35:19.159  1677  1690 E GnssLocationProvider: no AGPS interface in set_agps_server
02-20 19:35:19.159  1677  1690 I GnssLocationProvider: WakeLock released by handleMessage(12, 0, null)
02-20 19:35:19.164  1677  1690 W GnssLocationProvider: Could not open GPS configuration file /etc/gps.conf
02-20 19:35:19.165  1677  1690 E GnssLocationProvider: no AGPS interface in set_agps_server
02-20 19:35:19.165  1677  1690 I GnssLocationProvider: WakeLock released by handleMessage(12, 0, null)
02-20 19:35:19.281  1677  1793 W art     : Long monitor contention with owner Binder:1677_6 (1965) at void com.android.server.am.ActivityManagerService.attachApplication(android.app.IApplicationThread)(ActivityManagerService.java:6669) waiters=2 in void com.android.server.am.ActivityManagerService.updateConfiguration(android.content.res.Configuration) for 243ms
02-20 19:35:19.281  1677  1793 I dvm_lock_sample: [system_server,1,Binder:1677_3,243,ActivityManagerService.java,18937,-,6669,48]
02-20 19:35:19.297  2156  2156 W System  : ClassLoader referenced unknown path: /system/priv-app/NexusLauncherPrebuilt/lib/x86_64
02-20 19:35:19.339  1922  1922 D SubscriptionController: [setDefaultFallbackSubId] broadcast default subId changed phoneId=0 subId=1
02-20 19:35:19.345  1677  1964 W art     : Long monitor contention with owner Binder:1677_6 (1965) at void com.android.server.am.ActivityManagerService.attachApplication(android.app.IApplicationThread)(ActivityManagerService.java:6669) waiters=4 in void com.android.server.am.ActivityManagerService.unregisterReceiver(android.content.IIntentReceiver) for 302ms
02-20 19:35:19.345  1677  1964 I dvm_lock_sample: [system_server,1,Binder:1677_5,302,ActivityManagerService.java,17696,-,6669,60]
02-20 19:35:19.346  1677  1688 W art     : Long monitor contention with owner Binder:1677_6 (1965) at void com.android.server.am.ActivityManagerService.attachApplication(android.app.IApplicationThread)(ActivityManagerService.java:6669) waiters=7 in android.content.Intent com.android.server.am.ActivityManagerService.registerReceiver(android.app.IApplicationThread, java.lang.String, android.content.IIntentReceiver, android.content.IntentFilter, java.lang.String, int) for 249ms
02-20 19:35:19.346  1677  1688 I dvm_lock_sample: [system_server,1,Binder:1677_1,249,ActivityManagerService.java,17547,-,6669,49]
02-20 19:35:19.346  1677  1692 W art     : Long monitor contention with owner Binder:1677_6 (1965) at void com.android.server.am.ActivityManagerService.attachApplication(android.app.IApplicationThread)(ActivityManagerService.java:6669) waiters=9 in void com.android.server.am.ActivityManagerService.dispatchProcessesChanged() for 200ms
02-20 19:35:19.346  1677  1692 I dvm_lock_sample: [system_server,1,android.ui,200,ActivityManagerService.java,4156,-,6669,40]
02-20 19:35:19.346  1677  2195 W art     : Long monitor contention with owner Binder:1677_6 (1965) at void com.android.server.am.ActivityManagerService.attachApplication(android.app.IApplicationThread)(ActivityManagerService.java:6669) waiters=11 in void com.android.server.am.ActivityManagerService.publishContentProviders(android.app.IApplicationThread, java.util.List) for 123ms
02-20 19:35:19.346  1677  2195 I dvm_lock_sample: [system_server,1,Binder:1677_8,123,ActivityManagerService.java,11160,-,6669,24]
02-20 19:35:19.348  1937  1937 I art     : Starting a blocking GC Explicit
02-20 19:35:19.352  1922  1922 D SubscriptionController: [addSubInfoRecord] one sim set defaults to subId=1
02-20 19:35:19.361  1922  1922 D SubscriptionController: [setDefaultDataSubId] num phones=1, subId=1
02-20 19:35:19.362  1922  1922 D SubscriptionController: [setDefaultDataSubId] phoneId=0 subId=1 RAF=1
02-20 19:35:19.362  1922  1922 D ProxyController: setRadioCapability: Already in requested configuration, nothing to do.
02-20 19:35:19.362  1922  1922 D SubscriptionController: [updateAllDataConnectionTrackers] sPhones.length=1
02-20 19:35:19.363  1922  1922 D SubscriptionController: [updateAllDataConnectionTrackers] phoneId=0
02-20 19:35:19.363  1922  1922 D DCT     : [0]update sub = 1
02-20 19:35:19.363  1922  1922 D DCT     : [0]update(): Active DDS, register for all events now!
02-20 19:35:19.363  1922  1922 D DCT     : [0]New records found.
02-20 19:35:19.363  1922  1922 D SST     : mDeviceShuttingDown=false, mDesiredPowerState=true, getRadioState=RADIO_ON, mPowerOffDelayNeed=true, mAlarmSwitch=false, mRadioDisabledByCarrier=false
02-20 19:35:19.364  1922  1922 D GsmCdmaPhone: [GsmCdmaPhone] updateCurrentCarrierInProvider: mSubId = 1 currentDds = 1 operatorNumeric = 310260
02-20 19:35:19.368  1677  1690 I dvm_lock_sample: [system_server,0,android.bg,20,ActivityManagerService.java,21741,-,18551,4]
02-20 19:35:19.376  2198  2198 W art     : Unexpected CPU variant for X86 using defaults: x86_64
02-20 19:35:19.396  1937  1937 I art     : Explicit concurrent mark sweep GC freed 3774(309KB) AllocSpace objects, 0(0B) LOS objects, 19% free, 8MB/10MB, paused 61us total 47.294ms
02-20 19:35:19.403  1677  1748 I am_proc_start: [0,2198,1000,com.android.keychain,service,com.android.keychain/.KeyChainService]
02-20 19:35:19.403  1677  1748 I ActivityManager: Start proc 2198:com.android.keychain/1000 for service com.android.keychain/.KeyChainService
02-20 19:35:19.422  1922  2054 D RILJ    : [3736]> RIL_REQUEST_GET_CELL_INFO_LIST [SUB0]
02-20 19:35:19.423  2156  2156 V Launcher: LauncherAppState inited
02-20 19:35:19.424  1922  1922 D SubscriptionController: [broadcastDefaultDataSubIdChanged] subId=1
02-20 19:35:19.428  1677  1793 I am_proc_bound: [0,2198,com.android.keychain]
02-20 19:35:19.428  1922  1922 D SubscriptionController: [setDefaultSmsSubId] subId=1
02-20 19:35:19.430  1922  1922 D SubscriptionController: [broadcastDefaultSmsSubIdChanged] subId=1
02-20 19:35:19.431  1373  1483 D RIL     : onRequest: GET_CELL_INFO_LIST
02-20 19:35:19.431  1373  1483 D RILC    : responseCellInfoList: v12
02-20 19:35:19.431  1922  1922 D SubscriptionController: [setDefaultVoiceSubId] subId=1
02-20 19:35:19.432  1922  2010 D RILJ    : [3736]< RIL_REQUEST_GET_CELL_INFO_LIST [CellInfoGsm:{mRegistered=YES mTimeStampType=modem mTimeStamp=13681665850ns CellIdentityGsm:{ mMcc=310 mMnc=260 mLac=3 mCid=91 mArfcn=10 mBsic=0x0} CellSignalStrengthGsm: ss=8384952 ber=31061 mTa=13683836}] [SUB0]
02-20 19:35:19.432  1922  1922 D SubscriptionController: [broadcastDefaultVoiceSubIdChanged] subId=1
02-20 19:35:19.432  1922  1922 D SubscriptionController: [addSubInfoRecord] hashmap(0,1)
02-20 19:35:19.462  1937  1937 I art     : Starting a blocking GC Explicit
02-20 19:35:19.463  1922  1922 D SubscriptionController: [addSubInfoRecord] sim name = Android
02-20 19:35:19.464  1922  1922 D DCT     : [0]update sub = 1
02-20 19:35:19.464  1922  1922 D DCT     : [0]update(): Active DDS, register for all events now!
02-20 19:35:19.464  1922  1922 D GsmCdmaPhone: [GsmCdmaPhone] updateCurrentCarrierInProvider: mSubId = 1 currentDds = 1 operatorNumeric = 310260
02-20 19:35:19.466  2198  2198 W System  : ClassLoader referenced unknown path: /system/app/KeyChain/lib/x86_64
02-20 19:35:19.482  1922  1922 D SubscriptionController: [addSubInfoRecord]- info size=1
02-20 19:35:19.482  1922  1922 D SubscriptionInfoUpdater: newSim = false
