02-20 19:35:16.745  1922  1922 D IccCardProxy: broadcastIccStateChangedIntent intent ACTION_SIM_STATE_CHANGED value=NOT_READY reason=null for mPhoneId=0
02-20 19:35:16.757  1677  1691 I am_proc_start: [0,2030,10004,com.android.cellbroadcastreceiver,broadcast,com.android.cellbroadcastreceiver/.CellBroadcastReceiver]
02-20 19:35:16.757  1677  1691 I ActivityManager: Start proc 2030:com.android.cellbroadcastreceiver/u0a4 for broadcast com.android.cellbroadcastreceiver/.CellBroadcastReceiver
02-20 19:35:16.757  2030  2030 W art     : Unexpected CPU variant for X86 using defaults: x86_64
02-20 19:35:16.759  1677  1677 I ActivityManager: user 0 is still locked. Cannot load recents
02-20 19:35:16.760  1922  1922 D RILJ    : setPhoneType=1 old value=0 [SUB0]
02-20 19:35:16.760  1922  1922 D TelephonyManager: setTelephonyProperty: success phoneId=0 property=gsm.current.phone-type value: 1 propVal=1
02-20 19:35:16.761  1922  1922 D IccCardProxy: Setting radio tech UMTS
02-20 19:35:16.761  1922  1922 D IccCardProxy: updateQuietMode: 3GPP subscription -> newQuietMode=false
02-20 19:35:16.761  1922  1922 D IccCardProxy: updateQuietMode: no changes don't setExternalState
02-20 19:35:16.761  1922  1922 D IccCardProxy: updateQuietMode: QuietMode is false (app_type=1 cdmaSource=-1)
02-20 19:35:16.763  1677  1736 D WifiNative-HAL: Failing getSupportedFeatureset because HAL isn't started
02-20 19:35:16.765  1677  1677 I notification_enqueue: [10028,1774,com.android.systemui,1397773634,public:253,64,-1,Notification(pri=0 contentView=null vibrate=null sound=null defaults=0x0 flags=0x100 color=0xff607d8b category=sys actions=2 vis=PUBLIC),0]
02-20 19:35:16.768  1677  1694 E BatteryStatsService: no controller energy info supplied
02-20 19:35:16.777  1677  1694 E KernelCpuSpeedReader: Failed to read cpu-freq: /sys/devices/system/cpu/cpu0/cpufreq/stats/time_in_state (No such file or directory)
02-20 19:35:16.777  1677  1694 E KernelUidCpuTimeReader: Failed to read uid_cputime: /proc/uid_cputime/show_uid_stat (No such file or directory)
02-20 19:35:16.779  1677  1677 D TelephonyRegistry: notifyCellLocationForSubscriber: subId=0 cellLocation=Bundle[{}]
02-20 19:35:16.781  1922  1942 D SubscriptionController: [getPhoneId]- no sims, returning default phoneId=2147483647
02-20 19:35:16.783  1677  1738 I WifiScanningService: wifi driver loaded with scan capabilities: max buckets=16
02-20 19:35:16.783  1677  1677 D RttService: SCAN_AVAILABLE : 3
02-20 19:35:16.783  1677  1739 D RttService: DefaultState got{ when=0 what=160512 target=com.android.internal.util.StateMachine$SmHandler }
02-20 19:35:16.785  1922  1922 W CarrierConfigManager: Error getting config for subId -1 ICarrierConfigLoader is null
02-20 19:35:16.796  1677  1965 D TelephonyRegistry: listen oscl: hasNotifySubscriptionInfoChangedOccurred==false no callback
02-20 19:35:16.798  1677  1736 D WifiNative-HAL: Failing getSupportedFeatureset because HAL isn't started
02-20 19:35:16.799  1922  1922 D TelephonyManager: setTelephonyProperty: success phoneId=0 property=gsm.network.type value: Unknown propVal=Unknown
02-20 19:35:16.799  1922  1922 D RILJ    : [3654]> SIGNAL_STRENGTH [SUB0]
02-20 19:35:16.799  1373  1483 D RIL     : onRequest: SIGNAL_STRENGTH
02-20 19:35:16.799  1922  2010 D RilRequest: [3654]< SIGNAL_STRENGTH error: com.android.internal.telephony.CommandException: RADIO_NOT_AVAILABLE ret=
02-20 19:35:16.800  1922  1922 D SST     : notifyDataRegStateRilRadioTechnologyChanged: drs=1 rat=0
02-20 19:35:16.800  1922  1922 D TelephonyManager: setTelephonyProperty: success phoneId=0 property=gsm.network.type value: Unknown propVal=Unknown
02-20 19:35:16.800  1677  1694 E BatteryStatsService: no controller energy info supplied
02-20 19:35:16.800  1677  1694 E KernelCpuSpeedReader: Failed to read cpu-freq: /sys/devices/system/cpu/cpu0/cpufreq/stats/time_in_state (No such file or directory)
02-20 19:35:16.800  1677  1694 E KernelUidCpuTimeReader: Failed to read uid_cputime: /proc/uid_cputime/show_uid_stat (No such file or directory)
02-20 19:35:16.800  1677  1794 I am_proc_bound: [0,2030,com.android.cellbroadcastreceiver]
02-20 19:35:16.803  1371  1401 I MediaPlayerService: MediaPlayerService::getOMX
02-20 19:35:16.803  1677  2044 I OMXClient: MuxOMX ctor
02-20 19:35:16.807  1922  1922 D DCT     : [0]DCT.constructor
02-20 19:35:16.811  1368  1379 I OMXMaster: makeComponentInstance(OMX.google.vorbis.decoder) in mediacodec process
02-20 19:35:16.823  1677  1691 I boot_progress_enable_screen: 11823
02-20 19:35:16.828  1677  1698 I am_activity_launch_time: [0,46943888,com.android.settings/.FallbackHome,860,860]
02-20 19:35:16.828  1677  1698 I ActivityManager: Displayed com.android.settings/.FallbackHome: +860ms
02-20 19:35:16.829  1677  1691 V KeyguardServiceDelegate: *** Keyguard started
02-20 19:35:16.829  1677  1691 I screen_toggled: 1
02-20 19:35:16.852  1677  1691 W KeyguardServiceDelegate: onScreenTurningOn(): no keyguard service!
02-20 19:35:16.855  1677  1698 I WindowManager: Screen frozen for +806ms due to AppWindowToken{77973af token=Token{44d8389 ActivityRecord{2cc4e90 u0 com.android.settings/.FallbackHome t1}}}
02-20 19:35:16.855  1677  1964 D TelephonyRegistry: listen oscl: hasNotifySubscriptionInfoChangedOccurred==false no callback
02-20 19:35:16.868  1922  1922 D Dcc     : E ctor
02-20 19:35:16.868  1922  1922 D Dcc     : X ctor
02-20 19:35:16.874  1922  1922 D SubscriptionController: [getPhoneId] asked for default subId=-1
02-20 19:35:16.875  1922  2049 D DcTesterDeacativateAll: register for intent action=com.android.internal.telephony.dataconnection.action_deactivate_all
02-20 19:35:16.875  1922  2049 D DcTesterDeacativateAll: register for intent action=com.android.internal.telephony.action_detached
02-20 19:35:16.876  1922  2049 D Dcc     : DccDefaultState: msg.what=EVENT_RIL_CONNECTED mRilVersion=12
02-20 19:35:16.896  1922  1922 D DcTesterFailBrinupAll: register for intent action=com.android.internal.telephony.dataconnection.action_fail_bringup
02-20 19:35:16.896  1922  1922 D DcTesterFailBrinupAll: register for intent action=com.android.internal.telephony.action_detached
02-20 19:35:16.896  1922  1922 D DcTesterFailBrinupAll: register for intent action=com.android.internal.telephony.action_attached
02-20 19:35:16.896  1922  1922 D SST     : notifyDataRegStateRilRadioTechnologyChanged: drs=1 rat=0
02-20 19:35:16.896  1922  1922 D TelephonyManager: setTelephonyProperty: success phoneId=0 property=gsm.network.type value: Unknown propVal=Unknown
02-20 19:35:16.897  1922  1922 D DCT     : [0]update sub = -2
02-20 19:35:16.897  1922  1922 D DCT     : [0]update(): Active DDS, register for all events now!
02-20 19:35:16.897  1922  1922 D GsmCdmaPhone: [GsmCdmaPhone] updateCurrentCarrierInProvider: mSubId = -2 currentDds = 1 operatorNumeric = null
02-20 19:35:16.909  2030  2030 W System  : ClassLoader referenced unknown path: /system/priv-app/CellBroadcastReceiver/lib/x86_64
02-20 19:35:16.913  1922  1922 D DCT     : [0]initApnContexts: E
02-20 19:35:16.914  1922  1922 D DCT     : [0]initApnContexts: skipping unknown type=1
02-20 19:35:16.914  1922  1922 D DCT     : [0]initApnContexts: apnContext={mApnType=default mState=IDLE mWaitingApns={null} mApnSetting={null} mReason=dataEnabled mDataEnabled=false mDependencyMet=true}
02-20 19:35:16.914  1922  1922 D DCT     : [0]initApnContexts: apnContext={mApnType=mms mState=IDLE mWaitingApns={null} mApnSetting={null} mReason=dataEnabled mDataEnabled=false mDependencyMet=true}
02-20 19:35:16.914  1922  1922 D DCT     : [0]initApnContexts: apnContext={mApnType=supl mState=IDLE mWaitingApns={null} mApnSetting={null} mReason=dataEnabled mDataEnabled=false mDependencyMet=true}
02-20 19:35:16.914  1922  1922 D DCT     : [0]initApnContexts: apnContext={mApnType=hipri mState=IDLE mWaitingApns={null} mApnSetting={null} mReason=dataEnabled mDataEnabled=false mDependencyMet=true}
02-20 19:35:16.914  1922  1922 D DCT     : [0]initApnContexts: apnContext={mApnType=fota mState=IDLE mWaitingApns={null} mApnSetting={null} mReason=dataEnabled mDataEnabled=false mDependencyMet=true}
02-20 19:35:16.914  1922  1922 D DCT     : [0]initApnContexts: apnContext={mApnType=ims mState=IDLE mWaitingApns={null} mApnSetting={null} mReason=dataEnabled mDataEnabled=false mDependencyMet=true}
02-20 19:35:16.914  1922  1922 D DCT     : [0]initApnContexts: apnContext={mApnType=cbs mState=IDLE mWaitingApns={null} mApnSetting={null} mReason=dataEnabled mDataEnabled=false mDependencyMet=true}
02-20 19:35:16.914  1922  1922 D DCT     : [0]initApnContexts: skipping unknown type=13
02-20 19:35:16.914  1922  1922 D DCT     : [0]initApnContexts: apnContext={mApnType=ia mState=IDLE mWaitingApns={null} mApnSetting={null} mReason=dataEnabled mDataEnabled=false mDependencyMet=true}
02-20 19:35:16.914  1922  1922 D DCT     : [0]initApnContexts: apnContext={mApnType=emergency mState=IDLE mWaitingApns={null} mApnSetting={null} mReason=dataEnabled mDataEnabled=false mDependencyMet=true}
02-20 19:35:16.926  1922  1922 D GsmCdmaPhone: [GsmCdmaPhone] GsmCdmaPhone: constructor: sub = 0
02-20 19:35:16.926  1922  1922 I PhoneFactory: Creating Phone with type = 1 sub = 0
02-20 19:35:16.927  1922  1922 I PhoneFactory: defaultSmsApplication: NONE
02-20 19:35:16.928  1922  1922 I PhoneFactory: Creating SubInfoRecordUpdater 
02-20 19:35:16.929  1922  1922 D SubscriptionInfoUpdater: Constructor invoked
02-20 19:35:16.935  1371  1401 I MediaPlayerService: MediaPlayerService::getOMX
02-20 19:35:16.936  1677  2051 I OMXClient: MuxOMX ctor
02-20 19:35:16.936  1368  1979 I OMXMaster: makeComponentInstance(OMX.google.vorbis.decoder) in mediacodec process
02-20 19:35:16.961  1677  1688 D TelephonyRegistry: listen oscl: hasNotifySubscriptionInfoChangedOccurred==false no callback
02-20 19:35:16.964  1922  1922 D SubscriptionController: [getPhoneId]- no sims, returning default phoneId=2147483647
02-20 19:35:16.965  1677  1965 D TelephonyRegistry: listen oscl: hasNotifySubscriptionInfoChangedOccurred==false no callback
02-20 19:35:16.965  1922  1922 D PhoneSwitcherNetworkRequstListener: Registering NetworkFactory
02-20 19:35:16.965  1922  1922 D PhoneSwitcher: PhoneSwitcher started
02-20 19:35:16.965  1677  1740 D ConnectivityService: Got NetworkFactory Messenger for PhoneSwitcherNetworkRequstListener
02-20 19:35:16.966  1922  1922 D ProxyController: Constructor - Enter
02-20 19:35:16.968  1922  1922 D ProxyController: clearTransaction
02-20 19:35:16.968  1922  1922 D ProxyController: clearTransaction: phoneId=0 status=IDLE
02-20 19:35:16.968  1922  1922 D ProxyController: Constructor - Exit
02-20 19:35:16.968  1922  1922 D TelephonyNetworkFactory[0]: Registering NetworkFactory
02-20 19:35:16.969  1922  1922 D CallManager: registerPhone(GSM Handler (com.android.internal.telephony.GsmCdmaPhone) {2f1529d})
02-20 19:35:16.976  1677  1746 E ActivityThread: Failed to find provider info for com.android.calendar
02-20 19:35:16.976  1677  1740 D ConnectivityService: Got NetworkFactory Messenger for TelephonyNetworkFactory[0]
02-20 19:35:16.977  1677  1746 E ActivityThread: Failed to find provider info for com.android.calendar
02-20 19:35:16.982  1677  1688 D TelephonyRegistry: listen oscl: hasNotifySubscriptionInfoChangedOccurred==false no callback
02-20 19:35:17.007  1677  1687 W art     : Suspending all threads took: 6.408ms
02-20 19:35:17.028  1677  1687 I art     : Background sticky concurrent mark sweep GC freed 34558(2MB) AllocSpace objects, 10(232KB) LOS objects, 8% free, 22MB/24MB, paused 7.535ms total 277.035ms
02-20 19:35:17.044  1677  1745 D NotificationSQLiteLog: Pruned event entries: 0
02-20 19:35:17.070  1922  1942 D SubscriptionController: [getPhoneId]- no sims, returning default phoneId=2147483647
02-20 19:35:17.075  1677  1690 I SyncManager: Got SyncJobService instance.
02-20 19:35:17.075  1677  1677 I FusedLocation: engine started (com.android.location.fused)
02-20 19:35:17.147  1677  1793 W art     : Long monitor contention with owner android.display (1698) at void com.android.server.wm.WindowAnimator$1.doFrame(long)(WindowAnimator.java:144) waiters=1 in int com.android.server.wm.WindowManagerService.relayoutWindow(com.android.server.wm.Session, android.view.IWindow, int, android.view.WindowManager$LayoutParams, int, int, int, int, android.graphics.Rect, android.graphics.Rect, android.graphics.Rect, android.graphics.Rect, android.graphics.Rect, android.graphics.Rect, android.graphics.Rect, android.content.res.Configuration, android.view.Surface) for 293ms
02-20 19:35:17.147  1677  1691 W art     : Long monitor contention with owner android.display (1698) at void com.android.server.wm.WindowManagerService$H.handleMessage(android.os.Message)(WindowManagerService.java:8368) waiters=1 in void com.android.server.wm.WindowManagerService.performEnableScreen() for 293ms
02-20 19:35:17.147  1677  1793 I dvm_lock_sample: [system_server,1,Binder:1677_3,293,WindowManagerService.java,2857,WindowAnimator.java,144,58]
02-20 19:35:17.147  1677  1691 I dvm_lock_sample: [system_server,1,ActivityManager,293,WindowManagerService.java,6036,-,8368,58]
02-20 19:35:17.253  1774  1774 I Choreographer: Skipped 45 frames!  The application may be doing too much work on its main thread.
02-20 19:35:17.254  1313  1324 I SurfaceFlinger: Boot is finished (10437 ms)
02-20 19:35:17.255  1313  1324 I sf_stop_bootanim: 12255
02-20 19:35:17.276  1922  1922 D CarrierConfigLoader: CarrierConfigLoader has started
02-20 19:35:17.277  1922  1922 E BluetoothAdapter: Bluetooth binder is null
02-20 19:35:17.277  1677  1964 D TelephonyRegistry: listen oscl: hasNotifySubscriptionInfoChangedOccurred==false no callback
02-20 19:35:17.279  1922  2060 E ActivityThread: Failed to find provider info for com.android.contacts
02-20 19:35:17.279  1922  2060 W CallerInfoCache: cursor is null
02-20 19:35:17.283  1677  1689 I StatusBarManagerService: registerStatusBar bar=com.android.internal.statusbar.IStatusBar$Stub$Proxy@d616c6
02-20 19:35:17.303  1922  1922 D RILJ    : [3655]> RIL_REQUEST_SET_TTY_MODE : 0 [SUB0]
02-20 19:35:17.304  1373  1483 D RIL     : onRequest: SET_TTY_MODE
02-20 19:35:17.304  1922  2010 D RilRequest: [3655]< RIL_REQUEST_SET_TTY_MODE error: com.android.internal.telephony.CommandException: RADIO_NOT_AVAILABLE ret=
02-20 19:35:17.304  1922  1922 I Telephony: TtyManager: updateUiTtyMode -1 -> 0
02-20 19:35:17.306     0     0 I init    : Service 'bootanim' (pid 1333) exited with status 0
02-20 19:35:17.320     0     0 I init    : Starting service 'exec 6 (/system/bin/bootstat)'...
02-20 19:35:17.372     0     0 I init    : Service 'exec 6 (/system/bin/bootstat)' (pid 2062) exited with status 0
02-20 19:35:17.381     0     0 I init    : Starting service 'exec 7 (/system/bin/bootstat)'...
02-20 19:35:17.308  1677  1689 D TelephonyRegistry: listen oscl: hasNotifySubscriptionInfoChangedOccurred==false no callback
02-20 19:35:17.320  1922  1922 D SubscriptionController: [getPhoneId] asked for default subId=-1
02-20 19:35:17.321  1922  1922 D UiccController: EVENT_RADIO_UNAVAILABLE, dispose card
02-20 19:35:17.321  1922  1922 D UiccController: Received EVENT_ICC_STATUS_CHANGED, calling getIccCardStatus
02-20 19:35:17.321  1922  1922 D RILJ    : [3656]> GET_SIM_STATUS [SUB0]
02-20 19:35:17.322  1373  1483 D RIL     : onRequest: GET_SIM_STATUS
02-20 19:35:17.322  1373  1483 D RIL     : getSIMStatus(). sState: 0
02-20 19:35:17.322  1922  2010 D RILJ    : [3656]< GET_SIM_STATUS IccCardState {CARDSTATE_PRESENT,PINSTATE_UNKNOWN,num_apps=2,gsm_id=0{APPTYPE_SIM,APPSTATE_DETECTED},cdma_id=1{APPTYPE_RUIM,APPSTATE_DETECTED},ims_id=8} [SUB0]
02-20 19:35:17.322  1922  1922 D Phone   : config LCE service failed: com.android.internal.telephony.CommandException: RADIO_NOT_AVAILABLE
02-20 19:35:17.322  1922  1922 D GsmSMSDispatcher: GsmSMSDispatcher: subId = -2 slotId = 0
02-20 19:35:17.322  1922  1922 E IccCardProxy: setExternalState: !override and newstate unchanged from NOT_READY
02-20 19:35:17.322  1922  1922 D RILJ    : [3657]> BASEBAND_VERSION [SUB0]
02-20 19:35:17.323  1373  1483 D RIL     : onRequest: BASEBAND_VERSION
02-20 19:35:17.323  1922  2010 D RilRequest: [3657]< BASEBAND_VERSION error: com.android.internal.telephony.CommandException: RADIO_NOT_AVAILABLE ret=
02-20 19:35:17.323  1922  1922 D RILJ    : [3658]> GET_IMEI [SUB0]
02-20 19:35:17.323  1373  1483 D RIL     : onRequest: GET_IMEI
02-20 19:35:17.323  1373  1483 D AT      : AT> AT+CGSN
02-20 19:35:17.323  1373  1485 D AT      : AT< 000000000000000
02-20 19:35:17.323  1373  1485 D AT      : AT< OK
02-20 19:35:17.323  1922  2010 D RILJ    : [3658]< GET_IMEI  [SUB0]
02-20 19:35:17.324  1922  1922 D RILJ    : [3659]> GET_IMEISV [SUB0]
02-20 19:35:17.324  1373  1483 D RIL     : onRequest: GET_IMEISV
02-20 19:35:17.324  1922  2010 D RilRequest: [3659]< GET_IMEISV error: com.android.internal.telephony.CommandException: RADIO_NOT_AVAILABLE ret=
02-20 19:35:17.324  1922  1922 D RILJ    : [3660]> RIL_REQUEST_GET_RADIO_CAPABILITY [SUB0]
02-20 19:35:17.324  1373  1483 D RIL     : onRequest: RIL_REQUEST_GET_RADIO_CAPABILITY
02-20 19:35:17.324  1922  2010 D RilRequest: [3660]< RIL_REQUEST_GET_RADIO_CAPABILITY error: com.android.internal.telephony.CommandException: RADIO_NOT_AVAILABLE ret=
02-20 19:35:17.324  1922  1922 D RILJ    : [3661]> RIL_REQUEST_START_LCE [SUB0]
02-20 19:35:17.325  1373  1483 D RIL     : onRequest: <unknown request>
02-20 19:35:17.401     0     0 I init    : Service 'exec 7 (/system/bin/bootstat)' (pid 2063) exited with status 0
02-20 19:35:17.402     0     0 I init    : Starting service 'exec 8 (/system/bin/bootstat)'...
02-20 19:35:17.325  1922  2010 D RilRequest: [3661]< RIL_REQUEST_START_LCE error: com.android.internal.telephony.CommandException: RADIO_NOT_AVAILABLE ret=
02-20 19:35:17.325  1922  1922 D GsmCdmaPhone: [GsmCdmaPhone] Event EVENT_RADIO_OFF_OR_NOT_AVAILABLE Received
02-20 19:35:17.325  1922  1922 E IccCardProxy: setExternalState: !override and newstate unchanged from NOT_READY
02-20 19:35:17.325  1922  1922 D SST     : mDeviceShuttingDown=false, mDesiredPowerState=true, getRadioState=RADIO_OFF, mPowerOffDelayNeed=true, mAlarmSwitch=false, mRadioDisabledByCarrier=false
02-20 19:35:17.325  1922  1922 D RILJ    : [3662]> RADIO_POWER on [SUB0]
02-20 19:35:17.432     0     0 I init    : Service 'exec 8 (/system/bin/bootstat)' (pid 2064) exited with status 0
02-20 19:35:17.433     0     0 I init    : Starting service 'exec 9 (/system/bin/bootstat)'...
02-20 19:35:17.461     0     0 I init    : Service 'exec 9 (/system/bin/bootstat)' (pid 2074) exited with status 0
02-20 19:35:17.325  1373  1483 D RIL     : onRequest: RADIO_POWER
02-20 19:35:17.325  1373  1483 D AT      : AT> AT+CFUN=1
02-20 19:35:17.325  1373  1485 D AT      : AT< OK
02-20 19:35:17.325  1373  1483 D RIL     : setRadioState(10)
02-20 19:35:17.325  1922  2010 D RILJ    : [UNSL]< UNSOL_RESPONSE_RADIO_STATE_CHANGED RADIO_ON [SUB0]
02-20 19:35:17.325  1922  2010 D RILJ    : [UNSL]< UNSOL_RESPONSE_SIM_STATUS_CHANGED [SUB0]
02-20 19:35:17.325  1922  2010 D RILJ    : [3662]< RADIO_POWER  [SUB0]
02-20 19:35:17.325  1922  1922 D RILJ    : [3663]> OPERATOR [SUB0]
02-20 19:35:17.326  1373  1483 D RIL     : onRequest: OPERATOR
02-20 19:35:17.326  1373  1483 D AT      : AT> AT+COPS=3,0;+COPS?;+COPS=3,1;+COPS?;+COPS=3,2;+COPS?
02-20 19:35:17.326  1373  1485 D AT      : AT< +COPS: 0,0,"Android"
02-20 19:35:17.326  1373  1485 D AT      : AT< +COPS: 0,1,"Android"
02-20 19:35:17.326  1373  1485 D AT      : AT< +COPS: 0,2,"310260"
02-20 19:35:17.326  1373  1485 D AT      : AT< OK
02-20 19:35:17.326  1922  2010 D RILJ    : [3663]< OPERATOR {Android, Android, 310260} [SUB0]
02-20 19:35:17.326  1922  1922 D RILJ    : [3664]> DATA_REGISTRATION_STATE [SUB0]
02-20 19:35:17.326  1373  1483 D RIL     : onRequest: DATA_REGISTRATION_STATE
02-20 19:35:17.326  1373  1483 D RIL     : requestRegistrationState
02-20 19:35:17.326  1373  1483 D AT      : AT> AT+CGREG?
02-20 19:35:17.326  1373  1485 D AT      : AT< +CGREG: 1,1,"0003","005b","000e"
02-20 19:35:17.326  1373  1485 D AT      : AT< OK
02-20 19:35:17.326  1373  1483 D RIL     : parseRegistrationState. Parsing: +CGREG: 1,1,"0003","005b","000e"
02-20 19:35:17.326  1373  1483 D RIL     : registration state type: 3GPP
02-20 19:35:17.326  1922  2010 D RILJ    : [3664]< DATA_REGISTRATION_STATE {1, 3, 5b, 14, null, null} [SUB0]
02-20 19:35:17.327  1922  1922 D RILJ    : [3665]> VOICE_REGISTRATION_STATE [SUB0]
02-20 19:35:17.327  1373  1483 D RIL     : onRequest: VOICE_REGISTRATION_STATE
02-20 19:35:17.327  1373  1483 D RIL     : requestRegistrationState
02-20 19:35:17.327  1373  1483 D AT      : AT> AT+CREG?
02-20 19:35:17.327  1373  1485 D AT      : AT< +CREG: 2,1, "0003", "005b"
02-20 19:35:18.080  2062  2062 I auditd  : type=1400 audit(0.0:11): avc: denied { getattr } for comm="bootstat" path="/vendor" dev="rootfs" ino=4008 scontext=u:r:bootstat:s0 tcontext=u:object_r:rootfs:s0 tclass=lnk_file permissive=0
02-20 19:35:18.080  2062  2062 W bootstat: type=1400 audit(0.0:11): avc: denied { getattr } for path="/vendor" dev="rootfs" ino=4008 scontext=u:r:bootstat:s0 tcontext=u:object_r:rootfs:s0 tclass=lnk_file permissive=0
02-20 19:35:17.327  1373  1485 D AT      : AT< OK
02-20 19:35:17.327  1373  1483 D RIL     : parseRegistrationState. Parsing: +CREG: 2,1, "0003", "005b"
02-20 19:35:17.327  1373  1483 D RIL     : registration state type: 3GPP
02-20 19:35:17.327  1922  2010 D RILJ    : [3665]< VOICE_REGISTRATION_STATE {1, 3, 5b, 0, null, null, null, null, null, null, null, null, null, null, null} [SUB0]
02-20 19:35:17.327  1922  1922 D RILJ    : [3666]> QUERY_NETWORK_SELECTION_MODE [SUB0]
02-20 19:35:17.564     0     0 I init    : write_file: Unable to open '/sys/class/android_usb/android0/enable': No such file or directory
02-20 19:35:17.564     0     0 I init    : write_file: Unable to open '/sys/class/android_usb/android0/idVendor': No such file or directory
02-20 19:35:17.564     0     0 I init    : write_file: Unable to open '/sys/class/android_usb/android0/idProduct': No such file or directory
02-20 19:35:17.564     0     0 I init    : write_file: Unable to open '/sys/class/android_usb/android0/functions': No such file or directory
02-20 19:35:17.564     0     0 I init    : write_file: Unable to open '/sys/class/android_usb/android0/enable': No such file or directory
02-20 19:35:17.328  1373  1483 D RIL     : onRequest: QUERY_NETWORK_SELECTION_MODE
02-20 19:35:17.328  1373  1483 D AT      : AT> AT+COPS?
02-20 19:35:17.328  1373  1485 D AT      : AT< +COPS: 0,2,310260
02-20 19:35:17.328  1373  1485 D AT      : AT< OK
02-20 19:35:17.328  1922  2010 D RILJ    : [3666]< QUERY_NETWORK_SELECTION_MODE {0} [SUB0]
02-20 19:35:17.328  1922  1922 D SST     : NITZ: 18/02/20:19:35:10+0:0:Unknown!Unknown,4249 start=12328 delay=8079
02-20 19:35:17.328  1922  1922 D SST     : NITZ: tzOffset=0 dst=0 zone=GMT iso= mGotCountryCode=false mNeedFixZoneAfterNitz=false
02-20 19:35:17.329  1922  1922 D SST     : setAndBroadcastNetworkSetTimeZone: setTimeZone=GMT
02-20 19:35:17.329  1677  1689 D AlarmManagerService: Kernel timezone updated to 0 minutes west of GMT
02-20 19:35:17.329  1922  1922 D SST     : setAndBroadcastNetworkSetTimeZone: call alarm.setTimeZone and broadcast zoneId=GMT
02-20 19:35:17.330  1922  1922 D SST     : NITZ: Setting time of day to Tue Feb 20 19:35:18 GMT+00:00 2018 NITZ receive delay(ms): 8080 gained(ms): 750 from 18/02/20:19:35:10+0:0:Unknown!Unknown
02-20 19:35:17.330  1922  1922 D SST     : setAndBroadcastNetworkSetTime: time=1519155318080ms
02-20 19:35:17.330  1677  1964 D AlarmManagerService: Setting time of day to sec=1519155318
02-20 19:35:18.080  1677  1964 W AlarmManagerService: Unable to set rtc to 1519155318: No such device
02-20 19:35:18.081  1677  1677 D ConditionProviders.SCP: onReceive android.intent.action.TIME_SET
02-20 19:35:18.081  1677  1677 D ConditionProviders.SCP: notifyCondition condition://android/schedule?days=6.7&start=23.30&end=10.0&exitAtAlarm=false STATE_FALSE reason=!meetsSchedule
02-20 19:35:18.081  1677  1677 D ConditionProviders.SCP: notifyCondition condition://android/schedule?days=1.2.3.4.5&start=22.0&end=7.0&exitAtAlarm=false STATE_FALSE reason=!meetsSchedule
02-20 19:35:18.081  1677  1677 D ConditionProviders.SCP: Scheduling evaluate for Tue Feb 20 22:00:00 GMT+00:00 2018 (1519164000000), in +2h24m41s919ms, now=Tue Feb 20 19:35:18 GMT+00:00 2018 (1519155318081)
02-20 19:35:18.085  1922  1922 I SST     : NITZ: after Setting time of day
02-20 19:35:18.085  1922  1922 D SST     : NITZ: end=12335 dur=7
02-20 19:35:18.085  1922  1922 D SST     : onSignalStrengthResult() Exception from RIL : com.android.internal.telephony.CommandException: RADIO_NOT_AVAILABLE
02-20 19:35:18.086  1922  1922 D SST     : mDeviceShuttingDown=false, mDesiredPowerState=true, getRadioState=RADIO_ON, mPowerOffDelayNeed=true, mAlarmSwitch=false, mRadioDisabledByCarrier=false
02-20 19:35:18.086  1922  1922 D RILJ    : [3667]> OPERATOR [SUB0]
02-20 19:35:18.086  1922  1922 D RILJ    : [3668]> DATA_REGISTRATION_STATE [SUB0]
02-20 19:35:18.086  1373  1483 D RIL     : onRequest: OPERATOR
02-20 19:35:18.086  1373  1483 D AT      : AT> AT+COPS=3,0;+COPS?;+COPS=3,1;+COPS?;+COPS=3,2;+COPS?
02-20 19:35:18.086  1373  1485 D AT      : AT< +COPS: 0,0,"Android"
02-20 19:35:18.086  1373  1485 D AT      : AT< +COPS: 0,1,"Android"
02-20 19:35:18.086  1373  1485 D AT      : AT< +COPS: 0,2,"310260"
02-20 19:35:18.086  1373  1485 D AT      : AT< OK
02-20 19:35:18.086  1922  1922 D RILJ    : [3669]> VOICE_REGISTRATION_STATE [SUB0]
02-20 19:35:18.086  1922  2010 D RILJ    : [3667]< OPERATOR {Android, Android, 310260} [SUB0]
02-20 19:35:18.087  1373  1483 D RIL     : onRequest: DATA_REGISTRATION_STATE
02-20 19:35:18.087  1373  1483 D RIL     : requestRegistrationState
02-20 19:35:18.087  1373  1483 D AT      : AT> AT+CGREG?
02-20 19:35:18.087  1922  1922 D RILJ    : [3670]> QUERY_NETWORK_SELECTION_MODE [SUB0]
02-20 19:35:18.087  1373  1485 D AT      : AT< +CGREG: 1,1,"0003","005b","000e"
02-20 19:35:18.087  1373  1485 D AT      : AT< OK
02-20 19:35:18.087  1373  1483 D RIL     : parseRegistrationState. Parsing: +CGREG: 1,1,"0003","005b","000e"
02-20 19:35:18.087  1373  1483 D RIL     : registration state type: 3GPP
02-20 19:35:18.087  1373  1483 D RIL     : onRequest: VOICE_REGISTRATION_STATE
02-20 19:35:18.087  1373  1483 D RIL     : requestRegistrationState
02-20 19:35:18.087  1373  1483 D AT      : AT> AT+CREG?
02-20 19:35:18.087  1373  1485 D AT      : AT< +CREG: 2,1, "0003", "005b"
02-20 19:35:18.087  1922  1922 D DCT     : [0]onRadioAvailable
02-20 19:35:18.087  1373  1485 D AT      : AT< OK
02-20 19:35:18.087  1373  1483 D RIL     : parseRegistrationState. Parsing: +CREG: 2,1, "0003", "005b"
02-20 19:35:18.087  1373  1483 D RIL     : registration state type: 3GPP
02-20 19:35:18.087  1922  1922 D DCT     : [0]onRadioOffOrNotAvailable: is off and clean up all connections
02-20 19:35:18.087  1922  1922 D DCT     : [0]cleanUpAllConnections: tearDown=false reason=radioTurnedOff
02-20 19:35:18.087  1922  1922 D GsmCdmaPhone: [GsmCdmaPhone] getDataConnectionState apnType=default ret=DISCONNECTED
02-20 19:35:18.087  1922  2010 D RILJ    : [3668]< DATA_REGISTRATION_STATE {1, 3, 5b, 14, null, null} [SUB0]
02-20 19:35:18.088  1922  2010 D RILJ    : [3669]< VOICE_REGISTRATION_STATE {1, 3, 5b, 0, null, null, null, null, null, null, null, null, null, null, null} [SUB0]
02-20 19:35:18.088  1373  1483 D RIL     : onRequest: QUERY_NETWORK_SELECTION_MODE
02-20 19:35:18.088  1373  1483 D AT      : AT> AT+COPS?
02-20 19:35:18.088  1373  1485 D AT      : AT< +COPS: 0,2,310260
02-20 19:35:18.088  1373  1485 D AT      : AT< OK
02-20 19:35:18.088  1922  2010 D RILJ    : [3670]< QUERY_NETWORK_SELECTION_MODE {0} [SUB0]
02-20 19:35:18.089  1922  1922 D DCT     : [0]cleanUpConnection: X tearDown=false reason=radioTurnedOff apnContext={mApnType=default mState=IDLE mWaitingApns={null} mApnSetting={null} mReason=radioTurnedOff mDataEnabled=false mDependencyMet=true} dcac=null
02-20 19:35:18.089  1922  1922 D GsmCdmaPhone: [GsmCdmaPhone] getDataConnectionState apnType=mms ret=DISCONNECTED
02-20 19:35:18.090  1922  1922 D DCT     : [0]cleanUpConnection: X tearDown=false reason=radioTurnedOff apnContext={mApnType=mms mState=IDLE mWaitingApns={null} mApnSetting={null} mReason=radioTurnedOff mDataEnabled=false mDependencyMet=true} dcac=null
02-20 19:35:18.090  1922  1922 D GsmCdmaPhone: [GsmCdmaPhone] getDataConnectionState apnType=cbs ret=DISCONNECTED
02-20 19:35:18.091  1922  1922 D DCT     : [0]cleanUpConnection: X tearDown=false reason=radioTurnedOff apnContext={mApnType=cbs mState=IDLE mWaitingApns={null} mApnSetting={null} mReason=radioTurnedOff mDataEnabled=false mDependencyMet=true} dcac=null
02-20 19:35:18.091  1922  1922 D GsmCdmaPhone: [GsmCdmaPhone] getDataConnectionState apnType=fota ret=DISCONNECTED
02-20 19:35:18.092  1922  1922 D DCT     : [0]cleanUpConnection: X tearDown=false reason=radioTurnedOff apnContext={mApnType=fota mState=IDLE mWaitingApns={null} mApnSetting={null} mReason=radioTurnedOff mDataEnabled=false mDependencyMet=true} dcac=null
02-20 19:35:18.092  1922  1922 D GsmCdmaPhone: [GsmCdmaPhone] getDataConnectionState apnType=supl ret=DISCONNECTED
02-20 19:35:18.094  1922  1922 D DCT     : [0]cleanUpConnection: X tearDown=false reason=radioTurnedOff apnContext={mApnType=supl mState=IDLE mWaitingApns={null} mApnSetting={null} mReason=radioTurnedOff mDataEnabled=false mDependencyMet=true} dcac=null
02-20 19:35:18.094  1922  1922 D GsmCdmaPhone: [GsmCdmaPhone] getDataConnectionState apnType=ia ret=DISCONNECTED
02-20 19:35:18.094  1922  1922 D DCT     : [0]cleanUpConnection: X tearDown=false reason=radioTurnedOff apnContext={mApnType=ia mState=IDLE mWaitingApns={null} mApnSetting={null} mReason=radioTurnedOff mDataEnabled=false mDependencyMet=true} dcac=null
02-20 19:35:18.094  1922  1922 D GsmCdmaPhone: [GsmCdmaPhone] getDataConnectionState apnType=emergency ret=DISCONNECTED
02-20 19:35:18.098  1922  1922 D DCT     : [0]cleanUpConnection: X tearDown=false reason=radioTurnedOff apnContext={mApnType=emergency mState=IDLE mWaitingApns={null} mApnSetting={null} mReason=radioTurnedOff mDataEnabled=false mDependencyMet=true} dcac=null
02-20 19:35:18.098  1922  1922 D GsmCdmaPhone: [GsmCdmaPhone] getDataConnectionState apnType=hipri ret=DISCONNECTED
02-20 19:35:18.099  1922  1922 D DCT     : [0]cleanUpConnection: X tearDown=false reason=radioTurnedOff apnContext={mApnType=hipri mState=IDLE mWaitingApns={null} mApnSetting={null} mReason=radioTurnedOff mDataEnabled=false mDependencyMet=true} dcac=null
02-20 19:35:18.099  1922  1922 D GsmCdmaPhone: [GsmCdmaPhone] getDataConnectionState apnType=ims ret=DISCONNECTED
02-20 19:35:18.100  1922  1922 D DCT     : [0]cleanUpConnection: X tearDown=false reason=radioTurnedOff apnContext={mApnType=ims mState=IDLE mWaitingApns={null} mApnSetting={null} mReason=radioTurnedOff mDataEnabled=false mDependencyMet=true} dcac=null
02-20 19:35:18.100  1922  1922 D DCT     : [0]stopNetStatPoll
02-20 19:35:18.101  1922  1922 D DCT     : [0]cleanUpConnection: mDisconnectPendingCount = 0
02-20 19:35:18.101  1922  1922 D DCT     : [0]isDataAllowed: No - Not attached - SIM not loaded
02-20 19:35:18.102  1313  1313 I sf_frame_dur: [BootAnimation,0,18,188,12,0,0,0]
02-20 19:35:18.119  2062  2062 I bootstat: Service started: /system/bin/bootstat --record_boot_complete 
02-20 19:35:18.120  2062  2062 I bootstat: Logging histogram: bootstat_mtime_matches_content 1
02-20 19:35:18.120  2062  2062 I sysui_histogram: [bootstat_mtime_matches_content,1]
02-20 19:35:18.120  2062  2062 I bootstat: Logging histogram: bootstat_mtime_matches_content 1
02-20 19:35:18.120  2062  2062 I sysui_histogram: [bootstat_mtime_matches_content,1]
02-20 19:35:18.120  2062  2062 I bootstat: Logging histogram: bootstat_mtime_matches_content 1
02-20 19:35:18.120  2062  2062 I sysui_histogram: [bootstat_mtime_matches_content,1]
02-20 19:35:18.130  1922  1922 D DCT     : [0]onDataConnectionDetached: stop polling and notify detached
02-20 19:35:18.130  1922  1922 D DCT     : [0]stopNetStatPoll
02-20 19:35:18.133  1922  1922 D DCT     : [0]notifyDataConnection: reason=dataDetached
02-20 19:35:18.133  1922  1922 D DCT     : [0]isDataAllowed: No - Not attached - SIM not loaded
02-20 19:35:18.135  1677  1746 E ActivityThread: Failed to find provider info for com.android.calendar
02-20 19:35:18.140  1922  1922 D DCT     : [0]onRoamingOff
02-20 19:35:18.140  1922  1922 D DCT     : [0]isDataAllowed: No - Not attached - SIM not loaded
02-20 19:35:18.149  2063  2063 I bootstat: Service started: /system/bin/bootstat --record_boot_reason 
02-20 19:35:18.149  2063  2063 I bootstat: Unknown boot reason: 
02-20 19:35:18.152  1922  1922 D DCT     : [0]setupDataOnConnectableApns: roamingOff hipri:[state=IDLE,enabled=false] mms:[state=IDLE,enabled=false] supl:[state=IDLE,enabled=false] ia:[state=IDLE,enabled=false] fota:[state=IDLE,enabled=false] ims:[state=IDLE,enabled=false] cbs:[state=IDLE,enabled=false] default:[state=IDLE,enabled=false] emergency:[state=IDLE,enabled=false] 
02-20 19:35:18.152  1922  1922 D DCT     : [0]setupDataOnConnectableApns: nwTypeChanged hipri:[state=IDLE,enabled=false] mms:[state=IDLE,enabled=false] supl:[state=IDLE,enabled=false] ia:[state=IDLE,enabled=false] fota:[state=IDLE,enabled=false] ims:[state=IDLE,enabled=false] cbs:[state=IDLE,enabled=false] default:[state=IDLE,enabled=false] emergency:[state=IDLE,enabled=false] 
02-20 19:35:18.152  1922  1922 D PhoneSwitcherNetworkRequstListener: got request NetworkRequest [ REQUEST id=1, [ Capabilities: INTERNET&NOT_RESTRICTED&TRUSTED&NOT_VPN] ] with score 0
02-20 19:35:18.152  1922  1922 D TelephonyNetworkFactory[0]: onSubIdChange -1->-2
02-20 19:35:18.155  1922  1922 D DebugService: DebugService DebugService:
02-20 19:35:18.155  1922  1922 D TelephonyDebugService: TelephonyDebugService()
02-20 19:35:18.155  1922  1922 D TelephonyNetworkFactory[0]: got request NetworkRequest [ REQUEST id=1, [ Capabilities: INTERNET&NOT_RESTRICTED&TRUSTED&NOT_VPN] ] with score 0
02-20 19:35:18.156  1922  1922 D DCT     : [0]NETWORK_STATE_CHANGED_ACTION: mIsWifiConnected=false
02-20 19:35:18.156  1922  1922 D DCT     : [0]Wifi state changed
02-20 19:35:18.156  1922  1922 D DCT     : [0]WIFI_STATE_CHANGED_ACTION: enabled=true mIsWifiConnected=false
02-20 19:35:18.156  1922  1922 D SubscriptionInfoUpdater: [Receiver]+
02-20 19:35:18.156  1922  1922 D SubscriptionInfoUpdater: Action: android.intent.action.SIM_STATE_CHANGED
02-20 19:35:18.156  1922  1922 D SubscriptionInfoUpdater: slotId: 0
02-20 19:35:18.156  1922  1922 D SubscriptionInfoUpdater: simStatus: NOT_READY
02-20 19:35:18.156  1922  1922 D SubscriptionInfoUpdater: Ignoring simStatus: NOT_READY
02-20 19:35:18.156  1922  1922 D SubscriptionInfoUpdater: [Receiver]-
02-20 19:35:18.159  1922  1922 D CarrierConfigLoader: mHandler: 12 phoneId: 0
02-20 19:35:18.160  1922  1922 D RILJ    : [3671]> RIL_REQUEST_QUERY_TTY_MODE [SUB0]
02-20 19:35:18.161  1922  1922 D GsmSMSDispatcher: GsmSMSDispatcher: subId = -2 slotId = 0
02-20 19:35:18.161  1922  1922 E IccCardProxy: setExternalState: !override and newstate unchanged from NOT_READY
02-20 19:35:18.161  1922  1922 D UiccController: Received EVENT_GET_ICC_STATUS_DONE
02-20 19:35:18.161  1922  1922 D UiccCard: 2 applications
02-20 19:35:18.161  1373  1483 D RIL     : onRequest: QUERY_TTY_MODE
02-20 19:35:18.161  1373  1483 D RIL     : Request not supported. Tech: 1
02-20 19:35:18.161  1922  1922 D UiccCardApplication: Creating UiccApp: {APPTYPE_SIM,APPSTATE_DETECTED}
02-20 19:35:18.161  1922  2010 D RilRequest: [3671]< RIL_REQUEST_QUERY_TTY_MODE error: com.android.internal.telephony.CommandException: REQUEST_NOT_SUPPORTED ret=
02-20 19:35:18.164  1677  1732 I netstats_mobile_sample: [0,0,0,0,0,0,0,0,0,0,0,0,-1]
02-20 19:35:18.164  1677  1732 I netstats_wifi_sample: [0,0,0,0,0,0,0,0,0,0,0,0,-1]
02-20 19:35:18.172  2064  2064 I bootstat: Service started: /system/bin/bootstat --record_time_since_factory_reset 
02-20 19:35:18.172  2064  2064 I bootstat: Logging histogram: factory_reset_current_time 1519155318
02-20 19:35:18.172  2064  2064 I sysui_histogram: [factory_reset_current_time,1519155318]
02-20 19:35:18.175  1922  1922 W VoiceMailConstants: Can't open /system/etc/voicemail-conf.xml
02-20 19:35:18.175  1922  1922 D SpnOverride: No SPN in OEM image = /oem/telephony/spn-conf.xml Load SPN from system image
02-20 19:35:18.175  1922  1922 W SpnOverride: Can not open /system/etc/spn-conf.xml
02-20 19:35:18.175  1922  1922 D SIMRecords: [SIMRecords] setting0 mMncLength-1
02-20 19:35:18.175  1922  1922 D SIMRecords: [SIMRecords] SIMRecords: onRadioOffOrNotAvailable set 'gsm.sim.operator.numeric' to operator=null
02-20 19:35:18.175  1922  1922 D SIMRecords: [SIMRecords] update icc_operator_numeric=null
02-20 19:35:18.175  1922  1922 D TelephonyManager: setTelephonyProperty: success phoneId=0 property=gsm.sim.operator.numeric value:  propVal=
02-20 19:35:18.175  1922  1922 D TelephonyManager: setTelephonyProperty: success phoneId=0 property=gsm.sim.operator.alpha value:  propVal=
02-20 19:35:18.176  1922  1922 D TelephonyManager: setTelephonyProperty: success phoneId=0 property=gsm.sim.operator.iso-country value:  propVal=
02-20 19:35:18.177  1922  1922 D SIMRecords: [SIMRecords] getOperatorNumeric: IMSI == null
02-20 19:35:18.177  1922  1922 D SIMRecords: [SIMRecords] SIMRecords X ctor this=SimRecords: mDestroyed=false mContext=com.android.phone.PhoneGlobals@d280ba4 mCi=com.android.internal.telephony.RIL@850c9d6 mFh=Handler (com.android.internal.telephony.uicc.SIMFileHandler) {2711d0d} mParentApp=com.android.internal.telephony.uicc.UiccCardApplication@61184c2 recordsLoadedRegistrants=android.os.RegistrantList@bf4d2d3 mImsiReadyRegistrants=android.os.RegistrantList@1ac3e10 mRecordsEventsRegistrants=android.os.RegistrantList@19f7d09 mNewSmsRegistrants=android.os.RegistrantList@6f72b0e mNetworkSelectionModeAutomaticRegistrants=android.os.RegistrantList@12fc92f recordsToLoad=0 adnCache=Handler (com.android.internal.telephony.uicc.AdnRecordCache) {9ff2b3c} recordsRequested=false iccid=null msisdnTag=null voiceMailNum=null voiceMailTag=null voiceMailNum=null newVoiceMailTag=null isVoiceMailFixed=false mImsi=null mncLength=-1 mailboxIndex=0 spn=null mVmConfigcom.android.internal.telephony.uicc.VoiceMailConstants@d39e0c5 mSpnOverride=mSpnOverride callForwardingEnabled=0 spnState=null mCphsInfo=null mCspPlmnEnabled=true efMWIS=null efCPHS_MWI=null mEfCff=null mEfCfis=null getOperatorNumeric=null
02-20 19:35:18.179  1677  1732 I am_proc_start: [0,2065,10067,com.google.android.deskclock,broadcast,com.google.android.deskclock/com.android.deskclock.AlarmInitReceiver]
02-20 19:35:18.179  1677  1732 I ActivityManager: Start proc 2065:com.google.android.deskclock/u0a67 for broadcast com.google.android.deskclock/com.android.deskclock.AlarmInitReceiver
02-20 19:35:18.180  2064  2064 I bootstat: Logging histogram: bootstat_mtime_matches_content 1
02-20 19:35:18.180  2064  2064 I sysui_histogram: [bootstat_mtime_matches_content,1]
02-20 19:35:18.180  2064  2064 I bootstat: Logging histogram: factory_reset_record_value 1519154248
02-20 19:35:18.180  2064  2064 I sysui_histogram: [factory_reset_record_value,1519154248]
02-20 19:35:18.180  1922  1922 D UiccCardApplication: Creating UiccApp: {APPTYPE_RUIM,APPSTATE_DETECTED}
02-20 19:35:18.181  1922  1922 D RuimRecords: [RuimRecords] setting0 mMncLength-1
02-20 19:35:18.181  1922  1922 D RuimRecords: [RuimRecords] RuimRecords X ctor this=RuimRecords: mDestroyed=false mContext=com.android.phone.PhoneGlobals@d280ba4 mCi=com.android.internal.telephony.RIL@850c9d6 mFh=Handler (com.android.internal.telephony.uicc.RuimFileHandler) {879c94b} mParentApp=com.android.internal.telephony.uicc.UiccCardApplication@231bf28 recordsLoadedRegistrants=android.os.RegistrantList@85cc441 mImsiReadyRegistrants=android.os.RegistrantList@e918de6 mRecordsEventsRegistrants=android.os.RegistrantList@319af27 mNewSmsRegistrants=android.os.RegistrantList@477a5d4 mNetworkSelectionModeAutomaticRegistrants=android.os.RegistrantList@170637d recordsToLoad=0 adnCache=Handler (com.android.internal.telephony.uicc.AdnRecordCache) {ad8a272} recordsRequested=false iccid=null msisdnTag=null voiceMailNum=null voiceMailTag=null voiceMailNum=null newVoiceMailTag=null isVoiceMailFixed=false mImsi=null mncLength=-1 mailboxIndex=0 spn=null m_ota_commitedfalse mMyMobileNumber=xxxx mMin2Min1=null mPrlVersion=null mEFpl=null mEFli=null mCsimSpnDisplayCondition=false mMdn=null mMin=null mHomeSystemId=null mHomeNetworkId=null
02-20 19:35:18.181  2065  2065 W art     : Unexpected CPU variant for X86 using defaults: x86_64
02-20 19:35:18.184  1677  1746 E ActivityThread: Failed to find provider info for com.android.calendar
02-20 19:35:18.188  1922  1922 D CAT     : CatService: registerForRecordsLoaded slotid=0 instance:Handler (com.android.internal.telephony.cat.CatService) {ab5c1f}
02-20 19:35:18.189  1922  1922 D CAT     : CatService: Running CAT service on Slotid: 0. STK app installed:false
02-20 19:35:18.189  1922  1922 D UiccCard: Before privilege rules: null : CARDSTATE_PRESENT
02-20 19:35:18.190  1922  1922 D RILJ    : [3672]> RIL_REQUEST_SIM_OPEN_CHANNEL [SUB0]
02-20 19:35:18.190  1922  1922 E UiccCard: App index 8 is invalid since there are no applications
02-20 19:35:18.191  1922  1922 D UiccCard: update: radioState=RADIO_ON mLastRadioState=RADIO_UNAVAILABLE
02-20 19:35:18.191  1922  1922 D UiccController: Notifying IccChangedRegistrants
02-20 19:35:18.191  1373  1483 D RIL     : onRequest: SIM_OPEN_CHANNEL
02-20 19:35:18.191  1373  1483 D AT      : AT> AT+CCHO=A00000015141434C00
02-20 19:35:18.191  1373  1485 D AT      : AT< 1
02-20 19:35:18.191  1373  1485 D AT      : AT< OK
02-20 19:35:18.191  1922  2010 D RILJ    : [3672]< RIL_REQUEST_SIM_OPEN_CHANNEL  [SUB0]
02-20 19:35:18.192  1922  1922 D GsmCdmaPhone: get phone radio capability fail, no need to change mRadioCapability
02-20 19:35:18.192  1922  1922 D GsmCdmaPhone: EVENT_GET_RADIO_CAPABILITY: phone rc: null
02-20 19:35:18.192  1922  1922 D Phone   : config LCE service failed: com.android.internal.telephony.CommandException: RADIO_NOT_AVAILABLE
02-20 19:35:18.192  1922  1922 D SST     : mDeviceShuttingDown=false, mDesiredPowerState=true, getRadioState=RADIO_ON, mPowerOffDelayNeed=true, mAlarmSwitch=false, mRadioDisabledByCarrier=false
02-20 19:35:18.192  1922  1922 D RILJ    : [3673]> OPERATOR [SUB0]
02-20 19:35:18.195  1373  1483 D RIL     : onRequest: OPERATOR
02-20 19:35:18.195  1373  1483 D AT      : AT> AT+COPS=3,0;+COPS?;+COPS=3,1;+COPS?;+COPS=3,2;+COPS?
02-20 19:35:18.195  1373  1485 D AT      : AT< +COPS: 0,0,"Android"
02-20 19:35:18.195  1373  1485 D AT      : AT< +COPS: 0,1,"Android"
02-20 19:35:18.195  1373  1485 D AT      : AT< +COPS: 0,2,"310260"
02-20 19:35:18.195  1373  1485 D AT      : AT< OK
02-20 19:35:18.195  1922  2010 D RILJ    : [3673]< OPERATOR {Android, Android, 310260} [SUB0]
02-20 19:35:18.195  1677  1689 I am_proc_bound: [0,2065,com.google.android.deskclock]
02-20 19:35:18.196  1922  1922 D RILJ    : [3674]> DATA_REGISTRATION_STATE [SUB0]
02-20 19:35:18.196  1373  1483 D RIL     : onRequest: DATA_REGISTRATION_STATE
02-20 19:35:18.196  1373  1483 D RIL     : requestRegistrationState
02-20 19:35:18.196  1373  1483 D AT      : AT> AT+CGREG?
02-20 19:35:18.196  1373  1485 D AT      : AT< +CGREG: 1,1,"0003","005b","000e"
02-20 19:35:18.196  1373  1485 D AT      : AT< OK
02-20 19:35:18.196  1373  1483 D RIL     : parseRegistrationState. Parsing: +CGREG: 1,1,"0003","005b","000e"
02-20 19:35:18.196  1373  1483 D RIL     : registration state type: 3GPP
02-20 19:35:18.196  1922  2010 D RILJ    : [3674]< DATA_REGISTRATION_STATE {1, 3, 5b, 14, null, null} [SUB0]
02-20 19:35:18.196  1922  1922 D RILJ    : [3675]> VOICE_REGISTRATION_STATE [SUB0]
02-20 19:35:18.198  1373  1483 D RIL     : onRequest: VOICE_REGISTRATION_STATE
02-20 19:35:18.198  1373  1483 D RIL     : requestRegistrationState
02-20 19:35:18.198  1373  1483 D AT      : AT> AT+CREG?
02-20 19:35:18.198  1373  1485 D AT      : AT< +CREG: 2,1, "0003", "005b"
02-20 19:35:18.198  1373  1485 D AT      : AT< OK
02-20 19:35:18.198  1373  1483 D RIL     : parseRegistrationState. Parsing: +CREG: 2,1, "0003", "005b"
02-20 19:35:18.198  1373  1483 D RIL     : registration state type: 3GPP
02-20 19:35:18.198  1922  2010 D RILJ    : [3675]< VOICE_REGISTRATION_STATE {1, 3, 5b, 0, null, null, null, null, null, null, null, null, null, null, null} [SUB0]
02-20 19:35:18.198  1922  1922 D RILJ    : [3676]> QUERY_NETWORK_SELECTION_MODE [SUB0]
02-20 19:35:18.200  1373  1483 D RIL     : onRequest: QUERY_NETWORK_SELECTION_MODE
02-20 19:35:18.200  1373  1483 D AT      : AT> AT+COPS?
02-20 19:35:18.200  1373  1485 D AT      : AT< +COPS: 0,2,310260
02-20 19:35:18.200  1373  1485 D AT      : AT< OK
02-20 19:35:18.200  1922  2010 D RILJ    : [3676]< QUERY_NETWORK_SELECTION_MODE {0} [SUB0]
02-20 19:35:18.201  2074  2074 I bootstat: Service started: /system/bin/bootstat -l 
02-20 19:35:18.201  2074  2074 I bootstat: Logging histogram: bootstat_mtime_matches_content 1
02-20 19:35:18.202  1922  1922 D RILJ    : [3677]> GET_CURRENT_CALLS [SUB0]
02-20 19:35:18.202  1373  1483 D RIL     : onRequest: GET_CURRENT_CALLS
02-20 19:35:18.202  1373  1483 D AT      : AT> AT+CLCC
02-20 19:35:18.202  1373  1485 D AT      : AT< OK
02-20 19:35:18.202  1922  1922 D RILJ    : [3678]> RIL_REQUEST_IMS_REGISTRATION_STATE [SUB0]
02-20 19:35:18.202  1922  2010 D RILJ    : [3677]< GET_CURRENT_CALLS {} [SUB0]
02-20 19:35:18.202  1373  1483 D RIL     : onRequest: IMS_REGISTRATION_STATE
02-20 19:35:18.202  1373  1483 D RIL     : IMS_REGISTRATION=0, format=1 
02-20 19:35:18.202  1922  1922 D RILJ    : [3679]> RIL_REQUEST_CDMA_GET_SUBSCRIPTION_SOURCE [SUB0]
02-20 19:35:18.202  1922  2010 D RILJ    : [3678]< RIL_REQUEST_IMS_REGISTRATION_STATE {0, 1} [SUB0]
02-20 19:35:18.203  1373  1483 D RIL     : onRequest: CDMA_GET_SUBSCRIPTION_SOURCE
02-20 19:35:18.203  1373  1483 D RIL     : Request not supported. Tech: 1
02-20 19:35:18.203  1922  1922 D GsmCdmaPhone: [GsmCdmaPhone] Event EVENT_RADIO_ON Received
02-20 19:35:18.203  1922  1922 D RILJ    : [3680]> RIL_REQUEST_VOICE_RADIO_TECH [SUB0]
02-20 19:35:18.203  1922  2010 D RilRequest: [3679]< RIL_REQUEST_CDMA_GET_SUBSCRIPTION_SOURCE error: com.android.internal.telephony.CommandException: REQUEST_NOT_SUPPORTED ret=
02-20 19:35:18.203  1373  1483 D RIL     : onRequest: VOICE_RADIO_TECH
02-20 19:35:18.203  1922  1922 D UiccController: Received EVENT_ICC_STATUS_CHANGED, calling getIccCardStatus
02-20 19:35:18.203  1922  1922 D RILJ    : [3681]> GET_SIM_STATUS [SUB0]
02-20 19:35:18.203  1922  2010 D RILJ    : [3680]< RIL_REQUEST_VOICE_RADIO_TECH {11} [SUB0]
02-20 19:35:18.203  1373  1483 D RIL     : onRequest: GET_SIM_STATUS
02-20 19:35:18.203  1373  1483 D RIL     : getSIMStatus(). sState: 10
02-20 19:35:18.203  1373  1483 D AT      : AT> AT+CPIN?
02-20 19:35:18.203  1373  1485 D AT      : AT< +CPIN: READY
02-20 19:35:18.203  1373  1485 D AT      : AT< OK
02-20 19:35:18.203  1922  1922 D SST     : EVENT_POLL_STATE_NETWORK_SELECTION_MODE
02-20 19:35:18.203  1922  1922 D SST     : EVENT_POLL_STATE_NETWORK_SELECTION_MODE
02-20 19:35:18.204  1922  2010 D RILJ    : [3681]< GET_SIM_STATUS IccCardState {CARDSTATE_PRESENT,PINSTATE_UNKNOWN,num_apps=2,gsm_id=0{APPTYPE_SIM,APPSTATE_READY},cdma_id=1{APPTYPE_RUIM,APPSTATE_READY},ims_id=8} [SUB0]
02-20 19:35:18.206  2074  2074 I sysui_histogram: [bootstat_mtime_matches_content,1]
02-20 19:35:18.206  2074  2074 I bootstat: Logging histogram: bootstat_mtime_matches_content 1
02-20 19:35:18.206  2074  2074 I sysui_histogram: [bootstat_mtime_matches_content,1]
02-20 19:35:18.206  2074  2074 I bootstat: Logging histogram: bootstat_mtime_matches_content 1
02-20 19:35:18.206  2074  2074 I sysui_histogram: [bootstat_mtime_matches_content,1]
02-20 19:35:18.206  2074  2074 I bootstat: Logging histogram: bootstat_mtime_matches_content 1
02-20 19:35:18.206  2074  2074 I sysui_histogram: [bootstat_mtime_matches_content,1]
02-20 19:35:18.209  1922  1922 D PhoneSwitcher: evaluating due to netRequest default 0->1 phone[0] 0->-2
02-20 19:35:18.209  1922  1922 D TelephonyNetworkFactory[0]: not acting - isApp=false, isAct=false NetworkRequest [ REQUEST id=1, [ Capabilities: INTERNET&NOT_RESTRICTED&TRUSTED&NOT_VPN] ]
02-20 19:35:18.209  1922  1922 D CAT     : CatService: handleMessage[8]
02-20 19:35:18.209  1922  1922 D CAT     : CatService: MSG_ID_ICC_CHANGED
02-20 19:35:18.209  1922  1922 D CAT     : CatService: New Card State = CARDSTATE_PRESENT Old Card State = CARDSTATE_ABSENT
02-20 19:35:18.209  1922  1922 D RILJ    : [3682]> RIL_REQUEST_REPORT_STK_SERVICE_IS_RUNNING [SUB0]
02-20 19:35:18.210  2074  2074 I bootstat: Logging histogram: bootstat_mtime_matches_content 1
02-20 19:35:18.210  2074  2074 I sysui_histogram: [bootstat_mtime_matches_content,1]
02-20 19:35:18.210  2074  2074 I bootstat: Logging histogram: bootstat_mtime_matches_content 1
02-20 19:35:18.210  2074  2074 I sysui_histogram: [bootstat_mtime_matches_content,1]
02-20 19:35:18.210  2074  2074 I bootstat: Logging histogram: bootstat_mtime_matches_content 1
02-20 19:35:18.210  2074  2074 I sysui_histogram: [bootstat_mtime_matches_content,1]
02-20 19:35:18.210  2074  2074 I bootstat: Logging histogram: bootstat_mtime_matches_content 1
02-20 19:35:18.210  2074  2074 I sysui_histogram: [bootstat_mtime_matches_content,1]
02-20 19:35:18.210  2074  2074 I bootstat: Logging histogram: bootstat_mtime_matches_content 1
02-20 19:35:18.210  2074  2074 I sysui_histogram: [bootstat_mtime_matches_content,1]
02-20 19:35:18.210  2074  2074 I bootstat: Logging histogram: bootstat_mtime_matches_content 1
02-20 19:35:18.210  2074  2074 I sysui_histogram: [bootstat_mtime_matches_content,1]
02-20 19:35:18.210  2074  2074 I bootstat: Logging histogram: bootstat_mtime_matches_content 1
